07-29 17:36:31.954  2463  7676 W AppSearchIcing: icing-search-engine.cc:321: Error: 5, Message: Failed to delete Document. namespace: VS#Pkg$VS#AndroidVDb/androidVOverlay, uri: com.google.android.gms$legacyIcingGlobalDb/Conversation;Failed to find DocumentId by key: VS#Pkg$VS#AndroidVDb/androidVOverlay, com.google.android.gms$legacyIcingGlobalDb/Conversation;Key not found VS#Pkg$VS#AndroidVDb/androidVOverlay in DynamicTrieKeyMapper /data/system_ce/0/appsearch/icing/document_dir/namespace_mapper/key_mapper_dir/key_mapper.
07-29 17:36:31.954  2463  7676 W AppSearchIcing: icing-search-engine.cc:321: Error: 5, Message: Failed to delete Document. namespace: VS#Pkg$VS#AndroidVDb/androidVOverlay, uri: com.google.android.gms$legacyIcingGlobalDb/EmailMessage;Failed to find DocumentId by key: VS#Pkg$VS#AndroidVDb/androidVOverlay, com.google.android.gms$legacyIcingGlobalDb/EmailMessage;Key not found VS#Pkg$VS#AndroidVDb/androidVOverlay in DynamicTrieKeyMapper /data/system_ce/0/appsearch/icing/document_dir/namespace_mapper/key_mapper_dir/key_mapper.
07-29 17:36:31.954  2463  7676 W AppSearchIcing: icing-search-engine.cc:321: Error: 5, Message: Failed to delete Document. namespace: VS#Pkg$VS#AndroidVDb/androidVOverlay, uri: com.google.android.gms$legacyIcingGlobalDb/ContactPoint;Failed to find DocumentId by key: VS#Pkg$VS#AndroidVDb/androidVOverlay, com.google.android.gms$legacyIcingGlobalDb/ContactPoint;Key not found VS#Pkg$VS#AndroidVDb/androidVOverlay in DynamicTrieKeyMapper /data/system_ce/0/appsearch/icing/document_dir/namespace_mapper/key_mapper_dir/key_mapper.
07-29 17:36:31.954  2463  7676 W AppSearchIcing: icing-search-engine.cc:321: Error: 5, Message: Failed to delete Document. namespace: VS#Pkg$VS#AndroidVDb/androidVOverlay, uri: com.google.android.gms$legacyIcingGlobalDb/ExtractedEntity;Failed to find DocumentId by key: VS#Pkg$VS#AndroidVDb/androidVOverlay, com.google.android.gms$legacyIcingGlobalDb/ExtractedEntity;Key not found VS#Pkg$VS#AndroidVDb/androidVOverlay in DynamicTrieKeyMapper /data/system_ce/0/appsearch/icing/document_dir/namespace_mapper/key_mapper_dir/key_mapper.
07-29 17:36:31.954  2463  7676 W AppSearchIcing: icing-search-engine.cc:321: Error: 5, Message: Failed to delete Document. namespace: VS#Pkg$VS#AndroidVDb/androidVOverlay, uri: com.google.android.gms$legacyIcingGlobalDb/Person;Failed to find DocumentId by key: VS#Pkg$VS#AndroidVDb/androidVOverlay, com.google.android.gms$legacyIcingGlobalDb/Person;Key not found VS#Pkg$VS#AndroidVDb/androidVOverlay in DynamicTrieKeyMapper /data/system_ce/0/appsearch/icing/document_dir/namespace_mapper/key_mapper_dir/key_mapper.
07-29 17:36:31.954  2912  3062 I misight : OnEvent EventPrivacyCompliance event=902002001
07-29 17:36:31.954  2912  3062 I misight : OnEvent EventStorageManager event=902002001,2
07-29 17:36:31.957 31881 31881 E tango_pretranslator: Pretranslating /data/app/~~1VIcyny-_KdCgQTpa_Yyjw==/com.google.android.gms-jAF2NIV99R6pD-bXjTU-qg==/split_MeasurementDynamite_installtime.apk ...
07-29 17:36:31.957  2463 20589 I Miui32BitTranslateHelper: 32BitPretranslate: skipping APK pre-translation for io.github.ylimit.droidbotapp
07-29 17:36:31.957  2912  3062 I misight : OnEvent EventInfoPack event 902002001
07-29 17:36:31.963  3002  3080 E libsensor-parseRGB: CWB NotifyCWBBufferDone  error 0
07-29 17:36:31.974 29792 29838 I Finsky:background: [1518] jyn.apply(28): SCH: Scheduling 2 system job(s)
07-29 17:36:31.974 29792 29838 I Finsky:background: [1518] jyn.apply(1002): SCH: Scheduling expedited system job 10453
07-29 17:36:31.977  1844  1844 I vendor.qti.hardware.servicetrackeraidl-service: bindService is called for service : com.android.vending/com.google.android.finsky.scheduler.process.backgroundimpl.PhoneskyJobServiceBackground and for client system
07-29 17:36:31.977  1844  1844 I vendor.qti.hardware.servicetrackeraidl-service: total connections for service : com.android.vending/com.google.android.finsky.scheduler.process.backgroundimpl.PhoneskyJobServiceBackgroundare :1
07-29 17:36:31.977  1844  1844 I vendor.qti.hardware.servicetrackeraidl-service: total connections for client : systemare :32
07-29 17:36:31.980 31596 31816 E ba.aliexpresshd: Invalid resource ID 0x00000000.
07-29 17:36:31.984  4497  4497 W MIUIInput: Back key is intercepted by the app
07-29 17:36:31.985  1747  1747 I sensors-hal: batch:141, android.sensor.accelerometer/11, period=66667000, max_latency=0
07-29 17:36:31.985  1747  1747 I sensors-hal: set_config:56, sample_period_ns is adjusted to 66667000 based on min/max delay_ns
07-29 17:36:31.985  1747  1747 I sensors-hal: batch:150, android.sensor.accelerometer/11, period=66667000, max_latency=0 request completed
07-29 17:36:31.986  2463  7676 W AppSearchIcing: icing-search-engine.cc:321: Error: 5, Message: Failed to delete Document. namespace: VS#Pkg$VS#AndroidVDb/androidVOverlay, uri: com.google.android.gms$__G3_TS__legacyIcingGlobalDb/__G3_TAG__Message;Failed to find DocumentId by key: VS#Pkg$VS#AndroidVDb/androidVOverlay, com.google.android.gms$__G3_TS__legacyIcingGlobalDb/__G3_TAG__Message;Key not found VS#Pkg$VS#AndroidVDb/androidVOverlay in DynamicTrieKeyMapper /data/system_ce/0/appsearch/icing/document_dir/namespace_mapper/key_mapper_dir/key_mapper.
07-29 17:36:31.986  2463  7676 W AppSearchIcing: icing-search-engine.cc:321: Error: 5, Message: Failed to delete Document. namespace: VS#Pkg$VS#AndroidVDb/androidVOverlay, uri: com.google.android.gms$__G3_TS__legacyIcingGlobalDb/__G3_TAG__ContactPoint;Failed to find DocumentId by key: VS#Pkg$VS#AndroidVDb/androidVOverlay, com.google.android.gms$__G3_TS__legacyIcingGlobalDb/__G3_TAG__ContactPoint;Key not found VS#Pkg$VS#AndroidVDb/androidVOverlay in DynamicTrieKeyMapper /data/system_ce/0/appsearch/icing/document_dir/namespace_mapper/key_mapper_dir/key_mapper.
07-29 17:36:31.986  2463  7676 W AppSearchIcing: icing-search-engine.cc:321: Error: 5, Message: Failed to delete Document. namespace: VS#Pkg$VS#AndroidVDb/androidVOverlay, uri: com.google.android.gms$__G3_TS__legacyIcingGlobalDb/__G3_TAG__DigitalDocument;Failed to find DocumentId by key: VS#Pkg$VS#AndroidVDb/androidVOverlay, com.google.android.gms$__G3_TS__legacyIcingGlobalDb/__G3_TAG__DigitalDocument;Key not found VS#Pkg$VS#AndroidVDb/androidVOverlay in DynamicTrieKeyMapper /data/system_ce/0/appsearch/icing/document_dir/namespace_mapper/key_mapper_dir/key_mapper.
07-29 17:36:31.986  2463  7676 W AppSearchIcing: icing-search-engine.cc:321: Error: 5, Message: Failed to delete Document. namespace: VS#Pkg$VS#AndroidVDb/androidVOverlay, uri: com.google.android.gms$__G3_TS__legacyIcingGlobalDb/__G3_TAG__PostalAddress;Failed to find DocumentId by key: VS#Pkg$VS#AndroidVDb/androidVOverlay, com.google.android.gms$__G3_TS__legacyIcingGlobalDb/__G3_TAG__PostalAddress;Key not found VS#Pkg$VS#AndroidVDb/androidVOverlay in DynamicTrieKeyMapper /data/system_ce/0/appsearch/icing/document_dir/namespace_mapper/key_mapper_dir/key_mapper.
07-29 17:36:31.986  2463  7676 W AppSearchIcing: icing-search-engine.cc:321: Error: 5, Message: Failed to delete Document. namespace: VS#Pkg$VS#AndroidVDb/androidVOverlay, uri: com.google.android.gms$__G3_TS__legacyIcingGlobalDb/__G3_TAG__NoteDigitalDocument;Failed to find DocumentId by key: VS#Pkg$VS#AndroidVDb/androidVOverlay, com.google.android.gms$__G3_TS__legacyIcingGlobalDb/__G3_TAG__NoteDigitalDocument;Key not found VS#Pkg$VS#AndroidVDb/androidVOverlay in DynamicTrieKeyMapper /data/system_ce/0/appsearch/icing/document_dir/namespace_mapper/key_mapper_dir/key_mapper.
07-29 17:36:31.986  2463  7676 W AppSearchIcing: icing-search-engine.cc:321: Error: 5, Message: Failed to delete Document. namespace: VS#Pkg$VS#AndroidVDb/androidVOverlay, uri: com.google.android.gms$__G3_TS__legacyIcingGlobalDb/__G3_TAG__LocalBusiness;Failed to find DocumentId by key: VS#Pkg$VS#AndroidVDb/androidVOverlay, com.google.android.gms$__G3_TS__legacyIcingGlobalDb/__G3_TAG__LocalBusiness;Key not found VS#Pkg$VS#AndroidVDb/androidVOverlay in DynamicTrieKeyMapper /data/system_ce/0/appsearch/icing/document_dir/namespace_mapper/key_mapper_dir/key_mapper.
07-29 17:36:31.986  2463  7676 W AppSearchIcing: icing-search-engine.cc:321: Error: 5, Message: Failed to delete Document. namespace: VS#Pkg$VS#AndroidVDb/androidVOverlay, uri: com.google.android.gms$__G3_TS__legacyIcingGlobalDb/G3AttributionInfo;Failed to find DocumentId by key: VS#Pkg$VS#AndroidVDb/androidVOverlay, com.google.android.gms$__G3_TS__legacyIcingGlobalDb/G3AttributionInfo;Key not found VS#Pkg$VS#AndroidVDb/androidVOverlay in DynamicTrieKeyMapper /data/system_ce/0/appsearch/icing/document_dir/namespace_mapper/key_mapper_dir/key_mapper.
07-29 17:36:31.986  2463  7676 W AppSearchIcing: icing-search-engine.cc:321: Error: 5, Message: Failed to delete Document. namespace: VS#Pkg$VS#AndroidVDb/androidVOverlay, uri: com.google.android.gms$__G3_TS__legacyIcingGlobalDb/__G3_TAG__ExtractedEntity;Failed to find DocumentId by key: VS#Pkg$VS#AndroidVDb/androidVOverlay, com.google.android.gms$__G3_TS__legacyIcingGlobalDb/__G3_TAG__ExtractedEntity;Key not found VS#Pkg$VS#AndroidVDb/androidVOverlay in DynamicTrieKeyMapper /data/system_ce/0/appsearch/icing/document_dir/namespace_mapper/key_mapper_dir/key_mapper.
07-29 17:36:31.987  2463  7676 W AppSearchIcing: icing-search-engine.cc:321: Error: 5, Message: Failed to delete Document. namespace: VS#Pkg$VS#AndroidVDb/androidVOverlay, uri: com.google.android.gms$__G3_TS__legacyIcingGlobalDb/__G3_TAG__Person;Failed to find DocumentId by key: VS#Pkg$VS#AndroidVDb/androidVOverlay, com.google.android.gms$__G3_TS__legacyIcingGlobalDb/__G3_TAG__Person;Key not found VS#Pkg$VS#AndroidVDb/androidVOverlay in DynamicTrieKeyMapper /data/system_ce/0/appsearch/icing/document_dir/namespace_mapper/key_mapper_dir/key_mapper.
07-29 17:36:31.987  2463  7676 W AppSearchIcing: icing-search-engine.cc:321: Error: 5, Message: Failed to delete Document. namespace: VS#Pkg$VS#AndroidVDb/androidVOverlay, uri: com.google.android.gms$__G3_TS__legacyIcingGlobalDb/__G3_TAG__Conversation;Failed to find DocumentId by key: VS#Pkg$VS#AndroidVDb/androidVOverlay, com.google.android.gms$__G3_TS__legacyIcingGlobalDb/__G3_TAG__Conversation;Key not found VS#Pkg$VS#AndroidVDb/androidVOverlay in DynamicTrieKeyMapper /data/system_ce/0/appsearch/icing/document_dir/namespace_mapper/key_mapper_dir/key_mapper.
07-29 17:36:31.987  2463  7676 W AppSearchIcing: icing-search-engine.cc:321: Error: 5, Message: Failed to delete Document. namespace: VS#Pkg$VS#AndroidVDb/androidVOverlay, uri: com.google.android.gms$__G3_TS__legacyIcingGlobalDb/__G3_TAG__EmailMessage;Failed to find DocumentId by key: VS#Pkg$VS#AndroidVDb/androidVOverlay, com.google.android.gms$__G3_TS__legacyIcingGlobalDb/__G3_TAG__EmailMessage;Key not found VS#Pkg$VS#AndroidVDb/androidVOverlay in DynamicTrieKeyMapper /data/system_ce/0/appsearch/icing/document_dir/namespace_mapper/key_mapper_dir/key_mapper.
07-29 17:36:31.988  2463  4404 I whetstone.activity: processNotifyEvent1 resId = 256, bundle = Bundle[{startTime=7630307, sourcePkg=com.android.vending, sourceUid=10124, status=1, jobId=10453, batteryName=com.android.vending/com.google.android.finsky.scheduler.process.backgroundimpl.PhoneskyJobServiceBackground, elapsedRealtime=7630307}]
07-29 17:36:31.988  9339  9408 I EventMonitor: notifyEvent resId=256
07-29 17:36:31.991  4497  5159 E Launcher: mFsGestureStatusRefreshRunnable:run usingFsGesture=true   show=true   focus=true   pause=false
07-29 17:36:31.991  2463  2539 I SensorAccount: App unregister sensor noWakeupSensor_10138_0x100000b
07-29 17:36:31.993 29792 29792 I Finsky:background: [2] acgh.onStartJob(128): SCH: job service start with id 10453.
07-29 17:36:31.993 29792 29838 I Finsky:background: [1518] aceh.d(88): SCH: Scheduling system job Id: 10454, L: 0, D: 86399796, C: false, I: false, N: 1
07-29 17:36:31.994 29792 29835 I Finsky:background: [1516] kzh.a(256): SCH: Satisfied jobs for 10453 are: 40-9998
07-29 17:36:31.995 29792 30340 I Finsky:background: [1530] zmh.accept(450): SCH: Job 40-9998 starting
07-29 17:36:31.995 29792 29792 I Finsky:background: [2] InvisibleRunJob.h(6): Running InvisibleRunJob
07-29 17:36:32.002  4497  4497 W RecentsImpl: updateFsgWindowVisibilityState origin isEnter=false, typeFrom=typefrom_home
07-29 17:36:32.004  4497  5159 W RecentsImpl: updateFsgWindowVisibilityStateInBgThread, isEnter=false, typeFrom=typefrom_home, isOpen=true, isKeyguardLocked=false, mIsInAnotherPro=false, isStatusBarExpansion=false
07-29 17:36:32.004  4497  5159 W RecentsImpl: getTopActivity from observer.   cn=ComponentInfo{com.miui.home/com.miui.home.launcher.Launcher}
07-29 17:36:32.011  1844  1844 I vendor.qti.hardware.servicetrackeraidl-service: bindService is called for service : com.android.vending/com.google.android.finsky.scheduler.process.backgroundimpl.PhoneskyJobServiceBackground and for client system
07-29 17:36:32.011  1844  1844 I vendor.qti.hardware.servicetrackeraidl-service: total connections for service : com.android.vending/com.google.android.finsky.scheduler.process.backgroundimpl.PhoneskyJobServiceBackgroundare :1
07-29 17:36:32.011  1844  1844 I vendor.qti.hardware.servicetrackeraidl-service: total connections for client : systemare :32
07-29 17:36:32.017  2463  2536 I ExtM    : zram userate is low, no need to flush: 12
07-29 17:36:32.019  2463  4404 I whetstone.activity: processNotifyEvent1 resId = 256, bundle = Bundle[{startTime=7630338, sourcePkg=com.android.vending, sourceUid=10124, status=1, jobId=10454, batteryName=com.android.vending/com.google.android.finsky.scheduler.process.backgroundimpl.PhoneskyJobServiceBackground, elapsedRealtime=7630338}]
07-29 17:36:32.020  9339  9408 I EventMonitor: notifyEvent resId=256
07-29 17:36:32.024 29792 29792 I Finsky:background: [2] acgh.onStartJob(128): SCH: job service start with id 10454.
07-29 17:36:32.029 29792 29835 I Finsky:background: [1516] kzh.a(256): SCH: Satisfied jobs for 10454 are: 40-9998
07-29 17:36:32.062  3117  3117 I adbd    : in ShellService: pm list packages -f
07-29 17:36:32.065 31681 31681 I dex2oat64: dex2oat took 612.503ms (872.705ms cpu) (threads: 8) arena alloc=0B (0B) java alloc=7340KB (7516560B) native alloc=5460KB (5591632B) free=1156KB (1183968B)
07-29 17:36:32.078 20584 21784 I artd    : dex2oat returned code 0
07-29 17:36:32.078  2463  4205 I MiuiNetworkPolicy: bandwidth: 53 KB/s, Max bandwidth: 8733 KB/s
07-29 17:36:32.082  2463  5526 I ArtService: Dexopt result: [packageName = com.google.android.gms] DexContainerFileDexoptResult{dexContainerFile=/data/user_de/0/com.google.android.gms/app_chimera/m/00000022/dl-PlayCloudSearch.optional_252834100000.apk, primaryAbi=true, abi=arm64-v8a, actualCompilerFilter=verify, status=PERFORMED, dex2oatWallTimeMillis=657, dex2oatCpuTimeMillis=900, sizeBytes=397084, sizeBeforeBytes=0, extendedStatusFlags=[]}
07-29 17:36:32.082 20584 21784 W artd    : Could not get dex checksums for location /data/app/~~bEV2hEqNkbaxapPYa5ziew==/com.google.android.gms-6Lm1Wd6ACXZXXZ499rgYeA==/base.apk, fd=-1
07-29 17:36:32.083  2463  5526 E ArtService: Failed to dexopt [packageName = com.google.android.gms, dexPath = /data/user/0/com.google.android.gms/app_dg_cache/70FE88ED521A68AD95380F0A02125C5AF050EB47/the.apk, isa = arm64, classLoaderContext = PCL[];PCL[/data/app/~~bEV2hEqNkbaxapPYa5ziew==/com.google.android.gms-6Lm1Wd6ACXZXXZ499rgYeA==/base.apk]{PCL[/system/framework/org.apache.http.legacy.jar]#PCL[/system/framework/com.android.media.remotedisplay.jar]#PCL[/system/framework/com.android.location.provider.jar]#PCL[/system_ext/framework/androidx.window.extensions.jar]#PCL[/system_ext/framework/androidx.window.sidecar.jar]}]
07-29 17:36:32.083  2463  5526 E ArtService: android.os.ServiceSpecificException: Failed to create OatFileAssistant: Failed to load class loader context files for '/data/user/0/com.google.android.gms/app_dg_cache/70FE88ED521A68AD95380F0A02125C5AF050EB47/the.apk' with context 'PCL[];PCL[/data/app/~~bEV2hEqNkbaxapPYa5ziew==/com.google.android.gms-6Lm1Wd6ACXZXXZ499rgYeA==/base.apk]{PCL[/system/framework/org.apache.http.legacy.jar]#PCL[/system/framework/com.android.media.remotedisplay.jar]#PCL[/system/framework/com.android.location.provider.jar]#PCL[/system_ext/framework/androidx.window.extensions.jar]#PCL[/system_ext/framework/androidx.window.sidecar.jar]}' (code 1)
07-29 17:36:32.083  2463  5526 E ArtService: 	at android.os.Parcel.createExceptionOrNull(Parcel.java:3270)
07-29 17:36:32.083  2463  5526 E ArtService: 	at android.os.Parcel.createException(Parcel.java:3240)
07-29 17:36:32.083  2463  5526 E ArtService: 	at android.os.Parcel.readException(Parcel.java:3223)
07-29 17:36:32.083  2463  5526 E ArtService: 	at android.os.Parcel.readException(Parcel.java:3165)
07-29 17:36:32.083  2463  5526 E ArtService: 	at com.android.server.art.IArtd$Stub$Proxy.getDexoptNeeded(IArtd.java:1104)
07-29 17:36:32.083  2463  5526 E ArtService: 	at com.android.server.art.Dexopter.getDexoptNeeded(Dexopter.java:613)
07-29 17:36:32.083  2463  5526 E ArtService: 	at com.android.server.art.Dexopter.dexopt(Dexopter.java:314)
07-29 17:36:32.083  2463  5526 E ArtService: 	at com.android.server.art.DexoptHelper.dexoptPackage(DexoptHelper.java:345)
07-29 17:36:32.083  2463  5526 E ArtService: 	at com.android.server.art.DexoptHelper.lambda$dexoptPackages$2(DexoptHelper.java:234)
07-29 17:36:32.083  2463  5526 E ArtService: 	at com.android.server.art.DexoptHelper.$r8$lambda$uhsaBhFpEmk14_7pnvdkLlS5xtw(DexoptHelper.java:0)
07-29 17:36:32.083  2463  5526 E ArtService: 	at com.android.server.art.DexoptHelper$$ExternalSyntheticLambda2.get(R8$$SyntheticClass:0)
07-29 17:36:32.083  2463  5526 E ArtService: 	at java.util.concurrent.CompletableFuture$AsyncSupply.run(CompletableFuture.java:1744)
07-29 17:36:32.083  2463  5526 E ArtService: 	at com.android.server.art.ArtManagerLocal$$ExternalSyntheticLambda0.execute(R8$$SyntheticClass:0)
07-29 17:36:32.083  2463  5526 E ArtService: 	at java.util.concurrent.CompletableFuture.asyncSupplyStage(CompletableFuture.java:1758)
07-29 17:36:32.083  2463  5526 E ArtService: 	at java.util.concurrent.CompletableFuture.supplyAsync(CompletableFuture.java:1981)
07-29 17:36:32.083  2463  5526 E ArtService: 	at com.android.server.art.DexoptHelper.dexoptPackages(DexoptHelper.java:225)
07-29 17:36:32.083  2463  5526 E ArtService: 	at com.android.server.art.DexoptHelper.dexopt(DexoptHelper.java:135)
07-29 17:36:32.083  2463  5526 E ArtService: 	at com.android.server.art.DexoptHelper.dexopt(DexoptHelper.java:115)
07-29 17:36:32.083  2463  5526 E ArtService: 	at com.android.server.art.ArtManagerLocal.dexoptPackage(ArtManagerLocal.java:419)
07-29 17:36:32.083  2463  5526 E ArtService: 	at com.android.server.art.ArtManagerLocal.dexoptPackage(ArtManagerLocal.java:404)
07-29 17:36:32.083  2463  5526 E ArtService: 	at com.android.server.art.DexUseManagerLocal.notifyDexContainersLoaded(DexUseManagerLocal.java:441)
07-29 17:36:32.083  2463  5526 E ArtService: 	at com.android.server.pm.PackageManagerService$IPackageManagerImpl.notifyDexLoad(PackageManagerService.java:5864)
07-29 17:36:32.083  2463  5526 E ArtService: 	at android.content.pm.IPackageManager$Stub.onTransact(IPackageManager.java:3420)
07-29 17:36:32.083  2463  5526 E ArtService: 	at com.android.server.pm.PackageManagerService$IPackageManagerImpl.onTransact(PackageManagerService.java:6780)
07-29 17:36:32.083  2463  5526 E ArtService: 	at android.os.Binder.execTransactInternal(Binder.java:1512)
07-29 17:36:32.083  2463  5526 E ArtService: 	at android.os.Binder.execTransact(Binder.java:1451)
07-29 17:36:32.084  2463  5526 I ArtService: Dexopt result: [packageName = com.google.android.gms] DexContainerFileDexoptResult{dexContainerFile=/data/user/0/com.google.android.gms/app_dg_cache/70FE88ED521A68AD95380F0A02125C5AF050EB47/the.apk, primaryAbi=true, abi=arm64-v8a, actualCompilerFilter=verify, status=FAILED, dex2oatWallTimeMillis=0, dex2oatCpuTimeMillis=0, sizeBytes=0, sizeBeforeBytes=0, extendedStatusFlags=[]}
07-29 17:36:32.085 20584 21784 W artd    : Could not get dex checksums for location /data/app/~~bEV2hEqNkbaxapPYa5ziew==/com.google.android.gms-6Lm1Wd6ACXZXXZ499rgYeA==/base.apk, fd=-1
07-29 17:36:32.085  2463  5526 E ArtService: Failed to dexopt [packageName = com.google.android.gms, dexPath = /data/user_de/0/com.google.android.gms/app_chimera/m/00000012/dl-VisionOcr.optional_252431100000.apk, isa = arm64, classLoaderContext = DLC[];PCL[/data/app/~~bEV2hEqNkbaxapPYa5ziew==/com.google.android.gms-6Lm1Wd6ACXZXXZ499rgYeA==/base.apk]{PCL[/system/framework/org.apache.http.legacy.jar]#PCL[/system/framework/com.android.media.remotedisplay.jar]#PCL[/system/framework/com.android.location.provider.jar]#PCL[/system_ext/framework/androidx.window.extensions.jar]#PCL[/system_ext/framework/androidx.window.sidecar.jar]}]
07-29 17:36:32.085  2463  5526 E ArtService: android.os.ServiceSpecificException: Failed to create OatFileAssistant: Failed to load class loader context files for '/data/user_de/0/com.google.android.gms/app_chimera/m/00000012/dl-VisionOcr.optional_252431100000.apk' with context 'DLC[];PCL[/data/app/~~bEV2hEqNkbaxapPYa5ziew==/com.google.android.gms-6Lm1Wd6ACXZXXZ499rgYeA==/base.apk]{PCL[/system/framework/org.apache.http.legacy.jar]#PCL[/system/framework/com.android.media.remotedisplay.jar]#PCL[/system/framework/com.android.location.provider.jar]#PCL[/system_ext/framework/androidx.window.extensions.jar]#PCL[/system_ext/framework/androidx.window.sidecar.jar]}' (code 1)
07-29 17:36:32.085  2463  5526 E ArtService: 	at android.os.Parcel.createExceptionOrNull(Parcel.java:3270)
07-29 17:36:32.085  2463  5526 E ArtService: 	at android.os.Parcel.createException(Parcel.java:3240)
07-29 17:36:32.085  2463  5526 E ArtService: 	at android.os.Parcel.readException(Parcel.java:3223)
07-29 17:36:32.085  2463  5526 E ArtService: 	at android.os.Parcel.readException(Parcel.java:3165)
07-29 17:36:32.085  2463  5526 E ArtService: 	at com.android.server.art.IArtd$Stub$Proxy.getDexoptNeeded(IArtd.java:1104)
07-29 17:36:32.085  2463  5526 E ArtService: 	at com.android.server.art.Dexopter.getDexoptNeeded(Dexopter.java:613)
07-29 17:36:32.085  2463  5526 E ArtService: 	at com.android.server.art.Dexopter.dexopt(Dexopter.java:314)
07-29 17:36:32.085  2463  5526 E ArtService: 	at com.android.server.art.DexoptHelper.dexoptPackage(DexoptHelper.java:345)
07-29 17:36:32.085  2463  5526 E ArtService: 	at com.android.server.art.DexoptHelper.lambda$dexoptPackages$2(DexoptHelper.java:234)
07-29 17:36:32.085  2463  5526 E ArtService: 	at com.android.server.art.DexoptHelper.$r8$lambda$uhsaBhFpEmk14_7pnvdkLlS5xtw(DexoptHelper.java:0)
07-29 17:36:32.085  2463  5526 E ArtService: 	at com.android.server.art.DexoptHelper$$ExternalSyntheticLambda2.get(R8$$SyntheticClass:0)
07-29 17:36:32.085  2463  5526 E ArtService: 	at java.util.concurrent.CompletableFuture$AsyncSupply.run(CompletableFuture.java:1744)
07-29 17:36:32.085  2463  5526 E ArtService: 	at com.android.server.art.ArtManagerLocal$$ExternalSyntheticLambda0.execute(R8$$SyntheticClass:0)
07-29 17:36:32.085  2463  5526 E ArtService: 	at java.util.concurrent.CompletableFuture.asyncSupplyStage(CompletableFuture.java:1758)
07-29 17:36:32.085  2463  5526 E ArtService: 	at java.util.concurrent.CompletableFuture.supplyAsync(CompletableFuture.java:1981)
07-29 17:36:32.085  2463  5526 E ArtService: 	at com.android.server.art.DexoptHelper.dexoptPackages(DexoptHelper.java:225)
07-29 17:36:32.085  2463  5526 E ArtService: 	at com.android.server.art.DexoptHelper.dexopt(DexoptHelper.java:135)
07-29 17:36:32.085  2463  5526 E ArtService: 	at com.android.server.art.DexoptHelper.dexopt(DexoptHelper.java:115)
07-29 17:36:32.085  2463  5526 E ArtService: 	at com.android.server.art.ArtManagerLocal.dexoptPackage(ArtManagerLocal.java:419)
07-29 17:36:32.085  2463  5526 E ArtService: 	at com.android.server.art.ArtManagerLocal.dexoptPackage(ArtManagerLocal.java:404)
07-29 17:36:32.085  2463  5526 E ArtService: 	at com.android.server.art.DexUseManagerLocal.notifyDexContainersLoaded(DexUseManagerLocal.java:441)
07-29 17:36:32.085  2463  5526 E ArtService: 	at com.android.server.pm.PackageManagerService$IPackageManagerImpl.notifyDexLoad(PackageManagerService.java:5864)
07-29 17:36:32.085  2463  5526 E ArtService: 	at android.content.pm.IPackageManager$Stub.onTransact(IPackageManager.java:3420)
07-29 17:36:32.085  2463  5526 E ArtService: 	at com.android.server.pm.PackageManagerService$IPackageManagerImpl.onTransact(PackageManagerService.java:6780)
07-29 17:36:32.085  2463  5526 E ArtService: 	at android.os.Binder.execTransactInternal(Binder.java:1512)
07-29 17:36:32.085  2463  5526 E ArtService: 	at android.os.Binder.execTransact(Binder.java:1451)
07-29 17:36:32.086  2463  5526 I ArtService: Dexopt result: [packageName = com.google.android.gms] DexContainerFileDexoptResult{dexContainerFile=/data/user_de/0/com.google.android.gms/app_chimera/m/00000012/dl-VisionOcr.optional_252431100000.apk, primaryAbi=true, abi=arm64-v8a, actualCompilerFilter=verify, status=FAILED, dex2oatWallTimeMillis=0, dex2oatCpuTimeMillis=0, sizeBytes=0, sizeBeforeBytes=0, extendedStatusFlags=[]}
07-29 17:36:32.086 20584 21784 W artd    : Could not get dex checksums for location /data/app/~~bEV2hEqNkbaxapPYa5ziew==/com.google.android.gms-6Lm1Wd6ACXZXXZ499rgYeA==/base.apk, fd=-1
07-29 17:36:32.086  2463  5526 E ArtService: Failed to dexopt [packageName = com.google.android.gms, dexPath = /data/user_de/0/com.google.android.gms/app_chimera/m/00000010/dl-Wasmlibs.optional_252431100400.apk, isa = arm64, classLoaderContext = DLC[];PCL[/data/app/~~bEV2hEqNkbaxapPYa5ziew==/com.google.android.gms-6Lm1Wd6ACXZXXZ499rgYeA==/base.apk]{PCL[/system/framework/org.apache.http.legacy.jar]#PCL[/system/framework/com.android.media.remotedisplay.jar]#PCL[/system/framework/com.android.location.provider.jar]#PCL[/system_ext/framework/androidx.window.extensions.jar]#PCL[/system_ext/framework/androidx.window.sidecar.jar]}]
07-29 17:36:32.086  2463  5526 E ArtService: android.os.ServiceSpecificException: Failed to create OatFileAssistant: Failed to load class loader context files for '/data/user_de/0/com.google.android.gms/app_chimera/m/00000010/dl-Wasmlibs.optional_252431100400.apk' with context 'DLC[];PCL[/data/app/~~bEV2hEqNkbaxapPYa5ziew==/com.google.android.gms-6Lm1Wd6ACXZXXZ499rgYeA==/base.apk]{PCL[/system/framework/org.apache.http.legacy.jar]#PCL[/system/framework/com.android.media.remotedisplay.jar]#PCL[/system/framework/com.android.location.provider.jar]#PCL[/system_ext/framework/androidx.window.extensions.jar]#PCL[/system_ext/framework/androidx.window.sidecar.jar]}' (code 1)
07-29 17:36:32.086  2463  5526 E ArtService: 	at android.os.Parcel.createExceptionOrNull(Parcel.java:3270)
07-29 17:36:32.086  2463  5526 E ArtService: 	at android.os.Parcel.createException(Parcel.java:3240)
07-29 17:36:32.086  2463  5526 E ArtService: 	at android.os.Parcel.readException(Parcel.java:3223)
07-29 17:36:32.086  2463  5526 E ArtService: 	at android.os.Parcel.readException(Parcel.java:3165)
07-29 17:36:32.086  2463  5526 E ArtService: 	at com.android.server.art.IArtd$Stub$Proxy.getDexoptNeeded(IArtd.java:1104)
07-29 17:36:32.086  2463  5526 E ArtService: 	at com.android.server.art.Dexopter.getDexoptNeeded(Dexopter.java:613)
07-29 17:36:32.086  2463  5526 E ArtService: 	at com.android.server.art.Dexopter.dexopt(Dexopter.java:314)
07-29 17:36:32.086  2463  5526 E ArtService: 	at com.android.server.art.DexoptHelper.dexoptPackage(DexoptHelper.java:345)
07-29 17:36:32.086  2463  5526 E ArtService: 	at com.android.server.art.DexoptHelper.lambda$dexoptPackages$2(DexoptHelper.java:234)
07-29 17:36:32.086  2463  5526 E ArtService: 	at com.android.server.art.DexoptHelper.$r8$lambda$uhsaBhFpEmk14_7pnvdkLlS5xtw(DexoptHelper.java:0)
07-29 17:36:32.086  2463  5526 E ArtService: 	at com.android.server.art.DexoptHelper$$ExternalSyntheticLambda2.get(R8$$SyntheticClass:0)
07-29 17:36:32.086  2463  5526 E ArtService: 	at java.util.concurrent.CompletableFuture$AsyncSupply.run(CompletableFuture.java:1744)
07-29 17:36:32.086  2463  5526 E ArtService: 	at com.android.server.art.ArtManagerLocal$$ExternalSyntheticLambda0.execute(R8$$SyntheticClass:0)
07-29 17:36:32.086  2463  5526 E ArtService: 	at java.util.concurrent.CompletableFuture.asyncSupplyStage(CompletableFuture.java:1758)
07-29 17:36:32.086  2463  5526 E ArtService: 	at java.util.concurrent.CompletableFuture.supplyAsync(CompletableFuture.java:1981)
07-29 17:36:32.086  2463  5526 E ArtService: 	at com.android.server.art.DexoptHelper.dexoptPackages(DexoptHelper.java:225)
07-29 17:36:32.086  2463  5526 E ArtService: 	at com.android.server.art.DexoptHelper.dexopt(DexoptHelper.java:135)
07-29 17:36:32.086  2463  5526 E ArtService: 	at com.android.server.art.DexoptHelper.dexopt(DexoptHelper.java:115)
07-29 17:36:32.086  2463  5526 E ArtService: 	at com.android.server.art.ArtManagerLocal.dexoptPackage(ArtManagerLocal.java:419)
07-29 17:36:32.086  2463  5526 E ArtService: 	at com.android.server.art.ArtManagerLocal.dexoptPackage(ArtManagerLocal.java:404)
07-29 17:36:32.086  2463  5526 E ArtService: 	at com.android.server.art.DexUseManagerLocal.notifyDexContainersLoaded(DexUseManagerLocal.java:441)
07-29 17:36:32.086  2463  5526 E ArtService: 	at com.android.server.pm.PackageManagerService$IPackageManagerImpl.notifyDexLoad(PackageManagerService.java:5864)
07-29 17:36:32.086  2463  5526 E ArtService: 	at android.content.pm.IPackageManager$Stub.onTransact(IPackageManager.java:3420)
07-29 17:36:32.086  2463  5526 E ArtService: 	at com.android.server.pm.PackageManagerService$IPackageManagerImpl.onTransact(PackageManagerService.java:6780)
07-29 17:36:32.086  2463  5526 E ArtService: 	at android.os.Binder.execTransactInternal(Binder.java:1512)
07-29 17:36:32.086  2463  5526 E ArtService: 	at android.os.Binder.execTransact(Binder.java:1451)
07-29 17:36:32.087  2463  5526 I ArtService: Dexopt result: [packageName = com.google.android.gms] DexContainerFileDexoptResult{dexContainerFile=/data/user_de/0/com.google.android.gms/app_chimera/m/00000010/dl-Wasmlibs.optional_252431100400.apk, primaryAbi=true, abi=arm64-v8a, actualCompilerFilter=verify, status=FAILED, dex2oatWallTimeMillis=0, dex2oatCpuTimeMillis=0, sizeBytes=0, sizeBeforeBytes=0, extendedStatusFlags=[]}
07-29 17:36:32.090 20584 21784 I artd    : Dex parent of /data/user_de/0/com.google.android.gms/app_chimera/m/0000001f/dl-Antifingerprinting.optional_252834100000.apk is not writable: Permission denied
07-29 17:36:32.090 20584 21784 I artd    : GetBestInfo checking odex in dalvik-cache (/data/dalvik-cache/arm64/data@user_de@0@com.google.android.gms@app_chimera@m@0000001f@dl-Antifingerprinting.optional_252834100000.apk@classes.dex)
07-29 17:36:32.090 20584 21784 I artd    : Loading /data/dalvik-cache/arm64/data@user_de@0@com.google.android.gms@app_chimera@m@0000001f@dl-Antifingerprinting.optional_252834100000.apk@classes.dex with executable: 0
07-29 17:36:32.090 20584 21784 I artd    : OatFileAssistant test for existing oat file /data/dalvik-cache/arm64/data@user_de@0@com.google.android.gms@app_chimera@m@0000001f@dl-Antifingerprinting.optional_252834100000.apk@classes.dex: File /data/dalvik-cache/arm64/data@user_de@0@com.google.android.gms@app_chimera@m@0000001f@dl-Antifingerprinting.optional_252834100000.apk@classes.vdex does not exist.
07-29 17:36:32.090 20584 21784 I artd    : GetBestInfo checking odex next to the dex file (/data/user_de/0/com.google.android.gms/app_chimera/m/0000001f/oat/arm64/dl-Antifingerprinting.optional_252834100000.odex)
07-29 17:36:32.090 20584 21784 I artd    : Loading /data/user_de/0/com.google.android.gms/app_chimera/m/0000001f/oat/arm64/dl-Antifingerprinting.optional_252834100000.odex with executable: 0
07-29 17:36:32.091 20584 21784 I artd    : Successfully loaded /data/user_de/0/com.google.android.gms/app_chimera/m/0000001f/oat/arm64/dl-Antifingerprinting.optional_252834100000.odex with executable: 0
07-29 17:36:32.091 20584 21784 I artd    : /data/user_de/0/com.google.android.gms/app_chimera/m/0000001f/oat/arm64/dl-Antifingerprinting.optional_252834100000.odex is kOatUpToDate with filter verify
07-29 17:36:32.091 20584 21784 I artd    : Should not recompile
07-29 17:36:32.091  2463  5526 I ArtService: Dexopt result: [packageName = com.google.android.gms] DexContainerFileDexoptResult{dexContainerFile=/data/user_de/0/com.google.android.gms/app_chimera/m/0000001f/dl-Antifingerprinting.optional_252834100000.apk, primaryAbi=true, abi=arm64-v8a, actualCompilerFilter=verify, status=SKIPPED, dex2oatWallTimeMillis=0, dex2oatCpuTimeMillis=0, sizeBytes=0, sizeBeforeBytes=0, extendedStatusFlags=[]}
07-29 17:36:32.092 20584 21784 W artd    : Could not get dex checksums for location /data/app/~~bEV2hEqNkbaxapPYa5ziew==/com.google.android.gms-6Lm1Wd6ACXZXXZ499rgYeA==/base.apk, fd=-1
07-29 17:36:32.092 31596 31882 W libc    : Access denied finding property "ro.vendor.df.effect.conflict"
07-29 17:36:32.093  2463  5526 E ArtService: Failed to dexopt [packageName = com.google.android.gms, dexPath = /data/user_de/0/com.google.android.gms/app_chimera/m/0000000e/dl-Appsearch.optional_252431100400.apk, isa = arm64, classLoaderContext = DLC[];PCL[/data/app/~~bEV2hEqNkbaxapPYa5ziew==/com.google.android.gms-6Lm1Wd6ACXZXXZ499rgYeA==/base.apk]{PCL[/system/framework/org.apache.http.legacy.jar]#PCL[/system/framework/com.android.media.remotedisplay.jar]#PCL[/system/framework/com.android.location.provider.jar]#PCL[/system_ext/framework/androidx.window.extensions.jar]#PCL[/system_ext/framework/androidx.window.sidecar.jar]}]
07-29 17:36:32.093  2463  5526 E ArtService: android.os.ServiceSpecificException: Failed to create OatFileAssistant: Failed to load class loader context files for '/data/user_de/0/com.google.android.gms/app_chimera/m/0000000e/dl-Appsearch.optional_252431100400.apk' with context 'DLC[];PCL[/data/app/~~bEV2hEqNkbaxapPYa5ziew==/com.google.android.gms-6Lm1Wd6ACXZXXZ499rgYeA==/base.apk]{PCL[/system/framework/org.apache.http.legacy.jar]#PCL[/system/framework/com.android.media.remotedisplay.jar]#PCL[/system/framework/com.android.location.provider.jar]#PCL[/system_ext/framework/androidx.window.extensions.jar]#PCL[/system_ext/framework/androidx.window.sidecar.jar]}' (code 1)
07-29 17:36:32.093  2463  5526 E ArtService: 	at android.os.Parcel.createExceptionOrNull(Parcel.java:3270)
07-29 17:36:32.093  2463  5526 E ArtService: 	at android.os.Parcel.createException(Parcel.java:3240)
07-29 17:36:32.093  2463  5526 E ArtService: 	at android.os.Parcel.readException(Parcel.java:3223)
07-29 17:36:32.093  2463  5526 E ArtService: 	at android.os.Parcel.readException(Parcel.java:3165)
07-29 17:36:32.093  2463  5526 E ArtService: 	at com.android.server.art.IArtd$Stub$Proxy.getDexoptNeeded(IArtd.java:1104)
07-29 17:36:32.093  2463  5526 E ArtService: 	at com.android.server.art.Dexopter.getDexoptNeeded(Dexopter.java:613)
07-29 17:36:32.093  2463  5526 E ArtService: 	at com.android.server.art.Dexopter.dexopt(Dexopter.java:314)
07-29 17:36:32.093  2463  5526 E ArtService: 	at com.android.server.art.DexoptHelper.dexoptPackage(DexoptHelper.java:345)
07-29 17:36:32.093  2463  5526 E ArtService: 	at com.android.server.art.DexoptHelper.lambda$dexoptPackages$2(DexoptHelper.java:234)
07-29 17:36:32.093  2463  5526 E ArtService: 	at com.android.server.art.DexoptHelper.$r8$lambda$uhsaBhFpEmk14_7pnvdkLlS5xtw(DexoptHelper.java:0)
07-29 17:36:32.093  2463  5526 E ArtService: 	at com.android.server.art.DexoptHelper$$ExternalSyntheticLambda2.get(R8$$SyntheticClass:0)
07-29 17:36:32.093  2463  5526 E ArtService: 	at java.util.concurrent.CompletableFuture$AsyncSupply.run(CompletableFuture.java:1744)
07-29 17:36:32.093  2463  5526 E ArtService: 	at com.android.server.art.ArtManagerLocal$$ExternalSyntheticLambda0.execute(R8$$SyntheticClass:0)
07-29 17:36:32.093  2463  5526 E ArtService: 	at java.util.concurrent.CompletableFuture.asyncSupplyStage(CompletableFuture.java:1758)
07-29 17:36:32.093  2463  5526 E ArtService: 	at java.util.concurrent.CompletableFuture.supplyAsync(CompletableFuture.java:1981)
07-29 17:36:32.093  2463  5526 E ArtService: 	at com.android.server.art.DexoptHelper.dexoptPackages(DexoptHelper.java:225)
07-29 17:36:32.093  2463  5526 E ArtService: 	at com.android.server.art.DexoptHelper.dexopt(DexoptHelper.java:135)
07-29 17:36:32.093  2463  5526 E ArtService: 	at com.android.server.art.DexoptHelper.dexopt(DexoptHelper.java:115)
07-29 17:36:32.093  2463  5526 E ArtService: 	at com.android.server.art.ArtManagerLocal.dexoptPackage(ArtManagerLocal.java:419)
07-29 17:36:32.093  2463  5526 E ArtService: 	at com.android.server.art.ArtManagerLocal.dexoptPackage(ArtManagerLocal.java:404)
07-29 17:36:32.093  2463  5526 E ArtService: 	at com.android.server.art.DexUseManagerLocal.notifyDexContainersLoaded(DexUseManagerLocal.java:441)
07-29 17:36:32.093  2463  5526 E ArtService: 	at com.android.server.pm.PackageManagerService$IPackageManagerImpl.notifyDexLoad(PackageManagerService.java:5864)
07-29 17:36:32.093  2463  5526 E ArtService: 	at android.content.pm.IPackageManager$Stub.onTransact(IPackageManager.java:3420)
07-29 17:36:32.093  2463  5526 E ArtService: 	at com.android.server.pm.PackageManagerService$IPackageManagerImpl.onTransact(PackageManagerService.java:6780)
07-29 17:36:32.093  2463  5526 E ArtService: 	at android.os.Binder.execTransactInternal(Binder.java:1512)
07-29 17:36:32.093  2463  5526 E ArtService: 	at android.os.Binder.execTransact(Binder.java:1451)
07-29 17:36:32.093  2463  5526 I ArtService: Dexopt result: [packageName = com.google.android.gms] DexContainerFileDexoptResult{dexContainerFile=/data/user_de/0/com.google.android.gms/app_chimera/m/0000000e/dl-Appsearch.optional_252431100400.apk, primaryAbi=true, abi=arm64-v8a, actualCompilerFilter=verify, status=FAILED, dex2oatWallTimeMillis=0, dex2oatCpuTimeMillis=0, sizeBytes=0, sizeBeforeBytes=0, extendedStatusFlags=[]}
07-29 17:36:32.093  2463  5526 W system_server: PerfMonitor async binderTransact :  time=687ms interface=android.content.pm.IPackageManager code=110
07-29 17:36:32.093  2463  5526 I AppsFilter: interaction: PackageSetting{b3e5bb8 io.github.ylimit.droidbotapp/10344} -> PackageSetting{4bd8b06 com.miui.screenrecorder/10273} BLOCKED
07-29 17:36:32.093  2463  5526 I AppsFilter: interaction: PackageSetting{b3e5bb8 io.github.ylimit.droidbotapp/10344} -> PackageSetting{1b435c7 com.android.cts.priv.ctsshim/10252} BLOCKED
07-29 17:36:32.093  2463  5526 I AppsFilter: interaction: PackageSetting{b3e5bb8 io.github.ylimit.droidbotapp/10344} -> PackageSetting{107b7f4 com.quark.browser/10328} BLOCKED
07-29 17:36:32.093  2463  5526 I AppsFilter: interaction: PackageSetting{b3e5bb8 io.github.ylimit.droidbotapp/10344} -> PackageSetting{50ddb1d com.android.uwb.resources/10242} BLOCKED
07-29 17:36:32.093  2463  5526 I AppsFilter: interaction: PackageSetting{b3e5bb8 io.github.ylimit.droidbotapp/10344} -> PackageSetting{9adfe9 com.android.internal.display.cutout.emulation.corner/10008} BLOCKED
07-29 17:36:32.093  2463  5526 I AppsFilter: interaction: PackageSetting{b3e5bb8 io.github.ylimit.droidbotapp/10344} -> PackageSetting{960846e com.android.internal.display.cutout.emulation.double/10013} BLOCKED
07-29 17:36:32.093  2463  5526 I AppsFilter: interaction: PackageSetting{b3e5bb8 io.github.ylimit.droidbotapp/10344} -> PackageSetting{7b12726 io.appium.settings/10274} BLOCKED
07-29 17:36:32.093  2463  5526 I AppsFilter: interaction: PackageSetting{b3e5bb8 io.github.ylimit.droidbotapp/10344} -> PackageSetting{5175192 com.unionpay.tsmservice.mi/10185} BLOCKED
07-29 17:36:32.093  2463  5526 I AppsFilter: interaction: PackageSetting{b3e5bb8 io.github.ylimit.droidbotapp/10344} -> PackageSetting{eb46763 com.android.healthconnect.controller/10245} BLOCKED
07-29 17:36:32.093  2463  5526 I AppsFilter: interaction: PackageSetting{b3e5bb8 io.github.ylimit.droidbotapp/10344} -> PackageSetting{3e25f60 com.wuba.zhuanzhuan/10260} BLOCKED
07-29 17:36:32.093  2463  5526 I AppsFilter: interaction: PackageSetting{b3e5bb8 io.github.ylimit.droidbotapp/10344} -> PackageSetting{4b20c19 com.alibaba.aliexpresshd/10303} BLOCKED
07-29 17:36:32.093  2463  5526 I AppsFilter: interaction: PackageSetting{b3e5bb8 io.github.ylimit.droidbotapp/10344} -> PackageSetting{3d4f4de com.google.android.onetimeinitializer/10123} BLOCKED
07-29 17:36:32.093  2463  5526 I AppsFilter: interaction: PackageSetting{b3e5bb8 io.github.ylimit.droidbotapp/10344} -> PackageSetting{5fc16bf com.android.health.connect.backuprestore/10246} BLOCKED
07-29 17:36:32.093  2463  5526 I AppsFilter: interaction: PackageSetting{b3e5bb8 io.github.ylimit.droidbotapp/10344} -> PackageSetting{1fe118c com.google.android.ext.shared/10150} BLOCKED
07-29 17:36:32.093  2463  5526 I AppsFilter: interaction: PackageSetting{b3e5bb8 io.github.ylimit.droidbotapp/10344} -> PackageSetting{ce50d5 com.android.virtualmachine.res/10237} BLOCKED
07-29 17:36:32.093  2463  5526 I AppsFilter: interaction: PackageSetting{b3e5bb8 io.github.ylimit.droidbotapp/10344} -> PackageSetting{66fd907 com.android.providers.telephony.auto_generated_characteristics_rro/10072} BLOCKED
07-29 17:36:32.093  2463  5526 I AppsFilter: interaction: PackageSetting{b3e5bb8 io.github.ylimit.droidbotapp/10344} -> PackageSetting{e3780ea com.xiaomi.gamecenter.sdk.service/10140} BLOCKED
07-29 17:36:32.093  2463  5526 I AppsFilter: interaction: PackageSetting{b3e5bb8 io.github.ylimit.droidbotapp/10344} -> PackageSetting{5e55fdb com.android.htmlviewer/10092} BLOCKED
07-29 17:36:32.093  2463  5526 I AppsFilter: interaction: PackageSetting{b3e5bb8 io.github.ylimit.droidbotapp/10344} -> PackageSetting{440ba78 com.miui.gallery/10271} BLOCKED
07-29 17:36:32.093  2463  5526 I AppsFilter: interaction: PackageSetting{b3e5bb8 io.github.ylimit.droidbotapp/10344} -> PackageSetting{9302551 com.quicinc.voice.activation/10214} BLOCKED
07-29 17:36:32.093  2463  5526 I AppsFilter: interaction: PackageSetting{b3e5bb8 io.github.ylimit.droidbotapp/10344} -> PackageSetting{284c1b6 com.google.android.configupdater/10122} BLOCKED
07-29 17:36:32.093  2463  5526 I AppsFilter: interaction: PackageSetting{b3e5bb8 io.github.ylimit.droidbotapp/10344} -> PackageSetting{e501eb7 com.android.soundrecorder/10276} BLOCKED
07-29 17:36:32.093  2463  5526 I AppsFilter: interaction: PackageSetting{b3e5bb8 io.github.ylimit.droidbotapp/10344} -> PackageSetting{a030624 com.suxing.sustream/10338} BLOCKED
07-29 17:36:32.093  2463  5526 I AppsFilter: interaction: PackageSetting{b3e5bb8 io.github.ylimit.droidbotapp/10344} -> PackageSetting{300c58d io.appium.uiautomator2.server/10283} BLOCKED
07-29 17:36:32.093  2463  5526 I AppsFilter: interaction: PackageSetting{b3e5bb8 io.github.ylimit.droidbotapp/10344} -> PackageSetting{b934342 com.android.safetycenter.resources/10240} BLOCKED
07-29 17:36:32.093  2463  5526 I AppsFilter: interaction: PackageSetting{b3e5bb8 io.github.ylimit.droidbotapp/10344} -> PackageSetting{33def53 org.secuso.privacyfriendlytodolist/10270} BLOCKED
07-29 17:36:32.093  2463  5526 I AppsFilter: interaction: PackageSetting{b3e5bb8 io.github.ylimit.droidbotapp/10344} -> PackageSetting{d7c6090 com.android.providers.downloads.ui/10261} BLOCKED
07-29 17:36:32.093  2463  5526 I AppsFilter: interaction: PackageSetting{b3e5bb8 io.github.ylimit.droidbotapp/10344} -> PackageSetting{2c12d89 com.android.simappdialog/10113} BLOCKED
07-29 17:36:32.093  2463  5526 I AppsFilter: interaction: PackageSetting{b3e5bb8 io.github.ylimit.droidbotapp/10344} -> PackageSetting{916518e com.xingin.xhs/10286} BLOCKED
07-29 17:36:32.093  2463  5526 I AppsFilter: interaction: PackageSetting{b3e5bb8 io.github.ylimit.droidbotapp/10344} -> PackageSetting{d2e2daf com.android.connectivity.resources/10244} BLOCKED
07-29 17:36:32.093  2463  5526 I AppsFilter: interaction: PackageSetting{b3e5bb8 io.github.ylimit.droidbotapp/10344} -> PackageSetting{2eef5bc com.cnn.mobile.android.phone/10316} BLOCKED
07-29 17:36:32.093  2463  5526 I AppsFilter: interaction: PackageSetting{b3e5bb8 io.github.ylimit.droidbotapp/10344} -> PackageSetting{3db11f7 com.android.internal.display.cutout.emulation.hole/10010} BLOCKED
07-29 17:36:32.094  2463  5526 I AppsFilter: interaction: PackageSetting{b3e5bb8 io.github.ylimit.droidbotapp/10344} -> PackageSetting{fca1864 com.android.internal.display.cutout.emulation.tall/10011} BLOCKED
07-29 17:36:32.094  2463  5526 I AppsFilter: interaction: PackageSetting{b3e5bb8 io.github.ylimit.droidbotapp/10344} -> PackageSetting{a061945 com.android.modulemetadata/10174} BLOCKED
07-29 17:36:32.094  2463  5526 I AppsFilter: interaction: PackageSetting{b3e5bb8 io.github.ylimit.droidbotapp/10344} -> PackageSetting{7b43f82 com.android.internal.systemui.navbar.threebutton/10051} BLOCKED
07-29 17:36:32.094  2463  5526 I AppsFilter: interaction: PackageSetting{b3e5bb8 io.github.ylimit.droidbotapp/10344} -> PackageSetting{a9f89a com.android.wifi.dialog/10211} BLOCKED
07-29 17:36:32.094  2463  5526 I AppsFilter: interaction: PackageSetting{b3e5bb8 io.github.ylimit.droidbotapp/10344} -> PackageSetting{339f5cb com.tencent.android.qqdownloader/10324} BLOCKED
07-29 17:36:32.094  2463  5526 I AppsFilter: interaction: PackageSetting{b3e5bb8 io.github.ylimit.droidbotapp/10344} -> PackageSetting{e93b1a8 com.android.contacts/10132} BLOCKED
07-29 17:36:32.094  2463  5526 I AppsFilter: interaction: PackageSetting{b3e5bb8 io.github.ylimit.droidbotapp/10344} -> PackageSetting{4f404c1 cn.amazon.mShop.android/10301} BLOCKED
07-29 17:36:32.094  2463  5526 I AppsFilter: interaction: PackageSetting{b3e5bb8 io.github.ylimit.droidbotapp/10344} -> PackageSetting{39f0466 com.miui.securitymanager/10272} BLOCKED
07-29 17:36:32.094  2463  5526 I AppsFilter: interaction: PackageSetting{b3e5bb8 io.github.ylimit.droidbotapp/10344} -> PackageSetting{af023a7 com.baidu.searchbox/10340} BLOCKED
07-29 17:36:32.094  2463  5526 I AppsFilter: interaction: PackageSetting{b3e5bb8 io.github.ylimit.droidbotapp/10344} -> PackageSetting{d464054 com.android.mms/10141} BLOCKED
07-29 17:36:32.094  2463  5526 I AppsFilter: interaction: PackageSetting{b3e5bb8 io.github.ylimit.droidbotapp/10344} -> PackageSetting{37b2bfd com.jijia.bqwnl/10327} BLOCKED
07-29 17:36:32.094  2463  5526 I AppsFilter: interaction: PackageSetting{b3e5bb8 io.github.ylimit.droidbotapp/10344} -> PackageSetting{58700f2 com.yahoo.mobile.client.android.mail/10341} BLOCKED
07-29 17:36:32.094  2463  5526 I AppsFilter: interaction: PackageSetting{b3e5bb8 io.github.ylimit.droidbotapp/10344} -> PackageSetting{9f15343 com.mfashiongallery.emag/10262} BLOCKED
07-29 17:36:32.094  2463  5526 I AppsFilter: interaction: PackageSetting{b3e5bb8 io.github.ylimit.droidbotapp/10344} -> PackageSetting{bf10dc0 com.instagram.android/10289} BLOCKED
07-29 17:36:32.094  2463  5526 I AppsFilter: interaction: PackageSetting{b3e5bb8 io.github.ylimit.droidbotapp/10344} -> PackageSetting{a538af9 com.google.android.gm/10290} BLOCKED
07-29 17:36:32.094  2463  5526 I AppsFilter: interaction: PackageSetting{b3e5bb8 io.github.ylimit.droidbotapp/10344} -> PackageSetting{f803a3e com.android.compos.payload/10243} BLOCKED
07-29 17:36:32.094  2463  5526 I AppsFilter: interaction: PackageSetting{b3e5bb8 io.github.ylimit.droidbotapp/10344} -> PackageSetting{54be09f com.microsoft.emmx/10311} BLOCKED
07-29 17:36:32.094  2463  5526 I AppsFilter: interaction: PackageSetting{b3e5bb8 io.github.ylimit.droidbotapp/10344} -> PackageSetting{9b945ec com.android.settings.intelligence/10142} BLOCKED
07-29 17:36:32.094  2463  5526 I AppsFilter: interaction: PackageSetting{b3e5bb8 io.github.ylimit.droidbotapp/10344} -> PackageSetting{7b8ddb5 com.android.calendar/10265} BLOCKED
07-29 17:36:32.094  2463  5526 I AppsFilter: interaction: PackageSetting{b3e5bb8 io.github.ylimit.droidbotapp/10344} -> PackageSetting{c41bc4a com.miui.virtualsim/10277} BLOCKED
07-29 17:36:32.094  2463  5526 I AppsFilter: interaction: PackageSetting{b3e5bb8 io.github.ylimit.droidbotapp/10344} -> PackageSetting{a97e7bb com.microsoft.office.outlook/10323} BLOCKED
07-29 17:36:32.094  2463  5526 I AppsFilter: interaction: PackageSetting{b3e5bb8 io.github.ylimit.droidbotapp/10344} -> PackageSetting{ead4d8 com.miui.compass/10267} BLOCKED
07-29 17:36:32.094  2463  5526 I AppsFilter: interaction: PackageSetting{b3e5bb8 io.github.ylimit.droidbotapp/10344} -> PackageSetting{7e6a031 com.android.printspooler/10224} BLOCKED
07-29 17:36:32.094  2463  5526 I AppsFilter: interaction: PackageSetting{b3e5bb8 io.github.ylimit.droidbotapp/10344} -> PackageSetting{8e75316 com.android.dreams.basic/10103} BLOCKED
07-29 17:36:32.094  2463  5526 I AppsFilter: interaction: PackageSetting{b3e5bb8 io.github.ylimit.droidbotapp/10344} -> PackageSetting{ed34497 com.android.incallui/10126} BLOCKED
07-29 17:36:32.094  2463  5526 I AppsFilter: interaction: PackageSetting{b3e5bb8 io.github.ylimit.droidbotapp/10344} -> PackageSetting{2a46684 com.musicworx/10320} BLOCKED
07-29 17:36:32.094  2463  5526 I AppsFilter: interaction: PackageSetting{b3e5bb8 io.github.ylimit.droidbotapp/10344} -> PackageSetting{5540e6d com.android.rkpdapp/10254} BLOCKED
07-29 17:36:32.094  2463  5526 I AppsFilter: interaction: PackageSetting{b3e5bb8 io.github.ylimit.droidbotapp/10344} -> PackageSetting{46ec6fb com.newcall.overlay.miui/10041} BLOCKED
07-29 17:36:32.094  2463  5526 I AppsFilter: interaction: PackageSetting{b3e5bb8 io.github.ylimit.droidbotapp/10344} -> PackageSetting{67d8aa2 todolist.scheduleplanner.dailyplanner.todo.reminders/10299} BLOCKED
07-29 17:36:32.094  2463  5526 I AppsFilter: interaction: PackageSetting{b3e5bb8 io.github.ylimit.droidbotapp/10344} -> PackageSetting{9d4b171 android.auto_generated_characteristics_rro/10068} BLOCKED
