07-29 17:36:31.529 31681 31681 W dex2oat : type=1400 audit(0.0:8110): avc:  denied  { search } for  name="0" dev="dm-55" ino=900 scontext=u:r:dex2oat:s0 tcontext=u:object_r:system_data_file:s0:c512,c768 tclass=dir permissive=0
07-29 17:36:31.548  3002  3080 E libsensor-parseRGB: CWB NotifyCWBBufferDone  error 0
07-29 17:36:31.558 31105 31625 I Icing   : Not sending global search app notification. Search app not installed or not signed properly.
07-29 17:36:31.560  1747  1747 I sensors-hal: flush:170, android.sensor.accelerometer/11
07-29 17:36:31.560  1747  1747 I sensors-hal: send_sync_sensor_request:531, send sync request
07-29 17:36:31.560  1747  1747 I sensors-hal: send_sync_sensor_request:541, send_sync_sensor_request before send_request for accel with SUID low=11115320498015681092 high=2286538866409242278
07-29 17:36:31.560  1747  1747 I sensors-hal: send_sync_sensor_request:560, wait for notification of response
07-29 17:36:31.560 31105 31625 I Icing   : Internal init done: storage state 0
07-29 17:36:31.561  1747 21896 I sensors-hal: qsh_conn_resp_cb:886, resp_value = 0 for accel 
07-29 17:36:31.562  1747  1747 I sensors-hal: send_sync_sensor_request:566, takes 1 ms to receive the response with 0
07-29 17:36:31.562  1747  1747 I sensors-hal: flush:176, android.sensor.accelerometer/11 completed
07-29 17:36:31.562 31193 31226 E SettingsTree: hide because exception occurs when query: 关联的工作应用和个人应用
07-29 17:36:31.562 31193 31226 E SettingsTree: java.lang.IllegalArgumentException: Preference key must be set
07-29 17:36:31.562 31193 31226 E SettingsTree: 	at com.android.settings.core.BasePreferenceController.<init>(SourceFile:203)
07-29 17:36:31.562 31193 31226 E SettingsTree: 	at com.android.settings.applications.specialaccess.interactacrossprofiles.InteractAcrossProfilesController.<init>(SourceFile:44)
07-29 17:36:31.562 31193 31226 E SettingsTree: 	at com.android.settings.search.tree.SecuritySettingsTree.getStatus(SourceFile:520)
07-29 17:36:31.562 31193 31226 E SettingsTree: 	at com.android.settingslib.search.SettingsTree.getStatusIgnoreException(SettingsTree.java:575)
07-29 17:36:31.562 31193 31226 E SettingsTree: 	at com.android.settingslib.search.SettingsTree.query(SettingsTree.java:560)
07-29 17:36:31.562 31193 31226 E SettingsTree: 	at com.android.settingslib.search.IndexTree.dispatchQuery(IndexTree.java:198)
07-29 17:36:31.562 31193 31226 E SettingsTree: 	at com.android.settingslib.search.IndexTree.dispatchQuery(IndexTree.java:207)
07-29 17:36:31.562 31193 31226 E SettingsTree: 	at com.android.settingslib.search.IndexTree.dispatchQuery(IndexTree.java:207)
07-29 17:36:31.562 31193 31226 E SettingsTree: 	at com.android.settingslib.search.IndexTree.dispatchQuery(IndexTree.java:207)
07-29 17:36:31.562 31193 31226 E SettingsTree: 	at com.android.settingslib.search.IndexTree.dispatchQuery(IndexTree.java:207)
07-29 17:36:31.562 31193 31226 E SettingsTree: 	at com.android.settings.search.provider.SettingsTreeHelper.query(SourceFile:121)
07-29 17:36:31.562 31193 31226 E SettingsTree: 	at com.android.settings.search.provider.SettingsProvider.query(SourceFile:72)
07-29 17:36:31.562 31193 31226 E SettingsTree: 	at android.content.ContentProvider.query(ContentProvider.java:1633)
07-29 17:36:31.562 31193 31226 E SettingsTree: 	at android.content.ContentProvider.query(ContentProvider.java:1729)
07-29 17:36:31.562 31193 31226 E SettingsTree: 	at android.content.ContentProvider$Transport.query(ContentProvider.java:301)
07-29 17:36:31.562 31193 31226 E SettingsTree: 	at android.content.ContentProviderNative.onTransact(ContentProviderNative.java:110)
07-29 17:36:31.562 31193 31226 E SettingsTree: 	at android.os.Binder.execTransactInternal(Binder.java:1507)
07-29 17:36:31.562 31193 31226 E SettingsTree: 	at android.os.Binder.execTransact(Binder.java:1451)
07-29 17:36:31.564  4497  5159 E Launcher: mFsGestureStatusRefreshRunnable:run usingFsGesture=true   show=true   focus=true   pause=false
07-29 17:36:31.565  4497  4497 W RecentsImpl: updateFsgWindowVisibilityState origin isEnter=true, typeFrom=typefrom_home
07-29 17:36:31.571 31596 31748 I crashsdk: libcrashsdk.so is loaded. version: 3.5.2.1/nativeseq: 230821205034/arch: arm64-v8a/target: release
07-29 17:36:31.573  4497  5159 W RecentsImpl: updateFsgWindowVisibilityStateInBgThread, isEnter=true, typeFrom=typefrom_home, isOpen=true, isKeyguardLocked=false, mIsInAnotherPro=false, isStatusBarExpansion=false
07-29 17:36:31.573  2463  2539 I SensorAccount: App register sensor to track it noWakeupSensor_10138_0x100000b
07-29 17:36:31.573 31596 31748 I crashsdk: start init crashsdk. version: 3.5.2.1, javaseq: 230821205034, target: release
07-29 17:36:31.574  4497  5295 W GestureStubView_Left: adaptRotation   currentRotation=0   mRotation=0
07-29 17:36:31.575  4497  5295 W GestureStubView_Right: adaptRotation   currentRotation=0   mRotation=0
07-29 17:36:31.577 31076 31076 W binder:31076_7: type=1400 audit(0.0:8111): avc:  denied  { read write } for  name="metis" dev="tmpfs" ino=1191 scontext=u:r:gmscore_app:s0:c512,c768 tcontext=u:object_r:migt_dev:s0 tclass=chr_file permissive=0 app=com.google.android.gms
07-29 17:36:31.577 31596 31596 W launcher-8: type=1400 audit(0.0:8112): avc:  denied  { read } for  name="version" dev="proc" ino=4026532013 scontext=u:r:untrusted_app:s0:c47,c257,c512,c768 tcontext=u:object_r:proc_version:s0 tclass=file permissive=0 app=com.alibaba.aliexpresshd
07-29 17:36:31.590 31596 31748 I crashsdk: LibcMalloc detail: disabled.
07-29 17:36:31.592 29672 29837 I Finsky  : [1548] sby.a(42): IV2::ATD: Resource fetch start. com.google.android.webview[iid:74] [isid:EPalpA5BRmOtgs1mdnI_3g] [tid: 1000000084]
07-29 17:36:31.594  3117  3117 I adbd    : in ShellService: ps
07-29 17:36:31.594 31596 31748 I System.out: _whyLaunch: null
07-29 17:36:31.596 31596 31763 I WebViewFactory: Loading com.google.android.webview version 137.0.7151.115 (code 715111533)
07-29 17:36:31.597 29672 29735 I Finsky  : [1522] xue.a(327): RF: No TaskData found for a new request.
07-29 17:36:31.602 31105 31619 I Icing   : IndexChimeraService.getServiceInterface callingPackage=com.google.android.gms componentName=null serviceId=30
07-29 17:36:31.607 29672 29672 I Finsky  : [2] aldn.afJ(38): Received response for moduleDelivery with status=1
07-29 17:36:31.608  3117  3117 I adbd    : in ShellService: input keyevent BACK
07-29 17:36:31.609 31596 31763 W ziparchive: Unable to open '/data/app/~~CXgv76cZFVRV-ebuy8PcLQ==/com.google.android.trichromelibrary_715111533-G16FzjTlhlLmGUzic_z1kg==/base.dm': No such file or directory
07-29 17:36:31.609 31596 31763 W ziparchive: Unable to open '/data/app/~~CXgv76cZFVRV-ebuy8PcLQ==/com.google.android.trichromelibrary_715111533-G16FzjTlhlLmGUzic_z1kg==/base.dm': No such file or directory
07-29 17:36:31.609 31596 31763 W ba.aliexpresshd: Entry not found
07-29 17:36:31.613 29672 29837 I Finsky  : [1548] kvk.accept(302): IV2: onTaskProgress com.google.android.webview[iid:74] [isid:EPalpA5BRmOtgs1mdnI_3g] status:3, size: 0/0
07-29 17:36:31.618  1844  1844 I vendor.qti.hardware.servicetrackeraidl-service: bindService is called for service : com.google.android.gms/.chimera.GmsBoundBrokerService and for client com.google.android.gms
07-29 17:36:31.619  1844  1844 I vendor.qti.hardware.servicetrackeraidl-service: total connections for service : com.google.android.gms/.chimera.GmsBoundBrokerServiceare :2
07-29 17:36:31.619  1844  1844 I vendor.qti.hardware.servicetrackeraidl-service: total connections for client : com.google.android.gmsare :14
07-29 17:36:31.621 29672 29841 I Finsky  : [1551] snx.N(47): IQ: Notifying installation update. [Package:com.google.android.webview, isid:EPalpA5BRmOtgs1mdnI_3g], status=DOWNLOADING, status_code=0, reason=auto_update, tsc=PT37.443S
07-29 17:36:31.623 31596 31763 W ba.aliexpresshd: Suspending all threads took: 11.786ms
07-29 17:36:31.624 29672 29731 I Finsky  : [1519] aaxd.a(236): RF: RowId of the upserted row is 1000000085.
07-29 17:36:31.634  1844  1844 I vendor.qti.hardware.servicetrackeraidl-service: unbindService is called for service : com.android.vending/com.google.android.finsky.zapp.PlayModuleService and for client com.google.android.gms
07-29 17:36:31.634  1844  1844 I vendor.qti.hardware.servicetrackeraidl-service: size of service connections for service: com.android.vending/com.google.android.finsky.zapp.PlayModuleServiceafter removal is 0
07-29 17:36:31.634  1844  1844 I vendor.qti.hardware.servicetrackeraidl-service: size of client connections for client: com.google.android.gmsafter removal is 13
07-29 17:36:31.634  1844  1844 I vendor.qti.hardware.servicetrackeraidl-service: destroyService is called for service : com.android.vending/com.google.android.finsky.zapp.PlayModuleService
07-29 17:36:31.634  2463  4205 I MiuiNetworkPolicy: updateUidState uid = 10124, uidState = 8
07-29 17:36:31.637 29672 29731 I Finsky  : [1519] abae.p(30): RM: create resource request id 4eb66d3f-1a63-4050-a304-615a9b53693d for request com.google.android.webview.apk reason: auto_update isid: EPalpA5BRmOtgs1mdnI_3g
07-29 17:36:31.639 29672 29672 I Finsky  : [2] aaai.aie(64): PIM: Ignore install package event for: com.google.android.webview, isid: EPalpA5BRmOtgs1mdnI_3g
07-29 17:36:31.642 29672 29672 I Finsky  : [2] pal.r(175): DL: Data loader session turned off due to Incremental install not requested: com.google.android.webview
07-29 17:36:31.643 29672 29672 I Finsky  : [2] aczt.apply(103): IQ::HLD: ongoing installs that pauseAppUpdates callers must wait for: [[Package:com.google.android.webview, isid:EPalpA5BRmOtgs1mdnI_3g]]
07-29 17:36:31.650 31105 31459 I GmsDebugLogger: [54] VisionFace.optional_252834100400_3.apk
07-29 17:36:31.654 31105 31566 I Icing   : IndexChimeraService.getServiceInterface callingPackage=com.google.android.gms componentName=null serviceId=36
07-29 17:36:31.660 31596 31763 I cr_WVCFactoryProvider: version=137.0.7151.115 (715111533) minSdkVersion=29 isBundle=true multiprocess=true packageId=2
07-29 17:36:31.663 31105 31624 I Icing   : Post-init done
07-29 17:36:31.664 29672 29721 I Finsky  : [1511] abae.p(30): RM: create resource request id 6568c25a-b2a6-4464-8ec9-ff5c0fcd97f1 for request com.google.android.webview.dm reason: auto_update isid: EPalpA5BRmOtgs1mdnI_3g
07-29 17:36:31.666  2463  5129 I ClipboardServiceI: checkProviderWakePathForClipboard: com.google.android.gmsis not a activePermissionOwner
07-29 17:36:31.669  2463  4205 I MiuiNetworkPolicy: updateUidState uid = 10083, uidState = 5
07-29 17:36:31.678 31105 31463 I ActivityThread: installProviderAuthoritiesLocked allowBlocking com.android.contacts
07-29 17:36:31.678  1844  1844 I vendor.qti.hardware.servicetrackeraidl-service: bindService is called for service : com.android.vending/com.google.android.finsky.zapp.PlayModuleService and for client com.google.android.gms
07-29 17:36:31.678  1844  1844 I vendor.qti.hardware.servicetrackeraidl-service: total connections for service : com.android.vending/com.google.android.finsky.zapp.PlayModuleServiceare :1
07-29 17:36:31.679  1844  1844 I vendor.qti.hardware.servicetrackeraidl-service: total connections for client : com.google.android.gmsare :14
07-29 17:36:31.681  6721 12097 I ContactsProvider: Contacts query: CPID=31105, CallingPackage = com.google.android.gms User=0
07-29 17:36:31.682  6721 12097 I ContactsProvider: Contacts query: access CPID=31105, CallingPackage = com.google.android.gms User=0
07-29 17:36:31.684 29672 29703 I Finsky  : [1495] auek.T(6): enqueue()
07-29 17:36:31.684  6721 12097 I ContactsProvider: querylocal match: 1000
07-29 17:36:31.687 31105 31459 I ChimeraConfigurator: Update complete: success
07-29 17:36:31.687  1844  1844 I vendor.qti.hardware.servicetrackeraidl-service: unbindService is called for service : com.android.vending/com.google.android.finsky.zapp.PlayModuleService and for client com.google.android.gms
07-29 17:36:31.687  1844  1844 I vendor.qti.hardware.servicetrackeraidl-service: size of service connections for service: com.android.vending/com.google.android.finsky.zapp.PlayModuleServiceafter removal is 0
07-29 17:36:31.687  1844  1844 I vendor.qti.hardware.servicetrackeraidl-service: size of client connections for client: com.google.android.gmsafter removal is 13
07-29 17:36:31.687  1844  1844 I vendor.qti.hardware.servicetrackeraidl-service: destroyService is called for service : com.android.vending/com.google.android.finsky.zapp.PlayModuleService
07-29 17:36:31.688 29672 29704 I Finsky  : [1496] auek.T(6): enqueue()
07-29 17:36:31.695  6721 12097 I ContactsProvider: return querylocal
07-29 17:36:31.695  6721 12097 I ContactsProvider: query return 4 queryDirectoryIfNecessary 
07-29 17:36:31.695  6721 12097 I ContactsProvider: query return 5 finally 
07-29 17:36:31.697  6721 12097 I ContactsProvider: Contacts query: CPID=31105, CallingPackage = com.google.android.gms User=0
07-29 17:36:31.698  2463  4205 I MiuiNetworkPolicy: updateUidState uid = 10124, uidState = 5
07-29 17:36:31.698  2463  4205 I MiuiNetworkPolicy: updateUidState uid = 10124, uidState = 8
07-29 17:36:31.700  6721 12097 I ContactsProvider: Contacts query: access CPID=31105, CallingPackage = com.google.android.gms User=0
07-29 17:36:31.701  6721 12097 I ContactsProvider: querylocal match: 23000
07-29 17:36:31.701  6721 12097 I ContactsProvider: return querylocal
07-29 17:36:31.701  6721 12097 I ContactsProvider: query return 4 queryDirectoryIfNecessary 
07-29 17:36:31.701  6721 12097 I ContactsProvider: query return 5 finally 
07-29 17:36:31.706 31681 31739 W dex2oat64: Verification of boolean m55.aps.a(m55.gkh, java.lang.String) took 105.332ms (191337.62 bytecodes/s) (790272B approximate peak alloc)
07-29 17:36:31.715 31105 31624 I Icing   : Usage reports ok 0, Failed Usage reports 0, indexed 0, rejected 0
07-29 17:36:31.718 29792 29829 I Finsky:background: [1511] ojm.call(998): enqueue(request_id=238, files_to_download=1, context[group_id=com.google.android.webview:EPalpA5BRmOtgs1mdnI_3g], display_data[invisible=true, title=Android System WebView], network_restrictions=2)
07-29 17:36:31.718 29792 29829 I Finsky:background: [1511] ojm.call(998): enqueue(request_id=239, files_to_download=1, context[group_id=com.google.android.webview:EPalpA5BRmOtgs1mdnI_3g], display_data[invisible=true, title=Android System WebView], network_restrictions=2)
07-29 17:36:31.722 31105 31459 I GmsModuleFndr: Beginning GMS chimera module scan
07-29 17:36:31.724 31105 31459 I ModuleSetResolution: Computing pending module set with APKs: [[AdsFdrDynamite.integ:251815204100000], [Antifingerprinting.optional:252834100000], [Appsearch.optional:252834100400], [MapsCoreDynamite.integ:252130101100400], [MlkitOcrCommon.optional:252533100400], [MlkitOcrCommon.optional:252834100400], [PlayCloudSearch.optional:252834100000], [TfliteDynamiteDynamite.integ:243930801100400], [VisionBarcode.optional:252834100400], [VisionFace.optional:252533100400], [VisionOcr.optional:252834100000], [Wasmlibs.optional:252834100000], [SidecarAps.integ:240213802100400], [AdsFdrDynamite.integ:250505301100000], [Cronetdynamite:252834260400], [Dynamiteloader:252834260000], [Dynamitemodulesa:252834260000], [Dynamitemodulesc:252834260000], [Googlecertificates:252834260000], [Mapsdynamite:252834260000], [Measurementdynamite:252834260000]]
07-29 17:36:31.725 31105 31459 I ModuleSetResolution: Pending container module APKs: [[Antifingerprinting.optional:252834100000], [Appsearch.optional:252834100400], [MapsCoreDynamite.integ:252130101100400], [MlkitOcrCommon.optional:252834100400], [PlayCloudSearch.optional:252834100000], [TfliteDynamiteDynamite.integ:243930801100400], [VisionBarcode.optional:252834100400], [VisionOcr.optional:252834100000], [Wasmlibs.optional:252834100000]]
07-29 17:36:31.726 31105 31459 I ModuleSetResolution: Pending non-container module APKs: [[AdsFdrDynamite.integ:251815204100000]]
07-29 17:36:31.728  2463  5531 W MIUIInput: Input event injection from package: null action ACTION_DOWN keycode 4
07-29 17:36:31.728  2463  5531 W MiuiInputKeyEventLog: keyCode:4 down:true eventTime:7630048 downTime:7630048 policyFlags:2b000000 flags:0 metaState:0 deviceId:-1 isScreenOn:true keyguardActive:false repeatCount:0
07-29 17:36:31.729 31596 31763 I cr_LibraryLoader: Successfully loaded native library
07-29 17:36:31.730 31596 31763 I cr_CachingUmaRecorder: Flushed 7 samples from 7 histograms, 0 samples were dropped.
07-29 17:36:31.730  2463  4068 I MIUIInput: [KeyEvent] publisher action:0x0,  keyCode:4 , deviceId=-1, 7630048,channel 'fd7851 com.miui.home/com.miui.home.launcher.Launcher (server)' 
07-29 17:36:31.731  2463  2528 W ActivityManagerServiceImpl: Sending non-protected broadcast miui.intent.KEYCODE_BACK from system 2463:system/1000 pkg android. Callers=com.android.server.am.ActivityManagerService.checkBroadcastFromSystem:16255 com.android.server.am.ActivityManagerService.broadcastIntentLockedTraced:17126 com.android.server.am.ActivityManagerService.broadcastIntentLocked:16315 com.android.server.am.ActivityManagerService.broadcastIntentWithFeature:17337 android.app.ContextImpl.sendBroadcastAsUser:1495 
07-29 17:36:31.732 31596 31808 E chromium: [ERROR:android_webview/browser/variations/variations_seed_loader.cc:39] Seed missing signature.
07-29 17:36:31.734  1827  2752 I vendor.qti.hardware.display.composer-service: Sensor: notify citsensorservice to trigger cwb, misForced = 0
07-29 17:36:31.734  3002  4297 I libsensor-parseRGB: request dump start for mRequestDisplayId 0
07-29 17:36:31.740  4497  4497 I MIUIInput: [KeyEvent] ViewRootImpl windowName 'com.miui.home/com.miui.home.launcher.Launcher', KeyEvent { action=ACTION_DOWN, keyCode=KEYCODE_BACK, scanCode=0, metaState=0, flags=0x0, repeatCount=0, eventTime=7630048000000, downTime=7630048000000, deviceId=-1, source=0x0, displayId=-1 }, phoneEventTime=17:36:31.729
07-29 17:36:31.744 31076 31451 I AlarmManager: setExactAndAllowWhileIdle [name: GCM_HB_ALARM type: 2 triggerAtMillis: 8230064]
07-29 17:36:31.747  1844  1844 I vendor.qti.hardware.servicetrackeraidl-service: bindService is called for service : com.google.android.webview/org.chromium.android_webview.services.VariationsSeedServer and for client com.alibaba.aliexpresshd
07-29 17:36:31.747  1844  1844 I vendor.qti.hardware.servicetrackeraidl-service: total connections for service : com.google.android.webview/org.chromium.android_webview.services.VariationsSeedServerare :1
07-29 17:36:31.747  1844  1844 I vendor.qti.hardware.servicetrackeraidl-service: total connections for client : com.alibaba.aliexpresshdare :2
07-29 17:36:31.752  2463  5529 I SmartPower: com.google.android.webview:webview_service/10188(12048): idle->background(63797ms) R(service create com.google.android.webview/org.chromium.android_webview.services.VariationsSeedServer) adj=0.
07-29 17:36:31.753 31105 31624 I Icing   : Usage reports ok 0, Failed Usage reports 0, indexed 0, rejected 0
07-29 17:36:31.753  2463  4205 I MiuiNetworkPolicy: updateUidState uid = 10188, uidState = 10
07-29 17:36:31.755 31596 31709 I System.out: StartupHelper, isDeviceMatched, config: motorola,moto e20,30;motorola,moto e30,30;samsung,SM-A032F,30;positivo,T800,30;Nokia,Nokia C30,30;samsung,SM-A032M,30;realme,RMX3231,30;ZTE,ZTE Blade A54,33;Hisense,Hisense U50,30;Multilaser,*,30;Nokia,Nokia C20,30;TECLAST,M40(N9H3),*;KYOCERA,E6810,*;samsung,SM-M135FU,*;TECNO,TECNO KG5j,*;samsung,SM-F926N,*;xiaomi,Redmi Note 8,28;Redmi,22041219G,31;TECLAST,M40_ROW,29;Redmi,23124RA7EO,33;DOOGEE,S41 Max,33;Blackview,BV9300 Pro,33
07-29 17:36:31.755 31596 31709 I System.out: StartupHelper, isSingleDeviceMatched, config: motorola,moto e20,30
07-29 17:36:31.755 31596 31709 I System.out: StartupHelper, isSingleDeviceMatched, brand is Xiaomi not match, return false
07-29 17:36:31.755 31596 31709 I System.out: StartupHelper, isSingleDeviceMatched, config: motorola,moto e30,30
07-29 17:36:31.755 31596 31709 I System.out: StartupHelper, isSingleDeviceMatched, brand is Xiaomi not match, return false
07-29 17:36:31.755 31596 31709 I System.out: StartupHelper, isSingleDeviceMatched, config: samsung,SM-A032F,30
07-29 17:36:31.755 31596 31709 I System.out: StartupHelper, isSingleDeviceMatched, brand is Xiaomi not match, return false
07-29 17:36:31.755 31596 31709 I System.out: StartupHelper, isSingleDeviceMatched, config: positivo,T800,30
07-29 17:36:31.755 31596 31709 I System.out: StartupHelper, isSingleDeviceMatched, brand is Xiaomi not match, return false
07-29 17:36:31.755 31596 31709 I System.out: StartupHelper, isSingleDeviceMatched, config: Nokia,Nokia C30,30
07-29 17:36:31.755 31596 31709 I System.out: StartupHelper, isSingleDeviceMatched, brand is Xiaomi not match, return false
07-29 17:36:31.755 31596 31709 I System.out: StartupHelper, isSingleDeviceMatched, config: samsung,SM-A032M,30
07-29 17:36:31.755 31596 31709 I System.out: StartupHelper, isSingleDeviceMatched, brand is Xiaomi not match, return false
07-29 17:36:31.755 31596 31709 I System.out: StartupHelper, isSingleDeviceMatched, config: realme,RMX3231,30
07-29 17:36:31.755 31596 31709 I System.out: StartupHelper, isSingleDeviceMatched, brand is Xiaomi not match, return false
07-29 17:36:31.755 31596 31709 I System.out: StartupHelper, isSingleDeviceMatched, config: ZTE,ZTE Blade A54,33
07-29 17:36:31.755 31596 31709 I System.out: StartupHelper, isSingleDeviceMatched, brand is Xiaomi not match, return false
07-29 17:36:31.755 31596 31709 I System.out: StartupHelper, isSingleDeviceMatched, config: Hisense,Hisense U50,30
07-29 17:36:31.756 31596 31709 I System.out: StartupHelper, isSingleDeviceMatched, brand is Xiaomi not match, return false
07-29 17:36:31.756 31596 31709 I System.out: StartupHelper, isSingleDeviceMatched, config: Multilaser,*,30
07-29 17:36:31.756 31596 31709 I System.out: StartupHelper, isSingleDeviceMatched, brand is Xiaomi not match, return false
07-29 17:36:31.756 31596 31709 I System.out: StartupHelper, isSingleDeviceMatched, config: Nokia,Nokia C20,30
07-29 17:36:31.756 31596 31709 I System.out: StartupHelper, isSingleDeviceMatched, brand is Xiaomi not match, return false
07-29 17:36:31.756 31596 31709 I System.out: StartupHelper, isSingleDeviceMatched, config: TECLAST,M40(N9H3),*
07-29 17:36:31.756 31596 31709 I System.out: StartupHelper, isSingleDeviceMatched, brand is Xiaomi not match, return false
07-29 17:36:31.756 31596 31709 I System.out: StartupHelper, isSingleDeviceMatched, config: KYOCERA,E6810,*
07-29 17:36:31.756 29672 29672 I Finsky  : [2] ozp.b(108): Updating listeners of <238:QUEUED with WAITING_FOR_START:0%[0%]>
07-29 17:36:31.756 31596 31709 I System.out: StartupHelper, isSingleDeviceMatched, brand is Xiaomi not match, return false
07-29 17:36:31.756 31596 31709 I System.out: StartupHelper, isSingleDeviceMatched, config: samsung,SM-M135FU,*
07-29 17:36:31.756 31596 31709 I System.out: StartupHelper, isSingleDeviceMatched, brand is Xiaomi not match, return false
07-29 17:36:31.756 31596 31709 I System.out: StartupHelper, isSingleDeviceMatched, config: TECNO,TECNO KG5j,*
07-29 17:36:31.756 31596 31709 I System.out: StartupHelper, isSingleDeviceMatched, brand is Xiaomi not match, return false
07-29 17:36:31.756 31596 31709 I System.out: StartupHelper, isSingleDeviceMatched, config: samsung,SM-F926N,*
07-29 17:36:31.756 31596 31709 I System.out: StartupHelper, isSingleDeviceMatched, brand is Xiaomi not match, return false
07-29 17:36:31.756 31596 31709 I System.out: StartupHelper, isSingleDeviceMatched, config: xiaomi,Redmi Note 8,28
07-29 17:36:31.756 31596 31709 I System.out: StartupHelper, isSingleDeviceMatched, brand is Xiaomi not match, return false
07-29 17:36:31.756 31596 31709 I System.out: StartupHelper, isSingleDeviceMatched, config: Redmi,22041219G,31
07-29 17:36:31.756 31596 31709 I System.out: StartupHelper, isSingleDeviceMatched, brand is Xiaomi not match, return false
07-29 17:36:31.756 31596 31709 I System.out: StartupHelper, isSingleDeviceMatched, config: TECLAST,M40_ROW,29
07-29 17:36:31.756 31596 31709 I System.out: StartupHelper, isSingleDeviceMatched, brand is Xiaomi not match, return false
07-29 17:36:31.756 31596 31709 I System.out: StartupHelper, isSingleDeviceMatched, config: Redmi,23124RA7EO,33
07-29 17:36:31.756 31596 31709 I System.out: StartupHelper, isSingleDeviceMatched, brand is Xiaomi not match, return false
07-29 17:36:31.756 31596 31709 I System.out: StartupHelper, isSingleDeviceMatched, config: DOOGEE,S41 Max,33
07-29 17:36:31.756 31596 31709 I System.out: StartupHelper, isSingleDeviceMatched, brand is Xiaomi not match, return false
07-29 17:36:31.756 31596 31709 I System.out: StartupHelper, isSingleDeviceMatched, config: Blackview,BV9300 Pro,33
07-29 17:36:31.756 31596 31709 I System.out: StartupHelper, isSingleDeviceMatched, brand is Xiaomi not match, return false
07-29 17:36:31.756 31596 31709 I System.out: StartupHelper, isDeviceMatched, brand: Xiaomi, model: 23127PN0CC, api: 35, r: false
07-29 17:36:31.757 31596 31596 I System.out: PerfLogger InitHomePrerequest
07-29 17:36:31.762  1844  1844 I vendor.qti.hardware.servicetrackeraidl-service: destroyService is called for service : com.google.android.gms/.chimera.container.FileApkService
07-29 17:36:31.766  3002  6353 E libsensor-parseRGB: CWB NotifyCWBBufferDone  error 0
07-29 17:36:31.784  1844  1844 I vendor.qti.hardware.servicetrackeraidl-service: bindService is called for service : com.google.android.gms/.chimera.PersistentInternalBoundBrokerService and for client com.google.android.gms.persistent
07-29 17:36:31.784  1844  1844 I vendor.qti.hardware.servicetrackeraidl-service: total connections for service : com.google.android.gms/.chimera.PersistentInternalBoundBrokerServiceare :1
07-29 17:36:31.784  1844  1844 I vendor.qti.hardware.servicetrackeraidl-service: total connections for client : com.google.android.gms.persistentare :14
07-29 17:36:31.785 29792 29829 I Finsky:background: [1511] oxq.c(13): download(238)
07-29 17:36:31.788 29792 29829 I Finsky:background: [1511] ozf.b(6): Starting invisible download job
07-29 17:36:31.796 31105 31624 I Icing   : Usage reports ok 0, Failed Usage reports 0, indexed 0, rejected 0
07-29 17:36:31.797 31596 31596 I PlayCore: UID: [10303]  PID: [31596] SplitInstallListenerRegistry : registerListener
07-29 17:36:31.799 29672 29672 I Finsky  : [2] ozp.b(108): Updating listeners of <239:QUEUED with WAITING_FOR_START:0%[0%]>
07-29 17:36:31.799 29672 29672 I Finsky  : [2] ozp.b(108): Updating listeners of <238:RUNNING:0%[0%]>
07-29 17:36:31.799 29672 29672 I Finsky  : [2] apxk.r(59): RM: receive resource status onStart com.google.android.webview.dm reason: auto_update isid: EPalpA5BRmOtgs1mdnI_3g, 2, 192, size: 0/114991
07-29 17:36:31.799 29672 29672 I Finsky  : [2] apxk.q(59): RM: receive resource status onProgress com.google.android.webview.dm reason: auto_update isid: EPalpA5BRmOtgs1mdnI_3g, 2, 192, size: 0/114991
07-29 17:36:31.801 31596 31596 I System.out: FeatureManagerPrefetchInit, init, ucSoInstalled: true
07-29 17:36:31.802 31105 31459 I ChimeraConfigurator: Checking 1 listeners. All downloaded: false
07-29 17:36:31.803 31596 31596 I Choreographer: Skipped 58 frames!  The application may be doing too much work on its main thread.
07-29 17:36:31.805  2912  3069 E misight_perf:  [902001101, system, long runnable]
07-29 17:36:31.806  2912  3069 E misight_perf:  [902001003, com.alibaba.aliexpresshd, 31596, doframe latency due to msg]
07-29 17:36:31.807  2463  4205 I MiuiNetworkPolicy: updateUidState uid = 10303, uidState = 19
07-29 17:36:31.807  2463  4205 I MiuiNetworkPolicy: updateUidState uid = 10188, uidState = 19
07-29 17:36:31.809 31076 31514 I NetworkScheduler.Stats: (REDACTED) Task %s/%s started execution. cause:%s exec_start_elapsed_seconds: %s
07-29 17:36:31.820  2912  3062 I misight : OnEvent EventPrivacyCompliance event=902001101
07-29 17:36:31.820  2912  3062 I misight : OnEvent EventStorageManager event=902001101,2
07-29 17:36:31.821  1844  1844 I vendor.qti.hardware.servicetrackeraidl-service: unbindService is called for service : com.google.android.webview/org.chromium.android_webview.services.VariationsSeedServer and for client com.alibaba.aliexpresshd
07-29 17:36:31.821  1844  1844 I vendor.qti.hardware.servicetrackeraidl-service: size of service connections for service: com.google.android.webview/org.chromium.android_webview.services.VariationsSeedServerafter removal is 0
07-29 17:36:31.821  1844  1844 I vendor.qti.hardware.servicetrackeraidl-service: size of client connections for client: com.alibaba.aliexpresshdafter removal is 1
07-29 17:36:31.821 31105 31624 I Icing   : Usage reports ok 0, Failed Usage reports 0, indexed 0, rejected 0
07-29 17:36:31.822  1844  1844 I vendor.qti.hardware.servicetrackeraidl-service: destroyService is called for service : com.google.android.webview/org.chromium.android_webview.services.VariationsSeedServer
07-29 17:36:31.824  2912  3062 I misight : OnEvent EventInfoPack event 902001101
07-29 17:36:31.825  2912  3062 I misight : OnEvent EventPrivacyCompliance event=902001003
07-29 17:36:31.825  2912  3062 I misight : OnEvent EventStorageManager event=902001003,2
07-29 17:36:31.825 31596 31818 I System.out: UmbrellaServiceFetcher, error when use getInstance() -> com.alibaba.android.umbrella.link.UMLinkLogImpinterface name = com.alibaba.android.umbrella.link.UMLinkLogInterface
07-29 17:36:31.826 29672 29704 I Finsky  : [1496] auek.U(13): getDownload(238)
07-29 17:36:31.826 29792 29832 I Finsky:background: [1513] ovm.h(15): getDownload(request_id=238)
07-29 17:36:31.827 29672 29706 I Finsky  : [1498] auek.U(13): getDownload(239)
07-29 17:36:31.829  7633  7872 E MediaProvider: Creating or writing to a non-default top level directory is not allowed! uid =10303 path = /storage/emulated/0/.UTSystemConfig
07-29 17:36:31.829 29792 29829 I Finsky:background: [1511] ovm.g(430): onGetDownload(request_id=238, files_to_download=1, group_id=com.google.android.webview:EPalpA5BRmOtgs1mdnI_3g, display_data[invisible=true, title=Android System WebView], network_restrictions=2, status=running, bytes_downloaded=0, total_bytes=114991, retry[count=0, next_retry=n/a])
07-29 17:36:31.830  1844  1844 I vendor.qti.hardware.servicetrackeraidl-service: bindService is called for service : com.tencent.soter.soterserver/.SoterService and for client com.alibaba.aliexpresshd
07-29 17:36:31.830  1844  1844 I vendor.qti.hardware.servicetrackeraidl-service: total connections for service : com.tencent.soter.soterserver/.SoterServiceare :1
07-29 17:36:31.830  1844  1844 I vendor.qti.hardware.servicetrackeraidl-service: total connections for client : com.alibaba.aliexpresshdare :2
07-29 17:36:31.833  2912  3062 I misight : OnEvent EventInfoPack event 902001003
07-29 17:36:31.834  1844  1844 I vendor.qti.hardware.servicetrackeraidl-service: bindService is called for service : com.xiaomi.account/.tzservice.SecurityDeviceSignService and for client com.alibaba.aliexpresshd
07-29 17:36:31.834  1844  1844 I vendor.qti.hardware.servicetrackeraidl-service: total connections for service : com.xiaomi.account/.tzservice.SecurityDeviceSignServiceare :1
07-29 17:36:31.834  1844  1844 I vendor.qti.hardware.servicetrackeraidl-service: total connections for client : com.alibaba.aliexpresshdare :3
07-29 17:36:31.834 29792 29827 I Finsky:background: [1509] ovm.h(15): getDownload(request_id=239)
07-29 17:36:31.834 29792 29829 I Finsky:background: [1511] ovm.g(430): onGetDownload(request_id=239, files_to_download=1, group_id=com.google.android.webview:EPalpA5BRmOtgs1mdnI_3g, display_data[invisible=true, title=Android System WebView], network_restrictions=2, status=queued[1], bytes_downloaded=0, total_bytes=14602392, retry[count=0, next_retry=n/a])
07-29 17:36:31.834  2463  4205 I MiuiNetworkPolicy: updateUidState uid = 10188, uidState = 10
07-29 17:36:31.834  2463  4205 I MiuiNetworkPolicy: updateUidState uid = 10188, uidState = 19
07-29 17:36:31.837  2463  4205 I MiuiNetworkPolicy: updateUidState uid = 10169, uidState = 10
07-29 17:36:31.845 31105 31459 I ChimeraConfigService: (REDACTED) Scheduling checkin every %s seconds, with flex of %s seconds
07-29 17:36:31.851  1844  1844 I vendor.qti.hardware.servicetrackeraidl-service: bindService is called for service : org.ifaa.aidl.manager/.IfaaService and for client com.alibaba.aliexpresshd
07-29 17:36:31.851  1844  1844 I vendor.qti.hardware.servicetrackeraidl-service: total connections for service : org.ifaa.aidl.manager/.IfaaServiceare :1
07-29 17:36:31.851  1844  1844 I vendor.qti.hardware.servicetrackeraidl-service: total connections for client : com.alibaba.aliexpresshdare :4
07-29 17:36:31.855  2463  4205 I MiuiNetworkPolicy: updateUidState uid = 10169, uidState = 19
07-29 17:36:31.859 31681 31738 W dex2oat64: Verification of void m55.apt.<clinit>() took 257.855ms (111903.64 bytecodes/s) (577000B approximate peak alloc)
07-29 17:36:31.861  1844  1844 I vendor.qti.hardware.servicetrackeraidl-service: bindService is called for service : com.google.android.gms/.ads.social.GcmSchedulerWakeupService and for client com.google.android.gms.persistent
07-29 17:36:31.861  1844  1844 I vendor.qti.hardware.servicetrackeraidl-service: total connections for service : com.google.android.gms/.ads.social.GcmSchedulerWakeupServiceare :1
07-29 17:36:31.861  1844  1844 I vendor.qti.hardware.servicetrackeraidl-service: total connections for client : com.google.android.gms.persistentare :15
07-29 17:36:31.862  7633  7872 E MediaProvider: Creating or writing to a non-default top level directory is not allowed! uid =10303 path = /storage/emulated/0/.UTSystemConfig
07-29 17:36:31.869  1844  1844 I vendor.qti.hardware.servicetrackeraidl-service: unbindService is called for service : com.google.android.gms/.chimera.PersistentInternalBoundBrokerService and for client com.google.android.gms.persistent
07-29 17:36:31.869  1844  1844 I vendor.qti.hardware.servicetrackeraidl-service: size of service connections for service: com.google.android.gms/.chimera.PersistentInternalBoundBrokerServiceafter removal is 0
07-29 17:36:31.869  1844  1844 I vendor.qti.hardware.servicetrackeraidl-service: size of client connections for client: com.google.android.gms.persistentafter removal is 14
07-29 17:36:31.869  1844  1844 I vendor.qti.hardware.servicetrackeraidl-service: destroyService is called for service : com.google.android.gms/.chimera.PersistentInternalBoundBrokerService
07-29 17:36:31.874  2463  4644 I SensorAccount: ExecutionCapabilityChanged  pkgName:com.miui.home  canAfford:true mCurrentForegroundUid:10138
07-29 17:36:31.880 31076 31515 I AlarmManager: setExactAndAllowWhileIdle [name: GCM_HB_ALARM type: 2 triggerAtMillis: 8230200]
07-29 17:36:31.883  2463  5459 E DatabaseUtils: Writing exception to parcel
07-29 17:36:31.883  2463  5459 E DatabaseUtils: java.lang.SecurityException: com.alibaba.aliexpresshd was not granted  this permission: android.permission.WRITE_SETTINGS.
07-29 17:36:31.883  2463  5459 E DatabaseUtils: 	at android.provider.Settings.isCallingPackageAllowedToPerformAppOpsProtectedOperation(Settings.java:21426)
07-29 17:36:31.883  2463  5459 E DatabaseUtils: 	at android.provider.Settings.checkAndNoteWriteSettingsOperation(Settings.java:21314)
07-29 17:36:31.883  2463  5459 E DatabaseUtils: 	at com.android.providers.settings.SettingsProvider.mutateSystemSetting(SettingsProvider.java:2004)
07-29 17:36:31.883  2463  5459 E DatabaseUtils: 	at com.android.providers.settings.SettingsProvider.insertSystemSetting(SettingsProvider.java:1960)
07-29 17:36:31.883  2463  5459 E DatabaseUtils: 	at com.android.providers.settings.SettingsProvider.call(SettingsProvider.java:501)
07-29 17:36:31.883  2463  5459 E DatabaseUtils: 	at android.content.ContentProvider.call(ContentProvider.java:2736)
07-29 17:36:31.883  2463  5459 E DatabaseUtils: 	at android.content.ContentProvider$Transport.call(ContentProvider.java:639)
07-29 17:36:31.883  2463  5459 E DatabaseUtils: 	at android.content.ContentProviderNative.onTransact(ContentProviderNative.java:310)
07-29 17:36:31.883  2463  5459 E DatabaseUtils: 	at android.os.Binder.execTransactInternal(Binder.java:1507)
07-29 17:36:31.883  2463  5459 E DatabaseUtils: 	at android.os.Binder.execTransact(Binder.java:1451)
07-29 17:36:31.887 31105 31395 W ShimCertificateManager: com.google.android.apps.search.googleapp.dev package is not registered for Icing AppSearch Shim !!
07-29 17:36:31.887 31105 31395 W ShimCertificateManager: com.google.android.apps.search.googleapp.search.dev package is not registered for Icing AppSearch Shim !!
07-29 17:36:31.887 31105 31395 W ShimCertificateManager: com.google.android.apps.search.googleapp.search.toast.advancedplatform.dev package is not registered for Icing AppSearch Shim !!
07-29 17:36:31.887 31105 31395 W ShimCertificateManager: com.google.android.contacts package is not registered for Icing AppSearch Shim !!
07-29 17:36:31.887 31105 31395 W ShimCertificateManager: com.google.android.apps.youtube.music package is not registered for Icing AppSearch Shim !!
07-29 17:36:31.887 31105 31395 W ShimCertificateManager: com.google.android.inputmethod.latin package is not registered for Icing AppSearch Shim !!
07-29 17:36:31.887 31105 31395 W ShimCertificateManager: com.google.android.inputmethod.latin.dev package is not registered for Icing AppSearch Shim !!
07-29 17:36:31.887 31105 31395 W ShimCertificateManager: com.google.android.inputmethod.latin.canary package is not registered for Icing AppSearch Shim !!
07-29 17:36:31.887 31105 31395 W ShimCertificateManager: com.google.android.inputmethod.latin package is not registered for Icing AppSearch Shim !!
07-29 17:36:31.887 31105 31395 W ShimCertificateManager: com.google.android.inputmethod.latin.dev package is not registered for Icing AppSearch Shim !!
07-29 17:36:31.887 31105 31395 W ShimCertificateManager: com.google.android.inputmethod.latin.canary package is not registered for Icing AppSearch Shim !!
07-29 17:36:31.887 31105 31395 W ShimCertificateManager: com.google.android.apps.youtube.music package is not registered for Icing AppSearch Shim !!
07-29 17:36:31.887 31105 31395 W ShimCertificateManager: com.google.android.apps.youtube.music package is not registered for Icing AppSearch Shim !!
07-29 17:36:31.888 31076 31515 I AlarmManager: setExactAndAllowWhileIdle [name: GCM_HB_ALARM type: 2 triggerAtMillis: 8230207]
07-29 17:36:31.888  1844  1844 I vendor.qti.hardware.servicetrackeraidl-service: bindService is called for service : com.google.android.gms/.chimera.PersistentApiService and for client com.google.android.gms
07-29 17:36:31.888  1844  1844 I vendor.qti.hardware.servicetrackeraidl-service: total connections for service : com.google.android.gms/.chimera.PersistentApiServiceare :2
07-29 17:36:31.888  1844  1844 I vendor.qti.hardware.servicetrackeraidl-service: total connections for client : com.google.android.gmsare :13
07-29 17:36:31.888  1844  1844 I vendor.qti.hardware.servicetrackeraidl-service: bindService is called for service : com.tencent.soter.soterserver/.SoterService and for client com.alibaba.aliexpresshd
07-29 17:36:31.888  1844  1844 I vendor.qti.hardware.servicetrackeraidl-service: total connections for service : com.tencent.soter.soterserver/.SoterServiceare :1
07-29 17:36:31.888  1844  1844 I vendor.qti.hardware.servicetrackeraidl-service: total connections for client : com.alibaba.aliexpresshdare :4
07-29 17:36:31.888  1844  1844 I vendor.qti.hardware.servicetrackeraidl-service: bindService is called for service : com.xiaomi.account/.tzservice.SecurityDeviceSignService and for client com.alibaba.aliexpresshd
07-29 17:36:31.888  1844  1844 I vendor.qti.hardware.servicetrackeraidl-service: total connections for service : com.xiaomi.account/.tzservice.SecurityDeviceSignServiceare :1
07-29 17:36:31.888  1844  1844 I vendor.qti.hardware.servicetrackeraidl-service: total connections for client : com.alibaba.aliexpresshdare :4
07-29 17:36:31.888  1844  1844 I vendor.qti.hardware.servicetrackeraidl-service: bindService is called for service : com.google.android.gms/.chimera.PersistentApiService and for client com.google.android.gms
07-29 17:36:31.888  1844  1844 I vendor.qti.hardware.servicetrackeraidl-service: total connections for service : com.google.android.gms/.chimera.PersistentApiServiceare :2
07-29 17:36:31.888  1844  1844 I vendor.qti.hardware.servicetrackeraidl-service: total connections for client : com.google.android.gmsare :13
07-29 17:36:31.888 31076 31335 I NetworkScheduler.Stats: (REDACTED) Task %s/%s finished executing. cause:%s result: %s elapsed_millis: %s uptime_millis: %s exec_start_elapsed_seconds: %s
07-29 17:36:31.890 31076 31335 I NetworkScheduler.Stats: (REDACTED) Task %s/%s started execution. cause:%s exec_start_elapsed_seconds: %s
07-29 17:36:31.890 31105 31395 W ShimCertificateManager: com.google.android.apps.youtube.music package is not registered for Icing AppSearch Shim !!
07-29 17:36:31.890 31105 31395 W ShimCertificateManager: com.google.android.googlequicksearchbox package is not registered for Icing AppSearch Shim !!
07-29 17:36:31.890 31105 31395 W ShimCertificateManager: com.google.android.apps.nexuslauncher package is not registered for Icing AppSearch Shim !!
07-29 17:36:31.890 31105 31395 W ShimCertificateManager: com.google.android.carassistant package is not registered for Icing AppSearch Shim !!
07-29 17:36:31.897 31076 31335 I AlarmManager: setExactAndAllowWhileIdle [name: GCM_HB_ALARM type: 2 triggerAtMillis: 8230217]
07-29 17:36:31.903 31105 31624 I Icing   : Usage reports ok 0, Failed Usage reports 0, indexed 0, rejected 0
07-29 17:36:31.910 31105 31624 I Icing   : Indexing com.google.android.gms-apps from com.google.android.gms
07-29 17:36:31.914 31105 31624 I Icing   : Indexing done com.google.android.gms-apps
07-29 17:36:31.919 31866 31866 E tango_pretranslator: Pretranslating /data/app/~~1VIcyny-_KdCgQTpa_Yyjw==/com.google.android.gms-jAF2NIV99R6pD-bXjTU-qg==/split_DynamiteLoader_installtime.apk ...
07-29 17:36:31.921 31596 31816 W ziparchive: Unable to open '/data/app/~~Q8cLBwujz50LbHZUvFiEzw==/com.alibaba.aliexpresshd-KZ5Joa7FQwuFLMPBMsqhPQ==/lib/arm64/libsgmiddletier.dm': No such file or directory
07-29 17:36:31.921 31596 31816 W ziparchive: Unable to open '/data/app/~~Q8cLBwujz50LbHZUvFiEzw==/com.alibaba.aliexpresshd-KZ5Joa7FQwuFLMPBMsqhPQ==/lib/arm64/libsgmiddletier.dm': No such file or directory
07-29 17:36:31.923  1844  1844 I vendor.qti.hardware.servicetrackeraidl-service: bindService is called for service : org.ifaa.aidl.manager/.IfaaService and for client com.alibaba.aliexpresshd
07-29 17:36:31.923  1844  1844 I vendor.qti.hardware.servicetrackeraidl-service: total connections for service : org.ifaa.aidl.manager/.IfaaServiceare :1
07-29 17:36:31.923  1844  1844 I vendor.qti.hardware.servicetrackeraidl-service: total connections for client : com.alibaba.aliexpresshdare :4
07-29 17:36:31.924 31870 31870 E tango_pretranslator: Pretranslating /data/app/~~1VIcyny-_KdCgQTpa_Yyjw==/com.google.android.gms-jAF2NIV99R6pD-bXjTU-qg==/split_DynamiteModulesA_installtime.apk ...
07-29 17:36:31.925  1844  1844 I vendor.qti.hardware.servicetrackeraidl-service: destroyService is called for service : com.google.android.gms/.icing.service.IndexWorkerService
07-29 17:36:31.928 31871 31871 E tango_pretranslator: Pretranslating /data/app/~~1VIcyny-_KdCgQTpa_Yyjw==/com.google.android.gms-jAF2NIV99R6pD-bXjTU-qg==/split_DynamiteModulesC_installtime.apk ...
07-29 17:36:31.931  2463  5539 W ActivityManager: Unable to start service Intent { act=mtopsdk.xstate.aidl.IXState cat=[android.intent.category.DEFAULT] pkg=com.alibaba.aliexpresshd cmp=com.alibaba.aliexpresshd/mtopsdk.xstate.XStateService } U=0: not found
07-29 17:36:31.933 31596 31852 I ValarMorghulis: 0ooo======57e7^^^^/////////1754
07-29 17:36:31.938 29792 30365 I Finsky:background: [1531] oxr.c(6): CronetDownloader: onRedirectReceived
07-29 17:36:31.940  1827  2752 I vendor.qti.hardware.display.composer-service: Sensor: notify citsensorservice to trigger cwb, misForced = 0
07-29 17:36:31.940  3002  4297 I libsensor-parseRGB: request dump start for mRequestDisplayId 0
07-29 17:36:31.946 31873 31873 E tango_pretranslator: Pretranslating /data/app/~~1VIcyny-_KdCgQTpa_Yyjw==/com.google.android.gms-jAF2NIV99R6pD-bXjTU-qg==/split_GoogleCertificates_installtime.apk ...
07-29 17:36:31.949  2463  7676 W AppSearchIcing: icing-search-engine.cc:321: Error: 5, Message: Failed to delete Document. namespace: VS#Pkg$VS#AndroidVDb/androidVOverlay, uri: com.google.android.gms$legacyIcingGlobalDb/Message;Failed to find DocumentId by key: VS#Pkg$VS#AndroidVDb/androidVOverlay, com.google.android.gms$legacyIcingGlobalDb/Message;Key not found VS#Pkg$VS#AndroidVDb/androidVOverlay in DynamicTrieKeyMapper /data/system_ce/0/appsearch/icing/document_dir/namespace_mapper/key_mapper_dir/key_mapper.
07-29 17:36:31.950 29792 29836 I Finsky:background: [1517] pis.accept(67): SCH: Scheduling phonesky job Id: 40-9998, CT: 1753781791789, Constraints: [{ L: 0, D: 86400000, C: 1, I: 1, N: 1 }, { L: 0, D: 0, C: 1, I: 1, N: 0 }]
07-29 17:36:31.952  2463  5531 W MIUIInput: Input event injection from package: null action ACTION_UP keycode 4
07-29 17:36:31.952 31879 31879 E tango_pretranslator: Pretranslating /data/app/~~1VIcyny-_KdCgQTpa_Yyjw==/com.google.android.gms-jAF2NIV99R6pD-bXjTU-qg==/split_MapsDynamite_installtime.apk ...
07-29 17:36:31.952  2463  5531 W MiuiInputKeyEventLog: keyCode:4 down:false eventTime:7630271 downTime:7630048 policyFlags:2b000000 flags:0 metaState:0 deviceId:-1 isScreenOn:true keyguardActive:false repeatCount:0
07-29 17:36:31.953  2912  3069 E misight_perf:  [902002001, inputdispatcher, dispatch event latency]
07-29 17:36:31.953  2463  4068 I MIUIInput: [KeyEvent] publisher action:0x1,  keyCode:4 , deviceId=-1, 7630271,channel 'fd7851 com.miui.home/com.miui.home.launcher.Launcher (server)' 
07-29 17:36:31.953  2463  2528 W ActivityManagerServiceImpl: Sending non-protected broadcast miui.intent.KEYCODE_BACK from system 2463:system/1000 pkg android. Callers=com.android.server.am.ActivityManagerService.checkBroadcastFromSystem:16255 com.android.server.am.ActivityManagerService.broadcastIntentLockedTraced:17126 com.android.server.am.ActivityManagerService.broadcastIntentLocked:16315 com.android.server.am.ActivityManagerService.broadcastIntentWithFeature:17337 android.app.ContextImpl.sendBroadcastAsUser:1495 
07-29 17:36:31.953  4497  4497 I MIUIInput: [KeyEvent] ViewRootImpl windowName 'com.miui.home/com.miui.home.launcher.Launcher', KeyEvent { action=ACTION_UP, keyCode=KEYCODE_BACK, scanCode=0, metaState=0, flags=0x0, repeatCount=0, eventTime=7630271000000, downTime=7630048000000, deviceId=-1, source=0x0, displayId=-1 }, phoneEventTime=17:36:31.951
07-29 17:36:31.953  2463  7676 W AppSearchIcing: icing-search-engine.cc:321: Error: 5, Message: Failed to delete Document. namespace: VS#Pkg$VS#AndroidVDb/androidVOverlay, uri: com.google.android.gms$legacyIcingGlobalDb/PostalAddress;Failed to find DocumentId by key: VS#Pkg$VS#AndroidVDb/androidVOverlay, com.google.android.gms$legacyIcingGlobalDb/PostalAddress;Key not found VS#Pkg$VS#AndroidVDb/androidVOverlay in DynamicTrieKeyMapper /data/system_ce/0/appsearch/icing/document_dir/namespace_mapper/key_mapper_dir/key_mapper.
07-29 17:36:31.953  2463  7676 W AppSearchIcing: icing-search-engine.cc:321: Error: 5, Message: Failed to delete Document. namespace: VS#Pkg$VS#AndroidVDb/androidVOverlay, uri: com.google.android.gms$legacyIcingGlobalDb/LocalBusiness;Failed to find DocumentId by key: VS#Pkg$VS#AndroidVDb/androidVOverlay, com.google.android.gms$legacyIcingGlobalDb/LocalBusiness;Key not found VS#Pkg$VS#AndroidVDb/androidVOverlay in DynamicTrieKeyMapper /data/system_ce/0/appsearch/icing/document_dir/namespace_mapper/key_mapper_dir/key_mapper.
07-29 17:36:31.953  2463  7676 W AppSearchIcing: icing-search-engine.cc:321: Error: 5, Message: Failed to delete Document. namespace: VS#Pkg$VS#AndroidVDb/androidVOverlay, uri: com.google.android.gms$legacyIcingGlobalDb/G3AttributionInfo;Failed to find DocumentId by key: VS#Pkg$VS#AndroidVDb/androidVOverlay, com.google.android.gms$legacyIcingGlobalDb/G3AttributionInfo;Key not found VS#Pkg$VS#AndroidVDb/androidVOverlay in DynamicTrieKeyMapper /data/system_ce/0/appsearch/icing/document_dir/namespace_mapper/key_mapper_dir/key_mapper.
07-29 17:36:31.953  2463  7676 W AppSearchIcing: icing-search-engine.cc:321: Error: 5, Message: Failed to delete Document. namespace: VS#Pkg$VS#AndroidVDb/androidVOverlay, uri: com.google.android.gms$legacyIcingGlobalDb/DigitalDocument;Failed to find DocumentId by key: VS#Pkg$VS#AndroidVDb/androidVOverlay, com.google.android.gms$legacyIcingGlobalDb/DigitalDocument;Key not found VS#Pkg$VS#AndroidVDb/androidVOverlay in DynamicTrieKeyMapper /data/system_ce/0/appsearch/icing/document_dir/namespace_mapper/key_mapper_dir/key_mapper.
07-29 17:36:31.953  2463  7676 W AppSearchIcing: icing-search-engine.cc:321: Error: 5, Message: Failed to delete Document. namespace: VS#Pkg$VS#AndroidVDb/androidVOverlay, uri: com.google.android.gms$legacyIcingGlobalDb/NoteDigitalDocument;Failed to find DocumentId by key: VS#Pkg$VS#AndroidVDb/androidVOverlay, com.google.android.gms$legacyIcingGlobalDb/NoteDigitalDocument;Key not found VS#Pkg$VS#AndroidVDb/androidVOverlay in DynamicTrieKeyMapper /data/system_ce/0/appsearch/icing/document_dir/namespace_mapper/key_mapper_dir/key_mapper.
