07-29 17:36:30.567  2463  4069 I InputReader: Reconfiguring input devices, changes=KEYBOARD_LAYOUTS
07-29 17:36:30.569  2463  4108 W InputMethodManagerService: Clear show forced flag.
07-29 17:36:30.570  2463  4108 W SecurityInputMethodSwitcher: first check switch to security ime: false
07-29 17:36:30.570  2463  4108 W SecurityInputMethodSwitcher: double check switch to security ime: false
07-29 17:36:30.570  2463  4108 W SecurityInputMethodSwitcher: switch to other input method from security ime:false mayChangeToMiuiSecurityInputMethod: false current focus window: android.os.BinderProxy@e737978
07-29 17:36:30.570  1844  1844 I vendor.qti.hardware.servicetrackeraidl-service: unbindService is called for service : com.sohu.inputmethod.sogou.xiaomi/.SogouIME and for client system
07-29 17:36:30.570  1844  1844 I vendor.qti.hardware.servicetrackeraidl-service: size of service connections for service: com.sohu.inputmethod.sogou.xiaomi/.SogouIMEafter removal is 0
07-29 17:36:30.570  1844  1844 I vendor.qti.hardware.servicetrackeraidl-service: size of client connections for client: systemafter removal is 31
07-29 17:36:30.571  1844  1844 I vendor.qti.hardware.servicetrackeraidl-service: destroyService is called for service : com.sohu.inputmethod.sogou.xiaomi/.SogouIME
07-29 17:36:30.572  2463  4108 W InputManager-JNI: Input channel object '95e37a3 InputMethod (client)' was disposed without first being removed with the input manager!
07-29 17:36:30.572  9339  9616 I IMECheckManager: getSelectedInputMethod, ime is io.github.ylimit.droidbotapp/.DroidBotIME
07-29 17:36:30.572  9339  9616 I IMECheckManager: InputMethodObserver, userId is 0, ime = io.github.ylimit.droidbotapp/.DroidBotIME
07-29 17:36:30.574  8013  8347 I k1      : input method change: 
07-29 17:36:30.574  4497  4497 I HandWritingStubImpl: refreshLastKeyboardType: 1
07-29 17:36:30.574  4497  4497 I HandWritingStubImpl: getCurrentKeyboardType: 1
07-29 17:36:30.578  2105  2105 E DisplayModeController: setDesiredMode : Idle status skip setActiveMode, isDdicIdleMode: 1
07-29 17:36:30.579  1844  1844 I vendor.qti.hardware.servicetrackeraidl-service: bindService is called for service : io.github.ylimit.droidbotapp/.DroidBotIME and for client system
07-29 17:36:30.579  1844  1844 I vendor.qti.hardware.servicetrackeraidl-service: total connections for service : io.github.ylimit.droidbotapp/.DroidBotIMEare :1
07-29 17:36:30.579  1844  1844 I vendor.qti.hardware.servicetrackeraidl-service: total connections for client : systemare :32
07-29 17:36:30.581  2463  4205 I MiuiNetworkPolicy: updateUidState uid = 10183, uidState = 10
07-29 17:36:30.583  1827  1827 I SDM     : HWCDisplay::SetActiveConfigWithConstraints: display:66-0, config: 3, WxH 1200x2670, fps 120
07-29 17:36:30.583  1827  1827 W SDM     : HWDeviceDRM::GetSupportedBitClkRate: Requested rate not supported: 1150000000
07-29 17:36:30.583  1827  1827 I SDM     : HWDeviceDRM::UpdateMixerAttributes: Mixer WxH 1200x2670-1 for Peripheral
07-29 17:36:30.584  1827  1827 I SDM     : HWCDisplay::SubmitDisplayConfig: Active configuration changed from config 1 to 3
07-29 17:36:30.584  1827  1827 I SDM     : HWCDisplay::SubmitDisplayConfig: Active WxH 1200x2670 ,ddic_mode:auto, timing_fps: 120, sf_fps: 120
07-29 17:36:30.585  1827  2752 I vendor.qti.hardware.display.composer-service: Sensor: notify citsensorservice to trigger cwb, misForced = 0
07-29 17:36:30.585  3002  4297 I libsensor-parseRGB: request dump start for mRequestDisplayId 0
07-29 17:36:30.587  2463  4108 W InputMethodManagerService: Clear show forced flag.
07-29 17:36:30.587  2463  4108 W SecurityInputMethodSwitcher: first check switch to security ime: false
07-29 17:36:30.587  2463  4108 W SecurityInputMethodSwitcher: double check switch to security ime: false
07-29 17:36:30.587  2463  4108 W SecurityInputMethodSwitcher: switch to other input method from security ime:false mayChangeToMiuiSecurityInputMethod: false current focus window: android.os.BinderProxy@e737978
07-29 17:36:30.588  9339  9616 I IMECheckManager: getSelectedInputMethod, ime is io.github.ylimit.droidbotapp/.DroidBotIME
07-29 17:36:30.588  9339  9616 I IMECheckManager: updateCurrentIME, userId is 0, ime is io.github.ylimit.droidbotapp/.DroidBotIME, pkg is io.github.ylimit.droidbotapp, uid is 10344
07-29 17:36:30.588  9339  9616 I ActiveStateController: Ime outdated, uid is 10183
07-29 17:36:30.588  9339  9638 I PowerKeeperConfigureManager: userId is 0, Ime outdated, uid is 10183
07-29 17:36:30.589 14622 14622 E BaseInputMethodService: onDestroy
07-29 17:36:30.590  2463  2504 I ClipboardServiceI: checkProviderWakePathForClipboard: com.miui.securitycenteris not a activePermissionOwner
07-29 17:36:30.592  4505  4543 I htmlviewercloudcontrol: isStagingEnv:false param =  InputMethod  uriMatch = 2, cluster: cn, version: 553104, traceId: aa4a7f1732c179f033e45bb6df6285c3, regId: +4z3RS85+e2U9l+sd6caQ/srGmJCsEbKpG1twyPn1K0CrNNyxYT/yAgGVxm5X+yC
07-29 17:36:30.594  9339  9616 I ActiveStateController: Ime update, uid is 10344
07-29 17:36:30.595 14622 14622 W WindowOnBackDispatcher: sendCancelIfRunning: isInProgress=false callback=android.view.ViewRootImpl$$ExternalSyntheticLambda12@ebd9b2f
07-29 17:36:30.596 31105 31463 I GmsModuleInitializer: Using ContainerGservicesDelegate
07-29 17:36:30.596  2463  5539 W WindowManager: Failed looking up window session=Session{417d331 14622:u0a10183} callers=com.android.server.wm.WindowManagerService.windowForClientLocked:7019 com.android.server.wm.Session.setOnBackInvokedCallbackInfo:1092 android.view.IWindowSession$Stub.onTransact:1281 
07-29 17:36:30.596  2463  5539 I WindowManager: setOnBackInvokedCallback(): No window state for package:com.sohu.inputmethod.sogou.xiaomi
07-29 17:36:30.596  2463  5129 W WindowManager: Cannot find window which accessibility connection is added to
07-29 17:36:30.597  2463  2463 I TransportConnection: BackupTransportService#1279: Notifying [TransportManager.registerTransport()] transport = BackupTransportClient
07-29 17:36:30.597  2463  2503 W WindowManager: Failed looking up window session=Session{417d331 14622:u0a10183} callers=com.android.server.wm.WindowManagerService.removeClientToken:2442 com.android.server.wm.Session.remove:290 android.view.IWindowSession$Stub.onTransact:741 
07-29 17:36:30.598 14622 14622 I IMEBottomManager: disableQuickMoveCursor
07-29 17:36:30.602  2463  3739 I ClipboardServiceI: checkProviderWakePathForClipboard: Package com.miui.phrase is not in the white list
07-29 17:36:30.603  2463  3739 I SmartPower: com.miui.phrase/10162(27285): idle->background(87998ms) R(content provider start ContentProviderRecord{e3754c6 u0 com.miui.phrase/com.miui.provider.InputProvider}) adj=0.
07-29 17:36:30.603  2463  4205 I MiuiNetworkPolicy: updateUidState uid = 10162, uidState = 10
07-29 17:36:30.606  9339  9638 I PowerKeeperConfigureManager: userId is 0, Ime update, uid is 10344
07-29 17:36:30.608  3117  3117 I adbd    : in ShellService: getprop ro.build.version.release
07-29 17:36:30.611  1844  1844 I vendor.qti.hardware.servicetrackeraidl-service: unbindService is called for service : com.google.android.gms/.backup.BackupTransportService and for client system
07-29 17:36:30.611  1844  1844 I vendor.qti.hardware.servicetrackeraidl-service: size of service connections for service: com.google.android.gms/.backup.BackupTransportServiceafter removal is 0
07-29 17:36:30.611  1844  1844 I vendor.qti.hardware.servicetrackeraidl-service: size of client connections for client: systemafter removal is 31
07-29 17:36:30.611  1844  1844 I vendor.qti.hardware.servicetrackeraidl-service: destroyService is called for service : com.google.android.gms/.backup.BackupTransportService
07-29 17:36:30.615  2463  2503 E InputMethodManagerService: Ignoring com.android.server.inputmethod.InputMethodManagerService.updateStatusIcon:2768 due to an invalid token. uid:10183 token:android.os.Binder@934f2d6
07-29 17:36:30.616 31498 31525 W dex2oat64: Verification of void m57.anc.<clinit>() took 126.221ms (228606.70 bytecodes/s) (577000B approximate peak alloc)
07-29 17:36:30.619  3002  6353 E libsensor-parseRGB: CWB NotifyCWBBufferDone  error 0
07-29 17:36:30.619  2463  4205 I MiuiNetworkPolicy: updateUidState uid = 10183, uidState = 16
07-29 17:36:30.619  2463  4205 I MiuiNetworkPolicy: updateUidState uid = 10162, uidState = 19
07-29 17:36:30.622 14622 14622 W WindowTokenClientController: Can't find attached WindowTokenClient for android.window.WindowTokenClient@5571347
07-29 17:36:30.624 29672 29837 I Finsky  : [1548] rqs.apply(33): IV2::ATD: Fetching metadata done. com.google.android.webview[iid:74] [isid:EPalpA5BRmOtgs1mdnI_3g] [tid: 1000000084]
07-29 17:36:30.624 29672 29837 I Finsky  : [1548] sby.a(99): IV2::ATD: Validate start. com.google.android.webview[iid:74] [isid:EPalpA5BRmOtgs1mdnI_3g] [tid: 1000000084]
07-29 17:36:30.625 29672 30295 I Finsky  : [1602] akyl.z(84): ICalc: Partition available space: 477274071040, install size: 263571839, min free: 524288000, additional needed: 0
07-29 17:36:30.625 29672 29717 I Finsky  : [1507] tbs.a(41): AV::DSC: sufficient disk space space available for com.google.android.webview[iid:74] [isid:EPalpA5BRmOtgs1mdnI_3g] [tid: 1000000084]: 263571839
07-29 17:36:30.637 31193 31226 E ndroid.settings: Invalid resource ID 0x00000000.
07-29 17:36:30.637 31193 31226 E ndroid.settings: Invalid resource ID 0x00000000.
07-29 17:36:30.639 31193 31226 E ndroid.settings: Invalid resource ID 0x00000000.
07-29 17:36:30.639 31193 31226 E ndroid.settings: Invalid resource ID 0x00000000.
07-29 17:36:30.640 31193 31226 E ndroid.settings: Invalid resource ID 0x00000000.
07-29 17:36:30.641 31193 31226 E ndroid.settings: Invalid resource ID 0x00000000.
07-29 17:36:30.642 31193 31226 E ndroid.settings: Invalid resource ID 0x00000000.
07-29 17:36:30.642 31193 31226 E ndroid.settings: Invalid resource ID 0x00000000.
07-29 17:36:30.644  1844  1844 I vendor.qti.hardware.servicetrackeraidl-service: bindService is called for service : com.google.android.gms/.chimera.PersistentApiService and for client com.google.android.gms
07-29 17:36:30.644  1844  1844 I vendor.qti.hardware.servicetrackeraidl-service: total connections for service : com.google.android.gms/.chimera.PersistentApiServiceare :2
07-29 17:36:30.644  1844  1844 I vendor.qti.hardware.servicetrackeraidl-service: total connections for client : com.google.android.gmsare :3
07-29 17:36:30.644 31193 31226 E ndroid.settings: Invalid resource ID 0x00000000.
07-29 17:36:30.653 14622 14645 I od.sogou.xiaomi: This is non sticky GC, maxfree is 16777216 minfree is 8388608
07-29 17:36:30.654 29672 29692 I Finsky  : [1488] jet.a(63): Received content filters request from sharedUserId=com.google.uid.shared:10130
07-29 17:36:30.655  1844  1844 I vendor.qti.hardware.servicetrackeraidl-service: bindService is called for service : com.google.android.gms/.chimera.PersistentDirectBootAwareApiService and for client com.google.android.gms
07-29 17:36:30.655  1844  1844 I vendor.qti.hardware.servicetrackeraidl-service: total connections for service : com.google.android.gms/.chimera.PersistentDirectBootAwareApiServiceare :2
07-29 17:36:30.655  1844  1844 I vendor.qti.hardware.servicetrackeraidl-service: total connections for client : com.google.android.gmsare :3
07-29 17:36:30.657  2463  3739 I ClipboardServiceI: checkProviderWakePathForClipboard: com.android.vendingis not a activePermissionOwner
07-29 17:36:30.670 31105 31463 W ziparchive: Unable to open '/data/user_de/0/com.google.android.gms/app_chimera/m/00000024/dl-Appsearch.optional_252834100400.dm': No such file or directory
07-29 17:36:30.672  1827  2108 I SDM     : DisplayBase::CommitThread: Received idle timeout, panel: cmd, timeout: 69999 us
07-29 17:36:30.672  1844  1844 I vendor.qti.hardware.servicetrackeraidl-service: bindService is called for service : com.google.android.gms/.auth.GetToken and for client com.android.vending
07-29 17:36:30.672  1844  1844 I vendor.qti.hardware.servicetrackeraidl-service: total connections for service : com.google.android.gms/.auth.GetTokenare :2
07-29 17:36:30.672  1844  1844 I vendor.qti.hardware.servicetrackeraidl-service: total connections for client : com.android.vendingare :5
07-29 17:36:30.674 13008 26895 I Market-DownloadLimitSpeedManager: stopLimitSpeed
07-29 17:36:30.674 13008 26895 I Market-LimitSpeedManager: stopLimitSpeedNow() =========== 
07-29 17:36:30.680  3117  3117 I adbd    : in ShellService: getprop ro.secure
07-29 17:36:30.684  1844  1844 I vendor.qti.hardware.servicetrackeraidl-service: bindService is called for service : com.google.android.gms/.auth.account.authenticator.GoogleAccountAuthenticatorService and for client system
07-29 17:36:30.684  1844  1844 I vendor.qti.hardware.servicetrackeraidl-service: total connections for service : com.google.android.gms/.auth.account.authenticator.GoogleAccountAuthenticatorServiceare :1
07-29 17:36:30.684  1844  1844 I vendor.qti.hardware.servicetrackeraidl-service: total connections for client : systemare :32
07-29 17:36:30.689 31105 31554 E AconfigFlags: Failed to read Aconfig values from /vendor/etc/aconfig_flags.pb
07-29 17:36:30.689 31105 31554 E AconfigFlags: java.io.FileNotFoundException: /vendor/etc/aconfig_flags.pb: open failed: ENOENT (No such file or directory)
07-29 17:36:30.689 31105 31554 E AconfigFlags: 	at libcore.io.IoBridge.open(IoBridge.java:574)
07-29 17:36:30.689 31105 31554 E AconfigFlags: 	at java.io.FileInputStream.<init>(FileInputStream.java:179)
07-29 17:36:30.689 31105 31554 E AconfigFlags: 	at java.io.FileInputStream.<init>(FileInputStream.java:133)
07-29 17:36:30.689 31105 31554 E AconfigFlags: 	at com.android.internal.pm.pkg.component.AconfigFlags.<init>(AconfigFlags.java:71)
07-29 17:36:30.689 31105 31554 E AconfigFlags: 	at com.android.internal.pm.pkg.parsing.ParsingPackageUtils.<clinit>(ParsingPackageUtils.java:296)
07-29 17:36:30.689 31105 31554 E AconfigFlags: 	at com.android.internal.pm.parsing.PackageParser2.<init>(PackageParser2.java:99)
07-29 17:36:30.689 31105 31554 E AconfigFlags: 	at android.content.pm.PackageManager.getPackageArchiveInfo(PackageManager.java:8856)
07-29 17:36:30.689 31105 31554 E AconfigFlags: 	at android.content.pm.PackageManager.getPackageArchiveInfo(PackageManager.java:8830)
07-29 17:36:30.689 31105 31554 E AconfigFlags: 	at vts.e(:com.google.android.gms@252834035@25.28.34 (260400-787197649):43)
07-29 17:36:30.689 31105 31554 E AconfigFlags: 	at vug.t(:com.google.android.gms@252834035@25.28.34 (260400-787197649):73)
07-29 17:36:30.689 31105 31554 E AconfigFlags: 	at vug.x(:com.google.android.gms@252834035@25.28.34 (260400-787197649):74)
07-29 17:36:30.689 31105 31554 E AconfigFlags: 	at vug.w(:com.google.android.gms@252834035@25.28.34 (260400-787197649):8)
07-29 17:36:30.689 31105 31554 E AconfigFlags: 	at auic.call(:com.google.android.gms@252834035@25.28.34 (260400-787197649):117)
07-29 17:36:30.689 31105 31554 E AconfigFlags: 	at java.util.concurrent.FutureTask.run(FutureTask.java:264)
07-29 17:36:30.689 31105 31554 E AconfigFlags: 	at azqk.c(:com.google.android.gms@252834035@25.28.34 (260400-787197649):50)
07-29 17:36:30.689 31105 31554 E AconfigFlags: 	at azqk.run(:com.google.android.gms@252834035@25.28.34 (260400-787197649):70)
07-29 17:36:30.689 31105 31554 E AconfigFlags: 	at java.util.concurrent.ThreadPoolExecutor.runWorker(ThreadPoolExecutor.java:1251)
07-29 17:36:30.689 31105 31554 E AconfigFlags: 	at java.util.concurrent.ThreadPoolExecutor$Worker.run(ThreadPoolExecutor.java:668)
07-29 17:36:30.689 31105 31554 E AconfigFlags: 	at azwc.run(:com.google.android.gms@252834035@25.28.34 (260400-787197649):8)
07-29 17:36:30.689 31105 31554 E AconfigFlags: 	at java.lang.Thread.run(Thread.java:1012)
07-29 17:36:30.689 31105 31554 E AconfigFlags: Caused by: android.system.ErrnoException: open failed: ENOENT (No such file or directory)
07-29 17:36:30.689 31105 31554 E AconfigFlags: 	at libcore.io.Linux.open(Native Method)
07-29 17:36:30.689 31105 31554 E AconfigFlags: 	at libcore.io.ForwardingOs.open(ForwardingOs.java:563)
07-29 17:36:30.689 31105 31554 E AconfigFlags: 	at libcore.io.BlockGuardOs.open(BlockGuardOs.java:274)
07-29 17:36:30.689 31105 31554 E AconfigFlags: 	at libcore.io.ForwardingOs.open(ForwardingOs.java:563)
07-29 17:36:30.689 31105 31554 E AconfigFlags: 	at android.app.ActivityThread$AndroidOs.open(ActivityThread.java:9462)
07-29 17:36:30.689 31105 31554 E AconfigFlags: 	at libcore.io.IoBridge.open(IoBridge.java:560)
07-29 17:36:30.689 31105 31554 E AconfigFlags: 	... 19 more
07-29 17:36:30.693  1844  1844 I vendor.qti.hardware.servicetrackeraidl-service: unbindService is called for service : com.google.android.gms/.auth.account.authenticator.GoogleAccountAuthenticatorService and for client system
07-29 17:36:30.693  1844  1844 I vendor.qti.hardware.servicetrackeraidl-service: size of service connections for service: com.google.android.gms/.auth.account.authenticator.GoogleAccountAuthenticatorServiceafter removal is 0
07-29 17:36:30.693  1844  1844 I vendor.qti.hardware.servicetrackeraidl-service: size of client connections for client: systemafter removal is 31
07-29 17:36:30.693  1844  1844 I vendor.qti.hardware.servicetrackeraidl-service: destroyService is called for service : com.google.android.gms/.auth.account.authenticator.GoogleAccountAuthenticatorService
07-29 17:36:30.694 31105 31519 I Ads     : Successfully received play store parental controls the result.
07-29 17:36:30.696  1844  1844 I vendor.qti.hardware.servicetrackeraidl-service: unbindService is called for service : com.android.vending/com.google.android.finsky.contentfilterui.ContentFiltersService and for client com.google.android.gms
07-29 17:36:30.696  1844  1844 I vendor.qti.hardware.servicetrackeraidl-service: size of service connections for service: com.android.vending/com.google.android.finsky.contentfilterui.ContentFiltersServiceafter removal is 0
07-29 17:36:30.696  2463  4205 I MiuiNetworkPolicy: updateUidState uid = 10124, uidState = 8
07-29 17:36:30.696  1844  1844 I vendor.qti.hardware.servicetrackeraidl-service: size of client connections for client: com.google.android.gmsafter removal is 2
07-29 17:36:30.696  1844  1844 I vendor.qti.hardware.servicetrackeraidl-service: destroyService is called for service : com.android.vending/com.google.android.finsky.contentfilterui.ContentFiltersService
07-29 17:36:30.698 31105 31554 W ProviderHelper: Unknown dynamite feature providerinstaller.dynamite
07-29 17:36:30.698 31105 31554 I DynamiteModule: Considering local module com.google.android.gms.providerinstaller.dynamite:1 and remote module com.google.android.gms.providerinstaller.dynamite:0
07-29 17:36:30.698 31105 31554 I DynamiteModule: Selected local version of com.google.android.gms.providerinstaller.dynamite
07-29 17:36:30.701 31193 31226 W EpFrameworkFactory: activated: false jar exist: false
07-29 17:36:30.703 31193 31226 E MiuiUtils: appliction not found
07-29 17:36:30.703 31193 31226 E MiuiUtils: android.content.pm.PackageManager$NameNotFoundException: com.miui.huanji
07-29 17:36:30.703 31193 31226 E MiuiUtils: 	at android.app.ApplicationPackageManager.getApplicationInfoAsUser(ApplicationPackageManager.java:532)
07-29 17:36:30.703 31193 31226 E MiuiUtils: 	at android.app.ApplicationPackageManager.getApplicationInfo(ApplicationPackageManager.java:515)
07-29 17:36:30.703 31193 31226 E MiuiUtils: 	at android.app.ApplicationPackageManager.getApplicationInfo(ApplicationPackageManager.java:509)
07-29 17:36:30.703 31193 31226 E MiuiUtils: 	at com.android.settings.MiuiUtils.isApplicationInstalled(SourceFile:1762)
07-29 17:36:30.703 31193 31226 E MiuiUtils: 	at com.android.settings.search.tree.AboutDeviceSettingsTree.getIntent(SourceFile:511)
07-29 17:36:30.703 31193 31226 E MiuiUtils: 	at com.android.settingslib.search.SettingsTree.getIntentForStart(SettingsTree.java:467)
07-29 17:36:30.703 31193 31226 E MiuiUtils: 	at com.android.settingslib.search.SettingsTree.getColumnValues(SettingsTree.java:636)
07-29 17:36:30.703 31193 31226 E MiuiUtils: 	at com.android.settingslib.search.SettingsTree.query(SettingsTree.java:564)
07-29 17:36:30.703 31193 31226 E MiuiUtils: 	at com.android.settingslib.search.IndexTree.dispatchQuery(IndexTree.java:198)
07-29 17:36:30.703 31193 31226 E MiuiUtils: 	at com.android.settingslib.search.IndexTree.dispatchQuery(IndexTree.java:207)
07-29 17:36:30.703 31193 31226 E MiuiUtils: 	at com.android.settingslib.search.IndexTree.dispatchQuery(IndexTree.java:207)
07-29 17:36:30.703 31193 31226 E MiuiUtils: 	at com.android.settings.search.provider.SettingsTreeHelper.query(SourceFile:121)
07-29 17:36:30.703 31193 31226 E MiuiUtils: 	at com.android.settings.search.provider.SettingsProvider.query(SourceFile:72)
07-29 17:36:30.703 31193 31226 E MiuiUtils: 	at android.content.ContentProvider.query(ContentProvider.java:1633)
07-29 17:36:30.703 31193 31226 E MiuiUtils: 	at android.content.ContentProvider.query(ContentProvider.java:1729)
07-29 17:36:30.703 31193 31226 E MiuiUtils: 	at android.content.ContentProvider$Transport.query(ContentProvider.java:301)
07-29 17:36:30.703 31193 31226 E MiuiUtils: 	at android.content.ContentProviderNative.onTransact(ContentProviderNative.java:110)
07-29 17:36:30.703 31193 31226 E MiuiUtils: 	at android.os.Binder.execTransactInternal(Binder.java:1507)
07-29 17:36:30.703 31193 31226 E MiuiUtils: 	at android.os.Binder.execTransact(Binder.java:1451)
07-29 17:36:30.707  8724 17530 W lyra-mdns-core: _deal_timeout query _lyra-mdns._udp.local[0C] timeout!
07-29 17:36:30.708 31105 31554 W ProviderHelper: Unknown dynamite feature providerinstaller.dynamite
07-29 17:36:30.708 31105 31554 I DynamiteModule: Considering local module com.google.android.gms.providerinstaller.dynamite:1 and remote module com.google.android.gms.providerinstaller.dynamite:0
07-29 17:36:30.708 31105 31554 I DynamiteModule: Selected local version of com.google.android.gms.providerinstaller.dynamite
07-29 17:36:30.717  1827  1827 I SDM     : HWCDisplay::SetActiveConfigWithConstraints: display:66-0, config: 1, WxH 1200x2670, fps 120
07-29 17:36:30.717  1827  1827 W SDM     : HWDeviceDRM::GetSupportedBitClkRate: Requested rate not supported: 1150000000
07-29 17:36:30.717  1827  1827 I SDM     : HWDeviceDRM::UpdateMixerAttributes: Mixer WxH 1200x2670-1 for Peripheral
07-29 17:36:30.717  1827  1827 I SDM     : HWCDisplay::SubmitDisplayConfig: Active configuration changed from config 3 to 1
07-29 17:36:30.717  1827  1827 I SDM     : HWCDisplay::SubmitDisplayConfig: Active WxH 1200x2670 ,ddic_mode:idle, timing_fps: 120, sf_fps: 120
07-29 17:36:30.722 13008 26895 I Market-RetrofitRequest: callEnd : https://updateinfo.market.xiaomi.com/apm/updateinfo/v2
07-29 17:36:30.724 13008 26895 W Market-Connection: Connection result is cut off as too long
07-29 17:36:30.729 31105 31554 W ProviderHelper: Unknown dynamite feature providerinstaller.dynamite
07-29 17:36:30.729 31105 31554 I DynamiteModule: Considering local module com.google.android.gms.providerinstaller.dynamite:1 and remote module com.google.android.gms.providerinstaller.dynamite:0
07-29 17:36:30.729 31105 31554 I DynamiteModule: Selected local version of com.google.android.gms.providerinstaller.dynamite
07-29 17:36:30.730  7989  7989 I RuntimePermissionManager: isRuntimeRequestSupport: true
07-29 17:36:30.733 31105 31554 W ProviderHelper: Unknown dynamite feature providerinstaller.dynamite
07-29 17:36:30.733 31105 31554 I DynamiteModule: Considering local module com.google.android.gms.providerinstaller.dynamite:1 and remote module com.google.android.gms.providerinstaller.dynamite:0
07-29 17:36:30.733 31105 31554 I DynamiteModule: Selected local version of com.google.android.gms.providerinstaller.dynamite
07-29 17:36:30.734 13008 26895 I Market-LocalAppManager: getUpdateInfoFromServer : end  , responseCode : OK
07-29 17:36:30.734 13008 26895 I Market-LocalAppManager: checkUpdateFromServer : end
07-29 17:36:30.735 13008 26895 I Market-LocalAppManager: checkUpdateFromServer  data parser : end
07-29 17:36:30.736 13008 26895 I Market-HuanjiManager: condition not satisfied, ignore
07-29 17:36:30.736 13008 26895 I Market-DataParser: [InvalidPackageList] JSON : invalidSystemPackageList list is null
07-29 17:36:30.736 13008 26895 I Market-LocalAppManager: checkUpdateFromServer  filter package : end
07-29 17:36:30.737 13008 26895 I Market-LocalAppManager: checkUpdateFromServer  support64BitPackagesJsonArray : end
07-29 17:36:30.737 13008 26895 I Market-LocalAppManager: query update apps from server : finish, 66 / 424 to update
07-29 17:36:30.739 18694 18722 W SQLiteLog: (28) double-quoted string literal: "com.google.android.gms"
07-29 17:36:30.740  2463  2775 I AppsFilter: interaction: PackageSetting{42c3305 com.android.microdroid.empty_payload/10236} -> PackageSetting{79e2dad com.miui.cleanmaster/10266} BLOCKED
07-29 17:36:30.740  2463  2775 I AppsFilter: interaction: PackageSetting{92ce668 io.appium.uiautomator2.server.test/10280} -> PackageSetting{79e2dad com.miui.cleanmaster/10266} BLOCKED
07-29 17:36:30.740  2463  2775 I AppsFilter: interaction: PackageSetting{b3e5bb8 io.github.ylimit.droidbotapp/10344} -> PackageSetting{79e2dad com.miui.cleanmaster/10266} BLOCKED
07-29 17:36:30.740  2463  2775 I AppsFilter: interaction: PackageSetting{2c1fa81 com.rongcard.eid/10151} -> PackageSetting{79e2dad com.miui.cleanmaster/10266} BLOCKED
07-29 17:36:30.740  2463  2775 I AppsFilter: interaction: PackageSetting{7b12726 io.appium.settings/10274} -> PackageSetting{79e2dad com.miui.cleanmaster/10266} BLOCKED
07-29 17:36:30.745 31105 31554 W ProviderHelper: Unknown dynamite feature providerinstaller.dynamite
07-29 17:36:30.745 31105 31554 I DynamiteModule: Considering local module com.google.android.gms.providerinstaller.dynamite:1 and remote module com.google.android.gms.providerinstaller.dynamite:0
07-29 17:36:30.745 31105 31554 I DynamiteModule: Selected local version of com.google.android.gms.providerinstaller.dynamite
07-29 17:36:30.747 13008 26895 I Market-RetrofitRequest: callStart : https://updateinfo.market.xiaomi.com/apm/updateinfo/priority
07-29 17:36:30.747 13008 26895 I Market-RetrofitRequest: HeaderInterceptor : https://updateinfo.market.xiaomi.com/apm/updateinfo/priority
07-29 17:36:30.748 13008 26895 E Market-Client: isSupportChildMode, error: java.lang.NumberFormatException: For input string: ""
07-29 17:36:30.748 13008 26895 E Market-Client: isSupportChildMode, error: java.lang.NumberFormatException: For input string: ""
07-29 17:36:30.749 13008 26895 I Market-LimitSpeedManager: startLimitSpeedNow() ====== speed = 32768
07-29 17:36:30.754 31105 31554 W ProviderHelper: Unknown dynamite feature providerinstaller.dynamite
07-29 17:36:30.754 31105 31554 I DynamiteModule: Considering local module com.google.android.gms.providerinstaller.dynamite:1 and remote module com.google.android.gms.providerinstaller.dynamite:0
07-29 17:36:30.754 31105 31554 I DynamiteModule: Selected local version of com.google.android.gms.providerinstaller.dynamite
07-29 17:36:30.758 31105 31463 I GmsModuleInitializer: Using ContainerGservicesDelegate
07-29 17:36:30.758 31105 31554 W ProviderHelper: Unknown dynamite feature providerinstaller.dynamite
07-29 17:36:30.758 31105 31554 I DynamiteModule: Considering local module com.google.android.gms.providerinstaller.dynamite:1 and remote module com.google.android.gms.providerinstaller.dynamite:0
07-29 17:36:30.758 31105 31554 I DynamiteModule: Selected local version of com.google.android.gms.providerinstaller.dynamite
07-29 17:36:30.760  4497  4497 I Launcher.Model: QUICK_SEARCH_PACKAGE_NAME ACTION_PACKAGE_REPLACED
07-29 17:36:30.764  2463  5459 W ParceledListSlice: Element #8 is 20788 bytes.
07-29 17:36:30.764  2463  5459 W ParceledListSlice: Element #9 is 20768 bytes.
07-29 17:36:30.767  3117  3117 I adbd    : in ShellService: getprop ro.debuggable
07-29 17:36:30.770  7368 21628 I PermissionControllerServiceImpl: Updating user sensitive for uid 10136
07-29 17:36:30.770 13008 26895 I Market-DownloadLimitSpeedManager: startLimitSpeed success. Total count 1
07-29 17:36:30.770  7368 21628 I PermissionControllerServiceImpl: Updating user sensitive for uid 10266
07-29 17:36:30.770 13008 26895 I Market-RetrofitRequest: HeaderInterceptor : https://updateinfo.market.xiaomi.com/apm/updateinfo/priority
07-29 17:36:30.776 31105 31554 W ProviderHelper: Unknown dynamite feature providerinstaller.dynamite
07-29 17:36:30.776 31105 31554 I DynamiteModule: Considering local module com.google.android.gms.providerinstaller.dynamite:1 and remote module com.google.android.gms.providerinstaller.dynamite:0
07-29 17:36:30.776 31105 31554 I DynamiteModule: Selected local version of com.google.android.gms.providerinstaller.dynamite
07-29 17:36:30.780  7773  7773 E RegisteredServicesCache: Skipping application component ComponentInfo{com.UCMobile/com.alibaba.ariver.commonability.device.jsapi.nfc.service.TinyAppHostApduService}: it must request the permission android.permission.NFC
07-29 17:36:30.780  7773  7773 E RegisteredServicesCache: Skipping application component ComponentInfo{com.UCMobile/com.alipay.mobile.aompdevice.nfc.service.TinyAppHostApduService}: it must request the permission android.permission.NFC
07-29 17:36:30.781  7773  7773 E RegisteredServicesCache: Skipping application component ComponentInfo{com.autonavi.minimap/com.alibaba.ariver.commonability.device.jsapi.nfc.service.TinyAppHostApduService}: it must request the permission android.permission.NFC
07-29 17:36:30.781  7773  7773 E RegisteredServicesCache: Skipping application component ComponentInfo{com.autonavi.minimap/com.alipay.mobile.aompdevice.nfc.service.TinyAppHostApduService}: it must request the permission android.permission.NFC
07-29 17:36:30.782  4916  5777 E SmsApplication: com.android.mms lost android:read_cell_broadcasts:  (fixing)
07-29 17:36:30.782  2463  5442 W AppOpService: Ignored setUidMode call for runtime permission app op: uid = 10141, code = READ_CELL_BROADCASTS, mode = allow, callingUid = 1001, oldMode = allow
07-29 17:36:30.782  7773  7773 I RegisteredServicesCache: current user: 0, is managed profile : false
07-29 17:36:30.783 31105 31554 W ProviderHelper: Unknown dynamite feature providerinstaller.dynamite
07-29 17:36:30.783 31105 31554 I DynamiteModule: Considering local module com.google.android.gms.providerinstaller.dynamite:1 and remote module com.google.android.gms.providerinstaller.dynamite:0
07-29 17:36:30.783 31105 31554 I DynamiteModule: Selected local version of com.google.android.gms.providerinstaller.dynamite
07-29 17:36:30.784  7773  7773 I RegisteredAidCache: updateRoutingLocked(false): Enter
07-29 17:36:30.784  7773  7773 I AidRoutingManager: configureRouting(false): Enter
07-29 17:36:30.784  7773  7773 E AidRoutingManager: Size of routing table970
07-29 17:36:30.784  7773  7773 I RegisteredAidCache: updateRoutingLocked(false): exit
07-29 17:36:30.784 31498 31498 I dex2oat64: dex2oat took 424.906ms (732.972ms cpu) (threads: 8) arena alloc=0B (0B) java alloc=6454KB (6609504B) native alloc=3931KB (4025808B) free=1113KB (1140704B)
07-29 17:36:30.787  2463  5529 W ParceledListSlice: Element #8 is 20788 bytes.
07-29 17:36:30.787  2463  5529 W ParceledListSlice: Element #9 is 20768 bytes.
07-29 17:36:30.790 20584 20585 I artd    : dex2oat returned code 0
07-29 17:36:30.791 31105 31554 W ProviderHelper: Unknown dynamite feature providerinstaller.dynamite
07-29 17:36:30.791 31105 31554 I DynamiteModule: Considering local module com.google.android.gms.providerinstaller.dynamite:1 and remote module com.google.android.gms.providerinstaller.dynamite:0
07-29 17:36:30.791 31105 31554 I DynamiteModule: Selected local version of com.google.android.gms.providerinstaller.dynamite
07-29 17:36:30.793 31193 31226 E MiuiWifiAssistFeatureSupport: Judge whether the Wifi Assist Fragment is available { CanWifiAssistant : true , isDualWifiSupported : true , linkTurbAvailable : true }
07-29 17:36:30.793 31193 31226 E MiuiWifiAssistFeatureSupport: Wifi Assist Fragment is available!
07-29 17:36:30.794  2463  5065 I ArtService: Dexopt result: [packageName = com.google.android.gms] DexContainerFileDexoptResult{dexContainerFile=/data/user_de/0/com.google.android.gms/app_chimera/m/0000001f/dl-Antifingerprinting.optional_252834100000.apk, primaryAbi=true, abi=arm64-v8a, actualCompilerFilter=verify, status=PERFORMED, dex2oatWallTimeMillis=470, dex2oatCpuTimeMillis=750, sizeBytes=375232, sizeBeforeBytes=0, extendedStatusFlags=[]}
07-29 17:36:30.794 31193 31226 E MiuiWifiAssistFeatureSupport: Judge whether the Wifi Assist Fragment is available { CanWifiAssistant : true , isDualWifiSupported : true , linkTurbAvailable : true }
07-29 17:36:30.794 31193 31226 E MiuiWifiAssistFeatureSupport: Wifi Assist Fragment is available!
07-29 17:36:30.794 20584 20585 W artd    : Could not get dex checksums for location /data/app/~~bEV2hEqNkbaxapPYa5ziew==/com.google.android.gms-6Lm1Wd6ACXZXXZ499rgYeA==/base.apk, fd=-1
07-29 17:36:30.795  2463  5065 E ArtService: Failed to dexopt [packageName = com.google.android.gms, dexPath = /data/user_de/0/com.google.android.gms/app_chimera/m/0000000e/dl-Appsearch.optional_252431100400.apk, isa = arm64, classLoaderContext = DLC[];PCL[/data/app/~~bEV2hEqNkbaxapPYa5ziew==/com.google.android.gms-6Lm1Wd6ACXZXXZ499rgYeA==/base.apk]{PCL[/system/framework/org.apache.http.legacy.jar]#PCL[/system/framework/com.android.media.remotedisplay.jar]#PCL[/system/framework/com.android.location.provider.jar]#PCL[/system_ext/framework/androidx.window.extensions.jar]#PCL[/system_ext/framework/androidx.window.sidecar.jar]}]
07-29 17:36:30.795  2463  5065 E ArtService: android.os.ServiceSpecificException: Failed to create OatFileAssistant: Failed to load class loader context files for '/data/user_de/0/com.google.android.gms/app_chimera/m/0000000e/dl-Appsearch.optional_252431100400.apk' with context 'DLC[];PCL[/data/app/~~bEV2hEqNkbaxapPYa5ziew==/com.google.android.gms-6Lm1Wd6ACXZXXZ499rgYeA==/base.apk]{PCL[/system/framework/org.apache.http.legacy.jar]#PCL[/system/framework/com.android.media.remotedisplay.jar]#PCL[/system/framework/com.android.location.provider.jar]#PCL[/system_ext/framework/androidx.window.extensions.jar]#PCL[/system_ext/framework/androidx.window.sidecar.jar]}' (code 1)
07-29 17:36:30.795  2463  5065 E ArtService: 	at android.os.Parcel.createExceptionOrNull(Parcel.java:3270)
07-29 17:36:30.795  2463  5065 E ArtService: 	at android.os.Parcel.createException(Parcel.java:3240)
07-29 17:36:30.795  2463  5065 E ArtService: 	at android.os.Parcel.readException(Parcel.java:3223)
07-29 17:36:30.795  2463  5065 E ArtService: 	at android.os.Parcel.readException(Parcel.java:3165)
07-29 17:36:30.795  2463  5065 E ArtService: 	at com.android.server.art.IArtd$Stub$Proxy.getDexoptNeeded(IArtd.java:1104)
07-29 17:36:30.795  2463  5065 E ArtService: 	at com.android.server.art.Dexopter.getDexoptNeeded(Dexopter.java:613)
07-29 17:36:30.795  2463  5065 E ArtService: 	at com.android.server.art.Dexopter.dexopt(Dexopter.java:314)
07-29 17:36:30.795  2463  5065 E ArtService: 	at com.android.server.art.DexoptHelper.dexoptPackage(DexoptHelper.java:345)
07-29 17:36:30.795  2463  5065 E ArtService: 	at com.android.server.art.DexoptHelper.lambda$dexoptPackages$2(DexoptHelper.java:234)
07-29 17:36:30.795  2463  5065 E ArtService: 	at com.android.server.art.DexoptHelper.$r8$lambda$uhsaBhFpEmk14_7pnvdkLlS5xtw(DexoptHelper.java:0)
07-29 17:36:30.795  2463  5065 E ArtService: 	at com.android.server.art.DexoptHelper$$ExternalSyntheticLambda2.get(R8$$SyntheticClass:0)
07-29 17:36:30.795  2463  5065 E ArtService: 	at java.util.concurrent.CompletableFuture$AsyncSupply.run(CompletableFuture.java:1744)
07-29 17:36:30.795  2463  5065 E ArtService: 	at com.android.server.art.ArtManagerLocal$$ExternalSyntheticLambda0.execute(R8$$SyntheticClass:0)
07-29 17:36:30.795  2463  5065 E ArtService: 	at java.util.concurrent.CompletableFuture.asyncSupplyStage(CompletableFuture.java:1758)
07-29 17:36:30.795  2463  5065 E ArtService: 	at java.util.concurrent.CompletableFuture.supplyAsync(CompletableFuture.java:1981)
07-29 17:36:30.795  2463  5065 E ArtService: 	at com.android.server.art.DexoptHelper.dexoptPackages(DexoptHelper.java:225)
07-29 17:36:30.795  2463  5065 E ArtService: 	at com.android.server.art.DexoptHelper.dexopt(DexoptHelper.java:135)
07-29 17:36:30.795  2463  5065 E ArtService: 	at com.android.server.art.DexoptHelper.dexopt(DexoptHelper.java:115)
07-29 17:36:30.795  2463  5065 E ArtService: 	at com.android.server.art.ArtManagerLocal.dexoptPackage(ArtManagerLocal.java:419)
07-29 17:36:30.795  2463  5065 E ArtService: 	at com.android.server.art.ArtManagerLocal.dexoptPackage(ArtManagerLocal.java:404)
07-29 17:36:30.795  2463  5065 E ArtService: 	at com.android.server.art.DexUseManagerLocal.notifyDexContainersLoaded(DexUseManagerLocal.java:441)
07-29 17:36:30.795  2463  5065 E ArtService: 	at com.android.server.pm.PackageManagerService$IPackageManagerImpl.notifyDexLoad(PackageManagerService.java:5864)
07-29 17:36:30.795  2463  5065 E ArtService: 	at android.content.pm.IPackageManager$Stub.onTransact(IPackageManager.java:3420)
07-29 17:36:30.795  2463  5065 E ArtService: 	at com.android.server.pm.PackageManagerService$IPackageManagerImpl.onTransact(PackageManagerService.java:6780)
07-29 17:36:30.795  2463  5065 E ArtService: 	at android.os.Binder.execTransactInternal(Binder.java:1512)
07-29 17:36:30.795  2463  5065 E ArtService: 	at android.os.Binder.execTransact(Binder.java:1451)
07-29 17:36:30.795  2463  5065 I ArtService: Dexopt result: [packageName = com.google.android.gms] DexContainerFileDexoptResult{dexContainerFile=/data/user_de/0/com.google.android.gms/app_chimera/m/0000000e/dl-Appsearch.optional_252431100400.apk, primaryAbi=true, abi=arm64-v8a, actualCompilerFilter=verify, status=FAILED, dex2oatWallTimeMillis=0, dex2oatCpuTimeMillis=0, sizeBytes=0, sizeBeforeBytes=0, extendedStatusFlags=[]}
07-29 17:36:30.795  2463  5065 W system_server: PerfMonitor async binderTransact :  time=494ms interface=android.content.pm.IPackageManager code=110
07-29 17:36:30.796  1827  2108 I SDM     : DisplayBase::CommitThread: Received idle timeout, panel: cmd, timeout: 70000 us
07-29 17:36:30.796  2463  5526 W AppOpService: Ignored setUidMode call for runtime permission app op: uid = 1001, code = READ_SMS, mode = allow, callingUid = 1001, oldMode = allow
07-29 17:36:30.799 20584 20585 W artd    : Could not get dex checksums for location /data/app/~~bEV2hEqNkbaxapPYa5ziew==/com.google.android.gms-6Lm1Wd6ACXZXXZ499rgYeA==/base.apk, fd=-1
07-29 17:36:30.799  2463  5526 E ArtService: Failed to dexopt [packageName = com.google.android.gms, dexPath = /data/user/0/com.google.android.gms/app_dg_cache/0B39CA6F573DF1E5E5AE6B4FDF634BC3FB8FC520/the.apk, isa = arm64, classLoaderContext = PCL[];PCL[/data/app/~~bEV2hEqNkbaxapPYa5ziew==/com.google.android.gms-6Lm1Wd6ACXZXXZ499rgYeA==/base.apk]{PCL[/system/framework/org.apache.http.legacy.jar]#PCL[/system/framework/com.android.media.remotedisplay.jar]#PCL[/system/framework/com.android.location.provider.jar]#PCL[/system_ext/framework/androidx.window.extensions.jar]#PCL[/system_ext/framework/androidx.window.sidecar.jar]}]
07-29 17:36:30.799  2463  5526 E ArtService: android.os.ServiceSpecificException: Failed to create OatFileAssistant: Failed to load class loader context files for '/data/user/0/com.google.android.gms/app_dg_cache/0B39CA6F573DF1E5E5AE6B4FDF634BC3FB8FC520/the.apk' with context 'PCL[];PCL[/data/app/~~bEV2hEqNkbaxapPYa5ziew==/com.google.android.gms-6Lm1Wd6ACXZXXZ499rgYeA==/base.apk]{PCL[/system/framework/org.apache.http.legacy.jar]#PCL[/system/framework/com.android.media.remotedisplay.jar]#PCL[/system/framework/com.android.location.provider.jar]#PCL[/system_ext/framework/androidx.window.extensions.jar]#PCL[/system_ext/framework/androidx.window.sidecar.jar]}' (code 1)
07-29 17:36:30.799  2463  5526 E ArtService: 	at android.os.Parcel.createExceptionOrNull(Parcel.java:3270)
07-29 17:36:30.799  2463  5526 E ArtService: 	at android.os.Parcel.createException(Parcel.java:3240)
07-29 17:36:30.799  2463  5526 E ArtService: 	at android.os.Parcel.readException(Parcel.java:3223)
07-29 17:36:30.799  2463  5526 E ArtService: 	at android.os.Parcel.readException(Parcel.java:3165)
07-29 17:36:30.799  2463  5526 E ArtService: 	at com.android.server.art.IArtd$Stub$Proxy.getDexoptNeeded(IArtd.java:1104)
07-29 17:36:30.799  2463  5526 E ArtService: 	at com.android.server.art.Dexopter.getDexoptNeeded(Dexopter.java:613)
07-29 17:36:30.799  2463  5526 E ArtService: 	at com.android.server.art.Dexopter.dexopt(Dexopter.java:314)
07-29 17:36:30.799  2463  5526 E ArtService: 	at com.android.server.art.DexoptHelper.dexoptPackage(DexoptHelper.java:345)
07-29 17:36:30.799  2463  5526 E ArtService: 	at com.android.server.art.DexoptHelper.lambda$dexoptPackages$2(DexoptHelper.java:234)
07-29 17:36:30.799  2463  5526 E ArtService: 	at com.android.server.art.DexoptHelper.$r8$lambda$uhsaBhFpEmk14_7pnvdkLlS5xtw(DexoptHelper.java:0)
07-29 17:36:30.799  2463  5526 E ArtService: 	at com.android.server.art.DexoptHelper$$ExternalSyntheticLambda2.get(R8$$SyntheticClass:0)
07-29 17:36:30.799  2463  5526 E ArtService: 	at java.util.concurrent.CompletableFuture$AsyncSupply.run(CompletableFuture.java:1744)
07-29 17:36:30.799  2463  5526 E ArtService: 	at com.android.server.art.ArtManagerLocal$$ExternalSyntheticLambda0.execute(R8$$SyntheticClass:0)
07-29 17:36:30.799  2463  5526 E ArtService: 	at java.util.concurrent.CompletableFuture.asyncSupplyStage(CompletableFuture.java:1758)
07-29 17:36:30.799  2463  5526 E ArtService: 	at java.util.concurrent.CompletableFuture.supplyAsync(CompletableFuture.java:1981)
07-29 17:36:30.799  2463  5526 E ArtService: 	at com.android.server.art.DexoptHelper.dexoptPackages(DexoptHelper.java:225)
07-29 17:36:30.799  2463  5526 E ArtService: 	at com.android.server.art.DexoptHelper.dexopt(DexoptHelper.java:135)
07-29 17:36:30.799  2463  5526 E ArtService: 	at com.android.server.art.DexoptHelper.dexopt(DexoptHelper.java:115)
07-29 17:36:30.799  2463  5526 E ArtService: 	at com.android.server.art.ArtManagerLocal.dexoptPackage(ArtManagerLocal.java:419)
07-29 17:36:30.799  2463  5526 E ArtService: 	at com.android.server.art.ArtManagerLocal.dexoptPackage(ArtManagerLocal.java:404)
07-29 17:36:30.799  2463  5526 E ArtService: 	at com.android.server.art.DexUseManagerLocal.notifyDexContainersLoaded(DexUseManagerLocal.java:441)
07-29 17:36:30.799  2463  5526 E ArtService: 	at com.android.server.pm.PackageManagerService$IPackageManagerImpl.notifyDexLoad(PackageManagerService.java:5864)
07-29 17:36:30.799  2463  5526 E ArtService: 	at android.content.pm.IPackageManager$Stub.onTransact(IPackageManager.java:3420)
07-29 17:36:30.799  2463  5526 E ArtService: 	at com.android.server.pm.PackageManagerService$IPackageManagerImpl.onTransact(PackageManagerService.java:6780)
07-29 17:36:30.799  2463  5526 E ArtService: 	at android.os.Binder.execTransactInternal(Binder.java:1512)
07-29 17:36:30.799  2463  5526 E ArtService: 	at android.os.Binder.execTransact(Binder.java:1451)
07-29 17:36:30.799  2463  5526 I ArtService: Dexopt result: [packageName = com.google.android.gms] DexContainerFileDexoptResult{dexContainerFile=/data/user/0/com.google.android.gms/app_dg_cache/0B39CA6F573DF1E5E5AE6B4FDF634BC3FB8FC520/the.apk, primaryAbi=true, abi=arm64-v8a, actualCompilerFilter=verify, status=FAILED, dex2oatWallTimeMillis=0, dex2oatCpuTimeMillis=0, sizeBytes=0, sizeBeforeBytes=0, extendedStatusFlags=[]}
07-29 17:36:30.800 20584 20585 W artd    : Could not get dex checksums for location /data/app/~~bEV2hEqNkbaxapPYa5ziew==/com.google.android.gms-6Lm1Wd6ACXZXXZ499rgYeA==/base.apk, fd=-1
07-29 17:36:30.800  2463  5526 E ArtService: Failed to dexopt [packageName = com.google.android.gms, dexPath = /data/user_de/0/com.google.android.gms/app_chimera/m/0000000f/dl-MlkitOcrCommon.optional_252431100400.apk, isa = arm64, classLoaderContext = DLC[];PCL[/data/app/~~bEV2hEqNkbaxapPYa5ziew==/com.google.android.gms-6Lm1Wd6ACXZXXZ499rgYeA==/base.apk]{PCL[/system/framework/org.apache.http.legacy.jar]#PCL[/system/framework/com.android.media.remotedisplay.jar]#PCL[/system/framework/com.android.location.provider.jar]#PCL[/system_ext/framework/androidx.window.extensions.jar]#PCL[/system_ext/framework/androidx.window.sidecar.jar]}]
07-29 17:36:30.800  2463  5526 E ArtService: android.os.ServiceSpecificException: Failed to create OatFileAssistant: Failed to load class loader context files for '/data/user_de/0/com.google.android.gms/app_chimera/m/0000000f/dl-MlkitOcrCommon.optional_252431100400.apk' with context 'DLC[];PCL[/data/app/~~bEV2hEqNkbaxapPYa5ziew==/com.google.android.gms-6Lm1Wd6ACXZXXZ499rgYeA==/base.apk]{PCL[/system/framework/org.apache.http.legacy.jar]#PCL[/system/framework/com.android.media.remotedisplay.jar]#PCL[/system/framework/com.android.location.provider.jar]#PCL[/system_ext/framework/androidx.window.extensions.jar]#PCL[/system_ext/framework/androidx.window.sidecar.jar]}' (code 1)
07-29 17:36:30.800  2463  5526 E ArtService: 	at android.os.Parcel.createExceptionOrNull(Parcel.java:3270)
07-29 17:36:30.800  2463  5526 E ArtService: 	at android.os.Parcel.createException(Parcel.java:3240)
07-29 17:36:30.800  2463  5526 E ArtService: 	at android.os.Parcel.readException(Parcel.java:3223)
07-29 17:36:30.800  2463  5526 E ArtService: 	at android.os.Parcel.readException(Parcel.java:3165)
07-29 17:36:30.800  2463  5526 E ArtService: 	at com.android.server.art.IArtd$Stub$Proxy.getDexoptNeeded(IArtd.java:1104)
07-29 17:36:30.800  2463  5526 E ArtService: 	at com.android.server.art.Dexopter.getDexoptNeeded(Dexopter.java:613)
07-29 17:36:30.800  2463  5526 E ArtService: 	at com.android.server.art.Dexopter.dexopt(Dexopter.java:314)
07-29 17:36:30.800  2463  5526 E ArtService: 	at com.android.server.art.DexoptHelper.dexoptPackage(DexoptHelper.java:345)
07-29 17:36:30.800  2463  5526 E ArtService: 	at com.android.server.art.DexoptHelper.lambda$dexoptPackages$2(DexoptHelper.java:234)
07-29 17:36:30.800  2463  5526 E ArtService: 	at com.android.server.art.DexoptHelper.$r8$lambda$uhsaBhFpEmk14_7pnvdkLlS5xtw(DexoptHelper.java:0)
07-29 17:36:30.800  2463  5526 E ArtService: 	at com.android.server.art.DexoptHelper$$ExternalSyntheticLambda2.get(R8$$SyntheticClass:0)
07-29 17:36:30.800  2463  5526 E ArtService: 	at java.util.concurrent.CompletableFuture$AsyncSupply.run(CompletableFuture.java:1744)
07-29 17:36:30.800  2463  5526 E ArtService: 	at com.android.server.art.ArtManagerLocal$$ExternalSyntheticLambda0.execute(R8$$SyntheticClass:0)
07-29 17:36:30.800  2463  5526 E ArtService: 	at java.util.concurrent.CompletableFuture.asyncSupplyStage(CompletableFuture.java:1758)
07-29 17:36:30.800  2463  5526 E ArtService: 	at java.util.concurrent.CompletableFuture.supplyAsync(CompletableFuture.java:1981)
07-29 17:36:30.800  2463  5526 E ArtService: 	at com.android.server.art.DexoptHelper.dexoptPackages(DexoptHelper.java:225)
07-29 17:36:30.800  2463  5526 E ArtService: 	at com.android.server.art.DexoptHelper.dexopt(DexoptHelper.java:135)
07-29 17:36:30.800  2463  5526 E ArtService: 	at com.android.server.art.DexoptHelper.dexopt(DexoptHelper.java:115)
07-29 17:36:30.800  2463  5526 E ArtService: 	at com.android.server.art.ArtManagerLocal.dexoptPackage(ArtManagerLocal.java:419)
07-29 17:36:30.800  2463  5526 E ArtService: 	at com.android.server.art.ArtManagerLocal.dexoptPackage(ArtManagerLocal.java:404)
07-29 17:36:30.800  2463  5526 E ArtService: 	at com.android.server.art.DexUseManagerLocal.notifyDexContainersLoaded(DexUseManagerLocal.java:441)
07-29 17:36:30.800  2463  5526 E ArtService: 	at com.android.server.pm.PackageManagerService$IPackageManagerImpl.notifyDexLoad(PackageManagerService.java:5864)
07-29 17:36:30.800  2463  5526 E ArtService: 	at android.content.pm.IPackageManager$Stub.onTransact(IPackageManager.java:3420)
07-29 17:36:30.800  2463  5526 E ArtService: 	at com.android.server.pm.PackageManagerService$IPackageManagerImpl.onTransact(PackageManagerService.java:6780)
07-29 17:36:30.800  2463  5526 E ArtService: 	at android.os.Binder.execTransactInternal(Binder.java:1512)
07-29 17:36:30.800  2463  5526 E ArtService: 	at android.os.Binder.execTransact(Binder.java:1451)
07-29 17:36:30.800  2463  5526 I ArtService: Dexopt result: [packageName = com.google.android.gms] DexContainerFileDexoptResult{dexContainerFile=/data/user_de/0/com.google.android.gms/app_chimera/m/0000000f/dl-MlkitOcrCommon.optional_252431100400.apk, primaryAbi=true, abi=arm64-v8a, actualCompilerFilter=verify, status=FAILED, dex2oatWallTimeMillis=0, dex2oatCpuTimeMillis=0, sizeBytes=0, sizeBeforeBytes=0, extendedStatusFlags=[]}
07-29 17:36:30.801 20584 20585 I artd    : Dex parent of /data/user_de/0/com.google.android.gms/app_chimera/m/00000024/dl-Appsearch.optional_252834100400.apk is not writable: Permission denied
07-29 17:36:30.801 20584 20585 I artd    : GetBestInfo checking odex in dalvik-cache (/data/dalvik-cache/arm64/data@user_de@0@com.google.android.gms@app_chimera@m@00000024@dl-Appsearch.optional_252834100400.apk@classes.dex)
07-29 17:36:30.801 20584 20585 I artd    : Loading /data/dalvik-cache/arm64/data@user_de@0@com.google.android.gms@app_chimera@m@00000024@dl-Appsearch.optional_252834100400.apk@classes.dex with executable: 0
