08-06 16:40:37.965 22853 10239 W System.err: 	at com.ss.android.ugc.bytex.pthread.base.convergence.hook.ThreadProxy$start$1.invoke(Unknown Source:30)
08-06 16:40:37.965 22853 10239 W System.err: 	at com.ss.android.ugc.bytex.pthread.base.convergence.hook.ThreadProxy$start$1.invoke(Unknown Source:10)
08-06 16:40:37.965 22853 10239 W System.err: 	at com.ss.android.ugc.bytex.pthread.base.convergence.helper.ThreadWorker.run(Unknown Source:60)
08-06 16:40:37.965 22853 10239 W System.err: 	at java.util.concurrent.ThreadPoolExecutor.runWorker(ThreadPoolExecutor.java:1251)
08-06 16:40:37.965 22853 10239 W System.err: 	at java.util.concurrent.ThreadPoolExecutor$Worker.run(ThreadPoolExecutor.java:668)
08-06 16:40:37.965 22853 10239 W System.err: 	at java.lang.Thread.run(Thread.java:1012)
08-06 16:40:37.965 22853 10239 W System.err: Caused by: android.system.GaiException: android_getaddrinfo failed: EAI_NODATA (No address associated with hostname)
08-06 16:40:37.965 22853 10239 W System.err: 	at libcore.io.Linux.android_getaddrinfo(Native Method)
08-06 16:40:37.965 22853 10239 W System.err: 	at libcore.io.ForwardingOs.android_getaddrinfo(ForwardingOs.java:133)
08-06 16:40:37.965 22853 10239 W System.err: 	at libcore.io.BlockGuardOs.android_getaddrinfo(BlockGuardOs.java:222)
08-06 16:40:37.965 22853 10239 W System.err: 	at libcore.io.ForwardingOs.android_getaddrinfo(ForwardingOs.java:133)
08-06 16:40:37.965 22853 10239 W System.err: 	at java.net.Inet6AddressImpl.lookupHostByName(Inet6AddressImpl.java:135)
08-06 16:40:37.965 22853 10239 W System.err: 	... 30 more
08-06 16:40:37.965 22853 10239 W System.err: java.net.UnknownHostException: Unable to resolve host "dm-hl.toutiao.com": No address associated with hostname
08-06 16:40:37.965 22853 10239 W System.err: 	at java.net.Inet6AddressImpl.lookupHostByName(Inet6AddressImpl.java:156)
08-06 16:40:37.965 22853 10239 W System.err: 	at java.net.Inet6AddressImpl.lookupAllHostAddr(Inet6AddressImpl.java:103)
08-06 16:40:37.965 22853 10239 W System.err: 	at java.net.InetAddress.getAllByName(InetAddress.java:1152)
08-06 16:40:37.965 22853 10239 W System.err: 	at com.android.okhttp.Dns$1.lookup(Dns.java:41)
08-06 16:40:37.965 22853 10239 W System.err: 	at com.android.okhttp.internal.http.RouteSelector.resetNextInetSocketAddress(RouteSelector.java:178)
08-06 16:40:37.965 22853 10239 W System.err: 	at com.android.okhttp.internal.http.RouteSelector.nextProxy(RouteSelector.java:144)
08-06 16:40:37.965 22853 10239 W System.err: 	at com.android.okhttp.internal.http.RouteSelector.next(RouteSelector.java:86)
08-06 16:40:37.965 22853 10239 W System.err: 	at com.android.okhttp.internal.http.StreamAllocation.findConnection(StreamAllocation.java:176)
08-06 16:40:37.965 22853 10239 W System.err: 	at com.android.okhttp.internal.http.StreamAllocation.findHealthyConnection(StreamAllocation.java:128)
08-06 16:40:37.965 22853 10239 W System.err: 	at com.android.okhttp.internal.http.StreamAllocation.newStream(StreamAllocation.java:97)
08-06 16:40:37.965 22853 10239 W System.err: 	at com.android.okhttp.internal.http.HttpEngine.connect(HttpEngine.java:289)
08-06 16:40:37.965 22853 10239 W System.err: 	at com.android.okhttp.internal.http.HttpEngine.sendRequest(HttpEngine.java:232)
08-06 16:40:37.965 22853 10239 W System.err: 	at com.android.okhttp.internal.huc.HttpURLConnectionImpl.execute(HttpURLConnectionImpl.java:465)
08-06 16:40:37.965 22853 10239 W System.err: 	at com.android.okhttp.internal.huc.HttpURLConnectionImpl.getResponse(HttpURLConnectionImpl.java:411)
08-06 16:40:37.965 22853 10239 W System.err: 	at com.android.okhttp.internal.huc.HttpURLConnectionImpl.getResponseCode(HttpURLConnectionImpl.java:542)
08-06 16:40:37.965 22853 10239 W System.err: 	at com.android.okhttp.internal.huc.DelegatingHttpsURLConnection.getResponseCode(DelegatingHttpsURLConnection.java:106)
08-06 16:40:37.965 22853 10239 W System.err: 	at com.android.okhttp.internal.huc.HttpsURLConnectionImpl.getResponseCode(HttpsURLConnectionImpl.java:30)
08-06 16:40:37.965 22853 10239 W System.err: 	at com.bytedance.ttnet.http.HttpURLConnClient.executeGet(HttpURLConnClient.java:84)
08-06 16:40:37.965 22853 10239 W System.err: 	at com.bytedance.ttnet.config.CronetRetryEventHandler.updateConfigOnCronetFailed(CronetRetryEventHandler.java:73)
08-06 16:40:37.965 22853 10239 W System.err: 	at com.bytedance.ttnet.cronet.AbsCronetDependAdapter$13.run(AbsCronetDependAdapter.java:288)
08-06 16:40:37.965 22853 10239 W System.err: 	at java.util.concurrent.Executors$RunnableAdapter.call(Executors.java:487)
08-06 16:40:37.965 22853 10239 W System.err: 	at java.util.concurrent.FutureTask.run(FutureTask.java:264)
08-06 16:40:37.965 22853 10239 W System.err: 	at java.util.concurrent.ThreadPoolExecutor.runWorker(ThreadPoolExecutor.java:1251)
08-06 16:40:37.965 22853 10239 W System.err: 	at java.util.concurrent.ThreadPoolExecutor$Worker.run(ThreadPoolExecutor.java:668)
08-06 16:40:37.965 22853 10239 W System.err: 	at java.lang.Thread.run(Thread.java:1012)
08-06 16:40:37.965 22853 10239 W System.err: 	at com.ss.android.ugc.bytex.pthread.base.convergence.hook.ThreadProxy$start$1.invoke(Unknown Source:30)
08-06 16:40:37.965 22853 10239 W System.err: 	at com.ss.android.ugc.bytex.pthread.base.convergence.hook.ThreadProxy$start$1.invoke(Unknown Source:10)
08-06 16:40:37.965 22853 10239 W System.err: 	at com.ss.android.ugc.bytex.pthread.base.convergence.helper.ThreadWorker.run(Unknown Source:60)
08-06 16:40:37.965 22853 10239 W System.err: 	at java.util.concurrent.ThreadPoolExecutor.runWorker(ThreadPoolExecutor.java:1251)
08-06 16:40:37.965 22853 10239 W System.err: 	at java.util.concurrent.ThreadPoolExecutor$Worker.run(ThreadPoolExecutor.java:668)
08-06 16:40:37.965 22853 10239 W System.err: 	at java.lang.Thread.run(Thread.java:1012)
08-06 16:40:37.965 22853 10239 W System.err: Caused by: android.system.GaiException: android_getaddrinfo failed: EAI_NODATA (No address associated with hostname)
08-06 16:40:37.965 22853 10239 W System.err: 	at libcore.io.Linux.android_getaddrinfo(Native Method)
08-06 16:40:37.965 22853 10239 W System.err: 	at libcore.io.ForwardingOs.android_getaddrinfo(ForwardingOs.java:133)
08-06 16:40:37.965 22853 10239 W System.err: 	at libcore.io.BlockGuardOs.android_getaddrinfo(BlockGuardOs.java:222)
08-06 16:40:37.965 22853 10239 W System.err: 	at libcore.io.ForwardingOs.android_getaddrinfo(ForwardingOs.java:133)
08-06 16:40:37.965 22853 10239 W System.err: 	at java.net.Inet6AddressImpl.lookupHostByName(Inet6AddressImpl.java:135)
08-06 16:40:37.965 22853 10239 W System.err: 	... 30 more
08-06 16:40:38.001  1843  2428 I SDM     : HWCDisplay::SetActiveConfigWithConstraints: display:66-0, config: 1, WxH 1200x2670, fps 120
08-06 16:40:38.001  1843  2428 W SDM     : HWDeviceDRM::GetSupportedBitClkRate: Requested rate not supported: 1150000000
08-06 16:40:38.001  1843  2428 I SDM     : HWDeviceDRM::UpdateMixerAttributes: Mixer WxH 1200x2670-1 for Peripheral
08-06 16:40:38.002  1843  2428 I SDM     : HWCDisplay::SubmitDisplayConfig: Active configuration changed from config 3 to 1
08-06 16:40:38.002  1843  2428 I SDM     : HWCDisplay::SubmitDisplayConfig: Active WxH 1200x2670 ,ddic_mode:idle, timing_fps: 120, sf_fps: 120
08-06 16:40:38.003  1843  3496 I vendor.qti.hardware.display.composer-service: Sensor: notify citsensorservice to trigger cwb, misForced = 0
08-06 16:40:38.003  3050  4554 I libsensor-parseRGB: request dump start for mRequestDisplayId 0
08-06 16:40:38.012 16543 16543 I Finsky  : [2] yag.g(1): yag - Received: android.intent.action.PACKAGE_ADDED, [GZLWxm7te8hPTIFqP2-7m7QitgfCdTwCryRUCn1KE-c]
08-06 16:40:38.016 16543  9729 I Finsky  : [823] pcp.accept(129): Wrote row to frosting DB: 1565
08-06 16:40:38.018 17757 17834 I Ad      : isPersonalizedAdEnabled getAdSettings: 1
08-06 16:40:38.019 13430 13430 I PackageInstallReceiver: action = android.intent.action.PACKAGE_ADDED packageName = pedometer.steptracker.calorieburner.stepcounter
08-06 16:40:38.020 13430 13430 I PackageInstallReceiver: action = android.intent.action.PACKAGE_CHANGED packageName = pedometer.steptracker.calorieburner.stepcounter
08-06 16:40:38.020 13430 13430 I ServiceDeliveryCapability: onAppChanged:pedometer.steptracker.calorieburner.stepcounter action:android.intent.action.PACKAGE_ADDED
08-06 16:40:38.020 13430 13430 W InstalledPackagesMemoryCache: Unknown action: android.intent.action.PACKAGE_CHANGED
08-06 16:40:38.020 13430 13430 I ServiceDeliveryCapability: onAppChanged:pedometer.steptracker.calorieburner.stepcounter action:android.intent.action.PACKAGE_CHANGED
08-06 16:40:38.020 13430 13430 I AppWidgetDelegate: updateAppWidgets for pedometer.steptracker.calorieburner.stepcounter
08-06 16:40:38.020 13430 13430 I WidgetController: WidgetController.updateOrRemoveStackWhenPackageChanged: packageName pedometer.steptracker.calorieburner.stepcounter
08-06 16:40:38.020 13430 13430 I WidgetBackgroundBlurManager: onAppChanged appPackageName : pedometer.steptracker.calorieburner.stepcounter
08-06 16:40:38.021 12995 12995 I VA_AiConn:ApkConstants: isPhoneCarLinkApp packageName=pedometer.steptracker.calorieburner.stepcounter
08-06 16:40:38.021 12995 14768 I VA_AliveCore:AbsCoreManager: msg.what = 1003
08-06 16:40:38.021 12995 14768 E VA_AliveCore:CoreManager: bind thread:id=279;name=CoreAssistInteraction
08-06 16:40:38.021 12995 14768 E VA_AliveCore:CoreManager: not target app
08-06 16:40:38.021 12995 14768 E VA_AliveCore:CoreManager: not target app
08-06 16:40:38.021 12995 14768 I VA_AliveCore:CoreManager: bindAliveServiceApps:com.miui.voicetrigger
08-06 16:40:38.021  2474  2745 W BroadcastQueue: Greezer Denial: sending Intent { act=android.intent.action.PACKAGE_ADDED dat=package: flg=0x4000010 (has extras) }, action: android.intent.action.PACKAGE_ADDED from null (uid=1000) due to receiver ProcessRecord{9356363 21009:com.instagram.android/u0a289} (uid 10289) need cached broadcast
08-06 16:40:38.022  2474  2745 W BroadcastQueue: Greezer Denial: sending Intent { act=android.intent.action.PACKAGE_ADDED dat=package: flg=0x4000010 (has extras) }, action: android.intent.action.PACKAGE_ADDED from null (uid=1000) due to receiver ProcessRecord{7f6b06a 21010:com.microsoft.office.outlook/u0a323} (uid 10323) need cached broadcast
08-06 16:40:38.023  6011  9734 I Market-PackageMonitor: [Download/Install] onReceive: android.intent.action.PACKAGE_ADDED, pkg: pedometer.steptracker.calorieburner.stepcounter
08-06 16:40:38.024  6011  9734 I Market-LocalAppManager: add package to list: pedometer.steptracker.calorieburner.stepcounter
08-06 16:40:38.025  6011  6095 I com.xiaomi.market:new_milink:SafeBroadcastReceiver: a perform cost 0
08-06 16:40:38.025 13430 14002 I AppWidgetDelegate: removeAllWidgets com.android.calendar.widget.NearEventAppWidget
08-06 16:40:38.025 13430 14002 I AppWidgetDelegate: removeAllWidgets com.xiaomi.misettings.usagestats.widget.desktop.widget.SimpleUsageStatsWidget
08-06 16:40:38.025 19029 19639 I auth    : [XMS][Auth] updatePackageInfos in db cnt: 1
08-06 16:40:38.026  6011  9734 I Market-ServiceUtils: Process is already in foreground state (importance 125), notification not needed
08-06 16:40:38.027  6011  9788 I Market-LocalAppManager: checkUpdateFromServer : start
08-06 16:40:38.027  6011  9788 I Market-LocalAppManager: getUpdateInfoFromServer : start,isBackground=true
08-06 16:40:38.028  6011  6082 I com.xiaomi.market:new_milink:SafeBroadcastReceiver: a perform cost 5
08-06 16:40:38.029  9799  9799 I Market-BaseWidgetProvider: BaseWidgetProvider action:com.xiaomi.market.APP_STATUS_CHANGED
08-06 16:40:38.029  6011  9788 I Market-LocalAppManager: getUpdateInfoFromServer : middle
08-06 16:40:38.029  9799  9799 I Market-newGameWidgetProvider: newGameWidgetProvider action: com.xiaomi.market.APP_STATUS_CHANGED
08-06 16:40:38.029  6011  9788 E Market-Client: isSupportChildMode, error: java.lang.NumberFormatException: For input string: ""
08-06 16:40:38.029  6011  6011 I Market-ServiceUtils: start foreground service: CheckUpdateService, notification not needed
08-06 16:40:38.034  2474  8755 W ParceledListSlice: Element #21 is 29016 bytes.
08-06 16:40:38.034  3050  4604 E libsensor-parseRGB: CWB NotifyCWBBufferDone  error 0
08-06 16:40:38.035  6011  9755 I Market-WakeLockManager: acquire wakeLock: CheckUpdateService for 30000
08-06 16:40:38.035 12995 14768 I VA_AliveCore:CoreManager: bindAliveServiceApps: services:[ResolveInfo{6d65f1b com.miui.voicetrigger/.VoiceTriggerService m=0x108000 userHandle=null}]
08-06 16:40:38.035 12995 14768 W VA_AliveConnection: startBind
08-06 16:40:38.035 12995 14768 I VA_AliveConnection: begin unregister
08-06 16:40:38.036 13588  9963 I auth    : [XMS][Auth] updatePackageInfos in db cnt: 1
08-06 16:40:38.036 12995 14768 I VA_AliveConnection: begin register
08-06 16:40:38.038  6011  9755 I Market-CheckUpdateService: force check Update Apps
08-06 16:40:38.038  6011  9755 I Market-LocalAppManager: query update apps from server : begin
08-06 16:40:38.038  6011  9755 I Market-LocalAppManager: checkUpdateFromServer : start
08-06 16:40:38.038  6011  9755 I Market-LocalAppManager: getUpdateInfoFromServer : start,isBackground=true
08-06 16:40:38.039 16543 16543 I Finsky  : [2] adpc.f(9): Clearing split related stale data.
08-06 16:40:38.040  2741  9775 I Fitness : (REDACTED) OnPackageChangedOperation got intent: %s
08-06 16:40:38.040 12995 14768 I VA_AliveConnection: begin unregister
08-06 16:40:38.041  6011  9788 I Market-RetrofitRequest: callStart : https://updateinfo.market.xiaomi.com/apm/updateinfo/v2
08-06 16:40:38.042 16543  9729 I Finsky  : [823] pcp.accept(129): Wrote row to frosting DB: 1566
08-06 16:40:38.043 12995 14768 I VA_AliveConnection: begin register
08-06 16:40:38.044 12995 14768 W VA_AliveConnection: voicetrigger process isn't running
08-06 16:40:38.044  1865  1865 I vendor.qti.hardware.servicetrackeraidl-service: unbindService is called for service : com.google.android.gms/.chimera.GmsBoundBrokerService and for client com.google.android.gms
08-06 16:40:38.045 12995 14768 I VA_AliveCore:AliveReport: saveStatusTimeToReportDB serviceName: com.miui.voicetrigger Time: 1754469638044 BootOn: true settingOn: false appOn: false
08-06 16:40:38.045  6011  9788 I Market-RetrofitRequest: HeaderInterceptor : https://updateinfo.market.xiaomi.com/apm/updateinfo/v2
08-06 16:40:38.047  6011  9788 E Market-Client: isSupportChildMode, error: java.lang.NumberFormatException: For input string: ""
08-06 16:40:38.047  1865  1865 I vendor.qti.hardware.servicetrackeraidl-service: bindService is called for service : com.miui.cleanmaster/androidx.work.impl.background.systemjob.SystemJobService and for client system
08-06 16:40:38.047  1865  1865 I vendor.qti.hardware.servicetrackeraidl-service: total connections for service : com.miui.cleanmaster/androidx.work.impl.background.systemjob.SystemJobServiceare :1
08-06 16:40:38.047  1865  1865 I vendor.qti.hardware.servicetrackeraidl-service: total connections for client : systemare :29
08-06 16:40:38.048  2474  7257 I MiuiNetworkPolicy: updateUidState uid = 10266, uidState = 8
08-06 16:40:38.048  6011  9788 E Market-Client: isSupportChildMode, error: java.lang.NumberFormatException: For input string: ""
08-06 16:40:38.049 12995 14768 W VA_AliveConnection: service don't need bind
08-06 16:40:38.049 12995 14768 W VA_AliveConnection: unLinkService:ComponentInfo{com.miui.voicetrigger/com.miui.voicetrigger.VoiceTriggerService}
08-06 16:40:38.049 12995 14768 W VA_AliveConnection: service does not bind now. ComponentInfo{com.miui.voicetrigger/com.miui.voicetrigger.VoiceTriggerService}
08-06 16:40:38.049 14107 14422 I VA_AliveCore:ContentObserver: onChange uri = [content://com.xiaomi.assist.report/aliveStatus]
08-06 16:40:38.050 14107  9742 I VA_AliveCore:AliveStatusUploader: queryAliveItem start ,debug false
08-06 16:40:38.050 14107  9742 I VA_AliveCore:AliveStatusUploader: queryAliveItem end ,too often 
08-06 16:40:38.053  7177  9839 I Auth    : (REDACTED) [SupervisedAccountIntentOperationV2] onHandleIntent: %s
08-06 16:40:38.054  2741  9808 I Fitness : (REDACTED) FitCleanupIntentOperation received Intent %s
08-06 16:40:38.054  2741  9764 I ProximityAuth: [RecentAppsMediator] Package added: (user=UserHandle{0}) pedometer.steptracker.calorieburner.stepcounter
08-06 16:40:38.054  2741  9775 W GCM     : Unexpected forwarded intent: Intent { act=android.intent.action.PACKAGE_ADDED dat=package: flg=0x4000010 pkg=com.google.android.gms cmp=com.google.android.gms/.chimera.PersistentIntentOperationService (has extras) }
08-06 16:40:38.055  1865  1865 I vendor.qti.hardware.servicetrackeraidl-service: destroyService is called for service : com.google.android.gms/.fitness.service.recording.FitRecordingBroker
08-06 16:40:38.055  7177  9778 I Dck     : (REDACTED) disableDckSupport: %s
08-06 16:40:38.055  7177  9778 I Dck     : [WirelessCapabilitiesFeatures] wccSysProp: 1 [CONTEXT service_id=289 ]
08-06 16:40:38.055  7177  9778 I Dck     : [WirelessCapabilitiesFeatures] wccMendel: 3 [CONTEXT service_id=289 ]
08-06 16:40:38.055  7177  9778 I Dck     : [WirelessCapabilitiesFeatures] deviceWccOverride: false [CONTEXT service_id=289 ]
08-06 16:40:38.055  7177  9778 I Dck     : [WirelessCapabilitiesFeatures] replaceSupportedWccWithWccOverride: true [CONTEXT service_id=289 ]
08-06 16:40:38.055  7177  9778 I Dck     : [WirelessCapabilitiesFeatures] wccOverride: not set [CONTEXT service_id=289 ]
08-06 16:40:38.055  7177  9778 I Dck     : (REDACTED) [WirelessCapabilitiesFeatures] wcc: %s
08-06 16:40:38.055  7177  9778 I Dck     : Dck module condition - downloadAllowed: false [CONTEXT service_id=289 ]
08-06 16:40:38.055  7177  9778 W Dck     : Dck module not eligible for asynchronous downloading [CONTEXT service_id=289 ]
08-06 16:40:38.055  2474  8336 W ParceledListSlice: Element #233 is 19012 bytes.
08-06 16:40:38.056  2741  9764 I IconCustomizer: load icon config path M100 63.2218C100 73.8128 100 79.1083 98.1974 84.809C95.9321 91.0327 91.0295 95.9353 84.8058 98.2006C79.7827 99.7891 75.0686 99.9776 66.7731 100H50H33.2269C24.9314 99.9776 20.2173 99.7891 15.1942 98.2006C8.97051 95.9353 4.06795 91.0327 1.80256 84.809C0 79.1083 0 73.8128 0 63.2218V50V36.7782C0 26.1872 0 20.8917 1.80256 15.191C4.06795 8.96731 8.97051 4.06474 15.1942 1.79936C20.2173 0.210897 24.9314 0.0224359 33.2269 0H50H66.7731C75.0686 0.0224359 79.7827 0.210897 84.8058 1.79936C91.0295 4.06474 95.9321 8.96731 98.1974 15.191C100 20.8917 100 26.1872 100 36.7782V50V63.2218Z, valid rect RectF(0.0, 0.0, 100.0, 100.0), isFullMask true
08-06 16:40:38.056  2741  9764 W IconCustomizer: getCustomizedIconW 201
08-06 16:40:38.056  2741  9760 W NetworkScheduler: Unexpected forwarded intent: Intent { act=android.intent.action.PACKAGE_ADDED dat=package: flg=0x4000010 pkg=com.google.android.gms cmp=com.google.android.gms/.chimera.PersistentIntentOperationService (has extras) }
08-06 16:40:38.058  2474  7379 I whetstone.activity: processNotifyEvent1 resId = 256, bundle = Bundle[{startTime=394262381, sourcePkg=com.miui.cleanmaster, sourceUid=10266, status=1, jobId=440, batteryName=com.miui.cleanmaster/androidx.work.impl.background.systemjob.SystemJobService, elapsedRealtime=394262381}]
08-06 16:40:38.059 14191 19651 I EventMonitor: notifyEvent resId=256
08-06 16:40:38.061  2474  2646 I SSRU-ResourceUsageProxy: getBalanceLocked pkgName is com.android.vending, -227891885727, mTrendCalculator.mAdjustPrice is 2147483647
08-06 16:40:38.064 16543 16543 I Finsky  : [2] akwu.c(44): Do not start WearSupportService due to Wear service optimization
08-06 16:40:38.064 16543 16543 I Finsky  : [2] kuy.f(9): AIM: AppInfoCacheUpdater -> invalidating apps: [pedometer.steptracker.calorieburner.stepcounter]
08-06 16:40:38.064 16543 16543 I Finsky  : [2] kvn.g(21): AIM: AppInfoManager-Perf > getApps > called for 1 apps
08-06 16:40:38.065 16543 17054 I Finsky  : [649] kwt.a(55): AIM: AppInfoManager-Perf > OnDeviceAppInfo > cacheHitCount=0, cacheMissCount=1. Missed  in cache (limit 10) : [pedometer.steptracker.calorieburner.stepcounter]
08-06 16:40:38.065  2741  9807 I Fitness : (REDACTED) OnPackageChangedOperation got intent: %s
08-06 16:40:38.065 16543 17042 I Finsky  : [646] kuq.apply(1378): AIM: Got app ownership map. App counts: . Unique apps: 0
08-06 16:40:38.065 16543 17042 I Finsky  : [646] kwt.a(55): AIM: AppInfoManager-Perf > OnDeviceAppInfo > cacheHitCount=0, cacheMissCount=1. Missed  in cache (limit 10) : [pedometer.steptracker.calorieburner.stepcounter]
08-06 16:40:38.066 16543 17024 I Finsky  : [641] kuq.apply(1378): AIM: Got app ownership map. App counts: . Unique apps: 0
08-06 16:40:38.066  9014  9021 I artd    : Dex parent of /data/app/~~VV5u9eUvbs6-CK-tdM88fg==/pedometer.steptracker.calorieburner.stepcounter-7RtEpVT-NNHFMt4nwrUDkQ==/base.apk is not writable: Permission denied
08-06 16:40:38.066  9014  9021 I artd    : GetBestInfo checking odex in dalvik-cache (/data/dalvik-cache/arm64/data@app@~~VV5u9eUvbs6-CK-tdM88fg==@pedometer.steptracker.calorieburner.stepcounter-7RtEpVT-NNHFMt4nwrUDkQ==@base.apk@classes.dex)
08-06 16:40:38.066  9014  9021 I artd    : Loading /data/dalvik-cache/arm64/data@app@~~VV5u9eUvbs6-CK-tdM88fg==@pedometer.steptracker.calorieburner.stepcounter-7RtEpVT-NNHFMt4nwrUDkQ==@base.apk@classes.dex with executable: 0
08-06 16:40:38.067  9014  9021 I artd    : OatFileAssistant test for existing oat file /data/dalvik-cache/arm64/data@app@~~VV5u9eUvbs6-CK-tdM88fg==@pedometer.steptracker.calorieburner.stepcounter-7RtEpVT-NNHFMt4nwrUDkQ==@base.apk@classes.dex: File /data/dalvik-cache/arm64/data@app@~~VV5u9eUvbs6-CK-tdM88fg==@pedometer.steptracker.calorieburner.stepcounter-7RtEpVT-NNHFMt4nwrUDkQ==@base.apk@classes.vdex does not exist.
08-06 16:40:38.067  9014  9021 I artd    : GetBestInfo checking odex next to the dex file (/data/app/~~VV5u9eUvbs6-CK-tdM88fg==/pedometer.steptracker.calorieburner.stepcounter-7RtEpVT-NNHFMt4nwrUDkQ==/oat/arm64/base.odex)
08-06 16:40:38.067  9014  9021 I artd    : Loading /data/app/~~VV5u9eUvbs6-CK-tdM88fg==/pedometer.steptracker.calorieburner.stepcounter-7RtEpVT-NNHFMt4nwrUDkQ==/oat/arm64/base.odex with executable: 0
08-06 16:40:38.067 17558  9804 I WM-WorkerWrapper: Worker result SUCCESS for Work [ id=60a830c8-9e41-43a2-9d29-f551c9676511, tags={ com.miui.optimizecenter.common.appcache.AppCacheManager$Companion$AppChangedReceiverWork } ]
08-06 16:40:38.067  9014  9021 I artd    : Successfully loaded /data/app/~~VV5u9eUvbs6-CK-tdM88fg==/pedometer.steptracker.calorieburner.stepcounter-7RtEpVT-NNHFMt4nwrUDkQ==/oat/arm64/base.odex with executable: 0
08-06 16:40:38.067  9014  9021 I artd    : /data/app/~~VV5u9eUvbs6-CK-tdM88fg==/pedometer.steptracker.calorieburner.stepcounter-7RtEpVT-NNHFMt4nwrUDkQ==/oat/arm64/base.odex is kOatUpToDate with filter verify
08-06 16:40:38.069 16543 16543 I Finsky  : [2] srb.akj(13): DTU: Received onPackageAdded, replacing: false
08-06 16:40:38.069  1865  1865 I vendor.qti.hardware.servicetrackeraidl-service: unbindService is called for service : com.google.android.gms/.chimera.PersistentDirectBootAwareApiService and for client com.google.android.gms
08-06 16:40:38.070 16543 16543 I Finsky  : [2] yag.g(1): yag - Received: android.intent.action.PACKAGE_CHANGED, [GZLWxm7te8hPTIFqP2-7m7QitgfCdTwCryRUCn1KE-c]
08-06 16:40:38.070 16543  9261 I Finsky  : [803] mjw.ajf(151): [ContentSync] finished, scheduled=false
08-06 16:40:38.072  2741  9770 I Fitness : (REDACTED) FitCleanupIntentOperation received Intent %s
08-06 16:40:38.074  2474  7382 I SmartPower: com.xiaomi.market:widgetProvider/10167(9799): background->idle(3198ms) R(broadcast end Intent { act=com.xiaomi.market.APP_STATUS_CHANGED flg=0x30 cmp=com.xiaomi.market/.business_ui.widget.NewGameWidgetProvider (has extras) }) adj=905.
08-06 16:40:38.074  2474  7382 I SmartPower: com.xiaomi.market/10167(6011): background->idle(3255ms) R(broadcast end Intent { act=com.xiaomi.market.APP_STATUS_CHANGED flg=0x30 cmp=com.xiaomi.market/.business_ui.widget.NewGameWidgetProvider (has extras) }) adj=200.
08-06 16:40:38.078  2474  7379 I whetstone.activity: processNotifyEvent1 resId = 256, bundle = Bundle[{startTime=394262400, sourcePkg=com.miui.cleanmaster, sourceUid=10266, status=0, jobId=440, batteryName=com.miui.cleanmaster/androidx.work.impl.background.systemjob.SystemJobService, elapsedRealtime=394262400}]
08-06 16:40:38.078 14191 19651 I EventMonitor: notifyEvent resId=256
08-06 16:40:38.079  1865  1865 I vendor.qti.hardware.servicetrackeraidl-service: unbindService is called for service : com.miui.cleanmaster/androidx.work.impl.background.systemjob.SystemJobService and for client system
08-06 16:40:38.079  1865  1865 I vendor.qti.hardware.servicetrackeraidl-service: size of service connections for service: com.miui.cleanmaster/androidx.work.impl.background.systemjob.SystemJobServiceafter removal is 0
08-06 16:40:38.079  1865  1865 I vendor.qti.hardware.servicetrackeraidl-service: size of client connections for client: systemafter removal is 28
08-06 16:40:38.079  1865  1865 I vendor.qti.hardware.servicetrackeraidl-service: destroyService is called for service : com.miui.cleanmaster/androidx.work.impl.background.systemjob.SystemJobService
08-06 16:40:38.080  2474  7257 I MiuiNetworkPolicy: updateUidState uid = 10266, uidState = 10
08-06 16:40:38.080 16543 17002 I Finsky  : [637] kwp.a(206): AIM: AppInfoManager-Perf > ItemModel > CacheSize=33, cacheHitCount=0, cacheMissCount=0, total appsWithNoServerDataCount=3. Missed  in cache (limit 10) : []
08-06 16:40:38.082  2474  4292 W JobScheduler: Job didn't exist in JobStore: 
08-06 16:40:38.082  2474  4292 W SSRU-ResourceUsageProxy: Nonexistent ongoing transaction JHR:440 for u:0 pkg:com.miui.cleanmaster ended
08-06 16:40:38.082  6011  9788 I Market-LimitSpeedManager: startLimitSpeedNow() ====== speed = 32768
08-06 16:40:38.083 16543 17042 I Finsky  : [646] kwp.a(206): AIM: AppInfoManager-Perf > ItemModel > CacheSize=33, cacheHitCount=0, cacheMissCount=0, total appsWithNoServerDataCount=3. Missed  in cache (limit 10) : []
08-06 16:40:38.085  2474  7257 I MiuiNetworkPolicy: updateUidState uid = 10266, uidState = 19
08-06 16:40:38.086 16543  9729 I Finsky  : [823] pcp.accept(129): Wrote row to frosting DB: 1567
08-06 16:40:38.086  1865  1865 I vendor.qti.hardware.servicetrackeraidl-service: destroyService is called for service : com.google.android.gms/.fitness.service.recording.FitRecordingBroker
08-06 16:40:38.087  6011  9788 I Market-DownloadLimitSpeedManager: startLimitSpeed success. Total count 1
08-06 16:40:38.087  6011  9788 I Market-RetrofitRequest: HeaderInterceptor : https://updateinfo.market.xiaomi.com/apm/updateinfo/v2
08-06 16:40:38.089  1843  2051 I SDM     : DisplayBase::CommitThread: Received idle timeout, panel: cmd, timeout: 70000 us
08-06 16:40:38.089  2474 10058 W ParceledListSlice: Element #362 is 25752 bytes.
08-06 16:40:38.092 16543  9729 I Finsky  : [823] pcp.accept(129): Wrote row to frosting DB: 1568
08-06 16:40:38.093  7177  9250 W GmscoreIpa: Can't build MobileApplication indexable: URL too long intent:#Intent;action=android.intent.action.MAIN;category=android.intent.category.LAUNCHER;package=pedometer.steptracker.calorieburner.stepcounter;component=pedometer.steptracker.calorieburner.stepcounter/steptracker.stepcounter.pedometer.activity.SplashActivity;end [CONTEXT service_id=255 ]
08-06 16:40:38.093  7177  9821 I Icing   : Indexing com.google.android.gms-apps from com.google.android.gms
08-06 16:40:38.093 16543 16543 I Finsky  : [2] kuy.f(9): AIM: AppInfoCacheUpdater -> invalidating apps: [pedometer.steptracker.calorieburner.stepcounter]
08-06 16:40:38.094 16543 16543 I Finsky  : [2] kvn.g(21): AIM: AppInfoManager-Perf > getApps > called for 1 apps
08-06 16:40:38.094 16543 17054 I Finsky  : [649] kwt.a(55): AIM: AppInfoManager-Perf > OnDeviceAppInfo > cacheHitCount=0, cacheMissCount=1. Missed  in cache (limit 10) : [pedometer.steptracker.calorieburner.stepcounter]
08-06 16:40:38.094 16543 17002 I Finsky  : [637] kuq.apply(1378): AIM: Got app ownership map. App counts: . Unique apps: 0
08-06 16:40:38.095 16543 17024 I Finsky  : [641] kwt.a(55): AIM: AppInfoManager-Perf > OnDeviceAppInfo > cacheHitCount=1, cacheMissCount=0. Missed  in cache (limit 10) : []
08-06 16:40:38.095 16543 17002 I Finsky  : [637] kuq.apply(1378): AIM: Got app ownership map. App counts: . Unique apps: 0
08-06 16:40:38.096 16543 17042 I Finsky  : [646] jyg.accept(156): AIM: AppInfoManager-Perf > getApps > data collection finished
08-06 16:40:38.096 16543 17042 I Finsky  : [646] kvo.run(976): AIM: AppInfoManager-Perf > maybeDestroyAppInfoManager is called. actives = 2
08-06 16:40:38.097  9014  9021 I artd    : Dex parent of /data/app/~~VV5u9eUvbs6-CK-tdM88fg==/pedometer.steptracker.calorieburner.stepcounter-7RtEpVT-NNHFMt4nwrUDkQ==/base.apk is not writable: Permission denied
08-06 16:40:38.097  9014  9021 I artd    : GetBestInfo checking odex in dalvik-cache (/data/dalvik-cache/arm64/data@app@~~VV5u9eUvbs6-CK-tdM88fg==@pedometer.steptracker.calorieburner.stepcounter-7RtEpVT-NNHFMt4nwrUDkQ==@base.apk@classes.dex)
08-06 16:40:38.097  9014  9021 I artd    : Loading /data/dalvik-cache/arm64/data@app@~~VV5u9eUvbs6-CK-tdM88fg==@pedometer.steptracker.calorieburner.stepcounter-7RtEpVT-NNHFMt4nwrUDkQ==@base.apk@classes.dex with executable: 0
08-06 16:40:38.097  9014  9021 I artd    : OatFileAssistant test for existing oat file /data/dalvik-cache/arm64/data@app@~~VV5u9eUvbs6-CK-tdM88fg==@pedometer.steptracker.calorieburner.stepcounter-7RtEpVT-NNHFMt4nwrUDkQ==@base.apk@classes.dex: File /data/dalvik-cache/arm64/data@app@~~VV5u9eUvbs6-CK-tdM88fg==@pedometer.steptracker.calorieburner.stepcounter-7RtEpVT-NNHFMt4nwrUDkQ==@base.apk@classes.vdex does not exist.
08-06 16:40:38.097  9014  9021 I artd    : GetBestInfo checking odex next to the dex file (/data/app/~~VV5u9eUvbs6-CK-tdM88fg==/pedometer.steptracker.calorieburner.stepcounter-7RtEpVT-NNHFMt4nwrUDkQ==/oat/arm64/base.odex)
08-06 16:40:38.097  9014  9021 I artd    : Loading /data/app/~~VV5u9eUvbs6-CK-tdM88fg==/pedometer.steptracker.calorieburner.stepcounter-7RtEpVT-NNHFMt4nwrUDkQ==/oat/arm64/base.odex with executable: 0
08-06 16:40:38.097  9014  9021 I artd    : Successfully loaded /data/app/~~VV5u9eUvbs6-CK-tdM88fg==/pedometer.steptracker.calorieburner.stepcounter-7RtEpVT-NNHFMt4nwrUDkQ==/oat/arm64/base.odex with executable: 0
08-06 16:40:38.098  9014  9021 I artd    : /data/app/~~VV5u9eUvbs6-CK-tdM88fg==/pedometer.steptracker.calorieburner.stepcounter-7RtEpVT-NNHFMt4nwrUDkQ==/oat/arm64/base.odex is kOatUpToDate with filter verify
08-06 16:40:38.099  1865  1865 I vendor.qti.hardware.servicetrackeraidl-service: unbindService is called for service : com.google.android.gms/.chimera.PersistentDirectBootAwareApiService and for client com.google.android.gms.persistent
08-06 16:40:38.100  7177  9250 W GmscoreIpa: Can't build MobileApplication indexable: URL too long intent:#Intent;action=android.intent.action.MAIN;category=android.intent.category.LAUNCHER;package=pedometer.steptracker.calorieburner.stepcounter;component=pedometer.steptracker.calorieburner.stepcounter/steptracker.stepcounter.pedometer.activity.SplashActivity;end [CONTEXT service_id=255 ]
08-06 16:40:38.101  1865  1865 I vendor.qti.hardware.servicetrackeraidl-service: unbindService is called for service : com.google.android.gms/.chimera.PersistentDirectBootAwareApiService and for client com.google.android.gms.persistent
08-06 16:40:38.104  7177  9821 I Icing   : Indexing done com.google.android.gms-apps
08-06 16:40:38.105  7177  9821 I Icing   : Indexing com.google.android.gms-apps from com.google.android.gms
08-06 16:40:38.107  7177  9250 W GmscoreIpa: Can't build MobileApplication indexable: URL too long intent:#Intent;action=android.intent.action.MAIN;category=android.intent.category.LAUNCHER;package=pedometer.steptracker.calorieburner.stepcounter;component=pedometer.steptracker.calorieburner.stepcounter/steptracker.stepcounter.pedometer.activity.SplashActivity;end [CONTEXT service_id=255 ]
08-06 16:40:38.107 16543 17054 I Finsky  : [649] kwp.a(206): AIM: AppInfoManager-Perf > ItemModel > CacheSize=33, cacheHitCount=0, cacheMissCount=0, total appsWithNoServerDataCount=3. Missed  in cache (limit 10) : []
08-06 16:40:38.108 16543 17042 I Finsky  : [646] kwp.a(206): AIM: AppInfoManager-Perf > ItemModel > CacheSize=33, cacheHitCount=0, cacheMissCount=0, total appsWithNoServerDataCount=3. Missed  in cache (limit 10) : []
08-06 16:40:38.108 16543 17054 I Finsky  : [649] jyg.accept(156): AIM: AppInfoManager-Perf > getApps > data collection finished
08-06 16:40:38.108 16543 17054 I Finsky  : [649] kvo.run(976): AIM: AppInfoManager-Perf > maybeDestroyAppInfoManager is called. actives = 1
08-06 16:40:38.112  7177  9821 I Icing   : Indexing done com.google.android.gms-apps
08-06 16:40:38.112  1850  9924 E ANDR-PERF-LM: MetaMeter: handleAsync() 166: AdaptLaunch Invalid Async
08-06 16:40:38.113  7177  9821 I Icing   : Indexing com.google.android.gms-apps from com.google.android.gms
08-06 16:40:38.114  7177  9821 I Icing   : Indexing done com.google.android.gms-apps
08-06 16:40:38.114 13223 17910 W SQLiteLog: (28) double-quoted string literal: "pedometer.steptracker.calorieburner.stepcounter"
08-06 16:40:38.115  1865  1865 I vendor.qti.hardware.servicetrackeraidl-service: destroyService is called for service : com.google.android.gms/.icing.service.IndexWorkerService
08-06 16:40:38.116  9014  9021 I artd    : Dex parent of /data/app/~~VV5u9eUvbs6-CK-tdM88fg==/pedometer.steptracker.calorieburner.stepcounter-7RtEpVT-NNHFMt4nwrUDkQ==/base.apk is not writable: Permission denied
08-06 16:40:38.116  9014  9021 I artd    : GetBestInfo checking odex in dalvik-cache (/data/dalvik-cache/arm64/data@app@~~VV5u9eUvbs6-CK-tdM88fg==@pedometer.steptracker.calorieburner.stepcounter-7RtEpVT-NNHFMt4nwrUDkQ==@base.apk@classes.dex)
08-06 16:40:38.116  9014  9021 I artd    : Loading /data/dalvik-cache/arm64/data@app@~~VV5u9eUvbs6-CK-tdM88fg==@pedometer.steptracker.calorieburner.stepcounter-7RtEpVT-NNHFMt4nwrUDkQ==@base.apk@classes.dex with executable: 0
08-06 16:40:38.116  9014  9021 I artd    : OatFileAssistant test for existing oat file /data/dalvik-cache/arm64/data@app@~~VV5u9eUvbs6-CK-tdM88fg==@pedometer.steptracker.calorieburner.stepcounter-7RtEpVT-NNHFMt4nwrUDkQ==@base.apk@classes.dex: File /data/dalvik-cache/arm64/data@app@~~VV5u9eUvbs6-CK-tdM88fg==@pedometer.steptracker.calorieburner.stepcounter-7RtEpVT-NNHFMt4nwrUDkQ==@base.apk@classes.vdex does not exist.
08-06 16:40:38.116  9014  9021 I artd    : GetBestInfo checking odex next to the dex file (/data/app/~~VV5u9eUvbs6-CK-tdM88fg==/pedometer.steptracker.calorieburner.stepcounter-7RtEpVT-NNHFMt4nwrUDkQ==/oat/arm64/base.odex)
08-06 16:40:38.116  9014  9021 I artd    : Loading /data/app/~~VV5u9eUvbs6-CK-tdM88fg==/pedometer.steptracker.calorieburner.stepcounter-7RtEpVT-NNHFMt4nwrUDkQ==/oat/arm64/base.odex with executable: 0
08-06 16:40:38.116  9014  9021 I artd    : Successfully loaded /data/app/~~VV5u9eUvbs6-CK-tdM88fg==/pedometer.steptracker.calorieburner.stepcounter-7RtEpVT-NNHFMt4nwrUDkQ==/oat/arm64/base.odex with executable: 0
08-06 16:40:38.116 10308 13587 I WakePathUpdatePolicy: doUpdate(user 0):responseCode:200
08-06 16:40:38.116 10308 13587 W WakePathUpdatePolicy: doUpdate(user 0): Response stream size=1408
08-06 16:40:38.116  9014  9021 I artd    : /data/app/~~VV5u9eUvbs6-CK-tdM88fg==/pedometer.steptracker.calorieburner.stepcounter-7RtEpVT-NNHFMt4nwrUDkQ==/oat/arm64/base.odex is kOatUpToDate with filter verify
08-06 16:40:38.118 10308 13587 I WakePathUpdatePolicy: pushWakePathData begin
08-06 16:40:38.118 10308 13587 I com.lbe.security.service.provider.WakePathDatabaseUtil: getWakePathWhiteList: whiteList.size=5
08-06 16:40:38.119  2474  8393 I WakePathChecker: MIUILOG-WAKEPATH pushWakePathWhiteList: userId=0 size=5
08-06 16:40:38.119 10308 13587 I com.lbe.security.service.provider.WakePathDatabaseUtil: getWakePathRuleList: wakeType=1 wakePathRules.size=3
08-06 16:40:38.119  2474  8393 I WakePathChecker: MIUILOG-WAKEPATH pushWakePathRuleInfos: wakeType=1 userId=0 size=3
08-06 16:40:38.120 10308 13587 I com.lbe.security.service.provider.WakePathDatabaseUtil: getWakePathRuleList: wakeType=8 wakePathRules.size=8
08-06 16:40:38.120  2474 10061 I WakePathChecker: MIUILOG-WAKEPATH pushWakePathRuleInfos: wakeType=8 userId=0 size=8
08-06 16:40:38.120 10308 13587 I com.lbe.security.service.provider.WakePathDatabaseUtil: getWakePathRuleList: wakeType=4 wakePathRules.size=4
08-06 16:40:38.120  2474 10061 I WakePathChecker: MIUILOG-WAKEPATH pushWakePathRuleInfos: wakeType=4 userId=0 size=4
08-06 16:40:38.120 10308 13587 I com.lbe.security.service.provider.WakePathDatabaseUtil: getWakePathRuleList: wakeType=2 wakePathRules.size=1
08-06 16:40:38.121  2474  8393 I WakePathChecker: MIUILOG-WAKEPATH pushWakePathRuleInfos: wakeType=2 userId=0 size=1
08-06 16:40:38.121 10308 13587 I com.lbe.security.service.provider.WakePathDatabaseUtil: getWakePathRuleList: wakeType=17 wakePathRules.size=0
08-06 16:40:38.121  2474 10058 I WakePathChecker: MIUILOG-WAKEPATH pushWakePathRuleInfos: wakeType=17 userId=0 size=0
08-06 16:40:38.122 10308 13587 I com.lbe.security.service.provider.WakePathDatabaseUtil: getWakePathRuleList: wakeType=32 wakePathRules.size=1
08-06 16:40:38.122  2474 10058 I WakePathChecker: MIUILOG-WAKEPATH pushWakePathRuleInfos: wakeType=32 userId=0 size=1
08-06 16:40:38.122 10308 13587 I com.lbe.security.service.provider.WakePathDatabaseUtil: getWakePathRuleList: wakeType=256 wakePathRules.size=8
08-06 16:40:38.123  2474 10058 I WakePathChecker: MIUILOG-WAKEPATH pushWakePathRuleInfos: wakeType=256 userId=0 size=8
08-06 16:40:38.123 10308 13587 I com.lbe.security.service.provider.WakePathDatabaseUtil: getWakePathRuleList: wakeType=128 wakePathRules.size=4
08-06 16:40:38.123  2474 10058 I WakePathChecker: MIUILOG-WAKEPATH pushWakePathRuleInfos: wakeType=128 userId=0 size=4
08-06 16:40:38.123 10308 13587 I com.lbe.security.service.provider.WakePathDatabaseUtil: getWakePathRuleList: wakeType=64 wakePathRules.size=2
08-06 16:40:38.124  2474  8393 I WakePathChecker: MIUILOG-WAKEPATH pushWakePathRuleInfos: wakeType=64 userId=0 size=2
08-06 16:40:38.124 10308 13587 I com.lbe.security.service.provider.WakePathDatabaseUtil: getWakePathRuleList: wakeType=4096 wakePathRules.size=2
08-06 16:40:38.124  2474 10058 I WakePathChecker: MIUILOG-WAKEPATH pushWakePathRuleInfos: wakeType=4096 userId=0 size=2
08-06 16:40:38.124  6011  9788 I Market-DownloadLimitSpeedManager: stopLimitSpeed
08-06 16:40:38.124 10308 13587 I com.lbe.security.service.provider.WakePathDatabaseUtil: getWakePathRuleList: wakeType=32768 wakePathRules.size=1
08-06 16:40:38.124  6011  9788 I Market-LimitSpeedManager: stopLimitSpeedNow() =========== 
08-06 16:40:38.125  2474  8393 I WakePathChecker: MIUILOG-WAKEPATH pushWakePathRuleInfos: wakeType=32768 userId=0 size=1
08-06 16:40:38.125 10308 13587 I com.lbe.security.service.provider.WakePathDatabaseUtil: getWakePathRuleList: wakeType=8192 wakePathRules.size=6
08-06 16:40:38.125  2474 10061 I WakePathChecker: MIUILOG-WAKEPATH pushWakePathRuleInfos: wakeType=8192 userId=0 size=6
08-06 16:40:38.126 10308 13587 I com.lbe.security.service.provider.WakePathDatabaseUtil: getWakePathRuleList: wakeType=16384 wakePathRules.size=0
08-06 16:40:38.126  2474 10058 I WakePathChecker: MIUILOG-WAKEPATH pushWakePathRuleInfos: wakeType=16384 userId=0 size=0
08-06 16:40:38.126 10308 13587 I com.lbe.security.service.provider.WakePathDatabaseUtil: getWakePathRuleList: wakeType=22 wakePathRules.size=0
08-06 16:40:38.127  2474 10061 I WakePathChecker: MIUILOG-WAKEPATH pushWakePathRuleInfos: wakeType=22 userId=0 size=0
08-06 16:40:38.127 10308 13587 I WakePathUpdatePolicy: pushWakePathData end
08-06 16:40:38.127 10308 13587 I WakePathUpdatePolicy: doUpdate end
08-06 16:40:38.127  6011  9788 I Market-RetrofitRequest: callEnd : https://updateinfo.market.xiaomi.com/apm/updateinfo/v2
08-06 16:40:38.128  6011  9788 I Market-LocalAppManager: getUpdateInfoFromServer : end  , responseCode : OK
08-06 16:40:38.128  6011  9788 I Market-LocalAppManager: checkUpdateFromServer : end
08-06 16:40:38.128  6011  9788 I Market-LocalAppManager: checkUpdateFromServer  data parser : end
08-06 16:40:38.129  6011  9788 I Market-HuanjiManager: condition not satisfied, ignore
08-06 16:40:38.129  6011  9788 I Market-DataParser: [InvalidPackageList] JSON : invalidSystemPackageList list is null
08-06 16:40:38.129  6011  9788 I Market-LocalAppManager: checkUpdateFromServer  filter package : end
08-06 16:40:38.129  6011  9788 I Market-LocalAppManager: checkUpdateFromServer  support64BitPackagesJsonArray : end
08-06 16:40:38.130  6011  9755 I Market-LocalAppManager: getUpdateInfoFromServer : middle
08-06 16:40:38.130  6011  9755 E Market-Client: isSupportChildMode, error: java.lang.NumberFormatException: For input string: ""
08-06 16:40:38.133 10308 13372 I e.security.miui: This is sticky GC, maxfree is 16777216 minfree is 8388608
08-06 16:40:38.133 10308 13372 W e.security.miui: Reducing the number of considered missed Gc histogram windows from 111 to 100
08-06 16:40:38.133  6011  9755 I Market-RetrofitRequest: callStart : https://updateinfo.market.xiaomi.com/apm/updateinfo/v2
08-06 16:40:38.133  6011  9755 I Market-RetrofitRequest: HeaderInterceptor : https://updateinfo.market.xiaomi.com/apm/updateinfo/v2
08-06 16:40:38.134  6011  9755 E Market-Client: isSupportChildMode, error: java.lang.NumberFormatException: For input string: ""
08-06 16:40:38.134  6011  9755 E Market-Client: isSupportChildMode, error: java.lang.NumberFormatException: For input string: ""
08-06 16:40:38.143  6011  9755 I Market-LimitSpeedManager: startLimitSpeedNow() ====== speed = 32768
08-06 16:40:38.145  6011  9755 I Market-DownloadLimitSpeedManager: startLimitSpeed success. Total count 1
08-06 16:40:38.145  6011  9755 I Market-RetrofitRequest: HeaderInterceptor : https://updateinfo.market.xiaomi.com/apm/updateinfo/v2
08-06 16:40:38.151  6011  6025 I m.xiaomi.market: This is sticky GC, maxfree is 16777216 minfree is 8388608
08-06 16:40:38.152  6011  6027 W System  : A resource failed to call close. 
08-06 16:40:38.152  6011  6027 W System  : A resource failed to call close. 
08-06 16:40:38.152  6011  6027 W System  : A resource failed to call close. 
08-06 16:40:38.153  6011  6027 W System  : A resource failed to call close. 
08-06 16:40:38.169  1843  3496 I vendor.qti.hardware.display.composer-service: Sensor: notify citsensorservice to trigger cwb, misForced = 1
08-06 16:40:38.169  3050  4554 I libsensor-parseRGB: request dump start for mRequestDisplayId 0
08-06 16:40:38.174 15038 20629 W lyra-mdns-core: _deal_timeout query _lyra-mdns._udp.local[0C] timeout!
08-06 16:40:38.191  3050  3078 E libsensor-parseRGB: CWB NotifyCWBBufferDone  error 0
08-06 16:40:38.235  9561  9561 I E2EEManager_Log: init e2ee
08-06 16:40:38.240  2474  7378 E HyperSentinel: -------------------------------------------------------
08-06 16:40:38.240  2474  7378 E HyperSentinel: Event_ResidentSize
08-06 16:40:38.240  2474  7378 E HyperSentinel: -> audit event by proc 9561 "com.android.browser": RSS increasement, peak 0kb -> 359924kb
08-06 16:40:38.245  9561 10267 W XMPush-9561: [Tid:1410] sdk_version = 6_0_10-C
08-06 16:40:38.246  9561  9710 W System.err: SLF4J: Failed to load class "org.slf4j.impl.StaticLoggerBinder".
08-06 16:40:38.246  9561  9710 W System.err: SLF4J: Defaulting to no-operation (NOP) logger implementation
08-06 16:40:38.246  9561  9710 W System.err: SLF4J: See http://www.slf4j.org/codes.html#StaticLoggerBinder for further details.
08-06 16:40:38.247  1843  2051 I SDM     : DisplayBase::CommitThread: Received idle timeout, panel: cmd, timeout: 70000 us
08-06 16:40:38.248  2474 10061 W ActivityManager: Background start not allowed: service Intent { cmp=com.android.browser/com.xiaomi.mipush.sdk.PushMessageHandler } to com.android.browser/com.xiaomi.mipush.sdk.PushMessageHandler from pid=9561 uid=10134 pkg=com.android.browser startFg?=false
08-06 16:40:38.249  9561 10269 W XMPush-9561: [Tid:1412] (Local) begin execute onCommandResult, command=register, resultCode=0, reason=null
08-06 16:40:38.250  9561 10269 W XMPush-9561: [Tid:1412] cmd:COMMAND_SUBSCRIBE_TOPIC, S7th0
08-06 16:40:38.251 13588 13588 W PushService: [Tid:2] [XMPushService] onStart() with intent.Action = null, chid = null, pkg = null|com.android.browser
08-06 16:40:38.252 13588 13588 W PushService: [Tid:2] [XMPushService] onStart() with intent.Action = null, chid = null, pkg = null|com.android.browser
08-06 16:40:38.256 13588 13588 W PushService: [Tid:2] [XMPushService] onStart() with intent.Action = com.xiaomi.mipush.SEND_MESSAGE, chid = null, pkg = null|com.android.browser
08-06 16:40:38.256 13588 14524 W PushService: [Tid:398] [Job] Handle intent action = com.xiaomi.mipush.SEND_MESSAGE
08-06 16:40:38.257 13588 13588 W PushService: [Tid:2] [XMPushService] onStart() with intent.Action = com.xiaomi.mipush.SEND_MESSAGE, chid = null, pkg = null|com.android.browser
08-06 16:40:38.257 13588 14524 W PushService: [Tid:398] try send mi push message. packagename:com.android.browser action:Subscription
08-06 16:40:38.257 13588 14524 W PushService: [Tid:398] [HwKaMgr] [socket] send message
08-06 16:40:38.257 13588 14524 W PushService: [Tid:398] [Job] Handle intent action = com.xiaomi.mipush.SEND_MESSAGE
08-06 16:40:38.257  9561 10269 W XMPush-9561: [Tid:1412] cmd:COMMAND_SUBSCRIBE_TOPIC, S7th2
08-06 16:40:38.257 13588 14524 W PushService: [Tid:398] try send mi push message. packagename:com.android.browser action:Notification
08-06 16:40:38.257 13588 14524 W PushService: [Tid:398] [HwKaMgr] [socket] send message
08-06 16:40:38.259 13588 13588 W PushService: [Tid:2] [XMPushService] onStart() with intent.Action = com.xiaomi.mipush.SEND_MESSAGE, chid = null, pkg = null|com.android.browser
08-06 16:40:38.259 13588 14524 W PushService: [Tid:398] [Job] Handle intent action = com.xiaomi.mipush.SEND_MESSAGE
08-06 16:40:38.259  9561 10269 W XMPush-9561: [Tid:1412] cmd:COMMAND_SUBSCRIBE_TOPIC, S7th3
08-06 16:40:38.259 13588 14524 W PushService: [Tid:398] try send mi push message. packagename:com.android.browser action:Subscription
08-06 16:40:38.259 13588 14524 W PushService: [Tid:398] [HwKaMgr] [socket] send message
08-06 16:40:38.261 13588 13588 W PushService: [Tid:2] [XMPushService] onStart() with intent.Action = action_cr_config, chid = null, pkg = null|com.android.browser
08-06 16:40:38.261 13588 14524 W PushService: [Tid:398] [Job] Handle intent action = action_cr_config
08-06 16:40:38.262 13588 13588 W PushService: [Tid:2] [XMPushService] onStart() with intent.Action = com.xiaomi.mipush.SEND_MESSAGE, chid = null, pkg = null|com.android.browser
08-06 16:40:38.262 13588 14524 W PushService: [Tid:398] [Job] Handle intent action = com.xiaomi.mipush.SEND_MESSAGE
08-06 16:40:38.262 13588 14524 W PushService: [Tid:398] try send mi push message. packagename:com.android.browser action:Subscription
08-06 16:40:38.262 13588 14524 W PushService: [Tid:398] [HwKaMgr] [socket] send message
08-06 16:40:38.262  9561 10269 W XMPush-9561: [Tid:1412] cmd:COMMAND_SUBSCRIBE_TOPIC, S7th4
08-06 16:40:38.264 13588 13588 W PushService: [Tid:2] [XMPushService] onStart() with intent.Action = com.xiaomi.mipush.SEND_MESSAGE, chid = null, pkg = null|com.android.browser
08-06 16:40:38.264 13588 14524 W PushService: [Tid:398] [Job] Handle intent action = com.xiaomi.mipush.SEND_MESSAGE
08-06 16:40:38.264  2474 10061 W ActivityManager: Background start not allowed: service Intent { cmp=com.android.browser/com.xiaomi.mipush.sdk.MessageHandleService } to com.android.browser/com.xiaomi.mipush.sdk.MessageHandleService from pid=9561 uid=10134 pkg=com.android.browser startFg?=false
08-06 16:40:38.264 13588 14524 W PushService: [Tid:398] try send mi push message. packagename:com.android.browser action:Subscription
08-06 16:40:38.265 13588 14524 W PushService: [Tid:398] [HwKaMgr] [socket] send message
08-06 16:40:38.265  9561 10269 W XMPush-9561: [Tid:1412] cmd:set-alias, S7th5
08-06 16:40:38.267 13588 13588 W PushService: [Tid:2] [XMPushService] onStart() with intent.Action = com.xiaomi.mipush.SEND_MESSAGE, chid = null, pkg = null|com.android.browser
08-06 16:40:38.267  9561 10269 W XMPush-9561: [Tid:1412] cmd:set-alias, S7th6
08-06 16:40:38.267 13588 14524 W PushService: [Tid:398] [Job] Handle intent action = com.xiaomi.mipush.SEND_MESSAGE
08-06 16:40:38.267 13588 14524 W PushService: [Tid:398] try send mi push message. packagename:com.android.browser action:Command
08-06 16:40:38.268 13588 14524 W PushService: [Tid:398] [HwKaMgr] [socket] send message
08-06 16:40:38.269 13588 13588 W PushService: [Tid:2] [XMPushService] onStart() with intent.Action = com.xiaomi.mipush.SEND_MESSAGE, chid = null, pkg = null|com.android.browser
08-06 16:40:38.269 13588 14524 W PushService: [Tid:398] [Job] Handle intent action = com.xiaomi.mipush.SEND_MESSAGE
08-06 16:40:38.269  9561 10269 W XMPush-9561: [Tid:1412] cmd:set-alias, S7th7
08-06 16:40:38.270 13588 14524 W PushService: [Tid:398] try send mi push message. packagename:com.android.browser action:Command
08-06 16:40:38.270 13588 14524 W PushService: [Tid:398] [HwKaMgr] [socket] send message
08-06 16:40:38.272 13588 13588 W PushService: [Tid:2] [XMPushService] onStart() with intent.Action = com.xiaomi.mipush.SEND_MESSAGE, chid = null, pkg = null|com.android.browser
08-06 16:40:38.272 13588 14524 W PushService: [Tid:398] [Job] Handle intent action = com.xiaomi.mipush.SEND_MESSAGE
08-06 16:40:38.273  9561 10269 W XMPush-9561: [Tid:1412] cmd:set-alias, S7th8
