08-06 16:40:41.887  4065  4831 E Wth2:WeatherProvider: 	at android.os.Binder.execTransactInternal(Binder.java:1507)
08-06 16:40:41.887  4065  4831 E Wth2:WeatherProvider: 	at android.os.Binder.execTransact(Binder.java:1451)
08-06 16:40:41.888  4065  4831 I Wth2:WeatherProvider: getHourlyData checkCityAt=true tmpCursor.count  4
08-06 16:40:41.889  4065  8425 I Wth2:WeatherProvider: getFirstSelectedCity() ret count= 1
08-06 16:40:41.889  4065  8425 E Wth2:WeatherProvider: getFirstSelectedCity() error 
08-06 16:40:41.889  4065  8425 E Wth2:WeatherProvider: java.lang.NumberFormatException: For input string: "33.862_119.318"
08-06 16:40:41.889  4065  8425 E Wth2:WeatherProvider: 	at java.lang.Integer.parseInt(Integer.java:790)
08-06 16:40:41.889  4065  8425 E Wth2:WeatherProvider: 	at java.lang.Integer.parseInt(Integer.java:908)
08-06 16:40:41.889  4065  8425 E Wth2:WeatherProvider: 	at com.miui.weather2.providers.WeatherProvider.g(SourceFile:9)
08-06 16:40:41.889  4065  8425 E Wth2:WeatherProvider: 	at com.miui.weather2.providers.WeatherProvider.h(SourceFile:5)
08-06 16:40:41.889  4065  8425 E Wth2:WeatherProvider: 	at com.miui.weather2.providers.WeatherProvider.query(SourceFile:25)
08-06 16:40:41.889  4065  8425 E Wth2:WeatherProvider: 	at android.content.ContentProvider.query(ContentProvider.java:1633)
08-06 16:40:41.889  4065  8425 E Wth2:WeatherProvider: 	at android.content.ContentProvider.query(ContentProvider.java:1729)
08-06 16:40:41.889  4065  8425 E Wth2:WeatherProvider: 	at android.content.ContentProvider$Transport.query(ContentProvider.java:301)
08-06 16:40:41.889  4065  8425 E Wth2:WeatherProvider: 	at android.content.ContentProviderNative.onTransact(ContentProviderNative.java:110)
08-06 16:40:41.889  4065  8425 E Wth2:WeatherProvider: 	at android.os.Binder.execTransactInternal(Binder.java:1507)
08-06 16:40:41.889  4065  8425 E Wth2:WeatherProvider: 	at android.os.Binder.execTransact(Binder.java:1451)
08-06 16:40:41.890  4065  8425 I Wth2:WeatherProvider: getHourlyData checkCityAt=true tmpCursor.count  4
08-06 16:40:41.891  4065  4831 I Wth2:WeatherProvider: optimiseHourlyData sunrise : 19020000  sunset : 68400000
08-06 16:40:41.892  4065  8425 I Wth2:WeatherProvider: optimiseHourlyData sunrise : 19020000  sunset : 68400000
08-06 16:40:41.896  3086  3086 I adbd    : in ShellService: ps
08-06 16:40:41.956  1843  3496 I vendor.qti.hardware.display.composer-service: Sensor: notify citsensorservice to trigger cwb, misForced = 0
08-06 16:40:41.956  3050  4554 I libsensor-parseRGB: request dump start for mRequestDisplayId 0
08-06 16:40:41.979  3050 25119 E libsensor-parseRGB: CWB NotifyCWBBufferDone  error 0
08-06 16:40:42.035  2474  7257 I MiuiNetworkPolicy: getDisableLimitTimeout when thermal mode is:0
08-06 16:40:42.063  2474  7257 I MiuiNetworkPolicy: bandwidth: 2 KB/s, Max bandwidth: 2143 KB/s
08-06 16:40:42.163  1843  3496 I vendor.qti.hardware.display.composer-service: Sensor: notify citsensorservice to trigger cwb, misForced = 0
08-06 16:40:42.163  3050  4554 I libsensor-parseRGB: request dump start for mRequestDisplayId 0
08-06 16:40:42.171  1865  1865 I vendor.qti.hardware.servicetrackeraidl-service: bindService is called for service : com.android.providers.media.module/androidx.work.impl.background.systemjob.SystemJobService and for client system
08-06 16:40:42.171  1865  1865 I vendor.qti.hardware.servicetrackeraidl-service: total connections for service : com.android.providers.media.module/androidx.work.impl.background.systemjob.SystemJobServiceare :1
08-06 16:40:42.172  1865  1865 I vendor.qti.hardware.servicetrackeraidl-service: total connections for client : systemare :29
08-06 16:40:42.172  2474  7379 I whetstone.activity: processNotifyEvent1 resId = 256, bundle = Bundle[{startTime=394266494, sourcePkg=com.android.providers.media.module, sourceUid=10249, status=1, jobId=1806, batteryName=@androidx.work.systemjobscheduler@com.android.providers.media.module/androidx.work.impl.background.systemjob.SystemJobService, elapsedRealtime=394266494}]
08-06 16:40:42.173 14191 17583 I EventMonitor: notifyEvent resId=256
08-06 16:40:42.177 12965 10386 I PSyncWorker: Starting proactive picker sync from sync source: 1
08-06 16:40:42.181 12965 10386 I PickerSyncController: Executing SyncAdd. isLocal: true. authority: com.android.providers.media.photopicker
08-06 16:40:42.183 12965 10386 I PickerSyncController: Paged sync successful. QueryArgs: Bundle[{android.provider.extra.SYNC_GENERATION=13540, android.provider.extra.PAGE_SIZE=1000}] Total Rows: 0
08-06 16:40:42.183 12965 10386 I PickerSyncController: Executing SyncRemove. isLocal: true. authority: com.android.providers.media.photopicker
08-06 16:40:42.184 12965 10386 E PickerDbFacade: Could not get first date taken millis for media id: 1000001532
08-06 16:40:42.184 12965 10386 W PickerDbFacade: Unable to promote cloud media with localId: 1000001532
08-06 16:40:42.185 12965 10386 I PickerSyncController: Paged sync successful. QueryArgs: Bundle[{android.provider.extra.SYNC_GENERATION=13540, android.provider.extra.PAGE_SIZE=1000}] Total Rows: 0
08-06 16:40:42.185 12965 10386 I PickerSyncTracker: Marked sync future complete for work id: 1cd2737e-4278-42b1-b639-58e43bffafe9. Future map: {}
08-06 16:40:42.185 12965 10386 I PSyncWorker: Completed picker proactive sync complete from local provider.
08-06 16:40:42.187  3050  3078 E libsensor-parseRGB: CWB NotifyCWBBufferDone  error 0
08-06 16:40:42.188 12965 13394 I WM-WorkerWrapper: Worker result SUCCESS for Work [ id=1cd2737e-4278-42b1-b639-58e43bffafe9, tags={ com.android.providers.media.photopicker.sync.ProactiveSyncWorker } ]
08-06 16:40:42.190  2474  7379 I whetstone.activity: processNotifyEvent1 resId = 256, bundle = Bundle[{startTime=394266513, sourcePkg=com.android.providers.media.module, sourceUid=10249, status=0, jobId=1806, batteryName=@androidx.work.systemjobscheduler@com.android.providers.media.module/androidx.work.impl.background.systemjob.SystemJobService, elapsedRealtime=394266513}]
08-06 16:40:42.191  1865  1865 I vendor.qti.hardware.servicetrackeraidl-service: unbindService is called for service : com.android.providers.media.module/androidx.work.impl.background.systemjob.SystemJobService and for client system
08-06 16:40:42.191  1865  1865 I vendor.qti.hardware.servicetrackeraidl-service: size of service connections for service: com.android.providers.media.module/androidx.work.impl.background.systemjob.SystemJobServiceafter removal is 0
08-06 16:40:42.191  1865  1865 I vendor.qti.hardware.servicetrackeraidl-service: size of client connections for client: systemafter removal is 28
08-06 16:40:42.191  1865  1865 I vendor.qti.hardware.servicetrackeraidl-service: destroyService is called for service : com.android.providers.media.module/androidx.work.impl.background.systemjob.SystemJobService
08-06 16:40:42.191  2474  8755 W JobScheduler: Job didn't exist in JobStore: 
08-06 16:40:42.191  2474  8755 W SSRU-ResourceUsageProxy: Nonexistent ongoing transaction JDR:1806 for u:0 pkg:com.android.providers.media.module ended
08-06 16:40:42.191 14191 17583 I EventMonitor: notifyEvent resId=256
08-06 16:40:42.207  2474  2792 I ExtM    : zram userate is low, no need to flush: 10
08-06 16:40:42.371  1843  3496 I vendor.qti.hardware.display.composer-service: Sensor: notify citsensorservice to trigger cwb, misForced = 0
08-06 16:40:42.371  3050  4554 I libsensor-parseRGB: request dump start for mRequestDisplayId 0
08-06 16:40:42.394  3050 25119 E libsensor-parseRGB: CWB NotifyCWBBufferDone  error 0
08-06 16:40:42.423  3086  3086 I adbd    : in ShellService: dumpsys activity activities
08-06 16:40:42.486  3086  3086 I adbd    : in ShellService: dumpsys activity activities
08-06 16:40:42.527  3050  4560 I libsensor-boledalgo: dbv:406,lux:148.0,cct:6434.2,hsv:-1.0,dc:0CWB R:3168.5,G:7737.4,B:4934.2Event C:10038.4,R:5416.6,G:3550.2,B:2170.6Cali C:205.4,R:75.4,G:72.7,B:34.2 
08-06 16:40:42.546  3086  3086 I adbd    : in ShellService: dumpsys activity activities
08-06 16:40:42.579  1843  3496 I vendor.qti.hardware.display.composer-service: Sensor: notify citsensorservice to trigger cwb, misForced = 0
08-06 16:40:42.579  3050  4554 I libsensor-parseRGB: request dump start for mRequestDisplayId 0
08-06 16:40:42.602  3050  3078 E libsensor-parseRGB: CWB NotifyCWBBufferDone  error 0
08-06 16:40:42.617  3086  3086 I adbd    : in ShellService: dumpsys activity services
08-06 16:40:42.620  9549  9621 I mit.droidbotapp: ProcessProfilingInfo new_methods=13 is saved saved_to_disk=1 resolve_classes_delay=8000
08-06 16:40:42.711  3086  3086 I adbd    : in ShellService: screencap -p /sdcard/screen_2025-08-06_164042.png
08-06 16:40:42.784 10407 10407 W BpBinder: Linking to death on android.gui.ISurfaceComposer but there are no threads (yet?) listening to incoming transactions. See ProcessState::startThreadPool and ProcessState::setThreadPoolMaxThreadCount. Generally you should setup the binder threadpool before other initialization steps.
08-06 16:40:42.784 10407 10407 W ProcessState: Extra binder thread started, but 0 threads requested. Do not use *startThreadPool when zero threads are requested.
08-06 16:40:42.787  1843  3496 I vendor.qti.hardware.display.composer-service: Sensor: notify citsensorservice to trigger cwb, misForced = 0
08-06 16:40:42.787  3050  4554 I libsensor-parseRGB: request dump start for mRequestDisplayId 0
08-06 16:40:42.809 10407 10409 I AdrenoUtils: <ReadGpuID:357>: Reading chip ID through GSL
08-06 16:40:42.804 10407 10407 W screencap: type=1400 audit(0.0:8449): avc:  denied  { read } for  name="libubwcp.so" dev="dm-37" ino=19816057 scontext=u:r:shell:s0 tcontext=u:object_r:vendor_file:s0 tclass=file permissive=0
08-06 16:40:42.809 10407 10407 W qdgralloc: Failed to load libubwcp.so
08-06 16:40:42.810  3050 25119 E libsensor-parseRGB: CWB NotifyCWBBufferDone  error 0
08-06 16:40:42.811 12965 14974 W MediaProvider: isAppCloneUserPair for user 0: false
08-06 16:40:42.893  2474  3506 I AppsFilter: interaction: PackageSetting{976ddf com.android.microdroid.empty_payload/10236} -> PackageSetting{4872f91 com.miui.weather2/10278} BLOCKED
08-06 16:40:42.894  2474  3506 I AppsFilter: interaction: PackageSetting{52f08fb io.appium.uiautomator2.server.test/10280} -> PackageSetting{4872f91 com.miui.weather2/10278} BLOCKED
08-06 16:40:42.894  2474  3506 I AppsFilter: interaction: PackageSetting{6e57d18 io.github.ylimit.droidbotapp/10284} -> PackageSetting{4872f91 com.miui.weather2/10278} BLOCKED
08-06 16:40:42.894  2474  3506 I AppsFilter: interaction: PackageSetting{463c371 com.rongcard.eid/10151} -> PackageSetting{4872f91 com.miui.weather2/10278} BLOCKED
08-06 16:40:42.894  2474  3506 I AppsFilter: interaction: PackageSetting{34152c4 io.appium.settings/10274} -> PackageSetting{4872f91 com.miui.weather2/10278} BLOCKED
08-06 16:40:42.902  7505  7537 I PermissionControllerServiceImpl: Updating user sensitive for uid 10278
08-06 16:40:42.904  2474  4327 I RoleService: Granting default roles...
08-06 16:40:42.909  7458  8150 W PreviewDisappear: 1 getIcon entry: null
08-06 16:40:42.909  2474  8755 W ParceledListSlice: Element #8 is 20788 bytes.
08-06 16:40:42.910  2474  8755 W ParceledListSlice: Element #9 is 20768 bytes.
08-06 16:40:42.914  7458  8153 W PreviewDisappear: getIconDrawable src: null
08-06 16:40:42.914  7458  8153 W PreviewDisappear: getIconDrawable app drawable: null
08-06 16:40:42.914  7458  8153 W PreviewDisappear: getIcon info target: ComponentInfo{com.miui.weather2/com.miui.weather2.ActivityWeatherMain}
08-06 16:40:42.914  7458  8153 W PreviewDisappear: getIcon info user: UserHandle{0}
08-06 16:40:42.914  7458  8153 W PreviewDisappear: getIcon info intent: Intent { act=android.intent.action.MAIN cat=[android.intent.category.LAUNCHER] flg=0x10200000 cmp=com.miui.weather2/.ActivityWeatherMain (has extras) }
08-06 16:40:42.914  7458  8534 W PreviewDisappear: getIconDrawable src: com.miui.home.launcher.graphics.drawable.LayerAdaptiveIconDrawable@d784a6e
08-06 16:40:42.914  7458  8534 W PreviewDisappear: getIconDrawable app drawable: com.miui.home.launcher.graphics.drawable.LayerAdaptiveIconDrawable@2b6062b
08-06 16:40:42.914  7458  8534 W PreviewDisappear: getIconDrawable finally drawable: com.miui.home.launcher.graphics.drawable.LayerAdaptiveIconDrawable@2b6062b
08-06 16:40:42.914  7458  8534 W PreviewDisappear: 2X2 got icon for: com.android.fileexplorer drawable: com.miui.home.launcher.graphics.drawable.LayerAdaptiveIconDrawable@2b6062b
08-06 16:40:42.914  7458  8534 W PreviewDisappear: getIconDrawable src: android.graphics.drawable.BitmapDrawable@2422b1e
08-06 16:40:42.914  7458  8534 W PreviewDisappear: getIconDrawable app drawable: android.graphics.drawable.BitmapDrawable@8cda07
08-06 16:40:42.914  7458  8534 W PreviewDisappear: getIconDrawable finally drawable: android.graphics.drawable.BitmapDrawable@8cda07
08-06 16:40:42.914  7458  8534 W PreviewDisappear: 2X2 got icon for: com.android.providers.downloads.ui drawable: android.graphics.drawable.BitmapDrawable@8cda07
08-06 16:40:42.914  7458  8534 W PreviewDisappear: getIconDrawable src: com.miui.home.launcher.graphics.drawable.LayerAdaptiveIconDrawable@683afff
08-06 16:40:42.915  7458  8534 W PreviewDisappear: getIconDrawable app drawable: com.miui.home.launcher.graphics.drawable.LayerAdaptiveIconDrawable@f43f202
08-06 16:40:42.915  7458  8534 W PreviewDisappear: getIconDrawable finally drawable: com.miui.home.launcher.graphics.drawable.LayerAdaptiveIconDrawable@f43f202
08-06 16:40:42.915  7458  8534 W PreviewDisappear: 2X2 got icon for: com.android.soundrecorder drawable: com.miui.home.launcher.graphics.drawable.LayerAdaptiveIconDrawable@f43f202
08-06 16:40:42.915  7458  8534 W PreviewDisappear: getIconDrawable src: android.graphics.drawable.BitmapDrawable@51cac15
08-06 16:40:42.915  7458  8534 W PreviewDisappear: getIconDrawable app drawable: android.graphics.drawable.BitmapDrawable@22c2e7c
08-06 16:40:42.915  7458  8534 W PreviewDisappear: getIconDrawable finally drawable: android.graphics.drawable.BitmapDrawable@22c2e7c
08-06 16:40:42.915  7458  8534 W PreviewDisappear: 2X2 got icon for: com.xiaomi.scanner drawable: android.graphics.drawable.BitmapDrawable@22c2e7c
08-06 16:40:42.915  7458  8534 W PreviewDisappear: getIconDrawable src: android.graphics.drawable.BitmapDrawable@6e1db2a
08-06 16:40:42.915  7458  8534 W PreviewDisappear: getIconDrawable app drawable: android.graphics.drawable.BitmapDrawable@4f0158b
08-06 16:40:42.915  7458  8534 W PreviewDisappear: getIconDrawable finally drawable: android.graphics.drawable.BitmapDrawable@4f0158b
08-06 16:40:42.915  7458  8534 W PreviewDisappear: 2X2 got icon for: com.duokan.reader drawable: android.graphics.drawable.BitmapDrawable@4f0158b
08-06 16:40:42.915  7458  8534 W PreviewDisappear: getIconDrawable src: android.graphics.drawable.BitmapDrawable@b6d4d1b
08-06 16:40:42.915  7458  8534 W PreviewDisappear: getIconDrawable app drawable: android.graphics.drawable.BitmapDrawable@9747726
08-06 16:40:42.915  7458  8534 W PreviewDisappear: getIconDrawable finally drawable: android.graphics.drawable.BitmapDrawable@9747726
08-06 16:40:42.915  7458  8534 W PreviewDisappear: 2X2 got icon for: com.miui.virtualsim drawable: android.graphics.drawable.BitmapDrawable@9747726
08-06 16:40:42.915  7458  8534 W PreviewDisappear: getIconDrawable src: android.graphics.drawable.BitmapDrawable@8ea3eb8
08-06 16:40:42.915  7458  8534 W PreviewDisappear: getIconDrawable app drawable: android.graphics.drawable.BitmapDrawable@b6a4dbd
08-06 16:40:42.915  7458  8534 W PreviewDisappear: getIconDrawable finally drawable: android.graphics.drawable.BitmapDrawable@b6a4dbd
08-06 16:40:42.915  7458  8534 W PreviewDisappear: 2X2 got icon for: com.miui.compass drawable: android.graphics.drawable.BitmapDrawable@b6a4dbd
08-06 16:40:42.915  7458  8534 W PreviewDisappear: getIconDrawable src: android.graphics.drawable.BitmapDrawable@7f6a67
08-06 16:40:42.915  7458  8534 W PreviewDisappear: getIconDrawable app drawable: android.graphics.drawable.BitmapDrawable@a33d1c4
08-06 16:40:42.915  7458  8534 W PreviewDisappear: getIconDrawable finally drawable: android.graphics.drawable.BitmapDrawable@a33d1c4
08-06 16:40:42.915  7458  8534 W PreviewDisappear: 2X2 got icon for: com.android.email drawable: android.graphics.drawable.BitmapDrawable@a33d1c4
08-06 16:40:42.915  7458  8534 W PreviewDisappear: getIconDrawable src: android.graphics.drawable.BitmapDrawable@61a7ff6
08-06 16:40:42.915  7458  8534 W PreviewDisappear: getIconDrawable app drawable: android.graphics.drawable.BitmapDrawable@2863f5
08-06 16:40:42.915  7458  8534 W PreviewDisappear: getIconDrawable finally drawable: android.graphics.drawable.BitmapDrawable@2863f5
08-06 16:40:42.915  7458  8534 W PreviewDisappear: 2X2 got icon for: com.android.contacts drawable: android.graphics.drawable.BitmapDrawable@2863f5
08-06 16:40:42.915  7458  8534 W PreviewDisappear: getIconDrawable src: com.miui.home.launcher.graphics.drawable.LayerAdaptiveIconDrawable@55966fb
08-06 16:40:42.915  7458  8534 W PreviewDisappear: getIconDrawable app drawable: null
08-06 16:40:42.915  7458  8153 W PreviewDisappear: 1 getIcon entry: null
08-06 16:40:42.915  7458  8150 W PreviewDisappear: 2 getIcon entry: com.miui.home.launcher.graphics.DrawableInfo@fa8b08a
08-06 16:40:42.915  7458  8150 W PreviewDisappear: applyCacheEntry entry: com.miui.home.launcher.graphics.drawable.LayerAdaptiveIconDrawable@5938318
08-06 16:40:42.915  7458  8534 W PreviewDisappear: getIcon info target: ComponentInfo{com.miui.weather2/com.miui.weather2.ActivityWeatherMain}
08-06 16:40:42.915  7458  8534 W PreviewDisappear: getIcon info user: UserHandle{0}
08-06 16:40:42.915  7458  8534 W PreviewDisappear: getIcon info intent: Intent { act=android.intent.action.MAIN cat=[android.intent.category.LAUNCHER] flg=0x10200000 cmp=com.miui.weather2/.ActivityWeatherMain (has extras) }
08-06 16:40:42.915  7458  8534 W PreviewDisappear: 1 getIcon entry: null
08-06 16:40:42.916  7856  8405 E SmsApplication: com.android.mms lost android:read_cell_broadcasts:  (fixing)
08-06 16:40:42.916  2474  8755 W AppOpService: Ignored setUidMode call for runtime permission app op: uid = 10141, code = READ_CELL_BROADCASTS, mode = allow, callingUid = 1001, oldMode = allow
08-06 16:40:42.916 13053 13053 E RegisteredServicesCache: Skipping application component ComponentInfo{com.UCMobile/com.alibaba.ariver.commonability.device.jsapi.nfc.service.TinyAppHostApduService}: it must request the permission android.permission.NFC
08-06 16:40:42.916 13053 13053 E RegisteredServicesCache: Skipping application component ComponentInfo{com.UCMobile/com.alipay.mobile.aompdevice.nfc.service.TinyAppHostApduService}: it must request the permission android.permission.NFC
08-06 16:40:42.916 13053 13053 E RegisteredServicesCache: Skipping application component ComponentInfo{com.autonavi.minimap/com.alibaba.ariver.commonability.device.jsapi.nfc.service.TinyAppHostApduService}: it must request the permission android.permission.NFC
08-06 16:40:42.916 13053 13053 E RegisteredServicesCache: Skipping application component ComponentInfo{com.autonavi.minimap/com.alipay.mobile.aompdevice.nfc.service.TinyAppHostApduService}: it must request the permission android.permission.NFC
08-06 16:40:42.920  7458  8153 W PreviewDisappear: 2 getIcon entry: com.miui.home.launcher.graphics.DrawableInfo@f694b56
08-06 16:40:42.920  7458  8153 W PreviewDisappear: applyCacheEntry entry: com.miui.home.launcher.graphics.drawable.LayerAdaptiveIconDrawable@f4d77d7
08-06 16:40:42.920  7458  8153 W PreviewDisappear: getIconDrawable finally drawable: com.miui.home.launcher.graphics.drawable.LayerAdaptiveIconDrawable@f4d77d7
08-06 16:40:42.920  7458  7458 W PreviewDisappear: 2x2 set icon for: com.android.fileexplorer preview drawable: com.miui.home.launcher.graphics.drawable.LayerAdaptiveIconDrawable@2b6062b
08-06 16:40:42.920  7458  7458 W PreviewDisappear: 2x2 drawable alpha: 255
08-06 16:40:42.920  7458  7458 W PreviewDisappear: 2x2 image view alpha: 1.0
08-06 16:40:42.920  7458  7458 W PreviewDisappear: 2x2 set icon for: com.android.providers.downloads.ui preview drawable: android.graphics.drawable.BitmapDrawable@8cda07
08-06 16:40:42.920  7458  7458 W PreviewDisappear: 2x2 drawable alpha: 255
08-06 16:40:42.920  7458  7458 W PreviewDisappear: 2x2 image view alpha: 1.0
08-06 16:40:42.920  7458  7458 W PreviewDisappear: 2x2 set icon for: com.android.soundrecorder preview drawable: com.miui.home.launcher.graphics.drawable.LayerAdaptiveIconDrawable@f43f202
08-06 16:40:42.920  7458  7458 W PreviewDisappear: 2x2 drawable alpha: 255
08-06 16:40:42.920  7458  7458 W PreviewDisappear: 2x2 image view alpha: 1.0
08-06 16:40:42.921  7458  7458 W PreviewDisappear: 2x2 set icon for: com.xiaomi.scanner preview drawable: android.graphics.drawable.BitmapDrawable@22c2e7c
08-06 16:40:42.921  7458  7458 W PreviewDisappear: 2x2 drawable alpha: 255
08-06 16:40:42.921  7458  7458 W PreviewDisappear: 2x2 image view alpha: 1.0
08-06 16:40:42.921  7458  7458 W PreviewDisappear: 2x2 set icon for: com.duokan.reader preview drawable: android.graphics.drawable.BitmapDrawable@4f0158b
08-06 16:40:42.921  7458  7458 W PreviewDisappear: 2x2 drawable alpha: 255
08-06 16:40:42.921  7458  7458 W PreviewDisappear: 2x2 image view alpha: 1.0
08-06 16:40:42.921  7458  7458 W PreviewDisappear: 2x2 set icon for: com.miui.virtualsim preview drawable: android.graphics.drawable.BitmapDrawable@9747726
08-06 16:40:42.921  7458  7458 W PreviewDisappear: 2x2 drawable alpha: 255
08-06 16:40:42.921  7458  7458 W PreviewDisappear: 2x2 image view alpha: 1.0
08-06 16:40:42.921  7458  7458 W PreviewDisappear: 2x2 set icon for: com.miui.compass preview drawable: android.graphics.drawable.BitmapDrawable@b6a4dbd
08-06 16:40:42.921  7458  7458 W PreviewDisappear: 2x2 drawable alpha: 255
08-06 16:40:42.921  7458  7458 W PreviewDisappear: 2x2 image view alpha: 1.0
08-06 16:40:42.921  7458  7458 W PreviewDisappear: 2x2 set icon for: com.android.email preview drawable: android.graphics.drawable.BitmapDrawable@a33d1c4
08-06 16:40:42.921  7458  7458 W PreviewDisappear: 2x2 drawable alpha: 255
08-06 16:40:42.921  7458  7458 W PreviewDisappear: 2x2 image view alpha: 1.0
08-06 16:40:42.921  7458  8534 W PreviewDisappear: 2 getIcon entry: com.miui.home.launcher.graphics.DrawableInfo@8c793ad
08-06 16:40:42.921  7458  7458 W PreviewDisappear: 2x2 set icon for: com.android.contacts preview drawable: android.graphics.drawable.BitmapDrawable@2863f5
08-06 16:40:42.921  7458  7458 W PreviewDisappear: 2x2 drawable alpha: 255
08-06 16:40:42.921  7458  7458 W PreviewDisappear: 2x2 image view alpha: 1.0
08-06 16:40:42.921 13053 13053 I RegisteredServicesCache: current user: 0, is managed profile : false
08-06 16:40:42.922  7458  8534 W PreviewDisappear: applyCacheEntry entry: com.miui.home.launcher.graphics.drawable.LayerAdaptiveIconDrawable@80b9d30
08-06 16:40:42.922  7458  8534 W PreviewDisappear: getIconDrawable finally drawable: com.miui.home.launcher.graphics.drawable.LayerAdaptiveIconDrawable@80b9d30
08-06 16:40:42.922  7458  8534 W PreviewDisappear: 2X2 got icon for: com.miui.weather2 drawable: com.miui.home.launcher.graphics.drawable.LayerAdaptiveIconDrawable@80b9d30
08-06 16:40:42.922  7458  8534 W PreviewDisappear: getIconDrawable src: android.graphics.drawable.BitmapDrawable@b608e64
08-06 16:40:42.922  7458  8534 W PreviewDisappear: getIconDrawable app drawable: android.graphics.drawable.BitmapDrawable@d23b187
08-06 16:40:42.922  7458  8534 W PreviewDisappear: getIconDrawable finally drawable: android.graphics.drawable.BitmapDrawable@d23b187
08-06 16:40:42.922  7458  8534 W PreviewDisappear: 2X2 got icon for: com.wuba.zhuanzhuan drawable: android.graphics.drawable.BitmapDrawable@d23b187
08-06 16:40:42.923  7458  7458 W PreviewDisappear: 2x2 set icon for: com.miui.weather2 preview drawable: com.miui.home.launcher.graphics.drawable.LayerAdaptiveIconDrawable@80b9d30
08-06 16:40:42.923  7458  7458 W PreviewDisappear: 2x2 drawable alpha: 255
08-06 16:40:42.923  7458  7458 W PreviewDisappear: 2x2 image view alpha: 1.0
08-06 16:40:42.923  2474  4291 I ClipboardServiceI: checkProviderWakePathForClipboard: primaryClip is null
08-06 16:40:42.924  7458  7458 W PreviewDisappear: 2x2 set icon for: com.wuba.zhuanzhuan preview drawable: android.graphics.drawable.BitmapDrawable@d23b187
08-06 16:40:42.924  7458  7458 W PreviewDisappear: 2x2 drawable alpha: 255
08-06 16:40:42.924  7458  7458 W PreviewDisappear: 2x2 image view alpha: 1.0
08-06 16:40:42.925 13053 13053 I RegisteredAidCache: updateRoutingLocked(false): Enter
08-06 16:40:42.925 13053 13053 I AidRoutingManager: configureRouting(false): Enter
08-06 16:40:42.925 13053 13053 E AidRoutingManager: Size of routing table970
08-06 16:40:42.925 13053 13053 I RegisteredAidCache: updateRoutingLocked(false): exit
08-06 16:40:42.926  2474  4291 I ClipboardServiceI: checkProviderWakePathForClipboard: primaryClip is null
08-06 16:40:42.926 13053 13053 I libnfc_nci: [INFO:NativeT4tNfcee.cpp(870)] nfcManager_isFwSupportNonStdT4TAid Enter isFwSupport = 1
08-06 16:40:42.927 13053 13053 I libnfc_nci: [INFO:SecureElement.cpp(1487)] SecureElement::getEseHandleFromGenericId: enter; ESE-ID = 0x7F
08-06 16:40:42.927 13053 13053 I libnfc_nci: [INFO:SecureElement.cpp(1528)] SecureElement::getEseHandleFromGenericId: enter; ESE-Handle = 0x410
08-06 16:40:42.927 13053 13053 I libnfc_nci: [INFO:SecureElement.cpp(1487)] SecureElement::getEseHandleFromGenericId: enter; ESE-ID = 0x00
08-06 16:40:42.927 13053 13053 I libnfc_nci: [INFO:SecureElement.cpp(1528)] SecureElement::getEseHandleFromGenericId: enter; ESE-Handle = 0x400
08-06 16:40:42.929  7800 24021 I SecureElement-Terminal-eSE1: isSecureElementPresent()
08-06 16:40:42.929  1774  1774 I android.hardware.secure_element-service.qti: isCardPresent
08-06 16:40:42.929  1774  1774 I android.hardware.secure_element-service.qti: isCardPresent exit, cardPresent: 1
08-06 16:40:42.929  4065  4157 I Wth2:WeatherProvider: getFirstSelectedCity() ret count= 1
08-06 16:40:42.929  4065  4157 E Wth2:WeatherProvider: getFirstSelectedCity() error 
08-06 16:40:42.929  4065  4157 E Wth2:WeatherProvider: java.lang.NumberFormatException: For input string: "33.862_119.318"
08-06 16:40:42.929  4065  4157 E Wth2:WeatherProvider: 	at java.lang.Integer.parseInt(Integer.java:790)
08-06 16:40:42.929  4065  4157 E Wth2:WeatherProvider: 	at java.lang.Integer.parseInt(Integer.java:908)
08-06 16:40:42.929  4065  4157 E Wth2:WeatherProvider: 	at com.miui.weather2.providers.WeatherProvider.g(SourceFile:9)
08-06 16:40:42.929  4065  4157 E Wth2:WeatherProvider: 	at com.miui.weather2.providers.WeatherProvider.J(SourceFile:5)
08-06 16:40:42.929  4065  4157 E Wth2:WeatherProvider: 	at com.miui.weather2.providers.WeatherProvider.I(Unknown Source:3)
08-06 16:40:42.929  4065  4157 E Wth2:WeatherProvider: 	at com.miui.weather2.providers.WeatherProvider.query(SourceFile:97)
08-06 16:40:42.929  4065  4157 E Wth2:WeatherProvider: 	at android.content.ContentProvider.query(ContentProvider.java:1633)
08-06 16:40:42.929  4065  4157 E Wth2:WeatherProvider: 	at android.content.ContentProvider.query(ContentProvider.java:1729)
08-06 16:40:42.929  4065  4157 E Wth2:WeatherProvider: 	at android.content.ContentProvider$Transport.query(ContentProvider.java:301)
08-06 16:40:42.929  4065  4157 E Wth2:WeatherProvider: 	at android.content.ContentProviderNative.onTransact(ContentProviderNative.java:110)
08-06 16:40:42.929  4065  4157 E Wth2:WeatherProvider: 	at android.os.Binder.execTransactInternal(Binder.java:1507)
08-06 16:40:42.929  4065  4157 E Wth2:WeatherProvider: 	at android.os.Binder.execTransact(Binder.java:1451)
08-06 16:40:42.930  4065  4099 I Wth2:WeatherProvider: getFirstSelectedCity() ret count= 1
08-06 16:40:42.930  4065  4099 E Wth2:WeatherProvider: getFirstSelectedCity() error 
08-06 16:40:42.930  4065  4099 E Wth2:WeatherProvider: java.lang.NumberFormatException: For input string: "33.862_119.318"
08-06 16:40:42.930  4065  4099 E Wth2:WeatherProvider: 	at java.lang.Integer.parseInt(Integer.java:790)
08-06 16:40:42.930  4065  4099 E Wth2:WeatherProvider: 	at java.lang.Integer.parseInt(Integer.java:908)
08-06 16:40:42.930  4065  4099 E Wth2:WeatherProvider: 	at com.miui.weather2.providers.WeatherProvider.g(SourceFile:9)
08-06 16:40:42.930  4065  4099 E Wth2:WeatherProvider: 	at com.miui.weather2.providers.WeatherProvider.e(SourceFile:5)
08-06 16:40:42.930  4065  4099 E Wth2:WeatherProvider: 	at com.miui.weather2.providers.WeatherProvider.query(SourceFile:29)
08-06 16:40:42.930  4065  4099 E Wth2:WeatherProvider: 	at android.content.ContentProvider.query(ContentProvider.java:1633)
08-06 16:40:42.930  4065  4099 E Wth2:WeatherProvider: 	at android.content.ContentProvider.query(ContentProvider.java:1729)
08-06 16:40:42.930  4065  4099 E Wth2:WeatherProvider: 	at android.content.ContentProvider$Transport.query(ContentProvider.java:301)
08-06 16:40:42.930  4065  4099 E Wth2:WeatherProvider: 	at android.content.ContentProviderNative.onTransact(ContentProviderNative.java:110)
08-06 16:40:42.930  4065  4099 E Wth2:WeatherProvider: 	at android.os.Binder.execTransactInternal(Binder.java:1507)
08-06 16:40:42.930  4065  4099 E Wth2:WeatherProvider: 	at android.os.Binder.execTransact(Binder.java:1451)
08-06 16:40:42.931  4065  4099 I Wth2:WeatherProvider: getFirstSelectedCity() ret count= 1
08-06 16:40:42.931  4065  4099 E Wth2:WeatherProvider: getFirstSelectedCity() error 
08-06 16:40:42.931  4065  4099 E Wth2:WeatherProvider: java.lang.NumberFormatException: For input string: "33.862_119.318"
08-06 16:40:42.931  4065  4099 E Wth2:WeatherProvider: 	at java.lang.Integer.parseInt(Integer.java:790)
08-06 16:40:42.931  4065  4099 E Wth2:WeatherProvider: 	at java.lang.Integer.parseInt(Integer.java:908)
08-06 16:40:42.931  4065  4099 E Wth2:WeatherProvider: 	at com.miui.weather2.providers.WeatherProvider.g(SourceFile:9)
08-06 16:40:42.931  4065  4099 E Wth2:WeatherProvider: 	at com.miui.weather2.providers.WeatherProvider.J(SourceFile:5)
08-06 16:40:42.931  4065  4099 E Wth2:WeatherProvider: 	at com.miui.weather2.providers.WeatherProvider.e(SourceFile:36)
08-06 16:40:42.931  4065  4099 E Wth2:WeatherProvider: 	at com.miui.weather2.providers.WeatherProvider.query(SourceFile:29)
08-06 16:40:42.931  4065  4099 E Wth2:WeatherProvider: 	at android.content.ContentProvider.query(ContentProvider.java:1633)
08-06 16:40:42.931  4065  4099 E Wth2:WeatherProvider: 	at android.content.ContentProvider.query(ContentProvider.java:1729)
08-06 16:40:42.931  4065  4099 E Wth2:WeatherProvider: 	at android.content.ContentProvider$Transport.query(ContentProvider.java:301)
08-06 16:40:42.931  4065  4099 E Wth2:WeatherProvider: 	at android.content.ContentProviderNative.onTransact(ContentProviderNative.java:110)
08-06 16:40:42.931  4065  4099 E Wth2:WeatherProvider: 	at android.os.Binder.execTransactInternal(Binder.java:1507)
08-06 16:40:42.931  4065  4099 E Wth2:WeatherProvider: 	at android.os.Binder.execTransact(Binder.java:1451)
08-06 16:40:42.931  2474  8393 W AppOpService: Ignored setUidMode call for runtime permission app op: uid = 1001, code = READ_SMS, mode = allow, callingUid = 1001, oldMode = allow
08-06 16:40:42.932  2474 30082 W AppOpService: Ignored setUidMode call for runtime permission app op: uid = 1001, code = RECEIVE_SMS, mode = allow, callingUid = 1001, oldMode = allow
08-06 16:40:42.932  2474 30082 W AppOpService: Ignored setUidMode call for runtime permission app op: uid = 1001, code = RECEIVE_WAP_PUSH, mode = allow, callingUid = 1001, oldMode = allow
08-06 16:40:42.933  7800 24021 I SecureElement-Terminal-SIM1: isSecureElementPresent()
08-06 16:40:42.933  2474  8393 W AppOpService: Ignored setUidMode call for runtime permission app op: uid = 1001, code = SEND_SMS, mode = allow, callingUid = 1001, oldMode = allow
08-06 16:40:42.933  2474  8393 W AppOpService: Ignored setUidMode call for runtime permission app op: uid = 1001, code = READ_CELL_BROADCASTS, mode = allow, callingUid = 1001, oldMode = allow
08-06 16:40:42.933  7800 24021 I SecureElement-Terminal-SIM1: isNfcEventAllowed: No access rules for checking.
08-06 16:40:42.934  7800 24021 I SecureElement-Terminal-SIM2: isSecureElementPresent()
08-06 16:40:42.940  2474  2664 W EnhancedConfirmationService: The packageName should not be null.
08-06 16:40:42.941  2474  2664 W MagnificationConnectionManager: requestConnection duplicated request: connect=false, mConnectionState=DISCONNECTED
08-06 16:40:42.953  2474  7683 E RoleControllerServiceImpl: Default/fallback role holder package doesn't qualify for the role, package: com.android.devicelockcontroller, role: android.app.role.SYSTEM_FINANCED_DEVICE_CONTROLLER
08-06 16:40:43.003  1843  3496 I vendor.qti.hardware.display.composer-service: Sensor: notify citsensorservice to trigger cwb, misForced = 0
08-06 16:40:43.003  3050  4554 I libsensor-parseRGB: request dump start for mRequestDisplayId 0
08-06 16:40:43.015  2474  8251 I NetworkAccelerateSwitchService: EVENT_RSSI_POLL. mRssiPoll=true
08-06 16:40:43.015  2474  8251 I NetworkAccelerateSwitchService: getAverageWifiRssi:63
08-06 16:40:43.025  3086  3086 I adbd    : in ShellService: ps
08-06 16:40:43.028  3050  3078 E libsensor-parseRGB: CWB NotifyCWBBufferDone  error 0
08-06 16:40:43.210  1843  3496 I vendor.qti.hardware.display.composer-service: Sensor: notify citsensorservice to trigger cwb, misForced = 0
08-06 16:40:43.211  3050  4554 I libsensor-parseRGB: request dump start for mRequestDisplayId 0
08-06 16:40:43.233  3050  3078 E libsensor-parseRGB: CWB NotifyCWBBufferDone  error 0
08-06 16:40:43.251  2474  2792 I ExtM    : zram userate is low, no need to flush: 11
08-06 16:40:43.260 13588 13588 W PushService: [Tid:2] [XMPushService] onStart() with intent.Action = com.xiaomi.mipush.SEND_MESSAGE, chid = null, pkg = null|com.android.browser
08-06 16:40:43.261 13588 14524 W PushService: [Tid:398] [Job] Handle intent action = com.xiaomi.mipush.SEND_MESSAGE
08-06 16:40:43.263 13588 14524 W PushService: [Tid:398] try send mi push message. packagename:com.android.browser action:Notification
08-06 16:40:43.264 13588 14524 W PushService: [Tid:398] [HwKaMgr] [socket] send message
08-06 16:40:43.360  1850  9938 E ANDR-PERF-MPCTL: ANDR-PERF-MPCTL: exception_recovery_poll_fun() 1497: exception_recovery_poll_fun
08-06 16:40:43.396  2474  2745 I SmartPower: com.mfashiongallery.emag/10262(13472): idle->background(5575ms) R(broadcast start Intent { act=android.intent.action.PACKAGE_CHANGED dat=package: flg=0x45000010 (has extras) }) adj=905.
08-06 16:40:43.396  2474  2745 I SmartPower: android.process.acore/10083(15552): idle->background(5568ms) R(broadcast start Intent { act=android.intent.action.PACKAGE_CHANGED dat=package: flg=0x45000010 (has extras) }) adj=250.
08-06 16:40:43.396 13430 13430 I PackageInstallReceiver: action = android.intent.action.PACKAGE_CHANGED packageName = com.miui.weather2
08-06 16:40:43.396 13430 13430 W InstalledPackagesMemoryCache: Unknown action: android.intent.action.PACKAGE_CHANGED
08-06 16:40:43.396 13430 13430 I ServiceDeliveryCapability: onAppChanged:com.miui.weather2 action:android.intent.action.PACKAGE_CHANGED
08-06 16:40:43.397 13430 13430 I AppWidgetDelegate: updateAppWidgets for com.miui.weather2
08-06 16:40:43.397 13430 13430 I WidgetController: WidgetController.updateOrRemoveStackWhenPackageChanged: packageName com.miui.weather2
08-06 16:40:43.397 13430 13430 I WidgetBackgroundBlurManager: onAppChanged appPackageName : com.miui.weather2
08-06 16:40:43.398  2474  2745 I SmartPower: com.google.android.documentsui/10100(14965): idle->background(5557ms) R(broadcast start Intent { act=android.intent.action.PACKAGE_CHANGED dat=package: flg=0x45000010 (has extras) }) adj=905.
08-06 16:40:43.400 13430 14343 I AppWidgetDelegate: removeAllWidgets com.android.calendar.widget.NearEventAppWidget
08-06 16:40:43.400 13430 14343 I AppWidgetDelegate: removeAllWidgets com.xiaomi.misettings.usagestats.widget.desktop.widget.SimpleUsageStatsWidget
08-06 16:40:43.405  2474  7382 I SmartPower: com.miui.gallery/10271(27825): background->idle(3001ms) R(broadcast start Intent { act=android.intent.action.MEDIA_SCANNER_SCAN_FILE dat=file:///... flg=0x1400010 }) adj=905.
08-06 16:40:43.410  2474  4291 I ClipboardServiceI: checkProviderWakePathForClipboard: primaryClip is null
08-06 16:40:43.419  1843  3496 I vendor.qti.hardware.display.composer-service: Sensor: notify citsensorservice to trigger cwb, misForced = 0
08-06 16:40:43.419  3050  4554 I libsensor-parseRGB: request dump start for mRequestDisplayId 0
08-06 16:40:43.441  3050  4604 E libsensor-parseRGB: CWB NotifyCWBBufferDone  error 0
08-06 16:40:43.567  9549  9591 I mit.droidbotapp: This is non sticky GC, maxfree is 16777216 minfree is 8388608
08-06 16:40:43.625  1843  3496 I vendor.qti.hardware.display.composer-service: Sensor: notify citsensorservice to trigger cwb, misForced = 0
08-06 16:40:43.626  3050  4554 I libsensor-parseRGB: request dump start for mRequestDisplayId 0
08-06 16:40:43.649  3050  3078 E libsensor-parseRGB: CWB NotifyCWBBufferDone  error 0
08-06 16:40:43.711  1865  1865 I vendor.qti.hardware.servicetrackeraidl-service: unbindService is called for service : com.google.android.gms/.chimera.PersistentBoundBrokerService and for client com.google.android.gms
08-06 16:40:43.833  1843  3496 I vendor.qti.hardware.display.composer-service: Sensor: notify citsensorservice to trigger cwb, misForced = 0
08-06 16:40:43.834  3050  4554 I libsensor-parseRGB: request dump start for mRequestDisplayId 0
08-06 16:40:43.857  3050 25119 E libsensor-parseRGB: CWB NotifyCWBBufferDone  error 0
08-06 16:40:43.875  2474  2792 I ExtM    : zram userate is low, no need to flush: 11
08-06 16:40:44.005  2474 30082 I ActivityManager: Broadcasting: Intent { act=android.intent.action.MEDIA_SCANNER_SCAN_FILE dat=file:///... flg=0x400000 }
08-06 16:40:44.006  2474 30082 I ActivityManager: Enqueued broadcast Intent { act=android.intent.action.MEDIA_SCANNER_SCAN_FILE dat=file:///... flg=0x400000 }: 0
08-06 16:40:44.008 27825 27825 W MiuiGallery2_BaseMediaScannerReceiver: [main] - Broadcast received, action: [android.intent.action.MEDIA_SCANNER_SCAN_FILE], data uri: [file:///sdcard/screen_2025-08-06_164042.png], CTA not allowed
08-06 16:40:44.010  2474  7257 I MiuiNetworkPolicy: updateUidState uid = 10271, uidState = 11
08-06 16:40:44.011  2474  7257 I MiuiNetworkPolicy: updateUidState uid = 10271, uidState = 19
08-06 16:40:44.012 12965 12965 I MediaProvider: receive action = android.intent.action.MEDIA_SCANNER_SCAN_FILE schemeSpecificPart = ///sdcard/screen_2025-08-06_164042.png
08-06 16:40:44.012  2474 30082 W JobInfo : Job 'com.android.providers.media.module/com.android.providers.media.MediaService#-300' has a deadline with no functional constraints. The deadline won't improve job execution latency. Consider removing the deadline.
08-06 16:40:44.014  1865  1865 I vendor.qti.hardware.servicetrackeraidl-service: bindService is called for service : com.android.providers.media.module/com.android.providers.media.MediaService and for client system
08-06 16:40:44.015  1865  1865 I vendor.qti.hardware.servicetrackeraidl-service: total connections for service : com.android.providers.media.module/com.android.providers.media.MediaServiceare :1
08-06 16:40:44.015  1865  1865 I vendor.qti.hardware.servicetrackeraidl-service: total connections for client : systemare :29
08-06 16:40:44.016  2474  7379 I whetstone.activity: processNotifyEvent1 resId = 256, bundle = Bundle[{startTime=394268339, sourcePkg=com.android.providers.media.module, sourceUid=10249, status=1, jobId=-300, batteryName=com.android.providers.media.module/com.android.providers.media.MediaService, elapsedRealtime=394268339}]
08-06 16:40:44.017 14191 17583 I EventMonitor: notifyEvent resId=256
08-06 16:40:44.022  2474  2643 I ActivityManager: Broadcast completed: result=0
08-06 16:40:44.023 12965 14232 I MediaProvider: Begin Intent { act=android.intent.action.MEDIA_SCANNER_SCAN_FILE dat=file:///... flg=0x1400010 cmp=com.android.providers.media.module/com.android.providers.media.MediaService }
08-06 16:40:44.033 12965 14232 I MediaProvider: End Intent { act=android.intent.action.MEDIA_SCANNER_SCAN_FILE dat=file:///... flg=0x1400010 cmp=com.android.providers.media.module/com.android.providers.media.MediaService }
08-06 16:40:44.037  2474  7379 I whetstone.activity: processNotifyEvent1 resId = 256, bundle = Bundle[{startTime=394268357, sourcePkg=com.android.providers.media.module, sourceUid=10249, status=0, jobId=-300, batteryName=com.android.providers.media.module/com.android.providers.media.MediaService, elapsedRealtime=394268357}]
08-06 16:40:44.038 14191 17583 I EventMonitor: notifyEvent resId=256
08-06 16:40:44.038  1865  1865 I vendor.qti.hardware.servicetrackeraidl-service: unbindService is called for service : com.android.providers.media.module/com.android.providers.media.MediaService and for client system
08-06 16:40:44.038  1865  1865 I vendor.qti.hardware.servicetrackeraidl-service: size of service connections for service: com.android.providers.media.module/com.android.providers.media.MediaServiceafter removal is 0
08-06 16:40:44.038  1865  1865 I vendor.qti.hardware.servicetrackeraidl-service: size of client connections for client: systemafter removal is 28
08-06 16:40:44.038  1865  1865 I vendor.qti.hardware.servicetrackeraidl-service: destroyService is called for service : com.android.providers.media.module/com.android.providers.media.MediaService
08-06 16:40:44.041  1843  3496 I vendor.qti.hardware.display.composer-service: Sensor: notify citsensorservice to trigger cwb, misForced = 0
08-06 16:40:44.041  3050  4554 I libsensor-parseRGB: request dump start for mRequestDisplayId 0
08-06 16:40:44.064  3050  3078 E libsensor-parseRGB: CWB NotifyCWBBufferDone  error 0
08-06 16:40:44.168  3086  3086 I adbd    : in ShellService: ps
08-06 16:40:44.219  3086  3086 I adbd    : in ShellService: rm /sdcard/screen_2025-08-06_164042.png
08-06 16:40:44.237 12965 13505 I MediaProvider: Deleted paths_hashcode::1389444597/:1389444597/-1169449278042.png items on external_primary due to com.android.shell tid=10436
08-06 16:40:44.249  1843  3496 I vendor.qti.hardware.display.composer-service: Sensor: notify citsensorservice to trigger cwb, misForced = 0
08-06 16:40:44.249  3050  4554 I libsensor-parseRGB: request dump start for mRequestDisplayId 0
08-06 16:40:44.257 16543 20523 I IPCThreadState: oneway function results for code 2 on binder at 0xb400007218154e50 will be dropped but finished with status UNKNOWN_TRANSACTION
08-06 16:40:44.258  1865  1865 I vendor.qti.hardware.servicetrackeraidl-service: unbindService is called for service : com.android.vending/com.google.frameworks.client.data.android.server.play.BackgroundProcessEndpointService and for client com.android.vending
08-06 16:40:44.258  2474  8755 I SmartPower: com.android.vending:background/10124(17245): idle->background(6441ms) R(service unbind com.android.vending/com.google.frameworks.client.data.android.server.play.BackgroundProcessEndpointService) adj=227.
08-06 16:40:44.258  1865  1865 I vendor.qti.hardware.servicetrackeraidl-service: size of service connections for service: com.android.vending/com.google.frameworks.client.data.android.server.play.BackgroundProcessEndpointServiceafter removal is 0
08-06 16:40:44.258  1865  1865 I vendor.qti.hardware.servicetrackeraidl-service: size of client connections for client: com.android.vendingafter removal is 1
08-06 16:40:44.260  1865  1865 I vendor.qti.hardware.servicetrackeraidl-service: destroyService is called for service : com.android.vending/com.google.frameworks.client.data.android.server.play.BackgroundProcessEndpointService
08-06 16:40:44.272  3050 25119 E libsensor-parseRGB: CWB NotifyCWBBufferDone  error 0
08-06 16:40:44.291  2474  2792 I ExtM    : zram userate is low, no need to flush: 11
08-06 16:40:44.314  2474  8186 I NetworkBoostStatusManager: handle: 107
08-06 16:40:44.316  7856  8131 E PhoneAdapter: get ntnphones failed, exception: java.lang.IllegalStateException: Default phones haven't been made yet!
08-06 16:40:44.335  3086  3086 I adbd    : in ShellService: dumpsys display
08-06 16:40:44.383  2474  8393 I ClipboardServiceI: checkProviderWakePathForClipboard: primaryClip is null
08-06 16:40:44.387  1865  1865 I vendor.qti.hardware.servicetrackeraidl-service: bindService is called for service : com.google.android.gms/.chimera.PersistentApiService and for client com.google.android.apps.youtube.music
08-06 16:40:44.388  1865  1865 I vendor.qti.hardware.servicetrackeraidl-service: total connections for service : com.google.android.gms/.chimera.PersistentApiServiceare :7
08-06 16:40:44.388  1865  1865 I vendor.qti.hardware.servicetrackeraidl-service: total connections for client : com.google.android.apps.youtube.musicare :2
08-06 16:40:44.390  1865  1865 I vendor.qti.hardware.servicetrackeraidl-service: bindService is called for service : com.google.android.gms/.auth.GetToken and for client com.google.android.apps.youtube.music
08-06 16:40:44.390  1865  1865 I vendor.qti.hardware.servicetrackeraidl-service: total connections for service : com.google.android.gms/.auth.GetTokenare :2
08-06 16:40:44.390  1865  1865 I vendor.qti.hardware.servicetrackeraidl-service: total connections for client : com.google.android.apps.youtube.musicare :3
08-06 16:40:44.392 21008 21008 E GEL_DELAYED_EVENT_DEBUG: Volley request failed for type bmoh
08-06 16:40:44.392 21008 21008 E GEL_DELAYED_EVENT_DEBUG: ahkt: cdre: Exception in CronetUrlRequest: net::ERR_NAME_NOT_RESOLVED, ErrorCode=1, InternalErrorCode=-105, Retryable=false
08-06 16:40:44.392 21008 21008 E GEL_DELAYED_EVENT_DEBUG: 	at ahgt.run(PG:75)
08-06 16:40:44.392 21008 21008 E GEL_DELAYED_EVENT_DEBUG: 	at bddz.run(PG:21)
08-06 16:40:44.392 21008 21008 E GEL_DELAYED_EVENT_DEBUG: 	at vlj.run(PG:7)
08-06 16:40:44.392 21008 21008 E GEL_DELAYED_EVENT_DEBUG: 	at bemo.run(PG:44)
08-06 16:40:44.392 21008 21008 E GEL_DELAYED_EVENT_DEBUG: 	at vkp.run(PG:89)
08-06 16:40:44.392 21008 21008 E GEL_DELAYED_EVENT_DEBUG: 	at java.lang.Thread.run(Thread.java:1012)
08-06 16:40:44.392 21008 21008 E GEL_DELAYED_EVENT_DEBUG: 	at vmw.run(PG:61)
08-06 16:40:44.392 21008 21008 E GEL_DELAYED_EVENT_DEBUG: Caused by: cdre: Exception in CronetUrlRequest: net::ERR_NAME_NOT_RESOLVED, ErrorCode=1, InternalErrorCode=-105, Retryable=false
08-06 16:40:44.392 21008 21008 E GEL_DELAYED_EVENT_DEBUG: 	at org.chromium.net.impl.CronetUrlRequest.onError(PG:66)
08-06 16:40:44.418  7856  8131 E PhoneAdapter: get ntnphones failed, exception: java.lang.IllegalStateException: Default phones haven't been made yet!
08-06 16:40:44.419  2474  7258 E WifiScoreReportInjector: current network is in roaming environment
08-06 16:40:44.456  1843  3496 I vendor.qti.hardware.display.composer-service: Sensor: notify citsensorservice to trigger cwb, misForced = 0
08-06 16:40:44.457  3050  4554 I libsensor-parseRGB: request dump start for mRequestDisplayId 0
08-06 16:40:44.463  3086  3086 I adbd    : in ShellService: wm size
08-06 16:40:44.470 18406 18406 I cr_A11yState: Enabled accessibility services: [io.github.ylimit.droidbotapp/io.github.privacystreams.accessibility.PSAccessibilityService, null]
08-06 16:40:44.470 18406 18406 I cr_A11yState: Running accessibility services: [io.github.ylimit.droidbotapp/io.github.privacystreams.accessibility.PSAccessibilityService]
08-06 16:40:44.470 18406 18406 I cr_A11yState: Will check again after 250 milliseconds.
08-06 16:40:44.480  3050 25119 E libsensor-parseRGB: CWB NotifyCWBBufferDone  error 0
08-06 16:40:44.537  3086  3086 I adbd    : in ShellService: dumpsys input
08-06 16:40:44.604  3086  3086 I adbd    : in ShellService: getprop ro.sf.lcd_density
08-06 16:40:44.653  3086  3086 I adbd    : in ShellService: dumpsys activity activities
08-06 16:40:44.664  1843  3496 I vendor.qti.hardware.display.composer-service: Sensor: notify citsensorservice to trigger cwb, misForced = 0
08-06 16:40:44.664  3050  4554 I libsensor-parseRGB: request dump start for mRequestDisplayId 0
08-06 16:40:44.688  3050  3078 E libsensor-parseRGB: CWB NotifyCWBBufferDone  error 0
08-06 16:40:44.706  3086  3086 I adbd    : in ShellService: dumpsys activity activities
08-06 16:40:44.722 18406 18406 I cr_A11yState: Enabled accessibility services: [io.github.ylimit.droidbotapp/io.github.privacystreams.accessibility.PSAccessibilityService, null]
08-06 16:40:44.722 18406 18406 I cr_A11yState: Running accessibility services: [io.github.ylimit.droidbotapp/io.github.privacystreams.accessibility.PSAccessibilityService]
08-06 16:40:44.722 18406 18406 I cr_A11yState: Will check again after 500 milliseconds.
08-06 16:40:44.752  3086  3086 I adbd    : in ShellService: dumpsys activity activities
08-06 16:40:44.753  2474  7382 I SmartPower: com.milink.service:audio/10178(18537): background->idle(3000ms) R(broadcast start Intent { act=android.intent.action.PACKAGE_RESTARTED dat=package: flg=0x4000010 (has extras) }) adj=100.
08-06 16:40:44.805  3086  3086 I adbd    : in ShellService: dumpsys activity services
08-06 16:40:44.852  2474  7382 I SmartPower: com.miui.voiceassist:core/10193(12995): background->idle(3000ms) R(broadcast start Intent { act=android.intent.action.CLOSE_SYSTEM_DIALOGS flg=0x50000010 (has extras) }) adj=100.
08-06 16:40:44.854  2474  7382 I SmartPower: com.miui.systemAdSolution/10168(17757): background->idle(3001ms) R(broadcast start Intent { act=android.intent.action.CLOSE_SYSTEM_DIALOGS flg=0x50000010 (has extras) }) adj=100.
