08-06 16:40:35.312  2474  4291 I AppsFilter: interaction: PackageSetting{36fcb95 io.github.ylimit.droidbotapp/10284} -> PackageSetting{9ca7125 com.android.imsserviceentitlement/10125} BLOCKED
08-06 16:40:35.312  2474  4291 I AppsFilter: interaction: PackageSetting{36fcb95 io.github.ylimit.droidbotapp/10284} -> PackageSetting{149a2fa com.xiaomi.gamecenter/10288} BLOCKED
08-06 16:40:35.312  2474  4291 I AppsFilter: interaction: PackageSetting{36fcb95 io.github.ylimit.droidbotapp/10284} -> PackageSetting{35ec0ab com.android.appsearch.apk/10257} BLOCKED
08-06 16:40:35.312  2474  4291 I AppsFilter: interaction: PackageSetting{36fcb95 io.github.ylimit.droidbotapp/10284} -> PackageSetting{d4e5308 com.dragon.read/10335} BLOCKED
08-06 16:40:35.312  2474  4291 I AppsFilter: interaction: PackageSetting{36fcb95 io.github.ylimit.droidbotapp/10284} -> PackageSetting{d805be8 com.anydo/10292} BLOCKED
08-06 16:40:35.312  2474  4291 I AppsFilter: interaction: PackageSetting{36fcb95 io.github.ylimit.droidbotapp/10284} -> PackageSetting{7d5faa1 com.miui.cleanmaster/10266} BLOCKED
08-06 16:40:35.312  2474  4291 I AppsFilter: interaction: PackageSetting{36fcb95 io.github.ylimit.droidbotapp/10284} -> PackageSetting{1fef4c6 com.miui.weather2/10278} BLOCKED
08-06 16:40:35.312  2474  4291 I AppsFilter: interaction: PackageSetting{36fcb95 io.github.ylimit.droidbotapp/10284} -> PackageSetting{f46bc87 com.autonavi.minimap/10333} BLOCKED
08-06 16:40:35.312  2474  4291 I AppsFilter: interaction: PackageSetting{36fcb95 io.github.ylimit.droidbotapp/10284} -> PackageSetting{5f997b4 com.xiaomi.scanner/10281} BLOCKED
08-06 16:40:35.312  2474  4291 I AppsFilter: interaction: PackageSetting{36fcb95 io.github.ylimit.droidbotapp/10284} -> PackageSetting{b69fdd com.google.android.apps.tasks/10300} BLOCKED
08-06 16:40:35.312  2474  4291 I AppsFilter: interaction: PackageSetting{36fcb95 io.github.ylimit.droidbotapp/10284} -> PackageSetting{4659752 com.duokan.reader/10287} BLOCKED
08-06 16:40:35.312  2474  4291 I AppsFilter: interaction: PackageSetting{36fcb95 io.github.ylimit.droidbotapp/10284} -> PackageSetting{53bcc87 com.android.cts.ctsshim/10253} BLOCKED
08-06 16:40:35.312  2474  4291 I AppsFilter: interaction: PackageSetting{36fcb95 io.github.ylimit.droidbotapp/10284} -> PackageSetting{ec89a23 douzifly.list/10182} BLOCKED
08-06 16:40:35.312  2474  4291 I AppsFilter: interaction: PackageSetting{36fcb95 io.github.ylimit.droidbotapp/10284} -> PackageSetting{4727b20 com.miui.yellowpage/10137} BLOCKED
08-06 16:40:35.312  2474  4291 I AppsFilter: interaction: PackageSetting{36fcb95 io.github.ylimit.droidbotapp/10284} -> PackageSetting{1025cd9 com.einnovation.temu/10304} BLOCKED
08-06 16:40:35.312  2474  4291 I AppsFilter: interaction: PackageSetting{36fcb95 io.github.ylimit.droidbotapp/10284} -> PackageSetting{9017a1b com.android.microdroid.empty_payload/10236} BLOCKED
08-06 16:40:35.312  2474  4291 I AppsFilter: interaction: PackageSetting{36fcb95 io.github.ylimit.droidbotapp/10284} -> PackageSetting{f21d69e com.android.email/10268} BLOCKED
08-06 16:40:35.312  2474  4291 I AppsFilter: interaction: PackageSetting{36fcb95 io.github.ylimit.droidbotapp/10284} -> PackageSetting{d00b57f com.android.music/10175} BLOCKED
08-06 16:40:35.312  2474  4291 I AppsFilter: interaction: PackageSetting{36fcb95 io.github.ylimit.droidbotapp/10284} -> PackageSetting{fd4294c com.android.hotspot2.osulogin/10259} BLOCKED
08-06 16:40:35.312  2474  4291 I AppsFilter: interaction: PackageSetting{36fcb95 io.github.ylimit.droidbotapp/10284} -> PackageSetting{eb2ed95 com.android.companiondevicemanager.auto_generated_characteristics_rro/10006} BLOCKED
08-06 16:40:35.312  2474  4291 I AppsFilter: interaction: PackageSetting{36fcb95 io.github.ylimit.droidbotapp/10284} -> PackageSetting{cd0beaa com.google.android.gms.location.history/10152} BLOCKED
08-06 16:40:35.312  2474  4291 I AppsFilter: interaction: PackageSetting{36fcb95 io.github.ylimit.droidbotapp/10284} -> PackageSetting{752a9b com.smile.gifmaker/10339} BLOCKED
08-06 16:40:35.312  2474  4291 I AppsFilter: interaction: PackageSetting{36fcb95 io.github.ylimit.droidbotapp/10284} -> PackageSetting{3c08e38 com.android.internal.systemui.navbar.gestural/10052} BLOCKED
08-06 16:40:35.312  2474  4291 I AppsFilter: interaction: PackageSetting{36fcb95 io.github.ylimit.droidbotapp/10284} -> PackageSetting{ba1ce11 ru.mail.mailapp/10321} BLOCKED
08-06 16:40:35.312  2474  4291 I AppsFilter: interaction: PackageSetting{36fcb95 io.github.ylimit.droidbotapp/10284} -> PackageSetting{2d41b76 com.google.android.apps.youtube.music/10318} BLOCKED
08-06 16:40:35.312  2474  4291 I AppsFilter: interaction: PackageSetting{36fcb95 io.github.ylimit.droidbotapp/10284} -> PackageSetting{7f1d577 com.android.bluetoothmidiservice/10104} BLOCKED
08-06 16:40:35.312  2474  4291 I AppsFilter: interaction: PackageSetting{36fcb95 io.github.ylimit.droidbotapp/10284} -> PackageSetting{20c55e4 com.jijia.jjweather/10336} BLOCKED
08-06 16:40:35.312  2474  4291 I AppsFilter: interaction: PackageSetting{36fcb95 io.github.ylimit.droidbotapp/10284} -> PackageSetting{3c43a4d com.ebay.mobile/10291} BLOCKED
08-06 16:40:35.312  2474  4291 I AppsFilter: interaction: PackageSetting{36fcb95 io.github.ylimit.droidbotapp/10284} -> PackageSetting{8de7902 com.google.android.apps.magazines/10315} BLOCKED
08-06 16:40:35.312  2474  4291 I AppsFilter: interaction: PackageSetting{36fcb95 io.github.ylimit.droidbotapp/10284} -> PackageSetting{9245213 com.qualcomm.qti.server.wigig.tethering.rro/10229} BLOCKED
08-06 16:40:35.312  2474  4291 I AppsFilter: interaction: PackageSetting{36fcb95 io.github.ylimit.droidbotapp/10284} -> PackageSetting{32aec50 com.sina.news/10314} BLOCKED
08-06 16:40:35.312  2474  4291 I AppsFilter: interaction: PackageSetting{36fcb95 io.github.ylimit.droidbotapp/10284} -> PackageSetting{3272e49 tv.danmaku.bili/10326} BLOCKED
08-06 16:40:35.312  2474  4291 I AppsFilter: interaction: PackageSetting{36fcb95 io.github.ylimit.droidbotapp/10284} -> PackageSetting{d3f234e com.android.captiveportallogin/10106} BLOCKED
08-06 16:40:35.312  2474  4291 I AppsFilter: interaction: PackageSetting{36fcb95 io.github.ylimit.droidbotapp/10284} -> PackageSetting{cf7fc6f com.microsoft.todos/10293} BLOCKED
08-06 16:40:35.312  2474  4291 I AppsFilter: interaction: PackageSetting{36fcb95 io.github.ylimit.droidbotapp/10284} -> PackageSetting{15a7d7c com.miui.core/10194} BLOCKED
08-06 16:40:35.316  2474  4291 W ActivityManager: Permission Denial: getCurrentUser() from pid=9549, uid=10284 requires android.permission.INTERACT_ACROSS_USERS
08-06 16:40:35.316  9549  9549 W libc    : Access denied finding property "vendor.boostfwk.frameprefetcher"
08-06 16:40:35.316  9549 10039 E FramePredict: registerContentObserver fail
08-06 16:40:35.317  9549  9549 W libc    : Access denied finding property "ro.vendor.df.effect.conflict"
08-06 16:40:35.312  9549  9549 W mit.droidbotapp: type=1400 audit(0.0:8440): avc:  denied  { read } for  name="u:object_r:vendor_displayfeature_prop:s0" dev="tmpfs" ino=572 scontext=u:r:untrusted_app_32:s0:c28,c257,c512,c768 tcontext=u:object_r:vendor_displayfeature_prop:s0 tclass=file permissive=0 app=io.github.ylimit.droidbotapp
08-06 16:40:35.331  3086  3086 I adbd    : in ShellService: getprop ro.secure
08-06 16:40:35.332  9549  9549 I ViewRootImpl: InputMethod use first frame acceleration
08-06 16:40:35.335  2474  4291 I SmartPower: io.github.ylimit.droidbotapp/10284(9549): background->visible(863ms) R(become visible) adj=200.
08-06 16:40:35.340  2474  2664 I ThermalObserver: Temperature control has been released.
08-06 16:40:35.347  6011  9798 I Market-DownloadLimitSpeedManager: stopLimitSpeed
08-06 16:40:35.347  6011  9798 I Market-LimitSpeedManager: stopLimitSpeedNow() =========== 
08-06 16:40:35.352  2474  8186 I NetworkBoostStatusManager: handle: 102
08-06 16:40:35.352  2474  8186 I NetworkBoostStatusManager: interfaceOnCapabilitiesChanged interface name:wlan0
08-06 16:40:35.355  9549  9549 I Choreographer: first vsync insert message into MessageQueue Head
08-06 16:40:35.355  7856  8173 E PhoneAdapter: get ntnphones failed, exception: java.lang.IllegalStateException: Default phones haven't been made yet!
08-06 16:40:35.358 15678 15899 W Settings: Setting device_provisioned has moved from android.provider.Settings.Secure to android.provider.Settings.Global.
08-06 16:40:35.359 15678 15899 I JoyoseCloudControlManager3: network metered changed, network metered: false, deviceProvisioned: true, scAllowConn: true, try to setNetworkAccessEnabled: true
08-06 16:40:35.360 15038 15038 I NetBusNetworkMonitor: onCapabilitiesChanged isPrimary = true
08-06 16:40:35.363  2474  7258 E WifiScoreReportInjector: current network is in roaming environment
08-06 16:40:35.364 15038 15038 I NetBusNetworkMonitor: gateway=192.*.*.1
08-06 16:40:35.366 18537 19039 I Cir_Miplay_NetworkListenerHelper: onCapabilitiesChanged#network=103
08-06 16:40:35.366 18537 19039 I Cir_Miplay_NetworkListenerHelper: onCapabilitiesChanged network type wifi
08-06 16:40:35.368  7458  7458 I HandWritingStubImpl: getCurrentKeyboardType: 1
08-06 16:40:35.368 15038 15038 I NetBusNetworkMonitor: addConnectNetworkInterface mediumType:256, detail:NetworkDetailInfo{mIsConnected=false, mIsSupportTdls=true, mNetworkType=0, mIpAddress=192.*.*.11, mIfName=wlan0, mGateway=192.*.*.1, mNetmask=255.*.*.0, mSsid=C**01}
08-06 16:40:35.369 15038 15038 I NetBusNetworkMonitor: onCapabilitiesChanged handle=445787328525, mediumType=256, ifName=wlan0
08-06 16:40:35.389  6011  9798 I Market-RetrofitRequest: callEnd : https://updateinfo.market.xiaomi.com/apm/updateinfo/v2
08-06 16:40:35.390  3086  3086 I adbd    : in ShellService: getprop ro.debuggable
08-06 16:40:35.390  6011  9798 W Market-Connection: Connection result is cut off as too long
08-06 16:40:35.394  6011  9798 I Market-LocalAppManager: getUpdateInfoFromServer : end  , responseCode : OK
08-06 16:40:35.394  6011  9798 I Market-LocalAppManager: checkUpdateFromServer : end
08-06 16:40:35.400  6011  9798 I Market-LocalAppManager: checkUpdateFromServer  data parser : end
08-06 16:40:35.400  6011  9798 I Market-HuanjiManager: condition not satisfied, ignore
08-06 16:40:35.400  6011  9798 I Market-DataParser: [InvalidPackageList] JSON : invalidSystemPackageList list is null
08-06 16:40:35.400  6011  9798 I Market-LocalAppManager: checkUpdateFromServer  filter package : end
08-06 16:40:35.401  6011  9798 I Market-LocalAppManager: checkUpdateFromServer  support64BitPackagesJsonArray : end
08-06 16:40:35.401  6011  9798 I Market-LocalAppManager: query update apps from server : finish, 54 / 424 to update
08-06 16:40:35.426  9549  9589 I mit.droidbotapp: Compiler allocated 5390KB to compile void android.view.ViewRootImpl.performTraversals()
08-06 16:40:35.442  6011  9798 I Market-RetrofitRequest: callStart : https://updateinfo.market.xiaomi.com/apm/updateinfo/priority
08-06 16:40:35.443  6011  9798 I Market-RetrofitRequest: HeaderInterceptor : https://updateinfo.market.xiaomi.com/apm/updateinfo/priority
08-06 16:40:35.443  6011  9798 E Market-Client: isSupportChildMode, error: java.lang.NumberFormatException: For input string: ""
08-06 16:40:35.444  6011  9798 E Market-Client: isSupportChildMode, error: java.lang.NumberFormatException: For input string: ""
08-06 16:40:35.447  6011  9798 I Market-LimitSpeedManager: startLimitSpeedNow() ====== speed = 32768
08-06 16:40:35.449  3086  3086 I adbd    : in ShellService: dumpsys display
08-06 16:40:35.450  6011  9798 I Market-DownloadLimitSpeedManager: startLimitSpeed success. Total count 1
08-06 16:40:35.450  6011  9798 I Market-RetrofitRequest: HeaderInterceptor : https://updateinfo.market.xiaomi.com/apm/updateinfo/priority
08-06 16:40:35.454  1865  1865 I vendor.qti.hardware.servicetrackeraidl-service: unbindService is called for service : com.android.browser/com.miui.org.chromium.content.app.SandboxedProcessService0:0 and for client com.android.browser
08-06 16:40:35.455  2474  7257 I MiuiNetworkPolicy: updateUidState uid = 99004, uidState = 10
08-06 16:40:35.455  2474  2646 E SSRU-RUS: Don't have packages for uid 99004
08-06 16:40:35.456  2474  2646 E SSRU-RUS: Don't have packages for uid 99004
08-06 16:40:35.456  2474  7257 I MiuiNetworkPolicy: updateUidState uid = 99004, uidState = 19
08-06 16:40:35.463  1843  2051 I SDM     : DisplayBase::CommitThread: Received idle timeout, panel: cmd, timeout: 70000 us
08-06 16:40:35.487  6011  9798 I Market-DownloadLimitSpeedManager: stopLimitSpeed
08-06 16:40:35.488  6011  9798 I Market-LimitSpeedManager: stopLimitSpeedNow() =========== 
08-06 16:40:35.491  6011  9798 I Market-RetrofitRequest: callEnd : https://updateinfo.market.xiaomi.com/apm/updateinfo/priority
08-06 16:40:35.499  1843  1843 I SDM     : HWCDisplay::SetActiveConfigWithConstraints: display:66-0, config: 1, WxH 1200x2670, fps 120
08-06 16:40:35.500  1843  1843 W SDM     : HWDeviceDRM::GetSupportedBitClkRate: Requested rate not supported: 1150000000
08-06 16:40:35.500  1843  1843 I SDM     : HWDeviceDRM::UpdateMixerAttributes: Mixer WxH 1200x2670-1 for Peripheral
08-06 16:40:35.500  1843  1843 I SDM     : HWCDisplay::SubmitDisplayConfig: Active configuration changed from config 3 to 1
08-06 16:40:35.500  1843  1843 I SDM     : HWCDisplay::SubmitDisplayConfig: Active WxH 1200x2670 ,ddic_mode:idle, timing_fps: 120, sf_fps: 120
08-06 16:40:35.501  1843  3496 I vendor.qti.hardware.display.composer-service: Sensor: notify citsensorservice to trigger cwb, misForced = 0
08-06 16:40:35.501  6011  9798 I Market-SystemSettingsManager: extraSettingsSecureGetInt key: com.xiaomi.market.need_update_game_count, value: 0
08-06 16:40:35.501  6011  9798 I Market-UpdateAppList: notify update appList changed: pkg (52) = com.ss.android.ugc.aweme,com.milink.service,com.miui.hybrid,com.baidu.BaiduMap,com.netease.newsreader.activity,com.baidu.searchbox.lite,com.android.fileexplorer,com.xiaomi.aiasst.vision,com.microsoft.office.outlook,com.miui.newhome,com.autonavi.minimap,com.miui.mishare.connectivity,com.android.contacts,com.unionpay.tsmservice.mi,com.miui.voiceassist,com.miui.thirdappassistant,com.xiaomi.scanner,com.miui.securitycenter,com.miui.backup,com.duokan.reader,com.baidu.searchbox,com.wuba.zhuanzhuan,com.xingin.xhs,com.miui.touchassistant,tv.danmaku.bili,com.dragon.read,com.miui.gallery,com.UCMobile,com.miui.carlink,com.xiaomi.payment,com.miui.tsmclient,com.smile.gifmaker,com.xiaomi.gamecenter,com.android.browser,com.suxing.sustream,com.xiaomi.mis,com.miui.virtualsim,com.android.quicksearchbox,com.sina.news,com.miui.video,com.ss.android.article.news,com.quark.browser,com.miui.personalassistant,com.xiaomi.gamecenter.sdk.service,com.kuaishou.nebula,com.miui.bugreport,com.xiaomi.digitalkey,com.android.calendar,com.xiaomi.aicr,com.xiaomi.xmsf,com.xiaomi.mirror,com.android.soundrecorder
08-06 16:40:35.501  6011  9798 I Market-SystemSettingsManager: extraSettingsSecureGetInt key: com.xiaomi.market.need_update_app_count, value: 52
08-06 16:40:35.502  3050  4554 I libsensor-parseRGB: request dump start for mRequestDisplayId 0
08-06 16:40:35.504  6011  9389 I Market-SubScriptManager: updateMarketSubScript forceShow : false
08-06 16:40:35.505  6011  9798 I Market-PendingUpdateNotification: update existing notification
08-06 16:40:35.505  2474  2474 W Bundle  : Key android.text expected String but value was a android.text.SpannableString.  The default value <null> was returned.
08-06 16:40:35.506  2474  2474 W Bundle  : Attempt to cast generated internal exception:
08-06 16:40:35.506  2474  2474 W Bundle  : java.lang.ClassCastException: android.text.SpannableString cannot be cast to java.lang.String
08-06 16:40:35.506  2474  2474 W Bundle  : 	at android.os.BaseBundle.getString(BaseBundle.java:1418)
08-06 16:40:35.506  2474  2474 W Bundle  : 	at com.android.server.notification.NotificationManagerServiceImpl.replaceNotification(NotificationManagerServiceImpl.java:1090)
08-06 16:40:35.506  2474  2474 W Bundle  : 	at com.android.server.notification.NotificationManagerService$NotificationListeners.notifyRemovedLocked(NotificationManagerService.java:12484)
08-06 16:40:35.506  2474  2474 W Bundle  : 	at com.android.server.notification.NotificationManagerService.cancelNotificationLocked(NotificationManagerService.java:10006)
08-06 16:40:35.506  2474  2474 W Bundle  : 	at com.android.server.notification.NotificationManagerService.-$$Nest$mcancelNotificationLocked(Unknown Source:0)
08-06 16:40:35.506  2474  2474 W Bundle  : 	at com.android.server.notification.NotificationManagerService$CancelNotificationRunnable.run(NotificationManagerService.java:8686)
08-06 16:40:35.506  2474  2474 W Bundle  : 	at android.os.Handler.handleCallback(Handler.java:959)
08-06 16:40:35.506  2474  2474 W Bundle  : 	at android.os.Handler.dispatchMessage(Handler.java:100)
08-06 16:40:35.506  2474  2474 W Bundle  : 	at android.os.Looper.loopOnce(Looper.java:249)
08-06 16:40:35.506  2474  2474 W Bundle  : 	at android.os.Looper.loop(Looper.java:337)
08-06 16:40:35.506  2474  2474 W Bundle  : 	at com.android.server.SystemServer.run(SystemServer.java:1065)
08-06 16:40:35.506  2474  2474 W Bundle  : 	at com.android.server.SystemServer.main(SystemServer.java:724)
08-06 16:40:35.506  2474  2474 W Bundle  : 	at java.lang.reflect.Method.invoke(Native Method)
08-06 16:40:35.506  2474  2474 W Bundle  : 	at com.android.internal.os.RuntimeInit$MethodAndArgsCaller.run(RuntimeInit.java:593)
08-06 16:40:35.506  2474  2474 W Bundle  : 	at com.android.internal.os.ZygoteInit.main(ZygoteInit.java:914)
08-06 16:40:35.506  6011  9389 I Market-SubScriptManager: get count 52
08-06 16:40:35.506  6011  9389 I Market-SubScriptManager: get count 52
08-06 16:40:35.507  2474  2474 W Bundle  : Key android.text expected String but value was a android.text.SpannableString.  The default value <null> was returned.
08-06 16:40:35.507  2474  2474 W Bundle  : Attempt to cast generated internal exception:
08-06 16:40:35.507  2474  2474 W Bundle  : java.lang.ClassCastException: android.text.SpannableString cannot be cast to java.lang.String
08-06 16:40:35.507  2474  2474 W Bundle  : 	at android.os.BaseBundle.getString(BaseBundle.java:1418)
08-06 16:40:35.507  2474  2474 W Bundle  : 	at com.android.server.notification.NotificationManagerServiceImpl.replaceNotification(NotificationManagerServiceImpl.java:1090)
08-06 16:40:35.507  2474  2474 W Bundle  : 	at com.android.server.notification.NotificationManagerService$NotificationListeners.notifyRemovedLocked(NotificationManagerService.java:12484)
08-06 16:40:35.507  2474  2474 W Bundle  : 	at com.android.server.notification.NotificationManagerService.cancelNotificationLocked(NotificationManagerService.java:10006)
08-06 16:40:35.507  2474  2474 W Bundle  : 	at com.android.server.notification.NotificationManagerService.-$$Nest$mcancelNotificationLocked(Unknown Source:0)
08-06 16:40:35.507  2474  2474 W Bundle  : 	at com.android.server.notification.NotificationManagerService$CancelNotificationRunnable.run(NotificationManagerService.java:8686)
08-06 16:40:35.507  2474  2474 W Bundle  : 	at android.os.Handler.handleCallback(Handler.java:959)
08-06 16:40:35.507  2474  2474 W Bundle  : 	at android.os.Handler.dispatchMessage(Handler.java:100)
08-06 16:40:35.507  2474  2474 W Bundle  : 	at android.os.Looper.loopOnce(Looper.java:249)
08-06 16:40:35.507  2474  2474 W Bundle  : 	at android.os.Looper.loop(Looper.java:337)
08-06 16:40:35.507  2474  2474 W Bundle  : 	at com.android.server.SystemServer.run(SystemServer.java:1065)
08-06 16:40:35.507  2474  2474 W Bundle  : 	at com.android.server.SystemServer.main(SystemServer.java:724)
08-06 16:40:35.507  2474  2474 W Bundle  : 	at java.lang.reflect.Method.invoke(Native Method)
08-06 16:40:35.507  2474  2474 W Bundle  : 	at com.android.internal.os.RuntimeInit$MethodAndArgsCaller.run(RuntimeInit.java:593)
08-06 16:40:35.507  2474  2474 W Bundle  : 	at com.android.internal.os.ZygoteInit.main(ZygoteInit.java:914)
08-06 16:40:35.510  7890  7890 W NotifCollection: Collection missing 9 entries in ranking update. Just lost 1: 0|com.xiaomi.market|129474916|null|10167
08-06 16:40:35.511  7890  7890 E adTracker: Value pending_update of type java.lang.String cannot be converted to JSONObject
08-06 16:40:35.512  2474 30082 W ActivityManagerServiceImpl: Sending non-protected broadcast android.intent.action.APPLICATION_MESSAGE_UPDATE from system 7890:com.android.systemui/1000 pkg com.android.systemui. Callers=
08-06 16:40:35.513  7458  8091 I Launcher.ApplicationsMessage: onReceive true
08-06 16:40:35.513  7458  8091 I Launcher.ApplicationsMessage: update com.xiaomi.market/com.xiaomi.market.business_ui.main.MarketTabActivity to 1
08-06 16:40:35.514  7890  7890 E adTracker: Value pending_update1 of type java.lang.String cannot be converted to JSONObject
08-06 16:40:35.515  7890  8198 W ContextImpl: Calling a method in the system process without a qualified user: android.app.ContextImpl.bindService:2028 android.content.ContextWrapper.bindService:879 com.xiaomi.onetrack.api.at$b.handleMessage:70 android.os.Handler.dispatchMessage:107 android.os.Looper.loopOnce:249 
08-06 16:40:35.515  2474 30082 W ActivityManagerServiceImpl: Sending non-protected broadcast android.intent.action.APPLICATION_MESSAGE_UPDATE from system 7890:com.android.systemui/1000 pkg com.android.systemui. Callers=
08-06 16:40:35.516  1865  1865 I vendor.qti.hardware.servicetrackeraidl-service: bindService is called for service : com.miui.analytics/.onetrack.OneTrackService and for client com.android.systemui
08-06 16:40:35.516  1865  1865 I vendor.qti.hardware.servicetrackeraidl-service: total connections for service : com.miui.analytics/.onetrack.OneTrackServiceare :39
08-06 16:40:35.516  6011  9798 I Market-PendingUpdateNotification: c null isOut false exist true
08-06 16:40:35.516  1865  1865 I vendor.qti.hardware.servicetrackeraidl-service: total connections for client : com.android.systemuiare :5
08-06 16:40:35.516  6011  9798 I Market-ClientConfig: not support null
08-06 16:40:35.516  7458  8091 I Launcher.ApplicationsMessage: onReceive true
08-06 16:40:35.516  7458  8091 I Launcher.ApplicationsMessage: update com.xiaomi.market/com.xiaomi.market.business_ui.main.MarketTabActivity to null
08-06 16:40:35.517  6011  9798 I Market-LocalAppManager: queryDiffSizeFromServer start
08-06 16:40:35.522  7890  7890 E StackScroller: updateSidePadding: viewWidth is zero
08-06 16:40:35.523  7890  7890 E adTracker: Value ranker_group of type java.lang.String cannot be converted to JSONObject
08-06 16:40:35.524  3050  4604 E libsensor-parseRGB: CWB NotifyCWBBufferDone  error 0
08-06 16:40:35.524  2474  2641 W ActivityManagerServiceImpl: Sending non-protected broadcast android.intent.action.APPLICATION_MESSAGE_UPDATE from system 7890:com.android.systemui/1000 pkg com.android.systemui. Callers=
08-06 16:40:35.525  7458  8091 I Launcher.ApplicationsMessage: onReceive true
08-06 16:40:35.525  7458  8091 I Launcher.ApplicationsMessage: update com.xiaomi.market/ to null
08-06 16:40:35.591  3086  3086 I adbd    : in ShellService: wm size
08-06 16:40:35.613  1843  2051 I SDM     : DisplayBase::CommitThread: Received idle timeout, panel: cmd, timeout: 69999 us
08-06 16:40:35.665  3086  3086 I adbd    : in ShellService: dumpsys input
08-06 16:40:35.692  1843  3496 I vendor.qti.hardware.display.composer-service: Sensor: notify citsensorservice to trigger cwb, misForced = 1
08-06 16:40:35.693  3050  4554 I libsensor-parseRGB: request dump start for mRequestDisplayId 0
08-06 16:40:35.715  3050  3078 E libsensor-parseRGB: CWB NotifyCWBBufferDone  error 0
08-06 16:40:35.722  3086  3086 I adbd    : in ShellService: getprop ro.sf.lcd_density
08-06 16:40:35.765  3086  3086 I adbd    : in ShellService: input keyevent MENU
08-06 16:40:35.773  1843  2051 I SDM     : DisplayBase::CommitThread: Received idle timeout, panel: cmd, timeout: 70000 us
08-06 16:40:35.787  2474 10058 W MIUIInput: Input event injection from package: null action ACTION_DOWN keycode 82
08-06 16:40:35.788  2474 10058 W MiuiInputKeyEventLog: keyCode:82 down:true eventTime:7084925 downTime:7084925 policyFlags:2b000000 flags:0 metaState:0 deviceId:-1 isScreenOn:true keyguardActive:false repeatCount:0
08-06 16:40:35.789  2036  2036 E DisplayModeController: setDesiredMode : Idle status skip setActiveMode, isDdicIdleMode: 1
08-06 16:40:35.789  2474  4371 I InputFeature: supportXiaomiHyperXiaoAi is true
08-06 16:40:35.789  2474  4371 I InputFeature: supportXiaomiHyperXiaoAiScreenRecognition support
08-06 16:40:35.789  2474  4371 I InputFeature: supportBlockCombinationKey com.miui.home version: 3
08-06 16:40:35.789  2474  4371 I MiuiInputKeyEventLog: is show menu
08-06 16:40:35.790  2474  4371 I MIUIInput: [KeyEvent] publisher action:0x0,  keyCode:82 , deviceId=-1, 7084925,channel '79e08af com.miui.home/com.miui.home.launcher.Launcher (server)' 
08-06 16:40:35.790  7458  7458 I MIUIInput: [KeyEvent] ViewRootImpl windowName 'com.miui.home/com.miui.home.launcher.Launcher', KeyEvent { action=ACTION_DOWN, keyCode=KEYCODE_MENU, scanCode=0, metaState=0, flags=0x0, repeatCount=0, eventTime=7084925000000, downTime=7084925000000, deviceId=-1, source=0x0, displayId=-1 }, phoneEventTime=16:40:35.787
08-06 16:40:35.791  1843  1843 I SDM     : HWCDisplay::SetActiveConfigWithConstraints: display:66-0, config: 3, WxH 1200x2670, fps 120
08-06 16:40:35.792  1843  1843 W SDM     : HWDeviceDRM::GetSupportedBitClkRate: Requested rate not supported: 1150000000
08-06 16:40:35.792  1843  1843 I SDM     : HWDeviceDRM::UpdateMixerAttributes: Mixer WxH 1200x2670-1 for Peripheral
08-06 16:40:35.792  1843  1843 I SDM     : HWCDisplay::SubmitDisplayConfig: Active configuration changed from config 1 to 3
08-06 16:40:35.792  1843  1843 I SDM     : HWCDisplay::SubmitDisplayConfig: Active WxH 1200x2670 ,ddic_mode:auto, timing_fps: 120, sf_fps: 120
08-06 16:40:35.804  2474 10058 W MIUIInput: Input event injection from package: null action ACTION_UP keycode 82
08-06 16:40:35.804  2474 10058 W MiuiInputKeyEventLog: keyCode:82 down:false eventTime:7084941 downTime:7084925 policyFlags:2b000000 flags:0 metaState:0 deviceId:-1 isScreenOn:true keyguardActive:false repeatCount:0
08-06 16:40:35.804  2474  4371 I InputFeature: supportXiaomiHyperXiaoAi is true
08-06 16:40:35.804  2474  4371 I InputFeature: supportXiaomiHyperXiaoAiScreenRecognition support
08-06 16:40:35.804  2474  4371 I InputFeature: supportBlockCombinationKey com.miui.home version: 3
08-06 16:40:35.804  2474  4371 I MiuiInputKeyEventLog: is show menu
08-06 16:40:35.804  2474  4371 I MIUIInput: [KeyEvent] publisher action:0x1,  keyCode:82 , deviceId=-1, 7084941,channel '79e08af com.miui.home/com.miui.home.launcher.Launcher (server)' 
08-06 16:40:35.805  7458  7458 I MIUIInput: [KeyEvent] ViewRootImpl windowName 'com.miui.home/com.miui.home.launcher.Launcher', KeyEvent { action=ACTION_UP, keyCode=KEYCODE_MENU, scanCode=0, metaState=0, flags=0x0, repeatCount=0, eventTime=7084941000000, downTime=7084925000000, deviceId=-1, source=0x0, displayId=-1 }, phoneEventTime=16:40:35.803
08-06 16:40:35.806  7458  7458 I AnimStateManager: IdleState handle event 2006
08-06 16:40:35.806  7458  7458 I AnimStateManager: CommonState handle event 2006
08-06 16:40:35.807  7458  8091 I HapticFeedbackUtil: rtp:216
08-06 16:40:35.812  7497  8404 I MiuiWallpaper-MiuiWallpaperManagerService: isMiuiWallpaperComponentUsing: true
08-06 16:40:35.816  7497  8404 I MiuiWallpaper-MiuiWallpaperManagerService: isMiuiWallpaperComponentUsing: true
08-06 16:40:35.817  7497  8404 I MiuiWallpaper-MiuiWallpaperManagerService: isMiuiWallpaperComponentUsing: true
08-06 16:40:35.817  7497  8404 I MiuiWallpaper-MiuiWallpaperManagerService: isMiuiWallpaperComponentUsing: true
08-06 16:40:35.822  2474 15979 W ServiceManagerCppClient: Permission failure:  from uid=10138 pid=7458
08-06 16:40:35.823  1775  1775 I sensors-hal: batch:141, android.sensor.accelerometer/11, period=66667000, max_latency=0
08-06 16:40:35.823  2474  2817 E SensorAccount: it is being prepared but doesn't have a pre-existing accountToSensorUsageMap
08-06 16:40:35.823  2474  2817 I SensorAccount: App register sensor to track it noWakeupSensor_10138_0x100000b
08-06 16:40:35.823  1775  1775 I sensors-hal: set_config:56, sample_period_ns is adjusted to 66667000 based on min/max delay_ns
08-06 16:40:35.823  1775  1775 I sensors-hal: batch:150, android.sensor.accelerometer/11, period=66667000, max_latency=0 request completed
08-06 16:40:35.824  1775  1775 E sensors-hal: flush:166, invalid flush request, active=0, oneshot=0
08-06 16:40:35.824  2474 15979 I SensorService: 	>>> actuating h/w activate handle=0x100000b enabled=1
08-06 16:40:35.824  1775  1775 I sensors-hal: activate:108, android.sensor.accelerometer/11 en=1
08-06 16:40:35.824  1775  1775 I sensors-hal: acquire_qsh_interface:121, acquire_qsh_interface with sensor_id 104 , conn_type 2 
08-06 16:40:35.825  1739  1832 I minksocket: MinkIPC MESSAGE: ( 1739:1832 ) MinkIPC_QRTR_Service:351 minkipc = 0xb4000076c18baed0 sock = 35, client with node 1 port 5467 went down
08-06 16:40:35.825  1739  1812 I minksocket: MinkIPC MESSAGE: ( 1739:1812 ) MinkIPC_QRTR_Service:351 minkipc = 0xb4000076c18ba7f0 sock = 19, client with node 1 port 5467 went down
08-06 16:40:35.825  1739  1832 I minksocket: MinkIPC MESSAGE: ( 1739:1832 ) MinkIPC_QRTR_Service:351 minkipc = 0xb4000076c18baed0 sock = 35, client with node 1 port 5468 went down
08-06 16:40:35.825  1739  1812 I minksocket: MinkIPC MESSAGE: ( 1739:1812 ) MinkIPC_QRTR_Service:351 minkipc = 0xb4000076c18ba7f0 sock = 19, client with node 1 port 5468 went down
08-06 16:40:35.826  1739  1812 I minksocket: MinkIPC MESSAGE: ( 1739:1812 ) MinkIPC_QRTR_Service:351 minkipc = 0xb4000076c18ba7f0 sock = 19, client with node 1 port 5469 went down
08-06 16:40:35.826  1739  1832 I minksocket: MinkIPC MESSAGE: ( 1739:1832 ) MinkIPC_QRTR_Service:351 minkipc = 0xb4000076c18baed0 sock = 35, client with node 1 port 5469 went down
08-06 16:40:35.826  1775  1775 I sensors-hal: qsh_qmi:35, qsh_qmi
08-06 16:40:35.826  1775  1775 I sensors-hal: register_cb:314, suid(low=11115320498015681092,high=2286538866409242278) is new. register callbacks
08-06 16:40:35.826  1775  1775 I sensors-hal: send_sensor_config_request:626, resampler is used, set resampler config
08-06 16:40:35.826  1775  1775 I sensors-hal: send_sync_sensor_request:531, send sync request
08-06 16:40:35.826  1775  1775 I sensors-hal: send_sync_sensor_request:541, send_sync_sensor_request before send_request for accel with SUID low=11115320498015681092 high=2286538866409242278
08-06 16:40:35.826  1775  1775 I sensors-hal: send_sync_sensor_request:560, wait for notification of response
08-06 16:40:35.826  1739  1812 I minksocket: MinkIPC MESSAGE: ( 1739:1812 ) MinkIPC_QRTR_Service:351 minkipc = 0xb4000076c18ba7f0 sock = 19, client with node 1 port 546a went down
08-06 16:40:35.826  1739  1832 I minksocket: MinkIPC MESSAGE: ( 1739:1832 ) MinkIPC_QRTR_Service:351 minkipc = 0xb4000076c18baed0 sock = 35, client with node 1 port 546a went down
08-06 16:40:35.827 13430 13430 I RuntimePermissionManager: isRuntimeRequestSupport: true
08-06 16:40:35.830  1775 10113 I sensors-hal: qsh_conn_resp_cb:886, resp_value = 0 for accel 
08-06 16:40:35.830  1775  1775 I sensors-hal: send_sync_sensor_request:566, takes 3 ms to receive the response with 0
08-06 16:40:35.830  1775  1775 I sensors-hal: activate:119, android.sensor.accelerometer/11 en=1 completed
08-06 16:40:35.830  7458  8091 E Launcher: mFsGestureStatusRefreshRunnable:run usingFsGesture=true   show=true   focus=true   pause=false
08-06 16:40:35.836  7458  7458 W PreviewDisappear: set, applyTo for info: com.miui.home.launcher.graphics.DrawableInfo@312d7e7, with icon: null
08-06 16:40:35.839  7458  7458 W ScreenView_Workspace: updateChildStaticTransformation error,childW=0.0
08-06 16:40:35.840  7458  7458 W RecentsImpl: updateFsgWindowVisibilityState origin isEnter=true, typeFrom=typefrom_home
08-06 16:40:35.841  7458  8091 W RecentsImpl: updateFsgWindowVisibilityStateInBgThread, isEnter=true, typeFrom=typefrom_home, isOpen=true, isKeyguardLocked=false, mIsInAnotherPro=false, isStatusBarExpansion=false
08-06 16:40:35.841  7458  8149 W GestureStubView_Left: adaptRotation   currentRotation=0   mRotation=0
08-06 16:40:35.841  7458  8149 W GestureStubView_Right: adaptRotation   currentRotation=0   mRotation=0
08-06 16:40:35.848  2474  2745 W BroadcastQueue: Greezer Denial: sending Intent { act=android.net.wifi.RSSI_CHANGED flg=0x4000010 (has extras) }, action: android.net.wifi.RSSI_CHANGED from android (uid=1000) due to receiver ProcessRecord{3dac57f 16379:com.kuaishou.nebula/u0a329} (uid 10329) need cached broadcast
08-06 16:40:35.851 17757 17991 I Ad      : isPersonalizedAdEnabled getAdSettings: 1
08-06 16:40:35.857  3086  3086 I adbd    : in ShellService: input keyevent BACK
08-06 16:40:35.859  2474  3506 I AppsFilter: interaction: PackageSetting{9017a1b com.android.microdroid.empty_payload/10236} -> PackageSetting{7d5faa1 com.miui.cleanmaster/10266} BLOCKED
08-06 16:40:35.861  2474  3506 I AppsFilter: interaction: PackageSetting{4016991 io.appium.uiautomator2.server.test/10280} -> PackageSetting{7d5faa1 com.miui.cleanmaster/10266} BLOCKED
08-06 16:40:35.861  2474  3506 I AppsFilter: interaction: PackageSetting{36fcb95 io.github.ylimit.droidbotapp/10284} -> PackageSetting{7d5faa1 com.miui.cleanmaster/10266} BLOCKED
08-06 16:40:35.861  2474  3506 I AppsFilter: interaction: PackageSetting{9ea50f6 com.rongcard.eid/10151} -> PackageSetting{7d5faa1 com.miui.cleanmaster/10266} BLOCKED
08-06 16:40:35.861  2474  3506 I AppsFilter: interaction: PackageSetting{1b39cf7 io.appium.settings/10274} -> PackageSetting{7d5faa1 com.miui.cleanmaster/10266} BLOCKED
08-06 16:40:35.861  2474 15979 W ParceledListSlice: Element #44 is 26672 bytes.
08-06 16:40:35.861  2474 15979 W ParceledListSlice: Overly large reply size: 82384
08-06 16:40:35.863  2474 15979 W ParceledListSlice: Element #45 is 26676 bytes.
08-06 16:40:35.863  2474 15979 W ParceledListSlice: Element #46 is 26676 bytes.
08-06 16:40:35.863  2474 15979 W ParceledListSlice: Element #47 is 26684 bytes.
08-06 16:40:35.868  2474 15979 W ParceledListSlice: Element #48 is 26688 bytes.
08-06 16:40:35.868  2474 15979 W ParceledListSlice: Element #54 is 19664 bytes.
08-06 16:40:35.870  2474 15979 W ParceledListSlice: Element #8 is 20788 bytes.
08-06 16:40:35.870  2474 10069 W ParceledListSlice: Element #55 is 19652 bytes.
08-06 16:40:35.870  2474 10069 W ParceledListSlice: Element #56 is 19692 bytes.
08-06 16:40:35.870  2474 10069 W ParceledListSlice: Element #57 is 19720 bytes.
08-06 16:40:35.870  2474 10069 W ParceledListSlice: Element #58 is 19720 bytes.
08-06 16:40:35.871  2474 15979 W ParceledListSlice: Element #9 is 20768 bytes.
08-06 16:40:35.871  7505 18065 I PermissionControllerServiceImpl: Updating user sensitive for uid 10266
08-06 16:40:35.872  2474 10069 W ParceledListSlice: Element #59 is 19684 bytes.
08-06 16:40:35.872  2474 10069 W ParceledListSlice: Element #60 is 19692 bytes.
08-06 16:40:35.872  2474 10069 W ParceledListSlice: Element #61 is 19668 bytes.
08-06 16:40:35.872  2474 10069 W ParceledListSlice: Element #62 is 19680 bytes.
08-06 16:40:35.873  2474 10069 W ParceledListSlice: Element #63 is 19672 bytes.
08-06 16:40:35.873  2474 10069 W ParceledListSlice: Element #64 is 29724 bytes.
08-06 16:40:35.873  2474 10069 W ParceledListSlice: Element #65 is 29744 bytes.
08-06 16:40:35.874  2474 19255 W ParceledListSlice: Element #66 is 29736 bytes.
08-06 16:40:35.877 13053 13053 E RegisteredServicesCache: Skipping application component ComponentInfo{com.UCMobile/com.alibaba.ariver.commonability.device.jsapi.nfc.service.TinyAppHostApduService}: it must request the permission android.permission.NFC
08-06 16:40:35.877 13053 13053 E RegisteredServicesCache: Skipping application component ComponentInfo{com.UCMobile/com.alipay.mobile.aompdevice.nfc.service.TinyAppHostApduService}: it must request the permission android.permission.NFC
08-06 16:40:35.877 13053 13053 E RegisteredServicesCache: Skipping application component ComponentInfo{com.autonavi.minimap/com.alibaba.ariver.commonability.device.jsapi.nfc.service.TinyAppHostApduService}: it must request the permission android.permission.NFC
08-06 16:40:35.877 13053 13053 E RegisteredServicesCache: Skipping application component ComponentInfo{com.autonavi.minimap/com.alipay.mobile.aompdevice.nfc.service.TinyAppHostApduService}: it must request the permission android.permission.NFC
08-06 16:40:35.880  7856  8405 E SmsApplication: com.android.mms lost android:read_cell_broadcasts:  (fixing)
08-06 16:40:35.880  2474  4291 W AppOpService: Ignored setUidMode call for runtime permission app op: uid = 10141, code = READ_CELL_BROADCASTS, mode = allow, callingUid = 1001, oldMode = allow
08-06 16:40:35.880 13053 13053 I RegisteredServicesCache: current user: 0, is managed profile : false
08-06 16:40:35.884  2474 10069 W MIUIInput: Input event injection from package: null action ACTION_DOWN keycode 4
08-06 16:40:35.884  2474 10069 W MiuiInputKeyEventLog: keyCode:4 down:true eventTime:7085022 downTime:7085022 policyFlags:2b000000 flags:0 metaState:0 deviceId:-1 isScreenOn:true keyguardActive:false repeatCount:0
08-06 16:40:35.885 13053 13053 I RegisteredAidCache: updateRoutingLocked(false): Enter
08-06 16:40:35.885 13053 13053 I AidRoutingManager: configureRouting(false): Enter
08-06 16:40:35.885 13053 13053 E AidRoutingManager: Size of routing table970
08-06 16:40:35.885 13053 13053 I RegisteredAidCache: updateRoutingLocked(false): exit
08-06 16:40:35.885  2474  2680 W ActivityManagerServiceImpl: Sending non-protected broadcast miui.intent.KEYCODE_BACK from system 2474:system/1000 pkg android. Callers=com.android.server.am.ActivityManagerService.checkBroadcastFromSystem:16255 com.android.server.am.ActivityManagerService.broadcastIntentLockedTraced:17126 com.android.server.am.ActivityManagerService.broadcastIntentLocked:16315 com.android.server.am.ActivityManagerService.broadcastIntentWithFeature:17337 android.app.ContextImpl.sendBroadcastAsUser:1495 
08-06 16:40:35.885  2474  4371 I MIUIInput: [KeyEvent] publisher action:0x0,  keyCode:4 , deviceId=-1, 7085022,channel '79e08af com.miui.home/com.miui.home.launcher.Launcher (server)' 
08-06 16:40:35.886  7458  7458 I MIUIInput: [KeyEvent] ViewRootImpl windowName 'com.miui.home/com.miui.home.launcher.Launcher', KeyEvent { action=ACTION_DOWN, keyCode=KEYCODE_BACK, scanCode=0, metaState=0, flags=0x0, repeatCount=0, eventTime=7085022000000, downTime=7085022000000, deviceId=-1, source=0x0, displayId=-1 }, phoneEventTime=16:40:35.885
08-06 16:40:35.887 13053 13053 I libnfc_nci: [INFO:NativeT4tNfcee.cpp(870)] nfcManager_isFwSupportNonStdT4TAid Enter isFwSupport = 1
08-06 16:40:35.887 13053 13053 I libnfc_nci: [INFO:SecureElement.cpp(1487)] SecureElement::getEseHandleFromGenericId: enter; ESE-ID = 0x7F
08-06 16:40:35.887 13053 13053 I libnfc_nci: [INFO:SecureElement.cpp(1528)] SecureElement::getEseHandleFromGenericId: enter; ESE-Handle = 0x410
08-06 16:40:35.890 13053 13053 I libnfc_nci: [INFO:SecureElement.cpp(1487)] SecureElement::getEseHandleFromGenericId: enter; ESE-ID = 0x00
08-06 16:40:35.890 13053 13053 I libnfc_nci: [INFO:SecureElement.cpp(1528)] SecureElement::getEseHandleFromGenericId: enter; ESE-Handle = 0x400
08-06 16:40:35.892  2474 30082 W AppOpService: Ignored setUidMode call for runtime permission app op: uid = 1001, code = READ_SMS, mode = allow, callingUid = 1001, oldMode = allow
08-06 16:40:35.894  7800 24021 I SecureElement-Terminal-eSE1: isSecureElementPresent()
08-06 16:40:35.895  1774  1774 I android.hardware.secure_element-service.qti: isCardPresent
08-06 16:40:35.895  1774  1774 I android.hardware.secure_element-service.qti: isCardPresent exit, cardPresent: 1
08-06 16:40:35.896  2474  2664 W EnhancedConfirmationService: The packageName should not be null.
08-06 16:40:35.898  2474 19255 W AppOpService: Ignored setUidMode call for runtime permission app op: uid = 1001, code = RECEIVE_SMS, mode = allow, callingUid = 1001, oldMode = allow
08-06 16:40:35.898  7800 24021 I SecureElement-Terminal-SIM1: isSecureElementPresent()
08-06 16:40:35.898  2474  2664 W MagnificationConnectionManager: requestConnection duplicated request: connect=false, mConnectionState=DISCONNECTED
08-06 16:40:35.899  7800 24021 I SecureElement-Terminal-SIM1: isNfcEventAllowed: No access rules for checking.
08-06 16:40:35.899  2474 19255 W ParceledListSlice: Element #273 is 21068 bytes.
08-06 16:40:35.900  7800 24021 I SecureElement-Terminal-SIM2: isSecureElementPresent()
08-06 16:40:35.901  2474 30082 W AppOpService: Ignored setUidMode call for runtime permission app op: uid = 1001, code = RECEIVE_WAP_PUSH, mode = allow, callingUid = 1001, oldMode = allow
08-06 16:40:35.901  2474 30082 W AppOpService: Ignored setUidMode call for runtime permission app op: uid = 1001, code = SEND_SMS, mode = allow, callingUid = 1001, oldMode = allow
08-06 16:40:35.902  2474 30082 W AppOpService: Ignored setUidMode call for runtime permission app op: uid = 1001, code = READ_CELL_BROADCASTS, mode = allow, callingUid = 1001, oldMode = allow
08-06 16:40:35.902  2474 19255 W ParceledListSlice: Element #274 is 21048 bytes.
08-06 16:40:35.903  2474 19255 W ParceledListSlice: Element #275 is 21056 bytes.
08-06 16:40:35.903  2474 19255 W ParceledListSlice: Element #276 is 21036 bytes.
08-06 16:40:35.903  2474 19255 W ParceledListSlice: Element #277 is 21084 bytes.
08-06 16:40:35.903  2474 19255 W ParceledListSlice: Overly large reply size: 84248
08-06 16:40:35.903  2474 19255 W ParceledListSlice: Element #278 is 21084 bytes.
08-06 16:40:35.903  2474 19255 W ParceledListSlice: Element #279 is 21096 bytes.
08-06 16:40:35.903  2474 19255 W ParceledListSlice: Element #280 is 21084 bytes.
08-06 16:40:35.903  2474 19255 W ParceledListSlice: Element #281 is 21084 bytes.
08-06 16:40:35.903  2474 19255 W ParceledListSlice: Overly large reply size: 84372
08-06 16:40:35.903  2474 19255 W ParceledListSlice: Element #282 is 21104 bytes.
08-06 16:40:35.903  2474 19255 W ParceledListSlice: Element #283 is 21092 bytes.
08-06 16:40:35.903  2474 19255 W ParceledListSlice: Element #284 is 21080 bytes.
08-06 16:40:35.904 30209 30222 I .miui.analytics: This is sticky GC, maxfree is 16777216 minfree is 8388608
08-06 16:40:35.908  1843  3496 I vendor.qti.hardware.display.composer-service: Sensor: notify citsensorservice to trigger cwb, misForced = 0
08-06 16:40:35.908  3050  4554 I libsensor-parseRGB: request dump start for mRequestDisplayId 0
08-06 16:40:35.916 10308 19301 E PackageUtil: getPackageInfoAsUser failed io.github.ylimit.droidbotapp , 999
08-06 16:40:35.923 13430 14349 I RuntimePermissionManager: isRuntimeRequestSupport: true
08-06 16:40:35.923  2474  2635 I system_server: This is sticky GC, maxfree is 16777216 minfree is 8388608
08-06 16:40:35.923 13430 14349 I InstalledPackagesMemoryCache: getInstallPermissionGranted=true
08-06 16:40:35.931  3050  3078 E libsensor-parseRGB: CWB NotifyCWBBufferDone  error 0
08-06 16:40:36.046  2474 10069 W MIUIInput: Input event injection from package: null action ACTION_UP keycode 4
08-06 16:40:36.047  2474 10069 W MiuiInputKeyEventLog: keyCode:4 down:false eventTime:7085184 downTime:7085022 policyFlags:2b000000 flags:0 metaState:0 deviceId:-1 isScreenOn:true keyguardActive:false repeatCount:0
08-06 16:40:36.047  2474  2680 W ActivityManagerServiceImpl: Sending non-protected broadcast miui.intent.KEYCODE_BACK from system 2474:system/1000 pkg android. Callers=com.android.server.am.ActivityManagerService.checkBroadcastFromSystem:16255 com.android.server.am.ActivityManagerService.broadcastIntentLockedTraced:17126 com.android.server.am.ActivityManagerService.broadcastIntentLocked:16315 com.android.server.am.ActivityManagerService.broadcastIntentWithFeature:17337 android.app.ContextImpl.sendBroadcastAsUser:1495 
08-06 16:40:36.048  2474  4371 I MIUIInput: [KeyEvent] publisher action:0x1,  keyCode:4 , deviceId=-1, 7085184,channel '79e08af com.miui.home/com.miui.home.launcher.Launcher (server)' 
08-06 16:40:36.049  7458  7458 I MIUIInput: [KeyEvent] ViewRootImpl windowName 'com.miui.home/com.miui.home.launcher.Launcher', KeyEvent { action=ACTION_UP, keyCode=KEYCODE_BACK, scanCode=0, metaState=0, flags=0x0, repeatCount=0, eventTime=7085184000000, downTime=7085022000000, deviceId=-1, source=0x0, displayId=-1 }, phoneEventTime=16:40:36.047
08-06 16:40:36.059  9799 10130 I Market-OneTrackManager: initOneTrack
08-06 16:40:36.061  2474  7257 I MiuiNetworkPolicy: bandwidth: 26 KB/s, Max bandwidth: 2143 KB/s
08-06 16:40:36.068  1865  1865 I vendor.qti.hardware.servicetrackeraidl-service: bindService is called for service : com.miui.analytics/.onetrack.OneTrackService and for client com.xiaomi.market:widgetProvider
08-06 16:40:36.068  1865  1865 I vendor.qti.hardware.servicetrackeraidl-service: total connections for service : com.miui.analytics/.onetrack.OneTrackServiceare :40
08-06 16:40:36.068  1865  1865 I vendor.qti.hardware.servicetrackeraidl-service: total connections for client : com.xiaomi.market:widgetProviderare :1
08-06 16:40:36.070  9799 10130 I Market-LoginManager: useMiAccountManager: false
08-06 16:40:36.071  2474 10058 I ClipboardServiceI: checkProviderWakePathForClipboard: primaryClip is null
08-06 16:40:36.077  9799 10130 I Market-OneTrackManager: getOneTrackInstanceId : 3cb5b6f0-ab4f-41d1-8bba-f2f04d0d67fe
08-06 16:40:36.077  9799 10130 E SecurityDeviceSignMngr: PassportLog@A2^6C[c1NlY3VyaXR5RGV2aWNlUmVwb3J0IGluaXQgc3Vj]
08-06 16:40:36.080  1865  1865 I vendor.qti.hardware.servicetrackeraidl-service: bindService is called for service : com.xiaomi.account/.tzservice.SecurityDeviceSignService and for client com.xiaomi.market:widgetProvider
08-06 16:40:36.080  1865  1865 I vendor.qti.hardware.servicetrackeraidl-service: total connections for service : com.xiaomi.account/.tzservice.SecurityDeviceSignServiceare :1
08-06 16:40:36.080  1865  1865 I vendor.qti.hardware.servicetrackeraidl-service: total connections for client : com.xiaomi.market:widgetProviderare :2
08-06 16:40:36.086  9799 10130 I Market-TrustZoneSignHelper: sign succeed
08-06 16:40:36.087  1865  1865 I vendor.qti.hardware.servicetrackeraidl-service: unbindService is called for service : com.xiaomi.account/.tzservice.SecurityDeviceSignService and for client com.xiaomi.market:widgetProvider
08-06 16:40:36.087  1865  1865 I vendor.qti.hardware.servicetrackeraidl-service: size of service connections for service: com.xiaomi.account/.tzservice.SecurityDeviceSignServiceafter removal is 0
08-06 16:40:36.087  1865  1865 I vendor.qti.hardware.servicetrackeraidl-service: size of client connections for client: com.xiaomi.market:widgetProviderafter removal is 1
08-06 16:40:36.087  1865  1865 I vendor.qti.hardware.servicetrackeraidl-service: destroyService is called for service : com.xiaomi.account/.tzservice.SecurityDeviceSignService
08-06 16:40:36.088  2474  7257 I MiuiNetworkPolicy: updateUidState uid = 10169, uidState = 10
08-06 16:40:36.091  2474  7257 I MiuiNetworkPolicy: updateUidState uid = 10169, uidState = 19
08-06 16:40:36.099  9799 10130 I Market-LocalAppManager: load local apps from system : begin
08-06 16:40:36.103  2474 19255 W ParceledListSlice: Element #20 is 30432 bytes.
08-06 16:40:36.105  2474  4291 W ParceledListSlice: Element #76 is 16644 bytes.
08-06 16:40:36.111  2474  4291 W ParceledListSlice: Element #232 is 19776 bytes.
08-06 16:40:36.116  1843  3496 I vendor.qti.hardware.display.composer-service: Sensor: notify citsensorservice to trigger cwb, misForced = 0
08-06 16:40:36.116  3050  4554 I libsensor-parseRGB: request dump start for mRequestDisplayId 0
08-06 16:40:36.116  2474  4291 W ParceledListSlice: Element #361 is 27120 bytes.
08-06 16:40:36.120  9799 10130 I Market-LocalAppManager: load local apps from system : finish
08-06 16:40:36.124  2474  7611 I SensorAccount: ExecutionCapabilityChanged  pkgName:com.miui.home  canAfford:true mCurrentForegroundUid:10336
08-06 16:40:36.139  3050  4604 E libsensor-parseRGB: CWB NotifyCWBBufferDone  error 0
08-06 16:40:36.203  7458  7458 W MIUIInput: Back key is intercepted by the app
08-06 16:40:36.203  2474 10058 I SensorService: 	>>> actuating h/w activate handle=0x100000b enabled=0
08-06 16:40:36.204  1775  1775 I sensors-hal: activate:108, android.sensor.accelerometer/11 en=0
08-06 16:40:36.204  1775  1775 I sensors-hal: send_sync_sensor_request:531, send sync request
08-06 16:40:36.204  1775  1775 I sensors-hal: send_sync_sensor_request:541, send_sync_sensor_request before send_request for accel with SUID low=11115320498015681092 high=2286538866409242278
08-06 16:40:36.204  2474  2817 I SensorAccount: App unregister sensor noWakeupSensor_10138_0x100000b
08-06 16:40:36.204  1775  1775 I sensors-hal: send_sync_sensor_request:560, wait for notification of response
08-06 16:40:36.205  1775 10113 I sensors-hal: qsh_conn_resp_cb:886, resp_value = 0 for accel 
08-06 16:40:36.205  1775  1775 I sensors-hal: send_sync_sensor_request:566, takes 1 ms to receive the response with 0
08-06 16:40:36.208  1775  1775 I sensors-hal: ~qsh_qmi:62, ~qsh_qmi
08-06 16:40:36.209  1775  1775 I sensors-hal: activate:119, android.sensor.accelerometer/11 en=0 completed
08-06 16:40:36.209  1739  1812 I minksocket: MinkIPC MESSAGE: ( 1739:1812 ) MinkIPC_QRTR_Service:351 minkipc = 0xb4000076c18ba7f0 sock = 19, client with node 1 port 546b went down
