07-29 17:38:56.163  9339  9638 W WakelockManagerService: uid: 10137 is unblock state
07-29 17:38:56.163  9339  9638 W WakelockManagerService: uid: 10138 is unblock state
07-29 17:38:56.163  9339  9638 W WakelockManagerService: uid: 10139 is unblock state
07-29 17:38:56.163  9339  9638 W WakelockManagerService: uid: 10140 is unblock state
07-29 17:38:56.163  9339  9638 W WakelockManagerService: uid: 10141 is unblock state
07-29 17:38:56.163  9339  9638 W WakelockManagerService: uid: 10142 is unblock state
07-29 17:38:56.163  9339  9638 W WakelockManagerService: uid: 10143 is unblock state
07-29 17:38:56.163  9339  9638 W WakelockManagerService: uid: 10144 is unblock state
07-29 17:38:56.163  9339  9638 W WakelockManagerService: uid: 10145 is unblock state
07-29 17:38:56.163  9339  9638 W WakelockManagerService: uid: 10146 is unblock state
07-29 17:38:56.163  9339  9638 W WakelockManagerService: uid: 10147 is unblock state
07-29 17:38:56.163  9339  9638 W WakelockManagerService: uid: 10148 is unblock state
07-29 17:38:56.163  9339  9638 W WakelockManagerService: uid: 10149 is unblock state
07-29 17:38:56.163  9339  9638 W WakelockManagerService: uid: 10150 is unblock state
07-29 17:38:56.163  9339  9638 W WakelockManagerService: uid: 10151 is unblock state
07-29 17:38:56.163  9339  9638 W WakelockManagerService: uid: 10152 is unblock state
07-29 17:38:56.163  9339  9638 W WakelockManagerService: uid: 10153 is unblock state
07-29 17:38:56.163  9339  9638 W WakelockManagerService: uid: 10154 is unblock state
07-29 17:38:56.163  9339  9638 W WakelockManagerService: uid: 10155 is unblock state
07-29 17:38:56.163  9339  9638 W WakelockManagerService: uid: 10156 is unblock state
07-29 17:38:56.163  9339  9638 W WakelockManagerService: uid: 10157 is unblock state
07-29 17:38:56.163  9339  9638 W WakelockManagerService: uid: 10158 is unblock state
07-29 17:38:56.163  9339  9638 W WakelockManagerService: uid: 10159 is unblock state
07-29 17:38:56.163  9339  9638 W WakelockManagerService: uid: 10160 is unblock state
07-29 17:38:56.163  9339  9638 W WakelockManagerService: uid: 10161 is unblock state
07-29 17:38:56.163  9339  9638 W WakelockManagerService: uid: 10162 is unblock state
07-29 17:38:56.163  9339  9638 W WakelockManagerService: uid: 10163 is unblock state
07-29 17:38:56.163  9339  9638 W WakelockManagerService: uid: 10164 is unblock state
07-29 17:38:56.163  9339  9638 W WakelockManagerService: uid: 10165 is unblock state
07-29 17:38:56.163  9339  9638 W WakelockManagerService: uid: 10166 is unblock state
07-29 17:38:56.163  9339  9638 W WakelockManagerService: uid: 10167 is unblock state
07-29 17:38:56.163  9339  9638 W WakelockManagerService: uid: 10168 is unblock state
07-29 17:38:56.163  9339  9638 W WakelockManagerService: uid: 10169 is unblock state
07-29 17:38:56.163  9339  9638 W WakelockManagerService: uid: 10170 is unblock state
07-29 17:38:56.163  9339  9638 W WakelockManagerService: uid: 10171 is unblock state
07-29 17:38:56.163  9339  9638 W WakelockManagerService: uid: 10172 is unblock state
07-29 17:38:56.163  9339  9638 W WakelockManagerService: uid: 10173 is unblock state
07-29 17:38:56.163  9339  9638 W WakelockManagerService: uid: 10174 is unblock state
07-29 17:38:56.163  9339  9638 W WakelockManagerService: uid: 10175 is unblock state
07-29 17:38:56.163  9339  9638 W WakelockManagerService: uid: 10176 is unblock state
07-29 17:38:56.163  9339  9638 W WakelockManagerService: uid: 10177 is unblock state
07-29 17:38:56.163  9339  9638 W WakelockManagerService: uid: 10178 is unblock state
07-29 17:38:56.163  9339  9638 W WakelockManagerService: uid: 10179 is unblock state
07-29 17:38:56.163  9339  9638 W WakelockManagerService: uid: 10180 is unblock state
07-29 17:38:56.163  9339  9638 W WakelockManagerService: uid: 10181 is unblock state
07-29 17:38:56.163  9339  9638 W WakelockManagerService: uid: 10182 is unblock state
07-29 17:38:56.163  9339  9638 W WakelockManagerService: uid: 10183 is unblock state
07-29 17:38:56.163  9339  9638 W WakelockManagerService: uid: 10184 is unblock state
07-29 17:38:56.163  9339  9638 W WakelockManagerService: uid: 10185 is unblock state
07-29 17:38:56.163  9339  9638 W WakelockManagerService: uid: 10186 is unblock state
07-29 17:38:56.163  9339  9638 W WakelockManagerService: uid: 10187 is unblock state
07-29 17:38:56.163  9339  9638 W WakelockManagerService: uid: 10188 is unblock state
07-29 17:38:56.163  9339  9638 W WakelockManagerService: uid: 10189 is unblock state
07-29 17:38:56.163  9339  9638 W WakelockManagerService: uid: 10190 is unblock state
07-29 17:38:56.163  9339  9638 W WakelockManagerService: uid: 10191 is unblock state
07-29 17:38:56.163  9339  9638 W WakelockManagerService: uid: 10192 is unblock state
07-29 17:38:56.163  9339  9638 W WakelockManagerService: uid: 10193 is unblock state
07-29 17:38:56.163  9339  9638 W WakelockManagerService: uid: 10194 is unblock state
07-29 17:38:56.163  9339  9638 W WakelockManagerService: uid: 10195 is unblock state
07-29 17:38:56.163  9339  9638 W WakelockManagerService: uid: 10196 is unblock state
07-29 17:38:56.163  9339  9638 W WakelockManagerService: uid: 10197 is unblock state
07-29 17:38:56.163  9339  9638 W WakelockManagerService: uid: 10198 is unblock state
07-29 17:38:56.163  9339  9638 W WakelockManagerService: uid: 10199 is unblock state
07-29 17:38:56.163  4505  6784 I htmlviewercloudcontrol: isStagingEnv:false param =  accessibility_disable  uriMatch = 1, cluster: cn, version: 553104, traceId: aa4a7f1732c179f033e45bb6df6285c3, regId: +4z3RS85+e2U9l+sd6caQ/srGmJCsEbKpG1twyPn1K0CrNNyxYT/yAgGVxm5X+yC
07-29 17:38:56.163  9339  9638 W WakelockManagerService: uid: 10200 is unblock state
07-29 17:38:56.163  9339  9638 W WakelockManagerService: uid: 10201 is unblock state
07-29 17:38:56.163  9339  9638 W WakelockManagerService: uid: 10202 is unblock state
07-29 17:38:56.163  9339  9638 W WakelockManagerService: uid: 10203 is unblock state
07-29 17:38:56.163  9339  9638 W WakelockManagerService: uid: 10204 is unblock state
07-29 17:38:56.163  9339  9638 W WakelockManagerService: uid: 10205 is unblock state
07-29 17:38:56.163  9339  9638 W WakelockManagerService: uid: 10206 is unblock state
07-29 17:38:56.163  9339  9638 W WakelockManagerService: uid: 10207 is unblock state
07-29 17:38:56.163  9339  9638 W WakelockManagerService: uid: 10208 is unblock state
07-29 17:38:56.163  9339  9638 W WakelockManagerService: uid: 10209 is unblock state
07-29 17:38:56.163  9339  9638 W WakelockManagerService: uid: 10210 is unblock state
07-29 17:38:56.163  9339  9638 W WakelockManagerService: uid: 10211 is unblock state
07-29 17:38:56.163  9339  9638 W WakelockManagerService: uid: 10212 is unblock state
07-29 17:38:56.163  9339  9638 W WakelockManagerService: uid: 10213 is unblock state
07-29 17:38:56.163  9339  9638 W WakelockManagerService: uid: 10214 is unblock state
07-29 17:38:56.164  9339  9638 W WakelockManagerService: uid: 10215 is unblock state
07-29 17:38:56.164  9339  9638 W WakelockManagerService: uid: 10216 is unblock state
07-29 17:38:56.164  9339  9638 W WakelockManagerService: uid: 10217 is unblock state
07-29 17:38:56.164  9339  9638 W WakelockManagerService: uid: 10218 is unblock state
07-29 17:38:56.164  9339  9638 W WakelockManagerService: uid: 10219 is unblock state
07-29 17:38:56.164  9339  9638 W WakelockManagerService: uid: 10220 is unblock state
07-29 17:38:56.164  9339  9638 W WakelockManagerService: uid: 10221 is unblock state
07-29 17:38:56.164  9339  9638 W WakelockManagerService: uid: 10222 is unblock state
07-29 17:38:56.164  9339  9638 W WakelockManagerService: uid: 10223 is unblock state
07-29 17:38:56.164  9339  9638 W WakelockManagerService: uid: 10224 is unblock state
07-29 17:38:56.164  9339  9638 W WakelockManagerService: uid: 10225 is unblock state
07-29 17:38:56.164  9339  9638 W WakelockManagerService: uid: 10226 is unblock state
07-29 17:38:56.164  9339  9638 W WakelockManagerService: uid: 10227 is unblock state
07-29 17:38:56.164  9339  9638 W WakelockManagerService: uid: 10228 is unblock state
07-29 17:38:56.164  9339  9638 W WakelockManagerService: uid: 10229 is unblock state
07-29 17:38:56.164  9339  9638 W WakelockManagerService: uid: 10230 is unblock state
07-29 17:38:56.164  9339  9638 W WakelockManagerService: uid: 10231 is unblock state
07-29 17:38:56.164  9339  9638 W WakelockManagerService: uid: 10232 is unblock state
07-29 17:38:56.164  9339  9638 W WakelockManagerService: uid: 10233 is unblock state
07-29 17:38:56.164  9339  9638 W WakelockManagerService: uid: 10234 is unblock state
07-29 17:38:56.164  9339  9638 W WakelockManagerService: uid: 10235 is unblock state
07-29 17:38:56.164  9339  9638 W WakelockManagerService: uid: 10236 is unblock state
07-29 17:38:56.164  9339  9638 W WakelockManagerService: uid: 10237 is unblock state
07-29 17:38:56.164  9339  9638 W WakelockManagerService: uid: 10238 is unblock state
07-29 17:38:56.164  9339  9638 W WakelockManagerService: uid: 10239 is unblock state
07-29 17:38:56.164  9339  9638 W WakelockManagerService: uid: 10240 is unblock state
07-29 17:38:56.164  9339  9638 W WakelockManagerService: uid: 10241 is unblock state
07-29 17:38:56.164  9339  9638 W WakelockManagerService: uid: 10242 is unblock state
07-29 17:38:56.164  9339  9638 W WakelockManagerService: uid: 10243 is unblock state
07-29 17:38:56.164  9339  9638 W WakelockManagerService: uid: 10244 is unblock state
07-29 17:38:56.164  9339  9638 W WakelockManagerService: uid: 10245 is unblock state
07-29 17:38:56.164  9339  9638 W WakelockManagerService: uid: 10246 is unblock state
07-29 17:38:56.164  9339  9638 W WakelockManagerService: uid: 10247 is unblock state
07-29 17:38:56.164  9339  9638 W WakelockManagerService: uid: 10248 is unblock state
07-29 17:38:56.164  9339  9638 W WakelockManagerService: uid: 10249 is unblock state
07-29 17:38:56.164  9339  9638 W WakelockManagerService: uid: 10250 is unblock state
07-29 17:38:56.164  9339  9638 W WakelockManagerService: uid: 10251 is unblock state
07-29 17:38:56.164  9339  9638 W WakelockManagerService: uid: 10252 is unblock state
07-29 17:38:56.164  9339  9638 W WakelockManagerService: uid: 10253 is unblock state
07-29 17:38:56.164  9339  9638 W WakelockManagerService: uid: 10254 is unblock state
07-29 17:38:56.164  9339  9638 W WakelockManagerService: uid: 10255 is unblock state
07-29 17:38:56.164  9339  9638 W WakelockManagerService: uid: 10256 is unblock state
07-29 17:38:56.164  9339  9638 W WakelockManagerService: uid: 10257 is unblock state
07-29 17:38:56.164  9339  9638 W WakelockManagerService: uid: 10258 is unblock state
07-29 17:38:56.164  9339  9638 W WakelockManagerService: uid: 10259 is unblock state
07-29 17:38:56.164  9339  9638 W WakelockManagerService: uid: 10260 is unblock state
07-29 17:38:56.164  9339  9638 W WakelockManagerService: uid: 10261 is unblock state
07-29 17:38:56.164  9339  9638 W WakelockManagerService: uid: 10262 is unblock state
07-29 17:38:56.164  9339  9638 W WakelockManagerService: uid: 10263 is unblock state
07-29 17:38:56.164  9339  9638 W WakelockManagerService: uid: 10265 is unblock state
07-29 17:38:56.164  9339  9638 W WakelockManagerService: uid: 10266 is unblock state
07-29 17:38:56.164  9339  9638 W WakelockManagerService: uid: 10267 is unblock state
07-29 17:38:56.164  9339  9638 W WakelockManagerService: uid: 10268 is unblock state
07-29 17:38:56.164  9339  9638 W WakelockManagerService: uid: 10269 is unblock state
07-29 17:38:56.164  9339  9638 W WakelockManagerService: uid: 10270 is unblock state
07-29 17:38:56.164  9339  9638 W WakelockManagerService: uid: 10271 is unblock state
07-29 17:38:56.164  9339  9638 W WakelockManagerService: uid: 10272 is unblock state
07-29 17:38:56.164  9339  9638 W WakelockManagerService: uid: 10273 is unblock state
07-29 17:38:56.164  9339  9638 W WakelockManagerService: uid: 10274 is unblock state
07-29 17:38:56.164  9339  9638 W WakelockManagerService: uid: 10275 is unblock state
07-29 17:38:56.164  9339  9638 W WakelockManagerService: uid: 10276 is unblock state
07-29 17:38:56.164  9339  9638 W WakelockManagerService: uid: 10277 is unblock state
07-29 17:38:56.164  9339  9638 W WakelockManagerService: uid: 10278 is unblock state
07-29 17:38:56.164  9339  9638 W WakelockManagerService: uid: 10279 is unblock state
07-29 17:38:56.164  9339  9638 W WakelockManagerService: uid: 10280 is unblock state
07-29 17:38:56.164  9339  9638 W WakelockManagerService: uid: 10281 is unblock state
07-29 17:38:56.164  9339  9638 W WakelockManagerService: uid: 10282 is unblock state
07-29 17:38:56.164  9339  9638 W WakelockManagerService: uid: 10283 is unblock state
07-29 17:38:56.164  9339  9638 W WakelockManagerService: uid: 10285 is unblock state
07-29 17:38:56.164  9339  9638 W WakelockManagerService: uid: 10286 is unblock state
07-29 17:38:56.164  9339  9638 W WakelockManagerService: uid: 10287 is unblock state
07-29 17:38:56.164  9339  9638 W WakelockManagerService: uid: 10288 is unblock state
07-29 17:38:56.164  9339  9638 W WakelockManagerService: uid: 10289 is unblock state
07-29 17:38:56.164  9339  9638 W WakelockManagerService: uid: 10290 is unblock state
07-29 17:38:56.164  9339  9638 W WakelockManagerService: uid: 10291 is unblock state
07-29 17:38:56.164  9339  9638 W WakelockManagerService: uid: 10292 is unblock state
07-29 17:38:56.164  9339  9638 W WakelockManagerService: uid: 10293 is unblock state
07-29 17:38:56.164  9339  9638 W WakelockManagerService: uid: 10294 is unblock state
07-29 17:38:56.164  9339  9638 W WakelockManagerService: uid: 10296 is unblock state
07-29 17:38:56.164  9339  9638 W WakelockManagerService: uid: 10298 is unblock state
07-29 17:38:56.164  9339  9638 W WakelockManagerService: uid: 10299 is unblock state
07-29 17:38:56.164  9339  9638 W WakelockManagerService: uid: 10300 is unblock state
07-29 17:38:56.164  9339  9638 W WakelockManagerService: uid: 10301 is unblock state
07-29 17:38:56.164  9339  9638 W WakelockManagerService: uid: 10303 is unblock state
07-29 17:38:56.164  9339  9638 W WakelockManagerService: uid: 10304 is unblock state
07-29 17:38:56.164  9339  9638 W WakelockManagerService: uid: 10308 is unblock state
07-29 17:38:56.164  9339  9638 W WakelockManagerService: uid: 10311 is unblock state
07-29 17:38:56.164  9339  9638 W WakelockManagerService: uid: 10313 is unblock state
07-29 17:38:56.164  9339  9638 W WakelockManagerService: uid: 10314 is unblock state
07-29 17:38:56.164  9339  9638 W WakelockManagerService: uid: 10315 is unblock state
07-29 17:38:56.164  9339  9638 W WakelockManagerService: uid: 10316 is unblock state
07-29 17:38:56.164  9339  9638 W WakelockManagerService: uid: 10317 is unblock state
07-29 17:38:56.164  9339  9638 W WakelockManagerService: uid: 10318 is unblock state
07-29 17:38:56.164  9339  9638 W WakelockManagerService: uid: 10320 is unblock state
07-29 17:38:56.164  9339  9638 W WakelockManagerService: uid: 10321 is unblock state
07-29 17:38:56.164  9339  9638 W WakelockManagerService: uid: 10323 is unblock state
07-29 17:38:56.164  9339  9638 W WakelockManagerService: uid: 10324 is unblock state
07-29 17:38:56.164  9339  9638 W WakelockManagerService: uid: 10326 is unblock state
07-29 17:38:56.164  9339  9638 W WakelockManagerService: uid: 10327 is unblock state
07-29 17:38:56.164  9339  9638 W WakelockManagerService: uid: 10328 is unblock state
07-29 17:38:56.164  9339  9638 W WakelockManagerService: uid: 10329 is unblock state
07-29 17:38:56.164  9339  9638 W WakelockManagerService: uid: 10330 is unblock state
07-29 17:38:56.164  9339  9638 W WakelockManagerService: uid: 10331 is unblock state
07-29 17:38:56.164  9339  9638 W WakelockManagerService: uid: 10332 is unblock state
07-29 17:38:56.164  9339  9638 W WakelockManagerService: uid: 10333 is unblock state
07-29 17:38:56.164  9339  9638 W WakelockManagerService: uid: 10334 is unblock state
07-29 17:38:56.164  9339  9638 W WakelockManagerService: uid: 10335 is unblock state
07-29 17:38:56.164  9339  9638 W WakelockManagerService: uid: 10336 is unblock state
07-29 17:38:56.164  9339  9638 W WakelockManagerService: uid: 10337 is unblock state
07-29 17:38:56.164  9339  9638 W WakelockManagerService: uid: 10338 is unblock state
07-29 17:38:56.164  9339  9638 W WakelockManagerService: uid: 10339 is unblock state
07-29 17:38:56.164  9339  9638 W WakelockManagerService: uid: 10340 is unblock state
07-29 17:38:56.164  9339  9638 W WakelockManagerService: uid: 10341 is unblock state
07-29 17:38:56.164  9339  9638 W WakelockManagerService: uid: 10347 is unblock state
07-29 17:38:56.164  9339  9638 W WakelockManagerService: uid: 10348 is unblock state
07-29 17:38:56.172  2463  4412 I SmartPower: com.android.vending/10124(29672): background->idle(3004ms) R(broadcast start Intent { act=android.intent.action.PACKAGE_ADDED dat=package: flg=0x4000010 (has extras) }) adj=100.
07-29 17:38:56.172  2463  4412 I SmartPower: com.android.vending:background/10124(29792): background->idle(3002ms) R(broadcast start Intent { act=android.intent.action.PACKAGE_ADDED dat=package: flg=0x4000010 (has extras) }) adj=250.
07-29 17:38:56.177  2463  4205 I MiuiNetworkPolicy: bandwidth: 27 KB/s, Max bandwidth: 5560 KB/s
07-29 17:38:56.182  2463  5531 W ParceledListSlice: Element #14 is 26548 bytes.
07-29 17:38:56.183 31193 31361 W AccessibilityDisableLis: get accessibility disable list too slow
07-29 17:38:56.183  2463  4412 I SmartPower: android.process.acore/10083(6721): background->idle(3001ms) R(broadcast start Intent { act=android.intent.action.PACKAGE_ADDED dat=package: flg=0x4000010 (has extras) }) adj=905.
07-29 17:38:56.183  2463  4412 I SmartPower: com.mfashiongallery.emag/10262(8261): background->idle(3001ms) R(broadcast start Intent { act=android.intent.action.PACKAGE_ADDED dat=package: flg=0x4000010 (has extras) }) adj=905.
07-29 17:38:56.183  4505  6784 I htmlviewercloudcontrol: isStagingEnv:false param =  accessibility_disable  uriMatch = 1, cluster: cn, version: 553104, traceId: aa4a7f1732c179f033e45bb6df6285c3, regId: +4z3RS85+e2U9l+sd6caQ/srGmJCsEbKpG1twyPn1K0CrNNyxYT/yAgGVxm5X+yC
07-29 17:38:56.184  2463  4412 I SmartPower: com.miui.voiceassist:core/10193(7664): background->idle(3000ms) R(broadcast start Intent { act=android.intent.action.PACKAGE_ADDED dat=package: flg=0x4000010 (has extras) }) adj=100.
07-29 17:38:56.185  2463  4403 E HyperSentinel: -------------------------------------------------------
07-29 17:38:56.185  2463  4403 E HyperSentinel: Event_ResidentSize
07-29 17:38:56.185  2463  4403 E HyperSentinel: -> audit event by proc 9175 "io.github.ylimit.droidbotapp": RSS increasement, peak 0kb -> 224708kb
07-29 17:38:56.186  9175  9212 W mit.droidbotapp: Cleared Reference was only reachable from finalizer (only reported once)
07-29 17:38:56.189  2463  4412 I SmartPower: com.xiaomi.aicr:actionprovider/10127(12677): background->idle(3000ms) R(broadcast start Intent { act=android.intent.action.PACKAGE_ADDED dat=package: flg=0x4000010 (has extras) }) adj=905.
07-29 17:38:56.189  2463  4412 I SmartPower: android.process.mediaUI/10261(13434): background->idle(3000ms) R(broadcast start Intent { act=android.intent.action.PACKAGE_ADDED dat=package: flg=0x4000010 (has extras) }) adj=200.
07-29 17:38:56.189  2463  4412 I SmartPower: com.miui.gallery/10271(13242): background->idle(3001ms) R(broadcast start Intent { act=android.intent.action.PACKAGE_ADDED dat=package: flg=0x4000010 (has extras) }) adj=905.
07-29 17:38:56.190  2463  4412 I SmartPower: com.google.android.documentsui/10100(21132): background->idle(3000ms) R(broadcast start Intent { act=android.intent.action.PACKAGE_ADDED dat=package: flg=0x4000010 (has extras) }) adj=905.
07-29 17:38:56.191 31193 31361 E ndroid.settings: Invalid resource ID 0x00000000.
07-29 17:38:56.191  2463  4412 I SmartPower: com.microsoft.emmx/10311(21222): background->idle(3000ms) R(broadcast start Intent { act=android.intent.action.PACKAGE_ADDED dat=package: flg=0x4000010 (has extras) }) adj=975.
07-29 17:38:56.191 31193 31361 E ndroid.settings: Invalid resource ID 0x00000000.
07-29 17:38:56.192 31193 31361 E ndroid.settings: Invalid resource ID 0x00000000.
07-29 17:38:56.193 31193 31361 E ndroid.settings: Invalid resource ID 0x00000000.
07-29 17:38:56.193 31193 31361 E ndroid.settings: Invalid resource ID 0x00000000.
07-29 17:38:56.193  9175  9212 I mit.droidbotapp: This is non sticky GC, maxfree is 16777216 minfree is 8388608
07-29 17:38:56.194 31193 31361 E ndroid.settings: Invalid resource ID 0x00000000.
07-29 17:38:56.195  2463  4412 I SmartPower: com.milink.service:audio/10178(19382): background->idle(3000ms) R(broadcast start Intent { act=android.intent.action.PACKAGE_ADDED dat=package: flg=0x4000010 (has extras) }) adj=200.
07-29 17:38:56.195  2463  4412 I SmartPower: com.milink.crossdeviceservice/10178(27042): background->idle(3001ms) R(broadcast start Intent { act=android.intent.action.PACKAGE_ADDED dat=package: flg=0x4000010 (has extras) }) adj=905.
07-29 17:38:56.197 31193 31361 E ndroid.settings: Invalid resource ID 0x00000000.
07-29 17:38:56.198 31193 31361 E ndroid.settings: Invalid resource ID 0x00000000.
07-29 17:38:56.198 31193 31361 E ndroid.settings: Invalid resource ID 0x00000000.
07-29 17:38:56.199 31193 31361 E ndroid.settings: Invalid resource ID 0x00000000.
07-29 17:38:56.199 31193 31361 E ndroid.settings: Invalid resource ID 0x00000000.
07-29 17:38:56.200 31193 31361 E ndroid.settings: Invalid resource ID 0x00000000.
07-29 17:38:56.213  2463  4412 I SmartPower: com.xiaomi.market:widgetProvider/10167(21353): background->idle(3000ms) R(broadcast start Intent { act=com.xiaomi.market.APP_STATUS_CHANGED flg=0x30 cmp=com.xiaomi.market/.business_ui.widget.NewGameWidgetProvider (has extras) }) adj=905.
07-29 17:38:56.213  2463  4412 I SmartPower: com.xiaomi.market/10167(2740): background->idle(3031ms) R(broadcast start Intent { act=com.xiaomi.market.APP_STATUS_CHANGED flg=0x30 cmp=com.xiaomi.market/.business_ui.widget.NewGameWidgetProvider (has extras) }) adj=200.
07-29 17:38:56.217  4916  4981 E PhoneAdapter: get ntnphones failed, exception: java.lang.IllegalStateException: Default phones haven't been made yet!
07-29 17:38:56.263 31193 31361 E ndroid.settings: Invalid resource ID 0x00000000.
07-29 17:38:56.263  1827  2752 I vendor.qti.hardware.display.composer-service: Sensor: notify citsensorservice to trigger cwb, misForced = 0
07-29 17:38:56.263  3002  4297 I libsensor-parseRGB: request dump start for mRequestDisplayId 0
07-29 17:38:56.266 31193 31361 E ndroid.settings: Invalid resource ID 0x00000000.
07-29 17:38:56.271 31193 31361 E ndroid.settings: Invalid resource ID 0x00000000.
07-29 17:38:56.274 31193 31361 E ndroid.settings: Invalid resource ID 0x00000000.
07-29 17:38:56.278  2463  5528 W ParceledListSlice: Element #14 is 26548 bytes.
07-29 17:38:56.281 31193 31361 W AccessibilityDisableLis: get accessibility disable list too slow
07-29 17:38:56.282  4505  6784 I htmlviewercloudcontrol: isStagingEnv:false param =  accessibility_disable  uriMatch = 1, cluster: cn, version: 553104, traceId: aa4a7f1732c179f033e45bb6df6285c3, regId: +4z3RS85+e2U9l+sd6caQ/srGmJCsEbKpG1twyPn1K0CrNNyxYT/yAgGVxm5X+yC
07-29 17:38:56.286  3002  6353 E libsensor-parseRGB: CWB NotifyCWBBufferDone  error 0
07-29 17:38:56.287  2463  5528 W ParceledListSlice: Element #14 is 26548 bytes.
07-29 17:38:56.289 31193 31361 W AccessibilityDisableLis: get accessibility disable list too slow
07-29 17:38:56.290  4505 27208 I htmlviewercloudcontrol: isStagingEnv:false param =  accessibility_disable  uriMatch = 1, cluster: cn, version: 553104, traceId: aa4a7f1732c179f033e45bb6df6285c3, regId: +4z3RS85+e2U9l+sd6caQ/srGmJCsEbKpG1twyPn1K0CrNNyxYT/yAgGVxm5X+yC
07-29 17:38:56.296  2463  2498 I system_server: This is non sticky GC, maxfree is 16777216 minfree is 8388608
07-29 17:38:56.297  2463  2498 I system_server: Background concurrent copying GC freed 42MB AllocSpace bytes, 112(3688KB) LOS objects, 36% free, 82MB/130MB, paused 74us,140us total 306.589ms
07-29 17:38:56.298 31193 31361 E ndroid.settings: Invalid resource ID 0x00000000.
07-29 17:38:56.299 31193 31361 E ndroid.settings: Invalid resource ID 0x00000000.
07-29 17:38:56.299 31193 31361 E ndroid.settings: Invalid resource ID 0x00000000.
07-29 17:38:56.300 31193 31361 E ndroid.settings: Invalid resource ID 0x00000000.
07-29 17:38:56.301 31193 31361 E ndroid.settings: Invalid resource ID 0x00000000.
07-29 17:38:56.301 31193 31361 E ndroid.settings: Invalid resource ID 0x00000000.
07-29 17:38:56.305 31193 31361 E ndroid.settings: Invalid resource ID 0x00000000.
07-29 17:38:56.305 31193 31361 E ndroid.settings: Invalid resource ID 0x00000000.
07-29 17:38:56.306 31193 31361 E ndroid.settings: Invalid resource ID 0x00000000.
07-29 17:38:56.307 31193 31361 E ndroid.settings: Invalid resource ID 0x00000000.
07-29 17:38:56.307  2463  2500 W system_server: ApkAssets: Deleting an ApkAssets object '<empty> and /product/app/MIUIFrequentPhrase/MIUIFrequentPhrase.apk' with 1 weak references
07-29 17:38:56.307 31193 31361 E ndroid.settings: Invalid resource ID 0x00000000.
07-29 17:38:56.308 31193 31361 E ndroid.settings: Invalid resource ID 0x00000000.
07-29 17:38:56.311  2463  2500 W System  : A resource failed to call close. 
07-29 17:38:56.317  2463  2500 W system_server: ApkAssets: Deleting an ApkAssets object '<empty> and /system_ext/priv-app/RtMiCloudSDK/RtMiCloudSDK.apk' with 7 weak references
07-29 17:38:56.317  2463  2500 W system_server: ApkAssets: Deleting an ApkAssets object '<empty> and /data/app/~~Pw9GrnjpZRTWkQW4HmfMhg==/com.baidu.searchbox-1OacgQLvIfANAl658PGT5A==/base.apk' with 1 weak references
07-29 17:38:56.317  2463  2500 W system_server: ApkAssets: Deleting an ApkAssets object '<empty> and /data/app/~~Qb2YCauzpY0eMmDh_yaIKQ==/com.baidu.searchbox.lite-kLy8UUmX5GFzVCxlhxjm5Q==/base.apk' with 1 weak references
07-29 17:38:56.318  2463  2500 W system_server: ApkAssets: Deleting an ApkAssets object '<empty> and /product/app/VoiceAssistAndroidT/VoiceAssistAndroidT.apk' with 1 weak references
07-29 17:38:56.318  2463  2500 W system_server: ApkAssets: Deleting an ApkAssets object '<empty> and /data/app/~~nH_S0qDV8qYnvli0AZJ0YA==/com.ss.android.ugc.aweme-VopOZk0kt4ERcyecK30nlw==/base.apk' with 1 weak references
07-29 17:38:56.319  2463  2500 W system_server: ApkAssets: Deleting an ApkAssets object '<empty> and /data/app/~~RnzQReZgRH9FjwCgKWFAXQ==/com.tencent.android.qqdownloader-nIualU-Tvj2yPvI5bnmNqw==/base.apk' with 1 weak references
07-29 17:38:56.319  2463  2500 W system_server: ApkAssets: Deleting an ApkAssets object '<empty> and /data/app/~~HWfhgZBwRqKCs5FMe4CF3A==/com.google.android.marvin.talkback-ltAopFqf6o_xo1y6IZH4bw==/base.apk' with 1 weak references
07-29 17:38:56.319  2463  2500 W system_server: ApkAssets: Deleting an ApkAssets object '<empty> and /data/app/~~HWfhgZBwRqKCs5FMe4CF3A==/com.google.android.marvin.talkback-ltAopFqf6o_xo1y6IZH4bw==/split_config.arm64_v8a.apk' with 1 weak references
07-29 17:38:56.320  2463  2500 W system_server: ApkAssets: Deleting an ApkAssets object '<empty> and /product/app/MiLinkOS2CN/MiLinkOS2CN.apk' with 1 weak references
07-29 17:38:56.320  2463  2500 W system_server: ApkAssets: Deleting an ApkAssets object '<empty> and /product/app/MIUIAccessibility/MIUIAccessibility.apk' with 1 weak references
07-29 17:38:56.321  2463  2500 W system_server: ApkAssets: Deleting an ApkAssets object '<empty> and /product/app/CarWith/CarWith.apk' with 1 weak references
07-29 17:38:56.321  2463  2500 W system_server: ApkAssets: Deleting an ApkAssets object '<empty> and /product/priv-app/MIUIPersonalAssistantPhoneOS2NoBeta/MIUIPersonalAssistantPhoneOS2NoBeta.apk' with 1 weak references
07-29 17:38:56.321  2463  2500 W system_server: ApkAssets: Deleting an ApkAssets object '<empty> and /product/priv-app/MIUISecurityCenter/MIUISecurityCenter.apk' with 1 weak references
07-29 17:38:56.321  2463  2500 W system_server: ApkAssets: Deleting an ApkAssets object '/product/overlay/signed_PLATFORM_cf766d1e91_app_sec_overlay-release-unsigned.apk' with 1 weak references
07-29 17:38:56.322  2463  2500 W system_server: ApkAssets: Deleting an ApkAssets object '<empty> and /product/app/SogouIME/SogouIME.apk' with 1 weak references
07-29 17:38:56.322  2463  2500 W system_server: ApkAssets: Deleting an ApkAssets object '<empty> and /product/priv-app/MIUIAICR/MIUIAICR.apk' with 1 weak references
07-29 17:38:56.322  2463  2500 W system_server: ApkAssets: Deleting an ApkAssets object '<empty> and /product/priv-app/MiGameCenterSDKService/MiGameCenterSDKService.apk' with 1 weak references
07-29 17:38:56.323  2463  2500 W system_server: ApkAssets: Deleting an ApkAssets object '<empty> and /data/app/~~8g4oyqqVETOUlFbhZvPCDw==/io.github.ylimit.droidbotapp-AJ0MAlgclYjV0MZdCAZFbA==/base.apk' with 2 weak references
07-29 17:38:56.323  2463  2500 W system_server: ApkAssets: Deleting an ApkAssets object '<empty> and /product/app/MIUISecurityInputMethod/MIUISecurityInputMethod.apk' with 1 weak references
07-29 17:38:56.323  2463  2500 W system_server: ApkAssets: Deleting an ApkAssets object '<empty> and /data/app/~~ZUSe5gAgTBU7713OqKSsug==/io.appium.settings-dl_AFlqK-WT4F2TDooZJAA==/base.apk' with 1 weak references
07-29 17:38:56.324  2463  2500 W system_server: ApkAssets: Deleting an ApkAssets object '<empty> and /system_ext/priv-app/Settings/Settings.apk' with 1 weak references
07-29 17:38:56.324  2463  2500 W system_server: ApkAssets: Deleting an ApkAssets object '/product/overlay/GmsCnSettingsOverlay.apk' with 1 weak references
07-29 17:38:56.324  2463  2500 W system_server: ApkAssets: Deleting an ApkAssets object '/product/overlay/SettingsResCommon_Sys.apk' with 1 weak references
07-29 17:38:56.324  2463  2500 W system_server: ApkAssets: Deleting an ApkAssets object '/product/overlay/SettingsRroDeviceTypeOverlay.apk' with 1 weak references
07-29 17:38:56.324  2463  2500 W system_server: ApkAssets: Deleting an ApkAssets object '/product/overlay/SettingsRroDeviceConfigOverlay.apk' with 1 weak references
07-29 17:38:56.324  2463  2500 W system_server: ApkAssets: Deleting an ApkAssets object '/product/overlay/SettingsRroDeviceHideStatusBarOverlay.apk' with 1 weak references
07-29 17:38:56.324  2463  2500 W system_server: ApkAssets: Deleting an ApkAssets object '/product/overlay/SettingsRroDeviceSystemUiOverlay.apk' with 1 weak references
07-29 17:38:56.324  2463  2500 W system_server: ApkAssets: Deleting an ApkAssets object '<empty> and /system_ext/app/AccessibilityMenu/AccessibilityMenu.apk' with 1 weak references
07-29 17:38:56.324  2463  2500 W system_server: ApkAssets: Deleting an ApkAssets object '<empty> and /data/app/~~MSfAzUpbQpwvMVdjOTgXwg==/com.google.android.accessibility.switchaccess-ZXHnWxeUe0f2WYfiVolH7w==/base.apk' with 1 weak references
07-29 17:38:56.325  2463  2500 W system_server: ApkAssets: Deleting an ApkAssets object '<empty> and /data/app/~~MSfAzUpbQpwvMVdjOTgXwg==/com.google.android.accessibility.switchaccess-ZXHnWxeUe0f2WYfiVolH7w==/split_config.arm64_v8a.apk' with 1 weak references
07-29 17:38:56.325  2463  2500 W system_server: ApkAssets: Deleting an ApkAssets object '<empty> and /data/app/~~1VIcyny-_KdCgQTpa_Yyjw==/com.google.android.gms-jAF2NIV99R6pD-bXjTU-qg==/base.apk' with 1 weak references
07-29 17:38:56.325  2463  2500 W system_server: ApkAssets: Deleting an ApkAssets object '<empty> and /data/app/~~1VIcyny-_KdCgQTpa_Yyjw==/com.google.android.gms-jAF2NIV99R6pD-bXjTU-qg==/split_AdsDynamite_installtime.apk' with 1 weak references
07-29 17:38:56.325  2463  2500 W system_server: ApkAssets: Deleting an ApkAssets object '<empty> and /data/app/~~1VIcyny-_KdCgQTpa_Yyjw==/com.google.android.gms-jAF2NIV99R6pD-bXjTU-qg==/split_CronetDynamite_installtime.apk' with 1 weak references
07-29 17:38:56.325  2463  2500 W system_server: ApkAssets: Deleting an ApkAssets object '<empty> and /data/app/~~1VIcyny-_KdCgQTpa_Yyjw==/com.google.android.gms-jAF2NIV99R6pD-bXjTU-qg==/split_DynamiteLoader_installtime.apk' with 1 weak references
07-29 17:38:56.325  2463  2500 W system_server: ApkAssets: Deleting an ApkAssets object '<empty> and /data/app/~~1VIcyny-_KdCgQTpa_Yyjw==/com.google.android.gms-jAF2NIV99R6pD-bXjTU-qg==/split_DynamiteModulesA_installtime.apk' with 1 weak references
07-29 17:38:56.325  2463  2500 W system_server: ApkAssets: Deleting an ApkAssets object '<empty> and /data/app/~~1VIcyny-_KdCgQTpa_Yyjw==/com.google.android.gms-jAF2NIV99R6pD-bXjTU-qg==/split_DynamiteModulesC_installtime.apk' with 1 weak references
07-29 17:38:56.325  2463  2500 W system_server: ApkAssets: Deleting an ApkAssets object '<empty> and /data/app/~~1VIcyny-_KdCgQTpa_Yyjw==/com.google.android.gms-jAF2NIV99R6pD-bXjTU-qg==/split_GoogleCertificates_installtime.apk' with 1 weak references
07-29 17:38:56.325  2463  2500 W system_server: ApkAssets: Deleting an ApkAssets object '<empty> and /data/app/~~1VIcyny-_KdCgQTpa_Yyjw==/com.google.android.gms-jAF2NIV99R6pD-bXjTU-qg==/split_MapsDynamite_installtime.apk' with 1 weak references
07-29 17:38:56.326  2463  2500 W system_server: ApkAssets: Deleting an ApkAssets object '<empty> and /data/app/~~1VIcyny-_KdCgQTpa_Yyjw==/com.google.android.gms-jAF2NIV99R6pD-bXjTU-qg==/split_MeasurementDynamite_installtime.apk' with 1 weak references
07-29 17:38:56.326  2463  2500 W system_server: ApkAssets: Deleting an ApkAssets object '<empty> and /data/app/~~1VIcyny-_KdCgQTpa_Yyjw==/com.google.android.gms-jAF2NIV99R6pD-bXjTU-qg==/split_config.xxhdpi.apk' with 1 weak references
07-29 17:38:56.326  2463  2500 W system_server: ApkAssets: Deleting an ApkAssets object '<empty> and /data/app/~~1VIcyny-_KdCgQTpa_Yyjw==/com.google.android.gms-jAF2NIV99R6pD-bXjTU-qg==/split_config.zh.apk' with 1 weak references
07-29 17:38:56.326  2463  2500 W system_server: ApkAssets: Deleting an ApkAssets object '<empty> and /product/app/MIUIXiaomiAccount/MIUIXiaomiAccount.apk' with 1 weak references
07-29 17:38:56.326  2463  2500 W system_server: ApkAssets: Deleting an ApkAssets object '<empty> and /data/app/~~Q8cLBwujz50LbHZUvFiEzw==/com.alibaba.aliexpresshd-KZ5Joa7FQwuFLMPBMsqhPQ==/base.apk' with 1 weak references
07-29 17:38:56.326  2463  2500 W system_server: ApkAssets: Deleting an ApkAssets object '<empty> and /data/app/~~Q8cLBwujz50LbHZUvFiEzw==/com.alibaba.aliexpresshd-KZ5Joa7FQwuFLMPBMsqhPQ==/split_aeocr.apk' with 1 weak references
07-29 17:38:56.326  2463  2500 W system_server: ApkAssets: Deleting an ApkAssets object '<empty> and /data/app/~~Q8cLBwujz50LbHZUvFiEzw==/com.alibaba.aliexpresshd-KZ5Joa7FQwuFLMPBMsqhPQ==/split_aeocr.config.arm64_v8a.apk' with 1 weak references
07-29 17:38:56.326  2463  2500 W system_server: ApkAssets: Deleting an ApkAssets object '<empty> and /data/app/~~Q8cLBwujz50LbHZUvFiEzw==/com.alibaba.aliexpresshd-KZ5Joa7FQwuFLMPBMsqhPQ==/split_aeocr.config.xxhdpi.apk' with 1 weak references
07-29 17:38:56.326  2463  2500 W system_server: ApkAssets: Deleting an ApkAssets object '<empty> and /data/app/~~Q8cLBwujz50LbHZUvFiEzw==/com.alibaba.aliexpresshd-KZ5Joa7FQwuFLMPBMsqhPQ==/split_aiFoundation.apk' with 1 weak references
07-29 17:38:56.326  2463  2500 W system_server: ApkAssets: Deleting an ApkAssets object '<empty> and /data/app/~~Q8cLBwujz50LbHZUvFiEzw==/com.alibaba.aliexpresshd-KZ5Joa7FQwuFLMPBMsqhPQ==/split_aiFoundation.config.arm64_v8a.apk' with 1 weak references
07-29 17:38:56.326  2463  2500 W system_server: ApkAssets: Deleting an ApkAssets object '<empty> and /data/app/~~Q8cLBwujz50LbHZUvFiEzw==/com.alibaba.aliexpresshd-KZ5Joa7FQwuFLMPBMsqhPQ==/split_aiFoundation.config.xxhdpi.apk' with 1 weak references
07-29 17:38:56.326  2463  2500 W system_server: ApkAssets: Deleting an ApkAssets object '<empty> and /data/app/~~Q8cLBwujz50LbHZUvFiEzw==/com.alibaba.aliexpresshd-KZ5Joa7FQwuFLMPBMsqhPQ==/split_config.arm64_v8a.apk' with 1 weak references
07-29 17:38:56.327  2463  2500 W system_server: ApkAssets: Deleting an ApkAssets object '<empty> and /data/app/~~Q8cLBwujz50LbHZUvFiEzw==/com.alibaba.aliexpresshd-KZ5Joa7FQwuFLMPBMsqhPQ==/split_config.xxhdpi.apk' with 1 weak references
07-29 17:38:56.327  2463  2500 W system_server: ApkAssets: Deleting an ApkAssets object '<empty> and /data/app/~~Q8cLBwujz50LbHZUvFiEzw==/com.alibaba.aliexpresshd-KZ5Joa7FQwuFLMPBMsqhPQ==/split_push.apk' with 1 weak references
07-29 17:38:56.327  2463  2500 W system_server: ApkAssets: Deleting an ApkAssets object '<empty> and /data/app/~~Q8cLBwujz50LbHZUvFiEzw==/com.alibaba.aliexpresshd-KZ5Joa7FQwuFLMPBMsqhPQ==/split_push.config.xxhdpi.apk' with 1 weak references
07-29 17:38:56.327  2463  2500 W system_server: ApkAssets: Deleting an ApkAssets object '<empty> and /data/app/~~Q8cLBwujz50LbHZUvFiEzw==/com.alibaba.aliexpresshd-KZ5Joa7FQwuFLMPBMsqhPQ==/split_ucSo.apk' with 1 weak references
07-29 17:38:56.327  2463  2500 W system_server: ApkAssets: Deleting an ApkAssets object '<empty> and /data/app/~~Q8cLBwujz50LbHZUvFiEzw==/com.alibaba.aliexpresshd-KZ5Joa7FQwuFLMPBMsqhPQ==/split_ucSo.config.arm64_v8a.apk' with 1 weak references
07-29 17:38:56.327  2463  2500 W system_server: ApkAssets: Deleting an ApkAssets object '<empty> and /data/app/~~Q8cLBwujz50LbHZUvFiEzw==/com.alibaba.aliexpresshd-KZ5Joa7FQwuFLMPBMsqhPQ==/split_ucSo.config.xxhdpi.apk' with 1 weak references
07-29 17:38:56.327  2463  2500 W system_server: ApkAssets: Deleting an ApkAssets object '<empty> and /data/app/~~Q8cLBwujz50LbHZUvFiEzw==/com.alibaba.aliexpresshd-KZ5Joa7FQwuFLMPBMsqhPQ==/split_ugc.apk' with 1 weak references
07-29 17:38:56.327  2463  2500 W system_server: ApkAssets: Deleting an ApkAssets object '<empty> and /data/app/~~Q8cLBwujz50LbHZUvFiEzw==/com.alibaba.aliexpresshd-KZ5Joa7FQwuFLMPBMsqhPQ==/split_ugc.config.arm64_v8a.apk' with 1 weak references
07-29 17:38:56.327  2463  2500 W system_server: ApkAssets: Deleting an ApkAssets object '<empty> and /data/app/~~Q8cLBwujz50LbHZUvFiEzw==/com.alibaba.aliexpresshd-KZ5Joa7FQwuFLMPBMsqhPQ==/split_ugc.config.xxhdpi.apk' with 1 weak references
07-29 17:38:56.327  2463  2500 W system_server: ApkAssets: Deleting an ApkAssets object '<empty> and /data/app/~~Q8cLBwujz50LbHZUvFiEzw==/com.alibaba.aliexpresshd-KZ5Joa7FQwuFLMPBMsqhPQ==/split_wallet.apk' with 1 weak references
07-29 17:38:56.327  2463  2500 W system_server: ApkAssets: Deleting an ApkAssets object '<empty> and /data/app/~~Q8cLBwujz50LbHZUvFiEzw==/com.alibaba.aliexpresshd-KZ5Joa7FQwuFLMPBMsqhPQ==/split_wallet.config.arm64_v8a.apk' with 1 weak references
07-29 17:38:56.327  2463  2500 W system_server: ApkAssets: Deleting an ApkAssets object '<empty> and /data/app/~~Q8cLBwujz50LbHZUvFiEzw==/com.alibaba.aliexpresshd-KZ5Joa7FQwuFLMPBMsqhPQ==/split_wallet.config.xxhdpi.apk' with 1 weak references
07-29 17:38:56.327  2463  2500 W system_server: ApkAssets: Deleting an ApkAssets object '<empty> and /product/data-app/MIUICalendar/MIUICalendar.apk' with 1 weak references
07-29 17:38:56.327  2463  2500 W system_server: ApkAssets: Deleting an ApkAssets object '<empty> and /product/data-app/MIUIEmail/MIUIEmail.apk' with 1 weak references
07-29 17:38:56.328  2463  2500 W system_server: ApkAssets: Deleting an ApkAssets object '<empty> and /data/app/~~iBv1yHxLmpa1fr8eCxrqvg==/com.anydo-VwG3l819A6bz3cr0PaHLnQ==/base.apk' with 1 weak references
07-29 17:38:56.328  2463  2500 W system_server: ApkAssets: Deleting an ApkAssets object '<empty> and /data/app/~~McTtM66aGNrwFH4ySy-7EQ==/com.dragon.read-RIz0o3qUV1KIxHaZuXH3Ng==/base.apk' with 1 weak references
07-29 17:38:56.328  2463  2500 W system_server: ApkAssets: Deleting an ApkAssets object '<empty> and /data/app/~~e_1Ph7kTuy4zbZD9JUEiWw==/com.google.android.gm--qiVQiuxyGdrxllouF50_A==/base.apk' with 1 weak references
07-29 17:38:56.328  2463  2500 W system_server: ApkAssets: Deleting an ApkAssets object '<empty> and /data/app/~~e_1Ph7kTuy4zbZD9JUEiWw==/com.google.android.gm--qiVQiuxyGdrxllouF50_A==/split_config.arm64_v8a.apk' with 1 weak references
07-29 17:38:56.328  2463  2500 W system_server: ApkAssets: Deleting an ApkAssets object '<empty> and /data/app/~~e_1Ph7kTuy4zbZD9JUEiWw==/com.google.android.gm--qiVQiuxyGdrxllouF50_A==/split_config.en.apk' with 1 weak references
07-29 17:38:56.328  2463  2500 W system_server: ApkAssets: Deleting an ApkAssets object '<empty> and /data/app/~~e_1Ph7kTuy4zbZD9JUEiWw==/com.google.android.gm--qiVQiuxyGdrxllouF50_A==/split_config.xxhdpi.apk' with 1 weak references
07-29 17:38:56.328  2463  2500 W system_server: ApkAssets: Deleting an ApkAssets object '<empty> and /data/app/~~e_1Ph7kTuy4zbZD9JUEiWw==/com.google.android.gm--qiVQiuxyGdrxllouF50_A==/split_config.zh.apk' with 1 weak references
07-29 17:38:56.329  2463  2500 W system_server: ApkAssets: Deleting an ApkAssets object '<empty> and /data/app/~~6SHZIJi5Hq-AE5NEnlKOCg==/com.kuaishou.nebula-U_wg8G2C2QyRnGzl2Klhhw==/base.apk' with 1 weak references
07-29 17:38:56.329  2463  2500 W system_server: ApkAssets: Deleting an ApkAssets object '<empty> and /data/app/~~3LqmlIxM2VcW3YZHPCqgvw==/com.microsoft.emmx-2EyA5rjwcwabAV7vIiLr6A==/base.apk' with 1 weak references
07-29 17:38:56.329  2463  2500 W system_server: ApkAssets: Deleting an ApkAssets object '<empty> and /data/app/~~X_zt7ydNDbS8M0gl0XG-Qg==/com.microsoft.office.outlook-Rb92I8rHiTcWBRrObR0BMg==/base.apk' with 1 weak references
07-29 17:38:56.330 31193 31221 I ndroid.settings: This is sticky GC, maxfree is 16777216 minfree is 8388608
07-29 17:38:56.330  2463  2500 W system_server: ApkAssets: Deleting an ApkAssets object '<empty> and /data/app/~~E4W_iAVK-TGFwUd6IMTkBA==/com.quark.browser-snJK4BxAOj73s79Vq1qmbQ==/base.apk' with 1 weak references
07-29 17:38:56.330  2463  2500 W system_server: ApkAssets: Deleting an ApkAssets object '<empty> and /data/app/~~6hhWP84sj1v4CMissuNqcA==/com.smile.gifmaker-hGz0Ro42rI3Ngjjspxw2Ew==/base.apk' with 1 weak references
07-29 17:38:56.330  2463  2500 W system_server: ApkAssets: Deleting an ApkAssets object '<empty> and /data/app/~~jb1LdNkmr485JWJKHm406A==/com.ss.android.article.news-Efz1tMuUBXv8dICbqr-21A==/base.apk' with 1 weak references
07-29 17:38:56.330  2463  2500 W system_server: ApkAssets: Deleting an ApkAssets object '<empty> and /data/app/~~HN3auZO5_U9A7zL_bPyFdA==/com.yahoo.mobile.client.android.mail-rZ1RUktJWSU0yrtfm2_-IA==/base.apk' with 1 weak references
07-29 17:38:56.330  2463  2500 W system_server: ApkAssets: Deleting an ApkAssets object '<empty> and /data/app/~~HN3auZO5_U9A7zL_bPyFdA==/com.yahoo.mobile.client.android.mail-rZ1RUktJWSU0yrtfm2_-IA==/split_config.arm64_v8a.apk' with 1 weak references
07-29 17:38:56.330  2463  2500 W system_server: ApkAssets: Deleting an ApkAssets object '<empty> and /data/app/~~HN3auZO5_U9A7zL_bPyFdA==/com.yahoo.mobile.client.android.mail-rZ1RUktJWSU0yrtfm2_-IA==/split_config.en.apk' with 1 weak references
07-29 17:38:56.330  2463  2500 W system_server: ApkAssets: Deleting an ApkAssets object '<empty> and /data/app/~~HN3auZO5_U9A7zL_bPyFdA==/com.yahoo.mobile.client.android.mail-rZ1RUktJWSU0yrtfm2_-IA==/split_config.xxhdpi.apk' with 1 weak references
07-29 17:38:56.330  2463  2500 W system_server: ApkAssets: Deleting an ApkAssets object '<empty> and /data/app/~~Quqp0PGAedvoOQhqUhfKEA==/ru.mail.mailapp-4rTbt1UeAXKFxtOeNpqWGQ==/base.apk' with 1 weak references
07-29 17:38:56.331  2463  2500 W system_server: ApkAssets: Deleting an ApkAssets object '<empty> and /data/app/~~Quqp0PGAedvoOQhqUhfKEA==/ru.mail.mailapp-4rTbt1UeAXKFxtOeNpqWGQ==/split_config.arm64_v8a.apk' with 1 weak references
07-29 17:38:56.331  2463  2500 W system_server: ApkAssets: Deleting an ApkAssets object '<empty> and /data/app/~~Quqp0PGAedvoOQhqUhfKEA==/ru.mail.mailapp-4rTbt1UeAXKFxtOeNpqWGQ==/split_config.xxhdpi.apk' with 1 weak references
07-29 17:38:56.331  2463  2500 W system_server: ApkAssets: Deleting an ApkAssets object '<empty> and /product/priv-app/MIUIBrowser/MIUIBrowser.apk' with 1 weak references
07-29 17:38:56.331  2463  2500 W system_server: ApkAssets: Deleting an ApkAssets object '<empty> and /product/app/ContentCatcherOS2/ContentCatcherOS2.apk' with 1 weak references
07-29 17:38:56.331  2463  2500 W system_server: ApkAssets: Deleting an ApkAssets object '<empty> and /product/app/MIUIMiCloudSync/MIUIMiCloudSync.apk' with 1 weak references
07-29 17:38:56.374 31105  7869 W Conscrypt: Could not set socket write timeout: java.net.SocketException: Socket closed
07-29 17:38:56.374 31105  7869 W Conscrypt: 	at com.google.android.gms.org.conscrypt.Platform.setSocketWriteTimeout(:com.google.android.gms@252834035@25.28.34 (260400-787197649):204)
07-29 17:38:56.374 31105  7869 W Conscrypt: 	at com.google.android.gms.org.conscrypt.ConscryptFileDescriptorSocket.setSoWriteTimeout(:com.google.android.gms@252834035@25.28.34 (260400-787197649):4)
07-29 17:38:56.434  1827  2108 I SDM     : DisplayBase::CommitThread: Received idle timeout, panel: cmd, timeout: 70000 us
07-29 17:38:56.470  1827  1827 I SDM     : HWCDisplay::SetActiveConfigWithConstraints: display:66-0, config: 1, WxH 1200x2670, fps 120
07-29 17:38:56.471  1827  1827 W SDM     : HWDeviceDRM::GetSupportedBitClkRate: Requested rate not supported: 1150000000
07-29 17:38:56.471  1827  1827 I SDM     : HWDeviceDRM::UpdateMixerAttributes: Mixer WxH 1200x2670-1 for Peripheral
07-29 17:38:56.471  1827  1827 I SDM     : HWCDisplay::SubmitDisplayConfig: Active configuration changed from config 3 to 1
07-29 17:38:56.471  1827  1827 I SDM     : HWCDisplay::SubmitDisplayConfig: Active WxH 1200x2670 ,ddic_mode:idle, timing_fps: 120, sf_fps: 120
07-29 17:38:56.472  1827  2752 I vendor.qti.hardware.display.composer-service: Sensor: notify citsensorservice to trigger cwb, misForced = 0
07-29 17:38:56.472  3002  4297 I libsensor-parseRGB: request dump start for mRequestDisplayId 0
07-29 17:38:56.495  3002  3080 E libsensor-parseRGB: CWB NotifyCWBBufferDone  error 0
07-29 17:38:56.499 29672 29672 I Finsky  : [2] yag.g(1): yag - Received: android.intent.action.PACKAGE_ADDED, [c2ZowArRyWRQWygw_NkVDbcveCaJTBfMSiLd_lUA-sI]
07-29 17:38:56.501  2463 14501 W ParceledListSlice: Element #20 is 28724 bytes.
07-29 17:38:56.501 12230 12348 I Ad      : isPersonalizedAdEnabled getAdSettings: 1
07-29 17:38:56.505 29672  9251 I Finsky  : [1653] pcp.accept(129): Wrote row to frosting DB: 1293
07-29 17:38:56.507 29672 29672 I Finsky  : [2] adpc.f(9): Clearing split related stale data.
07-29 17:38:56.508  2463 14501 W ParceledListSlice: Element #232 is 19012 bytes.
07-29 17:38:56.512  7989  7989 I PackageInstallReceiver: action = android.intent.action.PACKAGE_ADDED packageName = org.wikipedia.beta
07-29 17:38:56.512  7989  7989 I PackageInstallReceiver: action = android.intent.action.PACKAGE_CHANGED packageName = org.wikipedia.beta
07-29 17:38:56.512  7989  7989 I ServiceDeliveryCapability: onAppChanged:org.wikipedia.beta action:android.intent.action.PACKAGE_ADDED
07-29 17:38:56.513  7989  7989 W InstalledPackagesMemoryCache: Unknown action: android.intent.action.PACKAGE_CHANGED
07-29 17:38:56.513  7989  7989 I ServiceDeliveryCapability: onAppChanged:org.wikipedia.beta action:android.intent.action.PACKAGE_CHANGED
07-29 17:38:56.513  7989  7989 I AppWidgetDelegate: updateAppWidgets for org.wikipedia.beta
07-29 17:38:56.513  7989  7989 I WidgetController: WidgetController.updateOrRemoveStackWhenPackageChanged: packageName org.wikipedia.beta
07-29 17:38:56.513  7989  7989 I WidgetBackgroundBlurManager: onAppChanged appPackageName : org.wikipedia.beta
07-29 17:38:56.513 29672 29672 I Finsky  : [2] akwu.c(44): Do not start WearSupportService due to Wear service optimization
07-29 17:38:56.514 29672 29672 I Finsky  : [2] srb.akj(13): DTU: Received onPackageAdded, replacing: false
07-29 17:38:56.514  7664  7664 I VA_AiConn:ApkConstants: isPhoneCarLinkApp packageName=org.wikipedia.beta
07-29 17:38:56.515  7664  8670 I VA_AliveCore:AbsCoreManager: msg.what = 1003
07-29 17:38:56.515  7664  8670 E VA_AliveCore:CoreManager: bind thread:id=281;name=CoreAssistInteraction
07-29 17:38:56.515  7664  8670 E VA_AliveCore:CoreManager: not target app
07-29 17:38:56.515  7664  8670 E VA_AliveCore:CoreManager: not target app
07-29 17:38:56.515  7664  8670 I VA_AliveCore:CoreManager: bindAliveServiceApps:com.miui.voicetrigger
07-29 17:38:56.515  7664  8670 I VA_AliveCore:CoreManager: bindAliveServiceApps: services:[ResolveInfo{7d21882 com.miui.voicetrigger/.VoiceTriggerService m=0x108000 userHandle=null}]
07-29 17:38:56.515  7664  8670 W VA_AliveConnection: startBind
07-29 17:38:56.515  7664  8670 I VA_AliveConnection: begin unregister
07-29 17:38:56.516  7989  8582 I AppWidgetDelegate: removeAllWidgets com.xiaomi.misettings.usagestats.widget.desktop.widget.SimpleUsageStatsWidget
07-29 17:38:56.516  7989  8582 I AppWidgetDelegate: removeAllWidgets com.android.calendar.widget.NearEventAppWidget
07-29 17:38:56.516  7664  8670 I VA_AliveConnection: begin register
07-29 17:38:56.517  7664  8670 I VA_AliveConnection: begin unregister
07-29 17:38:56.517  7664  8670 I VA_AliveConnection: begin register
07-29 17:38:56.518 29672 29672 I Finsky  : [2] kuy.f(9): AIM: AppInfoCacheUpdater -> invalidating apps: [org.wikipedia.beta]
07-29 17:38:56.518 29672 29672 I Finsky  : [2] kvn.g(21): AIM: AppInfoManager-Perf > getApps > called for 1 apps
07-29 17:38:56.519 29672 29735 I Finsky  : [1522] kwt.a(55): AIM: AppInfoManager-Perf > OnDeviceAppInfo > cacheHitCount=0, cacheMissCount=1. Missed  in cache (limit 10) : [org.wikipedia.beta]
07-29 17:38:56.519 29672 29735 I Finsky  : [1522] kuq.apply(1378): AIM: Got app ownership map. App counts: . Unique apps: 0
