07-29 17:39:03.913  3117  3117 I adbd    : in ShellService: getprop ro.sf.lcd_density
07-29 17:39:03.920  3117  3117 I adbd    : in ShellService: ps
07-29 17:39:03.986  3117  3117 I adbd    : in ShellService: dumpsys activity activities
07-29 17:39:04.052  3117  3117 I adbd    : in ShellService: dumpsys activity activities
07-29 17:39:04.070 13666 17476 W surfboard: (0x00000384) [] on_tcp_read local connection reset by peer
07-29 17:39:04.070 13666 17476 W surfboard: (0x00000389) [] on_tcp_read local connection reset by peer
07-29 17:39:04.072  1844  1844 I vendor.qti.hardware.servicetrackeraidl-service: bindService is called for service : com.alibaba.aliexpresshd/com.taobao.accs.data.MsgDistributeService and for client com.alibaba.aliexpresshd:channel
07-29 17:39:04.073  1844  1844 I vendor.qti.hardware.servicetrackeraidl-service: total connections for service : com.alibaba.aliexpresshd/com.taobao.accs.data.MsgDistributeServiceare :2
07-29 17:39:04.073  1844  1844 I vendor.qti.hardware.servicetrackeraidl-service: total connections for client : com.alibaba.aliexpresshd:channelare :11
07-29 17:39:04.074 32195 32367 W JobInfo : Job 'com.alibaba.aliexpresshd/com.taobao.accs.internal.AccsJobService#2050' has a deadline with functional constraints and an extremely short time window of 0 ms (delay=80000, deadline=80000). The functional constraints are not likely to be satisfied when the job runs.
07-29 17:39:04.074  1844  1844 I vendor.qti.hardware.servicetrackeraidl-service: unbindService is called for service : com.alibaba.aliexpresshd/com.taobao.accs.data.MsgDistributeService and for client com.alibaba.aliexpresshd:channel
07-29 17:39:04.074  2463 15445 W JobInfo : Job 'com.alibaba.aliexpresshd/com.taobao.accs.internal.AccsJobService#2050' has a deadline with functional constraints and an extremely short time window of 0 ms (delay=80000, deadline=80000). The functional constraints are not likely to be satisfied when the job runs.
07-29 17:39:04.074  1844  1844 I vendor.qti.hardware.servicetrackeraidl-service: size of service connections for service: com.alibaba.aliexpresshd/com.taobao.accs.data.MsgDistributeServiceafter removal is 1
07-29 17:39:04.074  1844  1844 I vendor.qti.hardware.servicetrackeraidl-service: size of client connections for client: com.alibaba.aliexpresshd:channelafter removal is 10
07-29 17:39:04.075  2463 15445 W JobInfo : Job 'com.alibaba.aliexpresshd/com.taobao.accs.internal.AccsJobService#2050' has a deadline with functional constraints and an extremely short time window of 0 ms (delay=80000, deadline=80000). The functional constraints are not likely to be satisfied when the job runs.
07-29 17:39:04.083  1844  1844 I vendor.qti.hardware.servicetrackeraidl-service: bindService is called for service : com.alibaba.aliexpresshd/com.taobao.accs.data.MsgDistributeService and for client com.alibaba.aliexpresshd:channel
07-29 17:39:04.083  1844  1844 I vendor.qti.hardware.servicetrackeraidl-service: total connections for service : com.alibaba.aliexpresshd/com.taobao.accs.data.MsgDistributeServiceare :2
07-29 17:39:04.083  1844  1844 I vendor.qti.hardware.servicetrackeraidl-service: total connections for client : com.alibaba.aliexpresshd:channelare :11
07-29 17:39:04.085  1844  1844 I vendor.qti.hardware.servicetrackeraidl-service: unbindService is called for service : com.alibaba.aliexpresshd/com.taobao.accs.data.MsgDistributeService and for client com.alibaba.aliexpresshd:channel
07-29 17:39:04.085  1844  1844 I vendor.qti.hardware.servicetrackeraidl-service: size of service connections for service: com.alibaba.aliexpresshd/com.taobao.accs.data.MsgDistributeServiceafter removal is 1
07-29 17:39:04.085  1844  1844 I vendor.qti.hardware.servicetrackeraidl-service: size of client connections for client: com.alibaba.aliexpresshd:channelafter removal is 10
07-29 17:39:04.137  2463  2536 I ExtM    : zram userate is low, no need to flush: 12
07-29 17:39:04.137  3117  3117 I adbd    : in ShellService: dumpsys activity activities
07-29 17:39:04.258  3117  3117 I adbd    : in ShellService: dumpsys activity services
07-29 17:39:04.312  2463  5177 I NetworkAccelerateSwitchService: EVENT_RSSI_POLL. mRssiPoll=true
07-29 17:39:04.312  2463  5177 I NetworkAccelerateSwitchService: getAverageWifiRssi:63
07-29 17:39:04.381  3117  3117 I adbd    : in ShellService: screencap -p /sdcard/screen_2025-07-29_173905.png
07-29 17:39:04.453  2463  2536 I ExtM    : zram userate is low, no need to flush: 13
07-29 17:39:04.496  9955  9955 W BpBinder: Linking to death on android.gui.ISurfaceComposer but there are no threads (yet?) listening to incoming transactions. See ProcessState::startThreadPool and ProcessState::setThreadPoolMaxThreadCount. Generally you should setup the binder threadpool before other initialization steps.
07-29 17:39:04.496  9955  9955 W ProcessState: Extra binder thread started, but 0 threads requested. Do not use *startThreadPool when zero threads are requested.
07-29 17:39:04.526  9955  9957 I AdrenoUtils: <ReadGpuID:357>: Reading chip ID through GSL
07-29 17:39:04.526  9955  9955 W qdgralloc: Failed to load libubwcp.so
07-29 17:39:04.521  9955  9955 W screencap: type=1400 audit(0.0:8810): avc:  denied  { read } for  name="libubwcp.so" dev="dm-14" ino=19816057 scontext=u:r:shell:s0 tcontext=u:object_r:vendor_file:s0 tclass=file permissive=0
07-29 17:39:04.529  7633 30847 W MediaProvider: isAppCloneUserPair for user 0: false
07-29 17:39:04.910  7633 24064 I PSyncWorker: Starting proactive picker sync from sync source: 1
07-29 17:39:04.911  7633 24064 I PickerSyncController: Executing SyncAdd. isLocal: true. authority: com.android.providers.media.photopicker
07-29 17:39:04.913  7633 24064 I PickerSyncController: Paged sync successful. QueryArgs: Bundle[{android.provider.extra.SYNC_GENERATION=6606, android.provider.extra.PAGE_SIZE=1000}] Total Rows: 0
07-29 17:39:04.914  7633 24064 I PickerSyncController: Executing SyncRemove. isLocal: true. authority: com.android.providers.media.photopicker
07-29 17:39:04.915  7633 24064 E PickerDbFacade: Could not get first date taken millis for media id: 1000000593
07-29 17:39:04.915  7633 24064 W PickerDbFacade: Unable to promote cloud media with localId: 1000000593
07-29 17:39:04.916  7633 24064 I PickerSyncController: Paged sync successful. QueryArgs: Bundle[{android.provider.extra.SYNC_GENERATION=6606, android.provider.extra.PAGE_SIZE=1000}] Total Rows: 0
07-29 17:39:04.916  7633 24064 I PickerSyncTracker: Marked sync future complete for work id: 5ff89aca-6bed-44e3-913c-4b840af83d8d. Future map: {}
07-29 17:39:04.916  7633 24064 I PSyncWorker: Completed picker proactive sync complete from local provider.
07-29 17:39:04.917  7633  7743 I WM-WorkerWrapper: Worker result SUCCESS for Work [ id=5ff89aca-6bed-44e3-913c-4b840af83d8d, tags={ com.android.providers.media.photopicker.sync.ProactiveSyncWorker } ]
07-29 17:39:05.049  1844  1844 I vendor.qti.hardware.servicetrackeraidl-service: destroyService is called for service : com.google.android.gms/.chimera.PersistentIntentOperationService
07-29 17:39:05.082  3117  3117 I adbd    : in ShellService: ps
07-29 17:39:05.185  2463  4205 I MiuiNetworkPolicy: bandwidth: 0 KB/s, Max bandwidth: 5560 KB/s
07-29 17:39:05.286  4916  5930 E PhoneAdapter: get ntnphones failed, exception: java.lang.IllegalStateException: Default phones haven't been made yet!
07-29 17:39:06.034  2463  4205 I MiuiNetworkPolicy: updateUidState uid = 10278, uidState = 15
07-29 17:39:06.036  2463  4205 I MiuiNetworkPolicyTrafficLimit: updateWhiteListUidForMobileTraffic uid=10278,add=false
07-29 17:39:06.156  2463 14501 I ActivityManager: Broadcasting: Intent { act=android.intent.action.MEDIA_SCANNER_SCAN_FILE dat=file:///... flg=0x400000 }
07-29 17:39:06.156  2463 14501 I ActivityManager: Enqueued broadcast Intent { act=android.intent.action.MEDIA_SCANNER_SCAN_FILE dat=file:///... flg=0x400000 }: 0
07-29 17:39:06.157  2463  2530 I SmartPower: com.miui.gallery/10271(13242): idle->background(4150ms) R(broadcast start Intent { act=android.intent.action.MEDIA_SCANNER_SCAN_FILE dat=file:///... flg=0x1400010 }) adj=905.
07-29 17:39:06.158 13242 13242 W MiuiGallery2_BaseMediaScannerReceiver: [main] - Broadcast received, action: [android.intent.action.MEDIA_SCANNER_SCAN_FILE], data uri: [file:///sdcard/screen_2025-07-29_173905.png], CTA not allowed
07-29 17:39:06.159  2463  4205 I MiuiNetworkPolicy: updateUidState uid = 10271, uidState = 11
07-29 17:39:06.159  2463  4205 I MiuiNetworkPolicy: updateUidState uid = 10271, uidState = 19
07-29 17:39:06.161  7633  7633 I MediaProvider: receive action = android.intent.action.MEDIA_SCANNER_SCAN_FILE schemeSpecificPart = ///sdcard/screen_2025-07-29_173905.png
07-29 17:39:06.163  2463 14501 W JobInfo : Job 'com.android.providers.media.module/com.android.providers.media.MediaService#-300' has a deadline with no functional constraints. The deadline won't improve job execution latency. Consider removing the deadline.
07-29 17:39:06.166  1844  1844 I vendor.qti.hardware.servicetrackeraidl-service: bindService is called for service : com.android.providers.media.module/com.android.providers.media.MediaService and for client system
07-29 17:39:06.166  1844  1844 I vendor.qti.hardware.servicetrackeraidl-service: total connections for service : com.android.providers.media.module/com.android.providers.media.MediaServiceare :1
07-29 17:39:06.167  1844  1844 I vendor.qti.hardware.servicetrackeraidl-service: total connections for client : systemare :31
07-29 17:39:06.168  2463  4404 I whetstone.activity: processNotifyEvent1 resId = 256, bundle = Bundle[{startTime=7784487, sourcePkg=com.android.providers.media.module, sourceUid=10249, status=1, jobId=-300, batteryName=com.android.providers.media.module/com.android.providers.media.MediaService, elapsedRealtime=7784487}]
07-29 17:39:06.168  9339 12099 I EventMonitor: notifyEvent resId=256
07-29 17:39:06.174  2463  2506 I ActivityManager: Broadcast completed: result=0
07-29 17:39:06.174  7633  8793 I MediaProvider: Begin Intent { act=android.intent.action.MEDIA_SCANNER_SCAN_FILE dat=file:///... flg=0x1400010 cmp=com.android.providers.media.module/com.android.providers.media.MediaService }
07-29 17:39:06.182  7633  8793 I MediaProvider: End Intent { act=android.intent.action.MEDIA_SCANNER_SCAN_FILE dat=file:///... flg=0x1400010 cmp=com.android.providers.media.module/com.android.providers.media.MediaService }
07-29 17:39:06.182  2463  4404 I whetstone.activity: processNotifyEvent1 resId = 256, bundle = Bundle[{startTime=7784502, sourcePkg=com.android.providers.media.module, sourceUid=10249, status=0, jobId=-300, batteryName=com.android.providers.media.module/com.android.providers.media.MediaService, elapsedRealtime=7784502}]
07-29 17:39:06.182  1844  1844 I vendor.qti.hardware.servicetrackeraidl-service: unbindService is called for service : com.android.providers.media.module/com.android.providers.media.MediaService and for client system
07-29 17:39:06.183  1844  1844 I vendor.qti.hardware.servicetrackeraidl-service: size of service connections for service: com.android.providers.media.module/com.android.providers.media.MediaServiceafter removal is 0
07-29 17:39:06.183  1844  1844 I vendor.qti.hardware.servicetrackeraidl-service: size of client connections for client: systemafter removal is 30
07-29 17:39:06.183  1844  1844 I vendor.qti.hardware.servicetrackeraidl-service: destroyService is called for service : com.android.providers.media.module/com.android.providers.media.MediaService
07-29 17:39:06.183  9339 12099 I EventMonitor: notifyEvent resId=256
07-29 17:39:06.221  2463  2536 I ExtM    : zram userate is low, no need to flush: 13
07-29 17:39:06.254  3117  3117 I adbd    : in ShellService: ps
07-29 17:39:06.428  3117  3117 I adbd    : in ShellService: rm /sdcard/screen_2025-07-29_173905.png
07-29 17:39:06.458  7633  7865 I MediaProvider: Deleted paths_hashcode::1389444597/:1389444597/1442736578905.png items on external_primary due to com.android.shell tid=9973
07-29 17:39:06.504  1254  9135 I keystore2: system/security/keystore2/watchdog/src/lib.rs:319 - Watchdog thread idle -> terminating. Have a great day.
07-29 17:39:06.533  2463  2536 I ExtM    : zram userate is low, no need to flush: 13
07-29 17:39:06.612  3117  3117 I adbd    : in ShellService: dumpsys display
07-29 17:39:06.801  3117  3117 I adbd    : in ShellService: wm size
07-29 17:39:06.904  3117  3117 I adbd    : in ShellService: dumpsys input
07-29 17:39:06.986  3117  3117 I adbd    : in ShellService: getprop ro.sf.lcd_density
07-29 17:39:07.079  3117  3117 I adbd    : in ShellService: dumpsys activity activities
07-29 17:39:07.171  3117  3117 I adbd    : in ShellService: dumpsys activity activities
07-29 17:39:07.236  3117  3117 I adbd    : in ShellService: dumpsys activity activities
07-29 17:39:07.273  1844  1844 I vendor.qti.hardware.servicetrackeraidl-service: unbindService is called for service : com.google.android.gms/.chimera.PersistentDirectBootAwareApiService and for client com.google.android.gms.persistent
07-29 17:39:07.311  3117  3117 I adbd    : in ShellService: dumpsys activity services
07-29 17:39:07.316  2463  5177 I NetworkAccelerateSwitchService: EVENT_RSSI_POLL. mRssiPoll=true
07-29 17:39:07.316  2463  5177 I NetworkAccelerateSwitchService: getAverageWifiRssi:64
07-29 17:39:07.433  3117  3117 I adbd    : in ShellService: screencap -p /sdcard/screen_2025-07-29_173908.png
07-29 17:39:07.521  3117  3117 I adbd    : in ShellService: ps
07-29 17:39:07.527  2463  4205 I MiuiNetworkPolicy: getEnableLimitTimeout when thermal mode is:0
07-29 17:39:07.555 10030 10030 W BpBinder: Linking to death on android.gui.ISurfaceComposer but there are no threads (yet?) listening to incoming transactions. See ProcessState::startThreadPool and ProcessState::setThreadPoolMaxThreadCount. Generally you should setup the binder threadpool before other initialization steps.
07-29 17:39:07.556 10030 10030 W ProcessState: Extra binder thread started, but 0 threads requested. Do not use *startThreadPool when zero threads are requested.
07-29 17:39:07.567  2463  4205 I MiuiNetworkPolicy: updateUidState uid = 10241, uidState = 10
07-29 17:39:07.568  1844  1844 I vendor.qti.hardware.servicetrackeraidl-service: unbindService is called for service : com.android.permissioncontroller/.permission.service.PermissionControllerServiceImpl and for client system
07-29 17:39:07.568  1844  1844 I vendor.qti.hardware.servicetrackeraidl-service: size of service connections for service: com.android.permissioncontroller/.permission.service.PermissionControllerServiceImplafter removal is 0
07-29 17:39:07.568  1844  1844 I vendor.qti.hardware.servicetrackeraidl-service: size of client connections for client: systemafter removal is 29
07-29 17:39:07.568  1844  1844 I vendor.qti.hardware.servicetrackeraidl-service: destroyService is called for service : com.android.permissioncontroller/.permission.service.PermissionControllerServiceImpl
07-29 17:39:07.569  2463  4205 I MiuiNetworkPolicy: updateUidState uid = 10241, uidState = 19
07-29 17:39:07.592 10030 10035 I AdrenoUtils: <ReadGpuID:357>: Reading chip ID through GSL
07-29 17:39:07.589 10030 10030 W screencap: type=1400 audit(0.0:8811): avc:  denied  { read } for  name="libubwcp.so" dev="dm-14" ino=19816057 scontext=u:r:shell:s0 tcontext=u:object_r:vendor_file:s0 tclass=file permissive=0
07-29 17:39:07.593 10030 10030 W qdgralloc: Failed to load libubwcp.so
07-29 17:39:07.595  7633 30847 W MediaProvider: isAppCloneUserPair for user 0: false
07-29 17:39:07.623  2463  2526 I ThermalObserver: Gallery hdr is disable by thermal.
07-29 17:39:07.689  2463  4412 I SmartPower: com.android.permissioncontroller/10241(7368): background->idle(15004ms) R(service end com.android.permissioncontroller/.permission.service.PermissionControllerServiceImpl) adj=905.
07-29 17:39:07.747  2740  7821 I Market-RetrofitRequest: callStart : https://updateinfo.market.xiaomi.com/apm/updateinfo/diffsize
07-29 17:39:07.748  2740  9270 I Market-RetrofitRequest: callStart : https://updateinfo.market.xiaomi.com/apm/updateinfo/diffsize
07-29 17:39:07.749  2740  7821 I Market-RetrofitRequest: HeaderInterceptor : https://updateinfo.market.xiaomi.com/apm/updateinfo/diffsize
07-29 17:39:07.749  2740  9270 I Market-RetrofitRequest: HeaderInterceptor : https://updateinfo.market.xiaomi.com/apm/updateinfo/diffsize
07-29 17:39:07.750  2740  7821 E Market-Client: isSupportChildMode, error: java.lang.NumberFormatException: For input string: ""
07-29 17:39:07.750  2740  9270 E Market-Client: isSupportChildMode, error: java.lang.NumberFormatException: For input string: ""
07-29 17:39:07.751  2740  7821 E Market-Client: isSupportChildMode, error: java.lang.NumberFormatException: For input string: ""
07-29 17:39:07.751  2740  9270 E Market-Client: isSupportChildMode, error: java.lang.NumberFormatException: For input string: ""
07-29 17:39:07.752  2740  9270 I Market-LimitSpeedManager: startLimitSpeedNow() ====== speed = 32768
07-29 17:39:07.756  2740  9270 I Market-DownloadLimitSpeedManager: startLimitSpeed success. Total count 1
07-29 17:39:07.756  2740  7821 I Market-LimitSpeedManager: startLimitSpeedNow() ====== speed = 32768
07-29 17:39:07.756  2740  9270 I Market-RetrofitRequest: HeaderInterceptor : https://updateinfo.market.xiaomi.com/apm/updateinfo/diffsize
07-29 17:39:07.759  2740  7821 I Market-DownloadLimitSpeedManager: startLimitSpeed success. Total count 2
07-29 17:39:07.759  2740  7821 I Market-RetrofitRequest: HeaderInterceptor : https://updateinfo.market.xiaomi.com/apm/updateinfo/diffsize
07-29 17:39:07.845  2740  9270 I Market-DownloadLimitSpeedManager: tryStopLimitSpeed 1
07-29 17:39:07.846  2740  9270 I Market-RetrofitRequest: callEnd : https://updateinfo.market.xiaomi.com/apm/updateinfo/diffsize
07-29 17:39:07.846  2740  9270 I Market-LocalAppManager: queryDiffSizeFromServer end
07-29 17:39:07.847  2740  9014 I Market-SubScriptManager: updateMarketSubScript forceShow : false
07-29 17:39:07.847  2740  9014 I Market-SubScriptManager: get count 63
07-29 17:39:07.847  2740  9014 I Market-SubScriptManager: get count 63
07-29 17:39:07.847  2740  9270 I Market-WakeLockManager: release wakeLock: CheckUpdateService
07-29 17:39:07.850  2463 15445 I SmartPower: com.xiaomi.market/10167(2740): idle->background(4365ms) R(service destroy com.xiaomi.market/.business_core.update.auto.CheckUpdateService) adj=200.
07-29 17:39:07.850  1844  1844 I vendor.qti.hardware.servicetrackeraidl-service: destroyService is called for service : com.xiaomi.market/.business_core.update.auto.CheckUpdateService
07-29 17:39:07.851  2740  2740 I Market-ServiceUtils: stop foreground service: CheckUpdateService
07-29 17:39:07.866  2740  7821 I Market-DownloadLimitSpeedManager: stopLimitSpeed
07-29 17:39:07.867  2740  7821 I Market-LimitSpeedManager: stopLimitSpeedNow() =========== 
07-29 17:39:07.869  2740  7821 I Market-RetrofitRequest: callEnd : https://updateinfo.market.xiaomi.com/apm/updateinfo/diffsize
07-29 17:39:07.869  2740  7821 I Market-LocalAppManager: queryDiffSizeFromServer end
07-29 17:39:07.870  2740  8848 I Market-SubScriptManager: updateMarketSubScript forceShow : false
07-29 17:39:07.871  2740  8848 I Market-SubScriptManager: get count 63
07-29 17:39:07.871  2740  8848 I Market-SubScriptManager: get count 63
07-29 17:39:07.930  3002  4306 I libsensor-boledalgo: dbv:419,lux:228.7,cct:5972.2,hsv:-1.0,dc:0CWB R:3179.6,G:7767.6,B:4952.5Event C:15982.5,R:9182.9,G:5507.9,B:3389.9Cali C:211.6,R:77.8,G:75.0,B:35.3 
07-29 17:39:07.978  7633 24315 I PSyncWorker: Starting proactive picker sync from sync source: 1
07-29 17:39:07.980  7633 24315 I PickerSyncController: Executing SyncAdd. isLocal: true. authority: com.android.providers.media.photopicker
07-29 17:39:07.982  7633 24315 I PickerSyncController: Paged sync successful. QueryArgs: Bundle[{android.provider.extra.SYNC_GENERATION=6616, android.provider.extra.PAGE_SIZE=1000}] Total Rows: 0
07-29 17:39:07.983  7633 24315 I PickerSyncController: Executing SyncRemove. isLocal: true. authority: com.android.providers.media.photopicker
07-29 17:39:07.983  7633 24315 E PickerDbFacade: Could not get first date taken millis for media id: 1000000594
07-29 17:39:07.983  7633 24315 W PickerDbFacade: Unable to promote cloud media with localId: 1000000594
07-29 17:39:07.984  7633 24315 I PickerSyncController: Paged sync successful. QueryArgs: Bundle[{android.provider.extra.SYNC_GENERATION=6616, android.provider.extra.PAGE_SIZE=1000}] Total Rows: 0
07-29 17:39:07.985  7633 24315 I PickerSyncTracker: Marked sync future complete for work id: 40b8d462-8981-4d4a-8337-6e6a16ff5ff7. Future map: {}
07-29 17:39:07.985  7633 24315 I PSyncWorker: Completed picker proactive sync complete from local provider.
07-29 17:39:07.986  7633  7831 I WM-WorkerWrapper: Worker result SUCCESS for Work [ id=40b8d462-8981-4d4a-8337-6e6a16ff5ff7, tags={ com.android.providers.media.photopicker.sync.ProactiveSyncWorker } ]
07-29 17:39:08.130  3002  4306 I libsensor-boledalgo: dbv:419,lux:227.9,cct:6036.0,hsv:-1.0,dc:0CWB R:3179.6,G:7767.6,B:4952.5Event C:15999.3,R:9185.1,G:5509.9,B:3412.6Cali C:211.6,R:77.8,G:75.0,B:35.3 
07-29 17:39:08.188  2463  4205 I MiuiNetworkPolicy: bandwidth: 1 KB/s, Max bandwidth: 5560 KB/s
07-29 17:39:08.309  2463  2536 I ExtM    : zram userate is low, no need to flush: 13
07-29 17:39:08.312  4916  5930 E PhoneAdapter: get ntnphones failed, exception: java.lang.IllegalStateException: Default phones haven't been made yet!
07-29 17:39:08.319  1844  1844 I vendor.qti.hardware.servicetrackeraidl-service: unbindService is called for service : com.google.android.gms/.chimera.GmsBoundBrokerService and for client com.google.android.gms
07-29 17:39:08.319  1844  1844 I vendor.qti.hardware.servicetrackeraidl-service: size of service connections for service: com.google.android.gms/.chimera.GmsBoundBrokerServiceafter removal is 2
07-29 17:39:08.319  1844  1844 I vendor.qti.hardware.servicetrackeraidl-service: size of client connections for client: com.google.android.gmsafter removal is 5
07-29 17:39:08.321  1844  1844 I vendor.qti.hardware.servicetrackeraidl-service: unbindService is called for service : com.google.android.gms/.chimera.GmsBoundBrokerService and for client com.google.android.gms.persistent
07-29 17:39:08.321  1844  1844 I vendor.qti.hardware.servicetrackeraidl-service: size of service connections for service: com.google.android.gms/.chimera.GmsBoundBrokerServiceafter removal is 1
07-29 17:39:08.321  1844  1844 I vendor.qti.hardware.servicetrackeraidl-service: size of client connections for client: com.google.android.gms.persistentafter removal is 5
07-29 17:39:08.322  1844  1844 I vendor.qti.hardware.servicetrackeraidl-service: unbindService is called for service : com.google.android.gms/.chimera.PersistentApiService and for client com.google.android.gms
07-29 17:39:08.323  1844  1844 I vendor.qti.hardware.servicetrackeraidl-service: unbindService is called for service : com.google.android.gms/.icing.service.AppIndexingService and for client com.google.android.gms.persistent
07-29 17:39:08.323  1844  1844 I vendor.qti.hardware.servicetrackeraidl-service: size of service connections for service: com.google.android.gms/.icing.service.AppIndexingServiceafter removal is 1
07-29 17:39:08.323  1844  1844 I vendor.qti.hardware.servicetrackeraidl-service: size of client connections for client: com.google.android.gms.persistentafter removal is 4
07-29 17:39:08.324  1844  1844 I vendor.qti.hardware.servicetrackeraidl-service: unbindService is called for service : com.google.android.gms/.icing.service.IndexService and for client com.google.android.gms.persistent
07-29 17:39:08.324  1844  1844 I vendor.qti.hardware.servicetrackeraidl-service: size of service connections for service: com.google.android.gms/.icing.service.IndexServiceafter removal is 1
07-29 17:39:08.325  1844  1844 I vendor.qti.hardware.servicetrackeraidl-service: size of client connections for client: com.google.android.gms.persistentafter removal is 3
07-29 17:39:08.530  3002  4306 I libsensor-boledalgo: dbv:419,lux:228.3,cct:5976.8,hsv:-1.0,dc:0CWB R:3179.6,G:7767.6,B:4952.5Event C:15999.3,R:9205.2,G:5504.0,B:3394.8Cali C:211.6,R:77.8,G:75.0,B:35.3 
07-29 17:39:08.621  2463  2536 I ExtM    : zram userate is low, no need to flush: 13
07-29 17:39:08.673  3117  3117 I adbd    : in ShellService: ps
07-29 17:39:09.158  2463  4412 I SmartPower: com.miui.gallery/10271(13242): background->idle(3002ms) R(broadcast start Intent { act=android.intent.action.MEDIA_SCANNER_SCAN_FILE dat=file:///... flg=0x1400010 }) adj=905.
07-29 17:39:09.243  2463  5065 I ActivityManager: Broadcasting: Intent { act=android.intent.action.MEDIA_SCANNER_SCAN_FILE dat=file:///... flg=0x400000 }
07-29 17:39:09.244  2463  5065 I ActivityManager: Enqueued broadcast Intent { act=android.intent.action.MEDIA_SCANNER_SCAN_FILE dat=file:///... flg=0x400000 }: 0
07-29 17:39:09.250  2463  4205 I MiuiNetworkPolicy: updateUidState uid = 10271, uidState = 11
07-29 17:39:09.251 13242 13242 W MiuiGallery2_BaseMediaScannerReceiver: [main] - Broadcast received, action: [android.intent.action.MEDIA_SCANNER_SCAN_FILE], data uri: [file:///sdcard/screen_2025-07-29_173908.png], CTA not allowed
07-29 17:39:09.254  2463  4205 I MiuiNetworkPolicy: updateUidState uid = 10271, uidState = 19
07-29 17:39:09.255  7633  7633 I MediaProvider: receive action = android.intent.action.MEDIA_SCANNER_SCAN_FILE schemeSpecificPart = ///sdcard/screen_2025-07-29_173908.png
07-29 17:39:09.256  2463  5065 W JobInfo : Job 'com.android.providers.media.module/com.android.providers.media.MediaService#-300' has a deadline with no functional constraints. The deadline won't improve job execution latency. Consider removing the deadline.
07-29 17:39:09.260  1844  1844 I vendor.qti.hardware.servicetrackeraidl-service: bindService is called for service : com.android.providers.media.module/com.android.providers.media.MediaService and for client system
07-29 17:39:09.260  1844  1844 I vendor.qti.hardware.servicetrackeraidl-service: total connections for service : com.android.providers.media.module/com.android.providers.media.MediaServiceare :1
07-29 17:39:09.260  1844  1844 I vendor.qti.hardware.servicetrackeraidl-service: total connections for client : systemare :30
07-29 17:39:09.261  2463  4404 I whetstone.activity: processNotifyEvent1 resId = 256, bundle = Bundle[{startTime=7787581, sourcePkg=com.android.providers.media.module, sourceUid=10249, status=1, jobId=-300, batteryName=com.android.providers.media.module/com.android.providers.media.MediaService, elapsedRealtime=7787581}]
07-29 17:39:09.262  9339 12099 I EventMonitor: notifyEvent resId=256
07-29 17:39:09.269  2463  2506 I ActivityManager: Broadcast completed: result=0
07-29 17:39:09.269  7633  8793 I MediaProvider: Begin Intent { act=android.intent.action.MEDIA_SCANNER_SCAN_FILE dat=file:///... flg=0x1400010 cmp=com.android.providers.media.module/com.android.providers.media.MediaService }
07-29 17:39:09.280  2463  5540 I ClipboardServiceI: checkProviderWakePathForClipboard: com.google.android.documentsuiis not a activePermissionOwner
07-29 17:39:09.286  7633  8793 I MediaProvider: End Intent { act=android.intent.action.MEDIA_SCANNER_SCAN_FILE dat=file:///... flg=0x1400010 cmp=com.android.providers.media.module/com.android.providers.media.MediaService }
07-29 17:39:09.286  7633  7652 I FuseDaemon: This is sticky GC, maxfree is 16777216 minfree is 8388608
07-29 17:39:09.286  2463  4404 I whetstone.activity: processNotifyEvent1 resId = 256, bundle = Bundle[{startTime=7787606, sourcePkg=com.android.providers.media.module, sourceUid=10249, status=0, jobId=-300, batteryName=com.android.providers.media.module/com.android.providers.media.MediaService, elapsedRealtime=7787606}]
07-29 17:39:09.287  1844  1844 I vendor.qti.hardware.servicetrackeraidl-service: unbindService is called for service : com.android.providers.media.module/com.android.providers.media.MediaService and for client system
07-29 17:39:09.287  1844  1844 I vendor.qti.hardware.servicetrackeraidl-service: size of service connections for service: com.android.providers.media.module/com.android.providers.media.MediaServiceafter removal is 0
07-29 17:39:09.287  1844  1844 I vendor.qti.hardware.servicetrackeraidl-service: size of client connections for client: systemafter removal is 29
07-29 17:39:09.287  9339  2809 I EventMonitor: notifyEvent resId=256
07-29 17:39:09.287  1844  1844 I vendor.qti.hardware.servicetrackeraidl-service: destroyService is called for service : com.android.providers.media.module/com.android.providers.media.MediaService
07-29 17:39:09.458  3117  3117 I adbd    : in ShellService: rm /sdcard/screen_2025-07-29_173908.png
07-29 17:39:09.493  7633  7865 I MediaProvider: Deleted paths_hashcode::1389444597/:1389444597/1442736578908.png items on external_primary due to com.android.shell tid=10054
07-29 17:39:09.529  3002  4306 I libsensor-boledalgo: dbv:419,lux:227.8,cct:6029.5,hsv:-1.0,dc:0CWB R:3179.6,G:7767.6,B:4952.5Event C:15977.8,R:9170.7,G:5504.0,B:3405.7Cali C:211.6,R:77.8,G:75.0,B:35.3 
07-29 17:39:09.563  2463  2498 I system_server: This is sticky GC, maxfree is 16777216 minfree is 8388608
07-29 17:39:09.685  3117  3117 I adbd    : in ShellService: dumpsys display
07-29 17:39:09.871  3117  3117 I adbd    : in ShellService: ps
07-29 17:39:09.903  3117  3117 I adbd    : in ShellService: wm size
07-29 17:39:10.004  3117  3117 I adbd    : in ShellService: dumpsys input
07-29 17:39:10.086  3117  3117 I adbd    : in ShellService: getprop ro.sf.lcd_density
07-29 17:39:10.167  3117  3117 I adbd    : in ShellService: am start org.wikipedia.beta/org.wikipedia.main.MainActivity
07-29 17:39:10.219  2463 15445 W ActivityTaskManager: callingPackage for (uid=2000, pid=10101) has no WPC
07-29 17:39:10.221  2463 15445 W OptProp : Cannot read opt property android.window.PROPERTY_COMPAT_ALLOW_ORIENTATION_OVERRIDE
07-29 17:39:10.224  2463 15445 E ActivityTaskManager: Unable to get servicetracker HAL instance
07-29 17:39:10.224  2463 15445 E ActivityTaskManager: Unable to get servicetracker HAL instance
07-29 17:39:10.224  2463 15445 E WindowManager: setClientVisible ActivityRecord{c3ab533 u0 org.wikipedia.beta/org.wikipedia.main.MainActivity true
07-29 17:39:10.225  2463 15445 W OptProp : Cannot read opt property android.window.PROPERTY_COMPAT_ALLOW_RESIZEABLE_ACTIVITY_OVERRIDES
07-29 17:39:10.226  2463 15445 W OptProp : Cannot read opt property android.window.PROPERTY_COMPAT_ALLOW_MIN_ASPECT_RATIO_OVERRIDE
07-29 17:39:10.226  2463 15445 I AnimInterruptController: FIS notify Foresee interrupt start:132
07-29 17:39:10.226  2463 15445 I ActivityTaskManager: isKeyguardEditor: false, newTransition: TransitionRecord{9371669 id=135 type=OPEN flags=0x0}
07-29 17:39:10.229  2463 15445 I WindowManager: When perf version exceed 2.3, MiGTStub result: false, gameType: 1, packageName: org.wikipedia.beta
07-29 17:39:10.229  1839  1966 E ANDR-PERF-UTIL: ANDR-PERF-UTIL: save_node_val() 366: Failed to read /sys/class/mmc_host/mmc0/clk_scaling/enable
07-29 17:39:10.229  1839  1966 E ANDR-PERF-OPTSHANDLER: ANDR-PERF-OPTSHANDLER: modify_sysfsnode() 1266: Failed to read /sys/class/mmc_host/mmc0/clk_scaling/enable
07-29 17:39:10.229  1839  1966 E ANDR-PERF-RESOURCEQS: ANDR-PERF-RESOURCEQS: AddAndApply() 167: Failed to apply optimization [11, 4]
07-29 17:39:10.229  1839  7237 E ANDR-PERF-LM: MetaMeter: handleAsync() 166: AdaptLaunch Invalid Async
07-29 17:39:10.231  2105  2105 E DisplayModeController: setDesiredMode : Idle status skip setActiveMode, isDdicIdleMode: 1
07-29 17:39:10.231  1839  1966 E ANDR-PERF-UTIL: ANDR-PERF-UTIL: save_node_val() 366: Failed to read /sys/class/mmc_host/mmc0/clk_scaling/enable
07-29 17:39:10.231  1839  1966 E ANDR-PERF-OPTSHANDLER: ANDR-PERF-OPTSHANDLER: modify_sysfsnode() 1266: Failed to read /sys/class/mmc_host/mmc0/clk_scaling/enable
07-29 17:39:10.231  1839  1966 E ANDR-PERF-RESOURCEQS: ANDR-PERF-RESOURCEQS: AddAndApply() 167: Failed to apply optimization [11, 4]
07-29 17:39:10.232  1839  7237 E ANDR-PERF-LM: MetaMeter: handleAsync() 166: AdaptLaunch Invalid Async
07-29 17:39:10.233  4905  5122 I DynamicDDSService: handleMessage(ACTIVITY_INVOKE{appInfo=org.wikipedia.beta isFullScreen=}true)
07-29 17:39:10.233  1839  7237 E ANDR-PERF-LM: MetaMeter: handleAsync() 166: AdaptLaunch Invalid Async
07-29 17:39:10.236  1827  1827 I SDM     : HWCDisplay::SetActiveConfigWithConstraints: display:66-0, config: 3, WxH 1200x2670, fps 120
07-29 17:39:10.236  1827  1827 W SDM     : HWDeviceDRM::GetSupportedBitClkRate: Requested rate not supported: 1150000000
07-29 17:39:10.236  1827  1827 I SDM     : HWDeviceDRM::UpdateMixerAttributes: Mixer WxH 1200x2670-1 for Peripheral
07-29 17:39:10.237  1827  1827 I SDM     : HWCDisplay::SubmitDisplayConfig: Active configuration changed from config 1 to 3
07-29 17:39:10.237  1827  1827 I SDM     : HWCDisplay::SubmitDisplayConfig: Active WxH 1200x2670 ,ddic_mode:auto, timing_fps: 120, sf_fps: 120
07-29 17:39:10.237  1827  2752 I vendor.qti.hardware.display.composer-service: Sensor: notify citsensorservice to trigger cwb, misForced = 0
07-29 17:39:10.238  3002  4297 I libsensor-parseRGB: request dump start for mRequestDisplayId 0
07-29 17:39:10.241  2463 15445 I WindowManager: Try to add startingWindow type = STARTING_WINDOW_TYPE_SPLASH_SCREEN this = ActivityRecord{c3ab533 u0 org.wikipedia.beta/org.wikipedia.main.MainActivity t194} preAllowTaskSnapshot = true afterAllowTaskSnapshot = true newTask = true taskSwitch = true processRunning = false activityCreated = false activityAllDrawn = false isSnapshotCompatible = false resolvedTheme = 2131886111 theme = 2131886111
07-29 17:39:10.242  2463 15445 E ActivityTaskManager: Unable to get servicetracker HAL instance
07-29 17:39:10.243  4905  4980 W DynamicDDSService: appName is running in background.com.miui.home
07-29 17:39:10.243  2463 15445 I ActivityTaskManager: START u0 {act=android.intent.action.MAIN cat=[android.intent.category.LAUNCHER] flg=0x10000000 cmp=org.wikipedia.beta/org.wikipedia.main.MainActivity} with LAUNCH_MULTIPLE from uid 2000 from pid 10101 callingPackage com.android.shell (BAL_ALLOW_PERMISSION) result code=0
07-29 17:39:10.245  4979  5212 I SoScStageCoordinator: Transition requested:TransitionRequestInfo { type = OPEN, triggerTask = TaskInfo{userId=0 taskId=194 displayId=0 isRunning=true baseIntent=Intent { act=android.intent.action.MAIN cat=[android.intent.category.LAUNCHER] flg=0x10000000 cmp=org.wikipedia.beta/org.wikipedia.main.MainActivity } baseActivity=ComponentInfo{org.wikipedia.beta/org.wikipedia.main.MainActivity} topActivity=ComponentInfo{org.wikipedia.beta/org.wikipedia.main.MainActivity} origActivity=null realActivity=ComponentInfo{org.wikipedia.beta/org.wikipedia.main.MainActivity} numActivities=1 lastActiveTime=7788562 supportsSplitScreenMultiWindow=true supportsMultiWindow=true resizeMode=1 isResizeable=true minWidth=-1 minHeight=-1 defaultMinSize=200 token=WCT{android.window.IWindowContainerToken$Stub$Proxy@5f7376e} topActivityType=1 pictureInPictureParams=null shouldDockBigOverlays=false launchIntoPipHostTaskId=-1 lastParentTaskIdBeforePip=-1 displayCutoutSafeInsets=Rect(0, 116 - 0, 0) topActivityInfo=ActivityInfo{a3a4e0f org.wikipedia.main.MainActivity} launchCookies=[] positionInParent=Point(0, 0) parentTaskId=-1 isFocused=false isVisible=false isVisibleRequested=false isSleeping=false locusId=null displayAreaFeatureId=1 isTopActivityTransparent=false appCompatTaskInfo=AppCompatTaskInfo { topActivityInSizeCompat=false topActivityInMiuiSizeCompat=false topActivityEligibleForLetterboxEducation= falseisLetterboxEducationEnabled= false isLetterboxDoubleTapEnabled= false topActivityEligibleForUserAspectRatioButton= false topActivityBoundsLetterboxed= false isFromLetterboxDoubleTap= false topActivityLetterboxVerticalPosition= -1 topActivityLetterboxHorizontalPosition= -1 topActivityLetterboxWidth=1200 topActivityLetterboxHeight=2670 isUserFullscreenOverrideEnabled=false isSystemFullscreenOverrideEnabled=false cameraCompatTaskInfo=CameraCompatTaskInfo { cameraCompatControlState=hidden freeformCameraCompatMode=inactive}} isImmersive=false mTopActivityRequestOrientation=-2 mBehindAppLockPkg=null mOriginatingUid=0 isEmbedded=false shouldBeVisible=true isCreatedByOrganizer=false mIsCastMode=false mTopActivityMediaSize=null mTopActivityRecordName=ActivityRecord{c3ab533 u0 org.wikipedia.beta/org.wikipedia.main.MainActivity t194} mTopActivityOrientation=-2}, pipTask = null, remoteTransition = null, displayChange = null, flags = 0, debugId = 135 } isSoScActive:false triggerTask:TaskInfo{userId=0 taskId=194 displayId=0 isRunning=true baseIntent=Intent { act=android.intent.action.MAIN cat=[android.intent.category.LAUNCHER] flg=0x10000000 cmp=org.wikipedia.beta/org.wikipedia.main.MainActivity } baseActivity=ComponentInfo{org.wikipedia.beta/org.wikipedia.main.MainActivity} topActivity=ComponentInfo{org.wikipedia.beta/org.wikipedia.main.MainActivity} origActivity=null realActivity=ComponentInfo{org.wikipedia.beta/org.wikipedia.main.MainActivity} numActivities=1 lastActiveTime=7788562 supportsSplitScreenMultiWindow=true supportsMultiWindow=true resizeMode=1 isResizeable=true minWidth=-1 minHeight=-1 defaultMinSize=200 token=WCT{android.window.IWindowContainerToken$Stub$Proxy@5f7376e} topActivityType=1 pictureInPictureParams=null shouldDockBigOverlays=false launchIntoPipHostTaskId=-1 lastParentTaskIdBeforePip=-1 displayCutoutSafeInsets=Rect(0, 116 - 0, 0) topActivityInfo=ActivityInfo{a3a4e0f org.wikipedia.main.MainActivity} launchCookies=[] positionInParent=Point(0, 0) parentTaskId=-1 isFocused=false isVisible=false isVisibleRequested=false isSleeping=false locusId=null displayAreaFeatureId=1 isTopActivityTransparent=false appCompatTaskInfo=AppCompatTaskInfo { topActivityInSizeCompat=false topActivityInMiuiSizeCompat=false topActivityEligibleForLetterboxEducation= falseisLetterboxEducationEnabled= false isLetterboxDoubleTapEnabled= false topActivityEligibleForUserAspectRatioButton= false topActivityBoundsLetterboxed= false isFromLetterboxDoubleTap= false topActivityLetterboxVerticalPosition= -1 topActivityLetterboxHorizontalPosition= -1 topActivityLetterboxWidth=1200 topActivityLetterboxHeight=2670 isUserFullscreenOverrideEnabled=
07-29 17:39:10.246  2463  4414 I DisplayModeDirectorImpl: setSmartDisplayUpRefreshRatePolicy [0.0,120.0]
07-29 17:39:10.247  2105  2105 I RefreshRateSelector: Display 4630947082089526659 policy changed
07-29 17:39:10.247  2105  2105 I RefreshRateSelector: Previous: {defaultModeId=0, allowGroupSwitching=false, primaryRanges={physical=[0.00 Hz, 120.00 Hz], render=[0.00 Hz, 120.00 Hz]}, appRequestRanges={physical=[0.00 Hz, 120.00 Hz], render=[0.00 Hz, 120.00 Hz]} idleScreenConfig=nullptr}
07-29 17:39:10.247  2105  2105 I RefreshRateSelector: Current:  DisplayManagerPolicy{defaultModeId=0, allowGroupSwitching=false, primaryRanges={physical=[0.00 Hz, inf Hz], render=[0.00 Hz, 120.00 Hz]}, appRequestRanges={physical=[0.00 Hz, inf Hz], render=[0.00 Hz, 120.00 Hz]} idleScreenConfig=nullptr}
07-29 17:39:10.247  2105  2105 I RefreshRateSelector: 24 mode changes were performed under the previous policy
07-29 17:39:10.248  4497  4497 I Launcher.widget: onInvisible 
07-29 17:39:10.248  4497  4497 I Launcher.widget: onInvisible 
07-29 17:39:10.248  2463  4414 I DisplayModeDirectorImpl: onDesiredDisplayModeSpecsChanged:baseModeId=0 allowGroupSwitching=false primary=physical: (0.0 Infinity) render:  (0.0 120.0) appRequest=physical: (0.0 Infinity) render:  (0.0 120.0) idleScreenRefreshRateConfig=null noVotes=true
07-29 17:39:10.248  2463 14501 E ActivityTaskManager: Unable to get servicetracker HAL instance
07-29 17:39:10.249  2463  2775 I SettingsImpl: notify first launch
07-29 17:39:10.249  2463  2516 I SmartPower: org.wikipedia.beta/10348(0): -1->background(0ms) R(become background) adj=-10000.
07-29 17:39:10.250  2463 14501 I AppsFilter: interaction: PackageSetting{6fbc2d9 com.android.microdroid.empty_payload/10236} -> PackageSetting{fc351aa org.wikipedia.beta/10348} BLOCKED
07-29 17:39:10.250  4979  4979 I FocusedNotifPromptContr: onTopActivityMayChanged: isSupportPip false, isFocus false
07-29 17:39:10.250  2463 14501 I AppsFilter: interaction: PackageSetting{3a78b7f io.appium.uiautomator2.server.test/10280} -> PackageSetting{fc351aa org.wikipedia.beta/10348} BLOCKED
07-29 17:39:10.250  4979  4979 I FocusedNotifPromptContr: onTopActivityMayChanged: topActivity=org.wikipedia.beta
07-29 17:39:10.250  4979  4979 I PromptViewAnimState: topActivityMayChanged: topActivity=com.miui.home --> org.wikipedia.beta
07-29 17:39:10.250  2463 14501 I AppsFilter: interaction: PackageSetting{e11474c io.github.ylimit.droidbotapp/10347} -> PackageSetting{fc351aa org.wikipedia.beta/10348} BLOCKED
07-29 17:39:10.250  2463 14501 I AppsFilter: interaction: PackageSetting{1dcb395 com.rongcard.eid/10151} -> PackageSetting{fc351aa org.wikipedia.beta/10348} BLOCKED
07-29 17:39:10.250  2463 14501 I AppsFilter: interaction: PackageSetting{3ee0caa io.appium.settings/10274} -> PackageSetting{fc351aa org.wikipedia.beta/10348} BLOCKED
07-29 17:39:10.250  7989  7989 I LauncherOverlayCallback: handleMessage WHAT_ACTIVITY_STATE_CHANGED what1
07-29 17:39:10.250  7989  7989 I LauncherOverlayCallback: handleMessage WHAT_LAUNCHER_STATE what1
07-29 17:39:10.250  7989  7989 I AssistantOverlayWindow: lockToHideOverlay
07-29 17:39:10.251  2463 14501 E WindowManager: setClientVisible ActivityRecord{c3ab533 u0 org.wikipedia.beta/org.wikipedia.main.MainActivity t194} true
07-29 17:39:10.253  2105  2105 I BpBinder: onLastStrongRef automatically unlinking death recipients: 
07-29 17:39:10.258  1839  7237 E ANDR-PERF-LM: MetaMeter: handleAsync() 166: AdaptLaunch Invalid Async
07-29 17:39:10.259  4497  5505 W MiBridge: Permission not granted !!
07-29 17:39:10.260  4979  5351 I ViewRootImpl: Splash Screen org.wikipedia.beta use first frame acceleration
07-29 17:39:10.260  4497  5505 W RecentsModel: getRunningTask   taskInfo=TaskInfo{userId=0 taskId=194 displayId=0 isRunning=true baseIntent=Intent { act=android.intent.action.MAIN cat=[android.intent.category.LAUNCHER] flg=0x10000000 cmp=org.wikipedia.beta/org.wikipedia.main.MainActivity } baseActivity=ComponentInfo{org.wikipedia.beta/org.wikipedia.main.MainActivity} topActivity=ComponentInfo{org.wikipedia.beta/org.wikipedia.main.MainActivity} origActivity=null realActivity=ComponentInfo{org.wikipedia.beta/org.wikipedia.main.MainActivity} numActivities=1 lastActiveTime=7788582 supportsSplitScreenMultiWindow=true supportsMultiWindow=true resizeMode=1 isResizeable=true minWidth=-1 minHeight=-1 defaultMinSize=200 token=WCT{android.window.IWindowContainerToken$Stub$Proxy@d8bc889} topActivityType=1 pictureInPictureParams=null shouldDockBigOverlays=false launchIntoPipHostTaskId=-1 lastParentTaskIdBeforePip=-1 displayCutoutSafeInsets=Rect(0, 116 - 0, 0) topActivityInfo=ActivityInfo{e94508e org.wikipedia.main.MainActivity} launchCookies=[] positionInParent=Point(0, 0) parentTaskId=-1 isFocused=false isVisible=false isVisibleRequested=true isSleeping=false locusId=null displayAreaFeatureId=1 isTopActivityTransparent=false appCompatTaskInfo=AppCompatTaskInfo { topActivityInSizeCompat=false topActivityInMiuiSizeCompat=false topActivityEligibleForLetterboxEducation= falseisLetterboxEducationEnabled= false isLetterboxDoubleTapEnabled= false topActivityEligibleForUserAspectRatioButton= false topActivityBoundsLetterboxed= false isFromLetterboxDoubleTap= false topActivityLetterboxVerticalPosition= -1 topActivityLetterboxHorizontalPosition= -1 topActivityLetterboxWidth=1200 topActivityLetterboxHeight=2670 isUserFullscreenOverrideEnabled=false isSystemFullscreenOverrideEnabled=false cameraCompatTaskInfo=CameraCompatTaskInfo { cameraCompatControlState=hidden freeformCameraCompatMode=inactive}} isImmersive=false mTopActivityRequestOrientation=-1 mBehindAppLockPkg=null mOriginatingUid=0 isEmbedded=false shouldBeVisible=true isCreatedByOrganizer=false mIsCastMode=false mTopActivityMediaSize=null mTopActivityRecordName=ActivityRecord{c3ab533 u0 org.wikipedia.beta/org.wikipedia.main.MainActivity t194} mTopActivityOrientation=-1}
07-29 17:39:10.260  4497  5505 E ActivityManagerWrapper: get all recent tasks force including 194
07-29 17:39:10.261 27982 27982 E Zygote  : process_name_ptr:27982 org.wikipedia.beta
07-29 17:39:10.261 27982 27982 E Zygote  : SetMemoryProtected process_name_ptr:27982 org.wikipedia.beta
07-29 17:39:10.261  2463  4205 I MiuiNetworkPolicy: updateUidState uid = 10348, uidState = 19
07-29 17:39:10.261  2463  2531 I ActivityManager: Start proc 27982:org.wikipedia.beta/u0a348 for next-top-activity {org.wikipedia.beta/org.wikipedia.main.MainActivity} caller=com.android.shell
07-29 17:39:10.262  2463 14501 I WindowManager: Add startingWindow, surfaceControl = Surface(name=c17bd11 Splash Screen org.wikipedia.beta#1678)/@0x816dc77 layerId = 1678
07-29 17:39:10.262  2912  3062 I misight : OnEvent EventPrivacyCompliance event=907400027
07-29 17:39:10.263  2463  2517 I AnimInterruptController: FIS reset Foresee interrupt status
07-29 17:39:10.263  2463  2517 I SmartPower: org.wikipedia.beta/10348(0): background->visible(13ms) R(become visible) adj=-10000.
07-29 17:39:10.263  2463  2517 E WindowManager: setClientVisible ActivityRecord{c3ab533 u0 org.wikipedia.beta/org.wikipedia.main.MainActivity t194} true
07-29 17:39:10.264  2463  2517 I Transition: set flag to skip the keyguard Animation
07-29 17:39:10.265  2912  3062 I misight : OnEvent event 907400027 param compliance process failed
07-29 17:39:10.266 27982 27982 I .wikipedia.beta: Using CollectorTypeCC GC.
07-29 17:39:10.266  1870  1870 E qspmHal : setAppInfoH atPid = 27982, gpuFname:org.wikipedia.beta, gpuFver:504081
07-29 17:39:10.265  2463  4473 I BarFollowAnimation:  getHomeVersion  defaultLauncher = com.miui.home value = 1
07-29 17:39:10.267  2463  4473 I BarFollowAnimation: Execute startStatusBarAnimation for info = {id=135 t=OPEN f=0x4000000 trk=0 r=[0@Point(0, 0)] c=[{WCT{RemoteToken{23d464e Task{f61718f #194 type=standard A=10348:org.wikipedia.beta}}} m=OPEN f=NONE leash=Surface(name=Task=194#1676)/@0x37eb8ee sb=Rect(0, 0 - 1200, 2670) eb=Rect(0, 0 - 1200, 2670) d=0 taskParent=-1 v=true},{WCT{RemoteToken{124f463 Task{a0f1d04 #1 type=home}}} m=TO_BACK f=SHOW_WALLPAPER leash=Surface(name=Task=1#45)/@0x3f4c517 sb=Rect(0, 0 - 1200, 2670) eb=Rect(0, 0 - 1200, 2670) d=0 taskParent=-1 v=false}] mk=[false] noAni=[false] df=[false] oa=[false] sa=[false] ho=[false] iSync=[-1]} mStatusState = -1 mIsFromApp = false isRecent = false
07-29 17:39:10.267  4979  5212 I MultiTaskingTaskRepository: needSkip: is home task
07-29 17:39:10.267  4979  5212 W MultiTaskingTaskRepository: onToBackTransitionReady putOrUpdateTaskInfo skip
07-29 17:39:10.268  4979  5212 I ShellTransitions: Is abandon offsetY: false
07-29 17:39:10.268  4979  5212 I ShellTransitions: Is abandon offsetY: false
07-29 17:39:10.268  4979  5212 E KeyguardTransitionHandlerImpl: activityCount = 0
07-29 17:39:10.268  4979  5212 E KeyguardTransitionHandlerImpl: activityCount = 0
07-29 17:39:10.268  4497  5505 E ActivityManagerWrapper: getRecentTasksForceIncludingTaskIdIfValid: getRecentTasks: size=3
07-29 17:39:10.268  4497  5505 E ActivityManagerWrapper:  mainTaskId=194   userId=0   windowMode=1   baseIntent=Intent { act=android.intent.action.MAIN flag=268435456 cmp=ComponentInfo{org.wikipedia.beta/org.wikipedia.main.MainActivity} }
07-29 17:39:10.268  4497  5505 E ActivityManagerWrapper:  mainTaskId=188   userId=0   windowMode=1   baseIntent=Intent { act=android.intent.action.MAIN flag=270532608 cmp=ComponentInfo{com.android.settings/com.android.settings.MainSettings} }
07-29 17:39:10.268  4497  5505 E ActivityManagerWrapper:  mainTaskId=177   userId=0   windowMode=1   baseIntent=Intent { act=android.intent.action.MAIN flag=270532608 cmp=ComponentInfo{com.getsurfboard/com.getsurfboard.ui.activity.MainActivity} }
07-29 17:39:10.269  4497  5505 E ScreenElementRoot: load error, manifest root is null
07-29 17:39:10.270  2463  4473 E BarFollowAnimation: isHomeDark = 0 currentDark = 0 isFullGesture = true
07-29 17:39:10.270  2463  4473 E BarFollowAnimation: isHomeDark = 0 currentDark = 0 isFullGesture = true
07-29 17:39:10.271 27982 27982 E .wikipedia.beta: Not starting debugger since process cannot load the jdwp agent.
07-29 17:39:10.273  3002  3080 E libsensor-parseRGB: CWB NotifyCWBBufferDone  error 0
07-29 17:39:10.273  2463 15445 I MultiSenceManagerInternalStub: getInstance
07-29 17:39:10.274  2463  2775 W ActivityManagerServiceImpl: Sending non-protected broadcast miui.intent.action.PACKAGE_FIRST_LAUNCH from system uid 1000 pkg null. Callers=com.android.server.am.ActivityManagerService.checkBroadcastFromSystem:16255 com.android.server.am.ActivityManagerService.broadcastIntentLockedTraced:17126 com.android.server.am.ActivityManagerService.broadcastIntentLocked:16315 com.android.server.am.ActivityManagerService.broadcastIntentWithFeature:17337 com.android.server.pm.SettingsImpl.lambda$noftifyFirstLaunch$0:122 
07-29 17:39:10.275  4979  5351 W libc    : Access denied finding property "vendor.gpp.create_frc_extension"
07-29 17:39:10.275  2463  2530 I SmartPower: com.android.browser/10134(19009): idle->background(14427ms) R(broadcast start Intent { act=miui.intent.action.PACKAGE_FIRST_LAUNCH flg=0x1000010 (has extras) }) adj=915.
