07-29 17:39:11.610  1844  1844 I vendor.qti.hardware.servicetrackeraidl-service: destroyService is called for service : com.google.android.gms/.icing.service.IndexService
07-29 17:39:11.642  1827  2752 I vendor.qti.hardware.display.composer-service: Sensor: notify citsensorservice to trigger cwb, misForced = 1
07-29 17:39:11.642  3002  4297 I libsensor-parseRGB: request dump start for mRequestDisplayId 0
07-29 17:39:11.646 10418 10418 W BpBinder: Linking to death on android.gui.ISurfaceComposer but there are no threads (yet?) listening to incoming transactions. See ProcessState::startThreadPool and ProcessState::setThreadPoolMaxThreadCount. Generally you should setup the binder threadpool before other initialization steps.
07-29 17:39:11.646 10418 10418 W ProcessState: Extra binder thread started, but 0 threads requested. Do not use *startThreadPool when zero threads are requested.
07-29 17:39:11.659 10418 10422 I AdrenoUtils: <ReadGpuID:357>: Reading chip ID through GSL
07-29 17:39:11.659 10418 10418 W qdgralloc: Failed to load libubwcp.so
07-29 17:39:11.653 10418 10418 W screencap: type=1400 audit(0.0:8850): avc:  denied  { read } for  name="libubwcp.so" dev="dm-14" ino=19816057 scontext=u:r:shell:s0 tcontext=u:object_r:vendor_file:s0 tclass=file permissive=0
07-29 17:39:11.661  7633 30847 W MediaProvider: isAppCloneUserPair for user 0: false
07-29 17:39:11.665  3002  3080 E libsensor-parseRGB: CWB NotifyCWBBufferDone  error 0
07-29 17:39:11.720  1827  2108 I SDM     : DisplayBase::CommitThread: Received idle timeout, panel: cmd, timeout: 69999 us
07-29 17:39:11.787  2463 14501 I ActivityManager: Broadcasting: Intent { act=android.intent.action.MEDIA_SCANNER_SCAN_FILE dat=file:///... flg=0x400000 }
07-29 17:39:11.787  2463 14501 I ActivityManager: Enqueued broadcast Intent { act=android.intent.action.MEDIA_SCANNER_SCAN_FILE dat=file:///... flg=0x400000 }: 0
07-29 17:39:11.789  2463  2530 I SmartPower: com.miui.gallery/10271(13242): idle->background(2630ms) R(broadcast start Intent { act=android.intent.action.MEDIA_SCANNER_SCAN_FILE dat=file:///... flg=0x1400010 }) adj=905.
07-29 17:39:11.789 13242 13242 W MiuiGallery2_BaseMediaScannerReceiver: [main] - Broadcast received, action: [android.intent.action.MEDIA_SCANNER_SCAN_FILE], data uri: [file:///sdcard/screen_2025-07-29_173912.png], CTA not allowed
07-29 17:39:11.790  2463  4205 I MiuiNetworkPolicy: updateUidState uid = 10271, uidState = 11
07-29 17:39:11.791  2463  4205 I MiuiNetworkPolicy: updateUidState uid = 10271, uidState = 19
07-29 17:39:11.791  7633  7633 I MediaProvider: receive action = android.intent.action.MEDIA_SCANNER_SCAN_FILE schemeSpecificPart = ///sdcard/screen_2025-07-29_173912.png
07-29 17:39:11.792  2463 14501 W JobInfo : Job 'com.android.providers.media.module/com.android.providers.media.MediaService#-300' has a deadline with no functional constraints. The deadline won't improve job execution latency. Consider removing the deadline.
07-29 17:39:11.793  1844  1844 I vendor.qti.hardware.servicetrackeraidl-service: bindService is called for service : com.android.providers.media.module/com.android.providers.media.MediaService and for client system
07-29 17:39:11.793  1844  1844 I vendor.qti.hardware.servicetrackeraidl-service: total connections for service : com.android.providers.media.module/com.android.providers.media.MediaServiceare :1
07-29 17:39:11.793  1844  1844 I vendor.qti.hardware.servicetrackeraidl-service: total connections for client : systemare :31
07-29 17:39:11.794  2463  4404 I whetstone.activity: processNotifyEvent1 resId = 256, bundle = Bundle[{startTime=7790113, sourcePkg=com.android.providers.media.module, sourceUid=10249, status=1, jobId=-300, batteryName=com.android.providers.media.module/com.android.providers.media.MediaService, elapsedRealtime=7790113}]
07-29 17:39:11.794  9339 12101 I EventMonitor: notifyEvent resId=256
07-29 17:39:11.797  7633  8793 I MediaProvider: Begin Intent { act=android.intent.action.MEDIA_SCANNER_SCAN_FILE dat=file:///... flg=0x1400010 cmp=com.android.providers.media.module/com.android.providers.media.MediaService }
07-29 17:39:11.797  2463  2506 I ActivityManager: Broadcast completed: result=0
07-29 17:39:11.800  7633  8793 I MediaProvider: End Intent { act=android.intent.action.MEDIA_SCANNER_SCAN_FILE dat=file:///... flg=0x1400010 cmp=com.android.providers.media.module/com.android.providers.media.MediaService }
07-29 17:39:11.801  2463  4404 I whetstone.activity: processNotifyEvent1 resId = 256, bundle = Bundle[{startTime=7790120, sourcePkg=com.android.providers.media.module, sourceUid=10249, status=0, jobId=-300, batteryName=com.android.providers.media.module/com.android.providers.media.MediaService, elapsedRealtime=7790120}]
07-29 17:39:11.801  9339 12101 I EventMonitor: notifyEvent resId=256
07-29 17:39:11.801  1844  1844 I vendor.qti.hardware.servicetrackeraidl-service: unbindService is called for service : com.android.providers.media.module/com.android.providers.media.MediaService and for client system
07-29 17:39:11.801  1844  1844 I vendor.qti.hardware.servicetrackeraidl-service: size of service connections for service: com.android.providers.media.module/com.android.providers.media.MediaServiceafter removal is 0
07-29 17:39:11.801  1844  1844 I vendor.qti.hardware.servicetrackeraidl-service: size of client connections for client: systemafter removal is 30
07-29 17:39:11.801  1844  1844 I vendor.qti.hardware.servicetrackeraidl-service: destroyService is called for service : com.android.providers.media.module/com.android.providers.media.MediaService
07-29 17:39:11.834  2463  2530 I SmartPower: android.process.acore/10083(6721): idle->background(15651ms) R(broadcast start Intent { act=android.intent.action.PACKAGE_CHANGED dat=package: flg=0x45000010 (has extras) }) adj=905.
07-29 17:39:11.835  2463  2530 W BroadcastQueue: Greezer Denial: sending Intent { act=android.intent.action.PACKAGE_CHANGED dat=package: flg=0x45000010 (has extras) }, action: android.intent.action.PACKAGE_CHANGED from null (uid=1000) due to receiver ProcessRecord{500eece 8261:com.mfashiongallery.emag/u0a262} (uid 10262) need cached broadcast
07-29 17:39:11.835  2463  2530 I SmartPower: com.google.android.documentsui/10100(21132): idle->background(15646ms) R(broadcast start Intent { act=android.intent.action.PACKAGE_CHANGED dat=package: flg=0x45000010 (has extras) }) adj=905.
07-29 17:39:11.835  2463  2530 I SmartPower: com.milink.service:audio/10178(19382): idle->background(8457ms) R(broadcast start Intent { act=android.intent.action.PACKAGE_CHANGED dat=package: flg=0x45000010 (has extras) }) adj=200.
07-29 17:39:11.836  7989  7989 I PackageInstallReceiver: action = android.intent.action.PACKAGE_CHANGED packageName = org.wikipedia.beta
07-29 17:39:11.836  7989  7989 W InstalledPackagesMemoryCache: Unknown action: android.intent.action.PACKAGE_CHANGED
07-29 17:39:11.836  7989  7989 I ServiceDeliveryCapability: onAppChanged:org.wikipedia.beta action:android.intent.action.PACKAGE_CHANGED
07-29 17:39:11.836  7989  7989 I AppWidgetDelegate: updateAppWidgets for org.wikipedia.beta
07-29 17:39:11.836  7989  7989 I WidgetController: WidgetController.updateOrRemoveStackWhenPackageChanged: packageName org.wikipedia.beta
07-29 17:39:11.836  7989  7989 I WidgetBackgroundBlurManager: onAppChanged appPackageName : org.wikipedia.beta
07-29 17:39:11.838  7989  8773 I AppWidgetDelegate: removeAllWidgets com.xiaomi.misettings.usagestats.widget.desktop.widget.SimpleUsageStatsWidget
07-29 17:39:11.838  7989  8773 I AppWidgetDelegate: removeAllWidgets com.android.calendar.widget.NearEventAppWidget
07-29 17:39:11.839  2463  5121 I ClipboardServiceI: checkProviderWakePathForClipboard: com.google.android.documentsuiis not a activePermissionOwner
07-29 17:39:11.895  3117  3117 I adbd    : in ShellService: rm /sdcard/screen_2025-07-29_173912.png
07-29 17:39:11.904  7633  7865 I MediaProvider: Deleted paths_hashcode::1389444597/:1389444597/1442736578912.png items on external_primary due to com.android.shell tid=10440
07-29 17:39:11.929  3002  4306 I libsensor-boledalgo: dbv:419,lux:227.8,cct:6075.8,hsv:-1.0,dc:0CWB R:17333.2,G:17359.7,B:15740.2Event C:16351.4,R:9394.3,G:5594.8,B:3460.7Cali C:635.2,R:394.5,G:189.0,B:105.1 
07-29 17:39:11.997  3117  3117 I adbd    : in ShellService: dumpsys display
07-29 17:39:12.150  3117  3117 I adbd    : in ShellService: wm size
07-29 17:39:12.152  3117  3117 I adbd    : in ShellService: ps
07-29 17:39:12.187  3117  3117 I adbd    : in ShellService: dumpsys input
07-29 17:39:12.228  3117  3117 I adbd    : in ShellService: getprop ro.sf.lcd_density
07-29 17:39:12.276  3117  3117 I adbd    : in ShellService: dumpsys activity activities
07-29 17:39:12.363  3117  3117 I adbd    : in ShellService: dumpsys activity activities
07-29 17:39:12.453  3117  3117 I adbd    : in ShellService: dumpsys activity activities
07-29 17:39:12.521  3117  3117 I adbd    : in ShellService: dumpsys activity services
07-29 17:39:12.531  3002  4306 I libsensor-boledalgo: dbv:419,lux:214.7,cct:6093.2,hsv:-1.0,dc:0CWB R:17333.2,G:17359.7,B:15740.2Event C:15528.6,R:8951.4,G:5304.6,B:3295.7Cali C:635.2,R:394.5,G:189.0,B:105.1 
07-29 17:39:12.658  3117  3117 I adbd    : in ShellService: screencap -p /sdcard/screen_2025-07-29_173913.png
07-29 17:39:12.678 27982 27982 W JobInfo : Job 'org.wikipedia.beta/org.wikipedia.savedpages.SavedPageSyncService#1000' has a deadline with no functional constraints. The deadline won't improve job execution latency. Consider removing the deadline.
07-29 17:39:12.680  2463  5129 W JobInfo : Job 'org.wikipedia.beta/org.wikipedia.savedpages.SavedPageSyncService#1000' has a deadline with no functional constraints. The deadline won't improve job execution latency. Consider removing the deadline.
07-29 17:39:12.686  1844  1844 I vendor.qti.hardware.servicetrackeraidl-service: bindService is called for service : org.wikipedia.beta/org.wikipedia.savedpages.SavedPageSyncService and for client system
07-29 17:39:12.686  1844  1844 I vendor.qti.hardware.servicetrackeraidl-service: total connections for service : org.wikipedia.beta/org.wikipedia.savedpages.SavedPageSyncServiceare :1
07-29 17:39:12.686  1844  1844 I vendor.qti.hardware.servicetrackeraidl-service: total connections for client : systemare :31
07-29 17:39:12.690  2463  4404 I whetstone.activity: processNotifyEvent1 resId = 256, bundle = Bundle[{startTime=7791009, sourcePkg=org.wikipedia.beta, sourceUid=10348, status=1, jobId=1000, batteryName=org.wikipedia.beta/org.wikipedia.savedpages.SavedPageSyncService, elapsedRealtime=7791009}]
07-29 17:39:12.690  9339 12101 I EventMonitor: notifyEvent resId=256
07-29 17:39:12.696  2463  4404 I whetstone.activity: processNotifyEvent1 resId = 256, bundle = Bundle[{startTime=7791015, sourcePkg=org.wikipedia.beta, sourceUid=10348, status=0, jobId=1000, batteryName=org.wikipedia.beta/org.wikipedia.savedpages.SavedPageSyncService, elapsedRealtime=7791015}]
07-29 17:39:12.696  9339 12101 I EventMonitor: notifyEvent resId=256
07-29 17:39:12.697  1844  1844 I vendor.qti.hardware.servicetrackeraidl-service: unbindService is called for service : org.wikipedia.beta/org.wikipedia.savedpages.SavedPageSyncService and for client system
07-29 17:39:12.697  1844  1844 I vendor.qti.hardware.servicetrackeraidl-service: size of service connections for service: org.wikipedia.beta/org.wikipedia.savedpages.SavedPageSyncServiceafter removal is 0
07-29 17:39:12.697  1844  1844 I vendor.qti.hardware.servicetrackeraidl-service: size of client connections for client: systemafter removal is 30
07-29 17:39:12.697  1844  1844 I vendor.qti.hardware.servicetrackeraidl-service: destroyService is called for service : org.wikipedia.beta/org.wikipedia.savedpages.SavedPageSyncService
07-29 17:39:12.730  3002  4306 I libsensor-boledalgo: ##### the value of lux: 212.033554, cct: 6096.000000
07-29 17:39:12.731  3002  4306 I libsensor-qshcalapi: value of set_lux: 212.033554, set r: 6096.000000
07-29 17:39:12.733  3002  4306 I libsensor-boledalgo: dbv:419,lux:207.6,cct:6149.2,hsv:-1.0,dc:0CWB R:17333.2,G:17359.7,B:15740.2Event C:15054.7,R:8652.9,G:5140.9,B:3204.3Cali C:635.2,R:394.5,G:189.0,B:105.1 
07-29 17:39:12.733  3002  4306 I libsensor-boledalgo: dbv:419,lux:207.4,cct:6096.9,hsv:-1.0,dc:0CWB R:17333.2,G:17359.7,B:15740.2Event C:15008.0,R:8653.2,G:5138.7,B:3190.8Cali C:635.2,R:394.5,G:189.0,B:105.1 
07-29 17:39:12.787 10487 10487 W BpBinder: Linking to death on android.gui.ISurfaceComposer but there are no threads (yet?) listening to incoming transactions. See ProcessState::startThreadPool and ProcessState::setThreadPoolMaxThreadCount. Generally you should setup the binder threadpool before other initialization steps.
07-29 17:39:12.787 10487 10487 W ProcessState: Extra binder thread started, but 0 threads requested. Do not use *startThreadPool when zero threads are requested.
07-29 17:39:12.828 10487 10490 I AdrenoUtils: <ReadGpuID:357>: Reading chip ID through GSL
07-29 17:39:12.829 10487 10487 W qdgralloc: Failed to load libubwcp.so
07-29 17:39:12.825 10487 10487 W screencap: type=1400 audit(0.0:8851): avc:  denied  { read } for  name="libubwcp.so" dev="dm-14" ino=19816057 scontext=u:r:shell:s0 tcontext=u:object_r:vendor_file:s0 tclass=file permissive=0
07-29 17:39:12.833  7633 13399 W MediaProvider: isAppCloneUserPair for user 0: false
07-29 17:39:12.848  2463  5121 W ContentProviderHelper: No provider info for content provider  when providerRunning is false, caller is ProcessRecord{15056c5 18854:com.android.quicksearchbox:ApplicationsProvider/u0a136}
07-29 17:39:12.848 18854 18878 E ActivityThread: Failed to find provider info for 
07-29 17:39:12.850  2463  5129 W ContentProviderHelper: No provider info for content provider  when providerRunning is false, caller is null
07-29 17:39:12.855  2463  5531 I ClipboardServiceI: checkProviderWakePathForClipboard: com.android.quicksearchboxis not a activePermissionOwner
07-29 17:39:12.855  2463  5531 I SmartPower: com.miui.notes/10275(13074): idle->background(15640ms) R(content provider start ContentProviderRecord{c0729a2 u0 com.miui.notes/.provider.NotesProvider}) adj=905.
07-29 17:39:12.861  2463  5129 W ContentProviderHelper: Permission Denial: opening provider com.alibaba.aliexpress.android.search.nav.SearchSuggestionProvider from ProcessRecord{15056c5 18854:com.android.quicksearchbox:ApplicationsProvider/u0a136} (pid=18854, uid=10136) that is not exported from UID 10303
07-29 17:39:12.864  2463  5129 I ClipboardServiceI: checkProviderWakePathForClipboard: com.android.quicksearchboxis not a activePermissionOwner
07-29 17:39:12.864  2463  5129 I SmartPower: com.alibaba.aliexpresshd/10303(1614): idle->background(15639ms) R(content provider start ContentProviderRecord{bff7854 u0 com.alibaba.aliexpresshd/com.alibaba.aliexpress.android.search.nav.SearchSuggestionProvider}) adj=0.
07-29 17:39:12.866  2463  4205 I MiuiNetworkPolicy: updateUidState uid = 10303, uidState = 6
07-29 17:39:12.866  2463  4205 I MiuiNetworkPolicy: updateUidState uid = 10169, uidState = 6
07-29 17:39:12.871  2463  5129 W Bundle  : Failed to parse item error, returning null.
07-29 17:39:12.871  2463  5129 W Bundle  : android.os.BadTypeParcelableException: Parcelable creator android.os.ParcelableException is not a subclass of required class java.lang.String provided in the parameter
07-29 17:39:12.871  2463  5129 W Bundle  : 	at android.os.Parcel.readParcelableCreatorInternal(Parcel.java:5206)
07-29 17:39:12.871  2463  5129 W Bundle  : 	at android.os.Parcel.readParcelableInternal(Parcel.java:5080)
07-29 17:39:12.871  2463  5129 W Bundle  : 	at android.os.Parcel.readValue(Parcel.java:4840)
07-29 17:39:12.871  2463  5129 W Bundle  : 	at android.os.Parcel.readValue(Parcel.java:4609)
07-29 17:39:12.871  2463  5129 W Bundle  : 	at android.os.Parcel.-$$Nest$mreadValue(Unknown Source:0)
07-29 17:39:12.871  2463  5129 W Bundle  : 	at android.os.Parcel$LazyValue.apply(Parcel.java:4707)
07-29 17:39:12.871  2463  5129 W Bundle  : 	at android.os.Parcel$LazyValue.apply(Parcel.java:4666)
07-29 17:39:12.871  2463  5129 W Bundle  : 	at android.os.BaseBundle.unwrapLazyValueFromMapLocked(BaseBundle.java:416)
07-29 17:39:12.871  2463  5129 W Bundle  : 	at android.os.BaseBundle.getValueAt(BaseBundle.java:402)
07-29 17:39:12.871  2463  5129 W Bundle  : 	at android.os.BaseBundle.getPairValue(BaseBundle.java:282)
07-29 17:39:12.871  2463  5129 W Bundle  : 	at com.android.server.am.ContentProviderHelper.lambda$getMimeTypeFilterAsync$1(ContentProviderHelper.java:1212)
07-29 17:39:12.871  2463  5129 W Bundle  : 	at com.android.server.am.ContentProviderHelper.$r8$lambda$JV9jTPlBHAPZLxkKAqq24ds-FLE(Unknown Source:0)
07-29 17:39:12.871  2463  5129 W Bundle  : 	at com.android.server.am.ContentProviderHelper$$ExternalSyntheticLambda1.onResult(D8$$SyntheticClass:0)
07-29 17:39:12.871  2463  5129 W Bundle  : 	at android.os.RemoteCallback.sendResult(RemoteCallback.java:76)
07-29 17:39:12.871  2463  5129 W Bundle  : 	at android.os.RemoteCallback$1.sendResult(RemoteCallback.java:53)
07-29 17:39:12.871  2463  5129 W Bundle  : 	at android.os.IRemoteCallback$Stub.onTransact(IRemoteCallback.java:85)
07-29 17:39:12.871  2463  5129 W Bundle  : 	at android.os.Binder.execTransactInternal(Binder.java:1512)
07-29 17:39:12.871  2463  5129 W Bundle  : 	at android.os.Binder.execTransact(Binder.java:1451)
07-29 17:39:12.871  2463  4205 I MiuiNetworkPolicy: updateUidState uid = 10303, uidState = 19
07-29 17:39:12.872  2463  4205 I MiuiNetworkPolicy: updateUidState uid = 10169, uidState = 19
07-29 17:39:12.874 18854 18878 W ContentResolver: Failed to get type for: content://com.alibaba.aliexpress.android.search.nav.SearchSuggestionProvider/products (Unknown URL content://com.alibaba.aliexpress.android.search.nav.SearchSuggestionProvider/products)
07-29 17:39:12.911  2046  2081 I [THP-ALG]: alg_input_report:Touch Down: id: 0, raw flatness 615, base flatness 439
07-29 17:39:12.912  2463  4069 I MIUIInput: [MotionEvent] notifyMotion - eventTime=7791231577000, deviceId=7, source=0x1002, policyFlags=0x0, action=0x0, flags=0x0, downTime=7791231577000
07-29 17:39:12.913  2463  4068 I MIUIInput: [MotionEvent] publisher action=0x0, deviceId=7, 7791231, channel 'dce7d50 com.android.permissioncontroller/com.android.permissioncontroller.permission.ui.GrantPermissionsActivity (server)'
07-29 17:39:12.913  2463  4068 I MIUIInput: [MotionEvent] publisher action=0x0, deviceId=7, 7791231, channel '[Gesture Monitor] miui-gesture (server)'
07-29 17:39:12.915  2105  2105 E DisplayModeController: setDesiredMode : Idle status skip setActiveMode, isDdicIdleMode: 1
07-29 17:39:12.917  1827  1827 I SDM     : HWCDisplay::SetActiveConfigWithConstraints: display:66-0, config: 3, WxH 1200x2670, fps 120
07-29 17:39:12.918  1827  1827 W SDM     : HWDeviceDRM::GetSupportedBitClkRate: Requested rate not supported: 1150000000
07-29 17:39:12.918  1827  1827 I SDM     : HWDeviceDRM::UpdateMixerAttributes: Mixer WxH 1200x2670-1 for Peripheral
07-29 17:39:12.918  1827  1827 I SDM     : HWCDisplay::SubmitDisplayConfig: Active configuration changed from config 1 to 3
07-29 17:39:12.918  1827  1827 I SDM     : HWCDisplay::SubmitDisplayConfig: Active WxH 1200x2670 ,ddic_mode:auto, timing_fps: 120, sf_fps: 120
07-29 17:39:12.921  1827  2752 I vendor.qti.hardware.display.composer-service: Sensor: notify citsensorservice to trigger cwb, misForced = 0
07-29 17:39:12.922  3002  4297 I libsensor-parseRGB: request dump start for mRequestDisplayId 0
07-29 17:39:12.930  7368  7368 I MIUIInput: [MotionEvent] ViewRootImpl windowName 'com.android.permissioncontroller/com.android.permissioncontroller.permission.ui.GrantPermissionsActivity', { action=ACTION_DOWN, id[0]=0, pointerCount=1, eventTime=7791231, downTime=7791231, phoneEventTime=17:39:12.912 } moveCount:0
07-29 17:39:12.949  3002  3080 E libsensor-parseRGB: CWB NotifyCWBBufferDone  error 0
07-29 17:39:12.996  2463  4069 I MIUIInput: [MotionEvent] notifyMotion - eventTime=7791315464000, deviceId=7, source=0x1002, policyFlags=0x0, action=0x1, flags=0x0, downTime=7791231577000
07-29 17:39:12.997  2463  4068 I MIUIInput: [MotionEvent] publisher action=0x1, deviceId=7, 7791315, channel 'dce7d50 com.android.permissioncontroller/com.android.permissioncontroller.permission.ui.GrantPermissionsActivity (server)'
07-29 17:39:12.997  2463  4068 I MIUIInput: [MotionEvent] publisher action=0x1, deviceId=7, 7791315, channel '[Gesture Monitor] miui-gesture (server)'
07-29 17:39:12.998  7368  7368 I MIUIInput: [MotionEvent] ViewRootImpl windowName 'com.android.permissioncontroller/com.android.permissioncontroller.permission.ui.GrantPermissionsActivity', { action=ACTION_UP, id[0]=0, pointerCount=1, eventTime=7791315, downTime=7791231, phoneEventTime=17:39:12.996 } moveCount:0
07-29 17:39:13.003  7368  7368 I GrantPermissionsViewModel: Logged buttons presented and clicked permissionGroupName=android.permission-group.NOTIFICATIONS uid=10348 selectedPrecision=0 package=org.wikipedia.beta presentedButtons=9 clickedButton=8 isPermissionRationaleShown=false sessionId=6698325366521633554 targetSdk=31
07-29 17:39:13.003  2046  2081 I [THP-HAL]: release_all:force:0
07-29 17:39:13.005  1827  2108 I SDM     : DisplayBase::CommitThread: Received idle timeout, panel: cmd, timeout: 70000 us
07-29 17:39:13.007  7958  7958 I UserConsentManager: onPermissionsChanged: 10348
07-29 17:39:13.009  2463  5528 W EnhancedConfirmationService: The packageName should not be null.
07-29 17:39:13.009  7368  7368 I GrantPermissionsViewModel: Permission grant result requestId=6698325366521633554 callingUid=10348 callingPackage=org.wikipedia.beta permission=android.permission.POST_NOTIFICATIONS isImplicit=false result=6 isPermissionRationaleShown=falseisPackageRestrictedByEnhancedConfirmation=false
07-29 17:39:13.013  2463  5531 E ActivityTaskManager: Unable to get servicetracker HAL instance
07-29 17:39:13.016  7368 10320 I ContentCatcher: SettingTrigger : unregister status observer com.android.permissioncontroller.permission.ui.GrantPermissionsActivity
07-29 17:39:13.017  4979  5212 I SoScStageCoordinator: Transition requested:TransitionRequestInfo { type = CLOSE, triggerTask = null, pipTask = null, remoteTransition = null, displayChange = null, flags = 0, debugId = 137 } isSoScActive:false triggerTask:null
07-29 17:39:13.017  2463 14501 E ActivityTaskManager: Unable to get servicetracker HAL instance
07-29 17:39:13.018  2463 14501 E ActivityTaskManager: Unable to get servicetracker HAL instance
07-29 17:39:13.018  2463 14501 E ActivityTaskManager: Unable to get servicetracker HAL instance
07-29 17:39:13.019  2463 14501 E ActivityTaskManager: Unable to get servicetracker HAL instance
07-29 17:39:13.019  1839  1966 E ANDR-PERF-UTIL: ANDR-PERF-UTIL: save_node_val() 366: Failed to read /sys/class/mmc_host/mmc0/clk_scaling/enable
07-29 17:39:13.020  1839  1966 E ANDR-PERF-OPTSHANDLER: ANDR-PERF-OPTSHANDLER: modify_sysfsnode() 1266: Failed to read /sys/class/mmc_host/mmc0/clk_scaling/enable
07-29 17:39:13.020  1839  1966 E ANDR-PERF-RESOURCEQS: ANDR-PERF-RESOURCEQS: AddAndApply() 167: Failed to apply optimization [11, 4]
07-29 17:39:13.020  2463 14501 I MultiSenceManagerInternalStub: getInstance
07-29 17:39:13.022  4905  5122 I DynamicDDSService: handleMessage(ACTIVITY_INVOKE{appInfo=org.wikipedia.beta isFullScreen=}true)
07-29 17:39:13.023  2463  4414 I DisplayModeDirectorImpl: setSmartDisplayUpRefreshRatePolicy [0.0,120.0]
07-29 17:39:13.023  4979  5212 I MiuiBubbleController: removeBubble: 194 reason=2
07-29 17:39:13.023  4979  5212 I MultiTaskingTaskRepository: onTaskInfoChanged multi list = [], full = [194, 188, 177]
07-29 17:39:13.023  2105  2105 I RefreshRateSelector: Display 4630947082089526659 policy changed
07-29 17:39:13.023  2105  2105 I RefreshRateSelector: Previous: {defaultModeId=0, allowGroupSwitching=false, primaryRanges={physical=[0.00 Hz, 120.00 Hz], render=[0.00 Hz, 120.00 Hz]}, appRequestRanges={physical=[0.00 Hz, 120.00 Hz], render=[0.00 Hz, 120.00 Hz]} idleScreenConfig=nullptr}
07-29 17:39:13.023  2105  2105 I RefreshRateSelector: Current:  DisplayManagerPolicy{defaultModeId=0, allowGroupSwitching=false, primaryRanges={physical=[0.00 Hz, inf Hz], render=[0.00 Hz, 120.00 Hz]}, appRequestRanges={physical=[0.00 Hz, inf Hz], render=[0.00 Hz, 120.00 Hz]} idleScreenConfig=nullptr}
07-29 17:39:13.023  2105  2105 I RefreshRateSelector: 2 mode changes were performed under the previous policy
07-29 17:39:13.023  2463  2517 I AnimInterruptController: FIS reset Foresee interrupt status
07-29 17:39:13.024  2463  4414 I DisplayModeDirectorImpl: onDesiredDisplayModeSpecsChanged:baseModeId=0 allowGroupSwitching=false primary=physical: (0.0 Infinity) render:  (0.0 120.0) appRequest=physical: (0.0 Infinity) render:  (0.0 120.0) idleScreenRefreshRateConfig=null noVotes=true
07-29 17:39:13.025  2105  2105 I BpBinder: onLastStrongRef automatically unlinking death recipients: 
07-29 17:39:13.025 27982 10223 I ContentCatcher: SettingTrigger : register screen QA status observer org.wikipedia.onboarding.InitialOnboardingActivity
07-29 17:39:13.026  4979  5212 I ShellTransitions: Is abandon offsetY: false
07-29 17:39:13.026  4979  5212 E KeyguardTransitionHandlerImpl: activityCount = 1
07-29 17:39:13.026  4979  5212 E KeyguardTransitionHandlerImpl: activityCount = 1
07-29 17:39:13.027 27982 10223 I ContentCatcher: SettingTrigger : register global collect status observer org.wikipedia.onboarding.InitialOnboardingActivity
07-29 17:39:13.029  3118  9312 I VA_ActivityStateHelper: activityResumed componentName ComponentInfo{org.wikipedia.beta/org.wikipedia.onboarding.InitialOnboardingActivity}
07-29 17:39:13.029  3118  9312 I VA_ActivityStateHelper: activityResumed mAiSkillPush is false
07-29 17:39:13.029  2463  5528 E WindowManager: setClientVisible ActivityRecord{fb1c9fe u0 com.android.permissioncontroller/.permission.ui.GrantPermissionsActivity t194 f}} false
07-29 17:39:13.030  2105  2755 W VsyncModulator: setTransactionSchedule: Unexpected EarlyEnd
07-29 17:39:13.030  4979  5212 I RemoteTransitionHandlerStubImpl: invokeAndRemoveWctCB transition is null, curWctCB: null
07-29 17:39:13.030  2463  5121 W UserManagerService: Requested status bar icon for non-badged user 0
07-29 17:39:13.031  8510 17199 I AICall_MemoryTrim: binder:8510_4 onAppBackground()
07-29 17:39:13.031  9744  9807 I GST     : forePkg: org.wikipedia.beta, preForePkg: com.android.permissioncontroller
07-29 17:39:13.031  2463  4369 I NetworkBoostStatusManager: onForegroundInfoChanged uid:10348, isColdStart:false
07-29 17:39:13.031  2463  4369 I SLM-SRV-SLAToast: foreground uid:10348, isColdStart:false, isLinkTurboEnable:false
07-29 17:39:13.031  2463  4369 I AudioGameEffect: foreground change to org.wikipedia.beta, last foreground is com.android.permissioncontroller
07-29 17:39:13.031  8013 30695 I ProcessMonitor: onForegroundInfoChanged: ForegroundInfo{mForegroundPackageName='org.wikipedia.beta', mForegroundUid=10348, mForegroundPid=27982, mLastForegroundPackageName='com.android.permissioncontroller', mLastForegroundUid=10241, mLastForegroundPid=7368, mMultiWindowForegroundPackageName='org.wikipedia.beta', mMultiWindowForegroundUid=10348, mFlags=0}
07-29 17:39:13.032  2463  2516 E ActivityTaskManager: Unable to get servicetracker HAL instance
07-29 17:39:13.032  2463  2516 E ActivityTaskManager: Unable to get servicetracker HAL instance
07-29 17:39:13.032  2463  2516 E ActivityTaskManager: Unable to get servicetracker HAL instance
07-29 17:39:13.032  2463  2516 E ActivityTaskManager: Unable to get servicetracker HAL instance
07-29 17:39:13.033  8013 30695 I GameBoosterService: onForegroundInfoChanged: Cur=org.wikipedia.beta	 last=com.android.permissioncontroller
07-29 17:39:13.033  7989  8099 I ActivityObserverUtil: activityResumed ComponentInfo{org.wikipedia.beta/org.wikipedia.onboarding.InitialOnboardingActivity}
07-29 17:39:13.033  8013 30076 W MIUISafety-Monitor: screen share ensure fg = org.wikipedia.beta protect = false
07-29 17:39:13.033  7989  8099 I TopActivityMonitor: send TopActivityChangeEvent=TopActivityChangeEvent(prev=ComponentInfo{com.android.permissioncontroller/com.android.permissioncontroller.permission.ui.GrantPermissionsActivity}, current=ComponentInfo{org.wikipedia.beta/org.wikipedia.onboarding.InitialOnboardingActivity},appChanged=true)
07-29 17:39:13.033  2463  2514 I Location.SSRU: foregroundActivities IS falseUID ID 10241, home is false
07-29 17:39:13.034  4905  5132 W DynamicDDSService: appName is not found in cache: com.android.permissioncontroller
07-29 17:39:13.034  1827  1827 I MiClstc : DropLayers erase layer 553
07-29 17:39:13.035  4497  4497 W RecentsImpl: updateStubViewVisibility, className=org.wikipedia.onboarding.InitialOnboardingActivity
07-29 17:39:13.035  4497  5295 W RecentsImpl: disableTouchBySwipeStatusBar    disable=false
07-29 17:39:13.035  4497  5295 W RecentsImpl: disableBackStubWindow    disableTouch=false
07-29 17:39:13.037  2463  4205 I MiuiNetworkPolicy: updateUidState uid = 10241, uidState = 6
07-29 17:39:13.037  8013 30695 I VideoBoxUtils: isSupportVideoBox: true
07-29 17:39:13.037  8013 30695 I VideoToolBoxService: vtb is closed!!!
07-29 17:39:13.037  8013 30695 I AppPredictPrivacyLaunchManager: getLauncherHomeAppList size: 75
07-29 17:39:13.037  8013 30695 I AppPredictService: difTIme = 2434
07-29 17:39:13.038  8013  9646 E SuggestManager: openApp name = org.wikipedia.beta
07-29 17:39:13.038  8013  9646 I NewAutoTaskManager: app use - delay = 9223372036854775807, doRemove = false, doPost = false
07-29 17:39:13.038  2463  4205 I MiuiNetworkPolicyTrafficLimit: updateWhiteListUidForMobileTraffic uid=10241,add=false
07-29 17:39:13.039  4497  5295 W GestureStubView_Left: adaptRotation   currentRotation=0   mRotation=0
07-29 17:39:13.039  4497  5295 W GestureStubView_Right: adaptRotation   currentRotation=0   mRotation=0
07-29 17:39:13.039  2463  5128 I ActivityManager: Broadcasting: Intent { act=android.intent.action.MEDIA_SCANNER_SCAN_FILE dat=file:///... flg=0x400000 }
07-29 17:39:13.039  8013  9672 E b       : insert result = 1542
07-29 17:39:13.040  2463  5128 I ActivityManager: Enqueued broadcast Intent { act=android.intent.action.MEDIA_SCANNER_SCAN_FILE dat=file:///... flg=0x400000 }: 0
07-29 17:39:13.040 27982 27982 I HandWritingStubImpl: refreshLastKeyboardType: 1
07-29 17:39:13.040 27982 27982 I HandWritingStubImpl: getCurrentKeyboardType: 1
07-29 17:39:13.042  2463  4108 I ImeTracker: org.wikipedia.beta:f35e82fa: onRequestHide at ORIGIN_SERVER reason HIDE_UNSPECIFIED_WINDOW fromUser false
07-29 17:39:13.042  8013 30695 W ContextImpl: Calling a method in the system process without a qualified user: android.app.ContextImpl.startService:1939 android.content.ContextWrapper.startService:843 v2.b.f:39 v2.b$c.onForegroundInfoChanged:21 com.miui.gamebooster.mutiwindow.b$a.onForegroundInfoChanged:152 
07-29 17:39:13.042  2463  4108 I ImeTracker: org.wikipedia.beta:f35e82fa: onCancelled at PHASE_SERVER_SHOULD_HIDE
07-29 17:39:13.043  2463  4108 W SecurityInputMethodSwitcher: first check switch to security ime: false
07-29 17:39:13.043  2463  4108 W SecurityInputMethodSwitcher: double check switch to security ime: false
07-29 17:39:13.043  2463  5540 W UserManagerService: Requested status bar icon for non-badged user 0
07-29 17:39:13.045 27982 27982 W RenderThread: type=1400 audit(0.0:8852): avc:  denied  { getattr } for  path="/sys/module/metis/parameters/minor_window_app" dev="sysfs" ino=74657 scontext=u:r:untrusted_app_30:s0:c92,c257,c512,c768 tcontext=u:object_r:sysfs_migt:s0 tclass=file permissive=0 app=org.wikipedia.beta
07-29 17:39:13.045  2463  4205 I MiuiNetworkPolicy: updateUidState uid = 10271, uidState = 11
07-29 17:39:13.046  2463  4108 W SecurityInputMethodSwitcher: switch to other input method from security ime:false mayChangeToMiuiSecurityInputMethod: false current focus window: android.os.BinderProxy@f034d8
07-29 17:39:13.046  7989  8099 I travelService_ActivityObserverUtils: activityResumed ComponentInfo{org.wikipedia.beta/org.wikipedia.onboarding.InitialOnboardingActivity}
07-29 17:39:13.046  7989  8099 I travelService_TopActivityMonitor: user change app but last app use time not enough
07-29 17:39:13.047  2105  2236 I BpBinder: onLastStrongRef automatically unlinking death recipients: 
07-29 17:39:13.048  3118  3118 I VA_ConversationManager: lastQueryOrigin====null;fromCar=false
07-29 17:39:13.048  3118  3118 I VA_HybridLifecycleListener: onTopAppChanged: newApp=org.wikipedia.beta from=com.android.permissioncontroller fromPkg=org.wikipedia.beta
07-29 17:39:13.049 13242 13242 W MiuiGallery2_BaseMediaScannerReceiver: [main] - Broadcast received, action: [android.intent.action.MEDIA_SCANNER_SCAN_FILE], data uri: [file:///sdcard/screen_2025-07-29_173913.png], CTA not allowed
07-29 17:39:13.050  2463  4205 I MiuiNetworkPolicy: updateUidState uid = 10271, uidState = 19
07-29 17:39:13.053 12560 17903 I AIRC_CounterTrack: collect: signal-TopActivityPerception
07-29 17:39:13.053 12560 17903 I MMKV    : <MMKV.cpp:1170::sync> MMKV::sync, SyncFlag = 1
07-29 17:39:13.049 27982 27982 W RenderThread: type=1400 audit(0.0:8853): avc:  denied  { getattr } for  path="/sys/module/metis/parameters/minor_window_app" dev="sysfs" ino=74657 scontext=u:r:untrusted_app_30:s0:c92,c257,c512,c768 tcontext=u:object_r:sysfs_migt:s0 tclass=file permissive=0 app=org.wikipedia.beta
07-29 17:39:13.054  7633  7633 I MediaProvider: receive action = android.intent.action.MEDIA_SCANNER_SCAN_FILE schemeSpecificPart = ///sdcard/screen_2025-07-29_173913.png
07-29 17:39:13.058  2463  4349 I PowerManagerServiceImpl: Partial wakeLock:[PARTIAL_WAKE_LOCK                 '*job*/com.android.vending/com.google.android.finsky.scheduler.process.mainimpl.PhoneskyJobServiceMain' ACQ=-2m22s606ms LONG (uid=1000 pid=2463 pkg=android ws=WorkSource{10124 com.android.vending})], disabled: true, procState: 0, reason: greeze
07-29 17:39:13.058  2463  4349 I PowerManagerServiceImpl: Partial wakeLock:[PARTIAL_WAKE_LOCK                 '*job*/com.android.vending/com.google.android.finsky.scheduler.process.mainimpl.PhoneskyJobServiceMain' ACQ=-2m22s606ms LONG (uid=1000 pid=2463 pkg=android ws=WorkSource{10124 com.android.vending})], disabled: true, procState: 0, reason: greeze
07-29 17:39:13.058  2463  4349 I PowerManagerServiceImpl: Partial wakeLock:[PARTIAL_WAKE_LOCK                 '*job*/com.android.vending/com.google.android.finsky.scheduler.process.mainimpl.PhoneskyJobServiceMain' ACQ=-2m22s606ms LONG (uid=1000 pid=2463 pkg=android ws=WorkSource{10124 com.android.vending})], disabled: true, procState: 0, reason: greeze
07-29 17:39:13.058  2463  4349 I PowerManagerServiceImpl: Partial wakeLock:[PARTIAL_WAKE_LOCK                 '*job*/com.android.vending/com.google.android.finsky.scheduler.process.mainimpl.PhoneskyJobServiceMain' ACQ=-2m22s606ms LONG (uid=1000 pid=2463 pkg=android ws=WorkSource{10124 com.android.vending})], disabled: true, procState: 0, reason: greeze
07-29 17:39:13.051  8013 30695 I BeautyService: onForegroundInfoChanged: Cur=org.wikipedia.beta	 last=com.android.permissioncontroller
07-29 17:39:13.059  2463 14501 W JobInfo : Job 'com.android.providers.media.module/com.android.providers.media.MediaService#-300' has a deadline with no functional constraints. The deadline won't improve job execution latency. Consider removing the deadline.
07-29 17:39:13.060  1844  1844 I vendor.qti.hardware.servicetrackeraidl-service: bindService is called for service : com.android.providers.media.module/com.android.providers.media.MediaService and for client system
07-29 17:39:13.061  1844  1844 I vendor.qti.hardware.servicetrackeraidl-service: total connections for service : com.android.providers.media.module/com.android.providers.media.MediaServiceare :1
07-29 17:39:13.061  1844  1844 I vendor.qti.hardware.servicetrackeraidl-service: total connections for client : systemare :31
07-29 17:39:13.061  7368  7368 W WindowOnBackDispatcher: sendCancelIfRunning: isInProgress=false callback=android.view.ViewRootImpl$$ExternalSyntheticLambda12@c82e28
07-29 17:39:13.061  7368 10320 E ContentCatcherManager: failed to get ContentCatcherService.
07-29 17:39:13.057 27982 27982 W RenderThread: type=1400 audit(0.0:8854): avc:  denied  { getattr } for  path="/sys/module/metis/parameters/minor_window_app" dev="sysfs" ino=74657 scontext=u:r:untrusted_app_30:s0:c92,c257,c512,c768 tcontext=u:object_r:sysfs_migt:s0 tclass=file permissive=0 app=org.wikipedia.beta
07-29 17:39:13.063  2463  5128 W InputManager-JNI: Input channel object 'dce7d50 com.android.permissioncontroller/com.android.permissioncontroller.permission.ui.GrantPermissionsActivity (client)' was disposed without first being removed with the input manager!
07-29 17:39:13.064  2463  4404 I whetstone.activity: processNotifyEvent1 resId = 256, bundle = Bundle[{startTime=7791382, sourcePkg=com.android.providers.media.module, sourceUid=10249, status=1, jobId=-300, batteryName=com.android.providers.media.module/com.android.providers.media.MediaService, elapsedRealtime=7791382}]
07-29 17:39:13.064  2463  5128 I SmartPower: com.android.permissioncontroller/10241(7368): visible->invisible(2357ms) R(become invisible) adj=100.
07-29 17:39:13.064  2463  5128 I SmartPower: com.android.permissioncontroller/10241(7368): invisible->background(0ms) R(become background) adj=100.
07-29 17:39:13.064  9339 12099 I EventMonitor: notifyEvent resId=256
07-29 17:39:13.067  2463  5128 E ActivityTaskManager: Unable to get servicetracker HAL instance
07-29 17:39:13.067  2463  5128 E ActivityTaskManager: Unable to get servicetracker HAL instance
07-29 17:39:13.068  2463  2506 I ActivityManager: Broadcast completed: result=0
07-29 17:39:13.069  2463  2509 W SSRU-ResourceUsageProxy: Nonexistent ongoing transaction AW_TOP:244656251 for u:0 pkg:com.android.permissioncontroller ended
07-29 17:39:13.065 27982 27982 W RenderThread: type=1400 audit(0.0:8855): avc:  denied  { getattr } for  path="/sys/module/metis/parameters/minor_window_app" dev="sysfs" ino=74657 scontext=u:r:untrusted_app_30:s0:c92,c257,c512,c768 tcontext=u:object_r:sysfs_migt:s0 tclass=file permissive=0 app=org.wikipedia.beta
07-29 17:39:13.072  7633  8793 I MediaProvider: Begin Intent { act=android.intent.action.MEDIA_SCANNER_SCAN_FILE dat=file:///... flg=0x1400010 cmp=com.android.providers.media.module/com.android.providers.media.MediaService }
07-29 17:39:13.073 27982 27982 W RenderThread: type=1400 audit(0.0:8856): avc:  denied  { getattr } for  path="/sys/module/metis/parameters/minor_window_app" dev="sysfs" ino=74657 scontext=u:r:untrusted_app_30:s0:c92,c257,c512,c768 tcontext=u:object_r:sysfs_migt:s0 tclass=file permissive=0 app=org.wikipedia.beta
07-29 17:39:13.080  7633  8793 I MediaProvider: End Intent { act=android.intent.action.MEDIA_SCANNER_SCAN_FILE dat=file:///... flg=0x1400010 cmp=com.android.providers.media.module/com.android.providers.media.MediaService }
07-29 17:39:13.081  1844  1844 I vendor.qti.hardware.servicetrackeraidl-service: unbindService is called for service : com.android.providers.media.module/com.android.providers.media.MediaService and for client system
07-29 17:39:13.081  1844  1844 I vendor.qti.hardware.servicetrackeraidl-service: size of service connections for service: com.android.providers.media.module/com.android.providers.media.MediaServiceafter removal is 0
07-29 17:39:13.081  1844  1844 I vendor.qti.hardware.servicetrackeraidl-service: size of client connections for client: systemafter removal is 30
07-29 17:39:13.081  2463  4404 I whetstone.activity: processNotifyEvent1 resId = 256, bundle = Bundle[{startTime=7791400, sourcePkg=com.android.providers.media.module, sourceUid=10249, status=0, jobId=-300, batteryName=com.android.providers.media.module/com.android.providers.media.MediaService, elapsedRealtime=7791400}]
07-29 17:39:13.081  9339 12099 I EventMonitor: notifyEvent resId=256
07-29 17:39:13.082  1844  1844 I vendor.qti.hardware.servicetrackeraidl-service: destroyService is called for service : com.android.providers.media.module/com.android.providers.media.MediaService
07-29 17:39:13.081 27982 27982 W RenderThread: type=1400 audit(0.0:8857): avc:  denied  { getattr } for  path="/sys/module/metis/parameters/minor_window_app" dev="sysfs" ino=74657 scontext=u:r:untrusted_app_30:s0:c92,c257,c512,c768 tcontext=u:object_r:sysfs_migt:s0 tclass=file permissive=0 app=org.wikipedia.beta
07-29 17:39:13.089 27982 27982 W RenderThread: type=1400 audit(0.0:8858): avc:  denied  { getattr } for  path="/sys/module/metis/parameters/minor_window_app" dev="sysfs" ino=74657 scontext=u:r:untrusted_app_30:s0:c92,c257,c512,c768 tcontext=u:object_r:sysfs_migt:s0 tclass=file permissive=0 app=org.wikipedia.beta
07-29 17:39:13.097 27982 27982 W RenderThread: type=1400 audit(0.0:8859): avc:  denied  { getattr } for  path="/sys/module/metis/parameters/minor_window_app" dev="sysfs" ino=74657 scontext=u:r:untrusted_app_30:s0:c92,c257,c512,c768 tcontext=u:object_r:sysfs_migt:s0 tclass=file permissive=0 app=org.wikipedia.beta
07-29 17:39:13.122  4497  5505 W MiBridge: Permission not granted !!
07-29 17:39:13.122  8013 30076 I SCTaskStackListener: onTaskStackChanged! inSplit = false
07-29 17:39:13.123  8013 30695 I SCTaskStackListener: onTaskStackChanged! inSplit = false
07-29 17:39:13.124  4497  5505 W RecentsModel: getRunningTask   taskInfo=TaskInfo{userId=0 taskId=194 displayId=0 isRunning=true baseIntent=Intent { act=android.intent.action.MAIN cat=[android.intent.category.LAUNCHER] flg=0x10000000 cmp=org.wikipedia.beta/org.wikipedia.main.MainActivity } baseActivity=ComponentInfo{org.wikipedia.beta/org.wikipedia.main.MainActivity} topActivity=ComponentInfo{org.wikipedia.beta/org.wikipedia.onboarding.InitialOnboardingActivity} origActivity=null realActivity=ComponentInfo{org.wikipedia.beta/org.wikipedia.main.MainActivity} numActivities=2 lastActiveTime=7791446 supportsSplitScreenMultiWindow=true supportsMultiWindow=true resizeMode=1 isResizeable=true minWidth=-1 minHeight=-1 defaultMinSize=200 token=WCT{android.window.IWindowContainerToken$Stub$Proxy@92b97dd} topActivityType=1 pictureInPictureParams=null shouldDockBigOverlays=false launchIntoPipHostTaskId=-1 lastParentTaskIdBeforePip=-1 displayCutoutSafeInsets=Rect(0, 116 - 0, 0) topActivityInfo=ActivityInfo{1c32f52 org.wikipedia.onboarding.InitialOnboardingActivity} launchCookies=[] positionInParent=Point(0, 0) parentTaskId=-1 isFocused=true isVisible=true isVisibleRequested=true isSleeping=false locusId=null displayAreaFeatureId=1 isTopActivityTransparent=false appCompatTaskInfo=AppCompatTaskInfo { topActivityInSizeCompat=false topActivityInMiuiSizeCompat=false topActivityEligibleForLetterboxEducation= falseisLetterboxEducationEnabled= false isLetterboxDoubleTapEnabled= false topActivityEligibleForUserAspectRatioButton= false topActivityBoundsLetterboxed= false isFromLetterboxDoubleTap= false topActivityLetterboxVerticalPosition= -1 topActivityLetterboxHorizontalPosition= -1 topActivityLetterboxWidth=1200 topActivityLetterboxHeight=2670 isUserFullscreenOverrideEnabled=false isSystemFullscreenOverrideEnabled=false cameraCompatTaskInfo=CameraCompatTaskInfo { cameraCompatControlState=hidden freeformCameraCompatMode=inactive}} isImmersive=false mTopActivityRequestOrientation=-1 mBehindAppLockPkg=null mOriginatingUid=0 isEmbedded=false shouldBeVisible=true isCreatedByOrganizer=false mIsCastMode=false mTopActivityMediaSize=null mTopActivityRecordName=ActivityRecord{251a04d u0 org.wikipedia.beta/org.wikipedia.onboarding.InitialOnboardingActivity t194} mTopActivityOrientation=-1}
07-29 17:39:13.124  4497  5505 E ActivityManagerWrapper: get all recent tasks force including 194
07-29 17:39:13.124 27982 27982 I HandWritingStubImpl: getCurrentKeyboardType: 1
07-29 17:39:13.125  1827  2752 I vendor.qti.hardware.display.composer-service: Sensor: notify citsensorservice to trigger cwb, misForced = 0
07-29 17:39:13.125  4497  5505 E ActivityManagerWrapper: getRecentTasksForceIncludingTaskIdIfValid: getRecentTasks: size=3
07-29 17:39:13.125  4497  5505 E ActivityManagerWrapper:  mainTaskId=194   userId=0   windowMode=1   baseIntent=Intent { act=android.intent.action.MAIN flag=268435456 cmp=ComponentInfo{org.wikipedia.beta/org.wikipedia.main.MainActivity} }
07-29 17:39:13.125  4497  5505 E ActivityManagerWrapper:  mainTaskId=188   userId=0   windowMode=1   baseIntent=Intent { act=android.intent.action.MAIN flag=270532608 cmp=ComponentInfo{com.android.settings/com.android.settings.MainSettings} }
07-29 17:39:13.125  4497  5505 E ActivityManagerWrapper:  mainTaskId=177   userId=0   windowMode=1   baseIntent=Intent { act=android.intent.action.MAIN flag=270532608 cmp=ComponentInfo{com.getsurfboard/com.getsurfboard.ui.activity.MainActivity} }
07-29 17:39:13.125  3002  4297 I libsensor-parseRGB: request dump start for mRequestDisplayId 0
07-29 17:39:13.128  4497  5505 W RecentsModel: getRunningTask   taskInfo=TaskInfo{userId=0 taskId=194 displayId=0 isRunning=true baseIntent=Intent { act=android.intent.action.MAIN cat=[android.intent.category.LAUNCHER] flg=0x10000000 cmp=org.wikipedia.beta/org.wikipedia.main.MainActivity } baseActivity=ComponentInfo{org.wikipedia.beta/org.wikipedia.main.MainActivity} topActivity=ComponentInfo{org.wikipedia.beta/org.wikipedia.onboarding.InitialOnboardingActivity} origActivity=null realActivity=ComponentInfo{org.wikipedia.beta/org.wikipedia.main.MainActivity} numActivities=2 lastActiveTime=7791451 supportsSplitScreenMultiWindow=true supportsMultiWindow=true resizeMode=1 isResizeable=true minWidth=-1 minHeight=-1 defaultMinSize=200 token=WCT{android.window.IWindowContainerToken$Stub$Proxy@c0ee9e} topActivityType=1 pictureInPictureParams=null shouldDockBigOverlays=false launchIntoPipHostTaskId=-1 lastParentTaskIdBeforePip=-1 displayCutoutSafeInsets=Rect(0, 116 - 0, 0) topActivityInfo=ActivityInfo{70ded7f org.wikipedia.onboarding.InitialOnboardingActivity} launchCookies=[] positionInParent=Point(0, 0) parentTaskId=-1 isFocused=true isVisible=true isVisibleRequested=true isSleeping=false locusId=null displayAreaFeatureId=1 isTopActivityTransparent=false appCompatTaskInfo=AppCompatTaskInfo { topActivityInSizeCompat=false topActivityInMiuiSizeCompat=false topActivityEligibleForLetterboxEducation= falseisLetterboxEducationEnabled= false isLetterboxDoubleTapEnabled= false topActivityEligibleForUserAspectRatioButton= false topActivityBoundsLetterboxed= false isFromLetterboxDoubleTap= false topActivityLetterboxVerticalPosition= -1 topActivityLetterboxHorizontalPosition= -1 topActivityLetterboxWidth=1200 topActivityLetterboxHeight=2670 isUserFullscreenOverrideEnabled=false isSystemFullscreenOverrideEnabled=false cameraCompatTaskInfo=CameraCompatTaskInfo { cameraCompatControlState=hidden freeformCameraCompatMode=inactive}} isImmersive=false mTopActivityRequestOrientation=-1 mBehindAppLockPkg=null mOriginatingUid=0 isEmbedded=false shouldBeVisible=true isCreatedByOrganizer=false mIsCastMode=false mTopActivityMediaSize=null mTopActivityRecordN