07-29 17:38:54.218  2463  5129 W AppOpService: Ignored setUidMode call for runtime permission app op: uid = 1001, code = READ_SMS, mode = allow, callingUid = 1001, oldMode = allow
07-29 17:38:54.219  2463  5540 W AppOpService: Ignored setUidMode call for runtime permission app op: uid = 1001, code = RECEIVE_SMS, mode = allow, callingUid = 1001, oldMode = allow
07-29 17:38:54.219  3117  3117 I adbd    : in ShellService: dumpsys input
07-29 17:38:54.219  2463  5535 W AppOpService: Ignored setUidMode call for runtime permission app op: uid = 1001, code = RECEIVE_WAP_PUSH, mode = allow, callingUid = 1001, oldMode = allow
07-29 17:38:54.219  7773  7773 I RegisteredServicesCache: current user: 0, is managed profile : false
07-29 17:38:54.219  2463  5535 W AppOpService: Ignored setUidMode call for runtime permission app op: uid = 1001, code = SEND_SMS, mode = allow, callingUid = 1001, oldMode = allow
07-29 17:38:54.219  2463  5535 W AppOpService: Ignored setUidMode call for runtime permission app op: uid = 1001, code = READ_CELL_BROADCASTS, mode = allow, callingUid = 1001, oldMode = allow
07-29 17:38:54.220  7773  7773 I RegisteredAidCache: updateRoutingLocked(false): Enter
07-29 17:38:54.220  7773  7773 I AidRoutingManager: configureRouting(false): Enter
07-29 17:38:54.220  7773  7773 E AidRoutingManager: Size of routing table970
07-29 17:38:54.220  7773  7773 I RegisteredAidCache: updateRoutingLocked(false): exit
07-29 17:38:54.222  2463  5441 W ContentProviderHelper: Permission Denial: opening provider com.alibaba.aliexpress.android.search.nav.SearchSuggestionProvider from ProcessRecord{15056c5 18854:com.android.quicksearchbox:ApplicationsProvider/u0a136} (pid=18854, uid=10136) that is not exported from UID 10303
07-29 17:38:54.222  7773  7773 I libnfc_nci: [INFO:NativeT4tNfcee.cpp(870)] nfcManager_isFwSupportNonStdT4TAid Enter isFwSupport = 1
07-29 17:38:54.222  7773  7773 I libnfc_nci: [INFO:SecureElement.cpp(1487)] SecureElement::getEseHandleFromGenericId: enter; ESE-ID = 0x7F
07-29 17:38:54.222  7773  7773 I libnfc_nci: [INFO:SecureElement.cpp(1528)] SecureElement::getEseHandleFromGenericId: enter; ESE-Handle = 0x410
07-29 17:38:54.222  7773  7773 I libnfc_nci: [INFO:SecureElement.cpp(1487)] SecureElement::getEseHandleFromGenericId: enter; ESE-ID = 0x00
07-29 17:38:54.222  7773  7773 I libnfc_nci: [INFO:SecureElement.cpp(1528)] SecureElement::getEseHandleFromGenericId: enter; ESE-Handle = 0x400
07-29 17:38:54.223  4897  5133 I SecureElement-Terminal-eSE1: isSecureElementPresent()
07-29 17:38:54.223  1746  1746 I android.hardware.secure_element-service.qti: isCardPresent
07-29 17:38:54.223  1746  1746 I android.hardware.secure_element-service.qti: isCardPresent exit, cardPresent: 1
07-29 17:38:54.224  2463  4205 I MiuiNetworkPolicy: updateUidState uid = 10303, uidState = 6
07-29 17:38:54.224  2463  5535 I ClipboardServiceI: checkProviderWakePathForClipboard: com.android.quicksearchboxis not a activePermissionOwner
07-29 17:38:54.225  2463  4205 I MiuiNetworkPolicy: updateUidState uid = 10169, uidState = 6
07-29 17:38:54.225  2463  5535 I SmartPower: com.alibaba.aliexpresshd/10303(1614): idle->background(4270ms) R(content provider start ContentProviderRecord{bff7854 u0 com.alibaba.aliexpresshd/com.alibaba.aliexpress.android.search.nav.SearchSuggestionProvider}) adj=0.
07-29 17:38:54.227  2463  5534 W Bundle  : Failed to parse item error, returning null.
07-29 17:38:54.227  2463  5534 W Bundle  : android.os.BadTypeParcelableException: Parcelable creator android.os.ParcelableException is not a subclass of required class java.lang.String provided in the parameter
07-29 17:38:54.227  2463  5534 W Bundle  : 	at android.os.Parcel.readParcelableCreatorInternal(Parcel.java:5206)
07-29 17:38:54.227  2463  5534 W Bundle  : 	at android.os.Parcel.readParcelableInternal(Parcel.java:5080)
07-29 17:38:54.227  2463  5534 W Bundle  : 	at android.os.Parcel.readValue(Parcel.java:4840)
07-29 17:38:54.227  2463  5534 W Bundle  : 	at android.os.Parcel.readValue(Parcel.java:4609)
07-29 17:38:54.227  2463  5534 W Bundle  : 	at android.os.Parcel.-$$Nest$mreadValue(Unknown Source:0)
07-29 17:38:54.227  2463  5534 W Bundle  : 	at android.os.Parcel$LazyValue.apply(Parcel.java:4707)
07-29 17:38:54.227  2463  5534 W Bundle  : 	at android.os.Parcel$LazyValue.apply(Parcel.java:4666)
07-29 17:38:54.227  2463  5534 W Bundle  : 	at android.os.BaseBundle.unwrapLazyValueFromMapLocked(BaseBundle.java:416)
07-29 17:38:54.227  2463  5534 W Bundle  : 	at android.os.BaseBundle.getValueAt(BaseBundle.java:402)
07-29 17:38:54.227  2463  5534 W Bundle  : 	at android.os.BaseBundle.getPairValue(BaseBundle.java:282)
07-29 17:38:54.227  2463  5534 W Bundle  : 	at com.android.server.am.ContentProviderHelper.lambda$getMimeTypeFilterAsync$1(ContentProviderHelper.java:1212)
07-29 17:38:54.227  2463  5534 W Bundle  : 	at com.android.server.am.ContentProviderHelper.$r8$lambda$JV9jTPlBHAPZLxkKAqq24ds-FLE(Unknown Source:0)
07-29 17:38:54.227  2463  5534 W Bundle  : 	at com.android.server.am.ContentProviderHelper$$ExternalSyntheticLambda1.onResult(D8$$SyntheticClass:0)
07-29 17:38:54.227  2463  5534 W Bundle  : 	at android.os.RemoteCallback.sendResult(RemoteCallback.java:76)
07-29 17:38:54.227  2463  5534 W Bundle  : 	at android.os.RemoteCallback$1.sendResult(RemoteCallback.java:53)
07-29 17:38:54.227  2463  5534 W Bundle  : 	at android.os.IRemoteCallback$Stub.onTransact(IRemoteCallback.java:85)
07-29 17:38:54.227  2463  5534 W Bundle  : 	at android.os.Binder.execTransactInternal(Binder.java:1512)
07-29 17:38:54.227  2463  5534 W Bundle  : 	at android.os.Binder.execTransact(Binder.java:1451)
07-29 17:38:54.227  2463  4205 I MiuiNetworkPolicy: updateUidState uid = 10303, uidState = 19
07-29 17:38:54.227 18854 18878 W ContentResolver: Failed to get type for: content://com.alibaba.aliexpress.android.search.nav.SearchSuggestionProvider/products (Unknown URL content://com.alibaba.aliexpress.android.search.nav.SearchSuggestionProvider/products)
07-29 17:38:54.227  2463  4205 I MiuiNetworkPolicy: updateUidState uid = 10169, uidState = 19
07-29 17:38:54.228  4897  5133 I SecureElement-Terminal-SIM1: isSecureElementPresent()
07-29 17:38:54.230  4897  5133 I SecureElement-Terminal-SIM1: isNfcEventAllowed: No access rules for checking.
07-29 17:38:54.230  4897  5133 I SecureElement-Terminal-SIM2: isSecureElementPresent()
07-29 17:38:54.230  2463  5129 W ParceledListSlice: Element #273 is 21068 bytes.
07-29 17:38:54.231  2463 15424 W ParceledListSlice: Element #274 is 21048 bytes.
07-29 17:38:54.231  2463 15424 W ParceledListSlice: Element #275 is 21056 bytes.
07-29 17:38:54.231  2463 15424 W ParceledListSlice: Element #276 is 21036 bytes.
07-29 17:38:54.231  2463 15424 W ParceledListSlice: Element #277 is 21084 bytes.
07-29 17:38:54.231  2463 15424 W ParceledListSlice: Overly large reply size: 84248
07-29 17:38:54.232  2463  5441 W ParceledListSlice: Element #278 is 21084 bytes.
07-29 17:38:54.232  2463  5441 W ParceledListSlice: Element #279 is 21096 bytes.
07-29 17:38:54.232  2463  5441 W ParceledListSlice: Element #280 is 21084 bytes.
07-29 17:38:54.232  2463  5441 W ParceledListSlice: Element #281 is 21084 bytes.
07-29 17:38:54.232  2463  5441 W ParceledListSlice: Overly large reply size: 84372
07-29 17:38:54.232  2463  5121 W ContentProviderHelper: No provider info for content provider  when providerRunning is false, caller is ProcessRecord{15056c5 18854:com.android.quicksearchbox:ApplicationsProvider/u0a136}
07-29 17:38:54.232 18854 18878 E ActivityThread: Failed to find provider info for 
07-29 17:38:54.232  2463  5441 W ParceledListSlice: Element #282 is 21104 bytes.
07-29 17:38:54.232  2463  5441 W ParceledListSlice: Element #283 is 21092 bytes.
07-29 17:38:54.232  2463  5441 W ParceledListSlice: Element #284 is 21080 bytes.
07-29 17:38:54.232  2463  5129 W ContentProviderHelper: No provider info for content provider  when providerRunning is false, caller is null
07-29 17:38:54.237  2463  6120 W ContentProviderHelper: Permission Denial: opening provider com.alibaba.aliexpress.android.search.nav.SearchSuggestionProvider from ProcessRecord{15056c5 18854:com.android.quicksearchbox:ApplicationsProvider/u0a136} (pid=18854, uid=10136) that is not exported from UID 10303
07-29 17:38:54.241  2463  4205 I MiuiNetworkPolicy: updateUidState uid = 10303, uidState = 6
07-29 17:38:54.242  2463  6120 I ClipboardServiceI: checkProviderWakePathForClipboard: com.android.quicksearchboxis not a activePermissionOwner
07-29 17:38:54.243  2463  4205 I MiuiNetworkPolicy: updateUidState uid = 10169, uidState = 6
07-29 17:38:54.244  7989  8658 I RuntimePermissionManager: isRuntimeRequestSupport: true
07-29 17:38:54.244  7989  8658 I InstalledPackagesMemoryCache: getInstallPermissionGranted=true
07-29 17:38:54.245  2463  4205 I MiuiNetworkPolicy: updateUidState uid = 10303, uidState = 19
07-29 17:38:54.245  2463  4205 I MiuiNetworkPolicy: updateUidState uid = 10169, uidState = 19
07-29 17:38:54.246  2463  5121 W Bundle  : Failed to parse item error, returning null.
07-29 17:38:54.246  2463  5121 W Bundle  : android.os.BadTypeParcelableException: Parcelable creator android.os.ParcelableException is not a subclass of required class java.lang.String provided in the parameter
07-29 17:38:54.246  2463  5121 W Bundle  : 	at android.os.Parcel.readParcelableCreatorInternal(Parcel.java:5206)
07-29 17:38:54.246  2463  5121 W Bundle  : 	at android.os.Parcel.readParcelableInternal(Parcel.java:5080)
07-29 17:38:54.246  2463  5121 W Bundle  : 	at android.os.Parcel.readValue(Parcel.java:4840)
07-29 17:38:54.246  2463  5121 W Bundle  : 	at android.os.Parcel.readValue(Parcel.java:4609)
07-29 17:38:54.246  2463  5121 W Bundle  : 	at android.os.Parcel.-$$Nest$mreadValue(Unknown Source:0)
07-29 17:38:54.246  2463  5121 W Bundle  : 	at android.os.Parcel$LazyValue.apply(Parcel.java:4707)
07-29 17:38:54.246  2463  5121 W Bundle  : 	at android.os.Parcel$LazyValue.apply(Parcel.java:4666)
07-29 17:38:54.246  2463  5121 W Bundle  : 	at android.os.BaseBundle.unwrapLazyValueFromMapLocked(BaseBundle.java:416)
07-29 17:38:54.246  2463  5121 W Bundle  : 	at android.os.BaseBundle.getValueAt(BaseBundle.java:402)
07-29 17:38:54.246  2463  5121 W Bundle  : 	at android.os.BaseBundle.getPairValue(BaseBundle.java:282)
07-29 17:38:54.246  2463  5121 W Bundle  : 	at com.android.server.am.ContentProviderHelper.lambda$getMimeTypeFilterAsync$1(ContentProviderHelper.java:1212)
07-29 17:38:54.246  2463  5121 W Bundle  : 	at com.android.server.am.ContentProviderHelper.$r8$lambda$JV9jTPlBHAPZLxkKAqq24ds-FLE(Unknown Source:0)
07-29 17:38:54.246  2463  5121 W Bundle  : 	at com.android.server.am.ContentProviderHelper$$ExternalSyntheticLambda1.onResult(D8$$SyntheticClass:0)
07-29 17:38:54.246  2463  5121 W Bundle  : 	at android.os.RemoteCallback.sendResult(RemoteCallback.java:76)
07-29 17:38:54.246  2463  5121 W Bundle  : 	at android.os.RemoteCallback$1.sendResult(RemoteCallback.java:53)
07-29 17:38:54.246  2463  5121 W Bundle  : 	at android.os.IRemoteCallback$Stub.onTransact(IRemoteCallback.java:85)
07-29 17:38:54.246  2463  5121 W Bundle  : 	at android.os.Binder.execTransactInternal(Binder.java:1512)
07-29 17:38:54.246  2463  5121 W Bundle  : 	at android.os.Binder.execTransact(Binder.java:1451)
07-29 17:38:54.246 18854 18878 W ContentResolver: Failed to get type for: content://com.alibaba.aliexpress.android.search.nav.SearchSuggestionProvider/products (Unknown URL content://com.alibaba.aliexpress.android.search.nav.SearchSuggestionProvider/products)
07-29 17:38:54.279  3117  3117 I adbd    : in ShellService: getprop ro.sf.lcd_density
07-29 17:38:54.333  3117  3117 I adbd    : in ShellService: input keyevent MENU
07-29 17:38:54.378  2463  5129 W MIUIInput: Input event injection from package: null action ACTION_DOWN keycode 82
07-29 17:38:54.378  2463  5129 W MiuiInputKeyEventLog: keyCode:82 down:true eventTime:7772697 downTime:7772697 policyFlags:2b000000 flags:0 metaState:0 deviceId:-1 isScreenOn:true keyguardActive:false repeatCount:0
07-29 17:38:54.379  2105  2105 E DisplayModeController: setDesiredMode : Idle status skip setActiveMode, isDdicIdleMode: 1
07-29 17:38:54.379  2463  4068 I InputFeature: supportXiaomiHyperXiaoAi is true
07-29 17:38:54.380  2463  4068 I InputFeature: supportXiaomiHyperXiaoAiScreenRecognition support
07-29 17:38:54.380  2463  4068 I InputFeature: supportBlockCombinationKey com.miui.home version: 3
07-29 17:38:54.380  2463  4068 I MiuiInputKeyEventLog: is show menu
07-29 17:38:54.380  2463  4068 I MIUIInput: [KeyEvent] publisher action:0x0,  keyCode:82 , deviceId=-1, 7772697,channel 'fd7851 com.miui.home/com.miui.home.launcher.Launcher (server)' 
07-29 17:38:54.381  4497  4497 I MIUIInput: [KeyEvent] ViewRootImpl windowName 'com.miui.home/com.miui.home.launcher.Launcher', KeyEvent { action=ACTION_DOWN, keyCode=KEYCODE_MENU, scanCode=0, metaState=0, flags=0x0, repeatCount=0, eventTime=7772697000000, downTime=7772697000000, deviceId=-1, source=0x0, displayId=-1 }, phoneEventTime=17:38:54.377
07-29 17:38:54.383  2463  5129 W MIUIInput: Input event injection from package: null action ACTION_UP keycode 82
07-29 17:38:54.383  2463  5129 W MiuiInputKeyEventLog: keyCode:82 down:false eventTime:7772702 downTime:7772697 policyFlags:2b000000 flags:0 metaState:0 deviceId:-1 isScreenOn:true keyguardActive:false repeatCount:0
07-29 17:38:54.383  2463  4068 I InputFeature: supportXiaomiHyperXiaoAi is true
07-29 17:38:54.384  2463  4068 I InputFeature: supportXiaomiHyperXiaoAiScreenRecognition support
07-29 17:38:54.384  2463  4068 I InputFeature: supportBlockCombinationKey com.miui.home version: 3
07-29 17:38:54.384  2463  4068 I MiuiInputKeyEventLog: is show menu
07-29 17:38:54.384  2463  4068 I MIUIInput: [KeyEvent] publisher action:0x1,  keyCode:82 , deviceId=-1, 7772702,channel 'fd7851 com.miui.home/com.miui.home.launcher.Launcher (server)' 
07-29 17:38:54.384  4497  4497 I MIUIInput: [KeyEvent] ViewRootImpl windowName 'com.miui.home/com.miui.home.launcher.Launcher', KeyEvent { action=ACTION_UP, keyCode=KEYCODE_MENU, scanCode=0, metaState=0, flags=0x0, repeatCount=0, eventTime=7772702000000, downTime=7772697000000, deviceId=-1, source=0x0, displayId=-1 }, phoneEventTime=17:38:54.382
07-29 17:38:54.385  4497  4497 I AnimStateManager: IdleState handle event 2006
07-29 17:38:54.385  4497  4497 I AnimStateManager: CommonState handle event 2006
07-29 17:38:54.385  1827  2399 I SDM     : HWCDisplay::SetActiveConfigWithConstraints: display:66-0, config: 3, WxH 1200x2670, fps 120
07-29 17:38:54.386  1827  2399 W SDM     : HWDeviceDRM::GetSupportedBitClkRate: Requested rate not supported: 1150000000
07-29 17:38:54.386  1827  2399 I SDM     : HWDeviceDRM::UpdateMixerAttributes: Mixer WxH 1200x2670-1 for Peripheral
07-29 17:38:54.386  1827  2399 I SDM     : HWCDisplay::SubmitDisplayConfig: Active configuration changed from config 1 to 3
07-29 17:38:54.386  1827  2399 I SDM     : HWCDisplay::SubmitDisplayConfig: Active WxH 1200x2670 ,ddic_mode:auto, timing_fps: 120, sf_fps: 120
07-29 17:38:54.386  4553  4579 I MiuiWallpaper-MiuiWallpaperManagerService: isMiuiWallpaperComponentUsing: true
07-29 17:38:54.386  4553  4579 I MiuiWallpaper-MiuiWallpaperManagerService: isMiuiWallpaperComponentUsing: true
07-29 17:38:54.387  4553  4579 I MiuiWallpaper-MiuiWallpaperManagerService: isMiuiWallpaperComponentUsing: true
07-29 17:38:54.388  4497  5159 I HapticFeedbackUtil: rtp:216
07-29 17:38:54.388  1827  2752 I vendor.qti.hardware.display.composer-service: Sensor: notify citsensorservice to trigger cwb, misForced = 0
07-29 17:38:54.391  3002  4297 I libsensor-parseRGB: request dump start for mRequestDisplayId 0
07-29 17:38:54.396  4497  4497 W PreviewDisappear: set, applyTo for info: com.miui.home.launcher.graphics.DrawableInfo@b497452, with icon: null
07-29 17:38:54.404  4497  4497 W ScreenView_Workspace: updateChildStaticTransformation error,childW=0.0
07-29 17:38:54.405  1747  1747 I sensors-hal: batch:141, android.sensor.accelerometer/11, period=66667000, max_latency=0
07-29 17:38:54.405  1747  1747 I sensors-hal: set_config:56, sample_period_ns is adjusted to 66667000 based on min/max delay_ns
07-29 17:38:54.405  1747  1747 I sensors-hal: batch:150, android.sensor.accelerometer/11, period=66667000, max_latency=0 request completed
07-29 17:38:54.407  2463  2539 I SensorAccount: App register sensor to track it noWakeupSensor_10138_0x100000b
07-29 17:38:54.407  2463 15424 I SensorService: 	>>> actuating h/w activate handle=0x100000b enabled=1
07-29 17:38:54.407  1747  1747 I sensors-hal: activate:108, android.sensor.accelerometer/11 en=1
07-29 17:38:54.407  1747  1747 I sensors-hal: acquire_qsh_interface:121, acquire_qsh_interface with sensor_id 104 , conn_type 2 
07-29 17:38:54.409  1714  1828 I minksocket: MinkIPC MESSAGE: ( 1714:1828 ) MinkIPC_QRTR_Service:351 minkipc = 0xb4000071342524b0 sock = 35, client with node 1 port 4866 went down
07-29 17:38:54.409  1714  1806 I minksocket: MinkIPC MESSAGE: ( 1714:1806 ) MinkIPC_QRTR_Service:351 minkipc = 0xb400007134251590 sock = 19, client with node 1 port 4866 went down
07-29 17:38:54.410  1714  1828 I minksocket: MinkIPC MESSAGE: ( 1714:1828 ) MinkIPC_QRTR_Service:351 minkipc = 0xb4000071342524b0 sock = 35, client with node 1 port 4867 went down
07-29 17:38:54.410  1714  1806 I minksocket: MinkIPC MESSAGE: ( 1714:1806 ) MinkIPC_QRTR_Service:351 minkipc = 0xb400007134251590 sock = 19, client with node 1 port 4867 went down
07-29 17:38:54.413  1747  1747 I sensors-hal: qsh_qmi:35, qsh_qmi
07-29 17:38:54.413  1747  1747 I sensors-hal: register_cb:314, suid(low=11115320498015681092,high=2286538866409242278) is new. register callbacks
07-29 17:38:54.413  1714  1828 I minksocket: MinkIPC MESSAGE: ( 1714:1828 ) MinkIPC_QRTR_Service:351 minkipc = 0xb4000071342524b0 sock = 35, client with node 1 port 4868 went down
07-29 17:38:54.413  1747  1747 I sensors-hal: send_sensor_config_request:626, resampler is used, set resampler config
07-29 17:38:54.413  1714  1806 I minksocket: MinkIPC MESSAGE: ( 1714:1806 ) MinkIPC_QRTR_Service:351 minkipc = 0xb400007134251590 sock = 19, client with node 1 port 4868 went down
07-29 17:38:54.413  1747  1747 I sensors-hal: send_sync_sensor_request:531, send sync request
07-29 17:38:54.413  1747  1747 I sensors-hal: send_sync_sensor_request:541, send_sync_sensor_request before send_request for accel with SUID low=11115320498015681092 high=2286538866409242278
07-29 17:38:54.413  1747  1747 I sensors-hal: send_sync_sensor_request:560, wait for notification of response
07-29 17:38:54.414  1714  1806 I minksocket: MinkIPC MESSAGE: ( 1714:1806 ) MinkIPC_QRTR_Service:351 minkipc = 0xb400007134251590 sock = 19, client with node 1 port 4869 went down
07-29 17:38:54.414  1714  1828 I minksocket: MinkIPC MESSAGE: ( 1714:1828 ) MinkIPC_QRTR_Service:351 minkipc = 0xb4000071342524b0 sock = 35, client with node 1 port 4869 went down
07-29 17:38:54.414  1747  9551 I sensors-hal: qsh_conn_resp_cb:886, resp_value = 0 for accel 
07-29 17:38:54.414  1747  1747 I sensors-hal: send_sync_sensor_request:566, takes 1 ms to receive the response with 0
07-29 17:38:54.414  1747  1747 I sensors-hal: activate:119, android.sensor.accelerometer/11 en=1 completed
07-29 17:38:54.415  4497  5159 E Launcher: mFsGestureStatusRefreshRunnable:run usingFsGesture=true   show=true   focus=true   pause=false
07-29 17:38:54.415  3002  3080 E libsensor-parseRGB: CWB NotifyCWBBufferDone  error 0
07-29 17:38:54.421  4497  4497 W RecentsImpl: updateFsgWindowVisibilityState origin isEnter=true, typeFrom=typefrom_home
07-29 17:38:54.421  4497  5159 W RecentsImpl: updateFsgWindowVisibilityStateInBgThread, isEnter=true, typeFrom=typefrom_home, isOpen=true, isKeyguardLocked=false, mIsInAnotherPro=false, isStatusBarExpansion=false
07-29 17:38:54.423  4497  5295 W GestureStubView_Left: adaptRotation   currentRotation=0   mRotation=0
07-29 17:38:54.425  4497  5295 W GestureStubView_Right: adaptRotation   currentRotation=0   mRotation=0
07-29 17:38:54.468  3117  3117 I adbd    : in ShellService: input keyevent BACK
07-29 17:38:54.495  1714  1806 I minksocket: MinkIPC MESSAGE: ( 1714:1806 ) MinkIPC_QRTR_Service:351 minkipc = 0xb400007134251590 sock = 19, client with node 1 port 486b went down
07-29 17:38:54.495  1714  1828 I minksocket: MinkIPC MESSAGE: ( 1714:1828 ) MinkIPC_QRTR_Service:351 minkipc = 0xb4000071342524b0 sock = 35, client with node 1 port 486b went down
07-29 17:38:54.496  1714  1828 I minksocket: MinkIPC MESSAGE: ( 1714:1828 ) MinkIPC_QRTR_Service:351 minkipc = 0xb4000071342524b0 sock = 35, client with node 1 port 486c went down
07-29 17:38:54.497  1714  1806 I minksocket: MinkIPC MESSAGE: ( 1714:1806 ) MinkIPC_QRTR_Service:351 minkipc = 0xb400007134251590 sock = 19, client with node 1 port 486c went down
07-29 17:38:54.498  1714  1806 I minksocket: MinkIPC MESSAGE: ( 1714:1806 ) MinkIPC_QRTR_Service:351 minkipc = 0xb400007134251590 sock = 19, client with node 1 port 486d went down
07-29 17:38:54.499  1714  1828 I minksocket: MinkIPC MESSAGE: ( 1714:1828 ) MinkIPC_QRTR_Service:351 minkipc = 0xb4000071342524b0 sock = 35, client with node 1 port 486d went down
07-29 17:38:54.502  1714  1806 I minksocket: MinkIPC MESSAGE: ( 1714:1806 ) MinkIPC_QRTR_Service:351 minkipc = 0xb400007134251590 sock = 19, client with node 1 port 486e went down
07-29 17:38:54.503  1714  1828 I minksocket: MinkIPC MESSAGE: ( 1714:1828 ) MinkIPC_QRTR_Service:351 minkipc = 0xb4000071342524b0 sock = 35, client with node 1 port 486e went down
07-29 17:38:54.511  2463 15424 W MIUIInput: Input event injection from package: null action ACTION_DOWN keycode 4
07-29 17:38:54.511  2463 15424 W MiuiInputKeyEventLog: keyCode:4 down:true eventTime:7772830 downTime:7772830 policyFlags:2b000000 flags:0 metaState:0 deviceId:-1 isScreenOn:true keyguardActive:false repeatCount:0
07-29 17:38:54.512  2463  2528 W ActivityManagerServiceImpl: Sending non-protected broadcast miui.intent.KEYCODE_BACK from system 2463:system/1000 pkg android. Callers=com.android.server.am.ActivityManagerService.checkBroadcastFromSystem:16255 com.android.server.am.ActivityManagerService.broadcastIntentLockedTraced:17126 com.android.server.am.ActivityManagerService.broadcastIntentLocked:16315 com.android.server.am.ActivityManagerService.broadcastIntentWithFeature:17337 android.app.ContextImpl.sendBroadcastAsUser:1495 
07-29 17:38:54.512  2463  4068 I MIUIInput: [KeyEvent] publisher action:0x0,  keyCode:4 , deviceId=-1, 7772830,channel 'fd7851 com.miui.home/com.miui.home.launcher.Launcher (server)' 
07-29 17:38:54.513  4497  4497 I MIUIInput: [KeyEvent] ViewRootImpl windowName 'com.miui.home/com.miui.home.launcher.Launcher', KeyEvent { action=ACTION_DOWN, keyCode=KEYCODE_BACK, scanCode=0, metaState=0, flags=0x0, repeatCount=0, eventTime=7772830000000, downTime=7772830000000, deviceId=-1, source=0x0, displayId=-1 }, phoneEventTime=17:38:54.511
07-29 17:38:54.520  2463 15424 W MIUIInput: Input event injection from package: null action ACTION_UP keycode 4
07-29 17:38:54.521  2463 15424 W MiuiInputKeyEventLog: keyCode:4 down:false eventTime:7772840 downTime:7772830 policyFlags:2b000000 flags:0 metaState:0 deviceId:-1 isScreenOn:true keyguardActive:false repeatCount:0
07-29 17:38:54.522  2463  2528 W ActivityManagerServiceImpl: Sending non-protected broadcast miui.intent.KEYCODE_BACK from system 2463:system/1000 pkg android. Callers=com.android.server.am.ActivityManagerService.checkBroadcastFromSystem:16255 com.android.server.am.ActivityManagerService.broadcastIntentLockedTraced:17126 com.android.server.am.ActivityManagerService.broadcastIntentLocked:16315 com.android.server.am.ActivityManagerService.broadcastIntentWithFeature:17337 android.app.ContextImpl.sendBroadcastAsUser:1495 
07-29 17:38:54.522  2463  4068 I MIUIInput: [KeyEvent] publisher action:0x1,  keyCode:4 , deviceId=-1, 7772840,channel 'fd7851 com.miui.home/com.miui.home.launcher.Launcher (server)' 
07-29 17:38:54.522  4497  4497 I MIUIInput: [KeyEvent] ViewRootImpl windowName 'com.miui.home/com.miui.home.launcher.Launcher', KeyEvent { action=ACTION_UP, keyCode=KEYCODE_BACK, scanCode=0, metaState=0, flags=0x0, repeatCount=0, eventTime=7772840000000, downTime=7772830000000, deviceId=-1, source=0x0, displayId=-1 }, phoneEventTime=17:38:54.520
07-29 17:38:54.543  4497  4497 W MIUIInput: Back key is intercepted by the app
07-29 17:38:54.544  2463  6120 I SensorService: 	>>> actuating h/w activate handle=0x100000b enabled=0
07-29 17:38:54.544  1747  1747 I sensors-hal: activate:108, android.sensor.accelerometer/11 en=0
07-29 17:38:54.544  1747  1747 I sensors-hal: send_sync_sensor_request:531, send sync request
07-29 17:38:54.544  1747  1747 I sensors-hal: send_sync_sensor_request:541, send_sync_sensor_request before send_request for accel with SUID low=11115320498015681092 high=2286538866409242278
07-29 17:38:54.544  1747  1747 I sensors-hal: send_sync_sensor_request:560, wait for notification of response
07-29 17:38:54.545  1747  9551 I sensors-hal: qsh_conn_resp_cb:886, resp_value = 0 for accel 
07-29 17:38:54.545  1747  1747 I sensors-hal: send_sync_sensor_request:566, takes 1 ms to receive the response with 0
07-29 17:38:54.546  1747  1747 I sensors-hal: ~qsh_qmi:62, ~qsh_qmi
07-29 17:38:54.546  1747  1747 I sensors-hal: activate:119, android.sensor.accelerometer/11 en=0 completed
07-29 17:38:54.547  2463  2539 I SensorAccount: App unregister sensor noWakeupSensor_10138_0x100000b
07-29 17:38:54.547  1714  1806 I minksocket: MinkIPC MESSAGE: ( 1714:1806 ) MinkIPC_QRTR_Service:351 minkipc = 0xb400007134251590 sock = 19, client with node 1 port 486a went down
07-29 17:38:54.547  1714  1828 I minksocket: MinkIPC MESSAGE: ( 1714:1828 ) MinkIPC_QRTR_Service:351 minkipc = 0xb4000071342524b0 sock = 35, client with node 1 port 486a went down
07-29 17:38:54.548  4497  5159 E Launcher: mFsGestureStatusRefreshRunnable:run usingFsGesture=true   show=true   focus=true   pause=false
07-29 17:38:54.556  4497  4497 W RecentsImpl: updateFsgWindowVisibilityState origin isEnter=false, typeFrom=typefrom_home
07-29 17:38:54.557  4497  5159 W RecentsImpl: updateFsgWindowVisibilityStateInBgThread, isEnter=false, typeFrom=typefrom_home, isOpen=true, isKeyguardLocked=false, mIsInAnotherPro=false, isStatusBarExpansion=false
07-29 17:38:54.557  4497  5159 W RecentsImpl: getTopActivity from observer.   cn=ComponentInfo{com.miui.home/com.miui.home.launcher.Launcher}
07-29 17:38:54.591  1827  2752 I vendor.qti.hardware.display.composer-service: Sensor: notify citsensorservice to trigger cwb, misForced = 0
07-29 17:38:54.593  3002  4297 I libsensor-parseRGB: request dump start for mRequestDisplayId 0
07-29 17:38:54.615  3002  3080 E libsensor-parseRGB: CWB NotifyCWBBufferDone  error 0
07-29 17:38:54.626  3117  3117 I adbd    : in ShellService: pm list packages -f
07-29 17:38:54.632  1921  8844 I NxpNciR : len =  13 > 6F360A1902009D02000000000C
07-29 17:38:54.699  7989  7989 I PackageInstallReceiver: action = android.intent.action.PACKAGE_CHANGED packageName = com.miui.cleanmaster
07-29 17:38:54.699  7989  7989 W InstalledPackagesMemoryCache: Unknown action: android.intent.action.PACKAGE_CHANGED
07-29 17:38:54.699  7989  7989 I ServiceDeliveryCapability: onAppChanged:com.miui.cleanmaster action:android.intent.action.PACKAGE_CHANGED
07-29 17:38:54.700  7989  7989 I AppWidgetDelegate: updateAppWidgets for com.miui.cleanmaster
07-29 17:38:54.700  7989  7989 I WidgetController: WidgetController.updateOrRemoveStackWhenPackageChanged: packageName com.miui.cleanmaster
07-29 17:38:54.700  7989  7989 I WidgetBackgroundBlurManager: onAppChanged appPackageName : com.miui.cleanmaster
07-29 17:38:54.700  7989  8665 I AppWidgetDelegate: removeAllWidgets com.xiaomi.misettings.usagestats.widget.desktop.widget.SimpleUsageStatsWidget
07-29 17:38:54.700  7989  8665 I AppWidgetDelegate: removeAllWidgets com.android.calendar.widget.NearEventAppWidget
07-29 17:38:54.708  2463  4644 I SensorAccount: ExecutionCapabilityChanged  pkgName:com.miui.home  canAfford:true mCurrentForegroundUid:10138
07-29 17:38:54.712  3117  3117 I adbd    : in ShellService: ps
07-29 17:38:54.721 20571 20571 I abb     : StartCommandInProcess(73657474696e67730067657400676c6f settings.get.glo [truncated])
07-29 17:38:54.721  2463  2463 W binder:2463_D: type=1400 audit(0.0:8801): avc:  denied  { getopt } for  scontext=u:r:system_server:s0 tcontext=u:r:shell:s0 tclass=unix_stream_socket permissive=0
07-29 17:38:54.721  2463  2463 W binder:2463_D: type=1400 audit(0.0:8802): avc:  denied  { getopt } for  scontext=u:r:system_server:s0 tcontext=u:r:shell:s0 tclass=unix_stream_socket permissive=0
07-29 17:38:54.721  2463  2463 W binder:2463_D: type=1400 audit(0.0:8803): avc:  denied  { getopt } for  scontext=u:r:system_server:s0 tcontext=u:r:shell:s0 tclass=unix_stream_socket permissive=0
07-29 17:38:54.726  3117  3117 I adbd    : in ShellService: pm list packages -f
07-29 17:38:54.737 20571 20571 I abb     : StartCommandInProcess(7061636b61676500696e7374616c6c00 package.install. [truncated])
07-29 17:38:54.743  2463  5441 I InstallationTiming: beginInstall_sessionId: 1285897155
07-29 17:38:54.799  1827  2752 I vendor.qti.hardware.display.composer-service: Sensor: notify citsensorservice to trigger cwb, misForced = 0
07-29 17:38:54.800  3002  4297 I libsensor-parseRGB: request dump start for mRequestDisplayId 0
07-29 17:38:54.823  3002  6353 E libsensor-parseRGB: CWB NotifyCWBBufferDone  error 0
07-29 17:38:55.007  1827  2752 I vendor.qti.hardware.display.composer-service: Sensor: notify citsensorservice to trigger cwb, misForced = 0
07-29 17:38:55.009  3002  4297 I libsensor-parseRGB: request dump start for mRequestDisplayId 0
07-29 17:38:55.031  3002  3081 E libsensor-parseRGB: CWB NotifyCWBBufferDone  error 0
07-29 17:38:55.214  1827  2752 I vendor.qti.hardware.display.composer-service: Sensor: notify citsensorservice to trigger cwb, misForced = 0
07-29 17:38:55.215  3002  4297 I libsensor-parseRGB: request dump start for mRequestDisplayId 0
07-29 17:38:55.240  3002  6353 E libsensor-parseRGB: CWB NotifyCWBBufferDone  error 0
07-29 17:38:55.301  2463  5177 I NetworkAccelerateSwitchService: EVENT_RSSI_POLL. mRssiPoll=true
07-29 17:38:55.302  2463  5177 I NetworkAccelerateSwitchService: getAverageWifiRssi:63
07-29 17:38:55.328  1827  2108 I SDM     : DisplayBase::CommitThread: Received idle timeout, panel: cmd, timeout: 69999 us
07-29 17:38:55.364  1827  1827 I SDM     : HWCDisplay::SetActiveConfigWithConstraints: display:66-0, config: 1, WxH 1200x2670, fps 120
07-29 17:38:55.364  1827  1827 W SDM     : HWDeviceDRM::GetSupportedBitClkRate: Requested rate not supported: 1150000000
07-29 17:38:55.364  1827  1827 I SDM     : HWDeviceDRM::UpdateMixerAttributes: Mixer WxH 1200x2670-1 for Peripheral
07-29 17:38:55.364  1827  1827 I SDM     : HWCDisplay::SubmitDisplayConfig: Active configuration changed from config 3 to 1
07-29 17:38:55.364  1827  1827 I SDM     : HWCDisplay::SubmitDisplayConfig: Active WxH 1200x2670 ,ddic_mode:idle, timing_fps: 120, sf_fps: 120
07-29 17:38:55.421  2463  2463 W binder:2463_D: type=1400 audit(0.0:8804): avc:  denied  { getopt } for  scontext=u:r:system_server:s0 tcontext=u:r:shell:s0 tclass=unix_stream_socket permissive=0
07-29 17:38:55.444  1827  2108 I SDM     : DisplayBase::CommitThread: Received idle timeout, panel: cmd, timeout: 70000 us
07-29 17:38:55.485  2463  4102 W RuleEvaluation: Integrity rule files are not available.
07-29 17:38:55.485  2463  2775 I PackageManager: Integrity check passed for file:///data/app/vmdl1285897155.tmp
07-29 17:38:55.505  7919  7966 W stagram.android: Profile data size exceeds 500000 bytes. It has 639511 bytes.
07-29 17:38:55.509 29672 29721 I Finsky  : [1511] kvo.run(758): AIM: AppInfoManager-Perf > Destroying AppInfoManager ...
07-29 17:38:55.517  7958  7958 I UserConsentManager: onPermissionsChanged: 10348
07-29 17:38:55.518  7958  7958 I UserConsentManager: onPermissionsChanged: 10348
07-29 17:38:55.519  7958  7958 I UserConsentManager: onPermissionsChanged: 10348
07-29 17:38:55.523  1827  2752 I vendor.qti.hardware.display.composer-service: Sensor: notify citsensorservice to trigger cwb, misForced = 1
07-29 17:38:55.523  3002  4297 I libsensor-parseRGB: request dump start for mRequestDisplayId 0
07-29 17:38:55.538  2463  2506 E AppOps  : Trying to set mode for unknown uid 10348.
07-29 17:38:55.545  3002  3080 E libsensor-parseRGB: CWB NotifyCWBBufferDone  error 0
07-29 17:38:55.551 20584 21785 I artd    : Merge skipped because there are no existing profiles
07-29 17:38:55.552  2463  2775 I ArtService: Adjusting the compiler filter for 'org.wikipedia.beta' from 'speed-profile' to 'verify' because there is no valid profile
07-29 17:38:55.552 20584 21785 I artd    : Dex parent of /data/app/~~epO_Z3qJxL3iykOyqSwKLA==/org.wikipedia.beta-JxQp7k6yBRPPA16fKGxemA==/base.apk is not writable: Permission denied
07-29 17:38:55.553 20584 21785 I artd    : GetBestInfo checking odex in dalvik-cache (/data/dalvik-cache/arm64/data@app@~~epO_Z3qJxL3iykOyqSwKLA==@org.wikipedia.beta-JxQp7k6yBRPPA16fKGxemA==@base.apk@classes.dex)
07-29 17:38:55.553 20584 21785 I artd    : Loading /data/dalvik-cache/arm64/data@app@~~epO_Z3qJxL3iykOyqSwKLA==@org.wikipedia.beta-JxQp7k6yBRPPA16fKGxemA==@base.apk@classes.dex with executable: 0
07-29 17:38:55.553 20584 21785 I artd    : OatFileAssistant test for existing oat file /data/dalvik-cache/arm64/data@app@~~epO_Z3qJxL3iykOyqSwKLA==@org.wikipedia.beta-JxQp7k6yBRPPA16fKGxemA==@base.apk@classes.dex: File /data/dalvik-cache/arm64/data@app@~~epO_Z3qJxL3iykOyqSwKLA==@org.wikipedia.beta-JxQp7k6yBRPPA16fKGxemA==@base.apk@classes.vdex does not exist.
07-29 17:38:55.553 20584 21785 I artd    : GetBestInfo checking odex next to the dex file (/data/app/~~epO_Z3qJxL3iykOyqSwKLA==/org.wikipedia.beta-JxQp7k6yBRPPA16fKGxemA==/oat/arm64/base.odex)
07-29 17:38:55.553 20584 21785 I artd    : Loading /data/app/~~epO_Z3qJxL3iykOyqSwKLA==/org.wikipedia.beta-JxQp7k6yBRPPA16fKGxemA==/oat/arm64/base.odex with executable: 0
07-29 17:38:55.553 20584 21785 I artd    : OatFileAssistant test for existing oat file /data/app/~~epO_Z3qJxL3iykOyqSwKLA==/org.wikipedia.beta-JxQp7k6yBRPPA16fKGxemA==/oat/arm64/base.odex: File /data/app/~~epO_Z3qJxL3iykOyqSwKLA==/org.wikipedia.beta-JxQp7k6yBRPPA16fKGxemA==/oat/arm64/base.vdex does not exist.
07-29 17:38:55.553 20584 21785 I artd    : GetBestInfo checking vdex in dalvik-cache (/data/dalvik-cache/arm64/data@app@~~epO_Z3qJxL3iykOyqSwKLA==@org.wikipedia.beta-JxQp7k6yBRPPA16fKGxemA==@base.apk@classes.vdex)
07-29 17:38:55.553 20584 21785 I artd    : unable to open vdex file /data/dalvik-cache/arm64/data@app@~~epO_Z3qJxL3iykOyqSwKLA==@org.wikipedia.beta-JxQp7k6yBRPPA16fKGxemA==@base.apk@classes.vdex: File /data/dalvik-cache/arm64/data@app@~~epO_Z3qJxL3iykOyqSwKLA==@org.wikipedia.beta-JxQp7k6yBRPPA16fKGxemA==@base.apk@classes.vdex does not exist.
07-29 17:38:55.553 20584 21785 I artd    : OatFileAssistant test for existing oat file /data/dalvik-cache/arm64/data@app@~~epO_Z3qJxL3iykOyqSwKLA==@org.wikipedia.beta-JxQp7k6yBRPPA16fKGxemA==@base.apk@classes.vdex: File /data/dalvik-cache/arm64/data@app@~~epO_Z3qJxL3iykOyqSwKLA==@org.wikipedia.beta-JxQp7k6yBRPPA16fKGxemA==@base.apk@classes.vdex does not exist.
07-29 17:38:55.553 20584 21785 I artd    : GetBestInfo checking vdex next to the dex file (/data/app/~~epO_Z3qJxL3iykOyqSwKLA==/org.wikipedia.beta-JxQp7k6yBRPPA16fKGxemA==/oat/arm64/base.vdex)
07-29 17:38:55.553 20584 21785 I artd    : unable to open vdex file /data/app/~~epO_Z3qJxL3iykOyqSwKLA==/org.wikipedia.beta-JxQp7k6yBRPPA16fKGxemA==/oat/arm64/base.vdex: File /data/app/~~epO_Z3qJxL3iykOyqSwKLA==/org.wikipedia.beta-JxQp7k6yBRPPA16fKGxemA==/oat/arm64/base.vdex does not exist.
07-29 17:38:55.553 20584 21785 I artd    : OatFileAssistant test for existing oat file /data/app/~~epO_Z3qJxL3iykOyqSwKLA==/org.wikipedia.beta-JxQp7k6yBRPPA16fKGxemA==/oat/arm64/base.vdex: File /data/app/~~epO_Z3qJxL3iykOyqSwKLA==/org.wikipedia.beta-JxQp7k6yBRPPA16fKGxemA==/oat/arm64/base.vdex does not exist.
07-29 17:38:55.553 20584 21785 I artd    : GetBestInfo checking dm (/data/app/~~epO_Z3qJxL3iykOyqSwKLA==/org.wikipedia.beta-JxQp7k6yBRPPA16fKGxemA==/base.dm)
07-29 17:38:55.553 20584 21785 I artd    : GetBestInfo no usable artifacts
07-29 17:38:55.561  7919  7992 W CrashLoopRemedyLog: unable to delete remedy log, instaCrash: true
07-29 17:38:55.562 20584 21785 I artd    : Running dex2oat: /apex/com.android.art/bin/art_exec --drop-capabilities --set-task-profile=Dex2OatBootComplete --set-priority=background --keep-fds=7:8:9:10:11:12 -- /apex/com.android.art/bin/dex2oat64 --zip-fd=7 --zip-location=/data/app/~~epO_Z3qJxL3iykOyqSwKLA==/org.wikipedia.beta-JxQp7k6yBRPPA16fKGxemA==/base.apk --oat-fd=8 --oat-location=/data/app/~~epO_Z3qJxL3iykOyqSwKLA==/org.wikipedia.beta-JxQp7k6yBRPPA16fKGxemA==/oat/arm64/base.odex --output-vdex-fd=9 --swap-fd=10 --class-loader-context-fds=11:12 --class-loader-context=PCL[]{PCL[/system_ext/framework/androidx.window.extensions.jar]#PCL[/system_ext/framework/androidx.window.sidecar.jar]} --classpath-dir=/data/app/~~epO_Z3qJxL3iykOyqSwKLA==/org.wikipedia.beta-JxQp7k6yBRPPA16fKGxemA== --instruction-set=arm64 --instruction-set-features=default --instruction-set-variant=kryo300 --compiler-filter=verify --compilation-reason=install --compact-dex-level=none --max-image-block-size=524288 --resolve-startup-const-strings=true --generate-mini-debug-info --runtime-arg -Xtarget-sdk-version:31 --runtime-arg -Xhidden-api-policy:enabled -j6 --runtime-arg -Xms64m --runtime-arg -Xmx512m --comments=app-name:org.wikipedia.beta,app-version-name:2.7.50408-beta-2022-06-23,app-version-code:50408,art-version:352090000
07-29 17:38:55.562 20584 21785 I artd    : Opened FDs: 7:/data/app/~~epO_Z3qJxL3iykOyqSwKLA==/org.wikipedia.beta-JxQp7k6yBRPPA16fKGxemA==/base.apk 8:/data/app/~~epO_Z3qJxL3iykOyqSwKLA==/org.wikipedia.beta-JxQp7k6yBRPPA16fKGxemA==/oat/arm64/base.odex.poVQHD.tmp 9:/data/app/~~epO_Z3qJxL3iykOyqSwKLA==/org.wikipedia.beta-JxQp7k6yBRPPA16fKGxemA==/oat/arm64/base.vdex.1WThUl.tmp 10:/data/app/~~epO_Z3qJxL3iykOyqSwKLA==/org.wikipedia.beta-JxQp7k6yBRPPA16fKGxemA==/oat/arm64/base.odex.swap.ntDFrC.tmp 11:/system_ext/framework/androidx.window.sidecar.jar 12:/system_ext/framework/androidx.window.extensions.jar 
07-29 17:38:55.582  9688  9688 W libprocessgroup: JoinCgroup: controller schedtune is not found
07-29 17:38:55.598  9688  9688 W dex2oat64: Obsolete flag --compact-dex-level ignored
07-29 17:38:55.600  9688  9688 I dex2oat64: /apex/com.android.art/bin/dex2oat64 --output-vdex-fd=9 --class-loader-context-fds=11:12 --class-loader-context=PCL[]{PCL[/system_ext/framework/androidx.window.extensions.jar]#PCL[/system_ext/framework/androidx.window.sidecar.jar]} --classpath-dir=/data/app/~~epO_Z3qJxL3iykOyqSwKLA==/org.wikipedia.beta-JxQp7k6yBRPPA16fKGxemA== --compiler-filter=verify --compilation-reason=install --compact-dex-level=none --max-image-block-size=524288 --resolve-startup-const-strings=true --generate-mini-debug-info -j6 --comments=app-name:org.wikipedia.beta,app-version-name:2.7.50408-beta-2022-06-23,app-version-code:50408,art-version:352090000
07-29 17:38:55.603  1827  2108 I SDM     : DisplayBase::CommitThread: Received idle timeout, panel: cmd, timeout: 70000 us
07-29 17:38:55.693  2463  4412 I SmartPower: com.miui.cleanmaster/10266(21077): background->idle(3000ms) R(service create com.miui.cleanmaster/com.miui.optimizecenter.service.CleanMasterService) adj=905.
07-29 17:38:55.697  2463  2536 I ExtM    : zram userate is low, no need to flush: 11
07-29 17:38:55.697  2463  4412 I SmartPower: com.android.packageinstaller/10097(11835): background->idle(3000ms) R(broadcast start Intent { act=android.intent.action.PACKAGE_ADDED dat=package: flg=0x5000010 pkg=com.android.packageinstaller (has extras) }) adj=915.
07-29 17:38:55.705  9688  9688 I dex2oat64: Using CollectorTypeCC GC.
07-29 17:38:55.710  2463 15424 W ContentProviderHelper: No provider info for content provider  when providerRunning is false, caller is ProcessRecord{15056c5 18854:com.android.quicksearchbox:ApplicationsProvider/u0a136}
07-29 17:38:55.710 18854 18878 E ActivityThread: Failed to find provider info for 
07-29 17:38:55.711  2463 15424 W ContentProviderHelper: No provider info for content provider  when providerRunning is false, caller is null
07-29 17:38:55.713  1614  4006 E u4native: [InfoLevelMessage] [INFO:not_a_file.cc(0)] BrowserIOThread heartbeat, pid/tid: 1614/4006, interval/index: 30s/4, ucCoreSoImplVersion: 5.12.11.0_250212150536
07-29 17:38:55.714  2463 15424 I ClipboardServiceI: checkProviderWakePathForClipboard: com.android.quicksearchboxis not a activePermissionOwner
07-29 17:38:55.718  2463 15424 W ContentProviderHelper: Permission Denial: opening provider com.alibaba.aliexpress.android.search.nav.SearchSuggestionProvider from ProcessRecord{15056c5 18854:com.android.quicksearchbox:ApplicationsProvider/u0a136} (pid=18854, uid=10136) that is not exported from UID 10303
07-29 17:38:55.721  2463 15424 I ClipboardServiceI: checkProviderWakePathForClipboard: com.android.quicksearchboxis not a activePermissionOwner
07-29 17:38:55.721  2463  4205 I MiuiNetworkPolicy: updateUidState uid = 10303, uidState = 6
07-29 17:38:55.722  2463  4205 I MiuiNetworkPolicy: updateUidState uid = 10169, uidState = 6
07-29 17:38:55.726  2463  4205 I MiuiNetworkPolicy: updateUidState uid = 10303, uidState = 19
07-29 17:38:55.726  2463  4205 I MiuiNetworkPolicy: updateUidState uid = 10169, uidState = 19
07-29 17:38:55.728 18854 18878 W ContentResolver: Failed to get type for: content://com.alibaba.aliexpress.android.search.nav.SearchSuggestionProvider/products (Unknown URL content://com.alibaba.aliexpress.android.search.nav.SearchSuggestionProvider/products)
07-29 17:38:55.728  2463  5129 W Bundle  : Failed to parse item error, returning null.
07-29 17:38:55.728  2463  5129 W Bundle  : android.os.BadTypeParcelableException: Parcelable creator android.os.ParcelableException is not a subclass of required class java.lang.String provided in the parameter
07-29 17:38:55.728  2463  5129 W Bundle  : 	at android.os.Parcel.readParcelableCreatorInternal(Parcel.java:5206)
07-29 17:38:55.728  2463  5129 W Bundle  : 	at android.os.Parcel.readParcelableInternal(Parcel.java:5080)
07-29 17:38:55.728  2463  5129 W Bundle  : 	at android.os.Parcel.readValue(Parcel.java:4840)
07-29 17:38:55.728  2463  5129 W Bundle  : 	at android.os.Parcel.readValue(Parcel.java:4609)
07-29 17:38:55.728  2463  5129 W Bundle  : 	at android.os.Parcel.-$$Nest$mreadValue(Unknown Source:0)
07-29 17:38:55.728  2463  5129 W Bundle  : 	at android.os.Parcel$LazyValue.apply(Parcel.java:4707)
07-29 17:38:55.728  2463  5129 W Bundle  : 	at android.os.Parcel$LazyValue.apply(Parcel.java:4666)
07-29 17:38:55.728  2463  5129 W Bundle  : 	at android.os.BaseBundle.unwrapLazyValueFromMapLocked(BaseBundle.java:416)
07-29 17:38:55.728  2463  5129 W Bundle  : 	at android.os.BaseBundle.getValueAt(BaseBundle.java:402)
07-29 17:38:55.728  2463  5129 W Bundle  : 	at android.os.BaseBundle.getPairValue(BaseBundle.java:282)
07-29 17:38:55.728  2463  5129 W Bundle  : 	at com.android.server.am.ContentProviderHelper.lambda$getMimeTypeFilterAsync$1(ContentProviderHelper.java:1212)
07-29 17:38:55.728  2463  5129 W Bundle  : 	at com.android.server.am.ContentProviderHelper.$r8$lambda$JV9jTPlBHAPZLxkKAqq24ds-FLE(Unknown Source:0)
07-29 17:38:55.728  2463  5129 W Bundle  : 	at com.android.server.am.ContentProviderHelper$$ExternalSyntheticLambda1.onResult(D8$$SyntheticClass:0)
07-29 17:38:55.728  2463  5129 W Bundle  : 	at android.os.RemoteCallback.sendResult(RemoteCallback.java:76)
07-29 17:38:55.728  2463  5129 W Bundle  : 	at android.os.RemoteCallback$1.sendResult(RemoteCallback.java:53)
07-29 17:38:55.728  2463  5129 W Bundle  : 	at android.os.IRemoteCallback$Stub.onTransact(IRemoteCallback.java:85)
07-29 17:38:55.728  2463  5129 W Bundle  : 	at android.os.Binder.execTransactInternal(Binder.java:1512)
07-29 17:38:55.728  2463  5129 W Bundle  : 	at android.os.Binder.execTransact(Binder.java:1451)
07-29 17:38:55.737  1614  4038 E u4native: [InfoLevelMessage] [INFO:not_a_file.cc(0)] NetworkServiceThread heartbeat, pid/tid: 1614/4038, interval/index: 30s/4
07-29 17:38:55.802  2463  2536 I ExtM    : zram userate is low, no need to flush: 11
07-29 17:38:55.849  2463  4412 I SmartPower: com.android.browser/10134(19009): background->idle(3007ms) R(broadcast start Intent { act=miui.intent.action.PACKAGE_FIRST_LAUNCH flg=0x1000010 (has extras) }) adj=905.
07-29 17:38:55.871  3117  3117 I adbd    : in ShellService: ps
07-29 17:38:55.880  2463  4205 I MiuiNetworkPolicy: updateUidState uid = 10294, uidState = 19
07-29 17:38:55.947  9688  9688 I dex2oat64: dex2oat took 349.165ms (999.629ms cpu) (threads: 6) arena alloc=0B (0B) java alloc=11MB (11544752B) native alloc=3635KB (3722592B) free=1109KB (1136464B)
07-29 17:38:55.955 20584 21785 I artd    : dex2oat returned code 0
07-29 17:38:55.964  2463  2775 I ArtService: Dexopt result: [packageName = org.wikipedia.beta] DexContainerFileDexoptResult{dexContainerFile=/data/app/~~epO_Z3qJxL3iykOyqSwKLA==/org.wikipedia.beta-JxQp7k6yBRPPA16fKGxemA==/base.apk, primaryAbi=true, abi=arm64-v8a, actualCompilerFilter=verify, status=PERFORMED, dex2oatWallTimeMillis=394, dex2oatCpuTimeMillis=1030, sizeBytes=10987864, sizeBeforeBytes=0, extendedStatusFlags=[]}
07-29 17:38:55.965  2463 20589 I Miui32BitTranslateHelper: 32BitPretranslate: skipping APK pre-translation for org.wikipedia.beta
07-29 17:38:55.966  2463  2775 W PackageFreezer: Freeze package org.wikipedia.beta about 0.464 seconds for reason: installPackageLI
07-29 17:38:55.967  2463  2775 I BackupManagerService: [UserID:0] restoreAtInstall pkg=org.wikipedia.beta token=d restoreSet=0
07-29 17:38:55.969  1844  1844 I vendor.qti.hardware.servicetrackeraidl-service: bindService is called for service : com.google.android.gms/.backup.BackupTransportService and for client system
07-29 17:38:55.970  1844  1844 I vendor.qti.hardware.servicetrackeraidl-service: total connections for service : com.google.android.gms/.backup.BackupTransportServiceare :1
07-29 17:38:55.970  1844  1844 I vendor.qti.hardware.servicetrackeraidl-service: total connections for client : systemare :31
07-29 17:38:55.979  2463  2463 I TransportConnection: BackupTransportService#1283: Notifying [BMS.restoreAtInstall] transport = BackupTransportClient
07-29 17:38:55.983 31105 32766 W AndroidBackupEventsLogg: Flag disabled, logging without sampling [CONTEXT service_id=229 ]
07-29 17:38:55.983 31105 32766 I AndroidBackupEventsLogg: (REDACTED) Logging without sampling %s
07-29 17:38:55.983  1844  1844 I vendor.qti.hardware.servicetrackeraidl-service: unbindService is called for service : com.google.android.gms/.backup.BackupTransportService and for client system
07-29 17:38:55.983  1844  1844 I vendor.qti.hardware.servicetrackeraidl-service: size of service connections for service: com.google.android.gms/.backup.BackupTransportServiceafter removal is 0
07-29 17:38:55.983  1844  1844 I vendor.qti.hardware.servicetrackeraidl-service: size of client connections for client: systemafter removal is 30
07-29 17:38:55.983  1844  1844 I vendor.qti.hardware.servicetrackeraidl-service: destroyService is called for service : com.google.android.gms/.backup.BackupTransportService
07-29 17:38:55.984 31105 32766 W AndroidBackupEventsLogg: Flag disabled, logging without sampling [CONTEXT service_id=229 ]
07-29 17:38:55.988  2463  2775 I InstallationTiming: org.wikipedia.beta|null|1245|686|16|18|1|13|418
07-29 17:38:55.988  2463  2775 I AppsFilter: interaction: PackageSetting{95afdb5 com.android.microdroid.empty_payload/10236} -> PackageSetting{e34fb8e org.wikipedia.beta/10348} BLOCKED
07-29 17:38:55.988 31105 32766 I AndroidBackupEventsLogg: (REDACTED) Logging without sampling %s
07-29 17:38:55.988  2463  2775 I AppsFilter: interaction: PackageSetting{d5707bb io.appium.uiautomator2.server.test/10280} -> PackageSetting{e34fb8e org.wikipedia.beta/10348} BLOCKED
07-29 17:38:55.988  2463  2775 I AppsFilter: interaction: PackageSetting{125f549 io.github.ylimit.droidbotapp/10347} -> PackageSetting{e34fb8e org.wikipedia.beta/10348} BLOCKED
07-29 17:38:55.989  2463  2775 I AppsFilter: interaction: PackageSetting{80b74d8 com.rongcard.eid/10151} -> PackageSetting{e34fb8e org.wikipedia.beta/10348} BLOCKED
07-29 17:38:55.989  2463  2775 I AppsFilter: interaction: PackageSetting{18ac031 io.appium.settings/10274} -> PackageSetting{e34fb8e org.wikipedia.beta/10348} BLOCKED
07-29 17:38:55.989  2463  2463 W binder:2463_D: type=1400 audit(0.0:8805): avc:  denied  { getopt } for  scontext=u:r:system_server:s0 tcontext=u:r:shell:s0 tclass=unix_stream_socket permissive=0
07-29 17:38:55.989  2463  2463 W binder:2463_D: type=1400 audit(0.0:8806): avc:  denied  { getopt } for  scontext=u:r:system_server:s0 tcontext=u:r:shell:s0 tclass=unix_stream_socket permissive=0
07-29 17:38:55.989  2463  2463 W binder:2463_D: type=1400 audit(0.0:8807): avc:  denied  { getopt } for  scontext=u:r:system_server:s0 tcontext=u:r:shell:s0 tclass=unix_stream_socket permissive=0
07-29 17:38:55.997  8013  9423 I MiuiVpnManageService: PackageMonitor. onPackageAdded: packageName =org.wikipedia.beta
07-29 17:38:55.998  2463  4442 W PackageManager: Failed registering loading progress callback. Package is fully loaded.
07-29 17:38:55.998  2463  4301 E AppOps  : attributionTag VCN not declared in manifest of android
07-29 17:38:55.998  2463  2528 I MiuiCompatModePackages: package org.wikipedia.beta updated, removing config
