07-29 20:56:51.645  1839  7244 E ANDR-PERF-LM: SAGT_ACTION: updateAutoPenatly() 161: recovery auto penatly gamefps 30.000000, measured fps is 31.000000, gap is -1.000000 
07-29 20:56:51.651  4497  4497 I HandWritingStubImpl: getCurrentKeyboardType: 1
07-29 20:56:51.659  3117  3117 I adbd    : in ShellService: getprop ro.secure
07-29 20:56:51.668  9900 23482 I Market-DownloadLimitSpeedManager: stopLimitSpeed
07-29 20:56:51.668  9900 23482 I Market-LimitSpeedManager: stopLimitSpeedNow() =========== 
07-29 20:56:51.672  9900 23482 I Market-RetrofitRequest: callEnd : https://updateinfo.market.xiaomi.com/apm/updateinfo/diffsize
07-29 20:56:51.672  9900 23482 I Market-LocalAppManager: queryDiffSizeFromServer end
07-29 20:56:51.673  9900 23446 I Market-SubScriptManager: updateMarketSubScript forceShow : false
07-29 20:56:51.674  9900 23446 I Market-SubScriptManager: get count 61
07-29 20:56:51.674  9900 23482 I Market-WakeLockManager: release wakeLock: CheckUpdateService
07-29 20:56:51.674  9900 23446 I Market-SubScriptManager: get count 61
07-29 20:56:51.676  2463  6119 I ActivityManager: Cancel FGS notification userId: 0 definingUid: 10167 packageName: com.xiaomi.market processName:com.xiaomi.market ChannelId:com.xiaomi.market_hide foregroundNotiWhen:1753793811108 Notiflags:104
07-29 20:56:51.676  1844  1844 I vendor.qti.hardware.servicetrackeraidl-service: destroyService is called for service : com.xiaomi.market/.business_core.update.auto.CheckUpdateService
07-29 20:56:51.677  2463  6119 W ForegroundServiceTypeLoggerModule: FGS stop call for: 10167 has no types!
07-29 20:56:51.677  2463  2463 I NotificationService: Cancel FGS notification CallingUid: 10167 CallingPid: 9900 Pkg: com.xiaomi.market Id:65355773 Tag:null UserId:0 MustHaveFlags:0 MustNotHaveFlags:0 Reason:8 foregroundNotiWhen:1753793811108 foregroundNotiFlags:104 foregroundNotiChannelId:com.xiaomi.market_hide
07-29 20:56:51.678  9900  9900 I Market-ServiceUtils: stop foreground service: CheckUpdateService
07-29 20:56:51.683  2463  4205 I MiuiNetworkPolicy: updateUidState uid = 10261, uidState = 19
07-29 20:56:51.683  2463  4205 I MiuiNetworkPolicyTrafficLimit: updateWhiteListUidForMobileTraffic uid=10261,add=false
07-29 20:56:51.685  2463  4205 I MiuiNetworkPolicy: updateUidState uid = 10203, uidState = 6
07-29 20:56:51.685  2463  4205 I MiuiNetworkPolicy: updateUidState uid = 10167, uidState = 10
07-29 20:56:51.685  2463  4205 I MiuiNetworkPolicyTrafficLimit: updateWhiteListUidForMobileTraffic uid=10167,add=false
07-29 20:56:51.685  2463  4205 I MiuiNetworkPolicy: updateUidState uid = 10158, uidState = 19
07-29 20:56:51.686  2463  4205 I MiuiNetworkPolicyTrafficLimit: updateWhiteListUidForMobileTraffic uid=10158,add=false
07-29 20:56:51.691  4979  4979 E NotifCollection: No notification to remove with key 0|com.xiaomi.market|65355773|null|10167 reason=8:REASON_APP_CANCEL
07-29 20:56:51.701  2463  5109 I NetworkBoostStatusManager: handle: 102
07-29 20:56:51.701  2463  5109 I NetworkBoostStatusManager: interfaceOnCapabilitiesChanged interface name:wlan0
07-29 20:56:51.705  8724  8724 I NetBusNetworkMonitor: onCapabilitiesChanged isPrimary = true
07-29 20:56:51.706  4916  6348 E PhoneAdapter: get ntnphones failed, exception: java.lang.IllegalStateException: Default phones haven't been made yet!
07-29 20:56:51.715  9744 10038 W Settings: Setting device_provisioned has moved from android.provider.Settings.Secure to android.provider.Settings.Global.
07-29 20:56:51.716  9744 10038 I JoyoseCloudControlManager3: network metered changed, network metered: false, deviceProvisioned: true, scAllowConn: true, try to setNetworkAccessEnabled: true
07-29 20:56:51.720 19382 19460 I Cir_Miplay_NetworkListenerHelper: onCapabilitiesChanged#network=103
07-29 20:56:51.721 19382 19460 I Cir_Miplay_NetworkListenerHelper: onCapabilitiesChanged network type wifi
07-29 20:56:51.721 31076 31441 I NearbyMediums: WifiNetwork defaultNetworkCallback onCapabilitiesChanged network:103 [ WIFI VPN ] isNonBypassable:false
07-29 20:56:51.722  1827  2108 I SDM     : DisplayBase::CommitThread: Received idle timeout, panel: cmd, timeout: 69999 us
07-29 20:56:51.725  3117  3117 I adbd    : in ShellService: getprop ro.debuggable
07-29 20:56:51.726  9900  9930 I m.xiaomi.market: This is non sticky GC, maxfree is 16777216 minfree is 8388608
07-29 20:56:51.729  9900  9932 W System  : A resource failed to call close. 
07-29 20:56:51.730  9900  9932 W System  : A resource failed to call close. 
07-29 20:56:51.730  9900  9932 W System  : A resource failed to call close. 
07-29 20:56:51.730  9900  9932 W System  : A resource failed to call close. 
07-29 20:56:51.729  8724  8724 I NetBusNetworkMonitor: gateway=192.*.*.1
07-29 20:56:51.733  8724  8724 I NetBusNetworkMonitor: addConnectNetworkInterface mediumType:256, detail:NetworkDetailInfo{mIsConnected=false, mIsSupportTdls=true, mNetworkType=0, mIpAddress=192.*.*.11, mIfName=wlan0, mGateway=192.*.*.1, mNetmask=255.*.*.0, mSsid=C**01}
07-29 20:56:51.733  8724  8724 I NetBusNetworkMonitor: onCapabilitiesChanged handle=441492361229, mediumType=256, ifName=wlan0
07-29 20:56:51.767  1827  1827 I SDM     : HWCDisplay::SetActiveConfigWithConstraints: display:66-0, config: 1, WxH 1200x2670, fps 120
07-29 20:56:51.768  1827  1827 W SDM     : HWDeviceDRM::GetSupportedBitClkRate: Requested rate not supported: 1150000000
07-29 20:56:51.768  1827  1827 I SDM     : HWDeviceDRM::UpdateMixerAttributes: Mixer WxH 1200x2670-1 for Peripheral
07-29 20:56:51.768  1827  1827 I SDM     : HWCDisplay::SubmitDisplayConfig: Active configuration changed from config 3 to 1
07-29 20:56:51.768  1827  1827 I SDM     : HWCDisplay::SubmitDisplayConfig: Active WxH 1200x2670 ,ddic_mode:idle, timing_fps: 120, sf_fps: 120
07-29 20:56:51.776  1827  2752 I vendor.qti.hardware.display.composer-service: Sensor: notify citsensorservice to trigger cwb, misForced = 0
07-29 20:56:51.776  3002  4297 I libsensor-parseRGB: request dump start for mRequestDisplayId 0
07-29 20:56:51.777 23383 23406 I mit.droidbotapp: Compiler allocated 5390KB to compile void android.view.ViewRootImpl.performTraversals()
07-29 20:56:51.785  3117  3117 I adbd    : in ShellService: dumpsys display
07-29 20:56:51.800  3002  3081 E libsensor-parseRGB: CWB NotifyCWBBufferDone  error 0
07-29 20:56:51.855  1827  2108 I SDM     : DisplayBase::CommitThread: Received idle timeout, panel: cmd, timeout: 70000 us
07-29 20:56:51.934  1827  2752 I vendor.qti.hardware.display.composer-service: Sensor: notify citsensorservice to trigger cwb, misForced = 1
07-29 20:56:51.935  3002  4297 I libsensor-parseRGB: request dump start for mRequestDisplayId 0
07-29 20:56:51.958  3002  6353 E libsensor-parseRGB: CWB NotifyCWBBufferDone  error 0
07-29 20:56:51.963  3117  3117 I adbd    : in ShellService: wm size
07-29 20:56:52.014  1827  2108 I SDM     : DisplayBase::CommitThread: Received idle timeout, panel: cmd, timeout: 70000 us
07-29 20:56:52.063  3117  3117 I adbd    : in ShellService: dumpsys input
07-29 20:56:52.085  7989  7989 I RuntimePermissionManager: isRuntimeRequestSupport: true
07-29 20:56:52.095 12230 12394 I Ad      : isPersonalizedAdEnabled getAdSettings: 1
07-29 20:56:52.098  2463  2775 I AppsFilter: interaction: PackageSetting{ebbf115 com.android.microdroid.empty_payload/10236} -> PackageSetting{e7ad5cb com.miui.cleanmaster/10266} BLOCKED
07-29 20:56:52.098  2463  2775 I AppsFilter: interaction: PackageSetting{9f78991 io.appium.uiautomator2.server.test/10280} -> PackageSetting{e7ad5cb com.miui.cleanmaster/10266} BLOCKED
07-29 20:56:52.098  2463  2775 I AppsFilter: interaction: PackageSetting{a8a71d4 io.github.ylimit.droidbotapp/10359} -> PackageSetting{e7ad5cb com.miui.cleanmaster/10266} BLOCKED
07-29 20:56:52.098  2463  2775 I AppsFilter: interaction: PackageSetting{2e6bcf7 com.rongcard.eid/10151} -> PackageSetting{e7ad5cb com.miui.cleanmaster/10266} BLOCKED
07-29 20:56:52.098  2463  2775 I AppsFilter: interaction: PackageSetting{7dbe764 io.appium.settings/10274} -> PackageSetting{e7ad5cb com.miui.cleanmaster/10266} BLOCKED
07-29 20:56:52.103  2463  5531 W ParceledListSlice: Element #44 is 26672 bytes.
07-29 20:56:52.103  2463  5531 W ParceledListSlice: Overly large reply size: 82204
07-29 20:56:52.103  2463  5539 W ParceledListSlice: Element #45 is 26676 bytes.
07-29 20:56:52.103  2463  5539 W ParceledListSlice: Element #46 is 26676 bytes.
07-29 20:56:52.103  2463  5539 W ParceledListSlice: Element #47 is 26684 bytes.
07-29 20:56:52.103  2463  5531 W ParceledListSlice: Element #48 is 26688 bytes.
07-29 20:56:52.103  2463  5531 W ParceledListSlice: Element #54 is 19664 bytes.
07-29 20:56:52.104  2463  5054 W ParceledListSlice: Element #55 is 19652 bytes.
07-29 20:56:52.104  2463  5054 W ParceledListSlice: Element #56 is 19692 bytes.
07-29 20:56:52.104  2463  5054 W ParceledListSlice: Element #57 is 19720 bytes.
07-29 20:56:52.104  2463  5054 W ParceledListSlice: Element #58 is 19720 bytes.
07-29 20:56:52.104  2463  5534 W ParceledListSlice: Element #59 is 19684 bytes.
07-29 20:56:52.104  2463  5534 W ParceledListSlice: Element #60 is 19692 bytes.
07-29 20:56:52.104  2463  5534 W ParceledListSlice: Element #61 is 19668 bytes.
07-29 20:56:52.104  2463  5534 W ParceledListSlice: Element #62 is 19680 bytes.
07-29 20:56:52.105  2463  5533 W ParceledListSlice: Element #63 is 19672 bytes.
07-29 20:56:52.105  2463  5533 W ParceledListSlice: Element #64 is 29724 bytes.
07-29 20:56:52.105  2463  5533 W ParceledListSlice: Element #65 is 29744 bytes.
07-29 20:56:52.105  2463 15445 W ParceledListSlice: Element #66 is 29736 bytes.
07-29 20:56:52.109  7368  7386 I PermissionControllerServiceImpl: Updating user sensitive for uid 10266
07-29 20:56:52.109  2463  5535 W ParceledListSlice: Element #8 is 20788 bytes.
07-29 20:56:52.109  2463  5535 W ParceledListSlice: Element #9 is 20768 bytes.
07-29 20:56:52.112  4916  5777 E SmsApplication: com.android.mms lost android:read_cell_broadcasts:  (fixing)
07-29 20:56:52.112  2463  5534 W AppOpService: Ignored setUidMode call for runtime permission app op: uid = 10141, code = READ_CELL_BROADCASTS, mode = allow, callingUid = 1001, oldMode = allow
07-29 20:56:52.114  7773  7773 E RegisteredServicesCache: Skipping application component ComponentInfo{com.UCMobile/com.alibaba.ariver.commonability.device.jsapi.nfc.service.TinyAppHostApduService}: it must request the permission android.permission.NFC
07-29 20:56:52.114  7773  7773 E RegisteredServicesCache: Skipping application component ComponentInfo{com.UCMobile/com.alipay.mobile.aompdevice.nfc.service.TinyAppHostApduService}: it must request the permission android.permission.NFC
07-29 20:56:52.114  2463  2526 W EnhancedConfirmationService: The packageName should not be null.
07-29 20:56:52.114  7773  7773 E RegisteredServicesCache: Skipping application component ComponentInfo{com.autonavi.minimap/com.alibaba.ariver.commonability.device.jsapi.nfc.service.TinyAppHostApduService}: it must request the permission android.permission.NFC
07-29 20:56:52.114  7773  7773 E RegisteredServicesCache: Skipping application component ComponentInfo{com.autonavi.minimap/com.alipay.mobile.aompdevice.nfc.service.TinyAppHostApduService}: it must request the permission android.permission.NFC
07-29 20:56:52.115  2463  2526 W MagnificationConnectionManager: requestConnection duplicated request: connect=false, mConnectionState=DISCONNECTED
07-29 20:56:52.116  2463  5526 W ParceledListSlice: Element #273 is 21068 bytes.
07-29 20:56:52.116  2463  5539 W ParceledListSlice: Element #274 is 21048 bytes.
07-29 20:56:52.116  2463  5539 W ParceledListSlice: Element #275 is 21056 bytes.
07-29 20:56:52.116  2463  5539 W ParceledListSlice: Element #276 is 21036 bytes.
07-29 20:56:52.116  2463  5539 W ParceledListSlice: Element #277 is 21084 bytes.
07-29 20:56:52.116  2463  5539 W ParceledListSlice: Overly large reply size: 84248
07-29 20:56:52.117  2463  5128 W AppOpService: Ignored setUidMode call for runtime permission app op: uid = 1001, code = READ_SMS, mode = allow, callingUid = 1001, oldMode = allow
07-29 20:56:52.117  2463  5535 W ContentProviderHelper: No provider info for content provider  when providerRunning is false, caller is ProcessRecord{15056c5 18854:com.android.quicksearchbox:ApplicationsProvider/u0a136}
07-29 20:56:52.117  2463  4596 W ParceledListSlice: Element #278 is 21084 bytes.
07-29 20:56:52.117  2463  4596 W ParceledListSlice: Element #279 is 21096 bytes.
07-29 20:56:52.117  2463  4596 W ParceledListSlice: Element #280 is 21084 bytes.
07-29 20:56:52.117  2463  4596 W ParceledListSlice: Element #281 is 21084 bytes.
07-29 20:56:52.117 18854 18878 E ActivityThread: Failed to find provider info for 
07-29 20:56:52.117  2463  4596 W ParceledListSlice: Overly large reply size: 84372
07-29 20:56:52.117  2463  5526 W ContentProviderHelper: No provider info for content provider  when providerRunning is false, caller is null
07-29 20:56:52.117  2463  5539 W AppOpService: Ignored setUidMode call for runtime permission app op: uid = 1001, code = RECEIVE_SMS, mode = allow, callingUid = 1001, oldMode = allow
07-29 20:56:52.117  2463  5128 W ParceledListSlice: Element #282 is 21104 bytes.
07-29 20:56:52.117  2463  5128 W ParceledListSlice: Element #283 is 21092 bytes.
07-29 20:56:52.117  2463  5128 W ParceledListSlice: Element #284 is 21080 bytes.
07-29 20:56:52.118  2463  5535 W AppOpService: Ignored setUidMode call for runtime permission app op: uid = 1001, code = RECEIVE_WAP_PUSH, mode = allow, callingUid = 1001, oldMode = allow
07-29 20:56:52.118  7773  7773 I RegisteredServicesCache: current user: 0, is managed profile : false
07-29 20:56:52.118  2463  4596 W AppOpService: Ignored setUidMode call for runtime permission app op: uid = 1001, code = SEND_SMS, mode = allow, callingUid = 1001, oldMode = allow
07-29 20:56:52.118  2463  4596 W AppOpService: Ignored setUidMode call for runtime permission app op: uid = 1001, code = READ_CELL_BROADCASTS, mode = allow, callingUid = 1001, oldMode = allow
07-29 20:56:52.119  7773  7773 I RegisteredAidCache: updateRoutingLocked(false): Enter
07-29 20:56:52.119  7773  7773 I AidRoutingManager: configureRouting(false): Enter
07-29 20:56:52.119  7773  7773 E AidRoutingManager: Size of routing table970
07-29 20:56:52.120  7773  7773 I RegisteredAidCache: updateRoutingLocked(false): exit
07-29 20:56:52.120  7773  7773 I libnfc_nci: [INFO:NativeT4tNfcee.cpp(870)] nfcManager_isFwSupportNonStdT4TAid Enter isFwSupport = 1
07-29 20:56:52.120  7773  7773 I libnfc_nci: [INFO:SecureElement.cpp(1487)] SecureElement::getEseHandleFromGenericId: enter; ESE-ID = 0x7F
07-29 20:56:52.120  7773  7773 I libnfc_nci: [INFO:SecureElement.cpp(1528)] SecureElement::getEseHandleFromGenericId: enter; ESE-Handle = 0x410
07-29 20:56:52.121  7773  7773 I libnfc_nci: [INFO:SecureElement.cpp(1487)] SecureElement::getEseHandleFromGenericId: enter; ESE-ID = 0x00
07-29 20:56:52.121  7773  7773 I libnfc_nci: [INFO:SecureElement.cpp(1528)] SecureElement::getEseHandleFromGenericId: enter; ESE-Handle = 0x400
07-29 20:56:52.121  2463  5533 I ClipboardServiceI: checkProviderWakePathForClipboard: primaryClip is null
07-29 20:56:52.121  2463  5533 I SmartPower: com.miui.notes/10275(13074): idle->background(62918ms) R(content provider start ContentProviderRecord{c0729a2 u0 com.miui.notes/.provider.NotesProvider}) adj=905.
07-29 20:56:52.122  4897 30726 I SecureElement-Terminal-eSE1: isSecureElementPresent()
07-29 20:56:52.122  1746  1746 I android.hardware.secure_element-service.qti: isCardPresent
07-29 20:56:52.122  1746  1746 I android.hardware.secure_element-service.qti: isCardPresent exit, cardPresent: 1
07-29 20:56:52.124  4897 30726 I SecureElement-Terminal-SIM1: isSecureElementPresent()
07-29 20:56:52.124  2463  5533 W ContentProviderHelper: Permission Denial: opening provider com.alibaba.aliexpress.android.search.nav.SearchSuggestionProvider from ProcessRecord{15056c5 18854:com.android.quicksearchbox:ApplicationsProvider/u0a136} (pid=18854, uid=10136) that is not exported from UID 10303
07-29 20:56:52.124  4897 30726 I SecureElement-Terminal-SIM1: isNfcEventAllowed: No access rules for checking.
07-29 20:56:52.125  4897 30726 I SecureElement-Terminal-SIM2: isSecureElementPresent()
07-29 20:56:52.126  2463  5533 I ClipboardServiceI: checkProviderWakePathForClipboard: primaryClip is null
07-29 20:56:52.126  2463  4205 I MiuiNetworkPolicy: updateUidState uid = 10303, uidState = 6
07-29 20:56:52.127  2463  5533 I SmartPower: com.alibaba.aliexpresshd/10303(5685): idle->background(62918ms) R(content provider start ContentProviderRecord{716322c u0 com.alibaba.aliexpresshd/com.alibaba.aliexpress.android.search.nav.SearchSuggestionProvider}) adj=0.
07-29 20:56:52.128  2463  3991 I SmartPower: com.alibaba.aliexpresshd:channel/10303(6163): idle->background(13429ms) R(service create com.alibaba.aliexpresshd/com.taobao.accs.internal.AccsJobService) adj=0.
07-29 20:56:52.129  2463  4205 I MiuiNetworkPolicy: updateUidState uid = 10169, uidState = 6
07-29 20:56:52.129  1844  1844 I vendor.qti.hardware.servicetrackeraidl-service: bindService is called for service : com.alibaba.aliexpresshd/com.taobao.accs.internal.AccsJobService and for client system
07-29 20:56:52.129  1844  1844 I vendor.qti.hardware.servicetrackeraidl-service: total connections for service : com.alibaba.aliexpresshd/com.taobao.accs.internal.AccsJobServiceare :1
07-29 20:56:52.129  1844  1844 I vendor.qti.hardware.servicetrackeraidl-service: total connections for client : systemare :32
07-29 20:56:52.129  7989  8659 I RuntimePermissionManager: isRuntimeRequestSupport: true
07-29 20:56:52.129  7989  8659 I InstalledPackagesMemoryCache: getInstallPermissionGranted=true
07-29 20:56:52.131  2463  4205 I MiuiNetworkPolicy: updateUidState uid = 10303, uidState = 8
07-29 20:56:52.131  2463  4205 I MiuiNetworkPolicy: updateUidState uid = 10169, uidState = 8
07-29 20:56:52.131  2463  5539 W Bundle  : Failed to parse item error, returning null.
07-29 20:56:52.131  2463  5539 W Bundle  : android.os.BadTypeParcelableException: Parcelable creator android.os.ParcelableException is not a subclass of required class java.lang.String provided in the parameter
07-29 20:56:52.131  2463  5539 W Bundle  : 	at android.os.Parcel.readParcelableCreatorInternal(Parcel.java:5206)
07-29 20:56:52.131  2463  5539 W Bundle  : 	at android.os.Parcel.readParcelableInternal(Parcel.java:5080)
07-29 20:56:52.131  2463  5539 W Bundle  : 	at android.os.Parcel.readValue(Parcel.java:4840)
07-29 20:56:52.131  2463  5539 W Bundle  : 	at android.os.Parcel.readValue(Parcel.java:4609)
07-29 20:56:52.131  2463  5539 W Bundle  : 	at android.os.Parcel.-$$Nest$mreadValue(Unknown Source:0)
07-29 20:56:52.131  2463  5539 W Bundle  : 	at android.os.Parcel$LazyValue.apply(Parcel.java:4707)
07-29 20:56:52.131  2463  5539 W Bundle  : 	at android.os.Parcel$LazyValue.apply(Parcel.java:4666)
07-29 20:56:52.131  2463  5539 W Bundle  : 	at android.os.BaseBundle.unwrapLazyValueFromMapLocked(BaseBundle.java:416)
07-29 20:56:52.131  2463  5539 W Bundle  : 	at android.os.BaseBundle.getValueAt(BaseBundle.java:402)
07-29 20:56:52.131  2463  5539 W Bundle  : 	at android.os.BaseBundle.getPairValue(BaseBundle.java:282)
07-29 20:56:52.131  2463  5539 W Bundle  : 	at com.android.server.am.ContentProviderHelper.lambda$getMimeTypeFilterAsync$1(ContentProviderHelper.java:1212)
07-29 20:56:52.131  2463  5539 W Bundle  : 	at com.android.server.am.ContentProviderHelper.$r8$lambda$JV9jTPlBHAPZLxkKAqq24ds-FLE(Unknown Source:0)
07-29 20:56:52.131  2463  5539 W Bundle  : 	at com.android.server.am.ContentProviderHelper$$ExternalSyntheticLambda1.onResult(D8$$SyntheticClass:0)
07-29 20:56:52.131  2463  5539 W Bundle  : 	at android.os.RemoteCallback.sendResult(RemoteCallback.java:76)
07-29 20:56:52.131  2463  5539 W Bundle  : 	at android.os.RemoteCallback$1.sendResult(RemoteCallback.java:53)
07-29 20:56:52.131  2463  5539 W Bundle  : 	at android.os.IRemoteCallback$Stub.onTransact(IRemoteCallback.java:85)
07-29 20:56:52.131  2463  5539 W Bundle  : 	at android.os.Binder.execTransactInternal(Binder.java:1512)
07-29 20:56:52.131  2463  5539 W Bundle  : 	at android.os.Binder.execTransact(Binder.java:1451)
07-29 20:56:52.131 18854 18878 W ContentResolver: Failed to get type for: content://com.alibaba.aliexpress.android.search.nav.SearchSuggestionProvider/products (Unknown URL content://com.alibaba.aliexpress.android.search.nav.SearchSuggestionProvider/products)
07-29 20:56:52.132  2463  4404 I whetstone.activity: processNotifyEvent1 resId = 256, bundle = Bundle[{startTime=19650451, sourcePkg=com.alibaba.aliexpresshd, sourceUid=10303, status=1, jobId=2050, batteryName=com.alibaba.aliexpresshd/com.taobao.accs.internal.AccsJobService, elapsedRealtime=19650451}]
07-29 20:56:52.133  9339  9408 I EventMonitor: notifyEvent resId=256
07-29 20:56:52.133  2463  3991 W JobServiceContext: Sending onNetworkChanged for a job that isn't started. JobStatus{1cf36dc #u0a303/2050 com.alibaba.aliexpresshd/com.taobao.accs.internal.AccsJobService u=0 s=10303 TIME=-1m43s748ms:-1m43s748ms NET READY}
07-29 20:56:52.134  1844  1844 I vendor.qti.hardware.servicetrackeraidl-service: bindService is called for service : com.alibaba.aliexpresshd/com.taobao.accs.ChannelService and for client com.alibaba.aliexpresshd:channel
07-29 20:56:52.134  1844  1844 I vendor.qti.hardware.servicetrackeraidl-service: total connections for service : com.alibaba.aliexpresshd/com.taobao.accs.ChannelServiceare :1
07-29 20:56:52.134  1844  1844 I vendor.qti.hardware.servicetrackeraidl-service: total connections for client : com.alibaba.aliexpresshd:channelare :9
07-29 20:56:52.135  2463  5539 W ContentProviderHelper: No provider info for content provider  when providerRunning is false, caller is ProcessRecord{15056c5 18854:com.android.quicksearchbox:ApplicationsProvider/u0a136}
07-29 20:56:52.135  2463  4404 I whetstone.activity: processNotifyEvent1 resId = 256, bundle = Bundle[{startTime=19650454, sourcePkg=com.alibaba.aliexpresshd, sourceUid=10303, status=0, jobId=2050, batteryName=com.alibaba.aliexpresshd/com.taobao.accs.internal.AccsJobService, elapsedRealtime=19650454}]
07-29 20:56:52.135 18854 18878 E ActivityThread: Failed to find provider info for 
07-29 20:56:52.135  9339  9408 I EventMonitor: notifyEvent resId=256
07-29 20:56:52.135  2463  5539 W ContentProviderHelper: No provider info for content provider  when providerRunning is false, caller is null
07-29 20:56:52.136  1844  1844 I vendor.qti.hardware.servicetrackeraidl-service: unbindService is called for service : com.alibaba.aliexpresshd/com.taobao.accs.internal.AccsJobService and for client system
07-29 20:56:52.136  1844  1844 I vendor.qti.hardware.servicetrackeraidl-service: size of service connections for service: com.alibaba.aliexpresshd/com.taobao.accs.internal.AccsJobServiceafter removal is 0
07-29 20:56:52.136  1844  1844 I vendor.qti.hardware.servicetrackeraidl-service: size of client connections for client: systemafter removal is 31
07-29 20:56:52.136  1844  1844 I vendor.qti.hardware.servicetrackeraidl-service: destroyService is called for service : com.alibaba.aliexpresshd/com.taobao.accs.internal.AccsJobService
07-29 20:56:52.137  1844  1844 I vendor.qti.hardware.servicetrackeraidl-service: unbindService is called for service : com.alibaba.aliexpresshd/com.taobao.accs.ChannelService and for client com.alibaba.aliexpresshd:channel
07-29 20:56:52.138  2463  4205 I MiuiNetworkPolicy: updateUidState uid = 10303, uidState = 10
07-29 20:56:52.138  2463  4205 I MiuiNetworkPolicy: updateUidState uid = 10169, uidState = 10
07-29 20:56:52.139  2463  5526 W ContentProviderHelper: Permission Denial: opening provider com.alibaba.aliexpress.android.search.nav.SearchSuggestionProvider from ProcessRecord{15056c5 18854:com.android.quicksearchbox:ApplicationsProvider/u0a136} (pid=18854, uid=10136) that is not exported from UID 10303
07-29 20:56:52.141  2463  5539 I ClipboardServiceI: checkProviderWakePathForClipboard: primaryClip is null
07-29 20:56:52.141  2463  4205 I MiuiNetworkPolicy: updateUidState uid = 10303, uidState = 19
07-29 20:56:52.141  2463  4205 I MiuiNetworkPolicy: updateUidState uid = 10169, uidState = 19
07-29 20:56:52.142  3117  3117 I adbd    : in ShellService: getprop ro.sf.lcd_density
07-29 20:56:52.142  2463  5534 W Bundle  : Failed to parse item error, returning null.
07-29 20:56:52.142  2463  5534 W Bundle  : android.os.BadTypeParcelableException: Parcelable creator android.os.ParcelableException is not a subclass of required class java.lang.String provided in the parameter
07-29 20:56:52.142  2463  5534 W Bundle  : 	at android.os.Parcel.readParcelableCreatorInternal(Parcel.java:5206)
07-29 20:56:52.142  2463  5534 W Bundle  : 	at android.os.Parcel.readParcelableInternal(Parcel.java:5080)
07-29 20:56:52.142  2463  5534 W Bundle  : 	at android.os.Parcel.readValue(Parcel.java:4840)
07-29 20:56:52.142  2463  5534 W Bundle  : 	at android.os.Parcel.readValue(Parcel.java:4609)
07-29 20:56:52.142  2463  5534 W Bundle  : 	at android.os.Parcel.-$$Nest$mreadValue(Unknown Source:0)
07-29 20:56:52.142  2463  5534 W Bundle  : 	at android.os.Parcel$LazyValue.apply(Parcel.java:4707)
07-29 20:56:52.142  2463  5534 W Bundle  : 	at android.os.Parcel$LazyValue.apply(Parcel.java:4666)
07-29 20:56:52.142  2463  5534 W Bundle  : 	at android.os.BaseBundle.unwrapLazyValueFromMapLocked(BaseBundle.java:416)
07-29 20:56:52.142  2463  5534 W Bundle  : 	at android.os.BaseBundle.getValueAt(BaseBundle.java:402)
07-29 20:56:52.142  2463  5534 W Bundle  : 	at android.os.BaseBundle.getPairValue(BaseBundle.java:282)
07-29 20:56:52.142  2463  5534 W Bundle  : 	at com.android.server.am.ContentProviderHelper.lambda$getMimeTypeFilterAsync$1(ContentProviderHelper.java:1212)
07-29 20:56:52.142  2463  5534 W Bundle  : 	at com.android.server.am.ContentProviderHelper.$r8$lambda$JV9jTPlBHAPZLxkKAqq24ds-FLE(Unknown Source:0)
07-29 20:56:52.142  2463  5534 W Bundle  : 	at com.android.server.am.ContentProviderHelper$$ExternalSyntheticLambda1.onResult(D8$$SyntheticClass:0)
07-29 20:56:52.142  2463  5534 W Bundle  : 	at android.os.RemoteCallback.sendResult(RemoteCallback.java:76)
07-29 20:56:52.142  2463  5534 W Bundle  : 	at android.os.RemoteCallback$1.sendResult(RemoteCallback.java:53)
07-29 20:56:52.142  2463  5534 W Bundle  : 	at android.os.IRemoteCallback$Stub.onTransact(IRemoteCallback.java:85)
07-29 20:56:52.142  2463  5534 W Bundle  : 	at android.os.Binder.execTransactInternal(Binder.java:1512)
07-29 20:56:52.142  2463  5534 W Bundle  : 	at android.os.Binder.execTransact(Binder.java:1451)
07-29 20:56:52.144 18854 18878 W ContentResolver: Failed to get type for: content://com.alibaba.aliexpress.android.search.nav.SearchSuggestionProvider/products (Unknown URL content://com.alibaba.aliexpress.android.search.nav.SearchSuggestionProvider/products)
07-29 20:56:52.145  2463  4205 I MiuiNetworkPolicy: updateUidState uid = 10303, uidState = 6
07-29 20:56:52.145  2463  4205 I MiuiNetworkPolicy: updateUidState uid = 10169, uidState = 6
07-29 20:56:52.147  2463  4205 I MiuiNetworkPolicy: updateUidState uid = 10303, uidState = 19
07-29 20:56:52.147  2463  4205 I MiuiNetworkPolicy: updateUidState uid = 10169, uidState = 19
07-29 20:56:52.147 13666 17476 W surfboard: Request did not begin with TLS handshake.
07-29 20:56:52.157  8974 15344 E PackageUtil: getPackageInfoAsUser failed com.duosecurity.duomobile , 999
07-29 20:56:52.158  8974 15344 E PermissionManagerProvider:  getPackageInfo is null packageName : com.duosecurity.duomobile
07-29 20:56:52.160  8974 15344 E PackageUtil: getPackageInfoAsUser failed io.github.ylimit.droidbotapp , 999
07-29 20:56:52.199  2463  2530 W BroadcastQueue: Greezer Denial: sending Intent { act=android.net.wifi.RSSI_CHANGED flg=0x4000010 (has extras) }, action: android.net.wifi.RSSI_CHANGED from android (uid=1000) due to receiver ProcessRecord{53c2fb1 8536:com.ss.android.ugc.aweme:smp/u0a322} (uid 10322) need cached broadcast
07-29 20:56:52.200  2463  2530 W BroadcastQueue: Greezer Denial: sending Intent { act=android.net.wifi.RSSI_CHANGED flg=0x4000010 (has extras) }, action: android.net.wifi.RSSI_CHANGED from android (uid=1000) due to receiver ProcessRecord{d1daa83 20995:com.smile.gifmaker/u0a339} (uid 10339) need cached broadcast
07-29 20:56:52.200  2463  2530 W BroadcastQueue: Greezer Denial: sending Intent { act=android.net.wifi.RSSI_CHANGED flg=0x4000010 (has extras) }, action: android.net.wifi.RSSI_CHANGED from android (uid=1000) due to receiver ProcessRecord{5f5bc0f 12982:com.xingin.xhs/u0a286} (uid 10286) need cached broadcast
07-29 20:56:52.206  3117  3117 I adbd    : in ShellService: input keyevent MENU
07-29 20:56:52.211  8974 23595 E PackageUtil: getPackageInfoAsUser failed io.github.ylimit.droidbotapp , 999
07-29 20:56:52.223  1844  1844 I vendor.qti.hardware.servicetrackeraidl-service: bindService is called for service : com.alibaba.aliexpresshd/com.taobao.accs.data.MsgDistributeService and for client com.alibaba.aliexpresshd:channel
07-29 20:56:52.223  1844  1844 I vendor.qti.hardware.servicetrackeraidl-service: total connections for service : com.alibaba.aliexpresshd/com.taobao.accs.data.MsgDistributeServiceare :2
07-29 20:56:52.223  1844  1844 I vendor.qti.hardware.servicetrackeraidl-service: total connections for client : com.alibaba.aliexpresshd:channelare :10
07-29 20:56:52.225  6163  6333 W JobInfo : Job 'com.alibaba.aliexpresshd/com.taobao.accs.internal.AccsJobService#2050' has a deadline with functional constraints and an extremely short time window of 0 ms (delay=80000, deadline=80000). The functional constraints are not likely to be satisfied when the job runs.
07-29 20:56:52.227  2463  2504 W JobInfo : Job 'com.alibaba.aliexpresshd/com.taobao.accs.internal.AccsJobService#2050' has a deadline with functional constraints and an extremely short time window of 0 ms (delay=80000, deadline=80000). The functional constraints are not likely to be satisfied when the job runs.
07-29 20:56:52.227  2463  2504 W JobInfo : Job 'com.alibaba.aliexpresshd/com.taobao.accs.internal.AccsJobService#2050' has a deadline with functional constraints and an extremely short time window of 0 ms (delay=80000, deadline=80000). The functional constraints are not likely to be satisfied when the job runs.
07-29 20:56:52.228  1844  1844 I vendor.qti.hardware.servicetrackeraidl-service: unbindService is called for service : com.alibaba.aliexpresshd/com.taobao.accs.data.MsgDistributeService and for client com.alibaba.aliexpresshd:channel
07-29 20:56:52.228  1844  1844 I vendor.qti.hardware.servicetrackeraidl-service: size of service connections for service: com.alibaba.aliexpresshd/com.taobao.accs.data.MsgDistributeServiceafter removal is 1
07-29 20:56:52.228  1844  1844 I vendor.qti.hardware.servicetrackeraidl-service: size of client connections for client: com.alibaba.aliexpresshd:channelafter removal is 9
07-29 20:56:52.234  1844  1844 I vendor.qti.hardware.servicetrackeraidl-service: bindService is called for service : com.alibaba.aliexpresshd/com.taobao.accs.data.MsgDistributeService and for client com.alibaba.aliexpresshd:channel
07-29 20:56:52.234  1844  1844 I vendor.qti.hardware.servicetrackeraidl-service: total connections for service : com.alibaba.aliexpresshd/com.taobao.accs.data.MsgDistributeServiceare :2
07-29 20:56:52.234  1844  1844 I vendor.qti.hardware.servicetrackeraidl-service: total connections for client : com.alibaba.aliexpresshd:channelare :10
07-29 20:56:52.236  1844  1844 I vendor.qti.hardware.servicetrackeraidl-service: unbindService is called for service : com.alibaba.aliexpresshd/com.taobao.accs.data.MsgDistributeService and for client com.alibaba.aliexpresshd:channel
07-29 20:56:52.236  1844  1844 I vendor.qti.hardware.servicetrackeraidl-service: size of service connections for service: com.alibaba.aliexpresshd/com.taobao.accs.data.MsgDistributeServiceafter removal is 1
07-29 20:56:52.236  1844  1844 I vendor.qti.hardware.servicetrackeraidl-service: size of client connections for client: com.alibaba.aliexpresshd:channelafter removal is 9
07-29 20:56:52.241  2463  2504 W MIUIInput: Input event injection from package: null action ACTION_DOWN keycode 82
07-29 20:56:52.241  2463  2504 W MiuiInputKeyEventLog: keyCode:82 down:true eventTime:19650560 downTime:19650560 policyFlags:2b000000 flags:0 metaState:0 deviceId:-1 isScreenOn:true keyguardActive:false repeatCount:0
07-29 20:56:52.243  2463  4068 I InputFeature: supportXiaomiHyperXiaoAi is true
07-29 20:56:52.243  2463  4068 I InputFeature: supportXiaomiHyperXiaoAiScreenRecognition support
07-29 20:56:52.243  2463  4068 I InputFeature: supportBlockCombinationKey com.miui.home version: 3
07-29 20:56:52.243  2463  4068 I MiuiInputKeyEventLog: is show menu
07-29 20:56:52.243  2105  2105 E DisplayModeController: setDesiredMode : Idle status skip setActiveMode, isDdicIdleMode: 1
07-29 20:56:52.244  2463  4068 I MIUIInput: [KeyEvent] publisher action:0x0,  keyCode:82 , deviceId=-1, 19650560,channel 'fd7851 com.miui.home/com.miui.home.launcher.Launcher (server)' 
07-29 20:56:52.245  4497  4497 I MIUIInput: [KeyEvent] ViewRootImpl windowName 'com.miui.home/com.miui.home.launcher.Launcher', KeyEvent { action=ACTION_DOWN, keyCode=KEYCODE_MENU, scanCode=0, metaState=0, flags=0x0, repeatCount=0, eventTime=19650560000000, downTime=19650560000000, deviceId=-1, source=0x0, displayId=-1 }, phoneEventTime=20:56:52.241
07-29 20:56:52.247  2463  2504 W MIUIInput: Input event injection from package: null action ACTION_UP keycode 82
07-29 20:56:52.247  2463  2504 W MiuiInputKeyEventLog: keyCode:82 down:false eventTime:19650566 downTime:19650560 policyFlags:2b000000 flags:0 metaState:0 deviceId:-1 isScreenOn:true keyguardActive:false repeatCount:0
07-29 20:56:52.248  2463  4068 I InputFeature: supportXiaomiHyperXiaoAi is true
07-29 20:56:52.248  2463  4068 I InputFeature: supportXiaomiHyperXiaoAiScreenRecognition support
07-29 20:56:52.248  2463  4068 I InputFeature: supportBlockCombinationKey com.miui.home version: 3
07-29 20:56:52.248  2463  4068 I MiuiInputKeyEventLog: is show menu
07-29 20:56:52.248  2463  4068 I MIUIInput: [KeyEvent] publisher action:0x1,  keyCode:82 , deviceId=-1, 19650566,channel 'fd7851 com.miui.home/com.miui.home.launcher.Launcher (server)' 
07-29 20:56:52.248  4497  4497 I MIUIInput: [KeyEvent] ViewRootImpl windowName 'com.miui.home/com.miui.home.launcher.Launcher', KeyEvent { action=ACTION_UP, keyCode=KEYCODE_MENU, scanCode=0, metaState=0, flags=0x0, repeatCount=0, eventTime=19650566000000, downTime=19650560000000, deviceId=-1, source=0x0, displayId=-1 }, phoneEventTime=20:56:52.246
07-29 20:56:52.249  4497  4497 I AnimStateManager: IdleState handle event 2006
07-29 20:56:52.249  4497  4497 I AnimStateManager: CommonState handle event 2006
07-29 20:56:52.250  4553  6257 I MiuiWallpaper-MiuiWallpaperManagerService: isMiuiWallpaperComponentUsing: true
07-29 20:56:52.250  1827  2399 I SDM     : HWCDisplay::SetActiveConfigWithConstraints: display:66-0, config: 3, WxH 1200x2670, fps 120
07-29 20:56:52.251  4553  6257 I MiuiWallpaper-MiuiWallpaperManagerService: isMiuiWallpaperComponentUsing: true
07-29 20:56:52.251  1827  2399 W SDM     : HWDeviceDRM::GetSupportedBitClkRate: Requested rate not supported: 1150000000
07-29 20:56:52.251  1827  2399 I SDM     : HWDeviceDRM::UpdateMixerAttributes: Mixer WxH 1200x2670-1 for Peripheral
07-29 20:56:52.251  1827  2399 I SDM     : HWCDisplay::SubmitDisplayConfig: Active configuration changed from config 1 to 3
07-29 20:56:52.251  1827  2399 I SDM     : HWCDisplay::SubmitDisplayConfig: Active WxH 1200x2670 ,ddic_mode:auto, timing_fps: 120, sf_fps: 120
07-29 20:56:52.251  4553  6257 I MiuiWallpaper-MiuiWallpaperManagerService: isMiuiWallpaperComponentUsing: true
07-29 20:56:52.251  4497  5159 I HapticFeedbackUtil: rtp:216
07-29 20:56:52.252  1827  2752 I vendor.qti.hardware.display.composer-service: Sensor: notify citsensorservice to trigger cwb, misForced = 0
07-29 20:56:52.256  3002  4297 I libsensor-parseRGB: request dump start for mRequestDisplayId 0
07-29 20:56:52.259  4497  4497 W PreviewDisappear: set, applyTo for info: com.miui.home.launcher.graphics.DrawableInfo@b79594, with icon: null
07-29 20:56:52.261  4497  4497 W ScreenView_Workspace: updateChildStaticTransformation error,childW=0.0
07-29 20:56:52.265  1747  1747 I sensors-hal: batch:141, android.sensor.accelerometer/11, period=66667000, max_latency=0
07-29 20:56:52.265  1747  1747 I sensors-hal: set_config:56, sample_period_ns is adjusted to 66667000 based on min/max delay_ns
07-29 20:56:52.265  1747  1747 I sensors-hal: batch:150, android.sensor.accelerometer/11, period=66667000, max_latency=0 request completed
07-29 20:56:52.265  2463  2539 I SensorAccount: App register sensor to track it noWakeupSensor_10138_0x100000b
07-29 20:56:52.266  2463  5526 I SensorService: 	>>> actuating h/w activate handle=0x100000b enabled=1
07-29 20:56:52.266  1747  1747 I sensors-hal: activate:108, android.sensor.accelerometer/11 en=1
07-29 20:56:52.266  1747  1747 I sensors-hal: acquire_qsh_interface:121, acquire_qsh_interface with sensor_id 104 , conn_type 2 
07-29 20:56:52.269  1714  1806 I minksocket: MinkIPC MESSAGE: ( 1714:1806 ) MinkIPC_QRTR_Service:351 minkipc = 0xb400007134251590 sock = 19, client with node 1 port 4982 went down
07-29 20:56:52.269  1714  1828 I minksocket: MinkIPC MESSAGE: ( 1714:1828 ) MinkIPC_QRTR_Service:351 minkipc = 0xb4000071342524b0 sock = 35, client with node 1 port 4982 went down
07-29 20:56:52.270  1714  1828 I minksocket: MinkIPC MESSAGE: ( 1714:1828 ) MinkIPC_QRTR_Service:351 minkipc = 0xb4000071342524b0 sock = 35, client with node 1 port 4983 went down
07-29 20:56:52.270  1714  1806 I minksocket: MinkIPC MESSAGE: ( 1714:1806 ) MinkIPC_QRTR_Service:351 minkipc = 0xb400007134251590 sock = 19, client with node 1 port 4983 went down
07-29 20:56:52.271  1714  1806 I minksocket: MinkIPC MESSAGE: ( 1714:1806 ) MinkIPC_QRTR_Service:351 minkipc = 0xb400007134251590 sock = 19, client with node 1 port 4984 went down
07-29 20:56:52.271  1714  1828 I minksocket: MinkIPC MESSAGE: ( 1714:1828 ) MinkIPC_QRTR_Service:351 minkipc = 0xb4000071342524b0 sock = 35, client with node 1 port 4984 went down
07-29 20:56:52.271  1747  1747 I sensors-hal: qsh_qmi:35, qsh_qmi
07-29 20:56:52.271  1747  1747 I sensors-hal: register_cb:314, suid(low=11115320498015681092,high=2286538866409242278) is new. register callbacks
07-29 20:56:52.272  1747  1747 I sensors-hal: send_sensor_config_request:626, resampler is used, set resampler config
07-29 20:56:52.272  1747  1747 I sensors-hal: send_sync_sensor_request:531, send sync request
07-29 20:56:52.272  1747  1747 I sensors-hal: send_sync_sensor_request:541, send_sync_sensor_request before send_request for accel with SUID low=11115320498015681092 high=2286538866409242278
07-29 20:56:52.272  1714  1806 I minksocket: MinkIPC MESSAGE: ( 1714:1806 ) MinkIPC_QRTR_Service:351 minkipc = 0xb400007134251590 sock = 19, client with node 1 port 4985 went down
07-29 20:56:52.272  1747  1747 I sensors-hal: send_sync_sensor_request:560, wait for notification of response
07-29 20:56:52.272  1714  1828 I minksocket: MinkIPC MESSAGE: ( 1714:1828 ) MinkIPC_QRTR_Service:351 minkipc = 0xb4000071342524b0 sock = 35, client with node 1 port 4985 went down
07-29 20:56:52.274  1747 23607 I sensors-hal: qsh_conn_resp_cb:886, resp_value = 0 for accel 
07-29 20:56:52.274  1747  1747 I sensors-hal: send_sync_sensor_request:566, takes 1 ms to receive the response with 0
07-29 20:56:52.274  1747  1747 I sensors-hal: activate:119, android.sensor.accelerometer/11 en=1 completed
07-29 20:56:52.275  4497  5159 E Launcher: mFsGestureStatusRefreshRunnable:run usingFsGesture=true   show=true   focus=true   pause=false
07-29 20:56:52.281  4497  4497 W RecentsImpl: updateFsgWindowVisibilityState origin isEnter=true, typeFrom=typefrom_home
07-29 20:56:52.281  4497  5159 W RecentsImpl: updateFsgWindowVisibilityStateInBgThread, isEnter=true, typeFrom=typefrom_home, isOpen=true, isKeyguardLocked=false, mIsInAnotherPro=false, isStatusBarExpansion=false
07-29 20:56:52.282  3002  3081 E libsensor-parseRGB: CWB NotifyCWBBufferDone  error 0
07-29 20:56:52.285  4497  5295 W GestureStubView_Left: adaptRotation   currentRotation=0   mRotation=0
07-29 20:56:52.286  4497  5295 W GestureStubView_Right: adaptRotation   currentRotation=0   mRotation=0
07-29 20:56:52.297  3117  3117 I adbd    : in ShellService: input keyevent BACK
07-29 20:56:52.344  2463  5535 W MIUIInput: Input event injection from package: null action ACTION_DOWN keycode 4
07-29 20:56:52.344  2463  5535 W MiuiInputKeyEventLog: keyCode:4 down:true eventTime:19650663 downTime:19650663 policyFlags:2b000000 flags:0 metaState:0 deviceId:-1 isScreenOn:true keyguardActive:false repeatCount:0
07-29 20:56:52.345  2463  2528 W ActivityManagerServiceImpl: Sending non-protected broadcast miui.intent.KEYCODE_BACK from system 2463:system/1000 pkg android. Callers=com.android.server.am.ActivityManagerService.checkBroadcastFromSystem:16255 com.android.server.am.ActivityManagerService.broadcastIntentLockedTraced:17126 com.android.server.am.ActivityManagerService.broadcastIntentLocked:16315 com.android.server.am.ActivityManagerService.broadcastIntentWithFeature:17337 android.app.ContextImpl.sendBroadcastAsUser:1495 
07-29 20:56:52.346  2463  4068 I MIUIInput: [KeyEvent] publisher action:0x0,  keyCode:4 , deviceId=-1, 19650663,channel 'fd7851 com.miui.home/com.miui.home.launcher.Launcher (server)' 
07-29 20:56:52.346  4497  4497 I MIUIInput: [KeyEvent] ViewRootImpl windowName 'com.miui.home/com.miui.home.launcher.Launcher', KeyEvent { action=ACTION_DOWN, keyCode=KEYCODE_BACK, scanCode=0, metaState=0, flags=0x0, repeatCount=0, eventTime=19650663000000, downTime=19650663000000, deviceId=-1, source=0x0, displayId=-1 }, phoneEventTime=20:56:52.344
07-29 20:56:52.402  2463  5535 W MIUIInput: Input event injection from package: null action ACTION_UP keycode 4
07-29 20:56:52.403  2463  5535 W MiuiInputKeyEventLog: keyCode:4 down:false eventTime:19650722 downTime:19650663 policyFlags:2b000000 flags:0 metaState:0 deviceId:-1 isScreenOn:true keyguardActive:false repeatCount:0
07-29 20:56:52.405  2463  4068 I MIUIInput: [KeyEvent] publisher action:0x1,  keyCode:4 , deviceId=-1, 19650722,channel 'fd7851 com.miui.home/com.miui.home.launcher.Launcher (server)' 
07-29 20:56:52.406  2463  2528 W ActivityManagerServiceImpl: Sending non-protected broadcast miui.intent.KEYCODE_BACK from system 2463:system/1000 pkg android. Callers=com.android.server.am.ActivityManagerService.checkBroadcastFromSystem:16255 com.android.server.am.ActivityManagerService.broadcastIntentLockedTraced:17126 com.android.server.am.ActivityManagerService.broadcastIntentLocked:16315 com.android.server.am.ActivityManagerService.broadcastIntentWithFeature:17337 android.app.ContextImpl.sendBroadcastAsUser:1495 
07-29 20:56:52.407  4497  4497 I MIUIInput: [KeyEvent] ViewRootImpl windowName 'com.miui.home/com.miui.home.launcher.Launcher', KeyEvent { action=ACTION_UP, keyCode=KEYCODE_BACK, scanCode=0, metaState=0, flags=0x0, repeatCount=0, eventTime=19650722000000, downTime=19650663000000, deviceId=-1, source=0x0, displayId=-1 }, phoneEventTime=20:56:52.402
07-29 20:56:52.426  4497  4497 W MIUIInput: Back key is intercepted by the app
07-29 20:56:52.430  2463  5535 I SensorService: 	>>> actuating h/w activate handle=0x100000b enabled=0
07-29 20:56:52.431  1747  1747 I sensors-hal: activate:108, android.sensor.accelerometer/11 en=0
07-29 20:56:52.431  1747  1747 I sensors-hal: send_sync_sensor_request:531, send sync request
07-29 20:56:52.431  1747  1747 I sensors-hal: send_sync_sensor_request:541, send_sync_sensor_request before send_request for accel with SUID low=11115320498015681092 high=2286538866409242278
07-29 20:56:52.431  1747  1747 I sensors-hal: send_sync_sensor_request:560, wait for notification of response
07-29 20:56:52.432  1747 23607 I sensors-hal: qsh_conn_resp_cb:886, resp_value = 0 for accel 
07-29 20:56:52.432  1747  1747 I sensors-hal: send_sync_sensor_request:566, takes 1 ms to receive the response with 0
07-29 20:56:52.433  1714  1806 I minksocket: MinkIPC MESSAGE: ( 1714:1806 ) MinkIPC_QRTR_Service:351 minkipc = 0xb400007134251590 sock = 19, client with node 1 port 4986 went down
07-29 20:56:52.434  1714  1828 I minksocket: MinkIPC MESSAGE: ( 1714:1828 ) MinkIPC_QRTR_Service:351 minkipc = 0xb4000071342524b0 sock = 35, client with node 1 port 4986 went down
07-29 20:56:52.434  1747  1747 I sensors-hal: ~qsh_qmi:62, ~qsh_qmi
07-29 20:56:52.434  1747  1747 I sensors-hal: activate:119, android.sensor.accelerometer/11 en=0 completed
07-29 20:56:52.434  2463  2539 I SensorAccount: App unregister sensor noWakeupSensor_10138_0x100000b
07-29 20:56:52.435  4497  5159 E Launcher: mFsGestureStatusRefreshRunnable:run usingFsGesture=true   show=true   focus=true   pause=false
07-29 20:56:52.444  4497  4497 W RecentsImpl: updateFsgWindowVisibilityState origin isEnter=false, typeFrom=typefrom_home
07-29 20:56:52.445  4497  5159 W RecentsImpl: updateFsgWindowVisibilityStateInBgThread, isEnter=false, typeFrom=typefrom_home, isOpen=true, isKeyguardLocked=false, mIsInAnotherPro=false, isStatusBarExpansion=false
07-29 20:56:52.446  4497  5159 W RecentsImpl: getTopActivity from observer.   cn=ComponentInfo{com.miui.home/com.miui.home.launcher.Launcher}
07-29 20:56:52.457  1827  2752 I vendor.qti.hardware.display.composer-service: Sensor: notify citsensorservice to trigger cwb, misForced = 0
07-29 20:56:52.458  3002  4297 I libsensor-parseRGB: request dump start for mRequestDisplayId 0
07-29 20:56:52.480  3117  3117 I adbd    : in ShellService: pm list packages -f
07-29 20:56:52.481  3002  6353 E libsensor-parseRGB: CWB NotifyCWBBufferDone  error 0
07-29 20:56:52.566  2463  4644 I SensorAccount: ExecutionCapabilityChanged  pkgName:com.miui.home  canAfford:true mCurrentForegroundUid:10138
07-29 20:56:52.587 20571 20571 I abb     : StartCommandInProcess(73657474696e67730067657400676c6f settings.get.glo [truncated])
07-29 20:56:52.585  2463  2463 W binder:2463_17: type=1400 audit(0.0:12990): avc:  denied  { getopt } for  scontext=u:r:system_server:s0 tcontext=u:r:shell:s0 tclass=unix_stream_socket permissive=0
07-29 20:56:52.585  2463  2463 W binder:2463_17: type=1400 audit(0.0:12991): avc:  denied  { getopt } for  scontext=u:r:system_server:s0 tcontext=u:r:shell:s0 tclass=unix_stream_socket permissive=0
07-29 20:56:52.585  2463  2463 W binder:2463_17: type=1400 audit(0.0:12992): avc:  denied  { getopt } for  scontext=u:r:system_server:s0 tcontext=u:r:shell:s0 tclass=unix_stream_socket permissive=0
07-29 20:56:52.590  3117  3117 I adbd    : in ShellService: ps
07-29 20:56:52.598  3117  3117 I adbd    : in ShellService: pm list packages -f
07-29 20:56:52.602  7989  7989 I PackageInstallReceiver: action = android.intent.action.PACKAGE_CHANGED packageName = com.miui.cleanmaster
07-29 20:56:52.602  7989  7989 W InstalledPackagesMemoryCache: Unknown action: android.intent.action.PACKAGE_CHANGED
07-29 20:56:52.602  7989  7989 I ServiceDeliveryCapability: onAppChanged:com.miui.cleanmaster action:android.intent.action.PACKAGE_CHANGED
07-29 20:56:52.602  7989  7989 I AppWidgetDelegate: updateAppWidgets for com.miui.cleanmaster
07-29 20:56:52.602  7989  7989 I WidgetController: WidgetController.updateOrRemoveStackWhenPackageChanged: packageName com.miui.cleanmaster
07-29 20:56:52.602  7989  7989 I WidgetBackgroundBlurManager: onAppChanged appPackageName : com.miui.cleanmaster
07-29 20:56:52.603  7989  8779 I AppWidgetDelegate: removeAllWidgets com.xiaomi.misettings.usagestats.widget.desktop.widget.SimpleUsageStatsWidget
07-29 20:56:52.603  7989  8779 I AppWidgetDelegate: removeAllWidgets com.android.calendar.widget.NearEventAppWidget
07-29 20:56:52.614 20571 20571 I abb     : StartCommandInProcess(7061636b61676500696e7374616c6c00 package.install. [truncated])
07-29 20:56:52.618  2463  2504 I InstallationTiming: beginInstall_sessionId: 2007010521
07-29 20:56:52.649 29956 30024 I Finsky:quick_launch: [1504] nhf.run(372): Stats for Executor: bgExecutor pjg@7a52b3b[Running, pool size = 4, active threads = 0, queued tasks = 0, completed tasks = 23]
07-29 20:56:52.650 29956 30024 I Finsky:quick_launch: [1504] nhf.run(372): Stats for Executor: LightweightExecutor pjg@f219258[Running, pool size = 4, active threads = 0, queued tasks = 0, completed tasks = 9]
07-29 20:56:52.658  1827  2752 I vendor.qti.hardware.display.composer-service: Sensor: notify citsensorservice to trigger cwb, misForced = 0
07-29 20:56:52.659  3002  4297 I libsensor-parseRGB: request dump start for mRequestDisplayId 0
07-29 20:56:52.672  4979  4979 I ViewRootImpl: Toast use first frame acceleration
07-29 20:56:52.678  4979  4979 I Choreographer: first vsync insert message into MessageQueue Head
07-29 20:56:52.681  3002  3080 E libsensor-parseRGB: CWB NotifyCWBBufferDone  error 0
07-29 20:56:52.682  4979  4979 W libc    : Access denied finding property "vendor.gpp.create_frc_extension"
07-29 20:56:52.687  4979  5421 W qdgralloc: getInterlacedFlag: getMetaData returned 3, defaulting to interlaced_flag = 0
07-29 20:56:52.691  4979  5421 W qdgralloc: getInterlacedFlag: getMetaData returned 3, defaulting to interlaced_flag = 0
07-29 20:56:52.691  2463  2517 I PowerManagerServiceImpl: Acquire wakelock: SCREEN_BRIGHT_WAKE_LOCK           'WindowManager/displayId:0' ON_AFTER_RELEASE (uid=1000 pid=2463 pkg=android ws=WorkSource{1000 com.android.systemui})
07-29 20:56:52.694  4979  5421 W qdgralloc: getInterlacedFlag: getMetaData returned 3, defaulting to interlaced_flag = 0
