07-29 20:56:57.226  3117  3117 I adbd    : in ShellService: ps
07-29 20:56:57.230  9900 23523 I Market-RetrofitRequest: callEnd : https://updateinfo.market.xiaomi.com/apm/updateinfo/v2
07-29 20:56:57.232  9900 23523 W Market-Connection: Connection result is cut off as too long
07-29 20:56:57.236  9900 23523 I Market-LocalAppManager: getUpdateInfoFromServer : end  , responseCode : OK
07-29 20:56:57.237  9900 23523 I Market-LocalAppManager: checkUpdateFromServer : end
07-29 20:56:57.238  9900 23523 I Market-LocalAppManager: checkUpdateFromServer  data parser : end
07-29 20:56:57.238  9900 23523 I Market-HuanjiManager: condition not satisfied, ignore
07-29 20:56:57.239  9900 23523 I Market-DataParser: [InvalidPackageList] JSON : invalidSystemPackageList list is null
07-29 20:56:57.239  9900 23523 I Market-LocalAppManager: checkUpdateFromServer  filter package : end
07-29 20:56:57.239  9900 23523 I Market-LocalAppManager: checkUpdateFromServer  support64BitPackagesJsonArray : end
07-29 20:56:57.239  9900 23523 I Market-LocalAppManager: query update apps from server : finish, 64 / 425 to update
07-29 20:56:57.249  9900 23523 I Market-RetrofitRequest: callStart : https://updateinfo.market.xiaomi.com/apm/updateinfo/priority
07-29 20:56:57.249  9900 23523 I Market-RetrofitRequest: HeaderInterceptor : https://updateinfo.market.xiaomi.com/apm/updateinfo/priority
07-29 20:56:57.250  9900 23523 E Market-Client: isSupportChildMode, error: java.lang.NumberFormatException: For input string: ""
07-29 20:56:57.250  9900 23523 E Market-Client: isSupportChildMode, error: java.lang.NumberFormatException: For input string: ""
07-29 20:56:57.252  9900 23523 I Market-LimitSpeedManager: startLimitSpeedNow() ====== speed = 32768
07-29 20:56:57.255  9900 23523 I Market-DownloadLimitSpeedManager: startLimitSpeed success. Total count 1
07-29 20:56:57.255  9900 23523 I Market-RetrofitRequest: HeaderInterceptor : https://updateinfo.market.xiaomi.com/apm/updateinfo/priority
07-29 20:56:57.276  1839  7244 E ANDR-PERF-LM: SAGT_ACTION: updateAutoPenatly() 161: recovery auto penatly gamefps 35.000000, measured fps is 39.500000, gap is -4.500000 
07-29 20:56:57.322  9900 23523 I Market-DownloadLimitSpeedManager: stopLimitSpeed
07-29 20:56:57.323  9900 23523 I Market-LimitSpeedManager: stopLimitSpeedNow() =========== 
07-29 20:56:57.329  9900 23523 I Market-RetrofitRequest: callEnd : https://updateinfo.market.xiaomi.com/apm/updateinfo/priority
07-29 20:56:57.335  9900 23523 I Market-SystemSettingsManager: extraSettingsSecureGetInt key: com.xiaomi.market.need_update_game_count, value: 0
07-29 20:56:57.335  9900 23523 I Market-UpdateAppList: update app list do not change, don't notify: pkg (61) = com.ss.android.ugc.aweme,com.milink.service,com.miui.hybrid,com.baidu.BaiduMap,com.netease.newsreader.activity,com.baidu.searchbox.lite,com.android.fileexplorer,com.xiaomi.aiasst.vision,com.microsoft.office.outlook,com.miui.newhome,com.autonavi.minimap,com.miui.calculator,com.miui.mishare.connectivity,com.android.contacts,com.unionpay.tsmservice.mi,com.miui.voiceassist,com.miui.thirdappassistant,com.xiaomi.scanner,com.miui.securitycenter,com.duokan.reader,com.baidu.searchbox,com.wuba.zhuanzhuan,com.xingin.xhs,com.miui.touchassistant,tv.danmaku.bili,com.dragon.read,com.miui.gallery,com.miui.cloudservice,com.UCMobile,com.mfashiongallery.emag,com.miui.carlink,com.miui.notes,com.xiaomi.payment,com.miui.home,com.miui.tsmclient,com.xiaomi.gamecenter,com.smile.gifmaker,com.android.browser,com.suxing.sustream,com.xiaomi.mis,com.miui.virtualsim,com.android.quicksearchbox,com.sina.news,com.miui.video,com.miui.weather2,com.ss.android.article.news,com.quark.browser,com.xiaomi.mi_connect_service,com.miui.personalassistant,com.android.mms,com.xiaomi.gamecenter.sdk.service,com.kuaishou.nebula,com.android.thememanager,com.miui.bugreport,com.xiaomi.digitalkey,com.android.calendar,com.xiaomi.aicr,com.xiaomi.xmsf,com.xiaomi.mirror,com.miui.yellowpage,com.android.soundrecorder
07-29 20:56:57.336  9900 23561 I Market-SubScriptManager: updateMarketSubScript forceShow : false
07-29 20:56:57.337  9900 23561 I Market-SubScriptManager: get count 61
07-29 20:56:57.337  9900 23561 I Market-SubScriptManager: get count 61
07-29 20:56:57.339  9900 23523 I Market-LocalAppManager: queryDiffSizeFromServer start
07-29 20:56:57.340  9900 23523 I Market-RetrofitRequest: callStart : https://updateinfo.market.xiaomi.com/apm/updateinfo/diffsize
07-29 20:56:57.341  9900 23523 I Market-RetrofitRequest: HeaderInterceptor : https://updateinfo.market.xiaomi.com/apm/updateinfo/diffsize
07-29 20:56:57.342  9900 23523 E Market-Client: isSupportChildMode, error: java.lang.NumberFormatException: For input string: ""
07-29 20:56:57.342  9900 23523 E Market-Client: isSupportChildMode, error: java.lang.NumberFormatException: For input string: ""
07-29 20:56:57.344  9900 23523 I Market-LimitSpeedManager: startLimitSpeedNow() ====== speed = 32768
07-29 20:56:57.347  9900 23523 I Market-DownloadLimitSpeedManager: startLimitSpeed success. Total count 1
07-29 20:56:57.347  9900 23523 I Market-RetrofitRequest: HeaderInterceptor : https://updateinfo.market.xiaomi.com/apm/updateinfo/diffsize
07-29 20:56:57.377  3117  3117 I adbd    : in ShellService: screencap -p /sdcard/screen_2025-07-29_205658.png
07-29 20:56:57.423  9900 23523 I Market-DownloadLimitSpeedManager: stopLimitSpeed
07-29 20:56:57.423  9900 23523 I Market-LimitSpeedManager: stopLimitSpeedNow() =========== 
07-29 20:56:57.426  9900 23523 I Market-RetrofitRequest: callEnd : https://updateinfo.market.xiaomi.com/apm/updateinfo/diffsize
07-29 20:56:57.427  9900 23523 I Market-LocalAppManager: queryDiffSizeFromServer end
07-29 20:56:57.428  9900 23445 I Market-SubScriptManager: updateMarketSubScript forceShow : false
07-29 20:56:57.428  9900 23445 I Market-SubScriptManager: get count 61
07-29 20:56:57.428  9900 23445 I Market-SubScriptManager: get count 61
07-29 20:56:57.428  9900 23523 I Market-WakeLockManager: release wakeLock: CheckUpdateService
07-29 20:56:57.431  2463  3740 I ActivityManager: Cancel FGS notification userId: 0 definingUid: 10167 packageName: com.xiaomi.market processName:com.xiaomi.market ChannelId:com.xiaomi.market_hide foregroundNotiWhen:1753793816952 Notiflags:104
07-29 20:56:57.431  1844  1844 I vendor.qti.hardware.servicetrackeraidl-service: destroyService is called for service : com.xiaomi.market/.business_core.update.auto.CheckUpdateService
07-29 20:56:57.431  2463  3740 W ForegroundServiceTypeLoggerModule: FGS stop call for: 10167 has no types!
07-29 20:56:57.432  2463  2463 I NotificationService: Cancel FGS notification CallingUid: 10167 CallingPid: 9900 Pkg: com.xiaomi.market Id:126518579 Tag:null UserId:0 MustHaveFlags:0 MustNotHaveFlags:0 Reason:8 foregroundNotiWhen:1753793816952 foregroundNotiFlags:104 foregroundNotiChannelId:com.xiaomi.market_hide
07-29 20:56:57.434  9900  9900 I Market-ServiceUtils: stop foreground service: CheckUpdateService
07-29 20:56:57.437  2463  4205 I MiuiNetworkPolicy: updateUidState uid = 10261, uidState = 10
07-29 20:56:57.437  2463  4205 I MiuiNetworkPolicyTrafficLimit: updateWhiteListUidForMobileTraffic uid=10261,add=false
07-29 20:56:57.438  4979  4979 E NotifCollection: No notification to remove with key 0|com.xiaomi.market|126518579|null|10167 reason=8:REASON_APP_CANCEL
07-29 20:56:57.439  2463  4205 I MiuiNetworkPolicy: updateUidState uid = 10203, uidState = 6
07-29 20:56:57.439  2463  4205 I MiuiNetworkPolicy: updateUidState uid = 10167, uidState = 10
07-29 20:56:57.439  2463  4205 I MiuiNetworkPolicyTrafficLimit: updateWhiteListUidForMobileTraffic uid=10167,add=false
07-29 20:56:57.439  2463  4205 I MiuiNetworkPolicy: updateUidState uid = 10158, uidState = 10
07-29 20:56:57.441  2463  4205 I MiuiNetworkPolicyTrafficLimit: updateWhiteListUidForMobileTraffic uid=10158,add=false
07-29 20:56:57.444  2463  4205 I MiuiNetworkPolicy: updateUidState uid = 10261, uidState = 19
07-29 20:56:57.445  2463  4205 I MiuiNetworkPolicy: updateUidState uid = 10158, uidState = 19
07-29 20:56:57.483  9900  9930 I m.xiaomi.market: This is non sticky GC, maxfree is 16777216 minfree is 8388608
07-29 20:56:57.486 23751 23751 W BpBinder: Linking to death on android.gui.ISurfaceComposer but there are no threads (yet?) listening to incoming transactions. See ProcessState::startThreadPool and ProcessState::setThreadPoolMaxThreadCount. Generally you should setup the binder threadpool before other initialization steps.
07-29 20:56:57.486 23751 23751 W ProcessState: Extra binder thread started, but 0 threads requested. Do not use *startThreadPool when zero threads are requested.
07-29 20:56:57.519 23751 23753 I AdrenoUtils: <ReadGpuID:357>: Reading chip ID through GSL
07-29 20:56:57.520 23751 23751 W qdgralloc: Failed to load libubwcp.so
07-29 20:56:57.513 23751 23751 W screencap: type=1400 audit(0.0:12997): avc:  denied  { read } for  name="libubwcp.so" dev="dm-14" ino=19816057 scontext=u:r:shell:s0 tcontext=u:object_r:vendor_file:s0 tclass=file permissive=0
07-29 20:56:57.522  7633 20214 W MediaProvider: isAppCloneUserPair for user 0: false
07-29 20:56:57.782  2463  5109 I NetworkBoostStatusManager: handle: 102
07-29 20:56:57.783  4916  4962 E PhoneAdapter: get ntnphones failed, exception: java.lang.IllegalStateException: Default phones haven't been made yet!
07-29 20:56:57.785  2463  5109 I NetworkBoostStatusManager: interfaceOnCapabilitiesChanged interface name:wlan0
07-29 20:56:57.790  8724  8724 I NetBusNetworkMonitor: onCapabilitiesChanged isPrimary = true
07-29 20:56:57.790  8724  8724 I NetBusNetworkMonitor: gateway=192.*.*.1
07-29 20:56:57.794  8724  8724 I NetBusNetworkMonitor: addConnectNetworkInterface mediumType:256, detail:NetworkDetailInfo{mIsConnected=false, mIsSupportTdls=true, mNetworkType=0, mIpAddress=192.*.*.11, mIfName=wlan0, mGateway=192.*.*.1, mNetmask=255.*.*.0, mSsid=C**01}
07-29 20:56:57.794  8724  8724 I NetBusNetworkMonitor: onCapabilitiesChanged handle=441492361229, mediumType=256, ifName=wlan0
07-29 20:56:57.915  7989  7989 I RuntimePermissionManager: isRuntimeRequestSupport: true
07-29 20:56:57.935  2463  5526 W ParceledListSlice: Element #44 is 26672 bytes.
07-29 20:56:57.935  2463  5526 W ParceledListSlice: Overly large reply size: 82204
07-29 20:56:57.936  2463  2504 W ParceledListSlice: Element #45 is 26676 bytes.
07-29 20:56:57.936  2463  2504 W ParceledListSlice: Element #46 is 26676 bytes.
07-29 20:56:57.936  2463  2504 W ParceledListSlice: Element #47 is 26684 bytes.
07-29 20:56:57.936  2463  5541 W ParceledListSlice: Element #48 is 26688 bytes.
07-29 20:56:57.936  2463  5541 W ParceledListSlice: Element #54 is 19664 bytes.
07-29 20:56:57.937  2463  5054 W ParceledListSlice: Element #55 is 19652 bytes.
07-29 20:56:57.937  2463  5054 W ParceledListSlice: Element #56 is 19692 bytes.
07-29 20:56:57.937  2463  5054 W ParceledListSlice: Element #57 is 19720 bytes.
07-29 20:56:57.937  2463  5054 W ParceledListSlice: Element #58 is 19720 bytes.
07-29 20:56:57.937  2463  5531 W ParceledListSlice: Element #59 is 19684 bytes.
07-29 20:56:57.937  2463  5531 W ParceledListSlice: Element #60 is 19692 bytes.
07-29 20:56:57.937  2463  5531 W ParceledListSlice: Element #61 is 19668 bytes.
07-29 20:56:57.937  2463  5531 W ParceledListSlice: Element #62 is 19680 bytes.
07-29 20:56:57.937  2463  5531 W ParceledListSlice: Element #63 is 19672 bytes.
07-29 20:56:57.937  2463  5531 W ParceledListSlice: Element #64 is 29724 bytes.
07-29 20:56:57.937  2463  5531 W ParceledListSlice: Element #65 is 29744 bytes.
07-29 20:56:57.938  2463  5054 W ParceledListSlice: Element #66 is 29736 bytes.
07-29 20:56:57.940  2463  2775 I AppsFilter: interaction: PackageSetting{c78f1a0 com.android.microdroid.empty_payload/10236} -> PackageSetting{54a49ca com.miui.cleanmaster/10266} BLOCKED
07-29 20:56:57.941  2463  2775 I AppsFilter: interaction: PackageSetting{a11711e io.appium.uiautomator2.server.test/10280} -> PackageSetting{54a49ca com.miui.cleanmaster/10266} BLOCKED
07-29 20:56:57.941  2463  2775 I AppsFilter: interaction: PackageSetting{5187dff io.github.ylimit.droidbotapp/10359} -> PackageSetting{54a49ca com.miui.cleanmaster/10266} BLOCKED
07-29 20:56:57.942  2463  2775 I AppsFilter: interaction: PackageSetting{40b87cc com.rongcard.eid/10151} -> PackageSetting{54a49ca com.miui.cleanmaster/10266} BLOCKED
07-29 20:56:57.942  2463  2775 I AppsFilter: interaction: PackageSetting{112a15 io.appium.settings/10274} -> PackageSetting{54a49ca com.miui.cleanmaster/10266} BLOCKED
07-29 20:56:57.943 12230 12394 I Ad      : isPersonalizedAdEnabled getAdSettings: 1
07-29 20:56:57.947  2463  5128 W ContentProviderHelper: No provider info for content provider  when providerRunning is false, caller is ProcessRecord{15056c5 18854:com.android.quicksearchbox:ApplicationsProvider/u0a136}
07-29 20:56:57.948 18854 18878 E ActivityThread: Failed to find provider info for 
07-29 20:56:57.948  2463  5054 W ParceledListSlice: Element #273 is 21068 bytes.
07-29 20:56:57.949  2463  5128 W ContentProviderHelper: No provider info for content provider  when providerRunning is false, caller is null
07-29 20:56:57.949  2463  4596 W ParceledListSlice: Element #274 is 21048 bytes.
07-29 20:56:57.949  2463  4596 W ParceledListSlice: Element #275 is 21056 bytes.
07-29 20:56:57.949  2463  4596 W ParceledListSlice: Element #276 is 21036 bytes.
07-29 20:56:57.949  2463  4596 W ParceledListSlice: Element #277 is 21084 bytes.
07-29 20:56:57.949  2463  4596 W ParceledListSlice: Overly large reply size: 84248
07-29 20:56:57.949  2463  5541 W ParceledListSlice: Element #278 is 21084 bytes.
07-29 20:56:57.949  2463  5541 W ParceledListSlice: Element #279 is 21096 bytes.
07-29 20:56:57.949  2463  5541 W ParceledListSlice: Element #280 is 21084 bytes.
07-29 20:56:57.949  2463  5541 W ParceledListSlice: Element #281 is 21084 bytes.
07-29 20:56:57.949  2463  5541 W ParceledListSlice: Overly large reply size: 84372
07-29 20:56:57.950  2463  5054 W ParceledListSlice: Element #282 is 21104 bytes.
07-29 20:56:57.950  2463  5054 W ParceledListSlice: Element #283 is 21092 bytes.
07-29 20:56:57.950  2463  5054 W ParceledListSlice: Element #284 is 21080 bytes.
07-29 20:56:57.952  2463  5054 W ParceledListSlice: Element #8 is 20788 bytes.
07-29 20:56:57.952  2463  5054 W ParceledListSlice: Element #9 is 20768 bytes.
07-29 20:56:57.954  2463 14501 I ClipboardServiceI: checkProviderWakePathForClipboard: primaryClip is null
07-29 20:56:57.954  2463 14501 I SmartPower: com.miui.notes/10275(13074): idle->background(2832ms) R(content provider start ContentProviderRecord{c0729a2 u0 com.miui.notes/.provider.NotesProvider}) adj=905.
07-29 20:56:57.955  4916  5777 E SmsApplication: com.android.mms lost android:read_cell_broadcasts:  (fixing)
07-29 20:56:57.955  2463  2504 W AppOpService: Ignored setUidMode call for runtime permission app op: uid = 10141, code = READ_CELL_BROADCASTS, mode = allow, callingUid = 1001, oldMode = allow
07-29 20:56:57.956  7773  7773 E RegisteredServicesCache: Skipping application component ComponentInfo{com.UCMobile/com.alibaba.ariver.commonability.device.jsapi.nfc.service.TinyAppHostApduService}: it must request the permission android.permission.NFC
07-29 20:56:57.956  7773  7773 E RegisteredServicesCache: Skipping application component ComponentInfo{com.UCMobile/com.alipay.mobile.aompdevice.nfc.service.TinyAppHostApduService}: it must request the permission android.permission.NFC
07-29 20:56:57.957  7368  1978 I PermissionControllerServiceImpl: Updating user sensitive for uid 10266
07-29 20:56:57.957  7773  7773 E RegisteredServicesCache: Skipping application component ComponentInfo{com.autonavi.minimap/com.alibaba.ariver.commonability.device.jsapi.nfc.service.TinyAppHostApduService}: it must request the permission android.permission.NFC
07-29 20:56:57.957  7773  7773 E RegisteredServicesCache: Skipping application component ComponentInfo{com.autonavi.minimap/com.alipay.mobile.aompdevice.nfc.service.TinyAppHostApduService}: it must request the permission android.permission.NFC
07-29 20:56:57.958  2463  3740 W ContentProviderHelper: Permission Denial: opening provider com.alibaba.aliexpress.android.search.nav.SearchSuggestionProvider from ProcessRecord{15056c5 18854:com.android.quicksearchbox:ApplicationsProvider/u0a136} (pid=18854, uid=10136) that is not exported from UID 10303
07-29 20:56:57.959  7773  7773 I RegisteredServicesCache: current user: 0, is managed profile : false
07-29 20:56:57.960  2463  5533 W AppOpService: Ignored setUidMode call for runtime permission app op: uid = 1001, code = READ_SMS, mode = allow, callingUid = 1001, oldMode = allow
07-29 20:56:57.961  7773  7773 I RegisteredAidCache: updateRoutingLocked(false): Enter
07-29 20:56:57.961  7773  7773 I AidRoutingManager: configureRouting(false): Enter
07-29 20:56:57.961  7773  7773 E AidRoutingManager: Size of routing table970
07-29 20:56:57.961  7773  7773 I RegisteredAidCache: updateRoutingLocked(false): exit
07-29 20:56:57.961  2463  5533 W AppOpService: Ignored setUidMode call for runtime permission app op: uid = 1001, code = RECEIVE_SMS, mode = allow, callingUid = 1001, oldMode = allow
07-29 20:56:57.961  2463  5533 W AppOpService: Ignored setUidMode call for runtime permission app op: uid = 1001, code = RECEIVE_WAP_PUSH, mode = allow, callingUid = 1001, oldMode = allow
07-29 20:56:57.961  2463  4596 W AppOpService: Ignored setUidMode call for runtime permission app op: uid = 1001, code = SEND_SMS, mode = allow, callingUid = 1001, oldMode = allow
07-29 20:56:57.962  2463  5459 W AppOpService: Ignored setUidMode call for runtime permission app op: uid = 1001, code = READ_CELL_BROADCASTS, mode = allow, callingUid = 1001, oldMode = allow
07-29 20:56:57.962  7989  8778 I RuntimePermissionManager: isRuntimeRequestSupport: true
07-29 20:56:57.962  7989  8778 I InstalledPackagesMemoryCache: getInstallPermissionGranted=true
07-29 20:56:57.963  7773  7773 I libnfc_nci: [INFO:NativeT4tNfcee.cpp(870)] nfcManager_isFwSupportNonStdT4TAid Enter isFwSupport = 1
07-29 20:56:57.963  7773  7773 I libnfc_nci: [INFO:SecureElement.cpp(1487)] SecureElement::getEseHandleFromGenericId: enter; ESE-ID = 0x7F
07-29 20:56:57.963  7773  7773 I libnfc_nci: [INFO:SecureElement.cpp(1528)] SecureElement::getEseHandleFromGenericId: enter; ESE-Handle = 0x410
07-29 20:56:57.963  2463  4205 I MiuiNetworkPolicy: updateUidState uid = 10303, uidState = 6
07-29 20:56:57.963  2463 14501 I ClipboardServiceI: checkProviderWakePathForClipboard: primaryClip is null
07-29 20:56:57.963  2463 14501 I SmartPower: com.alibaba.aliexpresshd/10303(5685): idle->background(2834ms) R(content provider start ContentProviderRecord{716322c u0 com.alibaba.aliexpresshd/com.alibaba.aliexpress.android.search.nav.SearchSuggestionProvider}) adj=0.
07-29 20:56:57.964  2463  4205 I MiuiNetworkPolicy: updateUidState uid = 10169, uidState = 6
07-29 20:56:57.963  7773  7773 I libnfc_nci: [INFO:SecureElement.cpp(1487)] SecureElement::getEseHandleFromGenericId: enter; ESE-ID = 0x00
07-29 20:56:57.964  7773  7773 I libnfc_nci: [INFO:SecureElement.cpp(1528)] SecureElement::getEseHandleFromGenericId: enter; ESE-Handle = 0x400
07-29 20:56:57.966  2463  4205 I MiuiNetworkPolicy: updateUidState uid = 10303, uidState = 19
07-29 20:56:57.966  2463  4205 I MiuiNetworkPolicy: updateUidState uid = 10169, uidState = 19
07-29 20:56:57.967  2463  3740 W Bundle  : Failed to parse item error, returning null.
07-29 20:56:57.967  2463  3740 W Bundle  : android.os.BadTypeParcelableException: Parcelable creator android.os.ParcelableException is not a subclass of required class java.lang.String provided in the parameter
07-29 20:56:57.967  2463  3740 W Bundle  : 	at android.os.Parcel.readParcelableCreatorInternal(Parcel.java:5206)
07-29 20:56:57.967  2463  3740 W Bundle  : 	at android.os.Parcel.readParcelableInternal(Parcel.java:5080)
07-29 20:56:57.967  2463  3740 W Bundle  : 	at android.os.Parcel.readValue(Parcel.java:4840)
07-29 20:56:57.967  2463  3740 W Bundle  : 	at android.os.Parcel.readValue(Parcel.java:4609)
07-29 20:56:57.967  2463  3740 W Bundle  : 	at android.os.Parcel.-$$Nest$mreadValue(Unknown Source:0)
07-29 20:56:57.967  2463  3740 W Bundle  : 	at android.os.Parcel$LazyValue.apply(Parcel.java:4707)
07-29 20:56:57.967  2463  3740 W Bundle  : 	at android.os.Parcel$LazyValue.apply(Parcel.java:4666)
07-29 20:56:57.967  2463  3740 W Bundle  : 	at android.os.BaseBundle.unwrapLazyValueFromMapLocked(BaseBundle.java:416)
07-29 20:56:57.967  2463  3740 W Bundle  : 	at android.os.BaseBundle.getValueAt(BaseBundle.java:402)
07-29 20:56:57.967  2463  3740 W Bundle  : 	at android.os.BaseBundle.getPairValue(BaseBundle.java:282)
07-29 20:56:57.967  2463  3740 W Bundle  : 	at com.android.server.am.ContentProviderHelper.lambda$getMimeTypeFilterAsync$1(ContentProviderHelper.java:1212)
07-29 20:56:57.967  2463  3740 W Bundle  : 	at com.android.server.am.ContentProviderHelper.$r8$lambda$JV9jTPlBHAPZLxkKAqq24ds-FLE(Unknown Source:0)
07-29 20:56:57.967  2463  3740 W Bundle  : 	at com.android.server.am.ContentProviderHelper$$ExternalSyntheticLambda1.onResult(D8$$SyntheticClass:0)
07-29 20:56:57.967  2463  3740 W Bundle  : 	at android.os.RemoteCallback.sendResult(RemoteCallback.java:76)
07-29 20:56:57.967  2463  3740 W Bundle  : 	at android.os.RemoteCallback$1.sendResult(RemoteCallback.java:53)
07-29 20:56:57.967  2463  3740 W Bundle  : 	at android.os.IRemoteCallback$Stub.onTransact(IRemoteCallback.java:85)
07-29 20:56:57.967  2463  3740 W Bundle  : 	at android.os.Binder.execTransactInternal(Binder.java:1512)
07-29 20:56:57.967  2463  3740 W Bundle  : 	at android.os.Binder.execTransact(Binder.java:1451)
07-29 20:56:57.968  4897 30726 I SecureElement-Terminal-eSE1: isSecureElementPresent()
07-29 20:56:57.968 18854 18878 W ContentResolver: Failed to get type for: content://com.alibaba.aliexpress.android.search.nav.SearchSuggestionProvider/products (Unknown URL content://com.alibaba.aliexpress.android.search.nav.SearchSuggestionProvider/products)
07-29 20:56:57.968  1746  1746 I android.hardware.secure_element-service.qti: isCardPresent
07-29 20:56:57.968  1746  1746 I android.hardware.secure_element-service.qti: isCardPresent exit, cardPresent: 1
07-29 20:56:57.970  4897 30726 I SecureElement-Terminal-SIM1: isSecureElementPresent()
07-29 20:56:57.970  4897 30726 I SecureElement-Terminal-SIM1: isNfcEventAllowed: No access rules for checking.
07-29 20:56:57.971  4897 30726 I SecureElement-Terminal-SIM2: isSecureElementPresent()
07-29 20:56:57.971  2463  4596 W ContentProviderHelper: No provider info for content provider  when providerRunning is false, caller is ProcessRecord{15056c5 18854:com.android.quicksearchbox:ApplicationsProvider/u0a136}
07-29 20:56:57.971 18854 18878 E ActivityThread: Failed to find provider info for 
07-29 20:56:57.971  2463  4596 W ContentProviderHelper: No provider info for content provider  when providerRunning is false, caller is null
07-29 20:56:57.974  2463  4596 W ContentProviderHelper: Permission Denial: opening provider com.alibaba.aliexpress.android.search.nav.SearchSuggestionProvider from ProcessRecord{15056c5 18854:com.android.quicksearchbox:ApplicationsProvider/u0a136} (pid=18854, uid=10136) that is not exported from UID 10303
07-29 20:56:57.976  2463  4596 I ClipboardServiceI: checkProviderWakePathForClipboard: primaryClip is null
07-29 20:56:57.977  2463  4205 I MiuiNetworkPolicy: updateUidState uid = 10303, uidState = 6
07-29 20:56:57.977  2463  4205 I MiuiNetworkPolicy: updateUidState uid = 10169, uidState = 6
07-29 20:56:57.979  2463  4596 W Bundle  : Failed to parse item error, returning null.
07-29 20:56:57.979  2463  4596 W Bundle  : android.os.BadTypeParcelableException: Parcelable creator android.os.ParcelableException is not a subclass of required class java.lang.String provided in the parameter
07-29 20:56:57.979  2463  4596 W Bundle  : 	at android.os.Parcel.readParcelableCreatorInternal(Parcel.java:5206)
07-29 20:56:57.979  2463  4596 W Bundle  : 	at android.os.Parcel.readParcelableInternal(Parcel.java:5080)
07-29 20:56:57.979  2463  4596 W Bundle  : 	at android.os.Parcel.readValue(Parcel.java:4840)
07-29 20:56:57.979  2463  4596 W Bundle  : 	at android.os.Parcel.readValue(Parcel.java:4609)
07-29 20:56:57.979  2463  4596 W Bundle  : 	at android.os.Parcel.-$$Nest$mreadValue(Unknown Source:0)
07-29 20:56:57.979  2463  4596 W Bundle  : 	at android.os.Parcel$LazyValue.apply(Parcel.java:4707)
07-29 20:56:57.979  2463  4596 W Bundle  : 	at android.os.Parcel$LazyValue.apply(Parcel.java:4666)
07-29 20:56:57.979  2463  4596 W Bundle  : 	at android.os.BaseBundle.unwrapLazyValueFromMapLocked(BaseBundle.java:416)
07-29 20:56:57.979  2463  4596 W Bundle  : 	at android.os.BaseBundle.getValueAt(BaseBundle.java:402)
07-29 20:56:57.979  2463  4596 W Bundle  : 	at android.os.BaseBundle.getPairValue(BaseBundle.java:282)
07-29 20:56:57.979  2463  4596 W Bundle  : 	at com.android.server.am.ContentProviderHelper.lambda$getMimeTypeFilterAsync$1(ContentProviderHelper.java:1212)
07-29 20:56:57.979  2463  4596 W Bundle  : 	at com.android.server.am.ContentProviderHelper.$r8$lambda$JV9jTPlBHAPZLxkKAqq24ds-FLE(Unknown Source:0)
07-29 20:56:57.979  2463  4596 W Bundle  : 	at com.android.server.am.ContentProviderHelper$$ExternalSyntheticLambda1.onResult(D8$$SyntheticClass:0)
07-29 20:56:57.979  2463  4596 W Bundle  : 	at android.os.RemoteCallback.sendResult(RemoteCallback.java:76)
07-29 20:56:57.979  2463  4596 W Bundle  : 	at android.os.RemoteCallback$1.sendResult(RemoteCallback.java:53)
07-29 20:56:57.979  2463  4596 W Bundle  : 	at android.os.IRemoteCallback$Stub.onTransact(IRemoteCallback.java:85)
07-29 20:56:57.979  2463  4596 W Bundle  : 	at android.os.Binder.execTransactInternal(Binder.java:1512)
07-29 20:56:57.979  2463  4596 W Bundle  : 	at android.os.Binder.execTransact(Binder.java:1451)
07-29 20:56:57.980 18854 18878 W ContentResolver: Failed to get type for: content://com.alibaba.aliexpress.android.search.nav.SearchSuggestionProvider/products (Unknown URL content://com.alibaba.aliexpress.android.search.nav.SearchSuggestionProvider/products)
07-29 20:56:57.980  2463  4205 I MiuiNetworkPolicy: updateUidState uid = 10303, uidState = 19
07-29 20:56:57.980  2463  4205 I MiuiNetworkPolicy: updateUidState uid = 10169, uidState = 19
07-29 20:56:58.006  8974 23595 E PackageUtil: getPackageInfoAsUser failed gov.dhs.cbp.pspd.mpc , 999
07-29 20:56:58.048  2463  2526 W EnhancedConfirmationService: The packageName should not be null.
07-29 20:56:58.049  2463  2526 W MagnificationConnectionManager: requestConnection duplicated request: connect=false, mConnectionState=DISCONNECTED
07-29 20:56:58.135  8974 23754 E PackageUtil: getPackageInfoAsUser failed gov.dhs.cbp.pspd.mpc , 999
07-29 20:56:58.416  3117  3117 I adbd    : in ShellService: ps
07-29 20:56:58.449  7989  7989 I PackageInstallReceiver: action = android.intent.action.PACKAGE_CHANGED packageName = com.miui.cleanmaster
07-29 20:56:58.449  7989  7989 W InstalledPackagesMemoryCache: Unknown action: android.intent.action.PACKAGE_CHANGED
07-29 20:56:58.449  7989  7989 I ServiceDeliveryCapability: onAppChanged:com.miui.cleanmaster action:android.intent.action.PACKAGE_CHANGED
07-29 20:56:58.449  7989  7989 I AppWidgetDelegate: updateAppWidgets for com.miui.cleanmaster
07-29 20:56:58.449  7989  7989 I WidgetController: WidgetController.updateOrRemoveStackWhenPackageChanged: packageName com.miui.cleanmaster
07-29 20:56:58.449  7989  7989 I WidgetBackgroundBlurManager: onAppChanged appPackageName : com.miui.cleanmaster
07-29 20:56:58.449  7989  8658 I AppWidgetDelegate: removeAllWidgets com.xiaomi.misettings.usagestats.widget.desktop.widget.SimpleUsageStatsWidget
07-29 20:56:58.449  7989  8658 I AppWidgetDelegate: removeAllWidgets com.android.calendar.widget.NearEventAppWidget
07-29 20:56:58.540  2463  5109 I NetworkBoostStatusManager: handle: 107
07-29 20:56:58.543  4916  4962 E PhoneAdapter: get ntnphones failed, exception: java.lang.IllegalStateException: Default phones haven't been made yet!
07-29 20:56:58.826  2463  5177 I NetworkAccelerateSwitchService: EVENT_RSSI_POLL. mRssiPoll=true
07-29 20:56:58.826  2463  5177 I NetworkAccelerateSwitchService: getAverageWifiRssi:64
07-29 20:56:58.924  2463  3740 I ActivityManager: Broadcasting: Intent { act=android.intent.action.MEDIA_SCANNER_SCAN_FILE dat=file:///... flg=0x400000 }
07-29 20:56:58.925  2463  3740 I ActivityManager: Enqueued broadcast Intent { act=android.intent.action.MEDIA_SCANNER_SCAN_FILE dat=file:///... flg=0x400000 }: 0
07-29 20:56:58.928 23383 23423 I mit.droidbotapp: ProcessProfilingInfo new_methods=2 is saved saved_to_disk=1 resolve_classes_delay=8000
07-29 20:56:58.930 13242 13242 W MiuiGallery2_BaseMediaScannerReceiver: [main] - Broadcast received, action: [android.intent.action.MEDIA_SCANNER_SCAN_FILE], data uri: [file:///sdcard/screen_2025-07-29_205658.png], CTA not allowed
07-29 20:56:58.932  2463  4205 I MiuiNetworkPolicy: updateUidState uid = 10271, uidState = 11
07-29 20:56:58.934  2463  4205 I MiuiNetworkPolicy: updateUidState uid = 10271, uidState = 19
07-29 20:56:58.935  7633  7633 I MediaProvider: receive action = android.intent.action.MEDIA_SCANNER_SCAN_FILE schemeSpecificPart = ///sdcard/screen_2025-07-29_205658.png
07-29 20:56:58.936  2463  3740 W JobInfo : Job 'com.android.providers.media.module/com.android.providers.media.MediaService#-300' has a deadline with no functional constraints. The deadline won't improve job execution latency. Consider removing the deadline.
07-29 20:56:58.938  1844  1844 I vendor.qti.hardware.servicetrackeraidl-service: bindService is called for service : com.android.providers.media.module/com.android.providers.media.MediaService and for client system
07-29 20:56:58.939  1844  1844 I vendor.qti.hardware.servicetrackeraidl-service: total connections for service : com.android.providers.media.module/com.android.providers.media.MediaServiceare :1
07-29 20:56:58.939  1844  1844 I vendor.qti.hardware.servicetrackeraidl-service: total connections for client : systemare :32
07-29 20:56:58.939  2463  4404 I whetstone.activity: processNotifyEvent1 resId = 256, bundle = Bundle[{startTime=19657259, sourcePkg=com.android.providers.media.module, sourceUid=10249, status=1, jobId=-300, batteryName=com.android.providers.media.module/com.android.providers.media.MediaService, elapsedRealtime=19657259}]
07-29 20:56:58.941  9339  9408 I EventMonitor: notifyEvent resId=256
07-29 20:56:58.944  7633  8793 I MediaProvider: Begin Intent { act=android.intent.action.MEDIA_SCANNER_SCAN_FILE dat=file:///... flg=0x1400010 cmp=com.android.providers.media.module/com.android.providers.media.MediaService }
07-29 20:56:58.945  2463  2506 I ActivityManager: Broadcast completed: result=0
07-29 20:56:58.952  7633  8793 I MediaProvider: End Intent { act=android.intent.action.MEDIA_SCANNER_SCAN_FILE dat=file:///... flg=0x1400010 cmp=com.android.providers.media.module/com.android.providers.media.MediaService }
07-29 20:56:58.953  2463  4404 I whetstone.activity: processNotifyEvent1 resId = 256, bundle = Bundle[{startTime=19657272, sourcePkg=com.android.providers.media.module, sourceUid=10249, status=0, jobId=-300, batteryName=com.android.providers.media.module/com.android.providers.media.MediaService, elapsedRealtime=19657272}]
07-29 20:56:58.953  1844  1844 I vendor.qti.hardware.servicetrackeraidl-service: unbindService is called for service : com.android.providers.media.module/com.android.providers.media.MediaService and for client system
07-29 20:56:58.953  1844  1844 I vendor.qti.hardware.servicetrackeraidl-service: size of service connections for service: com.android.providers.media.module/com.android.providers.media.MediaServiceafter removal is 0
07-29 20:56:58.953  1844  1844 I vendor.qti.hardware.servicetrackeraidl-service: size of client connections for client: systemafter removal is 31
07-29 20:56:58.953  1844  1844 I vendor.qti.hardware.servicetrackeraidl-service: destroyService is called for service : com.android.providers.media.module/com.android.providers.media.MediaService
07-29 20:56:58.954  9339  9408 I EventMonitor: notifyEvent resId=256
07-29 20:56:59.129  3117  3117 I adbd    : in ShellService: rm /sdcard/screen_2025-07-29_205658.png
07-29 20:56:59.165  7633 13399 I MediaProvider: Deleted paths_hashcode::1389444597/:1389444597/1442737324658.png items on external_primary due to com.android.shell tid=23770
07-29 20:56:59.298  3117  3117 I adbd    : in ShellService: dumpsys display
07-29 20:56:59.428  2463  4412 I SmartPower: com.miui.cleanmaster/10266(21077): background->idle(3008ms) R(service create com.miui.cleanmaster/com.miui.optimizecenter.service.CleanMasterService) adj=905.
07-29 20:56:59.429  2463  4412 I SmartPower: com.android.packageinstaller/10097(11835): background->idle(3004ms) R(broadcast start Intent { act=android.intent.action.PACKAGE_ADDED dat=package: flg=0x5000010 pkg=com.android.packageinstaller (has extras) }) adj=905.
07-29 20:56:59.467  2463  3740 W ContentProviderHelper: No provider info for content provider  when providerRunning is false, caller is ProcessRecord{15056c5 18854:com.android.quicksearchbox:ApplicationsProvider/u0a136}
07-29 20:56:59.467 18854 18878 E ActivityThread: Failed to find provider info for 
07-29 20:56:59.468  3117  3117 I adbd    : in ShellService: wm size
07-29 20:56:59.469  2463  3740 W ContentProviderHelper: No provider info for content provider  when providerRunning is false, caller is null
07-29 20:56:59.471  2463  4596 I ClipboardServiceI: checkProviderWakePathForClipboard: primaryClip is null
07-29 20:56:59.478  2463  4596 W ContentProviderHelper: Permission Denial: opening provider com.alibaba.aliexpress.android.search.nav.SearchSuggestionProvider from ProcessRecord{15056c5 18854:com.android.quicksearchbox:ApplicationsProvider/u0a136} (pid=18854, uid=10136) that is not exported from UID 10303
07-29 20:56:59.486  2463  2504 I ClipboardServiceI: checkProviderWakePathForClipboard: primaryClip is null
07-29 20:56:59.488  2463  4205 I MiuiNetworkPolicy: updateUidState uid = 10303, uidState = 6
07-29 20:56:59.488  2463  4205 I MiuiNetworkPolicy: updateUidState uid = 10169, uidState = 6
07-29 20:56:59.494  2463  4205 I MiuiNetworkPolicy: updateUidState uid = 10303, uidState = 19
07-29 20:56:59.495  2463  2504 W Bundle  : Failed to parse item error, returning null.
07-29 20:56:59.495  2463  2504 W Bundle  : android.os.BadTypeParcelableException: Parcelable creator android.os.ParcelableException is not a subclass of required class java.lang.String provided in the parameter
07-29 20:56:59.495  2463  2504 W Bundle  : 	at android.os.Parcel.readParcelableCreatorInternal(Parcel.java:5206)
07-29 20:56:59.495  2463  2504 W Bundle  : 	at android.os.Parcel.readParcelableInternal(Parcel.java:5080)
07-29 20:56:59.495  2463  2504 W Bundle  : 	at android.os.Parcel.readValue(Parcel.java:4840)
07-29 20:56:59.495  2463  2504 W Bundle  : 	at android.os.Parcel.readValue(Parcel.java:4609)
07-29 20:56:59.495  2463  2504 W Bundle  : 	at android.os.Parcel.-$$Nest$mreadValue(Unknown Source:0)
07-29 20:56:59.495  2463  2504 W Bundle  : 	at android.os.Parcel$LazyValue.apply(Parcel.java:4707)
07-29 20:56:59.495  2463  2504 W Bundle  : 	at android.os.Parcel$LazyValue.apply(Parcel.java:4666)
07-29 20:56:59.495  2463  2504 W Bundle  : 	at android.os.BaseBundle.unwrapLazyValueFromMapLocked(BaseBundle.java:416)
07-29 20:56:59.495  2463  2504 W Bundle  : 	at android.os.BaseBundle.getValueAt(BaseBundle.java:402)
07-29 20:56:59.495  2463  2504 W Bundle  : 	at android.os.BaseBundle.getPairValue(BaseBundle.java:282)
07-29 20:56:59.495  2463  2504 W Bundle  : 	at com.android.server.am.ContentProviderHelper.lambda$getMimeTypeFilterAsync$1(ContentProviderHelper.java:1212)
07-29 20:56:59.495  2463  2504 W Bundle  : 	at com.android.server.am.ContentProviderHelper.$r8$lambda$JV9jTPlBHAPZLxkKAqq24ds-FLE(Unknown Source:0)
07-29 20:56:59.495  2463  2504 W Bundle  : 	at com.android.server.am.ContentProviderHelper$$ExternalSyntheticLambda1.onResult(D8$$SyntheticClass:0)
07-29 20:56:59.495  2463  2504 W Bundle  : 	at android.os.RemoteCallback.sendResult(RemoteCallback.java:76)
07-29 20:56:59.495  2463  2504 W Bundle  : 	at android.os.RemoteCallback$1.sendResult(RemoteCallback.java:53)
07-29 20:56:59.495  2463  2504 W Bundle  : 	at android.os.IRemoteCallback$Stub.onTransact(IRemoteCallback.java:85)
07-29 20:56:59.495  2463  2504 W Bundle  : 	at android.os.Binder.execTransactInternal(Binder.java:1512)
07-29 20:56:59.495  2463  2504 W Bundle  : 	at android.os.Binder.execTransact(Binder.java:1451)
07-29 20:56:59.495  2463  4205 I MiuiNetworkPolicy: updateUidState uid = 10169, uidState = 19
07-29 20:56:59.495 18854 18878 W ContentResolver: Failed to get type for: content://com.alibaba.aliexpress.android.search.nav.SearchSuggestionProvider/products (Unknown URL content://com.alibaba.aliexpress.android.search.nav.SearchSuggestionProvider/products)
07-29 20:56:59.553  3117  3117 I adbd    : in ShellService: ps
07-29 20:56:59.566  3117  3117 I adbd    : in ShellService: dumpsys input
07-29 20:56:59.633  3117  3117 I adbd    : in ShellService: getprop ro.sf.lcd_density
07-29 20:56:59.644  2463  4205 I MiuiNetworkPolicy: bandwidth: 23 KB/s, Max bandwidth: 3636 KB/s
07-29 20:56:59.707  3117  3117 I adbd    : in ShellService: am force-stop gov.dhs.cbp.pspd.mpc
07-29 20:56:59.748  2463  3740 I ActivityManager: Force stopping gov.dhs.cbp.pspd.mpc appid=10360 user=0: from process:23793
07-29 20:56:59.751  2463  3740 E ClipboardServiceI: removeActivePermissionOwnerForPackage: mPrimaryClipPackage is null or get is null
07-29 20:56:59.751  2463  3740 I AppsFilter: interaction: PackageSetting{c78f1a0 com.android.microdroid.empty_payload/10236} -> PackageSetting{addd159 gov.dhs.cbp.pspd.mpc/10360} BLOCKED
07-29 20:56:59.752  2463  3740 I AppsFilter: interaction: PackageSetting{a11711e io.appium.uiautomator2.server.test/10280} -> PackageSetting{addd159 gov.dhs.cbp.pspd.mpc/10360} BLOCKED
07-29 20:56:59.752  2463  3740 I AppsFilter: interaction: PackageSetting{5187dff io.github.ylimit.droidbotapp/10359} -> PackageSetting{addd159 gov.dhs.cbp.pspd.mpc/10360} BLOCKED
07-29 20:56:59.752  2463  3740 I AppsFilter: interaction: PackageSetting{40b87cc com.rongcard.eid/10151} -> PackageSetting{addd159 gov.dhs.cbp.pspd.mpc/10360} BLOCKED
07-29 20:56:59.752  2463  3740 I AppsFilter: interaction: PackageSetting{112a15 io.appium.settings/10274} -> PackageSetting{addd159 gov.dhs.cbp.pspd.mpc/10360} BLOCKED
07-29 20:56:59.763  2463  4596 W ParceledListSlice: Element #8 is 20788 bytes.
07-29 20:56:59.763  2463  4596 W ParceledListSlice: Element #9 is 20768 bytes.
07-29 20:56:59.766  7773  7773 E RegisteredServicesCache: Skipping application component ComponentInfo{com.UCMobile/com.alibaba.ariver.commonability.device.jsapi.nfc.service.TinyAppHostApduService}: it must request the permission android.permission.NFC
07-29 20:56:59.766  7773  7773 E RegisteredServicesCache: Skipping application component ComponentInfo{com.UCMobile/com.alipay.mobile.aompdevice.nfc.service.TinyAppHostApduService}: it must request the permission android.permission.NFC
07-29 20:56:59.766  7773  7773 E RegisteredServicesCache: Skipping application component ComponentInfo{com.autonavi.minimap/com.alibaba.ariver.commonability.device.jsapi.nfc.service.TinyAppHostApduService}: it must request the permission android.permission.NFC
07-29 20:56:59.766  7773  7773 E RegisteredServicesCache: Skipping application component ComponentInfo{com.autonavi.minimap/com.alipay.mobile.aompdevice.nfc.service.TinyAppHostApduService}: it must request the permission android.permission.NFC
07-29 20:56:59.768  7773  7773 I RegisteredServicesCache: current user: 0, is managed profile : false
07-29 20:56:59.769  7773  7773 I RegisteredAidCache: updateRoutingLocked(false): Enter
07-29 20:56:59.769  7773  7773 I AidRoutingManager: configureRouting(false): Enter
07-29 20:56:59.769  7773  7773 E AidRoutingManager: Size of routing table970
07-29 20:56:59.769  7773  7773 I RegisteredAidCache: updateRoutingLocked(false): exit
07-29 20:56:59.770  7773  7773 I libnfc_nci: [INFO:NativeT4tNfcee.cpp(870)] nfcManager_isFwSupportNonStdT4TAid Enter isFwSupport = 1
07-29 20:56:59.770  7773  7773 I libnfc_nci: [INFO:SecureElement.cpp(1487)] SecureElement::getEseHandleFromGenericId: enter; ESE-ID = 0x7F
07-29 20:56:59.770  7773  7773 I libnfc_nci: [INFO:SecureElement.cpp(1528)] SecureElement::getEseHandleFromGenericId: enter; ESE-Handle = 0x410
07-29 20:56:59.770  7773  7773 I libnfc_nci: [INFO:SecureElement.cpp(1487)] SecureElement::getEseHandleFromGenericId: enter; ESE-ID = 0x00
07-29 20:56:59.771  7773  7773 I libnfc_nci: [INFO:SecureElement.cpp(1528)] SecureElement::getEseHandleFromGenericId: enter; ESE-Handle = 0x400
07-29 20:56:59.771  4897 30726 I SecureElement-Terminal-eSE1: isSecureElementPresent()
07-29 20:56:59.771  1746  1746 I android.hardware.secure_element-service.qti: isCardPresent
07-29 20:56:59.772  1746  1746 I android.hardware.secure_element-service.qti: isCardPresent exit, cardPresent: 1
07-29 20:56:59.772  4897 30726 I SecureElement-Terminal-SIM1: isSecureElementPresent()
07-29 20:56:59.773  4897 30726 I SecureElement-Terminal-SIM1: isNfcEventAllowed: No access rules for checking.
07-29 20:56:59.773  4897 30726 I SecureElement-Terminal-SIM2: isSecureElementPresent()
07-29 20:56:59.797  3117  3117 I adbd    : in ShellService: input keyevent HOME
07-29 20:56:59.844  2463  4596 W MIUIInput: Input event injection from package: null action ACTION_DOWN keycode 3
07-29 20:56:59.844  2463  4596 W MiuiInputKeyEventLog: keyCode:3 down:true eventTime:19658163 downTime:19658163 policyFlags:2b000000 flags:0 metaState:0 deviceId:-1 isScreenOn:true keyguardActive:false repeatCount:0
07-29 20:56:59.847  2105  2105 E DisplayModeController: setDesiredMode : Idle status skip setActiveMode, isDdicIdleMode: 1
07-29 20:56:59.847  2463  4596 W MIUIInput: Input event injection from package: null action ACTION_UP keycode 3
07-29 20:56:59.848  2463  4596 W MiuiInputKeyEventLog: keyCode:3 down:false eventTime:19658167 downTime:19658163 policyFlags:2b000000 flags:0 metaState:0 deviceId:-1 isScreenOn:true keyguardActive:false repeatCount:0
07-29 20:56:59.848  2463  2528 W ActivityManagerServiceImpl: Sending non-protected broadcast com.miui.fullscreen_state_change from system 2463:system/1000 pkg android. Callers=com.android.server.am.ActivityManagerService.checkBroadcastFromSystem:16255 com.android.server.am.ActivityManagerService.broadcastIntentLockedTraced:17126 com.android.server.am.ActivityManagerService.broadcastIntentLocked:16315 com.android.server.am.ActivityManagerService.broadcastIntentWithFeature:17337 android.app.ContextImpl.sendBroadcastAsUser:1495 
07-29 20:56:59.849  2463  4068 E MiuiInputKeyEventLog: before go to home
07-29 20:56:59.849  2463  2528 W ActivityManagerServiceImpl: Sending non-protected broadcast com.miui.launch_home_from_hotkey from system 2463:system/1000 pkg android. Callers=com.android.server.am.ActivityManagerService.checkBroadcastFromSystem:16255 com.android.server.am.ActivityManagerService.broadcastIntentLockedTraced:17126 com.android.server.am.ActivityManagerService.broadcastIntentLocked:16315 com.android.server.am.ActivityManagerService.broadcastIntentWithFeature:17337 android.app.ContextImpl.sendBroadcastAsUser:1536 
07-29 20:56:59.855  8013  8013 I VideoToolBoxService: onReceive: android.intent.action.CLOSE_SYSTEM_DIALOGS
07-29 20:56:59.855  8013  8013 I GameBoosterService: onReceive: android.intent.action.CLOSE_SYSTEM_DIALOGS
07-29 20:56:59.856  1827  1827 I SDM     : HWCDisplay::SetActiveConfigWithConstraints: display:66-0, config: 3, WxH 1200x2670, fps 120
07-29 20:56:59.857  2463  4068 W ActivityTaskManager: callingPackage for (uid=-1, pid=0) has no WPC
07-29 20:56:59.857  4979  4979 I ControlCenterExpandController: hide panel true true
07-29 20:56:59.857  1827  1827 W SDM     : HWDeviceDRM::GetSupportedBitClkRate: Requested rate not supported: 1150000000
07-29 20:56:59.857  1827  1827 I SDM     : HWDeviceDRM::UpdateMixerAttributes: Mixer WxH 1200x2670-1 for Peripheral
07-29 20:56:59.858  1827  1827 I SDM     : HWCDisplay::SubmitDisplayConfig: Active configuration changed from config 1 to 3
07-29 20:56:59.858  1827  1827 I SDM     : HWCDisplay::SubmitDisplayConfig: Active WxH 1200x2670 ,ddic_mode:auto, timing_fps: 120, sf_fps: 120
07-29 20:56:59.858  2463  4068 W OptProp : Cannot read opt property android.window.PROPERTY_COMPAT_ALLOW_ORIENTATION_OVERRIDE
07-29 20:56:59.858  4979  4979 I VolumeShowHideAnimator: isRunning: false, mExpanded: false
07-29 20:56:59.858  4979  4979 I VolumeExpandCollapsedAnimator: isRunning: false, mExpanded: false
07-29 20:56:59.858  4979  4979 I VolumePanelViewController_true: dismissH mShowing:false, reason:volume_controller, isAnimating: false, needShowDialog=true, KeyAnimatingStream=-1
07-29 20:56:59.858  4979  4979 I VolumeShowHideAnimator: isRunning: false, mExpanded: false
07-29 20:56:59.858  4979  4979 I VolumeExpandCollapsedAnimator: isRunning: false, mExpanded: false
07-29 20:56:59.858  4979  4979 I VolumePanelViewController_false: dismissH mShowing:false, reason:volume_controller, isAnimating: false, needShowDialog=false, KeyAnimatingStream=-1
07-29 20:56:59.859  1827  2752 I vendor.qti.hardware.display.composer-service: Sensor: notify citsensorservice to trigger cwb, misForced = 0
07-29 20:56:59.859  3002  4297 I libsensor-parseRGB: request dump start for mRequestDisplayId 0
07-29 20:56:59.861  2463  4068 E ActivityTaskManager: Unable to get servicetracker HAL instance
07-29 20:56:59.861  2463  4068 E ActivityTaskManager: Unable to get servicetracker HAL instance
07-29 20:56:59.861  2463  4068 E WindowManager: setClientVisible ActivityRecord{3b9524e u0 com.miui.home/.launcher.Launcher true
07-29 20:56:59.861  2463  4068 W OptProp : Cannot read opt property android.window.PROPERTY_COMPAT_ALLOW_RESIZEABLE_ACTIVITY_OVERRIDES
07-29 20:56:59.861  2463  4068 W OptProp : Cannot read opt property android.window.PROPERTY_COMPAT_ALLOW_MIN_ASPECT_RATIO_OVERRIDE
07-29 20:56:59.862  2463  4068 I AnimInterruptController: FIS notify Foresee interrupt start:210
07-29 20:56:59.863  2463  4068 I ActivityTaskManager: isKeyguardEditor: false, newTransition: TransitionRecord{7bdc47c id=211 type=OPEN flags=0x0}
07-29 20:56:59.866  2463  4068 I ActivityTaskManager: START u0 {act=android.intent.action.MAIN cat=[android.intent.category.HOME] flg=0x10000100 cmp=com.miui.home/.launcher.Launcher (has extras)} with LAUNCH_SINGLE_TASK from uid 0 from pid 0 callingPackage null callers: com.android.server.wm.RootWindowContainer.lambda$startHomeOnDisplay$11:1607 com.android.server.wm.RootWindowContainer.$r8$lambda$DFaa7QLApF8rlf4uiy_4K0Hxf2Y:0 com.android.server.wm.RootWindowContainer$$ExternalSyntheticLambda50.apply:0 com.android.server.wm.TaskDisplayArea.reduceOnAllTaskDisplayAreas:526  (BAL_ALLOW_ALLOWLISTED_UID) result code=3
