07-29 20:56:59.868  4979  5212 I SoScStageCoordinator: Transition requested:TransitionRequestInfo { type = OPEN, triggerTask = TaskInfo{userId=0 taskId=2 displayId=0 isRunning=true baseIntent=Intent { act=android.intent.action.MAIN cat=[android.intent.category.HOME] flg=0x10000100 cmp=com.miui.home/.launcher.Launcher } baseActivity=ComponentInfo{com.miui.home/com.miui.home.launcher.Launcher} topActivity=ComponentInfo{com.miui.home/com.miui.home.launcher.Launcher} origActivity=null realActivity=ComponentInfo{com.miui.home/com.miui.home.launcher.Launcher} numActivities=1 lastActiveTime=19583215 supportsSplitScreenMultiWindow=true supportsMultiWindow=true resizeMode=2 isResizeable=true minWidth=-1 minHeight=-1 defaultMinSize=200 token=WCT{android.window.IWindowContainerToken$Stub$Proxy@8ec4b85} topActivityType=2 pictureInPictureParams=null shouldDockBigOverlays=false launchIntoPipHostTaskId=-1 lastParentTaskIdBeforePip=-1 displayCutoutSafeInsets=null topActivityInfo=ActivityInfo{97cddda com.miui.home.launcher.Launcher} launchCookies=[] positionInParent=Point(0, 0) parentTaskId=-1 isFocused=true isVisible=true isVisibleRequested=true isSleeping=false locusId=null displayAreaFeatureId=1 isTopActivityTransparent=false appCompatTaskInfo=AppCompatTaskInfo { topActivityInSizeCompat=false topActivityInMiuiSizeCompat=false topActivityEligibleForLetterboxEducation= falseisLetterboxEducationEnabled= false isLetterboxDoubleTapEnabled= false topActivityEligibleForUserAspectRatioButton= false topActivityBoundsLetterboxed= false isFromLetterboxDoubleTap= false topActivityLetterboxVerticalPosition= -1 topActivityLetterboxHorizontalPosition= -1 topActivityLetterboxWidth=1200 topActivityLetterboxHeight=2670 isUserFullscreenOverrideEnabled=false isSystemFullscreenOverrideEnabled=false cameraCompatTaskInfo=CameraCompatTaskInfo { cameraCompatControlState=hidden freeformCameraCompatMode=inactive}} isImmersive=false mTopActivityRequestOrientation=1 mBehindAppLockPkg=null mOriginatingUid=0 isEmbedded=false shouldBeVisible=true isCreatedByOrganizer=false mIsCastMode=false mTopActivityMediaSize=null mTopActivityRecordName=ActivityRecord{43121b5 u0 com.miui.home/.launcher.Launcher t2} mTopActivityOrientation=1}, pipTask = null, remoteTransition = null, displayChange = null, flags = 0, debugId = 211 } isSoScActive:false triggerTask:TaskInfo{userId=0 taskId=2 displayId=0 isRunning=true baseIntent=Intent { act=android.intent.action.MAIN cat=[android.intent.category.HOME] flg=0x10000100 cmp=com.miui.home/.launcher.Launcher } baseActivity=ComponentInfo{com.miui.home/com.miui.home.launcher.Launcher} topActivity=ComponentInfo{com.miui.home/com.miui.home.launcher.Launcher} origActivity=null realActivity=ComponentInfo{com.miui.home/com.miui.home.launcher.Launcher} numActivities=1 lastActiveTime=19583215 supportsSplitScreenMultiWindow=true supportsMultiWindow=true resizeMode=2 isResizeable=true minWidth=-1 minHeight=-1 defaultMinSize=200 token=WCT{android.window.IWindowContainerToken$Stub$Proxy@8ec4b85} topActivityType=2 pictureInPictureParams=null shouldDockBigOverlays=false launchIntoPipHostTaskId=-1 lastParentTaskIdBeforePip=-1 displayCutoutSafeInsets=null topActivityInfo=ActivityInfo{97cddda com.miui.home.launcher.Launcher} launchCookies=[] positionInParent=Point(0, 0) parentTaskId=-1 isFocused=true isVisible=true isVisibleRequested=true isSleeping=false locusId=null displayAreaFeatureId=1 isTopActivityTransparent=false appCompatTaskInfo=AppCompatTaskInfo { topActivityInSizeCompat=false topActivityInMiuiSizeCompat=false topActivityEligibleForLetterboxEducation= falseisLetterboxEducationEnabled= false isLetterboxDoubleTapEnabled= false topActivityEligibleForUserAspectRatioButton= false topActivityBoundsLetterboxed= false isFromLetterboxDoubleTap= false topActivityLetterboxVerticalPosition= -1 topActivityLetterboxHorizontalPosition= -1 topActivityLetterboxWidth=1200 topActivityLetterboxHeight=2670 isUserFullscreenOverrideEnabled=false isSystemFullscreenOverrideEnabled=false cameraCompatTaskInfo=CameraCompatTaskInfo { cameraCompatControlState=hidden freeformCame
07-29 20:56:59.869  7989  7989 I LauncherOverlayCallback: handleMessage WHAT_ACTIVITY_STATE_CHANGED what1
07-29 20:56:59.869  2463  2504 I NotificationService: cancelToast pkg=com.miui.home token=android.os.BinderProxy@f11806c
07-29 20:56:59.869  2463  2504 W NotificationService: Toast already cancelled. pkg=com.miui.home token=android.os.BinderProxy@f11806c
07-29 20:56:59.869  7989  7989 I LauncherOverlayCallback: handleMessage WHAT_LAUNCHER_STATE what1
07-29 20:56:59.869  7989  7989 I AssistantOverlayWindow: lockToHideOverlay
07-29 20:56:59.869  4497  4497 I Launcher: onNewIntent
07-29 20:56:59.869  4497  4497 I ConnectAnimFinishCallbackManager: mNeedShowLauncher = true, waitFrameworkAnimCallback = false
07-29 20:56:59.870  4497  4497 E RotationHelper: setCurrentStateRequest: request=0
07-29 20:56:59.870  2463  2517 I AnimInterruptController: FIS reset Foresee interrupt status
07-29 20:56:59.870  4497  4497 I ScreenView_Workspace: isAllowScrollAnimStart: false
07-29 20:56:59.871  2105  2105 I BpBinder: onLastStrongRef automatically unlinking death recipients: 
07-29 20:56:59.871  4979  5212 E KeyguardTransitionHandlerImpl: activityCount = 0
07-29 20:56:59.873  2105  2749 W VsyncModulator: setTransactionSchedule: Unexpected EarlyEnd
07-29 20:56:59.873  4497  4497 W Settings: Setting device_provisioned has moved from android.provider.Settings.Secure to android.provider.Settings.Global.
07-29 20:56:59.874  2463  4414 I DisplayModeDirectorImpl: setSmartDisplayUpRefreshRatePolicy [0.0,120.0]
07-29 20:56:59.874  2105  2105 I RefreshRateSelector: Display 4630947082089526659 policy changed
07-29 20:56:59.874  2105  2105 I RefreshRateSelector: Previous: {defaultModeId=0, allowGroupSwitching=false, primaryRanges={physical=[0.00 Hz, 120.00 Hz], render=[0.00 Hz, 120.00 Hz]}, appRequestRanges={physical=[0.00 Hz, 120.00 Hz], render=[0.00 Hz, 120.00 Hz]} idleScreenConfig=nullptr}
07-29 20:56:59.874  2105  2105 I RefreshRateSelector: Current:  DisplayManagerPolicy{defaultModeId=0, allowGroupSwitching=false, primaryRanges={physical=[0.00 Hz, inf Hz], render=[0.00 Hz, 120.00 Hz]}, appRequestRanges={physical=[0.00 Hz, inf Hz], render=[0.00 Hz, 120.00 Hz]} idleScreenConfig=nullptr}
07-29 20:56:59.874  2105  2105 I RefreshRateSelector: 18 mode changes were performed under the previous policy
07-29 20:56:59.874  4979  5212 I RemoteTransitionHandlerStubImpl: invokeAndRemoveWctCB transition is null, curWctCB: null
07-29 20:56:59.874  4497  4497 E Launcher.application: setClickAppWaitForCallback = false
07-29 20:56:59.875  4497  4497 I Launcher: changeMIUIWidgetEditMode false
07-29 20:56:59.875  7989  7989 I LauncherOverlayCallback: handleMessage WHAT_ACTIVITY_STATE_CHANGED what3
07-29 20:56:59.875  2463  4414 I DisplayModeDirectorImpl: onDesiredDisplayModeSpecsChanged:baseModeId=0 allowGroupSwitching=false primary=physical: (0.0 Infinity) render:  (0.0 120.0) appRequest=physical: (0.0 Infinity) render:  (0.0 120.0) idleScreenRefreshRateConfig=null noVotes=true
07-29 20:56:59.875  7989  7989 I LauncherOverlayCallback: handleMessage WHAT_LAUNCHER_STATE what3
07-29 20:56:59.876  2463 14501 W UserManagerService: Requested status bar icon for non-badged user 0
07-29 20:56:59.877  4497  4497 I Launcher.widget: onInvisible 
07-29 20:56:59.877  4497  4497 I Launcher.widget: onInvisible 
07-29 20:56:59.879  8013  8013 I VideoToolBoxService: onReceive: android.intent.action.CLOSE_SYSTEM_DIALOGS
07-29 20:56:59.879  4979  4979 I VolumeShowHideAnimator: isRunning: false, mExpanded: false
07-29 20:56:59.879  4979  4979 I VolumeExpandCollapsedAnimator: isRunning: false, mExpanded: false
07-29 20:56:59.879  4979  4979 I VolumePanelViewController_true: dismissH mShowing:false, reason:volume_controller, isAnimating: false, needShowDialog=true, KeyAnimatingStream=-1
07-29 20:56:59.879  4979  4979 I VolumeShowHideAnimator: isRunning: false, mExpanded: false
07-29 20:56:59.879  4979  4979 I VolumeExpandCollapsedAnimator: isRunning: false, mExpanded: false
07-29 20:56:59.879  4979  4979 I VolumePanelViewController_false: dismissH mShowing:false, reason:volume_controller, isAnimating: false, needShowDialog=false, KeyAnimatingStream=-1
07-29 20:56:59.880  8013  8013 I GameBoosterService: onReceive: android.intent.action.CLOSE_SYSTEM_DIALOGS
07-29 20:56:59.880  4979  4979 I ControlCenterExpandController: hide panel true true
07-29 20:56:59.887  3002  6353 E libsensor-parseRGB: CWB NotifyCWBBufferDone  error 0
07-29 20:56:59.906  2463  4412 I SmartPower: com.android.vending/10124(29000): background->idle(3001ms) R(broadcast start Intent { act=android.intent.action.PACKAGE_ADDED dat=package: flg=0x4000010 (has extras) }) adj=915.
07-29 20:56:59.906  2463  4412 I SmartPower: com.android.vending:background/10124(29792): background->idle(3005ms) R(broadcast start Intent { act=android.intent.action.PACKAGE_ADDED dat=package: flg=0x4000010 (has extras) }) adj=915.
07-29 20:56:59.914  2463  4412 I SmartPower: android.process.acore/10083(6721): background->idle(3007ms) R(broadcast start Intent { act=android.intent.action.PACKAGE_ADDED dat=package: flg=0x4000010 (has extras) }) adj=905.
07-29 20:56:59.914  2463  4412 I SmartPower: com.mfashiongallery.emag/10262(8261): background->idle(3001ms) R(broadcast start Intent { act=android.intent.action.PACKAGE_ADDED dat=package: flg=0x4000010 (has extras) }) adj=905.
07-29 20:56:59.918  2463  4412 I SmartPower: com.miui.voiceassist:core/10193(7664): background->idle(3001ms) R(broadcast start Intent { act=android.intent.action.PACKAGE_ADDED dat=package: flg=0x4000010 (has extras) }) adj=100.
07-29 20:56:59.927  2463  4412 I SmartPower: com.xiaomi.aicr:actionprovider/10127(12677): background->idle(3001ms) R(broadcast start Intent { act=android.intent.action.PACKAGE_ADDED dat=package: flg=0x4000010 (has extras) }) adj=905.
07-29 20:56:59.927  2463  4412 I SmartPower: android.process.mediaUI/10261(13434): background->idle(3002ms) R(broadcast start Intent { act=android.intent.action.PACKAGE_ADDED dat=package: flg=0x4000010 (has extras) }) adj=905.
07-29 20:56:59.928  2463  4412 I SmartPower: com.miui.gallery/10271(13242): background->idle(3001ms) R(broadcast start Intent { act=android.intent.action.PACKAGE_ADDED dat=package: flg=0x4000010 (has extras) }) adj=905.
07-29 20:56:59.928  2463  4412 I SmartPower: com.google.android.documentsui/10100(21132): background->idle(3002ms) R(broadcast start Intent { act=android.intent.action.PACKAGE_ADDED dat=package: flg=0x4000010 (has extras) }) adj=905.
07-29 20:56:59.929  2463  4412 I SmartPower: com.milink.service:audio/10178(19382): background->idle(3002ms) R(broadcast start Intent { act=android.intent.action.PACKAGE_ADDED dat=package: flg=0x4000010 (has extras) }) adj=200.
07-29 20:56:59.929  2463  4412 I SmartPower: com.milink.crossdeviceservice/10178(27042): background->idle(3003ms) R(broadcast start Intent { act=android.intent.action.PACKAGE_ADDED dat=package: flg=0x4000010 (has extras) }) adj=905.
07-29 20:56:59.930  2463  4412 I SmartPower: com.miui.newhome/10296(11730): background->idle(3002ms) R(broadcast start Intent { act=android.intent.action.PACKAGE_ADDED dat=package: flg=0x4000010 (has extras) }) adj=905.
07-29 20:56:59.941  2463  4412 I SmartPower: com.xiaomi.market:widgetProvider/10167(14346): background->idle(3001ms) R(broadcast start Intent { act=com.xiaomi.market.APP_STATUS_CHANGED flg=0x30 cmp=com.xiaomi.market/.business_ui.widget.NewGameWidgetProvider (has extras) }) adj=905.
07-29 20:56:59.941  2463  4412 I SmartPower: com.xiaomi.market/10167(9900): background->idle(3014ms) R(broadcast start Intent { act=com.xiaomi.market.APP_STATUS_CHANGED flg=0x30 cmp=com.xiaomi.market/.business_ui.widget.NewGameWidgetProvider (has extras) }) adj=905.
07-29 20:57:00.006  4979  4979 E AnimationHelper: updateTime mToAod:false mHasNotification: true, mClockType: classic
07-29 20:57:00.015  4979  4979 E StackScroller: updateSidePadding: viewWidth is zero
07-29 20:57:00.063  1827  2752 I vendor.qti.hardware.display.composer-service: Sensor: notify citsensorservice to trigger cwb, misForced = 0
07-29 20:57:00.064  3002  4297 I libsensor-parseRGB: request dump start for mRequestDisplayId 0
07-29 20:57:00.076  4497  5224 E Launcher.Transfer: transfer is closed
07-29 20:57:00.086  3002  3080 E libsensor-parseRGB: CWB NotifyCWBBufferDone  error 0
07-29 20:57:00.261  4553  4553 I MiuiWallpaper-MiuiWallpaperManagerService: receive broadcast action = android.intent.action.PACKAGE_RESTARTED
07-29 20:57:00.265  1827  2752 I vendor.qti.hardware.display.composer-service: Sensor: notify citsensorservice to trigger cwb, misForced = 0
07-29 20:57:00.266  3002  4297 I libsensor-parseRGB: request dump start for mRequestDisplayId 0
07-29 20:57:00.286  3002  3080 E libsensor-parseRGB: CWB NotifyCWBBufferDone  error 0
07-29 20:57:00.379  7664  7664 I VA_AliveCore:MixMonitor: onReceive: action=android.intent.action.CLOSE_SYSTEM_DIALOGS
07-29 20:57:00.379 23383 23407 I mit.droidbotapp: This is sticky GC, maxfree is 16777216 minfree is 8388608
07-29 20:57:00.379  7664  7664 I VA_AliveCore:MixMonitor: onReceive: reason=homekey
07-29 20:57:00.380  7664  7664 I VA_AliveCore:MixMonitor: onReceive: action=com.miui.fullscreen_state_change
07-29 20:57:00.380  7664  7664 I VA_AliveCore:MixMonitor: onReceive: action=com.miui.fullscreen_state_change;stateName=toHome
07-29 20:57:00.380  9900 23482 I Market-HomeKeyReceiver: onReceive: action: android.intent.action.CLOSE_SYSTEM_DIALOGS
07-29 20:57:00.381  9900 23482 I Market-HomeKeyReceiver: reason: homekey
07-29 20:57:00.399  4497  4497 I Launcher.widget: onVisible 
07-29 20:57:00.399  4497  4497 I Launcher.widget: onVisible 
07-29 20:57:00.401  2463  5533 I SecurityManagerService: update appwidget of uid: 10278 package: com.miui.weather2 visible: true reason: visible
07-29 20:57:00.413  2463 14501 I ClipboardServiceI: checkProviderWakePathForClipboard: primaryClip is null
07-29 20:57:00.413  2463 14501 I SmartPower: com.miui.weather2/10278(5795): idle->background(140624ms) R(content provider start ContentProviderRecord{9f05c96 u0 com.miui.weather2/.providers.WeatherProvider}) adj=0.
07-29 20:57:00.414  2463  4205 I MiuiNetworkPolicy: updateUidState uid = 10278, uidState = 3
07-29 20:57:00.415  2463  4205 I MiuiNetworkPolicyTrafficLimit: updateWhiteListUidForMobileTraffic uid=10278,add=true
07-29 20:57:00.416  2463  3740 I ClipboardServiceI: checkProviderWakePathForClipboard: primaryClip is null
07-29 20:57:00.417  2463  5533 I ClipboardServiceI: checkProviderWakePathForClipboard: primaryClip is null
07-29 20:57:00.418  5795 15185 I Wth2:WeatherProvider: getFirstSelectedCity() ret count= 1
07-29 20:57:00.418  5795 15185 E Wth2:WeatherProvider: getFirstSelectedCity() error 
07-29 20:57:00.418  5795 15185 E Wth2:WeatherProvider: java.lang.NumberFormatException: For input string: "33.862_119.318"
07-29 20:57:00.418  5795 15185 E Wth2:WeatherProvider: 	at java.lang.Integer.parseInt(Integer.java:790)
07-29 20:57:00.418  5795 15185 E Wth2:WeatherProvider: 	at java.lang.Integer.parseInt(Integer.java:908)
07-29 20:57:00.418  5795 15185 E Wth2:WeatherProvider: 	at com.miui.weather2.providers.WeatherProvider.g(SourceFile:9)
07-29 20:57:00.418  5795 15185 E Wth2:WeatherProvider: 	at com.miui.weather2.providers.WeatherProvider.e(SourceFile:5)
07-29 20:57:00.418  5795 15185 E Wth2:WeatherProvider: 	at com.miui.weather2.providers.WeatherProvider.query(SourceFile:21)
07-29 20:57:00.418  5795 15185 E Wth2:WeatherProvider: 	at android.content.ContentProvider.query(ContentProvider.java:1633)
07-29 20:57:00.418  5795 15185 E Wth2:WeatherProvider: 	at android.content.ContentProvider.query(ContentProvider.java:1729)
07-29 20:57:00.418  5795 15185 E Wth2:WeatherProvider: 	at android.content.ContentProvider$Transport.query(ContentProvider.java:301)
07-29 20:57:00.418  5795 15185 E Wth2:WeatherProvider: 	at android.content.ContentProviderNative.onTransact(ContentProviderNative.java:110)
07-29 20:57:00.418  5795 15185 E Wth2:WeatherProvider: 	at android.os.Binder.execTransactInternal(Binder.java:1507)
07-29 20:57:00.418  5795 15185 E Wth2:WeatherProvider: 	at android.os.Binder.execTransact(Binder.java:1451)
07-29 20:57:00.421  5795 17200 I Wth2:WeatherProvider: getFirstSelectedCity() ret count= 1
07-29 20:57:00.422  5795 17200 E Wth2:WeatherProvider: getFirstSelectedCity() error 
07-29 20:57:00.422  5795 17200 E Wth2:WeatherProvider: java.lang.NumberFormatException: For input string: "33.862_119.318"
07-29 20:57:00.422  5795 17200 E Wth2:WeatherProvider: 	at java.lang.Integer.parseInt(Integer.java:790)
07-29 20:57:00.422  5795 17200 E Wth2:WeatherProvider: 	at java.lang.Integer.parseInt(Integer.java:908)
07-29 20:57:00.422  5795 17200 E Wth2:WeatherProvider: 	at com.miui.weather2.providers.WeatherProvider.g(SourceFile:9)
07-29 20:57:00.422  5795 17200 E Wth2:WeatherProvider: 	at com.miui.weather2.providers.WeatherProvider.h(SourceFile:5)
07-29 20:57:00.422  5795 17200 E Wth2:WeatherProvider: 	at com.miui.weather2.providers.WeatherProvider.query(SourceFile:23)
07-29 20:57:00.422  5795 17200 E Wth2:WeatherProvider: 	at android.content.ContentProvider.query(ContentProvider.java:1633)
07-29 20:57:00.422  5795 17200 E Wth2:WeatherProvider: 	at android.content.ContentProvider.query(ContentProvider.java:1729)
07-29 20:57:00.422  5795 17200 E Wth2:WeatherProvider: 	at android.content.ContentProvider$Transport.query(ContentProvider.java:301)
07-29 20:57:00.422  5795 17200 E Wth2:WeatherProvider: 	at android.content.ContentProviderNative.onTransact(ContentProviderNative.java:110)
07-29 20:57:00.422  5795 17200 E Wth2:WeatherProvider: 	at android.os.Binder.execTransactInternal(Binder.java:1507)
07-29 20:57:00.422  5795 17200 E Wth2:WeatherProvider: 	at android.os.Binder.execTransact(Binder.java:1451)
07-29 20:57:00.423  5795 17200 I Wth2:WeatherProvider: getHourlyData checkCityAt=true tmpCursor.count  4
07-29 20:57:00.429  5795 17200 I Wth2:WeatherProvider: optimiseHourlyData sunrise : 18660000  sunset : 68760000
07-29 20:57:00.532  1827  2108 I SDM     : DisplayBase::CommitThread: Received idle timeout, panel: cmd, timeout: 70000 us
07-29 20:57:00.612  1827  2752 I vendor.qti.hardware.display.composer-service: Sensor: notify citsensorservice to trigger cwb, misForced = 1
07-29 20:57:00.613  3002  4297 I libsensor-parseRGB: request dump start for mRequestDisplayId 0
07-29 20:57:00.635  3002  3080 E libsensor-parseRGB: CWB NotifyCWBBufferDone  error 0
07-29 20:57:00.683  7633 23247 I PSyncWorker: Starting proactive picker sync from sync source: 1
07-29 20:57:00.684  7633 23247 I PickerSyncController: Executing SyncAdd. isLocal: true. authority: com.android.providers.media.photopicker
07-29 20:57:00.686  7633 23247 I PickerSyncController: Paged sync successful. QueryArgs: Bundle[{android.provider.extra.SYNC_GENERATION=8111, android.provider.extra.PAGE_SIZE=1000}] Total Rows: 0
07-29 20:57:00.687  7633 23247 I PickerSyncController: Executing SyncRemove. isLocal: true. authority: com.android.providers.media.photopicker
07-29 20:57:00.687  7633 23247 E PickerDbFacade: Could not get first date taken millis for media id: 1000000767
07-29 20:57:00.687  7633 23247 W PickerDbFacade: Unable to promote cloud media with localId: 1000000767
07-29 20:57:00.688  7633 23247 I PickerSyncController: Paged sync successful. QueryArgs: Bundle[{android.provider.extra.SYNC_GENERATION=8111, android.provider.extra.PAGE_SIZE=1000}] Total Rows: 0
07-29 20:57:00.689  7633 23247 I PickerSyncTracker: Marked sync future complete for work id: 79db5d70-ac07-4f9c-a3d5-4f0cb89d33ba. Future map: {}
07-29 20:57:00.689  7633 23247 I PSyncWorker: Completed picker proactive sync complete from local provider.
07-29 20:57:00.690  7633  7743 I WM-WorkerWrapper: Worker result SUCCESS for Work [ id=79db5d70-ac07-4f9c-a3d5-4f0cb89d33ba, tags={ com.android.providers.media.photopicker.sync.ProactiveSyncWorker } ]
07-29 20:57:00.693  1827  2108 I SDM     : DisplayBase::CommitThread: Received idle timeout, panel: cmd, timeout: 69999 us
07-29 20:57:00.714  3117  3117 I adbd    : in ShellService: ps
07-29 20:57:00.771 31200 31200 I cr_A11yState: Enabled accessibility services: [io.github.ylimit.droidbotapp/io.github.privacystreams.accessibility.PSAccessibilityService, null]
07-29 20:57:00.771 31200 31200 I cr_A11yState: Running accessibility services: [io.github.ylimit.droidbotapp/io.github.privacystreams.accessibility.PSAccessibilityService]
07-29 20:57:00.771 31200 31200 I cr_A11yState: Will check again after 250 milliseconds.
07-29 20:57:00.806  2463  5109 I NetworkBoostStatusManager: handle: 102
07-29 20:57:00.807  2463  5109 I NetworkBoostStatusManager: interfaceOnCapabilitiesChanged interface name:wlan0
07-29 20:57:00.811  4916  4962 E PhoneAdapter: get ntnphones failed, exception: java.lang.IllegalStateException: Default phones haven't been made yet!
07-29 20:57:00.816  8724  8724 I NetBusNetworkMonitor: onCapabilitiesChanged isPrimary = true
07-29 20:57:00.819  8724  8724 I NetBusNetworkMonitor: gateway=192.*.*.1
07-29 20:57:00.825  8724  8724 I NetBusNetworkMonitor: addConnectNetworkInterface mediumType:256, detail:NetworkDetailInfo{mIsConnected=false, mIsSupportTdls=true, mNetworkType=0, mIpAddress=192.*.*.11, mIfName=wlan0, mGateway=192.*.*.1, mNetmask=255.*.*.0, mSsid=C**01}
07-29 20:57:00.825  8724  8724 I NetBusNetworkMonitor: onCapabilitiesChanged handle=441492361229, mediumType=256, ifName=wlan0
07-29 20:57:00.877  2463  4414 I DisplayModeDirectorImpl: SmartDisplayPolicyEnd
07-29 20:57:00.878  2463  2516 I DisplayModeDirectorImpl: onDesiredDisplayModeSpecsChanged:baseModeId=1 allowGroupSwitching=false primary=physical: (0.0 120.0) render:  (0.0 120.0) appRequest=physical: (0.0 120.0) render:  (0.0 120.0) idleScreenRefreshRateConfig=null noVotes=false
07-29 20:57:00.880  2105  2105 I RefreshRateSelector: Display 4630947082089526659 policy changed
07-29 20:57:00.880  2105  2105 I RefreshRateSelector: Previous: {defaultModeId=0, allowGroupSwitching=false, primaryRanges={physical=[0.00 Hz, inf Hz], render=[0.00 Hz, 120.00 Hz]}, appRequestRanges={physical=[0.00 Hz, inf Hz], render=[0.00 Hz, 120.00 Hz]} idleScreenConfig=nullptr}
07-29 20:57:00.880  2105  2105 I RefreshRateSelector: Current:  DisplayManagerPolicy{defaultModeId=0, allowGroupSwitching=false, primaryRanges={physical=[0.00 Hz, 120.00 Hz], render=[0.00 Hz, 120.00 Hz]}, appRequestRanges={physical=[0.00 Hz, 120.00 Hz], render=[0.00 Hz, 120.00 Hz]} idleScreenConfig=nullptr}
07-29 20:57:00.880  2105  2105 I RefreshRateSelector: 0 mode changes were performed under the previous policy
07-29 20:57:00.887  1839  7244 E ANDR-PERF-LM: SAGT_ACTION: UpdateFPSData() 138: update /sys/kernel/sched_penalty/parameters/fps to 90, ret is 0
07-29 20:57:00.930  3117  3117 I adbd    : in ShellService: dumpsys activity activities
07-29 20:57:00.955  2463  4412 I SmartPower: com.miui.notes/10275(13074): background->idle(3000ms) R(content provider start ContentProviderRecord{c0729a2 u0 com.miui.notes/.provider.NotesProvider}) adj=905.
07-29 20:57:00.964  2463  4412 I SmartPower: com.alibaba.aliexpresshd/10303(5685): background->idle(3001ms) R(content provider start ContentProviderRecord{716322c u0 com.alibaba.aliexpresshd/com.alibaba.aliexpress.android.search.nav.SearchSuggestionProvider}) adj=915.
07-29 20:57:01.005  1827  1827 I SDM     : HWCDisplay::SetActiveConfigWithConstraints: display:66-0, config: 1, WxH 1200x2670, fps 120
07-29 20:57:01.006  1827  1827 W SDM     : HWDeviceDRM::GetSupportedBitClkRate: Requested rate not supported: 1150000000
07-29 20:57:01.006  1827  1827 I SDM     : HWDeviceDRM::UpdateMixerAttributes: Mixer WxH 1200x2670-1 for Peripheral
07-29 20:57:01.007  1827  1827 I SDM     : HWCDisplay::SubmitDisplayConfig: Active configuration changed from config 3 to 1
07-29 20:57:01.007  1827  1827 I SDM     : HWCDisplay::SubmitDisplayConfig: Active WxH 1200x2670 ,ddic_mode:idle, timing_fps: 120, sf_fps: 120
07-29 20:57:01.009  1827  2752 I vendor.qti.hardware.display.composer-service: Sensor: notify citsensorservice to trigger cwb, misForced = 0
07-29 20:57:01.010  3002  4297 I libsensor-parseRGB: request dump start for mRequestDisplayId 0
07-29 20:57:01.015  3117  3117 I adbd    : in ShellService: dumpsys activity activities
07-29 20:57:01.023 31200 31200 I cr_A11yState: Enabled accessibility services: [io.github.ylimit.droidbotapp/io.github.privacystreams.accessibility.PSAccessibilityService, null]
07-29 20:57:01.023 31200 31200 I cr_A11yState: Running accessibility services: [io.github.ylimit.droidbotapp/io.github.privacystreams.accessibility.PSAccessibilityService]
07-29 20:57:01.023 31200 31200 I cr_A11yState: Will check again after 500 milliseconds.
07-29 20:57:01.042  3002  6353 E libsensor-parseRGB: CWB NotifyCWBBufferDone  error 0
07-29 20:57:01.084 23383 23407 I mit.droidbotapp: This is non sticky GC, maxfree is 16777216 minfree is 8388608
07-29 20:57:01.087  3117  3117 I adbd    : in ShellService: dumpsys activity activities
07-29 20:57:01.106  1827  2108 I SDM     : DisplayBase::CommitThread: Received idle timeout, panel: cmd, timeout: 70000 us
07-29 20:57:01.163  3117  3117 I adbd    : in ShellService: dumpsys activity services
07-29 20:57:01.180  1827  2752 I vendor.qti.hardware.display.composer-service: Sensor: notify citsensorservice to trigger cwb, misForced = 1
07-29 20:57:01.180  3002  4297 I libsensor-parseRGB: request dump start for mRequestDisplayId 0
07-29 20:57:01.200  3002  3080 E libsensor-parseRGB: CWB NotifyCWBBufferDone  error 0
07-29 20:57:01.255  1827  2108 I SDM     : DisplayBase::CommitThread: Received idle timeout, panel: cmd, timeout: 69999 us
07-29 20:57:01.277  3117  3117 I adbd    : in ShellService: screencap -p /sdcard/screen_2025-07-29_205702.png
07-29 20:57:01.289  1839  7244 E ANDR-PERF-LM: SAGT_ACTION: UpdateFPSData() 138: update /sys/kernel/sched_penalty/parameters/fps to 90, ret is 0
07-29 20:57:01.384 23843 23843 W BpBinder: Linking to death on android.gui.ISurfaceComposer but there are no threads (yet?) listening to incoming transactions. See ProcessState::startThreadPool and ProcessState::setThreadPoolMaxThreadCount. Generally you should setup the binder threadpool before other initialization steps.
07-29 20:57:01.385 23843 23843 W ProcessState: Extra binder thread started, but 0 threads requested. Do not use *startThreadPool when zero threads are requested.
07-29 20:57:01.411 23843 23846 I AdrenoUtils: <ReadGpuID:357>: Reading chip ID through GSL
07-29 20:57:01.411 23843 23843 W qdgralloc: Failed to load libubwcp.so
07-29 20:57:01.405 23843 23843 W screencap: type=1400 audit(0.0:12998): avc:  denied  { read } for  name="libubwcp.so" dev="dm-14" ino=19816057 scontext=u:r:shell:s0 tcontext=u:object_r:vendor_file:s0 tclass=file permissive=0
07-29 20:57:01.414  7633 20216 W MediaProvider: isAppCloneUserPair for user 0: false
07-29 20:57:01.525 31200 31200 I cr_A11yState: Enabled accessibility services: [io.github.ylimit.droidbotapp/io.github.privacystreams.accessibility.PSAccessibilityService, null]
07-29 20:57:01.525 31200 31200 I cr_A11yState: Running accessibility services: [io.github.ylimit.droidbotapp/io.github.privacystreams.accessibility.PSAccessibilityService]
07-29 20:57:01.525 31200 31200 I cr_A11yState: Will check again after 1000 milliseconds.
07-29 20:57:01.690  1839  7244 E ANDR-PERF-LM: SAGT_ACTION: UpdateFPSData() 138: update /sys/kernel/sched_penalty/parameters/fps to 90, ret is 0
07-29 20:57:01.829  2463  5177 I NetworkAccelerateSwitchService: EVENT_RSSI_POLL. mRssiPoll=true
07-29 20:57:01.830  2463  5177 I NetworkAccelerateSwitchService: getAverageWifiRssi:63
07-29 20:57:01.886  3117  3117 I adbd    : in ShellService: ps
07-29 20:57:02.528 31200 31200 I cr_A11yState: Enabled accessibility services: [io.github.ylimit.droidbotapp/io.github.privacystreams.accessibility.PSAccessibilityService, null]
07-29 20:57:02.528 31200 31200 I cr_A11yState: Running accessibility services: [io.github.ylimit.droidbotapp/io.github.privacystreams.accessibility.PSAccessibilityService]
07-29 20:57:02.528 31200 31200 I cr_A11yState: Will check again after 2000 milliseconds.
07-29 20:57:02.620  2463  4205 I MiuiNetworkPolicy: updateUidState uid = 10092, uidState = 15
07-29 20:57:02.646  2463  4205 I MiuiNetworkPolicy: bandwidth: 0 KB/s, Max bandwidth: 3636 KB/s
07-29 20:57:02.772  2463  5533 I ActivityManager: Broadcasting: Intent { act=android.intent.action.MEDIA_SCANNER_SCAN_FILE dat=file:///... flg=0x400000 }
07-29 20:57:02.772  2463  5533 I ActivityManager: Enqueued broadcast Intent { act=android.intent.action.MEDIA_SCANNER_SCAN_FILE dat=file:///... flg=0x400000 }: 0
07-29 20:57:02.775  2463  2530 I SmartPower: com.miui.gallery/10271(13242): idle->background(2847ms) R(broadcast start Intent { act=android.intent.action.MEDIA_SCANNER_SCAN_FILE dat=file:///... flg=0x1400010 }) adj=905.
07-29 20:57:02.777 13242 13242 W MiuiGallery2_BaseMediaScannerReceiver: [main] - Broadcast received, action: [android.intent.action.MEDIA_SCANNER_SCAN_FILE], data uri: [file:///sdcard/screen_2025-07-29_205702.png], CTA not allowed
07-29 20:57:02.778  2463  4205 I MiuiNetworkPolicy: updateUidState uid = 10271, uidState = 11
07-29 20:57:02.780  2463  4205 I MiuiNetworkPolicy: updateUidState uid = 10271, uidState = 19
07-29 20:57:02.782  7633  7633 I MediaProvider: receive action = android.intent.action.MEDIA_SCANNER_SCAN_FILE schemeSpecificPart = ///sdcard/screen_2025-07-29_205702.png
07-29 20:57:02.784  2463  5533 W JobInfo : Job 'com.android.providers.media.module/com.android.providers.media.MediaService#-300' has a deadline with no functional constraints. The deadline won't improve job execution latency. Consider removing the deadline.
07-29 20:57:02.788  1844  1844 I vendor.qti.hardware.servicetrackeraidl-service: bindService is called for service : com.android.providers.media.module/com.android.providers.media.MediaService and for client system
07-29 20:57:02.788  1844  1844 I vendor.qti.hardware.servicetrackeraidl-service: total connections for service : com.android.providers.media.module/com.android.providers.media.MediaServiceare :1
07-29 20:57:02.788  1844  1844 I vendor.qti.hardware.servicetrackeraidl-service: total connections for client : systemare :32
07-29 20:57:02.790  2463  4404 I whetstone.activity: processNotifyEvent1 resId = 256, bundle = Bundle[{startTime=19661109, sourcePkg=com.android.providers.media.module, sourceUid=10249, status=1, jobId=-300, batteryName=com.android.providers.media.module/com.android.providers.media.MediaService, elapsedRealtime=19661109}]
07-29 20:57:02.790  9339  9408 I EventMonitor: notifyEvent resId=256
07-29 20:57:02.795  7633  8793 I MediaProvider: Begin Intent { act=android.intent.action.MEDIA_SCANNER_SCAN_FILE dat=file:///... flg=0x1400010 cmp=com.android.providers.media.module/com.android.providers.media.MediaService }
07-29 20:57:02.796  2463  2506 I ActivityManager: Broadcast completed: result=0
07-29 20:57:02.807  7633  8793 I MediaProvider: End Intent { act=android.intent.action.MEDIA_SCANNER_SCAN_FILE dat=file:///... flg=0x1400010 cmp=com.android.providers.media.module/com.android.providers.media.MediaService }
07-29 20:57:02.807  2463  4404 I whetstone.activity: processNotifyEvent1 resId = 256, bundle = Bundle[{startTime=19661127, sourcePkg=com.android.providers.media.module, sourceUid=10249, status=0, jobId=-300, batteryName=com.android.providers.media.module/com.android.providers.media.MediaService, elapsedRealtime=19661127}]
07-29 20:57:02.808  9339  9408 I EventMonitor: notifyEvent resId=256
07-29 20:57:02.808  1844  1844 I vendor.qti.hardware.servicetrackeraidl-service: unbindService is called for service : com.android.providers.media.module/com.android.providers.media.MediaService and for client system
07-29 20:57:02.808  1844  1844 I vendor.qti.hardware.servicetrackeraidl-service: size of service connections for service: com.android.providers.media.module/com.android.providers.media.MediaServiceafter removal is 0
07-29 20:57:02.808  1844  1844 I vendor.qti.hardware.servicetrackeraidl-service: size of client connections for client: systemafter removal is 31
07-29 20:57:02.808  1844  1844 I vendor.qti.hardware.servicetrackeraidl-service: destroyService is called for service : com.android.providers.media.module/com.android.providers.media.MediaService
07-29 20:57:02.816  7633  7652 I FuseDaemon: This is sticky GC, maxfree is 16777216 minfree is 8388608
07-29 20:57:02.953  3117  3117 I adbd    : in ShellService: rm /sdcard/screen_2025-07-29_205702.png
07-29 20:57:02.978  7633  6663 I MediaProvider: Deleted paths_hashcode::1389444597/:1389444597/1442737324702.png items on external_primary due to com.android.shell tid=23857
07-29 20:57:03.022  3117  3117 I adbd    : in ShellService: ps
07-29 20:57:03.133  3117  3117 I adbd    : in ShellService: dumpsys display
07-29 20:57:03.319  3117  3117 I adbd    : in ShellService: wm size
07-29 20:57:03.415  2463  4412 I SmartPower: com.miui.weather2/10278(5795): background->idle(3002ms) R(content provider start ContentProviderRecord{9f05c96 u0 com.miui.weather2/.providers.WeatherProvider}) adj=0.
07-29 20:57:03.418  3117  3117 I adbd    : in ShellService: dumpsys input
07-29 20:57:03.507  3117  3117 I adbd    : in ShellService: getprop ro.sf.lcd_density
07-29 20:57:03.573  3117  3117 I adbd    : in ShellService: dumpsys activity activities
07-29 20:57:03.667  3117  3117 I adbd    : in ShellService: dumpsys activity activities
07-29 20:57:03.769 13666 17476 W surfboard: (0x000008BB) [] on_tcp_read local connection reset by peer
07-29 20:57:03.771  3117  3117 I adbd    : in ShellService: dumpsys activity activities
07-29 20:57:03.836  4916  6356 E PhoneAdapter: get ntnphones failed, exception: java.lang.IllegalStateException: Default phones haven't been made yet!
07-29 20:57:03.879  3117  3117 I adbd    : in ShellService: dumpsys activity services
07-29 20:57:04.015  3117  3117 I adbd    : in ShellService: screencap -p /sdcard/screen_2025-07-29_205705.png
07-29 20:57:04.031  1844  1844 I vendor.qti.hardware.servicetrackeraidl-service: destroyService is called for service : com.google.android.gms/.chimera.GmsIntentOperationService
07-29 20:57:04.131 23886 23886 W BpBinder: Linking to death on android.gui.ISurfaceComposer but there are no threads (yet?) listening to incoming transactions. See ProcessState::startThreadPool and ProcessState::setThreadPoolMaxThreadCount. Generally you should setup the binder threadpool before other initialization steps.
07-29 20:57:04.132 23886 23886 W ProcessState: Extra binder thread started, but 0 threads requested. Do not use *startThreadPool when zero threads are requested.
07-29 20:57:04.163 23886 23888 I AdrenoUtils: <ReadGpuID:357>: Reading chip ID through GSL
07-29 20:57:04.163 23886 23886 W qdgralloc: Failed to load libubwcp.so
07-29 20:57:04.157 23886 23886 W screencap: type=1400 audit(0.0:12999): avc:  denied  { read } for  name="libubwcp.so" dev="dm-14" ino=19816057 scontext=u:r:shell:s0 tcontext=u:object_r:vendor_file:s0 tclass=file permissive=0
07-29 20:57:04.166  7633 13399 W MediaProvider: isAppCloneUserPair for user 0: false
07-29 20:57:04.181  3117  3117 I adbd    : in ShellService: ps
07-29 20:57:04.185  2463  4403 E HyperSentinel: -------------------------------------------------------
07-29 20:57:04.187  2463  4403 E HyperSentinel: Event_OpenFileFDSize
07-29 20:57:04.187  2463  4403 E HyperSentinel: -> audit event by proc 2105 "/system/bin/surfaceflinger": Fd increasement, peak, 853 -> 763
07-29 20:57:04.278 29000 29026 I Finsky  : [1739] nhf.run(372): Stats for Executor: BlockingExecutor pjg@d7af503[Running, pool size = 2, active threads = 0, queued tasks = 0, completed tasks = 1201]
07-29 20:57:04.278 29000 29026 I Finsky  : [1739] nhf.run(372): Stats for Executor: LightweightExecutor pjg@7536c80[Running, pool size = 4, active threads = 0, queued tasks = 0, completed tasks = 10167]
07-29 20:57:04.278 29000 29026 I Finsky  : [1739] nhf.run(372): Stats for Executor: bgExecutor pjg@49462b9[Running, pool size = 4, active threads = 0, queued tasks = 0, completed tasks = 11917]
07-29 20:57:04.500 13666 17476 W surfboard: (0x00000945) [] on_tcp_read local connection reset by peer
07-29 20:57:04.505  1844  1844 I vendor.qti.hardware.servicetrackeraidl-service: bindService is called for service : com.alibaba.aliexpresshd/com.taobao.accs.data.MsgDistributeService and for client com.alibaba.aliexpresshd:channel
07-29 20:57:04.505  1844  1844 I vendor.qti.hardware.servicetrackeraidl-service: total connections for service : com.alibaba.aliexpresshd/com.taobao.accs.data.MsgDistributeServiceare :2
07-29 20:57:04.505  1844  1844 I vendor.qti.hardware.servicetrackeraidl-service: total connections for client : com.alibaba.aliexpresshd:channelare :10
07-29 20:57:04.508  6163  6333 W JobInfo : Job 'com.alibaba.aliexpresshd/com.taobao.accs.internal.AccsJobService#2050' has a deadline with functional constraints and an extremely short time window of 0 ms (delay=80000, deadline=80000). The functional constraints are not likely to be satisfied when the job runs.
07-29 20:57:04.509  7633 23611 I PSyncWorker: Starting proactive picker sync from sync source: 1
07-29 20:57:04.509  2463  4596 W JobInfo : Job 'com.alibaba.aliexpresshd/com.taobao.accs.internal.AccsJobService#2050' has a deadline with functional constraints and an extremely short time window of 0 ms (delay=80000, deadline=80000). The functional constraints are not likely to be satisfied when the job runs.
07-29 20:57:04.511  2463  4596 W JobInfo : Job 'com.alibaba.aliexpresshd/com.taobao.accs.internal.AccsJobService#2050' has a deadline with functional constraints and an extremely short time window of 0 ms (delay=80000, deadline=80000). The functional constraints are not likely to be satisfied when the job runs.
07-29 20:57:04.512  7633 23611 I PickerSyncController: Executing SyncAdd. isLocal: true. authority: com.android.providers.media.photopicker
07-29 20:57:04.512  1844  1844 I vendor.qti.hardware.servicetrackeraidl-service: unbindService is called for service : com.alibaba.aliexpresshd/com.taobao.accs.data.MsgDistributeService and for client com.alibaba.aliexpresshd:channel
07-29 20:57:04.512  1844  1844 I vendor.qti.hardware.servicetrackeraidl-service: size of service connections for service: com.alibaba.aliexpresshd/com.taobao.accs.data.MsgDistributeServiceafter removal is 1
07-29 20:57:04.512  1844  1844 I vendor.qti.hardware.servicetrackeraidl-service: size of client connections for client: com.alibaba.aliexpresshd:channelafter removal is 9
07-29 20:57:04.515  7633 23611 I PickerSyncController: Paged sync successful. QueryArgs: Bundle[{android.provider.extra.SYNC_GENERATION=8124, android.provider.extra.PAGE_SIZE=1000}] Total Rows: 0
07-29 20:57:04.515  7633 23611 I PickerSyncController: Executing SyncRemove. isLocal: true. authority: com.android.providers.media.photopicker
07-29 20:57:04.516  1844  1844 I vendor.qti.hardware.servicetrackeraidl-service: bindService is called for service : com.alibaba.aliexpresshd/com.taobao.accs.data.MsgDistributeService and for client com.alibaba.aliexpresshd:channel
07-29 20:57:04.516  1844  1844 I vendor.qti.hardware.servicetrackeraidl-service: total connections for service : com.alibaba.aliexpresshd/com.taobao.accs.data.MsgDistributeServiceare :2
07-29 20:57:04.516  1844  1844 I vendor.qti.hardware.servicetrackeraidl-service: total connections for client : com.alibaba.aliexpresshd:channelare :10
07-29 20:57:04.516  7633 23611 E PickerDbFacade: Could not get first date taken millis for media id: 1000000768
07-29 20:57:04.517  1844  1844 I vendor.qti.hardware.servicetrackeraidl-service: bindService is called for service : com.android.providers.media.module/androidx.work.impl.background.systemjob.SystemJobService and for client system
07-29 20:57:04.517  1844  1844 I vendor.qti.hardware.servicetrackeraidl-service: total connections for service : com.android.providers.media.module/androidx.work.impl.background.systemjob.SystemJobServiceare :1
07-29 20:57:04.517  1844  1844 I vendor.qti.hardware.servicetrackeraidl-service: total connections for client : systemare :32
07-29 20:57:04.517  7633 23611 W PickerDbFacade: Unable to promote cloud media with localId: 1000000768
07-29 20:57:04.517  2463  4404 I whetstone.activity: processNotifyEvent1 resId = 256, bundle = Bundle[{startTime=19662837, sourcePkg=com.android.providers.media.module, sourceUid=10249, status=1, jobId=612, batteryName=@androidx.work.systemjobscheduler@com.android.providers.media.module/androidx.work.impl.background.systemjob.SystemJobService, elapsedRealtime=19662837}]
07-29 20:57:04.518  9339  9408 I EventMonitor: notifyEvent resId=256
07-29 20:57:04.518  1844  1844 I vendor.qti.hardware.servicetrackeraidl-service: unbindService is called for service : com.alibaba.aliexpresshd/com.taobao.accs.data.MsgDistributeService and for client com.alibaba.aliexpresshd:channel
07-29 20:57:04.518  1844  1844 I vendor.qti.hardware.servicetrackeraidl-service: size of service connections for service: com.alibaba.aliexpresshd/com.taobao.accs.data.MsgDistributeServiceafter removal is 1
07-29 20:57:04.518  1844  1844 I vendor.qti.hardware.servicetrackeraidl-service: size of client connections for client: com.alibaba.aliexpresshd:channelafter removal is 9
07-29 20:57:04.518  7633 23611 I PickerSyncController: Paged sync successful. QueryArgs: Bundle[{android.provider.extra.SYNC_GENERATION=8124, android.provider.extra.PAGE_SIZE=1000}] Total Rows: 0
07-29 20:57:04.519  7633 23611 I PickerSyncTracker: Marked sync future complete for work id: f37b8e92-d1fd-4873-ac2e-20fa0d814de1. Future map: {}
07-29 20:57:04.519  7633 23611 I PSyncWorker: Completed picker proactive sync complete from local provider.
07-29 20:57:04.521  7633  7843 I WM-WorkerWrapper: Worker result SUCCESS for Work [ id=f37b8e92-d1fd-4873-ac2e-20fa0d814de1, tags={ com.android.providers.media.photopicker.sync.ProactiveSyncWorker } ]
07-29 20:57:04.522  2463  4404 I whetstone.activity: processNotifyEvent1 resId = 256, bundle = Bundle[{startTime=19662841, sourcePkg=com.android.providers.media.module, sourceUid=10249, status=0, jobId=612, batteryName=@androidx.work.systemjobscheduler@com.android.providers.media.module/androidx.work.impl.background.systemjob.SystemJobService, elapsedRealtime=19662841}]
07-29 20:57:04.522  9339  9408 I EventMonitor: notifyEvent resId=256
07-29 20:57:04.522  1844  1844 I vendor.qti.hardware.servicetrackeraidl-service: unbindService is called for service : com.android.providers.media.module/androidx.work.impl.background.systemjob.SystemJobService and for client system
07-29 20:57:04.522  1844  1844 I vendor.qti.hardware.servicetrackeraidl-service: size of service connections for service: com.android.providers.media.module/androidx.work.impl.background.systemjob.SystemJobServiceafter removal is 0
07-29 20:57:04.522  1844  1844 I vendor.qti.hardware.servicetrackeraidl-service: size of client connections for client: systemafter removal is 31
07-29 20:57:04.522  1844  1844 I vendor.qti.hardware.servicetrackeraidl-service: destroyService is called for service : com.android.providers.media.module/androidx.work.impl.background.systemjob.SystemJobService
07-29 20:57:04.531 31200 31200 I cr_A11yState: Enabled accessibility services: [io.github.ylimit.droidbotapp/io.github.privacystreams.accessibility.PSAccessibilityService, null]
07-29 20:57:04.532 31200 31200 I cr_A11yState: Running accessibility services: [io.github.ylimit.droidbotapp/io.github.privacystreams.accessibility.PSAccessibilityService]
07-29 20:57:04.532 31200 31200 I cr_A11yState: Will check again after 4000 milliseconds.
07-29 20:57:04.834  2463  5177 I NetworkAccelerateSwitchService: EVENT_RSSI_POLL. mRssiPoll=true
07-29 20:57:04.834  2463  5177 I NetworkAccelerateSwitchService: getAverageWifiRssi:63
07-29 20:57:05.343  3117  3117 I adbd    : in ShellService: ps
07-29 20:57:05.471  1844  1844 I vendor.qti.hardware.servicetrackeraidl-service: destroyService is called for service : com.google.android.gms/.chimera.PersistentIntentOperationService
07-29 20:57:05.531  2463  5526 I ActivityManager: Broadcasting: Intent { act=android.intent.action.MEDIA_SCANNER_SCAN_FILE dat=file:///... flg=0x400000 }
07-29 20:57:05.533  2463  5526 I ActivityManager: Enqueued broadcast Intent { act=android.intent.action.MEDIA_SCANNER_SCAN_FILE dat=file:///... flg=0x400000 }: 0
07-29 20:57:05.537 13242 13242 W MiuiGallery2_BaseMediaScannerReceiver: [main] - Broadcast received, action: [android.intent.action.MEDIA_SCANNER_SCAN_FILE], data uri: [file:///sdcard/screen_2025-07-29_205705.png], CTA not allowed
07-29 20:57:05.538  2463  4205 I MiuiNetworkPolicy: updateUidState uid = 10271, uidState = 11
07-29 20:57:05.542  2463  4205 I MiuiNetworkPolicy: updateUidState uid = 10271, uidState = 19
07-29 20:57:05.543  7633  7633 I MediaProvider: receive action = android.intent.action.MEDIA_SCANNER_SCAN_FILE schemeSpecificPart = ///sdcard/screen_2025-07-29_205705.png
07-29 20:57:05.544  2463  5526 W JobInfo : Job 'com.android.providers.media.module/com.android.providers.media.MediaService#-300' has a deadline with no functional constraints. The deadline won't improve job execution latency. Consider removing the deadline.
07-29 20:57:05.547  1844  1844 I vendor.qti.hardware.servicetrackeraidl-service: bindService is called for service : com.android.providers.media.module/com.android.providers.media.MediaService and for client system
07-29 20:57:05.547  1844  1844 I vendor.qti.hardware.servicetrackeraidl-service: total connections for service : com.android.providers.media.module/com.android.providers.media.MediaServiceare :1
07-29 20:57:05.547  1844  1844 I vendor.qti.hardware.servicetrackeraidl-service: total connections for client : systemare :32
07-29 20:57:05.548  2463  4404 I whetstone.activity: processNotifyEvent1 resId = 256, bundle = Bundle[{startTime=19663868, sourcePkg=com.android.providers.media.module, sourceUid=10249, status=1, jobId=-300, batteryName=com.android.providers.media.module/com.android.providers.media.MediaService, elapsedRealtime=19663868}]
07-29 20:57:05.551  7633  8793 I MediaProvider: Begin Intent { act=android.intent.action.MEDIA_SCANNER_SCAN_FILE dat=file:///... flg=0x1400010 cmp=com.android.providers.media.module/com.android.providers.media.MediaService }
07-29 20:57:05.550  9339  9408 I EventMonitor: notifyEvent resId=256
07-29 20:57:05.554  2463  2506 I ActivityManager: Broadcast completed: result=0
07-29 20:57:05.560  7633  8793 I MediaProvider: End Intent { act=android.intent.action.MEDIA_SCANNER_SCAN_FILE dat=file:///... flg=0x1400010 cmp=com.android.providers.media.module/com.android.providers.media.MediaService }
07-29 20:57:05.560  2463  4404 I whetstone.activity: processNotifyEvent1 resId = 256, bundle = Bundle[{startTime=19663880, sourcePkg=com.android.providers.media.module, sourceUid=10249, status=0, jobId=-300, batteryName=com.android.providers.media.module/com.android.providers.media.MediaService, elapsedRealtime=19663880}]
07-29 20:57:05.561  9339  9408 I EventMonitor: notifyEvent resId=256
07-29 20:57:05.561  1844  1844 I vendor.qti.hardware.servicetrackeraidl-service: unbindService is called for service : com.android.providers.media.module/com.android.providers.media.MediaService and for client system
07-29 20:57:05.561  1844  1844 I vendor.qti.hardware.servicetrackeraidl-service: size of service connections for service: com.android.providers.media.module/com.android.providers.media.MediaServiceafter removal is 0
07-29 20:57:05.561  1844  1844 I vendor.qti.hardware.servicetrackeraidl-service: size of client connections for client: systemafter removal is 31
07-29 20:57:05.561  1844  1844 I vendor.qti.hardware.servicetrackeraidl-service: destroyService is called for service : com.android.providers.media.module/com.android.providers.media.MediaService
07-29 20:57:05.650  2463  4205 I MiuiNetworkPolicy: bandwidth: 0 KB/s, Max bandwidth: 3636 KB/s
07-29 20:57:05.746  3117  3117 I adbd    : in ShellService: rm /sdcard/screen_2025-07-29_205705.png
07-29 20:57:05.776  2463  4412 I SmartPower: com.miui.gallery/10271(13242): background->idle(3001ms) R(broadcast start Intent { act=android.intent.action.MEDIA_SCANNER_SCAN_FILE dat=file:///... flg=0x1400010 }) adj=905.
07-29 20:57:05.781  7633  7872 I MediaProvider: Deleted paths_hashcode::1389444597/:1389444597/1442737324705.png items on external_primary due to com.android.shell tid=23900
07-29 20:57:05.790 11730 12142 I Zeus/receiver: ZeusTransformUtils-registerReceiver-execute
07-29 20:57:05.792 11730 12142 I Zeus/receiver: ZeusTransformUtils-registerReceiver-execute
07-29 20:57:05.932  3117  3117 I adbd    : in ShellService: dumpsys display
07-29 20:57:05.996  2105  2105 E DisplayModeController: setDesiredMode : Idle status skip setActiveMode, isDdicIdleMode: 1
07-29 20:57:06.002  1827  1827 I SDM     : HWCDisplay::SetActiveConfigWithConstraints: display:66-0, config: 3, WxH 1200x2670, fps 120
07-29 20:57:06.004  1827  1827 W SDM     : HWDeviceDRM::GetSupportedBitClkRate: Requested rate not supported: 1150000000
07-29 20:57:06.004  1827  1827 I SDM     : HWDeviceDRM::UpdateMixerAttributes: Mixer WxH 1200x2670-1 for Peripheral
07-29 20:57:06.004  1827  1827 I SDM     : HWCDisplay::SubmitDisplayConfig: Active configuration changed from config 1 to 3
07-29 20:57:06.004  1827  1827 I SDM     : HWCDisplay::SubmitDisplayConfig: Active WxH 1200x2670 ,ddic_mode:auto, timing_fps: 120, sf_fps: 120
