10-24 22:37:02.429  2318  4204 I NetworkBoostStatusManager: onForegroundInfoChanged uid:10432, isColdStart:true
10-24 22:37:02.429  2318  4204 I SLM-SRV-SLAToast: foreground uid:10432, isColdStart:true, isLinkTurboEnable:false
10-24 22:37:02.430  7756 12943 W MIUISafety-Monitor: screen share ensure fg = com.kuaishou.nebula protect = false
10-24 22:37:02.430  9289 25778 I GST     : forePkg: com.kuaishou.nebula, preForePkg: com.miui.home
10-24 22:37:02.430  7756  9618 I ProcessMonitor: onForegroundInfoChanged: ForegroundInfo{mForegroundPackageName='com.kuaishou.nebula', mForegroundUid=10432, mForegroundPid=6113, mLastForegroundPackageName='com.miui.home', mLastForegroundUid=10138, mLastForegroundPid=4299, mMultiWindowForegroundPackageName='com.kuaishou.nebula', mMultiWindowForegroundUid=10432, mFlags=1}
10-24 22:37:02.431  2318  4204 I AudioGameEffect: foreground change to com.kuaishou.nebula, last foreground is com.miui.home
10-24 22:37:02.432  7756  9618 I GameBoosterService: onForegroundInfoChanged: Cur=com.kuaishou.nebula	 last=com.miui.home
10-24 22:37:02.432  3030 15012 E libsensor-parseRGB: CWB NotifyCWBBufferDone  error 0
10-24 22:37:02.433  7756  9618 I VideoBoxUtils: isSupportVideoBox: true
10-24 22:37:02.433  7756  9618 I VideoToolBoxService: vtb is closed!!!
10-24 22:37:02.433  7756  9618 I AppPredictPrivacyLaunchManager: getLauncherHomeAppList size: 75
10-24 22:37:02.433  7756  9206 E SuggestManager: openApp name = com.kuaishou.nebula
10-24 22:37:02.433  7756  9206 I NewAutoTaskManager: app use - delay = 9223372036854775807, doRemove = false, doPost = false
10-24 22:37:02.433  8364  8719 I AICall_MemoryTrim: binder:8364_3 onAppBackground()
10-24 22:37:02.434  7756  9618 I AppPredictService: difTIme = 13004
10-24 22:37:02.436  6113 24759 I ActivityThread: HardwareRenderer preload  done
10-24 22:37:02.437  6113  6113 W libc    : Access denied finding property "vendor.boostfwk.frameprefetcher"
10-24 22:37:02.437  7756 12943 I BeautyService: notifyChange! preName = ComponentInfo{com.miui.home/com.miui.home.launcher.Launcher}; curName = ComponentInfo{com.kuaishou.nebula/com.yxcorp.gifshow.HomeActivity}
10-24 22:37:02.438  2318  4218 W ActivityManager: pid 2318 system sent binder code 31101 with flags 0 to frozen apps and got error -74
10-24 22:37:02.438  7756  9225 E b       : insert result = 1904
10-24 22:37:02.439  7756 12943 I BeautyService: inSplitScreenMode = false, isFrontCameraOpen = false, mCurPkgName = com.kuaishou.nebula, mCurClsName = com.yxcorp.gifshow.HomeActivity
10-24 22:37:02.439  7756 12943 I BeautyUtils: splitMode: onfalse
10-24 22:37:02.439  7756 12943 I BeautyService: onDockSwitchChange : 	currentUser = true	 isBound = true, curState = NON_CONVERSATION_MODE, isSceneSupport = false, isAllowSplit = false
10-24 22:37:02.439  7756 12943 I BeautyService: already at target mode!
10-24 22:37:02.440  2318  2447 W PinnerService: could not open "/system/lib64/libhwui.so" as zip: pinning as blob
10-24 22:37:02.440  2318  2447 W PinnerService: java.util.zip.ZipException: zip END header not found
10-24 22:37:02.440  2318  2447 W PinnerService: 	at java.util.zip.ZipFile$Source.findEND(ZipFile.java:1601)
10-24 22:37:02.440  2318  2447 W PinnerService: 	at java.util.zip.ZipFile$Source.initCEN(ZipFile.java:1609)
10-24 22:37:02.440  2318  2447 W PinnerService: 	at java.util.zip.ZipFile$Source.<init>(ZipFile.java:1436)
10-24 22:37:02.440  2318  2447 W PinnerService: 	at java.util.zip.ZipFile$Source.get(ZipFile.java:1389)
10-24 22:37:02.440  2318  2447 W PinnerService: 	at java.util.zip.ZipFile$CleanableResource.<init>(ZipFile.java:769)
10-24 22:37:02.440  2318  2447 W PinnerService: 	at java.util.zip.ZipFile.<init>(ZipFile.java:283)
10-24 22:37:02.440  2318  2447 W PinnerService: 	at java.util.zip.ZipFile.<init>(ZipFile.java:239)
10-24 22:37:02.440  2318  2447 W PinnerService: 	at java.util.zip.ZipFile.<init>(ZipFile.java:187)
10-24 22:37:02.440  2318  2447 W PinnerService: 	at java.util.zip.ZipFile.<init>(ZipFile.java:156)
10-24 22:37:02.440  2318  2447 W PinnerService: 	at com.android.server.PinnerService.maybeOpenZip(PinnerService.java:1127)
10-24 22:37:02.440  2318  2447 W PinnerService: 	at com.android.server.PinnerService.pinFileInternal(PinnerService.java:1099)
10-24 22:37:02.440  2318  2447 W PinnerService: 	at com.android.server.PinnerService.-$$Nest$smpinFileInternal(Unknown Source:0)
10-24 22:37:02.440  2318  2447 W PinnerService: 	at com.android.server.PinnerService$Injector.pinFileInternal(PinnerService.java:224)
10-24 22:37:02.440  2318  2447 W PinnerService: 	at com.android.server.PinnerService.pinCustomizeFiles(PinnerService.java:1036)
10-24 22:37:02.440  2318  2447 W PinnerService: 	at com.android.server.PinnerService.pinApp(PinnerService.java:872)
10-24 22:37:02.440  2318  2447 W PinnerService: 	at com.android.server.PinnerService.pinApp(PinnerService.java:692)
10-24 22:37:02.440  2318  2447 W PinnerService: 	at com.android.server.PinnerService.$r8$lambda$ok5frDOsbVuBriKR-phYiEePmi0(Unknown Source:0)
10-24 22:37:02.440  2318  2447 W PinnerService: 	at com.android.server.PinnerService$$ExternalSyntheticLambda5.accept(D8$$SyntheticClass:0)
10-24 22:37:02.440  2318  2447 W PinnerService: 	at com.android.internal.util.function.pooled.PooledLambdaImpl.doInvoke(PooledLambdaImpl.java:310)
10-24 22:37:02.440  2318  2447 W PinnerService: 	at com.android.internal.util.function.pooled.PooledLambdaImpl.invoke(PooledLambdaImpl.java:204)
10-24 22:37:02.440  2318  2447 W PinnerService: 	at com.android.internal.util.function.pooled.OmniFunction.run(OmniFunction.java:87)
10-24 22:37:02.440  2318  2447 W PinnerService: 	at android.os.Handler.handleCallback(Handler.java:959)
10-24 22:37:02.440  2318  2447 W PinnerService: 	at android.os.Handler.dispatchMessage(Handler.java:100)
10-24 22:37:02.440  2318  2447 W PinnerService: 	at android.os.Looper.loopOnce(Looper.java:249)
10-24 22:37:02.440  2318  2447 W PinnerService: 	at android.os.Looper.loop(Looper.java:337)
10-24 22:37:02.440  2318  2447 W PinnerService: 	at android.os.HandlerThread.run(HandlerThread.java:85)
10-24 22:37:02.441  6113 24892 W libc    : Access denied finding property "vendor.migl.debug"
10-24 22:37:02.441  6113 24892 I libMiGL : EnableDR: 0
10-24 22:37:02.441  6113 24892 I AdrenoGLES-0: QUALCOMM build                   : 0c7c4b37d5, I3988f0db60
10-24 22:37:02.441  6113 24892 I AdrenoGLES-0: Build Date                       : 10/18/24
10-24 22:37:02.441  6113 24892 I AdrenoGLES-0: OpenGL ES Shader Compiler Version: E031.45.02.19
10-24 22:37:02.441  6113 24892 I AdrenoGLES-0: Local Branch                     : 
10-24 22:37:02.441  6113 24892 I AdrenoGLES-0: Remote Branch                    : refs/tags/AU_LINUX_ANDROID_LA.VENDOR.14.3.0.R1.00.00.00.000.168
10-24 22:37:02.441  6113 24892 I AdrenoGLES-0: Remote Branch                    : NONE
10-24 22:37:02.441  6113 24892 I AdrenoGLES-0: Reconstruct Branch               : NOTHING
10-24 22:37:02.442  6113 24892 I AdrenoGLES-0: Build Config                     : S P 16.1.2 AArch64
10-24 22:37:02.442  6113 24892 I AdrenoGLES-0: Driver Path                      : /vendor/lib64/egl/libGLESv2_adreno.so
10-24 22:37:02.442  6113 24892 I AdrenoGLES-0: Driver Version                   : 0762.30
10-24 22:37:02.442  6113 24892 I AdrenoGLES-0: Process Name                     : com.kuaishou.nebula
10-24 22:37:02.443  2318  2447 W PinnerService: could not open "/vendor/lib64/hw/vulkan.adreno.so" as zip: pinning as blob
10-24 22:37:02.443  2318  2447 W PinnerService: java.util.zip.ZipException: zip END header not found
10-24 22:37:02.443  2318  2447 W PinnerService: 	at java.util.zip.ZipFile$Source.findEND(ZipFile.java:1601)
10-24 22:37:02.443  2318  2447 W PinnerService: 	at java.util.zip.ZipFile$Source.initCEN(ZipFile.java:1609)
10-24 22:37:02.443  2318  2447 W PinnerService: 	at java.util.zip.ZipFile$Source.<init>(ZipFile.java:1436)
10-24 22:37:02.443  2318  2447 W PinnerService: 	at java.util.zip.ZipFile$Source.get(ZipFile.java:1389)
10-24 22:37:02.443  2318  2447 W PinnerService: 	at java.util.zip.ZipFile$CleanableResource.<init>(ZipFile.java:769)
10-24 22:37:02.443  2318  2447 W PinnerService: 	at java.util.zip.ZipFile.<init>(ZipFile.java:283)
10-24 22:37:02.443  2318  2447 W PinnerService: 	at java.util.zip.ZipFile.<init>(ZipFile.java:239)
10-24 22:37:02.443  2318  2447 W PinnerService: 	at java.util.zip.ZipFile.<init>(ZipFile.java:187)
10-24 22:37:02.443  2318  2447 W PinnerService: 	at java.util.zip.ZipFile.<init>(ZipFile.java:156)
10-24 22:37:02.443  2318  2447 W PinnerService: 	at com.android.server.PinnerService.maybeOpenZip(PinnerService.java:1127)
10-24 22:37:02.443  2318  2447 W PinnerService: 	at com.android.server.PinnerService.pinFileInternal(PinnerService.java:1099)
10-24 22:37:02.443  2318  2447 W PinnerService: 	at com.android.server.PinnerService.-$$Nest$smpinFileInternal(Unknown Source:0)
10-24 22:37:02.443  2318  2447 W PinnerService: 	at com.android.server.PinnerService$Injector.pinFileInternal(PinnerService.java:224)
10-24 22:37:02.443  2318  2447 W PinnerService: 	at com.android.server.PinnerService.pinCustomizeFiles(PinnerService.java:1036)
10-24 22:37:02.443  2318  2447 W PinnerService: 	at com.android.server.PinnerService.pinApp(PinnerService.java:872)
10-24 22:37:02.443  2318  2447 W PinnerService: 	at com.android.server.PinnerService.pinApp(PinnerService.java:692)
10-24 22:37:02.443  2318  2447 W PinnerService: 	at com.android.server.PinnerService.$r8$lambda$ok5frDOsbVuBriKR-phYiEePmi0(Unknown Source:0)
10-24 22:37:02.443  2318  2447 W PinnerService: 	at com.android.server.PinnerService$$ExternalSyntheticLambda5.accept(D8$$SyntheticClass:0)
10-24 22:37:02.443  2318  2447 W PinnerService: 	at com.android.internal.util.function.pooled.PooledLambdaImpl.doInvoke(PooledLambdaImpl.java:310)
10-24 22:37:02.443  2318  2447 W PinnerService: 	at com.android.internal.util.function.pooled.PooledLambdaImpl.invoke(PooledLambdaImpl.java:204)
10-24 22:37:02.443  2318  2447 W PinnerService: 	at com.android.internal.util.function.pooled.OmniFunction.run(OmniFunction.java:87)
10-24 22:37:02.443  2318  2447 W PinnerService: 	at android.os.Handler.handleCallback(Handler.java:959)
10-24 22:37:02.443  2318  2447 W PinnerService: 	at android.os.Handler.dispatchMessage(Handler.java:100)
10-24 22:37:02.443  2318  2447 W PinnerService: 	at android.os.Looper.loopOnce(Looper.java:249)
10-24 22:37:02.443  2318  2447 W PinnerService: 	at android.os.Looper.loop(Looper.java:337)
10-24 22:37:02.443  2318  2447 W PinnerService: 	at android.os.HandlerThread.run(HandlerThread.java:85)
10-24 22:37:02.444  1688  1688 I vendor.qti.hardware.servicetrackeraidl-service: unbindService is called for service : com.google.android.gms/.ads.identifier.service.AdvertisingIdService and for client com.kuaishou.nebula
10-24 22:37:02.444  1688  1688 I vendor.qti.hardware.servicetrackeraidl-service: size of service connections for service: com.google.android.gms/.ads.identifier.service.AdvertisingIdServiceafter removal is 0
10-24 22:37:02.444  1688  1688 I vendor.qti.hardware.servicetrackeraidl-service: size of client connections for client: com.kuaishou.nebulaafter removal is 0
10-24 22:37:02.444  7756  9618 W ContextImpl: Calling a method in the system process without a qualified user: android.app.ContextImpl.startService:1939 android.content.ContextWrapper.startService:843 u2.b.f:39 u2.b$c.onForegroundInfoChanged:21 com.miui.gamebooster.mutiwindow.b$a.onForegroundInfoChanged:152 
10-24 22:37:02.444  2318  2447 W PinnerService: could not open "/vendor/lib64/libllvm-glnext.so" as zip: pinning as blob
10-24 22:37:02.444  2318  2447 W PinnerService: java.util.zip.ZipException: zip END header not found
10-24 22:37:02.444  2318  2447 W PinnerService: 	at java.util.zip.ZipFile$Source.findEND(ZipFile.java:1601)
10-24 22:37:02.444  2318  2447 W PinnerService: 	at java.util.zip.ZipFile$Source.initCEN(ZipFile.java:1609)
10-24 22:37:02.444  2318  2447 W PinnerService: 	at java.util.zip.ZipFile$Source.<init>(ZipFile.java:1436)
10-24 22:37:02.444  2318  2447 W PinnerService: 	at java.util.zip.ZipFile$Source.get(ZipFile.java:1389)
10-24 22:37:02.444  2318  2447 W PinnerService: 	at java.util.zip.ZipFile$CleanableResource.<init>(ZipFile.java:769)
10-24 22:37:02.444  2318  2447 W PinnerService: 	at java.util.zip.ZipFile.<init>(ZipFile.java:283)
10-24 22:37:02.444  2318  2447 W PinnerService: 	at java.util.zip.ZipFile.<init>(ZipFile.java:239)
10-24 22:37:02.444  2318  2447 W PinnerService: 	at java.util.zip.ZipFile.<init>(ZipFile.java:187)
10-24 22:37:02.444  2318  2447 W PinnerService: 	at java.util.zip.ZipFile.<init>(ZipFile.java:156)
10-24 22:37:02.444  2318  2447 W PinnerService: 	at com.android.server.PinnerService.maybeOpenZip(PinnerService.java:1127)
10-24 22:37:02.444  2318  2447 W PinnerService: 	at com.android.server.PinnerService.pinFileInternal(PinnerService.java:1099)
10-24 22:37:02.444  2318  2447 W PinnerService: 	at com.android.server.PinnerService.-$$Nest$smpinFileInternal(Unknown Source:0)
10-24 22:37:02.444  2318  2447 W PinnerService: 	at com.android.server.PinnerService$Injector.pinFileInternal(PinnerService.java:224)
10-24 22:37:02.444  2318  2447 W PinnerService: 	at com.android.server.PinnerService.pinCustomizeFiles(PinnerService.java:1036)
10-24 22:37:02.444  2318  2447 W PinnerService: 	at com.android.server.PinnerService.pinApp(PinnerService.java:872)
10-24 22:37:02.444  2318  2447 W PinnerService: 	at com.android.server.PinnerService.pinApp(PinnerService.java:692)
10-24 22:37:02.444  2318  2447 W PinnerService: 	at com.android.server.PinnerService.$r8$lambda$ok5frDOsbVuBriKR-phYiEePmi0(Unknown Source:0)
10-24 22:37:02.444  2318  2447 W PinnerService: 	at com.android.server.PinnerService$$ExternalSyntheticLambda5.accept(D8$$SyntheticClass:0)
10-24 22:37:02.444  2318  2447 W PinnerService: 	at com.android.internal.util.function.pooled.PooledLambdaImpl.doInvoke(PooledLambdaImpl.java:310)
10-24 22:37:02.444  2318  2447 W PinnerService: 	at com.android.internal.util.function.pooled.PooledLambdaImpl.invoke(PooledLambdaImpl.java:204)
10-24 22:37:02.444  2318  2447 W PinnerService: 	at com.android.internal.util.function.pooled.OmniFunction.run(OmniFunction.java:87)
10-24 22:37:02.444  2318  2447 W PinnerService: 	at android.os.Handler.handleCallback(Handler.java:959)
10-24 22:37:02.444  2318  2447 W PinnerService: 	at android.os.Handler.dispatchMessage(Handler.java:100)
10-24 22:37:02.444  2318  2447 W PinnerService: 	at android.os.Looper.loopOnce(Looper.java:249)
10-24 22:37:02.444  2318  2447 W PinnerService: 	at android.os.Looper.loop(Looper.java:337)
10-24 22:37:02.444  2318  2447 W PinnerService: 	at android.os.HandlerThread.run(HandlerThread.java:85)
10-24 22:37:02.445  1688  1688 I vendor.qti.hardware.servicetrackeraidl-service: destroyService is called for service : com.google.android.gms/.ads.identifier.service.AdvertisingIdService
10-24 22:37:02.446  2318  2447 W PinnerService: could not open "/vendor/lib64/libgsl.so" as zip: pinning as blob
10-24 22:37:02.446  2318  2447 W PinnerService: java.util.zip.ZipException: zip END header not found
10-24 22:37:02.446  2318  2447 W PinnerService: 	at java.util.zip.ZipFile$Source.findEND(ZipFile.java:1601)
10-24 22:37:02.446  2318  2447 W PinnerService: 	at java.util.zip.ZipFile$Source.initCEN(ZipFile.java:1609)
10-24 22:37:02.446  2318  2447 W PinnerService: 	at java.util.zip.ZipFile$Source.<init>(ZipFile.java:1436)
10-24 22:37:02.446  2318  2447 W PinnerService: 	at java.util.zip.ZipFile$Source.get(ZipFile.java:1389)
10-24 22:37:02.446  2318  2447 W PinnerService: 	at java.util.zip.ZipFile$CleanableResource.<init>(ZipFile.java:769)
10-24 22:37:02.446  2318  2447 W PinnerService: 	at java.util.zip.ZipFile.<init>(ZipFile.java:283)
10-24 22:37:02.446  2318  2447 W PinnerService: 	at java.util.zip.ZipFile.<init>(ZipFile.java:239)
10-24 22:37:02.446  2318  2447 W PinnerService: 	at java.util.zip.ZipFile.<init>(ZipFile.java:187)
10-24 22:37:02.446  2318  2447 W PinnerService: 	at java.util.zip.ZipFile.<init>(ZipFile.java:156)
10-24 22:37:02.446  2318  2447 W PinnerService: 	at com.android.server.PinnerService.maybeOpenZip(PinnerService.java:1127)
10-24 22:37:02.446  2318  2447 W PinnerService: 	at com.android.server.PinnerService.pinFileInternal(PinnerService.java:1099)
10-24 22:37:02.446  2318  2447 W PinnerService: 	at com.android.server.PinnerService.-$$Nest$smpinFileInternal(Unknown Source:0)
10-24 22:37:02.446  2318  2447 W PinnerService: 	at com.android.server.PinnerService$Injector.pinFileInternal(PinnerService.java:224)
10-24 22:37:02.446  2318  2447 W PinnerService: 	at com.android.server.PinnerService.pinCustomizeFiles(PinnerService.java:1036)
10-24 22:37:02.446  2318  2447 W PinnerService: 	at com.android.server.PinnerService.pinApp(PinnerService.java:872)
10-24 22:37:02.446  2318  2447 W PinnerService: 	at com.android.server.PinnerService.pinApp(PinnerService.java:692)
10-24 22:37:02.446  2318  2447 W PinnerService: 	at com.android.server.PinnerService.$r8$lambda$ok5frDOsbVuBriKR-phYiEePmi0(Unknown Source:0)
10-24 22:37:02.446  2318  2447 W PinnerService: 	at com.android.server.PinnerService$$ExternalSyntheticLambda5.accept(D8$$SyntheticClass:0)
10-24 22:37:02.446  2318  2447 W PinnerService: 	at com.android.internal.util.function.pooled.PooledLambdaImpl.doInvoke(PooledLambdaImpl.java:310)
10-24 22:37:02.446  2318  2447 W PinnerService: 	at com.android.internal.util.function.pooled.PooledLambdaImpl.invoke(PooledLambdaImpl.java:204)
10-24 22:37:02.446  2318  2447 W PinnerService: 	at com.android.internal.util.function.pooled.OmniFunction.run(OmniFunction.java:87)
10-24 22:37:02.446  2318  2447 W PinnerService: 	at android.os.Handler.handleCallback(Handler.java:959)
10-24 22:37:02.446  2318  2447 W PinnerService: 	at android.os.Handler.dispatchMessage(Handler.java:100)
10-24 22:37:02.446  2318  2447 W PinnerService: 	at android.os.Looper.loopOnce(Looper.java:249)
10-24 22:37:02.446  2318  2447 W PinnerService: 	at android.os.Looper.loop(Looper.java:337)
10-24 22:37:02.446  2318  2447 W PinnerService: 	at android.os.HandlerThread.run(HandlerThread.java:85)
10-24 22:37:02.446  2318  3691 I MiuiNetworkPolicy: updateUidState uid = 10130, uidState = 5
10-24 22:37:02.448  2318  2447 W PinnerService: could not open "/system/lib64/libEGL.so" as zip: pinning as blob
10-24 22:37:02.448  2318  2447 W PinnerService: java.util.zip.ZipException: zip END header not found
10-24 22:37:02.448  2318  2447 W PinnerService: 	at java.util.zip.ZipFile$Source.findEND(ZipFile.java:1601)
10-24 22:37:02.448  2318  2447 W PinnerService: 	at java.util.zip.ZipFile$Source.initCEN(ZipFile.java:1609)
10-24 22:37:02.448  2318  2447 W PinnerService: 	at java.util.zip.ZipFile$Source.<init>(ZipFile.java:1436)
10-24 22:37:02.448  2318  2447 W PinnerService: 	at java.util.zip.ZipFile$Source.get(ZipFile.java:1389)
10-24 22:37:02.448  2318  2447 W PinnerService: 	at java.util.zip.ZipFile$CleanableResource.<init>(ZipFile.java:769)
10-24 22:37:02.448  2318  2447 W PinnerService: 	at java.util.zip.ZipFile.<init>(ZipFile.java:283)
10-24 22:37:02.448  2318  2447 W PinnerService: 	at java.util.zip.ZipFile.<init>(ZipFile.java:239)
10-24 22:37:02.448  2318  2447 W PinnerService: 	at java.util.zip.ZipFile.<init>(ZipFile.java:187)
10-24 22:37:02.448  2318  2447 W PinnerService: 	at java.util.zip.ZipFile.<init>(ZipFile.java:156)
10-24 22:37:02.448  2318  2447 W PinnerService: 	at com.android.server.PinnerService.maybeOpenZip(PinnerService.java:1127)
10-24 22:37:02.448  2318  2447 W PinnerService: 	at com.android.server.PinnerService.pinFileInternal(PinnerService.java:1099)
10-24 22:37:02.448  2318  2447 W PinnerService: 	at com.android.server.PinnerService.-$$Nest$smpinFileInternal(Unknown Source:0)
10-24 22:37:02.448  2318  2447 W PinnerService: 	at com.android.server.PinnerService$Injector.pinFileInternal(PinnerService.java:224)
10-24 22:37:02.448  2318  2447 W PinnerService: 	at com.android.server.PinnerService.pinCustomizeFiles(PinnerService.java:1036)
10-24 22:37:02.448  2318  2447 W PinnerService: 	at com.android.server.PinnerService.pinApp(PinnerService.java:872)
10-24 22:37:02.448  2318  2447 W PinnerService: 	at com.android.server.PinnerService.pinApp(PinnerService.java:692)
10-24 22:37:02.448  2318  2447 W PinnerService: 	at com.android.server.PinnerService.$r8$lambda$ok5frDOsbVuBriKR-phYiEePmi0(Unknown Source:0)
10-24 22:37:02.448  2318  2447 W PinnerService: 	at com.android.server.PinnerService$$ExternalSyntheticLambda5.accept(D8$$SyntheticClass:0)
10-24 22:37:02.448  2318  2447 W PinnerService: 	at com.android.internal.util.function.pooled.PooledLambdaImpl.doInvoke(PooledLambdaImpl.java:310)
10-24 22:37:02.448  2318  2447 W PinnerService: 	at com.android.internal.util.function.pooled.PooledLambdaImpl.invoke(PooledLambdaImpl.java:204)
10-24 22:37:02.448  2318  2447 W PinnerService: 	at com.android.internal.util.function.pooled.OmniFunction.run(OmniFunction.java:87)
10-24 22:37:02.448  2318  2447 W PinnerService: 	at android.os.Handler.handleCallback(Handler.java:959)
10-24 22:37:02.448  2318  2447 W PinnerService: 	at android.os.Handler.dispatchMessage(Handler.java:100)
10-24 22:37:02.448  2318  2447 W PinnerService: 	at android.os.Looper.loopOnce(Looper.java:249)
10-24 22:37:02.448  2318  2447 W PinnerService: 	at android.os.Looper.loop(Looper.java:337)
10-24 22:37:02.448  2318  2447 W PinnerService: 	at android.os.HandlerThread.run(HandlerThread.java:85)
10-24 22:37:02.449  2318  2447 W PinnerService: could not open "/vendor/lib64/egl/libGLESv2_adreno.so" as zip: pinning as blob
10-24 22:37:02.449  2318  2447 W PinnerService: java.util.zip.ZipException: zip END header not found
10-24 22:37:02.449  2318  2447 W PinnerService: 	at java.util.zip.ZipFile$Source.findEND(ZipFile.java:1601)
10-24 22:37:02.449  2318  2447 W PinnerService: 	at java.util.zip.ZipFile$Source.initCEN(ZipFile.java:1609)
10-24 22:37:02.449  2318  2447 W PinnerService: 	at java.util.zip.ZipFile$Source.<init>(ZipFile.java:1436)
10-24 22:37:02.449  2318  2447 W PinnerService: 	at java.util.zip.ZipFile$Source.get(ZipFile.java:1389)
10-24 22:37:02.449  2318  2447 W PinnerService: 	at java.util.zip.ZipFile$CleanableResource.<init>(ZipFile.java:769)
10-24 22:37:02.449  2318  2447 W PinnerService: 	at java.util.zip.ZipFile.<init>(ZipFile.java:283)
10-24 22:37:02.449  2318  2447 W PinnerService: 	at java.util.zip.ZipFile.<init>(ZipFile.java:239)
10-24 22:37:02.449  2318  2447 W PinnerService: 	at java.util.zip.ZipFile.<init>(ZipFile.java:187)
10-24 22:37:02.449  2318  2447 W PinnerService: 	at java.util.zip.ZipFile.<init>(ZipFile.java:156)
10-24 22:37:02.449  2318  2447 W PinnerService: 	at com.android.server.PinnerService.maybeOpenZip(PinnerService.java:1127)
10-24 22:37:02.449  2318  2447 W PinnerService: 	at com.android.server.PinnerService.pinFileInternal(PinnerService.java:1099)
10-24 22:37:02.449  2318  2447 W PinnerService: 	at com.android.server.PinnerService.-$$Nest$smpinFileInternal(Unknown Source:0)
10-24 22:37:02.449  2318  2447 W PinnerService: 	at com.android.server.PinnerService$Injector.pinFileInternal(PinnerService.java:224)
10-24 22:37:02.449  2318  2447 W PinnerService: 	at com.android.server.PinnerService.pinCustomizeFiles(PinnerService.java:1036)
10-24 22:37:02.449  2318  2447 W PinnerService: 	at com.android.server.PinnerService.pinApp(PinnerService.java:872)
10-24 22:37:02.449  2318  2447 W PinnerService: 	at com.android.server.PinnerService.pinApp(PinnerService.java:692)
10-24 22:37:02.449  2318  2447 W PinnerService: 	at com.android.server.PinnerService.$r8$lambda$ok5frDOsbVuBriKR-phYiEePmi0(Unknown Source:0)
10-24 22:37:02.449  2318  2447 W PinnerService: 	at com.android.server.PinnerService$$ExternalSyntheticLambda5.accept(D8$$SyntheticClass:0)
10-24 22:37:02.449  2318  2447 W PinnerService: 	at com.android.internal.util.function.pooled.PooledLambdaImpl.doInvoke(PooledLambdaImpl.java:310)
10-24 22:37:02.449  2318  2447 W PinnerService: 	at com.android.internal.util.function.pooled.PooledLambdaImpl.invoke(PooledLambdaImpl.java:204)
10-24 22:37:02.449  2318  2447 W PinnerService: 	at com.android.internal.util.function.pooled.OmniFunction.run(OmniFunction.java:87)
10-24 22:37:02.449  2318  2447 W PinnerService: 	at android.os.Handler.handleCallback(Handler.java:959)
10-24 22:37:02.449  2318  2447 W PinnerService: 	at android.os.Handler.dispatchMessage(Handler.java:100)
10-24 22:37:02.449  2318  2447 W PinnerService: 	at android.os.Looper.loopOnce(Looper.java:249)
10-24 22:37:02.449  2318  2447 W PinnerService: 	at android.os.Looper.loop(Looper.java:337)
10-24 22:37:02.449  2318  2447 W PinnerService: 	at android.os.HandlerThread.run(HandlerThread.java:85)
10-24 22:37:02.450  6113 24892 I AdrenoGLES-0: PFP: 0x01520175, ME: 0x01520023
10-24 22:37:02.452  2318  2447 W ThermalBrightnessController: Thermal condition (id=11) is not configured in file, apply default condition!
10-24 22:37:02.453  1736  1736 I qspmHal : enter getGpuProf at: 380031093
10-24 22:37:02.453  1736  1736 I qspmHal : gpuProfName:com.kuaishou.nebula-gpu - gpu prof_info.path:/data/vendor/gaming/com.kuaishou.nebula-gpu
10-24 22:37:02.453  1736  1736 I qspmHal : PID 6113 from GFX matched.
10-24 22:37:02.453  1736  1736 E qspmHal : GPU profile file NOT found !!
10-24 22:37:02.455  6113 24892 I AdrenoUtils: <ReadGpuID:357>: Reading chip ID through GSL
10-24 22:37:02.457  7756  9618 I BeautyService: onForegroundInfoChanged: Cur=com.kuaishou.nebula	 last=com.miui.home
10-24 22:37:02.461  2318  5450 I SettingsProvider: refresh rate settings changed, name:miui_refresh_rate,value:60,pkg:com.miui.powerkeeper
10-24 22:37:02.463  2318  4215 E HyperSentinel: -------------------------------------------------------
10-24 22:37:02.463  2318  4215 E HyperSentinel: Event_ThreadAmount
10-24 22:37:02.463  2318  4215 E HyperSentinel: -> audit event by proc 6113 "usap64": running threads amount, 78 -> 122
10-24 22:37:02.464  2318  4214 E MiuiSentinelMemoryManager: getThreadinfo: usap64#6113
10-24 22:37:02.465  6113  6113 W libc    : Access denied finding property "ro.vendor.df.effect.conflict"
10-24 22:37:02.466  6113  6113 W libc    : Access denied finding property "ro.vendor.mi_sf.new_dynamic_refresh_rate"
10-24 22:37:02.473  6113 24924 E CmtpSdkLoader: [CmtpSdkLoader] SO not ready
10-24 22:37:02.478  6113 24942 E CmtpSdkLoader: [CmtpSdkLoader] SO not ready
10-24 22:37:02.480  6113 24769 I RenderInspector: window state type=1 , value=1 
10-24 22:37:02.480  6113 24899 I ContentCatcher: ViewContentFetcher : ViewContentFetcher
10-24 22:37:02.481  6113 24899 E ContentCatcherManager: failed to get ContentCatcherService.
10-24 22:37:02.481  6113 24899 E ContentCatcherManager: failed to get ContentCatcherService.
10-24 22:37:02.493  1656  7172 I MiStcImpl: Dispatching command: 3 PCC
10-24 22:37:02.494  2318  4218 W ActivityManager: pid 2318 system sent binder code 31101 with flags 0 to frozen apps and got error -74
10-24 22:37:02.512  6113 24899 I ContentCatcher: SettingTrigger : register screen QA status observer com.yxcorp.gifshow.HomeActivity
10-24 22:37:02.514  6113 24899 I ContentCatcher: SettingTrigger : register global collect status observer com.yxcorp.gifshow.HomeActivity
10-24 22:37:02.527  6113  6113 I ViewRootImpl: com.kuaishou.nebula/com.yxcorp.gifshow.HomeActivity use first frame acceleration
10-24 22:37:02.527  2318  5088 W ActivityManager: Permission Denial: getCurrentUser() from pid=6113, uid=10432 requires android.permission.INTERACT_ACROSS_USERS
10-24 22:37:02.528  6113 24961 E FramePredict: registerContentObserver fail
10-24 22:37:02.530  6113 24962 E CmtpSdkLoader: [CmtpSdkLoader] SO not ready
10-24 22:37:02.531  6113  6113 I Choreographer: first vsync insert message into MessageQueue Head
10-24 22:37:02.532  7707  7747 I ActivityObserverUtil: activityResumed ComponentInfo{com.kuaishou.nebula/com.yxcorp.gifshow.HomeActivity}
10-24 22:37:02.532  7707  7747 I TopActivityMonitor: send TopActivityChangeEvent=TopActivityChangeEvent(prev=ComponentInfo{com.miui.home/com.miui.home.launcher.Launcher}, current=ComponentInfo{com.kuaishou.nebula/com.yxcorp.gifshow.HomeActivity},appChanged=true)
10-24 22:37:02.533 11571 23873 I VA_ActivityStateHelper: activityResumed componentName ComponentInfo{com.kuaishou.nebula/com.yxcorp.gifshow.HomeActivity}
10-24 22:37:02.534 11885 18164 I AIRC_CounterTrack: collect: signal-TopActivityPerception
10-24 22:37:02.534  7707  7747 I travelService_ActivityObserverUtils: activityResumed ComponentInfo{com.kuaishou.nebula/com.yxcorp.gifshow.HomeActivity}
10-24 22:37:02.534  7707  7747 I travelService_TopActivityMonitor: appUmeInfoListFromServer is null
10-24 22:37:02.534  7707  7747 I travelService_TopActivityMonitor: user change app but last app packageName out of ume range
10-24 22:37:02.534  7707  7747 I travelService_TopActivityMonitor: appInfoListFromServer is null
10-24 22:37:02.534  7707  7747 I travelService_TopActivityMonitor: user change app but last app packageName out of crgt range
10-24 22:37:02.534 11571 23873 I VA_ActivityStateHelper: activityResumed mAiSkillPush is false
10-24 22:37:02.535 11885 18164 I MMKV    : <MMKV.cpp:1170::sync> MMKV::sync, SyncFlag = 1
10-24 22:37:02.536  4692  4887 I MultiTaskingTaskRepository: needSkip: is home task
10-24 22:37:02.536  4692  4887 I MiuiBubbleController: removeBubble: 18 reason=2
10-24 22:37:02.536  4692  4887 I MultiTaskingTaskRepository: onTaskInfoChanged multi list = [], full = [18, 11]
10-24 22:37:02.537  4299  4299 W RecentsImpl: updateStubViewVisibility, className=com.yxcorp.gifshow.HomeActivity
10-24 22:37:02.537  4299  4968 W RecentsImpl: disableTouchBySwipeStatusBar    disable=false
10-24 22:37:02.537  4299  4968 W RecentsImpl: disableBackStubWindow    disableTouch=false
10-24 22:37:02.538  4299  4968 W GestureStubView_Left: adaptRotation   currentRotation=0   mRotation=0
10-24 22:37:02.538  4299  4968 W GestureStubView_Right: adaptRotation   currentRotation=0   mRotation=0
10-24 22:37:02.542  2318  4415 I Location.SSRU: location account change uid 10432, foreground is true
10-24 22:37:02.546  4692  4887 I MiuiBubbleController: removeBubble: 18 reason=2
10-24 22:37:02.546  4692  4887 I MultiTaskingTaskRepository: onTaskInfoChanged multi list = [], full = [18, 11]
10-24 22:37:02.548  6113 24979 E CmtpSdkLoader: [CmtpSdkLoader] SO not ready
10-24 22:37:02.551  6113 24804 E kuaishou.nebula: Attempt to load writable dex file: /data/user/0/com.kuaishou.nebula/app_DvaPlugin/roamcity/1632551735/roamcity_1632551735.apk
10-24 22:37:02.551  6113 24804 W kuaishou.nebula: Unsupported class loader
10-24 22:37:02.554  6113 24804 W kuaishou.nebula: Unsupported class loader
10-24 22:37:02.554  6113 24804 W kuaishou.nebula: Unsupported class loader
10-24 22:37:02.555 11885 11947 I ognitionService: This is sticky GC, maxfree is 16777216 minfree is 8388608
10-24 22:37:02.558  1656  7172 I MiStcImpl: Dispatching command: 3 PCC
10-24 22:37:02.559  2318  4218 W ActivityManager: pid 2318 system sent binder code 31101 with flags 0 to frozen apps and got error -74
10-24 22:37:02.568  2318  4215 E HyperSentinel: -------------------------------------------------------
10-24 22:37:02.568  2318  4215 E HyperSentinel: Event_ResidentSize
10-24 22:37:02.568  2318  4215 E HyperSentinel: -> audit event by proc 6113 "usap64": RSS increasement, peak 319128kb -> 478804kb
10-24 22:37:02.568  2318  4215 E HyperSentinel: -------------------------------------------------------
10-24 22:37:02.568  2318  4215 E HyperSentinel: Event_ThreadAmount
10-24 22:37:02.568  2318  4215 E HyperSentinel: -> audit event by proc 6113 "usap64": running threads amount, 122 -> 188
10-24 22:37:02.579  6113 24804 E kuaishou.nebula: Attempt to load writable dex file: /data/user/0/com.kuaishou.nebula/app_DvaPlugin/search_feature/-857096242/search_feature_-857096242.apk
10-24 22:37:02.579  6113 24804 W kuaishou.nebula: Unsupported class loader
10-24 22:37:02.589  2318  2460 I SensorAccount: App register sensor to track it noWakeupSensor_10432_0x1000033
10-24 22:37:02.598  2318  5110 I ClipboardServiceI: checkProviderWakePathForClipboard: primaryClip is null
10-24 22:37:02.616  1656  2516 I vendor.qti.hardware.display.composer-service: Sensor: notify citsensorservice to trigger cwb, misForced = 0
10-24 22:37:02.616  3030  3788 I libsensor-parseRGB: request dump start for mRequestDisplayId 0
10-24 22:37:02.624  1656  7172 I MiStcImpl: Dispatching command: 3 PCC
10-24 22:37:02.624  2318  4218 W ActivityManager: pid 2318 system sent binder code 31101 with flags 0 to frozen apps and got error -74
10-24 22:37:02.631  9289  9422 I HeavyPackageIdentify: splitMode: false, splitPackages: null, foregroundPkg: com.kuaishou.nebula
10-24 22:37:02.635  6113 24769 I RenderInspector: window state type=4 , value=1 
10-24 22:37:02.636  2318  5091 I MultiSenceManagerInternalStub: getInstance
10-24 22:37:02.639  6113  6113 W libc    : Access denied finding property "vendor.gpp.create_frc_extension"
10-24 22:37:02.640  3030  3112 E libsensor-parseRGB: CWB NotifyCWBBufferDone  error 0
10-24 22:37:02.642   980   980 I hwservicemanager: getTransport: Cannot find entry android.hardware.graphics.allocator@4.0::IAllocator/default in either framework or device VINTF manifest.
10-24 22:37:02.651  6113 24761 I kuaishou.nebula: App launch completed, reporting launch metrics.
10-24 22:37:02.651  6113 24761 I kuaishou.nebula: *** ART internal metrics ***
10-24 22:37:02.651  6113 24761 I kuaishou.nebula:   Metadata:
10-24 22:37:02.651  6113 24761 I kuaishou.nebula:     timestamp_since_start_ms: 419
10-24 22:37:02.651  6113 24761 I kuaishou.nebula:   Metrics:
10-24 22:37:02.651  6113 24761 I kuaishou.nebula:     AppLaunchDexOpenTotalTime: count = 0
10-24 22:37:02.651  6113 24761 I kuaishou.nebula:     AppLaunchClassLoadingTotalTime: count = 22672
10-24 22:37:02.651  6113 24761 I kuaishou.nebula:     AppLaunchClassVerifyTotalTime: count = 0
10-24 22:37:02.651  6113 24761 I kuaishou.nebula:     AppLaunchLockWaitTotalTime: count = 31000
10-24 22:37:02.651  6113 24761 I kuaishou.nebula:     AppLaunchInterpMethodCount: count = 0
10-24 22:37:02.651  6113 24761 I kuaishou.nebula:     AppLaunchTotalGcCollectionTime: count = 0
10-24 22:37:02.651  6113 24761 I kuaishou.nebula:     AppLaunchGcWorldStopTime: count = 0
10-24 22:37:02.651  6113 24761 I kuaishou.nebula:     AppLaunchJitMethodCompileTotalTime: count = 1699
10-24 22:37:02.651  6113 24761 I kuaishou.nebula: *** Done dumping ART internal metrics ***
10-24 22:37:02.657  6113 24892 I MiuiProcessManagerImpl: setSchedFifo pid:6113, mode:3
10-24 22:37:02.662  6113 24804 W kuaishou.nebula: Unsupported class loader
10-24 22:37:02.662  6113 24804 W kuaishou.nebula: Unsupported class loader
10-24 22:37:02.678  6113 24804 E kuaishou.nebula: Attempt to load writable dex file: /data/user/0/com.kuaishou.nebula/app_DvaPlugin/live_audience_plugin/-1258584616/live_audience_plugin_-1258584616.apk
10-24 22:37:02.680  2318  2439 I WindowManager: onFirstWindowDrawn, try to remove startingWindow. this = ActivityRecord{16eca8 u0 com.kuaishou.nebula/com.yxcorp.gifshow.HomeActivity t18} associatedTask = null isMainWindow = true mStartingWindow = Window{b2fbdd u0 Splash Screen com.kuaishou.nebula} mStartingData = SplashScreenStartingData{4a27a43 waitForSyncTransactionCommit=false removeAfterTransaction= 0}
10-24 22:37:02.681  2318  2439 I ATMSImpl: No snapshot since not start by launcher, activity=com.kuaishou.nebula/com.yxcorp.gifshow.HomeActivity
10-24 22:37:02.683  2318  2439 I PowerManagerServiceImpl: Acquire wakelock: SCREEN_BRIGHT_WAKE_LOCK           'WindowManager/displayId:0' ON_AFTER_RELEASE (uid=1000 pid=2318 pkg=android ws=WorkSource{10432 com.kuaishou.nebula})
10-24 22:37:02.685  4692  4975 I Choreographer: first vsync insert message into MessageQueue Head
10-24 22:37:02.686  2318  2439 I WindowManager: wms.showSurfaceRobustly mWin:Window{93042ad u0 com.kuaishou.nebula/com.yxcorp.gifshow.HomeActivity}
10-24 22:37:02.686  4692  5047 W qdgralloc: getInterlacedFlag: getMetaData returned 3, defaulting to interlaced_flag = 0
10-24 22:37:02.687  2318  2426 I ActivityTaskManager: Displayed com.kuaishou.nebula/com.yxcorp.gifshow.HomeActivity for user 0: +494ms
10-24 22:37:02.689  1656  7172 I MiStcImpl: Dispatching command: 3 PCC
10-24 22:37:02.690  2318  4218 W ActivityManager: pid 2318 system sent binder code 31101 with flags 0 to frozen apps and got error -74
10-24 22:37:02.694  4692  5047 W qdgralloc: getInterlacedFlag: getMetaData returned 3, defaulting to interlaced_flag = 0
10-24 22:37:02.695  6113 24780 E kuaishou.nebula: Attempt to load writable dex file: /data/user/0/com.kuaishou.nebula/robust2/21d55b7f945646e6e3ed5dbeaeeb601c/8e8406b644fc9829ae49906b915dc07a/patch.jar
10-24 22:37:02.696  6113 24780 E Robust2 : Patch Setup RobustId=21d55b7f945646e6e3ed5dbeaeeb601c PatchId=8e8406b644fc9829ae49906b915dc07a
10-24 22:37:02.696  6113 24780 E Robust2 : Patch Applied RobustId=21d55b7f945646e6e3ed5dbeaeeb601c PatchId=8e8406b644fc9829ae49906b915dc07a ret=true
10-24 22:37:02.696  6113 24780 E kuaishou.nebula: Attempt to load writable dex file: /data/user/0/com.kuaishou.nebula/robust2/21d55b7f945646e6e3ed5dbeaeeb601c/57a1e8f467355da067d7d4386cf83fd6/patch.jar
10-24 22:37:02.697  6113 24780 E Robust2 : Patch Setup RobustId=21d55b7f945646e6e3ed5dbeaeeb601c PatchId=57a1e8f467355da067d7d4386cf83fd6
10-24 22:37:02.699  6113 24780 E Robust2 : Patch Applied RobustId=21d55b7f945646e6e3ed5dbeaeeb601c PatchId=57a1e8f467355da067d7d4386cf83fd6 ret=true
10-24 22:37:02.702  4692  5047 W qdgralloc: getInterlacedFlag: getMetaData returned 3, defaulting to interlaced_flag = 0
10-24 22:37:02.712  6113  6113 I HandWritingStubImpl: refreshLastKeyboardType: 1
10-24 22:37:02.712  6113  6113 I HandWritingStubImpl: getCurrentKeyboardType: 1
10-24 22:37:02.713  2318  3600 I ImeTracker: com.kuaishou.nebula:69d1a7dc: onRequestHide at ORIGIN_SERVER reason HIDE_ALWAYS_HIDDEN_STATE fromUser false
10-24 22:37:02.713  2318  3600 I ImeTracker: com.kuaishou.nebula:69d1a7dc: onCancelled at PHASE_SERVER_SHOULD_HIDE
10-24 22:37:02.713  2318  3600 W SecurityInputMethodSwitcher: first check switch to security ime: false
10-24 22:37:02.714  2318  3600 W SecurityInputMethodSwitcher: double check switch to security ime: false
10-24 22:37:02.714  2318  5405 E ActivityTaskManager: Unable to get servicetracker HAL instance
10-24 22:37:02.714  2318  5405 E ActivityTaskManager: Unable to get servicetracker HAL instance
10-24 22:37:02.715  2318  3600 W SecurityInputMethodSwitcher: switch to other input method from security ime:false mayChangeToMiuiSecurityInputMethod: false current focus window: android.os.BinderProxy@ebbc3c4
10-24 22:37:02.716  4628  4661 W DynamicDDSService: appName is not found in cache: com.miui.home
10-24 22:37:02.717  7707  7707 I LauncherOverlayCallback: handleMessage WHAT_ACTIVITY_STATE_CHANGED what：0
10-24 22:37:02.717  7707  7707 I LauncherOverlayCallback: handleMessage WHAT_LAUNCHER_STATE what：0
10-24 22:37:02.718  4299  4299 E Launcher.application: setClickAppWaitForCallback = false
10-24 22:37:02.722  2318  3691 I MiuiNetworkPolicy: updateUidState uid = 10189, uidState = 5
10-24 22:37:02.725  2318  3691 I MiuiNetworkPolicyTrafficLimit: updateWhiteListUidForMobileTraffic uid=10189,add=false
10-24 22:37:02.725  2318  3691 I MiuiNetworkPolicy: updateUidState uid = 10138, uidState = 5
10-24 22:37:02.725  2318  3691 I MiuiNetworkPolicy: updateWmmForUidState uid: 10138 state: 5 wmm: 0
10-24 22:37:02.728  2318  5405 E ActivityTaskManager: Unable to get servicetracker HAL instance
10-24 22:37:02.728  2318  5405 E ActivityTaskManager: Unable to get servicetracker HAL instance
10-24 22:37:02.728  2318  3691 I MiuiNetworkPolicyTrafficLimit: updateWhiteListUidForMobileTraffic uid=10138,add=false
10-24 22:37:02.728  2318  3691 I MiuiNetworkPolicy: updateUidState uid = 10135, uidState = 5
10-24 22:37:02.728  2318  2429 W SSRU-ResourceUsageProxy: Nonexistent ongoing transaction AW_TOP:145866182 for u:0 pkg:com.miui.home ended
10-24 22:37:02.729  2318  3691 I MiuiNetworkPolicyTrafficLimit: updateWhiteListUidForMobileTraffic uid=10135,add=false
10-24 22:37:02.730  2318  2436 I Location.SSRU: foregroundActivities IS falseUID ID 10138, home is true
10-24 22:37:02.731 11571 11571 I VA_ConversationManager: lastQueryOrigin====android.intent.action.ASSIST&&home_search;fromCar=false
10-24 22:37:02.731 11571 11571 I VA_HybridLifecycleListener: onTopAppChanged: newApp=com.kuaishou.nebula from=com.miui.home fromPkg=com.kuaishou.nebula
10-24 22:37:02.731 11571 11571 I VA_ContextObserver: onForegroundAppChanged:, newApp:com.kuaishou.nebula, className:null, from:com.miui.home
10-24 22:37:02.733 11571 11571 E VA_FloatManager: isConversationFragmentOnResumed: lifecycle is null
10-24 22:37:02.733 11571 11571 E VA_FloatManager: ActivityContext is null.
10-24 22:37:02.733 11571 11571 I VA_WindowUtils: isMultiWindowMode windowingMode:1
10-24 22:37:02.733 11571 11571 I VA_ActionFileHelper: hasCard, isModelImageCard=false, isCreativeCard=false
10-24 22:37:02.733 11571 11571 I VA_ContextsUtils: getExternalStateContext pageName:com.yxcorp.gifshow.HomeActivity topClass:com.yxcorp.gifshow.HomeActivity isExistPicCard:false isMultiWindowMode:false
10-24 22:37:02.734 11571 23873 E VA_PackageUtilsV2: getVersionCode: error
10-24 22:37:02.734 11571 23873 E VA_PackageUtilsV2: android.content.pm.PackageManager$NameNotFoundException: com.miui.player
10-24 22:37:02.734 11571 23873 E VA_PackageUtilsV2: 	at android.app.ApplicationPackageManager.getPackageInfoAsUser(ApplicationPackageManager.java:276)
10-24 22:37:02.734 11571 23873 E VA_PackageUtilsV2: 	at android.app.ApplicationPackageManager.getPackageInfo(ApplicationPackageManager.java:236)
10-24 22:37:02.734 11571 23873 E VA_PackageUtilsV2: 	at android.app.ApplicationPackageManager.getPackageInfo(ApplicationPackageManager.java:230)
10-24 22:37:02.734 11571 23873 E VA_PackageUtilsV2: 	at m30.r.getVersionCode(SourceFile:44)
10-24 22:37:02.734 11571 23873 E VA_PackageUtilsV2: 	at ez.r0.getVersionCode(SourceFile:1)
10-24 22:37:02.734 11571 23873 E VA_PackageUtilsV2: 	at com.xiaomi.voiceassistant.fastjson.music.SupportedMusicApp.check_version(SourceFile:9)
10-24 22:37:02.734 11571 23873 E VA_PackageUtilsV2: 	at li0.a.getInstalledMusicAppItems(SourceFile:31)
10-24 22:37:02.734 11571 23873 E VA_PackageUtilsV2: 	at com.xiaomi.voiceassistant.u0$a.getInstalledMusicAppItems(SourceFile:1)
10-24 22:37:02.734 11571 23873 E VA_PackageUtilsV2: 	at rz.q.e(SourceFile:117)
10-24 22:37:02.734 11571 23873 E VA_PackageUtilsV2: 	at rz.q.getAllAppContext(SourceFile:1)
10-24 22:37:02.734 11571 23873 E VA_PackageUtilsV2: 	at sz.a.getAppDetailV1Context(SourceFile:1)
10-24 22:37:02.734 11571 23873 E VA_PackageUtilsV2: 	at sz.f.e(SourceFile:11)
10-24 22:37:02.734 11571 23873 E VA_PackageUtilsV2: 	at sz.f.c(SourceFile:1)
10-24 22:37:02.734 11571 23873 E VA_PackageUtilsV2: 	at sz.e.run(SourceFile:1)
10-24 22:37:02.734 11571 23873 E VA_PackageUtilsV2: 	at java.util.concurrent.ThreadPoolExecutor.runWorker(ThreadPoolExecutor.java:1251)
10-24 22:37:02.734 11571 23873 E VA_PackageUtilsV2: 	at java.util.concurrent.ThreadPoolExecutor$Worker.run(ThreadPoolExecutor.java:668)
10-24 22:37:02.734 11571 23873 E VA_PackageUtilsV2: 	at java.lang.Thread.run(Thread.java:1012)
10-24 22:37:02.734 11571 23873 E VA_PackageUtils: getVersionName: error not installed pkgName = com.miui.player
10-24 22:37:02.734 11571 23873 E VA_PackageUtilsV2: getVersionCode: error
10-24 22:37:02.734 11571 23873 E VA_PackageUtilsV2: android.content.pm.PackageManager$NameNotFoundException: cn.kuwo.player
10-24 22:37:02.734 11571 23873 E VA_PackageUtilsV2: 	at android.app.ApplicationPackageManager.getPackageInfoAsUser(ApplicationPackageManager.java:276)
10-24 22:37:02.734 11571 23873 E VA_PackageUtilsV2: 	at android.app.ApplicationPackageManager.getPackageInfo(ApplicationPackageManager.java:236)
10-24 22:37:02.734 11571 23873 E VA_PackageUtilsV2: 	at android.app.ApplicationPackageManager.getPackageInfo(ApplicationPackageManager.java:230)
10-24 22:37:02.734 11571 23873 E VA_PackageUtilsV2: 	at m30.r.getVersionCode(SourceFile:44)
10-24 22:37:02.734 11571 23873 E VA_PackageUtilsV2: 	at ez.r0.getVersionCode(SourceFile:1)
10-24 22:37:02.734 11571 23873 E VA_PackageUtilsV2: 	at com.xiaomi.voiceassistant.fastjson.music.SupportedMusicApp.check_version(SourceFile:9)
10-24 22:37:02.734 11571 23873 E VA_PackageUtilsV2: 	at li0.a.getInstalledMusicAppItems(SourceFile:31)
10-24 22:37:02.734 11571 23873 E VA_PackageUtilsV2: 	at com.xiaomi.voiceassistant.u0$a.getInstalledMusicAppItems(SourceFile:1)
10-24 22:37:02.734 11571 23873 E VA_PackageUtilsV2: 	at rz.q.e(SourceFile:117)
10-24 22:37:02.734 11571 23873 E VA_PackageUtilsV2: 	at rz.q.getAllAppContext(SourceFile:1)
10-24 22:37:02.734 11571 23873 E VA_PackageUtilsV2: 	at sz.a.getAppDetailV1Context(SourceFile:1)
10-24 22:37:02.734 11571 23873 E VA_PackageUtilsV2: 	at sz.f.e(SourceFile:11)
10-24 22:37:02.734 11571 23873 E VA_PackageUtilsV2: 	at sz.f.c(SourceFile:1)
10-24 22:37:02.734 11571 23873 E VA_PackageUtilsV2: 	at sz.e.run(SourceFile:1)
10-24 22:37:02.734 11571 23873 E VA_PackageUtilsV2: 	at java.util.concurrent.ThreadPoolExecutor.runWorker(ThreadPoolExecutor.java:1251)
10-24 22:37:02.734 11571 23873 E VA_PackageUtilsV2: 	at java.util.concurrent.ThreadPoolExecutor$Worker.run(ThreadPoolExecutor.java:668)
10-24 22:37:02.734 11571 23873 E VA_PackageUtilsV2: 	at java.lang.Thread.run(Thread.java:1012)
10-24 22:37:02.734 11571 23873 E VA_PackageUtils: getVersionName: error not installed pkgName = cn.kuwo.player
10-24 22:37:02.735 11571 23873 E VA_PackageUtilsV2: getVersionCode: error
10-24 22:37:02.735 11571 23873 E VA_PackageUtilsV2: android.content.pm.PackageManager$NameNotFoundException: com.kugou.android
10-24 22:37:02.735 11571 23873 E VA_PackageUtilsV2: 	at android.app.ApplicationPackageManager.getPackageInfoAsUser(ApplicationPackageManager.java:276)
10-24 22:37:02.735 11571 23873 E VA_PackageUtilsV2: 	at android.app.ApplicationPackageManager.getPackageInfo(ApplicationPackageManager.java:236)
10-24 22:37:02.735 11571 23873 E VA_PackageUtilsV2: 	at android.app.ApplicationPackageManager.getPackageInfo(ApplicationPackageManager.java:230)
10-24 22:37:02.735 11571 23873 E VA_PackageUtilsV2: 	at m30.r.getVersionCode(SourceFile:44)
10-24 22:37:02.735 11571 23873 E VA_PackageUtilsV2: 	at ez.r0.getVersionCode(SourceFile:1)
10-24 22:37:02.735 11571 23873 E VA_PackageUtilsV2: 	at com.xiaomi.voiceassistant.fastjson.music.SupportedMusicApp.check_version(SourceFile:9)
10-24 22:37:02.735 11571 23873 E VA_PackageUtilsV2: 	at li0.a.getInstalledMusicAppItems(SourceFile:31)
10-24 22:37:02.735 11571 23873 E VA_PackageUtilsV2: 	at com.xiaomi.voiceassistant.u0$a.getInstalledMusicAppItems(SourceFile:1)
10-24 22:37:02.735 11571 23873 E VA_PackageUtilsV2: 	at rz.q.e(SourceFile:117)
10-24 22:37:02.735 11571 23873 E VA_PackageUtilsV2: 	at rz.q.getAllAppContext(SourceFile:1)
10-24 22:37:02.735 11571 23873 E VA_PackageUtilsV2: 	at sz.a.getAppDetailV1Context(SourceFile:1)
10-24 22:37:02.735 11571 23873 E VA_PackageUtilsV2: 	at sz.f.e(SourceFile:11)
10-24 22:37:02.735 11571 23873 E VA_PackageUtilsV2: 	at sz.f.c(SourceFile:1)
10-24 22:37:02.735 11571 23873 E VA_PackageUtilsV2: 	at sz.e.run(SourceFile:1)
10-24 22:37:02.735 11571 23873 E VA_PackageUtilsV2: 	at java.util.concurrent.ThreadPoolExecutor.runWorker(ThreadPoolExecutor.java:1251)
10-24 22:37:02.735 11571 23873 E VA_PackageUtilsV2: 	at java.util.concurrent.ThreadPoolExecutor$Worker.run(ThreadPoolExecutor.java:668)
10-24 22:37:02.735 11571 23873 E VA_PackageUtilsV2: 	at java.lang.Thread.run(Thread.java:1012)
10-24 22:37:02.735 11571 23873 E VA_PackageUtils: getVersionName: error not installed pkgName = com.kugou.android