10-24 22:36:53.219  1908  1908 I RefreshRateSelector: Current:  DisplayManagerPolicy{defaultModeId=0, allowGroupSwitching=false, primaryRanges={physical=[0.00 Hz, inf Hz], render=[0.00 Hz, 120.00 Hz]}, appRequestRanges={physical=[0.00 Hz, inf Hz], render=[0.00 Hz, 120.00 Hz]} idleScreenConfig=nullptr}
10-24 22:36:53.219  1908  1908 I RefreshRateSelector: 8 mode changes were performed under the previous policy
10-24 22:36:53.219  4692  4887 E KeyguardTransitionHandlerImpl: activityCount = 0
10-24 22:36:53.220  4692  4887 I RemoteTransitionHandlerStubImpl: invokeAndRemoveWctCB transition is null, curWctCB: null
10-24 22:36:53.220  1908  3556 W VsyncModulator: setTransactionSchedule: Unexpected EarlyEnd
10-24 22:36:53.222  4299  4299 I Launcher.widget: onInvisible 
10-24 22:36:53.222  2318  3999 W UserManagerService: Requested status bar icon for non-badged user 0
10-24 22:36:53.222  4299  4299 I Launcher.widget: onInvisible 
10-24 22:36:53.222  4299  4299 I Launcher: onNewIntent
10-24 22:36:53.222  4299  4299 I ConnectAnimFinishCallbackManager: mNeedShowLauncher = true, waitFrameworkAnimCallback = false
10-24 22:36:53.222  2318  4221 I DisplayModeDirectorImpl: onDesiredDisplayModeSpecsChanged:baseModeId=0 allowGroupSwitching=false primary=physical: (0.0 Infinity) render:  (0.0 120.0) appRequest=physical: (0.0 Infinity) render:  (0.0 120.0) idleScreenRefreshRateConfig=null noVotes=true
10-24 22:36:53.223  4299  4299 E RotationHelper: setCurrentStateRequest: request=0
10-24 22:36:53.224  4299  4299 W Settings: Setting device_provisioned has moved from android.provider.Settings.Secure to android.provider.Settings.Global.
10-24 22:36:53.224  1908  1908 I BpBinder: onLastStrongRef automatically unlinking death recipients: 
10-24 22:36:53.225  4299  4299 E Launcher.application: setClickAppWaitForCallback = false
10-24 22:36:53.227  7756  7756 I VideoToolBoxService: onReceive: android.intent.action.CLOSE_SYSTEM_DIALOGS
10-24 22:36:53.227  7756  7756 I GameBoosterService: onReceive: android.intent.action.CLOSE_SYSTEM_DIALOGS
10-24 22:36:53.228  4299  4299 I Launcher: changeMIUIWidgetEditMode false
10-24 22:36:53.228  7707  7707 I LauncherOverlayCallback: handleMessage WHAT_ACTIVITY_STATE_CHANGED what：3
10-24 22:36:53.228  7707  7707 I LauncherOverlayCallback: handleMessage WHAT_LAUNCHER_STATE what：3
10-24 22:36:53.229  2318  5110 I SecurityManagerService: update appwidget of uid: 10278 package: com.miui.weather2 visible: true reason: visible
10-24 22:36:53.229  2318  3999 I ClipboardServiceI: checkProviderWakePathForClipboard: primaryClip is null
10-24 22:36:53.230  4299  4299 I Launcher.widget: onVisible 
10-24 22:36:53.230  4299  4299 I Launcher.widget: onVisible 
10-24 22:36:53.230  2318  3999 I ClipboardServiceI: checkProviderWakePathForClipboard: primaryClip is null
10-24 22:36:53.231  4692  4692 I VolumeShowHideAnimator: isRunning: false, mExpanded: false
10-24 22:36:53.231  2318  5023 I ClipboardServiceI: checkProviderWakePathForClipboard: primaryClip is null
10-24 22:36:53.231  4692  4692 I VolumeExpandCollapsedAnimator: isRunning: false, mExpanded: false
10-24 22:36:53.231  4692  4692 I VolumePanelViewController_false: dismissH mShowing:false, reason:volume_controller, isAnimating: false, needShowDialog=false, KeyAnimatingStream=-1
10-24 22:36:53.232  4692  4692 I VolumeShowHideAnimator: isRunning: false, mExpanded: false
10-24 22:36:53.232  4692  4692 I VolumeExpandCollapsedAnimator: isRunning: false, mExpanded: false
10-24 22:36:53.232  4692  4692 I VolumePanelViewController_true: dismissH mShowing:false, reason:volume_controller, isAnimating: false, needShowDialog=true, KeyAnimatingStream=-1
10-24 22:36:53.232  4692  4692 I ControlCenterExpandController: hide panel true true
10-24 22:36:53.234  5271 27769 I Wth2:WeatherProvider: getFirstSelectedCity() ret count= 1
10-24 22:36:53.234  5271 27769 E Wth2:WeatherProvider: getFirstSelectedCity() error 
10-24 22:36:53.234  5271 27769 E Wth2:WeatherProvider: java.lang.NumberFormatException: For input string: "32.066_118.77"
10-24 22:36:53.234  5271 27769 E Wth2:WeatherProvider: 	at java.lang.Integer.parseInt(Integer.java:790)
10-24 22:36:53.234  5271 27769 E Wth2:WeatherProvider: 	at java.lang.Integer.parseInt(Integer.java:908)
10-24 22:36:53.234  5271 27769 E Wth2:WeatherProvider: 	at com.miui.weather2.providers.WeatherProvider.g(SourceFile:9)
10-24 22:36:53.234  5271 27769 E Wth2:WeatherProvider: 	at com.miui.weather2.providers.WeatherProvider.J(SourceFile:5)
10-24 22:36:53.234  5271 27769 E Wth2:WeatherProvider: 	at com.miui.weather2.providers.WeatherProvider.I(Unknown Source:3)
10-24 22:36:53.234  5271 27769 E Wth2:WeatherProvider: 	at com.miui.weather2.providers.WeatherProvider.k(SourceFile:15)
10-24 22:36:53.234  5271 27769 E Wth2:WeatherProvider: 	at com.miui.weather2.providers.WeatherProvider.query(SourceFile:27)
10-24 22:36:53.234  5271 27769 E Wth2:WeatherProvider: 	at android.content.ContentProvider.query(ContentProvider.java:1633)
10-24 22:36:53.234  5271 27769 E Wth2:WeatherProvider: 	at android.content.ContentProvider.query(ContentProvider.java:1729)
10-24 22:36:53.234  5271 27769 E Wth2:WeatherProvider: 	at android.content.ContentProvider$Transport.query(ContentProvider.java:301)
10-24 22:36:53.234  5271 27769 E Wth2:WeatherProvider: 	at android.content.ContentProviderNative.onTransact(ContentProviderNative.java:110)
10-24 22:36:53.234  5271 27769 E Wth2:WeatherProvider: 	at android.os.Binder.execTransactInternal(Binder.java:1507)
10-24 22:36:53.234  5271 27769 E Wth2:WeatherProvider: 	at android.os.Binder.execTransact(Binder.java:1451)
10-24 22:36:53.240  3030  3112 E libsensor-parseRGB: CWB NotifyCWBBufferDone  error 0
10-24 22:36:53.339  1688  1688 I vendor.qti.hardware.servicetrackeraidl-service: unbindService is called for service : com.miui.analytics/.onetrack.OneTrackService and for client com.miui.securitycenter
10-24 22:36:53.339  1688  1688 I vendor.qti.hardware.servicetrackeraidl-service: size of service connections for service: com.miui.analytics/.onetrack.OneTrackServiceafter removal is 70
10-24 22:36:53.339  1688  1688 I vendor.qti.hardware.servicetrackeraidl-service: size of client connections for client: com.miui.securitycenterafter removal is 1
10-24 22:36:53.345  1656  1854 I SDM     : DisplayBase::CommitThread: Received idle timeout, panel: cmd, timeout: 70000 us
10-24 22:36:53.408  2318  4219 I SmartPower: com.xiaomi.account/10169(8556): background->idle(17761ms) R(adj below visible) adj=700.
10-24 22:36:53.417  4340 19955 W HWUI    : Surface doesn't have any previously queued frames, nothing to readback from
10-24 22:36:53.428  4299  4919 E Launcher.Transfer: transfer is closed
10-24 22:36:53.446  1656  1854 I SDM     : DisplayBase::CommitThread: Received idle timeout, panel: cmd, timeout: 70000 us
10-24 22:36:53.458  2318  4219 I SmartPower: com.miui.phrase/10162(22166): background->idle(3001ms) R(content provider start ContentProviderRecord{3ff3f0e u0 com.miui.phrase/com.miui.provider.InputProvider}) adj=905.
10-24 22:36:53.485  1656  2516 I vendor.qti.hardware.display.composer-service: Sensor: notify citsensorservice to trigger cwb, misForced = 0
10-24 22:36:53.486  3030  3788 I libsensor-parseRGB: request dump start for mRequestDisplayId 0
10-24 22:36:53.506  3030  3108 E libsensor-parseRGB: CWB NotifyCWBBufferDone  error 0
10-24 22:36:53.563  1656  1854 I SDM     : DisplayBase::CommitThread: Received idle timeout, panel: cmd, timeout: 70000 us
10-24 22:36:53.619  4340  4340 I MiuiWallpaper-MiuiWallpaperManagerService: receive broadcast action = android.intent.action.PACKAGE_RESTARTED
10-24 22:36:53.655  1656  1854 I SDM     : DisplayBase::CommitThread: Received idle timeout, panel: cmd, timeout: 70000 us
10-24 22:36:53.732  7346  7346 I VA_AliveCore:MixMonitor: onReceive: action=android.intent.action.CLOSE_SYSTEM_DIALOGS
10-24 22:36:53.732  7346  7346 I VA_AliveCore:MixMonitor: onReceive: reason=homekey
10-24 22:36:53.733  2318  2451 I SmartPower: com.xiaomi.market/10167(12107): idle->background(2429ms) R(broadcast start Intent { act=android.intent.action.CLOSE_SYSTEM_DIALOGS flg=0x50000010 (has extras) }) adj=905.
10-24 22:36:53.733  5271 27769 I Wth2:WeatherProvider: getFirstSelectedCity() ret count= 1
10-24 22:36:53.733  5271 31372 I Wth2:WeatherProvider: getFirstSelectedCity() ret count= 1
10-24 22:36:53.734  5271 31372 E Wth2:WeatherProvider: getFirstSelectedCity() error 
10-24 22:36:53.734  5271 31372 E Wth2:WeatherProvider: java.lang.NumberFormatException: For input string: "32.066_118.77"
10-24 22:36:53.734  5271 31372 E Wth2:WeatherProvider: 	at java.lang.Integer.parseInt(Integer.java:790)
10-24 22:36:53.734  5271 31372 E Wth2:WeatherProvider: 	at java.lang.Integer.parseInt(Integer.java:908)
10-24 22:36:53.734  5271 31372 E Wth2:WeatherProvider: 	at com.miui.weather2.providers.WeatherProvider.g(SourceFile:9)
10-24 22:36:53.734  5271 31372 E Wth2:WeatherProvider: 	at com.miui.weather2.providers.WeatherProvider.h(SourceFile:5)
10-24 22:36:53.734  5271 31372 E Wth2:WeatherProvider: 	at com.miui.weather2.providers.WeatherProvider.query(SourceFile:25)
10-24 22:36:53.734  5271 31372 E Wth2:WeatherProvider: 	at android.content.ContentProvider.query(ContentProvider.java:1633)
10-24 22:36:53.734  5271 31372 E Wth2:WeatherProvider: 	at android.content.ContentProvider.query(ContentProvider.java:1729)
10-24 22:36:53.734  5271 31372 E Wth2:WeatherProvider: 	at android.content.ContentProvider$Transport.query(ContentProvider.java:301)
10-24 22:36:53.734  5271 31372 E Wth2:WeatherProvider: 	at android.content.ContentProviderNative.onTransact(ContentProviderNative.java:110)
10-24 22:36:53.734  5271 31372 E Wth2:WeatherProvider: 	at android.os.Binder.execTransactInternal(Binder.java:1507)
10-24 22:36:53.734  5271 31372 E Wth2:WeatherProvider: 	at android.os.Binder.execTransact(Binder.java:1451)
10-24 22:36:53.734  5271 27769 E Wth2:WeatherProvider: getFirstSelectedCity() error 
10-24 22:36:53.734  5271 27769 E Wth2:WeatherProvider: java.lang.NumberFormatException: For input string: "32.066_118.77"
10-24 22:36:53.734  5271 27769 E Wth2:WeatherProvider: 	at java.lang.Integer.parseInt(Integer.java:790)
10-24 22:36:53.734  5271 27769 E Wth2:WeatherProvider: 	at java.lang.Integer.parseInt(Integer.java:908)
10-24 22:36:53.734  5271 27769 E Wth2:WeatherProvider: 	at com.miui.weather2.providers.WeatherProvider.g(SourceFile:9)
10-24 22:36:53.734  5271 27769 E Wth2:WeatherProvider: 	at com.miui.weather2.providers.WeatherProvider.e(SourceFile:5)
10-24 22:36:53.734  5271 27769 E Wth2:WeatherProvider: 	at com.miui.weather2.providers.WeatherProvider.query(SourceFile:23)
10-24 22:36:53.734  5271 27769 E Wth2:WeatherProvider: 	at android.content.ContentProvider.query(ContentProvider.java:1633)
10-24 22:36:53.734  5271 27769 E Wth2:WeatherProvider: 	at android.content.ContentProvider.query(ContentProvider.java:1729)
10-24 22:36:53.734  5271 27769 E Wth2:WeatherProvider: 	at android.content.ContentProvider$Transport.query(ContentProvider.java:301)
10-24 22:36:53.734  5271 27769 E Wth2:WeatherProvider: 	at android.content.ContentProviderNative.onTransact(ContentProviderNative.java:110)
10-24 22:36:53.734  5271 27769 E Wth2:WeatherProvider: 	at android.os.Binder.execTransactInternal(Binder.java:1507)
10-24 22:36:53.734  5271 27769 E Wth2:WeatherProvider: 	at android.os.Binder.execTransact(Binder.java:1451)
10-24 22:36:53.734  7346  7346 I VA_AliveCore:MixMonitor: onReceive: action=com.miui.fullscreen_state_change
10-24 22:36:53.735 11571 11571 I VA_TraceManager-Client: finishTrace---isStarted=false
10-24 22:36:53.735  7346  7346 I VA_AliveCore:MixMonitor: onReceive: action=com.miui.fullscreen_state_change;stateName=toHome
10-24 22:36:53.735 11571 11571 I VA_FloatManager: getState isStandByMode = false
10-24 22:36:53.735 11571 11571 I VA_FloatManager: getState isStandByMode = false
10-24 22:36:53.735 11571 11571 W VA_FloatManagerPresenter: exeBackOperator: forceGone=true noAnim=false, isStopEngine = true
10-24 22:36:53.735 12107 23957 I Market-HomeKeyReceiver: onReceive: action: android.intent.action.CLOSE_SYSTEM_DIALOGS
10-24 22:36:53.735 11571 11571 I VA_FloatManager: getState isStandByMode = false
10-24 22:36:53.735 11571 11571 W VA_HistoryManager.Back: isValidText=false,forceGone=true,state=GONE
10-24 22:36:53.735 11571 11571 I VA_FloatManager: getState isStandByMode = false
10-24 22:36:53.735 12107 23957 I Market-HomeKeyReceiver: reason: homekey
10-24 22:36:53.735 11571 10141 I VA_AivsSDK-[AIVS 876-TraceThread] TraceManager: traceTimeStamps: not startTrace
10-24 22:36:53.735 11571 10141 I VA_AivsSDK-[AIVS 876-TraceThread] TraceManager: traceResult2: not startTrace
10-24 22:36:53.735 11571 10141 I VA_AivsSDK-[AIVS 876-TraceThread] TraceManager: traceResult2: not startTrace
10-24 22:36:53.736  5271 31372 I Wth2:WeatherProvider: getHourlyData checkCityAt=true tmpCursor.count  4
10-24 22:36:53.741  5271 31372 I Wth2:WeatherProvider: optimiseHourlyData sunrise : 22500000  sunset : 62580000
10-24 22:36:53.754  1656  1854 I SDM     : DisplayBase::CommitThread: Received idle timeout, panel: cmd, timeout: 70000 us
10-24 22:36:53.757  1656  2516 I vendor.qti.hardware.display.composer-service: Sensor: notify citsensorservice to trigger cwb, misForced = 0
10-24 22:36:53.758  3030  3788 I libsensor-parseRGB: request dump start for mRequestDisplayId 0
10-24 22:36:53.780  3030  3112 E libsensor-parseRGB: CWB NotifyCWBBufferDone  error 0
10-24 22:36:53.853  1656  1854 I SDM     : DisplayBase::CommitThread: Received idle timeout, panel: cmd, timeout: 70000 us
10-24 22:36:53.962  1656  1854 I SDM     : DisplayBase::CommitThread: Received idle timeout, panel: cmd, timeout: 70000 us
10-24 22:36:53.991  1656  2516 I vendor.qti.hardware.display.composer-service: Sensor: notify citsensorservice to trigger cwb, misForced = 0
10-24 22:36:53.992  3030  3788 I libsensor-parseRGB: request dump start for mRequestDisplayId 0
10-24 22:36:54.013  3030 15012 E libsensor-parseRGB: CWB NotifyCWBBufferDone  error 0
10-24 22:36:54.017  3094  3094 I adbd    : in ShellService: ps
10-24 22:36:54.070  1656  1854 I SDM     : DisplayBase::CommitThread: Received idle timeout, panel: cmd, timeout: 70000 us
10-24 22:36:54.097  2318  3525 I SmartPower: com.google.android.gms.unstable/10130(9317): idle->background(295950ms) R(alarm start) adj=800.
10-24 22:36:54.101  2318  4216 I whetstone.activity: processNotifyEvent1 resId = 128, bundle = Bundle[{startTime=2775804, sourcePkg=com.google.android.gms, type=ELAPSED, statsTag=*alarm*:com.google.android.gms.gcm.ACTION_CHECK_QUEUE, creatorUid=10130, elapsedRealtime=2775801}]
10-24 22:36:54.101  9264 11318 I EventMonitor: notifyEvent resId=128
10-24 22:36:54.104  7336 10968 I PSyncWorker: Starting proactive picker sync from sync source: 1
10-24 22:36:54.105  1688  1688 I vendor.qti.hardware.servicetrackeraidl-service: bindService is called for service : com.android.providers.media.module/androidx.work.impl.background.systemjob.SystemJobService and for client system
10-24 22:36:54.105  1688  1688 I vendor.qti.hardware.servicetrackeraidl-service: total connections for service : com.android.providers.media.module/androidx.work.impl.background.systemjob.SystemJobServiceare :1
10-24 22:36:54.105  1688  1688 I vendor.qti.hardware.servicetrackeraidl-service: total connections for client : systemare :28
10-24 22:36:54.106  7336 10968 I PickerSyncController: Executing SyncAdd. isLocal: true. authority: com.android.providers.media.photopicker
10-24 22:36:54.106  5646 12019 E NetworkScheduler.ATC: Trying to release unacquired lock: com.google.android.gms/.auth.aang.events.services.AppRestrictionsSyncService [CONTEXT service_id=218 ]
10-24 22:36:54.106  2318  4216 I whetstone.activity: processNotifyEvent1 resId = 256, bundle = Bundle[{startTime=2775812, sourcePkg=com.android.providers.media.module, sourceUid=10249, status=1, jobId=4053, batteryName=@androidx.work.systemjobscheduler@com.android.providers.media.module/androidx.work.impl.background.systemjob.SystemJobService, elapsedRealtime=2775812}]
10-24 22:36:54.106  5646 12019 E NetworkScheduler.ATC: Trying to release unacquired lock: com.google.android.gms/.auth.folsom.service.FolsomPublicKeyUpdateService [CONTEXT service_id=218 ]
10-24 22:36:54.107  9264 11318 I EventMonitor: notifyEvent resId=256
10-24 22:36:54.108  1688  1688 I vendor.qti.hardware.servicetrackeraidl-service: unbindService is called for service : com.google.android.gms/.chimera.GmsInternalBoundBrokerService and for client com.google.android.gms.persistent
10-24 22:36:54.108  7336 10968 I PickerSyncController: Paged sync successful. QueryArgs: Bundle[{android.provider.extra.SYNC_GENERATION=26536, android.provider.extra.PAGE_SIZE=1000}] Total Rows: 0
10-24 22:36:54.108  7336 10968 I PickerSyncController: Executing SyncRemove. isLocal: true. authority: com.android.providers.media.photopicker
10-24 22:36:54.108  1688  1688 I vendor.qti.hardware.servicetrackeraidl-service: size of service connections for service: com.google.android.gms/.chimera.GmsInternalBoundBrokerServiceafter removal is 1
10-24 22:36:54.109  7336 10968 E PickerDbFacade: Could not get first date taken millis for media id: 1000002866
10-24 22:36:54.109  7336 10968 W PickerDbFacade: Unable to promote cloud media with localId: 1000002866
10-24 22:36:54.109  1688  1688 I vendor.qti.hardware.servicetrackeraidl-service: size of client connections for client: com.google.android.gms.persistentafter removal is 5
10-24 22:36:54.109  1688  1688 I vendor.qti.hardware.servicetrackeraidl-service: unbindService is called for service : com.google.android.gms/.auth.folsom.service.FolsomPublicKeyUpdateService and for client com.google.android.gms.persistent
10-24 22:36:54.109  1688  1688 I vendor.qti.hardware.servicetrackeraidl-service: size of service connections for service: com.google.android.gms/.auth.folsom.service.FolsomPublicKeyUpdateServiceafter removal is 0
10-24 22:36:54.109  1688  1688 I vendor.qti.hardware.servicetrackeraidl-service: size of client connections for client: com.google.android.gms.persistentafter removal is 4
10-24 22:36:54.109  1688  1688 I vendor.qti.hardware.servicetrackeraidl-service: destroyService is called for service : com.google.android.gms/.auth.folsom.service.FolsomPublicKeyUpdateService
10-24 22:36:54.109  7336 10968 I PickerSyncController: Paged sync successful. QueryArgs: Bundle[{android.provider.extra.SYNC_GENERATION=26536, android.provider.extra.PAGE_SIZE=1000}] Total Rows: 0
10-24 22:36:54.110  7336 10968 I PickerSyncTracker: Marked sync future complete for work id: 4f7c3665-66ae-4319-b53f-4f4648165e9e. Future map: {}
10-24 22:36:54.110  7336 10968 I PSyncWorker: Completed picker proactive sync complete from local provider.
10-24 22:36:54.110  7336  7729 I WM-WorkerWrapper: Worker result SUCCESS for Work [ id=4f7c3665-66ae-4319-b53f-4f4648165e9e, tags={ com.android.providers.media.photopicker.sync.ProactiveSyncWorker } ]
10-24 22:36:54.111  5646 12019 I NetworkScheduler.Stats: (REDACTED) Task %s/%s finished executing. cause:%s result: %s elapsed_millis: %s uptime_millis: %s exec_start_elapsed_seconds: %s
10-24 22:36:54.112  2760  2805 W misight_perf:  [902001300, com.google.android.gms, 5787, service oncreate latency]
10-24 22:36:54.112  5646 12019 I NetworkScheduler.Stats: (REDACTED) Task %s/%s finished executing. cause:%s result: %s elapsed_millis: %s uptime_millis: %s exec_start_elapsed_seconds: %s
10-24 22:36:54.112  2318  4216 I whetstone.activity: processNotifyEvent1 resId = 256, bundle = Bundle[{startTime=2775818, sourcePkg=com.android.providers.media.module, sourceUid=10249, status=0, jobId=4053, batteryName=@androidx.work.systemjobscheduler@com.android.providers.media.module/androidx.work.impl.background.systemjob.SystemJobService, elapsedRealtime=2775818}]
10-24 22:36:54.112  2760  2788 I misight : OnEvent EventPrivacyCompliance event=902001300
10-24 22:36:54.112  9264 11318 I EventMonitor: notifyEvent resId=256
10-24 22:36:54.112  1688  1688 I vendor.qti.hardware.servicetrackeraidl-service: unbindService is called for service : com.android.providers.media.module/androidx.work.impl.background.systemjob.SystemJobService and for client system
10-24 22:36:54.112  2760  2805 W misight_perf:  erased for overtime
10-24 22:36:54.112  2760  2788 I misight : OnEvent EventStorageManager event=902001300,2
10-24 22:36:54.112  1688  1688 I vendor.qti.hardware.servicetrackeraidl-service: size of service connections for service: com.android.providers.media.module/androidx.work.impl.background.systemjob.SystemJobServiceafter removal is 0
10-24 22:36:54.112  2760  2788 I misight : DetectDropEvent event 902001300 over hour cnt drop it, hourCnt=8 halfCnt=5, maxCnt=200 punishSecond=432,space=419lu
10-24 22:36:54.113  1688  1688 I vendor.qti.hardware.servicetrackeraidl-service: size of client connections for client: systemafter removal is 27
10-24 22:36:54.113  1688  1688 I vendor.qti.hardware.servicetrackeraidl-service: destroyService is called for service : com.android.providers.media.module/androidx.work.impl.background.systemjob.SystemJobService
10-24 22:36:54.113  2760  2788 I misight : OnEvent EventInfoPack event 902001300
10-24 22:36:54.126  1688  1688 I vendor.qti.hardware.servicetrackeraidl-service: bindService is called for service : com.google.android.gms/.gcm.gmsproc.GcmInGmsTaskService and for client com.google.android.gms.persistent
10-24 22:36:54.126  1688  1688 I vendor.qti.hardware.servicetrackeraidl-service: total connections for service : com.google.android.gms/.gcm.gmsproc.GcmInGmsTaskServiceare :1
10-24 22:36:54.126  1688  1688 I vendor.qti.hardware.servicetrackeraidl-service: total connections for client : com.google.android.gms.persistentare :5
10-24 22:36:54.130  5787 24212 I GCM-GMS : Registering GMS 745476177629
10-24 22:36:54.130  5646 17325 I NetworkScheduler.Stats: (REDACTED) Task %s/%s started execution. cause:%s exec_start_elapsed_seconds: %s
10-24 22:36:54.133  1688  1688 I vendor.qti.hardware.servicetrackeraidl-service: bindService is called for service : com.google.android.gms/.gcm.PushMessagingRegistrarProxy and for client com.google.android.gms
10-24 22:36:54.133  1688  1688 I vendor.qti.hardware.servicetrackeraidl-service: total connections for service : com.google.android.gms/.gcm.PushMessagingRegistrarProxyare :1
10-24 22:36:54.133  1688  1688 I vendor.qti.hardware.servicetrackeraidl-service: total connections for client : com.google.android.gmsare :5
10-24 22:36:54.135  5646 23931 I NetworkScheduler.Stats: (REDACTED) Task %s/%s started execution. cause:%s exec_start_elapsed_seconds: %s
10-24 22:36:54.135  5787 10947 I GCM-GMS : Registering GMS for direct boot.
10-24 22:36:54.136  1688  1688 I vendor.qti.hardware.servicetrackeraidl-service: bindService is called for service : com.google.android.gms/.gcm.PushMessagingRegistrarProxy and for client com.google.android.gms
10-24 22:36:54.136  1688  1688 I vendor.qti.hardware.servicetrackeraidl-service: total connections for service : com.google.android.gms/.gcm.PushMessagingRegistrarProxyare :1
10-24 22:36:54.136  1688  1688 I vendor.qti.hardware.servicetrackeraidl-service: total connections for client : com.google.android.gmsare :5
10-24 22:36:54.139  1688  1688 I vendor.qti.hardware.servicetrackeraidl-service: unbindService is called for service : com.google.android.gms/.gcm.PushMessagingRegistrarProxy and for client com.google.android.gms
10-24 22:36:54.140  5787 24212 W GCM-GMS : Failed to get registration: java.io.IOException: SERVICE_NOT_AVAILABLE
10-24 22:36:54.140  1688  1688 I vendor.qti.hardware.servicetrackeraidl-service: unbindService is called for service : com.google.android.gms/.gcm.PushMessagingRegistrarProxy and for client com.google.android.gms
10-24 22:36:54.140  1688  1688 I vendor.qti.hardware.servicetrackeraidl-service: size of service connections for service: com.google.android.gms/.gcm.PushMessagingRegistrarProxyafter removal is 0
10-24 22:36:54.140  1688  1688 I vendor.qti.hardware.servicetrackeraidl-service: size of client connections for client: com.google.android.gmsafter removal is 4
10-24 22:36:54.140  1688  1688 I vendor.qti.hardware.servicetrackeraidl-service: destroyService is called for service : com.google.android.gms/.gcm.PushMessagingRegistrarProxy
10-24 22:36:54.140  5787 10947 W GCM-GMS : Failed to get direct boot token: java.io.IOException: SERVICE_NOT_AVAILABLE
10-24 22:36:54.143  1688  1688 I vendor.qti.hardware.servicetrackeraidl-service: unbindService is called for service : com.google.android.gms/.gcm.gmsproc.GcmInGmsTaskService and for client com.google.android.gms.persistent
10-24 22:36:54.143  1688  1688 I vendor.qti.hardware.servicetrackeraidl-service: size of service connections for service: com.google.android.gms/.gcm.gmsproc.GcmInGmsTaskServiceafter removal is 0
10-24 22:36:54.143  1688  1688 I vendor.qti.hardware.servicetrackeraidl-service: size of client connections for client: com.google.android.gms.persistentafter removal is 4
10-24 22:36:54.144  1688  1688 I vendor.qti.hardware.servicetrackeraidl-service: destroyService is called for service : com.google.android.gms/.gcm.gmsproc.GcmInGmsTaskService
10-24 22:36:54.144  5646 17325 I NetworkScheduler.Stats: (REDACTED) Task %s/%s finished executing. cause:%s result: %s elapsed_millis: %s uptime_millis: %s exec_start_elapsed_seconds: %s
10-24 22:36:54.151  5646 17325 I NetworkScheduler.Stats: (REDACTED) Task %s/%s finished executing. cause:%s result: %s elapsed_millis: %s uptime_millis: %s exec_start_elapsed_seconds: %s
10-24 22:36:54.166  1688  1688 I vendor.qti.hardware.servicetrackeraidl-service: bindService is called for service : com.google.android.gms/.tapandpay.gcmtask.TapAndPayGcmTaskService and for client com.google.android.gms.persistent
10-24 22:36:54.167  1688  1688 I vendor.qti.hardware.servicetrackeraidl-service: total connections for service : com.google.android.gms/.tapandpay.gcmtask.TapAndPayGcmTaskServiceare :1
10-24 22:36:54.167  1688  1688 I vendor.qti.hardware.servicetrackeraidl-service: total connections for client : com.google.android.gms.persistentare :5
10-24 22:36:54.169  5646 17325 I NetworkScheduler.Stats: (REDACTED) Task %s/%s started execution. cause:%s exec_start_elapsed_seconds: %s
10-24 22:36:54.169  1656  1854 I SDM     : DisplayBase::CommitThread: Received idle timeout, panel: cmd, timeout: 70000 us
10-24 22:36:54.175  1688  1688 I vendor.qti.hardware.servicetrackeraidl-service: unbindService is called for service : com.google.android.gms/.tapandpay.gcmtask.TapAndPayGcmTaskService and for client com.google.android.gms.persistent
10-24 22:36:54.175  1688  1688 I vendor.qti.hardware.servicetrackeraidl-service: size of service connections for service: com.google.android.gms/.tapandpay.gcmtask.TapAndPayGcmTaskServiceafter removal is 0
10-24 22:36:54.175  1688  1688 I vendor.qti.hardware.servicetrackeraidl-service: size of client connections for client: com.google.android.gms.persistentafter removal is 4
10-24 22:36:54.175  1688  1688 I vendor.qti.hardware.servicetrackeraidl-service: destroyService is called for service : com.google.android.gms/.tapandpay.gcmtask.TapAndPayGcmTaskService
10-24 22:36:54.176  5646 23931 I NetworkScheduler.Stats: (REDACTED) Task %s/%s finished executing. cause:%s result: %s elapsed_millis: %s uptime_millis: %s exec_start_elapsed_seconds: %s
10-24 22:36:54.198  1656  2516 I vendor.qti.hardware.display.composer-service: Sensor: notify citsensorservice to trigger cwb, misForced = 0
10-24 22:36:54.199  3030  3788 I libsensor-parseRGB: request dump start for mRequestDisplayId 0
10-24 22:36:54.221  3030  3108 E libsensor-parseRGB: CWB NotifyCWBBufferDone  error 0
10-24 22:36:54.224  2318  4221 I DisplayModeDirectorImpl: SmartDisplayPolicyEnd
10-24 22:36:54.226  2318  2438 I DisplayModeDirectorImpl: onDesiredDisplayModeSpecsChanged:baseModeId=1 allowGroupSwitching=false primary=physical: (0.0 120.0) render:  (0.0 120.0) appRequest=physical: (0.0 120.0) render:  (0.0 120.0) idleScreenRefreshRateConfig=null noVotes=false
10-24 22:36:54.229  1908  1908 I RefreshRateSelector: Display 4630947082089526659 policy changed
10-24 22:36:54.229  1908  1908 I RefreshRateSelector: Previous: {defaultModeId=0, allowGroupSwitching=false, primaryRanges={physical=[0.00 Hz, inf Hz], render=[0.00 Hz, 120.00 Hz]}, appRequestRanges={physical=[0.00 Hz, inf Hz], render=[0.00 Hz, 120.00 Hz]} idleScreenConfig=nullptr}
10-24 22:36:54.229  1908  1908 I RefreshRateSelector: Current:  DisplayManagerPolicy{defaultModeId=0, allowGroupSwitching=false, primaryRanges={physical=[0.00 Hz, 120.00 Hz], render=[0.00 Hz, 120.00 Hz]}, appRequestRanges={physical=[0.00 Hz, 120.00 Hz], render=[0.00 Hz, 120.00 Hz]} idleScreenConfig=nullptr}
10-24 22:36:54.229  1908  1908 I RefreshRateSelector: 0 mode changes were performed under the previous policy
10-24 22:36:54.255  3094  3094 I adbd    : in ShellService: dumpsys activity activities
10-24 22:36:54.277  1656  1854 I SDM     : DisplayBase::CommitThread: Received idle timeout, panel: cmd, timeout: 70000 us
10-24 22:36:54.316  3094  3094 I adbd    : in ShellService: dumpsys activity activities
10-24 22:36:54.353  1656  1854 I SDM     : DisplayBase::CommitThread: Received idle timeout, panel: cmd, timeout: 70000 us
10-24 22:36:54.376  3094  3094 I adbd    : in ShellService: dumpsys activity activities
10-24 22:36:54.388  1656  2244 I SDM     : HWCDisplay::SetActiveConfigWithConstraints: display:66-0, config: 1, WxH 1200x2670, fps 120
10-24 22:36:54.388  1656  2244 W SDM     : HWDeviceDRM::GetSupportedBitClkRate: Requested rate not supported: 1150000000
10-24 22:36:54.388  1656  2244 I SDM     : HWDeviceDRM::UpdateMixerAttributes: Mixer WxH 1200x2670-1 for Peripheral
10-24 22:36:54.389  1656  2244 I SDM     : HWCDisplay::SubmitDisplayConfig: Active configuration changed from config 3 to 1
10-24 22:36:54.389  1656  2244 I SDM     : HWCDisplay::SubmitDisplayConfig: Active WxH 1200x2670 ,ddic_mode:idle, timing_fps: 120, sf_fps: 120
10-24 22:36:54.427  8364 24311 I AICall_MemoryTrim$a: Timer-41 trimMemory on background
10-24 22:36:54.428  8364  8364 I AICall_x0: main invoke : null|80
10-24 22:36:54.433  2318  5023 W ActivityManagerServiceImpl: Sending non-protected broadcast com.miui.action.UPDATE_PREDICT_LIST from system 7756:com.miui.securitycenter.remote/1000 pkg com.miui.securitycenter. Callers=
10-24 22:36:54.435  2318  5023 W ActivityManagerServiceImpl: Sending non-protected broadcast com.miui.action.UPDATE_PREDICT_LIST_EXTERNAL from system 7756:com.miui.securitycenter.remote/1000 pkg com.miui.securitycenter. Callers=
10-24 22:36:54.436  3094  3094 I adbd    : in ShellService: dumpsys activity services
10-24 22:36:54.438  4098  4178 I GDAppManager: loadHiddenApps: {0=[]}
10-24 22:36:54.439  4098  4178 I GDSettings: pinSpecialApps: isAppEditUsed()=true
10-24 22:36:54.440  4098  4178 I GDSettings: pinSpecialApps1: [com.tencent.mm, com.tencent.mobileqq]	result=[]
10-24 22:36:54.440  4098  4178 I GDSettings: pinSpecialApps2: [com.tencent.mm, com.tencent.mobileqq]	result=[]
10-24 22:36:54.464  4098  4178 I GDAppManager: loadDockApps: mDockAppList=[AppInfo{uid=10430, pkg='tv.danmaku.bili', activity='tv.danmaku.bili.MainActivityV2', from='1'}, AppInfo{uid=10431, pkg='com.ss.android.ugc.aweme.lite', activity='com.ss.android.ugc.aweme.splash.SplashActivity', from='1'}, AppInfo{uid=10167, pkg='com.xiaomi.market', activity='com.xiaomi.market.ui.MarketTabActivity', from='1'}, AppInfo{uid=10432, pkg='com.kuaishou.nebula', activity='com.yxcorp.gifshow.HomeActivity', from='1'}, AppInfo{uid=10141, pkg='com.android.mms', activity='com.android.mms.ui.MmsTabActivity', from='1'}, AppInfo{uid=10271, pkg='com.miui.gallery', activity='com.miui.gallery.activity.HomePageActivity', from='1'}, AppInfo{uid=10134, pkg='com.android.browser', activity='com.android.browser.launch.SplashActivity', from='1'}, AppInfo{uid=10325, pkg='com.ss.android.article.news', activity='com.ss.android.article.news.activity.MainActivity', from='1'}, AppInfo{uid=10276, pkg='com.android.soundrecorder', activity='com.android.soundrecorder.StartActivity', from='1'}, AppInfo{uid=10339, pkg='com.smile.gifmaker', activity='com.yxcorp.gifshow.HomeActivity', from='1'}, AppInfo{uid=10340, pkg='com.baidu.searchbox', activity='com.baidu.searchbox.SplashActivity', from='1'}, AppInfo{uid=10294, pkg='com.miui.video', activity='com.miui.video.Launcher1', from='1'}, AppInfo{uid=10263, pkg='com.miui.calculator', activity='com.miui.calculator.cal.CalculatorActivity', from='1'}, AppInfo{uid=10333, pkg='com.autonavi.minimap', activity='com.autonavi.map.activity.SplashActivity', from='1'}, AppInfo{uid=10335, pkg='com.dragon.read', activity='com.dragon.read.pages.splash.SplashActivity', from='1'}, AppInfo{uid=10332, pkg='com.UCMobile', activity='com.UCMobile.main.UCMobile', from='1'}, AppInfo{uid=10275, pkg='com.miui.notes', activity='com.miui.notes.ui.NotesListActivity', from='1'}, AppInfo{uid=10428, pkg='com.tencent.qqmusic', activity='com.tencent.qqmusic.activity.AppStarterActivity', from='1'}, AppInfo{uid=10334, pkg='com.baidu.searchbox.lite', activity='com.baidu.searchbox.SplashActivity', from='1'}, AppInfo{uid=10331, pkg='com.baidu.BaiduMap', activity='com.baidu.baidumaps.WelcomeScreen.Alias0', from='1'}, AppInfo{uid=10288, pkg='com.xiaomi.gamecenter', activity='com.xiaomi.gamecenter.ui.MainTabActivity', from='1'}, AppInfo{uid=10160, pkg='com.android.fileexplorer', activity='com.android.fileexplorer.FileExplorerTabActivity', from='1'}, AppInfo{uid=10292, pkg='com.anydo', activity='com.anydo.activity.SplashActivity', from='1'}, AppInfo{uid=10287, pkg='com.duokan.reader', activity='com.duokan.reader.DkReaderActivity', from='1'}, AppInfo{uid=10435, pkg='io.github.ylimit.droidbotapp', activity='io.github.ylimit.droidbotapp.SettingsActivity', from='2'}, AppInfo{uid=10320, pkg='com.musicworx', activity='com.musicworx.MainActivity', from='2'}, AppInfo{uid=10318, pkg='com.google.android.apps.youtube.music', activity='com.google.android.apps.youtube.music.activities.MusicActivity', from='2'}, AppInfo{uid=10300, pkg='com.google.android.apps.tasks', activity='com.google.android.apps.tasks.ui.TaskListsActivity', from='2'}, AppInfo{uid=10336, pkg='com.jijia.jjweather', activity='com.icecreamj.jimiweather.home.SplashActivity', from='2'}, AppInfo{uid=10313, pkg='com.netease.newsreader.activity', activity='com.netease.nr.biz.ad.newAd.AdActivity', from='2'}]
10-24 22:36:54.468  1656  1854 I SDM     : DisplayBase::CommitThread: Received idle timeout, panel: cmd, timeout: 70000 us
10-24 22:36:54.495  2318  3691 I MiuiNetworkPolicy: bandwidth: 0 KB/s, Max bandwidth: 4147 KB/s
10-24 22:36:54.547  1656  2516 I vendor.qti.hardware.display.composer-service: Sensor: notify citsensorservice to trigger cwb, misForced = 1
10-24 22:36:54.547  3030  3788 I libsensor-parseRGB: request dump start for mRequestDisplayId 0
10-24 22:36:54.550  3094  3094 I adbd    : in ShellService: screencap -p /sdcard/screen_2025-10-24_223654.png
10-24 22:36:54.570  3030  3108 E libsensor-parseRGB: CWB NotifyCWBBufferDone  error 0
10-24 22:36:54.627  1656  1854 I SDM     : DisplayBase::CommitThread: Received idle timeout, panel: cmd, timeout: 70000 us
10-24 22:36:54.661 24593 24593 W BpBinder: Linking to death on android.gui.ISurfaceComposer but there are no threads (yet?) listening to incoming transactions. See ProcessState::startThreadPool and ProcessState::setThreadPoolMaxThreadCount. Generally you should setup the binder threadpool before other initialization steps.
10-24 22:36:54.662 24593 24593 W ProcessState: Extra binder thread started, but 0 threads requested. Do not use *startThreadPool when zero threads are requested.
10-24 22:36:54.696 24593 24595 I AdrenoUtils: <ReadGpuID:357>: Reading chip ID through GSL
10-24 22:36:54.697 24593 24593 W qdgralloc: Failed to load libubwcp.so
10-24 22:36:54.692 24593 24593 W screencap: type=1400 audit(0.0:8004): avc:  denied  { read } for  name="libubwcp.so" dev="dm-14" ino=19816057 scontext=u:r:shell:s0 tcontext=u:object_r:vendor_file:s0 tclass=file permissive=0
10-24 22:36:54.701  7336  7798 W MediaProvider: isAppCloneUserPair for user 0: false
10-24 22:36:55.108  2318  4215 E HyperSentinel: -------------------------------------------------------
10-24 22:36:55.108  2318  4215 E HyperSentinel: Event_ThreadAmount
10-24 22:36:55.108  2318  4215 E HyperSentinel: -> audit event by proc 24356 "com.sohu.inputmethod.status": running threads amount, 0 -> 42
10-24 22:36:55.145 24356 24598 I MMKV    : <MMKV_IO.cpp:81::loadFromFile> loading [com.sohu.inputmethod.sogou.foreign_settings] with 3569 actual size, file size 4096, InterProcess 0, meta info version:3
10-24 22:36:55.146 24356 24598 I MMKV    : <MMKV_IO.cpp:86::loadFromFile> loading [com.sohu.inputmethod.sogou.foreign_settings] with crc 1065573007 sequence 13 version 3
10-24 22:36:55.146 24356 24598 I MMKV    : <MMKV_IO.cpp:130::loadFromFile> loaded [com.sohu.inputmethod.sogou.foreign_settings] with 57 key-values
10-24 22:36:55.146 24356 24597 I MMKV    : <MMKV_IO.cpp:81::loadFromFile> loading [com.sohu.inputmethod.sogou.voice_input] with 979 actual size, file size 4096, InterProcess 0, meta info version:3
10-24 22:36:55.146 24356 24597 I MMKV    : <MMKV_IO.cpp:86::loadFromFile> loading [com.sohu.inputmethod.sogou.voice_input] with crc 4029708809 sequence 4 version 3
10-24 22:36:55.146 24356 24597 I MMKV    : <MMKV_IO.cpp:130::loadFromFile> loaded [com.sohu.inputmethod.sogou.voice_input] with 1 key-values
10-24 22:36:55.149 24356 24597 I MMKV    : <MMKV_IO.cpp:81::loadFromFile> loading [voice_resource_settings] with 24 actual size, file size 4096, InterProcess 0, meta info version:3
10-24 22:36:55.149 24356 24597 I MMKV    : <MMKV_IO.cpp:86::loadFromFile> loading [voice_resource_settings] with crc 1363018432 sequence 1 version 3
10-24 22:36:55.149 24356 24597 I MMKV    : <MMKV_IO.cpp:130::loadFromFile> loaded [voice_resource_settings] with 1 key-values
10-24 22:36:55.150 24356 24599 I MMKV    : <MMKV_IO.cpp:81::loadFromFile> loading [pingback] with 1167 actual size, file size 4096, InterProcess 0, meta info version:3
10-24 22:36:55.151 24356 24599 I MMKV    : <MMKV_IO.cpp:86::loadFromFile> loading [pingback] with crc 2713768062 sequence 205 version 3
10-24 22:36:55.151 24356 24599 I MMKV    : <MMKV_IO.cpp:130::loadFromFile> loaded [pingback] with 112 key-values
10-24 22:36:55.152 24356 24597 I MMKV    : <MMKV_IO.cpp:81::loadFromFile> loading [large_resrc_voice_offline_settings] with 0 actual size, file size 4096, InterProcess 0, meta info version:1
10-24 22:36:55.153 24356 24597 I MMKV    : <MMKV_IO.cpp:130::loadFromFile> loaded [large_resrc_voice_offline_settings] with 0 key-values
10-24 22:36:55.154 24356 24597 I MMKV    : <MMKV_IO.cpp:81::loadFromFile> loading [large_resrc_voice_vad_settings] with 0 actual size, file size 4096, InterProcess 0, meta info version:1
10-24 22:36:55.154 24356 24597 I MMKV    : <MMKV_IO.cpp:130::loadFromFile> loaded [large_resrc_voice_vad_settings] with 0 key-values
10-24 22:36:55.158 24356 24597 I MMKV    : <MMKV_IO.cpp:81::loadFromFile> loading [voiceinput.record_settings_multiprocess] with 186 actual size, file size 4096, InterProcess 1, meta info version:3
10-24 22:36:55.158 24356 24597 I MMKV    : <MMKV_IO.cpp:86::loadFromFile> loading [voiceinput.record_settings_multiprocess] with crc 3753953273 sequence 1 version 3
10-24 22:36:55.158 24356 24597 I MMKV    : <MMKV_IO.cpp:130::loadFromFile> loaded [voiceinput.record_settings_multiprocess] with 1 key-values
10-24 22:36:55.161  3094  3094 I adbd    : in ShellService: ps
10-24 22:36:55.397  2318  4219 I SmartPower: com.miui.gallery/10271(13419): background->idle(22618ms) R(broadcast start Intent { act=android.intent.action.MEDIA_SCANNER_SCAN_FILE dat=file:///... flg=0x1400010 }) adj=905.
10-24 22:36:55.422  1688  1688 I vendor.qti.hardware.servicetrackeraidl-service: unbindService is called for service : com.miui.analytics/.onetrack.OneTrackService and for client com.android.settings
10-24 22:36:55.422  1688  1688 I vendor.qti.hardware.servicetrackeraidl-service: size of service connections for service: com.miui.analytics/.onetrack.OneTrackServiceafter removal is 69
10-24 22:36:55.423  1688  1688 I vendor.qti.hardware.servicetrackeraidl-service: size of client connections for client: com.android.settingsafter removal is 2
10-24 22:36:55.583  4663  5500 E PhoneAdapter: get ntnphones failed, exception: java.lang.IllegalStateException: Default phones haven't been made yet!
10-24 22:36:55.649  1672  6651 E ANDR-PERF-MPCTL: ANDR-PERF-MPCTL: exception_recovery_poll_fun() 1497: exception_recovery_poll_fun
10-24 22:36:55.819  2318  5293 I NetworkAccelerateSwitchService: EVENT_RSSI_POLL. mRssiPoll=true
10-24 22:36:55.819  2318  5293 I NetworkAccelerateSwitchService: getAverageWifiRssi:34
10-24 22:36:55.959  2318  3691 I MiuiNetworkPolicy: updateUidState uid = 10278, uidState = 15
10-24 22:36:55.966  2318  3691 I MiuiNetworkPolicyTrafficLimit: updateWhiteListUidForMobileTraffic uid=10278,add=false
10-24 22:36:55.966  2318  2426 I MiuiNetworkPolicy: label wlan0, uid 10430, active true, tsNanos 2777670920552
10-24 22:36:56.242  2318  5140 I ActivityManager: Broadcasting: Intent { act=android.intent.action.MEDIA_SCANNER_SCAN_FILE dat=file:///... flg=0x400000 }
10-24 22:36:56.243  2318  5140 I ActivityManager: Enqueued broadcast Intent { act=android.intent.action.MEDIA_SCANNER_SCAN_FILE dat=file:///... flg=0x400000 }: 0
10-24 22:36:56.247  2318  3691 I MiuiNetworkPolicy: updateUidState uid = 10271, uidState = 11
10-24 22:36:56.246 13419 13419 W MiuiGallery2_BaseMediaScannerReceiver: [main] - Broadcast received, action: [android.intent.action.MEDIA_SCANNER_SCAN_FILE], data uri: [file:///sdcard/screen_2025-10-24_223654.png], CTA not allowed
10-24 22:36:56.253  2318  3691 I MiuiNetworkPolicy: updateUidState uid = 10271, uidState = 19
10-24 22:36:56.255  7336  7336 I MediaProvider: receive action = android.intent.action.MEDIA_SCANNER_SCAN_FILE schemeSpecificPart = ///sdcard/screen_2025-10-24_223654.png
10-24 22:36:56.256  2318  5140 W JobInfo : Job 'com.android.providers.media.module/com.android.providers.media.MediaService#-300' has a deadline with no functional constraints. The deadline won't improve job execution latency. Consider removing the deadline.
10-24 22:36:56.261  1688  1688 I vendor.qti.hardware.servicetrackeraidl-service: bindService is called for service : com.android.providers.media.module/com.android.providers.media.MediaService and for client system
10-24 22:36:56.261  1688  1688 I vendor.qti.hardware.servicetrackeraidl-service: total connections for service : com.android.providers.media.module/com.android.providers.media.MediaServiceare :1
10-24 22:36:56.262  1688  1688 I vendor.qti.hardware.servicetrackeraidl-service: total connections for client : systemare :28
10-24 22:36:56.263  2318  4216 I whetstone.activity: processNotifyEvent1 resId = 256, bundle = Bundle[{startTime=2777969, sourcePkg=com.android.providers.media.module, sourceUid=10249, status=1, jobId=-300, batteryName=com.android.providers.media.module/com.android.providers.media.MediaService, elapsedRealtime=2777969}]
10-24 22:36:56.263  9264 11318 I EventMonitor: notifyEvent resId=256
10-24 22:36:56.267  2318  2426 I ActivityManager: Broadcast completed: result=0
10-24 22:36:56.269  7336  8311 I MediaProvider: Begin Intent { act=android.intent.action.MEDIA_SCANNER_SCAN_FILE dat=file:///... flg=0x1400010 cmp=com.android.providers.media.module/com.android.providers.media.MediaService }
10-24 22:36:56.279  7336  8311 I MediaProvider: End Intent { act=android.intent.action.MEDIA_SCANNER_SCAN_FILE dat=file:///... flg=0x1400010 cmp=com.android.providers.media.module/com.android.providers.media.MediaService }
10-24 22:36:56.280  2318  4216 I whetstone.activity: processNotifyEvent1 resId = 256, bundle = Bundle[{startTime=2777986, sourcePkg=com.android.providers.media.module, sourceUid=10249, status=0, jobId=-300, batteryName=com.android.providers.media.module/com.android.providers.media.MediaService, elapsedRealtime=2777986}]
10-24 22:36:56.280  1688  1688 I vendor.qti.hardware.servicetrackeraidl-service: unbindService is called for service : com.android.providers.media.module/com.android.providers.media.MediaService and for client system
10-24 22:36:56.280  1688  1688 I vendor.qti.hardware.servicetrackeraidl-service: size of service connections for service: com.android.providers.media.module/com.android.providers.media.MediaServiceafter removal is 0
10-24 22:36:56.280  1688  1688 I vendor.qti.hardware.servicetrackeraidl-service: size of client connections for client: systemafter removal is 27
10-24 22:36:56.281  1688  1688 I vendor.qti.hardware.servicetrackeraidl-service: destroyService is called for service : com.android.providers.media.module/com.android.providers.media.MediaService
10-24 22:36:56.281  3094  3094 I adbd    : in ShellService: ps
10-24 22:36:56.282  9264 11312 I EventMonitor: notifyEvent resId=256
10-24 22:36:56.287  7336  7362 I FuseDaemon: This is sticky GC, maxfree is 16777216 minfree is 8388608
10-24 22:36:56.417  3094  3094 I adbd    : in ShellService: rm /sdcard/screen_2025-10-24_223654.png
10-24 22:36:56.425 24239 24274 I mit.droidbotapp: ProcessProfilingInfo new_methods=1 is saved saved_to_disk=1 resolve_classes_delay=8000
10-24 22:36:56.450  7336 31200 I MediaProvider: Deleted paths_hashcode::1389444597/:1389444597/315894859654.png items on external_primary due to com.android.shell tid=24616
10-24 22:36:56.535  3094  3094 I adbd    : in ShellService: dumpsys display
10-24 22:36:56.623  2318  4219 I SmartPower: com.milink.service:audio/10178(22090): background->idle(23843ms) R(broadcast start Intent { act=android.intent.action.PACKAGE_RESTARTED dat=package: flg=0x4000010 (has extras) }) adj=100.
10-24 22:36:56.689  3094  3094 I adbd    : in ShellService: wm size
10-24 22:36:56.733  2318  4219 I SmartPower: com.xiaomi.market/10167(12107): background->idle(3000ms) R(broadcast start Intent { act=android.intent.action.CLOSE_SYSTEM_DIALOGS flg=0x50000010 (has extras) }) adj=905.
10-24 22:36:56.748  2318  2447 I ThermalObserver: Temperature control has been released.
10-24 22:36:56.766  3094  3094 I adbd    : in ShellService: dumpsys input
10-24 22:36:56.825  3094  3094 I adbd    : in ShellService: getprop ro.sf.lcd_density
10-24 22:36:56.879  3094  3094 I adbd    : in ShellService: dumpsys activity activities
10-24 22:36:56.898  2318  3691 I MiuiNetworkPolicy: getEnableLimitTimeout when thermal mode is:0
10-24 22:36:56.939  3094  3094 I adbd    : in ShellService: dumpsys activity activities
10-24 22:36:57.005  3094  3094 I adbd    : in ShellService: dumpsys activity activities
10-24 22:36:57.077  3094  3094 I adbd    : in ShellService: dumpsys activity services
10-24 22:36:57.098  2318  4219 I SmartPower: com.google.android.gms.unstable/10130(9317): background->idle(3000ms) R(alarm start) adj=800.
10-24 22:36:57.098  2318  4219 I SmartPower: com.google.android.gms/10130(5787): background->idle(24863ms) R(alarm start) adj=600.
10-24 22:36:57.138  2318  3728 W ContextImpl: Calling a method in the system process without a qualified user: android.app.ContextImpl.sendBroadcast:1260 android.content.ContextWrapper.sendBroadcast:522 com.android.server.wifi.MiuiNetworkMonitor.sendBroadcastForNetwork:675 com.android.server.wifi.MiuiNetworkMonitor.notifyNetworkWarning:627 com.android.server.wifi.MiuiNetworkMonitor.evaluateNetworkQoE:561 
10-24 22:36:57.203  3094  3094 I adbd    : in ShellService: screencap -p /sdcard/screen_2025-10-24_223656.png
10-24 22:36:57.329 24647 24647 W BpBinder: Linking to death on android.gui.ISurfaceComposer but there are no threads (yet?) listening to incoming transactions. See ProcessState::startThreadPool and ProcessState::setThreadPoolMaxThreadCount. Generally you should setup the binder threadpool before other initialization steps.
10-24 22:36:57.329 24647 24647 W ProcessState: Extra binder thread started, but 0 threads requested. Do not use *startThreadPool when zero threads are requested.
10-24 22:36:57.362 24647 24649 I AdrenoUtils: <ReadGpuID:357>: Reading chip ID through GSL
10-24 22:36:57.363 24647 24647 W qdgralloc: Failed to load libubwcp.so
10-24 22:36:57.360 24647 24647 W screencap: type=1400 audit(0.0:8005): avc:  denied  { read } for  name="libubwcp.so" dev="dm-14" ino=19816057 scontext=u:r:shell:s0 tcontext=u:object_r:vendor_file:s0 tclass=file permissive=0
10-24 22:36:57.366  7336  7794 W MediaProvider: isAppCloneUserPair for user 0: false
10-24 22:36:57.422  3094  3094 I adbd    : in ShellService: ps
10-24 22:36:57.497  2318  3691 I MiuiNetworkPolicy: bandwidth: 1 KB/s, Max bandwidth: 4147 KB/s
10-24 22:36:57.986  7336 11922 I PSyncWorker: Starting proactive picker sync from sync source: 1
10-24 22:36:57.987  7336 11922 I PickerSyncController: Executing SyncAdd. isLocal: true. authority: com.android.providers.media.photopicker
10-24 22:36:57.989  7336 11922 I PickerSyncController: Paged sync successful. QueryArgs: Bundle[{android.provider.extra.SYNC_GENERATION=26547, android.provider.extra.PAGE_SIZE=1000}] Total Rows: 0
10-24 22:36:57.990  7336 11922 I PickerSyncController: Executing SyncRemove. isLocal: true. authority: com.android.providers.media.photopicker
10-24 22:36:57.990  7336 11922 E PickerDbFacade: Could not get first date taken millis for media id: 1000002867
10-24 22:36:57.991  7336 11922 W PickerDbFacade: Unable to promote cloud media with localId: 1000002867
