05-31 11:56:17.071 26374 26480 W GoogleTagManager: Event does not have parameter "screen_name" and no default value was defined. Returning "undefined".
05-31 11:56:17.071 26374 26480 W GoogleTagManager: Event does not have parameter "screen_name" and no default value was defined. Returning "undefined".
05-31 11:56:17.072 26374 26480 W GoogleTagManager: Event does not have parameter "screen_name" and no default value was defined. Returning "undefined".
05-31 11:56:17.073 26374 26480 W GoogleTagManager: Event does not have parameter "descriptor" and no default value was defined. Returning "undefined".
05-31 11:56:17.082 26374 26480 W GoogleTagManager: Event does not have parameter "content_key" and no default value was defined. Returning "undefined".
05-31 11:56:17.088 26374 26454 I WM-WorkerWrapper: Worker result SUCCESS for Work [ id=b8c703dc-22e8-45e1-974e-5a2992f52e1e, tags={ airship, com.urbanairship.job.AirshipWorker } ]
05-31 11:56:17.089 26374 26480 W GoogleTagManager: Event does not have parameter "descriptor" and no default value was defined. Returning "undefined".
05-31 11:56:17.090 26374 26480 W GoogleTagManager: Event does not have parameter "module_type" and no default value was defined. Returning "undefined".
05-31 11:56:17.090 26374 26480 W GoogleTagManager: Event does not have parameter "descriptor" and no default value was defined. Returning "undefined".
05-31 11:56:17.091 26374 26480 W GoogleTagManager: Event does not have parameter "scroll_type" and no default value was defined. Returning "undefined".
05-31 11:56:17.092 26374 26480 W GoogleTagManager: Event does not have parameter "screen_name" and no default value was defined. Returning "undefined".
05-31 11:56:17.092 26374 26480 W GoogleTagManager: Event does not have parameter "screen_name" and no default value was defined. Returning "undefined".
05-31 11:56:17.093 26374 26480 W GoogleTagManager: Event does not have parameter "screen_name" and no default value was defined. Returning "undefined".
05-31 11:56:17.093 26374 26480 W GoogleTagManager: Event does not have parameter "descriptor" and no default value was defined. Returning "undefined".
05-31 11:56:17.099 26374 26480 W GoogleTagManager: Event does not have parameter "content_key" and no default value was defined. Returning "undefined".
05-31 11:56:17.103 26374 26480 W GoogleTagManager: Event does not have parameter "descriptor" and no default value was defined. Returning "undefined".
05-31 11:56:17.103 26374 26480 W GoogleTagManager: Event does not have parameter "module_type" and no default value was defined. Returning "undefined".
05-31 11:56:17.103 26374 26480 W GoogleTagManager: Event does not have parameter "descriptor" and no default value was defined. Returning "undefined".
05-31 11:56:17.103 26374 26480 W GoogleTagManager: Event does not have parameter "scroll_type" and no default value was defined. Returning "undefined".
05-31 11:56:17.104 26374 26480 W GoogleTagManager: Event does not have parameter "screen_name" and no default value was defined. Returning "undefined".
05-31 11:56:17.104 26374 26480 W GoogleTagManager: Event does not have parameter "screen_name" and no default value was defined. Returning "undefined".
05-31 11:56:17.105 26374 26480 W GoogleTagManager: Event does not have parameter "screen_name" and no default value was defined. Returning "undefined".
05-31 11:56:17.106 26374 26480 W GoogleTagManager: Event does not have parameter "descriptor" and no default value was defined. Returning "undefined".
05-31 11:56:17.117 26374 26480 W GoogleTagManager: Event does not have parameter "content_key" and no default value was defined. Returning "undefined".
05-31 11:56:17.127 26374 26480 W GoogleTagManager: Event does not have parameter "descriptor" and no default value was defined. Returning "undefined".
05-31 11:56:17.127 26374 26480 W GoogleTagManager: Event does not have parameter "module_type" and no default value was defined. Returning "undefined".
05-31 11:56:17.128 26374 26480 W GoogleTagManager: Event does not have parameter "descriptor" and no default value was defined. Returning "undefined".
05-31 11:56:17.128 26374 26480 W GoogleTagManager: Event does not have parameter "scroll_type" and no default value was defined. Returning "undefined".
05-31 11:56:17.130 26374 26480 W GoogleTagManager: Event does not have parameter "screen_name" and no default value was defined. Returning "undefined".
05-31 11:56:17.130 26374 26480 W GoogleTagManager: Event does not have parameter "screen_name" and no default value was defined. Returning "undefined".
05-31 11:56:17.131 26374 26480 W GoogleTagManager: Event does not have parameter "screen_name" and no default value was defined. Returning "undefined".
05-31 11:56:17.132 26374 26480 W GoogleTagManager: Event does not have parameter "descriptor" and no default value was defined. Returning "undefined".
05-31 11:56:17.180 26374 26457 I WM-WorkerWrapper: Worker result SUCCESS for Work [ id=3c87ef83-f461-408e-85cd-31eaaa01c926, tags={ airship, com.urbanairship.job.AirshipWorker } ]
05-31 11:56:17.183 26374 26454 I WM-WorkerWrapper: Work [ id=8de93a3e-1993-4c01-9d4e-40866945106f, tags={ airship, com.urbanairship.job.AirshipWorker } ] was cancelled
05-31 11:56:17.183 26374 26454 I WM-WorkerWrapper: java.util.concurrent.CancellationException: Task was cancelled.
05-31 11:56:17.183 26374 26454 I WM-WorkerWrapper: 	at androidx.work.impl.utils.n.a.c(AbstractFuture.java:1)
05-31 11:56:17.183 26374 26454 I WM-WorkerWrapper: 	at androidx.work.impl.utils.n.a.i(AbstractFuture.java:5)
05-31 11:56:17.183 26374 26454 I WM-WorkerWrapper: 	at androidx.work.impl.utils.n.a.get(AbstractFuture.java:48)
05-31 11:56:17.183 26374 26454 I WM-WorkerWrapper: 	at androidx.work.impl.k$b.run(WorkerWrapper.java:1)
05-31 11:56:17.183 26374 26454 I WM-WorkerWrapper: 	at androidx.work.impl.utils.g$a.run(SerialExecutor.java:1)
05-31 11:56:17.183 26374 26454 I WM-WorkerWrapper: 	at java.util.concurrent.ThreadPoolExecutor.runWorker(ThreadPoolExecutor.java:1167)
05-31 11:56:17.183 26374 26454 I WM-WorkerWrapper: 	at java.util.concurrent.ThreadPoolExecutor$Worker.run(ThreadPoolExecutor.java:641)
05-31 11:56:17.183 26374 26454 I WM-WorkerWrapper: 	at java.lang.Thread.run(Thread.java:920)
05-31 11:56:17.205 26374 26454 E WM-WorkerWrapper: Didn't find WorkSpec for id 8de93a3e-1993-4c01-9d4e-40866945106f
05-31 11:56:17.207 26374 26418 E WM-WorkerWrapper: Didn't find WorkSpec for id 8de93a3e-1993-4c01-9d4e-40866945106f
05-31 11:56:17.216 26374 26457 I WM-WorkerWrapper: Worker result SUCCESS for Work [ id=b0a74abf-95fe-4f13-b262-e3020e60e83b, tags={ airship, com.urbanairship.job.AirshipWorker } ]
05-31 11:56:17.229 26374 26480 W GoogleTagManager: No user property available for "location_primer" and no default value was defined. Returning "undefined".
05-31 11:56:17.229 26374 26480 W GoogleTagManager: No user property available for "participant_key" and no default value was defined. Returning "undefined".
05-31 11:56:17.231 26374 26480 W GoogleTagManager: No user property available for "msisdn_carrier" and no default value was defined. Returning "undefined".
05-31 11:56:17.231 26374 26480 W GoogleTagManager: No user property available for "dark_mode" and no default value was defined. Returning "undefined".
05-31 11:56:17.232 26374 26480 W GoogleTagManager: No user property available for "participant_key" and no default value was defined. Returning "undefined".
05-31 11:56:17.234 26374 26480 W GoogleTagManager: UniversalAnalyticsTag has been decommissioned.
05-31 11:56:17.263  1475  4300 W MediaProvider: isAppCloneUserPair for user 0: false
05-31 11:56:17.304   176   176 I hwservicemanager: getTransport: Cannot find entry android.hardware.graphics.mapper@4.0::IMapper/default in either framework or device VINTF manifest.
05-31 11:56:17.304 26559 26561 I Gralloc4: mapper 4.x is not supported
05-31 11:56:17.444  1475  5109 I MediaProvider: Begin Intent { act=android.intent.action.MEDIA_SCANNER_SCAN_FILE dat=file:///sdcard/screen_2025-05-31_195617.png flg=0x1400010 cmp=com.google.android.providers.media.module/com.android.providers.media.MediaService }
05-31 11:56:17.468  1475  5109 I MediaProvider: End Intent { act=android.intent.action.MEDIA_SCANNER_SCAN_FILE dat=file:///sdcard/screen_2025-05-31_195617.png flg=0x1400010 cmp=com.google.android.providers.media.module/com.android.providers.media.MediaService }
05-31 11:56:17.556  1475  1748 I MediaProvider: Deleted 0 1 0 0 0 0 0 items on external_primary due to com.android.shell
05-31 11:56:17.557  1312  2173 I UriTaskContentObserver: (REDACTED) Throttling content uri change event for %s
05-31 11:56:18.008 26374 26418 I WM-WorkerWrapper: Work [ id=dff31cd9-f182-4755-996b-9485b070ac2b, tags={ airship, com.urbanairship.job.AirshipWorker } ] was cancelled
05-31 11:56:18.008 26374 26418 I WM-WorkerWrapper: java.util.concurrent.CancellationException: Task was cancelled.
05-31 11:56:18.008 26374 26418 I WM-WorkerWrapper: 	at androidx.work.impl.utils.n.a.c(AbstractFuture.java:1)
05-31 11:56:18.008 26374 26418 I WM-WorkerWrapper: 	at androidx.work.impl.utils.n.a.i(AbstractFuture.java:5)
05-31 11:56:18.008 26374 26418 I WM-WorkerWrapper: 	at androidx.work.impl.utils.n.a.get(AbstractFuture.java:48)
05-31 11:56:18.008 26374 26418 I WM-WorkerWrapper: 	at androidx.work.impl.k$b.run(WorkerWrapper.java:1)
05-31 11:56:18.008 26374 26418 I WM-WorkerWrapper: 	at androidx.work.impl.utils.g$a.run(SerialExecutor.java:1)
05-31 11:56:18.008 26374 26418 I WM-WorkerWrapper: 	at java.util.concurrent.ThreadPoolExecutor.runWorker(ThreadPoolExecutor.java:1167)
05-31 11:56:18.008 26374 26418 I WM-WorkerWrapper: 	at java.util.concurrent.ThreadPoolExecutor$Worker.run(ThreadPoolExecutor.java:641)
05-31 11:56:18.008 26374 26418 I WM-WorkerWrapper: 	at java.lang.Thread.run(Thread.java:920)
05-31 11:56:18.018 26374 26454 E WM-WorkerWrapper: Didn't find WorkSpec for id dff31cd9-f182-4755-996b-9485b070ac2b
05-31 11:56:18.020 26374 26374 W Glide   : Failed to find GeneratedAppGlideModule. You should include an annotationProcessor compile dependency on com.github.bumptech.glide:compiler in your application and a @GlideModule annotated AppGlideModule implementation or LibraryGlideModules will be silently ignored
05-31 11:56:18.085 26374 26374 I WebViewFactory: Loading com.google.android.webview version 91.0.4472.114 (code 447211487)
05-31 11:56:18.138  1475  4300 W MediaProvider: isAppCloneUserPair for user 0: false
05-31 11:56:18.162   176   176 I hwservicemanager: getTransport: Cannot find entry android.hardware.graphics.mapper@4.0::IMapper/default in either framework or device VINTF manifest.
05-31 11:56:18.163 26618 26620 I Gralloc4: mapper 4.x is not supported
05-31 11:56:18.221 26374 26374 I cr_LibraryLoader: Loaded native library version number "91.0.4472.114"
05-31 11:56:18.222 26374 26374 I cr_CachingUmaRecorder: Flushed 6 samples from 6 histograms.
05-31 11:56:18.223   614   677 I ActivityManager: Start proc 26625:com.google.android.webview:webview_service/u0a116 for service {com.google.android.webview/org.chromium.android_webview.services.VariationsSeedServer}
05-31 11:56:18.228 26625 26625 W webview_servic: Unexpected CPU variant for X86 using defaults: x86_64
05-31 11:56:18.231 26625 26625 E webview_servic: Not starting debugger since process cannot load the jdwp agent.
05-31 11:56:18.265   614   677 I ActivityManager: Start proc 26644:com.google.android.webview:sandboxed_process0:org.chromium.content.app.SandboxedProcessService0:0/u0i7 for  {com.tmobile.tuesdays/org.chromium.content.app.SandboxedProcessService0:0}
05-31 11:56:18.265 26644 26644 W ocessService0:: Unexpected CPU variant for X86 using defaults: x86_64
05-31 11:56:18.297 26644 26644 E ocessService0:: Not starting debugger since process cannot load the jdwp agent.
05-31 11:56:18.321  1475  5109 I MediaProvider: Begin Intent { act=android.intent.action.MEDIA_SCANNER_SCAN_FILE dat=file:///sdcard/screen_2025-05-31_195618.png flg=0x1400010 cmp=com.google.android.providers.media.module/com.android.providers.media.MediaService }
05-31 11:56:18.323 26644 26644 I cr_ChildProcessService: Creating new ChildProcessService pid=26644
05-31 11:56:18.334  1475  5109 I MediaProvider: End Intent { act=android.intent.action.MEDIA_SCANNER_SCAN_FILE dat=file:///sdcard/screen_2025-05-31_195618.png flg=0x1400010 cmp=com.google.android.providers.media.module/com.android.providers.media.MediaService }
05-31 11:56:18.399  1475  5089 I MediaProvider: Deleted 0 1 0 0 0 0 0 items on external_primary due to com.android.shell
05-31 11:56:18.402  1312  2173 I UriTaskContentObserver: (REDACTED) Throttling content uri change event for %s
05-31 11:56:18.421 26374 26454 I WM-WorkerWrapper: Worker result SUCCESS for Work [ id=60856cdb-22b7-483e-9338-f884cca35eb4, tags={ airship, com.urbanairship.job.AirshipWorker } ]
05-31 11:56:18.457 26374 26660 W cr_media: Requires BLUETOOTH permission
05-31 11:56:18.519 26644 26680 I cr_LibraryLoader: Loaded native library version number "91.0.4472.114"
05-31 11:56:18.520 26644 26680 I cr_CachingUmaRecorder: Flushed 1 samples from 1 histograms.
05-31 11:56:18.527 26644 26680 W SystemServiceRegistry: No service published for: uimode
05-31 11:56:18.577 26374 26374 I Choreographer: Skipped 31 frames!  The application may be doing too much work on its main thread.
05-31 11:56:18.620   614  2860 I ActivityTaskManager: START u0 {cmp=com.tmobile.tuesdays/com.tmobile.tmte.controller.welcome.WelcomeScreenActivity} from uid 10168
05-31 11:56:18.631 26374 26418 E WM-WorkerWrapper: Didn't find WorkSpec for id 60856cdb-22b7-483e-9338-f884cca35eb4
05-31 11:56:18.660   614  1670 W ActivityTaskManager: Tried to set launchTime (0) < mLastActivityLaunchTime (1995952)
05-31 11:56:18.732  1475  5135 W MediaProvider: Failed to fetch original file descriptor
05-31 11:56:18.732  1475  5135 W MediaProvider: java.io.FileNotFoundException: Input file descriptor is already original
05-31 11:56:18.732  1475  5135 W MediaProvider: 	at com.android.providers.media.MediaProvider.getOriginalMediaFormatFileDescriptor(MediaProvider.java:5718)
05-31 11:56:18.732  1475  5135 W MediaProvider: 	at com.android.providers.media.MediaProvider.openTypedAssetFileCommon(MediaProvider.java:7134)
05-31 11:56:18.732  1475  5135 W MediaProvider: 	at com.android.providers.media.MediaProvider.openTypedAssetFile(MediaProvider.java:7115)
05-31 11:56:18.732  1475  5135 W MediaProvider: 	at android.content.ContentProvider$Transport.openTypedAssetFile(ContentProvider.java:548)
05-31 11:56:18.732  1475  5135 W MediaProvider: 	at android.content.ContentProviderNative.onTransact(ContentProviderNative.java:327)
05-31 11:56:18.732  1475  5135 W MediaProvider: 	at android.os.Binder.execTransactInternal(Binder.java:1179)
05-31 11:56:18.732  1475  5135 W MediaProvider: 	at android.os.Binder.execTransact(Binder.java:1143)
05-31 11:56:18.760   176   176 I hwservicemanager: getTransport: Cannot find entry android.hardware.media.omx@1.0::IOmx/default in either framework or device VINTF manifest.
05-31 11:56:18.780 26374 26480 W GoogleTagManager: Event does not have parameter "content_key" and no default value was defined. Returning "undefined".
05-31 11:56:18.786 26374 26480 W GoogleTagManager: Event does not have parameter "descriptor" and no default value was defined. Returning "undefined".
05-31 11:56:18.787 26374 26480 W GoogleTagManager: Event does not have parameter "module_type" and no default value was defined. Returning "undefined".
05-31 11:56:18.787 26374 26480 W GoogleTagManager: Event does not have parameter "descriptor" and no default value was defined. Returning "undefined".
05-31 11:56:18.788 26374 26480 W GoogleTagManager: Event does not have parameter "scroll_type" and no default value was defined. Returning "undefined".
05-31 11:56:18.789 26374 26480 W GoogleTagManager: Event does not have parameter "screen_name" and no default value was defined. Returning "undefined".
05-31 11:56:18.790 26374 26480 W GoogleTagManager: Event does not have parameter "screen_name" and no default value was defined. Returning "undefined".
05-31 11:56:18.790 26374 26480 W GoogleTagManager: Event does not have parameter "screen_name" and no default value was defined. Returning "undefined".
05-31 11:56:18.793 26374 26480 W GoogleTagManager: Event does not have parameter "descriptor" and no default value was defined. Returning "undefined".
05-31 11:56:18.888   387  1879 E AudioSystem: invalid attributes { Content type: AUDIO_CONTENT_TYPE_UNKNOWN Usage: AUDIO_USAGE_UNKNOWN Source: AUDIO_SOURCE_INVALID Flags: 0x800 Tags:  } when converting to stream
05-31 11:56:18.919 26374 26454 I WM-WorkerWrapper: Worker result SUCCESS for Work [ id=1a68887e-49b7-455a-8c11-8fad6ccc0c6e, tags={ airship, com.urbanairship.job.AirshipWorker } ]
05-31 11:56:18.948   385  1173 I SampleTable: There are reordered frames present.
05-31 11:56:18.966   387 26725 I GenericSource: start
05-31 11:56:18.997 26374 26382 I mobile.tuesday: Background concurrent copying GC freed 220030(16MB) AllocSpace objects, 88(10MB) LOS objects, 49% free, 10MB/21MB, paused 342us,171us total 192.364ms
05-31 11:56:19.129   387 26768 I CCodec  : setting up 'default' as default (vendor) store
05-31 11:56:19.133   334  1006 I GoldfishComponentStore: in init
05-31 11:56:19.133   334  1006 I GoldfishComponentStore: loading dll of path libcodec2_goldfish_avcdec.so
05-31 11:56:19.136   334  1006 I GoldfishComponentStore: Create()
05-31 11:56:19.144   334  1006 I GoldfishComponentStore: created interface
05-31 11:56:19.146   334  1006 I GoldfishComponentStore: created component
05-31 11:56:19.150   387 26768 I CCodec  : Created component [c2.goldfish.h264.decoder]
05-31 11:56:19.159   387 26768 I CCodecConfig: query failed after returning 12 values (BAD_INDEX)
05-31 11:56:19.161   387 26768 W ColorUtils: expected specified color aspects (2:0:0:0)
05-31 11:56:19.166   387 26766 I MediaCodec: [c2.goldfish.h264.decoder] setting surface generation to 396289
05-31 11:56:19.172   387 26768 W Codec2Client: query -- param skipped: index = 1107298332.
05-31 11:56:19.172   387 26768 W CCodec  : This behavior is subject to change. It is recommended that app developers double check whether the requested max input size is in reasonable range.
05-31 11:56:19.173   387 26768 I CCodecConfig: query failed after returning 12 values (BAD_INDEX)
05-31 11:56:19.175   387 26766 I MediaCodec: MediaCodec will operate in async mode
05-31 11:56:19.176   387 26768 W Codec2Client: query -- param skipped: index = 1342179345.
05-31 11:56:19.176   387 26768 W Codec2Client: query -- param skipped: index = 2415921170.
05-31 11:56:19.176   387 26768 W Codec2Client: query -- param skipped: index = 1610614798.
05-31 11:56:19.177   387 26768 W Codec2Client: query -- param skipped: index = 2684356609.
05-31 11:56:19.182   387 26768 I CCodecBufferChannel: [c2.goldfish.h264.decoder#508] Created output block pool with allocatorID 18 => poolID 17 - OK
05-31 11:56:19.200   614   663 I ActivityTaskManager: Displayed com.tmobile.tuesdays/com.tmobile.tmte.controller.welcome.WelcomeScreenActivity: +573ms
05-31 11:56:19.203   176   176 I hwservicemanager: getTransport: Cannot find entry android.hardware.graphics.mapper@4.0::IMapper/default in either framework or device VINTF manifest.
05-31 11:56:19.204   334 26775 I Gralloc4: mapper 4.x is not supported
05-31 11:56:19.211   176   176 I hwservicemanager: getTransport: Cannot find entry android.hardware.graphics.mapper@4.0::IMapper/default in either framework or device VINTF manifest.
05-31 11:56:19.212   387 26768 I Gralloc4: mapper 4.x is not supported
05-31 11:56:19.233 26374 26710 W System.err: java.net.UnknownHostException: Unable to resolve host "kyocmsprdwusto1.blob.core.windows.net": No address associated with hostname
05-31 11:56:19.235 26374 26710 W System.err: 	at java.net.Inet6AddressImpl.lookupHostByName(Inet6AddressImpl.java:124)
05-31 11:56:19.235 26374 26710 W System.err: 	at java.net.Inet6AddressImpl.lookupAllHostAddr(Inet6AddressImpl.java:103)
05-31 11:56:19.236 26374 26710 W System.err: 	at java.net.InetAddress.getAllByName(InetAddress.java:1152)
05-31 11:56:19.236 26374 26710 W System.err: 	at com.android.okhttp.Dns$1.lookup(Dns.java:41)
05-31 11:56:19.236 26374 26710 W System.err: 	at com.android.okhttp.internal.http.RouteSelector.resetNextInetSocketAddress(RouteSelector.java:178)
05-31 11:56:19.237 26374 26710 W System.err: 	at com.android.okhttp.internal.http.RouteSelector.nextProxy(RouteSelector.java:144)
05-31 11:56:19.237 26374 26710 W System.err: 	at com.android.okhttp.internal.http.RouteSelector.next(RouteSelector.java:86)
05-31 11:56:19.244   176   176 I hwservicemanager: getTransport: Cannot find entry android.hardware.graphics.mapper@4.0::IMapper/default in either framework or device VINTF manifest.
05-31 11:56:19.246 26374 26710 W System.err: 	at com.android.okhttp.internal.http.StreamAllocation.findConnection(StreamAllocation.java:176)
05-31 11:56:19.247 26374 26710 W System.err: 	at com.android.okhttp.internal.http.StreamAllocation.findHealthyConnection(StreamAllocation.java:128)
05-31 11:56:19.247 26374 26710 W System.err: 	at com.android.okhttp.internal.http.StreamAllocation.newStream(StreamAllocation.java:97)
05-31 11:56:19.247 26374 26710 W System.err: 	at com.android.okhttp.internal.http.HttpEngine.connect(HttpEngine.java:289)
05-31 11:56:19.247 26374 26710 W System.err: 	at com.android.okhttp.internal.http.HttpEngine.sendRequest(HttpEngine.java:232)
05-31 11:56:19.247 26374 26710 W System.err: 	at com.android.okhttp.internal.huc.HttpURLConnectionImpl.execute(HttpURLConnectionImpl.java:465)
05-31 11:56:19.247 26374 26710 W System.err: 	at com.android.okhttp.internal.huc.HttpURLConnectionImpl.connect(HttpURLConnectionImpl.java:131)
05-31 11:56:19.247 26374 26710 W System.err: 	at com.android.okhttp.internal.huc.DelegatingHttpsURLConnection.connect(DelegatingHttpsURLConnection.java:90)
05-31 11:56:19.247 26374 26710 W System.err: 	at com.android.okhttp.internal.huc.HttpsURLConnectionImpl.connect(HttpsURLConnectionImpl.java:30)
05-31 11:56:19.247 26374 26710 W System.err: 	at com.google.firebase.perf.network.e.b(InstrURLConnectionBase.java:5)
05-31 11:56:19.247 26374 26710 W System.err: 	at com.google.firebase.perf.network.d.connect(InstrHttpsURLConnection.java:1)
05-31 11:56:19.247 26374 26710 W System.err: 	at com.tmobile.tmte.p1.d0.L(Util.java:3)
05-31 11:56:19.247 26374 26710 W System.err: 	at com.tmobile.tmte.controller.welcome.splash.SplashScreenActivity.w(SplashScreenActivity.java:7)
05-31 11:56:19.247 26374 26710 W System.err: 	at com.tmobile.tmte.controller.welcome.splash.h.run(Unknown Source:0)
05-31 11:56:19.247 26374 26710 W System.err: 	at java.lang.Thread.run(Thread.java:920)
05-31 11:56:19.249   334 26775 I Gralloc4: mapper 4.x is not supported
05-31 11:56:19.258   387 26766 W ResourceManagerService: Ignoring request to add new resource entry with value <= 0
05-31 11:56:19.258   387 26768 I DMABUFHEAPS: Using DMA-BUF heap named: system
05-31 11:56:19.322   334 26774 I android.hardware.media.c2@1.0-service-goldfish: successfully allocated 33558528 bytes in goldfish_address_block
05-31 11:56:19.322   334 26774 I android.hardware.media.c2@1.0-service-goldfish: guest address is 0x75a121dd1000
05-31 11:56:19.323   334 26774 I android.hardware.media.c2@1.0-service-goldfish: successfully pinged host to allocate memory
05-31 11:56:19.505 26374 26454 I WM-WorkerWrapper: Worker result SUCCESS for Work [ id=dbb9bec6-1d10-41fc-bcfa-a255c5dd9fd8, tags={ airship, com.urbanairship.job.AirshipWorker } ]
05-31 11:56:19.527 26374 26454 I WM-WorkerWrapper: Worker result SUCCESS for Work [ id=bdf5eab6-1836-45a3-ab3e-cef675e340e4, tags={ airship, com.urbanairship.job.AirshipWorker } ]
05-31 11:56:19.536 26374 26793 W Glide   : Load failed for https://kyocmsprdwusto1.blob.core.windows.net/assets/ios/2x/learn_more_wheel.png with size [-2147483648x-2147483648]
05-31 11:56:19.536 26374 26793 W Glide   : class com.bumptech.glide.load.o.q: Failed to load resource
05-31 11:56:19.536 26374 26793 W Glide   : There were 3 causes:
05-31 11:56:19.536 26374 26793 W Glide   : java.net.UnknownHostException(Unable to resolve host "kyocmsprdwusto1.blob.core.windows.net": No address associated with hostname)
05-31 11:56:19.536 26374 26793 W Glide   : javax.net.ssl.SSLHandshakeException(connection closed)
05-31 11:56:19.536 26374 26793 W Glide   : com.bumptech.glide.h$e(Failed to find source encoder for data class: class android.net.Uri$StringUri)
05-31 11:56:19.536 26374 26793 W Glide   :  call GlideException#logRootCauses(String) for more detail
05-31 11:56:19.536 26374 26793 W Glide   :   Cause (1 of 3): class com.bumptech.glide.load.o.q: Fetching data failed, class java.io.InputStream, REMOTE
05-31 11:56:19.536 26374 26793 W Glide   : There was 1 cause:
05-31 11:56:19.536 26374 26793 W Glide   : java.net.UnknownHostException(Unable to resolve host "kyocmsprdwusto1.blob.core.windows.net": No address associated with hostname)
05-31 11:56:19.536 26374 26793 W Glide   :  call GlideException#logRootCauses(String) for more detail
05-31 11:56:19.536 26374 26793 W Glide   :     Cause (1 of 1): class java.net.UnknownHostException: Unable to resolve host "kyocmsprdwusto1.blob.core.windows.net": No address associated with hostname
05-31 11:56:19.536 26374 26793 W Glide   :   Cause (2 of 3): class com.bumptech.glide.load.o.q: Fetching data failed, class java.io.InputStream, REMOTE
05-31 11:56:19.536 26374 26793 W Glide   : There was 1 cause:
05-31 11:56:19.536 26374 26793 W Glide   : javax.net.ssl.SSLHandshakeException(connection closed)
05-31 11:56:19.536 26374 26793 W Glide   :  call GlideException#logRootCauses(String) for more detail
05-31 11:56:19.536 26374 26793 W Glide   :     Cause (1 of 1): class javax.net.ssl.SSLHandshakeException: connection closed
05-31 11:56:19.536 26374 26793 W Glide   :   Cause (3 of 3): class com.bumptech.glide.h$e: Failed to find source encoder for data class: class android.net.Uri$StringUri
05-31 11:56:19.536 26374 26793 I Glide   : Root cause (1 of 3)
05-31 11:56:19.537 26374 26793 I Glide   : Root cause (2 of 3)
05-31 11:56:19.537 26374 26793 I Glide   : javax.net.ssl.SSLHandshakeException: connection closed
05-31 11:56:19.537 26374 26793 I Glide   : 	at com.android.org.conscrypt.SSLUtils.toSSLHandshakeException(SSLUtils.java:363)
05-31 11:56:19.537 26374 26793 I Glide   : 	at com.android.org.conscrypt.ConscryptEngineSocket.doHandshake(ConscryptEngineSocket.java:243)
05-31 11:56:19.537 26374 26793 I Glide   : 	at com.android.org.conscrypt.ConscryptEngineSocket.startHandshake(ConscryptEngineSocket.java:220)
05-31 11:56:19.537 26374 26793 I Glide   : 	at com.android.okhttp.internal.io.RealConnection.connectTls(RealConnection.java:196)
05-31 11:56:19.537 26374 26793 I Glide   : 	at com.android.okhttp.internal.io.RealConnection.connectSocket(RealConnection.java:153)
05-31 11:56:19.537 26374 26793 I Glide   : 	at com.android.okhttp.internal.io.RealConnection.connect(RealConnection.java:116)
05-31 11:56:19.537 26374 26793 I Glide   : 	at com.android.okhttp.internal.http.StreamAllocation.findConnection(StreamAllocation.java:186)
05-31 11:56:19.537 26374 26793 I Glide   : 	at com.android.okhttp.internal.http.StreamAllocation.findHealthyConnection(StreamAllocation.java:128)
05-31 11:56:19.537 26374 26793 I Glide   : 	at com.android.okhttp.internal.http.StreamAllocation.newStream(StreamAllocation.java:97)
05-31 11:56:19.537 26374 26793 I Glide   : 	at com.android.okhttp.internal.http.HttpEngine.connect(HttpEngine.java:289)
05-31 11:56:19.537 26374 26793 I Glide   : 	at com.android.okhttp.internal.http.HttpEngine.sendRequest(HttpEngine.java:232)
05-31 11:56:19.537 26374 26793 I Glide   : 	at com.android.okhttp.internal.huc.HttpURLConnectionImpl.execute(HttpURLConnectionImpl.java:465)
05-31 11:56:19.537 26374 26793 I Glide   : 	at com.android.okhttp.internal.huc.HttpURLConnectionImpl.connect(HttpURLConnectionImpl.java:131)
05-31 11:56:19.537 26374 26793 I Glide   : 	at com.android.okhttp.internal.huc.DelegatingHttpsURLConnection.connect(DelegatingHttpsURLConnection.java:90)
05-31 11:56:19.537 26374 26793 I Glide   : 	at com.android.okhttp.internal.huc.HttpsURLConnectionImpl.connect(HttpsURLConnectionImpl.java:30)
05-31 11:56:19.537 26374 26793 I Glide   : 	at com.google.firebase.perf.network.e.b(InstrURLConnectionBase.java:5)
05-31 11:56:19.537 26374 26793 I Glide   : 	at com.google.firebase.perf.network.d.connect(InstrHttpsURLConnection.java:1)
05-31 11:56:19.537 26374 26793 I Glide   : 	at com.bumptech.glide.load.n.j.h(HttpUrlFetcher.java:11)
05-31 11:56:19.537 26374 26793 I Glide   : 	at com.bumptech.glide.load.n.j.e(HttpUrlFetcher.java:2)
05-31 11:56:19.537 26374 26793 I Glide   : 	at com.bumptech.glide.load.o.z.h(SourceGenerator.java:3)
05-31 11:56:19.537 26374 26793 I Glide   : 	at com.bumptech.glide.load.o.z.a(SourceGenerator.java:12)
05-31 11:56:19.537 26374 26793 I Glide   : 	at com.bumptech.glide.load.o.h.P(DecodeJob.java:4)
05-31 11:56:19.537 26374 26793 I Glide   : 	at com.bumptech.glide.load.o.h.e(DecodeJob.java:8)
05-31 11:56:19.537 26374 26793 I Glide   : 	at com.bumptech.glide.load.o.z.g(SourceGenerator.java:1)
05-31 11:56:19.537 26374 26793 I Glide   : 	at com.bumptech.glide.load.o.z$a.c(SourceGenerator.java:2)
05-31 11:56:19.537 26374 26793 I Glide   : 	at com.bumptech.glide.load.n.j.e(HttpUrlFetcher.java:8)
05-31 11:56:19.537 26374 26793 I Glide   : 	at com.bumptech.glide.load.o.z.h(SourceGenerator.java:3)
05-31 11:56:19.537 26374 26793 I Glide   : 	at com.bumptech.glide.load.o.z.a(SourceGenerator.java:12)
05-31 11:56:19.537 26374 26793 I Glide   : 	at com.bumptech.glide.load.o.h.P(DecodeJob.java:4)
05-31 11:56:19.537 26374 26793 I Glide   : 	at com.bumptech.glide.load.o.h.R(DecodeJob.java:4)
05-31 11:56:19.537 26374 26793 I Glide   : 	at com.bumptech.glide.load.o.h.run(DecodeJob.java:7)
05-31 11:56:19.537 26374 26793 I Glide   : 	at java.util.concurrent.ThreadPoolExecutor.runWorker(ThreadPoolExecutor.java:1167)
05-31 11:56:19.537 26374 26793 I Glide   : 	at java.util.concurrent.ThreadPoolExecutor$Worker.run(ThreadPoolExecutor.java:641)
05-31 11:56:19.537 26374 26793 I Glide   : 	at java.lang.Thread.run(Thread.java:920)
05-31 11:56:19.537 26374 26793 I Glide   : 	at com.bumptech.glide.load.o.c0.a$b$a.run(GlideExecutor.java:6)
05-31 11:56:19.537 26374 26793 I Glide   : Caused by: java.io.EOFException: connection closed
05-31 11:56:19.537 26374 26793 I Glide   : 	... 34 more
05-31 11:56:19.537 26374 26793 I Glide   : Root cause (3 of 3)
05-31 11:56:19.537 26374 26793 I Glide   : com.bumptech.glide.h$e: Failed to find source encoder for data class: class android.net.Uri$StringUri
05-31 11:56:19.537 26374 26793 I Glide   : 	at com.bumptech.glide.h.m(Registry.java:2)
05-31 11:56:19.537 26374 26793 I Glide   : 	at com.bumptech.glide.load.o.g.p(DecodeHelper.java:1)
05-31 11:56:19.537 26374 26793 I Glide   : 	at com.bumptech.glide.load.o.z.b(SourceGenerator.java:2)
05-31 11:56:19.537 26374 26793 I Glide   : 	at com.bumptech.glide.load.o.z.a(SourceGenerator.java:3)
05-31 11:56:19.537 26374 26793 I Glide   : 	at com.bumptech.glide.load.o.h.P(DecodeJob.java:4)
05-31 11:56:19.537 26374 26793 I Glide   : 	at com.bumptech.glide.load.o.h.R(DecodeJob.java:4)
05-31 11:56:19.537 26374 26793 I Glide   : 	at com.bumptech.glide.load.o.h.run(DecodeJob.java:7)
05-31 11:56:19.537 26374 26793 I Glide   : 	at java.util.concurrent.ThreadPoolExecutor.runWorker(ThreadPoolExecutor.java:1167)
05-31 11:56:19.537 26374 26793 I Glide   : 	at java.util.concurrent.ThreadPoolExecutor$Worker.run(ThreadPoolExecutor.java:641)
05-31 11:56:19.537 26374 26793 I Glide   : 	at java.lang.Thread.run(Thread.java:920)
05-31 11:56:19.537 26374 26793 I Glide   : 	at com.bumptech.glide.load.o.c0.a$b$a.run(GlideExecutor.java:6)
05-31 11:56:19.537 26374 26793 E GlideExecutor: Request threw uncaught throwable
05-31 11:56:19.537 26374 26793 E GlideExecutor: com.bumptech.glide.h$e: Failed to find source encoder for data class: class android.net.Uri$StringUri
05-31 11:56:19.537 26374 26793 E GlideExecutor: 	at com.bumptech.glide.h.m(Registry.java:2)
05-31 11:56:19.537 26374 26793 E GlideExecutor: 	at com.bumptech.glide.load.o.g.p(DecodeHelper.java:1)
05-31 11:56:19.537 26374 26793 E GlideExecutor: 	at com.bumptech.glide.load.o.z.b(SourceGenerator.java:2)
05-31 11:56:19.537 26374 26793 E GlideExecutor: 	at com.bumptech.glide.load.o.z.a(SourceGenerator.java:3)
05-31 11:56:19.537 26374 26793 E GlideExecutor: 	at com.bumptech.glide.load.o.h.P(DecodeJob.java:4)
05-31 11:56:19.537 26374 26793 E GlideExecutor: 	at com.bumptech.glide.load.o.h.R(DecodeJob.java:4)
05-31 11:56:19.537 26374 26793 E GlideExecutor: 	at com.bumptech.glide.load.o.h.run(DecodeJob.java:7)
05-31 11:56:19.537 26374 26793 E GlideExecutor: 	at java.util.concurrent.ThreadPoolExecutor.runWorker(ThreadPoolExecutor.java:1167)
05-31 11:56:19.537 26374 26793 E GlideExecutor: 	at java.util.concurrent.ThreadPoolExecutor$Worker.run(ThreadPoolExecutor.java:641)
05-31 11:56:19.537 26374 26793 E GlideExecutor: 	at java.lang.Thread.run(Thread.java:920)
05-31 11:56:19.537 26374 26793 E GlideExecutor: 	at com.bumptech.glide.load.o.c0.a$b$a.run(GlideExecutor.java:6)
05-31 11:56:19.624 26374 26614 W Glide   : Load failed for https://kyocmsprdwusto1.blob.core.windows.net/assets/ios/2x/learn_more_swag.png with size [-2147483648x-2147483648]
05-31 11:56:19.624 26374 26614 W Glide   : class com.bumptech.glide.load.o.q: Failed to load resource
05-31 11:56:19.624 26374 26614 W Glide   : There were 3 causes:
05-31 11:56:19.624 26374 26614 W Glide   : java.net.UnknownHostException(Unable to resolve host "kyocmsprdwusto1.blob.core.windows.net": No address associated with hostname)
05-31 11:56:19.624 26374 26614 W Glide   : javax.net.ssl.SSLHandshakeException(connection closed)
05-31 11:56:19.624 26374 26614 W Glide   : com.bumptech.glide.h$e(Failed to find source encoder for data class: class android.net.Uri$StringUri)
05-31 11:56:19.624 26374 26614 W Glide   :  call GlideException#logRootCauses(String) for more detail
05-31 11:56:19.624 26374 26614 W Glide   :   Cause (1 of 3): class com.bumptech.glide.load.o.q: Fetching data failed, class java.io.InputStream, REMOTE
05-31 11:56:19.624 26374 26614 W Glide   : There was 1 cause:
05-31 11:56:19.624 26374 26614 W Glide   : java.net.UnknownHostException(Unable to resolve host "kyocmsprdwusto1.blob.core.windows.net": No address associated with hostname)
05-31 11:56:19.624 26374 26614 W Glide   :  call GlideException#logRootCauses(String) for more detail
05-31 11:56:19.624 26374 26614 W Glide   :     Cause (1 of 1): class java.net.UnknownHostException: Unable to resolve host "kyocmsprdwusto1.blob.core.windows.net": No address associated with hostname
05-31 11:56:19.624 26374 26614 W Glide   :   Cause (2 of 3): class com.bumptech.glide.load.o.q: Fetching data failed, class java.io.InputStream, REMOTE
05-31 11:56:19.624 26374 26614 W Glide   : There was 1 cause:
05-31 11:56:19.624 26374 26614 W Glide   : javax.net.ssl.SSLHandshakeException(connection closed)
05-31 11:56:19.624 26374 26614 W Glide   :  call GlideException#logRootCauses(String) for more detail
05-31 11:56:19.624 26374 26614 W Glide   :     Cause (1 of 1): class javax.net.ssl.SSLHandshakeException: connection closed
05-31 11:56:19.624 26374 26614 W Glide   :   Cause (3 of 3): class com.bumptech.glide.h$e: Failed to find source encoder for data class: class android.net.Uri$StringUri
05-31 11:56:19.624 26374 26614 I Glide   : Root cause (1 of 3)
05-31 11:56:19.626 26374 26616 W Glide   : Load failed for https://kyocmsprdwusto1.blob.core.windows.net/assets/ios/2x/learn_more_offer.png with size [-2147483648x-2147483648]
05-31 11:56:19.626 26374 26616 W Glide   : class com.bumptech.glide.load.o.q: Failed to load resource
05-31 11:56:19.626 26374 26616 W Glide   : There were 3 causes:
05-31 11:56:19.626 26374 26616 W Glide   : java.net.UnknownHostException(Unable to resolve host "kyocmsprdwusto1.blob.core.windows.net": No address associated with hostname)
05-31 11:56:19.626 26374 26616 W Glide   : javax.net.ssl.SSLHandshakeException(connection closed)
05-31 11:56:19.626 26374 26616 W Glide   : com.bumptech.glide.h$e(Failed to find source encoder for data class: class android.net.Uri$StringUri)
05-31 11:56:19.626 26374 26616 W Glide   :  call GlideException#logRootCauses(String) for more detail
05-31 11:56:19.626 26374 26616 W Glide   :   Cause (1 of 3): class com.bumptech.glide.load.o.q: Fetching data failed, class java.io.InputStream, REMOTE
05-31 11:56:19.626 26374 26616 W Glide   : There was 1 cause:
05-31 11:56:19.626 26374 26616 W Glide   : java.net.UnknownHostException(Unable to resolve host "kyocmsprdwusto1.blob.core.windows.net": No address associated with hostname)
05-31 11:56:19.626 26374 26616 W Glide   :  call GlideException#logRootCauses(String) for more detail
05-31 11:56:19.626 26374 26616 W Glide   :     Cause (1 of 1): class java.net.UnknownHostException: Unable to resolve host "kyocmsprdwusto1.blob.core.windows.net": No address associated with hostname
05-31 11:56:19.626 26374 26616 W Glide   :   Cause (2 of 3): class com.bumptech.glide.load.o.q: Fetching data failed, class java.io.InputStream, REMOTE
05-31 11:56:19.626 26374 26616 W Glide   : There was 1 cause:
05-31 11:56:19.626 26374 26616 W Glide   : javax.net.ssl.SSLHandshakeException(connection closed)
05-31 11:56:19.626 26374 26616 W Glide   :  call GlideException#logRootCauses(String) for more detail
05-31 11:56:19.626 26374 26616 W Glide   :     Cause (1 of 1): class javax.net.ssl.SSLHandshakeException: connection closed
05-31 11:56:19.626 26374 26616 W Glide   :   Cause (3 of 3): class com.bumptech.glide.h$e: Failed to find source encoder for data class: class android.net.Uri$StringUri
05-31 11:56:19.626 26374 26616 I Glide   : Root cause (1 of 3)
05-31 11:56:19.627 26374 26616 I Glide   : Root cause (2 of 3)
05-31 11:56:19.627 26374 26616 I Glide   : javax.net.ssl.SSLHandshakeException: connection closed
05-31 11:56:19.627 26374 26616 I Glide   : 	at com.android.org.conscrypt.SSLUtils.toSSLHandshakeException(SSLUtils.java:363)
05-31 11:56:19.627 26374 26616 I Glide   : 	at com.android.org.conscrypt.ConscryptEngineSocket.doHandshake(ConscryptEngineSocket.java:243)
05-31 11:56:19.627 26374 26616 I Glide   : 	at com.android.org.conscrypt.ConscryptEngineSocket.startHandshake(ConscryptEngineSocket.java:220)
05-31 11:56:19.627 26374 26616 I Glide   : 	at com.android.okhttp.internal.io.RealConnection.connectTls(RealConnection.java:196)
05-31 11:56:19.627 26374 26616 I Glide   : 	at com.android.okhttp.internal.io.RealConnection.connectSocket(RealConnection.java:153)
05-31 11:56:19.627 26374 26616 I Glide   : 	at com.android.okhttp.internal.io.RealConnection.connect(RealConnection.java:116)
05-31 11:56:19.627 26374 26616 I Glide   : 	at com.android.okhttp.internal.http.StreamAllocation.findConnection(StreamAllocation.java:186)
05-31 11:56:19.627 26374 26616 I Glide   : 	at com.android.okhttp.internal.http.StreamAllocation.findHealthyConnection(StreamAllocation.java:128)
05-31 11:56:19.627 26374 26616 I Glide   : 	at com.android.okhttp.internal.http.StreamAllocation.newStream(StreamAllocation.java:97)
05-31 11:56:19.627 26374 26616 I Glide   : 	at com.android.okhttp.internal.http.HttpEngine.connect(HttpEngine.java:289)
05-31 11:56:19.627 26374 26616 I Glide   : 	at com.android.okhttp.internal.http.HttpEngine.sendRequest(HttpEngine.java:232)
05-31 11:56:19.627 26374 26616 I Glide   : 	at com.android.okhttp.internal.huc.HttpURLConnectionImpl.execute(HttpURLConnectionImpl.java:465)
05-31 11:56:19.627 26374 26616 I Glide   : 	at com.android.okhttp.internal.huc.HttpURLConnectionImpl.connect(HttpURLConnectionImpl.java:131)
05-31 11:56:19.627 26374 26616 I Glide   : 	at com.android.okhttp.internal.huc.DelegatingHttpsURLConnection.connect(DelegatingHttpsURLConnection.java:90)
05-31 11:56:19.627 26374 26616 I Glide   : 	at com.android.okhttp.internal.huc.HttpsURLConnectionImpl.connect(HttpsURLConnectionImpl.java:30)
05-31 11:56:19.627 26374 26616 I Glide   : 	at com.google.firebase.perf.network.e.b(InstrURLConnectionBase.java:5)
05-31 11:56:19.627 26374 26616 I Glide   : 	at com.google.firebase.perf.network.d.connect(InstrHttpsURLConnection.java:1)
05-31 11:56:19.627 26374 26616 I Glide   : 	at com.bumptech.glide.load.n.j.h(HttpUrlFetcher.java:11)
05-31 11:56:19.627 26374 26616 I Glide   : 	at com.bumptech.glide.load.n.j.e(HttpUrlFetcher.java:2)
05-31 11:56:19.627 26374 26616 I Glide   : 	at com.bumptech.glide.load.o.z.h(SourceGenerator.java:3)
05-31 11:56:19.627 26374 26616 I Glide   : 	at com.bumptech.glide.load.o.z.a(SourceGenerator.java:12)
05-31 11:56:19.627 26374 26616 I Glide   : 	at com.bumptech.glide.load.o.h.P(DecodeJob.java:4)
05-31 11:56:19.627 26374 26616 I Glide   : 	at com.bumptech.glide.load.o.h.e(DecodeJob.java:8)
05-31 11:56:19.627 26374 26616 I Glide   : 	at com.bumptech.glide.load.o.z.g(SourceGenerator.java:1)
05-31 11:56:19.627 26374 26616 I Glide   : 	at com.bumptech.glide.load.o.z$a.c(SourceGenerator.java:2)
05-31 11:56:19.627 26374 26616 I Glide   : 	at com.bumptech.glide.load.n.j.e(HttpUrlFetcher.java:8)
05-31 11:56:19.627 26374 26616 I Glide   : 	at com.bumptech.glide.load.o.z.h(SourceGenerator.java:3)
05-31 11:56:19.627 26374 26616 I Glide   : 	at com.bumptech.glide.load.o.z.a(SourceGenerator.java:12)
05-31 11:56:19.627 26374 26616 I Glide   : 	at com.bumptech.glide.load.o.h.P(DecodeJob.java:4)
05-31 11:56:19.627 26374 26616 I Glide   : 	at com.bumptech.glide.load.o.h.R(DecodeJob.java:4)
05-31 11:56:19.627 26374 26616 I Glide   : 	at com.bumptech.glide.load.o.h.run(DecodeJob.java:7)
05-31 11:56:19.627 26374 26616 I Glide   : 	at java.util.concurrent.ThreadPoolExecutor.runWorker(ThreadPoolExecutor.java:1167)
05-31 11:56:19.627 26374 26616 I Glide   : 	at java.util.concurrent.ThreadPoolExecutor$Worker.run(ThreadPoolExecutor.java:641)
05-31 11:56:19.627 26374 26616 I Glide   : 	at java.lang.Thread.run(Thread.java:920)
05-31 11:56:19.627 26374 26616 I Glide   : 	at com.bumptech.glide.load.o.c0.a$b$a.run(GlideExecutor.java:6)
05-31 11:56:19.627 26374 26616 I Glide   : Caused by: java.io.EOFException: connection closed
05-31 11:56:19.627 26374 26616 I Glide   : 	... 34 more
05-31 11:56:19.627 26374 26616 I Glide   : Root cause (3 of 3)
05-31 11:56:19.627 26374 26616 I Glide   : com.bumptech.glide.h$e: Failed to find source encoder for data class: class android.net.Uri$StringUri
05-31 11:56:19.627 26374 26616 I Glide   : 	at com.bumptech.glide.h.m(Registry.java:2)
05-31 11:56:19.627 26374 26616 I Glide   : 	at com.bumptech.glide.load.o.g.p(DecodeHelper.java:1)
05-31 11:56:19.627 26374 26616 I Glide   : 	at com.bumptech.glide.load.o.z.b(SourceGenerator.java:2)
05-31 11:56:19.627 26374 26616 I Glide   : 	at com.bumptech.glide.load.o.z.a(SourceGenerator.java:3)
05-31 11:56:19.627 26374 26616 I Glide   : 	at com.bumptech.glide.load.o.h.P(DecodeJob.java:4)
05-31 11:56:19.627 26374 26616 I Glide   : 	at com.bumptech.glide.load.o.h.R(DecodeJob.java:4)
05-31 11:56:19.627 26374 26616 I Glide   : 	at com.bumptech.glide.load.o.h.run(DecodeJob.java:7)
05-31 11:56:19.627 26374 26616 I Glide   : 	at java.util.concurrent.ThreadPoolExecutor.runWorker(ThreadPoolExecutor.java:1167)
05-31 11:56:19.627 26374 26616 I Glide   : 	at java.util.concurrent.ThreadPoolExecutor$Worker.run(ThreadPoolExecutor.java:641)
05-31 11:56:19.627 26374 26616 I Glide   : 	at java.lang.Thread.run(Thread.java:920)
05-31 11:56:19.627 26374 26616 I Glide   : 	at com.bumptech.glide.load.o.c0.a$b$a.run(GlideExecutor.java:6)
05-31 11:56:19.628 26374 26614 I Glide   : Root cause (2 of 3)
05-31 11:56:19.628 26374 26614 I Glide   : javax.net.ssl.SSLHandshakeException: connection closed
05-31 11:56:19.628 26374 26614 I Glide   : 	at com.android.org.conscrypt.SSLUtils.toSSLHandshakeException(SSLUtils.java:363)
05-31 11:56:19.628 26374 26614 I Glide   : 	at com.android.org.conscrypt.ConscryptEngineSocket.doHandshake(ConscryptEngineSocket.java:243)
05-31 11:56:19.628 26374 26614 I Glide   : 	at com.android.org.conscrypt.ConscryptEngineSocket.startHandshake(ConscryptEngineSocket.java:220)
05-31 11:56:19.628 26374 26614 I Glide   : 	at com.android.okhttp.internal.io.RealConnection.connectTls(RealConnection.java:196)
05-31 11:56:19.628 26374 26614 I Glide   : 	at com.android.okhttp.internal.io.RealConnection.connectSocket(RealConnection.java:153)
05-31 11:56:19.628 26374 26614 I Glide   : 	at com.android.okhttp.internal.io.RealConnection.connect(RealConnection.java:116)
05-31 11:56:19.628 26374 26614 I Glide   : 	at com.android.okhttp.internal.http.StreamAllocation.findConnection(StreamAllocation.java:186)
05-31 11:56:19.628 26374 26614 I Glide   : 	at com.android.okhttp.internal.http.StreamAllocation.findHealthyConnection(StreamAllocation.java:128)
05-31 11:56:19.628 26374 26614 I Glide   : 	at com.android.okhttp.internal.http.StreamAllocation.newStream(StreamAllocation.java:97)
05-31 11:56:19.628 26374 26614 I Glide   : 	at com.android.okhttp.internal.http.HttpEngine.connect(HttpEngine.java:289)
05-31 11:56:19.628 26374 26614 I Glide   : 	at com.android.okhttp.internal.http.HttpEngine.sendRequest(HttpEngine.java:232)
05-31 11:56:19.628 26374 26614 I Glide   : 	at com.android.okhttp.internal.huc.HttpURLConnectionImpl.execute(HttpURLConnectionImpl.java:465)
05-31 11:56:19.628 26374 26614 I Glide   : 	at com.android.okhttp.internal.huc.HttpURLConnectionImpl.connect(HttpURLConnectionImpl.java:131)
05-31 11:56:19.628 26374 26614 I Glide   : 	at com.android.okhttp.internal.huc.DelegatingHttpsURLConnection.connect(DelegatingHttpsURLConnection.java:90)
05-31 11:56:19.628 26374 26614 I Glide   : 	at com.android.okhttp.internal.huc.HttpsURLConnectionImpl.connect(HttpsURLConnectionImpl.java:30)
05-31 11:56:19.628 26374 26614 I Glide   : 	at com.google.firebase.perf.network.e.b(InstrURLConnectionBase.java:5)
05-31 11:56:19.628 26374 26614 I Glide   : 	at com.google.firebase.perf.network.d.connect(InstrHttpsURLConnection.java:1)
05-31 11:56:19.628 26374 26614 I Glide   : 	at com.bumptech.glide.load.n.j.h(HttpUrlFetcher.java:11)
05-31 11:56:19.628 26374 26614 I Glide   : 	at com.bumptech.glide.load.n.j.e(HttpUrlFetcher.java:2)
05-31 11:56:19.628 26374 26614 I Glide   : 	at com.bumptech.glide.load.o.z.h(SourceGenerator.java:3)
05-31 11:56:19.628 26374 26614 I Glide   : 	at com.bumptech.glide.load.o.z.a(SourceGenerator.java:12)
05-31 11:56:19.628 26374 26614 I Glide   : 	at com.bumptech.glide.load.o.h.P(DecodeJob.java:4)
05-31 11:56:19.628 26374 26614 I Glide   : 	at com.bumptech.glide.load.o.h.e(DecodeJob.java:8)
05-31 11:56:19.628 26374 26614 I Glide   : 	at com.bumptech.glide.load.o.z.g(SourceGenerator.java:1)
05-31 11:56:19.628 26374 26614 I Glide   : 	at com.bumptech.glide.load.o.z$a.c(SourceGenerator.java:2)
05-31 11:56:19.628 26374 26614 I Glide   : 	at com.bumptech.glide.load.n.j.e(HttpUrlFetcher.java:8)
05-31 11:56:19.628 26374 26614 I Glide   : 	at com.bumptech.glide.load.o.z.h(SourceGenerator.java:3)
05-31 11:56:19.628 26374 26614 I Glide   : 	at com.bumptech.glide.load.o.z.a(SourceGenerator.java:12)
05-31 11:56:19.628 26374 26614 I Glide   : 	at com.bumptech.glide.load.o.h.P(DecodeJob.java:4)
05-31 11:56:19.628 26374 26614 I Glide   : 	at com.bumptech.glide.load.o.h.R(DecodeJob.java:4)
05-31 11:56:19.628 26374 26614 I Glide   : 	at com.bumptech.glide.load.o.h.run(DecodeJob.java:7)
05-31 11:56:19.628 26374 26614 I Glide   : 	at java.util.concurrent.ThreadPoolExecutor.runWorker(ThreadPoolExecutor.java:1167)
05-31 11:56:19.628 26374 26614 I Glide   : 	at java.util.concurrent.ThreadPoolExecutor$Worker.run(ThreadPoolExecutor.java:641)
05-31 11:56:19.628 26374 26614 I Glide   : 	at java.lang.Thread.run(Thread.java:920)
05-31 11:56:19.628 26374 26614 I Glide   : 	at com.bumptech.glide.load.o.c0.a$b$a.run(GlideExecutor.java:6)
05-31 11:56:19.628 26374 26614 I Glide   : Caused by: java.io.EOFException: connection closed
05-31 11:56:19.628 26374 26614 I Glide   : 	... 34 more
05-31 11:56:19.629 26374 26614 I Glide   : Root cause (3 of 3)
05-31 11:56:19.629 26374 26614 I Glide   : com.bumptech.glide.h$e: Failed to find source encoder for data class: class android.net.Uri$StringUri
05-31 11:56:19.629 26374 26614 I Glide   : 	at com.bumptech.glide.h.m(Registry.java:2)
05-31 11:56:19.629 26374 26614 I Glide   : 	at com.bumptech.glide.load.o.g.p(DecodeHelper.java:1)
05-31 11:56:19.629 26374 26614 I Glide   : 	at com.bumptech.glide.load.o.z.b(SourceGenerator.java:2)
05-31 11:56:19.629 26374 26614 I Glide   : 	at com.bumptech.glide.load.o.z.a(SourceGenerator.java:3)
05-31 11:56:19.629 26374 26614 I Glide   : 	at com.bumptech.glide.load.o.h.P(DecodeJob.java:4)
05-31 11:56:19.629 26374 26614 I Glide   : 	at com.bumptech.glide.load.o.h.R(DecodeJob.java:4)
05-31 11:56:19.629 26374 26614 I Glide   : 	at com.bumptech.glide.load.o.h.run(DecodeJob.java:7)
05-31 11:56:19.629 26374 26614 I Glide   : 	at java.util.concurrent.ThreadPoolExecutor.runWorker(ThreadPoolExecutor.java:1167)
05-31 11:56:19.629 26374 26614 I Glide   : 	at java.util.concurrent.ThreadPoolExecutor$Worker.run(ThreadPoolExecutor.java:641)
05-31 11:56:19.629 26374 26614 I Glide   : 	at java.lang.Thread.run(Thread.java:920)
05-31 11:56:19.629 26374 26614 I Glide   : 	at com.bumptech.glide.load.o.c0.a$b$a.run(GlideExecutor.java:6)
05-31 11:56:19.629 26374 26616 E GlideExecutor: Request threw uncaught throwable
