05-31 11:56:19.629 26374 26616 E GlideExecutor: com.bumptech.glide.h$e: Failed to find source encoder for data class: class android.net.Uri$StringUri
05-31 11:56:19.629 26374 26616 E GlideExecutor: 	at com.bumptech.glide.h.m(Registry.java:2)
05-31 11:56:19.629 26374 26616 E GlideExecutor: 	at com.bumptech.glide.load.o.g.p(DecodeHelper.java:1)
05-31 11:56:19.629 26374 26616 E GlideExecutor: 	at com.bumptech.glide.load.o.z.b(SourceGenerator.java:2)
05-31 11:56:19.629 26374 26616 E GlideExecutor: 	at com.bumptech.glide.load.o.z.a(SourceGenerator.java:3)
05-31 11:56:19.629 26374 26616 E GlideExecutor: 	at com.bumptech.glide.load.o.h.P(DecodeJob.java:4)
05-31 11:56:19.629 26374 26616 E GlideExecutor: 	at com.bumptech.glide.load.o.h.R(DecodeJob.java:4)
05-31 11:56:19.629 26374 26616 E GlideExecutor: 	at com.bumptech.glide.load.o.h.run(DecodeJob.java:7)
05-31 11:56:19.629 26374 26616 E GlideExecutor: 	at java.util.concurrent.ThreadPoolExecutor.runWorker(ThreadPoolExecutor.java:1167)
05-31 11:56:19.629 26374 26616 E GlideExecutor: 	at java.util.concurrent.ThreadPoolExecutor$Worker.run(ThreadPoolExecutor.java:641)
05-31 11:56:19.629 26374 26616 E GlideExecutor: 	at java.lang.Thread.run(Thread.java:920)
05-31 11:56:19.629 26374 26616 E GlideExecutor: 	at com.bumptech.glide.load.o.c0.a$b$a.run(GlideExecutor.java:6)
05-31 11:56:19.631 26374 26614 E GlideExecutor: Request threw uncaught throwable
05-31 11:56:19.631 26374 26614 E GlideExecutor: com.bumptech.glide.h$e: Failed to find source encoder for data class: class android.net.Uri$StringUri
05-31 11:56:19.631 26374 26614 E GlideExecutor: 	at com.bumptech.glide.h.m(Registry.java:2)
05-31 11:56:19.631 26374 26614 E GlideExecutor: 	at com.bumptech.glide.load.o.g.p(DecodeHelper.java:1)
05-31 11:56:19.631 26374 26614 E GlideExecutor: 	at com.bumptech.glide.load.o.z.b(SourceGenerator.java:2)
05-31 11:56:19.631 26374 26614 E GlideExecutor: 	at com.bumptech.glide.load.o.z.a(SourceGenerator.java:3)
05-31 11:56:19.631 26374 26614 E GlideExecutor: 	at com.bumptech.glide.load.o.h.P(DecodeJob.java:4)
05-31 11:56:19.631 26374 26614 E GlideExecutor: 	at com.bumptech.glide.load.o.h.R(DecodeJob.java:4)
05-31 11:56:19.631 26374 26614 E GlideExecutor: 	at com.bumptech.glide.load.o.h.run(DecodeJob.java:7)
05-31 11:56:19.631 26374 26614 E GlideExecutor: 	at java.util.concurrent.ThreadPoolExecutor.runWorker(ThreadPoolExecutor.java:1167)
05-31 11:56:19.631 26374 26614 E GlideExecutor: 	at java.util.concurrent.ThreadPoolExecutor$Worker.run(ThreadPoolExecutor.java:641)
05-31 11:56:19.631 26374 26614 E GlideExecutor: 	at java.lang.Thread.run(Thread.java:920)
05-31 11:56:19.631 26374 26614 E GlideExecutor: 	at com.bumptech.glide.load.o.c0.a$b$a.run(GlideExecutor.java:6)
05-31 11:56:19.641 26374 26454 I WM-WorkerWrapper: Worker result SUCCESS for Work [ id=1bbf82f6-8367-479a-b8ff-4459b2e60684, tags={ airship, com.urbanairship.job.AirshipWorker } ]
05-31 11:56:19.660 26374 26374 I RadarLogger:  Radar initialized
05-31 11:56:19.676 26374 26388 W MediaPlayerNative: info/warning (3, 0)
05-31 11:56:19.757 26374 26480 W GoogleTagManager: Event does not have parameter "content_key" and no default value was defined. Returning "undefined".
05-31 11:56:19.767 26374 26480 W GoogleTagManager: Event does not have parameter "descriptor" and no default value was defined. Returning "undefined".
05-31 11:56:19.768 26374 26480 W GoogleTagManager: Event does not have parameter "module_type" and no default value was defined. Returning "undefined".
05-31 11:56:19.768 26374 26480 W GoogleTagManager: Event does not have parameter "descriptor" and no default value was defined. Returning "undefined".
05-31 11:56:19.770 26374 26480 W GoogleTagManager: Event does not have parameter "scroll_type" and no default value was defined. Returning "undefined".
05-31 11:56:19.790 26374 26480 W GoogleTagManager: Event does not have parameter "descriptor" and no default value was defined. Returning "undefined".
05-31 11:56:19.805 26374 26457 E WM-WorkerWrapper: Didn't find WorkSpec for id 1bbf82f6-8367-479a-b8ff-4459b2e60684
05-31 11:56:19.821   614  2623 W InputManager-JNI: Input channel object '6aa8b8 com.tmobile.tuesdays/com.tmobile.tmte.Launcher (client)' was disposed without first being removed with the input manager!
05-31 11:56:19.891 26374 26710 W System.err: javax.net.ssl.SSLHandshakeException: connection closed
05-31 11:56:19.891 26374 26710 W System.err: 	at com.android.org.conscrypt.SSLUtils.toSSLHandshakeException(SSLUtils.java:363)
05-31 11:56:19.891 26374 26710 W System.err: 	at com.android.org.conscrypt.ConscryptEngineSocket.doHandshake(ConscryptEngineSocket.java:243)
05-31 11:56:19.891 26374 26710 W System.err: 	at com.android.org.conscrypt.ConscryptEngineSocket.startHandshake(ConscryptEngineSocket.java:220)
05-31 11:56:19.891 26374 26710 W System.err: 	at com.android.okhttp.internal.io.RealConnection.connectTls(RealConnection.java:196)
05-31 11:56:19.891 26374 26710 W System.err: 	at com.android.okhttp.internal.io.RealConnection.connectSocket(RealConnection.java:153)
05-31 11:56:19.891 26374 26710 W System.err: 	at com.android.okhttp.internal.io.RealConnection.connect(RealConnection.java:116)
05-31 11:56:19.891 26374 26710 W System.err: 	at com.android.okhttp.internal.http.StreamAllocation.findConnection(StreamAllocation.java:186)
05-31 11:56:19.891 26374 26710 W System.err: 	at com.android.okhttp.internal.http.StreamAllocation.findHealthyConnection(StreamAllocation.java:128)
05-31 11:56:19.891 26374 26710 W System.err: 	at com.android.okhttp.internal.http.StreamAllocation.newStream(StreamAllocation.java:97)
05-31 11:56:19.891 26374 26710 W System.err: 	at com.android.okhttp.internal.http.HttpEngine.connect(HttpEngine.java:289)
05-31 11:56:19.891 26374 26710 W System.err: 	at com.android.okhttp.internal.http.HttpEngine.sendRequest(HttpEngine.java:232)
05-31 11:56:19.891 26374 26710 W System.err: 	at com.android.okhttp.internal.huc.HttpURLConnectionImpl.execute(HttpURLConnectionImpl.java:465)
05-31 11:56:19.891 26374 26710 W System.err: 	at com.android.okhttp.internal.huc.HttpURLConnectionImpl.connect(HttpURLConnectionImpl.java:131)
05-31 11:56:19.891 26374 26710 W System.err: 	at com.android.okhttp.internal.huc.DelegatingHttpsURLConnection.connect(DelegatingHttpsURLConnection.java:90)
05-31 11:56:19.891 26374 26710 W System.err: 	at com.android.okhttp.internal.huc.HttpsURLConnectionImpl.connect(HttpsURLConnectionImpl.java:30)
05-31 11:56:19.891 26374 26710 W System.err: 	at com.google.firebase.perf.network.e.b(InstrURLConnectionBase.java:5)
05-31 11:56:19.891 26374 26710 W System.err: 	at com.google.firebase.perf.network.d.connect(InstrHttpsURLConnection.java:1)
05-31 11:56:19.891 26374 26710 W System.err: 	at com.tmobile.tmte.p1.d0.L(Util.java:3)
05-31 11:56:19.891 26374 26710 W System.err: 	at com.tmobile.tmte.controller.welcome.splash.SplashScreenActivity.w(SplashScreenActivity.java:9)
05-31 11:56:19.891 26374 26710 W System.err: 	at com.tmobile.tmte.controller.welcome.splash.h.run(Unknown Source:0)
05-31 11:56:19.891 26374 26710 W System.err: 	at java.lang.Thread.run(Thread.java:920)
05-31 11:56:19.891 26374 26710 W System.err: Caused by: java.io.EOFException: connection closed
05-31 11:56:19.891 26374 26710 W System.err: 	... 20 more
05-31 11:56:20.036 26374 26382 I mobile.tuesday: Background young concurrent copying GC freed 99158(8927KB) AllocSpace objects, 22(1012KB) LOS objects, 45% free, 12MB/21MB, paused 1.095ms,285us total 137.910ms
05-31 11:56:20.146  1705  1727 I gle.android.gm: Background young concurrent copying GC freed 71862(4170KB) AllocSpace objects, 22(1016KB) LOS objects, 46% free, 19MB/36MB, paused 290us,54us total 272.457ms
05-31 11:56:20.174  5669 26831 I ProvidersCache: Provider returned no roots. Possibly naughty: com.google.android.apps.docs.storage
05-31 11:56:20.284 26374 26480 W GoogleTagManager: No user property available for "location_primer" and no default value was defined. Returning "undefined".
05-31 11:56:20.285 26374 26480 W GoogleTagManager: No user property available for "dark_mode" and no default value was defined. Returning "undefined".
05-31 11:56:20.287 26374 26480 W GoogleTagManager: UniversalAnalyticsTag has been decommissioned.
05-31 11:56:20.294 26374 26480 W GoogleTagManager: Event does not have parameter "content_key" and no default value was defined. Returning "undefined".
05-31 11:56:20.297 26374 26480 W GoogleTagManager: Event does not have parameter "descriptor" and no default value was defined. Returning "undefined".
05-31 11:56:20.297 26374 26480 W GoogleTagManager: Event does not have parameter "module_type" and no default value was defined. Returning "undefined".
05-31 11:56:20.297 26374 26480 W GoogleTagManager: Event does not have parameter "descriptor" and no default value was defined. Returning "undefined".
05-31 11:56:20.297 26374 26480 W GoogleTagManager: Event does not have parameter "scroll_type" and no default value was defined. Returning "undefined".
05-31 11:56:20.298 26374 26480 W GoogleTagManager: Event does not have parameter "screen_name" and no default value was defined. Returning "undefined".
05-31 11:56:20.298 26374 26480 W GoogleTagManager: Event does not have parameter "screen_name" and no default value was defined. Returning "undefined".
05-31 11:56:20.299 26374 26480 W GoogleTagManager: Event does not have parameter "screen_name" and no default value was defined. Returning "undefined".
05-31 11:56:20.299 26374 26480 W GoogleTagManager: Event does not have parameter "descriptor" and no default value was defined. Returning "undefined".
05-31 11:56:20.481 26374 26454 I WM-WorkerWrapper: Worker result SUCCESS for Work [ id=a6872040-8e6b-4e19-9c7f-dcd2e7cff1cd, tags={ airship, com.urbanairship.job.AirshipWorker } ]
05-31 11:56:20.498  5669 26851 I ProvidersCache: Provider returned no roots. Possibly naughty: com.google.android.apps.docs.storage
05-31 11:56:20.516 26374 26374 W JavaBridge: type=1400 audit(0.0:530): avc: denied { bind } for scontext=u:r:untrusted_app:s0:c168,c256,c512,c768 tcontext=u:r:untrusted_app:s0:c168,c256,c512,c768 tclass=netlink_route_socket permissive=0 bug=b/155595000 app=com.tmobile.tuesdays
05-31 11:56:20.516 26374 26374 W JavaBridge: type=1400 audit(0.0:531): avc: denied { nlmsg_readpriv } for scontext=u:r:untrusted_app:s0:c168,c256,c512,c768 tcontext=u:r:untrusted_app:s0:c168,c256,c512,c768 tclass=netlink_route_socket permissive=0 bug=b/155595000 app=com.tmobile.tuesdays
05-31 11:56:20.622 26374 26480 W GoogleTagManager: No user property available for "location_primer" and no default value was defined. Returning "undefined".
05-31 11:56:20.623 26374 26480 W GoogleTagManager: No user property available for "dark_mode" and no default value was defined. Returning "undefined".
05-31 11:56:20.623 26374 26480 W GoogleTagManager: Dropping the invalid UA tag field name Participant_Key
05-31 11:56:20.625 26374 26480 W GoogleTagManager: UniversalAnalyticsTag has been decommissioned.
05-31 11:56:20.673 26374 26480 W GoogleTagManager: Event does not have parameter "content_key" and no default value was defined. Returning "undefined".
05-31 11:56:20.681 26374 26480 W GoogleTagManager: Event does not have parameter "descriptor" and no default value was defined. Returning "undefined".
05-31 11:56:20.681 26374 26480 W GoogleTagManager: Event does not have parameter "module_type" and no default value was defined. Returning "undefined".
05-31 11:56:20.682 26374 26480 W GoogleTagManager: Event does not have parameter "descriptor" and no default value was defined. Returning "undefined".
05-31 11:56:20.682 26374 26480 W GoogleTagManager: Event does not have parameter "scroll_type" and no default value was defined. Returning "undefined".
05-31 11:56:20.683 26374 26480 W GoogleTagManager: Event does not have parameter "screen_name" and no default value was defined. Returning "undefined".
05-31 11:56:20.685 26374 26480 W GoogleTagManager: Event does not have parameter "screen_name" and no default value was defined. Returning "undefined".
05-31 11:56:20.688 26374 26480 W GoogleTagManager: Event does not have parameter "screen_name" and no default value was defined. Returning "undefined".
05-31 11:56:20.689 26374 26480 W GoogleTagManager: Event does not have parameter "descriptor" and no default value was defined. Returning "undefined".
05-31 11:56:20.695 26374 26480 W GoogleTagManager: No user property available for "location_primer" and no default value was defined. Returning "undefined".
05-31 11:56:20.696 26374 26480 W GoogleTagManager: No user property available for "dark_mode" and no default value was defined. Returning "undefined".
05-31 11:56:20.696 26374 26480 W GoogleTagManager: Dropping the invalid UA tag field name Participant_Key
05-31 11:56:20.698 26374 26480 W GoogleTagManager: UniversalAnalyticsTag has been decommissioned.
05-31 11:56:20.703 26374 26480 W GoogleTagManager: Event does not have parameter "content_key" and no default value was defined. Returning "undefined".
05-31 11:56:20.707 26374 26480 W GoogleTagManager: Event does not have parameter "descriptor" and no default value was defined. Returning "undefined".
05-31 11:56:20.707 26374 26480 W GoogleTagManager: Event does not have parameter "module_type" and no default value was defined. Returning "undefined".
05-31 11:56:20.707 26374 26480 W GoogleTagManager: Event does not have parameter "descriptor" and no default value was defined. Returning "undefined".
05-31 11:56:20.708 26374 26480 W GoogleTagManager: Event does not have parameter "scroll_type" and no default value was defined. Returning "undefined".
05-31 11:56:20.710 26374 26480 W GoogleTagManager: Event does not have parameter "descriptor" and no default value was defined. Returning "undefined".
05-31 11:56:20.758 26374 26480 W GoogleTagManager: No user property available for "location_primer" and no default value was defined. Returning "undefined".
05-31 11:56:20.759 26374 26480 W GoogleTagManager: No user property available for "dark_mode" and no default value was defined. Returning "undefined".
05-31 11:56:20.761 26374 26480 W GoogleTagManager: UniversalAnalyticsTag has been decommissioned.
05-31 11:56:20.936 26374 26374 W JavaBridge: type=1400 audit(0.0:532): avc: denied { bind } for scontext=u:r:untrusted_app:s0:c168,c256,c512,c768 tcontext=u:r:untrusted_app:s0:c168,c256,c512,c768 tclass=netlink_route_socket permissive=0 bug=b/155595000 app=com.tmobile.tuesdays
05-31 11:56:20.936 26374 26374 W JavaBridge: type=1400 audit(0.0:533): avc: denied { nlmsg_readpriv } for scontext=u:r:untrusted_app:s0:c168,c256,c512,c768 tcontext=u:r:untrusted_app:s0:c168,c256,c512,c768 tclass=netlink_route_socket permissive=0 bug=b/155595000 app=com.tmobile.tuesdays
05-31 11:56:21.509  1475  4300 W MediaProvider: isAppCloneUserPair for user 0: false
05-31 11:56:21.542   176   176 I hwservicemanager: getTransport: Cannot find entry android.hardware.graphics.mapper@4.0::IMapper/default in either framework or device VINTF manifest.
05-31 11:56:21.542 26873 26877 I Gralloc4: mapper 4.x is not supported
05-31 11:56:22.541  5669 26892 I ProvidersCache: Provider returned no roots. Possibly naughty: com.google.android.apps.docs.storage
05-31 11:56:22.612  1475  5109 I MediaProvider: Begin Intent { act=android.intent.action.MEDIA_SCANNER_SCAN_FILE dat=file:///sdcard/screen_2025-05-31_195621.png flg=0x1400010 cmp=com.google.android.providers.media.module/com.android.providers.media.MediaService }
05-31 11:56:22.642  1475  5109 I MediaProvider: End Intent { act=android.intent.action.MEDIA_SCANNER_SCAN_FILE dat=file:///sdcard/screen_2025-05-31_195621.png flg=0x1400010 cmp=com.google.android.providers.media.module/com.android.providers.media.MediaService }
05-31 11:56:22.742  1475  1748 I MediaProvider: Deleted 0 1 0 0 0 0 0 items on external_primary due to com.android.shell
05-31 11:56:22.980   614   635 W System  : A resource failed to call release. 
05-31 11:56:23.647   340   340 E android.hardware.power.stats@1.0-service-mock: Failed to getEnergyData
05-31 11:56:23.725  1475  1745 W MediaProvider: isAppCloneUserPair for user 0: false
05-31 11:56:23.744  5669 26941 I ProvidersCache: Provider returned no roots. Possibly naughty: com.google.android.apps.docs.storage
05-31 11:56:23.747   176   176 I hwservicemanager: getTransport: Cannot find entry android.hardware.graphics.mapper@4.0::IMapper/default in either framework or device VINTF manifest.
05-31 11:56:23.747 26936 26944 I Gralloc4: mapper 4.x is not supported
05-31 11:56:24.607  1475  5109 I MediaProvider: Begin Intent { act=android.intent.action.MEDIA_SCANNER_SCAN_FILE dat=file:///sdcard/screen_2025-05-31_195623.png flg=0x1400010 cmp=com.google.android.providers.media.module/com.android.providers.media.MediaService }
05-31 11:56:24.619  1475  5109 I MediaProvider: End Intent { act=android.intent.action.MEDIA_SCANNER_SCAN_FILE dat=file:///sdcard/screen_2025-05-31_195623.png flg=0x1400010 cmp=com.google.android.providers.media.module/com.android.providers.media.MediaService }
05-31 11:56:24.735  1475  1748 I MediaProvider: Deleted 0 1 0 0 0 0 0 items on external_primary due to com.android.shell
05-31 11:56:24.789  5669 26957 I ProvidersCache: Provider returned no roots. Possibly naughty: com.google.android.apps.docs.storage
05-31 11:56:25.651  1475  4300 W MediaProvider: isAppCloneUserPair for user 0: false
05-31 11:56:25.668   176   176 I hwservicemanager: getTransport: Cannot find entry android.hardware.graphics.mapper@4.0::IMapper/default in either framework or device VINTF manifest.
05-31 11:56:25.669 26989 26991 I Gralloc4: mapper 4.x is not supported
05-31 11:56:26.444  1475  5109 I MediaProvider: Begin Intent { act=android.intent.action.MEDIA_SCANNER_SCAN_FILE dat=file:///sdcard/screen_2025-05-31_195625.png flg=0x1400010 cmp=com.google.android.providers.media.module/com.android.providers.media.MediaService }
05-31 11:56:26.477  1475  5109 I MediaProvider: End Intent { act=android.intent.action.MEDIA_SCANNER_SCAN_FILE dat=file:///sdcard/screen_2025-05-31_195625.png flg=0x1400010 cmp=com.google.android.providers.media.module/com.android.providers.media.MediaService }
05-31 11:56:26.524  5669 27000 I ProvidersCache: Provider returned no roots. Possibly naughty: com.google.android.apps.docs.storage
05-31 11:56:26.586  1475  5089 I MediaProvider: Deleted 0 1 0 0 0 0 0 items on external_primary due to com.android.shell
05-31 11:56:26.697 26374 26457 I WM-WorkerWrapper: Worker result SUCCESS for Work [ id=b3e69cb9-adbb-47ad-9b66-ba5bd966e27b, tags={ airship, com.urbanairship.job.AirshipWorker } ]
05-31 11:56:26.717  1705 26496 W FA-SVC  : No number filter for long property. property: _fot
05-31 11:56:26.717  1705 26496 W FA-SVC  : No number filter for long property. property: _fot
05-31 11:56:26.727  1705 26496 W FA-SVC  : No number filter for long property. property: _fot
05-31 11:56:26.727  1705 26496 W FA-SVC  : No number filter for long property. property: _fot
05-31 11:56:26.735 10446 10446 I Finsky  : [2] aipn.onStartJob(126): SCH: job service start with id 9332.
05-31 11:56:26.743  1705 26496 W FA-SVC  : No number filter for long property. property: _fot
05-31 11:56:26.744 10446 26079 I Finsky  : [288] nje.a(184): SCH: Satisfied jobs for 9332 are: 12-1
05-31 11:56:26.744  1705 26496 W FA-SVC  : No number filter for long property. property: _fot
05-31 11:56:26.747 10446 27011 I Finsky  : [291] aioi.accept(105): SCH: Job 12-1 starting
05-31 11:56:26.751 10446 10446 I Finsky  : [2] ContentSyncJob.i(9): [ContentSync] job started
05-31 11:56:26.761  1705 26496 W FA-SVC  : No number filter for long property. property: _fot
05-31 11:56:26.761  1705 26496 W FA-SVC  : No number filter for long property. property: _fot
05-31 11:56:26.776  1705 26496 W FA-SVC  : No number filter for long property. property: _fot
05-31 11:56:26.776  1705 26496 W FA-SVC  : No number filter for long property. property: _fot
05-31 11:56:26.777  5669 27019 I ProvidersCache: Provider returned no roots. Possibly naughty: com.google.android.apps.docs.storage
05-31 11:56:26.791  1705 26496 W FA-SVC  : No number filter for long property. property: _fot
05-31 11:56:26.791  1705 26496 W FA-SVC  : No number filter for long property. property: _fot
05-31 11:56:26.869 10446 27014 I Finsky  : [292] nrn.a(199): App states replicator found 7 unowned apps
05-31 11:56:26.870   175   175 I servicemanager: Notifying apexservice they have clients: 0
05-31 11:56:26.874   175   175 I BpBinder: onLastStrongRef automatically unlinking death recipients: <uncached descriptor>
05-31 11:56:26.892 10446 27014 I Finsky  : [292] nrs.b(18): Completed 0 account content syncs with 0 successful.
05-31 11:56:26.895 10446 10446 I Finsky  : [2] ContentSyncJob.a(12): [ContentSync] Installation state replication succeeded.
05-31 11:56:26.895 10446 10446 I Finsky  : [2] ainv.q(56): SCH: jobFinished: 12-1. TimeElapsed: 148ms.
05-31 11:56:26.920 10446 10512 I Finsky  : [70] sju.accept(58): SCH: Scheduling phonesky job Id: 1-1337, CT: 1748678741643, Constraints: [{ L: 14399997, D: 47407351, C: CHARGING_NONE, I: IDLE_NONE, N: NET_ANY, B: BATTERY_ANY }]
05-31 11:56:26.925 10446 10531 I Finsky  : [77] njf.apply(251): SCH: Scheduling 1 system job(s)
05-31 11:56:26.925 10446 10531 I Finsky  : [77] ains.b(244): SCH: Scheduling system job Id: 9334, L: 554715, D: 33562069, C: false, I: false, N: 1
05-31 11:56:26.933 10446 27011 I Finsky  : [291] aipn.a(24): SCH: job service finished with id 9332.
05-31 11:56:27.616  5669 27083 I ProvidersCache: Provider returned no roots. Possibly naughty: com.google.android.apps.docs.storage
05-31 11:56:27.744   614   755 I RoleService: Granting default roles...
05-31 11:56:27.766   614   614 I Telecom : DefaultDialerCache: Refreshing default dialer for user 0: now com.android.dialer: DDC.oR@AQQ
05-31 11:56:27.771   614   768 I InputReader: Reconfiguring input devices, changes=KEYBOARD_LAYOUTS | 
05-31 11:56:27.825  2404 26011 W Role    : Cannot get ApplicationInfo for default holder: com.google.android.contacts
05-31 11:56:27.827  5669 27096 I ProvidersCache: Provider returned no roots. Possibly naughty: com.google.android.apps.docs.storage
05-31 11:56:27.832  2404  5895 I PermissionControllerServiceImpl: Updating user sensitive for uid 10168
05-31 11:56:27.841  2404 26011 W Role    : Cannot get ApplicationInfo for default holder: com.google.android.as
05-31 11:56:27.895   334 26774 W C2BqBuffer: last successful dequeue was 4696710 us ago, 0 consecutive failures
05-31 11:56:28.008  2404 26011 W Role    : Cannot get ApplicationInfo for default holder: com.google.android.as
05-31 11:56:28.009  2404 26011 W Role    : Cannot get ApplicationInfo for default holder: com.google.android.as
05-31 11:56:28.057  1705 26496 I AdvertisingIdClient: shouldSendLog 1907810
05-31 11:56:28.057  1705 26496 I AdvertisingIdClient: GetInfoInternal elapse 0ms
05-31 11:56:28.062 26374 26480 W GoogleTagManager: Event does not have parameter "content_key" and no default value was defined. Returning "undefined".
05-31 11:56:28.066 26374 26480 W GoogleTagManager: Event does not have parameter "descriptor" and no default value was defined. Returning "undefined".
05-31 11:56:28.067 26374 26480 W GoogleTagManager: Event does not have parameter "module_type" and no default value was defined. Returning "undefined".
05-31 11:56:28.067 26374 26480 W GoogleTagManager: Event does not have parameter "descriptor" and no default value was defined. Returning "undefined".
05-31 11:56:28.067 26374 26480 W GoogleTagManager: Event does not have parameter "scroll_type" and no default value was defined. Returning "undefined".
05-31 11:56:28.070 26374 26480 W GoogleTagManager: Event does not have parameter "descriptor" and no default value was defined. Returning "undefined".
05-31 11:56:28.103  2404 26011 W Role    : Cannot get ApplicationInfo for default holder: com.google.android.as
05-31 11:56:28.135 26374 26480 W GoogleTagManager: No user property available for "location_primer" and no default value was defined. Returning "undefined".
05-31 11:56:28.139 26374 26480 W GoogleTagManager: No user property available for "dark_mode" and no default value was defined. Returning "undefined".
05-31 11:56:28.159 26374 26480 W GoogleTagManager: UniversalAnalyticsTag has been decommissioned.
05-31 11:56:28.234  2404 26011 W Role    : Cannot get ApplicationInfo for default holder: com.google.android.as
05-31 11:56:28.240  2404 26011 W Role    : Cannot get ApplicationInfo for default holder: com.google.android.as
05-31 11:56:28.466  5669 27111 I ProvidersCache: Provider returned no roots. Possibly naughty: com.google.android.apps.docs.storage
05-31 11:56:29.255  1475  1748 W MediaProvider: isAppCloneUserPair for user 0: false
05-31 11:56:29.305   176   176 I hwservicemanager: getTransport: Cannot find entry android.hardware.graphics.mapper@4.0::IMapper/default in either framework or device VINTF manifest.
05-31 11:56:29.315 27128 27130 I Gralloc4: mapper 4.x is not supported
05-31 11:56:30.036  1312 26217 I NetworkScheduler.Stats: (REDACTED) Task %s/%s started execution. cause:%s exec_start_elapsed_seconds: %s
05-31 11:56:30.039  1312 26216 I NetworkScheduler.Stats: (REDACTED) Task %s/%s finished executing. cause:%s result: %s elapsed_millis: %s uptime_millis: %s exec_start_elapsed_seconds: %s
05-31 11:56:30.206  1312  1325 I .gms.persisten: Background young concurrent copying GC freed 139243(6884KB) AllocSpace objects, 1(16KB) LOS objects, 19% free, 28MB/34MB, paused 378us,63us total 163.918ms
05-31 11:56:30.369  1475  5109 I MediaProvider: Begin Intent { act=android.intent.action.MEDIA_SCANNER_SCAN_FILE dat=file:///sdcard/screen_2025-05-31_195629.png flg=0x1400010 cmp=com.google.android.providers.media.module/com.android.providers.media.MediaService }
05-31 11:56:30.385  1475  5109 I MediaProvider: End Intent { act=android.intent.action.MEDIA_SCANNER_SCAN_FILE dat=file:///sdcard/screen_2025-05-31_195629.png flg=0x1400010 cmp=com.google.android.providers.media.module/com.android.providers.media.MediaService }
05-31 11:56:30.518  1475  5089 I MediaProvider: Deleted 0 1 0 0 0 0 0 items on external_primary due to com.android.shell
05-31 11:56:31.340  1475  4300 W MediaProvider: isAppCloneUserPair for user 0: false
05-31 11:56:31.388   176   176 I hwservicemanager: getTransport: Cannot find entry android.hardware.graphics.mapper@4.0::IMapper/default in either framework or device VINTF manifest.
05-31 11:56:31.389 27173 27177 I Gralloc4: mapper 4.x is not supported
05-31 11:56:31.586  5669 27184 I ProvidersCache: Provider returned no roots. Possibly naughty: com.google.android.apps.docs.storage
05-31 11:56:32.153  1475  5109 I MediaProvider: Begin Intent { act=android.intent.action.MEDIA_SCANNER_SCAN_FILE dat=file:///sdcard/screen_2025-05-31_195631.png flg=0x1400010 cmp=com.google.android.providers.media.module/com.android.providers.media.MediaService }
05-31 11:56:32.164  1475  5109 I MediaProvider: End Intent { act=android.intent.action.MEDIA_SCANNER_SCAN_FILE dat=file:///sdcard/screen_2025-05-31_195631.png flg=0x1400010 cmp=com.google.android.providers.media.module/com.android.providers.media.MediaService }
05-31 11:56:32.335  1475  1748 I MediaProvider: Deleted 0 1 0 0 0 0 0 items on external_primary due to com.android.shell
05-31 11:56:32.815  5669 27222 I ProvidersCache: Provider returned no roots. Possibly naughty: com.google.android.apps.docs.storage
05-31 11:56:33.074  1475  5089 W MediaProvider: isAppCloneUserPair for user 0: false
05-31 11:56:33.110   176   176 I hwservicemanager: getTransport: Cannot find entry android.hardware.graphics.mapper@4.0::IMapper/default in either framework or device VINTF manifest.
05-31 11:56:33.110 27234 27236 I Gralloc4: mapper 4.x is not supported
05-31 11:56:33.754  1475  5109 I MediaProvider: Begin Intent { act=android.intent.action.MEDIA_SCANNER_SCAN_FILE dat=file:///sdcard/screen_2025-05-31_195633.png flg=0x1400010 cmp=com.google.android.providers.media.module/com.android.providers.media.MediaService }
05-31 11:56:33.815  1475  5109 I MediaProvider: End Intent { act=android.intent.action.MEDIA_SCANNER_SCAN_FILE dat=file:///sdcard/screen_2025-05-31_195633.png flg=0x1400010 cmp=com.google.android.providers.media.module/com.android.providers.media.MediaService }
05-31 11:56:33.819  5669 27246 I ProvidersCache: Provider returned no roots. Possibly naughty: com.google.android.apps.docs.storage
05-31 11:56:33.905  1475  1748 I MediaProvider: Deleted 0 1 0 0 0 0 0 items on external_primary due to com.android.shell
05-31 11:56:34.823  5669 27291 I ProvidersCache: Provider returned no roots. Possibly naughty: com.google.android.apps.docs.storage
05-31 11:56:35.737  5669 27342 I ProvidersCache: Provider returned no roots. Possibly naughty: com.google.android.apps.docs.storage
05-31 11:56:35.853 26374 26480 W GoogleTagManager: Event does not have parameter "content_key" and no default value was defined. Returning "undefined".
05-31 11:56:35.857 26374 26480 W GoogleTagManager: Event does not have parameter "descriptor" and no default value was defined. Returning "undefined".
05-31 11:56:35.857 26374 26480 W GoogleTagManager: Event does not have parameter "module_type" and no default value was defined. Returning "undefined".
05-31 11:56:35.857 26374 26480 W GoogleTagManager: Event does not have parameter "descriptor" and no default value was defined. Returning "undefined".
05-31 11:56:35.858 26374 26480 W GoogleTagManager: Event does not have parameter "scroll_type" and no default value was defined. Returning "undefined".
05-31 11:56:35.870 26374 26480 W GoogleTagManager: Event does not have parameter "descriptor" and no default value was defined. Returning "undefined".
05-31 11:56:35.920 26374 26480 W GoogleTagManager: No user property available for "location_primer" and no default value was defined. Returning "undefined".
05-31 11:56:35.921 26374 26480 W GoogleTagManager: No user property available for "dark_mode" and no default value was defined. Returning "undefined".
05-31 11:56:35.923 26374 26480 W GoogleTagManager: UniversalAnalyticsTag has been decommissioned.
05-31 11:56:36.659  5669 27353 I ProvidersCache: Provider returned no roots. Possibly naughty: com.google.android.apps.docs.storage
05-31 11:56:37.179  1475  4300 W MediaProvider: isAppCloneUserPair for user 0: false
05-31 11:56:37.214   176   176 I hwservicemanager: getTransport: Cannot find entry android.hardware.graphics.mapper@4.0::IMapper/default in either framework or device VINTF manifest.
05-31 11:56:37.214 27370 27372 I Gralloc4: mapper 4.x is not supported
05-31 11:56:37.791  1475  5109 I MediaProvider: Begin Intent { act=android.intent.action.MEDIA_SCANNER_SCAN_FILE dat=file:///sdcard/screen_2025-05-31_195637.png flg=0x1400010 cmp=com.google.android.providers.media.module/com.android.providers.media.MediaService }
05-31 11:56:37.801  1475  5109 I MediaProvider: End Intent { act=android.intent.action.MEDIA_SCANNER_SCAN_FILE dat=file:///sdcard/screen_2025-05-31_195637.png flg=0x1400010 cmp=com.google.android.providers.media.module/com.android.providers.media.MediaService }
05-31 11:56:37.927  1475  1748 I MediaProvider: Deleted 0 1 0 0 0 0 0 items on external_primary due to com.android.shell
05-31 11:56:38.328  1705 26496 I AdvertisingIdClient: shouldSendLog 1907810
05-31 11:56:38.328  1705 26496 I AdvertisingIdClient: GetInfoInternal elapse 0ms
05-31 11:56:38.455 26374 26480 W GoogleTagManager: Event does not have parameter "content_key" and no default value was defined. Returning "undefined".
05-31 11:56:38.461 26374 26480 W GoogleTagManager: Event does not have parameter "descriptor" and no default value was defined. Returning "undefined".
05-31 11:56:38.462 26374 26480 W GoogleTagManager: Event does not have parameter "module_type" and no default value was defined. Returning "undefined".
05-31 11:56:38.462 26374 26480 W GoogleTagManager: Event does not have parameter "descriptor" and no default value was defined. Returning "undefined".
05-31 11:56:38.463 26374 26480 W GoogleTagManager: Event does not have parameter "scroll_type" and no default value was defined. Returning "undefined".
05-31 11:56:38.465 26374 26480 W GoogleTagManager: Event does not have parameter "descriptor" and no default value was defined. Returning "undefined".
05-31 11:56:38.467 26374 26480 W GoogleTagManager: No user property available for "location_primer" and no default value was defined. Returning "undefined".
05-31 11:56:38.468 26374 26480 W GoogleTagManager: No user property available for "dark_mode" and no default value was defined. Returning "undefined".
05-31 11:56:38.471 26374 26480 W GoogleTagManager: UniversalAnalyticsTag has been decommissioned.
05-31 11:56:38.623  1475  1745 W MediaProvider: isAppCloneUserPair for user 0: false
05-31 11:56:38.672   176   176 I hwservicemanager: getTransport: Cannot find entry android.hardware.graphics.mapper@4.0::IMapper/default in either framework or device VINTF manifest.
05-31 11:56:38.672 27415 27417 I Gralloc4: mapper 4.x is not supported
05-31 11:56:38.738   387 26766 I CCodecConfig: query failed after returning 12 values (BAD_INDEX)
05-31 11:56:38.739   387 26766 W Codec2Client: query -- param skipped: index = 1342179345.
05-31 11:56:38.739   387 26766 W Codec2Client: query -- param skipped: index = 2415921170.
05-31 11:56:38.739   387 26766 W Codec2Client: query -- param skipped: index = 1610614798.
05-31 11:56:39.261   614   637 I ActivityTaskManager: START u0 {flg=0x4000000 cmp=com.tmobile.tuesdays/com.tmobile.tmte.controller.authentication.AuthenticationActivity (has extras)} from uid 10168
05-31 11:56:39.327   614   637 W ActivityTaskManager: Tried to set launchTime (0) < mLastActivityLaunchTime (1999484)
05-31 11:56:39.373  5669 27428 I ProvidersCache: Provider returned no roots. Possibly naughty: com.google.android.apps.docs.storage
05-31 11:56:39.476 26374 26480 W GoogleTagManager: Event does not have parameter "content_key" and no default value was defined. Returning "undefined".
05-31 11:56:39.511  1475  5109 I MediaProvider: Begin Intent { act=android.intent.action.MEDIA_SCANNER_SCAN_FILE dat=file:///sdcard/screen_2025-05-31_195638.png flg=0x1400010 cmp=com.google.android.providers.media.module/com.android.providers.media.MediaService }
05-31 11:56:39.521 26374 26480 W GoogleTagManager: Event does not have parameter "module_type" and no default value was defined. Returning "undefined".
05-31 11:56:39.523 26374 26480 W GoogleTagManager: Event does not have parameter "scroll_type" and no default value was defined. Returning "undefined".
05-31 11:56:39.594   614   663 I ActivityTaskManager: Displayed com.tmobile.tuesdays/com.tmobile.tmte.controller.authentication.AuthenticationActivity: +332ms
05-31 11:56:39.603 26374 26374 I AssistStructure: Flattened final assist data: 5720 bytes, containing 1 windows, 42 views
05-31 11:56:39.655  1475  5109 I MediaProvider: End Intent { act=android.intent.action.MEDIA_SCANNER_SCAN_FILE dat=file:///sdcard/screen_2025-05-31_195638.png flg=0x1400010 cmp=com.google.android.providers.media.module/com.android.providers.media.MediaService }
05-31 11:56:39.662 26374 26382 I mobile.tuesday: Background concurrent copying GC freed 185609(15MB) AllocSpace objects, 48(5792KB) LOS objects, 49% free, 13MB/26MB, paused 1.658ms,65us total 190.485ms
05-31 11:56:39.755  1475  4300 I MediaProvider: Deleted 0 1 0 0 0 0 0 items on external_primary due to com.android.shell
05-31 11:56:39.780   614   614 E RemoteAugmentedAutofillService: Bad service name for flags 1048704: com.google.android.as/com.google.android.apps.miphone.aiai.app.AiAiAugmentedAutofillService
05-31 11:56:40.094  1705 27458 I GmscoreIpa: Starting mediastore instant index [CONTEXT service_id=255 ]
05-31 11:56:40.311 26374 26480 W GoogleTagManager: No user property available for "location_primer" and no default value was defined. Returning "undefined".
05-31 11:56:40.312 26374 26480 W GoogleTagManager: No user property available for "dark_mode" and no default value was defined. Returning "undefined".
05-31 11:56:40.312 26374 26480 W GoogleTagManager: Event does not have parameter "content_key" and no default value was defined. Returning "undefined".
05-31 11:56:40.313 26374 26480 W GoogleTagManager: Event does not have parameter "page_tag" and no default value was defined. Returning "undefined".
05-31 11:56:40.313 26374 26480 W GoogleTagManager: Event does not have parameter "content_key" and no default value was defined. Returning "undefined".
05-31 11:56:40.318 26374 26480 W GoogleTagManager: UniversalAnalyticsTag has been decommissioned.
05-31 11:56:40.323 26374 26480 W GoogleTagManager: Event does not have parameter "content_key" and no default value was defined. Returning "undefined".
05-31 11:56:40.326 26374 26480 W GoogleTagManager: Event does not have parameter "descriptor" and no default value was defined. Returning "undefined".
05-31 11:56:40.326 26374 26480 W GoogleTagManager: Event does not have parameter "module_type" and no default value was defined. Returning "undefined".
05-31 11:56:40.326 26374 26480 W GoogleTagManager: Event does not have parameter "descriptor" and no default value was defined. Returning "undefined".
05-31 11:56:40.327 26374 26480 W GoogleTagManager: Event does not have parameter "scroll_type" and no default value was defined. Returning "undefined".
05-31 11:56:40.327 26374 26480 W GoogleTagManager: Event does not have parameter "screen_name" and no default value was defined. Returning "undefined".
05-31 11:56:40.328 26374 26480 W GoogleTagManager: Event does not have parameter "screen_name" and no default value was defined. Returning "undefined".
05-31 11:56:40.328 26374 26480 W GoogleTagManager: Event does not have parameter "screen_name" and no default value was defined. Returning "undefined".
05-31 11:56:40.329 26374 26480 W GoogleTagManager: Event does not have parameter "descriptor" and no default value was defined. Returning "undefined".
05-31 11:56:40.336  1475  1748 W MediaProvider: isAppCloneUserPair for user 0: false
05-31 11:56:40.360   176   176 I hwservicemanager: getTransport: Cannot find entry android.hardware.graphics.mapper@4.0::IMapper/default in either framework or device VINTF manifest.
05-31 11:56:40.360 27476 27478 I Gralloc4: mapper 4.x is not supported
05-31 11:56:40.425 26374 26480 W GoogleTagManager: No user property available for "location_primer" and no default value was defined. Returning "undefined".
05-31 11:56:40.426 26374 26480 W GoogleTagManager: Event does not have parameter "source" and no default value was defined. Returning "undefined".
05-31 11:56:40.427 26374 26480 W GoogleTagManager: Event does not have parameter "source" and no default value was defined. Returning "undefined".
05-31 11:56:40.427 26374 26480 W GoogleTagManager: No user property available for "dark_mode" and no default value was defined. Returning "undefined".
05-31 11:56:40.428 26374 26480 W GoogleTagManager: Event does not have parameter "source" and no default value was defined. Returning "undefined".
05-31 11:56:40.428 26374 26480 W GoogleTagManager: Event does not have parameter "button_text" and no default value was defined. Returning "undefined".
05-31 11:56:40.428 26374 26480 W GoogleTagManager: Event does not have parameter "button_text" and no default value was defined. Returning "undefined".
05-31 11:56:40.428 26374 26480 W GoogleTagManager: Event does not have parameter "message_id" and no default value was defined. Returning "undefined".
05-31 11:56:40.428 26374 26480 W GoogleTagManager: Event does not have parameter "button_text" and no default value was defined. Returning "undefined".
05-31 11:56:40.428 26374 26480 W GoogleTagManager: Event does not have parameter "button_text" and no default value was defined. Returning "undefined".
05-31 11:56:40.429 26374 26480 W GoogleTagManager: Event does not have parameter "button_text" and no default value was defined. Returning "undefined".
05-31 11:56:40.430 26374 26480 W GoogleTagManager: Event does not have parameter "button_text" and no default value was defined. Returning "undefined".
05-31 11:56:40.430 26374 26480 W GoogleTagManager: Event does not have parameter "button_text" and no default value was defined. Returning "undefined".
05-31 11:56:40.430 26374 26480 W GoogleTagManager: Event does not have parameter "button_text" and no default value was defined. Returning "undefined".
05-31 11:56:40.430 26374 26480 W GoogleTagManager: Event does not have parameter "button_text" and no default value was defined. Returning "undefined".
05-31 11:56:40.430 26374 26480 W GoogleTagManager: Event does not have parameter "link_text" and no default value was defined. Returning "undefined".
05-31 11:56:40.431 26374 26480 W GoogleTagManager: Event does not have parameter "link_text" and no default value was defined. Returning "undefined".
05-31 11:56:40.431 26374 26480 W GoogleTagManager: Event does not have parameter "link_text" and no default value was defined. Returning "undefined".
05-31 11:56:40.431 26374 26480 W GoogleTagManager: Event does not have parameter "link_text" and no default value was defined. Returning "undefined".
05-31 11:56:40.431 26374 26480 W GoogleTagManager: Event does not have parameter "link_text" and no default value was defined. Returning "undefined".
05-31 11:56:40.431 26374 26480 W GoogleTagManager: Event does not have parameter "link_text" and no default value was defined. Returning "undefined".
05-31 11:56:40.431 26374 26480 W GoogleTagManager: Event does not have parameter "source" and no default value was defined. Returning "undefined".
05-31 11:56:40.433 26374 26480 W GoogleTagManager: Event does not have parameter "page_tag" and no default value was defined. Returning "undefined".
05-31 11:56:40.433 26374 26480 W GoogleTagManager: Event does not have parameter "link_url" and no default value was defined. Returning "undefined".
05-31 11:56:40.433 26374 26480 W GoogleTagManager: Event does not have parameter "link_url" and no default value was defined. Returning "undefined".
05-31 11:56:40.434 26374 26480 W GoogleTagManager: Event does not have parameter "message_id" and no default value was defined. Returning "undefined".
05-31 11:56:40.434 26374 26480 W GoogleTagManager: Event does not have parameter "content_key" and no default value was defined. Returning "undefined".
05-31 11:56:40.434 26374 26480 W GoogleTagManager: Event does not have parameter "game_type" and no default value was defined. Returning "undefined".
05-31 11:56:40.435 26374 26480 W GoogleTagManager: Event does not have parameter "button_text" and no default value was defined. Returning "undefined".
05-31 11:56:40.443 26374 26480 W GoogleTagManager: Event does not have parameter "message_id" and no default value was defined. Returning "undefined".
05-31 11:56:40.443 26374 26480 W GoogleTagManager: Event does not have parameter "link_url" and no default value was defined. Returning "undefined".
05-31 11:56:40.461 26374 26480 W GoogleTagManager: UniversalAnalyticsTag has been decommissioned.
05-31 11:56:40.473 26374 26480 W GoogleTagManager: Event does not have parameter "content_key" and no default value was defined. Returning "undefined".
05-31 11:56:40.478 26374 26480 W GoogleTagManager: Event does not have parameter "descriptor" and no default value was defined. Returning "undefined".
05-31 11:56:40.480 26374 26480 W GoogleTagManager: Event does not have parameter "module_type" and no default value was defined. Returning "undefined".
05-31 11:56:40.481 26374 26480 W GoogleTagManager: Event does not have parameter "descriptor" and no default value was defined. Returning "undefined".
05-31 11:56:40.481 26374 26480 W GoogleTagManager: Event does not have parameter "scroll_type" and no default value was defined. Returning "undefined".
05-31 11:56:40.482 26374 26480 W GoogleTagManager: Event does not have parameter "screen_name" and no default value was defined. Returning "undefined".
05-31 11:56:40.482 26374 26480 W GoogleTagManager: Event does not have parameter "screen_name" and no default value was defined. Returning "undefined".
05-31 11:56:40.482 26374 26480 W GoogleTagManager: Event does not have parameter "screen_name" and no default value was defined. Returning "undefined".
05-31 11:56:40.483 26374 26480 W GoogleTagManager: Event does not have parameter "descriptor" and no default value was defined. Returning "undefined".
05-31 11:56:40.488   614   666 I ActivityManager: PendingStartActivityUids startActivity to updateOomAdj delay:1159ms, uid:10168
05-31 11:56:40.497 26374 26480 W GoogleTagManager: Event does not have parameter "content_key" and no default value was defined. Returning "undefined".
05-31 11:56:40.500 26374 26480 W GoogleTagManager: Event does not have parameter "descriptor" and no default value was defined. Returning "undefined".
05-31 11:56:40.502 26374 26480 W GoogleTagManager: Event does not have parameter "module_type" and no default value was defined. Returning "undefined".
05-31 11:56:40.502 26374 26480 W GoogleTagManager: Event does not have parameter "descriptor" and no default value was defined. Returning "undefined".
05-31 11:56:40.504 26374 26480 W GoogleTagManager: Event does not have parameter "scroll_type" and no default value was defined. Returning "undefined".
05-31 11:56:40.506 26374 26480 W GoogleTagManager: Event does not have parameter "descriptor" and no default value was defined. Returning "undefined".
05-31 11:56:40.527   614   614 I Telecom : DefaultDialerCache: Refreshing default dialer for user 0: now com.android.dialer: DDC.oR@AQU
05-31 11:56:40.530   614   755 I RoleService: Granting default roles...
05-31 11:56:40.534   614   768 I InputReader: Reconfiguring input devices, changes=KEYBOARD_LAYOUTS | 
05-31 11:56:40.541 26374 26480 W GoogleTagManager: No user property available for "location_primer" and no default value was defined. Returning "undefined".
05-31 11:56:40.541  2404 26011 W Role    : Cannot get ApplicationInfo for default holder: com.google.android.contacts
05-31 11:56:40.542 26374 26480 W GoogleTagManager: No user property available for "dark_mode" and no default value was defined. Returning "undefined".
05-31 11:56:40.543  2404 26011 W Role    : Cannot get ApplicationInfo for default holder: com.google.android.as
05-31 11:56:40.543 26374 26480 W GoogleTagManager: UniversalAnalyticsTag has been decommissioned.
05-31 11:56:40.550 26374 26480 W GoogleTagManager: Event does not have parameter "content_key" and no default value was defined. Returning "undefined".
05-31 11:56:40.555 26374 26480 W GoogleTagManager: Event does not have parameter "descriptor" and no default value was defined. Returning "undefined".
05-31 11:56:40.555 26374 26480 W GoogleTagManager: Event does not have parameter "module_type" and no default value was defined. Returning "undefined".
05-31 11:56:40.556 26374 26480 W GoogleTagManager: Event does not have parameter "descriptor" and no default value was defined. Returning "undefined".
05-31 11:56:40.556 26374 26480 W GoogleTagManager: Event does not have parameter "scroll_type" and no default value was defined. Returning "undefined".
05-31 11:56:40.557 26374 26480 W GoogleTagManager: Event does not have parameter "screen_name" and no default value was defined. Returning "undefined".
05-31 11:56:40.557 26374 26480 W GoogleTagManager: Event does not have parameter "screen_name" and no default value was defined. Returning "undefined".
05-31 11:56:40.558 26374 26480 W GoogleTagManager: Event does not have parameter "screen_name" and no default value was defined. Returning "undefined".
05-31 11:56:40.558 26374 26480 W GoogleTagManager: Event does not have parameter "descriptor" and no default value was defined. Returning "undefined".
05-31 11:56:40.564  5669 27484 I ProvidersCache: Provider returned no roots. Possibly naughty: com.google.android.apps.docs.storage
05-31 11:56:40.585  2404 26011 W Role    : Cannot get ApplicationInfo for default holder: com.google.android.as
05-31 11:56:40.587  2404 26011 W Role    : Cannot get ApplicationInfo for default holder: com.google.android.as
05-31 11:56:40.587  2404  4312 I PermissionControllerServiceImpl: Updating user sensitive for uid 10168
05-31 11:56:40.601 26374 26480 W GoogleTagManager: No user property available for "location_primer" and no default value was defined. Returning "undefined".
05-31 11:56:40.601 26374 26480 W GoogleTagManager: No user property available for "dark_mode" and no default value was defined. Returning "undefined".
05-31 11:56:40.602 26374 26480 W GoogleTagManager: Dropping the invalid UA tag field name Participant_Key
05-31 11:56:40.605 26374 26480 W GoogleTagManager: UniversalAnalyticsTag has been decommissioned.
05-31 11:56:40.619 26374 26480 W GoogleTagManager: Event does not have parameter "content_key" and no default value was defined. Returning "undefined".
05-31 11:56:40.625 26374 26480 W GoogleTagManager: Event does not have parameter "descriptor" and no default value was defined. Returning "undefined".
05-31 11:56:40.631 26374 26480 W GoogleTagManager: Event does not have parameter "module_type" and no default value was defined. Returning "undefined".
05-31 11:56:40.631 26374 26480 W GoogleTagManager: Event does not have parameter "descriptor" and no default value was defined. Returning "undefined".
05-31 11:56:40.632 26374 26480 W GoogleTagManager: Event does not have parameter "scroll_type" and no default value was defined. Returning "undefined".
