08-06 17:04:29.986 12965 13504 I MediaProvider: Deleted paths_hashcode::1389444597/:1389444597/-1169449251427.png items on external_primary due to com.android.shell tid=27625
08-06 17:04:29.991  2474  7382 I SmartPower: com.android.packageinstaller/10097(18840): background->idle(3000ms) R(broadcast start Intent { act=android.intent.action.PACKAGE_ADDED dat=package: flg=0x5000010 pkg=com.android.packageinstaller (has extras) }) adj=905.
08-06 17:04:30.155  3086  3086 I adbd    : in ShellService: dumpsys display
08-06 17:04:30.290  2474  8251 I NetworkAccelerateSwitchService: EVENT_RSSI_POLL. mRssiPoll=true
08-06 17:04:30.291  2474  8251 I NetworkAccelerateSwitchService: getAverageWifiRssi:63
08-06 17:04:30.335  3086  3086 I adbd    : in ShellService: wm size
08-06 17:04:30.346  3086  3086 I adbd    : in ShellService: ps
08-06 17:04:30.440  2474  7382 I SmartPower: com.miui.systemAdSolution/10168(17757): background->idle(3001ms) R(broadcast start Intent { act=android.intent.action.PACKAGE_ADDED dat=package: flg=0x4000010 (has extras) }) adj=100.
08-06 17:04:30.449  2474  7382 I SmartPower: com.android.vending/10124(16543): background->idle(3004ms) R(broadcast start Intent { act=android.intent.action.PACKAGE_ADDED dat=package: flg=0x4000010 (has extras) }) adj=900.
08-06 17:04:30.449  2474  7382 I SmartPower: com.android.vending:background/10124(17245): background->idle(3002ms) R(broadcast start Intent { act=android.intent.action.PACKAGE_ADDED dat=package: flg=0x4000010 (has extras) }) adj=905.
08-06 17:04:30.452  3086  3086 I adbd    : in ShellService: dumpsys input
08-06 17:04:30.462  2474  7382 I SmartPower: com.mfashiongallery.emag/10262(13472): background->idle(3002ms) R(broadcast start Intent { act=android.intent.action.PACKAGE_ADDED dat=package: flg=0x4000010 (has extras) }) adj=905.
08-06 17:04:30.466  2474  7382 I SmartPower: com.miui.voiceassist:core/10193(12995): background->idle(3001ms) R(broadcast start Intent { act=android.intent.action.PACKAGE_ADDED dat=package: flg=0x4000010 (has extras) }) adj=100.
08-06 17:04:30.466  2474  7382 I SmartPower: android.process.mediaUI/10261(15474): background->idle(3000ms) R(broadcast start Intent { act=android.intent.action.PACKAGE_ADDED dat=package: flg=0x4000010 (has extras) }) adj=905.
08-06 17:04:30.466  2474  7382 I SmartPower: android.process.acore/10083(15552): background->idle(3000ms) R(broadcast start Intent { act=android.intent.action.PACKAGE_ADDED dat=package: flg=0x4000010 (has extras) }) adj=800.
08-06 17:04:30.471  2474  7382 I SmartPower: com.xiaomi.aicr:actionprovider/10127(15738): background->idle(3001ms) R(broadcast start Intent { act=android.intent.action.PACKAGE_ADDED dat=package: flg=0x4000010 (has extras) }) adj=915.
08-06 17:04:30.472  2474  7382 I SmartPower: com.google.android.documentsui/10100(14965): background->idle(3000ms) R(broadcast start Intent { act=android.intent.action.PACKAGE_ADDED dat=package: flg=0x4000010 (has extras) }) adj=905.
08-06 17:04:30.478  2474  7382 I SmartPower: com.milink.service:audio/10178(18537): background->idle(3001ms) R(broadcast start Intent { act=android.intent.action.PACKAGE_ADDED dat=package: flg=0x4000010 (has extras) }) adj=100.
08-06 17:04:30.478  2474  7382 I SmartPower: com.milink.crossdeviceservice/10178(19278): background->idle(3001ms) R(broadcast start Intent { act=android.intent.action.PACKAGE_ADDED dat=package: flg=0x4000010 (has extras) }) adj=915.
08-06 17:04:30.479  2474  7382 I SmartPower: com.miui.newhome/10296(22853): background->idle(3001ms) R(broadcast start Intent { act=android.intent.action.PACKAGE_ADDED dat=package: flg=0x4000010 (has extras) }) adj=905.
08-06 17:04:30.479  2474  7382 I SmartPower: com.miui.gallery/10271(27825): background->idle(3000ms) R(broadcast start Intent { act=android.intent.action.PACKAGE_ADDED dat=package: flg=0x4000010 (has extras) }) adj=905.
08-06 17:04:30.481  2474  7382 I SmartPower: com.xiaomi.market:widgetProvider/10167(9799): background->idle(2993ms) R(broadcast start Intent { act=android.intent.action.PACKAGE_ADDED dat=package: flg=0x4000010 (has extras) }) adj=905.
08-06 17:04:30.481  2474  7382 I SmartPower: com.xiaomi.market/10167(6011): background->idle(3001ms) R(broadcast start Intent { act=android.intent.action.PACKAGE_ADDED dat=package: flg=0x4000010 (has extras) }) adj=905.
08-06 17:04:30.482  2474  7382 I SmartPower: com.microsoft.emmx/10311(13465): background->idle(3000ms) R(broadcast start Intent { act=android.intent.action.PACKAGE_ADDED dat=package: flg=0x4000010 (has extras) }) adj=945.
08-06 17:04:30.526  3086  3086 I adbd    : in ShellService: getprop ro.sf.lcd_density
08-06 17:04:30.579  3086  3086 I adbd    : in ShellService: am force-stop com.microsoft.skydrive
08-06 17:04:30.626  2474  8358 I ActivityManager: Force stopping com.microsoft.skydrive appid=10356 user=0: from process:27650
08-06 17:04:30.630  2474  8358 E ClipboardServiceI: removeActivePermissionOwnerForPackage: mPrimaryClipPackage is null or get is null
08-06 17:04:30.632  2474  8358 I AppsFilter: interaction: PackageSetting{5a062a7 com.android.microdroid.empty_payload/10236} -> PackageSetting{7831354 com.microsoft.skydrive/10356} BLOCKED
08-06 17:04:30.632  2474  8358 I AppsFilter: interaction: PackageSetting{9ab02fd io.appium.uiautomator2.server.test/10280} -> PackageSetting{7831354 com.microsoft.skydrive/10356} BLOCKED
08-06 17:04:30.632  2474  8358 I AppsFilter: interaction: PackageSetting{5678bf2 io.github.ylimit.droidbotapp/10355} -> PackageSetting{7831354 com.microsoft.skydrive/10356} BLOCKED
08-06 17:04:30.632  2474  8358 I AppsFilter: interaction: PackageSetting{8e68243 com.rongcard.eid/10151} -> PackageSetting{7831354 com.microsoft.skydrive/10356} BLOCKED
08-06 17:04:30.632  2474  8358 I AppsFilter: interaction: PackageSetting{8a810c0 io.appium.settings/10274} -> PackageSetting{7831354 com.microsoft.skydrive/10356} BLOCKED
08-06 17:04:30.645  2474  8336 W ParceledListSlice: Element #8 is 20788 bytes.
08-06 17:04:30.645  2474  8336 W ParceledListSlice: Element #9 is 20768 bytes.
08-06 17:04:30.648 13053 13053 E RegisteredServicesCache: Skipping application component ComponentInfo{com.UCMobile/com.alibaba.ariver.commonability.device.jsapi.nfc.service.TinyAppHostApduService}: it must request the permission android.permission.NFC
08-06 17:04:30.648 13053 13053 E RegisteredServicesCache: Skipping application component ComponentInfo{com.UCMobile/com.alipay.mobile.aompdevice.nfc.service.TinyAppHostApduService}: it must request the permission android.permission.NFC
08-06 17:04:30.648 13053 13053 E RegisteredServicesCache: Skipping application component ComponentInfo{com.autonavi.minimap/com.alibaba.ariver.commonability.device.jsapi.nfc.service.TinyAppHostApduService}: it must request the permission android.permission.NFC
08-06 17:04:30.648 13053 13053 E RegisteredServicesCache: Skipping application component ComponentInfo{com.autonavi.minimap/com.alipay.mobile.aompdevice.nfc.service.TinyAppHostApduService}: it must request the permission android.permission.NFC
08-06 17:04:30.651 13053 13053 I RegisteredServicesCache: current user: 0, is managed profile : false
08-06 17:04:30.653 13053 13053 I RegisteredAidCache: updateRoutingLocked(false): Enter
08-06 17:04:30.653 13053 13053 I AidRoutingManager: configureRouting(false): Enter
08-06 17:04:30.653 13053 13053 E AidRoutingManager: Size of routing table970
08-06 17:04:30.653 13053 13053 I RegisteredAidCache: updateRoutingLocked(false): exit
08-06 17:04:30.654 13053 13053 I libnfc_nci: [INFO:NativeT4tNfcee.cpp(870)] nfcManager_isFwSupportNonStdT4TAid Enter isFwSupport = 1
08-06 17:04:30.654 13053 13053 I libnfc_nci: [INFO:SecureElement.cpp(1487)] SecureElement::getEseHandleFromGenericId: enter; ESE-ID = 0x7F
08-06 17:04:30.654 13053 13053 I libnfc_nci: [INFO:SecureElement.cpp(1528)] SecureElement::getEseHandleFromGenericId: enter; ESE-Handle = 0x410
08-06 17:04:30.654 13053 13053 I libnfc_nci: [INFO:SecureElement.cpp(1487)] SecureElement::getEseHandleFromGenericId: enter; ESE-ID = 0x00
08-06 17:04:30.654 13053 13053 I libnfc_nci: [INFO:SecureElement.cpp(1528)] SecureElement::getEseHandleFromGenericId: enter; ESE-Handle = 0x400
08-06 17:04:30.656  7800 14409 I SecureElement-Terminal-eSE1: isSecureElementPresent()
08-06 17:04:30.656  1774  1774 I android.hardware.secure_element-service.qti: isCardPresent
08-06 17:04:30.656  1774  1774 I android.hardware.secure_element-service.qti: isCardPresent exit, cardPresent: 1
08-06 17:04:30.658  7800 14409 I SecureElement-Terminal-SIM1: isSecureElementPresent()
08-06 17:04:30.659  7800 14409 I SecureElement-Terminal-SIM1: isNfcEventAllowed: No access rules for checking.
08-06 17:04:30.659  7800 14409 I SecureElement-Terminal-SIM2: isSecureElementPresent()
08-06 17:04:30.665  3086  3086 I adbd    : in ShellService: input keyevent HOME
08-06 17:04:30.713  2474  8336 W MIUIInput: Input event injection from package: null action ACTION_DOWN keycode 3
08-06 17:04:30.713  2474  8336 W MiuiInputKeyEventLog: keyCode:3 down:true eventTime:8519850 downTime:8519850 policyFlags:2b000000 flags:0 metaState:0 deviceId:-1 isScreenOn:true keyguardActive:false repeatCount:0
08-06 17:04:30.715  2474  8336 W MIUIInput: Input event injection from package: null action ACTION_UP keycode 3
08-06 17:04:30.716  2474  8336 W MiuiInputKeyEventLog: keyCode:3 down:false eventTime:8519853 downTime:8519850 policyFlags:2b000000 flags:0 metaState:0 deviceId:-1 isScreenOn:true keyguardActive:false repeatCount:0
08-06 17:04:30.716  2036  2036 E DisplayModeController: setDesiredMode : Idle status skip setActiveMode, isDdicIdleMode: 1
08-06 17:04:30.716  2474  2680 W ActivityManagerServiceImpl: Sending non-protected broadcast com.miui.fullscreen_state_change from system 2474:system/1000 pkg android. Callers=com.android.server.am.ActivityManagerService.checkBroadcastFromSystem:16255 com.android.server.am.ActivityManagerService.broadcastIntentLockedTraced:17126 com.android.server.am.ActivityManagerService.broadcastIntentLocked:16315 com.android.server.am.ActivityManagerService.broadcastIntentWithFeature:17337 android.app.ContextImpl.sendBroadcastAsUser:1495 
08-06 17:04:30.716  2474  4371 E MiuiInputKeyEventLog: before go to home
08-06 17:04:30.718  1843  2428 I SDM     : HWCDisplay::SetActiveConfigWithConstraints: display:66-0, config: 3, WxH 1200x2670, fps 120
08-06 17:04:30.718  1843  2428 W SDM     : HWDeviceDRM::GetSupportedBitClkRate: Requested rate not supported: 1150000000
08-06 17:04:30.719  1843  2428 I SDM     : HWDeviceDRM::UpdateMixerAttributes: Mixer WxH 1200x2670-1 for Peripheral
08-06 17:04:30.719  1843  2428 I SDM     : HWCDisplay::SubmitDisplayConfig: Active configuration changed from config 1 to 3
08-06 17:04:30.719  1843  2428 I SDM     : HWCDisplay::SubmitDisplayConfig: Active WxH 1200x2670 ,ddic_mode:auto, timing_fps: 120, sf_fps: 120
08-06 17:04:30.720  1843  3496 I vendor.qti.hardware.display.composer-service: Sensor: notify citsensorservice to trigger cwb, misForced = 0
08-06 17:04:30.721  3050  4554 I libsensor-parseRGB: request dump start for mRequestDisplayId 0
08-06 17:04:30.723  2474  2680 W ActivityManagerServiceImpl: Sending non-protected broadcast com.miui.launch_home_from_hotkey from system 2474:system/1000 pkg android. Callers=com.android.server.am.ActivityManagerService.checkBroadcastFromSystem:16255 com.android.server.am.ActivityManagerService.broadcastIntentLockedTraced:17126 com.android.server.am.ActivityManagerService.broadcastIntentLocked:16315 com.android.server.am.ActivityManagerService.broadcastIntentWithFeature:17337 android.app.ContextImpl.sendBroadcastAsUser:1536 
08-06 17:04:30.721 13710 13710 I VideoToolBoxService: onReceive: android.intent.action.CLOSE_SYSTEM_DIALOGS
08-06 17:04:30.724 13710 13710 I GameBoosterService: onReceive: android.intent.action.CLOSE_SYSTEM_DIALOGS
08-06 17:04:30.725  7890  7890 I ControlCenterExpandController: hide panel true true
08-06 17:04:30.725  2474  4371 W ActivityTaskManager: callingPackage for (uid=-1, pid=0) has no WPC
08-06 17:04:30.727  2474  4371 W OptProp : Cannot read opt property android.window.PROPERTY_COMPAT_ALLOW_ORIENTATION_OVERRIDE
08-06 17:04:30.727  2474  4371 E ActivityTaskManager: Unable to get servicetracker HAL instance
08-06 17:04:30.727  2474  4371 E ActivityTaskManager: Unable to get servicetracker HAL instance
08-06 17:04:30.727  2474  4371 E WindowManager: setClientVisible ActivityRecord{9061ce2 u0 com.miui.home/.launcher.Launcher true
08-06 17:04:30.727  2474  4371 W OptProp : Cannot read opt property android.window.PROPERTY_COMPAT_ALLOW_RESIZEABLE_ACTIVITY_OVERRIDES
08-06 17:04:30.727  2474  4371 W OptProp : Cannot read opt property android.window.PROPERTY_COMPAT_ALLOW_MIN_ASPECT_RATIO_OVERRIDE
08-06 17:04:30.728  7890  7890 I VolumeShowHideAnimator: isRunning: false, mExpanded: false
08-06 17:04:30.728  7890  7890 I VolumeExpandCollapsedAnimator: isRunning: false, mExpanded: false
08-06 17:04:30.728  7890  7890 I VolumePanelViewController_false: dismissH mShowing:false, reason:volume_controller, isAnimating: false, needShowDialog=false, KeyAnimatingStream=-1
08-06 17:04:30.728  2474  4371 I AnimInterruptController: FIS notify Foresee interrupt start:146
08-06 17:04:30.728  7890  7890 I VolumeShowHideAnimator: isRunning: false, mExpanded: false
08-06 17:04:30.728  7890  7890 I VolumeExpandCollapsedAnimator: isRunning: false, mExpanded: false
08-06 17:04:30.728  7890  7890 I VolumePanelViewController_true: dismissH mShowing:false, reason:volume_controller, isAnimating: false, needShowDialog=true, KeyAnimatingStream=-1
08-06 17:04:30.729  2474  4371 I ActivityTaskManager: isKeyguardEditor: false, newTransition: TransitionRecord{fc1e330 id=147 type=OPEN flags=0x0}
08-06 17:04:30.732  2474  4371 I AnimInterruptController: FIS reset Foresee interrupt status
08-06 17:04:30.732  2474  4371 I ActivityTaskManager: START u0 {act=android.intent.action.MAIN cat=[android.intent.category.HOME] flg=0x10000100 cmp=com.miui.home/.launcher.Launcher (has extras)} with LAUNCH_SINGLE_TASK from uid 0 from pid 0 callingPackage null callers: com.android.server.wm.RootWindowContainer.lambda$startHomeOnDisplay$11:1607 com.android.server.wm.RootWindowContainer.$r8$lambda$DFaa7QLApF8rlf4uiy_4K0Hxf2Y:0 com.android.server.wm.RootWindowContainer$$ExternalSyntheticLambda50.apply:0 com.android.server.wm.TaskDisplayArea.reduceOnAllTaskDisplayAreas:526  (BAL_ALLOW_ALLOWLISTED_UID) result code=3
08-06 17:04:30.735  2474  8358 I NotificationService: cancelToast pkg=com.miui.home token=android.os.BinderProxy@3c7aac0
08-06 17:04:30.735  2474  8358 W NotificationService: Toast already cancelled. pkg=com.miui.home token=android.os.BinderProxy@3c7aac0
08-06 17:04:30.735 13430 13430 I LauncherOverlayCallback: handleMessage WHAT_ACTIVITY_STATE_CHANGED what1
08-06 17:04:30.735 13430 13430 I LauncherOverlayCallback: handleMessage WHAT_LAUNCHER_STATE what1
08-06 17:04:30.735 13430 13430 I AssistantOverlayWindow: lockToHideOverlay
08-06 17:04:30.735  7458  7458 I Launcher: onNewIntent
08-06 17:04:30.735  7458  7458 I ConnectAnimFinishCallbackManager: mNeedShowLauncher = true, waitFrameworkAnimCallback = false
08-06 17:04:30.736  2036  2240 W HWComposer: Ignoring duplicate VSYNC event from HWC for display 4630947082089526659 (t=8519873350000)
08-06 17:04:30.736  7458  7458 E RotationHelper: setCurrentStateRequest: request=0
08-06 17:04:30.736  7458  7458 I ScreenView_Workspace: isAllowScrollAnimStart: false
08-06 17:04:30.738  7458  7458 W Settings: Setting device_provisioned has moved from android.provider.Settings.Secure to android.provider.Settings.Global.
08-06 17:04:30.740  7458  7458 E Launcher.application: setClickAppWaitForCallback = false
08-06 17:04:30.740 13710 13710 I VideoToolBoxService: onReceive: android.intent.action.CLOSE_SYSTEM_DIALOGS
08-06 17:04:30.740 13710 13710 I GameBoosterService: onReceive: android.intent.action.CLOSE_SYSTEM_DIALOGS
08-06 17:04:30.740  7458  7458 I Launcher: changeMIUIWidgetEditMode false
08-06 17:04:30.741 13430 13430 I LauncherOverlayCallback: handleMessage WHAT_ACTIVITY_STATE_CHANGED what3
08-06 17:04:30.741 13430 13430 I LauncherOverlayCallback: handleMessage WHAT_LAUNCHER_STATE what3
08-06 17:04:30.743  7890  7890 I ControlCenterExpandController: hide panel true true
08-06 17:04:30.743  7890  7890 I VolumeShowHideAnimator: isRunning: false, mExpanded: false
08-06 17:04:30.743  7890  7890 I VolumeExpandCollapsedAnimator: isRunning: false, mExpanded: false
08-06 17:04:30.743  7890  7890 I VolumePanelViewController_false: dismissH mShowing:false, reason:volume_controller, isAnimating: false, needShowDialog=false, KeyAnimatingStream=-1
08-06 17:04:30.744  7890  7890 I VolumeShowHideAnimator: isRunning: false, mExpanded: false
08-06 17:04:30.745  7890  7890 I VolumeExpandCollapsedAnimator: isRunning: false, mExpanded: false
08-06 17:04:30.745  7890  7890 I VolumePanelViewController_true: dismissH mShowing:false, reason:volume_controller, isAnimating: false, needShowDialog=true, KeyAnimatingStream=-1
08-06 17:04:30.747  7458  7458 I Launcher.widget: onInvisible 
08-06 17:04:30.747  7458  7458 I Launcher.widget: onInvisible 
08-06 17:04:30.750  3050 25119 E libsensor-parseRGB: CWB NotifyCWBBufferDone  error 0
08-06 17:04:30.926  1843  3496 I vendor.qti.hardware.display.composer-service: Sensor: notify citsensorservice to trigger cwb, misForced = 0
08-06 17:04:30.926  3050  4554 I libsensor-parseRGB: request dump start for mRequestDisplayId 0
08-06 17:04:30.941  7458  8104 E Launcher.Transfer: transfer is closed
08-06 17:04:30.949  3050  3078 E libsensor-parseRGB: CWB NotifyCWBBufferDone  error 0
08-06 17:04:31.011  3050  4560 I libsensor-boledalgo: dbv:406,lux:255.5,cct:6206.0,hsv:-1.0,dc:0CWB R:3168.5,G:7737.4,B:4934.2Event C:17268.3,R:9469.1,G:5965.9,B:3628.0Cali C:216.7,R:93.3,G:77.3,B:35.9 
08-06 17:04:31.134  1843  3496 I vendor.qti.hardware.display.composer-service: Sensor: notify citsensorservice to trigger cwb, misForced = 0
08-06 17:04:31.135  3050  4554 I libsensor-parseRGB: request dump start for mRequestDisplayId 0
08-06 17:04:31.139  7497  7497 I MiuiWallpaper-MiuiWallpaperManagerService: receive broadcast action = android.intent.action.PACKAGE_RESTARTED
08-06 17:04:31.141  2474  2745 W BroadcastQueue: Greezer Denial: sending Intent { act=android.intent.action.PACKAGE_RESTARTED dat=package: flg=0x4000010 (has extras) }, action: android.intent.action.PACKAGE_RESTARTED from null (uid=1000) due to receiver ProcessRecord{96579bd 17787:com.spotify.music/u0a317} (uid 10317) need cached broadcast
08-06 17:04:31.157  3050  4604 E libsensor-parseRGB: CWB NotifyCWBBufferDone  error 0
08-06 17:04:31.240 12995 12995 I VA_AliveCore:MixMonitor: onReceive: action=android.intent.action.CLOSE_SYSTEM_DIALOGS
08-06 17:04:31.241 12995 12995 I VA_AliveCore:MixMonitor: onReceive: reason=homekey
08-06 17:04:31.241 12995 12995 I VA_AliveCore:MixMonitor: onReceive: action=com.miui.fullscreen_state_change
08-06 17:04:31.242 12995 12995 I VA_AliveCore:MixMonitor: onReceive: action=com.miui.fullscreen_state_change;stateName=toHome
08-06 17:04:31.243  6011 26627 I Market-HomeKeyReceiver: onReceive: action: android.intent.action.CLOSE_SYSTEM_DIALOGS
08-06 17:04:31.243  6011 26627 I Market-HomeKeyReceiver: reason: homekey
08-06 17:04:31.269  7458  7458 I Launcher.widget: onVisible 
08-06 17:04:31.269  7458  7458 I Launcher.widget: onVisible 
08-06 17:04:31.271  2474 15979 I SecurityManagerService: update appwidget of uid: 10278 package: com.miui.weather2 visible: true reason: visible
08-06 17:04:31.283  2474  8394 I ClipboardServiceI: checkProviderWakePathForClipboard: primaryClip is null
08-06 17:04:31.284  2474  8394 I SmartPower: com.miui.weather2/10278(4065): idle->background(70685ms) R(content provider start ContentProviderRecord{4186a72 u0 com.miui.weather2/.providers.WeatherProvider}) adj=0.
08-06 17:04:31.285  2474  8394 I ClipboardServiceI: checkProviderWakePathForClipboard: primaryClip is null
08-06 17:04:31.286  4065 26836 I Wth2:WeatherProvider: getFirstSelectedCity() ret count= 1
08-06 17:04:31.287  4065 26836 E Wth2:WeatherProvider: getFirstSelectedCity() error 
08-06 17:04:31.287  4065 26836 E Wth2:WeatherProvider: java.lang.NumberFormatException: For input string: "33.862_119.318"
08-06 17:04:31.287  4065 26836 E Wth2:WeatherProvider: 	at java.lang.Integer.parseInt(Integer.java:790)
08-06 17:04:31.287  4065 26836 E Wth2:WeatherProvider: 	at java.lang.Integer.parseInt(Integer.java:908)
08-06 17:04:31.287  4065 26836 E Wth2:WeatherProvider: 	at com.miui.weather2.providers.WeatherProvider.g(SourceFile:9)
08-06 17:04:31.287  4065 26836 E Wth2:WeatherProvider: 	at com.miui.weather2.providers.WeatherProvider.h(SourceFile:5)
08-06 17:04:31.287  4065 26836 E Wth2:WeatherProvider: 	at com.miui.weather2.providers.WeatherProvider.query(SourceFile:25)
08-06 17:04:31.287  4065 26836 E Wth2:WeatherProvider: 	at android.content.ContentProvider.query(ContentProvider.java:1633)
08-06 17:04:31.287  4065 26836 E Wth2:WeatherProvider: 	at android.content.ContentProvider.query(ContentProvider.java:1729)
08-06 17:04:31.287  4065 26836 E Wth2:WeatherProvider: 	at android.content.ContentProvider$Transport.query(ContentProvider.java:301)
08-06 17:04:31.287  4065 26836 E Wth2:WeatherProvider: 	at android.content.ContentProviderNative.onTransact(ContentProviderNative.java:110)
08-06 17:04:31.287  4065 26836 E Wth2:WeatherProvider: 	at android.os.Binder.execTransactInternal(Binder.java:1507)
08-06 17:04:31.287  4065 26836 E Wth2:WeatherProvider: 	at android.os.Binder.execTransact(Binder.java:1451)
08-06 17:04:31.287  4065 26836 I Wth2:WeatherProvider: getHourlyData checkCityAt=true tmpCursor.count  4
08-06 17:04:31.288  2474  2641 I ClipboardServiceI: checkProviderWakePathForClipboard: primaryClip is null
08-06 17:04:31.291  2474  7257 I MiuiNetworkPolicy: updateUidState uid = 10278, uidState = 3
08-06 17:04:31.291  4065 31155 I Wth2:WeatherProvider: getFirstSelectedCity() ret count= 1
08-06 17:04:31.292  4065 31155 E Wth2:WeatherProvider: getFirstSelectedCity() error 
08-06 17:04:31.292  4065 31155 E Wth2:WeatherProvider: java.lang.NumberFormatException: For input string: "33.862_119.318"
08-06 17:04:31.292  4065 31155 E Wth2:WeatherProvider: 	at java.lang.Integer.parseInt(Integer.java:790)
08-06 17:04:31.292  4065 31155 E Wth2:WeatherProvider: 	at java.lang.Integer.parseInt(Integer.java:908)
08-06 17:04:31.292  4065 31155 E Wth2:WeatherProvider: 	at com.miui.weather2.providers.WeatherProvider.g(SourceFile:9)
08-06 17:04:31.292  4065 31155 E Wth2:WeatherProvider: 	at com.miui.weather2.providers.WeatherProvider.e(SourceFile:5)
08-06 17:04:31.292  4065 31155 E Wth2:WeatherProvider: 	at com.miui.weather2.providers.WeatherProvider.query(SourceFile:23)
08-06 17:04:31.292  4065 31155 E Wth2:WeatherProvider: 	at android.content.ContentProvider.query(ContentProvider.java:1633)
08-06 17:04:31.292  4065 31155 E Wth2:WeatherProvider: 	at android.content.ContentProvider.query(ContentProvider.java:1729)
08-06 17:04:31.292  4065 31155 E Wth2:WeatherProvider: 	at android.content.ContentProvider$Transport.query(ContentProvider.java:301)
08-06 17:04:31.292  4065 31155 E Wth2:WeatherProvider: 	at android.content.ContentProviderNative.onTransact(ContentProviderNative.java:110)
08-06 17:04:31.292  4065 31155 E Wth2:WeatherProvider: 	at android.os.Binder.execTransactInternal(Binder.java:1507)
08-06 17:04:31.292  4065 31155 E Wth2:WeatherProvider: 	at android.os.Binder.execTransact(Binder.java:1451)
08-06 17:04:31.293  4065 26836 I Wth2:WeatherProvider: optimiseHourlyData sunrise : 19020000  sunset : 68400000
08-06 17:04:31.293  2474  7257 I MiuiNetworkPolicyTrafficLimit: updateWhiteListUidForMobileTraffic uid=10278,add=true
08-06 17:04:31.338 27189 27212 I mit.droidbotapp: This is sticky GC, maxfree is 16777216 minfree is 8388608
08-06 17:04:31.396  1843  2051 I SDM     : DisplayBase::CommitThread: Received idle timeout, panel: cmd, timeout: 70000 us
08-06 17:04:31.432  1843  2428 I SDM     : HWCDisplay::SetActiveConfigWithConstraints: display:66-0, config: 1, WxH 1200x2670, fps 120
08-06 17:04:31.433  1843  2428 W SDM     : HWDeviceDRM::GetSupportedBitClkRate: Requested rate not supported: 1150000000
08-06 17:04:31.433  1843  2428 I SDM     : HWDeviceDRM::UpdateMixerAttributes: Mixer WxH 1200x2670-1 for Peripheral
08-06 17:04:31.433  1843  2428 I SDM     : HWCDisplay::SubmitDisplayConfig: Active configuration changed from config 3 to 1
08-06 17:04:31.433  1843  2428 I SDM     : HWCDisplay::SubmitDisplayConfig: Active WxH 1200x2670 ,ddic_mode:idle, timing_fps: 120, sf_fps: 120
08-06 17:04:31.436  1843  3496 I vendor.qti.hardware.display.composer-service: Sensor: notify citsensorservice to trigger cwb, misForced = 0
08-06 17:04:31.436  3050  4554 I libsensor-parseRGB: request dump start for mRequestDisplayId 0
08-06 17:04:31.456  3050  3078 E libsensor-parseRGB: CWB NotifyCWBBufferDone  error 0
08-06 17:04:31.505  1865  1865 I vendor.qti.hardware.servicetrackeraidl-service: bindService is called for service : com.android.providers.media.module/androidx.work.impl.background.systemjob.SystemJobService and for client system
08-06 17:04:31.505  1865  1865 I vendor.qti.hardware.servicetrackeraidl-service: total connections for service : com.android.providers.media.module/androidx.work.impl.background.systemjob.SystemJobServiceare :1
08-06 17:04:31.505  1865  1865 I vendor.qti.hardware.servicetrackeraidl-service: total connections for client : systemare :28
08-06 17:04:31.506 12965 10519 I PSyncWorker: Starting proactive picker sync from sync source: 1
08-06 17:04:31.507  2474  7379 I whetstone.activity: processNotifyEvent1 resId = 256, bundle = Bundle[{startTime=395695829, sourcePkg=com.android.providers.media.module, sourceUid=10249, status=1, jobId=2327, batteryName=@androidx.work.systemjobscheduler@com.android.providers.media.module/androidx.work.impl.background.systemjob.SystemJobService, elapsedRealtime=395695829}]
08-06 17:04:31.508 14191 20380 I EventMonitor: notifyEvent resId=256
08-06 17:04:31.509 12965 10519 I PickerSyncController: Executing SyncAdd. isLocal: true. authority: com.android.providers.media.photopicker
08-06 17:04:31.511 12965 10519 I PickerSyncController: Paged sync successful. QueryArgs: Bundle[{android.provider.extra.SYNC_GENERATION=17351, android.provider.extra.PAGE_SIZE=1000}] Total Rows: 0
08-06 17:04:31.511 12965 10519 I PickerSyncController: Executing SyncRemove. isLocal: true. authority: com.android.providers.media.photopicker
08-06 17:04:31.512 12965 10519 E PickerDbFacade: Could not get first date taken millis for media id: 1000001884
08-06 17:04:31.512 12965 10519 W PickerDbFacade: Unable to promote cloud media with localId: 1000001884
08-06 17:04:31.513  1843  2051 I SDM     : DisplayBase::CommitThread: Received idle timeout, panel: cmd, timeout: 70000 us
08-06 17:04:31.513 12965 10519 I PickerSyncController: Paged sync successful. QueryArgs: Bundle[{android.provider.extra.SYNC_GENERATION=17351, android.provider.extra.PAGE_SIZE=1000}] Total Rows: 0
08-06 17:04:31.514 12965 10519 I PickerSyncTracker: Marked sync future complete for work id: e4b0c5d1-83c4-469b-a8b0-7ba2b13ff791. Future map: {}
08-06 17:04:31.514 12965 10519 I PSyncWorker: Completed picker proactive sync complete from local provider.
08-06 17:04:31.515 12965 13299 I WM-WorkerWrapper: Worker result SUCCESS for Work [ id=e4b0c5d1-83c4-469b-a8b0-7ba2b13ff791, tags={ com.android.providers.media.photopicker.sync.ProactiveSyncWorker } ]
08-06 17:04:31.518  2474  7379 I whetstone.activity: processNotifyEvent1 resId = 256, bundle = Bundle[{startTime=395695840, sourcePkg=com.android.providers.media.module, sourceUid=10249, status=0, jobId=2327, batteryName=@androidx.work.systemjobscheduler@com.android.providers.media.module/androidx.work.impl.background.systemjob.SystemJobService, elapsedRealtime=395695840}]
08-06 17:04:31.519 14191 17267 I EventMonitor: notifyEvent resId=256
08-06 17:04:31.519  1865  1865 I vendor.qti.hardware.servicetrackeraidl-service: unbindService is called for service : com.android.providers.media.module/androidx.work.impl.background.systemjob.SystemJobService and for client system
08-06 17:04:31.519  1865  1865 I vendor.qti.hardware.servicetrackeraidl-service: size of service connections for service: com.android.providers.media.module/androidx.work.impl.background.systemjob.SystemJobServiceafter removal is 0
08-06 17:04:31.519  1865  1865 I vendor.qti.hardware.servicetrackeraidl-service: size of client connections for client: systemafter removal is 27
08-06 17:04:31.519  1865  1865 I vendor.qti.hardware.servicetrackeraidl-service: destroyService is called for service : com.android.providers.media.module/androidx.work.impl.background.systemjob.SystemJobService
08-06 17:04:31.551  3086  3086 I adbd    : in ShellService: ps
08-06 17:04:31.591  1843  3496 I vendor.qti.hardware.display.composer-service: Sensor: notify citsensorservice to trigger cwb, misForced = 1
08-06 17:04:31.592  3050  4554 I libsensor-parseRGB: request dump start for mRequestDisplayId 0
08-06 17:04:31.614  3050  3078 E libsensor-parseRGB: CWB NotifyCWBBufferDone  error 0
08-06 17:04:31.671  1843  2051 I SDM     : DisplayBase::CommitThread: Received idle timeout, panel: cmd, timeout: 70000 us
08-06 17:04:31.695  1850  9931 E ANDR-PERF-LM: SAGT_ACTION: UpdateFPSData() 138: update /sys/kernel/sched_penalty/parameters/fps to 90, ret is 0
08-06 17:04:31.696  1850  9931 E ANDR-PERF-LM: SAGT_ACTION: updateAutoPenatly() 161: recovery auto penatly gamefps 90.000000, measured fps is 92.500000, gap is -2.500000 
08-06 17:04:31.732  2474  7257 I MiuiNetworkPolicy: bandwidth: 0 KB/s, Max bandwidth: 11266 KB/s
08-06 17:04:31.819  3086  3086 I adbd    : in ShellService: dumpsys activity activities
08-06 17:04:31.886  3086  3086 I adbd    : in ShellService: dumpsys activity activities
08-06 17:04:31.975  3086  3086 I adbd    : in ShellService: dumpsys activity activities
08-06 17:04:32.059  3086  3086 I adbd    : in ShellService: dumpsys activity services
08-06 17:04:32.117 27189 27212 I mit.droidbotapp: This is non sticky GC, maxfree is 16777216 minfree is 8388608
08-06 17:04:32.181  3086  3086 I adbd    : in ShellService: screencap -p /sdcard/screen_2025-08-06_170432.png
08-06 17:04:32.212  3050  4560 I libsensor-boledalgo: dbv:406,lux:251.4,cct:6151.4,hsv:-1.0,dc:0CWB R:3168.5,G:7737.4,B:4934.2Event C:16966.7,R:9341.2,G:5889.2,B:3570.2Cali C:205.4,R:75.4,G:72.7,B:34.2 
08-06 17:04:32.217  2474  8186 I NetworkBoostStatusManager: handle: 102
08-06 17:04:32.218  2474  8186 I NetworkBoostStatusManager: interfaceOnCapabilitiesChanged interface name:wlan0
08-06 17:04:32.221  7856  7900 E PhoneAdapter: get ntnphones failed, exception: java.lang.IllegalStateException: Default phones haven't been made yet!
08-06 17:04:32.225 15038 15038 I NetBusNetworkMonitor: onCapabilitiesChanged isPrimary = true
08-06 17:04:32.229  2474  7258 E WifiScoreReportInjector: current network is in roaming environment
08-06 17:04:32.230 15038 15038 I NetBusNetworkMonitor: gateway=192.*.*.1
08-06 17:04:32.233 15038 15038 I NetBusNetworkMonitor: addConnectNetworkInterface mediumType:256, detail:NetworkDetailInfo{mIsConnected=false, mIsSupportTdls=true, mNetworkType=0, mIpAddress=192.*.*.11, mIfName=wlan0, mGateway=192.*.*.1, mNetmask=255.*.*.0, mSsid=C**01}
08-06 17:04:32.233 15038 15038 I NetBusNetworkMonitor: onCapabilitiesChanged handle=445787328525, mediumType=256, ifName=wlan0
08-06 17:04:32.308 27700 27700 W BpBinder: Linking to death on android.gui.ISurfaceComposer but there are no threads (yet?) listening to incoming transactions. See ProcessState::startThreadPool and ProcessState::setThreadPoolMaxThreadCount. Generally you should setup the binder threadpool before other initialization steps.
08-06 17:04:32.308 27700 27700 W ProcessState: Extra binder thread started, but 0 threads requested. Do not use *startThreadPool when zero threads are requested.
08-06 17:04:32.349 27700 27710 I AdrenoUtils: <ReadGpuID:357>: Reading chip ID through GSL
08-06 17:04:32.349 27700 27700 W qdgralloc: Failed to load libubwcp.so
08-06 17:04:32.344 27700 27700 W screencap: type=1400 audit(0.0:14892): avc:  denied  { read } for  name="libubwcp.so" dev="dm-37" ino=19816057 scontext=u:r:shell:s0 tcontext=u:object_r:vendor_file:s0 tclass=file permissive=0
08-06 17:04:32.353 12965 13505 W MediaProvider: isAppCloneUserPair for user 0: false
08-06 17:04:32.674  3086  3086 I adbd    : in ShellService: ps
08-06 17:04:33.204  2474  7257 I MiuiNetworkPolicy: updateUidState uid = 10092, uidState = 15
08-06 17:04:33.296  2474  8251 I NetworkAccelerateSwitchService: EVENT_RSSI_POLL. mRssiPoll=true
08-06 17:04:33.296  2474  8251 I NetworkAccelerateSwitchService: getAverageWifiRssi:63
08-06 17:04:33.821  3086  3086 I adbd    : in ShellService: ps
08-06 17:04:33.894  2474  2641 I ActivityManager: Broadcasting: Intent { act=android.intent.action.MEDIA_SCANNER_SCAN_FILE dat=file:///... flg=0x400000 }
08-06 17:04:33.895  2474  2641 I ActivityManager: Enqueued broadcast Intent { act=android.intent.action.MEDIA_SCANNER_SCAN_FILE dat=file:///... flg=0x400000 }: 0
08-06 17:04:33.898  2474  2745 I SmartPower: com.miui.gallery/10271(27825): idle->background(3418ms) R(broadcast start Intent { act=android.intent.action.MEDIA_SCANNER_SCAN_FILE dat=file:///... flg=0x1400010 }) adj=905.
08-06 17:04:33.900 27825 27825 W MiuiGallery2_BaseMediaScannerReceiver: [main] - Broadcast received, action: [android.intent.action.MEDIA_SCANNER_SCAN_FILE], data uri: [file:///sdcard/screen_2025-08-06_170432.png], CTA not allowed
08-06 17:04:33.902  2474  7257 I MiuiNetworkPolicy: updateUidState uid = 10271, uidState = 11
08-06 17:04:33.903  2474  7257 I MiuiNetworkPolicy: updateUidState uid = 10271, uidState = 19
08-06 17:04:33.904 12965 12965 I MediaProvider: receive action = android.intent.action.MEDIA_SCANNER_SCAN_FILE schemeSpecificPart = ///sdcard/screen_2025-08-06_170432.png
08-06 17:04:33.905  2474  2641 W JobInfo : Job 'com.android.providers.media.module/com.android.providers.media.MediaService#-300' has a deadline with no functional constraints. The deadline won't improve job execution latency. Consider removing the deadline.
08-06 17:04:33.909  1865  1865 I vendor.qti.hardware.servicetrackeraidl-service: bindService is called for service : com.android.providers.media.module/com.android.providers.media.MediaService and for client system
08-06 17:04:33.910  1865  1865 I vendor.qti.hardware.servicetrackeraidl-service: total connections for service : com.android.providers.media.module/com.android.providers.media.MediaServiceare :1
08-06 17:04:33.910  1865  1865 I vendor.qti.hardware.servicetrackeraidl-service: total connections for client : systemare :28
08-06 17:04:33.911  2474  7379 I whetstone.activity: processNotifyEvent1 resId = 256, bundle = Bundle[{startTime=395698233, sourcePkg=com.android.providers.media.module, sourceUid=10249, status=1, jobId=-300, batteryName=com.android.providers.media.module/com.android.providers.media.MediaService, elapsedRealtime=395698233}]
08-06 17:04:33.912 14191 17267 I EventMonitor: notifyEvent resId=256
08-06 17:04:33.918  2474  2643 I ActivityManager: Broadcast completed: result=0
08-06 17:04:33.918 12965 14232 I MediaProvider: Begin Intent { act=android.intent.action.MEDIA_SCANNER_SCAN_FILE dat=file:///... flg=0x1400010 cmp=com.android.providers.media.module/com.android.providers.media.MediaService }
08-06 17:04:33.933 12965 14232 I MediaProvider: End Intent { act=android.intent.action.MEDIA_SCANNER_SCAN_FILE dat=file:///... flg=0x1400010 cmp=com.android.providers.media.module/com.android.providers.media.MediaService }
08-06 17:04:33.934  2474  7379 I whetstone.activity: processNotifyEvent1 resId = 256, bundle = Bundle[{startTime=395698257, sourcePkg=com.android.providers.media.module, sourceUid=10249, status=0, jobId=-300, batteryName=com.android.providers.media.module/com.android.providers.media.MediaService, elapsedRealtime=395698257}]
08-06 17:04:33.934 14191 17267 I EventMonitor: notifyEvent resId=256
08-06 17:04:33.935  1865  1865 I vendor.qti.hardware.servicetrackeraidl-service: unbindService is called for service : com.android.providers.media.module/com.android.providers.media.MediaService and for client system
08-06 17:04:33.935  1865  1865 I vendor.qti.hardware.servicetrackeraidl-service: size of service connections for service: com.android.providers.media.module/com.android.providers.media.MediaServiceafter removal is 0
08-06 17:04:33.935  1865  1865 I vendor.qti.hardware.servicetrackeraidl-service: size of client connections for client: systemafter removal is 27
08-06 17:04:33.935  1865  1865 I vendor.qti.hardware.servicetrackeraidl-service: destroyService is called for service : com.android.providers.media.module/com.android.providers.media.MediaService
08-06 17:04:33.959 12965 12985 I FuseDaemon: This is non sticky GC, maxfree is 16777216 minfree is 8388608
08-06 17:04:34.117  3086  3086 I adbd    : in ShellService: rm /sdcard/screen_2025-08-06_170432.png
08-06 17:04:34.154 12965 19508 I MediaProvider: Deleted paths_hashcode::1389444597/:1389444597/-1169449251432.png items on external_primary due to com.android.shell tid=27722
08-06 17:04:34.285  2474  7382 I SmartPower: com.miui.weather2/10278(4065): background->idle(3001ms) R(content provider start ContentProviderRecord{4186a72 u0 com.miui.weather2/.providers.WeatherProvider}) adj=0.
08-06 17:04:34.294  3086  3086 I adbd    : in ShellService: dumpsys display
08-06 17:04:34.488  3086  3086 I adbd    : in ShellService: wm size
08-06 17:04:34.589  3086  3086 I adbd    : in ShellService: dumpsys input
08-06 17:04:34.589  2036  2036 E DisplayModeController: setDesiredMode : Idle status skip setActiveMode, isDdicIdleMode: 1
08-06 17:04:34.596  1843  2428 I SDM     : HWCDisplay::SetActiveConfigWithConstraints: display:66-0, config: 3, WxH 1200x2670, fps 120
08-06 17:04:34.597  1843  2428 W SDM     : HWDeviceDRM::GetSupportedBitClkRate: Requested rate not supported: 1150000000
08-06 17:04:34.597  1843  2428 I SDM     : HWDeviceDRM::UpdateMixerAttributes: Mixer WxH 1200x2670-1 for Peripheral
08-06 17:04:34.597  1843  2428 I SDM     : HWCDisplay::SubmitDisplayConfig: Active configuration changed from config 1 to 3
08-06 17:04:34.597  1843  2428 I SDM     : HWCDisplay::SubmitDisplayConfig: Active WxH 1200x2670 ,ddic_mode:auto, timing_fps: 120, sf_fps: 120
08-06 17:04:34.599  1843  3496 I vendor.qti.hardware.display.composer-service: Sensor: notify citsensorservice to trigger cwb, misForced = 0
08-06 17:04:34.600  3050  4554 I libsensor-parseRGB: request dump start for mRequestDisplayId 0
08-06 17:04:34.628  3050 25119 E libsensor-parseRGB: CWB NotifyCWBBufferDone  error 0
08-06 17:04:34.681  3086  3086 I adbd    : in ShellService: getprop ro.sf.lcd_density
08-06 17:04:34.684  1843  2051 I SDM     : DisplayBase::CommitThread: Received idle timeout, panel: cmd, timeout: 70000 us
08-06 17:04:34.712  1843  2428 I SDM     : HWCDisplay::SetActiveConfigWithConstraints: display:66-0, config: 1, WxH 1200x2670, fps 120
08-06 17:04:34.712  1843  2428 W SDM     : HWDeviceDRM::GetSupportedBitClkRate: Requested rate not supported: 1150000000
08-06 17:04:34.712  1843  2428 I SDM     : HWDeviceDRM::UpdateMixerAttributes: Mixer WxH 1200x2670-1 for Peripheral
08-06 17:04:34.712  1843  2428 I SDM     : HWCDisplay::SubmitDisplayConfig: Active configuration changed from config 3 to 1
08-06 17:04:34.712  1843  2428 I SDM     : HWCDisplay::SubmitDisplayConfig: Active WxH 1200x2670 ,ddic_mode:idle, timing_fps: 120, sf_fps: 120
08-06 17:04:34.732  1865  1865 I vendor.qti.hardware.servicetrackeraidl-service: unbindService is called for service : com.google.android.gms/.chimera.GmsBoundBrokerService and for client com.google.android.gms
08-06 17:04:34.733  1865  1865 I vendor.qti.hardware.servicetrackeraidl-service: size of service connections for service: com.google.android.gms/.chimera.GmsBoundBrokerServiceafter removal is 4
08-06 17:04:34.733  1865  1865 I vendor.qti.hardware.servicetrackeraidl-service: size of client connections for client: com.google.android.gmsafter removal is 7
08-06 17:04:34.736  2474  7257 I MiuiNetworkPolicy: bandwidth: 0 KB/s, Max bandwidth: 11266 KB/s
08-06 17:04:34.747  1865  1865 I vendor.qti.hardware.servicetrackeraidl-service: unbindService is called for service : com.google.android.gms/.chimera.PersistentApiService and for client com.google.android.gms
08-06 17:04:34.773  1865  1865 I vendor.qti.hardware.servicetrackeraidl-service: unbindService is called for service : com.google.android.gms/.chimera.GmsBoundBrokerService and for client com.google.android.gms.persistent
08-06 17:04:34.773  1865  1865 I vendor.qti.hardware.servicetrackeraidl-service: size of service connections for service: com.google.android.gms/.chimera.GmsBoundBrokerServiceafter removal is 3
08-06 17:04:34.774  1865  1865 I vendor.qti.hardware.servicetrackeraidl-service: size of client connections for client: com.google.android.gms.persistentafter removal is 6
08-06 17:04:34.775  1865  1865 I vendor.qti.hardware.servicetrackeraidl-service: unbindService is called for service : com.google.android.gms/.icing.service.AppIndexingService and for client com.google.android.gms.persistent
08-06 17:04:34.775  1865  1865 I vendor.qti.hardware.servicetrackeraidl-service: size of service connections for service: com.google.android.gms/.icing.service.AppIndexingServiceafter removal is 1
08-06 17:04:34.775  1865  1865 I vendor.qti.hardware.servicetrackeraidl-service: size of client connections for client: com.google.android.gms.persistentafter removal is 5
08-06 17:04:34.777  1865  1865 I vendor.qti.hardware.servicetrackeraidl-service: unbindService is called for service : com.google.android.gms/.icing.service.IndexService and for client com.google.android.gms.persistent
08-06 17:04:34.777  1865  1865 I vendor.qti.hardware.servicetrackeraidl-service: size of service connections for service: com.google.android.gms/.icing.service.IndexServiceafter removal is 1
08-06 17:04:34.777  1865  1865 I vendor.qti.hardware.servicetrackeraidl-service: size of client connections for client: com.google.android.gms.persistentafter removal is 4
08-06 17:04:34.782  2474  2646 E SSRU-RUS: Don't have packages for uid 99006
08-06 17:04:34.785  2474  7257 I MiuiNetworkPolicy: updateUidState uid = 99006, uidState = 10
08-06 17:04:34.791  1843  2051 I SDM     : DisplayBase::CommitThread: Received idle timeout, panel: cmd, timeout: 70000 us
08-06 17:04:34.805  1865  1865 I vendor.qti.hardware.servicetrackeraidl-service: destroyService is called for service : com.google.android.gms/.chimera.GmsIntentOperationService
08-06 17:04:34.806  2474 15979 I SmartPower: com.google.android.gms/10130(7177): idle->background(4875ms) R(service destroy com.google.android.gms/.chimera.GmsIntentOperationService) adj=500.
08-06 17:04:34.810  3086  3086 I adbd    : in ShellService: dumpsys activity activities
08-06 17:04:34.871  1843  3496 I vendor.qti.hardware.display.composer-service: Sensor: notify citsensorservice to trigger cwb, misForced = 1
08-06 17:04:34.871  3050  4554 I libsensor-parseRGB: request dump start for mRequestDisplayId 0
08-06 17:04:34.893  3086  3086 I adbd    : in ShellService: dumpsys activity activities
08-06 17:04:34.893  3050  4604 E libsensor-parseRGB: CWB NotifyCWBBufferDone  error 0
08-06 17:04:34.950  3086  3086 I adbd    : in ShellService: ps
08-06 17:04:34.951  1843  2051 I SDM     : DisplayBase::CommitThread: Received idle timeout, panel: cmd, timeout: 69999 us
08-06 17:04:34.958  3086  3086 I adbd    : in ShellService: dumpsys activity activities
08-06 17:04:35.041  3086  3086 I adbd    : in ShellService: dumpsys activity services
08-06 17:04:35.187  3086  3086 I adbd    : in ShellService: screencap -p /sdcard/screen_2025-08-06_170435.png
08-06 17:04:35.247  7856  7900 E PhoneAdapter: get ntnphones failed, exception: java.lang.IllegalStateException: Default phones haven't been made yet!
08-06 17:04:35.250  2474  7258 E WifiScoreReportInjector: current network is in roaming environment
08-06 17:04:35.271  1843  3496 I vendor.qti.hardware.display.composer-service: Sensor: notify citsensorservice to trigger cwb, misForced = 0
08-06 17:04:35.272  3050  4554 I libsensor-parseRGB: request dump start for mRequestDisplayId 0
08-06 17:04:35.300  3050  3078 E libsensor-parseRGB: CWB NotifyCWBBufferDone  error 0
08-06 17:04:35.314 27755 27755 W BpBinder: Linking to death on android.gui.ISurfaceComposer but there are no threads (yet?) listening to incoming transactions. See ProcessState::startThreadPool and ProcessState::setThreadPoolMaxThreadCount. Generally you should setup the binder threadpool before other initialization steps.
08-06 17:04:35.315 27755 27755 W ProcessState: Extra binder thread started, but 0 threads requested. Do not use *startThreadPool when zero threads are requested.
08-06 17:04:35.349 27755 27759 I AdrenoUtils: <ReadGpuID:357>: Reading chip ID through GSL
08-06 17:04:35.350 27755 27755 W qdgralloc: Failed to load libubwcp.so
08-06 17:04:35.348 27755 27755 W screencap: type=1400 audit(0.0:14893): avc:  denied  { read } for  name="libubwcp.so" dev="dm-37" ino=19816057 scontext=u:r:shell:s0 tcontext=u:object_r:vendor_file:s0 tclass=file permissive=0
08-06 17:04:35.354 12965 14974 W MediaProvider: isAppCloneUserPair for user 0: false
08-06 17:04:35.358  1843  2051 I SDM     : DisplayBase::CommitThread: Received idle timeout, panel: cmd, timeout: 70000 us
08-06 17:04:35.686 13710 15439 W BatteryHistoryManager: save history : 2025.8.6  17:4
08-06 17:04:35.689  2474  2664 I ThermalObserver: Temperature control has been released.
08-06 17:04:35.697 12965 10768 I PSyncWorker: Starting proactive picker sync from sync source: 1
08-06 17:04:35.700 12965 10768 I PickerSyncController: Executing SyncAdd. isLocal: true. authority: com.android.providers.media.photopicker
08-06 17:04:35.702 13710 15439 I BatteryDataUtils: getFirstHistoryData baseTime =0
08-06 17:04:35.702 13710 15439 I BatteryDataUtils: getFirstHistoryData time =4007387181
08-06 17:04:35.703 12965 10768 I PickerSyncController: Paged sync successful. QueryArgs: Bundle[{android.provider.extra.SYNC_GENERATION=17364, android.provider.extra.PAGE_SIZE=1000}] Total Rows: 0
08-06 17:04:35.703 12965 10768 I PickerSyncController: Executing SyncRemove. isLocal: true. authority: com.android.providers.media.photopicker
08-06 17:04:35.705 12965 10768 E PickerDbFacade: Could not get first date taken millis for media id: 1000001885
08-06 17:04:35.705 12965 10768 W PickerDbFacade: Unable to promote cloud media with localId: 1000001885
08-06 17:04:35.706 13710 15439 W BatteryHistoryManager: clearOverageHistory clear time : 301995801
08-06 17:04:35.706 13710 15439 I PowerRankHelperHolder: refreshStats begin
08-06 17:04:35.706 13710 15439 I PowerRankHelperHolder: mDesktopPkgSet =[com.ss.android.ugc.aweme, com.milink.service, com.miui.securitymanager, com.musicworx, com.baidu.BaiduMap, com.google.android.apps.youtube.music, com.google.android.apps.tasks, com.jijia.jjweather, com.netease.newsreader.activity, com.instagram.android, com.microsoft.emmx, com.baidu.searchbox.lite, com.getsurfboard, com.android.fileexplorer, com.miui.compass, com.microsoft.office.outlook, com.jijia.bqwnl, com.autonavi.minimap, com.miui.mishare.connectivity, com.miui.calculator, org.secuso.privacyfriendlytodolist, com.android.contacts, com.xiaomi.scanner, com.android.vending, com.yahoo.mobile.client.android.mail, com.einnovation.temu, com.baidu.searchbox, com.duokan.reader, com.wuba.zhuanzhuan, io.appium.settings, com.android.chrome, com.xiaomi.finddevice, com.xingin.xhs, com.dragon.read, tv.danmaku.bili, com.android.nfc, com.ebay.mobile, com.miui.gallery, com.UCMobile, todolist.scheduleplanner.dailyplanner.todo.reminders, com.alibaba.aliexpresshd, com.android.email, com.todoist, cool.monkey.android, com.spotify.music, com.mfashiongallery.emag, com.xiaomi.market, com.microsoft.todos, com.sohu.inputmethod.sogou.xiaomi, com.skysoft.kkbox.android, com.miui.notes, com.miui.home, com.smile.gifmaker, com.xiaomi.gamecenter, com.android.browser, com.microsoft.skydrive, com.anydo, de.baumann.browser, com.suxing.sustream, com.miui.virtualsim, com.android.quicksearchbox, com.sina.news, com.miui.weather2, com.miui.video, douzifly.list, com.google.android.documentsui, com.ss.android.article.news, com.miui.miwallpaper, com.quark.browser, com.android.mms, cn.ninegame.gamemanager, com.kuaishou.nebula, com.android.providers.downloads.ui, com.tencent.android.qqdownloader, com.baidu.input_mi, com.iflytek.inputmethod.miui, com.android.camera, com.google.android.gm, cn.amazon.mShop.android, com.android.incallui, com.google.android.apps.magazines, com.android.calendar, io.github.ylimit.droidbotapp, ru.mail.mailapp, com.android.settings, com.zhuantech.sijiweather, com.cnn.mobile.android.phone, com.android.soundrecorder]
08-06 17:04:35.706 12965 10768 I PickerSyncController: Paged sync successful. QueryArgs: Bundle[{android.provider.extra.SYNC_GENERATION=17364, android.provider.extra.PAGE_SIZE=1000}] Total Rows: 0
08-06 17:04:35.707 12965 10768 I PickerSyncTracker: Marked sync future complete for work id: 6459b83e-f191-4088-b5e4-62ee749aec3f. Future map: {}
08-06 17:04:35.707 12965 10768 I PSyncWorker: Completed picker proactive sync complete from local provider.
08-06 17:04:35.708 12965 13394 I WM-WorkerWrapper: Worker result SUCCESS for Work [ id=6459b83e-f191-4088-b5e4-62ee749aec3f, tags={ com.android.providers.media.photopicker.sync.ProactiveSyncWorker } ]
