08-06 17:04:27.512  9014 21898 I artd    : /data/app/~~xghgELJG7C19mtUUnIHNDw==/com.microsoft.skydrive-nG0awk_uNf8tA1Trzjq_-Q==/oat/arm64/base.odex is kOatUpToDate with filter verify
08-06 17:04:27.515 16543 27275 I Finsky  : [1268] mjw.ajf(151): [ContentSync] finished, scheduled=false
08-06 17:04:27.517 17558  9804 I WM-WorkerWrapper: Worker result SUCCESS for Work [ id=15f3b7c2-bfb9-48f3-bd0b-274ad48cbf69, tags={ com.miui.optimizecenter.common.appcache.AppCacheManager$Companion$AppChangedReceiverWork } ]
08-06 17:04:27.517  2474  7257 I MiuiNetworkPolicy: updateUidState uid = 10261, uidState = 4
08-06 17:04:27.518  2474  7257 I MiuiNetworkPolicyTrafficLimit: updateWhiteListUidForMobileTraffic uid=10261,add=true
08-06 17:04:27.518  2474  7257 I MiuiNetworkPolicy: updateUidState uid = 10203, uidState = 4
08-06 17:04:27.518  2474  7257 I MiuiNetworkPolicy: updateUidState uid = 10167, uidState = 4
08-06 17:04:27.518  2474  7257 I MiuiNetworkPolicyTrafficLimit: updateWhiteListUidForMobileTraffic uid=10167,add=true
08-06 17:04:27.518  2474  7257 I MiuiNetworkPolicy: updateUidState uid = 10158, uidState = 4
08-06 17:04:27.519  2474  7257 I MiuiNetworkPolicyTrafficLimit: updateWhiteListUidForMobileTraffic uid=10158,add=true
08-06 17:04:27.519  2474  7257 I MiuiNetworkPolicy: updateUidState uid = 10090, uidState = 4
08-06 17:04:27.520 16543 17002 I Finsky  : [637] kwp.a(206): AIM: AppInfoManager-Perf > ItemModel > CacheSize=34, cacheHitCount=0, cacheMissCount=0, total appsWithNoServerDataCount=3. Missed  in cache (limit 10) : []
08-06 17:04:27.522  7177 27544 I Icing   : Indexing com.google.android.gms-apps from com.google.android.gms
08-06 17:04:27.524  2474  7379 I whetstone.activity: processNotifyEvent1 resId = 256, bundle = Bundle[{startTime=395691846, sourcePkg=com.miui.cleanmaster, sourceUid=10266, status=0, jobId=485, batteryName=com.miui.cleanmaster/androidx.work.impl.background.systemjob.SystemJobService, elapsedRealtime=395691846}]
08-06 17:04:27.524  1865  1865 I vendor.qti.hardware.servicetrackeraidl-service: unbindService is called for service : com.miui.cleanmaster/androidx.work.impl.background.systemjob.SystemJobService and for client system
08-06 17:04:27.524  1865  1865 I vendor.qti.hardware.servicetrackeraidl-service: size of service connections for service: com.miui.cleanmaster/androidx.work.impl.background.systemjob.SystemJobServiceafter removal is 0
08-06 17:04:27.524  1865  1865 I vendor.qti.hardware.servicetrackeraidl-service: size of client connections for client: systemafter removal is 27
08-06 17:04:27.525  1865  1865 I vendor.qti.hardware.servicetrackeraidl-service: destroyService is called for service : com.miui.cleanmaster/androidx.work.impl.background.systemjob.SystemJobService
08-06 17:04:27.525  2474  7257 I MiuiNetworkPolicy: updateUidState uid = 10266, uidState = 10
08-06 17:04:27.525  2741 27560 I ProximityAuth: [RecentAppsMediator] Package added: (user=UserHandle{0}) com.microsoft.skydrive
08-06 17:04:27.526  2741 27579 W GCM     : Unexpected forwarded intent: Intent { act=android.intent.action.PACKAGE_ADDED dat=package: flg=0x4000010 pkg=com.google.android.gms cmp=com.google.android.gms/.chimera.PersistentIntentOperationService (has extras) }
08-06 17:04:27.526 14191 17267 I EventMonitor: notifyEvent resId=256
08-06 17:04:27.530  2474  7257 I MiuiNetworkPolicy: updateUidState uid = 10266, uidState = 19
08-06 17:04:27.530  6011 20578 I Market-WakeLockManager: acquire wakeLock: CheckUpdateService for 30000
08-06 17:04:27.530  6011 20578 I Market-CheckUpdateService: force check Update Apps
08-06 17:04:27.530  6011 20578 I Market-LocalAppManager: query update apps from server : begin
08-06 17:04:27.530  6011 20578 I Market-LocalAppManager: checkUpdateFromServer : start
08-06 17:04:27.530  6011 20578 I Market-LocalAppManager: getUpdateInfoFromServer : start,isBackground=true
08-06 17:04:27.530  7177 27552 I Auth    : (REDACTED) [SupervisedAccountIntentOperationV2] onHandleIntent: %s
08-06 17:04:27.531  2741 27301 W NetworkScheduler: Unexpected forwarded intent: Intent { act=android.intent.action.PACKAGE_ADDED dat=package: flg=0x4000010 pkg=com.google.android.gms cmp=com.google.android.gms/.chimera.PersistentIntentOperationService (has extras) }
08-06 17:04:27.533  7177 27552 I Dck     : (REDACTED) disableDckSupport: %s
08-06 17:04:27.533  7177 27552 I Dck     : [WirelessCapabilitiesFeatures] wccSysProp: 1 [CONTEXT service_id=289 ]
08-06 17:04:27.533  7177 27552 I Dck     : [WirelessCapabilitiesFeatures] wccMendel: 3 [CONTEXT service_id=289 ]
08-06 17:04:27.533  7177 27552 I Dck     : [WirelessCapabilitiesFeatures] deviceWccOverride: false [CONTEXT service_id=289 ]
08-06 17:04:27.533  7177 27552 I Dck     : [WirelessCapabilitiesFeatures] replaceSupportedWccWithWccOverride: true [CONTEXT service_id=289 ]
08-06 17:04:27.533  7177 27552 I Dck     : [WirelessCapabilitiesFeatures] wccOverride: not set [CONTEXT service_id=289 ]
08-06 17:04:27.533  7177 27552 I Dck     : (REDACTED) [WirelessCapabilitiesFeatures] wcc: %s
08-06 17:04:27.533  7177 27552 I Dck     : Dck module condition - downloadAllowed: false [CONTEXT service_id=289 ]
08-06 17:04:27.533  7177 27552 W Dck     : Dck module not eligible for asynchronous downloading [CONTEXT service_id=289 ]
08-06 17:04:27.536  2741 27301 I Fitness : (REDACTED) OnPackageChangedOperation got intent: %s
08-06 17:04:27.537  3086  3086 I adbd    : in ShellService: dumpsys package com.microsoft.skydrive
08-06 17:04:27.542 16543 16543 I Finsky  : [2] akwu.c(44): Do not start WearSupportService due to Wear service optimization
08-06 17:04:27.543 16543 16543 I Finsky  : [2] srb.akj(13): DTU: Received onPackageAdded, replacing: false
08-06 17:04:27.543 16543 17024 I Finsky  : [641] kwt.a(55): AIM: AppInfoManager-Perf > OnDeviceAppInfo > cacheHitCount=1, cacheMissCount=0. Missed  in cache (limit 10) : []
08-06 17:04:27.543 16543 17024 I Finsky  : [641] kuq.apply(1378): AIM: Got app ownership map. App counts: . Unique apps: 0
08-06 17:04:27.543 16543 16543 I Finsky  : [2] yag.g(1): yag - Received: android.intent.action.PACKAGE_CHANGED, [YxfrU1H1jtD9Q4JIn1fBjlnu87fLGrqkKtU-h-k8Eqc]
08-06 17:04:27.544 16543 17024 I Finsky  : [641] kwp.a(206): AIM: AppInfoManager-Perf > ItemModel > CacheSize=34, cacheHitCount=0, cacheMissCount=0, total appsWithNoServerDataCount=3. Missed  in cache (limit 10) : []
08-06 17:04:27.545  1865  1865 I vendor.qti.hardware.servicetrackeraidl-service: destroyService is called for service : com.google.android.gms/.fitness.service.recording.FitRecordingBroker
08-06 17:04:27.545 10308 13587 I WakePathUpdatePolicy: doUpdate(user 0):responseCode:200
08-06 17:04:27.545 10308 13587 W WakePathUpdatePolicy: doUpdate(user 0): Response stream size=1408
08-06 17:04:27.547  2741 27579 I Fitness : (REDACTED) FitCleanupIntentOperation received Intent %s
08-06 17:04:27.548  1843  2051 I SDM     : DisplayBase::CommitThread: Received idle timeout, panel: cmd, timeout: 70000 us
08-06 17:04:27.553 16543 16543 I Finsky  : [2] kuy.f(9): AIM: AppInfoCacheUpdater -> invalidating apps: [com.microsoft.skydrive]
08-06 17:04:27.553 16543 16543 I Finsky  : [2] kvn.g(21): AIM: AppInfoManager-Perf > getApps > called for 1 apps
08-06 17:04:27.554 10308 13587 I WakePathUpdatePolicy: pushWakePathData begin
08-06 17:04:27.555 10308 13587 I com.lbe.security.service.provider.WakePathDatabaseUtil: getWakePathWhiteList: whiteList.size=5
08-06 17:04:27.555 16543 27246 I Finsky  : [1262] pcp.accept(129): Wrote row to frosting DB: 1587
08-06 17:04:27.555  9014 21898 I artd    : Dex parent of /data/app/~~xghgELJG7C19mtUUnIHNDw==/com.microsoft.skydrive-nG0awk_uNf8tA1Trzjq_-Q==/base.apk is not writable: Permission denied
08-06 17:04:27.555  9014 21898 I artd    : GetBestInfo checking odex in dalvik-cache (/data/dalvik-cache/arm64/data@app@~~xghgELJG7C19mtUUnIHNDw==@com.microsoft.skydrive-nG0awk_uNf8tA1Trzjq_-Q==@base.apk@classes.dex)
08-06 17:04:27.555  9014 21898 I artd    : Loading /data/dalvik-cache/arm64/data@app@~~xghgELJG7C19mtUUnIHNDw==@com.microsoft.skydrive-nG0awk_uNf8tA1Trzjq_-Q==@base.apk@classes.dex with executable: 0
08-06 17:04:27.555  9014 21898 I artd    : OatFileAssistant test for existing oat file /data/dalvik-cache/arm64/data@app@~~xghgELJG7C19mtUUnIHNDw==@com.microsoft.skydrive-nG0awk_uNf8tA1Trzjq_-Q==@base.apk@classes.dex: File /data/dalvik-cache/arm64/data@app@~~xghgELJG7C19mtUUnIHNDw==@com.microsoft.skydrive-nG0awk_uNf8tA1Trzjq_-Q==@base.apk@classes.vdex does not exist.
08-06 17:04:27.555  9014 21898 I artd    : GetBestInfo checking odex next to the dex file (/data/app/~~xghgELJG7C19mtUUnIHNDw==/com.microsoft.skydrive-nG0awk_uNf8tA1Trzjq_-Q==/oat/arm64/base.odex)
08-06 17:04:27.555  9014 21898 I artd    : Loading /data/app/~~xghgELJG7C19mtUUnIHNDw==/com.microsoft.skydrive-nG0awk_uNf8tA1Trzjq_-Q==/oat/arm64/base.odex with executable: 0
08-06 17:04:27.555  2474  7257 I MiuiNetworkPolicy: updateUidState uid = 10124, uidState = 16
08-06 17:04:27.556  9014 21898 I artd    : Successfully loaded /data/app/~~xghgELJG7C19mtUUnIHNDw==/com.microsoft.skydrive-nG0awk_uNf8tA1Trzjq_-Q==/oat/arm64/base.odex with executable: 0
08-06 17:04:27.556  2474 15979 I WakePathChecker: MIUILOG-WAKEPATH pushWakePathWhiteList: userId=0 size=5
08-06 17:04:27.556  9014 21898 I artd    : /data/app/~~xghgELJG7C19mtUUnIHNDw==/com.microsoft.skydrive-nG0awk_uNf8tA1Trzjq_-Q==/oat/arm64/base.odex is kOatUpToDate with filter verify
08-06 17:04:27.556 10308 13587 I com.lbe.security.service.provider.WakePathDatabaseUtil: getWakePathRuleList: wakeType=1 wakePathRules.size=3
08-06 17:04:27.557  2474 10067 I WakePathChecker: MIUILOG-WAKEPATH pushWakePathRuleInfos: wakeType=1 userId=0 size=3
08-06 17:04:27.557 10308 13587 I com.lbe.security.service.provider.WakePathDatabaseUtil: getWakePathRuleList: wakeType=8 wakePathRules.size=8
08-06 17:04:27.557  2474  8394 I WakePathChecker: MIUILOG-WAKEPATH pushWakePathRuleInfos: wakeType=8 userId=0 size=8
08-06 17:04:27.557 10308 13587 I com.lbe.security.service.provider.WakePathDatabaseUtil: getWakePathRuleList: wakeType=4 wakePathRules.size=4
08-06 17:04:27.557 16543 17024 I Finsky  : [641] kwt.a(55): AIM: AppInfoManager-Perf > OnDeviceAppInfo > cacheHitCount=0, cacheMissCount=1. Missed  in cache (limit 10) : [com.microsoft.skydrive]
08-06 17:04:27.557  2474 15979 I WakePathChecker: MIUILOG-WAKEPATH pushWakePathRuleInfos: wakeType=4 userId=0 size=4
08-06 17:04:27.558 10308 13587 I com.lbe.security.service.provider.WakePathDatabaseUtil: getWakePathRuleList: wakeType=2 wakePathRules.size=1
08-06 17:04:27.558  2474 10067 I WakePathChecker: MIUILOG-WAKEPATH pushWakePathRuleInfos: wakeType=2 userId=0 size=1
08-06 17:04:27.558 16543 17002 I Finsky  : [637] kuq.apply(1378): AIM: Got app ownership map. App counts: . Unique apps: 0
08-06 17:04:27.558 10308 13587 I com.lbe.security.service.provider.WakePathDatabaseUtil: getWakePathRuleList: wakeType=17 wakePathRules.size=0
08-06 17:04:27.558  2474 10067 I WakePathChecker: MIUILOG-WAKEPATH pushWakePathRuleInfos: wakeType=17 userId=0 size=0
08-06 17:04:27.558 16543 17002 I Finsky  : [637] kwt.a(55): AIM: AppInfoManager-Perf > OnDeviceAppInfo > cacheHitCount=1, cacheMissCount=0. Missed  in cache (limit 10) : []
08-06 17:04:27.558 16543 27246 I Finsky  : [1262] pcp.accept(129): Wrote row to frosting DB: 1588
08-06 17:04:27.558 10308 13587 I com.lbe.security.service.provider.WakePathDatabaseUtil: getWakePathRuleList: wakeType=32 wakePathRules.size=1
08-06 17:04:27.559  2474 10067 I WakePathChecker: MIUILOG-WAKEPATH pushWakePathRuleInfos: wakeType=32 userId=0 size=1
08-06 17:04:27.559 16543 17002 I Finsky  : [637] kuq.apply(1378): AIM: Got app ownership map. App counts: . Unique apps: 0
08-06 17:04:27.559 10308 13587 I com.lbe.security.service.provider.WakePathDatabaseUtil: getWakePathRuleList: wakeType=256 wakePathRules.size=8
08-06 17:04:27.559  2474 10067 I WakePathChecker: MIUILOG-WAKEPATH pushWakePathRuleInfos: wakeType=256 userId=0 size=8
08-06 17:04:27.559 10308 13587 I com.lbe.security.service.provider.WakePathDatabaseUtil: getWakePathRuleList: wakeType=128 wakePathRules.size=4
08-06 17:04:27.559  2474 10067 I WakePathChecker: MIUILOG-WAKEPATH pushWakePathRuleInfos: wakeType=128 userId=0 size=4
08-06 17:04:27.559 16543 17002 I Finsky  : [637] jyg.accept(156): AIM: AppInfoManager-Perf > getApps > data collection finished
08-06 17:04:27.559 10308 13587 I com.lbe.security.service.provider.WakePathDatabaseUtil: getWakePathRuleList: wakeType=64 wakePathRules.size=2
08-06 17:04:27.559 16543 17002 I Finsky  : [637] kvo.run(976): AIM: AppInfoManager-Perf > maybeDestroyAppInfoManager is called. actives = 2
08-06 17:04:27.559  2474 10067 I WakePathChecker: MIUILOG-WAKEPATH pushWakePathRuleInfos: wakeType=64 userId=0 size=2
08-06 17:04:27.560 10308 13587 I com.lbe.security.service.provider.WakePathDatabaseUtil: getWakePathRuleList: wakeType=4096 wakePathRules.size=2
08-06 17:04:27.560  2474 15979 I WakePathChecker: MIUILOG-WAKEPATH pushWakePathRuleInfos: wakeType=4096 userId=0 size=2
08-06 17:04:27.560 10308 13587 I com.lbe.security.service.provider.WakePathDatabaseUtil: getWakePathRuleList: wakeType=32768 wakePathRules.size=1
08-06 17:04:27.560  2474  7647 I WakePathChecker: MIUILOG-WAKEPATH pushWakePathRuleInfos: wakeType=32768 userId=0 size=1
08-06 17:04:27.561 10308 13587 I com.lbe.security.service.provider.WakePathDatabaseUtil: getWakePathRuleList: wakeType=8192 wakePathRules.size=6
08-06 17:04:27.561  2474  7647 I WakePathChecker: MIUILOG-WAKEPATH pushWakePathRuleInfos: wakeType=8192 userId=0 size=6
08-06 17:04:27.561 10308 13587 I com.lbe.security.service.provider.WakePathDatabaseUtil: getWakePathRuleList: wakeType=16384 wakePathRules.size=0
08-06 17:04:27.561  2474  7647 I WakePathChecker: MIUILOG-WAKEPATH pushWakePathRuleInfos: wakeType=16384 userId=0 size=0
08-06 17:04:27.561 10308 13587 I com.lbe.security.service.provider.WakePathDatabaseUtil: getWakePathRuleList: wakeType=22 wakePathRules.size=0
08-06 17:04:27.561  2474 10067 I WakePathChecker: MIUILOG-WAKEPATH pushWakePathRuleInfos: wakeType=22 userId=0 size=0
08-06 17:04:27.561 10308 13587 I WakePathUpdatePolicy: pushWakePathData end
08-06 17:04:27.561 10308 13587 I WakePathUpdatePolicy: doUpdate end
08-06 17:04:27.564  9014 21898 I artd    : Dex parent of /data/app/~~xghgELJG7C19mtUUnIHNDw==/com.microsoft.skydrive-nG0awk_uNf8tA1Trzjq_-Q==/base.apk is not writable: Permission denied
08-06 17:04:27.564  9014 21898 I artd    : GetBestInfo checking odex in dalvik-cache (/data/dalvik-cache/arm64/data@app@~~xghgELJG7C19mtUUnIHNDw==@com.microsoft.skydrive-nG0awk_uNf8tA1Trzjq_-Q==@base.apk@classes.dex)
08-06 17:04:27.564  9014 21898 I artd    : Loading /data/dalvik-cache/arm64/data@app@~~xghgELJG7C19mtUUnIHNDw==@com.microsoft.skydrive-nG0awk_uNf8tA1Trzjq_-Q==@base.apk@classes.dex with executable: 0
08-06 17:04:27.564  9014 21898 I artd    : OatFileAssistant test for existing oat file /data/dalvik-cache/arm64/data@app@~~xghgELJG7C19mtUUnIHNDw==@com.microsoft.skydrive-nG0awk_uNf8tA1Trzjq_-Q==@base.apk@classes.dex: File /data/dalvik-cache/arm64/data@app@~~xghgELJG7C19mtUUnIHNDw==@com.microsoft.skydrive-nG0awk_uNf8tA1Trzjq_-Q==@base.apk@classes.vdex does not exist.
08-06 17:04:27.564  9014 21898 I artd    : GetBestInfo checking odex next to the dex file (/data/app/~~xghgELJG7C19mtUUnIHNDw==/com.microsoft.skydrive-nG0awk_uNf8tA1Trzjq_-Q==/oat/arm64/base.odex)
08-06 17:04:27.564  9014 21898 I artd    : Loading /data/app/~~xghgELJG7C19mtUUnIHNDw==/com.microsoft.skydrive-nG0awk_uNf8tA1Trzjq_-Q==/oat/arm64/base.odex with executable: 0
08-06 17:04:27.565  9014 21898 I artd    : Successfully loaded /data/app/~~xghgELJG7C19mtUUnIHNDw==/com.microsoft.skydrive-nG0awk_uNf8tA1Trzjq_-Q==/oat/arm64/base.odex with executable: 0
08-06 17:04:27.565  9014 21898 I artd    : /data/app/~~xghgELJG7C19mtUUnIHNDw==/com.microsoft.skydrive-nG0awk_uNf8tA1Trzjq_-Q==/oat/arm64/base.odex is kOatUpToDate with filter verify
08-06 17:04:27.566  1850  9924 E ANDR-PERF-LM: MetaMeter: handleAsync() 166: AdaptLaunch Invalid Async
08-06 17:04:27.567 13223 17910 W SQLiteLog: (28) double-quoted string literal: "com.microsoft.skydrive"
08-06 17:04:27.567  7177 27544 I Icing   : Indexing done com.google.android.gms-apps
08-06 17:04:27.570  9014 21898 I artd    : Dex parent of /data/app/~~xghgELJG7C19mtUUnIHNDw==/com.microsoft.skydrive-nG0awk_uNf8tA1Trzjq_-Q==/base.apk is not writable: Permission denied
08-06 17:04:27.571  9014 21898 I artd    : GetBestInfo checking odex in dalvik-cache (/data/dalvik-cache/arm64/data@app@~~xghgELJG7C19mtUUnIHNDw==@com.microsoft.skydrive-nG0awk_uNf8tA1Trzjq_-Q==@base.apk@classes.dex)
08-06 17:04:27.571  9014 21898 I artd    : Loading /data/dalvik-cache/arm64/data@app@~~xghgELJG7C19mtUUnIHNDw==@com.microsoft.skydrive-nG0awk_uNf8tA1Trzjq_-Q==@base.apk@classes.dex with executable: 0
08-06 17:04:27.571  9014 21898 I artd    : OatFileAssistant test for existing oat file /data/dalvik-cache/arm64/data@app@~~xghgELJG7C19mtUUnIHNDw==@com.microsoft.skydrive-nG0awk_uNf8tA1Trzjq_-Q==@base.apk@classes.dex: File /data/dalvik-cache/arm64/data@app@~~xghgELJG7C19mtUUnIHNDw==@com.microsoft.skydrive-nG0awk_uNf8tA1Trzjq_-Q==@base.apk@classes.vdex does not exist.
08-06 17:04:27.571  9014 21898 I artd    : GetBestInfo checking odex next to the dex file (/data/app/~~xghgELJG7C19mtUUnIHNDw==/com.microsoft.skydrive-nG0awk_uNf8tA1Trzjq_-Q==/oat/arm64/base.odex)
08-06 17:04:27.571  9014 21898 I artd    : Loading /data/app/~~xghgELJG7C19mtUUnIHNDw==/com.microsoft.skydrive-nG0awk_uNf8tA1Trzjq_-Q==/oat/arm64/base.odex with executable: 0
08-06 17:04:27.571  1865  1865 I vendor.qti.hardware.servicetrackeraidl-service: destroyService is called for service : com.google.android.gms/.icing.service.IndexWorkerService
08-06 17:04:27.571  9014 21898 I artd    : Successfully loaded /data/app/~~xghgELJG7C19mtUUnIHNDw==/com.microsoft.skydrive-nG0awk_uNf8tA1Trzjq_-Q==/oat/arm64/base.odex with executable: 0
08-06 17:04:27.571  9014 21898 I artd    : /data/app/~~xghgELJG7C19mtUUnIHNDw==/com.microsoft.skydrive-nG0awk_uNf8tA1Trzjq_-Q==/oat/arm64/base.odex is kOatUpToDate with filter verify
08-06 17:04:27.577  7177  3312 I AppLinksAsyncVerifierV2: (REDACTED) Verification result: checking for a statement with source %s, relation delegate_permission/common.handle_all_urls, and target %s --> %b.
08-06 17:04:27.577 16543 17054 I Finsky  : [649] kwp.a(206): AIM: AppInfoManager-Perf > ItemModel > CacheSize=34, cacheHitCount=0, cacheMissCount=0, total appsWithNoServerDataCount=3. Missed  in cache (limit 10) : []
08-06 17:04:27.577 16543 17042 I Finsky  : [646] kwp.a(206): AIM: AppInfoManager-Perf > ItemModel > CacheSize=34, cacheHitCount=0, cacheMissCount=0, total appsWithNoServerDataCount=3. Missed  in cache (limit 10) : []
08-06 17:04:27.577 16543 17042 I Finsky  : [646] jyg.accept(156): AIM: AppInfoManager-Perf > getApps > data collection finished
08-06 17:04:27.578 16543 17042 I Finsky  : [646] kvo.run(976): AIM: AppInfoManager-Perf > maybeDestroyAppInfoManager is called. actives = 1
08-06 17:04:27.590  7177 26996 I Icing   : Indexing com.google.android.gms-apps from com.google.android.gms
08-06 17:04:27.593  7177 26996 I Icing   : Indexing done com.google.android.gms-apps
08-06 17:04:27.594  7177 26996 I Icing   : Indexing com.google.android.gms-apps from com.google.android.gms
08-06 17:04:27.594  7177 26996 I Icing   : Indexing done com.google.android.gms-apps
08-06 17:04:27.596  1865  1865 I vendor.qti.hardware.servicetrackeraidl-service: destroyService is called for service : com.google.android.gms/.icing.service.IndexWorkerService
08-06 17:04:27.598  7177 23863 I AppLinksAsyncVerifierV2: (REDACTED) Verification result: checking for a statement with source %s, relation delegate_permission/common.handle_all_urls, and target %s --> %b.
08-06 17:04:27.599  7177 27538 I AppLinksAsyncVerifierV2: (REDACTED) Verification result: checking for a statement with source %s, relation delegate_permission/common.handle_all_urls, and target %s --> %b.
08-06 17:04:27.623  6011 20578 I Market-LocalAppManager: getUpdateInfoFromServer : middle
08-06 17:04:27.625  6011 20578 E Market-Client: isSupportChildMode, error: java.lang.NumberFormatException: For input string: ""
08-06 17:04:27.626  6011 20578 I Market-RetrofitRequest: callStart : https://updateinfo.market.xiaomi.com/apm/updateinfo/v2
08-06 17:04:27.627  6011 20578 I Market-RetrofitRequest: HeaderInterceptor : https://updateinfo.market.xiaomi.com/apm/updateinfo/v2
08-06 17:04:27.628  6011 20578 E Market-Client: isSupportChildMode, error: java.lang.NumberFormatException: For input string: ""
08-06 17:04:27.628  6011 20578 E Market-Client: isSupportChildMode, error: java.lang.NumberFormatException: For input string: ""
08-06 17:04:27.629  3086  3086 I adbd    : in ShellService: dumpsys activity activities
08-06 17:04:27.632  6011 20578 I Market-LimitSpeedManager: startLimitSpeedNow() ====== speed = 32768
08-06 17:04:27.633  1843  3496 I vendor.qti.hardware.display.composer-service: Sensor: notify citsensorservice to trigger cwb, misForced = 1
08-06 17:04:27.633  3050  4554 I libsensor-parseRGB: request dump start for mRequestDisplayId 0
08-06 17:04:27.638  7177 23864 I AppLinksAsyncVerifierV2: (REDACTED) Verification result: checking for a statement with source %s, relation delegate_permission/common.handle_all_urls, and target %s --> %b.
08-06 17:04:27.641  7177 23862 I AppLinksAsyncVerifierV2: (REDACTED) Verification result: checking for a statement with source %s, relation delegate_permission/common.handle_all_urls, and target %s --> %b.
08-06 17:04:27.641  7177 27522 I AppLinksHostsVerifierV2: (REDACTED) Verification %s complete. Successful hosts: %s. Failed hosts: %s. Error hosts: %s.
08-06 17:04:27.641  6011 20578 I Market-DownloadLimitSpeedManager: startLimitSpeed success. Total count 1
08-06 17:04:27.641  6011 20578 I Market-RetrofitRequest: HeaderInterceptor : https://updateinfo.market.xiaomi.com/apm/updateinfo/v2
08-06 17:04:27.653  7177 27522 I AppLinksUtilsV1: Legacy cross-profile verification enabled [CONTEXT service_id=244 ]
08-06 17:04:27.659  3050  3078 E libsensor-parseRGB: CWB NotifyCWBBufferDone  error 0
08-06 17:04:27.681  1850  9931 E ANDR-PERF-LM: SAGT_ACTION: UpdateFPSData() 138: update /sys/kernel/sched_penalty/parameters/fps to 20, ret is 0
08-06 17:04:27.682  1850  9931 E ANDR-PERF-LM: SAGT_ACTION: updateAutoPenatly() 161: recovery auto penatly gamefps 20.000000, measured fps is 18.500000, gap is 1.500000 
08-06 17:04:27.714  1843  2051 I SDM     : DisplayBase::CommitThread: Received idle timeout, panel: cmd, timeout: 70000 us
08-06 17:04:27.721  3086  3086 I adbd    : in ShellService: dumpsys activity activities
08-06 17:04:27.740  2474  2474 W NotificationHistory: Attempted to add notif for locked/gone/disabled user 0
08-06 17:04:27.749  7890  7890 E NotifCollection: No notification to remove with key 0|com.xiaomi.market|135895848|null|10167 reason=0:REASON_UNKNOWN
08-06 17:04:27.788  7177 23862 I AppLinksAsyncVerifierV2: (REDACTED) Verification result: checking for a statement with source %s, relation delegate_permission/common.handle_all_urls, and target %s --> %b.
08-06 17:04:27.790  7177 27522 I AppLinksHostsVerifierV2: (REDACTED) Verification %s complete. Successful hosts: %s. Failed hosts: %s. Error hosts: %s.
08-06 17:04:27.791  6011 20578 I Market-DownloadLimitSpeedManager: stopLimitSpeed
08-06 17:04:27.792  6011 20578 I Market-ThermalLimitSpeedManager: startLoopLimitSpeed() ----------
08-06 17:04:27.792  6011 20578 I Market-LimitSpeedManager: stopLimitSpeedNow() =========== 
08-06 17:04:27.799  7177 27522 I WebApkHostsVerifierV2: (REDACTED) Processing %d input requests
08-06 17:04:27.799  7177 27522 I AppLinksUtilsV1: Legacy cross-profile verification enabled [CONTEXT service_id=244 ]
08-06 17:04:27.801  7177 27522 I AppLinksUtilsV1: Legacy cross-profile verification enabled [CONTEXT service_id=244 ]
08-06 17:04:27.802  7177 27522 I WebApkHostsVerifierV2: (REDACTED) Returning %d non-WebAPK requests
08-06 17:04:27.803  3086  3086 I adbd    : in ShellService: dumpsys activity activities
08-06 17:04:27.807  6011 20578 I Market-RetrofitRequest: callEnd : https://updateinfo.market.xiaomi.com/apm/updateinfo/v2
08-06 17:04:27.812  6011 20578 W Market-Connection: Connection result is cut off as too long
08-06 17:04:27.817  6011 20578 I Market-LocalAppManager: getUpdateInfoFromServer : end  , responseCode : OK
08-06 17:04:27.817  6011 20578 I Market-LocalAppManager: checkUpdateFromServer : end
08-06 17:04:27.819  6011 20578 I Market-LocalAppManager: checkUpdateFromServer  data parser : end
08-06 17:04:27.819  6011 20578 I Market-HuanjiManager: condition not satisfied, ignore
08-06 17:04:27.819  6011 20578 I Market-DataParser: [InvalidPackageList] JSON : invalidSystemPackageList list is null
08-06 17:04:27.819  6011 20578 I Market-LocalAppManager: checkUpdateFromServer  filter package : end
08-06 17:04:27.820  6011 20578 I Market-LocalAppManager: checkUpdateFromServer  support64BitPackagesJsonArray : end
08-06 17:04:27.820  6011 20578 I Market-LocalAppManager: query update apps from server : finish, 54 / 426 to update
08-06 17:04:27.829  6011 20578 I Market-RetrofitRequest: callStart : https://updateinfo.market.xiaomi.com/apm/updateinfo/priority
08-06 17:04:27.830  6011 20578 I Market-RetrofitRequest: HeaderInterceptor : https://updateinfo.market.xiaomi.com/apm/updateinfo/priority
08-06 17:04:27.831  6011 20578 E Market-Client: isSupportChildMode, error: java.lang.NumberFormatException: For input string: ""
08-06 17:04:27.832  6011 20578 E Market-Client: isSupportChildMode, error: java.lang.NumberFormatException: For input string: ""
08-06 17:04:27.834  6011 20578 I Market-LimitSpeedManager: startLimitSpeedNow() ====== speed = 32768
08-06 17:04:27.837  6011 20578 I Market-DownloadLimitSpeedManager: startLimitSpeed success. Total count 1
08-06 17:04:27.837  6011 20578 I Market-RetrofitRequest: HeaderInterceptor : https://updateinfo.market.xiaomi.com/apm/updateinfo/priority
08-06 17:04:27.867  3086  3086 I adbd    : in ShellService: dumpsys activity services
08-06 17:04:27.885  6011 20578 I Market-DownloadLimitSpeedManager: stopLimitSpeed
08-06 17:04:27.885  6011 20578 I Market-ThermalLimitSpeedManager: startLoopLimitSpeed() ----------
08-06 17:04:27.885  6011 20578 I Market-LimitSpeedManager: stopLimitSpeedNow() =========== 
08-06 17:04:27.889  6011 20578 I Market-RetrofitRequest: callEnd : https://updateinfo.market.xiaomi.com/apm/updateinfo/priority
08-06 17:04:27.894  6011 20578 I Market-SystemSettingsManager: extraSettingsSecureGetInt key: com.xiaomi.market.need_update_game_count, value: 0
08-06 17:04:27.895  6011 20578 I Market-UpdateAppList: update app list do not change, don't notify: pkg (52) = com.ss.android.ugc.aweme,com.milink.service,com.miui.hybrid,com.baidu.BaiduMap,com.netease.newsreader.activity,com.baidu.searchbox.lite,com.android.fileexplorer,com.xiaomi.aiasst.vision,com.microsoft.office.outlook,com.miui.newhome,com.autonavi.minimap,com.miui.mishare.connectivity,com.android.contacts,com.unionpay.tsmservice.mi,com.miui.voiceassist,com.miui.thirdappassistant,com.xiaomi.scanner,com.miui.securitycenter,com.miui.backup,com.duokan.reader,com.baidu.searchbox,com.wuba.zhuanzhuan,com.xingin.xhs,com.miui.touchassistant,tv.danmaku.bili,com.dragon.read,com.miui.gallery,com.UCMobile,com.miui.carlink,com.xiaomi.payment,com.miui.tsmclient,com.smile.gifmaker,com.xiaomi.gamecenter,com.android.browser,com.suxing.sustream,com.xiaomi.mis,com.miui.virtualsim,com.android.quicksearchbox,com.sina.news,com.miui.video,com.ss.android.article.news,com.quark.browser,com.miui.personalassistant,com.xiaomi.gamecenter.sdk.service,com.kuaishou.nebula,com.miui.bugreport,com.xiaomi.digitalkey,com.android.calendar,com.xiaomi.aicr,com.xiaomi.xmsf,com.xiaomi.mirror,com.android.soundrecorder
08-06 17:04:27.896  6011 27151 I Market-SubScriptManager: updateMarketSubScript forceShow : false
08-06 17:04:27.896  6011 27151 I Market-SubScriptManager: get count -1
08-06 17:04:27.898  6011 20578 I Market-LocalAppManager: queryDiffSizeFromServer start
08-06 17:04:27.899  6011 20578 I Market-RetrofitRequest: callStart : https://updateinfo.market.xiaomi.com/apm/updateinfo/diffsize
08-06 17:04:27.900  6011 20578 I Market-RetrofitRequest: HeaderInterceptor : https://updateinfo.market.xiaomi.com/apm/updateinfo/diffsize
08-06 17:04:27.901  6011 20578 E Market-Client: isSupportChildMode, error: java.lang.NumberFormatException: For input string: ""
08-06 17:04:27.901  6011 20578 E Market-Client: isSupportChildMode, error: java.lang.NumberFormatException: For input string: ""
08-06 17:04:27.904  6011 20578 I Market-LimitSpeedManager: startLimitSpeedNow() ====== speed = 32768
08-06 17:04:27.910  6011 20578 I Market-DownloadLimitSpeedManager: startLimitSpeed success. Total count 1
08-06 17:04:27.911  6011 20578 I Market-RetrofitRequest: HeaderInterceptor : https://updateinfo.market.xiaomi.com/apm/updateinfo/diffsize
08-06 17:04:27.980  6011 20578 I Market-DownloadLimitSpeedManager: stopLimitSpeed
08-06 17:04:27.981  6011 20578 I Market-ThermalLimitSpeedManager: startLoopLimitSpeed() ----------
08-06 17:04:27.981  6011 20578 I Market-LimitSpeedManager: stopLimitSpeedNow() =========== 
08-06 17:04:27.987  6011 20578 I Market-RetrofitRequest: callEnd : https://updateinfo.market.xiaomi.com/apm/updateinfo/diffsize
08-06 17:04:27.987  6011 20578 I Market-LocalAppManager: queryDiffSizeFromServer end
08-06 17:04:27.988  6011 27258 I Market-SubScriptManager: updateMarketSubScript forceShow : false
08-06 17:04:27.988  6011 27258 I Market-SubScriptManager: get count -1
08-06 17:04:27.989  6011 20578 I Market-WakeLockManager: release wakeLock: CheckUpdateService
08-06 17:04:27.991  3086  3086 I adbd    : in ShellService: screencap -p /sdcard/screen_2025-08-06_170427.png
08-06 17:04:27.992  2474  8336 I ActivityManager: Cancel FGS notification userId: 0 definingUid: 10167 packageName: com.xiaomi.market processName:com.xiaomi.market ChannelId:com.xiaomi.market_hide foregroundNotiWhen:1754471067510 Notiflags:104
08-06 17:04:27.992  1865  1865 I vendor.qti.hardware.servicetrackeraidl-service: destroyService is called for service : com.xiaomi.market/.business_core.update.auto.CheckUpdateService
08-06 17:04:27.992  2474  8336 W ForegroundServiceTypeLoggerModule: FGS stop call for: 10167 has no types!
08-06 17:04:27.993  2474  2474 I NotificationService: Cancel FGS notification CallingUid: 10167 CallingPid: 6011 Pkg: com.xiaomi.market Id:135895848 Tag:null UserId:0 MustHaveFlags:0 MustNotHaveFlags:0 Reason:8 foregroundNotiWhen:1754471067510 foregroundNotiFlags:104 foregroundNotiChannelId:com.xiaomi.market_hide
08-06 17:04:27.993  6011  6011 I Market-ServiceUtils: stop foreground service: CheckUpdateService
08-06 17:04:28.001  2474  7257 I MiuiNetworkPolicy: updateUidState uid = 10261, uidState = 10
08-06 17:04:28.001  2474  7257 I MiuiNetworkPolicyTrafficLimit: updateWhiteListUidForMobileTraffic uid=10261,add=false
08-06 17:04:28.001  2474  7257 I MiuiNetworkPolicy: updateUidState uid = 10203, uidState = 6
08-06 17:04:28.001  2474  7257 I MiuiNetworkPolicy: updateUidState uid = 10167, uidState = 10
08-06 17:04:28.001  2474  7257 I MiuiNetworkPolicyTrafficLimit: updateWhiteListUidForMobileTraffic uid=10167,add=false
08-06 17:04:28.001  2474  7257 I MiuiNetworkPolicy: updateUidState uid = 10158, uidState = 10
08-06 17:04:28.003  2474  7257 I MiuiNetworkPolicyTrafficLimit: updateWhiteListUidForMobileTraffic uid=10158,add=false
08-06 17:04:28.004  2474  7257 I MiuiNetworkPolicy: updateUidState uid = 10090, uidState = 6
08-06 17:04:28.004  2474  7257 I MiuiNetworkPolicy: updateUidState uid = 10261, uidState = 19
08-06 17:04:28.004  2474  7257 I MiuiNetworkPolicy: updateUidState uid = 10158, uidState = 19
08-06 17:04:28.005  7890  7890 E NotifCollection: No notification to remove with key 0|com.xiaomi.market|135895848|null|10167 reason=8:REASON_APP_CANCEL
08-06 17:04:28.050  3086  3086 I adbd    : in ShellService: ps
08-06 17:04:28.055  6011  6025 I m.xiaomi.market: This is non sticky GC, maxfree is 16777216 minfree is 8388608
08-06 17:04:28.084  1850  9931 E ANDR-PERF-LM: SAGT_ACTION: UpdateFPSData() 138: update /sys/kernel/sched_penalty/parameters/fps to 30, ret is 0
08-06 17:04:28.100 27602 27602 W BpBinder: Linking to death on android.gui.ISurfaceComposer but there are no threads (yet?) listening to incoming transactions. See ProcessState::startThreadPool and ProcessState::setThreadPoolMaxThreadCount. Generally you should setup the binder threadpool before other initialization steps.
08-06 17:04:28.100 27602 27602 W ProcessState: Extra binder thread started, but 0 threads requested. Do not use *startThreadPool when zero threads are requested.
08-06 17:04:28.133 27602 27606 I AdrenoUtils: <ReadGpuID:357>: Reading chip ID through GSL
08-06 17:04:28.134 27602 27602 W qdgralloc: Failed to load libubwcp.so
08-06 17:04:28.128 27602 27602 W screencap: type=1400 audit(0.0:14891): avc:  denied  { read } for  name="libubwcp.so" dev="dm-37" ino=19816057 scontext=u:r:shell:s0 tcontext=u:object_r:vendor_file:s0 tclass=file permissive=0
08-06 17:04:28.137 12965 17637 W MediaProvider: isAppCloneUserPair for user 0: false
08-06 17:04:28.467 13430 13430 I RuntimePermissionManager: isRuntimeRequestSupport: true
08-06 17:04:28.484  2474  3506 I AppsFilter: interaction: PackageSetting{5a062a7 com.android.microdroid.empty_payload/10236} -> PackageSetting{c9afbb4 com.miui.cleanmaster/10266} BLOCKED
08-06 17:04:28.484  2474  3506 I AppsFilter: interaction: PackageSetting{9ab02fd io.appium.uiautomator2.server.test/10280} -> PackageSetting{c9afbb4 com.miui.cleanmaster/10266} BLOCKED
08-06 17:04:28.484  2474  3506 I AppsFilter: interaction: PackageSetting{5678bf2 io.github.ylimit.droidbotapp/10355} -> PackageSetting{c9afbb4 com.miui.cleanmaster/10266} BLOCKED
08-06 17:04:28.485  2474  3506 I AppsFilter: interaction: PackageSetting{8e68243 com.rongcard.eid/10151} -> PackageSetting{c9afbb4 com.miui.cleanmaster/10266} BLOCKED
08-06 17:04:28.485  2474  3506 I AppsFilter: interaction: PackageSetting{8a810c0 io.appium.settings/10274} -> PackageSetting{c9afbb4 com.miui.cleanmaster/10266} BLOCKED
08-06 17:04:28.487  2474  7647 W ParceledListSlice: Element #44 is 26672 bytes.
08-06 17:04:28.487  2474  7647 W ParceledListSlice: Overly large reply size: 82384
08-06 17:04:28.488  2474 10067 W ParceledListSlice: Element #45 is 26676 bytes.
08-06 17:04:28.488  2474 10067 W ParceledListSlice: Element #46 is 26676 bytes.
08-06 17:04:28.488  2474 10067 W ParceledListSlice: Element #47 is 26684 bytes.
08-06 17:04:28.488  2474  8336 W ParceledListSlice: Element #48 is 26688 bytes.
08-06 17:04:28.488  2474  8336 W ParceledListSlice: Element #54 is 19664 bytes.
08-06 17:04:28.489  2474  8336 W ParceledListSlice: Element #55 is 19652 bytes.
08-06 17:04:28.489  2474  8336 W ParceledListSlice: Element #56 is 19692 bytes.
08-06 17:04:28.489  2474  8336 W ParceledListSlice: Element #57 is 19720 bytes.
08-06 17:04:28.489  2474  8336 W ParceledListSlice: Element #58 is 19720 bytes.
08-06 17:04:28.489  2474  7647 W ParceledListSlice: Element #59 is 19684 bytes.
08-06 17:04:28.489  2474  7647 W ParceledListSlice: Element #60 is 19692 bytes.
08-06 17:04:28.490  2474  7647 W ParceledListSlice: Element #61 is 19668 bytes.
08-06 17:04:28.490  2474  7647 W ParceledListSlice: Element #62 is 19680 bytes.
08-06 17:04:28.490  2474  8336 W ParceledListSlice: Element #63 is 19672 bytes.
08-06 17:04:28.490  2474  8336 W ParceledListSlice: Element #64 is 29724 bytes.
08-06 17:04:28.490  2474  8336 W ParceledListSlice: Element #65 is 29744 bytes.
08-06 17:04:28.490  2474  7647 W ParceledListSlice: Element #66 is 29736 bytes.
08-06 17:04:28.502  2474  8336 W ParceledListSlice: Element #8 is 20788 bytes.
08-06 17:04:28.502  2474  8336 W ParceledListSlice: Element #9 is 20768 bytes.
08-06 17:04:28.503  2474 15979 W ParceledListSlice: Element #273 is 21068 bytes.
08-06 17:04:28.504  2474 15979 W ParceledListSlice: Element #274 is 21048 bytes.
08-06 17:04:28.504  2474 15979 W ParceledListSlice: Element #275 is 21056 bytes.
08-06 17:04:28.504  2474 15979 W ParceledListSlice: Element #276 is 21036 bytes.
08-06 17:04:28.504  2474 15979 W ParceledListSlice: Element #277 is 21084 bytes.
08-06 17:04:28.504  2474 15979 W ParceledListSlice: Overly large reply size: 84248
08-06 17:04:28.504  2474  8358 W ParceledListSlice: Element #278 is 21084 bytes.
08-06 17:04:28.504 17757 17991 I Ad      : isPersonalizedAdEnabled getAdSettings: 1
08-06 17:04:28.505  7856  8405 E SmsApplication: com.android.mms lost android:read_cell_broadcasts:  (fixing)
08-06 17:04:28.505  2474  8394 W AppOpService: Ignored setUidMode call for runtime permission app op: uid = 10141, code = READ_CELL_BROADCASTS, mode = allow, callingUid = 1001, oldMode = allow
08-06 17:04:28.505  2474  8358 W ParceledListSlice: Element #279 is 21096 bytes.
08-06 17:04:28.505 13053 13053 E RegisteredServicesCache: Skipping application component ComponentInfo{com.UCMobile/com.alibaba.ariver.commonability.device.jsapi.nfc.service.TinyAppHostApduService}: it must request the permission android.permission.NFC
08-06 17:04:28.505 13053 13053 E RegisteredServicesCache: Skipping application component ComponentInfo{com.UCMobile/com.alipay.mobile.aompdevice.nfc.service.TinyAppHostApduService}: it must request the permission android.permission.NFC
08-06 17:04:28.505  2474  8358 W ParceledListSlice: Element #280 is 21084 bytes.
08-06 17:04:28.505  2474  8358 W ParceledListSlice: Element #281 is 21084 bytes.
08-06 17:04:28.505  2474  8358 W ParceledListSlice: Overly large reply size: 84372
08-06 17:04:28.505 13053 13053 E RegisteredServicesCache: Skipping application component ComponentInfo{com.autonavi.minimap/com.alibaba.ariver.commonability.device.jsapi.nfc.service.TinyAppHostApduService}: it must request the permission android.permission.NFC
08-06 17:04:28.505 13053 13053 E RegisteredServicesCache: Skipping application component ComponentInfo{com.autonavi.minimap/com.alipay.mobile.aompdevice.nfc.service.TinyAppHostApduService}: it must request the permission android.permission.NFC
08-06 17:04:28.505  2474  8394 W ParceledListSlice: Element #282 is 21104 bytes.
08-06 17:04:28.505  7505 11044 I PermissionControllerServiceImpl: Updating user sensitive for uid 10266
08-06 17:04:28.505  2474  8394 W ParceledListSlice: Element #283 is 21092 bytes.
08-06 17:04:28.505  2474  8394 W ParceledListSlice: Element #284 is 21080 bytes.
08-06 17:04:28.507 13053 13053 I RegisteredServicesCache: current user: 0, is managed profile : false
08-06 17:04:28.509 13053 13053 I RegisteredAidCache: updateRoutingLocked(false): Enter
08-06 17:04:28.509 13053 13053 I AidRoutingManager: configureRouting(false): Enter
08-06 17:04:28.509 13053 13053 E AidRoutingManager: Size of routing table970
08-06 17:04:28.509 13053 13053 I RegisteredAidCache: updateRoutingLocked(false): exit
08-06 17:04:28.510 13053 13053 I libnfc_nci: [INFO:NativeT4tNfcee.cpp(870)] nfcManager_isFwSupportNonStdT4TAid Enter isFwSupport = 1
08-06 17:04:28.510 13053 13053 I libnfc_nci: [INFO:SecureElement.cpp(1487)] SecureElement::getEseHandleFromGenericId: enter; ESE-ID = 0x7F
08-06 17:04:28.510 13053 13053 I libnfc_nci: [INFO:SecureElement.cpp(1528)] SecureElement::getEseHandleFromGenericId: enter; ESE-Handle = 0x410
08-06 17:04:28.510  2474 15979 W AppOpService: Ignored setUidMode call for runtime permission app op: uid = 1001, code = READ_SMS, mode = allow, callingUid = 1001, oldMode = allow
08-06 17:04:28.511  2474 15979 W AppOpService: Ignored setUidMode call for runtime permission app op: uid = 1001, code = RECEIVE_SMS, mode = allow, callingUid = 1001, oldMode = allow
08-06 17:04:28.511 13053 13053 I libnfc_nci: [INFO:SecureElement.cpp(1487)] SecureElement::getEseHandleFromGenericId: enter; ESE-ID = 0x00
08-06 17:04:28.511 13053 13053 I libnfc_nci: [INFO:SecureElement.cpp(1528)] SecureElement::getEseHandleFromGenericId: enter; ESE-Handle = 0x400
08-06 17:04:28.511  2474 15979 W AppOpService: Ignored setUidMode call for runtime permission app op: uid = 1001, code = RECEIVE_WAP_PUSH, mode = allow, callingUid = 1001, oldMode = allow
08-06 17:04:28.511  2474 15979 W AppOpService: Ignored setUidMode call for runtime permission app op: uid = 1001, code = SEND_SMS, mode = allow, callingUid = 1001, oldMode = allow
08-06 17:04:28.512  7800 14409 I SecureElement-Terminal-eSE1: isSecureElementPresent()
08-06 17:04:28.512  2474  8358 W AppOpService: Ignored setUidMode call for runtime permission app op: uid = 1001, code = READ_CELL_BROADCASTS, mode = allow, callingUid = 1001, oldMode = allow
08-06 17:04:28.512  1774  1774 I android.hardware.secure_element-service.qti: isCardPresent
08-06 17:04:28.512  1774  1774 I android.hardware.secure_element-service.qti: isCardPresent exit, cardPresent: 1
08-06 17:04:28.513  7800 14409 I SecureElement-Terminal-SIM1: isSecureElementPresent()
08-06 17:04:28.514  7800 14409 I SecureElement-Terminal-SIM1: isNfcEventAllowed: No access rules for checking.
08-06 17:04:28.514  7800 14409 I SecureElement-Terminal-SIM2: isSecureElementPresent()
08-06 17:04:28.519 13430 14324 I RuntimePermissionManager: isRuntimeRequestSupport: true
08-06 17:04:28.519 13430 14324 I InstalledPackagesMemoryCache: getInstallPermissionGranted=true
08-06 17:04:28.520 10308 19301 E PackageUtil: getPackageInfoAsUser failed com.microsoft.skydrive , 999
08-06 17:04:28.540  2474  2664 W EnhancedConfirmationService: The packageName should not be null.
08-06 17:04:28.541  2474  2664 W MagnificationConnectionManager: requestConnection duplicated request: connect=false, mConnectionState=DISCONNECTED
08-06 17:04:28.731  2474  7257 I MiuiNetworkPolicy: bandwidth: 22 KB/s, Max bandwidth: 11266 KB/s
08-06 17:04:28.988 13430 13430 I PackageInstallReceiver: action = android.intent.action.PACKAGE_CHANGED packageName = com.miui.cleanmaster
08-06 17:04:28.989 13430 13430 W InstalledPackagesMemoryCache: Unknown action: android.intent.action.PACKAGE_CHANGED
08-06 17:04:28.989 13430 13430 I ServiceDeliveryCapability: onAppChanged:com.miui.cleanmaster action:android.intent.action.PACKAGE_CHANGED
08-06 17:04:28.989 13430 13430 I AppWidgetDelegate: updateAppWidgets for com.miui.cleanmaster
08-06 17:04:28.989 13430 13430 I WidgetController: WidgetController.updateOrRemoveStackWhenPackageChanged: packageName com.miui.cleanmaster
08-06 17:04:28.989 13430 13430 I WidgetBackgroundBlurManager: onAppChanged appPackageName : com.miui.cleanmaster
08-06 17:04:28.989 13430 13851 I AppWidgetDelegate: removeAllWidgets com.android.calendar.widget.NearEventAppWidget
08-06 17:04:28.989 13430 13851 I AppWidgetDelegate: removeAllWidgets com.xiaomi.misettings.usagestats.widget.desktop.widget.SimpleUsageStatsWidget
08-06 17:04:29.193  2474  8186 I NetworkBoostStatusManager: handle: 102
08-06 17:04:29.195  7856  8556 E PhoneAdapter: get ntnphones failed, exception: java.lang.IllegalStateException: Default phones haven't been made yet!
08-06 17:04:29.195  2474  8186 I NetworkBoostStatusManager: interfaceOnCapabilitiesChanged interface name:wlan0
08-06 17:04:29.197  2474  7258 E WifiScoreReportInjector: current network is in roaming environment
08-06 17:04:29.200  3086  3086 I adbd    : in ShellService: ps
08-06 17:04:29.204 15038 15038 I NetBusNetworkMonitor: onCapabilitiesChanged isPrimary = true
08-06 17:04:29.207 15038 15038 I NetBusNetworkMonitor: gateway=192.*.*.1
08-06 17:04:29.214 15038 15038 I NetBusNetworkMonitor: addConnectNetworkInterface mediumType:256, detail:NetworkDetailInfo{mIsConnected=false, mIsSupportTdls=true, mNetworkType=0, mIpAddress=192.*.*.11, mIfName=wlan0, mGateway=192.*.*.1, mNetmask=255.*.*.0, mSsid=C**01}
08-06 17:04:29.214 15038 15038 I NetBusNetworkMonitor: onCapabilitiesChanged handle=445787328525, mediumType=256, ifName=wlan0
08-06 17:04:29.409  3050  4560 I libsensor-boledalgo: dbv:406,lux:249.7,cct:6206.8,hsv:-1.0,dc:0CWB R:3168.5,G:7737.4,B:4934.2Event C:16902.6,R:9290.7,G:5861.5,B:3570.7Cali C:205.4,R:75.4,G:72.7,B:34.2 
08-06 17:04:29.517  2474  4330 W ActivityManagerServiceImpl: Sending non-protected broadcast miui.intent.action.CYCLE_CHECK from system uid 1000 pkg android. Callers=com.android.server.am.ActivityManagerService.checkBroadcastFromSystem:16255 com.android.server.am.ActivityManagerService.broadcastIntentLockedTraced:17126 com.android.server.am.ActivityManagerService.broadcastIntentLocked:16315 com.android.server.am.ActivityManagerService.broadcastIntentInPackage:17364 com.android.server.am.ActivityManagerService$LocalService.broadcastIntentInPackage:20214 
08-06 17:04:29.526  1889  1889 I vendor.xiaomi.hardware.micharge-service: ReadFilePathValue path = /sys/class/power_supply/battery/temp value = 338
08-06 17:04:29.526  2474  2644 E IMiCharge: MiCharge method 9 val = 338
08-06 17:04:29.528  1889  1889 I vendor.xiaomi.hardware.micharge-service: ReadFilePathValue path = /sys/class/power_supply/battery/charge_control_limit value = 5
08-06 17:04:29.528  2474  2644 E IMiCharge: MiCharge method 10 val = 5
08-06 17:04:29.610  3050  4560 I libsensor-boledalgo: dbv:406,lux:250.7,cct:6145.4,hsv:-1.0,dc:0CWB R:3168.5,G:7737.4,B:4934.2Event C:16900.5,R:9312.8,G:5885.0,B:3563.9Cali C:205.4,R:75.4,G:72.7,B:34.2 
08-06 17:04:29.697  2474  2641 I ActivityManager: Broadcasting: Intent { act=android.intent.action.MEDIA_SCANNER_SCAN_FILE dat=file:///... flg=0x400000 }
08-06 17:04:29.697  2474  2641 I ActivityManager: Enqueued broadcast Intent { act=android.intent.action.MEDIA_SCANNER_SCAN_FILE dat=file:///... flg=0x400000 }: 0
08-06 17:04:29.704 27825 27825 W MiuiGallery2_BaseMediaScannerReceiver: [main] - Broadcast received, action: [android.intent.action.MEDIA_SCANNER_SCAN_FILE], data uri: [file:///sdcard/screen_2025-08-06_170427.png], CTA not allowed
08-06 17:04:29.708  2474  7257 I MiuiNetworkPolicy: updateUidState uid = 10271, uidState = 11
08-06 17:04:29.710  2474  7257 I MiuiNetworkPolicy: updateUidState uid = 10271, uidState = 19
08-06 17:04:29.710 12965 12965 I MediaProvider: receive action = android.intent.action.MEDIA_SCANNER_SCAN_FILE schemeSpecificPart = ///sdcard/screen_2025-08-06_170427.png
08-06 17:04:29.711  2474  2641 W JobInfo : Job 'com.android.providers.media.module/com.android.providers.media.MediaService#-300' has a deadline with no functional constraints. The deadline won't improve job execution latency. Consider removing the deadline.
08-06 17:04:29.715  1865  1865 I vendor.qti.hardware.servicetrackeraidl-service: bindService is called for service : com.android.providers.media.module/com.android.providers.media.MediaService and for client system
08-06 17:04:29.716  1865  1865 I vendor.qti.hardware.servicetrackeraidl-service: total connections for service : com.android.providers.media.module/com.android.providers.media.MediaServiceare :1
08-06 17:04:29.716  1865  1865 I vendor.qti.hardware.servicetrackeraidl-service: total connections for client : systemare :28
08-06 17:04:29.718  2474  7379 I whetstone.activity: processNotifyEvent1 resId = 256, bundle = Bundle[{startTime=395694040, sourcePkg=com.android.providers.media.module, sourceUid=10249, status=1, jobId=-300, batteryName=com.android.providers.media.module/com.android.providers.media.MediaService, elapsedRealtime=395694040}]
08-06 17:04:29.719 14191 17267 I EventMonitor: notifyEvent resId=256
08-06 17:04:29.725 12965 14232 I MediaProvider: Begin Intent { act=android.intent.action.MEDIA_SCANNER_SCAN_FILE dat=file:///... flg=0x1400010 cmp=com.android.providers.media.module/com.android.providers.media.MediaService }
08-06 17:04:29.727  2474  2643 I ActivityManager: Broadcast completed: result=0
08-06 17:04:29.735 12965 14232 I MediaProvider: End Intent { act=android.intent.action.MEDIA_SCANNER_SCAN_FILE dat=file:///... flg=0x1400010 cmp=com.android.providers.media.module/com.android.providers.media.MediaService }
08-06 17:04:29.736  2474  7379 I whetstone.activity: processNotifyEvent1 resId = 256, bundle = Bundle[{startTime=395694059, sourcePkg=com.android.providers.media.module, sourceUid=10249, status=0, jobId=-300, batteryName=com.android.providers.media.module/com.android.providers.media.MediaService, elapsedRealtime=395694059}]
08-06 17:04:29.736 14191 17267 I EventMonitor: notifyEvent resId=256
08-06 17:04:29.737  1865  1865 I vendor.qti.hardware.servicetrackeraidl-service: unbindService is called for service : com.android.providers.media.module/com.android.providers.media.MediaService and for client system
08-06 17:04:29.737  1865  1865 I vendor.qti.hardware.servicetrackeraidl-service: size of service connections for service: com.android.providers.media.module/com.android.providers.media.MediaServiceafter removal is 0
08-06 17:04:29.737  1865  1865 I vendor.qti.hardware.servicetrackeraidl-service: size of client connections for client: systemafter removal is 27
08-06 17:04:29.737  1865  1865 I vendor.qti.hardware.servicetrackeraidl-service: destroyService is called for service : com.android.providers.media.module/com.android.providers.media.MediaService
08-06 17:04:29.931  2474  7382 I SmartPower: com.google.android.gms/10130(7177): background->idle(96771ms) R(service end com.google.android.gms/.backup.BackupTransportService) adj=250.
08-06 17:04:29.955  3086  3086 I adbd    : in ShellService: rm /sdcard/screen_2025-08-06_170427.png
08-06 17:04:29.959  2474  7382 I SmartPower: com.miui.cleanmaster/10266(17558): background->idle(3001ms) R(service create com.miui.cleanmaster/com.miui.optimizecenter.service.CleanMasterService) adj=905.
