08-06 17:04:41.398  7458  8328 W RecentsModel: getRunningTask   taskInfo=TaskInfo{userId=0 taskId=273 displayId=0 isRunning=true baseIntent=Intent { act=android.intent.action.MAIN cat=[android.intent.category.LAUNCHER] flg=0x10000000 cmp=com.microsoft.skydrive/.MainActivity } baseActivity=ComponentInfo{com.microsoft.skydrive/com.microsoft.skydrive.MainActivity} topActivity=ComponentInfo{com.lbe.security.miui/com.android.packageinstaller.permission.ui.GrantPermissionsActivity} origActivity=null realActivity=ComponentInfo{com.microsoft.skydrive/com.microsoft.skydrive.MainActivity} numActivities=2 lastActiveTime=395705724 supportsSplitScreenMultiWindow=true supportsMultiWindow=true resizeMode=1 isResizeable=true minWidth=-1 minHeight=-1 defaultMinSize=200 token=WCT{android.window.IWindowContainerToken$Stub$Proxy@8d3fa61} topActivityType=1 pictureInPictureParams=null shouldDockBigOverlays=false launchIntoPipHostTaskId=-1 lastParentTaskIdBeforePip=-1 displayCutoutSafeInsets=null topActivityInfo=ActivityInfo{915986 com.android.packageinstaller.permission.ui.GrantPermissionsActivity} launchCookies=[] positionInParent=Point(0, 0) parentTaskId=-1 isFocused=true isVisible=true isVisibleRequested=true isSleeping=false locusId=null displayAreaFeatureId=1 isTopActivityTransparent=true appCompatTaskInfo=AppCompatTaskInfo { topActivityInSizeCompat=false topActivityInMiuiSizeCompat=false topActivityEligibleForLetterboxEducation= falseisLetterboxEducationEnabled= false isLetterboxDoubleTapEnabled= false topActivityEligibleForUserAspectRatioButton= false topActivityBoundsLetterboxed= false isFromLetterboxDoubleTap= false topActivityLetterboxVerticalPosition= -1 topActivityLetterboxHorizontalPosition= -1 topActivityLetterboxWidth=1200 topActivityLetterboxHeight=2670 isUserFullscreenOverrideEnabled=false isSystemFullscreenOverrideEnabled=false cameraCompatTaskInfo=CameraCompatTaskInfo { cameraCompatControlState=hidden freeformCameraCompatMode=inactive}} isImmersive=false mTopActivityRequestOrientation=-1 mBehindAppLockPkg=null mOriginatingUid=0 isEmbedded=false shouldBeVisible=true isCreatedByOrganizer=false mIsCastMode=false mTopActivityMediaSize=null mTopActivityRecordName=ActivityRecord{8af7262 u0 com.lbe.security.miui/com.android.packageinstaller.permission.ui.GrantPermissionsActivity t273} mTopActivityOrientation=-1}
08-06 17:04:41.399  7890  7890 I FocusedNotifPromptContr: onTopActivityMayChanged: isSupportPip false, isFocus true
08-06 17:04:41.399  7890  7890 I FocusedNotifPromptContr: onTopActivityMayChanged: topActivity=com.lbe.security.miui
08-06 17:04:41.399  7458  8328 E ActivityManagerWrapper: get all recent tasks force including 273
08-06 17:04:41.399  7890  7890 I PromptViewAnimState: topActivityMayChanged: topActivity=com.microsoft.skydrive --> com.lbe.security.miui
08-06 17:04:41.400  7458  8328 E ActivityManagerWrapper: getRecentTasksForceIncludingTaskIdIfValid: getRecentTasks: size=3
08-06 17:04:41.400  7458  8328 E ActivityManagerWrapper:  mainTaskId=273   userId=0   windowMode=1   baseIntent=Intent { act=android.intent.action.MAIN flag=268435456 cmp=ComponentInfo{com.microsoft.skydrive/com.microsoft.skydrive.MainActivity} }
08-06 17:04:41.400  7458  8328 E ActivityManagerWrapper:  mainTaskId=257   userId=0   windowMode=1   baseIntent=Intent { act=android.intent.action.VIEW flag=268435456 cmp=ComponentInfo{com.android.vending/com.google.android.finsky.activities.MainActivity} }
08-06 17:04:41.400  7458  8328 E ActivityManagerWrapper:  mainTaskId=254   userId=0   windowMode=1   baseIntent=Intent { act=android.intent.action.MAIN flag=270532608 cmp=ComponentInfo{com.getsurfboard/com.getsurfboard.ui.activity.MainActivity} }
08-06 17:04:41.402  7458  8328 W RecentsModel: getRunningTask   taskInfo=TaskInfo{userId=0 taskId=273 displayId=0 isRunning=true baseIntent=Intent { act=android.intent.action.MAIN cat=[android.intent.category.LAUNCHER] flg=0x10000000 cmp=com.microsoft.skydrive/.MainActivity } baseActivity=ComponentInfo{com.microsoft.skydrive/com.microsoft.skydrive.MainActivity} topActivity=ComponentInfo{com.lbe.security.miui/com.android.packageinstaller.permission.ui.GrantPermissionsActivity} origActivity=null realActivity=ComponentInfo{com.microsoft.skydrive/com.microsoft.skydrive.MainActivity} numActivities=2 lastActiveTime=395705728 supportsSplitScreenMultiWindow=true supportsMultiWindow=true resizeMode=1 isResizeable=true minWidth=-1 minHeight=-1 defaultMinSize=200 token=WCT{android.window.IWindowContainerToken$Stub$Proxy@8998812} topActivityType=1 pictureInPictureParams=null shouldDockBigOverlays=false launchIntoPipHostTaskId=-1 lastParentTaskIdBeforePip=-1 displayCutoutSafeInsets=null topActivityInfo=ActivityInfo{c09be3 com.android.packageinstaller.permission.ui.GrantPermissionsActivity} launchCookies=[] positionInParent=Point(0, 0) parentTaskId=-1 isFocused=true isVisible=true isVisibleRequested=true isSleeping=false locusId=null displayAreaFeatureId=1 isTopActivityTransparent=true appCompatTaskInfo=AppCompatTaskInfo { topActivityInSizeCompat=false topActivityInMiuiSizeCompat=false topActivityEligibleForLetterboxEducation= falseisLetterboxEducationEnabled= false isLetterboxDoubleTapEnabled= false topActivityEligibleForUserAspectRatioButton= false topActivityBoundsLetterboxed= false isFromLetterboxDoubleTap= false topActivityLetterboxVerticalPosition= -1 topActivityLetterboxHorizontalPosition= -1 topActivityLetterboxWidth=1200 topActivityLetterboxHeight=2670 isUserFullscreenOverrideEnabled=false isSystemFullscreenOverrideEnabled=false cameraCompatTaskInfo=CameraCompatTaskInfo { cameraCompatControlState=hidden freeformCameraCompatMode=inactive}} isImmersive=false mTopActivityRequestOrientation=-1 mBehindAppLockPkg=null mOriginatingUid=0 isEmbedded=false shouldBeVisible=true isCreatedByOrganizer=false mIsCastMode=false mTopActivityMediaSize=null mTopActivityRecordName=ActivityRecord{8af7262 u0 com.lbe.security.miui/com.android.packageinstaller.permission.ui.GrantPermissionsActivity t273} mTopActivityOrientation=-1}
08-06 17:04:41.402  7458  8328 E ActivityManagerWrapper: get all recent tasks force including 273
08-06 17:04:41.403  7458  8328 E ActivityManagerWrapper: getRecentTasksForceIncludingTaskIdIfValid: getRecentTasks: size=3
08-06 17:04:41.403  7458  8328 E ActivityManagerWrapper:  mainTaskId=273   userId=0   windowMode=1   baseIntent=Intent { act=android.intent.action.MAIN flag=268435456 cmp=ComponentInfo{com.microsoft.skydrive/com.microsoft.skydrive.MainActivity} }
08-06 17:04:41.403  7458  8328 E ActivityManagerWrapper:  mainTaskId=257   userId=0   windowMode=1   baseIntent=Intent { act=android.intent.action.VIEW flag=268435456 cmp=ComponentInfo{com.android.vending/com.google.android.finsky.activities.MainActivity} }
08-06 17:04:41.403  7458  8328 E ActivityManagerWrapper:  mainTaskId=254   userId=0   windowMode=1   baseIntent=Intent { act=android.intent.action.MAIN flag=270532608 cmp=ComponentInfo{com.getsurfboard/com.getsurfboard.ui.activity.MainActivity} }
08-06 17:04:41.447  1843  3496 I vendor.qti.hardware.display.composer-service: Sensor: notify citsensorservice to trigger cwb, misForced = 0
08-06 17:04:41.447  3050  4554 I libsensor-parseRGB: request dump start for mRequestDisplayId 0
08-06 17:04:41.455  2474  7611 I SensorAccount: ExecutionCapabilityChanged  pkgName:com.microsoft.skydrive  canAfford:true mCurrentForegroundUid:10207
08-06 17:04:41.470  3050  4604 E libsensor-parseRGB: CWB NotifyCWBBufferDone  error 0
08-06 17:04:41.493  2036  3495 W VsyncModulator: setTransactionSchedule: Unexpected EarlyEnd
08-06 17:04:41.493  7890  8057 I RemoteTransitionHandlerStubImpl: invokeAndRemoveWctCB transition is null, curWctCB: null
08-06 17:04:41.494  2474 10062 W UserManagerService: Requested status bar icon for non-badged user 0
08-06 17:04:41.508 15678 15886 I HeavyPackageIdentify: splitMode: false, splitPackages: null, foregroundPkg: com.lbe.security.miui
08-06 17:04:41.508 27189 27212 I mit.droidbotapp: This is sticky GC, maxfree is 16777216 minfree is 8388608
08-06 17:04:41.603  2474  7610 I Location.SSRU: location account change uid 10207, foreground is true
08-06 17:04:41.608  3050  4560 I libsensor-boledalgo: dbv:406,lux:250.6,cct:6252.0,hsv:-1.0,dc:0CWB R:46477.2,G:55530.0,B:65064.1Event C:18505.4,R:10145.2,G:6394.3,B:3877.9Cali C:1841.8,R:1016.2,G:595.0,B:341.4 
08-06 17:04:41.644  7890  8159 W WindowOnBackDispatcher: sendCancelIfRunning: isInProgress=false callback=android.view.ViewRootImpl$$ExternalSyntheticLambda12@d91dbc7
08-06 17:04:41.645  2474  4291 W InputManager-JNI: Input channel object '7709d63 Splash Screen com.microsoft.skydrive (client)' was disposed without first being removed with the input manager!
08-06 17:04:41.647  2036  3491 I BpBinder: onLastStrongRef automatically unlinking death recipients: 
08-06 17:04:41.655  1843  3496 I vendor.qti.hardware.display.composer-service: Sensor: notify citsensorservice to trigger cwb, misForced = 0
08-06 17:04:41.656  3050  4554 I libsensor-parseRGB: request dump start for mRequestDisplayId 0
08-06 17:04:41.678  3050  4604 E libsensor-parseRGB: CWB NotifyCWBBufferDone  error 0
08-06 17:04:41.699  2741 15986 I FontLog : (REDACTED) Download finished for %s; checking size and hash
08-06 17:04:41.701  2741  4469 I FontLog : (REDACTED) Fetch %s end status %s
08-06 17:04:41.702  2741  4469 I FontLog : (REDACTED) Pulling font file for id = %d, cache size = %d
08-06 17:04:41.704  2741  4469 I FontLog : (REDACTED) Received query %s, URI %s
08-06 17:04:41.704  2741  4469 I FontLog : (REDACTED) Query [%s] resolved to %s
08-06 17:04:41.707  2474  7378 E HyperSentinel: -------------------------------------------------------
08-06 17:04:41.707  2474  7378 E HyperSentinel: Event_ThreadAmount
08-06 17:04:41.707  2474  7378 E HyperSentinel: -> audit event by proc 16832 "usap64": running threads amount, 45 -> 78
08-06 17:04:41.722  1850  9931 E ANDR-PERF-LM: SAGT_ACTION: UpdateFPSData() 138: update /sys/kernel/sched_penalty/parameters/fps to 60, ret is 0
08-06 17:04:41.722  1850  9931 E ANDR-PERF-LM: SAGT_ACTION: updateAutoPenatly() 161: recovery auto penatly gamefps 60.000000, measured fps is 64.000000, gap is -4.000000 
08-06 17:04:41.749 12965 11433 I PSyncWorker: Starting proactive picker sync from sync source: 1
08-06 17:04:41.750 12965 11433 I PickerSyncController: Executing SyncAdd. isLocal: true. authority: com.android.providers.media.photopicker
08-06 17:04:41.750 12965 11433 I PickerSyncController: Paged sync successful. QueryArgs: Bundle[{android.provider.extra.SYNC_GENERATION=17384, android.provider.extra.PAGE_SIZE=1000}] Total Rows: 0
08-06 17:04:41.751 12965 11433 I PickerSyncController: Executing SyncRemove. isLocal: true. authority: com.android.providers.media.photopicker
08-06 17:04:41.751 12965 11433 E PickerDbFacade: Could not get first date taken millis for media id: 1000001887
08-06 17:04:41.751 12965 11433 W PickerDbFacade: Unable to promote cloud media with localId: 1000001887
08-06 17:04:41.751 12965 11433 I PickerSyncController: Paged sync successful. QueryArgs: Bundle[{android.provider.extra.SYNC_GENERATION=17384, android.provider.extra.PAGE_SIZE=1000}] Total Rows: 0
08-06 17:04:41.751 12965 11433 I PickerSyncTracker: Marked sync future complete for work id: 71c310a3-5818-459e-bec7-5db2d2df17c9. Future map: {}
08-06 17:04:41.751 12965 11433 I PSyncWorker: Completed picker proactive sync complete from local provider.
08-06 17:04:41.751 12965 13394 I WM-WorkerWrapper: Worker result SUCCESS for Work [ id=71c310a3-5818-459e-bec7-5db2d2df17c9, tags={ com.android.providers.media.photopicker.sync.ProactiveSyncWorker } ]
08-06 17:04:41.800  2741 15986 I FontLog : (REDACTED) Download finished for %s; checking size and hash
08-06 17:04:41.801  2741  4469 I FontLog : (REDACTED) Fetch %s end status %s
08-06 17:04:41.802  2741  4469 I FontLog : (REDACTED) Pulling font file for id = %d, cache size = %d
08-06 17:04:41.804  2474  2655 I WindowManager: StartingWindow exit animation finished, win = Window{7709d63 u0 Splash Screen com.microsoft.skydrive EXITING} remove = true
08-06 17:04:41.808  3050  4560 I libsensor-boledalgo: dbv:406,lux:253.5,cct:6216.9,hsv:216.7,dc:0CWB R:3882.5,G:11330.5,B:31660.1Event C:17284.1,R:9463.0,G:6013.3,B:3685.3Cali C:347.0,R:124.0,G:130.0,B:92.0 
08-06 17:04:41.812  1843  2428 I MiClstc : DropLayers erase layer 492
08-06 17:04:41.853  1850  9910 E ANDR-PERF-LM: VmRssMeter:: start() 359: Could not find pid, can not collect vmrss data
08-06 17:04:41.853  1850  9910 E ANDR-PERF-LM: AdaptiveLaunch: writeToDataBase() 64: Meter aborted or could not get meter data for this run
08-06 17:04:41.853  1850  9909 E ANDR-PERF-LM: VmRssMeter:: start() 359: Could not find pid, can not collect vmrss data
08-06 17:04:41.879  2474  2474 W AccessibilityManagerService:  wait for adding window timeout: 307
08-06 17:04:41.885 16677 15856 W surfboard: icmp_input: ICMP type 3 code 3 not supported.
08-06 17:04:41.887 16677 15856 W surfboard: icmp_input: ICMP type 3 code 3 not supported.
08-06 17:04:41.887 16677 15856 W surfboard: icmp_input: ICMP type 3 code 3 not supported.
08-06 17:04:41.887 16677 15856 W surfboard: icmp_input: ICMP type 3 code 3 not supported.
08-06 17:04:41.900  1843  2051 I SDM     : DisplayBase::CommitThread: Received idle timeout, panel: cmd, timeout: 70000 us
08-06 17:04:41.907  3086  3086 I adbd    : in ShellService: ps
08-06 17:04:41.910  3086  3086 I adbd    : in ShellService: dumpsys activity activities
08-06 17:04:41.918  2474  7378 E HyperSentinel: -------------------------------------------------------
08-06 17:04:41.918  2474  7378 E HyperSentinel: Event_OpenFileFDSize
08-06 17:04:41.918  2474  7378 E HyperSentinel: -> audit event by proc 2474 "system_server": Fd increasement, peak, 1298 -> 976
08-06 17:04:41.943 16677 15856 W surfboard: icmp_input: ICMP type 3 code 3 not supported.
08-06 17:04:41.943 16677 15856 W surfboard: icmp_input: ICMP type 3 code 3 not supported.
08-06 17:04:41.979  3086  3086 I adbd    : in ShellService: dumpsys activity activities
08-06 17:04:41.979  1843  3496 I vendor.qti.hardware.display.composer-service: Sensor: notify citsensorservice to trigger cwb, misForced = 1
08-06 17:04:41.979  3050  4554 I libsensor-parseRGB: request dump start for mRequestDisplayId 0
08-06 17:04:42.002  3050  3078 E libsensor-parseRGB: CWB NotifyCWBBufferDone  error 0
08-06 17:04:42.034  3086  3086 I adbd    : in ShellService: dumpsys activity activities
08-06 17:04:42.058  1843  2051 I SDM     : DisplayBase::CommitThread: Received idle timeout, panel: cmd, timeout: 70000 us
08-06 17:04:42.080 16832 27983 W u       : Unexpected result type for QualityEvent passed in to be logged: Diagnostic. May make dashboards more difficult to create/analyze. Proceeding to log event anyway.
08-06 17:04:42.081 16832 27983 W u       : Unexpected result type for QualityEvent passed in to be logged: Diagnostic. May make dashboards more difficult to create/analyze. Proceeding to log event anyway.
08-06 17:04:42.081 16832 27983 W u       : Unexpected result type for QualityEvent passed in to be logged: Diagnostic. May make dashboards more difficult to create/analyze. Proceeding to log event anyway.
08-06 17:04:42.086  1865  1865 I vendor.qti.hardware.servicetrackeraidl-service: bindService is called for service : com.google.android.gms/.gcm.PushMessagingRegistrarProxy and for client com.microsoft.skydrive
08-06 17:04:42.086  1865  1865 I vendor.qti.hardware.servicetrackeraidl-service: total connections for service : com.google.android.gms/.gcm.PushMessagingRegistrarProxyare :3
08-06 17:04:42.086  1865  1865 I vendor.qti.hardware.servicetrackeraidl-service: total connections for client : com.microsoft.skydriveare :2
08-06 17:04:42.088  2474  3506 I AppsFilter: interaction: PackageSetting{5a062a7 com.android.microdroid.empty_payload/10236} -> PackageSetting{a23ae71 com.microsoft.skydrive/10356} BLOCKED
08-06 17:04:42.089  2474  3506 I AppsFilter: interaction: PackageSetting{9ab02fd io.appium.uiautomator2.server.test/10280} -> PackageSetting{a23ae71 com.microsoft.skydrive/10356} BLOCKED
08-06 17:04:42.089  2474  3506 I AppsFilter: interaction: PackageSetting{5678bf2 io.github.ylimit.droidbotapp/10355} -> PackageSetting{a23ae71 com.microsoft.skydrive/10356} BLOCKED
08-06 17:04:42.089  2474  3506 I AppsFilter: interaction: PackageSetting{8e68243 com.rongcard.eid/10151} -> PackageSetting{a23ae71 com.microsoft.skydrive/10356} BLOCKED
08-06 17:04:42.089  2474  3506 I AppsFilter: interaction: PackageSetting{8a810c0 io.appium.settings/10274} -> PackageSetting{a23ae71 com.microsoft.skydrive/10356} BLOCKED
08-06 17:04:42.096  2474 10069 W ParceledListSlice: Element #8 is 20788 bytes.
08-06 17:04:42.096  2474 10069 W ParceledListSlice: Element #9 is 20768 bytes.
08-06 17:04:42.097  2474  4327 I RoleService: Granting default roles...
08-06 17:04:42.097  1865  1865 I vendor.qti.hardware.servicetrackeraidl-service: bindService is called for service : com.android.permissioncontroller/.permission.service.PermissionControllerServiceImpl and for client system
08-06 17:04:42.097  1865  1865 I vendor.qti.hardware.servicetrackeraidl-service: total connections for service : com.android.permissioncontroller/.permission.service.PermissionControllerServiceImplare :1
08-06 17:04:42.097  1865  1865 I vendor.qti.hardware.servicetrackeraidl-service: total connections for client : systemare :27
08-06 17:04:42.098  2474  7382 I SmartPower: com.android.permissioncontroller/10241(7505): idle->background(1981ms) R(add to whitelist) adj=0.
08-06 17:04:42.099  2474  7257 I MiuiNetworkPolicy: updateUidState uid = 10241, uidState = 6
08-06 17:04:42.100  7505 11044 I PermissionControllerServiceImpl: Updating user sensitive for uid 10356
08-06 17:04:42.101 13053 13053 E RegisteredServicesCache: Skipping application component ComponentInfo{com.UCMobile/com.alibaba.ariver.commonability.device.jsapi.nfc.service.TinyAppHostApduService}: it must request the permission android.permission.NFC
08-06 17:04:42.101 13053 13053 E RegisteredServicesCache: Skipping application component ComponentInfo{com.UCMobile/com.alipay.mobile.aompdevice.nfc.service.TinyAppHostApduService}: it must request the permission android.permission.NFC
08-06 17:04:42.101 13053 13053 E RegisteredServicesCache: Skipping application component ComponentInfo{com.autonavi.minimap/com.alibaba.ariver.commonability.device.jsapi.nfc.service.TinyAppHostApduService}: it must request the permission android.permission.NFC
08-06 17:04:42.101 13053 13053 E RegisteredServicesCache: Skipping application component ComponentInfo{com.autonavi.minimap/com.alipay.mobile.aompdevice.nfc.service.TinyAppHostApduService}: it must request the permission android.permission.NFC
08-06 17:04:42.101  7458  8100 W PreviewDisappear: 1 getIcon entry: null
08-06 17:04:42.101 13053 13053 I RegisteredServicesCache: current user: 0, is managed profile : false
08-06 17:04:42.102  7458  8100 W PreviewDisappear: 2 getIcon entry: com.miui.home.launcher.graphics.DrawableInfo@c489499
08-06 17:04:42.102  7458  8100 W PreviewDisappear: applyCacheEntry entry: com.miui.home.launcher.graphics.drawable.LayerAdaptiveIconDrawable@f84135e
08-06 17:04:42.102 13053 13053 I RegisteredAidCache: updateRoutingLocked(false): Enter
08-06 17:04:42.102 13053 13053 I AidRoutingManager: configureRouting(false): Enter
08-06 17:04:42.102 13053 13053 E AidRoutingManager: Size of routing table970
08-06 17:04:42.102 13053 13053 I RegisteredAidCache: updateRoutingLocked(false): exit
08-06 17:04:42.102 13053 13053 I libnfc_nci: [INFO:NativeT4tNfcee.cpp(870)] nfcManager_isFwSupportNonStdT4TAid Enter isFwSupport = 1
08-06 17:04:42.102 13053 13053 I libnfc_nci: [INFO:SecureElement.cpp(1487)] SecureElement::getEseHandleFromGenericId: enter; ESE-ID = 0x7F
08-06 17:04:42.102 13053 13053 I libnfc_nci: [INFO:SecureElement.cpp(1528)] SecureElement::getEseHandleFromGenericId: enter; ESE-Handle = 0x410
08-06 17:04:42.102 13053 13053 I libnfc_nci: [INFO:SecureElement.cpp(1487)] SecureElement::getEseHandleFromGenericId: enter; ESE-ID = 0x00
08-06 17:04:42.102 13053 13053 I libnfc_nci: [INFO:SecureElement.cpp(1528)] SecureElement::getEseHandleFromGenericId: enter; ESE-Handle = 0x400
08-06 17:04:42.103  7856  8405 E SmsApplication: com.android.mms lost android:read_cell_broadcasts:  (fixing)
08-06 17:04:42.103  2474  7656 W AppOpService: Ignored setUidMode call for runtime permission app op: uid = 10141, code = READ_CELL_BROADCASTS, mode = allow, callingUid = 1001, oldMode = allow
08-06 17:04:42.103  7458  8150 W PreviewDisappear: getIconDrawable src: null
08-06 17:04:42.103  7458  8150 W PreviewDisappear: getIconDrawable app drawable: null
08-06 17:04:42.103  7458  8150 W PreviewDisappear: getIcon info target: ComponentInfo{com.microsoft.skydrive/com.microsoft.skydrive.MainActivity}
08-06 17:04:42.103  7458  8150 W PreviewDisappear: getIcon info user: UserHandle{0}
08-06 17:04:42.103  7458  8150 W PreviewDisappear: getIcon info intent: Intent { act=android.intent.action.MAIN cat=[android.intent.category.LAUNCHER] flg=0x10200000 cmp=com.microsoft.skydrive/.MainActivity (has extras) }
08-06 17:04:42.103  7458  8150 W PreviewDisappear: 1 getIcon entry: null
08-06 17:04:42.103  7800 14409 I SecureElement-Terminal-eSE1: isSecureElementPresent()
08-06 17:04:42.103  3086  3086 I adbd    : in ShellService: dumpsys activity services
08-06 17:04:42.104  2474  8331 W AppOpService: Ignored setUidMode call for runtime permission app op: uid = 1001, code = READ_SMS, mode = allow, callingUid = 1001, oldMode = allow
08-06 17:04:42.104  2474  8331 W AppOpService: Ignored setUidMode call for runtime permission app op: uid = 1001, code = RECEIVE_SMS, mode = allow, callingUid = 1001, oldMode = allow
08-06 17:04:42.104  2474  8331 W AppOpService: Ignored setUidMode call for runtime permission app op: uid = 1001, code = RECEIVE_WAP_PUSH, mode = allow, callingUid = 1001, oldMode = allow
08-06 17:04:42.104  2474  8331 W AppOpService: Ignored setUidMode call for runtime permission app op: uid = 1001, code = SEND_SMS, mode = allow, callingUid = 1001, oldMode = allow
08-06 17:04:42.104  2474  8331 W AppOpService: Ignored setUidMode call for runtime permission app op: uid = 1001, code = READ_CELL_BROADCASTS, mode = allow, callingUid = 1001, oldMode = allow
08-06 17:04:42.105  7458  8150 W PreviewDisappear: 2 getIcon entry: com.miui.home.launcher.graphics.DrawableInfo@1d7133f
08-06 17:04:42.105  7458  8150 W PreviewDisappear: applyCacheEntry entry: com.miui.home.launcher.graphics.drawable.LayerAdaptiveIconDrawable@22a940c
08-06 17:04:42.105  7458  8150 W PreviewDisappear: getIconDrawable finally drawable: com.miui.home.launcher.graphics.drawable.LayerAdaptiveIconDrawable@22a940c
08-06 17:04:42.105  1774  1774 I android.hardware.secure_element-service.qti: isCardPresent
08-06 17:04:42.105  1774  1774 I android.hardware.secure_element-service.qti: isCardPresent exit, cardPresent: 1
08-06 17:04:42.106  7800 14409 I SecureElement-Terminal-SIM1: isSecureElementPresent()
08-06 17:04:42.106  7800 14409 I SecureElement-Terminal-SIM1: isNfcEventAllowed: No access rules for checking.
08-06 17:04:42.106  7800 14409 I SecureElement-Terminal-SIM2: isSecureElementPresent()
08-06 17:04:42.112  2474  7683 E RoleControllerServiceImpl: Default/fallback role holder package doesn't qualify for the role, package: com.android.devicelockcontroller, role: android.app.role.SYSTEM_FINANCED_DEVICE_CONTROLLER
08-06 17:04:42.123  1850  9931 E ANDR-PERF-LM: SAGT_ACTION: UpdateFPSData() 138: update /sys/kernel/sched_penalty/parameters/fps to 120, ret is 0
08-06 17:04:42.181  2474  2664 W EnhancedConfirmationService: The packageName should not be null.
08-06 17:04:42.181  2474  2664 W MagnificationConnectionManager: requestConnection duplicated request: connect=false, mConnectionState=DISCONNECTED
08-06 17:04:42.206  2474  7384 I DisplayModeDirectorImpl: SmartDisplayPolicyEnd
08-06 17:04:42.206  2474  2654 I DisplayModeDirectorImpl: onDesiredDisplayModeSpecsChanged:baseModeId=1 allowGroupSwitching=false primary=physical: (0.0 120.0) render:  (0.0 120.0) appRequest=physical: (0.0 120.0) render:  (0.0 120.0) idleScreenRefreshRateConfig=null noVotes=false
08-06 17:04:42.207  2036  2036 I RefreshRateSelector: Display 4630947082089526659 policy changed
08-06 17:04:42.207  2036  2036 I RefreshRateSelector: Previous: {defaultModeId=0, allowGroupSwitching=false, primaryRanges={physical=[0.00 Hz, inf Hz], render=[0.00 Hz, 120.00 Hz]}, appRequestRanges={physical=[0.00 Hz, inf Hz], render=[0.00 Hz, 120.00 Hz]} idleScreenConfig=nullptr}
08-06 17:04:42.207  2036  2036 I RefreshRateSelector: Current:  DisplayManagerPolicy{defaultModeId=0, allowGroupSwitching=false, primaryRanges={physical=[0.00 Hz, 120.00 Hz], render=[0.00 Hz, 120.00 Hz]}, appRequestRanges={physical=[0.00 Hz, 120.00 Hz], render=[0.00 Hz, 120.00 Hz]} idleScreenConfig=nullptr}
08-06 17:04:42.207  2036  2036 I RefreshRateSelector: 0 mode changes were performed under the previous policy
08-06 17:04:42.209  3086  3086 I adbd    : in ShellService: screencap -p /sdcard/screen_2025-08-06_170442.png
08-06 17:04:42.220  1843  3496 I vendor.qti.hardware.display.composer-service: Sensor: notify citsensorservice to trigger cwb, misForced = 0
08-06 17:04:42.220  3050  4554 I libsensor-parseRGB: request dump start for mRequestDisplayId 0
08-06 17:04:42.252  3050  4604 E libsensor-parseRGB: CWB NotifyCWBBufferDone  error 0
08-06 17:04:42.268 28135 28135 W BpBinder: Linking to death on android.gui.ISurfaceComposer but there are no threads (yet?) listening to incoming transactions. See ProcessState::startThreadPool and ProcessState::setThreadPoolMaxThreadCount. Generally you should setup the binder threadpool before other initialization steps.
08-06 17:04:42.268 28135 28135 W ProcessState: Extra binder thread started, but 0 threads requested. Do not use *startThreadPool when zero threads are requested.
08-06 17:04:42.279 28135 28138 I AdrenoUtils: <ReadGpuID:357>: Reading chip ID through GSL
08-06 17:04:42.280 28135 28135 W qdgralloc: Failed to load libubwcp.so
08-06 17:04:42.276 28135 28135 W screencap: type=1400 audit(0.0:14918): avc:  denied  { read } for  name="libubwcp.so" dev="dm-37" ino=19816057 scontext=u:r:shell:s0 tcontext=u:object_r:vendor_file:s0 tclass=file permissive=0
08-06 17:04:42.281 12965 13504 W MediaProvider: isAppCloneUserPair for user 0: false
08-06 17:04:42.287  2474  8355 I ClipboardServiceI: checkProviderWakePathForClipboard: primaryClip is null
08-06 17:04:42.306  2474  8251 I NetworkAccelerateSwitchService: EVENT_RSSI_POLL. mRssiPoll=true
08-06 17:04:42.306  2474  8251 I NetworkAccelerateSwitchService: getAverageWifiRssi:63
08-06 17:04:42.309  1843  2051 I SDM     : DisplayBase::CommitThread: Received idle timeout, panel: cmd, timeout: 69999 us
08-06 17:04:42.328  1843  2428 I SDM     : HWCDisplay::SetActiveConfigWithConstraints: display:66-0, config: 1, WxH 1200x2670, fps 120
08-06 17:04:42.328  1843  2428 W SDM     : HWDeviceDRM::GetSupportedBitClkRate: Requested rate not supported: 1150000000
08-06 17:04:42.328  1843  2428 I SDM     : HWDeviceDRM::UpdateMixerAttributes: Mixer WxH 1200x2670-1 for Peripheral
08-06 17:04:42.329  1843  2428 I SDM     : HWCDisplay::SubmitDisplayConfig: Active configuration changed from config 3 to 1
08-06 17:04:42.329  1843  2428 I SDM     : HWCDisplay::SubmitDisplayConfig: Active WxH 1200x2670 ,ddic_mode:idle, timing_fps: 120, sf_fps: 120
08-06 17:04:42.400  2474  8355 I ActivityManager: Broadcasting: Intent { act=android.intent.action.MEDIA_SCANNER_SCAN_FILE dat=file:///... flg=0x400000 }
08-06 17:04:42.401  2474  8355 I ActivityManager: Enqueued broadcast Intent { act=android.intent.action.MEDIA_SCANNER_SCAN_FILE dat=file:///... flg=0x400000 }: 0
08-06 17:04:42.403 27825 27825 W MiuiGallery2_BaseMediaScannerReceiver: [main] - Broadcast received, action: [android.intent.action.MEDIA_SCANNER_SCAN_FILE], data uri: [file:///sdcard/screen_2025-08-06_170442.png], CTA not allowed
08-06 17:04:42.404  2474  7257 I MiuiNetworkPolicy: updateUidState uid = 10271, uidState = 11
08-06 17:04:42.404  2474  7257 I MiuiNetworkPolicy: updateUidState uid = 10271, uidState = 19
08-06 17:04:42.405 12965 12965 I MediaProvider: receive action = android.intent.action.MEDIA_SCANNER_SCAN_FILE schemeSpecificPart = ///sdcard/screen_2025-08-06_170442.png
08-06 17:04:42.405  2474  8355 W JobInfo : Job 'com.android.providers.media.module/com.android.providers.media.MediaService#-300' has a deadline with no functional constraints. The deadline won't improve job execution latency. Consider removing the deadline.
08-06 17:04:42.407  1865  1865 I vendor.qti.hardware.servicetrackeraidl-service: bindService is called for service : com.android.providers.media.module/com.android.providers.media.MediaService and for client system
08-06 17:04:42.407  1865  1865 I vendor.qti.hardware.servicetrackeraidl-service: total connections for service : com.android.providers.media.module/com.android.providers.media.MediaServiceare :1
08-06 17:04:42.407  1865  1865 I vendor.qti.hardware.servicetrackeraidl-service: total connections for client : systemare :28
08-06 17:04:42.407  2474  7379 I whetstone.activity: processNotifyEvent1 resId = 256, bundle = Bundle[{startTime=395706730, sourcePkg=com.android.providers.media.module, sourceUid=10249, status=1, jobId=-300, batteryName=com.android.providers.media.module/com.android.providers.media.MediaService, elapsedRealtime=395706730}]
08-06 17:04:42.407 14191 24834 I EventMonitor: notifyEvent resId=256
08-06 17:04:42.408  1843  2051 I SDM     : DisplayBase::CommitThread: Received idle timeout, panel: cmd, timeout: 70000 us
08-06 17:04:42.410  2474  2643 I ActivityManager: Broadcast completed: result=0
08-06 17:04:42.411 12965 14232 I MediaProvider: Begin Intent { act=android.intent.action.MEDIA_SCANNER_SCAN_FILE dat=file:///... flg=0x1400010 cmp=com.android.providers.media.module/com.android.providers.media.MediaService }
08-06 17:04:42.414 12965 14232 I MediaProvider: End Intent { act=android.intent.action.MEDIA_SCANNER_SCAN_FILE dat=file:///... flg=0x1400010 cmp=com.android.providers.media.module/com.android.providers.media.MediaService }
08-06 17:04:42.415  1865  1865 I vendor.qti.hardware.servicetrackeraidl-service: unbindService is called for service : com.android.providers.media.module/com.android.providers.media.MediaService and for client system
08-06 17:04:42.415  1865  1865 I vendor.qti.hardware.servicetrackeraidl-service: size of service connections for service: com.android.providers.media.module/com.android.providers.media.MediaServiceafter removal is 0
08-06 17:04:42.415  1865  1865 I vendor.qti.hardware.servicetrackeraidl-service: size of client connections for client: systemafter removal is 27
08-06 17:04:42.415  2474  7379 I whetstone.activity: processNotifyEvent1 resId = 256, bundle = Bundle[{startTime=395706738, sourcePkg=com.android.providers.media.module, sourceUid=10249, status=0, jobId=-300, batteryName=com.android.providers.media.module/com.android.providers.media.MediaService, elapsedRealtime=395706738}]
08-06 17:04:42.416  1865  1865 I vendor.qti.hardware.servicetrackeraidl-service: destroyService is called for service : com.android.providers.media.module/com.android.providers.media.MediaService
08-06 17:04:42.416 14191 19651 I EventMonitor: notifyEvent resId=256
08-06 17:04:42.488  1843  3496 I vendor.qti.hardware.display.composer-service: Sensor: notify citsensorservice to trigger cwb, misForced = 1
08-06 17:04:42.489  3050  4554 I libsensor-parseRGB: request dump start for mRequestDisplayId 0
08-06 17:04:42.499  3086  3086 I adbd    : in ShellService: rm /sdcard/screen_2025-08-06_170442.png
08-06 17:04:42.508 12965 14974 I MediaProvider: Deleted paths_hashcode::1389444597/:1389444597/-1169449251442.png items on external_primary due to com.android.shell tid=28146
08-06 17:04:42.510  3050  4604 E libsensor-parseRGB: CWB NotifyCWBBufferDone  error 0
08-06 17:04:42.517  2474  7257 I MiuiNetworkPolicy: getDisableLimitTimeout when thermal mode is:0
08-06 17:04:42.524  1850  9931 E ANDR-PERF-LM: SAGT_ACTION: UpdateFPSData() 138: update /sys/kernel/sched_penalty/parameters/fps to 120, ret is 0
08-06 17:04:42.557  1865  1865 I vendor.qti.hardware.servicetrackeraidl-service: unbindService is called for service : com.google.android.gms/.chimera.PersistentDirectBootAwareApiService and for client com.google.android.gms
08-06 17:04:42.566  1843  2051 I SDM     : DisplayBase::CommitThread: Received idle timeout, panel: cmd, timeout: 70000 us
08-06 17:04:42.584  1865  1865 I vendor.qti.hardware.servicetrackeraidl-service: unbindService is called for service : com.google.android.gms/.icing.service.AppIndexingService and for client com.google.android.gms
08-06 17:04:42.584  1865  1865 I vendor.qti.hardware.servicetrackeraidl-service: size of service connections for service: com.google.android.gms/.icing.service.AppIndexingServiceafter removal is 0
08-06 17:04:42.584  1865  1865 I vendor.qti.hardware.servicetrackeraidl-service: size of client connections for client: com.google.android.gmsafter removal is 8
08-06 17:04:42.584  1865  1865 I vendor.qti.hardware.servicetrackeraidl-service: destroyService is called for service : com.google.android.gms/.icing.service.AppIndexingService
08-06 17:04:42.590  2474  2745 W BroadcastQueue: Greezer Denial: sending Intent { act=android.intent.action.PACKAGE_CHANGED dat=package: flg=0x45000010 (has extras) }, action: android.intent.action.PACKAGE_CHANGED from null (uid=1000) due to receiver ProcessRecord{b0a173c 13472:com.mfashiongallery.emag/u0a262} (uid 10262) need cached broadcast
08-06 17:04:42.590 13430 13430 I PackageInstallReceiver: action = android.intent.action.PACKAGE_CHANGED packageName = com.microsoft.skydrive
08-06 17:04:42.590  2474  2745 I SmartPower: android.process.acore/10083(15552): idle->background(12125ms) R(broadcast start Intent { act=android.intent.action.PACKAGE_CHANGED dat=package: flg=0x45000010 (has extras) }) adj=800.
08-06 17:04:42.590 13430 13430 W InstalledPackagesMemoryCache: Unknown action: android.intent.action.PACKAGE_CHANGED
08-06 17:04:42.590 13430 13430 I ServiceDeliveryCapability: onAppChanged:com.microsoft.skydrive action:android.intent.action.PACKAGE_CHANGED
08-06 17:04:42.590 13430 13430 I AppWidgetDelegate: updateAppWidgets for com.microsoft.skydrive
08-06 17:04:42.590 13430 13430 I WidgetController: WidgetController.updateOrRemoveStackWhenPackageChanged: packageName com.microsoft.skydrive
08-06 17:04:42.590 13430 13430 I WidgetBackgroundBlurManager: onAppChanged appPackageName : com.microsoft.skydrive
08-06 17:04:42.590  2474  2745 I SmartPower: com.google.android.documentsui/10100(14965): idle->background(12118ms) R(broadcast start Intent { act=android.intent.action.PACKAGE_CHANGED dat=package: flg=0x45000010 (has extras) }) adj=905.
08-06 17:04:42.591  2474  2745 I SmartPower: com.milink.service:audio/10178(18537): idle->background(12113ms) R(broadcast start Intent { act=android.intent.action.PACKAGE_CHANGED dat=package: flg=0x45000010 (has extras) }) adj=200.
08-06 17:04:42.591  2474  2745 W BroadcastQueue: Greezer Denial: sending Intent { act=android.intent.action.PACKAGE_CHANGED dat=package: flg=0x45000010 (has extras) }, action: android.intent.action.PACKAGE_CHANGED from null (uid=1000) due to receiver ProcessRecord{96579bd 17787:com.spotify.music/u0a317} (uid 10317) need cached broadcast
08-06 17:04:42.592 13430 14343 I AppWidgetDelegate: removeAllWidgets com.android.calendar.widget.NearEventAppWidget
08-06 17:04:42.592 13430 14343 I AppWidgetDelegate: removeAllWidgets com.xiaomi.misettings.usagestats.widget.desktop.widget.SimpleUsageStatsWidget
08-06 17:04:42.593  1865  1865 I vendor.qti.hardware.servicetrackeraidl-service: unbindService is called for service : com.google.android.gms/.icing.service.IndexService and for client com.google.android.gms
08-06 17:04:42.593  1865  1865 I vendor.qti.hardware.servicetrackeraidl-service: size of service connections for service: com.google.android.gms/.icing.service.IndexServiceafter removal is 0
08-06 17:04:42.593  1865  1865 I vendor.qti.hardware.servicetrackeraidl-service: size of client connections for client: com.google.android.gmsafter removal is 7
08-06 17:04:42.593  1865  1865 I vendor.qti.hardware.servicetrackeraidl-service: destroyService is called for service : com.google.android.gms/.icing.service.IndexService
08-06 17:04:42.656  3086  3086 I adbd    : in ShellService: dumpsys display
08-06 17:04:42.777  3086  3086 I adbd    : in ShellService: wm size
08-06 17:04:42.780 16832 16832 W RenderThread: type=1400 audit(0.0:14919): avc:  denied  { getattr } for  path="/sys/module/metis/parameters/minor_window_app" dev="sysfs" ino=74686 scontext=u:r:untrusted_app_30:s0:c100,c257,c512,c768 tcontext=u:object_r:sysfs_migt:s0 tclass=file permissive=0 app=com.microsoft.skydrive
08-06 17:04:42.783  2036  2036 E DisplayModeController: setDesiredMode : Idle status skip setActiveMode, isDdicIdleMode: 1
08-06 17:04:42.786  1843  2428 I SDM     : HWCDisplay::SetActiveConfigWithConstraints: display:66-0, config: 3, WxH 1200x2670, fps 120
08-06 17:04:42.787  1843  2428 W SDM     : HWDeviceDRM::GetSupportedBitClkRate: Requested rate not supported: 1150000000
08-06 17:04:42.787  1843  2428 I SDM     : HWDeviceDRM::UpdateMixerAttributes: Mixer WxH 1200x2670-1 for Peripheral
08-06 17:04:42.787  1843  2428 I SDM     : HWCDisplay::SubmitDisplayConfig: Active configuration changed from config 1 to 3
08-06 17:04:42.787  1843  2428 I SDM     : HWCDisplay::SubmitDisplayConfig: Active WxH 1200x2670 ,ddic_mode:auto, timing_fps: 120, sf_fps: 120
08-06 17:04:42.788  1843  3496 I vendor.qti.hardware.display.composer-service: Sensor: notify citsensorservice to trigger cwb, misForced = 0
08-06 17:04:42.788  3050  4554 I libsensor-parseRGB: request dump start for mRequestDisplayId 0
08-06 17:04:42.819  3050  3078 E libsensor-parseRGB: CWB NotifyCWBBufferDone  error 0
08-06 17:04:42.827  3086  3086 I adbd    : in ShellService: dumpsys input
08-06 17:04:42.875  1843  2051 I SDM     : DisplayBase::CommitThread: Received idle timeout, panel: cmd, timeout: 70000 us
08-06 17:04:42.903  1843  2428 I SDM     : HWCDisplay::SetActiveConfigWithConstraints: display:66-0, config: 1, WxH 1200x2670, fps 120
08-06 17:04:42.904  1843  2428 W SDM     : HWDeviceDRM::GetSupportedBitClkRate: Requested rate not supported: 1150000000
08-06 17:04:42.904  1843  2428 I SDM     : HWDeviceDRM::UpdateMixerAttributes: Mixer WxH 1200x2670-1 for Peripheral
08-06 17:04:42.904  1843  2428 I SDM     : HWCDisplay::SubmitDisplayConfig: Active configuration changed from config 3 to 1
08-06 17:04:42.904  1843  2428 I SDM     : HWCDisplay::SubmitDisplayConfig: Active WxH 1200x2670 ,ddic_mode:idle, timing_fps: 120, sf_fps: 120
08-06 17:04:42.911  3086  3086 I adbd    : in ShellService: getprop ro.sf.lcd_density
08-06 17:04:42.926  1850  9931 E ANDR-PERF-LM: SAGT_ACTION: UpdateFPSData() 138: update /sys/kernel/sched_penalty/parameters/fps to 120, ret is 0
08-06 17:04:42.946  2474  7382 I SmartPower: com.miui.gallery/10271(27825): background->idle(3002ms) R(broadcast start Intent { act=android.intent.action.MEDIA_SCANNER_SCAN_FILE dat=file:///... flg=0x1400010 }) adj=905.
08-06 17:04:42.983  1843  2051 I SDM     : DisplayBase::CommitThread: Received idle timeout, panel: cmd, timeout: 70000 us
08-06 17:04:42.986  3086  3086 I adbd    : in ShellService: dumpsys activity activities
08-06 17:04:43.009  3086  3086 I adbd    : in ShellService: ps
08-06 17:04:43.062  1843  3496 I vendor.qti.hardware.display.composer-service: Sensor: notify citsensorservice to trigger cwb, misForced = 1
08-06 17:04:43.063  3050  4554 I libsensor-parseRGB: request dump start for mRequestDisplayId 0
08-06 17:04:43.074  3086  3086 I adbd    : in ShellService: dumpsys activity activities
08-06 17:04:43.085  3050  4604 E libsensor-parseRGB: CWB NotifyCWBBufferDone  error 0
08-06 17:04:43.143  1843  2051 I SDM     : DisplayBase::CommitThread: Received idle timeout, panel: cmd, timeout: 70000 us
08-06 17:04:43.160  3086  3086 I adbd    : in ShellService: dumpsys activity activities
08-06 17:04:43.245  3086  3086 I adbd    : in ShellService: dumpsys activity services
08-06 17:04:43.292 16832 27975 I FA      : Application backgrounded at: timestamp_millis: 1754471081291
08-06 17:04:43.328  1850  9931 E ANDR-PERF-LM: SAGT_ACTION: UpdateFPSData() 138: update /sys/kernel/sched_penalty/parameters/fps to 120, ret is 0
08-06 17:04:43.356  2474  2635 I system_server: This is sticky GC, maxfree is 16777216 minfree is 8388608
08-06 17:04:43.360  1850  9938 E ANDR-PERF-MPCTL: ANDR-PERF-MPCTL: exception_recovery_poll_fun() 1497: exception_recovery_poll_fun
08-06 17:04:43.364  3086  3086 I adbd    : in ShellService: screencap -p /sdcard/screen_2025-08-06_170443.png
08-06 17:04:43.379  2474  2638 W System  : A resource failed to call HardwareBuffer.close. 
08-06 17:04:43.379  2474  2638 W System  : A resource failed to call HardwareBuffer.close. 
08-06 17:04:43.380  2474  2638 W System  : A resource failed to call release. 
08-06 17:04:43.483 28181 28181 W BpBinder: Linking to death on android.gui.ISurfaceComposer but there are no threads (yet?) listening to incoming transactions. See ProcessState::startThreadPool and ProcessState::setThreadPoolMaxThreadCount. Generally you should setup the binder threadpool before other initialization steps.
08-06 17:04:43.483 28181 28181 W ProcessState: Extra binder thread started, but 0 threads requested. Do not use *startThreadPool when zero threads are requested.
08-06 17:04:43.512 28181 28185 I AdrenoUtils: <ReadGpuID:357>: Reading chip ID through GSL
08-06 17:04:43.513 28181 28181 W qdgralloc: Failed to load libubwcp.so
08-06 17:04:43.508 28181 28181 W screencap: type=1400 audit(0.0:14920): avc:  denied  { read } for  name="libubwcp.so" dev="dm-37" ino=19816057 scontext=u:r:shell:s0 tcontext=u:object_r:vendor_file:s0 tclass=file permissive=0
08-06 17:04:43.516 12965 19508 W MediaProvider: isAppCloneUserPair for user 0: false
08-06 17:04:43.520  2474  8331 I ClipboardServiceI: checkProviderWakePathForClipboard: primaryClip is null
08-06 17:04:43.719  2474  8355 I ActivityManager: Broadcasting: Intent { act=android.intent.action.MEDIA_SCANNER_SCAN_FILE dat=file:///... flg=0x400000 }
08-06 17:04:43.720  2474  8355 I ActivityManager: Enqueued broadcast Intent { act=android.intent.action.MEDIA_SCANNER_SCAN_FILE dat=file:///... flg=0x400000 }: 0
08-06 17:04:43.723 27825 27825 W MiuiGallery2_BaseMediaScannerReceiver: [main] - Broadcast received, action: [android.intent.action.MEDIA_SCANNER_SCAN_FILE], data uri: [file:///sdcard/screen_2025-08-06_170443.png], CTA not allowed
08-06 17:04:43.724  2474  7257 I MiuiNetworkPolicy: updateUidState uid = 10271, uidState = 11
08-06 17:04:43.726 12965 12965 I MediaProvider: receive action = android.intent.action.MEDIA_SCANNER_SCAN_FILE schemeSpecificPart = ///sdcard/screen_2025-08-06_170443.png
08-06 17:04:43.727  2474  7257 I MiuiNetworkPolicy: updateUidState uid = 10271, uidState = 19
08-06 17:04:43.728  2474  8355 W JobInfo : Job 'com.android.providers.media.module/com.android.providers.media.MediaService#-300' has a deadline with no functional constraints. The deadline won't improve job execution latency. Consider removing the deadline.
08-06 17:04:43.732  1850  9931 E ANDR-PERF-LM: SAGT_ACTION: UpdateFPSData() 138: update /sys/kernel/sched_penalty/parameters/fps to 120, ret is 0
08-06 17:04:43.733  1865  1865 I vendor.qti.hardware.servicetrackeraidl-service: bindService is called for service : com.android.providers.media.module/com.android.providers.media.MediaService and for client system
08-06 17:04:43.733  1865  1865 I vendor.qti.hardware.servicetrackeraidl-service: total connections for service : com.android.providers.media.module/com.android.providers.media.MediaServiceare :1
08-06 17:04:43.733  1865  1865 I vendor.qti.hardware.servicetrackeraidl-service: total connections for client : systemare :28
08-06 17:04:43.735  2474  7379 I whetstone.activity: processNotifyEvent1 resId = 256, bundle = Bundle[{startTime=395708057, sourcePkg=com.android.providers.media.module, sourceUid=10249, status=1, jobId=-300, batteryName=com.android.providers.media.module/com.android.providers.media.MediaService, elapsedRealtime=395708057}]
08-06 17:04:43.736 14191 19651 I EventMonitor: notifyEvent resId=256
08-06 17:04:43.738  2474  2643 I ActivityManager: Broadcast completed: result=0
08-06 17:04:43.739 12965 14232 I MediaProvider: Begin Intent { act=android.intent.action.MEDIA_SCANNER_SCAN_FILE dat=file:///... flg=0x1400010 cmp=com.android.providers.media.module/com.android.providers.media.MediaService }
08-06 17:04:43.744 12965 14232 I MediaProvider: End Intent { act=android.intent.action.MEDIA_SCANNER_SCAN_FILE dat=file:///... flg=0x1400010 cmp=com.android.providers.media.module/com.android.providers.media.MediaService }
08-06 17:04:43.745  2474  7379 I whetstone.activity: processNotifyEvent1 resId = 256, bundle = Bundle[{startTime=395708067, sourcePkg=com.android.providers.media.module, sourceUid=10249, status=0, jobId=-300, batteryName=com.android.providers.media.module/com.android.providers.media.MediaService, elapsedRealtime=395708067}]
08-06 17:04:43.745  1865  1865 I vendor.qti.hardware.servicetrackeraidl-service: unbindService is called for service : com.android.providers.media.module/com.android.providers.media.MediaService and for client system
08-06 17:04:43.745  1865  1865 I vendor.qti.hardware.servicetrackeraidl-service: size of service connections for service: com.android.providers.media.module/com.android.providers.media.MediaServiceafter removal is 0
08-06 17:04:43.745  1865  1865 I vendor.qti.hardware.servicetrackeraidl-service: size of client connections for client: systemafter removal is 27
08-06 17:04:43.745  1865  1865 I vendor.qti.hardware.servicetrackeraidl-service: destroyService is called for service : com.android.providers.media.module/com.android.providers.media.MediaService
08-06 17:04:43.746  2474  7257 I MiuiNetworkPolicy: bandwidth: 65 KB/s, Max bandwidth: 11266 KB/s
08-06 17:04:43.746 14191 19651 I EventMonitor: notifyEvent resId=256
08-06 17:04:43.846  1609  1609 I zygote  : Delayed USAP Pool refill. New USAPs: 1
08-06 17:04:43.854  3086  3086 I adbd    : in ShellService: rm /sdcard/screen_2025-08-06_170443.png
08-06 17:04:43.860  2474  7382 I SmartPower: com.android.browser/10134(9561): background->idle(3006ms) R(broadcast start Intent { act=miui.intent.action.PACKAGE_FIRST_LAUNCH flg=0x1000010 (has extras) }) adj=905.
08-06 17:04:43.861  2474  7382 I SmartPower: com.miui.systemAdSolution/10168(17757): background->idle(3005ms) R(broadcast start Intent { act=miui.intent.action.PACKAGE_FIRST_LAUNCH flg=0x1000010 (has extras) }) adj=100.
08-06 17:04:43.868  2474  7382 I SmartPower: com.xiaomi.market/10167(6011): background->idle(3013ms) R(broadcast start Intent { act=miui.intent.action.PACKAGE_FIRST_LAUNCH flg=0x1000010 (has extras) }) adj=200.
08-06 17:04:43.872 16677 15856 W surfboard: icmp_input: ICMP type 3 code 3 not supported.
08-06 17:04:43.881 12965 17504 I MediaProvider: Deleted paths_hashcode::1389444597/:1389444597/-1169449251443.png items on external_primary due to com.android.shell tid=28191
08-06 17:04:43.886 16677 15856 W surfboard: icmp_input: ICMP type 3 code 3 not supported.
08-06 17:04:44.031  3086  3086 I adbd    : in ShellService: dumpsys display
08-06 17:04:44.128  2474  8331 I ClipboardServiceI: checkProviderWakePathForClipboard: primaryClip is null
08-06 17:04:44.137  1865  1865 I vendor.qti.hardware.servicetrackeraidl-service: unbindService is called for service : com.google.android.gms/.gcm.PushMessagingRegistrarProxy and for client com.microsoft.skydrive
08-06 17:04:44.137  1865  1865 I vendor.qti.hardware.servicetrackeraidl-service: size of service connections for service: com.google.android.gms/.gcm.PushMessagingRegistrarProxyafter removal is 2
08-06 17:04:44.137  1865  1865 I vendor.qti.hardware.servicetrackeraidl-service: size of client connections for client: com.microsoft.skydriveafter removal is 1
08-06 17:04:44.144  2474  8755 I ClipboardServiceI: checkProviderWakePathForClipboard: primaryClip is null
08-06 17:04:44.154  1865  1865 I vendor.qti.hardware.servicetrackeraidl-service: bindService is called for service : com.microsoft.skydrive/com.microsoft.odsp.pushnotification.ODSPInstanceIDService and for client com.microsoft.skydrive
08-06 17:04:44.154  1865  1865 I vendor.qti.hardware.servicetrackeraidl-service: total connections for service : com.microsoft.skydrive/com.microsoft.odsp.pushnotification.ODSPInstanceIDServiceare :1
08-06 17:04:44.154  1865  1865 I vendor.qti.hardware.servicetrackeraidl-service: total connections for client : com.microsoft.skydriveare :2
08-06 17:04:44.158 14965 28215 I ProvidersCache: Provider returned no roots. Possibly naughty: com.microsoft.skydrive.content.StorageAccessProvider
08-06 17:04:44.160 16543 20523 I Finsky  : [699] alel.o(259): Package com.google.android.gms is verified.
08-06 17:04:44.162  3086  3086 I adbd    : in ShellService: ps
08-06 17:04:44.162  7177 28044 W FA-SVC  : Service response is missing Install Referrer install timestamp
08-06 17:04:44.163  1865  1865 I vendor.qti.hardware.servicetrackeraidl-s