08-06 17:04:20.161  6011 26627 I Market-RetrofitRequest: HeaderInterceptor : https://updateinfo.market.xiaomi.com/apm/updateinfo/diffsize
08-06 17:04:20.162  6011 26627 E Market-Client: isSupportChildMode, error: java.lang.NumberFormatException: For input string: ""
08-06 17:04:20.162  6011 26627 E Market-Client: isSupportChildMode, error: java.lang.NumberFormatException: For input string: ""
08-06 17:04:20.164  6011 26627 I Market-LimitSpeedManager: startLimitSpeedNow() ====== speed = 32768
08-06 17:04:20.164 27189 27189 I Choreographer: first vsync insert message into MessageQueue Head
08-06 17:04:20.167  6011 26627 I Market-DownloadLimitSpeedManager: startLimitSpeed success. Total count 1
08-06 17:04:20.167  6011 26627 I Market-RetrofitRequest: HeaderInterceptor : https://updateinfo.market.xiaomi.com/apm/updateinfo/diffsize
08-06 17:04:20.170  7458  7458 I HandWritingStubImpl: getCurrentKeyboardType: 1
08-06 17:04:20.202  3086  3086 I adbd    : in ShellService: getprop ro.secure
08-06 17:04:20.242  1843  2051 I SDM     : DisplayBase::CommitThread: Received idle timeout, panel: cmd, timeout: 70000 us
08-06 17:04:20.244  6011 26627 I Market-DownloadLimitSpeedManager: stopLimitSpeed
08-06 17:04:20.244  6011 26627 I Market-ThermalLimitSpeedManager: startLoopLimitSpeed() ----------
08-06 17:04:20.244  6011 26627 I Market-LimitSpeedManager: stopLimitSpeedNow() =========== 
08-06 17:04:20.248 27189 27211 I mit.droidbotapp: Compiler allocated 5390KB to compile void android.view.ViewRootImpl.performTraversals()
08-06 17:04:20.249  6011 26627 I Market-RetrofitRequest: callEnd : https://updateinfo.market.xiaomi.com/apm/updateinfo/diffsize
08-06 17:04:20.250  6011 26627 I Market-LocalAppManager: queryDiffSizeFromServer end
08-06 17:04:20.251  6011 20651 I Market-SubScriptManager: updateMarketSubScript forceShow : false
08-06 17:04:20.252  6011 26627 I Market-WakeLockManager: release wakeLock: CheckUpdateService
08-06 17:04:20.253  6011 20651 I Market-SubScriptManager: get count -1
08-06 17:04:20.255  2474  7656 I ActivityManager: Cancel FGS notification userId: 0 definingUid: 10167 packageName: com.xiaomi.market processName:com.xiaomi.market ChannelId:com.xiaomi.market_hide foregroundNotiWhen:1754471059662 Notiflags:104
08-06 17:04:20.255  2474  2474 I NotificationService: Cancel FGS notification CallingUid: 10167 CallingPid: 6011 Pkg: com.xiaomi.market Id:22594739 Tag:null UserId:0 MustHaveFlags:0 MustNotHaveFlags:0 Reason:8 foregroundNotiWhen:1754471059662 foregroundNotiFlags:104 foregroundNotiChannelId:com.xiaomi.market_hide
08-06 17:04:20.255  2474  7656 W ForegroundServiceTypeLoggerModule: FGS stop call for: 10167 has no types!
08-06 17:04:20.257  6011  6011 I Market-ServiceUtils: stop foreground service: CheckUpdateService
08-06 17:04:20.257  1865  1865 I vendor.qti.hardware.servicetrackeraidl-service: destroyService is called for service : com.xiaomi.market/.business_core.update.auto.CheckUpdateService
08-06 17:04:20.261  2474  7257 I MiuiNetworkPolicy: updateUidState uid = 10261, uidState = 19
08-06 17:04:20.261  2474  7257 I MiuiNetworkPolicyTrafficLimit: updateWhiteListUidForMobileTraffic uid=10261,add=false
08-06 17:04:20.262  3086  3086 I adbd    : in ShellService: getprop ro.debuggable
08-06 17:04:20.263  2474  7257 I MiuiNetworkPolicy: updateUidState uid = 10203, uidState = 6
08-06 17:04:20.263  2474  7257 I MiuiNetworkPolicy: updateUidState uid = 10167, uidState = 10
08-06 17:04:20.263  2474  7257 I MiuiNetworkPolicyTrafficLimit: updateWhiteListUidForMobileTraffic uid=10167,add=false
08-06 17:04:20.263  2474  7257 I MiuiNetworkPolicy: updateUidState uid = 10158, uidState = 19
08-06 17:04:20.264  2474  7257 I MiuiNetworkPolicyTrafficLimit: updateWhiteListUidForMobileTraffic uid=10158,add=false
08-06 17:04:20.264  2474  7257 I MiuiNetworkPolicy: updateUidState uid = 10090, uidState = 6
08-06 17:04:20.271  7890  7890 E NotifCollection: No notification to remove with key 0|com.xiaomi.market|22594739|null|10167 reason=8:REASON_APP_CANCEL
08-06 17:04:20.286  1843  1843 I SDM     : HWCDisplay::SetActiveConfigWithConstraints: display:66-0, config: 1, WxH 1200x2670, fps 120
08-06 17:04:20.287  1843  1843 W SDM     : HWDeviceDRM::GetSupportedBitClkRate: Requested rate not supported: 1150000000
08-06 17:04:20.287  1843  1843 I SDM     : HWDeviceDRM::UpdateMixerAttributes: Mixer WxH 1200x2670-1 for Peripheral
08-06 17:04:20.287  1843  1843 I SDM     : HWCDisplay::SubmitDisplayConfig: Active configuration changed from config 3 to 1
08-06 17:04:20.287  1843  1843 I SDM     : HWCDisplay::SubmitDisplayConfig: Active WxH 1200x2670 ,ddic_mode:idle, timing_fps: 120, sf_fps: 120
08-06 17:04:20.287  1843  3496 I vendor.qti.hardware.display.composer-service: Sensor: notify citsensorservice to trigger cwb, misForced = 0
08-06 17:04:20.288  3050  4554 I libsensor-parseRGB: request dump start for mRequestDisplayId 0
08-06 17:04:20.311  3050  4604 E libsensor-parseRGB: CWB NotifyCWBBufferDone  error 0
08-06 17:04:20.327  6011  6025 I m.xiaomi.market: This is non sticky GC, maxfree is 16777216 minfree is 8388608
08-06 17:04:20.328  6011  6027 W System  : A resource failed to call close. 
08-06 17:04:20.330  3086  3086 I adbd    : in ShellService: dumpsys display
08-06 17:04:20.330  6011  6027 W System  : A resource failed to call close. 
08-06 17:04:20.367  1843  2051 I SDM     : DisplayBase::CommitThread: Received idle timeout, panel: cmd, timeout: 70000 us
08-06 17:04:20.447  1843  3496 I vendor.qti.hardware.display.composer-service: Sensor: notify citsensorservice to trigger cwb, misForced = 1
08-06 17:04:20.448  3050  4554 I libsensor-parseRGB: request dump start for mRequestDisplayId 0
08-06 17:04:20.468  3050  3078 E libsensor-parseRGB: CWB NotifyCWBBufferDone  error 0
08-06 17:04:20.491  3086  3086 I adbd    : in ShellService: wm size
08-06 17:04:20.526  1843  2051 I SDM     : DisplayBase::CommitThread: Received idle timeout, panel: cmd, timeout: 70000 us
08-06 17:04:20.574  3086  3086 I adbd    : in ShellService: dumpsys input
08-06 17:04:20.601  2474  2745 W BroadcastQueue: Greezer Denial: sending Intent { act=android.net.wifi.RSSI_CHANGED flg=0x4000010 (has extras) }, action: android.net.wifi.RSSI_CHANGED from android (uid=1000) due to receiver ProcessRecord{3dac57f 16379:com.kuaishou.nebula/u0a329} (uid 10329) need cached broadcast
08-06 17:04:20.604 13430 13430 I RuntimePermissionManager: isRuntimeRequestSupport: true
08-06 17:04:20.623  2474  8331 W ParceledListSlice: Element #44 is 26672 bytes.
08-06 17:04:20.623  2474  8331 W ParceledListSlice: Overly large reply size: 82384
08-06 17:04:20.623  2474  8406 W ParceledListSlice: Element #45 is 26676 bytes.
08-06 17:04:20.623  2474  8406 W ParceledListSlice: Element #46 is 26676 bytes.
08-06 17:04:20.623  2474  8406 W ParceledListSlice: Element #47 is 26684 bytes.
08-06 17:04:20.624  2474  2641 W ParceledListSlice: Element #48 is 26688 bytes.
08-06 17:04:20.624  2474  2641 W ParceledListSlice: Element #54 is 19664 bytes.
08-06 17:04:20.624  2474  8331 W ParceledListSlice: Element #55 is 19652 bytes.
08-06 17:04:20.624  2474  8331 W ParceledListSlice: Element #56 is 19692 bytes.
08-06 17:04:20.624  2474  8331 W ParceledListSlice: Element #57 is 19720 bytes.
08-06 17:04:20.624  2474  8331 W ParceledListSlice: Element #58 is 19720 bytes.
08-06 17:04:20.625  2474  3506 I AppsFilter: interaction: PackageSetting{29c74d1 com.android.microdroid.empty_payload/10236} -> PackageSetting{91a2b10 com.miui.cleanmaster/10266} BLOCKED
08-06 17:04:20.625  2474  3506 I AppsFilter: interaction: PackageSetting{28fba37 io.appium.uiautomator2.server.test/10280} -> PackageSetting{91a2b10 com.miui.cleanmaster/10266} BLOCKED
08-06 17:04:20.625  2474  3506 I AppsFilter: interaction: PackageSetting{39cecba io.github.ylimit.droidbotapp/10355} -> PackageSetting{91a2b10 com.miui.cleanmaster/10266} BLOCKED
08-06 17:04:20.625  2474  3506 I AppsFilter: interaction: PackageSetting{f793ba4 com.rongcard.eid/10151} -> PackageSetting{91a2b10 com.miui.cleanmaster/10266} BLOCKED
08-06 17:04:20.625  2474  3506 I AppsFilter: interaction: PackageSetting{ba28d0d io.appium.settings/10274} -> PackageSetting{91a2b10 com.miui.cleanmaster/10266} BLOCKED
08-06 17:04:20.626  2474  8406 W ParceledListSlice: Element #59 is 19684 bytes.
08-06 17:04:20.626  2474  8406 W ParceledListSlice: Element #60 is 19692 bytes.
08-06 17:04:20.626  2474  8406 W ParceledListSlice: Element #61 is 19668 bytes.
08-06 17:04:20.626  2474  8406 W ParceledListSlice: Element #62 is 19680 bytes.
08-06 17:04:20.627  2474  2641 W ParceledListSlice: Element #63 is 19672 bytes.
08-06 17:04:20.627  2474  2641 W ParceledListSlice: Element #64 is 29724 bytes.
08-06 17:04:20.627  2474  2641 W ParceledListSlice: Element #65 is 29744 bytes.
08-06 17:04:20.627  2474  8406 W ParceledListSlice: Element #66 is 29736 bytes.
08-06 17:04:20.635  7505  9889 I PermissionControllerServiceImpl: Updating user sensitive for uid 10266
08-06 17:04:20.636 17757 17991 I Ad      : isPersonalizedAdEnabled getAdSettings: 1
08-06 17:04:20.642  2474  7657 W ParceledListSlice: Element #8 is 20788 bytes.
08-06 17:04:20.642  2474  7657 W ParceledListSlice: Element #9 is 20768 bytes.
08-06 17:04:20.643 17757 17774 I ystemAdSolution: This is sticky GC, maxfree is 16777216 minfree is 8388608
08-06 17:04:20.644  7856  8405 E SmsApplication: com.android.mms lost android:read_cell_broadcasts:  (fixing)
08-06 17:04:20.644  2474  8394 W AppOpService: Ignored setUidMode call for runtime permission app op: uid = 10141, code = READ_CELL_BROADCASTS, mode = allow, callingUid = 1001, oldMode = allow
08-06 17:04:20.646  2474  8406 W ParceledListSlice: Element #273 is 21068 bytes.
08-06 17:04:20.646  2474 10069 W ParceledListSlice: Element #274 is 21048 bytes.
08-06 17:04:20.646  2474 10069 W ParceledListSlice: Element #275 is 21056 bytes.
08-06 17:04:20.646  2474 10069 W ParceledListSlice: Element #276 is 21036 bytes.
08-06 17:04:20.646  2474 10069 W ParceledListSlice: Element #277 is 21084 bytes.
08-06 17:04:20.646  2474 10069 W ParceledListSlice: Overly large reply size: 84248
08-06 17:04:20.647  2474  8358 W ParceledListSlice: Element #278 is 21084 bytes.
08-06 17:04:20.647  2474  8358 W ParceledListSlice: Element #279 is 21096 bytes.
08-06 17:04:20.647  2474  8358 W ParceledListSlice: Element #280 is 21084 bytes.
08-06 17:04:20.647  2474  8358 W ParceledListSlice: Element #281 is 21084 bytes.
08-06 17:04:20.647  2474  8358 W ParceledListSlice: Overly large reply size: 84372
08-06 17:04:20.648  2474  8358 W ParceledListSlice: Element #282 is 21104 bytes.
08-06 17:04:20.648  2474  8358 W ParceledListSlice: Element #283 is 21092 bytes.
08-06 17:04:20.648  2474  8358 W ParceledListSlice: Element #284 is 21080 bytes.
08-06 17:04:20.648 13053 13053 E RegisteredServicesCache: Skipping application component ComponentInfo{com.UCMobile/com.alibaba.ariver.commonability.device.jsapi.nfc.service.TinyAppHostApduService}: it must request the permission android.permission.NFC
08-06 17:04:20.648 13053 13053 E RegisteredServicesCache: Skipping application component ComponentInfo{com.UCMobile/com.alipay.mobile.aompdevice.nfc.service.TinyAppHostApduService}: it must request the permission android.permission.NFC
08-06 17:04:20.648 13053 13053 E RegisteredServicesCache: Skipping application component ComponentInfo{com.autonavi.minimap/com.alibaba.ariver.commonability.device.jsapi.nfc.service.TinyAppHostApduService}: it must request the permission android.permission.NFC
08-06 17:04:20.648 13053 13053 E RegisteredServicesCache: Skipping application component ComponentInfo{com.autonavi.minimap/com.alipay.mobile.aompdevice.nfc.service.TinyAppHostApduService}: it must request the permission android.permission.NFC
08-06 17:04:20.649  2474  8358 W AppOpService: Ignored setUidMode call for runtime permission app op: uid = 1001, code = READ_SMS, mode = allow, callingUid = 1001, oldMode = allow
08-06 17:04:20.650  2474  8358 W AppOpService: Ignored setUidMode call for runtime permission app op: uid = 1001, code = RECEIVE_SMS, mode = allow, callingUid = 1001, oldMode = allow
08-06 17:04:20.650  2474  8358 W AppOpService: Ignored setUidMode call for runtime permission app op: uid = 1001, code = RECEIVE_WAP_PUSH, mode = allow, callingUid = 1001, oldMode = allow
08-06 17:04:20.650  2474  7656 W AppOpService: Ignored setUidMode call for runtime permission app op: uid = 1001, code = SEND_SMS, mode = allow, callingUid = 1001, oldMode = allow
08-06 17:04:20.650  2474  8358 W AppOpService: Ignored setUidMode call for runtime permission app op: uid = 1001, code = READ_CELL_BROADCASTS, mode = allow, callingUid = 1001, oldMode = allow
08-06 17:04:20.651 13053 13053 I RegisteredServicesCache: current user: 0, is managed profile : false
08-06 17:04:20.652 13053 13053 I RegisteredAidCache: updateRoutingLocked(false): Enter
08-06 17:04:20.652 13053 13053 I AidRoutingManager: configureRouting(false): Enter
08-06 17:04:20.652 13053 13053 E AidRoutingManager: Size of routing table970
08-06 17:04:20.652 13053 13053 I RegisteredAidCache: updateRoutingLocked(false): exit
08-06 17:04:20.653 13053 13053 I libnfc_nci: [INFO:NativeT4tNfcee.cpp(870)] nfcManager_isFwSupportNonStdT4TAid Enter isFwSupport = 1
08-06 17:04:20.653 13053 13053 I libnfc_nci: [INFO:SecureElement.cpp(1487)] SecureElement::getEseHandleFromGenericId: enter; ESE-ID = 0x7F
08-06 17:04:20.653 13053 13053 I libnfc_nci: [INFO:SecureElement.cpp(1528)] SecureElement::getEseHandleFromGenericId: enter; ESE-Handle = 0x410
08-06 17:04:20.654 13053 13053 I libnfc_nci: [INFO:SecureElement.cpp(1487)] SecureElement::getEseHandleFromGenericId: enter; ESE-ID = 0x00
08-06 17:04:20.654 13053 13053 I libnfc_nci: [INFO:SecureElement.cpp(1528)] SecureElement::getEseHandleFromGenericId: enter; ESE-Handle = 0x400
08-06 17:04:20.655  7800 14409 I SecureElement-Terminal-eSE1: isSecureElementPresent()
08-06 17:04:20.655  1774  1774 I android.hardware.secure_element-service.qti: isCardPresent
08-06 17:04:20.655  1774  1774 I android.hardware.secure_element-service.qti: isCardPresent exit, cardPresent: 1
08-06 17:04:20.656  7800 14409 I SecureElement-Terminal-SIM1: isSecureElementPresent()
08-06 17:04:20.657  7800 14409 I SecureElement-Terminal-SIM1: isNfcEventAllowed: No access rules for checking.
08-06 17:04:20.657  7800 14409 I SecureElement-Terminal-SIM2: isSecureElementPresent()
08-06 17:04:20.661 13430 14351 I RuntimePermissionManager: isRuntimeRequestSupport: true
08-06 17:04:20.661 13430 14351 I InstalledPackagesMemoryCache: getInstallPermissionGranted=true
08-06 17:04:20.693  3086  3086 I adbd    : in ShellService: getprop ro.sf.lcd_density
08-06 17:04:20.705 10308 19301 E PackageUtil: getPackageInfoAsUser failed io.github.ylimit.droidbotapp , 999
08-06 17:04:20.716 10308 19301 E PackageUtil: getPackageInfoAsUser failed com.nike.snkrs , 999
08-06 17:04:20.718 10308 19301 E PermissionManagerProvider:  getPackageInfo is null packageName : com.nike.snkrs
08-06 17:04:20.735  2474  2664 W EnhancedConfirmationService: The packageName should not be null.
08-06 17:04:20.735  2474  2664 W MagnificationConnectionManager: requestConnection duplicated request: connect=false, mConnectionState=DISCONNECTED
08-06 17:04:20.764  3086  3086 I adbd    : in ShellService: input keyevent MENU
08-06 17:04:20.818  2474  7656 W MIUIInput: Input event injection from package: null action ACTION_DOWN keycode 82
08-06 17:04:20.818  2474  7656 W MiuiInputKeyEventLog: keyCode:82 down:true eventTime:8509956 downTime:8509956 policyFlags:2b000000 flags:0 metaState:0 deviceId:-1 isScreenOn:true keyguardActive:false repeatCount:0
08-06 17:04:20.820  2474  4371 I InputFeature: supportXiaomiHyperXiaoAi is true
08-06 17:04:20.820  2474  4371 I InputFeature: supportXiaomiHyperXiaoAiScreenRecognition support
08-06 17:04:20.820  2474  4371 I InputFeature: supportBlockCombinationKey com.miui.home version: 3
08-06 17:04:20.820  2474  4371 I MiuiInputKeyEventLog: is show menu
08-06 17:04:20.821  2474  4371 I MIUIInput: [KeyEvent] publisher action:0x0,  keyCode:82 , deviceId=-1, 8509956,channel '79e08af com.miui.home/com.miui.home.launcher.Launcher (server)' 
08-06 17:04:20.821  2036  2036 E DisplayModeController: setDesiredMode : Idle status skip setActiveMode, isDdicIdleMode: 1
08-06 17:04:20.821  7458  7458 I MIUIInput: [KeyEvent] ViewRootImpl windowName 'com.miui.home/com.miui.home.launcher.Launcher', KeyEvent { action=ACTION_DOWN, keyCode=KEYCODE_MENU, scanCode=0, metaState=0, flags=0x0, repeatCount=0, eventTime=8509956000000, downTime=8509956000000, deviceId=-1, source=0x0, displayId=-1 }, phoneEventTime=17:04:20.818
08-06 17:04:20.824  2474  7656 W MIUIInput: Input event injection from package: null action ACTION_UP keycode 82
08-06 17:04:20.824  2474  7656 W MiuiInputKeyEventLog: keyCode:82 down:false eventTime:8509961 downTime:8509956 policyFlags:2b000000 flags:0 metaState:0 deviceId:-1 isScreenOn:true keyguardActive:false repeatCount:0
08-06 17:04:20.825  2474  4371 I InputFeature: supportXiaomiHyperXiaoAi is true
08-06 17:04:20.825  2474  4371 I InputFeature: supportXiaomiHyperXiaoAiScreenRecognition support
08-06 17:04:20.825  2474  4371 I InputFeature: supportBlockCombinationKey com.miui.home version: 3
08-06 17:04:20.825  2474  4371 I MiuiInputKeyEventLog: is show menu
08-06 17:04:20.825  2474  4371 I MIUIInput: [KeyEvent] publisher action:0x1,  keyCode:82 , deviceId=-1, 8509961,channel '79e08af com.miui.home/com.miui.home.launcher.Launcher (server)' 
08-06 17:04:20.825  7458  7458 I MIUIInput: [KeyEvent] ViewRootImpl windowName 'com.miui.home/com.miui.home.launcher.Launcher', KeyEvent { action=ACTION_UP, keyCode=KEYCODE_MENU, scanCode=0, metaState=0, flags=0x0, repeatCount=0, eventTime=8509961000000, downTime=8509956000000, deviceId=-1, source=0x0, displayId=-1 }, phoneEventTime=17:04:20.823
08-06 17:04:20.826  7458  7458 I AnimStateManager: IdleState handle event 2006
08-06 17:04:20.826  7458  7458 I AnimStateManager: CommonState handle event 2006
08-06 17:04:20.827  7497 13038 I MiuiWallpaper-MiuiWallpaperManagerService: isMiuiWallpaperComponentUsing: true
08-06 17:04:20.828  7497 13038 I MiuiWallpaper-MiuiWallpaperManagerService: isMiuiWallpaperComponentUsing: true
08-06 17:04:20.828  7497 13038 I MiuiWallpaper-MiuiWallpaperManagerService: isMiuiWallpaperComponentUsing: true
08-06 17:04:20.829  1843  1843 I SDM     : HWCDisplay::SetActiveConfigWithConstraints: display:66-0, config: 3, WxH 1200x2670, fps 120
08-06 17:04:20.830  1843  1843 W SDM     : HWDeviceDRM::GetSupportedBitClkRate: Requested rate not supported: 1150000000
08-06 17:04:20.830  1843  1843 I SDM     : HWDeviceDRM::UpdateMixerAttributes: Mixer WxH 1200x2670-1 for Peripheral
08-06 17:04:20.830  1843  1843 I SDM     : HWCDisplay::SubmitDisplayConfig: Active configuration changed from config 1 to 3
08-06 17:04:20.830  1843  1843 I SDM     : HWCDisplay::SubmitDisplayConfig: Active WxH 1200x2670 ,ddic_mode:auto, timing_fps: 120, sf_fps: 120
08-06 17:04:20.834  7458  8091 I HapticFeedbackUtil: rtp:216
08-06 17:04:20.834  1843  3496 I vendor.qti.hardware.display.composer-service: Sensor: notify citsensorservice to trigger cwb, misForced = 0
08-06 17:04:20.835  3050  4554 I libsensor-parseRGB: request dump start for mRequestDisplayId 0
08-06 17:04:20.839  7458  7458 W PreviewDisappear: set, applyTo for info: com.miui.home.launcher.graphics.DrawableInfo@ab0d1f8, with icon: null
08-06 17:04:20.852  7458  7458 W ScreenView_Workspace: updateChildStaticTransformation error,childW=0.0
08-06 17:04:20.858  1775  1775 I sensors-hal: batch:141, android.sensor.accelerometer/11, period=66667000, max_latency=0
08-06 17:04:20.858  1775  1775 I sensors-hal: set_config:56, sample_period_ns is adjusted to 66667000 based on min/max delay_ns
08-06 17:04:20.858  1775  1775 I sensors-hal: batch:150, android.sensor.accelerometer/11, period=66667000, max_latency=0 request completed
08-06 17:04:20.859  1775  1775 E sensors-hal: flush:166, invalid flush request, active=0, oneshot=0
08-06 17:04:20.859  2474  8336 I SensorService: 	>>> actuating h/w activate handle=0x100000b enabled=1
08-06 17:04:20.859  1775  1775 I sensors-hal: activate:108, android.sensor.accelerometer/11 en=1
08-06 17:04:20.859  2474  2817 I SensorAccount: App register sensor to track it noWakeupSensor_10138_0x100000b
08-06 17:04:20.860  1775  1775 I sensors-hal: acquire_qsh_interface:121, acquire_qsh_interface with sensor_id 104 , conn_type 2 
08-06 17:04:20.862  1739  1812 I minksocket: MinkIPC MESSAGE: ( 1739:1812 ) MinkIPC_QRTR_Service:351 minkipc = 0xb4000076c18ba7f0 sock = 19, client with node 1 port 564f went down
08-06 17:04:20.863  1739  1832 I minksocket: MinkIPC MESSAGE: ( 1739:1832 ) MinkIPC_QRTR_Service:351 minkipc = 0xb4000076c18baed0 sock = 35, client with node 1 port 564f went down
08-06 17:04:20.863  3050 25119 E libsensor-parseRGB: CWB NotifyCWBBufferDone  error 0
08-06 17:04:20.865  1739  1832 I minksocket: MinkIPC MESSAGE: ( 1739:1832 ) MinkIPC_QRTR_Service:351 minkipc = 0xb4000076c18baed0 sock = 35, client with node 1 port 5650 went down
08-06 17:04:20.865  1739  1812 I minksocket: MinkIPC MESSAGE: ( 1739:1812 ) MinkIPC_QRTR_Service:351 minkipc = 0xb4000076c18ba7f0 sock = 19, client with node 1 port 5650 went down
08-06 17:04:20.867  1739  1812 I minksocket: MinkIPC MESSAGE: ( 1739:1812 ) MinkIPC_QRTR_Service:351 minkipc = 0xb4000076c18ba7f0 sock = 19, client with node 1 port 5651 went down
08-06 17:04:20.867  1739  1832 I minksocket: MinkIPC MESSAGE: ( 1739:1832 ) MinkIPC_QRTR_Service:351 minkipc = 0xb4000076c18baed0 sock = 35, client with node 1 port 5651 went down
08-06 17:04:20.867  1775  1775 I sensors-hal: qsh_qmi:35, qsh_qmi
08-06 17:04:20.867  1775  1775 I sensors-hal: register_cb:314, suid(low=11115320498015681092,high=2286538866409242278) is new. register callbacks
08-06 17:04:20.867  1775  1775 I sensors-hal: send_sensor_config_request:626, resampler is used, set resampler config
08-06 17:04:20.867  1775  1775 I sensors-hal: send_sync_sensor_request:531, send sync request
08-06 17:04:20.867  1775  1775 I sensors-hal: send_sync_sensor_request:541, send_sync_sensor_request before send_request for accel with SUID low=11115320498015681092 high=2286538866409242278
08-06 17:04:20.867  1775  1775 I sensors-hal: send_sync_sensor_request:560, wait for notification of response
08-06 17:04:20.868  1739  1812 I minksocket: MinkIPC MESSAGE: ( 1739:1812 ) MinkIPC_QRTR_Service:351 minkipc = 0xb4000076c18ba7f0 sock = 19, client with node 1 port 5652 went down
08-06 17:04:20.868  1739  1832 I minksocket: MinkIPC MESSAGE: ( 1739:1832 ) MinkIPC_QRTR_Service:351 minkipc = 0xb4000076c18baed0 sock = 35, client with node 1 port 5652 went down
08-06 17:04:20.868  1775 27428 I sensors-hal: qsh_conn_resp_cb:886, resp_value = 0 for accel 
08-06 17:04:20.869  1775  1775 I sensors-hal: send_sync_sensor_request:566, takes 1 ms to receive the response with 0
08-06 17:04:20.869  1775  1775 I sensors-hal: activate:119, android.sensor.accelerometer/11 en=1 completed
08-06 17:04:20.869  7458  8091 E Launcher: mFsGestureStatusRefreshRunnable:run usingFsGesture=true   show=true   focus=true   pause=false
08-06 17:04:20.869  7458  7458 W RecentsImpl: updateFsgWindowVisibilityState origin isEnter=true, typeFrom=typefrom_home
08-06 17:04:20.871  7458  8091 W RecentsImpl: updateFsgWindowVisibilityStateInBgThread, isEnter=true, typeFrom=typefrom_home, isOpen=true, isKeyguardLocked=false, mIsInAnotherPro=false, isStatusBarExpansion=false
08-06 17:04:20.871  7458  8149 W GestureStubView_Left: adaptRotation   currentRotation=0   mRotation=0
08-06 17:04:20.872  7458  8149 W GestureStubView_Right: adaptRotation   currentRotation=0   mRotation=0
08-06 17:04:20.893  3086  3086 I adbd    : in ShellService: input keyevent BACK
08-06 17:04:20.913  2474  4311 I MiSensorServiceImpl: user found in check list, getPackageName  android.view.OrientationEventListener
08-06 17:04:20.934  2474  8331 W MIUIInput: Input event injection from package: null action ACTION_DOWN keycode 4
08-06 17:04:20.934  2474  8331 W MiuiInputKeyEventLog: keyCode:4 down:true eventTime:8510071 downTime:8510071 policyFlags:2b000000 flags:0 metaState:0 deviceId:-1 isScreenOn:true keyguardActive:false repeatCount:0
08-06 17:04:20.935  2474  2680 W ActivityManagerServiceImpl: Sending non-protected broadcast miui.intent.KEYCODE_BACK from system 2474:system/1000 pkg android. Callers=com.android.server.am.ActivityManagerService.checkBroadcastFromSystem:16255 com.android.server.am.ActivityManagerService.broadcastIntentLockedTraced:17126 com.android.server.am.ActivityManagerService.broadcastIntentLocked:16315 com.android.server.am.ActivityManagerService.broadcastIntentWithFeature:17337 android.app.ContextImpl.sendBroadcastAsUser:1495 
08-06 17:04:20.935  2474  4371 I MIUIInput: [KeyEvent] publisher action:0x0,  keyCode:4 , deviceId=-1, 8510071,channel '79e08af com.miui.home/com.miui.home.launcher.Launcher (server)' 
08-06 17:04:20.936  7458  7458 I MIUIInput: [KeyEvent] ViewRootImpl windowName 'com.miui.home/com.miui.home.launcher.Launcher', KeyEvent { action=ACTION_DOWN, keyCode=KEYCODE_BACK, scanCode=0, metaState=0, flags=0x0, repeatCount=0, eventTime=8510071000000, downTime=8510071000000, deviceId=-1, source=0x0, displayId=-1 }, phoneEventTime=17:04:20.933
08-06 17:04:20.950  2474  8331 W MIUIInput: Input event injection from package: null action ACTION_UP keycode 4
08-06 17:04:20.951  2474  8331 W MiuiInputKeyEventLog: keyCode:4 down:false eventTime:8510087 downTime:8510071 policyFlags:2b000000 flags:0 metaState:0 deviceId:-1 isScreenOn:true keyguardActive:false repeatCount:0
08-06 17:04:20.952  2474  2680 W ActivityManagerServiceImpl: Sending non-protected broadcast miui.intent.KEYCODE_BACK from system 2474:system/1000 pkg android. Callers=com.android.server.am.ActivityManagerService.checkBroadcastFromSystem:16255 com.android.server.am.ActivityManagerService.broadcastIntentLockedTraced:17126 com.android.server.am.ActivityManagerService.broadcastIntentLocked:16315 com.android.server.am.ActivityManagerService.broadcastIntentWithFeature:17337 android.app.ContextImpl.sendBroadcastAsUser:1495 
08-06 17:04:20.954  2474  4371 I MIUIInput: [KeyEvent] publisher action:0x1,  keyCode:4 , deviceId=-1, 8510087,channel '79e08af com.miui.home/com.miui.home.launcher.Launcher (server)' 
08-06 17:04:20.954  7458  7458 I MIUIInput: [KeyEvent] ViewRootImpl windowName 'com.miui.home/com.miui.home.launcher.Launcher', KeyEvent { action=ACTION_UP, keyCode=KEYCODE_BACK, scanCode=0, metaState=0, flags=0x0, repeatCount=0, eventTime=8510087000000, downTime=8510071000000, deviceId=-1, source=0x0, displayId=-1 }, phoneEventTime=17:04:20.949
08-06 17:04:20.972  2474  4311 I MiSensorServiceImpl: user found in check list, getPackageName  android.view.OrientationEventListener
08-06 17:04:20.973  7458  7458 W MIUIInput: Back key is intercepted by the app
08-06 17:04:20.973  2474  2641 I SensorService: 	>>> actuating h/w activate handle=0x100000b enabled=0
08-06 17:04:20.974  1775  1775 I sensors-hal: activate:108, android.sensor.accelerometer/11 en=0
08-06 17:04:20.974  1775  1775 I sensors-hal: send_sync_sensor_request:531, send sync request
08-06 17:04:20.974  1775  1775 I sensors-hal: send_sync_sensor_request:541, send_sync_sensor_request before send_request for accel with SUID low=11115320498015681092 high=2286538866409242278
08-06 17:04:20.974  1775  1775 I sensors-hal: send_sync_sensor_request:560, wait for notification of response
08-06 17:04:20.975  1775 27428 I sensors-hal: qsh_conn_resp_cb:886, resp_value = 0 for accel 
08-06 17:04:20.975  1775  1775 I sensors-hal: send_sync_sensor_request:566, takes 1 ms to receive the response with 0
08-06 17:04:20.976  1775  1775 I sensors-hal: ~qsh_qmi:62, ~qsh_qmi
08-06 17:04:20.976  1775  1775 I sensors-hal: activate:119, android.sensor.accelerometer/11 en=0 completed
08-06 17:04:20.977  7458  8091 E Launcher: mFsGestureStatusRefreshRunnable:run usingFsGesture=true   show=true   focus=true   pause=false
08-06 17:04:20.977  1739  1812 I minksocket: MinkIPC MESSAGE: ( 1739:1812 ) MinkIPC_QRTR_Service:351 minkipc = 0xb4000076c18ba7f0 sock = 19, client with node 1 port 5653 went down
08-06 17:04:20.977  1739  1832 I minksocket: MinkIPC MESSAGE: ( 1739:1832 ) MinkIPC_QRTR_Service:351 minkipc = 0xb4000076c18baed0 sock = 35, client with node 1 port 5653 went down
08-06 17:04:20.979  2474  2817 I SensorAccount: App unregister sensor noWakeupSensor_10138_0x100000b
08-06 17:04:20.984  7458  7458 W RecentsImpl: updateFsgWindowVisibilityState origin isEnter=false, typeFrom=typefrom_home
08-06 17:04:20.984  7458  8091 W RecentsImpl: updateFsgWindowVisibilityStateInBgThread, isEnter=false, typeFrom=typefrom_home, isOpen=true, isKeyguardLocked=false, mIsInAnotherPro=false, isStatusBarExpansion=false
08-06 17:04:20.984  7458  8091 W RecentsImpl: getTopActivity from observer.   cn=ComponentInfo{com.miui.home/com.miui.home.launcher.Launcher}
08-06 17:04:21.036  1843  3496 I vendor.qti.hardware.display.composer-service: Sensor: notify citsensorservice to trigger cwb, misForced = 0
08-06 17:04:21.036  3050  4554 I libsensor-parseRGB: request dump start for mRequestDisplayId 0
08-06 17:04:21.046  3086  3086 I adbd    : in ShellService: pm list packages -f
08-06 17:04:21.059  3050  3078 E libsensor-parseRGB: CWB NotifyCWBBufferDone  error 0
08-06 17:04:21.099  3086  3086 I adbd    : in ShellService: ps
08-06 17:04:21.126  9497  9497 I abb     : StartCommandInProcess(73657474696e67730067657400676c6f settings.get.glo [truncated])
08-06 17:04:21.129 13430 13430 I PackageInstallReceiver: action = android.intent.action.PACKAGE_CHANGED packageName = com.miui.cleanmaster
08-06 17:04:21.129 13430 13430 W InstalledPackagesMemoryCache: Unknown action: android.intent.action.PACKAGE_CHANGED
08-06 17:04:21.129 13430 13430 I ServiceDeliveryCapability: onAppChanged:com.miui.cleanmaster action:android.intent.action.PACKAGE_CHANGED
08-06 17:04:21.129 13430 13430 I AppWidgetDelegate: updateAppWidgets for com.miui.cleanmaster
08-06 17:04:21.129 13430 13430 I WidgetController: WidgetController.updateOrRemoveStackWhenPackageChanged: packageName com.miui.cleanmaster
08-06 17:04:21.129 13430 13430 I WidgetBackgroundBlurManager: onAppChanged appPackageName : com.miui.cleanmaster
08-06 17:04:21.129  3086  3086 I adbd    : in ShellService: pm list packages -f
08-06 17:04:21.130 13430 14156 I AppWidgetDelegate: removeAllWidgets com.android.calendar.widget.NearEventAppWidget
08-06 17:04:21.131 13430 14156 I AppWidgetDelegate: removeAllWidgets com.xiaomi.misettings.usagestats.widget.desktop.widget.SimpleUsageStatsWidget
08-06 17:04:21.136  2474  2474 W binder:2474_F: type=1400 audit(0.0:14884): avc:  denied  { getopt } for  scontext=u:r:system_server:s0 tcontext=u:r:shell:s0 tclass=unix_stream_socket permissive=0
08-06 17:04:21.136  2474  2474 W binder:2474_F: type=1400 audit(0.0:14885): avc:  denied  { getopt } for  scontext=u:r:system_server:s0 tcontext=u:r:shell:s0 tclass=unix_stream_socket permissive=0
08-06 17:04:21.136  2474  2474 W binder:2474_F: type=1400 audit(0.0:14886): avc:  denied  { getopt } for  scontext=u:r:system_server:s0 tcontext=u:r:shell:s0 tclass=unix_stream_socket permissive=0
08-06 17:04:21.147  9497  9497 I abb     : StartCommandInProcess(7061636b61676500696e7374616c6c00 package.install. [truncated])
08-06 17:04:21.151  2474  8331 I InstallationTiming: beginInstall_sessionId: 424418856
08-06 17:04:21.161  2474  7611 I SensorAccount: ExecutionCapabilityChanged  pkgName:com.miui.home  canAfford:true mCurrentForegroundUid:10138
08-06 17:04:21.244  1843  3496 I vendor.qti.hardware.display.composer-service: Sensor: notify citsensorservice to trigger cwb, misForced = 0
08-06 17:04:21.245  3050  4554 I libsensor-parseRGB: request dump start for mRequestDisplayId 0
08-06 17:04:21.250  1850  9931 E ANDR-PERF-LM: SAGT_ACTION: updateAutoPenatly() 161: recovery auto penatly gamefps 25.000000, measured fps is 26.000000, gap is -1.000000 
08-06 17:04:21.263  7890  7890 I ViewRootImpl: Toast use first frame acceleration
08-06 17:04:21.268  3050  4604 E libsensor-parseRGB: CWB NotifyCWBBufferDone  error 0
08-06 17:04:21.271  7890  7890 I Choreographer: first vsync insert message into MessageQueue Head
08-06 17:04:21.274  2474  8251 I NetworkAccelerateSwitchService: EVENT_RSSI_POLL. mRssiPoll=true
08-06 17:04:21.275  2474  8251 I NetworkAccelerateSwitchService: getAverageWifiRssi:63
08-06 17:04:21.276  7890  7890 W libc    : Access denied finding property "vendor.gpp.create_frc_extension"
08-06 17:04:21.281  7890  8266 W qdgralloc: getInterlacedFlag: getMetaData returned 3, defaulting to interlaced_flag = 0
08-06 17:04:21.288  7890  8266 W qdgralloc: getInterlacedFlag: getMetaData returned 3, defaulting to interlaced_flag = 0
08-06 17:04:21.289  2474  2655 I PowerManagerServiceImpl: Acquire wakelock: SCREEN_BRIGHT_WAKE_LOCK           'WindowManager/displayId:0' ON_AFTER_RELEASE (uid=1000 pid=2474 pkg=android ws=WorkSource{1000 com.android.systemui})
08-06 17:04:21.294  2474  2655 I WindowManager: wms.showSurfaceRobustly mWin:Window{8b7778 u0 Toast}
08-06 17:04:21.296  7890  8266 W qdgralloc: getInterlacedFlag: getMetaData returned 3, defaulting to interlaced_flag = 0
08-06 17:04:21.303  1843  1843 I MiClstc : StageLayers No adding layer_name[FramebufferSurface], layer_id 1
08-06 17:04:21.303  1843  1843 I MiClstc : DropLayers erase layer 482
08-06 17:04:21.303  1843  1843 I MiClstc : DropLayers erase layer 488
08-06 17:04:21.303  1843  1843 I MiClstc : RetrieveConfig Unknown layer 1, skip
08-06 17:04:21.305  2036  2036 I MI-SF   : surfaceflinger setAffinity mode=1
08-06 17:04:21.305  7890  8266 W qdgralloc: getInterlacedFlag: getMetaData returned 3, defaulting to interlaced_flag = 0
08-06 17:04:21.305  2036  2036 E MI-SF   : surfaceflinger setAffinity success
08-06 17:04:21.305  2036  2036 I MI-SF   : surfaceflinger setreAffinity reTid=2252
08-06 17:04:21.305  2036  2036 E MI-SF   : surfaceflinger setAffinity success
08-06 17:04:21.452  1843  3496 I vendor.qti.hardware.display.composer-service: Sensor: notify citsensorservice to trigger cwb, misForced = 0
08-06 17:04:21.452  3050  4554 I libsensor-parseRGB: request dump start for mRequestDisplayId 0
08-06 17:04:21.483  3050  3078 E libsensor-parseRGB: CWB NotifyCWBBufferDone  error 0
08-06 17:04:21.652  1850  9931 E ANDR-PERF-LM: SAGT_ACTION: UpdateFPSData() 138: update /sys/kernel/sched_penalty/parameters/fps to 90, ret is 0
08-06 17:04:21.659  1843  3496 I vendor.qti.hardware.display.composer-service: Sensor: notify citsensorservice to trigger cwb, misForced = 0
08-06 17:04:21.659  3050  4554 I libsensor-parseRGB: request dump start for mRequestDisplayId 0
08-06 17:04:21.691  3050  4604 E libsensor-parseRGB: CWB NotifyCWBBufferDone  error 0
08-06 17:04:21.756  1843  2051 I SDM     : DisplayBase::CommitThread: Received idle timeout, panel: cmd, timeout: 70000 us
08-06 17:04:21.791  1843  2428 I SDM     : HWCDisplay::SetActiveConfigWithConstraints: display:66-0, config: 1, WxH 1200x2670, fps 120
08-06 17:04:21.792  1843  2428 W SDM     : HWDeviceDRM::GetSupportedBitClkRate: Requested rate not supported: 1150000000
08-06 17:04:21.792  1843  2428 I SDM     : HWDeviceDRM::UpdateMixerAttributes: Mixer WxH 1200x2670-1 for Peripheral
08-06 17:04:21.792  1843  2428 I SDM     : HWCDisplay::SubmitDisplayConfig: Active configuration changed from config 3 to 1
08-06 17:04:21.792  1843  2428 I SDM     : HWCDisplay::SubmitDisplayConfig: Active WxH 1200x2670 ,ddic_mode:idle, timing_fps: 120, sf_fps: 120
08-06 17:04:21.880  1843  2051 I SDM     : DisplayBase::CommitThread: Received idle timeout, panel: cmd, timeout: 69999 us
08-06 17:04:21.892  2474  7378 E HyperSentinel: -------------------------------------------------------
08-06 17:04:21.892  2474  7378 E HyperSentinel: Event_OpenFileFDSize
08-06 17:04:21.892  2474  7378 E HyperSentinel: -> audit event by proc 2474 "system_server": Fd increasement, peak, 1244 -> 1298
08-06 17:04:21.950  1843  3496 I vendor.qti.hardware.display.composer-service: Sensor: notify citsensorservice to trigger cwb, misForced = 1
08-06 17:04:21.951  3050  4554 I libsensor-parseRGB: request dump start for mRequestDisplayId 0
08-06 17:04:21.973  3050 25119 E libsensor-parseRGB: CWB NotifyCWBBufferDone  error 0
08-06 17:04:22.032  1843  2051 I SDM     : DisplayBase::CommitThread: Received idle timeout, panel: cmd, timeout: 69999 us
08-06 17:04:22.055  1850  9931 E ANDR-PERF-LM: SAGT_ACTION: UpdateFPSData() 138: update /sys/kernel/sched_penalty/parameters/fps to 120, ret is 0
08-06 17:04:22.112  2474  7382 I SmartPower: com.miui.cleanmaster/10266(17558): background->idle(3000ms) R(service create com.miui.cleanmaster/com.miui.optimizecenter.service.CleanMasterService) adj=905.
08-06 17:04:22.132  2474  7382 I SmartPower: com.android.packageinstaller/10097(18840): background->idle(3000ms) R(broadcast start Intent { act=android.intent.action.PACKAGE_ADDED dat=package: flg=0x5000010 pkg=com.android.packageinstaller (has extras) }) adj=905.
08-06 17:04:22.228  3086  3086 I adbd    : in ShellService: ps
08-06 17:04:22.296  2474  7382 I SmartPower: com.miui.systemAdSolution/10168(17757): background->idle(3002ms) R(broadcast start Intent { act=android.intent.action.PACKAGE_ADDED dat=package: flg=0x4000010 (has extras) }) adj=100.
08-06 17:04:22.301  2474  7382 I SmartPower: com.android.browser/10134(9561): background->idle(3005ms) R(broadcast start Intent { act=miui.intent.action.PACKAGE_FIRST_LAUNCH flg=0x1000010 (has extras) }) adj=905.
08-06 17:04:22.458  1850  9931 E ANDR-PERF-LM: SAGT_ACTION: UpdateFPSData() 138: update /sys/kernel/sched_penalty/parameters/fps to 120, ret is 0
08-06 17:04:22.590  2474  7382 I SmartPower: com.android.vending/10124(16543): background->idle(3003ms) R(broadcast start Intent { act=android.intent.action.PACKAGE_ADDED dat=package: flg=0x4000010 (has extras) }) adj=900.
08-06 17:04:22.590  2474  7382 I SmartPower: com.android.vending:background/10124(17245): background->idle(3002ms) R(broadcast start Intent { act=android.intent.action.PACKAGE_ADDED dat=package: flg=0x4000010 (has extras) }) adj=905.
08-06 17:04:22.603  2474  7382 I SmartPower: com.mfashiongallery.emag/10262(13472): background->idle(3003ms) R(broadcast start Intent { act=android.intent.action.PACKAGE_ADDED dat=package: flg=0x4000010 (has extras) }) adj=915.
08-06 17:04:22.605  2474  7382 I SmartPower: com.miui.voiceassist:core/10193(12995): background->idle(3000ms) R(broadcast start Intent { act=android.intent.action.PACKAGE_ADDED dat=package: flg=0x4000010 (has extras) }) adj=100.
08-06 17:04:22.606  2474  7382 I SmartPower: android.process.mediaUI/10261(15474): background->idle(3000ms) R(broadcast start Intent { act=android.intent.action.PACKAGE_ADDED dat=package: flg=0x4000010 (has extras) }) adj=905.
08-06 17:04:22.606  2474  7382 I SmartPower: android.process.acore/10083(15552): background->idle(3001ms) R(broadcast start Intent { act=android.intent.action.PACKAGE_ADDED dat=package: flg=0x4000010 (has extras) }) adj=800.
08-06 17:04:22.608  2474  7382 I SmartPower: com.xiaomi.aicr:actionprovider/10127(15738): background->idle(3000ms) R(broadcast start Intent { act=android.intent.action.PACKAGE_ADDED dat=package: flg=0x4000010 (has extras) }) adj=915.
08-06 17:04:22.610  2474  7382 I SmartPower: com.google.android.documentsui/10100(14965): background->idle(3001ms) R(broadcast start Intent { act=android.intent.action.PACKAGE_ADDED dat=package: flg=0x4000010 (has extras) }) adj=915.
08-06 17:04:22.614  2474  7382 I SmartPower: com.milink.service:audio/10178(18537): background->idle(3006ms) R(broadcast start Intent { act=android.intent.action.PACKAGE_ADDED dat=package: flg=0x4000010 (has extras) }) adj=100.
08-06 17:04:22.614  2474  7382 I SmartPower: com.milink.crossdeviceservice/10178(19278): background->idle(3002ms) R(broadcast start Intent { act=android.intent.action.PACKAGE_ADDED dat=package: flg=0x4000010 (has extras) }) adj=915.
08-06 17:04:22.614  2474  7382 I SmartPower: com.miui.newhome/10296(22853): background->idle(3000ms) R(broadcast start Intent { act=android.intent.action.PACKAGE_ADDED dat=package: flg=0x4000010 (has extras) }) adj=905.
08-06 17:04:22.614  2474  7382 I SmartPower: com.miui.gallery/10271(27825): background->idle(3000ms) R(broadcast start Intent { act=android.intent.action.PACKAGE_ADDED dat=package: flg=0x4000010 (has extras) }) adj=905.
08-06 17:04:22.616  2474  7382 I SmartPower: com.microsoft.emmx/10311(13465): background->idle(3001ms) R(broadcast start Intent { act=android.intent.action.PACKAGE_ADDED dat=package: flg=0x4000010 (has extras) }) adj=935.
08-06 17:04:22.616  2474  7382 I SmartPower: com.xiaomi.market:widgetProvider/10167(9799): background->idle(3000ms) R(broadcast start Intent { act=com.xiaomi.market.APP_STATUS_CHANGED flg=0x30 cmp=com.xiaomi.market/.business_ui.widget.NewGameWidgetProvider (has extras) }) adj=905.
08-06 17:04:22.616  2474  7382 I SmartPower: com.xiaomi.market/10167(6011): background->idle(3016ms) R(broadcast start Intent { act=com.xiaomi.market.APP_STATUS_CHANGED flg=0x30 cmp=com.xiaomi.market/.business_ui.widget.NewGameWidgetProvider (has extras) }) adj=905.
08-06 17:04:22.619  2474  7382 I SmartPower: com.xiaomi.account/10169(14007): background->idle(3001ms) R(service create com.xiaomi.account/.tzservice.SecurityDeviceSignService) adj=915.
08-06 17:04:22.726  2474  7257 I MiuiNetworkPolicy: bandwidth: 25 KB/s, Max bandwidth: 11266 KB/s
08-06 17:04:22.860  1850  9931 E ANDR-PERF-LM: SAGT_ACTION: UpdateFPSData() 138: update /sys/kernel/sched_penalty/parameters/fps to 120, ret is 0
08-06 17:04:23.098  2474  7382 I SmartPower: com.miui.phrase/10162(24218): background->idle(3001ms) R(content provider start ContentProviderRecord{af5fdc5 u0 com.miui.phrase/com.miui.provider.InputProvider}) adj=905.
08-06 17:04:23.144  2474  8186 I NetworkBoostStatusManager: handle: 102
08-06 17:04:23.145  2474  8186 I NetworkBoostStatusManager: interfaceOnCapabilitiesChanged interface name:wlan0
08-06 17:04:23.149  7856  7900 E PhoneAdapter: get ntnphones failed, exception: java.lang.IllegalStateException: Default phones haven't been made yet!
08-06 17:04:23.152 15038 15038 I NetBusNetworkMonitor: onCapabilitiesChanged isPrimary = true
08-06 17:04:23.155  2474  7258 E WifiScoreReportInjector: current network is in roaming environment
08-06 17:04:23.156 15038 15038 I NetBusNetworkMonitor: gateway=192.*.*.1
08-06 17:04:23.160 15038 15038 I NetBusNetworkMonitor: addConnectNetworkInterface mediumType:256, detail:NetworkDetailInfo{mIsConnected=false, mIsSupportTdls=true, mNetworkType=0, mIpAddress=192.*.*.11, mIfName=wlan0, mGateway=192.*.*.1, mNetmask=255.*.*.0, mSsid=C**01}
08-06 17:04:23.160 15038 15038 I NetBusNetworkMonitor: onCapabilitiesChanged handle=445787328525, mediumType=256, ifName=wlan0
08-06 17:04:23.175  1843  3496 I vendor.qti.hardware.display.composer-service: Sensor: notify citsensorservice to trigger cwb, misForced = 0
08-06 17:04:23.175  3050  4554 I libsensor-parseRGB: request dump start for mRequestDisplayId 0
08-06 17:04:23.183 27189 27212 W mit.droidbotapp: Cleared Reference was only reachable from finalizer (only reported once)
08-06 17:04:23.192 27189 27212 I mit.droidbotapp: This is non sticky GC, maxfree is 16777216 minfree is 8388608
08-06 17:04:23.197  2474  7378 E HyperSentinel: -------------------------------------------------------
08-06 17:04:23.197  2474  7378 E HyperSentinel: Event_OpenFileFDSize
08-06 17:04:23.197  2474  7378 E HyperSentinel: -> audit event by proc 7890 "com.android.systemui": Fd increasement, peak, 839 -> 743
08-06 17:04:23.197  2474  7378 E HyperSentinel: -------------------------------------------------------
08-06 17:04:23.198  2474  7378 E HyperSentinel: Event_OpenFileFDSize
08-06 17:04:23.198  2474  7378 E HyperSentinel: -> audit event by proc 2036 "/system/bin/surfaceflinger": Fd increasement, peak, 719 -> 770
08-06 17:04:23.198  2474  7378 E HyperSentinel: -------------------------------------------------------
08-06 17:04:23.198  2474  7378 E HyperSentinel: Event_ThreadAmount
08-06 17:04:23.198  2474  7378 E HyperSentinel: -> audit event by proc 27189 "io.github.ylimit.droidbotapp": running threads amount, 0 -> 26
08-06 17:04:23.206  3050  3078 E libsensor-parseRGB: CWB NotifyCWBBufferDone  error 0
08-06 17:04:23.262  1843  2051 I SDM     : DisplayBase::CommitThread: Received idle timeout, panel: cmd, timeout: 70000 us
08-06 17:04:23.269  3086  3086 I adbd    : in ShellService: pm list packages -f
08-06 17:04:23.398  3086  3086 I adbd    : in ShellService: ps
08-06 17:04:23.596  2036  2036 E DisplayModeController: setDesiredMode : Idle status skip setActiveMode, isDdicIdleMode: 1
08-06 17:04:23.599  1843  2428 I SDM     : HWCDisplay::SetActiveConfigWithConstraints: display:66-0, config: 3, WxH 1200x2670, fps 120
08-06 17:04:23.600  1843  2428 W SDM     : HWDeviceDRM::GetSupportedBitClkRate: Requested rate not supported: 1150000000
08-06 17:04:23.600  1843  2428 I SDM     : HWDeviceDRM::UpdateMixerAttributes: Mixer WxH 1200x2670-1 for Peripheral
08-06 17:04:23.600  1843  2428 I SDM     : HWCDisplay::SubmitDisplayConfig: Active configuration changed from config 1 to 3
08-06 17:04:23.600  1843  2428 I SDM     : HWCDisplay::SubmitDisplayConfig: Active WxH 1200x2670 ,ddic_mode:auto, timing_fps: 120, sf_fps: 120
08-06 17:04:23.601  1843  3496 I vendor.qti.hardware.display.composer-service: Sensor: notify citsensorservice to trigger cwb, misForced = 0
08-06 17:04:23.605  3050  4554 I libsensor-parseRGB: request dump start for mRequestDisplayId 0
08-06 17:04:23.618  2474  7257 I MiuiNetworkPolicy: updateUidState uid = 10278, uidState = 19
08-06 17:04:23.631  3050  3078 E libsensor-parseRGB: CWB NotifyCWBBufferDone  error 0
08-06 17:04:23.641  2474  2745 W BroadcastQueue: Greezer Denial: sending Intent { act=android.net.wifi.RSSI_CHANGED flg=0x4000010 (has extras) }, action: android.net.wifi.RSSI_CHANGED from android (uid=1000) due to receiver ProcessRecord{3dac57f 16379:com.kuaishou.nebula/u0a329} (uid 10329) need cached broadcast
08-06 17:04:23.664  1850  9931 E ANDR-PERF-LM: SAGT_ACTION: UpdateFPSData() 138: update /sys/kernel/sched_penalty/parameters/fps to 120, ret is 0
08-06 17:04:23.807  1843  3496 I vendor.qti.hardware.display.composer-service: Sensor: notify citsensorservice to trigger cwb, misForced = 0
08-06 17:04:23.809  3050  4554 I libsensor-parseRGB: request dump start for mRequestDisplayId 0
08-06 17:04:23.831  3050 25119 E libsensor-parseRGB: CWB NotifyCWBBufferDone  error 0
08-06 17:04:23.844  2036  2240 I BpBinder: onLastStrongRef automatically unlinking death recipients: 
08-06 17:04:23.846  2474  2641 W InputManager-JNI: Input channel object '8b7778 Toast (client)' was disposed without first being removed with the input manager!
08-06 17:04:23.850  2474  2641 I PowerManagerServiceImpl: Release wakelock: SCREEN_BRIGHT_WAKE_LOCK           'WindowManager/displayId:0' ON_AFTER_RELEASE DISABLED ACQ=-2s561ms (uid=1000 pid=2474 pkg=android ws=WorkSource{1000 com.android.systemui})
08-06 17:04:23.854  2474  2641 W NotificationService: Toast already killed. pkg=com.miui.home token=android.os.BinderProxy@3c7aac0
08-06 17:04:23.867  1843  2428 I MiClstc : simplifyLayerName Unknown layer 1, skip
08-06 17:04:23.867  1843  2428 I MiClstc : DropLayers erase layer 1
08-06 17:04:23.869  2036  2036 I MI-SF   : surfaceflinger setAffinity mode=0
08-06 17:04:23.869  2036  2036 E MI-SF   : surfaceflinger setAffinity success
08-06 17:04:23.945  1843  2051 I SDM     : DisplayBase::CommitThread: Received idle timeout, panel: cmd, timeout: 70000 us
08-06 17:04:23.981  1843  2428 I SDM     : HWCDisplay::SetActiveConfigWithConstraints: display:66-0, config: 1, WxH 1200x2670, fps 120
08-06 17:04:23.981  1843  2428 W SDM     : HWDeviceDRM::GetSupportedBitClkRate: Requested rate not supported: 1150000000
08-06 17:04:23.981  1843  2428 I SDM     : HWDeviceDRM::UpdateMixerAttributes: Mixer WxH 1200x2670-1 for Peripheral
08-06 17:04:23.982  1843  2428 I SDM     : HWCDisplay::SubmitDisplayConfig: Active configuration changed from config 3 to 1
08-06 17:04:23.982  1843  2428 I SDM     : HWCDisplay::SubmitDisplayConfig: Active WxH 1200x2670 ,ddic_mode:idle, timing_fps: 120, sf_fps: 120
08-06 17:04:24.061  1843  2051 I SDM     : DisplayBase::CommitThread: Received idle timeout, panel: cmd, timeout: 70000 us
08-06 17:04:24.067  1850  9931 E ANDR-PERF-LM: SAGT_ACTION: UpdateFPSData() 138: update /sys/kernel/sched_penalty/parameters/fps to 120, ret is 0
08-06 17:04:24.140  1843  3496 I vendor.qti.hardware.display.composer-service: Sensor: notify citsensorservice to trigger cwb, misForced = 1
08-06 17:04:24.140  3050  4554 I libsensor-parseRGB: request dump start for mRequestDisplayId 0
08-06 17:04:24.162  3050  3078 E libsensor-parseRGB: CWB NotifyCWBBufferDone  error 0
08-06 17:04:24.221  1843  2051 I SDM     : DisplayBase::CommitThread: Received idle timeout, panel: cmd, timeout: 70000 us
08-06 17:04:24.278  2474  8251 I NetworkAccelerateSwitchService: EVENT_RSSI_POLL. mRssiPoll=true
08-06 17:04:24.279  2474  8251 I NetworkAccelerateSwitchService: getAverageWifiRssi:63
08-06 17:04:24.469  1850  9931 E ANDR-PERF-LM: SAGT_ACTION: UpdateFPSData() 138: update /sys/kernel/sched_penalty/parameters/fps to 35, ret is 0
08-06 17:04:24.470  1850  9931 E ANDR-PERF-LM: SAGT_ACTION: updateAutoPenatly() 161: recovery auto penatly gamefps 35.000000, measured fps is 33.500000, gap is 1.500000 
08-06 17:04:24.581  3086  3086 I adbd    : in ShellService: ps
