05-31 12:04:27.950  1475  5107 W MediaProvider: isAppCloneUserPair for user 0: false
05-31 12:04:27.953  2404  4779 W Role    : Cannot get ApplicationInfo for default holder: com.google.android.as
05-31 12:04:27.953  2404  4779 W Role    : Cannot get ApplicationInfo for default holder: com.google.android.as
05-31 12:04:27.957   614   663 W system_server: Failed to determine oat file name for dex location /data/app/~~L5WljPeI8iF6kBebEk2vCA==/com.yahoo.mobile.client.android.mail-Xm9HEmV3G2JxXUZliN1vuw==/base.apk: Dalvik cache directory does not exist
05-31 12:04:27.959  1312  2173 I UriTaskContentObserver: (REDACTED) Throttling content uri change event for %s
05-31 12:04:27.959  1312  2173 I UriTaskContentObserver: (REDACTED) Throttling content uri change event for %s
05-31 12:04:27.960   614   663 I ActivityTaskManager: Displayed com.yahoo.mobile.client.android.mail/com.yahoo.mail.ui.activities.LoginAccountActivity: +1s699ms
05-31 12:04:27.977  1475  1745 I MediaProvider: Deleted 0 1 0 0 0 0 0 items on external_primary due to com.android.shell
05-31 12:04:28.097  2404  4779 W Role    : Cannot get ApplicationInfo for default holder: com.google.android.as
05-31 12:04:28.118  1475  5107 W MediaProvider: isAppCloneUserPair for user 0: false
05-31 12:04:28.240  1475  5107 W MediaProvider: isAppCloneUserPair for user 0: false
05-31 12:04:28.245  2404  4779 W Role    : Cannot get ApplicationInfo for default holder: com.google.android.as
05-31 12:04:28.250  2404  4779 W Role    : Cannot get ApplicationInfo for default holder: com.google.android.as
05-31 12:04:28.255  1312  2173 I UriTaskContentObserver: (REDACTED) Throttling content uri change event for %s
05-31 12:04:28.255  1312  2173 I UriTaskContentObserver: (REDACTED) Throttling content uri change event for %s
05-31 12:04:28.259   614  1670 W InputManager-JNI: Input channel object 'be3f3ff Splash Screen com.yahoo.mobile.client.android.mail (client)' was disposed without first being removed with the input manager!
05-31 12:04:28.279  1475  5107 W MediaProvider: isAppCloneUserPair for user 0: false
05-31 12:04:28.283  1312  2173 I UriTaskContentObserver: (REDACTED) Throttling content uri change event for %s
05-31 12:04:28.288  1312  2173 I UriTaskContentObserver: (REDACTED) Throttling content uri change event for %s
05-31 12:04:28.309  1475  5107 W MediaProvider: isAppCloneUserPair for user 0: false
05-31 12:04:28.339  1475  5107 W MediaProvider: isAppCloneUserPair for user 0: false
05-31 12:04:28.342  1312  2173 I UriTaskContentObserver: (REDACTED) Throttling content uri change event for %s
05-31 12:04:28.342  1312  2173 I UriTaskContentObserver: (REDACTED) Throttling content uri change event for %s
05-31 12:04:28.359  5149  5162 W System  : A resource failed to call close. 
05-31 12:04:28.375  1475  5107 W MediaProvider: isAppCloneUserPair for user 0: false
05-31 12:04:28.377  1312  2173 I UriTaskContentObserver: (REDACTED) Throttling content uri change event for %s
05-31 12:04:28.377  1312  2173 I UriTaskContentObserver: (REDACTED) Throttling content uri change event for %s
05-31 12:04:28.403  1475  5107 W MediaProvider: isAppCloneUserPair for user 0: false
05-31 12:04:28.507  5149  5268 W SQLiteLog: (28) double-quoted string literal: "EMPTY_MAILBOX_YID"
05-31 12:04:28.507  5149  5268 W SQLiteLog: (28) double-quoted string literal: "eZiSrLcsfsk:APA91bEOxYjoUPLHcZyM86McDorRsA1-NYvd3s3KfZmRHH_07yaZW1O8UD-hECAE02k5O-JZM3gkAugSP4nKmuchBxAhAnyhROfj1Hz7o81LQpnZ5de3D2Y"
05-31 12:04:28.507  5149  5268 W SQLiteLog: (28) double-quoted string literal: "EMPTY_MAILBOX_YID"
05-31 12:04:28.507  5149  5268 W SQLiteLog: (28) double-quoted string literal: "eZiSrLcsfsk:APA91bEOxYjoUPLHcZyM86McDorRsA1-NYvd3s3KfZmRHH_07yaZW1O8UD-hECAE02k5O-JZM3gkAugSP4nKmuchBxAhAnyhROfj1Hz7o81LQpnZ5de3D2Y%"
05-31 12:04:28.509  5149  5275 W SQLiteLog: (28) double-quoted string literal: "EMPTY_MAILBOX_YID"
05-31 12:04:28.509  5149  5275 W SQLiteLog: (28) double-quoted string literal: "1748693068507"
05-31 12:04:28.577  1475  1748 W MediaProvider: isAppCloneUserPair for user 0: false
05-31 12:04:28.613   176   176 I hwservicemanager: getTransport: Cannot find entry android.hardware.graphics.mapper@4.0::IMapper/default in either framework or device VINTF manifest.
05-31 12:04:28.613  5415  5417 I Gralloc4: mapper 4.x is not supported
05-31 12:04:28.691  5149  5224 I stateside: Machine was transitioned from control state [FETCHING] to [HANDLING_FETCH_RESULT]
05-31 12:04:28.702  5149  5224 E YCONFIG : File not found!
05-31 12:04:28.703  5149  5224 I stateside: Machine was transitioned from control state [HANDLING_FETCH_RESULT] to [DONE]
05-31 12:04:28.742  1475  5109 I MediaProvider: Begin Intent { act=android.intent.action.MEDIA_SCANNER_SCAN_FILE dat=file:///sdcard/screen_2025-05-31_200428.png flg=0x1400010 cmp=com.google.android.providers.media.module/com.android.providers.media.MediaService }
05-31 12:04:28.745  5149  5239 I WM-WorkerWrapper: Worker result SUCCESS for Work [ id=329e3a6e-392b-49af-a386-3b83cb2ba945, tags={ com.oath.mobile.platform.phoenix.core.PrivacyConsentRefreshWorker, privacy_consent_refresh_com.yahoo.mobile.client.android.mail } ]
05-31 12:04:28.756  1475  5109 I MediaProvider: End Intent { act=android.intent.action.MEDIA_SCANNER_SCAN_FILE dat=file:///sdcard/screen_2025-05-31_200428.png flg=0x1400010 cmp=com.google.android.providers.media.module/com.android.providers.media.MediaService }
05-31 12:04:28.840  1475  4300 I MediaProvider: Deleted 0 1 0 0 0 0 0 items on external_primary due to com.android.shell
05-31 12:04:28.841  1312  2173 I UriTaskContentObserver: (REDACTED) Throttling content uri change event for %s
05-31 12:04:29.525  1475  1748 W MediaProvider: isAppCloneUserPair for user 0: false
05-31 12:04:29.551   176   176 I hwservicemanager: getTransport: Cannot find entry android.hardware.graphics.mapper@4.0::IMapper/default in either framework or device VINTF manifest.
05-31 12:04:29.551  5465  5469 I Gralloc4: mapper 4.x is not supported
05-31 12:04:29.580  5149  5281 W SQLiteLog: (28) double-quoted string literal: "EMPTY_MAILBOX_YID"
05-31 12:04:29.581  5149  5281 W SQLiteLog: (28) double-quoted string literal: "1748693069579"
05-31 12:04:29.668  1475  5109 I MediaProvider: Begin Intent { act=android.intent.action.MEDIA_SCANNER_SCAN_FILE dat=file:///sdcard/screen_2025-05-31_200429.png flg=0x1400010 cmp=com.google.android.providers.media.module/com.android.providers.media.MediaService }
05-31 12:04:29.672  1475  5109 I MediaProvider: End Intent { act=android.intent.action.MEDIA_SCANNER_SCAN_FILE dat=file:///sdcard/screen_2025-05-31_200429.png flg=0x1400010 cmp=com.google.android.providers.media.module/com.android.providers.media.MediaService }
05-31 12:04:29.731   614   675 E system_server: No package ID 7f found for ID 0x7f0f0004.
05-31 12:04:29.731   614   675 E system_server: No package ID 7f found for ID 0x7f120301.
05-31 12:04:29.731   614   675 E system_server: No package ID 7f found for ID 0x7f120301.
05-31 12:04:29.731   614   675 E system_server: No package ID 7f found for ID 0x7f0f0008.
05-31 12:04:29.731   614   675 E system_server: No package ID 7f found for ID 0x7f120569.
05-31 12:04:29.731   614   675 E system_server: No package ID 7f found for ID 0x7f120569.
05-31 12:04:29.731   614   675 E system_server: No package ID 7f found for ID 0x7f0f000a.
05-31 12:04:29.731   614   675 E system_server: No package ID 7f found for ID 0x7f12061d.
05-31 12:04:29.731   614   675 E system_server: No package ID 7f found for ID 0x7f12061d.
05-31 12:04:29.731   614   675 E system_server: No package ID 7f found for ID 0x7f0f0006.
05-31 12:04:29.731   614   675 E system_server: No package ID 7f found for ID 0x7f120613.
05-31 12:04:29.731   614   675 E system_server: No package ID 7f found for ID 0x7f120613.
05-31 12:04:29.733   614   755 I RoleService: Granting default roles...
05-31 12:04:29.734   614   768 I InputReader: Reconfiguring input devices, changes=KEYBOARD_LAYOUTS | 
05-31 12:04:29.741   614   614 I Telecom : DefaultDialerCache: Refreshing default dialer for user 0: now com.android.dialer: DDC.oR@AUA
05-31 12:04:29.742  2404  2423 I PermissionControllerServiceImpl: Updating user sensitive for uid 10176
05-31 12:04:29.765  2404  4779 W Role    : Cannot get ApplicationInfo for default holder: com.google.android.contacts
05-31 12:04:29.768  2404  4779 W Role    : Cannot get ApplicationInfo for default holder: com.google.android.as
05-31 12:04:29.794  5669  5481 I ProvidersCache: Provider returned no roots. Possibly naughty: com.google.android.apps.docs.storage
05-31 12:04:29.807  1475  4300 I MediaProvider: Deleted 0 1 0 0 0 0 0 items on external_primary due to com.android.shell
05-31 12:04:29.825  2404  4779 W Role    : Cannot get ApplicationInfo for default holder: com.google.android.as
05-31 12:04:29.826  2404  4779 W Role    : Cannot get ApplicationInfo for default holder: com.google.android.as
05-31 12:04:29.909  2404  4779 W Role    : Cannot get ApplicationInfo for default holder: com.google.android.as
05-31 12:04:29.914   614   635 W System  : A resource failed to call release. 
05-31 12:04:29.973  2404  4779 W Role    : Cannot get ApplicationInfo for default holder: com.google.android.as
05-31 12:04:29.980  2404  4779 W Role    : Cannot get ApplicationInfo for default holder: com.google.android.as
05-31 12:04:31.694  5669  5572 I ProvidersCache: Provider returned no roots. Possibly naughty: com.google.android.apps.docs.storage
05-31 12:04:31.872   175   175 I servicemanager: Notifying apexservice they have clients: 0
05-31 12:04:31.886   175   175 I BpBinder: onLastStrongRef automatically unlinking death recipients: <uncached descriptor>
05-31 12:04:32.121  5669  5578 I ProvidersCache: Provider returned no roots. Possibly naughty: com.google.android.apps.docs.storage
05-31 12:04:32.334  1475  1748 W MediaProvider: isAppCloneUserPair for user 0: false
05-31 12:04:32.363   176   176 I hwservicemanager: getTransport: Cannot find entry android.hardware.graphics.mapper@4.0::IMapper/default in either framework or device VINTF manifest.
05-31 12:04:32.363  5596  5600 I Gralloc4: mapper 4.x is not supported
05-31 12:04:32.478  1475  5109 I MediaProvider: Begin Intent { act=android.intent.action.MEDIA_SCANNER_SCAN_FILE dat=file:///sdcard/screen_2025-05-31_200432.png flg=0x1400010 cmp=com.google.android.providers.media.module/com.android.providers.media.MediaService }
05-31 12:04:32.482  1475  5109 I MediaProvider: End Intent { act=android.intent.action.MEDIA_SCANNER_SCAN_FILE dat=file:///sdcard/screen_2025-05-31_200432.png flg=0x1400010 cmp=com.google.android.providers.media.module/com.android.providers.media.MediaService }
05-31 12:04:32.569  1475  4300 I MediaProvider: Deleted 0 1 0 0 0 0 0 items on external_primary due to com.android.shell
05-31 12:04:32.570  1312  2173 I UriTaskContentObserver: (REDACTED) Throttling content uri change event for %s
05-31 12:04:33.200  1475  1748 W MediaProvider: isAppCloneUserPair for user 0: false
05-31 12:04:33.223   176   176 I hwservicemanager: getTransport: Cannot find entry android.hardware.graphics.mapper@4.0::IMapper/default in either framework or device VINTF manifest.
05-31 12:04:33.223  5645  5647 I Gralloc4: mapper 4.x is not supported
05-31 12:04:33.241   614  1670 W UriGrantsManagerService: No permission grants found for com.google.android.apps.photos
05-31 12:04:33.242   614  1670 W UriGrantsManagerService: No permission grants found for com.google.android.apps.photos
05-31 12:04:33.279   614  1670 W UriGrantsManagerService: No permission grants found for com.google.android.apps.photos
05-31 12:04:33.279   614  1670 W UriGrantsManagerService: No permission grants found for com.google.android.apps.photos
05-31 12:04:33.300   614  1020 W UriGrantsManagerService: No permission grants found for com.google.android.apps.photos
05-31 12:04:33.300   614  3128 W UriGrantsManagerService: No permission grants found for com.google.android.apps.photos
05-31 12:04:33.346  1475  5109 I MediaProvider: Begin Intent { act=android.intent.action.MEDIA_SCANNER_SCAN_FILE dat=file:///sdcard/screen_2025-05-31_200433.png flg=0x1400010 cmp=com.google.android.providers.media.module/com.android.providers.media.MediaService }
05-31 12:04:33.352  1475  5109 I MediaProvider: End Intent { act=android.intent.action.MEDIA_SCANNER_SCAN_FILE dat=file:///sdcard/screen_2025-05-31_200433.png flg=0x1400010 cmp=com.google.android.providers.media.module/com.android.providers.media.MediaService }
05-31 12:04:33.427  1475  4300 I MediaProvider: Deleted 0 1 0 0 0 0 0 items on external_primary due to com.android.shell
05-31 12:04:33.428  1312  2173 I UriTaskContentObserver: (REDACTED) Throttling content uri change event for %s
05-31 12:04:34.066  1475  1748 W MediaProvider: isAppCloneUserPair for user 0: false
05-31 12:04:34.107   176   176 I hwservicemanager: getTransport: Cannot find entry android.hardware.graphics.mapper@4.0::IMapper/default in either framework or device VINTF manifest.
05-31 12:04:34.107  5699  5701 I Gralloc4: mapper 4.x is not supported
05-31 12:04:34.184  5669  5707 I ProvidersCache: Provider returned no roots. Possibly naughty: com.google.android.apps.docs.storage
05-31 12:04:34.237  1475  5109 I MediaProvider: Begin Intent { act=android.intent.action.MEDIA_SCANNER_SCAN_FILE dat=file:///sdcard/screen_2025-05-31_200434.png flg=0x1400010 cmp=com.google.android.providers.media.module/com.android.providers.media.MediaService }
05-31 12:04:34.242  1475  5109 I MediaProvider: End Intent { act=android.intent.action.MEDIA_SCANNER_SCAN_FILE dat=file:///sdcard/screen_2025-05-31_200434.png flg=0x1400010 cmp=com.google.android.providers.media.module/com.android.providers.media.MediaService }
05-31 12:04:34.359  1475  4300 I MediaProvider: Deleted 0 1 0 0 0 0 0 items on external_primary due to com.android.shell
05-31 12:04:35.061  5149  5703 W OnDemandFetchAssetsUtil: asyncFetchAndSaveAsset : assetVersion[25beffbd542b5b9a18fe27f9cbea82cf] - empty or no change
05-31 12:04:35.061  5149  5703 W OnDemandFetchAssetsUtil: asyncFetchAndSaveAsset : assetVersion[b27898b6152f6827c80c5cef6b5b4139] - empty or no change
05-31 12:04:35.063  5669  5789 I ProvidersCache: Provider returned no roots. Possibly naughty: com.google.android.apps.docs.storage
05-31 12:04:35.749   614  3128 I ActivityTaskManager: START u0 {cmp=com.yahoo.mobile.client.android.mail/com.oath.mobile.platform.phoenix.core.AuthActivity (has extras)} from uid 10176
05-31 12:04:35.833   614  1020 W ActivityTaskManager: Tried to set launchTime (0) < mLastActivityLaunchTime (2488361)
05-31 12:04:35.855  5149  5162 W System  : A resource failed to call end. 
05-31 12:04:35.855  5149  5162 W System  : A resource failed to call end. 
05-31 12:04:35.891   614  1020 I ActivityTaskManager: START u0 {cmp=com.yahoo.mobile.client.android.mail/com.oath.mobile.platform.phoenix.core.AuthWebViewActivity (has extras)} from uid 10176
05-31 12:04:35.952  5669  5847 I ProvidersCache: Provider returned no roots. Possibly naughty: com.google.android.apps.docs.storage
05-31 12:04:36.084   614  1670 W ActivityTaskManager: Tried to set launchTime (0) < mLastActivityLaunchTime (2496658)
05-31 12:04:36.227  5149  5323 E chromium: [ERROR:cookie_manager.cc(129)] Strict Secure Cookie policy does not allow setting a secure cookie for http://yahoo.com/ for apps targeting >= R. Please either use the 'https:' scheme for this URL or omit the 'Secure' directive in the cookie value.
05-31 12:04:36.228  5149  5323 E chromium: [ERROR:cookie_manager.cc(129)] Strict Secure Cookie policy does not allow setting a secure cookie for http://yahoo.com/ for apps targeting >= R. Please either use the 'https:' scheme for this URL or omit the 'Secure' directive in the cookie value.
05-31 12:04:36.229  5149  5323 E chromium: [ERROR:cookie_manager.cc(129)] Strict Secure Cookie policy does not allow setting a secure cookie for http://yahoo.com/ for apps targeting >= R. Please either use the 'https:' scheme for this URL or omit the 'Secure' directive in the cookie value.
05-31 12:04:36.240  5149  5317 W cr_media: Requires BLUETOOTH permission
05-31 12:04:36.292  5292  5326 I cr_LibraryLoader: Loaded native library version number "91.0.4472.114"
05-31 12:04:36.292  5292  5326 I cr_CachingUmaRecorder: Flushed 1 samples from 1 histograms.
05-31 12:04:36.308  5292  5326 W SystemServiceRegistry: No service published for: uimode
05-31 12:04:36.447   614   663 I ActivityTaskManager: Displayed com.yahoo.mobile.client.android.mail/com.oath.mobile.platform.phoenix.core.AuthWebViewActivity: +700ms
05-31 12:04:36.878   614   785 W BestClock: java.time.DateTimeException: Missing NTP fix
05-31 12:04:36.913   614   785 W BestClock: java.time.DateTimeException: Missing NTP fix
05-31 12:04:36.923   614   786 W BestClock: java.time.DateTimeException: Missing NTP fix
05-31 12:04:36.929   614   786 W BestClock: java.time.DateTimeException: Missing NTP fix
05-31 12:04:36.931   614   786 W BestClock: java.time.DateTimeException: Missing NTP fix
05-31 12:04:37.045  1475  1748 W MediaProvider: isAppCloneUserPair for user 0: false
05-31 12:04:37.079   357   357 W SurfaceFlinger: FB is protected: PERMISSION_DENIED
05-31 12:04:37.456   190  5290 I keystore2: keystore2::watchdog: Watchdog thread idle -> terminating. Have a great day.
05-31 12:04:37.602   357   357 W SurfaceFlinger: FB is protected: PERMISSION_DENIED
05-31 12:04:38.101  5669  5924 I ProvidersCache: Provider returned no roots. Possibly naughty: com.google.android.apps.docs.storage
05-31 12:04:38.873  5669  5932 I ProvidersCache: Provider returned no roots. Possibly naughty: com.google.android.apps.docs.storage
05-31 12:04:39.841  5669  5940 I ProvidersCache: Provider returned no roots. Possibly naughty: com.google.android.apps.docs.storage
05-31 12:04:41.152  5149  5322 W chromium: [WARNING:spdy_session.cc(3260)] Received RST for invalid stream1
05-31 12:04:42.360  1312  4656 I NetworkScheduler.Stats: (REDACTED) Task %s/%s started execution. cause:%s exec_start_elapsed_seconds: %s
05-31 12:04:42.362  1312  5002 I NetworkScheduler.Stats: (REDACTED) Task %s/%s finished executing. cause:%s result: %s elapsed_millis: %s uptime_millis: %s exec_start_elapsed_seconds: %s
05-31 12:04:42.411  5669  5960 I ProvidersCache: Provider returned no roots. Possibly naughty: com.google.android.apps.docs.storage
05-31 12:04:42.614  5669  5966 I ProvidersCache: Provider returned no roots. Possibly naughty: com.google.android.apps.docs.storage
05-31 12:04:42.869  1475  1745 W MediaProvider: isAppCloneUserPair for user 0: false
05-31 12:04:42.916   357   357 W SurfaceFlinger: FB is protected: PERMISSION_DENIED
05-31 12:04:43.243   357   357 W SurfaceFlinger: FB is protected: PERMISSION_DENIED
05-31 12:04:43.496  5669  6004 I ProvidersCache: Provider returned no roots. Possibly naughty: com.google.android.apps.docs.storage
05-31 12:04:44.409  5669  6012 I ProvidersCache: Provider returned no roots. Possibly naughty: com.google.android.apps.docs.storage
05-31 12:04:44.605 10446 10494 I Finsky  : [56] nlr.run(64): Stats for Executor: BlockingExecutor skj@674d27a[Running, pool size = 1, active threads = 0, queued tasks = 0, completed tasks = 92]
05-31 12:04:44.605 10446 10494 I Finsky  : [56] nlr.run(64): Stats for Executor: LightweightExecutor skj@c3afa2b[Running, pool size = 3, active threads = 0, queued tasks = 0, completed tasks = 551]
05-31 12:04:44.667 10446 10494 I Finsky  : [56] nlr.run(64): Stats for Executor: bgExecutor skj@597ce88[Running, pool size = 4, active threads = 0, queued tasks = 0, completed tasks = 1676]
05-31 12:04:47.133  5669  6024 I ProvidersCache: Provider returned no roots. Possibly naughty: com.google.android.apps.docs.storage
05-31 12:04:47.273  1312  5002 I NetworkScheduler.Stats: (REDACTED) Task %s/%s started execution. cause:%s exec_start_elapsed_seconds: %s
05-31 12:04:47.278  1312  4571 I NetworkScheduler.Stats: (REDACTED) Task %s/%s finished executing. cause:%s result: %s elapsed_millis: %s uptime_millis: %s exec_start_elapsed_seconds: %s
05-31 12:04:48.505  1475  1748 W MediaProvider: isAppCloneUserPair for user 0: false
05-31 12:04:48.548   357   357 W SurfaceFlinger: FB is protected: PERMISSION_DENIED
05-31 12:04:48.790  1475  5089 W MediaProvider: isAppCloneUserPair for user 0: false
05-31 12:04:48.825   357   357 W SurfaceFlinger: FB is protected: PERMISSION_DENIED
05-31 12:04:52.379  1705  6066 I GmscoreIpa: Starting mediastore instant index [CONTEXT service_id=255 ]
05-31 12:04:52.939  5669  6074 I ProvidersCache: Provider returned no roots. Possibly naughty: com.google.android.apps.docs.storage
05-31 12:04:54.062  1475  1745 W MediaProvider: isAppCloneUserPair for user 0: false
05-31 12:04:54.100   357   357 W SurfaceFlinger: FB is protected: PERMISSION_DENIED
05-31 12:04:54.387   357   357 W SurfaceFlinger: FB is protected: PERMISSION_DENIED
05-31 12:04:58.581  5669  6123 I ProvidersCache: Provider returned no roots. Possibly naughty: com.google.android.apps.docs.storage
05-31 12:04:59.678  1475  1748 W MediaProvider: isAppCloneUserPair for user 0: false
05-31 12:04:59.742   357   357 W SurfaceFlinger: FB is protected: PERMISSION_DENIED
05-31 12:05:00.075   357   357 W SurfaceFlinger: FB is protected: PERMISSION_DENIED
05-31 12:05:02.391  1312  4571 I NetworkScheduler.Stats: (REDACTED) Task %s/%s started execution. cause:%s exec_start_elapsed_seconds: %s
05-31 12:05:02.395  1312  6027 I NetworkScheduler.Stats: (REDACTED) Task %s/%s finished executing. cause:%s result: %s elapsed_millis: %s uptime_millis: %s exec_start_elapsed_seconds: %s
05-31 12:05:04.152  5669  6173 I ProvidersCache: Provider returned no roots. Possibly naughty: com.google.android.apps.docs.storage
05-31 12:05:05.402  1475  1745 W MediaProvider: isAppCloneUserPair for user 0: false
05-31 12:05:05.455   357   357 W SurfaceFlinger: FB is protected: PERMISSION_DENIED
05-31 12:05:05.743  1475  4300 W MediaProvider: isAppCloneUserPair for user 0: false
05-31 12:05:05.796   357   357 W SurfaceFlinger: FB is protected: PERMISSION_DENIED
05-31 12:05:09.797  5669  6219 I ProvidersCache: Provider returned no roots. Possibly naughty: com.google.android.apps.docs.storage
05-31 12:05:11.101  1475  1748 W MediaProvider: isAppCloneUserPair for user 0: false
05-31 12:05:11.143   357   357 W SurfaceFlinger: FB is protected: PERMISSION_DENIED
05-31 12:05:11.427   357   357 W SurfaceFlinger: FB is protected: PERMISSION_DENIED
05-31 12:05:15.461  5669  6265 I ProvidersCache: Provider returned no roots. Possibly naughty: com.google.android.apps.docs.storage
05-31 12:05:16.727  1475  1745 W MediaProvider: isAppCloneUserPair for user 0: false
05-31 12:05:16.767   357   357 W SurfaceFlinger: FB is protected: PERMISSION_DENIED
05-31 12:05:17.079   357   357 W SurfaceFlinger: FB is protected: PERMISSION_DENIED
05-31 12:05:21.164  5669  6311 I ProvidersCache: Provider returned no roots. Possibly naughty: com.google.android.apps.docs.storage
05-31 12:05:22.362  1475  1748 W MediaProvider: isAppCloneUserPair for user 0: false
05-31 12:05:22.368  1312  6027 I NetworkScheduler.Stats: (REDACTED) Task %s/%s started execution. cause:%s exec_start_elapsed_seconds: %s
05-31 12:05:22.374  1312  4571 I NetworkScheduler.Stats: (REDACTED) Task %s/%s finished executing. cause:%s result: %s elapsed_millis: %s uptime_millis: %s exec_start_elapsed_seconds: %s
05-31 12:05:22.416   357   357 W SurfaceFlinger: FB is protected: PERMISSION_DENIED
05-31 12:05:22.686  1475  5089 W MediaProvider: isAppCloneUserPair for user 0: false
05-31 12:05:22.748   357   357 W SurfaceFlinger: FB is protected: PERMISSION_DENIED
05-31 12:05:26.839  5669  6359 I ProvidersCache: Provider returned no roots. Possibly naughty: com.google.android.apps.docs.storage
05-31 12:05:28.069  1475  1745 W MediaProvider: isAppCloneUserPair for user 0: false
05-31 12:05:28.110   357   357 W SurfaceFlinger: FB is protected: PERMISSION_DENIED
05-31 12:05:28.404   357   357 W SurfaceFlinger: FB is protected: PERMISSION_DENIED
05-31 12:05:32.413  1705  6402 I GmscoreIpa: Starting mediastore instant index [CONTEXT service_id=255 ]
05-31 12:05:32.431  5669  6407 I ProvidersCache: Provider returned no roots. Possibly naughty: com.google.android.apps.docs.storage
05-31 12:05:33.710  1475  1748 W MediaProvider: isAppCloneUserPair for user 0: false
05-31 12:05:33.753   357   357 W SurfaceFlinger: FB is protected: PERMISSION_DENIED
05-31 12:05:34.052   357   357 W SurfaceFlinger: FB is protected: PERMISSION_DENIED
05-31 12:05:38.160  5669  6455 I ProvidersCache: Provider returned no roots. Possibly naughty: com.google.android.apps.docs.storage
05-31 12:05:39.352  1475  1745 W MediaProvider: isAppCloneUserPair for user 0: false
05-31 12:05:39.395   357   357 W SurfaceFlinger: FB is protected: PERMISSION_DENIED
05-31 12:05:39.672   357   357 W SurfaceFlinger: FB is protected: PERMISSION_DENIED
05-31 12:05:42.379  1312  4571 I NetworkScheduler.Stats: (REDACTED) Task %s/%s started execution. cause:%s exec_start_elapsed_seconds: %s
05-31 12:05:42.382  1312  6027 I NetworkScheduler.Stats: (REDACTED) Task %s/%s finished executing. cause:%s result: %s elapsed_millis: %s uptime_millis: %s exec_start_elapsed_seconds: %s
05-31 12:05:43.768  5669  6502 I ProvidersCache: Provider returned no roots. Possibly naughty: com.google.android.apps.docs.storage
05-31 12:05:44.979  1475  1748 W MediaProvider: isAppCloneUserPair for user 0: false
05-31 12:05:45.024   357   357 W SurfaceFlinger: FB is protected: PERMISSION_DENIED
05-31 12:05:45.296   357   357 W SurfaceFlinger: FB is protected: PERMISSION_DENIED
