--------- beginning of main
05-31 14:51:14.365  4971  5070 W .apps.wellbein: Accessing hidden field Ljava/util/Collections$SynchronizedCollection;->mutex:Ljava/lang/Object; (max-target-o, reflection, denied)
05-31 14:51:14.366  4971  5070 W .apps.wellbein: Accessing hidden method Ljava/util/Collections$SynchronizedSet;-><init>(Ljava/util/Set;Ljava/lang/Object;)V (max-target-o, reflection, denied)
05-31 14:51:14.366  4971  5070 W .apps.wellbein: Accessing hidden method Ljava/util/Collections$SynchronizedCollection;-><init>(Ljava/util/Collection;Ljava/lang/Object;)V (max-target-o, reflection, denied)
05-31 14:51:14.369   377   377 E adbd    : failed to connect to socket 'tcp:7336': Connection refused
05-31 14:51:14.387  4971  4971 I jsr     : SslGuard completed installation.
--------- beginning of system
05-31 14:51:14.407   590   637 W PackageManager: Failed registering loading progress callback. Package is fully loaded.
05-31 14:51:14.418  1717  1918 I Icing   : Indexing done com.google.android.gms-apps
05-31 14:51:14.423   377   377 E adbd    : failed to connect to socket 'tcp:7336': Connection refused
05-31 14:51:14.478   377   377 E adbd    : failed to connect to socket 'tcp:7336': Connection refused
05-31 14:51:14.511  1323  1323 I GoogleInputMethodService: GoogleInputMethodService.onFinishInput():3420 
05-31 14:51:14.534  2831  2883 I Finsky  : [63] sju.accept(58): SCH: Scheduling phonesky job Id: 12-1, CT: 1748703074169, Constraints: [{ L: 15000, D: 86400000, C: CHARGING_NONE, I: IDLE_NONE, N: NET_ANY, B: BATTERY_ANY }]
05-31 14:51:14.540   377   377 E adbd    : failed to connect to socket 'tcp:7336': Connection refused
05-31 14:51:14.546  2831  2894 I Finsky  : [74] njf.apply(251): SCH: Scheduling 1 system job(s)
05-31 14:51:14.550  2831  2894 I Finsky  : [74] ains.b(244): SCH: Scheduling system job Id: 9412, L: 14620, D: 66274441, C: false, I: false, N: 1
05-31 14:51:14.553   590  1823 W InputManager-JNI: Input channel object '3023cc0 InputMethod (client)' was disposed without first being removed with the input manager!
05-31 14:51:14.560  1608  4998 W Role    : Cannot get ApplicationInfo for default holder: com.google.android.as
05-31 14:51:14.572  1608  4998 W Role    : Cannot get ApplicationInfo for default holder: com.google.android.as
05-31 14:51:14.575  2831  2891 I Finsky  : [71] sju.accept(58): SCH: Scheduling phonesky job Id: 37-11, CT: 1748703074252, Constraints: [{ L: 0, D: 0, C: CHARGING_NONE, I: IDLE_NONE, N: NET_NONE, B: BATTERY_ANY }, { L: 0, D: 0, C: CHARGING_NONE, I: IDLE_NONE, N: NET_NONE, B: BATTERY_ANY }]
05-31 14:51:14.580  2831  2881 I Finsky  : [61] poo.kh(210): [ContentSync] finished, scheduled=true
05-31 14:51:14.585  2831  2883 I Finsky  : [63] njf.apply(251): SCH: Scheduling 1 system job(s)
05-31 14:51:14.585  2831  2883 I Finsky  : [63] njf.apply(412): SCH: Scheduling expedited system job 9411
05-31 14:51:14.586   377   377 E adbd    : failed to connect to socket 'tcp:7336': Connection refused
05-31 14:51:14.618  1323  1323 I NormalModeController: NormalModeController.getKeyboardBodyViewHolderPaddingBottom():109 currentPrimeKeyboardType:SOFT systemPaddingBottom:-1
05-31 14:51:14.626  1323  1323 I AbstractOpenableExtension: AbstractOpenableExtension.maybeDestroyExistingKeyboardGroupManager():514 Destroy existing keyboard group manager in eyj
05-31 14:51:14.627  1323  1323 I AbstractOpenableExtension: AbstractOpenableExtension.maybeDestroyExistingKeyboardGroupManager():514 Destroy existing keyboard group manager in fci
05-31 14:51:14.631  1323  1323 I KeyboardViewController: KeyboardViewController.clearSubViewControllerInternal():411 Clears keyboard sub view controller for keyboardType: null, viewType: HEADER, viewId: 2131428269(#0x7f0b03ad),which has not been set.
05-31 14:51:14.632   377   377 E adbd    : failed to connect to socket 'tcp:7336': Connection refused
05-31 14:51:14.634  1323  1323 I AbstractOpenableExtension: AbstractOpenableExtension.maybeDestroyExistingKeyboardGroupManager():514 Destroy existing keyboard group manager in fau
05-31 14:51:14.654  1323  2196 I JapaneseMozcExtension: JapaneseMozcExtension.onDestroyServiceInternal():81 onDestroyServiceInternal()
05-31 14:51:14.658  1323  1323 I AbstractOpenableExtension: AbstractOpenableExtension$3.onSuccess():527 KeyboardGroupManager destroyed in eyj.
05-31 14:51:14.658  1323  1323 I AbstractOpenableExtension: AbstractOpenableExtension$3.onSuccess():527 KeyboardGroupManager destroyed in fci.
05-31 14:51:14.667  1323  1323 I AbstractOpenableExtension: AbstractOpenableExtension$3.onSuccess():527 KeyboardGroupManager destroyed in fau.
05-31 14:51:14.668  2831  2831 I Finsky  : [2] aipn.onStartJob(126): SCH: job service start with id 9411.
05-31 14:51:14.678   377   377 E adbd    : failed to connect to socket 'tcp:7336': Connection refused
05-31 14:51:14.687  2831  5034 I Finsky  : [138] nje.a(184): SCH: Satisfied jobs for 9411 are: 37-11
05-31 14:51:14.721   377   377 E adbd    : failed to connect to socket 'tcp:7336': Connection refused
05-31 14:51:14.745  2831  5100 I Finsky  : [143] aioi.accept(105): SCH: Job 37-11 starting
05-31 14:51:14.748  2831  2831 I Finsky  : [2] PackageAddedOrRemovedEventJob.a(62): Received an install/uninstall event for package io.github.ylimit.droidbotapp with replacing being false
05-31 14:51:14.766   377   377 E adbd    : failed to connect to socket 'tcp:7336': Connection refused
05-31 14:51:14.766  2831  2831 I Finsky  : [2] ainv.q(56): SCH: jobFinished: 37-11. TimeElapsed: 21ms.
05-31 14:51:14.780  4971  5108 W DynamiteModule: Local module descriptor class for com.google.android.gms.googlecertificates not found.
05-31 14:51:14.794  2831  2883 I Finsky  : [63] ahth.b(769): Not an active Cubes user. Ignoring package install/uninstall event.
05-31 14:51:14.796  4971  5108 W .apps.wellbein: ClassLoaderContext classpath size mismatch. expected=14, found=0 (DLC[];PCL[base.apk*3123361869:base.apk!classes2.dex*4121727785:base.apk!classes3.dex*577902322:base.apk!classes4.dex*1511137955:base.apk!classes5.dex*3994326502:base.apk!classes6.dex*3899113914:base.apk!classes7.dex*1848497157:base.apk!classes8.dex*1194602846:base.apk!classes9.dex*3560893588:base.apk!classes10.dex*515437853:base.apk!classes11.dex*2917733953:base.apk!classes12.dex*685421462:base.apk!classes13.dex*4084823322:base.apk!classes14.dex*1339497593]{PCL[/system/framework/org.apache.http.legacy.jar*2058259660]#PCL[/system/framework/com.android.media.remotedisplay.jar*3472798122]#PCL[/system/framework/com.android.location.provider.jar*3633238673]#PCL[/system_ext/framework/androidx.window.sidecar.jar*3539530913]#PCL[/system/framework/org.apache.http.legacy.jar*2058259660]} | DLC[];PCL[])
05-31 14:51:14.801  4971  5108 I DynamiteModule: Considering local module com.google.android.gms.googlecertificates:0 and remote module com.google.android.gms.googlecertificates:7
05-31 14:51:14.801  4971  5108 I DynamiteModule: Selected remote version of com.google.android.gms.googlecertificates, version >= 7
05-31 14:51:14.810  4971  5108 W System  : ClassLoader referenced unknown path: 
05-31 14:51:14.811   377   377 E adbd    : failed to connect to socket 'tcp:7336': Connection refused
05-31 14:51:14.821  2831  2893 I Finsky  : [73] sju.accept(58): SCH: Scheduling phonesky job Id: 26-1414141414, CT: 1748679643373, Constraints: [{ L: 43199999, D: 44099999, C: CHARGING_NONE, I: IDLE_NONE, N: NET_NONE, B: BATTERY_ANY }]
05-31 14:51:14.826  2831  2891 I Finsky  : [71] njf.apply(251): SCH: Scheduling 1 system job(s)
05-31 14:51:14.826  2831  2891 I Finsky  : [71] ains.b(244): SCH: Scheduling system job Id: 9416, L: 19768546, D: 20668546, C: false, I: false, N: 0
05-31 14:51:14.828  4971  5108 W .apps.wellbein: ClassLoaderContext classpath size mismatch. expected=14, found=2 (DLC[];PCL[base.apk*3123361869:base.apk!classes2.dex*4121727785:base.apk!classes3.dex*577902322:base.apk!classes4.dex*1511137955:base.apk!classes5.dex*3994326502:base.apk!classes6.dex*3899113914:base.apk!classes7.dex*1848497157:base.apk!classes8.dex*1194602846:base.apk!classes9.dex*3560893588:base.apk!classes10.dex*515437853:base.apk!classes11.dex*2917733953:base.apk!classes12.dex*685421462:base.apk!classes13.dex*4084823322:base.apk!classes14.dex*1339497593]{PCL[/system/framework/org.apache.http.legacy.jar*2058259660]#PCL[/system/framework/com.android.media.remotedisplay.jar*3472798122]#PCL[/system/framework/com.android.location.provider.jar*3633238673]#PCL[/system_ext/framework/androidx.window.sidecar.jar*3539530913]#PCL[/system/framework/org.apache.http.legacy.jar*2058259660]} | DLC[];PCL[/product/priv-app/WellbeingPrebuilt/WellbeingPrebuilt.apk*3473300342:/product/priv-app/WellbeingPrebuilt/WellbeingPrebuilt.apk!classes2.dex*763334795]{PCL[/system/framework/org.apache.http.legacy.jar*2058259660]})
05-31 14:51:14.833  2831  5100 I Finsky  : [143] aipn.a(24): SCH: job service finished with id 9411.
05-31 14:51:14.902   590  1825 W PackageManager: Cannot suspend package "com.android.vending": required for package verification
05-31 14:51:14.903   590  1825 W PackageManager: Cannot suspend the platform package: android
05-31 14:51:14.905   590  1825 W PackageManager: Cannot suspend package "com.google.android.permissioncontroller": required for permissions management
05-31 14:51:14.910   590  1825 W PackageManager: Cannot suspend package "com.android.dialer": is the default dialer
05-31 14:51:14.910   590  1825 W PackageManager: Cannot suspend package "com.google.android.packageinstaller": required for package installation
05-31 14:51:14.911   590  1825 W PackageManager: Cannot suspend package "com.google.android.apps.nexuslauncher": contains the active launcher
05-31 14:51:15.013   590   628 E RemoteAugmentedAutofillService: Bad service name for flags 1048704: com.google.android.as/com.google.android.apps.miphone.aiai.app.AiAiAugmentedAutofillService
05-31 14:51:15.091  4952  4952 I abb     : StartCommandInProcess(73657474696e67730067657400676c6f settings.get.glo [truncated])
05-31 14:51:15.092   590   590 W Binder:590_12: type=1400 audit(0.0:38): avc: denied { getopt } for scontext=u:r:system_server:s0 tcontext=u:r:shell:s0 tclass=unix_stream_socket permissive=0
05-31 14:51:15.096   590   590 W Binder:590_12: type=1400 audit(0.0:39): avc: denied { getopt } for scontext=u:r:system_server:s0 tcontext=u:r:shell:s0 tclass=unix_stream_socket permissive=0
05-31 14:51:15.100   590   590 W Binder:590_12: type=1400 audit(0.0:40): avc: denied { getopt } for scontext=u:r:system_server:s0 tcontext=u:r:shell:s0 tclass=unix_stream_socket permissive=0
05-31 14:51:15.109  4952  4952 I abb     : StartCommandInProcess(7061636b61676500696e7374616c6c00 package.install. [truncated])
05-31 14:51:15.150   590  1823 I ActivityManager: Background started FGS: Allowed [callingPackage: com.google.android.apps.wellbeing; callingUid: 10100; uidState: BTOP; intent: Intent { cmp=com.google.android.apps.wellbeing/com.google.apps.tiktok.concurrent.InternalForegroundService (has extras) }; code:BACKGROUND_ACTIVITY_PERMISSION; tempAllowListReason:<null>; targetSdkVersion:30; callerTargetSdkVersion:30; startForegroundCount:0; bindFromPackage:null]
05-31 14:51:15.174   590   638 I ActivityManager: Deferring FGS notification in legacy app com.google.android.apps.wellbeing/u0a100 : Notification(channel=app_limit_updates shortcut=null contentView=null vibrate=null sound=null defaults=0x0 flags=0x162 color=0xff0b57d0 category=service vis=PRIVATE)
05-31 14:51:15.404   590   590 W Binder:590_12: type=1400 audit(0.0:41): avc: denied { getopt } for scontext=u:r:system_server:s0 tcontext=u:r:shell:s0 tclass=unix_stream_socket permissive=0
05-31 14:51:15.594   590   663 I PackageManager: Integrity check passed for file:///data/app/vmdl540388828.tmp
05-31 14:51:15.668  1360  1388 I MediaProvider: Invalidating LocalCallingIdentity cache for package com.autolauncher.motorcar.free. Reason: op android:read_external_storage
05-31 14:51:15.669  1360  1388 I MediaProvider: Invalidating LocalCallingIdentity cache for package com.autolauncher.motorcar.free. Reason: op android:read_external_storage
05-31 14:51:15.672  1360  1388 I MediaProvider: Invalidating LocalCallingIdentity cache for package com.autolauncher.motorcar.free. Reason: op android:read_external_storage
05-31 14:51:15.678   590   663 I PackageDexOptimizer: Running dexopt (dexoptNeeded=1) on: /data/app/~~HUAcT-7USAmu4rdVRf4qHg==/com.autolauncher.motorcar.free-CKFQ3GQ9eYCZbILaz5-fcw==/base.apk pkg=com.autolauncher.motorcar.free isa=x86_64 dexoptFlags=boot_complete,profile_guided,public,enable_hidden_api_checks targetFilter=speed-profile oatDir=/data/app/~~HUAcT-7USAmu4rdVRf4qHg==/com.autolauncher.motorcar.free-CKFQ3GQ9eYCZbILaz5-fcw==/oat classLoaderContext=PCL[]{PCL[/system/framework/org.apache.http.legacy.jar]}
05-31 14:51:15.867  5159  5159 W dex2oat64: Unexpected CPU variant for X86 using defaults: x86_64
05-31 14:51:15.867  5159  5159 W dex2oat64: Mismatch between dex2oat instruction set features to use (ISA: X86_64 Feature string: -ssse3,-sse4.1,-sse4.2,-avx,-avx2,-popcnt) and those from CPP defines (ISA: X86_64 Feature string: ssse3,sse4.1,sse4.2,-avx,-avx2,popcnt) for the command line:
05-31 14:51:15.867  5159  5159 W dex2oat64: /apex/com.android.art/bin/dex2oat64 --zip-fd=7 --zip-location=base.apk --oat-fd=8 --oat-location=/data/app/~~HUAcT-7USAmu4rdVRf4qHg==/com.autolauncher.motorcar.free-CKFQ3GQ9eYCZbILaz5-fcw==/oat/x86_64/base.odex --input-vdex-fd=-1 --output-vdex-fd=9 --swap-fd=10 --classpath-dir=/data/app/~~HUAcT-7USAmu4rdVRf4qHg==/com.autolauncher.motorcar.free-CKFQ3GQ9eYCZbILaz5-fcw== --class-loader-context=PCL[]{PCL[/system/framework/org.apache.http.legacy.jar]} --compact-dex-level=none --instruction-set=x86_64 --instruction-set-features=default --instruction-set-variant=x86_64 --compiler-filter=speed-profile --compilation-reason=install --max-image-block-size=524288 --resolve-startup-const-strings=true --generate-mini-debug-info --runtime-arg -Xtarget-sdk-version:30 --runtime-arg -Xhidden-api-policy:enabled --runtime-arg -Xms64m --runtime-arg -Xmx512m
05-31 14:51:15.868  5159  5159 I dex2oat64: /apex/com.android.art/bin/dex2oat64 --input-vdex-fd=-1 --output-vdex-fd=9 --classpath-dir=/data/app/~~HUAcT-7USAmu4rdVRf4qHg==/com.autolauncher.motorcar.free-CKFQ3GQ9eYCZbILaz5-fcw== --class-loader-context=PCL[]{PCL[/system/framework/org.apache.http.legacy.jar]} --compact-dex-level=none --compiler-filter=speed-profile --compilation-reason=install --max-image-block-size=524288 --resolve-startup-const-strings=true --generate-mini-debug-info
05-31 14:51:16.452  5159  5164 W dex2oat64: Class ka.e failed lock verification and will run slower.
05-31 14:51:16.452  5159  5164 W dex2oat64: Common causes for lock verification issues are non-optimized dex code
05-31 14:51:16.452  5159  5164 W dex2oat64: and incorrect proguard optimizations.
05-31 14:51:16.823  5159  5159 I dex2oat64: dex2oat took 966.852ms (1.804s cpu) (threads: 4) arena alloc=0B (0B) java alloc=10MB (10675744B) native alloc=2197KB (2250512B) free=1176KB (1204224B)
05-31 14:51:16.857   590   663 I PackageManager: Result set changed, dropping preferred activity for Intent { act=android.intent.action.MAIN cat=[android.intent.category.HOME,android.intent.category.DEFAULT] } type null
05-31 14:51:16.866   409   446 E installd: Couldn't opendir /data/app/vmdl540388828.tmp: No such file or directory
05-31 14:51:16.866   409   446 E installd: Failed to delete /data/app/vmdl540388828.tmp: No such file or directory
05-31 14:51:16.864   590   590 W Binder:590_12: type=1400 audit(0.0:42): avc: denied { getopt } for scontext=u:r:system_server:s0 tcontext=u:r:shell:s0 tclass=unix_stream_socket permissive=0
05-31 14:51:16.864   590   590 W Binder:590_12: type=1400 audit(0.0:43): avc: denied { getopt } for scontext=u:r:system_server:s0 tcontext=u:r:shell:s0 tclass=unix_stream_socket permissive=0
05-31 14:51:16.864   590   590 W Binder:590_12: type=1400 audit(0.0:44): avc: denied { getopt } for scontext=u:r:system_server:s0 tcontext=u:r:shell:s0 tclass=unix_stream_socket permissive=0
05-31 14:51:16.890  1360  1360 I MediaProvider: Invalidating LocalCallingIdentity cache for package com.autolauncher.motorcar.free. Reason: package android.intent.action.PACKAGE_ADDED
05-31 14:51:16.892   590   705 I InputReader: Reconfiguring input devices, changes=KEYBOARD_LAYOUTS | 
05-31 14:51:16.896   590   698 I RoleService: Granting default roles...
05-31 14:51:16.899   590   590 I Telecom : DefaultDialerCache: Refreshing default dialer for user 0: now com.android.dialer: DDC.oR@AGM
05-31 14:51:16.900  1608  1622 I PermissionControllerServiceImpl: Updating user sensitive for uid 10148
05-31 14:51:16.903  1608  4998 W Role    : Cannot get ApplicationInfo for default holder: com.google.android.contacts
05-31 14:51:16.906  1608  4998 W Role    : Cannot get ApplicationInfo for default holder: com.google.android.as
05-31 14:51:16.909  1376  1376 I GsaVoiceInteractionSrv: O received Intent { act=android.intent.action.PACKAGE_ADDED dat=package:com.autolauncher.motorcar.free flg=0x4000010 (has extras) }
05-31 14:51:16.911  2969  2969 I Finsky:background: [2] adch.g(6): adch - Received: android.intent.action.PACKAGE_ADDED, [sHoP24sFoBrVoXZzyS54WM60wH5qi5a6s6ldhrnacsM]
05-31 14:51:16.911   590  1810 W BroadcastQueue: Background execution not allowed: receiving Intent { act=android.intent.action.PACKAGE_ADDED dat=package:com.autolauncher.motorcar.free flg=0x4000010 (has extras) } to com.google.android.packageinstaller/com.android.packageinstaller.PackageInstalledReceiver
05-31 14:51:16.911   590   638 W BroadcastQueue: Background execution not allowed: receiving Intent { act=android.intent.action.PACKAGE_ADDED dat=package:com.autolauncher.motorcar.free flg=0x4000010 (has extras) } to com.android.vending/com.google.android.finsky.packagemonitor.impl.PackageMonitorReceiverImpl$RegisteredReceiver
05-31 14:51:16.911   590   638 W BroadcastQueue: Background execution not allowed: receiving Intent { act=android.intent.action.PACKAGE_ADDED dat=package:com.autolauncher.motorcar.free flg=0x4000010 (has extras) } to com.android.vending/com.google.android.finsky.packagemonitor.backgroundimpl.BackgroundPackageMonitorReceiverImpl$RegisteredReceiver
05-31 14:51:16.911   590   638 W BroadcastQueue: Background execution not allowed: receiving Intent { act=android.intent.action.PACKAGE_ADDED dat=package:com.autolauncher.motorcar.free flg=0x4000010 (has extras) } to com.google.android.gms/.chimera.GmsIntentOperationService$PersistentTrustedReceiver
05-31 14:51:16.911   590   638 W BroadcastQueue: Background execution not allowed: receiving Intent { act=android.intent.action.PACKAGE_ADDED dat=package:com.autolauncher.motorcar.free flg=0x4000010 (has extras) } to com.google.android.gms/.games.chimera.GamesSystemBroadcastReceiverProxy
05-31 14:51:16.913   590   638 W BroadcastQueue: Background execution not allowed: receiving Intent { act=android.intent.action.PACKAGE_ADDED dat=package:com.autolauncher.motorcar.free flg=0x4000010 (has extras) } to com.google.android.gms/.gass.chimera.PackageChangeBroadcastReceiver
05-31 14:51:16.913   590   638 W BroadcastQueue: Background execution not allowed: receiving Intent { act=android.intent.action.PACKAGE_ADDED dat=package:com.autolauncher.motorcar.free flg=0x4000010 (has extras) } to com.google.android.googlequicksearchbox/com.google.android.apps.gsa.googlequicksearchbox.GelStubAppWatcher
05-31 14:51:16.914  2831  2831 I Finsky  : [2] adcs.g(1): adcs - Received: android.intent.action.PACKAGE_ADDED, [sHoP24sFoBrVoXZzyS54WM60wH5qi5a6s6ldhrnacsM]
05-31 14:51:16.934   590   660 E VerityUtils: Failed to measure fs-verity, errno 1: /data/app/~~HUAcT-7USAmu4rdVRf4qHg==/com.autolauncher.motorcar.free-CKFQ3GQ9eYCZbILaz5-fcw==/base.apk
05-31 14:51:16.947  2831  2831 I Finsky  : [2] xem.jr(11): DTU: Received onPackageAdded, replacing: false
05-31 14:51:16.955   590   637 W PackageManager: Failed registering loading progress callback. Package is fully loaded.
05-31 14:51:16.960  2969  4999 I Finsky:background: [99] ruh.accept(120): Wrote row to frosting DB: 250
05-31 14:51:16.962   590  1675 W PackageManager: Cannot suspend package "com.android.vending": required for package verification
05-31 14:51:16.963   590  1675 W PackageManager: Cannot suspend the platform package: android
05-31 14:51:16.965   590  1675 W PackageManager: Cannot suspend package "com.google.android.permissioncontroller": required for permissions management
05-31 14:51:16.967  1717  5017 I Auth    : (REDACTED) [SupervisedAccountIntentOperationV2] onHandleIntent: %s
05-31 14:51:16.967  1166  5028 W GCM     : Unexpected forwarded intent: Intent { act=android.intent.action.PACKAGE_ADDED dat=package:com.autolauncher.motorcar.free flg=0x4000010 pkg=com.google.android.gms cmp=com.google.android.gms/.chimera.PersistentIntentOperationService (has extras) }
05-31 14:51:16.968  1717  5017 I Blockstore: (REDACTED) [DataStoreImpl] Clearing Blockstore Data for package %s
05-31 14:51:16.968  1717  5017 I Blockstore: [DataStoreImpl] Keyless data not found or its IsLastInstallationData = false. [CONTEXT service_id=258 ]
05-31 14:51:16.968  1717  5017 I Dck     : (REDACTED) disableDckSupport: %s
05-31 14:51:16.968  1717  5017 W Dck     : [WirelessCapabilitiesFeatures] wccSysProp: 0 [CONTEXT service_id=289 ]
05-31 14:51:16.968  1717  5017 I Dck     : [WirelessCapabilitiesFeatures] wccMendel: 3 [CONTEXT service_id=289 ]
05-31 14:51:16.968  1717  5017 I Dck     : [WirelessCapabilitiesFeatures] deviceWccOverride: false [CONTEXT service_id=289 ]
05-31 14:51:16.969  1717  5017 I Dck     : [WirelessCapabilitiesFeatures] replaceSupportedWccWithWccOverride: true [CONTEXT service_id=289 ]
05-31 14:51:16.969  1717  5017 I Dck     : [WirelessCapabilitiesFeatures] wccOverride: not set [CONTEXT service_id=289 ]
05-31 14:51:16.969  1717  5017 I Dck     : (REDACTED) [WirelessCapabilitiesFeatures] wcc: %s
05-31 14:51:16.969  1717  5017 I Dck     : Dck module condition - hasWccSupport: false [CONTEXT service_id=289 ]
05-31 14:51:16.969  1717  5017 I Dck     : Dck module condition - downloadAllowed: false [CONTEXT service_id=289 ]
05-31 14:51:16.969  1717  5017 W Dck     : Dck module not eligible for asynchronous downloading [CONTEXT service_id=289 ]
05-31 14:51:16.969  1166  5006 W NetworkScheduler: Unexpected forwarded intent: Intent { act=android.intent.action.PACKAGE_ADDED dat=package:com.autolauncher.motorcar.free flg=0x4000010 pkg=com.google.android.gms cmp=com.google.android.gms/.chimera.PersistentIntentOperationService (has extras) }
05-31 14:51:16.970  2831  5034 I Finsky  : [138] poo.kh(210): [ContentSync] finished, scheduled=false
05-31 14:51:16.979  2969  4999 I Finsky:background: [99] ruh.accept(120): Wrote row to frosting DB: 251
05-31 14:51:16.986  2831  2831 I Finsky  : [2] atbs.c(44): Do not start WearSupportService due to Wear service optimization
05-31 14:51:16.986  2831  2831 I Finsky  : [2] akbb.f(9): Clearing split related stale data.
05-31 14:51:16.994  2831  2873 I Finsky  : [53] bauu.f(49): SCH: Received scheduling request: Id: 37-12, Constraints: [{ L: 0, D: 0, C: CHARGING_NONE, I: IDLE_NONE, N: NET_NONE, B: BATTERY_ANY }]
05-31 14:51:16.999  1608  4998 W Role    : Cannot get ApplicationInfo for default holder: com.google.android.as
05-31 14:51:17.000   590  1675 W PackageManager: Cannot suspend package "com.android.dialer": is the default dialer
05-31 14:51:17.000  1608  4998 W Role    : Cannot get ApplicationInfo for default holder: com.google.android.as
05-31 14:51:17.000   590  1675 W PackageManager: Cannot suspend package "com.google.android.packageinstaller": required for package installation
05-31 14:51:17.009   590  1675 W PackageManager: Cannot suspend package "com.google.android.apps.nexuslauncher": contains the active launcher
05-31 14:51:17.037  1717  3855 I Icing   : Indexing com.google.android.gms-apps from com.google.android.gms
05-31 14:51:17.041  1717  3855 I Icing   : Indexing done com.google.android.gms-apps
05-31 14:51:17.063   590   605 I system_server: Background concurrent copying GC freed 218069(12MB) AllocSpace objects, 79(4708KB) LOS objects, 49% free, 21MB/43MB, paused 343us,75us total 200.373ms
05-31 14:51:17.066  1608  4998 W Role    : Cannot get ApplicationInfo for default holder: com.google.android.as
05-31 14:51:17.070  2831  2891 I Finsky  : [71] sju.accept(58): SCH: Scheduling phonesky job Id: 37-12, CT: 1748703076994, Constraints: [{ L: 0, D: 0, C: CHARGING_NONE, I: IDLE_NONE, N: NET_NONE, B: BATTERY_ANY }, { L: 0, D: 0, C: CHARGING_NONE, I: IDLE_NONE, N: NET_NONE, B: BATTERY_ANY }]
05-31 14:51:17.073  2831  2893 I Finsky  : [73] njf.apply(251): SCH: Scheduling 1 system job(s)
05-31 14:51:17.074  2831  2893 I Finsky  : [73] njf.apply(412): SCH: Scheduling expedited system job 9416
05-31 14:51:17.075   590   607 W System  : A resource failed to call close. 
05-31 14:51:17.089  2831  2831 I Finsky  : [2] aipn.onStartJob(126): SCH: job service start with id 9416.
05-31 14:51:17.099  2831  5034 I Finsky  : [138] nje.a(184): SCH: Satisfied jobs for 9416 are: 37-12
05-31 14:51:17.100  2831  5100 I Finsky  : [143] aioi.accept(105): SCH: Job 37-12 starting
05-31 14:51:17.100  2831  2831 I Finsky  : [2] PackageAddedOrRemovedEventJob.a(62): Received an install/uninstall event for package com.autolauncher.motorcar.free with replacing being false
05-31 14:51:17.100  2831  2831 I Finsky  : [2] ainv.q(56): SCH: jobFinished: 37-12. TimeElapsed: 1ms.
05-31 14:51:17.101  2831  2893 I Finsky  : [73] ahth.b(769): Not an active Cubes user. Ignoring package install/uninstall event.
05-31 14:51:17.123  2831  2893 I Finsky  : [73] sju.accept(58): SCH: Scheduling phonesky job Id: 26-1414141414, CT: 1748679643373, Constraints: [{ L: 43199999, D: 44099999, C: CHARGING_NONE, I: IDLE_NONE, N: NET_NONE, B: BATTERY_ANY }]
05-31 14:51:17.127  2831  2894 I Finsky  : [74] njf.apply(251): SCH: Scheduling 1 system job(s)
05-31 14:51:17.127  2831  2894 I Finsky  : [74] ains.b(244): SCH: Scheduling system job Id: 9419, L: 19766245, D: 20666245, C: false, I: false, N: 0
05-31 14:51:17.133  1608  4998 W Role    : Cannot get ApplicationInfo for default holder: com.google.android.as
05-31 14:51:17.134  2831  5100 I Finsky  : [143] aipn.a(24): SCH: job service finished with id 9416.
05-31 14:51:17.144  1608  4998 W Role    : Cannot get ApplicationInfo for default holder: com.google.android.as
05-31 14:51:17.202   176   176 I servicemanager: Since 'apexservice' could not be found, trying to start it as a lazy AIDL service
05-31 14:51:17.402  1717  4000 I cn_CronetUrlRequestContext: destroyNativeStreamLocked org.chromium.net.impl.CronetBidirectionalStream@b4d2d05
05-31 14:51:17.954   176   176 I BpBinder: onLastStrongRef automatically unlinking death recipients: <uncached descriptor>
05-31 14:51:17.964   176   176 I servicemanager: Tried to unregister apexservice, but there is about to be a client.
05-31 14:51:18.594  1360  1692 W MediaProvider: isAppCloneUserPair for user 0: false
05-31 14:51:18.652   354   778 W ServiceManager: Permission failure: android.permission.CAPTURE_BLACKOUT_CONTENT from uid=2000 pid=5208
05-31 14:51:18.659   181   181 I hwservicemanager: getTransport: Cannot find entry android.hardware.graphics.mapper@4.0::IMapper/default in either framework or device VINTF manifest.
05-31 14:51:18.659  5208  5210 I Gralloc4: mapper 4.x is not supported
05-31 14:51:18.675  1166  4924 I NetworkScheduler.Stats: (REDACTED) Task %s/%s started execution. cause:%s exec_start_elapsed_seconds: %s
05-31 14:51:18.680  1166  5211 I NetworkScheduler.Stats: (REDACTED) Task %s/%s finished executing. cause:%s result: %s elapsed_millis: %s uptime_millis: %s exec_start_elapsed_seconds: %s
05-31 14:51:18.996  1360  1926 I MediaProvider: Begin Intent { act=android.intent.action.MEDIA_SCANNER_SCAN_FILE dat=file:///sdcard/screen_2025-05-31_225118.png flg=0x1400010 cmp=com.google.android.providers.media.module/com.android.providers.media.MediaService }
05-31 14:51:19.024  1360  1926 I MediaProvider: End Intent { act=android.intent.action.MEDIA_SCANNER_SCAN_FILE dat=file:///sdcard/screen_2025-05-31_225118.png flg=0x1400010 cmp=com.google.android.providers.media.module/com.android.providers.media.MediaService }
05-31 14:51:19.103  1399  2479 I BugleRcsEngine: [60] alog.run: delay time out, reset attempts 2 and process SIM event
05-31 14:51:19.109  1399  2479 W BugleRcsEngine: [60] alod.a: (Sim): process intent: android.intent.action.SIM_STATE_CHANGED
05-31 14:51:19.125  1360  1692 I MediaProvider: Deleted 0 1 0 0 0 0 0 items on external_primary due to com.android.shell
05-31 14:51:19.133  1399  2479 I BugleRcsEngine: [60] alod.j: (Sim): Processing an intent
05-31 14:51:19.138  1399  2479 I BugleRcsEngine: [60] alod.w: (Sim): Ignoring duplicate SIM state: LOADED
05-31 14:51:19.381   590  1650 I ActivityManager: Force stopping com.autolauncher.motorcar.free appid=10148 user=0: from pid 5239
05-31 14:51:19.453   590   628 I ActivityTaskManager: START u0 {act=android.intent.action.MAIN cat=[android.intent.category.HOME] flg=0x10000100 cmp=com.google.android.apps.nexuslauncher/.NexusLauncherActivity (has extras)} from uid 0
05-31 14:51:19.471   590  1650 W ActivityManager: Unable to start service Intent { act=android.service.smartspace.SmartspaceService cmp=com.google.android.as/com.google.android.apps.miphone.aiai.app.AiAiSmartspaceService } U=0: not found
05-31 14:51:19.471   590  1650 W RemoteSmartspaceService: could not bind to Intent { act=android.service.smartspace.SmartspaceService cmp=com.google.android.as/com.google.android.apps.miphone.aiai.app.AiAiSmartspaceService } using flags 67112961
05-31 14:51:19.471   590   590 W ActivityManager: Unbind failed: could not find connection for android.app.LoadedApk$ServiceDispatcher$InnerConnection@442cf82
05-31 14:51:19.703   176   176 I servicemanager: Notifying apexservice they have clients: 1
05-31 14:51:20.734  1360  1472 W MediaProvider: isAppCloneUserPair for user 0: false
05-31 14:51:20.760   590   638 W ActivityManager: Stopping service due to app idle: u0a137 -1m19s864ms com.google.pixel.exo/.core.PersistentService
05-31 14:51:20.766   181   181 I hwservicemanager: getTransport: Cannot find entry android.hardware.graphics.mapper@4.0::IMapper/default in either framework or device VINTF manifest.
05-31 14:51:20.766  5261  5263 I Gralloc4: mapper 4.x is not supported
05-31 14:51:20.768  4160  4160 I Exo     : PersistentService: Exo PersistentService destroyed
05-31 14:51:20.770  4160  4160 E ActivityThread: Service com.google.pixel.exo.core.PersistentService has leaked ServiceConnection com.google.pixel.exo.core.PersistentService$1@12b4fe3 that was originally bound here
05-31 14:51:20.770  4160  4160 E ActivityThread: android.app.ServiceConnectionLeaked: Service com.google.pixel.exo.core.PersistentService has leaked ServiceConnection com.google.pixel.exo.core.PersistentService$1@12b4fe3 that was originally bound here
05-31 14:51:20.770  4160  4160 E ActivityThread: 	at android.app.LoadedApk$ServiceDispatcher.<init>(LoadedApk.java:1934)
05-31 14:51:20.770  4160  4160 E ActivityThread: 	at android.app.LoadedApk.getServiceDispatcherCommon(LoadedApk.java:1806)
05-31 14:51:20.770  4160  4160 E ActivityThread: 	at android.app.LoadedApk.getServiceDispatcher(LoadedApk.java:1785)
05-31 14:51:20.770  4160  4160 E ActivityThread: 	at android.app.ContextImpl.bindServiceCommon(ContextImpl.java:1965)
05-31 14:51:20.770  4160  4160 E ActivityThread: 	at android.app.ContextImpl.bindService(ContextImpl.java:1896)
05-31 14:51:20.770  4160  4160 E ActivityThread: 	at android.content.ContextWrapper.bindService(ContextWrapper.java:810)
05-31 14:51:20.770  4160  4160 E ActivityThread: 	at com.google.pixel.exo.core.PersistentService.bindToWirecutter(PersistentService.java:131)
05-31 14:51:20.770  4160  4160 E ActivityThread: 	at com.google.pixel.exo.core.PersistentService.onStartCommand(PersistentService.java:121)
05-31 14:51:20.770  4160  4160 E ActivityThread: 	at android.app.ActivityThread.handleServiceArgs(ActivityThread.java:4639)
05-31 14:51:20.770  4160  4160 E ActivityThread: 	at android.app.ActivityThread.access$2000(ActivityThread.java:247)
05-31 14:51:20.770  4160  4160 E ActivityThread: 	at android.app.ActivityThread$H.handleMessage(ActivityThread.java:2091)
05-31 14:51:20.770  4160  4160 E ActivityThread: 	at android.os.Handler.dispatchMessage(Handler.java:106)
05-31 14:51:20.770  4160  4160 E ActivityThread: 	at android.os.Looper.loopOnce(Looper.java:201)
05-31 14:51:20.770  4160  4160 E ActivityThread: 	at android.os.Looper.loop(Looper.java:288)
05-31 14:51:20.770  4160  4160 E ActivityThread: 	at android.app.ActivityThread.main(ActivityThread.java:7839)
05-31 14:51:20.770  4160  4160 E ActivityThread: 	at java.lang.reflect.Method.invoke(Native Method)
05-31 14:51:20.770  4160  4160 E ActivityThread: 	at com.android.internal.os.RuntimeInit$MethodAndArgsCaller.run(RuntimeInit.java:548)
05-31 14:51:20.770  4160  4160 E ActivityThread: 	at com.android.internal.os.ZygoteInit.main(ZygoteInit.java:1003)
05-31 14:51:20.771   590  1810 W ActivityManager: Unbind failed: could not find connection for android.os.BinderProxy@92c9685
05-31 14:51:21.042   590   638 I ActivityManager: Killing 3890:com.google.android.settings.intelligence/u0a99 (adj 975): empty #17
05-31 14:51:21.042   590   640 I libprocessgroup: Successfully killed process cgroup uid 10099 pid 3890 in 0ms
05-31 14:51:21.045   318   318 I Zygote  : Process 3890 exited due to signal 9 (Killed)
05-31 14:51:21.047  1360  1926 I MediaProvider: Begin Intent { act=android.intent.action.MEDIA_SCANNER_SCAN_FILE dat=file:///sdcard/screen_2025-05-31_225120.png flg=0x1400010 cmp=com.google.android.providers.media.module/com.android.providers.media.MediaService }
05-31 14:51:21.059  1360  1926 I MediaProvider: End Intent { act=android.intent.action.MEDIA_SCANNER_SCAN_FILE dat=file:///sdcard/screen_2025-05-31_225120.png flg=0x1400010 cmp=com.google.android.providers.media.module/com.android.providers.media.MediaService }
05-31 14:51:21.136  1166  2130 I UriTaskContentObserver: (REDACTED) Throttling content uri change event for %s
05-31 14:51:21.138  1360  1472 I MediaProvider: Deleted 0 1 0 0 0 0 0 items on external_primary due to com.android.shell
05-31 14:51:21.645  1360  1472 W MediaProvider: isAppCloneUserPair for user 0: false
05-31 14:51:21.674   181   181 I hwservicemanager: getTransport: Cannot find entry android.hardware.graphics.mapper@4.0::IMapper/default in either framework or device VINTF manifest.
05-31 14:51:21.674  5301  5303 I Gralloc4: mapper 4.x is not supported
05-31 14:51:21.979  1360  1926 I MediaProvider: Begin Intent { act=android.intent.action.MEDIA_SCANNER_SCAN_FILE dat=file:///sdcard/screen_2025-05-31_225121.png flg=0x1400010 cmp=com.google.android.providers.media.module/com.android.providers.media.MediaService }
05-31 14:51:21.992  1360  1926 I MediaProvider: End Intent { act=android.intent.action.MEDIA_SCANNER_SCAN_FILE dat=file:///sdcard/screen_2025-05-31_225121.png flg=0x1400010 cmp=com.google.android.providers.media.module/com.android.providers.media.MediaService }
05-31 14:51:22.079  1360  1472 I MediaProvider: Deleted 0 1 0 0 0 0 0 items on external_primary due to com.android.shell
05-31 14:51:22.080  1166  2130 I UriTaskContentObserver: (REDACTED) Throttling content uri change event for %s
05-31 14:51:22.533  1360  1472 W MediaProvider: isAppCloneUserPair for user 0: false
05-31 14:51:22.556   181   181 I hwservicemanager: getTransport: Cannot find entry android.hardware.graphics.mapper@4.0::IMapper/default in either framework or device VINTF manifest.
05-31 14:51:22.556  5340  5342 I Gralloc4: mapper 4.x is not supported
05-31 14:51:22.817  1360  1926 I MediaProvider: Begin Intent { act=android.intent.action.MEDIA_SCANNER_SCAN_FILE dat=file:///sdcard/screen_2025-05-31_225122.png flg=0x1400010 cmp=com.google.android.providers.media.module/com.android.providers.media.MediaService }
05-31 14:51:22.822  1360  1926 I MediaProvider: End Intent { act=android.intent.action.MEDIA_SCANNER_SCAN_FILE dat=file:///sdcard/screen_2025-05-31_225122.png flg=0x1400010 cmp=com.google.android.providers.media.module/com.android.providers.media.MediaService }
05-31 14:51:22.902  1360  1472 I MediaProvider: Deleted 0 1 0 0 0 0 0 items on external_primary due to com.android.shell
05-31 14:51:22.903  1166  2130 I UriTaskContentObserver: (REDACTED) Throttling content uri change event for %s
05-31 14:51:23.232   590  1675 I ActivityTaskManager: START u0 {act=android.intent.action.MAIN cat=[android.intent.category.LAUNCHER] flg=0x10000000 cmp=com.autolauncher.motorcar.free/com.autolauncher.motorcar.Speed_Activity} from uid 2000
05-31 14:51:23.237   590  1675 W ActivityTaskManager: Can't find TaskDisplayArea to determine support for multi window. Task id=10 attached=false
05-31 14:51:23.280   590   639 I ActivityManager: Start proc 5370:com.autolauncher.motorcar.free/u0a148 for pre-top-activity {com.autolauncher.motorcar.free/com.autolauncher.motorcar.Speed_Activity}
05-31 14:51:23.285  5370  5370 W r.motorcar.fre: Unexpected CPU variant for X86 using defaults: x86_64
05-31 14:51:23.289  5370  5370 E r.motorcar.fre: Not starting debugger since process cannot load the jdwp agent.
05-31 14:51:23.293   354   354 I BpBinder: onLastStrongRef automatically unlinking death recipients: <uncached descriptor>
05-31 14:51:23.349  5370  5370 I MultiDex: VM with version 2.1.0 has multidex support
05-31 14:51:23.351  5370  5370 I MultiDex: Installing application
05-31 14:51:23.351  5370  5370 I MultiDex: VM has multidex support, MultiDex support library is disabled.
05-31 14:51:23.352  5370  5370 I MultiDex: Installing application
05-31 14:51:23.352  5370  5370 I MultiDex: VM has multidex support, MultiDex support library is disabled.
05-31 14:51:23.366  5370  5370 I FirebaseApp: Device unlocked: initializing all Firebase APIs for app [DEFAULT]
05-31 14:51:23.367  5370  5370 W r.motorcar.fre: Class ka.e failed lock verification and will run slower.
05-31 14:51:23.367  5370  5370 W r.motorcar.fre: Common causes for lock verification issues are non-optimized dex code
05-31 14:51:23.367  5370  5370 W r.motorcar.fre: and incorrect proguard optimizations.
05-31 14:51:23.375  1376  1376 I GsaVoiceInteractionSrv: Handling ACTION_STOP_HOTWORD
05-31 14:51:23.403  1376  1376 E HwDetectorWithState: a: 3
05-31 14:51:23.418  5370  5389 W r.motorcar.fre: ClassLoaderContext classpath size mismatch. expected=14, found=0 (DLC[];PCL[base.apk*3123361869:base.apk!classes2.dex*4121727785:base.apk!classes3.dex*577902322:base.apk!classes4.dex*1511137955:base.apk!classes5.dex*3994326502:base.apk!classes6.dex*3899113914:base.apk!classes7.dex*1848497157:base.apk!classes8.dex*1194602846:base.apk!classes9.dex*3560893588:base.apk!classes10.dex*515437853:base.apk!classes11.dex*2917733953:base.apk!classes12.dex*685421462:base.apk!classes13.dex*4084823322:base.apk!classes14.dex*1339497593]{PCL[/system/framework/org.apache.http.legacy.jar*2058259660]#PCL[/system/framework/com.android.media.remotedisplay.jar*3472798122]#PCL[/system/framework/com.android.location.provider.jar*3633238673]#PCL[/system_ext/framework/androidx.window.sidecar.jar*3539530913]#PCL[/system/framework/org.apache.http.legacy.jar*2058259660]} | DLC[];PCL[])
05-31 14:51:23.421  5370  5389 I DynamiteModule: Considering local module com.google.android.gms.measurement.dynamite:51 and remote module com.google.android.gms.measurement.dynamite:148
05-31 14:51:23.421  5370  5389 I DynamiteModule: Selected remote version of com.google.android.gms.measurement.dynamite, version >= 148
05-31 14:51:23.440  5370  5370 I FirebaseInitProvider: FirebaseApp initialization successful
05-31 14:51:23.458  5370  5389 W System  : ClassLoader referenced unknown path: 
05-31 14:51:23.481  5370  5370 I start_activityпвв: onCreate_new
05-31 14:51:23.522  5370  5389 W r.motorcar.fre: ClassLoaderContext classpath size mismatch. expected=14, found=1 (DLC[];PCL[base.apk*3123361869:base.apk!classes2.dex*4121727785:base.apk!classes3.dex*577902322:base.apk!classes4.dex*1511137955:base.apk!classes5.dex*3994326502:base.apk!classes6.dex*3899113914:base.apk!classes7.dex*1848497157:base.apk!classes8.dex*1194602846:base.apk!classes9.dex*3560893588:base.apk!classes10.dex*515437853:base.apk!classes11.dex*2917733953:base.apk!classes12.dex*685421462:base.apk!classes13.dex*4084823322:base.apk!classes14.dex*1339497593]{PCL[/system/framework/org.apache.http.legacy.jar*2058259660]#PCL[/system/framework/com.android.media.remotedisplay.jar*3472798122]#PCL[/system/framework/com.android.location.provider.jar*3633238673]#PCL[/system_ext/framework/androidx.window.sidecar.jar*3539530913]#PCL[/system/framework/org.apache.http.legacy.jar*2058259660]} | DLC[];PCL[/data/app/~~HUAcT-7USAmu4rdVRf4qHg==/com.autolauncher.motorcar.free-CKFQ3GQ9eYCZbILaz5-fcw==/base.apk*2568978345]{PCL[/system/framework/org.apache.http.legacy.jar*2058259660]})
05-31 14:51:23.548  5370  5370 I FIAM.Headless: went foreground
05-31 14:51:23.549  5370  5370 I FIAM.Display: Binding to activity: com.autolauncher.motorcar.Speed_Activity
05-31 14:51:23.549  5370  5370 I FIAM.Headless: Setting display event component
05-31 14:51:23.551  5370  5397 I FIAM.Headless: Forcing fetch from service rather than cache. Test Device: false | App Fresh Install: true
05-31 14:51:23.553  5370  5397 I FIAM.Headless: Recoverable exception while reading cache: /data/user/0/com.autolauncher.motorcar.free/files/fiam_impressions_store_file: open failed: ENOENT (No such file or directory)
05-31 14:51:23.594  5370  5420 E r.motorcar.fre: No package ID 6d found for ID 0x6d0b000f.
05-31 14:51:23.595  5370  5420 I FA      : App measurement initialized, version: 126000
05-31 14:51:23.595  5370  5420 I FA      : To enable debug logging run: adb shell setprop log.tag.FA VERBOSE
05-31 14:51:23.595  5370  5420 I FA      : To enable faster debug mode event logging run:
05-31 14:51:23.595  5370  5420 I FA      :   adb shell setprop debug.firebase.analytics.app com.autolauncher.motorcar.free
05-31 14:51:23.628  5370  5370 I getViewID34fgdfg: hasPermissions 
05-31 14:51:23.629  5370  5370 I getViewID34fgdfg: add_permission android.permission.ACCESS_FINE_LOCATION
05-31 14:51:23.629  5370  5370 I getViewID34fgdfg: add_permission android.permission.ACCESS_BACKGROUND_LOCATION
05-31 14:51:23.630  5370  5370 I getViewID34fgdfg: add_permission android.permission.WRITE_EXTERNAL_STORAGE
05-31 14:51:23.631  5370  5370 I getViewID34fgdfg: add_permission android.permission.RECORD_AUDIO
05-31 14:51:23.632  5370  5370 I getViewID34fgdfg: add_permission Fragment_Up_Windows
05-31 14:51:23.633  5370  5370 I getViewID34fgdfg: add_permission enabled_notification_listeners
05-31 14:51:23.633  5370  5370 I getViewID34fgdfg: enabled_notification_listenersv 
05-31 14:51:23.633  5370  5370 I getViewID34fgdfg: add 
05-31 14:51:23.633  5370  5370 I getViewID34fgdfg: add_permission color_theme
05-31 14:51:23.634  5370  5370 I getViewID34fgdfg: add_permission welcome_window
05-31 14:51:23.634  5370  5370 I activityVisiblesfsgs: Next_Centr_Fragment
05-31 14:51:23.689  5370  5420 I FA      : Tag Manager is not found and thus will not be used
05-31 14:51:23.717  5370  5370 I FIAM.Headless: Starting InAppMessaging runtime with Installation ID fuXDZHd3Sniw0mEpbNU4TK
05-31 14:51:23.762   590  1650 W ActivityManager: Unable to start service Intent { act=android.service.smartspace.SmartspaceService cmp=com.google.android.as/com.google.android.apps.miphone.aiai.app.AiAiSmartspaceService } U=0: not found
05-31 14:51:23.763   590  1650 W RemoteSmartspaceService: could not bind to Intent { act=android.service.smartspace.SmartspaceService cmp=com.google.android.as/com.google.android.apps.miphone.aiai.app.AiAiSmartspaceService } using flags 67112961
05-31 14:51:23.763   590   590 W ActivityManager: Unbind failed: could not find connection for android.app.LoadedApk$ServiceDispatcher$InnerConnection@1ed678c
05-31 14:51:23.773  1507  1507 I A       : onApplyWindowInsets: systemWindowInsets=Insets{left=0, top=63, right=0, bottom=126}
05-31 14:51:23.774  1507  1507 I A       : onApplyWindowInsets: systemWindowInsets=Insets{left=0, top=63, right=0, bottom=126}
05-31 14:51:23.791   354   530 W ServiceManager: Permission failure: android.permission.ACCESS_SURFACE_FLINGER from uid=10148 pid=5370
05-31 14:51:23.791   354   530 W ServiceManager: Permission failure: android.permission.ROTATE_SURFACE_FLINGER from uid=10148 pid=5370
05-31 14:51:23.802   181   181 I hwservicemanager: getTransport: Cannot find entry android.hardware.configstore@1.0::ISurfaceFlingerConfigs/default in either framework or device VINTF manifest.
05-31 14:51:23.802  5370  5415 W OpenGLRenderer: Failed to choose config with EGL_SWAP_BEHAVIOR_PRESERVED, retrying without...
05-31 14:51:23.803  5370  5415 W OpenGLRenderer: Failed to initialize 101010-2 format, error = EGL_SUCCESS
05-31 14:51:23.922   354   468 E HWComposer: getSupportedContentTypes: getSupportedContentTypes failed for display 4619827259835644672: Unsupported (8)
05-31 14:51:23.925   181   181 I hwservicemanager: getTransport: Cannot find entry android.hardware.graphics.mapper@4.0::IMapper/default in either framework or device VINTF manifest.
05-31 14:51:23.927  5370  5415 I Gralloc4: mapper 4.x is not supported
05-31 14:51:23.931   181   181 I hwservicemanager: getTransport: Cannot find entry android.hardware.graphics.allocator@4.0::IAllocator/default in either framework or device VINTF manifest.
05-31 14:51:23.932  5370  5415 W Gralloc4: allocator 4.x is not supported
05-31 14:51:24.041   590   627 I ActivityTaskManager: Displayed com.autolauncher.motorcar.free/com.autolauncher.motorcar.Speed_Activity: +799ms
05-31 14:51:24.049  1166  2244 I FontLog : (REDACTED) Received query %s, URI %s
05-31 14:51:24.050  1166  2244 I FontLog : (REDACTED) Query [%s] resolved to %s
05-31 14:51:24.066  1166  2244 I FontLog : (REDACTED) Fetch %s end status %s
05-31 14:51:24.073  1166  2244 I FontLog : (REDACTED) Pulling font file for id = %d, cache size = %d
05-31 14:51:24.083  1166  2244 I FontLog : (REDACTED) Pulling font file for id = %d, cache size = %d
05-31 14:51:24.086  1717  5430 I AdvertisingIdClient: shouldSendLog 62943
05-31 14:51:24.086  1717  5430 I AdvertisingIdClient: GetInfoInternal elapse 6ms
05-31 14:51:24.322   590  2822 W InputManager-JNI: Input channel object 'ddf61cd Splash Screen com.autolauncher.motorcar.free (client)' was disposed without first being removed with the input manager!
05-31 14:51:24.340  2831  2846 I Finsky  : [45] atms.ar(184): Package com.google.android.gms is verified.
05-31 14:51:24.360  1717  5430 W FA-SVC  : Service response is missing Install Referrer install timestamp
05-31 14:51:24.389  5370  5448 I FIAM.Headless: Fetching campaigns from service.
05-31 14:51:24.393  5370  5448 W DynamiteModule: Local module descriptor class for com.google.android.gms.providerinstaller.dynamite not found.
05-31 14:51:24.397  1166  2244 W ProviderHelper: Unknown dynamite feature providerinstaller.dynamite
05-31 14:51:24.399  5370  5448 I DynamiteModule: Considering local module com.google.android.gms.providerinstaller.dynamite:0 and remote module com.google.android.gms.providerinstaller.dynamite:0
05-31 14:51:24.400  5370  5448 W ProviderInstaller: Failed to load providerinstaller module: No acceptable module com.google.android.gms.providerinstaller.dynamite found. Local version is 0 and remote version is 0.
05-31 14:51:24.468  5370  5448 W ProviderInstaller: Failed to report request stats: com.google.android.gms.common.security.ProviderInstallerImpl.reportRequestStats [class android.content.Context, long, long]
05-31 14:51:24.499  5370  5455 I fekz    : Unable to retrieve flag snapshot for com.google.android.gms.providerinstaller#com.google.android.gms, using defaults.
05-31 14:51:24.500  5370  5456 E GoogleApiManager: Failed to get service from broker. 
05-31 14:51:24.500  5370  5456 E GoogleApiManager: java.lang.SecurityException: Unknown calling package name 'com.google.android.gms'.
05-31 14:51:24.500  5370  5456 E GoogleApiManager: 	at android.os.Parcel.createExceptionOrNull(Parcel.java:2425)
05-31 14:51:24.500  5370  5456 E GoogleApiManager: 	at android.os.Parcel.createException(Parcel.java:2409)
05-31 14:51:24.500  5370  5456 E GoogleApiManager: 	at android.os.Parcel.readException(Parcel.java:2392)
05-31 14:51:24.500  5370  5456 E GoogleApiManager: 	at android.os.Parcel.readException(Parcel.java:2334)
05-31 14:51:24.500  5370  5456 E GoogleApiManager: 	at axmv.a(:com.google.android.gms@251933032@25.19.33 (190800-762115751):36)
05-31 14:51:24.500  5370  5456 E GoogleApiManager: 	at axlc.z(:com.google.android.gms@251933032@25.19.33 (190800-762115751):143)
05-31 14:51:24.500  5370  5456 E GoogleApiManager: 	at awsh.run(:com.google.android.gms@251933032@25.19.33 (190800-762115751):42)
05-31 14:51:24.500  5370  5456 E GoogleApiManager: 	at android.os.Handler.handleCallback(Handler.java:938)
05-31 14:51:24.500  5370  5456 E GoogleApiManager: 	at android.os.Handler.dispatchMessage(Handler.java:99)
05-31 14:51:24.500  5370  5456 E GoogleApiManager: 	at cgie.mK(:com.google.android.gms@251933032@25.19.33 (190800-762115751):1)
05-31 14:51:24.500  5370  5456 E GoogleApiManager: 	at cgie.dispatchMessage(:com.google.android.gms@251933032@25.19.33 (190800-762115751):5)
05-31 14:51:24.500  5370  5456 E GoogleApiManager: 	at android.os.Looper.loopOnce(Looper.java:201)
05-31 14:51:24.500  5370  5456 E GoogleApiManager: 	at android.os.Looper.loop(Looper.java:288)
