05-31 11:48:40.543   614   739 I ActivityManager: Process com.pandora.android (pid 15414) has died: fg  TOP 
05-31 11:48:40.543   614   678 I libprocessgroup: Successfully killed process cgroup uid 10160 pid 15414 in 0ms
05-31 11:48:40.556   614   739 W ActivityManager: Scheduling restart of crashed service com.pandora.android/.ondemand.sod.stats.SearchStatsService in 1000ms for start-requested
05-31 11:48:40.556   614   739 W ActivityManager: Scheduling restart of crashed service com.pandora.android/com.google.firebase.iid.FirebaseInstanceIdService in 10999ms for start-requested
05-31 11:48:40.556   614   739 W ActivityManager: Scheduling restart of crashed service com.pandora.android/com.evernote.android.job.JobRescheduleService in 20999ms for connection
05-31 11:48:40.583 15521 15521 W pandora.androi: Unexpected CPU variant for X86 using defaults: x86_64
05-31 11:48:40.585   614   677 I ActivityManager: Start proc 15521:com.pandora.android/u0a160 for top-activity {com.pandora.android/com.pandora.android.Main}
05-31 11:48:40.587 15521 15521 E pandora.androi: Not starting debugger since process cannot load the jdwp agent.
05-31 11:48:40.590 10446 10446 I Finsky  : [2] aipn.onStartJob(126): SCH: job service start with id 9314.
05-31 11:48:40.595 10446 12631 I Finsky  : [152] nje.a(184): SCH: Satisfied jobs for 9314 are: 12-1
05-31 11:48:40.596 10446 15533 I Finsky  : [180] aioi.accept(105): SCH: Job 12-1 starting
05-31 11:48:40.597 10446 10446 I Finsky  : [2] ContentSyncJob.i(9): [ContentSync] job started
05-31 11:48:40.658 15521 15521 I FirebaseInitProvider: FirebaseApp initialization successful
05-31 11:48:40.667 10446 15536 I Finsky  : [181] nrn.a(199): App states replicator found 7 unowned apps
05-31 11:48:40.668 10446 15536 I Finsky  : [181] nrs.b(18): Completed 0 account content syncs with 0 successful.
05-31 11:48:40.670 10446 10446 I Finsky  : [2] ContentSyncJob.a(12): [ContentSync] Installation state replication succeeded.
05-31 11:48:40.670 10446 10446 I Finsky  : [2] ainv.q(56): SCH: jobFinished: 12-1. TimeElapsed: 73ms.
05-31 11:48:40.685 10446 10535 I Finsky  : [81] sju.accept(58): SCH: Scheduling phonesky job Id: 1-1337, CT: 1748678741643, Constraints: [{ L: 14399997, D: 47407351, C: CHARGING_NONE, I: IDLE_NONE, N: NET_ANY, B: BATTERY_ANY }]
05-31 11:48:40.689 10446 10531 I Finsky  : [77] njf.apply(251): SCH: Scheduling 1 system job(s)
05-31 11:48:40.690 10446 10531 I Finsky  : [77] ains.b(244): SCH: Scheduling system job Id: 9316, L: 1020951, D: 34028305, C: false, I: false, N: 1
05-31 11:48:40.697 10446 15533 I Finsky  : [180] aipn.a(24): SCH: job service finished with id 9314.
05-31 11:48:40.701 15521 15521 I Bugsnag : Attempting to send launch crash reports
05-31 11:48:40.704 15521 15558 I Bugsnag : Sending 2 saved error(s) to Bugsnag
05-31 11:48:40.948  1475  1745 W MediaProvider: isAppCloneUserPair for user 0: false
05-31 11:48:40.991   176   176 I hwservicemanager: getTransport: Cannot find entry android.hardware.graphics.mapper@4.0::IMapper/default in either framework or device VINTF manifest.
05-31 11:48:40.992 15573 15575 I Gralloc4: mapper 4.x is not supported
05-31 11:48:41.152  1475  5109 I MediaProvider: Begin Intent { act=android.intent.action.MEDIA_SCANNER_SCAN_FILE dat=file:///sdcard/screen_2025-05-31_194841.png flg=0x1400010 cmp=com.google.android.providers.media.module/com.android.providers.media.MediaService }
05-31 11:48:41.170  1475  5109 I MediaProvider: End Intent { act=android.intent.action.MEDIA_SCANNER_SCAN_FILE dat=file:///sdcard/screen_2025-05-31_194841.png flg=0x1400010 cmp=com.google.android.providers.media.module/com.android.providers.media.MediaService }
05-31 11:48:41.202 15521 15558 I Bugsnag : Completed error API request
05-31 11:48:41.202 15521 15558 I Bugsnag : Deleting sent error file 1748692120481_dd70f0ba-0e35-46d5-9323-2297fb94c902_startupcrash.json
05-31 11:48:41.252  1475  5089 I MediaProvider: Deleted 0 1 0 0 0 0 0 items on external_primary due to com.android.shell
05-31 11:48:41.253  1312  2173 I UriTaskContentObserver: (REDACTED) Throttling content uri change event for %s
05-31 11:48:41.771  1475  1745 W MediaProvider: isAppCloneUserPair for user 0: false
05-31 11:48:41.776 15521 15558 I Bugsnag : Completed error API request
05-31 11:48:41.776 15521 15558 I Bugsnag : Deleting sent error file 1748692120482_0ac6569a-7bf8-47cf-94bf-e98afaeda00e_startupcrash.json
05-31 11:48:41.777 15521 15521 I Bugsnag : Continuing with Bugsnag initialisation
05-31 11:48:41.794   176   176 I hwservicemanager: getTransport: Cannot find entry android.hardware.graphics.mapper@4.0::IMapper/default in either framework or device VINTF manifest.
05-31 11:48:41.794 15612 15614 I Gralloc4: mapper 4.x is not supported
05-31 11:48:41.891 15521 15521 W MediaSessionCompat: Couldn't find a unique registered media button receiver in the given context.
05-31 11:48:41.910 15521 15521 W Java7Support: Unable to load JDK7 types (annotations, java.nio.file.Path): no Java7 support added
05-31 11:48:41.926  1475  5109 I MediaProvider: Begin Intent { act=android.intent.action.MEDIA_SCANNER_SCAN_FILE dat=file:///sdcard/screen_2025-05-31_194842.png flg=0x1400010 cmp=com.google.android.providers.media.module/com.android.providers.media.MediaService }
05-31 11:48:41.930   854  1274 I bt_btif_sock_rfcomm: system/bt/btif/src/btif_sock_rfc.cc:303 btsock_rfc_listen: Adding listening socket service_name: SdlProxy - channel: -1
05-31 11:48:41.931   854  1270 I bt_bta_dm: system/bt/bta/dm/bta_dm_act.cc:2900 bta_dm_set_eir: Generating extended inquiry response packet EIR
05-31 11:48:41.931   854  1270 I bt_stack: [INFO:port_api.cc(234)] RFCOMM_CreateConnection: bd_addr=ff:ff:ff:ff:ff:ff, scn=7, is_server=1, mtu=990, uuid=000000, dlci=14, signal_state=0x0b, p_port=0x71efcd18b408
05-31 11:48:41.945  1475  5109 I MediaProvider: End Intent { act=android.intent.action.MEDIA_SCANNER_SCAN_FILE dat=file:///sdcard/screen_2025-05-31_194842.png flg=0x1400010 cmp=com.google.android.providers.media.module/com.android.providers.media.MediaService }
05-31 11:48:41.954 15521 15521 I PANDORA : PANDORA ------------------------------------------------------------------------------------------------------------------------------
05-31 11:48:41.955 15521 15521 I PANDORA : Pandora App: 1812.2 (prod, 1812.2RC9), code = 18122009, locale = US, brand = google, model = android-emulator64_x86_64_arm64, product = sdk_gphone64_x86_64, manufacturer = Google, name = sdk_gphone64_x86_64, buildType = pandora
05-31 11:48:41.955 15521 15521 I PANDORA : PANDORA ------------------------------------------------------------------------------------------------------------------------------
05-31 11:48:42.007  1475  5089 I MediaProvider: Deleted 0 1 0 0 0 0 0 items on external_primary due to com.android.shell
05-31 11:48:42.008  1312  2173 I UriTaskContentObserver: (REDACTED) Throttling content uri change event for %s
05-31 11:48:42.008 15521 15521 I MediaRouter: Skip setBluetoothA2dpOn(): types=8388615, isPlaybackActive()=false, BT route=null
05-31 11:48:42.012 15521 15521 I MediaRouter: Found default route: MediaRouter.RouteInfo{ uniqueId=android/.support.v7.media.SystemMediaRouteProvider:DEFAULT_ROUTE, name=Phone, description=null, iconUri=null, enabled=true, connecting=false, connectionState=0, canDisconnect=false, playbackType=0, playbackStream=3, deviceType=0, volumeHandling=1, volume=5, volumeMax=15, presentationDisplayId=-1, extras=null, settingsIntent=null, providerPackageName=android }
05-31 11:48:42.012 15521 15521 I MediaRouter: Unselecting the current route because it is no longer selectable: null
05-31 11:48:42.018 15521 15521 W pandora.androi: Unsupported class loader
05-31 11:48:42.019 15521 15521 W pandora.androi: Unsupported class loader
05-31 11:48:42.019   614  3282 E system_server: Invalid class loader spec: =UnsupportedClassLoaderContext=
05-31 11:48:42.020   614  3282 E PackageDexUsage: Unsupported context?
05-31 11:48:42.024 15521 15521 I DynamiteModule: Considering local module com.google.android.gms.cast.framework.dynamite:0 and remote module com.google.android.gms.cast.framework.dynamite:251933000
05-31 11:48:42.024 15521 15521 I DynamiteModule: Selected remote version of com.google.android.gms.cast.framework.dynamite, version >= 251933000
05-31 11:48:42.040 15521 15521 W System  : ClassLoader referenced unknown path: 
05-31 11:48:42.050 15521 15521 W pandora.androi: ClassLoaderContext classpath size mismatch. expected=14, found=4 (DLC[];PCL[base.apk*3123361869:base.apk!classes2.dex*4121727785:base.apk!classes3.dex*577902322:base.apk!classes4.dex*1511137955:base.apk!classes5.dex*3994326502:base.apk!classes6.dex*3899113914:base.apk!classes7.dex*1848497157:base.apk!classes8.dex*1194602846:base.apk!classes9.dex*3560893588:base.apk!classes10.dex*515437853:base.apk!classes11.dex*2917733953:base.apk!classes12.dex*685421462:base.apk!classes13.dex*4084823322:base.apk!classes14.dex*1339497593]{PCL[/system/framework/org.apache.http.legacy.jar*2058259660]#PCL[/system/framework/com.android.media.remotedisplay.jar*3472798122]#PCL[/system/framework/com.android.location.provider.jar*3633238673]#PCL[/system_ext/framework/androidx.window.sidecar.jar*3539530913]#PCL[/system/framework/org.apache.http.legacy.jar*2058259660]} | DLC[];PCL[/data/app/~~MiDVwsC5YwCKtAsHaAx-4w==/com.pandora.android-XucCb4LZ2pbhS7_NDExOjw==/base.apk*2739428507:/data/app/~~MiDVwsC5YwCKtAsHaAx-4w==/com.pandora.android-XucCb4LZ2pbhS7_NDExOjw==/base.apk!classes2.dex*257402535:/data/app/~~MiDVwsC5YwCKtAsHaAx-4w==/com.pandora.android-XucCb4LZ2pbhS7_NDExOjw==/base.apk!classes3.dex*1795021704:/data/app/~~MiDVwsC5YwCKtAsHaAx-4w==/com.pandora.android-XucCb4LZ2pbhS7_NDExOjw==/base.apk!classes4.dex*685841310]{PCL[/system/framework/android.test.base.jar*3790657674]#PCL[/system/framework/org.apache.http.legacy.jar*2058259660]})
05-31 11:48:42.063 15521 15521 I CastDynamiteModuleImpl: rh created by ClassLoader dalvik.system.DelegateLastClassLoader[DexPathList[[zip file "/data/app/~~dlb1YKdIHlirwQwu-BW35Q==/com.google.android.gms-6rk8yLhWE1u1jxZik9KAaw==/split_DynamiteModulesC_installtime.apk"],nativeLibraryDirectories=[/data/app/~~dlb1YKdIHlirwQwu-BW35Q==/com.google.android.gms-6rk8yLhWE1u1jxZik9KAaw==/split_DynamiteModulesC_installtime.apk!/lib/x86_64, /data/app/~~dlb1YKdIHlirwQwu-BW35Q==/com.google.android.gms-6rk8yLhWE1u1jxZik9KAaw==/split_DynamiteModulesC_installtime.apk!/lib/arm64-v8a, /system/lib64, /system_ext/lib64]]].
05-31 11:48:42.120 15521 15521 I WebViewFactory: Loading com.google.android.webview version 91.0.4472.114 (code 447211487)
05-31 11:48:42.148 15521 15521 I cr_LibraryLoader: Loaded native library version number "91.0.4472.114"
05-31 11:48:42.148 15521 15521 I cr_CachingUmaRecorder: Flushed 5 samples from 5 histograms.
05-31 11:48:42.166   614   677 I ActivityManager: Start proc 15692:com.google.android.webview:sandboxed_process0:org.chromium.content.app.SandboxedProcessService0:0/u0i3 for  {com.pandora.android/org.chromium.content.app.SandboxedProcessService0:0}
05-31 11:48:42.167 15692 15692 W ocessService0:: Unexpected CPU variant for X86 using defaults: x86_64
05-31 11:48:42.172 15692 15692 E ocessService0:: Not starting debugger since process cannot load the jdwp agent.
05-31 11:48:42.195 15692 15692 I cr_ChildProcessService: Creating new ChildProcessService pid=15692
05-31 11:48:42.232 15521 15521 W pandora.android: type=1400 audit(0.0:133): avc: granted { nlmsg_readpriv } for scontext=u:r:untrusted_app_27:s0:c160,c256,c512,c768 tcontext=u:r:untrusted_app_27:s0:c160,c256,c512,c768 tclass=netlink_route_socket app=com.pandora.android
05-31 11:48:42.256 15521 15521 I GcmAvailableHelper: GCM service enabled
05-31 11:48:42.276 15521 15521 W pandora.android: type=1400 audit(0.0:134): avc: granted { nlmsg_readpriv } for scontext=u:r:untrusted_app_27:s0:c160,c256,c512,c768 tcontext=u:r:untrusted_app_27:s0:c160,c256,c512,c768 tclass=netlink_route_socket app=com.pandora.android
05-31 11:48:42.366 15521 15521 W System.err: java.io.FileNotFoundException: /storage/emulated/0/bmwgroup/com.pandora.android/category.txt: open failed: ENOENT (No such file or directory)
05-31 11:48:42.366 15521 15521 W System.err: 	at libcore.io.IoBridge.open(IoBridge.java:575)
05-31 11:48:42.366 15521 15521 W System.err: 	at java.io.FileOutputStream.<init>(FileOutputStream.java:236)
05-31 11:48:42.366 15521 15521 W System.err: 	at java.io.FileOutputStream.<init>(FileOutputStream.java:186)
05-31 11:48:42.366 15521 15521 W System.err: 	at java.io.FileWriter.<init>(FileWriter.java:90)
05-31 11:48:42.366 15521 15521 W System.err: 	at com.bmwgroup.connected.car.app.a$2.run(SourceFile:330)
05-31 11:48:42.366 15521 15521 W System.err: 	at android.os.Handler.handleCallback(Handler.java:938)
05-31 11:48:42.366 15521 15521 W System.err: 	at android.os.Handler.dispatchMessage(Handler.java:99)
05-31 11:48:42.366 15521 15521 W System.err: 	at android.os.Looper.loopOnce(Looper.java:201)
05-31 11:48:42.366 15521 15521 W System.err: 	at android.os.Looper.loop(Looper.java:288)
05-31 11:48:42.366 15521 15521 W System.err: 	at android.app.ActivityThread.main(ActivityThread.java:7839)
05-31 11:48:42.366 15521 15521 W System.err: 	at java.lang.reflect.Method.invoke(Native Method)
05-31 11:48:42.366 15521 15521 W System.err: 	at com.android.internal.os.RuntimeInit$MethodAndArgsCaller.run(RuntimeInit.java:548)
05-31 11:48:42.366 15521 15521 W System.err: 	at com.android.internal.os.ZygoteInit.main(ZygoteInit.java:1003)
05-31 11:48:42.368 15521 15521 W System.err: Caused by: android.system.ErrnoException: open failed: ENOENT (No such file or directory)
05-31 11:48:42.368 15521 15521 W System.err: 	at libcore.io.Linux.open(Native Method)
05-31 11:48:42.368 15521 15521 W System.err: 	at libcore.io.ForwardingOs.open(ForwardingOs.java:567)
05-31 11:48:42.368 15521 15521 W System.err: 	at libcore.io.BlockGuardOs.open(BlockGuardOs.java:273)
05-31 11:48:42.368 15521 15521 W System.err: 	at libcore.io.ForwardingOs.open(ForwardingOs.java:567)
05-31 11:48:42.368 15521 15521 W System.err: 	at android.app.ActivityThread$AndroidOs.open(ActivityThread.java:7725)
05-31 11:48:42.368 15521 15521 W System.err: 	at libcore.io.IoBridge.open(IoBridge.java:561)
05-31 11:48:42.368 15521 15521 W System.err: 	... 12 more
05-31 11:48:42.397  1312  1863 I Wear_Controller: Wearable module requires a companion app to be installed.
05-31 11:48:42.398  1312  1863 I WearableService: onCreate: Wearable Services not starting. Wear is not available on this device.
05-31 11:48:42.404   614   676 I ActivityManager: Deferring FGS notification in legacy app com.pandora.android/u0a160 : Notification(channel=PANDORA_DEFAULT_CHANNEL shortcut=null contentView=null vibrate=null sound=null defaults=0x0 flags=0x50 color=0xff386aff vis=PRIVATE)
05-31 11:48:42.408 15521 15521 W pandora.android: type=1400 audit(0.0:135): avc: granted { nlmsg_readpriv } for scontext=u:r:untrusted_app_27:s0:c160,c256,c512,c768 tcontext=u:r:untrusted_app_27:s0:c160,c256,c512,c768 tclass=netlink_route_socket app=com.pandora.android
05-31 11:48:42.443   357   539 W ServiceManager: Permission failure: android.permission.ACCESS_SURFACE_FLINGER from uid=10160 pid=15521
05-31 11:48:42.443   357   539 W ServiceManager: Permission failure: android.permission.ROTATE_SURFACE_FLINGER from uid=10160 pid=15521
05-31 11:48:42.450   176   176 I hwservicemanager: getTransport: Cannot find entry android.hardware.configstore@1.0::ISurfaceFlingerConfigs/default in either framework or device VINTF manifest.
05-31 11:48:42.451 15521 15654 W OpenGLRenderer: Failed to choose config with EGL_SWAP_BEHAVIOR_PRESERVED, retrying without...
05-31 11:48:42.451 15521 15654 W OpenGLRenderer: Failed to initialize 101010-2 format, error = EGL_SUCCESS
05-31 11:48:42.474  1475  1745 W MediaProvider: isAppCloneUserPair for user 0: false
05-31 11:48:42.524   176   176 I hwservicemanager: getTransport: Cannot find entry android.hardware.graphics.mapper@4.0::IMapper/default in either framework or device VINTF manifest.
05-31 11:48:42.524 15774 15777 I Gralloc4: mapper 4.x is not supported
05-31 11:48:42.527   357   467 E HWComposer: getSupportedContentTypes: getSupportedContentTypes failed for display 4619827259835644672: Unsupported (8)
05-31 11:48:42.527   176   176 I hwservicemanager: getTransport: Cannot find entry android.hardware.graphics.mapper@4.0::IMapper/default in either framework or device VINTF manifest.
05-31 11:48:42.527 15521 15654 I Gralloc4: mapper 4.x is not supported
05-31 11:48:42.529   176   176 I hwservicemanager: getTransport: Cannot find entry android.hardware.graphics.allocator@4.0::IAllocator/default in either framework or device VINTF manifest.
05-31 11:48:42.529 15521 15654 W Gralloc4: allocator 4.x is not supported
05-31 11:48:42.630 15521 15531 W FirebasePerformance: Trace 'TTM.source_changed' is started but not stopped when it is destructed!
05-31 11:48:42.631 15521 15531 W FirebasePerformance: Trace 'Main.onCreateWith1943Exp' is started but not stopped when it is destructed!
05-31 11:48:42.662   614   663 I ActivityTaskManager: Displayed com.pandora.android/.Main: +3s5ms
05-31 11:48:42.682  1312  2080 W WearableService: onGetService: Wear is not available on this device.
05-31 11:48:42.709  1705  6122 I Icing   : IndexChimeraService.getServiceInterface callingPackage=com.google.android.gms componentName=null serviceId=30
05-31 11:48:42.714  1312 15045 I DiscoveryManager: Filter criteria(211CD751) scannerFlags(0)
05-31 11:48:42.719  1475  5109 I MediaProvider: Begin Intent { act=android.intent.action.MEDIA_SCANNER_SCAN_FILE dat=file:///sdcard/screen_2025-05-31_194842.png flg=0x1400010 cmp=com.google.android.providers.media.module/com.android.providers.media.MediaService }
05-31 11:48:42.726  1475  5109 I MediaProvider: End Intent { act=android.intent.action.MEDIA_SCANNER_SCAN_FILE dat=file:///sdcard/screen_2025-05-31_194842.png flg=0x1400010 cmp=com.google.android.providers.media.module/com.android.providers.media.MediaService }
05-31 11:48:42.745  1312 15045 W DatabaseProcessor: processLocalDevices: failed to get the network info with non-null networkId.
05-31 11:48:42.752  1312  1312 I CastMediaRouteProvider: Published 0 routes
05-31 11:48:42.761  1705 12465 I Icing   : Usage reports ok 1, Failed Usage reports 0, indexed 0, rejected 0
05-31 11:48:42.776  1312 15045 I CastDatabase: Saving the database
05-31 11:48:42.780  1312 15045 I SQLiteCastStore: [CastNetworkInfo] saved: 0, skipped: 0, [CastDeviceInfo]: saved 0, skipped 0, [Paired Guest Mode DeviceInfo] saved: 0, skipped: 0. [ProbedNetworks]: saved 0, skipped: 0, [ProbedSocketAddress]: saved 0, skipped: 0, [Network-Device pairs]: saved: 0
05-31 11:48:42.811  1312  2173 I UriTaskContentObserver: (REDACTED) Throttling content uri change event for %s
05-31 11:48:42.812  1475  5089 I MediaProvider: Deleted 0 1 0 0 0 0 0 items on external_primary due to com.android.shell
05-31 11:48:42.841   614  3993 I WifiService: acquireMulticastLock uid=10098
05-31 11:48:42.942   614  3993 W InputManager-JNI: Input channel object 'cc03b65 Splash Screen com.pandora.android (client)' was disposed without first being removed with the input manager!
05-31 11:48:43.260 15521 15549 W AnalyticsUserIDStore: initStore should have been called before calling setUserID
05-31 11:48:43.261 15521 15549 W UserDataStore: initStore should have been called before calling setUserID
05-31 11:48:43.269 15521 15546 E GraphResponse: {HttpStatus: 400, errorCode: 100, subErrorCode: 33, errorType: GraphMethodException, errorMessage: Unsupported get request. Object with ID '139475280761' does not exist, cannot be loaded due to missing permissions, or does not support this operation. Please read the Graph API documentation at https://developers.facebook.com/docs/graph-api}
05-31 11:48:43.294   614   675 E system_server: No package ID 7f found for ID 0x7f0802d1.
05-31 11:48:43.294   614   675 E system_server: No package ID 7f found for ID 0x7f120565.
05-31 11:48:43.294   614   675 E system_server: No package ID 7f found for ID 0x7f120565.
05-31 11:48:43.294   614   755 I RoleService: Granting default roles...
05-31 11:48:43.300  2404  2423 I PermissionControllerServiceImpl: Updating user sensitive for uid 10160
05-31 11:48:43.305   614   768 I InputReader: Reconfiguring input devices, changes=KEYBOARD_LAYOUTS | 
05-31 11:48:43.319  2404 15067 W Role    : Cannot get ApplicationInfo for default holder: com.google.android.contacts
05-31 11:48:43.321   614   614 I Telecom : DefaultDialerCache: Refreshing default dialer for user 0: now com.android.dialer: DDC.oR@AM0
05-31 11:48:43.323  2404 15067 W Role    : Cannot get ApplicationInfo for default holder: com.google.android.as
05-31 11:48:43.344  5669 15839 I ProvidersCache: Provider returned no roots. Possibly naughty: com.google.android.apps.docs.storage
05-31 11:48:43.368  2404 15067 W Role    : Cannot get ApplicationInfo for default holder: com.google.android.as
05-31 11:48:43.369  2404 15067 W Role    : Cannot get ApplicationInfo for default holder: com.google.android.as
05-31 11:48:43.463  2404 15067 W Role    : Cannot get ApplicationInfo for default holder: com.google.android.as
05-31 11:48:43.542  2404 15067 W Role    : Cannot get ApplicationInfo for default holder: com.google.android.as
05-31 11:48:43.546  2404 15067 W Role    : Cannot get ApplicationInfo for default holder: com.google.android.as
05-31 11:48:44.878  5669 15902 I ProvidersCache: Provider returned no roots. Possibly naughty: com.google.android.apps.docs.storage
05-31 11:48:44.975 10446 10534 I PlayCommon: [80] azkg.j(213): Preparing logs for uploading
05-31 11:48:45.000 10446 10534 I PlayCommon: [80] azkg.j(1398): Connecting to server for timestamp: https://play.googleapis.com/play/log/timestamp
05-31 11:48:45.244  5669 15911 I ProvidersCache: Provider returned no roots. Possibly naughty: com.google.android.apps.docs.storage
05-31 11:48:45.300 10446 10534 W PlayCommon: [80] azkg.l(11): No account for auth token provided
05-31 11:48:45.301 10446 10534 I PlayCommon: [80] azkg.j(1855): Connecting to server: https://play.googleapis.com/play/log?format=raw&proto_v2=true
05-31 11:48:45.435   614   785 W BestClock: java.time.DateTimeException: Missing NTP fix
05-31 11:48:45.435   614   635 W System  : A resource failed to call release. 
05-31 11:48:45.442 10446 10534 I PlayCommon: [80] azkg.j(2107): Successfully uploaded logs.
05-31 11:48:45.465   614   785 W BestClock: java.time.DateTimeException: Missing NTP fix
05-31 11:48:45.469   614   786 W BestClock: java.time.DateTimeException: Missing NTP fix
05-31 11:48:45.472   614   786 W BestClock: java.time.DateTimeException: Missing NTP fix
05-31 11:48:45.478   614   786 W BestClock: java.time.DateTimeException: Missing NTP fix
05-31 11:48:45.479   614   786 W BestClock: java.time.DateTimeException: Missing NTP fix
05-31 11:48:45.486   614   785 W BestClock: java.time.DateTimeException: Missing NTP fix
05-31 11:48:45.492  1475  1748 W MediaProvider: isAppCloneUserPair for user 0: false
05-31 11:48:45.528   176   176 I hwservicemanager: getTransport: Cannot find entry android.hardware.graphics.mapper@4.0::IMapper/default in either framework or device VINTF manifest.
05-31 11:48:45.528 15926 15928 I Gralloc4: mapper 4.x is not supported
05-31 11:48:45.529   614   785 W BestClock: java.time.DateTimeException: Missing NTP fix
05-31 11:48:45.537   614   786 W BestClock: java.time.DateTimeException: Missing NTP fix
05-31 11:48:45.540   614   786 W BestClock: java.time.DateTimeException: Missing NTP fix
05-31 11:48:45.541   614   786 W BestClock: java.time.DateTimeException: Missing NTP fix
05-31 11:48:45.566  1312 15787 I NetworkScheduler.Stats: (REDACTED) Task %s/%s started execution. cause:%s exec_start_elapsed_seconds: %s
05-31 11:48:45.572  1312 15045 I NetworkScheduler.Stats: (REDACTED) Task %s/%s finished executing. cause:%s result: %s elapsed_millis: %s uptime_millis: %s exec_start_elapsed_seconds: %s
05-31 11:48:45.698  1475  5109 I MediaProvider: Begin Intent { act=android.intent.action.MEDIA_SCANNER_SCAN_FILE dat=file:///sdcard/screen_2025-05-31_194845.png flg=0x1400010 cmp=com.google.android.providers.media.module/com.android.providers.media.MediaService }
05-31 11:48:45.711  1475  5109 I MediaProvider: End Intent { act=android.intent.action.MEDIA_SCANNER_SCAN_FILE dat=file:///sdcard/screen_2025-05-31_194845.png flg=0x1400010 cmp=com.google.android.providers.media.module/com.android.providers.media.MediaService }
05-31 11:48:45.816  1475  1745 I MediaProvider: Deleted 0 1 0 0 0 0 0 items on external_primary due to com.android.shell
05-31 11:48:46.202 15521 15760 W WakefulBroadcastReceiv.: No active wake lock id #1
05-31 11:48:46.203   614  3128 W ActivityManager: stopServiceToken startId 2 is last, but have 1 remaining args
05-31 11:48:46.541  1475  1748 W MediaProvider: isAppCloneUserPair for user 0: false
05-31 11:48:46.565   176   176 I hwservicemanager: getTransport: Cannot find entry android.hardware.graphics.mapper@4.0::IMapper/default in either framework or device VINTF manifest.
05-31 11:48:46.566 15963 15967 I Gralloc4: mapper 4.x is not supported
05-31 11:48:46.697  1475  5109 I MediaProvider: Begin Intent { act=android.intent.action.MEDIA_SCANNER_SCAN_FILE dat=file:///sdcard/screen_2025-05-31_194846.png flg=0x1400010 cmp=com.google.android.providers.media.module/com.android.providers.media.MediaService }
05-31 11:48:46.709  1475  5109 I MediaProvider: End Intent { act=android.intent.action.MEDIA_SCANNER_SCAN_FILE dat=file:///sdcard/screen_2025-05-31_194846.png flg=0x1400010 cmp=com.google.android.providers.media.module/com.android.providers.media.MediaService }
05-31 11:48:46.786  1475  5089 I MediaProvider: Deleted 0 1 0 0 0 0 0 items on external_primary due to com.android.shell
05-31 11:48:46.786  1312  2173 I UriTaskContentObserver: (REDACTED) Throttling content uri change event for %s
05-31 11:48:47.336  5669 16001 I ProvidersCache: Provider returned no roots. Possibly naughty: com.google.android.apps.docs.storage
05-31 11:48:47.527  1475  1748 W MediaProvider: isAppCloneUserPair for user 0: false
05-31 11:48:47.548   176   176 I hwservicemanager: getTransport: Cannot find entry android.hardware.graphics.mapper@4.0::IMapper/default in either framework or device VINTF manifest.
05-31 11:48:47.548 16011 16013 I Gralloc4: mapper 4.x is not supported
05-31 11:48:47.672  1475  5109 I MediaProvider: Begin Intent { act=android.intent.action.MEDIA_SCANNER_SCAN_FILE dat=file:///sdcard/screen_2025-05-31_194847.png flg=0x1400010 cmp=com.google.android.providers.media.module/com.android.providers.media.MediaService }
05-31 11:48:47.676  1475  5109 I MediaProvider: End Intent { act=android.intent.action.MEDIA_SCANNER_SCAN_FILE dat=file:///sdcard/screen_2025-05-31_194847.png flg=0x1400010 cmp=com.google.android.providers.media.module/com.android.providers.media.MediaService }
05-31 11:48:47.769  1312  2173 I UriTaskContentObserver: (REDACTED) Throttling content uri change event for %s
05-31 11:48:47.771  1475  5089 I MediaProvider: Deleted 0 1 0 0 0 0 0 items on external_primary due to com.android.shell
05-31 11:48:48.275  5669 16042 I ProvidersCache: Provider returned no roots. Possibly naughty: com.google.android.apps.docs.storage
05-31 11:48:49.323   614  4071 W InputManager-JNI: Input channel object '871dcd9 com.pandora.android/com.pandora.android.Main (client)' was disposed without first being removed with the input manager!
05-31 11:48:49.332 15521 15521 W pandora.android: type=1400 audit(0.0:136): avc: granted { nlmsg_readpriv } for scontext=u:r:untrusted_app_27:s0:c160,c256,c512,c768 tcontext=u:r:untrusted_app_27:s0:c160,c256,c512,c768 tclass=netlink_route_socket app=com.pandora.android
05-31 11:48:49.365   614  4071 I MediaFocusControl: abandonAudioFocus() from uid/pid 10160/15521 clientId=android.media.AudioManager@dbf7e91com.pandora.radio.player.af$1@83f41f6
05-31 11:48:49.370  5669 16103 I ProvidersCache: Provider returned no roots. Possibly naughty: com.google.android.apps.docs.storage
05-31 11:48:49.370 15521 15521 I pandora.androi: System.exit called, status: 0
05-31 11:48:49.370 15521 15521 I AndroidRuntime: VM exiting with result code 0, cleanup skipped.
05-31 11:48:49.384   854  1271 I bt_bta_dm: system/bt/bta/dm/bta_dm_act.cc:2900 bta_dm_set_eir: Generating extended inquiry response packet EIR
05-31 11:48:49.385   614  2623 I ActivityManager: Process com.pandora.android (pid 15521) has died: fg  TOP 
05-31 11:48:49.386   854  1270 I bt_stack: [INFO:port_api.cc(307)] RFCOMM_RemoveServer: handle=18
05-31 11:48:49.386   614   678 I libprocessgroup: Successfully killed process cgroup uid 10160 pid 15521 in 0ms
05-31 11:48:49.386   614  4715 I WindowManager: WIN DEATH: Window{11c1d6 u0 com.pandora.android/com.pandora.android.Main}
05-31 11:48:49.387   614  4715 W InputManager-JNI: Input channel object '11c1d6 com.pandora.android/com.pandora.android.Main (client)' was disposed without first being removed with the input manager!
05-31 11:48:49.387   318   318 I Zygote  : Process 15521 exited cleanly (0)
05-31 11:48:49.394   614  2916 I WindowManager: WIN DEATH: Window{871dcd9 u0 com.pandora.android/com.pandora.android.Main EXITING}
05-31 11:48:49.395   614  3993 W WindowManager: Cannot find window which accessibility connection is added to
05-31 11:48:49.399   357   357 E BpTransactionCompletedListener: Failed to transact (-32)
05-31 11:48:49.402 15692 15692 I cr_ChildProcessService: Destroying ChildProcessService pid=15692
05-31 11:48:49.404   614  2623 I ActivityManager: Killing 15692:com.google.android.webview:sandboxed_process0:org.chromium.content.app.SandboxedProcessService0:0/u0a160i3 (adj 0): isolated not needed
05-31 11:48:49.408   614  2623 W ActivityTaskManager: Force removing ActivityRecord{cc95f2e u0 com.pandora.android/.Main t18}: app died, no saved state
05-31 11:48:49.417  1312 15045 I DiscoveryManager: Filter criteria(null) scannerFlags(0)
05-31 11:48:49.417  1312 15045 W DatabaseProcessor: processLocalDevices: failed to get the network info with non-null networkId.
05-31 11:48:49.419   937   937 I Zygote  : Process 15692 exited due to signal 9 (Killed)
05-31 11:48:49.421   614  3793 I WifiService: releaseMulticastLock uid=10098
05-31 11:48:49.425  1894  1894 I A       : onApplyWindowInsets: systemWindowInsets=Insets{left=0, top=63, right=0, bottom=126}
05-31 11:48:49.425  1894  1894 I A       : onApplyWindowInsets: systemWindowInsets=Insets{left=0, top=63, right=0, bottom=126}
05-31 11:48:49.432   614   678 I libprocessgroup: Successfully killed process cgroup uid 99003 pid 15692 in 0ms
05-31 11:48:49.451   614   739 W ActivityManager: Unable to start service Intent { act=android.service.smartspace.SmartspaceService cmp=com.google.android.as/com.google.android.apps.miphone.aiai.app.AiAiSmartspaceService } U=0: not found
05-31 11:48:49.451   614   739 W RemoteSmartspaceService: could not bind to Intent { act=android.service.smartspace.SmartspaceService cmp=com.google.android.as/com.google.android.apps.miphone.aiai.app.AiAiSmartspaceService } using flags 67112961
05-31 11:48:49.453   614   614 W ActivityManager: Unbind failed: could not find connection for android.app.LoadedApk$ServiceDispatcher$InnerConnection@f387fc6
05-31 11:48:49.454   614   739 W ActivityManager: Unable to start service Intent { act=android.service.smartspace.SmartspaceService cmp=com.google.android.as/com.google.android.apps.miphone.aiai.app.AiAiSmartspaceService } U=0: not found
05-31 11:48:49.454   614   739 W RemoteSmartspaceService: could not bind to Intent { act=android.service.smartspace.SmartspaceService cmp=com.google.android.as/com.google.android.apps.miphone.aiai.app.AiAiSmartspaceService } using flags 67112961
05-31 11:48:49.454   614   614 W ActivityManager: Unbind failed: could not find connection for android.app.LoadedApk$ServiceDispatcher$InnerConnection@3a7ae20
05-31 11:48:49.482   614   666 W ActivityManager: setHasOverlayUi called on unknown pid: 15521
05-31 11:48:49.499   614   667 W ActivityTaskManager: Can't find TaskDisplayArea to determine support for multi window. Task id=18 attached=false
05-31 11:48:49.499   614   667 W ActivityTaskManager: Can't find TaskDisplayArea to determine support for multi window. Task id=18 attached=false
05-31 11:48:49.509   357   357 E BpTransactionCompletedListener: Failed to transact (-32)
05-31 11:48:49.538  2231  2231 I GsaVoiceInteractionSrv: Handling ACTION_START_HOTWORD
05-31 11:48:49.538  2231  2231 I GsaVoiceInteractionSrv: disregardVoiceMatch: false
05-31 11:48:49.538  2231  2231 I GsaVoiceInteractionSrv: Cannot start hotword, hotword has been explicitly disabled.
05-31 11:48:49.545  1894  2287 I OpenGLRenderer: Davey! duration=74877ms; Flags=1, FrameTimelineVsyncId=37946, IntendedVsync=1475453724308, Vsync=1475453724308, InputEventId=0, HandleInputStart=1475459172700, AnimationStart=1475459211800, PerformTraversalsStart=1475459331200, DrawStart=1475775536700, FrameDeadline=1475487057640, FrameInterval=1475459150900, FrameStartTime=16666666, SyncQueued=1475775806200, SyncStart=1475777328500, IssueDrawCommandsStart=1475777454400, SwapBuffers=1475777780600, FrameCompleted=1550332261100, DequeueBufferDuration=23100, QueueBufferDuration=988700, GpuCompleted=1550332261100, SwapBuffersCompleted=1475786366600, DisplayPresentTime=0, 
05-31 11:48:50.617  1475  1748 W MediaProvider: isAppCloneUserPair for user 0: false
05-31 11:48:50.642   176   176 I hwservicemanager: getTransport: Cannot find entry android.hardware.graphics.mapper@4.0::IMapper/default in either framework or device VINTF manifest.
05-31 11:48:50.642 16127 16129 I Gralloc4: mapper 4.x is not supported
05-31 11:48:51.025  1475  5109 I MediaProvider: Begin Intent { act=android.intent.action.MEDIA_SCANNER_SCAN_FILE dat=file:///sdcard/screen_2025-05-31_194850.png flg=0x1400010 cmp=com.google.android.providers.media.module/com.android.providers.media.MediaService }
05-31 11:48:51.037  1475  5109 I MediaProvider: End Intent { act=android.intent.action.MEDIA_SCANNER_SCAN_FILE dat=file:///sdcard/screen_2025-05-31_194850.png flg=0x1400010 cmp=com.google.android.providers.media.module/com.android.providers.media.MediaService }
05-31 11:48:51.130  1475  1745 I MediaProvider: Deleted 0 1 0 0 0 0 0 items on external_primary due to com.android.shell
05-31 11:48:51.131  1312  2173 I UriTaskContentObserver: (REDACTED) Throttling content uri change event for %s
05-31 11:48:51.308  5669 16150 I ProvidersCache: Provider returned no roots. Possibly naughty: com.google.android.apps.docs.storage
05-31 11:48:51.650  1475  1748 W MediaProvider: isAppCloneUserPair for user 0: false
05-31 11:48:51.692   176   176 I hwservicemanager: getTransport: Cannot find entry android.hardware.graphics.mapper@4.0::IMapper/default in either framework or device VINTF manifest.
05-31 11:48:51.693 16172 16174 I Gralloc4: mapper 4.x is not supported
05-31 11:48:52.043  5669 16180 I ProvidersCache: Provider returned no roots. Possibly naughty: com.google.android.apps.docs.storage
05-31 11:48:52.069  1475  5109 I MediaProvider: Begin Intent { act=android.intent.action.MEDIA_SCANNER_SCAN_FILE dat=file:///sdcard/screen_2025-05-31_194851.png flg=0x1400010 cmp=com.google.android.providers.media.module/com.android.providers.media.MediaService }
05-31 11:48:52.074  1475  5109 I MediaProvider: End Intent { act=android.intent.action.MEDIA_SCANNER_SCAN_FILE dat=file:///sdcard/screen_2025-05-31_194851.png flg=0x1400010 cmp=com.google.android.providers.media.module/com.android.providers.media.MediaService }
05-31 11:48:52.154  1475  1745 I MediaProvider: Deleted 0 1 0 0 0 0 0 items on external_primary due to com.android.shell
05-31 11:48:52.154  1312  2173 I UriTaskContentObserver: (REDACTED) Throttling content uri change event for %s
05-31 11:48:52.654  1475  1748 W MediaProvider: isAppCloneUserPair for user 0: false
05-31 11:48:52.679   176   176 I hwservicemanager: getTransport: Cannot find entry android.hardware.graphics.mapper@4.0::IMapper/default in either framework or device VINTF manifest.
05-31 11:48:52.680 16217 16219 I Gralloc4: mapper 4.x is not supported
05-31 11:48:52.873  5669 16223 I ProvidersCache: Provider returned no roots. Possibly naughty: com.google.android.apps.docs.storage
05-31 11:48:52.988  1475  5109 I MediaProvider: Begin Intent { act=android.intent.action.MEDIA_SCANNER_SCAN_FILE dat=file:///sdcard/screen_2025-05-31_194852.png flg=0x1400010 cmp=com.google.android.providers.media.module/com.android.providers.media.MediaService }
05-31 11:48:52.994  1475  5109 I MediaProvider: End Intent { act=android.intent.action.MEDIA_SCANNER_SCAN_FILE dat=file:///sdcard/screen_2025-05-31_194852.png flg=0x1400010 cmp=com.google.android.providers.media.module/com.android.providers.media.MediaService }
05-31 11:48:53.082  1475  1745 I MediaProvider: Deleted 0 1 0 0 0 0 0 items on external_primary due to com.android.shell
05-31 11:48:53.084  1312  2173 I UriTaskContentObserver: (REDACTED) Throttling content uri change event for %s
05-31 11:48:53.402   614  4715 I ActivityTaskManager: START u0 {act=android.intent.action.MAIN cat=[android.intent.category.LAUNCHER] flg=0x10000000 cmp=com.pandora.android/.Main} from uid 2000
05-31 11:48:53.402   614  4715 W ActivityTaskManager: Can't find TaskDisplayArea to determine support for multi window. Task id=19 attached=false
05-31 11:48:53.419   614   677 I ActivityManager: Start proc 16255:com.pandora.android/u0a160 for pre-top-activity {com.pandora.android/com.pandora.android.Main}
05-31 11:48:53.423 16255 16255 W pandora.androi: Unexpected CPU variant for X86 using defaults: x86_64
05-31 11:48:53.427 16255 16255 E pandora.androi: Not starting debugger since process cannot load the jdwp agent.
05-31 11:48:53.458 16255 16255 I FirebaseInitProvider: FirebaseApp initialization successful
05-31 11:48:53.516 16255 16276 I pandora.androi: WaitForGcToComplete blocked ClassLinker on None for 31.780ms
05-31 11:48:53.516  2231  2231 I GsaVoiceInteractionSrv: Handling ACTION_STOP_HOTWORD
05-31 11:48:53.516  2231  2231 E HwDetectorWithState: a: 3
05-31 11:48:53.652 16255 16255 W MediaSessionCompat: Couldn't find a unique registered media button receiver in the given context.
05-31 11:48:53.678 16255 16255 W Java7Support: Unable to load JDK7 types (annotations, java.nio.file.Path): no Java7 support added
05-31 11:48:53.695   854  1274 I bt_btif_sock_rfcomm: system/bt/btif/src/btif_sock_rfc.cc:303 btsock_rfc_listen: Adding listening socket service_name: SdlProxy - channel: -1
05-31 11:48:53.695   854  1270 I bt_bta_dm: system/bt/bta/dm/bta_dm_act.cc:2900 bta_dm_set_eir: Generating extended inquiry response packet EIR
05-31 11:48:53.695   854  1270 I bt_stack: [INFO:port_api.cc(234)] RFCOMM_CreateConnection: bd_addr=ff:ff:ff:ff:ff:ff, scn=7, is_server=1, mtu=990, uuid=000000, dlci=14, signal_state=0x0b, p_port=0x71efcd18b4c0
05-31 11:48:53.710 16255 16255 I PANDORA : PANDORA ------------------------------------------------------------------------------------------------------------------------------
05-31 11:48:53.710 16255 16255 I PANDORA : Pandora App: 1812.2 (prod, 1812.2RC9), code = 18122009, locale = US, brand = google, model = android-emulator64_x86_64_arm64, product = sdk_gphone64_x86_64, manufacturer = Google, name = sdk_gphone64_x86_64, buildType = pandora
05-31 11:48:53.710 16255 16255 I PANDORA : PANDORA ------------------------------------------------------------------------------------------------------------------------------
05-31 11:48:53.763 16255 16255 I MediaRouter: Skip setBluetoothA2dpOn(): types=8388615, isPlaybackActive()=false, BT route=null
05-31 11:48:53.766 16255 16255 I MediaRouter: Found default route: MediaRouter.RouteInfo{ uniqueId=android/.support.v7.media.SystemMediaRouteProvider:DEFAULT_ROUTE, name=Phone, description=null, iconUri=null, enabled=true, connecting=false, connectionState=0, canDisconnect=false, playbackType=0, playbackStream=3, deviceType=0, volumeHandling=1, volume=5, volumeMax=15, presentationDisplayId=-1, extras=null, settingsIntent=null, providerPackageName=android }
05-31 11:48:53.766 16255 16255 I MediaRouter: Unselecting the current route because it is no longer selectable: null
05-31 11:48:53.773 16255 16255 W pandora.androi: Unsupported class loader
05-31 11:48:53.774 16255 16255 W pandora.androi: Unsupported class loader
05-31 11:48:53.775   614  4715 E system_server: Invalid class loader spec: =UnsupportedClassLoaderContext=
05-31 11:48:53.775   614  4715 E PackageDexUsage: Unsupported context?
05-31 11:48:53.778 16255 16255 I DynamiteModule: Considering local module com.google.android.gms.cast.framework.dynamite:0 and remote module com.google.android.gms.cast.framework.dynamite:251933000
05-31 11:48:53.779 16255 16255 I DynamiteModule: Selected remote version of com.google.android.gms.cast.framework.dynamite, version >= 251933000
05-31 11:48:53.798 16255 16255 W System  : ClassLoader referenced unknown path: 
05-31 11:48:53.799   614  4715 W ActivityManager: Unable to start service Intent { act=android.service.smartspace.SmartspaceService cmp=com.google.android.as/com.google.android.apps.miphone.aiai.app.AiAiSmartspaceService } U=0: not found
05-31 11:48:53.799   614  4715 W RemoteSmartspaceService: could not bind to Intent { act=android.service.smartspace.SmartspaceService cmp=com.google.android.as/com.google.android.apps.miphone.aiai.app.AiAiSmartspaceService } using flags 67112961
05-31 11:48:53.799   614   614 W ActivityManager: Unbind failed: could not find connection for android.app.LoadedApk$ServiceDispatcher$InnerConnection@cb8522c
05-31 11:48:53.809  1894  1894 I A       : onApplyWindowInsets: systemWindowInsets=Insets{left=0, top=63, right=0, bottom=126}
05-31 11:48:53.809  1894  1894 I A       : onApplyWindowInsets: systemWindowInsets=Insets{left=0, top=63, right=0, bottom=126}
05-31 11:48:53.811 16255 16255 W pandora.androi: ClassLoaderContext classpath size mismatch. expected=14, found=4 (DLC[];PCL[base.apk*3123361869:base.apk!classes2.dex*4121727785:base.apk!classes3.dex*577902322:base.apk!classes4.dex*1511137955:base.apk!classes5.dex*3994326502:base.apk!classes6.dex*3899113914:base.apk!classes7.dex*1848497157:base.apk!classes8.dex*1194602846:base.apk!classes9.dex*3560893588:base.apk!classes10.dex*515437853:base.apk!classes11.dex*2917733953:base.apk!classes12.dex*685421462:base.apk!classes13.dex*4084823322:base.apk!classes14.dex*1339497593]{PCL[/system/framework/org.apache.http.legacy.jar*2058259660]#PCL[/system/framework/com.android.media.remotedisplay.jar*3472798122]#PCL[/system/framework/com.android.location.provider.jar*3633238673]#PCL[/system_ext/framework/androidx.window.sidecar.jar*3539530913]#PCL[/system/framework/org.apache.http.legacy.jar*2058259660]} | DLC[];PCL[/data/app/~~MiDVwsC5YwCKtAsHaAx-4w==/com.pandora.android-XucCb4LZ2pbhS7_NDExOjw==/base.apk*2739428507:/data/app/~~MiDVwsC5YwCKtAsHaAx-4w==/com.pandora.android-XucCb4LZ2pbhS7_NDExOjw==/base.apk!classes2.dex*257402535:/data/app/~~MiDVwsC5YwCKtAsHaAx-4w==/com.pandora.android-XucCb4LZ2pbhS7_NDExOjw==/base.apk!classes3.dex*1795021704:/data/app/~~MiDVwsC5YwCKtAsHaAx-4w==/com.pandora.android-XucCb4LZ2pbhS7_NDExOjw==/base.apk!classes4.dex*685841310]{PCL[/system/framework/android.test.base.jar*3790657674]#PCL[/system/framework/org.apache.http.legacy.jar*2058259660]})
05-31 11:48:53.825 16255 16255 I CastDynamiteModuleImpl: rh created by ClassLoader dalvik.system.DelegateLastClassLoader[DexPathList[[zip file "/data/app/~~dlb1YKdIHlirwQwu-BW35Q==/com.google.android.gms-6rk8yLhWE1u1jxZik9KAaw==/split_DynamiteModulesC_installtime.apk"],nativeLibraryDirectories=[/data/app/~~dlb1YKdIHlirwQwu-BW35Q==/com.google.android.gms-6rk8yLhWE1u1jxZik9KAaw==/split_DynamiteModulesC_installtime.apk!/lib/x86_64, /data/app/~~dlb1YKdIHlirwQwu-BW35Q==/com.google.android.gms-6rk8yLhWE1u1jxZik9KAaw==/split_DynamiteModulesC_installtime.apk!/lib/arm64-v8a, /system/lib64, /system_ext/lib64]]].
05-31 11:48:53.872 16255 16255 I WebViewFactory: Loading com.google.android.webview version 91.0.4472.114 (code 447211487)
05-31 11:48:53.897 16255 16255 I cr_LibraryLoader: Loaded native library version number "91.0.4472.114"
05-31 11:48:53.898 16255 16255 I cr_CachingUmaRecorder: Flushed 6 samples from 6 histograms.
05-31 11:48:53.919 16353 16353 W ocessService0:: Unexpected CPU variant for X86 using defaults: x86_64
05-31 11:48:53.920   614   677 I ActivityManager: Start proc 16353:com.google.android.webview:sandboxed_process0:org.chromium.content.app.SandboxedProcessService0:0/u0i4 for  {com.pandora.android/org.chromium.content.app.SandboxedProcessService0:0}
05-31 11:48:53.925 16353 16353 E ocessService0:: Not starting debugger since process cannot load the jdwp agent.
05-31 11:48:53.943 16353 16353 I cr_ChildProcessService: Creating new ChildProcessService pid=16353
05-31 11:48:53.980 16255 16255 W pandora.android: type=1400 audit(0.0:137): avc: granted { nlmsg_readpriv } for scontext=u:r:untrusted_app_27:s0:c160,c256,c512,c768 tcontext=u:r:untrusted_app_27:s0:c160,c256,c512,c768 tclass=netlink_route_socket app=com.pandora.android
05-31 11:48:53.990 16255 16255 I JobManager: Found pending job request{id=1, tag=stats_flush_job, transient=false}, canceling
05-31 11:48:54.028 16255 16255 W pandora.android: type=1400 audit(0.0:138): avc: granted { nlmsg_readpriv } for scontext=u:r:untrusted_app_27:s0:c160,c256,c512,c768 tcontext=u:r:untrusted_app_27:s0:c160,c256,c512,c768 tclass=netlink_route_socket app=com.pandora.android
05-31 11:48:54.086 16255 16255 W System.err: java.io.FileNotFoundException: /storage/emulated/0/bmwgroup/com.pandora.android/category.txt: open failed: ENOENT (No such file or directory)
05-31 11:48:54.086 16255 16255 W System.err: 	at libcore.io.IoBridge.open(IoBridge.java:575)
05-31 11:48:54.086 16255 16255 W System.err: 	at java.io.FileOutputStream.<init>(FileOutputStream.java:236)
05-31 11:48:54.086 16255 16255 W System.err: 	at java.io.FileOutputStream.<init>(FileOutputStream.java:186)
05-31 11:48:54.086 16255 16255 W System.err: 	at java.io.FileWriter.<init>(FileWriter.java:90)
05-31 11:48:54.086 16255 16255 W System.err: 	at com.bmwgroup.connected.car.app.a$2.run(SourceFile:330)
05-31 11:48:54.086 16255 16255 W System.err: 	at android.os.Handler.handleCallback(Handler.java:938)
05-31 11:48:54.086 16255 16255 W System.err: 	at android.os.Handler.dispatchMessage(Handler.java:99)
05-31 11:48:54.086 16255 16255 W System.err: 	at android.os.Looper.loopOnce(Looper.java:201)
05-31 11:48:54.086 16255 16255 W System.err: 	at android.os.Looper.loop(Looper.java:288)
05-31 11:48:54.086 16255 16255 W System.err: 	at android.app.ActivityThread.main(ActivityThread.java:7839)
05-31 11:48:54.086 16255 16255 W System.err: 	at java.lang.reflect.Method.invoke(Native Method)
05-31 11:48:54.086 16255 16255 W System.err: 	at com.android.internal.os.RuntimeInit$MethodAndArgsCaller.run(RuntimeInit.java:548)
05-31 11:48:54.086 16255 16255 W System.err: 	at com.android.internal.os.ZygoteInit.main(ZygoteInit.java:1003)
05-31 11:48:54.086 16255 16255 W System.err: Caused by: android.system.ErrnoException: open failed: ENOENT (No such file or directory)
05-31 11:48:54.086 16255 16255 W System.err: 	at libcore.io.Linux.open(Native Method)
05-31 11:48:54.086 16255 16255 W System.err: 	at libcore.io.ForwardingOs.open(ForwardingOs.java:567)
05-31 11:48:54.086 16255 16255 W System.err: 	at libcore.io.BlockGuardOs.open(BlockGuardOs.java:273)
05-31 11:48:54.086 16255 16255 W System.err: 	at libcore.io.ForwardingOs.open(ForwardingOs.java:567)
05-31 11:48:54.086 16255 16255 W System.err: 	at android.app.ActivityThread$AndroidOs.open(ActivityThread.java:7725)
05-31 11:48:54.087 16255 16255 W System.err: 	at libcore.io.IoBridge.open(IoBridge.java:561)
05-31 11:48:54.087 16255 16255 W System.err: 	... 12 more
05-31 11:48:54.121  1312  1863 I Wear_Controller: Wearable module requires a companion app to be installed.
05-31 11:48:54.121  1312  1863 I WearableService: onCreate: Wearable Services not starting. Wear is not available on this device.
05-31 11:48:54.138   614   614 W NotificationHistory: Attempted to add notif for locked/gone/disabled user 0
05-31 11:48:54.136 16255 16255 W pandora.android: type=1400 audit(0.0:139): avc: granted { nlmsg_readpriv } for scontext=u:r:untrusted_app_27:s0:c160,c256,c512,c768 tcontext=u:r:untrusted_app_27:s0:c160,c256,c512,c768 tclass=netlink_route_socket app=com.pandora.android
05-31 11:48:54.186   176   176 I hwservicemanager: getTransport: Cannot find entry android.hardware.configstore@1.0::ISurfaceFlingerConfigs/default in either framework or device VINTF manifest.
05-31 11:48:54.186 16255 16328 W OpenGLRenderer: Failed to choose config with EGL_SWAP_BEHAVIOR_PRESERVED, retrying without...
05-31 11:48:54.186 16255 16328 W OpenGLRenderer: Failed to initialize 101010-2 format, error = EGL_SUCCESS
05-31 11:48:54.234   357   467 E HWComposer: getSupportedContentTypes: getSupportedContentTypes failed for display 4619827259835644672: Unsupported (8)
05-31 11:48:54.234   176   176 I hwservicemanager: getTransport: Cannot find entry android.hardware.graphics.mapper@4.0::IMapper/default in either framework or device VINTF manifest.
05-31 11:48:54.235 16255 16328 I Gralloc4: mapper 4.x is not supported
05-31 11:48:54.237   176   176 I hwservicemanager: getTransport: Cannot find entry android.hardware.graphics.allocator@4.0::IAllocator/default in either framework or device VINTF manifest.
05-31 11:48:54.237 16255 16328 W Gralloc4: allocator 4.x is not supported
05-31 11:48:54.354   614   663 I ActivityTaskManager: Displayed com.pandora.android/.Main: +944ms
