--------- beginning of main
05-31 11:48:31.197  1410  1410 I GoogleInputMethodService: GoogleInputMethodService.onFinishInput():3420 
05-31 11:48:31.203   614  3993 W InputManager-JNI: Input channel object '8f30850 InputMethod (client)' was disposed without first being removed with the input manager!
05-31 11:48:31.207  1410  1410 I NormalModeController: NormalModeController.getKeyboardBodyViewHolderPaddingBottom():109 currentPrimeKeyboardType:SOFT systemPaddingBottom:-1
05-31 11:48:31.210  1410  1410 I AbstractOpenableExtension: AbstractOpenableExtension.maybeDestroyExistingKeyboardGroupManager():514 Destroy existing keyboard group manager in fau
05-31 11:48:31.211  1410  1410 I KeyboardViewController: KeyboardViewController.clearSubViewControllerInternal():411 Clears keyboard sub view controller for keyboardType: null, viewType: HEADER, viewId: 2131428269(#0x7f0b03ad),which has not been set.
05-31 11:48:31.219  1410  1410 I AbstractOpenableExtension: AbstractOpenableExtension.maybeDestroyExistingKeyboardGroupManager():514 Destroy existing keyboard group manager in fci
05-31 11:48:31.219  1410  1410 I AbstractOpenableExtension: AbstractOpenableExtension.maybeDestroyExistingKeyboardGroupManager():514 Destroy existing keyboard group manager in eyj
05-31 11:48:31.220  1410 10058 I JapaneseMozcExtension: JapaneseMozcExtension.onDestroyServiceInternal():81 onDestroyServiceInternal()
05-31 11:48:31.223  1410  1410 I AbstractOpenableExtension: AbstractOpenableExtension$3.onSuccess():527 KeyboardGroupManager destroyed in fau.
05-31 11:48:31.229  1410  1410 I AbstractOpenableExtension: AbstractOpenableExtension$3.onSuccess():527 KeyboardGroupManager destroyed in fci.
05-31 11:48:31.229  1410  1410 I AbstractOpenableExtension: AbstractOpenableExtension$3.onSuccess():527 KeyboardGroupManager destroyed in eyj.
--------- beginning of system
05-31 11:48:31.607   614   664 E RemoteAugmentedAutofillService: Bad service name for flags 1048704: com.google.android.as/com.google.android.apps.miphone.aiai.app.AiAiAugmentedAutofillService
05-31 11:48:31.697  5467  5467 I abb     : StartCommandInProcess(73657474696e67730067657400676c6f settings.get.glo [truncated])
05-31 11:48:31.696   614   614 W Binder:614_16: type=1400 audit(0.0:126): avc: denied { getopt } for scontext=u:r:system_server:s0 tcontext=u:r:shell:s0 tclass=unix_stream_socket permissive=0
05-31 11:48:31.704  5467  5467 I abb     : StartCommandInProcess(7061636b61676500696e7374616c6c00 package.install. [truncated])
05-31 11:48:31.696   614   614 W Binder:614_16: type=1400 audit(0.0:127): avc: denied { getopt } for scontext=u:r:system_server:s0 tcontext=u:r:shell:s0 tclass=unix_stream_socket permissive=0
05-31 11:48:31.696   614   614 W Binder:614_16: type=1400 audit(0.0:128): avc: denied { getopt } for scontext=u:r:system_server:s0 tcontext=u:r:shell:s0 tclass=unix_stream_socket permissive=0
05-31 11:48:32.212   614   614 W Binder:614_16: type=1400 audit(0.0:129): avc: denied { getopt } for scontext=u:r:system_server:s0 tcontext=u:r:shell:s0 tclass=unix_stream_socket permissive=0
05-31 11:48:32.321   614   701 I PackageManager: Integrity check passed for file:///data/app/vmdl1719764339.tmp
05-31 11:48:32.335   614   701 I PackageManager: Permission ownership changed. Updating all permissions.
05-31 11:48:32.376   614   701 I PackageDexOptimizer: Running dexopt (dexoptNeeded=1) on: /data/app/~~MiDVwsC5YwCKtAsHaAx-4w==/com.pandora.android-XucCb4LZ2pbhS7_NDExOjw==/base.apk pkg=com.pandora.android isa=x86_64 dexoptFlags=boot_complete,profile_guided,public,enable_hidden_api_checks targetFilter=speed-profile oatDir=/data/app/~~MiDVwsC5YwCKtAsHaAx-4w==/com.pandora.android-XucCb4LZ2pbhS7_NDExOjw==/oat classLoaderContext=PCL[]{PCL[/system/framework/android.test.base.jar]#PCL[/system/framework/org.apache.http.legacy.jar]}
05-31 11:48:32.385  1475  5134 I MediaProvider: Invalidating LocalCallingIdentity cache for package com.pandora.android. Reason: op android:read_external_storage
05-31 11:48:32.385  1475  5134 I MediaProvider: Invalidating LocalCallingIdentity cache for package com.pandora.android. Reason: op android:read_external_storage
05-31 11:48:32.386  1475  5134 I MediaProvider: Invalidating LocalCallingIdentity cache for package com.pandora.android. Reason: op android:read_external_storage
05-31 11:48:32.386  1475  5134 I MediaProvider: Invalidating LocalCallingIdentity cache for package com.pandora.android. Reason: op android:read_external_storage
05-31 11:48:32.390 15209 15209 W dex2oat64: Unexpected CPU variant for X86 using defaults: x86_64
05-31 11:48:32.390 15209 15209 W dex2oat64: Mismatch between dex2oat instruction set features to use (ISA: X86_64 Feature string: -ssse3,-sse4.1,-sse4.2,-avx,-avx2,-popcnt) and those from CPP defines (ISA: X86_64 Feature string: ssse3,sse4.1,sse4.2,-avx,-avx2,popcnt) for the command line:
05-31 11:48:32.390 15209 15209 W dex2oat64: /apex/com.android.art/bin/dex2oat64 --zip-fd=7 --zip-location=base.apk --oat-fd=8 --oat-location=/data/app/~~MiDVwsC5YwCKtAsHaAx-4w==/com.pandora.android-XucCb4LZ2pbhS7_NDExOjw==/oat/x86_64/base.odex --input-vdex-fd=-1 --output-vdex-fd=9 --swap-fd=10 --classpath-dir=/data/app/~~MiDVwsC5YwCKtAsHaAx-4w==/com.pandora.android-XucCb4LZ2pbhS7_NDExOjw== --class-loader-context=PCL[]{PCL[/system/framework/android.test.base.jar]#PCL[/system/framework/org.apache.http.legacy.jar]} --compact-dex-level=none --instruction-set=x86_64 --instruction-set-features=default --instruction-set-variant=x86_64 --compiler-filter=speed-profile --compilation-reason=install --max-image-block-size=524288 --resolve-startup-const-strings=true --generate-mini-debug-info --runtime-arg -Xtarget-sdk-version:28 --runtime-arg -Xhidden-api-policy:enabled --runtime-arg -Xms64m --runtime-arg -Xmx512m
05-31 11:48:32.390 15209 15209 I dex2oat64: /apex/com.android.art/bin/dex2oat64 --input-vdex-fd=-1 --output-vdex-fd=9 --classpath-dir=/data/app/~~MiDVwsC5YwCKtAsHaAx-4w==/com.pandora.android-XucCb4LZ2pbhS7_NDExOjw== --class-loader-context=PCL[]{PCL[/system/framework/android.test.base.jar]#PCL[/system/framework/org.apache.http.legacy.jar]} --compact-dex-level=none --compiler-filter=speed-profile --compilation-reason=install --max-image-block-size=524288 --resolve-startup-const-strings=true --generate-mini-debug-info
05-31 11:48:32.638 15209 15209 I dex2oat64: Large app, accepted running with swap.
05-31 11:48:34.323   175   175 I servicemanager: Since 'apexservice' could not be found, trying to start it as a lazy AIDL service
05-31 11:48:34.373 15209 15209 I dex2oat64: dex2oat took 1.983s (6.081s cpu) (threads: 4) arena alloc=0B (0B) java alloc=29MB (31103536B) native alloc=4519KB (4628128B) free=1561KB (1599264B) swap=16MB (16777216B)
05-31 11:48:34.413   384   384 E installd: Couldn't opendir /data/app/vmdl1719764339.tmp: No such file or directory
05-31 11:48:34.413   384   384 E installd: Failed to delete /data/app/vmdl1719764339.tmp: No such file or directory
05-31 11:48:34.416   614   614 W Binder:614_16: type=1400 audit(0.0:130): avc: denied { getopt } for scontext=u:r:system_server:s0 tcontext=u:r:shell:s0 tclass=unix_stream_socket permissive=0
05-31 11:48:34.429  1705 15085 I AppLinksIntentOperation: Verifying requested domains [CONTEXT service_id=244 ]
05-31 11:48:34.428   614   614 W Binder:614_16: type=1400 audit(0.0:131): avc: denied { getopt } for scontext=u:r:system_server:s0 tcontext=u:r:shell:s0 tclass=unix_stream_socket permissive=0
05-31 11:48:34.451  1705  1705 I IntentFilterVerRcvr: S+ domain verification enabled [CONTEXT service_id=244 ]
05-31 11:48:34.432   614   614 W Binder:614_16: type=1400 audit(0.0:132): avc: denied { getopt } for scontext=u:r:system_server:s0 tcontext=u:r:shell:s0 tclass=unix_stream_socket permissive=0
05-31 11:48:34.455   175   175 I BpBinder: onLastStrongRef automatically unlinking death recipients: <uncached descriptor>
05-31 11:48:34.459   175   175 I servicemanager: Tried to unregister apexservice, but there is about to be a client.
05-31 11:48:34.462  1475  1475 I MediaProvider: Invalidating LocalCallingIdentity cache for package com.pandora.android. Reason: package android.intent.action.PACKAGE_ADDED
05-31 11:48:34.467   614   768 I InputReader: Reconfiguring input devices, changes=KEYBOARD_LAYOUTS | 
05-31 11:48:34.469  2231  2231 I GsaVoiceInteractionSrv: O received Intent { act=android.intent.action.PACKAGE_ADDED dat=package:com.pandora.android flg=0x4000010 (has extras) }
05-31 11:48:34.470   614   755 I RoleService: Granting default roles...
05-31 11:48:34.472   614   675 E system_server: No package ID 7f found for ID 0x7f0802d1.
05-31 11:48:34.472   614   675 E system_server: No package ID 7f found for ID 0x7f120565.
05-31 11:48:34.472   614   675 E system_server: No package ID 7f found for ID 0x7f120565.
05-31 11:48:34.483  2404 15067 W Role    : Cannot get ApplicationInfo for default holder: com.google.android.contacts
05-31 11:48:34.484  2404 15067 W Role    : Cannot get ApplicationInfo for default holder: com.google.android.as
05-31 11:48:34.488   614   676 W BroadcastQueue: Background execution not allowed: receiving Intent { act=android.intent.action.PACKAGE_ADDED dat=package:com.pandora.android flg=0x4000010 (has extras) } to com.google.android.packageinstaller/com.android.packageinstaller.PackageInstalledReceiver
05-31 11:48:34.488   614   676 W BroadcastQueue: Background execution not allowed: receiving Intent { act=android.intent.action.PACKAGE_ADDED dat=package:com.pandora.android flg=0x4000010 (has extras) } to com.android.vending/com.google.android.finsky.packagemonitor.impl.PackageMonitorReceiverImpl$RegisteredReceiver
05-31 11:48:34.488   614   676 W BroadcastQueue: Background execution not allowed: receiving Intent { act=android.intent.action.PACKAGE_ADDED dat=package:com.pandora.android flg=0x4000010 (has extras) } to com.android.vending/com.google.android.finsky.packagemonitor.backgroundimpl.BackgroundPackageMonitorReceiverImpl$RegisteredReceiver
05-31 11:48:34.488   614   676 W BroadcastQueue: Background execution not allowed: receiving Intent { act=android.intent.action.PACKAGE_ADDED dat=package:com.pandora.android flg=0x4000010 (has extras) } to com.google.android.gms/.chimera.GmsIntentOperationService$PersistentTrustedReceiver
05-31 11:48:34.488   614   676 W BroadcastQueue: Background execution not allowed: receiving Intent { act=android.intent.action.PACKAGE_ADDED dat=package:com.pandora.android flg=0x4000010 (has extras) } to com.google.android.gms/.games.chimera.GamesSystemBroadcastReceiverProxy
05-31 11:48:34.489   614   676 W BroadcastQueue: Background execution not allowed: receiving Intent { act=android.intent.action.PACKAGE_ADDED dat=package:com.pandora.android flg=0x4000010 (has extras) } to com.google.android.gms/.gass.chimera.PackageChangeBroadcastReceiver
05-31 11:48:34.489   614   676 W BroadcastQueue: Background execution not allowed: receiving Intent { act=android.intent.action.PACKAGE_ADDED dat=package:com.pandora.android flg=0x4000010 (has extras) } to com.google.android.googlequicksearchbox/com.google.android.apps.gsa.googlequicksearchbox.GelStubAppWatcher
05-31 11:48:34.491   614   614 I Telecom : DefaultDialerCache: Refreshing default dialer for user 0: now com.android.dialer: DDC.oR@AMk
05-31 11:48:34.496 10446 10446 I Finsky  : [2] adcs.g(1): adcs - Received: android.intent.action.PACKAGE_ADDED, [1y4T6oxlXZ2-xx3D116rdxfIrWwcYmofgHc6cGuctu4]
05-31 11:48:34.498 10616 10616 I Finsky:background: [2] adch.g(6): adch - Received: android.intent.action.PACKAGE_ADDED, [1y4T6oxlXZ2-xx3D116rdxfIrWwcYmofgHc6cGuctu4]
05-31 11:48:34.511  2404  2423 I PermissionControllerServiceImpl: Updating user sensitive for uid 10160
05-31 11:48:34.516 10446 10446 I Finsky  : [2] akbb.f(9): Clearing split related stale data.
05-31 11:48:34.547   614   698 E VerityUtils: Failed to measure fs-verity, errno 1: /data/app/~~MiDVwsC5YwCKtAsHaAx-4w==/com.pandora.android-XucCb4LZ2pbhS7_NDExOjw==/base.apk
05-31 11:48:34.556  1705 15085 I AppLinksRequestHandler: (REDACTED) Processing %d input requests
05-31 11:48:34.557 10446 10446 I Finsky  : [2] atbs.c(44): Do not start WearSupportService due to Wear service optimization
05-31 11:48:34.557 10446 10446 I Finsky  : [2] xem.jr(11): DTU: Received onPackageAdded, replacing: false
05-31 11:48:34.558 10446 12631 I Finsky  : [152] poo.kh(210): [ContentSync] finished, scheduled=false
05-31 11:48:34.561 10616 14134 I Finsky:background: [116] ruh.accept(120): Wrote row to frosting DB: 250
05-31 11:48:34.563  2404 15067 W Role    : Cannot get ApplicationInfo for default holder: com.google.android.as
05-31 11:48:34.564  2404 15067 W Role    : Cannot get ApplicationInfo for default holder: com.google.android.as
05-31 11:48:34.568  1705 15085 I AppLinksUtilsV1: Legacy cross-profile verification enabled [CONTEXT service_id=244 ]
05-31 11:48:34.602  1705 15089 I Auth    : (REDACTED) [SupervisedAccountIntentOperationV2] onHandleIntent: %s
05-31 11:48:34.604  1705 15089 I Blockstore: (REDACTED) [DataStoreImpl] Clearing Blockstore Data for package %s
05-31 11:48:34.605  1705 15089 I Blockstore: [DataStoreImpl] Keyless data not found or its IsLastInstallationData = false. [CONTEXT service_id=258 ]
05-31 11:48:34.605  1705 15089 I Dck     : (REDACTED) disableDckSupport: %s
05-31 11:48:34.605  1705 15089 W Dck     : [WirelessCapabilitiesFeatures] wccSysProp: 0 [CONTEXT service_id=289 ]
05-31 11:48:34.605  1705 15089 I Dck     : [WirelessCapabilitiesFeatures] wccMendel: 3 [CONTEXT service_id=289 ]
05-31 11:48:34.605  1705 15089 I Dck     : [WirelessCapabilitiesFeatures] deviceWccOverride: false [CONTEXT service_id=289 ]
05-31 11:48:34.605  1705 15089 I Dck     : [WirelessCapabilitiesFeatures] replaceSupportedWccWithWccOverride: true [CONTEXT service_id=289 ]
05-31 11:48:34.605  1705 15089 I Dck     : [WirelessCapabilitiesFeatures] wccOverride: not set [CONTEXT service_id=289 ]
05-31 11:48:34.605  1705 15089 I Dck     : (REDACTED) [WirelessCapabilitiesFeatures] wcc: %s
05-31 11:48:34.605  1705 15089 I Dck     : Dck module condition - hasWccSupport: false [CONTEXT service_id=289 ]
05-31 11:48:34.605  1705 15089 I Dck     : Dck module condition - downloadAllowed: false [CONTEXT service_id=289 ]
05-31 11:48:34.605  1705 15089 W Dck     : Dck module not eligible for asynchronous downloading [CONTEXT service_id=289 ]
05-31 11:48:34.609  5669 15236 I ProvidersCache: Provider returned no roots. Possibly naughty: com.google.android.apps.docs.storage
05-31 11:48:34.610  1312 15079 W GCM     : Unexpected forwarded intent: Intent { act=android.intent.action.PACKAGE_ADDED dat=package:com.pandora.android flg=0x4000010 pkg=com.google.android.gms cmp=com.google.android.gms/.chimera.PersistentIntentOperationService (has extras) }
05-31 11:48:34.610  1312 15079 W NetworkScheduler: Unexpected forwarded intent: Intent { act=android.intent.action.PACKAGE_ADDED dat=package:com.pandora.android flg=0x4000010 pkg=com.google.android.gms cmp=com.google.android.gms/.chimera.PersistentIntentOperationService (has extras) }
05-31 11:48:34.613  1705  4316 I cn_CronetUrlRequestContext: destroyNativeStreamLocked org.chromium.net.impl.CronetBidirectionalStream@2c50868
05-31 11:48:34.626   614   675 W PackageManager: Failed registering loading progress callback. Package is fully loaded.
05-31 11:48:34.640 10616 14134 I Finsky:background: [116] ruh.accept(120): Wrote row to frosting DB: 251
05-31 11:48:34.675  1705  9970 I Icing   : Indexing com.google.android.gms-apps from com.google.android.gms
05-31 11:48:34.686   614   633 I system_server: Background concurrent copying GC freed 175065(9488KB) AllocSpace objects, 47(2008KB) LOS objects, 50% free, 22MB/45MB, paused 4.661ms,272us total 272.334ms
05-31 11:48:34.689  1705  9970 I Icing   : Indexing done com.google.android.gms-apps
05-31 11:48:34.695   614   635 W System  : A resource failed to call close. 
05-31 11:48:34.699  2404 15067 W Role    : Cannot get ApplicationInfo for default holder: com.google.android.as
05-31 11:48:34.709  1705  6122 E hngh    : *~*~*~ Previous channel {0} was garbage collected without being shut down! ~*~*~*
05-31 11:48:34.709  1705  6122 E hngh    :     Make sure to call shutdown()/shutdownNow()
05-31 11:48:34.709  1705  6122 E hngh    : java.lang.RuntimeException: ManagedChannel allocation site
05-31 11:48:34.709  1705  6122 E hngh    : 	at hngg.<init>(:com.google.android.gms@251933032@25.19.33 (190800-762115751):21)
05-31 11:48:34.709  1705  6122 E hngh    : 	at hngh.<init>(:com.google.android.gms@251933032@25.19.33 (190800-762115751):10)
05-31 11:48:34.709  1705  6122 E hngh    : 	at hngf.a(:com.google.android.gms@251933032@25.19.33 (190800-762115751):250)
05-31 11:48:34.709  1705  6122 E hngh    : 	at hmrh.a(:com.google.android.gms@251933032@25.19.33 (190800-762115751):5)
05-31 11:48:34.709  1705  6122 E hngh    : 	at chle.h(:com.google.android.gms@251933032@25.19.33 (190800-762115751):81)
05-31 11:48:34.709  1705  6122 E hngh    : 	at gddt.a(:com.google.android.gms@251933032@25.19.33 (190800-762115751):182)
05-31 11:48:34.709  1705  6122 E hngh    : 	at frtu.a(:com.google.android.gms@251933032@25.19.33 (190800-762115751):13)
05-31 11:48:34.709  1705  6122 E hngh    : 	at fzvl.a(:com.google.android.gms@251933032@25.19.33 (190800-762115751):3)
05-31 11:48:34.709  1705  6122 E hngh    : 	at fzum.run(:com.google.android.gms@251933032@25.19.33 (190800-762115751):19)
05-31 11:48:34.709  1705  6122 E hngh    : 	at fzvn.run(:com.google.android.gms@251933032@25.19.33 (190800-762115751):5)
05-31 11:48:34.709  1705  6122 E hngh    : 	at ayfn.c(:com.google.android.gms@251933032@25.19.33 (190800-762115751):50)
05-31 11:48:34.709  1705  6122 E hngh    : 	at ayfn.run(:com.google.android.gms@251933032@25.19.33 (190800-762115751):70)
05-31 11:48:34.709  1705  6122 E hngh    : 	at java.util.concurrent.ThreadPoolExecutor.runWorker(ThreadPoolExecutor.java:1167)
05-31 11:48:34.709  1705  6122 E hngh    : 	at java.util.concurrent.ThreadPoolExecutor$Worker.run(ThreadPoolExecutor.java:641)
05-31 11:48:34.709  1705  6122 E hngh    : 	at aylc.run(:com.google.android.gms@251933032@25.19.33 (190800-762115751):8)
05-31 11:48:34.709  1705  6122 E hngh    : 	at java.lang.Thread.run(Thread.java:920)
05-31 11:48:34.756  2404 15067 W Role    : Cannot get ApplicationInfo for default holder: com.google.android.as
05-31 11:48:34.756  1475  1748 W MediaProvider: isAppCloneUserPair for user 0: false
05-31 11:48:34.757  1705 14173 W Conscrypt: Could not set socket write timeout: java.net.SocketException: Socket closed
05-31 11:48:34.760  1705 14173 W Conscrypt: 	at com.google.android.gms.org.conscrypt.Platform.setSocketWriteTimeout(:com.google.android.gms@251933032@25.19.33 (190800-762115751):204)
05-31 11:48:34.760  1705 14173 W Conscrypt: 	at com.google.android.gms.org.conscrypt.ConscryptFileDescriptorSocket.setSoWriteTimeout(:com.google.android.gms@251933032@25.19.33 (190800-762115751):4)
05-31 11:48:34.762  2404 15067 W Role    : Cannot get ApplicationInfo for default holder: com.google.android.as
05-31 11:48:34.785   176   176 I hwservicemanager: getTransport: Cannot find entry android.hardware.graphics.mapper@4.0::IMapper/default in either framework or device VINTF manifest.
05-31 11:48:34.786 15252 15255 I Gralloc4: mapper 4.x is not supported
05-31 11:48:34.807   614  2860 I ActivityManager: Background started FGS: Allowed [callingPackage: com.google.android.apps.wellbeing; callingUid: 10100; uidState: BTOP; intent: Intent { cmp=com.google.android.apps.wellbeing/com.google.apps.tiktok.concurrent.InternalForegroundService (has extras) }; code:BACKGROUND_ACTIVITY_PERMISSION; tempAllowListReason:<null>; targetSdkVersion:30; callerTargetSdkVersion:30; startForegroundCount:0; bindFromPackage:null]
05-31 11:48:34.812   614   614 W NotificationHistory: Attempted to add notif for locked/gone/disabled user 0
05-31 11:48:34.931  1705 14173 W Conscrypt: Could not set socket write timeout: java.net.SocketException: Socket closed
05-31 11:48:34.931  1705 14173 W Conscrypt: 	at com.google.android.gms.org.conscrypt.Platform.setSocketWriteTimeout(:com.google.android.gms@251933032@25.19.33 (190800-762115751):204)
05-31 11:48:34.931  1705 14173 W Conscrypt: 	at com.google.android.gms.org.conscrypt.ConscryptFileDescriptorSocket.setSoWriteTimeout(:com.google.android.gms@251933032@25.19.33 (190800-762115751):4)
05-31 11:48:35.091  1475  5109 I MediaProvider: Begin Intent { act=android.intent.action.MEDIA_SCANNER_SCAN_FILE dat=file:///sdcard/screen_2025-05-31_194835.png flg=0x1400010 cmp=com.google.android.providers.media.module/com.android.providers.media.MediaService }
05-31 11:48:35.093  1705  6122 I AppLinksAsyncVerifierV2: (REDACTED) Verification result: checking for a statement with source %s, relation delegate_permission/common.handle_all_urls, and target %s --> %b.
05-31 11:48:35.093  1705 15085 I AppLinksHostsVerifierV2: (REDACTED) Verification %s complete. Successful hosts: %s. Failed hosts: %s. Error hosts: %s.
05-31 11:48:35.095  1705 15085 I WebApkHostsVerifierV2: (REDACTED) Processing %d input requests
05-31 11:48:35.095  1705 15085 I AppLinksUtilsV1: Legacy cross-profile verification enabled [CONTEXT service_id=244 ]
05-31 11:48:35.096  1705 15085 I WebApkHostsVerifierV2: (REDACTED) Returning %d non-WebAPK requests
05-31 11:48:35.100  1475  5109 I MediaProvider: End Intent { act=android.intent.action.MEDIA_SCANNER_SCAN_FILE dat=file:///sdcard/screen_2025-05-31_194835.png flg=0x1400010 cmp=com.google.android.providers.media.module/com.android.providers.media.MediaService }
05-31 11:48:35.176  1475  1748 I MediaProvider: Deleted 0 1 0 0 0 0 0 items on external_primary due to com.android.shell
05-31 11:48:35.177  1312  2173 I UriTaskContentObserver: (REDACTED) Throttling content uri change event for %s
05-31 11:48:35.463   614  2623 I ActivityManager: Force stopping com.pandora.android appid=10160 user=0: from pid 15282
05-31 11:48:35.500   614   664 I ActivityTaskManager: START u0 {act=android.intent.action.MAIN cat=[android.intent.category.HOME] flg=0x10000100 cmp=com.google.android.apps.nexuslauncher/.NexusLauncherActivity (has extras)} from uid 0
05-31 11:48:35.508   614  3282 W ActivityManager: Unable to start service Intent { act=android.service.smartspace.SmartspaceService cmp=com.google.android.as/com.google.android.apps.miphone.aiai.app.AiAiSmartspaceService } U=0: not found
05-31 11:48:35.508   614  3282 W RemoteSmartspaceService: could not bind to Intent { act=android.service.smartspace.SmartspaceService cmp=com.google.android.as/com.google.android.apps.miphone.aiai.app.AiAiSmartspaceService } using flags 67112961
05-31 11:48:35.508   614   614 W ActivityManager: Unbind failed: could not find connection for android.app.LoadedApk$ServiceDispatcher$InnerConnection@7f8bfbe
05-31 11:48:35.601  1705 15085 I GmscoreIpa: Starting mediastore instant index [CONTEXT service_id=255 ]
05-31 11:48:36.841  1475  1745 W MediaProvider: isAppCloneUserPair for user 0: false
05-31 11:48:36.867   176   176 I hwservicemanager: getTransport: Cannot find entry android.hardware.graphics.mapper@4.0::IMapper/default in either framework or device VINTF manifest.
05-31 11:48:36.867 15306 15308 I Gralloc4: mapper 4.x is not supported
05-31 11:48:36.871   175   175 I servicemanager: Notifying apexservice they have clients: 1
05-31 11:48:36.871   175   175 I servicemanager: Notifying apexservice they have clients: 0
05-31 11:48:36.880   175   175 I BpBinder: onLastStrongRef automatically unlinking death recipients: <uncached descriptor>
05-31 11:48:37.213  1475  5109 I MediaProvider: Begin Intent { act=android.intent.action.MEDIA_SCANNER_SCAN_FILE dat=file:///sdcard/screen_2025-05-31_194837.png flg=0x1400010 cmp=com.google.android.providers.media.module/com.android.providers.media.MediaService }
05-31 11:48:37.219  1475  5109 I MediaProvider: End Intent { act=android.intent.action.MEDIA_SCANNER_SCAN_FILE dat=file:///sdcard/screen_2025-05-31_194837.png flg=0x1400010 cmp=com.google.android.providers.media.module/com.android.providers.media.MediaService }
05-31 11:48:37.285  1475  5089 I MediaProvider: Deleted 0 1 0 0 0 0 0 items on external_primary due to com.android.shell
05-31 11:48:37.286  1312  2173 I UriTaskContentObserver: (REDACTED) Throttling content uri change event for %s
05-31 11:48:37.792  1475  1745 W MediaProvider: isAppCloneUserPair for user 0: false
05-31 11:48:37.825   176   176 I hwservicemanager: getTransport: Cannot find entry android.hardware.graphics.mapper@4.0::IMapper/default in either framework or device VINTF manifest.
05-31 11:48:37.826 15343 15347 I Gralloc4: mapper 4.x is not supported
05-31 11:48:38.096  1475  5109 I MediaProvider: Begin Intent { act=android.intent.action.MEDIA_SCANNER_SCAN_FILE dat=file:///sdcard/screen_2025-05-31_194838.png flg=0x1400010 cmp=com.google.android.providers.media.module/com.android.providers.media.MediaService }
05-31 11:48:38.112  1475  5109 I MediaProvider: End Intent { act=android.intent.action.MEDIA_SCANNER_SCAN_FILE dat=file:///sdcard/screen_2025-05-31_194838.png flg=0x1400010 cmp=com.google.android.providers.media.module/com.android.providers.media.MediaService }
05-31 11:48:38.197  1475  5089 I MediaProvider: Deleted 0 1 0 0 0 0 0 items on external_primary due to com.android.shell
05-31 11:48:38.198  1312  2173 I UriTaskContentObserver: (REDACTED) Throttling content uri change event for %s
05-31 11:48:38.745  1475  1745 W MediaProvider: isAppCloneUserPair for user 0: false
05-31 11:48:38.770   176   176 I hwservicemanager: getTransport: Cannot find entry android.hardware.graphics.mapper@4.0::IMapper/default in either framework or device VINTF manifest.
05-31 11:48:38.770 15382 15384 I Gralloc4: mapper 4.x is not supported
05-31 11:48:39.111  1475  5109 I MediaProvider: Begin Intent { act=android.intent.action.MEDIA_SCANNER_SCAN_FILE dat=file:///sdcard/screen_2025-05-31_194839.png flg=0x1400010 cmp=com.google.android.providers.media.module/com.android.providers.media.MediaService }
05-31 11:48:39.130  1475  5109 I MediaProvider: End Intent { act=android.intent.action.MEDIA_SCANNER_SCAN_FILE dat=file:///sdcard/screen_2025-05-31_194839.png flg=0x1400010 cmp=com.google.android.providers.media.module/com.android.providers.media.MediaService }
05-31 11:48:39.291  1475  5089 I MediaProvider: Deleted 0 1 0 0 0 0 0 items on external_primary due to com.android.shell
05-31 11:48:39.654   614  2623 I ActivityTaskManager: START u0 {act=android.intent.action.MAIN cat=[android.intent.category.LAUNCHER] flg=0x10000000 cmp=com.pandora.android/.Main} from uid 2000
05-31 11:48:39.655   614  2623 W ActivityTaskManager: Can't find TaskDisplayArea to determine support for multi window. Task id=18 attached=false
05-31 11:48:39.678   614   677 I ActivityManager: Start proc 15414:com.pandora.android/u0a160 for pre-top-activity {com.pandora.android/com.pandora.android.Main}
05-31 11:48:39.683 15414 15414 W pandora.androi: Unexpected CPU variant for X86 using defaults: x86_64
05-31 11:48:39.687 15414 15414 E pandora.androi: Not starting debugger since process cannot load the jdwp agent.
05-31 11:48:39.747 15414 15414 I FirebaseInitProvider: FirebaseApp initialization successful
05-31 11:48:39.771  2231  2231 I GsaVoiceInteractionSrv: Handling ACTION_STOP_HOTWORD
05-31 11:48:39.772  2231  2231 E HwDetectorWithState: a: 3
05-31 11:48:40.005 15414 15472 W SQLiteLog: (28) double-quoted string literal: "6b441a5cf91bd963ed83ebd014d9c62f"
05-31 11:48:40.021 15414 15472 W SQLiteLog: (28) double-quoted string literal: "6b441a5cf91bd963ed83ebd014d9c62f"
05-31 11:48:40.025 15414 15414 W MediaSessionCompat: Couldn't find a unique registered media button receiver in the given context.
05-31 11:48:40.053 15414 15414 W Java7Support: Unable to load JDK7 types (annotations, java.nio.file.Path): no Java7 support added
05-31 11:48:40.064   614  2623 W ActivityManager: Unable to start service Intent { act=android.service.smartspace.SmartspaceService cmp=com.google.android.as/com.google.android.apps.miphone.aiai.app.AiAiSmartspaceService } U=0: not found
05-31 11:48:40.064   614  2623 W RemoteSmartspaceService: could not bind to Intent { act=android.service.smartspace.SmartspaceService cmp=com.google.android.as/com.google.android.apps.miphone.aiai.app.AiAiSmartspaceService } using flags 67112961
05-31 11:48:40.071   614   614 W ActivityManager: Unbind failed: could not find connection for android.app.LoadedApk$ServiceDispatcher$InnerConnection@f399e23
05-31 11:48:40.104 15414 15414 I PANDORA : PANDORA ------------------------------------------------------------------------------------------------------------------------------
05-31 11:48:40.104 15414 15414 I PANDORA : Pandora App: 1812.2 (prod, 1812.2RC9), code = 18122009, locale = US, brand = google, model = android-emulator64_x86_64_arm64, product = sdk_gphone64_x86_64, manufacturer = Google, name = sdk_gphone64_x86_64, buildType = pandora
05-31 11:48:40.104 15414 15414 I PANDORA : PANDORA ------------------------------------------------------------------------------------------------------------------------------
05-31 11:48:40.116   854  1289 I bt_btif_sock_rfcomm: system/bt/btif/src/btif_sock_rfc.cc:303 btsock_rfc_listen: Adding listening socket service_name: SdlProxy - channel: -1
05-31 11:48:40.126   854  1270 I bt_bta_dm: system/bt/bta/dm/bta_dm_act.cc:2900 bta_dm_set_eir: Generating extended inquiry response packet EIR
05-31 11:48:40.134   854  1270 I bt_stack: [INFO:port_api.cc(234)] RFCOMM_CreateConnection: bd_addr=ff:ff:ff:ff:ff:ff, scn=7, is_server=1, mtu=990, uuid=000000, dlci=14, signal_state=0x0b, p_port=0x71efcd18b350
05-31 11:48:40.201 15414 15414 I MediaRouter: Skip setBluetoothA2dpOn(): types=8388615, isPlaybackActive()=false, BT route=null
05-31 11:48:40.204 15414 15414 I MediaRouter: Found default route: MediaRouter.RouteInfo{ uniqueId=android/.support.v7.media.SystemMediaRouteProvider:DEFAULT_ROUTE, name=Phone, description=null, iconUri=null, enabled=true, connecting=false, connectionState=0, canDisconnect=false, playbackType=0, playbackStream=3, deviceType=0, volumeHandling=1, volume=5, volumeMax=15, presentationDisplayId=-1, extras=null, settingsIntent=null, providerPackageName=android }
05-31 11:48:40.204 15414 15414 I MediaRouter: Unselecting the current route because it is no longer selectable: null
05-31 11:48:40.210 15414 15414 W pandora.androi: Unsupported class loader
05-31 11:48:40.211 15414 15414 W pandora.androi: Unsupported class loader
05-31 11:48:40.212   614  4220 E system_server: Invalid class loader spec: =UnsupportedClassLoaderContext=
05-31 11:48:40.216   614  4220 E PackageDexUsage: Unsupported context?
05-31 11:48:40.218 15414 15414 I DynamiteModule: Considering local module com.google.android.gms.cast.framework.dynamite:0 and remote module com.google.android.gms.cast.framework.dynamite:251933000
05-31 11:48:40.218 15414 15414 I DynamiteModule: Selected remote version of com.google.android.gms.cast.framework.dynamite, version >= 251933000
05-31 11:48:40.232 15414 15414 W System  : ClassLoader referenced unknown path: 
05-31 11:48:40.251 15414 15414 W pandora.androi: ClassLoaderContext classpath size mismatch. expected=14, found=4 (DLC[];PCL[base.apk*3123361869:base.apk!classes2.dex*4121727785:base.apk!classes3.dex*577902322:base.apk!classes4.dex*1511137955:base.apk!classes5.dex*3994326502:base.apk!classes6.dex*3899113914:base.apk!classes7.dex*1848497157:base.apk!classes8.dex*1194602846:base.apk!classes9.dex*3560893588:base.apk!classes10.dex*515437853:base.apk!classes11.dex*2917733953:base.apk!classes12.dex*685421462:base.apk!classes13.dex*4084823322:base.apk!classes14.dex*1339497593]{PCL[/system/framework/org.apache.http.legacy.jar*2058259660]#PCL[/system/framework/com.android.media.remotedisplay.jar*3472798122]#PCL[/system/framework/com.android.location.provider.jar*3633238673]#PCL[/system_ext/framework/androidx.window.sidecar.jar*3539530913]#PCL[/system/framework/org.apache.http.legacy.jar*2058259660]} | DLC[];PCL[/data/app/~~MiDVwsC5YwCKtAsHaAx-4w==/com.pandora.android-XucCb4LZ2pbhS7_NDExOjw==/base.apk*2739428507:/data/app/~~MiDVwsC5YwCKtAsHaAx-4w==/com.pandora.android-XucCb4LZ2pbhS7_NDExOjw==/base.apk!classes2.dex*257402535:/data/app/~~MiDVwsC5YwCKtAsHaAx-4w==/com.pandora.android-XucCb4LZ2pbhS7_NDExOjw==/base.apk!classes3.dex*1795021704:/data/app/~~MiDVwsC5YwCKtAsHaAx-4w==/com.pandora.android-XucCb4LZ2pbhS7_NDExOjw==/base.apk!classes4.dex*685841310]{PCL[/system/framework/android.test.base.jar*3790657674]#PCL[/system/framework/org.apache.http.legacy.jar*2058259660]})
05-31 11:48:40.290 15414 15414 I CastDynamiteModuleImpl: rh created by ClassLoader dalvik.system.DelegateLastClassLoader[DexPathList[[zip file "/data/app/~~dlb1YKdIHlirwQwu-BW35Q==/com.google.android.gms-6rk8yLhWE1u1jxZik9KAaw==/split_DynamiteModulesC_installtime.apk"],nativeLibraryDirectories=[/data/app/~~dlb1YKdIHlirwQwu-BW35Q==/com.google.android.gms-6rk8yLhWE1u1jxZik9KAaw==/split_DynamiteModulesC_installtime.apk!/lib/x86_64, /data/app/~~dlb1YKdIHlirwQwu-BW35Q==/com.google.android.gms-6rk8yLhWE1u1jxZik9KAaw==/split_DynamiteModulesC_installtime.apk!/lib/arm64-v8a, /system/lib64, /system_ext/lib64]]].
05-31 11:48:40.318 15414 15472 E SQLiteLog: (1) temporary storage cannot be changed from within a transaction in "PRAGMA temp_store = MEMORY;"
--------- beginning of crash
05-31 11:48:40.330 15414 15472 E AndroidRuntime: FATAL EXCEPTION: PlayableStations
05-31 11:48:40.330 15414 15472 E AndroidRuntime: Process: com.pandora.android, PID: 15414
05-31 11:48:40.330 15414 15472 E AndroidRuntime: android.database.sqlite.SQLiteException: temporary storage cannot be changed from within a transaction (code 1 SQLITE_ERROR): , while compiling: PRAGMA temp_store = MEMORY;
05-31 11:48:40.330 15414 15472 E AndroidRuntime: 	at android.database.sqlite.SQLiteConnection.nativePrepareStatement(Native Method)
05-31 11:48:40.330 15414 15472 E AndroidRuntime: 	at android.database.sqlite.SQLiteConnection.acquirePreparedStatement(SQLiteConnection.java:1047)
05-31 11:48:40.330 15414 15472 E AndroidRuntime: 	at android.database.sqlite.SQLiteConnection.prepare(SQLiteConnection.java:654)
05-31 11:48:40.330 15414 15472 E AndroidRuntime: 	at android.database.sqlite.SQLiteSession.prepare(SQLiteSession.java:590)
05-31 11:48:40.330 15414 15472 E AndroidRuntime: 	at android.database.sqlite.SQLiteProgram.<init>(SQLiteProgram.java:62)
05-31 11:48:40.330 15414 15472 E AndroidRuntime: 	at android.database.sqlite.SQLiteStatement.<init>(SQLiteStatement.java:34)
05-31 11:48:40.330 15414 15472 E AndroidRuntime: 	at android.database.sqlite.SQLiteDatabase.executeSql(SQLiteDatabase.java:1920)
05-31 11:48:40.330 15414 15472 E AndroidRuntime: 	at android.database.sqlite.SQLiteDatabase.execSQL(SQLiteDatabase.java:1842)
05-31 11:48:40.330 15414 15472 E AndroidRuntime: 	at android.arch.persistence.db.framework.FrameworkSQLiteDatabase.execSQL(SourceFile:242)
05-31 11:48:40.330 15414 15472 E AndroidRuntime: 	at android.arch.persistence.room.InvalidationTracker.internalInit(SourceFile:155)
05-31 11:48:40.330 15414 15472 E AndroidRuntime: 	at android.arch.persistence.room.RoomDatabase.internalInitInvalidationTracker(SourceFile:323)
05-31 11:48:40.330 15414 15472 E AndroidRuntime: 	at com.pandora.repository.sqlite.room.PandoraDatabase_Impl.b(SourceFile:68)
05-31 11:48:40.330 15414 15472 E AndroidRuntime: 	at com.pandora.repository.sqlite.room.PandoraDatabase_Impl$1.onOpen(SourceFile:286)
05-31 11:48:40.330 15414 15472 E AndroidRuntime: 	at android.arch.persistence.room.RoomOpenHelper.onOpen(SourceFile:116)
05-31 11:48:40.330 15414 15472 E AndroidRuntime: 	at android.arch.persistence.db.framework.FrameworkSQLiteOpenHelper$OpenHelper.onOpen(SourceFile:151)
05-31 11:48:40.330 15414 15472 E AndroidRuntime: 	at android.database.sqlite.SQLiteOpenHelper.getDatabaseLocked(SQLiteOpenHelper.java:427)
05-31 11:48:40.330 15414 15472 E AndroidRuntime: 	at android.database.sqlite.SQLiteOpenHelper.getReadableDatabase(SQLiteOpenHelper.java:340)
05-31 11:48:40.330 15414 15472 E AndroidRuntime: 	at android.arch.persistence.db.framework.FrameworkSQLiteOpenHelper$OpenHelper.getReadableSupportDatabase(SourceFile:107)
05-31 11:48:40.330 15414 15472 E AndroidRuntime: 	at android.arch.persistence.db.framework.FrameworkSQLiteOpenHelper.getReadableDatabase(SourceFile:59)
05-31 11:48:40.330 15414 15472 E AndroidRuntime: 	at com.pandora.repository.sqlite.room.a$a.getReadableDB(SourceFile:26)
05-31 11:48:40.330 15414 15472 E AndroidRuntime: 	at com.pandora.repository.sqlite.helper.PandoraDBHelper.b(SourceFile:231)
05-31 11:48:40.330 15414 15472 E AndroidRuntime: 	at com.pandora.radio.provider.StationProvider.query(SourceFile:331)
05-31 11:48:40.330 15414 15472 E AndroidRuntime: 	at android.content.ContentProvider.query(ContentProvider.java:1408)
05-31 11:48:40.330 15414 15472 E AndroidRuntime: 	at android.content.ContentProvider.query(ContentProvider.java:1504)
05-31 11:48:40.330 15414 15472 E AndroidRuntime: 	at android.content.ContentProvider$Transport.query(ContentProvider.java:272)
05-31 11:48:40.330 15414 15472 E AndroidRuntime: 	at android.content.ContentResolver.query(ContentResolver.java:1219)
05-31 11:48:40.330 15414 15472 E AndroidRuntime: 	at android.content.ContentResolver.query(ContentResolver.java:1151)
05-31 11:48:40.330 15414 15472 E AndroidRuntime: 	at android.content.ContentResolver.query(ContentResolver.java:1107)
05-31 11:48:40.330 15414 15472 E AndroidRuntime: 	at com.pandora.radio.provider.l.a(SourceFile:103)
05-31 11:48:40.330 15414 15472 E AndroidRuntime: 	at p.ir.f.g(SourceFile:278)
05-31 11:48:40.330 15414 15472 E AndroidRuntime: 	at p.ir.f.b(SourceFile:240)
05-31 11:48:40.330 15414 15472 E AndroidRuntime: 	at com.pandora.radio.offline.cache.b.b(SourceFile:67)
05-31 11:48:40.330 15414 15472 E AndroidRuntime: 	at com.pandora.radio.offline.cache.b.b(SourceFile:20)
05-31 11:48:40.330 15414 15472 E AndroidRuntime: 	at com.pandora.radio.offline.cache.b$a.handleMessage(SourceFile:98)
05-31 11:48:40.330 15414 15472 E AndroidRuntime: 	at android.os.Handler.dispatchMessage(Handler.java:102)
05-31 11:48:40.330 15414 15472 E AndroidRuntime: 	at android.os.Looper.loopOnce(Looper.java:201)
05-31 11:48:40.330 15414 15472 E AndroidRuntime: 	at android.os.Looper.loop(Looper.java:288)
05-31 11:48:40.330 15414 15472 E AndroidRuntime: 	at android.os.HandlerThread.run(HandlerThread.java:67)
05-31 11:48:40.348 15414 15436 E AndroidRuntime: FATAL EXCEPTION: AsyncTask #2
05-31 11:48:40.348 15414 15436 E AndroidRuntime: Process: com.pandora.android, PID: 15414
05-31 11:48:40.348 15414 15436 E AndroidRuntime: java.lang.RuntimeException: An error occurred while executing doInBackground()
05-31 11:48:40.348 15414 15436 E AndroidRuntime: 	at android.os.AsyncTask$4.done(AsyncTask.java:415)
05-31 11:48:40.348 15414 15436 E AndroidRuntime: 	at java.util.concurrent.FutureTask.finishCompletion(FutureTask.java:383)
05-31 11:48:40.348 15414 15436 E AndroidRuntime: 	at java.util.concurrent.FutureTask.setException(FutureTask.java:252)
05-31 11:48:40.348 15414 15436 E AndroidRuntime: 	at java.util.concurrent.FutureTask.run(FutureTask.java:271)
05-31 11:48:40.348 15414 15436 E AndroidRuntime: 	at java.util.concurrent.ThreadPoolExecutor.runWorker(ThreadPoolExecutor.java:1167)
05-31 11:48:40.348 15414 15436 E AndroidRuntime: 	at java.util.concurrent.ThreadPoolExecutor$Worker.run(ThreadPoolExecutor.java:641)
05-31 11:48:40.348 15414 15436 E AndroidRuntime: 	at java.lang.Thread.run(Thread.java:920)
05-31 11:48:40.348 15414 15436 E AndroidRuntime: Caused by: java.lang.IllegalStateException: attempt to re-open an already-closed object: SQLiteDatabase: /data/user/0/com.pandora.android/databases/pandora.db
05-31 11:48:40.348 15414 15436 E AndroidRuntime: 	at android.database.sqlite.SQLiteClosable.acquireReference(SQLiteClosable.java:58)
05-31 11:48:40.348 15414 15436 E AndroidRuntime: 	at android.database.sqlite.SQLiteDatabase.rawQueryWithFactory(SQLiteDatabase.java:1542)
05-31 11:48:40.348 15414 15436 E AndroidRuntime: 	at android.database.sqlite.SQLiteDatabase.rawQueryWithFactory(SQLiteDatabase.java:1521)
05-31 11:48:40.348 15414 15436 E AndroidRuntime: 	at android.arch.persistence.db.framework.FrameworkSQLiteDatabase.query(SourceFile:161)
05-31 11:48:40.348 15414 15436 E AndroidRuntime: 	at android.arch.persistence.db.framework.FrameworkSQLiteDatabase.query(SourceFile:150)
05-31 11:48:40.348 15414 15436 E AndroidRuntime: 	at android.arch.persistence.room.RoomOpenHelper.hasRoomMasterTable(SourceFile:151)
05-31 11:48:40.348 15414 15436 E AndroidRuntime: 	at android.arch.persistence.room.RoomOpenHelper.checkIdentity(SourceFile:123)
05-31 11:48:40.348 15414 15436 E AndroidRuntime: 	at android.arch.persistence.room.RoomOpenHelper.onOpen(SourceFile:115)
05-31 11:48:40.348 15414 15436 E AndroidRuntime: 	at android.arch.persistence.db.framework.FrameworkSQLiteOpenHelper$OpenHelper.onOpen(SourceFile:151)
05-31 11:48:40.348 15414 15436 E AndroidRuntime: 	at android.database.sqlite.SQLiteOpenHelper.getDatabaseLocked(SQLiteOpenHelper.java:427)
05-31 11:48:40.348 15414 15436 E AndroidRuntime: 	at android.database.sqlite.SQLiteOpenHelper.getWritableDatabase(SQLiteOpenHelper.java:316)
05-31 11:48:40.348 15414 15436 E AndroidRuntime: 	at android.arch.persistence.db.framework.FrameworkSQLiteOpenHelper$OpenHelper.getWritableSupportDatabase(SourceFile:96)
05-31 11:48:40.348 15414 15436 E AndroidRuntime: 	at android.arch.persistence.db.framework.FrameworkSQLiteOpenHelper.getWritableDatabase(SourceFile:54)
05-31 11:48:40.348 15414 15436 E AndroidRuntime: 	at com.pandora.repository.sqlite.room.a$a.getWritableDB(SourceFile:22)
05-31 11:48:40.348 15414 15436 E AndroidRuntime: 	at com.pandora.repository.sqlite.helper.PandoraDBHelper.c(SourceFile:235)
05-31 11:48:40.348 15414 15436 E AndroidRuntime: 	at com.pandora.radio.provider.StationProvider.update(SourceFile:483)
05-31 11:48:40.348 15414 15436 E AndroidRuntime: 	at android.content.ContentProvider.update(ContentProvider.java:1835)
05-31 11:48:40.348 15414 15436 E AndroidRuntime: 	at android.content.ContentProvider$Transport.update(ContentProvider.java:452)
05-31 11:48:40.348 15414 15436 E AndroidRuntime: 	at android.content.ContentResolver.update(ContentResolver.java:2400)
05-31 11:48:40.348 15414 15436 E AndroidRuntime: 	at android.content.ContentResolver.update(ContentResolver.java:2362)
05-31 11:48:40.348 15414 15436 E AndroidRuntime: 	at com.pandora.radio.provider.p.i(SourceFile:1037)
05-31 11:48:40.348 15414 15436 E AndroidRuntime: 	at com.pandora.radio.provider.p$a.a(SourceFile:1389)
05-31 11:48:40.348 15414 15436 E AndroidRuntime: 	at com.pandora.radio.provider.p$a.doInBackground(SourceFile:1380)
05-31 11:48:40.348 15414 15436 E AndroidRuntime: 	at android.os.AsyncTask$3.call(AsyncTask.java:394)
05-31 11:48:40.348 15414 15436 E AndroidRuntime: 	at java.util.concurrent.FutureTask.run(FutureTask.java:266)
05-31 11:48:40.348 15414 15436 E AndroidRuntime: 	... 3 more
05-31 11:48:40.360  1312 14754 I CastDatabase: Loading the database
05-31 11:48:40.363 15414 15437 E AndroidRuntime: FATAL EXCEPTION: AsyncTask #3
05-31 11:48:40.363 15414 15437 E AndroidRuntime: Process: com.pandora.android, PID: 15414
05-31 11:48:40.363 15414 15437 E AndroidRuntime: java.lang.RuntimeException: An error occurred while executing doInBackground()
05-31 11:48:40.363 15414 15437 E AndroidRuntime: 	at android.os.AsyncTask$4.done(AsyncTask.java:415)
05-31 11:48:40.363 15414 15437 E AndroidRuntime: 	at java.util.concurrent.FutureTask.finishCompletion(FutureTask.java:383)
05-31 11:48:40.363 15414 15437 E AndroidRuntime: 	at java.util.concurrent.FutureTask.setException(FutureTask.java:252)
05-31 11:48:40.363 15414 15437 E AndroidRuntime: 	at java.util.concurrent.FutureTask.run(FutureTask.java:271)
05-31 11:48:40.363 15414 15437 E AndroidRuntime: 	at java.util.concurrent.ThreadPoolExecutor.runWorker(ThreadPoolExecutor.java:1167)
05-31 11:48:40.363 15414 15437 E AndroidRuntime: 	at java.util.concurrent.ThreadPoolExecutor$Worker.run(ThreadPoolExecutor.java:641)
05-31 11:48:40.363 15414 15437 E AndroidRuntime: 	at java.lang.Thread.run(Thread.java:920)
05-31 11:48:40.363 15414 15437 E AndroidRuntime: Caused by: java.lang.IllegalStateException: attempt to re-open an already-closed object: SQLiteDatabase: /data/user/0/com.pandora.android/databases/pandora.db
05-31 11:48:40.363 15414 15437 E AndroidRuntime: 	at android.database.sqlite.SQLiteClosable.acquireReference(SQLiteClosable.java:58)
05-31 11:48:40.363 15414 15437 E AndroidRuntime: 	at android.database.sqlite.SQLiteDatabase.rawQueryWithFactory(SQLiteDatabase.java:1542)
05-31 11:48:40.363 15414 15437 E AndroidRuntime: 	at android.database.sqlite.SQLiteDatabase.rawQueryWithFactory(SQLiteDatabase.java:1521)
05-31 11:48:40.363 15414 15437 E AndroidRuntime: 	at android.arch.persistence.db.framework.FrameworkSQLiteDatabase.query(SourceFile:161)
05-31 11:48:40.363 15414 15437 E AndroidRuntime: 	at android.arch.persistence.db.framework.FrameworkSQLiteDatabase.query(SourceFile:150)
05-31 11:48:40.363 15414 15437 E AndroidRuntime: 	at android.arch.persistence.room.RoomOpenHelper.hasRoomMasterTable(SourceFile:151)
05-31 11:48:40.363 15414 15437 E AndroidRuntime: 	at android.arch.persistence.room.RoomOpenHelper.checkIdentity(SourceFile:123)
05-31 11:48:40.363 15414 15437 E AndroidRuntime: 	at android.arch.persistence.room.RoomOpenHelper.onOpen(SourceFile:115)
05-31 11:48:40.363 15414 15437 E AndroidRuntime: 	at android.arch.persistence.db.framework.FrameworkSQLiteOpenHelper$OpenHelper.onOpen(SourceFile:151)
05-31 11:48:40.363 15414 15437 E AndroidRuntime: 	at android.database.sqlite.SQLiteOpenHelper.getDatabaseLocked(SQLiteOpenHelper.java:427)
05-31 11:48:40.363 15414 15437 E AndroidRuntime: 	at android.database.sqlite.SQLiteOpenHelper.getWritableDatabase(SQLiteOpenHelper.java:316)
05-31 11:48:40.363 15414 15437 E AndroidRuntime: 	at android.arch.persistence.db.framework.FrameworkSQLiteOpenHelper$OpenHelper.getWritableSupportDatabase(SourceFile:96)
05-31 11:48:40.363 15414 15437 E AndroidRuntime: 	at android.arch.persistence.db.framework.FrameworkSQLiteOpenHelper.getWritableDatabase(SourceFile:54)
05-31 11:48:40.363 15414 15437 E AndroidRuntime: 	at com.pandora.repository.sqlite.room.a$a.getWritableDB(SourceFile:22)
05-31 11:48:40.363 15414 15437 E AndroidRuntime: 	at com.pandora.repository.sqlite.helper.PandoraDBHelper.c(SourceFile:235)
05-31 11:48:40.363 15414 15437 E AndroidRuntime: 	at com.pandora.repository.sqlite.helper.PandoraDBHelper.a(SourceFile:227)
05-31 11:48:40.363 15414 15437 E AndroidRuntime: 	at com.pandora.radio.provider.s.b(SourceFile:114)
05-31 11:48:40.363 15414 15437 E AndroidRuntime: 	at com.pandora.radio.search.b.a(SourceFile:25)
05-31 11:48:40.363 15414 15437 E AndroidRuntime: 	at com.pandora.radio.search.b.doInBackground(SourceFile:15)
05-31 11:48:40.363 15414 15437 E AndroidRuntime: 	at android.os.AsyncTask$3.call(AsyncTask.java:394)
05-31 11:48:40.363 15414 15437 E AndroidRuntime: 	at java.util.concurrent.FutureTask.run(FutureTask.java:266)
05-31 11:48:40.363 15414 15437 E AndroidRuntime: 	... 3 more
05-31 11:48:40.369  1312 14754 I SQLiteCastDBHelper: Upgrading cast database from version 9 to 12
05-31 11:48:40.374 15414 15414 I WebViewFactory: Loading com.google.android.webview version 91.0.4472.114 (code 447211487)
05-31 11:48:40.377  1312 14754 I SQLiteCastDBHelper: Creating cast database
05-31 11:48:40.405  1312  1312 I CastSocket: Adding new CastClientAuthKeyManager. [CONTEXT service_id=161 ]
05-31 11:48:40.419  1312  1312 E WorkSourceUtil: Could not find package: gms_cast_prober
05-31 11:48:40.421  1312  1312 E WorkSourceUtil: Could not find package: gms_cast_prober
05-31 11:48:40.421  1312  1312 E WorkSourceUtil: Could not find package: gms_cast_prober
05-31 11:48:40.422  1312  1312 E WorkSourceUtil: Could not find package: gms_cast_prober
05-31 11:48:40.423  1312  1312 E WorkSourceUtil: Could not find package: gms_cast_prober
05-31 11:48:40.424  1312  1312 E WorkSourceUtil: Could not find package: gms_cast_prober
05-31 11:48:40.425  1312  1312 E WorkSourceUtil: Could not find package: gms_cast_prober
05-31 11:48:40.427  1312  1312 E WorkSourceUtil: Could not find package: gms_cast_prober
05-31 11:48:40.496 15414 15414 I cr_LibraryLoader: Loaded native library version number "91.0.4472.114"
05-31 11:48:40.496 15414 15414 I cr_CachingUmaRecorder: Flushed 5 samples from 5 histograms.
05-31 11:48:40.513 15414 15436 I Process : Sending signal. PID: 15414 SIG: 9
05-31 11:48:40.523  1312 14754 I SQLiteCastDBHelper: Creating cast database
05-31 11:48:40.529   614 15518 I DropBoxManagerService: add tag=data_app_crash isTagEnabled=true flags=0x2
05-31 11:48:40.530   854  1271 I bt_bta_dm: system/bt/bta/dm/bta_dm_act.cc:2900 bta_dm_set_eir: Generating extended inquiry response packet EIR
05-31 11:48:40.530   854  1270 I bt_stack: [INFO:port_api.cc(307)] RFCOMM_RemoveServer: handle=17
05-31 11:48:40.533   614   676 W BroadcastQueue: Permission Denial: receiving Intent { act=android.intent.action.DROPBOX_ENTRY_ADDED flg=0x10 (has extras) } to ProcessRecord{25934eb 15414:com.pandora.android/u0a160} (pid=15414, uid=10160) requires android.permission.READ_LOGS due to sender android (uid 1000)
05-31 11:48:40.534   614   676 W BroadcastQueue: Background execution not allowed: receiving Intent { act=android.intent.action.DROPBOX_ENTRY_ADDED flg=0x10 (has extras) } to com.google.android.gms/.stats.service.DropBoxEntryAddedReceiver
05-31 11:48:40.540   318   318 I Zygote  : Process 15414 exited due to signal 9 (Killed)
