--------- beginning of main
05-08 08:21:54.596   396   396 E adbd    : failed to connect to socket 'tcp:7336': Connection refused
05-08 08:21:54.652   396   396 E adbd    : failed to connect to socket 'tcp:7336': Connection refused
05-08 08:21:54.702   396   396 E adbd    : failed to connect to socket 'tcp:7336': Connection refused
05-08 08:21:54.708  9224  9224 I GoogleInputMethodService: GoogleInputMethodService.onFinishInput():3420 
05-08 08:21:54.718   538  1227 W InputManager-JNI: Input channel object '6683af0 InputMethod (client)' was disposed without first being removed with the input manager!
05-08 08:21:54.724  2885  2885 I Finsky  : [2] ahvd.onStartJob(126): SCH: job service start with id 9519.
05-08 08:21:54.739  9224  9224 I NormalModeController: NormalModeController.getKeyboardBodyViewHolderPaddingBottom():109 currentPrimeKeyboardType:SOFT systemPaddingBottom:-1
05-08 08:21:54.743  9224  9224 I AbstractOpenableExtension: AbstractOpenableExtension.maybeDestroyExistingKeyboardGroupManager():514 Destroy existing keyboard group manager in fau
05-08 08:21:54.745  9224  9224 I KeyboardViewController: KeyboardViewController.clearSubViewControllerInternal():411 Clears keyboard sub view controller for keyboardType: null, viewType: HEADER, viewId: 2131428269(#0x7f0b03ad),which has not been set.
05-08 08:21:54.749  9224  9373 I Environment: Environment.getDeviceMode():833 Get device mode by ui mode:1 and smallestScreenWidthDp:411
05-08 08:21:54.753   396   396 E adbd    : failed to connect to socket 'tcp:7336': Connection refused
05-08 08:21:54.760  9224  9224 I AbstractOpenableExtension: AbstractOpenableExtension.maybeDestroyExistingKeyboardGroupManager():514 Destroy existing keyboard group manager in fci
05-08 08:21:54.764  9224  9224 I AbstractOpenableExtension: AbstractOpenableExtension.maybeDestroyExistingKeyboardGroupManager():514 Destroy existing keyboard group manager in eyj
05-08 08:21:54.769  2885  9671 I Finsky  : [172] neu.a(185): SCH: Satisfied jobs for 9519 are: 12-1
05-08 08:21:54.774  9224  9369 I JapaneseMozcExtension: JapaneseMozcExtension.onDestroyServiceInternal():81 onDestroyServiceInternal()
05-08 08:21:54.779  9224  9224 I AbstractOpenableExtension: AbstractOpenableExtension$3.onSuccess():527 KeyboardGroupManager destroyed in fau.
05-08 08:21:54.785  9224  9224 I AbstractOpenableExtension: AbstractOpenableExtension$3.onSuccess():527 KeyboardGroupManager destroyed in fci.
05-08 08:21:54.787  9224  9224 I AbstractOpenableExtension: AbstractOpenableExtension$3.onSuccess():527 KeyboardGroupManager destroyed in eyj.
05-08 08:21:54.800   396   396 E adbd    : failed to connect to socket 'tcp:7336': Connection refused
05-08 08:21:54.805  2885  9780 I Finsky  : [181] ahtk.accept(108): SCH: Job 12-1 starting
05-08 08:21:54.806  2885  2885 I Finsky  : [2] ContentSyncJob.i(9): [ContentSync] job started
--------- beginning of system
05-08 08:21:54.810   538   592 I DropBoxManagerService: add tag=system_server_wtf isTagEnabled=true flags=0x2
05-08 08:21:54.810   538  1995 I ActivityManager: Background started FGS: Allowed [callingPackage: com.google.android.apps.wellbeing; callingUid: 10100; uidState: BTOP; intent: Intent { cmp=com.google.android.apps.wellbeing/com.google.apps.tiktok.concurrent.InternalForegroundService (has extras) }; code:BACKGROUND_ACTIVITY_PERMISSION; tempAllowListReason:<null>; targetSdkVersion:30; callerTargetSdkVersion:30; startForegroundCount:0; bindFromPackage:null]
05-08 08:21:54.823   538   592 I ActivityManager: Deferring FGS notification in legacy app com.google.android.apps.wellbeing/u0a100 : Notification(channel=app_limit_updates shortcut=null contentView=null vibrate=null sound=null defaults=0x0 flags=0x162 color=0xff0b57d0 category=service vis=PRIVATE)
05-08 08:21:54.849   396   396 E adbd    : failed to connect to socket 'tcp:7336': Connection refused
05-08 08:21:54.899   396   396 E adbd    : failed to connect to socket 'tcp:7336': Connection refused
05-08 08:21:54.947   396   396 E adbd    : failed to connect to socket 'tcp:7336': Connection refused
05-08 08:21:54.980  2885  2885 W Finsky  : [2] ajjp.b(131): STU: Failed to get storage stats for package 'com.google.mainline.primary.libs' (1601: Error getting stats: android.content.pm.PackageManager.NameNotFoundException)
05-08 08:21:54.992   396   396 E adbd    : failed to connect to socket 'tcp:7336': Connection refused
05-08 08:21:55.032  2885  2885 W Finsky  : [2] ajjp.b(131): STU: Failed to get storage stats for package 'com.google.android.tzdata3' (1601: Error getting stats: android.content.pm.PackageManager.NameNotFoundException)
05-08 08:21:55.042   396   396 E adbd    : failed to connect to socket 'tcp:7336': Connection refused
05-08 08:21:55.074  2885  2885 W Finsky  : [2] ajjp.b(131): STU: Failed to get storage stats for package 'com.google.android.permission' (1601: Error getting stats: android.content.pm.PackageManager.NameNotFoundException)
05-08 08:21:55.086   396   396 E adbd    : failed to connect to socket 'tcp:7336': Connection refused
05-08 08:21:55.142  2885  2885 W Finsky  : [2] ajjp.b(131): STU: Failed to get storage stats for package 'com.google.android.wifi' (1601: Error getting stats: android.content.pm.PackageManager.NameNotFoundException)
05-08 08:21:55.169   538   578 E RemoteAugmentedAutofillService: Bad service name for flags 1048704: com.google.android.as/com.google.android.apps.miphone.aiai.app.AiAiAugmentedAutofillService
05-08 08:21:55.258  5138  5138 I abb     : StartCommandInProcess(73657474696e67730067657400676c6f settings.get.glo [truncated])
05-08 08:21:55.256   538   538 W Binder:538_C: type=1400 audit(0.0:62): avc: denied { getopt } for scontext=u:r:system_server:s0 tcontext=u:r:shell:s0 tclass=unix_stream_socket permissive=0
05-08 08:21:55.256   538   538 W Binder:538_C: type=1400 audit(0.0:63): avc: denied { getopt } for scontext=u:r:system_server:s0 tcontext=u:r:shell:s0 tclass=unix_stream_socket permissive=0
05-08 08:21:55.256   538   538 W Binder:538_C: type=1400 audit(0.0:64): avc: denied { getopt } for scontext=u:r:system_server:s0 tcontext=u:r:shell:s0 tclass=unix_stream_socket permissive=0
05-08 08:21:55.272  5138  5138 I abb     : StartCommandInProcess(7061636b61676500696e7374616c6c00 package.install. [truncated])
05-08 08:21:55.613  2885  2885 W Finsky  : [2] ajjp.b(131): STU: Failed to get storage stats for package 'com.google.android.media.swcodec' (1601: Error getting stats: android.content.pm.PackageManager.NameNotFoundException)
05-08 08:21:55.614  2885  2885 W Finsky  : [2] ajjp.b(131): STU: Failed to get storage stats for package 'com.google.android.art' (1601: Error getting stats: android.content.pm.PackageManager.NameNotFoundException)
05-08 08:21:55.638  2885  2885 W Finsky  : [2] ajjp.b(131): STU: Failed to get storage stats for package 'com.google.android.mediaprovider' (1601: Error getting stats: android.content.pm.PackageManager.NameNotFoundException)
05-08 08:21:55.649  2885  2885 W Finsky  : [2] ajjp.b(131): STU: Failed to get storage stats for package 'com.google.android.adbd' (1601: Error getting stats: android.content.pm.PackageManager.NameNotFoundException)
05-08 08:21:55.652  2885  2885 W Finsky  : [2] ajjp.b(131): STU: Failed to get storage stats for package 'com.google.android.resolv' (1601: Error getting stats: android.content.pm.PackageManager.NameNotFoundException)
05-08 08:21:55.665  2885  2885 W Finsky  : [2] ajjp.b(131): STU: Failed to get storage stats for package 'com.google.android.conscrypt' (1601: Error getting stats: android.content.pm.PackageManager.NameNotFoundException)
05-08 08:21:55.666  2885  2885 W Finsky  : [2] ajjp.b(131): STU: Failed to get storage stats for package 'com.google.android.media' (1601: Error getting stats: android.content.pm.PackageManager.NameNotFoundException)
05-08 08:21:55.685  2885  2885 W Finsky  : [2] ajjp.b(131): STU: Failed to get storage stats for package 'com.google.android.neuralnetworks' (1601: Error getting stats: android.content.pm.PackageManager.NameNotFoundException)
05-08 08:21:55.690  2885  2885 W Finsky  : [2] ajjp.b(131): STU: Failed to get storage stats for package 'com.google.android.ipsec' (1601: Error getting stats: android.content.pm.PackageManager.NameNotFoundException)
05-08 08:21:55.723  2885  2885 W Finsky  : [2] ajjp.b(131): STU: Failed to get storage stats for package 'com.google.android.sdkext' (1601: Error getting stats: android.content.pm.PackageManager.NameNotFoundException)
05-08 08:21:55.752  2885  2885 W Finsky  : [2] ajjp.b(131): STU: Failed to get storage stats for package 'com.google.android.tethering' (1601: Error getting stats: android.content.pm.PackageManager.NameNotFoundException)
05-08 08:21:55.775  2885  2885 W Finsky  : [2] ajjp.b(131): STU: Failed to get storage stats for package 'com.google.android.extservices' (1601: Error getting stats: android.content.pm.PackageManager.NameNotFoundException)
05-08 08:21:55.831  2885  2885 W Finsky  : [2] ajjp.b(131): STU: Failed to get storage stats for package 'com.google.android.os.statsd' (1601: Error getting stats: android.content.pm.PackageManager.NameNotFoundException)
05-08 08:21:55.831  2885  2885 W Finsky  : [2] ajjp.b(131): STU: Failed to get storage stats for package 'com.google.android.cellbroadcast' (1601: Error getting stats: android.content.pm.PackageManager.NameNotFoundException)
05-08 08:21:55.865  2885  2885 W Finsky  : [2] ajjp.b(131): STU: Failed to get storage stats for package 'com.google.android.scheduling' (1601: Error getting stats: android.content.pm.PackageManager.NameNotFoundException)
05-08 08:21:55.876  2885  2885 I Finsky  : [2] nmx.a(199): App states replicator found 3 unowned apps
05-08 08:21:55.883  2885  2885 I Finsky  : [2] nnc.b(18): Completed 0 account content syncs with 0 successful.
05-08 08:21:55.883  2885  2885 I Finsky  : [2] ContentSyncJob.a(12): [ContentSync] Installation state replication succeeded.
05-08 08:21:55.883  2885  2885 I Finsky  : [2] ahtl.q(56): SCH: jobFinished: 12-1. TimeElapsed: 1077ms.
05-08 08:21:55.900  2885  2922 I Finsky  : [67] sdg.accept(58): SCH: Scheduling phonesky job Id: 1-1337, CT: 1746686215050, Constraints: [{ L: 17955879, D: 61155879, C: CHARGING_NONE, I: IDLE_NONE, N: NET_ANY, B: BATTERY_ANY }]
05-08 08:21:55.900  2885  2922 I Finsky  : [67] sdg.accept(58): SCH: Scheduling phonesky job Id: 34-5, CT: 1746686238405, Constraints: [{ L: 79199736, D: 1375199736, C: CHARGING_NONE, I: IDLE_NONE, N: NET_ANY, B: BATTERY_ANY }]
05-08 08:21:55.900  2885  2922 I Finsky  : [67] sdg.accept(58): SCH: Scheduling phonesky job Id: 34-8, CT: 1746686240281, Constraints: [{ L: 604800000, D: 2591998868, C: CHARGING_NONE, I: IDLE_NONE, N: NET_ANY, B: BATTERY_ANY }]
05-08 08:21:55.904  2885  2930 I Finsky  : [75] nev.apply(251): SCH: Scheduling 1 system job(s)
05-08 08:21:55.904  2885  2930 I Finsky  : [75] ahth.b(244): SCH: Scheduling system job Id: 9523, L: 11655025, D: 54855025, C: false, I: false, N: 1
05-08 08:21:55.909  2885  9780 I Finsky  : [181] ahvd.a(24): SCH: job service finished with id 9519.
05-08 08:21:56.012   538   538 W Binder:538_18: type=1400 audit(0.0:65): avc: denied { getopt } for scontext=u:r:system_server:s0 tcontext=u:r:shell:s0 tclass=unix_stream_socket permissive=0
05-08 08:21:56.213   538   617 I PackageManager: Integrity check passed for file:///data/app/vmdl1033795097.tmp
05-08 08:21:56.242   538   617 I PackageManager: Permission ownership changed. Updating all permissions.
05-08 08:21:56.316   538   617 I PackageDexOptimizer: Running dexopt (dexoptNeeded=1) on: /data/app/~~SM_dFFkHYy6FWk6wqDPM1w==/com.getmimo-kkKT-p7cWvpoYMa_D3fXBQ==/base.apk pkg=com.getmimo isa=x86_64 dexoptFlags=boot_complete,profile_guided,public,enable_hidden_api_checks targetFilter=speed-profile oatDir=/data/app/~~SM_dFFkHYy6FWk6wqDPM1w==/com.getmimo-kkKT-p7cWvpoYMa_D3fXBQ==/oat classLoaderContext=PCL[]{}
05-08 08:21:56.423  1172  1986 I NearbyMediums: No BLE Fast/GATT advertisements found in the latest cycle.
05-08 08:21:56.479  9846  9846 W dex2oat64: Unexpected CPU variant for X86 using defaults: x86_64
05-08 08:21:56.479  9846  9846 W dex2oat64: Mismatch between dex2oat instruction set features to use (ISA: X86_64 Feature string: -ssse3,-sse4.1,-sse4.2,-avx,-avx2,-popcnt) and those from CPP defines (ISA: X86_64 Feature string: ssse3,sse4.1,sse4.2,-avx,-avx2,popcnt) for the command line:
05-08 08:21:56.479  9846  9846 W dex2oat64: /apex/com.android.art/bin/dex2oat64 --zip-fd=7 --zip-location=base.apk --oat-fd=8 --oat-location=/data/app/~~SM_dFFkHYy6FWk6wqDPM1w==/com.getmimo-kkKT-p7cWvpoYMa_D3fXBQ==/oat/x86_64/base.odex --input-vdex-fd=-1 --output-vdex-fd=9 --swap-fd=10 --classpath-dir=/data/app/~~SM_dFFkHYy6FWk6wqDPM1w==/com.getmimo-kkKT-p7cWvpoYMa_D3fXBQ== --class-loader-context=PCL[]{} --compact-dex-level=none --instruction-set=x86_64 --instruction-set-features=default --instruction-set-variant=x86_64 --compiler-filter=speed-profile --compilation-reason=install --max-image-block-size=524288 --resolve-startup-const-strings=true --generate-mini-debug-info --runtime-arg -Xtarget-sdk-version:30 --runtime-arg -Xhidden-api-policy:enabled --runtime-arg -Xms64m --runtime-arg -Xmx512m
05-08 08:21:56.479  9846  9846 I dex2oat64: /apex/com.android.art/bin/dex2oat64 --input-vdex-fd=-1 --output-vdex-fd=9 --classpath-dir=/data/app/~~SM_dFFkHYy6FWk6wqDPM1w==/com.getmimo-kkKT-p7cWvpoYMa_D3fXBQ== --class-loader-context=PCL[]{} --compact-dex-level=none --compiler-filter=speed-profile --compilation-reason=install --max-image-block-size=524288 --resolve-startup-const-strings=true --generate-mini-debug-info
05-08 08:21:56.814   538   592 W BroadcastQueue: Background execution not allowed: receiving Intent { act=android.intent.action.DROPBOX_ENTRY_ADDED flg=0x10 (has extras) } to com.google.android.gms/.stats.service.DropBoxEntryAddedReceiver
05-08 08:21:56.928  9846  9846 I dex2oat64: Large app, accepted running with swap.
05-08 08:21:58.130   175   175 I servicemanager: Since 'apexservice' could not be found, trying to start it as a lazy AIDL service
05-08 08:21:58.383   175   175 I BpBinder: onLastStrongRef automatically unlinking death recipients: <uncached descriptor>
05-08 08:21:58.384   175   175 I servicemanager: Tried to unregister apexservice, but there is about to be a client.
05-08 08:21:58.836  1349  1504 W MediaProvider: isAppCloneUserPair for user 0: false
05-08 08:21:58.876   176   176 I hwservicemanager: getTransport: Cannot find entry android.hardware.graphics.mapper@4.0::IMapper/default in either framework or device VINTF manifest.
05-08 08:21:58.876  9879  9881 I Gralloc4: mapper 4.x is not supported
05-08 08:21:59.117  1172  9646 I NetworkScheduler.Stats: (REDACTED) Task %s/%s started execution. cause:%s exec_start_elapsed_seconds: %s
05-08 08:21:59.136  1172  9882 I NetworkScheduler.Stats: (REDACTED) Task %s/%s finished executing. cause:%s result: %s elapsed_millis: %s uptime_millis: %s exec_start_elapsed_seconds: %s
05-08 08:21:59.245  1349  1860 I MediaProvider: Begin Intent { act=android.intent.action.MEDIA_SCANNER_SCAN_FILE dat=file:///sdcard/screen_2025-05-08_162158.png flg=0x1400010 cmp=com.google.android.providers.media.module/com.android.providers.media.MediaService }
05-08 08:21:59.313  1349  1860 I MediaProvider: End Intent { act=android.intent.action.MEDIA_SCANNER_SCAN_FILE dat=file:///sdcard/screen_2025-05-08_162158.png flg=0x1400010 cmp=com.google.android.providers.media.module/com.android.providers.media.MediaService }
05-08 08:21:59.357  1349  7520 I MediaProvider: Deleted 0 1 0 0 0 0 0 items on external_primary due to com.android.shell
05-08 08:21:59.358  1172  2228 I UriTaskContentObserver: (REDACTED) Throttling content uri change event for %s
05-08 08:21:59.641   538  1997 I ActivityManager: Force stopping com.getmimo appid=10173 user=0: from pid 9909
05-08 08:21:59.642   538  1997 I ActivityManager: Killing 6531:com.google.android.apps.messaging/u0a98 (adj 985): empty #17
05-08 08:21:59.642   538  1997 I ActivityManager: Killing 7368:com.android.settings/1000 (adj 985): empty #18
05-08 08:21:59.649   321   321 I Zygote  : Process 7368 exited due to signal 9 (Killed)
05-08 08:21:59.667   321   321 I Zygote  : Process 6531 exited due to signal 9 (Killed)
05-08 08:21:59.689   538   594 I libprocessgroup: Successfully killed process cgroup uid 10098 pid 6531 in 45ms
05-08 08:21:59.689   538   594 I libprocessgroup: Successfully killed process cgroup uid 1000 pid 7368 in 0ms
05-08 08:21:59.701   538   578 I ActivityTaskManager: START u0 {act=android.intent.action.MAIN cat=[android.intent.category.HOME] flg=0x10000100 cmp=com.google.android.apps.nexuslauncher/.NexusLauncherActivity (has extras)} from uid 0
05-08 08:21:59.748   538  1997 W ActivityManager: Unable to start service Intent { act=android.service.smartspace.SmartspaceService cmp=com.google.android.as/com.google.android.apps.miphone.aiai.app.AiAiSmartspaceService } U=0: not found
05-08 08:21:59.748   538  1997 W RemoteSmartspaceService: could not bind to Intent { act=android.service.smartspace.SmartspaceService cmp=com.google.android.as/com.google.android.apps.miphone.aiai.app.AiAiSmartspaceService } using flags 67112961
05-08 08:21:59.749   538   538 W ActivityManager: Unbind failed: could not find connection for android.app.LoadedApk$ServiceDispatcher$InnerConnection@2aaf5fd
05-08 08:21:59.810  9846  9846 I dex2oat64: dex2oat took 3.334s (8.701s cpu) (threads: 4) arena alloc=0B (0B) java alloc=35MB (37678080B) native alloc=5025KB (5146304B) free=1441KB (1476368B) swap=16MB (16777216B)
05-08 08:21:59.925   538   554 W System  : A resource failed to call close. 
05-08 08:21:59.971   436   647 E installd: Couldn't opendir /data/app/vmdl1033795097.tmp: No such file or directory
05-08 08:21:59.971   436   647 E installd: Failed to delete /data/app/vmdl1033795097.tmp: No such file or directory
05-08 08:21:59.968   538   538 W Binder:538_18: type=1400 audit(0.0:66): avc: denied { getopt } for scontext=u:r:system_server:s0 tcontext=u:r:shell:s0 tclass=unix_stream_socket permissive=0
05-08 08:21:59.968   538   538 W Binder:538_18: type=1400 audit(0.0:67): avc: denied { getopt } for scontext=u:r:system_server:s0 tcontext=u:r:shell:s0 tclass=unix_stream_socket permissive=0
05-08 08:21:59.980  1349  1349 I MediaProvider: Invalidating LocalCallingIdentity cache for package com.getmimo. Reason: package android.intent.action.PACKAGE_ADDED
05-08 08:21:59.968   538   538 W Binder:538_18: type=1400 audit(0.0:68): avc: denied { getopt } for scontext=u:r:system_server:s0 tcontext=u:r:shell:s0 tclass=unix_stream_socket permissive=0
05-08 08:21:59.988   538   656 I RoleService: Granting default roles...
05-08 08:21:59.990   538   538 I Telecom : DefaultDialerCache: Refreshing default dialer for user 0: now com.android.dialer: DDC.oR@AH0
05-08 08:21:59.997   538   666 I InputReader: Reconfiguring input devices, changes=KEYBOARD_LAYOUTS | 
05-08 08:22:00.001  1734  8165 I PermissionControllerServiceImpl: Updating user sensitive for uid 10173
05-08 08:22:00.007  1346  1346 I GsaVoiceInteractionSrv: O received Intent { act=android.intent.action.PACKAGE_ADDED dat=package:com.getmimo flg=0x4000010 (has extras) }
05-08 08:22:00.007  2885  2885 I Finsky  : [2] ackw.g(1): ackw - Received: android.intent.action.PACKAGE_ADDED, [750jyl6VUo7h56RoESRIm6Ksg5bz3OGwp28OoSdsoX8]
05-08 08:22:00.017  2981  2981 I Finsky:background: [2] ackm.g(6): ackm - Received: android.intent.action.PACKAGE_ADDED, [750jyl6VUo7h56RoESRIm6Ksg5bz3OGwp28OoSdsoX8]
05-08 08:22:00.019   538  1997 W BroadcastQueue: Background execution not allowed: receiving Intent { act=android.intent.action.PACKAGE_ADDED dat=package:com.getmimo flg=0x4000010 (has extras) } to com.google.android.packageinstaller/com.android.packageinstaller.PackageInstalledReceiver
05-08 08:22:00.024   538   592 W BroadcastQueue: Background execution not allowed: receiving Intent { act=android.intent.action.PACKAGE_ADDED dat=package:com.getmimo flg=0x4000010 (has extras) } to com.android.vending/com.google.android.finsky.packagemonitor.impl.PackageMonitorReceiverImpl$RegisteredReceiver
05-08 08:22:00.033   538   592 W BroadcastQueue: Background execution not allowed: receiving Intent { act=android.intent.action.PACKAGE_ADDED dat=package:com.getmimo flg=0x4000010 (has extras) } to com.android.vending/com.google.android.finsky.packagemonitor.backgroundimpl.BackgroundPackageMonitorReceiverImpl$RegisteredReceiver
05-08 08:22:00.036  1734  9702 W Role    : Cannot get ApplicationInfo for default holder: com.google.android.contacts
05-08 08:22:00.036  1734  9702 W Role    : Cannot get ApplicationInfo for default holder: com.google.android.as
05-08 08:22:00.052  1412  1412 I IntentFilterVerRcvr: S+ domain verification enabled [CONTEXT service_id=244 ]
05-08 08:22:00.054   538   592 W BroadcastQueue: Background execution not allowed: receiving Intent { act=android.intent.action.PACKAGE_ADDED dat=package:com.getmimo flg=0x4000010 (has extras) } to com.google.android.gms/.chimera.GmsIntentOperationService$PersistentTrustedReceiver
05-08 08:22:00.054   538   592 W BroadcastQueue: Background execution not allowed: receiving Intent { act=android.intent.action.PACKAGE_ADDED dat=package:com.getmimo flg=0x4000010 (has extras) } to com.google.android.gms/.games.chimera.GamesSystemBroadcastReceiverProxy
05-08 08:22:00.054   538   592 W BroadcastQueue: Background execution not allowed: receiving Intent { act=android.intent.action.PACKAGE_ADDED dat=package:com.getmimo flg=0x4000010 (has extras) } to com.google.android.gms/.gass.chimera.PackageChangeBroadcastReceiver
05-08 08:22:00.055   538   592 W BroadcastQueue: Background execution not allowed: receiving Intent { act=android.intent.action.PACKAGE_ADDED dat=package:com.getmimo flg=0x4000010 (has extras) } to com.google.android.googlequicksearchbox/com.google.android.apps.gsa.googlequicksearchbox.GelStubAppWatcher
05-08 08:22:00.069  1412  9734 I AppLinksIntentOperation: Verifying requested domains [CONTEXT service_id=244 ]
05-08 08:22:00.086  1734  9702 W Role    : Cannot get ApplicationInfo for default holder: com.google.android.as
05-08 08:22:00.089  1734  9702 W Role    : Cannot get ApplicationInfo for default holder: com.google.android.as
05-08 08:22:00.102   538   614 E VerityUtils: Failed to measure fs-verity, errno 1: /data/app/~~SM_dFFkHYy6FWk6wqDPM1w==/com.getmimo-kkKT-p7cWvpoYMa_D3fXBQ==/base.apk
05-08 08:22:00.107  1412  9929 I Auth    : (REDACTED) [SupervisedAccountIntentOperationV2] onHandleIntent: %s
05-08 08:22:00.115  1412  9927 I Blockstore: (REDACTED) [DataStoreImpl] Clearing Blockstore Data for package %s
05-08 08:22:00.117  1412  9927 I Blockstore: [DataStoreImpl] Keyless data not found or its IsLastInstallationData = false. [CONTEXT service_id=258 ]
05-08 08:22:00.119  1172  9936 W GCM     : Unexpected forwarded intent: Intent { act=android.intent.action.PACKAGE_ADDED dat=package:com.getmimo flg=0x4000010 pkg=com.google.android.gms cmp=com.google.android.gms/.chimera.PersistentIntentOperationService (has extras) }
05-08 08:22:00.121  1412  9927 I Dck     : (REDACTED) disableDckSupport: %s
05-08 08:22:00.121  1412  9927 W Dck     : [WirelessCapabilitiesFeatures] wccSysProp: 0 [CONTEXT service_id=289 ]
05-08 08:22:00.121  1412  9927 I Dck     : [WirelessCapabilitiesFeatures] wccMendel: 3 [CONTEXT service_id=289 ]
05-08 08:22:00.121  1412  9927 I Dck     : [WirelessCapabilitiesFeatures] deviceWccOverride: false [CONTEXT service_id=289 ]
05-08 08:22:00.121  1412  9927 I Dck     : [WirelessCapabilitiesFeatures] replaceSupportedWccWithWccOverride: true [CONTEXT service_id=289 ]
05-08 08:22:00.121  1412  9927 I Dck     : [WirelessCapabilitiesFeatures] wccOverride: not set [CONTEXT service_id=289 ]
05-08 08:22:00.121  1412  9927 I Dck     : (REDACTED) [WirelessCapabilitiesFeatures] wcc: %s
05-08 08:22:00.121  1412  9927 I Dck     : Dck module condition - hasWccSupport: false [CONTEXT service_id=289 ]
05-08 08:22:00.121  1412  9927 I Dck     : Dck module condition - downloadAllowed: false [CONTEXT service_id=289 ]
05-08 08:22:00.121  1412  9927 W Dck     : Dck module not eligible for asynchronous downloading [CONTEXT service_id=289 ]
05-08 08:22:00.122  1172  9935 W NetworkScheduler: Unexpected forwarded intent: Intent { act=android.intent.action.PACKAGE_ADDED dat=package:com.getmimo flg=0x4000010 pkg=com.google.android.gms cmp=com.google.android.gms/.chimera.PersistentIntentOperationService (has extras) }
05-08 08:22:00.130  2885  2885 I Finsky  : [2] arwd.c(44): Do not start WearSupportService due to Wear service optimization
05-08 08:22:00.130  2885  2885 I Finsky  : [2] ajgh.f(9): Clearing split related stale data.
05-08 08:22:00.148  2885  2931 I Finsky  : [76] nbh.a(47): AIM: AppInfoManager-Perf > OnDeviceAppInfo > cacheHitCount=0, cacheMissCount=1. Missed  in cache (limit 10) : [com.getmimo]
05-08 08:22:00.148  2885  2931 I Finsky  : [76] mef.apply(1136): AIM: Got app ownership map. App counts: . Unique apps: 0
05-08 08:22:00.148  2885  2931 E Finsky  : [76] aisy.D(47): [Counters] attempted to use a non-positive increment for: 4752
05-08 08:22:00.181  2885  2885 I Finsky  : [2] wqm.jr(11): DTU: Received onPackageAdded, replacing: false
05-08 08:22:00.183  2885  2885 I Finsky  : [2] mzk.f(7): AIM: AppInfoCacheUpdater -> invalidating apps: [com.getmimo]
05-08 08:22:00.183  2885  2885 I Finsky  : [2] mzy.c(19): AIM: AppInfoManager-Perf > getApps > called for 1 apps
05-08 08:22:00.183  1734  1743 I ssioncontrolle: Background young concurrent copying GC freed 12134(851KB) AllocSpace objects, 0(0B) LOS objects, 45% free, 3215KB/5893KB, paused 4.629ms,188us total 163.500ms
05-08 08:22:00.204  2885  9671 I Finsky  : [172] azlj.e(39): SCH: Received scheduling request: Id: 12-1, Constraints: [{ L: 15000, D: 86400000, C: CHARGING_NONE, I: IDLE_NONE, N: NET_ANY, B: BATTERY_ANY }]
05-08 08:22:00.206   538   552 I system_server: Background concurrent copying GC freed 54991(3768KB) AllocSpace objects, 13(1172KB) LOS objects, 49% free, 21MB/43MB, paused 789us,153us total 234.936ms
05-08 08:22:00.232  1412  9734 I AppLinksRequestHandler: (REDACTED) Processing %d input requests
05-08 08:22:00.234  2981  9659 I Finsky:background: [109] rph.accept(118): Wrote row to frosting DB: 348
05-08 08:22:00.240  2885  2930 I Finsky  : [75] nbh.a(47): AIM: AppInfoManager-Perf > OnDeviceAppInfo > cacheHitCount=0, cacheMissCount=1. Missed  in cache (limit 10) : [com.getmimo]
05-08 08:22:00.254  2885  2922 I Finsky  : [67] mef.apply(1136): AIM: Got app ownership map. App counts: . Unique apps: 0
05-08 08:22:00.258  2885  2931 E Finsky  : [76] aisy.D(47): [Counters] attempted to use a non-positive increment for: 4753
05-08 08:22:00.259  2885  2922 E Finsky  : [67] aisy.D(47): [Counters] attempted to use a non-positive increment for: 4752
05-08 08:22:00.261  1412  9734 I AppLinksUtilsV1: Legacy cross-profile verification enabled [CONTEXT service_id=244 ]
05-08 08:22:00.270  2981  9659 I Finsky:background: [109] rph.accept(118): Wrote row to frosting DB: 349
05-08 08:22:00.280  1172  1986 W GLSUser : [DeviceKeyStore] Cannot load key: Device key file not found.
05-08 08:22:00.290  2885  2931 E Finsky  : [76] aisy.D(47): [Counters] attempted to use a non-positive increment for: 4753
05-08 08:22:00.299  2885  2931 I Finsky  : [76] nbc.a(218): AIM: AppInfoManager-Perf > ItemModel > CacheSize=27, cacheHitCount=0, cacheMissCount=0, total appsWithNoServerDataCount=0. Missed  in cache (limit 10) : []
05-08 08:22:00.302  2885  2931 I Finsky  : [76] nbc.a(218): AIM: AppInfoManager-Perf > ItemModel > CacheSize=27, cacheHitCount=0, cacheMissCount=0, total appsWithNoServerDataCount=0. Missed  in cache (limit 10) : []
05-08 08:22:00.303  2885  2931 I Finsky  : [76] lwo.accept(133): AIM: AppInfoManager-Perf > getApps > data collection finished
05-08 08:22:00.303  2885  2931 I Finsky  : [76] naa.run(909): AIM: AppInfoManager-Perf > maybeDestroyAppInfoManager is called. actives = 0
05-08 08:22:00.320   538   591 W PackageManager: Failed registering loading progress callback. Package is fully loaded.
05-08 08:22:00.322  1734  9702 W Role    : Cannot get ApplicationInfo for default holder: com.google.android.as
05-08 08:22:00.374  1533  1732 I A       : Writing data of size=312 bytes with N=1 keys to Geller corpus DEVICE_INSTALLED_APPS at ts=1746692520367000
05-08 08:22:00.376  1734  9702 W Role    : Cannot get ApplicationInfo for default holder: com.google.android.as
05-08 08:22:00.382  1734  9702 W Role    : Cannot get ApplicationInfo for default holder: com.google.android.as
05-08 08:22:00.393  1533  1713 I DeviceAppInfoWork: refreshDeviceAppInfoForAccount done.
05-08 08:22:00.400  1533  1787 W DeviceAppInfoWork: missing version info.
05-08 08:22:00.430  1412  2399 E heep    : *~*~*~ Previous channel {0} was garbage collected without being shut down! ~*~*~*
05-08 08:22:00.430  1412  2399 E heep    :     Make sure to call shutdown()/shutdownNow()
05-08 08:22:00.430  1412  2399 E heep    : java.lang.RuntimeException: ManagedChannel allocation site
05-08 08:22:00.430  1412  2399 E heep    : 	at heeo.<init>(:com.google.android.gms@251333032@25.13.33 (190800-745790146):21)
05-08 08:22:00.430  1412  2399 E heep    : 	at heep.<init>(:com.google.android.gms@251333032@25.13.33 (190800-745790146):10)
05-08 08:22:00.430  1412  2399 E heep    : 	at heen.a(:com.google.android.gms@251333032@25.13.33 (190800-745790146):244)
05-08 08:22:00.430  1412  2399 E heep    : 	at hdpo.a(:com.google.android.gms@251333032@25.13.33 (190800-745790146):5)
05-08 08:22:00.430  1412  2399 E heep    : 	at aunb.a(:com.google.android.gms@251333032@25.13.33 (190800-745790146):66)
05-08 08:22:00.430  1412  2399 E heep    : 	at aums.u(:com.google.android.gms@251333032@25.13.33 (190800-745790146):119)
05-08 08:22:00.430  1412  2399 E heep    : 	at aums.e(:com.google.android.gms@251333032@25.13.33 (190800-745790146):5)
05-08 08:22:00.430  1412  2399 E heep    : 	at eaks.a(:com.google.android.gms@251333032@25.13.33 (190800-745790146):45)
05-08 08:22:00.430  1412  2399 E heep    : 	at eajx.c(:com.google.android.gms@251333032@25.13.33 (190800-745790146):16)
05-08 08:22:00.430  1412  2399 E heep    : 	at eajx.a(:com.google.android.gms@251333032@25.13.33 (190800-745790146):3)
05-08 08:22:00.430  1412  2399 E heep    : 	at apop.run(:com.google.android.gms@251333032@25.13.33 (190800-745790146):5)
05-08 08:22:00.430  1412  2399 E heep    : 	at ausj.c(:com.google.android.gms@251333032@25.13.33 (190800-745790146):50)
05-08 08:22:00.430  1412  2399 E heep    : 	at ausj.run(:com.google.android.gms@251333032@25.13.33 (190800-745790146):70)
05-08 08:22:00.430  1412  2399 E heep    : 	at java.util.concurrent.ThreadPoolExecutor.runWorker(ThreadPoolExecutor.java:1167)
05-08 08:22:00.430  1412  2399 E heep    : 	at java.util.concurrent.ThreadPoolExecutor$Worker.run(ThreadPoolExecutor.java:641)
05-08 08:22:00.430  1412  2399 E heep    : 	at auxx.run(:com.google.android.gms@251333032@25.13.33 (190800-745790146):8)
05-08 08:22:00.430  1412  2399 E heep    : 	at java.lang.Thread.run(Thread.java:920)
05-08 08:22:00.431  1412  2399 E heep    : *~*~*~ Previous channel {0} was garbage collected without being shut down! ~*~*~*
05-08 08:22:00.431  1412  2399 E heep    :     Make sure to call shutdown()/shutdownNow()
05-08 08:22:00.431  1412  2399 E heep    : java.lang.RuntimeException: ManagedChannel allocation site
05-08 08:22:00.431  1412  2399 E heep    : 	at heeo.<init>(:com.google.android.gms@251333032@25.13.33 (190800-745790146):21)
05-08 08:22:00.431  1412  2399 E heep    : 	at heep.<init>(:com.google.android.gms@251333032@25.13.33 (190800-745790146):10)
05-08 08:22:00.431  1412  2399 E heep    : 	at heen.a(:com.google.android.gms@251333032@25.13.33 (190800-745790146):244)
05-08 08:22:00.431  1412  2399 E heep    : 	at hdpo.a(:com.google.android.gms@251333032@25.13.33 (190800-745790146):5)
05-08 08:22:00.431  1412  2399 E heep    : 	at aunb.a(:com.google.android.gms@251333032@25.13.33 (190800-745790146):66)
05-08 08:22:00.431  1412  2399 E heep    : 	at aums.u(:com.google.android.gms@251333032@25.13.33 (190800-745790146):119)
05-08 08:22:00.431  1412  2399 E heep    : 	at aums.e(:com.google.android.gms@251333032@25.13.33 (190800-745790146):5)
05-08 08:22:00.431  1412  2399 E heep    : 	at eaks.a(:com.google.android.gms@251333032@25.13.33 (190800-745790146):45)
05-08 08:22:00.431  1412  2399 E heep    : 	at eajx.c(:com.google.android.gms@251333032@25.13.33 (190800-745790146):16)
05-08 08:22:00.431  1412  2399 E heep    : 	at eajx.a(:com.google.android.gms@251333032@25.13.33 (190800-745790146):3)
05-08 08:22:00.431  1412  2399 E heep    : 	at apop.run(:com.google.android.gms@251333032@25.13.33 (190800-745790146):5)
05-08 08:22:00.431  1412  2399 E heep    : 	at ausj.c(:com.google.android.gms@251333032@25.13.33 (190800-745790146):50)
05-08 08:22:00.431  1412  2399 E heep    : 	at ausj.run(:com.google.android.gms@251333032@25.13.33 (190800-745790146):70)
05-08 08:22:00.431  1412  2399 E heep    : 	at java.util.concurrent.ThreadPoolExecutor.runWorker(ThreadPoolExecutor.java:1167)
05-08 08:22:00.431  1412  2399 E heep    : 	at java.util.concurrent.ThreadPoolExecutor$Worker.run(ThreadPoolExecutor.java:641)
05-08 08:22:00.431  1412  2399 E heep    : 	at auxx.run(:com.google.android.gms@251333032@25.13.33 (190800-745790146):8)
05-08 08:22:00.431  1412  2399 E heep    : 	at java.lang.Thread.run(Thread.java:920)
05-08 08:22:00.432  1412  9314 I Icing   : Indexing com.google.android.gms-apps from com.google.android.gms
05-08 08:22:00.448   538   593 I ActivityManager: Start proc 9950:com.google.android.gms.unstable/u0a97 for service {com.google.android.gms/com.google.android.gms.droidguard.DroidGuardService}
05-08 08:22:00.460  9950  9950 W id.gms.unstabl: Unexpected CPU variant for X86 using defaults: x86_64
05-08 08:22:00.473  2885  2922 I Finsky  : [67] sdg.accept(58): SCH: Scheduling phonesky job Id: 12-1, CT: 1746692520204, Constraints: [{ L: 15000, D: 86400000, C: CHARGING_NONE, I: IDLE_NONE, N: NET_ANY, B: BATTERY_ANY }]
05-08 08:22:00.482  1412  1752 W Conscrypt: Could not set socket write timeout: java.net.SocketException: Socket closed
05-08 08:22:00.482  1412  1752 W Conscrypt: 	at com.google.android.gms.org.conscrypt.Platform.setSocketWriteTimeout(:com.google.android.gms@251333032@25.13.33 (190800-745790146):204)
05-08 08:22:00.482  1412  1752 W Conscrypt: 	at com.google.android.gms.org.conscrypt.ConscryptFileDescriptorSocket.setSoWriteTimeout(:com.google.android.gms@251333032@25.13.33 (190800-745790146):4)
05-08 08:22:00.484  9950  9950 E id.gms.unstabl: Not starting debugger since process cannot load the jdwp agent.
05-08 08:22:00.484  2885  2922 I Finsky  : [67] nev.apply(251): SCH: Scheduling 1 system job(s)
05-08 08:22:00.484  2885  2922 I Finsky  : [67] ahth.b(244): SCH: Scheduling system job Id: 9523, L: 14720, D: 54850445, C: false, I: false, N: 1
05-08 08:22:00.488  1412  9314 I Icing   : Indexing done com.google.android.gms-apps
05-08 08:22:00.493  2885  2914 I Finsky  : [59] pcj.kh(37): [ContentSync] finished, scheduled=true
05-08 08:22:00.593  9950  9950 W id.gms.unstabl: JIT profile information will not be recorded: profile file does not exist.
05-08 08:22:00.593  9950  9950 W id.gms.unstabl: JIT profile information will not be recorded: profile file does not exist.
05-08 08:22:00.775  9950  9950 W ProviderHelper: Unknown dynamite feature providerinstaller.dynamite
05-08 08:22:00.775  9950  9950 I DynamiteModule: Considering local module com.google.android.gms.providerinstaller.dynamite:1 and remote module com.google.android.gms.providerinstaller.dynamite:0
05-08 08:22:00.775  9950  9950 I DynamiteModule: Selected local version of com.google.android.gms.providerinstaller.dynamite
05-08 08:22:00.829  9950  9950 I ProviderInstaller: Installed default security provider GmsCore_OpenSSL
05-08 08:22:00.843  9950  9988 I Watchcat: Started
05-08 08:22:00.847  9950  9988 I GMS_MM_Logger: (REDACTED) Start time: %s
05-08 08:22:00.848  9950  9988 I GMS_MM_Logger: Started.
05-08 08:22:00.944  1349  1683 W MediaProvider: isAppCloneUserPair for user 0: false
05-08 08:22:00.977   176   176 I hwservicemanager: getTransport: Cannot find entry android.hardware.graphics.mapper@4.0::IMapper/default in either framework or device VINTF manifest.
05-08 08:22:00.978  9999 10001 I Gralloc4: mapper 4.x is not supported
05-08 08:22:00.985  1412  1993 I Checkin : [CheckinApiChimeraService] onGetService
05-08 08:22:00.996  9950  9964 W libc    : Access denied finding property "persist.adb.tls_server.enable"
05-08 08:22:00.992  9950  9950 W Binder:9950_3: type=1400 audit(0.0:69): avc: denied { read } for name="u:object_r:system_adbd_prop:s0" dev="tmpfs" ino=243 scontext=u:r:gmscore_app:s0:c512,c768 tcontext=u:object_r:system_adbd_prop:s0 tclass=file permissive=0 app=com.google.android.gms
05-08 08:22:01.046  1172  1986 W GmsUrlRequestImpl: Content-Type header is overwritten.
05-08 08:22:01.092  1412  1752 W Conscrypt: Could not set socket write timeout: java.net.SocketException: Socket closed
05-08 08:22:01.093  1412  1752 W Conscrypt: 	at com.google.android.gms.org.conscrypt.Platform.setSocketWriteTimeout(:com.google.android.gms@251333032@25.13.33 (190800-745790146):204)
05-08 08:22:01.093  1412  1752 W Conscrypt: 	at com.google.android.gms.org.conscrypt.ConscryptFileDescriptorSocket.setSoWriteTimeout(:com.google.android.gms@251333032@25.13.33 (190800-745790146):4)
05-08 08:22:01.274  1349  1860 I MediaProvider: Begin Intent { act=android.intent.action.MEDIA_SCANNER_SCAN_FILE dat=file:///sdcard/screen_2025-05-08_162201.png flg=0x1400010 cmp=com.google.android.providers.media.module/com.android.providers.media.MediaService }
05-08 08:22:01.300  1349  1860 I MediaProvider: End Intent { act=android.intent.action.MEDIA_SCANNER_SCAN_FILE dat=file:///sdcard/screen_2025-05-08_162201.png flg=0x1400010 cmp=com.google.android.providers.media.module/com.android.providers.media.MediaService }
05-08 08:22:01.311  1172  1986 W GLSUser : [AppCertManager] Exception while requesting key: 
05-08 08:22:01.311  1172  1986 W GLSUser : java.util.concurrent.ExecutionException: cbpu: Parse Proto Exception with response code 400
05-08 08:22:01.311  1172  1986 W GLSUser : 	at frqs.j(:com.google.android.gms@251333032@25.13.33 (190800-745790146):21)
05-08 08:22:01.311  1172  1986 W GLSUser : 	at frrb.u(:com.google.android.gms@251333032@25.13.33 (190800-745790146):71)
05-08 08:22:01.311  1172  1986 W GLSUser : 	at acso.b(:com.google.android.gms@251333032@25.13.33 (190800-745790146):451)
05-08 08:22:01.311  1172  1986 W GLSUser : 	at acsm.a(:com.google.android.gms@251333032@25.13.33 (190800-745790146):69)
05-08 08:22:01.311  1172  1986 W GLSUser : 	at acsi.a(:com.google.android.gms@251333032@25.13.33 (190800-745790146):3)
05-08 08:22:01.311  1172  1986 W GLSUser : 	at acsk.a(:com.google.android.gms@251333032@25.13.33 (190800-745790146):58)
05-08 08:22:01.311  1172  1986 W GLSUser : 	at acsk.b(:com.google.android.gms@251333032@25.13.33 (190800-745790146):21)
05-08 08:22:01.311  1172  1986 W GLSUser : 	at aumf.m(:com.google.android.gms@251333032@25.13.33 (190800-745790146):13)
05-08 08:22:01.311  1172  1986 W GLSUser : 	at aums.f(:com.google.android.gms@251333032@25.13.33 (190800-745790146):10)
05-08 08:22:01.311  1172  1986 W GLSUser : 	at fbsi.a(:com.google.android.gms@251333032@25.13.33 (190800-745790146):45)
05-08 08:22:01.311  1172  1986 W GLSUser : 	at fbsc.b(:com.google.android.gms@251333032@25.13.33 (190800-745790146):279)
05-08 08:22:01.311  1172  1986 W GLSUser : 	at fcuf.f(:com.google.android.gms@251333032@25.13.33 (190800-745790146):232)
05-08 08:22:01.311  1172  1986 W GLSUser : 	at fctx.run(:com.google.android.gms@251333032@25.13.33 (190800-745790146):182)
05-08 08:22:01.311  1172  1986 W GLSUser : 	at ausj.c(:com.google.android.gms@251333032@25.13.33 (190800-745790146):50)
05-08 08:22:01.311  1172  1986 W GLSUser : 	at ausj.run(:com.google.android.gms@251333032@25.13.33 (190800-745790146):70)
05-08 08:22:01.311  1172  1986 W GLSUser : 	at java.util.concurrent.ThreadPoolExecutor.runWorker(ThreadPoolExecutor.java:1167)
05-08 08:22:01.311  1172  1986 W GLSUser : 	at java.util.concurrent.ThreadPoolExecutor$Worker.run(ThreadPoolExecutor.java:641)
05-08 08:22:01.311  1172  1986 W GLSUser : 	at auxx.run(:com.google.android.gms@251333032@25.13.33 (190800-745790146):8)
05-08 08:22:01.311  1172  1986 W GLSUser : 	at java.lang.Thread.run(Thread.java:920)
05-08 08:22:01.311  1172  1986 W GLSUser : Caused by: cbpu: Parse Proto Exception with response code 400
05-08 08:22:01.311  1172  1986 W GLSUser : 	at cbqz.b(:com.google.android.gms@251333032@25.13.33 (190800-745790146):80)
05-08 08:22:01.311  1172  1986 W GLSUser : 	at cbtu.d(:com.google.android.gms@251333032@25.13.33 (190800-745790146):18)
05-08 08:22:01.311  1172  1986 W GLSUser : 	at cbui.onSucceeded(:com.google.android.gms@251333032@25.13.33 (190800-745790146):9)
05-08 08:22:01.311  1172  1986 W GLSUser : 	at m.lj.onSucceeded(:com.google.android.gms.dynamite_cronetdynamite@251333032@25.13.33 (190800-0):3)
05-08 08:22:01.311  1172  1986 W GLSUser : 	at m.kh.run(:com.google.android.gms.dynamite_cronetdynamite@251333032@25.13.33 (190800-0):21)
05-08 08:22:01.311  1172  1986 W GLSUser : 	at m.kb.run(:com.google.android.gms.dynamite_cronetdynamite@251333032@25.13.33 (190800-0):31)
05-08 08:22:01.311  1172  1986 W GLSUser : 	... 6 more
05-08 08:22:01.311  1172  1986 W GLSUser : Caused by: gksr: Protocol message contained an invalid tag (zero).
05-08 08:22:01.311  1172  1986 W GLSUser : 	at gkpn.k(:com.google.android.gms@251333032@25.13.33 (190800-745790146):43)
05-08 08:22:01.311  1172  1986 W GLSUser : 	at gktr.c(:com.google.android.gms@251333032@25.13.33 (190800-745790146):398)
05-08 08:22:01.311  1172  1986 W GLSUser : 	at gktr.i(:com.google.android.gms@251333032@25.13.33 (190800-745790146):8)
05-08 08:22:01.311  1172  1986 W GLSUser : 	at gkrv.y(:com.google.android.gms@251333032@25.13.33 (190800-745790146):23)
05-08 08:22:01.311  1172  1986 W GLSUser : 	at gkrq.g(:com.google.android.gms@251333032@25.13.33 (190800-745790146):3)
05-08 08:22:01.311  1172  1986 W GLSUser : 	at gkpj.e(:com.google.android.gms@251333032@25.13.33 (190800-745790146):1)
05-08 08:22:01.311  1172  1986 W GLSUser : 	at gkpj.d(:com.google.android.gms@251333032@25.13.33 (190800-745790146):3)
05-08 08:22:01.311  1172  1986 W GLSUser : 	at gkpj.p(:com.google.android.gms@251333032@25.13.33 (190800-745790146):1)
05-08 08:22:01.311  1172  1986 W GLSUser : 	at cbqz.g(:com.google.android.gms@251333032@25.13.33 (190800-745790146):69)
05-08 08:22:01.311  1172  1986 W GLSUser : 	at cbqz.b(:com.google.android.gms@251333032@25.13.33 (190800-745790146):11)
05-08 08:22:01.311  1172  1986 W GLSUser : 	... 11 more
05-08 08:22:01.312  1172  1986 W GLSUser : [DeviceKeyStore] Cannot load key: Device key file not found.
05-08 08:22:01.334   175   175 I servicemanager: Notifying apexservice they have clients: 1
05-08 08:22:01.334   175   175 I servicemanager: Notifying apexservice they have clients: 0
05-08 08:22:01.341   175   175 I BpBinder: onLastStrongRef automatically unlinking death recipients: <uncached descriptor>
05-08 08:22:01.361  1349  7520 I MediaProvider: Deleted 0 1 0 0 0 0 0 items on external_primary due to com.android.shell
05-08 08:22:01.362  1172  2228 I UriTaskContentObserver: (REDACTED) Throttling content uri change event for %s
05-08 08:22:01.535  1412  2399 I AppLinksAsyncVerifierV2: (REDACTED) Verification result: checking for a statement with source %s, relation delegate_permission/common.handle_all_urls, and target %s --> %b.
05-08 08:22:01.536  1412  9734 I AppLinksHostsVerifierV2: (REDACTED) Verification %s complete. Successful hosts: %s. Failed hosts: %s. Error hosts: %s.
05-08 08:22:01.544  1412  9734 I WebApkHostsVerifierV2: (REDACTED) Processing %d input requests
05-08 08:22:01.545  1412  9734 I AppLinksUtilsV1: Legacy cross-profile verification enabled [CONTEXT service_id=244 ]
05-08 08:22:01.547  1412  9734 I WebApkHostsVerifierV2: (REDACTED) Returning %d non-WebAPK requests
05-08 08:22:01.839  1349  1683 W MediaProvider: isAppCloneUserPair for user 0: false
05-08 08:22:01.867   176   176 I hwservicemanager: getTransport: Cannot find entry android.hardware.graphics.mapper@4.0::IMapper/default in either framework or device VINTF manifest.
05-08 08:22:01.867 10038 10040 I Gralloc4: mapper 4.x is not supported
05-08 08:22:02.209  1349  1860 I MediaProvider: Begin Intent { act=android.intent.action.MEDIA_SCANNER_SCAN_FILE dat=file:///sdcard/screen_2025-05-08_162202.png flg=0x1400010 cmp=com.google.android.providers.media.module/com.android.providers.media.MediaService }
05-08 08:22:02.217  1349  1860 I MediaProvider: End Intent { act=android.intent.action.MEDIA_SCANNER_SCAN_FILE dat=file:///sdcard/screen_2025-05-08_162202.png flg=0x1400010 cmp=com.google.android.providers.media.module/com.android.providers.media.MediaService }
05-08 08:22:02.303  1172  2228 I UriTaskContentObserver: (REDACTED) Throttling content uri change event for %s
05-08 08:22:02.304  1349  7520 I MediaProvider: Deleted 0 1 0 0 0 0 0 items on external_primary due to com.android.shell
05-08 08:22:02.717 10063 10063 I AndroidRuntime: Using default boot image
05-08 08:22:02.717 10063 10063 I AndroidRuntime: Leaving lock profiling enabled
05-08 08:22:02.712 10063 10063 W app_process: type=1400 audit(0.0:70): avc: denied { read } for name="u:object_r:odsign_prop:s0" dev="tmpfs" ino=203 scontext=u:r:shell:s0 tcontext=u:object_r:odsign_prop:s0 tclass=file permissive=0
05-08 08:22:02.722 10063 10063 W libc    : Access denied finding property "odsign.verification.success"
05-08 08:22:02.723 10063 10063 W app_process: ART APEX data files are untrusted.
05-08 08:22:02.874 10063 10063 W app_process: Unexpected CPU variant for X86 using defaults: x86_64
05-08 08:22:02.888 10063 10063 W app_process: ClassLoaderContext classpath size mismatch. expected=0, found=1 (PCL[] | PCL[/system/framework/android.test.runner.jar*1585996318])
05-08 08:22:03.972 10063 10063 I AccessibilityNodeInfoDumper: Skipping invisible child: android.view.accessibility.AccessibilityNodeInfo@19ce6; boundsInParent: Rect(0, 0 - 0, 49); boundsInScreen: Rect(101, 290 - 101, 339); packageName: com.google.android.apps.nexuslauncher; className: android.widget.TextView; text: null; error: null; maxTextLength: -1; stateDescription: null; contentDescription: null; tooltipText: null; viewIdResName: com.google.android.apps.nexuslauncher:id/subtitle_text; checkable: false; checked: false; focusable: false; focused: false; selected: false; clickable: false; longClickable: false; contextClickable: false; enabled: true; password: false; scrollable: false; importantForAccessibility: true; visible: false; actions: [AccessibilityAction: ACTION_SELECT - null, AccessibilityAction: ACTION_CLEAR_SELECTION - null, AccessibilityAction: ACTION_ACCESSIBILITY_FOCUS - null, AccessibilityAction: ACTION_SHOW_ON_SCREEN - null]
05-08 08:22:03.976 10063 10063 W AccessibilityNodeInfoDumper: Fetch time: 20ms
05-08 08:22:05.182  1349  7526 W MediaProvider: isAppCloneUserPair for user 0: false
05-08 08:22:05.222   176   176 I hwservicemanager: getTransport: Cannot find entry android.hardware.graphics.mapper@4.0::IMapper/default in either framework or device VINTF manifest.
05-08 08:22:05.223 10106 10108 I Gralloc4: mapper 4.x is not supported
05-08 08:22:05.509  1349  1860 I MediaProvider: Begin Intent { act=android.intent.action.MEDIA_SCANNER_SCAN_FILE dat=file:///sdcard/screen_2025-05-08_162205.png flg=0x1400010 cmp=com.google.android.providers.media.module/com.android.providers.media.MediaService }
05-08 08:22:05.517  1349  1860 I MediaProvider: End Intent { act=android.intent.action.MEDIA_SCANNER_SCAN_FILE dat=file:///sdcard/screen_2025-05-08_162205.png flg=0x1400010 cmp=com.google.android.providers.media.module/com.android.providers.media.MediaService }
05-08 08:22:05.600  1349  1683 I MediaProvider: Deleted 0 1 0 0 0 0 0 items on external_primary due to com.android.shell
05-08 08:22:05.601  1172  2228 I UriTaskContentObserver: (REDACTED) Throttling content uri change event for %s
05-08 08:22:05.956   538  1997 I ActivityTaskManager: START u0 {act=android.intent.action.MAIN cat=[android.intent.category.LAUNCHER] flg=0x10000000 cmp=com.getmimo/.ui.SplashActivity} from uid 2000
05-08 08:22:05.966   538  1997 W ActivityTaskManager: Can't find TaskDisplayArea to determine support for multi window. Task id=11 attached=false
05-08 08:22:06.015   538   593 I ActivityManager: Start proc 10139:com.getmimo/u0a173 for pre-top-activity {com.getmimo/com.getmimo.ui.SplashActivity}
05-08 08:22:06.023 10139 10139 W com.getmimo: Unexpected CPU variant for X86 using defaults: x86_64
05-08 08:22:06.027 10139 10139 E com.getmimo: Not starting debugger since process cannot load the jdwp agent.
05-08 08:22:06.029   365   365 I BpBinder: onLastStrongRef automatically unlinking death recipients: <uncached descriptor>
05-08 08:22:06.056   538   861 I ActivityManager: Killing 4446:com.google.pixel.exo/u0a137 (adj 985): empty #17
05-08 08:22:06.073   321   321 I Zygote  : Process 4446 exited due to signal 9 (Killed)
05-08 08:22:06.103   538   594 I libprocessgroup: Successfully killed process cgroup uid 10137 pid 4446 in 45ms
05-08 08:22:06.114  1346  1346 I GsaVoiceInteractionSrv: Handling ACTION_STOP_HOTWORD
05-08 08:22:06.120  1346  1346 E HwDetectorWithState: a: 3
05-08 08:22:06.128 10139 10139 I FirebaseApp: Device unlocked: initializing all Firebase APIs for app [DEFAULT]
