05-08 08:22:46.839 11961 11961 W app_process: ART APEX data files are untrusted.
05-08 08:22:46.836 11961 11961 W app_process: type=1400 audit(0.0:74): avc: denied { read } for name="u:object_r:odsign_prop:s0" dev="tmpfs" ino=203 scontext=u:r:shell:s0 tcontext=u:object_r:odsign_prop:s0 tclass=file permissive=0
05-08 08:22:46.903 11961 11961 W app_process: Unexpected CPU variant for X86 using defaults: x86_64
05-08 08:22:46.905 11961 11961 W app_process: ClassLoaderContext classpath size mismatch. expected=0, found=1 (PCL[] | PCL[/system/framework/android.test.runner.jar*1585996318])
05-08 08:22:47.944 11961 11961 W AccessibilityNodeInfoDumper: Fetch time: 5ms
05-08 08:22:49.130  1349  1683 W MediaProvider: isAppCloneUserPair for user 0: false
05-08 08:22:49.156  1412 12003 I GmscoreIpa: Starting mediastore instant index [CONTEXT service_id=255 ]
05-08 08:22:49.167   176   176 I hwservicemanager: getTransport: Cannot find entry android.hardware.graphics.mapper@4.0::IMapper/default in either framework or device VINTF manifest.
05-08 08:22:49.168 12000 12002 I Gralloc4: mapper 4.x is not supported
05-08 08:22:49.311  1349  1860 I MediaProvider: Begin Intent { act=android.intent.action.MEDIA_SCANNER_SCAN_FILE dat=file:///sdcard/screen_2025-05-08_162249.png flg=0x1400010 cmp=com.google.android.providers.media.module/com.android.providers.media.MediaService }
05-08 08:22:49.316  1349  1860 I MediaProvider: End Intent { act=android.intent.action.MEDIA_SCANNER_SCAN_FILE dat=file:///sdcard/screen_2025-05-08_162249.png flg=0x1400010 cmp=com.google.android.providers.media.module/com.android.providers.media.MediaService }
05-08 08:22:49.405  1172  2228 I UriTaskContentObserver: (REDACTED) Throttling content uri change event for %s
05-08 08:22:49.406  1349  1505 I MediaProvider: Deleted 0 1 0 0 0 0 0 items on external_primary due to com.android.shell
05-08 08:22:50.782   348   348 E android.hardware.power.stats@1.0-service-mock: Failed to getEnergyData
05-08 08:22:51.947  1349  1683 W MediaProvider: isAppCloneUserPair for user 0: false
05-08 08:22:51.970   176   176 I hwservicemanager: getTransport: Cannot find entry android.hardware.graphics.mapper@4.0::IMapper/default in either framework or device VINTF manifest.
05-08 08:22:51.970 12113 12115 I Gralloc4: mapper 4.x is not supported
05-08 08:22:52.160  1349  1860 I MediaProvider: Begin Intent { act=android.intent.action.MEDIA_SCANNER_SCAN_FILE dat=file:///sdcard/screen_2025-05-08_162252.png flg=0x1400010 cmp=com.google.android.providers.media.module/com.android.providers.media.MediaService }
05-08 08:22:52.181  1349  1860 I MediaProvider: End Intent { act=android.intent.action.MEDIA_SCANNER_SCAN_FILE dat=file:///sdcard/screen_2025-05-08_162252.png flg=0x1400010 cmp=com.google.android.providers.media.module/com.android.providers.media.MediaService }
05-08 08:22:52.271  1349  1505 I MediaProvider: Deleted 0 1 0 0 0 0 0 items on external_primary due to com.android.shell
05-08 08:22:52.272  1172  2228 I UriTaskContentObserver: (REDACTED) Throttling content uri change event for %s
05-08 08:22:52.842  1349  1683 W MediaProvider: isAppCloneUserPair for user 0: false
05-08 08:22:52.868   176   176 I hwservicemanager: getTransport: Cannot find entry android.hardware.graphics.mapper@4.0::IMapper/default in either framework or device VINTF manifest.
05-08 08:22:52.868 12152 12154 I Gralloc4: mapper 4.x is not supported
05-08 08:22:53.012  1349  1860 I MediaProvider: Begin Intent { act=android.intent.action.MEDIA_SCANNER_SCAN_FILE dat=file:///sdcard/screen_2025-05-08_162253.png flg=0x1400010 cmp=com.google.android.providers.media.module/com.android.providers.media.MediaService }
05-08 08:22:53.047  1349  1860 I MediaProvider: End Intent { act=android.intent.action.MEDIA_SCANNER_SCAN_FILE dat=file:///sdcard/screen_2025-05-08_162253.png flg=0x1400010 cmp=com.google.android.providers.media.module/com.android.providers.media.MediaService }
05-08 08:22:53.121  1349  1505 I MediaProvider: Deleted 0 1 0 0 0 0 0 items on external_primary due to com.android.shell
05-08 08:22:53.121  1172  2228 I UriTaskContentObserver: (REDACTED) Throttling content uri change event for %s
05-08 08:22:53.760  1349  1683 W MediaProvider: isAppCloneUserPair for user 0: false
05-08 08:22:53.782   176   176 I hwservicemanager: getTransport: Cannot find entry android.hardware.graphics.mapper@4.0::IMapper/default in either framework or device VINTF manifest.
05-08 08:22:53.783 12197 12199 I Gralloc4: mapper 4.x is not supported
05-08 08:22:53.923  1349  1860 I MediaProvider: Begin Intent { act=android.intent.action.MEDIA_SCANNER_SCAN_FILE dat=file:///sdcard/screen_2025-05-08_162254.png flg=0x1400010 cmp=com.google.android.providers.media.module/com.android.providers.media.MediaService }
05-08 08:22:53.929  1349  1860 I MediaProvider: End Intent { act=android.intent.action.MEDIA_SCANNER_SCAN_FILE dat=file:///sdcard/screen_2025-05-08_162254.png flg=0x1400010 cmp=com.google.android.providers.media.module/com.android.providers.media.MediaService }
05-08 08:22:54.017  1349  1505 I MediaProvider: Deleted 0 1 0 0 0 0 0 items on external_primary due to com.android.shell
05-08 08:22:54.018  1172  2228 I UriTaskContentObserver: (REDACTED) Throttling content uri change event for %s
05-08 08:22:56.443  1172  1986 I NearbyMediums: No BLE Fast/GATT advertisements found in the latest cycle.
05-08 08:22:56.549  1349  1683 W MediaProvider: isAppCloneUserPair for user 0: false
05-08 08:22:56.574   176   176 I hwservicemanager: getTransport: Cannot find entry android.hardware.graphics.mapper@4.0::IMapper/default in either framework or device VINTF manifest.
05-08 08:22:56.574 12302 12310 I Gralloc4: mapper 4.x is not supported
05-08 08:22:56.709  1349  1860 I MediaProvider: Begin Intent { act=android.intent.action.MEDIA_SCANNER_SCAN_FILE dat=file:///sdcard/screen_2025-05-08_162256.png flg=0x1400010 cmp=com.google.android.providers.media.module/com.android.providers.media.MediaService }
05-08 08:22:56.729  1349  1860 I MediaProvider: End Intent { act=android.intent.action.MEDIA_SCANNER_SCAN_FILE dat=file:///sdcard/screen_2025-05-08_162256.png flg=0x1400010 cmp=com.google.android.providers.media.module/com.android.providers.media.MediaService }
05-08 08:22:56.813  1349  1505 I MediaProvider: Deleted 0 1 0 0 0 0 0 items on external_primary due to com.android.shell
05-08 08:22:56.814  1172  2228 I UriTaskContentObserver: (REDACTED) Throttling content uri change event for %s
05-08 08:22:57.344  1349  1683 W MediaProvider: isAppCloneUserPair for user 0: false
05-08 08:22:57.369   176   176 I hwservicemanager: getTransport: Cannot find entry android.hardware.graphics.mapper@4.0::IMapper/default in either framework or device VINTF manifest.
05-08 08:22:57.370 12347 12349 I Gralloc4: mapper 4.x is not supported
05-08 08:22:57.547  1349  1860 I MediaProvider: Begin Intent { act=android.intent.action.MEDIA_SCANNER_SCAN_FILE dat=file:///sdcard/screen_2025-05-08_162257.png flg=0x1400010 cmp=com.google.android.providers.media.module/com.android.providers.media.MediaService }
05-08 08:22:57.556  1349  1860 I MediaProvider: End Intent { act=android.intent.action.MEDIA_SCANNER_SCAN_FILE dat=file:///sdcard/screen_2025-05-08_162257.png flg=0x1400010 cmp=com.google.android.providers.media.module/com.android.providers.media.MediaService }
05-08 08:22:57.656  1172  2228 I UriTaskContentObserver: (REDACTED) Throttling content uri change event for %s
05-08 08:22:57.657  1349  1505 I MediaProvider: Deleted 0 1 0 0 0 0 0 items on external_primary due to com.android.shell
05-08 08:22:58.153  1349  1683 W MediaProvider: isAppCloneUserPair for user 0: false
05-08 08:22:58.175   176   176 I hwservicemanager: getTransport: Cannot find entry android.hardware.graphics.mapper@4.0::IMapper/default in either framework or device VINTF manifest.
05-08 08:22:58.175 12386 12388 I Gralloc4: mapper 4.x is not supported
05-08 08:22:58.310  1349  1860 I MediaProvider: Begin Intent { act=android.intent.action.MEDIA_SCANNER_SCAN_FILE dat=file:///sdcard/screen_2025-05-08_162258.png flg=0x1400010 cmp=com.google.android.providers.media.module/com.android.providers.media.MediaService }
05-08 08:22:58.314  1349  1860 I MediaProvider: End Intent { act=android.intent.action.MEDIA_SCANNER_SCAN_FILE dat=file:///sdcard/screen_2025-05-08_162258.png flg=0x1400010 cmp=com.google.android.providers.media.module/com.android.providers.media.MediaService }
05-08 08:22:58.418  1349  1505 I MediaProvider: Deleted 0 1 0 0 0 0 0 items on external_primary due to com.android.shell
05-08 08:22:59.239  1172 12289 I NetworkScheduler.Stats: (REDACTED) Task %s/%s started execution. cause:%s exec_start_elapsed_seconds: %s
05-08 08:22:59.249  1172 12443 I NetworkScheduler.Stats: (REDACTED) Task %s/%s finished executing. cause:%s result: %s elapsed_millis: %s uptime_millis: %s exec_start_elapsed_seconds: %s
05-08 08:23:00.883  1349  1683 W MediaProvider: isAppCloneUserPair for user 0: false
05-08 08:23:00.919   176   176 I hwservicemanager: getTransport: Cannot find entry android.hardware.graphics.mapper@4.0::IMapper/default in either framework or device VINTF manifest.
05-08 08:23:00.920 12495 12497 I Gralloc4: mapper 4.x is not supported
05-08 08:23:01.091  1349  1860 I MediaProvider: Begin Intent { act=android.intent.action.MEDIA_SCANNER_SCAN_FILE dat=file:///sdcard/screen_2025-05-08_162301.png flg=0x1400010 cmp=com.google.android.providers.media.module/com.android.providers.media.MediaService }
05-08 08:23:01.108  1349  1860 I MediaProvider: End Intent { act=android.intent.action.MEDIA_SCANNER_SCAN_FILE dat=file:///sdcard/screen_2025-05-08_162301.png flg=0x1400010 cmp=com.google.android.providers.media.module/com.android.providers.media.MediaService }
05-08 08:23:01.166  1349  1505 I MediaProvider: Deleted 0 1 0 0 0 0 0 items on external_primary due to com.android.shell
05-08 08:23:01.167  1172  2228 I UriTaskContentObserver: (REDACTED) Throttling content uri change event for %s
05-08 08:23:01.330  1172  1986 W GLSUser : [DeviceKeyStore] Cannot load key: Device key file not found.
05-08 08:23:01.399  9950  9962 W libc    : Access denied finding property "persist.adb.tls_server.enable"
05-08 08:23:01.396  9950  9950 W Binder:9950_1: type=1400 audit(0.0:75): avc: denied { read } for name="u:object_r:system_adbd_prop:s0" dev="tmpfs" ino=243 scontext=u:r:gmscore_app:s0:c512,c768 tcontext=u:object_r:system_adbd_prop:s0 tclass=file permissive=0 app=com.google.android.gms
05-08 08:23:01.440  1172  1986 W GmsUrlRequestImpl: Content-Type header is overwritten.
05-08 08:23:01.683  1349  1683 W MediaProvider: isAppCloneUserPair for user 0: false
05-08 08:23:01.718   176   176 I hwservicemanager: getTransport: Cannot find entry android.hardware.graphics.mapper@4.0::IMapper/default in either framework or device VINTF manifest.
05-08 08:23:01.720 12536 12538 I Gralloc4: mapper 4.x is not supported
05-08 08:23:01.727  1172  1986 W GLSUser : [AppCertManager] Exception while requesting key: 
05-08 08:23:01.727  1172  1986 W GLSUser : java.util.concurrent.ExecutionException: cbpu: Parse Proto Exception with response code 400
05-08 08:23:01.727  1172  1986 W GLSUser : 	at frqs.j(:com.google.android.gms@251333032@25.13.33 (190800-745790146):21)
05-08 08:23:01.727  1172  1986 W GLSUser : 	at frrb.u(:com.google.android.gms@251333032@25.13.33 (190800-745790146):71)
05-08 08:23:01.727  1172  1986 W GLSUser : 	at acso.b(:com.google.android.gms@251333032@25.13.33 (190800-745790146):451)
05-08 08:23:01.727  1172  1986 W GLSUser : 	at acsm.a(:com.google.android.gms@251333032@25.13.33 (190800-745790146):69)
05-08 08:23:01.727  1172  1986 W GLSUser : 	at acsi.a(:com.google.android.gms@251333032@25.13.33 (190800-745790146):3)
05-08 08:23:01.727  1172  1986 W GLSUser : 	at acsk.a(:com.google.android.gms@251333032@25.13.33 (190800-745790146):58)
05-08 08:23:01.727  1172  1986 W GLSUser : 	at acsk.b(:com.google.android.gms@251333032@25.13.33 (190800-745790146):21)
05-08 08:23:01.727  1172  1986 W GLSUser : 	at aumf.m(:com.google.android.gms@251333032@25.13.33 (190800-745790146):13)
05-08 08:23:01.727  1172  1986 W GLSUser : 	at aums.f(:com.google.android.gms@251333032@25.13.33 (190800-745790146):10)
05-08 08:23:01.727  1172  1986 W GLSUser : 	at fbsi.a(:com.google.android.gms@251333032@25.13.33 (190800-745790146):45)
05-08 08:23:01.727  1172  1986 W GLSUser : 	at fbsc.b(:com.google.android.gms@251333032@25.13.33 (190800-745790146):279)
05-08 08:23:01.727  1172  1986 W GLSUser : 	at fcuf.f(:com.google.android.gms@251333032@25.13.33 (190800-745790146):232)
05-08 08:23:01.727  1172  1986 W GLSUser : 	at fctx.run(:com.google.android.gms@251333032@25.13.33 (190800-745790146):182)
05-08 08:23:01.727  1172  1986 W GLSUser : 	at ausj.c(:com.google.android.gms@251333032@25.13.33 (190800-745790146):50)
05-08 08:23:01.727  1172  1986 W GLSUser : 	at ausj.run(:com.google.android.gms@251333032@25.13.33 (190800-745790146):70)
05-08 08:23:01.727  1172  1986 W GLSUser : 	at java.util.concurrent.ThreadPoolExecutor.runWorker(ThreadPoolExecutor.java:1167)
05-08 08:23:01.727  1172  1986 W GLSUser : 	at java.util.concurrent.ThreadPoolExecutor$Worker.run(ThreadPoolExecutor.java:641)
05-08 08:23:01.727  1172  1986 W GLSUser : 	at auxx.run(:com.google.android.gms@251333032@25.13.33 (190800-745790146):8)
05-08 08:23:01.727  1172  1986 W GLSUser : 	at java.lang.Thread.run(Thread.java:920)
05-08 08:23:01.727  1172  1986 W GLSUser : Caused by: cbpu: Parse Proto Exception with response code 400
05-08 08:23:01.727  1172  1986 W GLSUser : 	at cbqz.b(:com.google.android.gms@251333032@25.13.33 (190800-745790146):80)
05-08 08:23:01.727  1172  1986 W GLSUser : 	at cbtu.d(:com.google.android.gms@251333032@25.13.33 (190800-745790146):18)
05-08 08:23:01.727  1172  1986 W GLSUser : 	at cbui.onSucceeded(:com.google.android.gms@251333032@25.13.33 (190800-745790146):9)
05-08 08:23:01.727  1172  1986 W GLSUser : 	at m.lj.onSucceeded(:com.google.android.gms.dynamite_cronetdynamite@251333032@25.13.33 (190800-0):3)
05-08 08:23:01.727  1172  1986 W GLSUser : 	at m.kh.run(:com.google.android.gms.dynamite_cronetdynamite@251333032@25.13.33 (190800-0):21)
05-08 08:23:01.727  1172  1986 W GLSUser : 	at m.kb.run(:com.google.android.gms.dynamite_cronetdynamite@251333032@25.13.33 (190800-0):31)
05-08 08:23:01.727  1172  1986 W GLSUser : 	... 6 more
05-08 08:23:01.727  1172  1986 W GLSUser : Caused by: gksr: Protocol message contained an invalid tag (zero).
05-08 08:23:01.727  1172  1986 W GLSUser : 	at gkpn.k(:com.google.android.gms@251333032@25.13.33 (190800-745790146):43)
05-08 08:23:01.727  1172  1986 W GLSUser : 	at gktr.c(:com.google.android.gms@251333032@25.13.33 (190800-745790146):398)
05-08 08:23:01.727  1172  1986 W GLSUser : 	at gktr.i(:com.google.android.gms@251333032@25.13.33 (190800-745790146):8)
05-08 08:23:01.727  1172  1986 W GLSUser : 	at gkrv.y(:com.google.android.gms@251333032@25.13.33 (190800-745790146):23)
05-08 08:23:01.727  1172  1986 W GLSUser : 	at gkrq.g(:com.google.android.gms@251333032@25.13.33 (190800-745790146):3)
05-08 08:23:01.727  1172  1986 W GLSUser : 	at gkpj.e(:com.google.android.gms@251333032@25.13.33 (190800-745790146):1)
05-08 08:23:01.727  1172  1986 W GLSUser : 	at gkpj.d(:com.google.android.gms@251333032@25.13.33 (190800-745790146):3)
05-08 08:23:01.727  1172  1986 W GLSUser : 	at gkpj.p(:com.google.android.gms@251333032@25.13.33 (190800-745790146):1)
05-08 08:23:01.727  1172  1986 W GLSUser : 	at cbqz.g(:com.google.android.gms@251333032@25.13.33 (190800-745790146):69)
05-08 08:23:01.727  1172  1986 W GLSUser : 	at cbqz.b(:com.google.android.gms@251333032@25.13.33 (190800-745790146):11)
05-08 08:23:01.727  1172  1986 W GLSUser : 	... 11 more
05-08 08:23:01.728  1172  1986 W GLSUser : [DeviceKeyStore] Cannot load key: Device key file not found.
05-08 08:23:01.875  1349  1860 I MediaProvider: Begin Intent { act=android.intent.action.MEDIA_SCANNER_SCAN_FILE dat=file:///sdcard/screen_2025-05-08_162301.png flg=0x1400010 cmp=com.google.android.providers.media.module/com.android.providers.media.MediaService }
05-08 08:23:01.881  1349  1860 I MediaProvider: End Intent { act=android.intent.action.MEDIA_SCANNER_SCAN_FILE dat=file:///sdcard/screen_2025-05-08_162301.png flg=0x1400010 cmp=com.google.android.providers.media.module/com.android.providers.media.MediaService }
05-08 08:23:01.952  1349  1505 I MediaProvider: Deleted 0 1 0 0 0 0 0 items on external_primary due to com.android.shell
05-08 08:23:01.952  1172  2228 I UriTaskContentObserver: (REDACTED) Throttling content uri change event for %s
05-08 08:23:02.485  1349  1683 W MediaProvider: isAppCloneUserPair for user 0: false
05-08 08:23:02.521   176   176 I hwservicemanager: getTransport: Cannot find entry android.hardware.graphics.mapper@4.0::IMapper/default in either framework or device VINTF manifest.
05-08 08:23:02.521 12579 12583 I Gralloc4: mapper 4.x is not supported
05-08 08:23:02.691  1349  1860 I MediaProvider: Begin Intent { act=android.intent.action.MEDIA_SCANNER_SCAN_FILE dat=file:///sdcard/screen_2025-05-08_162302.png flg=0x1400010 cmp=com.google.android.providers.media.module/com.android.providers.media.MediaService }
05-08 08:23:02.700  1349  1860 I MediaProvider: End Intent { act=android.intent.action.MEDIA_SCANNER_SCAN_FILE dat=file:///sdcard/screen_2025-05-08_162302.png flg=0x1400010 cmp=com.google.android.providers.media.module/com.android.providers.media.MediaService }
05-08 08:23:02.861  1349  1505 I MediaProvider: Deleted 0 1 0 0 0 0 0 items on external_primary due to com.android.shell
05-08 08:23:05.340  1349  1683 W MediaProvider: isAppCloneUserPair for user 0: false
05-08 08:23:05.363   176   176 I hwservicemanager: getTransport: Cannot find entry android.hardware.graphics.mapper@4.0::IMapper/default in either framework or device VINTF manifest.
05-08 08:23:05.364 12686 12688 I Gralloc4: mapper 4.x is not supported
05-08 08:23:05.487  1349  1860 I MediaProvider: Begin Intent { act=android.intent.action.MEDIA_SCANNER_SCAN_FILE dat=file:///sdcard/screen_2025-05-08_162305.png flg=0x1400010 cmp=com.google.android.providers.media.module/com.android.providers.media.MediaService }
05-08 08:23:05.491  1349  1860 I MediaProvider: End Intent { act=android.intent.action.MEDIA_SCANNER_SCAN_FILE dat=file:///sdcard/screen_2025-05-08_162305.png flg=0x1400010 cmp=com.google.android.providers.media.module/com.android.providers.media.MediaService }
05-08 08:23:05.593  1349  1505 I MediaProvider: Deleted 0 1 0 0 0 0 0 items on external_primary due to com.android.shell
05-08 08:23:06.227  1349  1683 W MediaProvider: isAppCloneUserPair for user 0: false
05-08 08:23:06.261   176   176 I hwservicemanager: getTransport: Cannot find entry android.hardware.graphics.mapper@4.0::IMapper/default in either framework or device VINTF manifest.
05-08 08:23:06.262 12725 12727 I Gralloc4: mapper 4.x is not supported
05-08 08:23:06.394  1349  1860 I MediaProvider: Begin Intent { act=android.intent.action.MEDIA_SCANNER_SCAN_FILE dat=file:///sdcard/screen_2025-05-08_162306.png flg=0x1400010 cmp=com.google.android.providers.media.module/com.android.providers.media.MediaService }
05-08 08:23:06.398  1349  1860 I MediaProvider: End Intent { act=android.intent.action.MEDIA_SCANNER_SCAN_FILE dat=file:///sdcard/screen_2025-05-08_162306.png flg=0x1400010 cmp=com.google.android.providers.media.module/com.android.providers.media.MediaService }
05-08 08:23:06.446  1172  3890 I NearbyMediums: No BLE Fast/GATT advertisements found in the latest cycle.
05-08 08:23:06.477  1349  1505 I MediaProvider: Deleted 0 1 0 0 0 0 0 items on external_primary due to com.android.shell
05-08 08:23:06.478  1172  2228 I UriTaskContentObserver: (REDACTED) Throttling content uri change event for %s
05-08 08:23:06.982  1349  1683 W MediaProvider: isAppCloneUserPair for user 0: false
05-08 08:23:07.005   176   176 I hwservicemanager: getTransport: Cannot find entry android.hardware.graphics.mapper@4.0::IMapper/default in either framework or device VINTF manifest.
05-08 08:23:07.005 12770 12772 I Gralloc4: mapper 4.x is not supported
05-08 08:23:07.140  1349  1860 I MediaProvider: Begin Intent { act=android.intent.action.MEDIA_SCANNER_SCAN_FILE dat=file:///sdcard/screen_2025-05-08_162307.png flg=0x1400010 cmp=com.google.android.providers.media.module/com.android.providers.media.MediaService }
05-08 08:23:07.162  1349  1860 I MediaProvider: End Intent { act=android.intent.action.MEDIA_SCANNER_SCAN_FILE dat=file:///sdcard/screen_2025-05-08_162307.png flg=0x1400010 cmp=com.google.android.providers.media.module/com.android.providers.media.MediaService }
05-08 08:23:07.274  1349  1505 I MediaProvider: Deleted 0 1 0 0 0 0 0 items on external_primary due to com.android.shell
05-08 08:23:09.736  1349  1683 W MediaProvider: isAppCloneUserPair for user 0: false
05-08 08:23:09.772   176   176 I hwservicemanager: getTransport: Cannot find entry android.hardware.graphics.mapper@4.0::IMapper/default in either framework or device VINTF manifest.
05-08 08:23:09.772 12879 12881 I Gralloc4: mapper 4.x is not supported
05-08 08:23:09.993  1349  1860 I MediaProvider: Begin Intent { act=android.intent.action.MEDIA_SCANNER_SCAN_FILE dat=file:///sdcard/screen_2025-05-08_162310.png flg=0x1400010 cmp=com.google.android.providers.media.module/com.android.providers.media.MediaService }
05-08 08:23:09.999  1349  1860 I MediaProvider: End Intent { act=android.intent.action.MEDIA_SCANNER_SCAN_FILE dat=file:///sdcard/screen_2025-05-08_162310.png flg=0x1400010 cmp=com.google.android.providers.media.module/com.android.providers.media.MediaService }
05-08 08:23:10.105  1349  1505 I MediaProvider: Deleted 0 1 0 0 0 0 0 items on external_primary due to com.android.shell
05-08 08:23:10.626  1349  1683 W MediaProvider: isAppCloneUserPair for user 0: false
05-08 08:23:10.657   176   176 I hwservicemanager: getTransport: Cannot find entry android.hardware.graphics.mapper@4.0::IMapper/default in either framework or device VINTF manifest.
05-08 08:23:10.657 12918 12920 I Gralloc4: mapper 4.x is not supported
05-08 08:23:10.795  1349  1860 I MediaProvider: Begin Intent { act=android.intent.action.MEDIA_SCANNER_SCAN_FILE dat=file:///sdcard/screen_2025-05-08_162310.png flg=0x1400010 cmp=com.google.android.providers.media.module/com.android.providers.media.MediaService }
05-08 08:23:10.802  1349  1860 I MediaProvider: End Intent { act=android.intent.action.MEDIA_SCANNER_SCAN_FILE dat=file:///sdcard/screen_2025-05-08_162310.png flg=0x1400010 cmp=com.google.android.providers.media.module/com.android.providers.media.MediaService }
05-08 08:23:10.889  1349  1505 I MediaProvider: Deleted 0 1 0 0 0 0 0 items on external_primary due to com.android.shell
05-08 08:23:10.890  1172  2228 I UriTaskContentObserver: (REDACTED) Throttling content uri change event for %s
05-08 08:23:11.440  1349  1683 W MediaProvider: isAppCloneUserPair for user 0: false
05-08 08:23:11.465   176   176 I hwservicemanager: getTransport: Cannot find entry android.hardware.graphics.mapper@4.0::IMapper/default in either framework or device VINTF manifest.
05-08 08:23:11.465 12963 12965 I Gralloc4: mapper 4.x is not supported
05-08 08:23:11.474   538  2741 W UriGrantsManagerService: No permission grants found for com.google.android.apps.photos
05-08 08:23:11.476   538  2741 W UriGrantsManagerService: No permission grants found for com.google.android.apps.photos
05-08 08:23:11.526   538  3808 W UriGrantsManagerService: No permission grants found for com.google.android.apps.photos
05-08 08:23:11.527   538  3808 W UriGrantsManagerService: No permission grants found for com.google.android.apps.photos
05-08 08:23:11.558  7436 12968 I XmpUtil : XMP parse: only JPEG file is supported
05-08 08:23:11.559  7436 12967 I XmpUtil : XMP parse: only JPEG file is supported
05-08 08:23:11.566  1349  7516 I MediaProvider: Open with lower FS for /storage/emulated/0/screen_2025-04-22_154513.png. Uid: 10126
05-08 08:23:11.569  1349  1379 I MediaProvider: Open with lower FS for /storage/emulated/0/screen_2025-04-22_150349.png. Uid: 10126
05-08 08:23:11.572  7436 12969 I XmpUtil : XMP parse: only JPEG file is supported
05-08 08:23:11.575  7436 12968 I XmpUtil : XMP parse: only JPEG file is supported
05-08 08:23:11.580  1349  1379 I MediaProvider: Open with lower FS for /storage/emulated/0/screen_2025-04-22_154514.png. Uid: 10126
05-08 08:23:11.581  1349  7516 I MediaProvider: Open with lower FS for /storage/emulated/0/screen_2025-04-22_154519.png. Uid: 10126
05-08 08:23:11.587  7436 12967 I XmpUtil : XMP parse: only JPEG file is supported
05-08 08:23:11.588  7436 12970 I XmpUtil : XMP parse: only JPEG file is supported
05-08 08:23:11.597  1349  7516 I MediaProvider: Open with lower FS for /storage/emulated/0/screen_2025-04-22_154525.png. Uid: 10126
05-08 08:23:11.597  1349  1379 I MediaProvider: Open with lower FS for /storage/emulated/0/screen_2025-04-22_154520.png. Uid: 10126
05-08 08:23:11.602  7436 12968 I XmpUtil : XMP parse: only JPEG file is supported
05-08 08:23:11.604  7436 12967 I XmpUtil : XMP parse: only JPEG file is supported
05-08 08:23:11.610  1349  7516 I MediaProvider: Open with lower FS for /storage/emulated/0/screen_2025-04-22_154526.png. Uid: 10126
05-08 08:23:11.612  1349  1379 I MediaProvider: Open with lower FS for /storage/emulated/0/screen_2025-04-22_154531.png. Uid: 10126
05-08 08:23:11.617  7436 12970 I XmpUtil : XMP parse: only JPEG file is supported
05-08 08:23:11.621  7436 12968 I XmpUtil : XMP parse: only JPEG file is supported
05-08 08:23:11.625  1349  1379 I MediaProvider: Open with lower FS for /storage/emulated/0/screen_2025-04-22_154537.png. Uid: 10126
05-08 08:23:11.625  1349  1860 I MediaProvider: Begin Intent { act=android.intent.action.MEDIA_SCANNER_SCAN_FILE dat=file:///sdcard/screen_2025-05-08_162311.png flg=0x1400010 cmp=com.google.android.providers.media.module/com.android.providers.media.MediaService }
05-08 08:23:11.632  7436 12967 I XmpUtil : XMP parse: only JPEG file is supported
05-08 08:23:11.639  1349  1379 I MediaProvider: Open with lower FS for /storage/emulated/0/screen_2025-04-22_154542.png. Uid: 10126
05-08 08:23:11.643  1349  1860 I MediaProvider: End Intent { act=android.intent.action.MEDIA_SCANNER_SCAN_FILE dat=file:///sdcard/screen_2025-05-08_162311.png flg=0x1400010 cmp=com.google.android.providers.media.module/com.android.providers.media.MediaService }
05-08 08:23:11.646  1349  7629 I MediaProvider: Open with lower FS for /storage/emulated/0/screen_2025-04-22_154543.png. Uid: 10126
05-08 08:23:11.649  7436 12970 I XmpUtil : XMP parse: only JPEG file is supported
05-08 08:23:11.654  7436 12968 I XmpUtil : XMP parse: only JPEG file is supported
05-08 08:23:11.657  1349  7629 I MediaProvider: Open with lower FS for /storage/emulated/0/screen_2025-04-22_154548.png. Uid: 10126
05-08 08:23:11.660  1349  7568 I MediaProvider: Open with lower FS for /storage/emulated/0/screen_2025-04-22_154549.png. Uid: 10126
05-08 08:23:11.660  7436 12967 I XmpUtil : XMP parse: only JPEG file is supported
05-08 08:23:11.665  7436 12970 I XmpUtil : XMP parse: only JPEG file is supported
05-08 08:23:11.669  1349  7568 I MediaProvider: Open with lower FS for /storage/emulated/0/screen_2025-04-22_154554.png. Uid: 10126
05-08 08:23:11.675  1349  7568 I MediaProvider: Open with lower FS for /storage/emulated/0/screen_2025-04-22_154600.png. Uid: 10126
05-08 08:23:11.677  7436 12968 I XmpUtil : XMP parse: only JPEG file is supported
05-08 08:23:11.679  7436 12967 I XmpUtil : XMP parse: only JPEG file is supported
05-08 08:23:11.684  1349  7568 I MediaProvider: Open with lower FS for /storage/emulated/0/screen_2025-04-22_154606.png. Uid: 10126
05-08 08:23:11.685  1349  7629 I MediaProvider: Open with lower FS for /storage/emulated/0/screen_2025-04-22_154611.png. Uid: 10126
05-08 08:23:11.687  7436 12970 I XmpUtil : XMP parse: only JPEG file is supported
05-08 08:23:11.688  7436 12968 I XmpUtil : XMP parse: only JPEG file is supported
05-08 08:23:11.694  1349  7629 I MediaProvider: Open with lower FS for /storage/emulated/0/screen_2025-04-22_154612.png. Uid: 10126
05-08 08:23:11.697  1349  7568 I MediaProvider: Open with lower FS for /storage/emulated/0/screen_2025-04-22_154617.png. Uid: 10126
05-08 08:23:11.699  7436 12967 I XmpUtil : XMP parse: only JPEG file is supported
05-08 08:23:11.701  7436 12970 I XmpUtil : XMP parse: only JPEG file is supported
05-08 08:23:11.706  1349  7568 I MediaProvider: Open with lower FS for /storage/emulated/0/screen_2025-04-22_154623.png. Uid: 10126
05-08 08:23:11.707  1349  7629 I MediaProvider: Open with lower FS for /storage/emulated/0/screen_2025-04-22_154629.png. Uid: 10126
05-08 08:23:11.710  7436 12968 I XmpUtil : XMP parse: only JPEG file is supported
05-08 08:23:11.715  7436 12967 I XmpUtil : XMP parse: only JPEG file is supported
05-08 08:23:11.715  1349  1505 I MediaProvider: Deleted 0 1 0 0 0 0 0 items on external_primary due to com.android.shell
05-08 08:23:11.717  1349  7629 I MediaProvider: Open with lower FS for /storage/emulated/0/screen_2025-04-22_154634.png. Uid: 10126
05-08 08:23:11.717  1172  2228 I UriTaskContentObserver: (REDACTED) Throttling content uri change event for %s
05-08 08:23:11.721  7436 12970 I XmpUtil : XMP parse: only JPEG file is supported
05-08 08:23:11.726  1349  7629 I MediaProvider: Open with lower FS for /storage/emulated/0/screen_2025-04-22_154635.png. Uid: 10126
05-08 08:23:11.729  7436 12968 I XmpUtil : XMP parse: only JPEG file is supported
05-08 08:23:11.731  1349  9031 I MediaProvider: Open with lower FS for /storage/emulated/0/screen_2025-04-22_154640.png. Uid: 10126
05-08 08:23:11.738  1349  9031 I MediaProvider: Open with lower FS for /storage/emulated/0/screen_2025-04-22_154646.png. Uid: 10126
05-08 08:23:11.744   538  4922 W UriGrantsManagerService: No permission grants found for com.google.android.apps.photos
05-08 08:23:11.744   538  4922 W UriGrantsManagerService: No permission grants found for com.google.android.apps.photos
05-08 08:23:11.770  7436  7501 I XmpUtil : XMP parse: only JPEG file is supported
05-08 08:23:11.779  1349  9031 I MediaProvider: Open with lower FS for /storage/emulated/0/screen_2025-04-22_154646.png. Uid: 10126
05-08 08:23:11.793  7436  7501 I XmpUtil : XMP parse: only JPEG file is supported
05-08 08:23:11.804  1349  9031 I MediaProvider: Open with lower FS for /storage/emulated/0/screen_2025-04-22_154640.png. Uid: 10126
05-08 08:23:11.816  7436  7501 I XmpUtil : XMP parse: only JPEG file is supported
05-08 08:23:11.825  1349  9031 I MediaProvider: Open with lower FS for /storage/emulated/0/screen_2025-04-22_154635.png. Uid: 10126
05-08 08:23:11.839  7436  7501 I XmpUtil : XMP parse: only JPEG file is supported
05-08 08:23:11.848  1349  9031 I MediaProvider: Open with lower FS for /storage/emulated/0/screen_2025-04-22_154634.png. Uid: 10126
05-08 08:23:11.864  7436  7501 I XmpUtil : XMP parse: only JPEG file is supported
05-08 08:23:11.874  1349  9031 I MediaProvider: Open with lower FS for /storage/emulated/0/screen_2025-04-22_154629.png. Uid: 10126
05-08 08:23:11.887  7436  7501 I XmpUtil : XMP parse: only JPEG file is supported
05-08 08:23:11.895  1349  9031 I MediaProvider: Open with lower FS for /storage/emulated/0/screen_2025-04-22_154623.png. Uid: 10126
05-08 08:23:11.906  7436  7501 I XmpUtil : XMP parse: only JPEG file is supported
05-08 08:23:11.919  1349  9031 I MediaProvider: Open with lower FS for /storage/emulated/0/screen_2025-04-22_154617.png. Uid: 10126
05-08 08:23:11.930  7436  7501 I XmpUtil : XMP parse: only JPEG file is supported
05-08 08:23:11.940  1349  9031 I MediaProvider: Open with lower FS for /storage/emulated/0/screen_2025-04-22_154612.png. Uid: 10126
05-08 08:23:11.951  7436  7501 I XmpUtil : XMP parse: only JPEG file is supported
05-08 08:23:11.959  1349  9031 I MediaProvider: Open with lower FS for /storage/emulated/0/screen_2025-04-22_154611.png. Uid: 10126
05-08 08:23:11.969  7436  7501 I XmpUtil : XMP parse: only JPEG file is supported
05-08 08:23:11.978  1349  9031 I MediaProvider: Open with lower FS for /storage/emulated/0/screen_2025-04-22_154606.png. Uid: 10126
05-08 08:23:11.988  7436  7501 I XmpUtil : XMP parse: only JPEG file is supported
05-08 08:23:11.997  1349  9031 I MediaProvider: Open with lower FS for /storage/emulated/0/screen_2025-04-22_154600.png. Uid: 10126
05-08 08:23:12.006  7436  7501 I XmpUtil : XMP parse: only JPEG file is supported
05-08 08:23:12.014  1349  7629 I MediaProvider: Open with lower FS for /storage/emulated/0/screen_2025-04-22_154554.png. Uid: 10126
05-08 08:23:12.026  7436  7501 I XmpUtil : XMP parse: only JPEG file is supported
05-08 08:23:12.036  1349  7629 I MediaProvider: Open with lower FS for /storage/emulated/0/screen_2025-04-22_154549.png. Uid: 10126
05-08 08:23:12.046  7436  7501 I XmpUtil : XMP parse: only JPEG file is supported
05-08 08:23:12.058  1349  7629 I MediaProvider: Open with lower FS for /storage/emulated/0/screen_2025-04-22_154548.png. Uid: 10126
05-08 08:23:12.069  7436  7501 I XmpUtil : XMP parse: only JPEG file is supported
05-08 08:23:12.078  1349 11587 I MediaProvider: Open with lower FS for /storage/emulated/0/screen_2025-04-22_154543.png. Uid: 10126
05-08 08:23:12.091  7436  7501 I XmpUtil : XMP parse: only JPEG file is supported
05-08 08:23:12.099  1349 11587 I MediaProvider: Open with lower FS for /storage/emulated/0/screen_2025-04-22_154542.png. Uid: 10126
05-08 08:23:12.110  7436  7501 I XmpUtil : XMP parse: only JPEG file is supported
05-08 08:23:12.119  1349 11587 I MediaProvider: Open with lower FS for /storage/emulated/0/screen_2025-04-22_154537.png. Uid: 10126
05-08 08:23:12.131  7436  7501 I XmpUtil : XMP parse: only JPEG file is supported
05-08 08:23:12.141  1349 11587 I MediaProvider: Open with lower FS for /storage/emulated/0/screen_2025-04-22_154531.png. Uid: 10126
05-08 08:23:12.151  7436  7501 I XmpUtil : XMP parse: only JPEG file is supported
05-08 08:23:12.161  1349 11587 I MediaProvider: Open with lower FS for /storage/emulated/0/screen_2025-04-22_154526.png. Uid: 10126
05-08 08:23:12.171  7436  7501 I XmpUtil : XMP parse: only JPEG file is supported
05-08 08:23:12.179  1349 11587 I MediaProvider: Open with lower FS for /storage/emulated/0/screen_2025-04-22_154525.png. Uid: 10126
05-08 08:23:12.190  7436  7501 I XmpUtil : XMP parse: only JPEG file is supported
05-08 08:23:12.199  1349 11587 I MediaProvider: Open with lower FS for /storage/emulated/0/screen_2025-04-22_154520.png. Uid: 10126
05-08 08:23:12.211  7436  7501 I XmpUtil : XMP parse: only JPEG file is supported
05-08 08:23:12.221  1349 11587 I MediaProvider: Open with lower FS for /storage/emulated/0/screen_2025-04-22_154519.png. Uid: 10126
05-08 08:23:12.232  7436  7501 I XmpUtil : XMP parse: only JPEG file is supported
05-08 08:23:12.242  1349 11587 I MediaProvider: Open with lower FS for /storage/emulated/0/screen_2025-04-22_154514.png. Uid: 10126
05-08 08:23:12.253  7436  7501 I XmpUtil : XMP parse: only JPEG file is supported
05-08 08:23:12.262  1349 11587 I MediaProvider: Open with lower FS for /storage/emulated/0/screen_2025-04-22_154513.png. Uid: 10126
05-08 08:23:12.277  7436  7501 I XmpUtil : XMP parse: only JPEG file is supported
05-08 08:23:12.286  1349 11587 I MediaProvider: Open with lower FS for /storage/emulated/0/screen_2025-04-22_150349.png. Uid: 10126
05-08 08:23:12.300   538   918 W UriGrantsManagerService: No permission grants found for com.google.android.apps.photos
05-08 08:23:12.300   538   918 W UriGrantsManagerService: No permission grants found for com.google.android.apps.photos
05-08 08:23:12.332  7436  7501 I XmpUtil : XMP parse: only JPEG file is supported
05-08 08:23:12.343  1349 11587 I MediaProvider: Open with lower FS for /storage/emulated/0/screen_2025-04-22_154646.png. Uid: 10126
05-08 08:23:12.355  7436  7501 I XmpUtil : XMP parse: only JPEG file is supported
05-08 08:23:12.364  1349 11587 I MediaProvider: Open with lower FS for /storage/emulated/0/screen_2025-04-22_154640.png. Uid: 10126
05-08 08:23:12.376  7436  7501 I XmpUtil : XMP parse: only JPEG file is supported
05-08 08:23:12.384  1349 11587 I MediaProvider: Open with lower FS for /storage/emulated/0/screen_2025-04-22_154635.png. Uid: 10126
05-08 08:23:12.396  7436  7501 I XmpUtil : XMP parse: only JPEG file is supported
05-08 08:23:12.405  1349 11587 I MediaProvider: Open with lower FS for /storage/emulated/0/screen_2025-04-22_154634.png. Uid: 10126
05-08 08:23:12.418  7436  7501 I XmpUtil : XMP parse: only JPEG file is supported
05-08 08:23:12.430  1349 11587 I MediaProvider: Open with lower FS for /storage/emulated/0/screen_2025-04-22_154629.png. Uid: 10126
05-08 08:23:12.441  7436  7501 I XmpUtil : XMP parse: only JPEG file is supported
05-08 08:23:12.457  1349  7516 I MediaProvider: Open with lower FS for /storage/emulated/0/screen_2025-04-22_154623.png. Uid: 10126
05-08 08:23:12.473  7436  7501 I XmpUtil : XMP parse: only JPEG file is supported
05-08 08:23:12.482  1349  7516 I MediaProvider: Open with lower FS for /storage/emulated/0/screen_2025-04-22_154617.png. Uid: 10126
05-08 08:23:12.497  7436  7501 I XmpUtil : XMP parse: only JPEG file is supported
05-08 08:23:12.506  1349  7516 I MediaProvider: Open with lower FS for /storage/emulated/0/screen_2025-04-22_154612.png. Uid: 10126
05-08 08:23:12.516  7436  7501 I XmpUtil : XMP parse: only JPEG file is supported
05-08 08:23:12.525  1349  7516 I MediaProvider: Open with lower FS for /storage/emulated/0/screen_2025-04-22_154611.png. Uid: 10126
05-08 08:23:12.535  7436  7501 I XmpUtil : XMP parse: only JPEG file is supported
05-08 08:23:12.543  1349  7516 I MediaProvider: Open with lower FS for /storage/emulated/0/screen_2025-04-22_154606.png. Uid: 10126
05-08 08:23:12.552  7436  7501 I XmpUtil : XMP parse: only JPEG file is supported
05-08 08:23:12.560  1349  7516 I MediaProvider: Open with lower FS for /storage/emulated/0/screen_2025-04-22_154600.png. Uid: 10126
05-08 08:23:12.571  7436  7501 I XmpUtil : XMP parse: only JPEG file is supported
05-08 08:23:12.580  1349  7516 I MediaProvider: Open with lower FS for /storage/emulated/0/screen_2025-04-22_154554.png. Uid: 10126
05-08 08:23:12.592  7436  7501 I XmpUtil : XMP parse: only JPEG file is supported
05-08 08:23:12.605  1349  7516 I MediaProvider: Open with lower FS for /storage/emulated/0/screen_2025-04-22_154549.png. Uid: 10126
05-08 08:23:12.614  7436  7501 I XmpUtil : XMP parse: only JPEG file is supported
05-08 08:23:12.622  1349  7516 I MediaProvider: Open with lower FS for /storage/emulated/0/screen_2025-04-22_154548.png. Uid: 10126
05-08 08:23:12.632  7436  7501 I XmpUtil : XMP parse: only JPEG file is supported
05-08 08:23:12.642  1349  7516 I MediaProvider: Open with lower FS for /storage/emulated/0/screen_2025-04-22_154543.png. Uid: 10126
05-08 08:23:12.652  7436  7501 I XmpUtil : XMP parse: only JPEG file is supported
05-08 08:23:12.661  1349  7516 I MediaProvider: Open with lower FS for /storage/emulated/0/screen_2025-04-22_154542.png. Uid: 10126
05-08 08:23:12.672  7436  7501 I XmpUtil : XMP parse: only JPEG file is supported
05-08 08:23:12.680  1349  7516 I MediaProvider: Open with lower FS for /storage/emulated/0/screen_2025-04-22_154537.png. Uid: 10126
05-08 08:23:12.692  7436  7501 I XmpUtil : XMP parse: only JPEG file is supported
05-08 08:23:12.699  1349  7516 I MediaProvider: Open with lower FS for /storage/emulated/0/screen_2025-04-22_154531.png. Uid: 10126
05-08 08:23:12.710  7436  7501 I XmpUtil : XMP parse: only JPEG file is supported
05-08 08:23:12.718  1349  7516 I MediaProvider: Open with lower FS for /storage/emulated/0/screen_2025-04-22_154526.png. Uid: 10126
05-08 08:23:12.728  7436  7501 I XmpUtil : XMP parse: only JPEG file is supported
05-08 08:23:12.738  1349  7516 I MediaProvider: Open with lower FS for /storage/emulated/0/screen_2025-04-22_154525.png. Uid: 10126
05-08 08:23:12.751  7436  7501 I XmpUtil : XMP parse: only JPEG file is supported
05-08 08:23:12.759  1349  7516 I MediaProvider: Open with lower FS for /storage/emulated/0/screen_2025-04-22_154520.png. Uid: 10126
05-08 08:23:12.769  7436  7501 I XmpUtil : XMP parse: only JPEG file is supported
05-08 08:23:12.776  1349  7516 I MediaProvider: Open with lower FS for /storage/emulated/0/screen_2025-04-22_154519.png. Uid: 10126
05-08 08:23:12.786  7436  7501 I XmpUtil : XMP parse: only JPEG file is supported
05-08 08:23:12.794  1349  7516 I MediaProvider: Open with lower FS for /storage/emulated/0/screen_2025-04-22_154514.png. Uid: 10126
05-08 08:23:12.803  7436  7501 I XmpUtil : XMP parse: only JPEG file is supported
05-08 08:23:12.811  1349  7516 I MediaProvider: Open with lower FS for /storage/emulated/0/screen_2025-04-22_154513.png. Uid: 10126
05-08 08:23:12.820  7436  7501 I XmpUtil : XMP parse: only JPEG file is supported
05-08 08:23:12.827  1349  7516 I MediaProvider: Open with lower FS for /storage/emulated/0/screen_2025-04-22_150349.png. Uid: 10126
05-08 08:23:12.847  7436  7501 I XmpUtil : XMP parse: only JPEG file is supported
05-08 08:23:12.856  1349  7516 I MediaProvider: Open with lower FS for /storage/emulated/0/screen_2025-04-22_150349.png. Uid: 10126
05-08 08:23:12.864  7436  7501 I XmpUtil : XMP parse: only JPEG file is supported
05-08 08:23:12.873  1349  7516 I MediaProvider: Open with lower FS for /storage/emulated/0/screen_2025-04-22_154513.png. Uid: 10126
05-08 08:23:12.883  7436  7501 I XmpUtil : XMP parse: only JPEG file is supported
05-08 08:23:12.891  1349  7516 I MediaProvider: Open with lower FS for /storage/emulated/0/screen_2025-04-22_154514.png. Uid: 10126
05-08 08:23:12.901  7436  7501 I XmpUtil : XMP parse: only JPEG file is supported
05-08 08:23:12.910  1349  7516 I MediaProvider: Open with lower FS for /storage/emulated/0/screen_2025-04-22_154519.png. Uid: 10126
05-08 08:23:12.920  7436  7501 I XmpUtil : XMP parse: only JPEG file is supported
05-08 08:23:12.930  1349  7516 I MediaProvider: Open with lower FS for /storage/emulated/0/screen_2025-04-22_154520.png. Uid: 10126
05-08 08:23:12.941  7436  7501 I XmpUtil : XMP parse: only JPEG file is supported
05-08 08:23:12.951  1349  7516 I MediaProvider: Open with lower FS for /storage/emulated/0/screen_2025-04-22_154525.png. Uid: 10126
05-08 08:23:12.962  7436  7501 I XmpUtil : XMP parse: only JPEG file is supported
05-08 08:23:12.971  1349  7516 I MediaProvider: Open with lower FS for /storage/emulated/0/screen_2025-04-22_154526.png. Uid: 10126
05-08 08:23:12.982  7436  7501 I XmpUtil : XMP parse: only JPEG file is supported
05-08 08:23:12.992  1349  7516 I MediaProvider: Open with lower FS for /storage/emulated/0/screen_2025-04-22_154531.png. Uid: 10126
05-08 08:23:13.003  7436  7501 I XmpUtil : XMP parse: only JPEG file is supported
05-08 08:23:13.011  1349  7516 I MediaProvider: Open with lower FS for /storage/emulated/0/screen_2025-04-22_154537.png. Uid: 10126
05-08 08:23:13.021  7436  7501 I XmpUtil : XMP parse: only JPEG file is supported
05-08 08:23:13.029  1349  7516 I MediaProvider: Open with lower FS for /storage/emulated/0/screen_2025-04-22_154542.png. Uid: 10126
05-08 08:23:13.039  7436  7501 I XmpUtil : XMP parse: only JPEG file is supported
05-08 08:23:13.048  1349  7516 I MediaProvider: Open with lower FS for /storage/emulated/0/screen_2025-04-22_154543.png. Uid: 10126
05-08 08:23:13.060  7436  7501 I XmpUtil : XMP parse: only JPEG file is supported
05-08 08:23:13.071  1349  7516 I MediaProvider: Open with lower FS for /storage/emulated/0/screen_2025-04-22_154548.png. Uid: 10126
05-08 08:23:13.082  7436  7501 I XmpUtil : XMP parse: only JPEG file is supported
05-08 08:23:13.090  1349  7516 I MediaProvider: Open with lower FS for /storage/emulated/0/screen_2025-04-22_154549.png. Uid: 10126
05-08 08:23:13.100  7436  7501 I XmpUtil : XMP parse: only JPEG file is supported
05-08 08:23:13.110  1349  7516 I MediaProvider: Open with lower FS for /storage/emulated/0/screen_2025-04-22_154554.png. Uid: 10126
05-08 08:23:13.120  7436  7501 I XmpUtil : XMP parse: only JPEG file is supported
05-08 08:23:13.127  1349  7516 I MediaProvider: Open with lower FS for /storage/emulated/0/screen_2025-04-22_154600.png. Uid: 10126
05-08 08:23:13.137  7436  7501 I XmpUtil : XMP parse: only JPEG file is supported
05-08 08:23:13.144  1349  7516 I MediaProvider: Open with lower FS for /storage/emulated/0/screen_2025-04-22_154606.png. Uid: 10126
05-08 08:23:13.154  7436  7501 I XmpUtil : XMP parse: only JPEG file is supported
05-08 08:23:13.162  1349  7516 I MediaProvider: Open with lower FS for /storage/emulated/0/screen_2025-04-22_154611.png. Uid: 10126
05-08 08:23:13.172  7436  7501 I XmpUtil : XMP parse: only JPEG file is supported
05-08 08:23:13.179  1349  7516 I MediaProvider: Open with lower FS for /storage/emulated/0/screen_2025-04-22_154612.png. Uid: 10126
05-08 08:23:13.190  7436  7501 I XmpUtil : XMP parse: only JPEG file is supported
05-08 08:23:13.199  1349  7516 I MediaProvider: Open with lower FS for /storage/emulated/0/screen_2025-04-22_154617.png. Uid: 10126
05-08 08:23:13.209  7436  7501 I XmpUtil : XMP parse: only JPEG file is supported
05-08 08:23:13.218  1349  7516 I MediaProvider: Open with lower FS for /storage/emulated/0/screen_2025-04-22_154623.png. Uid: 10126
05-08 08:23:13.227  7436  7501 I XmpUtil : XMP parse: only JPEG file is supported
05-08 08:23:13.236  1349  7516 I MediaProvider: Open with lower FS for /storage/emulated/0/screen_2025-04-22_154629.png. Uid: 10126
05-08 08:23:13.246  7436  7501 I XmpUtil : XMP parse: only JPEG file is supported
05-08 08:23:13.254  1349  7516 I MediaProvider: Open with lower FS for /storage/emulated/0/screen_2025-04-22_154634.png. Uid: 10126
05-08 08:23:13.262  7436  7501 I XmpUtil : XMP parse: only JPEG file is supported
05-08 08:23:13.270  1349  7516 I MediaProvider: Open with lower FS for /storage/emulated/0/screen_2025-04-22_154635.png. Uid: 10126
05-08 08:23:13.280  7436  7501 I XmpUtil : XMP parse: only JPEG file is supported
05-08 08:23:13.287  1349  7516 I MediaProvider: Open with lower FS for /storage/emulated/0/screen_2025-04-22_154640.png. Uid: 10126
05-08 08:23:13.298  7436  7501 I XmpUtil : XMP parse: only JPEG file is supported
05-08 08:23:13.307  1349  7516 I MediaProvider: Open with lower FS for /storage/emulated/0/screen_2025-04-22_154646.png. Uid: 10126
05-08 08:23:13.919  1349  1683 W MediaProvider: isAppCloneUserPair for user 0: false
05-08 08:23:13.940   176   176 I hwservicemanager: getTransport: Cannot find entry android.hardware.graphics.mapper@4.0::IMapper/default in either framework or device VINTF manifest.
05-08 08:23:13.940 13074 13076 I Gralloc4: mapper 4.x is not supported
05-08 08:23:14.089  1349  1860 I MediaProvider: Begin Intent { act=android.intent.action.MEDIA_SCANNER_SCAN_FILE dat=file:///sdcard/screen_2025-05-08_162314.png flg=0x1400010 cmp=com.google.android.providers.media.module/com.android.providers.media.MediaService }
05-08 08:23:14.103  1349  1860 I MediaProvider: End Intent { act=android.intent.action.MEDIA_SCANNER_SCAN_FILE dat=file:///sdcard/screen_2025-05-08_162314.png flg=0x1400010 cmp=com.google.android.providers.media.module/com.android.providers.media.MediaService }
05-08 08:23:14.203  1349  7520 I MediaProvider: Deleted 0 1 0 0 0 0 0 items on external_primary due to com.android.shell
05-08 08:23:14.203  1172  2228 I UriTaskContentObserver: (REDACTED) Throttling content uri change event for %s
