08-07 15:30:56.710  2474  7382 I SmartPower: com.android.vending/10124(4702): background->idle(3007ms) R(broadcast start Intent { act=android.intent.action.PACKAGE_ADDED dat=package: flg=0x4000010 (has extras) }) adj=700.
08-07 15:30:56.711  2474  7382 I SmartPower: com.android.vending:background/10124(4802): background->idle(3007ms) R(broadcast start Intent { act=android.intent.action.PACKAGE_ADDED dat=package: flg=0x4000010 (has extras) }) adj=905.
08-07 15:30:56.711  2474  7382 I SmartPower: android.process.mediaUI/10261(15474): background->idle(3001ms) R(broadcast start Intent { act=android.intent.action.PACKAGE_ADDED dat=package: flg=0x4000010 (has extras) }) adj=905.
08-07 15:30:56.726  2474  7382 I SmartPower: android.process.acore/10083(15552): background->idle(3000ms) R(broadcast start Intent { act=android.intent.action.PACKAGE_ADDED dat=package: flg=0x4000010 (has extras) }) adj=800.
08-07 15:30:56.728  2474  7382 I SmartPower: com.xiaomi.aicr:actionprovider/10127(15738): background->idle(3002ms) R(broadcast start Intent { act=android.intent.action.PACKAGE_ADDED dat=package: flg=0x4000010 (has extras) }) adj=250.
08-07 15:30:56.728  2474  7382 I SmartPower: com.google.android.documentsui/10100(14965): background->idle(3002ms) R(broadcast start Intent { act=android.intent.action.PACKAGE_ADDED dat=package: flg=0x4000010 (has extras) }) adj=925.
08-07 15:30:56.730  2474  7382 I SmartPower: com.milink.service:audio/10178(18537): background->idle(3001ms) R(broadcast start Intent { act=android.intent.action.PACKAGE_ADDED dat=package: flg=0x4000010 (has extras) }) adj=200.
08-07 15:30:56.730  2474  7382 I SmartPower: com.milink.crossdeviceservice/10178(19278): background->idle(3001ms) R(broadcast start Intent { act=android.intent.action.PACKAGE_ADDED dat=package: flg=0x4000010 (has extras) }) adj=925.
08-07 15:30:56.730  2474  7382 I SmartPower: com.miui.gallery/10271(9872): background->idle(3000ms) R(broadcast start Intent { act=android.intent.action.PACKAGE_ADDED dat=package: flg=0x4000010 (has extras) }) adj=905.
08-07 15:30:56.730  2474  7382 I SmartPower: com.miui.voiceassist/10193(22445): background->idle(3000ms) R(broadcast start Intent { act=android.intent.action.PACKAGE_ADDED dat=package: flg=0x4000010 (has extras) }) adj=250.
08-07 15:30:56.730  2474  7382 I SmartPower: com.miui.voiceassist:core/10193(12995): background->idle(3021ms) R(broadcast start Intent { act=android.intent.action.PACKAGE_ADDED dat=package: flg=0x4000010 (has extras) }) adj=100.
08-07 15:30:56.731  2474  7382 I SmartPower: com.mfashiongallery.emag/10262(9554): background->idle(3000ms) R(broadcast start Intent { act=android.intent.action.PACKAGE_ADDED dat=package: flg=0x4000010 (has extras) }) adj=915.
08-07 15:30:56.731  2474  7382 I SmartPower: com.android.quicksearchbox/10136(9517): background->idle(3000ms) R(broadcast start Intent { act=android.intent.action.PACKAGE_ADDED dat=package: flg=0x4000010 (has extras) }) adj=915.
08-07 15:30:56.731  2474  7382 I SmartPower: com.xiaomi.gamecenter/10288(7513): background->idle(3001ms) R(broadcast start Intent { act=android.intent.action.PACKAGE_ADDED dat=package: flg=0x4000010 (has extras) }) adj=925.
08-07 15:30:56.852  2474  7379 I whetstone.activity: processNotifyEvent1 resId = 256, bundle = Bundle[{startTime=476481175, sourcePkg=com.miui.voiceassist, sourceUid=10193, status=0, jobId=110008, batteryName=com.miui.voiceassist/com.xiaomi.voiceassistant.VAJobService, elapsedRealtime=476481175}]
08-07 15:30:56.856  1865  1865 I vendor.qti.hardware.servicetrackeraidl-service: unbindService is called for service : com.miui.voiceassist/com.xiaomi.voiceassistant.VAJobService and for client system
08-07 15:30:56.857  1865  1865 I vendor.qti.hardware.servicetrackeraidl-service: size of service connections for service: com.miui.voiceassist/com.xiaomi.voiceassistant.VAJobServiceafter removal is 0
08-07 15:30:56.857  1865  1865 I vendor.qti.hardware.servicetrackeraidl-service: size of client connections for client: systemafter removal is 31
08-07 15:30:56.857  1865  1865 I vendor.qti.hardware.servicetrackeraidl-service: destroyService is called for service : com.miui.voiceassist/com.xiaomi.voiceassistant.VAJobService
08-07 15:30:56.856 14191 16290 I EventMonitor: notifyEvent resId=256
08-07 15:30:56.860  2474  7257 I MiuiNetworkPolicy: updateUidState uid = 1002, uidState = 10
08-07 15:30:56.861  2474  8394 W SSRU-ResourceUsageProxy: No ongoing transactions for u:0 pkg:com.miui.voiceassist
08-07 15:30:56.963 13710 14668 W ContextImpl: Calling a method in the system process without a qualified user: android.app.ContextImpl.startService:1939 android.content.ContextWrapper.startService:843 com.xiaomi.mipush.sdk.d0.O:18 com.xiaomi.mipush.sdk.d0.T:63 com.xiaomi.mipush.sdk.d0.G:108 
08-07 15:30:56.968 13588 13588 W PushService: [Tid:2] [XMPushService] onStart() with intent.Action = com.xiaomi.mipush.SEND_MESSAGE, chid = null, pkg = null|com.miui.securitycenter
08-07 15:30:56.968 13588 14524 W PushService: [Tid:398] [Job] Handle intent action = com.xiaomi.mipush.SEND_MESSAGE
08-07 15:30:56.971 13588 14524 W PushService: [Tid:398] try send mi push message. packagename:com.miui.securitycenter action:Notification
08-07 15:30:56.972 13588 14524 W PushService: [Tid:398] [HwKaMgr] [socket] send message
08-07 15:30:57.186  2474  7382 I SmartPower: com.miui.phrase/10162(24218): background->idle(3003ms) R(content provider start ContentProviderRecord{af5fdc5 u0 com.miui.phrase/com.miui.provider.InputProvider}) adj=905.
08-07 15:30:57.192  2474  4291 I ClipboardServiceI: checkProviderWakePathForClipboard: primaryClip is null
08-07 15:30:57.287  7856  8713 E PhoneAdapter: get ntnphones failed, exception: java.lang.IllegalStateException: Default phones haven't been made yet!
08-07 15:30:57.386  3086  3086 I adbd    : in ShellService: pm list packages -f
08-07 15:30:57.469  3086  3086 I adbd    : in ShellService: ps
08-07 15:30:58.012  2474  2664 I ThermalObserver: Temperature control has been released.
08-07 15:30:58.084  2474  7257 I MiuiNetworkPolicy: bandwidth: 3 KB/s, Max bandwidth: 17267 KB/s
08-07 15:30:58.177  2474  8251 I NetworkAccelerateSwitchService: EVENT_RSSI_POLL. mRssiPoll=true
08-07 15:30:58.178  2474  8251 I NetworkAccelerateSwitchService: getAverageWifiRssi:42
08-07 15:30:58.480  2474  7378 E HyperSentinel: -------------------------------------------------------
08-07 15:30:58.481  2474  7378 E HyperSentinel: Event_ThreadAmount
08-07 15:30:58.481  2474  7378 E HyperSentinel: -> audit event by proc 8940 "io.github.ylimit.droidbotapp": running threads amount, 0 -> 25
08-07 15:30:58.637  3086  3086 I adbd    : in ShellService: ps
08-07 15:30:59.502  3086  3086 I adbd    : in ShellService: pm list packages -f
08-07 15:30:59.610  2474  2643 I MiuiNetworkPolicy: label wlan0, uid -1, active false, tsNanos 476483931020419
08-07 15:30:59.800  3086  3086 I adbd    : in ShellService: ps
08-07 15:31:00.011  7890  7890 E AnimationHelper: updateTime mToAod:false mHasNotification: true, mClockType: classic
08-07 15:31:00.021  7890  7890 E StackScroller: updateSidePadding: viewWidth is zero
08-07 15:31:00.024  2036  2036 E DisplayModeController: setDesiredMode : Idle status skip setActiveMode, isDdicIdleMode: 1
08-07 15:31:00.025  1843 23593 I SDM     : HWCDisplay::SetActiveConfigWithConstraints: display:66-0, config: 3, WxH 1200x2670, fps 120
08-07 15:31:00.026  1843 23593 W SDM     : HWDeviceDRM::GetSupportedBitClkRate: Requested rate not supported: 1150000000
08-07 15:31:00.026  1843 23593 I SDM     : HWDeviceDRM::UpdateMixerAttributes: Mixer WxH 1200x2670-1 for Peripheral
08-07 15:31:00.026  1843 23593 I SDM     : HWCDisplay::SubmitDisplayConfig: Active configuration changed from config 1 to 3
08-07 15:31:00.026  1843 23593 I SDM     : HWCDisplay::SubmitDisplayConfig: Active WxH 1200x2670 ,ddic_mode:auto, timing_fps: 120, sf_fps: 120
08-07 15:31:00.029  1843  3496 I vendor.qti.hardware.display.composer-service: Sensor: notify citsensorservice to trigger cwb, misForced = 0
08-07 15:31:00.031  3050  4554 I libsensor-parseRGB: request dump start for mRequestDisplayId 0
08-07 15:31:00.044  8940  8959 W mit.droidbotapp: Cleared Reference was only reachable from finalizer (only reported once)
08-07 15:31:00.054  8940  8959 I mit.droidbotapp: This is non sticky GC, maxfree is 16777216 minfree is 8388608
08-07 15:31:00.059  3050  4604 E libsensor-parseRGB: CWB NotifyCWBBufferDone  error 0
08-07 15:31:00.076  2474  7378 E HyperSentinel: -------------------------------------------------------
08-07 15:31:00.079  2474  7378 E HyperSentinel: Event_OpenFileFDSize
08-07 15:31:00.079  2474  7378 E HyperSentinel: -> audit event by proc 2036 "/system/bin/surfaceflinger": Fd increasement, peak, 708 -> 764
08-07 15:31:00.115  1843  2051 I SDM     : DisplayBase::CommitThread: Received idle timeout, panel: cmd, timeout: 70000 us
08-07 15:31:00.144  1843 23593 I SDM     : HWCDisplay::SetActiveConfigWithConstraints: display:66-0, config: 1, WxH 1200x2670, fps 120
08-07 15:31:00.145  1843 23593 W SDM     : HWDeviceDRM::GetSupportedBitClkRate: Requested rate not supported: 1150000000
08-07 15:31:00.145  1843 23593 I SDM     : HWDeviceDRM::UpdateMixerAttributes: Mixer WxH 1200x2670-1 for Peripheral
08-07 15:31:00.145  1843 23593 I SDM     : HWCDisplay::SubmitDisplayConfig: Active configuration changed from config 3 to 1
08-07 15:31:00.145  1843 23593 I SDM     : HWCDisplay::SubmitDisplayConfig: Active WxH 1200x2670 ,ddic_mode:idle, timing_fps: 120, sf_fps: 120
08-07 15:31:00.200  2474  7257 I MiuiNetworkPolicy: updateUidState uid = 10092, uidState = 15
08-07 15:31:00.223  1843  2051 I SDM     : DisplayBase::CommitThread: Received idle timeout, panel: cmd, timeout: 70000 us
08-07 15:31:00.250  2474  4291 I ClipboardServiceI: checkProviderWakePathForClipboard: primaryClip is null
08-07 15:31:00.250  2474  7257 I MiuiNetworkPolicy: updateUidState uid = 10092, uidState = 10
08-07 15:31:00.253  7464  7482 I htmlviewercloudcontrol: isStagingEnv:false param =  btpluginfeature  uriMatch = 1, cluster: cn, version: 570181, traceId: 98011ebf371cd2558a85e5fe8d9c8b96, regId: +4z3RS85+e2U9l+sd6caQ/srGmJCsEbKpG1twyPn1K0CrNNyxYT/yAgGVxm5X+yC
08-07 15:31:00.261 14087 14141 I BluetoothPluginCloud: getCloudData skip major version:8,minor remote: 3,minor cur: 4
08-07 15:31:00.284  7464  7482 I htmlviewercloudcontrol: isStagingEnv:false param =  btheadsetplugin  uriMatch = 1, cluster: cn, version: 570181, traceId: 98011ebf371cd2558a85e5fe8d9c8b96, regId: +4z3RS85+e2U9l+sd6caQ/srGmJCsEbKpG1twyPn1K0CrNNyxYT/yAgGVxm5X+yC
08-07 15:31:00.285 14087 14141 E SettingsPluginCloud: headsetPlugin empty data
08-07 15:31:00.302  1843  3496 I vendor.qti.hardware.display.composer-service: Sensor: notify citsensorservice to trigger cwb, misForced = 1
08-07 15:31:00.303  3050  4554 I libsensor-parseRGB: request dump start for mRequestDisplayId 0
08-07 15:31:00.312  7856  8173 E PhoneAdapter: get ntnphones failed, exception: java.lang.IllegalStateException: Default phones haven't been made yet!
08-07 15:31:00.325  3050  4604 E libsensor-parseRGB: CWB NotifyCWBBufferDone  error 0
08-07 15:31:00.382  1843  2051 I SDM     : DisplayBase::CommitThread: Received idle timeout, panel: cmd, timeout: 70000 us
08-07 15:31:00.433 15678  8681 W ContextImpl: Calling a method in the system process without a qualified user: android.app.ContextImpl.sendBroadcast:1260 android.content.ContextWrapper.sendBroadcast:522 c0.z.u0:20 c0.z.w:0 c0.z$a.run:78 
08-07 15:31:00.435  2474  7647 W ActivityManagerServiceImpl: Sending non-protected broadcast com.xiaomi.joyose.HIGH_FPS_LIST from system 15678:com.xiaomi.joyose/1000 pkg com.xiaomi.joyose. Callers=
08-07 15:31:00.438 15678  8681 I SmartPhoneTag_GameBoosterCloudManager: high: not found Pk service, but still try to send
08-07 15:31:00.440 14191 14191 I DisplayFrameSetting: onReceive privGames:[com.tencent.nbn:120, com.tencent.tmgp.sgame:120, com.tencent.tmgp.sgamece:120, com.tencent.tmgp.gnyx:90, com.activision.callofduty.shooter:90, com.netease.lztg1.mi:120, com.netease.lztg:120, com.tencent.tmgp.cf:120, com.pwrd.xxajh.laohu:120, com.pwrd.xxajh.mi:120, com.miHoYo.bh3.mi:90, com.miHoYo.enterprise.NGHSoD:90, com.tencent.af:120, com.tencent.tmgp.pubgmhd:120, com.tencent.tmgp.speedmobile:120, com.tencent.YiRen:120, com.tencent.KiHan:120, com.tencent.ig:90, com.tencent.tmgp.cod:120, com.tencent.tmgp.codty:120, com.denachina.g13002010.mi:120, com.denachina.g13002010.denacn:120, com.tencent.lolm:120, com.supercell.clashofclans.mi:120, com.tencent.tmgp.supercell.clashofclans:120, com.pwrd.hotta.laohu:90, com.hottagames.hotta.mi:90, com.netease.moba.mi:90, com.netease.moba:90, com.youzu.bs.mi:120, com.youzu.bs:120, com.tencent.tmgp.supercell.brawlstars:120, com.tencent.mf.uam:120, com.dw.h5yvzr.yt:90, com.tencent.jkchess:120, com.miHoYo.Nap:60, com.kurogame.mingchao:60, com.tencent.xfight:90, com.tencent.tmgp.dfm:90, com.tencent.tmgp.dfmexper:90, com.tencent.nfsonline:60, com.tencent.tmgp.trssj:60, com.tencent.tmgp.codev:120, com.netease.l22:60, com.netease.l22.mi:60, com.seasun.jx3:60, com.proxima.dfm:90, com.tencent.nbn:120, com.tencent.tmgp.sgame:120, com.tencent.tmgp.sgamece:120, com.tencent.tmgp.gnyx:90, com.activision.callofduty.shooter:90, com.netease.lztg1.mi:120, com.netease.lztg:120, com.tencent.tmgp.cf:120, com.pwrd.xxajh.laohu:120, com.pwrd.xxajh.mi:120, com.miHoYo.bh3.mi:90, com.miHoYo.enterprise.NGHSoD:90, com.tencent.af:120, com.tencent.tmgp.pubgmhd:120, com.tencent.tmgp.speedmobile:120, com.tencent.YiRen:120, com.tencent.KiHan:120, com.tencent.ig:90, com.tencent.tmgp.cod:120, com.tencent.tmgp.codty:120, com.denachina.g13002010.mi:120, com.denachina.g13002010.denacn:120, com.tencent.lolm:120, com.supercell.clashofclans.mi:120, com.tencent.tmgp.supercell.clashofclans:120, com.pwrd.hotta.laohu:90, com.hottagames.hotta.mi:90, com.netease.moba.mi:90, com.netease.moba:90, com.youzu.bs.mi:120, com.youzu.bs:120, com.tencent.tmgp.supercell.brawlstars:120, com.tencent.mf.uam:120, com.dw.h5yvzr.yt:90, com.tencent.jkchess:120, com.miHoYo.Nap:60, com.kurogame.mingchao:60, com.tencent.xfight:90, com.tencent.tmgp.dfm:90, com.tencent.tmgp.dfmexper:90, com.tencent.nfsonline:60, com.tencent.tmgp.trssj:60, com.tencent.tmgp.codev:120, com.netease.l22:60, com.netease.l22.mi:60, com.seasun.jx3:60, com.proxima.dfm:90, com.tencent.nbn:120, com.tencent.tmgp.sgame:120, com.tencent.tmgp.sgamece:120, com.tencent.tmgp.gnyx:90, com.activision.callofduty.shooter:90, com.netease.lztg1.mi:120, com.netease.lztg:120, com.tencent.tmgp.cf:120, com.pwrd.xxajh.laohu:120, com.pwrd.xxajh.mi:120, com.miHoYo.bh3.mi:90, com.miHoYo.enterprise.NGHSoD:90, com.tencent.af:120, com.tencent.tmgp.pubgmhd:120, com.tencent.tmgp.speedmobile:120, com.tencent.YiRen:120, com.tencent.KiHan:120, com.tencent.ig:90, com.tencent.tmgp.cod:120, com.tencent.tmgp.codty:120, com.denachina.g13002010.mi:120, com.denachina.g13002010.denacn:120, com.tencent.lolm:120, com.supercell.clashofclans.mi:120, com.tencent.tmgp.supercell.clashofclans:120, com.pwrd.hotta.laohu:90, com.hottagames.hotta.mi:90, com.netease.moba.mi:90, com.netease.moba:90, com.youzu.bs.mi:120, com.youzu.bs:120, com.tencent.tmgp.supercell.brawlstars:120, com.tencent.mf.uam:120, com.dw.h5yvzr.yt:90, com.tencent.jkchess:120, com.miHoYo.Nap:60, com.kurogame.mingchao:60, com.tencent.xfight:90, com.tencent.tmgp.dfm:90, com.tencent.tmgp.dfmexper:90, com.tencent.nfsonline:60, com.tencent.tmgp.trssj:60, com.tencent.tmgp.codev:120, com.netease.l22:60, com.netease.l22.mi:60, com.seasun.jx3:60, com.proxima.dfm:90, com.tencent.nbn:120, com.tencent.tmgp.sgame:120, com.tencent.tmgp.sgamece:120, com.dfjz.moba:120, com.tencent.tmgp.gnyx:90, com.activision.callofduty.shooter:90, com.netease.lztg1.mi:120, com.netease.lztg:120, com.tencent.tmgp.cf:120, com.pwrd.xxajh.laohu:120, com.pwrd.xxajh.mi:120, com.miHoYo.bh3.mi:90, com.miHoYo.enterprise.NGHSoD:90,
08-07 15:31:00.503  2474  2745 W BroadcastQueue: Greezer Denial: sending Intent { act=android.intent.action.TIME_TICK flg=0x50200010 }, action: android.intent.action.TIME_TICK from android (uid=1000) due to receiver ProcessRecord{c50d00a 3237:com.smile.gifmaker:messagesdk/u0a339} (uid 10339) need cached broadcast
08-07 15:31:00.810  1865  1865 I vendor.qti.hardware.servicetrackeraidl-service: destroyService is called for service : com.google.android.gms/.chimera.GmsIntentOperationService
08-07 15:31:00.970  3086  3086 I adbd    : in ShellService: ps
08-07 15:31:01.086  2474  7257 I MiuiNetworkPolicy: bandwidth: 0 KB/s, Max bandwidth: 17267 KB/s
08-07 15:31:01.135  2474  7647 I ClipboardServiceI: checkProviderWakePathForClipboard: primaryClip is null
08-07 15:31:01.182  2474  8251 I NetworkAccelerateSwitchService: EVENT_RSSI_POLL. mRssiPoll=true
08-07 15:31:01.182  2474  8251 I NetworkAccelerateSwitchService: getAverageWifiRssi:45
08-07 15:31:01.297  2474  7647 I ClipboardServiceI: checkProviderWakePathForClipboard: primaryClip is null
08-07 15:31:01.304  7464  7482 I htmlviewercloudcontrol: isStagingEnv:false param =  camera_hal  uriMatch = 1, cluster: cn, version: 570181, traceId: 98011ebf371cd2558a85e5fe8d9c8b96, regId: +4z3RS85+e2U9l+sd6caQ/srGmJCsEbKpG1twyPn1K0CrNNyxYT/yAgGVxm5X+yC
08-07 15:31:01.315 16464 16947 W MCAM_HalCloudDataUtils: parseStringToJsonArray| Error while parsing <{}>, Not a JSON Array: {}
08-07 15:31:01.330 16464 16947 W MCAM_HalCloudDataUtils: readStringFromFile| Local file not found -> /storage/emulated/0/Android/data/com.android.camera/files/hal_cloud/hal_cloud_data.override.json
08-07 15:31:01.538  8940  8970 I mit.droidbotapp: ProcessProfilingInfo new_methods=1 is saved saved_to_disk=1 resolve_classes_delay=8000
08-07 15:31:01.641  3086  3086 I adbd    : in ShellService: pm list packages -f
08-07 15:31:02.140  3086  3086 I adbd    : in ShellService: ps
08-07 15:31:02.264  1865  1865 I vendor.qti.hardware.servicetrackeraidl-service: destroyService is called for service : com.google.android.gms/.chimera.PersistentIntentOperationService
08-07 15:31:02.876  3050  4560 I libsensor-boledalgo: dbv:435,lux:360.1,cct:6374.0,hsv:-1.0,dc:0CWB R:3193.4,G:7804.9,B:4975.1Event C:24391.0,R:13385.6,G:8564.3,B:5278.3Cali C:218.5,R:80.8,G:78.0,B:36.6 
08-07 15:31:03.042  2474  2823 W BatteryExternalStatsWorker: error reading Bluetooth stats: 9
08-07 15:31:03.077  3050  4560 I libsensor-boledalgo: dbv:435,lux:360.8,cct:6323.5,hsv:-1.0,dc:0CWB R:3193.4,G:7804.9,B:4975.1Event C:24374.2,R:13403.9,G:8580.1,B:5264.8Cali C:218.5,R:80.8,G:78.0,B:36.6 
08-07 15:31:03.231  2474  2474 W binder:2474_1B: type=1400 audit(0.0:38930): avc:  denied  { getopt } for  scontext=u:r:system_server:s0 tcontext=u:r:shell:s0 tclass=unix_stream_socket permissive=0
08-07 15:31:03.294  3086  3086 I adbd    : in ShellService: ps
08-07 15:31:03.333  7856  8713 E PhoneAdapter: get ntnphones failed, exception: java.lang.IllegalStateException: Default phones haven't been made yet!
08-07 15:31:03.361  1843  3496 I vendor.qti.hardware.display.composer-service: Sensor: notify citsensorservice to trigger cwb, misForced = 0
08-07 15:31:03.361  3050  4554 I libsensor-parseRGB: request dump start for mRequestDisplayId 0
08-07 15:31:03.390  3050 25119 E libsensor-parseRGB: CWB NotifyCWBBufferDone  error 0
08-07 15:31:03.447  1843  2051 I SDM     : DisplayBase::CommitThread: Received idle timeout, panel: cmd, timeout: 70000 us
08-07 15:31:03.690  1329  8893 I keystore2: system/security/keystore2/watchdog/src/lib.rs:319 - Watchdog thread idle -> terminating. Have a great day.
08-07 15:31:03.740  3086  3086 I adbd    : in ShellService: pm list packages -f
08-07 15:31:03.834  2474  2635 I system_server: This is sticky GC, maxfree is 16777216 minfree is 8388608
08-07 15:31:03.836  2474  2638 W System  : A resource failed to call close. 
08-07 15:31:04.088  2474  7257 I MiuiNetworkPolicy: bandwidth: 0 KB/s, Max bandwidth: 17267 KB/s
08-07 15:31:04.186  2474  4395 W RuleEvaluation: Integrity rule files are not available.
08-07 15:31:04.186  2474  3506 I PackageManager: Integrity check passed for file:///data/app/vmdl1942254458.tmp
08-07 15:31:04.187  2474  8251 I NetworkAccelerateSwitchService: EVENT_RSSI_POLL. mRssiPoll=true
08-07 15:31:04.187  2474  8251 I NetworkAccelerateSwitchService: getAverageWifiRssi:49
08-07 15:31:04.317 13306 13306 I UserConsentManager: onPermissionsChanged: 10420
08-07 15:31:04.318 13306 13306 I UserConsentManager: onPermissionsChanged: 10420
08-07 15:31:04.318 13306 13306 I UserConsentManager: onPermissionsChanged: 10420
08-07 15:31:04.347  2474  2643 E AppOps  : Trying to set mode for unknown uid 10420.
08-07 15:31:04.352  1850  1933 E ANDR-PERF-RESOURCEQS: ANDR-PERF-RESOURCEQS: AddAndApply() 167: Failed to apply optimization [10, 9]
08-07 15:31:04.355 25558 27337 I artd    : Merge skipped because there are no existing profiles
08-07 15:31:04.355  2474  3506 I ArtService: Adjusting the compiler filter for 'com.hualai' from 'speed-profile' to 'verify' because there is no valid profile
08-07 15:31:04.356 25558 27337 I artd    : Dex parent of /data/app/~~mfWz-KGTt_GGSzD5-77sgw==/com.hualai-kJdcOzH7VTdnhtr5Fhw47Q==/base.apk is not writable: Permission denied
08-07 15:31:04.356 25558 27337 I artd    : GetBestInfo checking odex in dalvik-cache (/data/dalvik-cache/arm64/data@app@~~mfWz-KGTt_GGSzD5-77sgw==@com.hualai-kJdcOzH7VTdnhtr5Fhw47Q==@base.apk@classes.dex)
08-07 15:31:04.356 25558 27337 I artd    : Loading /data/dalvik-cache/arm64/data@app@~~mfWz-KGTt_GGSzD5-77sgw==@com.hualai-kJdcOzH7VTdnhtr5Fhw47Q==@base.apk@classes.dex with executable: 0
08-07 15:31:04.356 25558 27337 I artd    : OatFileAssistant test for existing oat file /data/dalvik-cache/arm64/data@app@~~mfWz-KGTt_GGSzD5-77sgw==@com.hualai-kJdcOzH7VTdnhtr5Fhw47Q==@base.apk@classes.dex: File /data/dalvik-cache/arm64/data@app@~~mfWz-KGTt_GGSzD5-77sgw==@com.hualai-kJdcOzH7VTdnhtr5Fhw47Q==@base.apk@classes.vdex does not exist.
08-07 15:31:04.356 25558 27337 I artd    : GetBestInfo checking odex next to the dex file (/data/app/~~mfWz-KGTt_GGSzD5-77sgw==/com.hualai-kJdcOzH7VTdnhtr5Fhw47Q==/oat/arm64/base.odex)
08-07 15:31:04.356 25558 27337 I artd    : Loading /data/app/~~mfWz-KGTt_GGSzD5-77sgw==/com.hualai-kJdcOzH7VTdnhtr5Fhw47Q==/oat/arm64/base.odex with executable: 0
08-07 15:31:04.356 25558 27337 I artd    : OatFileAssistant test for existing oat file /data/app/~~mfWz-KGTt_GGSzD5-77sgw==/com.hualai-kJdcOzH7VTdnhtr5Fhw47Q==/oat/arm64/base.odex: File /data/app/~~mfWz-KGTt_GGSzD5-77sgw==/com.hualai-kJdcOzH7VTdnhtr5Fhw47Q==/oat/arm64/base.vdex does not exist.
08-07 15:31:04.356 25558 27337 I artd    : GetBestInfo checking vdex in dalvik-cache (/data/dalvik-cache/arm64/data@app@~~mfWz-KGTt_GGSzD5-77sgw==@com.hualai-kJdcOzH7VTdnhtr5Fhw47Q==@base.apk@classes.vdex)
08-07 15:31:04.356 25558 27337 I artd    : unable to open vdex file /data/dalvik-cache/arm64/data@app@~~mfWz-KGTt_GGSzD5-77sgw==@com.hualai-kJdcOzH7VTdnhtr5Fhw47Q==@base.apk@classes.vdex: File /data/dalvik-cache/arm64/data@app@~~mfWz-KGTt_GGSzD5-77sgw==@com.hualai-kJdcOzH7VTdnhtr5Fhw47Q==@base.apk@classes.vdex does not exist.
08-07 15:31:04.356 25558 27337 I artd    : OatFileAssistant test for existing oat file /data/dalvik-cache/arm64/data@app@~~mfWz-KGTt_GGSzD5-77sgw==@com.hualai-kJdcOzH7VTdnhtr5Fhw47Q==@base.apk@classes.vdex: File /data/dalvik-cache/arm64/data@app@~~mfWz-KGTt_GGSzD5-77sgw==@com.hualai-kJdcOzH7VTdnhtr5Fhw47Q==@base.apk@classes.vdex does not exist.
08-07 15:31:04.356 25558 27337 I artd    : GetBestInfo checking vdex next to the dex file (/data/app/~~mfWz-KGTt_GGSzD5-77sgw==/com.hualai-kJdcOzH7VTdnhtr5Fhw47Q==/oat/arm64/base.vdex)
08-07 15:31:04.356 25558 27337 I artd    : unable to open vdex file /data/app/~~mfWz-KGTt_GGSzD5-77sgw==/com.hualai-kJdcOzH7VTdnhtr5Fhw47Q==/oat/arm64/base.vdex: File /data/app/~~mfWz-KGTt_GGSzD5-77sgw==/com.hualai-kJdcOzH7VTdnhtr5Fhw47Q==/oat/arm64/base.vdex does not exist.
08-07 15:31:04.356 25558 27337 I artd    : OatFileAssistant test for existing oat file /data/app/~~mfWz-KGTt_GGSzD5-77sgw==/com.hualai-kJdcOzH7VTdnhtr5Fhw47Q==/oat/arm64/base.vdex: File /data/app/~~mfWz-KGTt_GGSzD5-77sgw==/com.hualai-kJdcOzH7VTdnhtr5Fhw47Q==/oat/arm64/base.vdex does not exist.
08-07 15:31:04.356 25558 27337 I artd    : GetBestInfo checking dm (/data/app/~~mfWz-KGTt_GGSzD5-77sgw==/com.hualai-kJdcOzH7VTdnhtr5Fhw47Q==/base.dm)
08-07 15:31:04.356 25558 27337 I artd    : GetBestInfo no usable artifacts
08-07 15:31:04.361 25558 27337 I artd    : Running dex2oat: /apex/com.android.art/bin/art_exec --drop-capabilities --set-task-profile=Dex2OatBootComplete --set-priority=background --keep-fds=7:8:9:10:11:12:13 -- /apex/com.android.art/bin/dex2oat64 --zip-fd=7 --zip-location=/data/app/~~mfWz-KGTt_GGSzD5-77sgw==/com.hualai-kJdcOzH7VTdnhtr5Fhw47Q==/base.apk --oat-fd=8 --oat-location=/data/app/~~mfWz-KGTt_GGSzD5-77sgw==/com.hualai-kJdcOzH7VTdnhtr5Fhw47Q==/oat/arm64/base.odex --output-vdex-fd=9 --swap-fd=10 --class-loader-context-fds=11:12:13 --class-loader-context=PCL[]{PCL[/system/framework/org.apache.http.legacy.jar]#PCL[/system_ext/framework/androidx.window.extensions.jar]#PCL[/system_ext/framework/androidx.window.sidecar.jar]} --classpath-dir=/data/app/~~mfWz-KGTt_GGSzD5-77sgw==/com.hualai-kJdcOzH7VTdnhtr5Fhw47Q== --instruction-set=arm64 --instruction-set-features=default --instruction-set-variant=kryo300 --compiler-filter=verify --compilation-reason=install --compact-dex-level=none --max-image-block-size=524288 --resolve-startup-const-strings=true --generate-mini-debug-info --runtime-arg -Xtarget-sdk-version:30 --runtime-arg -Xhidden-api-policy:enabled -j6 --runtime-arg -Xms64m --runtime-arg -Xmx512m --comments=app-name:com.hualai,app-version-name:2.37.0.117,app-version-code:61817,art-version:352090000
08-07 15:31:04.361 25558 27337 I artd    : Opened FDs: 7:/data/app/~~mfWz-KGTt_GGSzD5-77sgw==/com.hualai-kJdcOzH7VTdnhtr5Fhw47Q==/base.apk 8:/data/app/~~mfWz-KGTt_GGSzD5-77sgw==/com.hualai-kJdcOzH7VTdnhtr5Fhw47Q==/oat/arm64/base.odex.YqAg6Z.tmp 9:/data/app/~~mfWz-KGTt_GGSzD5-77sgw==/com.hualai-kJdcOzH7VTdnhtr5Fhw47Q==/oat/arm64/base.vdex.ISyd1y.tmp 10:/data/app/~~mfWz-KGTt_GGSzD5-77sgw==/com.hualai-kJdcOzH7VTdnhtr5Fhw47Q==/oat/arm64/base.odex.swap.iODV1O.tmp 11:/system_ext/framework/androidx.window.sidecar.jar 12:/system_ext/framework/androidx.window.extensions.jar 13:/system/framework/org.apache.http.legacy.jar 
08-07 15:31:04.380  9380  9380 W libprocessgroup: JoinCgroup: controller schedtune is not found
08-07 15:31:04.398  9380  9380 W dex2oat64: Obsolete flag --compact-dex-level ignored
08-07 15:31:04.401  9380  9380 I dex2oat64: /apex/com.android.art/bin/dex2oat64 --output-vdex-fd=9 --class-loader-context-fds=11:12:13 --class-loader-context=PCL[]{PCL[/system/framework/org.apache.http.legacy.jar]#PCL[/system_ext/framework/androidx.window.extensions.jar]#PCL[/system_ext/framework/androidx.window.sidecar.jar]} --classpath-dir=/data/app/~~mfWz-KGTt_GGSzD5-77sgw==/com.hualai-kJdcOzH7VTdnhtr5Fhw47Q== --compiler-filter=verify --compilation-reason=install --compact-dex-level=none --max-image-block-size=524288 --resolve-startup-const-strings=true --generate-mini-debug-info -j6 --comments=app-name:com.hualai,app-version-name:2.37.0.117,app-version-code:61817,art-version:352090000
08-07 15:31:04.443  3086  3086 I adbd    : in ShellService: ps
08-07 15:31:04.757  1865  1865 I vendor.qti.hardware.servicetrackeraidl-service: unbindService is called for service : com.android.permissioncontroller/.permission.service.PermissionControllerServiceImpl and for client system
08-07 15:31:04.757  1865  1865 I vendor.qti.hardware.servicetrackeraidl-service: size of service connections for service: com.android.permissioncontroller/.permission.service.PermissionControllerServiceImplafter removal is 0
08-07 15:31:04.757  1865  1865 I vendor.qti.hardware.servicetrackeraidl-service: size of client connections for client: systemafter removal is 30
08-07 15:31:04.758  1865  1865 I vendor.qti.hardware.servicetrackeraidl-service: destroyService is called for service : com.android.permissioncontroller/.permission.service.PermissionControllerServiceImpl
08-07 15:31:04.760  2474  7257 I MiuiNetworkPolicy: updateUidState uid = 10241, uidState = 10
08-07 15:31:04.761  2474  7257 I MiuiNetworkPolicy: updateUidState uid = 10241, uidState = 19
08-07 15:31:05.250  9380  9380 I dex2oat64: Using CollectorTypeCC GC.
08-07 15:31:05.307  9380  9380 I dex2oat64: Large app, accepted running with swap.
08-07 15:31:05.430  9380  9380 W dex2oat64: Method java.lang.Object androidx.compose.runtime.snapshots.SnapshotStateMap.mutate(aj.l) failed lock verification and will run slower.
08-07 15:31:05.430  9380  9380 W dex2oat64: Common causes for lock verification issues are non-optimized dex code
08-07 15:31:05.430  9380  9380 W dex2oat64: and incorrect proguard optimizations.
08-07 15:31:05.430  9380  9380 W dex2oat64: Method void androidx.compose.runtime.snapshots.SnapshotStateMap.update(aj.l) failed lock verification and will run slower.
08-07 15:31:05.430  9380  9380 W dex2oat64: Method boolean androidx.compose.runtime.snapshots.SnapshotStateMap.removeIf$runtime_release(aj.l) failed lock verification and will run slower.
08-07 15:31:05.452  9380  9393 W dex2oat64: Method boolean androidx.compose.runtime.snapshots.SnapshotStateList.conditionalUpdate(aj.l) failed lock verification and will run slower.
08-07 15:31:05.452  9380  9393 W dex2oat64: Method java.lang.Object androidx.compose.runtime.snapshots.SnapshotStateList.mutate(aj.l) failed lock verification and will run slower.
08-07 15:31:05.452  9380  9393 W dex2oat64: Method void androidx.compose.runtime.snapshots.SnapshotStateList.update(aj.l) failed lock verification and will run slower.
08-07 15:31:05.610  3086  3086 I adbd    : in ShellService: ps
08-07 15:31:05.830  3086  3086 I adbd    : in ShellService: pm list packages -f
08-07 15:31:05.917  3086  3086 I adbd    : in ShellService: dumpsys package com.hualai
08-07 15:31:05.961 25558 27330 I artd    : Dex parent of /data/app/~~mfWz-KGTt_GGSzD5-77sgw==/com.hualai-kJdcOzH7VTdnhtr5Fhw47Q==/base.apk is not writable: Permission denied
08-07 15:31:05.961 25558 27330 I artd    : GetBestInfo checking odex in dalvik-cache (/data/dalvik-cache/arm64/data@app@~~mfWz-KGTt_GGSzD5-77sgw==@com.hualai-kJdcOzH7VTdnhtr5Fhw47Q==@base.apk@classes.dex)
08-07 15:31:05.961 25558 27330 I artd    : Loading /data/dalvik-cache/arm64/data@app@~~mfWz-KGTt_GGSzD5-77sgw==@com.hualai-kJdcOzH7VTdnhtr5Fhw47Q==@base.apk@classes.dex with executable: 0
08-07 15:31:05.961 25558 27330 I artd    : OatFileAssistant test for existing oat file /data/dalvik-cache/arm64/data@app@~~mfWz-KGTt_GGSzD5-77sgw==@com.hualai-kJdcOzH7VTdnhtr5Fhw47Q==@base.apk@classes.dex: File /data/dalvik-cache/arm64/data@app@~~mfWz-KGTt_GGSzD5-77sgw==@com.hualai-kJdcOzH7VTdnhtr5Fhw47Q==@base.apk@classes.vdex does not exist.
08-07 15:31:05.961 25558 27330 I artd    : GetBestInfo checking odex next to the dex file (/data/app/~~mfWz-KGTt_GGSzD5-77sgw==/com.hualai-kJdcOzH7VTdnhtr5Fhw47Q==/oat/arm64/base.odex)
08-07 15:31:05.961 25558 27330 I artd    : Loading /data/app/~~mfWz-KGTt_GGSzD5-77sgw==/com.hualai-kJdcOzH7VTdnhtr5Fhw47Q==/oat/arm64/base.odex with executable: 0
08-07 15:31:05.961 25558 27330 I artd    : OatFileAssistant test for existing oat file /data/app/~~mfWz-KGTt_GGSzD5-77sgw==/com.hualai-kJdcOzH7VTdnhtr5Fhw47Q==/oat/arm64/base.odex: File /data/app/~~mfWz-KGTt_GGSzD5-77sgw==/com.hualai-kJdcOzH7VTdnhtr5Fhw47Q==/oat/arm64/base.vdex does not exist.
08-07 15:31:05.961 25558 27330 I artd    : GetBestInfo checking vdex in dalvik-cache (/data/dalvik-cache/arm64/data@app@~~mfWz-KGTt_GGSzD5-77sgw==@com.hualai-kJdcOzH7VTdnhtr5Fhw47Q==@base.apk@classes.vdex)
08-07 15:31:05.961 25558 27330 I artd    : unable to open vdex file /data/dalvik-cache/arm64/data@app@~~mfWz-KGTt_GGSzD5-77sgw==@com.hualai-kJdcOzH7VTdnhtr5Fhw47Q==@base.apk@classes.vdex: File /data/dalvik-cache/arm64/data@app@~~mfWz-KGTt_GGSzD5-77sgw==@com.hualai-kJdcOzH7VTdnhtr5Fhw47Q==@base.apk@classes.vdex does not exist.
08-07 15:31:05.961 25558 27330 I artd    : OatFileAssistant test for existing oat file /data/dalvik-cache/arm64/data@app@~~mfWz-KGTt_GGSzD5-77sgw==@com.hualai-kJdcOzH7VTdnhtr5Fhw47Q==@base.apk@classes.vdex: File /data/dalvik-cache/arm64/data@app@~~mfWz-KGTt_GGSzD5-77sgw==@com.hualai-kJdcOzH7VTdnhtr5Fhw47Q==@base.apk@classes.vdex does not exist.
08-07 15:31:05.961 25558 27330 I artd    : GetBestInfo checking vdex next to the dex file (/data/app/~~mfWz-KGTt_GGSzD5-77sgw==/com.hualai-kJdcOzH7VTdnhtr5Fhw47Q==/oat/arm64/base.vdex)
08-07 15:31:05.961 25558 27330 I artd    : unable to open vdex file /data/app/~~mfWz-KGTt_GGSzD5-77sgw==/com.hualai-kJdcOzH7VTdnhtr5Fhw47Q==/oat/arm64/base.vdex: File /data/app/~~mfWz-KGTt_GGSzD5-77sgw==/com.hualai-kJdcOzH7VTdnhtr5Fhw47Q==/oat/arm64/base.vdex does not exist.
08-07 15:31:05.961 25558 27330 I artd    : OatFileAssistant test for existing oat file /data/app/~~mfWz-KGTt_GGSzD5-77sgw==/com.hualai-kJdcOzH7VTdnhtr5Fhw47Q==/oat/arm64/base.vdex: File /data/app/~~mfWz-KGTt_GGSzD5-77sgw==/com.hualai-kJdcOzH7VTdnhtr5Fhw47Q==/oat/arm64/base.vdex does not exist.
08-07 15:31:05.961 25558 27330 I artd    : GetBestInfo checking dm (/data/app/~~mfWz-KGTt_GGSzD5-77sgw==/com.hualai-kJdcOzH7VTdnhtr5Fhw47Q==/base.dm)
08-07 15:31:05.961 25558 27330 W ziparchive: Unable to open '/data/app/~~mfWz-KGTt_GGSzD5-77sgw==/com.hualai-kJdcOzH7VTdnhtr5Fhw47Q==/base.dm': No such file or directory
08-07 15:31:05.961 25558 27330 I artd    : OatFileAssistant test for existing oat file /data/app/~~mfWz-KGTt_GGSzD5-77sgw==/com.hualai-kJdcOzH7VTdnhtr5Fhw47Q==/base.dm: I/O error
08-07 15:31:05.961 25558 27330 I artd    : GetBestInfo checking dm (/data/app/~~mfWz-KGTt_GGSzD5-77sgw==/com.hualai-kJdcOzH7VTdnhtr5Fhw47Q==/base.dm)
08-07 15:31:05.961 25558 27330 W ziparchive: Unable to open '/data/app/~~mfWz-KGTt_GGSzD5-77sgw==/com.hualai-kJdcOzH7VTdnhtr5Fhw47Q==/base.dm': No such file or directory
08-07 15:31:05.961 25558 27330 I artd    : OatFileAssistant test for existing oat file /data/app/~~mfWz-KGTt_GGSzD5-77sgw==/com.hualai-kJdcOzH7VTdnhtr5Fhw47Q==/base.dm: I/O error
08-07 15:31:05.961 25558 27330 I artd    : GetBestInfo no usable artifacts
08-07 15:31:05.964  2474  8394 W ziparchive: Unable to open '/data/app/~~mfWz-KGTt_GGSzD5-77sgw==/com.hualai-kJdcOzH7VTdnhtr5Fhw47Q==/base.dm': No such file or directory
08-07 15:31:05.965  2474  8394 E DexOptHelperImpl: Fail to get art odex vdex with path :/data/app/~~mfWz-KGTt_GGSzD5-77sgw==/com.hualai-kJdcOzH7VTdnhtr5Fhw47Q==/base.apk
08-07 15:31:05.989  9380  9390 W dex2oat64: Verification error in void com.hualai.wlppo.l$c.g(qj.a, byte[], int)
08-07 15:31:05.989  9380  9390 W dex2oat64: void com.hualai.wlppo.l$c.g(qj.a, byte[], int): [0x0] 
08-07 15:31:05.989  9380  9390 W dex2oat64: void com.hualai.wlppo.l$c.g(qj.a, byte[], int) failed to verify: void com.hualai.wlppo.l$c.g(qj.a, byte[], int): [0x0] 'this' argument 'Precise Reference: com.hualai.wlppo.l$c' not instance of 'Unresolved Reference: meshblufi.espressif.BlufiCallback'
08-07 15:31:06.000 15038 20629 W lyra-mdns-core: _deal_timeout query _lyra-mdns._udp.local[0C] timeout!
08-07 15:31:06.017  3086  3086 I adbd    : in ShellService: dumpsys activity activities
08-07 15:31:06.096  3086  3086 I adbd    : in ShellService: dumpsys activity activities
08-07 15:31:06.179  3086  3086 I adbd    : in ShellService: dumpsys activity activities
08-07 15:31:06.214  2474  7382 I SmartPower: com.android.permissioncontroller/10241(16479): background->idle(13015ms) R(service end com.android.permissioncontroller/.permission.service.PermissionControllerServiceImpl) adj=905.
08-07 15:31:06.251  3086  3086 I adbd    : in ShellService: dumpsys activity services
08-07 15:31:06.305  2474  7257 I MiuiNetworkPolicy: updateUidState uid = 10092, uidState = 15
08-07 15:31:06.356  3086  3086 I adbd    : in ShellService: screencap -p /sdcard/screen_2025-08-07_153106.png
08-07 15:31:06.381  7856  8713 E PhoneAdapter: get ntnphones failed, exception: java.lang.IllegalStateException: Default phones haven't been made yet!
08-07 15:31:06.399  2474  7257 I MiuiNetworkPolicy: getDisableLimitTimeout when thermal mode is:0
08-07 15:31:06.411  1843  3496 I vendor.qti.hardware.display.composer-service: Sensor: notify citsensorservice to trigger cwb, misForced = 0
08-07 15:31:06.415  3050  4554 I libsensor-parseRGB: request dump start for mRequestDisplayId 0
08-07 15:31:06.439  3050  4604 E libsensor-parseRGB: CWB NotifyCWBBufferDone  error 0
08-07 15:31:06.475  9432  9432 W BpBinder: Linking to death on android.gui.ISurfaceComposer but there are no threads (yet?) listening to incoming transactions. See ProcessState::startThreadPool and ProcessState::setThreadPoolMaxThreadCount. Generally you should setup the binder threadpool before other initialization steps.
08-07 15:31:06.475  9432  9432 W ProcessState: Extra binder thread started, but 0 threads requested. Do not use *startThreadPool when zero threads are requested.
08-07 15:31:06.494  1843  2051 I SDM     : DisplayBase::CommitThread: Received idle timeout, panel: cmd, timeout: 70000 us
08-07 15:31:06.509  9432  9437 I AdrenoUtils: <ReadGpuID:357>: Reading chip ID through GSL
08-07 15:31:06.509  9432  9432 W qdgralloc: Failed to load libubwcp.so
08-07 15:31:06.507  9432  9432 W screencap: type=1400 audit(0.0:38931): avc:  denied  { read } for  name="libubwcp.so" dev="dm-37" ino=19816057 scontext=u:r:shell:s0 tcontext=u:object_r:vendor_file:s0 tclass=file permissive=0
08-07 15:31:06.513 12965 17504 W MediaProvider: isAppCloneUserPair for user 0: false
08-07 15:31:06.585  9380  9380 I dex2oat64: dex2oat took 2.187s (6.967s cpu) (threads: 6) arena alloc=0B (0B) java alloc=91MB (96333184B) native alloc=12MB (12812576B) free=4612KB (4723584B) swap=16MB (16777216B)
08-07 15:31:06.617 25558 27337 I artd    : dex2oat returned code 0
08-07 15:31:06.620  2474  3506 I ArtService: Dexopt result: [packageName = com.hualai] DexContainerFileDexoptResult{dexContainerFile=/data/app/~~mfWz-KGTt_GGSzD5-77sgw==/com.hualai-kJdcOzH7VTdnhtr5Fhw47Q==/base.apk, primaryAbi=true, abi=arm64-v8a, actualCompilerFilter=verify, status=PERFORMED, dex2oatWallTimeMillis=-447598508, dex2oatCpuTimeMillis=7020, sizeBytes=99576752, sizeBeforeBytes=0, extendedStatusFlags=[]}
08-07 15:31:06.621  2474 30182 I Miui32BitTranslateHelper: 32BitPretranslate: skipping APK pre-translation for com.hualai
08-07 15:31:06.622  2474  3506 W PackageFreezer: Freeze package com.hualai about 2.351 seconds for reason: installPackageLI
08-07 15:31:06.622  2474  3506 I BackupManagerService: [UserID:0] restoreAtInstall pkg=com.hualai token=6a restoreSet=0
08-07 15:31:06.623  1865  1865 I vendor.qti.hardware.servicetrackeraidl-service: bindService is called for service : com.google.android.gms/.backup.BackupTransportService and for client system
08-07 15:31:06.624  1865  1865 I vendor.qti.hardware.servicetrackeraidl-service: total connections for service : com.google.android.gms/.backup.BackupTransportServiceare :1
08-07 15:31:06.624  1865  1865 I vendor.qti.hardware.servicetrackeraidl-service: total connections for client : systemare :31
08-07 15:31:06.630  2474  2474 I TransportConnection: BackupTransportService#2797: Notifying [BMS.restoreAtInstall] transport = BackupTransportClient
08-07 15:31:06.634 11128 12023 W AndroidBackupEventsLogg: Flag disabled, logging without sampling [CONTEXT service_id=229 ]
08-07 15:31:06.635 11128 12023 I AndroidBackupEventsLogg: (REDACTED) Logging without sampling %s
08-07 15:31:06.636 11128 12023 W AndroidBackupEventsLogg: Flag disabled, logging without sampling [CONTEXT service_id=229 ]
08-07 15:31:06.636  1865  1865 I vendor.qti.hardware.servicetrackeraidl-service: unbindService is called for service : com.google.android.gms/.backup.BackupTransportService and for client system
08-07 15:31:06.636  1865  1865 I vendor.qti.hardware.servicetrackeraidl-service: size of service connections for service: com.google.android.gms/.backup.BackupTransportServiceafter removal is 0
08-07 15:31:06.636  1865  1865 I vendor.qti.hardware.servicetrackeraidl-service: size of client connections for client: systemafter removal is 30
08-07 15:31:06.636  1865  1865 I vendor.qti.hardware.servicetrackeraidl-service: destroyService is called for service : com.google.android.gms/.backup.BackupTransportService
08-07 15:31:06.636 11128 12023 I AndroidBackupEventsLogg: (REDACTED) Logging without sampling %s
08-07 15:31:06.642  2474  3506 I InstallationTiming: com.hualai|null|11357|7953|254|638|0|34|2271
08-07 15:31:06.642  2474  3506 I AppsFilter: interaction: PackageSetting{caee3b com.android.microdroid.empty_payload/10236} -> PackageSetting{ed4cf3b com.hualai/10420} BLOCKED
08-07 15:31:06.642  2474  3506 I AppsFilter: interaction: PackageSetting{1bd4ab1 io.appium.uiautomator2.server.test/10280} -> PackageSetting{ed4cf3b com.hualai/10420} BLOCKED
08-07 15:31:06.642  2474  3506 I AppsFilter: interaction: PackageSetting{ebc228b io.github.ylimit.droidbotapp/10419} -> PackageSetting{ed4cf3b com.hualai/10420} BLOCKED
08-07 15:31:06.642  2474  3506 I AppsFilter: interaction: PackageSetting{40eb96 com.rongcard.eid/10151} -> PackageSetting{ed4cf3b com.hualai/10420} BLOCKED
08-07 15:31:06.643  2474  3506 I AppsFilter: interaction: PackageSetting{f703317 io.appium.settings/10274} -> PackageSetting{ed4cf3b com.hualai/10420} BLOCKED
08-07 15:31:06.645 11128 11128 I IntentFilterVerRcvr: S+ domain verification enabled [CONTEXT service_id=244 ]
08-07 15:31:06.643  2474  2474 W binder:2474_1B: type=1400 audit(0.0:38932): avc:  denied  { getopt } for  scontext=u:r:system_server:s0 tcontext=u:r:shell:s0 tclass=unix_stream_socket permissive=0
08-07 15:31:06.643  2474  2474 W binder:2474_1B: type=1400 audit(0.0:38933): avc:  denied  { getopt } for  scontext=u:r:system_server:s0 tcontext=u:r:shell:s0 tclass=unix_stream_socket permissive=0
08-07 15:31:06.643  2474  2474 W binder:2474_1B: type=1400 audit(0.0:38934): avc:  denied  { getopt } for  scontext=u:r:system_server:s0 tcontext=u:r:shell:s0 tclass=unix_stream_socket permissive=0
08-07 15:31:06.649  2474  2664 W TextServicesManagerService: no available spell checker services found
08-07 15:31:06.651 13710 15240 I MiuiVpnManageService: PackageMonitor. onPackageAdded: packageName =com.hualai
08-07 15:31:06.652  2474  2680 I MiuiCompatModePackages: package com.hualai updated, removing config
08-07 15:31:06.653  2474  7414 I SdkSandboxManager: No SDKs used. Skipping SDK data reconcilation for CallingInfo{mUid=10420, mPackageName='com.hualai, mAppProcessToken='null'}
08-07 15:31:06.653  2474  7278 E AppOps  : attributionTag VCN not declared in manifest of android
08-07 15:31:06.655  2474  7278 E AppOps  : attributionTag VCN not declared in manifest of android
08-07 15:31:06.656  2474  7257 I MiuiNetworkPolicy: ACTION_PACKAGE_ADDED uid = 10420
08-07 15:31:06.657  2474  7409 W PackageManager: Failed registering loading progress callback. Package is fully loaded.
08-07 15:31:06.659  2474  2474 I NetworkDetectInjector: ACTION_PACKAGE_ADDED uid = 10420
08-07 15:31:06.659  2474  7426 E AppScanObserverService: Try to add a invalid package: com.hualai | 10420 | 0
08-07 15:31:06.661  2474  2474 I MiuiNetworkPolicyTrafficLimit: ACTION_PACKAGE_ADDED uid = 10420
08-07 15:31:06.661  2474  2474 E SLM-SRV-SLAAppLib: initBroadcastReceivercom.hualai
08-07 15:31:06.661  2474  2474 I SLM-SRV-SLAAppLib: ACTION_PACKAGE_ADDED uid = 10420com.hualai
08-07 15:31:06.661  2474  2474 I SLM-SRV-SLSAppLib: setSLSGameUidList:null
08-07 15:31:06.661  2474  2474 I SLM-SRV-SLSAppLib: setSLSVoIPUid:0
08-07 15:31:06.661  2474  2474 I NetworkAccelerateSwitchService: setNetworkAccelerateSwitchUidList:null
08-07 15:31:06.661  2474  2474 I NetworkAccelerateSwitchService: setNetworkAccelerateSwitchVoIPUid:0
08-07 15:31:06.661  2474  2474 I SLM-SRV-SLAAppLib: mDoubleWifiUidList = 10090,10261,10324,10340,10325,10322,10167,10339,10326,10286,
08-07 15:31:06.661  2474  2474 I SLM-SRV-SLAAppLib: mDoubleDataUidList = 10090,10261,10325,10322,10329,10167,10339,10326,10286,
08-07 15:31:06.661  2474  2653 E AtomicFile: Failed to rename /data/system/install_sessions.xml.new to /data/system/install_sessions.xml
08-07 15:31:06.661  2474  8196 I SLM-SRV-SLAAppLib: setUidWhiteListToSlad
08-07 15:31:06.662 14191 14518 I WakelockPolicyManager: setWakelockPolicy
08-07 15:31:06.663 13710 15162 I FireWallService: mina mPackageReceiver onReceive
08-07 15:31:06.665 13710 13710 I TrafficManageService: mina mPackageReceiver 0
08-07 15:31:06.665  2474 15979 I ClipboardServiceI: checkProviderWakePathForClipboard: primaryClip is null
08-07 15:31:06.665 13710 13710 I InstalledAppMonitor: com.hualaionReceive add pkg=com.hualai
08-07 15:31:06.666 13710 15607 I AppPredictManager: predict: recentApps size = 5
08-07 15:31:06.667  7458  8105 E ScreenElementRoot: load error, manifest root is null
08-07 15:31:06.667 13710 15162 W FireWallService: is Pre-installed application
08-07 15:31:06.667 13710 15441 I GameBoosterNewApp: addAppToGameBox: isGameBoosterOpen=true
08-07 15:31:06.668 14395 14395 E PackageInstallHelper: handler start
08-07 15:31:06.668 14395 14395 E PackageInstallHelper: handler end
08-07 15:31:06.668 14395 14395 E PackageInstallHelper: PackageInstallHelper handler real start
08-07 15:31:06.668 13710 15441 I GameBoosterNewApp: com.hualai isGameFromJson false
08-07 15:31:06.669 13710 15441 I GameBoosterNewApp: com.hualai isGameFromLocal false
08-07 15:31:06.669  1865  1865 I vendor.qti.hardware.servicetrackeraidl-service: bindService is called for service : com.android.permissioncontroller/.permission.service.PermissionControllerServiceImpl and for client system
08-07 15:31:06.669  7464  7482 I htmlviewercloudcontrol: isStagingEnv:false param =  fps_group_config  uriMatch = 2, cluster: cn, version: 570181, traceId: 98011ebf371cd2558a85e5fe8d9c8b96, regId: +4z3RS85+e2U9l+sd6caQ/srGmJCsEbKpG1twyPn1K0CrNNyxYT/yAgGVxm5X+yC
08-07 15:31:06.669  1865  1865 I vendor.qti.hardware.servicetrackeraidl-service: total connections for service : com.android.permissioncontroller/.permission.service.PermissionControllerServiceImplare :1
08-07 15:31:06.669  1865  1865 I vendor.qti.hardware.servicetrackeraidl-service: total connections for client : systemare :31
08-07 15:31:06.669 16479 24321 I PermissionControllerServiceImpl: Updating user sensitive for uid 10420
08-07 15:31:06.669  2474  7257 I MiuiNetworkPolicy: updateUidState uid = 10092, uidState = 5
08-07 15:31:06.669  2474  7257 I MiuiNetworkPolicy: updateUidState uid = 10241, uidState = 6
08-07 15:31:06.673  7464  7482 I htmlviewercloudcontrol: isStagingEnv:false param =  fps_group_config  uriMatch = 2, cluster: cn, version: 570181, traceId: 98011ebf371cd2558a85e5fe8d9c8b96, regId: +4z3RS85+e2U9l+sd6caQ/srGmJCsEbKpG1twyPn1K0CrNNyxYT/yAgGVxm5X+yC
08-07 15:31:06.674  2474  7382 I SmartPower: com.android.permissioncontroller/10241(16479): idle->background(461ms) R(add to whitelist) adj=100.
08-07 15:31:06.675  7464  7482 I htmlviewercloudcontrol: isStagingEnv:false param =  fps_group_config  uriMatch = 2, cluster: cn, version: 570181, traceId: 98011ebf371cd2558a85e5fe8d9c8b96, regId: +4z3RS85+e2U9l+sd6caQ/srGmJCsEbKpG1twyPn1K0CrNNyxYT/yAgGVxm5X+yC
08-07 15:31:06.675  2474  8755 E AppOps  : Bad call made by uid 1001. Package "com.android.phone" does not belong to uid 1000.
08-07 15:31:06.676  2474  8755 E AppOps  : Cannot noteOperation: non-application UID 1000
08-07 15:31:06.677  2474  8755 W ParceledListSlice: Element #10 is 43420 bytes.
08-07 15:31:06.678  2474  8755 W ParceledListSlice: Element #17 is 25036 bytes.
08-07 15:31:06.678  2474  8755 W ParceledListSlice: Element #24 is 52004 bytes.
08-07 15:31:06.678  2474  8755 W ParceledListSlice: Overly large reply size: 117272
08-07 15:31:06.679  2474  8196 I SLM-SRV-SLAAppLib: setSLAUidList:10322,10325,10326,10332,10339,10261,10340,10167,10286,10090,
08-07 15:31:06.679  2474  8196 I SLM-SRV-SLSAppLib: setSLAAppWhiteList:10322,10325,10326,10332,10339,10261,10340,10167,10286,
08-07 15:31:06.680  2474  8820 W ParceledListSlice: Element #34 is 205964 bytes.
08-07 15:31:06.680  2474  8820 W ParceledListSlice: Overly large reply size: 238572
08-07 15:31:06.680 13710 13710 I AppPredictPrivacyLaunchManager: updateLauncherApps size: 75
08-07 15:31:06.681  7464  7482 I htmlviewercloudcontrol: isStagingEnv:false param =  fps_tp_exclude  uriMatch = 2, cluster: cn, version: 570181, traceId: 98011ebf371cd2558a85e5fe8d9c8b96, regId: +4z3RS85+e2U9l+sd6caQ/srGmJCsEbKpG1twyPn1K0CrNNyxYT/yAgGVxm5X+yC
08-07 15:31:06.681  2474  7657 W ParceledListSlice: Element #40 is 19708 bytes.
08-07 15:31:06.682  2474  7657 W ParceledListSlice: Element #48 is 187940 bytes.
08-07 15:31:06.682  2474  7657 W ParceledListSlice: Overly large reply size: 249300
08-07 15:31:06.683  7464  7482 I htmlviewercloudcontrol: isStagingEnv:false param =  fps_idle_config  uriMatch = 2, cluster: cn, version: 570181, traceId: 98011ebf371cd2558a85e5fe8d9c8b96, regId: +4z3RS85+e2U9l+sd6caQ/srGmJCsEbKpG1twyPn1K0CrNNyxYT/yAgGVxm5X+yC
08-07 15:31:06.685 13306 13306 I UserConsentManager: onPermissionsChanged: 10420
08-07 15:31:06.685 13306 13306 I UserConsentManager: onPermissionsChanged: 10420
08-07 15:31:06.685 13306 13306 I UserConsentManager: onPermissionsChanged: 10420
08-07 15:31:06.686 13710 15177 W ContextImpl: Calling a method in the system process without a qualified user: android.app.ContextImpl.startService:1939 android.content.ContextWrapper.startService:843 b4.k.d:80 q2.j.w:116 q2.j.j:0 
08-07 15:31:06.686 13306 13306 I UserConsentManager: onPermissionsChanged: 10420
08-07 15:31:06.686 13306 13306 I UserConsentManager: onPermissionsChanged: 10420
