08-07 15:31:06.743  2474 15979 W AppOpService: Ignored setUidMode call for runtime permission app op: uid = 1001, code = RECEIVE_WAP_PUSH, mode = allow, callingUid = 1001, oldMode = allow
08-07 15:31:06.743  2474 15979 W AppOpService: Ignored setUidMode call for runtime permission app op: uid = 1001, code = SEND_SMS, mode = allow, callingUid = 1001, oldMode = allow
08-07 15:31:06.743  2474  4292 W AppOpService: Ignored setUidMode call for runtime permission app op: uid = 1001, code = READ_CELL_BROADCASTS, mode = allow, callingUid = 1001, oldMode = allow
08-07 15:31:06.744  2474 15979 W ParceledListSlice: Element #8 is 20788 bytes.
08-07 15:31:06.744  2474 15979 W ParceledListSlice: Element #9 is 20768 bytes.
08-07 15:31:06.747  2474  4291 W ParceledListSlice: Element #20 is 29740 bytes.
08-07 15:31:06.748  7458  8100 W PreviewDisappear: getIconDrawable src: null
08-07 15:31:06.749  7458  8100 W PreviewDisappear: getIconDrawable app drawable: null
08-07 15:31:06.749  7458  8100 W PreviewDisappear: getIcon info target: ComponentInfo{com.hualai/com.hualai.home.StartActivity}
08-07 15:31:06.749  7458  8100 W PreviewDisappear: getIcon info user: UserHandle{0}
08-07 15:31:06.749  7458  8100 W PreviewDisappear: getIcon info intent: Intent { act=android.intent.action.MAIN cat=[android.intent.category.LAUNCHER] flg=0x10200000 cmp=com.hualai/.home.StartActivity (has extras) }
08-07 15:31:06.749  7458  8100 W PreviewDisappear: 1 getIcon entry: null
08-07 15:31:06.749  7458  8100 W PreviewDisappear: 2 getIcon entry: com.miui.home.launcher.graphics.DrawableInfo@2bfe2a7
08-07 15:31:06.749  7458  8100 W PreviewDisappear: applyCacheEntry entry: android.graphics.drawable.BitmapDrawable@6ec9354
08-07 15:31:06.749  7458  8100 W PreviewDisappear: getIconDrawable finally drawable: android.graphics.drawable.BitmapDrawable@6ec9354
08-07 15:31:06.749  3086  3086 I adbd    : in ShellService: ps
08-07 15:31:06.751  7856  8405 E SmsApplication: com.android.mms lost android:read_cell_broadcasts:  (fixing)
08-07 15:31:06.751  2474 10068 W AppOpService: Ignored setUidMode call for runtime permission app op: uid = 10141, code = READ_CELL_BROADCASTS, mode = allow, callingUid = 1001, oldMode = allow
08-07 15:31:06.753  2474 10068 W AppOpService: Ignored setUidMode call for runtime permission app op: uid = 1001, code = READ_SMS, mode = allow, callingUid = 1001, oldMode = allow
08-07 15:31:06.754  2474 10068 W AppOpService: Ignored setUidMode call for runtime permission app op: uid = 1001, code = RECEIVE_SMS, mode = allow, callingUid = 1001, oldMode = allow
08-07 15:31:06.754  2474 10068 W AppOpService: Ignored setUidMode call for runtime permission app op: uid = 1001, code = RECEIVE_WAP_PUSH, mode = allow, callingUid = 1001, oldMode = allow
08-07 15:31:06.754  2474 10068 W AppOpService: Ignored setUidMode call for runtime permission app op: uid = 1001, code = SEND_SMS, mode = allow, callingUid = 1001, oldMode = allow
08-07 15:31:06.754  2474 10068 W AppOpService: Ignored setUidMode call for runtime permission app op: uid = 1001, code = READ_CELL_BROADCASTS, mode = allow, callingUid = 1001, oldMode = allow
08-07 15:31:06.754  2474  7647 W ParceledListSlice: Element #232 is 19228 bytes.
08-07 15:31:06.759 13710 15441 I VideoBoxUtils: isSupportVideoBox: true
08-07 15:31:06.759  2474  8358 W ParceledListSlice: Element #362 is 25976 bytes.
08-07 15:31:06.760 13710 15441 W ContextImpl: Calling a method in the system process without a qualified user: android.app.ContextImpl.sendBroadcast:1275 android.content.ContextWrapper.sendBroadcast:527 d7.e.f:24 d7.e.c:0 d7.e$c$a.run:18 
08-07 15:31:06.760  2474  7656 W ActivityManagerServiceImpl: Sending non-protected broadcast com.miui.gamebooster.UNINSTALLAPP from system 13710:com.miui.securitycenter.remote/1000 pkg com.miui.securitycenter. Callers=
08-07 15:31:06.765 16479 25576 I PermissionControllerServiceImpl: Updating user sensitive for uid 10420
08-07 15:31:06.771 13053 13053 E RegisteredServicesCache: Skipping application component ComponentInfo{com.UCMobile/com.alibaba.ariver.commonability.device.jsapi.nfc.service.TinyAppHostApduService}: it must request the permission android.permission.NFC
08-07 15:31:06.771 13053 13053 E RegisteredServicesCache: Skipping application component ComponentInfo{com.UCMobile/com.alipay.mobile.aompdevice.nfc.service.TinyAppHostApduService}: it must request the permission android.permission.NFC
08-07 15:31:06.772 13053 13053 E RegisteredServicesCache: Skipping application component ComponentInfo{com.autonavi.minimap/com.alibaba.ariver.commonability.device.jsapi.nfc.service.TinyAppHostApduService}: it must request the permission android.permission.NFC
08-07 15:31:06.772 13053 13053 E RegisteredServicesCache: Skipping application component ComponentInfo{com.autonavi.minimap/com.alipay.mobile.aompdevice.nfc.service.TinyAppHostApduService}: it must request the permission android.permission.NFC
08-07 15:31:06.772 32508 32525 I ndroid.settings: This is non sticky GC, maxfree is 16777216 minfree is 8388608
08-07 15:31:06.775  3050 25119 E libsensor-parseRGB: CWB NotifyCWBBufferDone  error 0
08-07 15:31:06.777 32508 32527 W ndroid.settings: ApkAssets: Deleting an ApkAssets object '<empty> and /system_ext/app/AccessibilityMenu/AccessibilityMenu.apk' with 1 weak references
08-07 15:31:06.777 32508 32527 W ndroid.settings: ApkAssets: Deleting an ApkAssets object '<empty> and /data/app/~~Atj19zERMYjCopvfItnRjA==/com.google.android.marvin.talkback-qWzoR0W6FlsnkOMBZP102g==/base.apk' with 1 weak references
08-07 15:31:06.777 32508 32527 W ndroid.settings: ApkAssets: Deleting an ApkAssets object '<empty> and /data/app/~~Atj19zERMYjCopvfItnRjA==/com.google.android.marvin.talkback-qWzoR0W6FlsnkOMBZP102g==/split_config.arm64_v8a.apk' with 1 weak references
08-07 15:31:06.777 32508 32527 W ndroid.settings: ApkAssets: Deleting an ApkAssets object '<empty> and /product/app/MIUIAccessibility/MIUIAccessibility.apk' with 1 weak references
08-07 15:31:06.777 32508 32527 W ndroid.settings: ApkAssets: Deleting an ApkAssets object '<empty> and /product/app/CarWith/CarWith.apk' with 1 weak references
08-07 15:31:06.777 13710 15129 I ThumbnailBlurUtils: loadPrivacyThumbnailBlurMonthly successd{"com.ss.android.ugc.aweme":27,"com.musicworx":-1,"com.baidu.BaiduMap":3,"com.google.android.apps.youtube.music":27,"com.google.android.apps.tasks":5,"com.jijia.jjweather":5,"com.netease.newsreader.activity":11,"com.instagram.android":5,"com.microsoft.emmx":5,"com.baidu.searchbox.lite":5,"com.getsurfboard":-1,"com.android.fileexplorer":5,"com.miui.compass":5,"com.microsoft.office.outlook":10,"com.jijia.bqwnl":5,"com.autonavi.minimap":3,"com.miui.calculator":5,"org.secuso.privacyfriendlytodolist":-1,"com.android.contacts":5,"com.xiaomi.scanner":5,"com.miui.securitycenter":5,"com.android.vending":5,"com.yahoo.mobile.client.android.mail":5,"com.einnovation.temu":-1,"com.baidu.searchbox":5,"com.duokan.reader":7,"com.wuba.zhuanzhuan":9,"io.appium.settings":-1,"com.android.chrome":5,"com.xingin.xhs":5,"com.dragon.read":7,"tv.danmaku.bili":27,"com.ebay.mobile":5,"com.miui.gallery":6,"com.UCMobile":5,"todolist.scheduleplanner.dailyplanner.todo.reminders":5,"com.alibaba.aliexpresshd":9,"com.android.email":10,"com.todoist":5,"com.hualai":5,"com.spotify.music":5,"com.xiaomi.market":5,"com.microsoft.todos":10,"com.skysoft.kkbox.android":27,"com.miui.notes":5,"com.smile.gifmaker":27,"com.xiaomi.gamecenter":5,"com.android.browser":5,"com.anydo":5,"de.baumann.browser":-1,"com.suxing.sustream":-1,"com.miui.virtualsim":5,"com.sina.news":11,"com.miui.weather2":5,"com.miui.video":27,"douzifly.list":-1,"com.google.android.documentsui":-1,"com.ss.android.article.news":11,"com.quark.browser":5,"com.android.mms":5,"cn.ninegame.gamemanager":5,"com.kuaishou.nebula":27,"com.android.providers.downloads.ui":5,"com.tencent.android.qqdownloader":5,"com.android.camera":6,"com.google.android.gm":5,"cn.amazon.mShop.android":9,"com.google.android.apps.magazines":5,"com.android.calendar":10,"io.github.ylimit.droidbotapp":-1,"ru.mail.mailapp":5,"com.android.settings":-1,"com.zhuantech.sijiweather":-1,"com.cnn.mobile.android.phone":11,"com.android.soundrecorder":5}
08-07 15:31:06.778 32508 32527 W ndroid.settings: ApkAssets: Deleting an ApkAssets object '<empty> and /product/priv-app/MIUIPersonalAssistantPhoneOS2NoBeta/MIUIPersonalAssistantPhoneOS2NoBeta.apk' with 1 weak references
08-07 15:31:06.778 32508 32527 W ndroid.settings: ApkAssets: Deleting an ApkAssets object '<empty> and /product/app/VoiceAssistAndroidT/VoiceAssistAndroidT.apk' with 1 weak references
08-07 15:31:06.778 32508 32527 W ndroid.settings: ApkAssets: Deleting an ApkAssets object '<empty> and /data/app/~~Qb2YCauzpY0eMmDh_yaIKQ==/com.baidu.searchbox.lite-kLy8UUmX5GFzVCxlhxjm5Q==/base.apk' with 1 weak references
08-07 15:31:06.778 32508 32527 W ndroid.settings: ApkAssets: Deleting an ApkAssets object '<empty> and /data/app/~~RnzQReZgRH9FjwCgKWFAXQ==/com.tencent.android.qqdownloader-nIualU-Tvj2yPvI5bnmNqw==/base.apk' with 1 weak references
08-07 15:31:06.778 32508 32527 W ndroid.settings: ApkAssets: Deleting an ApkAssets object '<empty> and /data/app/~~5nWwMqae9cDTZEF6ADPPTA==/io.github.ylimit.droidbotapp-XcoVJ5QshMGWsfhXbKrJBA==/base.apk' with 1 weak references
08-07 15:31:06.778 13053 13053 I RegisteredServicesCache: current user: 0, is managed profile : false
08-07 15:31:06.778 32508 32527 W ndroid.settings: ApkAssets: Deleting an ApkAssets object '<empty> and /system/app/Traceur/Traceur.apk' with 1 weak references
08-07 15:31:06.780 13053 13053 I RegisteredAidCache: updateRoutingLocked(false): Enter
08-07 15:31:06.780 13053 13053 I AidRoutingManager: configureRouting(false): Enter
08-07 15:31:06.780 13053 13053 E AidRoutingManager: Size of routing table970
08-07 15:31:06.780 13053 13053 I RegisteredAidCache: updateRoutingLocked(false): exit
08-07 15:31:06.780 13053 13053 I libnfc_nci: [INFO:NativeT4tNfcee.cpp(870)] nfcManager_isFwSupportNonStdT4TAid Enter isFwSupport = 1
08-07 15:31:06.780 13053 13053 I libnfc_nci: [INFO:SecureElement.cpp(1487)] SecureElement::getEseHandleFromGenericId: enter; ESE-ID = 0x7F
08-07 15:31:06.780 13053 13053 I libnfc_nci: [INFO:SecureElement.cpp(1528)] SecureElement::getEseHandleFromGenericId: enter; ESE-Handle = 0x410
08-07 15:31:06.781 13053 13053 I libnfc_nci: [INFO:SecureElement.cpp(1487)] SecureElement::getEseHandleFromGenericId: enter; ESE-ID = 0x00
08-07 15:31:06.781 13053 13053 I libnfc_nci: [INFO:SecureElement.cpp(1528)] SecureElement::getEseHandleFromGenericId: enter; ESE-Handle = 0x400
08-07 15:31:06.782  7800  7855 I SecureElement-Terminal-eSE1: isSecureElementPresent()
08-07 15:31:06.782  1774  1774 I android.hardware.secure_element-service.qti: isCardPresent
08-07 15:31:06.782  1774  1774 I android.hardware.secure_element-service.qti: isCardPresent exit, cardPresent: 1
08-07 15:31:06.784  7800  7855 I SecureElement-Terminal-SIM1: isSecureElementPresent()
08-07 15:31:06.784  7800  7855 I SecureElement-Terminal-SIM1: isNfcEventAllowed: No access rules for checking.
08-07 15:31:06.784  7800  7855 I SecureElement-Terminal-SIM2: isSecureElementPresent()
08-07 15:31:06.803 14191 14249 I iui.powerkeeper: This is sticky GC, maxfree is 16777216 minfree is 8388608
08-07 15:31:06.837  2474 10061 W ParceledListSlice: Element #10 is 26244 bytes.
08-07 15:31:06.846 32508 32732 E ndroid.settings: Invalid resource ID 0x00000000.
08-07 15:31:06.847 32508 32732 E ndroid.settings: Invalid resource ID 0x00000000.
08-07 15:31:06.850 32508 32732 E ndroid.settings: Invalid resource ID 0x00000000.
08-07 15:31:06.850 32508 32732 E ndroid.settings: Invalid resource ID 0x00000000.
08-07 15:31:06.852  2474 10058 W ParceledListSlice: Element #14 is 26548 bytes.
08-07 15:31:06.854 32508 32732 W AccessibilityDisableLis: get accessibility disable list too slow
08-07 15:31:06.855  2474  8406 I ClipboardServiceI: checkProviderWakePathForClipboard: primaryClip is null
08-07 15:31:06.857  7464  9895 I htmlviewercloudcontrol: isStagingEnv:false param =  accessibility_disable  uriMatch = 1, cluster: cn, version: 570181, traceId: 98011ebf371cd2558a85e5fe8d9c8b96, regId: +4z3RS85+e2U9l+sd6caQ/srGmJCsEbKpG1twyPn1K0CrNNyxYT/yAgGVxm5X+yC
08-07 15:31:06.879  2474 10069 W ParceledListSlice: Element #14 is 26548 bytes.
08-07 15:31:06.880 32508 32732 W AccessibilityDisableLis: get accessibility disable list too slow
08-07 15:31:06.881  7464  9895 I htmlviewercloudcontrol: isStagingEnv:false param =  accessibility_disable  uriMatch = 1, cluster: cn, version: 570181, traceId: 98011ebf371cd2558a85e5fe8d9c8b96, regId: +4z3RS85+e2U9l+sd6caQ/srGmJCsEbKpG1twyPn1K0CrNNyxYT/yAgGVxm5X+yC
08-07 15:31:06.885  2474  2664 W EnhancedConfirmationService: The packageName should not be null.
08-07 15:31:06.886  2474  2664 W MagnificationConnectionManager: requestConnection duplicated request: connect=false, mConnectionState=DISCONNECTED
08-07 15:31:06.889 32508 32732 E ndroid.settings: Invalid resource ID 0x00000000.
08-07 15:31:06.890 32508 32732 E ndroid.settings: Invalid resource ID 0x00000000.
08-07 15:31:06.890 32508 32732 E ndroid.settings: Invalid resource ID 0x00000000.
08-07 15:31:06.891 32508 32732 E ndroid.settings: Invalid resource ID 0x00000000.
08-07 15:31:06.891 32508 32732 E ndroid.settings: Invalid resource ID 0x00000000.
08-07 15:31:06.892 32508 32732 E ndroid.settings: Invalid resource ID 0x00000000.
08-07 15:31:06.895 32508 32732 E ndroid.settings: Invalid resource ID 0x00000000.
08-07 15:31:06.896 32508 32732 E ndroid.settings: Invalid resource ID 0x00000000.
08-07 15:31:06.897 32508 32732 E ndroid.settings: Invalid resource ID 0x00000000.
08-07 15:31:06.897 32508 32732 E ndroid.settings: Invalid resource ID 0x00000000.
08-07 15:31:06.898 32508 32732 E ndroid.settings: Invalid resource ID 0x00000000.
08-07 15:31:06.899 32508 32732 E ndroid.settings: Invalid resource ID 0x00000000.
08-07 15:31:06.909  2474  2664 W TextServicesManagerService: no available spell checker services found
08-07 15:31:06.917  2474  2664 W EnhancedConfirmationService: The packageName should not be null.
08-07 15:31:06.917  2474  2664 W MagnificationConnectionManager: requestConnection duplicated request: connect=false, mConnectionState=DISCONNECTED
08-07 15:31:06.941  2474  2635 I system_server: This is non sticky GC, maxfree is 16777216 minfree is 8388608
08-07 15:31:06.941  2474  2635 I system_server: Background concurrent copying GC freed 23MB AllocSpace bytes, 50(1112KB) LOS objects, 33% free, 96MB/144MB, paused 421us,130us total 296.614ms
08-07 15:31:06.947  1843  3496 I vendor.qti.hardware.display.composer-service: Sensor: notify citsensorservice to trigger cwb, misForced = 0
08-07 15:31:06.947  3050  4554 I libsensor-parseRGB: request dump start for mRequestDisplayId 0
08-07 15:31:06.949 32508 32732 E ndroid.settings: Invalid resource ID 0x00000000.
08-07 15:31:06.950 32508 32732 E ndroid.settings: Invalid resource ID 0x00000000.
08-07 15:31:06.952 32508 32732 E ndroid.settings: Invalid resource ID 0x00000000.
08-07 15:31:06.953 32508 32732 E ndroid.settings: Invalid resource ID 0x00000000.
08-07 15:31:06.954  2474 10058 W ParceledListSlice: Element #14 is 26548 bytes.
08-07 15:31:06.955  2474  2638 W system_server: ApkAssets: Deleting an ApkAssets object '<empty> and /product/app/MIUISecurityInputMethod/MIUISecurityInputMethod.apk' with 1 weak references
08-07 15:31:06.955  2474  2638 W system_server: ApkAssets: Deleting an ApkAssets object '<empty> and /data/app/~~ZUSe5gAgTBU7713OqKSsug==/io.appium.settings-dl_AFlqK-WT4F2TDooZJAA==/base.apk' with 1 weak references
08-07 15:31:06.956 32508 32732 W AccessibilityDisableLis: get accessibility disable list too slow
08-07 15:31:06.957  7464  9895 I htmlviewercloudcontrol: isStagingEnv:false param =  accessibility_disable  uriMatch = 1, cluster: cn, version: 570181, traceId: 98011ebf371cd2558a85e5fe8d9c8b96, regId: +4z3RS85+e2U9l+sd6caQ/srGmJCsEbKpG1twyPn1K0CrNNyxYT/yAgGVxm5X+yC
08-07 15:31:06.961  2474 10058 W ParceledListSlice: Element #14 is 26548 bytes.
08-07 15:31:06.962 32508 32732 W AccessibilityDisableLis: get accessibility disable list too slow
08-07 15:31:06.962  7464  9895 I htmlviewercloudcontrol: isStagingEnv:false param =  accessibility_disable  uriMatch = 1, cluster: cn, version: 570181, traceId: 98011ebf371cd2558a85e5fe8d9c8b96, regId: +4z3RS85+e2U9l+sd6caQ/srGmJCsEbKpG1twyPn1K0CrNNyxYT/yAgGVxm5X+yC
08-07 15:31:06.970 32508 32732 E ndroid.settings: Invalid resource ID 0x00000000.
08-07 15:31:06.970  3050  4604 E libsensor-parseRGB: CWB NotifyCWBBufferDone  error 0
08-07 15:31:06.971 32508 32732 E ndroid.settings: Invalid resource ID 0x00000000.
08-07 15:31:06.972 32508 32732 E ndroid.settings: Invalid resource ID 0x00000000.
08-07 15:31:06.973 32508 32732 E ndroid.settings: Invalid resource ID 0x00000000.
08-07 15:31:06.973 32508 32732 E ndroid.settings: Invalid resource ID 0x00000000.
08-07 15:31:06.974 32508 32732 E ndroid.settings: Invalid resource ID 0x00000000.
08-07 15:31:06.977 32508 32732 E ndroid.settings: Invalid resource ID 0x00000000.
08-07 15:31:06.978 32508 32732 E ndroid.settings: Invalid resource ID 0x00000000.
08-07 15:31:06.978 32508 32732 E ndroid.settings: Invalid resource ID 0x00000000.
08-07 15:31:06.979 32508 32732 E ndroid.settings: Invalid resource ID 0x00000000.
08-07 15:31:06.979 32508 32732 E ndroid.settings: Invalid resource ID 0x00000000.
08-07 15:31:06.980 32508 32732 E ndroid.settings: Invalid resource ID 0x00000000.
08-07 15:31:06.998 32508 32525 I ndroid.settings: This is sticky GC, maxfree is 16777216 minfree is 8388608
08-07 15:31:07.025 11128  7553 W Conscrypt: Could not set socket write timeout: java.net.SocketException: Socket closed
08-07 15:31:07.026 11128  7553 W Conscrypt: 	at com.google.android.gms.org.conscrypt.Platform.setSocketWriteTimeout(:com.google.android.gms@253031035@25.30.31 (260400-786424874):204)
08-07 15:31:07.026 11128  7553 W Conscrypt: 	at com.google.android.gms.org.conscrypt.ConscryptFileDescriptorSocket.setSoWriteTimeout(:com.google.android.gms@253031035@25.30.31 (260400-786424874):4)
08-07 15:31:07.090  2474  7257 I MiuiNetworkPolicy: bandwidth: 0 KB/s, Max bandwidth: 17267 KB/s
08-07 15:31:07.126  1843  2051 I SDM     : DisplayBase::CommitThread: Received idle timeout, panel: cmd, timeout: 70000 us
08-07 15:31:07.148  2474  2745 I SmartPower: com.miui.systemAdSolution/10168(17757): idle->background(10770ms) R(broadcast start Intent { act=android.intent.action.PACKAGE_ADDED dat=package: flg=0x4000010 (has extras) }) adj=100.
08-07 15:31:07.151  2474  2745 I SmartPower: com.android.vending/10124(4702): idle->background(10441ms) R(broadcast start Intent { act=android.intent.action.PACKAGE_ADDED dat=package: flg=0x4000010 (has extras) }) adj=900.
08-07 15:31:07.152  2474  2745 I SmartPower: com.android.vending:background/10124(4802): idle->background(10441ms) R(broadcast start Intent { act=android.intent.action.PACKAGE_ADDED dat=package: flg=0x4000010 (has extras) }) adj=915.
08-07 15:31:07.152  4702  4702 I Finsky  : [2] yag.g(1): yag - Received: android.intent.action.PACKAGE_ADDED, [ba6aLhh3-Swj88yMGIG_P-AP2hqY0z9YBjjyR540gII]
08-07 15:31:07.154 13430 13430 I PackageInstallReceiver: action = android.intent.action.PACKAGE_ADDED packageName = com.hualai
08-07 15:31:07.154 13430 13430 I PackageInstallReceiver: action = android.intent.action.PACKAGE_CHANGED packageName = com.hualai
08-07 15:31:07.154 13430 13430 I ServiceDeliveryCapability: onAppChanged:com.hualai action:android.intent.action.PACKAGE_ADDED
08-07 15:31:07.155 13430 13430 W InstalledPackagesMemoryCache: Unknown action: android.intent.action.PACKAGE_CHANGED
08-07 15:31:07.155 13430 13430 I ServiceDeliveryCapability: onAppChanged:com.hualai action:android.intent.action.PACKAGE_CHANGED
08-07 15:31:07.155 13430 13430 I AppWidgetDelegate: updateAppWidgets for com.hualai
08-07 15:31:07.155 13430 13430 I WidgetController: WidgetController.updateOrRemoveStackWhenPackageChanged: packageName com.hualai
08-07 15:31:07.155 13430 13430 I WidgetBackgroundBlurManager: onAppChanged appPackageName : com.hualai
08-07 15:31:07.155  2474  2745 I SmartPower: com.miui.voiceassist:core/10193(12995): idle->background(10425ms) R(broadcast start Intent { act=android.intent.action.PACKAGE_ADDED dat=package: flg=0x4000010 (has extras) }) adj=100.
08-07 15:31:07.156  2474  2745 I SmartPower: android.process.mediaUI/10261(15474): idle->background(10445ms) R(broadcast start Intent { act=android.intent.action.PACKAGE_ADDED dat=package: flg=0x4000010 (has extras) }) adj=905.
08-07 15:31:07.157  2474  2745 I SmartPower: android.process.acore/10083(15552): idle->background(10432ms) R(broadcast start Intent { act=android.intent.action.PACKAGE_ADDED dat=package: flg=0x4000010 (has extras) }) adj=800.
08-07 15:31:07.157  2474  8406 W ParceledListSlice: Element #20 is 29016 bytes.
08-07 15:31:07.157  2474  2745 I SmartPower: com.xiaomi.aicr:actionprovider/10127(15738): idle->background(10429ms) R(broadcast start Intent { act=android.intent.action.PACKAGE_ADDED dat=package: flg=0x4000010 (has extras) }) adj=700.
08-07 15:31:07.157  2474  2745 I SmartPower: com.google.android.documentsui/10100(14965): idle->background(10429ms) R(broadcast start Intent { act=android.intent.action.PACKAGE_ADDED dat=package: flg=0x4000010 (has extras) }) adj=905.
08-07 15:31:07.158  2474  2745 I SmartPower: com.milink.service:audio/10178(18537): idle->background(10428ms) R(broadcast start Intent { act=android.intent.action.PACKAGE_ADDED dat=package: flg=0x4000010 (has extras) }) adj=200.
08-07 15:31:07.158 13588  9963 I auth    : [XMS][Auth] updatePackageInfos in db cnt: 1
08-07 15:31:07.160  2474  2745 I SmartPower: com.milink.crossdeviceservice/10178(19278): idle->background(10429ms) R(broadcast start Intent { act=android.intent.action.PACKAGE_ADDED dat=package: flg=0x4000010 (has extras) }) adj=915.
08-07 15:31:07.160 12995 12995 I VA_AiConn:ApkConstants: isPhoneCarLinkApp packageName=com.hualai
08-07 15:31:07.161 12995 14768 I VA_AliveCore:AbsCoreManager: msg.what = 1003
08-07 15:31:07.161 12995 14768 E VA_AliveCore:CoreManager: bind thread:id=279;name=CoreAssistInteraction
08-07 15:31:07.161 12995 14768 E VA_AliveCore:CoreManager: not target app
08-07 15:31:07.161 12995 14768 E VA_AliveCore:CoreManager: not target app
08-07 15:31:07.161 12995 14768 I VA_AliveCore:CoreManager: bindAliveServiceApps:com.miui.voicetrigger
08-07 15:31:07.161  2474  2745 I SmartPower: com.miui.gallery/10271(9872): idle->background(10431ms) R(broadcast start Intent { act=android.intent.action.PACKAGE_ADDED dat=package: flg=0x4000010 (has extras) }) adj=915.
08-07 15:31:07.161 12995 14768 I VA_AliveCore:CoreManager: bindAliveServiceApps: services:[ResolveInfo{6e68ea1 com.miui.voicetrigger/.VoiceTriggerService m=0x108000 userHandle=null}]
08-07 15:31:07.161 12995 14768 W VA_AliveConnection: startBind
08-07 15:31:07.161 12995 14768 I VA_AliveConnection: begin unregister
08-07 15:31:07.162 19029 19638 I auth    : [XMS][Auth] updatePackageInfos in db cnt: 1
08-07 15:31:07.162  1843 23593 I SDM     : HWCDisplay::SetActiveConfigWithConstraints: display:66-0, config: 1, WxH 1200x2670, fps 120
08-07 15:31:07.163  1843 23593 W SDM     : HWDeviceDRM::GetSupportedBitClkRate: Requested rate not supported: 1150000000
08-07 15:31:07.163  1843 23593 I SDM     : HWDeviceDRM::UpdateMixerAttributes: Mixer WxH 1200x2670-1 for Peripheral
08-07 15:31:07.163  1843 23593 I SDM     : HWCDisplay::SubmitDisplayConfig: Active configuration changed from config 3 to 1
08-07 15:31:07.163  1843 23593 I SDM     : HWCDisplay::SubmitDisplayConfig: Active WxH 1200x2670 ,ddic_mode:idle, timing_fps: 120, sf_fps: 120
08-07 15:31:07.164  2474  2745 W BroadcastQueue: Greezer Denial: sending Intent { act=android.intent.action.PACKAGE_ADDED dat=package: flg=0x4000010 (has extras) }, action: android.intent.action.PACKAGE_ADDED from null (uid=1000) due to receiver ProcessRecord{2e3ab12 14660:com.instagram.android/u0a289} (uid 10289) need cached broadcast
08-07 15:31:07.164  4702  9001 I Finsky  : [2972] pcp.accept(129): Wrote row to frosting DB: 1734
08-07 15:31:07.165 12995 14768 I VA_AliveConnection: begin register
08-07 15:31:07.165 12995 14768 I VA_AliveConnection: begin unregister
08-07 15:31:07.165  2474  2745 W BroadcastQueue: Greezer Denial: sending Intent { act=android.intent.action.PACKAGE_ADDED dat=package: flg=0x4000010 (has extras) }, action: android.intent.action.PACKAGE_ADDED from null (uid=1000) due to receiver ProcessRecord{d5137e3 13072:com.microsoft.emmx/u0a311} (uid 10311) need cached broadcast
08-07 15:31:07.165  2474  2745 W BroadcastQueue: Greezer Denial: sending Intent { act=android.intent.action.PACKAGE_ADDED dat=package: flg=0x4000010 (has extras) }, action: android.intent.action.PACKAGE_ADDED from null (uid=1000) due to receiver ProcessRecord{447ee47 14014:com.microsoft.office.outlook/u0a323} (uid 10323) need cached broadcast
08-07 15:31:07.165 12995 14768 I VA_AliveConnection: begin register
08-07 15:31:07.166 13430 14174 I AppWidgetDelegate: removeAllWidgets com.android.calendar.widget.NearEventAppWidget
08-07 15:31:07.166 13430 14174 I AppWidgetDelegate: removeAllWidgets com.xiaomi.misettings.usagestats.widget.desktop.widget.SimpleUsageStatsWidget
08-07 15:31:07.166  2474  7257 I MiuiNetworkPolicy: updateUidState uid = 10124, uidState = 11
08-07 15:31:07.166  1843  3496 I vendor.qti.hardware.display.composer-service: Sensor: notify citsensorservice to trigger cwb, misForced = 0
08-07 15:31:07.166  3050  4554 I libsensor-parseRGB: request dump start for mRequestDisplayId 0
08-07 15:31:07.167  2474  2745 I SmartPower: com.miui.voiceassist/10193(22445): idle->background(10437ms) R(broadcast start Intent { act=android.intent.action.PACKAGE_ADDED dat=package: flg=0x4000010 (has extras) }) adj=905.
08-07 15:31:07.167  2474  2745 I SmartPower: com.mfashiongallery.emag/10262(9554): idle->background(10437ms) R(broadcast start Intent { act=android.intent.action.PACKAGE_ADDED dat=package: flg=0x4000010 (has extras) }) adj=905.
08-07 15:31:07.167  2474  2745 I SmartPower: com.android.quicksearchbox/10136(9517): idle->background(10437ms) R(broadcast start Intent { act=android.intent.action.PACKAGE_ADDED dat=package: flg=0x4000010 (has extras) }) adj=905.
08-07 15:31:07.168  2474  2745 I SmartPower: com.xiaomi.gamecenter/10288(7513): idle->background(10436ms) R(broadcast start Intent { act=android.intent.action.PACKAGE_ADDED dat=package: flg=0x4000010 (has extras) }) adj=915.
08-07 15:31:07.168 20053 20133 I com.xiaomi.market:new_milink:SafeBroadcastReceiver: a perform cost 0
08-07 15:31:07.168 20053 20159 I com.xiaomi.market:new_milink:SafeBroadcastReceiver: a perform cost 0
08-07 15:31:07.169 20053  8997 I Market-PackageMonitor: [Download/Install] onReceive: android.intent.action.PACKAGE_ADDED, pkg: com.hualai
08-07 15:31:07.169 12995 14768 W VA_AliveConnection: voicetrigger process isn't running
08-07 15:31:07.170 17757 17834 I Ad      : isPersonalizedAdEnabled getAdSettings: 1
08-07 15:31:07.170  2474  8406 W ParceledListSlice: Element #232 is 19012 bytes.
08-07 15:31:07.172  2474  8755 I ClipboardServiceI: checkProviderWakePathForClipboard: primaryClip is null
08-07 15:31:07.173 15738 15792 E AiCrEngine_E_.ActionProvider.call: enter call: get_ddf_id
08-07 15:31:07.173 20053  8997 I Market-LocalAppManager: add package to list: com.hualai
08-07 15:31:07.175 15738 15792 E AiCrEngine_E_.ActionProvider.checkSignature: checkSignature() sha256: c9009d01ebf9f5d0302bc71b2fe9aa9a47a432bba17308a3111b75d7b2149025
08-07 15:31:07.175 15738 15792 I AiCrEngine_ActionProvider: extras is null
08-07 15:31:07.176 20053  9002 I Market-SubScriptManager: updateMarketSubScript forceShow : false
08-07 15:31:07.176 20053  9002 I Market-SubScriptManager: get count -1
08-07 15:31:07.176 20053 20814 I Market-LocalAppManager: checkUpdateFromServer : start
08-07 15:31:07.176 20053 20814 I Market-LocalAppManager: getUpdateInfoFromServer : start,isBackground=true
08-07 15:31:07.176 22445  8368 I ActionManager: getDDFid: [536936449, 537067522, 8519681, 6684674, 6619137, 65543, 537264129, 6881281, 6946818, 6815745, 7012353, 537591809, 7143425, 7077889, 7405569, 7340033, 7536641, 7471105, 9699329, 7733249, 8060929, 8192001, 8126465, 8257537]
08-07 15:31:07.176 22445  8368 I VA_AgentActionManager: updateDDFId mDDFId:[536936449,537067522,8519681,6684674,6619137,65543,537264129,6881281,6946818,6815745,7012353,537591809,7143425,7077889,7405569,7340033,7536641,7471105,9699329,7733249,8060929,8192001,8126465,8257537]
08-07 15:31:07.177 22445  8368 I VA_PackageUtils: isSupportAllOffline = false
08-07 15:31:07.177 22445  8368 I VA_OfflineDataLoader: reloadModel task begin ...false
08-07 15:31:07.177 12995 14768 I VA_AliveCore:AliveReport: saveStatusTimeToReportDB serviceName: com.miui.voicetrigger Time: 1754551867169 BootOn: true settingOn: false appOn: false
08-07 15:31:07.177 22445  8368 I VA_OfflineDataLoader: reloadModel not forced and network is available,now return
08-07 15:31:07.178 22445 30087 E VA_PackageUtilsV2: getVersionCode: error
08-07 15:31:07.178 22445 30087 E VA_PackageUtilsV2: android.content.pm.PackageManager$NameNotFoundException: com.jingdong.app.mall
08-07 15:31:07.178 22445 30087 E VA_PackageUtilsV2: 	at android.app.ApplicationPackageManager.getPackageInfoAsUser(ApplicationPackageManager.java:276)
08-07 15:31:07.178 22445 30087 E VA_PackageUtilsV2: 	at android.app.ApplicationPackageManager.getPackageInfo(ApplicationPackageManager.java:236)
08-07 15:31:07.178 22445 30087 E VA_PackageUtilsV2: 	at android.app.ApplicationPackageManager.getPackageInfo(ApplicationPackageManager.java:230)
08-07 15:31:07.178 22445 30087 E VA_PackageUtilsV2: 	at m30.r.getVersionCode(SourceFile:44)
08-07 15:31:07.178 22445 30087 E VA_PackageUtilsV2: 	at ez.r0.getVersionCode(SourceFile:1)
08-07 15:31:07.178 22445 30087 E VA_PackageUtilsV2: 	at ff.b.getAccessibilityInfo(SourceFile:93)
08-07 15:31:07.178 22445 30087 E VA_PackageUtilsV2: 	at ff.b.getSimulateClickState(SourceFile:1)
08-07 15:31:07.178 22445 30087 E VA_PackageUtilsV2: 	at com.xiaomi.voiceassistant.u0$a.getSimulateClickState(SourceFile:1)
08-07 15:31:07.178 22445 30087 E VA_PackageUtilsV2: 	at com.xiaomi.voiceassist.engine.context.CacheContext$a.run(SourceFile:14)
08-07 15:31:07.178 22445 30087 E VA_PackageUtilsV2: 	at java.util.concurrent.Executors$RunnableAdapter.call(Executors.java:487)
08-07 15:31:07.178 22445 30087 E VA_PackageUtilsV2: 	at java.util.concurrent.FutureTask.run(FutureTask.java:264)
08-07 15:31:07.178 22445 30087 E VA_PackageUtilsV2: 	at java.util.concurrent.ThreadPoolExecutor.runWorker(ThreadPoolExecutor.java:1251)
08-07 15:31:07.178 22445 30087 E VA_PackageUtilsV2: 	at java.util.concurrent.ThreadPoolExecutor$Worker.run(ThreadPoolExecutor.java:668)
08-07 15:31:07.178 22445 30087 E VA_PackageUtilsV2: 	at java.lang.Thread.run(Thread.java:1012)
08-07 15:31:07.178 22445 30087 E VA_PackageUtilsV2: getVersionCode: error
08-07 15:31:07.178 22445 30087 E VA_PackageUtilsV2: android.content.pm.PackageManager$NameNotFoundException: com.sdu.didi.psnger
08-07 15:31:07.178 22445 30087 E VA_PackageUtilsV2: 	at android.app.ApplicationPackageManager.getPackageInfoAsUser(ApplicationPackageManager.java:276)
08-07 15:31:07.178 22445 30087 E VA_PackageUtilsV2: 	at android.app.ApplicationPackageManager.getPackageInfo(ApplicationPackageManager.java:236)
08-07 15:31:07.178 22445 30087 E VA_PackageUtilsV2: 	at android.app.ApplicationPackageManager.getPackageInfo(ApplicationPackageManager.java:230)
08-07 15:31:07.178 22445 30087 E VA_PackageUtilsV2: 	at m30.r.getVersionCode(SourceFile:44)
08-07 15:31:07.178 22445 30087 E VA_PackageUtilsV2: 	at ez.r0.getVersionCode(SourceFile:1)
08-07 15:31:07.178 22445 30087 E VA_PackageUtilsV2: 	at ff.b.getAccessibilityInfo(SourceFile:93)
08-07 15:31:07.178 22445 30087 E VA_PackageUtilsV2: 	at ff.b.getSimulateClickState(SourceFile:1)
08-07 15:31:07.178 22445 30087 E VA_PackageUtilsV2: 	at com.xiaomi.voiceassistant.u0$a.getSimulateClickState(SourceFile:1)
08-07 15:31:07.178 22445 30087 E VA_PackageUtilsV2: 	at com.xiaomi.voiceassist.engine.context.CacheContext$a.run(SourceFile:14)
08-07 15:31:07.178 22445 30087 E VA_PackageUtilsV2: 	at java.util.concurrent.Executors$RunnableAdapter.call(Executors.java:487)
08-07 15:31:07.178 22445 30087 E VA_PackageUtilsV2: 	at java.util.concurrent.FutureTask.run(FutureTask.java:264)
08-07 15:31:07.178 22445 30087 E VA_PackageUtilsV2: 	at java.util.concurrent.ThreadPoolExecutor.runWorker(ThreadPoolExecutor.java:1251)
08-07 15:31:07.178 22445 30087 E VA_PackageUtilsV2: 	at java.util.concurrent.ThreadPoolExecutor$Worker.run(ThreadPoolExecutor.java:668)
08-07 15:31:07.178 22445 30087 E VA_PackageUtilsV2: 	at java.lang.Thread.run(Thread.java:1012)
08-07 15:31:07.179  1865  1865 I vendor.qti.hardware.servicetrackeraidl-service: bindService is called for service : com.miui.cleanmaster/androidx.work.impl.background.systemjob.SystemJobService and for client system
08-07 15:31:07.179  1865  1865 I vendor.qti.hardware.servicetrackeraidl-service: total connections for service : com.miui.cleanmaster/androidx.work.impl.background.systemjob.SystemJobServiceare :1
08-07 15:31:07.179  1865  1865 I vendor.qti.hardware.servicetrackeraidl-service: total connections for client : systemare :32
08-07 15:31:07.179  2474 19255 W ParceledListSlice: Element #362 is 25752 bytes.
08-07 15:31:07.180  2474  7257 I MiuiNetworkPolicy: updateUidState uid = 10266, uidState = 8
08-07 15:31:07.180 22445 30087 E VA_PackageUtilsV2: getVersionCode: error
08-07 15:31:07.180 22445 30087 E VA_PackageUtilsV2: android.content.pm.PackageManager$NameNotFoundException: com.ximalaya.ting.android
08-07 15:31:07.180 22445 30087 E VA_PackageUtilsV2: 	at android.app.ApplicationPackageManager.getPackageInfoAsUser(ApplicationPackageManager.java:276)
08-07 15:31:07.180 22445 30087 E VA_PackageUtilsV2: 	at android.app.ApplicationPackageManager.getPackageInfo(ApplicationPackageManager.java:236)
08-07 15:31:07.180 22445 30087 E VA_PackageUtilsV2: 	at android.app.ApplicationPackageManager.getPackageInfo(ApplicationPackageManager.java:230)
08-07 15:31:07.180 22445 30087 E VA_PackageUtilsV2: 	at m30.r.getVersionCode(SourceFile:44)
08-07 15:31:07.180 22445 30087 E VA_PackageUtilsV2: 	at ez.r0.getVersionCode(SourceFile:1)
08-07 15:31:07.180 22445 30087 E VA_PackageUtilsV2: 	at ff.b.getAccessibilityInfo(SourceFile:93)
08-07 15:31:07.180 22445 30087 E VA_PackageUtilsV2: 	at ff.b.getSimulateClickState(SourceFile:1)
08-07 15:31:07.180 22445 30087 E VA_PackageUtilsV2: 	at com.xiaomi.voiceassistant.u0$a.getSimulateClickState(SourceFile:1)
08-07 15:31:07.180 22445 30087 E VA_PackageUtilsV2: 	at com.xiaomi.voiceassist.engine.context.CacheContext$a.run(SourceFile:14)
08-07 15:31:07.180 22445 30087 E VA_PackageUtilsV2: 	at java.util.concurrent.Executors$RunnableAdapter.call(Executors.java:487)
08-07 15:31:07.180 22445 30087 E VA_PackageUtilsV2: 	at java.util.concurrent.FutureTask.run(FutureTask.java:264)
08-07 15:31:07.180 22445 30087 E VA_PackageUtilsV2: 	at java.util.concurrent.ThreadPoolExecutor.runWorker(ThreadPoolExecutor.java:1251)
08-07 15:31:07.180 22445 30087 E VA_PackageUtilsV2: 	at java.util.concurrent.ThreadPoolExecutor$Worker.run(ThreadPoolExecutor.java:668)
08-07 15:31:07.180 22445 30087 E VA_PackageUtilsV2: 	at java.lang.Thread.run(Thread.java:1012)
08-07 15:31:07.181  9799  9799 I Market-BaseWidgetProvider: BaseWidgetProvider action:com.xiaomi.market.APP_STATUS_CHANGED
08-07 15:31:07.181  9799  9799 I Market-newGameWidgetProvider: newGameWidgetProvider action: com.xiaomi.market.APP_STATUS_CHANGED
08-07 15:31:07.181 22445 30087 E VA_PackageUtilsV2: getVersionCode: error
08-07 15:31:07.181 22445 30087 E VA_PackageUtilsV2: android.content.pm.PackageManager$NameNotFoundException: com.mobike.mobikeapp
08-07 15:31:07.181 22445 30087 E VA_PackageUtilsV2: 	at android.app.ApplicationPackageManager.getPackageInfoAsUser(ApplicationPackageManager.java:276)
08-07 15:31:07.181 22445 30087 E VA_PackageUtilsV2: 	at android.app.ApplicationPackageManager.getPackageInfo(ApplicationPackageManager.java:236)
08-07 15:31:07.181 22445 30087 E VA_PackageUtilsV2: 	at android.app.ApplicationPackageManager.getPackageInfo(ApplicationPackageManager.java:230)
08-07 15:31:07.181 22445 30087 E VA_PackageUtilsV2: 	at m30.r.getVersionCode(SourceFile:44)
08-07 15:31:07.181 22445 30087 E VA_PackageUtilsV2: 	at ez.r0.getVersionCode(SourceFile:1)
08-07 15:31:07.181 22445 30087 E VA_PackageUtilsV2: 	at ff.b.getAccessibilityInfo(SourceFile:93)
08-07 15:31:07.181 22445 30087 E VA_PackageUtilsV2: 	at ff.b.getSimulateClickState(SourceFile:1)
08-07 15:31:07.181 22445 30087 E VA_PackageUtilsV2: 	at com.xiaomi.voiceassistant.u0$a.getSimulateClickState(SourceFile:1)
08-07 15:31:07.181 22445 30087 E VA_PackageUtilsV2: 	at com.xiaomi.voiceassist.engine.context.CacheContext$a.run(SourceFile:14)
08-07 15:31:07.181 22445 30087 E VA_PackageUtilsV2: 	at java.util.concurrent.Executors$RunnableAdapter.call(Executors.java:487)
08-07 15:31:07.181 22445 30087 E VA_PackageUtilsV2: 	at java.util.concurrent.FutureTask.run(FutureTask.java:264)
08-07 15:31:07.181 22445 30087 E VA_PackageUtilsV2: 	at java.util.concurrent.ThreadPoolExecutor.runWorker(ThreadPoolExecutor.java:1251)
08-07 15:31:07.181 22445 30087 E VA_PackageUtilsV2: 	at java.util.concurrent.ThreadPoolExecutor$Worker.run(ThreadPoolExecutor.java:668)
08-07 15:31:07.181 22445 30087 E VA_PackageUtilsV2: 	at java.lang.Thread.run(Thread.java:1012)
08-07 15:31:07.182 22445 30087 E VA_PackageUtilsV2: getVersionCode: error
08-07 15:31:07.182 22445 30087 E VA_PackageUtilsV2: android.content.pm.PackageManager$NameNotFoundException: so.ofo.labofo
08-07 15:31:07.182 22445 30087 E VA_PackageUtilsV2: 	at android.app.ApplicationPackageManager.getPackageInfoAsUser(ApplicationPackageManager.java:276)
08-07 15:31:07.182 22445 30087 E VA_PackageUtilsV2: 	at android.app.ApplicationPackageManager.getPackageInfo(ApplicationPackageManager.java:236)
08-07 15:31:07.182 22445 30087 E VA_PackageUtilsV2: 	at android.app.ApplicationPackageManager.getPackageInfo(ApplicationPackageManager.java:230)
08-07 15:31:07.182 22445 30087 E VA_PackageUtilsV2: 	at m30.r.getVersionCode(SourceFile:44)
08-07 15:31:07.182 22445 30087 E VA_PackageUtilsV2: 	at ez.r0.getVersionCode(SourceFile:1)
08-07 15:31:07.182 22445 30087 E VA_PackageUtilsV2: 	at ff.b.getAccessibilityInfo(SourceFile:93)
08-07 15:31:07.182 22445 30087 E VA_PackageUtilsV2: 	at ff.b.getSimulateClickState(SourceFile:1)
08-07 15:31:07.182 22445 30087 E VA_PackageUtilsV2: 	at com.xiaomi.voiceassistant.u0$a.getSimulateClickState(SourceFile:1)
08-07 15:31:07.182 22445 30087 E VA_PackageUtilsV2: 	at com.xiaomi.voiceassist.engine.context.CacheContext$a.run(SourceFile:14)
08-07 15:31:07.182 22445 30087 E VA_PackageUtilsV2: 	at java.util.concurrent.Executors$RunnableAdapter.call(Executors.java:487)
08-07 15:31:07.182 22445 30087 E VA_PackageUtilsV2: 	at java.util.concurrent.FutureTask.run(FutureTask.java:264)
08-07 15:31:07.182 22445 30087 E VA_PackageUtilsV2: 	at java.util.concurrent.ThreadPoolExecutor.runWorker(ThreadPoolExecutor.java:1251)
08-07 15:31:07.182 22445 30087 E VA_PackageUtilsV2: 	at java.util.concurrent.ThreadPoolExecutor$Worker.run(ThreadPoolExecutor.java:668)
08-07 15:31:07.182 22445 30087 E VA_PackageUtilsV2: 	at java.lang.Thread.run(Thread.java:1012)
08-07 15:31:07.182 22445 22485 I VA_AliveCore:ContentObserver: onChange uri = [content://com.xiaomi.assist.report/aliveStatus]
08-07 15:31:07.182 12995 14768 W VA_AliveConnection: service don't need bind
08-07 15:31:07.182 22445  8368 I VA_AliveCore:AliveStatusUploader: queryAliveItem start ,debug false
08-07 15:31:07.182 12995 14768 W VA_AliveConnection: unLinkService:ComponentInfo{com.miui.voicetrigger/com.miui.voicetrigger.VoiceTriggerService}
08-07 15:31:07.182 22445  8368 I VA_AliveCore:AliveStatusUploader: queryAliveItem end ,too often 
08-07 15:31:07.182 22445 30087 E VA_PackageUtilsV2: getVersionCode: error
08-07 15:31:07.182 22445 30087 E VA_PackageUtilsV2: android.content.pm.PackageManager$NameNotFoundException: com.kugou.android
08-07 15:31:07.182 22445 30087 E VA_PackageUtilsV2: 	at android.app.ApplicationPackageManager.getPackageInfoAsUser(ApplicationPackageManager.java:276)
08-07 15:31:07.182 22445 30087 E VA_PackageUtilsV2: 	at android.app.ApplicationPackageManager.getPackageInfo(ApplicationPackageManager.java:236)
08-07 15:31:07.182 22445 30087 E VA_PackageUtilsV2: 	at android.app.ApplicationPackageManager.getPackageInfo(ApplicationPackageManager.java:230)
08-07 15:31:07.182 22445 30087 E VA_PackageUtilsV2: 	at m30.r.getVersionCode(SourceFile:44)
08-07 15:31:07.182 22445 30087 E VA_PackageUtilsV2: 	at ez.r0.getVersionCode(SourceFile:1)
08-07 15:31:07.182 22445 30087 E VA_PackageUtilsV2: 	at ff.b.getAccessibilityInfo(SourceFile:93)
08-07 15:31:07.182 22445 30087 E VA_PackageUtilsV2: 	at ff.b.getSimulateClickState(SourceFile:1)
08-07 15:31:07.182 22445 30087 E VA_PackageUtilsV2: 	at com.xiaomi.voiceassistant.u0$a.getSimulateClickState(SourceFile:1)
08-07 15:31:07.182 22445 30087 E VA_PackageUtilsV2: 	at com.xiaomi.voiceassist.engine.context.CacheContext$a.run(SourceFile:14)
08-07 15:31:07.182 22445 30087 E VA_PackageUtilsV2: 	at java.util.concurrent.Executors$RunnableAdapter.call(Executors.java:487)
08-07 15:31:07.182 22445 30087 E VA_PackageUtilsV2: 	at java.util.concurrent.FutureTask.run(FutureTask.java:264)
08-07 15:31:07.182 22445 30087 E VA_PackageUtilsV2: 	at java.util.concurrent.ThreadPoolExecutor.runWorker(ThreadPoolExecutor.java:1251)
08-07 15:31:07.182 22445 30087 E VA_PackageUtilsV2: 	at java.util.concurrent.ThreadPoolExecutor$Worker.run(ThreadPoolExecutor.java:668)
08-07 15:31:07.182 22445 30087 E VA_PackageUtilsV2: 	at java.lang.Thread.run(Thread.java:1012)
08-07 15:31:07.182 20053 20814 I Market-LocalAppManager: getUpdateInfoFromServer : middle
08-07 15:31:07.182 20053 20814 E Market-Client: isSupportChildMode, error: java.lang.NumberFormatException: For input string: ""
08-07 15:31:07.183 22445 30087 E VA_PackageUtilsV2: getVersionCode: error
08-07 15:31:07.183 22445 30087 E VA_PackageUtilsV2: android.content.pm.PackageManager$NameNotFoundException: com.netease.cloudmusic
08-07 15:31:07.183 22445 30087 E VA_PackageUtilsV2: 	at android.app.ApplicationPackageManager.getPackageInfoAsUser(ApplicationPackageManager.java:276)
08-07 15:31:07.183 22445 30087 E VA_PackageUtilsV2: 	at android.app.ApplicationPackageManager.getPackageInfo(ApplicationPackageManager.java:236)
08-07 15:31:07.183 22445 30087 E VA_PackageUtilsV2: 	at android.app.ApplicationPackageManager.getPackageInfo(ApplicationPackageManager.java:230)
08-07 15:31:07.183 22445 30087 E VA_PackageUtilsV2: 	at m30.r.getVersionCode(SourceFile:44)
08-07 15:31:07.183 22445 30087 E VA_PackageUtilsV2: 	at ez.r0.getVersionCode(SourceFile:1)
08-07 15:31:07.183 22445 30087 E VA_PackageUtilsV2: 	at ff.b.getAccessibilityInfo(SourceFile:93)
08-07 15:31:07.183 22445 30087 E VA_PackageUtilsV2: 	at ff.b.getSimulateClickState(SourceFile:1)
08-07 15:31:07.183 22445 30087 E VA_PackageUtilsV2: 	at com.xiaomi.voiceassistant.u0$a.getSimulateClickState(SourceFile:1)
08-07 15:31:07.183 22445 30087 E VA_PackageUtilsV2: 	at com.xiaomi.voiceassist.engine.context.CacheContext$a.run(SourceFile:14)
08-07 15:31:07.183 22445 30087 E VA_PackageUtilsV2: 	at java.util.concurrent.Executors$RunnableAdapter.call(Executors.java:487)
08-07 15:31:07.183 22445 30087 E VA_PackageUtilsV2: 	at java.util.concurrent.FutureTask.run(FutureTask.java:264)
08-07 15:31:07.183 22445 30087 E VA_PackageUtilsV2: 	at java.util.concurrent.ThreadPoolExecutor.runWorker(ThreadPoolExecutor.java:1251)
08-07 15:31:07.183 22445 30087 E VA_PackageUtilsV2: 	at java.util.concurrent.ThreadPoolExecutor$Worker.run(ThreadPoolExecutor.java:668)
08-07 15:31:07.183 22445 30087 E VA_PackageUtilsV2: 	at java.lang.Thread.run(Thread.java:1012)
08-07 15:31:07.183 12995 14768 W VA_AliveConnection: service does not bind now. ComponentInfo{com.miui.voicetrigger/com.miui.voicetrigger.VoiceTriggerService}
08-07 15:31:07.184 22445 30087 E VA_PackageUtilsV2: getVersionCode: error
08-07 15:31:07.184 22445 30087 E VA_PackageUtilsV2: android.content.pm.PackageManager$NameNotFoundException: com.tencent.qqmusic
08-07 15:31:07.184 22445 30087 E VA_PackageUtilsV2: 	at android.app.ApplicationPackageManager.getPackageInfoAsUser(ApplicationPackageManager.java:276)
08-07 15:31:07.184 22445 30087 E VA_PackageUtilsV2: 	at android.app.ApplicationPackageManager.getPackageInfo(ApplicationPackageManager.java:236)
08-07 15:31:07.184 22445 30087 E VA_PackageUtilsV2: 	at android.app.ApplicationPackageManager.getPackageInfo(ApplicationPackageManager.java:230)
08-07 15:31:07.184 22445 30087 E VA_PackageUtilsV2: 	at m30.r.getVersionCode(SourceFile:44)
08-07 15:31:07.184 22445 30087 E VA_PackageUtilsV2: 	at ez.r0.getVersionCode(SourceFile:1)
08-07 15:31:07.184 22445 30087 E VA_PackageUtilsV2: 	at ff.b.getAccessibilityInfo(SourceFile:93)
08-07 15:31:07.184 22445 30087 E VA_PackageUtilsV2: 	at ff.b.getSimulateClickState(SourceFile:1)
08-07 15:31:07.184 22445 30087 E VA_PackageUtilsV2: 	at com.xiaomi.voiceassistant.u0$a.getSimulateClickState(SourceFile:1)
08-07 15:31:07.184 22445 30087 E VA_PackageUtilsV2: 	at com.xiaomi.voiceassist.engine.context.CacheContext$a.run(SourceFile:14)
08-07 15:31:07.184 22445 30087 E VA_PackageUtilsV2: 	at java.util.concurrent.Executors$RunnableAdapter.call(Executors.java:487)
08-07 15:31:07.184 22445 30087 E VA_PackageUtilsV2: 	at java.util.concurrent.FutureTask.run(FutureTask.java:264)
08-07 15:31:07.184 22445 30087 E VA_PackageUtilsV2: 	at java.util.concurrent.ThreadPoolExecutor.runWorker(ThreadPoolExecutor.java:1251)
08-07 15:31:07.184 22445 30087 E VA_PackageUtilsV2: 	at java.util.concurrent.ThreadPoolExecutor$Worker.run(ThreadPoolExecutor.java:668)
08-07 15:31:07.184 22445 30087 E VA_PackageUtilsV2: 	at java.lang.Thread.run(Thread.java:1012)
08-07 15:31:07.185 22445 30087 E VA_PackageUtilsV2: getVersionCode: error
08-07 15:31:07.185 22445 30087 E VA_PackageUtilsV2: android.content.pm.PackageManager$NameNotFoundException: com.qiyi.video
08-07 15:31:07.185 22445 30087 E VA_PackageUtilsV2: 	at android.app.ApplicationPackageManager.getPackageInfoAsUser(ApplicationPackageManager.java:276)
08-07 15:31:07.185 22445 30087 E VA_PackageUtilsV2: 	at android.app.ApplicationPackageManager.getPackageInfo(ApplicationPackageManager.java:236)
08-07 15:31:07.185 22445 30087 E VA_PackageUtilsV2: 	at android.app.ApplicationPackageManager.getPackageInfo(ApplicationPackageManager.java:230)
08-07 15:31:07.185 22445 30087 E VA_PackageUtilsV2: 	at m30.r.getVersionCode(SourceFile:44)
08-07 15:31:07.185 22445 30087 E VA_PackageUtilsV2: 	at ez.r0.getVersionCode(SourceFile:1)
08-07 15:31:07.185 22445 30087 E VA_PackageUtilsV2: 	at ff.b.getAccessibilityInfo(SourceFile:93)
08-07 15:31:07.185 22445 30087 E VA_PackageUtilsV2: 	at ff.b.getSimulateClickState(SourceFile:1)
08-07 15:31:07.185 22445 30087 E VA_PackageUtilsV2: 	at com.xiaomi.voiceassistant.u0$a.getSimulateClickState(SourceFile:1)
08-07 15:31:07.185 22445 30087 E VA_PackageUtilsV2: 	at com.xiaomi.voiceassist.engine.context.CacheContext$a.run(SourceFile:14)
08-07 15:31:07.185 22445 30087 E VA_PackageUtilsV2: 	at java.util.concurrent.Executors$RunnableAdapter.call(Executors.java:487)
08-07 15:31:07.185 22445 30087 E VA_PackageUtilsV2: 	at java.util.concurrent.FutureTask.run(FutureTask.java:264)
08-07 15:31:07.185 22445 30087 E VA_PackageUtilsV2: 	at java.util.concurrent.ThreadPoolExecutor.runWorker(ThreadPoolExecutor.java:1251)
08-07 15:31:07.185 22445 30087 E VA_PackageUtilsV2: 	at java.util.concurrent.ThreadPoolExecutor$Worker.run(ThreadPoolExecutor.java:668)
08-07 15:31:07.185 22445 30087 E VA_PackageUtilsV2: 	at java.lang.Thread.run(Thread.java:1012)
08-07 15:31:07.185  4702  4740 I Finsky  : [2556] kwt.a(55): AIM: AppInfoManager-Perf > OnDeviceAppInfo > cacheHitCount=0, cacheMissCount=1. Missed  in cache (limit 10) : [com.hualai]
08-07 15:31:07.185  4702  4740 I Finsky  : [2556] kuq.apply(1378): AIM: Got app ownership map. App counts: . Unique apps: 0
08-07 15:31:07.188  3050 25119 E libsensor-parseRGB: CWB NotifyCWBBufferDone  error 0
08-07 15:31:07.188  2474  8251 I NetworkAccelerateSwitchService: EVENT_RSSI_POLL. mRssiPoll=true
08-07 15:31:07.188  2474  8251 I NetworkAccelerateSwitchService: getAverageWifiRssi:49
08-07 15:31:07.191 20053 20814 I Market-RetrofitRequest: callStart : https://updateinfo.market.xiaomi.com/apm/updateinfo/v2
08-07 15:31:07.191 17558  9757 I WM-WorkerWrapper: Worker result SUCCESS for Work [ id=b600904c-71fc-4fcd-8738-5cd5104525fb, tags={ com.miui.optimizecenter.common.appcache.AppCacheManager$Companion$AppChangedReceiverWork } ]
08-07 15:31:07.192  2474  7379 I whetstone.activity: processNotifyEvent1 resId = 256, bundle = Bundle[{startTime=476491509, sourcePkg=com.miui.cleanmaster, sourceUid=10266, status=1, jobId=657, batteryName=com.miui.cleanmaster/androidx.work.impl.background.systemjob.SystemJobService, elapsedRealtime=476491509}]
08-07 15:31:07.194 14191 14255 I EventMonitor: notifyEvent resId=256
08-07 15:31:07.194 22445 30087 E VA_PackageUtilsV2: getVersionCode: error
08-07 15:31:07.194 22445 30087 E VA_PackageUtilsV2: android.content.pm.PackageManager$NameNotFoundException: com.tencent.qqlive
08-07 15:31:07.194 22445 30087 E VA_PackageUtilsV2: 	at android.app.ApplicationPackageManager.getPackageInfoAsUser(ApplicationPackageManager.java:276)
08-07 15:31:07.194 22445 30087 E VA_PackageUtilsV2: 	at android.app.ApplicationPackageManager.getPackageInfo(ApplicationPackageManager.java:236)
