08-07 15:30:53.963 13710 14406 I BeautyService: registerActivityChangeListener: [com.unionpay, com.whatsapp, com.tencent.mm, cn.gov.tax.its, com.facebook.orca, com.tencent.wemeet.app, com.ss.android.lark, com.icbc, com.ss.android.ugc.aweme, com.google.android.apps.meetings, com.tencent.mm, com.ecitic.bank.mobile, cn.com.spdb.mobilebank.per, com.tencent.mobileqq, com.tencent.mobileqq, com.tencent.mm, cn.eeo.classin, com.tencent.tim, com.whatsapp.w4b, com.ss.android.lark.kami, com.ss.android.lark.kami, com.xingin.xhs, com.netease.cloudmusic, com.google.android.apps.tachyon, us.zoom.videomeetings, com.xiaomi.aiasst.vision, com.facebook.orca, com.skype.raider, com.kuaishou.nebula, com.google.android.dialer, com.microsoft.teams, com.instagram.android, cmb.pb, com.cmbchina.ccd.pluto.cmbActivity, com.alibaba.android.rimet, com.google.android.apps.tachyon, com.tencent.mobileqq, com.tencent.wework, jp.naver.line.android, com.tencent.wework, com.alibaba.android.rimet, com.android.incallui, com.tencent.wework, com.ss.android.lark, com.smile.gifmaker, com.tencent.mm, us.zoom.videomeetings, com.android.bankabc, com.ss.android.ugc.trill, org.telegram.messenger, com.whatsapp, com.whatsapp, us.zoom.videomeetings, com.jd.jrapp, com.cisco.wx2.android, com.bankcomm.Bankcomm, com.mipay.wallet, com.ss.android.ugc.aweme.lite, com.ss.android.lark, com.ss.android.lark, com.ss.android.lark.kami, com.milink.service] [com.unionpay.liveness.ui.LivenessActivity, com.whatsapp.voipcalling.VoipActivityV2, com.tencent.mm.plugin.flash.FaceFlashUI, com.google.zxing.client.android.CaptureActivity, com.facebook.messaging.rtc.incall.activity.InCallActivity, com.tencent.wemeet.sdk.meeting.inmeeting.InMeetingActivity, com.ss.android.vc.meeting.module.multi.ByteRTCMeetingActivity, com.icbc.icbcbasfaceenc.activity.BASFaceNewActivity, com.ss.android.ugc.aweme.shortvideo.ui.VideoRecordNewActivity, com.google.android.libraries.communications.conference.ui.callui.SingleCallActivity, com.tencent.mm.plugin.flutter.ui.CachedFlutterActivity, com.ecitic.bank.mobile.ui.megvii.activity.LivenessPluginActivity, com.spdb.hybrid.face.activity.FaceVerificationActivity, com.tencent.av.ui.VideoInviteFull, com.tencent.av.ui.VideoInviteLock, com.tencent.mm.plugin.voip.ui.VideoActivity, cn.eeo.liveroom.ClassRoomActivity, com.tencent.av.ui.AVActivity, com.whatsapp.voipcalling.VoipActivityV2, com.ss.android.vc.meeting.module.multi.ByteRTCMeetingActivityInstance, com.ss.android.vc.meeting.module.multi.ByteRTCMeetingActivityAffinity, com.xingin.capa.lib.entrance.CapaEntranceActivity, com.netease.cloudmusic.music.biz.mlogpublish.launcher.PublishVideoMLogLaunchActivity, com.google.android.libraries.communications.conference.ui.callui.SingleCallActivity, com.zipow.videobox.conference.ui.ZmConfActivity, com.xiaomi.aiasst.vision.ui.translation.srceentranslate.ScreenTranslateSplitActivity, com.facebook.rtc.activities.InCallActivity, com.skype.m2.views.CallScreen, com.yxcorp.gifshow.camera.record.CameraActivity, com.android.dialer.incall.activity.ui.InCallActivity, com.microsoft.skype.teams.views.activities.InCallActivity, com.instagram.mainactivity.MainActivity, com.cmb.rbslivedetectsdk.yitu.YituLivenessActivity, com.cmbchina.ccd.pluto.cmbActivity.secplugin.activity.certification.facepp.cmbG1EXBD, com.alibaba.android.teleconf.mozi.activity.TeleVideoConfEasygoActivity, com.google.android.apps.tachyon.call.oneonone.ui.OneOnOneCallActivity, com.tencent.av.ui.AVActivity, com.tencent.wemeet.sdk.meeting.inmeeting.InMeetingActivity, com.linecorp.voip2.service.VoIPServiceActivity, com.tencent.wework.meeting.ilink.flutter.ILinkMeetingActivity, com.alibaba.android.teleconf.mozi.activity.TeleVideoConfActivity, com.android.incallui.InCallActivity, com.tencent.wework.multitalk.controller.VoipCallActivity, com.ss.android.vc.meeting.module.preview.facade.MeetingPreviewActivity, com.yxcorp.gifshow.camera.record.CameraActivity, com.tencent.mm.plugin.multitalk.ui.MultiTalkMainUI, com.zipow.videobox.IMActivity, cn.cloudwalk.libproject.LiveActivity, com.ss.android.ugc.aweme.shortvideo.ui.VideoRecordNewActivity, org.
--------- beginning of system
08-07 15:30:53.964  2474  2474 W NotificationHistory: Attempted to add notif for locked/gone/disabled user 0
08-07 15:30:53.965 13710 15134 I CloudControlHelper: loadCleanerSettings
08-07 15:30:53.965  7464 11323 I htmlviewercloudcontrol: isStagingEnv:false param =  CleanerSettings  uriMatch = 2, cluster: cn, version: 570181, traceId: 98011ebf371cd2558a85e5fe8d9c8b96, regId: +4z3RS85+e2U9l+sd6caQ/srGmJCsEbKpG1twyPn1K0CrNNyxYT/yAgGVxm5X+yC
08-07 15:30:53.967  7464 11323 I htmlviewercloudcontrol: isStagingEnv:false param =  CleanerSettings  uriMatch = 2, cluster: cn, version: 570181, traceId: 98011ebf371cd2558a85e5fe8d9c8b96, regId: +4z3RS85+e2U9l+sd6caQ/srGmJCsEbKpG1twyPn1K0CrNNyxYT/yAgGVxm5X+yC
08-07 15:30:53.969  7464 11323 I htmlviewercloudcontrol: isStagingEnv:false param =  CleanerSettings  uriMatch = 2, cluster: cn, version: 570181, traceId: 98011ebf371cd2558a85e5fe8d9c8b96, regId: +4z3RS85+e2U9l+sd6caQ/srGmJCsEbKpG1twyPn1K0CrNNyxYT/yAgGVxm5X+yC
08-07 15:30:53.971 13710 15134 I CloudControlHelper: stateOpen : 1  ,appMinSize : 5000000  ,rules : 
08-07 15:30:53.971  7464 11323 I htmlviewercloudcontrol: isStagingEnv:false param =  GbVtbAppListSettings  uriMatch = 2, cluster: cn, version: 570181, traceId: 98011ebf371cd2558a85e5fe8d9c8b96, regId: +4z3RS85+e2U9l+sd6caQ/srGmJCsEbKpG1twyPn1K0CrNNyxYT/yAgGVxm5X+yC
08-07 15:30:53.972  7890  7890 E NotifCollection: No notification to remove with key 0|com.xiaomi.market|198285359|null|10167 reason=0:REASON_UNKNOWN
08-07 15:30:53.973 13710 15134 I RemoteDirDataManager: timeInterval=3
08-07 15:30:53.973 13710 14599 E FileUtils: getPackageListFromData fail!
08-07 15:30:53.973 13710 14599 E FileUtils: getPackageListFromData fail!
08-07 15:30:53.973  7464 11323 I htmlviewercloudcontrol: isStagingEnv:false param =  OptimizeSettings  uriMatch = 2, cluster: cn, version: 570181, traceId: 98011ebf371cd2558a85e5fe8d9c8b96, regId: +4z3RS85+e2U9l+sd6caQ/srGmJCsEbKpG1twyPn1K0CrNNyxYT/yAgGVxm5X+yC
08-07 15:30:53.973 13710 14599 E FileUtils: getPackageListFromData fail!
08-07 15:30:53.975  7464 11323 I htmlviewercloudcontrol: isStagingEnv:false param =  OptimizeSettings  uriMatch = 2, cluster: cn, version: 570181, traceId: 98011ebf371cd2558a85e5fe8d9c8b96, regId: +4z3RS85+e2U9l+sd6caQ/srGmJCsEbKpG1twyPn1K0CrNNyxYT/yAgGVxm5X+yC
08-07 15:30:53.976  7464 11323 I htmlviewercloudcontrol: isStagingEnv:false param =  OptimizeSettings  uriMatch = 2, cluster: cn, version: 570181, traceId: 98011ebf371cd2558a85e5fe8d9c8b96, regId: +4z3RS85+e2U9l+sd6caQ/srGmJCsEbKpG1twyPn1K0CrNNyxYT/yAgGVxm5X+yC
08-07 15:30:53.978  7464 11323 I htmlviewercloudcontrol: isStagingEnv:false param =  OptimizeSettings  uriMatch = 2, cluster: cn, version: 570181, traceId: 98011ebf371cd2558a85e5fe8d9c8b96, regId: +4z3RS85+e2U9l+sd6caQ/srGmJCsEbKpG1twyPn1K0CrNNyxYT/yAgGVxm5X+yC
08-07 15:30:53.980  7464 11323 I htmlviewercloudcontrol: isStagingEnv:false param =  SecuritySettings  uriMatch = 2, cluster: cn, version: 570181, traceId: 98011ebf371cd2558a85e5fe8d9c8b96, regId: +4z3RS85+e2U9l+sd6caQ/srGmJCsEbKpG1twyPn1K0CrNNyxYT/yAgGVxm5X+yC
08-07 15:30:53.981  7464 11323 I htmlviewercloudcontrol: isStagingEnv:false param =  SecuritySettings  uriMatch = 2, cluster: cn, version: 570181, traceId: 98011ebf371cd2558a85e5fe8d9c8b96, regId: +4z3RS85+e2U9l+sd6caQ/srGmJCsEbKpG1twyPn1K0CrNNyxYT/yAgGVxm5X+yC
08-07 15:30:53.983  7464 11323 I htmlviewercloudcontrol: isStagingEnv:false param =  SecuritySettings  uriMatch = 2, cluster: cn, version: 570181, traceId: 98011ebf371cd2558a85e5fe8d9c8b96, regId: +4z3RS85+e2U9l+sd6caQ/srGmJCsEbKpG1twyPn1K0CrNNyxYT/yAgGVxm5X+yC
08-07 15:30:53.984  7464 11323 I htmlviewercloudcontrol: isStagingEnv:false param =  SecuritySettings  uriMatch = 2, cluster: cn, version: 570181, traceId: 98011ebf371cd2558a85e5fe8d9c8b96, regId: +4z3RS85+e2U9l+sd6caQ/srGmJCsEbKpG1twyPn1K0CrNNyxYT/yAgGVxm5X+yC
08-07 15:30:53.985  7464 11323 I htmlviewercloudcontrol: isStagingEnv:false param =  SecuritySettings  uriMatch = 2, cluster: cn, version: 570181, traceId: 98011ebf371cd2558a85e5fe8d9c8b96, regId: +4z3RS85+e2U9l+sd6caQ/srGmJCsEbKpG1twyPn1K0CrNNyxYT/yAgGVxm5X+yC
08-07 15:30:53.987  7464 11323 I htmlviewercloudcontrol: isStagingEnv:false param =  Personal_Safety  uriMatch = 2, cluster: cn, version: 570181, traceId: 98011ebf371cd2558a85e5fe8d9c8b96, regId: +4z3RS85+e2U9l+sd6caQ/srGmJCsEbKpG1twyPn1K0CrNNyxYT/yAgGVxm5X+yC
08-07 15:30:53.988  7464 11323 I htmlviewercloudcontrol: isStagingEnv:false param =  Personal_Safety  uriMatch = 2, cluster: cn, version: 570181, traceId: 98011ebf371cd2558a85e5fe8d9c8b96, regId: +4z3RS85+e2U9l+sd6caQ/srGmJCsEbKpG1twyPn1K0CrNNyxYT/yAgGVxm5X+yC
08-07 15:30:53.990 13710 15134 W ContextImpl: Calling a method in the system process without a qualified user: android.app.ContextImpl.sendBroadcast:1275 android.content.ContextWrapper.sendBroadcast:527 com.miui.securitycenter.service.ConnectivityChangeJobService2$d.d:21 com.miui.securitycenter.service.ConnectivityChangeJobService2$d.run:247 v4.f$a.run:33 
08-07 15:30:53.991  7464 11323 I htmlviewercloudcontrol: isStagingEnv:false param =  local_notification_mode  uriMatch = 2, cluster: cn, version: 570181, traceId: 98011ebf371cd2558a85e5fe8d9c8b96, regId: +4z3RS85+e2U9l+sd6caQ/srGmJCsEbKpG1twyPn1K0CrNNyxYT/yAgGVxm5X+yC
08-07 15:30:53.992 13710 15134 I LocalNotificationMgr: mode: 0
08-07 15:30:53.992  7464 11323 I htmlviewercloudcontrol: isStagingEnv:false param =  local_notification_blocks  uriMatch = 1, cluster: cn, version: 570181, traceId: 98011ebf371cd2558a85e5fe8d9c8b96, regId: +4z3RS85+e2U9l+sd6caQ/srGmJCsEbKpG1twyPn1K0CrNNyxYT/yAgGVxm5X+yC
08-07 15:30:53.993 13710 15134 E LocalNotificationMgr: No notification cloud data! reset mode to 0 and clear list
08-07 15:30:53.994 20053  9031 I Market-RetrofitRequest: connectEnd : https://updateinfo.market.xiaomi.com/apm/updateinfo/v2, IP = 111.62.122.37
08-07 15:30:53.995 20053  9031 I Market-LimitSpeedManager: startLimitSpeedNow() ====== speed = 32768
08-07 15:30:53.999 20053  9031 I Market-DownloadLimitSpeedManager: startLimitSpeed success. Total count 3
08-07 15:30:53.999 20053  9031 I Market-RetrofitRequest: HeaderInterceptor : https://updateinfo.market.xiaomi.com/apm/updateinfo/v2
08-07 15:30:54.002 20053 20814 I Market-DownloadLimitSpeedManager: tryStopLimitSpeed 2
08-07 15:30:54.003 20053 20814 I Market-RetrofitRequest: callEnd : https://updateinfo.market.xiaomi.com/apm/updateinfo/v2
08-07 15:30:54.003 20053 20814 I Market-LocalAppManager: getUpdateInfoFromServer : end  , responseCode : OK
08-07 15:30:54.003 20053 20814 I Market-LocalAppManager: checkUpdateFromServer : end
08-07 15:30:54.004 20053 20814 I Market-LocalAppManager: checkUpdateFromServer  data parser : end
08-07 15:30:54.004 20053 20814 I Market-HuanjiManager: condition not satisfied, ignore
08-07 15:30:54.004 20053 20814 I Market-DataParser: [InvalidPackageList] JSON : invalidSystemPackageList list is null
08-07 15:30:54.004 20053 20814 I Market-LocalAppManager: checkUpdateFromServer  filter package : end
08-07 15:30:54.004 20053 20814 I Market-LocalAppManager: checkUpdateFromServer  support64BitPackagesJsonArray : end
08-07 15:30:54.012  2474 15979 W ParceledListSlice: Element #16 is 22456 bytes.
08-07 15:30:54.013  2474 15979 W ParceledListSlice: Element #20 is 34112 bytes.
08-07 15:30:54.013  2474 15979 W ParceledListSlice: Element #24 is 18736 bytes.
08-07 15:30:54.014  2474 15979 W ParceledListSlice: Element #54 is 16452 bytes.
08-07 15:30:54.015  2474 15979 W ParceledListSlice: Element #60 is 25184 bytes.
08-07 15:30:54.015 10308 13587 I WakePathUpdatePolicy: doUpdate(user 0):responseCode:200
08-07 15:30:54.015 10308 13587 W WakePathUpdatePolicy: doUpdate(user 0): Response stream size=1408
08-07 15:30:54.016  2474 15979 W ParceledListSlice: Element #76 is 18216 bytes.
08-07 15:30:54.018  2474 15979 W ParceledListSlice: Element #116 is 140856 bytes.
08-07 15:30:54.018  2474 15979 W ParceledListSlice: Overly large reply size: 188116
08-07 15:30:54.020  2474 15979 W ParceledListSlice: Element #153 is 18528 bytes.
08-07 15:30:54.023  2474 15979 W ParceledListSlice: Element #220 is 24256 bytes.
08-07 15:30:54.024  2474 15979 W ParceledListSlice: Element #232 is 25064 bytes.
08-07 15:30:54.024  2474 15979 W ParceledListSlice: Element #233 is 17372 bytes.
08-07 15:30:54.024  2474 15979 W ParceledListSlice: Element #236 is 28908 bytes.
08-07 15:30:54.024  2474 15979 W ParceledListSlice: Element #238 is 44564 bytes.
08-07 15:30:54.024 10308 13587 I WakePathUpdatePolicy: pushWakePathData begin
08-07 15:30:54.025 10308 13587 I com.lbe.security.service.provider.WakePathDatabaseUtil: getWakePathWhiteList: whiteList.size=5
08-07 15:30:54.025  2474 15979 W ParceledListSlice: Element #239 is 18188 bytes.
08-07 15:30:54.025  2474  4292 I WakePathChecker: MIUILOG-WAKEPATH pushWakePathWhiteList: userId=0 size=5
08-07 15:30:54.025 10308 13587 I com.lbe.security.service.provider.WakePathDatabaseUtil: getWakePathRuleList: wakeType=1 wakePathRules.size=3
08-07 15:30:54.026  2474 19255 I WakePathChecker: MIUILOG-WAKEPATH pushWakePathRuleInfos: wakeType=1 userId=0 size=3
08-07 15:30:54.026  2474 15979 W ParceledListSlice: Element #263 is 18520 bytes.
08-07 15:30:54.026 10308 13587 I com.lbe.security.service.provider.WakePathDatabaseUtil: getWakePathRuleList: wakeType=8 wakePathRules.size=8
08-07 15:30:54.026  2474 15979 I WakePathChecker: MIUILOG-WAKEPATH pushWakePathRuleInfos: wakeType=8 userId=0 size=8
08-07 15:30:54.027 10308 13587 I com.lbe.security.service.provider.WakePathDatabaseUtil: getWakePathRuleList: wakeType=4 wakePathRules.size=4
08-07 15:30:54.027  2474 19255 I WakePathChecker: MIUILOG-WAKEPATH pushWakePathRuleInfos: wakeType=4 userId=0 size=4
08-07 15:30:54.027 10308 13587 I com.lbe.security.service.provider.WakePathDatabaseUtil: getWakePathRuleList: wakeType=2 wakePathRules.size=1
08-07 15:30:54.027  2474 15979 I WakePathChecker: MIUILOG-WAKEPATH pushWakePathRuleInfos: wakeType=2 userId=0 size=1
08-07 15:30:54.027 10308 13587 I com.lbe.security.service.provider.WakePathDatabaseUtil: getWakePathRuleList: wakeType=17 wakePathRules.size=0
08-07 15:30:54.027  2474 19255 I WakePathChecker: MIUILOG-WAKEPATH pushWakePathRuleInfos: wakeType=17 userId=0 size=0
08-07 15:30:54.028 10308 13587 I com.lbe.security.service.provider.WakePathDatabaseUtil: getWakePathRuleList: wakeType=32 wakePathRules.size=1
08-07 15:30:54.028  2474 19255 I WakePathChecker: MIUILOG-WAKEPATH pushWakePathRuleInfos: wakeType=32 userId=0 size=1
08-07 15:30:54.028 10308 13587 I com.lbe.security.service.provider.WakePathDatabaseUtil: getWakePathRuleList: wakeType=256 wakePathRules.size=8
08-07 15:30:54.028  2474 19255 I WakePathChecker: MIUILOG-WAKEPATH pushWakePathRuleInfos: wakeType=256 userId=0 size=8
08-07 15:30:54.028 10308 13587 I com.lbe.security.service.provider.WakePathDatabaseUtil: getWakePathRuleList: wakeType=128 wakePathRules.size=4
08-07 15:30:54.029  2474 15979 I WakePathChecker: MIUILOG-WAKEPATH pushWakePathRuleInfos: wakeType=128 userId=0 size=4
08-07 15:30:54.029 10308 13587 I com.lbe.security.service.provider.WakePathDatabaseUtil: getWakePathRuleList: wakeType=64 wakePathRules.size=2
08-07 15:30:54.029  2474 19255 I WakePathChecker: MIUILOG-WAKEPATH pushWakePathRuleInfos: wakeType=64 userId=0 size=2
08-07 15:30:54.029 10308 13587 I com.lbe.security.service.provider.WakePathDatabaseUtil: getWakePathRuleList: wakeType=4096 wakePathRules.size=2
08-07 15:30:54.029  2474 19255 I WakePathChecker: MIUILOG-WAKEPATH pushWakePathRuleInfos: wakeType=4096 userId=0 size=2
08-07 15:30:54.029  2474 15979 W ParceledListSlice: Element #326 is 21060 bytes.
08-07 15:30:54.029 10308 13587 I com.lbe.security.service.provider.WakePathDatabaseUtil: getWakePathRuleList: wakeType=32768 wakePathRules.size=1
08-07 15:30:54.030  2474 19255 I WakePathChecker: MIUILOG-WAKEPATH pushWakePathRuleInfos: wakeType=32768 userId=0 size=1
08-07 15:30:54.030 10308 13587 I com.lbe.security.service.provider.WakePathDatabaseUtil: getWakePathRuleList: wakeType=8192 wakePathRules.size=6
08-07 15:30:54.030  2474 15979 I WakePathChecker: MIUILOG-WAKEPATH pushWakePathRuleInfos: wakeType=8192 userId=0 size=6
08-07 15:30:54.030  2474 19255 W ParceledListSlice: Element #335 is 21100 bytes.
08-07 15:30:54.030 10308 13587 I com.lbe.security.service.provider.WakePathDatabaseUtil: getWakePathRuleList: wakeType=16384 wakePathRules.size=0
08-07 15:30:54.030  2474 19255 I WakePathChecker: MIUILOG-WAKEPATH pushWakePathRuleInfos: wakeType=16384 userId=0 size=0
08-07 15:30:54.031  2474 19255 W ParceledListSlice: Element #341 is 19708 bytes.
08-07 15:30:54.031 10308 13587 I com.lbe.security.service.provider.WakePathDatabaseUtil: getWakePathRuleList: wakeType=22 wakePathRules.size=0
08-07 15:30:54.031  2474 15979 I WakePathChecker: MIUILOG-WAKEPATH pushWakePathRuleInfos: wakeType=22 userId=0 size=0
08-07 15:30:54.031 10308 13587 I WakePathUpdatePolicy: pushWakePathData end
08-07 15:30:54.031 10308 13587 I WakePathUpdatePolicy: doUpdate end
08-07 15:30:54.031  2474 15979 W ParceledListSlice: Element #361 is 38616 bytes.
08-07 15:30:54.031  2474 15979 W ParceledListSlice: Overly large reply size: 95112
08-07 15:30:54.032  2474 15979 W ParceledListSlice: Element #363 is 17908 bytes.
08-07 15:30:54.032  2474 15979 W ParceledListSlice: Element #365 is 30356 bytes.
08-07 15:30:54.033  2474 15979 W ParceledListSlice: Element #379 is 18608 bytes.
08-07 15:30:54.033  2474 15979 W ParceledListSlice: Element #382 is 18924 bytes.
08-07 15:30:54.036 16677  4378 W surfboard: (0x00000405) on_tcp_write_shutdown: UV_ENOTCONN, close tcp connection
08-07 15:30:54.039  1850  9931 E ANDR-PERF-LM: SAGT_ACTION: UpdateFPSData() 138: update /sys/kernel/sched_penalty/parameters/fps to 60, ret is 0
08-07 15:30:54.047 13710 15134 I LocalNotificationMgr: updateLocalNotificationList success!
08-07 15:30:54.047 13710 15134 W ContextImpl: Calling a method in the system process without a qualified user: android.app.ContextImpl.startService:1939 android.content.ContextWrapper.startService:843 com.miui.ai.service.OperationListCollectService.S:14 hg.a.o:6 com.miui.securitycenter.service.ConnectivityChangeJobService2$d.run:275 
08-07 15:30:54.049 13710 13743 I tycenter.remote: This is sticky GC, maxfree is 16777216 minfree is 8388608
08-07 15:30:54.050 13710 15134 I SimLock : SimLockUtils::isIccLockEnabled::result = false
08-07 15:30:54.051  7464 17546 I htmlviewercloudcontrol: isStagingEnv:false param =  anti_fraud  uriMatch = 2, cluster: cn, version: 570181, traceId: 98011ebf371cd2558a85e5fe8d9c8b96, regId: +4z3RS85+e2U9l+sd6caQ/srGmJCsEbKpG1twyPn1K0CrNNyxYT/yAgGVxm5X+yC
08-07 15:30:54.053 20053 27840 I Market-DownloadLimitSpeedManager: tryStopLimitSpeed 1
08-07 15:30:54.053  3086  3086 I adbd    : in ShellService: export ANDROID_LOG_TAGS="''"; exec logcat '-v' 'threadtime' '*:I'
08-07 15:30:54.053 20053 27840 I Market-RetrofitRequest: callEnd : https://app.market.xiaomi.com/apm/statistics/appactive
08-07 15:30:54.053 13710 15134 I AntiFraudManager: Sync pay activity
08-07 15:30:54.054 20053 27840 E Market-ReflectUtils: invokeObject com.android.org.bouncycastle.util.encoders.Base64.decode com.xiaomi.market.util.reflect.IllegalArgumentException
08-07 15:30:54.054 20053 27840 E Market-ConnectionRSA: get key exception : java.lang.NullPointerException: decrypt data is null
08-07 15:30:54.054 13710 13710 E NewAutoTaskService: onStartCommand eventType = 14
08-07 15:30:54.055 19029 19636 I auth    : [XMS][Auth] updateAuthInfo in db true
08-07 15:30:54.057 19029 19635 I auth    : [XMS][Auth] updateAuthInfo in db true
08-07 15:30:54.058 19029 19640 I auth    : [XMS][Auth] updateAuthInfo in db true
08-07 15:30:54.058 13710 20765 I ModelFactory: read scan item from assets
08-07 15:30:54.059 19029 19640 I auth    : [XMS][Auth] updateAuthInfo in db true
08-07 15:30:54.060  3086  3086 I adbd    : in ShellService: getevent -lt
08-07 15:30:54.061 19029 19635 I auth    : [XMS][Auth] updateAuthInfo in db true
08-07 15:30:54.062 19029 19635 I auth    : [XMS][Auth] updateAuthInfo in db true
08-07 15:30:54.062 13710 15605 E NewAutoTaskDBHelper: query task result size = 2
08-07 15:30:54.063 19029 19638 I auth    : [XMS][Auth] updateAuthInfo in db true
08-07 15:30:54.066 19029 19640 I auth    : [XMS][Auth] updateAuthInfo in db true
08-07 15:30:54.066 19029 19638 I auth    : [XMS][Auth] updateAuthInfo in db true
08-07 15:30:54.067 19029 19638 I auth    : [XMS][Auth] updateAuthInfo in db true
08-07 15:30:54.068  3086  3086 I adbd    : in ShellService: ime enable io.github.ylimit.droidbotapp/.DroidBotIME
08-07 15:30:54.068 19029 19640 I auth    : [XMS][Auth] updateAuthInfo in db true
08-07 15:30:54.075  3086  3086 I adbd    : in ShellService: ps
08-07 15:30:54.077 13710 13745 W System  : A resource failed to call CursorWindow.close. 
08-07 15:30:54.086 13588  9962 I auth    : [XMS][Auth] updateAuthInfo in db true
08-07 15:30:54.088 13588  9962 I auth    : [XMS][Auth] updateAuthInfo in db true
08-07 15:30:54.090 13588  9963 I auth    : [XMS][Auth] updateAuthInfo in db true
08-07 15:30:54.096 13588  9963 I auth    : [XMS][Auth] updateAuthInfo in db true
08-07 15:30:54.098 13588  9963 I auth    : [XMS][Auth] updateAuthInfo in db true
08-07 15:30:54.104 13588  9963 I auth    : [XMS][Auth] updateAuthInfo in db true
08-07 15:30:54.105 13588  9963 I auth    : [XMS][Auth] updateAuthInfo in db true
08-07 15:30:54.106 13588  9962 I auth    : [XMS][Auth] updateAuthInfo in db true
08-07 15:30:54.107 13588  9962 I auth    : [XMS][Auth] updateAuthInfo in db true
08-07 15:30:54.107 13588  9962 I auth    : [XMS][Auth] updateAuthInfo in db true
08-07 15:30:54.109 13588  9962 I auth    : [XMS][Auth] updateAuthInfo in db true
08-07 15:30:54.121 20053  9031 I Market-DownloadLimitSpeedManager: stopLimitSpeed
08-07 15:30:54.121 20053  9031 I Market-ThermalLimitSpeedManager: startLoopLimitSpeed() ----------
08-07 15:30:54.121 20053  9031 I Market-LimitSpeedManager: stopLimitSpeedNow() =========== 
08-07 15:30:54.124 13710 14404 I globalsatisfaction_GlobalSatisfactionManager: checkValidQuestionnaireToNotification: fail
08-07 15:30:54.125  3086  3086 I adbd    : in ShellService: ime set io.github.ylimit.droidbotapp/.DroidBotIME
08-07 15:30:54.126 20053  9031 I Market-DownloadLimitSpeedManager: tryReportLimitSpeedTimeInternal urlPath = /apm/updateinfo/v2 spendTime = 121 className = null 
08-07 15:30:54.149 20053  9031 I Market-RetrofitRequest: callEnd : https://updateinfo.market.xiaomi.com/apm/updateinfo/v2
08-07 15:30:54.150 20053  9031 W Market-Connection: Connection result is cut off as too long
08-07 15:30:54.151 14158 14158 E BaseInputMethodService: onUnbindInput
08-07 15:30:54.152  2474  4372 I InputReader: Reconfiguring input devices, changes=KEYBOARD_LAYOUTS
08-07 15:30:54.152  7458  7458 I HandWritingStubImpl: refreshLastKeyboardType: 1
08-07 15:30:54.152  7458  7458 I HandWritingStubImpl: getCurrentKeyboardType: 1
08-07 15:30:54.154 14191 14518 I IMECheckManager: getSelectedInputMethod, ime is io.github.ylimit.droidbotapp/.DroidBotIME
08-07 15:30:54.154 14191 14518 I IMECheckManager: InputMethodObserver, userId is 0, ime = io.github.ylimit.droidbotapp/.DroidBotIME
08-07 15:30:54.154 14191 14518 I IMECheckManager: getSelectedInputMethod, ime is io.github.ylimit.droidbotapp/.DroidBotIME
08-07 15:30:54.155 14191 14518 I IMECheckManager: updateCurrentIME, userId is 0, ime is io.github.ylimit.droidbotapp/.DroidBotIME, pkg is io.github.ylimit.droidbotapp, uid is 10419
08-07 15:30:54.155 14191 14518 I IMECheckManager: getSelectedInputMethod, ime is io.github.ylimit.droidbotapp/.DroidBotIME
08-07 15:30:54.155 14191 14518 I IMECheckManager: InputMethodObserver, userId is 0, ime = io.github.ylimit.droidbotapp/.DroidBotIME
08-07 15:30:54.155 20053  9031 I Market-LocalAppManager: getUpdateInfoFromServer : end  , responseCode : OK
08-07 15:30:54.155 20053  9031 I Market-LocalAppManager: checkUpdateFromServer : end
08-07 15:30:54.155 13710 14256 I k1      : input method change: 
08-07 15:30:54.156 20053  9031 I Market-LocalAppManager: checkUpdateFromServer  data parser : end
08-07 15:30:54.156 20053  9031 I Market-HuanjiManager: condition not satisfied, ignore
08-07 15:30:54.156 20053  9031 I Market-DataParser: [InvalidPackageList] JSON : invalidSystemPackageList list is null
08-07 15:30:54.156 20053  9031 I Market-LocalAppManager: checkUpdateFromServer  filter package : end
08-07 15:30:54.157 20053  9031 I Market-LocalAppManager: checkUpdateFromServer  support64BitPackagesJsonArray : end
08-07 15:30:54.157 20053  9031 I Market-LocalAppManager: query update apps from server : finish, 54 / 424 to update
08-07 15:30:54.165 14191 14518 I IMECheckManager: getSelectedInputMethod, ime is io.github.ylimit.droidbotapp/.DroidBotIME
08-07 15:30:54.166 14191 14518 I IMECheckManager: updateCurrentIME, userId is 0, ime is io.github.ylimit.droidbotapp/.DroidBotIME, pkg is io.github.ylimit.droidbotapp, uid is 10419
08-07 15:30:54.166 20053  9031 I Market-RetrofitRequest: callStart : https://updateinfo.market.xiaomi.com/apm/updateinfo/priority
08-07 15:30:54.166 14191 14606 I PowerKeeperConfigureManager: userId is 0, Ime outdated, uid is 10183
08-07 15:30:54.166 14191 14518 I ActiveStateController: Ime outdated, uid is 10183
08-07 15:30:54.166 20053  9031 I Market-RetrofitRequest: HeaderInterceptor : https://updateinfo.market.xiaomi.com/apm/updateinfo/priority
08-07 15:30:54.167  2474  4398 W InputMethodManagerService: Clear show forced flag.
08-07 15:30:54.167  2474  4398 W SecurityInputMethodSwitcher: first check switch to security ime: false
08-07 15:30:54.167  2474  4398 W SecurityInputMethodSwitcher: double check switch to security ime: false
08-07 15:30:54.167  2474  4398 W SecurityInputMethodSwitcher: switch to other input method from security ime:false mayChangeToMiuiSecurityInputMethod: false current focus window: android.os.BinderProxy@840b88e
08-07 15:30:54.167 14191 14518 I ActiveStateController: Ime update, uid is 10419
08-07 15:30:54.167  7458  7458 I HandWritingStubImpl: refreshLastKeyboardType: 1
08-07 15:30:54.167  7458  7458 I HandWritingStubImpl: getCurrentKeyboardType: 1
08-07 15:30:54.168 20053  9031 E Market-Client: isSupportChildMode, error: java.lang.NumberFormatException: For input string: ""
08-07 15:30:54.168 20053  9031 E Market-Client: isSupportChildMode, error: java.lang.NumberFormatException: For input string: ""
08-07 15:30:54.168 14191 14606 I PowerKeeperConfigureManager: userId is 0, Ime update, uid is 10419
08-07 15:30:54.169  1865  1865 I vendor.qti.hardware.servicetrackeraidl-service: unbindService is called for service : com.sohu.inputmethod.sogou.xiaomi/.SogouIME and for client system
08-07 15:30:54.169  1865  1865 I vendor.qti.hardware.servicetrackeraidl-service: size of service connections for service: com.sohu.inputmethod.sogou.xiaomi/.SogouIMEafter removal is 0
08-07 15:30:54.169  1865  1865 I vendor.qti.hardware.servicetrackeraidl-service: size of client connections for client: systemafter removal is 32
08-07 15:30:54.169  1865  1865 I vendor.qti.hardware.servicetrackeraidl-service: destroyService is called for service : com.sohu.inputmethod.sogou.xiaomi/.SogouIME
08-07 15:30:54.169 20053  9031 I Market-LimitSpeedManager: startLimitSpeedNow() ====== speed = 32768
08-07 15:30:54.169  2474  4398 W InputManager-JNI: Input channel object '119c8e2 InputMethod (client)' was disposed without first being removed with the input manager!
08-07 15:30:54.171  2474  7257 I MiuiNetworkPolicy: updateUidState uid = 10183, uidState = 10
08-07 15:30:54.173  1865  1865 I vendor.qti.hardware.servicetrackeraidl-service: bindService is called for service : io.github.ylimit.droidbotapp/.DroidBotIME and for client system
08-07 15:30:54.173  1865  1865 I vendor.qti.hardware.servicetrackeraidl-service: total connections for service : io.github.ylimit.droidbotapp/.DroidBotIMEare :1
08-07 15:30:54.173  1865  1865 I vendor.qti.hardware.servicetrackeraidl-service: total connections for client : systemare :33
08-07 15:30:54.174  2036  2036 E DisplayModeController: setDesiredMode : Idle status skip setActiveMode, isDdicIdleMode: 1
08-07 15:30:54.174 14158 14158 E BaseInputMethodService: onDestroy
08-07 15:30:54.175 14158 14158 W WindowOnBackDispatcher: sendCancelIfRunning: isInProgress=false callback=android.view.ViewRootImpl$$ExternalSyntheticLambda12@e26a8c4
08-07 15:30:54.176  2474 10068 W WindowManager: Cannot find window which accessibility connection is added to
08-07 15:30:54.176  2474  4398 W InputMethodManagerService: Clear show forced flag.
08-07 15:30:54.176  2474  4398 W SecurityInputMethodSwitcher: first check switch to security ime: false
08-07 15:30:54.176  2474  8394 W WindowManager: Failed looking up window session=Session{b0cc2cd 14158:u0a10183} callers=com.android.server.wm.WindowManagerService.windowForClientLocked:7019 com.android.server.wm.Session.setOnBackInvokedCallbackInfo:1092 android.view.IWindowSession$Stub.onTransact:1281 
08-07 15:30:54.176  2474  8394 I WindowManager: setOnBackInvokedCallback(): No window state for package:com.sohu.inputmethod.sogou.xiaomi
08-07 15:30:54.176  2474  4398 W SecurityInputMethodSwitcher: double check switch to security ime: false
08-07 15:30:54.176  2474  4398 W SecurityInputMethodSwitcher: switch to other input method from security ime:false mayChangeToMiuiSecurityInputMethod: false current focus window: android.os.BinderProxy@840b88e
08-07 15:30:54.177  2474  8394 W WindowManager: Failed looking up window session=Session{b0cc2cd 14158:u0a10183} callers=com.android.server.wm.WindowManagerService.removeClientToken:2442 com.android.server.wm.Session.remove:290 android.view.IWindowSession$Stub.onTransact:741 
08-07 15:30:54.178 14158 14158 I IMEBottomManager: disableQuickMoveCursor
08-07 15:30:54.179  7464  7482 I htmlviewercloudcontrol: isStagingEnv:false param =  InputMethod  uriMatch = 2, cluster: cn, version: 570181, traceId: 98011ebf371cd2558a85e5fe8d9c8b96, regId: +4z3RS85+e2U9l+sd6caQ/srGmJCsEbKpG1twyPn1K0CrNNyxYT/yAgGVxm5X+yC
08-07 15:30:54.181  2474  7257 I MiuiNetworkPolicy: updateUidState uid = 10162, uidState = 10
08-07 15:30:54.181 20053  9031 I Market-DownloadLimitSpeedManager: startLimitSpeed success. Total count 1
08-07 15:30:54.181 20053  9031 I Market-RetrofitRequest: HeaderInterceptor : https://updateinfo.market.xiaomi.com/apm/updateinfo/priority
08-07 15:30:54.182  1843  1843 I SDM     : HWCDisplay::SetActiveConfigWithConstraints: display:66-0, config: 3, WxH 1200x2670, fps 120
08-07 15:30:54.183  2474 10069 I ClipboardServiceI: checkProviderWakePathForClipboard: primaryClip is null
08-07 15:30:54.183  1843  1843 W SDM     : HWDeviceDRM::GetSupportedBitClkRate: Requested rate not supported: 1150000000
08-07 15:30:54.183  1843  1843 I SDM     : HWDeviceDRM::UpdateMixerAttributes: Mixer WxH 1200x2670-1 for Peripheral
08-07 15:30:54.183  1843  1843 I SDM     : HWCDisplay::SubmitDisplayConfig: Active configuration changed from config 1 to 3
08-07 15:30:54.183  2474 10069 I SmartPower: com.miui.phrase/10162(24218): idle->background(255197ms) R(content provider start ContentProviderRecord{af5fdc5 u0 com.miui.phrase/com.miui.provider.InputProvider}) adj=0.
08-07 15:30:54.183  1843  1843 I SDM     : HWCDisplay::SubmitDisplayConfig: Active WxH 1200x2670 ,ddic_mode:auto, timing_fps: 120, sf_fps: 120
08-07 15:30:54.184  1843  3496 I vendor.qti.hardware.display.composer-service: Sensor: notify citsensorservice to trigger cwb, misForced = 0
08-07 15:30:54.185  3050  4554 I libsensor-parseRGB: request dump start for mRequestDisplayId 0
08-07 15:30:54.191  2474  8394 E InputMethodManagerService: Ignoring com.android.server.inputmethod.InputMethodManagerService.updateStatusIcon:2768 due to an invalid token. uid:10183 token:android.os.Binder@c901527
08-07 15:30:54.193 14158 14158 W WindowTokenClientController: Can't find attached WindowTokenClient for android.window.WindowTokenClient@9df56c9
08-07 15:30:54.195  2927  3007 W misight_perf:  [902001300, com.sohu.inputmethod.sogou.xiaomi, 14158, service oncreate latency]
08-07 15:30:54.195  2927  2999 I misight : OnEvent EventPrivacyCompliance event=902001300
08-07 15:30:54.195  2927  2999 I misight : OnEvent EventStorageManager event=902001300,2
08-07 15:30:54.195  2927  2999 I misight : DetectDropEvent event 902001300 over hour cnt drop it, hourCnt=5 halfCnt=4, maxCnt=200 punishSecond=432,space=258lu
08-07 15:30:54.196  2474  7257 I MiuiNetworkPolicy: updateUidState uid = 10183, uidState = 16
08-07 15:30:54.196  2927  2999 I misight : OnEvent EventInfoPack event 902001300
08-07 15:30:54.196  2474  7257 I MiuiNetworkPolicy: updateUidState uid = 10162, uidState = 19
08-07 15:30:54.208  3086  3086 I adbd    : in ShellService: getprop ro.build.version.release
08-07 15:30:54.211  8940  9181 W ziparchive: Unable to open '/system/framework/QXPerformance.dm': No such file or directory
08-07 15:30:54.211  8940  9181 W ziparchive: Unable to open '/system/framework/QXPerformance.dm': No such file or directory
08-07 15:30:54.212  2474 10068 I AppsFilter: interaction: PackageSetting{ebc228b io.github.ylimit.droidbotapp/10419} -> PackageSetting{99634ee com.miui.screenrecorder/10273} BLOCKED
08-07 15:30:54.212  2474 10068 I AppsFilter: interaction: PackageSetting{ebc228b io.github.ylimit.droidbotapp/10419} -> PackageSetting{7293d8f com.android.cts.priv.ctsshim/10252} BLOCKED
08-07 15:30:54.212  2474 10068 I AppsFilter: interaction: PackageSetting{ebc228b io.github.ylimit.droidbotapp/10419} -> PackageSetting{8eaf81c com.quark.browser/10328} BLOCKED
08-07 15:30:54.212  2474 10068 I AppsFilter: interaction: PackageSetting{ebc228b io.github.ylimit.droidbotapp/10419} -> PackageSetting{54c5c25 com.android.uwb.resources/10242} BLOCKED
08-07 15:30:54.212  2474 10068 I AppsFilter: interaction: PackageSetting{ebc228b io.github.ylimit.droidbotapp/10419} -> PackageSetting{ba57201 com.android.internal.display.cutout.emulation.corner/10008} BLOCKED
08-07 15:30:54.212  2474 10068 I AppsFilter: interaction: PackageSetting{ebc228b io.github.ylimit.droidbotapp/10419} -> PackageSetting{bf408a6 com.android.internal.display.cutout.emulation.double/10013} BLOCKED
08-07 15:30:54.212  2474 10068 I AppsFilter: interaction: PackageSetting{ebc228b io.github.ylimit.droidbotapp/10419} -> PackageSetting{f703317 io.appium.settings/10274} BLOCKED
08-07 15:30:54.212  2474 10068 I AppsFilter: interaction: PackageSetting{ebc228b io.github.ylimit.droidbotapp/10419} -> PackageSetting{f34b1fa com.unionpay.tsmservice.mi/10185} BLOCKED
08-07 15:30:54.212  2474 10068 I AppsFilter: interaction: PackageSetting{ebc228b io.github.ylimit.droidbotapp/10419} -> PackageSetting{90623ab com.android.healthconnect.controller/10245} BLOCKED
08-07 15:30:54.212  2474 10068 I AppsFilter: interaction: PackageSetting{ebc228b io.github.ylimit.droidbotapp/10419} -> PackageSetting{7bd7a08 com.wuba.zhuanzhuan/10260} BLOCKED
08-07 15:30:54.212  2474 10068 I AppsFilter: interaction: PackageSetting{ebc228b io.github.ylimit.droidbotapp/10419} -> PackageSetting{10b95a1 com.alibaba.aliexpresshd/10303} BLOCKED
08-07 15:30:54.212  2474 10068 I AppsFilter: interaction: PackageSetting{ebc228b io.github.ylimit.droidbotapp/10419} -> PackageSetting{50bf3c6 com.google.android.onetimeinitializer/10123} BLOCKED
08-07 15:30:54.212  2474 10068 I AppsFilter: interaction: PackageSetting{ebc228b io.github.ylimit.droidbotapp/10419} -> PackageSetting{b814f87 com.android.health.connect.backuprestore/10246} BLOCKED
08-07 15:30:54.212  2474 10068 I AppsFilter: interaction: PackageSetting{ebc228b io.github.ylimit.droidbotapp/10419} -> PackageSetting{5b42eb4 com.google.android.ext.shared/10150} BLOCKED
08-07 15:30:54.212  2474 10068 I AppsFilter: interaction: PackageSetting{ebc228b io.github.ylimit.droidbotapp/10419} -> PackageSetting{72aeadd com.android.virtualmachine.res/10237} BLOCKED
08-07 15:30:54.212  2474 10068 I AppsFilter: interaction: PackageSetting{ebc228b io.github.ylimit.droidbotapp/10419} -> PackageSetting{35cd7df com.android.providers.telephony.auto_generated_characteristics_rro/10072} BLOCKED
08-07 15:30:54.212  2474 10068 I AppsFilter: interaction: PackageSetting{ebc228b io.github.ylimit.droidbotapp/10419} -> PackageSetting{4c38652 com.xiaomi.gamecenter.sdk.service/10140} BLOCKED
08-07 15:30:54.212  2474 10068 I AppsFilter: interaction: PackageSetting{ebc228b io.github.ylimit.droidbotapp/10419} -> PackageSetting{f995d23 com.android.htmlviewer/10092} BLOCKED
08-07 15:30:54.212  2474 10068 I AppsFilter: interaction: PackageSetting{ebc228b io.github.ylimit.droidbotapp/10419} -> PackageSetting{abf8220 com.miui.gallery/10271} BLOCKED
08-07 15:30:54.212  2474 10068 I AppsFilter: interaction: PackageSetting{ebc228b io.github.ylimit.droidbotapp/10419} -> PackageSetting{1f057d9 com.quicinc.voice.activation/10214} BLOCKED
08-07 15:30:54.212  2474 10068 I AppsFilter: interaction: PackageSetting{ebc228b io.github.ylimit.droidbotapp/10419} -> PackageSetting{8efb59e com.google.android.configupdater/10122} BLOCKED
08-07 15:30:54.212  2474 10068 I AppsFilter: interaction: PackageSetting{ebc228b io.github.ylimit.droidbotapp/10419} -> PackageSetting{d9aa87f com.android.soundrecorder/10276} BLOCKED
08-07 15:30:54.212  2474 10068 I AppsFilter: interaction: PackageSetting{ebc228b io.github.ylimit.droidbotapp/10419} -> PackageSetting{b6aa04c com.suxing.sustream/10338} BLOCKED
08-07 15:30:54.212  2474 10068 I AppsFilter: interaction: PackageSetting{ebc228b io.github.ylimit.droidbotapp/10419} -> PackageSetting{59895 io.appium.uiautomator2.server/10283} BLOCKED
08-07 15:30:54.212  2474 10068 I AppsFilter: interaction: PackageSetting{ebc228b io.github.ylimit.droidbotapp/10419} -> PackageSetting{f1d8daa com.android.safetycenter.resources/10240} BLOCKED
08-07 15:30:54.212  2474 10068 I AppsFilter: interaction: PackageSetting{ebc228b io.github.ylimit.droidbotapp/10419} -> PackageSetting{c3b4d9b org.secuso.privacyfriendlytodolist/10270} BLOCKED
08-07 15:30:54.212  2474 10068 I AppsFilter: interaction: PackageSetting{ebc228b io.github.ylimit.droidbotapp/10419} -> PackageSetting{7c77538 com.android.providers.downloads.ui/10261} BLOCKED
08-07 15:30:54.212  2474 10068 I AppsFilter: interaction: PackageSetting{ebc228b io.github.ylimit.droidbotapp/10419} -> PackageSetting{6f42911 com.android.simappdialog/10113} BLOCKED
08-07 15:30:54.212  2474 10068 I AppsFilter: interaction: PackageSetting{ebc228b io.github.ylimit.droidbotapp/10419} -> PackageSetting{e9eda76 com.xingin.xhs/10286} BLOCKED
08-07 15:30:54.212  2474 10068 I AppsFilter: interaction: PackageSetting{ebc228b io.github.ylimit.droidbotapp/10419} -> PackageSetting{d772877 com.android.connectivity.resources/10244} BLOCKED
08-07 15:30:54.212  2474 10068 I AppsFilter: interaction: PackageSetting{ebc228b io.github.ylimit.droidbotapp/10419} -> PackageSetting{d1aace4 com.cnn.mobile.android.phone/10316} BLOCKED
08-07 15:30:54.212  2474 10068 I AppsFilter: interaction: PackageSetting{ebc228b io.github.ylimit.droidbotapp/10419} -> PackageSetting{75176cf com.android.internal.display.cutout.emulation.hole/10010} BLOCKED
08-07 15:30:54.212  2474 10068 I AppsFilter: interaction: PackageSetting{ebc228b io.github.ylimit.droidbotapp/10419} -> PackageSetting{2fcd85c com.android.internal.display.cutout.emulation.tall/10011} BLOCKED
08-07 15:30:54.212  2474 10068 I AppsFilter: interaction: PackageSetting{ebc228b io.github.ylimit.droidbotapp/10419} -> PackageSetting{161454d com.android.modulemetadata/10174} BLOCKED
08-07 15:30:54.213  2474 10068 I AppsFilter: interaction: PackageSetting{ebc228b io.github.ylimit.droidbotapp/10419} -> PackageSetting{9f02c3a com.android.internal.systemui.navbar.threebutton/10051} BLOCKED
08-07 15:30:54.213  2474 10068 I AppsFilter: interaction: PackageSetting{ebc228b io.github.ylimit.droidbotapp/10419} -> PackageSetting{162802 com.android.wifi.dialog/10211} BLOCKED
08-07 15:30:54.213  2474 10068 I AppsFilter: interaction: PackageSetting{ebc228b io.github.ylimit.droidbotapp/10419} -> PackageSetting{d2bd513 com.tencent.android.qqdownloader/10324} BLOCKED
08-07 15:30:54.213  2474 10068 I AppsFilter: interaction: PackageSetting{ebc228b io.github.ylimit.droidbotapp/10419} -> PackageSetting{647b350 com.android.contacts/10132} BLOCKED
08-07 15:30:54.213  2474 10068 I AppsFilter: interaction: PackageSetting{ebc228b io.github.ylimit.droidbotapp/10419} -> PackageSetting{509e949 cn.amazon.mShop.android/10301} BLOCKED
08-07 15:30:54.213  2474 10068 I AppsFilter: interaction: PackageSetting{ebc228b io.github.ylimit.droidbotapp/10419} -> PackageSetting{1c2c24e com.miui.securitymanager/10272} BLOCKED
08-07 15:30:54.213  2474 10068 I AppsFilter: interaction: PackageSetting{ebc228b io.github.ylimit.droidbotapp/10419} -> PackageSetting{d74af6f com.baidu.searchbox/10340} BLOCKED
08-07 15:30:54.213  2474 10068 I AppsFilter: interaction: PackageSetting{ebc228b io.github.ylimit.droidbotapp/10419} -> PackageSetting{6fcb47c com.android.mms/10141} BLOCKED
08-07 15:30:54.213  2474 10068 I AppsFilter: interaction: PackageSetting{ebc228b io.github.ylimit.droidbotapp/10419} -> PackageSetting{c7ed105 com.jijia.bqwnl/10327} BLOCKED
08-07 15:30:54.213  2474 10068 I AppsFilter: interaction: PackageSetting{ebc228b io.github.ylimit.droidbotapp/10419} -> PackageSetting{48cb55a com.yahoo.mobile.client.android.mail/10341} BLOCKED
08-07 15:30:54.213  2474 10068 I AppsFilter: interaction: PackageSetting{ebc228b io.github.ylimit.droidbotapp/10419} -> PackageSetting{cc6d38b com.mfashiongallery.emag/10262} BLOCKED
08-07 15:30:54.213  2474 10068 I AppsFilter: interaction: PackageSetting{ebc228b io.github.ylimit.droidbotapp/10419} -> PackageSetting{d9e9c68 com.instagram.android/10289} BLOCKED
08-07 15:30:54.213  2474 10068 I AppsFilter: interaction: PackageSetting{ebc228b io.github.ylimit.droidbotapp/10419} -> PackageSetting{a07881 com.google.android.gm/10290} BLOCKED
08-07 15:30:54.213  2474 10068 I AppsFilter: interaction: PackageSetting{ebc228b io.github.ylimit.droidbotapp/10419} -> PackageSetting{dd0cd26 com.android.compos.payload/10243} BLOCKED
08-07 15:30:54.213  2474 10068 I AppsFilter: interaction: PackageSetting{ebc228b io.github.ylimit.droidbotapp/10419} -> PackageSetting{1cd1d67 com.microsoft.emmx/10311} BLOCKED
08-07 15:30:54.213  2474 10068 I AppsFilter: interaction: PackageSetting{ebc228b io.github.ylimit.droidbotapp/10419} -> PackageSetting{7f51714 com.android.settings.intelligence/10142} BLOCKED
08-07 15:30:54.213  2474 10068 I AppsFilter: interaction: PackageSetting{ebc228b io.github.ylimit.droidbotapp/10419} -> PackageSetting{ddb1bbd com.android.calendar/10265} BLOCKED
08-07 15:30:54.213  2474 10068 I AppsFilter: interaction: PackageSetting{ebc228b io.github.ylimit.droidbotapp/10419} -> PackageSetting{9ec95b2 com.miui.virtualsim/10277} BLOCKED
08-07 15:30:54.213  2474 10068 I AppsFilter: interaction: PackageSetting{ebc228b io.github.ylimit.droidbotapp/10419} -> PackageSetting{9042903 com.microsoft.office.outlook/10323} BLOCKED
08-07 15:30:54.213  2474 10068 I AppsFilter: interaction: PackageSetting{ebc228b io.github.ylimit.droidbotapp/10419} -> PackageSetting{6969080 com.miui.compass/10267} BLOCKED
08-07 15:30:54.213  2474 10068 I AppsFilter: interaction: PackageSetting{ebc228b io.github.ylimit.droidbotapp/10419} -> PackageSetting{122b6b9 com.android.printspooler/10224} BLOCKED
08-07 15:30:54.213  2474 10068 I AppsFilter: interaction: PackageSetting{ebc228b io.github.ylimit.droidbotapp/10419} -> PackageSetting{b8a5afe com.android.dreams.basic/10103} BLOCKED
08-07 15:30:54.213  2474 10068 I AppsFilter: interaction: PackageSetting{ebc228b io.github.ylimit.droidbotapp/10419} -> PackageSetting{16525f com.android.incallui/10126} BLOCKED
08-07 15:30:54.213  2474 10068 I AppsFilter: interaction: PackageSetting{ebc228b io.github.ylimit.droidbotapp/10419} -> PackageSetting{b1434ac com.musicworx/10320} BLOCKED
08-07 15:30:54.213  2474 10068 I AppsFilter: interaction: PackageSetting{ebc228b io.github.ylimit.droidbotapp/10419} -> PackageSetting{8af0575 com.android.rkpdapp/10254} BLOCKED
08-07 15:30:54.213  2474 10068 I AppsFilter: interaction: PackageSetting{ebc228b io.github.ylimit.droidbotapp/10419} -> PackageSetting{ca29a53 com.newcall.overlay.miui/10041} BLOCKED
08-07 15:30:54.213  2474 10068 I AppsFilter: interaction: PackageSetting{ebc228b io.github.ylimit.droidbotapp/10419} -> PackageSetting{3ad290a todolist.scheduleplanner.dailyplanner.todo.reminders/10299} BLOCKED
08-07 15:30:54.213  2474 10068 I AppsFilter: interaction: PackageSetting{ebc228b io.github.ylimit.droidbotapp/10419} -> PackageSetting{1e95089 android.auto_generated_characteristics_rro/10068} BLOCKED
08-07 15:30:54.213  2474 10068 I AppsFilter: interaction: PackageSetting{ebc228b io.github.ylimit.droidbotapp/10419} -> PackageSetting{af7b57b com.android.musicfx/10094} BLOCKED
08-07 15:30:54.213  2474 10068 I AppsFilter: interaction: PackageSetting{ebc228b io.github.ylimit.droidbotapp/10419} -> PackageSetting{ce5ef98 com.todoist/10298} BLOCKED
08-07 15:30:54.213  2474 10068 I AppsFilter: interaction: PackageSetting{ebc228b io.github.ylimit.droidbotapp/10419} -> PackageSetting{47783f1 com.google.android.webview/10188} BLOCKED
08-07 15:30:54.213  2474 10068 I AppsFilter: interaction: PackageSetting{ebc228b io.github.ylimit.droidbotapp/10419} -> PackageSetting{e7ccbd6 com.zhuantech.sijiweather/10337} BLOCKED
08-07 15:30:54.213  2474 10068 I AppsFilter: interaction: PackageSetting{ebc228b io.github.ylimit.droidbotapp/10419} -> PackageSetting{ec22e57 com.ss.android.article.news/10325} BLOCKED
08-07 15:30:54.213  2474 10068 I AppsFilter: interaction: PackageSetting{ebc228b io.github.ylimit.droidbotapp/10419} -> PackageSetting{92900cb com.android.phone.auto_generated_characteristics_rro/10060} BLOCKED
08-07 15:30:54.213  2474 10068 I AppsFilter: interaction: PackageSetting{ebc228b io.github.ylimit.droidbotapp/10419} -> PackageSetting{1166d44 com.android.chrome/10282} BLOCKED
08-07 15:30:54.213  2474 10068 I AppsFilter: interaction: PackageSetting{ebc228b io.github.ylimit.droidbotapp/10419} -> PackageSetting{26f6e2d com.UCMobile/10332} BLOCKED
08-07 15:30:54.213  2474 10068 I AppsFilter: interaction: PackageSetting{ebc228b io.github.ylimit.droidbotapp/10419} -> PackageSetting{d1cf62 com.ss.android.ugc.aweme/10322} BLOCKED
08-07 15:30:54.213  2474 10068 I AppsFilter: interaction: PackageSetting{ebc228b io.github.ylimit.droidbotapp/10419} -> PackageSetting{e5158f3 com.android.wifi.resources/10258} BLOCKED
08-07 15:30:54.213  2474 10068 I AppsFilter: interaction: PackageSetting{ebc228b io.github.ylimit.droidbotapp/10419} -> PackageSetting{af19b0 com.skysoft.kkbox.android/10285} BLOCKED
08-07 15:30:54.213  2474 10068 I AppsFilter: interaction: PackageSetting{ebc228b io.github.ylimit.droidbotapp/10419} -> PackageSetting{281c029 com.getsurfboard/10279} BLOCKED
08-07 15:30:54.213  2474 10068 I AppsFilter: interaction: PackageSetting{ebc228b io.github.ylimit.droidbotapp/10419} -> PackageSetting{2817fae com.netease.newsreader.activity/10313} BLOCKED
08-07 15:30:54.213  2474 10068 I AppsFilter: interaction: PackageSetting{ebc228b io.github.ylimit.droidbotapp/10419} -> PackageSetting{756be43 com.android.theme.font.notoserifsource/10017} BLOCKED
08-07 15:30:54.213  2474 10068 I AppsFilter: interaction: PackageSetting{ebc228b io.github.ylimit.droidbotapp/10419} -> PackageSetting{49e914f com.kuaishou.nebula/10329} BLOCKED
08-07 15:30:54.213  2474 10068 I AppsFilter: interaction: PackageSetting{ebc228b io.github.ylimit.droidbotapp/10419} -> PackageSetting{14a6df9 com.android.internal.display.cutout.emulation.waterfall/10012} BLOCKED
08-07 15:30:54.213  2474 10068 I AppsFilter: interaction: PackageSetting{ebc228b io.github.ylimit.droidbotapp/10419} -> PackageSetting{1c8e13e com.android.internal.systemui.navbar.transparent/10063} BLOCKED
08-07 15:30:54.213  2474 10068 I AppsFilter: interaction: PackageSetting{ebc228b io.github.ylimit.droidbotapp/10419} -> PackageSetting{9e420dc com.miui.newhome/10296} BLOCKED
08-07 15:30:54.213  2474 10068 I AppsFilter: interaction: PackageSetting{ebc228b io.github.ylimit.droidbotapp/10419} -> PackageSetting{e4d35e5 com.miui.video/10294} BLOCKED
08-07 15:30:54.213  2474 10068 I AppsFilter: interaction: PackageSetting{ebc228b io.github.ylimit.droidbotapp/10419} -> PackageSetting{169e8ba com.google.android.printservice.recommendation/10153} BLOCKED
08-07 15:30:54.213  2474 10068 I AppsFilter: interaction: PackageSetting{ebc228b io.github.ylimit.droidbotapp/10419} -> PackageSetting{8dcf36b com.baidu.searchbox.lite/10334} BLOCKED
08-07 15:30:54.213  2474 10068 I AppsFilter: interaction: PackageSetting{ebc228b io.github.ylimit.droidbotapp/10419} -> PackageSetting{8006ec8 com.spotify.music/10317} BLOCKED
08-07 15:30:54.213  2474 10068 I AppsFilter: interaction: PackageSetting{ebc228b io.github.ylimit.droidbotapp/10419} -> PackageSetting{a04b61 com.google.android.documentsui/10100} BLOCKED
08-07 15:30:54.213  2474 10068 I AppsFilter: interaction: PackageSetting{ebc228b io.github.ylimit.droidbotapp/10419} -> PackageSetting{93dd686 com.google.android.accessibility.switchaccess/10184} BLOCKED
08-07 15:30:54.213  2474 10068 I AppsFilter: interaction: PackageSetting{ebc228b io.github.ylimit.droidbotapp/10419} -> PackageSetting{8555b47 com.sohu.inputmethod.sogou.xiaomi/10183} BLOCKED
08-07 15:30:54.213  2474 10068 I AppsFilter: interaction: PackageSetting{ebc228b io.github.ylimit.droidbotapp/10419} -> PackageSetting{e11af74 cn.ninegame.gamemanager/10330} BLOCKED
