08-07 15:31:07.194 22445 30087 E VA_PackageUtilsV2: 	at android.app.ApplicationPackageManager.getPackageInfo(ApplicationPackageManager.java:230)
08-07 15:31:07.194 22445 30087 E VA_PackageUtilsV2: 	at m30.r.getVersionCode(SourceFile:44)
08-07 15:31:07.194 22445 30087 E VA_PackageUtilsV2: 	at ez.r0.getVersionCode(SourceFile:1)
08-07 15:31:07.194 22445 30087 E VA_PackageUtilsV2: 	at ff.b.getAccessibilityInfo(SourceFile:93)
08-07 15:31:07.194 22445 30087 E VA_PackageUtilsV2: 	at ff.b.getSimulateClickState(SourceFile:1)
08-07 15:31:07.194 22445 30087 E VA_PackageUtilsV2: 	at com.xiaomi.voiceassistant.u0$a.getSimulateClickState(SourceFile:1)
08-07 15:31:07.194 22445 30087 E VA_PackageUtilsV2: 	at com.xiaomi.voiceassist.engine.context.CacheContext$a.run(SourceFile:14)
08-07 15:31:07.194 22445 30087 E VA_PackageUtilsV2: 	at java.util.concurrent.Executors$RunnableAdapter.call(Executors.java:487)
08-07 15:31:07.194 22445 30087 E VA_PackageUtilsV2: 	at java.util.concurrent.FutureTask.run(FutureTask.java:264)
08-07 15:31:07.194 22445 30087 E VA_PackageUtilsV2: 	at java.util.concurrent.ThreadPoolExecutor.runWorker(ThreadPoolExecutor.java:1251)
08-07 15:31:07.194 22445 30087 E VA_PackageUtilsV2: 	at java.util.concurrent.ThreadPoolExecutor$Worker.run(ThreadPoolExecutor.java:668)
08-07 15:31:07.194 22445 30087 E VA_PackageUtilsV2: 	at java.lang.Thread.run(Thread.java:1012)
08-07 15:31:07.195 20053 20814 I Market-RetrofitRequest: HeaderInterceptor : https://updateinfo.market.xiaomi.com/apm/updateinfo/v2
08-07 15:31:07.196 22445 30087 E VA_PackageUtilsV2: getVersionCode: error
08-07 15:31:07.196 22445 30087 E VA_PackageUtilsV2: android.content.pm.PackageManager$NameNotFoundException: com.eg.android.AlipayGphone
08-07 15:31:07.196 22445 30087 E VA_PackageUtilsV2: 	at android.app.ApplicationPackageManager.getPackageInfoAsUser(ApplicationPackageManager.java:276)
08-07 15:31:07.196 22445 30087 E VA_PackageUtilsV2: 	at android.app.ApplicationPackageManager.getPackageInfo(ApplicationPackageManager.java:236)
08-07 15:31:07.196 22445 30087 E VA_PackageUtilsV2: 	at android.app.ApplicationPackageManager.getPackageInfo(ApplicationPackageManager.java:230)
08-07 15:31:07.196 22445 30087 E VA_PackageUtilsV2: 	at m30.r.getVersionCode(SourceFile:44)
08-07 15:31:07.196 22445 30087 E VA_PackageUtilsV2: 	at ez.r0.getVersionCode(SourceFile:1)
08-07 15:31:07.196 22445 30087 E VA_PackageUtilsV2: 	at ff.b.getAccessibilityInfo(SourceFile:93)
08-07 15:31:07.196 22445 30087 E VA_PackageUtilsV2: 	at ff.b.getSimulateClickState(SourceFile:1)
08-07 15:31:07.196 22445 30087 E VA_PackageUtilsV2: 	at com.xiaomi.voiceassistant.u0$a.getSimulateClickState(SourceFile:1)
08-07 15:31:07.196 22445 30087 E VA_PackageUtilsV2: 	at com.xiaomi.voiceassist.engine.context.CacheContext$a.run(SourceFile:14)
08-07 15:31:07.196 22445 30087 E VA_PackageUtilsV2: 	at java.util.concurrent.Executors$RunnableAdapter.call(Executors.java:487)
08-07 15:31:07.196 22445 30087 E VA_PackageUtilsV2: 	at java.util.concurrent.FutureTask.run(FutureTask.java:264)
08-07 15:31:07.196 22445 30087 E VA_PackageUtilsV2: 	at java.util.concurrent.ThreadPoolExecutor.runWorker(ThreadPoolExecutor.java:1251)
08-07 15:31:07.196 22445 30087 E VA_PackageUtilsV2: 	at java.util.concurrent.ThreadPoolExecutor$Worker.run(ThreadPoolExecutor.java:668)
08-07 15:31:07.196 22445 30087 E VA_PackageUtilsV2: 	at java.lang.Thread.run(Thread.java:1012)
08-07 15:31:07.196  4702  4740 I Finsky  : [2556] kwp.a(206): AIM: AppInfoManager-Perf > ItemModel > CacheSize=33, cacheHitCount=0, cacheMissCount=0, total appsWithNoServerDataCount=3. Missed  in cache (limit 10) : []
08-07 15:31:07.197 22445 30087 E VA_PackageUtilsV2: getVersionCode: error
08-07 15:31:07.197 22445 30087 E VA_PackageUtilsV2: android.content.pm.PackageManager$NameNotFoundException: com.tencent.mm
08-07 15:31:07.197 22445 30087 E VA_PackageUtilsV2: 	at android.app.ApplicationPackageManager.getPackageInfoAsUser(ApplicationPackageManager.java:276)
08-07 15:31:07.197 22445 30087 E VA_PackageUtilsV2: 	at android.app.ApplicationPackageManager.getPackageInfo(ApplicationPackageManager.java:236)
08-07 15:31:07.197 22445 30087 E VA_PackageUtilsV2: 	at android.app.ApplicationPackageManager.getPackageInfo(ApplicationPackageManager.java:230)
08-07 15:31:07.197 22445 30087 E VA_PackageUtilsV2: 	at m30.r.getVersionCode(SourceFile:44)
08-07 15:31:07.197 22445 30087 E VA_PackageUtilsV2: 	at ez.r0.getVersionCode(SourceFile:1)
08-07 15:31:07.197 22445 30087 E VA_PackageUtilsV2: 	at ff.b.getAccessibilityInfo(SourceFile:93)
08-07 15:31:07.197 22445 30087 E VA_PackageUtilsV2: 	at ff.b.getSimulateClickState(SourceFile:1)
08-07 15:31:07.197 22445 30087 E VA_PackageUtilsV2: 	at com.xiaomi.voiceassistant.u0$a.getSimulateClickState(SourceFile:1)
08-07 15:31:07.197 22445 30087 E VA_PackageUtilsV2: 	at com.xiaomi.voiceassist.engine.context.CacheContext$a.run(SourceFile:14)
08-07 15:31:07.197 22445 30087 E VA_PackageUtilsV2: 	at java.util.concurrent.Executors$RunnableAdapter.call(Executors.java:487)
08-07 15:31:07.197 22445 30087 E VA_PackageUtilsV2: 	at java.util.concurrent.FutureTask.run(FutureTask.java:264)
08-07 15:31:07.197 22445 30087 E VA_PackageUtilsV2: 	at java.util.concurrent.ThreadPoolExecutor.runWorker(ThreadPoolExecutor.java:1251)
08-07 15:31:07.197 22445 30087 E VA_PackageUtilsV2: 	at java.util.concurrent.ThreadPoolExecutor$Worker.run(ThreadPoolExecutor.java:668)
08-07 15:31:07.197 22445 30087 E VA_PackageUtilsV2: 	at java.lang.Thread.run(Thread.java:1012)
08-07 15:31:07.200  2474 10061 W system_server: Large reply transaction of 440280 bytes, interface descriptor android.content.pm.IPackageManager, code 3
08-07 15:31:07.203 22445 30087 E VA_PackageUtilsV2: getVersionCode: error
08-07 15:31:07.203 22445 30087 E VA_PackageUtilsV2: android.content.pm.PackageManager$NameNotFoundException: com.tencent.mobileqq
08-07 15:31:07.203 22445 30087 E VA_PackageUtilsV2: 	at android.app.ApplicationPackageManager.getPackageInfoAsUser(ApplicationPackageManager.java:276)
08-07 15:31:07.203 22445 30087 E VA_PackageUtilsV2: 	at android.app.ApplicationPackageManager.getPackageInfo(ApplicationPackageManager.java:236)
08-07 15:31:07.203 22445 30087 E VA_PackageUtilsV2: 	at android.app.ApplicationPackageManager.getPackageInfo(ApplicationPackageManager.java:230)
08-07 15:31:07.203 22445 30087 E VA_PackageUtilsV2: 	at m30.r.getVersionCode(SourceFile:44)
08-07 15:31:07.203 22445 30087 E VA_PackageUtilsV2: 	at ez.r0.getVersionCode(SourceFile:1)
08-07 15:31:07.203 22445 30087 E VA_PackageUtilsV2: 	at ff.b.getAccessibilityInfo(SourceFile:93)
08-07 15:31:07.203 22445 30087 E VA_PackageUtilsV2: 	at ff.b.getSimulateClickState(SourceFile:1)
08-07 15:31:07.203 22445 30087 E VA_PackageUtilsV2: 	at com.xiaomi.voiceassistant.u0$a.getSimulateClickState(SourceFile:1)
08-07 15:31:07.203 22445 30087 E VA_PackageUtilsV2: 	at com.xiaomi.voiceassist.engine.context.CacheContext$a.run(SourceFile:14)
08-07 15:31:07.203 22445 30087 E VA_PackageUtilsV2: 	at java.util.concurrent.Executors$RunnableAdapter.call(Executors.java:487)
08-07 15:31:07.203 22445 30087 E VA_PackageUtilsV2: 	at java.util.concurrent.FutureTask.run(FutureTask.java:264)
08-07 15:31:07.203 22445 30087 E VA_PackageUtilsV2: 	at java.util.concurrent.ThreadPoolExecutor.runWorker(ThreadPoolExecutor.java:1251)
08-07 15:31:07.203 22445 30087 E VA_PackageUtilsV2: 	at java.util.concurrent.ThreadPoolExecutor$Worker.run(ThreadPoolExecutor.java:668)
08-07 15:31:07.203 22445 30087 E VA_PackageUtilsV2: 	at java.lang.Thread.run(Thread.java:1012)
08-07 15:31:07.203 20053 20053 I Market-ServiceUtils: startForeground: CheckUpdateService
08-07 15:31:07.203 22445 30087 E VA_PackageUtilsV2: getVersionCode: error
08-07 15:31:07.203 22445 30087 E VA_PackageUtilsV2: android.content.pm.PackageManager$NameNotFoundException: com.youku.phone
08-07 15:31:07.203 22445 30087 E VA_PackageUtilsV2: 	at android.app.ApplicationPackageManager.getPackageInfoAsUser(ApplicationPackageManager.java:276)
08-07 15:31:07.203 22445 30087 E VA_PackageUtilsV2: 	at android.app.ApplicationPackageManager.getPackageInfo(ApplicationPackageManager.java:236)
08-07 15:31:07.203 22445 30087 E VA_PackageUtilsV2: 	at android.app.ApplicationPackageManager.getPackageInfo(ApplicationPackageManager.java:230)
08-07 15:31:07.203 22445 30087 E VA_PackageUtilsV2: 	at m30.r.getVersionCode(SourceFile:44)
08-07 15:31:07.203 22445 30087 E VA_PackageUtilsV2: 	at ez.r0.getVersionCode(SourceFile:1)
08-07 15:31:07.203 22445 30087 E VA_PackageUtilsV2: 	at ff.b.getAccessibilityInfo(SourceFile:93)
08-07 15:31:07.203 22445 30087 E VA_PackageUtilsV2: 	at ff.b.getSimulateClickState(SourceFile:1)
08-07 15:31:07.203 22445 30087 E VA_PackageUtilsV2: 	at com.xiaomi.voiceassistant.u0$a.getSimulateClickState(SourceFile:1)
08-07 15:31:07.203 22445 30087 E VA_PackageUtilsV2: 	at com.xiaomi.voiceassist.engine.context.CacheContext$a.run(SourceFile:14)
08-07 15:31:07.203 22445 30087 E VA_PackageUtilsV2: 	at java.util.concurrent.Executors$RunnableAdapter.call(Executors.java:487)
08-07 15:31:07.203 22445 30087 E VA_PackageUtilsV2: 	at java.util.concurrent.FutureTask.run(FutureTask.java:264)
08-07 15:31:07.203 22445 30087 E VA_PackageUtilsV2: 	at java.util.concurrent.ThreadPoolExecutor.runWorker(ThreadPoolExecutor.java:1251)
08-07 15:31:07.203 22445 30087 E VA_PackageUtilsV2: 	at java.util.concurrent.ThreadPoolExecutor$Worker.run(ThreadPoolExecutor.java:668)
08-07 15:31:07.203 22445 30087 E VA_PackageUtilsV2: 	at java.lang.Thread.run(Thread.java:1012)
08-07 15:31:07.203 22445 30087 E VA_PackageUtilsV2: getVersionCode: error
08-07 15:31:07.203 22445 30087 E VA_PackageUtilsV2: android.content.pm.PackageManager$NameNotFoundException: com.dianping.v1
08-07 15:31:07.203 22445 30087 E VA_PackageUtilsV2: 	at android.app.ApplicationPackageManager.getPackageInfoAsUser(ApplicationPackageManager.java:276)
08-07 15:31:07.203 22445 30087 E VA_PackageUtilsV2: 	at android.app.ApplicationPackageManager.getPackageInfo(ApplicationPackageManager.java:236)
08-07 15:31:07.203 22445 30087 E VA_PackageUtilsV2: 	at android.app.ApplicationPackageManager.getPackageInfo(ApplicationPackageManager.java:230)
08-07 15:31:07.203 22445 30087 E VA_PackageUtilsV2: 	at m30.r.getVersionCode(SourceFile:44)
08-07 15:31:07.203 22445 30087 E VA_PackageUtilsV2: 	at ez.r0.getVersionCode(SourceFile:1)
08-07 15:31:07.203 22445 30087 E VA_PackageUtilsV2: 	at ff.b.getAccessibilityInfo(SourceFile:93)
08-07 15:31:07.203 22445 30087 E VA_PackageUtilsV2: 	at ff.b.getSimulateClickState(SourceFile:1)
08-07 15:31:07.203 22445 30087 E VA_PackageUtilsV2: 	at com.xiaomi.voiceassistant.u0$a.getSimulateClickState(SourceFile:1)
08-07 15:31:07.203 22445 30087 E VA_PackageUtilsV2: 	at com.xiaomi.voiceassist.engine.context.CacheContext$a.run(SourceFile:14)
08-07 15:31:07.203 22445 30087 E VA_PackageUtilsV2: 	at java.util.concurrent.Executors$RunnableAdapter.call(Executors.java:487)
08-07 15:31:07.203 22445 30087 E VA_PackageUtilsV2: 	at java.util.concurrent.FutureTask.run(FutureTask.java:264)
08-07 15:31:07.203 22445 30087 E VA_PackageUtilsV2: 	at java.util.concurrent.ThreadPoolExecutor.runWorker(ThreadPoolExecutor.java:1251)
08-07 15:31:07.203 22445 30087 E VA_PackageUtilsV2: 	at java.util.concurrent.ThreadPoolExecutor$Worker.run(ThreadPoolExecutor.java:668)
08-07 15:31:07.203 22445 30087 E VA_PackageUtilsV2: 	at java.lang.Thread.run(Thread.java:1012)
08-07 15:31:07.204 22445 30087 E VA_PackageUtilsV2: getVersionCode: error
08-07 15:31:07.204 22445 30087 E VA_PackageUtilsV2: android.content.pm.PackageManager$NameNotFoundException: com.sina.weibo
08-07 15:31:07.204 22445 30087 E VA_PackageUtilsV2: 	at android.app.ApplicationPackageManager.getPackageInfoAsUser(ApplicationPackageManager.java:276)
08-07 15:31:07.204 22445 30087 E VA_PackageUtilsV2: 	at android.app.ApplicationPackageManager.getPackageInfo(ApplicationPackageManager.java:236)
08-07 15:31:07.204 22445 30087 E VA_PackageUtilsV2: 	at android.app.ApplicationPackageManager.getPackageInfo(ApplicationPackageManager.java:230)
08-07 15:31:07.204 22445 30087 E VA_PackageUtilsV2: 	at m30.r.getVersionCode(SourceFile:44)
08-07 15:31:07.204 22445 30087 E VA_PackageUtilsV2: 	at ez.r0.getVersionCode(SourceFile:1)
08-07 15:31:07.204 22445 30087 E VA_PackageUtilsV2: 	at ff.b.getAccessibilityInfo(SourceFile:93)
08-07 15:31:07.204 22445 30087 E VA_PackageUtilsV2: 	at ff.b.getSimulateClickState(SourceFile:1)
08-07 15:31:07.204 22445 30087 E VA_PackageUtilsV2: 	at com.xiaomi.voiceassistant.u0$a.getSimulateClickState(SourceFile:1)
08-07 15:31:07.204 22445 30087 E VA_PackageUtilsV2: 	at com.xiaomi.voiceassist.engine.context.CacheContext$a.run(SourceFile:14)
08-07 15:31:07.204 22445 30087 E VA_PackageUtilsV2: 	at java.util.concurrent.Executors$RunnableAdapter.call(Executors.java:487)
08-07 15:31:07.204 22445 30087 E VA_PackageUtilsV2: 	at java.util.concurrent.FutureTask.run(FutureTask.java:264)
08-07 15:31:07.204 22445 30087 E VA_PackageUtilsV2: 	at java.util.concurrent.ThreadPoolExecutor.runWorker(ThreadPoolExecutor.java:1251)
08-07 15:31:07.204 22445 30087 E VA_PackageUtilsV2: 	at java.util.concurrent.ThreadPoolExecutor$Worker.run(ThreadPoolExecutor.java:668)
08-07 15:31:07.204 22445 30087 E VA_PackageUtilsV2: 	at java.lang.Thread.run(Thread.java:1012)
08-07 15:31:07.205 22445 30087 E VA_PackageUtilsV2: getVersionCode: error
08-07 15:31:07.205 22445 30087 E VA_PackageUtilsV2: android.content.pm.PackageManager$NameNotFoundException: com.xiaomi.lens
08-07 15:31:07.205 22445 30087 E VA_PackageUtilsV2: 	at android.app.ApplicationPackageManager.getPackageInfoAsUser(ApplicationPackageManager.java:276)
08-07 15:31:07.205 22445 30087 E VA_PackageUtilsV2: 	at android.app.ApplicationPackageManager.getPackageInfo(ApplicationPackageManager.java:236)
08-07 15:31:07.205 22445 30087 E VA_PackageUtilsV2: 	at android.app.ApplicationPackageManager.getPackageInfo(ApplicationPackageManager.java:230)
08-07 15:31:07.205 22445 30087 E VA_PackageUtilsV2: 	at m30.r.getVersionCode(SourceFile:44)
08-07 15:31:07.205 22445 30087 E VA_PackageUtilsV2: 	at ez.r0.getVersionCode(SourceFile:1)
08-07 15:31:07.205 22445 30087 E VA_PackageUtilsV2: 	at ff.b.getAccessibilityInfo(SourceFile:93)
08-07 15:31:07.205 22445 30087 E VA_PackageUtilsV2: 	at ff.b.getSimulateClickState(SourceFile:1)
08-07 15:31:07.205 22445 30087 E VA_PackageUtilsV2: 	at com.xiaomi.voiceassistant.u0$a.getSimulateClickState(SourceFile:1)
08-07 15:31:07.205 22445 30087 E VA_PackageUtilsV2: 	at com.xiaomi.voiceassist.engine.context.CacheContext$a.run(SourceFile:14)
08-07 15:31:07.205 22445 30087 E VA_PackageUtilsV2: 	at java.util.concurrent.Executors$RunnableAdapter.call(Executors.java:487)
08-07 15:31:07.205 22445 30087 E VA_PackageUtilsV2: 	at java.util.concurrent.FutureTask.run(FutureTask.java:264)
08-07 15:31:07.205 22445 30087 E VA_PackageUtilsV2: 	at java.util.concurrent.ThreadPoolExecutor.runWorker(ThreadPoolExecutor.java:1251)
08-07 15:31:07.205 22445 30087 E VA_PackageUtilsV2: 	at java.util.concurrent.ThreadPoolExecutor$Worker.run(ThreadPoolExecutor.java:668)
08-07 15:31:07.205 22445 30087 E VA_PackageUtilsV2: 	at java.lang.Thread.run(Thread.java:1012)
08-07 15:31:07.206 22445 30087 E VA_PackageUtilsV2: getVersionCode: error
08-07 15:31:07.206 22445 30087 E VA_PackageUtilsV2: android.content.pm.PackageManager$NameNotFoundException: com.taobao.taobao
08-07 15:31:07.206 22445 30087 E VA_PackageUtilsV2: 	at android.app.ApplicationPackageManager.getPackageInfoAsUser(ApplicationPackageManager.java:276)
08-07 15:31:07.206 22445 30087 E VA_PackageUtilsV2: 	at android.app.ApplicationPackageManager.getPackageInfo(ApplicationPackageManager.java:236)
08-07 15:31:07.206 22445 30087 E VA_PackageUtilsV2: 	at android.app.ApplicationPackageManager.getPackageInfo(ApplicationPackageManager.java:230)
08-07 15:31:07.206 22445 30087 E VA_PackageUtilsV2: 	at m30.r.getVersionCode(SourceFile:44)
08-07 15:31:07.206 22445 30087 E VA_PackageUtilsV2: 	at ez.r0.getVersionCode(SourceFile:1)
08-07 15:31:07.206 22445 30087 E VA_PackageUtilsV2: 	at ff.b.getAccessibilityInfo(SourceFile:93)
08-07 15:31:07.206 22445 30087 E VA_PackageUtilsV2: 	at ff.b.getSimulateClickState(SourceFile:1)
08-07 15:31:07.206 22445 30087 E VA_PackageUtilsV2: 	at com.xiaomi.voiceassistant.u0$a.getSimulateClickState(SourceFile:1)
08-07 15:31:07.206 22445 30087 E VA_PackageUtilsV2: 	at com.xiaomi.voiceassist.engine.context.CacheContext$a.run(SourceFile:14)
08-07 15:31:07.206 22445 30087 E VA_PackageUtilsV2: 	at java.util.concurrent.Executors$RunnableAdapter.call(Executors.java:487)
08-07 15:31:07.206 22445 30087 E VA_PackageUtilsV2: 	at java.util.concurrent.FutureTask.run(FutureTask.java:264)
08-07 15:31:07.206 22445 30087 E VA_PackageUtilsV2: 	at java.util.concurrent.ThreadPoolExecutor.runWorker(ThreadPoolExecutor.java:1251)
08-07 15:31:07.206 22445 30087 E VA_PackageUtilsV2: 	at java.util.concurrent.ThreadPoolExecutor$Worker.run(ThreadPoolExecutor.java:668)
08-07 15:31:07.206 22445 30087 E VA_PackageUtilsV2: 	at java.lang.Thread.run(Thread.java:1012)
08-07 15:31:07.207  2474 10067 W ActivityManager: Foreground service started from background can not have location/camera/microphone access: service com.xiaomi.market/.business_core.update.auto.CheckUpdateService
08-07 15:31:07.207  2474 10067 I ActivityManager: Background started FGS: Allowed [callingPackage: com.xiaomi.market; callingUid: 10167; uidState: SVC ; uidBFSL: n/a; intent: Intent { cmp=com.xiaomi.market/.business_core.update.auto.CheckUpdateService (has extras) }; code:SYSTEM_ALERT_WINDOW_PERMISSION; tempAllowListReason:<,reasonCode:SYSTEM_ALLOW_LISTED,duration:9223372036854775807,callingUid:-1>; targetSdkVersion:33; callerTargetSdkVersion:33; startForegroundCount:0; bindFromPackage:null: isBindService:false]
08-07 15:31:07.207  2474 10067 W ForegroundServiceTypeLoggerModule: Foreground service start for UID: 10167 does not have any types
08-07 15:31:07.209  2474  7379 I whetstone.activity: processNotifyEvent1 resId = 256, bundle = Bundle[{startTime=476491531, sourcePkg=com.miui.cleanmaster, sourceUid=10266, status=0, jobId=657, batteryName=com.miui.cleanmaster/androidx.work.impl.background.systemjob.SystemJobService, elapsedRealtime=476491531}]
08-07 15:31:07.209 14191 16614 I EventMonitor: notifyEvent resId=256
08-07 15:31:07.210  2474  7257 I MiuiNetworkPolicy: updateUidState uid = 10261, uidState = 4
08-07 15:31:07.210  2474  7257 I MiuiNetworkPolicyTrafficLimit: updateWhiteListUidForMobileTraffic uid=10261,add=true
08-07 15:31:07.210  2474  7257 I MiuiNetworkPolicy: updateUidState uid = 10203, uidState = 4
08-07 15:31:07.210  2474  7257 I MiuiNetworkPolicy: updateUidState uid = 10169, uidState = 4
08-07 15:31:07.211  2474  7257 I MiuiNetworkPolicyTrafficLimit: updateWhiteListUidForMobileTraffic uid=10169,add=true
08-07 15:31:07.211  2474  7257 I MiuiNetworkPolicy: updateUidState uid = 10167, uidState = 4
08-07 15:31:07.211  2474  7257 I MiuiNetworkPolicyTrafficLimit: updateWhiteListUidForMobileTraffic uid=10167,add=true
08-07 15:31:07.211  2474  7257 I MiuiNetworkPolicy: updateUidState uid = 10158, uidState = 4
08-07 15:31:07.211  1865  1865 I vendor.qti.hardware.servicetrackeraidl-service: unbindService is called for service : com.miui.cleanmaster/androidx.work.impl.background.systemjob.SystemJobService and for client system
08-07 15:31:07.211  1865  1865 I vendor.qti.hardware.servicetrackeraidl-service: size of service connections for service: com.miui.cleanmaster/androidx.work.impl.background.systemjob.SystemJobServiceafter removal is 0
08-07 15:31:07.211  1865  1865 I vendor.qti.hardware.servicetrackeraidl-service: size of client connections for client: systemafter removal is 31
08-07 15:31:07.211  1865  1865 I vendor.qti.hardware.servicetrackeraidl-service: destroyService is called for service : com.miui.cleanmaster/androidx.work.impl.background.systemjob.SystemJobService
08-07 15:31:07.213 20053  8996 I Market-WakeLockManager: acquire wakeLock: CheckUpdateService for 30000
08-07 15:31:07.214  2474  2641 W JobScheduler: Job didn't exist in JobStore: 
08-07 15:31:07.214  2474  2641 W SSRU-ResourceUsageProxy: Nonexistent ongoing transaction JHR:657 for u:0 pkg:com.miui.cleanmaster ended
08-07 15:31:07.215  2474  7257 I MiuiNetworkPolicyTrafficLimit: updateWhiteListUidForMobileTraffic uid=10158,add=true
08-07 15:31:07.217  2474  7257 I MiuiNetworkPolicy: updateUidState uid = 10266, uidState = 10
08-07 15:31:07.218  2474  7257 I MiuiNetworkPolicy: updateUidState uid = 10266, uidState = 19
08-07 15:31:07.219 22445 30087 E VA_PackageUtilsV2: getVersionCode: error
08-07 15:31:07.219 22445 30087 E VA_PackageUtilsV2: android.content.pm.PackageManager$NameNotFoundException: com.mipay.wallet
08-07 15:31:07.219 22445 30087 E VA_PackageUtilsV2: 	at android.app.ApplicationPackageManager.getPackageInfoAsUser(ApplicationPackageManager.java:276)
08-07 15:31:07.219 22445 30087 E VA_PackageUtilsV2: 	at android.app.ApplicationPackageManager.getPackageInfo(ApplicationPackageManager.java:236)
08-07 15:31:07.219 22445 30087 E VA_PackageUtilsV2: 	at android.app.ApplicationPackageManager.getPackageInfo(ApplicationPackageManager.java:230)
08-07 15:31:07.219 22445 30087 E VA_PackageUtilsV2: 	at m30.r.getVersionCode(SourceFile:44)
08-07 15:31:07.219 22445 30087 E VA_PackageUtilsV2: 	at ez.r0.getVersionCode(SourceFile:1)
08-07 15:31:07.219 22445 30087 E VA_PackageUtilsV2: 	at ff.b.getAccessibilityInfo(SourceFile:93)
08-07 15:31:07.219 22445 30087 E VA_PackageUtilsV2: 	at ff.b.getSimulateClickState(SourceFile:1)
08-07 15:31:07.219 22445 30087 E VA_PackageUtilsV2: 	at com.xiaomi.voiceassistant.u0$a.getSimulateClickState(SourceFile:1)
08-07 15:31:07.219 22445 30087 E VA_PackageUtilsV2: 	at com.xiaomi.voiceassist.engine.context.CacheContext$a.run(SourceFile:14)
08-07 15:31:07.219 22445 30087 E VA_PackageUtilsV2: 	at java.util.concurrent.Executors$RunnableAdapter.call(Executors.java:487)
08-07 15:31:07.219 22445 30087 E VA_PackageUtilsV2: 	at java.util.concurrent.FutureTask.run(FutureTask.java:264)
08-07 15:31:07.219 22445 30087 E VA_PackageUtilsV2: 	at java.util.concurrent.ThreadPoolExecutor.runWorker(ThreadPoolExecutor.java:1251)
08-07 15:31:07.219 22445 30087 E VA_PackageUtilsV2: 	at java.util.concurrent.ThreadPoolExecutor$Worker.run(ThreadPoolExecutor.java:668)
08-07 15:31:07.219 22445 30087 E VA_PackageUtilsV2: 	at java.lang.Thread.run(Thread.java:1012)
08-07 15:31:07.220 11098  9508 I Fitness : (REDACTED) OnPackageChangedOperation got intent: %s
08-07 15:31:07.220 20053  8996 I Market-CheckUpdateService: force check Update Apps
08-07 15:31:07.220 20053  8996 I Market-LocalAppManager: query update apps from server : begin
08-07 15:31:07.220 20053  8996 I Market-LocalAppManager: checkUpdateFromServer : start
08-07 15:31:07.220 20053  8996 I Market-LocalAppManager: getUpdateInfoFromServer : start,isBackground=true
08-07 15:31:07.220 11128 19231 I AppLinksAsyncVerifierV2: (REDACTED) Verification result: checking for a statement with source %s, relation delegate_permission/common.handle_all_urls, and target %s --> %b.
08-07 15:31:07.221 11128  9446 I AppLinksHostsVerifierV2: (REDACTED) Verification %s complete. Successful hosts: %s. Failed hosts: %s. Error hosts: %s.
08-07 15:31:07.228 20053 20814 E Market-Client: isSupportChildMode, error: java.lang.NumberFormatException: For input string: ""
08-07 15:31:07.228 20053 20814 E Market-Client: isSupportChildMode, error: java.lang.NumberFormatException: For input string: ""
08-07 15:31:07.228 11098  9507 I Fitness : (REDACTED) FitCleanupIntentOperation received Intent %s
08-07 15:31:07.229 22445 30087 E VA_PackageUtilsV2: getVersionCode: error
08-07 15:31:07.229 22445 30087 E VA_PackageUtilsV2: android.content.pm.PackageManager$NameNotFoundException: com.tencent.map
08-07 15:31:07.229 22445 30087 E VA_PackageUtilsV2: 	at android.app.ApplicationPackageManager.getPackageInfoAsUser(ApplicationPackageManager.java:276)
08-07 15:31:07.229 22445 30087 E VA_PackageUtilsV2: 	at android.app.ApplicationPackageManager.getPackageInfo(ApplicationPackageManager.java:236)
08-07 15:31:07.229 22445 30087 E VA_PackageUtilsV2: 	at android.app.ApplicationPackageManager.getPackageInfo(ApplicationPackageManager.java:230)
08-07 15:31:07.229 22445 30087 E VA_PackageUtilsV2: 	at m30.r.getVersionCode(SourceFile:44)
08-07 15:31:07.229 22445 30087 E VA_PackageUtilsV2: 	at ez.r0.getVersionCode(SourceFile:1)
08-07 15:31:07.229 22445 30087 E VA_PackageUtilsV2: 	at ff.b.getAccessibilityInfo(SourceFile:93)
08-07 15:31:07.229 22445 30087 E VA_PackageUtilsV2: 	at ff.b.getSimulateClickState(SourceFile:1)
08-07 15:31:07.229 22445 30087 E VA_PackageUtilsV2: 	at com.xiaomi.voiceassistant.u0$a.getSimulateClickState(SourceFile:1)
08-07 15:31:07.229 22445 30087 E VA_PackageUtilsV2: 	at com.xiaomi.voiceassist.engine.context.CacheContext$a.run(SourceFile:14)
08-07 15:31:07.229 22445 30087 E VA_PackageUtilsV2: 	at java.util.concurrent.Executors$RunnableAdapter.call(Executors.java:487)
08-07 15:31:07.229 22445 30087 E VA_PackageUtilsV2: 	at java.util.concurrent.FutureTask.run(FutureTask.java:264)
08-07 15:31:07.229 22445 30087 E VA_PackageUtilsV2: 	at java.util.concurrent.ThreadPoolExecutor.runWorker(ThreadPoolExecutor.java:1251)
08-07 15:31:07.229 22445 30087 E VA_PackageUtilsV2: 	at java.util.concurrent.ThreadPoolExecutor$Worker.run(ThreadPoolExecutor.java:668)
08-07 15:31:07.229 22445 30087 E VA_PackageUtilsV2: 	at java.lang.Thread.run(Thread.java:1012)
08-07 15:31:07.230 20053 20814 I Market-LimitSpeedManager: startLimitSpeedNow() ====== speed = 32768
08-07 15:31:07.230  4702  4702 I Finsky  : [2] akwu.c(44): Do not start WearSupportService due to Wear service optimization
08-07 15:31:07.230  4702  4702 I Finsky  : [2] kuy.f(9): AIM: AppInfoCacheUpdater -> invalidating apps: [com.hualai]
08-07 15:31:07.230  4702  4702 I Finsky  : [2] kvn.g(21): AIM: AppInfoManager-Perf > getApps > called for 1 apps
08-07 15:31:07.231 11098  9507 I ProximityAuth: [RecentAppsMediator] Package added: (user=UserHandle{0}) com.hualai
08-07 15:31:07.231  4702  4702 I Finsky  : [2] srb.akj(13): DTU: Received onPackageAdded, replacing: false
08-07 15:31:07.231 22445 30087 E VA_PackageUtilsV2: getVersionCode: error
08-07 15:31:07.231 22445 30087 E VA_PackageUtilsV2: android.content.pm.PackageManager$NameNotFoundException: com.tencent.news
08-07 15:31:07.231 22445 30087 E VA_PackageUtilsV2: 	at android.app.ApplicationPackageManager.getPackageInfoAsUser(ApplicationPackageManager.java:276)
08-07 15:31:07.231 22445 30087 E VA_PackageUtilsV2: 	at android.app.ApplicationPackageManager.getPackageInfo(ApplicationPackageManager.java:236)
08-07 15:31:07.231 22445 30087 E VA_PackageUtilsV2: 	at android.app.ApplicationPackageManager.getPackageInfo(ApplicationPackageManager.java:230)
08-07 15:31:07.231 22445 30087 E VA_PackageUtilsV2: 	at m30.r.getVersionCode(SourceFile:44)
08-07 15:31:07.231 22445 30087 E VA_PackageUtilsV2: 	at ez.r0.getVersionCode(SourceFile:1)
08-07 15:31:07.231 22445 30087 E VA_PackageUtilsV2: 	at ff.b.getAccessibilityInfo(SourceFile:93)
08-07 15:31:07.231 22445 30087 E VA_PackageUtilsV2: 	at ff.b.getSimulateClickState(SourceFile:1)
08-07 15:31:07.231 22445 30087 E VA_PackageUtilsV2: 	at com.xiaomi.voiceassistant.u0$a.getSimulateClickState(SourceFile:1)
08-07 15:31:07.231 22445 30087 E VA_PackageUtilsV2: 	at com.xiaomi.voiceassist.engine.context.CacheContext$a.run(SourceFile:14)
08-07 15:31:07.231 22445 30087 E VA_PackageUtilsV2: 	at java.util.concurrent.Executors$RunnableAdapter.call(Executors.java:487)
08-07 15:31:07.231 22445 30087 E VA_PackageUtilsV2: 	at java.util.concurrent.FutureTask.run(FutureTask.java:264)
08-07 15:31:07.231 22445 30087 E VA_PackageUtilsV2: 	at java.util.concurrent.ThreadPoolExecutor.runWorker(ThreadPoolExecutor.java:1251)
08-07 15:31:07.231 22445 30087 E VA_PackageUtilsV2: 	at java.util.concurrent.ThreadPoolExecutor$Worker.run(ThreadPoolExecutor.java:668)
08-07 15:31:07.231 22445 30087 E VA_PackageUtilsV2: 	at java.lang.Thread.run(Thread.java:1012)
08-07 15:31:07.231  4702  4740 I Finsky  : [2556] kwt.a(55): AIM: AppInfoManager-Perf > OnDeviceAppInfo > cacheHitCount=0, cacheMissCount=1. Missed  in cache (limit 10) : [com.hualai]
08-07 15:31:07.232 22445 30087 E VA_PackageUtilsV2: getVersionCode: error
08-07 15:31:07.232 22445 30087 E VA_PackageUtilsV2: android.content.pm.PackageManager$NameNotFoundException: cmb.pb
08-07 15:31:07.232 22445 30087 E VA_PackageUtilsV2: 	at android.app.ApplicationPackageManager.getPackageInfoAsUser(ApplicationPackageManager.java:276)
08-07 15:31:07.232 22445 30087 E VA_PackageUtilsV2: 	at android.app.ApplicationPackageManager.getPackageInfo(ApplicationPackageManager.java:236)
08-07 15:31:07.232 22445 30087 E VA_PackageUtilsV2: 	at android.app.ApplicationPackageManager.getPackageInfo(ApplicationPackageManager.java:230)
08-07 15:31:07.232 22445 30087 E VA_PackageUtilsV2: 	at m30.r.getVersionCode(SourceFile:44)
08-07 15:31:07.232 22445 30087 E VA_PackageUtilsV2: 	at ez.r0.getVersionCode(SourceFile:1)
08-07 15:31:07.232 22445 30087 E VA_PackageUtilsV2: 	at ff.b.getAccessibilityInfo(SourceFile:93)
08-07 15:31:07.232 22445 30087 E VA_PackageUtilsV2: 	at ff.b.getSimulateClickState(SourceFile:1)
08-07 15:31:07.232 22445 30087 E VA_PackageUtilsV2: 	at com.xiaomi.voiceassistant.u0$a.getSimulateClickState(SourceFile:1)
08-07 15:31:07.232 22445 30087 E VA_PackageUtilsV2: 	at com.xiaomi.voiceassist.engine.context.CacheContext$a.run(SourceFile:14)
08-07 15:31:07.232 22445 30087 E VA_PackageUtilsV2: 	at java.util.concurrent.Executors$RunnableAdapter.call(Executors.java:487)
08-07 15:31:07.232 22445 30087 E VA_PackageUtilsV2: 	at java.util.concurrent.FutureTask.run(FutureTask.java:264)
08-07 15:31:07.232 22445 30087 E VA_PackageUtilsV2: 	at java.util.concurrent.ThreadPoolExecutor.runWorker(ThreadPoolExecutor.java:1251)
08-07 15:31:07.232 22445 30087 E VA_PackageUtilsV2: 	at java.util.concurrent.ThreadPoolExecutor$Worker.run(ThreadPoolExecutor.java:668)
08-07 15:31:07.232 22445 30087 E VA_PackageUtilsV2: 	at java.lang.Thread.run(Thread.java:1012)
08-07 15:31:07.232  4702  4757 I Finsky  : [2570] kuq.apply(1378): AIM: Got app ownership map. App counts: . Unique apps: 0
08-07 15:31:07.233 11128  9446 I WebApkHostsVerifierV2: (REDACTED) Processing %d input requests
08-07 15:31:07.233 11128  9446 I AppLinksUtilsV1: Legacy cross-profile verification enabled [CONTEXT service_id=244 ]
08-07 15:31:07.233 11128  9446 I WebApkHostsVerifierV2: (REDACTED) Returning %d non-WebAPK requests
08-07 15:31:07.234 11098  9508 W GCM     : Unexpected forwarded intent: Intent { act=android.intent.action.PACKAGE_ADDED dat=package: flg=0x4000010 pkg=com.google.android.gms cmp=com.google.android.gms/.chimera.PersistentIntentOperationService (has extras) }
08-07 15:31:07.234 10308 13372 I e.security.miui: This is sticky GC, maxfree is 16777216 minfree is 8388608
08-07 15:31:07.235 11098  9521 W NetworkScheduler: Unexpected forwarded intent: Intent { act=android.intent.action.PACKAGE_ADDED dat=package: flg=0x4000010 pkg=com.google.android.gms cmp=com.google.android.gms/.chimera.PersistentIntentOperationService (has extras) }
08-07 15:31:07.236 20053 20814 I Market-DownloadLimitSpeedManager: startLimitSpeed success. Total count 1
08-07 15:31:07.236 20053 20814 I Market-RetrofitRequest: HeaderInterceptor : https://updateinfo.market.xiaomi.com/apm/updateinfo/v2
08-07 15:31:07.237  1865  1865 I vendor.qti.hardware.servicetrackeraidl-service: destroyService is called for service : com.google.android.gms/.fitness.service.recording.FitRecordingBroker
08-07 15:31:07.237 25558 27337 I artd    : Dex parent of /data/app/~~mfWz-KGTt_GGSzD5-77sgw==/com.hualai-kJdcOzH7VTdnhtr5Fhw47Q==/base.apk is not writable: Permission denied
08-07 15:31:07.237 25558 27337 I artd    : GetBestInfo checking odex in dalvik-cache (/data/dalvik-cache/arm64/data@app@~~mfWz-KGTt_GGSzD5-77sgw==@com.hualai-kJdcOzH7VTdnhtr5Fhw47Q==@base.apk@classes.dex)
08-07 15:31:07.237 25558 27337 I artd    : Loading /data/dalvik-cache/arm64/data@app@~~mfWz-KGTt_GGSzD5-77sgw==@com.hualai-kJdcOzH7VTdnhtr5Fhw47Q==@base.apk@classes.dex with executable: 0
08-07 15:31:07.237 25558 27337 I artd    : OatFileAssistant test for existing oat file /data/dalvik-cache/arm64/data@app@~~mfWz-KGTt_GGSzD5-77sgw==@com.hualai-kJdcOzH7VTdnhtr5Fhw47Q==@base.apk@classes.dex: File /data/dalvik-cache/arm64/data@app@~~mfWz-KGTt_GGSzD5-77sgw==@com.hualai-kJdcOzH7VTdnhtr5Fhw47Q==@base.apk@classes.vdex does not exist.
08-07 15:31:07.237 25558 27337 I artd    : GetBestInfo checking odex next to the dex file (/data/app/~~mfWz-KGTt_GGSzD5-77sgw==/com.hualai-kJdcOzH7VTdnhtr5Fhw47Q==/oat/arm64/base.odex)
08-07 15:31:07.237 25558 27337 I artd    : Loading /data/app/~~mfWz-KGTt_GGSzD5-77sgw==/com.hualai-kJdcOzH7VTdnhtr5Fhw47Q==/oat/arm64/base.odex with executable: 0
08-07 15:31:07.237 22445 30087 E VA_PackageUtilsV2: getVersionCode: error
08-07 15:31:07.237 22445 30087 E VA_PackageUtilsV2: android.content.pm.PackageManager$NameNotFoundException: com.Qunar
08-07 15:31:07.237 22445 30087 E VA_PackageUtilsV2: 	at android.app.ApplicationPackageManager.getPackageInfoAsUser(ApplicationPackageManager.java:276)
08-07 15:31:07.237 22445 30087 E VA_PackageUtilsV2: 	at android.app.ApplicationPackageManager.getPackageInfo(ApplicationPackageManager.java:236)
08-07 15:31:07.237 22445 30087 E VA_PackageUtilsV2: 	at android.app.ApplicationPackageManager.getPackageInfo(ApplicationPackageManager.java:230)
08-07 15:31:07.237 22445 30087 E VA_PackageUtilsV2: 	at m30.r.getVersionCode(SourceFile:44)
08-07 15:31:07.237 22445 30087 E VA_PackageUtilsV2: 	at ez.r0.getVersionCode(SourceFile:1)
08-07 15:31:07.237 22445 30087 E VA_PackageUtilsV2: 	at ff.b.getAccessibilityInfo(SourceFile:93)
08-07 15:31:07.237 22445 30087 E VA_PackageUtilsV2: 	at ff.b.getSimulateClickState(SourceFile:1)
08-07 15:31:07.237 22445 30087 E VA_PackageUtilsV2: 	at com.xiaomi.voiceassistant.u0$a.getSimulateClickState(SourceFile:1)
08-07 15:31:07.237 22445 30087 E VA_PackageUtilsV2: 	at com.xiaomi.voiceassist.engine.context.CacheContext$a.run(SourceFile:14)
08-07 15:31:07.237 22445 30087 E VA_PackageUtilsV2: 	at java.util.concurrent.Executors$RunnableAdapter.call(Executors.java:487)
08-07 15:31:07.237 22445 30087 E VA_PackageUtilsV2: 	at java.util.concurrent.FutureTask.run(FutureTask.java:264)
08-07 15:31:07.237 22445 30087 E VA_PackageUtilsV2: 	at java.util.concurrent.ThreadPoolExecutor.runWorker(ThreadPoolExecutor.java:1251)
08-07 15:31:07.237 22445 30087 E VA_PackageUtilsV2: 	at java.util.concurrent.ThreadPoolExecutor$Worker.run(ThreadPoolExecutor.java:668)
08-07 15:31:07.237 22445 30087 E VA_PackageUtilsV2: 	at java.lang.Thread.run(Thread.java:1012)
08-07 15:31:07.237 25558 27337 I artd    : Successfully loaded /data/app/~~mfWz-KGTt_GGSzD5-77sgw==/com.hualai-kJdcOzH7VTdnhtr5Fhw47Q==/oat/arm64/base.odex with executable: 0
08-07 15:31:07.238  4702  9001 I Finsky  : [2972] pcp.accept(129): Wrote row to frosting DB: 1735
08-07 15:31:07.239  4702  4757 I Finsky  : [2570] kwp.a(206): AIM: AppInfoManager-Perf > ItemModel > CacheSize=33, cacheHitCount=0, cacheMissCount=0, total appsWithNoServerDataCount=3. Missed  in cache (limit 10) : []
08-07 15:31:07.241 11128  9491 I Auth    : (REDACTED) [SupervisedAccountIntentOperationV2] onHandleIntent: %s
08-07 15:31:07.243  1843  2051 I SDM     : DisplayBase::CommitThread: Received idle timeout, panel: cmd, timeout: 70000 us
08-07 15:31:07.244  1865  1865 I vendor.qti.hardware.servicetrackeraidl-service: destroyService is called for service : com.google.android.gms/.icing.service.IndexWorkerService
08-07 15:31:07.244 11128  9489 I Dck     : (REDACTED) disableDckSupport: %s
08-07 15:31:07.244 11128  9489 I Dck     : [WirelessCapabilitiesFeatures] wccSysProp: 1 [CONTEXT service_id=289 ]
08-07 15:31:07.244 11128  9489 I Dck     : [WirelessCapabilitiesFeatures] wccMendel: 3 [CONTEXT service_id=289 ]
08-07 15:31:07.244 11128  9489 I Dck     : [WirelessCapabilitiesFeatures] deviceWccOverride: false [CONTEXT service_id=289 ]
08-07 15:31:07.244 11128  9489 I Dck     : [WirelessCapabilitiesFeatures] replaceSupportedWccWithWccOverride: true [CONTEXT service_id=289 ]
08-07 15:31:07.244 11128  9489 I Dck     : [WirelessCapabilitiesFeatures] wccOverride: not set [CONTEXT service_id=289 ]
08-07 15:31:07.244 11128  9489 I Dck     : (REDACTED) [WirelessCapabilitiesFeatures] wcc: %s
08-07 15:31:07.244 11128  9489 I Dck     : Dck module condition - downloadAllowed: false [CONTEXT service_id=289 ]
08-07 15:31:07.244 11128  9489 W Dck     : Dck module not eligible for asynchronous downloading [CONTEXT service_id=289 ]
08-07 15:31:07.245 25558 27337 I artd    : /data/app/~~mfWz-KGTt_GGSzD5-77sgw==/com.hualai-kJdcOzH7VTdnhtr5Fhw47Q==/oat/arm64/base.odex is kOatUpToDate with filter verify
08-07 15:31:07.245 22445 30087 E VA_PackageUtilsV2: getVersionCode: error
08-07 15:31:07.245 22445 30087 E VA_PackageUtilsV2: android.content.pm.PackageManager$NameNotFoundException: com.ss.android.article.lite
08-07 15:31:07.245 22445 30087 E VA_PackageUtilsV2: 	at android.app.ApplicationPackageManager.getPackageInfoAsUser(ApplicationPackageManager.java:276)
08-07 15:31:07.245 22445 30087 E VA_PackageUtilsV2: 	at android.app.ApplicationPackageManager.getPackageInfo(ApplicationPackageManager.java:236)
08-07 15:31:07.245 22445 30087 E VA_PackageUtilsV2: 	at android.app.ApplicationPackageManager.getPackageInfo(ApplicationPackageManager.java:230)
08-07 15:31:07.245 22445 30087 E VA_PackageUtilsV2: 	at m30.r.getVersionCode(SourceFile:44)
08-07 15:31:07.245 22445 30087 E VA_PackageUtilsV2: 	at ez.r0.getVersionCode(SourceFile:1)
08-07 15:31:07.245 22445 30087 E VA_PackageUtilsV2: 	at ff.b.getAccessibilityInfo(SourceFile:93)
08-07 15:31:07.245 22445 30087 E VA_PackageUtilsV2: 	at ff.b.getSimulateClickState(SourceFile:1)
08-07 15:31:07.245 22445 30087 E VA_PackageUtilsV2: 	at com.xiaomi.voiceassistant.u0$a.getSimulateClickState(SourceFile:1)
08-07 15:31:07.245 22445 30087 E VA_PackageUtilsV2: 	at com.xiaomi.voiceassist.engine.context.CacheContext$a.run(SourceFile:14)
08-07 15:31:07.245 22445 30087 E VA_PackageUtilsV2: 	at java.util.concurrent.Executors$RunnableAdapter.call(Executors.java:487)
08-07 15:31:07.245 22445 30087 E VA_PackageUtilsV2: 	at java.util.concurrent.FutureTask.run(FutureTask.java:264)
08-07 15:31:07.245 22445 30087 E VA_PackageUtilsV2: 	at java.util.concurrent.ThreadPoolExecutor.runWorker(ThreadPoolExecutor.java:1251)
08-07 15:31:07.245 22445 30087 E VA_PackageUtilsV2: 	at java.util.concurrent.ThreadPoolExecutor$Worker.run(ThreadPoolExecutor.java:668)
08-07 15:31:07.245 22445 30087 E VA_PackageUtilsV2: 	at java.lang.Thread.run(Thread.java:1012)
08-07 15:31:07.246 11128  9447 I NearbyDiscovery: (REDACTED) processGrantSlicePermission: %s
08-07 15:31:07.247  4702  4702 I Finsky  : [2] adpc.f(9): Clearing split related stale data.
08-07 15:31:07.248  4702  4702 I Finsky  : [2] yag.g(1): yag - Received: android.intent.action.PACKAGE_CHANGED, [ba6aLhh3-Swj88yMGIG_P-AP2hqY0z9YBjjyR540gII]
08-07 15:31:07.248  4702  9017 I Finsky  : [2980] mjw.ajf(151): [ContentSync] finished, scheduled=false
08-07 15:31:07.250 22445 30087 E VA_PackageUtilsV2: getVersionCode: error
08-07 15:31:07.250 22445 30087 E VA_PackageUtilsV2: android.content.pm.PackageManager$NameNotFoundException: com.xunmeng.pinduoduo
08-07 15:31:07.250 22445 30087 E VA_PackageUtilsV2: 	at android.app.ApplicationPackageManager.getPackageInfoAsUser(ApplicationPackageManager.java:276)
08-07 15:31:07.250 22445 30087 E VA_PackageUtilsV2: 	at android.app.ApplicationPackageManager.getPackageInfo(ApplicationPackageManager.java:236)
08-07 15:31:07.250 22445 30087 E VA_PackageUtilsV2: 	at android.app.ApplicationPackageManager.getPackageInfo(ApplicationPackageManager.java:230)
08-07 15:31:07.250 22445 30087 E VA_PackageUtilsV2: 	at m30.r.getVersionCode(SourceFile:44)
08-07 15:31:07.250 22445 30087 E VA_PackageUtilsV2: 	at ez.r0.getVersionCode(SourceFile:1)
08-07 15:31:07.250 22445 30087 E VA_PackageUtilsV2: 	at ff.b.getAccessibilityInfo(SourceFile:93)
08-07 15:31:07.250 22445 30087 E VA_PackageUtilsV2: 	at ff.b.getSimulateClickState(SourceFile:1)
08-07 15:31:07.250 22445 30087 E VA_PackageUtilsV2: 	at com.xiaomi.voiceassistant.u0$a.getSimulateClickState(SourceFile:1)
08-07 15:31:07.250 22445 30087 E VA_PackageUtilsV2: 	at com.xiaomi.voiceassist.engine.context.CacheContext$a.run(SourceFile:14)
08-07 15:31:07.250 22445 30087 E VA_PackageUtilsV2: 	at java.util.concurrent.Executors$RunnableAdapter.call(Executors.java:487)
08-07 15:31:07.250 22445 30087 E VA_PackageUtilsV2: 	at java.util.concurrent.FutureTask.run(FutureTask.java:264)
08-07 15:31:07.250 22445 30087 E VA_PackageUtilsV2: 	at java.util.concurrent.ThreadPoolExecutor.runWorker(ThreadPoolExecutor.java:1251)
08-07 15:31:07.250 22445 30087 E VA_PackageUtilsV2: 	at java.util.concurrent.ThreadPoolExecutor$Worker.run(ThreadPoolExecutor.java:668)
08-07 15:31:07.250 22445 30087 E VA_PackageUtilsV2: 	at java.lang.Thread.run(Thread.java:1012)
08-07 15:31:07.251 22445 30087 E VA_PackageUtilsV2: getVersionCode: error
08-07 15:31:07.251 22445 30087 E VA_PackageUtilsV2: android.content.pm.PackageManager$NameNotFoundException: com.jifen.qukan
08-07 15:31:07.251 22445 30087 E VA_PackageUtilsV2: 	at android.app.ApplicationPackageManager.getPackageInfoAsUser(ApplicationPackageManager.java:276)
08-07 15:31:07.251 22445 30087 E VA_PackageUtilsV2: 	at android.app.ApplicationPackageManager.getPackageInfo(ApplicationPackageManager.java:236)
08-07 15:31:07.251 22445 30087 E VA_PackageUtilsV2: 	at android.app.ApplicationPackageManager.getPackageInfo(ApplicationPackageManager.java:230)
08-07 15:31:07.251 22445 30087 E VA_PackageUtilsV2: 	at m30.r.getVersionCode(SourceFile:44)
08-07 15:31:07.251 22445 30087 E VA_PackageUtilsV2: 	at ez.r0.getVersionCode(SourceFile:1)
08-07 15:31:07.251 22445 30087 E VA_PackageUtilsV2: 	at ff.b.getAccessibilityInfo(SourceFile:93)
08-07 15:31:07.251 22445 30087 E VA_PackageUtilsV2: 	at ff.b.getSimulateClickState(SourceFile:1)
08-07 15:31:07.251 22445 30087 E VA_PackageUtilsV2: 	at com.xiaomi.voiceassistant.u0$a.getSimulateClickState(SourceFile:1)
08-07 15:31:07.251 22445 30087 E VA_PackageUtilsV2: 	at com.xiaomi.voiceassist.engine.context.CacheContext$a.run(SourceFile:14)
08-07 15:31:07.251 22445 30087 E VA_PackageUtilsV2: 	at java.util.concurrent.Executors$RunnableAdapter.call(Executors.java:487)
08-07 15:31:07.251 22445 30087 E VA_PackageUtilsV2: 	at java.util.concurrent.FutureTask.run(FutureTask.java:264)
08-07 15:31:07.251 22445 30087 E VA_PackageUtilsV2: 	at java.util.concurrent.ThreadPoolExecutor.runWorker(ThreadPoolExecutor.java:1251)
08-07 15:31:07.251 22445 30087 E VA_PackageUtilsV2: 	at java.util.concurrent.ThreadPoolExecutor$Worker.run(ThreadPoolExecutor.java:668)
08-07 15:31:07.251 22445 30087 E VA_PackageUtilsV2: 	at java.lang.Thread.run(Thread.java:1012)
08-07 15:31:07.251 22445 30087 E VA_PackageUtilsV2: getVersionCode: error
08-07 15:31:07.251 22445 30087 E VA_PackageUtilsV2: android.content.pm.PackageManager$NameNotFoundException: com.zhihu.android
08-07 15:31:07.251 22445 30087 E VA_PackageUtilsV2: 	at android.app.ApplicationPackageManager.getPackageInfoAsUser(ApplicationPackageManager.java:276)
08-07 15:31:07.251 22445 30087 E VA_PackageUtilsV2: 	at android.app.ApplicationPackageManager.getPackageInfo(ApplicationPackageManager.java:236)
08-07 15:31:07.251 22445 30087 E VA_PackageUtilsV2: 	at android.app.ApplicationPackageManager.getPackageInfo(ApplicationPackageManager.java:230)
08-07 15:31:07.251 22445 30087 E VA_PackageUtilsV2: 	at m30.r.getVersionCode(SourceFile:44)
08-07 15:31:07.251 22445 30087 E VA_PackageUtilsV2: 	at ez.r0.getVersionCode(SourceFile:1)
08-07 15:31:07.251 22445 30087 E VA_PackageUtilsV2: 	at ff.b.getAccessibilityInfo(SourceFile:93)
08-07 15:31:07.251 22445 30087 E VA_PackageUtilsV2: 	at ff.b.getSimulateClickState(SourceFile:1)
08-07 15:31:07.251 22445 30087 E VA_PackageUtilsV2: 	at com.xiaomi.voiceassistant.u0$a.getSimulateClickState(SourceFile:1)
08-07 15:31:07.251 22445 30087 E VA_PackageUtilsV2: 	at com.xiaomi.voiceassist.engine.context.CacheContext$a.run(SourceFile:14)
08-07 15:31:07.251 22445 30087 E VA_PackageUtilsV2: 	at java.util.concurrent.Executors$RunnableAdapter.call(Executors.java:487)
08-07 15:31:07.251 22445 30087 E VA_PackageUtilsV2: 	at java.util.concurrent.FutureTask.run(FutureTask.java:264)
08-07 15:31:07.251 22445 30087 E VA_PackageUtilsV2: 	at java.util.concurrent.ThreadPoolExecutor.runWorker(ThreadPoolExecutor.java:1251)
08-07 15:31:07.251 22445 30087 E VA_PackageUtilsV2: 	at java.util.concurrent.ThreadPoolExecutor$Worker.run(ThreadPoolExecutor.java:668)
08-07 15:31:07.251 22445 30087 E VA_PackageUtilsV2: 	at java.lang.Thread.run(Thread.java:1012)
08-07 15:31:07.252  4702  9001 I Finsky  : [2972] pcp.accept(129): Wrote row to frosting DB: 1736
08-07 15:31:07.253 22445 30087 E VA_PackageUtilsV2: getVersionCode: error
08-07 15:31:07.253 22445 30087 E VA_PackageUtilsV2: android.content.pm.PackageManager$NameNotFoundException: com.jingyao.easybike
08-07 15:31:07.253 22445 30087 E VA_PackageUtilsV2: 	at android.app.ApplicationPackageManager.getPackageInfoAsUser(ApplicationPackageManager.java:276)
08-07 15:31:07.253 22445 30087 E VA_PackageUtilsV2: 	at android.app.ApplicationPackageManager.getPackageInfo(ApplicationPackageManager.java:236)
08-07 15:31:07.253 22445 30087 E VA_PackageUtilsV2: 	at android.app.ApplicationPackageManager.getPackageInfo(ApplicationPackageManager.java:230)
08-07 15:31:07.253 22445 30087 E VA_PackageUtilsV2: 	at m30.r.getVersionCode(SourceFile:44)
08-07 15:31:07.253 22445 30087 E VA_PackageUtilsV2: 	at ez.r0.getVersionCode(SourceFile:1)
08-07 15:31:07.253 22445 30087 E VA_PackageUtilsV2: 	at ff.b.getAccessibilityInfo(SourceFile:93)
08-07 15:31:07.253 22445 30087 E VA_PackageUtilsV2: 	at ff.b.getSimulateClickState(SourceFile:1)
08-07 15:31:07.253 22445 30087 E VA_PackageUtilsV2: 	at com.xiaomi.voiceassistant.u0$a.getSimulateClickState(SourceFile:1)
08-07 15:31:07.253 22445 30087 E VA_PackageUtilsV2: 	at com.xiaomi.voiceassist.engine.context.CacheContext$a.run(SourceFile:14)
08-07 15:31:07.253 22445 30087 E VA_PackageUtilsV2: 	at java.util.concurrent.Executors$RunnableAdapter.call(Executors.java:487)
08-07 15:31:07.253 22445 30087 E VA_PackageUtilsV2: 	at java.util.concurrent.FutureTask.run(FutureTask.java:264)
08-07 15:31:07.253 22445 30087 E VA_PackageUtilsV2: 	at java.util.concurrent.ThreadPoolExecutor.runWorker(ThreadPoolExecutor.java:1251)
08-07 15:31:07.253 22445 30087 E VA_PackageUtilsV2: 	at java.util.concurrent.ThreadPoolExecutor$Worker.run(ThreadPoolExecutor.java:668)
08-07 15:31:07.253 22445 30087 E VA_PackageUtilsV2: 	at java.lang.Thread.run(Thread.java:1012)
08-07 15:31:07.257 22445 30087 E VA_PackageUtilsV2: getVersionCode: error
08-07 15:31:07.257 22445 30087 E VA_PackageUtilsV2: android.content.pm.PackageManager$NameNotFoundException: com.xiaomi.shop
08-07 15:31:07.257 22445 30087 E VA_PackageUtilsV2: 	at android.app.ApplicationPackageManager.getPackageInfoAsUser(ApplicationPackageManager.java:276)
08-07 15:31:07.257 22445 30087 E VA_PackageUtilsV2: 	at android.app.ApplicationPackageManager.getPackageInfo(ApplicationPackageManager.java:236)
08-07 15:31:07.257 22445 30087 E VA_PackageUtilsV2: 	at android.app.ApplicationPackageManager.getPackageInfo(ApplicationPackageManager.java:230)
08-07 15:31:07.257 22445 30087 E VA_PackageUtilsV2: 	at m30.r.getVersionCode(SourceFile:44)
08-07 15:31:07.257 22445 30087 E VA_PackageUtilsV2: 	at ez.r0.getVersionCode(SourceFile:1)
08-07 15:31:07.257 22445 30087 E VA_PackageUtilsV2: 	at ff.b.getAccessibilityInfo(SourceFile:93)
08-07 15:31:07.257 22445 30087 E VA_PackageUtilsV2: 	at ff.b.getSimulateClickState(SourceFile:1)
08-07 15:31:07.257 22445 30087 E VA_PackageUtilsV2: 	at com.xiaomi.voiceassistant.u0$a.getSimulateClickState(SourceFile:1)
08-07 15:31:07.257 22445 30087 E VA_PackageUtilsV2: 	at com.xiaomi.voiceassist.engine.context.CacheContext$a.run(SourceFile:14)
08-07 15:31:07.257 22445 30087 E VA_PackageUtilsV2: 	at java.util.concurrent.Executors$RunnableAdapter.call(Executors.java:487)
08-07 15:31:07.257 22445 30087 E VA_PackageUtilsV2: 	at java.util.concurrent.FutureTask.run(FutureTask.java:264)
08-07 15:31:07.257 22445 30087 E VA_PackageUtilsV2: 	at java.util.concurrent.ThreadPoolExecutor.runWorker(ThreadPoolExecutor.java:1251)
08-07 15:31:07.257 22445 30087 E VA_PackageUtilsV2: 	at java.util.concurrent.ThreadPoolExecutor$Worker.run(ThreadPoolExecutor.java:668)
08-07 15:31:07.257 22445 30087 E VA_PackageUtilsV2: 	at java.lang.Thread.run(Thread.java:1012)
08-07 15:31:07.258 11098  9506 I Fitness : (REDACTED) OnPackageChangedOperation got intent: %s
08-07 15:31:07.258  4702  4702 I Finsky  : [2] kuy.f(9): AIM: AppInfoCacheUpdater -> invalidating apps: [com.hualai]
08-07 15:31:07.259  4702  4702 I Finsky  : [2] kvn.g(21): AIM: AppInfoManager-Perf > getApps > called for 1 apps
08-07 15:31:07.260  4702  4740 I Finsky  : [2556] kwt.a(55): AIM: AppInfoManager-Perf > OnDeviceAppInfo > cacheHitCount=0, cacheMissCount=1. Missed  in cache (limit 10) : [com.hualai]
08-07 15:31:07.260  4702  4740 I Finsky  : [2556] kwt.a(55): AIM: AppInfoManager-Perf > OnDeviceAppInfo > cacheHitCount=1, cacheMissCount=0. Missed  in cache (limit 10) : []
08-07 15:31:07.261  4702  4740 I Finsky  : [2556] kuq.apply(1378): AIM: Got app ownership map. App counts: . Unique apps: 0
08-07 15:31:07.261  4702  4740 I Finsky  : [2556] kuq.apply(1378): AIM: Got app ownership map. App counts: . Unique apps: 0
