--------- beginning of main
08-06 17:06:43.435  6011 30846 I Market-DownloadLimitSpeedManager: startLimitSpeed success. Total count 1
08-06 17:06:43.435  6011 30846 I Market-RetrofitRequest: HeaderInterceptor : https://updateinfo.market.xiaomi.com/apm/updateinfo/v2
08-06 17:06:43.441  3050  3078 E libsensor-parseRGB: CWB NotifyCWBBufferDone  error 0
08-06 17:06:43.496  1843  2051 I SDM     : DisplayBase::CommitThread: Received idle timeout, panel: cmd, timeout: 70000 us
--------- beginning of system
08-06 17:06:43.514  2474  2474 W NotificationHistory: Attempted to add notif for locked/gone/disabled user 0
08-06 17:06:43.523  7890  7890 E NotifCollection: No notification to remove with key 0|com.xiaomi.market|129318158|null|10167 reason=0:REASON_UNKNOWN
08-06 17:06:43.573 19029 19639 I auth    : [XMS][Auth] updateAuthInfo in db true
08-06 17:06:43.576 19029 19639 I auth    : [XMS][Auth] updateAuthInfo in db true
08-06 17:06:43.577 19029 19638 I auth    : [XMS][Auth] updateAuthInfo in db true
08-06 17:06:43.580 19029 19638 I auth    : [XMS][Auth] updateAuthInfo in db true
08-06 17:06:43.582 19029 19639 I auth    : [XMS][Auth] updateAuthInfo in db true
08-06 17:06:43.584 19029 19639 I auth    : [XMS][Auth] updateAuthInfo in db true
08-06 17:06:43.587 19029 19638 I auth    : [XMS][Auth] updateAuthInfo in db true
08-06 17:06:43.588 19029 19639 I auth    : [XMS][Auth] updateAuthInfo in db true
08-06 17:06:43.588  3086  3086 I adbd    : in ShellService: export ANDROID_LOG_TAGS="''"; exec logcat '-v' 'threadtime' '*:I'
08-06 17:06:43.596 13588  9962 I auth    : [XMS][Auth] updateAuthInfo in db true
08-06 17:06:43.597 13588  9963 I auth    : [XMS][Auth] updateAuthInfo in db true
08-06 17:06:43.599  1850  9931 E ANDR-PERF-LM: SAGT_ACTION: UpdateFPSData() 138: update /sys/kernel/sched_penalty/parameters/fps to 30, ret is 0
08-06 17:06:43.600  1850  9931 E ANDR-PERF-LM: SAGT_ACTION: updateAutoPenatly() 161: recovery auto penatly gamefps 30.000000, measured fps is 29.500000, gap is 0.500000 
08-06 17:06:43.600 13588  9963 I auth    : [XMS][Auth] updateAuthInfo in db true
08-06 17:06:43.602 13588  9962 I auth    : [XMS][Auth] updateAuthInfo in db true
08-06 17:06:43.604 19029 19638 I auth    : [XMS][Auth] updateAuthInfo in db true
08-06 17:06:43.604 13588  9963 I auth    : [XMS][Auth] updateAuthInfo in db true
08-06 17:06:43.606 19029 19638 I auth    : [XMS][Auth] updateAuthInfo in db true
08-06 17:06:43.611 19029 19638 I auth    : [XMS][Auth] updateAuthInfo in db true
08-06 17:06:43.614  3086  3086 I adbd    : in ShellService: getevent -lt
08-06 17:06:43.614 13588  9962 I auth    : [XMS][Auth] updateAuthInfo in db true
08-06 17:06:43.616 13588  9962 I auth    : [XMS][Auth] updateAuthInfo in db true
08-06 17:06:43.617 13588  9963 I auth    : [XMS][Auth] updateAuthInfo in db true
08-06 17:06:43.618 13588  9963 I auth    : [XMS][Auth] updateAuthInfo in db true
08-06 17:06:43.619 13588  9963 I auth    : [XMS][Auth] updateAuthInfo in db true
08-06 17:06:43.620  3086  3086 I adbd    : in ShellService: ime enable io.github.ylimit.droidbotapp/.DroidBotIME
08-06 17:06:43.621 13588  9962 I auth    : [XMS][Auth] updateAuthInfo in db true
08-06 17:06:43.623  3086  3086 I adbd    : in ShellService: ps
08-06 17:06:43.689  6011 30846 I Market-DownloadLimitSpeedManager: stopLimitSpeed
08-06 17:06:43.690  6011 30846 I Market-ThermalLimitSpeedManager: startLoopLimitSpeed() ----------
08-06 17:06:43.690  6011 30846 I Market-LimitSpeedManager: stopLimitSpeedNow() =========== 
08-06 17:06:43.702  3086  3086 I adbd    : in ShellService: ime set io.github.ylimit.droidbotapp/.DroidBotIME
08-06 17:06:43.729  6011 30846 I Market-RetrofitRequest: callEnd : https://updateinfo.market.xiaomi.com/apm/updateinfo/v2
08-06 17:06:43.734  6011 30846 W Market-Connection: Connection result is cut off as too long
08-06 17:06:43.745  7458  7458 I HandWritingStubImpl: refreshLastKeyboardType: 1
08-06 17:06:43.745 14158 14158 E BaseInputMethodService: onUnbindInput
08-06 17:06:43.745  7458  7458 I HandWritingStubImpl: getCurrentKeyboardType: 1
08-06 17:06:43.747  6011 30846 I Market-LocalAppManager: getUpdateInfoFromServer : end  , responseCode : OK
08-06 17:06:43.747  6011 30846 I Market-LocalAppManager: checkUpdateFromServer : end
08-06 17:06:43.747  2474  4372 I InputReader: Reconfiguring input devices, changes=KEYBOARD_LAYOUTS
08-06 17:06:43.748  6011 30846 I Market-LocalAppManager: checkUpdateFromServer  data parser : end
08-06 17:06:43.748  6011 30846 I Market-HuanjiManager: condition not satisfied, ignore
08-06 17:06:43.749  6011 30846 I Market-DataParser: [InvalidPackageList] JSON : invalidSystemPackageList list is null
08-06 17:06:43.749  6011 30846 I Market-LocalAppManager: checkUpdateFromServer  filter package : end
08-06 17:06:43.749  6011 30846 I Market-LocalAppManager: checkUpdateFromServer  support64BitPackagesJsonArray : end
08-06 17:06:43.749  6011 30846 I Market-LocalAppManager: query update apps from server : finish, 54 / 425 to update
08-06 17:06:43.750 14191 14518 I IMECheckManager: getSelectedInputMethod, ime is io.github.ylimit.droidbotapp/.DroidBotIME
08-06 17:06:43.751 14191 14518 I IMECheckManager: InputMethodObserver, userId is 0, ime = io.github.ylimit.droidbotapp/.DroidBotIME
08-06 17:06:43.751 13710 14256 I k1      : input method change: 
08-06 17:06:43.757  2474  4398 W InputMethodManagerService: Clear show forced flag.
08-06 17:06:43.757  2474  4398 W SecurityInputMethodSwitcher: first check switch to security ime: false
08-06 17:06:43.757  2474  4398 W SecurityInputMethodSwitcher: double check switch to security ime: false
08-06 17:06:43.757  2474  4398 W SecurityInputMethodSwitcher: switch to other input method from security ime:false mayChangeToMiuiSecurityInputMethod: false current focus window: android.os.BinderProxy@840b88e
08-06 17:06:43.759  7458  7458 I HandWritingStubImpl: refreshLastKeyboardType: 1
08-06 17:06:43.759  7458  7458 I HandWritingStubImpl: getCurrentKeyboardType: 1
08-06 17:06:43.759  6011 30846 I Market-RetrofitRequest: callStart : https://updateinfo.market.xiaomi.com/apm/updateinfo/priority
08-06 17:06:43.760  6011 30846 I Market-RetrofitRequest: HeaderInterceptor : https://updateinfo.market.xiaomi.com/apm/updateinfo/priority
08-06 17:06:43.760  1865  1865 I vendor.qti.hardware.servicetrackeraidl-service: unbindService is called for service : com.sohu.inputmethod.sogou.xiaomi/.SogouIME and for client system
08-06 17:06:43.760  1865  1865 I vendor.qti.hardware.servicetrackeraidl-service: size of service connections for service: com.sohu.inputmethod.sogou.xiaomi/.SogouIMEafter removal is 0
08-06 17:06:43.760  1865  1865 I vendor.qti.hardware.servicetrackeraidl-service: size of client connections for client: systemafter removal is 26
08-06 17:06:43.760  1865  1865 I vendor.qti.hardware.servicetrackeraidl-service: destroyService is called for service : com.sohu.inputmethod.sogou.xiaomi/.SogouIME
08-06 17:06:43.761  6011 30846 E Market-Client: isSupportChildMode, error: java.lang.NumberFormatException: For input string: ""
08-06 17:06:43.761  6011 30846 E Market-Client: isSupportChildMode, error: java.lang.NumberFormatException: For input string: ""
08-06 17:06:43.762  2474  7257 I MiuiNetworkPolicy: updateUidState uid = 10183, uidState = 10
08-06 17:06:43.763  2474  4398 W InputManager-JNI: Input channel object '99e5c00 InputMethod (client)' was disposed without first being removed with the input manager!
08-06 17:06:43.763  6011 30846 I Market-LimitSpeedManager: startLimitSpeedNow() ====== speed = 32768
08-06 17:06:43.766  6011 30846 I Market-DownloadLimitSpeedManager: startLimitSpeed success. Total count 1
08-06 17:06:43.766 14158 14158 E BaseInputMethodService: onDestroy
08-06 17:06:43.766  6011 30846 I Market-RetrofitRequest: HeaderInterceptor : https://updateinfo.market.xiaomi.com/apm/updateinfo/priority
08-06 17:06:43.768  2036  2036 E DisplayModeController: setDesiredMode : Idle status skip setActiveMode, isDdicIdleMode: 1
08-06 17:06:43.768  1865  1865 I vendor.qti.hardware.servicetrackeraidl-service: bindService is called for service : io.github.ylimit.droidbotapp/.DroidBotIME and for client system
08-06 17:06:43.768  1865  1865 I vendor.qti.hardware.servicetrackeraidl-service: total connections for service : io.github.ylimit.droidbotapp/.DroidBotIMEare :1
08-06 17:06:43.768  1865  1865 I vendor.qti.hardware.servicetrackeraidl-service: total connections for client : systemare :27
08-06 17:06:43.768 14158 14158 W WindowOnBackDispatcher: sendCancelIfRunning: isInProgress=false callback=android.view.ViewRootImpl$$ExternalSyntheticLambda12@7cca4f
08-06 17:06:43.769  2474  7657 W WindowManager: Failed looking up window session=Session{b0cc2cd 14158:u0a10183} callers=com.android.server.wm.WindowManagerService.windowForClientLocked:7019 com.android.server.wm.Session.setOnBackInvokedCallbackInfo:1092 android.view.IWindowSession$Stub.onTransact:1281 
08-06 17:06:43.769  2474  7657 I WindowManager: setOnBackInvokedCallback(): No window state for package:com.sohu.inputmethod.sogou.xiaomi
08-06 17:06:43.770  2474  7657 W WindowManager: Cannot find window which accessibility connection is added to
08-06 17:06:43.771  2474  7657 W WindowManager: Failed looking up window session=Session{b0cc2cd 14158:u0a10183} callers=com.android.server.wm.WindowManagerService.removeClientToken:2442 com.android.server.wm.Session.remove:290 android.view.IWindowSession$Stub.onTransact:741 
08-06 17:06:43.772 14158 14158 I IMEBottomManager: disableQuickMoveCursor
08-06 17:06:43.773  2474  4398 W InputMethodManagerService: Clear show forced flag.
08-06 17:06:43.773  2474  4398 W SecurityInputMethodSwitcher: first check switch to security ime: false
08-06 17:06:43.773  2474  4398 W SecurityInputMethodSwitcher: double check switch to security ime: false
08-06 17:06:43.773  2474  4398 W SecurityInputMethodSwitcher: switch to other input method from security ime:false mayChangeToMiuiSecurityInputMethod: false current focus window: android.os.BinderProxy@840b88e
08-06 17:06:43.773 14191 14518 I IMECheckManager: getSelectedInputMethod, ime is io.github.ylimit.droidbotapp/.DroidBotIME
08-06 17:06:43.774 14191 14518 I IMECheckManager: updateCurrentIME, userId is 0, ime is io.github.ylimit.droidbotapp/.DroidBotIME, pkg is io.github.ylimit.droidbotapp, uid is 10357
08-06 17:06:43.774 14191 14518 I IMECheckManager: getSelectedInputMethod, ime is io.github.ylimit.droidbotapp/.DroidBotIME
08-06 17:06:43.775 14191 14518 I IMECheckManager: InputMethodObserver, userId is 0, ime = io.github.ylimit.droidbotapp/.DroidBotIME
08-06 17:06:43.775  1843  2428 I SDM     : HWCDisplay::SetActiveConfigWithConstraints: display:66-0, config: 3, WxH 1200x2670, fps 120
08-06 17:06:43.775  1843  2428 W SDM     : HWDeviceDRM::GetSupportedBitClkRate: Requested rate not supported: 1150000000
08-06 17:06:43.776  1843  2428 I SDM     : HWDeviceDRM::UpdateMixerAttributes: Mixer WxH 1200x2670-1 for Peripheral
08-06 17:06:43.776  1843  2428 I SDM     : HWCDisplay::SubmitDisplayConfig: Active configuration changed from config 1 to 3
08-06 17:06:43.776  1843  2428 I SDM     : HWCDisplay::SubmitDisplayConfig: Active WxH 1200x2670 ,ddic_mode:auto, timing_fps: 120, sf_fps: 120
08-06 17:06:43.776 14191 14518 I IMECheckManager: getSelectedInputMethod, ime is io.github.ylimit.droidbotapp/.DroidBotIME
08-06 17:06:43.777  1843  3496 I vendor.qti.hardware.display.composer-service: Sensor: notify citsensorservice to trigger cwb, misForced = 0
08-06 17:06:43.777  3050  4554 I libsensor-parseRGB: request dump start for mRequestDisplayId 0
08-06 17:06:43.778  2474  4291 I ClipboardServiceI: checkProviderWakePathForClipboard: primaryClip is null
08-06 17:06:43.778  2474  4291 I SmartPower: com.miui.phrase/10162(24218): idle->background(140680ms) R(content provider start ContentProviderRecord{af5fdc5 u0 com.miui.phrase/com.miui.provider.InputProvider}) adj=0.
08-06 17:06:43.778 14191 14518 I IMECheckManager: updateCurrentIME, userId is 0, ime is io.github.ylimit.droidbotapp/.DroidBotIME, pkg is io.github.ylimit.droidbotapp, uid is 10357
08-06 17:06:43.778 14191 14518 I ActiveStateController: Ime outdated, uid is 10183
08-06 17:06:43.779  2474  7257 I MiuiNetworkPolicy: updateUidState uid = 10162, uidState = 10
08-06 17:06:43.779 14191 14606 I PowerKeeperConfigureManager: userId is 0, Ime outdated, uid is 10183
08-06 17:06:43.780 14191 14518 I ActiveStateController: Ime update, uid is 10357
08-06 17:06:43.780  2474 19255 I ClipboardServiceI: checkProviderWakePathForClipboard: primaryClip is null
08-06 17:06:43.782  7464  9895 I htmlviewercloudcontrol: isStagingEnv:false param =  InputMethod  uriMatch = 2, cluster: cn, version: 569290, traceId: edf791a3c2f0f49177c2934c6d2002a2, regId: +4z3RS85+e2U9l+sd6caQ/srGmJCsEbKpG1twyPn1K0CrNNyxYT/yAgGVxm5X+yC
08-06 17:06:43.784 14191 14606 I PowerKeeperConfigureManager: userId is 0, Ime update, uid is 10357
08-06 17:06:43.789  2474  2642 E InputMethodManagerService: Ignoring com.android.server.inputmethod.InputMethodManagerService.updateStatusIcon:2768 due to an invalid token. uid:10183 token:android.os.Binder@7472f36
08-06 17:06:43.791 14158 14158 W WindowTokenClientController: Can't find attached WindowTokenClient for android.window.WindowTokenClient@138f667
08-06 17:06:43.796  2474  7257 I MiuiNetworkPolicy: updateUidState uid = 10183, uidState = 16
08-06 17:06:43.797  2474  7257 I MiuiNetworkPolicy: updateUidState uid = 10162, uidState = 19
08-06 17:06:43.804 30704 30931 W ziparchive: Unable to open '/system/framework/QXPerformance.dm': No such file or directory
08-06 17:06:43.804 30704 30931 W ziparchive: Unable to open '/system/framework/QXPerformance.dm': No such file or directory
08-06 17:06:43.805  2474  7657 I AppsFilter: interaction: PackageSetting{a475946 io.github.ylimit.droidbotapp/10357} -> PackageSetting{e466e62 com.miui.screenrecorder/10273} BLOCKED
08-06 17:06:43.805  2474  7657 I AppsFilter: interaction: PackageSetting{a475946 io.github.ylimit.droidbotapp/10357} -> PackageSetting{b6b0bf3 com.android.cts.priv.ctsshim/10252} BLOCKED
08-06 17:06:43.805  2474  7657 I AppsFilter: interaction: PackageSetting{a475946 io.github.ylimit.droidbotapp/10357} -> PackageSetting{b2a50b0 com.quark.browser/10328} BLOCKED
08-06 17:06:43.805  2474  7657 I AppsFilter: interaction: PackageSetting{a475946 io.github.ylimit.droidbotapp/10357} -> PackageSetting{dba2b29 com.android.uwb.resources/10242} BLOCKED
08-06 17:06:43.805  2474  7657 I AppsFilter: interaction: PackageSetting{a475946 io.github.ylimit.droidbotapp/10357} -> PackageSetting{ba57201 com.android.internal.display.cutout.emulation.corner/10008} BLOCKED
08-06 17:06:43.805  2474  7657 I AppsFilter: interaction: PackageSetting{a475946 io.github.ylimit.droidbotapp/10357} -> PackageSetting{bf408a6 com.android.internal.display.cutout.emulation.double/10013} BLOCKED
08-06 17:06:43.806  2474  7657 I AppsFilter: interaction: PackageSetting{a475946 io.github.ylimit.droidbotapp/10357} -> PackageSetting{a193679 io.appium.settings/10274} BLOCKED
08-06 17:06:43.806  2474  7657 I AppsFilter: interaction: PackageSetting{a475946 io.github.ylimit.droidbotapp/10357} -> PackageSetting{c210eae com.unionpay.tsmservice.mi/10185} BLOCKED
08-06 17:06:43.806  2474  7657 I AppsFilter: interaction: PackageSetting{a475946 io.github.ylimit.droidbotapp/10357} -> PackageSetting{520744f com.android.healthconnect.controller/10245} BLOCKED
08-06 17:06:43.806  2474  7657 I AppsFilter: interaction: PackageSetting{a475946 io.github.ylimit.droidbotapp/10357} -> PackageSetting{65bc7dc com.wuba.zhuanzhuan/10260} BLOCKED
08-06 17:06:43.806  2474  7657 I AppsFilter: interaction: PackageSetting{a475946 io.github.ylimit.droidbotapp/10357} -> PackageSetting{c2150e5 com.alibaba.aliexpresshd/10303} BLOCKED
08-06 17:06:43.806  3050 25119 E libsensor-parseRGB: CWB NotifyCWBBufferDone  error 0
08-06 17:06:43.806  2474  7657 I AppsFilter: interaction: PackageSetting{a475946 io.github.ylimit.droidbotapp/10357} -> PackageSetting{6f367ba com.google.android.onetimeinitializer/10123} BLOCKED
08-06 17:06:43.806  2474  7657 I AppsFilter: interaction: PackageSetting{a475946 io.github.ylimit.droidbotapp/10357} -> PackageSetting{31a066b com.android.health.connect.backuprestore/10246} BLOCKED
08-06 17:06:43.806  2474  7657 I AppsFilter: interaction: PackageSetting{a475946 io.github.ylimit.droidbotapp/10357} -> PackageSetting{1cb85c8 com.google.android.ext.shared/10150} BLOCKED
08-06 17:06:43.806  2474  7657 I AppsFilter: interaction: PackageSetting{a475946 io.github.ylimit.droidbotapp/10357} -> PackageSetting{71b1661 com.android.virtualmachine.res/10237} BLOCKED
08-06 17:06:43.806  2474  7657 I AppsFilter: interaction: PackageSetting{a475946 io.github.ylimit.droidbotapp/10357} -> PackageSetting{35cd7df com.android.providers.telephony.auto_generated_characteristics_rro/10072} BLOCKED
08-06 17:06:43.806  2474  7657 I AppsFilter: interaction: PackageSetting{a475946 io.github.ylimit.droidbotapp/10357} -> PackageSetting{7604586 com.xiaomi.gamecenter.sdk.service/10140} BLOCKED
08-06 17:06:43.806  2474  7657 I AppsFilter: interaction: PackageSetting{a475946 io.github.ylimit.droidbotapp/10357} -> PackageSetting{4d09e47 com.android.htmlviewer/10092} BLOCKED
08-06 17:06:43.806  2474  7657 I AppsFilter: interaction: PackageSetting{a475946 io.github.ylimit.droidbotapp/10357} -> PackageSetting{ef73674 com.miui.gallery/10271} BLOCKED
08-06 17:06:43.806  2474  7657 I AppsFilter: interaction: PackageSetting{a475946 io.github.ylimit.droidbotapp/10357} -> PackageSetting{391b79d com.quicinc.voice.activation/10214} BLOCKED
08-06 17:06:43.806  2474  7657 I AppsFilter: interaction: PackageSetting{a475946 io.github.ylimit.droidbotapp/10357} -> PackageSetting{b6b3412 com.google.android.configupdater/10122} BLOCKED
08-06 17:06:43.806  2474  7657 I AppsFilter: interaction: PackageSetting{a475946 io.github.ylimit.droidbotapp/10357} -> PackageSetting{e6ed7e3 com.android.soundrecorder/10276} BLOCKED
08-06 17:06:43.806  2474  7657 I AppsFilter: interaction: PackageSetting{a475946 io.github.ylimit.droidbotapp/10357} -> PackageSetting{78b45e0 com.suxing.sustream/10338} BLOCKED
08-06 17:06:43.806  2474  7657 I AppsFilter: interaction: PackageSetting{a475946 io.github.ylimit.droidbotapp/10357} -> PackageSetting{d73099 io.appium.uiautomator2.server/10283} BLOCKED
08-06 17:06:43.806  2474  7657 I AppsFilter: interaction: PackageSetting{a475946 io.github.ylimit.droidbotapp/10357} -> PackageSetting{22d0f3f com.android.safetycenter.resources/10240} BLOCKED
08-06 17:06:43.806  2474  7657 I AppsFilter: interaction: PackageSetting{a475946 io.github.ylimit.droidbotapp/10357} -> PackageSetting{18ee00c org.secuso.privacyfriendlytodolist/10270} BLOCKED
08-06 17:06:43.806  2474  7657 I AppsFilter: interaction: PackageSetting{a475946 io.github.ylimit.droidbotapp/10357} -> PackageSetting{7613d55 com.android.providers.downloads.ui/10261} BLOCKED
08-06 17:06:43.806  2474  7657 I AppsFilter: interaction: PackageSetting{a475946 io.github.ylimit.droidbotapp/10357} -> PackageSetting{9d5336a com.android.simappdialog/10113} BLOCKED
08-06 17:06:43.806  2474  7657 I AppsFilter: interaction: PackageSetting{a475946 io.github.ylimit.droidbotapp/10357} -> PackageSetting{36d605b com.xingin.xhs/10286} BLOCKED
08-06 17:06:43.806  2474  7657 I AppsFilter: interaction: PackageSetting{a475946 io.github.ylimit.droidbotapp/10357} -> PackageSetting{a4ff0f8 com.android.connectivity.resources/10244} BLOCKED
08-06 17:06:43.806  2474  7657 I AppsFilter: interaction: PackageSetting{a475946 io.github.ylimit.droidbotapp/10357} -> PackageSetting{74559d1 com.cnn.mobile.android.phone/10316} BLOCKED
08-06 17:06:43.806  2474  7657 I AppsFilter: interaction: PackageSetting{a475946 io.github.ylimit.droidbotapp/10357} -> PackageSetting{75176cf com.android.internal.display.cutout.emulation.hole/10010} BLOCKED
08-06 17:06:43.806  2474  7657 I AppsFilter: interaction: PackageSetting{a475946 io.github.ylimit.droidbotapp/10357} -> PackageSetting{2fcd85c com.android.internal.display.cutout.emulation.tall/10011} BLOCKED
08-06 17:06:43.806  2474  7657 I AppsFilter: interaction: PackageSetting{a475946 io.github.ylimit.droidbotapp/10357} -> PackageSetting{28b1c36 com.android.modulemetadata/10174} BLOCKED
08-06 17:06:43.807  2474  7657 I AppsFilter: interaction: PackageSetting{a475946 io.github.ylimit.droidbotapp/10357} -> PackageSetting{9f02c3a com.android.internal.systemui.navbar.threebutton/10051} BLOCKED
08-06 17:06:43.807  2474  7657 I AppsFilter: interaction: PackageSetting{a475946 io.github.ylimit.droidbotapp/10357} -> PackageSetting{f97a737 com.android.wifi.dialog/10211} BLOCKED
08-06 17:06:43.807  2474  7657 I AppsFilter: interaction: PackageSetting{a475946 io.github.ylimit.droidbotapp/10357} -> PackageSetting{40f24a4 com.tencent.android.qqdownloader/10324} BLOCKED
08-06 17:06:43.807  2474  7657 I AppsFilter: interaction: PackageSetting{a475946 io.github.ylimit.droidbotapp/10357} -> PackageSetting{274c20d com.android.contacts/10132} BLOCKED
08-06 17:06:43.807  2474  7657 I AppsFilter: interaction: PackageSetting{a475946 io.github.ylimit.droidbotapp/10357} -> PackageSetting{1e4c5c2 cn.amazon.mShop.android/10301} BLOCKED
08-06 17:06:43.807  2474  7657 I AppsFilter: interaction: PackageSetting{a475946 io.github.ylimit.droidbotapp/10357} -> PackageSetting{8b57fd3 com.miui.securitymanager/10272} BLOCKED
08-06 17:06:43.807  2474  7657 I AppsFilter: interaction: PackageSetting{a475946 io.github.ylimit.droidbotapp/10357} -> PackageSetting{26be710 com.baidu.searchbox/10340} BLOCKED
08-06 17:06:43.807  2474  7657 I AppsFilter: interaction: PackageSetting{a475946 io.github.ylimit.droidbotapp/10357} -> PackageSetting{eb87209 com.android.mms/10141} BLOCKED
08-06 17:06:43.807  2474  7657 I AppsFilter: interaction: PackageSetting{a475946 io.github.ylimit.droidbotapp/10357} -> PackageSetting{33d7c0e com.jijia.bqwnl/10327} BLOCKED
08-06 17:06:43.807  2474  7657 I AppsFilter: interaction: PackageSetting{a475946 io.github.ylimit.droidbotapp/10357} -> PackageSetting{dce462f com.yahoo.mobile.client.android.mail/10341} BLOCKED
08-06 17:06:43.807  2474  7657 I AppsFilter: interaction: PackageSetting{a475946 io.github.ylimit.droidbotapp/10357} -> PackageSetting{190643c com.mfashiongallery.emag/10262} BLOCKED
08-06 17:06:43.807  2474  7657 I AppsFilter: interaction: PackageSetting{a475946 io.github.ylimit.droidbotapp/10357} -> PackageSetting{b6d25c5 com.instagram.android/10289} BLOCKED
08-06 17:06:43.807  2474  7657 I AppsFilter: interaction: PackageSetting{a475946 io.github.ylimit.droidbotapp/10357} -> PackageSetting{a594b1a com.google.android.gm/10290} BLOCKED
08-06 17:06:43.807  2474  7657 I AppsFilter: interaction: PackageSetting{a475946 io.github.ylimit.droidbotapp/10357} -> PackageSetting{d03164b com.android.compos.payload/10243} BLOCKED
08-06 17:06:43.807  2474  7657 I AppsFilter: interaction: PackageSetting{a475946 io.github.ylimit.droidbotapp/10357} -> PackageSetting{41d8828 com.microsoft.emmx/10311} BLOCKED
08-06 17:06:43.807  2474  7657 I AppsFilter: interaction: PackageSetting{a475946 io.github.ylimit.droidbotapp/10357} -> PackageSetting{6ff5941 com.android.settings.intelligence/10142} BLOCKED
08-06 17:06:43.807  2474  7657 I AppsFilter: interaction: PackageSetting{a475946 io.github.ylimit.droidbotapp/10357} -> PackageSetting{130fee6 com.android.calendar/10265} BLOCKED
08-06 17:06:43.807  2474  7657 I AppsFilter: interaction: PackageSetting{a475946 io.github.ylimit.droidbotapp/10357} -> PackageSetting{b6acc27 com.miui.virtualsim/10277} BLOCKED
08-06 17:06:43.807  2474  7657 I AppsFilter: interaction: PackageSetting{a475946 io.github.ylimit.droidbotapp/10357} -> PackageSetting{3d6fed4 com.microsoft.office.outlook/10323} BLOCKED
08-06 17:06:43.807  2474  7657 I AppsFilter: interaction: PackageSetting{a475946 io.github.ylimit.droidbotapp/10357} -> PackageSetting{27487d com.miui.compass/10267} BLOCKED
08-06 17:06:43.807  2474  7657 I AppsFilter: interaction: PackageSetting{a475946 io.github.ylimit.droidbotapp/10357} -> PackageSetting{67e2372 com.android.printspooler/10224} BLOCKED
08-06 17:06:43.807  2474  7657 I AppsFilter: interaction: PackageSetting{a475946 io.github.ylimit.droidbotapp/10357} -> PackageSetting{eae03c3 com.android.dreams.basic/10103} BLOCKED
08-06 17:06:43.807  2474  7657 I AppsFilter: interaction: PackageSetting{a475946 io.github.ylimit.droidbotapp/10357} -> PackageSetting{10f3440 com.android.incallui/10126} BLOCKED
08-06 17:06:43.807  2474  7657 I AppsFilter: interaction: PackageSetting{a475946 io.github.ylimit.droidbotapp/10357} -> PackageSetting{ee4ef79 com.musicworx/10320} BLOCKED
08-06 17:06:43.807  2474  7657 I AppsFilter: interaction: PackageSetting{a475946 io.github.ylimit.droidbotapp/10357} -> PackageSetting{90704be com.android.rkpdapp/10254} BLOCKED
08-06 17:06:43.807  2474  7657 I AppsFilter: interaction: PackageSetting{a475946 io.github.ylimit.droidbotapp/10357} -> PackageSetting{ca29a53 com.newcall.overlay.miui/10041} BLOCKED
08-06 17:06:43.807  2474  7657 I AppsFilter: interaction: PackageSetting{a475946 io.github.ylimit.droidbotapp/10357} -> PackageSetting{463191f todolist.scheduleplanner.dailyplanner.todo.reminders/10299} BLOCKED
08-06 17:06:43.807  2474  7657 I AppsFilter: interaction: PackageSetting{a475946 io.github.ylimit.droidbotapp/10357} -> PackageSetting{1e95089 android.auto_generated_characteristics_rro/10068} BLOCKED
08-06 17:06:43.808  2474  7657 I AppsFilter: interaction: PackageSetting{a475946 io.github.ylimit.droidbotapp/10357} -> PackageSetting{cd3546c com.android.musicfx/10094} BLOCKED
08-06 17:06:43.808  2474  7657 I AppsFilter: interaction: PackageSetting{a475946 io.github.ylimit.droidbotapp/10357} -> PackageSetting{13c0a35 com.todoist/10298} BLOCKED
08-06 17:06:43.808  2474  7657 I AppsFilter: interaction: PackageSetting{a475946 io.github.ylimit.droidbotapp/10357} -> PackageSetting{baaaeca com.google.android.webview/10188} BLOCKED
08-06 17:06:43.808  2474  7657 I AppsFilter: interaction: PackageSetting{a475946 io.github.ylimit.droidbotapp/10357} -> PackageSetting{32a283b com.zhuantech.sijiweather/10337} BLOCKED
08-06 17:06:43.808  2474  7657 I AppsFilter: interaction: PackageSetting{a475946 io.github.ylimit.droidbotapp/10357} -> PackageSetting{9d74b58 com.ss.android.article.news/10325} BLOCKED
08-06 17:06:43.808  2474  7657 I AppsFilter: interaction: PackageSetting{a475946 io.github.ylimit.droidbotapp/10357} -> PackageSetting{92900cb com.android.phone.auto_generated_characteristics_rro/10060} BLOCKED
08-06 17:06:43.808  2474  7657 I AppsFilter: interaction: PackageSetting{a475946 io.github.ylimit.droidbotapp/10357} -> PackageSetting{7b014b1 com.android.chrome/10282} BLOCKED
08-06 17:06:43.808  2474  7657 I AppsFilter: interaction: PackageSetting{a475946 io.github.ylimit.droidbotapp/10357} -> PackageSetting{e2ced96 com.UCMobile/10332} BLOCKED
08-06 17:06:43.808  2474  7657 I AppsFilter: interaction: PackageSetting{a475946 io.github.ylimit.droidbotapp/10357} -> PackageSetting{1890d17 com.ss.android.ugc.aweme/10322} BLOCKED
08-06 17:06:43.808  2474  7657 I AppsFilter: interaction: PackageSetting{a475946 io.github.ylimit.droidbotapp/10357} -> PackageSetting{21c504 com.android.wifi.resources/10258} BLOCKED
08-06 17:06:43.808  2474  7657 I AppsFilter: interaction: PackageSetting{a475946 io.github.ylimit.droidbotapp/10357} -> PackageSetting{d804aed com.skysoft.kkbox.android/10285} BLOCKED
08-06 17:06:43.808  2474  7657 I AppsFilter: interaction: PackageSetting{a475946 io.github.ylimit.droidbotapp/10357} -> PackageSetting{6c24d22 com.getsurfboard/10279} BLOCKED
08-06 17:06:43.808  2474  7657 I AppsFilter: interaction: PackageSetting{a475946 io.github.ylimit.droidbotapp/10357} -> PackageSetting{e8763b3 com.netease.newsreader.activity/10313} BLOCKED
08-06 17:06:43.808  2474  7657 I AppsFilter: interaction: PackageSetting{a475946 io.github.ylimit.droidbotapp/10357} -> PackageSetting{f782d70 cool.monkey.android/10307} BLOCKED
08-06 17:06:43.808  2474  7657 I AppsFilter: interaction: PackageSetting{a475946 io.github.ylimit.droidbotapp/10357} -> PackageSetting{756be43 com.android.theme.font.notoserifsource/10017} BLOCKED
08-06 17:06:43.808  2474  7657 I AppsFilter: interaction: PackageSetting{a475946 io.github.ylimit.droidbotapp/10357} -> PackageSetting{8a3a8e9 com.kuaishou.nebula/10329} BLOCKED
08-06 17:06:43.808  2474  7657 I AppsFilter: interaction: PackageSetting{a475946 io.github.ylimit.droidbotapp/10357} -> PackageSetting{14a6df9 com.android.internal.display.cutout.emulation.waterfall/10012} BLOCKED
08-06 17:06:43.808  2474  7657 I AppsFilter: interaction: PackageSetting{a475946 io.github.ylimit.droidbotapp/10357} -> PackageSetting{1c8e13e com.android.internal.systemui.navbar.transparent/10063} BLOCKED
08-06 17:06:43.808  2474  7657 I AppsFilter: interaction: PackageSetting{a475946 io.github.ylimit.droidbotapp/10357} -> PackageSetting{85c196e com.miui.newhome/10296} BLOCKED
08-06 17:06:43.808  2474  7657 I AppsFilter: interaction: PackageSetting{a475946 io.github.ylimit.droidbotapp/10357} -> PackageSetting{80a880f com.miui.video/10294} BLOCKED
08-06 17:06:43.808  2474  7657 I AppsFilter: interaction: PackageSetting{a475946 io.github.ylimit.droidbotapp/10357} -> PackageSetting{c8ab09c com.google.android.printservice.recommendation/10153} BLOCKED
08-06 17:06:43.808  2474  7657 I AppsFilter: interaction: PackageSetting{a475946 io.github.ylimit.droidbotapp/10357} -> PackageSetting{d84eaa5 com.baidu.searchbox.lite/10334} BLOCKED
08-06 17:06:43.808  2474  7657 I AppsFilter: interaction: PackageSetting{a475946 io.github.ylimit.droidbotapp/10357} -> PackageSetting{1b45e7a com.spotify.music/10317} BLOCKED
08-06 17:06:43.808  2474  7657 I AppsFilter: interaction: PackageSetting{a475946 io.github.ylimit.droidbotapp/10357} -> PackageSetting{af1962b com.google.android.documentsui/10100} BLOCKED
08-06 17:06:43.808  2474  7657 I AppsFilter: interaction: PackageSetting{a475946 io.github.ylimit.droidbotapp/10357} -> PackageSetting{4e03a88 com.google.android.accessibility.switchaccess/10184} BLOCKED
08-06 17:06:43.808  2474  7657 I AppsFilter: interaction: PackageSetting{a475946 io.github.ylimit.droidbotapp/10357} -> PackageSetting{27e8c21 com.sohu.inputmethod.sogou.xiaomi/10183} BLOCKED
08-06 17:06:43.809  2474  7657 I AppsFilter: interaction: PackageSetting{a475946 io.github.ylimit.droidbotapp/10357} -> PackageSetting{119e846 cn.ninegame.gamemanager/10330} BLOCKED
08-06 17:06:43.809  2474  7657 I AppsFilter: interaction: PackageSetting{a475946 io.github.ylimit.droidbotapp/10357} -> PackageSetting{a04ae72 io.appium.uiautomator2.server.test/10280} BLOCKED
08-06 17:06:43.809  2474  7657 I AppsFilter: interaction: PackageSetting{a475946 io.github.ylimit.droidbotapp/10357} -> PackageSetting{8f16a07 com.baidu.BaiduMap/10331} BLOCKED
08-06 17:06:43.809  2474  7657 I AppsFilter: interaction: PackageSetting{a475946 io.github.ylimit.droidbotapp/10357} -> PackageSetting{5827734 com.android.providers.partnerbookmarks/10109} BLOCKED
08-06 17:06:43.809  2474  7657 I AppsFilter: interaction: PackageSetting{a475946 io.github.ylimit.droidbotapp/10357} -> PackageSetting{f16c95d com.android.smspush/10230} BLOCKED
08-06 17:06:43.809  2474  7657 I AppsFilter: interaction: PackageSetting{a475946 io.github.ylimit.droidbotapp/10357} -> PackageSetting{8fc42d2 com.miui.calculator/10263} BLOCKED
08-06 17:06:43.809  2474  7657 I AppsFilter: interaction: PackageSetting{a475946 io.github.ylimit.droidbotapp/10357} -> PackageSetting{309fa3 de.baumann.browser/10308} BLOCKED
08-06 17:06:43.809  2474  7657 I AppsFilter: interaction: PackageSetting{a475946 io.github.ylimit.droidbotapp/10357} -> PackageSetting{69d2a0 com.android.wallpaper.livepicker/10091} BLOCKED
08-06 17:06:43.809  2474  7657 I AppsFilter: interaction: PackageSetting{a475946 io.github.ylimit.droidbotapp/10357} -> PackageSetting{2fb9e59 com.android.cellbroadcastreceiver.module/10255} BLOCKED
08-06 17:06:43.809  2474  7657 I AppsFilter: interaction: PackageSetting{a475946 io.github.ylimit.droidbotapp/10357} -> PackageSetting{137ba1e com.android.apps.tag/10098} BLOCKED
08-06 17:06:43.809  2474  7657 I AppsFilter: interaction: PackageSetting{a475946 io.github.ylimit.droidbotapp/10357} -> PackageSetting{a392ff com.android.imsserviceentitlement/10125} BLOCKED
08-06 17:06:43.809  2474  7657 I AppsFilter: interaction: PackageSetting{a475946 io.github.ylimit.droidbotapp/10357} -> PackageSetting{ca978cc com.xiaomi.gamecenter/10288} BLOCKED
08-06 17:06:43.809  2474  7657 I AppsFilter: interaction: PackageSetting{a475946 io.github.ylimit.droidbotapp/10357} -> PackageSetting{bec715 com.android.appsearch.apk/10257} BLOCKED
08-06 17:06:43.809  2474  7657 I AppsFilter: interaction: PackageSetting{a475946 io.github.ylimit.droidbotapp/10357} -> PackageSetting{1215a2a com.dragon.read/10335} BLOCKED
08-06 17:06:43.809  2474  7657 I AppsFilter: interaction: PackageSetting{a475946 io.github.ylimit.droidbotapp/10357} -> PackageSetting{2a09aa2 com.anydo/10292} BLOCKED
08-06 17:06:43.809  2474  7657 I AppsFilter: interaction: PackageSetting{a475946 io.github.ylimit.droidbotapp/10357} -> PackageSetting{b28601b com.miui.cleanmaster/10266} BLOCKED
08-06 17:06:43.809  2474  7657 I AppsFilter: interaction: PackageSetting{a475946 io.github.ylimit.droidbotapp/10357} -> PackageSetting{d5b55b8 com.miui.weather2/10278} BLOCKED
08-06 17:06:43.809  2474  7657 I AppsFilter: interaction: PackageSetting{a475946 io.github.ylimit.droidbotapp/10357} -> PackageSetting{851bf91 com.autonavi.minimap/10333} BLOCKED
08-06 17:06:43.809  2474  7657 I AppsFilter: interaction: PackageSetting{a475946 io.github.ylimit.droidbotapp/10357} -> PackageSetting{e52eef6 com.xiaomi.scanner/10281} BLOCKED
08-06 17:06:43.809  2474  7657 I AppsFilter: interaction: PackageSetting{a475946 io.github.ylimit.droidbotapp/10357} -> PackageSetting{662e2f7 com.google.android.apps.tasks/10300} BLOCKED
08-06 17:06:43.809  2474  7657 I AppsFilter: interaction: PackageSetting{a475946 io.github.ylimit.droidbotapp/10357} -> PackageSetting{b4c1564 com.duokan.reader/10287} BLOCKED
08-06 17:06:43.809  2474  7657 I AppsFilter: interaction: PackageSetting{a475946 io.github.ylimit.droidbotapp/10357} -> PackageSetting{3cf909 com.android.cts.ctsshim/10253} BLOCKED
08-06 17:06:43.809  2474  7657 I AppsFilter: interaction: PackageSetting{a475946 io.github.ylimit.droidbotapp/10357} -> PackageSetting{d41c3cd douzifly.list/10182} BLOCKED
08-06 17:06:43.809  2474  7657 I AppsFilter: interaction: PackageSetting{a475946 io.github.ylimit.droidbotapp/10357} -> PackageSetting{c370482 com.miui.yellowpage/10137} BLOCKED
08-06 17:06:43.809  2474  7657 I AppsFilter: interaction: PackageSetting{a475946 io.github.ylimit.droidbotapp/10357} -> PackageSetting{558b793 com.einnovation.temu/10304} BLOCKED
08-06 17:06:43.809  2474  7657 I AppsFilter: interaction: PackageSetting{a475946 io.github.ylimit.droidbotapp/10357} -> PackageSetting{3c9d1d4 com.android.microdroid.empty_payload/10236} BLOCKED
08-06 17:06:43.809  2474  7657 I AppsFilter: interaction: PackageSetting{a475946 io.github.ylimit.droidbotapp/10357} -> PackageSetting{d6723d0 com.android.email/10268} BLOCKED
08-06 17:06:43.809  2474  7657 I AppsFilter: interaction: PackageSetting{a475946 io.github.ylimit.droidbotapp/10357} -> PackageSetting{4b3cfc9 com.android.music/10175} BLOCKED
08-06 17:06:43.809  2474  7657 I AppsFilter: interaction: PackageSetting{a475946 io.github.ylimit.droidbotapp/10357} -> PackageSetting{854e6ce com.android.hotspot2.osulogin/10259} BLOCKED
08-06 17:06:43.809  2474  7657 I AppsFilter: interaction: PackageSetting{a475946 io.github.ylimit.droidbotapp/10357} -> PackageSetting{eb2ed95 com.android.companiondevicemanager.auto_generated_characteristics_rro/10006} BLOCKED
08-06 17:06:43.809  2474  7657 I AppsFilter: interaction: PackageSetting{a475946 io.github.ylimit.droidbotapp/10357} -> PackageSetting{bcd39ef com.google.android.gms.location.history/10152} BLOCKED
08-06 17:06:43.809  2474  7657 I AppsFilter: interaction: PackageSetting{a475946 io.github.ylimit.droidbotapp/10357} -> PackageSetting{be2acfc com.smile.gifmaker/10339} BLOCKED
08-06 17:06:43.810  2474  7657 I AppsFilter: interaction: PackageSetting{a475946 io.github.ylimit.droidbotapp/10357} -> PackageSetting{3c08e38 com.android.internal.systemui.navbar.gestural/10052} BLOCKED
08-06 17:06:43.810  2474  7657 I AppsFilter: interaction: PackageSetting{a475946 io.github.ylimit.droidbotapp/10357} -> PackageSetting{7209f85 ru.mail.mailapp/10321} BLOCKED
08-06 17:06:43.810  2474  7657 I AppsFilter: interaction: PackageSetting{a475946 io.github.ylimit.droidbotapp/10357} -> PackageSetting{f5ca1da com.google.android.apps.youtube.music/10318} BLOCKED
08-06 17:06:43.810  2474  7657 I AppsFilter: interaction: PackageSetting{a475946 io.github.ylimit.droidbotapp/10357} -> PackageSetting{c5d860b com.android.bluetoothmidiservice/10104} BLOCKED
08-06 17:06:43.810  2474  7657 I AppsFilter: interaction: PackageSetting{a475946 io.github.ylimit.droidbotapp/10357} -> PackageSetting{a2b9ce8 com.jijia.jjweather/10336} BLOCKED
08-06 17:06:43.810  2474  7657 I AppsFilter: interaction: PackageSetting{a475946 io.github.ylimit.droidbotapp/10357} -> PackageSetting{1d0af01 com.ebay.mobile/10291} BLOCKED
08-06 17:06:43.810  2474  7657 I AppsFilter: interaction: PackageSetting{a475946 io.github.ylimit.droidbotapp/10357} -> PackageSetting{6f301a6 com.google.android.apps.magazines/10315} BLOCKED
08-06 17:06:43.810  2474  7657 I AppsFilter: interaction: PackageSetting{a475946 io.github.ylimit.droidbotapp/10357} -> PackageSetting{9245213 com.qualcomm.qti.server.wigig.tethering.rro/10229} BLOCKED
08-06 17:06:43.810  2474  7657 I AppsFilter: interaction: PackageSetting{a475946 io.github.ylimit.droidbotapp/10357} -> PackageSetting{c5c77e7 com.sina.news/10314} BLOCKED
08-06 17:06:43.810  2474  7657 I AppsFilter: interaction: PackageSetting{a475946 io.github.ylimit.droidbotapp/10357} -> PackageSetting{3919f94 tv.danmaku.bili/10326} BLOCKED
08-06 17:06:43.810  2474  7657 I AppsFilter: interaction: PackageSetting{a475946 io.github.ylimit.droidbotapp/10357} -> PackageSetting{4183a3d com.android.captiveportallogin/10106} BLOCKED
08-06 17:06:43.810  2474  7657 I AppsFilter: interaction: PackageSetting{a475946 io.github.ylimit.droidbotapp/10357} -> PackageSetting{83d9232 com.microsoft.todos/10293} BLOCKED
08-06 17:06:43.810  2474  7657 I AppsFilter: interaction: PackageSetting{a475946 io.github.ylimit.droidbotapp/10357} -> PackageSetting{96eab83 com.miui.core/10194} BLOCKED
08-06 17:06:43.811  2474  2642 W ActivityManager: Permission Denial: getCurrentUser() from pid=30704, uid=10357 requires android.permission.INTERACT_ACROSS_USERS
08-06 17:06:43.811 30704 30704 W libc    : Access denied finding property "vendor.boostfwk.frameprefetcher"
08-06 17:06:43.811 30704 30932 E FramePredict: registerContentObserver fail
08-06 17:06:43.812 30704 30704 W libc    : Access denied finding property "ro.vendor.df.effect.conflict"
08-06 17:06:43.808 30704 30704 W mit.droidbotapp: type=1400 audit(0.0:15061): avc:  denied  { read } for  name="u:object_r:vendor_displayfeature_prop:s0" dev="tmpfs" ino=572 scontext=u:r:untrusted_app_32:s0:c101,c257,c512,c768 tcontext=u:object_r:vendor_displayfeature_prop:s0 tclass=file permissive=0 app=io.github.ylimit.droidbotapp
08-06 17:06:43.815  6011 30846 I Market-DownloadLimitSpeedManager: stopLimitSpeed
08-06 17:06:43.815  6011 30846 I Market-ThermalLimitSpeedManager: startLoopLimitSpeed() ----------
08-06 17:06:43.815  6011 30846 I Market-LimitSpeedManager: stopLimitSpeedNow() =========== 
08-06 17:06:43.816  3086  3086 I adbd    : in ShellService: getprop ro.build.version.release
08-06 17:06:43.820  6011 30846 I Market-RetrofitRequest: callEnd : https://updateinfo.market.xiaomi.com/apm/updateinfo/priority
08-06 17:06:43.823  6011 30846 I Market-SystemSettingsManager: extraSettingsSecureGetInt key: com.xiaomi.market.need_update_game_count, value: 0
08-06 17:06:43.824  6011 30846 I Market-UpdateAppList: update app list do not change, don't notify: pkg (52) = com.ss.android.ugc.aweme,com.milink.service,com.miui.hybrid,com.baidu.BaiduMap,com.netease.newsreader.activity,com.baidu.searchbox.lite,com.android.fileexplorer,com.xiaomi.aiasst.vision,com.microsoft.office.outlook,com.miui.newhome,com.autonavi.minimap,com.miui.mishare.connectivity,com.android.contacts,com.unionpay.tsmservice.mi,com.miui.voiceassist,com.miui.thirdappassistant,com.xiaomi.scanner,com.miui.securitycenter,com.miui.backup,com.duokan.reader,com.baidu.searchbox,com.wuba.zhuanzhuan,com.xingin.xhs,com.miui.touchassistant,tv.danmaku.bili,com.dragon.read,com.miui.gallery,com.UCMobile,com.miui.carlink,com.xiaomi.payment,com.miui.tsmclient,com.smile.gifmaker,com.xiaomi.gamecenter,com.android.browser,com.suxing.sustream,com.xiaomi.mis,com.miui.virtualsim,com.android.quicksearchbox,com.sina.news,com.miui.video,com.ss.android.article.news,com.quark.browser,com.miui.personalassistant,com.xiaomi.gamecenter.sdk.service,com.kuaishou.nebula,com.miui.bugreport,com.xiaomi.digitalkey,com.android.calendar,com.xiaomi.aicr,com.xiaomi.xmsf,com.xiaomi.mirror,com.android.soundrecorder
08-06 17:06:43.824  6011 30626 I Market-SubScriptManager: updateMarketSubScript forceShow : false
08-06 17:06:43.824  6011 30626 I Market-SubScriptManager: get count -1
08-06 17:06:43.826  6011 30846 I Market-LocalAppManager: queryDiffSizeFromServer start
08-06 17:06:43.827  6011 30846 I Market-RetrofitRequest: callStart : https://updateinfo.market.xiaomi.com/apm/updateinfo/diffsize
08-06 17:06:43.828 30704 30704 I ViewRootImpl: InputMethod use first frame acceleration
08-06 17:06:43.828  6011 30846 I Market-RetrofitRequest: HeaderInterceptor : https://updateinfo.market.xiaomi.com/apm/updateinfo/diffsize
08-06 17:06:43.828  6011 30846 E Market-Client: isSupportChildMode, error: java.lang.NumberFormatException: For input string: ""
08-06 17:06:43.829  6011 30846 E Market-Client: isSupportChildMode, error: java.lang.NumberFormatException: For input string: ""
08-06 17:06:43.830  2474  2642 I SmartPower: io.github.ylimit.droidbotapp/10357(30704): background->visible(921ms) R(become visible) adj=200.
08-06 17:06:43.830  6011 30846 I Market-LimitSpeedManager: startLimitSpeedNow() ====== speed = 32768
08-06 17:06:43.831 14158 14199 I od.sogou.xiaomi: This is non sticky GC, maxfree is 16777216 minfree is 8388608
08-06 17:06:43.837  6011 30846 I Market-DownloadLimitSpeedManager: startLimitSpeed success. Total count 1
08-06 17:06:43.838  6011 30846 I Market-RetrofitRequest: HeaderInterceptor : https://updateinfo.market.xiaomi.com/apm/updateinfo/diffsize
08-06 17:06:43.851 30704 30704 I Choreographer: first vsync insert message into MessageQueue Head
08-06 17:06:43.857  7458  7458 I HandWritingStubImpl: getCurrentKeyboardType: 1
08-06 17:06:43.897  3086  3086 I adbd    : in ShellService: getprop ro.secure
08-06 17:06:43.911  6011 30846 I Market-DownloadLimitSpeedManager: stopLimitSpeed
08-06 17:06:43.912  6011 30846 I Market-ThermalLimitSpeedManager: startLoopLimitSpeed() ----------
08-06 17:06:43.912  6011 30846 I Market-LimitSpeedManager: stopLimitSpeedNow() =========== 
08-06 17:06:43.917  6011 30846 I Market-RetrofitRequest: callEnd : https://updateinfo.market.xiaomi.com/apm/updateinfo/diffsize
08-06 17:06:43.918  6011 30846 I Market-LocalAppManager: queryDiffSizeFromServer end
08-06 17:06:43.919  6011 30782 I Market-SubScriptManager: updateMarketSubScript forceShow : false
08-06 17:06:43.919  6011 30782 I Market-SubScriptManager: get count -1
08-06 17:06:43.920  6011 30846 I Market-WakeLockManager: release wakeLock: CheckUpdateService
08-06 17:06:43.921  2474  7257 I MiuiNetworkPolicy: bandwidth: 29 KB/s, Max bandwidth: 11266 KB/s
08-06 17:06:43.922  2474  8394 I ActivityManager: Cancel FGS notification userId: 0 definingUid: 10167 packageName: com.xiaomi.market processName:com.xiaomi.market ChannelId:com.xiaomi.market_hide foregroundNotiWhen:1754471203292 Notiflags:104
08-06 17:06:43.922  1865  1865 I vendor.qti.hardware.servicetrackeraidl-service: destroyService is called for service : com.xiaomi.market/.business_core.update.auto.CheckUpdateService
08-06 17:06:43.923  2474  8394 W ForegroundServiceTypeLoggerModule: FGS stop call for: 10167 has no types!
08-06 17:06:43.923  2474  2474 I NotificationService: Cancel FGS notification CallingUid: 10167 CallingPid: 6011 Pkg: com.xiaomi.market Id:129318158 Tag:null UserId:0 MustHaveFlags:0 MustNotHaveFlags:0 Reason:8 foregroundNotiWhen:1754471203292 foregroundNotiFlags:104 foregroundNotiChannelId:com.xiaomi.market_hide
08-06 17:06:43.927  6011  6011 I Market-ServiceUtils: stop foreground service: CheckUpdateService
08-06 17:06:43.928  1843  2051 I SDM     : DisplayBase::CommitThread: Received idle timeout, panel: cmd, timeout: 70000 us
08-06 17:06:43.934  2474  7257 I MiuiNetworkPolicy: updateUidState uid = 10261, uidState = 19
08-06 17:06:43.934  2474  7257 I MiuiNetworkPolicyTrafficLimit: updateWhiteListUidForMobileTraffic uid=10261,add=false
08-06 17:06:43.934  2474  7257 I MiuiNetworkPolicy: updateUidState uid = 10203, uidState = 6
08-06 17:06:43.934  2474  7257 I MiuiNetworkPolicy: updateUidState uid = 10167, uidState = 10
08-06 17:06:43.934  2474  7257 I MiuiNetworkPolicyTrafficLimit: updateWhiteListUidForMobileTraffic uid=10167,add=false
08-06 17:06:43.934  2474  7257 I MiuiNetworkPolicy: updateUidState uid = 10158, uidState = 19
08-06 17:06:43.935  2474  7257 I MiuiNetworkPolicyTrafficLimit: updateWhiteListUidForMobileTraffic uid=10158,add=false
08-06 17:06:43.935  2474  7257 I MiuiNetworkPolicy: updateUidState uid = 10090, uidState = 6
08-06 17:06:43.940  7890  7890 E NotifCollection: No notification to remove with key 0|com.xiaomi.market|129318158|null|10167 reason=8:REASON_APP_CANCEL
08-06 17:06:43.951  3086  3086 I adbd    : in ShellService: getprop ro.debuggable
08-06 17:06:43.966 30704 30733 I mit.droidbotapp: Compiler allocated 5390KB to compile void android.view.ViewRootImpl.performTraversals()
08-06 17:06:43.973  1843  2428 I SDM     : HWCDisplay::SetActiveConfigWithConstraints: display:66-0, config: 1, WxH 1200x2670, fps 120
08-06 17:06:43.973  2474  7257 I MiuiNetworkPolicy: updateUidState uid = 10278, uidState = 19
08-06 17:06:43.973  1843  2428 W SDM     : HWDeviceDRM::GetSupportedBitClkRate: Requested rate not supported: 1150000000
08-06 17:06:43.973  1843  2428 I SDM     : HWDeviceDRM::UpdateMixerAttributes: Mixer WxH 1200x2670-1 for Peripheral
08-06 17:06:43.974  1843  2428 I SDM     : HWCDisplay::SubmitDisplayConfig: Active configuration changed from config 3 to 1
08-06 17:06:43.974  1843  2428 I SDM     : HWCDisplay::SubmitDisplayConfig: Active WxH 1200x2670 ,ddic_mode:idle, timing_fps: 120, sf_fps: 120
08-06 17:06:43.982  1843  3496 I vendor.qti.hardware.display.composer-service: Sensor: notify citsensorservice to trigger cwb, misForced = 0
08-06 17:06:43.982  3050  4554 I libsensor-parseRGB: request dump start for mRequestDisplayId 0
08-06 17:06:43.990  6011  6025 I m.xiaomi.market: This is non sticky GC, maxfree is 16777216 minfree is 8388608
08-06 17:06:43.993  6011  6027 W System  : A resource failed to call close. 
08-06 17:06:43.994  6011  6027 W System  : A resource failed to call close. 
08-06 17:06:44.001  3086  3086 I adbd    : in ShellService: dumpsys display
08-06 17:06:44.005  3050 25119 E libsensor-parseRGB: CWB NotifyCWBBufferDone  error 0
08-06 17:06:44.061  1843  2051 I SDM     : DisplayBase::CommitThread: Received idle timeout, panel: cmd, timeout: 70000 us
08-06 17:06:44.140  1843  3496 I vendor.qti.hardware.display.composer-service: Sensor: notify citsensorservice to trigger cwb, misForced = 1
08-06 17:06:44.141  3050  4554 I libsensor-parseRGB: request dump start for mRequestDisplayId 0
08-06 17:06:44.163  3050  4604 E libsensor-parseRGB: CWB NotifyCWBBufferDone  error 0
08-06 17:06:44.173  3086  3086 I adbd    : in ShellService: wm size
08-06 17:06:44.220  1843  2051 I SDM     : DisplayBase::CommitThread: Received idle timeout, panel: cmd, timeout: 70000 us
08-06 17:06:44.242 13430 13430 I RuntimePermissionManager: isRuntimeRequestSupport: true
08-06 17:06:44.251  2474  3506 I AppsFilter: interaction: PackageSetting{3c9d1d4 com.android.microdroid.empty_payload/10236} -> PackageSetting{b28601b com.miui.cleanmaster/10266} BLOCKED
08-06 17:06:44.251  2474  3506 I AppsFilter: interaction: PackageSetting{a04ae72 io.appium.uiautomator2.server.test/10280} -> PackageSetting{b28601b com.miui.cleanmaster/10266} BLOCKED
08-06 17:06:44.251  2474  3506 I AppsFilter: interaction: PackageSetting{a475946 io.github.ylimit.droidbotapp/10357} -> PackageSetting{b28601b com.miui.cleanmaster/10266} BLOCKED
08-06 17:06:44.252  2474  3506 I AppsFilter: interaction: PackageSetting{f5132c3 com.rongcard.eid/10151} -> PackageSetting{b28601b com.miui.cleanmaster/10266} BLOCKED
08-06 17:06:44.252  2474  3506 I AppsFilter: interaction: PackageSetting{a193679 io.appium.settings/10274} -> PackageSetting{b28601b com.miui.cleanmaster/10266} BLOCKED
08-06 17:06:44.262  3086  3086 I adbd    : in ShellService: dumpsys input
08-06 17:06:44.264  2474 10067 W ParceledListSlice: Element #44 is 26672 bytes.
08-06 17:06:44.264  2474 10067 W ParceledListSlice: Overly large reply size: 82384
08-06 17:06:44.264  2474  2642 W ParceledListSlice: Element #45 is 26676 bytes.
08-06 17:06:44.264  2474  2642 W ParceledListSlice: Element #46 is 26676 bytes.
08-06 17:06:44.264  2474  2642 W ParceledListSlice: Element #47 is 26684 bytes.
08-06 17:06:44.265  2474  8334 W ParceledListSlice: Element #48 is 26688 bytes.
08-06 17:06:44.265  2474  8334 W ParceledListSlice: Element #54 is 19664 bytes.
