08-06 17:07:04.204  1865  1865 I vendor.qti.hardware.servicetrackeraidl-service: size of service connections for service: com.android.providers.media.module/androidx.work.impl.background.systemjob.SystemJobServiceafter removal is 0
08-06 17:07:04.204  1865  1865 I vendor.qti.hardware.servicetrackeraidl-service: size of client connections for client: systemafter removal is 26
08-06 17:07:04.204  1865  1865 I vendor.qti.hardware.servicetrackeraidl-service: destroyService is called for service : com.android.providers.media.module/androidx.work.impl.background.systemjob.SystemJobService
08-06 17:07:04.204  2474  8755 W JobScheduler: Job didn't exist in JobStore: 
08-06 17:07:04.205  2474  8755 W SSRU-ResourceUsageProxy: Nonexistent ongoing transaction JDR:2393 for u:0 pkg:com.android.providers.media.module ended
08-06 17:07:04.206 14191 16614 I EventMonitor: notifyEvent resId=256
08-06 17:07:04.211 21935 31614 W LibraryScanner3: Scan in 35ms fast=false
08-06 17:07:04.211 21935 31614 W LibraryScanner3: committedFiles=0 committedCueFiles=0 totalCommitted=0 deletedMinTracks=0 deletedCueTracks=0 preScanFilesAndEntriesCount=0 postScanFilesAndEntriesCount=0 tracksDeleted=false newTracksCommitted=false preScanMaxFilesId=0 postScanMaxId=0 touchedPlaylistEntries=0 changedAfterFoldersScan=>false tracksChanged=>false
08-06 17:07:04.213  1865  1865 I vendor.qti.hardware.servicetrackeraidl-service: destroyService is called for service : com.maxmpz.audioplayer/.scanner.ScanDispatcherService
08-06 17:07:04.291  3086  3086 I adbd    : in ShellService: ps
08-06 17:07:04.352  1843  3496 I vendor.qti.hardware.display.composer-service: Sensor: notify citsensorservice to trigger cwb, misForced = 0
08-06 17:07:04.353  3050  4554 I libsensor-parseRGB: request dump start for mRequestDisplayId 0
08-06 17:07:04.356 21935 21935 W RenderThread: type=1400 audit(0.0:15145): avc:  denied  { getattr } for  path="/sys/module/metis/parameters/minor_window_app" dev="sysfs" ino=74686 scontext=u:r:untrusted_app_30:s0:c102,c257,c512,c768 tcontext=u:object_r:sysfs_migt:s0 tclass=file permissive=0 app=com.maxmpz.audioplayer
08-06 17:07:04.364 21935 21935 W RenderThread: type=1400 audit(0.0:15146): avc:  denied  { getattr } for  path="/sys/module/metis/parameters/minor_window_app" dev="sysfs" ino=74686 scontext=u:r:untrusted_app_30:s0:c102,c257,c512,c768 tcontext=u:object_r:sysfs_migt:s0 tclass=file permissive=0 app=com.maxmpz.audioplayer
08-06 17:07:04.372 21935 21935 W RenderThread: type=1400 audit(0.0:15147): avc:  denied  { getattr } for  path="/sys/module/metis/parameters/minor_window_app" dev="sysfs" ino=74686 scontext=u:r:untrusted_app_30:s0:c102,c257,c512,c768 tcontext=u:object_r:sysfs_migt:s0 tclass=file permissive=0 app=com.maxmpz.audioplayer
08-06 17:07:04.376  3050  4604 E libsensor-parseRGB: CWB NotifyCWBBufferDone  error 0
08-06 17:07:04.380 21935 21935 W RenderThread: type=1400 audit(0.0:15148): avc:  denied  { getattr } for  path="/sys/module/metis/parameters/minor_window_app" dev="sysfs" ino=74686 scontext=u:r:untrusted_app_30:s0:c102,c257,c512,c768 tcontext=u:object_r:sysfs_migt:s0 tclass=file permissive=0 app=com.maxmpz.audioplayer
08-06 17:07:04.388 21935 21935 W RenderThread: type=1400 audit(0.0:15149): avc:  denied  { getattr } for  path="/sys/module/metis/parameters/minor_window_app" dev="sysfs" ino=74686 scontext=u:r:untrusted_app_30:s0:c102,c257,c512,c768 tcontext=u:object_r:sysfs_migt:s0 tclass=file permissive=0 app=com.maxmpz.audioplayer
08-06 17:07:04.444  2474  7384 I DisplayModeDirectorImpl: SmartDisplayPolicyEnd
08-06 17:07:04.445  2474  2654 I DisplayModeDirectorImpl: onDesiredDisplayModeSpecsChanged:baseModeId=1 allowGroupSwitching=false primary=physical: (0.0 120.0) render:  (0.0 120.0) appRequest=physical: (0.0 120.0) render:  (0.0 120.0) idleScreenRefreshRateConfig=null noVotes=false
08-06 17:07:04.447  2036  2036 I RefreshRateSelector: Display 4630947082089526659 policy changed
08-06 17:07:04.447  2036  2036 I RefreshRateSelector: Previous: {defaultModeId=0, allowGroupSwitching=false, primaryRanges={physical=[0.00 Hz, inf Hz], render=[0.00 Hz, 120.00 Hz]}, appRequestRanges={physical=[0.00 Hz, inf Hz], render=[0.00 Hz, 120.00 Hz]} idleScreenConfig=nullptr}
08-06 17:07:04.447  2036  2036 I RefreshRateSelector: Current:  DisplayManagerPolicy{defaultModeId=0, allowGroupSwitching=false, primaryRanges={physical=[0.00 Hz, 120.00 Hz], render=[0.00 Hz, 120.00 Hz]}, appRequestRanges={physical=[0.00 Hz, 120.00 Hz], render=[0.00 Hz, 120.00 Hz]} idleScreenConfig=nullptr}
08-06 17:07:04.447  2036  2036 I RefreshRateSelector: 0 mode changes were performed under the previous policy
08-06 17:07:04.466  1850  9910 E ANDR-PERF-LM: VmRssMeter:: start() 359: Could not find pid, can not collect vmrss data
08-06 17:07:04.466  1850  9909 E ANDR-PERF-LM: VmRssMeter:: start() 359: Could not find pid, can not collect vmrss data
08-06 17:07:04.467  1850  9910 E ANDR-PERF-LM: AdaptiveLaunch: writeToDataBase() 64: Meter aborted or could not get meter data for this run
08-06 17:07:04.474  1850  9931 E ANDR-PERF-LM: SAGT_ACTION: UpdateFPSData() 138: update /sys/kernel/sched_penalty/parameters/fps to 90, ret is 0
08-06 17:07:04.552  1843  3496 I vendor.qti.hardware.display.composer-service: Sensor: notify citsensorservice to trigger cwb, misForced = 0
08-06 17:07:04.554  3050  4554 I libsensor-parseRGB: request dump start for mRequestDisplayId 0
08-06 17:07:04.575  3050  3078 E libsensor-parseRGB: CWB NotifyCWBBufferDone  error 0
08-06 17:07:04.581  2474  7382 I SmartPower: com.google.android.gms/10130(7177): background->idle(3002ms) R(service unbind com.google.android.gms/.icing.service.IndexService) adj=600.
08-06 17:07:04.760  1843  3496 I vendor.qti.hardware.display.composer-service: Sensor: notify citsensorservice to trigger cwb, misForced = 0
08-06 17:07:04.761  3050  4554 I libsensor-parseRGB: request dump start for mRequestDisplayId 0
08-06 17:07:04.783  3050  3078 E libsensor-parseRGB: CWB NotifyCWBBufferDone  error 0
08-06 17:07:04.794  2474 10058 W OptProp : Cannot read opt property android.window.PROPERTY_COMPAT_ALLOW_ORIENTATION_OVERRIDE
08-06 17:07:04.795  2474 10058 E ActivityTaskManager: Unable to get servicetracker HAL instance
08-06 17:07:04.795  2474 10058 E ActivityTaskManager: Unable to get servicetracker HAL instance
08-06 17:07:04.795  2474 10058 E WindowManager: setClientVisible ActivityRecord{c2a979d u0 com.maxmpz.audioplayer/.MainActivity true
08-06 17:07:04.796  2474 10058 W OptProp : Cannot read opt property android.window.PROPERTY_COMPAT_ALLOW_RESIZEABLE_ACTIVITY_OVERRIDES
08-06 17:07:04.796  2474 10058 W OptProp : Cannot read opt property android.window.PROPERTY_COMPAT_ALLOW_MIN_ASPECT_RATIO_OVERRIDE
08-06 17:07:04.796  2474 10058 I AnimInterruptController: FIS notify Foresee interrupt start:161
08-06 17:07:04.797  2474 10058 I ActivityTaskManager: isKeyguardEditor: false, newTransition: TransitionRecord{be2b7e3 id=162 type=OPEN flags=0x0}
08-06 17:07:04.799  2474 10058 I WindowManager: When perf version exceed 2.3, MiGTStub result: false, gameType: 1, packageName: com.maxmpz.audioplayer
08-06 17:07:04.800  1850  1933 E ANDR-PERF-UTIL: ANDR-PERF-UTIL: save_node_val() 366: Failed to read /sys/class/mmc_host/mmc0/clk_scaling/enable
08-06 17:07:04.800  1850  1933 E ANDR-PERF-OPTSHANDLER: ANDR-PERF-OPTSHANDLER: modify_sysfsnode() 1266: Failed to read /sys/class/mmc_host/mmc0/clk_scaling/enable
08-06 17:07:04.800  1850  1933 E ANDR-PERF-RESOURCEQS: ANDR-PERF-RESOURCEQS: AddAndApply() 167: Failed to apply optimization [11, 4]
08-06 17:07:04.800  1850  9924 E ANDR-PERF-LM: MetaMeter: handleAsync() 166: AdaptLaunch Invalid Async
08-06 17:07:04.800  1850  9924 E ANDR-PERF-LM: MetaMeter: handleAsync() 166: AdaptLaunch Invalid Async
08-06 17:07:04.800  1850  9924 E ANDR-PERF-LM: MetaMeter: handleAsync() 166: AdaptLaunch Invalid Async
08-06 17:07:04.801  1850  9924 E ANDR-PERF-LM: MetaMeter: handleAsync() 166: AdaptLaunch Invalid Async
08-06 17:07:04.801  1850  1933 E ANDR-PERF-UTIL: ANDR-PERF-UTIL: save_node_val() 366: Failed to read /sys/class/mmc_host/mmc0/clk_scaling/enable
08-06 17:07:04.801  1850  1933 E ANDR-PERF-OPTSHANDLER: ANDR-PERF-OPTSHANDLER: modify_sysfsnode() 1266: Failed to read /sys/class/mmc_host/mmc0/clk_scaling/enable
08-06 17:07:04.801  1850  1933 E ANDR-PERF-RESOURCEQS: ANDR-PERF-RESOURCEQS: AddAndApply() 167: Failed to apply optimization [11, 4]
08-06 17:07:04.803  2474 10058 I WindowManager: Try to add startingWindow type = STARTING_WINDOW_TYPE_NONE this = ActivityRecord{c2a979d u0 com.maxmpz.audioplayer/.MainActivity t274} preAllowTaskSnapshot = true afterAllowTaskSnapshot = true newTask = false taskSwitch = false processRunning = true activityCreated = false activityAllDrawn = false isSnapshotCompatible = false resolvedTheme = 2131624287 theme = 2131624287
08-06 17:07:04.804  1850  1933 E ANDR-PERF-OPTSHANDLER: ANDR-PERF-OPTSHANDLER: modify_sysfsnode() 1213: Perflock resource /sys/class/devfreq/soc:qcom,cpubw/max_freq not supported
08-06 17:07:04.804  2474 10058 E ActivityTaskManager: Unable to get servicetracker HAL instance
08-06 17:07:04.804  1850  1933 E ANDR-PERF-RESOURCEQS: ANDR-PERF-RESOURCEQS: AddAndApply() 167: Failed to apply optimization [6, 6]
08-06 17:07:04.804  1850  1933 E ANDR-PERF-UTIL: ANDR-PERF-UTIL: save_node_val() 366: Failed to read /sys/class/mmc_host/mmc0/clk_scaling/enable
08-06 17:07:04.804  1850  1933 E ANDR-PERF-OPTSHANDLER: ANDR-PERF-OPTSHANDLER: modify_sysfsnode() 1266: Failed to read /sys/class/mmc_host/mmc0/clk_scaling/enable
08-06 17:07:04.804  1850  1933 E ANDR-PERF-RESOURCEQS: ANDR-PERF-RESOURCEQS: AddAndApply() 167: Failed to apply optimization [11, 4]
08-06 17:07:04.806  2474 10058 I ActivityTaskManager: START u0 {act=android.intent.action.MAIN cat=[android.intent.category.LAUNCHER] flg=0x24000000 cmp=com.maxmpz.audioplayer/.MainActivity} with LAUNCH_SINGLE_TASK from uid 10358 from pid 21935 callingPackage com.maxmpz.audioplayer (BAL_ALLOW_VISIBLE_WINDOW) result code=0
08-06 17:07:04.807  7890  8057 I SoScStageCoordinator: Transition requested:TransitionRequestInfo { type = OPEN, triggerTask = TaskInfo{userId=0 taskId=274 displayId=0 isRunning=true baseIntent=Intent { act=android.intent.action.MAIN cat=[android.intent.category.LAUNCHER] flg=0x10000000 cmp=com.maxmpz.audioplayer/.standard_adaptive } baseActivity=ComponentInfo{com.maxmpz.audioplayer/com.maxmpz.audioplayer.StartupActivity} topActivity=ComponentInfo{com.maxmpz.audioplayer/com.maxmpz.audioplayer.MainActivity} origActivity=ComponentInfo{com.maxmpz.audioplayer/com.maxmpz.audioplayer.standard_adaptive} realActivity=ComponentInfo{com.maxmpz.audioplayer/com.maxmpz.audioplayer.StartupActivity} numActivities=2 lastActiveTime=395849127 supportsSplitScreenMultiWindow=true supportsMultiWindow=true resizeMode=1 isResizeable=true minWidth=-1 minHeight=-1 defaultMinSize=200 token=WCT{android.window.IWindowContainerToken$Stub$Proxy@4cff952} topActivityType=1 pictureInPictureParams=null shouldDockBigOverlays=false launchIntoPipHostTaskId=-1 lastParentTaskIdBeforePip=-1 displayCutoutSafeInsets=Rect(0, 116 - 0, 0) topActivityInfo=ActivityInfo{1f05423 com.maxmpz.audioplayer.MainActivity} launchCookies=[] positionInParent=Point(0, 0) parentTaskId=-1 isFocused=true isVisible=true isVisibleRequested=true isSleeping=false locusId=null displayAreaFeatureId=1 isTopActivityTransparent=false appCompatTaskInfo=AppCompatTaskInfo { topActivityInSizeCompat=false topActivityInMiuiSizeCompat=false topActivityEligibleForLetterboxEducation= falseisLetterboxEducationEnabled= false isLetterboxDoubleTapEnabled= false topActivityEligibleForUserAspectRatioButton= false topActivityBoundsLetterboxed= false isFromLetterboxDoubleTap= false topActivityLetterboxVerticalPosition= -1 topActivityLetterboxHorizontalPosition= -1 topActivityLetterboxWidth=1200 topActivityLetterboxHeight=2670 isUserFullscreenOverrideEnabled=false isSystemFullscreenOverrideEnabled=false cameraCompatTaskInfo=CameraCompatTaskInfo { cameraCompatControlState=hidden freeformCameraCompatMode=inactive}} isImmersive=false mTopActivityRequestOrientation=-1 mBehindAppLockPkg=null mOriginatingUid=0 isEmbedded=false shouldBeVisible=true isCreatedByOrganizer=false mIsCastMode=false mTopActivityMediaSize=null mTopActivityRecordName=ActivityRecord{c2a979d u0 com.maxmpz.audioplayer/.MainActivity t274} mTopActivityOrientation=-2}, pipTask = null, remoteTransition = null, displayChange = null, flags = 0, debugId = 162 } isSoScActive:false triggerTask:TaskInfo{userId=0 taskId=274 displayId=0 isRunning=true baseIntent=Intent { act=android.intent.action.MAIN cat=[android.intent.category.LAUNCHER] flg=0x10000000 cmp=com.maxmpz.audioplayer/.standard_adaptive } baseActivity=ComponentInfo{com.maxmpz.audioplayer/com.maxmpz.audioplayer.StartupActivity} topActivity=ComponentInfo{com.maxmpz.audioplayer/com.maxmpz.audioplayer.MainActivity} origActivity=ComponentInfo{com.maxmpz.audioplayer/com.maxmpz.audioplayer.standard_adaptive} realActivity=ComponentInfo{com.maxmpz.audioplayer/com.maxmpz.audioplayer.StartupActivity} numActivities=2 lastActiveTime=395849127 supportsSplitScreenMultiWindow=true supportsMultiWindow=true resizeMode=1 isResizeable=true minWidth=-1 minHeight=-1 defaultMinSize=200 token=WCT{android.window.IWindowContainerToken$Stub$Proxy@4cff952} topActivityType=1 pictureInPictureParams=null shouldDockBigOverlays=false launchIntoPipHostTaskId=-1 lastParentTaskIdBeforePip=-1 displayCutoutSafeInsets=Rect(0, 116 - 0, 0) topActivityInfo=ActivityInfo{1f05423 com.maxmpz.audioplayer.MainActivity} launchCookies=[] positionInParent=Point(0, 0) parentTaskId=-1 isFocused=true isVisible=true isVisibleRequested=true isSleeping=false locusId=null displayAreaFeatureId=1 isTopActivityTransparent=false appCompatTaskInfo=AppCompatTaskInfo { topActivityInSizeCompat=false topActivityInMiuiSizeCompat=false topActivityEligibleForLetterboxEducation= falseisLetterboxEducationEnabled= false isLetterboxDoubleTapEnabled= false topActivityEligibleForUserAspectRatioButton= false topActivityBoundsLetterboxed= false isFromLetterboxDoubleTap= fal
08-06 17:07:04.807  2474 10058 W OptProp : Cannot read opt property android.window.PROPERTY_COMPAT_ALLOW_ORIENTATION_OVERRIDE
08-06 17:07:04.808  2474 10058 E ActivityTaskManager: Unable to get servicetracker HAL instance
08-06 17:07:04.808  2474 10058 E ActivityTaskManager: Unable to get servicetracker HAL instance
08-06 17:07:04.808  2474 10058 E WindowManager: setClientVisible ActivityRecord{2feef3f u0 com.maxmpz.audioplayer/.dialogs.MusicFoldersActivity true
08-06 17:07:04.808  2474 10058 W OptProp : Cannot read opt property android.window.PROPERTY_COMPAT_ALLOW_RESIZEABLE_ACTIVITY_OVERRIDES
08-06 17:07:04.808  2474 10058 W OptProp : Cannot read opt property android.window.PROPERTY_COMPAT_ALLOW_MIN_ASPECT_RATIO_OVERRIDE
08-06 17:07:04.808  2474 10058 I ActivityTaskManager: isKeyguardEditor: false, newTransition: null
08-06 17:07:04.810  1850  9924 E ANDR-PERF-LM: MetaMeter: handleAsync() 166: AdaptLaunch Invalid Async
08-06 17:07:04.810  1850  1933 E ANDR-PERF-UTIL: ANDR-PERF-UTIL: save_node_val() 366: Failed to read /sys/class/mmc_host/mmc0/clk_scaling/enable
08-06 17:07:04.810  1850  1933 E ANDR-PERF-OPTSHANDLER: ANDR-PERF-OPTSHANDLER: modify_sysfsnode() 1266: Failed to read /sys/class/mmc_host/mmc0/clk_scaling/enable
08-06 17:07:04.810  1850  1933 E ANDR-PERF-RESOURCEQS: ANDR-PERF-RESOURCEQS: AddAndApply() 167: Failed to apply optimization [11, 4]
08-06 17:07:04.811  2474 10058 I WindowManager: Try to add startingWindow type = STARTING_WINDOW_TYPE_NONE this = ActivityRecord{2feef3f u0 com.maxmpz.audioplayer/.dialogs.MusicFoldersActivity t274} preAllowTaskSnapshot = true afterAllowTaskSnapshot = true newTask = false taskSwitch = false processRunning = true activityCreated = false activityAllDrawn = false isSnapshotCompatible = false resolvedTheme = 0 theme = 2131624785
08-06 17:07:04.811  2474 10058 I ActivityTaskManager: START u0 {cmp=com.maxmpz.audioplayer/.dialogs.MusicFoldersActivity} with LAUNCH_MULTIPLE from uid 10358 from pid 21935 callingPackage com.maxmpz.audioplayer (BAL_ALLOW_VISIBLE_WINDOW) result code=0
08-06 17:07:04.812  2474  7384 I DisplayModeDirectorImpl: setSmartDisplayUpRefreshRatePolicy [0.0,120.0]
08-06 17:07:04.812  2036  2036 I RefreshRateSelector: Display 4630947082089526659 policy changed
08-06 17:07:04.812  2036  2036 I RefreshRateSelector: Previous: {defaultModeId=0, allowGroupSwitching=false, primaryRanges={physical=[0.00 Hz, 120.00 Hz], render=[0.00 Hz, 120.00 Hz]}, appRequestRanges={physical=[0.00 Hz, 120.00 Hz], render=[0.00 Hz, 120.00 Hz]} idleScreenConfig=nullptr}
08-06 17:07:04.812  2036  2036 I RefreshRateSelector: Current:  DisplayManagerPolicy{defaultModeId=0, allowGroupSwitching=false, primaryRanges={physical=[0.00 Hz, inf Hz], render=[0.00 Hz, 120.00 Hz]}, appRequestRanges={physical=[0.00 Hz, inf Hz], render=[0.00 Hz, 120.00 Hz]} idleScreenConfig=nullptr}
08-06 17:07:04.812  2036  2036 I RefreshRateSelector: 0 mode changes were performed under the previous policy
08-06 17:07:04.812  2474  7384 I DisplayModeDirectorImpl: onDesiredDisplayModeSpecsChanged:baseModeId=0 allowGroupSwitching=false primary=physical: (0.0 Infinity) render:  (0.0 120.0) appRequest=physical: (0.0 Infinity) render:  (0.0 120.0) idleScreenRefreshRateConfig=null noVotes=true
08-06 17:07:04.812  7890  8057 I MiuiBubbleController: removeBubble: 274 reason=2
08-06 17:07:04.812  7890  8057 I MultiTaskingTaskRepository: onTaskInfoChanged multi list = [], full = [274, 257, 254]
08-06 17:07:04.813  7890  8057 I MiuiBubbleController: removeBubble: 274 reason=2
08-06 17:07:04.813  7890  8057 I MultiTaskingTaskRepository: onTaskInfoChanged multi list = [], full = [274, 257, 254]
08-06 17:07:04.814 21935 31410 I ContentCatcher: SettingTrigger : unregister status observer com.maxmpz.audioplayer.standard_adaptive
08-06 17:07:04.814  2474  8755 E ActivityTaskManager: Unable to get servicetracker HAL instance
08-06 17:07:04.814  2474  8755 E ActivityTaskManager: Unable to get servicetracker HAL instance
08-06 17:07:04.814  2474  8755 E ActivityTaskManager: Unable to get servicetracker HAL instance
08-06 17:07:04.815  1850  1933 E ANDR-PERF-OPTSHANDLER: ANDR-PERF-OPTSHANDLER: modify_sysfsnode() 1213: Perflock resource /sys/class/devfreq/soc:qcom,cpubw/max_freq not supported
08-06 17:07:04.815  1850  1933 E ANDR-PERF-RESOURCEQS: ANDR-PERF-RESOURCEQS: AddAndApply() 167: Failed to apply optimization [6, 6]
08-06 17:07:04.815  2474  8755 I ActivityTaskManager: The Process com.maxmpz.audioplayer Already Exists in BG. So sending its PID: 21935
08-06 17:07:04.815  1850  1933 E ANDR-PERF-UTIL: ANDR-PERF-UTIL: save_node_val() 366: Failed to read /sys/class/mmc_host/mmc0/clk_scaling/enable
08-06 17:07:04.815  1850  1933 E ANDR-PERF-OPTSHANDLER: ANDR-PERF-OPTSHANDLER: modify_sysfsnode() 1266: Failed to read /sys/class/mmc_host/mmc0/clk_scaling/enable
08-06 17:07:04.815  1850  1933 E ANDR-PERF-RESOURCEQS: ANDR-PERF-RESOURCEQS: AddAndApply() 167: Failed to apply optimization [11, 4]
08-06 17:07:04.815  2474  8755 E WindowManager: setClientVisible ActivityRecord{2feef3f u0 com.maxmpz.audioplayer/.dialogs.MusicFoldersActivity t274} true
08-06 17:07:04.815  1850  9924 E ANDR-PERF-LM: MetaMeter: handleAsync() 166: AdaptLaunch Invalid Async
08-06 17:07:04.816  2474  8755 E WindowManager: setClientVisible ActivityRecord{c2a979d u0 com.maxmpz.audioplayer/.MainActivity t274} true
08-06 17:07:04.816  2474  8755 I ActivityTaskManager: The Process com.maxmpz.audioplayer Already Exists in BG. So sending its PID: 21935
08-06 17:07:04.816  1850  9924 E ANDR-PERF-LM: MetaMeter: handleAsync() 166: AdaptLaunch Invalid Async
08-06 17:07:04.816  2474  8755 E WindowManager: setClientVisible ActivityRecord{c2a979d u0 com.maxmpz.audioplayer/.MainActivity t274} true
08-06 17:07:04.816  7890  8057 I MiuiBubbleController: removeBubble: 274 reason=2
08-06 17:07:04.817  7890  8057 I MultiTaskingTaskRepository: onTaskInfoChanged multi list = [], full = [274, 257, 254]
08-06 17:07:04.817  2474  8755 E ActivityTaskManager: Unable to get servicetracker HAL instance
08-06 17:07:04.817  2036  2036 I BpBinder: onLastStrongRef automatically unlinking death recipients: 
08-06 17:07:04.817  2474  8755 E WindowManager: setClientVisible ActivityRecord{2feef3f u0 com.maxmpz.audioplayer/.dialogs.MusicFoldersActivity t274} true
08-06 17:07:04.817  7890  8057 I MiuiBubbleController: removeBubble: 274 reason=2
08-06 17:07:04.817  7890  8057 I MultiTaskingTaskRepository: onTaskInfoChanged multi list = [], full = [274, 257, 254]
08-06 17:07:04.818  2474  8755 E ActivityTaskManager: Unable to get servicetracker HAL instance
08-06 17:07:04.818  2474  8755 I MultiSenceManagerInternalStub: getInstance
08-06 17:07:04.818  2474  2646 W SSRU-ResourceUsageProxy: Nonexistent ongoing transaction AW_TOP:2205152 for u:0 pkg:com.maxmpz.audioplayer ended
08-06 17:07:04.819  2474  8755 I BLASTSyncEngine: SyncGroup 162:  Unfinished container:ActivityRecord{c2a979d u0 com.maxmpz.audioplayer/.MainActivity t274}
08-06 17:07:04.819  2474  8755 I BLASTSyncEngine: isActivitySyncFinished isSyncFinished false ActivityRecord{c2a979d u0 com.maxmpz.audioplayer/.MainActivity t274}
08-06 17:07:04.820 21935 31382 I ActivityThread: HardwareRenderer preload  done
08-06 17:07:04.822 21935 31410 I ContentCatcher: ViewContentFetcher : ViewContentFetcher
08-06 17:07:04.822 21935 31410 E ContentCatcherManager: failed to get ContentCatcherService.
08-06 17:07:04.823 21935 31410 E ContentCatcherManager: failed to get ContentCatcherService.
08-06 17:07:04.823  1865  1865 I vendor.qti.hardware.servicetrackeraidl-service: bindService is called for service : com.maxmpz.audioplayer/.player.PlayerService and for client com.maxmpz.audioplayer
08-06 17:07:04.823  1865  1865 I vendor.qti.hardware.servicetrackeraidl-service: total connections for service : com.maxmpz.audioplayer/.player.PlayerServiceare :1
08-06 17:07:04.823  1865  1865 I vendor.qti.hardware.servicetrackeraidl-service: total connections for client : com.maxmpz.audioplayerare :1
08-06 17:07:04.848 21935 31410 I ContentCatcher: SettingTrigger : register screen QA status observer com.maxmpz.audioplayer.MainActivity
08-06 17:07:04.848 21935 31410 I ContentCatcher: SettingTrigger : register global collect status observer com.maxmpz.audioplayer.MainActivity
08-06 17:07:04.850 21935 21935 I ViewRootImpl: com.maxmpz.audioplayer/com.maxmpz.audioplayer.MainActivity use first frame acceleration
08-06 17:07:04.852 21935 31410 I ContentCatcher: SettingTrigger : unregister status observer com.maxmpz.audioplayer.MainActivity
08-06 17:07:04.860  2474  7656 I BLASTSyncEngine: SyncGroup 162:  Unfinished container:ActivityRecord{c2a979d u0 com.maxmpz.audioplayer/.MainActivity t274}
08-06 17:07:04.860  2474  7656 I BLASTSyncEngine: isActivitySyncFinished isSyncFinished false ActivityRecord{c2a979d u0 com.maxmpz.audioplayer/.MainActivity t274}
08-06 17:07:04.861 21935 21935 W libc    : Access denied finding property "vendor.gpp.create_frc_extension"
08-06 17:07:04.864 21935 21935 W libc    : Access denied finding property "vendor.gpp.create_frc_extension"
08-06 17:07:04.865 21935 31639 I GLScene.cpp: Qualcomm Adreno (TM) 750
08-06 17:07:04.865 21935 31639 I GLScene.cpp: OpenGL ES 3.2 V@0762.30 (GIT@0c7c4b37d5, I3988f0db60, 1729254319) (Date:10/18/24) OpenGL ES GLSL ES 3.20
08-06 17:07:04.876  1850  9931 E ANDR-PERF-LM: SAGT_ACTION: UpdateFPSData() 138: update /sys/kernel/sched_penalty/parameters/fps to 120, ret is 0
08-06 17:07:04.877  1850  9931 E ANDR-PERF-LM: SAGT_ACTION: updateAutoPenatly() 161: recovery auto penatly gamefps 120.000000, measured fps is 119.000000, gap is 1.000000 
08-06 17:07:04.885 21935 21935 I Choreographer: first vsync insert message into MessageQueue Head
08-06 17:07:04.886  2474  2655 I BLASTSyncEngine: SyncGroup 162:  Unfinished container:ActivityRecord{2feef3f u0 com.maxmpz.audioplayer/.dialogs.MusicFoldersActivity t274}
08-06 17:07:04.886  2474  2655 I BLASTSyncEngine: isActivitySyncFinished isSyncFinished false ActivityRecord{2feef3f u0 com.maxmpz.audioplayer/.dialogs.MusicFoldersActivity t274}
08-06 17:07:04.887  2474  2655 I BLASTSyncEngine: SyncGroup 162:  Unfinished container:ActivityRecord{2feef3f u0 com.maxmpz.audioplayer/.dialogs.MusicFoldersActivity t274}
08-06 17:07:04.887  2474  2655 I BLASTSyncEngine: isActivitySyncFinished isSyncFinished false ActivityRecord{2feef3f u0 com.maxmpz.audioplayer/.dialogs.MusicFoldersActivity t274}
08-06 17:07:04.891 21935 31382 I ActivityThread: HardwareRenderer preload  done
08-06 17:07:04.892 21935 31410 I ContentCatcher: ViewContentFetcher : ViewContentFetcher
08-06 17:07:04.892 21935 31410 E ContentCatcherManager: failed to get ContentCatcherService.
08-06 17:07:04.893 21935 31410 E ContentCatcherManager: failed to get ContentCatcherService.
08-06 17:07:04.897 21935 21935 I AbsListViewStubImpl: com.maxmpz.audioplayer, version: build-939-uni, Enable Prefetch: false
08-06 17:07:04.899 21935 31410 I ContentCatcher: SettingTrigger : register screen QA status observer com.maxmpz.audioplayer.dialogs.MusicFoldersActivity
08-06 17:07:04.900 21935 31410 I ContentCatcher: SettingTrigger : register global collect status observer com.maxmpz.audioplayer.dialogs.MusicFoldersActivity
08-06 17:07:04.901  2474  7378 E HyperSentinel: -------------------------------------------------------
08-06 17:07:04.901  2474  7378 E HyperSentinel: Event_ResidentSize
08-06 17:07:04.901  2474  7378 E HyperSentinel: -> audit event by proc 21935 "usap64": RSS increasement, peak 155188kb -> 232880kb
08-06 17:07:04.902 21935 21935 I ViewRootImpl: com.maxmpz.audioplayer/com.maxmpz.audioplayer.dialogs.MusicFoldersActivity use first frame acceleration
08-06 17:07:04.903 21935 21935 I Choreographer: first vsync insert message into MessageQueue Head
08-06 17:07:04.904 14107 30826 I VA_ActivityStateHelper: activityResumed componentName ComponentInfo{com.maxmpz.audioplayer/com.maxmpz.audioplayer.dialogs.GenericDialogActivity}
08-06 17:07:04.905 14107 30826 I VA_ActivityStateHelper: activityResumed mAiSkillPush is false
08-06 17:07:04.905 13899 16397 I AIRC_CounterTrack: collect: signal-TopActivityPerception
08-06 17:07:04.905 13899 16397 I MMKV    : <MMKV.cpp:1170::sync> MMKV::sync, SyncFlag = 1
08-06 17:07:04.905 13430  5977 I ActivityObserverUtil: activityResumed ComponentInfo{com.maxmpz.audioplayer/com.maxmpz.audioplayer.dialogs.GenericDialogActivity}
08-06 17:07:04.906 13430  5977 I TopActivityMonitor: send TopActivityChangeEvent=TopActivityChangeEvent(prev=ComponentInfo{com.maxmpz.audioplayer/com.maxmpz.audioplayer.StartupActivity}, current=ComponentInfo{com.maxmpz.audioplayer/com.maxmpz.audioplayer.dialogs.GenericDialogActivity},appChanged=false)
08-06 17:07:04.907  7458  7458 W RecentsImpl: updateStubViewVisibility, className=com.maxmpz.audioplayer.dialogs.GenericDialogActivity
08-06 17:07:04.907 13430  5977 I travelService_ActivityObserverUtils: activityResumed ComponentInfo{com.maxmpz.audioplayer/com.maxmpz.audioplayer.dialogs.GenericDialogActivity}
08-06 17:07:04.907  7458  8149 W RecentsImpl: disableTouchBySwipeStatusBar    disable=false
08-06 17:07:04.907  7458  8149 W RecentsImpl: disableBackStubWindow    disableTouch=false
08-06 17:07:04.907  2474 10058 W UriGrantsManagerService: No permission grants found for com.maxmpz.audioplayer
08-06 17:07:04.908  2474 10058 W UriGrantsManagerService: No permission grants found for com.maxmpz.audioplayer
08-06 17:07:04.908 21935 31397 W RestStorages: Available mounts=[primary/]
08-06 17:07:04.908  7458  8149 W GestureStubView_Left: adaptRotation   currentRotation=0   mRotation=0
08-06 17:07:04.908  2474  7656 I BLASTSyncEngine: SyncGroup 162:  Unfinished container:ActivityRecord{2feef3f u0 com.maxmpz.audioplayer/.dialogs.MusicFoldersActivity t274}
08-06 17:07:04.908  2474  7656 I BLASTSyncEngine: isActivitySyncFinished isSyncFinished false ActivityRecord{2feef3f u0 com.maxmpz.audioplayer/.dialogs.MusicFoldersActivity t274}
08-06 17:07:04.908  7458  8149 W GestureStubView_Right: adaptRotation   currentRotation=0   mRotation=0
08-06 17:07:04.908  2474 10058 W UriGrantsManagerService: No permission grants found for com.maxmpz.audioplayer
08-06 17:07:04.909  2474  7656 I MultiSenceManagerInternalStub: getInstance
08-06 17:07:04.909  2474 10058 W UriGrantsManagerService: No permission grants found for com.maxmpz.audioplayer
08-06 17:07:04.910 21935 21935 W libc    : Access denied finding property "vendor.gpp.create_frc_extension"
08-06 17:07:04.914 21935 21935 I MediaRouter: Skip setBluetoothA2dpOn(): types=8388615, isPlaybackActive()=false, BT route=null
08-06 17:07:04.915  2474 10058 I MediaSessionStack: addSession to bottom of stack | record: com.maxmpz.audioplayer/Poweramp/3 (userId=0)
08-06 17:07:04.915  5465  5597 I ActiveAudioSessionManager_export-api: controllerSize:0
08-06 17:07:04.915  5465  5597 I ActiveAudioSessionManager_export-api: stopPositionCallbackTask
08-06 17:07:04.915  5465  5597 I ActiveAudioSessionManager_export-api: dispatchSessionsExistsChangeCallbackLocked :false
08-06 17:07:04.915  5465  5597 I MiPlayServiceAdapter: markSessionKilled
08-06 17:07:04.915  5465  5597 I LocalMiplayAudioManager: handleServiceLifecycle safeUnBindService
08-06 17:07:04.916 18537 18537 I Cir_Miplay_ActiveAudioSessionManager: onActiveSessionsChanged.
08-06 17:07:04.916 18537 18537 I Cir_Miplay_ActiveAudioSessionManager: handleOnActiveSessionsChanged.
08-06 17:07:04.916  7890 13552 I ActiveAudioSessionManager_export-api: controllerSize:0
08-06 17:07:04.916  7890 13552 I ActiveAudioSessionManager_export-api: stopPositionCallbackTask
08-06 17:07:04.916  7890 13552 I ActiveAudioSessionManager_export-api: dispatchSessionsExistsChangeCallbackLocked :false
08-06 17:07:04.916  7890 13552 I MiPlayServiceAdapter: markSessionKilled
08-06 17:07:04.916  7890 13552 I LocalMiplayAudioManager: handleServiceLifecycle safeUnBindService
08-06 17:07:04.916  7890  8984 I ActiveAudioSessionManager_export-api: controllerSize:0
08-06 17:07:04.917  7890  8984 I ActiveAudioSessionManager_export-api: stopPositionCallbackTask
08-06 17:07:04.917  7890  8984 I ActiveAudioSessionManager_export-api: dispatchSessionsExistsChangeCallbackLocked :false
08-06 17:07:04.920  7458  8328 W MiBridge: Permission not granted !!
08-06 17:07:04.921 13710 20561 I SCTaskStackListener: onTaskStackChanged! inSplit = false
08-06 17:07:04.922  7458  8328 W RecentsModel: getRunningTask   taskInfo=TaskInfo{userId=0 taskId=274 displayId=0 isRunning=true baseIntent=Intent { act=android.intent.action.MAIN cat=[android.intent.category.LAUNCHER] flg=0x10000000 cmp=com.maxmpz.audioplayer/.standard_adaptive } baseActivity=ComponentInfo{com.maxmpz.audioplayer/com.maxmpz.audioplayer.MainActivity} topActivity=ComponentInfo{com.maxmpz.audioplayer/com.maxmpz.audioplayer.dialogs.GenericDialogActivity} origActivity=ComponentInfo{com.maxmpz.audioplayer/com.maxmpz.audioplayer.standard_adaptive} realActivity=ComponentInfo{com.maxmpz.audioplayer/com.maxmpz.audioplayer.StartupActivity} numActivities=2 lastActiveTime=395849247 supportsSplitScreenMultiWindow=true supportsMultiWindow=true resizeMode=1 isResizeable=true minWidth=-1 minHeight=-1 defaultMinSize=200 token=WCT{android.window.IWindowContainerToken$Stub$Proxy@ae0288b} topActivityType=1 pictureInPictureParams=null shouldDockBigOverlays=false launchIntoPipHostTaskId=-1 lastParentTaskIdBeforePip=-1 displayCutoutSafeInsets=Rect(0, 116 - 0, 0) topActivityInfo=ActivityInfo{44dcd68 com.maxmpz.audioplayer.dialogs.MusicFoldersActivity} launchCookies=[] positionInParent=Point(0, 0) parentTaskId=-1 isFocused=true isVisible=true isVisibleRequested=true isSleeping=false locusId=null displayAreaFeatureId=1 isTopActivityTransparent=true appCompatTaskInfo=AppCompatTaskInfo { topActivityInSizeCompat=false topActivityInMiuiSizeCompat=false topActivityEligibleForLetterboxEducation= falseisLetterboxEducationEnabled= false isLetterboxDoubleTapEnabled= false topActivityEligibleForUserAspectRatioButton= false topActivityBoundsLetterboxed= false isFromLetterboxDoubleTap= false topActivityLetterboxVerticalPosition= -1 topActivityLetterboxHorizontalPosition= -1 topActivityLetterboxWidth=1200 topActivityLetterboxHeight=2670 isUserFullscreenOverrideEnabled=false isSystemFullscreenOverrideEnabled=false cameraCompatTaskInfo=CameraCompatTaskInfo { cameraCompatControlState=hidden freeformCameraCompatMode=inactive}} isImmersive=false mTopActivityRequestOrientation=14 mBehindAppLockPkg=null mOriginatingUid=0 isEmbedded=false shouldBeVisible=true isCreatedByOrganizer=false mIsCastMode=false mTopActivityMediaSize=null mTopActivityRecordName=ActivityRecord{2feef3f u0 com.maxmpz.audioplayer/.dialogs.MusicFoldersActivity t274} mTopActivityOrientation=14}
08-06 17:07:04.922  7458  8328 E ActivityManagerWrapper: get all recent tasks force including 274
08-06 17:07:04.922 13710 14399 I SCTaskStackListener: onTaskStackChanged! inSplit = false
08-06 17:07:04.922  7890  7890 I FocusedNotifPromptContr: onTopActivityMayChanged: isSupportPip false, isFocus true
08-06 17:07:04.922  7890  7890 I FocusedNotifPromptContr: onTopActivityMayChanged: topActivity=com.maxmpz.audioplayer
08-06 17:07:04.922  7890  7890 I PromptViewAnimState: topActivityMayChanged: topActivity=com.maxmpz.audioplayer --> com.maxmpz.audioplayer
08-06 17:07:04.925  7458  8328 E ActivityManagerWrapper: getRecentTasksForceIncludingTaskIdIfValid: getRecentTasks: size=3
08-06 17:07:04.925  7458  8328 E ActivityManagerWrapper:  mainTaskId=274   userId=0   windowMode=1   baseIntent=Intent { act=android.intent.action.MAIN flag=268435456 cmp=ComponentInfo{com.maxmpz.audioplayer/com.maxmpz.audioplayer.standard_adaptive} }
08-06 17:07:04.925  7458  8328 E ActivityManagerWrapper:  mainTaskId=257   userId=0   windowMode=1   baseIntent=Intent { act=android.intent.action.VIEW flag=268435456 cmp=ComponentInfo{com.android.vending/com.google.android.finsky.activities.MainActivity} }
08-06 17:07:04.925  7458  8328 E ActivityManagerWrapper:  mainTaskId=254   userId=0   windowMode=1   baseIntent=Intent { act=android.intent.action.MAIN flag=270532608 cmp=ComponentInfo{com.getsurfboard/com.getsurfboard.ui.activity.MainActivity} }
08-06 17:07:04.930  7458  8328 W RecentsModel: getRunningTask   taskInfo=TaskInfo{userId=0 taskId=274 displayId=0 isRunning=true baseIntent=Intent { act=android.intent.action.MAIN cat=[android.intent.category.LAUNCHER] flg=0x10000000 cmp=com.maxmpz.audioplayer/.standard_adaptive } baseActivity=ComponentInfo{com.maxmpz.audioplayer/com.maxmpz.audioplayer.MainActivity} topActivity=ComponentInfo{com.maxmpz.audioplayer/com.maxmpz.audioplayer.dialogs.GenericDialogActivity} origActivity=ComponentInfo{com.maxmpz.audioplayer/com.maxmpz.audioplayer.standard_adaptive} realActivity=ComponentInfo{com.maxmpz.audioplayer/com.maxmpz.audioplayer.StartupActivity} numActivities=2 lastActiveTime=395849256 supportsSplitScreenMultiWindow=true supportsMultiWindow=true resizeMode=1 isResizeable=true minWidth=-1 minHeight=-1 defaultMinSize=200 token=WCT{android.window.IWindowContainerToken$Stub$Proxy@8e65814} topActivityType=1 pictureInPictureParams=null shouldDockBigOverlays=false launchIntoPipHostTaskId=-1 lastParentTaskIdBeforePip=-1 displayCutoutSafeInsets=Rect(0, 116 - 0, 0) topActivityInfo=ActivityInfo{c61c8bd com.maxmpz.audioplayer.dialogs.MusicFoldersActivity} launchCookies=[] positionInParent=Point(0, 0) parentTaskId=-1 isFocused=true isVisible=true isVisibleRequested=true isSleeping=false locusId=null displayAreaFeatureId=1 isTopActivityTransparent=true appCompatTaskInfo=AppCompatTaskInfo { topActivityInSizeCompat=false topActivityInMiuiSizeCompat=false topActivityEligibleForLetterboxEducation= falseisLetterboxEducationEnabled= false isLetterboxDoubleTapEnabled= false topActivityEligibleForUserAspectRatioButton= false topActivityBoundsLetterboxed= false isFromLetterboxDoubleTap= false topActivityLetterboxVerticalPosition= -1 topActivityLetterboxHorizontalPosition= -1 topActivityLetterboxWidth=1200 topActivityLetterboxHeight=2670 isUserFullscreenOverrideEnabled=false isSystemFullscreenOverrideEnabled=false cameraCompatTaskInfo=CameraCompatTaskInfo { cameraCompatControlState=hidden freeformCameraCompatMode=inactive}} isImmersive=false mTopActivityRequestOrientation=14 mBehindAppLockPkg=null mOriginatingUid=0 isEmbedded=false shouldBeVisible=true isCreatedByOrganizer=false mIsCastMode=false mTopActivityMediaSize=null mTopActivityRecordName=ActivityRecord{2feef3f u0 com.maxmpz.audioplayer/.dialogs.MusicFoldersActivity t274} mTopActivityOrientation=14}
08-06 17:07:04.931  7458  8328 E ActivityManagerWrapper: get all recent tasks force including 274
08-06 17:07:04.932  7458  8328 E ActivityManagerWrapper: getRecentTasksForceIncludingTaskIdIfValid: getRecentTasks: size=3
08-06 17:07:04.932  7458  8328 E ActivityManagerWrapper:  mainTaskId=274   userId=0   windowMode=1   baseIntent=Intent { act=android.intent.action.MAIN flag=268435456 cmp=ComponentInfo{com.maxmpz.audioplayer/com.maxmpz.audioplayer.standard_adaptive} }
08-06 17:07:04.932  7458  8328 E ActivityManagerWrapper:  mainTaskId=257   userId=0   windowMode=1   baseIntent=Intent { act=android.intent.action.VIEW flag=268435456 cmp=ComponentInfo{com.android.vending/com.google.android.finsky.activities.MainActivity} }
08-06 17:07:04.932  7458  8328 E ActivityManagerWrapper:  mainTaskId=254   userId=0   windowMode=1   baseIntent=Intent { act=android.intent.action.MAIN flag=270532608 cmp=ComponentInfo{com.getsurfboard/com.getsurfboard.ui.activity.MainActivity} }
08-06 17:07:04.934  2474  2655 I AnimInterruptController: FIS reset Foresee interrupt status
08-06 17:07:04.934  2474  2655 E WindowManager: setClientVisible ActivityRecord{c2a979d u0 com.maxmpz.audioplayer/.MainActivity t274} true
08-06 17:07:04.934 13025 13052 I MiuiPerfServiceClient: begin bootRecord
08-06 17:07:04.934  2474  2655 I WindowManager: wms.showSurfaceRobustly mWin:Window{6d8262f u0 com.maxmpz.audioplayer/com.maxmpz.audioplayer.MainActivity}
08-06 17:07:04.934  2474  2655 E WindowManager: setClientVisible ActivityRecord{2feef3f u0 com.maxmpz.audioplayer/.dialogs.MusicFoldersActivity t274} true
08-06 17:07:04.934  2474  2655 I WindowManager: wms.showSurfaceRobustly mWin:Window{3a4f91f u0 com.maxmpz.audioplayer/com.maxmpz.audioplayer.dialogs.MusicFoldersActivity}
08-06 17:07:04.936  2474  2643 I ActivityTaskManager: Displayed com.maxmpz.audioplayer/.dialogs.MusicFoldersActivity for user 0: +143ms
08-06 17:07:04.936  7890  8057 I ShellTransitions: Is abandon offsetY: false
08-06 17:07:04.936  7890  8057 I ShellTransitions: Is abandon offsetY: false
08-06 17:07:04.936  7890  8057 I ShellTransitions: Is abandon offsetY: false
08-06 17:07:04.936  7890  8057 E KeyguardTransitionHandlerImpl: activityCount = 3
08-06 17:07:04.937  7890  8057 E KeyguardTransitionHandlerImpl: activityCount = 3
08-06 17:07:04.939 18537 18537 I Cir_Miplay_ActiveAudioSessionManager: onActiveSessionsChanged.
08-06 17:07:04.939  7890 13552 I ActiveAudioSessionManager_export-api: controllerSize:1
08-06 17:07:04.939  7890 13552 I ActiveAudioSessionManager_export-api: packageName:com.maxmpz.audioplayer
08-06 17:07:04.940 18537 18537 I Cir_Miplay_ActiveAudioSessionManager: handleOnActiveSessionsChanged.
08-06 17:07:04.940  2474  7656 E WindowManager: setClientVisible ActivityRecord{59e1487 u0 com.maxmpz.audioplayer/.standard_adaptive t274 f}} false
08-06 17:07:04.940  7890  8984 I ActiveAudioSessionManager_export-api: controllerSize:1
08-06 17:07:04.940  7890  8984 I ActiveAudioSessionManager_export-api: packageName:com.maxmpz.audioplayer
08-06 17:07:04.941 21935 31651 W PSOutputManager: no output_speaker pref, using safe output deviceName=speaker routedEndDeviceName=null
08-06 17:07:04.941 21935 31651 W PSOutputManager: selected output=com.maxmpz.audioplayer/output.osl for device=1 deviceName=speaker flags=0x20
08-06 17:07:04.942  2036  2239 W VsyncModulator: setTransactionSchedule: Unexpected EarlyEnd
08-06 17:07:04.942  7890  8057 I RemoteTransitionHandlerStubImpl: invokeAndRemoveWctCB transition is null, curWctCB: null
08-06 17:07:04.942  1865  1865 I vendor.qti.hardware.servicetrackeraidl-service: destroyService is called for service : com.maxmpz.audioplayer/.player.HeadsetMicroService
08-06 17:07:04.942  5465  5597 I ActiveAudioSessionManager_export-api: controllerSize:1
08-06 17:07:04.943  5465  5597 I ActiveAudioSessionManager_export-api: packageName:com.maxmpz.audioplayer
08-06 17:07:04.943  1843  1843 I MiClstc : DropLayers erase layer 511
08-06 17:07:04.943  2474  2655 E WindowManager: setClientVisible WallpaperWindowToken{cfaaaf0 token=android.os.Binder@db76733} false
08-06 17:07:04.943  1843  1843 I MiClstc : DropLayers erase layer 516
08-06 17:07:04.944  2474  7257 I MiuiNetworkPolicy: bandwidth: 0 KB/s, Max bandwidth: 11266 KB/s
08-06 17:07:04.944  2474 10058 E ActivityTaskManager: Unable to get servicetracker HAL instance
08-06 17:07:04.944  2474 10058 E ActivityTaskManager: Unable to get servicetracker HAL instance
08-06 17:07:04.944  2474 10058 E ActivityTaskManager: Unable to get servicetracker HAL instance
08-06 17:07:04.944  2474 10058 E ActivityTaskManager: Unable to get servicetracker HAL instance
08-06 17:07:04.945 18537 18537 I Cir_Miplay_ActiveAudioSessionManager: dispatchActiveSessionChangeCallbackLocked, size:1
08-06 17:07:04.945  7497  7497 I MiuiWallpaper-ImageWallpaper: onVisibilityChanged, visible = false, ret=true
08-06 17:07:04.945  5465  5597 I ActiveAudioSessionManager_export-api: stopPositionCallbackTask
08-06 17:07:04.945  5465  5597 I ActiveAudioSessionManager_export-api: dispatchSessionsExistsChangeCallbackLocked :true
08-06 17:07:04.945  5465  5597 I MiPlayServiceAdapter: markSessionChange
08-06 17:07:04.945  7823  7981 I DynamicDDSService: handleMessage(ACTIVITY_SUSPEND{appInfo=com.maxmpz.audioplayer isFullScreen=}true)
08-06 17:07:04.945  5465  5597 I MiPlayServiceAdapter: intent to startService : 0
08-06 17:07:04.945  5465  5597 I LocalMiplayAudioManager: handleServiceLifecycle safeBindService
08-06 17:07:04.945  7823  7981 W DynamicDDSService: mAppNames is empty, no need to send QMI
08-06 17:07:04.947  2474  8334 W UserManagerService: Requested status bar icon for non-badged user 0
08-06 17:07:04.947  2474 10058 E WindowManager: setClientVisible WallpaperWindowToken{cfaaaf0 token=android.os.Binder@db76733} false
08-06 17:07:04.948  7890 13552 I ActiveAudioSessionManager_export-api: stopPositionCallbackTask
08-06 17:07:04.948  7890 13552 I ActiveAudioSessionManager_export-api: dispatchSessionsExistsChangeCallbackLocked :true
08-06 17:07:04.949  2474  8334 W UserManagerService: Requested status bar icon for non-badged user 0
08-06 17:07:04.949  2036  2239 I BpBinder: onLastStrongRef automatically unlinking death recipients: 
08-06 17:07:04.948  7890  8984 I ActiveAudioSessionManager_export-api: stopPositionCallbackTask
08-06 17:07:04.949  7890  8984 I ActiveAudioSessionManager_export-api: dispatchSessionsExistsChangeCallbackLocked :true
08-06 17:07:04.949  7890 13552 I MiPlayServiceAdapter: markSessionChange
08-06 17:07:04.949  7890 13552 I MiPlayServiceAdapter: intent to startService : 0
08-06 17:07:04.949  7890 13552 I LocalMiplayAudioManager: handleServiceLifecycle safeBindService
08-06 17:07:04.950  2474  3106 W UserManagerService: Requested status bar icon for non-badged user 0
08-06 17:07:04.951  2474  3106 W UserManagerService: Requested status bar icon for non-badged user 0
08-06 17:07:04.954  2474  2655 E WindowManager: setClientVisible WallpaperWindowToken{cfaaaf0 token=android.os.Binder@db76733} false
08-06 17:07:04.955 21935 21935 W WindowOnBackDispatcher: sendCancelIfRunning: isInProgress=false callback=android.view.ViewRootImpl$$ExternalSyntheticLambda12@ff90f2e
08-06 17:07:04.955 21935 31410 E ContentCatcherManager: failed to get ContentCatcherService.
08-06 17:07:04.957 21935 31651 I osloutput.c: output_create output_buf_ms=60 dsp_bufs=2 dsp_postfade_blocks=1 dsp_prefetch_bufs=3 flags=0x20 sample_rate=0 sample_fmt=0 vis_latency_ms=0
08-06 17:07:04.957 21935 31651 I osloutput.c: output_create frames_per_block=2880 block ms=60.000000 num_bufs=2 at_min_buf_frames=3844 sl_min_buf_frames=144 sr=48000 at_sr=48000 sl_sr=48000 caps=0x20 latency=120.000000
08-06 17:07:04.957 21935 31653 W dsp_thread.c: output resampler required, output:  ch=2 fmt=1 sr=48000 ch_lay=3
08-06 17:07:04.958 21935 31653 I libOpenSLES: Emulating old channel mask behavior (ignoring positional mask 0x3, using default mask 0x3 based on channel count of 2)
08-06 17:07:04.962 21935 31653 I AudioTrackImpl: initAudioTrackImpl()
08-06 17:07:04.962  2474  3106 W InputManager-JNI: Input channel object '36d5a54 com.maxmpz.audioplayer/com.maxmpz.audioplayer.standard_adaptive (client)' was disposed without first being removed with the input manager!
08-06 17:07:04.964 21935 21935 I HandWritingStubImpl: refreshLastKeyboardType: 1
08-06 17:07:04.964 21935 21935 I HandWritingStubImpl: getCurrentKeyboardType: 1
08-06 17:07:04.964  2474  3106 E ActivityTaskManager: Unable to get servicetracker HAL instance
08-06 17:07:04.964  2474  3106 E ActivityTaskManager: Unable to get servicetracker HAL instance
08-06 17:07:04.965  2474  2646 W SSRU-ResourceUsageProxy: Nonexistent ongoing transaction AW_TOP:160544 for u:0 pkg:com.maxmpz.audioplayer ended
08-06 17:07:04.965  7823  7981 I DynamicDDSService: handleMessage(ACTIVITY_INVOKE{appInfo=com.maxmpz.audioplayer isFullScreen=}true)
08-06 17:07:04.966  2474  4398 I ImeTracker: com.maxmpz.audioplayer:3920d2e5: onRequestHide at ORIGIN_SERVER reason HIDE_UNSPECIFIED_WINDOW fromUser false
08-06 17:07:04.966  2474  4398 I ImeTracker: com.maxmpz.audioplayer:3920d2e5: onCancelled at PHASE_SERVER_SHOULD_HIDE
08-06 17:07:04.966  2474  4398 W SecurityInputMethodSwitcher: first check switch to security ime: false
08-06 17:07:04.968  1843  3496 I vendor.qti.hardware.display.composer-service: Sensor: notify citsensorservice to trigger cwb, misForced = 0
08-06 17:07:04.968  3050  4554 I libsensor-parseRGB: request dump start for mRequestDisplayId 0
08-06 17:07:04.968  2474  4398 W SecurityInputMethodSwitcher: double check switch to security ime: false
08-06 17:07:04.968  2474  4398 W SecurityInputMethodSwitcher: switch to other input method from security ime:false mayChangeToMiuiSecurityInputMethod: false current focus window: android.os.BinderProxy@6a464be
08-06 17:07:04.984  2022  7356 I AF::Track: isInWhiteList curPkgName com.maxmpz.audioplayer  uid 10358
08-06 17:07:04.984  2920  4190 E ServiceUtilities: getInfo: getInstallerForPackage failed: Unknown package: com.maxmpz
08-06 17:07:04.986 21935 31653 E libprocessgroup: set_timerslack_ns write failed: Operation not permitted
08-06 17:07:04.988 21935 31653 I dsp_thread.c: creating DSP plugin: com.maxmpz.audioplayer/plugin.milk(8)
08-06 17:07:04.988 21935 31653 I dsp_thread.c: creating DSP plugin: com.maxmpz.audioplayer/plugin.tempo(14)
08-06 17:07:04.988 21935 31653 I dsp_thread.c: creating DSP plugin: com.maxmpz.audioplayer/plugin.reverb(15)
08-06 17:07:04.988  1775  5178 E sensors-hal: handle_sns_client_event:58, har: time = 395849310863713 data 5.000000
08-06 17:07:04.989  2474  2474 I NetworkAccelerateSwitchService: onMovementSensorChanged:33171070 State:5
08-06 17:07:04.990  3050  4604 E libsensor-parseRGB: CWB NotifyCWBBufferDone  error 0
08-06 17:07:04.995  2474 10058 W UriGrantsManagerService: No permission grants found for com.maxmpz.audioplayer
08-06 17:07:04.996  2474 10058 W UriGrantsManagerService: No permission grants found for com.maxmpz.audioplayer
08-06 17:07:04.996 21935 31644 W RestStorages: Available mounts=[primary/]
08-06 17:07:05.105  2474  3106 W ContentProviderHelper: No provider info for content provider com.maxmpz.audioplayer when providerRunning is false, caller is ProcessRecord{920f6aa 21935:com.maxmpz.audioplayer/u0a358}
08-06 17:07:05.105 21935 31669 E ActivityThread: Failed to find provider info for com.maxmpz.audioplayer
08-06 17:07:05.116 12965 15379 I MediaProvider: Deleted 0 0 0 0 0 0 0 paths_hashcode:items on internal due to co