08-06 17:07:01.581  1865  1865 I vendor.qti.hardware.servicetrackeraidl-service: unbindService is called for service : com.google.android.gms/.icing.service.AppIndexingService and for client com.google.android.gms
08-06 17:07:01.581  1865  1865 I vendor.qti.hardware.servicetrackeraidl-service: size of service connections for service: com.google.android.gms/.icing.service.AppIndexingServiceafter removal is 0
08-06 17:07:01.581  1865  1865 I vendor.qti.hardware.servicetrackeraidl-service: size of client connections for client: com.google.android.gmsafter removal is 5
08-06 17:07:01.581  1865  1865 I vendor.qti.hardware.servicetrackeraidl-service: destroyService is called for service : com.google.android.gms/.icing.service.AppIndexingService
08-06 17:07:01.582  2474  2646 E SSRU-RUS: Don't have packages for uid 99006
08-06 17:07:01.582  2474  7257 I MiuiNetworkPolicy: updateUidState uid = 99006, uidState = 10
08-06 17:07:01.582  2474  2646 E SSRU-RUS: Don't have packages for uid 99006
08-06 17:07:01.583  2474  7257 I MiuiNetworkPolicy: updateUidState uid = 99006, uidState = 19
08-06 17:07:01.636  1843  3496 I vendor.qti.hardware.display.composer-service: Sensor: notify citsensorservice to trigger cwb, misForced = 1
08-06 17:07:01.636  3050  4554 I libsensor-parseRGB: request dump start for mRequestDisplayId 0
08-06 17:07:01.659  3050  3078 E libsensor-parseRGB: CWB NotifyCWBBufferDone  error 0
08-06 17:07:01.716  1843  2051 I SDM     : DisplayBase::CommitThread: Received idle timeout, panel: cmd, timeout: 70000 us
08-06 17:07:01.936  2474  7257 I MiuiNetworkPolicy: bandwidth: 2 KB/s, Max bandwidth: 11266 KB/s
08-06 17:07:01.966  3086  3086 I adbd    : in ShellService: ps
08-06 17:07:02.114  2036  2036 E DisplayModeController: setDesiredMode : Idle status skip setActiveMode, isDdicIdleMode: 1
08-06 17:07:02.121  1843  1843 I SDM     : HWCDisplay::SetActiveConfigWithConstraints: display:66-0, config: 3, WxH 1200x2670, fps 120
08-06 17:07:02.122  1843  1843 W SDM     : HWDeviceDRM::GetSupportedBitClkRate: Requested rate not supported: 1150000000
08-06 17:07:02.122  1843  1843 I SDM     : HWDeviceDRM::UpdateMixerAttributes: Mixer WxH 1200x2670-1 for Peripheral
08-06 17:07:02.122  1843  1843 I SDM     : HWCDisplay::SubmitDisplayConfig: Active configuration changed from config 1 to 3
08-06 17:07:02.122  1843  1843 I SDM     : HWCDisplay::SubmitDisplayConfig: Active WxH 1200x2670 ,ddic_mode:auto, timing_fps: 120, sf_fps: 120
08-06 17:07:02.127  1843  3496 I vendor.qti.hardware.display.composer-service: Sensor: notify citsensorservice to trigger cwb, misForced = 0
08-06 17:07:02.128  3050  4554 I libsensor-parseRGB: request dump start for mRequestDisplayId 0
08-06 17:07:02.158  3050 25119 E libsensor-parseRGB: CWB NotifyCWBBufferDone  error 0
08-06 17:07:02.211  2474  7382 I SmartPower: com.android.vending/10124(16543): background->idle(3007ms) R(service create com.android.vending/com.google.android.finsky.scheduler.process.mainimpl.PhoneskyJobServiceMain) adj=900.
08-06 17:07:02.214  1843  2051 I SDM     : DisplayBase::CommitThread: Received idle timeout, panel: cmd, timeout: 70000 us
08-06 17:07:02.225  1843  2428 I SDM     : HWCDisplay::SetActiveConfigWithConstraints: display:66-0, config: 1, WxH 1200x2670, fps 120
08-06 17:07:02.226  1843  2428 W SDM     : HWDeviceDRM::GetSupportedBitClkRate: Requested rate not supported: 1150000000
08-06 17:07:02.226  1843  2428 I SDM     : HWDeviceDRM::UpdateMixerAttributes: Mixer WxH 1200x2670-1 for Peripheral
08-06 17:07:02.226  1843  2428 I SDM     : HWCDisplay::SubmitDisplayConfig: Active configuration changed from config 3 to 1
08-06 17:07:02.226  1843  2428 I SDM     : HWCDisplay::SubmitDisplayConfig: Active WxH 1200x2670 ,ddic_mode:idle, timing_fps: 120, sf_fps: 120
08-06 17:07:02.305  1843  2051 I SDM     : DisplayBase::CommitThread: Received idle timeout, panel: cmd, timeout: 70000 us
08-06 17:07:02.384  1843  3496 I vendor.qti.hardware.display.composer-service: Sensor: notify citsensorservice to trigger cwb, misForced = 1
08-06 17:07:02.385  3050  4554 I libsensor-parseRGB: request dump start for mRequestDisplayId 0
08-06 17:07:02.407  3050  4604 E libsensor-parseRGB: CWB NotifyCWBBufferDone  error 0
08-06 17:07:02.416  2474  2642 I ActivityManager: Broadcasting: Intent { act=android.intent.action.MEDIA_SCANNER_SCAN_FILE dat=file:///... flg=0x400000 }
08-06 17:07:02.417  2474  2642 I ActivityManager: Enqueued broadcast Intent { act=android.intent.action.MEDIA_SCANNER_SCAN_FILE dat=file:///... flg=0x400000 }: 0
08-06 17:07:02.421  2474  2745 I SmartPower: com.miui.gallery/10271(27825): idle->background(3249ms) R(broadcast start Intent { act=android.intent.action.MEDIA_SCANNER_SCAN_FILE dat=file:///... flg=0x1400010 }) adj=905.
08-06 17:07:02.423 27825 27825 W MiuiGallery2_BaseMediaScannerReceiver: [main] - Broadcast received, action: [android.intent.action.MEDIA_SCANNER_SCAN_FILE], data uri: [file:///sdcard/screen_2025-08-06_170700.png], CTA not allowed
08-06 17:07:02.425  2474  7257 I MiuiNetworkPolicy: updateUidState uid = 10271, uidState = 11
08-06 17:07:02.426  2474  7257 I MiuiNetworkPolicy: updateUidState uid = 10271, uidState = 19
08-06 17:07:02.429 12965 12965 I MediaProvider: receive action = android.intent.action.MEDIA_SCANNER_SCAN_FILE schemeSpecificPart = ///sdcard/screen_2025-08-06_170700.png
08-06 17:07:02.429  2474  2642 W JobInfo : Job 'com.android.providers.media.module/com.android.providers.media.MediaService#-300' has a deadline with no functional constraints. The deadline won't improve job execution latency. Consider removing the deadline.
08-06 17:07:02.432  1865  1865 I vendor.qti.hardware.servicetrackeraidl-service: bindService is called for service : com.android.providers.media.module/com.android.providers.media.MediaService and for client system
08-06 17:07:02.432  1865  1865 I vendor.qti.hardware.servicetrackeraidl-service: total connections for service : com.android.providers.media.module/com.android.providers.media.MediaServiceare :1
08-06 17:07:02.432  1865  1865 I vendor.qti.hardware.servicetrackeraidl-service: total connections for client : systemare :27
08-06 17:07:02.433  2474  7379 I whetstone.activity: processNotifyEvent1 resId = 256, bundle = Bundle[{startTime=395846755, sourcePkg=com.android.providers.media.module, sourceUid=10249, status=1, jobId=-300, batteryName=com.android.providers.media.module/com.android.providers.media.MediaService, elapsedRealtime=395846755}]
08-06 17:07:02.434 14191 14674 I EventMonitor: notifyEvent resId=256
08-06 17:07:02.436  2474  2643 I ActivityManager: Broadcast completed: result=0
08-06 17:07:02.437 12965 14232 I MediaProvider: Begin Intent { act=android.intent.action.MEDIA_SCANNER_SCAN_FILE dat=file:///... flg=0x1400010 cmp=com.android.providers.media.module/com.android.providers.media.MediaService }
08-06 17:07:02.445 12965 14232 I MediaProvider: End Intent { act=android.intent.action.MEDIA_SCANNER_SCAN_FILE dat=file:///... flg=0x1400010 cmp=com.android.providers.media.module/com.android.providers.media.MediaService }
08-06 17:07:02.446  2474  7379 I whetstone.activity: processNotifyEvent1 resId = 256, bundle = Bundle[{startTime=395846769, sourcePkg=com.android.providers.media.module, sourceUid=10249, status=0, jobId=-300, batteryName=com.android.providers.media.module/com.android.providers.media.MediaService, elapsedRealtime=395846769}]
08-06 17:07:02.447  1865  1865 I vendor.qti.hardware.servicetrackeraidl-service: unbindService is called for service : com.android.providers.media.module/com.android.providers.media.MediaService and for client system
08-06 17:07:02.447  1865  1865 I vendor.qti.hardware.servicetrackeraidl-service: size of service connections for service: com.android.providers.media.module/com.android.providers.media.MediaServiceafter removal is 0
08-06 17:07:02.447  1865  1865 I vendor.qti.hardware.servicetrackeraidl-service: size of client connections for client: systemafter removal is 26
08-06 17:07:02.447 14191 14674 I EventMonitor: notifyEvent resId=256
08-06 17:07:02.449  1865  1865 I vendor.qti.hardware.servicetrackeraidl-service: destroyService is called for service : com.android.providers.media.module/com.android.providers.media.MediaService
08-06 17:07:02.465  1843  2051 I SDM     : DisplayBase::CommitThread: Received idle timeout, panel: cmd, timeout: 70000 us
08-06 17:07:02.595  2474  7382 I SmartPower: com.miui.systemAdSolution/10168(17757): background->idle(3001ms) R(broadcast start Intent { act=android.intent.action.BATTERY_CHANGED flg=0x60000010 (has extras) }) adj=100.
08-06 17:07:02.596  2474  7382 I SmartPower: com.xiaomi.aicr:cognitionService/10127(13899): background->idle(3001ms) R(broadcast start Intent { act=android.intent.action.BATTERY_CHANGED flg=0x60000010 (has extras) }) adj=200.
08-06 17:07:02.605  2474  7382 I SmartPower: com.miui.newhome/10296(22853): background->idle(3007ms) R(broadcast start Intent { act=android.intent.action.BATTERY_CHANGED flg=0x60000010 (has extras) }) adj=905.
08-06 17:07:02.607  2474  7382 I SmartPower: com.microsoft.emmx/10311(13465): background->idle(3008ms) R(broadcast start Intent { act=android.intent.action.BATTERY_CHANGED flg=0x60000010 (has extras) }) adj=945.
08-06 17:07:02.608  2474  7382 I SmartPower: com.google.android.apps.magazines/10315(14129): background->idle(3006ms) R(broadcast start Intent { act=android.intent.action.BATTERY_CHANGED flg=0x60000010 (has extras) }) adj=925.
08-06 17:07:02.608  2474  7382 I SmartPower: com.xiaomi.market:FinApp0/10167(6141): background->idle(3009ms) R(broadcast start Intent { act=android.intent.action.BATTERY_CHANGED flg=0x60000010 (has extras) }) adj=905.
08-06 17:07:02.608  2474  7382 I SmartPower: com.xiaomi.market:widgetProvider/10167(9799): background->idle(3008ms) R(broadcast start Intent { act=android.intent.action.BATTERY_CHANGED flg=0x60000010 (has extras) }) adj=905.
08-06 17:07:02.608  2474  7382 I SmartPower: com.xiaomi.market/10167(6011): background->idle(3010ms) R(broadcast start Intent { act=android.intent.action.BATTERY_CHANGED flg=0x60000010 (has extras) }) adj=905.
08-06 17:07:02.642  3086  3086 I adbd    : in ShellService: rm /sdcard/screen_2025-08-06_170700.png
08-06 17:07:02.677 12965 14974 I MediaProvider: Deleted paths_hashcode::1389444597/:1389444597/-1169449251700.png items on external_primary due to com.android.shell tid=31520
08-06 17:07:02.727  1879  1879 E SLM-HAL-SladSocketClient: connect failed:-1, socket:59, error:No such file or directory
08-06 17:07:02.728  1879  1879 I SLM-HAL : setSLAUidList 10322,10325,10326,10332,10339,10261,10340,10286,10167,10090,
08-06 17:07:02.728  1879  1879 I SLM-HAL-SladSocketClient: createSocket
08-06 17:07:02.728  1879  1879 I SLM-HAL-SladSocketClient: connectServer /dev/socket/slad
08-06 17:07:02.823  3086  3086 I adbd    : in ShellService: dumpsys display
08-06 17:07:02.835  2474  7382 I SmartPower: com.android.browser/10134(9561): background->idle(3003ms) R(broadcast start Intent { act=miui.intent.action.PACKAGE_FIRST_LAUNCH flg=0x1000010 (has extras) }) adj=905.
08-06 17:07:02.839  1609  1609 I zygote  : Delayed USAP Pool refill. New USAPs: 1
08-06 17:07:02.867  1850  9931 E ANDR-PERF-LM: SAGT_ACTION: UpdateFPSData() 138: update /sys/kernel/sched_penalty/parameters/fps to 90, ret is 0
08-06 17:07:02.986  3086  3086 I adbd    : in ShellService: wm size
08-06 17:07:03.062  3086  3086 I adbd    : in ShellService: dumpsys input
08-06 17:07:03.122  3086  3086 I adbd    : in ShellService: ps
08-06 17:07:03.138  3086  3086 I adbd    : in ShellService: getprop ro.sf.lcd_density
08-06 17:07:03.215  3086  3086 I adbd    : in ShellService: dumpsys activity activities
08-06 17:07:03.268  1850  9931 E ANDR-PERF-LM: SAGT_ACTION: UpdateFPSData() 138: update /sys/kernel/sched_penalty/parameters/fps to 0, ret is 0
08-06 17:07:03.303  3086  3086 I adbd    : in ShellService: dumpsys activity activities
08-06 17:07:03.313  2474  7382 I SmartPower: com.miui.personalassistant/10135(13430): background->idle(3000ms) R(become background) adj=100.
08-06 17:07:03.328  1971  2006 I [THP-ALG]: alg_input_report:Touch Down: id: 0, raw flatness 647, base flatness 444
08-06 17:07:03.329  2474  4372 I MIUIInput: [MotionEvent] notifyMotion - eventTime=8672466216000, deviceId=7, source=0x1002, policyFlags=0x0, action=0x0, flags=0x0, downTime=8672466216000
08-06 17:07:03.329  2474  4371 I MIUIInput: [MotionEvent] publisher action=0x0, deviceId=7, 8672466, channel '98804dc com.lbe.security.miui/com.android.packageinstaller.permission.ui.GrantPermissionsActivity (server)'
08-06 17:07:03.330  2474  4371 I MIUIInput: [MotionEvent] publisher action=0x0, deviceId=7, 8672466, channel '[Gesture Monitor] miui-gesture (server)'
08-06 17:07:03.331  2036  2036 E DisplayModeController: setDesiredMode : Idle status skip setActiveMode, isDdicIdleMode: 1
08-06 17:07:03.331  5334  5334 I MIUIInput: [MotionEvent] ViewRootImpl windowName 'com.lbe.security.miui/com.android.packageinstaller.permission.ui.GrantPermissionsActivity', { action=ACTION_DOWN, id[0]=0, pointerCount=1, eventTime=8672466, downTime=8672466, phoneEventTime=17:07:03.329 } moveCount:0
08-06 17:07:03.334  1843  2428 I SDM     : HWCDisplay::SetActiveConfigWithConstraints: display:66-0, config: 3, WxH 1200x2670, fps 120
08-06 17:07:03.335  1843  2428 W SDM     : HWDeviceDRM::GetSupportedBitClkRate: Requested rate not supported: 1150000000
08-06 17:07:03.335  1843  2428 I SDM     : HWDeviceDRM::UpdateMixerAttributes: Mixer WxH 1200x2670-1 for Peripheral
08-06 17:07:03.335  1843  2428 I SDM     : HWCDisplay::SubmitDisplayConfig: Active configuration changed from config 1 to 3
08-06 17:07:03.335  1843  2428 I SDM     : HWCDisplay::SubmitDisplayConfig: Active WxH 1200x2670 ,ddic_mode:auto, timing_fps: 120, sf_fps: 120
08-06 17:07:03.337  1843  3496 I vendor.qti.hardware.display.composer-service: Sensor: notify citsensorservice to trigger cwb, misForced = 0
08-06 17:07:03.337  3050  4554 I libsensor-parseRGB: request dump start for mRequestDisplayId 0
08-06 17:07:03.341  5334 12216 E LB      : fail to open file: Permission denied
08-06 17:07:03.336  5334  5334 W RenderThread: type=1400 audit(0.0:15079): avc:  denied  { search } for  name="migt" dev="dm-78" ino=1630 scontext=u:r:platform_app:s0:c512,c768 tcontext=u:object_r:migt_file:s0 tclass=dir permissive=0 app=com.lbe.security.miui
08-06 17:07:03.346  5334 12216 E LB      : fail to open file: Permission denied
08-06 17:07:03.340  5334  5334 W RenderThread: type=1400 audit(0.0:15080): avc:  denied  { search } for  name="migt" dev="dm-78" ino=1630 scontext=u:r:platform_app:s0:c512,c768 tcontext=u:object_r:migt_file:s0 tclass=dir permissive=0 app=com.lbe.security.miui
08-06 17:07:03.354  5334 12216 E LB      : fail to open file: Permission denied
08-06 17:07:03.352  5334  5334 W RenderThread: type=1400 audit(0.0:15081): avc:  denied  { search } for  name="migt" dev="dm-78" ino=1630 scontext=u:r:platform_app:s0:c512,c768 tcontext=u:object_r:migt_file:s0 tclass=dir permissive=0 app=com.lbe.security.miui
08-06 17:07:03.367  5334 12216 E LB      : fail to open file: Permission denied
08-06 17:07:03.364  5334  5334 W RenderThread: type=1400 audit(0.0:15082): avc:  denied  { search } for  name="migt" dev="dm-78" ino=1630 scontext=u:r:platform_app:s0:c512,c768 tcontext=u:object_r:migt_file:s0 tclass=dir permissive=0 app=com.lbe.security.miui
08-06 17:07:03.371  3050 25119 E libsensor-parseRGB: CWB NotifyCWBBufferDone  error 0
08-06 17:07:03.375  5334 12216 E LB      : fail to open file: Permission denied
08-06 17:07:03.372  5334  5334 W RenderThread: type=1400 audit(0.0:15083): avc:  denied  { search } for  name="migt" dev="dm-78" ino=1630 scontext=u:r:platform_app:s0:c512,c768 tcontext=u:object_r:migt_file:s0 tclass=dir permissive=0 app=com.lbe.security.miui
08-06 17:07:03.383  5334 12216 E LB      : fail to open file: Permission denied
08-06 17:07:03.380  5334  5334 W RenderThread: type=1400 audit(0.0:15084): avc:  denied  { search } for  name="migt" dev="dm-78" ino=1630 scontext=u:r:platform_app:s0:c512,c768 tcontext=u:object_r:migt_file:s0 tclass=dir permissive=0 app=com.lbe.security.miui
08-06 17:07:03.392  5334 12216 E LB      : fail to open file: Permission denied
08-06 17:07:03.388  5334  5334 W RenderThread: type=1400 audit(0.0:15085): avc:  denied  { search } for  name="migt" dev="dm-78" ino=1630 scontext=u:r:platform_app:s0:c512,c768 tcontext=u:object_r:migt_file:s0 tclass=dir permissive=0 app=com.lbe.security.miui
08-06 17:07:03.395  2474  4372 I MIUIInput: [MotionEvent] notifyMotion - eventTime=8672532795000, deviceId=7, source=0x1002, policyFlags=0x0, action=0x1, flags=0x0, downTime=8672466216000
08-06 17:07:03.396  2474  4371 I MIUIInput: [MotionEvent] publisher action=0x1, deviceId=7, 8672532, channel '98804dc com.lbe.security.miui/com.android.packageinstaller.permission.ui.GrantPermissionsActivity (server)'
08-06 17:07:03.396  2474  4371 I MIUIInput: [MotionEvent] publisher action=0x1, deviceId=7, 8672532, channel '[Gesture Monitor] miui-gesture (server)'
08-06 17:07:03.396  5334  5334 I MIUIInput: [MotionEvent] ViewRootImpl windowName 'com.lbe.security.miui/com.android.packageinstaller.permission.ui.GrantPermissionsActivity', { action=ACTION_UP, id[0]=0, pointerCount=1, eventTime=8672532, downTime=8672466, phoneEventTime=17:07:03.395 } moveCount:0
08-06 17:07:03.402  3086  3086 I adbd    : in ShellService: dumpsys activity activities
08-06 17:07:03.403  1971  2006 I [THP-HAL]: release_all:force:0
08-06 17:07:03.406  2474  8355 I ClipboardServiceI: checkProviderWakePathForClipboard: primaryClip is null
08-06 17:07:03.410 13306 13306 I UserConsentManager: onPermissionsChanged: 10358
08-06 17:07:03.412 10308 24244 I AppOpsManager: setMode called for OPSTR_BLUETOOTH_CONNECT with mode: 0 for uid: 10358 calling uid: 10207 trace: [dalvik.system.VMStack.getThreadStackTrace(Native Method), java.lang.Thread.getStackTrace(Thread.java:1841), android.app.AppOpsManager.setMode(AppOpsManager.java:8375), java.lang.reflect.Method.invoke(Native Method), com.miui.permission.support.util.ReflectUtil.callObjectMethod(ReflectUtil.java:51), android.app.AppOpsManagerCompat.setMode(AppOpsManagerCompat.java:405), com.lbe.security.service.OpsAndPmsProxy.setModeAsUser(OpsAndPmsProxy.java:47), com.lbe.security.service.OpsAndPmsProxy.setMode(OpsAndPmsProxy.java:33), com.lbe.security.service.OpsAndPmsCompat.setMode(OpsAndPmsCompat.java:62), com.lbe.security.service.PermissionManagerService.setMode(PermissionManagerService.java:277), com.lbe.security.service.PermissionManagerService.setMode(PermissionManagerService.java:261), com.lbe.security.service.provider.PermissionManagerProvider.call(PermissionManagerProvider.java:820), android.content.ContentProvider.call(ContentProvider.java:2736), android.content.ContentProvider$Transport.call(ContentProvider.java:639), android.content.ContentProviderNative.onTransact(ContentProviderNative.java:310), android.os.Binder.execTransactInternal(Binder.java:1507), android.os.Binder.execTransact(Binder.java:1451)]
08-06 17:07:03.414  5334  5334 W WindowOnBackDispatcher: sendCancelIfRunning: isInProgress=false callback=android.view.ViewRootImpl$$ExternalSyntheticLambda12@8a0f64c
08-06 17:07:03.415 10308 24244 I AppOpsManager: setUidMode called for OP_BLUETOOTH_CONNECT with mode: 0 for uid: 10358 calling uid: 10207 trace: [dalvik.system.VMStack.getThreadStackTrace(Native Method), java.lang.Thread.getStackTrace(Thread.java:1841), android.app.AppOpsManager.setUidMode(AppOpsManager.java:8298), java.lang.reflect.Method.invoke(Native Method), com.miui.permission.support.util.ReflectUtil.callObjectMethod(ReflectUtil.java:51), android.app.AppOpsManagerCompat.setUidMode(AppOpsManagerCompat.java:414), com.lbe.security.service.OpsAndPmsProxy.setModeAsUser(OpsAndPmsProxy.java:49), com.lbe.security.service.OpsAndPmsProxy.setMode(OpsAndPmsProxy.java:33), com.lbe.security.service.OpsAndPmsCompat.setMode(OpsAndPmsCompat.java:62), com.lbe.security.service.PermissionManagerService.setMode(PermissionManagerService.java:277), com.lbe.security.service.PermissionManagerService.setMode(PermissionManagerService.java:261), com.lbe.security.service.provider.PermissionManagerProvider.call(PermissionManagerProvider.java:820), android.content.ContentProvider.call(ContentProvider.java:2736), android.content.ContentProvider$Transport.call(ContentProvider.java:639), android.content.ContentProviderNative.onTransact(ContentProviderNative.java:310), android.os.Binder.execTransactInternal(Binder.java:1507), android.os.Binder.execTransact(Binder.java:1451)]
08-06 17:07:03.415  2474 10058 W AppOpService: Ignored setUidMode call for runtime permission app op: uid = 10358, code = BLUETOOTH_CONNECT, mode = allow, callingUid = 10207, oldMode = allow
08-06 17:07:03.418  2036  3491 I BpBinder: onLastStrongRef automatically unlinking death recipients: 
08-06 17:07:03.419  2474 10058 W InputManager-JNI: Input channel object '98804dc com.lbe.security.miui/com.android.packageinstaller.permission.ui.GrantPermissionsActivity (client)' was disposed without first being removed with the input manager!
08-06 17:07:03.421  2474 10058 I MultiSenceManagerInternalStub: getInstance
08-06 17:07:03.426  2474 10058 E ActivityTaskManager: Unable to get servicetracker HAL instance
08-06 17:07:03.429  7890  8057 I SoScStageCoordinator: Transition requested:TransitionRequestInfo { type = CLOSE, triggerTask = null, pipTask = null, remoteTransition = null, displayChange = null, flags = 0, debugId = 161 } isSoScActive:false triggerTask:null
08-06 17:07:03.438  2474  7384 I DisplayModeDirectorImpl: setSmartDisplayUpRefreshRatePolicy [0.0,120.0]
08-06 17:07:03.439  2474  8755 E ActivityTaskManager: Unable to get servicetracker HAL instance
08-06 17:07:03.439  2036  2036 I RefreshRateSelector: Display 4630947082089526659 policy changed
08-06 17:07:03.439  2036  2036 I RefreshRateSelector: Previous: {defaultModeId=0, allowGroupSwitching=false, primaryRanges={physical=[0.00 Hz, 120.00 Hz], render=[0.00 Hz, 120.00 Hz]}, appRequestRanges={physical=[0.00 Hz, 120.00 Hz], render=[0.00 Hz, 120.00 Hz]} idleScreenConfig=nullptr}
08-06 17:07:03.439  2036  2036 I RefreshRateSelector: Current:  DisplayManagerPolicy{defaultModeId=0, allowGroupSwitching=false, primaryRanges={physical=[0.00 Hz, inf Hz], render=[0.00 Hz, 120.00 Hz]}, appRequestRanges={physical=[0.00 Hz, inf Hz], render=[0.00 Hz, 120.00 Hz]} idleScreenConfig=nullptr}
08-06 17:07:03.439  2036  2036 I RefreshRateSelector: 4 mode changes were performed under the previous policy
08-06 17:07:03.439  2474  8755 E ActivityTaskManager: Unable to get servicetracker HAL instance
08-06 17:07:03.439  2474  8755 E ActivityTaskManager: Unable to get servicetracker HAL instance
08-06 17:07:03.440  2474  8755 E ActivityTaskManager: Unable to get servicetracker HAL instance
08-06 17:07:03.440  5334 12223 I ContentCatcher: SettingTrigger : unregister status observer com.android.packageinstaller.permission.ui.GrantPermissionsActivity
08-06 17:07:03.441  1850  1933 E ANDR-PERF-UTIL: ANDR-PERF-UTIL: save_node_val() 366: Failed to read /sys/class/mmc_host/mmc0/clk_scaling/enable
08-06 17:07:03.441  1850  1933 E ANDR-PERF-OPTSHANDLER: ANDR-PERF-OPTSHANDLER: modify_sysfsnode() 1266: Failed to read /sys/class/mmc_host/mmc0/clk_scaling/enable
08-06 17:07:03.441  1850  1933 E ANDR-PERF-RESOURCEQS: ANDR-PERF-RESOURCEQS: AddAndApply() 167: Failed to apply optimization [11, 4]
08-06 17:07:03.441  2474  7384 I DisplayModeDirectorImpl: onDesiredDisplayModeSpecsChanged:baseModeId=0 allowGroupSwitching=false primary=physical: (0.0 Infinity) render:  (0.0 120.0) appRequest=physical: (0.0 Infinity) render:  (0.0 120.0) idleScreenRefreshRateConfig=null noVotes=true
08-06 17:07:03.442  2474  8755 I MultiSenceManagerInternalStub: getInstance
08-06 17:07:03.443  7890  8057 I MiuiBubbleController: removeBubble: 274 reason=2
08-06 17:07:03.443  7890  8057 I MultiTaskingTaskRepository: onTaskInfoChanged multi list = [], full = [274, 257, 254]
08-06 17:07:03.444  7823  7981 I DynamicDDSService: handleMessage(ACTIVITY_INVOKE{appInfo=com.maxmpz.audioplayer isFullScreen=}true)
08-06 17:07:03.445  2474  8755 I AnimInterruptController: FIS reset Foresee interrupt status
08-06 17:07:03.448  7890  8057 I ShellTransitions: Is abandon offsetY: false
08-06 17:07:03.448  7890  8057 E KeyguardTransitionHandlerImpl: activityCount = 1
08-06 17:07:03.448  7890  8057 E KeyguardTransitionHandlerImpl: activityCount = 1
08-06 17:07:03.450 21935 31410 I ContentCatcher: SettingTrigger : register screen QA status observer com.maxmpz.audioplayer.standard_adaptive
08-06 17:07:03.450  2474  7367 I AudioGameEffect: foreground change to com.maxmpz.audioplayer, last foreground is com.lbe.security.miui
08-06 17:07:03.451 21935 31410 I ContentCatcher: SettingTrigger : register global collect status observer com.maxmpz.audioplayer.standard_adaptive
08-06 17:07:03.451  2474  8755 W UserManagerService: Requested status bar icon for non-badged user 0
08-06 17:07:03.453  2474  7367 I NetworkBoostStatusManager: onForegroundInfoChanged uid:10358, isColdStart:false
08-06 17:07:03.453  2474  7367 I SLM-SRV-SLAToast: foreground uid:10358, isColdStart:false, isLinkTurboEnable:false
08-06 17:07:03.453 15896 15932 I AICall_MemoryTrim: binder:15896_1 onAppBackground()
08-06 17:07:03.453 15678 20188 I GST     : forePkg: com.maxmpz.audioplayer, preForePkg: com.lbe.security.miui
08-06 17:07:03.456  2474  7257 I MiuiNetworkPolicy: updateUidState uid = 10207, uidState = 8
08-06 17:07:03.456 13710 14399 I ProcessMonitor: onForegroundInfoChanged: ForegroundInfo{mForegroundPackageName='com.maxmpz.audioplayer', mForegroundUid=10358, mForegroundPid=21935, mLastForegroundPackageName='com.lbe.security.miui', mLastForegroundUid=10207, mLastForegroundPid=5334, mMultiWindowForegroundPackageName='com.maxmpz.audioplayer', mMultiWindowForegroundUid=10358, mFlags=0}
08-06 17:07:03.457 13710 18386 W MIUISafety-Monitor: screen share ensure fg = com.maxmpz.audioplayer protect = false
08-06 17:07:03.457 13710 14399 I GameBoosterService: onForegroundInfoChanged: Cur=com.maxmpz.audioplayer	 last=com.lbe.security.miui
08-06 17:07:03.459 14107 30826 I VA_ActivityStateHelper: activityResumed componentName ComponentInfo{com.maxmpz.audioplayer/com.maxmpz.audioplayer.StartupActivity}
08-06 17:07:03.459 13710 14399 I VideoBoxUtils: isSupportVideoBox: true
08-06 17:07:03.459 13710 14399 I VideoToolBoxService: vtb is closed!!!
08-06 17:07:03.459 13710 14399 I AppPredictPrivacyLaunchManager: getLauncherHomeAppList size: 76
08-06 17:07:03.459 14107 30826 I VA_ActivityStateHelper: activityResumed mAiSkillPush is false
08-06 17:07:03.459 13710 15593 E SuggestManager: openApp name = com.maxmpz.audioplayer
08-06 17:07:03.459 13710 15593 I NewAutoTaskManager: app use - delay = 9223372036854775807, doRemove = false, doPost = false
08-06 17:07:03.459 13710 14399 I AppPredictService: difTIme = 3520
08-06 17:07:03.460 21935 21935 I HandWritingStubImpl: refreshLastKeyboardType: 1
08-06 17:07:03.460 21935 21935 I HandWritingStubImpl: getCurrentKeyboardType: 1
08-06 17:07:03.460 13430  5977 I ActivityObserverUtil: activityResumed ComponentInfo{com.maxmpz.audioplayer/com.maxmpz.audioplayer.StartupActivity}
08-06 17:07:03.460 13430  5977 I TopActivityMonitor: send TopActivityChangeEvent=TopActivityChangeEvent(prev=ComponentInfo{com.lbe.security.miui/com.android.packageinstaller.permission.ui.GrantPermissionsActivity}, current=ComponentInfo{com.maxmpz.audioplayer/com.maxmpz.audioplayer.StartupActivity},appChanged=true)
08-06 17:07:03.461 13710 14399 W ContextImpl: Calling a method in the system process without a qualified user: android.app.ContextImpl.startService:1939 android.content.ContextWrapper.startService:843 u2.b.f:39 u2.b$c.onForegroundInfoChanged:21 com.miui.gamebooster.mutiwindow.b$a.onForegroundInfoChanged:152 
08-06 17:07:03.461  2474  4398 I ImeTracker: com.maxmpz.audioplayer:c0285732: onRequestHide at ORIGIN_SERVER reason HIDE_SAME_WINDOW_FOCUSED_WITHOUT_EDITOR fromUser false
08-06 17:07:03.461  2474  4398 I ImeTracker: com.maxmpz.audioplayer:c0285732: onCancelled at PHASE_SERVER_SHOULD_HIDE
08-06 17:07:03.461  2474  4398 W SecurityInputMethodSwitcher: first check switch to security ime: false
08-06 17:07:03.461 13899 16397 I AIRC_CounterTrack: collect: signal-TopActivityPerception
08-06 17:07:03.461 13899 16397 I MMKV    : <MMKV.cpp:1170::sync> MMKV::sync, SyncFlag = 1
08-06 17:07:03.462  2474  4398 W SecurityInputMethodSwitcher: double check switch to security ime: false
08-06 17:07:03.462 13710 14399 I BeautyService: onForegroundInfoChanged: Cur=com.maxmpz.audioplayer	 last=com.lbe.security.miui
08-06 17:07:03.462  2474  4398 W SecurityInputMethodSwitcher: switch to other input method from security ime:false mayChangeToMiuiSecurityInputMethod: false current focus window: android.os.BinderProxy@73b65a7
08-06 17:07:03.463  2474  7257 I MiuiNetworkPolicyTrafficLimit: updateWhiteListUidForMobileTraffic uid=10207,add=false
08-06 17:07:03.463  2474  7257 I MiuiNetworkPolicy: updateUidState uid = 10163, uidState = 4
08-06 17:07:03.463  2474  7257 I MiuiNetworkPolicy: updateUidState uid = 10145, uidState = 4
08-06 17:07:03.463 13430  5977 I travelService_ActivityObserverUtils: activityResumed ComponentInfo{com.maxmpz.audioplayer/com.maxmpz.audioplayer.StartupActivity}
08-06 17:07:03.463 13430  5977 I travelService_TopActivityMonitor: user change app but last app use time not enough
08-06 17:07:03.464  7458  7458 W RecentsImpl: updateStubViewVisibility, className=com.maxmpz.audioplayer.StartupActivity
08-06 17:07:03.464  7458  8149 W RecentsImpl: disableTouchBySwipeStatusBar    disable=false
08-06 17:07:03.464  7458  8149 W RecentsImpl: disableBackStubWindow    disableTouch=false
08-06 17:07:03.465  7458  8149 W GestureStubView_Left: adaptRotation   currentRotation=0   mRotation=0
08-06 17:07:03.465  7458  8149 W GestureStubView_Right: adaptRotation   currentRotation=0   mRotation=0
08-06 17:07:03.467 13710 15762 E b       : insert result = 1700
08-06 17:07:03.480  3086  3086 I adbd    : in ShellService: dumpsys activity services
08-06 17:07:03.525  2474  8251 I NetworkAccelerateSwitchService: EVENT_RSSI_POLL. mRssiPoll=true
08-06 17:07:03.525  2474  8251 I NetworkAccelerateSwitchService: getAverageWifiRssi:65
08-06 17:07:03.530  1843  1843 I MiClstc : DropLayers erase layer 518
08-06 17:07:03.537  7856  8121 E PhoneAdapter: get ntnphones failed, exception: java.lang.IllegalStateException: Default phones haven't been made yet!
08-06 17:07:03.538  1843  3496 I vendor.qti.hardware.display.composer-service: Sensor: notify citsensorservice to trigger cwb, misForced = 0
08-06 17:07:03.538  3050  4554 I libsensor-parseRGB: request dump start for mRequestDisplayId 0
08-06 17:07:03.538  2474  7258 E WifiScoreReportInjector: current network is in roaming environment
08-06 17:07:03.542  2474  4291 E WindowManager: setClientVisible ActivityRecord{e24ad0a u0 com.lbe.security.miui/com.android.packageinstaller.permission.ui.GrantPermissionsActivity t274 f}} false
08-06 17:07:03.542  2036  7449 W VsyncModulator: setTransactionSchedule: Unexpected EarlyEnd
08-06 17:07:03.542  7890  8057 I RemoteTransitionHandlerStubImpl: invokeAndRemoveWctCB transition is null, curWctCB: null
08-06 17:07:03.543  2474  2654 E ActivityTaskManager: Unable to get servicetracker HAL instance
08-06 17:07:03.543  2474  2654 E ActivityTaskManager: Unable to get servicetracker HAL instance
08-06 17:07:03.543  2474  2654 E ActivityTaskManager: Unable to get servicetracker HAL instance
08-06 17:07:03.543  2474  2654 E ActivityTaskManager: Unable to get servicetracker HAL instance
08-06 17:07:03.543  7823  7898 W DynamicDDSService: appName is not found in cache: com.lbe.security.miui
08-06 17:07:03.543  2474  2652 I Location.SSRU: foregroundActivities IS falseUID ID 10207, home is false
08-06 17:07:03.545 13710 20561 I SCTaskStackListener: onTaskStackChanged! inSplit = false
08-06 17:07:03.545  2474  4291 W UserManagerService: Requested status bar icon for non-badged user 0
08-06 17:07:03.546  7458  8328 W MiBridge: Permission not granted !!
08-06 17:07:03.547 13710 14399 I SCTaskStackListener: onTaskStackChanged! inSplit = false
08-06 17:07:03.547  7458  8328 W RecentsModel: getRunningTask   taskInfo=TaskInfo{userId=0 taskId=274 displayId=0 isRunning=true baseIntent=Intent { act=android.intent.action.MAIN cat=[android.intent.category.LAUNCHER] flg=0x10000000 cmp=com.maxmpz.audioplayer/.standard_adaptive } baseActivity=ComponentInfo{com.maxmpz.audioplayer/com.maxmpz.audioplayer.StartupActivity} topActivity=ComponentInfo{com.maxmpz.audioplayer/com.maxmpz.audioplayer.StartupActivity} origActivity=ComponentInfo{com.maxmpz.audioplayer/com.maxmpz.audioplayer.standard_adaptive} realActivity=ComponentInfo{com.maxmpz.audioplayer/com.maxmpz.audioplayer.StartupActivity} numActivities=1 lastActiveTime=395847873 supportsSplitScreenMultiWindow=true supportsMultiWindow=true resizeMode=1 isResizeable=true minWidth=-1 minHeight=-1 defaultMinSize=200 token=WCT{android.window.IWindowContainerToken$Stub$Proxy@4a38a13} topActivityType=1 pictureInPictureParams=null shouldDockBigOverlays=false launchIntoPipHostTaskId=-1 lastParentTaskIdBeforePip=-1 displayCutoutSafeInsets=Rect(0, 116 - 0, 0) topActivityInfo=ActivityInfo{b65c450 com.maxmpz.audioplayer.standard_adaptive} launchCookies=[] positionInParent=Point(0, 0) parentTaskId=-1 isFocused=true isVisible=true isVisibleRequested=true isSleeping=false locusId=null displayAreaFeatureId=1 isTopActivityTransparent=false appCompatTaskInfo=AppCompatTaskInfo { topActivityInSizeCompat=false topActivityInMiuiSizeCompat=false topActivityEligibleForLetterboxEducation= falseisLetterboxEducationEnabled= false isLetterboxDoubleTapEnabled= false topActivityEligibleForUserAspectRatioButton= false topActivityBoundsLetterboxed= false isFromLetterboxDoubleTap= false topActivityLetterboxVerticalPosition= -1 topActivityLetterboxHorizontalPosition= -1 topActivityLetterboxWidth=1200 topActivityLetterboxHeight=2670 isUserFullscreenOverrideEnabled=false isSystemFullscreenOverrideEnabled=false cameraCompatTaskInfo=CameraCompatTaskInfo { cameraCompatControlState=hidden freeformCameraCompatMode=inactive}} isImmersive=false mTopActivityRequestOrientation=-1 mBehindAppLockPkg=null mOriginatingUid=0 isEmbedded=false shouldBeVisible=true isCreatedByOrganizer=false mIsCastMode=false mTopActivityMediaSize=null mTopActivityRecordName=ActivityRecord{59e1487 u0 com.maxmpz.audioplayer/.standard_adaptive t274} mTopActivityOrientation=-1}
08-06 17:07:03.547 14107 14107 I VA_ConversationManager: lastQueryOrigin====null;fromCar=false
08-06 17:07:03.547 14107 14107 I VA_HybridLifecycleListener: onTopAppChanged: newApp=com.maxmpz.audioplayer from=com.lbe.security.miui fromPkg=com.maxmpz.audioplayer
08-06 17:07:03.547  7890  7890 I FocusedNotifPromptContr: onTopActivityMayChanged: isSupportPip false, isFocus true
08-06 17:07:03.547  7890  7890 I FocusedNotifPromptContr: onTopActivityMayChanged: topActivity=com.maxmpz.audioplayer
08-06 17:07:03.547  7890  7890 I PromptViewAnimState: topActivityMayChanged: topActivity=com.lbe.security.miui --> com.maxmpz.audioplayer
08-06 17:07:03.548  7458  8328 E ActivityManagerWrapper: get all recent tasks force including 274
08-06 17:07:03.550  7458  8328 E ActivityManagerWrapper: getRecentTasksForceIncludingTaskIdIfValid: getRecentTasks: size=3
08-06 17:07:03.550  7458  8328 E ActivityManagerWrapper:  mainTaskId=274   userId=0   windowMode=1   baseIntent=Intent { act=android.intent.action.MAIN flag=268435456 cmp=ComponentInfo{com.maxmpz.audioplayer/com.maxmpz.audioplayer.standard_adaptive} }
08-06 17:07:03.550  7458  8328 E ActivityManagerWrapper:  mainTaskId=257   userId=0   windowMode=1   baseIntent=Intent { act=android.intent.action.VIEW flag=268435456 cmp=ComponentInfo{com.android.vending/com.google.android.finsky.activities.MainActivity} }
08-06 17:07:03.550  7458  8328 E ActivityManagerWrapper:  mainTaskId=254   userId=0   windowMode=1   baseIntent=Intent { act=android.intent.action.MAIN flag=270532608 cmp=ComponentInfo{com.getsurfboard/com.getsurfboard.ui.activity.MainActivity} }
08-06 17:07:03.552  5334 12223 E ContentCatcherManager: failed to get ContentCatcherService.
08-06 17:07:03.552  5334  5334 W WindowOnBackDispatcher: sendCancelIfRunning: isInProgress=false callback=android.view.ViewRootImpl$$ExternalSyntheticLambda12@6bdd268
08-06 17:07:03.552  7458  8328 W RecentsModel: getRunningTask   taskInfo=TaskInfo{userId=0 taskId=274 displayId=0 isRunning=true baseIntent=Intent { act=android.intent.action.MAIN cat=[android.intent.category.LAUNCHER] flg=0x10000000 cmp=com.maxmpz.audioplayer/.standard_adaptive } baseActivity=ComponentInfo{com.maxmpz.audioplayer/com.maxmpz.audioplayer.StartupActivity} topActivity=ComponentInfo{com.maxmpz.audioplayer/com.maxmpz.audioplayer.StartupActivity} origActivity=ComponentInfo{com.maxmpz.audioplayer/com.maxmpz.audioplayer.standard_adaptive} realActivity=ComponentInfo{com.maxmpz.audioplayer/com.maxmpz.audioplayer.StartupActivity} numActivities=1 lastActiveTime=395847879 supportsSplitScreenMultiWindow=true supportsMultiWindow=true resizeMode=1 isResizeable=true minWidth=-1 minHeight=-1 defaultMinSize=200 token=WCT{android.window.IWindowContainerToken$Stub$Proxy@e6ad57c} topActivityType=1 pictureInPictureParams=null shouldDockBigOverlays=false launchIntoPipHostTaskId=-1 lastParentTaskIdBeforePip=-1 displayCutoutSafeInsets=Rect(0, 116 - 0, 0) topActivityInfo=ActivityInfo{a70de05 com.maxmpz.audioplayer.standard_adaptive} launchCookies=[] positionInParent=Point(0, 0) parentTaskId=-1 isFocused=true isVisible=true isVisibleRequested=true isSleeping=false locusId=null displayAreaFeatureId=1 isTopActivityTransparent=false appCompatTaskInfo=AppCompatTaskInfo { topActivityInSizeCompat=false topActivityInMiuiSizeCompat=false topActivityEligibleForLetterboxEducation= falseisLetterboxEducationEnabled= false isLetterboxDoubleTapEnabled= false topActivityEligibleForUserAspectRatioButton= false topActivityBoundsLetterboxed= false isFromLetterboxDoubleTap= false topActivityLetterboxVerticalPosition= -1 topActivityLetterboxHorizontalPosition= -1 topActivityLetterboxWidth=1200 topActivityLetterboxHeight=2670 isUserFullscreenOverrideEnabled=false isSystemFullscreenOverrideEnabled=false cameraCompatTaskInfo=CameraCompatTaskInfo { cameraCompatControlState=hidden freeformCameraCompatMode=inactive}} isImmersive=false mTopActivityRequestOrientation=-1 mBehindAppLockPkg=null mOriginatingUid=0 isEmbedded=false shouldBeVisible=true isCreatedByOrganizer=false mIsCastMode=false mTopActivityMediaSize=null mTopActivityRecordName=ActivityRecord{59e1487 u0 com.maxmpz.audioplayer/.standard_adaptive t274} mTopActivityOrientation=-1}
08-06 17:07:03.552  7458  8328 E ActivityManagerWrapper: get all recent tasks force including 274
08-06 17:07:03.553  2474 10058 W InputManager-JNI: Input channel object '572f2e0 com.lbe.security.miui/com.android.packageinstaller.permission.ui.GrantPermissionsActivity (client)' was disposed without first being removed with the input manager!
08-06 17:07:03.554  2036  2036 I BpBinder: onLastStrongRef automatically unlinking death recipients: 
08-06 17:07:03.555  2474 10058 I SmartPower: com.lbe.security.miui:ui/10207(5334): visible->invisible(3141ms) R(become invisible) adj=905.
08-06 17:07:03.555  2474 10058 I SmartPower: com.lbe.security.miui:ui/10207(5334): invisible->background(1ms) R(become background) adj=905.
08-06 17:07:03.555  2474 10058 I SmartPower: com.lbe.security.miui/10207(10308): invisible->background(3208ms) R(become background) adj=200.
08-06 17:07:03.555  7458  8328 E ActivityManagerWrapper: getRecentTasksForceIncludingTaskIdIfValid: getRecentTasks: size=3
08-06 17:07:03.555  7458  8328 E ActivityManagerWrapper:  mainTaskId=274   userId=0   windowMode=1   baseIntent=Intent { act=android.intent.action.MAIN flag=268435456 cmp=ComponentInfo{com.maxmpz.audioplayer/com.maxmpz.audioplayer.standard_adaptive} }
08-06 17:07:03.555  7458  8328 E ActivityManagerWrapper:  mainTaskId=257   userId=0   windowMode=1   baseIntent=Intent { act=android.intent.action.VIEW flag=268435456 cmp=ComponentInfo{com.android.vending/com.google.android.finsky.activities.MainActivity} }
08-06 17:07:03.555  7458  8328 E ActivityManagerWrapper:  mainTaskId=254   userId=0   windowMode=1   baseIntent=Intent { act=android.intent.action.MAIN flag=270532608 cmp=ComponentInfo{com.getsurfboard/com.getsurfboard.ui.activity.MainActivity} }
08-06 17:07:03.556  2474  7656 E ActivityTaskManager: Unable to get servicetracker HAL instance
08-06 17:07:03.556  2474  7656 E ActivityTaskManager: Unable to get servicetracker HAL instance
08-06 17:07:03.557  2474  2646 W SSRU-ResourceUsageProxy: Nonexistent ongoing transaction AW_TOP:65525745 for u:0 pkg:com.lbe.security.miui ended
08-06 17:07:03.561  3050  3078 E libsensor-parseRGB: CWB NotifyCWBBufferDone  error 0
08-06 17:07:03.565  7890  8057 I MiuiBubbleController: removeBubble: 274 reason=2
08-06 17:07:03.565  7890  8057 I MultiTaskingTaskRepository: onTaskInfoChanged multi list = [], full = [274, 257, 254]
08-06 17:07:03.574  3086  3086 I adbd    : in ShellService: screencap -p /sdcard/screen_2025-08-06_170703.png
08-06 17:07:03.635 31600 31600 W BpBinder: Linking to death on android.gui.ISurfaceComposer but there are no threads (yet?) listening to incoming transactions. See ProcessState::startThreadPool and ProcessState::setThreadPoolMaxThreadCount. Generally you should setup the binder threadpool before other initialization steps.
08-06 17:07:03.635 31600 31600 W ProcessState: Extra binder thread started, but 0 threads requested. Do not use *startThreadPool when zero threads are requested.
08-06 17:07:03.648 31600 31603 I AdrenoUtils: <ReadGpuID:357>: Reading chip ID through GSL
08-06 17:07:03.648 31600 31600 W qdgralloc: Failed to load libubwcp.so
08-06 17:07:03.649 12965 19508 W MediaProvider: isAppCloneUserPair for user 0: false
08-06 17:07:03.651  1843  2051 I SDM     : DisplayBase::CommitThread: Received idle timeout, panel: cmd, timeout: 70000 us
08-06 17:07:03.654 15678 15886 I HeavyPackageIdentify: splitMode: false, splitPackages: null, foregroundPkg: com.maxmpz.audioplayer
08-06 17:07:03.669  1850  9931 E ANDR-PERF-LM: SAGT_ACTION: UpdateFPSData() 138: update /sys/kernel/sched_penalty/parameters/fps to 0, ret is 0
08-06 17:07:03.730  1843  3496 I vendor.qti.hardware.display.composer-service: Sensor: notify citsensorservice to trigger cwb, misForced = 1
08-06 17:07:03.730  3050  4554 I libsensor-parseRGB: request dump start for mRequestDisplayId 0
08-06 17:07:03.752  3050 25119 E libsensor-parseRGB: CWB NotifyCWBBufferDone  error 0
08-06 17:07:03.809  1843  2051 I SDM     : DisplayBase::CommitThread: Received idle timeout, panel: cmd, timeout: 70000 us
08-06 17:07:03.856 21935 21935 I Choreographer: first vsync insert message into MessageQueue Head
08-06 17:07:03.886 21935 31605 E SQLiteLog: (1) no such table: folder_playlists in "INSERT INTO playlists(_id, playlist, mtime, created_at, updated_at, playlist_path, played_at) SELECT _id, name, mtime, created_at, updated_at, path, played_at FROM folder_pl
08-06 17:07:03.887 21935 31605 E SQLiteLog: (1) near "EXIST": syntax error in "DROP TABLE IF EXIST folder_playlists"
08-06 17:07:03.887 21935 31605 E SQLiteLog: (1) no such table: folder_playlist_entries in "ALTER TABLE folder_playlist_entries RENAME TO playlist_entries"
08-06 17:07:03.895  1971  2770 I [THP-DAE]: thp_set_doze_mode_func:enable doze mode
08-06 17:07:03.911  2474  7378 E HyperSentinel: -------------------------------------------------------
08-06 17:07:03.911  2474  7378 E HyperSentinel: Event_ThreadAmount
08-06 17:07:03.911  2474  7378 E HyperSentinel: -> audit event by proc 21935 "usap64": running threads amount, 23 -> 45
08-06 17:07:03.941 21935 31614 W ScanDispatcherService: Scan requested: db migration com.maxmpz.audioplayer.ACTION_SCAN_DIRS
08-06 17:07:03.945  1843  3496 I vendor.qti.hardware.display.composer-service: Sensor: notify citsensorservice to trigger cwb, misForced = 0
08-06 17:07:03.945  3050  4554 I libsensor-parseRGB: request dump start for mRequestDisplayId 0
08-06 17:07:03.964 21935 31605 W DbHelper: VACUUM in=15569
08-06 17:07:03.967  2474 10058 W UriGrantsManagerService: No permission grants found for com.maxmpz.audioplayer
08-06 17:07:03.969  3050 25119 E libsensor-parseRGB: CWB NotifyCWBBufferDone  error 0
08-06 17:07:03.982  1775  5178 E sensors-hal: handle_sns_client_event:58, har: time = 395848304544807 data 0.000000
08-06 17:07:03.983  2474  2474 I NetworkAccelerateSwitchService: onMovementSensorChanged:33171070 State:0
08-06 17:07:03.988 21935 31616 W MilkPresetScanner: Milk presets scan requested: version change
08-06 17:07:03.998  2474  7656 W ParceledListSlice: Element #198 is 19012 bytes.
08-06 17:07:04.001  2474  7656 W ParceledListSlice: Element #313 is 25752 bytes.
08-06 17:07:04.035 21935 31616 W MilkPresetScanner: scan in=46ms
08-06 17:07:04.036  1865  1865 I vendor.qti.hardware.servicetrackeraidl-service: destroyService is called for service : com.maxmpz.audioplayer/com.maxmpz.milk.scanner.MilkScanService
08-06 17:07:04.071 21935 31614 W FolderScanner3: Scanned dirs: 0, files: 0 in 3ms 0.0 files per sec, 0.0 folders per sec
08-06 17:07:04.073  1850  9931 E ANDR-PERF-LM: SAGT_ACTION: UpdateFPSData() 138: update /sys/kernel/sched_penalty/parameters/fps to 40, ret is 0
08-06 17:07:04.075 21935 31614 W ScanDispatcherService: Scan requested: db migration com.maxmpz.audioplayer.ACTION_SCAN_TAGS
08-06 17:07:04.145  1843  3496 I vendor.qti.hardware.display.composer-service: Sensor: notify citsensorservice to trigger cwb, misForced = 0
08-06 17:07:04.147  3050  4554 I libsensor-parseRGB: request dump start for mRequestDisplayId 0
08-06 17:07:04.169  3050  4604 E libsensor-parseRGB: CWB NotifyCWBBufferDone  error 0
08-06 17:07:04.180 21935 31614 W LibraryScanner3: erasing tag info
08-06 17:07:04.182 21935 31614 W LibraryScanner3: scan pass=1 (lastId=0) limit=4002 memoryMb=256 MAX_MEMORY=256
08-06 17:07:04.187  2474  7656 I ClipboardServiceI: checkProviderWakePathForClipboard: primaryClip is null
08-06 17:07:04.193 12965 10476 I PSyncWorker: Starting proactive picker sync from sync source: 1
08-06 17:07:04.195 12965 10476 I PickerSyncController: Executing SyncAdd. isLocal: true. authority: com.android.providers.media.photopicker
08-06 17:07:04.196 21935 31614 W LibraryScanner3: Processed files in 15ms, files=0 had unprocessed files=false
08-06 17:07:04.196 21935 31614 W LibraryScanner3: processCues in 0ms  cueParseTime=0ms cueVerifyTime=0ms fileExtChecks=0 cueSaveTime=0ms cueDeleteTime=0ms standaloneCuesTime=0ms embedCuesTime=0ms
08-06 17:07:04.197 12965 10476 I PickerSyncController: Paged sync successful. QueryArgs: Bundle[{android.provider.extra.SYNC_GENERATION=17649, android.provider.extra.PAGE_SIZE=1000}] Total Rows: 0
08-06 17:07:04.197 12965 10476 I PickerSyncController: Executing SyncRemove. isLocal: true. authority: com.android.providers.media.photopicker
08-06 17:07:04.197 12965 10476 E PickerDbFacade: Could not get first date taken millis for media id: 1000001917
08-06 17:07:04.198 12965 10476 W PickerDbFacade: Unable to promote cloud media with localId: 1000001917
08-06 17:07:04.198 12965 10476 I PickerSyncController: Paged sync successful. QueryArgs: Bundle[{android.provider.extra.SYNC_GENERATION=17649, android.provider.extra.PAGE_SIZE=1000}] Total Rows: 0
08-06 17:07:04.198  1865  1865 I vendor.qti.hardware.servicetrackeraidl-service: bindService is called for service : com.android.providers.media.module/androidx.work.impl.background.systemjob.SystemJobService and for client system
08-06 17:07:04.198  1865  1865 I vendor.qti.hardware.servicetrackeraidl-service: total connections for service : com.android.providers.media.module/androidx.work.impl.background.systemjob.SystemJobServiceare :1
08-06 17:07:04.198  1865  1865 I vendor.qti.hardware.servicetrackeraidl-service: total connections for client : systemare :27
08-06 17:07:04.198 12965 10476 I PickerSyncTracker: Marked sync future complete for work id: bf849e4f-d415-4c11-82d4-84dbb7c66a90. Future map: {}
08-06 17:07:04.198 12965 10476 I PSyncWorker: Completed picker proactive sync complete from local provider.
08-06 17:07:04.199 12965 13394 I WM-WorkerWrapper: Worker result SUCCESS for Work [ id=bf849e4f-d415-4c11-82d4-84dbb7c66a90, tags={ com.android.providers.media.photopicker.sync.ProactiveSyncWorker } ]
08-06 17:07:04.199  2474  7379 I whetstone.activity: processNotifyEvent1 resId = 256, bundle = Bundle[{startTime=395848522, sourcePkg=com.android.providers.media.module, sourceUid=10249, status=1, jobId=2393, batteryName=@androidx.work.systemjobscheduler@com.android.providers.media.module/androidx.work.impl.background.systemjob.SystemJobService, elapsedRealtime=395848522}]
08-06 17:07:04.200 14191 20657 I EventMonitor: notifyEvent resId=256
08-06 17:07:04.202  2474  7379 I whetstone.activity: processNotifyEvent1 resId = 256, bundle = Bundle[{startTime=395848524, sourcePkg=com.android.providers.media.module, sourceUid=10249, status=0, jobId=2393, batteryName=@androidx.work.systemjobscheduler@com.android.providers.media.module/androidx.work.impl.background.systemjob.SystemJobService, elapsedRealtime=395848524}]
08-06 17:07:04.204  1865  1865 I vendor.qti.hardware.servicetrackeraidl-service: unbindService is called for service : com.android.providers.media.module/androidx.work.impl.background.systemjob.SystemJobService and for client system
