07-29 21:29:04.839  7773  7773 E RegisteredServicesCache: Skipping application component ComponentInfo{com.autonavi.minimap/com.alipay.mobile.aompdevice.nfc.service.TinyAppHostApduService}: it must request the permission android.permission.NFC
07-29 21:29:04.841  7773  7773 I RegisteredServicesCache: current user: 0, is managed profile : false
07-29 21:29:04.843  4916  5777 E SmsApplication: com.android.mms lost android:read_cell_broadcasts:  (fixing)
07-29 21:29:04.843  2463  5121 W AppOpService: Ignored setUidMode call for runtime permission app op: uid = 10141, code = READ_CELL_BROADCASTS, mode = allow, callingUid = 1001, oldMode = allow
07-29 21:29:04.843  7773  7773 I RegisteredAidCache: updateRoutingLocked(false): Enter
07-29 21:29:04.843  7773  7773 I AidRoutingManager: configureRouting(false): Enter
07-29 21:29:04.843  7773  7773 E AidRoutingManager: Size of routing table970
07-29 21:29:04.844  7773  7773 I RegisteredAidCache: updateRoutingLocked(false): exit
07-29 21:29:04.846  7773  7773 I libnfc_nci: [INFO:NativeT4tNfcee.cpp(870)] nfcManager_isFwSupportNonStdT4TAid Enter isFwSupport = 1
07-29 21:29:04.846  7773  7773 I libnfc_nci: [INFO:SecureElement.cpp(1487)] SecureElement::getEseHandleFromGenericId: enter; ESE-ID = 0x7F
07-29 21:29:04.846  7773  7773 I libnfc_nci: [INFO:SecureElement.cpp(1528)] SecureElement::getEseHandleFromGenericId: enter; ESE-Handle = 0x410
07-29 21:29:04.847  2463  5121 W AppOpService: Ignored setUidMode call for runtime permission app op: uid = 1001, code = READ_SMS, mode = allow, callingUid = 1001, oldMode = allow
07-29 21:29:04.847  7773  7773 I libnfc_nci: [INFO:SecureElement.cpp(1487)] SecureElement::getEseHandleFromGenericId: enter; ESE-ID = 0x00
07-29 21:29:04.847  7773  7773 I libnfc_nci: [INFO:SecureElement.cpp(1528)] SecureElement::getEseHandleFromGenericId: enter; ESE-Handle = 0x400
07-29 21:29:04.847  2463  6119 W AppOpService: Ignored setUidMode call for runtime permission app op: uid = 1001, code = RECEIVE_SMS, mode = allow, callingUid = 1001, oldMode = allow
07-29 21:29:04.848  2463  6119 W AppOpService: Ignored setUidMode call for runtime permission app op: uid = 1001, code = RECEIVE_WAP_PUSH, mode = allow, callingUid = 1001, oldMode = allow
07-29 21:29:04.848  2463  6119 W AppOpService: Ignored setUidMode call for runtime permission app op: uid = 1001, code = SEND_SMS, mode = allow, callingUid = 1001, oldMode = allow
07-29 21:29:04.848  2463  5539 W AppOpService: Ignored setUidMode call for runtime permission app op: uid = 1001, code = READ_CELL_BROADCASTS, mode = allow, callingUid = 1001, oldMode = allow
07-29 21:29:04.849  4897 29216 I SecureElement-Terminal-eSE1: isSecureElementPresent()
07-29 21:29:04.849  1746  1746 I android.hardware.secure_element-service.qti: isCardPresent
07-29 21:29:04.849  1746  1746 I android.hardware.secure_element-service.qti: isCardPresent exit, cardPresent: 1
07-29 21:29:04.850  7989  8781 I RuntimePermissionManager: isRuntimeRequestSupport: true
07-29 21:29:04.850  7989  8781 I InstalledPackagesMemoryCache: getInstallPermissionGranted=true
07-29 21:29:04.850  4897 29216 I SecureElement-Terminal-SIM1: isSecureElementPresent()
07-29 21:29:04.851  4897 29216 I SecureElement-Terminal-SIM1: isNfcEventAllowed: No access rules for checking.
07-29 21:29:04.851  4897 29216 I SecureElement-Terminal-SIM2: isSecureElementPresent()
07-29 21:29:04.870  2463  5129 W SearchableInfo: Invalid searchable metadata for tv.danmaku.bili/com.bilibili.bililive.room.ui.roomv3.LiveRoomActivityV3: Search label must be a resource reference.
07-29 21:29:04.870  2463  5129 W SearchableInfo: Invalid searchable metadata for tv.danmaku.bili/com.bilibili.bililive.room.ui.roomv3.LiveRoomTranslucentActivity: Search label must be a resource reference.
07-29 21:29:04.871  2463  5129 W SearchableInfo: Invalid searchable metadata for tv.danmaku.bili/com.bilibili.bililive.videoliveplayer.ui.live.LiveAllActivity: Search label must be a resource reference.
07-29 21:29:04.871  2463  5129 W SearchableInfo: Invalid searchable metadata for tv.danmaku.bili/com.bilibili.bililive.videoliveplayer.ui.live.area.LiveAreaVideoListActivity: Search label must be a resource reference.
07-29 21:29:04.871  2463  5129 W SearchableInfo: Invalid searchable metadata for tv.danmaku.bili/com.bilibili.bililive.videoliveplayer.ui.live.search.LiveSearchActivity: Search label must be a resource reference.
07-29 21:29:04.871  2463  2526 W EnhancedConfirmationService: The packageName should not be null.
07-29 21:29:04.872  2463  2526 W MagnificationConnectionManager: requestConnection duplicated request: connect=false, mConnectionState=DISCONNECTED
07-29 21:29:04.875  2463  5129 W ContentProviderHelper: No provider info for content provider  when providerRunning is false, caller is ProcessRecord{15056c5 18854:com.android.quicksearchbox:ApplicationsProvider/u0a136}
07-29 21:29:04.876 18854 18878 E ActivityThread: Failed to find provider info for 
07-29 21:29:04.876  2463  5129 W ContentProviderHelper: No provider info for content provider  when providerRunning is false, caller is null
07-29 21:29:04.880  2463  5129 I ClipboardServiceI: checkProviderWakePathForClipboard: primaryClip is null
07-29 21:29:04.880  2463  5129 I SmartPower: com.miui.notes/10275(13074): idle->background(26287ms) R(content provider start ContentProviderRecord{c0729a2 u0 com.miui.notes/.provider.NotesProvider}) adj=905.
07-29 21:29:04.880  8974 17241 E PackageUtil: getPackageInfoAsUser failed com.google.ar.lens , 999
07-29 21:29:04.881  8974 17241 E PermissionManagerProvider:  getPackageInfo is null packageName : com.google.ar.lens
07-29 21:29:04.883  2463  6119 W ContentProviderHelper: Permission Denial: opening provider com.alibaba.aliexpress.android.search.nav.SearchSuggestionProvider from ProcessRecord{15056c5 18854:com.android.quicksearchbox:ApplicationsProvider/u0a136} (pid=18854, uid=10136) that is not exported from UID 10303
07-29 21:29:04.887  2463  5531 I ClipboardServiceI: checkProviderWakePathForClipboard: primaryClip is null
07-29 21:29:04.887  2463  5531 I SmartPower: com.alibaba.aliexpresshd/10303(5685): idle->background(26282ms) R(content provider start ContentProviderRecord{716322c u0 com.alibaba.aliexpresshd/com.alibaba.aliexpress.android.search.nav.SearchSuggestionProvider}) adj=0.
07-29 21:29:04.887  2463  4205 I MiuiNetworkPolicy: updateUidState uid = 10303, uidState = 6
07-29 21:29:04.888  2463  4205 I MiuiNetworkPolicy: updateUidState uid = 10169, uidState = 6
07-29 21:29:04.889  2463  5531 W Bundle  : Failed to parse item error, returning null.
07-29 21:29:04.889  2463  5531 W Bundle  : android.os.BadTypeParcelableException: Parcelable creator android.os.ParcelableException is not a subclass of required class java.lang.String provided in the parameter
07-29 21:29:04.889  2463  5531 W Bundle  : 	at android.os.Parcel.readParcelableCreatorInternal(Parcel.java:5206)
07-29 21:29:04.889  2463  5531 W Bundle  : 	at android.os.Parcel.readParcelableInternal(Parcel.java:5080)
07-29 21:29:04.889  2463  5531 W Bundle  : 	at android.os.Parcel.readValue(Parcel.java:4840)
07-29 21:29:04.889  2463  5531 W Bundle  : 	at android.os.Parcel.readValue(Parcel.java:4609)
07-29 21:29:04.889  2463  5531 W Bundle  : 	at android.os.Parcel.-$$Nest$mreadValue(Unknown Source:0)
07-29 21:29:04.889  2463  5531 W Bundle  : 	at android.os.Parcel$LazyValue.apply(Parcel.java:4707)
07-29 21:29:04.889  2463  5531 W Bundle  : 	at android.os.Parcel$LazyValue.apply(Parcel.java:4666)
07-29 21:29:04.889  2463  5531 W Bundle  : 	at android.os.BaseBundle.unwrapLazyValueFromMapLocked(BaseBundle.java:416)
07-29 21:29:04.889  2463  5531 W Bundle  : 	at android.os.BaseBundle.getValueAt(BaseBundle.java:402)
07-29 21:29:04.889  2463  5531 W Bundle  : 	at android.os.BaseBundle.getPairValue(BaseBundle.java:282)
07-29 21:29:04.889  2463  5531 W Bundle  : 	at com.android.server.am.ContentProviderHelper.lambda$getMimeTypeFilterAsync$1(ContentProviderHelper.java:1212)
07-29 21:29:04.889  2463  5531 W Bundle  : 	at com.android.server.am.ContentProviderHelper.$r8$lambda$JV9jTPlBHAPZLxkKAqq24ds-FLE(Unknown Source:0)
07-29 21:29:04.889  2463  5531 W Bundle  : 	at com.android.server.am.ContentProviderHelper$$ExternalSyntheticLambda1.onResult(D8$$SyntheticClass:0)
07-29 21:29:04.889  2463  5531 W Bundle  : 	at android.os.RemoteCallback.sendResult(RemoteCallback.java:76)
07-29 21:29:04.889  2463  5531 W Bundle  : 	at android.os.RemoteCallback$1.sendResult(RemoteCallback.java:53)
07-29 21:29:04.889  2463  5531 W Bundle  : 	at android.os.IRemoteCallback$Stub.onTransact(IRemoteCallback.java:85)
07-29 21:29:04.889  2463  5531 W Bundle  : 	at android.os.Binder.execTransactInternal(Binder.java:1512)
07-29 21:29:04.889  2463  5531 W Bundle  : 	at android.os.Binder.execTransact(Binder.java:1451)
07-29 21:29:04.890  2463  4205 I MiuiNetworkPolicy: updateUidState uid = 10303, uidState = 19
07-29 21:29:04.890 18854 18878 W ContentResolver: Failed to get type for: content://com.alibaba.aliexpress.android.search.nav.SearchSuggestionProvider/products (Unknown URL content://com.alibaba.aliexpress.android.search.nav.SearchSuggestionProvider/products)
07-29 21:29:04.891  2463  4205 I MiuiNetworkPolicy: updateUidState uid = 10169, uidState = 10
07-29 21:29:04.892  8974 17241 E PackageUtil: getPackageInfoAsUser failed io.github.ylimit.droidbotapp , 999
07-29 21:29:04.894  2463  5531 W ContentProviderHelper: No provider info for content provider  when providerRunning is false, caller is ProcessRecord{15056c5 18854:com.android.quicksearchbox:ApplicationsProvider/u0a136}
07-29 21:29:04.894 18854 18878 E ActivityThread: Failed to find provider info for 
07-29 21:29:04.894  2463  5531 W ContentProviderHelper: No provider info for content provider  when providerRunning is false, caller is null
07-29 21:29:04.894  3117  3117 I adbd    : in ShellService: getprop ro.sf.lcd_density
07-29 21:29:04.898  2463  5129 W ContentProviderHelper: Permission Denial: opening provider com.alibaba.aliexpress.android.search.nav.SearchSuggestionProvider from ProcessRecord{15056c5 18854:com.android.quicksearchbox:ApplicationsProvider/u0a136} (pid=18854, uid=10136) that is not exported from UID 10303
07-29 21:29:04.900  2463  5129 I ClipboardServiceI: checkProviderWakePathForClipboard: primaryClip is null
07-29 21:29:04.901  2463  4205 I MiuiNetworkPolicy: updateUidState uid = 10303, uidState = 6
07-29 21:29:04.902  2463  4205 I MiuiNetworkPolicy: updateUidState uid = 10169, uidState = 6
07-29 21:29:04.903  2463  5539 W Bundle  : Failed to parse item error, returning null.
07-29 21:29:04.903  2463  5539 W Bundle  : android.os.BadTypeParcelableException: Parcelable creator android.os.ParcelableException is not a subclass of required class java.lang.String provided in the parameter
07-29 21:29:04.903  2463  5539 W Bundle  : 	at android.os.Parcel.readParcelableCreatorInternal(Parcel.java:5206)
07-29 21:29:04.903  2463  5539 W Bundle  : 	at android.os.Parcel.readParcelableInternal(Parcel.java:5080)
07-29 21:29:04.903  2463  5539 W Bundle  : 	at android.os.Parcel.readValue(Parcel.java:4840)
07-29 21:29:04.903  2463  5539 W Bundle  : 	at android.os.Parcel.readValue(Parcel.java:4609)
07-29 21:29:04.903  2463  5539 W Bundle  : 	at android.os.Parcel.-$$Nest$mreadValue(Unknown Source:0)
07-29 21:29:04.903  2463  5539 W Bundle  : 	at android.os.Parcel$LazyValue.apply(Parcel.java:4707)
07-29 21:29:04.903  2463  5539 W Bundle  : 	at android.os.Parcel$LazyValue.apply(Parcel.java:4666)
07-29 21:29:04.903  2463  5539 W Bundle  : 	at android.os.BaseBundle.unwrapLazyValueFromMapLocked(BaseBundle.java:416)
07-29 21:29:04.903  2463  5539 W Bundle  : 	at android.os.BaseBundle.getValueAt(BaseBundle.java:402)
07-29 21:29:04.903  2463  5539 W Bundle  : 	at android.os.BaseBundle.getPairValue(BaseBundle.java:282)
07-29 21:29:04.903  2463  5539 W Bundle  : 	at com.android.server.am.ContentProviderHelper.lambda$getMimeTypeFilterAsync$1(ContentProviderHelper.java:1212)
07-29 21:29:04.903  2463  5539 W Bundle  : 	at com.android.server.am.ContentProviderHelper.$r8$lambda$JV9jTPlBHAPZLxkKAqq24ds-FLE(Unknown Source:0)
07-29 21:29:04.903  2463  5539 W Bundle  : 	at com.android.server.am.ContentProviderHelper$$ExternalSyntheticLambda1.onResult(D8$$SyntheticClass:0)
07-29 21:29:04.903  2463  5539 W Bundle  : 	at android.os.RemoteCallback.sendResult(RemoteCallback.java:76)
07-29 21:29:04.903  2463  5539 W Bundle  : 	at android.os.RemoteCallback$1.sendResult(RemoteCallback.java:53)
07-29 21:29:04.903  2463  5539 W Bundle  : 	at android.os.IRemoteCallback$Stub.onTransact(IRemoteCallback.java:85)
07-29 21:29:04.903  2463  5539 W Bundle  : 	at android.os.Binder.execTransactInternal(Binder.java:1512)
07-29 21:29:04.903  2463  5539 W Bundle  : 	at android.os.Binder.execTransact(Binder.java:1451)
07-29 21:29:04.904 18854 18878 W ContentResolver: Failed to get type for: content://com.alibaba.aliexpress.android.search.nav.SearchSuggestionProvider/products (Unknown URL content://com.alibaba.aliexpress.android.search.nav.SearchSuggestionProvider/products)
07-29 21:29:04.904  2463  4205 I MiuiNetworkPolicy: updateUidState uid = 10303, uidState = 19
07-29 21:29:04.904  2463  4205 I MiuiNetworkPolicy: updateUidState uid = 10169, uidState = 10
07-29 21:29:04.915  6163  6188 I presshd:channel: This is non sticky GC, maxfree is 16777216 minfree is 8388608
07-29 21:29:04.918  8974 20253 E PackageUtil: getPackageInfoAsUser failed com.google.ar.lens , 999
07-29 21:29:04.920  8974 20253 E PermissionManagerProvider:  getPackageInfo is null packageName : com.google.ar.lens
07-29 21:29:04.924  8974 20253 E PackageUtil: getPackageInfoAsUser failed io.github.ylimit.droidbotapp , 999
07-29 21:29:04.953  3117  3117 I adbd    : in ShellService: input keyevent MENU
07-29 21:29:05.005  2463  5129 W MIUIInput: Input event injection from package: null action ACTION_DOWN keycode 82
07-29 21:29:05.005  2463  5129 W MiuiInputKeyEventLog: keyCode:82 down:true eventTime:21583325 downTime:21583325 policyFlags:2b000000 flags:0 metaState:0 deviceId:-1 isScreenOn:true keyguardActive:false repeatCount:0
07-29 21:29:05.007  2463  4068 I InputFeature: supportXiaomiHyperXiaoAi is true
07-29 21:29:05.007  2105  2105 E DisplayModeController: setDesiredMode : Idle status skip setActiveMode, isDdicIdleMode: 1
07-29 21:29:05.007  2463  4068 I InputFeature: supportXiaomiHyperXiaoAiScreenRecognition support
07-29 21:29:05.007  2463  4068 I InputFeature: supportBlockCombinationKey com.miui.home version: 3
07-29 21:29:05.007  2463  4068 I MiuiInputKeyEventLog: is show menu
07-29 21:29:05.007  2463  4068 I MIUIInput: [KeyEvent] publisher action:0x0,  keyCode:82 , deviceId=-1, 21583325,channel 'fd7851 com.miui.home/com.miui.home.launcher.Launcher (server)' 
07-29 21:29:05.009  4497  4497 I MIUIInput: [KeyEvent] ViewRootImpl windowName 'com.miui.home/com.miui.home.launcher.Launcher', KeyEvent { action=ACTION_DOWN, keyCode=KEYCODE_MENU, scanCode=0, metaState=0, flags=0x0, repeatCount=0, eventTime=21583325000000, downTime=21583325000000, deviceId=-1, source=0x0, displayId=-1 }, phoneEventTime=21:29:05.005
07-29 21:29:05.010  2463  5129 W MIUIInput: Input event injection from package: null action ACTION_UP keycode 82
07-29 21:29:05.011  2463  5129 W MiuiInputKeyEventLog: keyCode:82 down:false eventTime:21583330 downTime:21583325 policyFlags:2b000000 flags:0 metaState:0 deviceId:-1 isScreenOn:true keyguardActive:false repeatCount:0
07-29 21:29:05.011  2463  4068 I InputFeature: supportXiaomiHyperXiaoAi is true
07-29 21:29:05.012  2463  4068 I InputFeature: supportXiaomiHyperXiaoAiScreenRecognition support
07-29 21:29:05.012  2463  4068 I InputFeature: supportBlockCombinationKey com.miui.home version: 3
07-29 21:29:05.012  2463  4068 I MiuiInputKeyEventLog: is show menu
07-29 21:29:05.012  2463  4068 I MIUIInput: [KeyEvent] publisher action:0x1,  keyCode:82 , deviceId=-1, 21583330,channel 'fd7851 com.miui.home/com.miui.home.launcher.Launcher (server)' 
07-29 21:29:05.012  4497  4497 I MIUIInput: [KeyEvent] ViewRootImpl windowName 'com.miui.home/com.miui.home.launcher.Launcher', KeyEvent { action=ACTION_UP, keyCode=KEYCODE_MENU, scanCode=0, metaState=0, flags=0x0, repeatCount=0, eventTime=21583330000000, downTime=21583325000000, deviceId=-1, source=0x0, displayId=-1 }, phoneEventTime=21:29:05.010
07-29 21:29:05.013  4497  4497 I AnimStateManager: IdleState handle event 2006
07-29 21:29:05.013  4497  4497 I AnimStateManager: CommonState handle event 2006
07-29 21:29:05.013  1827  2399 I SDM     : HWCDisplay::SetActiveConfigWithConstraints: display:66-0, config: 3, WxH 1200x2670, fps 120
07-29 21:29:05.014  1827  2399 W SDM     : HWDeviceDRM::GetSupportedBitClkRate: Requested rate not supported: 1150000000
07-29 21:29:05.014  1827  2399 I SDM     : HWDeviceDRM::UpdateMixerAttributes: Mixer WxH 1200x2670-1 for Peripheral
07-29 21:29:05.014  1827  2399 I SDM     : HWCDisplay::SubmitDisplayConfig: Active configuration changed from config 1 to 3
07-29 21:29:05.014  1827  2399 I SDM     : HWCDisplay::SubmitDisplayConfig: Active WxH 1200x2670 ,ddic_mode:auto, timing_fps: 120, sf_fps: 120
07-29 21:29:05.014  4553  6256 I MiuiWallpaper-MiuiWallpaperManagerService: isMiuiWallpaperComponentUsing: true
07-29 21:29:05.015  4553  6256 I MiuiWallpaper-MiuiWallpaperManagerService: isMiuiWallpaperComponentUsing: true
07-29 21:29:05.015  1827  2752 I vendor.qti.hardware.display.composer-service: Sensor: notify citsensorservice to trigger cwb, misForced = 0
07-29 21:29:05.015  3002  4297 I libsensor-parseRGB: request dump start for mRequestDisplayId 0
07-29 21:29:05.016  4553  6256 I MiuiWallpaper-MiuiWallpaperManagerService: isMiuiWallpaperComponentUsing: true
07-29 21:29:05.016  4497  5159 I HapticFeedbackUtil: rtp:216
07-29 21:29:05.026  4497  4497 W PreviewDisappear: set, applyTo for info: com.miui.home.launcher.graphics.DrawableInfo@e88714f, with icon: null
07-29 21:29:05.030  4497  4497 W ScreenView_Workspace: updateChildStaticTransformation error,childW=0.0
07-29 21:29:05.032  1747  1747 I sensors-hal: batch:141, android.sensor.accelerometer/11, period=66667000, max_latency=0
07-29 21:29:05.033  1747  1747 I sensors-hal: set_config:56, sample_period_ns is adjusted to 66667000 based on min/max delay_ns
07-29 21:29:05.033  1747  1747 I sensors-hal: batch:150, android.sensor.accelerometer/11, period=66667000, max_latency=0 request completed
07-29 21:29:05.033  2463  2539 I SensorAccount: App register sensor to track it noWakeupSensor_10138_0x100000b
07-29 21:29:05.034  2463  5121 I SensorService: 	>>> actuating h/w activate handle=0x100000b enabled=1
07-29 21:29:05.034  1747  1747 I sensors-hal: activate:108, android.sensor.accelerometer/11 en=1
07-29 21:29:05.034  1747  1747 I sensors-hal: acquire_qsh_interface:121, acquire_qsh_interface with sensor_id 104 , conn_type 2 
07-29 21:29:05.035  1714  1806 I minksocket: MinkIPC MESSAGE: ( 1714:1806 ) MinkIPC_QRTR_Service:351 minkipc = 0xb400007134251590 sock = 19, client with node 1 port 4f71 went down
07-29 21:29:05.035  1714  1828 I minksocket: MinkIPC MESSAGE: ( 1714:1828 ) MinkIPC_QRTR_Service:351 minkipc = 0xb4000071342524b0 sock = 35, client with node 1 port 4f71 went down
07-29 21:29:05.037  1714  1828 I minksocket: MinkIPC MESSAGE: ( 1714:1828 ) MinkIPC_QRTR_Service:351 minkipc = 0xb4000071342524b0 sock = 35, client with node 1 port 4f72 went down
07-29 21:29:05.037  1714  1806 I minksocket: MinkIPC MESSAGE: ( 1714:1806 ) MinkIPC_QRTR_Service:351 minkipc = 0xb400007134251590 sock = 19, client with node 1 port 4f72 went down
07-29 21:29:05.038  1714  1828 I minksocket: MinkIPC MESSAGE: ( 1714:1828 ) MinkIPC_QRTR_Service:351 minkipc = 0xb4000071342524b0 sock = 35, client with node 1 port 4f73 went down
07-29 21:29:05.038  1714  1806 I minksocket: MinkIPC MESSAGE: ( 1714:1806 ) MinkIPC_QRTR_Service:351 minkipc = 0xb400007134251590 sock = 19, client with node 1 port 4f73 went down
07-29 21:29:05.038  1747  1747 I sensors-hal: qsh_qmi:35, qsh_qmi
07-29 21:29:05.039  1747  1747 I sensors-hal: register_cb:314, suid(low=11115320498015681092,high=2286538866409242278) is new. register callbacks
07-29 21:29:05.039  1747  1747 I sensors-hal: send_sensor_config_request:626, resampler is used, set resampler config
07-29 21:29:05.039  1747  1747 I sensors-hal: send_sync_sensor_request:531, send sync request
07-29 21:29:05.039  1747  1747 I sensors-hal: send_sync_sensor_request:541, send_sync_sensor_request before send_request for accel with SUID low=11115320498015681092 high=2286538866409242278
07-29 21:29:05.039  1747  1747 I sensors-hal: send_sync_sensor_request:560, wait for notification of response
07-29 21:29:05.040  1714  1828 I minksocket: MinkIPC MESSAGE: ( 1714:1828 ) MinkIPC_QRTR_Service:351 minkipc = 0xb4000071342524b0 sock = 35, client with node 1 port 4f74 went down
07-29 21:29:05.040  1714  1806 I minksocket: MinkIPC MESSAGE: ( 1714:1806 ) MinkIPC_QRTR_Service:351 minkipc = 0xb400007134251590 sock = 19, client with node 1 port 4f74 went down
07-29 21:29:05.041  1747 20266 I sensors-hal: qsh_conn_resp_cb:886, resp_value = 0 for accel 
07-29 21:29:05.041  1747  1747 I sensors-hal: send_sync_sensor_request:566, takes 1 ms to receive the response with 0
07-29 21:29:05.041  1747  1747 I sensors-hal: activate:119, android.sensor.accelerometer/11 en=1 completed
07-29 21:29:05.041  4497  5159 E Launcher: mFsGestureStatusRefreshRunnable:run usingFsGesture=true   show=true   focus=true   pause=false
07-29 21:29:05.044  3002  3080 E libsensor-parseRGB: CWB NotifyCWBBufferDone  error 0
07-29 21:29:05.045  4497  4497 W RecentsImpl: updateFsgWindowVisibilityState origin isEnter=true, typeFrom=typefrom_home
07-29 21:29:05.046  4497  5159 W RecentsImpl: updateFsgWindowVisibilityStateInBgThread, isEnter=true, typeFrom=typefrom_home, isOpen=true, isKeyguardLocked=false, mIsInAnotherPro=false, isStatusBarExpansion=false
07-29 21:29:05.048  4497  5295 W GestureStubView_Left: adaptRotation   currentRotation=0   mRotation=0
07-29 21:29:05.050  4497  5295 W GestureStubView_Right: adaptRotation   currentRotation=0   mRotation=0
07-29 21:29:05.074  3117  3117 I adbd    : in ShellService: input keyevent BACK
07-29 21:29:05.115  2463  5531 W MIUIInput: Input event injection from package: null action ACTION_DOWN keycode 4
07-29 21:29:05.115  2463  5531 W MiuiInputKeyEventLog: keyCode:4 down:true eventTime:21583435 downTime:21583435 policyFlags:2b000000 flags:0 metaState:0 deviceId:-1 isScreenOn:true keyguardActive:false repeatCount:0
07-29 21:29:05.116  2463  2528 W ActivityManagerServiceImpl: Sending non-protected broadcast miui.intent.KEYCODE_BACK from system 2463:system/1000 pkg android. Callers=com.android.server.am.ActivityManagerService.checkBroadcastFromSystem:16255 com.android.server.am.ActivityManagerService.broadcastIntentLockedTraced:17126 com.android.server.am.ActivityManagerService.broadcastIntentLocked:16315 com.android.server.am.ActivityManagerService.broadcastIntentWithFeature:17337 android.app.ContextImpl.sendBroadcastAsUser:1495 
07-29 21:29:05.117  2463  4068 I MIUIInput: [KeyEvent] publisher action:0x0,  keyCode:4 , deviceId=-1, 21583435,channel 'fd7851 com.miui.home/com.miui.home.launcher.Launcher (server)' 
07-29 21:29:05.118  4497  4497 I MIUIInput: [KeyEvent] ViewRootImpl windowName 'com.miui.home/com.miui.home.launcher.Launcher', KeyEvent { action=ACTION_DOWN, keyCode=KEYCODE_BACK, scanCode=0, metaState=0, flags=0x0, repeatCount=0, eventTime=21583435000000, downTime=21583435000000, deviceId=-1, source=0x0, displayId=-1 }, phoneEventTime=21:29:05.116
07-29 21:29:05.171  2463  5531 W MIUIInput: Input event injection from package: null action ACTION_UP keycode 4
07-29 21:29:05.171  2463  5531 W MiuiInputKeyEventLog: keyCode:4 down:false eventTime:21583490 downTime:21583435 policyFlags:2b000000 flags:0 metaState:0 deviceId:-1 isScreenOn:true keyguardActive:false repeatCount:0
07-29 21:29:05.173  2463  2528 W ActivityManagerServiceImpl: Sending non-protected broadcast miui.intent.KEYCODE_BACK from system 2463:system/1000 pkg android. Callers=com.android.server.am.ActivityManagerService.checkBroadcastFromSystem:16255 com.android.server.am.ActivityManagerService.broadcastIntentLockedTraced:17126 com.android.server.am.ActivityManagerService.broadcastIntentLocked:16315 com.android.server.am.ActivityManagerService.broadcastIntentWithFeature:17337 android.app.ContextImpl.sendBroadcastAsUser:1495 
07-29 21:29:05.173  2463  4068 I MIUIInput: [KeyEvent] publisher action:0x1,  keyCode:4 , deviceId=-1, 21583490,channel 'fd7851 com.miui.home/com.miui.home.launcher.Launcher (server)' 
07-29 21:29:05.173  4497  4497 I MIUIInput: [KeyEvent] ViewRootImpl windowName 'com.miui.home/com.miui.home.launcher.Launcher', KeyEvent { action=ACTION_UP, keyCode=KEYCODE_BACK, scanCode=0, metaState=0, flags=0x0, repeatCount=0, eventTime=21583490000000, downTime=21583435000000, deviceId=-1, source=0x0, displayId=-1 }, phoneEventTime=21:29:05.170
07-29 21:29:05.194  4497  4497 W MIUIInput: Back key is intercepted by the app
07-29 21:29:05.194  2463  5129 I SensorService: 	>>> actuating h/w activate handle=0x100000b enabled=0
07-29 21:29:05.195  1747  1747 I sensors-hal: activate:108, android.sensor.accelerometer/11 en=0
07-29 21:29:05.195  1747  1747 I sensors-hal: send_sync_sensor_request:531, send sync request
07-29 21:29:05.195  1747  1747 I sensors-hal: send_sync_sensor_request:541, send_sync_sensor_request before send_request for accel with SUID low=11115320498015681092 high=2286538866409242278
07-29 21:29:05.195  1747  1747 I sensors-hal: send_sync_sensor_request:560, wait for notification of response
07-29 21:29:05.197  1747 20266 I sensors-hal: qsh_conn_resp_cb:886, resp_value = 0 for accel 
07-29 21:29:05.197  1747  1747 I sensors-hal: send_sync_sensor_request:566, takes 2 ms to receive the response with 0
07-29 21:29:05.198  1747  1747 I sensors-hal: ~qsh_qmi:62, ~qsh_qmi
07-29 21:29:05.198  1747  1747 I sensors-hal: activate:119, android.sensor.accelerometer/11 en=0 completed
07-29 21:29:05.199  2463  2539 I SensorAccount: App unregister sensor noWakeupSensor_10138_0x100000b
07-29 21:29:05.199  1714  1806 I minksocket: MinkIPC MESSAGE: ( 1714:1806 ) MinkIPC_QRTR_Service:351 minkipc = 0xb400007134251590 sock = 19, client with node 1 port 4f75 went down
07-29 21:29:05.199  1714  1828 I minksocket: MinkIPC MESSAGE: ( 1714:1828 ) MinkIPC_QRTR_Service:351 minkipc = 0xb4000071342524b0 sock = 35, client with node 1 port 4f75 went down
07-29 21:29:05.200  4497  5159 E Launcher: mFsGestureStatusRefreshRunnable:run usingFsGesture=true   show=true   focus=true   pause=false
07-29 21:29:05.205  4497  4497 W RecentsImpl: updateFsgWindowVisibilityState origin isEnter=false, typeFrom=typefrom_home
07-29 21:29:05.206  4497  5159 W RecentsImpl: updateFsgWindowVisibilityStateInBgThread, isEnter=false, typeFrom=typefrom_home, isOpen=true, isKeyguardLocked=false, mIsInAnotherPro=false, isStatusBarExpansion=false
07-29 21:29:05.206  4497  5159 W RecentsImpl: getTopActivity from observer.   cn=ComponentInfo{com.miui.home/com.miui.home.launcher.Launcher}
07-29 21:29:05.220  1827  2752 I vendor.qti.hardware.display.composer-service: Sensor: notify citsensorservice to trigger cwb, misForced = 0
07-29 21:29:05.221  3002  4297 I libsensor-parseRGB: request dump start for mRequestDisplayId 0
07-29 21:29:05.243  3002  6353 E libsensor-parseRGB: CWB NotifyCWBBufferDone  error 0
07-29 21:29:05.268  3117  3117 I adbd    : in ShellService: pm list packages -f
07-29 21:29:05.309  3117  3117 I adbd    : in ShellService: ps
07-29 21:29:05.321  7989  7989 I PackageInstallReceiver: action = android.intent.action.PACKAGE_CHANGED packageName = com.miui.cleanmaster
07-29 21:29:05.321  7989  7989 W InstalledPackagesMemoryCache: Unknown action: android.intent.action.PACKAGE_CHANGED
07-29 21:29:05.321  7989  7989 I ServiceDeliveryCapability: onAppChanged:com.miui.cleanmaster action:android.intent.action.PACKAGE_CHANGED
07-29 21:29:05.321  7989  7989 I AppWidgetDelegate: updateAppWidgets for com.miui.cleanmaster
07-29 21:29:05.321  7989  7989 I WidgetController: WidgetController.updateOrRemoveStackWhenPackageChanged: packageName com.miui.cleanmaster
07-29 21:29:05.321  7989  7989 I WidgetBackgroundBlurManager: onAppChanged appPackageName : com.miui.cleanmaster
07-29 21:29:05.322  7989  8530 I AppWidgetDelegate: removeAllWidgets com.xiaomi.misettings.usagestats.widget.desktop.widget.SimpleUsageStatsWidget
07-29 21:29:05.322  7989  8530 I AppWidgetDelegate: removeAllWidgets com.android.calendar.widget.NearEventAppWidget
07-29 21:29:05.335  2463  4644 I SensorAccount: ExecutionCapabilityChanged  pkgName:com.miui.home  canAfford:true mCurrentForegroundUid:10138
07-29 21:29:05.342  4916  5373 E PhoneAdapter: get ntnphones failed, exception: java.lang.IllegalStateException: Default phones haven't been made yet!
07-29 21:29:05.344  3002  4306 I libsensor-boledalgo: ##### the value of lux: 218.984879, cct: 4218.000000
07-29 21:29:05.344  3002  4306 I libsensor-qshcalapi: value of set_lux: 218.984879, set r: 4218.000000
07-29 21:29:05.361 20571 20571 I abb     : StartCommandInProcess(73657474696e67730067657400676c6f settings.get.glo [truncated])
07-29 21:29:05.364  3117  3117 I adbd    : in ShellService: pm list packages -f
07-29 21:29:05.361  2463  2463 W binder:2463_18: type=1400 audit(0.0:17947): avc:  denied  { getopt } for  scontext=u:r:system_server:s0 tcontext=u:r:shell:s0 tclass=unix_stream_socket permissive=0
07-29 21:29:05.361  2463  2463 W binder:2463_18: type=1400 audit(0.0:17948): avc:  denied  { getopt } for  scontext=u:r:system_server:s0 tcontext=u:r:shell:s0 tclass=unix_stream_socket permissive=0
07-29 21:29:05.361  2463  2463 W binder:2463_18: type=1400 audit(0.0:17949): avc:  denied  { getopt } for  scontext=u:r:system_server:s0 tcontext=u:r:shell:s0 tclass=unix_stream_socket permissive=0
07-29 21:29:05.375 20571 20571 I abb     : StartCommandInProcess(7061636b61676500696e7374616c6c00 package.install. [truncated])
07-29 21:29:05.386  2463  5539 I InstallationTiming: beginInstall_sessionId: 1374225800
07-29 21:29:05.430  1827  2752 I vendor.qti.hardware.display.composer-service: Sensor: notify citsensorservice to trigger cwb, misForced = 0
07-29 21:29:05.430  3002  4297 I libsensor-parseRGB: request dump start for mRequestDisplayId 0
07-29 21:29:05.435  4979  4979 I ViewRootImpl: Toast use first frame acceleration
07-29 21:29:05.442  4979  4979 I Choreographer: first vsync insert message into MessageQueue Head
07-29 21:29:05.447  4979  4979 W libc    : Access denied finding property "vendor.gpp.create_frc_extension"
07-29 21:29:05.451  4979  5421 W qdgralloc: getInterlacedFlag: getMetaData returned 3, defaulting to interlaced_flag = 0
07-29 21:29:05.454  2463  2517 I PowerManagerServiceImpl: Acquire wakelock: SCREEN_BRIGHT_WAKE_LOCK           'WindowManager/displayId:0' ON_AFTER_RELEASE (uid=1000 pid=2463 pkg=android ws=WorkSource{1000 com.android.systemui})
07-29 21:29:05.454  3002  3081 E libsensor-parseRGB: CWB NotifyCWBBufferDone  error 0
07-29 21:29:05.457  4979  5421 W qdgralloc: getInterlacedFlag: getMetaData returned 3, defaulting to interlaced_flag = 0
07-29 21:29:05.459  4979  5421 W qdgralloc: getInterlacedFlag: getMetaData returned 3, defaulting to interlaced_flag = 0
07-29 21:29:05.461  2463  2517 I WindowManager: wms.showSurfaceRobustly mWin:Window{ebe0151 u0 Toast}
07-29 21:29:05.464  4979  5421 W qdgralloc: getInterlacedFlag: getMetaData returned 3, defaulting to interlaced_flag = 0
07-29 21:29:05.470  1827  2399 I MiClstc : StageLayers No adding layer_name[FramebufferSurface], layer_id 1
07-29 21:29:05.470  1827  2399 I MiClstc : DropLayers erase layer 1336
07-29 21:29:05.470  1827  2399 I MiClstc : DropLayers erase layer 1338
07-29 21:29:05.471  1827  2399 I MiClstc : RetrieveConfig Unknown layer 1, skip
07-29 21:29:05.473  2105  2105 I MI-SF   : surfaceflinger setAffinity mode=1
07-29 21:29:05.473  2105  2105 E MI-SF   : surfaceflinger setAffinity success
07-29 21:29:05.473  2105  2105 I MI-SF   : surfaceflinger setreAffinity reTid=2261
07-29 21:29:05.473  2105  2105 E MI-SF   : surfaceflinger setAffinity success
07-29 21:29:05.593  2463  2463 W binder:2463_18: type=1400 audit(0.0:17950): avc:  denied  { getopt } for  scontext=u:r:system_server:s0 tcontext=u:r:shell:s0 tclass=unix_stream_socket permissive=0
07-29 21:29:05.613  1839  7244 E ANDR-PERF-LM: SAGT_ACTION: UpdateFPSData() 138: update /sys/kernel/sched_penalty/parameters/fps to 60, ret is 0
07-29 21:29:05.635  1827  2752 I vendor.qti.hardware.display.composer-service: Sensor: notify citsensorservice to trigger cwb, misForced = 0
07-29 21:29:05.636  3002  4297 I libsensor-parseRGB: request dump start for mRequestDisplayId 0
07-29 21:29:05.658  2463  4102 W RuleEvaluation: Integrity rule files are not available.
07-29 21:29:05.658  2463  2775 I PackageManager: Integrity check passed for file:///data/app/vmdl1374225800.tmp
07-29 21:29:05.667  3002  6353 E libsensor-parseRGB: CWB NotifyCWBBufferDone  error 0
07-29 21:29:05.685  7958  7958 I UserConsentManager: onPermissionsChanged: 10388
07-29 21:29:05.687  7958  7958 I UserConsentManager: onPermissionsChanged: 10388
07-29 21:29:05.687  7958  7958 I UserConsentManager: onPermissionsChanged: 10388
07-29 21:29:05.699 12982 26704 I onNQEResult: result.score = 0minscore = nullmaxscore = null
07-29 21:29:05.708  2463  2506 E AppOps  : Trying to set mode for unknown uid 10388.
07-29 21:29:05.722 18794 18906 I artd    : Merge skipped because there are no existing profiles
07-29 21:29:05.722  2463  2775 I ArtService: Adjusting the compiler filter for 'com.piyush.music' from 'speed-profile' to 'verify' because there is no valid profile
07-29 21:29:05.723 18794 18906 I artd    : Dex parent of /data/app/~~5X1kDdbtj0xRu0qy-8GdmA==/com.piyush.music-aLkCpKL2D8FHANhay3Oz5w==/base.apk is not writable: Permission denied
07-29 21:29:05.723 18794 18906 I artd    : GetBestInfo checking odex in dalvik-cache (/data/dalvik-cache/arm64/data@app@~~5X1kDdbtj0xRu0qy-8GdmA==@com.piyush.music-aLkCpKL2D8FHANhay3Oz5w==@base.apk@classes.dex)
07-29 21:29:05.723 18794 18906 I artd    : Loading /data/dalvik-cache/arm64/data@app@~~5X1kDdbtj0xRu0qy-8GdmA==@com.piyush.music-aLkCpKL2D8FHANhay3Oz5w==@base.apk@classes.dex with executable: 0
07-29 21:29:05.723 18794 18906 I artd    : OatFileAssistant test for existing oat file /data/dalvik-cache/arm64/data@app@~~5X1kDdbtj0xRu0qy-8GdmA==@com.piyush.music-aLkCpKL2D8FHANhay3Oz5w==@base.apk@classes.dex: File /data/dalvik-cache/arm64/data@app@~~5X1kDdbtj0xRu0qy-8GdmA==@com.piyush.music-aLkCpKL2D8FHANhay3Oz5w==@base.apk@classes.vdex does not exist.
07-29 21:29:05.723 18794 18906 I artd    : GetBestInfo checking odex next to the dex file (/data/app/~~5X1kDdbtj0xRu0qy-8GdmA==/com.piyush.music-aLkCpKL2D8FHANhay3Oz5w==/oat/arm64/base.odex)
07-29 21:29:05.723 18794 18906 I artd    : Loading /data/app/~~5X1kDdbtj0xRu0qy-8GdmA==/com.piyush.music-aLkCpKL2D8FHANhay3Oz5w==/oat/arm64/base.odex with executable: 0
07-29 21:29:05.723 18794 18906 I artd    : OatFileAssistant test for existing oat file /data/app/~~5X1kDdbtj0xRu0qy-8GdmA==/com.piyush.music-aLkCpKL2D8FHANhay3Oz5w==/oat/arm64/base.odex: File /data/app/~~5X1kDdbtj0xRu0qy-8GdmA==/com.piyush.music-aLkCpKL2D8FHANhay3Oz5w==/oat/arm64/base.vdex does not exist.
07-29 21:29:05.723 18794 18906 I artd    : GetBestInfo checking vdex in dalvik-cache (/data/dalvik-cache/arm64/data@app@~~5X1kDdbtj0xRu0qy-8GdmA==@com.piyush.music-aLkCpKL2D8FHANhay3Oz5w==@base.apk@classes.vdex)
07-29 21:29:05.723 18794 18906 I artd    : unable to open vdex file /data/dalvik-cache/arm64/data@app@~~5X1kDdbtj0xRu0qy-8GdmA==@com.piyush.music-aLkCpKL2D8FHANhay3Oz5w==@base.apk@classes.vdex: File /data/dalvik-cache/arm64/data@app@~~5X1kDdbtj0xRu0qy-8GdmA==@com.piyush.music-aLkCpKL2D8FHANhay3Oz5w==@base.apk@classes.vdex does not exist.
07-29 21:29:05.723 18794 18906 I artd    : OatFileAssistant test for existing oat file /data/dalvik-cache/arm64/data@app@~~5X1kDdbtj0xRu0qy-8GdmA==@com.piyush.music-aLkCpKL2D8FHANhay3Oz5w==@base.apk@classes.vdex: File /data/dalvik-cache/arm64/data@app@~~5X1kDdbtj0xRu0qy-8GdmA==@com.piyush.music-aLkCpKL2D8FHANhay3Oz5w==@base.apk@classes.vdex does not exist.
07-29 21:29:05.724 18794 18906 I artd    : GetBestInfo checking vdex next to the dex file (/data/app/~~5X1kDdbtj0xRu0qy-8GdmA==/com.piyush.music-aLkCpKL2D8FHANhay3Oz5w==/oat/arm64/base.vdex)
07-29 21:29:05.724 18794 18906 I artd    : unable to open vdex file /data/app/~~5X1kDdbtj0xRu0qy-8GdmA==/com.piyush.music-aLkCpKL2D8FHANhay3Oz5w==/oat/arm64/base.vdex: File /data/app/~~5X1kDdbtj0xRu0qy-8GdmA==/com.piyush.music-aLkCpKL2D8FHANhay3Oz5w==/oat/arm64/base.vdex does not exist.
07-29 21:29:05.724 18794 18906 I artd    : OatFileAssistant test for existing oat file /data/app/~~5X1kDdbtj0xRu0qy-8GdmA==/com.piyush.music-aLkCpKL2D8FHANhay3Oz5w==/oat/arm64/base.vdex: File /data/app/~~5X1kDdbtj0xRu0qy-8GdmA==/com.piyush.music-aLkCpKL2D8FHANhay3Oz5w==/oat/arm64/base.vdex does not exist.
07-29 21:29:05.724 18794 18906 I artd    : GetBestInfo checking dm (/data/app/~~5X1kDdbtj0xRu0qy-8GdmA==/com.piyush.music-aLkCpKL2D8FHANhay3Oz5w==/base.dm)
07-29 21:29:05.724 18794 18906 I artd    : GetBestInfo no usable artifacts
07-29 21:29:05.737 18794 18906 I artd    : Running dex2oat: /apex/com.android.art/bin/art_exec --drop-capabilities --set-task-profile=Dex2OatBootComplete --set-priority=background --keep-fds=7:8:9:10:11 -- /apex/com.android.art/bin/dex2oat64 --zip-fd=7 --zip-location=/data/app/~~5X1kDdbtj0xRu0qy-8GdmA==/com.piyush.music-aLkCpKL2D8FHANhay3Oz5w==/base.apk --oat-fd=8 --oat-location=/data/app/~~5X1kDdbtj0xRu0qy-8GdmA==/com.piyush.music-aLkCpKL2D8FHANhay3Oz5w==/oat/arm64/base.odex --output-vdex-fd=9 --swap-fd=10 --class-loader-context-fds=11 --class-loader-context=PCL[]{PCL[/system/framework/android.test.base.jar]} --classpath-dir=/data/app/~~5X1kDdbtj0xRu0qy-8GdmA==/com.piyush.music-aLkCpKL2D8FHANhay3Oz5w== --instruction-set=arm64 --instruction-set-features=default --instruction-set-variant=kryo300 --compiler-filter=verify --compilation-reason=install --compact-dex-level=none --max-image-block-size=524288 --resolve-startup-const-strings=true --generate-mini-debug-info --runtime-arg -Xtarget-sdk-version:29 --runtime-arg -Xhidden-api-policy:enabled -j6 --runtime-arg -Xms64m --runtime-arg -Xmx512m --comments=app-name:com.piyush.music,app-version-name:3.0.2,app-version-code:210030002,art-version:352090000
07-29 21:29:05.737 18794 18906 I artd    : Opened FDs: 7:/data/app/~~5X1kDdbtj0xRu0qy-8GdmA==/com.piyush.music-aLkCpKL2D8FHANhay3Oz5w==/base.apk 8:/data/app/~~5X1kDdbtj0xRu0qy-8GdmA==/com.piyush.music-aLkCpKL2D8FHANhay3Oz5w==/oat/arm64/base.odex.DjgVV9.tmp 9:/data/app/~~5X1kDdbtj0xRu0qy-8GdmA==/com.piyush.music-aLkCpKL2D8FHANhay3Oz5w==/oat/arm64/base.vdex.tEbKvL.tmp 10:/data/app/~~5X1kDdbtj0xRu0qy-8GdmA==/com.piyush.music-aLkCpKL2D8FHANhay3Oz5w==/oat/arm64/base.odex.swap.xnPVsn.tmp 11:/system/framework/android.test.base.jar 
07-29 21:29:05.758 20358 20358 W libprocessgroup: JoinCgroup: controller schedtune is not found
07-29 21:29:05.775 20358 20358 W dex2oat64: Obsolete flag --compact-dex-level ignored
07-29 21:29:05.778 20358 20358 I dex2oat64: /apex/com.android.art/bin/dex2oat64 --output-vdex-fd=9 --class-loader-context-fds=11 --class-loader-context=PCL[]{PCL[/system/framework/android.test.base.jar]} --classpath-dir=/data/app/~~5X1kDdbtj0xRu0qy-8GdmA==/com.piyush.music-aLkCpKL2D8FHANhay3Oz5w== --compiler-filter=verify --compilation-reason=install --compact-dex-level=none --max-image-block-size=524288 --resolve-startup-const-strings=true --generate-mini-debug-info -j6 --comments=app-name:com.piyush.music,app-version-name:3.0.2,app-version-code:210030002,art-version:352090000
07-29 21:29:05.791 11730 12142 I Zeus/receiver: ZeusTransformUtils-registerReceiver-execute
07-29 21:29:05.792 11730 12142 I Zeus/receiver: ZeusTransformUtils-registerReceiver-execute
07-29 21:29:05.834 20358 20358 I dex2oat64: Using CollectorTypeCC GC.
07-29 21:29:05.843  1827  2752 I vendor.qti.hardware.display.composer-service: Sensor: notify citsensorservice to trigger cwb, misForced = 0
07-29 21:29:05.843  3002  4297 I libsensor-parseRGB: request dump start for mRequestDisplayId 0
07-29 21:29:05.867  3002  3081 E libsensor-parseRGB: CWB NotifyCWBBufferDone  error 0
07-29 21:29:05.989  1827  2108 I SDM     : DisplayBase::CommitThread: Received idle timeout, panel: cmd, timeout: 70000 us
07-29 21:29:05.999 20358 20358 I dex2oat64: dex2oat took 223.932ms (619.590ms cpu) (threads: 6) arena alloc=0B (0B) java alloc=7705KB (7890304B) native alloc=3057KB (3131184B) free=1384KB (1417344B)
07-29 21:29:06.006 18794 18906 I artd    : dex2oat returned code 0
07-29 21:29:06.015  1839  7244 E ANDR-PERF-LM: SAGT_ACTION: UpdateFPSData() 138: update /sys/kernel/sched_penalty/parameters/fps to 120, ret is 0
07-29 21:29:06.015  1839  7244 E ANDR-PERF-LM: SAGT_ACTION: updateAutoPenatly() 161: recovery auto penatly gamefps 120.000000, measured fps is 118.500000, gap is 1.500000 
07-29 21:29:06.017  2463  2775 I ArtService: Dexopt result: [packageName = com.piyush.music] DexContainerFileDexoptResult{dexContainerFile=/data/app/~~5X1kDdbtj0xRu0qy-8GdmA==/com.piyush.music-aLkCpKL2D8FHANhay3Oz5w==/base.apk, primaryAbi=true, abi=arm64-v8a, actualCompilerFilter=verify, status=PERFORMED, dex2oatWallTimeMillis=275, dex2oatCpuTimeMillis=650, sizeBytes=6207232, sizeBeforeBytes=0, extendedStatusFlags=[]}
07-29 21:29:06.018  2463 20589 I Miui32BitTranslateHelper: 32BitPretranslate: skipping APK pre-translation for com.piyush.music
07-29 21:29:06.018  2463  2775 W PackageFreezer: Freeze package com.piyush.music about 0.348 seconds for reason: installPackageLI
07-29 21:29:06.018  2463  2775 I BackupManagerService: [UserID:0] restoreAtInstall pkg=com.piyush.music token=49 restoreSet=0
07-29 21:29:06.020  1844  1844 I vendor.qti.hardware.servicetrackeraidl-service: bindService is called for service : com.google.android.gms/.backup.BackupTransportService and for client system
07-29 21:29:06.021  1844  1844 I vendor.qti.hardware.servicetrackeraidl-service: total connections for service : com.google.android.gms/.backup.BackupTransportServiceare :1
07-29 21:29:06.021  1844  1844 I vendor.qti.hardware.servicetrackeraidl-service: total connections for client : systemare :32
07-29 21:29:06.026  1827  2399 I SDM     : HWCDisplay::SetActiveConfigWithConstraints: display:66-0, config: 1, WxH 1200x2670, fps 120
07-29 21:29:06.026  1827  2399 W SDM     : HWDeviceDRM::GetSupportedBitClkRate: Requested rate not supported: 1150000000
07-29 21:29:06.026  1827  2399 I SDM     : HWDeviceDRM::UpdateMixerAttributes: Mixer WxH 1200x2670-1 for Peripheral
07-29 21:29:06.026  1827  2399 I SDM     : HWCDisplay::SubmitDisplayConfig: Active configuration changed from config 3 to 1
07-29 21:29:06.026  1827  2399 I SDM     : HWCDisplay::SubmitDisplayConfig: Active WxH 1200x2670 ,ddic_mode:idle, timing_fps: 120, sf_fps: 120
07-29 21:29:06.029 13666 17476 W surfboard: tcp pair replaced, source port 41750 dest port 80
07-29 21:29:06.039  2463  2463 I TransportConnection: BackupTransportService#1479: Notifying [BMS.restoreAtInstall] transport = BackupTransportClient
07-29 21:29:06.040 13666 17476 W surfboard: Request did not begin with TLS handshake.
07-29 21:29:06.042 31105 31117 W AndroidBackupEventsLogg: Flag disabled, logging without sampling [CONTEXT service_id=229 ]
07-29 21:29:06.042 31105 31117 I AndroidBackupEventsLogg: (REDACTED) Logging without sampling %s
07-29 21:29:06.043 31105 31117 W AndroidBackupEventsLogg: Flag disabled, logging without sampling [CONTEXT service_id=229 ]
07-29 21:29:06.043 31105 31117 I AndroidBackupEventsLogg: (REDACTED) Logging without sampling %s
07-29 21:29:06.045  1844  1844 I vendor.qti.hardware.servicetrackeraidl-service: unbindService is called for service : com.google.android.gms/.backup.BackupTransportService and for client system
07-29 21:29:06.045  1844  1844 I vendor.qti.hardware.servicetrackeraidl-service: size of service connections for service: com.google.android.gms/.backup.BackupTransportServiceafter removal is 0
07-29 21:29:06.045  1844  1844 I vendor.qti.hardware.servicetrackeraidl-service: size of client connections for client: systemafter removal is 31
07-29 21:29:06.045  1844  1844 I vendor.qti.hardware.servicetrackeraidl-service: destroyService is called for service : com.google.android.gms/.backup.BackupTransportService
07-29 21:29:06.049  2463  2775 I InstallationTiming: com.piyush.music|null|664|216|13|0|1|23|299
07-29 21:29:06.049  2463  2775 I AppsFilter: interaction: PackageSetting{c108c3d com.android.microdroid.empty_payload/10236} -> PackageSetting{7e3684e com.piyush.music/10388} BLOCKED
07-29 21:29:06.049  2463  2775 I AppsFilter: interaction: PackageSetting{39c4d83 io.appium.uiautomator2.server.test/10280} -> PackageSetting{7e3684e com.piyush.music/10388} BLOCKED
07-29 21:29:06.049  2463  2775 I AppsFilter: interaction: PackageSetting{93481e io.github.ylimit.droidbotapp/10387} -> PackageSetting{7e3684e com.piyush.music/10388} BLOCKED
07-29 21:29:06.049  2463  2775 I AppsFilter: interaction: PackageSetting{87eaf39 com.rongcard.eid/10151} -> PackageSetting{7e3684e com.piyush.music/10388} BLOCKED
07-29 21:29:06.049  2463  2775 I AppsFilter: interaction: PackageSetting{66a297e io.appium.settings/10274} -> PackageSetting{7e3684e com.piyush.music/10388} BLOCKED
07-29 21:29:06.049  2463  2463 W binder:2463_18: type=1400 audit(0.0:17951): avc:  denied  { getopt } for  scontext=u:r:system_server:s0 tcontext=u:r:shell:s0 tclass=unix_stream_socket permissive=0
07-29 21:29:06.049  2463  2463 W binder:2463_18: type=1400 audit(0.0:17952): avc:  denied  { getopt } for  scontext=u:r:system_server:s0 tcontext=u:r:shell:s0 tclass=unix_stream_socket permissive=0
07-29 21:29:06.049  2463  2463 W binder:2463_18: type=1400 audit(0.0:17953): avc:  denied  { getopt } for  scontext=u:r:system_server:s0 tcontext=u:r:shell:s0 tclass=unix_stream_socket permissive=0
07-29 21:29:06.056  2463  3733 E AtomicFile: Failed to rename /data/system/install_sessions.xml.new to /data/system/install_sessions.xml
07-29 21:29:06.059  2463  2528 I MiuiCompatModePackages: package com.piyush.music updated, removing config
07-29 21:29:06.060  2463  4463 E AppScanObserverService: Try to add a invalid package: com.piyush.music | 10388 | 0
07-29 21:29:06.060  2463  4448 I SdkSandboxManager: No SDKs used. Skipping SDK data reconcilation for CallingInfo{mUid=10388, mPackageName='com.piyush.music, mAppProcessToken='null'}
07-29 21:29:06.061  7368  7385 I PermissionControllerServiceImpl: Updating user sensitive for uid 10388
07-29 21:29:06.062  2463  2463 I NetworkDetectInjector: ACTION_PACKAGE_ADDED uid = 10388
07-29 21:29:06.063  2463  4205 I MiuiNetworkPolicy: ACTION_PACKAGE_ADDED uid = 10388
07-29 21:29:06.064  2463  2463 I MiuiNetworkPolicyTrafficLimit: ACTION_PACKAGE_ADDED uid = 10388
07-29 21:29:06.064  2463  2463 E SLM-SRV-SLAAppLib: initBroadcastReceivercom.piyush.music
07-29 21:29:06.064  2463  2463 I SLM-SRV-SLAAppLib: ACTION_PACKAGE_ADDED uid = 10388com.piyush.music
07-29 21:29:06.064  2463  2463 I SLM-SRV-SLSAppLib: setSLSGameUidList:null
07-29 21:29:06.064  2463  2463 I SLM-SRV-SLSAppLib: setSLSVoIPUid:0
07-29 21:29:06.064  2463  2463 I NetworkAccelerateSwitchService: setNetworkAccelerateSwitchUidList:null
07-29 21:29:06.064  2463  2463 I NetworkAccelerateSwitchService: setNetworkAccelerateSwitchVoIPUid:0
07-29 21:29:06.064  2463  2463 I SLM-SRV-SLAAppLib: mDoubleWifiUidList = 10090,10261,10324,10340,10325,10322,10339,10326,10286,10167,
07-29 21:29:06.064  2463  2463 I SLM-SRV-SLAAppLib: mDoubleDataUidList = 10090,10261,10325,10322,10329,10339,10326,10286,10167,
07-29 21:29:06.064  2463  4301 E AppOps  : attributionTag VCN not declared in manifest of android
07-29 21:29:06.064  2463  5141 I SLM-SRV-SLAAppLib: setUidWhiteListToSlad
07-29 21:29:06.064  2463  5141 I SLM-SRV-SLAAppLib: setSLAUidList:10322,10325,10326,10332,10339,10261,10340,10286,10167,10090,
07-29 21:29:06.065  2463  4301 E AppOps  : attributionTag VCN not declared in manifest of android
07-29 21:29:06.065  2463  4441 E system_server: No package ID 7f found for resource ID 0x7f0802c4.
07-29 21:29:06.065  2463  4441 E system_server: No package ID 7f found for resource ID 0x7f1201b8.
07-29 21:29:06.065  2463  4441 E system_server: No package ID 7f found for resource ID 0x7f1201b8.
07-29 21:29:06.065  2463  4441 E system_server: No package ID 7f found for resource ID 0x7f0802c6.
07-29 21:29:06.065  2463  4441 E system_server: No package ID 7f found for resource ID 0x7f1201ce.
07-29 21:29:06.065  2463  4441 E system_server: No package ID 7f found for resource ID 0x7f1201ce.
07-29 21:29:06.065  2463  4441 E system_server: No package ID 7f found for resource ID 0x7f0802c0.
07-29 21:29:06.065  2463  4441 E system_server: No package ID 7f found for resource ID 0x7f1200ce.
07-29 21:29:06.065  2463  4441 E system_server: No package ID 7f found for resource ID 0x7f1200ce.
07-29 21:29:06.065  2463  4441 E system_server: No package ID 7f found for resource ID 0x7f0802c2.
07-29 21:29:06.065  2463  4441 E system_server: No package ID 7f found for resource ID 0x7f12011d.
07-29 21:29:06.065  2463  4441 E system_server: No package ID 7f found for resource ID 0x7f12011d.
07-29 21:29:06.066  2463  5141 I SLM-SRV-SLSAppLib: setSLAAppWhiteList:10322,10325,10326,10332,10339,10261,10340,10286,10167,
07-29 21:29:06.071  4916  5777 E SmsApplication: com.android.mms lost android:read_cell_broadcasts:  (fixing)
