--------- beginning of system
07-29 21:29:04.065  2463  2463 W NotificationHistory: Attempted to add notif for locked/gone/disabled user 0
--------- beginning of main
07-29 21:29:04.069  4979  4979 E NotifCollection: No notification to remove with key 0|com.xiaomi.market|223842063|null|10167 reason=0:REASON_UNKNOWN
07-29 21:29:04.155  3117  3117 I adbd    : in ShellService: export ANDROID_LOG_TAGS="''"; exec logcat '-v' 'threadtime' '*:I'
07-29 21:29:04.162  9900 17136 I Market-DownloadLimitSpeedManager: stopLimitSpeed
07-29 21:29:04.163  9900 17136 I Market-LimitSpeedManager: stopLimitSpeedNow() =========== 
07-29 21:29:04.164  3117  3117 I adbd    : in ShellService: getevent -lt
07-29 21:29:04.169  3117  3117 I adbd    : in ShellService: ime enable io.github.ylimit.droidbotapp/.DroidBotIME
07-29 21:29:04.174  3117  3117 I adbd    : in ShellService: ps
07-29 21:29:04.202  9900 17136 I Market-RetrofitRequest: callEnd : https://updateinfo.market.xiaomi.com/apm/updateinfo/v2
07-29 21:29:04.203  9900 17136 W Market-Connection: Connection result is cut off as too long
07-29 21:29:04.209  9900 17136 I Market-LocalAppManager: getUpdateInfoFromServer : end  , responseCode : OK
07-29 21:29:04.209  9900 17136 I Market-LocalAppManager: checkUpdateFromServer : end
07-29 21:29:04.210  9900 17136 I Market-LocalAppManager: checkUpdateFromServer  data parser : end
07-29 21:29:04.210  9900 17136 I Market-HuanjiManager: condition not satisfied, ignore
07-29 21:29:04.211  9900 17136 I Market-DataParser: [InvalidPackageList] JSON : invalidSystemPackageList list is null
07-29 21:29:04.211  9900 17136 I Market-LocalAppManager: checkUpdateFromServer  filter package : end
07-29 21:29:04.211  9900 17136 I Market-LocalAppManager: checkUpdateFromServer  support64BitPackagesJsonArray : end
07-29 21:29:04.211  9900 17136 I Market-LocalAppManager: query update apps from server : finish, 64 / 424 to update
07-29 21:29:04.220  9900 17136 I Market-RetrofitRequest: callStart : https://updateinfo.market.xiaomi.com/apm/updateinfo/priority
07-29 21:29:04.221  9900 17136 I Market-RetrofitRequest: HeaderInterceptor : https://updateinfo.market.xiaomi.com/apm/updateinfo/priority
07-29 21:29:04.223  9900 17136 E Market-Client: isSupportChildMode, error: java.lang.NumberFormatException: For input string: ""
07-29 21:29:04.223  9900 17136 E Market-Client: isSupportChildMode, error: java.lang.NumberFormatException: For input string: ""
07-29 21:29:04.225  9900 17136 I Market-LimitSpeedManager: startLimitSpeedNow() ====== speed = 32768
07-29 21:29:04.228  9900 17136 I Market-DownloadLimitSpeedManager: startLimitSpeed success. Total count 1
07-29 21:29:04.228  9900 17136 I Market-RetrofitRequest: HeaderInterceptor : https://updateinfo.market.xiaomi.com/apm/updateinfo/priority
07-29 21:29:04.256  3117  3117 I adbd    : in ShellService: ime set io.github.ylimit.droidbotapp/.DroidBotIME
07-29 21:29:04.258  8082  8105 I d.process.media: This is sticky GC, maxfree is 16777216 minfree is 8388608
07-29 21:29:04.258  8082  8105 W d.process.media: Reducing the number of considered missed Gc histogram windows from 717 to 100
07-29 21:29:04.284 14622 14622 E BaseInputMethodService: onUnbindInput
07-29 21:29:04.284  4497  4497 I HandWritingStubImpl: refreshLastKeyboardType: 1
07-29 21:29:04.285  4497  4497 I HandWritingStubImpl: getCurrentKeyboardType: 1
07-29 21:29:04.285  2463  4069 I InputReader: Reconfiguring input devices, changes=KEYBOARD_LAYOUTS
07-29 21:29:04.290  2463  4108 W InputMethodManagerService: Clear show forced flag.
07-29 21:29:04.291  2463  4108 W SecurityInputMethodSwitcher: first check switch to security ime: false
07-29 21:29:04.291  2463  4108 W SecurityInputMethodSwitcher: double check switch to security ime: false
07-29 21:29:04.291  2463  4108 W SecurityInputMethodSwitcher: switch to other input method from security ime:false mayChangeToMiuiSecurityInputMethod: false current focus window: android.os.BinderProxy@e737978
07-29 21:29:04.292  1844  1844 I vendor.qti.hardware.servicetrackeraidl-service: unbindService is called for service : com.sohu.inputmethod.sogou.xiaomi/.SogouIME and for client system
07-29 21:29:04.292  1844  1844 I vendor.qti.hardware.servicetrackeraidl-service: size of service connections for service: com.sohu.inputmethod.sogou.xiaomi/.SogouIMEafter removal is 0
07-29 21:29:04.292  1844  1844 I vendor.qti.hardware.servicetrackeraidl-service: size of client connections for client: systemafter removal is 30
07-29 21:29:04.292  1844  1844 I vendor.qti.hardware.servicetrackeraidl-service: destroyService is called for service : com.sohu.inputmethod.sogou.xiaomi/.SogouIME
07-29 21:29:04.292  4497  4497 I HandWritingStubImpl: refreshLastKeyboardType: 1
07-29 21:29:04.292  4497  4497 I HandWritingStubImpl: getCurrentKeyboardType: 1
07-29 21:29:04.294  8013  8347 I k1      : input method change: 
07-29 21:29:04.295  2463  4205 I MiuiNetworkPolicy: updateUidState uid = 10183, uidState = 10
07-29 21:29:04.295  2463  4108 W InputManager-JNI: Input channel object '5d02d3d InputMethod (client)' was disposed without first being removed with the input manager!
07-29 21:29:04.299  1844  1844 I vendor.qti.hardware.servicetrackeraidl-service: bindService is called for service : io.github.ylimit.droidbotapp/.DroidBotIME and for client system
07-29 21:29:04.300  1844  1844 I vendor.qti.hardware.servicetrackeraidl-service: total connections for service : io.github.ylimit.droidbotapp/.DroidBotIMEare :1
07-29 21:29:04.300  1844  1844 I vendor.qti.hardware.servicetrackeraidl-service: total connections for client : systemare :31
07-29 21:29:04.300  2105  2105 E DisplayModeController: setDesiredMode : Idle status skip setActiveMode, isDdicIdleMode: 1
07-29 21:29:04.302  9339  9616 I IMECheckManager: getSelectedInputMethod, ime is io.github.ylimit.droidbotapp/.DroidBotIME
07-29 21:29:04.302  9339  9616 I IMECheckManager: InputMethodObserver, userId is 0, ime = io.github.ylimit.droidbotapp/.DroidBotIME
07-29 21:29:04.302  2463  4108 W InputMethodManagerService: Clear show forced flag.
07-29 21:29:04.302  2463  4108 W SecurityInputMethodSwitcher: first check switch to security ime: false
07-29 21:29:04.302  2463  4108 W SecurityInputMethodSwitcher: double check switch to security ime: false
07-29 21:29:04.302  2463  4108 W SecurityInputMethodSwitcher: switch to other input method from security ime:false mayChangeToMiuiSecurityInputMethod: false current focus window: android.os.BinderProxy@e737978
07-29 21:29:04.303  9339  9616 I IMECheckManager: getSelectedInputMethod, ime is io.github.ylimit.droidbotapp/.DroidBotIME
07-29 21:29:04.303  9339  9616 I IMECheckManager: updateCurrentIME, userId is 0, ime is io.github.ylimit.droidbotapp/.DroidBotIME, pkg is io.github.ylimit.droidbotapp, uid is 10387
07-29 21:29:04.303  9339  9616 I ActiveStateController: Ime outdated, uid is 10183
07-29 21:29:04.305  9339  9616 I ActiveStateController: Ime update, uid is 10387
07-29 21:29:04.306  9339  9638 I PowerKeeperConfigureManager: userId is 0, Ime outdated, uid is 10183
07-29 21:29:04.307  1827  2399 I SDM     : HWCDisplay::SetActiveConfigWithConstraints: display:66-0, config: 3, WxH 1200x2670, fps 120
07-29 21:29:04.307 14622 14622 E BaseInputMethodService: onDestroy
07-29 21:29:04.308  1827  2399 W SDM     : HWDeviceDRM::GetSupportedBitClkRate: Requested rate not supported: 1150000000
07-29 21:29:04.308  1827  2399 I SDM     : HWDeviceDRM::UpdateMixerAttributes: Mixer WxH 1200x2670-1 for Peripheral
07-29 21:29:04.308  2463 15445 I ClipboardServiceI: checkProviderWakePathForClipboard: primaryClip is null
07-29 21:29:04.308  9339  9638 I PowerKeeperConfigureManager: userId is 0, Ime update, uid is 10387
07-29 21:29:04.308  1827  2399 I SDM     : HWCDisplay::SubmitDisplayConfig: Active configuration changed from config 1 to 3
07-29 21:29:04.308  1827  2399 I SDM     : HWCDisplay::SubmitDisplayConfig: Active WxH 1200x2670 ,ddic_mode:auto, timing_fps: 120, sf_fps: 120
07-29 21:29:04.309  1827  2752 I vendor.qti.hardware.display.composer-service: Sensor: notify citsensorservice to trigger cwb, misForced = 0
07-29 21:29:04.309  4505 14373 I htmlviewercloudcontrol: isStagingEnv:false param =  InputMethod  uriMatch = 2, cluster: cn, version: 553104, traceId: aa4a7f1732c179f033e45bb6df6285c3, regId: +4z3RS85+e2U9l+sd6caQ/srGmJCsEbKpG1twyPn1K0CrNNyxYT/yAgGVxm5X+yC
07-29 21:29:04.309 14622 14622 W WindowOnBackDispatcher: sendCancelIfRunning: isInProgress=false callback=android.view.ViewRootImpl$$ExternalSyntheticLambda12@6e359a1
07-29 21:29:04.310  2463  5526 W WindowManager: Failed looking up window session=Session{417d331 14622:u0a10183} callers=com.android.server.wm.WindowManagerService.windowForClientLocked:7019 com.android.server.wm.Session.setOnBackInvokedCallbackInfo:1092 android.view.IWindowSession$Stub.onTransact:1281 
07-29 21:29:04.310  2463  5526 I WindowManager: setOnBackInvokedCallback(): No window state for package:com.sohu.inputmethod.sogou.xiaomi
07-29 21:29:04.310  3002  4297 I libsensor-parseRGB: request dump start for mRequestDisplayId 0
07-29 21:29:04.310  2463  5526 W WindowManager: Cannot find window which accessibility connection is added to
07-29 21:29:04.312  2463  5526 W WindowManager: Failed looking up window session=Session{417d331 14622:u0a10183} callers=com.android.server.wm.WindowManagerService.removeClientToken:2442 com.android.server.wm.Session.remove:290 android.view.IWindowSession$Stub.onTransact:741 
07-29 21:29:04.313 14622 14622 I IMEBottomManager: disableQuickMoveCursor
07-29 21:29:04.315  2463  4435 I ClipboardServiceI: checkProviderWakePathForClipboard: primaryClip is null
07-29 21:29:04.316  2463  4435 I SmartPower: com.miui.phrase/10162(27285): idle->background(56278ms) R(content provider start ContentProviderRecord{e3754c6 u0 com.miui.phrase/com.miui.provider.InputProvider}) adj=0.
07-29 21:29:04.316  2463  4205 I MiuiNetworkPolicy: updateUidState uid = 10162, uidState = 10
07-29 21:29:04.321  9900 17136 I Market-DownloadLimitSpeedManager: stopLimitSpeed
07-29 21:29:04.321  9900 17136 I Market-LimitSpeedManager: stopLimitSpeedNow() =========== 
07-29 21:29:04.322  2463  5531 E InputMethodManagerService: Ignoring com.android.server.inputmethod.InputMethodManagerService.updateStatusIcon:2768 due to an invalid token. uid:10183 token:android.os.Binder@a3f6336
07-29 21:29:04.324 14622 14622 W WindowTokenClientController: Can't find attached WindowTokenClient for android.window.WindowTokenClient@8ba07cb
07-29 21:29:04.326  2463  4205 I MiuiNetworkPolicy: updateUidState uid = 10183, uidState = 16
07-29 21:29:04.327  2463  4205 I MiuiNetworkPolicy: updateUidState uid = 10162, uidState = 19
07-29 21:29:04.329  9900 17136 I Market-RetrofitRequest: callEnd : https://updateinfo.market.xiaomi.com/apm/updateinfo/priority
07-29 21:29:04.334  9900 17136 I Market-SystemSettingsManager: extraSettingsSecureGetInt key: com.xiaomi.market.need_update_game_count, value: 0
07-29 21:29:04.334  9900 17136 I Market-UpdateAppList: update app list do not change, don't notify: pkg (61) = com.ss.android.ugc.aweme,com.milink.service,com.miui.hybrid,com.baidu.BaiduMap,com.netease.newsreader.activity,com.baidu.searchbox.lite,com.android.fileexplorer,com.xiaomi.aiasst.vision,com.microsoft.office.outlook,com.miui.newhome,com.autonavi.minimap,com.miui.calculator,com.miui.mishare.connectivity,com.android.contacts,com.unionpay.tsmservice.mi,com.miui.voiceassist,com.miui.thirdappassistant,com.xiaomi.scanner,com.miui.securitycenter,com.duokan.reader,com.baidu.searchbox,com.wuba.zhuanzhuan,com.xingin.xhs,com.miui.touchassistant,tv.danmaku.bili,com.dragon.read,com.miui.gallery,com.miui.cloudservice,com.UCMobile,com.mfashiongallery.emag,com.miui.carlink,com.miui.notes,com.xiaomi.payment,com.miui.home,com.miui.tsmclient,com.xiaomi.gamecenter,com.smile.gifmaker,com.android.browser,com.suxing.sustream,com.xiaomi.mis,com.miui.virtualsim,com.android.quicksearchbox,com.sina.news,com.miui.video,com.miui.weather2,com.ss.android.article.news,com.quark.browser,com.xiaomi.mi_connect_service,com.miui.personalassistant,com.android.mms,com.xiaomi.gamecenter.sdk.service,com.kuaishou.nebula,com.android.thememanager,com.miui.bugreport,com.xiaomi.digitalkey,com.android.calendar,com.xiaomi.aicr,com.xiaomi.xmsf,com.xiaomi.mirror,com.miui.yellowpage,com.android.soundrecorder
07-29 21:29:04.335  9900 12565 I Market-SubScriptManager: updateMarketSubScript forceShow : false
07-29 21:29:04.335  9900 12565 I Market-SubScriptManager: get count 61
07-29 21:29:04.335  9900 12565 I Market-SubScriptManager: get count 61
07-29 21:29:04.335  3117  3117 I adbd    : in ShellService: getprop ro.build.version.release
07-29 21:29:04.337  9900 17136 I Market-LocalAppManager: queryDiffSizeFromServer start
07-29 21:29:04.337  3002  3081 E libsensor-parseRGB: CWB NotifyCWBBufferDone  error 0
07-29 21:29:04.338  9900 17136 I Market-RetrofitRequest: callStart : https://updateinfo.market.xiaomi.com/apm/updateinfo/diffsize
07-29 21:29:04.339  9900 17136 I Market-RetrofitRequest: HeaderInterceptor : https://updateinfo.market.xiaomi.com/apm/updateinfo/diffsize
07-29 21:29:04.340  9900 17136 E Market-Client: isSupportChildMode, error: java.lang.NumberFormatException: For input string: ""
07-29 21:29:04.340  9900 17136 E Market-Client: isSupportChildMode, error: java.lang.NumberFormatException: For input string: ""
07-29 21:29:04.342  9900 17136 I Market-LimitSpeedManager: startLimitSpeedNow() ====== speed = 32768
07-29 21:29:04.344 19799 20209 W ziparchive: Unable to open '/system/framework/QXPerformance.dm': No such file or directory
07-29 21:29:04.345 19799 20209 W ziparchive: Unable to open '/system/framework/QXPerformance.dm': No such file or directory
07-29 21:29:04.346  9900 17136 I Market-DownloadLimitSpeedManager: startLimitSpeed success. Total count 1
07-29 21:29:04.346  9900 17136 I Market-RetrofitRequest: HeaderInterceptor : https://updateinfo.market.xiaomi.com/apm/updateinfo/diffsize
07-29 21:29:04.347  2463  5526 I AppsFilter: interaction: PackageSetting{93481e io.github.ylimit.droidbotapp/10387} -> PackageSetting{522146c com.miui.screenrecorder/10273} BLOCKED
07-29 21:29:04.347  2463  5526 I AppsFilter: interaction: PackageSetting{93481e io.github.ylimit.droidbotapp/10387} -> PackageSetting{943ca35 com.android.cts.priv.ctsshim/10252} BLOCKED
07-29 21:29:04.347  2463  5526 I AppsFilter: interaction: PackageSetting{93481e io.github.ylimit.droidbotapp/10387} -> PackageSetting{3776eca com.quark.browser/10328} BLOCKED
07-29 21:29:04.347  2463  5526 I AppsFilter: interaction: PackageSetting{93481e io.github.ylimit.droidbotapp/10387} -> PackageSetting{7d7e83b com.android.uwb.resources/10242} BLOCKED
07-29 21:29:04.347  2463  5526 I AppsFilter: interaction: PackageSetting{93481e io.github.ylimit.droidbotapp/10387} -> PackageSetting{9adfe9 com.android.internal.display.cutout.emulation.corner/10008} BLOCKED
07-29 21:29:04.347  2463  5526 I AppsFilter: interaction: PackageSetting{93481e io.github.ylimit.droidbotapp/10387} -> PackageSetting{960846e com.android.internal.display.cutout.emulation.double/10013} BLOCKED
07-29 21:29:04.347  2463  5526 I AppsFilter: interaction: PackageSetting{93481e io.github.ylimit.droidbotapp/10387} -> PackageSetting{66a297e io.appium.settings/10274} BLOCKED
07-29 21:29:04.347  2463  5526 I AppsFilter: interaction: PackageSetting{93481e io.github.ylimit.droidbotapp/10387} -> PackageSetting{8520b58 com.unionpay.tsmservice.mi/10185} BLOCKED
07-29 21:29:04.347  2463  5526 I AppsFilter: interaction: PackageSetting{93481e io.github.ylimit.droidbotapp/10387} -> PackageSetting{873d4b1 com.android.healthconnect.controller/10245} BLOCKED
07-29 21:29:04.347  2463  5526 I AppsFilter: interaction: PackageSetting{93481e io.github.ylimit.droidbotapp/10387} -> PackageSetting{605ad96 com.wuba.zhuanzhuan/10260} BLOCKED
07-29 21:29:04.347  2463  5526 I AppsFilter: interaction: PackageSetting{93481e io.github.ylimit.droidbotapp/10387} -> PackageSetting{352cd17 com.alibaba.aliexpresshd/10303} BLOCKED
07-29 21:29:04.347  2463  5526 I AppsFilter: interaction: PackageSetting{93481e io.github.ylimit.droidbotapp/10387} -> PackageSetting{b888504 com.google.android.onetimeinitializer/10123} BLOCKED
07-29 21:29:04.347  2463  5526 I AppsFilter: interaction: PackageSetting{93481e io.github.ylimit.droidbotapp/10387} -> PackageSetting{6c00aed com.android.health.connect.backuprestore/10246} BLOCKED
07-29 21:29:04.347  2463  5526 I AppsFilter: interaction: PackageSetting{93481e io.github.ylimit.droidbotapp/10387} -> PackageSetting{3670d22 com.google.android.ext.shared/10150} BLOCKED
07-29 21:29:04.347  2463  5526 I AppsFilter: interaction: PackageSetting{93481e io.github.ylimit.droidbotapp/10387} -> PackageSetting{32d23b3 com.android.virtualmachine.res/10237} BLOCKED
07-29 21:29:04.347  2463  5526 I AppsFilter: interaction: PackageSetting{93481e io.github.ylimit.droidbotapp/10387} -> PackageSetting{66fd907 com.android.providers.telephony.auto_generated_characteristics_rro/10072} BLOCKED
07-29 21:29:04.347  2463  5526 I AppsFilter: interaction: PackageSetting{93481e io.github.ylimit.droidbotapp/10387} -> PackageSetting{a8aed70 com.xiaomi.gamecenter.sdk.service/10140} BLOCKED
07-29 21:29:04.347  2463  5526 I AppsFilter: interaction: PackageSetting{93481e io.github.ylimit.droidbotapp/10387} -> PackageSetting{61f68e9 com.android.htmlviewer/10092} BLOCKED
07-29 21:29:04.347  2463  5526 I AppsFilter: interaction: PackageSetting{93481e io.github.ylimit.droidbotapp/10387} -> PackageSetting{a8cd96e com.miui.gallery/10271} BLOCKED
07-29 21:29:04.347  2463  5526 I AppsFilter: interaction: PackageSetting{93481e io.github.ylimit.droidbotapp/10387} -> PackageSetting{14c480f com.quicinc.voice.activation/10214} BLOCKED
07-29 21:29:04.347  2463  5526 I AppsFilter: interaction: PackageSetting{93481e io.github.ylimit.droidbotapp/10387} -> PackageSetting{609709c com.google.android.configupdater/10122} BLOCKED
07-29 21:29:04.347  2463  5526 I AppsFilter: interaction: PackageSetting{93481e io.github.ylimit.droidbotapp/10387} -> PackageSetting{6fcaaa5 com.android.soundrecorder/10276} BLOCKED
07-29 21:29:04.347  2463  5526 I AppsFilter: interaction: PackageSetting{93481e io.github.ylimit.droidbotapp/10387} -> PackageSetting{6311e7a com.suxing.sustream/10338} BLOCKED
07-29 21:29:04.347  2463  5526 I AppsFilter: interaction: PackageSetting{93481e io.github.ylimit.droidbotapp/10387} -> PackageSetting{68f562b io.appium.uiautomator2.server/10283} BLOCKED
07-29 21:29:04.347  2463  5526 I AppsFilter: interaction: PackageSetting{93481e io.github.ylimit.droidbotapp/10387} -> PackageSetting{78afa88 com.android.safetycenter.resources/10240} BLOCKED
07-29 21:29:04.347  2463  5526 I AppsFilter: interaction: PackageSetting{93481e io.github.ylimit.droidbotapp/10387} -> PackageSetting{bb24c21 org.secuso.privacyfriendlytodolist/10270} BLOCKED
07-29 21:29:04.347  2463  5526 I AppsFilter: interaction: PackageSetting{93481e io.github.ylimit.droidbotapp/10387} -> PackageSetting{a2a846 com.android.providers.downloads.ui/10261} BLOCKED
07-29 21:29:04.347  2463  5526 I AppsFilter: interaction: PackageSetting{93481e io.github.ylimit.droidbotapp/10387} -> PackageSetting{8193734 com.android.simappdialog/10113} BLOCKED
07-29 21:29:04.347  2463  5526 I AppsFilter: interaction: PackageSetting{93481e io.github.ylimit.droidbotapp/10387} -> PackageSetting{7c6895d com.xingin.xhs/10286} BLOCKED
07-29 21:29:04.347  2463  5526 I AppsFilter: interaction: PackageSetting{93481e io.github.ylimit.droidbotapp/10387} -> PackageSetting{85102d2 com.android.connectivity.resources/10244} BLOCKED
07-29 21:29:04.347  2463  5526 I AppsFilter: interaction: PackageSetting{93481e io.github.ylimit.droidbotapp/10387} -> PackageSetting{9c65fa3 com.cnn.mobile.android.phone/10316} BLOCKED
07-29 21:29:04.347  2463  5526 I AppsFilter: interaction: PackageSetting{93481e io.github.ylimit.droidbotapp/10387} -> PackageSetting{3db11f7 com.android.internal.display.cutout.emulation.hole/10010} BLOCKED
07-29 21:29:04.347  2463  5526 I AppsFilter: interaction: PackageSetting{93481e io.github.ylimit.droidbotapp/10387} -> PackageSetting{fca1864 com.android.internal.display.cutout.emulation.tall/10011} BLOCKED
07-29 21:29:04.347  2463  5526 I AppsFilter: interaction: PackageSetting{93481e io.github.ylimit.droidbotapp/10387} -> PackageSetting{5ac92a0 com.android.modulemetadata/10174} BLOCKED
07-29 21:29:04.347  2463  5526 I AppsFilter: interaction: PackageSetting{93481e io.github.ylimit.droidbotapp/10387} -> PackageSetting{7b43f82 com.android.internal.systemui.navbar.threebutton/10051} BLOCKED
07-29 21:29:04.347  2463  5526 I AppsFilter: interaction: PackageSetting{93481e io.github.ylimit.droidbotapp/10387} -> PackageSetting{6e75e59 com.android.wifi.dialog/10211} BLOCKED
07-29 21:29:04.347  2463  5526 I AppsFilter: interaction: PackageSetting{93481e io.github.ylimit.droidbotapp/10387} -> PackageSetting{1187a1e com.tencent.android.qqdownloader/10324} BLOCKED
07-29 21:29:04.347  2463  5526 I AppsFilter: interaction: PackageSetting{93481e io.github.ylimit.droidbotapp/10387} -> PackageSetting{dd552ff com.android.contacts/10132} BLOCKED
07-29 21:29:04.347  2463  5526 I AppsFilter: interaction: PackageSetting{93481e io.github.ylimit.droidbotapp/10387} -> PackageSetting{35838cc cn.amazon.mShop.android/10301} BLOCKED
07-29 21:29:04.347  2463  5526 I AppsFilter: interaction: PackageSetting{93481e io.github.ylimit.droidbotapp/10387} -> PackageSetting{7a68715 com.miui.securitymanager/10272} BLOCKED
07-29 21:29:04.347  2463  5526 I AppsFilter: interaction: PackageSetting{93481e io.github.ylimit.droidbotapp/10387} -> PackageSetting{e4e1a2a com.baidu.searchbox/10340} BLOCKED
07-29 21:29:04.347  2463  5526 I AppsFilter: interaction: PackageSetting{93481e io.github.ylimit.droidbotapp/10387} -> PackageSetting{9b6201b com.android.mms/10141} BLOCKED
07-29 21:29:04.347  2463  5526 I AppsFilter: interaction: PackageSetting{93481e io.github.ylimit.droidbotapp/10387} -> PackageSetting{3615b8 com.jijia.bqwnl/10327} BLOCKED
07-29 21:29:04.347  2463  5526 I AppsFilter: interaction: PackageSetting{93481e io.github.ylimit.droidbotapp/10387} -> PackageSetting{5f57f91 com.yahoo.mobile.client.android.mail/10341} BLOCKED
07-29 21:29:04.347  2463  5526 I AppsFilter: interaction: PackageSetting{93481e io.github.ylimit.droidbotapp/10387} -> PackageSetting{18baef6 com.mfashiongallery.emag/10262} BLOCKED
07-29 21:29:04.347  2463  5526 I AppsFilter: interaction: PackageSetting{93481e io.github.ylimit.droidbotapp/10387} -> PackageSetting{ca2f7 com.instagram.android/10289} BLOCKED
07-29 21:29:04.347  2463  5526 I AppsFilter: interaction: PackageSetting{93481e io.github.ylimit.droidbotapp/10387} -> PackageSetting{112d564 com.google.android.gm/10290} BLOCKED
07-29 21:29:04.347  2463  5526 I AppsFilter: interaction: PackageSetting{93481e io.github.ylimit.droidbotapp/10387} -> PackageSetting{16183cd com.android.compos.payload/10243} BLOCKED
07-29 21:29:04.347  2463  5526 I AppsFilter: interaction: PackageSetting{93481e io.github.ylimit.droidbotapp/10387} -> PackageSetting{a3bc482 com.microsoft.emmx/10311} BLOCKED
07-29 21:29:04.347  2463  5526 I AppsFilter: interaction: PackageSetting{93481e io.github.ylimit.droidbotapp/10387} -> PackageSetting{fde7793 com.android.settings.intelligence/10142} BLOCKED
07-29 21:29:04.347  2463  5526 I AppsFilter: interaction: PackageSetting{93481e io.github.ylimit.droidbotapp/10387} -> PackageSetting{8d9e3d0 com.android.calendar/10265} BLOCKED
07-29 21:29:04.347  2463  5526 I AppsFilter: interaction: PackageSetting{93481e io.github.ylimit.droidbotapp/10387} -> PackageSetting{b0f8fc9 com.miui.virtualsim/10277} BLOCKED
07-29 21:29:04.347  2463  5526 I AppsFilter: interaction: PackageSetting{93481e io.github.ylimit.droidbotapp/10387} -> PackageSetting{1e5a6ce com.microsoft.office.outlook/10323} BLOCKED
07-29 21:29:04.347  2463  5526 I AppsFilter: interaction: PackageSetting{93481e io.github.ylimit.droidbotapp/10387} -> PackageSetting{8eef9ef com.miui.compass/10267} BLOCKED
07-29 21:29:04.347  2463  5526 I AppsFilter: interaction: PackageSetting{93481e io.github.ylimit.droidbotapp/10387} -> PackageSetting{bc16cfc com.android.printspooler/10224} BLOCKED
07-29 21:29:04.347  2463  5526 I AppsFilter: interaction: PackageSetting{93481e io.github.ylimit.droidbotapp/10387} -> PackageSetting{7785f85 com.android.dreams.basic/10103} BLOCKED
07-29 21:29:04.347  2463  5526 I AppsFilter: interaction: PackageSetting{93481e io.github.ylimit.droidbotapp/10387} -> PackageSetting{13961da com.android.incallui/10126} BLOCKED
07-29 21:29:04.347  2463  5526 I AppsFilter: interaction: PackageSetting{93481e io.github.ylimit.droidbotapp/10387} -> PackageSetting{9db460b com.musicworx/10320} BLOCKED
07-29 21:29:04.347  2463  5526 I AppsFilter: interaction: PackageSetting{93481e io.github.ylimit.droidbotapp/10387} -> PackageSetting{9365ce8 com.android.rkpdapp/10254} BLOCKED
07-29 21:29:04.347  2463  5526 I AppsFilter: interaction: PackageSetting{93481e io.github.ylimit.droidbotapp/10387} -> PackageSetting{46ec6fb com.newcall.overlay.miui/10041} BLOCKED
07-29 21:29:04.347  2463  5526 I AppsFilter: interaction: PackageSetting{93481e io.github.ylimit.droidbotapp/10387} -> PackageSetting{fe46f01 todolist.scheduleplanner.dailyplanner.todo.reminders/10299} BLOCKED
07-29 21:29:04.347  2463  5526 I AppsFilter: interaction: PackageSetting{93481e io.github.ylimit.droidbotapp/10387} -> PackageSetting{9d4b171 android.auto_generated_characteristics_rro/10068} BLOCKED
07-29 21:29:04.347  2463  5526 I AppsFilter: interaction: PackageSetting{93481e io.github.ylimit.droidbotapp/10387} -> PackageSetting{9dbc1a6 com.android.musicfx/10094} BLOCKED
07-29 21:29:04.347  2463  5526 I AppsFilter: interaction: PackageSetting{93481e io.github.ylimit.droidbotapp/10387} -> PackageSetting{3f637e7 com.todoist/10298} BLOCKED
07-29 21:29:04.347  2463  5526 I AppsFilter: interaction: PackageSetting{93481e io.github.ylimit.droidbotapp/10387} -> PackageSetting{8885f94 com.google.android.webview/10188} BLOCKED
07-29 21:29:04.347  2463  5526 I AppsFilter: interaction: PackageSetting{93481e io.github.ylimit.droidbotapp/10387} -> PackageSetting{fa7fa3d com.zhuantech.sijiweather/10337} BLOCKED
07-29 21:29:04.347  2463  5526 I AppsFilter: interaction: PackageSetting{93481e io.github.ylimit.droidbotapp/10387} -> PackageSetting{f25232 com.ss.android.article.news/10325} BLOCKED
07-29 21:29:04.347  2463  5526 I AppsFilter: interaction: PackageSetting{93481e io.github.ylimit.droidbotapp/10387} -> PackageSetting{a691a73 com.android.phone.auto_generated_characteristics_rro/10060} BLOCKED
07-29 21:29:04.347  2463  5526 I AppsFilter: interaction: PackageSetting{93481e io.github.ylimit.droidbotapp/10387} -> PackageSetting{e46b83 com.android.chrome/10282} BLOCKED
07-29 21:29:04.347  2463  5526 I AppsFilter: interaction: PackageSetting{93481e io.github.ylimit.droidbotapp/10387} -> PackageSetting{455e100 com.UCMobile/10332} BLOCKED
07-29 21:29:04.347  2463  5526 I AppsFilter: interaction: PackageSetting{93481e io.github.ylimit.droidbotapp/10387} -> PackageSetting{91efd39 com.ss.android.ugc.aweme/10322} BLOCKED
07-29 21:29:04.347  2463  5526 I AppsFilter: interaction: PackageSetting{93481e io.github.ylimit.droidbotapp/10387} -> PackageSetting{66f5f7e com.android.wifi.resources/10258} BLOCKED
07-29 21:29:04.347  2463  5526 I AppsFilter: interaction: PackageSetting{93481e io.github.ylimit.droidbotapp/10387} -> PackageSetting{5f83cdf com.skysoft.kkbox.android/10285} BLOCKED
07-29 21:29:04.347  2463  5526 I AppsFilter: interaction: PackageSetting{93481e io.github.ylimit.droidbotapp/10387} -> PackageSetting{b80d2c com.getsurfboard/10279} BLOCKED
07-29 21:29:04.347  2463  5526 I AppsFilter: interaction: PackageSetting{93481e io.github.ylimit.droidbotapp/10387} -> PackageSetting{e6933f5 com.netease.newsreader.activity/10313} BLOCKED
07-29 21:29:04.347  2463  5526 I AppsFilter: interaction: PackageSetting{93481e io.github.ylimit.droidbotapp/10387} -> PackageSetting{4fb64eb com.android.theme.font.notoserifsource/10017} BLOCKED
07-29 21:29:04.347  2463  5526 I AppsFilter: interaction: PackageSetting{93481e io.github.ylimit.droidbotapp/10387} -> PackageSetting{51df58a com.kuaishou.nebula/10329} BLOCKED
07-29 21:29:04.347  2463  5526 I AppsFilter: interaction: PackageSetting{93481e io.github.ylimit.droidbotapp/10387} -> PackageSetting{c63d8e1 com.android.internal.display.cutout.emulation.waterfall/10012} BLOCKED
07-29 21:29:04.347  2463  5526 I AppsFilter: interaction: PackageSetting{93481e io.github.ylimit.droidbotapp/10387} -> PackageSetting{19e1606 com.android.internal.systemui.navbar.transparent/10063} BLOCKED
07-29 21:29:04.347  2463  5526 I AppsFilter: interaction: PackageSetting{93481e io.github.ylimit.droidbotapp/10387} -> PackageSetting{14dc7fb com.miui.newhome/10296} BLOCKED
07-29 21:29:04.347  2463  5526 I AppsFilter: interaction: PackageSetting{93481e io.github.ylimit.droidbotapp/10387} -> PackageSetting{82ed018 com.miui.video/10294} BLOCKED
07-29 21:29:04.347  2463  5526 I AppsFilter: interaction: PackageSetting{93481e io.github.ylimit.droidbotapp/10387} -> PackageSetting{9e61a71 com.google.android.printservice.recommendation/10153} BLOCKED
07-29 21:29:04.347  2463  5526 I AppsFilter: interaction: PackageSetting{93481e io.github.ylimit.droidbotapp/10387} -> PackageSetting{76de056 com.baidu.searchbox.lite/10334} BLOCKED
07-29 21:29:04.347  2463  5526 I AppsFilter: interaction: PackageSetting{93481e io.github.ylimit.droidbotapp/10387} -> PackageSetting{ca6e8d7 com.spotify.music/10317} BLOCKED
07-29 21:29:04.347  2463  5526 I AppsFilter: interaction: PackageSetting{93481e io.github.ylimit.droidbotapp/10387} -> PackageSetting{b4cd5c4 com.google.android.documentsui/10100} BLOCKED
07-29 21:29:04.347  2463  5526 I AppsFilter: interaction: PackageSetting{93481e io.github.ylimit.droidbotapp/10387} -> PackageSetting{270ecad com.google.android.accessibility.switchaccess/10184} BLOCKED
07-29 21:29:04.347  2463  5526 I AppsFilter: interaction: PackageSetting{93481e io.github.ylimit.droidbotapp/10387} -> PackageSetting{cffabe2 com.sohu.inputmethod.sogou.xiaomi/10183} BLOCKED
07-29 21:29:04.347  2463  5526 I AppsFilter: interaction: PackageSetting{93481e io.github.ylimit.droidbotapp/10387} -> PackageSetting{2073b73 cn.ninegame.gamemanager/10330} BLOCKED
07-29 21:29:04.348  2463  5526 I AppsFilter: interaction: PackageSetting{93481e io.github.ylimit.droidbotapp/10387} -> PackageSetting{39c4d83 io.appium.uiautomator2.server.test/10280} BLOCKED
07-29 21:29:04.348  2463  5526 I AppsFilter: interaction: PackageSetting{93481e io.github.ylimit.droidbotapp/10387} -> PackageSetting{f238a30 com.baidu.BaiduMap/10331} BLOCKED
07-29 21:29:04.348  2463  5526 I AppsFilter: interaction: PackageSetting{93481e io.github.ylimit.droidbotapp/10387} -> PackageSetting{75ca6a9 com.android.providers.partnerbookmarks/10109} BLOCKED
07-29 21:29:04.348  2463  5526 I AppsFilter: interaction: PackageSetting{93481e io.github.ylimit.droidbotapp/10387} -> PackageSetting{cf0a42e com.android.smspush/10230} BLOCKED
07-29 21:29:04.348  2463  5526 I AppsFilter: interaction: PackageSetting{93481e io.github.ylimit.droidbotapp/10387} -> PackageSetting{e101bcf com.miui.calculator/10263} BLOCKED
07-29 21:29:04.348  2463  5526 I AppsFilter: interaction: PackageSetting{93481e io.github.ylimit.droidbotapp/10387} -> PackageSetting{66f195c de.baumann.browser/10308} BLOCKED
07-29 21:29:04.348  2463  5526 I AppsFilter: interaction: PackageSetting{93481e io.github.ylimit.droidbotapp/10387} -> PackageSetting{300465 com.android.wallpaper.livepicker/10091} BLOCKED
07-29 21:29:04.348  2463  5526 I AppsFilter: interaction: PackageSetting{93481e io.github.ylimit.droidbotapp/10387} -> PackageSetting{e6d53a com.android.cellbroadcastreceiver.module/10255} BLOCKED
07-29 21:29:04.348  2463  5526 I AppsFilter: interaction: PackageSetting{93481e io.github.ylimit.droidbotapp/10387} -> PackageSetting{c1ca5eb com.android.apps.tag/10098} BLOCKED
07-29 21:29:04.348  2463  5526 I AppsFilter: interaction: PackageSetting{93481e io.github.ylimit.droidbotapp/10387} -> PackageSetting{1826f48 com.android.imsserviceentitlement/10125} BLOCKED
07-29 21:29:04.348  2463  5526 I AppsFilter: interaction: PackageSetting{93481e io.github.ylimit.droidbotapp/10387} -> PackageSetting{c2181e1 com.xiaomi.gamecenter/10288} BLOCKED
07-29 21:29:04.348  2463  5526 I AppsFilter: interaction: PackageSetting{93481e io.github.ylimit.droidbotapp/10387} -> PackageSetting{4dd0b06 com.android.appsearch.apk/10257} BLOCKED
07-29 21:29:04.348  2463  5526 I AppsFilter: interaction: PackageSetting{93481e io.github.ylimit.droidbotapp/10387} -> PackageSetting{81db5c7 com.dragon.read/10335} BLOCKED
07-29 21:29:04.348  2463  5526 I AppsFilter: interaction: PackageSetting{93481e io.github.ylimit.droidbotapp/10387} -> PackageSetting{18f70da com.anydo/10292} BLOCKED
07-29 21:29:04.348  2463  5526 I AppsFilter: interaction: PackageSetting{93481e io.github.ylimit.droidbotapp/10387} -> PackageSetting{f337f4 com.miui.cleanmaster/10266} BLOCKED
07-29 21:29:04.348  2463  5526 I AppsFilter: interaction: PackageSetting{93481e io.github.ylimit.droidbotapp/10387} -> PackageSetting{d535b1d com.miui.weather2/10278} BLOCKED
07-29 21:29:04.348  2463  5526 I AppsFilter: interaction: PackageSetting{93481e io.github.ylimit.droidbotapp/10387} -> PackageSetting{7aed192 com.autonavi.minimap/10333} BLOCKED
07-29 21:29:04.348  2463  5526 I AppsFilter: interaction: PackageSetting{93481e io.github.ylimit.droidbotapp/10387} -> PackageSetting{235e763 com.xiaomi.scanner/10281} BLOCKED
07-29 21:29:04.348  2463  5526 I AppsFilter: interaction: PackageSetting{93481e io.github.ylimit.droidbotapp/10387} -> PackageSetting{705df60 com.google.android.apps.tasks/10300} BLOCKED
07-29 21:29:04.348  2463  5526 I AppsFilter: interaction: PackageSetting{93481e io.github.ylimit.droidbotapp/10387} -> PackageSetting{bcf8c19 com.duokan.reader/10287} BLOCKED
07-29 21:29:04.348  2463  5526 I AppsFilter: interaction: PackageSetting{93481e io.github.ylimit.droidbotapp/10387} -> PackageSetting{1c2acc6 com.android.cts.ctsshim/10253} BLOCKED
07-29 21:29:04.348  2463  5526 I AppsFilter: interaction: PackageSetting{93481e io.github.ylimit.droidbotapp/10387} -> PackageSetting{86474de douzifly.list/10182} BLOCKED
07-29 21:29:04.348  2463  5526 I AppsFilter: interaction: PackageSetting{93481e io.github.ylimit.droidbotapp/10387} -> PackageSetting{1596bf com.miui.yellowpage/10137} BLOCKED
07-29 21:29:04.348  2463  5526 I AppsFilter: interaction: PackageSetting{93481e io.github.ylimit.droidbotapp/10387} -> PackageSetting{3d9918c com.einnovation.temu/10304} BLOCKED
07-29 21:29:04.348  2463  5526 I AppsFilter: interaction: PackageSetting{93481e io.github.ylimit.droidbotapp/10387} -> PackageSetting{c108c3d com.android.microdroid.empty_payload/10236} BLOCKED
07-29 21:29:04.348  2463  5526 I AppsFilter: interaction: PackageSetting{93481e io.github.ylimit.droidbotapp/10387} -> PackageSetting{c43d0d5 com.android.email/10268} BLOCKED
07-29 21:29:04.348  2463  5526 I AppsFilter: interaction: PackageSetting{93481e io.github.ylimit.droidbotapp/10387} -> PackageSetting{c3f00ea com.android.music/10175} BLOCKED
07-29 21:29:04.348  2463  5526 I AppsFilter: interaction: PackageSetting{93481e io.github.ylimit.droidbotapp/10387} -> PackageSetting{816dfdb com.android.hotspot2.osulogin/10259} BLOCKED
07-29 21:29:04.348  2463  5526 I AppsFilter: interaction: PackageSetting{93481e io.github.ylimit.droidbotapp/10387} -> PackageSetting{728d2a7 com.android.companiondevicemanager.auto_generated_characteristics_rro/10006} BLOCKED
07-29 21:29:04.348  2463  5526 I AppsFilter: interaction: PackageSetting{93481e io.github.ylimit.droidbotapp/10387} -> PackageSetting{8543a78 com.google.android.gms.location.history/10152} BLOCKED
07-29 21:29:04.348  2463  5526 I AppsFilter: interaction: PackageSetting{93481e io.github.ylimit.droidbotapp/10387} -> PackageSetting{67da551 com.smile.gifmaker/10339} BLOCKED
07-29 21:29:04.348  2463  5526 I AppsFilter: interaction: PackageSetting{93481e io.github.ylimit.droidbotapp/10387} -> PackageSetting{d1ebbf2 com.android.internal.systemui.navbar.gestural/10052} BLOCKED
07-29 21:29:04.348  2463  5526 I AppsFilter: interaction: PackageSetting{93481e io.github.ylimit.droidbotapp/10387} -> PackageSetting{98441b6 ru.mail.mailapp/10321} BLOCKED
07-29 21:29:04.348  2463  5526 I AppsFilter: interaction: PackageSetting{93481e io.github.ylimit.droidbotapp/10387} -> PackageSetting{2199eb7 com.google.android.apps.youtube.music/10318} BLOCKED
07-29 21:29:04.348  2463  5526 I AppsFilter: interaction: PackageSetting{93481e io.github.ylimit.droidbotapp/10387} -> PackageSetting{bce8624 com.android.bluetoothmidiservice/10104} BLOCKED
07-29 21:29:04.348  2463  5526 I AppsFilter: interaction: PackageSetting{93481e io.github.ylimit.droidbotapp/10387} -> PackageSetting{7a6458d com.jijia.jjweather/10336} BLOCKED
07-29 21:29:04.348  2463  5526 I AppsFilter: interaction: PackageSetting{93481e io.github.ylimit.droidbotapp/10387} -> PackageSetting{30ac342 com.ebay.mobile/10291} BLOCKED
07-29 21:29:04.348  2463  5526 I AppsFilter: interaction: PackageSetting{93481e io.github.ylimit.droidbotapp/10387} -> PackageSetting{a1f6f53 com.google.android.apps.magazines/10315} BLOCKED
07-29 21:29:04.348  2463  5526 I AppsFilter: interaction: PackageSetting{93481e io.github.ylimit.droidbotapp/10387} -> PackageSetting{65084b5 com.qualcomm.qti.server.wigig.tethering.rro/10229} BLOCKED
07-29 21:29:04.348  2463  5526 I AppsFilter: interaction: PackageSetting{93481e io.github.ylimit.droidbotapp/10387} -> PackageSetting{7fe090 com.sina.news/10314} BLOCKED
07-29 21:29:04.348  2463  5526 I AppsFilter: interaction: PackageSetting{93481e io.github.ylimit.droidbotapp/10387} -> PackageSetting{c3ead89 tv.danmaku.bili/10326} BLOCKED
07-29 21:29:04.348  2463  5526 I AppsFilter: interaction: PackageSetting{93481e io.github.ylimit.droidbotapp/10387} -> PackageSetting{85d18e com.android.captiveportallogin/10106} BLOCKED
07-29 21:29:04.348  2463  5526 I AppsFilter: interaction: PackageSetting{93481e io.github.ylimit.droidbotapp/10387} -> PackageSetting{a7adaf com.microsoft.todos/10293} BLOCKED
07-29 21:29:04.348  2463  5526 I AppsFilter: interaction: PackageSetting{93481e io.github.ylimit.droidbotapp/10387} -> PackageSetting{2aa75bc com.miui.core/10194} BLOCKED
07-29 21:29:04.351  2463  5526 W ActivityManager: Permission Denial: getCurrentUser() from pid=19799, uid=10387 requires android.permission.INTERACT_ACROSS_USERS
07-29 21:29:04.352 19799 19799 W libc    : Access denied finding property "vendor.boostfwk.frameprefetcher"
07-29 21:29:04.352 19799 20211 E FramePredict: registerContentObserver fail
07-29 21:29:04.352 19799 19799 W libc    : Access denied finding property "ro.vendor.df.effect.conflict"
07-29 21:29:04.349 19799 19799 W mit.droidbotapp: type=1400 audit(0.0:17946): avc:  denied  { read } for  name="u:object_r:vendor_displayfeature_prop:s0" dev="tmpfs" ino=478 scontext=u:r:untrusted_app_32:s0:c131,c257,c512,c768 tcontext=u:object_r:vendor_displayfeature_prop:s0 tclass=file permissive=0 app=io.github.ylimit.droidbotapp
07-29 21:29:04.371 19799 19799 I ViewRootImpl: InputMethod use first frame acceleration
07-29 21:29:04.374  2463  5526 I SmartPower: io.github.ylimit.droidbotapp/10387(19799): background->visible(942ms) R(become visible) adj=200.
07-29 21:29:04.392  3117  3117 I adbd    : in ShellService: getprop ro.secure
07-29 21:29:04.399 19799 19799 I Choreographer: first vsync insert message into MessageQueue Head
07-29 21:29:04.400  4497  4497 I HandWritingStubImpl: getCurrentKeyboardType: 1
07-29 21:29:04.420  9900 17136 I Market-DownloadLimitSpeedManager: stopLimitSpeed
07-29 21:29:04.420  9900 17136 I Market-LimitSpeedManager: stopLimitSpeedNow() =========== 
07-29 21:29:04.424  9900 17136 I Market-RetrofitRequest: callEnd : https://updateinfo.market.xiaomi.com/apm/updateinfo/diffsize
07-29 21:29:04.424  9900 17136 I Market-LocalAppManager: queryDiffSizeFromServer end
07-29 21:29:04.425  9900 17080 I Market-SubScriptManager: updateMarketSubScript forceShow : false
07-29 21:29:04.425  9900 17080 I Market-SubScriptManager: get count 61
07-29 21:29:04.425  9900 17080 I Market-SubScriptManager: get count 61
07-29 21:29:04.426  9900 17136 I Market-WakeLockManager: release wakeLock: CheckUpdateService
07-29 21:29:04.428  2463  4435 I ActivityManager: Cancel FGS notification userId: 0 definingUid: 10167 packageName: com.xiaomi.market processName:com.xiaomi.market ChannelId:com.xiaomi.market_hide foregroundNotiWhen:1753795743835 Notiflags:104
07-29 21:29:04.428  1844  1844 I vendor.qti.hardware.servicetrackeraidl-service: destroyService is called for service : com.xiaomi.market/.business_core.update.auto.CheckUpdateService
07-29 21:29:04.428  2463  4435 W ForegroundServiceTypeLoggerModule: FGS stop call for: 10167 has no types!
07-29 21:29:04.429  2463  2463 I NotificationService: Cancel FGS notification CallingUid: 10167 CallingPid: 9900 Pkg: com.xiaomi.market Id:223842063 Tag:null UserId:0 MustHaveFlags:0 MustNotHaveFlags:0 Reason:8 foregroundNotiWhen:1753795743835 foregroundNotiFlags:104 foregroundNotiChannelId:com.xiaomi.market_hide
07-29 21:29:04.429  9900  9900 I Market-ServiceUtils: stop foreground service: CheckUpdateService
07-29 21:29:04.436  2463  4205 I MiuiNetworkPolicy: updateUidState uid = 10261, uidState = 19
07-29 21:29:04.436  2463  4205 I MiuiNetworkPolicyTrafficLimit: updateWhiteListUidForMobileTraffic uid=10261,add=false
07-29 21:29:04.437  2463  4205 I MiuiNetworkPolicy: updateUidState uid = 10203, uidState = 6
07-29 21:29:04.437  2463  4205 I MiuiNetworkPolicy: updateUidState uid = 10167, uidState = 10
07-29 21:29:04.437  2463  4205 I MiuiNetworkPolicyTrafficLimit: updateWhiteListUidForMobileTraffic uid=10167,add=false
07-29 21:29:04.437  2463  4205 I MiuiNetworkPolicy: updateUidState uid = 10158, uidState = 19
07-29 21:29:04.439  2463  4205 I MiuiNetworkPolicyTrafficLimit: updateWhiteListUidForMobileTraffic uid=10158,add=false
07-29 21:29:04.442  4979  4979 E NotifCollection: No notification to remove with key 0|com.xiaomi.market|223842063|null|10167 reason=8:REASON_APP_CANCEL
07-29 21:29:04.467  3117  3117 I adbd    : in ShellService: getprop ro.debuggable
07-29 21:29:04.477  1827  2108 I SDM     : DisplayBase::CommitThread: Received idle timeout, panel: cmd, timeout: 70000 us
07-29 21:29:04.485  9900  9930 I m.xiaomi.market: This is non sticky GC, maxfree is 16777216 minfree is 8388608
07-29 21:29:04.486  9900  9932 W System  : A resource failed to call close. 
07-29 21:29:04.487  9900  9932 W System  : A resource failed to call close. 
07-29 21:29:04.521  1827  2399 I SDM     : HWCDisplay::SetActiveConfigWithConstraints: display:66-0, config: 1, WxH 1200x2670, fps 120
07-29 21:29:04.522  1827  2399 W SDM     : HWDeviceDRM::GetSupportedBitClkRate: Requested rate not supported: 1150000000
07-29 21:29:04.522  1827  2399 I SDM     : HWDeviceDRM::UpdateMixerAttributes: Mixer WxH 1200x2670-1 for Peripheral
07-29 21:29:04.522  1827  2399 I SDM     : HWCDisplay::SubmitDisplayConfig: Active configuration changed from config 3 to 1
07-29 21:29:04.522  1827  2399 I SDM     : HWCDisplay::SubmitDisplayConfig: Active WxH 1200x2670 ,ddic_mode:idle, timing_fps: 120, sf_fps: 120
07-29 21:29:04.523  1827  2752 I vendor.qti.hardware.display.composer-service: Sensor: notify citsensorservice to trigger cwb, misForced = 0
07-29 21:29:04.523  3002  4297 I libsensor-parseRGB: request dump start for mRequestDisplayId 0
07-29 21:29:04.546  3002  6353 E libsensor-parseRGB: CWB NotifyCWBBufferDone  error 0
07-29 21:29:04.546  3117  3117 I adbd    : in ShellService: dumpsys display
07-29 21:29:04.559 19799 19820 I mit.droidbotapp: Compiler allocated 5390KB to compile void android.view.ViewRootImpl.performTraversals()
07-29 21:29:04.602  1827  2108 I SDM     : DisplayBase::CommitThread: Received idle timeout, panel: cmd, timeout: 70000 us
07-29 21:29:04.641  2463  5177 I NetworkAccelerateSwitchService: EVENT_RSSI_POLL. mRssiPoll=true
07-29 21:29:04.641  2463  5177 I NetworkAccelerateSwitchService: getAverageWifiRssi:64
07-29 21:29:04.681  1827  2752 I vendor.qti.hardware.display.composer-service: Sensor: notify citsensorservice to trigger cwb, misForced = 1
07-29 21:29:04.681  3002  4297 I libsensor-parseRGB: request dump start for mRequestDisplayId 0
07-29 21:29:04.703  3002  3081 E libsensor-parseRGB: CWB NotifyCWBBufferDone  error 0
07-29 21:29:04.733  3117  3117 I adbd    : in ShellService: wm size
07-29 21:29:04.752  2463  4205 I MiuiNetworkPolicy: bandwidth: 23 KB/s, Max bandwidth: 1686 KB/s
07-29 21:29:04.761  1827  2108 I SDM     : DisplayBase::CommitThread: Received idle timeout, panel: cmd, timeout: 70000 us
07-29 21:29:04.794 12230 12394 I Ad      : isPersonalizedAdEnabled getAdSettings: 1
07-29 21:29:04.800  7989  7989 I RuntimePermissionManager: isRuntimeRequestSupport: true
07-29 21:29:04.815  2463  2775 I AppsFilter: interaction: PackageSetting{c108c3d com.android.microdroid.empty_payload/10236} -> PackageSetting{f337f4 com.miui.cleanmaster/10266} BLOCKED
07-29 21:29:04.815  2463  2775 I AppsFilter: interaction: PackageSetting{39c4d83 io.appium.uiautomator2.server.test/10280} -> PackageSetting{f337f4 com.miui.cleanmaster/10266} BLOCKED
07-29 21:29:04.815  2463  2775 I AppsFilter: interaction: PackageSetting{93481e io.github.ylimit.droidbotapp/10387} -> PackageSetting{f337f4 com.miui.cleanmaster/10266} BLOCKED
07-29 21:29:04.815  2463  2775 I AppsFilter: interaction: PackageSetting{87eaf39 com.rongcard.eid/10151} -> PackageSetting{f337f4 com.miui.cleanmaster/10266} BLOCKED
07-29 21:29:04.815  2463  2775 I AppsFilter: interaction: PackageSetting{66a297e io.appium.settings/10274} -> PackageSetting{f337f4 com.miui.cleanmaster/10266} BLOCKED
07-29 21:29:04.816  3117  3117 I adbd    : in ShellService: dumpsys input
07-29 21:29:04.821  2463  6119 W ParceledListSlice: Element #44 is 26672 bytes.
07-29 21:29:04.821  2463  6119 W ParceledListSlice: Overly large reply size: 82204
07-29 21:29:04.822  2463  5526 W ParceledListSlice: Element #45 is 26676 bytes.
07-29 21:29:04.822  2463  5526 W ParceledListSlice: Element #46 is 26676 bytes.
07-29 21:29:04.822  2463  5526 W ParceledListSlice: Element #47 is 26684 bytes.
07-29 21:29:04.822  2463  5531 W ParceledListSlice: Element #48 is 26688 bytes.
07-29 21:29:04.823  2463  5531 W ParceledListSlice: Element #54 is 19664 bytes.
07-29 21:29:04.823  2463  6119 W ParceledListSlice: Element #55 is 19652 bytes.
07-29 21:29:04.823  2463  6119 W ParceledListSlice: Element #56 is 19692 bytes.
07-29 21:29:04.823  2463  6119 W ParceledListSlice: Element #57 is 19720 bytes.
07-29 21:29:04.823  2463  6119 W ParceledListSlice: Element #58 is 19720 bytes.
07-29 21:29:04.823  2463  5526 W ParceledListSlice: Element #59 is 19684 bytes.
07-29 21:29:04.823  2463  5526 W ParceledListSlice: Element #60 is 19692 bytes.
07-29 21:29:04.823  2463  5526 W ParceledListSlice: Element #61 is 19668 bytes.
07-29 21:29:04.823  2463  5526 W ParceledListSlice: Element #62 is 19680 bytes.
07-29 21:29:04.824  2463  5526 W ParceledListSlice: Element #63 is 19672 bytes.
07-29 21:29:04.824  2463  5526 W ParceledListSlice: Element #64 is 29724 bytes.
07-29 21:29:04.824  2463  5526 W ParceledListSlice: Element #65 is 29744 bytes.
07-29 21:29:04.824  2463  5129 W ParceledListSlice: Element #66 is 29736 bytes.
07-29 21:29:04.836  7368  7385 I PermissionControllerServiceImpl: Updating user sensitive for uid 10266
07-29 21:29:04.836  2463 15445 W ParceledListSlice: Element #273 is 21068 bytes.
07-29 21:29:04.837  2463  5539 W ParceledListSlice: Element #274 is 21048 bytes.
07-29 21:29:04.837  2463  5539 W ParceledListSlice: Element #275 is 21056 bytes.
07-29 21:29:04.837  2463  5539 W ParceledListSlice: Element #276 is 21036 bytes.
07-29 21:29:04.837  2463  5539 W ParceledListSlice: Element #277 is 21084 bytes.
07-29 21:29:04.837  2463  5539 W ParceledListSlice: Overly large reply size: 84248
07-29 21:29:04.837  2463  6120 W ParceledListSlice: Element #8 is 20788 bytes.
07-29 21:29:04.837  2463  6120 W ParceledListSlice: Element #9 is 20768 bytes.
07-29 21:29:04.837  2463  6119 W ParceledListSlice: Element #278 is 21084 bytes.
07-29 21:29:04.837  2463  6119 W ParceledListSlice: Element #279 is 21096 bytes.
07-29 21:29:04.837  2463  6119 W ParceledListSlice: Element #280 is 21084 bytes.
07-29 21:29:04.837  2463  6119 W ParceledListSlice: Element #281 is 21084 bytes.
07-29 21:29:04.838  2463  6119 W ParceledListSlice: Overly large reply size: 84372
07-29 21:29:04.838  2463  4435 W ParceledListSlice: Element #282 is 21104 bytes.
07-29 21:29:04.838  2463  4435 W ParceledListSlice: Element #283 is 21092 bytes.
07-29 21:29:04.838  2463  4435 W ParceledListSlice: Element #284 is 21080 bytes.
07-29 21:29:04.839  7773  7773 E RegisteredServicesCache: Skipping application component ComponentInfo{com.UCMobile/com.alibaba.ariver.commonability.device.jsapi.nfc.service.TinyAppHostApduService}: it must request the permission android.permission.NFC
07-29 21:29:04.839  7773  7773 E RegisteredServicesCache: Skipping application component ComponentInfo{com.UCMobile/com.alipay.mobile.aompdevice.nfc.service.TinyAppHostApduService}: it must request the permission android.permission.NFC
07-29 21:29:04.839  7773  7773 E RegisteredServicesCache: Skipping application component ComponentInfo{com.autonavi.minimap/com.alibaba.ariver.commonability.device.jsapi.nfc.service.TinyAppHostApduService}: it must request the permission android.permission.NFC
