07-29 21:29:06.644 18794 18906 I artd    : Loading /data/app/~~5X1kDdbtj0xRu0qy-8GdmA==/com.piyush.music-aLkCpKL2D8FHANhay3Oz5w==/oat/arm64/base.odex with executable: 0
07-29 21:29:06.644 18794 18906 I artd    : Successfully loaded /data/app/~~5X1kDdbtj0xRu0qy-8GdmA==/com.piyush.music-aLkCpKL2D8FHANhay3Oz5w==/oat/arm64/base.odex with executable: 0
07-29 21:29:06.644 18794 18906 I artd    : /data/app/~~5X1kDdbtj0xRu0qy-8GdmA==/com.piyush.music-aLkCpKL2D8FHANhay3Oz5w==/oat/arm64/base.odex is kOatUpToDate with filter verify
07-29 21:29:06.648 31105 16235 I Icing   : Indexing done com.google.android.gms-apps
07-29 21:29:06.649 31105 16235 I Icing   : Indexing com.google.android.gms-apps from com.google.android.gms
07-29 21:29:06.650 31105 16235 I Icing   : Indexing done com.google.android.gms-apps
07-29 21:29:06.650 22572 22586 I android.vending: This is non sticky GC, maxfree is 16777216 minfree is 8388608
07-29 21:29:06.651 22572 22589 W android.vending: ApkAssets: Deleting an ApkAssets object '<empty> and /data/app/~~hrX75BfdiPpP_LD1hizSWQ==/io.github.ylimit.droidbotapp-oehllwmTKdktxct2BC2JYQ==/base.apk' with 1 weak references
07-29 21:29:06.652 22572 22589 W android.vending: ApkAssets: Deleting an ApkAssets object '<empty> and /data/app/~~5X1kDdbtj0xRu0qy-8GdmA==/com.piyush.music-aLkCpKL2D8FHANhay3Oz5w==/base.apk' with 1 weak references
07-29 21:29:06.652  1844  1844 I vendor.qti.hardware.servicetrackeraidl-service: destroyService is called for service : com.google.android.gms/.icing.service.IndexWorkerService
07-29 21:29:06.665  1844  1844 I vendor.qti.hardware.servicetrackeraidl-service: destroyService is called for service : com.google.android.gms/.icing.service.IndexWorkerService
07-29 21:29:06.674  1844  1844 I vendor.qti.hardware.servicetrackeraidl-service: destroyService is called for service : com.google.android.gms/.icing.service.IndexWorkerService
07-29 21:29:06.681  9900 14327 I Market-DownloadLimitSpeedManager: stopLimitSpeed
07-29 21:29:06.681  9900 14327 I Market-LimitSpeedManager: stopLimitSpeedNow() =========== 
07-29 21:29:06.683 18384 18411 I auth    : [XMS][Auth] updateAuthInfo in db true
07-29 21:29:06.684 18384 20854 I auth    : [XMS][Auth] updateAuthInfo in db true
07-29 21:29:06.684 18384 20861 I auth    : [XMS][Auth] updateAuthInfo in db true
07-29 21:29:06.685 18384 20858 I auth    : [XMS][Auth] updateAuthInfo in db true
07-29 21:29:06.685  8974  9450 I WakePathUpdatePolicy: doUpdate(user 0):responseCode:200
07-29 21:29:06.686  8974  9450 W WakePathUpdatePolicy: doUpdate(user 0): Response stream size=1408
07-29 21:29:06.686 18384 18411 I auth    : [XMS][Auth] updateAuthInfo in db true
07-29 21:29:06.687 18384 20858 I auth    : [XMS][Auth] updateAuthInfo in db true
07-29 21:29:06.688 18384 18411 I auth    : [XMS][Auth] updateAuthInfo in db true
07-29 21:29:06.690 18384 20858 I auth    : [XMS][Auth] updateAuthInfo in db true
07-29 21:29:06.691  8974  9450 I WakePathUpdatePolicy: pushWakePathData begin
07-29 21:29:06.691  8974  9450 I com.lbe.security.service.provider.WakePathDatabaseUtil: getWakePathWhiteList: whiteList.size=6
07-29 21:29:06.691  2463  5531 I WakePathChecker: MIUILOG-WAKEPATH pushWakePathWhiteList: userId=0 size=6
07-29 21:29:06.691  8974  9450 I com.lbe.security.service.provider.WakePathDatabaseUtil: getWakePathRuleList: wakeType=1 wakePathRules.size=3
07-29 21:29:06.692  2463  5531 I WakePathChecker: MIUILOG-WAKEPATH pushWakePathRuleInfos: wakeType=1 userId=0 size=3
07-29 21:29:06.692  8974  9450 I com.lbe.security.service.provider.WakePathDatabaseUtil: getWakePathRuleList: wakeType=8 wakePathRules.size=8
07-29 21:29:06.692  9900 14327 I Market-RetrofitRequest: callEnd : https://updateinfo.market.xiaomi.com/apm/updateinfo/v2
07-29 21:29:06.692  2463  5531 I WakePathChecker: MIUILOG-WAKEPATH pushWakePathRuleInfos: wakeType=8 userId=0 size=8
07-29 21:29:06.692  8974  9450 I com.lbe.security.service.provider.WakePathDatabaseUtil: getWakePathRuleList: wakeType=4 wakePathRules.size=4
07-29 21:29:06.692  9900 14327 I Market-LocalAppManager: getUpdateInfoFromServer : end  , responseCode : OK
07-29 21:29:06.692  9900 14327 I Market-LocalAppManager: checkUpdateFromServer : end
07-29 21:29:06.692  9900 14327 I Market-LocalAppManager: checkUpdateFromServer  data parser : end
07-29 21:29:06.692  2463  5531 I WakePathChecker: MIUILOG-WAKEPATH pushWakePathRuleInfos: wakeType=4 userId=0 size=4
07-29 21:29:06.692  9900 14327 I Market-HuanjiManager: condition not satisfied, ignore
07-29 21:29:06.692  9900 14327 I Market-DataParser: [InvalidPackageList] JSON : invalidSystemPackageList list is null
07-29 21:29:06.692  9900 14327 I Market-LocalAppManager: checkUpdateFromServer  filter package : end
07-29 21:29:06.692  9900 14327 I Market-LocalAppManager: checkUpdateFromServer  support64BitPackagesJsonArray : end
07-29 21:29:06.693  8974  9450 I com.lbe.security.service.provider.WakePathDatabaseUtil: getWakePathRuleList: wakeType=2 wakePathRules.size=1
07-29 21:29:06.693  2463  5531 I WakePathChecker: MIUILOG-WAKEPATH pushWakePathRuleInfos: wakeType=2 userId=0 size=1
07-29 21:29:06.693 18384 18411 I auth    : [XMS][Auth] updateAuthInfo in db true
07-29 21:29:06.693  8974  9450 I com.lbe.security.service.provider.WakePathDatabaseUtil: getWakePathRuleList: wakeType=17 wakePathRules.size=0
07-29 21:29:06.693  2463  5531 I WakePathChecker: MIUILOG-WAKEPATH pushWakePathRuleInfos: wakeType=17 userId=0 size=0
07-29 21:29:06.693  8974  9450 I com.lbe.security.service.provider.WakePathDatabaseUtil: getWakePathRuleList: wakeType=32 wakePathRules.size=1
07-29 21:29:06.694  2463  6120 I WakePathChecker: MIUILOG-WAKEPATH pushWakePathRuleInfos: wakeType=32 userId=0 size=1
07-29 21:29:06.694  8974  9450 I com.lbe.security.service.provider.WakePathDatabaseUtil: getWakePathRuleList: wakeType=256 wakePathRules.size=8
07-29 21:29:06.694  2463  5535 I WakePathChecker: MIUILOG-WAKEPATH pushWakePathRuleInfos: wakeType=256 userId=0 size=8
07-29 21:29:06.694  8974  9450 I com.lbe.security.service.provider.WakePathDatabaseUtil: getWakePathRuleList: wakeType=128 wakePathRules.size=4
07-29 21:29:06.695 18384 18411 I auth    : [XMS][Auth] updateAuthInfo in db true
07-29 21:29:06.695  2463  5535 I WakePathChecker: MIUILOG-WAKEPATH pushWakePathRuleInfos: wakeType=128 userId=0 size=4
07-29 21:29:06.695  8974  9450 I com.lbe.security.service.provider.WakePathDatabaseUtil: getWakePathRuleList: wakeType=64 wakePathRules.size=2
07-29 21:29:06.695  2463  5531 I WakePathChecker: MIUILOG-WAKEPATH pushWakePathRuleInfos: wakeType=64 userId=0 size=2
07-29 21:29:06.696  8974  9450 I com.lbe.security.service.provider.WakePathDatabaseUtil: getWakePathRuleList: wakeType=4096 wakePathRules.size=2
07-29 21:29:06.696  2463  6120 I WakePathChecker: MIUILOG-WAKEPATH pushWakePathRuleInfos: wakeType=4096 userId=0 size=2
07-29 21:29:06.697  8974  9450 I com.lbe.security.service.provider.WakePathDatabaseUtil: getWakePathRuleList: wakeType=32768 wakePathRules.size=1
07-29 21:29:06.697  2463  5535 I WakePathChecker: MIUILOG-WAKEPATH pushWakePathRuleInfos: wakeType=32768 userId=0 size=1
07-29 21:29:06.697  8974  9450 I com.lbe.security.service.provider.WakePathDatabaseUtil: getWakePathRuleList: wakeType=8192 wakePathRules.size=5
07-29 21:29:06.697  2463  5535 I WakePathChecker: MIUILOG-WAKEPATH pushWakePathRuleInfos: wakeType=8192 userId=0 size=5
07-29 21:29:06.697  8974  9450 I com.lbe.security.service.provider.WakePathDatabaseUtil: getWakePathRuleList: wakeType=16384 wakePathRules.size=0
07-29 21:29:06.698  2463  5531 I WakePathChecker: MIUILOG-WAKEPATH pushWakePathRuleInfos: wakeType=16384 userId=0 size=0
07-29 21:29:06.698  8974  9450 I com.lbe.security.service.provider.WakePathDatabaseUtil: getWakePathRuleList: wakeType=22 wakePathRules.size=0
07-29 21:29:06.698  2463  5535 I WakePathChecker: MIUILOG-WAKEPATH pushWakePathRuleInfos: wakeType=22 userId=0 size=0
07-29 21:29:06.698  8974  9450 I WakePathUpdatePolicy: pushWakePathData end
07-29 21:29:06.698  8974  9450 I WakePathUpdatePolicy: doUpdate end
07-29 21:29:06.708  1827  2752 I vendor.qti.hardware.display.composer-service: Sensor: notify citsensorservice to trigger cwb, misForced = 1
07-29 21:29:06.708  3002  4297 I libsensor-parseRGB: request dump start for mRequestDisplayId 0
07-29 21:29:06.731  3002  3081 E libsensor-parseRGB: CWB NotifyCWBBufferDone  error 0
07-29 21:29:06.742  9900 13031 I Market-LocalAppManager: getUpdateInfoFromServer : middle
07-29 21:29:06.742  9900 13031 E Market-Client: isSupportChildMode, error: java.lang.NumberFormatException: For input string: ""
07-29 21:29:06.744  9900 13031 I Market-RetrofitRequest: callStart : https://updateinfo.market.xiaomi.com/apm/updateinfo/v2
07-29 21:29:06.745  9900 13031 I Market-RetrofitRequest: HeaderInterceptor : https://updateinfo.market.xiaomi.com/apm/updateinfo/v2
07-29 21:29:06.746  9900 13031 E Market-Client: isSupportChildMode, error: java.lang.NumberFormatException: For input string: ""
07-29 21:29:06.746  9900 13031 E Market-Client: isSupportChildMode, error: java.lang.NumberFormatException: For input string: ""
07-29 21:29:06.750  9900 13031 I Market-LimitSpeedManager: startLimitSpeedNow() ====== speed = 32768
07-29 21:29:06.753  9900 13031 I Market-DownloadLimitSpeedManager: startLimitSpeed success. Total count 1
07-29 21:29:06.753  9900 13031 I Market-RetrofitRequest: HeaderInterceptor : https://updateinfo.market.xiaomi.com/apm/updateinfo/v2
07-29 21:29:06.758  8974  9450 I WakePathUpdatePolicy: doUpdate(user 0):responseCode:200
07-29 21:29:06.758  8974  9450 W WakePathUpdatePolicy: doUpdate(user 0): Response stream size=1376
07-29 21:29:06.761  8974  9450 I WakePathUpdatePolicy: pushWakePathData begin
07-29 21:29:06.761  8974  9450 I com.lbe.security.service.provider.WakePathDatabaseUtil: getWakePathWhiteList: whiteList.size=6
07-29 21:29:06.762  2463  5535 I WakePathChecker: MIUILOG-WAKEPATH pushWakePathWhiteList: userId=0 size=6
07-29 21:29:06.762  8974  9450 I com.lbe.security.service.provider.WakePathDatabaseUtil: getWakePathRuleList: wakeType=1 wakePathRules.size=3
07-29 21:29:06.762  2463  5535 I WakePathChecker: MIUILOG-WAKEPATH pushWakePathRuleInfos: wakeType=1 userId=0 size=3
07-29 21:29:06.763  8974  9450 I com.lbe.security.service.provider.WakePathDatabaseUtil: getWakePathRuleList: wakeType=8 wakePathRules.size=8
07-29 21:29:06.763  2463  5535 I WakePathChecker: MIUILOG-WAKEPATH pushWakePathRuleInfos: wakeType=8 userId=0 size=8
07-29 21:29:06.763  8974  9450 I com.lbe.security.service.provider.WakePathDatabaseUtil: getWakePathRuleList: wakeType=4 wakePathRules.size=4
07-29 21:29:06.763  2463  5535 I WakePathChecker: MIUILOG-WAKEPATH pushWakePathRuleInfos: wakeType=4 userId=0 size=4
07-29 21:29:06.764  8974  9450 I com.lbe.security.service.provider.WakePathDatabaseUtil: getWakePathRuleList: wakeType=2 wakePathRules.size=1
07-29 21:29:06.764  2463  5535 I WakePathChecker: MIUILOG-WAKEPATH pushWakePathRuleInfos: wakeType=2 userId=0 size=1
07-29 21:29:06.764  8974  9450 I com.lbe.security.service.provider.WakePathDatabaseUtil: getWakePathRuleList: wakeType=17 wakePathRules.size=0
07-29 21:29:06.764  2463  5535 I WakePathChecker: MIUILOG-WAKEPATH pushWakePathRuleInfos: wakeType=17 userId=0 size=0
07-29 21:29:06.765  8974  9450 I com.lbe.security.service.provider.WakePathDatabaseUtil: getWakePathRuleList: wakeType=32 wakePathRules.size=1
07-29 21:29:06.765  2463  5535 I WakePathChecker: MIUILOG-WAKEPATH pushWakePathRuleInfos: wakeType=32 userId=0 size=1
07-29 21:29:06.765  8974  9450 I com.lbe.security.service.provider.WakePathDatabaseUtil: getWakePathRuleList: wakeType=256 wakePathRules.size=8
07-29 21:29:06.765  2463  5535 I WakePathChecker: MIUILOG-WAKEPATH pushWakePathRuleInfos: wakeType=256 userId=0 size=8
07-29 21:29:06.766  8974  9450 I com.lbe.security.service.provider.WakePathDatabaseUtil: getWakePathRuleList: wakeType=128 wakePathRules.size=4
07-29 21:29:06.766  2463  5535 I WakePathChecker: MIUILOG-WAKEPATH pushWakePathRuleInfos: wakeType=128 userId=0 size=4
07-29 21:29:06.766  8974  9450 I com.lbe.security.service.provider.WakePathDatabaseUtil: getWakePathRuleList: wakeType=64 wakePathRules.size=2
07-29 21:29:06.767  2463  5535 I WakePathChecker: MIUILOG-WAKEPATH pushWakePathRuleInfos: wakeType=64 userId=0 size=2
07-29 21:29:06.767  8974  9450 I com.lbe.security.service.provider.WakePathDatabaseUtil: getWakePathRuleList: wakeType=4096 wakePathRules.size=2
07-29 21:29:06.767  2463  5535 I WakePathChecker: MIUILOG-WAKEPATH pushWakePathRuleInfos: wakeType=4096 userId=0 size=2
07-29 21:29:06.767  8974  9450 I com.lbe.security.service.provider.WakePathDatabaseUtil: getWakePathRuleList: wakeType=32768 wakePathRules.size=1
07-29 21:29:06.768  2463  5535 I WakePathChecker: MIUILOG-WAKEPATH pushWakePathRuleInfos: wakeType=32768 userId=0 size=1
07-29 21:29:06.768  8974  9450 I com.lbe.security.service.provider.WakePathDatabaseUtil: getWakePathRuleList: wakeType=8192 wakePathRules.size=5
07-29 21:29:06.768  2463  5535 I WakePathChecker: MIUILOG-WAKEPATH pushWakePathRuleInfos: wakeType=8192 userId=0 size=5
07-29 21:29:06.768  8974  9450 I com.lbe.security.service.provider.WakePathDatabaseUtil: getWakePathRuleList: wakeType=16384 wakePathRules.size=0
07-29 21:29:06.768  2463  5535 I WakePathChecker: MIUILOG-WAKEPATH pushWakePathRuleInfos: wakeType=16384 userId=0 size=0
07-29 21:29:06.769  8974  9450 I com.lbe.security.service.provider.WakePathDatabaseUtil: getWakePathRuleList: wakeType=22 wakePathRules.size=0
07-29 21:29:06.769  2463  5535 I WakePathChecker: MIUILOG-WAKEPATH pushWakePathRuleInfos: wakeType=22 userId=0 size=0
07-29 21:29:06.769  8974  9450 I WakePathUpdatePolicy: pushWakePathData end
07-29 21:29:06.769  8974  9450 I WakePathUpdatePolicy: doUpdate end
07-29 21:29:06.783 31105 31673 I cn_CronetUrlRequestContext: destroyNativeStreamLocked org.chromium.net.impl.CronetBidirectionalStream@a7bfe05
07-29 21:29:06.787  1827  2108 I SDM     : DisplayBase::CommitThread: Received idle timeout, panel: cmd, timeout: 70000 us
07-29 21:29:06.795  2463  4412 I SmartPower: com.android.vending/10124(22572): background->idle(3451ms) R(broadcast start Intent { act=android.intent.action.PACKAGE_ADDED dat=package: flg=0x4000010 (has extras) }) adj=915.
07-29 21:29:06.795  2463  4412 I SmartPower: com.android.vending:background/10124(22687): background->idle(3001ms) R(broadcast start Intent { act=android.intent.action.PACKAGE_ADDED dat=package: flg=0x4000010 (has extras) }) adj=905.
07-29 21:29:06.796  2463  4412 I SmartPower: android.process.acore/10083(6721): background->idle(3001ms) R(broadcast start Intent { act=android.intent.action.PACKAGE_ADDED dat=package: flg=0x4000010 (has extras) }) adj=905.
07-29 21:29:06.796  2463  4412 I SmartPower: com.mfashiongallery.emag/10262(8261): background->idle(3001ms) R(broadcast start Intent { act=android.intent.action.PACKAGE_ADDED dat=package: flg=0x4000010 (has extras) }) adj=905.
07-29 21:29:06.798  2463  4412 I SmartPower: com.miui.voiceassist:core/10193(7664): background->idle(3002ms) R(broadcast start Intent { act=android.intent.action.PACKAGE_ADDED dat=package: flg=0x4000010 (has extras) }) adj=100.
07-29 21:29:06.798  2463  4412 I SmartPower: com.xiaomi.aicr:actionprovider/10127(12677): background->idle(3000ms) R(broadcast start Intent { act=android.intent.action.PACKAGE_ADDED dat=package: flg=0x4000010 (has extras) }) adj=915.
07-29 21:29:06.805  2463  4412 I SmartPower: android.process.mediaUI/10261(13434): background->idle(3000ms) R(broadcast start Intent { act=android.intent.action.PACKAGE_ADDED dat=package: flg=0x4000010 (has extras) }) adj=200.
07-29 21:29:06.805  2463  4412 I SmartPower: com.miui.gallery/10271(13242): background->idle(3001ms) R(broadcast start Intent { act=android.intent.action.PACKAGE_ADDED dat=package: flg=0x4000010 (has extras) }) adj=915.
07-29 21:29:06.812  2463  4412 I SmartPower: com.google.android.documentsui/10100(21132): background->idle(3004ms) R(broadcast start Intent { act=android.intent.action.PACKAGE_ADDED dat=package: flg=0x4000010 (has extras) }) adj=905.
07-29 21:29:06.813  2463  4412 I SmartPower: com.microsoft.emmx/10311(25865): background->idle(3004ms) R(broadcast start Intent { act=android.intent.action.PACKAGE_ADDED dat=package: flg=0x4000010 (has extras) }) adj=945.
07-29 21:29:06.813  2463  4412 I SmartPower: com.miui.newhome/10296(11730): background->idle(3004ms) R(broadcast start Intent { act=android.intent.action.PACKAGE_ADDED dat=package: flg=0x4000010 (has extras) }) adj=905.
07-29 21:29:06.813  2463  4412 I SmartPower: com.milink.service:audio/10178(19382): background->idle(3006ms) R(broadcast start Intent { act=android.intent.action.PACKAGE_ADDED dat=package: flg=0x4000010 (has extras) }) adj=200.
07-29 21:29:06.814  2463  4412 I SmartPower: com.milink.crossdeviceservice/10178(27042): background->idle(3006ms) R(broadcast start Intent { act=android.intent.action.PACKAGE_ADDED dat=package: flg=0x4000010 (has extras) }) adj=915.
07-29 21:29:06.858  2463  2463 W NotificationHistory: Attempted to add notif for locked/gone/disabled user 0
07-29 21:29:06.870  4979  4979 E NotifCollection: No notification to remove with key 0|com.xiaomi.market|31004253|null|10167 reason=0:REASON_UNKNOWN
07-29 21:29:06.944  9900 13031 I Market-DownloadLimitSpeedManager: stopLimitSpeed
07-29 21:29:06.944  9900 13031 I Market-LimitSpeedManager: stopLimitSpeedNow() =========== 
07-29 21:29:06.984  9900 13031 I Market-RetrofitRequest: callEnd : https://updateinfo.market.xiaomi.com/apm/updateinfo/v2
07-29 21:29:06.987  9900 13031 W Market-Connection: Connection result is cut off as too long
07-29 21:29:06.994  9900 13031 I Market-LocalAppManager: getUpdateInfoFromServer : end  , responseCode : OK
07-29 21:29:06.994  9900 13031 I Market-LocalAppManager: checkUpdateFromServer : end
07-29 21:29:06.996  9900 13031 I Market-LocalAppManager: checkUpdateFromServer  data parser : end
07-29 21:29:06.996  9900 13031 I Market-HuanjiManager: condition not satisfied, ignore
07-29 21:29:06.997  9900 13031 I Market-DataParser: [InvalidPackageList] JSON : invalidSystemPackageList list is null
07-29 21:29:06.997  9900 13031 I Market-LocalAppManager: checkUpdateFromServer  filter package : end
07-29 21:29:06.997  9900 13031 I Market-LocalAppManager: checkUpdateFromServer  support64BitPackagesJsonArray : end
07-29 21:29:06.997  9900 13031 I Market-LocalAppManager: query update apps from server : finish, 64 / 425 to update
07-29 21:29:07.009  9900 13031 I Market-RetrofitRequest: callStart : https://updateinfo.market.xiaomi.com/apm/updateinfo/priority
07-29 21:29:07.010  9900 13031 I Market-RetrofitRequest: HeaderInterceptor : https://updateinfo.market.xiaomi.com/apm/updateinfo/priority
07-29 21:29:07.011  9900 13031 E Market-Client: isSupportChildMode, error: java.lang.NumberFormatException: For input string: ""
07-29 21:29:07.011  9900 13031 E Market-Client: isSupportChildMode, error: java.lang.NumberFormatException: For input string: ""
07-29 21:29:07.013  9900 13031 I Market-LimitSpeedManager: startLimitSpeedNow() ====== speed = 32768
07-29 21:29:07.016  9900 13031 I Market-DownloadLimitSpeedManager: startLimitSpeed success. Total count 1
07-29 21:29:07.017  9900 13031 I Market-RetrofitRequest: HeaderInterceptor : https://updateinfo.market.xiaomi.com/apm/updateinfo/priority
07-29 21:29:07.077  9900 13031 I Market-DownloadLimitSpeedManager: stopLimitSpeed
07-29 21:29:07.078  9900 13031 I Market-LimitSpeedManager: stopLimitSpeedNow() =========== 
07-29 21:29:07.083  9900 13031 I Market-RetrofitRequest: callEnd : https://updateinfo.market.xiaomi.com/apm/updateinfo/priority
07-29 21:29:07.088  9900 13031 I Market-SystemSettingsManager: extraSettingsSecureGetInt key: com.xiaomi.market.need_update_game_count, value: 0
07-29 21:29:07.089  9900 13031 I Market-UpdateAppList: update app list do not change, don't notify: pkg (61) = com.ss.android.ugc.aweme,com.milink.service,com.miui.hybrid,com.baidu.BaiduMap,com.netease.newsreader.activity,com.baidu.searchbox.lite,com.android.fileexplorer,com.xiaomi.aiasst.vision,com.microsoft.office.outlook,com.miui.newhome,com.autonavi.minimap,com.miui.calculator,com.miui.mishare.connectivity,com.android.contacts,com.unionpay.tsmservice.mi,com.miui.voiceassist,com.miui.thirdappassistant,com.xiaomi.scanner,com.miui.securitycenter,com.duokan.reader,com.baidu.searchbox,com.wuba.zhuanzhuan,com.xingin.xhs,com.miui.touchassistant,tv.danmaku.bili,com.dragon.read,com.miui.gallery,com.miui.cloudservice,com.UCMobile,com.mfashiongallery.emag,com.miui.carlink,com.miui.notes,com.xiaomi.payment,com.miui.home,com.miui.tsmclient,com.xiaomi.gamecenter,com.smile.gifmaker,com.android.browser,com.suxing.sustream,com.xiaomi.mis,com.miui.virtualsim,com.android.quicksearchbox,com.sina.news,com.miui.video,com.miui.weather2,com.ss.android.article.news,com.quark.browser,com.xiaomi.mi_connect_service,com.miui.personalassistant,com.android.mms,com.xiaomi.gamecenter.sdk.service,com.kuaishou.nebula,com.android.thememanager,com.miui.bugreport,com.xiaomi.digitalkey,com.android.calendar,com.xiaomi.aicr,com.xiaomi.xmsf,com.xiaomi.mirror,com.miui.yellowpage,com.android.soundrecorder
07-29 21:29:07.090  9900 12565 I Market-SubScriptManager: updateMarketSubScript forceShow : false
07-29 21:29:07.090  9900 12565 I Market-SubScriptManager: get count 61
07-29 21:29:07.091  9900 12565 I Market-SubScriptManager: get count 61
07-29 21:29:07.092  9900 13031 I Market-LocalAppManager: queryDiffSizeFromServer start
07-29 21:29:07.093  9900 13031 I Market-RetrofitRequest: callStart : https://updateinfo.market.xiaomi.com/apm/updateinfo/diffsize
07-29 21:29:07.094  9900 13031 I Market-RetrofitRequest: HeaderInterceptor : https://updateinfo.market.xiaomi.com/apm/updateinfo/diffsize
07-29 21:29:07.095  9900 13031 E Market-Client: isSupportChildMode, error: java.lang.NumberFormatException: For input string: ""
07-29 21:29:07.095  9900 13031 E Market-Client: isSupportChildMode, error: java.lang.NumberFormatException: For input string: ""
07-29 21:29:07.097  9900 13031 I Market-LimitSpeedManager: startLimitSpeedNow() ====== speed = 32768
07-29 21:29:07.101  9900 13031 I Market-DownloadLimitSpeedManager: startLimitSpeed success. Total count 1
07-29 21:29:07.101  9900 13031 I Market-RetrofitRequest: HeaderInterceptor : https://updateinfo.market.xiaomi.com/apm/updateinfo/diffsize
07-29 21:29:07.167  9900 13031 I Market-DownloadLimitSpeedManager: stopLimitSpeed
07-29 21:29:07.167  9900 13031 I Market-LimitSpeedManager: stopLimitSpeedNow() =========== 
07-29 21:29:07.173  9900 13031 I Market-RetrofitRequest: callEnd : https://updateinfo.market.xiaomi.com/apm/updateinfo/diffsize
07-29 21:29:07.174  9900 13031 I Market-LocalAppManager: queryDiffSizeFromServer end
07-29 21:29:07.174  9900 17079 I Market-SubScriptManager: updateMarketSubScript forceShow : false
07-29 21:29:07.175  9900 17079 I Market-SubScriptManager: get count 61
07-29 21:29:07.175  9900 13031 I Market-WakeLockManager: release wakeLock: CheckUpdateService
07-29 21:29:07.175  9900 17079 I Market-SubScriptManager: get count 61
07-29 21:29:07.178  2463  5535 I ActivityManager: Cancel FGS notification userId: 0 definingUid: 10167 packageName: com.xiaomi.market processName:com.xiaomi.market ChannelId:com.xiaomi.market_hide foregroundNotiWhen:1753795746633 Notiflags:104
07-29 21:29:07.178  1844  1844 I vendor.qti.hardware.servicetrackeraidl-service: destroyService is called for service : com.xiaomi.market/.business_core.update.auto.CheckUpdateService
07-29 21:29:07.178  2463  5535 W ForegroundServiceTypeLoggerModule: FGS stop call for: 10167 has no types!
07-29 21:29:07.178  2463  2463 I NotificationService: Cancel FGS notification CallingUid: 10167 CallingPid: 9900 Pkg: com.xiaomi.market Id:31004253 Tag:null UserId:0 MustHaveFlags:0 MustNotHaveFlags:0 Reason:8 foregroundNotiWhen:1753795746633 foregroundNotiFlags:104 foregroundNotiChannelId:com.xiaomi.market_hide
07-29 21:29:07.179  9900  9900 I Market-ServiceUtils: stop foreground service: CheckUpdateService
07-29 21:29:07.183  2463  4205 I MiuiNetworkPolicy: updateUidState uid = 10261, uidState = 10
07-29 21:29:07.183  2463  4205 I MiuiNetworkPolicyTrafficLimit: updateWhiteListUidForMobileTraffic uid=10261,add=false
07-29 21:29:07.184  4979  4979 E NotifCollection: No notification to remove with key 0|com.xiaomi.market|31004253|null|10167 reason=8:REASON_APP_CANCEL
07-29 21:29:07.185  2463  4205 I MiuiNetworkPolicy: updateUidState uid = 10203, uidState = 6
07-29 21:29:07.186  2463  4205 I MiuiNetworkPolicy: updateUidState uid = 10167, uidState = 10
07-29 21:29:07.186  2463  4205 I MiuiNetworkPolicyTrafficLimit: updateWhiteListUidForMobileTraffic uid=10167,add=false
07-29 21:29:07.187  2463  4205 I MiuiNetworkPolicy: updateUidState uid = 10158, uidState = 10
07-29 21:29:07.190  2463  4205 I MiuiNetworkPolicyTrafficLimit: updateWhiteListUidForMobileTraffic uid=10158,add=false
07-29 21:29:07.191  2463  4205 I MiuiNetworkPolicy: updateUidState uid = 10261, uidState = 19
07-29 21:29:07.191  2463  4205 I MiuiNetworkPolicy: updateUidState uid = 10158, uidState = 19
07-29 21:29:07.239  9900  9930 I m.xiaomi.market: This is non sticky GC, maxfree is 16777216 minfree is 8388608
07-29 21:29:07.305  2463  2526 I ThermalObserver: Gallery hdr is disable by thermal.
07-29 21:29:07.317  2463  4412 I SmartPower: com.miui.phrase/10162(27285): background->idle(3001ms) R(content provider start ContentProviderRecord{e3754c6 u0 com.miui.phrase/com.miui.provider.InputProvider}) adj=905.
07-29 21:29:07.460  3117  3117 I adbd    : in ShellService: pm list packages -f
07-29 21:29:07.569  7989  7989 I RuntimePermissionManager: isRuntimeRequestSupport: true
07-29 21:29:07.575  2463  2775 I AppsFilter: interaction: PackageSetting{d5423a8 com.android.microdroid.empty_payload/10236} -> PackageSetting{b413018 com.miui.cleanmaster/10266} BLOCKED
07-29 21:29:07.577  3117  3117 I adbd    : in ShellService: dumpsys package com.piyush.music
07-29 21:29:07.577  2463  2775 I AppsFilter: interaction: PackageSetting{921c666 io.appium.uiautomator2.server.test/10280} -> PackageSetting{b413018 com.miui.cleanmaster/10266} BLOCKED
07-29 21:29:07.578  2463  2775 I AppsFilter: interaction: PackageSetting{6b8bda7 io.github.ylimit.droidbotapp/10387} -> PackageSetting{b413018 com.miui.cleanmaster/10266} BLOCKED
07-29 21:29:07.578  2463  2775 I AppsFilter: interaction: PackageSetting{c9bd254 com.rongcard.eid/10151} -> PackageSetting{b413018 com.miui.cleanmaster/10266} BLOCKED
07-29 21:29:07.578  2463  2775 I AppsFilter: interaction: PackageSetting{96655fd io.appium.settings/10274} -> PackageSetting{b413018 com.miui.cleanmaster/10266} BLOCKED
07-29 21:29:07.589  2463  5128 W ContentProviderHelper: No provider info for content provider  when providerRunning is false, caller is ProcessRecord{15056c5 18854:com.android.quicksearchbox:ApplicationsProvider/u0a136}
07-29 21:29:07.589 18854 18878 E ActivityThread: Failed to find provider info for 
07-29 21:29:07.589  7368 23545 I PermissionControllerServiceImpl: Updating user sensitive for uid 10266
07-29 21:29:07.590  2463  5129 W ContentProviderHelper: No provider info for content provider  when providerRunning is false, caller is null
07-29 21:29:07.595  2463  6119 I ClipboardServiceI: checkProviderWakePathForClipboard: primaryClip is null
07-29 21:29:07.595  2463  5442 W ParceledListSlice: Element #8 is 20788 bytes.
07-29 21:29:07.595  2463  5442 W ParceledListSlice: Element #9 is 20768 bytes.
07-29 21:29:07.598  2463  3740 W ParceledListSlice: Element #44 is 26672 bytes.
07-29 21:29:07.598  2463  3740 W ParceledListSlice: Overly large reply size: 82204
07-29 21:29:07.599  2463  5121 W ParceledListSlice: Element #45 is 26676 bytes.
07-29 21:29:07.599  2463  5121 W ParceledListSlice: Element #46 is 26676 bytes.
07-29 21:29:07.599  2463  5121 W ParceledListSlice: Element #47 is 26684 bytes.
07-29 21:29:07.599  2463  3740 W ParceledListSlice: Element #48 is 26688 bytes.
07-29 21:29:07.599  7773  7773 E RegisteredServicesCache: Skipping application component ComponentInfo{com.UCMobile/com.alibaba.ariver.commonability.device.jsapi.nfc.service.TinyAppHostApduService}: it must request the permission android.permission.NFC
07-29 21:29:07.599  7773  7773 E RegisteredServicesCache: Skipping application component ComponentInfo{com.UCMobile/com.alipay.mobile.aompdevice.nfc.service.TinyAppHostApduService}: it must request the permission android.permission.NFC
07-29 21:29:07.599  2463  3740 W ParceledListSlice: Element #54 is 19664 bytes.
07-29 21:29:07.600  7773  7773 E RegisteredServicesCache: Skipping application component ComponentInfo{com.autonavi.minimap/com.alibaba.ariver.commonability.device.jsapi.nfc.service.TinyAppHostApduService}: it must request the permission android.permission.NFC
07-29 21:29:07.600  7773  7773 E RegisteredServicesCache: Skipping application component ComponentInfo{com.autonavi.minimap/com.alipay.mobile.aompdevice.nfc.service.TinyAppHostApduService}: it must request the permission android.permission.NFC
07-29 21:29:07.600  2463 15424 W ParceledListSlice: Element #55 is 19652 bytes.
07-29 21:29:07.600  2463 15424 W ParceledListSlice: Element #56 is 19692 bytes.
07-29 21:29:07.600  2463 15424 W ParceledListSlice: Element #57 is 19720 bytes.
07-29 21:29:07.600  2463 15424 W ParceledListSlice: Element #58 is 19720 bytes.
07-29 21:29:07.600  2463  5128 W ParceledListSlice: Element #59 is 19684 bytes.
07-29 21:29:07.600  2463  5128 W ParceledListSlice: Element #60 is 19692 bytes.
07-29 21:29:07.600  2463  5128 W ParceledListSlice: Element #61 is 19668 bytes.
07-29 21:29:07.600  2463  5128 W ParceledListSlice: Element #62 is 19680 bytes.
07-29 21:29:07.601  2463  5121 W ParceledListSlice: Element #63 is 19672 bytes.
07-29 21:29:07.601  2463  5121 W ParceledListSlice: Element #64 is 29724 bytes.
07-29 21:29:07.601  2463  5121 W ParceledListSlice: Element #65 is 29744 bytes.
07-29 21:29:07.601  2463  5129 W ParceledListSlice: Element #66 is 29736 bytes.
07-29 21:29:07.602  2463  5535 W ContentProviderHelper: Permission Denial: opening provider com.alibaba.aliexpress.android.search.nav.SearchSuggestionProvider from ProcessRecord{15056c5 18854:com.android.quicksearchbox:ApplicationsProvider/u0a136} (pid=18854, uid=10136) that is not exported from UID 10303
07-29 21:29:07.603  4916  5777 E SmsApplication: com.android.mms lost android:read_cell_broadcasts:  (fixing)
07-29 21:29:07.604  2463  5535 W AppOpService: Ignored setUidMode call for runtime permission app op: uid = 10141, code = READ_CELL_BROADCASTS, mode = allow, callingUid = 1001, oldMode = allow
07-29 21:29:07.606  2463  5442 W AppOpService: Ignored setUidMode call for runtime permission app op: uid = 1001, code = READ_SMS, mode = allow, callingUid = 1001, oldMode = allow
07-29 21:29:07.606  2463  5442 W AppOpService: Ignored setUidMode call for runtime permission app op: uid = 1001, code = RECEIVE_SMS, mode = allow, callingUid = 1001, oldMode = allow
07-29 21:29:07.606  2463  5442 W AppOpService: Ignored setUidMode call for runtime permission app op: uid = 1001, code = RECEIVE_WAP_PUSH, mode = allow, callingUid = 1001, oldMode = allow
07-29 21:29:07.606  2463  5442 W AppOpService: Ignored setUidMode call for runtime permission app op: uid = 1001, code = SEND_SMS, mode = allow, callingUid = 1001, oldMode = allow
07-29 21:29:07.606  2463  5442 W AppOpService: Ignored setUidMode call for runtime permission app op: uid = 1001, code = READ_CELL_BROADCASTS, mode = allow, callingUid = 1001, oldMode = allow
07-29 21:29:07.607  2463  4205 I MiuiNetworkPolicy: updateUidState uid = 10303, uidState = 6
07-29 21:29:07.607  2463  5129 I ClipboardServiceI: checkProviderWakePathForClipboard: primaryClip is null
07-29 21:29:07.608  2463  4205 I MiuiNetworkPolicy: updateUidState uid = 10169, uidState = 6
07-29 21:29:07.609  7773  7773 I RegisteredServicesCache: current user: 0, is managed profile : false
07-29 21:29:07.610  2463  4205 I MiuiNetworkPolicy: updateUidState uid = 10303, uidState = 19
07-29 21:29:07.610  2463  4205 I MiuiNetworkPolicy: updateUidState uid = 10169, uidState = 10
07-29 21:29:07.610  2463  5531 W Bundle  : Failed to parse item error, returning null.
07-29 21:29:07.610  2463  5531 W Bundle  : android.os.BadTypeParcelableException: Parcelable creator android.os.ParcelableException is not a subclass of required class java.lang.String provided in the parameter
07-29 21:29:07.610  2463  5531 W Bundle  : 	at android.os.Parcel.readParcelableCreatorInternal(Parcel.java:5206)
07-29 21:29:07.610  2463  5531 W Bundle  : 	at android.os.Parcel.readParcelableInternal(Parcel.java:5080)
07-29 21:29:07.610  2463  5531 W Bundle  : 	at android.os.Parcel.readValue(Parcel.java:4840)
07-29 21:29:07.610  2463  5531 W Bundle  : 	at android.os.Parcel.readValue(Parcel.java:4609)
07-29 21:29:07.610  2463  5531 W Bundle  : 	at android.os.Parcel.-$$Nest$mreadValue(Unknown Source:0)
07-29 21:29:07.610  2463  5531 W Bundle  : 	at android.os.Parcel$LazyValue.apply(Parcel.java:4707)
07-29 21:29:07.610  2463  5531 W Bundle  : 	at android.os.Parcel$LazyValue.apply(Parcel.java:4666)
07-29 21:29:07.610  2463  5531 W Bundle  : 	at android.os.BaseBundle.unwrapLazyValueFromMapLocked(BaseBundle.java:416)
07-29 21:29:07.610  2463  5531 W Bundle  : 	at android.os.BaseBundle.getValueAt(BaseBundle.java:402)
07-29 21:29:07.610  2463  5531 W Bundle  : 	at android.os.BaseBundle.getPairValue(BaseBundle.java:282)
07-29 21:29:07.610  2463  5531 W Bundle  : 	at com.android.server.am.ContentProviderHelper.lambda$getMimeTypeFilterAsync$1(ContentProviderHelper.java:1212)
07-29 21:29:07.610  2463  5531 W Bundle  : 	at com.android.server.am.ContentProviderHelper.$r8$lambda$JV9jTPlBHAPZLxkKAqq24ds-FLE(Unknown Source:0)
07-29 21:29:07.610  2463  5531 W Bundle  : 	at com.android.server.am.ContentProviderHelper$$ExternalSyntheticLambda1.onResult(D8$$SyntheticClass:0)
07-29 21:29:07.610  2463  5531 W Bundle  : 	at android.os.RemoteCallback.sendResult(RemoteCallback.java:76)
07-29 21:29:07.610  2463  5531 W Bundle  : 	at android.os.RemoteCallback$1.sendResult(RemoteCallback.java:53)
07-29 21:29:07.610  2463  5531 W Bundle  : 	at android.os.IRemoteCallback$Stub.onTransact(IRemoteCallback.java:85)
07-29 21:29:07.610  2463  5531 W Bundle  : 	at android.os.Binder.execTransactInternal(Binder.java:1512)
07-29 21:29:07.610  2463  5531 W Bundle  : 	at android.os.Binder.execTransact(Binder.java:1451)
07-29 21:29:07.610 18854 18878 W ContentResolver: Failed to get type for: content://com.alibaba.aliexpress.android.search.nav.SearchSuggestionProvider/products (Unknown URL content://com.alibaba.aliexpress.android.search.nav.SearchSuggestionProvider/products)
07-29 21:29:07.610  7773  7773 I RegisteredAidCache: updateRoutingLocked(false): Enter
07-29 21:29:07.611  7773  7773 I AidRoutingManager: configureRouting(false): Enter
07-29 21:29:07.611  7773  7773 E AidRoutingManager: Size of routing table970
07-29 21:29:07.611  7773  7773 I RegisteredAidCache: updateRoutingLocked(false): exit
07-29 21:29:07.612  7773  7773 I libnfc_nci: [INFO:NativeT4tNfcee.cpp(870)] nfcManager_isFwSupportNonStdT4TAid Enter isFwSupport = 1
07-29 21:29:07.612  7773  7773 I libnfc_nci: [INFO:SecureElement.cpp(1487)] SecureElement::getEseHandleFromGenericId: enter; ESE-ID = 0x7F
07-29 21:29:07.612  7773  7773 I libnfc_nci: [INFO:SecureElement.cpp(1528)] SecureElement::getEseHandleFromGenericId: enter; ESE-Handle = 0x410
07-29 21:29:07.612  7773  7773 I libnfc_nci: [INFO:SecureElement.cpp(1487)] SecureElement::getEseHandleFromGenericId: enter; ESE-ID = 0x00
07-29 21:29:07.612  7773  7773 I libnfc_nci: [INFO:SecureElement.cpp(1528)] SecureElement::getEseHandleFromGenericId: enter; ESE-Handle = 0x400
07-29 21:29:07.613  4897 29216 I SecureElement-Terminal-eSE1: isSecureElementPresent()
07-29 21:29:07.613  1746  1746 I android.hardware.secure_element-service.qti: isCardPresent
07-29 21:29:07.613  1746  1746 I android.hardware.secure_element-service.qti: isCardPresent exit, cardPresent: 1
07-29 21:29:07.614  4897 29216 I SecureElement-Terminal-SIM1: isSecureElementPresent()
07-29 21:29:07.614  4897 29216 I SecureElement-Terminal-SIM1: isNfcEventAllowed: No access rules for checking.
07-29 21:29:07.615  4897 29216 I SecureElement-Terminal-SIM2: isSecureElementPresent()
07-29 21:29:07.616  2463  5128 W ContentProviderHelper: No provider info for content provider  when providerRunning is false, caller is ProcessRecord{15056c5 18854:com.android.quicksearchbox:ApplicationsProvider/u0a136}
07-29 21:29:07.617 12230 12394 I Ad      : isPersonalizedAdEnabled getAdSettings: 1
07-29 21:29:07.618  2463  5529 W ParceledListSlice: Element #273 is 21068 bytes.
07-29 21:29:07.618 18854 18878 E ActivityThread: Failed to find provider info for 
07-29 21:29:07.618  2463  5529 W ParceledListSlice: Element #274 is 21048 bytes.
07-29 21:29:07.619  2463  5128 W ContentProviderHelper: No provider info for content provider  when providerRunning is false, caller is null
07-29 21:29:07.619  2463  5529 W ParceledListSlice: Element #275 is 21056 bytes.
07-29 21:29:07.619  2463  5529 W ParceledListSlice: Element #276 is 21036 bytes.
07-29 21:29:07.619  2463  5529 W ParceledListSlice: Element #277 is 21084 bytes.
07-29 21:29:07.619  2463  5529 W ParceledListSlice: Overly large reply size: 84248
07-29 21:29:07.619 12230 12321 I ystemAdSolution: This is sticky GC, maxfree is 16777216 minfree is 8388608
07-29 21:29:07.619  2463  5129 W ParceledListSlice: Element #278 is 21084 bytes.
07-29 21:29:07.619  2463  5129 W ParceledListSlice: Element #279 is 21096 bytes.
07-29 21:29:07.619  2463  5129 W ParceledListSlice: Element #280 is 21084 bytes.
07-29 21:29:07.619  2463  5129 W ParceledListSlice: Element #281 is 21084 bytes.
07-29 21:29:07.619  2463  5129 W ParceledListSlice: Overly large reply size: 84372
07-29 21:29:07.620  2463  5529 W ParceledListSlice: Element #282 is 21104 bytes.
07-29 21:29:07.620  2463  5529 W ParceledListSlice: Element #283 is 21092 bytes.
07-29 21:29:07.620  2463  5529 W ParceledListSlice: Element #284 is 21080 bytes.
07-29 21:29:07.623  2463  5128 W ContentProviderHelper: Permission Denial: opening provider com.alibaba.aliexpress.android.search.nav.SearchSuggestionProvider from ProcessRecord{15056c5 18854:com.android.quicksearchbox:ApplicationsProvider/u0a136} (pid=18854, uid=10136) that is not exported from UID 10303
07-29 21:29:07.624  3117  3117 I adbd    : in ShellService: ps
07-29 21:29:07.625  2463  6120 I ClipboardServiceI: checkProviderWakePathForClipboard: primaryClip is null
07-29 21:29:07.628  2463  4205 I MiuiNetworkPolicy: updateUidState uid = 10303, uidState = 6
07-29 21:29:07.628  2463  4205 I MiuiNetworkPolicy: updateUidState uid = 10169, uidState = 6
07-29 21:29:07.629  2463  5065 W Bundle  : Failed to parse item error, returning null.
07-29 21:29:07.629  2463  5065 W Bundle  : android.os.BadTypeParcelableException: Parcelable creator android.os.ParcelableException is not a subclass of required class java.lang.String provided in the parameter
07-29 21:29:07.629  2463  5065 W Bundle  : 	at android.os.Parcel.readParcelableCreatorInternal(Parcel.java:5206)
07-29 21:29:07.629  2463  5065 W Bundle  : 	at android.os.Parcel.readParcelableInternal(Parcel.java:5080)
07-29 21:29:07.629  2463  5065 W Bundle  : 	at android.os.Parcel.readValue(Parcel.java:4840)
07-29 21:29:07.629  2463  5065 W Bundle  : 	at android.os.Parcel.readValue(Parcel.java:4609)
07-29 21:29:07.629  2463  5065 W Bundle  : 	at android.os.Parcel.-$$Nest$mreadValue(Unknown Source:0)
07-29 21:29:07.629  2463  5065 W Bundle  : 	at android.os.Parcel$LazyValue.apply(Parcel.java:4707)
07-29 21:29:07.629  2463  5065 W Bundle  : 	at android.os.Parcel$LazyValue.apply(Parcel.java:4666)
07-29 21:29:07.629  2463  5065 W Bundle  : 	at android.os.BaseBundle.unwrapLazyValueFromMapLocked(BaseBundle.java:416)
07-29 21:29:07.629  2463  5065 W Bundle  : 	at android.os.BaseBundle.getValueAt(BaseBundle.java:402)
07-29 21:29:07.629  2463  5065 W Bundle  : 	at android.os.BaseBundle.getPairValue(BaseBundle.java:282)
07-29 21:29:07.629  2463  5065 W Bundle  : 	at com.android.server.am.ContentProviderHelper.lambda$getMimeTypeFilterAsync$1(ContentProviderHelper.java:1212)
07-29 21:29:07.629  2463  5065 W Bundle  : 	at com.android.server.am.ContentProviderHelper.$r8$lambda$JV9jTPlBHAPZLxkKAqq24ds-FLE(Unknown Source:0)
07-29 21:29:07.629  2463  5065 W Bundle  : 	at com.android.server.am.ContentProviderHelper$$ExternalSyntheticLambda1.onResult(D8$$SyntheticClass:0)
07-29 21:29:07.629  2463  5065 W Bundle  : 	at android.os.RemoteCallback.sendResult(RemoteCallback.java:76)
07-29 21:29:07.629  2463  5065 W Bundle  : 	at android.os.RemoteCallback$1.sendResult(RemoteCallback.java:53)
07-29 21:29:07.629  2463  5065 W Bundle  : 	at android.os.IRemoteCallback$Stub.onTransact(IRemoteCallback.java:85)
07-29 21:29:07.629  2463  5065 W Bundle  : 	at android.os.Binder.execTransactInternal(Binder.java:1512)
07-29 21:29:07.629  2463  5065 W Bundle  : 	at android.os.Binder.execTransact(Binder.java:1451)
07-29 21:29:07.630 18854 18878 W ContentResolver: Failed to get type for: content://com.alibaba.aliexpress.android.search.nav.SearchSuggestionProvider/products (Unknown URL content://com.alibaba.aliexpress.android.search.nav.SearchSuggestionProvider/products)
07-29 21:29:07.632 18794 18906 I artd    : Dex parent of /data/app/~~5X1kDdbtj0xRu0qy-8GdmA==/com.piyush.music-aLkCpKL2D8FHANhay3Oz5w==/base.apk is not writable: Permission denied
07-29 21:29:07.632 18794 18906 I artd    : GetBestInfo checking odex in dalvik-cache (/data/dalvik-cache/arm64/data@app@~~5X1kDdbtj0xRu0qy-8GdmA==@com.piyush.music-aLkCpKL2D8FHANhay3Oz5w==@base.apk@classes.dex)
07-29 21:29:07.632 18794 18906 I artd    : Loading /data/dalvik-cache/arm64/data@app@~~5X1kDdbtj0xRu0qy-8GdmA==@com.piyush.music-aLkCpKL2D8FHANhay3Oz5w==@base.apk@classes.dex with executable: 0
07-29 21:29:07.632 18794 18906 I artd    : OatFileAssistant test for existing oat file /data/dalvik-cache/arm64/data@app@~~5X1kDdbtj0xRu0qy-8GdmA==@com.piyush.music-aLkCpKL2D8FHANhay3Oz5w==@base.apk@classes.dex: File /data/dalvik-cache/arm64/data@app@~~5X1kDdbtj0xRu0qy-8GdmA==@com.piyush.music-aLkCpKL2D8FHANhay3Oz5w==@base.apk@classes.vdex does not exist.
07-29 21:29:07.632 18794 18906 I artd    : GetBestInfo checking odex next to the dex file (/data/app/~~5X1kDdbtj0xRu0qy-8GdmA==/com.piyush.music-aLkCpKL2D8FHANhay3Oz5w==/oat/arm64/base.odex)
07-29 21:29:07.632 18794 18906 I artd    : Loading /data/app/~~5X1kDdbtj0xRu0qy-8GdmA==/com.piyush.music-aLkCpKL2D8FHANhay3Oz5w==/oat/arm64/base.odex with executable: 0
07-29 21:29:07.633 18794 18906 I artd    : Successfully loaded /data/app/~~5X1kDdbtj0xRu0qy-8GdmA==/com.piyush.music-aLkCpKL2D8FHANhay3Oz5w==/oat/arm64/base.odex with executable: 0
07-29 21:29:07.633 18794 18906 I artd    : /data/app/~~5X1kDdbtj0xRu0qy-8GdmA==/com.piyush.music-aLkCpKL2D8FHANhay3Oz5w==/oat/arm64/base.odex is kOatUpToDate with filter verify
07-29 21:29:07.633  7989  8778 I RuntimePermissionManager: isRuntimeRequestSupport: true
07-29 21:29:07.634  7989  8778 I InstalledPackagesMemoryCache: getInstallPermissionGranted=true
07-29 21:29:07.634  2463  4205 I MiuiNetworkPolicy: updateUidState uid = 10303, uidState = 19
07-29 21:29:07.634  2463  4205 I MiuiNetworkPolicy: updateUidState uid = 10169, uidState = 10
07-29 21:29:07.640  2463  2526 W EnhancedConfirmationService: The packageName should not be null.
07-29 21:29:07.641  2463  2526 W MagnificationConnectionManager: requestConnection duplicated request: connect=false, mConnectionState=DISCONNECTED
07-29 21:29:07.645  2463  5177 I NetworkAccelerateSwitchService: EVENT_RSSI_POLL. mRssiPoll=true
07-29 21:29:07.645  2463  5177 I NetworkAccelerateSwitchService: getAverageWifiRssi:64
07-29 21:29:07.671  8974 20253 E PackageUtil: getPackageInfoAsUser failed com.piyush.music , 999
07-29 21:29:07.681  3117  3117 I adbd    : in ShellService: dumpsys activity activities
07-29 21:29:07.683  8974 17241 E PackageUtil: getPackageInfoAsUser failed com.piyush.music , 999
07-29 21:29:07.701 12982 26704 I onNQEResult: result.score = 0minscore = nullmaxscore = null
07-29 21:29:07.749  3117  3117 I adbd    : in ShellService: dumpsys activity activities
07-29 21:29:07.755  2463  4205 I MiuiNetworkPolicy: bandwidth: 24 KB/s, Max bandwidth: 1686 KB/s
07-29 21:29:07.773  2105  2105 E DisplayModeController: setDesiredMode : Idle status skip setActiveMode, isDdicIdleMode: 1
07-29 21:29:07.779  1827  2399 I SDM     : HWCDisplay::SetActiveConfigWithConstraints: display:66-0, config: 3, WxH 1200x2670, fps 120
07-29 21:29:07.779  1827  2399 W SDM     : HWDeviceDRM::GetSupportedBitClkRate: Requested rate not supported: 1150000000
07-29 21:29:07.779  1827  2399 I SDM     : HWDeviceDRM::UpdateMixerAttributes: Mixer WxH 1200x2670-1 for Peripheral
07-29 21:29:07.780  1827  2399 I SDM     : HWCDisplay::SubmitDisplayConfig: Active configuration changed from config 1 to 3
07-29 21:29:07.780  1827  2399 I SDM     : HWCDisplay::SubmitDisplayConfig: Active WxH 1200x2670 ,ddic_mode:auto, timing_fps: 120, sf_fps: 120
07-29 21:29:07.780  1827  2752 I vendor.qti.hardware.display.composer-service: Sensor: notify citsensorservice to trigger cwb, misForced = 0
07-29 21:29:07.782  3002  4297 I libsensor-parseRGB: request dump start for mRequestDisplayId 0
07-29 21:29:07.790 19799 19824 W mit.droidbotapp: Cleared Reference was only reachable from finalizer (only reported once)
07-29 21:29:07.799 19799 19824 I mit.droidbotapp: This is non sticky GC, maxfree is 16777216 minfree is 8388608
07-29 21:29:07.811  3002  6353 E libsensor-parseRGB: CWB NotifyCWBBufferDone  error 0
07-29 21:29:07.834  3117  3117 I adbd    : in ShellService: dumpsys activity activities
07-29 21:29:07.843  2463  4403 E HyperSentinel: -------------------------------------------------------
07-29 21:29:07.847  2463  4403 E HyperSentinel: Event_ThreadAmount
07-29 21:29:07.847  2463  4403 E HyperSentinel: -> audit event by proc 19799 "io.github.ylimit.droidbotapp": running threads amount, 0 -> 27
07-29 21:29:07.882  2463  4412 I SmartPower: com.miui.notes/10275(13074): background->idle(3001ms) R(content provider start ContentProviderRecord{c0729a2 u0 com.miui.notes/.provider.NotesProvider}) adj=905.
07-29 21:29:07.887  2463  4412 I SmartPower: com.alibaba.aliexpresshd/10303(5685): background->idle(3001ms) R(content provider start ContentProviderRecord{716322c u0 com.alibaba.aliexpresshd/com.alibaba.aliexpress.android.search.nav.SearchSuggestionProvider}) adj=905.
07-29 21:29:07.919  3117  3117 I adbd    : in ShellService: dumpsys activity services
07-29 21:29:07.987  1827  2752 I vendor.qti.hardware.display.composer-service: Sensor: notify citsensorservice to trigger cwb, misForced = 0
07-29 21:29:07.987  3002  4297 I libsensor-parseRGB: request dump start for mRequestDisplayId 0
07-29 21:29:08.018  3002  6353 E libsensor-parseRGB: CWB NotifyCWBBufferDone  error 0
07-29 21:29:08.021  2463  5121 W InputManager-JNI: Input channel object 'ebe0151 Toast (client)' was disposed without first being removed with the input manager!
07-29 21:29:08.022  2463  5121 I PowerManagerServiceImpl: Release wakelock: SCREEN_BRIGHT_WAKE_LOCK           'WindowManager/displayId:0' ON_AFTER_RELEASE DISABLED ACQ=-2s567ms (uid=1000 pid=2463 pkg=android ws=WorkSource{1000 com.android.systemui})
07-29 21:29:08.023  2105  2755 I BpBinder: onLastStrongRef automatically unlinking death recipients: 
07-29 21:29:08.025  2463  5121 W NotificationService: Toast already killed. pkg=com.miui.home token=android.os.BinderProxy@cf7fd08
07-29 21:29:08.038  1827  2399 I MiClstc : simplifyLayerName Unknown layer 1, skip
07-29 21:29:08.038  1827  2399 I MiClstc : DropLayers erase layer 1
07-29 21:29:08.040  2105  2105 I MI-SF   : surfaceflinger setAffinity mode=0
07-29 21:29:08.040  2105  2105 E MI-SF   : surfaceflinger setAffinity success
07-29 21:29:08.054  3117  3117 I adbd    : in ShellService: screencap -p /sdcard/screen_2025-07-29_212909.png
07-29 21:29:08.082  7989  7989 I PackageInstallReceiver: action = android.intent.action.PACKAGE_CHANGED packageName = com.miui.cleanmaster
07-29 21:29:08.082  7989  7989 W InstalledPackagesMemoryCache: Unknown action: android.intent.action.PACKAGE_CHANGED
07-29 21:29:08.082  7989  7989 I ServiceDeliveryCapability: onAppChanged:com.miui.cleanmaster action:android.intent.action.PACKAGE_CHANGED
07-29 21:29:08.083  7989  7989 I AppWidgetDelegate: updateAppWidgets for com.miui.cleanmaster
07-29 21:29:08.083  7989  7989 I WidgetController: WidgetController.updateOrRemoveStackWhenPackageChanged: packageName com.miui.cleanmaster
07-29 21:29:08.083  7989  7989 I WidgetBackgroundBlurManager: onAppChanged appPackageName : com.miui.cleanmaster
07-29 21:29:08.084  7989  8659 I AppWidgetDelegate: removeAllWidgets com.xiaomi.misettings.usagestats.widget.desktop.widget.SimpleUsageStatsWidget
07-29 21:29:08.084  7989  8659 I AppWidgetDelegate: removeAllWidgets com.android.calendar.widget.NearEventAppWidget
07-29 21:29:08.116  1827  2108 I SDM     : DisplayBase::CommitThread: Received idle timeout, panel: cmd, timeout: 70000 us
07-29 21:29:08.152  1827  2399 I SDM     : HWCDisplay::SetActiveConfigWithConstraints: display:66-0, config: 1, WxH 1200x2670, fps 120
07-29 21:29:08.153  1827  2399 W SDM     : HWDeviceDRM::GetSupportedBitClkRate: Requested rate not supported: 1150000000
07-29 21:29:08.153  1827  2399 I SDM     : HWDeviceDRM::UpdateMixerAttributes: Mixer WxH 1200x2670-1 for Peripheral
07-29 21:29:08.153  1827  2399 I SDM     : HWCDisplay::SubmitDisplayConfig: Active configuration changed from config 3 to 1
