08-06 16:58:20.714  1843  2051 I SDM     : DisplayBase::CommitThread: Received idle timeout, panel: cmd, timeout: 70000 us
08-06 16:58:20.751  1843  1843 I SDM     : HWCDisplay::SetActiveConfigWithConstraints: display:66-0, config: 1, WxH 1200x2670, fps 120
08-06 16:58:20.752  1843  1843 W SDM     : HWDeviceDRM::GetSupportedBitClkRate: Requested rate not supported: 1150000000
08-06 16:58:20.752  1843  1843 I SDM     : HWDeviceDRM::UpdateMixerAttributes: Mixer WxH 1200x2670-1 for Peripheral
08-06 16:58:20.752  1843  1843 I SDM     : HWCDisplay::SubmitDisplayConfig: Active configuration changed from config 3 to 1
08-06 16:58:20.752  1843  1843 I SDM     : HWCDisplay::SubmitDisplayConfig: Active WxH 1200x2670 ,ddic_mode:idle, timing_fps: 120, sf_fps: 120
08-06 16:58:20.760  1843  3496 I vendor.qti.hardware.display.composer-service: Sensor: notify citsensorservice to trigger cwb, misForced = 0
08-06 16:58:20.762  3050  4554 I libsensor-parseRGB: request dump start for mRequestDisplayId 0
08-06 16:58:20.777  7458  8104 E Launcher.Transfer: transfer is closed
08-06 16:58:20.783  3050  4604 E libsensor-parseRGB: CWB NotifyCWBBufferDone  error 0
08-06 16:58:20.828  3086  3086 I adbd    : in ShellService: ps
08-06 16:58:20.839  1843  2051 I SDM     : DisplayBase::CommitThread: Received idle timeout, panel: cmd, timeout: 70000 us
08-06 16:58:20.918  1843  3496 I vendor.qti.hardware.display.composer-service: Sensor: notify citsensorservice to trigger cwb, misForced = 1
08-06 16:58:20.918  3050  4554 I libsensor-parseRGB: request dump start for mRequestDisplayId 0
08-06 16:58:20.937  7497  7497 I MiuiWallpaper-MiuiWallpaperManagerService: receive broadcast action = android.intent.action.PACKAGE_RESTARTED
08-06 16:58:20.942  3050  4604 E libsensor-parseRGB: CWB NotifyCWBBufferDone  error 0
08-06 16:58:20.998  1843  2051 I SDM     : DisplayBase::CommitThread: Received idle timeout, panel: cmd, timeout: 70000 us
08-06 16:58:20.999  1850  9931 E ANDR-PERF-LM: SAGT_ACTION: UpdateFPSData() 138: update /sys/kernel/sched_penalty/parameters/fps to 40, ret is 0
08-06 16:58:21.078  2474  2745 I SmartPower: com.miui.voiceassist:core/10193(12995): idle->background(4482ms) R(broadcast start Intent { act=android.intent.action.CLOSE_SYSTEM_DIALOGS flg=0x50000010 (has extras) }) adj=100.
08-06 16:58:21.080 12995 12995 I VA_AliveCore:MixMonitor: onReceive: action=android.intent.action.CLOSE_SYSTEM_DIALOGS
08-06 16:58:21.081 12995 12995 I VA_AliveCore:MixMonitor: onReceive: reason=homekey
08-06 16:58:21.082  2474  2745 I SmartPower: com.miui.systemAdSolution/10168(17757): idle->background(4862ms) R(broadcast start Intent { act=android.intent.action.CLOSE_SYSTEM_DIALOGS flg=0x50000010 (has extras) }) adj=100.
08-06 16:58:21.082 12995 12995 I VA_AliveCore:MixMonitor: onReceive: action=com.miui.fullscreen_state_change
08-06 16:58:21.083 12995 12995 I VA_AliveCore:MixMonitor: onReceive: action=com.miui.fullscreen_state_change;stateName=toHome
08-06 16:58:21.087  6011 14969 I Market-HomeKeyReceiver: onReceive: action: android.intent.action.CLOSE_SYSTEM_DIALOGS
08-06 16:58:21.087  6011 14969 I Market-HomeKeyReceiver: reason: homekey
08-06 16:58:21.276  1865  1865 I vendor.qti.hardware.servicetrackeraidl-service: bindService is called for service : com.android.providers.media.module/androidx.work.impl.background.systemjob.SystemJobService and for client system
08-06 16:58:21.276  1865  1865 I vendor.qti.hardware.servicetrackeraidl-service: total connections for service : com.android.providers.media.module/androidx.work.impl.background.systemjob.SystemJobServiceare :1
08-06 16:58:21.276  1865  1865 I vendor.qti.hardware.servicetrackeraidl-service: total connections for client : systemare :28
08-06 16:58:21.278  2474  7379 I whetstone.activity: processNotifyEvent1 resId = 256, bundle = Bundle[{startTime=395325600, sourcePkg=com.android.providers.media.module, sourceUid=10249, status=1, jobId=2193, batteryName=@androidx.work.systemjobscheduler@com.android.providers.media.module/androidx.work.impl.background.systemjob.SystemJobService, elapsedRealtime=395325600}]
08-06 16:58:21.280 14191 14525 I EventMonitor: notifyEvent resId=256
08-06 16:58:21.282 12965 11433 I PSyncWorker: Starting proactive picker sync from sync source: 1
08-06 16:58:21.285 12965 11433 I PickerSyncController: Executing SyncAdd. isLocal: true. authority: com.android.providers.media.photopicker
08-06 16:58:21.288 12965 11433 I PickerSyncController: Paged sync successful. QueryArgs: Bundle[{android.provider.extra.SYNC_GENERATION=16752, android.provider.extra.PAGE_SIZE=1000}] Total Rows: 0
08-06 16:58:21.288 12965 11433 I PickerSyncController: Executing SyncRemove. isLocal: true. authority: com.android.providers.media.photopicker
08-06 16:58:21.290 12965 11433 E PickerDbFacade: Could not get first date taken millis for media id: 1000001816
08-06 16:58:21.290 12965 11433 W PickerDbFacade: Unable to promote cloud media with localId: 1000001816
08-06 16:58:21.292 12965 11433 I PickerSyncController: Paged sync successful. QueryArgs: Bundle[{android.provider.extra.SYNC_GENERATION=16752, android.provider.extra.PAGE_SIZE=1000}] Total Rows: 0
08-06 16:58:21.292 12965 11433 I PickerSyncTracker: Marked sync future complete for work id: 8037581a-77c2-434b-a56b-df3afe5537b2. Future map: {}
08-06 16:58:21.292 12965 11433 I PSyncWorker: Completed picker proactive sync complete from local provider.
08-06 16:58:21.293 12965 13299 I WM-WorkerWrapper: Worker result SUCCESS for Work [ id=8037581a-77c2-434b-a56b-df3afe5537b2, tags={ com.android.providers.media.photopicker.sync.ProactiveSyncWorker } ]
08-06 16:58:21.296  2474  7379 I whetstone.activity: processNotifyEvent1 resId = 256, bundle = Bundle[{startTime=395325618, sourcePkg=com.android.providers.media.module, sourceUid=10249, status=0, jobId=2193, batteryName=@androidx.work.systemjobscheduler@com.android.providers.media.module/androidx.work.impl.background.systemjob.SystemJobService, elapsedRealtime=395325618}]
08-06 16:58:21.296 14191 14525 I EventMonitor: notifyEvent resId=256
08-06 16:58:21.297  1865  1865 I vendor.qti.hardware.servicetrackeraidl-service: unbindService is called for service : com.android.providers.media.module/androidx.work.impl.background.systemjob.SystemJobService and for client system
08-06 16:58:21.297  1865  1865 I vendor.qti.hardware.servicetrackeraidl-service: size of service connections for service: com.android.providers.media.module/androidx.work.impl.background.systemjob.SystemJobServiceafter removal is 0
08-06 16:58:21.297  1865  1865 I vendor.qti.hardware.servicetrackeraidl-service: size of client connections for client: systemafter removal is 27
08-06 16:58:21.297  1865  1865 I vendor.qti.hardware.servicetrackeraidl-service: destroyService is called for service : com.android.providers.media.module/androidx.work.impl.background.systemjob.SystemJobService
08-06 16:58:21.393 14696 14792 I mit.droidbotapp: ProcessProfilingInfo new_methods=1 is saved saved_to_disk=1 resolve_classes_delay=8000
08-06 16:58:21.648  3086  3086 I adbd    : in ShellService: dumpsys activity activities
08-06 16:58:21.723  3086  3086 I adbd    : in ShellService: dumpsys activity activities
08-06 16:58:21.821  3086  3086 I adbd    : in ShellService: dumpsys activity activities
08-06 16:58:21.911  3086  3086 I adbd    : in ShellService: dumpsys activity services
08-06 16:58:21.970  2474  7382 I SmartPower: com.mfashiongallery.emag/10262(13472): background->idle(3000ms) R(broadcast start Intent { act=android.intent.action.PACKAGE_CHANGED dat=package: flg=0x45000010 (has extras) }) adj=905.
08-06 16:58:21.972  2474  7382 I SmartPower: android.process.acore/10083(15552): background->idle(3001ms) R(broadcast start Intent { act=android.intent.action.PACKAGE_CHANGED dat=package: flg=0x45000010 (has extras) }) adj=800.
08-06 16:58:21.974  2474  7382 I SmartPower: com.google.android.documentsui/10100(14965): background->idle(3000ms) R(broadcast start Intent { act=android.intent.action.PACKAGE_CHANGED dat=package: flg=0x45000010 (has extras) }) adj=905.
08-06 16:58:21.975  2474  7382 I SmartPower: com.milink.service:audio/10178(18537): background->idle(3001ms) R(broadcast start Intent { act=android.intent.action.PACKAGE_CHANGED dat=package: flg=0x45000010 (has extras) }) adj=100.
08-06 16:58:21.991  3086  3086 I adbd    : in ShellService: ps
08-06 16:58:22.013  3086  3086 I adbd    : in ShellService: screencap -p /sdcard/screen_2025-08-06_165821.png
08-06 16:58:22.121 15484 15484 W BpBinder: Linking to death on android.gui.ISurfaceComposer but there are no threads (yet?) listening to incoming transactions. See ProcessState::startThreadPool and ProcessState::setThreadPoolMaxThreadCount. Generally you should setup the binder threadpool before other initialization steps.
08-06 16:58:22.122 15484 15484 W ProcessState: Extra binder thread started, but 0 threads requested. Do not use *startThreadPool when zero threads are requested.
08-06 16:58:22.161 15484 15487 I AdrenoUtils: <ReadGpuID:357>: Reading chip ID through GSL
08-06 16:58:22.162 15484 15484 W qdgralloc: Failed to load libubwcp.so
08-06 16:58:22.160 15484 15484 W screencap: type=1400 audit(0.0:14473): avc:  denied  { read } for  name="libubwcp.so" dev="dm-37" ino=19816057 scontext=u:r:shell:s0 tcontext=u:object_r:vendor_file:s0 tclass=file permissive=0
08-06 16:58:22.167 12965 14974 W MediaProvider: isAppCloneUserPair for user 0: false
08-06 16:58:22.291  2474  7257 I MiuiNetworkPolicy: bandwidth: 0 KB/s, Max bandwidth: 11266 KB/s
08-06 16:58:22.513  2474  7382 I SmartPower: com.miui.gallery/10271(27825): background->idle(3000ms) R(broadcast start Intent { act=android.intent.action.MEDIA_SCANNER_SCAN_FILE dat=file:///... flg=0x1400010 }) adj=905.
08-06 16:58:23.116  7856  8883 E PhoneAdapter: get ntnphones failed, exception: java.lang.IllegalStateException: Default phones haven't been made yet!
08-06 16:58:23.119  2474  7258 E WifiScoreReportInjector: current network is in roaming environment
08-06 16:58:23.149  3086  3086 I adbd    : in ShellService: ps
08-06 16:58:23.585  2474  7382 I SmartPower: com.miui.weather2/10278(4065): background->idle(3001ms) R(content provider start ContentProviderRecord{4186a72 u0 com.miui.weather2/.providers.WeatherProvider}) adj=0.
08-06 16:58:23.701  2474  9656 I ActivityManager: Broadcasting: Intent { act=android.intent.action.MEDIA_SCANNER_SCAN_FILE dat=file:///... flg=0x400000 }
08-06 16:58:23.703  2474  9656 I ActivityManager: Enqueued broadcast Intent { act=android.intent.action.MEDIA_SCANNER_SCAN_FILE dat=file:///... flg=0x400000 }: 0
08-06 16:58:23.708 27825 27825 W MiuiGallery2_BaseMediaScannerReceiver: [main] - Broadcast received, action: [android.intent.action.MEDIA_SCANNER_SCAN_FILE], data uri: [file:///sdcard/screen_2025-08-06_165821.png], CTA not allowed
08-06 16:58:23.713  2474  7257 I MiuiNetworkPolicy: updateUidState uid = 10271, uidState = 11
08-06 16:58:23.714  2474  8251 I NetworkAccelerateSwitchService: EVENT_RSSI_POLL. mRssiPoll=true
08-06 16:58:23.714  2474  8251 I NetworkAccelerateSwitchService: getAverageWifiRssi:62
08-06 16:58:23.714  2474  7257 I MiuiNetworkPolicy: updateUidState uid = 10271, uidState = 19
08-06 16:58:23.716 12965 12965 I MediaProvider: receive action = android.intent.action.MEDIA_SCANNER_SCAN_FILE schemeSpecificPart = ///sdcard/screen_2025-08-06_165821.png
08-06 16:58:23.718  2474  9656 W JobInfo : Job 'com.android.providers.media.module/com.android.providers.media.MediaService#-300' has a deadline with no functional constraints. The deadline won't improve job execution latency. Consider removing the deadline.
08-06 16:58:23.722  1865  1865 I vendor.qti.hardware.servicetrackeraidl-service: bindService is called for service : com.android.providers.media.module/com.android.providers.media.MediaService and for client system
08-06 16:58:23.722  1865  1865 I vendor.qti.hardware.servicetrackeraidl-service: total connections for service : com.android.providers.media.module/com.android.providers.media.MediaServiceare :1
08-06 16:58:23.722  1865  1865 I vendor.qti.hardware.servicetrackeraidl-service: total connections for client : systemare :28
08-06 16:58:23.723  2474  7379 I whetstone.activity: processNotifyEvent1 resId = 256, bundle = Bundle[{startTime=395328045, sourcePkg=com.android.providers.media.module, sourceUid=10249, status=1, jobId=-300, batteryName=com.android.providers.media.module/com.android.providers.media.MediaService, elapsedRealtime=395328045}]
08-06 16:58:23.723 14191 14525 I EventMonitor: notifyEvent resId=256
08-06 16:58:23.725 12965 14232 I MediaProvider: Begin Intent { act=android.intent.action.MEDIA_SCANNER_SCAN_FILE dat=file:///... flg=0x1400010 cmp=com.android.providers.media.module/com.android.providers.media.MediaService }
08-06 16:58:23.729  2474  2643 I ActivityManager: Broadcast completed: result=0
08-06 16:58:23.736 12965 14232 I MediaProvider: End Intent { act=android.intent.action.MEDIA_SCANNER_SCAN_FILE dat=file:///... flg=0x1400010 cmp=com.android.providers.media.module/com.android.providers.media.MediaService }
08-06 16:58:23.738  1865  1865 I vendor.qti.hardware.servicetrackeraidl-service: unbindService is called for service : com.android.providers.media.module/com.android.providers.media.MediaService and for client system
08-06 16:58:23.738  1865  1865 I vendor.qti.hardware.servicetrackeraidl-service: size of service connections for service: com.android.providers.media.module/com.android.providers.media.MediaServiceafter removal is 0
08-06 16:58:23.738  1865  1865 I vendor.qti.hardware.servicetrackeraidl-service: size of client connections for client: systemafter removal is 27
08-06 16:58:23.738  1865  1865 I vendor.qti.hardware.servicetrackeraidl-service: destroyService is called for service : com.android.providers.media.module/com.android.providers.media.MediaService
08-06 16:58:23.738  2474  7379 I whetstone.activity: processNotifyEvent1 resId = 256, bundle = Bundle[{startTime=395328060, sourcePkg=com.android.providers.media.module, sourceUid=10249, status=0, jobId=-300, batteryName=com.android.providers.media.module/com.android.providers.media.MediaService, elapsedRealtime=395328060}]
08-06 16:58:23.739 14191 14525 I EventMonitor: notifyEvent resId=256
08-06 16:58:23.951  3086  3086 I adbd    : in ShellService: rm /sdcard/screen_2025-08-06_165821.png
08-06 16:58:23.991 12965 17697 I MediaProvider: Deleted paths_hashcode::1389444597/:1389444597/-1169449277821.png items on external_primary due to com.android.shell tid=15501
08-06 16:58:24.079  2474  7382 I SmartPower: com.miui.voiceassist:core/10193(12995): background->idle(3002ms) R(broadcast start Intent { act=android.intent.action.CLOSE_SYSTEM_DIALOGS flg=0x50000010 (has extras) }) adj=100.
08-06 16:58:24.084  2474  7382 I SmartPower: com.miui.systemAdSolution/10168(17757): background->idle(3001ms) R(broadcast start Intent { act=android.intent.action.CLOSE_SYSTEM_DIALOGS flg=0x50000010 (has extras) }) adj=100.
08-06 16:58:24.127  3086  3086 I adbd    : in ShellService: dumpsys display
08-06 16:58:24.170  2474  7257 I MiuiNetworkPolicy: updateUidState uid = 10124, uidState = 16
08-06 16:58:24.349  3086  3086 I adbd    : in ShellService: ps
08-06 16:58:24.407  3086  3086 I adbd    : in ShellService: wm size
08-06 16:58:24.511  3086  3086 I adbd    : in ShellService: dumpsys input
08-06 16:58:24.593  1865  1865 I vendor.qti.hardware.servicetrackeraidl-service: destroyService is called for service : com.google.android.gms/.chimera.GmsIntentOperationService
08-06 16:58:24.594  2474 15979 I SmartPower: com.google.android.gms/10130(7177): idle->background(4699ms) R(service destroy com.google.android.gms/.chimera.GmsIntentOperationService) adj=250.
08-06 16:58:24.638  3086  3086 I adbd    : in ShellService: getprop ro.sf.lcd_density
08-06 16:58:24.705  3086  3086 I adbd    : in ShellService: dumpsys activity activities
08-06 16:58:24.801  3086  3086 I adbd    : in ShellService: dumpsys activity activities
08-06 16:58:24.867  3086  3086 I adbd    : in ShellService: dumpsys activity activities
08-06 16:58:24.959  3086  3086 I adbd    : in ShellService: dumpsys activity services
08-06 16:58:25.113  3086  3086 I adbd    : in ShellService: screencap -p /sdcard/screen_2025-08-06_165825.png
08-06 16:58:25.235 15674 15674 W BpBinder: Linking to death on android.gui.ISurfaceComposer but there are no threads (yet?) listening to incoming transactions. See ProcessState::startThreadPool and ProcessState::setThreadPoolMaxThreadCount. Generally you should setup the binder threadpool before other initialization steps.
08-06 16:58:25.235 15674 15674 W ProcessState: Extra binder thread started, but 0 threads requested. Do not use *startThreadPool when zero threads are requested.
08-06 16:58:25.268 15674 15676 I AdrenoUtils: <ReadGpuID:357>: Reading chip ID through GSL
08-06 16:58:25.269 15674 15674 W qdgralloc: Failed to load libubwcp.so
08-06 16:58:25.264 15674 15674 W screencap: type=1400 audit(0.0:14474): avc:  denied  { read } for  name="libubwcp.so" dev="dm-37" ino=19816057 scontext=u:r:shell:s0 tcontext=u:object_r:vendor_file:s0 tclass=file permissive=0
08-06 16:58:25.272 12965 17637 W MediaProvider: isAppCloneUserPair for user 0: false
08-06 16:58:25.292  2474  7257 I MiuiNetworkPolicy: bandwidth: 0 KB/s, Max bandwidth: 11266 KB/s
08-06 16:58:25.511 12965 10386 I PSyncWorker: Starting proactive picker sync from sync source: 1
08-06 16:58:25.513 12965 10386 I PickerSyncController: Executing SyncAdd. isLocal: true. authority: com.android.providers.media.photopicker
08-06 16:58:25.515 12965 10386 I PickerSyncController: Paged sync successful. QueryArgs: Bundle[{android.provider.extra.SYNC_GENERATION=16766, android.provider.extra.PAGE_SIZE=1000}] Total Rows: 0
08-06 16:58:25.515 12965 10386 I PickerSyncController: Executing SyncRemove. isLocal: true. authority: com.android.providers.media.photopicker
08-06 16:58:25.516 12965 10386 E PickerDbFacade: Could not get first date taken millis for media id: 1000001817
08-06 16:58:25.516 12965 10386 W PickerDbFacade: Unable to promote cloud media with localId: 1000001817
08-06 16:58:25.517 12965 10386 I PickerSyncController: Paged sync successful. QueryArgs: Bundle[{android.provider.extra.SYNC_GENERATION=16766, android.provider.extra.PAGE_SIZE=1000}] Total Rows: 0
08-06 16:58:25.517 12965 10386 I PickerSyncTracker: Marked sync future complete for work id: 029edf3a-2277-46bb-ac51-5d287084e13c. Future map: {}
08-06 16:58:25.517 12965 10386 I PSyncWorker: Completed picker proactive sync complete from local provider.
08-06 16:58:25.518 12965 13389 I WM-WorkerWrapper: Worker result SUCCESS for Work [ id=029edf3a-2277-46bb-ac51-5d287084e13c, tags={ com.android.providers.media.photopicker.sync.ProactiveSyncWorker } ]
08-06 16:58:25.532  3086  3086 I adbd    : in ShellService: ps
08-06 16:58:25.599  2474  2664 I ThermalObserver: Temperature control has been released.
08-06 16:58:25.996  1865  1865 I vendor.qti.hardware.servicetrackeraidl-service: destroyService is called for service : com.google.android.gms/.chimera.PersistentIntentOperationService
08-06 16:58:26.142  7856  8713 E PhoneAdapter: get ntnphones failed, exception: java.lang.IllegalStateException: Default phones haven't been made yet!
08-06 16:58:26.146  2474  7258 E WifiScoreReportInjector: current network is in roaming environment
08-06 16:58:26.173  1843  3496 I vendor.qti.hardware.display.composer-service: Sensor: notify citsensorservice to trigger cwb, misForced = 0
08-06 16:58:26.174  3050  4554 I libsensor-parseRGB: request dump start for mRequestDisplayId 0
08-06 16:58:26.202  3050 25119 E libsensor-parseRGB: CWB NotifyCWBBufferDone  error 0
08-06 16:58:26.259  1843  2051 I SDM     : DisplayBase::CommitThread: Received idle timeout, panel: cmd, timeout: 69999 us
08-06 16:58:26.404 15038 20629 W lyra-mdns-core: _deal_timeout query _lyra-mdns._udp.local[0C] timeout!
08-06 16:58:26.411  3050  4560 I libsensor-boledalgo: dbv:406,lux:187.7,cct:6225.0,hsv:-1.0,dc:0CWB R:3168.5,G:7737.4,B:4934.2Event C:12762.5,R:7036.8,G:4482.8,B:2730.7Cali C:205.4,R:75.4,G:72.7,B:34.2 
08-06 16:58:26.614  2474  7257 I MiuiNetworkPolicy: updateUidState uid = 10278, uidState = 15
08-06 16:58:26.617  2474  7257 I MiuiNetworkPolicyTrafficLimit: updateWhiteListUidForMobileTraffic uid=10278,add=false
08-06 16:58:26.719  2474  8251 I NetworkAccelerateSwitchService: EVENT_RSSI_POLL. mRssiPoll=true
08-06 16:58:26.719  2474  8251 I NetworkAccelerateSwitchService: getAverageWifiRssi:62
08-06 16:58:26.753  3086  3086 I adbd    : in ShellService: ps
08-06 16:58:26.796  2474  9656 I ActivityManager: Broadcasting: Intent { act=android.intent.action.MEDIA_SCANNER_SCAN_FILE dat=file:///... flg=0x400000 }
08-06 16:58:26.798  2474  9656 I ActivityManager: Enqueued broadcast Intent { act=android.intent.action.MEDIA_SCANNER_SCAN_FILE dat=file:///... flg=0x400000 }: 0
08-06 16:58:26.800  2474  2745 I SmartPower: com.miui.gallery/10271(27825): idle->background(4288ms) R(broadcast start Intent { act=android.intent.action.MEDIA_SCANNER_SCAN_FILE dat=file:///... flg=0x1400010 }) adj=905.
08-06 16:58:26.803  2474  7257 I MiuiNetworkPolicy: updateUidState uid = 10271, uidState = 11
08-06 16:58:26.802 27825 27825 W MiuiGallery2_BaseMediaScannerReceiver: [main] - Broadcast received, action: [android.intent.action.MEDIA_SCANNER_SCAN_FILE], data uri: [file:///sdcard/screen_2025-08-06_165825.png], CTA not allowed
08-06 16:58:26.805  2474  7257 I MiuiNetworkPolicy: updateUidState uid = 10271, uidState = 19
08-06 16:58:26.806 12965 12965 I MediaProvider: receive action = android.intent.action.MEDIA_SCANNER_SCAN_FILE schemeSpecificPart = ///sdcard/screen_2025-08-06_165825.png
08-06 16:58:26.807  2474  9656 W JobInfo : Job 'com.android.providers.media.module/com.android.providers.media.MediaService#-300' has a deadline with no functional constraints. The deadline won't improve job execution latency. Consider removing the deadline.
08-06 16:58:26.809  1865  1865 I vendor.qti.hardware.servicetrackeraidl-service: bindService is called for service : com.android.providers.media.module/com.android.providers.media.MediaService and for client system
08-06 16:58:26.809  1865  1865 I vendor.qti.hardware.servicetrackeraidl-service: total connections for service : com.android.providers.media.module/com.android.providers.media.MediaServiceare :1
08-06 16:58:26.810  1865  1865 I vendor.qti.hardware.servicetrackeraidl-service: total connections for client : systemare :28
08-06 16:58:26.810  2474  7379 I whetstone.activity: processNotifyEvent1 resId = 256, bundle = Bundle[{startTime=395331133, sourcePkg=com.android.providers.media.module, sourceUid=10249, status=1, jobId=-300, batteryName=com.android.providers.media.module/com.android.providers.media.MediaService, elapsedRealtime=395331133}]
08-06 16:58:26.811 14191 14525 I EventMonitor: notifyEvent resId=256
08-06 16:58:26.814  2474  2643 I ActivityManager: Broadcast completed: result=0
08-06 16:58:26.815 12965 14232 I MediaProvider: Begin Intent { act=android.intent.action.MEDIA_SCANNER_SCAN_FILE dat=file:///... flg=0x1400010 cmp=com.android.providers.media.module/com.android.providers.media.MediaService }
08-06 16:58:26.842 12965 12985 I FuseDaemon: This is non sticky GC, maxfree is 16777216 minfree is 8388608
08-06 16:58:26.843 12965 14232 I MediaProvider: End Intent { act=android.intent.action.MEDIA_SCANNER_SCAN_FILE dat=file:///... flg=0x1400010 cmp=com.android.providers.media.module/com.android.providers.media.MediaService }
08-06 16:58:26.847  2474  7379 I whetstone.activity: processNotifyEvent1 resId = 256, bundle = Bundle[{startTime=395331167, sourcePkg=com.android.providers.media.module, sourceUid=10249, status=0, jobId=-300, batteryName=com.android.providers.media.module/com.android.providers.media.MediaService, elapsedRealtime=395331167}]
08-06 16:58:26.849  1865  1865 I vendor.qti.hardware.servicetrackeraidl-service: unbindService is called for service : com.android.providers.media.module/com.android.providers.media.MediaService and for client system
08-06 16:58:26.850  1865  1865 I vendor.qti.hardware.servicetrackeraidl-service: size of service connections for service: com.android.providers.media.module/com.android.providers.media.MediaServiceafter removal is 0
08-06 16:58:26.850  1865  1865 I vendor.qti.hardware.servicetrackeraidl-service: size of client connections for client: systemafter removal is 27
08-06 16:58:26.850  1865  1865 I vendor.qti.hardware.servicetrackeraidl-service: destroyService is called for service : com.android.providers.media.module/com.android.providers.media.MediaService
08-06 16:58:26.849 14191 14525 I EventMonitor: notifyEvent resId=256
08-06 16:58:27.014  3050  4560 I libsensor-boledalgo: dbv:406,lux:187.0,cct:6282.1,hsv:-1.0,dc:0CWB R:3168.5,G:7737.4,B:4934.2Event C:12766.2,R:7028.7,G:4470.2,B:2738.7Cali C:205.4,R:75.4,G:72.7,B:34.2 
08-06 16:58:27.084  3086  3086 I adbd    : in ShellService: rm /sdcard/screen_2025-08-06_165825.png
08-06 16:58:27.111 12965 13504 I MediaProvider: Deleted paths_hashcode::1389444597/:1389444597/-1169449277825.png items on external_primary due to com.android.shell tid=15692
08-06 16:58:27.213  1865  1865 I vendor.qti.hardware.servicetrackeraidl-service: unbindService is called for service : com.google.android.gms/.chimera.PersistentDirectBootAwareApiService and for client com.google.android.apps.magazines
08-06 16:58:27.213  1865  1865 I vendor.qti.hardware.servicetrackeraidl-service: size of service connections for service: com.google.android.gms/.chimera.PersistentDirectBootAwareApiServiceafter removal is 5
08-06 16:58:27.213  1865  1865 I vendor.qti.hardware.servicetrackeraidl-service: size of client connections for client: com.google.android.apps.magazinesafter removal is 1
08-06 16:58:27.235  3086  3086 I adbd    : in ShellService: dumpsys display
08-06 16:58:27.383  3086  3086 I adbd    : in ShellService: wm size
08-06 16:58:27.411  1329 14658 I keystore2: system/security/keystore2/watchdog/src/lib.rs:319 - Watchdog thread idle -> terminating. Have a great day.
08-06 16:58:27.487  3086  3086 I adbd    : in ShellService: dumpsys input
08-06 16:58:27.598  2474  7382 I SmartPower: com.google.android.gms/10130(7177): background->idle(3003ms) R(service destroy com.google.android.gms/.chimera.GmsIntentOperationService) adj=250.
08-06 16:58:27.611  3086  3086 I adbd    : in ShellService: getprop ro.sf.lcd_density
08-06 16:58:27.827  3086  3086 I adbd    : in ShellService: dumpsys activity activities
08-06 16:58:27.883  3086  3086 I adbd    : in ShellService: ps
08-06 16:58:27.892  3086  3086 I adbd    : in ShellService: dumpsys activity activities
08-06 16:58:27.955  3086  3086 I adbd    : in ShellService: dumpsys activity activities
08-06 16:58:28.015  3086  3086 I adbd    : in ShellService: dumpsys activity services
08-06 16:58:28.159  3086  3086 I adbd    : in ShellService: screencap -p /sdcard/screen_2025-08-06_165828.png
08-06 16:58:28.211  3050  4560 I libsensor-boledalgo: dbv:406,lux:186.5,cct:6229.8,hsv:-1.0,dc:0CWB R:3168.5,G:7737.4,B:4934.2Event C:12709.0,R:7016.5,G:4461.6,B:2722.1Cali C:205.4,R:75.4,G:72.7,B:34.2 
08-06 16:58:28.280 15752 15752 W BpBinder: Linking to death on android.gui.ISurfaceComposer but there are no threads (yet?) listening to incoming transactions. See ProcessState::startThreadPool and ProcessState::setThreadPoolMaxThreadCount. Generally you should setup the binder threadpool before other initialization steps.
08-06 16:58:28.281 15752 15752 W ProcessState: Extra binder thread started, but 0 threads requested. Do not use *startThreadPool when zero threads are requested.
08-06 16:58:28.298  2474  7257 I MiuiNetworkPolicy: bandwidth: 0 KB/s, Max bandwidth: 11266 KB/s
08-06 16:58:28.328 15752 15756 I AdrenoUtils: <ReadGpuID:357>: Reading chip ID through GSL
08-06 16:58:28.329 15752 15752 W qdgralloc: Failed to load libubwcp.so
08-06 16:58:28.324 15752 15752 W screencap: type=1400 audit(0.0:14475): avc:  denied  { read } for  name="libubwcp.so" dev="dm-37" ino=19816057 scontext=u:r:shell:s0 tcontext=u:object_r:vendor_file:s0 tclass=file permissive=0
08-06 16:58:28.333 12965 17504 W MediaProvider: isAppCloneUserPair for user 0: false
08-06 16:58:28.489  1865  1865 I vendor.qti.hardware.servicetrackeraidl-service: unbindService is called for service : com.android.permissioncontroller/.permission.service.PermissionControllerServiceImpl and for client system
08-06 16:58:28.489  1865  1865 I vendor.qti.hardware.servicetrackeraidl-service: size of service connections for service: com.android.permissioncontroller/.permission.service.PermissionControllerServiceImplafter removal is 0
08-06 16:58:28.489  1865  1865 I vendor.qti.hardware.servicetrackeraidl-service: size of client connections for client: systemafter removal is 26
08-06 16:58:28.490  1865  1865 I vendor.qti.hardware.servicetrackeraidl-service: destroyService is called for service : com.android.permissioncontroller/.permission.service.PermissionControllerServiceImpl
08-06 16:58:28.494  2474  7257 I MiuiNetworkPolicy: updateUidState uid = 10241, uidState = 10
08-06 16:58:28.497  2474  7257 I MiuiNetworkPolicy: updateUidState uid = 10241, uidState = 19
08-06 16:58:28.613  3050  4560 I libsensor-boledalgo: dbv:406,lux:185.9,cct:6291.1,hsv:-1.0,dc:0CWB R:3168.5,G:7737.4,B:4934.2Event C:12707.9,R:7004.3,G:4457.9,B:2734.1Cali C:205.4,R:75.4,G:72.7,B:34.2 
08-06 16:58:28.631 12965 10476 I PSyncWorker: Starting proactive picker sync from sync source: 1
08-06 16:58:28.634 12965 10476 I PickerSyncController: Executing SyncAdd. isLocal: true. authority: com.android.providers.media.photopicker
08-06 16:58:28.638 12965 10476 I PickerSyncController: Paged sync successful. QueryArgs: Bundle[{android.provider.extra.SYNC_GENERATION=16776, android.provider.extra.PAGE_SIZE=1000}] Total Rows: 0
08-06 16:58:28.639 12965 10476 I PickerSyncController: Executing SyncRemove. isLocal: true. authority: com.android.providers.media.photopicker
08-06 16:58:28.640 12965 10476 E PickerDbFacade: Could not get first date taken millis for media id: 1000001818
08-06 16:58:28.641 12965 10476 W PickerDbFacade: Unable to promote cloud media with localId: 1000001818
08-06 16:58:28.642 12965 10476 I PickerSyncController: Paged sync successful. QueryArgs: Bundle[{android.provider.extra.SYNC_GENERATION=16776, android.provider.extra.PAGE_SIZE=1000}] Total Rows: 0
08-06 16:58:28.642 12965 10476 I PickerSyncTracker: Marked sync future complete for work id: 7fc23c95-1617-4a4c-94a2-4eee412d0ff2. Future map: {}
08-06 16:58:28.642 12965 10476 I PSyncWorker: Completed picker proactive sync complete from local provider.
08-06 16:58:28.644 12965 13394 I WM-WorkerWrapper: Worker result SUCCESS for Work [ id=7fc23c95-1617-4a4c-94a2-4eee412d0ff2, tags={ com.android.providers.media.photopicker.sync.ProactiveSyncWorker } ]
08-06 16:58:28.653  1865  1865 I vendor.qti.hardware.servicetrackeraidl-service: bindService is called for service : com.android.vending/com.google.android.finsky.scheduler.process.mainimpl.PhoneskyJobServiceMain and for client system
08-06 16:58:28.653  1865  1865 I vendor.qti.hardware.servicetrackeraidl-service: total connections for service : com.android.vending/com.google.android.finsky.scheduler.process.mainimpl.PhoneskyJobServiceMainare :1
08-06 16:58:28.653  1865  1865 I vendor.qti.hardware.servicetrackeraidl-service: total connections for client : systemare :27
08-06 16:58:28.655  2474  4315 I SmartPower: com.android.vending/10124(16543): idle->background(12086ms) R(service create com.android.vending/com.google.android.finsky.scheduler.process.mainimpl.PhoneskyJobServiceMain) adj=0.
08-06 16:58:28.656  2474  7257 I MiuiNetworkPolicy: updateUidState uid = 10124, uidState = 8
08-06 16:58:28.660  2474  7379 I whetstone.activity: processNotifyEvent1 resId = 256, bundle = Bundle[{startTime=395332983, sourcePkg=com.android.vending, sourceUid=10124, status=1, jobId=9221, batteryName=com.android.vending/com.google.android.finsky.scheduler.process.mainimpl.PhoneskyJobServiceMain, elapsedRealtime=395332983}]
08-06 16:58:28.662 16543 16543 I Finsky  : [2] acgh.onStartJob(128): SCH: job service start with id 9221.
08-06 16:58:28.661 14191 19653 I EventMonitor: notifyEvent resId=256
08-06 16:58:28.666 16543 14841 I Finsky  : [1184] kzh.a(256): SCH: Satisfied jobs for 9221 are: 12-1
08-06 16:58:28.667 16543 15761 I Finsky  : [1190] zmh.accept(450): SCH: Job 12-1 starting
08-06 16:58:28.668 16543 16543 I Finsky  : [2] ContentSyncJob.h(14): [ContentSync] job started
08-06 16:58:28.720  1865  1865 I vendor.qti.hardware.servicetrackeraidl-service: unbindService is called for service : com.google.android.gms/.chimera.GmsBoundBrokerService and for client com.google.android.gms
08-06 16:58:28.720  1865  1865 I vendor.qti.hardware.servicetrackeraidl-service: size of service connections for service: com.google.android.gms/.chimera.GmsBoundBrokerServiceafter removal is 4
08-06 16:58:28.720  1865  1865 I vendor.qti.hardware.servicetrackeraidl-service: size of client connections for client: com.google.android.gmsafter removal is 7
08-06 16:58:28.731  1865  1865 I vendor.qti.hardware.servicetrackeraidl-service: unbindService is called for service : com.google.android.gms/.chimera.PersistentApiService and for client com.google.android.gms
08-06 16:58:28.741 16543 15763 I Finsky  : [1191] lgm.f(41): Completed 0 account content syncs with 0 successful.
08-06 16:58:28.741 16543 16543 I Finsky  : [2] ContentSyncJob.a(14): [ContentSync] Installation state replication succeeded.
08-06 16:58:28.741 16543 16543 I Finsky  : [2] acem.r(83): SCH: jobFinished: 12-1. TimeElapsed: 73ms.
08-06 16:58:28.749 16543 17024 I Finsky  : [641] pis.accept(67): SCH: Scheduling phonesky job Id: 1-1337, CT: 1754469812908, Constraints: [{ L: 41943242, D: 85143242, C: 1, I: 1, N: 1 }]
08-06 16:58:28.749 16543 17024 I Finsky  : [641] pis.accept(67): SCH: Scheduling phonesky job Id: 34-45, CT: 1754469940499, Constraints: [{ L: 79199909, D: 1375199909, C: 1, I: 1, N: 1 }]
08-06 16:58:28.749 16543 17024 I Finsky  : [641] pis.accept(67): SCH: Scheduling phonesky job Id: 34-47, CT: 1754469941290, Constraints: [{ L: 604800000, D: 2591999305, C: 1, I: 1, N: 1 }]
08-06 16:58:28.751 16543 17042 I Finsky  : [646] jyn.apply(28): SCH: Scheduling 1 system job(s)
08-06 16:58:28.752 16543 17042 I Finsky  : [646] aceh.d(88): SCH: Scheduling system job Id: 9225, L: 41047399, D: 84247399, C: false, I: false, N: 1
08-06 16:58:28.755 16543 15761 I Finsky  : [1190] acgh.a(26): SCH: job service finished with id 9221.
08-06 16:58:28.757  2474  7379 I whetstone.activity: processNotifyEvent1 resId = 256, bundle = Bundle[{startTime=395333080, sourcePkg=com.android.vending, sourceUid=10124, status=0, jobId=9221, batteryName=com.android.vending/com.google.android.finsky.scheduler.process.mainimpl.PhoneskyJobServiceMain, elapsedRealtime=395333080}]
08-06 16:58:28.757 14191 19653 I EventMonitor: notifyEvent resId=256
08-06 16:58:28.757  1865  1865 I vendor.qti.hardware.servicetrackeraidl-service: unbindService is called for service : com.android.vending/com.google.android.finsky.scheduler.process.mainimpl.PhoneskyJobServiceMain and for client system
08-06 16:58:28.758  1865  1865 I vendor.qti.hardware.servicetrackeraidl-service: size of service connections for service: com.android.vending/com.google.android.finsky.scheduler.process.mainimpl.PhoneskyJobServiceMainafter removal is 0
08-06 16:58:28.758  1865  1865 I vendor.qti.hardware.servicetrackeraidl-service: size of client connections for client: systemafter removal is 26
08-06 16:58:28.758  1865  1865 I vendor.qti.hardware.servicetrackeraidl-service: destroyService is called for service : com.android.vending/com.google.android.finsky.scheduler.process.mainimpl.PhoneskyJobServiceMain
08-06 16:58:28.759  2474  7257 I MiuiNetworkPolicy: updateUidState uid = 10124, uidState = 10
08-06 16:58:28.762  2474  7257 I MiuiNetworkPolicy: updateUidState uid = 10124, uidState = 16
08-06 16:58:28.787  1865  1865 I vendor.qti.hardware.servicetrackeraidl-service: unbindService is called for service : com.google.android.gms/.chimera.GmsBoundBrokerService and for client com.google.android.gms.persistent
08-06 16:58:28.787  1865  1865 I vendor.qti.hardware.servicetrackeraidl-service: size of service connections for service: com.google.android.gms/.chimera.GmsBoundBrokerServiceafter removal is 3
08-06 16:58:28.787  1865  1865 I vendor.qti.hardware.servicetrackeraidl-service: size of client connections for client: com.google.android.gms.persistentafter removal is 6
08-06 16:58:28.789  1865  1865 I vendor.qti.hardware.servicetrackeraidl-service: unbindService is called for service : com.google.android.gms/.icing.service.AppIndexingService and for client com.google.android.gms.persistent
08-06 16:58:28.789  1865  1865 I vendor.qti.hardware.servicetrackeraidl-service: size of service connections for service: com.google.android.gms/.icing.service.AppIndexingServiceafter removal is 1
08-06 16:58:28.789  1865  1865 I vendor.qti.hardware.servicetrackeraidl-service: size of client connections for client: com.google.android.gms.persistentafter removal is 5
08-06 16:58:28.790  1865  1865 I vendor.qti.hardware.servicetrackeraidl-service: unbindService is called for service : com.google.android.gms/.icing.service.IndexService and for client com.google.android.gms.persistent
08-06 16:58:28.790  1865  1865 I vendor.qti.hardware.servicetrackeraidl-service: size of service connections for service: com.google.android.gms/.icing.service.IndexServiceafter removal is 1
08-06 16:58:28.790  1865  1865 I vendor.qti.hardware.servicetrackeraidl-service: size of client connections for client: com.google.android.gms.persistentafter removal is 4
08-06 16:58:28.792  2474  2646 E SSRU-RUS: Don't have packages for uid 99006
08-06 16:58:28.793  2474  7257 I MiuiNetworkPolicy: updateUidState uid = 99006, uidState = 10
08-06 16:58:28.876 16543 16571 I android.vending: This is non sticky GC, maxfree is 16777216 minfree is 8388608
08-06 16:58:28.878 16543 16573 W android.vending: ApkAssets: Deleting an ApkAssets object '<empty> and /data/app/~~5MjpcFgM4m7tsBRSQxQ_-w==/io.github.ylimit.droidbotapp-gJvkXPiI-WWi48xc_cPFvQ==/base.apk' with 1 weak references
08-06 16:58:28.879 16543 16573 W android.vending: ApkAssets: Deleting an ApkAssets object '<empty> and /data/app/~~jWp-fJ5TI_GU9FAaScz4XA==/com.rhapsody-28aDZ6YRcavwx-AhGhpQZQ==/base.apk' with 1 weak references
08-06 16:58:29.034  3086  3086 I adbd    : in ShellService: ps
08-06 16:58:29.165  7856  8883 E PhoneAdapter: get ntnphones failed, exception: java.lang.IllegalStateException: Default phones haven't been made yet!
08-06 16:58:29.168  2474  7258 E WifiScoreReportInjector: current network is in roaming environment
08-06 16:58:29.417  2474  4330 W ActivityManagerServiceImpl: Sending non-protected broadcast miui.intent.action.CYCLE_CHECK from system uid 1000 pkg android. Callers=com.android.server.am.ActivityManagerService.checkBroadcastFromSystem:16255 com.android.server.am.ActivityManagerService.broadcastIntentLockedTraced:17126 com.android.server.am.ActivityManagerService.broadcastIntentLocked:16315 com.android.server.am.ActivityManagerService.broadcastIntentInPackage:17364 com.android.server.am.ActivityManagerService$LocalService.broadcastIntentInPackage:20214 
08-06 16:58:29.422  1889  1889 I vendor.xiaomi.hardware.micharge-service: ReadFilePathValue path = /sys/class/power_supply/battery/temp value = 339
08-06 16:58:29.423  2474  2644 E IMiCharge: MiCharge method 9 val = 339
08-06 16:58:29.425  1889  1889 I vendor.xiaomi.hardware.micharge-service: ReadFilePathValue path = /sys/class/power_supply/battery/charge_control_limit value = 5
08-06 16:58:29.425  2474  2644 E IMiCharge: MiCharge method 10 val = 5
08-06 16:58:29.723  2474  8251 I NetworkAccelerateSwitchService: EVENT_RSSI_POLL. mRssiPoll=true
08-06 16:58:29.723  2474  8251 I NetworkAccelerateSwitchService: getAverageWifiRssi:62
08-06 16:58:29.774  2474  8393 I ClipboardServiceI: checkProviderWakePathForClipboard: primaryClip is null
08-06 16:58:29.800  2474  7382 I SmartPower: com.miui.gallery/10271(27825): background->idle(3000ms) R(broadcast start Intent { act=android.intent.action.MEDIA_SCANNER_SCAN_FILE dat=file:///... flg=0x1400010 }) adj=905.
08-06 16:58:29.870  2474  8331 I ActivityManager: Broadcasting: Intent { act=android.intent.action.MEDIA_SCANNER_SCAN_FILE dat=file:///... flg=0x400000 }
08-06 16:58:29.871  2474  8331 I ActivityManager: Enqueued broadcast Intent { act=android.intent.action.MEDIA_SCANNER_SCAN_FILE dat=file:///... flg=0x400000 }: 0
08-06 16:58:29.877 27825 27825 W MiuiGallery2_BaseMediaScannerReceiver: [main] - Broadcast received, action: [android.intent.action.MEDIA_SCANNER_SCAN_FILE], data uri: [file:///sdcard/screen_2025-08-06_165828.png], CTA not allowed
08-06 16:58:29.880  2474  7257 I MiuiNetworkPolicy: updateUidState uid = 10271, uidState = 11
08-06 16:58:29.885  2474  7257 I MiuiNetworkPolicy: updateUidState uid = 10271, uidState = 19
08-06 16:58:29.886 12965 12965 I MediaProvider: receive action = android.intent.action.MEDIA_SCANNER_SCAN_FILE schemeSpecificPart = ///sdcard/screen_2025-08-06_165828.png
08-06 16:58:29.887  2474  8331 W JobInfo : Job 'com.android.providers.media.module/com.android.providers.media.MediaService#-300' has a deadline with no functional constraints. The deadline won't improve job execution latency. Consider removing the deadline.
08-06 16:58:29.891  1865  1865 I vendor.qti.hardware.servicetrackeraidl-service: bindService is called for service : com.android.providers.media.module/com.android.providers.media.MediaService and for client system
08-06 16:58:29.891  1865  1865 I vendor.qti.hardware.servicetrackeraidl-service: total connections for service : com.android.providers.media.module/com.android.providers.media.MediaServiceare :1
08-06 16:58:29.891  1865  1865 I vendor.qti.hardware.servicetrackeraidl-service: total connections for client : systemare :27
08-06 16:58:29.892  2474  7379 I whetstone.activity: processNotifyEvent1 resId = 256, bundle = Bundle[{startTime=395334215, sourcePkg=com.android.providers.media.module, sourceUid=10249, status=1, jobId=-300, batteryName=com.android.providers.media.module/com.android.providers.media.MediaService, elapsedRealtime=395334215}]
08-06 16:58:29.893 14191 19653 I EventMonitor: notifyEvent resId=256
08-06 16:58:29.897 12965 14232 I MediaProvider: Begin Intent { act=android.intent.action.MEDIA_SCANNER_SCAN_FILE dat=file:///... flg=0x1400010 cmp=com.android.providers.media.module/com.android.providers.media.MediaService }
08-06 16:58:29.897  2474  2643 I ActivityManager: Broadcast completed: result=0
08-06 16:58:29.907 12965 14232 I MediaProvider: End Intent { act=android.intent.action.MEDIA_SCANNER_SCAN_FILE dat=file:///... flg=0x1400010 cmp=com.android.providers.media.module/com.android.providers.media.MediaService }
08-06 16:58:29.909  2474  7379 I whetstone.activity: processNotifyEvent1 resId = 256, bundle = Bundle[{startTime=395334231, sourcePkg=com.android.providers.media.module, sourceUid=10249, status=0, jobId=-300, batteryName=com.android.providers.media.module/com.android.providers.media.MediaService, elapsedRealtime=395334231}]
08-06 16:58:29.909  1865  1865 I vendor.qti.hardware.servicetrackeraidl-service: unbindService is called for service : com.android.providers.media.module/com.android.providers.media.MediaService and for client system
08-06 16:58:29.909  1865  1865 I vendor.qti.hardware.servicetrackeraidl-service: size of service connections for service: com.android.providers.media.module/com.android.providers.media.MediaServiceafter removal is 0
08-06 16:58:29.909  1865  1865 I vendor.qti.hardware.servicetrackeraidl-service: size of client connections for client: systemafter removal is 26
08-06 16:58:29.909  1865  1865 I vendor.qti.hardware.servicetrackeraidl-service: destroyService is called for service : com.android.providers.media.module/com.android.providers.media.MediaService
08-06 16:58:29.910 14191 19653 I EventMonitor: notifyEvent resId=256
08-06 16:58:30.107  2474  7382 I SmartPower: com.android.permissioncontroller/10241(7505): background->idle(17014ms) R(broadcast end Intent { act=android.intent.action.PACKAGE_ADDED dat=package: flg=0x4000010 pkg=com.android.permissioncontroller (has extras) }) adj=905.
08-06 16:58:30.151  3086  3086 I adbd    : in ShellService: rm /sdcard/screen_2025-08-06_165828.png
08-06 16:58:30.182  3086  3086 I adbd    : in ShellService: ps
08-06 16:58:30.193 12965 13505 I MediaProvider: Deleted paths_hashcode::1389444597/:1389444597/-1169449277828.png items on external_primary due to com.android.shell tid=15797
08-06 16:58:30.341  3086  3086 I adbd    : in ShellService: dumpsys display
08-06 16:58:30.432  2474  2635 I system_server: This is sticky GC, maxfree is 16777216 minfree is 8388608
08-06 16:58:30.565  3086  3086 I adbd    : in ShellService: wm size
08-06 16:58:30.673  3086  3086 I adbd    : in ShellService: dumpsys input
08-06 16:58:30.757  3086  3086 I adbd    : in ShellService: getprop ro.sf.lcd_density
08-06 16:58:30.846  3086  3086 I adbd    : in ShellService: am start com.rhapsody/com.rhapsodycore.SplashScreen
08-06 16:58:30.889  2474  8393 W ActivityTaskManager: callingPackage for (uid=2000, pid=15851) has no WPC
08-06 16:58:30.891  2474  8393 W OptProp : Cannot read opt property android.window.PROPERTY_COMPAT_ALLOW_ORIENTATION_OVERRIDE
08-06 16:58:30.893  2474  8393 E ActivityTaskManager: Unable to get servicetracker HAL instance
08-06 16:58:30.893  2474  8393 E ActivityTaskManager: Unable to get servicetracker HAL instance
08-06 16:58:30.893  2474  8393 E WindowManager: setClientVisible ActivityRecord{56c8a07 u0 com.rhapsody/com.rhapsodycore.SplashScreen true
08-06 16:58:30.894  2474  8393 W OptProp : Cannot read opt property android.window.PROPERTY_COMPAT_ALLOW_RESIZEABLE_ACTIVITY_OVERRIDES
08-06 16:58:30.894  2474  8393 W OptProp : Cannot read opt property android.window.PROPERTY_COMPAT_ALLOW_MIN_ASPECT_RATIO_OVERRIDE
08-06 16:58:30.895  2474  8393 I AnimInterruptController: FIS notify Foresee interrupt start:121
08-06 16:58:30.895  2474  8393 I ActivityTaskManager: isKeyguardEditor: false, newTransition: TransitionRecord{ed6e95d id=123 type=OPEN flags=0x0}
08-06 16:58:30.897  2474  8393 I WindowManager: When perf version exceed 2.3, MiGTStub result: false, gameType: 1, packageName: com.rhapsody
08-06 16:58:30.899  1850  9924 E ANDR-PERF-LM: MetaMeter: handleAsync() 166: AdaptLaunch Invalid Async
08-06 16:58:30.899  1850  9924 E ANDR-PERF-LM: MetaMeter: handleAsync() 166: AdaptLaunch Invalid Async
08-06 16:58:30.899  1850  1933 E ANDR-PERF-UTIL: ANDR-PERF-UTIL: save_node_val() 366: Failed to read /sys/class/mmc_host/mmc0/clk_scaling/enable
08-06 16:58:30.899  1850  1933 E ANDR-PERF-OPTSHANDLER: ANDR-PERF-OPTSHANDLER: modify_sysfsnode() 1266: Failed to read /sys/class/mmc_host/mmc0/clk_scaling/enable
08-06 16:58:30.899  1850  1933 E ANDR-PERF-RESOURCEQS: ANDR-PERF-RESOURCEQS: AddAndApply() 167: Failed to apply optimization [11, 4]
08-06 16:58:30.900  2036  2036 E DisplayModeController: setDesiredMode : Idle status skip setActiveMode, isDdicIdleMode: 1
08-06 16:58:30.902  1850  9924 E ANDR-PERF-LM: MetaMeter: handleAsync() 166: AdaptLaunch Invalid Async
08-06 16:58:30.902  1850  1933 E ANDR-PERF-UTIL: ANDR-PERF-UTIL: save_node_val() 366: Failed to read /sys/class/mmc_host/mmc0/clk_scaling/enable
08-06 16:58:30.902  1850  1933 E ANDR-PERF-OPTSHANDLER: ANDR-PERF-OPTSHANDLER: modify_sysfsnode() 1266: Failed to read /sys/class/mmc_host/mmc0/clk_scaling/enable
08-06 16:58:30.902  1850  1933 E ANDR-PERF-RESOURCEQS: ANDR-PERF-RESOURCEQS: AddAndApply() 167: Failed to apply optimization [11, 4]
08-06 16:58:30.903  7823  7981 I DynamicDDSService: handleMessage(ACTIVITY_INVOKE{appInfo=com.rhapsody isFullScreen=}true)
08-06 16:58:30.904  2474  8393 I WindowManager: Try to add startingWindow type = STARTING_WINDOW_TYPE_SPLASH_SCREEN this = ActivityRecord{56c8a07 u0 com.rhapsody/com.rhapsodycore.SplashScreen t266} preAllowTaskSnapshot = true afterAllowTaskSnapshot = true newTask = true taskSwitch = true processRunning = false activityCreated = false activityAllDrawn = false isSnapshotCompatible = false resolvedTheme = 2132083558 theme = 2132083558
08-06 16:58:30.905  2474  8393 E ActivityTaskManager: Unable to get servicetracker HAL instance
08-06 16:58:30.906  7823  7873 W DynamicDDSService: appName is running in background.com.miui.home
08-06 16:58:30.906  2474  8393 I ActivityTaskManager: START u0 {act=android.intent.action.MAIN cat=[android.intent.category.LAUNCHER] flg=0x10000000 cmp=com.rhapsody/com.rhapsodycore.SplashScreen} with LAUNCH_MULTIPLE from uid 2000 from pid 15851 callingPackage com.android.shell (BAL_ALLOW_PERMISSION) result code=0
08-06 16:58:30.908  1843  1843 I SDM     : HWCDisplay::SetActiveConfigWithConstraints: display:66-0, config: 3, WxH 1200x2670, fps 120
08-06 16:58:30.908  1843  1843 W SDM     : HWDeviceDRM::GetSupportedBitClkRate: Requested rate not supported: 1150000000
08-06 16:58:30.908  1843  1843 I SDM     : HWDeviceDRM::UpdateMixerAttributes: Mixer WxH 1200x2670-1 for Peripheral
08-06 16:58:30.908  1843  1843 I SDM     : HWCDisplay::SubmitDisplayConfig: Active configuration changed from config 1 to 3
08-06 16:58:30.908  1843  1843 I SDM     : HWCDisplay::SubmitDisplayConfig: Active WxH 1200x2670 ,ddic_mode:auto, timing_fps: 120, sf_fps: 120
