08-06 16:58:17.558 10308 13587 I com.lbe.security.service.provider.WakePathDatabaseUtil: getWakePathRuleList: wakeType=128 wakePathRules.size=4
08-06 16:58:17.558  2474  7257 I MiuiNetworkPolicy: updateUidState uid = 10124, uidState = 16
08-06 16:58:17.558  2474  8331 I WakePathChecker: MIUILOG-WAKEPATH pushWakePathRuleInfos: wakeType=128 userId=0 size=4
08-06 16:58:17.558 10308 13587 I com.lbe.security.service.provider.WakePathDatabaseUtil: getWakePathRuleList: wakeType=64 wakePathRules.size=2
08-06 16:58:17.558  2474  8394 I WakePathChecker: MIUILOG-WAKEPATH pushWakePathRuleInfos: wakeType=64 userId=0 size=2
08-06 16:58:17.558  6011  9788 I Market-DownloadLimitSpeedManager: stopLimitSpeed
08-06 16:58:17.558  6011  9788 I Market-LimitSpeedManager: stopLimitSpeedNow() =========== 
08-06 16:58:17.558 10308 13587 I com.lbe.security.service.provider.WakePathDatabaseUtil: getWakePathRuleList: wakeType=4096 wakePathRules.size=2
08-06 16:58:17.559  2474  8394 I WakePathChecker: MIUILOG-WAKEPATH pushWakePathRuleInfos: wakeType=4096 userId=0 size=2
08-06 16:58:17.559 10308 13587 I com.lbe.security.service.provider.WakePathDatabaseUtil: getWakePathRuleList: wakeType=32768 wakePathRules.size=1
08-06 16:58:17.559  2474  9656 I WakePathChecker: MIUILOG-WAKEPATH pushWakePathRuleInfos: wakeType=32768 userId=0 size=1
08-06 16:58:17.559 10308 13587 I com.lbe.security.service.provider.WakePathDatabaseUtil: getWakePathRuleList: wakeType=8192 wakePathRules.size=6
08-06 16:58:17.559  2474  9656 I WakePathChecker: MIUILOG-WAKEPATH pushWakePathRuleInfos: wakeType=8192 userId=0 size=6
08-06 16:58:17.560 10308 13587 I com.lbe.security.service.provider.WakePathDatabaseUtil: getWakePathRuleList: wakeType=16384 wakePathRules.size=0
08-06 16:58:17.560  2474  9656 I WakePathChecker: MIUILOG-WAKEPATH pushWakePathRuleInfos: wakeType=16384 userId=0 size=0
08-06 16:58:17.560 10308 13587 I com.lbe.security.service.provider.WakePathDatabaseUtil: getWakePathRuleList: wakeType=22 wakePathRules.size=0
08-06 16:58:17.560  2474  8332 I WakePathChecker: MIUILOG-WAKEPATH pushWakePathRuleInfos: wakeType=22 userId=0 size=0
08-06 16:58:17.560 10308 13587 I WakePathUpdatePolicy: pushWakePathData end
08-06 16:58:17.560 10308 13587 I WakePathUpdatePolicy: doUpdate end
08-06 16:58:17.562  3050 25119 E libsensor-parseRGB: CWB NotifyCWBBufferDone  error 0
08-06 16:58:17.565  7177 16551 I AppLinksAsyncVerifierV2: (REDACTED) Verification result: checking for a statement with source %s, relation delegate_permission/common.handle_all_urls, and target %s --> %b.
08-06 16:58:17.566  6011  9788 I Market-RetrofitRequest: callEnd : https://updateinfo.market.xiaomi.com/apm/updateinfo/v2
08-06 16:58:17.566  6011  9788 I Market-LocalAppManager: getUpdateInfoFromServer : end  , responseCode : OK
08-06 16:58:17.566  6011  9788 I Market-LocalAppManager: checkUpdateFromServer : end
08-06 16:58:17.566  6011  9788 I Market-LocalAppManager: checkUpdateFromServer  data parser : end
08-06 16:58:17.566  6011  9788 I Market-HuanjiManager: condition not satisfied, ignore
08-06 16:58:17.566  6011  9788 I Market-DataParser: [InvalidPackageList] JSON : invalidSystemPackageList list is null
08-06 16:58:17.566  6011  9788 I Market-LocalAppManager: checkUpdateFromServer  filter package : end
08-06 16:58:17.566  6011  9788 I Market-LocalAppManager: checkUpdateFromServer  support64BitPackagesJsonArray : end
08-06 16:58:17.566  7177 14853 I AppLinksHostsVerifierV2: (REDACTED) Verification %s complete. Successful hosts: %s. Failed hosts: %s. Error hosts: %s.
08-06 16:58:17.570 16543 17024 I Finsky  : [641] kwp.a(206): AIM: AppInfoManager-Perf > ItemModel > CacheSize=34, cacheHitCount=0, cacheMissCount=0, total appsWithNoServerDataCount=3. Missed  in cache (limit 10) : []
08-06 16:58:17.570 16543 17024 I Finsky  : [641] jyg.accept(156): AIM: AppInfoManager-Perf > getApps > data collection finished
08-06 16:58:17.570 16543 17054 I Finsky  : [649] kwp.a(206): AIM: AppInfoManager-Perf > ItemModel > CacheSize=34, cacheHitCount=0, cacheMissCount=0, total appsWithNoServerDataCount=3. Missed  in cache (limit 10) : []
08-06 16:58:17.570 16543 17024 I Finsky  : [641] kvo.run(976): AIM: AppInfoManager-Perf > maybeDestroyAppInfoManager is called. actives = 1
08-06 16:58:17.576  3086  3086 I adbd    : in ShellService: dumpsys activity activities
08-06 16:58:17.586  7177 14853 I WebApkHostsVerifierV2: (REDACTED) Processing %d input requests
08-06 16:58:17.586  7177 14853 I AppLinksUtilsV1: Legacy cross-profile verification enabled [CONTEXT service_id=244 ]
08-06 16:58:17.587  7177 14853 I WebApkHostsVerifierV2: (REDACTED) Returning %d non-WebAPK requests
08-06 16:58:17.587  7177  9353 I Icing   : Indexing com.google.android.gms-apps from com.google.android.gms
08-06 16:58:17.596 15292 15292 I dex2oat64: This is non sticky GC, maxfree is 16777216 minfree is 8388608
08-06 16:58:17.596 15292 15292 I dex2oat64: Explicit concurrent copying GC freed 26MB AllocSpace bytes, 5(80KB) LOS objects, 98% free, 271KB/24MB, paused 23us,2us total 6.786ms
08-06 16:58:17.597  7177  9353 I Icing   : Indexing done com.google.android.gms-apps
08-06 16:58:17.598  7177  9353 I Icing   : Indexing com.google.android.gms-apps from com.google.android.gms
08-06 16:58:17.598  7177  9353 I Icing   : Indexing done com.google.android.gms-apps
08-06 16:58:17.602  1865  1865 I vendor.qti.hardware.servicetrackeraidl-service: destroyService is called for service : com.google.android.gms/.icing.service.IndexWorkerService
08-06 16:58:17.611  3050  4560 I libsensor-boledalgo: dbv:406,lux:186.7,cct:6276.7,hsv:-1.0,dc:0CWB R:3168.5,G:7737.4,B:4934.2Event C:12720.0,R:6992.1,G:4455.6,B:2725.0Cali C:205.4,R:75.4,G:72.7,B:34.2 
08-06 16:58:17.618  1843  2051 I SDM     : DisplayBase::CommitThread: Received idle timeout, panel: cmd, timeout: 70000 us
08-06 16:58:17.624  3086  3086 I adbd    : in ShellService: dumpsys activity activities
08-06 16:58:17.632  6011 14985 I Market-LocalAppManager: getUpdateInfoFromServer : middle
08-06 16:58:17.632  6011 14985 E Market-Client: isSupportChildMode, error: java.lang.NumberFormatException: For input string: ""
08-06 16:58:17.634  6011 14985 I Market-RetrofitRequest: callStart : https://updateinfo.market.xiaomi.com/apm/updateinfo/v2
08-06 16:58:17.635  6011 14985 I Market-RetrofitRequest: HeaderInterceptor : https://updateinfo.market.xiaomi.com/apm/updateinfo/v2
08-06 16:58:17.636  6011 14985 E Market-Client: isSupportChildMode, error: java.lang.NumberFormatException: For input string: ""
08-06 16:58:17.637  6011 14985 E Market-Client: isSupportChildMode, error: java.lang.NumberFormatException: For input string: ""
08-06 16:58:17.641  6011 14985 I Market-LimitSpeedManager: startLimitSpeedNow() ====== speed = 32768
08-06 16:58:17.643  6011 14985 I Market-DownloadLimitSpeedManager: startLimitSpeed success. Total count 1
08-06 16:58:17.643  6011 14985 I Market-RetrofitRequest: HeaderInterceptor : https://updateinfo.market.xiaomi.com/apm/updateinfo/v2
08-06 16:58:17.672 15292 15292 I dex2oat64: dex2oat took 579.520ms (1.328s cpu) (threads: 6) arena alloc=3368KB (3449000B) java alloc=271KB (278416B) native alloc=6317KB (6469392B) free=5943KB (6086032B) swap=16MB (16777216B)
08-06 16:58:17.688  9014  9014 I artd    : dex2oat returned code 0
08-06 16:58:17.703  3086  3086 I adbd    : in ShellService: dumpsys activity services
08-06 16:58:17.706  2474 30181 I ArtService: Dexopt result: [packageName = com.rhapsody] DexContainerFileDexoptResult{dexContainerFile=/data/app/~~jWp-fJ5TI_GU9FAaScz4XA==/com.rhapsody-28aDZ6YRcavwx-AhGhpQZQ==/base.apk, primaryAbi=true, abi=arm64-v8a, actualCompilerFilter=speed-profile, status=PERFORMED, dex2oatWallTimeMillis=-387174555, dex2oatCpuTimeMillis=1360, sizeBytes=24982460, sizeBeforeBytes=24191044, extendedStatusFlags=[]}
08-06 16:58:17.706  2474  8251 I NetworkAccelerateSwitchService: EVENT_RSSI_POLL. mRssiPoll=true
08-06 16:58:17.707  2474  8251 I NetworkAccelerateSwitchService: getAverageWifiRssi:63
08-06 16:58:17.711  2474  2474 W NotificationHistory: Attempted to add notif for locked/gone/disabled user 0
08-06 16:58:17.723  7890  7890 E NotifCollection: No notification to remove with key 0|com.xiaomi.market|17354131|null|10167 reason=0:REASON_UNKNOWN
08-06 16:58:17.806  3086  3086 I adbd    : in ShellService: screencap -p /sdcard/screen_2025-08-06_165817.png
08-06 16:58:17.861  6011 14985 I Market-DownloadLimitSpeedManager: stopLimitSpeed
08-06 16:58:17.861  6011 14985 I Market-LimitSpeedManager: stopLimitSpeedNow() =========== 
08-06 16:58:17.900  6011 14985 I Market-RetrofitRequest: callEnd : https://updateinfo.market.xiaomi.com/apm/updateinfo/v2
08-06 16:58:17.901  6011 14985 W Market-Connection: Connection result is cut off as too long
08-06 16:58:17.906  6011 14985 I Market-LocalAppManager: getUpdateInfoFromServer : end  , responseCode : OK
08-06 16:58:17.906  6011 14985 I Market-LocalAppManager: checkUpdateFromServer : end
08-06 16:58:17.907  6011 14985 I Market-LocalAppManager: checkUpdateFromServer  data parser : end
08-06 16:58:17.907  6011 14985 I Market-HuanjiManager: condition not satisfied, ignore
08-06 16:58:17.908  6011 14985 I Market-DataParser: [InvalidPackageList] JSON : invalidSystemPackageList list is null
08-06 16:58:17.908  6011 14985 I Market-LocalAppManager: checkUpdateFromServer  filter package : end
08-06 16:58:17.908  6011 14985 I Market-LocalAppManager: checkUpdateFromServer  support64BitPackagesJsonArray : end
08-06 16:58:17.909  6011 14985 I Market-LocalAppManager: query update apps from server : finish, 54 / 426 to update
08-06 16:58:17.918  6011 14985 I Market-RetrofitRequest: callStart : https://updateinfo.market.xiaomi.com/apm/updateinfo/priority
08-06 16:58:17.919  6011 14985 I Market-RetrofitRequest: HeaderInterceptor : https://updateinfo.market.xiaomi.com/apm/updateinfo/priority
08-06 16:58:17.920  6011 14985 E Market-Client: isSupportChildMode, error: java.lang.NumberFormatException: For input string: ""
08-06 16:58:17.920  6011 14985 E Market-Client: isSupportChildMode, error: java.lang.NumberFormatException: For input string: ""
08-06 16:58:17.922  6011 14985 I Market-LimitSpeedManager: startLimitSpeedNow() ====== speed = 32768
08-06 16:58:17.925  6011 14985 I Market-DownloadLimitSpeedManager: startLimitSpeed success. Total count 1
08-06 16:58:17.925  6011 14985 I Market-RetrofitRequest: HeaderInterceptor : https://updateinfo.market.xiaomi.com/apm/updateinfo/priority
08-06 16:58:17.926 15360 15360 W BpBinder: Linking to death on android.gui.ISurfaceComposer but there are no threads (yet?) listening to incoming transactions. See ProcessState::startThreadPool and ProcessState::setThreadPoolMaxThreadCount. Generally you should setup the binder threadpool before other initialization steps.
08-06 16:58:17.926 15360 15360 W ProcessState: Extra binder thread started, but 0 threads requested. Do not use *startThreadPool when zero threads are requested.
08-06 16:58:17.966 15360 15362 I AdrenoUtils: <ReadGpuID:357>: Reading chip ID through GSL
08-06 16:58:17.967 15360 15360 W qdgralloc: Failed to load libubwcp.so
08-06 16:58:17.964 15360 15360 W screencap: type=1400 audit(0.0:14472): avc:  denied  { read } for  name="libubwcp.so" dev="dm-37" ino=19816057 scontext=u:r:shell:s0 tcontext=u:object_r:vendor_file:s0 tclass=file permissive=0
08-06 16:58:17.971 12965 13505 W MediaProvider: isAppCloneUserPair for user 0: false
08-06 16:58:18.011  6011 14985 I Market-DownloadLimitSpeedManager: stopLimitSpeed
08-06 16:58:18.011  6011 14985 I Market-LimitSpeedManager: stopLimitSpeedNow() =========== 
08-06 16:58:18.015  6011 14985 I Market-RetrofitRequest: callEnd : https://updateinfo.market.xiaomi.com/apm/updateinfo/priority
08-06 16:58:18.020  6011 14985 I Market-SystemSettingsManager: extraSettingsSecureGetInt key: com.xiaomi.market.need_update_game_count, value: 0
08-06 16:58:18.020  6011 14985 I Market-UpdateAppList: update app list do not change, don't notify: pkg (52) = com.ss.android.ugc.aweme,com.milink.service,com.miui.hybrid,com.baidu.BaiduMap,com.netease.newsreader.activity,com.baidu.searchbox.lite,com.android.fileexplorer,com.xiaomi.aiasst.vision,com.microsoft.office.outlook,com.miui.newhome,com.autonavi.minimap,com.miui.mishare.connectivity,com.android.contacts,com.unionpay.tsmservice.mi,com.miui.voiceassist,com.miui.thirdappassistant,com.xiaomi.scanner,com.miui.securitycenter,com.miui.backup,com.duokan.reader,com.baidu.searchbox,com.wuba.zhuanzhuan,com.xingin.xhs,com.miui.touchassistant,tv.danmaku.bili,com.dragon.read,com.miui.gallery,com.UCMobile,com.miui.carlink,com.xiaomi.payment,com.miui.tsmclient,com.smile.gifmaker,com.xiaomi.gamecenter,com.android.browser,com.suxing.sustream,com.xiaomi.mis,com.miui.virtualsim,com.android.quicksearchbox,com.sina.news,com.miui.video,com.ss.android.article.news,com.quark.browser,com.miui.personalassistant,com.xiaomi.gamecenter.sdk.service,com.kuaishou.nebula,com.miui.bugreport,com.xiaomi.digitalkey,com.android.calendar,com.xiaomi.aicr,com.xiaomi.xmsf,com.xiaomi.mirror,com.android.soundrecorder
08-06 16:58:18.021  6011 14579 I Market-SubScriptManager: updateMarketSubScript forceShow : false
08-06 16:58:18.021  6011 14579 I Market-SubScriptManager: get count 52
08-06 16:58:18.021  6011 14579 I Market-SubScriptManager: get count 52
08-06 16:58:18.023  6011 14985 I Market-LocalAppManager: queryDiffSizeFromServer start
08-06 16:58:18.024  6011 14985 I Market-RetrofitRequest: callStart : https://updateinfo.market.xiaomi.com/apm/updateinfo/diffsize
08-06 16:58:18.025  6011 14985 I Market-RetrofitRequest: HeaderInterceptor : https://updateinfo.market.xiaomi.com/apm/updateinfo/diffsize
08-06 16:58:18.026  6011 14985 E Market-Client: isSupportChildMode, error: java.lang.NumberFormatException: For input string: ""
08-06 16:58:18.026  6011 14985 E Market-Client: isSupportChildMode, error: java.lang.NumberFormatException: For input string: ""
08-06 16:58:18.028  6011 14985 I Market-LimitSpeedManager: startLimitSpeedNow() ====== speed = 32768
08-06 16:58:18.031  6011 14985 I Market-DownloadLimitSpeedManager: startLimitSpeed success. Total count 1
08-06 16:58:18.031  6011 14985 I Market-RetrofitRequest: HeaderInterceptor : https://updateinfo.market.xiaomi.com/apm/updateinfo/diffsize
08-06 16:58:18.108  6011 14985 I Market-DownloadLimitSpeedManager: stopLimitSpeed
08-06 16:58:18.108  6011 14985 I Market-LimitSpeedManager: stopLimitSpeedNow() =========== 
08-06 16:58:18.111  6011 14985 I Market-RetrofitRequest: callEnd : https://updateinfo.market.xiaomi.com/apm/updateinfo/diffsize
08-06 16:58:18.112  6011 14985 I Market-LocalAppManager: queryDiffSizeFromServer end
08-06 16:58:18.113  6011 14844 I Market-SubScriptManager: updateMarketSubScript forceShow : false
08-06 16:58:18.113  6011 14844 I Market-SubScriptManager: get count 52
08-06 16:58:18.113  6011 14844 I Market-SubScriptManager: get count 52
08-06 16:58:18.113  6011 14985 I Market-WakeLockManager: release wakeLock: CheckUpdateService
08-06 16:58:18.116  2474  8330 I ActivityManager: Cancel FGS notification userId: 0 definingUid: 10167 packageName: com.xiaomi.market processName:com.xiaomi.market ChannelId:com.xiaomi.market_hide foregroundNotiWhen:1754470697481 Notiflags:104
08-06 16:58:18.116  1865  1865 I vendor.qti.hardware.servicetrackeraidl-service: destroyService is called for service : com.xiaomi.market/.business_core.update.auto.CheckUpdateService
08-06 16:58:18.116  2474  2474 I NotificationService: Cancel FGS notification CallingUid: 10167 CallingPid: 6011 Pkg: com.xiaomi.market Id:17354131 Tag:null UserId:0 MustHaveFlags:0 MustNotHaveFlags:0 Reason:8 foregroundNotiWhen:1754470697481 foregroundNotiFlags:104 foregroundNotiChannelId:com.xiaomi.market_hide
08-06 16:58:18.116  2474  8330 W ForegroundServiceTypeLoggerModule: FGS stop call for: 10167 has no types!
08-06 16:58:18.117  6011  6011 I Market-ServiceUtils: stop foreground service: CheckUpdateService
08-06 16:58:18.121  2474  7257 I MiuiNetworkPolicy: updateUidState uid = 10261, uidState = 10
08-06 16:58:18.121  2474  7257 I MiuiNetworkPolicyTrafficLimit: updateWhiteListUidForMobileTraffic uid=10261,add=false
08-06 16:58:18.124  2474  7257 I MiuiNetworkPolicy: updateUidState uid = 10203, uidState = 6
08-06 16:58:18.124  2474  7257 I MiuiNetworkPolicy: updateUidState uid = 10167, uidState = 10
08-06 16:58:18.124  2474  7257 I MiuiNetworkPolicyTrafficLimit: updateWhiteListUidForMobileTraffic uid=10167,add=false
08-06 16:58:18.124  2474  7257 I MiuiNetworkPolicy: updateUidState uid = 10158, uidState = 19
08-06 16:58:18.124  2474  7257 I MiuiNetworkPolicyTrafficLimit: updateWhiteListUidForMobileTraffic uid=10158,add=false
08-06 16:58:18.124  2474  7257 I MiuiNetworkPolicy: updateUidState uid = 10090, uidState = 6
08-06 16:58:18.124  2474  7257 I MiuiNetworkPolicy: updateUidState uid = 10261, uidState = 19
08-06 16:58:18.126  7890  7890 E NotifCollection: No notification to remove with key 0|com.xiaomi.market|17354131|null|10167 reason=8:REASON_APP_CANCEL
08-06 16:58:18.169  6011  6025 I m.xiaomi.market: This is non sticky GC, maxfree is 16777216 minfree is 8388608
08-06 16:58:18.189  1850  9931 E ANDR-PERF-LM: SAGT_ACTION: UpdateFPSData() 138: update /sys/kernel/sched_penalty/parameters/fps to 90, ret is 0
08-06 16:58:18.420 13430 13430 I RuntimePermissionManager: isRuntimeRequestSupport: true
08-06 16:58:18.443  2474  8332 W ParceledListSlice: Element #44 is 26672 bytes.
08-06 16:58:18.443  2474  8332 W ParceledListSlice: Overly large reply size: 82384
08-06 16:58:18.443  2474 15979 W ParceledListSlice: Element #45 is 26676 bytes.
08-06 16:58:18.443  2474 15979 W ParceledListSlice: Element #46 is 26676 bytes.
08-06 16:58:18.443  2474 15979 W ParceledListSlice: Element #47 is 26684 bytes.
08-06 16:58:18.444  2474  8332 W ParceledListSlice: Element #48 is 26688 bytes.
08-06 16:58:18.444  2474  8332 W ParceledListSlice: Element #54 is 19664 bytes.
08-06 16:58:18.444  2474  9656 W ParceledListSlice: Element #55 is 19652 bytes.
08-06 16:58:18.444  2474  9656 W ParceledListSlice: Element #56 is 19692 bytes.
08-06 16:58:18.445  2474  9656 W ParceledListSlice: Element #57 is 19720 bytes.
08-06 16:58:18.445  2474  9656 W ParceledListSlice: Element #58 is 19720 bytes.
08-06 16:58:18.445  2474 15979 W ParceledListSlice: Element #59 is 19684 bytes.
08-06 16:58:18.445  2474 15979 W ParceledListSlice: Element #60 is 19692 bytes.
08-06 16:58:18.445  2474 15979 W ParceledListSlice: Element #61 is 19668 bytes.
08-06 16:58:18.445  2474 15979 W ParceledListSlice: Element #62 is 19680 bytes.
08-06 16:58:18.446  2474  9656 W ParceledListSlice: Element #63 is 19672 bytes.
08-06 16:58:18.446  2474  9656 W ParceledListSlice: Element #64 is 29724 bytes.
08-06 16:58:18.446  2474  9656 W ParceledListSlice: Element #65 is 29744 bytes.
08-06 16:58:18.446  2474 15979 W ParceledListSlice: Element #66 is 29736 bytes.
08-06 16:58:18.458  2474  8394 W ParceledListSlice: Element #273 is 21068 bytes.
08-06 16:58:18.459  2474  8331 W ParceledListSlice: Element #274 is 21048 bytes.
08-06 16:58:18.459  2474  8331 W ParceledListSlice: Element #275 is 21056 bytes.
08-06 16:58:18.459  2474  8331 W ParceledListSlice: Element #276 is 21036 bytes.
08-06 16:58:18.459  2474  8331 W ParceledListSlice: Element #277 is 21084 bytes.
08-06 16:58:18.459  2474  8331 W ParceledListSlice: Overly large reply size: 84248
08-06 16:58:18.459  2474  7657 W ParceledListSlice: Element #278 is 21084 bytes.
08-06 16:58:18.459  2474  7657 W ParceledListSlice: Element #279 is 21096 bytes.
08-06 16:58:18.459  2474  7657 W ParceledListSlice: Element #280 is 21084 bytes.
08-06 16:58:18.459  2474  7657 W ParceledListSlice: Element #281 is 21084 bytes.
08-06 16:58:18.459  2474  7657 W ParceledListSlice: Overly large reply size: 84372
08-06 16:58:18.460  2474  4291 W ParceledListSlice: Element #282 is 21104 bytes.
08-06 16:58:18.460  2474  4291 W ParceledListSlice: Element #283 is 21092 bytes.
08-06 16:58:18.460  2474  4291 W ParceledListSlice: Element #284 is 21080 bytes.
08-06 16:58:18.461 17757 17991 I Ad      : isPersonalizedAdEnabled getAdSettings: 1
08-06 16:58:18.465  2474  3506 I AppsFilter: interaction: PackageSetting{ad199a6 com.android.microdroid.empty_payload/10236} -> PackageSetting{4258bb3 com.miui.cleanmaster/10266} BLOCKED
08-06 16:58:18.465  2474  3506 I AppsFilter: interaction: PackageSetting{19b23d io.appium.uiautomator2.server.test/10280} -> PackageSetting{4258bb3 com.miui.cleanmaster/10266} BLOCKED
08-06 16:58:18.465  2474  3506 I AppsFilter: interaction: PackageSetting{76daa32 io.github.ylimit.droidbotapp/10349} -> PackageSetting{4258bb3 com.miui.cleanmaster/10266} BLOCKED
08-06 16:58:18.466  2474  3506 I AppsFilter: interaction: PackageSetting{838e383 com.rongcard.eid/10151} -> PackageSetting{4258bb3 com.miui.cleanmaster/10266} BLOCKED
08-06 16:58:18.466  2474  3506 I AppsFilter: interaction: PackageSetting{af43539 io.appium.settings/10274} -> PackageSetting{4258bb3 com.miui.cleanmaster/10266} BLOCKED
08-06 16:58:18.475 13430 14349 I RuntimePermissionManager: isRuntimeRequestSupport: true
08-06 16:58:18.475 13430 14349 I InstalledPackagesMemoryCache: getInstallPermissionGranted=true
08-06 16:58:18.480  2474  7657 W ParceledListSlice: Element #8 is 20788 bytes.
08-06 16:58:18.480  2474  7657 W ParceledListSlice: Element #9 is 20768 bytes.
08-06 16:58:18.483  7505 11044 I PermissionControllerServiceImpl: Updating user sensitive for uid 10266
08-06 16:58:18.484 13053 13053 E RegisteredServicesCache: Skipping application component ComponentInfo{com.UCMobile/com.alibaba.ariver.commonability.device.jsapi.nfc.service.TinyAppHostApduService}: it must request the permission android.permission.NFC
08-06 16:58:18.484 13053 13053 E RegisteredServicesCache: Skipping application component ComponentInfo{com.UCMobile/com.alipay.mobile.aompdevice.nfc.service.TinyAppHostApduService}: it must request the permission android.permission.NFC
08-06 16:58:18.484  7856  8405 E SmsApplication: com.android.mms lost android:read_cell_broadcasts:  (fixing)
08-06 16:58:18.484 13053 13053 E RegisteredServicesCache: Skipping application component ComponentInfo{com.autonavi.minimap/com.alibaba.ariver.commonability.device.jsapi.nfc.service.TinyAppHostApduService}: it must request the permission android.permission.NFC
08-06 16:58:18.484 13053 13053 E RegisteredServicesCache: Skipping application component ComponentInfo{com.autonavi.minimap/com.alipay.mobile.aompdevice.nfc.service.TinyAppHostApduService}: it must request the permission android.permission.NFC
08-06 16:58:18.484  2474  9656 W AppOpService: Ignored setUidMode call for runtime permission app op: uid = 10141, code = READ_CELL_BROADCASTS, mode = allow, callingUid = 1001, oldMode = allow
08-06 16:58:18.486 13053 13053 I RegisteredServicesCache: current user: 0, is managed profile : false
08-06 16:58:18.488 13053 13053 I RegisteredAidCache: updateRoutingLocked(false): Enter
08-06 16:58:18.488 13053 13053 I AidRoutingManager: configureRouting(false): Enter
08-06 16:58:18.488 13053 13053 E AidRoutingManager: Size of routing table970
08-06 16:58:18.488 13053 13053 I RegisteredAidCache: updateRoutingLocked(false): exit
08-06 16:58:18.488  2474  9656 W AppOpService: Ignored setUidMode call for runtime permission app op: uid = 1001, code = READ_SMS, mode = allow, callingUid = 1001, oldMode = allow
08-06 16:58:18.488  2474  9656 W AppOpService: Ignored setUidMode call for runtime permission app op: uid = 1001, code = RECEIVE_SMS, mode = allow, callingUid = 1001, oldMode = allow
08-06 16:58:18.489  2474  9656 W AppOpService: Ignored setUidMode call for runtime permission app op: uid = 1001, code = RECEIVE_WAP_PUSH, mode = allow, callingUid = 1001, oldMode = allow
08-06 16:58:18.489 13053 13053 I libnfc_nci: [INFO:NativeT4tNfcee.cpp(870)] nfcManager_isFwSupportNonStdT4TAid Enter isFwSupport = 1
08-06 16:58:18.489 13053 13053 I libnfc_nci: [INFO:SecureElement.cpp(1487)] SecureElement::getEseHandleFromGenericId: enter; ESE-ID = 0x7F
08-06 16:58:18.489 13053 13053 I libnfc_nci: [INFO:SecureElement.cpp(1528)] SecureElement::getEseHandleFromGenericId: enter; ESE-Handle = 0x410
08-06 16:58:18.489  2474  9656 W AppOpService: Ignored setUidMode call for runtime permission app op: uid = 1001, code = SEND_SMS, mode = allow, callingUid = 1001, oldMode = allow
08-06 16:58:18.489 13053 13053 I libnfc_nci: [INFO:SecureElement.cpp(1487)] SecureElement::getEseHandleFromGenericId: enter; ESE-ID = 0x00
08-06 16:58:18.489 13053 13053 I libnfc_nci: [INFO:SecureElement.cpp(1528)] SecureElement::getEseHandleFromGenericId: enter; ESE-Handle = 0x400
08-06 16:58:18.489  2474  9656 W AppOpService: Ignored setUidMode call for runtime permission app op: uid = 1001, code = READ_CELL_BROADCASTS, mode = allow, callingUid = 1001, oldMode = allow
08-06 16:58:18.490  7800 12919 I SecureElement-Terminal-eSE1: isSecureElementPresent()
08-06 16:58:18.490  1774  1774 I android.hardware.secure_element-service.qti: isCardPresent
08-06 16:58:18.490  1774  1774 I android.hardware.secure_element-service.qti: isCardPresent exit, cardPresent: 1
08-06 16:58:18.492  7800 12919 I SecureElement-Terminal-SIM1: isSecureElementPresent()
08-06 16:58:18.492  7800 12919 I SecureElement-Terminal-SIM1: isNfcEventAllowed: No access rules for checking.
08-06 16:58:18.493  7800 12919 I SecureElement-Terminal-SIM2: isSecureElementPresent()
08-06 16:58:18.505 10308 19301 E PackageUtil: getPackageInfoAsUser failed com.rhapsody , 999
08-06 16:58:18.520  2474  2664 W EnhancedConfirmationService: The packageName should not be null.
08-06 16:58:18.521  2474  2664 W MagnificationConnectionManager: requestConnection duplicated request: connect=false, mConnectionState=DISCONNECTED
08-06 16:58:18.550  3086  3086 I adbd    : in ShellService: ps
08-06 16:58:18.969  2474  2745 I SmartPower: com.mfashiongallery.emag/10262(13472): idle->background(2380ms) R(broadcast start Intent { act=android.intent.action.PACKAGE_CHANGED dat=package: flg=0x45000010 (has extras) }) adj=905.
08-06 16:58:18.969 13430 13430 I PackageInstallReceiver: action = android.intent.action.PACKAGE_CHANGED packageName = com.miui.cleanmaster
08-06 16:58:18.970 13430 13430 W InstalledPackagesMemoryCache: Unknown action: android.intent.action.PACKAGE_CHANGED
08-06 16:58:18.970 13430 13430 I ServiceDeliveryCapability: onAppChanged:com.miui.cleanmaster action:android.intent.action.PACKAGE_CHANGED
08-06 16:58:18.971 13430 13430 I AppWidgetDelegate: updateAppWidgets for com.miui.cleanmaster
08-06 16:58:18.971 13430 13430 I WidgetController: WidgetController.updateOrRemoveStackWhenPackageChanged: packageName com.miui.cleanmaster
08-06 16:58:18.971 13430 13430 I WidgetBackgroundBlurManager: onAppChanged appPackageName : com.miui.cleanmaster
08-06 16:58:18.972 13430 14350 I AppWidgetDelegate: removeAllWidgets com.android.calendar.widget.NearEventAppWidget
08-06 16:58:18.972 13430 14350 I AppWidgetDelegate: removeAllWidgets com.xiaomi.misettings.usagestats.widget.desktop.widget.SimpleUsageStatsWidget
08-06 16:58:18.972  2474  2745 I SmartPower: android.process.acore/10083(15552): idle->background(2372ms) R(broadcast start Intent { act=android.intent.action.PACKAGE_CHANGED dat=package: flg=0x45000010 (has extras) }) adj=800.
08-06 16:58:18.973  2474  2745 I SmartPower: com.google.android.documentsui/10100(14965): idle->background(2374ms) R(broadcast start Intent { act=android.intent.action.PACKAGE_CHANGED dat=package: flg=0x45000010 (has extras) }) adj=905.
08-06 16:58:18.974  2474  2745 I SmartPower: com.milink.service:audio/10178(18537): idle->background(2373ms) R(broadcast start Intent { act=android.intent.action.PACKAGE_CHANGED dat=package: flg=0x45000010 (has extras) }) adj=100.
08-06 16:58:19.287  2474  7257 I MiuiNetworkPolicy: bandwidth: 22 KB/s, Max bandwidth: 11266 KB/s
08-06 16:58:19.509  2474  4291 I ActivityManager: Broadcasting: Intent { act=android.intent.action.MEDIA_SCANNER_SCAN_FILE dat=file:///... flg=0x400000 }
08-06 16:58:19.509  2474  4291 I ActivityManager: Enqueued broadcast Intent { act=android.intent.action.MEDIA_SCANNER_SCAN_FILE dat=file:///... flg=0x400000 }: 0
08-06 16:58:19.512  2474  2745 I SmartPower: com.miui.gallery/10271(27825): idle->background(2907ms) R(broadcast start Intent { act=android.intent.action.MEDIA_SCANNER_SCAN_FILE dat=file:///... flg=0x1400010 }) adj=905.
08-06 16:58:19.514 27825 27825 W MiuiGallery2_BaseMediaScannerReceiver: [main] - Broadcast received, action: [android.intent.action.MEDIA_SCANNER_SCAN_FILE], data uri: [file:///sdcard/screen_2025-08-06_165817.png], CTA not allowed
08-06 16:58:19.515  2474  7257 I MiuiNetworkPolicy: updateUidState uid = 10271, uidState = 11
08-06 16:58:19.516 12965 12965 I MediaProvider: receive action = android.intent.action.MEDIA_SCANNER_SCAN_FILE schemeSpecificPart = ///sdcard/screen_2025-08-06_165817.png
08-06 16:58:19.517  2474  7257 I MiuiNetworkPolicy: updateUidState uid = 10271, uidState = 19
08-06 16:58:19.517  2474  4291 W JobInfo : Job 'com.android.providers.media.module/com.android.providers.media.MediaService#-300' has a deadline with no functional constraints. The deadline won't improve job execution latency. Consider removing the deadline.
08-06 16:58:19.520  1865  1865 I vendor.qti.hardware.servicetrackeraidl-service: bindService is called for service : com.android.providers.media.module/com.android.providers.media.MediaService and for client system
08-06 16:58:19.520  1865  1865 I vendor.qti.hardware.servicetrackeraidl-service: total connections for service : com.android.providers.media.module/com.android.providers.media.MediaServiceare :1
08-06 16:58:19.520  1865  1865 I vendor.qti.hardware.servicetrackeraidl-service: total connections for client : systemare :28
08-06 16:58:19.521  2474  7379 I whetstone.activity: processNotifyEvent1 resId = 256, bundle = Bundle[{startTime=395323843, sourcePkg=com.android.providers.media.module, sourceUid=10249, status=1, jobId=-300, batteryName=com.android.providers.media.module/com.android.providers.media.MediaService, elapsedRealtime=395323843}]
08-06 16:58:19.521 14191 14525 I EventMonitor: notifyEvent resId=256
08-06 16:58:19.526 12965 14232 I MediaProvider: Begin Intent { act=android.intent.action.MEDIA_SCANNER_SCAN_FILE dat=file:///... flg=0x1400010 cmp=com.android.providers.media.module/com.android.providers.media.MediaService }
08-06 16:58:19.526  2474  2643 I ActivityManager: Broadcast completed: result=0
08-06 16:58:19.547 12965 12985 I FuseDaemon: This is sticky GC, maxfree is 16777216 minfree is 8388608
08-06 16:58:19.552 12965 14232 I MediaProvider: End Intent { act=android.intent.action.MEDIA_SCANNER_SCAN_FILE dat=file:///... flg=0x1400010 cmp=com.android.providers.media.module/com.android.providers.media.MediaService }
08-06 16:58:19.553  2474  7379 I whetstone.activity: processNotifyEvent1 resId = 256, bundle = Bundle[{startTime=395323876, sourcePkg=com.android.providers.media.module, sourceUid=10249, status=0, jobId=-300, batteryName=com.android.providers.media.module/com.android.providers.media.MediaService, elapsedRealtime=395323876}]
08-06 16:58:19.554  1865  1865 I vendor.qti.hardware.servicetrackeraidl-service: unbindService is called for service : com.android.providers.media.module/com.android.providers.media.MediaService and for client system
08-06 16:58:19.554  1865  1865 I vendor.qti.hardware.servicetrackeraidl-service: size of service connections for service: com.android.providers.media.module/com.android.providers.media.MediaServiceafter removal is 0
08-06 16:58:19.554  1865  1865 I vendor.qti.hardware.servicetrackeraidl-service: size of client connections for client: systemafter removal is 27
08-06 16:58:19.554  1865  1865 I vendor.qti.hardware.servicetrackeraidl-service: destroyService is called for service : com.android.providers.media.module/com.android.providers.media.MediaService
08-06 16:58:19.556 14191 19653 I EventMonitor: notifyEvent resId=256
08-06 16:58:19.680  3086  3086 I adbd    : in ShellService: ps
08-06 16:58:19.734  3086  3086 I adbd    : in ShellService: rm /sdcard/screen_2025-08-06_165817.png
08-06 16:58:19.755 12965 19508 I MediaProvider: Deleted paths_hashcode::1389444597/:1389444597/-1169449277817.png items on external_primary due to com.android.shell tid=15399
08-06 16:58:19.896  2474  7382 I SmartPower: com.google.android.gms/10130(7177): background->idle(79818ms) R(adj below visible) adj=250.
08-06 16:58:19.896  3086  3086 I adbd    : in ShellService: dumpsys display
08-06 16:58:20.075  2474  7257 I MiuiNetworkPolicy: updateUidState uid = 10092, uidState = 15
08-06 16:58:20.086  7856  9010 E PhoneAdapter: get ntnphones failed, exception: java.lang.IllegalStateException: Default phones haven't been made yet!
08-06 16:58:20.089  2474  7258 E WifiScoreReportInjector: current network is in roaming environment
08-06 16:58:20.139  3086  3086 I adbd    : in ShellService: wm size
08-06 16:58:20.260  3086  3086 I adbd    : in ShellService: dumpsys input
08-06 16:58:20.331  3086  3086 I adbd    : in ShellService: getprop ro.sf.lcd_density
08-06 16:58:20.398  3086  3086 I adbd    : in ShellService: am force-stop com.rhapsody
08-06 16:58:20.431  2474  4291 I ActivityManager: Force stopping com.rhapsody appid=10350 user=0: from process:15435
08-06 16:58:20.433  2474  4291 E ClipboardServiceI: removeActivePermissionOwnerForPackage: mPrimaryClipPackage is null or get is null
08-06 16:58:20.434  2474  4291 I AppsFilter: interaction: PackageSetting{ad199a6 com.android.microdroid.empty_payload/10236} -> PackageSetting{4732fe7 com.rhapsody/10350} BLOCKED
08-06 16:58:20.434  2474  4291 I AppsFilter: interaction: PackageSetting{19b23d io.appium.uiautomator2.server.test/10280} -> PackageSetting{4732fe7 com.rhapsody/10350} BLOCKED
08-06 16:58:20.434  2474  4291 I AppsFilter: interaction: PackageSetting{76daa32 io.github.ylimit.droidbotapp/10349} -> PackageSetting{4732fe7 com.rhapsody/10350} BLOCKED
08-06 16:58:20.434  2474  4291 I AppsFilter: interaction: PackageSetting{838e383 com.rongcard.eid/10151} -> PackageSetting{4732fe7 com.rhapsody/10350} BLOCKED
08-06 16:58:20.434  2474  4291 I AppsFilter: interaction: PackageSetting{af43539 io.appium.settings/10274} -> PackageSetting{4732fe7 com.rhapsody/10350} BLOCKED
08-06 16:58:20.445  2474  8331 W ParceledListSlice: Element #8 is 20788 bytes.
08-06 16:58:20.445  2474  8331 W ParceledListSlice: Element #9 is 20768 bytes.
08-06 16:58:20.447 13053 13053 E RegisteredServicesCache: Skipping application component ComponentInfo{com.UCMobile/com.alibaba.ariver.commonability.device.jsapi.nfc.service.TinyAppHostApduService}: it must request the permission android.permission.NFC
08-06 16:58:20.447 13053 13053 E RegisteredServicesCache: Skipping application component ComponentInfo{com.UCMobile/com.alipay.mobile.aompdevice.nfc.service.TinyAppHostApduService}: it must request the permission android.permission.NFC
08-06 16:58:20.447 13053 13053 E RegisteredServicesCache: Skipping application component ComponentInfo{com.autonavi.minimap/com.alibaba.ariver.commonability.device.jsapi.nfc.service.TinyAppHostApduService}: it must request the permission android.permission.NFC
08-06 16:58:20.447 13053 13053 E RegisteredServicesCache: Skipping application component ComponentInfo{com.autonavi.minimap/com.alipay.mobile.aompdevice.nfc.service.TinyAppHostApduService}: it must request the permission android.permission.NFC
08-06 16:58:20.449 13053 13053 I RegisteredServicesCache: current user: 0, is managed profile : false
08-06 16:58:20.451 13053 13053 I RegisteredAidCache: updateRoutingLocked(false): Enter
08-06 16:58:20.451 13053 13053 I AidRoutingManager: configureRouting(false): Enter
08-06 16:58:20.451 13053 13053 E AidRoutingManager: Size of routing table970
08-06 16:58:20.451 13053 13053 I RegisteredAidCache: updateRoutingLocked(false): exit
08-06 16:58:20.452 13053 13053 I libnfc_nci: [INFO:NativeT4tNfcee.cpp(870)] nfcManager_isFwSupportNonStdT4TAid Enter isFwSupport = 1
08-06 16:58:20.452 13053 13053 I libnfc_nci: [INFO:SecureElement.cpp(1487)] SecureElement::getEseHandleFromGenericId: enter; ESE-ID = 0x7F
08-06 16:58:20.452 13053 13053 I libnfc_nci: [INFO:SecureElement.cpp(1528)] SecureElement::getEseHandleFromGenericId: enter; ESE-Handle = 0x410
08-06 16:58:20.452 13053 13053 I libnfc_nci: [INFO:SecureElement.cpp(1487)] SecureElement::getEseHandleFromGenericId: enter; ESE-ID = 0x00
08-06 16:58:20.452 13053 13053 I libnfc_nci: [INFO:SecureElement.cpp(1528)] SecureElement::getEseHandleFromGenericId: enter; ESE-Handle = 0x400
08-06 16:58:20.453  7800 12919 I SecureElement-Terminal-eSE1: isSecureElementPresent()
08-06 16:58:20.454  1774  1774 I android.hardware.secure_element-service.qti: isCardPresent
08-06 16:58:20.454  1774  1774 I android.hardware.secure_element-service.qti: isCardPresent exit, cardPresent: 1
08-06 16:58:20.455  7800 12919 I SecureElement-Terminal-SIM1: isSecureElementPresent()
08-06 16:58:20.455  7800 12919 I SecureElement-Terminal-SIM1: isNfcEventAllowed: No access rules for checking.
08-06 16:58:20.456  7800 12919 I SecureElement-Terminal-SIM2: isSecureElementPresent()
08-06 16:58:20.492  3086  3086 I adbd    : in ShellService: input keyevent HOME
08-06 16:58:20.544  2474  4291 W MIUIInput: Input event injection from package: null action ACTION_DOWN keycode 3
08-06 16:58:20.544  2474  4291 W MiuiInputKeyEventLog: keyCode:3 down:true eventTime:8149682 downTime:8149682 policyFlags:2b000000 flags:0 metaState:0 deviceId:-1 isScreenOn:true keyguardActive:false repeatCount:0
08-06 16:58:20.547  2474  4291 W MIUIInput: Input event injection from package: null action ACTION_UP keycode 3
08-06 16:58:20.547  2474  4291 W MiuiInputKeyEventLog: keyCode:3 down:false eventTime:8149684 downTime:8149682 policyFlags:2b000000 flags:0 metaState:0 deviceId:-1 isScreenOn:true keyguardActive:false repeatCount:0
08-06 16:58:20.547  2474  2680 W ActivityManagerServiceImpl: Sending non-protected broadcast com.miui.fullscreen_state_change from system 2474:system/1000 pkg android. Callers=com.android.server.am.ActivityManagerService.checkBroadcastFromSystem:16255 com.android.server.am.ActivityManagerService.broadcastIntentLockedTraced:17126 com.android.server.am.ActivityManagerService.broadcastIntentLocked:16315 com.android.server.am.ActivityManagerService.broadcastIntentWithFeature:17337 android.app.ContextImpl.sendBroadcastAsUser:1495 
08-06 16:58:20.547  2036  2036 E DisplayModeController: setDesiredMode : Idle status skip setActiveMode, isDdicIdleMode: 1
08-06 16:58:20.548  2474  4371 E MiuiInputKeyEventLog: before go to home
08-06 16:58:20.551  2474  2680 W ActivityManagerServiceImpl: Sending non-protected broadcast com.miui.launch_home_from_hotkey from system 2474:system/1000 pkg android. Callers=com.android.server.am.ActivityManagerService.checkBroadcastFromSystem:16255 com.android.server.am.ActivityManagerService.broadcastIntentLockedTraced:17126 com.android.server.am.ActivityManagerService.broadcastIntentLocked:16315 com.android.server.am.ActivityManagerService.broadcastIntentWithFeature:17337 android.app.ContextImpl.sendBroadcastAsUser:1536 
08-06 16:58:20.553 13710 13710 I VideoToolBoxService: onReceive: android.intent.action.CLOSE_SYSTEM_DIALOGS
08-06 16:58:20.553 13710 13710 I GameBoosterService: onReceive: android.intent.action.CLOSE_SYSTEM_DIALOGS
08-06 16:58:20.554  7890  7890 I ControlCenterExpandController: hide panel true true
08-06 16:58:20.554  7890  7890 I VolumeShowHideAnimator: isRunning: false, mExpanded: false
08-06 16:58:20.554  7890  7890 I VolumeExpandCollapsedAnimator: isRunning: false, mExpanded: false
08-06 16:58:20.554  7890  7890 I VolumePanelViewController_false: dismissH mShowing:false, reason:volume_controller, isAnimating: false, needShowDialog=false, KeyAnimatingStream=-1
08-06 16:58:20.554  7890  7890 I VolumeShowHideAnimator: isRunning: false, mExpanded: false
08-06 16:58:20.554  7890  7890 I VolumeExpandCollapsedAnimator: isRunning: false, mExpanded: false
08-06 16:58:20.554  7890  7890 I VolumePanelViewController_true: dismissH mShowing:false, reason:volume_controller, isAnimating: false, needShowDialog=true, KeyAnimatingStream=-1
08-06 16:58:20.555  1843  1843 I SDM     : HWCDisplay::SetActiveConfigWithConstraints: display:66-0, config: 3, WxH 1200x2670, fps 120
08-06 16:58:20.556  1843  1843 W SDM     : HWDeviceDRM::GetSupportedBitClkRate: Requested rate not supported: 1150000000
08-06 16:58:20.556  1843  1843 I SDM     : HWDeviceDRM::UpdateMixerAttributes: Mixer WxH 1200x2670-1 for Peripheral
08-06 16:58:20.556  1843  1843 I SDM     : HWCDisplay::SubmitDisplayConfig: Active configuration changed from config 1 to 3
08-06 16:58:20.556  1843  1843 I SDM     : HWCDisplay::SubmitDisplayConfig: Active WxH 1200x2670 ,ddic_mode:auto, timing_fps: 120, sf_fps: 120
08-06 16:58:20.557  1843  3496 I vendor.qti.hardware.display.composer-service: Sensor: notify citsensorservice to trigger cwb, misForced = 0
08-06 16:58:20.558  3050  4554 I libsensor-parseRGB: request dump start for mRequestDisplayId 0
08-06 16:58:20.559  2474  4371 W ActivityTaskManager: callingPackage for (uid=-1, pid=0) has no WPC
08-06 16:58:20.561  2474  4371 W OptProp : Cannot read opt property android.window.PROPERTY_COMPAT_ALLOW_ORIENTATION_OVERRIDE
08-06 16:58:20.564  2474  4371 E ActivityTaskManager: Unable to get servicetracker HAL instance
08-06 16:58:20.564  2474  4371 E ActivityTaskManager: Unable to get servicetracker HAL instance
08-06 16:58:20.564  2474  4371 E WindowManager: setClientVisible ActivityRecord{c8554c u0 com.miui.home/.launcher.Launcher true
08-06 16:58:20.564  2474  4371 W OptProp : Cannot read opt property android.window.PROPERTY_COMPAT_ALLOW_RESIZEABLE_ACTIVITY_OVERRIDES
08-06 16:58:20.565  2474  4371 W OptProp : Cannot read opt property android.window.PROPERTY_COMPAT_ALLOW_MIN_ASPECT_RATIO_OVERRIDE
08-06 16:58:20.566  2474  4371 I AnimInterruptController: FIS notify Foresee interrupt start:121
08-06 16:58:20.566  2474  4371 I ActivityTaskManager: isKeyguardEditor: false, newTransition: TransitionRecord{b6ecaaa id=122 type=OPEN flags=0x0}
08-06 16:58:20.569  2474  4371 I AnimInterruptController: FIS reset Foresee interrupt status
08-06 16:58:20.570  2474  4371 I ActivityTaskManager: START u0 {act=android.intent.action.MAIN cat=[android.intent.category.HOME] flg=0x10000100 cmp=com.miui.home/.launcher.Launcher (has extras)} with LAUNCH_SINGLE_TASK from uid 0 from pid 0 callingPackage null callers: com.android.server.wm.RootWindowContainer.lambda$startHomeOnDisplay$11:1607 com.android.server.wm.RootWindowContainer.$r8$lambda$DFaa7QLApF8rlf4uiy_4K0Hxf2Y:0 com.android.server.wm.RootWindowContainer$$ExternalSyntheticLambda50.apply:0 com.android.server.wm.TaskDisplayArea.reduceOnAllTaskDisplayAreas:526  (BAL_ALLOW_ALLOWLISTED_UID) result code=3
08-06 16:58:20.572 13430 13430 I LauncherOverlayCallback: handleMessage WHAT_ACTIVITY_STATE_CHANGED what1
08-06 16:58:20.572 13430 13430 I LauncherOverlayCallback: handleMessage WHAT_LAUNCHER_STATE what1
08-06 16:58:20.572 13430 13430 I AssistantOverlayWindow: lockToHideOverlay
08-06 16:58:20.572  7458  7458 I Launcher.widget: onInvisible 
08-06 16:58:20.572  7458  7458 I Launcher.widget: onInvisible 
08-06 16:58:20.572  7458  7458 I Launcher: onNewIntent
08-06 16:58:20.572  7458  7458 I ConnectAnimFinishCallbackManager: mNeedShowLauncher = true, waitFrameworkAnimCallback = false
08-06 16:58:20.572  7458  7458 E RotationHelper: setCurrentStateRequest: request=0
08-06 16:58:20.574  7458  7458 W Settings: Setting device_provisioned has moved from android.provider.Settings.Secure to android.provider.Settings.Global.
08-06 16:58:20.575  7458  7458 E Launcher.application: setClickAppWaitForCallback = false
08-06 16:58:20.576  7458  7458 I Launcher: changeMIUIWidgetEditMode false
08-06 16:58:20.577 13430 13430 I LauncherOverlayCallback: handleMessage WHAT_ACTIVITY_STATE_CHANGED what3
08-06 16:58:20.577 13430 13430 I LauncherOverlayCallback: handleMessage WHAT_LAUNCHER_STATE what3
08-06 16:58:20.577  2474  8331 I SecurityManagerService: update appwidget of uid: 10278 package: com.miui.weather2 visible: true reason: visible
08-06 16:58:20.580 13710 13710 I VideoToolBoxService: onReceive: android.intent.action.CLOSE_SYSTEM_DIALOGS
08-06 16:58:20.580  7458  7458 I Launcher.widget: onVisible 
08-06 16:58:20.580  7458  7458 I Launcher.widget: onVisible 
08-06 16:58:20.581 13710 13710 I GameBoosterService: onReceive: android.intent.action.CLOSE_SYSTEM_DIALOGS
08-06 16:58:20.583  2474  4291 I ClipboardServiceI: checkProviderWakePathForClipboard: primaryClip is null
08-06 16:58:20.583  2474  4291 I SmartPower: com.miui.weather2/10278(4065): idle->background(66542ms) R(content provider start ContentProviderRecord{4186a72 u0 com.miui.weather2/.providers.WeatherProvider}) adj=0.
08-06 16:58:20.585  2474  7257 I MiuiNetworkPolicy: updateUidState uid = 10278, uidState = 3
08-06 16:58:20.585  4065 31155 I Wth2:WeatherProvider: getFirstSelectedCity() ret count= 1
08-06 16:58:20.586  4065 31155 E Wth2:WeatherProvider: getFirstSelectedCity() error 
08-06 16:58:20.586  4065 31155 E Wth2:WeatherProvider: java.lang.NumberFormatException: For input string: "33.862_119.318"
08-06 16:58:20.586  4065 31155 E Wth2:WeatherProvider: 	at java.lang.Integer.parseInt(Integer.java:790)
08-06 16:58:20.586  4065 31155 E Wth2:WeatherProvider: 	at java.lang.Integer.parseInt(Integer.java:908)
08-06 16:58:20.586  4065 31155 E Wth2:WeatherProvider: 	at com.miui.weather2.providers.WeatherProvider.g(SourceFile:9)
08-06 16:58:20.586  4065 31155 E Wth2:WeatherProvider: 	at com.miui.weather2.providers.WeatherProvider.e(SourceFile:5)
08-06 16:58:20.586  4065 31155 E Wth2:WeatherProvider: 	at com.miui.weather2.providers.WeatherProvider.query(SourceFile:23)
08-06 16:58:20.586  4065 31155 E Wth2:WeatherProvider: 	at android.content.ContentProvider.query(ContentProvider.java:1633)
08-06 16:58:20.586  4065 31155 E Wth2:WeatherProvider: 	at android.content.ContentProvider.query(ContentProvider.java:1729)
08-06 16:58:20.586  4065 31155 E Wth2:WeatherProvider: 	at android.content.ContentProvider$Transport.query(ContentProvider.java:301)
08-06 16:58:20.586  4065 31155 E Wth2:WeatherProvider: 	at android.content.ContentProviderNative.onTransact(ContentProviderNative.java:110)
08-06 16:58:20.586  4065 31155 E Wth2:WeatherProvider: 	at android.os.Binder.execTransactInternal(Binder.java:1507)
08-06 16:58:20.586  4065 31155 E Wth2:WeatherProvider: 	at android.os.Binder.execTransact(Binder.java:1451)
08-06 16:58:20.586  7890  7890 I ControlCenterExpandController: hide panel true true
08-06 16:58:20.587  7890  7890 I VolumeShowHideAnimator: isRunning: false, mExpanded: false
08-06 16:58:20.587  7890  7890 I VolumeExpandCollapsedAnimator: isRunning: false, mExpanded: false
08-06 16:58:20.587  7890  7890 I VolumePanelViewController_false: dismissH mShowing:false, reason:volume_controller, isAnimating: false, needShowDialog=false, KeyAnimatingStream=-1
08-06 16:58:20.587  7890  7890 I VolumeShowHideAnimator: isRunning: false, mExpanded: false
08-06 16:58:20.587  2474  7257 I MiuiNetworkPolicyTrafficLimit: updateWhiteListUidForMobileTraffic uid=10278,add=true
08-06 16:58:20.587  7890  7890 I VolumeExpandCollapsedAnimator: isRunning: false, mExpanded: false
08-06 16:58:20.587  7890  7890 I VolumePanelViewController_true: dismissH mShowing:false, reason:volume_controller, isAnimating: false, needShowDialog=true, KeyAnimatingStream=-1
08-06 16:58:20.587  4065 16885 I Wth2:WeatherProvider: getFirstSelectedCity() ret count= 1
08-06 16:58:20.588  4065 16885 E Wth2:WeatherProvider: getFirstSelectedCity() error 
08-06 16:58:20.588  4065 16885 E Wth2:WeatherProvider: java.lang.NumberFormatException: For input string: "33.862_119.318"
08-06 16:58:20.588  4065 16885 E Wth2:WeatherProvider: 	at java.lang.Integer.parseInt(Integer.java:790)
08-06 16:58:20.588  4065 16885 E Wth2:WeatherProvider: 	at java.lang.Integer.parseInt(Integer.java:908)
08-06 16:58:20.588  4065 16885 E Wth2:WeatherProvider: 	at com.miui.weather2.providers.WeatherProvider.g(SourceFile:9)
08-06 16:58:20.588  4065 16885 E Wth2:WeatherProvider: 	at com.miui.weather2.providers.WeatherProvider.h(SourceFile:5)
08-06 16:58:20.588  4065 16885 E Wth2:WeatherProvider: 	at com.miui.weather2.providers.WeatherProvider.query(SourceFile:25)
08-06 16:58:20.588  4065 16885 E Wth2:WeatherProvider: 	at android.content.ContentProvider.query(ContentProvider.java:1633)
08-06 16:58:20.588  4065 16885 E Wth2:WeatherProvider: 	at android.content.ContentProvider.query(ContentProvider.java:1729)
08-06 16:58:20.588  4065 16885 E Wth2:WeatherProvider: 	at android.content.ContentProvider$Transport.query(ContentProvider.java:301)
08-06 16:58:20.588  4065 16885 E Wth2:WeatherProvider: 	at android.content.ContentProviderNative.onTransact(ContentProviderNative.java:110)
08-06 16:58:20.588  4065 16885 E Wth2:WeatherProvider: 	at android.os.Binder.execTransactInternal(Binder.java:1507)
08-06 16:58:20.588  4065 16885 E Wth2:WeatherProvider: 	at android.os.Binder.execTransact(Binder.java:1451)
08-06 16:58:20.588  2474  4291 I ClipboardServiceI: checkProviderWakePathForClipboard: primaryClip is null
08-06 16:58:20.589  4065 16885 I Wth2:WeatherProvider: getHourlyData checkCityAt=true tmpCursor.count  4
08-06 16:58:20.590  4065 16885 I Wth2:WeatherProvider: optimiseHourlyData sunrise : 19020000  sunset : 68400000
08-06 16:58:20.592  3050  3078 E libsensor-parseRGB: CWB NotifyCWBBufferDone  error 0
08-06 16:58:20.710  2474  8251 I NetworkAccelerateSwitchService: EVENT_RSSI_POLL. mRssiPoll=true
08-06 16:58:20.711  2474  8251 I NetworkAccelerateSwitchService: getAverageWifiRssi:63
