08-06 16:58:17.118 14191 14606 W WakelockManagerService: uid: 10106 is unblock state
08-06 16:58:17.118 14191 14606 W WakelockManagerService: uid: 10107 is unblock state
08-06 16:58:17.118 14191 14606 W WakelockManagerService: uid: 10108 is unblock state
08-06 16:58:17.118 14191 14606 W WakelockManagerService: uid: 10109 is unblock state
08-06 16:58:17.118 14191 14606 W WakelockManagerService: uid: 10110 is unblock state
08-06 16:58:17.118 14191 14606 W WakelockManagerService: uid: 10111 is unblock state
08-06 16:58:17.118 14191 14606 W WakelockManagerService: uid: 10112 is unblock state
08-06 16:58:17.118 14191 14606 W WakelockManagerService: uid: 10113 is unblock state
08-06 16:58:17.118 14191 14606 W WakelockManagerService: uid: 10114 is unblock state
08-06 16:58:17.118 14191 14606 W WakelockManagerService: uid: 10115 is unblock state
08-06 16:58:17.118 14191 14606 W WakelockManagerService: uid: 10116 is unblock state
08-06 16:58:17.118 14191 14606 W WakelockManagerService: uid: 10117 is unblock state
08-06 16:58:17.118 14191 14606 W WakelockManagerService: uid: 10118 is unblock state
08-06 16:58:17.118 14191 14606 W WakelockManagerService: uid: 10119 is unblock state
08-06 16:58:17.118 14191 14606 W WakelockManagerService: uid: 10120 is unblock state
08-06 16:58:17.118 14191 14606 W WakelockManagerService: uid: 10121 is unblock state
08-06 16:58:17.118 14191 14606 W WakelockManagerService: uid: 10122 is unblock state
08-06 16:58:17.118 14191 14606 W WakelockManagerService: uid: 10123 is unblock state
08-06 16:58:17.118 14191 14606 W WakelockManagerService: uid: 10124 is unblock state
08-06 16:58:17.118 14191 14606 W WakelockManagerService: uid: 10125 is unblock state
08-06 16:58:17.118 14191 14606 W WakelockManagerService: uid: 10126 is unblock state
08-06 16:58:17.118 14191 14606 W WakelockManagerService: uid: 10127 is unblock state
08-06 16:58:17.118 14191 14606 W WakelockManagerService: uid: 10128 is unblock state
08-06 16:58:17.118 14191 14606 W WakelockManagerService: uid: 10129 is unblock state
08-06 16:58:17.118 14191 14606 W WakelockManagerService: uid: 10130 is unblock state
08-06 16:58:17.118 14191 14606 W WakelockManagerService: uid: 10131 is unblock state
08-06 16:58:17.118 14191 14606 W WakelockManagerService: uid: 10132 is unblock state
08-06 16:58:17.118 14191 14606 W WakelockManagerService: uid: 10134 is unblock state
08-06 16:58:17.118 14191 14606 W WakelockManagerService: uid: 10135 is unblock state
08-06 16:58:17.118 14191 14606 W WakelockManagerService: uid: 10136 is unblock state
08-06 16:58:17.119 14191 14606 W WakelockManagerService: uid: 10137 is unblock state
08-06 16:58:17.119 14191 14606 W WakelockManagerService: uid: 10138 is unblock state
08-06 16:58:17.119 14191 14606 W WakelockManagerService: uid: 10139 is unblock state
08-06 16:58:17.119 14191 14606 W WakelockManagerService: uid: 10140 is unblock state
08-06 16:58:17.119 14191 14606 W WakelockManagerService: uid: 10141 is unblock state
08-06 16:58:17.119 14191 14606 W WakelockManagerService: uid: 10142 is unblock state
08-06 16:58:17.119 14191 14606 W WakelockManagerService: uid: 10143 is unblock state
08-06 16:58:17.119 14191 14606 W WakelockManagerService: uid: 10144 is unblock state
08-06 16:58:17.119 14191 14606 W WakelockManagerService: uid: 10145 is unblock state
08-06 16:58:17.119 14191 14606 W WakelockManagerService: uid: 10146 is unblock state
08-06 16:58:17.119 14191 14606 W WakelockManagerService: uid: 10147 is unblock state
08-06 16:58:17.119 14191 14606 W WakelockManagerService: uid: 10148 is unblock state
08-06 16:58:17.119 14191 14606 W WakelockManagerService: uid: 10149 is unblock state
08-06 16:58:17.119 14191 14606 W WakelockManagerService: uid: 10150 is unblock state
08-06 16:58:17.119 14191 14606 W WakelockManagerService: uid: 10151 is unblock state
08-06 16:58:17.119 14191 14606 W WakelockManagerService: uid: 10152 is unblock state
08-06 16:58:17.119 14191 14606 W WakelockManagerService: uid: 10153 is unblock state
08-06 16:58:17.119 14191 14606 W WakelockManagerService: uid: 10154 is unblock state
08-06 16:58:17.119 14191 14606 W WakelockManagerService: uid: 10155 is unblock state
08-06 16:58:17.119 14191 14606 W WakelockManagerService: uid: 10156 is unblock state
08-06 16:58:17.119 14191 14606 W WakelockManagerService: uid: 10157 is unblock state
08-06 16:58:17.119 14191 14606 W WakelockManagerService: uid: 10158 is unblock state
08-06 16:58:17.119 14191 14606 W WakelockManagerService: uid: 10159 is unblock state
08-06 16:58:17.119 14191 14606 W WakelockManagerService: uid: 10160 is unblock state
08-06 16:58:17.119 14191 14606 W WakelockManagerService: uid: 10161 is unblock state
08-06 16:58:17.119 14191 14606 W WakelockManagerService: uid: 10162 is unblock state
08-06 16:58:17.119 14191 14606 W WakelockManagerService: uid: 10163 is unblock state
08-06 16:58:17.119 14191 14606 W WakelockManagerService: uid: 10164 is unblock state
08-06 16:58:17.119 14191 14606 W WakelockManagerService: uid: 10165 is unblock state
08-06 16:58:17.119 14191 14606 W WakelockManagerService: uid: 10166 is unblock state
08-06 16:58:17.119 14191 14606 W WakelockManagerService: uid: 10167 is unblock state
08-06 16:58:17.119 14191 14606 W WakelockManagerService: uid: 10168 is unblock state
08-06 16:58:17.119 14191 14606 W WakelockManagerService: uid: 10169 is unblock state
08-06 16:58:17.119 14191 14606 W WakelockManagerService: uid: 10170 is unblock state
08-06 16:58:17.119 14191 14606 W WakelockManagerService: uid: 10171 is unblock state
08-06 16:58:17.119 14191 14606 W WakelockManagerService: uid: 10172 is unblock state
08-06 16:58:17.119 14191 14606 W WakelockManagerService: uid: 10173 is unblock state
08-06 16:58:17.119 14191 14606 W WakelockManagerService: uid: 10174 is unblock state
08-06 16:58:17.119 14191 14606 W WakelockManagerService: uid: 10175 is unblock state
08-06 16:58:17.119 14191 14606 W WakelockManagerService: uid: 10176 is unblock state
08-06 16:58:17.119 14191 14606 W WakelockManagerService: uid: 10177 is unblock state
08-06 16:58:17.119 14191 14606 W WakelockManagerService: uid: 10178 is unblock state
08-06 16:58:17.119 14191 14606 W WakelockManagerService: uid: 10179 is unblock state
08-06 16:58:17.119 14191 14606 W WakelockManagerService: uid: 10180 is unblock state
08-06 16:58:17.119 14191 14606 W WakelockManagerService: uid: 10181 is unblock state
08-06 16:58:17.119 14191 14606 W WakelockManagerService: uid: 10182 is unblock state
08-06 16:58:17.119 14191 14606 W WakelockManagerService: uid: 10183 is unblock state
08-06 16:58:17.119 14191 14606 W WakelockManagerService: uid: 10184 is unblock state
08-06 16:58:17.119 14191 14606 W WakelockManagerService: uid: 10185 is unblock state
08-06 16:58:17.119 14191 14606 W WakelockManagerService: uid: 10186 is unblock state
08-06 16:58:17.119 14191 14606 W WakelockManagerService: uid: 10187 is unblock state
08-06 16:58:17.119 14191 14606 W WakelockManagerService: uid: 10188 is unblock state
08-06 16:58:17.119 14191 14606 W WakelockManagerService: uid: 10189 is unblock state
08-06 16:58:17.119 14191 14606 W WakelockManagerService: uid: 10190 is unblock state
08-06 16:58:17.119 14191 14606 W WakelockManagerService: uid: 10191 is unblock state
08-06 16:58:17.119 14191 14606 W WakelockManagerService: uid: 10192 is unblock state
08-06 16:58:17.119 14191 14606 W WakelockManagerService: uid: 10193 is unblock state
08-06 16:58:17.119 14191 14606 W WakelockManagerService: uid: 10194 is unblock state
08-06 16:58:17.119 14191 14606 W WakelockManagerService: uid: 10195 is unblock state
08-06 16:58:17.119 14191 14606 W WakelockManagerService: uid: 10196 is unblock state
08-06 16:58:17.119 14191 14606 W WakelockManagerService: uid: 10197 is unblock state
08-06 16:58:17.119 14191 14606 W WakelockManagerService: uid: 10198 is unblock state
08-06 16:58:17.119 14191 14606 W WakelockManagerService: uid: 10199 is unblock state
08-06 16:58:17.119 14191 14606 W WakelockManagerService: uid: 10200 is unblock state
08-06 16:58:17.119 14191 14606 W WakelockManagerService: uid: 10201 is unblock state
08-06 16:58:17.119 14191 14606 W WakelockManagerService: uid: 10202 is unblock state
08-06 16:58:17.119 14191 14606 W WakelockManagerService: uid: 10203 is unblock state
08-06 16:58:17.119 14191 14606 W WakelockManagerService: uid: 10204 is unblock state
08-06 16:58:17.119 14191 14606 W WakelockManagerService: uid: 10205 is unblock state
08-06 16:58:17.119 14191 14606 W WakelockManagerService: uid: 10206 is unblock state
08-06 16:58:17.119 14191 14606 W WakelockManagerService: uid: 10207 is unblock state
08-06 16:58:17.119 14191 14606 W WakelockManagerService: uid: 10208 is unblock state
08-06 16:58:17.119 14191 14606 W WakelockManagerService: uid: 10209 is unblock state
08-06 16:58:17.119 14191 14606 W WakelockManagerService: uid: 10210 is unblock state
08-06 16:58:17.119 14191 14606 W WakelockManagerService: uid: 10211 is unblock state
08-06 16:58:17.119 14191 14606 W WakelockManagerService: uid: 10212 is unblock state
08-06 16:58:17.119 14191 14606 W WakelockManagerService: uid: 10213 is unblock state
08-06 16:58:17.119 14191 14606 W WakelockManagerService: uid: 10214 is unblock state
08-06 16:58:17.119 14191 14606 W WakelockManagerService: uid: 10215 is unblock state
08-06 16:58:17.119 14191 14606 W WakelockManagerService: uid: 10216 is unblock state
08-06 16:58:17.119 14191 14606 W WakelockManagerService: uid: 10217 is unblock state
08-06 16:58:17.119 14191 14606 W WakelockManagerService: uid: 10218 is unblock state
08-06 16:58:17.119 14191 14606 W WakelockManagerService: uid: 10219 is unblock state
08-06 16:58:17.119 14191 14606 W WakelockManagerService: uid: 10220 is unblock state
08-06 16:58:17.119 14191 14606 W WakelockManagerService: uid: 10221 is unblock state
08-06 16:58:17.119 14191 14606 W WakelockManagerService: uid: 10222 is unblock state
08-06 16:58:17.119 14191 14606 W WakelockManagerService: uid: 10223 is unblock state
08-06 16:58:17.119 14191 14606 W WakelockManagerService: uid: 10224 is unblock state
08-06 16:58:17.119 14191 14606 W WakelockManagerService: uid: 10225 is unblock state
08-06 16:58:17.119 14191 14606 W WakelockManagerService: uid: 10226 is unblock state
08-06 16:58:17.119 14191 14606 W WakelockManagerService: uid: 10227 is unblock state
08-06 16:58:17.119 14191 14606 W WakelockManagerService: uid: 10228 is unblock state
08-06 16:58:17.119 14191 14606 W WakelockManagerService: uid: 10229 is unblock state
08-06 16:58:17.119 14191 14606 W WakelockManagerService: uid: 10230 is unblock state
08-06 16:58:17.119 14191 14606 W WakelockManagerService: uid: 10231 is unblock state
08-06 16:58:17.119 14191 14606 W WakelockManagerService: uid: 10232 is unblock state
08-06 16:58:17.119 14191 14606 W WakelockManagerService: uid: 10233 is unblock state
08-06 16:58:17.119 14191 14606 W WakelockManagerService: uid: 10234 is unblock state
08-06 16:58:17.119 14191 14606 W WakelockManagerService: uid: 10235 is unblock state
08-06 16:58:17.119 14191 14606 W WakelockManagerService: uid: 10236 is unblock state
08-06 16:58:17.119 14191 14606 W WakelockManagerService: uid: 10237 is unblock state
08-06 16:58:17.119 14191 14606 W WakelockManagerService: uid: 10238 is unblock state
08-06 16:58:17.119 14191 14606 W WakelockManagerService: uid: 10239 is unblock state
08-06 16:58:17.119 14191 14606 W WakelockManagerService: uid: 10240 is unblock state
08-06 16:58:17.119 14191 14606 W WakelockManagerService: uid: 10241 is unblock state
08-06 16:58:17.119 14191 14606 W WakelockManagerService: uid: 10242 is unblock state
08-06 16:58:17.119 14191 14606 W WakelockManagerService: uid: 10243 is unblock state
08-06 16:58:17.119 14191 14606 W WakelockManagerService: uid: 10244 is unblock state
08-06 16:58:17.119 14191 14606 W WakelockManagerService: uid: 10245 is unblock state
08-06 16:58:17.119 14191 14606 W WakelockManagerService: uid: 10246 is unblock state
08-06 16:58:17.119 14191 14606 W WakelockManagerService: uid: 10247 is unblock state
08-06 16:58:17.119 14191 14606 W WakelockManagerService: uid: 10248 is unblock state
08-06 16:58:17.119 14191 14606 W WakelockManagerService: uid: 10249 is unblock state
08-06 16:58:17.119 14191 14606 W WakelockManagerService: uid: 10250 is unblock state
08-06 16:58:17.119 14191 14606 W WakelockManagerService: uid: 10251 is unblock state
08-06 16:58:17.119 14191 14606 W WakelockManagerService: uid: 10252 is unblock state
08-06 16:58:17.119 14191 14606 W WakelockManagerService: uid: 10253 is unblock state
08-06 16:58:17.119 14191 14606 W WakelockManagerService: uid: 10254 is unblock state
08-06 16:58:17.119 14191 14606 W WakelockManagerService: uid: 10255 is unblock state
08-06 16:58:17.119 14191 14606 W WakelockManagerService: uid: 10256 is unblock state
08-06 16:58:17.119 14191 14606 W WakelockManagerService: uid: 10257 is unblock state
08-06 16:58:17.119 14191 14606 W WakelockManagerService: uid: 10258 is unblock state
08-06 16:58:17.119 14191 14606 W WakelockManagerService: uid: 10259 is unblock state
08-06 16:58:17.119 14191 14606 W WakelockManagerService: uid: 10260 is unblock state
08-06 16:58:17.119 14191 14606 W WakelockManagerService: uid: 10261 is unblock state
08-06 16:58:17.119 14191 14606 W WakelockManagerService: uid: 10262 is unblock state
08-06 16:58:17.119 14191 14606 W WakelockManagerService: uid: 10263 is unblock state
08-06 16:58:17.119 14191 14606 W WakelockManagerService: uid: 10265 is unblock state
08-06 16:58:17.119 14191 14606 W WakelockManagerService: uid: 10266 is unblock state
08-06 16:58:17.119 14191 14606 W WakelockManagerService: uid: 10267 is unblock state
08-06 16:58:17.119 14191 14606 W WakelockManagerService: uid: 10268 is unblock state
08-06 16:58:17.119 14191 14606 W WakelockManagerService: uid: 10269 is unblock state
08-06 16:58:17.119 14191 14606 W WakelockManagerService: uid: 10270 is unblock state
08-06 16:58:17.119 14191 14606 W WakelockManagerService: uid: 10271 is unblock state
08-06 16:58:17.119 14191 14606 W WakelockManagerService: uid: 10272 is unblock state
08-06 16:58:17.119 14191 14606 W WakelockManagerService: uid: 10273 is unblock state
08-06 16:58:17.119 14191 14606 W WakelockManagerService: uid: 10274 is unblock state
08-06 16:58:17.119 14191 14606 W WakelockManagerService: uid: 10275 is unblock state
08-06 16:58:17.119 14191 14606 W WakelockManagerService: uid: 10276 is unblock state
08-06 16:58:17.119 14191 14606 W WakelockManagerService: uid: 10277 is unblock state
08-06 16:58:17.119 14191 14606 W WakelockManagerService: uid: 10278 is unblock state
08-06 16:58:17.119 14191 14606 W WakelockManagerService: uid: 10279 is unblock state
08-06 16:58:17.119 14191 14606 W WakelockManagerService: uid: 10280 is unblock state
08-06 16:58:17.120 14191 14606 W WakelockManagerService: uid: 10281 is unblock state
08-06 16:58:17.120 14191 14606 W WakelockManagerService: uid: 10282 is unblock state
08-06 16:58:17.120 14191 14606 W WakelockManagerService: uid: 10283 is unblock state
08-06 16:58:17.120 14191 14606 W WakelockManagerService: uid: 10285 is unblock state
08-06 16:58:17.120 14191 14606 W WakelockManagerService: uid: 10286 is unblock state
08-06 16:58:17.120 14191 14606 W WakelockManagerService: uid: 10287 is unblock state
08-06 16:58:17.120 14191 14606 W WakelockManagerService: uid: 10288 is unblock state
08-06 16:58:17.120 14191 14606 W WakelockManagerService: uid: 10289 is unblock state
08-06 16:58:17.120 14191 14606 W WakelockManagerService: uid: 10290 is unblock state
08-06 16:58:17.120 14191 14606 W WakelockManagerService: uid: 10291 is unblock state
08-06 16:58:17.120 14191 14606 W WakelockManagerService: uid: 10292 is unblock state
08-06 16:58:17.120 14191 14606 W WakelockManagerService: uid: 10293 is unblock state
08-06 16:58:17.120 14191 14606 W WakelockManagerService: uid: 10294 is unblock state
08-06 16:58:17.120 14191 14606 W WakelockManagerService: uid: 10296 is unblock state
08-06 16:58:17.120 14191 14606 W WakelockManagerService: uid: 10298 is unblock state
08-06 16:58:17.120 14191 14606 W WakelockManagerService: uid: 10299 is unblock state
08-06 16:58:17.120 14191 14606 W WakelockManagerService: uid: 10300 is unblock state
08-06 16:58:17.120 14191 14606 W WakelockManagerService: uid: 10301 is unblock state
08-06 16:58:17.120 14191 14606 W WakelockManagerService: uid: 10303 is unblock state
08-06 16:58:17.120 14191 14606 W WakelockManagerService: uid: 10304 is unblock state
08-06 16:58:17.120 14191 14606 W WakelockManagerService: uid: 10307 is unblock state
08-06 16:58:17.120 14191 14606 W WakelockManagerService: uid: 10308 is unblock state
08-06 16:58:17.120 14191 14606 W WakelockManagerService: uid: 10311 is unblock state
08-06 16:58:17.120 14191 14606 W WakelockManagerService: uid: 10313 is unblock state
08-06 16:58:17.120 14191 14606 W WakelockManagerService: uid: 10314 is unblock state
08-06 16:58:17.120 14191 14606 W WakelockManagerService: uid: 10315 is unblock state
08-06 16:58:17.120 14191 14606 W WakelockManagerService: uid: 10316 is unblock state
08-06 16:58:17.120 14191 14606 W WakelockManagerService: uid: 10317 is unblock state
08-06 16:58:17.120 14191 14606 W WakelockManagerService: uid: 10318 is unblock state
08-06 16:58:17.120 14191 14606 W WakelockManagerService: uid: 10320 is unblock state
08-06 16:58:17.120 14191 14606 W WakelockManagerService: uid: 10321 is unblock state
08-06 16:58:17.120 14191 14606 W WakelockManagerService: uid: 10323 is unblock state
08-06 16:58:17.120 14191 14606 W WakelockManagerService: uid: 10324 is unblock state
08-06 16:58:17.120 14191 14606 W WakelockManagerService: uid: 10326 is unblock state
08-06 16:58:17.120 14191 14606 W WakelockManagerService: uid: 10327 is unblock state
08-06 16:58:17.120 14191 14606 W WakelockManagerService: uid: 10328 is unblock state
08-06 16:58:17.120 14191 14606 W WakelockManagerService: uid: 10329 is unblock state
08-06 16:58:17.120 14191 14606 W WakelockManagerService: uid: 10330 is unblock state
08-06 16:58:17.120 14191 14606 W WakelockManagerService: uid: 10331 is unblock state
08-06 16:58:17.120 14191 14606 W WakelockManagerService: uid: 10332 is unblock state
08-06 16:58:17.120 14191 14606 W WakelockManagerService: uid: 10333 is unblock state
08-06 16:58:17.120 14191 14606 W WakelockManagerService: uid: 10334 is unblock state
08-06 16:58:17.120 14191 14606 W WakelockManagerService: uid: 10335 is unblock state
08-06 16:58:17.120 14191 14606 W WakelockManagerService: uid: 10336 is unblock state
08-06 16:58:17.120 14191 14606 W WakelockManagerService: uid: 10337 is unblock state
08-06 16:58:17.120 14191 14606 W WakelockManagerService: uid: 10338 is unblock state
08-06 16:58:17.120 14191 14606 W WakelockManagerService: uid: 10339 is unblock state
08-06 16:58:17.120 14191 14606 W WakelockManagerService: uid: 10340 is unblock state
08-06 16:58:17.120 14191 14606 W WakelockManagerService: uid: 10341 is unblock state
08-06 16:58:17.120 14191 14606 W WakelockManagerService: uid: 10349 is unblock state
08-06 16:58:17.120 14191 14606 W WakelockManagerService: uid: 10350 is unblock state
08-06 16:58:17.125 15292 15292 I dex2oat64: Using CollectorTypeCC GC.
08-06 16:58:17.132  2474  7378 E HyperSentinel: -------------------------------------------------------
08-06 16:58:17.133  2474  7378 E HyperSentinel: Event_ThreadAmount
08-06 16:58:17.133  2474  7378 E HyperSentinel: -> audit event by proc 14696 "io.github.ylimit.droidbotapp": running threads amount, 0 -> 26
08-06 16:58:17.163  2474  2635 I system_server: This is non sticky GC, maxfree is 16777216 minfree is 8388608
08-06 16:58:17.163  2474  2635 I system_server: Background concurrent copying GC freed 40MB AllocSpace bytes, 139(3716KB) LOS objects, 36% free, 85MB/133MB, paused 53us,154us total 267.201ms
08-06 16:58:17.170  2474  2638 W System  : A resource failed to call close. 
08-06 16:58:17.174 15292 15292 I dex2oat64: Large app, accepted running with swap.
08-06 16:58:17.181  1843  3496 I vendor.qti.hardware.display.composer-service: Sensor: notify citsensorservice to trigger cwb, misForced = 0
08-06 16:58:17.181  3050  4554 I libsensor-parseRGB: request dump start for mRequestDisplayId 0
08-06 16:58:17.206  3050  3078 E libsensor-parseRGB: CWB NotifyCWBBufferDone  error 0
08-06 16:58:17.277  2474  7257 I MiuiNetworkPolicy: updateUidState uid = 10278, uidState = 19
08-06 16:58:17.296  3086  3086 I adbd    : in ShellService: pm list packages -f
08-06 16:58:17.315  7177 24113 W Conscrypt: Could not set socket write timeout: java.net.SocketException: Socket closed
08-06 16:58:17.315  7177 24113 W Conscrypt: 	at com.google.android.gms.org.conscrypt.Platform.setSocketWriteTimeout(:com.google.android.gms@252834035@25.28.34 (260400-787197649):204)
08-06 16:58:17.315  7177 24113 W Conscrypt: 	at com.google.android.gms.org.conscrypt.ConscryptFileDescriptorSocket.setSoWriteTimeout(:com.google.android.gms@252834035@25.28.34 (260400-787197649):4)
08-06 16:58:17.343  1843  2051 I SDM     : DisplayBase::CommitThread: Received idle timeout, panel: cmd, timeout: 70000 us
08-06 16:58:17.371  3086  3086 I adbd    : in ShellService: ps
08-06 16:58:17.379  1843  1843 I SDM     : HWCDisplay::SetActiveConfigWithConstraints: display:66-0, config: 1, WxH 1200x2670, fps 120
08-06 16:58:17.380  1843  1843 W SDM     : HWDeviceDRM::GetSupportedBitClkRate: Requested rate not supported: 1150000000
08-06 16:58:17.380  1843  1843 I SDM     : HWDeviceDRM::UpdateMixerAttributes: Mixer WxH 1200x2670-1 for Peripheral
08-06 16:58:17.380  1843  1843 I SDM     : HWCDisplay::SubmitDisplayConfig: Active configuration changed from config 3 to 1
08-06 16:58:17.380  1843  1843 I SDM     : HWCDisplay::SubmitDisplayConfig: Active WxH 1200x2670 ,ddic_mode:idle, timing_fps: 120, sf_fps: 120
08-06 16:58:17.381  1843  3496 I vendor.qti.hardware.display.composer-service: Sensor: notify citsensorservice to trigger cwb, misForced = 0
08-06 16:58:17.382  3050  4554 I libsensor-parseRGB: request dump start for mRequestDisplayId 0
08-06 16:58:17.386  2474  7257 I MiuiNetworkPolicy: getEnableLimitTimeout when thermal mode is:0
08-06 16:58:17.390  3086  3086 I adbd    : in ShellService: dumpsys package com.rhapsody
08-06 16:58:17.403  3050 25119 E libsensor-parseRGB: CWB NotifyCWBBufferDone  error 0
08-06 16:58:17.407 16543 16543 I Finsky  : [2] yag.g(1): yag - Received: android.intent.action.PACKAGE_ADDED, [0egiy1yJbiyhmeXMR_5j-b25HN4wZfSvVYAZgEuE9I8]
08-06 16:58:17.407  2474 10067 W ParceledListSlice: Element #20 is 29016 bytes.
08-06 16:58:17.414  2474  7257 I MiuiNetworkPolicy: updateUidState uid = 10124, uidState = 11
08-06 16:58:17.414  2474  8394 W ParceledListSlice: Element #233 is 19012 bytes.
08-06 16:58:17.414 17757 17834 I Ad      : isPersonalizedAdEnabled getAdSettings: 1
08-06 16:58:17.417 13430 13430 I PackageInstallReceiver: action = android.intent.action.PACKAGE_ADDED packageName = com.rhapsody
08-06 16:58:17.417 13430 13430 I ServiceDeliveryCapability: onAppChanged:com.rhapsody action:android.intent.action.PACKAGE_ADDED
08-06 16:58:17.418 13430 13430 I PackageInstallReceiver: action = android.intent.action.PACKAGE_CHANGED packageName = com.rhapsody
08-06 16:58:17.418 13430 13430 W InstalledPackagesMemoryCache: Unknown action: android.intent.action.PACKAGE_CHANGED
08-06 16:58:17.418 13430 13430 I ServiceDeliveryCapability: onAppChanged:com.rhapsody action:android.intent.action.PACKAGE_CHANGED
08-06 16:58:17.418 13430 13430 I AppWidgetDelegate: updateAppWidgets for com.rhapsody
08-06 16:58:17.418 13430 13430 I WidgetController: WidgetController.updateOrRemoveStackWhenPackageChanged: packageName com.rhapsody
08-06 16:58:17.418 13430 13430 I WidgetBackgroundBlurManager: onAppChanged appPackageName : com.rhapsody
08-06 16:58:17.420 12995 12995 I VA_AiConn:ApkConstants: isPhoneCarLinkApp packageName=com.rhapsody
08-06 16:58:17.421 12995 14768 I VA_AliveCore:AbsCoreManager: msg.what = 1003
08-06 16:58:17.421 12995 14768 E VA_AliveCore:CoreManager: bind thread:id=279;name=CoreAssistInteraction
08-06 16:58:17.421 12995 14768 E VA_AliveCore:CoreManager: not target app
08-06 16:58:17.421 12995 14768 E VA_AliveCore:CoreManager: not target app
08-06 16:58:17.421 12995 14768 I VA_AliveCore:CoreManager: bindAliveServiceApps:com.miui.voicetrigger
08-06 16:58:17.422 12995 14768 I VA_AliveCore:CoreManager: bindAliveServiceApps: services:[ResolveInfo{77defe8 com.miui.voicetrigger/.VoiceTriggerService m=0x108000 userHandle=null}]
08-06 16:58:17.422 12995 14768 W VA_AliveConnection: startBind
08-06 16:58:17.422 12995 14768 I VA_AliveConnection: begin unregister
08-06 16:58:17.423 12995 14768 I VA_AliveConnection: begin register
08-06 16:58:17.423 13430 14351 I AppWidgetDelegate: removeAllWidgets com.android.calendar.widget.NearEventAppWidget
08-06 16:58:17.423 13430 14351 I AppWidgetDelegate: removeAllWidgets com.xiaomi.misettings.usagestats.widget.desktop.widget.SimpleUsageStatsWidget
08-06 16:58:17.423 16543 14820 I Finsky  : [1179] pcp.accept(129): Wrote row to frosting DB: 1585
08-06 16:58:17.424 12995 14768 I VA_AliveConnection: begin unregister
08-06 16:58:17.424 13588  9963 I auth    : [XMS][Auth] updatePackageInfos in db cnt: 1
08-06 16:58:17.424 16543 16543 I Finsky  : [2] adpc.f(9): Clearing split related stale data.
08-06 16:58:17.425 12995 14768 I VA_AliveConnection: begin register
08-06 16:58:17.425 12995 14768 W VA_AliveConnection: voicetrigger process isn't running
08-06 16:58:17.429 12995 14768 I VA_AliveCore:AliveReport: saveStatusTimeToReportDB serviceName: com.miui.voicetrigger Time: 1754470697425 BootOn: true settingOn: false appOn: false
08-06 16:58:17.431 16543 14820 I Finsky  : [1179] pcp.accept(129): Wrote row to frosting DB: 1586
08-06 16:58:17.432  2474  2745 W BroadcastQueue: Greezer Denial: sending Intent { act=android.intent.action.PACKAGE_ADDED dat=package: flg=0x4000010 (has extras) }, action: android.intent.action.PACKAGE_ADDED from null (uid=1000) due to receiver ProcessRecord{9356363 21009:com.instagram.android/u0a289} (uid 10289) need cached broadcast
08-06 16:58:17.432  2474  2745 W BroadcastQueue: Greezer Denial: sending Intent { act=android.intent.action.PACKAGE_ADDED dat=package: flg=0x4000010 (has extras) }, action: android.intent.action.PACKAGE_ADDED from null (uid=1000) due to receiver ProcessRecord{7f6b06a 21010:com.microsoft.office.outlook/u0a323} (uid 10323) need cached broadcast
08-06 16:58:17.437 14107 14422 I VA_AliveCore:ContentObserver: onChange uri = [content://com.xiaomi.assist.report/aliveStatus]
08-06 16:58:17.437 14107 14910 I VA_AliveCore:AliveStatusUploader: queryAliveItem start ,debug false
08-06 16:58:17.437 14107 14910 I VA_AliveCore:AliveStatusUploader: queryAliveItem end ,too often 
08-06 16:58:17.437  6011  6082 I com.xiaomi.market:new_milink:SafeBroadcastReceiver: a perform cost 0
08-06 16:58:17.437  6011  6095 I com.xiaomi.market:new_milink:SafeBroadcastReceiver: a perform cost 0
08-06 16:58:17.438  6011 14983 I Market-PackageMonitor: [Download/Install] onReceive: android.intent.action.PACKAGE_ADDED, pkg: com.rhapsody
08-06 16:58:17.438 12995 14768 W VA_AliveConnection: service don't need bind
08-06 16:58:17.438 12995 14768 W VA_AliveConnection: unLinkService:ComponentInfo{com.miui.voicetrigger/com.miui.voicetrigger.VoiceTriggerService}
08-06 16:58:17.438 12995 14768 W VA_AliveConnection: service does not bind now. ComponentInfo{com.miui.voicetrigger/com.miui.voicetrigger.VoiceTriggerService}
08-06 16:58:17.439  6011 14983 I Market-LocalAppManager: add package to list: com.rhapsody
08-06 16:58:17.439  6011  9788 I Market-LocalAppManager: checkUpdateFromServer : start
08-06 16:58:17.439  6011  9788 I Market-LocalAppManager: getUpdateInfoFromServer : start,isBackground=true
08-06 16:58:17.447 16543 16543 I Finsky  : [2] kuy.f(9): AIM: AppInfoCacheUpdater -> invalidating apps: [com.rhapsody]
08-06 16:58:17.447 16543 16543 I Finsky  : [2] kvn.g(21): AIM: AppInfoManager-Perf > getApps > called for 1 apps
08-06 16:58:17.447 16543 17054 I Finsky  : [649] kwt.a(55): AIM: AppInfoManager-Perf > OnDeviceAppInfo > cacheHitCount=0, cacheMissCount=1. Missed  in cache (limit 10) : [com.rhapsody]
08-06 16:58:17.448  2474  7647 W ParceledListSlice: Element #363 is 25752 bytes.
08-06 16:58:17.448 16543 17054 I Finsky  : [649] kuq.apply(1378): AIM: Got app ownership map. App counts: . Unique apps: 0
08-06 16:58:17.449  2741 14954 I Fitness : (REDACTED) OnPackageChangedOperation got intent: %s
08-06 16:58:17.449  9014  9019 I artd    : Dex parent of /data/app/~~jWp-fJ5TI_GU9FAaScz4XA==/com.rhapsody-28aDZ6YRcavwx-AhGhpQZQ==/base.apk is not writable: Permission denied
08-06 16:58:17.449  9014  9019 I artd    : GetBestInfo checking odex in dalvik-cache (/data/dalvik-cache/arm64/data@app@~~jWp-fJ5TI_GU9FAaScz4XA==@com.rhapsody-28aDZ6YRcavwx-AhGhpQZQ==@base.apk@classes.dex)
08-06 16:58:17.449  9014  9019 I artd    : Loading /data/dalvik-cache/arm64/data@app@~~jWp-fJ5TI_GU9FAaScz4XA==@com.rhapsody-28aDZ6YRcavwx-AhGhpQZQ==@base.apk@classes.dex with executable: 0
08-06 16:58:17.449  9014  9019 I artd    : OatFileAssistant test for existing oat file /data/dalvik-cache/arm64/data@app@~~jWp-fJ5TI_GU9FAaScz4XA==@com.rhapsody-28aDZ6YRcavwx-AhGhpQZQ==@base.apk@classes.dex: File /data/dalvik-cache/arm64/data@app@~~jWp-fJ5TI_GU9FAaScz4XA==@com.rhapsody-28aDZ6YRcavwx-AhGhpQZQ==@base.apk@classes.vdex does not exist.
08-06 16:58:17.449  9014  9019 I artd    : GetBestInfo checking odex next to the dex file (/data/app/~~jWp-fJ5TI_GU9FAaScz4XA==/com.rhapsody-28aDZ6YRcavwx-AhGhpQZQ==/oat/arm64/base.odex)
08-06 16:58:17.449  9014  9019 I artd    : Loading /data/app/~~jWp-fJ5TI_GU9FAaScz4XA==/com.rhapsody-28aDZ6YRcavwx-AhGhpQZQ==/oat/arm64/base.odex with executable: 0
08-06 16:58:17.450  9014  9019 I artd    : Successfully loaded /data/app/~~jWp-fJ5TI_GU9FAaScz4XA==/com.rhapsody-28aDZ6YRcavwx-AhGhpQZQ==/oat/arm64/base.odex with executable: 0
08-06 16:58:17.450  9799  9799 I Market-BaseWidgetProvider: BaseWidgetProvider action:com.xiaomi.market.APP_STATUS_CHANGED
08-06 16:58:17.450  9799  9799 I Market-newGameWidgetProvider: newGameWidgetProvider action: com.xiaomi.market.APP_STATUS_CHANGED
08-06 16:58:17.450  9014  9019 I artd    : /data/app/~~jWp-fJ5TI_GU9FAaScz4XA==/com.rhapsody-28aDZ6YRcavwx-AhGhpQZQ==/oat/arm64/base.odex is kOatUpToDate with filter verify
08-06 16:58:17.450  6011  9788 I Market-LocalAppManager: getUpdateInfoFromServer : middle
08-06 16:58:17.451  6011  9788 E Market-Client: isSupportChildMode, error: java.lang.NumberFormatException: For input string: ""
08-06 16:58:17.451 16543 14841 I Finsky  : [1184] mjw.ajf(151): [ContentSync] finished, scheduled=false
08-06 16:58:17.456 19029 19635 I auth    : [XMS][Auth] updatePackageInfos in db cnt: 1
08-06 16:58:17.458  9014 21900 I artd    : Dex parent of /data/app/~~jWp-fJ5TI_GU9FAaScz4XA==/com.rhapsody-28aDZ6YRcavwx-AhGhpQZQ==/base.apk is not writable: Permission denied
08-06 16:58:17.458  9014 21900 I artd    : GetBestInfo checking odex in dalvik-cache (/data/dalvik-cache/arm64/data@app@~~jWp-fJ5TI_GU9FAaScz4XA==@com.rhapsody-28aDZ6YRcavwx-AhGhpQZQ==@base.apk@classes.dex)
08-06 16:58:17.458  9014 21900 I artd    : Loading /data/dalvik-cache/arm64/data@app@~~jWp-fJ5TI_GU9FAaScz4XA==@com.rhapsody-28aDZ6YRcavwx-AhGhpQZQ==@base.apk@classes.dex with executable: 0
08-06 16:58:17.458  9014 21900 I artd    : OatFileAssistant test for existing oat file /data/dalvik-cache/arm64/data@app@~~jWp-fJ5TI_GU9FAaScz4XA==@com.rhapsody-28aDZ6YRcavwx-AhGhpQZQ==@base.apk@classes.dex: File /data/dalvik-cache/arm64/data@app@~~jWp-fJ5TI_GU9FAaScz4XA==@com.rhapsody-28aDZ6YRcavwx-AhGhpQZQ==@base.apk@classes.vdex does not exist.
08-06 16:58:17.458  9014 21900 I artd    : GetBestInfo checking odex next to the dex file (/data/app/~~jWp-fJ5TI_GU9FAaScz4XA==/com.rhapsody-28aDZ6YRcavwx-AhGhpQZQ==/oat/arm64/base.odex)
08-06 16:58:17.458  9014 21900 I artd    : Loading /data/app/~~jWp-fJ5TI_GU9FAaScz4XA==/com.rhapsody-28aDZ6YRcavwx-AhGhpQZQ==/oat/arm64/base.odex with executable: 0
08-06 16:58:17.459  9014 21900 I artd    : Successfully loaded /data/app/~~jWp-fJ5TI_GU9FAaScz4XA==/com.rhapsody-28aDZ6YRcavwx-AhGhpQZQ==/oat/arm64/base.odex with executable: 0
08-06 16:58:17.459  9014 21900 I artd    : /data/app/~~jWp-fJ5TI_GU9FAaScz4XA==/com.rhapsody-28aDZ6YRcavwx-AhGhpQZQ==/oat/arm64/base.odex is kOatUpToDate with filter verify
08-06 16:58:17.460  1843  2051 I SDM     : DisplayBase::CommitThread: Received idle timeout, panel: cmd, timeout: 70000 us
08-06 16:58:17.463 16543 17042 I Finsky  : [646] kwp.a(206): AIM: AppInfoManager-Perf > ItemModel > CacheSize=34, cacheHitCount=0, cacheMissCount=0, total appsWithNoServerDataCount=3. Missed  in cache (limit 10) : []
08-06 16:58:17.472  6011  9788 I Market-RetrofitRequest: callStart : https://updateinfo.market.xiaomi.com/apm/updateinfo/v2
08-06 16:58:17.476  2474  7257 I MiuiNetworkPolicy: updateUidState uid = 10261, uidState = 10
08-06 16:58:17.476  2474  7257 I MiuiNetworkPolicy: updateUidState uid = 10158, uidState = 10
08-06 16:58:17.479  6011  6011 I Market-ServiceUtils: startForeground: CheckUpdateService
08-06 16:58:17.480  6011  9788 I Market-RetrofitRequest: HeaderInterceptor : https://updateinfo.market.xiaomi.com/apm/updateinfo/v2
08-06 16:58:17.480  2741 14954 I Fitness : (REDACTED) FitCleanupIntentOperation received Intent %s
08-06 16:58:17.482  1865  1865 I vendor.qti.hardware.servicetrackeraidl-service: destroyService is called for service : com.google.android.gms/.fitness.service.recording.FitRecordingBroker
08-06 16:58:17.484  2741 14954 I ProximityAuth: [RecentAppsMediator] Package added: (user=UserHandle{0}) com.rhapsody
08-06 16:58:17.484  2474  8393 W ActivityManager: Foreground service started from background can not have location/camera/microphone access: service com.xiaomi.market/.business_core.update.auto.CheckUpdateService
08-06 16:58:17.484  2474  8393 I ActivityManager: Background started FGS: Allowed [callingPackage: com.xiaomi.market; callingUid: 10167; uidState: SVC ; uidBFSL: n/a; intent: Intent { cmp=com.xiaomi.market/.business_core.update.auto.CheckUpdateService (has extras) }; code:SYSTEM_ALERT_WINDOW_PERMISSION; tempAllowListReason:<,reasonCode:SYSTEM_ALLOW_LISTED,duration:9223372036854775807,callingUid:-1>; targetSdkVersion:33; callerTargetSdkVersion:33; startForegroundCount:0; bindFromPackage:null: isBindService:false]
08-06 16:58:17.485  2474  8393 W ForegroundServiceTypeLoggerModule: Foreground service start for UID: 10167 does not have any types
08-06 16:58:17.486  2741 14900 W GCM     : Unexpected forwarded intent: Intent { act=android.intent.action.PACKAGE_ADDED dat=package: flg=0x4000010 pkg=com.google.android.gms cmp=com.google.android.gms/.chimera.PersistentIntentOperationService (has extras) }
08-06 16:58:17.487  6011  9788 E Market-Client: isSupportChildMode, error: java.lang.NumberFormatException: For input string: ""
08-06 16:58:17.488  6011  9788 E Market-Client: isSupportChildMode, error: java.lang.NumberFormatException: For input string: ""
08-06 16:58:17.489  2741 14955 W NetworkScheduler: Unexpected forwarded intent: Intent { act=android.intent.action.PACKAGE_ADDED dat=package: flg=0x4000010 pkg=com.google.android.gms cmp=com.google.android.gms/.chimera.PersistentIntentOperationService (has extras) }
08-06 16:58:17.489  2474  7257 I MiuiNetworkPolicy: updateUidState uid = 10261, uidState = 4
08-06 16:58:17.489  2474  7257 I MiuiNetworkPolicyTrafficLimit: updateWhiteListUidForMobileTraffic uid=10261,add=true
08-06 16:58:17.490  2474  7257 I MiuiNetworkPolicy: updateUidState uid = 10203, uidState = 4
08-06 16:58:17.490  2474  7257 I MiuiNetworkPolicy: updateUidState uid = 10167, uidState = 4
08-06 16:58:17.490  2474  7257 I MiuiNetworkPolicyTrafficLimit: updateWhiteListUidForMobileTraffic uid=10167,add=true
08-06 16:58:17.490  2474  7257 I MiuiNetworkPolicy: updateUidState uid = 10158, uidState = 4
08-06 16:58:17.493  2474  7257 I MiuiNetworkPolicyTrafficLimit: updateWhiteListUidForMobileTraffic uid=10158,add=true
08-06 16:58:17.493  2474  7257 I MiuiNetworkPolicy: updateUidState uid = 10090, uidState = 4
08-06 16:58:17.494  1865  1865 I vendor.qti.hardware.servicetrackeraidl-service: bindService is called for service : com.miui.cleanmaster/androidx.work.impl.background.systemjob.SystemJobService and for client system
08-06 16:58:17.494  1865  1865 I vendor.qti.hardware.servicetrackeraidl-service: total connections for service : com.miui.cleanmaster/androidx.work.impl.background.systemjob.SystemJobServiceare :1
08-06 16:58:17.494  1865  1865 I vendor.qti.hardware.servicetrackeraidl-service: total connections for client : systemare :28
08-06 16:58:17.494  2474  7257 I MiuiNetworkPolicy: updateUidState uid = 10266, uidState = 8
08-06 16:58:17.495 16543 16543 I Finsky  : [2] akwu.c(44): Do not start WearSupportService due to Wear service optimization
08-06 16:58:17.496 16543 16543 I Finsky  : [2] srb.akj(13): DTU: Received onPackageAdded, replacing: false
08-06 16:58:17.496 16543 17054 I Finsky  : [649] kwt.a(55): AIM: AppInfoManager-Perf > OnDeviceAppInfo > cacheHitCount=1, cacheMissCount=0. Missed  in cache (limit 10) : []
08-06 16:58:17.496 16543 16543 I Finsky  : [2] yag.g(1): yag - Received: android.intent.action.PACKAGE_CHANGED, [0egiy1yJbiyhmeXMR_5j-b25HN4wZfSvVYAZgEuE9I8]
08-06 16:58:17.497 16543 17024 I Finsky  : [641] kuq.apply(1378): AIM: Got app ownership map. App counts: . Unique apps: 0
08-06 16:58:17.497  7177 14874 I Auth    : (REDACTED) [SupervisedAccountIntentOperationV2] onHandleIntent: %s
08-06 16:58:17.498 16543 17024 I Finsky  : [641] kwp.a(206): AIM: AppInfoManager-Perf > ItemModel > CacheSize=34, cacheHitCount=0, cacheMissCount=0, total appsWithNoServerDataCount=3. Missed  in cache (limit 10) : []
08-06 16:58:17.500  6011  9788 I Market-LimitSpeedManager: startLimitSpeedNow() ====== speed = 32768
08-06 16:58:17.500  7177 15329 I Dck     : (REDACTED) disableDckSupport: %s
08-06 16:58:17.500  7177 15329 I Dck     : [WirelessCapabilitiesFeatures] wccSysProp: 1 [CONTEXT service_id=289 ]
08-06 16:58:17.500  7177 15329 I Dck     : [WirelessCapabilitiesFeatures] wccMendel: 3 [CONTEXT service_id=289 ]
08-06 16:58:17.500  7177 15329 I Dck     : [WirelessCapabilitiesFeatures] deviceWccOverride: false [CONTEXT service_id=289 ]
08-06 16:58:17.500  7177 15329 I Dck     : [WirelessCapabilitiesFeatures] replaceSupportedWccWithWccOverride: true [CONTEXT service_id=289 ]
08-06 16:58:17.500  7177 15329 I Dck     : [WirelessCapabilitiesFeatures] wccOverride: not set [CONTEXT service_id=289 ]
08-06 16:58:17.500  7177 15329 I Dck     : (REDACTED) [WirelessCapabilitiesFeatures] wcc: %s
08-06 16:58:17.500  7177 15329 I Dck     : Dck module condition - downloadAllowed: false [CONTEXT service_id=289 ]
08-06 16:58:17.500  7177 15329 W Dck     : Dck module not eligible for asynchronous downloading [CONTEXT service_id=289 ]
08-06 16:58:17.503  2474  7379 I whetstone.activity: processNotifyEvent1 resId = 256, bundle = Bundle[{startTime=395321825, sourcePkg=com.miui.cleanmaster, sourceUid=10266, status=1, jobId=473, batteryName=com.miui.cleanmaster/androidx.work.impl.background.systemjob.SystemJobService, elapsedRealtime=395321825}]
08-06 16:58:17.503 14191 19653 I EventMonitor: notifyEvent resId=256
08-06 16:58:17.503 16543 14820 I Finsky  : [1179] pcp.accept(129): Wrote row to frosting DB: 1587
08-06 16:58:17.505  6011  9788 I Market-DownloadLimitSpeedManager: startLimitSpeed success. Total count 1
08-06 16:58:17.505  6011  9788 I Market-RetrofitRequest: HeaderInterceptor : https://updateinfo.market.xiaomi.com/apm/updateinfo/v2
08-06 16:58:17.510 17558 17715 I WM-WorkerWrapper: Worker result SUCCESS for Work [ id=f6223936-a647-48ca-b328-00ac7a548914, tags={ com.miui.optimizecenter.common.appcache.AppCacheManager$Companion$AppChangedReceiverWork } ]
08-06 16:58:17.514  6011 14985 I Market-WakeLockManager: acquire wakeLock: CheckUpdateService for 30000
08-06 16:58:17.514  2741 14901 I Fitness : (REDACTED) OnPackageChangedOperation got intent: %s
08-06 16:58:17.515  6011 14985 I Market-CheckUpdateService: force check Update Apps
08-06 16:58:17.515  6011 14985 I Market-LocalAppManager: query update apps from server : begin
08-06 16:58:17.515  6011 14985 I Market-LocalAppManager: checkUpdateFromServer : start
08-06 16:58:17.515  6011 14985 I Market-LocalAppManager: getUpdateInfoFromServer : start,isBackground=true
08-06 16:58:17.521  3086  3086 I adbd    : in ShellService: dumpsys activity activities
08-06 16:58:17.521  2741 14901 I Fitness : (REDACTED) FitCleanupIntentOperation received Intent %s
08-06 16:58:17.537  1865  1865 I vendor.qti.hardware.servicetrackeraidl-service: destroyService is called for service : com.google.android.gms/.icing.service.IndexWorkerService
08-06 16:58:17.540  1843  3496 I vendor.qti.hardware.display.composer-service: Sensor: notify citsensorservice to trigger cwb, misForced = 1
08-06 16:58:17.540  3050  4554 I libsensor-parseRGB: request dump start for mRequestDisplayId 0
08-06 16:58:17.542  1865  1865 I vendor.qti.hardware.servicetrackeraidl-service: destroyService is called for service : com.google.android.gms/.fitness.service.recording.FitRecordingBroker
08-06 16:58:17.543 13223 17910 W SQLiteLog: (28) double-quoted string literal: "com.rhapsody"
08-06 16:58:17.543  1850  9924 E ANDR-PERF-LM: MetaMeter: handleAsync() 166: AdaptLaunch Invalid Async
08-06 16:58:17.545  9014  9024 I artd    : Dex parent of /data/app/~~jWp-fJ5TI_GU9FAaScz4XA==/com.rhapsody-28aDZ6YRcavwx-AhGhpQZQ==/base.apk is not writable: Permission denied
08-06 16:58:17.545  9014  9024 I artd    : GetBestInfo checking odex in dalvik-cache (/data/dalvik-cache/arm64/data@app@~~jWp-fJ5TI_GU9FAaScz4XA==@com.rhapsody-28aDZ6YRcavwx-AhGhpQZQ==@base.apk@classes.dex)
08-06 16:58:17.545  9014  9024 I artd    : Loading /data/dalvik-cache/arm64/data@app@~~jWp-fJ5TI_GU9FAaScz4XA==@com.rhapsody-28aDZ6YRcavwx-AhGhpQZQ==@base.apk@classes.dex with executable: 0
08-06 16:58:17.545  9014  9024 I artd    : OatFileAssistant test for existing oat file /data/dalvik-cache/arm64/data@app@~~jWp-fJ5TI_GU9FAaScz4XA==@com.rhapsody-28aDZ6YRcavwx-AhGhpQZQ==@base.apk@classes.dex: File /data/dalvik-cache/arm64/data@app@~~jWp-fJ5TI_GU9FAaScz4XA==@com.rhapsody-28aDZ6YRcavwx-AhGhpQZQ==@base.apk@classes.vdex does not exist.
08-06 16:58:17.545  9014  9024 I artd    : GetBestInfo checking odex next to the dex file (/data/app/~~jWp-fJ5TI_GU9FAaScz4XA==/com.rhapsody-28aDZ6YRcavwx-AhGhpQZQ==/oat/arm64/base.odex)
08-06 16:58:17.545  9014  9024 I artd    : Loading /data/app/~~jWp-fJ5TI_GU9FAaScz4XA==/com.rhapsody-28aDZ6YRcavwx-AhGhpQZQ==/oat/arm64/base.odex with executable: 0
08-06 16:58:17.545  9014  9024 I artd    : Successfully loaded /data/app/~~jWp-fJ5TI_GU9FAaScz4XA==/com.rhapsody-28aDZ6YRcavwx-AhGhpQZQ==/oat/arm64/base.odex with executable: 0
08-06 16:58:17.545  9014  9024 I artd    : /data/app/~~jWp-fJ5TI_GU9FAaScz4XA==/com.rhapsody-28aDZ6YRcavwx-AhGhpQZQ==/oat/arm64/base.odex is kOatUpToDate with filter verify
08-06 16:58:17.546 10308 13587 I WakePathUpdatePolicy: doUpdate(user 0):responseCode:200
08-06 16:58:17.546 10308 13587 W WakePathUpdatePolicy: doUpdate(user 0): Response stream size=1408
08-06 16:58:17.546  2474  7379 I whetstone.activity: processNotifyEvent1 resId = 256, bundle = Bundle[{startTime=395321869, sourcePkg=com.miui.cleanmaster, sourceUid=10266, status=0, jobId=473, batteryName=com.miui.cleanmaster/androidx.work.impl.background.systemjob.SystemJobService, elapsedRealtime=395321869}]
08-06 16:58:17.547 14191 19653 I EventMonitor: notifyEvent resId=256
08-06 16:58:17.548  1865  1865 I vendor.qti.hardware.servicetrackeraidl-service: unbindService is called for service : com.miui.cleanmaster/androidx.work.impl.background.systemjob.SystemJobService and for client system
08-06 16:58:17.548  1865  1865 I vendor.qti.hardware.servicetrackeraidl-service: size of service connections for service: com.miui.cleanmaster/androidx.work.impl.background.systemjob.SystemJobServiceafter removal is 0
08-06 16:58:17.548  1865  1865 I vendor.qti.hardware.servicetrackeraidl-service: size of client connections for client: systemafter removal is 27
08-06 16:58:17.548  1865  1865 I vendor.qti.hardware.servicetrackeraidl-service: destroyService is called for service : com.miui.cleanmaster/androidx.work.impl.background.systemjob.SystemJobService
08-06 16:58:17.549  2474  7257 I MiuiNetworkPolicy: updateUidState uid = 10266, uidState = 10
08-06 16:58:17.551 16543 14820 I Finsky  : [1179] pcp.accept(129): Wrote row to frosting DB: 1588
08-06 16:58:17.552 10308 13587 I WakePathUpdatePolicy: pushWakePathData begin
08-06 16:58:17.552 10308 13587 I com.lbe.security.service.provider.WakePathDatabaseUtil: getWakePathWhiteList: whiteList.size=5
08-06 16:58:17.552  2474  4291 I WakePathChecker: MIUILOG-WAKEPATH pushWakePathWhiteList: userId=0 size=5
08-06 16:58:17.553 10308 13587 I com.lbe.security.service.provider.WakePathDatabaseUtil: getWakePathRuleList: wakeType=1 wakePathRules.size=3
08-06 16:58:17.553  2474  8393 I WakePathChecker: MIUILOG-WAKEPATH pushWakePathRuleInfos: wakeType=1 userId=0 size=3
08-06 16:58:17.555 10308 13587 I com.lbe.security.service.provider.WakePathDatabaseUtil: getWakePathRuleList: wakeType=8 wakePathRules.size=8
08-06 16:58:17.555 16543 16543 I Finsky  : [2] kuy.f(9): AIM: AppInfoCacheUpdater -> invalidating apps: [com.rhapsody]
08-06 16:58:17.555 16543 16543 I Finsky  : [2] kvn.g(21): AIM: AppInfoManager-Perf > getApps > called for 1 apps
08-06 16:58:17.555  2474  7657 I WakePathChecker: MIUILOG-WAKEPATH pushWakePathRuleInfos: wakeType=8 userId=0 size=8
08-06 16:58:17.555 16543 17002 I Finsky  : [637] kwt.a(55): AIM: AppInfoManager-Perf > OnDeviceAppInfo > cacheHitCount=0, cacheMissCount=1. Missed  in cache (limit 10) : [com.rhapsody]
08-06 16:58:17.555 10308 13587 I com.lbe.security.service.provider.WakePathDatabaseUtil: getWakePathRuleList: wakeType=4 wakePathRules.size=4
08-06 16:58:17.555  2474  7657 I WakePathChecker: MIUILOG-WAKEPATH pushWakePathRuleInfos: wakeType=4 userId=0 size=4
08-06 16:58:17.556 10308 13587 I com.lbe.security.service.provider.WakePathDatabaseUtil: getWakePathRuleList: wakeType=2 wakePathRules.size=1
08-06 16:58:17.556  2474  7257 I MiuiNetworkPolicy: updateUidState uid = 10266, uidState = 19
08-06 16:58:17.556  2474  8331 I WakePathChecker: MIUILOG-WAKEPATH pushWakePathRuleInfos: wakeType=2 userId=0 size=1
08-06 16:58:17.556 16543 17042 I Finsky  : [646] kuq.apply(1378): AIM: Got app ownership map. App counts: . Unique apps: 0
08-06 16:58:17.556 10308 13587 I com.lbe.security.service.provider.WakePathDatabaseUtil: getWakePathRuleList: wakeType=17 wakePathRules.size=0
08-06 16:58:17.556 16543 17042 I Finsky  : [646] kwt.a(55): AIM: AppInfoManager-Perf > OnDeviceAppInfo > cacheHitCount=1, cacheMissCount=0. Missed  in cache (limit 10) : []
08-06 16:58:17.556  2474  8331 I WakePathChecker: MIUILOG-WAKEPATH pushWakePathRuleInfos: wakeType=17 userId=0 size=0
08-06 16:58:17.556 10308 13587 I com.lbe.security.service.provider.WakePathDatabaseUtil: getWakePathRuleList: wakeType=32 wakePathRules.size=1
08-06 16:58:17.557  9014  9019 I artd    : Dex parent of /data/app/~~jWp-fJ5TI_GU9FAaScz4XA==/com.rhapsody-28aDZ6YRcavwx-AhGhpQZQ==/base.apk is not writable: Permission denied
08-06 16:58:17.557  9014  9019 I artd    : GetBestInfo checking odex in dalvik-cache (/data/dalvik-cache/arm64/data@app@~~jWp-fJ5TI_GU9FAaScz4XA==@com.rhapsody-28aDZ6YRcavwx-AhGhpQZQ==@base.apk@classes.dex)
08-06 16:58:17.557  9014  9019 I artd    : Loading /data/dalvik-cache/arm64/data@app@~~jWp-fJ5TI_GU9FAaScz4XA==@com.rhapsody-28aDZ6YRcavwx-AhGhpQZQ==@base.apk@classes.dex with executable: 0
08-06 16:58:17.557  9014  9019 I artd    : OatFileAssistant test for existing oat file /data/dalvik-cache/arm64/data@app@~~jWp-fJ5TI_GU9FAaScz4XA==@com.rhapsody-28aDZ6YRcavwx-AhGhpQZQ==@base.apk@classes.dex: File /data/dalvik-cache/arm64/data@app@~~jWp-fJ5TI_GU9FAaScz4XA==@com.rhapsody-28aDZ6YRcavwx-AhGhpQZQ==@base.apk@classes.vdex does not exist.
08-06 16:58:17.557  9014  9019 I artd    : GetBestInfo checking odex next to the dex file (/data/app/~~jWp-fJ5TI_GU9FAaScz4XA==/com.rhapsody-28aDZ6YRcavwx-AhGhpQZQ==/oat/arm64/base.odex)
08-06 16:58:17.557  9014  9019 I artd    : Loading /data/app/~~jWp-fJ5TI_GU9FAaScz4XA==/com.rhapsody-28aDZ6YRcavwx-AhGhpQZQ==/oat/arm64/base.odex with executable: 0
08-06 16:58:17.557 16543 17054 I Finsky  : [649] kuq.apply(1378): AIM: Got app ownership map. App counts: . Unique apps: 0
08-06 16:58:17.557  2474  9656 I WakePathChecker: MIUILOG-WAKEPATH pushWakePathRuleInfos: wakeType=32 userId=0 size=1
08-06 16:58:17.557  9014  9019 I artd    : Successfully loaded /data/app/~~jWp-fJ5TI_GU9FAaScz4XA==/com.rhapsody-28aDZ6YRcavwx-AhGhpQZQ==/oat/arm64/base.odex with executable: 0
08-06 16:58:17.557 16543 17054 I Finsky  : [649] jyg.accept(156): AIM: AppInfoManager-Perf > getApps > data collection finished
08-06 16:58:17.557 16543 17054 I Finsky  : [649] kvo.run(976): AIM: AppInfoManager-Perf > maybeDestroyAppInfoManager is called. actives = 2
08-06 16:58:17.557 10308 13587 I com.lbe.security.service.provider.WakePathDatabaseUtil: getWakePathRuleList: wakeType=256 wakePathRules.size=8
08-06 16:58:17.557  2474  8331 I WakePathChecker: MIUILOG-WAKEPATH pushWakePathRuleInfos: wakeType=256 userId=0 size=8
08-06 16:58:17.557  9014  9019 I artd    : /data/app/~~jWp-fJ5TI_GU9FAaScz4XA==/com.rhapsody-28aDZ6YRcavwx-AhGhpQZQ==/oat/arm64/base.odex is kOatUpToDate with filter verify
