08-06 16:58:16.917  2474  8406 W AppOpService: Ignored setUidMode call for runtime permission app op: uid = 10141, code = READ_CELL_BROADCASTS, mode = allow, callingUid = 1001, oldMode = allow
08-06 16:58:16.918  2474  8406 W ParceledListSlice: Element #10 is 43420 bytes.
08-06 16:58:16.919  2474  8406 W ParceledListSlice: Element #17 is 25036 bytes.
08-06 16:58:16.919  2474  8406 W ParceledListSlice: Element #24 is 52004 bytes.
08-06 16:58:16.919  2474  8406 W ParceledListSlice: Overly large reply size: 117272
08-06 16:58:16.920  2474  8406 W ParceledListSlice: Element #34 is 204620 bytes.
08-06 16:58:16.920  2474  8406 W ParceledListSlice: Overly large reply size: 237228
08-06 16:58:16.921 13710 13710 I TrafficManageService: mina mPackageReceiver 0
08-06 16:58:16.921 13710 15134 I FireWallService: mina mPackageReceiver onReceive
08-06 16:58:16.921 13710 13710 I InstalledAppMonitor: com.rhapsodyonReceive add pkg=com.rhapsody
08-06 16:58:16.921 13710 15134 W FireWallService: is Pre-installed application
08-06 16:58:16.921 13710 15607 I AppPredictManager: predict: recentApps size = 5
08-06 16:58:16.922 13710 15441 I GameBoosterNewApp: addAppToGameBox: isGameBoosterOpen=true
08-06 16:58:16.925 13710 15441 I GameBoosterNewApp: com.rhapsody isGameFromJson false
08-06 16:58:16.926 13710 15441 I GameBoosterNewApp: com.rhapsody isGameFromLocal false
08-06 16:58:16.926  7505  7505 I SafetyLabelChangedBroadcastReceiver: received broadcast packageName: com.rhapsody, current user: UserHandle{0}, packageChangeEvent: NEW_INSTALL, intent user: UserHandle{0}
08-06 16:58:16.927 13710 14722 W ContextImpl: Calling a method in the system process without a qualified user: android.app.ContextImpl.startService:1939 android.content.ContextWrapper.startService:843 b4.k.d:80 q2.j.w:116 q2.j.j:0 
08-06 16:58:16.929 13710 14722 I LocalNotificationMgr: pkg: com.rhapsody mode:0
08-06 16:58:16.929  2474  7257 I MiuiNetworkPolicy: updateUidState uid = 10266, uidState = 10
08-06 16:58:16.929 13710 14722 I GpBinderManager: bindCount : 38
08-06 16:58:16.929  2474  8331 E AppOps  : Bad call made by uid 1001. Package "com.android.phone" does not belong to uid 1000.
08-06 16:58:16.930  2474  8331 E AppOps  : Cannot noteOperation: non-application UID 1000
08-06 16:58:16.930  2474  7683 E RoleControllerServiceImpl: Default/fallback role holder package doesn't qualify for the role, package: com.android.devicelockcontroller, role: android.app.role.SYSTEM_FINANCED_DEVICE_CONTROLLER
08-06 16:58:16.932 13710 15240 I MiuiVpnManageService: PackageMonitor. onPackageAdded: packageName =com.rhapsody
08-06 16:58:16.933  2474  2653 E AtomicFile: Failed to rename /data/system/install_sessions.xml.new to /data/system/install_sessions.xml
08-06 16:58:16.934  2474 15979 I ActivityManager: Background started FGS: Allowed [callingPackage: com.miui.securitycenter; callingUid: 1000; uidState: PER ; uidBFSL: [BFSL]; intent: Intent { act=com.miui.cleanmaster.GARBAGE_PKG_ADD pkg=com.miui.cleanmaster (has extras) }; code:PROC_STATE_PERSISTENT; tempAllowListReason:<null>; targetSdkVersion:34; callerTargetSdkVersion:34; startForegroundCount:0; bindFromPackage:null: isBindService:false]
08-06 16:58:16.935  2474 15979 W ForegroundServiceTypeLoggerModule: Foreground service start for UID: 10266 does not have any types
08-06 16:58:16.936 13710 15162 I ThumbnailBlurUtils: getAllLauncherAppList time: 7
08-06 16:58:16.938 13710 13710 I AppPredictPrivacyLaunchManager: updateLauncherApps size: 76
08-06 16:58:16.939 14395 14395 E PackageInstallHelper: handler start
08-06 16:58:16.939 14395 14395 E PackageInstallHelper: handler end
08-06 16:58:16.939 14395 14395 E PackageInstallHelper: PackageInstallHelper handler real start
08-06 16:58:16.939  2474  7409 W PackageManager: Failed registering loading progress callback. Package is fully loaded.
08-06 16:58:16.939  7458  8105 E ScreenElementRoot: load error, manifest root is null
08-06 16:58:16.941  2474  7257 I MiuiNetworkPolicy: updateUidState uid = 10266, uidState = 4
08-06 16:58:16.941  2474 15979 I ActivityManager: Cancel FGS notification userId: 0 definingUid: 10266 packageName: com.miui.cleanmaster processName:com.miui.cleanmaster ChannelId:com.miui.cleanmaster foregroundNotiWhen:1754470696931 Notiflags:64
08-06 16:58:16.941  2474 15979 W ForegroundServiceTypeLoggerModule: FGS stop call for: 10266 has no types!
08-06 16:58:16.941  1865  1865 I vendor.qti.hardware.servicetrackeraidl-service: destroyService is called for service : com.miui.cleanmaster/com.miui.optimizecenter.service.CleanMasterService
08-06 16:58:16.942  2474  7257 I MiuiNetworkPolicyTrafficLimit: updateWhiteListUidForMobileTraffic uid=10266,add=true
08-06 16:58:16.943  2474 10058 I ClipboardServiceI: checkProviderWakePathForClipboard: primaryClip is null
08-06 16:58:16.943  7177 14853 I AppLinksIntentOperation: Verifying requested domains [CONTEXT service_id=244 ]
08-06 16:58:16.945  7464 17676 I htmlviewercloudcontrol: isStagingEnv:false param =  fps_group_config  uriMatch = 2, cluster: cn, version: 569290, traceId: edf791a3c2f0f49177c2934c6d2002a2, regId: +4z3RS85+e2U9l+sd6caQ/srGmJCsEbKpG1twyPn1K0CrNNyxYT/yAgGVxm5X+yC
08-06 16:58:16.945 14191 14518 I WakelockPolicyManager: setWakelockPolicy
08-06 16:58:16.946 13306 13306 I UserConsentManager: onPermissionsChanged: 10350
08-06 16:58:16.947  7464 17676 I htmlviewercloudcontrol: isStagingEnv:false param =  fps_group_config  uriMatch = 2, cluster: cn, version: 569290, traceId: edf791a3c2f0f49177c2934c6d2002a2, regId: +4z3RS85+e2U9l+sd6caQ/srGmJCsEbKpG1twyPn1K0CrNNyxYT/yAgGVxm5X+yC
08-06 16:58:16.948 13306 13306 I UserConsentManager: onPermissionsChanged: 10350
08-06 16:58:16.948 13306 13306 I UserConsentManager: onPermissionsChanged: 10350
08-06 16:58:16.948 13306 13306 I UserConsentManager: onPermissionsChanged: 10350
08-06 16:58:16.948 13306 13306 I UserConsentManager: onPermissionsChanged: 10350
08-06 16:58:16.949 13306 13306 I UserConsentManager: onPermissionsChanged: 10350
08-06 16:58:16.949 13306 13306 I UserConsentManager: onPermissionsChanged: 10350
08-06 16:58:16.949 13306 13306 I UserConsentManager: onPermissionsChanged: 10350
08-06 16:58:16.949  7464 17676 I htmlviewercloudcontrol: isStagingEnv:false param =  fps_group_config  uriMatch = 2, cluster: cn, version: 569290, traceId: edf791a3c2f0f49177c2934c6d2002a2, regId: +4z3RS85+e2U9l+sd6caQ/srGmJCsEbKpG1twyPn1K0CrNNyxYT/yAgGVxm5X+yC
08-06 16:58:16.949  7458  8105 E Launcher.AllAppsList: Can't load postion for packageName: com.rhapsody activityName: com.rhapsodycore.SplashScreen
08-06 16:58:16.951  7464 17676 I htmlviewercloudcontrol: isStagingEnv:false param =  fps_tp_exclude  uriMatch = 2, cluster: cn, version: 569290, traceId: edf791a3c2f0f49177c2934c6d2002a2, regId: +4z3RS85+e2U9l+sd6caQ/srGmJCsEbKpG1twyPn1K0CrNNyxYT/yAgGVxm5X+yC
08-06 16:58:16.953  7464 17676 I htmlviewercloudcontrol: isStagingEnv:false param =  fps_idle_config  uriMatch = 2, cluster: cn, version: 569290, traceId: edf791a3c2f0f49177c2934c6d2002a2, regId: +4z3RS85+e2U9l+sd6caQ/srGmJCsEbKpG1twyPn1K0CrNNyxYT/yAgGVxm5X+yC
08-06 16:58:16.954  2474  7657 W ParceledListSlice: Element #40 is 19708 bytes.
08-06 16:58:16.955  7177 14853 I AppLinksRequestHandler: (REDACTED) Processing %d input requests
08-06 16:58:16.955  2474  7657 W ParceledListSlice: Element #48 is 187940 bytes.
08-06 16:58:16.955  2474  7657 W ParceledListSlice: Overly large reply size: 249300
08-06 16:58:16.956  2474  7257 I MiuiNetworkPolicy: updateUidState uid = 10097, uidState = 11
08-06 16:58:16.956  7458  8112 W PreviewDisappear: getIconDrawable src: null
08-06 16:58:16.956  2474 15979 W ParceledListSlice: Element #52 is 19668 bytes.
08-06 16:58:16.957  7458  8112 W PreviewDisappear: getIconDrawable app drawable: null
08-06 16:58:16.957  7458  8112 W PreviewDisappear: getIcon info target: ComponentInfo{com.rhapsody/com.rhapsodycore.SplashScreen}
08-06 16:58:16.957  7458  8112 W PreviewDisappear: getIcon info user: UserHandle{0}
08-06 16:58:16.957  7458  8112 W PreviewDisappear: getIcon info intent: Intent { act=android.intent.action.MAIN cat=[android.intent.category.LAUNCHER] flg=0x10200000 cmp=com.rhapsody/com.rhapsodycore.SplashScreen (has extras) }
08-06 16:58:16.957  7458  8112 W PreviewDisappear: 1 getIcon entry: null
08-06 16:58:16.958  2474  7257 I MiuiNetworkPolicy: updateUidState uid = 10097, uidState = 19
08-06 16:58:16.958  7458  8112 W PreviewDisappear: 2 getIcon entry: com.miui.home.launcher.graphics.DrawableInfo@94b17e
08-06 16:58:16.958  7458  8112 W PreviewDisappear: applyCacheEntry entry: com.miui.home.launcher.graphics.drawable.LayerAdaptiveIconDrawable@2d826df
08-06 16:58:16.958  7458  8112 W PreviewDisappear: getIconDrawable finally drawable: com.miui.home.launcher.graphics.drawable.LayerAdaptiveIconDrawable@2d826df
08-06 16:58:16.959  2474 15979 W ParceledListSlice: Element #8 is 20788 bytes.
08-06 16:58:16.959  2474 15979 W ParceledListSlice: Element #9 is 20768 bytes.
08-06 16:58:16.960  2474  7257 I MiuiNetworkPolicy: updateUidState uid = 10266, uidState = 19
08-06 16:58:16.962  2474  2474 I AppsFilter: interaction: PackageSetting{ad199a6 com.android.microdroid.empty_payload/10236} -> PackageSetting{4732fe7 com.rhapsody/10350} BLOCKED
08-06 16:58:16.962  2474  2474 I AppsFilter: interaction: PackageSetting{19b23d io.appium.uiautomator2.server.test/10280} -> PackageSetting{4732fe7 com.rhapsody/10350} BLOCKED
08-06 16:58:16.962  2474  2474 I AppsFilter: interaction: PackageSetting{76daa32 io.github.ylimit.droidbotapp/10349} -> PackageSetting{4732fe7 com.rhapsody/10350} BLOCKED
08-06 16:58:16.962  2474  2474 I AppsFilter: interaction: PackageSetting{838e383 com.rongcard.eid/10151} -> PackageSetting{4732fe7 com.rhapsody/10350} BLOCKED
08-06 16:58:16.962  2474  2474 I AppsFilter: interaction: PackageSetting{af43539 io.appium.settings/10274} -> PackageSetting{4732fe7 com.rhapsody/10350} BLOCKED
08-06 16:58:16.964  7177 14853 I AppLinksUtilsV1: Legacy cross-profile verification enabled [CONTEXT service_id=244 ]
08-06 16:58:16.964 13053 13053 E RegisteredServicesCache: Skipping application component ComponentInfo{com.UCMobile/com.alibaba.ariver.commonability.device.jsapi.nfc.service.TinyAppHostApduService}: it must request the permission android.permission.NFC
08-06 16:58:16.964 13053 13053 E RegisteredServicesCache: Skipping application component ComponentInfo{com.UCMobile/com.alipay.mobile.aompdevice.nfc.service.TinyAppHostApduService}: it must request the permission android.permission.NFC
08-06 16:58:16.964 13053 13053 E RegisteredServicesCache: Skipping application component ComponentInfo{com.autonavi.minimap/com.alibaba.ariver.commonability.device.jsapi.nfc.service.TinyAppHostApduService}: it must request the permission android.permission.NFC
08-06 16:58:16.965 13053 13053 E RegisteredServicesCache: Skipping application component ComponentInfo{com.autonavi.minimap/com.alipay.mobile.aompdevice.nfc.service.TinyAppHostApduService}: it must request the permission android.permission.NFC
08-06 16:58:16.966 16300 16300 I VSC-AppInstallReceiver: action: android.intent.action.PACKAGE_CHANGED, packageName: com.rhapsody
08-06 16:58:16.967  8885  8885 I ##XLogger##: #&^h6MA9z6URo7duM4pUj12Wl//l20ccJzLLKqNG1Fr2SW/ifeaiznAtzlXZsoqoyCVUvQ9t0EUAsLk9aN5uiS6904G0jLdds9A9Cm8ElqusNMYp/zLDEiKkxo94BZAKdxJP+Yp8M8+bT2pdDC1v9p0XdQ8joJ4eZVVsKKkCzz7oJs=!!FfyD08PDxfmd9HNCoPx2yW8gDWFzFBsZ2CRYKs61VWq5sdZRG4iv+yeWT1OugCOkEu3/ZoMP4z7Bg6s+EfSPd4osTpoEtr7FaaIs1QvIuJC/oWvvUgwzs9D6XSSycoFgCdzTCD3yZ9IhxZIpzvawUQGJM0SAwKThaeRTUzpLTqwsuLpFUJJLg6EmKapl+84FRM9dugjEXnK7GV3+7BVTHkvK1T8SXH6VGdVj7oi8143948KEL81WXdVv5VsFfNThipM/YzqbyylHkE5k3w7Z1M3pfsP1e48nKQB5M9auUdnaL6vpnCk70DPMaFp16iH3m/40tRw9MVyb7Wa4HTaHrvnX18Ur3fkEGnNvXkuqvXZJc+tpXqdTBuQldNoir+MSg4EjjlVJsLh0gaHfDNPTam5PfvqrUtVcTxIaeGosXFC1nYH8G55ELNyVYjlOagjyFzxq7V9XJgOET6AdE9cg3CSYmBhZtSzw+4EcUOTR2VycyUcSK85ekdE7n6ni5yL84DOHmf6d93yFedYXxeEzbQooRxzmwldWnpX30oes7zjW7ZwYw+1oVapSEkoJEHA7/YvLcG382w5I2aNq7mq6gT/uQpE+oRaOPIhGRsFn6oj4u4LIlUkES9Zw2CKWy/VSRVruppYDOWwgfs+7s3J59Ui+aNZC3faiMk5vQyqZeD/1QVVL8j7gX7/LZSy4oCUdino1GYhu4eZd3uCyea6BcsK7QpjJTCiBMCaggYzyFQgiMg+mM8TW1pMd5okOrn2hcJrMbpq0weCtIhJnSS8o7j9BK3GqgkZvuJiq212MN/Aef4pPT9FgOAf+tUmPJM0y/MFGng4N/JESdfdw9enMey+Nw/XCeSsftv0fHPrxMhc=^&#
08-06 16:58:16.968  8885  8885 I ##XLogger##: #&^h6MA9z6URo7duM4pUj12Wl//l20ccJzLLKqNG1Fr2SW/ifeaiznAtzlXZsoqoyCVUvQ9t0EUAsLk9aN5uiS6904G0jLdds9A9Cm8ElqusNMYp/zLDEiKkxo94BZAKdxJP+Yp8M8+bT2pdDC1v9p0XdQ8joJ4eZVVsKKkCzz7oJs=!!FfyD08PDxfmd9HNCoPx2yW8gDWFzFBsZ2CRYKs61VWobB5TQWSdRKDa+BDZ37IDpnBI4xyT2FHXhAONPh1Q54JJRIF2aVrMJeD8m6fklEb1CZYMpkjzbVbg70rzWWQHblECB/hVpllVtW3+TaPNMGC/N+BbddeyEYWFFpYFrXJ6M2Q7dKDrmrleRGmNG86ziPGcqWfBuqBfu0AShIWzVA6KuLwKxnha7gWW/QFoMI1JuKHmd418gyxl6HFQ8/6OGmfn7JBQxiRlG1+0J003PPOljNL23m5059Ud6jVLmpClJzBiI+aVeJjQ38/Cg4v7FYwkij5mfQWbGJws548eo5VB/TdND/gvrmi9SvR1MdoiXWClO9g37ilmxNLvI4FmzdOdFQjDgrFPcSZhqsGzPn14UMgxqGiYuW3/shRKUBNIuk2BtJIF6QffRGSyewpdEtATGuaM/t6GjsghBu69SWkWvCoT8bG8ofe3R96Vm4+2Yi0MP5f/Lv3oqPDjZzIYZ8R+6W2LlGb7X3Dty/ECf5koXO7GPQsK6QOdzXZg88S45c9tNAwpXtx6epc4cptP/b3A3VBq3TCoFzfhoQWJzxkIt7qkchR2mEEGum6dH/N/RRQOjCylnRwlOH8Yxd1CpFdTHQtZgbhGNA1zwkJL9VpQwmpUt82u/L4Bu7fh9wkfPqOPxWYgATn/o2fo29h3RSwK7XSy4WN9eP77ED4/D2z35hC0HcDkxOpCscRY2Rh/tlyJKUIHVH7Fmch18lTmIGMbiKrlBETErjC22Hx7xUGFmLSw2WlVYpGQe3xxkRwtJGTiK9+jHvCr/cVVTFZiRtA+1yijmsERUaQuaAyNXVFlpUfkTBZi4q07B2xB4sm0=^&#
08-06 16:58:16.970 13053 13053 I RegisteredServicesCache: current user: 0, is managed profile : false
08-06 16:58:16.971  2036  2036 E DisplayModeController: setDesiredMode : Idle status skip setActiveMode, isDdicIdleMode: 1
08-06 16:58:16.962  2474  7257 I MiuiNetworkPolicyTrafficLimit: updateWhiteListUidForMobileTraffic uid=10266,add=false
08-06 16:58:16.972  2474  7257 I MiuiNetworkPolicy: updateUidState uid = 6110, uidState = 11
08-06 16:58:16.972  2474  8330 W AppOpService: Ignored setUidMode call for runtime permission app op: uid = 1001, code = READ_SMS, mode = allow, callingUid = 1001, oldMode = allow
08-06 16:58:16.972  7505  7537 I PermissionControllerServiceImpl: Updating user sensitive for uid 10350
08-06 16:58:16.973 13053 13053 I RegisteredAidCache: updateRoutingLocked(false): Enter
08-06 16:58:16.973 13053 13053 I AidRoutingManager: configureRouting(false): Enter
08-06 16:58:16.973 13053 13053 E AidRoutingManager: Size of routing table970
08-06 16:58:16.973 13053 13053 I RegisteredAidCache: updateRoutingLocked(false): exit
08-06 16:58:16.973  1843  1843 I SDM     : HWCDisplay::SetActiveConfigWithConstraints: display:66-0, config: 3, WxH 1200x2670, fps 120
08-06 16:58:16.974  2474  8330 W AppOpService: Ignored setUidMode call for runtime permission app op: uid = 1001, code = RECEIVE_SMS, mode = allow, callingUid = 1001, oldMode = allow
08-06 16:58:16.975  1843  1843 W SDM     : HWDeviceDRM::GetSupportedBitClkRate: Requested rate not supported: 1150000000
08-06 16:58:16.975  1843  1843 I SDM     : HWDeviceDRM::UpdateMixerAttributes: Mixer WxH 1200x2670-1 for Peripheral
08-06 16:58:16.975  1843  1843 I SDM     : HWCDisplay::SubmitDisplayConfig: Active configuration changed from config 1 to 3
08-06 16:58:16.975  1843  1843 I SDM     : HWCDisplay::SubmitDisplayConfig: Active WxH 1200x2670 ,ddic_mode:auto, timing_fps: 120, sf_fps: 120
08-06 16:58:16.975  7458  8150 W PreviewDisappear: 1 getIcon entry: null
08-06 16:58:16.975  2474  7647 W AppOpService: Ignored setUidMode call for runtime permission app op: uid = 1001, code = RECEIVE_WAP_PUSH, mode = allow, callingUid = 1001, oldMode = allow
08-06 16:58:16.976  7458  8150 W PreviewDisappear: 2 getIcon entry: com.miui.home.launcher.graphics.DrawableInfo@d4251fb
08-06 16:58:16.976  7458  8150 W PreviewDisappear: applyCacheEntry entry: com.miui.home.launcher.graphics.drawable.LayerAdaptiveIconDrawable@d599218
08-06 16:58:16.977  1843  3496 I vendor.qti.hardware.display.composer-service: Sensor: notify citsensorservice to trigger cwb, misForced = 0
08-06 16:58:16.977  2474 10069 W AppOpService: Ignored setUidMode call for runtime permission app op: uid = 1001, code = SEND_SMS, mode = allow, callingUid = 1001, oldMode = allow
08-06 16:58:16.978  3050  4554 I libsensor-parseRGB: request dump start for mRequestDisplayId 0
08-06 16:58:16.979  2474  7257 I MiuiNetworkPolicy: updateUidState uid = 6110, uidState = 19
08-06 16:58:16.979  2474  8394 W AppOpService: Ignored setUidMode call for runtime permission app op: uid = 1001, code = READ_CELL_BROADCASTS, mode = allow, callingUid = 1001, oldMode = allow
08-06 16:58:16.981  7458  8153 W PreviewDisappear: getIconDrawable src: null
08-06 16:58:16.981  7458  8153 W PreviewDisappear: getIconDrawable app drawable: null
08-06 16:58:16.981  7458  8153 W PreviewDisappear: getIcon info target: ComponentInfo{com.rhapsody/com.rhapsodycore.SplashScreen}
08-06 16:58:16.981  7458  8153 W PreviewDisappear: getIcon info user: UserHandle{0}
08-06 16:58:16.981  7458  8153 W PreviewDisappear: getIcon info intent: Intent { act=android.intent.action.MAIN cat=[android.intent.category.LAUNCHER] flg=0x10200000 cmp=com.rhapsody/com.rhapsodycore.SplashScreen (has extras) }
08-06 16:58:16.981  7458  8153 W PreviewDisappear: 1 getIcon entry: null
08-06 16:58:16.982  7458  8153 W PreviewDisappear: 2 getIcon entry: com.miui.home.launcher.graphics.DrawableInfo@36b471
08-06 16:58:16.982  7458  8153 W PreviewDisappear: applyCacheEntry entry: com.miui.home.launcher.graphics.drawable.LayerAdaptiveIconDrawable@2ab7256
08-06 16:58:16.982  7458  8153 W PreviewDisappear: getIconDrawable finally drawable: com.miui.home.launcher.graphics.drawable.LayerAdaptiveIconDrawable@2ab7256
08-06 16:58:16.984  2474  7657 W ParceledListSlice: Element #8 is 20788 bytes.
08-06 16:58:16.984  2474  7657 W ParceledListSlice: Element #9 is 20768 bytes.
08-06 16:58:16.988  7464 17676 I htmlviewercloudcontrol: isStagingEnv:false param =  fps_idle_config  uriMatch = 2, cluster: cn, version: 569290, traceId: edf791a3c2f0f49177c2934c6d2002a2, regId: +4z3RS85+e2U9l+sd6caQ/srGmJCsEbKpG1twyPn1K0CrNNyxYT/yAgGVxm5X+yC
08-06 16:58:16.990 13710 15162 I ThumbnailBlurUtils: loadPrivacyThumbnailBlurMonthly successd{"com.ss.android.ugc.aweme":27,"com.rhapsody":-1,"com.musicworx":-1,"com.baidu.BaiduMap":3,"com.google.android.apps.youtube.music":27,"com.google.android.apps.tasks":5,"com.jijia.jjweather":5,"com.netease.newsreader.activity":11,"com.instagram.android":5,"com.microsoft.emmx":5,"com.baidu.searchbox.lite":5,"com.getsurfboard":-1,"com.android.fileexplorer":5,"com.miui.compass":5,"com.microsoft.office.outlook":10,"com.jijia.bqwnl":5,"com.autonavi.minimap":3,"com.miui.calculator":5,"org.secuso.privacyfriendlytodolist":-1,"com.android.contacts":5,"com.xiaomi.scanner":5,"com.miui.securitycenter":5,"com.android.vending":5,"com.yahoo.mobile.client.android.mail":5,"com.einnovation.temu":-1,"com.baidu.searchbox":5,"com.duokan.reader":7,"com.wuba.zhuanzhuan":9,"io.appium.settings":-1,"com.android.chrome":5,"com.xingin.xhs":5,"com.dragon.read":7,"tv.danmaku.bili":27,"com.ebay.mobile":5,"com.miui.gallery":6,"com.UCMobile":5,"todolist.scheduleplanner.dailyplanner.todo.reminders":5,"com.alibaba.aliexpresshd":9,"com.android.email":10,"com.todoist":5,"cool.monkey.android":5,"com.spotify.music":5,"com.xiaomi.market":5,"com.microsoft.todos":10,"com.skysoft.kkbox.android":27,"com.miui.notes":5,"com.smile.gifmaker":27,"com.xiaomi.gamecenter":5,"com.android.browser":5,"com.anydo":5,"de.baumann.browser":-1,"com.suxing.sustream":-1,"com.miui.virtualsim":5,"com.sina.news":11,"com.miui.weather2":5,"com.miui.video":27,"douzifly.list":-1,"com.google.android.documentsui":-1,"com.ss.android.article.news":11,"com.quark.browser":5,"com.android.mms":5,"cn.ninegame.gamemanager":5,"com.kuaishou.nebula":27,"com.android.providers.downloads.ui":5,"com.tencent.android.qqdownloader":5,"com.android.camera":6,"com.google.android.gm":5,"cn.amazon.mShop.android":9,"com.google.android.apps.magazines":5,"com.android.calendar":10,"io.github.ylimit.droidbotapp":-1,"ru.mail.mailapp":5,"com.android.settings":-1,"com.zhuantech.sijiweather":-1,"com.cnn.mobile.android.phone":11,"com.android.soundrecorder":5}
08-06 16:58:16.990  7464 17676 I htmlviewercloudcontrol: isStagingEnv:false param =  fps_tp_exclude  uriMatch = 2, cluster: cn, version: 569290, traceId: edf791a3c2f0f49177c2934c6d2002a2, regId: +4z3RS85+e2U9l+sd6caQ/srGmJCsEbKpG1twyPn1K0CrNNyxYT/yAgGVxm5X+yC
08-06 16:58:16.990  7177 16551 E hvht    : *~*~*~ Previous channel {0} was garbage collected without being shut down! ~*~*~*
08-06 16:58:16.990  7177 16551 E hvht    :     Make sure to call shutdown()/shutdownNow()
08-06 16:58:16.990  7177 16551 E hvht    : java.lang.RuntimeException: ManagedChannel allocation site
08-06 16:58:16.990  7177 16551 E hvht    : 	at hvhs.<init>(:com.google.android.gms@252834035@25.28.34 (260400-787197649):21)
08-06 16:58:16.990  7177 16551 E hvht    : 	at hvht.<init>(:com.google.android.gms@252834035@25.28.34 (260400-787197649):10)
08-06 16:58:16.990  7177 16551 E hvht    : 	at hvhr.a(:com.google.android.gms@252834035@25.28.34 (260400-787197649):250)
08-06 16:58:16.990  7177 16551 E hvht    : 	at huss.a(:com.google.android.gms@252834035@25.28.34 (260400-787197649):5)
08-06 16:58:16.990  7177 16551 E hvht    : 	at azkj.a(:com.google.android.gms@252834035@25.28.34 (260400-787197649):70)
08-06 16:58:16.990  7177 16551 E hvht    : 	at azka.u(:com.google.android.gms@252834035@25.28.34 (260400-787197649):119)
08-06 16:58:16.990  7177 16551 E hvht    : 	at azka.e(:com.google.android.gms@252834035@25.28.34 (260400-787197649):5)
08-06 16:58:16.990  7177 16551 E hvht    : 	at ensm.a(:com.google.android.gms@252834035@25.28.34 (260400-787197649):45)
08-06 16:58:16.990  7177 16551 E hvht    : 	at enrr.c(:com.google.android.gms@252834035@25.28.34 (260400-787197649):20)
08-06 16:58:16.990  7177 16551 E hvht    : 	at enrr.a(:com.google.android.gms@252834035@25.28.34 (260400-787197649):3)
08-06 16:58:16.990  7177 16551 E hvht    : 	at aufl.run(:com.google.android.gms@252834035@25.28.34 (260400-787197649):5)
08-06 16:58:16.990  7177 16551 E hvht    : 	at azqk.c(:com.google.android.gms@252834035@25.28.34 (260400-787197649):50)
08-06 16:58:16.990  7177 16551 E hvht    : 	at azqk.run(:com.google.android.gms@252834035@25.28.34 (260400-787197649):70)
08-06 16:58:16.990  7177 16551 E hvht    : 	at java.util.concurrent.ThreadPoolExecutor.runWorker(ThreadPoolExecutor.java:1251)
08-06 16:58:16.990  7177 16551 E hvht    : 	at java.util.concurrent.ThreadPoolExecutor$Worker.run(ThreadPoolExecutor.java:668)
08-06 16:58:16.990  7177 16551 E hvht    : 	at azwc.run(:com.google.android.gms@252834035@25.28.34 (260400-787197649):8)
08-06 16:58:16.990  7177 16551 E hvht    : 	at java.lang.Thread.run(Thread.java:1012)
08-06 16:58:16.990 13710 15441 I VideoBoxUtils: isSupportVideoBox: true
08-06 16:58:16.991 13710 15441 W ContextImpl: Calling a method in the system process without a qualified user: android.app.ContextImpl.sendBroadcast:1275 android.content.ContextWrapper.sendBroadcast:527 d7.e.f:24 d7.e.c:0 d7.e$c$a.run:18 
08-06 16:58:16.991  2474  8394 W ActivityManagerServiceImpl: Sending non-protected broadcast com.miui.gamebooster.UNINSTALLAPP from system 13710:com.miui.securitycenter.remote/1000 pkg com.miui.securitycenter. Callers=
08-06 16:58:16.991  7464 17676 I htmlviewercloudcontrol: isStagingEnv:false param =  fps_idle_config  uriMatch = 2, cluster: cn, version: 569290, traceId: edf791a3c2f0f49177c2934c6d2002a2, regId: +4z3RS85+e2U9l+sd6caQ/srGmJCsEbKpG1twyPn1K0CrNNyxYT/yAgGVxm5X+yC
08-06 16:58:16.993  7464 17676 I htmlviewercloudcontrol: isStagingEnv:false param =  display_fps_group  uriMatch = 2, cluster: cn, version: 569290, traceId: edf791a3c2f0f49177c2934c6d2002a2, regId: +4z3RS85+e2U9l+sd6caQ/srGmJCsEbKpG1twyPn1K0CrNNyxYT/yAgGVxm5X+yC
08-06 16:58:16.994 13053 13053 E RegisteredServicesCache: Skipping application component ComponentInfo{com.UCMobile/com.alibaba.ariver.commonability.device.jsapi.nfc.service.TinyAppHostApduService}: it must request the permission android.permission.NFC
08-06 16:58:16.995 13053 13053 E RegisteredServicesCache: Skipping application component ComponentInfo{com.UCMobile/com.alipay.mobile.aompdevice.nfc.service.TinyAppHostApduService}: it must request the permission android.permission.NFC
08-06 16:58:16.995 13053 13053 E RegisteredServicesCache: Skipping application component ComponentInfo{com.autonavi.minimap/com.alibaba.ariver.commonability.device.jsapi.nfc.service.TinyAppHostApduService}: it must request the permission android.permission.NFC
08-06 16:58:16.995 13053 13053 E RegisteredServicesCache: Skipping application component ComponentInfo{com.autonavi.minimap/com.alipay.mobile.aompdevice.nfc.service.TinyAppHostApduService}: it must request the permission android.permission.NFC
08-06 16:58:16.997  2474  4291 W ActivityManagerServiceImpl: Sending non-protected broadcast com.miui.action.UPDATE_PREDICT_LIST_EXTERNAL from system 13710:com.miui.securitycenter.remote/1000 pkg com.miui.securitycenter. Callers=
08-06 16:58:16.997 13710 14599 I AppPredictPrivacyLaunchManager: getLauncherHomeAppList size: 76
08-06 16:58:16.997 13710 14599 I AppPredictResultHelper: updatePreferenceStore: size = 11
08-06 16:58:16.998  7464 17676 I htmlviewercloudcontrol: isStagingEnv:false param =  fps_idle_config  uriMatch = 2, cluster: cn, version: 569290, traceId: edf791a3c2f0f49177c2934c6d2002a2, regId: +4z3RS85+e2U9l+sd6caQ/srGmJCsEbKpG1twyPn1K0CrNNyxYT/yAgGVxm5X+yC
08-06 16:58:16.999 13053 13053 I RegisteredServicesCache: current user: 0, is managed profile : false
08-06 16:58:17.000  2474  2664 W TextServicesManagerService: no available spell checker services found
08-06 16:58:17.000  7464 17676 I htmlviewercloudcontrol: isStagingEnv:false param =  fps_idle_config  uriMatch = 2, cluster: cn, version: 569290, traceId: edf791a3c2f0f49177c2934c6d2002a2, regId: +4z3RS85+e2U9l+sd6caQ/srGmJCsEbKpG1twyPn1K0CrNNyxYT/yAgGVxm5X+yC
08-06 16:58:17.001 13053 13053 I RegisteredAidCache: updateRoutingLocked(false): Enter
08-06 16:58:17.001 13053 13053 I AidRoutingManager: configureRouting(false): Enter
08-06 16:58:17.001 13053 13053 E AidRoutingManager: Size of routing table970
08-06 16:58:17.001 13053 13053 I RegisteredAidCache: updateRoutingLocked(false): exit
08-06 16:58:17.002 13053 13053 I libnfc_nci: [INFO:NativeT4tNfcee.cpp(870)] nfcManager_isFwSupportNonStdT4TAid Enter isFwSupport = 1
08-06 16:58:17.002  7856  8405 E SmsApplication: com.android.mms lost android:read_cell_broadcasts:  (fixing)
08-06 16:58:17.002 13053 13053 I libnfc_nci: [INFO:SecureElement.cpp(1487)] SecureElement::getEseHandleFromGenericId: enter; ESE-ID = 0x7F
08-06 16:58:17.002  7464 17676 I htmlviewercloudcontrol: isStagingEnv:false param =  fps_idle_config  uriMatch = 2, cluster: cn, version: 569290, traceId: edf791a3c2f0f49177c2934c6d2002a2, regId: +4z3RS85+e2U9l+sd6caQ/srGmJCsEbKpG1twyPn1K0CrNNyxYT/yAgGVxm5X+yC
08-06 16:58:17.002 13053 13053 I libnfc_nci: [INFO:SecureElement.cpp(1528)] SecureElement::getEseHandleFromGenericId: enter; ESE-Handle = 0x410
08-06 16:58:17.002  2474  8394 W AppOpService: Ignored setUidMode call for runtime permission app op: uid = 10141, code = READ_CELL_BROADCASTS, mode = allow, callingUid = 1001, oldMode = allow
08-06 16:58:17.002 13053 13053 I libnfc_nci: [INFO:SecureElement.cpp(1487)] SecureElement::getEseHandleFromGenericId: enter; ESE-ID = 0x00
08-06 16:58:17.002 13053 13053 I libnfc_nci: [INFO:SecureElement.cpp(1528)] SecureElement::getEseHandleFromGenericId: enter; ESE-Handle = 0x400
08-06 16:58:17.004  7464 17676 I htmlviewercloudcontrol: isStagingEnv:false param =  fps_group_config  uriMatch = 2, cluster: cn, version: 569290, traceId: edf791a3c2f0f49177c2934c6d2002a2, regId: +4z3RS85+e2U9l+sd6caQ/srGmJCsEbKpG1twyPn1K0CrNNyxYT/yAgGVxm5X+yC
08-06 16:58:17.005  7464 17676 I htmlviewercloudcontrol: isStagingEnv:false param =  fps_group_config  uriMatch = 2, cluster: cn, version: 569290, traceId: edf791a3c2f0f49177c2934c6d2002a2, regId: +4z3RS85+e2U9l+sd6caQ/srGmJCsEbKpG1twyPn1K0CrNNyxYT/yAgGVxm5X+yC
08-06 16:58:17.006 14191 15060 I DisplayFrameSetting: register
08-06 16:58:17.007  2474  8332 I whetstone.activity: noteVideoFps registVideoFpsCallBack, count is 1
08-06 16:58:17.007  2474  8394 W AppOpService: Ignored setUidMode call for runtime permission app op: uid = 1001, code = READ_SMS, mode = allow, callingUid = 1001, oldMode = allow
08-06 16:58:17.007  7800 12919 I SecureElement-Terminal-eSE1: isSecureElementPresent()
08-06 16:58:17.007  1774  1774 I android.hardware.secure_element-service.qti: isCardPresent
08-06 16:58:17.007  1774  1774 I android.hardware.secure_element-service.qti: isCardPresent exit, cardPresent: 1
08-06 16:58:17.007  2474  8332 W AppOpService: Ignored setUidMode call for runtime permission app op: uid = 1001, code = RECEIVE_SMS, mode = allow, callingUid = 1001, oldMode = allow
08-06 16:58:17.007  2474  8332 W AppOpService: Ignored setUidMode call for runtime permission app op: uid = 1001, code = RECEIVE_WAP_PUSH, mode = allow, callingUid = 1001, oldMode = allow
08-06 16:58:17.008  3050  4604 E libsensor-parseRGB: CWB NotifyCWBBufferDone  error 0
08-06 16:58:17.008  2474  8394 W AppOpService: Ignored setUidMode call for runtime permission app op: uid = 1001, code = SEND_SMS, mode = allow, callingUid = 1001, oldMode = allow
08-06 16:58:17.008  7464 17676 I htmlviewercloudcontrol: isStagingEnv:false param =  fps_idle_config  uriMatch = 2, cluster: cn, version: 569290, traceId: edf791a3c2f0f49177c2934c6d2002a2, regId: +4z3RS85+e2U9l+sd6caQ/srGmJCsEbKpG1twyPn1K0CrNNyxYT/yAgGVxm5X+yC
08-06 16:58:17.008  2474  8394 W AppOpService: Ignored setUidMode call for runtime permission app op: uid = 1001, code = READ_CELL_BROADCASTS, mode = allow, callingUid = 1001, oldMode = allow
08-06 16:58:17.009  7800 12919 I SecureElement-Terminal-SIM1: isSecureElementPresent()
08-06 16:58:17.010  7464 17676 I htmlviewercloudcontrol: isStagingEnv:false param =  fps_group_config  uriMatch = 2, cluster: cn, version: 569290, traceId: edf791a3c2f0f49177c2934c6d2002a2, regId: +4z3RS85+e2U9l+sd6caQ/srGmJCsEbKpG1twyPn1K0CrNNyxYT/yAgGVxm5X+yC
08-06 16:58:17.010  7800 12919 I SecureElement-Terminal-SIM1: isNfcEventAllowed: No access rules for checking.
08-06 16:58:17.010  7800 12919 I SecureElement-Terminal-SIM2: isSecureElementPresent()
08-06 16:58:17.012 13053 13053 I libnfc_nci: [INFO:NativeT4tNfcee.cpp(870)] nfcManager_isFwSupportNonStdT4TAid Enter isFwSupport = 1
08-06 16:58:17.013 13053 13053 I libnfc_nci: [INFO:SecureElement.cpp(1487)] SecureElement::getEseHandleFromGenericId: enter; ESE-ID = 0x7F
08-06 16:58:17.013 13053 13053 I libnfc_nci: [INFO:SecureElement.cpp(1528)] SecureElement::getEseHandleFromGenericId: enter; ESE-Handle = 0x410
08-06 16:58:17.013 13053 13053 I libnfc_nci: [INFO:SecureElement.cpp(1487)] SecureElement::getEseHandleFromGenericId: enter; ESE-ID = 0x00
08-06 16:58:17.013 13053 13053 I libnfc_nci: [INFO:SecureElement.cpp(1528)] SecureElement::getEseHandleFromGenericId: enter; ESE-Handle = 0x400
08-06 16:58:17.014  7800 12919 I SecureElement-Terminal-eSE1: isSecureElementPresent()
08-06 16:58:17.014  1774  1774 I android.hardware.secure_element-service.qti: isCardPresent
08-06 16:58:17.014  1774  1774 I android.hardware.secure_element-service.qti: isCardPresent exit, cardPresent: 1
08-06 16:58:17.015  7177 24113 W Conscrypt: Could not set socket write timeout: java.net.SocketException: Socket closed
08-06 16:58:17.015  7177 24113 W Conscrypt: 	at com.google.android.gms.org.conscrypt.Platform.setSocketWriteTimeout(:com.google.android.gms@252834035@25.28.34 (260400-787197649):204)
08-06 16:58:17.015  7177 24113 W Conscrypt: 	at com.google.android.gms.org.conscrypt.ConscryptFileDescriptorSocket.setSoWriteTimeout(:com.google.android.gms@252834035@25.28.34 (260400-787197649):4)
08-06 16:58:17.016  7800 12919 I SecureElement-Terminal-SIM1: isSecureElementPresent()
08-06 16:58:17.017  7800 12919 I SecureElement-Terminal-SIM1: isNfcEventAllowed: No access rules for checking.
08-06 16:58:17.017  7800 12919 I SecureElement-Terminal-SIM2: isSecureElementPresent()
08-06 16:58:17.020  2474  2664 W EnhancedConfirmationService: The packageName should not be null.
08-06 16:58:17.021  2474  2664 W MagnificationConnectionManager: requestConnection duplicated request: connect=false, mConnectionState=DISCONNECTED
08-06 16:58:17.021  2474  2664 W TextServicesManagerService: no available spell checker services found
08-06 16:58:17.027  2474  2664 W EnhancedConfirmationService: The packageName should not be null.
08-06 16:58:17.028  2474  2664 W MagnificationConnectionManager: requestConnection duplicated request: connect=false, mConnectionState=DISCONNECTED
08-06 16:58:17.051  2474  8186 I NetworkBoostStatusManager: handle: 102
08-06 16:58:17.051  2474  8186 I NetworkBoostStatusManager: interfaceOnCapabilitiesChanged interface name:wlan0
08-06 16:58:17.053  7856  9010 E PhoneAdapter: get ntnphones failed, exception: java.lang.IllegalStateException: Default phones haven't been made yet!
08-06 16:58:17.055 15286 15286 W profman : profman took 143.722ms
08-06 16:58:17.056  9014  9014 I artd    : profman returned code 0
08-06 16:58:17.058  9014  9014 I artd    : Merge skipped because there are no existing profiles
08-06 16:58:17.059  9014  9014 I artd    : Dex parent of /data/app/~~jWp-fJ5TI_GU9FAaScz4XA==/com.rhapsody-28aDZ6YRcavwx-AhGhpQZQ==/base.apk is not writable: Permission denied
08-06 16:58:17.059  9014  9014 I artd    : GetBestInfo checking odex in dalvik-cache (/data/dalvik-cache/arm64/data@app@~~jWp-fJ5TI_GU9FAaScz4XA==@com.rhapsody-28aDZ6YRcavwx-AhGhpQZQ==@base.apk@classes.dex)
08-06 16:58:17.059  9014  9014 I artd    : Loading /data/dalvik-cache/arm64/data@app@~~jWp-fJ5TI_GU9FAaScz4XA==@com.rhapsody-28aDZ6YRcavwx-AhGhpQZQ==@base.apk@classes.dex with executable: 0
08-06 16:58:17.059  9014  9014 I artd    : OatFileAssistant test for existing oat file /data/dalvik-cache/arm64/data@app@~~jWp-fJ5TI_GU9FAaScz4XA==@com.rhapsody-28aDZ6YRcavwx-AhGhpQZQ==@base.apk@classes.dex: File /data/dalvik-cache/arm64/data@app@~~jWp-fJ5TI_GU9FAaScz4XA==@com.rhapsody-28aDZ6YRcavwx-AhGhpQZQ==@base.apk@classes.vdex does not exist.
08-06 16:58:17.059  9014  9014 I artd    : GetBestInfo checking odex next to the dex file (/data/app/~~jWp-fJ5TI_GU9FAaScz4XA==/com.rhapsody-28aDZ6YRcavwx-AhGhpQZQ==/oat/arm64/base.odex)
08-06 16:58:17.059  9014  9014 I artd    : Loading /data/app/~~jWp-fJ5TI_GU9FAaScz4XA==/com.rhapsody-28aDZ6YRcavwx-AhGhpQZQ==/oat/arm64/base.odex with executable: 0
08-06 16:58:17.059  9014  9014 I artd    : Successfully loaded /data/app/~~jWp-fJ5TI_GU9FAaScz4XA==/com.rhapsody-28aDZ6YRcavwx-AhGhpQZQ==/oat/arm64/base.odex with executable: 0
08-06 16:58:17.059  9014  9014 I artd    : /data/app/~~jWp-fJ5TI_GU9FAaScz4XA==/com.rhapsody-28aDZ6YRcavwx-AhGhpQZQ==/oat/arm64/base.odex is kOatUpToDate with filter verify
08-06 16:58:17.059  9014  9014 I artd    : Should recompile: targetFilterIsBetter (current: verify, target: speed-profile)
08-06 16:58:17.061  2474  7258 E WifiScoreReportInjector: current network is in roaming environment
08-06 16:58:17.065  9014  9014 I artd    : Running dex2oat: /apex/com.android.art/bin/art_exec --drop-capabilities --set-task-profile=Dex2OatBootComplete --set-priority=background --keep-fds=7:8:9:10:11:12:13:14:15:16:17 -- /apex/com.android.art/bin/dex2oat64 --zip-fd=7 --zip-location=/data/app/~~jWp-fJ5TI_GU9FAaScz4XA==/com.rhapsody-28aDZ6YRcavwx-AhGhpQZQ==/base.apk --oat-fd=8 --oat-location=/data/app/~~jWp-fJ5TI_GU9FAaScz4XA==/com.rhapsody-28aDZ6YRcavwx-AhGhpQZQ==/oat/arm64/base.odex --output-vdex-fd=9 --app-image-fd=10 --image-format=lz4 --swap-fd=11 --class-loader-context-fds=12:13:14 --class-loader-context=PCL[]{PCL[/system/framework/org.apache.http.legacy.jar]#PCL[/system_ext/framework/androidx.window.extensions.jar]#PCL[/system_ext/framework/androidx.window.sidecar.jar]} --classpath-dir=/data/app/~~jWp-fJ5TI_GU9FAaScz4XA==/com.rhapsody-28aDZ6YRcavwx-AhGhpQZQ== --input-vdex-fd=15 --dm-fd=16 --profile-file-fd=17 --instruction-set=arm64 --instruction-set-features=default --instruction-set-variant=kryo300 --compiler-filter=speed-profile --compilation-reason=baseline --compact-dex-level=none --max-image-block-size=524288 --resolve-startup-const-strings=true --generate-mini-debug-info --runtime-arg -Xtarget-sdk-version:31 --runtime-arg -Xhidden-api-policy:enabled -j6 --runtime-arg -Xms64m --runtime-arg -Xmx512m --comments=app-name:com.rhapsody,app-version-name:8.1.3.1041,app-version-code:1041,art-version:352090000
08-06 16:58:17.065  9014  9014 I artd    : Opened FDs: 7:/data/app/~~jWp-fJ5TI_GU9FAaScz4XA==/com.rhapsody-28aDZ6YRcavwx-AhGhpQZQ==/base.apk 8:/data/app/~~jWp-fJ5TI_GU9FAaScz4XA==/com.rhapsody-28aDZ6YRcavwx-AhGhpQZQ==/oat/arm64/base.odex.sbcyGV.tmp 9:/data/app/~~jWp-fJ5TI_GU9FAaScz4XA==/com.rhapsody-28aDZ6YRcavwx-AhGhpQZQ==/oat/arm64/base.vdex.VKF17t.tmp 10:/data/app/~~jWp-fJ5TI_GU9FAaScz4XA==/com.rhapsody-28aDZ6YRcavwx-AhGhpQZQ==/oat/arm64/base.art.K6d71r.tmp 11:/data/app/~~jWp-fJ5TI_GU9FAaScz4XA==/com.rhapsody-28aDZ6YRcavwx-AhGhpQZQ==/oat/arm64/base.odex.swap.ltZyih.tmp 12:/system_ext/framework/androidx.window.sidecar.jar 13:/system_ext/framework/androidx.window.extensions.jar 14:/system/framework/org.apache.http.legacy.jar 15:/data/app/~~jWp-fJ5TI_GU9FAaScz4XA==/com.rhapsody-28aDZ6YRcavwx-AhGhpQZQ==/oat/arm64/base.vdex 16:/data/app/~~jWp-fJ5TI_GU9FAaScz4XA==/com.rhapsody-28aDZ6YRcavwx-AhGhpQZQ==/base.dm 17:/data/misc/profiles/ref/com.rhapsody/primary.prof.uWwpxZ.tmp 
08-06 16:58:17.069 15038 15038 I NetBusNetworkMonitor: onCapabilitiesChanged isPrimary = true
08-06 16:58:17.070 15038 15038 I NetBusNetworkMonitor: gateway=192.*.*.1
08-06 16:58:17.073 15038 15038 I NetBusNetworkMonitor: addConnectNetworkInterface mediumType:256, detail:NetworkDetailInfo{mIsConnected=false, mIsSupportTdls=true, mNetworkType=0, mIpAddress=192.*.*.11, mIfName=wlan0, mGateway=192.*.*.1, mNetmask=255.*.*.0, mSsid=C**01}
08-06 16:58:17.073 15038 15038 I NetBusNetworkMonitor: onCapabilitiesChanged handle=445787328525, mediumType=256, ifName=wlan0
08-06 16:58:17.077 15292 15292 W libprocessgroup: JoinCgroup: controller schedtune is not found
08-06 16:58:17.078  2474  7382 I SmartPower: com.miui.phrase/10162(24218): background->idle(3002ms) R(content provider start ContentProviderRecord{af5fdc5 u0 com.miui.phrase/com.miui.provider.InputProvider}) adj=905.
08-06 16:58:17.093 15292 15292 W dex2oat64: Obsolete flag --compact-dex-level ignored
08-06 16:58:17.095 15292 15292 I dex2oat64: Ignoring vdex file in dex metadata due to vdex file already being passed
08-06 16:58:17.095 15292 15292 I dex2oat64: /apex/com.android.art/bin/dex2oat64 --output-vdex-fd=9 --class-loader-context-fds=12:13:14 --class-loader-context=PCL[]{PCL[/system/framework/org.apache.http.legacy.jar]#PCL[/system_ext/framework/androidx.window.extensions.jar]#PCL[/system_ext/framework/androidx.window.sidecar.jar]} --classpath-dir=/data/app/~~jWp-fJ5TI_GU9FAaScz4XA==/com.rhapsody-28aDZ6YRcavwx-AhGhpQZQ== --input-vdex-fd=15 --dm-fd=16 --profile-file-fd=17 --compiler-filter=speed-profile --compilation-reason=baseline --compact-dex-level=none --max-image-block-size=524288 --resolve-startup-const-strings=true --generate-mini-debug-info -j6 --comments=app-name:com.rhapsody,app-version-name:8.1.3.1041,app-version-code:1041,art-version:352090000
08-06 16:58:17.110 14696 14747 W mit.droidbotapp: Cleared Reference was only reachable from finalizer (only reported once)
08-06 16:58:17.116 14696 14747 I mit.droidbotapp: This is non sticky GC, maxfree is 16777216 minfree is 8388608
08-06 16:58:17.117 14191 14606 W WakelockManagerService: uid: 1000 is unblock state
08-06 16:58:17.117 14191 14606 W WakelockManagerService: uid: 1001 is unblock state
08-06 16:58:17.117 14191 14606 W WakelockManagerService: uid: 1002 is unblock state
08-06 16:58:17.117 14191 14606 W WakelockManagerService: uid: 1027 is unblock state
08-06 16:58:17.117 14191 14606 W WakelockManagerService: uid: 1068 is unblock state
08-06 16:58:17.117 14191 14606 W WakelockManagerService: uid: 1073 is unblock state
08-06 16:58:17.118 14191 14606 W WakelockManagerService: uid: 2000 is unblock state
08-06 16:58:17.118 14191 14606 W WakelockManagerService: uid: 6100 is unblock state
08-06 16:58:17.118 14191 14606 W WakelockManagerService: uid: 6101 is unblock state
08-06 16:58:17.118 14191 14606 W WakelockManagerService: uid: 6102 is unblock state
08-06 16:58:17.118 14191 14606 W WakelockManagerService: uid: 6110 is unblock state
08-06 16:58:17.118 14191 14606 W WakelockManagerService: uid: 6120 is unblock state
08-06 16:58:17.118 14191 14606 W WakelockManagerService: uid: 10000 is unblock state
08-06 16:58:17.118 14191 14606 W WakelockManagerService: uid: 10001 is unblock state
08-06 16:58:17.118 14191 14606 W WakelockManagerService: uid: 10002 is unblock state
08-06 16:58:17.118 14191 14606 W WakelockManagerService: uid: 10003 is unblock state
08-06 16:58:17.118 14191 14606 W WakelockManagerService: uid: 10004 is unblock state
08-06 16:58:17.118 14191 14606 W WakelockManagerService: uid: 10005 is unblock state
08-06 16:58:17.118 14191 14606 W WakelockManagerService: uid: 10006 is unblock state
08-06 16:58:17.118 14191 14606 W WakelockManagerService: uid: 10007 is unblock state
08-06 16:58:17.118 14191 14606 W WakelockManagerService: uid: 10008 is unblock state
08-06 16:58:17.118 14191 14606 W WakelockManagerService: uid: 10009 is unblock state
08-06 16:58:17.118 14191 14606 W WakelockManagerService: uid: 10010 is unblock state
08-06 16:58:17.118 14191 14606 W WakelockManagerService: uid: 10011 is unblock state
08-06 16:58:17.118 14191 14606 W WakelockManagerService: uid: 10012 is unblock state
08-06 16:58:17.118 14191 14606 W WakelockManagerService: uid: 10013 is unblock state
08-06 16:58:17.118 14191 14606 W WakelockManagerService: uid: 10014 is unblock state
08-06 16:58:17.118 14191 14606 W WakelockManagerService: uid: 10015 is unblock state
08-06 16:58:17.118 14191 14606 W WakelockManagerService: uid: 10016 is unblock state
08-06 16:58:17.118 14191 14606 W WakelockManagerService: uid: 10017 is unblock state
08-06 16:58:17.118 14191 14606 W WakelockManagerService: uid: 10018 is unblock state
08-06 16:58:17.118 14191 14606 W WakelockManagerService: uid: 10019 is unblock state
08-06 16:58:17.118 14191 14606 W WakelockManagerService: uid: 10020 is unblock state
08-06 16:58:17.118 14191 14606 W WakelockManagerService: uid: 10021 is unblock state
08-06 16:58:17.118 14191 14606 W WakelockManagerService: uid: 10022 is unblock state
08-06 16:58:17.118 14191 14606 W WakelockManagerService: uid: 10023 is unblock state
08-06 16:58:17.118 14191 14606 W WakelockManagerService: uid: 10024 is unblock state
08-06 16:58:17.118 14191 14606 W WakelockManagerService: uid: 10025 is unblock state
08-06 16:58:17.118 14191 14606 W WakelockManagerService: uid: 10026 is unblock state
08-06 16:58:17.118 14191 14606 W WakelockManagerService: uid: 10027 is unblock state
08-06 16:58:17.118 14191 14606 W WakelockManagerService: uid: 10028 is unblock state
08-06 16:58:17.118 14191 14606 W WakelockManagerService: uid: 10029 is unblock state
08-06 16:58:17.118 14191 14606 W WakelockManagerService: uid: 10030 is unblock state
08-06 16:58:17.118 14191 14606 W WakelockManagerService: uid: 10031 is unblock state
08-06 16:58:17.118 14191 14606 W WakelockManagerService: uid: 10032 is unblock state
08-06 16:58:17.118 14191 14606 W WakelockManagerService: uid: 10033 is unblock state
08-06 16:58:17.118 14191 14606 W WakelockManagerService: uid: 10034 is unblock state
08-06 16:58:17.118 14191 14606 W WakelockManagerService: uid: 10035 is unblock state
08-06 16:58:17.118 14191 14606 W WakelockManagerService: uid: 10036 is unblock state
08-06 16:58:17.118 14191 14606 W WakelockManagerService: uid: 10037 is unblock state
08-06 16:58:17.118 14191 14606 W WakelockManagerService: uid: 10038 is unblock state
08-06 16:58:17.118 14191 14606 W WakelockManagerService: uid: 10039 is unblock state
08-06 16:58:17.118 14191 14606 W WakelockManagerService: uid: 10040 is unblock state
08-06 16:58:17.118 14191 14606 W WakelockManagerService: uid: 10041 is unblock state
08-06 16:58:17.118 14191 14606 W WakelockManagerService: uid: 10042 is unblock state
08-06 16:58:17.118 14191 14606 W WakelockManagerService: uid: 10043 is unblock state
08-06 16:58:17.118 14191 14606 W WakelockManagerService: uid: 10044 is unblock state
08-06 16:58:17.118 14191 14606 W WakelockManagerService: uid: 10045 is unblock state
08-06 16:58:17.118 14191 14606 W WakelockManagerService: uid: 10046 is unblock state
08-06 16:58:17.118 14191 14606 W WakelockManagerService: uid: 10047 is unblock state
08-06 16:58:17.118 14191 14606 W WakelockManagerService: uid: 10048 is unblock state
08-06 16:58:17.118 14191 14606 W WakelockManagerService: uid: 10049 is unblock state
08-06 16:58:17.118 14191 14606 W WakelockManagerService: uid: 10050 is unblock state
08-06 16:58:17.118 14191 14606 W WakelockManagerService: uid: 10051 is unblock state
08-06 16:58:17.118 14191 14606 W WakelockManagerService: uid: 10052 is unblock state
08-06 16:58:17.118 14191 14606 W WakelockManagerService: uid: 10053 is unblock state
08-06 16:58:17.118 14191 14606 W WakelockManagerService: uid: 10054 is unblock state
08-06 16:58:17.118 14191 14606 W WakelockManagerService: uid: 10055 is unblock state
08-06 16:58:17.118 14191 14606 W WakelockManagerService: uid: 10056 is unblock state
08-06 16:58:17.118 14191 14606 W WakelockManagerService: uid: 10057 is unblock state
08-06 16:58:17.118 14191 14606 W WakelockManagerService: uid: 10058 is unblock state
08-06 16:58:17.118 14191 14606 W WakelockManagerService: uid: 10059 is unblock state
08-06 16:58:17.118 14191 14606 W WakelockManagerService: uid: 10060 is unblock state
08-06 16:58:17.118 14191 14606 W WakelockManagerService: uid: 10061 is unblock state
08-06 16:58:17.118 14191 14606 W WakelockManagerService: uid: 10062 is unblock state
08-06 16:58:17.118 14191 14606 W WakelockManagerService: uid: 10063 is unblock state
08-06 16:58:17.118 14191 14606 W WakelockManagerService: uid: 10064 is unblock state
08-06 16:58:17.118 14191 14606 W WakelockManagerService: uid: 10065 is unblock state
08-06 16:58:17.118 14191 14606 W WakelockManagerService: uid: 10066 is unblock state
08-06 16:58:17.118 14191 14606 W WakelockManagerService: uid: 10067 is unblock state
08-06 16:58:17.118 14191 14606 W WakelockManagerService: uid: 10068 is unblock state
08-06 16:58:17.118 14191 14606 W WakelockManagerService: uid: 10069 is unblock state
08-06 16:58:17.118 14191 14606 W WakelockManagerService: uid: 10070 is unblock state
08-06 16:58:17.118 14191 14606 W WakelockManagerService: uid: 10071 is unblock state
08-06 16:58:17.118 14191 14606 W WakelockManagerService: uid: 10072 is unblock state
08-06 16:58:17.118 14191 14606 W WakelockManagerService: uid: 10073 is unblock state
08-06 16:58:17.118 14191 14606 W WakelockManagerService: uid: 10074 is unblock state
08-06 16:58:17.118 14191 14606 W WakelockManagerService: uid: 10075 is unblock state
08-06 16:58:17.118 14191 14606 W WakelockManagerService: uid: 10076 is unblock state
08-06 16:58:17.118 14191 14606 W WakelockManagerService: uid: 10077 is unblock state
08-06 16:58:17.118 14191 14606 W WakelockManagerService: uid: 10078 is unblock state
08-06 16:58:17.118 14191 14606 W WakelockManagerService: uid: 10079 is unblock state
08-06 16:58:17.118 14191 14606 W WakelockManagerService: uid: 10080 is unblock state
08-06 16:58:17.118 14191 14606 W WakelockManagerService: uid: 10081 is unblock state
08-06 16:58:17.118 14191 14606 W WakelockManagerService: uid: 10082 is unblock state
08-06 16:58:17.118 14191 14606 W WakelockManagerService: uid: 10083 is unblock state
08-06 16:58:17.118 14191 14606 W WakelockManagerService: uid: 10084 is unblock state
08-06 16:58:17.118 14191 14606 W WakelockManagerService: uid: 10085 is unblock state
08-06 16:58:17.118 14191 14606 W WakelockManagerService: uid: 10086 is unblock state
08-06 16:58:17.118 14191 14606 W WakelockManagerService: uid: 10087 is unblock state
08-06 16:58:17.118 14191 14606 W WakelockManagerService: uid: 10088 is unblock state
08-06 16:58:17.118 14191 14606 W WakelockManagerService: uid: 10089 is unblock state
08-06 16:58:17.118 14191 14606 W WakelockManagerService: uid: 10090 is unblock state
08-06 16:58:17.118 14191 14606 W WakelockManagerService: uid: 10091 is unblock state
08-06 16:58:17.118 14191 14606 W WakelockManagerService: uid: 10092 is unblock state
08-06 16:58:17.118 14191 14606 W WakelockManagerService: uid: 10093 is unblock state
08-06 16:58:17.118 14191 14606 W WakelockManagerService: uid: 10094 is unblock state
08-06 16:58:17.118 14191 14606 W WakelockManagerService: uid: 10095 is unblock state
08-06 16:58:17.118 14191 14606 W WakelockManagerService: uid: 10096 is unblock state
08-06 16:58:17.118 14191 14606 W WakelockManagerService: uid: 10097 is unblock state
08-06 16:58:17.118 14191 14606 W WakelockManagerService: uid: 10098 is unblock state
08-06 16:58:17.118 14191 14606 W WakelockManagerService: uid: 10099 is unblock state
08-06 16:58:17.118 14191 14606 W WakelockManagerService: uid: 10100 is unblock state
08-06 16:58:17.118 14191 14606 W WakelockManagerService: uid: 10101 is unblock state
08-06 16:58:17.118 14191 14606 W WakelockManagerService: uid: 10102 is unblock state
08-06 16:58:17.118 14191 14606 W WakelockManagerService: uid: 10103 is unblock state
08-06 16:58:17.118 14191 14606 W WakelockManagerService: uid: 10104 is unblock state
08-06 16:58:17.118 14191 14606 W WakelockManagerService: uid: 10105 is unblock state
