08-06 16:55:38.660  2474  8394 W ParceledListSlice: Element #60 is 19692 bytes.
08-06 16:55:38.660  2474  8394 W ParceledListSlice: Element #61 is 19668 bytes.
08-06 16:55:38.660  2474  8394 W ParceledListSlice: Element #62 is 19680 bytes.
08-06 16:55:38.660  2474 10069 W ParceledListSlice: Element #63 is 19672 bytes.
08-06 16:55:38.661  2474 10069 W ParceledListSlice: Element #64 is 29724 bytes.
08-06 16:55:38.661  2474 10069 W ParceledListSlice: Element #65 is 29744 bytes.
08-06 16:55:38.661  2474  3106 W ParceledListSlice: Element #66 is 29736 bytes.
08-06 16:55:38.661  3086  3086 I adbd    : in ShellService: getprop ro.sf.lcd_density
08-06 16:55:38.672  2474 10061 W ParceledListSlice: Element #273 is 21068 bytes.
08-06 16:55:38.673  2474  8394 W ParceledListSlice: Element #274 is 21048 bytes.
08-06 16:55:38.673  2474  8394 W ParceledListSlice: Element #275 is 21056 bytes.
08-06 16:55:38.673  2474  8394 W ParceledListSlice: Element #276 is 21036 bytes.
08-06 16:55:38.673  2474  8394 W ParceledListSlice: Element #277 is 21084 bytes.
08-06 16:55:38.673  2474  8394 W ParceledListSlice: Overly large reply size: 84248
08-06 16:55:38.673  2474 10069 W ParceledListSlice: Element #278 is 21084 bytes.
08-06 16:55:38.673  2474 10069 W ParceledListSlice: Element #279 is 21096 bytes.
08-06 16:55:38.674  2474 10069 W ParceledListSlice: Element #280 is 21084 bytes.
08-06 16:55:38.674  2474 10069 W ParceledListSlice: Element #281 is 21084 bytes.
08-06 16:55:38.674  2474 10069 W ParceledListSlice: Overly large reply size: 84372
08-06 16:55:38.674  2474  8331 W ParceledListSlice: Element #282 is 21104 bytes.
08-06 16:55:38.674  2474  8331 W ParceledListSlice: Element #283 is 21092 bytes.
08-06 16:55:38.674  2474  8331 W ParceledListSlice: Element #284 is 21080 bytes.
08-06 16:55:38.687 13430 14156 I RuntimePermissionManager: isRuntimeRequestSupport: true
08-06 16:55:38.687 13430 14156 I InstalledPackagesMemoryCache: getInstallPermissionGranted=true
08-06 16:55:38.698  2474  3506 I AppsFilter: interaction: PackageSetting{9cce047 com.android.microdroid.empty_payload/10236} -> PackageSetting{64bbb34 com.miui.cleanmaster/10266} BLOCKED
08-06 16:55:38.698  2474  3506 I AppsFilter: interaction: PackageSetting{2bcc99d io.appium.uiautomator2.server.test/10280} -> PackageSetting{64bbb34 com.miui.cleanmaster/10266} BLOCKED
08-06 16:55:38.698  2474  3506 I AppsFilter: interaction: PackageSetting{88da25d io.github.ylimit.droidbotapp/10347} -> PackageSetting{64bbb34 com.miui.cleanmaster/10266} BLOCKED
08-06 16:55:38.698  2474  3506 I AppsFilter: interaction: PackageSetting{c3dde12 com.rongcard.eid/10151} -> PackageSetting{64bbb34 com.miui.cleanmaster/10266} BLOCKED
08-06 16:55:38.698  2474  3506 I AppsFilter: interaction: PackageSetting{3ed39e3 io.appium.settings/10274} -> PackageSetting{64bbb34 com.miui.cleanmaster/10266} BLOCKED
08-06 16:55:38.712  2474 19255 W ParceledListSlice: Element #8 is 20788 bytes.
08-06 16:55:38.712  2474 19255 W ParceledListSlice: Element #9 is 20768 bytes.
08-06 16:55:38.712 10308 19301 E PackageUtil: getPackageInfoAsUser failed io.github.ylimit.droidbotapp , 999
08-06 16:55:38.713  7856  8405 E SmsApplication: com.android.mms lost android:read_cell_broadcasts:  (fixing)
08-06 16:55:38.713  2474  8394 W AppOpService: Ignored setUidMode call for runtime permission app op: uid = 10141, code = READ_CELL_BROADCASTS, mode = allow, callingUid = 1001, oldMode = allow
08-06 16:55:38.715 13053 13053 E RegisteredServicesCache: Skipping application component ComponentInfo{com.UCMobile/com.alibaba.ariver.commonability.device.jsapi.nfc.service.TinyAppHostApduService}: it must request the permission android.permission.NFC
08-06 16:55:38.715 13053 13053 E RegisteredServicesCache: Skipping application component ComponentInfo{com.UCMobile/com.alipay.mobile.aompdevice.nfc.service.TinyAppHostApduService}: it must request the permission android.permission.NFC
08-06 16:55:38.716 13053 13053 E RegisteredServicesCache: Skipping application component ComponentInfo{com.autonavi.minimap/com.alibaba.ariver.commonability.device.jsapi.nfc.service.TinyAppHostApduService}: it must request the permission android.permission.NFC
08-06 16:55:38.716 13053 13053 E RegisteredServicesCache: Skipping application component ComponentInfo{com.autonavi.minimap/com.alipay.mobile.aompdevice.nfc.service.TinyAppHostApduService}: it must request the permission android.permission.NFC
08-06 16:55:38.717  2474  3106 W AppOpService: Ignored setUidMode call for runtime permission app op: uid = 1001, code = READ_SMS, mode = allow, callingUid = 1001, oldMode = allow
08-06 16:55:38.717  2474 19255 W AppOpService: Ignored setUidMode call for runtime permission app op: uid = 1001, code = RECEIVE_SMS, mode = allow, callingUid = 1001, oldMode = allow
08-06 16:55:38.717 13053 13053 I RegisteredServicesCache: current user: 0, is managed profile : false
08-06 16:55:38.718  2474 19255 W AppOpService: Ignored setUidMode call for runtime permission app op: uid = 1001, code = RECEIVE_WAP_PUSH, mode = allow, callingUid = 1001, oldMode = allow
08-06 16:55:38.718  2474 19255 W AppOpService: Ignored setUidMode call for runtime permission app op: uid = 1001, code = SEND_SMS, mode = allow, callingUid = 1001, oldMode = allow
08-06 16:55:38.718  2474  3106 W AppOpService: Ignored setUidMode call for runtime permission app op: uid = 1001, code = READ_CELL_BROADCASTS, mode = allow, callingUid = 1001, oldMode = allow
08-06 16:55:38.719 13053 13053 I RegisteredAidCache: updateRoutingLocked(false): Enter
08-06 16:55:38.719 13053 13053 I AidRoutingManager: configureRouting(false): Enter
08-06 16:55:38.719 13053 13053 E AidRoutingManager: Size of routing table970
08-06 16:55:38.719 13053 13053 I RegisteredAidCache: updateRoutingLocked(false): exit
08-06 16:55:38.719  7505 18065 I PermissionControllerServiceImpl: Updating user sensitive for uid 10266
08-06 16:55:38.719  3086  3086 I adbd    : in ShellService: input keyevent MENU
08-06 16:55:38.719 10308 19301 E PackageUtil: getPackageInfoAsUser failed com.shutterfly , 999
08-06 16:55:38.720 13053 13053 I libnfc_nci: [INFO:NativeT4tNfcee.cpp(870)] nfcManager_isFwSupportNonStdT4TAid Enter isFwSupport = 1
08-06 16:55:38.720 10308 19301 E PermissionManagerProvider:  getPackageInfo is null packageName : com.shutterfly
08-06 16:55:38.720 13053 13053 I libnfc_nci: [INFO:SecureElement.cpp(1487)] SecureElement::getEseHandleFromGenericId: enter; ESE-ID = 0x7F
08-06 16:55:38.720 13053 13053 I libnfc_nci: [INFO:SecureElement.cpp(1528)] SecureElement::getEseHandleFromGenericId: enter; ESE-Handle = 0x410
08-06 16:55:38.720 13053 13053 I libnfc_nci: [INFO:SecureElement.cpp(1487)] SecureElement::getEseHandleFromGenericId: enter; ESE-ID = 0x00
08-06 16:55:38.720 13053 13053 I libnfc_nci: [INFO:SecureElement.cpp(1528)] SecureElement::getEseHandleFromGenericId: enter; ESE-Handle = 0x400
08-06 16:55:38.722  7800 12919 I SecureElement-Terminal-eSE1: isSecureElementPresent()
08-06 16:55:38.722  1774  1774 I android.hardware.secure_element-service.qti: isCardPresent
08-06 16:55:38.722  1774  1774 I android.hardware.secure_element-service.qti: isCardPresent exit, cardPresent: 1
08-06 16:55:38.724  7800 12919 I SecureElement-Terminal-SIM1: isSecureElementPresent()
08-06 16:55:38.724  7800 12919 I SecureElement-Terminal-SIM1: isNfcEventAllowed: No access rules for checking.
08-06 16:55:38.725  7800 12919 I SecureElement-Terminal-SIM2: isSecureElementPresent()
08-06 16:55:38.765  2474  3106 W MIUIInput: Input event injection from package: null action ACTION_DOWN keycode 82
08-06 16:55:38.765  2474  3106 W MiuiInputKeyEventLog: keyCode:82 down:true eventTime:7987903 downTime:7987903 policyFlags:2b000000 flags:0 metaState:0 deviceId:-1 isScreenOn:true keyguardActive:false repeatCount:0
08-06 16:55:38.767  2474  4371 I InputFeature: supportXiaomiHyperXiaoAi is true
08-06 16:55:38.767  2474  4371 I InputFeature: supportXiaomiHyperXiaoAiScreenRecognition support
08-06 16:55:38.767  2036  2036 E DisplayModeController: setDesiredMode : Idle status skip setActiveMode, isDdicIdleMode: 1
08-06 16:55:38.767  2474  4371 I InputFeature: supportBlockCombinationKey com.miui.home version: 3
08-06 16:55:38.767  2474  4371 I MiuiInputKeyEventLog: is show menu
08-06 16:55:38.767  2474  4371 I MIUIInput: [KeyEvent] publisher action:0x0,  keyCode:82 , deviceId=-1, 7987903,channel '79e08af com.miui.home/com.miui.home.launcher.Launcher (server)' 
08-06 16:55:38.769  7458  7458 I MIUIInput: [KeyEvent] ViewRootImpl windowName 'com.miui.home/com.miui.home.launcher.Launcher', KeyEvent { action=ACTION_DOWN, keyCode=KEYCODE_MENU, scanCode=0, metaState=0, flags=0x0, repeatCount=0, eventTime=7987903000000, downTime=7987903000000, deviceId=-1, source=0x0, displayId=-1 }, phoneEventTime=16:55:38.766
08-06 16:55:38.770  1843  1843 I SDM     : HWCDisplay::SetActiveConfigWithConstraints: display:66-0, config: 3, WxH 1200x2670, fps 120
08-06 16:55:38.770  1843  1843 W SDM     : HWDeviceDRM::GetSupportedBitClkRate: Requested rate not supported: 1150000000
08-06 16:55:38.770  1843  1843 I SDM     : HWDeviceDRM::UpdateMixerAttributes: Mixer WxH 1200x2670-1 for Peripheral
08-06 16:55:38.770  1843  1843 I SDM     : HWCDisplay::SubmitDisplayConfig: Active configuration changed from config 1 to 3
08-06 16:55:38.770  1843  1843 I SDM     : HWCDisplay::SubmitDisplayConfig: Active WxH 1200x2670 ,ddic_mode:auto, timing_fps: 120, sf_fps: 120
08-06 16:55:38.771  1843  3496 I vendor.qti.hardware.display.composer-service: Sensor: notify citsensorservice to trigger cwb, misForced = 0
08-06 16:55:38.772  2474  3106 W MIUIInput: Input event injection from package: null action ACTION_UP keycode 82
08-06 16:55:38.772  3050  4554 I libsensor-parseRGB: request dump start for mRequestDisplayId 0
08-06 16:55:38.772  2474  3106 W MiuiInputKeyEventLog: keyCode:82 down:false eventTime:7987909 downTime:7987903 policyFlags:2b000000 flags:0 metaState:0 deviceId:-1 isScreenOn:true keyguardActive:false repeatCount:0
08-06 16:55:38.773  2474  4371 I InputFeature: supportXiaomiHyperXiaoAi is true
08-06 16:55:38.773  2474  4371 I InputFeature: supportXiaomiHyperXiaoAiScreenRecognition support
08-06 16:55:38.773  2474  4371 I InputFeature: supportBlockCombinationKey com.miui.home version: 3
08-06 16:55:38.773  2474  4371 I MiuiInputKeyEventLog: is show menu
08-06 16:55:38.773  2474  4371 I MIUIInput: [KeyEvent] publisher action:0x1,  keyCode:82 , deviceId=-1, 7987909,channel '79e08af com.miui.home/com.miui.home.launcher.Launcher (server)' 
08-06 16:55:38.773  7458  7458 I MIUIInput: [KeyEvent] ViewRootImpl windowName 'com.miui.home/com.miui.home.launcher.Launcher', KeyEvent { action=ACTION_UP, keyCode=KEYCODE_MENU, scanCode=0, metaState=0, flags=0x0, repeatCount=0, eventTime=7987909000000, downTime=7987903000000, deviceId=-1, source=0x0, displayId=-1 }, phoneEventTime=16:55:38.771
08-06 16:55:38.774  7458  7458 I AnimStateManager: IdleState handle event 2006
08-06 16:55:38.774  7458  7458 I AnimStateManager: CommonState handle event 2006
08-06 16:55:38.775  7497 13458 I MiuiWallpaper-MiuiWallpaperManagerService: isMiuiWallpaperComponentUsing: true
08-06 16:55:38.776  7497 13458 I MiuiWallpaper-MiuiWallpaperManagerService: isMiuiWallpaperComponentUsing: true
08-06 16:55:38.776  7497 13458 I MiuiWallpaper-MiuiWallpaperManagerService: isMiuiWallpaperComponentUsing: true
08-06 16:55:38.781  7458  8091 I HapticFeedbackUtil: rtp:216
08-06 16:55:38.785  7458  7458 W PreviewDisappear: set, applyTo for info: com.miui.home.launcher.graphics.DrawableInfo@e55f0b2, with icon: null
08-06 16:55:38.794  1775  1775 I sensors-hal: batch:141, android.sensor.accelerometer/11, period=66667000, max_latency=0
08-06 16:55:38.794  1775  1775 I sensors-hal: set_config:56, sample_period_ns is adjusted to 66667000 based on min/max delay_ns
08-06 16:55:38.794  1775  1775 I sensors-hal: batch:150, android.sensor.accelerometer/11, period=66667000, max_latency=0 request completed
08-06 16:55:38.794  2474  2817 I SensorAccount: App register sensor to track it noWakeupSensor_10138_0x100000b
08-06 16:55:38.795  1775  1775 E sensors-hal: flush:166, invalid flush request, active=0, oneshot=0
08-06 16:55:38.795  2474 19255 I SensorService: 	>>> actuating h/w activate handle=0x100000b enabled=1
08-06 16:55:38.795  1775  1775 I sensors-hal: activate:108, android.sensor.accelerometer/11 en=1
08-06 16:55:38.795  1775  1775 I sensors-hal: acquire_qsh_interface:121, acquire_qsh_interface with sensor_id 104 , conn_type 2 
08-06 16:55:38.797  1739  1812 I minksocket: MinkIPC MESSAGE: ( 1739:1812 ) MinkIPC_QRTR_Service:351 minkipc = 0xb4000076c18ba7f0 sock = 19, client with node 1 port 55b4 went down
08-06 16:55:38.797  1739  1832 I minksocket: MinkIPC MESSAGE: ( 1739:1832 ) MinkIPC_QRTR_Service:351 minkipc = 0xb4000076c18baed0 sock = 35, client with node 1 port 55b4 went down
08-06 16:55:38.798  1739  1832 I minksocket: MinkIPC MESSAGE: ( 1739:1832 ) MinkIPC_QRTR_Service:351 minkipc = 0xb4000076c18baed0 sock = 35, client with node 1 port 55b5 went down
08-06 16:55:38.798  1739  1812 I minksocket: MinkIPC MESSAGE: ( 1739:1812 ) MinkIPC_QRTR_Service:351 minkipc = 0xb4000076c18ba7f0 sock = 19, client with node 1 port 55b5 went down
08-06 16:55:38.799  1739  1832 I minksocket: MinkIPC MESSAGE: ( 1739:1832 ) MinkIPC_QRTR_Service:351 minkipc = 0xb4000076c18baed0 sock = 35, client with node 1 port 55b6 went down
08-06 16:55:38.799  1739  1812 I minksocket: MinkIPC MESSAGE: ( 1739:1812 ) MinkIPC_QRTR_Service:351 minkipc = 0xb4000076c18ba7f0 sock = 19, client with node 1 port 55b6 went down
08-06 16:55:38.800  1775  1775 I sensors-hal: qsh_qmi:35, qsh_qmi
08-06 16:55:38.800  1775  1775 I sensors-hal: register_cb:314, suid(low=11115320498015681092,high=2286538866409242278) is new. register callbacks
08-06 16:55:38.800  1775  1775 I sensors-hal: send_sensor_config_request:626, resampler is used, set resampler config
08-06 16:55:38.800  1775  1775 I sensors-hal: send_sync_sensor_request:531, send sync request
08-06 16:55:38.800  1775  1775 I sensors-hal: send_sync_sensor_request:541, send_sync_sensor_request before send_request for accel with SUID low=11115320498015681092 high=2286538866409242278
08-06 16:55:38.800  1775  1775 I sensors-hal: send_sync_sensor_request:560, wait for notification of response
08-06 16:55:38.800  1739  1832 I minksocket: MinkIPC MESSAGE: ( 1739:1832 ) MinkIPC_QRTR_Service:351 minkipc = 0xb4000076c18baed0 sock = 35, client with node 1 port 55b7 went down
08-06 16:55:38.800  1739  1812 I minksocket: MinkIPC MESSAGE: ( 1739:1812 ) MinkIPC_QRTR_Service:351 minkipc = 0xb4000076c18ba7f0 sock = 19, client with node 1 port 55b7 went down
08-06 16:55:38.800  7458  7458 W ScreenView_Workspace: updateChildStaticTransformation error,childW=0.0
08-06 16:55:38.801  3050  3078 E libsensor-parseRGB: CWB NotifyCWBBufferDone  error 0
08-06 16:55:38.802  1775  9170 I sensors-hal: qsh_conn_resp_cb:886, resp_value = 0 for accel 
08-06 16:55:38.804  1775  1775 I sensors-hal: send_sync_sensor_request:566, takes 4 ms to receive the response with 0
08-06 16:55:38.805  1775  1775 I sensors-hal: activate:119, android.sensor.accelerometer/11 en=1 completed
08-06 16:55:38.805  7458  8091 E Launcher: mFsGestureStatusRefreshRunnable:run usingFsGesture=true   show=true   focus=true   pause=false
08-06 16:55:38.807  2474  2664 W EnhancedConfirmationService: The packageName should not be null.
08-06 16:55:38.808  2474  2664 W MagnificationConnectionManager: requestConnection duplicated request: connect=false, mConnectionState=DISCONNECTED
08-06 16:55:38.812  7458  7458 W RecentsImpl: updateFsgWindowVisibilityState origin isEnter=true, typeFrom=typefrom_home
08-06 16:55:38.814  3086  3086 I adbd    : in ShellService: input keyevent BACK
08-06 16:55:38.816  7458  8091 W RecentsImpl: updateFsgWindowVisibilityStateInBgThread, isEnter=true, typeFrom=typefrom_home, isOpen=true, isKeyguardLocked=false, mIsInAnotherPro=false, isStatusBarExpansion=false
08-06 16:55:38.819  7458  8149 W GestureStubView_Left: adaptRotation   currentRotation=0   mRotation=0
08-06 16:55:38.820  7458  8149 W GestureStubView_Right: adaptRotation   currentRotation=0   mRotation=0
08-06 16:55:38.849  2474  4311 I MiSensorServiceImpl: user found in check list, getPackageName  android.view.OrientationEventListener
08-06 16:55:38.865  2474  8336 W MIUIInput: Input event injection from package: null action ACTION_DOWN keycode 4
08-06 16:55:38.865  2474  8336 W MiuiInputKeyEventLog: keyCode:4 down:true eventTime:7988002 downTime:7988002 policyFlags:2b000000 flags:0 metaState:0 deviceId:-1 isScreenOn:true keyguardActive:false repeatCount:0
08-06 16:55:38.866  2474  4371 I MIUIInput: [KeyEvent] publisher action:0x0,  keyCode:4 , deviceId=-1, 7988002,channel '79e08af com.miui.home/com.miui.home.launcher.Launcher (server)' 
08-06 16:55:38.866  2474  2680 W ActivityManagerServiceImpl: Sending non-protected broadcast miui.intent.KEYCODE_BACK from system 2474:system/1000 pkg android. Callers=com.android.server.am.ActivityManagerService.checkBroadcastFromSystem:16255 com.android.server.am.ActivityManagerService.broadcastIntentLockedTraced:17126 com.android.server.am.ActivityManagerService.broadcastIntentLocked:16315 com.android.server.am.ActivityManagerService.broadcastIntentWithFeature:17337 android.app.ContextImpl.sendBroadcastAsUser:1495 
08-06 16:55:38.866  7458  7458 I MIUIInput: [KeyEvent] ViewRootImpl windowName 'com.miui.home/com.miui.home.launcher.Launcher', KeyEvent { action=ACTION_DOWN, keyCode=KEYCODE_BACK, scanCode=0, metaState=0, flags=0x0, repeatCount=0, eventTime=7988002000000, downTime=7988002000000, deviceId=-1, source=0x0, displayId=-1 }, phoneEventTime=16:55:38.865
08-06 16:55:38.908  2474  4311 I MiSensorServiceImpl: user found in check list, getPackageName  android.view.OrientationEventListener
08-06 16:55:38.935  2474  8336 W MIUIInput: Input event injection from package: null action ACTION_UP keycode 4
08-06 16:55:38.936  2474  8336 W MiuiInputKeyEventLog: keyCode:4 down:false eventTime:7988073 downTime:7988002 policyFlags:2b000000 flags:0 metaState:0 deviceId:-1 isScreenOn:true keyguardActive:false repeatCount:0
08-06 16:55:38.938  2474  4371 I MIUIInput: [KeyEvent] publisher action:0x1,  keyCode:4 , deviceId=-1, 7988073,channel '79e08af com.miui.home/com.miui.home.launcher.Launcher (server)' 
08-06 16:55:38.938  2474  2680 W ActivityManagerServiceImpl: Sending non-protected broadcast miui.intent.KEYCODE_BACK from system 2474:system/1000 pkg android. Callers=com.android.server.am.ActivityManagerService.checkBroadcastFromSystem:16255 com.android.server.am.ActivityManagerService.broadcastIntentLockedTraced:17126 com.android.server.am.ActivityManagerService.broadcastIntentLocked:16315 com.android.server.am.ActivityManagerService.broadcastIntentWithFeature:17337 android.app.ContextImpl.sendBroadcastAsUser:1495 
08-06 16:55:38.941  7458  7458 I MIUIInput: [KeyEvent] ViewRootImpl windowName 'com.miui.home/com.miui.home.launcher.Launcher', KeyEvent { action=ACTION_UP, keyCode=KEYCODE_BACK, scanCode=0, metaState=0, flags=0x0, repeatCount=0, eventTime=7988073000000, downTime=7988002000000, deviceId=-1, source=0x0, displayId=-1 }, phoneEventTime=16:55:38.935
08-06 16:55:38.960  7458  7458 W MIUIInput: Back key is intercepted by the app
08-06 16:55:38.963  2474  2817 I SensorAccount: App unregister sensor noWakeupSensor_10138_0x100000b
08-06 16:55:38.963  2474  8331 I SensorService: 	>>> actuating h/w activate handle=0x100000b enabled=0
08-06 16:55:38.963  1775  1775 I sensors-hal: activate:108, android.sensor.accelerometer/11 en=0
08-06 16:55:38.964  1775  1775 I sensors-hal: send_sync_sensor_request:531, send sync request
08-06 16:55:38.964  1775  1775 I sensors-hal: send_sync_sensor_request:541, send_sync_sensor_request before send_request for accel with SUID low=11115320498015681092 high=2286538866409242278
08-06 16:55:38.964  1775  1775 I sensors-hal: send_sync_sensor_request:560, wait for notification of response
08-06 16:55:38.965  1775  9170 I sensors-hal: qsh_conn_resp_cb:886, resp_value = 0 for accel 
08-06 16:55:38.965  1775  1775 I sensors-hal: send_sync_sensor_request:566, takes 1 ms to receive the response with 0
08-06 16:55:38.966  1775  1775 I sensors-hal: ~qsh_qmi:62, ~qsh_qmi
08-06 16:55:38.966  1775  1775 I sensors-hal: activate:119, android.sensor.accelerometer/11 en=0 completed
08-06 16:55:38.967  1739  1832 I minksocket: MinkIPC MESSAGE: ( 1739:1832 ) MinkIPC_QRTR_Service:351 minkipc = 0xb4000076c18baed0 sock = 35, client with node 1 port 55b8 went down
08-06 16:55:38.968  1739  1812 I minksocket: MinkIPC MESSAGE: ( 1739:1812 ) MinkIPC_QRTR_Service:351 minkipc = 0xb4000076c18ba7f0 sock = 19, client with node 1 port 55b8 went down
08-06 16:55:38.969  7458  8091 E Launcher: mFsGestureStatusRefreshRunnable:run usingFsGesture=true   show=true   focus=true   pause=false
08-06 16:55:38.977  1843  3496 I vendor.qti.hardware.display.composer-service: Sensor: notify citsensorservice to trigger cwb, misForced = 0
08-06 16:55:38.977  3050  4554 I libsensor-parseRGB: request dump start for mRequestDisplayId 0
08-06 16:55:38.981  7458  7458 W RecentsImpl: updateFsgWindowVisibilityState origin isEnter=false, typeFrom=typefrom_home
08-06 16:55:38.985  7458  8091 W RecentsImpl: updateFsgWindowVisibilityStateInBgThread, isEnter=false, typeFrom=typefrom_home, isOpen=true, isKeyguardLocked=false, mIsInAnotherPro=false, isStatusBarExpansion=false
08-06 16:55:38.985  7458  8091 W RecentsImpl: getTopActivity from observer.   cn=ComponentInfo{com.miui.home/com.miui.home.launcher.Launcher}
08-06 16:55:39.001  3050 25119 E libsensor-parseRGB: CWB NotifyCWBBufferDone  error 0
08-06 16:55:39.037  3086  3086 I adbd    : in ShellService: pm list packages -f
08-06 16:55:39.095  2474  7611 I SensorAccount: ExecutionCapabilityChanged  pkgName:com.miui.home  canAfford:true mCurrentForegroundUid:10138
08-06 16:55:39.115  3086  3086 I adbd    : in ShellService: ps
08-06 16:55:39.185  1843  3496 I vendor.qti.hardware.display.composer-service: Sensor: notify citsensorservice to trigger cwb, misForced = 0
08-06 16:55:39.185  3050  4554 I libsensor-parseRGB: request dump start for mRequestDisplayId 0
08-06 16:55:39.203 13430 13430 I PackageInstallReceiver: action = android.intent.action.PACKAGE_CHANGED packageName = com.miui.cleanmaster
08-06 16:55:39.203 13430 13430 W InstalledPackagesMemoryCache: Unknown action: android.intent.action.PACKAGE_CHANGED
08-06 16:55:39.203 13430 13430 I ServiceDeliveryCapability: onAppChanged:com.miui.cleanmaster action:android.intent.action.PACKAGE_CHANGED
08-06 16:55:39.203 13430 13430 I AppWidgetDelegate: updateAppWidgets for com.miui.cleanmaster
08-06 16:55:39.203 13430 13430 I WidgetController: WidgetController.updateOrRemoveStackWhenPackageChanged: packageName com.miui.cleanmaster
08-06 16:55:39.203 13430 13430 I WidgetBackgroundBlurManager: onAppChanged appPackageName : com.miui.cleanmaster
08-06 16:55:39.204 13430 14349 I AppWidgetDelegate: removeAllWidgets com.android.calendar.widget.NearEventAppWidget
08-06 16:55:39.204 13430 14349 I AppWidgetDelegate: removeAllWidgets com.xiaomi.misettings.usagestats.widget.desktop.widget.SimpleUsageStatsWidget
08-06 16:55:39.211  3050  4604 E libsensor-parseRGB: CWB NotifyCWBBufferDone  error 0
08-06 16:55:39.213  9497  9497 I abb     : StartCommandInProcess(73657474696e67730067657400676c6f settings.get.glo [truncated])
08-06 16:55:39.214  3086  3086 I adbd    : in ShellService: pm list packages -f
08-06 16:55:39.212  2474  2474 W binder:2474_F: type=1400 audit(0.0:14254): avc:  denied  { getopt } for  scontext=u:r:system_server:s0 tcontext=u:r:shell:s0 tclass=unix_stream_socket permissive=0
08-06 16:55:39.212  2474  2474 W binder:2474_F: type=1400 audit(0.0:14255): avc:  denied  { getopt } for  scontext=u:r:system_server:s0 tcontext=u:r:shell:s0 tclass=unix_stream_socket permissive=0
08-06 16:55:39.212  2474  2474 W binder:2474_F: type=1400 audit(0.0:14256): avc:  denied  { getopt } for  scontext=u:r:system_server:s0 tcontext=u:r:shell:s0 tclass=unix_stream_socket permissive=0
08-06 16:55:39.225  9497  9497 I abb     : StartCommandInProcess(7061636b61676500696e7374616c6c00 package.install. [truncated])
08-06 16:55:39.231  2474  8334 I InstallationTiming: beginInstall_sessionId: 2091421963
08-06 16:55:39.352  1850  9931 E ANDR-PERF-LM: SAGT_ACTION: UpdateFPSData() 138: update /sys/kernel/sched_penalty/parameters/fps to 60, ret is 0
08-06 16:55:39.354  1850  9931 E ANDR-PERF-LM: SAGT_ACTION: updateAutoPenatly() 161: recovery auto penatly gamefps 60.000000, measured fps is 57.500000, gap is 2.500000 
08-06 16:55:39.393  1843  3496 I vendor.qti.hardware.display.composer-service: Sensor: notify citsensorservice to trigger cwb, misForced = 0
08-06 16:55:39.395  3050  4554 I libsensor-parseRGB: request dump start for mRequestDisplayId 0
08-06 16:55:39.416  3050 25119 E libsensor-parseRGB: CWB NotifyCWBBufferDone  error 0
08-06 16:55:39.528  3050  4560 I libsensor-boledalgo: dbv:406,lux:223.3,cct:6209.8,hsv:-1.0,dc:0CWB R:3168.5,G:7737.4,B:4934.2Event C:15247.3,R:8450.4,G:5308.5,B:3249.8Cali C:205.4,R:75.4,G:72.7,B:34.2 
08-06 16:55:39.600  1843  3496 I vendor.qti.hardware.display.composer-service: Sensor: notify citsensorservice to trigger cwb, misForced = 0
08-06 16:55:39.601  3050  4554 I libsensor-parseRGB: request dump start for mRequestDisplayId 0
08-06 16:55:39.624  3050  3078 E libsensor-parseRGB: CWB NotifyCWBBufferDone  error 0
08-06 16:55:39.757  1850  9931 E ANDR-PERF-LM: SAGT_ACTION: UpdateFPSData() 138: update /sys/kernel/sched_penalty/parameters/fps to 120, ret is 0
08-06 16:55:39.763  1843  2051 I SDM     : DisplayBase::CommitThread: Received idle timeout, panel: cmd, timeout: 70000 us
08-06 16:55:39.764  7856  8556 E PhoneAdapter: get ntnphones failed, exception: java.lang.IllegalStateException: Default phones haven't been made yet!
08-06 16:55:39.766  2474  7258 E WifiScoreReportInjector: current network is in roaming environment
08-06 16:55:39.799  1843  1843 I SDM     : HWCDisplay::SetActiveConfigWithConstraints: display:66-0, config: 1, WxH 1200x2670, fps 120
08-06 16:55:39.800  1843  1843 W SDM     : HWDeviceDRM::GetSupportedBitClkRate: Requested rate not supported: 1150000000
08-06 16:55:39.800  1843  1843 I SDM     : HWDeviceDRM::UpdateMixerAttributes: Mixer WxH 1200x2670-1 for Peripheral
08-06 16:55:39.800  1843  1843 I SDM     : HWCDisplay::SubmitDisplayConfig: Active configuration changed from config 3 to 1
08-06 16:55:39.800  1843  1843 I SDM     : HWCDisplay::SubmitDisplayConfig: Active WxH 1200x2670 ,ddic_mode:idle, timing_fps: 120, sf_fps: 120
08-06 16:55:39.801  1843  3496 I vendor.qti.hardware.display.composer-service: Sensor: notify citsensorservice to trigger cwb, misForced = 0
08-06 16:55:39.802  3050  4554 I libsensor-parseRGB: request dump start for mRequestDisplayId 0
08-06 16:55:39.823  3050 25119 E libsensor-parseRGB: CWB NotifyCWBBufferDone  error 0
08-06 16:55:39.880  1843  2051 I SDM     : DisplayBase::CommitThread: Received idle timeout, panel: cmd, timeout: 70000 us
08-06 16:55:39.959  1843  3496 I vendor.qti.hardware.display.composer-service: Sensor: notify citsensorservice to trigger cwb, misForced = 1
08-06 16:55:39.959  3050  4554 I libsensor-parseRGB: request dump start for mRequestDisplayId 0
08-06 16:55:39.981  3050  4604 E libsensor-parseRGB: CWB NotifyCWBBufferDone  error 0
08-06 16:55:40.038  1843  2051 I SDM     : DisplayBase::CommitThread: Received idle timeout, panel: cmd, timeout: 70000 us
08-06 16:55:40.097  2474  7257 I MiuiNetworkPolicy: bandwidth: 28 KB/s, Max bandwidth: 11266 KB/s
08-06 16:55:40.133  2474  7382 I SmartPower: com.miui.cleanmaster/10266(17558): background->idle(3004ms) R(service create com.miui.cleanmaster/com.miui.optimizecenter.service.CleanMasterService) adj=905.
08-06 16:55:40.141  2474  7382 I SmartPower: com.android.packageinstaller/10097(18840): background->idle(3002ms) R(broadcast start Intent { act=android.intent.action.PACKAGE_ADDED dat=package: flg=0x5000010 pkg=com.android.packageinstaller (has extras) }) adj=905.
08-06 16:55:40.271  3086  3086 I adbd    : in ShellService: ps
08-06 16:55:40.312  2474  7382 I SmartPower: com.miui.systemAdSolution/10168(17757): background->idle(3001ms) R(broadcast start Intent { act=android.intent.action.PACKAGE_ADDED dat=package: flg=0x4000010 (has extras) }) adj=100.
08-06 16:55:40.312  2474  7382 I SmartPower: com.android.browser/10134(9561): background->idle(3001ms) R(broadcast start Intent { act=miui.intent.action.PACKAGE_FIRST_LAUNCH flg=0x1000010 (has extras) }) adj=905.
08-06 16:55:40.329  3050  4560 I libsensor-boledalgo: dbv:406,lux:224.1,cct:6154.9,hsv:-1.0,dc:0CWB R:3168.5,G:7737.4,B:4934.2Event C:15264.1,R:8474.3,G:5312.5,B:3238.4Cali C:205.4,R:75.4,G:72.7,B:34.2 
08-06 16:55:40.615  2474  7382 I SmartPower: com.android.vending/10124(16543): background->idle(3006ms) R(broadcast start Intent { act=android.intent.action.PACKAGE_ADDED dat=package: flg=0x4000010 (has extras) }) adj=900.
08-06 16:55:40.616  2474  7382 I SmartPower: com.android.vending:background/10124(17245): background->idle(3004ms) R(broadcast start Intent { act=android.intent.action.PACKAGE_ADDED dat=package: flg=0x4000010 (has extras) }) adj=905.
08-06 16:55:40.636  2474  7382 I SmartPower: com.mfashiongallery.emag/10262(13472): background->idle(3001ms) R(broadcast start Intent { act=android.intent.action.PACKAGE_ADDED dat=package: flg=0x4000010 (has extras) }) adj=905.
08-06 16:55:40.637  2474  7382 I SmartPower: com.miui.voiceassist:core/10193(12995): background->idle(3001ms) R(broadcast start Intent { act=android.intent.action.PACKAGE_ADDED dat=package: flg=0x4000010 (has extras) }) adj=100.
08-06 16:55:40.669  2474  7382 I SmartPower: android.process.mediaUI/10261(15474): background->idle(3001ms) R(broadcast start Intent { act=android.intent.action.PACKAGE_ADDED dat=package: flg=0x4000010 (has extras) }) adj=905.
08-06 16:55:40.669  2474  7382 I SmartPower: android.process.acore/10083(15552): background->idle(3001ms) R(broadcast start Intent { act=android.intent.action.PACKAGE_ADDED dat=package: flg=0x4000010 (has extras) }) adj=800.
08-06 16:55:40.669  2474  7382 I SmartPower: com.xiaomi.aicr:actionprovider/10127(15738): background->idle(3000ms) R(broadcast start Intent { act=android.intent.action.PACKAGE_ADDED dat=package: flg=0x4000010 (has extras) }) adj=915.
08-06 16:55:40.671  2474  7382 I SmartPower: com.google.android.documentsui/10100(14965): background->idle(3001ms) R(broadcast start Intent { act=android.intent.action.PACKAGE_ADDED dat=package: flg=0x4000010 (has extras) }) adj=905.
08-06 16:55:40.671  2474  7382 I SmartPower: com.milink.service:audio/10178(18537): background->idle(3001ms) R(broadcast start Intent { act=android.intent.action.PACKAGE_ADDED dat=package: flg=0x4000010 (has extras) }) adj=100.
08-06 16:55:40.671  2474  7382 I SmartPower: com.milink.crossdeviceservice/10178(19278): background->idle(3000ms) R(broadcast start Intent { act=android.intent.action.PACKAGE_ADDED dat=package: flg=0x4000010 (has extras) }) adj=905.
08-06 16:55:40.678  2474  7382 I SmartPower: com.xiaomi.account/10169(14007): background->idle(3001ms) R(service create com.xiaomi.account/.tzservice.SecurityDeviceSignService) adj=905.
08-06 16:55:40.688  2474  7382 I SmartPower: com.miui.newhome/10296(22853): background->idle(3001ms) R(broadcast start Intent { act=android.intent.action.PACKAGE_ADDED dat=package: flg=0x4000010 (has extras) }) adj=905.
08-06 16:55:40.691  2474  7382 I SmartPower: com.miui.gallery/10271(27825): background->idle(3002ms) R(broadcast start Intent { act=android.intent.action.PACKAGE_ADDED dat=package: flg=0x4000010 (has extras) }) adj=905.
08-06 16:55:40.691  2474  7382 I SmartPower: com.microsoft.emmx/10311(13465): background->idle(3002ms) R(broadcast start Intent { act=android.intent.action.PACKAGE_ADDED dat=package: flg=0x4000010 (has extras) }) adj=935.
08-06 16:55:40.928  3050  4560 I libsensor-boledalgo: dbv:406,lux:223.8,cct:6207.0,hsv:-1.0,dc:0CWB R:3168.5,G:7737.4,B:4934.2Event C:15276.7,R:8462.1,G:5314.4,B:3252.1Cali C:205.4,R:75.4,G:72.7,B:34.2 
08-06 16:55:41.165  2474  7382 I SmartPower: com.miui.phrase/10162(24218): background->idle(3002ms) R(content provider start ContentProviderRecord{af5fdc5 u0 com.miui.phrase/com.miui.provider.InputProvider}) adj=905.
08-06 16:55:41.321  3086  3086 I adbd    : in ShellService: pm list packages -f
08-06 16:55:41.450  3086  3086 I adbd    : in ShellService: ps
08-06 16:55:41.466  2474  8251 I NetworkAccelerateSwitchService: EVENT_RSSI_POLL. mRssiPoll=true
08-06 16:55:41.467  2474  8251 I NetworkAccelerateSwitchService: getAverageWifiRssi:62
08-06 16:55:41.530  3050  4560 I libsensor-boledalgo: dbv:406,lux:226.5,cct:6149.2,hsv:-1.0,dc:0CWB R:3168.5,G:7737.4,B:4934.2Event C:15373.8,R:8508.8,G:5351.9,B:3253.0Cali C:205.4,R:75.4,G:72.7,B:34.2 
08-06 16:55:42.329  2474  7257 I MiuiNetworkPolicy: getDisableLimitTimeout when thermal mode is:0
08-06 16:55:42.396 19904 20021 I Process : Process is going to kill itself!
08-06 16:55:42.396 19904 20021 I Process : java.lang.Exception
08-06 16:55:42.396 19904 20021 I Process : 	at android.os.Process.killProcess(Process.java:1513)
08-06 16:55:42.396 19904 20021 I Process : 	at gcb.run(PG:442)
08-06 16:55:42.396 19904 20021 I Process : 	at eef.run(PG:12)
08-06 16:55:42.396 19904 20021 I Process : 	at java.util.concurrent.Executors$RunnableAdapter.call(Executors.java:487)
08-06 16:55:42.396 19904 20021 I Process : 	at jrs.a(PG:3)
08-06 16:55:42.396 19904 20021 I Process : 	at jqx.run(PG:19)
08-06 16:55:42.396 19904 20021 I Process : 	at jrt.run(PG:5)
08-06 16:55:42.396 19904 20021 I Process : 	at java.util.concurrent.Executors$RunnableAdapter.call(Executors.java:487)
08-06 16:55:42.396 19904 20021 I Process : 	at java.util.concurrent.FutureTask.run(FutureTask.java:264)
08-06 16:55:42.396 19904 20021 I Process : 	at java.util.concurrent.ScheduledThreadPoolExecutor$ScheduledFutureTask.run(ScheduledThreadPoolExecutor.java:307)
08-06 16:55:42.396 19904 20021 I Process : 	at java.util.concurrent.ThreadPoolExecutor.runWorker(ThreadPoolExecutor.java:1251)
08-06 16:55:42.396 19904 20021 I Process : 	at java.util.concurrent.ThreadPoolExecutor$Worker.run(ThreadPoolExecutor.java:668)
08-06 16:55:42.396 19904 20021 I Process : 	at java.lang.Thread.run(Thread.java:1012)
08-06 16:55:42.396 19904 20021 I Process : Sending signal. PID: 19904 SIG: 9
08-06 16:55:42.402  2474  7378 E HyperSentinel: -------------------------------------------------------
08-06 16:55:42.402  2474  7378 E HyperSentinel: Event_ThreadAmount
08-06 16:55:42.402  2474  7378 E HyperSentinel: -> audit event by proc 8854 "io.github.ylimit.droidbotapp": running threads amount, 0 -> 24
08-06 16:55:42.405 21008 21224 I Process : Process is going to kill itself!
08-06 16:55:42.405 21008 21224 I Process : java.lang.Exception
08-06 16:55:42.405 21008 21224 I Process : 	at android.os.Process.killProcess(Process.java:1513)
08-06 16:55:42.405 21008 21224 I Process : 	at abqx.run(PG:21)
08-06 16:55:42.405 21008 21224 I Process : 	at abqy.run(PG:3)
08-06 16:55:42.405 21008 21224 I Process : 	at java.util.concurrent.Executors$RunnableAdapter.call(Executors.java:487)
08-06 16:55:42.405 21008 21224 I Process : 	at bexf.a(PG:3)
08-06 16:55:42.405 21008 21224 I Process : 	at bewc.run(PG:19)
08-06 16:55:42.405 21008 21224 I Process : 	at bexg.run(PG:5)
08-06 16:55:42.405 21008 21224 I Process : 	at java.util.concurrent.Executors$RunnableAdapter.call(Executors.java:487)
08-06 16:55:42.405 21008 21224 I Process : 	at java.util.concurrent.FutureTask.run(FutureTask.java:264)
08-06 16:55:42.405 21008 21224 I Process : 	at java.util.concurrent.ScheduledThreadPoolExecutor$ScheduledFutureTask.run(ScheduledThreadPoolExecutor.java:307)
08-06 16:55:42.405 21008 21224 I Process : 	at java.util.concurrent.ThreadPoolExecutor.runWorker(ThreadPoolExecutor.java:1251)
08-06 16:55:42.405 21008 21224 I Process : 	at java.util.concurrent.ThreadPoolExecutor$Worker.run(ThreadPoolExecutor.java:668)
08-06 16:55:42.405 21008 21224 I Process : 	at java.lang.Thread.run(Thread.java:1012)
08-06 16:55:42.406 21008 21224 I Process : Sending signal. PID: 21008 SIG: 9
08-06 16:55:42.420  1609  1609 I Zygote  : Process 19904 exited due to signal 9 (Killed)
08-06 16:55:42.420  2474 19255 I ActivityManager: Process com.google.android.apps.tasks (pid 19904) has died: cch+65 CEM 
08-06 16:55:42.421  2474  2788 I libprocessgroup: Removed cgroup /sys/fs/cgroup/uid_10300/pid_19904
08-06 16:55:42.421  1865  1865 I vendor.qti.hardware.servicetrackeraidl-service: killProcess is called for pid : 19904
08-06 16:55:42.421  1865  1865 I vendor.qti.hardware.servicetrackeraidl-service: process with pid 19904 is client
08-06 16:55:42.421  1865  1865 I vendor.qti.hardware.servicetrackeraidl-service: size of service connections for service: com.google.android.gms/.chimera.PersistentApiServiceafter removal is 7
08-06 16:55:42.421  1865  1865 I vendor.qti.hardware.servicetrackeraidl-service: removing client with pid 19904process namecom.google.android.apps.tasks
08-06 16:55:42.423  1878  1878 E qspmHal : setAppInfoH atPid = 19904, gpuFname:com.google.android.apps.tasks, gpuFver:18995170
08-06 16:55:42.427 19751 19903 I Process : Process is going to kill itself!
08-06 16:55:42.427 19751 19903 I Process : java.lang.Exception
08-06 16:55:42.427 19751 19903 I Process : 	at android.os.Process.killProcess(Process.java:1513)
08-06 16:55:42.427 19751 19903 I Process : 	at com.google.android.libraries.phenotype.client.stable.PhenotypeProcessReaper$$ExternalSyntheticLambda1.run(PG:21)
08-06 16:55:42.427 19751 19903 I Process : 	at com.google.android.libraries.phenotype.client.stable.PhenotypeProcessReaper$1.run(PG:3)
08-06 16:55:42.427 19751 19903 I Process : 	at java.util.concurrent.Executors$RunnableAdapter.call(Executors.java:487)
08-06 16:55:42.427 19751 19903 I Process : 	at com.google.common.util.concurrent.TrustedListenableFutureTask$TrustedFutureInterruptibleTask.runInterruptibly(PG:3)
08-06 16:55:42.427 19751 19903 I Process : 	at com.google.common.util.concurrent.InterruptibleTask.run(PG:19)
08-06 16:55:42.427 19751 19903 I Process : 	at com.google.common.util.concurrent.TrustedListenableFutureTask.run(PG:5)
08-06 16:55:42.427 19751 19903 I Process : 	at java.util.concurrent.Executors$RunnableAdapter.call(Executors.java:487)
08-06 16:55:42.427 19751 19903 I Process : 	at java.util.concurrent.FutureTask.run(FutureTask.java:264)
08-06 16:55:42.427 19751 19903 I Process : 	at java.util.concurrent.ScheduledThreadPoolExecutor$ScheduledFutureTask.run(ScheduledThreadPoolExecutor.java:307)
08-06 16:55:42.427 19751 19903 I Process : 	at java.util.concurrent.ThreadPoolExecutor.runWorker(ThreadPoolExecutor.java:1251)
08-06 16:55:42.427 19751 19903 I Process : 	at java.util.concurrent.ThreadPoolExecutor$Worker.run(ThreadPoolExecutor.java:668)
08-06 16:55:42.427 19751 19903 I Process : 	at java.lang.Thread.run(Thread.java:1012)
08-06 16:55:42.427 19751 19903 I Process : Sending signal. PID: 19751 SIG: 9
08-06 16:55:42.428  2474  2652 I NetworkBoostStatusManager: onUidGone uid: 10300
08-06 16:55:42.428  2474  7257 I MiuiNetworkPolicy: removeUidState uid = 10300
08-06 16:55:42.428 13710 23389 I MIUISafety-Monitor: onUid 10300 gone
08-06 16:55:42.429  2474  8189 I SLM-SRV-SLSAppLib: SLM_Ai_Mode EVENT_CHECK_GMAE_AI_MODE_STATUS
08-06 16:55:42.429  2474  8189 I SLM-SRV-SLSAppLib: SLM_Ai_Mode checkGameAiModeStatus mGameAiModeCloudControl:false mLinkTurboAiModeSwitch:false mGameAiModeInterfaceReady:false mGameStartBattle:false powerMgrGameUid:0
08-06 16:55:42.437  3086  3086 I adbd    : Remote process closed the socket (on MSG_PEEK)
08-06 16:55:42.438  1609  1609 I Zygote  : Process 21008 exited due to signal 9 (Killed)
08-06 16:55:42.439  2474 19255 I ActivityManager: Process com.google.android.apps.youtube.music (pid 21008) has died: cch+55 CEM 
08-06 16:55:42.440  2474  2788 I libprocessgroup: Removed cgroup /sys/fs/cgroup/uid_10318/pid_21008
08-06 16:55:42.440  1865  1865 I vendor.qti.hardware.servicetrackeraidl-service: killProcess is called for pid : 21008
08-06 16:55:42.440  1865  1865 I vendor.qti.hardware.servicetrackeraidl-service: process with pid 21008 is service
08-06 16:55:42.440  1865  1865 I vendor.qti.hardware.servicetrackeraidl-service: size of client connections for client: com.google.android.apps.youtube.musicafter removal is 0
08-06 16:55:42.441  1865  1865 I vendor.qti.hardware.servicetrackeraidl-service: process with pid 21008 is client
08-06 16:55:42.441  1865  1865 I vendor.qti.hardware.servicetrackeraidl-service: removing client with pid 21008process namecom.google.android.apps.youtube.music
08-06 16:55:42.441  1865  1865 I vendor.qti.hardware.servicetrackeraidl-service: destroyService is called for service : com.google.android.apps.youtube.music/.notifications.FcmMessageListenerService
08-06 16:55:42.442  1878  1878 E qspmHal : setAppInfoH atPid = 21008, gpuFname:com.google.android.apps.youtube.music, gpuFver:829522400
08-06 16:55:42.444  2474  7257 I MiuiNetworkPolicy: removeUidState uid = 10318
08-06 16:55:42.444  2474  2652 I NetworkBoostStatusManager: onUidGone uid: 10318
08-06 16:55:42.445  2474  8189 I SLM-SRV-SLSAppLib: SLM_Ai_Mode EVENT_CHECK_GMAE_AI_MODE_STATUS
08-06 16:55:42.445  2474  8189 I SLM-SRV-SLSAppLib: SLM_Ai_Mode checkGameAiModeStatus mGameAiModeCloudControl:false mLinkTurboAiModeSwitch:false mGameAiModeInterfaceReady:false mGameStartBattle:false powerMgrGameUid:0
08-06 16:55:42.445 13710 18386 I MIUISafety-Monitor: onUid 10318 gone
08-06 16:55:42.447  1609  1609 I Zygote  : Process 19751 exited due to signal 9 (Killed)
08-06 16:55:42.448  2474  4291 I ActivityManager: Process com.google.android.apps.magazines (pid 19751) has died: cch+55 CEM 
08-06 16:55:42.448  2474  2788 I libprocessgroup: Removed cgroup /sys/fs/cgroup/uid_10315/pid_19751
08-06 16:55:42.449  1865  1865 I vendor.qti.hardware.servicetrackeraidl-service: killProcess is called for pid : 19751
08-06 16:55:42.449  1865  1865 I vendor.qti.hardware.servicetrackeraidl-service: process with pid 19751 is client
08-06 16:55:42.449  1865  1865 I vendor.qti.hardware.servicetrackeraidl-service: size of service connections for service: com.google.android.gms/.chimera.PersistentApiServiceafter removal is 6
08-06 16:55:42.449  1865  1865 I vendor.qti.hardware.servicetrackeraidl-service: removing client with pid 19751process namecom.google.android.apps.magazines
08-06 16:55:42.451  1878  1878 E qspmHal : setAppInfoH atPid = 19751, gpuFname:com.google.android.apps.magazines, gpuFver:20222182460
08-06 16:55:42.454  2474  2652 I NetworkBoostStatusManager: onUidGone uid: 10315
08-06 16:55:42.455  2474  7257 I MiuiNetworkPolicy: removeUidState uid = 10315
08-06 16:55:42.455  2474  8189 I SLM-SRV-SLSAppLib: SLM_Ai_Mode EVENT_CHECK_GMAE_AI_MODE_STATUS
08-06 16:55:42.455  2474  8189 I SLM-SRV-SLSAppLib: SLM_Ai_Mode checkGameAiModeStatus mGameAiModeCloudControl:false mLinkTurboAiModeSwitch:false mGameAiModeInterfaceReady:false mGameStartBattle:false powerMgrGameUid:0
08-06 16:55:42.455 13710 18386 I MIUISafety-Monitor: onUid 10315 gone
08-06 16:55:42.645  3086  3086 I adbd    : in ShellService: ps
08-06 16:55:42.787  7856  8713 E PhoneAdapter: get ntnphones failed, exception: java.lang.IllegalStateException: Default phones haven't been made yet!
08-06 16:55:42.789  2474  7258 E WifiScoreReportInjector: current network is in roaming environment
08-06 16:55:43.099  2474  7257 I MiuiNetworkPolicy: bandwidth: 0 KB/s, Max bandwidth: 11266 KB/s
08-06 16:55:43.156  2474  2474 W binder:2474_E: type=1400 audit(0.0:14257): avc:  denied  { getopt } for  scontext=u:r:system_server:s0 tcontext=u:r:shell:s0 tclass=unix_stream_socket permissive=0
08-06 16:55:43.360  1850  9938 E ANDR-PERF-MPCTL: ANDR-PERF-MPCTL: exception_recovery_poll_fun() 1497: exception_recovery_poll_fun
08-06 16:55:43.428  3086  3086 I adbd    : in ShellService: pm list packages -f
08-06 16:55:43.785  2474  4395 W PackageParsing: Unknown element under <manifest>: meta-data at /data/app/vmdl2091421963.tmp/base.apk Binary XML file line #8
08-06 16:55:43.786  2474  4395 W PackageParsing: Ignoring duplicate uses-permissions/uses-permissions-sdk-m: com.oppo.launcher.permission.READ_SETTINGS in package: com.p1.mobile.putong at: Binary XML file line #-1
08-06 16:55:43.786  2474  4395 W PackageParsing: Ignoring duplicate uses-permissions/uses-permissions-sdk-m: com.oppo.launcher.permission.WRITE_SETTINGS in package: com.p1.mobile.putong at: Binary XML file line #-1
08-06 16:55:43.786  2474  4395 W PackageParsing: Ignoring duplicate uses-permissions/uses-permissions-sdk-m: com.huawei.android.launcher.permission.READ_SETTINGS in package: com.p1.mobile.putong at: Binary XML file line #-1
08-06 16:55:43.786  2474  4395 W PackageParsing: Ignoring duplicate uses-permissions/uses-permissions-sdk-m: com.huawei.android.launcher.permission.WRITE_SETTINGS in package: com.p1.mobile.putong at: Binary XML file line #-1
08-06 16:55:43.786  2474  4395 W PackageParsing: Ignoring duplicate uses-permissions/uses-permissions-sdk-m: android.permission.WRITE_SETTINGS in package: com.p1.mobile.putong at: Binary XML file line #-1
08-06 16:55:43.800  2474  4395 W RuleEvaluation: Integrity rule files are not available.
08-06 16:55:43.801  2474  3506 I PackageManager: Integrity check passed for file:///data/app/vmdl2091421963.tmp
08-06 16:55:43.813  2474  3506 W PackageParsing: Unknown element under <manifest>: meta-data at /data/app/vmdl2091421963.tmp/base.apk Binary XML file line #8
08-06 16:55:43.813  2474  3506 W PackageParsing: Ignoring duplicate uses-permissions/uses-permissions-sdk-m: com.oppo.launcher.permission.READ_SETTINGS in package: com.p1.mobile.putong at: Binary XML file line #-1
08-06 16:55:43.813  2474  3506 W PackageParsing: Ignoring duplicate uses-permissions/uses-permissions-sdk-m: com.oppo.launcher.permission.WRITE_SETTINGS in package: com.p1.mobile.putong at: Binary XML file line #-1
08-06 16:55:43.813  2474  3506 W PackageParsing: Ignoring duplicate uses-permissions/uses-permissions-sdk-m: com.huawei.android.launcher.permission.READ_SETTINGS in package: com.p1.mobile.putong at: Binary XML file line #-1
08-06 16:55:43.814  2474  3506 W PackageParsing: Ignoring duplicate uses-permissions/uses-permissions-sdk-m: com.huawei.android.launcher.permission.WRITE_SETTINGS in package: com.p1.mobile.putong at: Binary XML file line #-1
08-06 16:55:43.814  2474  3506 W PackageParsing: Ignoring duplicate uses-permissions/uses-permissions-sdk-m: android.permission.WRITE_SETTINGS in package: com.p1.mobile.putong at: Binary XML file line #-1
08-06 16:55:43.815  3086  3086 I adbd    : in ShellService: ps
08-06 16:55:43.823  2474  3506 W PackageManager: Package com.p1.mobile.putong attempting to redeclare system permission android.permission.MOUNT_UNMOUNT_FILESYSTEMS; ignoring new declaration
08-06 16:55:43.823  2474  3506 W PackageManager: Package com.p1.mobile.putong attempting to redeclare system permission android.permission.FLASHLIGHT; ignoring new declaration
08-06 16:55:43.881 13306 13306 I UserConsentManager: onPermissionsChanged: 10348
08-06 16:55:43.909  2474  2643 E AppOps  : Trying to set mode for unknown uid 10348.
08-06 16:55:43.909  2474  2643 E AppOpService: Blocked setUidMode call for runtime permission app op: uid = 10348, code = READ_PHONE_STATE, mode = ignore, callingUid = 1000, oldMode = allow
08-06 16:55:43.909  2474  2643 E AppOpService: java.lang.RuntimeException
08-06 16:55:43.909  2474  2643 E AppOpService: 	at com.android.server.permission.access.appop.AppOpService.setUidMode(AppOpService.kt:286)
08-06 16:55:43.909  2474  2643 E AppOpService: 	at com.android.server.appop.AppOpsCheckingServiceTracingDecorator.setUidMode(AppOpsCheckingServiceTracingDecorator.java:120)
08-06 16:55:43.909  2474  2643 E AppOpService: 	at com.android.server.appop.AppOpsService.setUidMode(AppOpsService.java:2143)
08-06 16:55:43.909  2474  2643 E AppOpService: 	at com.android.server.appop.AppOpsService.-$$Nest$msetUidMode(Unknown Source:0)
08-06 16:55:43.909  2474  2643 E AppOpService: 	at com.android.server.appop.AppOpsService$AppOpsManagerInternalImpl.setUidModeFromPermissionPolicy(AppOpsService.java:7415)
08-06 16:55:43.909  2474  2643 E AppOpService: 	at com.android.server.policy.PermissionPolicyService$PermissionToOpSynchroniser.setUidMode(PermissionPolicyService.java:1121)
08-06 16:55:43.909  2474  2643 E AppOpService: 	at com.android.server.policy.PermissionPolicyService$PermissionToOpSynchroniser.setUidModeIgnored(PermissionPolicyService.java:1094)
08-06 16:55:43.909  2474  2643 E AppOpService: 	at com.android.server.policy.PermissionPolicyService$PermissionToOpSynchroniser.syncPackages(PermissionPolicyService.java:902)
08-06 16:55:43.909  2474  2643 E AppOpService: 	at com.android.server.policy.PermissionPolicyService$PermissionToOpSynchroniser.-$$Nest$msyncPackages(Unknown Source:0)
08-06 16:55:43.909  2474  2643 E AppOpService: 	at com.android.server.policy.PermissionPolicyService.synchronizeUidPermissionsAndAppOps(PermissionPolicyService.java:694)
08-06 16:55:43.909  2474  2643 E AppOpService: 	at com.android.server.policy.PermissionPolicyService.$r8$lambda$g9YhLNd1OZQfuSCyT_yO-G8mZv0(Unknown Source:0)
08-06 16:55:43.909  2474  2643 E AppOpService: 	at com.android.server.policy.PermissionPolicyService$$ExternalSyntheticLambda5.accept(D8$$SyntheticClass:0)
08-06 16:55:43.909  2474  2643 E AppOpService: 	at com.android.internal.util.function.pooled.PooledLambdaImpl.doInvoke(PooledLambdaImpl.java:281)
