08-06 16:55:43.909  2474  2643 E AppOpService: 	at com.android.internal.util.function.pooled.PooledLambdaImpl.invoke(PooledLambdaImpl.java:204)
08-06 16:55:43.909  2474  2643 E AppOpService: 	at com.android.internal.util.function.pooled.OmniFunction.run(OmniFunction.java:87)
08-06 16:55:43.909  2474  2643 E AppOpService: 	at android.os.Handler.handleCallback(Handler.java:959)
08-06 16:55:43.909  2474  2643 E AppOpService: 	at android.os.Handler.dispatchMessage(Handler.java:100)
08-06 16:55:43.909  2474  2643 E AppOpService: 	at android.os.Looper.loopOnce(Looper.java:249)
08-06 16:55:43.909  2474  2643 E AppOpService: 	at android.os.Looper.loop(Looper.java:337)
08-06 16:55:43.909  2474  2643 E AppOpService: 	at android.os.HandlerThread.run(HandlerThread.java:85)
08-06 16:55:43.909  2474  2643 E AppOpService: 	at com.android.server.ServiceThread.run(ServiceThread.java:46)
08-06 16:55:43.910 13306 13306 I UserConsentManager: onPermissionsChanged: 10348
08-06 16:55:43.912 13306 13306 I UserConsentManager: onPermissionsChanged: 10348
08-06 16:55:43.923  9014 21900 I artd    : Merge skipped because there are no existing profiles
08-06 16:55:43.923  2474  3506 I ArtService: Adjusting the compiler filter for 'com.p1.mobile.putong' from 'speed-profile' to 'verify' because there is no valid profile
08-06 16:55:43.923  9014 21900 I artd    : Dex parent of /data/app/~~g393TiK0m6u_dcx_02FBTA==/com.p1.mobile.putong-r_LCdZklR3Ew3MccUl8I2g==/base.apk is not writable: Permission denied
08-06 16:55:43.923  9014 21900 I artd    : GetBestInfo checking odex in dalvik-cache (/data/dalvik-cache/arm64/data@app@~~g393TiK0m6u_dcx_02FBTA==@com.p1.mobile.putong-r_LCdZklR3Ew3MccUl8I2g==@base.apk@classes.dex)
08-06 16:55:43.923  9014 21900 I artd    : Loading /data/dalvik-cache/arm64/data@app@~~g393TiK0m6u_dcx_02FBTA==@com.p1.mobile.putong-r_LCdZklR3Ew3MccUl8I2g==@base.apk@classes.dex with executable: 0
08-06 16:55:43.924  9014 21900 I artd    : OatFileAssistant test for existing oat file /data/dalvik-cache/arm64/data@app@~~g393TiK0m6u_dcx_02FBTA==@com.p1.mobile.putong-r_LCdZklR3Ew3MccUl8I2g==@base.apk@classes.dex: File /data/dalvik-cache/arm64/data@app@~~g393TiK0m6u_dcx_02FBTA==@com.p1.mobile.putong-r_LCdZklR3Ew3MccUl8I2g==@base.apk@classes.vdex does not exist.
08-06 16:55:43.924  9014 21900 I artd    : GetBestInfo checking odex next to the dex file (/data/app/~~g393TiK0m6u_dcx_02FBTA==/com.p1.mobile.putong-r_LCdZklR3Ew3MccUl8I2g==/oat/arm64/base.odex)
08-06 16:55:43.924  9014 21900 I artd    : Loading /data/app/~~g393TiK0m6u_dcx_02FBTA==/com.p1.mobile.putong-r_LCdZklR3Ew3MccUl8I2g==/oat/arm64/base.odex with executable: 0
08-06 16:55:43.924  9014 21900 I artd    : OatFileAssistant test for existing oat file /data/app/~~g393TiK0m6u_dcx_02FBTA==/com.p1.mobile.putong-r_LCdZklR3Ew3MccUl8I2g==/oat/arm64/base.odex: File /data/app/~~g393TiK0m6u_dcx_02FBTA==/com.p1.mobile.putong-r_LCdZklR3Ew3MccUl8I2g==/oat/arm64/base.vdex does not exist.
08-06 16:55:43.924  9014 21900 I artd    : GetBestInfo checking vdex in dalvik-cache (/data/dalvik-cache/arm64/data@app@~~g393TiK0m6u_dcx_02FBTA==@com.p1.mobile.putong-r_LCdZklR3Ew3MccUl8I2g==@base.apk@classes.vdex)
08-06 16:55:43.924  9014 21900 I artd    : unable to open vdex file /data/dalvik-cache/arm64/data@app@~~g393TiK0m6u_dcx_02FBTA==@com.p1.mobile.putong-r_LCdZklR3Ew3MccUl8I2g==@base.apk@classes.vdex: File /data/dalvik-cache/arm64/data@app@~~g393TiK0m6u_dcx_02FBTA==@com.p1.mobile.putong-r_LCdZklR3Ew3MccUl8I2g==@base.apk@classes.vdex does not exist.
08-06 16:55:43.924  9014 21900 I artd    : OatFileAssistant test for existing oat file /data/dalvik-cache/arm64/data@app@~~g393TiK0m6u_dcx_02FBTA==@com.p1.mobile.putong-r_LCdZklR3Ew3MccUl8I2g==@base.apk@classes.vdex: File /data/dalvik-cache/arm64/data@app@~~g393TiK0m6u_dcx_02FBTA==@com.p1.mobile.putong-r_LCdZklR3Ew3MccUl8I2g==@base.apk@classes.vdex does not exist.
08-06 16:55:43.924  9014 21900 I artd    : GetBestInfo checking vdex next to the dex file (/data/app/~~g393TiK0m6u_dcx_02FBTA==/com.p1.mobile.putong-r_LCdZklR3Ew3MccUl8I2g==/oat/arm64/base.vdex)
08-06 16:55:43.924  9014 21900 I artd    : unable to open vdex file /data/app/~~g393TiK0m6u_dcx_02FBTA==/com.p1.mobile.putong-r_LCdZklR3Ew3MccUl8I2g==/oat/arm64/base.vdex: File /data/app/~~g393TiK0m6u_dcx_02FBTA==/com.p1.mobile.putong-r_LCdZklR3Ew3MccUl8I2g==/oat/arm64/base.vdex does not exist.
08-06 16:55:43.924  9014 21900 I artd    : OatFileAssistant test for existing oat file /data/app/~~g393TiK0m6u_dcx_02FBTA==/com.p1.mobile.putong-r_LCdZklR3Ew3MccUl8I2g==/oat/arm64/base.vdex: File /data/app/~~g393TiK0m6u_dcx_02FBTA==/com.p1.mobile.putong-r_LCdZklR3Ew3MccUl8I2g==/oat/arm64/base.vdex does not exist.
08-06 16:55:43.924  9014 21900 I artd    : GetBestInfo checking dm (/data/app/~~g393TiK0m6u_dcx_02FBTA==/com.p1.mobile.putong-r_LCdZklR3Ew3MccUl8I2g==/base.dm)
08-06 16:55:43.924  9014 21900 I artd    : GetBestInfo no usable artifacts
08-06 16:55:43.929  9014 21900 I artd    : Running dex2oat: /apex/com.android.art/bin/art_exec --drop-capabilities --set-task-profile=Dex2OatBootComplete --set-priority=background --keep-fds=7:8:9:10:11 -- /apex/com.android.art/bin/dex2oat64 --zip-fd=7 --zip-location=/data/app/~~g393TiK0m6u_dcx_02FBTA==/com.p1.mobile.putong-r_LCdZklR3Ew3MccUl8I2g==/base.apk --oat-fd=8 --oat-location=/data/app/~~g393TiK0m6u_dcx_02FBTA==/com.p1.mobile.putong-r_LCdZklR3Ew3MccUl8I2g==/oat/arm64/base.odex --output-vdex-fd=9 --swap-fd=10 --class-loader-context-fds=11 --class-loader-context=PCL[]{PCL[/system/framework/org.apache.http.legacy.jar]} --classpath-dir=/data/app/~~g393TiK0m6u_dcx_02FBTA==/com.p1.mobile.putong-r_LCdZklR3Ew3MccUl8I2g== --instruction-set=arm64 --instruction-set-features=default --instruction-set-variant=kryo300 --compiler-filter=verify --compilation-reason=install --compact-dex-level=none --max-image-block-size=524288 --resolve-startup-const-strings=true --generate-mini-debug-info --runtime-arg -Xtarget-sdk-version:30 --runtime-arg -Xhidden-api-policy:enabled -j6 --runtime-arg -Xms64m --runtime-arg -Xmx512m --comments=app-name:com.p1.mobile.putong,app-version-name:5.4.6.1,app-version-code:2546120,art-version:352090000
08-06 16:55:43.929  9014 21900 I artd    : Opened FDs: 7:/data/app/~~g393TiK0m6u_dcx_02FBTA==/com.p1.mobile.putong-r_LCdZklR3Ew3MccUl8I2g==/base.apk 8:/data/app/~~g393TiK0m6u_dcx_02FBTA==/com.p1.mobile.putong-r_LCdZklR3Ew3MccUl8I2g==/oat/arm64/base.odex.njL6cj.tmp 9:/data/app/~~g393TiK0m6u_dcx_02FBTA==/com.p1.mobile.putong-r_LCdZklR3Ew3MccUl8I2g==/oat/arm64/base.vdex.29NMwD.tmp 10:/data/app/~~g393TiK0m6u_dcx_02FBTA==/com.p1.mobile.putong-r_LCdZklR3Ew3MccUl8I2g==/oat/arm64/base.odex.swap.gWgsfk.tmp 11:/system/framework/org.apache.http.legacy.jar 
08-06 16:55:43.942  9252  9252 W libprocessgroup: JoinCgroup: controller schedtune is not found
08-06 16:55:43.958  9252  9252 W dex2oat64: Obsolete flag --compact-dex-level ignored
08-06 16:55:43.960  9252  9252 I dex2oat64: /apex/com.android.art/bin/dex2oat64 --output-vdex-fd=9 --class-loader-context-fds=11 --class-loader-context=PCL[]{PCL[/system/framework/org.apache.http.legacy.jar]} --classpath-dir=/data/app/~~g393TiK0m6u_dcx_02FBTA==/com.p1.mobile.putong-r_LCdZklR3Ew3MccUl8I2g== --compiler-filter=verify --compilation-reason=install --compact-dex-level=none --max-image-block-size=524288 --resolve-startup-const-strings=true --generate-mini-debug-info -j6 --comments=app-name:com.p1.mobile.putong,app-version-name:5.4.6.1,app-version-code:2546120,art-version:352090000
08-06 16:55:44.170  2474  7257 I MiuiNetworkPolicy: updateUidState uid = 10092, uidState = 15
08-06 16:55:44.470  2474  8251 I NetworkAccelerateSwitchService: EVENT_RSSI_POLL. mRssiPoll=true
08-06 16:55:44.470  2474  8251 I NetworkAccelerateSwitchService: getAverageWifiRssi:62
08-06 16:55:44.653  9252  9252 I dex2oat64: Using CollectorTypeCC GC.
08-06 16:55:44.707  9252  9252 I dex2oat64: Large app, accepted running with swap.
08-06 16:55:44.732  2474  8186 I NetworkBoostStatusManager: handle: 107
08-06 16:55:44.736  7856  8556 E PhoneAdapter: get ntnphones failed, exception: java.lang.IllegalStateException: Default phones haven't been made yet!
08-06 16:55:44.754  1865  1865 I vendor.qti.hardware.servicetrackeraidl-service: destroyService is called for service : com.google.android.gms/.chimera.GmsIntentOperationService
08-06 16:55:44.964  3086  3086 I adbd    : in ShellService: ps
08-06 16:55:45.421  9252  9256 W dex2oat64: Verification error in int[] com.p1.mobile.putong.feed.newui.helper.e.h()
08-06 16:55:45.421  9252  9256 W dex2oat64: int[] com.p1.mobile.putong.feed.newui.helper.e.h() failed to verify: int[] com.p1.mobile.putong.feed.newui.helper.e.h(): [0x3F] register v0 has type Conflict but expected Integer
08-06 16:55:45.486  8854  8921 I mit.droidbotapp: ProcessProfilingInfo new_methods=1 is saved saved_to_disk=1 resolve_classes_delay=8000
08-06 16:55:45.518  3086  3086 I adbd    : in ShellService: pm list packages -f
08-06 16:55:45.557  2474  2664 I ThermalObserver: Temperature control has been released.
08-06 16:55:45.597  3086  3086 I adbd    : in ShellService: dumpsys package com.p1.mobile.putong
08-06 16:55:45.634  9014 21899 I artd    : Dex parent of /data/app/~~g393TiK0m6u_dcx_02FBTA==/com.p1.mobile.putong-r_LCdZklR3Ew3MccUl8I2g==/base.apk is not writable: Permission denied
08-06 16:55:45.634  9014 21899 I artd    : GetBestInfo checking odex in dalvik-cache (/data/dalvik-cache/arm64/data@app@~~g393TiK0m6u_dcx_02FBTA==@com.p1.mobile.putong-r_LCdZklR3Ew3MccUl8I2g==@base.apk@classes.dex)
08-06 16:55:45.634  9014 21899 I artd    : Loading /data/dalvik-cache/arm64/data@app@~~g393TiK0m6u_dcx_02FBTA==@com.p1.mobile.putong-r_LCdZklR3Ew3MccUl8I2g==@base.apk@classes.dex with executable: 0
08-06 16:55:45.634  9014 21899 I artd    : OatFileAssistant test for existing oat file /data/dalvik-cache/arm64/data@app@~~g393TiK0m6u_dcx_02FBTA==@com.p1.mobile.putong-r_LCdZklR3Ew3MccUl8I2g==@base.apk@classes.dex: File /data/dalvik-cache/arm64/data@app@~~g393TiK0m6u_dcx_02FBTA==@com.p1.mobile.putong-r_LCdZklR3Ew3MccUl8I2g==@base.apk@classes.vdex does not exist.
08-06 16:55:45.634  9014 21899 I artd    : GetBestInfo checking odex next to the dex file (/data/app/~~g393TiK0m6u_dcx_02FBTA==/com.p1.mobile.putong-r_LCdZklR3Ew3MccUl8I2g==/oat/arm64/base.odex)
08-06 16:55:45.634  9014 21899 I artd    : Loading /data/app/~~g393TiK0m6u_dcx_02FBTA==/com.p1.mobile.putong-r_LCdZklR3Ew3MccUl8I2g==/oat/arm64/base.odex with executable: 0
08-06 16:55:45.634  9014 21899 I artd    : OatFileAssistant test for existing oat file /data/app/~~g393TiK0m6u_dcx_02FBTA==/com.p1.mobile.putong-r_LCdZklR3Ew3MccUl8I2g==/oat/arm64/base.odex: File /data/app/~~g393TiK0m6u_dcx_02FBTA==/com.p1.mobile.putong-r_LCdZklR3Ew3MccUl8I2g==/oat/arm64/base.vdex does not exist.
08-06 16:55:45.634  9014 21899 I artd    : GetBestInfo checking vdex in dalvik-cache (/data/dalvik-cache/arm64/data@app@~~g393TiK0m6u_dcx_02FBTA==@com.p1.mobile.putong-r_LCdZklR3Ew3MccUl8I2g==@base.apk@classes.vdex)
08-06 16:55:45.634  9014 21899 I artd    : unable to open vdex file /data/dalvik-cache/arm64/data@app@~~g393TiK0m6u_dcx_02FBTA==@com.p1.mobile.putong-r_LCdZklR3Ew3MccUl8I2g==@base.apk@classes.vdex: File /data/dalvik-cache/arm64/data@app@~~g393TiK0m6u_dcx_02FBTA==@com.p1.mobile.putong-r_LCdZklR3Ew3MccUl8I2g==@base.apk@classes.vdex does not exist.
08-06 16:55:45.634  9014 21899 I artd    : OatFileAssistant test for existing oat file /data/dalvik-cache/arm64/data@app@~~g393TiK0m6u_dcx_02FBTA==@com.p1.mobile.putong-r_LCdZklR3Ew3MccUl8I2g==@base.apk@classes.vdex: File /data/dalvik-cache/arm64/data@app@~~g393TiK0m6u_dcx_02FBTA==@com.p1.mobile.putong-r_LCdZklR3Ew3MccUl8I2g==@base.apk@classes.vdex does not exist.
08-06 16:55:45.634  9014 21899 I artd    : GetBestInfo checking vdex next to the dex file (/data/app/~~g393TiK0m6u_dcx_02FBTA==/com.p1.mobile.putong-r_LCdZklR3Ew3MccUl8I2g==/oat/arm64/base.vdex)
08-06 16:55:45.634  9014 21899 I artd    : unable to open vdex file /data/app/~~g393TiK0m6u_dcx_02FBTA==/com.p1.mobile.putong-r_LCdZklR3Ew3MccUl8I2g==/oat/arm64/base.vdex: File /data/app/~~g393TiK0m6u_dcx_02FBTA==/com.p1.mobile.putong-r_LCdZklR3Ew3MccUl8I2g==/oat/arm64/base.vdex does not exist.
08-06 16:55:45.634  9014 21899 I artd    : OatFileAssistant test for existing oat file /data/app/~~g393TiK0m6u_dcx_02FBTA==/com.p1.mobile.putong-r_LCdZklR3Ew3MccUl8I2g==/oat/arm64/base.vdex: File /data/app/~~g393TiK0m6u_dcx_02FBTA==/com.p1.mobile.putong-r_LCdZklR3Ew3MccUl8I2g==/oat/arm64/base.vdex does not exist.
08-06 16:55:45.634  9014 21899 I artd    : GetBestInfo checking dm (/data/app/~~g393TiK0m6u_dcx_02FBTA==/com.p1.mobile.putong-r_LCdZklR3Ew3MccUl8I2g==/base.dm)
08-06 16:55:45.634  9014 21899 W ziparchive: Unable to open '/data/app/~~g393TiK0m6u_dcx_02FBTA==/com.p1.mobile.putong-r_LCdZklR3Ew3MccUl8I2g==/base.dm': No such file or directory
08-06 16:55:45.635  9014 21899 I artd    : OatFileAssistant test for existing oat file /data/app/~~g393TiK0m6u_dcx_02FBTA==/com.p1.mobile.putong-r_LCdZklR3Ew3MccUl8I2g==/base.dm: I/O error
08-06 16:55:45.635  9014 21899 I artd    : GetBestInfo checking dm (/data/app/~~g393TiK0m6u_dcx_02FBTA==/com.p1.mobile.putong-r_LCdZklR3Ew3MccUl8I2g==/base.dm)
08-06 16:55:45.635  9014 21899 W ziparchive: Unable to open '/data/app/~~g393TiK0m6u_dcx_02FBTA==/com.p1.mobile.putong-r_LCdZklR3Ew3MccUl8I2g==/base.dm': No such file or directory
08-06 16:55:45.635  9014 21899 I artd    : OatFileAssistant test for existing oat file /data/app/~~g393TiK0m6u_dcx_02FBTA==/com.p1.mobile.putong-r_LCdZklR3Ew3MccUl8I2g==/base.dm: I/O error
08-06 16:55:45.635  9014 21899 I artd    : GetBestInfo no usable artifacts
08-06 16:55:45.640  2474  8330 W ziparchive: Unable to open '/data/app/~~g393TiK0m6u_dcx_02FBTA==/com.p1.mobile.putong-r_LCdZklR3Ew3MccUl8I2g==/base.dm': No such file or directory
08-06 16:55:45.640  2474  8330 E DexOptHelperImpl: Fail to get art odex vdex with path :/data/app/~~g393TiK0m6u_dcx_02FBTA==/com.p1.mobile.putong-r_LCdZklR3Ew3MccUl8I2g==/base.apk
08-06 16:55:45.699  3086  3086 I adbd    : in ShellService: dumpsys activity activities
08-06 16:55:45.787  3086  3086 I adbd    : in ShellService: dumpsys activity activities
08-06 16:55:45.807  7856  8556 E PhoneAdapter: get ntnphones failed, exception: java.lang.IllegalStateException: Default phones haven't been made yet!
08-06 16:55:45.809  2474  7258 E WifiScoreReportInjector: current network is in roaming environment
08-06 16:55:45.872  3086  3086 I adbd    : in ShellService: dumpsys activity activities
08-06 16:55:45.906  9252  9252 I dex2oat64: dex2oat took 1.948s (6.594s cpu) (threads: 6) arena alloc=0B (0B) java alloc=105MB (110520496B) native alloc=12MB (13400624B) free=2088KB (2138688B) swap=16MB (16777216B)
08-06 16:55:45.942  9014 21900 I artd    : dex2oat returned code 0
08-06 16:55:45.951  3086  3086 I adbd    : in ShellService: dumpsys activity services
08-06 16:55:45.951  2474  3506 I ArtService: Dexopt result: [packageName = com.p1.mobile.putong] DexContainerFileDexoptResult{dexContainerFile=/data/app/~~g393TiK0m6u_dcx_02FBTA==/com.p1.mobile.putong-r_LCdZklR3Ew3MccUl8I2g==/base.apk, primaryAbi=true, abi=arm64-v8a, actualCompilerFilter=verify, status=PERFORMED, dex2oatWallTimeMillis=-387173171, dex2oatCpuTimeMillis=6640, sizeBytes=84559240, sizeBeforeBytes=0, extendedStatusFlags=[]}
08-06 16:55:45.952  2474 30182 I Miui32BitTranslateHelper: 32BitPretranslate: skipping APK pre-translation for com.p1.mobile.putong
08-06 16:55:45.953  2474  3506 W PackageFreezer: Freeze package com.p1.mobile.putong about 2.095 seconds for reason: installPackageLI
08-06 16:55:45.953  2474  3506 I BackupManagerService: [UserID:0] restoreAtInstall pkg=com.p1.mobile.putong token=14 restoreSet=0
08-06 16:55:45.955  1865  1865 I vendor.qti.hardware.servicetrackeraidl-service: bindService is called for service : com.google.android.gms/.backup.BackupTransportService and for client system
08-06 16:55:45.956  1865  1865 I vendor.qti.hardware.servicetrackeraidl-service: total connections for service : com.google.android.gms/.backup.BackupTransportServiceare :1
08-06 16:55:45.956  1865  1865 I vendor.qti.hardware.servicetrackeraidl-service: total connections for client : systemare :28
08-06 16:55:45.964  2474  2474 I TransportConnection: BackupTransportService#1716: Notifying [BMS.restoreAtInstall] transport = BackupTransportClient
08-06 16:55:45.967  7177  7877 W AndroidBackupEventsLogg: Flag disabled, logging without sampling [CONTEXT service_id=229 ]
08-06 16:55:45.968  7177  7877 I AndroidBackupEventsLogg: (REDACTED) Logging without sampling %s
08-06 16:55:45.969  1865  1865 I vendor.qti.hardware.servicetrackeraidl-service: unbindService is called for service : com.google.android.gms/.backup.BackupTransportService and for client system
08-06 16:55:45.969  1865  1865 I vendor.qti.hardware.servicetrackeraidl-service: size of service connections for service: com.google.android.gms/.backup.BackupTransportServiceafter removal is 0
08-06 16:55:45.969  1865  1865 I vendor.qti.hardware.servicetrackeraidl-service: size of client connections for client: systemafter removal is 27
08-06 16:55:45.969  1865  1865 I vendor.qti.hardware.servicetrackeraidl-service: destroyService is called for service : com.google.android.gms/.backup.BackupTransportService
08-06 16:55:45.970  7177  7877 W AndroidBackupEventsLogg: Flag disabled, logging without sampling [CONTEXT service_id=229 ]
08-06 16:55:45.970  7177  7877 I AndroidBackupEventsLogg: (REDACTED) Logging without sampling %s
08-06 16:55:45.976  7177  7177 I IntentFilterVerRcvr: S+ domain verification enabled [CONTEXT service_id=244 ]
08-06 16:55:45.976  2474  3506 I InstallationTiming: com.p1.mobile.putong|null|6745|3932|80|498|0|25|2036
08-06 16:55:45.976  2474  3506 I AppsFilter: interaction: PackageSetting{9cce047 com.android.microdroid.empty_payload/10236} -> PackageSetting{4e5ff48 com.p1.mobile.putong/10348} BLOCKED
08-06 16:55:45.976  2474  3506 I AppsFilter: interaction: PackageSetting{2bcc99d io.appium.uiautomator2.server.test/10280} -> PackageSetting{4e5ff48 com.p1.mobile.putong/10348} BLOCKED
08-06 16:55:45.976  2474  3506 I AppsFilter: interaction: PackageSetting{88da25d io.github.ylimit.droidbotapp/10347} -> PackageSetting{4e5ff48 com.p1.mobile.putong/10348} BLOCKED
08-06 16:55:45.976  2474  3506 I AppsFilter: interaction: PackageSetting{c3dde12 com.rongcard.eid/10151} -> PackageSetting{4e5ff48 com.p1.mobile.putong/10348} BLOCKED
08-06 16:55:45.976  2474  3506 I AppsFilter: interaction: PackageSetting{3ed39e3 io.appium.settings/10274} -> PackageSetting{4e5ff48 com.p1.mobile.putong/10348} BLOCKED
08-06 16:55:45.976  2474  2474 W binder:2474_E: type=1400 audit(0.0:14258): avc:  denied  { getopt } for  scontext=u:r:system_server:s0 tcontext=u:r:shell:s0 tclass=unix_stream_socket permissive=0
08-06 16:55:45.976  2474  2474 W binder:2474_E: type=1400 audit(0.0:14259): avc:  denied  { getopt } for  scontext=u:r:system_server:s0 tcontext=u:r:shell:s0 tclass=unix_stream_socket permissive=0
08-06 16:55:45.976  2474  2474 W binder:2474_E: type=1400 audit(0.0:14260): avc:  denied  { getopt } for  scontext=u:r:system_server:s0 tcontext=u:r:shell:s0 tclass=unix_stream_socket permissive=0
08-06 16:55:46.007  7177  9289 I AppLinksIntentOperation: Verifying requested domains [CONTEXT service_id=244 ]
08-06 16:55:46.011  7177  9289 I AppLinksRequestHandler: (REDACTED) Processing %d input requests
08-06 16:55:46.012 13710 15240 I MiuiVpnManageService: PackageMonitor. onPackageAdded: packageName =com.p1.mobile.putong
08-06 16:55:46.012  2474  7409 W PackageManager: Failed registering loading progress callback. Package is fully loaded.
08-06 16:55:46.015  2474  2664 W TextServicesManagerService: no available spell checker services found
08-06 16:55:46.017  7177  9289 I AppLinksUtilsV1: Legacy cross-profile verification enabled [CONTEXT service_id=244 ]
08-06 16:55:46.018  7458  8105 E ScreenElementRoot: load error, manifest root is null
08-06 16:55:46.020  2474  7414 I SdkSandboxManager: No SDKs used. Skipping SDK data reconcilation for CallingInfo{mUid=10348, mPackageName='com.p1.mobile.putong, mAppProcessToken='null'}
08-06 16:55:46.020  2474  7257 I MiuiNetworkPolicy: ACTION_PACKAGE_ADDED uid = 10348
08-06 16:55:46.021  2474  2680 I MiuiCompatModePackages: package com.p1.mobile.putong updated, removing config
08-06 16:55:46.022  2474  2474 I NetworkDetectInjector: ACTION_PACKAGE_ADDED uid = 10348
08-06 16:55:46.022  2474  7426 E AppScanObserverService: Try to add a invalid package: com.p1.mobile.putong | 10348 | 0
08-06 16:55:46.022  2474  7278 E AppOps  : attributionTag VCN not declared in manifest of android
08-06 16:55:46.022  2474  2474 I MiuiNetworkPolicyTrafficLimit: ACTION_PACKAGE_ADDED uid = 10348
08-06 16:55:46.022  2474  2474 E SLM-SRV-SLAAppLib: initBroadcastReceivercom.p1.mobile.putong
08-06 16:55:46.022  2474  2474 I SLM-SRV-SLAAppLib: ACTION_PACKAGE_ADDED uid = 10348com.p1.mobile.putong
08-06 16:55:46.023  2474  2474 I SLM-SRV-SLSAppLib: setSLSGameUidList:null
08-06 16:55:46.023  2474  2474 I SLM-SRV-SLSAppLib: setSLSVoIPUid:0
08-06 16:55:46.023  2474  2474 I NetworkAccelerateSwitchService: setNetworkAccelerateSwitchUidList:null
08-06 16:55:46.023  2474  2474 I NetworkAccelerateSwitchService: setNetworkAccelerateSwitchVoIPUid:0
08-06 16:55:46.023  2474  2474 I SLM-SRV-SLAAppLib: mDoubleWifiUidList = 10090,10261,10286,10324,10340,10325,10322,10167,10339,10326,
08-06 16:55:46.023  2474  2474 I SLM-SRV-SLAAppLib: mDoubleDataUidList = 10090,10261,10286,10325,10322,10329,10167,10339,10326,
08-06 16:55:46.023 13710 13710 I TrafficManageService: mina mPackageReceiver 0
08-06 16:55:46.023 13710 15161 I FireWallService: mina mPackageReceiver onReceive
08-06 16:55:46.024  2474  7278 E AppOps  : attributionTag VCN not declared in manifest of android
08-06 16:55:46.025  2474  8196 I SLM-SRV-SLAAppLib: setUidWhiteListToSlad
08-06 16:55:46.026  2474 10069 I ClipboardServiceI: checkProviderWakePathForClipboard: primaryClip is null
08-06 16:55:46.027  7505 18065 I PermissionControllerServiceImpl: Updating user sensitive for uid 10348
08-06 16:55:46.027  2474  7257 I MiuiNetworkPolicy: updateUidState uid = 10092, uidState = 5
08-06 16:55:46.027 13710 13710 I InstalledAppMonitor: com.p1.mobile.putongonReceive add pkg=com.p1.mobile.putong
08-06 16:55:46.027  2474  8196 I SLM-SRV-SLAAppLib: setSLAUidList:10322,10325,10326,10332,10339,10261,10340,10286,10167,10090,
08-06 16:55:46.027 13710 15607 I AppPredictManager: predict: recentApps size = 5
08-06 16:55:46.028  2474  8196 I SLM-SRV-SLSAppLib: setSLAAppWhiteList:10322,10325,10326,10332,10339,10261,10340,10286,10167,
08-06 16:55:46.028 13710 15161 W FireWallService: is Pre-installed application
08-06 16:55:46.028  2474  8355 W ParceledListSlice: Element #10 is 43420 bytes.
08-06 16:55:46.030 13710 15441 I GameBoosterNewApp: addAppToGameBox: isGameBoosterOpen=true
08-06 16:55:46.030  7505  7505 I SafetyLabelChangedBroadcastReceiver: received broadcast packageName: com.p1.mobile.putong, current user: UserHandle{0}, packageChangeEvent: NEW_INSTALL, intent user: UserHandle{0}
08-06 16:55:46.031 13710 15441 I GameBoosterNewApp: com.p1.mobile.putong isGameFromJson false
08-06 16:55:46.031 13710 15441 I GameBoosterNewApp: com.p1.mobile.putong isGameFromLocal false
08-06 16:55:46.031 14191 14518 I WakelockPolicyManager: setWakelockPolicy
08-06 16:55:46.032  2474 19255 W ParceledListSlice: Element #17 is 25036 bytes.
08-06 16:55:46.032  2474 19255 W ParceledListSlice: Element #24 is 52004 bytes.
08-06 16:55:46.032  2474 19255 W ParceledListSlice: Overly large reply size: 117272
08-06 16:55:46.032 13306 13306 I UserConsentManager: onPermissionsChanged: 10348
08-06 16:55:46.033 13306 13306 I UserConsentManager: onPermissionsChanged: 10348
08-06 16:55:46.033 13306 13306 I UserConsentManager: onPermissionsChanged: 10348
08-06 16:55:46.033 13306 13306 I UserConsentManager: onPermissionsChanged: 10348
08-06 16:55:46.033 13306 13306 I UserConsentManager: onPermissionsChanged: 10348
08-06 16:55:46.034 13306 13306 I UserConsentManager: onPermissionsChanged: 10348
08-06 16:55:46.034  2474 19255 W ParceledListSlice: Element #34 is 204620 bytes.
08-06 16:55:46.034  2474 19255 W ParceledListSlice: Overly large reply size: 237228
08-06 16:55:46.035  2474  8330 E AppOps  : Bad call made by uid 1001. Package "com.android.phone" does not belong to uid 1000.
08-06 16:55:46.035  2474  8330 E AppOps  : Cannot noteOperation: non-application UID 1000
08-06 16:55:46.036 13306 13306 I UserConsentManager: onPermissionsChanged: 10348
08-06 16:55:46.038  2474  4327 I RoleService: Granting default roles...
08-06 16:55:46.038 13710 13710 I AppPredictPrivacyLaunchManager: updateLauncherApps size: 76
08-06 16:55:46.038 14395 14395 E PackageInstallHelper: handler start
08-06 16:55:46.038 14395 14395 E PackageInstallHelper: handler end
08-06 16:55:46.038  2474  8334 W ParceledListSlice: Element #40 is 19708 bytes.
08-06 16:55:46.038 14395 14395 E PackageInstallHelper: PackageInstallHelper handler real start
08-06 16:55:46.039  7464  9896 I htmlviewercloudcontrol: isStagingEnv:false param =  fps_group_config  uriMatch = 2, cluster: cn, version: 569290, traceId: edf791a3c2f0f49177c2934c6d2002a2, regId: +4z3RS85+e2U9l+sd6caQ/srGmJCsEbKpG1twyPn1K0CrNNyxYT/yAgGVxm5X+yC
08-06 16:55:46.039  2474  8334 W ParceledListSlice: Element #48 is 187940 bytes.
08-06 16:55:46.039  2474  8334 W ParceledListSlice: Overly large reply size: 249300
08-06 16:55:46.040  7856  8405 E SmsApplication: com.android.mms lost android:read_cell_broadcasts:  (fixing)
08-06 16:55:46.040  2474  4291 W AppOpService: Ignored setUidMode call for runtime permission app op: uid = 10141, code = READ_CELL_BROADCASTS, mode = allow, callingUid = 1001, oldMode = allow
08-06 16:55:46.040  7458  8105 E Launcher.AllAppsList: Can't load postion for packageName: com.p1.mobile.putong activityName: com.p1.mobile.putong.ui.splash.SplashProxyAct
08-06 16:55:46.040  2474  2745 I SmartPower: com.android.packageinstaller/10097(18840): idle->background(5899ms) R(broadcast start Intent { act=android.intent.action.PACKAGE_ADDED dat=package: flg=0x5000010 pkg=com.android.packageinstaller (has extras) }) adj=915.
08-06 16:55:46.041  2474  7257 I MiuiNetworkPolicy: updateUidState uid = 10097, uidState = 11
08-06 16:55:46.043  7458  8100 W PreviewDisappear: getIconDrawable src: null
08-06 16:55:46.043  7458  8100 W PreviewDisappear: getIconDrawable app drawable: null
08-06 16:55:46.043  7458  8100 W PreviewDisappear: getIcon info target: ComponentInfo{com.p1.mobile.putong/com.p1.mobile.putong.ui.splash.SplashProxyAct}
08-06 16:55:46.043  7458  8100 W PreviewDisappear: getIcon info user: UserHandle{0}
08-06 16:55:46.043  7458  8100 W PreviewDisappear: getIcon info intent: Intent { act=android.intent.action.MAIN cat=[android.intent.category.LAUNCHER] flg=0x10200000 cmp=com.p1.mobile.putong/.ui.splash.SplashProxyAct (has extras) }
08-06 16:55:46.043  7458  8100 W PreviewDisappear: 1 getIcon entry: null
08-06 16:55:46.044  2474  7257 I MiuiNetworkPolicy: updateUidState uid = 10097, uidState = 19
08-06 16:55:46.044 13710 14760 W ContextImpl: Calling a method in the system process without a qualified user: android.app.ContextImpl.startService:1939 android.content.ContextWrapper.startService:843 b4.k.d:80 q2.j.w:116 q2.j.j:0 
08-06 16:55:46.046 13306 13306 I UserConsentManager: onPermissionsChanged: 10348
08-06 16:55:46.046  2474  4291 I SmartPower: com.miui.cleanmaster/10266(17558): idle->background(5914ms) R(service create com.miui.cleanmaster/com.miui.optimizecenter.service.CleanMasterService) adj=0.
08-06 16:55:46.046  2474  7257 I MiuiNetworkPolicy: updateUidState uid = 10266, uidState = 10
08-06 16:55:46.048 13306 13306 I UserConsentManager: onPermissionsChanged: 10348
08-06 16:55:46.049  2474  8755 W ParceledListSlice: Element #52 is 19668 bytes.
08-06 16:55:46.050 13710 14760 I LocalNotificationMgr: pkg: com.p1.mobile.putong mode:0
08-06 16:55:46.050 13710 14760 I GpBinderManager: bindCount : 34
08-06 16:55:46.051  7464  9896 I htmlviewercloudcontrol: isStagingEnv:false param =  fps_group_config  uriMatch = 2, cluster: cn, version: 569290, traceId: edf791a3c2f0f49177c2934c6d2002a2, regId: +4z3RS85+e2U9l+sd6caQ/srGmJCsEbKpG1twyPn1K0CrNNyxYT/yAgGVxm5X+yC
08-06 16:55:46.051  2474  8330 I ActivityManager: Background started FGS: Allowed [callingPackage: com.miui.securitycenter; callingUid: 1000; uidState: PER ; uidBFSL: [BFSL]; intent: Intent { act=com.miui.cleanmaster.GARBAGE_PKG_ADD pkg=com.miui.cleanmaster (has extras) }; code:PROC_STATE_PERSISTENT; tempAllowListReason:<null>; targetSdkVersion:34; callerTargetSdkVersion:34; startForegroundCount:0; bindFromPackage:null: isBindService:false]
08-06 16:55:46.051  2474  8330 W ForegroundServiceTypeLoggerModule: Foreground service start for UID: 10266 does not have any types
08-06 16:55:46.052  2474  8334 W ParceledListSlice: Element #8 is 20788 bytes.
08-06 16:55:46.052  2474  8334 W ParceledListSlice: Element #9 is 20768 bytes.
08-06 16:55:46.054  2474  7257 I MiuiNetworkPolicy: updateUidState uid = 10266, uidState = 4
08-06 16:55:46.054  2036  2036 E DisplayModeController: setDesiredMode : Idle status skip setActiveMode, isDdicIdleMode: 1
08-06 16:55:46.055  2474  2474 I AppsFilter: interaction: PackageSetting{f5d15a2 com.android.microdroid.empty_payload/10236} -> PackageSetting{485c233 com.p1.mobile.putong/10348} BLOCKED
08-06 16:55:46.055  2474  2474 I AppsFilter: interaction: PackageSetting{fd16b69 io.appium.uiautomator2.server.test/10280} -> PackageSetting{485c233 com.p1.mobile.putong/10348} BLOCKED
08-06 16:55:46.055  2474  2474 I AppsFilter: interaction: PackageSetting{71ae9ee io.github.ylimit.droidbotapp/10347} -> PackageSetting{485c233 com.p1.mobile.putong/10348} BLOCKED
08-06 16:55:46.055  2474  2474 I AppsFilter: interaction: PackageSetting{5d04e8f com.rongcard.eid/10151} -> PackageSetting{485c233 com.p1.mobile.putong/10348} BLOCKED
08-06 16:55:46.055  2474  2474 I AppsFilter: interaction: PackageSetting{33b351c io.appium.settings/10274} -> PackageSetting{485c233 com.p1.mobile.putong/10348} BLOCKED
08-06 16:55:46.057  2474 19255 I ActivityManager: Cancel FGS notification userId: 0 definingUid: 10266 packageName: com.miui.cleanmaster processName:com.miui.cleanmaster ChannelId:com.miui.cleanmaster foregroundNotiWhen:1754470546050 Notiflags:64
08-06 16:55:46.057  2474 19255 W ForegroundServiceTypeLoggerModule: FGS stop call for: 10266 has no types!
08-06 16:55:46.057  1865  1865 I vendor.qti.hardware.servicetrackeraidl-service: destroyService is called for service : com.miui.cleanmaster/com.miui.optimizecenter.service.CleanMasterService
08-06 16:55:46.058  2474  7257 I MiuiNetworkPolicyTrafficLimit: updateWhiteListUidForMobileTraffic uid=10266,add=true
08-06 16:55:46.059 13306 13306 I UserConsentManager: onPermissionsChanged: 10348
08-06 16:55:46.059  7464  9896 I htmlviewercloudcontrol: isStagingEnv:false param =  fps_group_config  uriMatch = 2, cluster: cn, version: 569290, traceId: edf791a3c2f0f49177c2934c6d2002a2, regId: +4z3RS85+e2U9l+sd6caQ/srGmJCsEbKpG1twyPn1K0CrNNyxYT/yAgGVxm5X+yC
08-06 16:55:46.060 13306 13306 I UserConsentManager: onPermissionsChanged: 10348
08-06 16:55:46.060  2474 10069 W AppOpService: Ignored setUidMode call for runtime permission app op: uid = 1001, code = READ_SMS, mode = allow, callingUid = 1001, oldMode = allow
08-06 16:55:46.061  2474  7257 I MiuiNetworkPolicy: updateUidState uid = 10266, uidState = 19
08-06 16:55:46.061  1843  1843 I SDM     : HWCDisplay::SetActiveConfigWithConstraints: display:66-0, config: 3, WxH 1200x2670, fps 120
08-06 16:55:46.062  1843  1843 W SDM     : HWDeviceDRM::GetSupportedBitClkRate: Requested rate not supported: 1150000000
08-06 16:55:46.062  1843  1843 I SDM     : HWDeviceDRM::UpdateMixerAttributes: Mixer WxH 1200x2670-1 for Peripheral
08-06 16:55:46.062  2474  7257 I MiuiNetworkPolicyTrafficLimit: updateWhiteListUidForMobileTraffic uid=10266,add=false
08-06 16:55:46.063  1843  1843 I SDM     : HWCDisplay::SubmitDisplayConfig: Active configuration changed from config 1 to 3
08-06 16:55:46.063  1843  1843 I SDM     : HWCDisplay::SubmitDisplayConfig: Active WxH 1200x2670 ,ddic_mode:auto, timing_fps: 120, sf_fps: 120
08-06 16:55:46.064  2474  7683 E RoleControllerServiceImpl: Default/fallback role holder package doesn't qualify for the role, package: com.android.devicelockcontroller, role: android.app.role.SYSTEM_FINANCED_DEVICE_CONTROLLER
08-06 16:55:46.065  1843  3496 I vendor.qti.hardware.display.composer-service: Sensor: notify citsensorservice to trigger cwb, misForced = 0
08-06 16:55:46.065  7464  9896 I htmlviewercloudcontrol: isStagingEnv:false param =  fps_tp_exclude  uriMatch = 2, cluster: cn, version: 569290, traceId: edf791a3c2f0f49177c2934c6d2002a2, regId: +4z3RS85+e2U9l+sd6caQ/srGmJCsEbKpG1twyPn1K0CrNNyxYT/yAgGVxm5X+yC
08-06 16:55:46.065  3050  4554 I libsensor-parseRGB: request dump start for mRequestDisplayId 0
08-06 16:55:46.067  2474 19255 W AppOpService: Ignored setUidMode call for runtime permission app op: uid = 1001, code = RECEIVE_SMS, mode = allow, callingUid = 1001, oldMode = allow
08-06 16:55:46.067  2474 19255 W AppOpService: Ignored setUidMode call for runtime permission app op: uid = 1001, code = RECEIVE_WAP_PUSH, mode = allow, callingUid = 1001, oldMode = allow
08-06 16:55:46.067  2474 19255 W AppOpService: Ignored setUidMode call for runtime permission app op: uid = 1001, code = SEND_SMS, mode = allow, callingUid = 1001, oldMode = allow
08-06 16:55:46.068  2474  8755 W AppOpService: Ignored setUidMode call for runtime permission app op: uid = 1001, code = READ_CELL_BROADCASTS, mode = allow, callingUid = 1001, oldMode = allow
08-06 16:55:46.068 13710 14599 I AppPredictPrivacyLaunchManager: getLauncherHomeAppList size: 76
08-06 16:55:46.068 13710 14599 I AppPredictResultHelper: updatePreferenceStore: size = 10
08-06 16:55:46.069 13710 15127 I ThumbnailBlurUtils: getAllLauncherAppList time: 15
08-06 16:55:46.069  2474 19255 W ActivityManagerServiceImpl: Sending non-protected broadcast com.miui.action.UPDATE_PREDICT_LIST_EXTERNAL from system 13710:com.miui.securitycenter.remote/1000 pkg com.miui.securitycenter. Callers=
08-06 16:55:46.069  7458  8100 W PreviewDisappear: 2 getIcon entry: com.miui.home.launcher.graphics.DrawableInfo@b5301cb
08-06 16:55:46.069  7458  8100 W PreviewDisappear: applyCacheEntry entry: com.miui.home.launcher.graphics.drawable.LayerAdaptiveIconDrawable@ae5cda8
08-06 16:55:46.069  7458  8100 W PreviewDisappear: getIconDrawable finally drawable: com.miui.home.launcher.graphics.drawable.LayerAdaptiveIconDrawable@ae5cda8
08-06 16:55:46.071  7464  9896 I htmlviewercloudcontrol: isStagingEnv:false param =  fps_idle_config  uriMatch = 2, cluster: cn, version: 569290, traceId: edf791a3c2f0f49177c2934c6d2002a2, regId: +4z3RS85+e2U9l+sd6caQ/srGmJCsEbKpG1twyPn1K0CrNNyxYT/yAgGVxm5X+yC
08-06 16:55:46.072 13053 13053 E RegisteredServicesCache: Skipping application component ComponentInfo{com.UCMobile/com.alibaba.ariver.commonability.device.jsapi.nfc.service.TinyAppHostApduService}: it must request the permission android.permission.NFC
08-06 16:55:46.072 13053 13053 E RegisteredServicesCache: Skipping application component ComponentInfo{com.UCMobile/com.alipay.mobile.aompdevice.nfc.service.TinyAppHostApduService}: it must request the permission android.permission.NFC
08-06 16:55:46.073 13053 13053 E RegisteredServicesCache: Skipping application component ComponentInfo{com.autonavi.minimap/com.alibaba.ariver.commonability.device.jsapi.nfc.service.TinyAppHostApduService}: it must request the permission android.permission.NFC
08-06 16:55:46.073 13053 13053 E RegisteredServicesCache: Skipping application component ComponentInfo{com.autonavi.minimap/com.alipay.mobile.aompdevice.nfc.service.TinyAppHostApduService}: it must request the permission android.permission.NFC
08-06 16:55:46.073 13306 13306 I UserConsentManager: onPermissionsChanged: 10348
08-06 16:55:46.073  7464  9896 I htmlviewercloudcontrol: isStagingEnv:false param =  fps_idle_config  uriMatch = 2, cluster: cn, version: 569290, traceId: edf791a3c2f0f49177c2934c6d2002a2, regId: +4z3RS85+e2U9l+sd6caQ/srGmJCsEbKpG1twyPn1K0CrNNyxYT/yAgGVxm5X+yC
08-06 16:55:46.075  7464  9896 I htmlviewercloudcontrol: isStagingEnv:false param =  fps_tp_exclude  uriMatch = 2, cluster: cn, version: 569290, traceId: edf791a3c2f0f49177c2934c6d2002a2, regId: +4z3RS85+e2U9l+sd6caQ/srGmJCsEbKpG1twyPn1K0CrNNyxYT/yAgGVxm5X+yC
08-06 16:55:46.075 13306 13306 I UserConsentManager: onPermissionsChanged: 10348
08-06 16:55:46.076 13306 13306 I UserConsentManager: onPermissionsChanged: 10348
08-06 16:55:46.077 13306 13306 I UserConsentManager: onPermissionsChanged: 10348
08-06 16:55:46.077 13306 13306 I UserConsentManager: onPermissionsChanged: 10348
08-06 16:55:46.078 13053 13053 I RegisteredServicesCache: current user: 0, is managed profile : false
08-06 16:55:46.079  7464  9896 I htmlviewercloudcontrol: isStagingEnv:false param =  fps_idle_config  uriMatch = 2, cluster: cn, version: 569290, traceId: edf791a3c2f0f49177c2934c6d2002a2, regId: +4z3RS85+e2U9l+sd6caQ/srGmJCsEbKpG1twyPn1K0CrNNyxYT/yAgGVxm5X+yC
08-06 16:55:46.080 13053 13053 I RegisteredAidCache: updateRoutingLocked(false): Enter
08-06 16:55:46.081  7464  9896 I htmlviewercloudcontrol: isStagingEnv:false param =  display_fps_group  uriMatch = 2, cluster: cn, version: 569290, traceId: edf791a3c2f0f49177c2934c6d2002a2, regId: +4z3RS85+e2U9l+sd6caQ/srGmJCsEbKpG1twyPn1K0CrNNyxYT/yAgGVxm5X+yC
08-06 16:55:46.083  3086  3086 I adbd    : in ShellService: screencap -p /sdcard/screen_2025-08-06_165545.png
08-06 16:55:46.083 13053 13053 I AidRoutingManager: configureRouting(false): Enter
08-06 16:55:46.083 13053 13053 E AidRoutingManager: Size of routing table970
08-06 16:55:46.083 13053 13053 I RegisteredAidCache: updateRoutingLocked(false): exit
08-06 16:55:46.086  7177  3683 W Conscrypt: Could not set socket write timeout: java.net.SocketException: Socket closed
08-06 16:55:46.086  7177  3683 W Conscrypt: 	at com.google.android.gms.org.conscrypt.Platform.setSocketWriteTimeout(:com.google.android.gms@252834035@25.28.34 (260400-787197649):204)
08-06 16:55:46.086  7177  3683 W Conscrypt: 	at com.google.android.gms.org.conscrypt.ConscryptFileDescriptorSocket.setSoWriteTimeout(:com.google.android.gms@252834035@25.28.34 (260400-787197649):4)
08-06 16:55:46.086  2474  2664 W EnhancedConfirmationService: The packageName should not be null.
08-06 16:55:46.087  7464  9896 I htmlviewercloudcontrol: isStagingEnv:false param =  fps_idle_config  uriMatch = 2, cluster: cn, version: 569290, traceId: edf791a3c2f0f49177c2934c6d2002a2, regId: +4z3RS85+e2U9l+sd6caQ/srGmJCsEbKpG1twyPn1K0CrNNyxYT/yAgGVxm5X+yC
08-06 16:55:46.088  7856  8405 E SmsApplication: com.android.mms lost android:read_cell_broadcasts:  (fixing)
08-06 16:55:46.089  2474  8755 W AppOpService: Ignored setUidMode call for runtime permission app op: uid = 10141, code = READ_CELL_BROADCASTS, mode = allow, callingUid = 1001, oldMode = allow
08-06 16:55:46.089  7464  9896 I htmlviewercloudcontrol: isStagingEnv:false param =  fps_idle_config  uriMatch = 2, cluster: cn, version: 569290, traceId: edf791a3c2f0f49177c2934c6d2002a2, regId: +4z3RS85+e2U9l+sd6caQ/srGmJCsEbKpG1twyPn1K0CrNNyxYT/yAgGVxm5X+yC
08-06 16:55:46.090  2474  2664 W MagnificationConnectionManager: requestConnection duplicated request: connect=false, mConnectionState=DISCONNECTED
08-06 16:55:46.091  7458  8153 W PreviewDisappear: 1 getIcon entry: null
08-06 16:55:46.091  7464  9896 I htmlviewercloudcontrol: isStagingEnv:false param =  fps_idle_config  uriMatch = 2, cluster: cn, version: 569290, traceId: edf791a3c2f0f49177c2934c6d2002a2, regId: +4z3RS85+e2U9l+sd6caQ/srGmJCsEbKpG1twyPn1K0CrNNyxYT/yAgGVxm5X+yC
08-06 16:55:46.092  7458  8153 W PreviewDisappear: 2 getIcon entry: com.miui.home.launcher.graphics.DrawableInfo@98defa7
08-06 16:55:46.092  7458  8153 W PreviewDisappear: applyCacheEntry entry: com.miui.home.launcher.graphics.drawable.LayerAdaptiveIconDrawable@29e1c54
08-06 16:55:46.092  7464  9896 I htmlviewercloudcontrol: isStagingEnv:false param =  fps_group_config  uriMatch = 2, cluster: cn, version: 569290, traceId: edf791a3c2f0f49177c2934c6d2002a2, regId: +4z3RS85+e2U9l+sd6caQ/srGmJCsEbKpG1twyPn1K0CrNNyxYT/yAgGVxm5X+yC
08-06 16:55:46.094  3050  3078 E libsensor-parseRGB: CWB NotifyCWBBufferDone  error 0
08-06 16:55:46.094  2474  8334 W ParceledListSlice: Element #8 is 20788 bytes.
08-06 16:55:46.096  7464  9896 I htmlviewercloudcontrol: isStagingEnv:false param =  fps_group_config  uriMatch = 2, cluster: cn, version: 569290, traceId: edf791a3c2f0f49177c2934c6d2002a2, regId: +4z3RS85+e2U9l+sd6caQ/srGmJCsEbKpG1twyPn1K0CrNNyxYT/yAgGVxm5X+yC
08-06 16:55:46.097 14191 15060 I DisplayFrameSetting: register
08-06 16:55:46.097  2474 10061 W AppOpService: Ignored setUidMode call for runtime permission app op: uid = 1001, code = READ_SMS, mode = allow, callingUid = 1001, oldMode = allow
08-06 16:55:46.097  7458  8112 W PreviewDisappear: getIconDrawable src: null
08-06 16:55:46.097  7458  8112 W PreviewDisappear: getIconDrawable app drawable: null
08-06 16:55:46.097  7458  8112 W PreviewDisappear: getIcon info target: ComponentInfo{com.p1.mobile.putong/com.p1.mobile.putong.ui.splash.SplashProxyAct}
08-06 16:55:46.097  7458  8112 W PreviewDisappear: getIcon info user: UserHandle{0}
08-06 16:55:46.097  7458  8112 W PreviewDisappear: getIcon info intent: Intent { act=android.intent.action.MAIN cat=[android.intent.category.LAUNCHER] flg=0x10200000 cmp=com.p1.mobile.putong/.ui.splash.SplashProxyAct (has extras) }
08-06 16:55:46.097  7458  8112 W PreviewDisappear: 1 getIcon entry: null
08-06 16:55:46.098  2474 10061 W AppOpService: Ignored setUidMode call for runtime permission app op: uid = 1001, code = RECEIVE_SMS, mode = allow, callingUid = 1001, oldMode = allow
08-06 16:55:46.098  2474 10061 W AppOpService: Ignored setUidMode call for runtime permission app op: uid = 1001, code = RECEIVE_WAP_PUSH, mode = allow, callingUid = 1001, oldMode = allow
08-06 16:55:46.098  2474  8330 I whetstone.activity: noteVideoFps registVideoFpsCallBack, count is 1
08-06 16:55:46.098  2474  8334 W ParceledListSlice: Element #9 is 20768 bytes.
08-06 16:55:46.100  2474  8330 W AppOpService: Ignored setUidMode call for runtime permission app op: uid = 1001, code = SEND_SMS, mode = allow, callingUid = 1001, oldMode = allow
08-06 16:55:46.101  2474  7257 I MiuiNetworkPolicy: bandwidth: 0 KB/s, Max bandwidth: 11266 KB/s
08-06 16:55:46.101 13053 13053 E RegisteredServicesCache: Skipping application component ComponentInfo{com.UCMobile/com.alibaba.ariver.commonability.device.jsapi.nfc.service.TinyAppHostApduService}: it must request the permission android.permission.NFC
08-06 16:55:46.101 13053 13053 E RegisteredServicesCache: Skipping application component ComponentInfo{com.UCMobile/com.alipay.mobile.aompdevice.nfc.service.TinyAppHostApduService}: it must request the permission android.permission.NFC
08-06 16:55:46.101 13053 13053 E RegisteredServicesCache: Skipping application component ComponentInfo{com.autonavi.minimap/com.alibaba.ariver.commonability.device.jsapi.nfc.service.TinyAppHostApduService}: it must request the permission android.permission.NFC
08-06 16:55:46.101 13053 13053 E RegisteredServicesCache: Skipping application component ComponentInfo{com.autonavi.minimap/com.alipay.mobile.aompdevice.nfc.service.TinyAppHostApduService}: it must request the permission android.permission.NFC
08-06 16:55:46.102  2474  2664 W TextServicesManagerService: no available spell checker services found
08-06 16:55:46.102  2474  8330 W AppOpService: Ignored setUidMode call for runtime permission app op: uid = 1001, code = READ_CELL_BROADCASTS, mode = allow, callingUid = 1001, oldMode = allow
08-06 16:55:46.105  7464  9896 I htmlviewercloudcontrol: isStagingEnv:false param =  fps_idle_config  uriMatch = 2, cluster: cn, version: 569290, traceId: edf791a3c2f0f49177c2934c6d2002a2, regId: +4z3RS85+e2U9l+sd6caQ/srGmJCsEbKpG1twyPn1K0CrNNyxYT/yAgGVxm5X+yC
08-06 16:55:46.106 16300 16300 I VSC-AppInstallReceiver: action: android.intent.action.PACKAGE_CHANGED, packageName: com.p1.mobile.putong
08-06 16:55:46.107  2474  7257 I MiuiNetworkPolicy: updateUidState uid = 6110, uidState = 11
08-06 16:55:46.107  8885  8885 I ##XLogger##: #&^h6MA9z6URo7duM4pUj12Wl//l20ccJzLLKqNG1Fr2SW/ifeaiznAtzlXZsoqoyCVUvQ9t0EUAsLk9aN5uiS6904G0jLdds9A9Cm8ElqusNMYp/zLDEiKkxo94BZAKdxJP+Yp8M8+bT2pdDC1v9p0XdQ8joJ4eZVVsKKkCzz7oJs=!!FfyD08PDxfmd9HNCoPx2yW8gDWFzFBsZ2CRYKs61VWq5sdZRG4iv+yeWT1OugCOkEu3/ZoMP4z7Bg6s+EfSPd4osTpoEtr7FaaIs1QvIuJC/oWvvUgwzs9D6XSSycoFgCdzTCD3yZ9IhxZIpzvawUQGJM0SAwKThaeRTUzpLTqwsuLpFUJJLg6EmKapl+84FRM9dugjEXnK7GV3+7BVTHkvK1T8SXH6VGdVj7oi8143948KEL81WXdVv5VsFfNThipM/YzqbyylHkE5k3w7Z1M3pfsP1e48nKQB5M9auUdnaL6vpnCk70DPMaFp16iH3m/40tRw9MVyb7Wa4HTaHrvnX18Ur3fkEGnNvXkuqvXZJc+tpXqdTBuQldNoir+MSg4EjjlVJsLh0gaHfDNPTam5PfvqrUtVcTxIaeGosXFC1nYH8G55ELNyVYjlOagjypF8KdLu8HXiTV1felu65gg9eGcBpekEuErXTJ57QdCND5zBrdqmOjm3hDeX45P+8gCZQW0hnR31apEWR0rtGGIIdbCyoIZgVtVJVZ/mrmka7Gln7Obh/sLpmHK0/ma3/Wj/CqViRLF2XPeS4cdRlVCFwpB/EMkfwop3pFVcmHrHQdGexBioN/OwDP4BlaeEtHoWxPLHpCYf0sq+9prjGylv3fzu68KQ1wuzXutrKIbrUTEQAUAFRPcqSWOT/bCHYqX1ccIirqxEv+HaFXK2Or//Ap3BRT9bVR5bTuwTUTIDc30JsC+P1PsdOAVXG64y1pSn5x0sD9uNwF+pMcTltpmLBsdzeFcxoST8KcUkJ2gXuQHAhLCVtrE0A57iUOUvjOWPPwlTfrgcsrslWUtxEwXVOa8z4mnSPxrhT6/Xwbz4=^&#
08-06 16:55:46.108  8885  8885 I ##XLogger##: #&^h6MA9z6URo7duM4pUj12Wl//l20ccJzLLKqNG1Fr2SW/ifeaiznAtzlXZsoqoyCVUvQ9t0EUAsLk9aN5uiS6904G0jLdds9A9Cm8ElqusNMYp/zLDEiKkxo94BZAKdxJP+Yp8M8+bT2pdDC1v9p0XdQ8joJ4eZVVsKKkCzz7oJs=!!FfyD08PDxfmd9HNCoPx2yW8gDWFzFBsZ2CRYKs61VWobB5TQWSdRKDa+BDZ37IDpnBI4xyT2FHXhAONPh1Q54JJRIF2aVrMJeD8m6fklEb1CZYMpkjzbVbg70rzWWQHblECB/hVpllVtW3+TaPNMGC/N+BbddeyEYWFFpYFrXJ6M2Q7dKDrmrleRGmNG86ziPGcqWfBuqBfu0AShIWzVA6KuLwKxnha7gWW/QFoMI1JuKHmd418gyxl6HFQ8/6OGmfn7JBQxiRlG1+0J003PPOljNL23m5059Ud6jVLmpClJzBiI+aVeJjQ38/Cg4v7FYwkij5mfQWbGJws548eo5VB/TdND/gvrmi9SvR1MdoiXWClO9g37ilmxNLvI4FmzdOdFQjDgrFPcSZhqsGzPn14UMgxqGiYuW3/shRKUBNIuk2BtJIF6QffRGSyewpdE3ECz5GPfWB9DYlWPmqDFgxvMUPcnA+eiSuDt5Grh+/ft8gt6DrYIeMNSfepx40/kqI4chnkA7Vh5+jkJ8ISxVb7eHvRGrG1SbFmZRHBuAY/1kln7oVyGzkpAr3ODgdHDNnslLWr7P78olTeXCk/SrVJajQKSOdE3llhyZiMEt+9jDioK3Y/nS5Yqc8fFujNQZBQA6Qg61nYZnv0XWFZESRJGF8jRT0oYL6s8I42bEB8sDZuSREhIMj4422T4avfMaJN+0u+/sHqpLj7tMMgbfiaQhl5iEIsqn1VqTAYIAbqpF4AU0zdLc/u0vY1h+q9bZ3LHaMVbU359NKM+mIqBl8AMC0pAY6Lj94/iYsie+AHCqI3XnTB1U/pyQJERfJoN/wLDjweKjBpTZh1bFynT2R4QXMSLnNbzsP7N8i4PQ5WswK1Iv1nQhI/Kln9AFQQW^&#
08-06 16:55:46.109 13053 13053 I RegisteredServicesCache: current user: 0, is managed profile : false
08-06 16:55:46.109  7458  8112 W PreviewDisappear: 2 getIcon entry: com.miui.home.launcher.graphics.DrawableInfo@6ebd7fd
08-06 16:55:46.109  7458  8112 W PreviewDisappear: applyCacheEntry entry: com.miui.home.launcher.graphics.drawable.LayerAdaptiveIconDrawable@8e83cf2
08-06 16:55:46.109  7458  8112 W PreviewDisappear: getIconDrawable finally drawable: com.miui.home.launcher.graphics.drawable.LayerAdaptiveIconDrawable@8e83cf2
08-06 16:55:46.111 13053 13053 I RegisteredAidCache: updateRoutingLocked(false): Enter
08-06 16:55:46.111 13053 13053 I AidRoutingManager: configureRouting(false): Enter
08-06 16:55:46.112 13053 13053 E AidRoutingManager: Size of routing table970
08-06 16:55:46.112 13053 13053 I RegisteredAidCache: updateRoutingLocked(false): exit
08-06 16:55:46.113 13053 13053 I libnfc_nci: [INFO:NativeT4tNfcee.cpp(870)] nfcManager_isFwSupportNonStdT4TAid Enter isFwSupport = 1
08-06 16:55:46.113 13053 13053 I libnfc_nci: [INFO:SecureElement.cpp(1487)] SecureElement::getEseHandleFromGenericId: enter; ESE-ID = 0x7F
08-06 16:55:46.113 13053 13053 I libnfc_nci: [INFO:SecureElement.cpp(1528)] SecureElement::getEseHandleFromGenericId: enter; ESE-Handle = 0x410
08-06 16:55:46.113 13053 13053 I libnfc_nci: [INFO:SecureElement.cpp(1487)] SecureElement::getEseHandleFromGenericId: enter; ESE-ID = 0x00
08-06 16:55:46.113 13053 13053 I libnfc_nci: [INFO:SecureElement.cpp(1528)] SecureElement::getEseHandleFromGenericId: enter; ESE-Handle = 0x400
08-06 16:55:46.115 13710 15441 I VideoBoxUtils: isSupportVideoBox: true
08-06 16:55:46.115  7800 12919 I SecureElement-Terminal-eSE1: isSecureElementPresent()
08-06 16:55:46.115 13710 15441 W ContextImpl: Calling a method in the system process without a qualified user: android.app.ContextImpl.sendBroadcast:1275 android.content.ContextWrapper.sendBroadcast:527 d7.e.f:24 d7.e.c:0 d7.e$c$a.run:18 
08-06 16:55:46.115  2474 10058 W ActivityManagerServiceImpl: Sending non-protected broadcast com.miui.gamebooster.UNINSTALLAPP from system 13710:com.miui.securitycenter.remote/1000 pkg com.miui.securitycenter. Callers=
08-06 16:55:46.115  7464  9896 I htmlviewercloudcontrol: isStagingEnv:false param =  fps_group_config  uriMatch = 2, cluster: cn, version: 569290, traceId: edf791a3c2f0f49177c2934c6d2002a2, regId: +4z3RS85+e2U9l+sd6caQ/srGmJCsEbKpG1twyPn1K0CrNNyxYT/yAgGVxm5X+yC
08-06 16:55:46.116  1774  1774 I android.hardware.secure_element-service.qti: isCardPresent
08-06 16:55:46.116  1774  1774 I android.hardware.secure_element-service.qti: isCardPresent exit, cardPresent: 1
08-06 16:55:46.117  2474  7257 I MiuiNetworkPolicy: updateUidState uid = 6110, uidState = 19
08-06 16:55:46.118  2474  2664 W EnhancedConfirmationService: The packageName should not be null.
08-06 16:55:46.118  2474  2664 W MagnificationConnectionManager: requestConnection duplicated request: connect=false, mConnectionState=DISCONNECTED
08-06 16:55:46.119  7505  7537 I PermissionControllerServiceImpl: Updating user sensitive for uid 10348
