08-06 16:56:00.916  2474  4292 I SmartPower: com.google.android.webview:sandboxed_process0:org.chromium.content.app.SandboxedPr-1->background(0ms) R(become background) adj=-10000.
08-06 16:56:00.917  1775 10171 I sensors-hal: handle_resp_cb:220, resp_value = 0 for gyro_cal before acuiring the lock _cal_mutex
08-06 16:56:00.917  1775  1775 I sensors-hal: send_sync_sensor_request:560, wait for notification of response
08-06 16:56:00.917  1775 10171 I sensors-hal: qsh_conn_resp_cb:886, resp_value = 0 for gyro 
08-06 16:56:00.918  1775  1775 I sensors-hal: send_sync_sensor_request:566, takes 0 ms to receive the response with 0
08-06 16:56:00.918  1775  1775 I sensors-hal: activate:119, android.sensor.gyroscope/41 en=1 completed
08-06 16:56:00.918  2474  4311 I MiSensorServiceImpl: user found in check list, getPackageName  android.view.OrientationEventListener
08-06 16:56:00.918  2474  4311 I MiSensorServiceImpl: user found in check list, getPackageName  android.view.OrientationEventListener
08-06 16:56:00.918  2474  4311 I MiSensorServiceImpl: user found in check list, getPackageName  android.view.OrientationEventListener
08-06 16:56:00.918  2474  8755 W ContentProviderHelper: Permission Denial: opening provider com.miui.home.launcher.LauncherProvider from ProcessRecord{16b0349 31148:com.p1.mobile.putong/u0a348} (pid=31148, uid=10348) requires com.android.launcher.permission.READ_SETTINGS or com.android.launcher.permission.WRITE_SETTINGS
08-06 16:56:00.919  1843  3496 I vendor.qti.hardware.display.composer-service: Sensor: notify citsensorservice to trigger cwb, misForced = 0
08-06 16:56:00.920  1865  1865 I vendor.qti.hardware.servicetrackeraidl-service: bindService is called for service : com.p1.mobile.putong/org.chromium.content.app.SandboxedProcessService0:0 and for client com.p1.mobile.putong
08-06 16:56:00.920  3050  4554 I libsensor-parseRGB: request dump start for mRequestDisplayId 0
08-06 16:56:00.920  2474  4311 I MiSensorServiceImpl: user found in check list, getPackageName  android.view.OrientationEventListener
08-06 16:56:00.920  1865  1865 I vendor.qti.hardware.servicetrackeraidl-service: total connections for service : com.p1.mobile.putong/org.chromium.content.app.SandboxedProcessService0:0are :1
08-06 16:56:00.920  1865  1865 I vendor.qti.hardware.servicetrackeraidl-service: total connections for client : com.p1.mobile.putongare :8
08-06 16:56:00.923  2474  4311 I MiSensorServiceImpl: user found in check list, getPackageName  android.view.OrientationEventListener
08-06 16:56:00.926 16677 16707 I om.getsurfboard: This is sticky GC, maxfree is 16777216 minfree is 8388608
08-06 16:56:00.927  3050  4560 I libsensor-boledalgo: dbv:406,lux:221.9,cct:6312.9,hsv:-1.0,dc:0CWB R:118989.9,G:117636.9,B:108639.1Event C:18971.1,R:10567.8,G:6451.6,B:3871.0Cali C:4174.7,R:2466.3,G:1284.4,B:705.1 
08-06 16:56:00.927  2474  8186 I NetworkBoostStatusManager: handle: 102
08-06 16:56:00.928  2474  8186 I NetworkBoostStatusManager: interfaceOnCapabilitiesChanged interface name:wlan0
08-06 16:56:00.929  2474  4311 I MiSensorServiceImpl: user found in check list, getPackageName  android.view.OrientationEventListener
08-06 16:56:00.931 31148 31148 W chromium: [WARNING:android_webview/browser/network_service/net_helpers.cc:143] HTTP Cache size is: 20971520
08-06 16:56:00.932  2474  4311 I MiSensorServiceImpl: user found in check list, getPackageName  android.view.OrientationEventListener
08-06 16:56:00.932  2474  4311 I MiSensorServiceImpl: user found in check list, getPackageName  android.view.OrientationEventListener
08-06 16:56:00.932  2474  4311 I MiSensorServiceImpl: user found in check list, getPackageName  android.view.OrientationEventListener
08-06 16:56:00.933  2474  2750 I ActivityManager: Start proc 10177:com.google.android.webview:sandboxed_process0:org.chromium.content.app.SandboxedProcessService0:0/u0i11 for  {com.p1.mobile.putong/org.chromium.content.app.SandboxedProcessService0:0} caller=com.p1.mobile.putong
08-06 16:56:00.933  1878  1878 E qspmHal : setAppInfoH atPid = 10177, gpuFname:com.p1.mobile.putong, gpuFver:7204168331
08-06 16:56:00.934  7856  8556 E PhoneAdapter: get ntnphones failed, exception: java.lang.IllegalStateException: Default phones haven't been made yet!
08-06 16:56:00.935  1865  1865 I vendor.qti.hardware.servicetrackeraidl-service: bindService is called for service : com.google.android.gms/.chimera.GmsBoundBrokerService and for client com.p1.mobile.putong
08-06 16:56:00.935  1865  1865 I vendor.qti.hardware.servicetrackeraidl-service: total connections for service : com.google.android.gms/.chimera.GmsBoundBrokerServiceare :4
08-06 16:56:00.935  1865  1865 I vendor.qti.hardware.servicetrackeraidl-service: total connections for client : com.p1.mobile.putongare :9
08-06 16:56:00.935  2474  4311 I MiSensorServiceImpl: user found in check list, getPackageName  android.view.OrientationEventListener
08-06 16:56:00.937  2474  7378 E HyperSentinel: -------------------------------------------------------
08-06 16:56:00.937  2474  7378 E HyperSentinel: Event_ResidentSize
08-06 16:56:00.937  2474  7378 E HyperSentinel: -> audit event by proc 31148 "usap64": RSS increasement, peak 232004kb -> 348120kb
08-06 16:56:00.937  2474  7377 E MiuiSentinelMemoryManager: getRSSinfo: usap64#31148
08-06 16:56:00.938  2474  4311 I MiSensorServiceImpl: user found in check list, getPackageName  android.view.OrientationEventListener
08-06 16:56:00.938 10177 10177 E libc    : SetHeapTaggingLevel: re-enabling tagging after it was disabled is not supported
08-06 16:56:00.939  2474  7377 W MiuiSentinelMemoryManager: The current process type does not meet reporting requirements
08-06 16:56:00.940 15038 15038 I NetBusNetworkMonitor: onCapabilitiesChanged isPrimary = true
08-06 16:56:00.941  2474  7258 E WifiScoreReportInjector: current network is in roaming environment
08-06 16:56:00.943 15038 15038 I NetBusNetworkMonitor: gateway=192.*.*.1
08-06 16:56:00.943  2474  4311 I MiSensorServiceImpl: user found in check list, getPackageName  android.view.OrientationEventListener
08-06 16:56:00.943  2474  4311 I MiSensorServiceImpl: user found in check list, getPackageName  android.view.OrientationEventListener
08-06 16:56:00.944 10177 10177 I ocessService0:0: Using CollectorTypeCC GC.
08-06 16:56:00.944  3050  4604 E libsensor-parseRGB: CWB NotifyCWBBufferDone  error 0
08-06 16:56:00.946  2474  4311 I MiSensorServiceImpl: user found in check list, getPackageName  android.view.OrientationEventListener
08-06 16:56:00.947  2474  4311 I MiSensorServiceImpl: user found in check list, getPackageName  android.view.OrientationEventListener
08-06 16:56:00.948 10076 10076 I MultiDex: VM with version 2.1.0 has multidex support
08-06 16:56:00.948 10076 10076 I MultiDex: Installing application
08-06 16:56:00.948 10076 10076 I MultiDex: VM has multidex support, MultiDex support library is disabled.
08-06 16:56:00.948 10177 10177 E ocessService0:0: Not starting debugger since process cannot load the jdwp agent.
08-06 16:56:00.949  1865  1865 I vendor.qti.hardware.servicetrackeraidl-service: bindService is called for service : com.google.android.webview/org.chromium.android_webview.services.ComponentsProviderService and for client com.p1.mobile.putong
08-06 16:56:00.949  1865  1865 I vendor.qti.hardware.servicetrackeraidl-service: total connections for service : com.google.android.webview/org.chromium.android_webview.services.ComponentsProviderServiceare :1
08-06 16:56:00.949  1865  1865 I vendor.qti.hardware.servicetrackeraidl-service: total connections for client : com.p1.mobile.putongare :10
08-06 16:56:00.949 15038 15038 I NetBusNetworkMonitor: addConnectNetworkInterface mediumType:256, detail:NetworkDetailInfo{mIsConnected=false, mIsSupportTdls=true, mNetworkType=0, mIpAddress=192.*.*.11, mIfName=wlan0, mGateway=192.*.*.1, mNetmask=255.*.*.0, mSsid=C**01}
08-06 16:56:00.950 15038 15038 I NetBusNetworkMonitor: onCapabilitiesChanged handle=445787328525, mediumType=256, ifName=wlan0
08-06 16:56:00.951  2474  4311 I MiSensorServiceImpl: user found in check list, getPackageName  android.view.OrientationEventListener
08-06 16:56:00.952  1865  1865 I vendor.qti.hardware.servicetrackeraidl-service: bindService is called for service : com.google.android.gms/.chimera.GmsBoundBrokerService and for client com.p1.mobile.putong
08-06 16:56:00.952  1865  1865 I vendor.qti.hardware.servicetrackeraidl-service: total connections for service : com.google.android.gms/.chimera.GmsBoundBrokerServiceare :4
08-06 16:56:00.952  1865  1865 I vendor.qti.hardware.servicetrackeraidl-service: total connections for client : com.p1.mobile.putongare :10
08-06 16:56:00.953  2474  4311 I MiSensorServiceImpl: user found in check list, getPackageName  android.view.OrientationEventListener
08-06 16:56:00.954 15678 15886 I HeavyPackageIdentify: splitMode: false, splitPackages: null, foregroundPkg: com.p1.mobile.putong
08-06 16:56:00.955  1865  1865 I vendor.qti.hardware.servicetrackeraidl-service: bindService is called for service : com.google.android.gms/.chimera.PersistentDirectBootAwareApiService and for client com.p1.mobile.putong
08-06 16:56:00.955  1865  1865 I vendor.qti.hardware.servicetrackeraidl-service: total connections for service : com.google.android.gms/.chimera.PersistentDirectBootAwareApiServiceare :6
08-06 16:56:00.955  1865  1865 I vendor.qti.hardware.servicetrackeraidl-service: total connections for client : com.p1.mobile.putongare :10
08-06 16:56:00.955  2474  4311 I MiSensorServiceImpl: user found in check list, getPackageName  android.view.OrientationEventListener
08-06 16:56:00.958  2474  4311 I MiSensorServiceImpl: user found in check list, getPackageName  android.view.OrientationEventListener
08-06 16:56:00.958 10177 10177 I MessageMonitor: Load libmiui_runtime
08-06 16:56:00.960  2474  4311 I MiSensorServiceImpl: user found in check list, getPackageName  android.view.OrientationEventListener
08-06 16:56:00.962 10076 10076 I fb-UnpackingSoSource: dso store is up-to-date: /data/user/0/com.p1.mobile.putong/lib-main
08-06 16:56:00.963  2474  4311 I MiSensorServiceImpl: user found in check list, getPackageName  android.view.OrientationEventListener
08-06 16:56:00.965  2474  4311 I MiSensorServiceImpl: user found in check list, getPackageName  android.view.OrientationEventListener
08-06 16:56:00.969  2474  4311 I MiSensorServiceImpl: user found in check list, getPackageName  android.view.OrientationEventListener
08-06 16:56:00.969  2474  7257 I MiuiNetworkPolicy: updateUidState uid = 99011, uidState = 19
08-06 16:56:00.970  2474  7378 E HyperSentinel: -------------------------------------------------------
08-06 16:56:00.970  2474  7378 E HyperSentinel: Event_ThreadAmount
08-06 16:56:00.970  2474  7378 E HyperSentinel: -> audit event by proc 31148 "usap64": running threads amount, 122 -> 188
08-06 16:56:00.970  2474  2646 E SSRU-RUS: Don't have packages for uid 99011
08-06 16:56:00.971 31148  9866 E BeatlesReportInfo: saveConfig success! type:exception rate:100
08-06 16:56:00.971 31148  9866 E BeatlesReportInfo: saveConfig success! type:block rate:100
08-06 16:56:00.971 31148  9866 E BeatlesReportInfo: saveConfig success! type:crash rate:100
08-06 16:56:00.972 10177 10177 E MQSEventManagerDelegate: failed to get MQSService.
08-06 16:56:00.972 10177 10177 W ActivityThread: registerApplicationScoutThread result:false
08-06 16:56:00.972 10177 10177 I JavaheapMonitor: Java heap monitor start.
08-06 16:56:00.972  2474  4311 I MiSensorServiceImpl: user found in check list, getPackageName  android.view.OrientationEventListener
08-06 16:56:00.972  2474  4311 I MiSensorServiceImpl: user found in check list, getPackageName  android.view.OrientationEventListener
08-06 16:56:00.975  2474  4311 I MiSensorServiceImpl: user found in check list, getPackageName  android.view.OrientationEventListener
08-06 16:56:00.976 10177 10218 E MQSEventManagerDelegate: failed to get MQSService.
08-06 16:56:00.976 10177 10218 W MQSEventManagerDelegate: getReportAppLaunch getMQSService null
08-06 16:56:00.978  2474  4311 I MiSensorServiceImpl: user found in check list, getPackageName  android.view.OrientationEventListener
08-06 16:56:00.979  2474  2474 W AccessibilityManagerService:  wait for adding window timeout: 198
08-06 16:56:00.981  2474  4311 I MiSensorServiceImpl: user found in check list, getPackageName  android.view.OrientationEventListener
08-06 16:56:00.982  2474  4311 I MiSensorServiceImpl: user found in check list, getPackageName  android.view.OrientationEventListener
08-06 16:56:00.983 10177 10177 I LoadedApk: No resource references to update in package com.google.android.trichromelibrary
08-06 16:56:00.984 31148 10222 I CameraManagerGlobal: Connecting to camera service
08-06 16:56:00.984 10177 10177 I cr_WebViewApkApp: version=138.0.7204.168 (720416833) minSdkVersion=29 isBundle=false processName=com.google.android.webview:sandboxed_process0:org.chromium.content.app.SandboxedProcessService0:0
08-06 16:56:00.985  2474  4311 I MiSensorServiceImpl: user found in check list, getPackageName  android.view.OrientationEventListener
08-06 16:56:00.985 10177 10177 I JavaheapMonitor: Java heap monitor start in pkg: com.p1.mobile.putong
08-06 16:56:00.985 10177 10217 E ForceDarkHelperStubImpl: getForceDarkOriginState transact failed , mService: null
08-06 16:56:00.985 10177 10217 I ForceDarkHelperStubImpl: initialize for com.p1.mobile.putong , ForceDarkOrigin
08-06 16:56:00.989  1865  1865 I vendor.qti.hardware.servicetrackeraidl-service: bindService is called for service : com.google.android.gms/.ads.identifier.service.AdvertisingIdService and for client com.google.android.gms
08-06 16:56:00.989  1865  1865 I vendor.qti.hardware.servicetrackeraidl-service: total connections for service : com.google.android.gms/.ads.identifier.service.AdvertisingIdServiceare :1
08-06 16:56:00.989  1865  1865 I vendor.qti.hardware.servicetrackeraidl-service: total connections for client : com.google.android.gmsare :9
08-06 16:56:00.988  2474  4311 I MiSensorServiceImpl: user found in check list, getPackageName  android.view.OrientationEventListener
08-06 16:56:00.990  2474  4292 W OptProp : Cannot read opt property android.window.PROPERTY_COMPAT_ALLOW_ORIENTATION_OVERRIDE
08-06 16:56:00.990 10177 10217 I MiuiForceDarkConfig: setConfig density:3.000000, mainRule:0, secondaryRule:0, tertiaryRule:0
08-06 16:56:00.990  2474  4311 I MiSensorServiceImpl: user found in check list, getPackageName  android.view.OrientationEventListener
08-06 16:56:00.990 13710 23389 W Binder  : Caught a RuntimeException from the binder stub implementation.
08-06 16:56:00.990 13710 23389 W Binder  : java.lang.NullPointerException
08-06 16:56:00.990 13710 23389 W Binder  : 	at java.util.Objects.requireNonNull(Objects.java:207)
08-06 16:56:00.990 13710 23389 W Binder  : 	at com.miui.ai.service.OperationListCollectService$h.invoke(Unknown Source:29)
08-06 16:56:00.990 13710 23389 W Binder  : 	at java.lang.reflect.Proxy.invoke(Proxy.java:1006)
08-06 16:56:00.990 13710 23389 W Binder  : 	at $Proxy7.onUidImportance(Unknown Source)
08-06 16:56:00.990 13710 23389 W Binder  : 	at android.app.ActivityManager$MyUidObserver.onUidStateChanged(ActivityManager.java:219)
08-06 16:56:00.990 13710 23389 W Binder  : 	at android.app.IUidObserver$Stub.onTransact(IUidObserver.java:191)
08-06 16:56:00.990 13710 23389 W Binder  : 	at android.os.Binder.execTransactInternal(Binder.java:1512)
08-06 16:56:00.990 13710 23389 W Binder  : 	at android.os.Binder.execTransact(Binder.java:1451)
08-06 16:56:00.992  2474  4292 E ActivityTaskManager: Unable to get servicetracker HAL instance
08-06 16:56:00.992  2474  4292 E ActivityTaskManager: Unable to get servicetracker HAL instance
08-06 16:56:00.992  2474  4292 E WindowManager: setClientVisible ActivityRecord{3617d09 u0 com.lbe.security.miui/com.android.packageinstaller.permission.ui.GrantPermissionsActivity true
08-06 16:56:00.992  2474  4292 W OptProp : Cannot read opt property android.window.PROPERTY_COMPAT_ALLOW_RESIZEABLE_ACTIVITY_OVERRIDES
08-06 16:56:00.992  2474  4311 I MiSensorServiceImpl: user found in check list, getPackageName  android.view.OrientationEventListener
08-06 16:56:00.992  2474  4292 W OptProp : Cannot read opt property android.window.PROPERTY_COMPAT_ALLOW_MIN_ASPECT_RATIO_OVERRIDE
08-06 16:56:00.993  2474  4292 I AnimInterruptController: FIS notify Foresee interrupt start:111
08-06 16:56:00.993  2474  4292 I ActivityTaskManager: isKeyguardEditor: false, newTransition: TransitionRecord{c2bc94b id=112 type=OPEN flags=0x0}
08-06 16:56:00.993  2474  4292 I SmartPower: com.lbe.security.miui:ui/10207(5334): background->invisible(876202ms) R(become foreground) adj=935.
08-06 16:56:00.993  2474  4292 I SmartPower: com.lbe.security.miui/10207(10308): background->invisible(876202ms) R(become foreground) adj=200.
08-06 16:56:00.993 10177 10217 I ActivityThread: Miui Feature Init done
08-06 16:56:00.995  7177 10229 I AdvertisingIdClient: shouldSendLog 394275289
08-06 16:56:00.995  7177 10229 I AdvertisingIdClient: GetInfoInternal elapse 8ms
08-06 16:56:00.995  1850  1933 E ANDR-PERF-UTIL: ANDR-PERF-UTIL: save_node_val() 366: Failed to read /sys/class/mmc_host/mmc0/clk_scaling/enable
08-06 16:56:00.995  1850  1933 E ANDR-PERF-OPTSHANDLER: ANDR-PERF-OPTSHANDLER: modify_sysfsnode() 1266: Failed to read /sys/class/mmc_host/mmc0/clk_scaling/enable
08-06 16:56:00.995  1850  1933 E ANDR-PERF-RESOURCEQS: ANDR-PERF-RESOURCEQS: AddAndApply() 167: Failed to apply optimization [11, 4]
08-06 16:56:00.995  2474  4311 I MiSensorServiceImpl: user found in check list, getPackageName  android.view.OrientationEventListener
08-06 16:56:00.996  1850  9924 E ANDR-PERF-LM: MetaMeter: handleAsync() 166: AdaptLaunch Invalid Async
08-06 16:56:00.998  2474  4292 I WindowManager: Try to add startingWindow type = STARTING_WINDOW_TYPE_NONE this = ActivityRecord{3617d09 u0 com.lbe.security.miui/com.android.packageinstaller.permission.ui.GrantPermissionsActivity t265} preAllowTaskSnapshot = true afterAllowTaskSnapshot = true newTask = false taskSwitch = false processRunning = true activityCreated = false activityAllDrawn = false isSnapshotCompatible = false resolvedTheme = 0 theme = 2131821096
08-06 16:56:00.999  1850  1933 E ANDR-PERF-UTIL: ANDR-PERF-UTIL: save_node_val() 366: Failed to read /sys/class/mmc_host/mmc0/clk_scaling/enable
08-06 16:56:00.999  1850  1933 E ANDR-PERF-OPTSHANDLER: ANDR-PERF-OPTSHANDLER: modify_sysfsnode() 1266: Failed to read /sys/class/mmc_host/mmc0/clk_scaling/enable
08-06 16:56:00.999  1850  1933 E ANDR-PERF-RESOURCEQS: ANDR-PERF-RESOURCEQS: AddAndApply() 167: Failed to apply optimization [11, 4]
08-06 16:56:00.999  2474  4311 I MiSensorServiceImpl: user found in check list, getPackageName  android.view.OrientationEventListener
08-06 16:56:00.999  2474  4292 E ActivityTaskManager: Unable to get servicetracker HAL instance
08-06 16:56:01.000  2474  4311 I MiSensorServiceImpl: user found in check list, getPackageName  android.view.OrientationEventListener
08-06 16:56:01.000  2474  4292 I ActivityTaskManager: START u0 {act=android.content.pm.action.REQUEST_PERMISSIONS pkg=com.lbe.security.miui cmp=com.lbe.security.miui/com.android.packageinstaller.permission.ui.GrantPermissionsActivity (has extras)} with LAUNCH_MULTIPLE from uid 10348 from pid 31148 callingPackage com.p1.mobile.putong (BAL_ALLOW_VISIBLE_WINDOW) result code=0
08-06 16:56:01.001  2474  2646 E SSRU-RUS: Don't have packages for uid 99011
08-06 16:56:01.002  2474  7257 I MiuiNetworkPolicy: updateUidState uid = 99011, uidState = 3
08-06 16:56:01.002  2474  4311 I MiSensorServiceImpl: user found in check list, getPackageName  android.view.OrientationEventListener
08-06 16:56:01.005  1865  1865 I vendor.qti.hardware.servicetrackeraidl-service: bindService is called for service : com.p1.mobile.putong/com.tantanapp.push.jiguang.PushService and for client com.p1.mobile.putong:pushcore
08-06 16:56:01.005  1865  1865 I vendor.qti.hardware.servicetrackeraidl-service: total connections for service : com.p1.mobile.putong/com.tantanapp.push.jiguang.PushServiceare :2
08-06 16:56:01.005  1865  1865 I vendor.qti.hardware.servicetrackeraidl-service: total connections for client : com.p1.mobile.putong:pushcoreare :1
08-06 16:56:01.005  2474  4311 I MiSensorServiceImpl: user found in check list, getPackageName  android.view.OrientationEventListener
08-06 16:56:01.005  7890  8057 I SoScStageCoordinator: Transition requested:TransitionRequestInfo { type = OPEN, triggerTask = TaskInfo{userId=0 taskId=265 displayId=0 isRunning=true baseIntent=Intent { act=android.intent.action.MAIN cat=[android.intent.category.LAUNCHER] flg=0x10000000 cmp=com.p1.mobile.putong/.ui.splash.SplashProxyAct } baseActivity=ComponentInfo{com.p1.mobile.putong/com.p1.mobile.putong.ui.splash.SplashProxyAct} topActivity=ComponentInfo{com.lbe.security.miui/com.android.packageinstaller.permission.ui.GrantPermissionsActivity} origActivity=null realActivity=ComponentInfo{com.p1.mobile.putong/com.p1.mobile.putong.ui.splash.SplashProxyAct} numActivities=2 lastActiveTime=395185321 supportsSplitScreenMultiWindow=true supportsMultiWindow=true resizeMode=1 isResizeable=true minWidth=-1 minHeight=-1 defaultMinSize=200 token=WCT{android.window.IWindowContainerToken$Stub$Proxy@6960860} topActivityType=1 pictureInPictureParams=null shouldDockBigOverlays=false launchIntoPipHostTaskId=-1 lastParentTaskIdBeforePip=-1 displayCutoutSafeInsets=Rect(0, 116 - 0, 0) topActivityInfo=ActivityInfo{eaf0119 com.android.packageinstaller.permission.ui.GrantPermissionsActivity} launchCookies=[] positionInParent=Point(0, 0) parentTaskId=-1 isFocused=true isVisible=true isVisibleRequested=true isSleeping=false locusId=null displayAreaFeatureId=1 isTopActivityTransparent=true appCompatTaskInfo=AppCompatTaskInfo { topActivityInSizeCompat=false topActivityInMiuiSizeCompat=false topActivityEligibleForLetterboxEducation= falseisLetterboxEducationEnabled= false isLetterboxDoubleTapEnabled= false topActivityEligibleForUserAspectRatioButton= false topActivityBoundsLetterboxed= false isFromLetterboxDoubleTap= false topActivityLetterboxVerticalPosition= -1 topActivityLetterboxHorizontalPosition= -1 topActivityLetterboxWidth=1200 topActivityLetterboxHeight=2670 isUserFullscreenOverrideEnabled=false isSystemFullscreenOverrideEnabled=false cameraCompatTaskInfo=CameraCompatTaskInfo { cameraCompatControlState=hidden freeformCameraCompatMode=inactive}} isImmersive=false mTopActivityRequestOrientation=1 mBehindAppLockPkg=null mOriginatingUid=0 isEmbedded=false shouldBeVisible=true isCreatedByOrganizer=false mIsCastMode=false mTopActivityMediaSize=null mTopActivityRecordName=ActivityRecord{3617d09 u0 com.lbe.security.miui/com.android.packageinstaller.permission.ui.GrantPermissionsActivity t265} mTopActivityOrientation=-2}, pipTask = null, remoteTransition = null, displayChange = null, flags = 0, debugId = 112 } isSoScActive:false triggerTask:TaskInfo{userId=0 taskId=265 displayId=0 isRunning=true baseIntent=Intent { act=android.intent.action.MAIN cat=[android.intent.category.LAUNCHER] flg=0x10000000 cmp=com.p1.mobile.putong/.ui.splash.SplashProxyAct } baseActivity=ComponentInfo{com.p1.mobile.putong/com.p1.mobile.putong.ui.splash.SplashProxyAct} topActivity=ComponentInfo{com.lbe.security.miui/com.android.packageinstaller.permission.ui.GrantPermissionsActivity} origActivity=null realActivity=ComponentInfo{com.p1.mobile.putong/com.p1.mobile.putong.ui.splash.SplashProxyAct} numActivities=2 lastActiveTime=395185321 supportsSplitScreenMultiWindow=true supportsMultiWindow=true resizeMode=1 isResizeable=true minWidth=-1 minHeight=-1 defaultMinSize=200 token=WCT{android.window.IWindowContainerToken$Stub$Proxy@6960860} topActivityType=1 pictureInPictureParams=null shouldDockBigOverlays=false launchIntoPipHostTaskId=-1 lastParentTaskIdBeforePip=-1 displayCutoutSafeInsets=Rect(0, 116 - 0, 0) topActivityInfo=ActivityInfo{eaf0119 com.android.packageinstaller.permission.ui.GrantPermissionsActivity} launchCookies=[] positionInParent=Point(0, 0) parentTaskId=-1 isFocused=true isVisible=true isVisibleRequested=true isSleeping=false locusId=null displayAreaFeatureId=1 isTopActivityTransparent=true appCompatTaskInfo=AppCompatTaskInfo { topActivityInSizeCompat=false topActivityInMiuiSizeCompat=false topActivityEligibleForLetterboxEducation= falseisLetterboxEducationEnabled= false isLetterboxDoubleTapEnabled= false topActivityEligibleForUserAspectRatioButton= false topActi
08-06 16:56:01.005  7823  7981 I DynamicDDSService: handleMessage(ACTIVITY_INVOKE{appInfo=com.lbe.security.miui isFullScreen=}true)
08-06 16:56:01.006  2474  2641 I ClipboardServiceI: checkProviderWakePathForClipboard: primaryClip is null
08-06 16:56:01.007  2474  7257 I MiuiNetworkPolicy: updateUidState uid = 10143, uidState = 3
08-06 16:56:01.008 16677 15856 W surfboard: (0x00000264) on_tcp_write_shutdown: UV_ENOTCONN, close tcp connection
08-06 16:56:01.008  2474  4311 I MiSensorServiceImpl: user found in check list, getPackageName  android.view.OrientationEventListener
08-06 16:56:01.008  7890  8057 I MiuiBubbleController: removeBubble: 265 reason=2
08-06 16:56:01.008  7890  8057 I MultiTaskingTaskRepository: onTaskInfoChanged multi list = [], full = [265, 257, 254]
08-06 16:56:01.009  1865  1865 I vendor.qti.hardware.servicetrackeraidl-service: unbindService is called for service : com.google.android.webview/org.chromium.android_webview.services.VariationsSeedServer and for client com.p1.mobile.putong
08-06 16:56:01.009  1865  1865 I vendor.qti.hardware.servicetrackeraidl-service: size of service connections for service: com.google.android.webview/org.chromium.android_webview.services.VariationsSeedServerafter removal is 0
08-06 16:56:01.009  1865  1865 I vendor.qti.hardware.servicetrackeraidl-service: size of client connections for client: com.p1.mobile.putongafter removal is 9
08-06 16:56:01.009  1865  1865 I vendor.qti.hardware.servicetrackeraidl-service: destroyService is called for service : com.google.android.webview/org.chromium.android_webview.services.VariationsSeedServer
08-06 16:56:01.010  2474  4311 I MiSensorServiceImpl: user found in check list, getPackageName  android.view.OrientationEventListener
08-06 16:56:01.010  2474  7257 I MiuiNetworkPolicyTrafficLimit: updateWhiteListUidForMobileTraffic uid=10143,add=true
08-06 16:56:01.010  2036  2036 I BpBinder: onLastStrongRef automatically unlinking death recipients: 
08-06 16:56:01.012 10177 10177 I cr_ChildProcessService: Creating new ChildProcessService pid=10177
08-06 16:56:01.012  2474  4311 I MiSensorServiceImpl: user found in check list, getPackageName  android.view.OrientationEventListener
08-06 16:56:01.013  1865  1865 I vendor.qti.hardware.servicetrackeraidl-service: bindService is called for service : com.android.vending/com.google.android.finsky.externalreferrer.GetInstallReferrerService and for client com.google.android.gms
08-06 16:56:01.013  1865  1865 I vendor.qti.hardware.servicetrackeraidl-service: total connections for service : com.android.vending/com.google.android.finsky.externalreferrer.GetInstallReferrerServiceare :1
08-06 16:56:01.013  1865  1865 I vendor.qti.hardware.servicetrackeraidl-service: total connections for client : com.google.android.gmsare :10
08-06 16:56:01.014 31148 10222 W libc    : Access denied finding property "vendor.camera.aux.packagelist"
08-06 16:56:01.014 31148 10222 W libc    : Access denied finding property "vendor.camera.aux.packagelistext"
08-06 16:56:01.014 31148 10222 W CameraExtImplXiaoMi: ignore the status update of camera: 2
08-06 16:56:01.015 31148 10222 W libc    : Access denied finding property "vendor.camera.aux.packagelist"
08-06 16:56:01.015  2474  4311 I MiSensorServiceImpl: user found in check list, getPackageName  android.view.OrientationEventListener
08-06 16:56:01.015 31148 10222 W libc    : Access denied finding property "vendor.camera.aux.packagelistext"
08-06 16:56:01.015 31148 10222 W CameraExtImplXiaoMi: ignore the status update of camera: 3
08-06 16:56:01.015 31148 10222 W libc    : Access denied finding property "vendor.camera.aux.packagelist"
08-06 16:56:01.015 31148 10222 W libc    : Access denied finding property "vendor.camera.aux.packagelistext"
08-06 16:56:01.015 31148 10222 W CameraExtImplXiaoMi: ignore the status update of camera: 4
08-06 16:56:01.015 31148 10222 W libc    : Access denied finding property "vendor.camera.aux.packagelist"
08-06 16:56:01.015 31148 10222 W libc    : Access denied finding property "vendor.camera.aux.packagelistext"
08-06 16:56:01.015 31148 10222 W CameraExtImplXiaoMi: ignore the status update of camera: 5
08-06 16:56:01.015 31148 10222 W libc    : Access denied finding property "vendor.camera.aux.packagelist"
08-06 16:56:01.015 31148 10222 W libc    : Access denied finding property "vendor.camera.aux.packagelistext"
08-06 16:56:01.015 31148 10222 W CameraExtImplXiaoMi: ignore the status update of camera: 8
08-06 16:56:01.015  2909  3167 W CameraService: Rejecting access to system only camera 6, inadequete permissions
08-06 16:56:01.016  2909  3167 W CameraService: Rejecting access to system only camera 7, inadequete permissions
08-06 16:56:01.016  2909  3167 W CameraService: Rejecting access to system only camera 7, inadequete permissions
08-06 16:56:01.016  2909  3167 W CameraService: Rejecting access to system only camera 6, inadequete permissions
08-06 16:56:01.016  2909  3167 W CameraService: Rejecting access to system only camera 7, inadequete permissions
08-06 16:56:01.016  2909  3167 W CameraService: Rejecting access to system only camera 7, inadequete permissions
08-06 16:56:01.016 31148 10248 W libc    : Access denied finding property "vendor.mivk_layer.debug"
08-06 16:56:01.016 31148 10248 W libc    : Access denied finding property "vendor.mivk.log.debug"
08-06 16:56:01.017 31148  9765 W libc    : Access denied finding property "vendor.camera.aux.packagelist"
08-06 16:56:01.017 31148  9765 W libc    : Access denied finding property "vendor.camera.aux.packagelistext"
08-06 16:56:01.017 16464 10250 I MCAM_CameraCloudConfig: CloudConfigInfo: {"moduleKey":"camera_dynamic","itemInfo":[]}
08-06 16:56:01.018 31148  9765 W CameraManagerGlobal: ignore the torch status update of camera: 2
08-06 16:56:01.018 31148  9765 W libc    : Access denied finding property "vendor.camera.aux.packagelist"
08-06 16:56:01.018  2474  4311 I MiSensorServiceImpl: user found in check list, getPackageName  android.view.OrientationEventListener
08-06 16:56:01.018 31148  9765 W libc    : Access denied finding property "vendor.camera.aux.packagelistext"
08-06 16:56:01.018 31148  9765 W CameraManagerGlobal: ignore the torch status update of camera: 3
08-06 16:56:01.019 31148  9765 W libc    : Access denied finding property "vendor.camera.aux.packagelist"
08-06 16:56:01.019 31148  9765 W libc    : Access denied finding property "vendor.camera.aux.packagelistext"
08-06 16:56:01.019 31148  9765 W CameraManagerGlobal: ignore the torch status update of camera: 4
08-06 16:56:01.019 16464 10250 W MCAM_CloudDynamicInfoDataSource: Local configuration does not exist.
08-06 16:56:01.020  2474  4311 I MiSensorServiceImpl: user found in check list, getPackageName  android.view.OrientationEventListener
08-06 16:56:01.021 31148  9765 W libc    : Access denied finding property "vendor.camera.aux.packagelist"
08-06 16:56:01.021 31148  9765 W libc    : Access denied finding property "vendor.camera.aux.packagelistext"
08-06 16:56:01.021 31148  9765 W CameraManagerGlobal: ignore the torch status update of camera: 5
08-06 16:56:01.021 31148  9765 W libc    : Access denied finding property "vendor.camera.aux.packagelist"
08-06 16:56:01.022 31148  9765 W libc    : Access denied finding property "vendor.camera.aux.packagelistext"
08-06 16:56:01.022  2474  4311 I MiSensorServiceImpl: user found in check list, getPackageName  android.view.OrientationEventListener
08-06 16:56:01.022 31148  9765 W CameraManagerGlobal: ignore the torch status update of camera: 8
08-06 16:56:01.024  2474  4311 I MiSensorServiceImpl: user found in check list, getPackageName  android.view.OrientationEventListener
08-06 16:56:01.025 31148 31148 I HandWritingStubImpl: refreshLastKeyboardType: 1
08-06 16:56:01.025 31148 31148 I HandWritingStubImpl: getCurrentKeyboardType: 1
08-06 16:56:01.026  2474  4398 I ImeTracker: com.p1.mobile.putong:5175abcc: onRequestHide at ORIGIN_SERVER reason HIDE_UNSPECIFIED_WINDOW fromUser false
08-06 16:56:01.027 16464 10250 I MCAM_MIVIHelper: setInfo2Hal: empty info
08-06 16:56:01.027  2474  4398 I ImeTracker: com.p1.mobile.putong:5175abcc: onCancelled at PHASE_SERVER_SHOULD_HIDE
08-06 16:56:01.027  2474  4398 W SecurityInputMethodSwitcher: first check switch to security ime: false
08-06 16:56:01.027  2474  4398 W SecurityInputMethodSwitcher: double check switch to security ime: false
08-06 16:56:01.027  2474  4398 W SecurityInputMethodSwitcher: switch to other input method from security ime:false mayChangeToMiuiSecurityInputMethod: false current focus window: android.os.BinderProxy@21bd6cc
08-06 16:56:01.028  1865  1865 I vendor.qti.hardware.servicetrackeraidl-service: unbindService is called for service : com.google.android.webview/org.chromium.android_webview.services.MetricsBridgeService and for client com.p1.mobile.putong
08-06 16:56:01.028  1865  1865 I vendor.qti.hardware.servicetrackeraidl-service: size of service connections for service: com.google.android.webview/org.chromium.android_webview.services.MetricsBridgeServiceafter removal is 2
08-06 16:56:01.028  1865  1865 I vendor.qti.hardware.servicetrackeraidl-service: size of client connections for client: com.p1.mobile.putongafter removal is 8
08-06 16:56:01.030  2474  4311 I MiSensorServiceImpl: user found in check list, getPackageName  android.view.OrientationEventListener
08-06 16:56:01.030 31148 31148 I ViewRootImpl: PopupWindow:f3ea598 use first frame acceleration
08-06 16:56:01.030  2474  4311 I MiSensorServiceImpl: user found in check list, getPackageName  android.view.OrientationEventListener
08-06 16:56:01.032  2474  4311 I MiSensorServiceImpl: user found in check list, getPackageName  android.view.OrientationEventListener
08-06 16:56:01.032 31148 31148 I Choreographer: first vsync insert message into MessageQueue Head
08-06 16:56:01.033 10177 10253 I cr_LibraryLoader: Successfully loaded native library
08-06 16:56:01.034  2474  4311 I MiSensorServiceImpl: user found in check list, getPackageName  android.view.OrientationEventListener
08-06 16:56:01.034  1865  1865 I vendor.qti.hardware.servicetrackeraidl-service: bindService is called for service : com.p1.mobile.putong/org.chromium.content.app.SandboxedProcessService0:0 and for client com.p1.mobile.putong
08-06 16:56:01.034  1865  1865 I vendor.qti.hardware.servicetrackeraidl-service: total connections for service : com.p1.mobile.putong/org.chromium.content.app.SandboxedProcessService0:0are :1
08-06 16:56:01.034  1865  1865 I vendor.qti.hardware.servicetrackeraidl-service: total connections for client : com.p1.mobile.putongare :8
08-06 16:56:01.035 10177 10253 I cr_CachingUmaRecorder: Flushed 2 samples from 2 histograms, 0 samples were dropped.
08-06 16:56:01.035  1850  9931 E ANDR-PERF-LM: SAGT_ACTION: UpdateFPSData() 138: update /sys/kernel/sched_penalty/parameters/fps to 90, ret is 0
08-06 16:56:01.036  2474  4311 I MiSensorServiceImpl: user found in check list, getPackageName  android.view.OrientationEventListener
08-06 16:56:01.037 31148 31148 W libc    : Access denied finding property "vendor.gpp.create_frc_extension"
08-06 16:56:01.038  1865  1865 I vendor.qti.hardware.servicetrackeraidl-service: bindService is called for service : com.google.android.gms/.chimera.PersistentApiService and for client com.google.android.gms
08-06 16:56:01.038  2474  4311 I MiSensorServiceImpl: user found in check list, getPackageName  android.view.OrientationEventListener
08-06 16:56:01.039  1865  1865 I vendor.qti.hardware.servicetrackeraidl-service: total connections for service : com.google.android.gms/.chimera.PersistentApiServiceare :6
08-06 16:56:01.039  1865  1865 I vendor.qti.hardware.servicetrackeraidl-service: total connections for client : com.google.android.gmsare :10
08-06 16:56:01.040 14426 15037 W PushService: [Tid:477] Http POST Response Code: 200
08-06 16:56:01.040  1878  1878 I qspmHal : enter getGpuProf at: 2123904272
08-06 16:56:01.041  1878  1878 I qspmHal : Coudn't match the GFX PID 31148 to AT PID 10177. Checking in local cache.
08-06 16:56:01.041  1878  1878 I qspmHal : Found the GFX PID in cache
08-06 16:56:01.041  1878  1878 I qspmHal : gProfName:com.p1.mobile.putong-gpu - gpu prof_info.path:/data/vendor/gaming/com.p1.mobile.putong-gpu
08-06 16:56:01.041  1878  1878 I qspmHal : PID 31148 from GFX matched.
08-06 16:56:01.041  1878  1878 E qspmHal : GPU profile file NOT found !!
08-06 16:56:01.036 31148 31148 W RenderThread: type=1400 audit(0.0:14267): avc:  denied  { getattr } for  path="/sys/module/metis/parameters/minor_window_app" dev="sysfs" ino=74686 scontext=u:r:untrusted_app_30:s0:c92,c257,c512,c768 tcontext=u:object_r:sysfs_migt:s0 tclass=file permissive=0 app=com.p1.mobile.putong
08-06 16:56:01.041 31148 10248 I AdrenoVK-0: ===== BEGIN DUMP OF OVERRIDDEN SETTINGS =====
08-06 16:56:01.041 31148 10248 I AdrenoVK-0: ===== END DUMP OF OVERRIDDEN SETTINGS =====
08-06 16:56:01.043  2474  4311 I MiSensorServiceImpl: user found in check list, getPackageName  android.view.OrientationEventListener
08-06 16:56:01.044  2474  7647 E ActivityTaskManager: Unable to get servicetracker HAL instance
08-06 16:56:01.044  2474  4311 I MiSensorServiceImpl: user found in check list, getPackageName  android.view.OrientationEventListener
08-06 16:56:01.045  2474  7647 I ActivityTaskManager: The Process com.lbe.security.miui:ui Already Exists in BG. So sending its PID: 5334
08-06 16:56:01.045  1850  1933 E ANDR-PERF-UTIL: ANDR-PERF-UTIL: save_node_val() 366: Failed to read /sys/class/mmc_host/mmc0/clk_scaling/enable
08-06 16:56:01.045  1850  1933 E ANDR-PERF-OPTSHANDLER: ANDR-PERF-OPTSHANDLER: modify_sysfsnode() 1266: Failed to read /sys/class/mmc_host/mmc0/clk_scaling/enable
08-06 16:56:01.045  1850  1933 E ANDR-PERF-RESOURCEQS: ANDR-PERF-RESOURCEQS: AddAndApply() 167: Failed to apply optimization [11, 4]
08-06 16:56:01.045 31148 10012 I ContentCatcher: SettingTrigger : unregister status observer com.p1.mobile.putong.ui.splash.SplashProxyAct
08-06 16:56:01.045  2474  7647 E WindowManager: setClientVisible ActivityRecord{3617d09 u0 com.lbe.security.miui/com.android.packageinstaller.permission.ui.GrantPermissionsActivity t265} true
08-06 16:56:01.046  2474  7647 E WindowManager: setClientVisible ActivityRecord{3617d09 u0 com.lbe.security.miui/com.android.packageinstaller.permission.ui.GrantPermissionsActivity t265} true
08-06 16:56:01.046  7890  8057 I MiuiBubbleController: removeBubble: 265 reason=2
08-06 16:56:01.046  7890  8057 I MultiTaskingTaskRepository: onTaskInfoChanged multi list = [], full = [265, 257, 254]
08-06 16:56:01.047  1850  9924 E ANDR-PERF-LM: MetaMeter: handleAsync() 166: AdaptLaunch Invalid Async
08-06 16:56:01.046  2474  2641 W ParceledListSlice: Element #248 is 25752 bytes.
08-06 16:56:01.048  2474  4311 I MiSensorServiceImpl: user found in check list, getPackageName  android.view.OrientationEventListener
08-06 16:56:01.049  2474  7647 E ActivityTaskManager: Unable to get servicetracker HAL instance
08-06 16:56:01.050  2474  7647 I MultiSenceManagerInternalStub: getInstance
08-06 16:56:01.050  5334 12200 I ActivityThread: HardwareRenderer preload  done
08-06 16:56:01.050  5334 12216 I AdrenoGLES-0: QUALCOMM build                   : 0c7c4b37d5, I3988f0db60
08-06 16:56:01.050  5334 12216 I AdrenoGLES-0: Build Date                       : 10/18/24
08-06 16:56:01.050  5334 12216 I AdrenoGLES-0: OpenGL ES Shader Compiler Version: E031.45.02.19
08-06 16:56:01.050  5334 12216 I AdrenoGLES-0: Local Branch                     : 
08-06 16:56:01.050  5334 12216 I AdrenoGLES-0: Remote Branch                    : refs/tags/AU_LINUX_ANDROID_LA.VENDOR.14.3.0.R1.00.00.00.000.168
08-06 16:56:01.050  5334 12216 I AdrenoGLES-0: Remote Branch                    : NONE
08-06 16:56:01.050  5334 12216 I AdrenoGLES-0: Reconstruct Branch               : NOTHING
08-06 16:56:01.050  5334 12216 I AdrenoGLES-0: Build Config                     : S P 16.1.2 AArch64
08-06 16:56:01.050  5334 12216 I AdrenoGLES-0: Driver Path                      : /vendor/lib64/egl/libGLESv2_adreno.so
08-06 16:56:01.050  5334 12216 I AdrenoGLES-0: Driver Version                   : 0762.30
08-06 16:56:01.050  5334 12216 I AdrenoGLES-0: Process Name                     : com.lbe.security.miui:ui
08-06 16:56:01.052  2474  7647 I BLASTSyncEngine: SyncGroup 112:  Unfinished container:ActivityRecord{3617d09 u0 com.lbe.security.miui/com.android.packageinstaller.permission.ui.GrantPermissionsActivity t265}
08-06 16:56:01.052  2474  7647 I BLASTSyncEngine: isActivitySyncFinished isSyncFinished false ActivityRecord{3617d09 u0 com.lbe.security.miui/com.android.packageinstaller.permission.ui.GrantPermissionsActivity t265}
08-06 16:56:01.052  2474  7647 I BLASTSyncEngine: SyncGroup 112:  Unfinished container:ActivityRecord{3617d09 u0 com.lbe.security.miui/com.android.packageinstaller.permission.ui.GrantPermissionsActivity t265}
08-06 16:56:01.052  2474  7647 I BLASTSyncEngine: isActivitySyncFinished isSyncFinished false ActivityRecord{3617d09 u0 com.lbe.security.miui/com.android.packageinstaller.permission.ui.GrantPermissionsActivity t265}
08-06 16:56:01.052  2474  2655 I BLASTSyncEngine: SyncGroup 112:  Unfinished container:ActivityRecord{3617d09 u0 com.lbe.security.miui/com.android.packageinstaller.permission.ui.GrantPermissionsActivity t265}
08-06 16:56:01.052  2474  2655 I BLASTSyncEngine: isActivitySyncFinished isSyncFinished false ActivityRecord{3617d09 u0 com.lbe.security.miui/com.android.packageinstaller.permission.ui.GrantPermissionsActivity t265}
08-06 16:56:01.054  2474  2655 I WindowManager: wms.showSurfaceRobustly mWin:Window{d33486e u0 PopupWindow:f3ea598}
08-06 16:56:01.054  1850  1933 E ANDR-PERF-RESOURCEQS: ANDR-PERF-RESOURCEQS: AddAndApply() 167: Failed to apply optimization [10, 8]
08-06 16:56:01.055 10177 10253 W chromium: [WARNING:content/child/runtime_features.cc:556] Fenced frames cannot be enabled in this configuration. Use --enable-features=FencedFrames instead.
08-06 16:56:01.055 10177 10253 W chromium: [WARNING:content/child/runtime_features.cc:581] Topics cannot be enabled in this configuration. Use --enable-features=BrowsingTopics in addition.
08-06 16:56:01.055 10177 10253 W chromium: [WARNING:content/child/runtime_features.cc:602] SharedStorage cannot be enabled in this configuration. Use --enable-features=SharedStorageAPI in addition.
08-06 16:56:01.056  2474  2652 I Location.SSRU: foregroundActivities IS trueUID ID 10207, home is false
08-06 16:56:01.056  1865  1865 I vendor.qti.hardware.servicetrackeraidl-service: unbindService is called for service : com.google.android.webview/org.chromium.android_webview.services.ComponentsProviderService and for client com.p1.mobile.putong
08-06 16:56:01.056  1865  1865 I vendor.qti.hardware.servicetrackeraidl-service: size of service connections for service: com.google.android.webview/org.chromium.android_webview.services.ComponentsProviderServiceafter removal is 0
08-06 16:56:01.056  1865  1865 I vendor.qti.hardware.servicetrackeraidl-service: size of client connections for client: com.p1.mobile.putongafter removal is 7
08-06 16:56:01.057  1865  1865 I vendor.qti.hardware.servicetrackeraidl-service: destroyService is called for service : com.google.android.webview/org.chromium.android_webview.services.ComponentsProviderService
08-06 16:56:01.057  2474  4311 I MiSensorServiceImpl: user found in check list, getPackageName  android.view.OrientationEventListener
08-06 16:56:01.057  2474  4311 I MiSensorServiceImpl: user found in check list, getPackageName  android.view.OrientationEventListener
08-06 16:56:01.057  2474  4311 I MiSensorServiceImpl: user found in check list, getPackageName  android.view.OrientationEventListener
08-06 16:56:01.057  2474  4311 I MiSensorServiceImpl: user found in check list, getPackageName  android.view.OrientationEventListener
08-06 16:56:01.058  1865  1865 I vendor.qti.hardware.servicetrackeraidl-service: bindService is called for service : com.google.android.gms/.chimera.PersistentApiService and for client com.google.android.gms
08-06 16:56:01.058  1865  1865 I vendor.qti.hardware.servicetrackeraidl-service: total connections for service : com.google.android.gms/.chimera.PersistentApiServiceare :6
08-06 16:56:01.058  1865  1865 I vendor.qti.hardware.servicetrackeraidl-service: total connections for client : com.google.android.gmsare :10
08-06 16:56:01.059  2474  4311 I MiSensorServiceImpl: user found in check list, getPackageName  android.view.OrientationEventListener
08-06 16:56:01.061  2474  4311 I MiSensorServiceImpl: user found in check list, getPackageName  android.view.OrientationEventListener
08-06 16:56:01.061  2474  7257 I MiuiNetworkPolicy: updateUidState uid = 10207, uidState = 2
08-06 16:56:01.063  2474  4311 I MiSensorServiceImpl: user found in check list, getPackageName  android.view.OrientationEventListener
08-06 16:56:01.063  2474  7257 I MiuiNetworkPolicyTrafficLimit: updateWhiteListUidForMobileTraffic uid=10207,add=true
08-06 16:56:01.063  2474  7257 I MiuiNetworkPolicy: updateUidState uid = 10188, uidState = 10
08-06 16:56:01.064 16677 15856 W surfboard: tcp pair replaced, source port 41712 dest port 443
08-06 16:56:01.064 31148 10248 I AdrenoVK-0: QUALCOMM build          : 0c7c4b37d5, I3988f0db60
08-06 16:56:01.064 31148 10248 I AdrenoVK-0: Build Date              : 10/18/24
08-06 16:56:01.064 31148 10248 I AdrenoVK-0: Shader Compiler Version : E031.45.02.19
08-06 16:56:01.064 31148 10248 I AdrenoVK-0: Local Branch            : 
08-06 16:56:01.064 31148 10248 I AdrenoVK-0: Remote Branch           : refs/tags/AU_LINUX_ANDROID_LA.VENDOR.14.3.0.R1.00.00.00.000.168
08-06 16:56:01.064 31148 10248 I AdrenoVK-0: Remote Branch           : NONE
08-06 16:56:01.064 31148 10248 I AdrenoVK-0: Reconstruct Branch      : NOTHING
08-06 16:56:01.064 31148 10248 I AdrenoVK-0: Build Config            : S P 16.1.2 AArch64
08-06 16:56:01.064 31148 10248 I AdrenoVK-0: Driver Path             : /vendor/lib64/hw/vulkan.adreno.so
08-06 16:56:01.064 31148 10248 I AdrenoVK-0: Driver Version          : 0762.30
08-06 16:56:01.064 31148 10248 I AdrenoVK-0: PFP                     : 0x01520175
08-06 16:56:01.064 31148 10248 I AdrenoVK-0: ME                      : 0x01520023
08-06 16:56:01.064 31148 10248 I AdrenoVK-0: Application Name    : 
08-06 16:56:01.064 31148 10248 I AdrenoVK-0: Application Version : 0x00000001
08-06 16:56:01.064 31148 10248 I AdrenoVK-0: Engine Name         : 
08-06 16:56:01.064 31148 10248 I AdrenoVK-0: Engine Version      : 0x00000001
08-06 16:56:01.064 31148 10248 I AdrenoVK-0: Api Version         : 0x00403000
08-06 16:56:01.064  2474  7367 I AudioGameEffect: foreground change to com.lbe.security.miui, last foreground is com.p1.mobile.putong
08-06 16:56:01.066  2474  4311 I MiSensorServiceImpl: user found in check list, getPackageName  android.view.OrientationEventListener
08-06 16:56:01.066  2474  7257 I MiuiNetworkPolicyTrafficLimit: updateWhiteListUidForMobileTraffic uid=10188,add=false
08-06 16:56:01.066  2474  7257 I MiuiNetworkPolicy: updateUidState uid = 10188, uidState = 19
08-06 16:56:01.067  2474  9656 I ClipboardServiceI: checkProviderWakePathForClipboard: primaryClip is null
08-06 16:56:01.068  2474  7367 I NetworkBoostStatusManager: onForegroundInfoChanged uid:10207, isColdStart:false
08-06 16:56:01.068  2474  7367 I SLM-SRV-SLAToast: foreground uid:10207, isColdStart:false, isLinkTurboEnable:false
08-06 16:56:01.068 15896 15932 I AICall_MemoryTrim: binder:15896_1 onAppBackground()
08-06 16:56:01.068  2474  4311 I MiSensorServiceImpl: user found in check list, getPackageName  android.view.OrientationEventListener
08-06 16:56:01.068 13710 13751 I ProcessMonitor: onForegroundInfoChanged: ForegroundInfo{mForegroundPackageName='com.lbe.security.miui', mForegroundUid=10207, mForegroundPid=5334, mLastForegroundPackageName='com.p1.mobile.putong', mLastForegroundUid=10348, mLastForegroundPid=31148, mMultiWindowForegroundPackageName='com.lbe.security.miui', mMultiWindowForegroundUid=10207, mFlags=0}
08-06 16:56:01.068 15678 15716 I GST     : forePkg: com.lbe.security.miui, preForePkg: com.p1.mobile.putong
08-06 16:56:01.069 13710 13751 I VideoBoxUtils: isSupportVideoBox: true
08-06 16:56:01.069 13710 13751 I VideoToolBoxService: vtb is closed!!!
08-06 16:56:01.069 13710 13751 I AppPredictService: difTIme = 293
08-06 16:56:01.071 13710 15593 E SuggestManager: openApp name = com.lbe.security.miui
08-06 16:56:01.071 13710 15593 I NewAutoTaskManager: app use - delay = 9223372036854775807, doRemove = false, doPost = false
08-06 16:56:01.071 14107 14107 I VA_ConversationManager: lastQueryOrigin====null;fromCar=false
08-06 16:56:01.072 14107 14107 I VA_HybridLifecycleListener: onTopAppChanged: newApp=com.lbe.security.miui from=com.miui.home fromPkg=com.lbe.security.miui
08-06 16:56:01.072  2474  4311 I MiSensorServiceImpl: user found in check list, getPackageName  android.view.OrientationEventListener
08-06 16:56:01.074  2474  4311 I MiSensorServiceImpl: user found in check list, getPackageName  android.view.OrientationEventListener
08-06 16:56:01.074  5334 12223 I ContentCatcher: ViewContentFetcher : ViewContentFetcher
