08-06 16:55:47.789  1865  1865 I vendor.qti.hardware.servicetrackeraidl-service: total connections for client : systemare :28
08-06 16:55:47.790  2474  7379 I whetstone.activity: processNotifyEvent1 resId = 256, bundle = Bundle[{startTime=395172112, sourcePkg=com.android.providers.media.module, sourceUid=10249, status=1, jobId=-300, batteryName=com.android.providers.media.module/com.android.providers.media.MediaService, elapsedRealtime=395172112}]
08-06 16:55:47.790 14191 16290 I EventMonitor: notifyEvent resId=256
08-06 16:55:47.794  2474  2643 I ActivityManager: Broadcast completed: result=0
08-06 16:55:47.795 12965 14232 I MediaProvider: Begin Intent { act=android.intent.action.MEDIA_SCANNER_SCAN_FILE dat=file:///... flg=0x1400010 cmp=com.android.providers.media.module/com.android.providers.media.MediaService }
08-06 16:55:47.808 12965 14232 I MediaProvider: End Intent { act=android.intent.action.MEDIA_SCANNER_SCAN_FILE dat=file:///... flg=0x1400010 cmp=com.android.providers.media.module/com.android.providers.media.MediaService }
08-06 16:55:47.811  1865  1865 I vendor.qti.hardware.servicetrackeraidl-service: unbindService is called for service : com.android.providers.media.module/com.android.providers.media.MediaService and for client system
08-06 16:55:47.811  1865  1865 I vendor.qti.hardware.servicetrackeraidl-service: size of service connections for service: com.android.providers.media.module/com.android.providers.media.MediaServiceafter removal is 0
08-06 16:55:47.811  1865  1865 I vendor.qti.hardware.servicetrackeraidl-service: size of client connections for client: systemafter removal is 27
08-06 16:55:47.811  1865  1865 I vendor.qti.hardware.servicetrackeraidl-service: destroyService is called for service : com.android.providers.media.module/com.android.providers.media.MediaService
08-06 16:55:47.812  2474  7379 I whetstone.activity: processNotifyEvent1 resId = 256, bundle = Bundle[{startTime=395172132, sourcePkg=com.android.providers.media.module, sourceUid=10249, status=0, jobId=-300, batteryName=com.android.providers.media.module/com.android.providers.media.MediaService, elapsedRealtime=395172132}]
08-06 16:55:47.812 14191 16290 I EventMonitor: notifyEvent resId=256
08-06 16:55:47.827 12965 12985 I FuseDaemon: This is non sticky GC, maxfree is 16777216 minfree is 8388608
08-06 16:55:48.017  3086  3086 I adbd    : in ShellService: rm /sdcard/screen_2025-08-06_165545.png
08-06 16:55:48.043 12965 13505 I MediaProvider: Deleted paths_hashcode::1389444597/:1389444597/-1169449277545.png items on external_primary due to com.android.shell tid=9403
08-06 16:55:48.046 13430 13430 I PackageInstallReceiver: action = android.intent.action.PACKAGE_CHANGED packageName = com.miui.cleanmaster
08-06 16:55:48.046 13430 13430 W InstalledPackagesMemoryCache: Unknown action: android.intent.action.PACKAGE_CHANGED
08-06 16:55:48.046 13430 13430 I ServiceDeliveryCapability: onAppChanged:com.miui.cleanmaster action:android.intent.action.PACKAGE_CHANGED
08-06 16:55:48.046 13430 13430 I AppWidgetDelegate: updateAppWidgets for com.miui.cleanmaster
08-06 16:55:48.046 13430 13430 I WidgetController: WidgetController.updateOrRemoveStackWhenPackageChanged: packageName com.miui.cleanmaster
08-06 16:55:48.046 13430 13430 I WidgetBackgroundBlurManager: onAppChanged appPackageName : com.miui.cleanmaster
08-06 16:55:48.047 13430 14003 I AppWidgetDelegate: removeAllWidgets com.android.calendar.widget.NearEventAppWidget
08-06 16:55:48.047 13430 14003 I AppWidgetDelegate: removeAllWidgets com.xiaomi.misettings.usagestats.widget.desktop.widget.SimpleUsageStatsWidget
08-06 16:55:48.058  2474 10061 I ClipboardServiceI: checkProviderWakePathForClipboard: primaryClip is null
08-06 16:55:48.061 18406 18406 I cr_A11yState: Enabled accessibility services: [io.github.ylimit.droidbotapp/io.github.privacystreams.accessibility.PSAccessibilityService, null]
08-06 16:55:48.061 18406 18406 I cr_A11yState: Running accessibility services: [io.github.ylimit.droidbotapp/io.github.privacystreams.accessibility.PSAccessibilityService]
08-06 16:55:48.061 18406 18406 I cr_A11yState: Will check again after 1000 milliseconds.
08-06 16:55:48.186  3086  3086 I adbd    : in ShellService: dumpsys display
08-06 16:55:48.329  3050  4560 I libsensor-boledalgo: dbv:406,lux:225.1,cct:6200.0,hsv:-1.0,dc:0CWB R:3168.5,G:7737.4,B:4934.2Event C:15353.3,R:8492.5,G:5326.3,B:3256.7Cali C:205.4,R:75.4,G:72.7,B:34.2 
08-06 16:55:48.467  3086  3086 I adbd    : in ShellService: ps
08-06 16:55:48.649  3086  3086 I adbd    : in ShellService: wm size
08-06 16:55:48.729  3050  4560 I libsensor-boledalgo: dbv:406,lux:225.7,cct:6148.5,hsv:-1.0,dc:0CWB R:3168.5,G:7737.4,B:4934.2Event C:15352.8,R:8514.9,G:5342.1,B:3252.1Cali C:205.4,R:75.4,G:72.7,B:34.2 
08-06 16:55:48.730  3050  4560 I libsensor-boledalgo: dbv:406,lux:224.9,cct:6206.4,hsv:-1.0,dc:0CWB R:3168.5,G:7737.4,B:4934.2Event C:15352.3,R:8500.7,G:5332.2,B:3263.6Cali C:205.4,R:75.4,G:72.7,B:34.2 
08-06 16:55:48.772  3086  3086 I adbd    : in ShellService: dumpsys input
08-06 16:55:48.830  7856  8879 E PhoneAdapter: get ntnphones failed, exception: java.lang.IllegalStateException: Default phones haven't been made yet!
08-06 16:55:48.833  2474  7258 E WifiScoreReportInjector: current network is in roaming environment
08-06 16:55:48.836  3086  3086 I adbd    : in ShellService: getprop ro.sf.lcd_density
08-06 16:55:48.880  3086  3086 I adbd    : in ShellService: am force-stop com.p1.mobile.putong
08-06 16:55:48.938  2474  8820 I ActivityManager: Force stopping com.p1.mobile.putong appid=10348 user=0: from process:9443
08-06 16:55:48.942  2474  8820 E ClipboardServiceI: removeActivePermissionOwnerForPackage: mPrimaryClipPackage is null or get is null
08-06 16:55:48.944  2474  8820 I AppsFilter: interaction: PackageSetting{f5d15a2 com.android.microdroid.empty_payload/10236} -> PackageSetting{485c233 com.p1.mobile.putong/10348} BLOCKED
08-06 16:55:48.944  2474  8820 I AppsFilter: interaction: PackageSetting{fd16b69 io.appium.uiautomator2.server.test/10280} -> PackageSetting{485c233 com.p1.mobile.putong/10348} BLOCKED
08-06 16:55:48.944  2474  8820 I AppsFilter: interaction: PackageSetting{71ae9ee io.github.ylimit.droidbotapp/10347} -> PackageSetting{485c233 com.p1.mobile.putong/10348} BLOCKED
08-06 16:55:48.944  2474  8820 I AppsFilter: interaction: PackageSetting{5d04e8f com.rongcard.eid/10151} -> PackageSetting{485c233 com.p1.mobile.putong/10348} BLOCKED
08-06 16:55:48.944  2474  8820 I AppsFilter: interaction: PackageSetting{33b351c io.appium.settings/10274} -> PackageSetting{485c233 com.p1.mobile.putong/10348} BLOCKED
08-06 16:55:48.956  2474 10061 W ParceledListSlice: Element #8 is 20788 bytes.
08-06 16:55:48.956  2474 10061 W ParceledListSlice: Element #9 is 20768 bytes.
08-06 16:55:48.959 13053 13053 E RegisteredServicesCache: Skipping application component ComponentInfo{com.UCMobile/com.alibaba.ariver.commonability.device.jsapi.nfc.service.TinyAppHostApduService}: it must request the permission android.permission.NFC
08-06 16:55:48.960 13053 13053 E RegisteredServicesCache: Skipping application component ComponentInfo{com.UCMobile/com.alipay.mobile.aompdevice.nfc.service.TinyAppHostApduService}: it must request the permission android.permission.NFC
08-06 16:55:48.960 13053 13053 E RegisteredServicesCache: Skipping application component ComponentInfo{com.autonavi.minimap/com.alibaba.ariver.commonability.device.jsapi.nfc.service.TinyAppHostApduService}: it must request the permission android.permission.NFC
08-06 16:55:48.960 13053 13053 E RegisteredServicesCache: Skipping application component ComponentInfo{com.autonavi.minimap/com.alipay.mobile.aompdevice.nfc.service.TinyAppHostApduService}: it must request the permission android.permission.NFC
08-06 16:55:48.962 13053 13053 I RegisteredServicesCache: current user: 0, is managed profile : false
08-06 16:55:48.964 13053 13053 I RegisteredAidCache: updateRoutingLocked(false): Enter
08-06 16:55:48.964 13053 13053 I AidRoutingManager: configureRouting(false): Enter
08-06 16:55:48.964 13053 13053 E AidRoutingManager: Size of routing table970
08-06 16:55:48.964 13053 13053 I RegisteredAidCache: updateRoutingLocked(false): exit
08-06 16:55:48.965 13053 13053 I libnfc_nci: [INFO:NativeT4tNfcee.cpp(870)] nfcManager_isFwSupportNonStdT4TAid Enter isFwSupport = 1
08-06 16:55:48.966 13053 13053 I libnfc_nci: [INFO:SecureElement.cpp(1487)] SecureElement::getEseHandleFromGenericId: enter; ESE-ID = 0x7F
08-06 16:55:48.966 13053 13053 I libnfc_nci: [INFO:SecureElement.cpp(1528)] SecureElement::getEseHandleFromGenericId: enter; ESE-Handle = 0x410
08-06 16:55:48.966 13053 13053 I libnfc_nci: [INFO:SecureElement.cpp(1487)] SecureElement::getEseHandleFromGenericId: enter; ESE-ID = 0x00
08-06 16:55:48.966 13053 13053 I libnfc_nci: [INFO:SecureElement.cpp(1528)] SecureElement::getEseHandleFromGenericId: enter; ESE-Handle = 0x400
08-06 16:55:48.967  7800 12919 I SecureElement-Terminal-eSE1: isSecureElementPresent()
08-06 16:55:48.967  1774  1774 I android.hardware.secure_element-service.qti: isCardPresent
08-06 16:55:48.968  1774  1774 I android.hardware.secure_element-service.qti: isCardPresent exit, cardPresent: 1
08-06 16:55:48.969  7800 12919 I SecureElement-Terminal-SIM1: isSecureElementPresent()
08-06 16:55:48.969  7800 12919 I SecureElement-Terminal-SIM1: isNfcEventAllowed: No access rules for checking.
08-06 16:55:48.970  7800 12919 I SecureElement-Terminal-SIM2: isSecureElementPresent()
08-06 16:55:48.971  2474  7382 I SmartPower: com.google.android.gms/10130(7177): background->idle(11882ms) R(service end com.google.android.gms/.backup.BackupTransportService) adj=250.
08-06 16:55:49.008  3086  3086 I adbd    : in ShellService: input keyevent HOME
08-06 16:55:49.041  2474  7382 I SmartPower: com.android.packageinstaller/10097(18840): background->idle(3000ms) R(broadcast start Intent { act=android.intent.action.PACKAGE_ADDED dat=package: flg=0x5000010 pkg=com.android.packageinstaller (has extras) }) adj=915.
08-06 16:55:49.044 22853 23333 I Zeus/receiver: ZeusTransformUtils-registerReceiver-execute
08-06 16:55:49.046 22853 23333 I Zeus/receiver: ZeusTransformUtils-registerReceiver-execute
08-06 16:55:49.047  2474  7382 I SmartPower: com.miui.cleanmaster/10266(17558): background->idle(3001ms) R(service create com.miui.cleanmaster/com.miui.optimizecenter.service.CleanMasterService) adj=905.
08-06 16:55:49.056  2474  8820 W MIUIInput: Input event injection from package: null action ACTION_DOWN keycode 3
08-06 16:55:49.056  2474  8820 W MiuiInputKeyEventLog: keyCode:3 down:true eventTime:7998194 downTime:7998194 policyFlags:2b000000 flags:0 metaState:0 deviceId:-1 isScreenOn:true keyguardActive:false repeatCount:0
08-06 16:55:49.060  2036  2036 E DisplayModeController: setDesiredMode : Idle status skip setActiveMode, isDdicIdleMode: 1
08-06 16:55:49.061  2474  8820 W MIUIInput: Input event injection from package: null action ACTION_UP keycode 3
08-06 16:55:49.061  2474  8820 W MiuiInputKeyEventLog: keyCode:3 down:false eventTime:7998198 downTime:7998194 policyFlags:2b000000 flags:0 metaState:0 deviceId:-1 isScreenOn:true keyguardActive:false repeatCount:0
08-06 16:55:49.061  2474  2680 W ActivityManagerServiceImpl: Sending non-protected broadcast com.miui.fullscreen_state_change from system 2474:system/1000 pkg android. Callers=com.android.server.am.ActivityManagerService.checkBroadcastFromSystem:16255 com.android.server.am.ActivityManagerService.broadcastIntentLockedTraced:17126 com.android.server.am.ActivityManagerService.broadcastIntentLocked:16315 com.android.server.am.ActivityManagerService.broadcastIntentWithFeature:17337 android.app.ContextImpl.sendBroadcastAsUser:1495 
08-06 16:55:49.062  2474  4371 E MiuiInputKeyEventLog: before go to home
08-06 16:55:49.063  2474  2680 W ActivityManagerServiceImpl: Sending non-protected broadcast com.miui.launch_home_from_hotkey from system 2474:system/1000 pkg android. Callers=com.android.server.am.ActivityManagerService.checkBroadcastFromSystem:16255 com.android.server.am.ActivityManagerService.broadcastIntentLockedTraced:17126 com.android.server.am.ActivityManagerService.broadcastIntentLocked:16315 com.android.server.am.ActivityManagerService.broadcastIntentWithFeature:17337 android.app.ContextImpl.sendBroadcastAsUser:1536 
08-06 16:55:49.065 18406 18406 I cr_A11yState: Enabled accessibility services: [io.github.ylimit.droidbotapp/io.github.privacystreams.accessibility.PSAccessibilityService, null]
08-06 16:55:49.065 18406 18406 I cr_A11yState: Running accessibility services: [io.github.ylimit.droidbotapp/io.github.privacystreams.accessibility.PSAccessibilityService]
08-06 16:55:49.065 18406 18406 I cr_A11yState: Will check again after 2000 milliseconds.
08-06 16:55:49.067  1843  1843 I SDM     : HWCDisplay::SetActiveConfigWithConstraints: display:66-0, config: 3, WxH 1200x2670, fps 120
08-06 16:55:49.068  1843  1843 W SDM     : HWDeviceDRM::GetSupportedBitClkRate: Requested rate not supported: 1150000000
08-06 16:55:49.068  1843  1843 I SDM     : HWDeviceDRM::UpdateMixerAttributes: Mixer WxH 1200x2670-1 for Peripheral
08-06 16:55:49.068  1843  1843 I SDM     : HWCDisplay::SubmitDisplayConfig: Active configuration changed from config 1 to 3
08-06 16:55:49.068  1843  1843 I SDM     : HWCDisplay::SubmitDisplayConfig: Active WxH 1200x2670 ,ddic_mode:auto, timing_fps: 120, sf_fps: 120
08-06 16:55:49.068 13710 13710 I VideoToolBoxService: onReceive: android.intent.action.CLOSE_SYSTEM_DIALOGS
08-06 16:55:49.071 13710 13710 I GameBoosterService: onReceive: android.intent.action.CLOSE_SYSTEM_DIALOGS
08-06 16:55:49.071  1843  3496 I vendor.qti.hardware.display.composer-service: Sensor: notify citsensorservice to trigger cwb, misForced = 0
08-06 16:55:49.071  3050  4554 I libsensor-parseRGB: request dump start for mRequestDisplayId 0
08-06 16:55:49.073  7890  7890 I ControlCenterExpandController: hide panel true true
08-06 16:55:49.073  7890  7890 I VolumeShowHideAnimator: isRunning: false, mExpanded: false
08-06 16:55:49.073  7890  7890 I VolumeExpandCollapsedAnimator: isRunning: false, mExpanded: false
08-06 16:55:49.073  7890  7890 I VolumePanelViewController_false: dismissH mShowing:false, reason:volume_controller, isAnimating: false, needShowDialog=false, KeyAnimatingStream=-1
08-06 16:55:49.073  7890  7890 I VolumeShowHideAnimator: isRunning: false, mExpanded: false
08-06 16:55:49.073  7890  7890 I VolumeExpandCollapsedAnimator: isRunning: false, mExpanded: false
08-06 16:55:49.073  7890  7890 I VolumePanelViewController_true: dismissH mShowing:false, reason:volume_controller, isAnimating: false, needShowDialog=true, KeyAnimatingStream=-1
08-06 16:55:49.077  2474  4371 W ActivityTaskManager: callingPackage for (uid=-1, pid=0) has no WPC
08-06 16:55:49.079  2474  4371 W OptProp : Cannot read opt property android.window.PROPERTY_COMPAT_ALLOW_ORIENTATION_OVERRIDE
08-06 16:55:49.079  2474  4371 E ActivityTaskManager: Unable to get servicetracker HAL instance
08-06 16:55:49.079  2474  4371 E ActivityTaskManager: Unable to get servicetracker HAL instance
08-06 16:55:49.079  2474  4371 E WindowManager: setClientVisible ActivityRecord{15cf707 u0 com.miui.home/.launcher.Launcher true
08-06 16:55:49.079  2474  4371 W OptProp : Cannot read opt property android.window.PROPERTY_COMPAT_ALLOW_RESIZEABLE_ACTIVITY_OVERRIDES
08-06 16:55:49.080  2474  4371 W OptProp : Cannot read opt property android.window.PROPERTY_COMPAT_ALLOW_MIN_ASPECT_RATIO_OVERRIDE
08-06 16:55:49.081  2474  4371 I AnimInterruptController: FIS notify Foresee interrupt start:109
08-06 16:55:49.081  2474  4371 I ActivityTaskManager: isKeyguardEditor: false, newTransition: TransitionRecord{59e5d id=110 type=OPEN flags=0x0}
08-06 16:55:49.084  2474  4371 I AnimInterruptController: FIS reset Foresee interrupt status
08-06 16:55:49.085  2474  4371 I ActivityTaskManager: START u0 {act=android.intent.action.MAIN cat=[android.intent.category.HOME] flg=0x10000100 cmp=com.miui.home/.launcher.Launcher (has extras)} with LAUNCH_SINGLE_TASK from uid 0 from pid 0 callingPackage null callers: com.android.server.wm.RootWindowContainer.lambda$startHomeOnDisplay$11:1607 com.android.server.wm.RootWindowContainer.$r8$lambda$DFaa7QLApF8rlf4uiy_4K0Hxf2Y:0 com.android.server.wm.RootWindowContainer$$ExternalSyntheticLambda50.apply:0 com.android.server.wm.TaskDisplayArea.reduceOnAllTaskDisplayAreas:526  (BAL_ALLOW_ALLOWLISTED_UID) result code=3
08-06 16:55:49.085  2036  3491 W HWComposer: Ignoring duplicate VSYNC event from HWC for display 4630947082089526659 (t=7998223018000)
08-06 16:55:49.087 13430 13430 I LauncherOverlayCallback: handleMessage WHAT_ACTIVITY_STATE_CHANGED what1
08-06 16:55:49.087 13430 13430 I LauncherOverlayCallback: handleMessage WHAT_LAUNCHER_STATE what1
08-06 16:55:49.087 13430 13430 I AssistantOverlayWindow: lockToHideOverlay
08-06 16:55:49.087  7458  7458 I Launcher.widget: onInvisible 
08-06 16:55:49.087  7458  7458 I Launcher.widget: onInvisible 
08-06 16:55:49.088  7458  7458 I Launcher: onNewIntent
08-06 16:55:49.088  7458  7458 I ConnectAnimFinishCallbackManager: mNeedShowLauncher = true, waitFrameworkAnimCallback = false
08-06 16:55:49.088  7458  7458 E RotationHelper: setCurrentStateRequest: request=0
08-06 16:55:49.089  7458  7458 W Settings: Setting device_provisioned has moved from android.provider.Settings.Secure to android.provider.Settings.Global.
08-06 16:55:49.090  7458  7458 E Launcher.application: setClickAppWaitForCallback = false
08-06 16:55:49.092  7458  7458 I Launcher: changeMIUIWidgetEditMode false
08-06 16:55:49.092 13430 13430 I LauncherOverlayCallback: handleMessage WHAT_ACTIVITY_STATE_CHANGED what3
08-06 16:55:49.092 13430 13430 I LauncherOverlayCallback: handleMessage WHAT_LAUNCHER_STATE what3
08-06 16:55:49.093 13710 13710 I VideoToolBoxService: onReceive: android.intent.action.CLOSE_SYSTEM_DIALOGS
08-06 16:55:49.093 13710 13710 I GameBoosterService: onReceive: android.intent.action.CLOSE_SYSTEM_DIALOGS
08-06 16:55:49.094  2474  7633 I SecurityManagerService: update appwidget of uid: 10278 package: com.miui.weather2 visible: true reason: visible
08-06 16:55:49.094  7458  7458 I Launcher.widget: onVisible 
08-06 16:55:49.094  7458  7458 I Launcher.widget: onVisible 
08-06 16:55:49.097  7890  7890 I ControlCenterExpandController: hide panel true true
08-06 16:55:49.097  7890  7890 I VolumeShowHideAnimator: isRunning: false, mExpanded: false
08-06 16:55:49.097  7890  7890 I VolumeExpandCollapsedAnimator: isRunning: false, mExpanded: false
08-06 16:55:49.097  7890  7890 I VolumePanelViewController_false: dismissH mShowing:false, reason:volume_controller, isAnimating: false, needShowDialog=false, KeyAnimatingStream=-1
08-06 16:55:49.098  7890  7890 I VolumeShowHideAnimator: isRunning: false, mExpanded: false
08-06 16:55:49.098  7890  7890 I VolumeExpandCollapsedAnimator: isRunning: false, mExpanded: false
08-06 16:55:49.098  7890  7890 I VolumePanelViewController_true: dismissH mShowing:false, reason:volume_controller, isAnimating: false, needShowDialog=true, KeyAnimatingStream=-1
08-06 16:55:49.098  2474 19255 I ClipboardServiceI: checkProviderWakePathForClipboard: primaryClip is null
08-06 16:55:49.098  2474 19255 I SmartPower: com.miui.weather2/10278(4065): idle->background(74068ms) R(content provider start ContentProviderRecord{4186a72 u0 com.miui.weather2/.providers.WeatherProvider}) adj=0.
08-06 16:55:49.099  2474 19255 I ClipboardServiceI: checkProviderWakePathForClipboard: primaryClip is null
08-06 16:55:49.102  2474 10058 I ClipboardServiceI: checkProviderWakePathForClipboard: primaryClip is null
08-06 16:55:49.102  4065 16306 I Wth2:WeatherProvider: getFirstSelectedCity() ret count= 1
08-06 16:55:49.102  4065 16306 E Wth2:WeatherProvider: getFirstSelectedCity() error 
08-06 16:55:49.102  4065 16306 E Wth2:WeatherProvider: java.lang.NumberFormatException: For input string: "33.862_119.318"
08-06 16:55:49.102  4065 16306 E Wth2:WeatherProvider: 	at java.lang.Integer.parseInt(Integer.java:790)
08-06 16:55:49.102  4065 16306 E Wth2:WeatherProvider: 	at java.lang.Integer.parseInt(Integer.java:908)
08-06 16:55:49.102  4065 16306 E Wth2:WeatherProvider: 	at com.miui.weather2.providers.WeatherProvider.g(SourceFile:9)
08-06 16:55:49.102  4065 16306 E Wth2:WeatherProvider: 	at com.miui.weather2.providers.WeatherProvider.h(SourceFile:5)
08-06 16:55:49.102  4065 16306 E Wth2:WeatherProvider: 	at com.miui.weather2.providers.WeatherProvider.query(SourceFile:25)
08-06 16:55:49.102  4065 16306 E Wth2:WeatherProvider: 	at android.content.ContentProvider.query(ContentProvider.java:1633)
08-06 16:55:49.102  4065 16306 E Wth2:WeatherProvider: 	at android.content.ContentProvider.query(ContentProvider.java:1729)
08-06 16:55:49.102  4065 16306 E Wth2:WeatherProvider: 	at android.content.ContentProvider$Transport.query(ContentProvider.java:301)
08-06 16:55:49.102  4065 16306 E Wth2:WeatherProvider: 	at android.content.ContentProviderNative.onTransact(ContentProviderNative.java:110)
08-06 16:55:49.102  4065 16306 E Wth2:WeatherProvider: 	at android.os.Binder.execTransactInternal(Binder.java:1507)
08-06 16:55:49.102  4065 16306 E Wth2:WeatherProvider: 	at android.os.Binder.execTransact(Binder.java:1451)
08-06 16:55:49.102  3050  3078 E libsensor-parseRGB: CWB NotifyCWBBufferDone  error 0
08-06 16:55:49.103  4065 16306 I Wth2:WeatherProvider: getHourlyData checkCityAt=true tmpCursor.count  4
08-06 16:55:49.103  4065 16885 I Wth2:WeatherProvider: getFirstSelectedCity() ret count= 1
08-06 16:55:49.103  4065 16885 E Wth2:WeatherProvider: getFirstSelectedCity() error 
08-06 16:55:49.103  4065 16885 E Wth2:WeatherProvider: java.lang.NumberFormatException: For input string: "33.862_119.318"
08-06 16:55:49.103  4065 16885 E Wth2:WeatherProvider: 	at java.lang.Integer.parseInt(Integer.java:790)
08-06 16:55:49.103  4065 16885 E Wth2:WeatherProvider: 	at java.lang.Integer.parseInt(Integer.java:908)
08-06 16:55:49.103  4065 16885 E Wth2:WeatherProvider: 	at com.miui.weather2.providers.WeatherProvider.g(SourceFile:9)
08-06 16:55:49.103  4065 16885 E Wth2:WeatherProvider: 	at com.miui.weather2.providers.WeatherProvider.e(SourceFile:5)
08-06 16:55:49.103  4065 16885 E Wth2:WeatherProvider: 	at com.miui.weather2.providers.WeatherProvider.query(SourceFile:23)
08-06 16:55:49.103  4065 16885 E Wth2:WeatherProvider: 	at android.content.ContentProvider.query(ContentProvider.java:1633)
08-06 16:55:49.103  4065 16885 E Wth2:WeatherProvider: 	at android.content.ContentProvider.query(ContentProvider.java:1729)
08-06 16:55:49.103  4065 16885 E Wth2:WeatherProvider: 	at android.content.ContentProvider$Transport.query(ContentProvider.java:301)
08-06 16:55:49.103  4065 16885 E Wth2:WeatherProvider: 	at android.content.ContentProviderNative.onTransact(ContentProviderNative.java:110)
08-06 16:55:49.103  4065 16885 E Wth2:WeatherProvider: 	at android.os.Binder.execTransactInternal(Binder.java:1507)
08-06 16:55:49.103  4065 16885 E Wth2:WeatherProvider: 	at android.os.Binder.execTransact(Binder.java:1451)
08-06 16:55:49.103  2474  7257 I MiuiNetworkPolicy: bandwidth: 23 KB/s, Max bandwidth: 11266 KB/s
08-06 16:55:49.104  2474  7257 I MiuiNetworkPolicy: updateUidState uid = 10278, uidState = 3
08-06 16:55:49.105  2474  7257 I MiuiNetworkPolicyTrafficLimit: updateWhiteListUidForMobileTraffic uid=10278,add=true
08-06 16:55:49.112  4065 16306 I Wth2:WeatherProvider: optimiseHourlyData sunrise : 19020000  sunset : 68400000
08-06 16:55:49.222  1843  2051 I SDM     : DisplayBase::CommitThread: Received idle timeout, panel: cmd, timeout: 70000 us
08-06 16:55:49.259  1843  1843 I SDM     : HWCDisplay::SetActiveConfigWithConstraints: display:66-0, config: 1, WxH 1200x2670, fps 120
08-06 16:55:49.260  1843  1843 W SDM     : HWDeviceDRM::GetSupportedBitClkRate: Requested rate not supported: 1150000000
08-06 16:55:49.260  1843  1843 I SDM     : HWDeviceDRM::UpdateMixerAttributes: Mixer WxH 1200x2670-1 for Peripheral
08-06 16:55:49.260  1843  1843 I SDM     : HWCDisplay::SubmitDisplayConfig: Active configuration changed from config 3 to 1
08-06 16:55:49.260  1843  1843 I SDM     : HWCDisplay::SubmitDisplayConfig: Active WxH 1200x2670 ,ddic_mode:idle, timing_fps: 120, sf_fps: 120
08-06 16:55:49.293  7458  8104 E Launcher.Transfer: transfer is closed
08-06 16:55:49.338  1843  2051 I SDM     : DisplayBase::CommitThread: Received idle timeout, panel: cmd, timeout: 70000 us
08-06 16:55:49.385  1850  9931 E ANDR-PERF-LM: SAGT_ACTION: UpdateFPSData() 138: update /sys/kernel/sched_penalty/parameters/fps to 60, ret is 0
08-06 16:55:49.417  1843  3496 I vendor.qti.hardware.display.composer-service: Sensor: notify citsensorservice to trigger cwb, misForced = 1
08-06 16:55:49.418  3050  4554 I libsensor-parseRGB: request dump start for mRequestDisplayId 0
08-06 16:55:49.440  3050 25119 E libsensor-parseRGB: CWB NotifyCWBBufferDone  error 0
08-06 16:55:49.454  2474  2745 W BroadcastQueue: Greezer Denial: sending Intent { act=android.intent.action.PACKAGE_RESTARTED dat=package: flg=0x4000010 (has extras) }, action: android.intent.action.PACKAGE_RESTARTED from null (uid=1000) due to receiver ProcessRecord{96579bd 17787:com.spotify.music/u0a317} (uid 10317) need cached broadcast
08-06 16:55:49.455  7497  7497 I MiuiWallpaper-MiuiWallpaperManagerService: receive broadcast action = android.intent.action.PACKAGE_RESTARTED
08-06 16:55:49.498  1843  2051 I SDM     : DisplayBase::CommitThread: Received idle timeout, panel: cmd, timeout: 70000 us
08-06 16:55:49.507  2474  7382 I SmartPower: com.miui.systemAdSolution/10168(17757): background->idle(3002ms) R(broadcast start Intent { act=android.intent.action.PACKAGE_ADDED dat=package: flg=0x4000010 (has extras) }) adj=100.
08-06 16:55:49.514  2474  7382 I SmartPower: com.android.vending/10124(16543): background->idle(3003ms) R(broadcast start Intent { act=android.intent.action.PACKAGE_ADDED dat=package: flg=0x4000010 (has extras) }) adj=900.
08-06 16:55:49.515  2474  7382 I SmartPower: com.android.vending:background/10124(17245): background->idle(3002ms) R(broadcast start Intent { act=android.intent.action.PACKAGE_ADDED dat=package: flg=0x4000010 (has extras) }) adj=915.
08-06 16:55:49.524  2474  7382 I SmartPower: com.mfashiongallery.emag/10262(13472): background->idle(3004ms) R(broadcast start Intent { act=android.intent.action.PACKAGE_ADDED dat=package: flg=0x4000010 (has extras) }) adj=905.
08-06 16:55:49.526  2474  7382 I SmartPower: com.miui.voiceassist:core/10193(12995): background->idle(3001ms) R(broadcast start Intent { act=android.intent.action.PACKAGE_ADDED dat=package: flg=0x4000010 (has extras) }) adj=100.
08-06 16:55:49.529  2474  7382 I SmartPower: android.process.mediaUI/10261(15474): background->idle(3004ms) R(broadcast start Intent { act=android.intent.action.PACKAGE_ADDED dat=package: flg=0x4000010 (has extras) }) adj=905.
08-06 16:55:49.529  2474  7382 I SmartPower: android.process.acore/10083(15552): background->idle(3004ms) R(broadcast start Intent { act=android.intent.action.PACKAGE_ADDED dat=package: flg=0x4000010 (has extras) }) adj=800.
08-06 16:55:49.529  2474  7382 I SmartPower: com.xiaomi.aicr:actionprovider/10127(15738): background->idle(3003ms) R(broadcast start Intent { act=android.intent.action.PACKAGE_ADDED dat=package: flg=0x4000010 (has extras) }) adj=915.
08-06 16:55:49.529  2474  7382 I SmartPower: com.google.android.documentsui/10100(14965): background->idle(3003ms) R(broadcast start Intent { act=android.intent.action.PACKAGE_ADDED dat=package: flg=0x4000010 (has extras) }) adj=905.
08-06 16:55:49.530  2474  7382 I SmartPower: com.milink.service:audio/10178(18537): background->idle(3001ms) R(broadcast start Intent { act=android.intent.action.PACKAGE_ADDED dat=package: flg=0x4000010 (has extras) }) adj=100.
08-06 16:55:49.530  2474  7382 I SmartPower: com.milink.crossdeviceservice/10178(19278): background->idle(3000ms) R(broadcast start Intent { act=android.intent.action.PACKAGE_ADDED dat=package: flg=0x4000010 (has extras) }) adj=905.
08-06 16:55:49.533  2474  7382 I SmartPower: com.miui.newhome/10296(22853): background->idle(3002ms) R(broadcast start Intent { act=android.intent.action.PACKAGE_ADDED dat=package: flg=0x4000010 (has extras) }) adj=905.
08-06 16:55:49.533  2474  7382 I SmartPower: com.miui.gallery/10271(27825): background->idle(3003ms) R(broadcast start Intent { act=android.intent.action.PACKAGE_ADDED dat=package: flg=0x4000010 (has extras) }) adj=905.
08-06 16:55:49.533  2474  7382 I SmartPower: com.microsoft.emmx/10311(13465): background->idle(3002ms) R(broadcast start Intent { act=android.intent.action.PACKAGE_ADDED dat=package: flg=0x4000010 (has extras) }) adj=935.
08-06 16:55:49.566  1865  1865 I vendor.qti.hardware.servicetrackeraidl-service: bindService is called for service : com.android.providers.media.module/androidx.work.impl.background.systemjob.SystemJobService and for client system
08-06 16:55:49.567  1865  1865 I vendor.qti.hardware.servicetrackeraidl-service: total connections for service : com.android.providers.media.module/androidx.work.impl.background.systemjob.SystemJobServiceare :1
08-06 16:55:49.567  1865  1865 I vendor.qti.hardware.servicetrackeraidl-service: total connections for client : systemare :28
08-06 16:55:49.568  2474  7379 I whetstone.activity: processNotifyEvent1 resId = 256, bundle = Bundle[{startTime=395173890, sourcePkg=com.android.providers.media.module, sourceUid=10249, status=1, jobId=2135, batteryName=@androidx.work.systemjobscheduler@com.android.providers.media.module/androidx.work.impl.background.systemjob.SystemJobService, elapsedRealtime=395173890}]
08-06 16:55:49.569 14191 16290 I EventMonitor: notifyEvent resId=256
08-06 16:55:49.571 12965 10519 I PSyncWorker: Starting proactive picker sync from sync source: 1
08-06 16:55:49.573 12965 10519 I PickerSyncController: Executing SyncAdd. isLocal: true. authority: com.android.providers.media.photopicker
08-06 16:55:49.575 12965 10519 I PickerSyncController: Paged sync successful. QueryArgs: Bundle[{android.provider.extra.SYNC_GENERATION=16483, android.provider.extra.PAGE_SIZE=1000}] Total Rows: 0
08-06 16:55:49.576 12965 10519 I PickerSyncController: Executing SyncRemove. isLocal: true. authority: com.android.providers.media.photopicker
08-06 16:55:49.576 12965 10519 E PickerDbFacade: Could not get first date taken millis for media id: 1000001787
08-06 16:55:49.577 12965 10519 W PickerDbFacade: Unable to promote cloud media with localId: 1000001787
08-06 16:55:49.577 12965 10519 I PickerSyncController: Paged sync successful. QueryArgs: Bundle[{android.provider.extra.SYNC_GENERATION=16483, android.provider.extra.PAGE_SIZE=1000}] Total Rows: 0
08-06 16:55:49.578 12965 10519 I PickerSyncTracker: Marked sync future complete for work id: 36ed034e-67f8-4977-9e45-a9bc45dd382d. Future map: {}
08-06 16:55:49.578 12965 10519 I PSyncWorker: Completed picker proactive sync complete from local provider.
08-06 16:55:49.578 12965 13389 I WM-WorkerWrapper: Worker result SUCCESS for Work [ id=36ed034e-67f8-4977-9e45-a9bc45dd382d, tags={ com.android.providers.media.photopicker.sync.ProactiveSyncWorker } ]
08-06 16:55:49.581  2474  7379 I whetstone.activity: processNotifyEvent1 resId = 256, bundle = Bundle[{startTime=395173904, sourcePkg=com.android.providers.media.module, sourceUid=10249, status=0, jobId=2135, batteryName=@androidx.work.systemjobscheduler@com.android.providers.media.module/androidx.work.impl.background.systemjob.SystemJobService, elapsedRealtime=395173904}]
08-06 16:55:49.582  1865  1865 I vendor.qti.hardware.servicetrackeraidl-service: unbindService is called for service : com.android.providers.media.module/androidx.work.impl.background.systemjob.SystemJobService and for client system
08-06 16:55:49.582  1865  1865 I vendor.qti.hardware.servicetrackeraidl-service: size of service connections for service: com.android.providers.media.module/androidx.work.impl.background.systemjob.SystemJobServiceafter removal is 0
08-06 16:55:49.582  1865  1865 I vendor.qti.hardware.servicetrackeraidl-service: size of client connections for client: systemafter removal is 27
08-06 16:55:49.582  1865  1865 I vendor.qti.hardware.servicetrackeraidl-service: destroyService is called for service : com.android.providers.media.module/androidx.work.impl.background.systemjob.SystemJobService
08-06 16:55:49.583 14191 16290 I EventMonitor: notifyEvent resId=256
08-06 16:55:49.583  2474  8820 W JobScheduler: Job didn't exist in JobStore: 
08-06 16:55:49.583  2474  8820 W SSRU-ResourceUsageProxy: Nonexistent ongoing transaction JDR:2135 for u:0 pkg:com.android.providers.media.module ended
08-06 16:55:49.591 12995 12995 I VA_AliveCore:MixMonitor: onReceive: action=android.intent.action.CLOSE_SYSTEM_DIALOGS
08-06 16:55:49.591 12995 12995 I VA_AliveCore:MixMonitor: onReceive: reason=homekey
08-06 16:55:49.592 12995 12995 I VA_AliveCore:MixMonitor: onReceive: action=com.miui.fullscreen_state_change
08-06 16:55:49.592 12995 12995 I VA_AliveCore:MixMonitor: onReceive: action=com.miui.fullscreen_state_change;stateName=toHome
08-06 16:55:49.593  6011  8726 I Market-HomeKeyReceiver: onReceive: action: android.intent.action.CLOSE_SYSTEM_DIALOGS
08-06 16:55:49.593  6011  8726 I Market-HomeKeyReceiver: reason: homekey
08-06 16:55:49.653  3086  3086 I adbd    : in ShellService: ps
08-06 16:55:49.788  1850  9931 E ANDR-PERF-LM: SAGT_ACTION: UpdateFPSData() 138: update /sys/kernel/sched_penalty/parameters/fps to 60, ret is 0
08-06 16:55:50.132  3086  3086 I adbd    : in ShellService: dumpsys activity activities
08-06 16:55:50.190  1850  9931 E ANDR-PERF-LM: SAGT_ACTION: UpdateFPSData() 138: update /sys/kernel/sched_penalty/parameters/fps to 0, ret is 0
08-06 16:55:50.227  3086  3086 I adbd    : in ShellService: dumpsys activity activities
08-06 16:55:50.300  3086  3086 I adbd    : in ShellService: dumpsys activity activities
08-06 16:55:50.377  3086  3086 I adbd    : in ShellService: dumpsys activity services
08-06 16:55:50.481  2474  8251 I NetworkAccelerateSwitchService: EVENT_RSSI_POLL. mRssiPoll=true
08-06 16:55:50.482  2474  8251 I NetworkAccelerateSwitchService: getAverageWifiRssi:62
08-06 16:55:50.547  3086  3086 I adbd    : in ShellService: screencap -p /sdcard/screen_2025-08-06_165550.png
08-06 16:55:50.673  9491  9491 W BpBinder: Linking to death on android.gui.ISurfaceComposer but there are no threads (yet?) listening to incoming transactions. See ProcessState::startThreadPool and ProcessState::setThreadPoolMaxThreadCount. Generally you should setup the binder threadpool before other initialization steps.
08-06 16:55:50.673  9491  9491 W ProcessState: Extra binder thread started, but 0 threads requested. Do not use *startThreadPool when zero threads are requested.
08-06 16:55:50.707  9491  9493 I AdrenoUtils: <ReadGpuID:357>: Reading chip ID through GSL
08-06 16:55:50.708  9491  9491 W qdgralloc: Failed to load libubwcp.so
08-06 16:55:50.704  9491  9491 W screencap: type=1400 audit(0.0:14262): avc:  denied  { read } for  name="libubwcp.so" dev="dm-37" ino=19816057 scontext=u:r:shell:s0 tcontext=u:object_r:vendor_file:s0 tclass=file permissive=0
08-06 16:55:50.711 12965 17504 W MediaProvider: isAppCloneUserPair for user 0: false
08-06 16:55:50.795  3086  3086 I adbd    : in ShellService: ps
08-06 16:55:50.930  3050  4560 I libsensor-boledalgo: dbv:406,lux:224.3,cct:6155.5,hsv:-1.0,dc:0CWB R:3168.5,G:7737.4,B:4934.2Event C:15262.5,R:8472.2,G:5324.3,B:3243.0Cali C:205.4,R:75.4,G:72.7,B:34.2 
08-06 16:55:51.070 18406 18406 I cr_A11yState: Enabled accessibility services: [io.github.ylimit.droidbotapp/io.github.privacystreams.accessibility.PSAccessibilityService, null]
08-06 16:55:51.071 18406 18406 I cr_A11yState: Running accessibility services: [io.github.ylimit.droidbotapp/io.github.privacystreams.accessibility.PSAccessibilityService]
08-06 16:55:51.071 18406 18406 I cr_A11yState: Will check again after 4000 milliseconds.
08-06 16:55:51.328  3050  4560 I libsensor-boledalgo: dbv:406,lux:224.8,cct:6207.1,hsv:-1.0,dc:0CWB R:3168.5,G:7737.4,B:4934.2Event C:15361.2,R:8510.8,G:5332.2,B:3265.9Cali C:205.4,R:75.4,G:72.7,B:34.2 
08-06 16:55:51.855  7856  8879 E PhoneAdapter: get ntnphones failed, exception: java.lang.IllegalStateException: Default phones haven't been made yet!
08-06 16:55:51.859  2474  7258 E WifiScoreReportInjector: current network is in roaming environment
08-06 16:55:52.028  3086  3086 I adbd    : in ShellService: ps
08-06 16:55:52.100  2474  7382 I SmartPower: com.miui.weather2/10278(4065): background->idle(3001ms) R(content provider start ContentProviderRecord{4186a72 u0 com.miui.weather2/.providers.WeatherProvider}) adj=0.
08-06 16:55:52.108  2474  7257 I MiuiNetworkPolicy: bandwidth: 0 KB/s, Max bandwidth: 11266 KB/s
08-06 16:55:52.127  2474  7257 I MiuiNetworkPolicy: updateUidState uid = 10092, uidState = 15
08-06 16:55:52.264  2474 10058 I ActivityManager: Broadcasting: Intent { act=android.intent.action.MEDIA_SCANNER_SCAN_FILE dat=file:///... flg=0x400000 }
08-06 16:55:52.264  2474 10058 I ActivityManager: Enqueued broadcast Intent { act=android.intent.action.MEDIA_SCANNER_SCAN_FILE dat=file:///... flg=0x400000 }: 0
08-06 16:55:52.267  2474  2745 I SmartPower: com.miui.gallery/10271(27825): idle->background(2733ms) R(broadcast start Intent { act=android.intent.action.MEDIA_SCANNER_SCAN_FILE dat=file:///... flg=0x1400010 }) adj=905.
08-06 16:55:52.268 27825 27825 W MiuiGallery2_BaseMediaScannerReceiver: [main] - Broadcast received, action: [android.intent.action.MEDIA_SCANNER_SCAN_FILE], data uri: [file:///sdcard/screen_2025-08-06_165550.png], CTA not allowed
08-06 16:55:52.269  2474  7257 I MiuiNetworkPolicy: updateUidState uid = 10271, uidState = 11
08-06 16:55:52.273  2474  7257 I MiuiNetworkPolicy: updateUidState uid = 10271, uidState = 19
08-06 16:55:52.275 12965 12965 I MediaProvider: receive action = android.intent.action.MEDIA_SCANNER_SCAN_FILE schemeSpecificPart = ///sdcard/screen_2025-08-06_165550.png
08-06 16:55:52.275  2474 10058 W JobInfo : Job 'com.android.providers.media.module/com.android.providers.media.MediaService#-300' has a deadline with no functional constraints. The deadline won't improve job execution latency. Consider removing the deadline.
08-06 16:55:52.278  1865  1865 I vendor.qti.hardware.servicetrackeraidl-service: bindService is called for service : com.android.providers.media.module/com.android.providers.media.MediaService and for client system
08-06 16:55:52.279  1865  1865 I vendor.qti.hardware.servicetrackeraidl-service: total connections for service : com.android.providers.media.module/com.android.providers.media.MediaServiceare :1
08-06 16:55:52.279  1865  1865 I vendor.qti.hardware.servicetrackeraidl-service: total connections for client : systemare :28
08-06 16:55:52.280  2474  7379 I whetstone.activity: processNotifyEvent1 resId = 256, bundle = Bundle[{startTime=395176603, sourcePkg=com.android.providers.media.module, sourceUid=10249, status=1, jobId=-300, batteryName=com.android.providers.media.module/com.android.providers.media.MediaService, elapsedRealtime=395176603}]
08-06 16:55:52.282 14191 16290 I EventMonitor: notifyEvent resId=256
08-06 16:55:52.283 12965 14232 I MediaProvider: Begin Intent { act=android.intent.action.MEDIA_SCANNER_SCAN_FILE dat=file:///... flg=0x1400010 cmp=com.android.providers.media.module/com.android.providers.media.MediaService }
08-06 16:55:52.287  2474  2643 I ActivityManager: Broadcast completed: result=0
08-06 16:55:52.304 12965 14232 I MediaProvider: End Intent { act=android.intent.action.MEDIA_SCANNER_SCAN_FILE dat=file:///... flg=0x1400010 cmp=com.android.providers.media.module/com.android.providers.media.MediaService }
08-06 16:55:52.305  2474  7379 I whetstone.activity: processNotifyEvent1 resId = 256, bundle = Bundle[{startTime=395176627, sourcePkg=com.android.providers.media.module, sourceUid=10249, status=0, jobId=-300, batteryName=com.android.providers.media.module/com.android.providers.media.MediaService, elapsedRealtime=395176627}]
08-06 16:55:52.305 14191 16290 I EventMonitor: notifyEvent resId=256
08-06 16:55:52.305  1865  1865 I vendor.qti.hardware.servicetrackeraidl-service: unbindService is called for service : com.android.providers.media.module/com.android.providers.media.MediaService and for client system
08-06 16:55:52.305  1865  1865 I vendor.qti.hardware.servicetrackeraidl-service: size of service connections for service: com.android.providers.media.module/com.android.providers.media.MediaServiceafter removal is 0
08-06 16:55:52.305  1865  1865 I vendor.qti.hardware.servicetrackeraidl-service: size of client connections for client: systemafter removal is 27
08-06 16:55:52.305  1865  1865 I vendor.qti.hardware.servicetrackeraidl-service: destroyService is called for service : com.android.providers.media.module/com.android.providers.media.MediaService
08-06 16:55:52.470  3086  3086 I adbd    : in ShellService: rm /sdcard/screen_2025-08-06_165550.png
08-06 16:55:52.508 12965 17697 I MediaProvider: Deleted paths_hashcode::1389444597/:1389444597/-1169449277550.png items on external_primary due to com.android.shell tid=9511
08-06 16:55:52.695  3086  3086 I adbd    : in ShellService: dumpsys display
08-06 16:55:52.804  1865  1865 I vendor.qti.hardware.servicetrackeraidl-service: unbindService is called for service : com.google.android.gms/.chimera.GmsBoundBrokerService and for client com.google.android.gms
08-06 16:55:52.804  1865  1865 I vendor.qti.hardware.servicetrackeraidl-service: size of service connections for service: com.google.android.gms/.chimera.GmsBoundBrokerServiceafter removal is 4
08-06 16:55:52.804  1865  1865 I vendor.qti.hardware.servicetrackeraidl-service: size of client connections for client: com.google.android.gmsafter removal is 7
08-06 16:55:52.808  1865  1865 I vendor.qti.hardware.servicetrackeraidl-service: unbindService is called for service : com.google.android.gms/.chimera.PersistentApiService and for client com.google.android.gms
08-06 16:55:52.820  1865  1865 I vendor.qti.hardware.servicetrackeraidl-service: unbindService is called for service : com.google.android.gms/.chimera.GmsBoundBrokerService and for client com.google.android.gms.persistent
08-06 16:55:52.820  1865  1865 I vendor.qti.hardware.servicetrackeraidl-service: size of service connections for service: com.google.android.gms/.chimera.GmsBoundBrokerServiceafter removal is 3
08-06 16:55:52.821  1865  1865 I vendor.qti.hardware.servicetrackeraidl-service: size of client connections for client: com.google.android.gms.persistentafter removal is 6
08-06 16:55:52.821  1865  1865 I vendor.qti.hardware.servicetrackeraidl-service: unbindService is called for service : com.google.android.gms/.icing.service.AppIndexingService and for client com.google.android.gms.persistent
08-06 16:55:52.822  1865  1865 I vendor.qti.hardware.servicetrackeraidl-service: size of service connections for service: com.google.android.gms/.icing.service.AppIndexingServiceafter removal is 1
08-06 16:55:52.822  1865  1865 I vendor.qti.hardware.servicetrackeraidl-service: size of client connections for client: com.google.android.gms.persistentafter removal is 5
08-06 16:55:52.823  1865  1865 I vendor.qti.hardware.servicetrackeraidl-service: unbindService is called for service : com.google.android.gms/.icing.service.IndexService and for client com.google.android.gms.persistent
08-06 16:55:52.823  1865  1865 I vendor.qti.hardware.servicetrackeraidl-service: size of service connections for service: com.google.android.gms/.icing.service.IndexServiceafter removal is 1
08-06 16:55:52.823  1865  1865 I vendor.qti.hardware.servicetrackeraidl-service: size of client connections for client: com.google.android.gms.persistentafter removal is 4
08-06 16:55:52.828  2474  2646 E SSRU-RUS: Don't have packages for uid 99006
08-06 16:55:52.829  2474  7257 I MiuiNetworkPolicy: updateUidState uid = 99006, uidState = 10
08-06 16:55:53.007  3086  3086 I adbd    : in ShellService: wm size
08-06 16:55:53.091  3086  3086 I adbd    : in ShellService: dumpsys input
08-06 16:55:53.183  3086  3086 I adbd    : in ShellService: getprop ro.sf.lcd_density
08-06 16:55:53.219  3086  3086 I adbd    : in ShellService: ps
08-06 16:55:53.329  3050  4560 I libsensor-boledalgo: dbv:406,lux:225.4,cct:6154.3,hsv:-1.0,dc:0CWB R:3168.5,G:7737.4,B:4934.2Event C:15318.7,R:8494.6,G:5344.0,B:3252.1Cali C:205.4,R:75.4,G:72.7,B:34.2 
08-06 16:55:53.401  3086  3086 I adbd    : in ShellService: dumpsys activity activities
08-06 16:55:53.477  3086  3086 I adbd    : in ShellService: dumpsys activity activities
08-06 16:55:53.487  2474  8251 I NetworkAccelerateSwitchService: EVENT_RSSI_POLL. mRssiPoll=true
08-06 16:55:53.487  2474  8251 I NetworkAccelerateSwitchService: getAverageWifiRssi:62
08-06 16:55:53.545  3086  3086 I adbd    : in ShellService: dumpsys activity activities
08-06 16:55:53.680  1865  1865 I vendor.qti.hardware.servicetrackeraidl-service: destroyService is called for service : com.google.android.gms/.chimera.GmsIntentOperationService
08-06 16:55:53.680  2474  7633 I SmartPower: com.google.android.gms/10130(7177): idle->background(4709ms) R(service destroy com.google.android.gms/.chimera.GmsIntentOperationService) adj=500.
08-06 16:55:53.795  3086  3086 I adbd    : in ShellService: dumpsys activity services
08-06 16:55:53.929  3050  4560 I libsensor-boledalgo: dbv:406,lux:224.2,cct:6206.3,hsv:-1.0,dc:0CWB R:3168.5,G:7737.4,B:4934.2Event C:15322.9,R:8492.5,G:5320.6,B:3259.0Cali C:205.4,R:75.4,G:72.7,B:34.2 
08-06 16:55:54.009  3086  3086 I adbd    : in ShellService: screencap -p /sdcard/screen_2025-08-06_165553.png
08-06 16:55:54.028 12965 10768 I PSyncWorker: Starting proactive picker sync from sync source: 1
08-06 16:55:54.030 12965 10768 I PickerSyncController: Executing SyncAdd. isLocal: true. authority: com.android.providers.media.photopicker
08-06 16:55:54.032 12965 10768 I PickerSyncController: Paged sync successful. QueryArgs: Bundle[{android.provider.extra.SYNC_GENERATION=16496, android.provider.extra.PAGE_SIZE=1000}] Total Rows: 0
08-06 16:55:54.033 12965 10768 I PickerSyncController: Executing SyncRemove. isLocal: true. authority: com.android.providers.media.photopicker
08-06 16:55:54.033 12965 10768 E PickerDbFacade: Could not get first date taken millis for media id: 1000001788
08-06 16:55:54.034 12965 10768 W PickerDbFacade: Unable to promote cloud media with localId: 1000001788
08-06 16:55:54.034 12965 10768 I PickerSyncController: Paged sync successful. QueryArgs: Bundle[{android.provider.extra.SYNC_GENERATION=16496, android.provider.extra.PAGE_SIZE=1000}] Total Rows: 0
08-06 16:55:54.035 12965 10768 I PickerSyncTracker: Marked sync future complete for work id: 9fcabf69-6fa5-4d31-bab5-baa00b74717d. Future map: {}
08-06 16:55:54.035 12965 10768 I PSyncWorker: Completed picker proactive sync complete from local provider.
08-06 16:55:54.036 12965 13299 I WM-WorkerWrapper: Worker result SUCCESS for Work [ id=9fcabf69-6fa5-4d31-bab5-baa00b74717d, tags={ com.android.providers.media.photopicker.sync.ProactiveSyncWorker } ]
08-06 16:55:54.046  1865  1865 I vendor.qti.hardware.servicetrackeraidl-service: bindService is called for service : com.android.vending/com.google.android.finsky.scheduler.process.mainimpl.PhoneskyJobServiceMain and for client system
08-06 16:55:54.046  1865  1865 I vendor.qti.hardware.servicetrackeraidl-service: total connections for service : com.android.vending/com.google.android.finsky.scheduler.process.mainimpl.PhoneskyJobServiceMainare :1
08-06 16:55:54.046  1865  1865 I vendor.qti.hardware.servicetrackeraidl-service: total connections for client : systemare :28
08-06 16:55:54.048  2474  7257 I MiuiNetworkPolicy: updateUidState uid = 10124, uidState = 8
08-06 16:55:54.049  2474  4315 I SmartPower: com.android.vending/10124(16543): idle->background(4535ms) R(service create com.android.vending/com.google.android.finsky.scheduler.process.mainimpl.PhoneskyJobServiceMain) adj=0.
08-06 16:55:54.055  2474  7379 I whetstone.activity: processNotifyEvent1 resId = 256, bundle = Bundle[{startTime=395178377, sourcePkg=com.android.vending, sourceUid=10124, status=1, jobId=9213, batteryName=com.android.vending/com.google.android.finsky.scheduler.process.mainimpl.PhoneskyJobServiceMain, elapsedRealtime=395178377}]
08-06 16:55:54.055 14191 16614 I EventMonitor: notifyEvent resId=256
08-06 16:55:54.056 16543 16543 I Finsky  : [2] acgh.onStartJob(128): SCH: job service start with id 9213.
08-06 16:55:54.060 16543  8743 I Finsky  : [1139] kzh.a(256): SCH: Satisfied jobs for 9213 are: 12-1
08-06 16:55:54.061 16543  9552 I Finsky  : [1155] zmh.accept(450): SCH: Job 12-1 starting
08-06 16:55:54.062 16543 16543 I Finsky  : [2] ContentSyncJob.h(14): [ContentSync] job started
08-06 16:55:54.123  9550  9550 W BpBinder: Linking to death on android.gui.ISurfaceComposer but there are no threads (yet?) listening to incoming transactions. See ProcessState::startThreadPool and ProcessState::setThreadPoolMaxThreadCount. Generally you should setup the binder threadpool before other initialization steps.
08-06 16:55:54.123  9550  9550 W ProcessState: Extra binder thread started, but 0 threads requested. Do not use *startThreadPool when zero threads are requested.
08-06 16:55:54.158  9550  9558 I AdrenoUtils: <ReadGpuID:357>: Reading chip ID through GSL
08-06 16:55:54.158  9550  9550 W qdgralloc: Failed to load libubwcp.so
08-06 16:55:54.156  9550  9550 W screencap: type=1400 audit(0.0:14263): avc:  denied  { read } for  name="libubwcp.so" dev="dm-37" ino=19816057 scontext=u:r:shell:s0 tcontext=u:object_r:vendor_file:s0 tclass=file permissive=0
