05-31 15:11:09.010  1360  1369 I FuseDaemon: Background concurrent copying GC freed 14506(721KB) AllocSpace objects, 5(6396KB) LOS objects, 49% free, 2746KB/5492KB, paused 471us,5.269ms total 44.752ms
05-31 15:11:09.013  1360  1375 I MediaProvider: Open with lower FS for /storage/emulated/0/screen_2025-05-31_200244.png. Uid: 10126
05-31 15:11:09.024  3193  3241 I XmpUtil : XMP parse: only JPEG file is supported
05-31 15:11:09.037  1360  1375 I MediaProvider: Open with lower FS for /storage/emulated/0/screen_2025-05-31_200238.png. Uid: 10126
05-31 15:11:09.043  1360  1469 I MediaProvider: Deleted 0 1 0 0 0 0 0 items on external_primary due to com.android.shell
05-31 15:11:09.045  1166  2130 I UriTaskContentObserver: (REDACTED) Throttling content uri change event for %s
05-31 15:11:09.049  3193  3241 I XmpUtil : XMP parse: only JPEG file is supported
05-31 15:11:09.060  1360  1375 I MediaProvider: Open with lower FS for /storage/emulated/0/screen_2025-05-31_194810.png. Uid: 10126
05-31 15:11:09.072  3193  3241 I XmpUtil : XMP parse: only JPEG file is supported
05-31 15:11:09.084  1360  1375 I MediaProvider: Open with lower FS for /storage/emulated/0/screen_2025-05-31_194805.png. Uid: 10126
05-31 15:11:09.093  3193  3241 I XmpUtil : XMP parse: only JPEG file is supported
05-31 15:11:09.105  1360  1375 I MediaProvider: Open with lower FS for /storage/emulated/0/screen_2025-05-31_194804.png. Uid: 10126
05-31 15:11:09.116  3193  3241 I XmpUtil : XMP parse: only JPEG file is supported
05-31 15:11:09.127  1360  1375 I MediaProvider: Open with lower FS for /storage/emulated/0/screen_2025-05-31_194759.png. Uid: 10126
05-31 15:11:09.139  3193  3241 I XmpUtil : XMP parse: only JPEG file is supported
05-31 15:11:09.150  1360  1375 I MediaProvider: Open with lower FS for /storage/emulated/0/screen_2025-05-31_194732.png. Uid: 10126
05-31 15:11:09.161  3193  3241 I XmpUtil : XMP parse: only JPEG file is supported
05-31 15:11:09.173  1360  1375 I MediaProvider: Open with lower FS for /storage/emulated/0/screen_2025-05-31_194727.png. Uid: 10126
05-31 15:11:09.184  3193  3241 I XmpUtil : XMP parse: only JPEG file is supported
05-31 15:11:09.189   595  2152 W FirebaseRemoteConfig: No value of type 'FirebaseRemoteConfigValue' exists for parameter key 'fpr_session_max_duration_min'.
05-31 15:11:09.201  1360  1375 I MediaProvider: Open with lower FS for /storage/emulated/0/screen_2025-05-31_194726.png. Uid: 10126
05-31 15:11:09.210  3193  3241 I XmpUtil : XMP parse: only JPEG file is supported
05-31 15:11:09.220  1360  1375 I MediaProvider: Open with lower FS for /storage/emulated/0/screen_2025-05-31_194721.png. Uid: 10126
05-31 15:11:09.229  3193  3241 I XmpUtil : XMP parse: only JPEG file is supported
05-31 15:11:09.242  1360  1375 I MediaProvider: Open with lower FS for /storage/emulated/0/screen_2025-05-31_194715.png. Uid: 10126
05-31 15:11:09.255  3193  3241 I XmpUtil : XMP parse: only JPEG file is supported
05-31 15:11:09.268  1360  1375 I MediaProvider: Open with lower FS for /storage/emulated/0/screen_2025-05-31_194709.png. Uid: 10126
05-31 15:11:09.280  3193  3241 I XmpUtil : XMP parse: only JPEG file is supported
05-31 15:11:09.293  1360  1375 I MediaProvider: Open with lower FS for /storage/emulated/0/screen_2025-05-31_194704.png. Uid: 10126
05-31 15:11:09.305  3193  3241 I XmpUtil : XMP parse: only JPEG file is supported
05-31 15:11:09.316  1360  1375 I MediaProvider: Open with lower FS for /storage/emulated/0/screen_2025-05-31_194658.png. Uid: 10126
05-31 15:11:09.327  3193  3241 I XmpUtil : XMP parse: only JPEG file is supported
05-31 15:11:09.340  1360  1375 I MediaProvider: Open with lower FS for /storage/emulated/0/screen_2025-05-31_194653.png. Uid: 10126
05-31 15:11:09.371  3193  3241 I XmpUtil : XMP parse: only JPEG file is supported
05-31 15:11:09.384  1360  1375 I MediaProvider: Open with lower FS for /storage/emulated/0/screen_2025-05-31_200917.png. Uid: 10126
05-31 15:11:09.394  3193  3241 I XmpUtil : XMP parse: only JPEG file is supported
05-31 15:11:09.408  1360  1375 I MediaProvider: Open with lower FS for /storage/emulated/0/screen_2025-05-31_200912.png. Uid: 10126
05-31 15:11:09.418  3193  3241 I XmpUtil : XMP parse: only JPEG file is supported
05-31 15:11:09.428  1360  1375 I MediaProvider: Open with lower FS for /storage/emulated/0/screen_2025-05-31_200906.png. Uid: 10126
05-31 15:11:09.437  3193  3241 I XmpUtil : XMP parse: only JPEG file is supported
05-31 15:11:09.447  1360  1375 I MediaProvider: Open with lower FS for /storage/emulated/0/screen_2025-05-31_200901.png. Uid: 10126
05-31 15:11:09.457  3193  3241 I XmpUtil : XMP parse: only JPEG file is supported
05-31 15:11:09.466  1360  1375 I MediaProvider: Open with lower FS for /storage/emulated/0/screen_2025-05-31_200855.png. Uid: 10126
05-31 15:11:09.473  1360  6409 W MediaProvider: isAppCloneUserPair for user 0: false
05-31 15:11:09.474  3193  3241 I XmpUtil : XMP parse: only JPEG file is supported
05-31 15:11:09.487  1360  1375 I MediaProvider: Open with lower FS for /storage/emulated/0/screen_2025-05-31_200850.png. Uid: 10126
05-31 15:11:09.496  3193  3241 I XmpUtil : XMP parse: only JPEG file is supported
05-31 15:11:09.503   595  2152 W FirebaseRemoteConfig: No value of type 'FirebaseRemoteConfigValue' exists for parameter key 'fpr_session_max_duration_min'.
05-31 15:11:09.506  1360  5800 I MediaProvider: Open with lower FS for /storage/emulated/0/screen_2025-05-31_200849.png. Uid: 10126
05-31 15:11:09.507   181   181 I hwservicemanager: getTransport: Cannot find entry android.hardware.graphics.mapper@4.0::IMapper/default in either framework or device VINTF manifest.
05-31 15:11:09.507  3440  3442 I Gralloc4: mapper 4.x is not supported
05-31 15:11:09.522  3193  3241 I XmpUtil : XMP parse: only JPEG file is supported
05-31 15:11:09.539  1360  5800 I MediaProvider: Open with lower FS for /storage/emulated/0/screen_2025-05-31_200844.png. Uid: 10126
05-31 15:11:09.554  3193  3241 I XmpUtil : XMP parse: only JPEG file is supported
05-31 15:11:09.565  1360  5800 I MediaProvider: Open with lower FS for /storage/emulated/0/screen_2025-05-31_200838.png. Uid: 10126
05-31 15:11:09.576  3193  3241 I XmpUtil : XMP parse: only JPEG file is supported
05-31 15:11:09.586  1360  5800 I MediaProvider: Open with lower FS for /storage/emulated/0/screen_2025-05-31_200833.png. Uid: 10126
05-31 15:11:09.595  3193  3241 I XmpUtil : XMP parse: only JPEG file is supported
05-31 15:11:09.605  1360  5800 I MediaProvider: Open with lower FS for /storage/emulated/0/screen_2025-05-31_200827.png. Uid: 10126
05-31 15:11:09.622  3193  3241 I XmpUtil : XMP parse: only JPEG file is supported
05-31 15:11:09.643  1360  5800 I MediaProvider: Open with lower FS for /storage/emulated/0/screen_2025-05-31_200822.png. Uid: 10126
05-31 15:11:09.652  3193  3241 I XmpUtil : XMP parse: only JPEG file is supported
05-31 15:11:09.662  1360  5800 I MediaProvider: Open with lower FS for /storage/emulated/0/screen_2025-05-31_200821.png. Uid: 10126
05-31 15:11:09.671  3193  3241 I XmpUtil : XMP parse: only JPEG file is supported
05-31 15:11:09.680  1360  5800 I MediaProvider: Open with lower FS for /storage/emulated/0/screen_2025-05-31_200816.png. Uid: 10126
05-31 15:11:09.690  3193  3241 I XmpUtil : XMP parse: only JPEG file is supported
05-31 15:11:09.699  1360  5800 I MediaProvider: Open with lower FS for /storage/emulated/0/screen_2025-05-31_200810.png. Uid: 10126
05-31 15:11:09.708  3193  3241 I XmpUtil : XMP parse: only JPEG file is supported
05-31 15:11:09.719  1360  5800 I MediaProvider: Open with lower FS for /storage/emulated/0/screen_2025-05-31_200545.png. Uid: 10126
05-31 15:11:09.727  3193  3241 I XmpUtil : XMP parse: only JPEG file is supported
05-31 15:11:09.737  1360  5800 I MediaProvider: Open with lower FS for /storage/emulated/0/screen_2025-05-31_200539.png. Uid: 10126
05-31 15:11:09.746  3193  3241 I XmpUtil : XMP parse: only JPEG file is supported
05-31 15:11:09.755  1360  5800 I MediaProvider: Open with lower FS for /storage/emulated/0/screen_2025-05-31_200534.png. Uid: 10126
05-31 15:11:09.764  3193  3241 I XmpUtil : XMP parse: only JPEG file is supported
05-31 15:11:09.783  1360  5800 I MediaProvider: Open with lower FS for /storage/emulated/0/screen_2025-05-31_200528.png. Uid: 10126
05-31 15:11:09.791  3193  3241 I XmpUtil : XMP parse: only JPEG file is supported
05-31 15:11:09.801  1360  5800 I MediaProvider: Open with lower FS for /storage/emulated/0/screen_2025-05-31_200523.png. Uid: 10126
05-31 15:11:09.810  3193  3241 I XmpUtil : XMP parse: only JPEG file is supported
05-31 15:11:09.820  1360  5800 I MediaProvider: Open with lower FS for /storage/emulated/0/screen_2025-05-31_200522.png. Uid: 10126
05-31 15:11:09.830  3193  3241 I XmpUtil : XMP parse: only JPEG file is supported
05-31 15:11:09.838  1360  5800 I MediaProvider: Open with lower FS for /storage/emulated/0/screen_2025-05-31_200517.png. Uid: 10126
05-31 15:11:09.848  3193  3241 I XmpUtil : XMP parse: only JPEG file is supported
05-31 15:11:09.853   595  2152 W FirebaseRemoteConfig: No value of type 'FirebaseRemoteConfigValue' exists for parameter key 'fpr_session_max_duration_min'.
05-31 15:11:09.860  1360  5800 I MediaProvider: Open with lower FS for /storage/emulated/0/screen_2025-05-31_200511.png. Uid: 10126
05-31 15:11:09.876  3193  3241 I XmpUtil : XMP parse: only JPEG file is supported
05-31 15:11:09.887  1360  5800 I MediaProvider: Open with lower FS for /storage/emulated/0/screen_2025-05-31_200506.png. Uid: 10126
05-31 15:11:09.897  3193  3241 I XmpUtil : XMP parse: only JPEG file is supported
05-31 15:11:09.908  1360  5800 I MediaProvider: Open with lower FS for /storage/emulated/0/screen_2025-05-31_200505.png. Uid: 10126
05-31 15:11:09.919  3193  3241 I XmpUtil : XMP parse: only JPEG file is supported
05-31 15:11:09.928  1360  5800 I MediaProvider: Open with lower FS for /storage/emulated/0/screen_2025-05-31_200500.png. Uid: 10126
05-31 15:11:09.938  3193  3241 I XmpUtil : XMP parse: only JPEG file is supported
05-31 15:11:09.946  1360  5800 I MediaProvider: Open with lower FS for /storage/emulated/0/screen_2025-05-31_200454.png. Uid: 10126
05-31 15:11:09.958  3193  3241 I XmpUtil : XMP parse: only JPEG file is supported
05-31 15:11:09.971  1360  5800 I MediaProvider: Open with lower FS for /storage/emulated/0/screen_2025-05-31_200449.png. Uid: 10126
05-31 15:11:09.982  3193  3241 I XmpUtil : XMP parse: only JPEG file is supported
05-31 15:11:09.996  1360  5800 I MediaProvider: Open with lower FS for /storage/emulated/0/screen_2025-05-31_200448.png. Uid: 10126
05-31 15:11:10.007  3193  3241 I XmpUtil : XMP parse: only JPEG file is supported
05-31 15:11:10.022  1360  5800 I MediaProvider: Open with lower FS for /storage/emulated/0/screen_2025-05-31_200443.png. Uid: 10126
05-31 15:11:10.035  3193  3241 I XmpUtil : XMP parse: only JPEG file is supported
05-31 15:11:10.046  1360  6575 I MediaProvider: Open with lower FS for /storage/emulated/0/screen_2025-05-31_200437.png. Uid: 10126
05-31 15:11:10.058  3193  3241 I XmpUtil : XMP parse: only JPEG file is supported
05-31 15:11:10.071  1360  6575 I MediaProvider: Open with lower FS for /storage/emulated/0/screen_2025-05-31_200352.png. Uid: 10126
05-31 15:11:10.081  3193  3241 I XmpUtil : XMP parse: only JPEG file is supported
05-31 15:11:10.094  1360  5800 I MediaProvider: Open with lower FS for /storage/emulated/0/screen_2025-05-31_200347.png. Uid: 10126
05-31 15:11:10.104  3193  3241 I XmpUtil : XMP parse: only JPEG file is supported
05-31 15:11:10.113  1360  5800 I MediaProvider: Open with lower FS for /storage/emulated/0/screen_2025-05-31_200346.png. Uid: 10126
05-31 15:11:10.122  3193  3241 I XmpUtil : XMP parse: only JPEG file is supported
05-31 15:11:10.132  1360  5800 I MediaProvider: Open with lower FS for /storage/emulated/0/screen_2025-05-31_200341.png. Uid: 10126
05-31 15:11:10.139  3193  3241 I XmpUtil : XMP parse: only JPEG file is supported
05-31 15:11:10.142   595  2152 W FirebaseRemoteConfig: No value of type 'FirebaseRemoteConfigValue' exists for parameter key 'fpr_session_max_duration_min'.
05-31 15:11:10.152  1360  5800 I MediaProvider: Open with lower FS for /storage/emulated/0/screen_2025-05-31_200335.png. Uid: 10126
05-31 15:11:10.163  3193  3241 I XmpUtil : XMP parse: only JPEG file is supported
05-31 15:11:10.176  1360  5800 I MediaProvider: Open with lower FS for /storage/emulated/0/screen_2025-05-31_200330.png. Uid: 10126
05-31 15:11:10.189  3193  3241 I XmpUtil : XMP parse: only JPEG file is supported
05-31 15:11:10.194  1360  5800 I MediaProvider: Open with lower FS for /storage/emulated/0/screen_2025-05-31_200329.png. Uid: 10126
05-31 15:11:10.204  3193  3241 I XmpUtil : XMP parse: only JPEG file is supported
05-31 15:11:10.212  1360  5800 I MediaProvider: Open with lower FS for /storage/emulated/0/screen_2025-05-31_200324.png. Uid: 10126
05-31 15:11:10.222  3193  3241 I XmpUtil : XMP parse: only JPEG file is supported
05-31 15:11:10.232  1360  5800 I MediaProvider: Open with lower FS for /storage/emulated/0/screen_2025-05-31_200318.png. Uid: 10126
05-31 15:11:10.241  3193  3241 I XmpUtil : XMP parse: only JPEG file is supported
05-31 15:11:10.249  1360  5800 I MediaProvider: Open with lower FS for /storage/emulated/0/screen_2025-05-31_200313.png. Uid: 10126
05-31 15:11:10.258  3193  3241 I XmpUtil : XMP parse: only JPEG file is supported
05-31 15:11:10.265  1360  5800 I MediaProvider: Open with lower FS for /storage/emulated/0/screen_2025-05-31_200312.png. Uid: 10126
05-31 15:11:10.274  3193  3241 I XmpUtil : XMP parse: only JPEG file is supported
05-31 15:11:10.283  1360  5800 I MediaProvider: Open with lower FS for /storage/emulated/0/screen_2025-05-31_200307.png. Uid: 10126
05-31 15:11:10.291  3193  3241 I XmpUtil : XMP parse: only JPEG file is supported
05-31 15:11:10.301  1360  5800 I MediaProvider: Open with lower FS for /storage/emulated/0/screen_2025-05-31_200306.png. Uid: 10126
05-31 15:11:10.309  3193  3241 I XmpUtil : XMP parse: only JPEG file is supported
05-31 15:11:10.319  1360  5800 I MediaProvider: Open with lower FS for /storage/emulated/0/screen_2025-05-31_200301.png. Uid: 10126
05-31 15:11:10.326  3193  3241 I XmpUtil : XMP parse: only JPEG file is supported
05-31 15:11:10.336  1360  5800 I MediaProvider: Open with lower FS for /storage/emulated/0/screen_2025-05-31_200255.png. Uid: 10126
05-31 15:11:10.344  3193  3241 I XmpUtil : XMP parse: only JPEG file is supported
05-31 15:11:10.353  1360  5800 I MediaProvider: Open with lower FS for /storage/emulated/0/screen_2025-05-31_200250.png. Uid: 10126
05-31 15:11:10.361  3193  3241 I XmpUtil : XMP parse: only JPEG file is supported
05-31 15:11:10.369  1360  5800 I MediaProvider: Open with lower FS for /storage/emulated/0/screen_2025-05-31_200249.png. Uid: 10126
05-31 15:11:10.379  3193  3241 I XmpUtil : XMP parse: only JPEG file is supported
05-31 15:11:10.389  1360  5800 I MediaProvider: Open with lower FS for /storage/emulated/0/screen_2025-05-31_200244.png. Uid: 10126
05-31 15:11:10.399  3193  3241 I XmpUtil : XMP parse: only JPEG file is supported
05-31 15:11:10.410  1360  5800 I MediaProvider: Open with lower FS for /storage/emulated/0/screen_2025-05-31_200238.png. Uid: 10126
05-31 15:11:10.420  3193  3241 I XmpUtil : XMP parse: only JPEG file is supported
05-31 15:11:10.427  1360  5800 I MediaProvider: Open with lower FS for /storage/emulated/0/screen_2025-05-31_194810.png. Uid: 10126
05-31 15:11:10.435  3193  3241 I XmpUtil : XMP parse: only JPEG file is supported
05-31 15:11:10.443  1360  5800 I MediaProvider: Open with lower FS for /storage/emulated/0/screen_2025-05-31_194805.png. Uid: 10126
05-31 15:11:10.453  3193  3241 I XmpUtil : XMP parse: only JPEG file is supported
05-31 15:11:10.462  1360  5800 I MediaProvider: Open with lower FS for /storage/emulated/0/screen_2025-05-31_194804.png. Uid: 10126
05-31 15:11:10.471  3193  3241 I XmpUtil : XMP parse: only JPEG file is supported
05-31 15:11:10.480  1360  5800 I MediaProvider: Open with lower FS for /storage/emulated/0/screen_2025-05-31_194759.png. Uid: 10126
05-31 15:11:10.490  3193  3241 I XmpUtil : XMP parse: only JPEG file is supported
05-31 15:11:10.500  1360  5800 I MediaProvider: Open with lower FS for /storage/emulated/0/screen_2025-05-31_194732.png. Uid: 10126
05-31 15:11:10.507  3193  3241 I XmpUtil : XMP parse: only JPEG file is supported
05-31 15:11:10.515  1360  5800 I MediaProvider: Open with lower FS for /storage/emulated/0/screen_2025-05-31_194727.png. Uid: 10126
05-31 15:11:10.524  3193  3241 I XmpUtil : XMP parse: only JPEG file is supported
05-31 15:11:10.533  1360  5800 I MediaProvider: Open with lower FS for /storage/emulated/0/screen_2025-05-31_194726.png. Uid: 10126
05-31 15:11:10.543  3193  3241 I XmpUtil : XMP parse: only JPEG file is supported
05-31 15:11:10.551  1360  5800 I MediaProvider: Open with lower FS for /storage/emulated/0/screen_2025-05-31_194721.png. Uid: 10126
05-31 15:11:10.559  3193  3241 I XmpUtil : XMP parse: only JPEG file is supported
05-31 15:11:10.576  1360  5800 I MediaProvider: Open with lower FS for /storage/emulated/0/screen_2025-05-31_194715.png. Uid: 10126
05-31 15:11:10.585  3193  3241 I XmpUtil : XMP parse: only JPEG file is supported
05-31 15:11:10.595  1360  5800 I MediaProvider: Open with lower FS for /storage/emulated/0/screen_2025-05-31_194709.png. Uid: 10126
05-31 15:11:10.604  3193  3241 I XmpUtil : XMP parse: only JPEG file is supported
05-31 15:11:10.615  1360  5800 I MediaProvider: Open with lower FS for /storage/emulated/0/screen_2025-05-31_194704.png. Uid: 10126
05-31 15:11:10.624  3193  3241 I XmpUtil : XMP parse: only JPEG file is supported
05-31 15:11:10.635  1360  5800 I MediaProvider: Open with lower FS for /storage/emulated/0/screen_2025-05-31_194658.png. Uid: 10126
05-31 15:11:10.644  3193  3241 I XmpUtil : XMP parse: only JPEG file is supported
05-31 15:11:10.655  1360  5800 I MediaProvider: Open with lower FS for /storage/emulated/0/screen_2025-05-31_194653.png. Uid: 10126
05-31 15:11:10.681  3193  3241 I XmpUtil : XMP parse: only JPEG file is supported
05-31 15:11:10.689  1360  1926 I MediaProvider: Begin Intent { act=android.intent.action.MEDIA_SCANNER_SCAN_FILE dat=file:///sdcard/screen_2025-05-31_231109.png flg=0x1400010 cmp=com.google.android.providers.media.module/com.android.providers.media.MediaService }
05-31 15:11:10.694  1360  1388 I MediaProvider: Open with lower FS for /storage/emulated/0/screen_2025-05-31_194653.png. Uid: 10126
05-31 15:11:10.706  3193  3241 I XmpUtil : XMP parse: only JPEG file is supported
05-31 15:11:10.709  1360  1926 I MediaProvider: End Intent { act=android.intent.action.MEDIA_SCANNER_SCAN_FILE dat=file:///sdcard/screen_2025-05-31_231109.png flg=0x1400010 cmp=com.google.android.providers.media.module/com.android.providers.media.MediaService }
05-31 15:11:10.723  1360  1388 I MediaProvider: Open with lower FS for /storage/emulated/0/screen_2025-05-31_194658.png. Uid: 10126
05-31 15:11:10.739  3193  3241 I XmpUtil : XMP parse: only JPEG file is supported
05-31 15:11:10.772  1360  1388 I MediaProvider: Open with lower FS for /storage/emulated/0/screen_2025-05-31_194704.png. Uid: 10126
05-31 15:11:10.782  3193  3241 I XmpUtil : XMP parse: only JPEG file is supported
05-31 15:11:10.792  1360  1388 I MediaProvider: Open with lower FS for /storage/emulated/0/screen_2025-05-31_194709.png. Uid: 10126
05-31 15:11:10.798  1360  1472 I MediaProvider: Deleted 0 1 0 0 0 0 0 items on external_primary due to com.android.shell
05-31 15:11:10.798  1166  2130 I UriTaskContentObserver: (REDACTED) Throttling content uri change event for %s
05-31 15:11:10.804  3193  3241 I XmpUtil : XMP parse: only JPEG file is supported
05-31 15:11:10.814  1360  1388 I MediaProvider: Open with lower FS for /storage/emulated/0/screen_2025-05-31_194715.png. Uid: 10126
05-31 15:11:10.825  3193  3241 I XmpUtil : XMP parse: only JPEG file is supported
05-31 15:11:10.836  1360  1388 I MediaProvider: Open with lower FS for /storage/emulated/0/screen_2025-05-31_194721.png. Uid: 10126
05-31 15:11:10.847  3193  3241 I XmpUtil : XMP parse: only JPEG file is supported
05-31 15:11:10.860  1360  1388 I MediaProvider: Open with lower FS for /storage/emulated/0/screen_2025-05-31_194726.png. Uid: 10126
05-31 15:11:10.873  3193  3241 I XmpUtil : XMP parse: only JPEG file is supported
05-31 15:11:10.884  1360  1388 I MediaProvider: Open with lower FS for /storage/emulated/0/screen_2025-05-31_194727.png. Uid: 10126
05-31 15:11:10.896  3193  3241 I XmpUtil : XMP parse: only JPEG file is supported
05-31 15:11:10.910  1360  1388 I MediaProvider: Open with lower FS for /storage/emulated/0/screen_2025-05-31_194732.png. Uid: 10126
05-31 15:11:10.922  3193  3241 I XmpUtil : XMP parse: only JPEG file is supported
05-31 15:11:10.934  1360  1388 I MediaProvider: Open with lower FS for /storage/emulated/0/screen_2025-05-31_194759.png. Uid: 10126
05-31 15:11:10.944  3193  3241 I XmpUtil : XMP parse: only JPEG file is supported
05-31 15:11:10.957  1360  1388 I MediaProvider: Open with lower FS for /storage/emulated/0/screen_2025-05-31_194804.png. Uid: 10126
05-31 15:11:10.966  3193  3241 I XmpUtil : XMP parse: only JPEG file is supported
05-31 15:11:10.978  1360  1388 I MediaProvider: Open with lower FS for /storage/emulated/0/screen_2025-05-31_194805.png. Uid: 10126
05-31 15:11:10.990  3193  3241 I XmpUtil : XMP parse: only JPEG file is supported
05-31 15:11:11.002  1360  1388 I MediaProvider: Open with lower FS for /storage/emulated/0/screen_2025-05-31_194810.png. Uid: 10126
05-31 15:11:11.011  3193  3241 I XmpUtil : XMP parse: only JPEG file is supported
05-31 15:11:11.022  1360  1388 I MediaProvider: Open with lower FS for /storage/emulated/0/screen_2025-05-31_200238.png. Uid: 10126
05-31 15:11:11.032  3193  3241 I XmpUtil : XMP parse: only JPEG file is supported
05-31 15:11:11.046  1360  1388 I MediaProvider: Open with lower FS for /storage/emulated/0/screen_2025-05-31_200244.png. Uid: 10126
05-31 15:11:11.056  3193  3241 I XmpUtil : XMP parse: only JPEG file is supported
05-31 15:11:11.069  1360  1388 I MediaProvider: Open with lower FS for /storage/emulated/0/screen_2025-05-31_200249.png. Uid: 10126
05-31 15:11:11.077  3193  3241 I XmpUtil : XMP parse: only JPEG file is supported
05-31 15:11:11.092  1360  1388 I MediaProvider: Open with lower FS for /storage/emulated/0/screen_2025-05-31_200250.png. Uid: 10126
05-31 15:11:11.105  3193  3241 I XmpUtil : XMP parse: only JPEG file is supported
05-31 15:11:11.117  1360  1388 I MediaProvider: Open with lower FS for /storage/emulated/0/screen_2025-05-31_200255.png. Uid: 10126
05-31 15:11:11.128  3193  3241 I XmpUtil : XMP parse: only JPEG file is supported
05-31 15:11:11.140  1360  1388 I MediaProvider: Open with lower FS for /storage/emulated/0/screen_2025-05-31_200301.png. Uid: 10126
05-31 15:11:11.151  3193  3241 I XmpUtil : XMP parse: only JPEG file is supported
05-31 15:11:11.160  1360  1388 I MediaProvider: Open with lower FS for /storage/emulated/0/screen_2025-05-31_200306.png. Uid: 10126
05-31 15:11:11.170  3193  3241 I XmpUtil : XMP parse: only JPEG file is supported
05-31 15:11:11.182  1360  1388 I MediaProvider: Open with lower FS for /storage/emulated/0/screen_2025-05-31_200307.png. Uid: 10126
05-31 15:11:11.193  3193  3241 I XmpUtil : XMP parse: only JPEG file is supported
05-31 15:11:11.206  1360  1388 I MediaProvider: Open with lower FS for /storage/emulated/0/screen_2025-05-31_200312.png. Uid: 10126
05-31 15:11:11.214  3193  3241 I XmpUtil : XMP parse: only JPEG file is supported
05-31 15:11:11.224  1360  1388 I MediaProvider: Open with lower FS for /storage/emulated/0/screen_2025-05-31_200313.png. Uid: 10126
05-31 15:11:11.234  3193  3241 I XmpUtil : XMP parse: only JPEG file is supported
05-31 15:11:11.246  1360  1388 I MediaProvider: Open with lower FS for /storage/emulated/0/screen_2025-05-31_200318.png. Uid: 10126
05-31 15:11:11.256  3193  3241 I XmpUtil : XMP parse: only JPEG file is supported
05-31 15:11:11.266  1360  1388 I MediaProvider: Open with lower FS for /storage/emulated/0/screen_2025-05-31_200324.png. Uid: 10126
05-31 15:11:11.282  3193  3241 I XmpUtil : XMP parse: only JPEG file is supported
05-31 15:11:11.287  1360  1388 I MediaProvider: Open with lower FS for /storage/emulated/0/screen_2025-05-31_200329.png. Uid: 10126
05-31 15:11:11.297  3193  3241 I XmpUtil : XMP parse: only JPEG file is supported
05-31 15:11:11.308  1360  1388 I MediaProvider: Open with lower FS for /storage/emulated/0/screen_2025-05-31_200330.png. Uid: 10126
05-31 15:11:11.320  3193  3241 I XmpUtil : XMP parse: only JPEG file is supported
05-31 15:11:11.333  1360  1388 I MediaProvider: Open with lower FS for /storage/emulated/0/screen_2025-05-31_200335.png. Uid: 10126
05-31 15:11:11.345  3193  3241 I XmpUtil : XMP parse: only JPEG file is supported
05-31 15:11:11.358  1360  1388 I MediaProvider: Open with lower FS for /storage/emulated/0/screen_2025-05-31_200341.png. Uid: 10126
05-31 15:11:11.370  3193  3241 I XmpUtil : XMP parse: only JPEG file is supported
05-31 15:11:11.383  1360  1388 I MediaProvider: Open with lower FS for /storage/emulated/0/screen_2025-05-31_200346.png. Uid: 10126
05-31 15:11:11.393  3193  3241 I XmpUtil : XMP parse: only JPEG file is supported
05-31 15:11:11.407  1360  1388 I MediaProvider: Open with lower FS for /storage/emulated/0/screen_2025-05-31_200347.png. Uid: 10126
05-31 15:11:11.419  3193  3241 I XmpUtil : XMP parse: only JPEG file is supported
05-31 15:11:11.432  1360  1388 I MediaProvider: Open with lower FS for /storage/emulated/0/screen_2025-05-31_200352.png. Uid: 10126
05-31 15:11:11.443  3193  3241 I XmpUtil : XMP parse: only JPEG file is supported
05-31 15:11:11.456  1360  1388 I MediaProvider: Open with lower FS for /storage/emulated/0/screen_2025-05-31_200437.png. Uid: 10126
05-31 15:11:11.468  3193  3241 I XmpUtil : XMP parse: only JPEG file is supported
05-31 15:11:11.480  1360  1388 I MediaProvider: Open with lower FS for /storage/emulated/0/screen_2025-05-31_200443.png. Uid: 10126
05-31 15:11:11.492  3193  3241 I XmpUtil : XMP parse: only JPEG file is supported
05-31 15:11:11.506  1360  1388 I MediaProvider: Open with lower FS for /storage/emulated/0/screen_2025-05-31_200448.png. Uid: 10126
05-31 15:11:11.517  3193  3241 I XmpUtil : XMP parse: only JPEG file is supported
05-31 15:11:11.528  1360  1388 I MediaProvider: Open with lower FS for /storage/emulated/0/screen_2025-05-31_200449.png. Uid: 10126
05-31 15:11:11.539  3193  3241 I XmpUtil : XMP parse: only JPEG file is supported
05-31 15:11:11.551  1360  1388 I MediaProvider: Open with lower FS for /storage/emulated/0/screen_2025-05-31_200454.png. Uid: 10126
05-31 15:11:11.561  3193  3241 I XmpUtil : XMP parse: only JPEG file is supported
05-31 15:11:11.571  1360  1388 I MediaProvider: Open with lower FS for /storage/emulated/0/screen_2025-05-31_200500.png. Uid: 10126
05-31 15:11:11.582  3193  3241 I XmpUtil : XMP parse: only JPEG file is supported
05-31 15:11:11.592  1360  1388 I MediaProvider: Open with lower FS for /storage/emulated/0/screen_2025-05-31_200505.png. Uid: 10126
05-31 15:11:11.602  3193  3241 I XmpUtil : XMP parse: only JPEG file is supported
05-31 15:11:11.613  1360  1388 I MediaProvider: Open with lower FS for /storage/emulated/0/screen_2025-05-31_200506.png. Uid: 10126
05-31 15:11:11.623  3193  3241 I XmpUtil : XMP parse: only JPEG file is supported
05-31 15:11:11.632  1360  1388 I MediaProvider: Open with lower FS for /storage/emulated/0/screen_2025-05-31_200511.png. Uid: 10126
05-31 15:11:11.641  3193  3241 I XmpUtil : XMP parse: only JPEG file is supported
05-31 15:11:11.650  1360  1388 I MediaProvider: Open with lower FS for /storage/emulated/0/screen_2025-05-31_200517.png. Uid: 10126
05-31 15:11:11.660  3193  3241 I XmpUtil : XMP parse: only JPEG file is supported
05-31 15:11:11.671  1360  1388 I MediaProvider: Open with lower FS for /storage/emulated/0/screen_2025-05-31_200522.png. Uid: 10126
05-31 15:11:11.679  3193  3241 I XmpUtil : XMP parse: only JPEG file is supported
05-31 15:11:11.688  1360  1388 I MediaProvider: Open with lower FS for /storage/emulated/0/screen_2025-05-31_200523.png. Uid: 10126
05-31 15:11:11.696  3193  3241 I XmpUtil : XMP parse: only JPEG file is supported
05-31 15:11:11.707  1360  1388 I MediaProvider: Open with lower FS for /storage/emulated/0/screen_2025-05-31_200528.png. Uid: 10126
05-31 15:11:11.715  3193  3241 I XmpUtil : XMP parse: only JPEG file is supported
05-31 15:11:11.727  1360  1388 I MediaProvider: Open with lower FS for /storage/emulated/0/screen_2025-05-31_200534.png. Uid: 10126
05-31 15:11:11.738  3193  3241 I XmpUtil : XMP parse: only JPEG file is supported
05-31 15:11:11.749  1360  1388 I MediaProvider: Open with lower FS for /storage/emulated/0/screen_2025-05-31_200539.png. Uid: 10126
05-31 15:11:11.760  3193  3241 I XmpUtil : XMP parse: only JPEG file is supported
05-31 15:11:11.771  1360  1388 I MediaProvider: Open with lower FS for /storage/emulated/0/screen_2025-05-31_200545.png. Uid: 10126
05-31 15:11:11.781  3193  3241 I XmpUtil : XMP parse: only JPEG file is supported
05-31 15:11:11.791  1360  1388 I MediaProvider: Open with lower FS for /storage/emulated/0/screen_2025-05-31_200810.png. Uid: 10126
05-31 15:11:11.801  3193  3241 I XmpUtil : XMP parse: only JPEG file is supported
05-31 15:11:11.811  1360  1388 I MediaProvider: Open with lower FS for /storage/emulated/0/screen_2025-05-31_200816.png. Uid: 10126
05-31 15:11:11.821  3193  3241 I XmpUtil : XMP parse: only JPEG file is supported
05-31 15:11:11.830   595   837 I EventRecorder: Event Recorded to database with EventType: Control Pr...
05-31 15:11:11.835   590  1820 I ActivityTaskManager: START u0 {cmp=com.bookmate/.app.login.LoginOrRegisterActivity (has extras)} from uid 10170
05-31 15:11:11.840  1360  1388 I MediaProvider: Open with lower FS for /storage/emulated/0/screen_2025-05-31_200821.png. Uid: 10126
05-31 15:11:11.855  3193  3241 I XmpUtil : XMP parse: only JPEG file is supported
05-31 15:11:11.866   595   595 I AnalyticsClient: Submitting events.
05-31 15:11:11.870   590  1820 W ActivityTaskManager: Tried to set launchTime (0) < mLastActivityLaunchTime (1294950)
05-31 15:11:11.874  1360  1388 I MediaProvider: Open with lower FS for /storage/emulated/0/screen_2025-05-31_200822.png. Uid: 10126
05-31 15:11:11.900  3193  3241 I XmpUtil : XMP parse: only JPEG file is supported
05-31 15:11:11.913  1360  1388 I MediaProvider: Open with lower FS for /storage/emulated/0/screen_2025-05-31_200827.png. Uid: 10126
05-31 15:11:11.923   595   595 I EventRecorder: Event Recorded to database with EventType: _session.r...
05-31 15:11:11.924   595   837 I EventRecorder: Event Recorded to database with EventType: Screen Sho...
05-31 15:11:11.931  3193  3241 I XmpUtil : XMP parse: only JPEG file is supported
05-31 15:11:11.934   595   595 W SessionClient: Session Resume Failed: No session is paused.
05-31 15:11:11.945  1360  1388 I MediaProvider: Open with lower FS for /storage/emulated/0/screen_2025-05-31_200833.png. Uid: 10126
05-31 15:11:11.955  3193  3241 I XmpUtil : XMP parse: only JPEG file is supported
05-31 15:11:11.963  1360  1388 I MediaProvider: Open with lower FS for /storage/emulated/0/screen_2025-05-31_200838.png. Uid: 10126
05-31 15:11:11.989  3193  3241 I XmpUtil : XMP parse: only JPEG file is supported
05-31 15:11:12.010   590   627 I ActivityTaskManager: Displayed com.bookmate/.app.login.LoginOrRegisterActivity: +170ms
05-31 15:11:12.017  1360  1388 I MediaProvider: Open with lower FS for /storage/emulated/0/screen_2025-05-31_200844.png. Uid: 10126
05-31 15:11:12.030  3193  3241 I XmpUtil : XMP parse: only JPEG file is supported
05-31 15:11:12.041  1360  1388 I MediaProvider: Open with lower FS for /storage/emulated/0/screen_2025-05-31_200849.png. Uid: 10126
05-31 15:11:12.056  1717  1059 I AdvertisingIdClient: shouldSendLog 62943
05-31 15:11:12.056  1717  1059 I AdvertisingIdClient: GetInfoInternal elapse 1ms
05-31 15:11:12.059  3193  3241 I XmpUtil : XMP parse: only JPEG file is supported
05-31 15:11:12.087  1360  1388 I MediaProvider: Open with lower FS for /storage/emulated/0/screen_2025-05-31_200850.png. Uid: 10126
05-31 15:11:12.097  3193  3241 I XmpUtil : XMP parse: only JPEG file is supported
05-31 15:11:12.107  1360  1388 I MediaProvider: Open with lower FS for /storage/emulated/0/screen_2025-05-31_200855.png. Uid: 10126
05-31 15:11:12.122  3193  3241 I XmpUtil : XMP parse: only JPEG file is supported
05-31 15:11:12.139  1360  1388 I MediaProvider: Open with lower FS for /storage/emulated/0/screen_2025-05-31_200901.png. Uid: 10126
05-31 15:11:12.193  3193  3241 I XmpUtil : XMP parse: only JPEG file is supported
05-31 15:11:12.207  1360  1388 I MediaProvider: Open with lower FS for /storage/emulated/0/screen_2025-05-31_200906.png. Uid: 10126
05-31 15:11:12.219  3193  3241 I XmpUtil : XMP parse: only JPEG file is supported
05-31 15:11:12.229  1360  1388 I MediaProvider: Open with lower FS for /storage/emulated/0/screen_2025-05-31_200912.png. Uid: 10126
05-31 15:11:12.238  3193  3241 I XmpUtil : XMP parse: only JPEG file is supported
05-31 15:11:12.251  1360  6757 I MediaProvider: Open with lower FS for /storage/emulated/0/screen_2025-05-31_200917.png. Uid: 10126
05-31 15:11:12.640   595   985 W FirebaseRemoteConfig: No value of type 'FirebaseRemoteConfigValue' exists for parameter key 'fpr_session_max_duration_min'.
05-31 15:11:12.640   595   985 I EventRecorder: EndpointProfile updated successfully.
05-31 15:11:12.640   595   985 I EventRecorder: Successful submit event with event id c960c78d-1f72-4ba9-9a4a-8e171f550d02
05-31 15:11:12.640   595   985 I EventRecorder: Successful submit event with event id 42f0641b-29f5-46d9-99ff-1dbce652b327
05-31 15:11:12.641   595   985 I EventRecorder: Successful submit event with event id faeea9dc-77fb-42f0-a82d-1b32d0567ddd
05-31 15:11:12.641   595   985 I EventRecorder: Successful submission of 3 events.
05-31 15:11:12.681   595   985 I EventRecorder: Time of attemptDelivery: 814
05-31 15:11:13.203   590   719 W BestClock: java.time.DateTimeException: Missing NTP fix
05-31 15:11:13.274   590   719 W BestClock: java.time.DateTimeException: Missing NTP fix
05-31 15:11:13.287   590   720 W BestClock: java.time.DateTimeException: Missing NTP fix
05-31 15:11:13.292   590   720 W BestClock: java.time.DateTimeException: Missing NTP fix
05-31 15:11:13.296  1360  1469 W MediaProvider: isAppCloneUserPair for user 0: false
05-31 15:11:13.300   590   720 W BestClock: java.time.DateTimeException: Missing NTP fix
05-31 15:11:13.301   590   720 W BestClock: java.time.DateTimeException: Missing NTP fix
05-31 15:11:13.308   590   719 W BestClock: java.time.DateTimeException: Missing NTP fix
05-31 15:11:13.320   181   181 I hwservicemanager: getTransport: Cannot find entry android.hardware.graphics.mapper@4.0::IMapper/default in either framework or device VINTF manifest.
05-31 15:11:13.320  3555  3560 I Gralloc4: mapper 4.x is not supported
05-31 15:11:13.339   590   719 W BestClock: java.time.DateTimeException: Missing NTP fix
05-31 15:11:13.342   590   720 W BestClock: java.time.DateTimeException: Missing NTP fix
05-31 15:11:13.346   590   720 W BestClock: java.time.DateTimeException: Missing NTP fix
05-31 15:11:13.346   590   720 W BestClock: java.time.DateTimeException: Missing NTP fix
05-31 15:11:14.515  1360  1926 I MediaProvider: Begin Intent { act=android.intent.action.MEDIA_SCANNER_SCAN_FILE dat=file:///sdcard/screen_2025-05-31_231113.png flg=0x1400010 cmp=com.google.android.providers.media.module/com.android.providers.media.MediaService }
05-31 15:11:14.545  1360  1926 I MediaProvider: End Intent { act=android.intent.action.MEDIA_SCANNER_SCAN_FILE dat=file:///sdcard/screen_2025-05-31_231113.png flg=0x1400010 cmp=com.google.android.providers.media.module/com.android.providers.media.MediaService }
05-31 15:11:14.667  1360  1692 I MediaProvider: Deleted 0 1 0 0 0 0 0 items on external_primary due to com.android.shell
05-31 15:11:15.434  1166  2208 I NetworkScheduler.Stats: (REDACTED) Task %s/%s started execution. cause:%s exec_start_elapsed_seconds: %s
05-31 15:11:15.439  1166  2204 I NetworkScheduler.Stats: (REDACTED) Task %s/%s finished executing. cause:%s result: %s elapsed_millis: %s uptime_millis: %s exec_start_elapsed_seconds: %s
05-31 15:11:15.493  1360  1469 W MediaProvider: isAppCloneUserPair for user 0: false
05-31 15:11:15.526   181   181 I hwservicemanager: getTransport: Cannot find entry android.hardware.graphics.mapper@4.0::IMapper/default in either framework or device VINTF manifest.
05-31 15:11:15.527  3597  3601 I Gralloc4: mapper 4.x is not supported
05-31 15:11:15.629  2292  2682 W YouTubeMusic: Could not register for notifications with InnerTube: 
05-31 15:11:15.629  2292  2682 W YouTubeMusic: tcg: sgv: Precondition check failed.
05-31 15:11:15.629  2292  2682 W YouTubeMusic: 	at tbw.apply(Unknown Source:4)
05-31 15:11:15.629  2292  2682 W YouTubeMusic: 	at rnl.o(PG:5)
05-31 15:11:15.629  2292  2682 W YouTubeMusic: 	at rnl.b(PG:2)
05-31 15:11:15.629  2292  2682 W YouTubeMusic: 	at tby.d(PG:4)
05-31 15:11:15.629  2292  2682 W YouTubeMusic: 	at xas.c(PG:51)
05-31 15:11:15.629  2292  2682 W YouTubeMusic: 	at xas.j(PG:38)
05-31 15:11:15.629  2292  2682 W YouTubeMusic: 	at xas.d(PG:3)
05-31 15:11:15.629  2292  2682 W YouTubeMusic: 	at xap.run(Unknown Source:2)
05-31 15:11:15.629  2292  2682 W YouTubeMusic: 	at java.util.concurrent.Executors$RunnableAdapter.call(Executors.java:462)
05-31 15:11:15.629  2292  2682 W YouTubeMusic: 	at java.util.concurrent.FutureTask.run(FutureTask.java:266)
05-31 15:11:15.629  2292  2682 W YouTubeMusic: 	at nvu.run(PG:1)
05-31 15:11:15.629  2292  2682 W YouTubeMusic: 	at java.util.concurrent.ThreadPoolExecutor.runWorker(ThreadPoolExecutor.java:1167)
05-31 15:11:15.629  2292  2682 W YouTubeMusic: 	at java.util.concurrent.ThreadPoolExecutor$Worker.run(ThreadPoolExecutor.java:641)
05-31 15:11:15.629  2292  2682 W YouTubeMusic: 	at nvp.run(PG:2)
05-31 15:11:15.629  2292  2682 W YouTubeMusic: 	at nvh.run(PG:3)
05-31 15:11:15.629  2292  2682 W YouTubeMusic: 	at java.lang.Thread.run(Thread.java:920)
05-31 15:11:15.629  2292  2682 W YouTubeMusic: Caused by: sgv: Precondition check failed.
05-31 15:11:15.629  2292  2682 W YouTubeMusic: 	at tau.e(PG:5)
05-31 15:11:15.629  2292  2682 W YouTubeMusic: 	at rux.c(PG:18)
05-31 15:11:15.629  2292  2682 W YouTubeMusic: 	at rty.run(PG:17)
05-31 15:11:15.629  2292  2682 W YouTubeMusic: 	at java.util.concurrent.ThreadPoolExecutor.runWorker(ThreadPoolExecutor.java:1167)
05-31 15:11:15.629  2292  2682 W YouTubeMusic: 	at java.util.concurrent.ThreadPoolExecutor$Worker.run(ThreadPoolExecutor.java:641)
05-31 15:11:15.629  2292  2682 W YouTubeMusic: 	at rmq.run(PG:12)
05-31 15:11:15.629  2292  2682 W YouTubeMusic: 	... 1 more
05-31 15:11:15.629  2292  2682 W YouTubeMusic: Caused by: byd
05-31 15:11:15.629  2292  2682 W YouTubeMusic: 	at rty.run(PG:12)
05-31 15:11:15.629  2292  2682 W YouTubeMusic: 	... 4 more
05-31 15:11:16.625  1360  1926 I MediaProvider: Begin Intent { act=android.intent.action.MEDIA_SCANNER_SCAN_FILE dat=file:///sdcard/screen_2025-05-31_231115.png flg=0x1400010 cmp=com.google.android.providers.media.module/com.android.providers.media.MediaService }
05-31 15:11:16.651  1360  1926 I MediaProvider: End Intent { act=android.intent.action.MEDIA_SCANNER_SCAN_FILE dat=file:///sdcard/screen_2025-05-31_231115.png flg=0x1400010 cmp=com.google.android.providers.media.module/com.android.providers.media.MediaService }
05-31 15:11:16.728  1360  6401 I MediaProvider: Deleted 0 1 0 0 0 0 0 items on external_primary due to com.android.shell
05-31 15:11:16.729  1166  2130 I UriTaskContentObserver: (REDACTED) Throttling content uri change event for %s
05-31 15:11:17.261   590   605 I system_server: Background concurrent copying GC freed 415407(21MB) AllocSpace objects, 113(2904KB) LOS objects, 49% free, 20MB/40MB, paused 1.101ms,72us total 126.339ms
05-31 15:11:17.449  1360  1469 W MediaProvider: isAppCloneUserPair for user 0: false
05-31 15:11:17.474   181   181 I hwservicemanager: getTransport: Cannot find entry android.hardware.graphics.mapper@4.0::IMapper/default in either framework or device VINTF manifest.
05-31 15:11:17.474  3642  3645 I Gralloc4: mapper 4.x is not supported
05-31 15:11:18.634  1360  1926 I MediaProvider: Begin Intent { act=android.intent.action.MEDIA_SCANNER_SCAN_FILE dat=file:///sdcard/screen_2025-05-31_231117.png flg=0x1400010 cmp=com.google.android.providers.media.module/com.android.providers.media.MediaService }
05-31 15:11:18.646  1360  1926 I MediaProvider: End Intent { act=android.intent.action.MEDIA_SCANNER_SCAN_FILE dat=file:///sdcard/screen_2025-05-31_231117.png flg=0x1400010 cmp=com.google.android.providers.media.module/com.android.providers.media.MediaService }
05-31 15:11:18.753  1360  6409 I MediaProvider: Deleted 0 1 0 0 0 0 0 items on external_primary due to com.android.shell
05-31 15:11:20.000   595   837 I EventRecorder: Event Recorded to database with EventType: Control Pr...
05-31 15:11:20.021   595   837 I EventRecorder: Event Recorded to database with EventType: Authentica...
05-31 15:11:20.120   590  1811 I ActivityTaskManager: START u0 {act=NATIVE_WITH_FALLBACK cmp=com.bookmate/com.facebook.FacebookActivity (has extras)} from uid 10170
05-31 15:11:20.184   595   595 I AnalyticsClient: Submitting events.
05-31 15:11:20.189   590  1820 W ActivityTaskManager: Tried to set launchTime (0) < mLastActivityLaunchTime (1345599)
05-31 15:11:20.215   590  1811 I ActivityTaskManager: START u0 {cmp=com.facebook.katana/.ProxyAuth (has extras)} from uid 10170
05-31 15:11:20.224   590  1811 I ActivityTaskManager: START u0 {cmp=com.facebook.wakizashi/com.facebook.katana.ProxyAuth (has extras)} from uid 10170
05-31 15:11:20.256   590  1811 I ActivityTaskManager: START u0 {cmp=com.bookmate/com.facebook.CustomTabMainActivity (has extras)} from uid 10170
05-31 15:11:20.270   590  1811 W ActivityTaskManager: Tried to set launchTime (0) < mLastActivityLaunchTime (1353916)
05-31 15:11:20.283   590   857 I ActivityTaskManager: START u0 {act=android.intent.action.VIEW dat=https://m.facebook.com/... flg=0x40000000 pkg=com.android.chrome cmp=com.android.chrome/com.google.android.apps.chrome.IntentDispatcher (has extras)} from uid 10170
05-31 15:11:20.437   590  1811 W ActivityTaskManager: Tried to set launchTime (0) < mLastActivityLaunchTime (497869)
05-31 15:11:20.516   595   985 W FirebaseRemoteConfig: No value of type 'FirebaseRemoteConfigValue' exists for parameter key 'fpr_session_max_duration_min'.
05-31 15:11:20.517   595   985 I EventRecorder: EndpointProfile updated successfully.
05-31 15:11:20.517   595   985 I EventRecorder: Successful submit event with event id 4df175b5-3879-4851-9d57-34182b03445b
05-31 15:11:20.517   595   985 I EventRecorder: Successful submit event with event id 5a9afa53-cc77-45eb-8d95-76f7a96414c3
05-31 15:11:20.517   595   985 I EventRecorder: Successful submit event with event id de80c11d-9d97-4049-bf91-53c76aba9ca9
05-31 15:11:20.517   595   985 I EventRecorder: Successful submit event with event id 1c8fa6bd-22ef-4243-b31f-5a821a079c9d
05-31 15:11:20.517   595   985 I EventRecorder: Successful submission of 4 events.
05-31 15:11:20.534   590  1820 I ActivityTaskManager: START u0 {act=android.intent.action.VIEW dat=https://m.facebook.com/... flg=0x40800000 pkg=com.android.chrome cmp=com.android.chrome/org.chromium.chrome.browser.customtabs.CustomTabActivity (has extras)} from uid 10115
05-31 15:11:20.572   595   985 I EventRecorder: Time of attemptDelivery: 388
05-31 15:11:20.586   590  1811 W ActivityTaskManager: Tried to set launchTime (0) < mLastActivityLaunchTime (1354167)
05-31 15:11:20.614 12278 12635 I cr_tabmodel: Starting to fetch tab list for tab_state24
05-31 15:11:20.614 12278 12635 I cr_tabmodel: State file does not exist.
05-31 15:11:20.770 12278 12278 I cr_StartSurfaceConfig: Recorded Startup.Android.FirstDrawCompletedTime.NoInstant = 163 ms
05-31 15:11:20.825 12278 12278 E cr_CompositorSurfaceMgr: Transitioning to surface with format : -3
05-31 15:11:20.831   590   627 I ActivityTaskManager: Displayed com.android.chrome/org.chromium.chrome.browser.customtabs.CustomTabActivity: +291ms
05-31 15:11:20.835 12278 12278 E cr_CompositorSurfaceMgr: surfaceCreated format : 0
05-31 15:11:20.836 12278 12278 I cr_ContextualSearch: Tap suppression enabled: false
05-31 15:11:20.900 12278 12278 E cr_CompositorSurfaceMgr: surfaceCreated format : 0
05-31 15:11:20.914 12278 12278 E cr_CompositorSurfaceMgr: SurfaceState : detach from parent : 0
05-31 15:11:20.915 12278 12278 E cr_CompositorSurfaceMgr: surfaceDestroyed format : 0
05-31 15:11:20.931 12278 12278 I AssistStructure: Flattened final assist data: 4596 bytes, containing 1 windows, 35 views
05-31 15:11:21.168 12278 12278 E SurfaceView: 177130974finished drawing but no pending report draw (extra call to draw completion runnable?)
05-31 15:11:21.219   590   590 E RemoteAugmentedAutofillService: Bad service name for flags 1048704: com.google.android.as/com.google.android.apps.miphone.aiai.app.AiAiAugmentedAutofillService
05-31 15:11:21.271   595   595 W FirebaseRemoteConfig: No value of type 'FirebaseRemoteConfigValue' exists for parameter key 'fpr_session_max_duration_min'.
05-31 15:11:21.272   595   595 W FirebaseRemoteConfig: No value of type 'FirebaseRemoteConfigValue' exists for parameter key 'fpr_session_max_duration_min'.
05-31 15:11:21.335  1360  1469 W MediaProvider: isAppCloneUserPair for user 0: false
05-31 15:11:21.366   181   181 I hwservicemanager: getTransport: Cannot find entry android.hardware.graphics.mapper@4.0::IMapper/default in either framework or device VINTF manifest.
05-31 15:11:21.366  3783  3789 I Gralloc4: mapper 4.x is not supported
05-31 15:11:21.482  1360  1926 I MediaProvider: Begin Intent { act=android.intent.action.MEDIA_SCANNER_SCAN_FILE dat=file:///sdcard/screen_2025-05-31_231121.png flg=0x1400010 cmp=com.google.android.providers.media.module/com.android.providers.media.MediaService }
05-31 15:11:21.486  1360  1926 I MediaProvider: End Intent { act=android.intent.action.MEDIA_SCANNER_SCAN_FILE dat=file:///sdcard/screen_2025-05-31_231121.png flg=0x1400010 cmp=com.google.android.providers.media.module/com.android.providers.media.MediaService }
05-31 15:11:21.543   595   757 W FirebaseRemoteConfig: No value of type 'FirebaseRemoteConfigValue' exists for parameter key 'fpr_session_max_duration_min'.
05-31 15:11:21.558  1360  6401 I MediaProvider: Deleted 0 1 0 0 0 0 0 items on external_primary due to com.android.shell
05-31 15:11:21.559  1166  2130 I UriTaskContentObserver: (REDACTED) Throttling content uri change event for %s
05-31 15:11:22.433  1360  6409 W MediaProvider: isAppCloneUserPair for user 0: false
05-31 15:11:22.461   181   181 I hwservicemanager: getTransport: Cannot find entry android.hardware.graphics.mapper@4.0::IMapper/default in either framework or device VINTF manifest.
05-31 15:11:22.461  3839  3841 I Gralloc4: mapper 4.x is not supported
05-31 15:11:22.527  1717  1059 I AdvertisingIdClient: shouldSendLog 62943
05-31 15:11:22.527  1717  1059 I AdvertisingIdClient: GetInfoInternal elapse 1ms
05-31 15:11:22.622  1360  1926 I MediaProvider: Begin Intent { act=android.intent.action.MEDIA_SCANNER_SCAN_FILE dat=file:///sdcard/screen_2025-05-31_231122.png flg=0x1400010 cmp=com.google.android.providers.media.module/com.android.providers.media.MediaService }
05-31 15:11:22.634  1360  1926 I MediaProvider: End Intent { act=android.intent.action.MEDIA_SCANNER_SCAN_FILE dat=file:///sdcard/screen_2025-05-31_231122.png flg=0x1400010 cmp=com.google.android.providers.media.module/com.android.providers.media.MediaService }
05-31 15:11:22.645  3851  3851 W ocessService0:: Unexpected CPU variant for X86 using defaults: x86_64
05-31 15:11:22.654  3851  3851 E ocessService0:: Not starting debugger since process cannot load the jdwp agent.
05-31 15:11:22.657   590   639 I ActivityManager: Start proc 3851:com.android.chrome:sandboxed_process0:org.chromium.content.app.SandboxedProcessService0:4/u0ai1 for  {com.android.chrome/org.chromium.content.app.SandboxedProcessService0:4}
05-31 15:11:22.690  3851  3851 W SystemServiceRegistry: No service published for: uimode
05-31 15:11:22.695  3851  3851 I cr_ChildProcessService: Creating new ChildProcessService pid=3851
05-31 15:11:22.703  1360  6405 I MediaProvider: Deleted 0 1 0 0 0 0 0 items on external_primary due to com.android.shell
05-31 15:11:22.709  1166  2130 I UriTaskContentObserver: (REDACTED) Throttling content uri change event for %s
05-31 15:11:22.726  3851  3869 I cr_LibraryLoader: Loaded native library version number "91.0.4472.114"
05-31 15:11:22.727  3851  3869 I cr_CachingUmaRecorder: Flushed 1 samples from 1 histograms.
05-31 15:11:23.071   590  1821 I ActivityManager: Killing 3851:com.android.chrome:sandboxed_process0:org.chromium.content.app.SandboxedProcessService0:4/u0a115i-8999 (adj 0): isolated not needed
05-31 15:11:23.073   590   640 I libprocessgroup: Successfully killed process cgroup uid 90001 pid 3851 in 0ms
05-31 15:11:23.083  3918  3918 W ocessService0:: Unexpected CPU variant for X86 using defaults: x86_64
05-31 15:11:23.095  2896  2896 I Zygote  : Process 3851 exited cleanly (0)
05-31 15:11:23.096   590   639 I ActivityManager: Start proc 3918:com.android.chrome:sandboxed_process0:org.chromium.content.app.SandboxedProcessService0:5/u0ai2 for  {com.android.chrome/org.chromium.content.app.SandboxedProcessService0:5}
