--------- beginning of main
05-31 15:10:11.827  1323  1323 I GoogleInputMethodService: GoogleInputMethodService.onFinishInput():3420 
05-31 15:10:11.829   590   930 W InputManager-JNI: Input channel object '59d47fe InputMethod (client)' was disposed without first being removed with the input manager!
05-31 15:10:11.833  1323  1323 I NormalModeController: NormalModeController.getKeyboardBodyViewHolderPaddingBottom():109 currentPrimeKeyboardType:SOFT systemPaddingBottom:-1
05-31 15:10:11.837  1323  1323 I AbstractOpenableExtension: AbstractOpenableExtension.maybeDestroyExistingKeyboardGroupManager():514 Destroy existing keyboard group manager in eyj
05-31 15:10:11.837  1323  1323 I AbstractOpenableExtension: AbstractOpenableExtension.maybeDestroyExistingKeyboardGroupManager():514 Destroy existing keyboard group manager in fci
05-31 15:10:11.839  1323  1323 I KeyboardViewController: KeyboardViewController.clearSubViewControllerInternal():411 Clears keyboard sub view controller for keyboardType: null, viewType: HEADER, viewId: 2131428269(#0x7f0b03ad),which has not been set.
05-31 15:10:11.840  1323  1323 I AbstractOpenableExtension: AbstractOpenableExtension.maybeDestroyExistingKeyboardGroupManager():514 Destroy existing keyboard group manager in fau
05-31 15:10:11.845  1323  2196 I JapaneseMozcExtension: JapaneseMozcExtension.onDestroyServiceInternal():81 onDestroyServiceInternal()
05-31 15:10:11.849  1323  1323 I AbstractOpenableExtension: AbstractOpenableExtension$3.onSuccess():527 KeyboardGroupManager destroyed in eyj.
05-31 15:10:11.849  1323  1323 I AbstractOpenableExtension: AbstractOpenableExtension$3.onSuccess():527 KeyboardGroupManager destroyed in fci.
05-31 15:10:11.855  1323  1323 I AbstractOpenableExtension: AbstractOpenableExtension$3.onSuccess():527 KeyboardGroupManager destroyed in fau.
--------- beginning of system
05-31 15:10:12.198   590   628 E RemoteAugmentedAutofillService: Bad service name for flags 1048704: com.google.android.as/com.google.android.apps.miphone.aiai.app.AiAiAugmentedAutofillService
05-31 15:10:12.299  4952  4952 I abb     : StartCommandInProcess(73657474696e67730067657400676c6f settings.get.glo [truncated])
05-31 15:10:12.296   590   590 W Binder:590_A: type=1400 audit(0.0:199): avc: denied { getopt } for scontext=u:r:system_server:s0 tcontext=u:r:shell:s0 tclass=unix_stream_socket permissive=0
05-31 15:10:12.305  4952  4952 I abb     : StartCommandInProcess(7061636b61676500696e7374616c6c00 package.install. [truncated])
05-31 15:10:12.296   590   590 W Binder:590_A: type=1400 audit(0.0:200): avc: denied { getopt } for scontext=u:r:system_server:s0 tcontext=u:r:shell:s0 tclass=unix_stream_socket permissive=0
05-31 15:10:12.296   590   590 W Binder:590_A: type=1400 audit(0.0:201): avc: denied { getopt } for scontext=u:r:system_server:s0 tcontext=u:r:shell:s0 tclass=unix_stream_socket permissive=0
05-31 15:10:12.576   590   590 W Binder:590_A: type=1400 audit(0.0:202): avc: denied { getopt } for scontext=u:r:system_server:s0 tcontext=u:r:shell:s0 tclass=unix_stream_socket permissive=0
05-31 15:10:12.660   590   663 I PackageManager: Integrity check passed for file:///data/app/vmdl1346500303.tmp
05-31 15:10:12.689  1360  5800 I MediaProvider: Invalidating LocalCallingIdentity cache for package com.bookmate. Reason: op android:read_external_storage
05-31 15:10:12.689  1360  5800 I MediaProvider: Invalidating LocalCallingIdentity cache for package com.bookmate. Reason: op android:read_external_storage
05-31 15:10:12.690  1360  5800 I MediaProvider: Invalidating LocalCallingIdentity cache for package com.bookmate. Reason: op android:read_external_storage
05-31 15:10:12.692   590   663 I PackageDexOptimizer: Running dexopt (dexoptNeeded=1) on: /data/app/~~R1ZrLzfLskF-QWxXxvHVNg==/com.bookmate-gqEzKhW3Bfv_7DHkHUXeZg==/base.apk pkg=com.bookmate isa=x86_64 dexoptFlags=boot_complete,profile_guided,public,enable_hidden_api_checks targetFilter=speed-profile oatDir=/data/app/~~R1ZrLzfLskF-QWxXxvHVNg==/com.bookmate-gqEzKhW3Bfv_7DHkHUXeZg==/oat classLoaderContext=PCL[]{PCL[/system/framework/android.test.base.jar]}
05-31 15:10:12.704 32677 32677 W dex2oat64: Unexpected CPU variant for X86 using defaults: x86_64
05-31 15:10:12.704 32677 32677 W dex2oat64: Mismatch between dex2oat instruction set features to use (ISA: X86_64 Feature string: -ssse3,-sse4.1,-sse4.2,-avx,-avx2,-popcnt) and those from CPP defines (ISA: X86_64 Feature string: ssse3,sse4.1,sse4.2,-avx,-avx2,popcnt) for the command line:
05-31 15:10:12.704 32677 32677 W dex2oat64: /apex/com.android.art/bin/dex2oat64 --zip-fd=7 --zip-location=base.apk --oat-fd=8 --oat-location=/data/app/~~R1ZrLzfLskF-QWxXxvHVNg==/com.bookmate-gqEzKhW3Bfv_7DHkHUXeZg==/oat/x86_64/base.odex --input-vdex-fd=-1 --output-vdex-fd=9 --swap-fd=10 --classpath-dir=/data/app/~~R1ZrLzfLskF-QWxXxvHVNg==/com.bookmate-gqEzKhW3Bfv_7DHkHUXeZg== --class-loader-context=PCL[]{PCL[/system/framework/android.test.base.jar]} --compact-dex-level=none --instruction-set=x86_64 --instruction-set-features=default --instruction-set-variant=x86_64 --compiler-filter=speed-profile --compilation-reason=install --max-image-block-size=524288 --resolve-startup-const-strings=true --generate-mini-debug-info --runtime-arg -Xtarget-sdk-version:29 --runtime-arg -Xhidden-api-policy:enabled --runtime-arg -Xms64m --runtime-arg -Xmx512m
05-31 15:10:12.704 32677 32677 I dex2oat64: /apex/com.android.art/bin/dex2oat64 --input-vdex-fd=-1 --output-vdex-fd=9 --classpath-dir=/data/app/~~R1ZrLzfLskF-QWxXxvHVNg==/com.bookmate-gqEzKhW3Bfv_7DHkHUXeZg== --class-loader-context=PCL[]{PCL[/system/framework/android.test.base.jar]} --compact-dex-level=none --compiler-filter=speed-profile --compilation-reason=install --max-image-block-size=524288 --resolve-startup-const-strings=true --generate-mini-debug-info
05-31 15:10:12.961 32677 32677 I dex2oat64: Large app, accepted running with swap.
05-31 15:10:14.942   176   176 I servicemanager: Since 'apexservice' could not be found, trying to start it as a lazy AIDL service
05-31 15:10:14.974 32677 32677 I dex2oat64: dex2oat took 2.270s (6.874s cpu) (threads: 4) arena alloc=0B (0B) java alloc=34MB (36632912B) native alloc=5257KB (5383760B) free=1482KB (1517792B) swap=16MB (16777216B)
05-31 15:10:15.008   409   409 E installd: Couldn't opendir /data/app/vmdl1346500303.tmp: No such file or directory
05-31 15:10:15.008   409   409 E installd: Failed to delete /data/app/vmdl1346500303.tmp: No such file or directory
05-31 15:10:15.008   590   590 W Binder:590_A: type=1400 audit(0.0:203): avc: denied { getopt } for scontext=u:r:system_server:s0 tcontext=u:r:shell:s0 tclass=unix_stream_socket permissive=0
05-31 15:10:15.008   590   590 W Binder:590_A: type=1400 audit(0.0:204): avc: denied { getopt } for scontext=u:r:system_server:s0 tcontext=u:r:shell:s0 tclass=unix_stream_socket permissive=0
05-31 15:10:15.020  1360  1360 I MediaProvider: Invalidating LocalCallingIdentity cache for package com.bookmate. Reason: package android.intent.action.PACKAGE_ADDED
05-31 15:10:15.008   590   590 W Binder:590_A: type=1400 audit(0.0:205): avc: denied { getopt } for scontext=u:r:system_server:s0 tcontext=u:r:shell:s0 tclass=unix_stream_socket permissive=0
05-31 15:10:15.027   590   698 I RoleService: Granting default roles...
05-31 15:10:15.028   590   705 I InputReader: Reconfiguring input devices, changes=KEYBOARD_LAYOUTS | 
05-31 15:10:15.030  1376  1376 I GsaVoiceInteractionSrv: O received Intent { act=android.intent.action.PACKAGE_ADDED dat=package:com.bookmate flg=0x4000010 (has extras) }
05-31 15:10:15.031  2831  2831 I Finsky  : [2] adcs.g(1): adcs - Received: android.intent.action.PACKAGE_ADDED, [6lXz4J8EQs1nkUKd0kD9F0LRebxlnx18_gEEav184DM]
05-31 15:10:15.034   590   590 I Telecom : DefaultDialerCache: Refreshing default dialer for user 0: now com.android.dialer: DDC.oR@AQI
05-31 15:10:15.039 12332 12332 I Finsky:background: [2] adch.g(6): adch - Received: android.intent.action.PACKAGE_ADDED, [6lXz4J8EQs1nkUKd0kD9F0LRebxlnx18_gEEav184DM]
05-31 15:10:15.042  1608 26912 I PermissionControllerServiceImpl: Updating user sensitive for uid 10170
05-31 15:10:15.043  2831  2831 I Finsky  : [2] xem.jr(11): DTU: Received onPackageAdded, replacing: false
05-31 15:10:15.044  1608 32545 W Role    : Cannot get ApplicationInfo for default holder: com.google.android.contacts
05-31 15:10:15.047  1608 32545 W Role    : Cannot get ApplicationInfo for default holder: com.google.android.as
05-31 15:10:15.061  2831 32538 I Finsky  : [394] poo.kh(210): [ContentSync] finished, scheduled=false
05-31 15:10:15.064   590   609 W BroadcastQueue: Background execution not allowed: receiving Intent { act=android.intent.action.PACKAGE_ADDED dat=package:com.bookmate flg=0x4000010 (has extras) } to com.google.android.packageinstaller/com.android.packageinstaller.PackageInstalledReceiver
05-31 15:10:15.066   176   176 I BpBinder: onLastStrongRef automatically unlinking death recipients: <uncached descriptor>
05-31 15:10:15.066  1717  1717 I IntentFilterVerRcvr: S+ domain verification enabled [CONTEXT service_id=244 ]
05-31 15:10:15.067   176   176 I servicemanager: Tried to unregister apexservice, but there is about to be a client.
05-31 15:10:15.074  1608 32545 W Role    : Cannot get ApplicationInfo for default holder: com.google.android.as
05-31 15:10:15.075  1608 32545 W Role    : Cannot get ApplicationInfo for default holder: com.google.android.as
05-31 15:10:15.080   590   638 W BroadcastQueue: Background execution not allowed: receiving Intent { act=android.intent.action.PACKAGE_ADDED dat=package:com.bookmate flg=0x4000010 (has extras) } to com.android.vending/com.google.android.finsky.packagemonitor.impl.PackageMonitorReceiverImpl$RegisteredReceiver
05-31 15:10:15.080   590   638 W BroadcastQueue: Background execution not allowed: receiving Intent { act=android.intent.action.PACKAGE_ADDED dat=package:com.bookmate flg=0x4000010 (has extras) } to com.android.vending/com.google.android.finsky.packagemonitor.backgroundimpl.BackgroundPackageMonitorReceiverImpl$RegisteredReceiver
05-31 15:10:15.080   590   638 W BroadcastQueue: Background execution not allowed: receiving Intent { act=android.intent.action.PACKAGE_ADDED dat=package:com.bookmate flg=0x4000010 (has extras) } to com.google.android.gms/.chimera.GmsIntentOperationService$PersistentTrustedReceiver
05-31 15:10:15.080   590   638 W BroadcastQueue: Background execution not allowed: receiving Intent { act=android.intent.action.PACKAGE_ADDED dat=package:com.bookmate flg=0x4000010 (has extras) } to com.google.android.gms/.games.chimera.GamesSystemBroadcastReceiverProxy
05-31 15:10:15.080   590   638 W BroadcastQueue: Background execution not allowed: receiving Intent { act=android.intent.action.PACKAGE_ADDED dat=package:com.bookmate flg=0x4000010 (has extras) } to com.google.android.gms/.gass.chimera.PackageChangeBroadcastReceiver
05-31 15:10:15.080   590   638 W BroadcastQueue: Background execution not allowed: receiving Intent { act=android.intent.action.PACKAGE_ADDED dat=package:com.bookmate flg=0x4000010 (has extras) } to com.google.android.googlequicksearchbox/com.google.android.apps.gsa.googlequicksearchbox.GelStubAppWatcher
05-31 15:10:15.087  1717 32554 I AppLinksIntentOperation: Verifying requested domains [CONTEXT service_id=244 ]
05-31 15:10:15.089  1717 32554 I AppLinksRequestHandler: (REDACTED) Processing %d input requests
05-31 15:10:15.090  1717 32554 I AppLinksUtilsV1: Legacy cross-profile verification enabled [CONTEXT service_id=244 ]
05-31 15:10:15.099  7079 32700 I ProvidersCache: Provider returned no roots. Possibly naughty: com.google.android.apps.docs.storage
05-31 15:10:15.109 12332 32534 I Finsky:background: [158] ruh.accept(120): Wrote row to frosting DB: 250
05-31 15:10:15.110  1717 32570 I Blockstore: (REDACTED) [DataStoreImpl] Clearing Blockstore Data for package %s
05-31 15:10:15.110  1717 32570 I Blockstore: [DataStoreImpl] Keyless data not found or its IsLastInstallationData = false. [CONTEXT service_id=258 ]
05-31 15:10:15.111  1717 32563 I Dck     : (REDACTED) disableDckSupport: %s
05-31 15:10:15.111  1717 32563 W Dck     : [WirelessCapabilitiesFeatures] wccSysProp: 0 [CONTEXT service_id=289 ]
05-31 15:10:15.111  1717 32563 I Dck     : [WirelessCapabilitiesFeatures] wccMendel: 3 [CONTEXT service_id=289 ]
05-31 15:10:15.111  1717 32563 I Dck     : [WirelessCapabilitiesFeatures] deviceWccOverride: false [CONTEXT service_id=289 ]
05-31 15:10:15.112  1717 32563 I Dck     : [WirelessCapabilitiesFeatures] replaceSupportedWccWithWccOverride: true [CONTEXT service_id=289 ]
05-31 15:10:15.112  2831  2831 I Finsky  : [2] atbs.c(44): Do not start WearSupportService due to Wear service optimization
05-31 15:10:15.112  1717 32563 I Dck     : [WirelessCapabilitiesFeatures] wccOverride: not set [CONTEXT service_id=289 ]
05-31 15:10:15.112  1717 32563 I Dck     : (REDACTED) [WirelessCapabilitiesFeatures] wcc: %s
05-31 15:10:15.112  2831  2831 I Finsky  : [2] akbb.f(9): Clearing split related stale data.
05-31 15:10:15.112  1717 32563 I Dck     : Dck module condition - hasWccSupport: false [CONTEXT service_id=289 ]
05-31 15:10:15.112  1717 32563 I Dck     : Dck module condition - downloadAllowed: false [CONTEXT service_id=289 ]
05-31 15:10:15.112  1717 32563 W Dck     : Dck module not eligible for asynchronous downloading [CONTEXT service_id=289 ]
05-31 15:10:15.112  1717 32552 I Auth    : (REDACTED) [SupervisedAccountIntentOperationV2] onHandleIntent: %s
05-31 15:10:15.119  2831  2873 I Finsky  : [53] bauu.f(49): SCH: Received scheduling request: Id: 37-56, Constraints: [{ L: 0, D: 0, C: CHARGING_NONE, I: IDLE_NONE, N: NET_NONE, B: BATTERY_ANY }]
05-31 15:10:15.136  1717  2219 E hngh    : *~*~*~ Previous channel {0} was garbage collected without being shut down! ~*~*~*
05-31 15:10:15.136  1717  2219 E hngh    :     Make sure to call shutdown()/shutdownNow()
05-31 15:10:15.136  1717  2219 E hngh    : java.lang.RuntimeException: ManagedChannel allocation site
05-31 15:10:15.136  1717  2219 E hngh    : 	at hngg.<init>(:com.google.android.gms@251933032@25.19.33 (190800-762115751):21)
05-31 15:10:15.136  1717  2219 E hngh    : 	at hngh.<init>(:com.google.android.gms@251933032@25.19.33 (190800-762115751):10)
05-31 15:10:15.136  1717  2219 E hngh    : 	at hngf.a(:com.google.android.gms@251933032@25.19.33 (190800-762115751):250)
05-31 15:10:15.136  1717  2219 E hngh    : 	at hmrh.a(:com.google.android.gms@251933032@25.19.33 (190800-762115751):5)
05-31 15:10:15.136  1717  2219 E hngh    : 	at axzq.a(:com.google.android.gms@251933032@25.19.33 (190800-762115751):70)
05-31 15:10:15.136  1717  2219 E hngh    : 	at axzh.u(:com.google.android.gms@251933032@25.19.33 (190800-762115751):119)
05-31 15:10:15.136  1717  2219 E hngh    : 	at axzh.e(:com.google.android.gms@251933032@25.19.33 (190800-762115751):5)
05-31 15:10:15.136  1717  2219 E hngh    : 	at ehoj.a(:com.google.android.gms@251933032@25.19.33 (190800-762115751):45)
05-31 15:10:15.136  1717  2219 E hngh    : 	at ehno.c(:com.google.android.gms@251933032@25.19.33 (190800-762115751):16)
05-31 15:10:15.136  1717  2219 E hngh    : 	at ehno.a(:com.google.android.gms@251933032@25.19.33 (190800-762115751):3)
05-31 15:10:15.136  1717  2219 E hngh    : 	at asta.run(:com.google.android.gms@251933032@25.19.33 (190800-762115751):5)
05-31 15:10:15.136  1717  2219 E hngh    : 	at ayfn.c(:com.google.android.gms@251933032@25.19.33 (190800-762115751):50)
05-31 15:10:15.136  1717  2219 E hngh    : 	at ayfn.run(:com.google.android.gms@251933032@25.19.33 (190800-762115751):70)
05-31 15:10:15.136  1717  2219 E hngh    : 	at java.util.concurrent.ThreadPoolExecutor.runWorker(ThreadPoolExecutor.java:1167)
05-31 15:10:15.136  1717  2219 E hngh    : 	at java.util.concurrent.ThreadPoolExecutor$Worker.run(ThreadPoolExecutor.java:641)
05-31 15:10:15.136  1717  2219 E hngh    : 	at aylc.run(:com.google.android.gms@251933032@25.19.33 (190800-762115751):8)
05-31 15:10:15.136  1717  2219 E hngh    : 	at java.lang.Thread.run(Thread.java:920)
05-31 15:10:15.141  1166 32550 W GCM     : Unexpected forwarded intent: Intent { act=android.intent.action.PACKAGE_ADDED dat=package:com.bookmate flg=0x4000010 pkg=com.google.android.gms cmp=com.google.android.gms/.chimera.PersistentIntentOperationService (has extras) }
05-31 15:10:15.147  1166 32560 W NetworkScheduler: Unexpected forwarded intent: Intent { act=android.intent.action.PACKAGE_ADDED dat=package:com.bookmate flg=0x4000010 pkg=com.google.android.gms cmp=com.google.android.gms/.chimera.PersistentIntentOperationService (has extras) }
05-31 15:10:15.153   590   637 W PackageManager: Failed registering loading progress callback. Package is fully loaded.
05-31 15:10:15.157  1717  2219 E hngh    : *~*~*~ Previous channel {0} was garbage collected without being shut down! ~*~*~*
05-31 15:10:15.157  1717  2219 E hngh    :     Make sure to call shutdown()/shutdownNow()
05-31 15:10:15.157  1717  2219 E hngh    : java.lang.RuntimeException: ManagedChannel allocation site
05-31 15:10:15.157  1717  2219 E hngh    : 	at hngg.<init>(:com.google.android.gms@251933032@25.19.33 (190800-762115751):21)
05-31 15:10:15.157  1717  2219 E hngh    : 	at hngh.<init>(:com.google.android.gms@251933032@25.19.33 (190800-762115751):10)
05-31 15:10:15.157  1717  2219 E hngh    : 	at hngf.a(:com.google.android.gms@251933032@25.19.33 (190800-762115751):250)
05-31 15:10:15.157  1717  2219 E hngh    : 	at hmrh.a(:com.google.android.gms@251933032@25.19.33 (190800-762115751):5)
05-31 15:10:15.157  1717  2219 E hngh    : 	at chle.h(:com.google.android.gms@251933032@25.19.33 (190800-762115751):81)
05-31 15:10:15.157  1717  2219 E hngh    : 	at gddt.a(:com.google.android.gms@251933032@25.19.33 (190800-762115751):182)
05-31 15:10:15.157  1717  2219 E hngh    : 	at frtu.a(:com.google.android.gms@251933032@25.19.33 (190800-762115751):13)
05-31 15:10:15.157  1717  2219 E hngh    : 	at fzvl.a(:com.google.android.gms@251933032@25.19.33 (190800-762115751):3)
05-31 15:10:15.157  1717  2219 E hngh    : 	at fzum.run(:com.google.android.gms@251933032@25.19.33 (190800-762115751):19)
05-31 15:10:15.157  1717  2219 E hngh    : 	at fzvn.run(:com.google.android.gms@251933032@25.19.33 (190800-762115751):5)
05-31 15:10:15.157  1717  2219 E hngh    : 	at ayfn.c(:com.google.android.gms@251933032@25.19.33 (190800-762115751):50)
05-31 15:10:15.157  1717  2219 E hngh    : 	at ayfn.run(:com.google.android.gms@251933032@25.19.33 (190800-762115751):70)
05-31 15:10:15.157  1717  2219 E hngh    : 	at java.util.concurrent.ThreadPoolExecutor.runWorker(ThreadPoolExecutor.java:1167)
05-31 15:10:15.157  1717  2219 E hngh    : 	at java.util.concurrent.ThreadPoolExecutor$Worker.run(ThreadPoolExecutor.java:641)
05-31 15:10:15.157  1717  2219 E hngh    : 	at aylc.run(:com.google.android.gms@251933032@25.19.33 (190800-762115751):8)
05-31 15:10:15.157  1717  2219 E hngh    : 	at java.lang.Thread.run(Thread.java:920)
05-31 15:10:15.177 12332 32534 I Finsky:background: [158] ruh.accept(120): Wrote row to frosting DB: 251
05-31 15:10:15.214  1717  4000 I cn_CronetUrlRequestContext: destroyNativeStreamLocked org.chromium.net.impl.CronetBidirectionalStream@4cbb3eb
05-31 15:10:15.224   590   660 E VerityUtils: Failed to measure fs-verity, errno 1: /data/app/~~R1ZrLzfLskF-QWxXxvHVNg==/com.bookmate-gqEzKhW3Bfv_7DHkHUXeZg==/base.apk
05-31 15:10:15.233  1608 32545 W Role    : Cannot get ApplicationInfo for default holder: com.google.android.as
05-31 15:10:15.233  1717 32713 W Conscrypt: Could not set socket write timeout: java.net.SocketException: Socket closed
05-31 15:10:15.234  1717 32713 W Conscrypt: 	at com.google.android.gms.org.conscrypt.Platform.setSocketWriteTimeout(:com.google.android.gms@251933032@25.19.33 (190800-762115751):204)
05-31 15:10:15.234  1717 32713 W Conscrypt: 	at com.google.android.gms.org.conscrypt.ConscryptFileDescriptorSocket.setSoWriteTimeout(:com.google.android.gms@251933032@25.19.33 (190800-762115751):4)
05-31 15:10:15.241  2831  2883 I Finsky  : [63] sju.accept(58): SCH: Scheduling phonesky job Id: 37-56, CT: 1748704215120, Constraints: [{ L: 0, D: 0, C: CHARGING_NONE, I: IDLE_NONE, N: NET_NONE, B: BATTERY_ANY }, { L: 0, D: 0, C: CHARGING_NONE, I: IDLE_NONE, N: NET_NONE, B: BATTERY_ANY }]
05-31 15:10:15.251  2831  2894 I Finsky  : [74] njf.apply(251): SCH: Scheduling 1 system job(s)
05-31 15:10:15.251  2831  2894 I Finsky  : [74] njf.apply(412): SCH: Scheduling expedited system job 9588
05-31 15:10:15.266  2831  2831 I Finsky  : [2] aipn.onStartJob(126): SCH: job service start with id 9588.
05-31 15:10:15.277  2831 32538 I Finsky  : [394] nje.a(184): SCH: Satisfied jobs for 9588 are: 37-56
05-31 15:10:15.279  2831 32592 I Finsky  : [398] aioi.accept(105): SCH: Job 37-56 starting
05-31 15:10:15.279  2831  2831 I Finsky  : [2] PackageAddedOrRemovedEventJob.a(62): Received an install/uninstall event for package com.bookmate with replacing being false
05-31 15:10:15.279  2831  2831 I Finsky  : [2] ainv.q(56): SCH: jobFinished: 37-56. TimeElapsed: 1ms.
05-31 15:10:15.280  2831  2894 I Finsky  : [74] ahth.b(769): Not an active Cubes user. Ignoring package install/uninstall event.
05-31 15:10:15.286  1717 32447 I Icing   : Indexing com.google.android.gms-apps from com.google.android.gms
05-31 15:10:15.287  1608 32545 W Role    : Cannot get ApplicationInfo for default holder: com.google.android.as
05-31 15:10:15.289  1608 32545 W Role    : Cannot get ApplicationInfo for default holder: com.google.android.as
05-31 15:10:15.302  2831  2893 I Finsky  : [73] sju.accept(58): SCH: Scheduling phonesky job Id: 26-1414141414, CT: 1748679643373, Constraints: [{ L: 43199999, D: 44099999, C: CHARGING_NONE, I: IDLE_NONE, N: NET_NONE, B: BATTERY_ANY }]
05-31 15:10:15.312  2831  2893 I Finsky  : [73] njf.apply(251): SCH: Scheduling 1 system job(s)
05-31 15:10:15.314   590   605 I system_server: Background concurrent copying GC freed 218059(11MB) AllocSpace objects, 72(4892KB) LOS objects, 49% free, 22MB/44MB, paused 340us,90us total 303.851ms
05-31 15:10:15.316  2831  2893 I Finsky  : [73] ains.b(244): SCH: Scheduling system job Id: 9591, L: 18628060, D: 19528060, C: false, I: false, N: 0
05-31 15:10:15.320  1717 32447 I Icing   : Indexing done com.google.android.gms-apps
05-31 15:10:15.322  2831 32592 I Finsky  : [398] aipn.a(24): SCH: job service finished with id 9588.
05-31 15:10:15.345   590   607 W System  : A resource failed to call close. 
05-31 15:10:15.366  1717 32713 W Conscrypt: Could not set socket write timeout: java.net.SocketException: Socket closed
05-31 15:10:15.366  1717 32713 W Conscrypt: 	at com.google.android.gms.org.conscrypt.Platform.setSocketWriteTimeout(:com.google.android.gms@251933032@25.19.33 (190800-762115751):204)
05-31 15:10:15.366  1717 32713 W Conscrypt: 	at com.google.android.gms.org.conscrypt.ConscryptFileDescriptorSocket.setSoWriteTimeout(:com.google.android.gms@251933032@25.19.33 (190800-762115751):4)
05-31 15:10:15.387  1360  1692 W MediaProvider: isAppCloneUserPair for user 0: false
05-31 15:10:15.413   181   181 I hwservicemanager: getTransport: Cannot find entry android.hardware.graphics.mapper@4.0::IMapper/default in either framework or device VINTF manifest.
05-31 15:10:15.414 32728 32730 I Gralloc4: mapper 4.x is not supported
05-31 15:10:15.450  1166 30305 I NetworkScheduler.Stats: (REDACTED) Task %s/%s started execution. cause:%s exec_start_elapsed_seconds: %s
05-31 15:10:15.455  1166 32731 I NetworkScheduler.Stats: (REDACTED) Task %s/%s finished executing. cause:%s result: %s elapsed_millis: %s uptime_millis: %s exec_start_elapsed_seconds: %s
05-31 15:10:15.514  1717  2219 I AppLinksAsyncVerifierV2: (REDACTED) Verification result: checking for a statement with source %s, relation delegate_permission/common.handle_all_urls, and target %s --> %b.
05-31 15:10:15.514  1717 32554 I AppLinksHostsVerifierV2: (REDACTED) Verification %s complete. Successful hosts: %s. Failed hosts: %s. Error hosts: %s.
05-31 15:10:15.517  1717 32554 I WebApkHostsVerifierV2: (REDACTED) Processing %d input requests
05-31 15:10:15.517  1717 32554 I AppLinksUtilsV1: Legacy cross-profile verification enabled [CONTEXT service_id=244 ]
05-31 15:10:15.518  1717 32554 I WebApkHostsVerifierV2: (REDACTED) Returning %d non-WebAPK requests
05-31 15:10:15.699  1360  1926 I MediaProvider: Begin Intent { act=android.intent.action.MEDIA_SCANNER_SCAN_FILE dat=file:///sdcard/screen_2025-05-31_231015.png flg=0x1400010 cmp=com.google.android.providers.media.module/com.android.providers.media.MediaService }
05-31 15:10:15.705  1360  1926 I MediaProvider: End Intent { act=android.intent.action.MEDIA_SCANNER_SCAN_FILE dat=file:///sdcard/screen_2025-05-31_231015.png flg=0x1400010 cmp=com.google.android.providers.media.module/com.android.providers.media.MediaService }
05-31 15:10:15.776  1360  6401 I MediaProvider: Deleted 0 1 0 0 0 0 0 items on external_primary due to com.android.shell
05-31 15:10:15.777  1166  2130 I UriTaskContentObserver: (REDACTED) Throttling content uri change event for %s
05-31 15:10:16.112   590  2627 I ActivityManager: Force stopping com.bookmate appid=10170 user=0: from pid 32757
05-31 15:10:16.150   590   628 I ActivityTaskManager: START u0 {act=android.intent.action.MAIN cat=[android.intent.category.HOME] flg=0x10000100 cmp=com.google.android.apps.nexuslauncher/.NexusLauncherActivity (has extras)} from uid 0
05-31 15:10:16.157   590   930 W ActivityManager: Unable to start service Intent { act=android.service.smartspace.SmartspaceService cmp=com.google.android.as/com.google.android.apps.miphone.aiai.app.AiAiSmartspaceService } U=0: not found
05-31 15:10:16.157   590   930 W RemoteSmartspaceService: could not bind to Intent { act=android.service.smartspace.SmartspaceService cmp=com.google.android.as/com.google.android.apps.miphone.aiai.app.AiAiSmartspaceService } using flags 67112961
05-31 15:10:16.157   590   590 W ActivityManager: Unbind failed: could not find connection for android.app.LoadedApk$ServiceDispatcher$InnerConnection@3d2a279
05-31 15:10:17.514  1360  6409 W MediaProvider: isAppCloneUserPair for user 0: false
05-31 15:10:17.538   181   181 I hwservicemanager: getTransport: Cannot find entry android.hardware.graphics.mapper@4.0::IMapper/default in either framework or device VINTF manifest.
05-31 15:10:17.539   314   350 I Gralloc4: mapper 4.x is not supported
05-31 15:10:17.802  1360  1926 I MediaProvider: Begin Intent { act=android.intent.action.MEDIA_SCANNER_SCAN_FILE dat=file:///sdcard/screen_2025-05-31_231017.png flg=0x1400010 cmp=com.google.android.providers.media.module/com.android.providers.media.MediaService }
05-31 15:10:17.810  1360  1926 I MediaProvider: End Intent { act=android.intent.action.MEDIA_SCANNER_SCAN_FILE dat=file:///sdcard/screen_2025-05-31_231017.png flg=0x1400010 cmp=com.google.android.providers.media.module/com.android.providers.media.MediaService }
05-31 15:10:17.881  1360  1692 I MediaProvider: Deleted 0 1 0 0 0 0 0 items on external_primary due to com.android.shell
05-31 15:10:17.882  1166  2130 I UriTaskContentObserver: (REDACTED) Throttling content uri change event for %s
05-31 15:10:18.482  1360  6405 W MediaProvider: isAppCloneUserPair for user 0: false
05-31 15:10:18.506   181   181 I hwservicemanager: getTransport: Cannot find entry android.hardware.graphics.mapper@4.0::IMapper/default in either framework or device VINTF manifest.
05-31 15:10:18.506   513   516 I Gralloc4: mapper 4.x is not supported
05-31 15:10:18.794  1360  1926 I MediaProvider: Begin Intent { act=android.intent.action.MEDIA_SCANNER_SCAN_FILE dat=file:///sdcard/screen_2025-05-31_231018.png flg=0x1400010 cmp=com.google.android.providers.media.module/com.android.providers.media.MediaService }
05-31 15:10:18.805  1360  1926 I MediaProvider: End Intent { act=android.intent.action.MEDIA_SCANNER_SCAN_FILE dat=file:///sdcard/screen_2025-05-31_231018.png flg=0x1400010 cmp=com.google.android.providers.media.module/com.android.providers.media.MediaService }
05-31 15:10:18.876  1360  6502 I MediaProvider: Deleted 0 1 0 0 0 0 0 items on external_primary due to com.android.shell
05-31 15:10:18.877  1166  2130 I UriTaskContentObserver: (REDACTED) Throttling content uri change event for %s
05-31 15:10:19.388  1360  1469 W MediaProvider: isAppCloneUserPair for user 0: false
05-31 15:10:19.411   181   181 I hwservicemanager: getTransport: Cannot find entry android.hardware.graphics.mapper@4.0::IMapper/default in either framework or device VINTF manifest.
05-31 15:10:19.412   562   564 I Gralloc4: mapper 4.x is not supported
05-31 15:10:19.702   176   176 I servicemanager: Notifying apexservice they have clients: 1
05-31 15:10:19.702   176   176 I servicemanager: Notifying apexservice they have clients: 0
05-31 15:10:19.723   176   176 I BpBinder: onLastStrongRef automatically unlinking death recipients: <uncached descriptor>
05-31 15:10:19.763  1360  1926 I MediaProvider: Begin Intent { act=android.intent.action.MEDIA_SCANNER_SCAN_FILE dat=file:///sdcard/screen_2025-05-31_231019.png flg=0x1400010 cmp=com.google.android.providers.media.module/com.android.providers.media.MediaService }
05-31 15:10:19.780  1360  1926 I MediaProvider: End Intent { act=android.intent.action.MEDIA_SCANNER_SCAN_FILE dat=file:///sdcard/screen_2025-05-31_231019.png flg=0x1400010 cmp=com.google.android.providers.media.module/com.android.providers.media.MediaService }
05-31 15:10:19.848  1360  6405 I MediaProvider: Deleted 0 1 0 0 0 0 0 items on external_primary due to com.android.shell
05-31 15:10:19.848  1166  2130 I UriTaskContentObserver: (REDACTED) Throttling content uri change event for %s
05-31 15:10:20.166   590   857 I ActivityTaskManager: START u0 {act=android.intent.action.MAIN cat=[android.intent.category.LAUNCHER] flg=0x10000000 cmp=com.bookmate/.app.LaunchActivity} from uid 2000
05-31 15:10:20.168   590   857 W ActivityTaskManager: Can't find TaskDisplayArea to determine support for multi window. Task id=24 attached=false
05-31 15:10:20.204   590   639 I ActivityManager: Start proc 595:com.bookmate/u0a170 for pre-top-activity {com.bookmate/com.bookmate.app.LaunchActivity}
05-31 15:10:20.209   595   595 W com.bookmate: Unexpected CPU variant for X86 using defaults: x86_64
05-31 15:10:20.221   595   595 E com.bookmate: Not starting debugger since process cannot load the jdwp agent.
05-31 15:10:20.280   595   649 I DynamiteModule: Considering local module com.google.android.gms.measurement.dynamite:13 and remote module com.google.android.gms.measurement.dynamite:0
05-31 15:10:20.280   595   649 I DynamiteModule: Selected local version of com.google.android.gms.measurement.dynamite
05-31 15:10:20.296  1376  1376 I GsaVoiceInteractionSrv: Handling ACTION_STOP_HOTWORD
05-31 15:10:20.296  1376  1376 E HwDetectorWithState: a: 3
05-31 15:10:20.319   595   595 I FirebaseCrashlytics: Initializing Crashlytics 17.0.0
05-31 15:10:20.323   595   649 W com.bookmate: Unsupported class loader
05-31 15:10:20.324   595   649 W com.bookmate: Unsupported class loader
05-31 15:10:20.326   590   857 E system_server: Invalid class loader spec: =UnsupportedClassLoaderContext=
05-31 15:10:20.326   590   857 E PackageDexUsage: Unsupported context?
05-31 15:10:20.339   595   595 I FirebaseInitProvider: FirebaseApp initialization successful
05-31 15:10:20.352   595   595 W com.facebook.UserSettingsManager: You haven't set a value for AdvertiserIDCollectionEnabled. Set the flag to TRUE if you want to collect Advertiser ID for better advertising and analytics results. To request user consent before collecting data, set the flag value to FALSE, then change to TRUE once user consent is received. Learn more: https://developers.facebook.com/docs/app-events/getting-started-app-events-android#disable-auto-events.
05-31 15:10:20.381   595   699 I FA      : App measurement initialized, version: 27000
05-31 15:10:20.381   595   699 I FA      : To enable debug logging run: adb shell setprop log.tag.FA VERBOSE
05-31 15:10:20.381   595   699 I FA      : To enable faster debug mode event logging run:
05-31 15:10:20.381   595   699 I FA      :   adb shell setprop debug.firebase.analytics.app com.bookmate
05-31 15:10:20.392   595   783 W FirebaseRemoteConfig: No value of type 'FirebaseRemoteConfigValue' exists for parameter key 'fpr_enabled'.
05-31 15:10:20.394   595   783 W FirebaseRemoteConfig: No value of type 'FirebaseRemoteConfigValue' exists for parameter key 'fpr_disabled_android_versions'.
05-31 15:10:20.413   595   783 W FirebaseRemoteConfig: No value of type 'FirebaseRemoteConfigValue' exists for parameter key 'fpr_rl_time_limit_sec'.
05-31 15:10:20.415   595   783 W FirebaseRemoteConfig: No value of type 'FirebaseRemoteConfigValue' exists for parameter key 'fpr_rl_trace_event_count_fg'.
05-31 15:10:20.417   595   783 W FirebaseRemoteConfig: No value of type 'FirebaseRemoteConfigValue' exists for parameter key 'fpr_rl_time_limit_sec'.
05-31 15:10:20.418   595   783 W FirebaseRemoteConfig: No value of type 'FirebaseRemoteConfigValue' exists for parameter key 'fpr_rl_trace_event_count_bg'.
05-31 15:10:20.419   595   783 W FirebaseRemoteConfig: No value of type 'FirebaseRemoteConfigValue' exists for parameter key 'fpr_rl_time_limit_sec'.
05-31 15:10:20.420   595   783 W FirebaseRemoteConfig: No value of type 'FirebaseRemoteConfigValue' exists for parameter key 'fpr_rl_network_event_count_fg'.
05-31 15:10:20.422   595   783 W FirebaseRemoteConfig: No value of type 'FirebaseRemoteConfigValue' exists for parameter key 'fpr_rl_time_limit_sec'.
05-31 15:10:20.423   595   783 W FirebaseRemoteConfig: No value of type 'FirebaseRemoteConfigValue' exists for parameter key 'fpr_rl_network_event_count_bg'.
05-31 15:10:20.424   595   783 W FirebaseRemoteConfig: No value of type 'FirebaseRemoteConfigValue' exists for parameter key 'fpr_log_source'.
05-31 15:10:20.451   595   784 W SQLiteLog: (28) double-quoted string literal: "c84d23ade98552f1cec71088c1f0794c"
05-31 15:10:20.515   595   699 I FA      : Tag Manager is not found and thus will not be used
05-31 15:10:20.595   595   595 E com.bookmate: Invalid ID 0x00000000.
05-31 15:10:20.614   595   595 E com.bookmate: Invalid ID 0x00000000.
05-31 15:10:20.616   590  2627 W ActivityManager: Unable to start service Intent { act=android.service.smartspace.SmartspaceService cmp=com.google.android.as/com.google.android.apps.miphone.aiai.app.AiAiSmartspaceService } U=0: not found
05-31 15:10:20.617   590  2627 W RemoteSmartspaceService: could not bind to Intent { act=android.service.smartspace.SmartspaceService cmp=com.google.android.as/com.google.android.apps.miphone.aiai.app.AiAiSmartspaceService } using flags 67112961
05-31 15:10:20.618   590   590 W ActivityManager: Unbind failed: could not find connection for android.app.LoadedApk$ServiceDispatcher$InnerConnection@f9a15e
05-31 15:10:20.624  1507  1507 I A       : onApplyWindowInsets: systemWindowInsets=Insets{left=0, top=63, right=0, bottom=126}
05-31 15:10:20.625   595   841 I AWSKeyValueStore: Detected Android API Level = 31
05-31 15:10:20.625   595   841 I AWSKeyValueStore: Creating the AWSKeyValueStore with key for sharedPreferencesForData = com.amazonaws.mobile.client
05-31 15:10:20.626  1507  1507 I A       : onApplyWindowInsets: systemWindowInsets=Insets{left=0, top=63, right=0, bottom=126}
05-31 15:10:20.636   595   841 I AWSKeyValueStore: Detected Android API Level = 31
05-31 15:10:20.636   595   841 I AWSKeyValueStore: Creating the AWSKeyValueStore with key for sharedPreferencesForData = com.amazonaws.android.auth
05-31 15:10:20.639   595   595 W LogFactory: Truncating log tag length as it exceed 23, the limit imposed by Android on certain API Levels
05-31 15:10:20.640   595   841 W LogFactory: Truncating log tag length as it exceed 23, the limit imposed by Android on certain API Levels
05-31 15:10:20.642   595   841 I AWSKeyValueStore: Detected Android API Level = 31
05-31 15:10:20.642   595   841 I AWSKeyValueStore: Creating the AWSKeyValueStore with key for sharedPreferencesForData = com.amazonaws.android.auth
05-31 15:10:20.649   595   595 W LogFactory: Truncating log tag length as it exceed 23, the limit imposed by Android on certain API Levels
05-31 15:10:20.653   595   595 W AnalyticsClient: Null attribute value provided to addGlobalAttribute.
05-31 15:10:20.653   595   595 W AnalyticsClient: Null attribute value provided to addGlobalAttribute.
05-31 15:10:20.653   595   595 W AnalyticsClient: Null attribute value provided to addGlobalAttribute.
05-31 15:10:20.668   595   595 W RxIoScheduler-3: type=1400 audit(0.0:206): avc: granted { nlmsg_readpriv } for scontext=u:r:untrusted_app_29:s0:c170,c256,c512,c768 tcontext=u:r:untrusted_app_29:s0:c170,c256,c512,c768 tclass=netlink_route_socket app=com.bookmate
05-31 15:10:20.708   595   841 E AWSKeyValueStore: com.amazonaws.internal.keyvaluestore.KeyNotFoundException: Error occurred while accessing AndroidKeyStore to retrieve the key for keyAlias: com.amazonaws.android.auth.aesKeyStoreAlias
05-31 15:10:20.708   595   841 I AWSKeyValueStore: Deleting the encryption key identified by the keyAlias: com.amazonaws.android.auth.aesKeyStoreAlias
05-31 15:10:20.712   595   841 E AWSKeyValueStore: Error in retrieving the decryption key used to decrypt the data from the persistent store. Returning null for the requested dataKey = us-east-1:320e3aa6-f87c-44b2-9804-2189263ca439.identityId
05-31 15:10:20.713   595   841 E AWSKeyValueStore: com.amazonaws.internal.keyvaluestore.KeyNotFoundException: Error occurred while accessing AndroidKeyStore to retrieve the key for keyAlias: com.amazonaws.android.auth.aesKeyStoreAlias
05-31 15:10:20.713   595   841 I AWSKeyValueStore: Deleting the encryption key identified by the keyAlias: com.amazonaws.android.auth.aesKeyStoreAlias
05-31 15:10:20.714   595   841 E AWSKeyValueStore: Error in retrieving the decryption key used to decrypt the data from the persistent store. Returning null for the requested dataKey = us-east-1:320e3aa6-f87c-44b2-9804-2189263ca439.expirationDate
05-31 15:10:20.716   595   841 E AWSKeyValueStore: com.amazonaws.internal.keyvaluestore.KeyNotFoundException: Error occurred while accessing AndroidKeyStore to retrieve the key for keyAlias: com.amazonaws.mobile.client.aesKeyStoreAlias
05-31 15:10:20.716   595   841 I AWSKeyValueStore: Deleting the encryption key identified by the keyAlias: com.amazonaws.mobile.client.aesKeyStoreAlias
05-31 15:10:20.717   595   841 E AWSKeyValueStore: Error in retrieving the decryption key used to decrypt the data from the persistent store. Returning null for the requested dataKey = provider
05-31 15:10:20.718   595   841 E AWSKeyValueStore: com.amazonaws.internal.keyvaluestore.KeyNotFoundException: Error occurred while accessing AndroidKeyStore to retrieve the key for keyAlias: com.amazonaws.mobile.client.aesKeyStoreAlias
05-31 15:10:20.718   595   841 I AWSKeyValueStore: Deleting the encryption key identified by the keyAlias: com.amazonaws.mobile.client.aesKeyStoreAlias
05-31 15:10:20.719   595   841 E AWSKeyValueStore: Error in retrieving the decryption key used to decrypt the data from the persistent store. Returning null for the requested dataKey = token
05-31 15:10:20.721   595   841 E AWSKeyValueStore: com.amazonaws.internal.keyvaluestore.KeyNotFoundException: Error occurred while accessing AndroidKeyStore to retrieve the key for keyAlias: com.amazonaws.mobile.client.aesKeyStoreAlias
05-31 15:10:20.721   595   841 I AWSKeyValueStore: Deleting the encryption key identified by the keyAlias: com.amazonaws.mobile.client.aesKeyStoreAlias
05-31 15:10:20.723   595   841 E AWSKeyValueStore: Error in retrieving the decryption key used to decrypt the data from the persistent store. Returning null for the requested dataKey = cognitoIdentityId
05-31 15:10:20.723   595   841 E AWSKeyValueStore: com.amazonaws.internal.keyvaluestore.KeyNotFoundException: Error occurred while accessing AndroidKeyStore to retrieve the key for keyAlias: com.amazonaws.mobile.client.aesKeyStoreAlias
05-31 15:10:20.723   595   841 I AWSKeyValueStore: Deleting the encryption key identified by the keyAlias: com.amazonaws.mobile.client.aesKeyStoreAlias
05-31 15:10:20.725   595   841 E AWSKeyValueStore: Error in retrieving the decryption key used to decrypt the data from the persistent store. Returning null for the requested dataKey = isFederationEnabled
05-31 15:10:20.800   595   709 W FirebaseRemoteConfig: No value of type 'FirebaseRemoteConfigValue' exists for parameter key 'fpr_session_max_duration_min'.
05-31 15:10:20.801   595   783 W FirebaseRemoteConfig: No value of type 'FirebaseRemoteConfigValue' exists for parameter key 'fpr_enabled'.
05-31 15:10:20.802   595   783 W FirebaseRemoteConfig: No value of type 'FirebaseRemoteConfigValue' exists for parameter key 'fpr_disabled_android_versions'.
05-31 15:10:20.805   595   783 W FirebaseRemoteConfig: No value of type 'FirebaseRemoteConfigValue' exists for parameter key 'fpr_enabled'.
05-31 15:10:20.807   595   757 W FirebaseRemoteConfig: No value of type 'FirebaseRemoteConfigValue' exists for parameter key 'fpr_session_max_duration_min'.
05-31 15:10:20.813   595   769 W FirebaseRemoteConfig: No value of type 'FirebaseRemoteConfigValue' exists for parameter key 'fpr_session_max_duration_min'.
05-31 15:10:20.816   595   783 W FirebaseRemoteConfig: No value of type 'FirebaseRemoteConfigValue' exists for parameter key 'fpr_disabled_android_versions'.
05-31 15:10:20.817   595   783 W FirebaseRemoteConfig: No value of type 'FirebaseRemoteConfigValue' exists for parameter key 'fpr_vc_network_request_sampling_rate'.
05-31 15:10:20.830   595   783 W FirebaseRemoteConfig: No value of type 'FirebaseRemoteConfigValue' exists for parameter key 'fpr_enabled'.
05-31 15:10:20.830   595   783 W FirebaseRemoteConfig: No value of type 'FirebaseRemoteConfigValue' exists for parameter key 'fpr_disabled_android_versions'.
05-31 15:10:20.830   595   783 W FirebaseRemoteConfig: No value of type 'FirebaseRemoteConfigValue' exists for parameter key 'fpr_enabled'.
05-31 15:10:20.830   595   783 W FirebaseRemoteConfig: No value of type 'FirebaseRemoteConfigValue' exists for parameter key 'fpr_disabled_android_versions'.
05-31 15:10:20.831   595   783 W FirebaseRemoteConfig: No value of type 'FirebaseRemoteConfigValue' exists for parameter key 'fpr_vc_network_request_sampling_rate'.
05-31 15:10:20.831   595   783 W FirebaseRemoteConfig: No value of type 'FirebaseRemoteConfigValue' exists for parameter key 'fpr_enabled'.
05-31 15:10:20.832   595   783 W FirebaseRemoteConfig: No value of type 'FirebaseRemoteConfigValue' exists for parameter key 'fpr_disabled_android_versions'.
05-31 15:10:20.832   595   783 W FirebaseRemoteConfig: No value of type 'FirebaseRemoteConfigValue' exists for parameter key 'fpr_enabled'.
05-31 15:10:20.832   595   783 W FirebaseRemoteConfig: No value of type 'FirebaseRemoteConfigValue' exists for parameter key 'fpr_disabled_android_versions'.
05-31 15:10:20.832   595   783 W FirebaseRemoteConfig: No value of type 'FirebaseRemoteConfigValue' exists for parameter key 'fpr_vc_network_request_sampling_rate'.
05-31 15:10:20.852   590  2627 W ServiceManager: Permission failure: android.permission.HIGH_SAMPLING_RATE_SENSORS from uid=10170 pid=595
05-31 15:10:20.858   595   595 E com.bookmate: Invalid ID 0x00000000.
05-31 15:10:20.860   595   595 W com.bookmate: type=1400 audit(0.0:207): avc: granted { nlmsg_readpriv } for scontext=u:r:untrusted_app_29:s0:c170,c256,c512,c768 tcontext=u:r:untrusted_app_29:s0:c170,c256,c512,c768 tclass=netlink_route_socket app=com.bookmate
05-31 15:10:20.876   595   595 W FirebaseRemoteConfig: No value of type 'FirebaseRemoteConfigValue' exists for parameter key 'fpr_session_max_duration_min'.
05-31 15:10:20.876   595   783 W FirebaseRemoteConfig: No value of type 'FirebaseRemoteConfigValue' exists for parameter key 'fpr_enabled'.
05-31 15:10:20.876   595   783 W FirebaseRemoteConfig: No value of type 'FirebaseRemoteConfigValue' exists for parameter key 'fpr_disabled_android_versions'.
05-31 15:10:20.877   595   783 W FirebaseRemoteConfig: No value of type 'FirebaseRemoteConfigValue' exists for parameter key 'fpr_enabled'.
05-31 15:10:20.877   595   783 W FirebaseRemoteConfig: No value of type 'FirebaseRemoteConfigValue' exists for parameter key 'fpr_disabled_android_versions'.
05-31 15:10:20.877   595   783 W FirebaseRemoteConfig: No value of type 'FirebaseRemoteConfigValue' exists for parameter key 'fpr_vc_trace_sampling_rate'.
05-31 15:10:20.885   595   595 I WebViewFactory: Loading com.google.android.webview version 91.0.4472.114 (code 447211487)
05-31 15:10:20.924   595   595 I cr_LibraryLoader: Loaded native library version number "91.0.4472.114"
05-31 15:10:20.925   595   595 I cr_CachingUmaRecorder: Flushed 5 samples from 5 histograms.
05-31 15:10:20.944   590   639 I ActivityManager: Start proc 921:com.google.android.webview:sandboxed_process0:org.chromium.content.app.SandboxedProcessService0:0/u0i7 for  {com.bookmate/org.chromium.content.app.SandboxedProcessService0:0}
05-31 15:10:20.948   921   921 W ocessService0:: Unexpected CPU variant for X86 using defaults: x86_64
05-31 15:10:20.952   921   921 E ocessService0:: Not starting debugger since process cannot load the jdwp agent.
05-31 15:10:20.968   921   921 I cr_ChildProcessService: Creating new ChildProcessService pid=921
05-31 15:10:20.980   595   595 W AnalyticsClient: Null attribute value provided to addGlobalAttribute.
05-31 15:10:20.981   595   595 W AnalyticsClient: Null attribute value provided to addGlobalAttribute.
05-31 15:10:20.981   595   595 W AnalyticsClient: Null attribute value provided to addGlobalAttribute.
05-31 15:10:20.983   595   837 I EventRecorder: Event Recorded to database with EventType: App Opened
05-31 15:10:20.986   595   595 I EventRecorder: Event Recorded to database with EventType: _session.r...
05-31 15:10:21.035   595   595 W SessionClient: Session Resume Failed: No session is paused.
05-31 15:10:21.037   590   857 I ActivityTaskManager: START u0 {cmp=com.bookmate/.app.login.WelcomeActivity (has extras)} from uid 10170
05-31 15:10:21.064   595   595 W RxIoScheduler-3: type=1400 audit(0.0:208): avc: granted { nlmsg_readpriv } for scontext=u:r:untrusted_app_29:s0:c170,c256,c512,c768 tcontext=u:r:untrusted_app_29:s0:c170,c256,c512,c768 tclass=netlink_route_socket app=com.bookmate
05-31 15:10:21.147   595   757 W FirebaseRemoteConfig: No value of type 'FirebaseRemoteConfigValue' exists for parameter key 'fpr_session_max_duration_min'.
05-31 15:10:21.147   595   783 W FirebaseRemoteConfig: No value of type 'FirebaseRemoteConfigValue' exists for parameter key 'fpr_enabled'.
05-31 15:10:21.147   595   783 W FirebaseRemoteConfig: No value of type 'FirebaseRemoteConfigValue' exists for parameter key 'fpr_disabled_android_versions'.
05-31 15:10:21.148   595   783 W FirebaseRemoteConfig: No value of type 'FirebaseRemoteConfigValue' exists for parameter key 'fpr_enabled'.
05-31 15:10:21.148   595   783 W FirebaseRemoteConfig: No value of type 'FirebaseRemoteConfigValue' exists for parameter key 'fpr_disabled_android_versions'.
05-31 15:10:21.149   595   783 W FirebaseRemoteConfig: No value of type 'FirebaseRemoteConfigValue' exists for parameter key 'fpr_vc_network_request_sampling_rate'.
05-31 15:10:21.180   590   857 W ServiceManager: Permission failure: android.permission.HIGH_SAMPLING_RATE_SENSORS from uid=10170 pid=595
05-31 15:10:21.184   590  2627 W ServiceManager: Permission failure: android.permission.HIGH_SAMPLING_RATE_SENSORS from uid=10170 pid=595
05-31 15:10:21.190   590   859 W ServiceManager: Permission failure: android.permission.HIGH_SAMPLING_RATE_SENSORS from uid=10170 pid=595
05-31 15:10:21.198   590  1643 W ServiceManager: Permission failure: android.permission.HIGH_SAMPLING_RATE_SENSORS from uid=10170 pid=595
05-31 15:10:21.209   590   679 W ServiceManager: Permission failure: android.permission.HIGH_SAMPLING_RATE_SENSORS from uid=10170 pid=595
05-31 15:10:21.209   595   595 I AnalyticsClient: Submitting events.
05-31 15:10:21.223   590   859 W ActivityTaskManager: Tried to set launchTime (0) < mLastActivityLaunchTime (1293957)
05-31 15:10:21.228   590   857 W ServiceManager: Permission failure: android.permission.HIGH_SAMPLING_RATE_SENSORS from uid=10170 pid=595
05-31 15:10:21.251   595   985 E AWSKeyValueStore: com.amazonaws.internal.keyvaluestore.KeyNotFoundException: Error occurred while accessing AndroidKeyStore to retrieve the key for keyAlias: com.amazonaws.mobile.client.aesKeyStoreAlias
05-31 15:10:21.251   595   985 I AWSKeyValueStore: Deleting the encryption key identified by the keyAlias: com.amazonaws.mobile.client.aesKeyStoreAlias
05-31 15:10:21.255   595   985 E AWSKeyValueStore: Error in retrieving the decryption key used to decrypt the data from the persistent store. Returning null for the requested dataKey = provider
05-31 15:10:21.256   595   985 E AWSKeyValueStore: com.amazonaws.internal.keyvaluestore.KeyNotFoundException: Error occurred while accessing AndroidKeyStore to retrieve the key for keyAlias: com.amazonaws.mobile.client.aesKeyStoreAlias
05-31 15:10:21.256   595   985 I AWSKeyValueStore: Deleting the encryption key identified by the keyAlias: com.amazonaws.mobile.client.aesKeyStoreAlias
05-31 15:10:21.257   595   985 E AWSKeyValueStore: Error in retrieving the decryption key used to decrypt the data from the persistent store. Returning null for the requested dataKey = token
