05-31 15:11:23.100  3918  3918 E ocessService0:: Not starting debugger since process cannot load the jdwp agent.
05-31 15:11:23.115  3918  3918 W SystemServiceRegistry: No service published for: uimode
05-31 15:11:23.117  3918  3918 I cr_ChildProcessService: Creating new ChildProcessService pid=3918
05-31 15:11:23.149  3918  3938 I cr_LibraryLoader: Loaded native library version number "91.0.4472.114"
05-31 15:11:23.149  3918  3938 I cr_CachingUmaRecorder: Flushed 1 samples from 1 histograms.
05-31 15:11:23.315  1360  1472 W MediaProvider: isAppCloneUserPair for user 0: false
05-31 15:11:23.344   181   181 I hwservicemanager: getTransport: Cannot find entry android.hardware.graphics.mapper@4.0::IMapper/default in either framework or device VINTF manifest.
05-31 15:11:23.344  3978  3980 I Gralloc4: mapper 4.x is not supported
05-31 15:11:23.513  1360  1926 I MediaProvider: Begin Intent { act=android.intent.action.MEDIA_SCANNER_SCAN_FILE dat=file:///sdcard/screen_2025-05-31_231123.png flg=0x1400010 cmp=com.google.android.providers.media.module/com.android.providers.media.MediaService }
05-31 15:11:23.559  1360  1926 I MediaProvider: End Intent { act=android.intent.action.MEDIA_SCANNER_SCAN_FILE dat=file:///sdcard/screen_2025-05-31_231123.png flg=0x1400010 cmp=com.google.android.providers.media.module/com.android.providers.media.MediaService }
05-31 15:11:23.615  1360  6409 I MediaProvider: Deleted 0 1 0 0 0 0 0 items on external_primary due to com.android.shell
05-31 15:11:23.616  1166  2130 I UriTaskContentObserver: (REDACTED) Throttling content uri change event for %s
05-31 15:11:24.056   590   639 I ActivityManager: Start proc 4045:com.android.chrome:sandboxed_process0:org.chromium.content.app.SandboxedProcessService0:6/u0ai3 for  {com.android.chrome/org.chromium.content.app.SandboxedProcessService0:6}
05-31 15:11:24.059  4045  4045 W ocessService0:: Unexpected CPU variant for X86 using defaults: x86_64
05-31 15:11:24.062  4045  4045 E ocessService0:: Not starting debugger since process cannot load the jdwp agent.
05-31 15:11:24.096 12278 12278 I cr_tabmodel: Appending tabs being restored to metadata lists, 0, startingNormalCount: 1, startingIncognitoCount: 0
05-31 15:11:24.096 12278 12278 I cr_tabmodel: Serializing tab lists; counts: 1, 0
05-31 15:11:24.111  4045  4045 W SystemServiceRegistry: No service published for: uimode
05-31 15:11:24.116  4045  4045 I cr_ChildProcessService: Creating new ChildProcessService pid=4045
05-31 15:11:24.133 12278 13570 I cr_BindingManager: Moderate binding enabled: maxSize=-1
05-31 15:11:24.144  4045  4069 I cr_LibraryLoader: Loaded native library version number "91.0.4472.114"
05-31 15:11:24.145  4045  4069 I cr_CachingUmaRecorder: Flushed 1 samples from 1 histograms.
05-31 15:11:24.248 12278  3832 E cr_PackageMetrics: Could not parse UUID 0F22-251F
05-31 15:11:24.248 12278  3832 E cr_PackageMetrics: java.lang.IllegalArgumentException: Invalid UUID string: 0F22-251F
05-31 15:11:24.248 12278  3832 E cr_PackageMetrics: 	at java.util.UUID.fromString(UUID.java:194)
05-31 15:11:24.248 12278  3832 E cr_PackageMetrics: 	at w82.a(chromium-TrichromeChromeGoogle6432System.aab-stable-447211487:10)
05-31 15:11:24.248 12278  3832 E cr_PackageMetrics: 	at Fq2.c(chromium-TrichromeChromeGoogle6432System.aab-stable-447211487:22)
05-31 15:11:24.248 12278  3832 E cr_PackageMetrics: 	at bm.call(chromium-TrichromeChromeGoogle6432System.aab-stable-447211487:4)
05-31 15:11:24.248 12278  3832 E cr_PackageMetrics: 	at java.util.concurrent.FutureTask.run(FutureTask.java:266)
05-31 15:11:24.248 12278  3832 E cr_PackageMetrics: 	at cm.run(chromium-TrichromeChromeGoogle6432System.aab-stable-447211487:5)
05-31 15:11:24.312 12278 12278 I cr_tabmodel: Appending tabs being restored to metadata lists, 0, startingNormalCount: 1, startingIncognitoCount: 0
05-31 15:11:24.313 12278 12278 I cr_tabmodel: Serializing tab lists; counts: 1, 0
05-31 15:11:24.332 32566 32580 I mit.droidbotap: Background concurrent copying GC freed 34639(1329KB) AllocSpace objects, 11(1524KB) LOS objects, 49% free, 3231KB/6463KB, paused 579us,117us total 138.117ms
05-31 15:11:24.980   590   719 W BestClock: java.time.DateTimeException: Missing NTP fix
05-31 15:11:25.014   590   719 W BestClock: java.time.DateTimeException: Missing NTP fix
05-31 15:11:25.023   590   720 W BestClock: java.time.DateTimeException: Missing NTP fix
05-31 15:11:25.035   590   720 W BestClock: java.time.DateTimeException: Missing NTP fix
05-31 15:11:25.038   590   720 W BestClock: java.time.DateTimeException: Missing NTP fix
05-31 15:11:25.109   349   349 I android.hardware.vibrator-service.example: Vibrator perform
05-31 15:11:25.115   349   349 I android.hardware.vibrator-service.example: Vibrator on for timeoutMs: 1
05-31 15:11:25.115   349  4136 I android.hardware.vibrator-service.example: Starting on on another thread
05-31 15:11:25.116   349   349 I android.hardware.vibrator-service.example: Vibrator set amplitude: 0.709427
05-31 15:11:25.116   349   349 I android.hardware.vibrator-service.example: Vibrator off
05-31 15:11:25.117   349  4136 I android.hardware.vibrator-service.example: Notifying on complete
05-31 15:11:25.119   349   349 I android.hardware.vibrator-service.example: Vibrator set amplitude: 0.709427
05-31 15:11:25.136   349   349 I android.hardware.vibrator-service.example: Vibrator off
05-31 15:11:25.642  1717  4139 I GmscoreIpa: Starting mediastore instant index [CONTEXT service_id=255 ]
05-31 15:11:25.896 12278 12634 I cr_omaha: OmahaBase::generateAndPostRequest(): Sending request to Omaha:
05-31 15:11:25.896 12278 12634 I cr_omaha: <?xml version='1.0' encoding='UTF-8' standalone='yes' ?><request protocol="3.0" updater="Android" updaterversion="91.0.4472.114" updaterchannel="chrome" ismachine="1" requestid="{144dece6-c3d8-4cd7-8a60-dce9d13d1c52}" sessionid="{610096da-52fd-44b4-a629-8f610a431283}" installsource="system_image" userid="{6dd29cb835edc439a368f6210df933bb}" dedup="uid"><os platform="android" version="12" arch="arm" /><app brand="" client="ms-unknown" appid="{387E11AD-7109-45F6-83CF-CAA241ADC9DF}" version="91.0.4472.114" nextversion="" lang="en-US" installage="0" ap="chrome;google;sdk_gphone64_x86_64"><updatecheck /><ping active="1" ad="6725" rd="6725" /></app></request>
05-31 15:11:26.319 12278 12634 I cr_omaha: OmahaBase::generateAndPostRequest(): Received response from Omaha:
05-31 15:11:26.319 12278 12634 I cr_omaha: <?xml version="1.0" encoding="UTF-8"?><response protocol="3.0" server="prod"><daystart elapsed_days="6725" elapsed_seconds="29487"/><app appid="{387E11AD-7109-45F6-83CF-CAA241ADC9DF}" cohort="1:hyx:" cohortname="Stable Chrome" status="ok"><updatecheck status="noupdate"/><ping status="ok"/></app></response>
05-31 15:11:26.340 12278 12634 I cr_omaha: Request to Server Successful. Timestamp for next request:1748707886340
05-31 15:11:26.365 12278 12634 I cr_omaha: Attempting to schedule next job for: Sat May 31 20:11:25 GMT 2025
05-31 15:11:26.368 12278 12278 I cr_omaha: Scheduled using JobService
05-31 15:11:26.368 12278 12278 E cr_BkgrdTaskJS: Tried finishing non-current BackgroundTask.
05-31 15:11:27.112   590   857 W InputManager-JNI: Input channel object '31aefb3 Toast (client)' was disposed without first being removed with the input manager!
05-31 15:11:27.115   590   857 W NotificationService: Toast already killed. pkg=com.android.chrome token=android.os.BinderProxy@202ab91
05-31 15:11:27.897  1360  6405 W MediaProvider: isAppCloneUserPair for user 0: false
05-31 15:11:27.932   181   181 I hwservicemanager: getTransport: Cannot find entry android.hardware.graphics.mapper@4.0::IMapper/default in either framework or device VINTF manifest.
05-31 15:11:27.933  4160  4162 I Gralloc4: mapper 4.x is not supported
05-31 15:11:28.062  1360  1926 I MediaProvider: Begin Intent { act=android.intent.action.MEDIA_SCANNER_SCAN_FILE dat=file:///sdcard/screen_2025-05-31_231128.png flg=0x1400010 cmp=com.google.android.providers.media.module/com.android.providers.media.MediaService }
05-31 15:11:28.068  1360  1926 I MediaProvider: End Intent { act=android.intent.action.MEDIA_SCANNER_SCAN_FILE dat=file:///sdcard/screen_2025-05-31_231128.png flg=0x1400010 cmp=com.google.android.providers.media.module/com.android.providers.media.MediaService }
05-31 15:11:28.130  1360  1472 I MediaProvider: Deleted 0 1 0 0 0 0 0 items on external_primary due to com.android.shell
05-31 15:11:28.131  1166  2130 I UriTaskContentObserver: (REDACTED) Throttling content uri change event for %s
