05-08 09:09:15.900  7436  7501 I XmpUtil : XMP parse: only JPEG file is supported
05-08 09:09:15.911  1349  1374 I MediaProvider: Open with lower FS for /storage/emulated/0/screen_2025-04-22_154600.png. Uid: 10126
05-08 09:09:15.924  7436  7501 I XmpUtil : XMP parse: only JPEG file is supported
05-08 09:09:15.932  1349  1374 I MediaProvider: Open with lower FS for /storage/emulated/0/screen_2025-04-22_154606.png. Uid: 10126
05-08 09:09:15.941  7436  7501 I XmpUtil : XMP parse: only JPEG file is supported
05-08 09:09:15.949  1349  1374 I MediaProvider: Open with lower FS for /storage/emulated/0/screen_2025-04-22_154611.png. Uid: 10126
05-08 09:09:15.959  7436  7501 I XmpUtil : XMP parse: only JPEG file is supported
05-08 09:09:15.968  1349  1374 I MediaProvider: Open with lower FS for /storage/emulated/0/screen_2025-04-22_154612.png. Uid: 10126
05-08 09:09:15.980  7436  7501 I XmpUtil : XMP parse: only JPEG file is supported
05-08 09:09:15.988  1349  1374 I MediaProvider: Open with lower FS for /storage/emulated/0/screen_2025-04-22_154617.png. Uid: 10126
05-08 09:09:15.999  7436  7501 I XmpUtil : XMP parse: only JPEG file is supported
05-08 09:09:16.009  1349  1374 I MediaProvider: Open with lower FS for /storage/emulated/0/screen_2025-04-22_154623.png. Uid: 10126
05-08 09:09:16.021  7436  7501 I XmpUtil : XMP parse: only JPEG file is supported
05-08 09:09:16.030  1349  1374 I MediaProvider: Open with lower FS for /storage/emulated/0/screen_2025-04-22_154629.png. Uid: 10126
05-08 09:09:16.040  7436  7501 I XmpUtil : XMP parse: only JPEG file is supported
05-08 09:09:16.047  1349  1374 I MediaProvider: Open with lower FS for /storage/emulated/0/screen_2025-04-22_154634.png. Uid: 10126
05-08 09:09:16.058  7436  7501 I XmpUtil : XMP parse: only JPEG file is supported
05-08 09:09:16.066  1349  1374 I MediaProvider: Open with lower FS for /storage/emulated/0/screen_2025-04-22_154635.png. Uid: 10126
05-08 09:09:16.077  7436  7501 I XmpUtil : XMP parse: only JPEG file is supported
05-08 09:09:16.086  1349  1374 I MediaProvider: Open with lower FS for /storage/emulated/0/screen_2025-04-22_154640.png. Uid: 10126
05-08 09:09:16.095  7436  7501 I XmpUtil : XMP parse: only JPEG file is supported
05-08 09:09:16.106  1349  1374 I MediaProvider: Open with lower FS for /storage/emulated/0/screen_2025-04-22_154646.png. Uid: 10126
05-08 09:09:17.007  1349  7520 W MediaProvider: isAppCloneUserPair for user 0: false
05-08 09:09:17.041   176   176 I hwservicemanager: getTransport: Cannot find entry android.hardware.graphics.mapper@4.0::IMapper/default in either framework or device VINTF manifest.
05-08 09:09:17.041 14220 14222 I Gralloc4: mapper 4.x is not supported
05-08 09:09:17.263  1349  1860 I MediaProvider: Begin Intent { act=android.intent.action.MEDIA_SCANNER_SCAN_FILE dat=file:///sdcard/screen_2025-05-08_170917.png flg=0x1400010 cmp=com.google.android.providers.media.module/com.android.providers.media.MediaService }
05-08 09:09:17.268  1349  1860 I MediaProvider: End Intent { act=android.intent.action.MEDIA_SCANNER_SCAN_FILE dat=file:///sdcard/screen_2025-05-08_170917.png flg=0x1400010 cmp=com.google.android.providers.media.module/com.android.providers.media.MediaService }
05-08 09:09:17.349  1349  7526 I MediaProvider: Deleted 0 1 0 0 0 0 0 items on external_primary due to com.android.shell
05-08 09:09:17.350  1172  2228 I UriTaskContentObserver: (REDACTED) Throttling content uri change event for %s
05-08 09:09:17.476  1172  7857 I NearbyMediums: No BLE Fast/GATT advertisements found in the latest cycle.
05-08 09:09:18.087  1349  7520 W MediaProvider: isAppCloneUserPair for user 0: false
05-08 09:09:18.143   176   176 I hwservicemanager: getTransport: Cannot find entry android.hardware.graphics.mapper@4.0::IMapper/default in either framework or device VINTF manifest.
05-08 09:09:18.144 14270 14272 I Gralloc4: mapper 4.x is not supported
05-08 09:09:18.243  1172 13152 W SystemServiceRegistry: No service published for: wifirtt
05-08 09:09:18.527  1349  1860 I MediaProvider: Begin Intent { act=android.intent.action.MEDIA_SCANNER_SCAN_FILE dat=file:///sdcard/screen_2025-05-08_170918.png flg=0x1400010 cmp=com.google.android.providers.media.module/com.android.providers.media.MediaService }
05-08 09:09:18.534  1349  1860 I MediaProvider: End Intent { act=android.intent.action.MEDIA_SCANNER_SCAN_FILE dat=file:///sdcard/screen_2025-05-08_170918.png flg=0x1400010 cmp=com.google.android.providers.media.module/com.android.providers.media.MediaService }
05-08 09:09:18.656  1349  7526 I MediaProvider: Deleted 0 1 0 0 0 0 0 items on external_primary due to com.android.shell
05-08 09:09:18.747   538  1998 W AppOps  : Noting op not finished: uid 10097 pkg com.google.android.gms code 113 startTime of in progress event=1746693148673
05-08 09:09:18.766   538  3253 W AppOps  : Noting op not finished: uid 10097 pkg com.google.android.gms code 79 startTime of in progress event=1746693148673
05-08 09:09:18.770   538  1998 W AppOps  : Noting op not finished: uid 10097 pkg com.google.android.gms code 113 startTime of in progress event=1746693148673
05-08 09:09:18.779  1172  1821 I ActivityScheduler: nextTriggerTime: 3309674, in 238100ms, detectorType: 39, FULL_TYPE alarmWindowMillis: 80000
05-08 09:09:18.903 10645 10645 E cr_BTSPrefs: No data found for task id: 53
05-08 09:09:18.904 10645 10645 E cr_BkgrdTaskScheduler: Task cannot be canceled because no data was found instorage or data was invalid
05-08 09:09:19.071  1172 13152 I FrewleTileCacheManagerV: (REDACTED) Fetched %d AP models from cache
05-08 09:09:19.122  1172  1821 I ActivityScheduler: nextTriggerTime: 3309674, in 237758ms, detectorType: 39, FULL_TYPE alarmWindowMillis: 80000
05-08 09:09:19.127  1172  1639 I FusedLocation: (REDACTED) location delivery to %s blocked - too fast
05-08 09:09:19.128   538   577 E GnssUtilsJni: IGnss injectLocation() failed.
05-08 09:09:19.129  1172  1639 I FusedLocation: (REDACTED) location delivery to %s blocked - too close
05-08 09:09:19.357  1349  5273 W MediaProvider: isAppCloneUserPair for user 0: false
05-08 09:09:19.408   176   176 I hwservicemanager: getTransport: Cannot find entry android.hardware.graphics.mapper@4.0::IMapper/default in either framework or device VINTF manifest.
05-08 09:09:19.408 14314 14316 I Gralloc4: mapper 4.x is not supported
05-08 09:09:19.689  1349  1860 I MediaProvider: Begin Intent { act=android.intent.action.MEDIA_SCANNER_SCAN_FILE dat=file:///sdcard/screen_2025-05-08_170919.png flg=0x1400010 cmp=com.google.android.providers.media.module/com.android.providers.media.MediaService }
05-08 09:09:19.700  1349  1860 I MediaProvider: End Intent { act=android.intent.action.MEDIA_SCANNER_SCAN_FILE dat=file:///sdcard/screen_2025-05-08_170919.png flg=0x1400010 cmp=com.google.android.providers.media.module/com.android.providers.media.MediaService }
05-08 09:09:19.776  1349  7526 I MediaProvider: Deleted 0 1 0 0 0 0 0 items on external_primary due to com.android.shell
05-08 09:09:19.777  1172  2228 I UriTaskContentObserver: (REDACTED) Throttling content uri change event for %s
05-08 09:09:22.841  1349  5273 W MediaProvider: isAppCloneUserPair for user 0: false
05-08 09:09:22.867   176   176 I hwservicemanager: getTransport: Cannot find entry android.hardware.graphics.mapper@4.0::IMapper/default in either framework or device VINTF manifest.
05-08 09:09:22.868 14424 14428 I Gralloc4: mapper 4.x is not supported
05-08 09:09:23.092  1349  1860 I MediaProvider: Begin Intent { act=android.intent.action.MEDIA_SCANNER_SCAN_FILE dat=file:///sdcard/screen_2025-05-08_170923.png flg=0x1400010 cmp=com.google.android.providers.media.module/com.android.providers.media.MediaService }
05-08 09:09:23.103  1349  1860 I MediaProvider: End Intent { act=android.intent.action.MEDIA_SCANNER_SCAN_FILE dat=file:///sdcard/screen_2025-05-08_170923.png flg=0x1400010 cmp=com.google.android.providers.media.module/com.android.providers.media.MediaService }
05-08 09:09:23.182  1349  7526 I MediaProvider: Deleted 0 1 0 0 0 0 0 items on external_primary due to com.android.shell
05-08 09:09:23.183  1172  2228 I UriTaskContentObserver: (REDACTED) Throttling content uri change event for %s
05-08 09:09:24.044  1349  5273 W MediaProvider: isAppCloneUserPair for user 0: false
05-08 09:09:24.079   176   176 I hwservicemanager: getTransport: Cannot find entry android.hardware.graphics.mapper@4.0::IMapper/default in either framework or device VINTF manifest.
05-08 09:09:24.079 14465 14467 I Gralloc4: mapper 4.x is not supported
05-08 09:09:24.393  1349  1860 I MediaProvider: Begin Intent { act=android.intent.action.MEDIA_SCANNER_SCAN_FILE dat=file:///sdcard/screen_2025-05-08_170924.png flg=0x1400010 cmp=com.google.android.providers.media.module/com.android.providers.media.MediaService }
05-08 09:09:24.399  1349  1860 I MediaProvider: End Intent { act=android.intent.action.MEDIA_SCANNER_SCAN_FILE dat=file:///sdcard/screen_2025-05-08_170924.png flg=0x1400010 cmp=com.google.android.providers.media.module/com.android.providers.media.MediaService }
05-08 09:09:24.504  1349  7526 I MediaProvider: Deleted 0 1 0 0 0 0 0 items on external_primary due to com.android.shell
05-08 09:09:25.091  1349  5273 W MediaProvider: isAppCloneUserPair for user 0: false
05-08 09:09:25.125   176   176 I hwservicemanager: getTransport: Cannot find entry android.hardware.graphics.mapper@4.0::IMapper/default in either framework or device VINTF manifest.
05-08 09:09:25.125 14510 14512 I Gralloc4: mapper 4.x is not supported
05-08 09:09:25.360  1349  1860 I MediaProvider: Begin Intent { act=android.intent.action.MEDIA_SCANNER_SCAN_FILE dat=file:///sdcard/screen_2025-05-08_170925.png flg=0x1400010 cmp=com.google.android.providers.media.module/com.android.providers.media.MediaService }
05-08 09:09:25.365  1349  1860 I MediaProvider: End Intent { act=android.intent.action.MEDIA_SCANNER_SCAN_FILE dat=file:///sdcard/screen_2025-05-08_170925.png flg=0x1400010 cmp=com.google.android.providers.media.module/com.android.providers.media.MediaService }
05-08 09:09:25.463  1349  7526 I MediaProvider: Deleted 0 1 0 0 0 0 0 items on external_primary due to com.android.shell
05-08 09:09:25.464  1172  2228 I UriTaskContentObserver: (REDACTED) Throttling content uri change event for %s
05-08 09:09:27.093  1172 13152 I NetworkScheduler.Stats: (REDACTED) Task %s/%s started execution. cause:%s exec_start_elapsed_seconds: %s
05-08 09:09:27.098  1172 13151 I NetworkScheduler.Stats: (REDACTED) Task %s/%s finished executing. cause:%s result: %s elapsed_millis: %s uptime_millis: %s exec_start_elapsed_seconds: %s
05-08 09:09:27.480  1172  7858 I NearbyMediums: No BLE Fast/GATT advertisements found in the latest cycle.
05-08 09:09:28.412  1349  5273 W MediaProvider: isAppCloneUserPair for user 0: false
05-08 09:09:28.469   176   176 I hwservicemanager: getTransport: Cannot find entry android.hardware.graphics.mapper@4.0::IMapper/default in either framework or device VINTF manifest.
05-08 09:09:28.470 14611 14613 I Gralloc4: mapper 4.x is not supported
05-08 09:09:28.715  1349  1860 I MediaProvider: Begin Intent { act=android.intent.action.MEDIA_SCANNER_SCAN_FILE dat=file:///sdcard/screen_2025-05-08_170928.png flg=0x1400010 cmp=com.google.android.providers.media.module/com.android.providers.media.MediaService }
05-08 09:09:28.732  1349  1860 I MediaProvider: End Intent { act=android.intent.action.MEDIA_SCANNER_SCAN_FILE dat=file:///sdcard/screen_2025-05-08_170928.png flg=0x1400010 cmp=com.google.android.providers.media.module/com.android.providers.media.MediaService }
05-08 09:09:28.800  1349  7526 I MediaProvider: Deleted 0 1 0 0 0 0 0 items on external_primary due to com.android.shell
05-08 09:09:28.801  1172  2228 I UriTaskContentObserver: (REDACTED) Throttling content uri change event for %s
