05-08 09:08:43.698 11768 11940 W System.err: 	at com.loopj.android.http.AsyncHttpRequest.run(SourceFile:58)
05-08 09:08:43.698 11768 11940 W System.err: 	at java.util.concurrent.Executors$RunnableAdapter.call(Executors.java:462)
05-08 09:08:43.698 11768 11940 W System.err: 	at java.util.concurrent.FutureTask.run(FutureTask.java:266)
05-08 09:08:43.698 11768 11940 W System.err: 	at java.util.concurrent.ThreadPoolExecutor.runWorker(ThreadPoolExecutor.java:1167)
05-08 09:08:43.698 11768 11940 W System.err: 	at java.util.concurrent.ThreadPoolExecutor$Worker.run(ThreadPoolExecutor.java:641)
05-08 09:08:43.698 11768 11940 W System.err: 	at java.lang.Thread.run(Thread.java:920)
05-08 09:08:43.857 13011 13011 W AccessibilityNodeInfoDumper: Fetch time: 72ms
05-08 09:08:44.528  2885  2930 I Finsky  : [75] naa.run(720): AIM: AppInfoManager-Perf > Destroying AppInfoManager ...
05-08 09:08:45.109  1349  1504 W MediaProvider: isAppCloneUserPair for user 0: false
05-08 09:08:45.141   176   176 I hwservicemanager: getTransport: Cannot find entry android.hardware.graphics.mapper@4.0::IMapper/default in either framework or device VINTF manifest.
05-08 09:08:45.141 13064 13066 I Gralloc4: mapper 4.x is not supported
05-08 09:08:45.270  1349  1860 I MediaProvider: Begin Intent { act=android.intent.action.MEDIA_SCANNER_SCAN_FILE dat=file:///sdcard/screen_2025-05-08_170845.png flg=0x1400010 cmp=com.google.android.providers.media.module/com.android.providers.media.MediaService }
05-08 09:08:45.283  1349  1860 I MediaProvider: End Intent { act=android.intent.action.MEDIA_SCANNER_SCAN_FILE dat=file:///sdcard/screen_2025-05-08_170845.png flg=0x1400010 cmp=com.google.android.providers.media.module/com.android.providers.media.MediaService }
05-08 09:08:45.360  1349  7520 I MediaProvider: Deleted 0 1 0 0 0 0 0 items on external_primary due to com.android.shell
05-08 09:08:45.362  1172  2228 I UriTaskContentObserver: (REDACTED) Throttling content uri change event for %s
05-08 09:08:46.259 11768 11768 I cr_A11yState: Enabled accessibility services: [io.github.ylimit.droidbotapp/io.github.privacystreams.accessibility.PSAccessibilityService, null]
05-08 09:08:46.259 11768 11768 I cr_A11yState: Running accessibility services: [io.github.ylimit.droidbotapp/io.github.privacystreams.accessibility.PSAccessibilityService]
05-08 09:08:46.259 11768 11768 I cr_A11yState: Max delay reached. Send information as is.
05-08 09:08:46.259 11768 11768 I cr_A11yState: Informing listeners of changes.
05-08 09:08:46.259 11768 11768 I cr_A11yState: New AccessibilityState: State{isScreenReaderEnabled=true, isTouchExplorationEnabled=false, isPerformGesturesEnabled=false, isAnyAccessibilityServiceEnabled=true, isAccessibilityToolPresent=false, isSpokenFeedbackServicePresent=true, isTextShowPasswordEnabled=true, isOnlyPasswordManagersEnabled=false}
05-08 09:08:47.106  1172 11639 I NetworkScheduler.Stats: (REDACTED) Task %s/%s started execution. cause:%s exec_start_elapsed_seconds: %s
05-08 09:08:47.110  1172 13151 I NetworkScheduler.Stats: (REDACTED) Task %s/%s finished executing. cause:%s result: %s elapsed_millis: %s uptime_millis: %s exec_start_elapsed_seconds: %s
05-08 09:08:47.439  1172  7858 I NearbyMediums: No BLE Fast/GATT advertisements found in the latest cycle.
05-08 09:08:48.007  1349  1504 W MediaProvider: isAppCloneUserPair for user 0: false
05-08 09:08:48.038   176   176 I hwservicemanager: getTransport: Cannot find entry android.hardware.graphics.mapper@4.0::IMapper/default in either framework or device VINTF manifest.
05-08 09:08:48.039 13165 13167 I Gralloc4: mapper 4.x is not supported
05-08 09:08:48.206  1349  1860 I MediaProvider: Begin Intent { act=android.intent.action.MEDIA_SCANNER_SCAN_FILE dat=file:///sdcard/screen_2025-05-08_170848.png flg=0x1400010 cmp=com.google.android.providers.media.module/com.android.providers.media.MediaService }
05-08 09:08:48.230  1349  1860 I MediaProvider: End Intent { act=android.intent.action.MEDIA_SCANNER_SCAN_FILE dat=file:///sdcard/screen_2025-05-08_170848.png flg=0x1400010 cmp=com.google.android.providers.media.module/com.android.providers.media.MediaService }
05-08 09:08:48.318  1349  7520 I MediaProvider: Deleted 0 1 0 0 0 0 0 items on external_primary due to com.android.shell
05-08 09:08:48.320  1172  2228 I UriTaskContentObserver: (REDACTED) Throttling content uri change event for %s
05-08 09:08:48.959  1349  1504 W MediaProvider: isAppCloneUserPair for user 0: false
05-08 09:08:49.003   176   176 I hwservicemanager: getTransport: Cannot find entry android.hardware.graphics.mapper@4.0::IMapper/default in either framework or device VINTF manifest.
05-08 09:08:49.003 13210 13212 I Gralloc4: mapper 4.x is not supported
05-08 09:08:49.156  1349  1860 I MediaProvider: Begin Intent { act=android.intent.action.MEDIA_SCANNER_SCAN_FILE dat=file:///sdcard/screen_2025-05-08_170849.png flg=0x1400010 cmp=com.google.android.providers.media.module/com.android.providers.media.MediaService }
05-08 09:08:49.160  1349  1860 I MediaProvider: End Intent { act=android.intent.action.MEDIA_SCANNER_SCAN_FILE dat=file:///sdcard/screen_2025-05-08_170849.png flg=0x1400010 cmp=com.google.android.providers.media.module/com.android.providers.media.MediaService }
05-08 09:08:49.276  1349  7520 I MediaProvider: Deleted 0 1 0 0 0 0 0 items on external_primary due to com.android.shell
05-08 09:08:50.127  1349  1504 W MediaProvider: isAppCloneUserPair for user 0: false
05-08 09:08:50.166   176   176 I hwservicemanager: getTransport: Cannot find entry android.hardware.graphics.mapper@4.0::IMapper/default in either framework or device VINTF manifest.
05-08 09:08:50.167 13249 13251 I Gralloc4: mapper 4.x is not supported
05-08 09:08:50.396  1349  1860 I MediaProvider: Begin Intent { act=android.intent.action.MEDIA_SCANNER_SCAN_FILE dat=file:///sdcard/screen_2025-05-08_170850.png flg=0x1400010 cmp=com.google.android.providers.media.module/com.android.providers.media.MediaService }
05-08 09:08:50.418  1349  1860 I MediaProvider: End Intent { act=android.intent.action.MEDIA_SCANNER_SCAN_FILE dat=file:///sdcard/screen_2025-05-08_170850.png flg=0x1400010 cmp=com.google.android.providers.media.module/com.android.providers.media.MediaService }
05-08 09:08:50.511  1172  2228 I UriTaskContentObserver: (REDACTED) Throttling content uri change event for %s
05-08 09:08:50.511  1349  7520 I MediaProvider: Deleted 0 1 0 0 0 0 0 items on external_primary due to com.android.shell
05-08 09:08:50.816   348   348 E android.hardware.power.stats@1.0-service-mock: Failed to getEnergyData
05-08 09:08:51.032   764  1026 I QuickAccessWalletTile: QAW service is unavailable, recreating the wallet client.
05-08 09:08:51.959   538   858 I ActivityTaskManager: START u0 {act=android.intent.action.VIEW dat=https://m.facebook.com/... cmp=com.android.chrome/com.google.android.apps.chrome.IntentDispatcher} from uid 10191
05-08 09:08:52.078 10645 10645 I cr_InstantAppsHandler: Package manager handles intents on O+, not handling in Chrome
05-08 09:08:52.088   538  3253 I ActivityTaskManager: START u0 {act=android.intent.action.VIEW dat=https://m.facebook.com/... flg=0x14002000 cmp=com.android.chrome/org.chromium.chrome.browser.ChromeTabbedActivity (has extras)} from uid 10115
05-08 09:08:52.090   538  3253 W ActivityTaskManager: Can't find TaskDisplayArea to determine support for multi window. Task id=31 attached=false
05-08 09:08:52.107   538  3253 W ActivityTaskManager: Tried to set launchTime (0) < mLastActivityLaunchTime (3044774)
05-08 09:08:52.181 10645 13355 W DynamiteModule: Local module descriptor class for com.google.android.gms.googlecertificates not found.
05-08 09:08:52.212   538   554 W System  : A resource failed to call close. 
05-08 09:08:52.228 10645 13357 I cr_LibraryLoader: Using linker: org.chromium.base.library_loader.ModernLinker
05-08 09:08:52.228 10645 13357 I cr_LibraryLoader: Loading monochrome_64
05-08 09:08:52.240 10645 10645 E cr_CompositorSurfaceMgr: Transitioning to surface with format : -1
05-08 09:08:52.263 10645 13357 I cr_ModernLinker: loadLibraryImplLocked: monochrome_64, relroMode=1
05-08 09:08:52.265 10645 13355 W .android.chrom: ClassLoaderContext classpath size mismatch. expected=13, found=0 (DLC[];PCL[base.apk*1914472534:base.apk!classes2.dex*3304451845:base.apk!classes3.dex*814030735:base.apk!classes4.dex*1701140833:base.apk!classes5.dex*671790505:base.apk!classes6.dex*3453289445:base.apk!classes7.dex*3073107556:base.apk!classes8.dex*2923806363:base.apk!classes9.dex*3566253840:base.apk!classes10.dex*3357887208:base.apk!classes11.dex*1617793128:base.apk!classes12.dex*2938047849:base.apk!classes13.dex*1145982731]{PCL[/system/framework/org.apache.http.legacy.jar*2058259660]#PCL[/system/framework/com.android.media.remotedisplay.jar*3472798122]#PCL[/system/framework/com.android.location.provider.jar*3633238673]#PCL[/system_ext/framework/androidx.window.sidecar.jar*3539530913]#PCL[/system/framework/org.apache.http.legacy.jar*2058259660]} | DLC[];PCL[])
05-08 09:08:52.405 10645 10645 I cr_StartSurfaceConfig: Recorded Startup.Android.FirstDrawCompletedTime.NoInstant = 210 ms
05-08 09:08:52.407 10905 10923 I mit.droidbotap: Background young concurrent copying GC freed 46849(1788KB) AllocSpace objects, 45(2744KB) LOS objects, 50% free, 3951KB/8012KB, paused 8.130ms,405us total 29.090ms
05-08 09:08:52.439   176   176 I hwservicemanager: getTransport: Cannot find entry android.hardware.configstore@1.0::ISurfaceFlingerConfigs/default in either framework or device VINTF manifest.
05-08 09:08:52.440 10645 13342 W OpenGLRenderer: Failed to choose config with EGL_SWAP_BEHAVIOR_PRESERVED, retrying without...
05-08 09:08:52.440 10645 13342 W OpenGLRenderer: Failed to initialize 101010-2 format, error = EGL_SUCCESS
05-08 09:08:52.446 10645 13346 I cr_ADCP : Empty config_id
05-08 09:08:52.449 10645 13346 I cr_ADCP : No customization source found
05-08 09:08:52.480 10645 13355 I DynamiteModule: Considering local module com.google.android.gms.googlecertificates:0 and remote module com.google.android.gms.googlecertificates:7
05-08 09:08:52.480 10645 13355 I DynamiteModule: Selected remote version of com.google.android.gms.googlecertificates, version >= 7
05-08 09:08:52.493 10645 13355 W System  : ClassLoader referenced unknown path: 
05-08 09:08:52.508   365   660 E HWComposer: getSupportedContentTypes: getSupportedContentTypes failed for display 4619827259835644672: Unsupported (8)
05-08 09:08:52.509   176   176 I hwservicemanager: getTransport: Cannot find entry android.hardware.graphics.mapper@4.0::IMapper/default in either framework or device VINTF manifest.
05-08 09:08:52.509 10645 13342 I Gralloc4: mapper 4.x is not supported
05-08 09:08:52.519   176   176 I hwservicemanager: getTransport: Cannot find entry android.hardware.graphics.allocator@4.0::IAllocator/default in either framework or device VINTF manifest.
05-08 09:08:52.519 10645 13342 W Gralloc4: allocator 4.x is not supported
05-08 09:08:52.523 10645 13355 W .android.chrom: ClassLoaderContext classpath size mismatch. expected=13, found=10 (DLC[];PCL[base.apk*1914472534:base.apk!classes2.dex*3304451845:base.apk!classes3.dex*814030735:base.apk!classes4.dex*1701140833:base.apk!classes5.dex*671790505:base.apk!classes6.dex*3453289445:base.apk!classes7.dex*3073107556:base.apk!classes8.dex*2923806363:base.apk!classes9.dex*3566253840:base.apk!classes10.dex*3357887208:base.apk!classes11.dex*1617793128:base.apk!classes12.dex*2938047849:base.apk!classes13.dex*1145982731]{PCL[/system/framework/org.apache.http.legacy.jar*2058259660]#PCL[/system/framework/com.android.media.remotedisplay.jar*3472798122]#PCL[/system/framework/com.android.location.provider.jar*3633238673]#PCL[/system_ext/framework/androidx.window.sidecar.jar*3539530913]#PCL[/system/framework/org.apache.http.legacy.jar*2058259660]} | DLC[];PCL[/data/app/~~RZ_AFNf1OtQf5Dq8rQRvJg==/com.android.chrome-4AzkDyXMpASqZuZW8WtEVw==/Chrome.apk*3546605366:/data/app/~~RZ_AFNf1OtQf5Dq8rQRvJg==/com.android.chrome-4AzkDyXMpASqZuZW8WtEVw==/Chrome.apk!classes2.dex*427536226:/data/app/~~RZ_AFNf1OtQf5Dq8rQRvJg==/com.android.chrome-4AzkDyXMpASqZuZW8WtEVw==/Chrome.apk!classes3.dex*1377648437:/data/app/~~RZ_AFNf1OtQf5Dq8rQRvJg==/com.android.chrome-4AzkDyXMpASqZuZW8WtEVw==/Chrome.apk!classes4.dex*3829351679:/data/app/~~RZ_AFNf1OtQf5Dq8rQRvJg==/com.android.chrome-4AzkDyXMpASqZuZW8WtEVw==/Chrome.apk!classes5.dex*2018427284:/data/app/~~RZ_AFNf1OtQf5Dq8rQRvJg==/com.android.chrome-4AzkDyXMpASqZuZW8WtEVw==/Chrome.apk!classes6.dex*3034128668:/data/app/~~RZ_AFNf1OtQf5Dq8rQRvJg==/com.android.chrome-4AzkDyXMpASqZuZW8WtEVw==/Chrome.apk!classes7.dex*1591795505:/data/app/~~RZ_AFNf1OtQf5Dq8rQRvJg==/com.android.chrome-4AzkDyXMpASqZuZW8WtEVw==/Chrome.apk!classes8.dex*3828276099:/data/app/~~RZ_AFNf1OtQf5Dq8rQRvJg==/com.android.chrome-4AzkDyXMpASqZuZW8WtEVw==/Chrome.apk!classes9.dex*2636273855:/data/app/~~RZ_AFNf1OtQf5Dq8rQRvJg==/com.android.chrome-4AzkDyXMpASqZuZW8WtEVw==/Chrome.apk!classes10.dex*943475562]{PCL[/data/app/~~V6zy02XCB0u94VE7pN8etA==/com.google.android.trichromelibrary_447211487-tkS01Z2G5jzyU1HkfGKIsw==/TrichromeLibrary.apk*777460662]})
05-08 09:08:52.569 10645 13357 I cr_LibraryLoader: Loaded native library version number "91.0.4472.114"
05-08 09:08:52.601 10645 13357 I cr_CachingUmaRecorder: Flushed 24 samples from 23 histograms.
05-08 09:08:52.656   538   577 I ActivityTaskManager: Displayed com.android.chrome/org.chromium.chrome.browser.ChromeTabbedActivity: +566ms
05-08 09:08:52.665  1172  7858 W drnv    : Phenotype API error. Event: # gpzy@e5d278a7, EventCode: GET_EXP [CONTEXT service_id=51 ]
05-08 09:08:52.665  1172  7858 W drnv    : drmd: 29505: No config packages for log source, or config package not registered
05-08 09:08:52.665  1172  7858 W drnv    : 	at drou.f(:com.google.android.gms@251333032@25.13.33 (190800-745790146):77)
05-08 09:08:52.665  1172  7858 W drnv    : 	at dros.i(:com.google.android.gms@251333032@25.13.33 (190800-745790146):3)
05-08 09:08:52.665  1172  7858 W drnv    : 	at drnv.h(:com.google.android.gms@251333032@25.13.33 (190800-745790146):35)
05-08 09:08:52.665  1172  7858 W drnv    : 	at drnv.f(:com.google.android.gms@251333032@25.13.33 (190800-745790146):11)
05-08 09:08:52.665  1172  7858 W drnv    : 	at cajc.fE(:com.google.android.gms@251333032@25.13.33 (190800-745790146):1)
05-08 09:08:52.665  1172  7858 W drnv    : 	at cajm.run(:com.google.android.gms@251333032@25.13.33 (190800-745790146):54)
05-08 09:08:52.665  1172  7858 W drnv    : 	at fjvz.run(:com.google.android.gms@251333032@25.13.33 (190800-745790146):21)
05-08 09:08:52.665  1172  7858 W drnv    : 	at ausj.c(:com.google.android.gms@251333032@25.13.33 (190800-745790146):50)
05-08 09:08:52.665  1172  7858 W drnv    : 	at ausj.run(:com.google.android.gms@251333032@25.13.33 (190800-745790146):70)
05-08 09:08:52.665  1172  7858 W drnv    : 	at java.util.concurrent.ThreadPoolExecutor.runWorker(ThreadPoolExecutor.java:1167)
05-08 09:08:52.665  1172  7858 W drnv    : 	at java.util.concurrent.ThreadPoolExecutor$Worker.run(ThreadPoolExecutor.java:641)
05-08 09:08:52.665  1172  7858 W drnv    : 	at auxx.run(:com.google.android.gms@251333032@25.13.33 (190800-745790146):8)
05-08 09:08:52.665  1172  7858 W drnv    : 	at java.lang.Thread.run(Thread.java:920)
05-08 09:08:52.705 10645 13346 I cr_tabmodel: Starting to fetch tab list for tab_state0
05-08 09:08:52.710   321   321 W Zygote  : forkRepeatedly terminated due to non-simple command
05-08 09:08:52.713 10645 13346 I cr_tabmodel: Finished fetching tab list.
05-08 09:08:52.714 10645 13346 I cr_tabmodel: Starting to fetch tab list for tab_state1
05-08 09:08:52.715 10645 13346 I cr_tabmodel: State file does not exist.
05-08 09:08:52.724  1172  7858 W AsyncOperation: operation=GetExperimentTokensOperationCall, opStatusCode=29505 [CONTEXT service_id=51 ]
05-08 09:08:52.724  1172  7858 W AsyncOperation: OperationException[Status{statusCode=No config packages for log source, or config package not registered, resolution=null}]
05-08 09:08:52.724  1172  7858 W AsyncOperation: 	at drnv.h(:com.google.android.gms@251333032@25.13.33 (190800-745790146):65)
05-08 09:08:52.724  1172  7858 W AsyncOperation: 	at drnv.f(:com.google.android.gms@251333032@25.13.33 (190800-745790146):11)
05-08 09:08:52.724  1172  7858 W AsyncOperation: 	at cajc.fE(:com.google.android.gms@251333032@25.13.33 (190800-745790146):1)
05-08 09:08:52.724  1172  7858 W AsyncOperation: 	at cajm.run(:com.google.android.gms@251333032@25.13.33 (190800-745790146):54)
05-08 09:08:52.724  1172  7858 W AsyncOperation: 	at fjvz.run(:com.google.android.gms@251333032@25.13.33 (190800-745790146):21)
05-08 09:08:52.724  1172  7858 W AsyncOperation: 	at ausj.c(:com.google.android.gms@251333032@25.13.33 (190800-745790146):50)
05-08 09:08:52.724  1172  7858 W AsyncOperation: 	at ausj.run(:com.google.android.gms@251333032@25.13.33 (190800-745790146):70)
05-08 09:08:52.724  1172  7858 W AsyncOperation: 	at java.util.concurrent.ThreadPoolExecutor.runWorker(ThreadPoolExecutor.java:1167)
05-08 09:08:52.724  1172  7858 W AsyncOperation: 	at java.util.concurrent.ThreadPoolExecutor$Worker.run(ThreadPoolExecutor.java:641)
05-08 09:08:52.724  1172  7858 W AsyncOperation: 	at auxx.run(:com.google.android.gms@251333032@25.13.33 (190800-745790146):8)
05-08 09:08:52.724  1172  7858 W AsyncOperation: 	at java.lang.Thread.run(Thread.java:920)
05-08 09:08:52.739   538   593 W ZygoteProcess: Got error connecting to zygote, retrying. msg= Connection refused
05-08 09:08:52.791   538   593 I AppZygote: Starting application preload.
05-08 09:08:52.792 13385 13385 I AppZygoteInit: Beginning application preload for com.android.chrome
05-08 09:08:52.843 13385 13385 I AppZygoteInit: Application preload done
05-08 09:08:52.843   538   593 I AppZygote: Application preload done.
05-08 09:08:52.847 13385 13390 W d.chrome_zygot: Reducing the number of considered missed Gc histogram windows from 302 to 100
05-08 09:08:52.856   538   593 W ActivityManager: Slow operation: 150ms so far, now at startProcess: returned from zygote!
05-08 09:08:52.856   538   593 W ActivityManager: Slow operation: 151ms so far, now at startProcess: done updating battery stats
05-08 09:08:52.856   538   593 W ActivityManager: Slow operation: 151ms so far, now at startProcess: building log message
05-08 09:08:52.856   538   593 I ActivityManager: Start proc 13396:com.android.chrome:sandboxed_process0:org.chromium.content.app.SandboxedProcessService0:0/u0ai0 for  {com.android.chrome/org.chromium.content.app.SandboxedProcessService0:0}
05-08 09:08:52.856   538   593 W ActivityManager: Slow operation: 151ms so far, now at startProcess: starting to update pids map
05-08 09:08:52.856   538   593 W ActivityManager: Slow operation: 151ms so far, now at startProcess: done updating pids map
05-08 09:08:52.858 13396 13396 W ocessService0:: Unexpected CPU variant for X86 using defaults: x86_64
05-08 09:08:52.861 13396 13396 E ocessService0:: Not starting debugger since process cannot load the jdwp agent.
05-08 09:08:52.888 13396 13396 W SystemServiceRegistry: No service published for: uimode
05-08 09:08:52.890 13396 13396 I cr_ChildProcessService: Creating new ChildProcessService pid=13396
05-08 09:08:52.951   538  2000 W InputManager-JNI: Input channel object '9719df Splash Screen com.android.chrome (client)' was disposed without first being removed with the input manager!
05-08 09:08:53.035   538  1433 W InputDispatcher: Letterbox_bottom_ActivityRecord{e5634b0 u0 com.chatous.chatous/.splash.SplashActivity t30} has FLAG_SLIPPERY. Please report this in b/157929241
05-08 09:08:53.142  1349  1504 W MediaProvider: isAppCloneUserPair for user 0: false
05-08 09:08:53.200   176   176 I hwservicemanager: getTransport: Cannot find entry android.hardware.graphics.mapper@4.0::IMapper/default in either framework or device VINTF manifest.
05-08 09:08:53.200 13425 13427 I Gralloc4: mapper 4.x is not supported
05-08 09:08:53.306   538   593 I ActivityManager: Start proc 13442:com.android.chrome:privileged_process0/u0a115 for service {com.android.chrome/org.chromium.content.app.PrivilegedProcessService0}
05-08 09:08:53.310 13442 13442 W ileged_process: Unexpected CPU variant for X86 using defaults: x86_64
05-08 09:08:53.314 13442 13442 E ileged_process: Not starting debugger since process cannot load the jdwp agent.
05-08 09:08:53.355 13442 13442 I cr_ChildProcessService: Creating new ChildProcessService pid=13442
05-08 09:08:53.369 10645 10645 I cr_SmsProviderGms: construction successfull null, B33@5a9b663
05-08 09:08:53.375  1349  1860 I MediaProvider: Begin Intent { act=android.intent.action.MEDIA_SCANNER_SCAN_FILE dat=file:///sdcard/screen_2025-05-08_170853.png flg=0x1400010 cmp=com.google.android.providers.media.module/com.android.providers.media.MediaService }
05-08 09:08:53.379  1349  1860 I MediaProvider: End Intent { act=android.intent.action.MEDIA_SCANNER_SCAN_FILE dat=file:///sdcard/screen_2025-05-08_170853.png flg=0x1400010 cmp=com.google.android.providers.media.module/com.android.providers.media.MediaService }
05-08 09:08:53.384 13442 13457 I cr_LibraryLoader: Using linker: org.chromium.base.library_loader.ModernLinker
05-08 09:08:53.386 13442 13462 I cr_LibraryLoader: Loading monochrome_64
05-08 09:08:53.386 13442 13462 I cr_ModernLinker: loadLibraryImplLocked: monochrome_64, relroMode=2
05-08 09:08:53.401 13442 13462 I cr_LibraryLoader: Loaded native library version number "91.0.4472.114"
05-08 09:08:53.401 13442 13462 I cr_CachingUmaRecorder: Flushed 3 samples from 3 histograms.
05-08 09:08:53.434   176   176 I hwservicemanager: getTransport: Cannot find entry android.hardware.configstore@1.0::ISurfaceFlingerConfigs/default in either framework or device VINTF manifest.
05-08 09:08:53.459 13396 13411 I cr_LibraryLoader: Loaded native library version number "91.0.4472.114"
05-08 09:08:53.459 13396 13411 I cr_CachingUmaRecorder: Flushed 1 samples from 1 histograms.
05-08 09:08:53.461  1349  7520 I MediaProvider: Deleted 0 1 0 0 0 0 0 items on external_primary due to com.android.shell
05-08 09:08:53.462  1172  2228 I UriTaskContentObserver: (REDACTED) Throttling content uri change event for %s
05-08 09:08:53.519 10645 13433 W cr_KnoxSettingsProvider: Permission to read device policy denied.
05-08 09:08:53.528 10645 10645 E cr_CompositorSurfaceMgr: Transitioning to surface with format : -1
05-08 09:08:53.533 10645 10645 E cr_CompositorSurfaceMgr: surfaceCreated format : 0
05-08 09:08:53.536 10645 10645 I cr_ContextualSearch: Tap suppression enabled: false
05-08 09:08:53.539 10645 10645 I cr_ChromeTabbedActivity: #initializeState
05-08 09:08:53.539 10645 10645 I cr_CipherFactory: #restoreFromBundle, no savedInstanceState.
05-08 09:08:53.539 10645 10645 I cr_tabmodel: #loadState, ignoreIncognitoFiles? true
05-08 09:08:53.539 10645 10645 I cr_tabmodel: Tab metadata, skipIncognitoCount? false incognitoCount: 0 totalCount: 3
05-08 09:08:53.612 10645 10645 I cr_OfflineIndicator: onConnectionTypeChanged 2
05-08 09:08:53.615 10645 10645 I cr_OfflineIndicator: Reported by system: [ Transports: CELLULAR Capabilities: MMS&SUPL&DUN&FOTA&IMS&CBS&INTERNET&NOT_RESTRICTED&TRUSTED&NOT_VPN&NOT_ROAMING&NOT_CONGESTED&NOT_SUSPENDED&PARTIAL_CONNECTIVITY&NOT_VCN_MANAGED LinkUpBandwidth>=1800Kbps LinkDnBandwidth>=4300Kbps Specifier: <TelephonyNetworkSpecifier [mSubId = 1]>]
05-08 09:08:53.616 10645 10645 I cr_OfflineIndicator: Reported by system: [ Transports: WIFI Capabilities: NOT_METERED&INTERNET&NOT_RESTRICTED&TRUSTED&NOT_VPN&VALIDATED&NOT_ROAMING&FOREGROUND&NOT_CONGESTED&NOT_SUSPENDED&NOT_VCN_MANAGED LinkUpBandwidth>=12000Kbps LinkDnBandwidth>=30000Kbps TransportInfo: <SSID: <unknown ssid>, BSSID: 02:00:00:00:00:00, MAC: 02:00:00:00:00:00, Security type: 0, Supplicant state: COMPLETED, Wi-Fi standard: 1, RSSI: -50, Link speed: 1Mbps, Tx Link speed: 1Mbps, Max Supported Tx Link speed: 11Mbps, Rx Link speed: 2Mbps, Max Supported Rx Link speed: 11Mbps, Frequency: 2447MHz, Net ID: -1, Metered hint: false, score: 60, CarrierMerged: false, SubscriptionId: -1, IsPrimary: -1> SignalStrength: -50]
05-08 09:08:53.616 10645 10645 I cr_OfflineIndicator: setConnectionState connectionState=4
05-08 09:08:53.617 10645 10645 I cr_OfflineDetector: Running updateState mConnectivityDetectorInitialized: true, mTimeWhenLastForegrounded: 3046406, getElapsedTime: 3046411, mTimeWhenLastOfflineNotificationReceived: 0, mTimeWhenLastOnline: 3046411, mApplicationState: 1, mIsOfflineLastReportedByConnectivityDetector: false, mIsEffectivelyOffline: false
05-08 09:08:53.617 10645 10645 I cr_OfflineDetector: updateState(): timeSinceLastForeground: 5, timeSinceOfflineNotificationReceived: 3046411, timeSinceLastOnline: 0, timeNeededForForeground: 1995, timeNeededForOffline: -3044411
05-08 09:08:53.618 10645 10645 I cr_OfflineIndicator: processConnectivityCheckResult mConnectionState=4 mConnectivityCheckingStage=1
05-08 09:08:53.923   176   176 I hwservicemanager: getTransport: Cannot find entry android.hardware.graphics.mapper@4.0::IMapper/default in either framework or device VINTF manifest.
05-08 09:08:53.923 13442 13462 I Gralloc4: mapper 4.x is not supported
05-08 09:08:53.925   176   176 I hwservicemanager: getTransport: Cannot find entry android.hardware.graphics.allocator@4.0::IAllocator/default in either framework or device VINTF manifest.
05-08 09:08:53.925 13442 13462 W Gralloc4: allocator 4.x is not supported
05-08 09:08:53.998  1349  1504 W MediaProvider: isAppCloneUserPair for user 0: false
05-08 09:08:54.029 10645 10645 I Choreographer: Skipped 82 frames!  The application may be doing too much work on its main thread.
05-08 09:08:54.042   176   176 I hwservicemanager: getTransport: Cannot find entry android.hardware.graphics.mapper@4.0::IMapper/default in either framework or device VINTF manifest.
05-08 09:08:54.042 13520 13523 I Gralloc4: mapper 4.x is not supported
05-08 09:08:54.095 10645 10662 I OpenGLRenderer: Davey! duration=1400ms; Flags=0, FrameTimelineVsyncId=45428, IntendedVsync=3045456495988, Vsync=3046823162600, InputEventId=0, HandleInputStart=3046824587000, AnimationStart=3046824602200, PerformTraversalsStart=3046825078600, DrawStart=3046830891300, FrameDeadline=3045489829320, FrameInterval=3046824509300, FrameStartTime=16666666, SyncQueued=3046831403800, SyncStart=3046831462700, IssueDrawCommandsStart=3046831588800, SwapBuffers=3046845536800, FrameCompleted=3046856871200, DequeueBufferDuration=18600, QueueBufferDuration=8398600, GpuCompleted=3046856734700, SwapBuffersCompleted=3046856871200, DisplayPresentTime=0, 
05-08 09:08:54.180 10645 10645 I cr_tabmodel: #isIncognitoTabBeingRestored from tabState:  false
05-08 09:08:54.180 10645 10645 I cr_tabmodel: #isIncognitoTabBeingRestored from tabState:  false
05-08 09:08:54.199  1349  1860 I MediaProvider: Begin Intent { act=android.intent.action.MEDIA_SCANNER_SCAN_FILE dat=file:///sdcard/screen_2025-05-08_170854.png flg=0x1400010 cmp=com.google.android.providers.media.module/com.android.providers.media.MediaService }
05-08 09:08:54.215 10645 10645 I cr_tabmodel: #isIncognitoTabBeingRestored from tabState:  false
05-08 09:08:54.216 10645 10645 I cr_tabmodel: #isIncognitoTabBeingRestored from tabState:  false
05-08 09:08:54.242  1349  1860 I MediaProvider: End Intent { act=android.intent.action.MEDIA_SCANNER_SCAN_FILE dat=file:///sdcard/screen_2025-05-08_170854.png flg=0x1400010 cmp=com.google.android.providers.media.module/com.android.providers.media.MediaService }
05-08 09:08:54.255 10645 10645 I cr_tabmodel: #isIncognitoTabBeingRestored from tabState:  false
05-08 09:08:54.255 10645 10645 I cr_tabmodel: #isIncognitoTabBeingRestored from tabState:  false
05-08 09:08:54.275 10645 10645 I cr_tabmodel: Loaded tab lists; counts: 4,0
05-08 09:08:54.291   538   858 W ActivityTaskManager: Request to remove task ignored for non-existent task 28
05-08 09:08:54.296  1172  2228 I UriTaskContentObserver: (REDACTED) Throttling content uri change event for %s
05-08 09:08:54.297  1349  5273 I MediaProvider: Deleted 0 1 0 0 0 0 0 items on external_primary due to com.android.shell
05-08 09:08:54.303   538   858 W ActivityTaskManager: Request to remove task ignored for non-existent task 29
05-08 09:08:54.306 10905 10905 I Choreographer: Skipped 119 frames!  The application may be doing too much work on its main thread.
05-08 09:08:54.643 13564 13564 I AndroidRuntime: Using default boot image
05-08 09:08:54.643 13564 13564 I AndroidRuntime: Leaving lock profiling enabled
05-08 09:08:54.643 13564 13564 W libc    : Access denied finding property "odsign.verification.success"
05-08 09:08:54.651 13564 13564 W app_process: ART APEX data files are untrusted.
05-08 09:08:54.640 13564 13564 W app_process: type=1400 audit(0.0:294): avc: denied { read } for name="u:object_r:odsign_prop:s0" dev="tmpfs" ino=203 scontext=u:r:shell:s0 tcontext=u:object_r:odsign_prop:s0 tclass=file permissive=0
05-08 09:08:54.780 13564 13564 W app_process: Unexpected CPU variant for X86 using defaults: x86_64
05-08 09:08:54.803 13564 13564 W app_process: ClassLoaderContext classpath size mismatch. expected=0, found=1 (PCL[] | PCL[/system/framework/android.test.runner.jar*1585996318])
05-08 09:08:54.927   538   593 I ActivityManager: Start proc 13584:com.android.chrome:sandboxed_process0:org.chromium.content.app.SandboxedProcessService0:1/u0ai1 for  {com.android.chrome/org.chromium.content.app.SandboxedProcessService0:1}
05-08 09:08:54.929 13584 13584 W ocessService0:: Unexpected CPU variant for X86 using defaults: x86_64
05-08 09:08:54.932 13584 13584 E ocessService0:: Not starting debugger since process cannot load the jdwp agent.
05-08 09:08:54.967 13584 13584 W SystemServiceRegistry: No service published for: uimode
05-08 09:08:54.969 13584 13584 I cr_ChildProcessService: Creating new ChildProcessService pid=13584
05-08 09:08:55.000 13584 13598 I cr_LibraryLoader: Loaded native library version number "91.0.4472.114"
05-08 09:08:55.000 13584 13598 I cr_CachingUmaRecorder: Flushed 1 samples from 1 histograms.
05-08 09:08:55.100 13396 13396 I cr_ChildProcessService: Destroying ChildProcessService pid=13396
05-08 09:08:55.102 13396 13396 I ocessService0:: System.exit called, status: 0
05-08 09:08:55.102 13396 13396 I AndroidRuntime: VM exiting with result code 0, cleanup skipped.
05-08 09:08:55.102   538  2000 I ActivityManager: Killing 13396:com.android.chrome:sandboxed_process0:org.chromium.content.app.SandboxedProcessService0:0/u0a115i-9000 (adj 0): isolated not needed
05-08 09:08:55.115 13385 13385 I Zygote  : Process 13396 exited cleanly (0)
05-08 09:08:55.149   538   594 I libprocessgroup: Successfully killed process cgroup uid 90000 pid 13396 in 44ms
05-08 09:08:55.185   358   358 I android.hardware.vibrator-service.example: Vibrator perform
05-08 09:08:55.185   358 13613 I android.hardware.vibrator-service.example: Starting perform on another thread
05-08 09:08:55.285   358 13613 I android.hardware.vibrator-service.example: Notifying perform complete
05-08 09:08:55.286   358   358 I android.hardware.vibrator-service.example: Vibrator off
05-08 09:08:55.428  1533  1533 I A       : onApplyWindowInsets: systemWindowInsets=Insets{left=0, top=63, right=0, bottom=126}
05-08 09:08:55.434  1533  1533 I A       : onApplyWindowInsets: systemWindowInsets=Insets{left=0, top=63, right=0, bottom=126}
05-08 09:08:55.438   538  1998 W ActivityManager: Unable to start service Intent { act=android.service.smartspace.SmartspaceService cmp=com.google.android.as/com.google.android.apps.miphone.aiai.app.AiAiSmartspaceService } U=0: not found
05-08 09:08:55.442   538  1998 W RemoteSmartspaceService: could not bind to Intent { act=android.service.smartspace.SmartspaceService cmp=com.google.android.as/com.google.android.apps.miphone.aiai.app.AiAiSmartspaceService } using flags 67112961
05-08 09:08:55.442   538   538 W ActivityManager: Unbind failed: could not find connection for android.app.LoadedApk$ServiceDispatcher$InnerConnection@4bc188d
05-08 09:08:55.452  1096  1096 I LatencyTracker: ACTION_TOGGLE_RECENTS latency=179
05-08 09:08:55.584   538 21511 W OpenGLRenderer: Failed to choose config with EGL_SWAP_BEHAVIOR_PRESERVED, retrying without...
05-08 09:08:55.623   538 21511 W OpenGLRenderer: Failed to initialize 101010-2 format, error = EGL_SUCCESS
05-08 09:08:55.648   338   410 W RanchuHwc: validateDisplay: layer 186 CompositionType 1, fallback
05-08 09:08:55.690   338   410 W RanchuHwc: presentDisplay display has no layers to compose, flushing client target buffer.
05-08 09:08:55.697   338   410 W RanchuHwc: validateDisplay: layer 185 CompositionType 1, fallback
05-08 09:08:55.697  1533  1567 I OpenGLRenderer: Davey! duration=103583ms; Flags=1, FrameTimelineVsyncId=43117, IntendedVsync=2944839833346, Vsync=2944839833346, InputEventId=0, HandleInputStart=2944845867200, AnimationStart=2944845885600, PerformTraversalsStart=2944845910500, DrawStart=2944941670200, FrameDeadline=2944873166678, FrameInterval=2944845855500, FrameStartTime=16666666, SyncQueued=2944956755000, SyncStart=2944975265900, IssueDrawCommandsStart=2944975680300, SwapBuffers=2944975827300, FrameCompleted=3048441621300, DequeueBufferDuration=15800, QueueBufferDuration=444200, GpuCompleted=3048441621300, SwapBuffersCompleted=2945017866800, DisplayPresentTime=0, 
05-08 09:08:55.745   338   410 W RanchuHwc: presentDisplay display has no layers to compose, flushing client target buffer.
05-08 09:08:55.747   338   410 W RanchuHwc: validateDisplay: layer 185 CompositionType 1, fallback
05-08 09:08:55.756   338   410 W RanchuHwc: presentDisplay display has no layers to compose, flushing client target buffer.
05-08 09:08:55.764   338   410 W RanchuHwc: validateDisplay: layer 185 CompositionType 1, fallback
05-08 09:08:55.780   338   410 W RanchuHwc: presentDisplay display has no layers to compose, flushing client target buffer.
05-08 09:08:55.782   338   410 W RanchuHwc: validateDisplay: layer 185 CompositionType 1, fallback
05-08 09:08:55.789   338   410 W RanchuHwc: presentDisplay display has no layers to compose, flushing client target buffer.
05-08 09:08:55.797   338   410 W RanchuHwc: validateDisplay: layer 185 CompositionType 1, fallback
05-08 09:08:55.801   338   410 W RanchuHwc: presentDisplay display has no layers to compose, flushing client target buffer.
05-08 09:08:55.813   338   410 W RanchuHwc: validateDisplay: layer 185 CompositionType 1, fallback
05-08 09:08:55.826   338   410 W RanchuHwc: presentDisplay display has no layers to compose, flushing client target buffer.
05-08 09:08:55.836   338   410 W RanchuHwc: validateDisplay: layer 186 CompositionType 1, fallback
05-08 09:08:55.838   338   410 W RanchuHwc: presentDisplay display has no layers to compose, flushing client target buffer.
05-08 09:08:55.846   338   410 W RanchuHwc: validateDisplay: layer 186 CompositionType 1, fallback
05-08 09:08:55.847  1096  1149 I AiAiSuggestUi: Connecting to system intelligence module.
05-08 09:08:55.849   338   410 W RanchuHwc: presentDisplay display has no layers to compose, flushing client target buffer.
05-08 09:08:55.862   338   410 W RanchuHwc: validateDisplay: layer 186 CompositionType 1, fallback
05-08 09:08:55.864   338   410 W RanchuHwc: presentDisplay display has no layers to compose, flushing client target buffer.
05-08 09:08:55.866  1096  1096 I AiAiSuggestUi: Clearing suggestions.
05-08 09:08:55.867  1096  1096 I AiAiSuggestUi: Requesting to show indicators
05-08 09:08:55.870   538   538 W ActivityManager: Unable to start service Intent { act=android.service.contentsuggestions.ContentSuggestionsService cmp=com.google.android.as/com.google.android.apps.miphone.aiai.app.AiAiContentSuggestionsService } U=0: not found
05-08 09:08:55.871   538   538 W RemoteContentSuggestionsService: could not bind to Intent { act=android.service.contentsuggestions.ContentSuggestionsService cmp=com.google.android.as/com.google.android.apps.miphone.aiai.app.AiAiContentSuggestionsService } using flags 67112961
05-08 09:08:55.873   538   538 W ContentSuggestionsPerUserService: remote content suggestions service died
05-08 09:08:55.873   538   538 W ActivityManager: Unbind failed: could not find connection for android.app.LoadedApk$ServiceDispatcher$InnerConnection@f0a2f9a
05-08 09:08:55.873  1096  1096 I AiAiSuggestUi: Fetching contents, isPrimaryTask = true
05-08 09:08:55.879   338   410 W RanchuHwc: validateDisplay: layer 186 CompositionType 1, fallback
05-08 09:08:55.882   338   410 W RanchuHwc: presentDisplay display has no layers to compose, flushing client target buffer.
05-08 09:08:55.896   338   410 W RanchuHwc: validateDisplay: layer 186 CompositionType 1, fallback
05-08 09:08:55.899   538   538 W ActivityManager: Unable to start service Intent { act=android.service.contentsuggestions.ContentSuggestionsService cmp=com.google.android.as/com.google.android.apps.miphone.aiai.app.AiAiContentSuggestionsService } U=0: not found
05-08 09:08:55.899   538   538 W RemoteContentSuggestionsService: could not bind to Intent { act=android.service.contentsuggestions.ContentSuggestionsService cmp=com.google.android.as/com.google.android.apps.miphone.aiai.app.AiAiContentSuggestionsService } using flags 67112961
05-08 09:08:55.899   338   410 W RanchuHwc: presentDisplay display has no layers to compose, flushing client target buffer.
05-08 09:08:55.899   538   538 W ContentSuggestionsPerUserService: remote content suggestions service died
05-08 09:08:55.899   538   538 W ActivityManager: Unbind failed: could not find connection for android.app.LoadedApk$ServiceDispatcher$InnerConnection@25ee7c1
05-08 09:08:55.913   338   410 W RanchuHwc: validateDisplay: layer 186 CompositionType 1, fallback
05-08 09:08:55.918   338   410 W RanchuHwc: presentDisplay display has no layers to compose, flushing client target buffer.
05-08 09:08:55.923   538  3253 W ServiceManager: Permission failure: android.permission.HIGH_SAMPLING_RATE_SENSORS from uid=10131 pid=1096
05-08 09:08:55.930   338   410 W RanchuHwc: validateDisplay: layer 186 CompositionType 1, fallback
05-08 09:08:55.931  1096  1108 W System  : A resource failed to call release. 
05-08 09:08:55.931  1096  1108 W System  : A resource failed to call release. 
05-08 09:08:55.931  1096  1108 W System  : A resource failed to call release. 
05-08 09:08:55.932   338   410 W RanchuHwc: presentDisplay display has no layers to compose, flushing client target buffer.
05-08 09:08:55.934   538  2000 W ServiceManager: Permission failure: android.permission.HIGH_SAMPLING_RATE_SENSORS from uid=10131 pid=1096
05-08 09:08:55.946   338   410 W RanchuHwc: validateDisplay: layer 186 CompositionType 1, fallback
05-08 09:08:55.977   338   410 W RanchuHwc: presentDisplay display has no layers to compose, flushing client target buffer.
05-08 09:08:55.978  1096  1096 I AiAiSuggestUi: Show a URL indicator
05-08 09:08:55.978   338   410 W RanchuHwc: validateDisplay: layer 186 CompositionType 1, fallback
05-08 09:08:55.984   338   410 W RanchuHwc: presentDisplay display has no layers to compose, flushing client target buffer.
05-08 09:08:55.996   338   410 W RanchuHwc: validateDisplay: layer 186 CompositionType 1, fallback
05-08 09:08:55.999   338   410 W RanchuHwc: presentDisplay display has no layers to compose, flushing client target buffer.
05-08 09:08:56.013   338   410 W RanchuHwc: validateDisplay: layer 186 CompositionType 1, fallback
05-08 09:08:56.013   538   591 I LatencyTracker: ACTION_START_RECENTS_ANIMATION latency=322
05-08 09:08:56.015   338   410 W RanchuHwc: presentDisplay display has no layers to compose, flushing client target buffer.
05-08 09:08:56.030   338   410 W RanchuHwc: validateDisplay: layer 186 CompositionType 1, fallback
05-08 09:08:56.032   338   410 W RanchuHwc: presentDisplay display has no layers to compose, flushing client target buffer.
05-08 09:08:56.046   338   410 W RanchuHwc: validateDisplay: layer 186 CompositionType 1, fallback
05-08 09:08:56.048   338   410 W RanchuHwc: presentDisplay display has no layers to compose, flushing client target buffer.
05-08 09:08:56.063   338   410 W RanchuHwc: validateDisplay: layer 186 CompositionType 1, fallback
05-08 09:08:56.065   338   410 W RanchuHwc: presentDisplay display has no layers to compose, flushing client target buffer.
05-08 09:08:56.079   338   410 W RanchuHwc: validateDisplay: layer 186 CompositionType 1, fallback
05-08 09:08:56.082   338   410 W RanchuHwc: presentDisplay display has no layers to compose, flushing client target buffer.
05-08 09:08:56.096   338   410 W RanchuHwc: validateDisplay: layer 186 CompositionType 1, fallback
05-08 09:08:56.098   338   410 W RanchuHwc: presentDisplay display has no layers to compose, flushing client target buffer.
05-08 09:08:56.112   338   410 W RanchuHwc: validateDisplay: layer 186 CompositionType 1, fallback
05-08 09:08:56.114   338   410 W RanchuHwc: presentDisplay display has no layers to compose, flushing client target buffer.
05-08 09:08:56.129   338   410 W RanchuHwc: validateDisplay: layer 186 CompositionType 1, fallback
05-08 09:08:56.131   338   410 W RanchuHwc: presentDisplay display has no layers to compose, flushing client target buffer.
05-08 09:08:56.146   338   410 W RanchuHwc: validateDisplay: layer 186 CompositionType 1, fallback
05-08 09:08:56.148   338   410 W RanchuHwc: presentDisplay display has no layers to compose, flushing client target buffer.
05-08 09:08:56.162   338   410 W RanchuHwc: validateDisplay: layer 186 CompositionType 1, fallback
05-08 09:08:56.164   338   410 W RanchuHwc: presentDisplay display has no layers to compose, flushing client target buffer.
05-08 09:08:56.713   338   410 W RanchuHwc: validateDisplay: layer 186 CompositionType 1, fallback
05-08 09:08:56.715   338   410 W RanchuHwc: presentDisplay display has no layers to compose, flushing client target buffer.
05-08 09:08:56.730   338   410 W RanchuHwc: validateDisplay: layer 186 CompositionType 1, fallback
05-08 09:08:56.733   338   410 W RanchuHwc: presentDisplay display has no layers to compose, flushing client target buffer.
05-08 09:08:56.746   338   410 W RanchuHwc: validateDisplay: layer 186 CompositionType 1, fallback
05-08 09:08:56.747   338   410 W RanchuHwc: presentDisplay display has no layers to compose, flushing client target buffer.
05-08 09:08:56.764   338   410 W RanchuHwc: validateDisplay: layer 186 CompositionType 1, fallback
05-08 09:08:56.764   338   410 W RanchuHwc: presentDisplay display has no layers to compose, flushing client target buffer.
05-08 09:08:56.779   338   410 W RanchuHwc: validateDisplay: layer 186 CompositionType 1, fallback
05-08 09:08:56.779   338   410 W RanchuHwc: presentDisplay display has no layers to compose, flushing client target buffer.
05-08 09:08:56.796   338   410 W RanchuHwc: validateDisplay: layer 186 CompositionType 1, fallback
05-08 09:08:56.796   338   410 W RanchuHwc: presentDisplay display has no layers to compose, flushing client target buffer.
05-08 09:08:56.814   338   410 W RanchuHwc: validateDisplay: layer 186 CompositionType 1, fallback
05-08 09:08:56.814   338   410 W RanchuHwc: presentDisplay display has no layers to compose, flushing client target buffer.
05-08 09:08:56.862   338   410 W RanchuHwc: validateDisplay: layer 186 CompositionType 1, fallback
05-08 09:08:56.863   338   410 W RanchuHwc: presentDisplay display has no layers to compose, flushing client target buffer.
05-08 09:08:56.880   338   410 W RanchuHwc: validateDisplay: layer 186 CompositionType 1, fallback
05-08 09:08:56.891   338   410 W RanchuHwc: presentDisplay display has no layers to compose, flushing client target buffer.
05-08 09:08:56.896   338   410 W RanchuHwc: validateDisplay: layer 186 CompositionType 1, fallback
05-08 09:08:56.917   338   410 W RanchuHwc: presentDisplay display has no layers to compose, flushing client target buffer.
05-08 09:08:56.947   338   410 W RanchuHwc: validateDisplay: layer 186 CompositionType 1, fallback
05-08 09:08:56.949   338   410 W RanchuHwc: presentDisplay display has no layers to compose, flushing client target buffer.
05-08 09:08:56.963   338   410 W RanchuHwc: validateDisplay: layer 186 CompositionType 1, fallback
05-08 09:08:56.974   338   410 W RanchuHwc: presentDisplay display has no layers to compose, flushing client target buffer.
05-08 09:08:56.980   338   410 W RanchuHwc: validateDisplay: layer 186 CompositionType 1, fallback
05-08 09:08:56.980   338   410 W RanchuHwc: presentDisplay display has no layers to compose, flushing client target buffer.
05-08 09:08:57.012   338   410 W RanchuHwc: validateDisplay: layer 186 CompositionType 1, fallback
05-08 09:08:57.013   338   410 W RanchuHwc: presentDisplay display has no layers to compose, flushing client target buffer.
05-08 09:08:57.013 11768 11780 I OpenGLRenderer: Davey! duration=23265ms; Flags=1, FrameTimelineVsyncId=44699, IntendedVsync=3026539830078, Vsync=3026806496734, InputEventId=0, HandleInputStart=3026819517500, AnimationStart=3026819534800, PerformTraversalsStart=3026819911300, DrawStart=3026949580900, FrameDeadline=3026573163410, FrameInterval=3026819506900, FrameStartTime=16666666, SyncQueued=3026949677500, SyncStart=3026951621600, IssueDrawCommandsStart=3026952507000, SwapBuffers=3026952795700, FrameCompleted=3049806852000, DequeueBufferDuration=1964400, QueueBufferDuration=923500, GpuCompleted=3049806852000, SwapBuffersCompleted=3026971683200, DisplayPresentTime=0, 
05-08 09:08:57.030   338   410 W RanchuHwc: validateDisplay: layer 186 CompositionType 1, fallback
05-08 09:08:57.032   338   410 W RanchuHwc: presentDisplay display has no layers to compose, flushing client target buffer.
05-08 09:08:57.046   338   410 W RanchuHwc: validateDisplay: layer 186 CompositionType 1, fallback
05-08 09:08:57.048   338   410 W RanchuHwc: presentDisplay display has no layers to compose, flushing client target buffer.
05-08 09:08:57.064   338   410 W RanchuHwc: validateDisplay: layer 186 CompositionType 1, fallback
05-08 09:08:57.064   338   410 W RanchuHwc: presentDisplay display has no layers to compose, flushing client target buffer.
05-08 09:08:57.080   338   410 W RanchuHwc: validateDisplay: layer 186 CompositionType 1, fallback
05-08 09:08:57.082   338   410 W RanchuHwc: presentDisplay display has no layers to compose, flushing client target buffer.
05-08 09:08:57.098   338   410 W RanchuHwc: validateDisplay: layer 186 CompositionType 1, fallback
05-08 09:08:57.100   338   410 W RanchuHwc: presentDisplay display has no layers to compose, flushing client target buffer.
05-08 09:08:57.113   338   410 W RanchuHwc: validateDisplay: layer 186 CompositionType 1, fallback
05-08 09:08:57.115   338   410 W RanchuHwc: presentDisplay display has no layers to compose, flushing client target buffer.
05-08 09:08:57.130   338   410 W RanchuHwc: validateDisplay: layer 186 CompositionType 1, fallback
05-08 09:08:57.133   338   410 W RanchuHwc: presentDisplay display has no layers to compose, flushing client target buffer.
05-08 09:08:57.146   338   410 W RanchuHwc: validateDisplay: layer 186 CompositionType 1, fallback
05-08 09:08:57.148   338   410 W RanchuHwc: presentDisplay display has no layers to compose, flushing client target buffer.
05-08 09:08:57.163   338   410 W RanchuHwc: validateDisplay: layer 186 CompositionType 1, fallback
05-08 09:08:57.165   338   410 W RanchuHwc: presentDisplay display has no layers to compose, flushing client target buffer.
05-08 09:08:57.179   338   410 W RanchuHwc: validateDisplay: layer 186 CompositionType 1, fallback
05-08 09:08:57.182   338   410 W RanchuHwc: presentDisplay display has no layers to compose, flushing client target buffer.
05-08 09:08:57.196   338   410 W RanchuHwc: validateDisplay: layer 186 CompositionType 1, fallback
05-08 09:08:57.198   338   410 W RanchuHwc: presentDisplay display has no layers to compose, flushing client target buffer.
05-08 09:08:57.213   338   410 W RanchuHwc: validateDisplay: layer 186 CompositionType 1, fallback
05-08 09:08:57.215   338   410 W RanchuHwc: presentDisplay display has no layers to compose, flushing client target buffer.
05-08 09:08:57.230   338   410 W RanchuHwc: validateDisplay: layer 186 CompositionType 1, fallback
05-08 09:08:57.231   338   410 W RanchuHwc: presentDisplay display has no layers to compose, flushing client target buffer.
05-08 09:08:57.246   338   410 W RanchuHwc: validateDisplay: layer 186 CompositionType 1, fallback
05-08 09:08:57.248   338   410 W RanchuHwc: presentDisplay display has no layers to compose, flushing client target buffer.
05-08 09:08:57.263   338   410 W RanchuHwc: validateDisplay: layer 186 CompositionType 1, fallback
05-08 09:08:57.266   338   410 W RanchuHwc: presentDisplay display has no layers to compose, flushing client target buffer.
05-08 09:08:57.274  1412 13634 I GmscoreIpa: Starting mediastore instant index [CONTEXT service_id=255 ]
05-08 09:08:57.279   338   410 W RanchuHwc: validateDisplay: layer 186 CompositionType 1, fallback
05-08 09:08:57.281   338   410 W RanchuHwc: presentDisplay display has no layers to compose, flushing client target buffer.
05-08 09:08:57.296   338   410 W RanchuHwc: validateDisplay: layer 186 CompositionType 1, fallback
05-08 09:08:57.298   338   410 W RanchuHwc: presentDisplay display has no layers to compose, flushing client target buffer.
05-08 09:08:57.313   338   410 W RanchuHwc: validateDisplay: layer 186 CompositionType 1, fallback
05-08 09:08:57.315   338   410 W RanchuHwc: presentDisplay display has no layers to compose, flushing client target buffer.
05-08 09:08:57.330   338   410 W RanchuHwc: validateDisplay: layer 186 CompositionType 1, fallback
