10-24 22:34:05.322  7756  9210 I AppPredictManager: predict: recentApps size = 5
10-24 22:34:05.325  7756  8298 I AppPredictPrivacyLaunchManager: getLauncherHomeAppList size: 75
10-24 22:34:05.325  7756  8298 I AppPredictResultHelper: updatePreferenceStore: size = 48
10-24 22:34:05.335  1656  2244 I SDM     : HWCDisplay::SetActiveConfigWithConstraints: display:66-0, config: 1, WxH 1200x2670, fps 120
10-24 22:34:05.336  1656  2244 W SDM     : HWDeviceDRM::GetSupportedBitClkRate: Requested rate not supported: 1150000000
10-24 22:34:05.336  1656  2244 I SDM     : HWDeviceDRM::UpdateMixerAttributes: Mixer WxH 1200x2670-1 for Peripheral
10-24 22:34:05.336  1656  2244 I SDM     : HWCDisplay::SubmitDisplayConfig: Active configuration changed from config 3 to 1
10-24 22:34:05.336  1656  2244 I SDM     : HWCDisplay::SubmitDisplayConfig: Active WxH 1200x2670 ,ddic_mode:idle, timing_fps: 120, sf_fps: 120
10-24 22:34:05.337  1656  2516 I vendor.qti.hardware.display.composer-service: Sensor: notify citsensorservice to trigger cwb, misForced = 0
10-24 22:34:05.337  3030  3788 I libsensor-parseRGB: request dump start for mRequestDisplayId 0
10-24 22:34:05.345  2318  4219 I SmartPower: com.xiaomi.market/10167(12107): background->idle(3013ms) R(adj below visible) adj=905.
10-24 22:34:05.346  2318  4219 I SmartPower: com.android.browser/10134(22999): background->idle(3014ms) R(adj below visible) adj=905.
10-24 22:34:05.366  3030 15012 E libsensor-parseRGB: CWB NotifyCWBBufferDone  error 0
10-24 22:34:05.379  3094  3094 I adbd    : in ShellService: dumpsys input
10-24 22:34:05.422  1656  1854 I SDM     : DisplayBase::CommitThread: Received idle timeout, panel: cmd, timeout: 70000 us
10-24 22:34:05.436  3094  3094 I adbd    : in ShellService: getprop ro.sf.lcd_density
10-24 22:34:05.492  3094  3094 I adbd    : in ShellService: am force-stop com.ss.android.ugc.aweme.lite
10-24 22:34:05.545  2318  3608 I ActivityManager: Force stopping com.ss.android.ugc.aweme.lite appid=10431 user=0: from process:17998
10-24 22:34:05.556  2318  3608 E ClipboardServiceI: removeActivePermissionOwnerForPackage: mPrimaryClipPackage is null or get is null
10-24 22:34:05.558  2318  3608 I AppsFilter: interaction: PackageSetting{288f73c com.android.microdroid.empty_payload/10236} -> PackageSetting{379f078 com.ss.android.ugc.aweme.lite/10431} BLOCKED
10-24 22:34:05.558  2318  3608 I AppsFilter: interaction: PackageSetting{ebb961a io.appium.uiautomator2.server.test/10280} -> PackageSetting{379f078 com.ss.android.ugc.aweme.lite/10431} BLOCKED
10-24 22:34:05.559  2318  3608 I AppsFilter: interaction: PackageSetting{142eaf io.github.ylimit.droidbotapp/10434} -> PackageSetting{379f078 com.ss.android.ugc.aweme.lite/10431} BLOCKED
10-24 22:34:05.559  2318  3608 I AppsFilter: interaction: PackageSetting{e926041 com.rongcard.eid/10151} -> PackageSetting{379f078 com.ss.android.ugc.aweme.lite/10431} BLOCKED
10-24 22:34:05.559  2318  3608 I AppsFilter: interaction: PackageSetting{ecf9e6 io.appium.settings/10274} -> PackageSetting{379f078 com.ss.android.ugc.aweme.lite/10431} BLOCKED
10-24 22:34:05.565  2318  5453 W ParceledListSlice: Element #8 is 20788 bytes.
10-24 22:34:05.565  2318  5453 W ParceledListSlice: Element #9 is 20768 bytes.
10-24 22:34:05.569  7438  7438 E RegisteredServicesCache: Skipping application component ComponentInfo{com.UCMobile/com.alibaba.ariver.commonability.device.jsapi.nfc.service.TinyAppHostApduService}: it must request the permission android.permission.NFC
10-24 22:34:05.570  7438  7438 E RegisteredServicesCache: Skipping application component ComponentInfo{com.UCMobile/com.alipay.mobile.aompdevice.nfc.service.TinyAppHostApduService}: it must request the permission android.permission.NFC
10-24 22:34:05.570  7438  7438 E RegisteredServicesCache: Skipping application component ComponentInfo{com.autonavi.minimap/com.alibaba.ariver.commonability.device.jsapi.nfc.service.TinyAppHostApduService}: it must request the permission android.permission.NFC
10-24 22:34:05.570  7438  7438 E RegisteredServicesCache: Skipping application component ComponentInfo{com.autonavi.minimap/com.alipay.mobile.aompdevice.nfc.service.TinyAppHostApduService}: it must request the permission android.permission.NFC
10-24 22:34:05.572  7438  7438 I RegisteredServicesCache: current user: 0, is managed profile : false
10-24 22:34:05.574  7438  7438 I RegisteredAidCache: updateRoutingLocked(false): Enter
10-24 22:34:05.574  7438  7438 I AidRoutingManager: configureRouting(false): Enter
10-24 22:34:05.574  7438  7438 E AidRoutingManager: Size of routing table970
10-24 22:34:05.575  7438  7438 I RegisteredAidCache: updateRoutingLocked(false): exit
10-24 22:34:05.575  7438  7438 I libnfc_nci: [INFO:NativeT4tNfcee.cpp(870)] nfcManager_isFwSupportNonStdT4TAid Enter isFwSupport = 1
10-24 22:34:05.575  7438  7438 I libnfc_nci: [INFO:SecureElement.cpp(1487)] SecureElement::getEseHandleFromGenericId: enter; ESE-ID = 0x7F
10-24 22:34:05.575  7438  7438 I libnfc_nci: [INFO:SecureElement.cpp(1528)] SecureElement::getEseHandleFromGenericId: enter; ESE-Handle = 0x410
10-24 22:34:05.576  7438  7438 I libnfc_nci: [INFO:SecureElement.cpp(1487)] SecureElement::getEseHandleFromGenericId: enter; ESE-ID = 0x00
10-24 22:34:05.576  7438  7438 I libnfc_nci: [INFO:SecureElement.cpp(1528)] SecureElement::getEseHandleFromGenericId: enter; ESE-Handle = 0x400
10-24 22:34:05.577  4610 15432 I SecureElement-Terminal-eSE1: isSecureElementPresent()
10-24 22:34:05.577  1594  1594 I android.hardware.secure_element-service.qti: isCardPresent
10-24 22:34:05.577  1594  1594 I android.hardware.secure_element-service.qti: isCardPresent exit, cardPresent: 1
10-24 22:34:05.579  4610 15432 I SecureElement-Terminal-SIM1: isSecureElementPresent()
10-24 22:34:05.579  4610 15432 I SecureElement-Terminal-SIM1: isNfcEventAllowed: No access rules for checking.
10-24 22:34:05.580  4610 15432 I SecureElement-Terminal-SIM2: isSecureElementPresent()
10-24 22:34:05.590  3094  3094 I adbd    : in ShellService: input keyevent HOME
10-24 22:34:05.637  2318  3608 W MIUIInput: Input event injection from package: null action ACTION_DOWN keycode 3
10-24 22:34:05.637  2318  3608 W MiuiInputKeyEventLog: keyCode:3 down:true eventTime:2607343 downTime:2607343 policyFlags:2b000000 flags:0 metaState:0 deviceId:-1 isScreenOn:true keyguardActive:false repeatCount:0
10-24 22:34:05.640  1908  1908 E DisplayModeController: setDesiredMode : Idle status skip setActiveMode, isDdicIdleMode: 1
10-24 22:34:05.640  2318  3608 W MIUIInput: Input event injection from package: null action ACTION_UP keycode 3
10-24 22:34:05.640  2318  2449 W ActivityManagerServiceImpl: Sending non-protected broadcast com.miui.fullscreen_state_change from system 2318:system/1000 pkg android. Callers=com.android.server.am.ActivityManagerService.checkBroadcastFromSystem:16255 com.android.server.am.ActivityManagerService.broadcastIntentLockedTraced:17126 com.android.server.am.ActivityManagerService.broadcastIntentLocked:16315 com.android.server.am.ActivityManagerService.broadcastIntentWithFeature:17337 android.app.ContextImpl.sendBroadcastAsUser:1495 
10-24 22:34:05.640  2318  3608 W MiuiInputKeyEventLog: keyCode:3 down:false eventTime:2607346 downTime:2607343 policyFlags:2b000000 flags:0 metaState:0 deviceId:-1 isScreenOn:true keyguardActive:false repeatCount:0
10-24 22:34:05.641  2318  3572 E MiuiInputKeyEventLog: before go to home
10-24 22:34:05.641  2318  2449 W ActivityManagerServiceImpl: Sending non-protected broadcast com.miui.launch_home_from_hotkey from system 2318:system/1000 pkg android. Callers=com.android.server.am.ActivityManagerService.checkBroadcastFromSystem:16255 com.android.server.am.ActivityManagerService.broadcastIntentLockedTraced:17126 com.android.server.am.ActivityManagerService.broadcastIntentLocked:16315 com.android.server.am.ActivityManagerService.broadcastIntentWithFeature:17337 android.app.ContextImpl.sendBroadcastAsUser:1536 
10-24 22:34:05.642  1656  2244 I SDM     : HWCDisplay::SetActiveConfigWithConstraints: display:66-0, config: 3, WxH 1200x2670, fps 120
10-24 22:34:05.642  1656  2244 W SDM     : HWDeviceDRM::GetSupportedBitClkRate: Requested rate not supported: 1150000000
10-24 22:34:05.642  1656  2244 I SDM     : HWDeviceDRM::UpdateMixerAttributes: Mixer WxH 1200x2670-1 for Peripheral
10-24 22:34:05.643  1656  2244 I SDM     : HWCDisplay::SubmitDisplayConfig: Active configuration changed from config 1 to 3
10-24 22:34:05.643  1656  2244 I SDM     : HWCDisplay::SubmitDisplayConfig: Active WxH 1200x2670 ,ddic_mode:auto, timing_fps: 120, sf_fps: 120
10-24 22:34:05.645  1656  2516 I vendor.qti.hardware.display.composer-service: Sensor: notify citsensorservice to trigger cwb, misForced = 0
10-24 22:34:05.646  3030  3788 I libsensor-parseRGB: request dump start for mRequestDisplayId 0
10-24 22:34:05.644  7756  7756 I VideoToolBoxService: onReceive: android.intent.action.CLOSE_SYSTEM_DIALOGS
10-24 22:34:05.647  7756  7756 I GameBoosterService: onReceive: android.intent.action.CLOSE_SYSTEM_DIALOGS
10-24 22:34:05.649  4692  4692 I ControlCenterExpandController: hide panel true true
10-24 22:34:05.649  4692  4692 I VolumeShowHideAnimator: isRunning: false, mExpanded: false
10-24 22:34:05.650  4692  4692 I VolumeExpandCollapsedAnimator: isRunning: false, mExpanded: false
10-24 22:34:05.650  2318  3572 W ActivityTaskManager: callingPackage for (uid=-1, pid=0) has no WPC
10-24 22:34:05.650  4692  4692 I VolumePanelViewController_false: dismissH mShowing:false, reason:volume_controller, isAnimating: false, needShowDialog=false, KeyAnimatingStream=-1
10-24 22:34:05.650  4692  4692 I VolumeShowHideAnimator: isRunning: false, mExpanded: false
10-24 22:34:05.650  4692  4692 I VolumeExpandCollapsedAnimator: isRunning: false, mExpanded: false
10-24 22:34:05.650  4692  4692 I VolumePanelViewController_true: dismissH mShowing:false, reason:volume_controller, isAnimating: false, needShowDialog=true, KeyAnimatingStream=-1
10-24 22:34:05.651  2318  3572 W OptProp : Cannot read opt property android.window.PROPERTY_COMPAT_ALLOW_ORIENTATION_OVERRIDE
10-24 22:34:05.652  2318  3572 E ActivityTaskManager: Unable to get servicetracker HAL instance
10-24 22:34:05.652  2318  3572 E ActivityTaskManager: Unable to get servicetracker HAL instance
10-24 22:34:05.652  2318  3572 E WindowManager: setClientVisible ActivityRecord{7c483c0 u0 com.miui.home/.launcher.Launcher true
10-24 22:34:05.652  2318  3572 W OptProp : Cannot read opt property android.window.PROPERTY_COMPAT_ALLOW_RESIZEABLE_ACTIVITY_OVERRIDES
10-24 22:34:05.653  2318  3572 W OptProp : Cannot read opt property android.window.PROPERTY_COMPAT_ALLOW_MIN_ASPECT_RATIO_OVERRIDE
10-24 22:34:05.654  2318  3572 I AnimInterruptController: FIS notify Foresee interrupt start:70
10-24 22:34:05.654  2318  3572 I ActivityTaskManager: isKeyguardEditor: false, newTransition: TransitionRecord{a37a03e id=71 type=OPEN flags=0x0}
10-24 22:34:05.656  2318  3572 W MiuiFreeFormManagerService: isFrontFreeFormStackInfo: taskId=2 is not in freeform
10-24 22:34:05.657  2318  3572 I WindowManager: Try to add startingWindow type = STARTING_WINDOW_TYPE_NONE this = ActivityRecord{cc26333 u0 com.miui.home/.launcher.Launcher t2} preAllowTaskSnapshot = false afterAllowTaskSnapshot = false newTask = false taskSwitch = true processRunning = true activityCreated = true activityAllDrawn = false isSnapshotCompatible = false resolvedTheme = 2131820794 theme = 2131820794
10-24 22:34:05.658  2318  3572 E ActivityTaskManager: Unable to get servicetracker HAL instance
10-24 22:34:05.659  1672  1746 E ANDR-PERF-UTIL: ANDR-PERF-UTIL: save_node_val() 366: Failed to read /sys/class/mmc_host/mmc0/clk_scaling/enable
10-24 22:34:05.659  1672  1746 E ANDR-PERF-OPTSHANDLER: ANDR-PERF-OPTSHANDLER: modify_sysfsnode() 1266: Failed to read /sys/class/mmc_host/mmc0/clk_scaling/enable
10-24 22:34:05.659  1672  1746 E ANDR-PERF-RESOURCEQS: ANDR-PERF-RESOURCEQS: AddAndApply() 167: Failed to apply optimization [11, 4]
10-24 22:34:05.659  2318  3572 E ActivityTaskManager: Unable to get servicetracker HAL instance
10-24 22:34:05.663  2318  3572 E WindowManager: setClientVisible ActivityRecord{cc26333 u0 com.miui.home/.launcher.Launcher t2} true
10-24 22:34:05.663  2318  3572 E ActivityTaskManager: Unable to get servicetracker HAL instance
10-24 22:34:05.665  2318  3572 I MultiSenceManagerInternalStub: getInstance
10-24 22:34:05.668  4628  4799 I DynamicDDSService: handleMessage(ACTIVITY_INVOKE{appInfo=com.miui.home isFullScreen=}true)
10-24 22:34:05.669  2318  3572 E WindowManager: setClientVisible WallpaperWindowToken{25da35f token=android.os.Binder@2084ffe} false
10-24 22:34:05.669  4692  4887 I SoScStageCoordinator: Transition requested:TransitionRequestInfo { type = OPEN, triggerTask = TaskInfo{userId=0 taskId=2 displayId=0 isRunning=true baseIntent=Intent { act=android.intent.action.MAIN cat=[android.intent.category.HOME] flg=0x10000100 cmp=com.miui.home/.launcher.Launcher } baseActivity=ComponentInfo{com.miui.home/com.miui.home.launcher.Launcher} topActivity=ComponentInfo{com.miui.home/com.miui.home.launcher.Launcher} origActivity=null realActivity=ComponentInfo{com.miui.home/com.miui.home.launcher.Launcher} numActivities=1 lastActiveTime=2607370 supportsSplitScreenMultiWindow=true supportsMultiWindow=true resizeMode=2 isResizeable=true minWidth=-1 minHeight=-1 defaultMinSize=200 token=WCT{android.window.IWindowContainerToken$Stub$Proxy@a0dff20} topActivityType=2 pictureInPictureParams=null shouldDockBigOverlays=false launchIntoPipHostTaskId=-1 lastParentTaskIdBeforePip=-1 displayCutoutSafeInsets=null topActivityInfo=ActivityInfo{e7190d9 com.miui.home.launcher.Launcher} launchCookies=[] positionInParent=Point(0, 0) parentTaskId=-1 isFocused=true isVisible=false isVisibleRequested=true isSleeping=false locusId=null displayAreaFeatureId=1 isTopActivityTransparent=false appCompatTaskInfo=AppCompatTaskInfo { topActivityInSizeCompat=false topActivityInMiuiSizeCompat=false topActivityEligibleForLetterboxEducation= falseisLetterboxEducationEnabled= false isLetterboxDoubleTapEnabled= false topActivityEligibleForUserAspectRatioButton= false topActivityBoundsLetterboxed= false isFromLetterboxDoubleTap= false topActivityLetterboxVerticalPosition= -1 topActivityLetterboxHorizontalPosition= -1 topActivityLetterboxWidth=1200 topActivityLetterboxHeight=2670 isUserFullscreenOverrideEnabled=false isSystemFullscreenOverrideEnabled=false cameraCompatTaskInfo=CameraCompatTaskInfo { cameraCompatControlState=hidden freeformCameraCompatMode=inactive}} isImmersive=false mTopActivityRequestOrientation=1 mBehindAppLockPkg=null mOriginatingUid=0 isEmbedded=false shouldBeVisible=true isCreatedByOrganizer=false mIsCastMode=false mTopActivityMediaSize=null mTopActivityRecordName=ActivityRecord{cc26333 u0 com.miui.home/.launcher.Launcher t2} mTopActivityOrientation=1}, pipTask = null, remoteTransition = null, displayChange = null, flags = 0, debugId = 71 } isSoScActive:false triggerTask:TaskInfo{userId=0 taskId=2 displayId=0 isRunning=true baseIntent=Intent { act=android.intent.action.MAIN cat=[android.intent.category.HOME] flg=0x10000100 cmp=com.miui.home/.launcher.Launcher } baseActivity=ComponentInfo{com.miui.home/com.miui.home.launcher.Launcher} topActivity=ComponentInfo{com.miui.home/com.miui.home.launcher.Launcher} origActivity=null realActivity=ComponentInfo{com.miui.home/com.miui.home.launcher.Launcher} numActivities=1 lastActiveTime=2607370 supportsSplitScreenMultiWindow=true supportsMultiWindow=true resizeMode=2 isResizeable=true minWidth=-1 minHeight=-1 defaultMinSize=200 token=WCT{android.window.IWindowContainerToken$Stub$Proxy@a0dff20} topActivityType=2 pictureInPictureParams=null shouldDockBigOverlays=false launchIntoPipHostTaskId=-1 lastParentTaskIdBeforePip=-1 displayCutoutSafeInsets=null topActivityInfo=ActivityInfo{e7190d9 com.miui.home.launcher.Launcher} launchCookies=[] positionInParent=Point(0, 0) parentTaskId=-1 isFocused=true isVisible=false isVisibleRequested=true isSleeping=false locusId=null displayAreaFeatureId=1 isTopActivityTransparent=false appCompatTaskInfo=AppCompatTaskInfo { topActivityInSizeCompat=false topActivityInMiuiSizeCompat=false topActivityEligibleForLetterboxEducation= falseisLetterboxEducationEnabled= false isLetterboxDoubleTapEnabled= false topActivityEligibleForUserAspectRatioButton= false topActivityBoundsLetterboxed= false isFromLetterboxDoubleTap= false topActivityLetterboxVerticalPosition= -1 topActivityLetterboxHorizontalPosition= -1 topActivityLetterboxWidth=1200 topActivityLetterboxHeight=2670 isUserFullscreenOverrideEnabled=false isSystemFullscreenOverrideEnabled=false cameraCompatTaskInfo=CameraCompatTaskInfo { cameraCompatControlState=hidden freeformCamer
10-24 22:34:05.671  2318  3572 I ActivityTaskManager: START u0 {act=android.intent.action.MAIN cat=[android.intent.category.HOME] flg=0x10000100 cmp=com.miui.home/.launcher.Launcher (has extras)} with LAUNCH_SINGLE_TASK from uid 0 from pid 0 callingPackage null callers: com.android.server.wm.RootWindowContainer.lambda$startHomeOnDisplay$11:1607 com.android.server.wm.RootWindowContainer.$r8$lambda$DFaa7QLApF8rlf4uiy_4K0Hxf2Y:0 com.android.server.wm.RootWindowContainer$$ExternalSyntheticLambda50.apply:0 com.android.server.wm.TaskDisplayArea.reduceOnAllTaskDisplayAreas:526  (BAL_ALLOW_ALLOWLISTED_UID) result code=2
10-24 22:34:05.672  2318  2439 I WindowManager: wms.showSurfaceRobustly mWin:Window{2fdcaad u0 com.miui.miwallpaper.wallpaperservice.ImageWallpaper}
10-24 22:34:05.673  4299  4299 I Launcher: onNewIntent
10-24 22:34:05.673  4299  4299 I ConnectAnimFinishCallbackManager: mNeedShowLauncher = true, waitFrameworkAnimCallback = false
10-24 22:34:05.673  4299  4299 E RotationHelper: setCurrentStateRequest: request=0
10-24 22:34:05.673  2318  4221 I DisplayModeDirectorImpl: setSmartDisplayUpRefreshRatePolicy [0.0,120.0]
10-24 22:34:05.673  1908  1908 I RefreshRateSelector: Display 4630947082089526659 policy changed
10-24 22:34:05.673  1908  1908 I RefreshRateSelector: Previous: {defaultModeId=0, allowGroupSwitching=false, primaryRanges={physical=[0.00 Hz, 120.00 Hz], render=[0.00 Hz, 120.00 Hz]}, appRequestRanges={physical=[0.00 Hz, 120.00 Hz], render=[0.00 Hz, 120.00 Hz]} idleScreenConfig=nullptr}
10-24 22:34:05.673  1908  1908 I RefreshRateSelector: Current:  DisplayManagerPolicy{defaultModeId=0, allowGroupSwitching=false, primaryRanges={physical=[0.00 Hz, inf Hz], render=[0.00 Hz, 120.00 Hz]}, appRequestRanges={physical=[0.00 Hz, inf Hz], render=[0.00 Hz, 120.00 Hz]} idleScreenConfig=nullptr}
10-24 22:34:05.673  1908  1908 I RefreshRateSelector: 2 mode changes were performed under the previous policy
10-24 22:34:05.673  4692  4887 I MiuiBubbleController: removeBubble: 11 reason=2
10-24 22:34:05.673  4692  4887 I MultiTaskingTaskRepository: onTaskInfoChanged multi list = [], full = [11, 15]
10-24 22:34:05.673  2318  2439 I BLASTSyncEngine: SyncGroup 71:  Unfinished container:ActivityRecord{cc26333 u0 com.miui.home/.launcher.Launcher t2}
10-24 22:34:05.673  2318  2439 I BLASTSyncEngine: isActivitySyncFinished isSyncFinished false ActivityRecord{cc26333 u0 com.miui.home/.launcher.Launcher t2}
10-24 22:34:05.673  4692  4887 I MultiTaskingTaskRepository: needSkip: is home task
10-24 22:34:05.673  3030  3112 E libsensor-parseRGB: CWB NotifyCWBBufferDone  error 0
10-24 22:34:05.674  2318  4221 I DisplayModeDirectorImpl: onDesiredDisplayModeSpecsChanged:baseModeId=0 allowGroupSwitching=false primary=physical: (0.0 Infinity) render:  (0.0 120.0) appRequest=physical: (0.0 Infinity) render:  (0.0 120.0) idleScreenRefreshRateConfig=null noVotes=true
10-24 22:34:05.674  4299  4299 W Settings: Setting device_provisioned has moved from android.provider.Settings.Secure to android.provider.Settings.Global.
10-24 22:34:05.674  1908  1908 I BpBinder: onLastStrongRef automatically unlinking death recipients: 
10-24 22:34:05.676  2318  5453 I SmartPower: com.miui.personalassistant/10135(7707): idle->visible(12789ms) R(become visible) adj=100.
10-24 22:34:05.676  4299  4299 E Launcher.application: setClickAppWaitForCallback = false
10-24 22:34:05.676  1688  1688 I vendor.qti.hardware.servicetrackeraidl-service: bindService is called for service : com.miui.analytics/.onetrack.OneTrackService and for client com.miui.home
10-24 22:34:05.676  1688  1688 I vendor.qti.hardware.servicetrackeraidl-service: total connections for service : com.miui.analytics/.onetrack.OneTrackServiceare :69
10-24 22:34:05.676  1688  1688 I vendor.qti.hardware.servicetrackeraidl-service: total connections for client : com.miui.homeare :4
10-24 22:34:05.676  4692  4692 I FocusedNotifPromptContr: onTopActivityMayChanged: isSupportPip false, isFocus false
10-24 22:34:05.676  4692  4692 I FocusedNotifPromptContr: onTopActivityMayChanged: topActivity=com.miui.home
10-24 22:34:05.676  4692  4692 I PromptViewAnimState: topActivityMayChanged: topActivity=com.android.settings --> com.miui.home
10-24 22:34:05.676  2318  4204 I NetworkBoostStatusManager: onForegroundInfoChanged uid:10138, isColdStart:false
10-24 22:34:05.676  2318  4204 I SLM-SRV-SLAToast: foreground uid:10138, isColdStart:false, isLinkTurboEnable:false
10-24 22:34:05.677  8364  8719 I AICall_MemoryTrim: binder:8364_3 onAppBackground()
10-24 22:34:05.677  2318  4204 I AudioGameEffect: foreground change to com.miui.home, last foreground is com.android.settings
10-24 22:34:05.677  9289 25778 I GST     : forePkg: com.miui.home, preForePkg: com.android.settings
10-24 22:34:05.677  7756  7882 I ProcessMonitor: onForegroundInfoChanged: ForegroundInfo{mForegroundPackageName='com.miui.home', mForegroundUid=10138, mForegroundPid=4299, mLastForegroundPackageName='com.android.settings', mLastForegroundUid=1000, mLastForegroundPid=30811, mMultiWindowForegroundPackageName='com.miui.home', mMultiWindowForegroundUid=10138, mFlags=0}
10-24 22:34:05.677  2318  5453 I BLASTSyncEngine: SyncGroup 71:  Unfinished container:ActivityRecord{cc26333 u0 com.miui.home/.launcher.Launcher t2}
10-24 22:34:05.677  2318  5453 I BLASTSyncEngine: isActivitySyncFinished isSyncFinished false ActivityRecord{cc26333 u0 com.miui.home/.launcher.Launcher t2}
10-24 22:34:05.677  2318  5453 I WindowManager: Allow fixed rotation for non occludes parent activity r=ActivityRecord{cc26333 u0 com.miui.home/.launcher.Launcher t2}
10-24 22:34:05.678  7756  7882 I GameBoosterService: onForegroundInfoChanged: Cur=com.miui.home	 last=com.android.settings
10-24 22:34:05.678  4299  4299 I Launcher: changeMIUIWidgetEditMode false
10-24 22:34:05.679 30811  6275 I ContentCatcher: SettingTrigger : unregister status observer com.android.settings.MainSettings
10-24 22:34:05.679  7756  7882 I VideoBoxUtils: isSupportVideoBox: true
10-24 22:34:05.679  7756  7882 I VideoToolBoxService: vtb is closed!!!
10-24 22:34:05.680  2318  2436 I Location.SSRU: foregroundActivities IS trueUID ID 10138, home is true
10-24 22:34:05.680  2318  5445 I BLASTSyncEngine: SyncGroup 71:  Unfinished container:ActivityRecord{cc26333 u0 com.miui.home/.launcher.Launcher t2}
10-24 22:34:05.680  2318  5445 I BLASTSyncEngine: isActivitySyncFinished isSyncFinished false ActivityRecord{cc26333 u0 com.miui.home/.launcher.Launcher t2}
10-24 22:34:05.681  7756  7756 I VideoToolBoxService: onReceive: android.intent.action.CLOSE_SYSTEM_DIALOGS
10-24 22:34:05.681  4299  5154 W MiBridge: Permission not granted !!
10-24 22:34:05.681  2318  3691 I MiuiNetworkPolicy: updateUidState uid = 10138, uidState = 2
10-24 22:34:05.682  2318  3691 I MiuiNetworkPolicy: updateWmmForUidState uid: 10138 state: 2 wmm: 1
10-24 22:34:05.682  7756  7756 I GameBoosterService: onReceive: android.intent.action.CLOSE_SYSTEM_DIALOGS
10-24 22:34:05.682  4692  4692 I ControlCenterExpandController: hide panel true true
10-24 22:34:05.682  7756 14875 W MIUISafety-Monitor: screen share ensure fg = com.miui.home protect = false
10-24 22:34:05.682  2318  5445 I MultiSenceManagerInternalStub: getInstance
10-24 22:34:05.682  2318  5445 I WindowManager: Allow fixed rotation for non occludes parent activity r=ActivityRecord{cc26333 u0 com.miui.home/.launcher.Launcher t2}
10-24 22:34:05.682  2318  2423 I SecurityManagerService: update appwidget of uid: 10278 package: com.miui.weather2 visible: true reason: visible
10-24 22:34:05.682  7707  7707 W libc    : Access denied finding property "vendor.gpp.create_frc_extension"
10-24 22:34:05.684  7756  7882 I AppPredictService: difTIme = 3366
10-24 22:34:05.684  7756  9206 E SuggestManager: openApp name = com.miui.home
10-24 22:34:05.684  7756  9206 I NewAutoTaskManager: app use - delay = 9223372036854775807, doRemove = false, doPost = false
10-24 22:34:05.684  4299  5154 W RecentsModel: getRunningTask   taskInfo=TaskInfo{userId=0 taskId=11 displayId=0 isRunning=true baseIntent=Intent { act=android.intent.action.MAIN cat=[android.intent.category.LAUNCHER] flg=0x10200000 cmp=com.android.settings/.MainSettings } baseActivity=ComponentInfo{com.android.settings/com.android.settings.MiuiSettings} topActivity=ComponentInfo{com.android.settings/com.android.settings.MiuiSettings} origActivity=ComponentInfo{com.android.settings/com.android.settings.MainSettings} realActivity=ComponentInfo{com.android.settings/com.android.settings.MiuiSettings} numActivities=1 lastActiveTime=2607391 supportsSplitScreenMultiWindow=true supportsMultiWindow=true resizeMode=1 isResizeable=true minWidth=-1 minHeight=-1 defaultMinSize=200 token=WCT{android.window.IWindowContainerToken$Stub$Proxy@3de4c8a} topActivityType=1 pictureInPictureParams=null shouldDockBigOverlays=false launchIntoPipHostTaskId=-1 lastParentTaskIdBeforePip=-1 displayCutoutSafeInsets=Rect(0, 116 - 0, 0) topActivityInfo=ActivityInfo{db4d2fb com.android.settings.MainSettings} launchCookies=[] positionInParent=Point(0, 0) parentTaskId=-1 isFocused=false isVisible=true isVisibleRequested=false isSleeping=false locusId=null displayAreaFeatureId=1 isTopActivityTransparent=false appCompatTaskInfo=AppCompatTaskInfo { topActivityInSizeCompat=false topActivityInMiuiSizeCompat=false topActivityEligibleForLetterboxEducation= falseisLetterboxEducationEnabled= false isLetterboxDoubleTapEnabled= false topActivityEligibleForUserAspectRatioButton= false topActivityBoundsLetterboxed= false isFromLetterboxDoubleTap= false topActivityLetterboxVerticalPosition= -1 topActivityLetterboxHorizontalPosition= -1 topActivityLetterboxWidth=1200 topActivityLetterboxHeight=2670 isUserFullscreenOverrideEnabled=false isSystemFullscreenOverrideEnabled=false cameraCompatTaskInfo=CameraCompatTaskInfo { cameraCompatControlState=hidden freeformCameraCompatMode=inactive}} isImmersive=false mTopActivityRequestOrientation=-2 mBehindAppLockPkg=null mOriginatingUid=0 isEmbedded=false shouldBeVisible=false isCreatedByOrganizer=false mIsCastMode=false mTopActivityMediaSize=null mTopActivityRecordName=ActivityRecord{543f5bc u0 com.android.settings/.MainSettings t11} mTopActivityOrientation=-2}
10-24 22:34:05.685  2318  2439 E WindowManager: setClientVisible WallpaperWindowToken{25da35f token=android.os.Binder@2084ffe} true
10-24 22:34:05.685  4299  5154 E ActivityManagerWrapper: get all recent tasks force including 11
10-24 22:34:05.685 11571 11571 I VA_ConversationManager: lastQueryOrigin====android.intent.action.ASSIST&&home_search;fromCar=false
10-24 22:34:05.685 11571 11571 I VA_HybridLifecycleListener: onTopAppChanged: newApp=com.miui.home from=com.android.settings fromPkg=com.miui.home
10-24 22:34:05.685 11571 11571 I VA_ContextObserver: onForegroundAppChanged:, newApp:com.miui.home, className:null, from:com.android.settings
10-24 22:34:05.686  2318  2439 I BLASTSyncEngine: SyncGroup 71:  Unfinished container:ActivityRecord{cc26333 u0 com.miui.home/.launcher.Launcher t2}
10-24 22:34:05.686  2318  2439 I BLASTSyncEngine: isActivitySyncFinished isSyncFinished false ActivityRecord{cc26333 u0 com.miui.home/.launcher.Launcher t2}
10-24 22:34:05.686  2318  3691 I MiuiNetworkPolicyTrafficLimit: updateWhiteListUidForMobileTraffic uid=10138,add=true
10-24 22:34:05.686  2318  3691 I MiuiNetworkPolicy: updateUidState uid = 10135, uidState = 3
10-24 22:34:05.686  2318  2439 I BLASTSyncEngine: SyncGroup 71:  Unfinished container:ActivityRecord{cc26333 u0 com.miui.home/.launcher.Launcher t2}
10-24 22:34:05.686  2318  2439 I BLASTSyncEngine: isActivitySyncFinished isSyncFinished false ActivityRecord{cc26333 u0 com.miui.home/.launcher.Launcher t2}
10-24 22:34:05.687  4299  4299 W libc    : Access denied finding property "vendor.gpp.create_frc_extension"
10-24 22:34:05.687  4299  4299 W libc    : Access denied finding property "vendor.gpp.create_frc_extension"
10-24 22:34:05.687  2318  3691 I MiuiNetworkPolicyTrafficLimit: updateWhiteListUidForMobileTraffic uid=10135,add=true
10-24 22:34:05.687  7756  7882 I BeautyService: onForegroundInfoChanged: Cur=com.miui.home	 last=com.android.settings
10-24 22:34:05.688  4340  4340 I MiuiWallpaper-ImageWallpaper: onVisibilityChanged, visible = true, ret=true
10-24 22:34:05.688  4340 19955 W HWUI    : Surface doesn't have any previously queued frames, nothing to readback from
10-24 22:34:05.691  1908  1908 E PassBlur: PassBlur.construct com.miui.home/com.miui.home.launcher.Launcher#1076
10-24 22:34:05.691  4692  4692 I VolumeShowHideAnimator: isRunning: false, mExpanded: false
10-24 22:34:05.691  4692  4692 I VolumeExpandCollapsedAnimator: isRunning: false, mExpanded: false
10-24 22:34:05.691  4692  4692 I VolumePanelViewController_false: dismissH mShowing:false, reason:volume_controller, isAnimating: false, needShowDialog=false, KeyAnimatingStream=-1
10-24 22:34:05.691  4692  4692 I VolumeShowHideAnimator: isRunning: false, mExpanded: false
10-24 22:34:05.691  4692  4692 I VolumeExpandCollapsedAnimator: isRunning: false, mExpanded: false
10-24 22:34:05.691  4692  4692 I VolumePanelViewController_true: dismissH mShowing:false, reason:volume_controller, isAnimating: false, needShowDialog=true, KeyAnimatingStream=-1
10-24 22:34:05.691  1908  1908 W libc    : Access denied finding property "vendor.gpp.create_frc_extension"
10-24 22:34:05.692  7707  7765 I ActivityObserverUtil: activityResumed ComponentInfo{com.miui.home/com.miui.home.launcher.Launcher}
10-24 22:34:05.692 11571 17514 I VA_ActivityStateHelper: activityResumed componentName ComponentInfo{com.miui.home/com.miui.home.launcher.Launcher}
10-24 22:34:05.692  7707  7765 I TopActivityMonitor: send TopActivityChangeEvent=TopActivityChangeEvent(prev=ComponentInfo{com.android.settings/com.android.settings.MiuiSettings}, current=ComponentInfo{com.miui.home/com.miui.home.launcher.Launcher},appChanged=true)
10-24 22:34:05.692 11571 17514 I VA_ActivityStateHelper: activityResumed mAiSkillPush is false
10-24 22:34:05.693  7707  7747 I travelService_ActivityObserverUtils: activityResumed ComponentInfo{com.miui.home/com.miui.home.launcher.Launcher}
10-24 22:34:05.693  7707  7747 I travelService_TopActivityMonitor: user change app but last app use time not enough
10-24 22:34:05.694  4299  5154 E ActivityManagerWrapper: getRecentTasksForceIncludingTaskIdIfValid: getRecentTasks: size=2
10-24 22:34:05.694  4299  5154 E ActivityManagerWrapper:  mainTaskId=11   userId=0   windowMode=1   baseIntent=Intent { act=android.intent.action.MAIN flag=270532608 cmp=ComponentInfo{com.android.settings/com.android.settings.MainSettings} }
10-24 22:34:05.694  4299  5154 E ActivityManagerWrapper:  mainTaskId=15   userId=0   windowMode=1   baseIntent=Intent { act=android.intent.action.MAIN flag=268435456 cmp=ComponentInfo{tv.danmaku.bili/tv.danmaku.bili.MainActivityV2} }
10-24 22:34:05.694 11571 11571 E VA_FloatManager: isConversationFragmentOnResumed: lifecycle is null
10-24 22:34:05.694 11571 11571 E VA_FloatManager: ActivityContext is null.
10-24 22:34:05.694 11571 11571 I VA_WindowUtils: isMultiWindowMode windowingMode:1
10-24 22:34:05.694 11571 11571 I VA_ActionFileHelper: hasCard, isModelImageCard=false, isCreativeCard=false
10-24 22:34:05.694 11571 11571 I VA_ContextsUtils: getExternalStateContext pageName:com.miui.home.launcher.Launcher topClass:com.miui.home.launcher.Launcher isExistPicCard:false isMultiWindowMode:false
10-24 22:34:05.695 11885 18164 I AIRC_CounterTrack: collect: signal-TopActivityPerception
10-24 22:34:05.695 11885 18164 I MMKV    : <MMKV.cpp:1170::sync> MMKV::sync, SyncFlag = 1
10-24 22:34:05.695 11571 17514 E VA_PackageUtilsV2: getVersionCode: error
10-24 22:34:05.695 11571 17514 E VA_PackageUtilsV2: android.content.pm.PackageManager$NameNotFoundException: com.miui.player
10-24 22:34:05.695 11571 17514 E VA_PackageUtilsV2: 	at android.app.ApplicationPackageManager.getPackageInfoAsUser(ApplicationPackageManager.java:276)
10-24 22:34:05.695 11571 17514 E VA_PackageUtilsV2: 	at android.app.ApplicationPackageManager.getPackageInfo(ApplicationPackageManager.java:236)
10-24 22:34:05.695 11571 17514 E VA_PackageUtilsV2: 	at android.app.ApplicationPackageManager.getPackageInfo(ApplicationPackageManager.java:230)
10-24 22:34:05.695 11571 17514 E VA_PackageUtilsV2: 	at m30.r.getVersionCode(SourceFile:44)
10-24 22:34:05.695 11571 17514 E VA_PackageUtilsV2: 	at ez.r0.getVersionCode(SourceFile:1)
10-24 22:34:05.695 11571 17514 E VA_PackageUtilsV2: 	at com.xiaomi.voiceassistant.fastjson.music.SupportedMusicApp.check_version(SourceFile:9)
10-24 22:34:05.695 11571 17514 E VA_PackageUtilsV2: 	at li0.a.getInstalledMusicAppItems(SourceFile:31)
10-24 22:34:05.695 11571 17514 E VA_PackageUtilsV2: 	at com.xiaomi.voiceassistant.u0$a.getInstalledMusicAppItems(SourceFile:1)
10-24 22:34:05.695 11571 17514 E VA_PackageUtilsV2: 	at rz.q.e(SourceFile:117)
10-24 22:34:05.695 11571 17514 E VA_PackageUtilsV2: 	at rz.q.getAllAppContext(SourceFile:1)
10-24 22:34:05.695 11571 17514 E VA_PackageUtilsV2: 	at sz.a.getAppDetailV1Context(SourceFile:1)
10-24 22:34:05.695 11571 17514 E VA_PackageUtilsV2: 	at sz.f.e(SourceFile:11)
10-24 22:34:05.695 11571 17514 E VA_PackageUtilsV2: 	at sz.f.c(SourceFile:1)
10-24 22:34:05.695 11571 17514 E VA_PackageUtilsV2: 	at sz.e.run(SourceFile:1)
10-24 22:34:05.695 11571 17514 E VA_PackageUtilsV2: 	at java.util.concurrent.ThreadPoolExecutor.runWorker(ThreadPoolExecutor.java:1251)
10-24 22:34:05.695 11571 17514 E VA_PackageUtilsV2: 	at java.util.concurrent.ThreadPoolExecutor$Worker.run(ThreadPoolExecutor.java:668)
10-24 22:34:05.695 11571 17514 E VA_PackageUtilsV2: 	at java.lang.Thread.run(Thread.java:1012)
10-24 22:34:05.696 11571 17514 E VA_PackageUtils: getVersionName: error not installed pkgName = com.miui.player
10-24 22:34:05.692  7707  7707 W RenderThread: type=1400 audit(0.0:7581): avc:  denied  { getattr } for  path="/sys/module/metis/parameters/minor_window_app" dev="sysfs" ino=74651 scontext=u:r:untrusted_app:s0:c512,c768 tcontext=u:object_r:sysfs_migt:s0 tclass=file permissive=0 app=com.miui.personalassistant
10-24 22:34:05.696 11571 17514 E VA_PackageUtilsV2: getVersionCode: error
10-24 22:34:05.696 11571 17514 E VA_PackageUtilsV2: android.content.pm.PackageManager$NameNotFoundException: cn.kuwo.player
10-24 22:34:05.696 11571 17514 E VA_PackageUtilsV2: 	at android.app.ApplicationPackageManager.getPackageInfoAsUser(ApplicationPackageManager.java:276)
10-24 22:34:05.696 11571 17514 E VA_PackageUtilsV2: 	at android.app.ApplicationPackageManager.getPackageInfo(ApplicationPackageManager.java:236)
10-24 22:34:05.696 11571 17514 E VA_PackageUtilsV2: 	at android.app.ApplicationPackageManager.getPackageInfo(ApplicationPackageManager.java:230)
10-24 22:34:05.696 11571 17514 E VA_PackageUtilsV2: 	at m30.r.getVersionCode(SourceFile:44)
10-24 22:34:05.696 11571 17514 E VA_PackageUtilsV2: 	at ez.r0.getVersionCode(SourceFile:1)
10-24 22:34:05.696 11571 17514 E VA_PackageUtilsV2: 	at com.xiaomi.voiceassistant.fastjson.music.SupportedMusicApp.check_version(SourceFile:9)
10-24 22:34:05.696 11571 17514 E VA_PackageUtilsV2: 	at li0.a.getInstalledMusicAppItems(SourceFile:31)
10-24 22:34:05.696 11571 17514 E VA_PackageUtilsV2: 	at com.xiaomi.voiceassistant.u0$a.getInstalledMusicAppItems(SourceFile:1)
10-24 22:34:05.696 11571 17514 E VA_PackageUtilsV2: 	at rz.q.e(SourceFile:117)
10-24 22:34:05.696 11571 17514 E VA_PackageUtilsV2: 	at rz.q.getAllAppContext(SourceFile:1)
10-24 22:34:05.696 11571 17514 E VA_PackageUtilsV2: 	at sz.a.getAppDetailV1Context(SourceFile:1)
10-24 22:34:05.696 11571 17514 E VA_PackageUtilsV2: 	at sz.f.e(SourceFile:11)
10-24 22:34:05.696 11571 17514 E VA_PackageUtilsV2: 	at sz.f.c(SourceFile:1)
10-24 22:34:05.696 11571 17514 E VA_PackageUtilsV2: 	at sz.e.run(SourceFile:1)
10-24 22:34:05.696 11571 17514 E VA_PackageUtilsV2: 	at java.util.concurrent.ThreadPoolExecutor.runWorker(ThreadPoolExecutor.java:1251)
10-24 22:34:05.696 11571 17514 E VA_PackageUtilsV2: 	at java.util.concurrent.ThreadPoolExecutor$Worker.run(ThreadPoolExecutor.java:668)
10-24 22:34:05.696 11571 17514 E VA_PackageUtilsV2: 	at java.lang.Thread.run(Thread.java:1012)
10-24 22:34:05.696  7707  7707 I LauncherOverlayCallback: handleMessage WHAT_LAUNCHER_STATE what1
10-24 22:34:05.696  7707  7707 I LauncherOverlayCallback: handleMessage WHAT_ACTIVITY_STATE_CHANGED what3
10-24 22:34:05.696  7707  7707 I LauncherOverlayCallback: handleMessage WHAT_LAUNCHER_STATE what3
10-24 22:34:05.697 11571 17514 E VA_PackageUtils: getVersionName: error not installed pkgName = cn.kuwo.player
10-24 22:34:05.697 11571 17514 E VA_PackageUtilsV2: getVersionCode: error
10-24 22:34:05.697 11571 17514 E VA_PackageUtilsV2: android.content.pm.PackageManager$NameNotFoundException: com.kugou.android
10-24 22:34:05.697 11571 17514 E VA_PackageUtilsV2: 	at android.app.ApplicationPackageManager.getPackageInfoAsUser(ApplicationPackageManager.java:276)
10-24 22:34:05.697 11571 17514 E VA_PackageUtilsV2: 	at android.app.ApplicationPackageManager.getPackageInfo(ApplicationPackageManager.java:236)
10-24 22:34:05.697 11571 17514 E VA_PackageUtilsV2: 	at android.app.ApplicationPackageManager.getPackageInfo(ApplicationPackageManager.java:230)
10-24 22:34:05.697 11571 17514 E VA_PackageUtilsV2: 	at m30.r.getVersionCode(SourceFile:44)
10-24 22:34:05.697 11571 17514 E VA_PackageUtilsV2: 	at ez.r0.getVersionCode(SourceFile:1)
10-24 22:34:05.697 11571 17514 E VA_PackageUtilsV2: 	at com.xiaomi.voiceassistant.fastjson.music.SupportedMusicApp.check_version(SourceFile:9)
10-24 22:34:05.697 11571 17514 E VA_PackageUtilsV2: 	at li0.a.getInstalledMusicAppItems(SourceFile:31)
10-24 22:34:05.697 11571 17514 E VA_PackageUtilsV2: 	at com.xiaomi.voiceassistant.u0$a.getInstalledMusicAppItems(SourceFile:1)
10-24 22:34:05.697 11571 17514 E VA_PackageUtilsV2: 	at rz.q.e(SourceFile:117)
10-24 22:34:05.697 11571 17514 E VA_PackageUtilsV2: 	at rz.q.getAllAppContext(SourceFile:1)
10-24 22:34:05.697 11571 17514 E VA_PackageUtilsV2: 	at sz.a.getAppDetailV1Context(SourceFile:1)
10-24 22:34:05.697 11571 17514 E VA_PackageUtilsV2: 	at sz.f.e(SourceFile:11)
10-24 22:34:05.697 11571 17514 E VA_PackageUtilsV2: 	at sz.f.c(SourceFile:1)
10-24 22:34:05.697 11571 17514 E VA_PackageUtilsV2: 	at sz.e.run(SourceFile:1)
10-24 22:34:05.697 11571 17514 E VA_PackageUtilsV2: 	at java.util.concurrent.ThreadPoolExecutor.runWorker(ThreadPoolExecutor.java:1251)
10-24 22:34:05.697 11571 17514 E VA_PackageUtilsV2: 	at java.util.concurrent.ThreadPoolExecutor$Worker.run(ThreadPoolExecutor.java:668)
10-24 22:34:05.697 11571 17514 E VA_PackageUtilsV2: 	at java.lang.Thread.run(Thread.java:1012)
10-24 22:34:05.697 11571 17514 E VA_PackageUtils: getVersionName: error not installed pkgName = com.kugou.android
10-24 22:34:05.698  2318  2439 I BLASTSyncEngine: SyncGroup 71:  Unfinished container:ActivityRecord{cc26333 u0 com.miui.home/.launcher.Launcher t2}
10-24 22:34:05.698  2318  2439 I BLASTSyncEngine: isActivitySyncFinished isSyncFinished false ActivityRecord{cc26333 u0 com.miui.home/.launcher.Launcher t2}
10-24 22:34:05.698 11571 17514 E VA_PackageUtilsV2: getVersionCode: error
10-24 22:34:05.698 11571 17514 E VA_PackageUtilsV2: android.content.pm.PackageManager$NameNotFoundException: com.netease.cloudmusic
10-24 22:34:05.698 11571 17514 E VA_PackageUtilsV2: 	at android.app.ApplicationPackageManager.getPackageInfoAsUser(ApplicationPackageManager.java:276)
10-24 22:34:05.698 11571 17514 E VA_PackageUtilsV2: 	at android.app.ApplicationPackageManager.getPackageInfo(ApplicationPackageManager.java:236)
10-24 22:34:05.698 11571 17514 E VA_PackageUtilsV2: 	at android.app.ApplicationPackageManager.getPackageInfo(ApplicationPackageManager.java:230)
10-24 22:34:05.698 11571 17514 E VA_PackageUtilsV2: 	at m30.r.getVersionCode(SourceFile:44)
10-24 22:34:05.698 11571 17514 E VA_PackageUtilsV2: 	at ez.r0.getVersionCode(SourceFile:1)
10-24 22:34:05.698 11571 17514 E VA_PackageUtilsV2: 	at com.xiaomi.voiceassistant.fastjson.music.SupportedMusicApp.check_version(SourceFile:9)
10-24 22:34:05.698 11571 17514 E VA_PackageUtilsV2: 	at li0.a.getInstalledMusicAppItems(SourceFile:31)
10-24 22:34:05.698 11571 17514 E VA_PackageUtilsV2: 	at com.xiaomi.voiceassistant.u0$a.getInstalledMusicAppItems(SourceFile:1)
10-24 22:34:05.698 11571 17514 E VA_PackageUtilsV2: 	at rz.q.e(SourceFile:117)
10-24 22:34:05.698 11571 17514 E VA_PackageUtilsV2: 	at rz.q.getAllAppContext(SourceFile:1)
10-24 22:34:05.698 11571 17514 E VA_PackageUtilsV2: 	at sz.a.getAppDetailV1Context(SourceFile:1)
10-24 22:34:05.698 11571 17514 E VA_PackageUtilsV2: 	at sz.f.e(SourceFile:11)
10-24 22:34:05.698 11571 17514 E VA_PackageUtilsV2: 	at sz.f.c(SourceFile:1)
10-24 22:34:05.698 11571 17514 E VA_PackageUtilsV2: 	at sz.e.run(SourceFile:1)
10-24 22:34:05.698 11571 17514 E VA_PackageUtilsV2: 	at java.util.concurrent.ThreadPoolExecutor.runWorker(ThreadPoolExecutor.java:1251)
10-24 22:34:05.698 11571 17514 E VA_PackageUtilsV2: 	at java.util.concurrent.ThreadPoolExecutor$Worker.run(ThreadPoolExecutor.java:668)
10-24 22:34:05.698 11571 17514 E VA_PackageUtilsV2: 	at java.lang.Thread.run(Thread.java:1012)
10-24 22:34:05.698 11571 17514 E VA_PackageUtils: getVersionName: error not installed pkgName = com.netease.cloudmusic
10-24 22:34:05.699 11571 17514 E VA_PackageUtils: getVersionName: error not installed pkgName = smart
10-24 22:34:05.699 11571 17514 E VA_PackageUtilsV2: getVersionCode: error
10-24 22:34:05.699 11571 17514 E VA_PackageUtilsV2: android.content.pm.PackageManager$NameNotFoundException: fm.qingting.qtradio
10-24 22:34:05.699 11571 17514 E VA_PackageUtilsV2: 	at android.app.ApplicationPackageManager.getPackageInfoAsUser(ApplicationPackageManager.java:276)
10-24 22:34:05.699 11571 17514 E VA_PackageUtilsV2: 	at android.app.ApplicationPackageManager.getPackageInfo(ApplicationPackageManager.java:236)
10-24 22:34:05.699 11571 17514 E VA_PackageUtilsV2: 	at android.app.ApplicationPackageManager.getPackageInfo(ApplicationPackageManager.java:230)
10-24 22:34:05.699 11571 17514 E VA_PackageUtilsV2: 	at m30.r.getVersionCode(SourceFile:44)
10-24 22:34:05.699 11571 17514 E VA_PackageUtilsV2: 	at ez.r0.getVersionCode(SourceFile:1)
10-24 22:34:05.699 11571 17514 E VA_PackageUtilsV2: 	at li0.a.getInstalledStationAppItem(SourceFile:56)
10-24 22:34:05.699 11571 17514 E VA_PackageUtilsV2: 	at com.xiaomi.voiceassistant.u0$a.getInstalledStationAppItem(SourceFile:1)
10-24 22:34:05.699 11571 17514 E VA_PackageUtilsV2: 	at rz.q.e(SourceFile:153)
10-24 22:34:05.699 11571 17514 E VA_PackageUtilsV2: 	at rz.q.getAllAppContext(SourceFile:1)
10-24 22:34:05.699 11571 17514 E VA_PackageUtilsV2: 	at sz.a.getAppDetailV1Context(SourceFile:1)
10-24 22:34:05.699 11571 17514 E VA_PackageUtilsV2: 	at sz.f.e(SourceFile:11)
10-24 22:34:05.699 11571 17514 E VA_PackageUtilsV2: 	at sz.f.c(SourceFile:1)
10-24 22:34:05.699 11571 17514 E VA_PackageUtilsV2: 	at sz.e.run(SourceFile:1)
10-24 22:34:05.699 11571 17514 E VA_PackageUtilsV2: 	at java.util.concurrent.ThreadPoolExecutor.runWorker(ThreadPoolExecutor.java:1251)
10-24 22:34:05.699 11571 17514 E VA_PackageUtilsV2: 	at java.util.concurrent.ThreadPoolExecutor$Worker.run(ThreadPoolExecutor.java:668)
10-24 22:34:05.699 11571 17514 E VA_PackageUtilsV2: 	at java.lang.Thread.run(Thread.java:1012)
10-24 22:34:05.699 11571 17514 E VA_PackageUtilsV2: getVersionCode: error
10-24 22:34:05.699 11571 17514 E VA_PackageUtilsV2: android.content.pm.PackageManager$NameNotFoundException: com.luojilab.player
10-24 22:34:05.699 11571 17514 E VA_PackageUtilsV2: 	at android.app.ApplicationPackageManager.getPackageInfoAsUser(ApplicationPackageManager.java:276)
10-24 22:34:05.699 11571 17514 E VA_PackageUtilsV2: 	at android.app.ApplicationPackageManager.getPackageInfo(ApplicationPackageManager.java:236)
10-24 22:34:05.699 11571 17514 E VA_PackageUtilsV2: 	at android.app.ApplicationPackageManager.getPackageInfo(ApplicationPackageManager.java:230)
10-24 22:34:05.699 11571 17514 E VA_PackageUtilsV2: 	at m30.r.getVersionCode(SourceFile:44)
10-24 22:34:05.699 11571 17514 E VA_PackageUtilsV2: 	at ez.r0.getVersionCode(SourceFile:1)
10-24 22:34:05.699 11571 17514 E VA_PackageUtilsV2: 	at li0.a.getInstalledStationAppItem(SourceFile:56)
10-24 22:34:05.699 11571 17514 E VA_PackageUtilsV2: 	at com.xiaomi.voiceassistant.u0$a.getInstalledStationAppItem(SourceFile:1)
10-24 22:34:05.699 11571 17514 E VA_PackageUtilsV2: 	at rz.q.e(SourceFile:153)
10-24 22:34:05.699 11571 17514 E VA_PackageUtilsV2: 	at rz.q.getAllAppContext(SourceFile:1)
10-24 22:34:05.699 11571 17514 E VA_PackageUtilsV2: 	at sz.a.getAppDetailV1Context(SourceFile:1)
10-24 22:34:05.699 11571 17514 E VA_PackageUtilsV2: 	at sz.f.e(SourceFile:11)
10-24 22:34:05.699 11571 17514 E VA_PackageUtilsV2: 	at sz.f.c(SourceFile:1)
10-24 22:34:05.699 11571 17514 E VA_PackageUtilsV2: 	at sz.e.run(SourceFile:1)
10-24 22:34:05.699 11571 17514 E VA_PackageUtilsV2: 	at java.util.concurrent.ThreadPoolExecutor.runWorker(ThreadPoolExecutor.java:1251)
10-24 22:34:05.699 11571 17514 E VA_PackageUtilsV2: 	at java.util.concurrent.ThreadPoolExecutor$Worker.run(ThreadPoolExecutor.java:668)
10-24 22:34:05.699 11571 17514 E VA_PackageUtilsV2: 	at java.lang.Thread.run(Thread.java:1012)
10-24 22:34:05.700 11571 17514 E VA_PackageUtilsV2: getVersionCode: error
10-24 22:34:05.700 11571 17514 E VA_PackageUtilsV2: android.content.pm.PackageManager$NameNotFoundException: com.ximalaya.ting.android
10-24 22:34:05.700 11571 17514 E VA_PackageUtilsV2: 	at android.app.ApplicationPackageManager.getPackageInfoAsUser(ApplicationPackageManager.java:276)
10-24 22:34:05.700 11571 17514 E VA_PackageUtilsV2: 	at android.app.ApplicationPackageManager.getPackageInfo(ApplicationPackageManager.java:236)
10-24 22:34:05.700 11571 17514 E VA_PackageUtilsV2: 	at android.app.ApplicationPackageManager.getPackageInfo(ApplicationPackageManager.java:230)
10-24 22:34:05.700 11571 17514 E VA_PackageUtilsV2: 	at m30.r.getVersionCode(SourceFile:44)
10-24 22:34:05.700 11571 17514 E VA_PackageUtilsV2: 	at ez.r0.getVersionCode(SourceFile:1)
10-24 22:34:05.700 11571 17514 E VA_PackageUtilsV2: 	at li0.a.getInstalledStationAppItem(SourceFile:56)
10-24 22:34:05.700 11571 17514 E VA_PackageUtilsV2: 	at com.xiaomi.voiceassistant.u0$a.getInstalledStationAppItem(SourceFile:1)
10-24 22:34:05.700 11571 17514 E VA_PackageUtilsV2: 	at rz.q.e(SourceFile:153)
10-24 22:34:05.700 11571 17514 E VA_PackageUtilsV2: 	at rz.q.getAllAppContext(SourceFile:1)
10-24 22:34:05.700 11571 17514 E VA_PackageUtilsV2: 	at sz.a.getAppDetailV1Context(SourceFile:1)
10-24 22:34:05.700 11571 17514 E VA_PackageUtilsV2: 	at sz.f.e(SourceFile:11)
10-24 22:34:05.700 11571 17514 E VA_PackageUtilsV2: 	at sz.f.c(SourceFile:1)
10-24 22:34:05.700 11571 17514 E VA_PackageUtilsV2: 	at sz.e.run(SourceFile:1)
10-24 22:34:05.700 11571 17514 E VA_PackageUtilsV2: 	at java.util.concurrent.ThreadPoolExecutor.runWorker(ThreadPoolExecutor.java:1251)
10-24 22:34:05.700 11571 17514 E VA_PackageUtilsV2: 	at java.util.concurrent.ThreadPoolExecutor$Worker.run(ThreadPoolExecutor.java:668)
10-24 22:34:05.700 11571 17514 E VA_PackageUtilsV2: 	at java.lang.Thread.run(Thread.java:1012)
10-24 22:34:05.700 11571 17514 E VA_PackageUtilsV2: getVersionCode: error
10-24 22:34:05.700 11571 17514 E VA_PackageUtilsV2: android.content.pm.PackageManager$NameNotFoundException: com.shinyv.cnr
10-24 22:34:05.700 11571 17514 E VA_PackageUtilsV2: 	at android.app.ApplicationPackageManager.getPackageInfoAsUser(ApplicationPackageManager.java:276)
10-24 22:34:05.700 11571 17514 E VA_PackageUtilsV2: 	at android.app.ApplicationPackageManager.getPackageInfo(ApplicationPackageManager.java:236)
10-24 22:34:05.700 11571 17514 E VA_PackageUtilsV2: 	at android.app.ApplicationPackageManager.getPackageInfo(ApplicationPackageManager.java:230)
10-24 22:34:05.700 11571 17514 E VA_PackageUtilsV2: 	at m30.r.getVersionCode(SourceFile:44)
10-24 22:34:05.700 11571 17514 E VA_PackageUtilsV2: 	at ez.r0.getVersionCode(SourceFile:1)
10-24 22:34:05.700 11571 17514 E VA_PackageUtilsV2: 	at li0.a.getInstalledStationAppItem(SourceFile:56)
10-24 22:34:05.700 11571 17514 E VA_PackageUtilsV2: 	at com.xiaomi.voiceassistant.u0$a.getInstalledStationAppItem(SourceFile:1)
10-24 22:34:05.700 11571 17514 E VA_PackageUtilsV2: 	at rz.q.e(SourceFile:153)
10-24 22:34:05.700 11571 17514 E VA_PackageUtilsV2: 	at rz.q.getAllAppContext(SourceFile:1)
10-24 22:34:05.700 11571 17514 E VA_PackageUtilsV2: 	at sz.a.getAppDetailV1Context(SourceFile:1)
10-24 22:34:05.700 11571 17514 E VA_PackageUtilsV2: 	at sz.f.e(SourceFile:11)
10-24 22:34:05.700 11571 17514 E VA_PackageUtilsV2: 	at sz.f.c(SourceFile:1)
10-24 22:34:05.700 11571 17514 E VA_PackageUtilsV2: 	at sz.e.run(SourceFile:1)
10-24 22:34:05.700 11571 17514 E VA_PackageUtilsV2: 	at java.util.concurrent.ThreadPoolExecutor.runWorker(ThreadPoolExecutor.java:1251)
