10-24 22:34:06.675  4299  4299 E TransitionCallback: 	at android.view.Choreographer$FrameDisplayEventReceiver.run(Choreographer.java:1680)
10-24 22:34:06.675  4299  4299 E TransitionCallback: 	at android.os.Handler.handleCallback(Handler.java:959)
10-24 22:34:06.675  4299  4299 E TransitionCallback: 	at android.os.Handler.dispatchMessage(Handler.java:100)
10-24 22:34:06.675  4299  4299 E TransitionCallback: 	at android.os.Looper.loopOnce(Looper.java:249)
10-24 22:34:06.675  4299  4299 E TransitionCallback: 	at android.os.Looper.loop(Looper.java:337)
10-24 22:34:06.675  4299  4299 E TransitionCallback: 	at android.app.ActivityThread.main(ActivityThread.java:9587)
10-24 22:34:06.675  4299  4299 E TransitionCallback: 	at java.lang.reflect.Method.invoke(Native Method)
10-24 22:34:06.675  4299  4299 E TransitionCallback: 	at com.android.internal.os.RuntimeInit$MethodAndArgsCaller.run(RuntimeInit.java:593)
10-24 22:34:06.675  4299  4299 E TransitionCallback: 	at com.android.internal.os.ZygoteInit.main(ZygoteInit.java:936)
10-24 22:34:06.675  4299  4299 I TransitionCallback: addCallbackListenerSync callBack:com.android.systemui.shared.recents.system.WindowTransitionCompat$1@941f23b
10-24 22:34:06.675  4299  4299 I TransitionCallback: mNeedShowLauncher = false
10-24 22:34:06.675  4299  4299 I TransitionCallback: addCallbackListenerSync callBack:null
10-24 22:34:06.675  4299  4299 I TransitionCallback: com.android.systemui.shared.recents.utilities.WindowTransitionCallbackHelper@edf6adb call finishMainCallback, wct = null, sct = android.view.SurfaceControl$Transaction@d844d58, callback = android.window.IRemoteTransitionFinishedCallback$Stub$Proxy@97cdbde, mCounterRotatorList.size = 0, mInfoExposeList.size = 1, token = android.os.BinderProxy@a3ec892
10-24 22:34:06.675  2318  2439 I WindowManager: Window{e6179df u0 LauncherOverlayWindow:com.miui.personalassistant} playingTransition keep home visible
10-24 22:34:06.675  2318  2439 I WindowManager: Window{88fbfb6 u0 com.miui.home/com.miui.home.launcher.Launcher} playingTransition keep home visible
10-24 22:34:06.676  1908  1908 I RefreshRateSelector: Display 4630947082089526659 policy changed
10-24 22:34:06.676  1908  1908 I RefreshRateSelector: Previous: {defaultModeId=0, allowGroupSwitching=false, primaryRanges={physical=[0.00 Hz, inf Hz], render=[0.00 Hz, 120.00 Hz]}, appRequestRanges={physical=[0.00 Hz, inf Hz], render=[0.00 Hz, 120.00 Hz]} idleScreenConfig=nullptr}
10-24 22:34:06.676  1908  1908 I RefreshRateSelector: Current:  DisplayManagerPolicy{defaultModeId=0, allowGroupSwitching=false, primaryRanges={physical=[0.00 Hz, 120.00 Hz], render=[0.00 Hz, 120.00 Hz]}, appRequestRanges={physical=[0.00 Hz, 120.00 Hz], render=[0.00 Hz, 120.00 Hz]} idleScreenConfig=nullptr}
10-24 22:34:06.676  1908  1908 I RefreshRateSelector: 0 mode changes were performed under the previous policy
10-24 22:34:06.677  4692  4887 I RemoteTransitionHandlerStubImpl: putCallback return, transition or wctCB is null.
10-24 22:34:06.677  4299  4299 I TransitionCallback_FW_FINISH: call onTransitionFinished end
10-24 22:34:06.677  4299  4299 I TransitionCallback: onTransitionFinished finally call notifyFinishTransitionEnd
10-24 22:34:06.677  4299  4299 I TransitionCallback: execute finishMainCallbackSync return, no need post delay
10-24 22:34:06.677  4299  5020 I TransitionCallback: checkCallbackSync, size = 1
10-24 22:34:06.677  4299  5020 I WindowElement605de48: onFinishCompleted mDisableStateManagerListener = false
10-24 22:34:06.677  4299  4299 I LaunchAppAndBackHomeAnimTarget: resetShortcutIcon, icon=com.miui.home.launcher.ShortcutIcon{b199d96 VFED..CL. ........ 882,1128-1164,1410}()
10-24 22:34:06.677  4299  4299 E FloatingIconView2bbe96f4: recycleView
10-24 22:34:06.680  2318  3608 E WindowManager: setClientVisible ActivityRecord{543f5bc u0 com.android.settings/.MainSettings t11} false
10-24 22:34:06.680  2318  3608 I Transition: finishTransition: updateLastSurfacePosition tf=Task{934b406 #1 type=home}
10-24 22:34:06.680  2318  3608 I Transition: finishTransition: updateLastSurfacePosition tf=Task{be247a1 #2 type=home I=com.miui.home/.launcher.Launcher}
10-24 22:34:06.680  1908  5025 W VsyncModulator: setTransactionSchedule: Unexpected EarlyEnd
10-24 22:34:06.681  4692  4887 I RemoteTransitionHandlerStubImpl: invokeAndRemoveWctCB transition is null, curWctCB: null
10-24 22:34:06.681  2318  3608 W UserManagerService: Requested status bar icon for non-badged user 0
10-24 22:34:06.682  2318  2438 E ActivityTaskManager: Unable to get servicetracker HAL instance
10-24 22:34:06.683  2318  2438 E ActivityTaskManager: Unable to get servicetracker HAL instance
10-24 22:34:06.683  4299  4299 I AnimStateManager: go to state com.miui.home.recents.anim.StateManager$IdleState@7c19ca4
10-24 22:34:06.683  4299  4299 E StrictFrameLayout: remove view error
10-24 22:34:06.683  4299  4299 E StrictFrameLayout: java.lang.RuntimeException: StrictFrameLayout: should not remove view in background thread:com.miui.home.recents.views.FloatingIconView2{bbe96f4 G.ED..... ......ID 882,1368-1059,1545}
10-24 22:34:06.683  4299  4299 E StrictFrameLayout: 	at com.miui.home.launcher.StrictFrameLayout.onViewRemoved(StrictFrameLayout.kt:32)
10-24 22:34:06.683  4299  4299 E StrictFrameLayout: 	at android.view.ViewGroup.dispatchViewRemoved(ViewGroup.java:5226)
10-24 22:34:06.683  4299  4299 E StrictFrameLayout: 	at android.view.ViewGroup.removeViewInternal(ViewGroup.java:5680)
10-24 22:34:06.683  4299  4299 E StrictFrameLayout: 	at android.view.ViewGroup.removeViewInternal(ViewGroup.java:5626)
10-24 22:34:06.683  4299  4299 E StrictFrameLayout: 	at android.view.ViewGroup.removeView(ViewGroup.java:5557)
10-24 22:34:06.683  4299  4299 E StrictFrameLayout: 	at com.miui.home.recents.views.FloatingIconView2.recycleRunnable$lambda-11(FloatingIconView.kt:1073)
10-24 22:34:06.683  4299  4299 E StrictFrameLayout: 	at com.miui.home.recents.views.FloatingIconView2.$r8$lambda$khDOYp6XZXaHaEVvuTtOBRvx-b4(Unknown Source:0)
10-24 22:34:06.683  4299  4299 E StrictFrameLayout: 	at com.miui.home.recents.views.FloatingIconView2$$ExternalSyntheticLambda4.run(Unknown Source:2)
10-24 22:34:06.683  4299  4299 E StrictFrameLayout: 	at android.os.Handler.handleCallback(Handler.java:959)
10-24 22:34:06.683  4299  4299 E StrictFrameLayout: 	at android.os.Handler.dispatchMessage(Handler.java:100)
10-24 22:34:06.683  4299  4299 E StrictFrameLayout: 	at android.os.Looper.loopOnce(Looper.java:249)
10-24 22:34:06.683  4299  4299 E StrictFrameLayout: 	at android.os.Looper.loop(Looper.java:337)
10-24 22:34:06.683  4299  4299 E StrictFrameLayout: 	at android.app.ActivityThread.main(ActivityThread.java:9587)
10-24 22:34:06.683  4299  4299 E StrictFrameLayout: 	at java.lang.reflect.Method.invoke(Native Method)
10-24 22:34:06.683  4299  4299 E StrictFrameLayout: 	at com.android.internal.os.RuntimeInit$MethodAndArgsCaller.run(RuntimeInit.java:593)
10-24 22:34:06.683  4299  4299 E StrictFrameLayout: 	at com.android.internal.os.ZygoteInit.main(ZygoteInit.java:936)
10-24 22:34:06.683  4299  4299 E RotationHelper: setCurrentTransitionRequest: request=0
10-24 22:34:06.683  4692  4887 I MiuiBubbleController: removeBubble: 11 reason=2
10-24 22:34:06.683  4692  4887 I MultiTaskingTaskInfo: before call clearMaskControl task id = 11, CoverLayerController = null, callers=com.android.wm.shell.multitasking.taskmanager.MultiTaskingTaskListener.onTaskInfoChanged:268 com.android.wm.shell.ShellTaskOrganizer.onTaskInfoChanged:145 android.window.TaskOrganizer$1.lambda$onTaskInfoChanged$6:315 android.window.TaskOrganizer$1.$r8$lambda$ymyF3xZeY830CRyp4eBo81WJpe0:0 android.window.TaskOrganizer$1$$ExternalSyntheticLambda6.run:0 
10-24 22:34:06.683  4692  4887 I MultiTaskingTaskRepository: onTaskInfoChanged multi list = [], full = [11, 15]
10-24 22:34:06.683  1656  2516 I vendor.qti.hardware.display.composer-service: Sensor: notify citsensorservice to trigger cwb, misForced = 0
10-24 22:34:06.684  3030  3788 I libsensor-parseRGB: request dump start for mRequestDisplayId 0
10-24 22:34:06.684  4628  4373 W DynamicDDSService: appName is not found in cache: com.android.settings
10-24 22:34:06.684  2318  5445 W UserManagerService: Requested status bar icon for non-badged user 0
10-24 22:34:06.685  4299  5154 W MiBridge: Permission not granted !!
10-24 22:34:06.686  4299  5154 W RecentsModel: getRunningTask   taskInfo=TaskInfo{userId=0 taskId=11 displayId=0 isRunning=true baseIntent=Intent { act=android.intent.action.MAIN cat=[android.intent.category.LAUNCHER] flg=0x10200000 cmp=com.android.settings/.MainSettings } baseActivity=ComponentInfo{com.android.settings/com.android.settings.MiuiSettings} topActivity=ComponentInfo{com.android.settings/com.android.settings.MiuiSettings} origActivity=ComponentInfo{com.android.settings/com.android.settings.MainSettings} realActivity=ComponentInfo{com.android.settings/com.android.settings.MiuiSettings} numActivities=1 lastActiveTime=2607365 supportsSplitScreenMultiWindow=true supportsMultiWindow=true resizeMode=1 isResizeable=true minWidth=-1 minHeight=-1 defaultMinSize=200 token=WCT{android.window.IWindowContainerToken$Stub$Proxy@849c4ed} topActivityType=1 pictureInPictureParams=null shouldDockBigOverlays=false launchIntoPipHostTaskId=-1 lastParentTaskIdBeforePip=-1 displayCutoutSafeInsets=Rect(0, 116 - 0, 0) topActivityInfo=ActivityInfo{db73f22 com.android.settings.MainSettings} launchCookies=[] positionInParent=Point(0, 0) parentTaskId=-1 isFocused=false isVisible=false isVisibleRequested=false isSleeping=false locusId=null displayAreaFeatureId=1 isTopActivityTransparent=false appCompatTaskInfo=AppCompatTaskInfo { topActivityInSizeCompat=false topActivityInMiuiSizeCompat=false topActivityEligibleForLetterboxEducation= falseisLetterboxEducationEnabled= false isLetterboxDoubleTapEnabled= false topActivityEligibleForUserAspectRatioButton= false topActivityBoundsLetterboxed= false isFromLetterboxDoubleTap= false topActivityLetterboxVerticalPosition= -1 topActivityLetterboxHorizontalPosition= -1 topActivityLetterboxWidth=1200 topActivityLetterboxHeight=2670 isUserFullscreenOverrideEnabled=false isSystemFullscreenOverrideEnabled=false cameraCompatTaskInfo=CameraCompatTaskInfo { cameraCompatControlState=hidden freeformCameraCompatMode=inactive}} isImmersive=false mTopActivityRequestOrientation=-2 mBehindAppLockPkg=null mOriginatingUid=0 isEmbedded=false shouldBeVisible=false isCreatedByOrganizer=false mIsCastMode=false mTopActivityMediaSize=null mTopActivityRecordName=ActivityRecord{543f5bc u0 com.android.settings/.MainSettings t11} mTopActivityOrientation=-2}
10-24 22:34:06.687  2318  3691 I MiuiNetworkPolicy: updateUidState uid = 10199, uidState = 5
10-24 22:34:06.687  4299  5154 E ActivityManagerWrapper: get all recent tasks force including 11
10-24 22:34:06.691  4299  5154 E ActivityManagerWrapper: getRecentTasksForceIncludingTaskIdIfValid: getRecentTasks: size=2
10-24 22:34:06.691  4299  5154 E ActivityManagerWrapper:  mainTaskId=11   userId=0   windowMode=1   baseIntent=Intent { act=android.intent.action.MAIN flag=270532608 cmp=ComponentInfo{com.android.settings/com.android.settings.MainSettings} }
10-24 22:34:06.691  4299  5154 E ActivityManagerWrapper:  mainTaskId=15   userId=0   windowMode=1   baseIntent=Intent { act=android.intent.action.MAIN flag=268435456 cmp=ComponentInfo{tv.danmaku.bili/tv.danmaku.bili.MainActivityV2} }
10-24 22:34:06.692  2318  3691 I MiuiNetworkPolicyTrafficLimit: updateWhiteListUidForMobileTraffic uid=10199,add=false
10-24 22:34:06.692  2318  3691 I MiuiNetworkPolicy: updateUidState uid = 10169, uidState = 4
10-24 22:34:06.692  2318  3691 I MiuiNetworkPolicy: updateUidState uid = 10161, uidState = 5
10-24 22:34:06.694  2318  3691 I MiuiNetworkPolicyTrafficLimit: updateWhiteListUidForMobileTraffic uid=10161,add=false
10-24 22:34:06.694  2318  3691 I MiuiNetworkPolicy: updateUidState uid = 10092, uidState = 4
10-24 22:34:06.694  2318  3691 I MiuiNetworkPolicy: updateUidState uid = 1002, uidState = 4
10-24 22:34:06.696  1688  1688 I vendor.qti.hardware.servicetrackeraidl-service: unbindService is called for service : com.xiaomi.bluetooth/com.android.bluetooth.ble.app.MiuiNearbyService and for client com.android.settings
10-24 22:34:06.696  1688  1688 I vendor.qti.hardware.servicetrackeraidl-service: size of service connections for service: com.xiaomi.bluetooth/com.android.bluetooth.ble.app.MiuiNearbyServiceafter removal is 1
10-24 22:34:06.696  1688  1688 I vendor.qti.hardware.servicetrackeraidl-service: size of client connections for client: com.android.settingsafter removal is 4
10-24 22:34:06.699  7899  7940 I MemoryOptimizationService: start handleMemoryIntent -> 
10-24 22:34:06.699  7899  7940 I MemoryOptimizationService: optimized Pkg Name -> com.android.settings
10-24 22:34:06.700  7899  7940 I MemoryOptimizationService: Optimized pacakge map contains key.
10-24 22:34:06.700  7899  7940 I MemoryOptimizationService: Old data is removed [Handler (com.android.settings.services.MemoryOptimizationService$MemoryHandler) {88c24e5}] -> com.android.settings
10-24 22:34:06.700  7899  7940 I MemoryOptimizationService: Send message delayed -> com.android.settings , 30000
10-24 22:34:06.700  1688  1688 I vendor.qti.hardware.servicetrackeraidl-service: unbindService is called for service : com.android.htmlviewer/com.android.settings.services.MemoryOptimizationService and for client com.android.settings
10-24 22:34:06.700  1688  1688 I vendor.qti.hardware.servicetrackeraidl-service: size of service connections for service: com.android.htmlviewer/com.android.settings.services.MemoryOptimizationServiceafter removal is 0
10-24 22:34:06.700  1688  1688 I vendor.qti.hardware.servicetrackeraidl-service: size of client connections for client: com.android.settingsafter removal is 3
10-24 22:34:06.700  1688  1688 I vendor.qti.hardware.servicetrackeraidl-service: destroyService is called for service : com.android.htmlviewer/com.android.settings.services.MemoryOptimizationService
10-24 22:34:06.703 30811 30811 W View    : requestLayout() improperly called by android.widget.RelativeLayout{50a2912 V.E...... .......D 36,128-1200,262} during second layout pass: posting in next frame
10-24 22:34:06.704 30811 30811 W View    : requestLayout() improperly called by android.widget.TextView{ea7a975 VFED..C.. ........ 955,0-1121,134 #7f0b0a9a app:id/search_text_cancel} during second layout pass: posting in next frame
10-24 22:34:06.704 30811 30811 W View    : requestLayout() improperly called by android.widget.LinearLayout{882fd0a V.E...... ......ID 0,0-924,134 #7f0b0a86 app:id/search_container} during second layout pass: posting in next frame
10-24 22:34:06.704  3030  3112 E libsensor-parseRGB: CWB NotifyCWBBufferDone  error 0
10-24 22:34:06.708  2318  5445 E ActivityTaskManager: Unable to get servicetracker HAL instance
10-24 22:34:06.708  2318  5445 E ActivityTaskManager: Unable to get servicetracker HAL instance
10-24 22:34:06.711  2318  2436 I Location.SSRU: foregroundActivities IS falseUID ID 1000, home is false
10-24 22:34:06.711  1672  1746 E ANDR-PERF-RESOURCEQS: ANDR-PERF-RESOURCEQS: AddAndApply() 167: Failed to apply optimization [10, 9]
10-24 22:34:06.712 11571 11697 E VA_AppStateWatcher: handleMessage: return!
10-24 22:34:06.718  2318  2447 I ThermalObserver: Temperature control has been released.
10-24 22:34:06.727  3094  3094 I adbd    : in ShellService: dumpsys activity activities
10-24 22:34:06.728 30811  6279 I XiaomiAccountUtils: handle ASYNC_MSG_GET_ACCOUNT_INFO,state=RUNNABLE
10-24 22:34:06.728 30811  6279 I XiaomiAccountUtils: updateAccountInfo thread=Thread[settings_xiaomi_account,5,main],state=RUNNABLE
10-24 22:34:06.731 30811  6279 I XiaomiAccountUtils: updateAvatarBitmap: mMiAccountService=com.xiaomi.accountsdk.account.IXiaomiAccountService$Stub$Proxy@d0faf8
10-24 22:34:06.732  8556  8556 W binder:8556_1: type=1400 audit(0.0:7582): avc:  denied  { read } for  path="/data/data/com.xiaomi.account/files" dev="dm-55" ino=18614 scontext=u:r:system_app:s0 tcontext=u:object_r:app_data_file:s0:c512,c768 tclass=dir permissive=0 app=com.xiaomi.account
10-24 22:34:06.737 30811  6279 E IPCThreadState: Binder transaction failure. id: 2185440, BR_*: 29201, error: -1 (Operation not permitted)
10-24 22:34:06.737 30811  6279 W BpBinder: Large or Failed outgoing transaction of 260 bytes, interface descriptor , code 6
10-24 22:34:06.738  2318  3608 W ActivityManager: pid 30811 com.android.settings sent binder code 6 with flags 0 to frozen apps and got error -2147483646
10-24 22:34:06.738 30811  6279 E JavaBinder: !!! FAILED BINDER TRANSACTION !!!  (parcel size = 260)
10-24 22:34:06.739 30811  6279 E XiaomiAccountUtils: Fail getAvatarFd
10-24 22:34:06.739 30811  6279 E XiaomiAccountUtils: android.os.DeadObjectException: Transaction failed on small parcel; remote process probably died, but this could also be caused by running out of binder buffer space
10-24 22:34:06.739 30811  6279 E XiaomiAccountUtils: 	at android.os.BinderProxy.transactNative(Native Method)
10-24 22:34:06.739 30811  6279 E XiaomiAccountUtils: 	at android.os.BinderProxy.transact(BinderProxy.java:684)
10-24 22:34:06.739 30811  6279 E XiaomiAccountUtils: 	at com.xiaomi.accountsdk.account.IXiaomiAccountService$Stub$Proxy.getAvatarFd(SourceFile:457)
10-24 22:34:06.739 30811  6279 E XiaomiAccountUtils: 	at com.android.settings.accounts.XiaomiAccountUtils.updateAvatarBitmap(SourceFile:379)
10-24 22:34:06.739 30811  6279 E XiaomiAccountUtils: 	at com.android.settings.accounts.XiaomiAccountUtils.updateAccountInfo(SourceFile:252)
10-24 22:34:06.739 30811  6279 E XiaomiAccountUtils: 	at com.android.settings.accounts.XiaomiAccountUtils.-$$Nest$mupdateAccountInfo(SourceFile:0)
10-24 22:34:06.739 30811  6279 E XiaomiAccountUtils: 	at com.android.settings.accounts.XiaomiAccountUtils$AccountServiceHandler.handleMessage(SourceFile:605)
10-24 22:34:06.739 30811  6279 E XiaomiAccountUtils: 	at android.os.Handler.dispatchMessage(Handler.java:107)
10-24 22:34:06.739 30811  6279 E XiaomiAccountUtils: 	at android.os.Looper.loopOnce(Looper.java:249)
10-24 22:34:06.739 30811  6279 E XiaomiAccountUtils: 	at android.os.Looper.loop(Looper.java:337)
10-24 22:34:06.739 30811  6279 E XiaomiAccountUtils: 	at android.os.HandlerThread.run(HandlerThread.java:85)
10-24 22:34:06.742  8556  8585 E ##XLogger##: #&^bTF3YhTxgQxNlRzwdZb0NGz3iQ/8NCrfnJxSCwoLZtpwNuC3W1HdfK1Ptmfvi/hGUdPhDSnN9ulRNLu9jbTG9tcMSQbrm14XOMYBEE0mKU8rsHAInsD8x2j6K6G/ijX4od1zDPqOUd9Kt+v7vbc60D7DsvavqoqKpkjQDH3HtJo=!account!uqB0uGrAFiIhsZXzAuVEaJvWHxXLGu8fsn1keqt3cmK87/03opZL9C3auA2+UjneN53CWycyvicZIL7pbiT1Mw1N4q1g1R3yLm4IXkjSeThOYxMB/6TJBZHNJtU9Ig4SVFipxupsPgOl3GsUWaduWA==^&#
10-24 22:34:06.743 30811  6279 I XiaomiAccountUtils: getAccountLoginHint: 
10-24 22:34:06.744 30811 30811 I XiaomiAccountUtils: MainHandler handle MSG_UPDATE_ACCOUNT_INFO
10-24 22:34:06.790  3094  3094 I adbd    : in ShellService: dumpsys activity activities
10-24 22:34:06.804  3094  3094 I adbd    : in ShellService: ps
10-24 22:34:06.826  1656  1854 I SDM     : DisplayBase::CommitThread: Received idle timeout, panel: cmd, timeout: 70000 us
10-24 22:34:06.851  3094  3094 I adbd    : in ShellService: dumpsys activity activities
10-24 22:34:06.863  1656  1656 I SDM     : HWCDisplay::SetActiveConfigWithConstraints: display:66-0, config: 1, WxH 1200x2670, fps 120
10-24 22:34:06.863  1656  1656 W SDM     : HWDeviceDRM::GetSupportedBitClkRate: Requested rate not supported: 1150000000
10-24 22:34:06.863  1656  1656 I SDM     : HWDeviceDRM::UpdateMixerAttributes: Mixer WxH 1200x2670-1 for Peripheral
10-24 22:34:06.864  1656  1656 I SDM     : HWCDisplay::SubmitDisplayConfig: Active configuration changed from config 3 to 1
10-24 22:34:06.864  1656  1656 I SDM     : HWCDisplay::SubmitDisplayConfig: Active WxH 1200x2670 ,ddic_mode:idle, timing_fps: 120, sf_fps: 120
10-24 22:34:06.906  3094  3094 I adbd    : in ShellService: dumpsys activity services
10-24 22:34:06.943  1656  1854 I SDM     : DisplayBase::CommitThread: Received idle timeout, panel: cmd, timeout: 70000 us
10-24 22:34:07.006  3094  3094 I adbd    : in ShellService: screencap -p /sdcard/screen_2025-10-24_223406.png
10-24 22:34:07.022  1656  2516 I vendor.qti.hardware.display.composer-service: Sensor: notify citsensorservice to trigger cwb, misForced = 1
10-24 22:34:07.022  3030  3788 I libsensor-parseRGB: request dump start for mRequestDisplayId 0
10-24 22:34:07.041 17804 17821 W mit.droidbotapp: Cleared Reference was only reachable from finalizer (only reported once)
10-24 22:34:07.043  2318  4219 I SmartPower: com.getsurfboard/10279(12838): background->idle(3001ms) R(broadcast start Intent { act=android.intent.action.INPUT_METHOD_CHANGED flg=0x20000010 (has extras) }) adj=965.
10-24 22:34:07.045  3030  3112 E libsensor-parseRGB: CWB NotifyCWBBufferDone  error 0
10-24 22:34:07.048 17804 17821 I mit.droidbotapp: This is non sticky GC, maxfree is 16777216 minfree is 8388608
10-24 22:34:07.103  1656  1854 I SDM     : DisplayBase::CommitThread: Received idle timeout, panel: cmd, timeout: 70000 us
10-24 22:34:07.108 18094 18094 W BpBinder: Linking to death on android.gui.ISurfaceComposer but there are no threads (yet?) listening to incoming transactions. See ProcessState::startThreadPool and ProcessState::setThreadPoolMaxThreadCount. Generally you should setup the binder threadpool before other initialization steps.
10-24 22:34:07.108 18094 18094 W ProcessState: Extra binder thread started, but 0 threads requested. Do not use *startThreadPool when zero threads are requested.
10-24 22:34:07.136  1908  1908 E DisplayModeController: setDesiredMode : Idle status skip setActiveMode, isDdicIdleMode: 1
10-24 22:34:07.138  1656  1656 I SDM     : HWCDisplay::SetActiveConfigWithConstraints: display:66-0, config: 3, WxH 1200x2670, fps 120
10-24 22:34:07.138  1656  1656 W SDM     : HWDeviceDRM::GetSupportedBitClkRate: Requested rate not supported: 1150000000
10-24 22:34:07.138  1656  1656 I SDM     : HWDeviceDRM::UpdateMixerAttributes: Mixer WxH 1200x2670-1 for Peripheral
10-24 22:34:07.138  1656  1656 I SDM     : HWCDisplay::SubmitDisplayConfig: Active configuration changed from config 1 to 3
10-24 22:34:07.138  1656  1656 I SDM     : HWCDisplay::SubmitDisplayConfig: Active WxH 1200x2670 ,ddic_mode:auto, timing_fps: 120, sf_fps: 120
10-24 22:34:07.141 18094 18103 I AdrenoUtils: <ReadGpuID:357>: Reading chip ID through GSL
10-24 22:34:07.142 18094 18094 W qdgralloc: Failed to load libubwcp.so
10-24 22:34:07.140 18094 18094 W screencap: type=1400 audit(0.0:7583): avc:  denied  { read } for  name="libubwcp.so" dev="dm-14" ino=19816057 scontext=u:r:shell:s0 tcontext=u:object_r:vendor_file:s0 tclass=file permissive=0
10-24 22:34:07.144  7336 31200 W MediaProvider: isAppCloneUserPair for user 0: false
10-24 22:34:07.222  2318  4219 I SmartPower: com.xiaomi.ab/10199(10787): background->idle(3002ms) R(content provider start ContentProviderRecord{5fbc2ec u0 com.xiaomi.ab/.MiShopSettingsNotificationProvider}) adj=700.
10-24 22:34:07.229  2318  4219 I SmartPower: com.miui.cloudservice/10161(10621): background->idle(3000ms) R(content provider start ContentProviderRecord{fb3e76b u0 com.miui.cloudservice/.provider.SettingsSnackBarProvider}) adj=700.
10-24 22:34:07.234  1656  1854 I SDM     : DisplayBase::CommitThread: Received idle timeout, panel: cmd, timeout: 70000 us
10-24 22:34:07.271  1656  1656 I SDM     : HWCDisplay::SetActiveConfigWithConstraints: display:66-0, config: 1, WxH 1200x2670, fps 120
10-24 22:34:07.271  1656  1656 W SDM     : HWDeviceDRM::GetSupportedBitClkRate: Requested rate not supported: 1150000000
10-24 22:34:07.271  1656  1656 I SDM     : HWDeviceDRM::UpdateMixerAttributes: Mixer WxH 1200x2670-1 for Peripheral
10-24 22:34:07.271  1656  1656 I SDM     : HWCDisplay::SubmitDisplayConfig: Active configuration changed from config 3 to 1
10-24 22:34:07.271  1656  1656 I SDM     : HWCDisplay::SubmitDisplayConfig: Active WxH 1200x2670 ,ddic_mode:idle, timing_fps: 120, sf_fps: 120
10-24 22:34:07.272  1656  2516 I vendor.qti.hardware.display.composer-service: Sensor: notify citsensorservice to trigger cwb, misForced = 0
10-24 22:34:07.272  3030  3788 I libsensor-parseRGB: request dump start for mRequestDisplayId 0
10-24 22:34:07.294  3030 15012 E libsensor-parseRGB: CWB NotifyCWBBufferDone  error 0
10-24 22:34:07.351  1656  1854 I SDM     : DisplayBase::CommitThread: Received idle timeout, panel: cmd, timeout: 70000 us
10-24 22:34:07.369  1908  1908 E DisplayModeController: setDesiredMode : Idle status skip setActiveMode, isDdicIdleMode: 1
10-24 22:34:07.370  1656  1656 I SDM     : HWCDisplay::SetActiveConfigWithConstraints: display:66-0, config: 3, WxH 1200x2670, fps 120
10-24 22:34:07.371  1656  1656 W SDM     : HWDeviceDRM::GetSupportedBitClkRate: Requested rate not supported: 1150000000
10-24 22:34:07.371  1656  1656 I SDM     : HWDeviceDRM::UpdateMixerAttributes: Mixer WxH 1200x2670-1 for Peripheral
10-24 22:34:07.371  1656  1656 I SDM     : HWCDisplay::SubmitDisplayConfig: Active configuration changed from config 1 to 3
10-24 22:34:07.371  1656  1656 I SDM     : HWCDisplay::SubmitDisplayConfig: Active WxH 1200x2670 ,ddic_mode:auto, timing_fps: 120, sf_fps: 120
10-24 22:34:07.372  1688  1688 I vendor.qti.hardware.servicetrackeraidl-service: unbindService is called for service : com.miui.analytics/.onetrack.OneTrackService and for client com.miui.securitycenter
10-24 22:34:07.372  1688  1688 I vendor.qti.hardware.servicetrackeraidl-service: size of service connections for service: com.miui.analytics/.onetrack.OneTrackServiceafter removal is 68
10-24 22:34:07.372  1688  1688 I vendor.qti.hardware.servicetrackeraidl-service: size of client connections for client: com.miui.securitycenterafter removal is 1
10-24 22:34:07.450  1656  1854 I SDM     : DisplayBase::CommitThread: Received idle timeout, panel: cmd, timeout: 69999 us
10-24 22:34:07.477  4299  4299 I TransitionCallback: clear leash = Surface(name=TL_Surface(name=Task=11#262)/@0x8041930_transition-leash#1082)/@0xa6288b6, key = ComponentInfo{com.android.settings/com.android.settings.MainSettings}#11
10-24 22:34:07.478  4299  4299 I TransitionCallback: clear leash = Surface(name=TL_Surface(name=Task=1#45)/@0xce4a673_transition-leash#1081)/@0x8116978, key = ComponentInfo{com.miui.home/com.miui.home.launcher.Launcher}#1
10-24 22:34:07.490  1656  2516 I vendor.qti.hardware.display.composer-service: Sensor: notify citsensorservice to trigger cwb, misForced = 0
10-24 22:34:07.491  3030  3788 I libsensor-parseRGB: request dump start for mRequestDisplayId 0
10-24 22:34:07.494  2318  5293 I NetworkAccelerateSwitchService: EVENT_RSSI_POLL. mRssiPoll=true
10-24 22:34:07.494  2318  5293 I NetworkAccelerateSwitchService: getAverageWifiRssi:35
10-24 22:34:07.510  3030  3108 E libsensor-parseRGB: CWB NotifyCWBBufferDone  error 0
10-24 22:34:07.568  1656  1854 I SDM     : DisplayBase::CommitThread: Received idle timeout, panel: cmd, timeout: 69999 us
10-24 22:34:07.604  1656  1656 I SDM     : HWCDisplay::SetActiveConfigWithConstraints: display:66-0, config: 1, WxH 1200x2670, fps 120
10-24 22:34:07.604  1656  1656 W SDM     : HWDeviceDRM::GetSupportedBitClkRate: Requested rate not supported: 1150000000
10-24 22:34:07.604  1656  1656 I SDM     : HWDeviceDRM::UpdateMixerAttributes: Mixer WxH 1200x2670-1 for Peripheral
10-24 22:34:07.605  1656  1656 I SDM     : HWCDisplay::SubmitDisplayConfig: Active configuration changed from config 3 to 1
10-24 22:34:07.605  1656  1656 I SDM     : HWCDisplay::SubmitDisplayConfig: Active WxH 1200x2670 ,ddic_mode:idle, timing_fps: 120, sf_fps: 120
10-24 22:34:07.648  2318  3525 W ActivityManagerServiceImpl: Sending non-protected broadcast miui.extm.action.mark from system uid 1000 pkg android. Callers=com.android.server.am.ActivityManagerService.checkBroadcastFromSystem:16255 com.android.server.am.ActivityManagerService.broadcastIntentLockedTraced:17126 com.android.server.am.ActivityManagerService.broadcastIntentLocked:16315 com.android.server.am.ActivityManagerService.broadcastIntentInPackage:17364 com.android.server.am.ActivityManagerService$LocalService.broadcastIntentInPackage:20214 
10-24 22:34:07.653  2318  2318 I ExtM    : mark duration up to 2m , try to mark.
10-24 22:34:07.654  2318  4328 W ExtM    : Mark thread start 
10-24 22:34:07.661 18118 18118 E vold    : maxCpuFreq=3148800
10-24 22:34:07.662 18118 18118 E vold    : maxCpuFreq=2956800
10-24 22:34:07.683  1656  1854 I SDM     : DisplayBase::CommitThread: Received idle timeout, panel: cmd, timeout: 70000 us
10-24 22:34:07.687  4340 19955 W HWUI    : Surface doesn't have any previously queued frames, nothing to readback from
10-24 22:34:07.763  1656  2516 I vendor.qti.hardware.display.composer-service: Sensor: notify citsensorservice to trigger cwb, misForced = 1
10-24 22:34:07.763  3030  3788 I libsensor-parseRGB: request dump start for mRequestDisplayId 0
10-24 22:34:07.785  3030 15012 E libsensor-parseRGB: CWB NotifyCWBBufferDone  error 0
10-24 22:34:07.842  1656  1854 I SDM     : DisplayBase::CommitThread: Received idle timeout, panel: cmd, timeout: 70000 us
10-24 22:34:07.921  3094  3094 I adbd    : in ShellService: ps
10-24 22:34:07.957  2318  4219 I SmartPower: com.miui.gallery/10271(13419): background->idle(3000ms) R(broadcast start Intent { act=android.intent.action.MEDIA_SCANNER_SCAN_FILE dat=file:///... flg=0x1400010 }) adj=905.
10-24 22:34:08.161  2318  5140 W ExtM    : Mark finished with status: 0
10-24 22:34:08.242 31363 11434 I cr_CronetUrlRequestContext: destroyNativeStreamLocked org.chromium.net.impl.CronetBidirectionalStream@c16c48d
10-24 22:34:08.446 31363 11434 I cr_CronetUrlRequestContext: destroyNativeStreamLocked org.chromium.net.impl.CronetBidirectionalStream@7a2d642
10-24 22:34:08.593  2318  5140 I ActivityManager: Broadcasting: Intent { act=android.intent.action.MEDIA_SCANNER_SCAN_FILE dat=file:///... flg=0x400000 }
10-24 22:34:08.594  2318  5140 I ActivityManager: Enqueued broadcast Intent { act=android.intent.action.MEDIA_SCANNER_SCAN_FILE dat=file:///... flg=0x400000 }: 0
10-24 22:34:08.595 13419 13419 W MiuiGallery2_BaseMediaScannerReceiver: [main] - Broadcast received, action: [android.intent.action.MEDIA_SCANNER_SCAN_FILE], data uri: [file:///sdcard/screen_2025-10-24_223406.png], CTA not allowed
10-24 22:34:08.599  2318  3691 I MiuiNetworkPolicy: updateUidState uid = 10271, uidState = 11
10-24 22:34:08.600  2318  3691 I MiuiNetworkPolicy: updateUidState uid = 10271, uidState = 19
10-24 22:34:08.603  7336  7336 I MediaProvider: receive action = android.intent.action.MEDIA_SCANNER_SCAN_FILE schemeSpecificPart = ///sdcard/screen_2025-10-24_223406.png
10-24 22:34:08.604  2318  5140 W JobInfo : Job 'com.android.providers.media.module/com.android.providers.media.MediaService#-300' has a deadline with no functional constraints. The deadline won't improve job execution latency. Consider removing the deadline.
10-24 22:34:08.608  1688  1688 I vendor.qti.hardware.servicetrackeraidl-service: bindService is called for service : com.android.providers.media.module/com.android.providers.media.MediaService and for client system
10-24 22:34:08.608  1688  1688 I vendor.qti.hardware.servicetrackeraidl-service: total connections for service : com.android.providers.media.module/com.android.providers.media.MediaServiceare :1
10-24 22:34:08.608  1688  1688 I vendor.qti.hardware.servicetrackeraidl-service: total connections for client : systemare :27
10-24 22:34:08.610  2318  4216 I whetstone.activity: processNotifyEvent1 resId = 256, bundle = Bundle[{startTime=2610316, sourcePkg=com.android.providers.media.module, sourceUid=10249, status=1, jobId=-300, batteryName=com.android.providers.media.module/com.android.providers.media.MediaService, elapsedRealtime=2610316}]
10-24 22:34:08.611  9264 10570 I EventMonitor: notifyEvent resId=256
10-24 22:34:08.616  2318  2426 I ActivityManager: Broadcast completed: result=0
10-24 22:34:08.618  7336  8311 I MediaProvider: Begin Intent { act=android.intent.action.MEDIA_SCANNER_SCAN_FILE dat=file:///... flg=0x1400010 cmp=com.android.providers.media.module/com.android.providers.media.MediaService }
10-24 22:34:08.627  7336  8311 I MediaProvider: End Intent { act=android.intent.action.MEDIA_SCANNER_SCAN_FILE dat=file:///... flg=0x1400010 cmp=com.android.providers.media.module/com.android.providers.media.MediaService }
10-24 22:34:08.628  2318  4216 I whetstone.activity: processNotifyEvent1 resId = 256, bundle = Bundle[{startTime=2610334, sourcePkg=com.android.providers.media.module, sourceUid=10249, status=0, jobId=-300, batteryName=com.android.providers.media.module/com.android.providers.media.MediaService, elapsedRealtime=2610334}]
10-24 22:34:08.628  9264 10570 I EventMonitor: notifyEvent resId=256
10-24 22:34:08.629  1688  1688 I vendor.qti.hardware.servicetrackeraidl-service: unbindService is called for service : com.android.providers.media.module/com.android.providers.media.MediaService and for client system
10-24 22:34:08.629  1688  1688 I vendor.qti.hardware.servicetrackeraidl-service: size of service connections for service: com.android.providers.media.module/com.android.providers.media.MediaServiceafter removal is 0
10-24 22:34:08.629  1688  1688 I vendor.qti.hardware.servicetrackeraidl-service: size of client connections for client: systemafter removal is 26
10-24 22:34:08.630  1688  1688 I vendor.qti.hardware.servicetrackeraidl-service: destroyService is called for service : com.android.providers.media.module/com.android.providers.media.MediaService
10-24 22:34:08.687  7756  9210 I AppPredictManager: predict: recentApps size = 5
10-24 22:34:08.694  7756  8418 I AppPredictPrivacyLaunchManager: getLauncherHomeAppList size: 75
10-24 22:34:08.694  7756  8418 I AppPredictResultHelper: updatePreferenceStore: size = 48
10-24 22:34:08.716  2318  4219 I SmartPower: com.miui.weather2/10278(5271): background->idle(3002ms) R(content provider start ContentProviderRecord{b8d1379 u0 com.miui.weather2/.providers.WeatherProvider}) adj=0.
10-24 22:34:08.734  2318  4219 I SmartPower: com.google.android.apps.magazines/10315(13039): background->idle(3001ms) R(broadcast start Intent { act=android.intent.action.BATTERY_CHANGED flg=0x60000010 (has extras) }) adj=945.
10-24 22:34:08.739  2318  4219 I SmartPower: com.google.android.apps.youtube.music/10318(13213): background->idle(3005ms) R(broadcast start Intent { act=android.intent.action.BATTERY_CHANGED flg=0x60000010 (has extras) }) adj=975.
10-24 22:34:08.739  2318  4219 I SmartPower: com.xiaomi.aicr:cognitionService/10127(11885): background->idle(3006ms) R(broadcast start Intent { act=android.intent.action.BATTERY_CHANGED flg=0x60000010 (has extras) }) adj=200.
10-24 22:34:08.740  2318  4219 I SmartPower: com.xiaomi.market:guard/10167(11934): background->idle(3006ms) R(broadcast start Intent { act=android.intent.action.BATTERY_CHANGED flg=0x60000010 (has extras) }) adj=905.
10-24 22:34:08.740  2318  4219 I SmartPower: com.xiaomi.market:widgetProvider/10167(20280): background->idle(3006ms) R(broadcast start Intent { act=android.intent.action.BATTERY_CHANGED flg=0x60000010 (has extras) }) adj=905.
10-24 22:34:08.793  3094  3094 I adbd    : in ShellService: rm /sdcard/screen_2025-10-24_223406.png
10-24 22:34:08.818  7336  7798 I MediaProvider: Deleted paths_hashcode::1389444597/:1389444597/315894859406.png items on external_primary due to com.android.shell tid=18131
10-24 22:34:08.828  2318  3728 W ContextImpl: Calling a method in the system process without a qualified user: android.app.ContextImpl.sendBroadcast:1260 android.content.ContextWrapper.sendBroadcast:522 com.android.server.wifi.MiuiNetworkMonitor.sendBroadcastForNetwork:675 com.android.server.wifi.MiuiNetworkMonitor.notifyNetworkWarning:627 com.android.server.wifi.MiuiNetworkMonitor.evaluateNetworkQoE:561 
10-24 22:34:08.894  3094  3094 I adbd    : in ShellService: dumpsys display
10-24 22:34:09.050  3094  3094 I adbd    : in ShellService: wm size
10-24 22:34:09.058  3094  3094 I adbd    : in ShellService: ps
10-24 22:34:09.061  2318  4219 I SmartPower: com.milink.service:audio/10178(22090): background->idle(3000ms) R(broadcast start Intent { act=android.intent.action.PACKAGE_RESTARTED dat=package: flg=0x4000010 (has extras) }) adj=100.
10-24 22:34:09.115  3094  3094 I adbd    : in ShellService: dumpsys input
10-24 22:34:09.176  3094  3094 I adbd    : in ShellService: getprop ro.sf.lcd_density
10-24 22:34:09.177  2318  4219 I SmartPower: com.miui.voiceassist/10193(11571): background->idle(3001ms) R(broadcast start Intent { act=android.intent.action.CLOSE_SYSTEM_DIALOGS flg=0x50000010 (has extras) }) adj=500.
10-24 22:34:09.177  2318  4219 I SmartPower: com.miui.voiceassist:core/10193(7346): background->idle(3450ms) R(broadcast start Intent { act=android.intent.action.CLOSE_SYSTEM_DIALOGS flg=0x50000010 (has extras) }) adj=100.
10-24 22:34:09.231  3094  3094 I adbd    : in ShellService: dumpsys activity activities
10-24 22:34:09.262  4663  5566 E PhoneAdapter: get ntnphones failed, exception: java.lang.IllegalStateException: Default phones haven't been made yet!
10-24 22:34:09.291  3094  3094 I adbd    : in ShellService: dumpsys activity activities
10-24 22:34:09.331  2318  3691 I MiuiNetworkPolicy: bandwidth: 0 KB/s, Max bandwidth: 692 KB/s
10-24 22:34:09.360  3094  3094 I adbd    : in ShellService: dumpsys activity activities
10-24 22:34:09.432  3094  3094 I adbd    : in ShellService: dumpsys activity services
10-24 22:34:09.448  2318  2417 I system_server: This is sticky GC, maxfree is 16777216 minfree is 8388608
10-24 22:34:09.456  2318  2419 W System  : A resource failed to call HardwareBuffer.close. 
10-24 22:34:09.457  2318  2419 W System  : A resource failed to call release. 
10-24 22:34:09.457  2318  2419 W System  : A resource failed to call release. 
10-24 22:34:09.457  2318  2419 W System  : A resource failed to call release. 
10-24 22:34:09.457  2318  2419 W System  : A resource failed to call release. 
10-24 22:34:09.457  2318  2419 W System  : A resource failed to call HardwareBuffer.close. 
10-24 22:34:09.522  3094  3094 I adbd    : in ShellService: screencap -p /sdcard/screen_2025-10-24_223409.png
10-24 22:34:09.630 18180 18180 W BpBinder: Linking to death on android.gui.ISurfaceComposer but there are no threads (yet?) listening to incoming transactions. See ProcessState::startThreadPool and ProcessState::setThreadPoolMaxThreadCount. Generally you should setup the binder threadpool before other initialization steps.
10-24 22:34:09.630 18180 18180 W ProcessState: Extra binder thread started, but 0 threads requested. Do not use *startThreadPool when zero threads are requested.
10-24 22:34:09.656 18180 18183 I AdrenoUtils: <ReadGpuID:357>: Reading chip ID through GSL
10-24 22:34:09.656 18180 18180 W qdgralloc: Failed to load libubwcp.so
10-24 22:34:09.652 18180 18180 W screencap: type=1400 audit(0.0:7584): avc:  denied  { read } for  name="libubwcp.so" dev="dm-14" ino=19816057 scontext=u:r:shell:s0 tcontext=u:object_r:vendor_file:s0 tclass=file permissive=0
10-24 22:34:09.659  7336  7794 W MediaProvider: isAppCloneUserPair for user 0: false
10-24 22:34:09.715  2318  2426 I MiuiNetworkPolicy: label wlan0, uid -1, active false, tsNanos 2611420890460
10-24 22:34:10.171  3094  3094 I adbd    : in ShellService: ps
10-24 22:34:10.242  2318  3691 I MiuiNetworkPolicy: updateUidState uid = 10161, uidState = 15
10-24 22:34:10.334  7336 11922 I PSyncWorker: Starting proactive picker sync from sync source: 1
10-24 22:34:10.337  7336 11922 I PickerSyncController: Executing SyncAdd. isLocal: true. authority: com.android.providers.media.photopicker
10-24 22:34:10.341  7336 11922 I PickerSyncController: Paged sync successful. QueryArgs: Bundle[{android.provider.extra.SYNC_GENERATION=26236, android.provider.extra.PAGE_SIZE=1000}] Total Rows: 0
10-24 22:34:10.341  7336 11922 I PickerSyncController: Executing SyncRemove. isLocal: true. authority: com.android.providers.media.photopicker
10-24 22:34:10.343  7336 11922 E PickerDbFacade: Could not get first date taken millis for media id: 1000002833
10-24 22:34:10.343  7336 11922 W PickerDbFacade: Unable to promote cloud media with localId: 1000002833
10-24 22:34:10.345  7336 11922 I PickerSyncController: Paged sync successful. QueryArgs: Bundle[{android.provider.extra.SYNC_GENERATION=26236, android.provider.extra.PAGE_SIZE=1000}] Total Rows: 0
10-24 22:34:10.345  7336 11922 I PickerSyncTracker: Marked sync future complete for work id: cfc4a7b3-eab0-455b-b380-5fa434ef3b01. Future map: {}
10-24 22:34:10.345  7336 11922 I PSyncWorker: Completed picker proactive sync complete from local provider.
10-24 22:34:10.346  7336  7635 I WM-WorkerWrapper: Worker result SUCCESS for Work [ id=cfc4a7b3-eab0-455b-b380-5fa434ef3b01, tags={ com.android.providers.media.photopicker.sync.ProactiveSyncWorker } ]
10-24 22:34:10.455 17804 17833 I mit.droidbotapp: ProcessProfilingInfo new_methods=1 is saved saved_to_disk=1 resolve_classes_delay=8000
10-24 22:34:10.497  2318  5293 I NetworkAccelerateSwitchService: EVENT_RSSI_POLL. mRssiPoll=true
10-24 22:34:10.498  2318  5293 I NetworkAccelerateSwitchService: getAverageWifiRssi:34
10-24 22:34:10.645  2318  3691 I MiuiNetworkPolicy: updateUidState uid = 10199, uidState = 15
10-24 22:34:10.678  8364 18021 I AICall_MemoryTrim$a: Timer-33 trimMemory on background
10-24 22:34:10.680  8364  8364 I AICall_x0: main invoke : null|80
10-24 22:34:10.690  2318  5140 W ActivityManagerServiceImpl: Sending non-protected broadcast com.miui.action.UPDATE_PREDICT_LIST from system 7756:com.miui.securitycenter.remote/1000 pkg com.miui.securitycenter. Callers=
10-24 22:34:10.692  2318  2423 W ActivityManagerServiceImpl: Sending non-protected broadcast com.miui.action.UPDATE_PREDICT_LIST_EXTERNAL from system 7756:com.miui.securitycenter.remote/1000 pkg com.miui.securitycenter. Callers=
10-24 22:34:10.694  4098  4173 I GDAppManager: loadHiddenApps: {0=[]}
10-24 22:34:10.694  4098  4173 I GDSettings: pinSpecialApps: isAppEditUsed()=true
10-24 22:34:10.695  4098  4173 I GDSettings: pinSpecialApps1: [com.tencent.mm, com.tencent.mobileqq]	result=[]
10-24 22:34:10.695  4098  4173 I GDSettings: pinSpecialApps2: [com.tencent.mm, com.tencent.mobileqq]	result=[]
10-24 22:34:10.715  4098  4173 I GDAppManager: loadDockApps: mDockAppList=[AppInfo{uid=10430, pkg='tv.danmaku.bili', activity='tv.danmaku.bili.MainActivityV2', from='1'}, AppInfo{uid=10167, pkg='com.xiaomi.market', activity='com.xiaomi.market.ui.MarketTabActivity', from='1'}, AppInfo{uid=10432, pkg='com.kuaishou.nebula', activity='com.yxcorp.gifshow.HomeActivity', from='1'}, AppInfo{uid=10431, pkg='com.ss.android.ugc.aweme.lite', activity='com.ss.android.ugc.aweme.splash.SplashActivity', from='1'}, AppInfo{uid=10141, pkg='com.android.mms', activity='com.android.mms.ui.MmsTabActivity', from='1'}, AppInfo{uid=10271, pkg='com.miui.gallery', activity='com.miui.gallery.activity.HomePageActivity', from='1'}, AppInfo{uid=10134, pkg='com.android.browser', activity='com.android.browser.launch.SplashActivity', from='1'}, AppInfo{uid=10325, pkg='com.ss.android.article.news', activity='com.ss.android.article.news.activity.MainActivity', from='1'}, AppInfo{uid=10276, pkg='com.android.soundrecorder', activity='com.android.soundrecorder.StartActivity', from='1'}, AppInfo{uid=10340, pkg='com.baidu.searchbox', activity='com.baidu.searchbox.SplashActivity', from='1'}, AppInfo{uid=10339, pkg='com.smile.gifmaker', activity='com.yxcorp.gifshow.HomeActivity', from='1'}, AppInfo{uid=10294, pkg='com.miui.video', activity='com.miui.video.Launcher1', from='1'}, AppInfo{uid=10263, pkg='com.miui.calculator', activity='com.miui.calculator.cal.CalculatorActivity', from='1'}, AppInfo{uid=10333, pkg='com.autonavi.minimap', activity='com.autonavi.map.activity.SplashActivity', from='1'}, AppInfo{uid=10335, pkg='com.dragon.read', activity='com.dragon.read.pages.splash.SplashActivity', from='1'}, AppInfo{uid=10332, pkg='com.UCMobile', activity='com.UCMobile.main.UCMobile', from='1'}, AppInfo{uid=10428, pkg='com.tencent.qqmusic', activity='com.tencent.qqmusic.activity.AppStarterActivity', from='1'}, AppInfo{uid=10275, pkg='com.miui.notes', activity='com.miui.notes.ui.NotesListActivity', from='1'}, AppInfo{uid=10334, pkg='com.baidu.searchbox.lite', activity='com.baidu.searchbox.SplashActivity', from='1'}, AppInfo{uid=10331, pkg='com.baidu.BaiduMap', activity='com.baidu.baidumaps.WelcomeScreen.Alias0', from='1'}, AppInfo{uid=10292, pkg='com.anydo', activity='com.anydo.activity.SplashActivity', from='1'}, AppInfo{uid=10160, pkg='com.android.fileexplorer', activity='com.android.fileexplorer.FileExplorerTabActivity', from='1'}, AppInfo{uid=10286, pkg='com.xingin.xhs', activity='com.xingin.xhs.index.v2.IndexActivityV2', from='1'}, AppInfo{uid=10288, pkg='com.xiaomi.gamecenter', activity='com.xiaomi.gamecenter.ui.MainTabActivity', from='1'}, AppInfo{uid=10287, pkg='com.duokan.reader', activity='com.duokan.reader.DkReaderActivity', from='1'}, AppInfo{uid=10434, pkg='io.github.ylimit.droidbotapp', activity='io.github.ylimit.droidbotapp.SettingsActivity', from='2'}, AppInfo{uid=10320, pkg='com.musicworx', activity='com.musicworx.MainActivity', from='2'}, AppInfo{uid=10318, pkg='com.google.android.apps.youtube.music', activity='com.google.android.apps.youtube.music.activities.MusicActivity', from='2'}, AppInfo{uid=10300, pkg='com.google.android.apps.tasks', activity='com.google.android.apps.tasks.ui.TaskListsActivity', from='2'}, AppInfo{uid=10336, pkg='com.jijia.jjweather', activity='com.icecreamj.jimiweather.home.SplashActivity', from='2'}]
10-24 22:34:10.858  3030  3793 I libsensor-boledalgo: dbv:481,lux:408.5,cct:6325.9,hsv:-1.0,dc:0CWB R:3342.6,G:6624.7,B:2878.8Event C:23027.1,R:10689.3,G:8919.7,B:4783.2Cali C:194.7,R:60.8,G:53.9,B:31.3 
10-24 22:34:11.006  2318  5140 I ActivityManager: Broadcasting: Intent { act=android.intent.action.MEDIA_SCANNER_SCAN_FILE dat=file:///... flg=0x400000 }
10-24 22:34:11.007  2318  5140 I ActivityManager: Enqueued broadcast Intent { act=android.intent.action.MEDIA_SCANNER_SCAN_FILE dat=file:///... flg=0x400000 }: 0
10-24 22:34:11.008  2318  2451 I SmartPower: com.miui.gallery/10271(13419): idle->background(3051ms) R(broadcast start Intent { act=android.intent.action.MEDIA_SCANNER_SCAN_FILE dat=file:///... flg=0x1400010 }) adj=905.
10-24 22:34:11.009 13419 13419 W MiuiGallery2_BaseMediaScannerReceiver: [main] - Broadcast received, action: [android.intent.action.MEDIA_SCANNER_SCAN_FILE], data uri: [file:///sdcard/screen_2025-10-24_223409.png], CTA not allowed
10-24 22:34:11.011  2318  3691 I MiuiNetworkPolicy: updateUidState uid = 10271, uidState = 11
10-24 22:34:11.012  2318  3691 I MiuiNetworkPolicy: updateUidState uid = 10271, uidState = 19
10-24 22:34:11.013  7336  7336 I MediaProvider: receive action = android.intent.action.MEDIA_SCANNER_SCAN_FILE schemeSpecificPart = ///sdcard/screen_2025-10-24_223409.png
10-24 22:34:11.013  2318  5140 W JobInfo : Job 'com.android.providers.media.module/com.android.providers.media.MediaService#-300' has a deadline with no functional constraints. The deadline won't improve job execution latency. Consider removing the deadline.
10-24 22:34:11.015  1688  1688 I vendor.qti.hardware.servicetrackeraidl-service: bindService is called for service : com.android.providers.media.module/com.android.providers.media.MediaService and for client system
10-24 22:34:11.016  1688  1688 I vendor.qti.hardware.servicetrackeraidl-service: total connections for service : com.android.providers.media.module/com.android.providers.media.MediaServiceare :1
10-24 22:34:11.016  1688  1688 I vendor.qti.hardware.servicetrackeraidl-service: total connections for client : systemare :27
10-24 22:34:11.016  2318  4216 I whetstone.activity: processNotifyEvent1 resId = 256, bundle = Bundle[{startTime=2612722, sourcePkg=com.android.providers.media.module, sourceUid=10249, status=1, jobId=-300, batteryName=com.android.providers.media.module/com.android.providers.media.MediaService, elapsedRealtime=2612722}]
10-24 22:34:11.017  9264 11317 I EventMonitor: notifyEvent resId=256
10-24 22:34:11.021  2318  2426 I ActivityManager: Broadcast completed: result=0
10-24 22:34:11.021  7336  8311 I MediaProvider: Begin Intent { act=android.intent.action.MEDIA_SCANNER_SCAN_FILE dat=file:///... flg=0x1400010 cmp=com.android.providers.media.module/com.android.providers.media.MediaService }
10-24 22:34:11.038  7336  7362 I FuseDaemon: This is sticky GC, maxfree is 16777216 minfree is 8388608
10-24 22:34:11.039  7336  8311 I MediaProvider: End Intent { act=android.intent.action.MEDIA_SCANNER_SCAN_FILE dat=file:///... flg=0x1400010 cmp=com.android.providers.media.module/com.android.providers.media.MediaService }
10-24 22:34:11.040  2318  4216 I whetstone.activity: processNotifyEvent1 resId = 256, bundle = Bundle[{startTime=2612746, sourcePkg=com.android.providers.media.module, sourceUid=10249, status=0, jobId=-300, batteryName=com.android.providers.media.module/com.android.providers.media.MediaService, elapsedRealtime=2612746}]
10-24 22:34:11.040  1688  1688 I vendor.qti.hardware.servicetrackeraidl-service: unbindService is called for service : com.android.providers.media.module/com.android.providers.media.MediaService and for client system
10-24 22:34:11.040  1688  1688 I vendor.qti.hardware.servicetrackeraidl-service: size of service connections for service: com.android.providers.media.module/com.android.providers.media.MediaServiceafter removal is 0
10-24 22:34:11.040  1688  1688 I vendor.qti.hardware.servicetrackeraidl-service: size of client connections for client: systemafter removal is 26
