--------- beginning of main
10-24 22:34:03.302  1908  1908 I RefreshRateSelector: Display 4630947082089526659 policy changed
10-24 22:34:03.302  1908  1908 I RefreshRateSelector: Previous: {defaultModeId=0, allowGroupSwitching=false, primaryRanges={physical=[0.00 Hz, inf Hz], render=[0.00 Hz, 120.00 Hz]}, appRequestRanges={physical=[0.00 Hz, inf Hz], render=[0.00 Hz, 120.00 Hz]} idleScreenConfig=nullptr}
10-24 22:34:03.302  1908  1908 I RefreshRateSelector: Current:  DisplayManagerPolicy{defaultModeId=0, allowGroupSwitching=false, primaryRanges={physical=[0.00 Hz, 120.00 Hz], render=[0.00 Hz, 120.00 Hz]}, appRequestRanges={physical=[0.00 Hz, 120.00 Hz], render=[0.00 Hz, 120.00 Hz]} idleScreenConfig=nullptr}
10-24 22:34:03.302  1908  1908 I RefreshRateSelector: 0 mode changes were performed under the previous policy
10-24 22:34:03.323  1672  6622 E ANDR-PERF-LM: VmRssMeter:: start() 359: Could not find pid, can not collect vmrss data
10-24 22:34:03.323  1672  6622 E ANDR-PERF-LM: AdaptiveLaunch: writeToDataBase() 64: Meter aborted or could not get meter data for this run
10-24 22:34:03.328  2318  3691 I MiuiNetworkPolicy: bandwidth: 0 KB/s, Max bandwidth: 692 KB/s
10-24 22:34:03.329  2318  3691 I MiuiNetworkPolicy: updateUidState uid = 10141, uidState = 19
10-24 22:34:03.329  1672  6621 E ANDR-PERF-LM: VmRssMeter:: start() 359: Could not find pid, can not collect vmrss data
10-24 22:34:03.422  1656  2244 I SDM     : HWCDisplay::SetActiveConfigWithConstraints: display:66-0, config: 1, WxH 1200x2670, fps 120
10-24 22:34:03.423  1656  2244 W SDM     : HWDeviceDRM::GetSupportedBitClkRate: Requested rate not supported: 1150000000
10-24 22:34:03.423  1656  2244 I SDM     : HWDeviceDRM::UpdateMixerAttributes: Mixer WxH 1200x2670-1 for Peripheral
10-24 22:34:03.424  1656  2244 I SDM     : HWCDisplay::SubmitDisplayConfig: Active configuration changed from config 3 to 1
10-24 22:34:03.424  1656  2244 I SDM     : HWCDisplay::SubmitDisplayConfig: Active WxH 1200x2670 ,ddic_mode:idle, timing_fps: 120, sf_fps: 120
10-24 22:34:03.425  1656  2516 I vendor.qti.hardware.display.composer-service: Sensor: notify citsensorservice to trigger cwb, misForced = 0
10-24 22:34:03.426  3030  3788 I libsensor-parseRGB: request dump start for mRequestDisplayId 0
10-24 22:34:03.448  3094  3094 I adbd    : in ShellService: export ANDROID_LOG_TAGS="''"; exec logcat '-v' 'threadtime' '*:I'
10-24 22:34:03.454  3094  3094 I adbd    : in ShellService: getevent -lt
10-24 22:34:03.454  3030  3112 E libsensor-parseRGB: CWB NotifyCWBBufferDone  error 0
10-24 22:34:03.458  3094  3094 I adbd    : in ShellService: ime enable io.github.ylimit.droidbotapp/.DroidBotIME
10-24 22:34:03.462  3094  3094 I adbd    : in ShellService: ps
10-24 22:34:03.510  1656  1854 I SDM     : DisplayBase::CommitThread: Received idle timeout, panel: cmd, timeout: 70000 us
10-24 22:34:03.512  3094  3094 I adbd    : in ShellService: ime set io.github.ylimit.droidbotapp/.DroidBotIME
10-24 22:34:03.539 15030 15030 E BaseInputMethodService: onUnbindInput
10-24 22:34:03.540  2318  3573 I InputReader: Reconfiguring input devices, changes=KEYBOARD_LAYOUTS
10-24 22:34:03.540 30811 30811 I HandWritingStubImpl: refreshLastKeyboardType: 1
10-24 22:34:03.540 30811 30811 I HandWritingStubImpl: getCurrentKeyboardType: 1
--------- beginning of system
10-24 22:34:03.543  2318  3600 W SecurityInputMethodSwitcher: first check switch to security ime: false
10-24 22:34:03.543  2318  3600 W SecurityInputMethodSwitcher: double check switch to security ime: false
10-24 22:34:03.543  2318  3600 W SecurityInputMethodSwitcher: switch to other input method from security ime:false mayChangeToMiuiSecurityInputMethod: false current focus window: android.os.BinderProxy@2ef65f
10-24 22:34:03.544 30811 30811 I HandWritingStubImpl: refreshLastKeyboardType: 1
10-24 22:34:03.544 30811 30811 I HandWritingStubImpl: getCurrentKeyboardType: 1
10-24 22:34:03.546  1688  1688 I vendor.qti.hardware.servicetrackeraidl-service: unbindService is called for service : com.sohu.inputmethod.sogou.xiaomi/.SogouIME and for client system
10-24 22:34:03.546  1688  1688 I vendor.qti.hardware.servicetrackeraidl-service: size of service connections for service: com.sohu.inputmethod.sogou.xiaomi/.SogouIMEafter removal is 0
10-24 22:34:03.546  1688  1688 I vendor.qti.hardware.servicetrackeraidl-service: size of client connections for client: systemafter removal is 25
10-24 22:34:03.546  1688  1688 I vendor.qti.hardware.servicetrackeraidl-service: destroyService is called for service : com.sohu.inputmethod.sogou.xiaomi/.SogouIME
10-24 22:34:03.546  2318  3691 I MiuiNetworkPolicy: updateUidState uid = 10183, uidState = 10
10-24 22:34:03.547  2318  3600 W InputManager-JNI: Input channel object '13af679 InputMethod (client)' was disposed without first being removed with the input manager!
10-24 22:34:03.550  1688  1688 I vendor.qti.hardware.servicetrackeraidl-service: bindService is called for service : io.github.ylimit.droidbotapp/.DroidBotIME and for client system
10-24 22:34:03.550  1688  1688 I vendor.qti.hardware.servicetrackeraidl-service: total connections for service : io.github.ylimit.droidbotapp/.DroidBotIMEare :1
10-24 22:34:03.550  1688  1688 I vendor.qti.hardware.servicetrackeraidl-service: total connections for client : systemare :26
10-24 22:34:03.552  2318  3600 W SecurityInputMethodSwitcher: first check switch to security ime: false
10-24 22:34:03.552  2318  3600 W SecurityInputMethodSwitcher: double check switch to security ime: false
10-24 22:34:03.552  2318  3600 W SecurityInputMethodSwitcher: switch to other input method from security ime:false mayChangeToMiuiSecurityInputMethod: false current focus window: android.os.BinderProxy@2ef65f
10-24 22:34:03.555 15030 15030 E BaseInputMethodService: onDestroy
10-24 22:34:03.556  1908  1908 E DisplayModeController: setDesiredMode : Idle status skip setActiveMode, isDdicIdleMode: 1
10-24 22:34:03.556 15030 15030 W WindowOnBackDispatcher: sendCancelIfRunning: isInProgress=false callback=android.view.ViewRootImpl$$ExternalSyntheticLambda12@ecc0a3c
10-24 22:34:03.557  2318  5445 W WindowManager: Failed looking up window session=Session{f10af27 15030:u0a10183} callers=com.android.server.wm.WindowManagerService.windowForClientLocked:7019 com.android.server.wm.Session.setOnBackInvokedCallbackInfo:1092 android.view.IWindowSession$Stub.onTransact:1281 
10-24 22:34:03.557  2318  5445 I WindowManager: setOnBackInvokedCallback(): No window state for package:com.sohu.inputmethod.sogou.xiaomi
10-24 22:34:03.557  2318  5107 W WindowManager: Cannot find window which accessibility connection is added to
10-24 22:34:03.557  2318  5111 W WindowManager: Failed looking up window session=Session{f10af27 15030:u0a10183} callers=com.android.server.wm.WindowManagerService.removeClientToken:2442 com.android.server.wm.Session.remove:290 android.view.IWindowSession$Stub.onTransact:741 
10-24 22:34:03.558 15030 15030 I IMEBottomManager: disableQuickMoveCursor
10-24 22:34:03.561  2318  3691 I MiuiNetworkPolicy: updateUidState uid = 10162, uidState = 10
10-24 22:34:03.561  2318  5111 I ClipboardServiceI: checkProviderWakePathForClipboard: primaryClip is null
10-24 22:34:03.561  2318  5111 I SmartPower: com.miui.phrase/10162(22166): idle->background(161163ms) R(content provider start ContentProviderRecord{3ff3f0e u0 com.miui.phrase/com.miui.provider.InputProvider}) adj=0.
10-24 22:34:03.562  9264  9430 I IMECheckManager: getSelectedInputMethod, ime is io.github.ylimit.droidbotapp/.DroidBotIME
10-24 22:34:03.563  9264  9430 I IMECheckManager: InputMethodObserver, userId is 0, ime = io.github.ylimit.droidbotapp/.DroidBotIME
10-24 22:34:03.563  1656  2244 I SDM     : HWCDisplay::SetActiveConfigWithConstraints: display:66-0, config: 3, WxH 1200x2670, fps 120
10-24 22:34:03.564  1656  2244 W SDM     : HWDeviceDRM::GetSupportedBitClkRate: Requested rate not supported: 1150000000
10-24 22:34:03.564  1656  2244 I SDM     : HWDeviceDRM::UpdateMixerAttributes: Mixer WxH 1200x2670-1 for Peripheral
10-24 22:34:03.564  1656  2244 I SDM     : HWCDisplay::SubmitDisplayConfig: Active configuration changed from config 1 to 3
10-24 22:34:03.564  1656  2244 I SDM     : HWCDisplay::SubmitDisplayConfig: Active WxH 1200x2670 ,ddic_mode:auto, timing_fps: 120, sf_fps: 120
10-24 22:34:03.564  9264  9430 I IMECheckManager: getSelectedInputMethod, ime is io.github.ylimit.droidbotapp/.DroidBotIME
10-24 22:34:03.564  9264  9430 I IMECheckManager: updateCurrentIME, userId is 0, ime is io.github.ylimit.droidbotapp/.DroidBotIME, pkg is io.github.ylimit.droidbotapp, uid is 10434
10-24 22:34:03.565  9264  9430 I ActiveStateController: Ime outdated, uid is 10183
10-24 22:34:03.565  9264  9444 I PowerKeeperConfigureManager: userId is 0, Ime outdated, uid is 10183
10-24 22:34:03.565  7756  8138 I k1      : input method change: 
10-24 22:34:03.567  3094  3094 I adbd    : in ShellService: getprop ro.build.version.release
10-24 22:34:03.570  9264  9430 I ActiveStateController: Ime update, uid is 10434
10-24 22:34:03.572  9264  9444 I PowerKeeperConfigureManager: userId is 0, Ime update, uid is 10434
10-24 22:34:03.573  2318  5405 I ClipboardServiceI: checkProviderWakePathForClipboard: primaryClip is null
10-24 22:34:03.575  4305  6370 I htmlviewercloudcontrol: isStagingEnv:false param =  InputMethod  uriMatch = 2, cluster: cn, version: 617443, traceId: 3d9ee4589440844b19bc5124043f95bb, regId: +4z3RS85+e2U9l+sd6caQ/srGmJCsEbKpG1twyPn1K0CrNNyxYT/yAgGVxm5X+yC
10-24 22:34:03.580  2318  5405 E InputMethodManagerService: Ignoring com.android.server.inputmethod.InputMethodManagerService.updateStatusIcon:2768 due to an invalid token. uid:10183 token:android.os.Binder@25c6a95
10-24 22:34:03.583 15030 15030 W WindowTokenClientController: Can't find attached WindowTokenClient for android.window.WindowTokenClient@427646b
10-24 22:34:03.584  2318  3691 I MiuiNetworkPolicy: updateUidState uid = 10183, uidState = 16
10-24 22:34:03.584  2318  3691 I MiuiNetworkPolicy: updateUidState uid = 10162, uidState = 19
10-24 22:34:03.585 17804 17885 W ziparchive: Unable to open '/system/framework/QXPerformance.dm': No such file or directory
10-24 22:34:03.585 17804 17885 W ziparchive: Unable to open '/system/framework/QXPerformance.dm': No such file or directory
10-24 22:34:03.586  2318  5107 I AppsFilter: interaction: PackageSetting{142eaf io.github.ylimit.droidbotapp/10434} -> PackageSetting{b09130c com.miui.screenrecorder/10273} BLOCKED
10-24 22:34:03.586  2318  5107 I AppsFilter: interaction: PackageSetting{142eaf io.github.ylimit.droidbotapp/10434} -> PackageSetting{df2f455 com.android.cts.priv.ctsshim/10252} BLOCKED
10-24 22:34:03.586  2318  5107 I AppsFilter: interaction: PackageSetting{142eaf io.github.ylimit.droidbotapp/10434} -> PackageSetting{5a21e6a com.quark.browser/10328} BLOCKED
10-24 22:34:03.586  2318  5107 I AppsFilter: interaction: PackageSetting{142eaf io.github.ylimit.droidbotapp/10434} -> PackageSetting{b476f5b com.android.uwb.resources/10242} BLOCKED
10-24 22:34:03.586  2318  5107 I AppsFilter: interaction: PackageSetting{142eaf io.github.ylimit.droidbotapp/10434} -> PackageSetting{4c0d835 com.android.internal.display.cutout.emulation.corner/10008} BLOCKED
10-24 22:34:03.586  2318  5107 I AppsFilter: interaction: PackageSetting{142eaf io.github.ylimit.droidbotapp/10434} -> PackageSetting{5fa64ca com.android.internal.display.cutout.emulation.double/10013} BLOCKED
10-24 22:34:03.586  2318  5107 I AppsFilter: interaction: PackageSetting{142eaf io.github.ylimit.droidbotapp/10434} -> PackageSetting{ecf9e6 io.appium.settings/10274} BLOCKED
10-24 22:34:03.586  2318  5107 I AppsFilter: interaction: PackageSetting{142eaf io.github.ylimit.droidbotapp/10434} -> PackageSetting{cba53f8 com.unionpay.tsmservice.mi/10185} BLOCKED
10-24 22:34:03.586  2318  5107 I AppsFilter: interaction: PackageSetting{142eaf io.github.ylimit.droidbotapp/10434} -> PackageSetting{abb80d1 com.android.healthconnect.controller/10245} BLOCKED
10-24 22:34:03.586  2318  5107 I AppsFilter: interaction: PackageSetting{142eaf io.github.ylimit.droidbotapp/10434} -> PackageSetting{5bbb736 com.wuba.zhuanzhuan/10260} BLOCKED
10-24 22:34:03.586  2318  5107 I AppsFilter: interaction: PackageSetting{142eaf io.github.ylimit.droidbotapp/10434} -> PackageSetting{c83a637 com.alibaba.aliexpresshd/10303} BLOCKED
10-24 22:34:03.586  2318  5107 I AppsFilter: interaction: PackageSetting{142eaf io.github.ylimit.droidbotapp/10434} -> PackageSetting{63cb7a4 com.google.android.onetimeinitializer/10123} BLOCKED
10-24 22:34:03.586  2318  5107 I AppsFilter: interaction: PackageSetting{142eaf io.github.ylimit.droidbotapp/10434} -> PackageSetting{4a6590d com.android.health.connect.backuprestore/10246} BLOCKED
10-24 22:34:03.586  2318  5107 I AppsFilter: interaction: PackageSetting{142eaf io.github.ylimit.droidbotapp/10434} -> PackageSetting{70410c2 com.google.android.ext.shared/10150} BLOCKED
10-24 22:34:03.586  2318  5107 I AppsFilter: interaction: PackageSetting{142eaf io.github.ylimit.droidbotapp/10434} -> PackageSetting{1e26ed3 com.android.virtualmachine.res/10237} BLOCKED
10-24 22:34:03.586  2318  5107 I AppsFilter: interaction: PackageSetting{142eaf io.github.ylimit.droidbotapp/10434} -> PackageSetting{55faa10 com.tencent.qqmusic/10428} BLOCKED
10-24 22:34:03.586  2318  5107 I AppsFilter: interaction: PackageSetting{142eaf io.github.ylimit.droidbotapp/10434} -> PackageSetting{f49370 com.android.providers.telephony.auto_generated_characteristics_rro/10072} BLOCKED
10-24 22:34:03.586  2318  5107 I AppsFilter: interaction: PackageSetting{142eaf io.github.ylimit.droidbotapp/10434} -> PackageSetting{7ec7909 com.xiaomi.gamecenter.sdk.service/10140} BLOCKED
10-24 22:34:03.586  2318  5107 I AppsFilter: interaction: PackageSetting{142eaf io.github.ylimit.droidbotapp/10434} -> PackageSetting{286770e com.android.htmlviewer/10092} BLOCKED
10-24 22:34:03.586  2318  5107 I AppsFilter: interaction: PackageSetting{142eaf io.github.ylimit.droidbotapp/10434} -> PackageSetting{e5b252f com.miui.gallery/10271} BLOCKED
10-24 22:34:03.586  2318  5107 I AppsFilter: interaction: PackageSetting{142eaf io.github.ylimit.droidbotapp/10434} -> PackageSetting{37d573c com.ss.android.ugc.aweme.lite/10431} BLOCKED
10-24 22:34:03.586  2318  5107 I AppsFilter: interaction: PackageSetting{142eaf io.github.ylimit.droidbotapp/10434} -> PackageSetting{15a9cc5 com.quicinc.voice.activation/10214} BLOCKED
10-24 22:34:03.586  2318  5107 I AppsFilter: interaction: PackageSetting{142eaf io.github.ylimit.droidbotapp/10434} -> PackageSetting{4b6f61a com.google.android.configupdater/10122} BLOCKED
10-24 22:34:03.586  2318  5107 I AppsFilter: interaction: PackageSetting{142eaf io.github.ylimit.droidbotapp/10434} -> PackageSetting{2fee54b com.android.soundrecorder/10276} BLOCKED
10-24 22:34:03.586  2318  5107 I AppsFilter: interaction: PackageSetting{142eaf io.github.ylimit.droidbotapp/10434} -> PackageSetting{366ab28 com.suxing.sustream/10338} BLOCKED
10-24 22:34:03.586  2318  5107 I AppsFilter: interaction: PackageSetting{142eaf io.github.ylimit.droidbotapp/10434} -> PackageSetting{3cd4041 io.appium.uiautomator2.server/10283} BLOCKED
10-24 22:34:03.586  2318  5107 I AppsFilter: interaction: PackageSetting{142eaf io.github.ylimit.droidbotapp/10434} -> PackageSetting{b3e59e6 com.android.safetycenter.resources/10240} BLOCKED
10-24 22:34:03.586  2318  5107 I AppsFilter: interaction: PackageSetting{142eaf io.github.ylimit.droidbotapp/10434} -> PackageSetting{6d48b27 org.secuso.privacyfriendlytodolist/10270} BLOCKED
10-24 22:34:03.586  2318  5107 I AppsFilter: interaction: PackageSetting{142eaf io.github.ylimit.droidbotapp/10434} -> PackageSetting{20f51d4 com.android.providers.downloads.ui/10261} BLOCKED
10-24 22:34:03.587  2318  5107 I AppsFilter: interaction: PackageSetting{142eaf io.github.ylimit.droidbotapp/10434} -> PackageSetting{96c9f7d com.android.simappdialog/10113} BLOCKED
10-24 22:34:03.587  2318  5107 I AppsFilter: interaction: PackageSetting{142eaf io.github.ylimit.droidbotapp/10434} -> PackageSetting{3862e72 com.xingin.xhs/10286} BLOCKED
10-24 22:34:03.587  2318  5107 I AppsFilter: interaction: PackageSetting{142eaf io.github.ylimit.droidbotapp/10434} -> PackageSetting{74b2c3 com.android.connectivity.resources/10244} BLOCKED
10-24 22:34:03.587  2318  5107 I AppsFilter: interaction: PackageSetting{142eaf io.github.ylimit.droidbotapp/10434} -> PackageSetting{5f9b740 com.cnn.mobile.android.phone/10316} BLOCKED
10-24 22:34:03.587  2318  5107 I AppsFilter: interaction: PackageSetting{142eaf io.github.ylimit.droidbotapp/10434} -> PackageSetting{8be8c59 com.android.internal.display.cutout.emulation.hole/10010} BLOCKED
10-24 22:34:03.587  2318  5107 I AppsFilter: interaction: PackageSetting{142eaf io.github.ylimit.droidbotapp/10434} -> PackageSetting{dbb101e com.android.internal.display.cutout.emulation.tall/10011} BLOCKED
10-24 22:34:03.587  2318  5107 I AppsFilter: interaction: PackageSetting{142eaf io.github.ylimit.droidbotapp/10434} -> PackageSetting{ca8b679 com.android.modulemetadata/10174} BLOCKED
10-24 22:34:03.587  2318  5107 I AppsFilter: interaction: PackageSetting{142eaf io.github.ylimit.droidbotapp/10434} -> PackageSetting{c43becc com.android.internal.systemui.navbar.threebutton/10051} BLOCKED
10-24 22:34:03.587  2318  5107 I AppsFilter: interaction: PackageSetting{142eaf io.github.ylimit.droidbotapp/10434} -> PackageSetting{604bfbe com.android.wifi.dialog/10211} BLOCKED
10-24 22:34:03.587  2318  5107 I AppsFilter: interaction: PackageSetting{142eaf io.github.ylimit.droidbotapp/10434} -> PackageSetting{d65b81f com.tencent.android.qqdownloader/10324} BLOCKED
10-24 22:34:03.587  2318  5107 I AppsFilter: interaction: PackageSetting{142eaf io.github.ylimit.droidbotapp/10434} -> PackageSetting{963076c com.android.contacts/10132} BLOCKED
10-24 22:34:03.587  2318  5107 I AppsFilter: interaction: PackageSetting{142eaf io.github.ylimit.droidbotapp/10434} -> PackageSetting{4f54135 cn.amazon.mShop.android/10301} BLOCKED
10-24 22:34:03.587  2318  5107 I AppsFilter: interaction: PackageSetting{142eaf io.github.ylimit.droidbotapp/10434} -> PackageSetting{a4919ca com.miui.securitymanager/10272} BLOCKED
10-24 22:34:03.587  2318  5107 I AppsFilter: interaction: PackageSetting{142eaf io.github.ylimit.droidbotapp/10434} -> PackageSetting{337b73b com.baidu.searchbox/10340} BLOCKED
10-24 22:34:03.587  2318  5107 I AppsFilter: interaction: PackageSetting{142eaf io.github.ylimit.droidbotapp/10434} -> PackageSetting{b2f2e58 com.android.mms/10141} BLOCKED
10-24 22:34:03.587  2318  5107 I AppsFilter: interaction: PackageSetting{142eaf io.github.ylimit.droidbotapp/10434} -> PackageSetting{345bbb1 com.jijia.bqwnl/10327} BLOCKED
10-24 22:34:03.587  2318  5107 I AppsFilter: interaction: PackageSetting{142eaf io.github.ylimit.droidbotapp/10434} -> PackageSetting{fc70896 com.yahoo.mobile.client.android.mail/10341} BLOCKED
10-24 22:34:03.587  2318  5107 I AppsFilter: interaction: PackageSetting{142eaf io.github.ylimit.droidbotapp/10434} -> PackageSetting{6608c17 com.mfashiongallery.emag/10262} BLOCKED
10-24 22:34:03.587  2318  5107 I AppsFilter: interaction: PackageSetting{142eaf io.github.ylimit.droidbotapp/10434} -> PackageSetting{294d804 com.instagram.android/10289} BLOCKED
10-24 22:34:03.587  2318  5107 I AppsFilter: interaction: PackageSetting{142eaf io.github.ylimit.droidbotapp/10434} -> PackageSetting{a4961ed com.google.android.gm/10290} BLOCKED
10-24 22:34:03.587  2318  5107 I AppsFilter: interaction: PackageSetting{142eaf io.github.ylimit.droidbotapp/10434} -> PackageSetting{7631822 com.android.compos.payload/10243} BLOCKED
10-24 22:34:03.587  2318  5107 I AppsFilter: interaction: PackageSetting{142eaf io.github.ylimit.droidbotapp/10434} -> PackageSetting{2d7d2b3 com.microsoft.emmx/10311} BLOCKED
10-24 22:34:03.587  2318  5107 I AppsFilter: interaction: PackageSetting{142eaf io.github.ylimit.droidbotapp/10434} -> PackageSetting{1897070 com.android.settings.intelligence/10142} BLOCKED
10-24 22:34:03.587  2318  5107 I AppsFilter: interaction: PackageSetting{142eaf io.github.ylimit.droidbotapp/10434} -> PackageSetting{e672fe9 com.android.calendar/10265} BLOCKED
10-24 22:34:03.587  2318  5107 I AppsFilter: interaction: PackageSetting{142eaf io.github.ylimit.droidbotapp/10434} -> PackageSetting{9be946e com.miui.virtualsim/10277} BLOCKED
10-24 22:34:03.587  2318  5107 I AppsFilter: interaction: PackageSetting{142eaf io.github.ylimit.droidbotapp/10434} -> PackageSetting{272e70f com.microsoft.office.outlook/10323} BLOCKED
10-24 22:34:03.587  2318  5107 I AppsFilter: interaction: PackageSetting{142eaf io.github.ylimit.droidbotapp/10434} -> PackageSetting{1ed239c com.miui.compass/10267} BLOCKED
10-24 22:34:03.587  2318  5107 I AppsFilter: interaction: PackageSetting{142eaf io.github.ylimit.droidbotapp/10434} -> PackageSetting{979e1a5 com.android.printspooler/10224} BLOCKED
10-24 22:34:03.587  2318  5107 I AppsFilter: interaction: PackageSetting{142eaf io.github.ylimit.droidbotapp/10434} -> PackageSetting{643897a com.android.dreams.basic/10103} BLOCKED
10-24 22:34:03.587  2318  5107 I AppsFilter: interaction: PackageSetting{142eaf io.github.ylimit.droidbotapp/10434} -> PackageSetting{d00e52b com.android.incallui/10126} BLOCKED
10-24 22:34:03.587  2318  5107 I AppsFilter: interaction: PackageSetting{142eaf io.github.ylimit.droidbotapp/10434} -> PackageSetting{976dd88 com.musicworx/10320} BLOCKED
10-24 22:34:03.587  2318  5107 I AppsFilter: interaction: PackageSetting{142eaf io.github.ylimit.droidbotapp/10434} -> PackageSetting{e4bf321 com.android.rkpdapp/10254} BLOCKED
10-24 22:34:03.587  2318  5107 I AppsFilter: interaction: PackageSetting{142eaf io.github.ylimit.droidbotapp/10434} -> PackageSetting{f07483d com.newcall.overlay.miui/10041} BLOCKED
10-24 22:34:03.587  2318  5107 I AppsFilter: interaction: PackageSetting{142eaf io.github.ylimit.droidbotapp/10434} -> PackageSetting{6f0c346 todolist.scheduleplanner.dailyplanner.todo.reminders/10299} BLOCKED
10-24 22:34:03.587  2318  5107 I AppsFilter: interaction: PackageSetting{142eaf io.github.ylimit.droidbotapp/10434} -> PackageSetting{fe76983 android.auto_generated_characteristics_rro/10068} BLOCKED
10-24 22:34:03.587  2318  5107 I AppsFilter: interaction: PackageSetting{142eaf io.github.ylimit.droidbotapp/10434} -> PackageSetting{e26a907 com.android.musicfx/10094} BLOCKED
10-24 22:34:03.587  2318  5107 I AppsFilter: interaction: PackageSetting{142eaf io.github.ylimit.droidbotapp/10434} -> PackageSetting{604a34 com.todoist/10298} BLOCKED
10-24 22:34:03.587  2318  5107 I AppsFilter: interaction: PackageSetting{142eaf io.github.ylimit.droidbotapp/10434} -> PackageSetting{7d3a05d com.google.android.webview/10188} BLOCKED
10-24 22:34:03.587  2318  5107 I AppsFilter: interaction: PackageSetting{142eaf io.github.ylimit.droidbotapp/10434} -> PackageSetting{4e5cdd2 com.zhuantech.sijiweather/10337} BLOCKED
10-24 22:34:03.587  2318  5107 I AppsFilter: interaction: PackageSetting{142eaf io.github.ylimit.droidbotapp/10434} -> PackageSetting{cfacea3 com.ss.android.article.news/10325} BLOCKED
10-24 22:34:03.587  2318  5107 I AppsFilter: interaction: PackageSetting{142eaf io.github.ylimit.droidbotapp/10434} -> PackageSetting{4a441f5 com.android.phone.auto_generated_characteristics_rro/10060} BLOCKED
10-24 22:34:03.587  2318  5107 I AppsFilter: interaction: PackageSetting{142eaf io.github.ylimit.droidbotapp/10434} -> PackageSetting{6d1d5a0 com.android.chrome/10282} BLOCKED
10-24 22:34:03.587  2318  5107 I AppsFilter: interaction: PackageSetting{142eaf io.github.ylimit.droidbotapp/10434} -> PackageSetting{2ee559 com.UCMobile/10332} BLOCKED
10-24 22:34:03.587  2318  5107 I AppsFilter: interaction: PackageSetting{142eaf io.github.ylimit.droidbotapp/10434} -> PackageSetting{9aef51e com.android.wifi.resources/10258} BLOCKED
10-24 22:34:03.587  2318  5107 I AppsFilter: interaction: PackageSetting{142eaf io.github.ylimit.droidbotapp/10434} -> PackageSetting{161b1ff com.skysoft.kkbox.android/10285} BLOCKED
10-24 22:34:03.587  2318  5107 I AppsFilter: interaction: PackageSetting{142eaf io.github.ylimit.droidbotapp/10434} -> PackageSetting{50eabcc com.getsurfboard/10279} BLOCKED
10-24 22:34:03.587  2318  5107 I AppsFilter: interaction: PackageSetting{142eaf io.github.ylimit.droidbotapp/10434} -> PackageSetting{b5f7e15 com.netease.newsreader.activity/10313} BLOCKED
10-24 22:34:03.587  2318  5107 I AppsFilter: interaction: PackageSetting{142eaf io.github.ylimit.droidbotapp/10434} -> PackageSetting{5fe1bc4 com.android.theme.font.notoserifsource/10017} BLOCKED
10-24 22:34:03.587  2318  5107 I AppsFilter: interaction: PackageSetting{142eaf io.github.ylimit.droidbotapp/10434} -> PackageSetting{951452a com.kuaishou.nebula/10432} BLOCKED
10-24 22:34:03.587  2318  5107 I AppsFilter: interaction: PackageSetting{142eaf io.github.ylimit.droidbotapp/10434} -> PackageSetting{fd161e2 com.android.internal.display.cutout.emulation.waterfall/10012} BLOCKED
10-24 22:34:03.587  2318  5107 I AppsFilter: interaction: PackageSetting{142eaf io.github.ylimit.droidbotapp/10434} -> PackageSetting{ec5b973 com.android.internal.systemui.navbar.transparent/10063} BLOCKED
10-24 22:34:03.587  2318  5107 I AppsFilter: interaction: PackageSetting{142eaf io.github.ylimit.droidbotapp/10434} -> PackageSetting{3296f1b com.miui.newhome/10296} BLOCKED
10-24 22:34:03.587  2318  5107 I AppsFilter: interaction: PackageSetting{142eaf io.github.ylimit.droidbotapp/10434} -> PackageSetting{260b8b8 com.miui.video/10294} BLOCKED
10-24 22:34:03.587  2318  5107 I AppsFilter: interaction: PackageSetting{142eaf io.github.ylimit.droidbotapp/10434} -> PackageSetting{1c6e691 com.google.android.printservice.recommendation/10153} BLOCKED
10-24 22:34:03.587  2318  5107 I AppsFilter: interaction: PackageSetting{142eaf io.github.ylimit.droidbotapp/10434} -> PackageSetting{11689f6 com.baidu.searchbox.lite/10334} BLOCKED
10-24 22:34:03.587  2318  5107 I AppsFilter: interaction: PackageSetting{142eaf io.github.ylimit.droidbotapp/10434} -> PackageSetting{ee5e1f7 com.spotify.music/10317} BLOCKED
10-24 22:34:03.587  2318  5107 I AppsFilter: interaction: PackageSetting{142eaf io.github.ylimit.droidbotapp/10434} -> PackageSetting{ec4a864 com.google.android.documentsui/10100} BLOCKED
10-24 22:34:03.587  2318  5107 I AppsFilter: interaction: PackageSetting{142eaf io.github.ylimit.droidbotapp/10434} -> PackageSetting{6625acd com.google.android.accessibility.switchaccess/10184} BLOCKED
10-24 22:34:03.587  2318  5107 I AppsFilter: interaction: PackageSetting{142eaf io.github.ylimit.droidbotapp/10434} -> PackageSetting{7194f82 com.sohu.inputmethod.sogou.xiaomi/10183} BLOCKED
10-24 22:34:03.587  2318  5107 I AppsFilter: interaction: PackageSetting{142eaf io.github.ylimit.droidbotapp/10434} -> PackageSetting{c8ca693 cn.ninegame.gamemanager/10330} BLOCKED
10-24 22:34:03.587  2318  5107 I AppsFilter: interaction: PackageSetting{142eaf io.github.ylimit.droidbotapp/10434} -> PackageSetting{ebb961a io.appium.uiautomator2.server.test/10280} BLOCKED
10-24 22:34:03.587  2318  5107 I AppsFilter: interaction: PackageSetting{142eaf io.github.ylimit.droidbotapp/10434} -> PackageSetting{b55e6d0 com.baidu.BaiduMap/10331} BLOCKED
10-24 22:34:03.587  2318  5107 I AppsFilter: interaction: PackageSetting{142eaf io.github.ylimit.droidbotapp/10434} -> PackageSetting{690e1ce com.android.providers.partnerbookmarks/10109} BLOCKED
10-24 22:34:03.587  2318  5107 I AppsFilter: interaction: PackageSetting{142eaf io.github.ylimit.droidbotapp/10434} -> PackageSetting{3d118ef com.android.smspush/10230} BLOCKED
10-24 22:34:03.587  2318  5107 I AppsFilter: interaction: PackageSetting{142eaf io.github.ylimit.droidbotapp/10434} -> PackageSetting{d7a9ffc com.miui.calculator/10263} BLOCKED
10-24 22:34:03.587  2318  5107 I AppsFilter: interaction: PackageSetting{142eaf io.github.ylimit.droidbotapp/10434} -> PackageSetting{2dd1685 de.baumann.browser/10308} BLOCKED
10-24 22:34:03.587  2318  5107 I AppsFilter: interaction: PackageSetting{142eaf io.github.ylimit.droidbotapp/10434} -> PackageSetting{4dd4cda com.android.wallpaper.livepicker/10091} BLOCKED
10-24 22:34:03.587  2318  5107 I AppsFilter: interaction: PackageSetting{142eaf io.github.ylimit.droidbotapp/10434} -> PackageSetting{a40550b com.android.cellbroadcastreceiver.module/10255} BLOCKED
10-24 22:34:03.587  2318  5107 I AppsFilter: interaction: PackageSetting{142eaf io.github.ylimit.droidbotapp/10434} -> PackageSetting{8cfbfe8 com.android.apps.tag/10098} BLOCKED
10-24 22:34:03.587  2318  5107 I AppsFilter: interaction: PackageSetting{142eaf io.github.ylimit.droidbotapp/10434} -> PackageSetting{25d9601 com.android.imsserviceentitlement/10125} BLOCKED
10-24 22:34:03.587  2318  5107 I AppsFilter: interaction: PackageSetting{142eaf io.github.ylimit.droidbotapp/10434} -> PackageSetting{b535ca6 com.xiaomi.gamecenter/10288} BLOCKED
10-24 22:34:03.587  2318  5107 I AppsFilter: interaction: PackageSetting{142eaf io.github.ylimit.droidbotapp/10434} -> PackageSetting{71d36e7 com.android.appsearch.apk/10257} BLOCKED
10-24 22:34:03.587  2318  5107 I AppsFilter: interaction: PackageSetting{142eaf io.github.ylimit.droidbotapp/10434} -> PackageSetting{bd4f294 com.dragon.read/10335} BLOCKED
10-24 22:34:03.587  2318  5107 I AppsFilter: interaction: PackageSetting{142eaf io.github.ylimit.droidbotapp/10434} -> PackageSetting{3ba16a9 com.anydo/10292} BLOCKED
10-24 22:34:03.587  2318  5107 I AppsFilter: interaction: PackageSetting{142eaf io.github.ylimit.droidbotapp/10434} -> PackageSetting{7c37f92 com.miui.cleanmaster/10266} BLOCKED
10-24 22:34:03.587  2318  5107 I AppsFilter: interaction: PackageSetting{142eaf io.github.ylimit.droidbotapp/10434} -> PackageSetting{e0c913d com.miui.weather2/10278} BLOCKED
10-24 22:34:03.587  2318  5107 I AppsFilter: interaction: PackageSetting{142eaf io.github.ylimit.droidbotapp/10434} -> PackageSetting{1c89d32 com.autonavi.minimap/10333} BLOCKED
10-24 22:34:03.587  2318  5107 I AppsFilter: interaction: PackageSetting{142eaf io.github.ylimit.droidbotapp/10434} -> PackageSetting{8fc5a83 com.xiaomi.scanner/10281} BLOCKED
10-24 22:34:03.587  2318  5107 I AppsFilter: interaction: PackageSetting{142eaf io.github.ylimit.droidbotapp/10434} -> PackageSetting{b58a400 com.google.android.apps.tasks/10300} BLOCKED
10-24 22:34:03.588  2318  5107 I AppsFilter: interaction: PackageSetting{142eaf io.github.ylimit.droidbotapp/10434} -> PackageSetting{eb60439 com.duokan.reader/10287} BLOCKED
10-24 22:34:03.588  2318  5107 I AppsFilter: interaction: PackageSetting{142eaf io.github.ylimit.droidbotapp/10434} -> PackageSetting{2026e7c com.android.cts.ctsshim/10253} BLOCKED
10-24 22:34:03.588  2318  5107 I AppsFilter: interaction: PackageSetting{142eaf io.github.ylimit.droidbotapp/10434} -> PackageSetting{5df5a7e douzifly.list/10182} BLOCKED
10-24 22:34:03.588  2318  5107 I AppsFilter: interaction: PackageSetting{142eaf io.github.ylimit.droidbotapp/10434} -> PackageSetting{9201bdf com.miui.yellowpage/10137} BLOCKED
10-24 22:34:03.588  2318  5107 I AppsFilter: interaction: PackageSetting{142eaf io.github.ylimit.droidbotapp/10434} -> PackageSetting{8a4002c com.einnovation.temu/10304} BLOCKED
10-24 22:34:03.588  2318  5107 I AppsFilter: interaction: PackageSetting{142eaf io.github.ylimit.droidbotapp/10434} -> PackageSetting{288f73c com.android.microdroid.empty_payload/10236} BLOCKED
10-24 22:34:03.588  2318  5107 I AppsFilter: interaction: PackageSetting{142eaf io.github.ylimit.droidbotapp/10434} -> PackageSetting{3e9aaf5 com.android.email/10268} BLOCKED
10-24 22:34:03.588  2318  5107 I AppsFilter: interaction: PackageSetting{142eaf io.github.ylimit.droidbotapp/10434} -> PackageSetting{b12a08a com.android.music/10175} BLOCKED
10-24 22:34:03.588  2318  5107 I AppsFilter: interaction: PackageSetting{142eaf io.github.ylimit.droidbotapp/10434} -> PackageSetting{89496fb com.android.hotspot2.osulogin/10259} BLOCKED
10-24 22:34:03.588  2318  5107 I AppsFilter: interaction: PackageSetting{142eaf io.github.ylimit.droidbotapp/10434} -> PackageSetting{8ca8690 com.android.companiondevicemanager.auto_generated_characteristics_rro/10006} BLOCKED
10-24 22:34:03.588  2318  5107 I AppsFilter: interaction: PackageSetting{142eaf io.github.ylimit.droidbotapp/10434} -> PackageSetting{e66f318 com.google.android.gms.location.history/10152} BLOCKED
10-24 22:34:03.588  2318  5107 I AppsFilter: interaction: PackageSetting{142eaf io.github.ylimit.droidbotapp/10434} -> PackageSetting{c770171 com.smile.gifmaker/10339} BLOCKED
10-24 22:34:03.588  2318  5107 I AppsFilter: interaction: PackageSetting{142eaf io.github.ylimit.droidbotapp/10434} -> PackageSetting{d570baf com.android.internal.systemui.navbar.gestural/10052} BLOCKED
10-24 22:34:03.588  2318  5107 I AppsFilter: interaction: PackageSetting{142eaf io.github.ylimit.droidbotapp/10434} -> PackageSetting{f823b56 ru.mail.mailapp/10321} BLOCKED
10-24 22:34:03.588  2318  5107 I AppsFilter: interaction: PackageSetting{142eaf io.github.ylimit.droidbotapp/10434} -> PackageSetting{30ba7d7 com.google.android.apps.youtube.music/10318} BLOCKED
10-24 22:34:03.588  2318  5107 I AppsFilter: interaction: PackageSetting{142eaf io.github.ylimit.droidbotapp/10434} -> PackageSetting{6428c4 com.android.bluetoothmidiservice/10104} BLOCKED
10-24 22:34:03.588  2318  5107 I AppsFilter: interaction: PackageSetting{142eaf io.github.ylimit.droidbotapp/10434} -> PackageSetting{aa943ad com.jijia.jjweather/10336} BLOCKED
10-24 22:34:03.588  2318  5107 I AppsFilter: interaction: PackageSetting{142eaf io.github.ylimit.droidbotapp/10434} -> PackageSetting{17eb6e2 com.ebay.mobile/10291} BLOCKED
10-24 22:34:03.588  2318  5107 I AppsFilter: interaction: PackageSetting{142eaf io.github.ylimit.droidbotapp/10434} -> PackageSetting{378ea73 com.google.android.apps.magazines/10315} BLOCKED
10-24 22:34:03.588  2318  5107 I AppsFilter: interaction: PackageSetting{142eaf io.github.ylimit.droidbotapp/10434} -> PackageSetting{a655a66 com.qualcomm.qti.server.wigig.tethering.rro/10229} BLOCKED
10-24 22:34:03.588  2318  5107 I AppsFilter: interaction: PackageSetting{142eaf io.github.ylimit.droidbotapp/10434} -> PackageSetting{9dd0d30 com.sina.news/10314} BLOCKED
10-24 22:34:03.588  2318  5107 I AppsFilter: interaction: PackageSetting{142eaf io.github.ylimit.droidbotapp/10434} -> PackageSetting{436da9 tv.danmaku.bili/10430} BLOCKED
10-24 22:34:03.588  2318  5107 I AppsFilter: interaction: PackageSetting{142eaf io.github.ylimit.droidbotapp/10434} -> PackageSetting{1d55f2e com.android.captiveportallogin/10106} BLOCKED
10-24 22:34:03.588  2318  5107 I AppsFilter: interaction: PackageSetting{142eaf io.github.ylimit.droidbotapp/10434} -> PackageSetting{66dbacf com.microsoft.todos/10293} BLOCKED
10-24 22:34:03.588  2318  5107 I AppsFilter: interaction: PackageSetting{142eaf io.github.ylimit.droidbotapp/10434} -> PackageSetting{6bdcc5c com.miui.core/10194} BLOCKED
10-24 22:34:03.592  2318  5405 W ActivityManager: Permission Denial: getCurrentUser() from pid=17804, uid=10434 requires android.permission.INTERACT_ACROSS_USERS
10-24 22:34:03.592 17804 17804 W libc    : Access denied finding property "vendor.boostfwk.frameprefetcher"
10-24 22:34:03.592 17804 17886 E FramePredict: registerContentObserver fail
10-24 22:34:03.593 17804 17804 W libc    : Access denied finding property "ro.vendor.df.effect.conflict"
10-24 22:34:03.588 17804 17804 W mit.droidbotapp: type=1400 audit(0.0:7579): avc:  denied  { read } for  name="u:object_r:vendor_displayfeature_prop:s0" dev="tmpfs" ino=479 scontext=u:r:untrusted_app_32:s0:c178,c257,c512,c768 tcontext=u:object_r:vendor_displayfeature_prop:s0 tclass=file permissive=0 app=io.github.ylimit.droidbotapp
10-24 22:34:03.606  3094  3094 I adbd    : in ShellService: getprop ro.secure
10-24 22:34:03.609 17804 17804 I ViewRootImpl: InputMethod use first frame acceleration
10-24 22:34:03.612  2318  5405 I SmartPower: io.github.ylimit.droidbotapp/10434(17804): background->visible(1282ms) R(become visible) adj=200.
10-24 22:34:03.630  1656  2516 I vendor.qti.hardware.display.composer-service: Sensor: notify citsensorservice to trigger cwb, misForced = 0
10-24 22:34:03.631  3030  3788 I libsensor-parseRGB: request dump start for mRequestDisplayId 0
10-24 22:34:03.632 17804 17804 I Choreographer: first vsync insert message into MessageQueue Head
10-24 22:34:03.638 30811 30811 I HandWritingStubImpl: getCurrentKeyboardType: 1
10-24 22:34:03.654  3030  3112 E libsensor-parseRGB: CWB NotifyCWBBufferDone  error 0
10-24 22:34:03.666  3094  3094 I adbd    : in ShellService: getprop ro.debuggable
10-24 22:34:03.710  1656  1854 I SDM     : DisplayBase::CommitThread: Received idle timeout, panel: cmd, timeout: 70000 us
10-24 22:34:03.714  3094  3094 I adbd    : in ShellService: dumpsys display
10-24 22:34:03.754  1656  2244 I SDM     : HWCDisplay::SetActiveConfigWithConstraints: display:66-0, config: 1, WxH 1200x2670, fps 120
10-24 22:34:03.755  1656  2244 W SDM     : HWDeviceDRM::GetSupportedBitClkRate: Requested rate not supported: 1150000000
10-24 22:34:03.755  1656  2244 I SDM     : HWDeviceDRM::UpdateMixerAttributes: Mixer WxH 1200x2670-1 for Peripheral
10-24 22:34:03.755  1656  2244 I SDM     : HWCDisplay::SubmitDisplayConfig: Active configuration changed from config 3 to 1
10-24 22:34:03.755  1656  2244 I SDM     : HWCDisplay::SubmitDisplayConfig: Active WxH 1200x2670 ,ddic_mode:idle, timing_fps: 120, sf_fps: 120
10-24 22:34:03.762 17804 17820 I mit.droidbotapp: Compiler allocated 5390KB to compile void android.view.ViewRootImpl.performTraversals()
10-24 22:34:03.834  1656  1854 I SDM     : DisplayBase::CommitThread: Received idle timeout, panel: cmd, timeout: 70000 us
10-24 22:34:03.864  3094  3094 I adbd    : in ShellService: wm size
10-24 22:34:03.913  1656  2516 I vendor.qti.hardware.display.composer-service: Sensor: notify citsensorservice to trigger cwb, misForced = 1
10-24 22:34:03.914  3030  3788 I libsensor-parseRGB: request dump start for mRequestDisplayId 0
10-24 22:34:03.936  3030  3108 E libsensor-parseRGB: CWB NotifyCWBBufferDone  error 0
10-24 22:34:03.945  3094  3094 I adbd    : in ShellService: dumpsys input
10-24 22:34:03.993  1656  1854 I SDM     : DisplayBase::CommitThread: Received idle timeout, panel: cmd, timeout: 70000 us
10-24 22:34:04.004  3094  3094 I adbd    : in ShellService: getprop ro.sf.lcd_density
10-24 22:34:04.042  2318  2451 I SmartPower: com.getsurfboard/10279(12838): idle->background(161172ms) R(broadcast start Intent { act=android.intent.action.INPUT_METHOD_CHANGED flg=0x20000010 (has extras) }) adj=965.
10-24 22:34:04.060  3094  3094 I adbd    : in ShellService: input keyevent MENU
10-24 22:34:04.105  2318  3608 W MIUIInput: Input event injection from package: null action ACTION_DOWN keycode 82
10-24 22:34:04.105  2318  3608 W MiuiInputKeyEventLog: keyCode:82 down:true eventTime:2605811 downTime:2605811 policyFlags:2b000000 flags:0 metaState:0 deviceId:-1 isScreenOn:true keyguardActive:false repeatCount:0
10-24 22:34:04.107  1908  1908 E DisplayModeController: setDesiredMode : Idle status skip setActiveMode, isDdicIdleMode: 1
10-24 22:34:04.108  2318  3572 I InputFeature: supportXiaomiHyperXiaoAi is true
10-24 22:34:04.108  2318  3572 I InputFeature: supportXiaomiHyperXiaoAiScreenRecognition support
10-24 22:34:04.108  2318  3572 I InputFeature: supportBlockCombinationKey com.miui.home version: 3
10-24 22:34:04.108  2318  3572 I MiuiInputKeyEventLog: is show menu
10-24 22:34:04.108  2318  3572 I MIUIInput: [KeyEvent] publisher action:0x0,  keyCode:82 , deviceId=-1, 2605811,channel 'f8a08ac com.android.settings/com.android.settings.SubSettings (server)' 
10-24 22:34:04.109 30811 30811 I MIUIInput: [KeyEvent] ViewRootImpl windowName 'com.android.settings/com.android.settings.SubSettings', KeyEvent { action=ACTION_DOWN, keyCode=KEYCODE_MENU, scanCode=0, metaState=0, flags=0x0, repeatCount=0, eventTime=2605811000000, downTime=2605811000000, deviceId=-1, source=0x0, displayId=-1 }, phoneEventTime=22:34:04.105
10-24 22:34:04.111  2318  3608 W MIUIInput: Input event injection from package: null action ACTION_UP keycode 82
10-24 22:34:04.111  2318  3608 W MiuiInputKeyEventLog: keyCode:82 down:false eventTime:2605817 downTime:2605811 policyFlags:2b000000 flags:0 metaState:0 deviceId:-1 isScreenOn:true keyguardActive:false repeatCount:0
10-24 22:34:04.112  2318  3572 I InputFeature: supportXiaomiHyperXiaoAi is true
10-24 22:34:04.112  2318  3572 I InputFeature: supportXiaomiHyperXiaoAiScreenRecognition support
10-24 22:34:04.112  2318  3572 I InputFeature: supportBlockCombinationKey com.miui.home version: 3
10-24 22:34:04.112  2318  3572 I MiuiInputKeyEventLog: is show menu
10-24 22:34:04.112  2318  3572 I MIUIInput: [KeyEvent] publisher action:0x1,  keyCode:82 , deviceId=-1, 2605817,channel 'f8a08ac com.android.settings/com.android.settings.SubSettings (server)' 
10-24 22:34:04.113  1656  2244 I SDM     : HWCDisplay::SetActiveConfigWithConstraints: display:66-0, config: 3, WxH 1200x2670, fps 120
10-24 22:34:04.113 30811 30811 I MIUIInput: [KeyEvent] ViewRootImpl windowName 'com.android.settings/com.android.settings.SubSettings', KeyEvent { action=ACTION_UP, keyCode=KEYCODE_MENU, scanCode=0, metaState=0, flags=0x0, repeatCount=0, eventTime=2605817000000, downTime=2605811000000, deviceId=-1, source=0x0, displayId=-1 }, phoneEventTime=22:34:04.110
10-24 22:34:04.113  1656  2244 W SDM     : HWDeviceDRM::GetSupportedBitClkRate: Requested rate not supported: 1150000000
10-24 22:34:04.113  1656  2244 I SDM     : HWDeviceDRM::UpdateMixerAttributes: Mixer WxH 1200x2670-1 for Peripheral
10-24 22:34:04.113  1656  2244 I SDM     : HWCDisplay::SubmitDisplayConfig: Active configuration changed from config 1 to 3
10-24 22:34:04.113  1656  2244 I SDM     : HWCDisplay::SubmitDisplayConfig: Active WxH 1200x2670 ,ddic_mode:auto, timing_fps: 120, sf_fps: 120
10-24 22:34:04.143  3094  3094 I adbd    : in ShellService: input keyevent BACK
10-24 22:34:04.189  2318  3608 W MIUIInput: Input event injection from package: null action ACTION_DOWN keycode 4
10-24 22:34:04.189  2318  3608 W MiuiInputKeyEventLog: keyCode:4 down:true eventTime:2605895 downTime:2605895 policyFlags:2b000000 flags:0 metaState:0 deviceId:-1 isScreenOn:true keyguardActive:false repeatCount:0
10-24 22:34:04.190  2318  2449 W ActivityManagerServiceImpl: Sending non-protected broadcast miui.intent.KEYCODE_BACK from system 2318:system/1000 pkg android. Callers=com.android.server.am.ActivityManagerService.checkBroadcastFromSystem:16255 com.android.server.am.ActivityManagerService.broadcastIntentLockedTraced:17126 com.android.server.am.ActivityManagerService.broadcastIntentLocked:16315 com.android.server.am.ActivityManagerService.broadcastIntentWithFeature:17337 android.app.ContextImpl.sendBroadcastAsUser:1495 
10-24 22:34:04.191  2318  3572 I MIUIInput: [KeyEvent] publisher action:0x0,  keyCode:4 , deviceId=-1, 2605895,channel 'f8a08ac com.android.settings/com.android.settings.SubSettings (server)' 
10-24 22:34:04.191 30811 30811 I MIUIInput: [KeyEvent] ViewRootImpl windowName 'com.android.settings/com.android.settings.SubSettings', KeyEvent { action=ACTION_DOWN, keyCode=KEYCODE_BACK, scanCode=0, metaState=0, flags=0x0, repeatCount=0, eventTime=2605895000000, downTime=2605895000000, deviceId=-1, source=0x0, displayId=-1 }, phoneEventTime=22:34:04.189
10-24 22:34:04.192  1656  1854 I SDM     : DisplayBase::CommitThread: Received idle timeout, panel: cmd, timeout: 70000 us
10-24 22:34:04.192  2318  3608 W MIUIInput: Input event injection from package: null action ACTION_UP keycode 4
10-24 22:34:04.192  2318  3608 W MiuiInputKeyEventLog: keyCode:4 down:false eventTime:2605898 downTime:2605895 policyFlags:2b000000 flags:0 metaState:0 deviceId:-1 isScreenOn:true keyguardActive:false repeatCount:0
10-24 22:34:04.193  2318  2449 W ActivityManagerServiceImpl: Sending non-protected broadcast miui.intent.KEYCODE_BACK from system 2318:system/1000 pkg android. Callers=com.android.server.am.ActivityManagerService.checkBroadcastFromSystem:16255 com.android.server.am.ActivityManagerService.broadcastIntentLockedTraced:17126 com.android.server.am.ActivityManagerService.broadcastIntentLocked:16315 com.android.server.am.ActivityManagerService.broadcastIntentWithFeature:17337 android.app.ContextImpl.sendBroadcastAsUser:1495 
10-24 22:34:04.194  2318  3572 I MIUIInput: [KeyEvent] publisher action:0x1,  keyCode:4 , deviceId=-1, 2605898,channel 'f8a08ac com.android.settings/com.android.settings.SubSettings (server)' 
10-24 22:34:04.194 30811 30811 I MIUIInput: [KeyEvent] ViewRootImpl windowName 'com.android.settings/com.android.settings.SubSettings', KeyEvent { action=ACTION_UP, keyCode=KEYCODE_BACK, scanCode=0, metaState=0, flags=0x0, repeatCount=0, eventTime=2605898000000, downTime=2605895000000, deviceId=-1, source=0x0, displayId=-1 }, phoneEventTime=22:34:04.192
10-24 22:34:04.195 30811 30811 W MIUIInput: Back key is intercepted by the app
10-24 22:34:04.197  2318  5405 E ActivityTaskManager: Unable to get servicetracker HAL instance
10-24 22:34:04.199  4692  4887 I SoScStageCoordinator: Transition requested:TransitionRequestInfo { type = CLOSE, triggerTask = null, pipTask = null, remoteTransition = null, displayChange = null, flags = 0, debugId = 70 } isSoScActive:false triggerTask:null
10-24 22:34:04.202  2318  4221 I DisplayModeDirectorImpl: setSmartDisplayUpRefreshRatePolicy [0.0,120.0]
10-24 22:34:04.203  1908  1908 I RefreshRateSelector: Display 4630947082089526659 policy changed
10-24 22:34:04.203  1908  1908 I RefreshRateSelector: Previous: {defaultModeId=0, allowGroupSwitching=false, primaryRanges={physical=[0.00 Hz, 120.00 Hz], render=[0.00 Hz, 120.00 Hz]}, appRequestRanges={physical=[0.00 Hz, 120.00 Hz], render=[0.00 Hz, 120.00 Hz]} idleScreenConfig=nullptr}
10-24 22:34:04.203  1908  1908 I RefreshRateSelector: Current:  DisplayManagerPolicy{defaultModeId=0, allowGroupSwitching=false, primaryRanges={physical=[0.00 Hz, inf Hz], render=[0.00 Hz, 120.00 Hz]}, appRequestRanges={physical=[0.00 Hz, inf Hz], render=[0.00 Hz, 120.00 Hz]} idleScreenConfig=nullptr}
10-24 22:34:04.203  1908  1908 I RefreshRateSelector: 4 mode changes were performed under the previous policy
10-24 22:34:04.203  2318  4221 I DisplayModeDirectorImpl: onDesiredDisplayModeSpecsChanged:baseModeId=0 allowGroupSwitching=false primary=physical: (0.0 Infinity) render:  (0.0 120.0) appRequest=physical: (0.0 Infinity) render:  (0.0 120.0) idleScreenRefreshRateConfig=null noVotes=true
10-24 22:34:04.204 30811  6275 I ContentCatcher: SettingTrigger : unregister status observer com.android.settings.SubSettings
10-24 22:34:04.205  2318  5405 E ActivityTaskManager: Unable to get servicetracker HAL instance
10-24 22:34:04.205  2318  5405 E ActivityTaskManager: Unable to get servicetracker HAL instance
10-24 22:34:04.205  2318  5405 E ActivityTaskManager: Unable to get servicetracker HAL instance
10-24 22:34:04.206  2318  5405 E WindowManager: setClientVisible ActivityRecord{543f5bc u0 com.android.settings/.MainSettings t11} true
10-24 22:34:04.206  1672  1746 E ANDR-PERF-OPTSHANDLER: ANDR-PERF-OPTSHANDLER: modify_sysfsnode() 1213: Perflock resource /sys/class/devfreq/soc:qcom,cpubw/max_freq not supported
10-24 22:34:04.207  1672  1746 E ANDR-PERF-RESOURCEQS: ANDR-PERF-RESOURCEQS: AddAndApply() 167: Failed to apply optimization [6, 6]
10-24 22:34:04.207  2318  5405 E ActivityTaskManager: Unable to get servicetracker HAL instance
10-24 22:34:04.207  1656  2516 I vendor.qti.hardware.display.composer-service: Sensor: notify citsensorservice to trigger cwb, misForced = 0
10-24 22:34:04.207  1672  1746 E ANDR-PERF-UTIL: ANDR-PERF-UTIL: save_node_val() 366: Failed to read /sys/class/mmc_host/mmc0/clk_scaling/enable
10-24 22:34:04.207  1672  1746 E ANDR-PERF-OPTSHANDLER: ANDR-PERF-OPTSHANDLER: modify_sysfsnode() 1266: Failed to read /sys/class/mmc_host/mmc0/clk_scaling/enable
10-24 22:34:04.207  1672  1746 E ANDR-PERF-RESOURCEQS: ANDR-PERF-RESOURCEQS: AddAndApply() 167: Failed to apply optimization [11, 4]
10-24 22:34:04.207  2318  5405 I MultiSenceManagerInternalStub: getInstance
10-24 22:34:04.208  3030  3788 I libsensor-parseRGB: request dump start for mRequestDisplayId 0
10-24 22:34:04.209  4692  4887 I MiuiBubbleController: removeBubble: 11 reason=2
10-24 22:34:04.209  4692  4887 I MultiTaskingTaskRepository: onTaskInfoChanged multi list = [], full = [11, 15]
10-24 22:34:04.211  2318  5405 I BLASTSyncEngine: SyncGroup 70:  Unfinished container:ActivityRecord{543f5bc u0 com.android.settings/.MainSettings t11}
10-24 22:34:04.211  2318  5405 I BLASTSyncEngine: isActivitySyncFinished isSyncFinished false ActivityRecord{543f5bc u0 com.android.settings/.MainSettings t11}
10-24 22:34:04.211  1908  1908 I BpBinder: onLastStrongRef automatically unlinking death recipients: 
10-24 22:34:04.215 30811 30811 W WindowOnBackDispatcher: OnBackInvokedCallback is not enabled for the application.
10-24 22:34:04.215 30811 30811 W WindowOnBackDispatcher: Set 'android:enableOnBackInvokedCallback="true"' in the application manifest.
10-24 22:34:04.215 30811 30811 W ContextImpl: Calling a method in the system process without a qualified user: android.app.ContextImpl.bindService:2028 android.content.ContextWrapper.bindService:879 miui.settings.commonlib.MemoryOptimizationUtil.bindMemoryOptimizationService:96 com.android.settings.MiuiSettings.onStart:543 android.app.Instrumentation.callActivityOnStart:1713 
10-24 22:34:04.216  1688  1688 I vendor.qti.hardware.servicetrackeraidl-service: bindService is called for service : com.android.htmlviewer/com.android.settings.services.MemoryOptimizationService and for client com.android.settings
