05-18 07:23:32.136   337   410 W RanchuHwc: presentDisplay display has no layers to compose, flushing client target buffer.
05-18 07:23:32.150   337   410 W RanchuHwc: validateDisplay: layer 119 CompositionType 1, fallback
05-18 07:23:32.152   337   410 W RanchuHwc: presentDisplay display has no layers to compose, flushing client target buffer.
05-18 07:23:32.166   337   410 W RanchuHwc: validateDisplay: layer 119 CompositionType 1, fallback
05-18 07:23:32.169   337   410 W RanchuHwc: presentDisplay display has no layers to compose, flushing client target buffer.
05-18 07:23:32.183   337   410 W RanchuHwc: validateDisplay: layer 119 CompositionType 1, fallback
05-18 07:23:32.186   337   410 W RanchuHwc: presentDisplay display has no layers to compose, flushing client target buffer.
05-18 07:23:32.200   337   410 W RanchuHwc: validateDisplay: layer 119 CompositionType 1, fallback
05-18 07:23:32.202   337   410 W RanchuHwc: presentDisplay display has no layers to compose, flushing client target buffer.
05-18 07:23:32.217   337   410 W RanchuHwc: validateDisplay: layer 119 CompositionType 1, fallback
05-18 07:23:32.220   337   410 W RanchuHwc: presentDisplay display has no layers to compose, flushing client target buffer.
05-18 07:23:32.233   337   410 W RanchuHwc: validateDisplay: layer 119 CompositionType 1, fallback
05-18 07:23:32.235   337   410 W RanchuHwc: presentDisplay display has no layers to compose, flushing client target buffer.
05-18 07:23:32.250   337   410 W RanchuHwc: validateDisplay: layer 119 CompositionType 1, fallback
05-18 07:23:32.251   337   410 W RanchuHwc: presentDisplay display has no layers to compose, flushing client target buffer.
05-18 07:23:32.266   337   410 W RanchuHwc: validateDisplay: layer 119 CompositionType 1, fallback
05-18 07:23:32.270   337   410 W RanchuHwc: presentDisplay display has no layers to compose, flushing client target buffer.
05-18 07:23:32.284   337   410 W RanchuHwc: validateDisplay: layer 119 CompositionType 1, fallback
05-18 07:23:32.286   337   410 W RanchuHwc: presentDisplay display has no layers to compose, flushing client target buffer.
05-18 07:23:32.325   538  1337 W ActivityManager: Unable to start service Intent { act=android.service.smartspace.SmartspaceService cmp=com.google.android.as/com.google.android.apps.miphone.aiai.app.AiAiSmartspaceService } U=0: not found
05-18 07:23:32.325   538  1337 W RemoteSmartspaceService: could not bind to Intent { act=android.service.smartspace.SmartspaceService cmp=com.google.android.as/com.google.android.apps.miphone.aiai.app.AiAiSmartspaceService } using flags 67112961
05-18 07:23:32.325   538   538 W ActivityManager: Unbind failed: could not find connection for android.app.LoadedApk$ServiceDispatcher$InnerConnection@f39d73b
05-18 07:23:32.357   991   991 I AiAiSuggestUi: Clearing suggestions.
05-18 07:23:32.358   991   991 I AiAiSuggestUi: Clearing suggestions.
05-18 07:23:32.377   538   571 W UsageStatsService: Unexpected activity event reported! (com.google.android.apps.nexuslauncher/com.google.android.apps.nexuslauncher.NexusLauncherActivity event : 23 instanceId : 66499974)
05-18 07:23:32.457   538   550 I system_server: NativeAlloc concurrent copying GC freed 384223(20MB) AllocSpace objects, 105(5388KB) LOS objects, 49% free, 23MB/47MB, paused 341us,79us total 128.496ms
05-18 07:23:32.483   538   552 W System  : A resource failed to call close. 
05-18 07:23:32.483   538   552 W System  : A resource failed to call release. 
05-18 07:23:33.170  1263  6017 W MediaProvider: isAppCloneUserPair for user 0: false
05-18 07:23:33.194   178   178 I hwservicemanager: getTransport: Cannot find entry android.hardware.graphics.mapper@4.0::IMapper/default in either framework or device VINTF manifest.
05-18 07:23:33.195 28816 28824 I Gralloc4: mapper 4.x is not supported
05-18 07:23:33.243  1126 25896 I NearbyMediums: No BLE Fast/GATT advertisements found in the latest cycle.
05-18 07:23:33.318  1263  2096 I MediaProvider: Begin Intent { act=android.intent.action.MEDIA_SCANNER_SCAN_FILE dat=file:///sdcard/screen_2025-05-18_152333.png flg=0x1400010 cmp=com.google.android.providers.media.module/com.android.providers.media.MediaService }
05-18 07:23:33.330  1263  2096 I MediaProvider: End Intent { act=android.intent.action.MEDIA_SCANNER_SCAN_FILE dat=file:///sdcard/screen_2025-05-18_152333.png flg=0x1400010 cmp=com.google.android.providers.media.module/com.android.providers.media.MediaService }
05-18 07:23:33.422  1263  1635 I MediaProvider: Deleted 0 1 0 0 0 0 0 items on external_primary due to com.android.shell
05-18 07:23:33.425  1126  4494 I UriTaskContentObserver: (REDACTED) Throttling content uri change event for %s
05-18 07:23:33.458  2452  2471 I PermissionControllerServiceImpl: Updating user sensitive for uid 10187
05-18 07:23:33.480   538   538 I Telecom : DefaultDialerCache: Refreshing default dialer for user 0: now com.android.dialer: DDC.oR@AOo
05-18 07:23:33.491   538   640 I InputReader: Reconfiguring input devices, changes=KEYBOARD_LAYOUTS | 
05-18 07:23:34.274  1263  6017 W MediaProvider: isAppCloneUserPair for user 0: false
05-18 07:23:34.294   178   178 I hwservicemanager: getTransport: Cannot find entry android.hardware.graphics.mapper@4.0::IMapper/default in either framework or device VINTF manifest.
05-18 07:23:34.295 28867 28869 I Gralloc4: mapper 4.x is not supported
05-18 07:23:34.421  1263  2096 I MediaProvider: Begin Intent { act=android.intent.action.MEDIA_SCANNER_SCAN_FILE dat=file:///sdcard/screen_2025-05-18_152334.png flg=0x1400010 cmp=com.google.android.providers.media.module/com.android.providers.media.MediaService }
05-18 07:23:34.426  1263  2096 I MediaProvider: End Intent { act=android.intent.action.MEDIA_SCANNER_SCAN_FILE dat=file:///sdcard/screen_2025-05-18_152334.png flg=0x1400010 cmp=com.google.android.providers.media.module/com.android.providers.media.MediaService }
05-18 07:23:34.493  1263  1635 I MediaProvider: Deleted 0 1 0 0 0 0 0 items on external_primary due to com.android.shell
05-18 07:23:34.494  1126  4494 I UriTaskContentObserver: (REDACTED) Throttling content uri change event for %s
05-18 07:23:35.012  1263  6017 W MediaProvider: isAppCloneUserPair for user 0: false
05-18 07:23:35.031   178   178 I hwservicemanager: getTransport: Cannot find entry android.hardware.graphics.mapper@4.0::IMapper/default in either framework or device VINTF manifest.
05-18 07:23:35.032 28906 28908 I Gralloc4: mapper 4.x is not supported
05-18 07:23:35.149  1263  2096 I MediaProvider: Begin Intent { act=android.intent.action.MEDIA_SCANNER_SCAN_FILE dat=file:///sdcard/screen_2025-05-18_152334.png flg=0x1400010 cmp=com.google.android.providers.media.module/com.android.providers.media.MediaService }
05-18 07:23:35.154  1263  2096 I MediaProvider: End Intent { act=android.intent.action.MEDIA_SCANNER_SCAN_FILE dat=file:///sdcard/screen_2025-05-18_152334.png flg=0x1400010 cmp=com.google.android.providers.media.module/com.android.providers.media.MediaService }
05-18 07:23:35.232  1263  1635 I MediaProvider: Deleted 0 1 0 0 0 0 0 items on external_primary due to com.android.shell
05-18 07:23:35.232  1126  4494 I UriTaskContentObserver: (REDACTED) Throttling content uri change event for %s
05-18 07:23:36.384  1815  1815 I Finsky  : [2] bahn.e(39): SCH: Received scheduling request: Id: 16-16161616, Constraints: [{ L: 60000, D: 60000, C: CHARGING_NONE, I: IDLE_NONE, N: NET_NONE, B: BATTERY_ANY }]
05-18 07:23:36.403  1815 26592 I Finsky  : [339] adjz.h(12): Triggered update for experiment package com.google.android.finsky.stable.
05-18 07:23:36.429  1815 26592 I Finsky  : [339] adjz.h(65): Already at the latest configurations for experiment package com.google.android.finsky.stable.
05-18 07:23:36.429  1815 26592 I Finsky  : [339] adjz.h(12): Triggered update for experiment package com.google.android.finsky.regular.
05-18 07:23:36.440  1815 26592 I Finsky  : [339] adjz.h(65): Already at the latest configurations for experiment package com.google.android.finsky.regular.
05-18 07:23:36.440  1815 26592 I Finsky  : [339] adjz.h(12): Triggered update for experiment package com.google.android.finsky.regular.
05-18 07:23:36.451  1815 26592 I Finsky  : [339] adjz.h(65): Already at the latest configurations for experiment package com.google.android.finsky.regular.
05-18 07:23:36.452  1815  2246 I Finsky  : [64] sii.accept(58): SCH: Scheduling phonesky job Id: 16-16161616, CT: 1747553016384, Constraints: [{ L: 60000, D: 60000, C: CHARGING_NONE, I: IDLE_NONE, N: NET_NONE, B: BATTERY_ANY }]
05-18 07:23:36.458  1815  2259 I Finsky  : [65] nic.apply(251): SCH: Scheduling 1 system job(s)
05-18 07:23:36.459  1815  2259 I Finsky  : [65] aige.b(244): SCH: Scheduling system job Id: 9259, L: 59925, D: 59925, C: false, I: false, N: 0
05-18 07:23:37.328  1815  2209 I Finsky  : [57] ndj.run(720): AIM: AppInfoManager-Perf > Destroying AppInfoManager ...
05-18 07:23:37.370  1263  6017 W MediaProvider: isAppCloneUserPair for user 0: false
05-18 07:23:37.403   178   178 I hwservicemanager: getTransport: Cannot find entry android.hardware.graphics.mapper@4.0::IMapper/default in either framework or device VINTF manifest.
05-18 07:23:37.403 29006 29008 I Gralloc4: mapper 4.x is not supported
05-18 07:23:37.530  1263  2096 I MediaProvider: Begin Intent { act=android.intent.action.MEDIA_SCANNER_SCAN_FILE dat=file:///sdcard/screen_2025-05-18_152337.png flg=0x1400010 cmp=com.google.android.providers.media.module/com.android.providers.media.MediaService }
05-18 07:23:37.534  1263  2096 I MediaProvider: End Intent { act=android.intent.action.MEDIA_SCANNER_SCAN_FILE dat=file:///sdcard/screen_2025-05-18_152337.png flg=0x1400010 cmp=com.google.android.providers.media.module/com.android.providers.media.MediaService }
05-18 07:23:37.600  1263  1635 I MediaProvider: Deleted 0 1 0 0 0 0 0 items on external_primary due to com.android.shell
05-18 07:23:37.601  1126  4494 I UriTaskContentObserver: (REDACTED) Throttling content uri change event for %s
