05-18 07:23:24.653 28447 28447 I AccessibilityNodeInfoDumper: Skipping invisible child: android.view.accessibility.AccessibilityNodeInfo@11271; boundsInParent: Rect(0, 0 - 63, 63); boundsInScreen: Rect(914, 2133 - 977, 2196); packageName: com.android.vending; className: ilx; text: null; error: null; maxTextLength: -1; stateDescription: null; contentDescription: null; tooltipText: null; viewIdResName: null; checkable: false; checked: false; focusable: false; focused: false; selected: false; clickable: false; longClickable: false; contextClickable: false; enabled: true; password: false; scrollable: false; importantForAccessibility: true; visible: false; actions: [AccessibilityAction: ACTION_SELECT - null, AccessibilityAction: ACTION_CLEAR_SELECTION - null, AccessibilityAction: ACTION_ACCESSIBILITY_FOCUS - null, AccessibilityAction: ACTION_SHOW_ON_SCREEN - null]
05-18 07:23:24.655 28447 28447 I AccessibilityNodeInfoDumper: Skipping invisible child: android.view.accessibility.AccessibilityNodeInfo@a594; boundsInParent: Rect(0, 0 - 1080, 0); boundsInScreen: Rect(0, 63 - 1080, 63); packageName: com.android.vending; className: android.widget.FrameLayout; text: null; error: null; maxTextLength: -1; stateDescription: null; contentDescription: null; tooltipText: null; viewIdResName: com.android.vending:id/0_resource_name_obfuscated; checkable: false; checked: false; focusable: false; focused: false; selected: false; clickable: false; longClickable: false; contextClickable: false; enabled: true; password: false; scrollable: false; importantForAccessibility: false; visible: false; actions: [AccessibilityAction: ACTION_SELECT - null, AccessibilityAction: ACTION_CLEAR_SELECTION - null, AccessibilityAction: ACTION_ACCESSIBILITY_FOCUS - null, AccessibilityAction: ACTION_SHOW_ON_SCREEN - null]
05-18 07:23:24.655 28447 28447 W AccessibilityNodeInfoDumper: Fetch time: 37ms
05-18 07:23:24.673  1263  1315 I MediaProvider: Open with lower FS for /storage/emulated/0/screen_2025-04-22_154548.png. Uid: 10126
05-18 07:23:24.684 28356 28415 I XmpUtil : XMP parse: only JPEG file is supported
05-18 07:23:24.694  1263  6461 I MediaProvider: Open with lower FS for /storage/emulated/0/screen_2025-04-22_154543.png. Uid: 10126
05-18 07:23:24.712 28356 28415 I XmpUtil : XMP parse: only JPEG file is supported
05-18 07:23:24.722  1263  6461 I MediaProvider: Open with lower FS for /storage/emulated/0/screen_2025-04-22_154542.png. Uid: 10126
05-18 07:23:24.733 28356 28415 I XmpUtil : XMP parse: only JPEG file is supported
05-18 07:23:24.740  1263  6461 I MediaProvider: Open with lower FS for /storage/emulated/0/screen_2025-04-22_154537.png. Uid: 10126
05-18 07:23:24.753 28356 28415 I XmpUtil : XMP parse: only JPEG file is supported
05-18 07:23:24.760  1263  1315 I MediaProvider: Open with lower FS for /storage/emulated/0/screen_2025-04-22_154531.png. Uid: 10126
05-18 07:23:24.768 28356 28415 I XmpUtil : XMP parse: only JPEG file is supported
05-18 07:23:24.777  1263  1315 I MediaProvider: Open with lower FS for /storage/emulated/0/screen_2025-04-22_154526.png. Uid: 10126
05-18 07:23:24.795 28356 28415 I XmpUtil : XMP parse: only JPEG file is supported
05-18 07:23:24.799  1263  1315 I MediaProvider: Open with lower FS for /storage/emulated/0/screen_2025-04-22_154525.png. Uid: 10126
05-18 07:23:24.810 28356 28415 I XmpUtil : XMP parse: only JPEG file is supported
05-18 07:23:24.816  1263  1315 I MediaProvider: Open with lower FS for /storage/emulated/0/screen_2025-04-22_154520.png. Uid: 10126
05-18 07:23:24.829 28356 28415 I XmpUtil : XMP parse: only JPEG file is supported
05-18 07:23:24.838  1263  1315 I MediaProvider: Open with lower FS for /storage/emulated/0/screen_2025-04-22_154519.png. Uid: 10126
05-18 07:23:24.848 28356 28415 I XmpUtil : XMP parse: only JPEG file is supported
05-18 07:23:24.856  1263  1315 I MediaProvider: Open with lower FS for /storage/emulated/0/screen_2025-04-22_154514.png. Uid: 10126
05-18 07:23:24.865 28356 28415 I XmpUtil : XMP parse: only JPEG file is supported
05-18 07:23:24.874  1263  1315 I MediaProvider: Open with lower FS for /storage/emulated/0/screen_2025-04-22_154513.png. Uid: 10126
05-18 07:23:24.886 28356 28415 I XmpUtil : XMP parse: only JPEG file is supported
05-18 07:23:24.896  1263  1315 I MediaProvider: Open with lower FS for /storage/emulated/0/screen_2025-04-22_150349.png. Uid: 10126
05-18 07:23:24.920 28356 28415 I XmpUtil : XMP parse: only JPEG file is supported
05-18 07:23:24.930  1263  1315 I MediaProvider: Open with lower FS for /storage/emulated/0/screen_2025-04-22_150349.png. Uid: 10126
05-18 07:23:24.943 28356 28415 I XmpUtil : XMP parse: only JPEG file is supported
05-18 07:23:24.950  1263  1315 I MediaProvider: Open with lower FS for /storage/emulated/0/screen_2025-04-22_154513.png. Uid: 10126
05-18 07:23:24.957 28356 28415 I XmpUtil : XMP parse: only JPEG file is supported
05-18 07:23:24.964  1263  1315 I MediaProvider: Open with lower FS for /storage/emulated/0/screen_2025-04-22_154514.png. Uid: 10126
05-18 07:23:24.976 28356 28415 I XmpUtil : XMP parse: only JPEG file is supported
05-18 07:23:24.984  1263  1315 I MediaProvider: Open with lower FS for /storage/emulated/0/screen_2025-04-22_154519.png. Uid: 10126
05-18 07:23:24.997 28356 28415 I XmpUtil : XMP parse: only JPEG file is supported
05-18 07:23:25.004  1263  1315 I MediaProvider: Open with lower FS for /storage/emulated/0/screen_2025-04-22_154520.png. Uid: 10126
05-18 07:23:25.017 28356 28415 I XmpUtil : XMP parse: only JPEG file is supported
05-18 07:23:25.025  1263  1315 I MediaProvider: Open with lower FS for /storage/emulated/0/screen_2025-04-22_154525.png. Uid: 10126
05-18 07:23:25.037 28356 28415 I XmpUtil : XMP parse: only JPEG file is supported
05-18 07:23:25.044  1263  1315 I MediaProvider: Open with lower FS for /storage/emulated/0/screen_2025-04-22_154526.png. Uid: 10126
05-18 07:23:25.057 28356 28415 I XmpUtil : XMP parse: only JPEG file is supported
05-18 07:23:25.068  1263  1315 I MediaProvider: Open with lower FS for /storage/emulated/0/screen_2025-04-22_154531.png. Uid: 10126
05-18 07:23:25.079 28356 28415 I XmpUtil : XMP parse: only JPEG file is supported
05-18 07:23:25.088  1263  1315 I MediaProvider: Open with lower FS for /storage/emulated/0/screen_2025-04-22_154537.png. Uid: 10126
05-18 07:23:25.099 28356 28415 I XmpUtil : XMP parse: only JPEG file is supported
05-18 07:23:25.107  1263  1315 I MediaProvider: Open with lower FS for /storage/emulated/0/screen_2025-04-22_154542.png. Uid: 10126
05-18 07:23:25.123 28356 28415 I XmpUtil : XMP parse: only JPEG file is supported
05-18 07:23:25.131  1263  1315 I MediaProvider: Open with lower FS for /storage/emulated/0/screen_2025-04-22_154543.png. Uid: 10126
05-18 07:23:25.147 28356 28415 I XmpUtil : XMP parse: only JPEG file is supported
05-18 07:23:25.155  1263  1315 I MediaProvider: Open with lower FS for /storage/emulated/0/screen_2025-04-22_154548.png. Uid: 10126
05-18 07:23:25.167 28356 28415 I XmpUtil : XMP parse: only JPEG file is supported
05-18 07:23:25.176  1263  1315 I MediaProvider: Open with lower FS for /storage/emulated/0/screen_2025-04-22_154549.png. Uid: 10126
05-18 07:23:25.190 28356 28415 I XmpUtil : XMP parse: only JPEG file is supported
05-18 07:23:25.196  1263  1315 I MediaProvider: Open with lower FS for /storage/emulated/0/screen_2025-04-22_154554.png. Uid: 10126
05-18 07:23:25.211 28356 28415 I XmpUtil : XMP parse: only JPEG file is supported
05-18 07:23:25.219  1263  1315 I MediaProvider: Open with lower FS for /storage/emulated/0/screen_2025-04-22_154600.png. Uid: 10126
05-18 07:23:25.232 28356 28415 I XmpUtil : XMP parse: only JPEG file is supported
05-18 07:23:25.239  1263  1315 I MediaProvider: Open with lower FS for /storage/emulated/0/screen_2025-04-22_154606.png. Uid: 10126
05-18 07:23:25.252 28356 28415 I XmpUtil : XMP parse: only JPEG file is supported
05-18 07:23:25.259  1263  1315 I MediaProvider: Open with lower FS for /storage/emulated/0/screen_2025-04-22_154611.png. Uid: 10126
05-18 07:23:25.272 28356 28415 I XmpUtil : XMP parse: only JPEG file is supported
05-18 07:23:25.279  1263  1315 I MediaProvider: Open with lower FS for /storage/emulated/0/screen_2025-04-22_154612.png. Uid: 10126
05-18 07:23:25.293 28356 28415 I XmpUtil : XMP parse: only JPEG file is supported
05-18 07:23:25.303  1263  1315 I MediaProvider: Open with lower FS for /storage/emulated/0/screen_2025-04-22_154617.png. Uid: 10126
05-18 07:23:25.315 28356 28415 I XmpUtil : XMP parse: only JPEG file is supported
05-18 07:23:25.323  1263  1315 I MediaProvider: Open with lower FS for /storage/emulated/0/screen_2025-04-22_154623.png. Uid: 10126
05-18 07:23:25.331   538  1974 W UriGrantsManagerService: No permission grants found for com.google.android.apps.photos
05-18 07:23:25.331   538  1974 W UriGrantsManagerService: No permission grants found for com.google.android.apps.photos
05-18 07:23:25.332  1126 28255 W CCTFlatFileLogStore: Excessive logging: 64 events, 120511 bytes from log source STREAMZ_PHOTOS_ANDROID last 421s
05-18 07:23:25.361 28356 28415 I XmpUtil : XMP parse: only JPEG file is supported
05-18 07:23:25.369  1263  1315 I MediaProvider: Open with lower FS for /storage/emulated/0/screen_2025-05-08_163228.png. Uid: 10126
05-18 07:23:25.381 28356 28415 I XmpUtil : XMP parse: only JPEG file is supported
05-18 07:23:25.389  1263  1315 I MediaProvider: Open with lower FS for /storage/emulated/0/screen_2025-05-08_163227.png. Uid: 10126
05-18 07:23:25.400 28356 28415 I XmpUtil : XMP parse: only JPEG file is supported
05-18 07:23:25.408  1263  1315 I MediaProvider: Open with lower FS for /storage/emulated/0/screen_2025-05-08_163222.png. Uid: 10126
05-18 07:23:25.419 28356 28415 I XmpUtil : XMP parse: only JPEG file is supported
05-18 07:23:25.428  1263  1315 I MediaProvider: Open with lower FS for /storage/emulated/0/screen_2025-05-08_163216.png. Uid: 10126
05-18 07:23:25.437 28356 28415 I XmpUtil : XMP parse: only JPEG file is supported
05-18 07:23:25.446  1263  1315 I MediaProvider: Open with lower FS for /storage/emulated/0/screen_2025-04-22_154646.png. Uid: 10126
05-18 07:23:25.460 28356 28415 I XmpUtil : XMP parse: only JPEG file is supported
05-18 07:23:25.468  1263  1315 I MediaProvider: Open with lower FS for /storage/emulated/0/screen_2025-04-22_154640.png. Uid: 10126
05-18 07:23:25.481 28356 28415 I XmpUtil : XMP parse: only JPEG file is supported
05-18 07:23:25.487  1263  1315 I MediaProvider: Open with lower FS for /storage/emulated/0/screen_2025-04-22_154635.png. Uid: 10126
05-18 07:23:25.501 28356 28415 I XmpUtil : XMP parse: only JPEG file is supported
05-18 07:23:25.509  1263  1315 I MediaProvider: Open with lower FS for /storage/emulated/0/screen_2025-04-22_154634.png. Uid: 10126
05-18 07:23:25.523 28356 28415 I XmpUtil : XMP parse: only JPEG file is supported
05-18 07:23:25.531  1263  1315 I MediaProvider: Open with lower FS for /storage/emulated/0/screen_2025-04-22_154629.png. Uid: 10126
05-18 07:23:25.546 28356 28415 I XmpUtil : XMP parse: only JPEG file is supported
05-18 07:23:25.555  1263  1315 I MediaProvider: Open with lower FS for /storage/emulated/0/screen_2025-04-22_154623.png. Uid: 10126
05-18 07:23:25.575 28356 28415 I XmpUtil : XMP parse: only JPEG file is supported
05-18 07:23:25.583  1263  1315 I MediaProvider: Open with lower FS for /storage/emulated/0/screen_2025-04-22_154617.png. Uid: 10126
05-18 07:23:25.599 28356 28415 I XmpUtil : XMP parse: only JPEG file is supported
05-18 07:23:25.606  1263  1315 I MediaProvider: Open with lower FS for /storage/emulated/0/screen_2025-04-22_154612.png. Uid: 10126
05-18 07:23:25.622 28356 28415 I XmpUtil : XMP parse: only JPEG file is supported
05-18 07:23:25.633  1263  1315 I MediaProvider: Open with lower FS for /storage/emulated/0/screen_2025-04-22_154611.png. Uid: 10126
05-18 07:23:25.647 28356 28415 I XmpUtil : XMP parse: only JPEG file is supported
05-18 07:23:25.656  1263  1315 I MediaProvider: Open with lower FS for /storage/emulated/0/screen_2025-04-22_154606.png. Uid: 10126
05-18 07:23:25.669 28356 28415 I XmpUtil : XMP parse: only JPEG file is supported
05-18 07:23:25.677  1263  1315 I MediaProvider: Open with lower FS for /storage/emulated/0/screen_2025-04-22_154600.png. Uid: 10126
05-18 07:23:25.689 28356 28415 I XmpUtil : XMP parse: only JPEG file is supported
05-18 07:23:25.697  1263  6461 I MediaProvider: Open with lower FS for /storage/emulated/0/screen_2025-04-22_154554.png. Uid: 10126
05-18 07:23:25.710 28356 28415 I XmpUtil : XMP parse: only JPEG file is supported
05-18 07:23:25.719  1263  6461 I MediaProvider: Open with lower FS for /storage/emulated/0/screen_2025-04-22_154549.png. Uid: 10126
05-18 07:23:25.731 28356 28415 I XmpUtil : XMP parse: only JPEG file is supported
05-18 07:23:25.739  1263  6461 I MediaProvider: Open with lower FS for /storage/emulated/0/screen_2025-04-22_154548.png. Uid: 10126
05-18 07:23:25.756 28356 28415 I XmpUtil : XMP parse: only JPEG file is supported
05-18 07:23:25.763  1263  1315 I MediaProvider: Open with lower FS for /storage/emulated/0/screen_2025-04-22_154543.png. Uid: 10126
05-18 07:23:25.774 28356 28415 I XmpUtil : XMP parse: only JPEG file is supported
05-18 07:23:25.781  1263  6461 I MediaProvider: Open with lower FS for /storage/emulated/0/screen_2025-04-22_154542.png. Uid: 10126
05-18 07:23:25.784  1263  1474 W MediaProvider: isAppCloneUserPair for user 0: false
05-18 07:23:25.792 28356 28415 I XmpUtil : XMP parse: only JPEG file is supported
05-18 07:23:25.795  1263  1315 I MediaProvider: Open with lower FS for /storage/emulated/0/screen_2025-04-22_154537.png. Uid: 10126
05-18 07:23:25.802 28356 28415 I XmpUtil : XMP parse: only JPEG file is supported
05-18 07:23:25.806   178   178 I hwservicemanager: getTransport: Cannot find entry android.hardware.graphics.mapper@4.0::IMapper/default in either framework or device VINTF manifest.
05-18 07:23:25.807 28535 28539 I Gralloc4: mapper 4.x is not supported
05-18 07:23:25.811  1263  6461 I MediaProvider: Open with lower FS for /storage/emulated/0/screen_2025-04-22_154531.png. Uid: 10126
05-18 07:23:25.829 28356 28415 I XmpUtil : XMP parse: only JPEG file is supported
05-18 07:23:25.836  1263  6461 I MediaProvider: Open with lower FS for /storage/emulated/0/screen_2025-04-22_154526.png. Uid: 10126
05-18 07:23:25.851 28356 28415 I XmpUtil : XMP parse: only JPEG file is supported
05-18 07:23:25.859  1263  6461 I MediaProvider: Open with lower FS for /storage/emulated/0/screen_2025-04-22_154525.png. Uid: 10126
05-18 07:23:25.871 28356 28415 I XmpUtil : XMP parse: only JPEG file is supported
05-18 07:23:25.880  1263  6461 I MediaProvider: Open with lower FS for /storage/emulated/0/screen_2025-04-22_154520.png. Uid: 10126
05-18 07:23:25.891 28356 28415 I XmpUtil : XMP parse: only JPEG file is supported
05-18 07:23:25.896  1263  6461 I MediaProvider: Open with lower FS for /storage/emulated/0/screen_2025-04-22_154519.png. Uid: 10126
05-18 07:23:25.904 28356 28415 I XmpUtil : XMP parse: only JPEG file is supported
05-18 07:23:25.910  1263  6461 I MediaProvider: Open with lower FS for /storage/emulated/0/screen_2025-04-22_154514.png. Uid: 10126
05-18 07:23:25.920 28356 28415 I XmpUtil : XMP parse: only JPEG file is supported
05-18 07:23:25.928  1263  6461 I MediaProvider: Open with lower FS for /storage/emulated/0/screen_2025-04-22_154513.png. Uid: 10126
05-18 07:23:25.939 28356 28415 I XmpUtil : XMP parse: only JPEG file is supported
05-18 07:23:25.946  1263  6461 I MediaProvider: Open with lower FS for /storage/emulated/0/screen_2025-04-22_150349.png. Uid: 10126
05-18 07:23:25.976 28356 28415 I XmpUtil : XMP parse: only JPEG file is supported
05-18 07:23:25.982  1263  2096 I MediaProvider: Begin Intent { act=android.intent.action.MEDIA_SCANNER_SCAN_FILE dat=file:///sdcard/screen_2025-05-18_152325.png flg=0x1400010 cmp=com.google.android.providers.media.module/com.android.providers.media.MediaService }
05-18 07:23:25.985  1263  1301 I MediaProvider: Open with lower FS for /storage/emulated/0/screen_2025-04-22_150349.png. Uid: 10126
05-18 07:23:25.990  1263  2096 I MediaProvider: End Intent { act=android.intent.action.MEDIA_SCANNER_SCAN_FILE dat=file:///sdcard/screen_2025-05-18_152325.png flg=0x1400010 cmp=com.google.android.providers.media.module/com.android.providers.media.MediaService }
05-18 07:23:25.997 28356 28415 I XmpUtil : XMP parse: only JPEG file is supported
05-18 07:23:26.007  1263  1301 I MediaProvider: Open with lower FS for /storage/emulated/0/screen_2025-04-22_154513.png. Uid: 10126
05-18 07:23:26.022 28356 28415 I XmpUtil : XMP parse: only JPEG file is supported
05-18 07:23:26.030  1263  1301 I MediaProvider: Open with lower FS for /storage/emulated/0/screen_2025-04-22_154514.png. Uid: 10126
05-18 07:23:26.043 28356 28415 I XmpUtil : XMP parse: only JPEG file is supported
05-18 07:23:26.051  1263  1301 I MediaProvider: Open with lower FS for /storage/emulated/0/screen_2025-04-22_154519.png. Uid: 10126
05-18 07:23:26.058  1263  1472 I MediaProvider: Deleted 0 1 0 0 0 0 0 items on external_primary due to com.android.shell
05-18 07:23:26.061  1126  4494 I UriTaskContentObserver: (REDACTED) Throttling content uri change event for %s
05-18 07:23:26.065 28356 28415 I XmpUtil : XMP parse: only JPEG file is supported
05-18 07:23:26.073  1263  1301 I MediaProvider: Open with lower FS for /storage/emulated/0/screen_2025-04-22_154520.png. Uid: 10126
05-18 07:23:26.086 28356 28415 I XmpUtil : XMP parse: only JPEG file is supported
05-18 07:23:26.094  1263  1301 I MediaProvider: Open with lower FS for /storage/emulated/0/screen_2025-04-22_154525.png. Uid: 10126
05-18 07:23:26.103 28356 28415 I XmpUtil : XMP parse: only JPEG file is supported
05-18 07:23:26.109  1263  1301 I MediaProvider: Open with lower FS for /storage/emulated/0/screen_2025-04-22_154526.png. Uid: 10126
05-18 07:23:26.121 28356 28415 I XmpUtil : XMP parse: only JPEG file is supported
05-18 07:23:26.129  1263  1301 I MediaProvider: Open with lower FS for /storage/emulated/0/screen_2025-04-22_154531.png. Uid: 10126
05-18 07:23:26.142 28356 28415 I XmpUtil : XMP parse: only JPEG file is supported
05-18 07:23:26.150  1263  1301 I MediaProvider: Open with lower FS for /storage/emulated/0/screen_2025-04-22_154537.png. Uid: 10126
05-18 07:23:26.163 28356 28415 I XmpUtil : XMP parse: only JPEG file is supported
05-18 07:23:26.171  1263  1301 I MediaProvider: Open with lower FS for /storage/emulated/0/screen_2025-04-22_154542.png. Uid: 10126
05-18 07:23:26.185 28356 28415 I XmpUtil : XMP parse: only JPEG file is supported
05-18 07:23:26.193  1263  1301 I MediaProvider: Open with lower FS for /storage/emulated/0/screen_2025-04-22_154543.png. Uid: 10126
05-18 07:23:26.207 28356 28415 I XmpUtil : XMP parse: only JPEG file is supported
05-18 07:23:26.216  1263  1301 I MediaProvider: Open with lower FS for /storage/emulated/0/screen_2025-04-22_154548.png. Uid: 10126
05-18 07:23:26.231 28356 28415 I XmpUtil : XMP parse: only JPEG file is supported
05-18 07:23:26.241  1263  1301 I MediaProvider: Open with lower FS for /storage/emulated/0/screen_2025-04-22_154549.png. Uid: 10126
05-18 07:23:26.257 28356 28415 I XmpUtil : XMP parse: only JPEG file is supported
05-18 07:23:26.266  1263  1301 I MediaProvider: Open with lower FS for /storage/emulated/0/screen_2025-04-22_154554.png. Uid: 10126
05-18 07:23:26.279 28356 28415 I XmpUtil : XMP parse: only JPEG file is supported
05-18 07:23:26.287  1263  1301 I MediaProvider: Open with lower FS for /storage/emulated/0/screen_2025-04-22_154600.png. Uid: 10126
05-18 07:23:26.302 28356 28415 I XmpUtil : XMP parse: only JPEG file is supported
05-18 07:23:26.309  1263  1301 I MediaProvider: Open with lower FS for /storage/emulated/0/screen_2025-04-22_154606.png. Uid: 10126
05-18 07:23:26.322 28356 28415 I XmpUtil : XMP parse: only JPEG file is supported
05-18 07:23:26.329  1263  1301 I MediaProvider: Open with lower FS for /storage/emulated/0/screen_2025-04-22_154611.png. Uid: 10126
05-18 07:23:26.342 28356 28415 I XmpUtil : XMP parse: only JPEG file is supported
05-18 07:23:26.349  1263  1301 I MediaProvider: Open with lower FS for /storage/emulated/0/screen_2025-04-22_154612.png. Uid: 10126
05-18 07:23:26.352   538   621 I ActivityTaskManager: START u0 {act=android.intent.action.MAIN cat=[android.intent.category.LAUNCHER] flg=0x10000000 cmp=com.affirm.central/.RootActivity} from uid 2000
05-18 07:23:26.364  1815  2197 W Finsky  : [54] ajeq.a(123): Sequence has events with different pageTypes: [5, 2]
05-18 07:23:26.376 28356 28415 I XmpUtil : XMP parse: only JPEG file is supported
05-18 07:23:26.376  1815  1815 E AbstractLogEventBuilder: The provided ProductIdOrigin 3 is not one of the process-level expected values: 1 or 2
05-18 07:23:26.390  1263  1301 I MediaProvider: Open with lower FS for /storage/emulated/0/screen_2025-04-22_154617.png. Uid: 10126
05-18 07:23:26.407 28356 28415 I XmpUtil : XMP parse: only JPEG file is supported
05-18 07:23:26.415  1263  1301 I MediaProvider: Open with lower FS for /storage/emulated/0/screen_2025-04-22_154623.png. Uid: 10126
05-18 07:23:26.423   356   356 I android.hardware.vibrator-service.example: Vibrator perform
05-18 07:23:26.424   356 28574 I android.hardware.vibrator-service.example: Starting perform on another thread
05-18 07:23:26.445 28356 28415 I XmpUtil : XMP parse: only JPEG file is supported
05-18 07:23:26.471  1263  1301 I MediaProvider: Open with lower FS for /storage/emulated/0/screen_2025-04-22_154629.png. Uid: 10126
05-18 07:23:26.519 28356 28415 I XmpUtil : XMP parse: only JPEG file is supported
05-18 07:23:26.525   356 28574 I android.hardware.vibrator-service.example: Notifying perform complete
05-18 07:23:26.529  1263  1301 I MediaProvider: Open with lower FS for /storage/emulated/0/screen_2025-04-22_154634.png. Uid: 10126
05-18 07:23:26.532   356   356 I android.hardware.vibrator-service.example: Vibrator off
05-18 07:23:26.561 28356 28415 I XmpUtil : XMP parse: only JPEG file is supported
05-18 07:23:26.567  1263  1301 I MediaProvider: Open with lower FS for /storage/emulated/0/screen_2025-04-22_154635.png. Uid: 10126
05-18 07:23:26.625   538   621 W ActivityManager: Unable to start service Intent { act=android.service.smartspace.SmartspaceService cmp=com.google.android.as/com.google.android.apps.miphone.aiai.app.AiAiSmartspaceService } U=0: not found
05-18 07:23:26.625   538   621 W RemoteSmartspaceService: could not bind to Intent { act=android.service.smartspace.SmartspaceService cmp=com.google.android.as/com.google.android.apps.miphone.aiai.app.AiAiSmartspaceService } using flags 67112961
05-18 07:23:26.625   538   538 W ActivityManager: Unbind failed: could not find connection for android.app.LoadedApk$ServiceDispatcher$InnerConnection@e09bd17
05-18 07:23:26.642   991   991 I LatencyTracker: ACTION_TOGGLE_RECENTS latency=162
05-18 07:23:26.691  1521  1521 I cnbo    : (REDACTED) onApplyWindowInsets: systemWindowInsets=%s
05-18 07:23:26.691  1521  1521 I cnbo    : (REDACTED) onApplyWindowInsets: systemWindowInsets=%s
05-18 07:23:26.740 28356 28415 I XmpUtil : XMP parse: only JPEG file is supported
05-18 07:23:26.752  1263  1315 I MediaProvider: Open with lower FS for /storage/emulated/0/screen_2025-04-22_154640.png. Uid: 10126
05-18 07:23:26.765 28356 28415 I XmpUtil : XMP parse: only JPEG file is supported
05-18 07:23:26.771  1263  1315 I MediaProvider: Open with lower FS for /storage/emulated/0/screen_2025-04-22_154646.png. Uid: 10126
05-18 07:23:26.816 28356 28415 I XmpUtil : XMP parse: only JPEG file is supported
05-18 07:23:26.828  1263  1315 I MediaProvider: Open with lower FS for /storage/emulated/0/screen_2025-05-08_163216.png. Uid: 10126
05-18 07:23:26.849 28356 28415 I XmpUtil : XMP parse: only JPEG file is supported
05-18 07:23:26.855  1263  1315 I MediaProvider: Open with lower FS for /storage/emulated/0/screen_2025-05-08_163222.png. Uid: 10126
05-18 07:23:26.866 28356 28415 I XmpUtil : XMP parse: only JPEG file is supported
05-18 07:23:26.870  1263  1301 I MediaProvider: Open with lower FS for /storage/emulated/0/screen_2025-05-08_163227.png. Uid: 10126
05-18 07:23:26.894 28356 28415 I XmpUtil : XMP parse: only JPEG file is supported
05-18 07:23:26.975  1263  1296 I FuseDaemon: Background young concurrent copying GC freed 32539(2392KB) AllocSpace objects, 0(0B) LOS objects, 46% free, 2829KB/5258KB, paused 5.670ms,83us total 81.049ms
05-18 07:23:27.047  1263  6461 I MediaProvider: Open with lower FS for /storage/emulated/0/screen_2025-05-08_163228.png. Uid: 10126
05-18 07:23:27.334   732   732 I Choreographer: Skipped 47 frames!  The application may be doing too much work on its main thread.
05-18 07:23:27.378 26995 26995 I Choreographer: Skipped 52 frames!  The application may be doing too much work on its main thread.
05-18 07:23:27.390   732   754 I OpenGLRenderer: Davey! duration=814ms; Flags=2, FrameTimelineVsyncId=29557, IntendedVsync=4369539013374, Vsync=4369539013374, InputEventId=0, HandleInputStart=4369539013374, AnimationStart=4369539013374, PerformTraversalsStart=4369539013374, DrawStart=4369539013374, FrameDeadline=4369555680040, FrameInterval=0, FrameStartTime=16666666, SyncQueued=4369542289300, SyncStart=4369542297500, IssueDrawCommandsStart=4369542327800, SwapBuffers=4369543504200, FrameCompleted=4370353215900, DequeueBufferDuration=792301800, QueueBufferDuration=6229400, GpuCompleted=4370296426500, SwapBuffersCompleted=4370353215900, DisplayPresentTime=318907364, 
05-18 07:23:27.440 26995 27511 I OpenGLRenderer: Davey! duration=30315ms; Flags=1, FrameTimelineVsyncId=28728, IntendedVsync=4340105681218, Vsync=4340972347850, InputEventId=0, HandleInputStart=4340984324100, AnimationStart=4340984339600, PerformTraversalsStart=4340984788400, DrawStart=4341358050200, FrameDeadline=4340139014550, FrameInterval=4340984283000, FrameStartTime=16666666, SyncQueued=4341358356100, SyncStart=4341360234700, IssueDrawCommandsStart=4341385768400, SwapBuffers=4341452592800, FrameCompleted=4370423222000, DequeueBufferDuration=16200, QueueBufferDuration=2532800, GpuCompleted=4370423222000, SwapBuffersCompleted=4341456343400, DisplayPresentTime=0, 
05-18 07:23:27.452  1126  4661 W ProviderHelper: Unknown dynamite feature providerinstaller.dynamite
05-18 07:23:27.469   337   410 W RanchuHwc: validateDisplay: layer 119 CompositionType 1, fallback
05-18 07:23:27.486   991   991 I Choreographer: Skipped 51 frames!  The application may be doing too much work on its main thread.
05-18 07:23:27.504  1126 23811 I CastDatabase: Saving the database
05-18 07:23:27.513  1126 23811 I SQLiteCastStore: [CastNetworkInfo] saved: 0, skipped: 0, [CastDeviceInfo]: saved 0, skipped 0, [Paired Guest Mode DeviceInfo] saved: 0, skipped: 0. [ProbedNetworks]: saved 0, skipped: 0, [ProbedSocketAddress]: saved 0, skipped: 0, [Network-Device pairs]: saved: 0
05-18 07:23:27.518   337   410 W RanchuHwc: presentDisplay display has no layers to compose, flushing client target buffer.
05-18 07:23:27.521   337   410 W RanchuHwc: validateDisplay: layer 119 CompositionType 1, fallback
05-18 07:23:27.522  1521  1545 I OpenGLRenderer: Davey! duration=3885963ms; Flags=1, FrameTimelineVsyncId=12308, IntendedVsync=484505835442, Vsync=484505835442, InputEventId=0, HandleInputStart=484507233900, AnimationStart=484507285100, PerformTraversalsStart=484507357100, DrawStart=484546375400, FrameDeadline=484539168774, FrameInterval=484507197400, FrameStartTime=16666666, SyncQueued=484564063100, SyncStart=484581607500, IssueDrawCommandsStart=484581734900, SwapBuffers=484586731600, FrameCompleted=4370486557000, DequeueBufferDuration=21300, QueueBufferDuration=3273500, GpuCompleted=4370486557000, SwapBuffersCompleted=484600413200, DisplayPresentTime=0, 
05-18 07:23:27.522   991  1012 I OpenGLRenderer: Davey! duration=840ms; Flags=1, FrameTimelineVsyncId=29574, IntendedVsync=4369639013370, Vsync=4369639013370, InputEventId=0, HandleInputStart=4369643534100, AnimationStart=4369643665100, PerformTraversalsStart=4369644263400, DrawStart=4370382242800, FrameDeadline=4369655680036, FrameInterval=4369643521800, FrameStartTime=16666666, SyncQueued=4370383418300, SyncStart=4370409095700, IssueDrawCommandsStart=4370409974700, SwapBuffers=4370410667300, FrameCompleted=4370504746800, DequeueBufferDuration=45300, QueueBufferDuration=18007800, GpuCompleted=4370491777800, SwapBuffersCompleted=4370504746800, DisplayPresentTime=0, 
05-18 07:23:27.535   337   410 W RanchuHwc: presentDisplay display has no layers to compose, flushing client target buffer.
05-18 07:23:27.536   991  1012 I OpenGLRenderer: Davey! duration=879ms; Flags=0, FrameTimelineVsyncId=29576, IntendedVsync=4369655680036, Vsync=4370505680002, InputEventId=0, HandleInputStart=4370509863800, AnimationStart=4370509886900, PerformTraversalsStart=4370510874900, DrawStart=4370511230100, FrameDeadline=4369689013368, FrameInterval=4370509551900, FrameStartTime=16666666, SyncQueued=4370511451900, SyncStart=4370520440900, IssueDrawCommandsStart=4370531322600, SwapBuffers=4370537951200, FrameCompleted=4370544215800, DequeueBufferDuration=64000, QueueBufferDuration=700200, GpuCompleted=4370544215800, SwapBuffersCompleted=4370541310700, DisplayPresentTime=0, 
05-18 07:23:27.542  1521  1521 I Choreographer: Skipped 53 frames!  The application may be doing too much work on its main thread.
05-18 07:23:27.546   538   555 W InputManager-JNI: Input channel object '223ef5e SnapshotStartingWindow for taskId=25 (client)' was disposed without first being removed with the input manager!
05-18 07:23:27.550   337   410 W RanchuHwc: validateDisplay: layer 119 CompositionType 1, fallback
05-18 07:23:27.552   337   410 W RanchuHwc: presentDisplay display has no layers to compose, flushing client target buffer.
05-18 07:23:27.553   732   754 I OpenGLRenderer: Davey! duration=825ms; Flags=0, FrameTimelineVsyncId=29566, IntendedVsync=4369572346706, Vsync=4370355680008, InputEventId=0, HandleInputStart=4370357698000, AnimationStart=4370357783500, PerformTraversalsStart=4370363832800, DrawStart=4370363885300, FrameDeadline=4369605680038, FrameInterval=4370357555800, FrameStartTime=16666666, SyncQueued=4370364006900, SyncStart=4370513241700, IssueDrawCommandsStart=4370513888000, SwapBuffers=4370523323100, FrameCompleted=4370546837100, DequeueBufferDuration=18694600, QueueBufferDuration=595800, GpuCompleted=4370544199700, SwapBuffersCompleted=4370546837100, DisplayPresentTime=0, 
05-18 07:23:27.554   991   991 I AiAiSuggestUi: Clearing suggestions.
05-18 07:23:27.554   991   991 I AiAiSuggestUi: Requesting to show indicators
05-18 07:23:27.555   991   991 I AiAiSuggestUi: Fetching contents, isPrimaryTask = true
05-18 07:23:27.566   337   410 W RanchuHwc: validateDisplay: layer 119 CompositionType 1, fallback
05-18 07:23:27.569   337   410 W RanchuHwc: presentDisplay display has no layers to compose, flushing client target buffer.
05-18 07:23:27.574   538   538 W ActivityManager: Unable to start service Intent { act=android.service.contentsuggestions.ContentSuggestionsService cmp=com.google.android.as/com.google.android.apps.miphone.aiai.app.AiAiContentSuggestionsService } U=0: not found
05-18 07:23:27.574   538   538 W RemoteContentSuggestionsService: could not bind to Intent { act=android.service.contentsuggestions.ContentSuggestionsService cmp=com.google.android.as/com.google.android.apps.miphone.aiai.app.AiAiContentSuggestionsService } using flags 67112961
05-18 07:23:27.574   538   538 W ContentSuggestionsPerUserService: remote content suggestions service died
05-18 07:23:27.574   538   538 W ActivityManager: Unbind failed: could not find connection for android.app.LoadedApk$ServiceDispatcher$InnerConnection@2af11da
05-18 07:23:27.583   337   410 W RanchuHwc: validateDisplay: layer 119 CompositionType 1, fallback
05-18 07:23:27.584   337   410 W RanchuHwc: presentDisplay display has no layers to compose, flushing client target buffer.
05-18 07:23:27.587   538   538 W ActivityManager: Unable to start service Intent { act=android.service.contentsuggestions.ContentSuggestionsService cmp=com.google.android.as/com.google.android.apps.miphone.aiai.app.AiAiContentSuggestionsService } U=0: not found
05-18 07:23:27.591   538   538 W RemoteContentSuggestionsService: could not bind to Intent { act=android.service.contentsuggestions.ContentSuggestionsService cmp=com.google.android.as/com.google.android.apps.miphone.aiai.app.AiAiContentSuggestionsService } using flags 67112961
05-18 07:23:27.591   538   538 W ContentSuggestionsPerUserService: remote content suggestions service died
05-18 07:23:27.593  1815  1815 E Finsky  : [2] aisb.a(385): ComposeVisualElement Error: veType=2, CVE is already removed from parent
05-18 07:23:27.594   538   538 W ActivityManager: Unbind failed: could not find connection for android.app.LoadedApk$ServiceDispatcher$InnerConnection@56e0232
05-18 07:23:27.594   538   899 W ServiceManager: Permission failure: android.permission.HIGH_SAMPLING_RATE_SENSORS from uid=10131 pid=991
05-18 07:23:27.597   538   555 W ServiceManager: Permission failure: android.permission.HIGH_SAMPLING_RATE_SENSORS from uid=10131 pid=991
05-18 07:23:27.601   337   410 W RanchuHwc: validateDisplay: layer 119 CompositionType 1, fallback
05-18 07:23:27.604   337   410 W RanchuHwc: presentDisplay display has no layers to compose, flushing client target buffer.
05-18 07:23:27.609   538   899 W InputManager-JNI: Input channel object 'ef55de4 com.android.vending/com.google.android.finsky.activities.MainActivity (client)' was disposed without first being removed with the input manager!
05-18 07:23:27.611  1126  4661 W ProviderHelper: Unknown dynamite feature providerinstaller.dynamite
05-18 07:23:27.617   337   410 W RanchuHwc: validateDisplay: layer 119 CompositionType 1, fallback
05-18 07:23:27.621   337   410 W RanchuHwc: presentDisplay display has no layers to compose, flushing client target buffer.
05-18 07:23:27.633   337   410 W RanchuHwc: validateDisplay: layer 119 CompositionType 1, fallback
05-18 07:23:27.636   337   410 W RanchuHwc: presentDisplay display has no layers to compose, flushing client target buffer.
05-18 07:23:27.650   538   562 W ActivityTaskManager: Can't find TaskDisplayArea to determine support for multi window. Task id=26 attached=false
05-18 07:23:27.650   337   410 W RanchuHwc: validateDisplay: layer 119 CompositionType 1, fallback
05-18 07:23:27.650   538   562 W ActivityTaskManager: Can't find TaskDisplayArea to determine support for multi window. Task id=26 attached=false
05-18 07:23:27.651   337   410 W RanchuHwc: presentDisplay display has no layers to compose, flushing client target buffer.
05-18 07:23:27.668   337   410 W RanchuHwc: validateDisplay: layer 119 CompositionType 1, fallback
05-18 07:23:27.670   337   410 W RanchuHwc: presentDisplay display has no layers to compose, flushing client target buffer.
05-18 07:23:27.684   337   410 W RanchuHwc: validateDisplay: layer 119 CompositionType 1, fallback
05-18 07:23:27.686   337   410 W RanchuHwc: presentDisplay display has no layers to compose, flushing client target buffer.
05-18 07:23:27.699   337   410 W RanchuHwc: validateDisplay: layer 119 CompositionType 1, fallback
05-18 07:23:27.702   337   410 W RanchuHwc: presentDisplay display has no layers to compose, flushing client target buffer.
05-18 07:23:27.717   337   410 W RanchuHwc: validateDisplay: layer 119 CompositionType 1, fallback
05-18 07:23:27.719   337   410 W RanchuHwc: presentDisplay display has no layers to compose, flushing client target buffer.
05-18 07:23:27.734   337   410 W RanchuHwc: validateDisplay: layer 119 CompositionType 1, fallback
05-18 07:23:27.737   337   410 W RanchuHwc: presentDisplay display has no layers to compose, flushing client target buffer.
05-18 07:23:27.749   337   410 W RanchuHwc: validateDisplay: layer 119 CompositionType 1, fallback
05-18 07:23:27.751   337   410 W RanchuHwc: presentDisplay display has no layers to compose, flushing client target buffer.
05-18 07:23:27.766   337   410 W RanchuHwc: validateDisplay: layer 119 CompositionType 1, fallback
05-18 07:23:27.768   337   410 W RanchuHwc: presentDisplay display has no layers to compose, flushing client target buffer.
05-18 07:23:27.783   337   410 W RanchuHwc: validateDisplay: layer 119 CompositionType 1, fallback
05-18 07:23:27.785   337   410 W RanchuHwc: presentDisplay display has no layers to compose, flushing client target buffer.
05-18 07:23:27.800   337   410 W RanchuHwc: validateDisplay: layer 119 CompositionType 1, fallback
05-18 07:23:27.802   337   410 W RanchuHwc: presentDisplay display has no layers to compose, flushing client target buffer.
05-18 07:23:27.805  1263  1635 W MediaProvider: isAppCloneUserPair for user 0: false
05-18 07:23:27.831   178   178 I hwservicemanager: getTransport: Cannot find entry android.hardware.graphics.mapper@4.0::IMapper/default in either framework or device VINTF manifest.
05-18 07:23:27.831 28608 28615 I Gralloc4: mapper 4.x is not supported
05-18 07:23:27.836  1126 23811 I NetworkScheduler.Stats: (REDACTED) Task %s/%s started execution. cause:%s exec_start_elapsed_seconds: %s
05-18 07:23:27.841  1126 28255 I NetworkScheduler.Stats: (REDACTED) Task %s/%s finished executing. cause:%s result: %s elapsed_millis: %s uptime_millis: %s exec_start_elapsed_seconds: %s
05-18 07:23:27.894 26995 27183 W ConnectivityManager.CallbackHandler: callback not found for CALLBACK_AVAILABLE message
05-18 07:23:27.906   538   571 I LatencyTracker: ACTION_START_RECENTS_ANIMATION latency=1028
05-18 07:23:27.995  1263  2096 I MediaProvider: Begin Intent { act=android.intent.action.MEDIA_SCANNER_SCAN_FILE dat=file:///sdcard/screen_2025-05-18_152327.png flg=0x1400010 cmp=com.google.android.providers.media.module/com.android.providers.media.MediaService }
05-18 07:23:27.999  1263  2096 I MediaProvider: End Intent { act=android.intent.action.MEDIA_SCANNER_SCAN_FILE dat=file:///sdcard/screen_2025-05-18_152327.png flg=0x1400010 cmp=com.google.android.providers.media.module/com.android.providers.media.MediaService }
05-18 07:23:28.063  1263  6017 I MediaProvider: Deleted 0 1 0 0 0 0 0 items on external_primary due to com.android.shell
05-18 07:23:28.064  1126  4494 I UriTaskContentObserver: (REDACTED) Throttling content uri change event for %s
05-18 07:23:28.117   337   410 W RanchuHwc: validateDisplay: layer 119 CompositionType 1, fallback
05-18 07:23:28.119   337   410 W RanchuHwc: presentDisplay display has no layers to compose, flushing client target buffer.
05-18 07:23:28.134   337   410 W RanchuHwc: validateDisplay: layer 119 CompositionType 1, fallback
05-18 07:23:28.137   337   410 W RanchuHwc: presentDisplay display has no layers to compose, flushing client target buffer.
05-18 07:23:28.150   337   410 W RanchuHwc: validateDisplay: layer 119 CompositionType 1, fallback
05-18 07:23:28.152   337   410 W RanchuHwc: presentDisplay display has no layers to compose, flushing client target buffer.
05-18 07:23:28.166   337   410 W RanchuHwc: validateDisplay: layer 119 CompositionType 1, fallback
05-18 07:23:28.168   337   410 W RanchuHwc: presentDisplay display has no layers to compose, flushing client target buffer.
05-18 07:23:28.183   337   410 W RanchuHwc: validateDisplay: layer 119 CompositionType 1, fallback
05-18 07:23:28.185   337   410 W RanchuHwc: presentDisplay display has no layers to compose, flushing client target buffer.
05-18 07:23:28.200   337   410 W RanchuHwc: validateDisplay: layer 119 CompositionType 1, fallback
05-18 07:23:28.203   337   410 W RanchuHwc: presentDisplay display has no layers to compose, flushing client target buffer.
05-18 07:23:28.216   337   410 W RanchuHwc: validateDisplay: layer 119 CompositionType 1, fallback
05-18 07:23:28.218   337   410 W RanchuHwc: presentDisplay display has no layers to compose, flushing client target buffer.
05-18 07:23:28.250   337   410 W RanchuHwc: validateDisplay: layer 119 CompositionType 1, fallback
05-18 07:23:28.253   337   410 W RanchuHwc: presentDisplay display has no layers to compose, flushing client target buffer.
05-18 07:23:28.267   337   410 W RanchuHwc: validateDisplay: layer 119 CompositionType 1, fallback
05-18 07:23:28.270   337   410 W RanchuHwc: presentDisplay display has no layers to compose, flushing client target buffer.
05-18 07:23:28.284   337   410 W RanchuHwc: validateDisplay: layer 119 CompositionType 1, fallback
05-18 07:23:28.285   337   410 W RanchuHwc: presentDisplay display has no layers to compose, flushing client target buffer.
05-18 07:23:28.300   337   410 W RanchuHwc: validateDisplay: layer 119 CompositionType 1, fallback
05-18 07:23:28.303   337   410 W RanchuHwc: presentDisplay display has no layers to compose, flushing client target buffer.
05-18 07:23:28.316   337   410 W RanchuHwc: validateDisplay: layer 119 CompositionType 1, fallback
05-18 07:23:28.319   337   410 W RanchuHwc: presentDisplay display has no layers to compose, flushing client target buffer.
05-18 07:23:28.334   337   410 W RanchuHwc: validateDisplay: layer 119 CompositionType 1, fallback
05-18 07:23:28.336   337   410 W RanchuHwc: presentDisplay display has no layers to compose, flushing client target buffer.
05-18 07:23:28.351   337   410 W RanchuHwc: validateDisplay: layer 119 CompositionType 1, fallback
05-18 07:23:28.352   337   410 W RanchuHwc: presentDisplay display has no layers to compose, flushing client target buffer.
05-18 07:23:28.366   337   410 W RanchuHwc: validateDisplay: layer 119 CompositionType 1, fallback
05-18 07:23:28.370   337   410 W RanchuHwc: presentDisplay display has no layers to compose, flushing client target buffer.
05-18 07:23:28.383   337   410 W RanchuHwc: validateDisplay: layer 119 CompositionType 1, fallback
05-18 07:23:28.386   337   410 W RanchuHwc: presentDisplay display has no layers to compose, flushing client target buffer.
05-18 07:23:28.626  1263  1635 W MediaProvider: isAppCloneUserPair for user 0: false
05-18 07:23:28.660   178   178 I hwservicemanager: getTransport: Cannot find entry android.hardware.graphics.mapper@4.0::IMapper/default in either framework or device VINTF manifest.
05-18 07:23:28.661 28673 28676 I Gralloc4: mapper 4.x is not supported
05-18 07:23:28.789  1263  2096 I MediaProvider: Begin Intent { act=android.intent.action.MEDIA_SCANNER_SCAN_FILE dat=file:///sdcard/screen_2025-05-18_152328.png flg=0x1400010 cmp=com.google.android.providers.media.module/com.android.providers.media.MediaService }
05-18 07:23:28.794  1263  2096 I MediaProvider: End Intent { act=android.intent.action.MEDIA_SCANNER_SCAN_FILE dat=file:///sdcard/screen_2025-05-18_152328.png flg=0x1400010 cmp=com.google.android.providers.media.module/com.android.providers.media.MediaService }
05-18 07:23:28.878  1263  6017 I MediaProvider: Deleted 0 1 0 0 0 0 0 items on external_primary due to com.android.shell
05-18 07:23:28.879  1126  4494 I UriTaskContentObserver: (REDACTED) Throttling content uri change event for %s
05-18 07:23:28.907   538   640 I InputReader: Reconfiguring input devices, changes=KEYBOARD_LAYOUTS | 
05-18 07:23:28.914  2452  2470 I PermissionControllerServiceImpl: Updating user sensitive for uid 10187
05-18 07:23:28.927   538   538 I Telecom : DefaultDialerCache: Refreshing default dialer for user 0: now com.android.dialer: DDC.oR@AOk
05-18 07:23:28.999   337   410 W RanchuHwc: validateDisplay: layer 119 CompositionType 1, fallback
05-18 07:23:29.002   337   410 W RanchuHwc: presentDisplay display has no layers to compose, flushing client target buffer.
05-18 07:23:29.165 28708 28708 I AndroidRuntime: Using default boot image
05-18 07:23:29.166 28708 28708 I AndroidRuntime: Leaving lock profiling enabled
05-18 07:23:29.166 28708 28708 W libc    : Access denied finding property "odsign.verification.success"
05-18 07:23:29.168 28708 28708 W app_process: ART APEX data files are untrusted.
05-18 07:23:29.161 28708 28708 W app_process: type=1400 audit(0.0:441): avc: denied { read } for name="u:object_r:odsign_prop:s0" dev="tmpfs" ino=203 scontext=u:r:shell:s0 tcontext=u:object_r:odsign_prop:s0 tclass=file permissive=0
05-18 07:23:29.238 28708 28708 W app_process: Unexpected CPU variant for X86 using defaults: x86_64
05-18 07:23:29.242 28708 28708 W app_process: ClassLoaderContext classpath size mismatch. expected=0, found=1 (PCL[] | PCL[/system/framework/android.test.runner.jar*1585996318])
05-18 07:23:29.267   337   410 W RanchuHwc: validateDisplay: layer 119 CompositionType 1, fallback
05-18 07:23:29.269   337   410 W RanchuHwc: presentDisplay display has no layers to compose, flushing client target buffer.
05-18 07:23:29.283   337   410 W RanchuHwc: validateDisplay: layer 119 CompositionType 1, fallback
05-18 07:23:29.283   337   410 W RanchuHwc: presentDisplay display has no layers to compose, flushing client target buffer.
05-18 07:23:30.283   337   410 W RanchuHwc: validateDisplay: layer 119 CompositionType 1, fallback
05-18 07:23:30.283   337   410 W RanchuHwc: presentDisplay display has no layers to compose, flushing client target buffer.
05-18 07:23:30.300   337   410 W RanchuHwc: validateDisplay: layer 119 CompositionType 1, fallback
05-18 07:23:30.300   337   410 W RanchuHwc: presentDisplay display has no layers to compose, flushing client target buffer.
05-18 07:23:31.419  1263  6017 W MediaProvider: isAppCloneUserPair for user 0: false
05-18 07:23:31.442   178   178 I hwservicemanager: getTransport: Cannot find entry android.hardware.graphics.mapper@4.0::IMapper/default in either framework or device VINTF manifest.
05-18 07:23:31.444 28755 28757 I Gralloc4: mapper 4.x is not supported
05-18 07:23:31.610  1263  2096 I MediaProvider: Begin Intent { act=android.intent.action.MEDIA_SCANNER_SCAN_FILE dat=file:///sdcard/screen_2025-05-18_152331.png flg=0x1400010 cmp=com.google.android.providers.media.module/com.android.providers.media.MediaService }
05-18 07:23:31.619  1263  2096 I MediaProvider: End Intent { act=android.intent.action.MEDIA_SCANNER_SCAN_FILE dat=file:///sdcard/screen_2025-05-18_152331.png flg=0x1400010 cmp=com.google.android.providers.media.module/com.android.providers.media.MediaService }
05-18 07:23:31.686  1263  1635 I MediaProvider: Deleted 0 1 0 0 0 0 0 items on external_primary due to com.android.shell
05-18 07:23:31.687  1126  4494 I UriTaskContentObserver: (REDACTED) Throttling content uri change event for %s
05-18 07:23:31.897   538   559 E RemoteAugmentedAutofillService: Bad service name for flags 1048704: com.google.android.as/com.google.android.apps.miphone.aiai.app.AiAiAugmentedAutofillService
05-18 07:23:31.917   337   410 W RanchuHwc: validateDisplay: layer 119 CompositionType 1, fallback
05-18 07:23:31.918   337   410 W RanchuHwc: presentDisplay display has no layers to compose, flushing client target buffer.
05-18 07:23:31.933   337   410 W RanchuHwc: validateDisplay: layer 119 CompositionType 1, fallback
05-18 07:23:31.933   337   410 W RanchuHwc: presentDisplay display has no layers to compose, flushing client target buffer.
05-18 07:23:31.950   337   410 W RanchuHwc: validateDisplay: layer 119 CompositionType 1, fallback
05-18 07:23:31.953   337   410 W RanchuHwc: presentDisplay display has no layers to compose, flushing client target buffer.
05-18 07:23:31.967   337   410 W RanchuHwc: validateDisplay: layer 119 CompositionType 1, fallback
05-18 07:23:31.968   337   410 W RanchuHwc: presentDisplay display has no layers to compose, flushing client target buffer.
05-18 07:23:31.983   337   410 W RanchuHwc: validateDisplay: layer 119 CompositionType 1, fallback
05-18 07:23:31.986   337   410 W RanchuHwc: presentDisplay display has no layers to compose, flushing client target buffer.
05-18 07:23:32.001   337   410 W RanchuHwc: validateDisplay: layer 119 CompositionType 1, fallback
05-18 07:23:32.004   337   410 W RanchuHwc: presentDisplay display has no layers to compose, flushing client target buffer.
05-18 07:23:32.017   337   410 W RanchuHwc: validateDisplay: layer 119 CompositionType 1, fallback
05-18 07:23:32.018   337   410 W RanchuHwc: presentDisplay display has no layers to compose, flushing client target buffer.
05-18 07:23:32.033   337   410 W RanchuHwc: validateDisplay: layer 119 CompositionType 1, fallback
05-18 07:23:32.035   337   410 W RanchuHwc: presentDisplay display has no layers to compose, flushing client target buffer.
05-18 07:23:32.050   337   410 W RanchuHwc: validateDisplay: layer 119 CompositionType 1, fallback
05-18 07:23:32.052   337   410 W RanchuHwc: presentDisplay display has no layers to compose, flushing client target buffer.
05-18 07:23:32.067   337   410 W RanchuHwc: validateDisplay: layer 119 CompositionType 1, fallback
05-18 07:23:32.068   337   410 W RanchuHwc: presentDisplay display has no layers to compose, flushing client target buffer.
05-18 07:23:32.084   337   410 W RanchuHwc: validateDisplay: layer 119 CompositionType 1, fallback
05-18 07:23:32.087   337   410 W RanchuHwc: presentDisplay display has no layers to compose, flushing client target buffer.
05-18 07:23:32.100   337   410 W RanchuHwc: validateDisplay: layer 119 CompositionType 1, fallback
05-18 07:23:32.103   337   410 W RanchuHwc: presentDisplay display has no layers to compose, flushing client target buffer.
05-18 07:23:32.117   337   410 W RanchuHwc: validateDisplay: layer 119 CompositionType 1, fallback
05-18 07:23:32.121   337   410 W RanchuHwc: presentDisplay display has no layers to compose, flushing client target buffer.
05-18 07:23:32.133   337   410 W RanchuHwc: validateDisplay: layer 119 CompositionType 1, fallback
