07-29 17:42:17.668  2463  2530 I SmartPower: com.miui.voiceassist:core/10193(7664): idle->background(45368ms) R(broadcast start Intent { act=com.miui.fullscreen_state_change flg=0x10 (has extras) }) adj=100.
07-29 17:42:17.668  2463  5530 I WindowManager: Window{68f629c u0 LauncherOverlayWindow:com.android.quicksearchbox} playingTransition keep home visible
07-29 17:42:17.668  2463  5530 I WindowManager: Window{68f629c u0 LauncherOverlayWindow:com.android.quicksearchbox} playingTransition keep home visible
07-29 17:42:17.668  2463  5530 I WindowManager: Window{8f79506 u0 LauncherOverlayWindow:com.miui.personalassistant} playingTransition keep home visible
07-29 17:42:17.668  2463  5530 I WindowManager: Window{8f79506 u0 LauncherOverlayWindow:com.miui.personalassistant} playingTransition keep home visible
07-29 17:42:17.668  2463  5530 I WindowManager: Window{fd7851 u0 com.miui.home/com.miui.home.launcher.Launcher} playingTransition keep home visible
07-29 17:42:17.668  2463  5530 I WindowManager: Window{fd7851 u0 com.miui.home/com.miui.home.launcher.Launcher} playingTransition keep home visible
07-29 17:42:17.669  2463  2517 I WindowManager: wms.showSurfaceRobustly mWin:Window{e8438b9 u0 com.miui.miwallpaper.wallpaperservice.ImageWallpaper}
07-29 17:42:17.669  2463  2517 I WindowManager: Window{68f629c u0 LauncherOverlayWindow:com.android.quicksearchbox} playingTransition keep home visible
07-29 17:42:17.669  9744  9807 I GST     : forePkg: com.miui.home, preForePkg: com.android.settings
07-29 17:42:17.669  2463  4369 I NetworkBoostStatusManager: onForegroundInfoChanged uid:10138, isColdStart:false
07-29 17:42:17.669  2463  4369 I SLM-SRV-SLAToast: foreground uid:10138, isColdStart:false, isLinkTurboEnable:false
07-29 17:42:17.670  8510 17199 I AICall_MemoryTrim: binder:8510_4 onAppBackground()
07-29 17:42:17.670  8013 10670 I ProcessMonitor: onForegroundInfoChanged: ForegroundInfo{mForegroundPackageName='com.miui.home', mForegroundUid=10138, mForegroundPid=4497, mLastForegroundPackageName='com.android.settings', mLastForegroundUid=1000, mLastForegroundPid=31193, mMultiWindowForegroundPackageName='com.miui.home', mMultiWindowForegroundUid=10138, mFlags=0}
07-29 17:42:17.670  2463  4369 I AudioGameEffect: foreground change to com.miui.home, last foreground is com.android.settings
07-29 17:42:17.670 18694 18694 W libc    : Access denied finding property "vendor.gpp.create_frc_extension"
07-29 17:42:17.671  8013  8496 W MIUISafety-Monitor: screen share ensure fg = com.miui.home protect = false
07-29 17:42:17.671  4979  4979 I FocusedNotifPromptContr: onTopActivityMayChanged: isSupportPip false, isFocus false
07-29 17:42:17.671  4979  4979 I FocusedNotifPromptContr: onTopActivityMayChanged: topActivity=com.miui.home
07-29 17:42:17.671  4979  4979 I PromptViewAnimState: topActivityMayChanged: topActivity=com.android.settings --> com.miui.home
07-29 17:42:17.671  2463  5054 I SmartPower: com.miui.personalassistant/10135(7989): idle->visible(20124ms) R(become visible) adj=100.
07-29 17:42:17.671  7664  7664 I VA_AliveCore:MixMonitor: onReceive: action=com.miui.fullscreen_state_change
07-29 17:42:17.671  7664  7664 I VA_AliveCore:MixMonitor: onReceive: action=com.miui.fullscreen_state_change;stateName=taskSnapshot
07-29 17:42:17.671  2463  5054 I WindowManager: Window{68f629c u0 LauncherOverlayWindow:com.android.quicksearchbox} playingTransition keep home visible
07-29 17:42:17.671  8013 10670 I GameBoosterService: onForegroundInfoChanged: Cur=com.miui.home	 last=com.android.settings
07-29 17:42:17.672  2463  5054 I WindowManager: Window{68f629c u0 LauncherOverlayWindow:com.android.quicksearchbox} playingTransition keep home visible
07-29 17:42:17.672  2463  5054 I WindowManager: Window{8f79506 u0 LauncherOverlayWindow:com.miui.personalassistant} playingTransition keep home visible
07-29 17:42:17.672  2463  5054 I WindowManager: Window{8f79506 u0 LauncherOverlayWindow:com.miui.personalassistant} playingTransition keep home visible
07-29 17:42:17.672  2463  5054 I WindowManager: Window{fd7851 u0 com.miui.home/com.miui.home.launcher.Launcher} playingTransition keep home visible
07-29 17:42:17.672  2463  5054 I WindowManager: Window{fd7851 u0 com.miui.home/com.miui.home.launcher.Launcher} playingTransition keep home visible
07-29 17:42:17.672  8013 10670 I VideoBoxUtils: isSupportVideoBox: true
07-29 17:42:17.672  8013 10670 I VideoToolBoxService: vtb is closed!!!
07-29 17:42:17.673  8013 10670 I AppPredictService: difTIme = 3298
07-29 17:42:17.673  8013  9646 E SuggestManager: openApp name = com.miui.home
07-29 17:42:17.673  2463  2503 I WindowManager: Window{68f629c u0 LauncherOverlayWindow:com.android.quicksearchbox} playingTransition keep home visible
07-29 17:42:17.673  2463  2503 I WindowManager: Window{68f629c u0 LauncherOverlayWindow:com.android.quicksearchbox} playingTransition keep home visible
07-29 17:42:17.673  2463  2503 I WindowManager: Window{8f79506 u0 LauncherOverlayWindow:com.miui.personalassistant} playingTransition keep home visible
07-29 17:42:17.673  2463  2503 I WindowManager: Window{8f79506 u0 LauncherOverlayWindow:com.miui.personalassistant} playingTransition keep home visible
07-29 17:42:17.673  2463  2503 I WindowManager: Window{fd7851 u0 com.miui.home/com.miui.home.launcher.Launcher} playingTransition keep home visible
07-29 17:42:17.673  2463  2503 I WindowManager: Window{fd7851 u0 com.miui.home/com.miui.home.launcher.Launcher} playingTransition keep home visible
07-29 17:42:17.674  4497  4497 W libc    : Access denied finding property "vendor.gpp.create_frc_extension"
07-29 17:42:17.674  4497  4497 W libc    : Access denied finding property "vendor.gpp.create_frc_extension"
07-29 17:42:17.675  7989  7989 W libc    : Access denied finding property "vendor.gpp.create_frc_extension"
07-29 17:42:17.676  3002  3081 E libsensor-parseRGB: CWB NotifyCWBBufferDone  error 0
07-29 17:42:17.676  8013  9646 I NewAutoTaskManager: app use - delay = 9223372036854775807, doRemove = false, doPost = false
07-29 17:42:17.677  2105  2105 E PassBlur: PassBlur.construct com.miui.home/com.miui.home.launcher.Launcher#1860
07-29 17:42:17.677  2105  2105 W libc    : Access denied finding property "vendor.gpp.create_frc_extension"
07-29 17:42:17.677  2463  4205 I MiuiNetworkPolicy: updateUidState uid = 10138, uidState = 2
07-29 17:42:17.677  2463  5534 W ActivityTaskManager: getTaskResizeableForFreeform: package=com.android.settings task.isResizeable: true freeformBlackList: [com.miui.mishare.connectivity, com.android.settings, com.android.printspooler, com.miui.backup, com.miui.huanji, com.android.thememanager, com.mfashiongallery.emag, com.miui.virtualsim, com.miui.smarttravel, com.mi.health, com.android.camera, com.lbe.security.miui, com.miui.cleanmaster, com.miui.newhome, com.android.phone, com.miui.yellowpage, com.android.updater, com.miui.tsmclient, com.miui.securitycore, com.xiaomi.account, com.xiaomi.hm.health, com.xiaomi.mibrain.speech, com.xiaomi.mimoji, com.xiaomi.scanner, com.duokan.phone.remotecontroller, com.miui.hybrid, com.miui.videoplayer, com.miui.packageinstaller, com.mi.android.globallauncher, com.mi.android.globallauncher-poco, com.google.android.dialer, com.miui.compass, com.miui.greenguard, com.kiteguard, com.google.ar.lens, com.xiangkan.android, com.android.bankabc, com.sohu.inputmethod.sogou, com.shyz.toutiao, com.netease.mc.mi, com.outfit7.talkingtomgoldrun.mi, com.doudz.mi, com.wepie.snake.new.mi, cn.jj, com.standddz002.mi, com.miHoYo.bh3.mi, com.qqgame.hlddz, com.happyelements.AndroidAnimal, com.minitech.miniworld.TMobile.mi, com.mfp.jelly.xiaomi, com.lilithgames.afk.mi, com.tencent.peng, com.teenpatti.hd.gold, blockpuzzle.jewelgames.jewelslegend, com.playgendary.tanks, com.chillingo.robberybobfree.android.row, com.episodeinteractive.android.catalog, com.playrix.township, com.ansangha.drdriving, com.google.android.youtube, com.gbits.atm.mi, com.tencent.tetris, com.sukhavati.gotoplaying.bubble.BubbleShooter.mint, com.block.puzzle.game.hippo.mi, com.youzu.bs.mi, com.appsomniacs.da2, com.android.stk, com.feiyu.carrot3.mi, com.popcap.pvz2cthdxm, com.mxtech.videoplayer.ad, cn.cisc, com.kiloo.subwaysurf, com.cncyj.mostbrain, pdf.tap.scanner, com.og.ttddz.mi, com.ximalaya.ting.lite, com.google.android.apps.googleassistant, com.netease.mrzh.mi, com.netease.mrzh.bili, com.netease.pes.huawei, com.netease.pes.mi, com.netease.pes.bili, com.flyfish.supermario, com.picsart.studio, com.netease.dwrg.mi, com.netease.dwrg.bili, com.netease.dwrg.nearme.gamecenter, com.netease.dwrg, com.netease.dwrg.huawei, com.tencent.tmgp.dwrg, com.netease.dwrg.m4399, com.netease.dwrg.mz, com.netease.dwrg.aligames, com.netease.dwrg.baidu, com.netease.dwrg.qihoo, com.moji.mjweather, com.tencent.tmgp.kof98, com.taobao.idlefish, com.ledou.mhhy.mi, com.hzfy.ddzbs.mi, com.qsmy.walkmonkey, com.fy.bzzbc.mi, com.dw.xprqj.mi, com.miui.accessibility, com.ymt.nbaftx.mi, com.amazon.kindlefc, com.sinyee.babybus.recommendapp, com.mcdonalds.gma.cn, com.midea.ai.appliances, com.eco.global.app, com.inspur.icity.tianjin, com.zy.game.thief.mi, com.alimama.moon, com.xinhu.steward, com.rytong.ceair, com.nxy.mobilebank.gx, com.xplaygame.mfbwz.mi, cn.gov.lottery, com.zy.game.bubbletea.mi, com.zy.game.psdc.mi, com.microsoft.office.powerpoint, com.duoduo.child.story, com.lemon.lv, com.xiaomi.aiasst.vision, com.road7.ddtdmxandroid.mi, com.mi.car.mobile, com.android.intentresolver]
07-29 17:42:17.677  2463  2514 I Location.SSRU: foregroundActivities IS trueUID ID 10138, home is true
07-29 17:42:17.677  2463  2517 I WindowManager: Window{fd7851 u0 com.miui.home/com.miui.home.launcher.Launcher} playingTransition keep home visible
07-29 17:42:17.677  2463  2517 I WindowManager: Window{8f79506 u0 LauncherOverlayWindow:com.miui.personalassistant} playingTransition keep home visible
07-29 17:42:17.678  2463  2517 I WindowManager: Window{68f629c u0 LauncherOverlayWindow:com.android.quicksearchbox} playingTransition keep home visible
07-29 17:42:17.678  3118 14974 I VA_ActivityStateHelper: activityResumed componentName ComponentInfo{com.miui.home/com.miui.home.launcher.Launcher}
07-29 17:42:17.678  3118 14974 I VA_ActivityStateHelper: activityResumed mAiSkillPush is false
07-29 17:42:17.678  2463  2517 I WindowManager: Window{fd7851 u0 com.miui.home/com.miui.home.launcher.Launcher} playingTransition keep home visible
07-29 17:42:17.678  2463  2517 E WindowManager: setClientVisible WallpaperWindowToken{386492d token=android.os.Binder@c98d157} true
07-29 17:42:17.678  2463  2517 E WindowManager: setClientVisible WallpaperWindowToken{386492d token=android.os.Binder@c98d157} true
07-29 17:42:17.679  2463  2517 I WindowManager: Window{68f629c u0 LauncherOverlayWindow:com.android.quicksearchbox} playingTransition keep home visible
07-29 17:42:17.679  2463  2517 I WindowManager: Window{68f629c u0 LauncherOverlayWindow:com.android.quicksearchbox} playingTransition keep home visible
07-29 17:42:17.679  1827  2399 I MiClstc : DropLayers erase layer 582
07-29 17:42:17.679  2463  2517 I WindowManager: Window{8f79506 u0 LauncherOverlayWindow:com.miui.personalassistant} playingTransition keep home visible
07-29 17:42:17.679  2463  2517 I WindowManager: Window{8f79506 u0 LauncherOverlayWindow:com.miui.personalassistant} playingTransition keep home visible
07-29 17:42:17.679  2463  2517 I WindowManager: Window{fd7851 u0 com.miui.home/com.miui.home.launcher.Launcher} playingTransition keep home visible
07-29 17:42:17.679  2463  2517 I WindowManager: Window{fd7851 u0 com.miui.home/com.miui.home.launcher.Launcher} playingTransition keep home visible
07-29 17:42:17.680  4553  4553 I MiuiWallpaper-ImageWallpaper: onVisibilityChanged, visible = true, ret=true
07-29 17:42:17.680  8013 10670 I BeautyService: onForegroundInfoChanged: Cur=com.miui.home	 last=com.android.settings
07-29 17:42:17.680  2463  5528 W UserManagerService: Requested status bar icon for non-badged user 0
07-29 17:42:17.680  4553 14882 W HWUI    : Surface doesn't have any previously queued frames, nothing to readback from
07-29 17:42:17.681  3118  3325 E VA_AppStateWatcher: handleMessage: return!
07-29 17:42:17.681  4979  5212 I MultiTaskingTaskRepository: needSkip: is home task
07-29 17:42:17.681  4979  5212 W MultiTaskingTaskRepository: putOrUpdateTaskInfo skip
07-29 17:42:17.681  4979  5212 I MultiTaskingTaskRepository: needSkip: is home task
07-29 17:42:17.681  4979  5212 W MultiTaskingTaskRepository: onToBackTransitionReady putOrUpdateTaskInfo skip
07-29 17:42:17.681  4979  5212 I ShellTransitions: Is abandon offsetY: false
07-29 17:42:17.681  4979  5212 I ShellTransitions: Is abandon offsetY: false
07-29 17:42:17.682  7989  8099 I ActivityObserverUtil: activityResumed ComponentInfo{com.miui.home/com.miui.home.launcher.Launcher}
07-29 17:42:17.682  7989  8099 I TopActivityMonitor: send TopActivityChangeEvent=TopActivityChangeEvent(prev=ComponentInfo{com.android.settings/com.android.settings.MiuiSettings}, current=ComponentInfo{com.miui.home/com.miui.home.launcher.Launcher},appChanged=true)
07-29 17:42:17.682  7989  8649 I travelService_ActivityObserverUtils: activityResumed ComponentInfo{com.miui.home/com.miui.home.launcher.Launcher}
07-29 17:42:17.682  7989  8649 I travelService_TopActivityMonitor: user change app but last app use time not enough
07-29 17:42:17.683  4497 29742 E ActivityManagerWrapper: IRecentsAnimationRunnerAtLeastS onAnimationStart
07-29 17:42:17.683  4979  5212 I MultiTaskingTaskRepository: needSkip: is home task
07-29 17:42:17.684  4497  5505 W MiBridge: Permission not granted !!
07-29 17:42:17.684  2463  4205 I MiuiNetworkPolicyTrafficLimit: updateWhiteListUidForMobileTraffic uid=10138,add=true
07-29 17:42:17.684  2463  4205 I MiuiNetworkPolicy: updateUidState uid = 10135, uidState = 3
07-29 17:42:17.684 12560 17903 I AIRC_CounterTrack: collect: signal-TopActivityPerception
07-29 17:42:17.684 12560 17903 I MMKV    : <MMKV.cpp:1170::sync> MMKV::sync, SyncFlag = 1
07-29 17:42:17.685  4497  5505 E ActivityManagerWrapper: get all recent tasks force including 188
07-29 17:42:17.685 18694 18744 E LB      : fail to open file: Permission denied
07-29 17:42:17.681 18694 18694 W RenderThread: type=1400 audit(0.0:8974): avc:  denied  { search } for  name="migt" dev="dm-55" ino=1630 scontext=u:r:platform_app:s0:c512,c768 tcontext=u:object_r:migt_file:s0 tclass=dir permissive=0 app=com.android.quicksearchbox
07-29 17:42:17.686  2463  2517 I WindowManager: Window{fd7851 u0 com.miui.home/com.miui.home.launcher.Launcher} playingTransition keep home visible
07-29 17:42:17.686  2463  2517 I WindowManager: Window{8f79506 u0 LauncherOverlayWindow:com.miui.personalassistant} playingTransition keep home visible
07-29 17:42:17.686  2463  2517 I WindowManager: Window{68f629c u0 LauncherOverlayWindow:com.android.quicksearchbox} playingTransition keep home visible
07-29 17:42:17.686  4497  4497 I Launcher.widget: onVisible 
07-29 17:42:17.686  4497  4497 I Launcher.widget: onVisible 
07-29 17:42:17.687  2463  2517 I WindowManager: Window{fd7851 u0 com.miui.home/com.miui.home.launcher.Launcher} playingTransition keep home visible
07-29 17:42:17.687  2463  2517 E WindowManager: setClientVisible WallpaperWindowToken{386492d token=android.os.Binder@c98d157} true
07-29 17:42:17.687  1844  1844 I vendor.qti.hardware.servicetrackeraidl-service: bindService is called for service : com.miui.analytics/.onetrack.OneTrackService and for client com.miui.home
07-29 17:42:17.687  2463  4205 I MiuiNetworkPolicyTrafficLimit: updateWhiteListUidForMobileTraffic uid=10135,add=true
07-29 17:42:17.687  1844  1844 I vendor.qti.hardware.servicetrackeraidl-service: total connections for service : com.miui.analytics/.onetrack.OneTrackServiceare :68
07-29 17:42:17.687  2463  2517 I WindowManager: Window{68f629c u0 LauncherOverlayWindow:com.android.quicksearchbox} playingTransition keep home visible
07-29 17:42:17.687  1844  1844 I vendor.qti.hardware.servicetrackeraidl-service: total connections for client : com.miui.homeare :5
07-29 17:42:17.687  2463  2517 I WindowManager: Window{68f629c u0 LauncherOverlayWindow:com.android.quicksearchbox} playingTransition keep home visible
07-29 17:42:17.687  2463  2517 I WindowManager: Window{8f79506 u0 LauncherOverlayWindow:com.miui.personalassistant} playingTransition keep home visible
07-29 17:42:17.687  2463  2517 I WindowManager: Window{8f79506 u0 LauncherOverlayWindow:com.miui.personalassistant} playingTransition keep home visible
07-29 17:42:17.688  2463  2517 I WindowManager: Window{fd7851 u0 com.miui.home/com.miui.home.launcher.Launcher} playingTransition keep home visible
07-29 17:42:17.688  2463  2517 I WindowManager: Window{fd7851 u0 com.miui.home/com.miui.home.launcher.Launcher} playingTransition keep home visible
07-29 17:42:17.688  2463  2517 I WindowManager: Window{68f629c u0 LauncherOverlayWindow:com.android.quicksearchbox} playingTransition keep home visible
07-29 17:42:17.688  2463  2517 I WindowManager: Window{8f79506 u0 LauncherOverlayWindow:com.miui.personalassistant} playingTransition keep home visible
07-29 17:42:17.688  2463  2517 I WindowManager: Window{fd7851 u0 com.miui.home/com.miui.home.launcher.Launcher} playingTransition keep home visible
07-29 17:42:17.688  2463  2526 I ThermalObserver: Gallery hdr is disable by thermal.
07-29 17:42:17.688  2463  2517 I WindowManager: Window{fd7851 u0 com.miui.home/com.miui.home.launcher.Launcher} playingTransition keep home visible
07-29 17:42:17.688  2463  2517 E WindowManager: setClientVisible WallpaperWindowToken{386492d token=android.os.Binder@c98d157} true
07-29 17:42:17.688  4497  4497 W ActivityThread: Activity top position already set to onTop=true
07-29 17:42:17.688  4497  4497 I GestureStateMachine: getCurrentState = com.miui.home.recents.GestureStateMachine$AppWaitToDragState@ea023b3
07-29 17:42:17.688  2463  2517 I WindowManager: Window{68f629c u0 LauncherOverlayWindow:com.android.quicksearchbox} playingTransition keep home visible
07-29 17:42:17.688  2463  2517 I WindowManager: Window{68f629c u0 LauncherOverlayWindow:com.android.quicksearchbox} playingTransition keep home visible
07-29 17:42:17.689  2463  2517 I WindowManager: Window{8f79506 u0 LauncherOverlayWindow:com.miui.personalassistant} playingTransition keep home visible
07-29 17:42:17.689  2463  2517 I WindowManager: Window{8f79506 u0 LauncherOverlayWindow:com.miui.personalassistant} playingTransition keep home visible
07-29 17:42:17.689  2463  2517 I WindowManager: Window{fd7851 u0 com.miui.home/com.miui.home.launcher.Launcher} playingTransition keep home visible
07-29 17:42:17.689  2463  2517 I WindowManager: Window{fd7851 u0 com.miui.home/com.miui.home.launcher.Launcher} playingTransition keep home visible
07-29 17:42:17.689  2463  2517 I WindowManager: Window{68f629c u0 LauncherOverlayWindow:com.android.quicksearchbox} playingTransition keep home visible
07-29 17:42:17.689  2463  2517 I WindowManager: Window{8f79506 u0 LauncherOverlayWindow:com.miui.personalassistant} playingTransition keep home visible
07-29 17:42:17.689  2463  2517 I WindowManager: Window{fd7851 u0 com.miui.home/com.miui.home.launcher.Launcher} playingTransition keep home visible
07-29 17:42:17.689  2463  5441 I ClipboardServiceI: checkProviderWakePathForClipboard: com.miui.homeis not a activePermissionOwner
07-29 17:42:17.689  2463  5441 I SmartPower: com.miui.weather2/10278(5795): idle->background(21997ms) R(content provider start ContentProviderRecord{9f05c96 u0 com.miui.weather2/.providers.WeatherProvider}) adj=0.
07-29 17:42:17.689  4497  4497 I RecentsAnimationListenerImpl3eae83b: mRemoteTransitionSyncId: -1, cur remoteSyncId: -1
07-29 17:42:17.689  4497  4497 I RecentsAnimationListenerImpl3eae83b: recent shell callback 
07-29 17:42:17.689  4497  4497 I RecentsAnimationListenerImpl3eae83b: onRecentsAnimationStart recentShellState=2
07-29 17:42:17.689  4497  4497 I AnimStateManager: AppState handle event 9002
07-29 17:42:17.689  4497  4497 I AnimStateManager: CommonState handle event 9002
07-29 17:42:17.690  4497  4497 I IBarFollowAnimationRunnerImpl: updateGestureStateToRemote state: 12
07-29 17:42:17.690  4497  4497 I StateNotifyUtils: sendStateToShell value:12
07-29 17:42:17.690  4497  4497 E ClipAnimationHelper: updateSourceStack  mSourceInsets=Rect(0, 0 - 0, 0), mSourceStackBounds=Rect(0, 0 - 1200, 2670)
07-29 17:42:17.690  4497  4497 E ClipAnimationHelper: updateHomeStack  mSourceInsets=Rect(0, 0 - 0, 0), mHomeStackBounds=Rect(0, 0 - 0, 0)
07-29 17:42:17.690  4497  4497 E ClipAnimationHelper: updateSourceStack  mSourceInsets=Rect(0, 0 - 0, 0), mSourceStackBounds=Rect(0, 0 - 1200, 2670)
07-29 17:42:17.690  4497  4497 E ClipAnimationHelper: updateHomeStack  mSourceInsets=Rect(0, 0 - 0, 0), mHomeStackBounds=Rect(0, 0 - 0, 0)
07-29 17:42:17.690  4497  4497 E ClipAnimationHelper: updateTargetRect  mSourceRect=RectF(0.0, 0.0, 1200.0, 2664.3677)   mTargetRect=RectF(339.0, 0.0, 861.0, 1159.0)   mSourceWindowClipInsets=RectF(0.0, 0.0, 0.0, 5.632324)   mHomeStackBounds=Rect(0, 0 - 0, 0)   targetRect=Rect(339, 0 - 861, 1159)
07-29 17:42:17.690  4497  4497 E ClipAnimationHelper: updateTargetRect  mSourceRect=RectF(0.0, 0.0, 1200.0, 2670.0)   mTargetRect=RectF(0.0, 0.0, 1200.0, 2670.0)   mSourceWindowClipInsets=RectF(0.0, 0.0, 0.0, 0.0)   mHomeStackBounds=Rect(0, 0 - 0, 0)   targetRect=Rect(0, 0 - 1200, 2670)
07-29 17:42:17.690  4497  4497 W GestureStateMachine: AppWaitToDragState msg=3, mMsgUpType = -1
07-29 17:42:17.690  4497  4497 I AnimStateManager: AppState handle event 6003
07-29 17:42:17.690  2463  4473 I BarFollowAnimation:  getHomeVersion  defaultLauncher = com.miui.home value = 1
07-29 17:42:17.690  2463  4473 I BarFollowAnimation: Execute startStatusBarAnimation for info = {id=151 t=TO_FRONT f=0x80 trk=0 opt={t=FROM_STYLE} r=[0@Point(0, 0)] c=[{WCT{RemoteToken{124f463 Task{a0f1d04 #1 type=home}}} m=TO_FRONT f=SHOW_WALLPAPER|MOVE_TO_TOP leash=Surface(name=Task=1#45)/@0x3f4c517 sb=Rect(0, 0 - 1200, 2670) eb=Rect(0, 0 - 1200, 2670) d=0 taskParent=-1 v=true},{WCT{RemoteToken{a8534e1 Task{f0f6f5 #188 type=standard A=1000:com.android.settings.root}}} m=TO_BACK f=NONE leash=Surface(name=Task=188#1102)/@0xb48fc2c sb=Rect(0, 0 - 1200, 2670) eb=Rect(0, 0 - 1200, 2670) d=0 taskParent=-1 v=true}] mk=[false] noAni=[false] df=[false] oa=[false] sa=[false] ho=[true] iSync=[-1]} mStatusState = 12 mIsFromApp = false isRecent = true
07-29 17:42:17.690  4497  4497 I RectFSpringAnim_28191239: setStartRect = RectF(0.0, 0.0, 1200.0, 2670.0)
07-29 17:42:17.690  4497  4497 I RectFSpringAnim_28191239: resetAnimValue KEY_SURFACE_EXT_ALPHA mTargetRect = RectF(34.406128, 60.671387, 1140.9158, 2522.6553) endAlpha=1.0
07-29 17:42:17.690  4497  4497 I RectFSpringAnim_28191239: changeAnimStart start=false
07-29 17:42:17.690  4497  4497 I RectFSpringAnim_28191239: setAnimParamByType = CLOSE_TO_DRAG , magicSpeed = 1.0
07-29 17:42:17.690  4497  4497 E MultiSpringDynamicAnimation603734: ERROR Not Found Bundle SurfaceExtAlpha
07-29 17:42:17.690  4497  4497 I RectFSpringAnim_28191239: startInMainThread
07-29 17:42:17.690  4497  4497 E MultiSpringDynamicAnimation603734: ERROR Not Found Bundle SurfaceExtAlpha
07-29 17:42:17.690  4497  4497 E MultiSpringDynamicAnimation603734: ERROR Not Found Bundle SurfaceExtAlpha
07-29 17:42:17.690  4497  4497 I RectFSpringAnim_28191239: changeAnimStart start=true
07-29 17:42:17.690  4497  4497 I AnimStateManager: CommonState handle event 6003
07-29 17:42:17.690  4497  4497 W GestureStateMachine: AppWaitToDragState msg=2, mMsgUpType = -1
07-29 17:42:17.690  4497  4497 I GestureStateMachine: getCurrentState = com.miui.home.recents.GestureStateMachine$AppWaitToDragState@ea023b3
07-29 17:42:17.690  4497  4497 W GestureStateMachine: AppWaitToDragState msg=11, mMsgUpType = -1
07-29 17:42:17.690  2463  4205 I MiuiNetworkPolicy: updateUidState uid = 10278, uidState = 3
07-29 17:42:17.690  2463  2517 I WindowManager: Window{68f629c u0 LauncherOverlayWindow:com.android.quicksearchbox} playingTransition keep home visible
07-29 17:42:17.690  2463  2517 I WindowManager: Window{68f629c u0 LauncherOverlayWindow:com.android.quicksearchbox} playingTransition keep home visible
07-29 17:42:17.690  2463  2517 I WindowManager: Window{8f79506 u0 LauncherOverlayWindow:com.miui.personalassistant} playingTransition keep home visible
07-29 17:42:17.690  2463  2517 I WindowManager: Window{8f79506 u0 LauncherOverlayWindow:com.miui.personalassistant} playingTransition keep home visible
07-29 17:42:17.691  2463  2517 I WindowManager: Window{fd7851 u0 com.miui.home/com.miui.home.launcher.Launcher} playingTransition keep home visible
07-29 17:42:17.691  2463  2517 I WindowManager: Window{fd7851 u0 com.miui.home/com.miui.home.launcher.Launcher} playingTransition keep home visible
07-29 17:42:17.691  2463  2517 I WindowManager: Window{68f629c u0 LauncherOverlayWindow:com.android.quicksearchbox} playingTransition keep home visible
07-29 17:42:17.691  2463  2517 I WindowManager: Window{8f79506 u0 LauncherOverlayWindow:com.miui.personalassistant} playingTransition keep home visible
07-29 17:42:17.691  2463  2517 I WindowManager: Window{fd7851 u0 com.miui.home/com.miui.home.launcher.Launcher} playingTransition keep home visible
07-29 17:42:17.691  2463  5531 I ClipboardServiceI: checkProviderWakePathForClipboard: com.miui.homeis not a activePermissionOwner
07-29 17:42:17.692  2463  4205 I MiuiNetworkPolicyTrafficLimit: updateWhiteListUidForMobileTraffic uid=10278,add=true
07-29 17:42:17.692  2463  3740 E WindowManager:  source = Task{f0f6f5 #188 type=standard A=1000:com.android.settings.root} excludeMiuiNavBar = true excludeMiuiStatusBar = true excludeIme = false excludeNavBar = true miuiNavSurfaceControl = Surface(name=Miui Fake NavBar#50)/@0x4c243ef miuiStatusSurfaceControl = Surface(name=Miui Fake StatusBar#49)/@0xee6d682
07-29 17:42:17.692  5795  2156 I Wth2:WeatherProvider: getFirstSelectedCity() ret count= 1
07-29 17:42:17.693  5795  2156 E Wth2:WeatherProvider: getFirstSelectedCity() error 
07-29 17:42:17.693  5795  2156 E Wth2:WeatherProvider: java.lang.NumberFormatException: For input string: "33.862_119.318"
07-29 17:42:17.693  5795  2156 E Wth2:WeatherProvider: 	at java.lang.Integer.parseInt(Integer.java:790)
07-29 17:42:17.693  5795  2156 E Wth2:WeatherProvider: 	at java.lang.Integer.parseInt(Integer.java:908)
07-29 17:42:17.693  5795  2156 E Wth2:WeatherProvider: 	at com.miui.weather2.providers.WeatherProvider.g(SourceFile:9)
07-29 17:42:17.693  5795  2156 E Wth2:WeatherProvider: 	at com.miui.weather2.providers.WeatherProvider.h(SourceFile:5)
07-29 17:42:17.693  5795  2156 E Wth2:WeatherProvider: 	at com.miui.weather2.providers.WeatherProvider.query(SourceFile:23)
07-29 17:42:17.693  5795  2156 E Wth2:WeatherProvider: 	at android.content.ContentProvider.query(ContentProvider.java:1633)
07-29 17:42:17.693  5795  2156 E Wth2:WeatherProvider: 	at android.content.ContentProvider.query(ContentProvider.java:1729)
07-29 17:42:17.693  5795  2156 E Wth2:WeatherProvider: 	at android.content.ContentProvider$Transport.query(ContentProvider.java:301)
07-29 17:42:17.693  5795  2156 E Wth2:WeatherProvider: 	at android.content.ContentProviderNative.onTransact(ContentProviderNative.java:110)
07-29 17:42:17.693  5795  2156 E Wth2:WeatherProvider: 	at android.os.Binder.execTransactInternal(Binder.java:1507)
07-29 17:42:17.693  5795  2156 E Wth2:WeatherProvider: 	at android.os.Binder.execTransact(Binder.java:1451)
07-29 17:42:17.693  5795  2156 I Wth2:WeatherProvider: getHourlyData checkCityAt=true tmpCursor.count  4
07-29 17:42:17.693  7989  7989 I LauncherOverlayCallback: handleMessage WHAT_LAUNCHER_STATE what1
07-29 17:42:17.693  7989  7989 I LauncherOverlayCallback: handleMessage WHAT_ACTIVITY_STATE_CHANGED what3
07-29 17:42:17.693  7989  7989 I LauncherOverlayCallback: handleMessage WHAT_LAUNCHER_STATE what3
07-29 17:42:17.693  5795  2156 I Wth2:WeatherProvider: optimiseHourlyData sunrise : 18660000  sunset : 68760000
07-29 17:42:17.694  5795  6498 I Wth2:WeatherProvider: getFirstSelectedCity() ret count= 1
07-29 17:42:17.694  5795  6498 E Wth2:WeatherProvider: getFirstSelectedCity() error 
07-29 17:42:17.694  5795  6498 E Wth2:WeatherProvider: java.lang.NumberFormatException: For input string: "33.862_119.318"
07-29 17:42:17.694  5795  6498 E Wth2:WeatherProvider: 	at java.lang.Integer.parseInt(Integer.java:790)
07-29 17:42:17.694  5795  6498 E Wth2:WeatherProvider: 	at java.lang.Integer.parseInt(Integer.java:908)
07-29 17:42:17.694  5795  6498 E Wth2:WeatherProvider: 	at com.miui.weather2.providers.WeatherProvider.g(SourceFile:9)
07-29 17:42:17.694  5795  6498 E Wth2:WeatherProvider: 	at com.miui.weather2.providers.WeatherProvider.e(SourceFile:5)
07-29 17:42:17.694  5795  6498 E Wth2:WeatherProvider: 	at com.miui.weather2.providers.WeatherProvider.query(SourceFile:21)
07-29 17:42:17.694  5795  6498 E Wth2:WeatherProvider: 	at android.content.ContentProvider.query(ContentProvider.java:1633)
07-29 17:42:17.694  5795  6498 E Wth2:WeatherProvider: 	at android.content.ContentProvider.query(ContentProvider.java:1729)
07-29 17:42:17.694  5795  6498 E Wth2:WeatherProvider: 	at android.content.ContentProvider$Transport.query(ContentProvider.java:301)
07-29 17:42:17.694  5795  6498 E Wth2:WeatherProvider: 	at android.content.ContentProviderNative.onTransact(ContentProviderNative.java:110)
07-29 17:42:17.694  5795  6498 E Wth2:WeatherProvider: 	at android.os.Binder.execTransactInternal(Binder.java:1507)
07-29 17:42:17.694  5795  6498 E Wth2:WeatherProvider: 	at android.os.Binder.execTransact(Binder.java:1451)
07-29 17:42:17.694  2463  4473 E BarFollowAnimation: isHomeDark = 0 currentDark = 1 isFullGesture = true
07-29 17:42:17.694  2463  4473 E BarFollowAnimation: isHomeDark = 0 currentDark = 1 isFullGesture = true
07-29 17:42:17.697  2463  5530 I ClipboardServiceI: checkProviderWakePathForClipboard: com.miui.homeis not a activePermissionOwner
07-29 17:42:17.697  2463  2517 I WindowManager: Window{fd7851 u0 com.miui.home/com.miui.home.launcher.Launcher} playingTransition keep home visible
07-29 17:42:17.697  2463  2517 I WindowManager: wms.showSurfaceRobustly mWin:Window{fd7851 u0 com.miui.home/com.miui.home.launcher.Launcher}
07-29 17:42:17.697  2463  2517 I WindowManager: Window{8f79506 u0 LauncherOverlayWindow:com.miui.personalassistant} playingTransition keep home visible
07-29 17:42:17.697  2463  2517 I WindowManager: Window{68f629c u0 LauncherOverlayWindow:com.android.quicksearchbox} playingTransition keep home visible
07-29 17:42:17.697  2463  2517 I WindowManager: wms.showSurfaceRobustly mWin:Window{68f629c u0 LauncherOverlayWindow:com.android.quicksearchbox}
07-29 17:42:17.698  4497  5159 I NavStubView: onRecentsAnimationStart before send MSG_ON_RECENT_ANIM_START
07-29 17:42:17.698  2463  2517 I WindowManager: Window{68f629c u0 LauncherOverlayWindow:com.android.quicksearchbox} playingTransition keep home visible
07-29 17:42:17.698  2463  2517 I WindowManager: Window{68f629c u0 LauncherOverlayWindow:com.android.quicksearchbox} playingTransition keep home visible
07-29 17:42:17.698  2463  2517 I WindowManager: Window{8f79506 u0 LauncherOverlayWindow:com.miui.personalassistant} playingTransition keep home visible
07-29 17:42:17.698  2463  2517 I WindowManager: Window{8f79506 u0 LauncherOverlayWindow:com.miui.personalassistant} playingTransition keep home visible
07-29 17:42:17.698  2463  2517 I WindowManager: Window{fd7851 u0 com.miui.home/com.miui.home.launcher.Launcher} playingTransition keep home visible
07-29 17:42:17.698  2463  2517 I WindowManager: Window{fd7851 u0 com.miui.home/com.miui.home.launcher.Launcher} playingTransition keep home visible
07-29 17:42:17.699  2463  2517 I WindowManager: Window{68f629c u0 LauncherOverlayWindow:com.android.quicksearchbox} playingTransition keep home visible
07-29 17:42:17.699  2463  2517 I WindowManager: Window{8f79506 u0 LauncherOverlayWindow:com.miui.personalassistant} playingTransition keep home visible
07-29 17:42:17.699  2463  2517 I WindowManager: Window{fd7851 u0 com.miui.home/com.miui.home.launcher.Launcher} playingTransition keep home visible
07-29 17:42:17.699  2463  2517 I WindowManager: Window{68f629c u0 LauncherOverlayWindow:com.android.quicksearchbox} playingTransition keep home visible
07-29 17:42:17.699  2463  2517 I WindowManager: Window{8f79506 u0 LauncherOverlayWindow:com.miui.personalassistant} playingTransition keep home visible
07-29 17:42:17.699  2463  2517 I WindowManager: Window{fd7851 u0 com.miui.home/com.miui.home.launcher.Launcher} playingTransition keep home visible
07-29 17:42:17.700  2463  5054 E WindowManager:  source = Task{f0f6f5 #188 type=standard A=1000:com.android.settings.root} excludeMiuiNavBar = true excludeMiuiStatusBar = true excludeIme = false excludeNavBar = true miuiNavSurfaceControl = Surface(name=Miui Fake NavBar#50)/@0x4c243ef miuiStatusSurfaceControl = Surface(name=Miui Fake StatusBar#49)/@0xee6d682
07-29 17:42:17.701  4497  4497 W GestureStateMachine: AppDragState msg=3
07-29 17:42:17.702  4497  4497 I AnimStateManager: AppState handle event 6003
07-29 17:42:17.702  4497  4497 I RectFSpringAnim_28191239: setStartRect = RectF(34.406128, 60.671387, 1140.9158, 2522.6553)
07-29 17:42:17.702  4497  4497 I RectFSpringAnim_28191239: resetAnimValue KEY_SURFACE_EXT_ALPHA mTargetRect = RectF(34.406128, 60.671387, 1140.9158, 2522.6553) endAlpha=1.0
07-29 17:42:17.702  4497  4497 I RectFSpringAnim_28191239: setAnimParamByType = CLOSE_TO_DRAG , magicSpeed = 1.0
07-29 17:42:17.702  4497  4497 E MultiSpringDynamicAnimation603734: ERROR Not Found Bundle SurfaceExtAlpha
07-29 17:42:17.702  4497  4497 I RectFSpringAnim_28191239: updateAllAnimEndDirectly, centerX = 587.66095, centerY = 1291.6633, width = 1106.5096, height = 2461.984, rectF = RectF(34.406128, 60.671387, 1140.9158, 2522.6553), radius = 123.56025, alpha = 1.0
07-29 17:42:17.702  4497  4497 E MultiSpringDynamicAnimation603734: ERROR Not Found Bundle SurfaceExtAlpha
07-29 17:42:17.702  4497  4497 I AnimStateManager: CommonState handle event 6003
07-29 17:42:17.702  4497  4497 W RecentsImpl: updateStubViewVisibility, className=com.miui.home.launcher.Launcher
07-29 17:42:17.702  4497  4497 I GestureStateMachine: getCurrentState = com.miui.home.recents.GestureStateMachine$AppDragState@481ed70
07-29 17:42:17.702  4497  4497 W GestureStateMachine: AppDragState msg=3
07-29 17:42:17.702  4497  4497 I AnimStateManager: AppState handle event 6003
07-29 17:42:17.702  4497  4497 I RectFSpringAnim_28191239: setStartRect = RectF(34.406128, 60.671387, 1140.9158, 2522.6553)
07-29 17:42:17.702  4497  4497 I RectFSpringAnim_28191239: resetAnimValue KEY_SURFACE_EXT_ALPHA mTargetRect = RectF(46.07007, 73.79492, 1132.3572, 2490.7837) endAlpha=1.0
07-29 17:42:17.702  4497  4497 I RectFSpringAnim_28191239: setAnimParamByType = CLOSE_TO_DRAG , magicSpeed = 1.0
07-29 17:42:17.702  4497  4497 E MultiSpringDynamicAnimation603734: ERROR Not Found Bundle SurfaceExtAlpha
07-29 17:42:17.702  4497  4497 I RectFSpringAnim_28191239: updateAllAnimEndDirectly, centerX = 589.2136, centerY = 1282.2893, width = 1086.2871, height = 2416.9888, rectF = RectF(46.07007, 73.79492, 1132.3572, 2490.7837), radius = 121.302055, alpha = 1.0
07-29 17:42:17.703  4497  4497 E MultiSpringDynamicAnimation603734: ERROR Not Found Bundle SurfaceExtAlpha
07-29 17:42:17.703  4497  4497 I AnimStateManager: CommonState handle event 6003
07-29 17:42:17.703  1827  2399 I MiClstc : StageLayers No adding layer_name[FramebufferSurface], layer_id 1
07-29 17:42:17.703  1827  2399 I MiClstc : DropLayers erase layer 579
07-29 17:42:17.703  1827  2399 I MiClstc : DropLayers erase layer 587
07-29 17:42:17.703  1827  2399 I MiClstc : DropLayers erase layer 588
07-29 17:42:17.703  2463  2517 I WindowManager: Window{fd7851 u0 com.miui.home/com.miui.home.launcher.Launcher} playingTransition keep home visible
07-29 17:42:17.703  2463  2517 I WindowManager: Window{8f79506 u0 LauncherOverlayWindow:com.miui.personalassistant} playingTransition keep home visible
07-29 17:42:17.703  2463  2517 I WindowManager: wms.showSurfaceRobustly mWin:Window{8f79506 u0 LauncherOverlayWindow:com.miui.personalassistant}
07-29 17:42:17.703  2463  2517 I WindowManager: Window{68f629c u0 LauncherOverlayWindow:com.android.quicksearchbox} playingTransition keep home visible
07-29 17:42:17.704  1827  2399 I MiClstc : RetrieveConfig Unknown layer 1, skip
07-29 17:42:17.704  4497  5159 I RecentsAnimationListenerImpl: screenshotTaskForU cost time = 5
07-29 17:42:17.704  4497  5159 I WindowElement1895d:  screenshotTask injectRecentTransition taskId =-1, bitmap=android.graphics.Bitmap@62e460b
07-29 17:42:17.706  2105  2105 I MI-SF   : surfaceflinger setAffinity mode=1
07-29 17:42:17.706  4497  5505 E ActivityManagerWrapper: getRecentTasksForceIncludingTaskIdIfValid: getRecentTasks: size=2
07-29 17:42:17.706  4497  5505 E ActivityManagerWrapper:  mainTaskId=188   userId=0   windowMode=1   baseIntent=Intent { act=android.intent.action.MAIN flag=270532608 cmp=ComponentInfo{com.android.settings/com.android.settings.MainSettings} }
07-29 17:42:17.706  4497  5505 E ActivityManagerWrapper:  mainTaskId=177   userId=0   windowMode=1   baseIntent=Intent { act=android.intent.action.MAIN flag=270532608 cmp=ComponentInfo{com.getsurfboard/com.getsurfboard.ui.activity.MainActivity} }
07-29 17:42:17.706  2105  2105 E MI-SF   : surfaceflinger setAffinity success
07-29 17:42:17.706  2105  2105 I MI-SF   : surfaceflinger setreAffinity reTid=2261
07-29 17:42:17.706  2105  2105 E MI-SF   : surfaceflinger setAffinity success
07-29 17:42:17.706  2463  5442 I MultiSenceManagerInternalStub: getInstance
07-29 17:42:17.707  4497  4497 I IBarFollowAnimationRunnerImpl: updateGestureStateToRemote state: 3
07-29 17:42:17.707  4497  4497 I StateNotifyUtils: sendStateToShell value:3
07-29 17:42:17.707  4497  4497 I GestureStateMachine: getCurrentState = com.miui.home.recents.GestureStateMachine$AppDragState@481ed70
07-29 17:42:17.707  4497  4497 W GestureStateMachine: AppDragState msg=2
07-29 17:42:17.707  4497  4497 W GestureStateMachine: AppDragState msg=3
07-29 17:42:17.707  4497  4497 I AnimStateManager: AppState handle event 6003
07-29 17:42:17.707  4497  4497 I RectFSpringAnim_28191239: setStartRect = RectF(46.07007, 73.79492, 1132.3572, 2490.7837)
07-29 17:42:17.707  4497  4497 I RectFSpringAnim_28191239: resetAnimValue KEY_SURFACE_EXT_ALPHA mTargetRect = RectF(62.08136, 91.491455, 1121.0994, 2447.8064) endAlpha=1.0
07-29 17:42:17.707  4497  4497 I RectFSpringAnim_28191239: setAnimParamByType = CLOSE_TO_DRAG , magicSpeed = 1.0
07-29 17:42:17.707  4497  4497 E MultiSpringDynamicAnimation603734: ERROR Not Found Bundle SurfaceExtAlpha
07-29 17:42:17.708  4497  4497 I RectFSpringAnim_28191239: updateAllAnimEndDirectly, centerX = 591.59033, centerY = 1269.6489, width = 1059.0181, height = 2356.315, rectF = RectF(62.08136, 91.491455, 1121.0994, 2447.8064), radius = 118.25702, alpha = 1.0
07-29 17:42:17.708  4497  4497 E MultiSpringDynamicAnimation603734: ERROR Not Found Bundle SurfaceExtAlpha
07-29 17:42:17.708  4497  4497 I AnimStateManager: CommonState handle event 6003
07-29 17:42:17.708  4497  5159 E StateNotifyUtils: sendFsStateBroadCast state=startControlAppWindow   channel=gesture   packageName=
07-29 17:42:17.709  4497  5159 E Launcher: mFsGestureStatusRefreshRunnable:run usingFsGesture=true   show=true   focus=false   pause=false
07-29 17:42:17.709  7664  7664 I VA_AliveCore:MixMonitor: onReceive: action=com.miui.fullscreen_state_change
07-29 17:42:17.709  7664  7664 I VA_AliveCore:MixMonitor: onReceive: action=com.miui.fullscreen_state_change;stateName=startControlAppWindow
07-29 17:42:17.709  2463  2517 I WindowManager: Window{fd7851 u0 com.miui.home/com.miui.home.launcher.Launcher} playingTransition keep home visible
07-29 17:42:17.709  2463  2517 I WindowManager: Window{8f79506 u0 LauncherOverlayWindow:com.miui.personalassistant} playingTransition keep home visible
07-29 17:42:17.709  2463  2517 I WindowManager: Window{68f629c u0 LauncherOverlayWindow:com.android.quicksearchbox} playingTransition keep home visible
07-29 17:42:17.711  4497  5159 E StateNotifyUtils: sendFsStateBroadCast state=crossSafeArea   channel=gesture   packageName=
07-29 17:42:17.711  4979  5212 I MiuiBubbleController: removeBubble: 188 reason=2
07-29 17:42:17.711  4979  5212 I MultiTaskingTaskRepository: onTaskInfoChanged multi list = [], full = [188, 177]
07-29 17:42:17.711  4979  5212 I MultiTaskingTaskRepository: needSkip: is home task
07-29 17:42:17.712  7664  7664 I VA_AliveCore:MixMonitor: onReceive: action=com.miui.fullscreen_state_change
07-29 17:42:17.712  7664  7664 I VA_AliveCore:MixMonitor: onReceive: action=com.miui.fullscreen_state_change;stateName=crossSafeArea
07-29 17:42:17.714  4497  4497 W RecentsImpl: updateFsgWindowVisibilityState origin isEnter=false, typeFrom=typefrom_home
07-29 17:42:17.714  4497  5159 W RecentsImpl: updateFsgWindowVisibilityStateInBgThread, isEnter=false, typeFrom=typefrom_home, isOpen=true, isKeyguardLocked=false, mIsInAnotherPro=false, isStatusBarExpansion=false
07-29 17:42:17.714  4497  5159 W RecentsImpl: getTopActivity from observer.   cn=ComponentInfo{com.miui.home/com.miui.home.launcher.Launcher}
07-29 17:42:17.716  4497  4497 I GestureStateMachine: getCurrentState = com.miui.home.recents.GestureStateMachine$AppDragState@481ed70
07-29 17:42:17.716  4497  4497 W GestureStateMachine: AppDragState msg=3
07-29 17:42:17.716  4497  4497 I AnimStateManager: AppState handle event 6003
07-29 17:42:17.716  4497  4497 I RectFSpringAnim_28191239: setStartRect = RectF(62.08136, 91.491455, 1121.0994, 2447.8064)
07-29 17:42:17.716  4497  4497 I RectFSpringAnim_28191239: resetAnimValue KEY_SURFACE_EXT_ALPHA mTargetRect = RectF(86.8634, 113.85278, 1111.4244, 2393.501) endAlpha=1.0
07-29 17:42:17.716  4497  4497 I RectFSpringAnim_28191239: setAnimParamByType = CLOSE_TO_DRAG , magicSpeed = 1.0
07-29 17:42:17.716  4497  4497 E MultiSpringDynamicAnimation603734: ERROR Not Found Bundle SurfaceExtAlpha
07-29 17:42:17.716  4497  4497 I RectFSpringAnim_28191239: updateAllAnimEndDirectly, centerX = 599.1439, centerY = 1253.6769, width = 1024.561, height = 2279.6482, rectF = RectF(86.8634, 113.85278, 1111.4244, 2393.501), radius = 114.40931, alpha = 1.0
07-29 17:42:17.716  4497  4497 E MultiSpringDynamicAnimation603734: ERROR Not Found Bundle SurfaceExtAlpha
07-29 17:42:17.716  4497  4497 I AnimStateManager: CommonState handle event 6003
07-29 17:42:17.722  4497  4497 I GestureStateMachine: getCurrentState = com.miui.home.recents.GestureStateMachine$AppDragState@481ed70
07-29 17:42:17.722  4497  4497 W GestureStateMachine: AppDragState msg=3
07-29 17:42:17.722  4497  4497 I AnimStateManager: AppState handle event 6003
07-29 17:42:17.723  4497  4497 I RectFSpringAnim_28191239: setStartRect = RectF(86.8634, 113.85278, 1111.4244, 2393.501)
07-29 17:42:17.723  4497  4497 I RectFSpringAnim_28191239: resetAnimValue KEY_SURFACE_EXT_ALPHA mTargetRect = RectF(123.82892, 142.15674, 1104.7751, 2324.7622) endAlpha=1.0
07-29 17:42:17.723  4497  4497 I RectFSpringAnim_28191239: setAnimParamByType = CLOSE_TO_DRAG , magicSpeed = 1.0
07-29 17:42:17.723  4497  4497 E MultiSpringDynamicAnimation603734: ERROR Not Found Bundle SurfaceExtAlpha
07-29 17:42:17.723  4497  4497 I RectFSpringAnim_28191239: updateAllAnimEndDirectly, centerX = 614.302, centerY = 1233.4595, width = 980.9462, height = 2182.6055, rectF = RectF(123.82892, 142.15674, 1104.7751, 2324.7622), radius = 109.538994, alpha = 1.0
07-29 17:42:17.723  4497  4497 E MultiSpringDynamicAnimation603734: ERROR Not Found Bundle SurfaceExtAlpha
07-29 17:42:17.723  4497  4497 I AnimStateManager: CommonState handle event 6003
07-29 17:42:17.723  4497  4497 W GestureStateMachine: AppDragState msg=2
07-29 17:42:17.729  3002  4306 I libsensor-boledalgo: dbv:419,lux:232.8,cct:5893.1,hsv:-1.0,dc:0CWB R:110502.5,G:109508.3,B:100424.2Event C:20109.3,R:11704.8,G:6751.7,B:4079.6Cali C:4022.4,R:2356.7,G:1228.2,B:677.0 
07-29 17:42:17.730  4497  4497 I GestureStateMachine: getCurrentState = com.miui.home.recents.GestureStateMachine$AppDragState@481ed70
07-29 17:42:17.731  4497  4497 W GestureStateMachine: AppDragState msg=3
07-29 17:42:17.731  4497  4497 I AnimStateManager: AppState handle event 6003
07-29 17:42:17.731  4497  4497 I RectFSpringAnim_28191239: setStartRect = RectF(123.82892, 142.15674, 1104.7751, 2324.7622)
07-29 17:42:17.731  4497  4497 I RectFSpringAnim_28191239: resetAnimValue KEY_SURFACE_EXT_ALPHA mTargetRect = RectF(167.479, 170.198, 1105.2155, 2256.6616) endAlpha=1.0
07-29 17:42:17.731  4497  4497 I RectFSpringAnim_28191239: setAnimParamByType = CLOSE_TO_DRAG , magicSpeed = 1.0
07-29 17:42:17.731  4497  4497 E MultiSpringDynamicAnimation603734: ERROR Not Found Bundle SurfaceExtAlpha
07-29 17:42:17.731  4497  4497 I RectFSpringAnim_28191239: updateAllAnimEndDirectly, centerX = 636.3472, centerY = 1213.4298, width = 937.73645, height = 2086.4636, rectF = RectF(167.479, 170.198, 1105.2155, 2256.6616), radius = 104.713905, alpha = 1.0
07-29 17:42:17.731  4497  4497 E MultiSpringDynamicAnimation603734: ERROR Not Found Bundle SurfaceExtAlpha
07-29 17:42:17.731  4497  4497 I AnimStateManager: CommonState handle event 6003
07-29 17:42:17.739  4497  4497 I GestureStateMachine: getCurrentState = com.miui.home.recents.GestureStateMachine$AppDragState@481ed70
07-29 17:42:17.739  4497  4497 W GestureStateMachine: AppDragState msg=3
07-29 17:42:17.739  4497  4497 I AnimStateManager: AppState handle event 6003
07-29 17:42:17.739  4497  4497 I RectFSpringAnim_28191239: setStartRect = RectF(167.479, 170.198, 1105.2155, 2256.6616)
07-29 17:42:17.739  4497  4497 I RectFSpringAnim_28191239: resetAnimValue KEY_SURFACE_EXT_ALPHA mTargetRect = RectF(229.99628, 200.86914, 1120.4707, 2182.1746) endAlpha=1.0
07-29 17:42:17.739  4497  4497 I RectFSpringAnim_28191239: setAnimParamByType = CLOSE_TO_DRAG , magicSpeed = 1.0
07-29 17:42:17.739  4497  4497 E MultiSpringDynamicAnimation603734: ERROR Not Found Bundle SurfaceExtAlpha
07-29 17:42:17.739  4497  4497 I RectFSpringAnim_28191239: updateAllAnimEndDirectly, centerX = 675.2335, centerY = 1191.5219, width = 890.4744, height = 1981.3054, rectF = RectF(229.99628, 200.86914, 1120.4707, 2182.1746), radius = 99.43631, alpha = 1.0
07-29 17:42:17.739  4497  4497 E MultiSpringDynamicAnimation603734: ERROR Not Found Bundle SurfaceExtAlpha
07-29 17:42:17.739  4497  4497 I AnimStateManager: CommonState handle event 6003
07-29 17:42:17.739  4497  4497 W GestureStateMachine: AppDragState msg=2
07-29 17:42:17.747  4497  4497 I GestureStateMachine: getCurrentState = com.miui.home.recents.GestureStateMachine$AppDragState@481ed70
07-29 17:42:17.748  4497  4497 W GestureStateMachine: AppDragState msg=3
07-29 17:42:17.748  4497  4497 I AnimStateManager: AppState handle event 6003
07-29 17:42:17.748  4497  4497 I RectFSpringAnim_28191239: setStartRect = RectF(229.99628, 200.86914, 1120.4707, 2182.1746)
07-29 17:42:17.748  4497  4497 I RectFSpringAnim_28191239: resetAnimValue KEY_SURFACE_EXT_ALPHA mTargetRect = RectF(307.75998, 240.68176, 1136.886, 2085.487) endAlpha=1.0
07-29 17:42:17.748  4497  4497 I RectFSpringAnim_28191239: setAnimParamByType = CLOSE_TO_DRAG , magicSpeed = 1.0
07-29 17:42:17.748  4497  4497 E MultiSpringDynamicAnimation603734: ERROR Not Found Bundle SurfaceExtAlpha
07-29 17:42:17.748  4497  4497 I RectFSpringAnim_28191239: updateAllAnimEndDirectly, centerX = 722.323, centerY = 1163.0845, width = 829.126, height = 1844.8053, rectF = RectF(307.75998, 240.68176, 1136.886, 2085.487), radius = 92.58574, alpha = 1.0
07-29 17:42:17.748  4497  4497 E MultiSpringDynamicAnimation603734: ERROR Not Found Bundle SurfaceExtAlpha
07-29 17:42:17.748  4497  4497 I AnimStateManager: CommonState handle event 6003
07-29 17:42:17.755  4497  4497 I GestureStateMachine: getCurrentState = com.miui.home.recents.GestureStateMachine$AppDragState@481ed70
07-29 17:42:17.755  4497  4497 W GestureStateMachine: AppDragState msg=3
07-29 17:42:17.755  4497  4497 I AnimStateManager: AppState handle event 6003
07-29 17:42:17.755  4497  4497 I RectFSpringAnim_28191239: setStartRect = RectF(307.75998, 240.68176, 1136.886, 2085.487)
07-29 17:42:17.755  4497  4497 I RectFSpringAnim_28191239: resetAnimValue KEY_SURFACE_EXT_ALPHA mTargetRect = RectF(410.50583, 274.7047, 1187.2051, 2002.8604) endAlpha=1.0
07-29 17:42:17.755  4497  4497 I RectFSpringAnim_28191239: setAnimParamByType = CLOSE_TO_DRAG , magicSpeed = 1.0
07-29 17:42:17.755  4497  4497 E MultiSpringDynamicAnimation603734: ERROR Not Found Bundle SurfaceExtAlpha
07-29 17:42:17.755  4497  4497 I RectFSpringAnim_28191239: updateAllAnimEndDirectly, centerX = 798.85547, centerY = 1138.7825, width = 776.6992, height = 1728.1556, rectF = RectF(410.50583, 274.7047, 1187.2051, 2002.8604), radius = 86.731415, alpha = 1.0
07-29 17:42:17.755  4497  4497 E MultiSpringDynamicAnimation603734: ERROR Not Found Bundle SurfaceExtAlpha
07-29 17:42:17.755  4497  4497 I AnimStateManager: CommonState handle event 6003
07-29 17:42:17.755  4497  4497 W GestureStateMachine: AppDragState msg=2
07-29 17:42:17.763  4497  4497 I GestureStateMachine: getCurrentState = com.miui.home.recents.GestureStateMachine$AppDragState@481ed70
07-29 17:42:17.763  4497  4497 W GestureStateMachine: AppDragState msg=3
07-29 17:42:17.763  4497  4497 I AnimStateManager: AppState handle event 6003
07-29 17:42:17.763  4497  4497 I RectFSpringAnim_28191239: setStartRect = RectF(410.50583, 274.7047, 1187.2051, 2002.8604)
