10-25 10:03:35.137  2318  5455 I ActivityManager: Background started FGS: Allowed [callingPackage: com.xiaomi.market; callingUid: 10167; uidState: CEM ; uidBFSL: n/a; intent: Intent { cmp=com.xiaomi.market/.business_core.update.auto.CheckUpdateService (has extras) }; code:SYSTEM_ALERT_WINDOW_PERMISSION; tempAllowListReason:<,reasonCode:SYSTEM_ALLOW_LISTED,duration:9223372036854775807,callingUid:-1>; targetSdkVersion:33; callerTargetSdkVersion:33; startForegroundCount:0; bindFromPackage:null: isBindService:false]
10-25 10:03:35.138  2318  5455 W ForegroundServiceTypeLoggerModule: Foreground service start for UID: 10167 does not have any types
10-25 10:03:35.139  2318  3691 I MiuiNetworkPolicy: updateUidState uid = 10261, uidState = 4
10-25 10:03:35.140  2318  3691 I MiuiNetworkPolicyTrafficLimit: updateWhiteListUidForMobileTraffic uid=10261,add=true
10-25 10:03:35.141  2318  3691 I MiuiNetworkPolicy: updateUidState uid = 10203, uidState = 4
10-25 10:03:35.141  2318  3691 I MiuiNetworkPolicy: updateUidState uid = 10167, uidState = 4
10-25 10:03:35.141  2318  3691 I MiuiNetworkPolicyTrafficLimit: updateWhiteListUidForMobileTraffic uid=10167,add=true
10-25 10:03:35.141  2318  3691 I MiuiNetworkPolicy: updateUidState uid = 10158, uidState = 4
10-25 10:03:35.142  2318  4216 I whetstone.activity: processNotifyEvent1 resId = 256, bundle = Bundle[{startTime=43976849, sourcePkg=com.miui.cleanmaster, sourceUid=10266, status=0, jobId=710, batteryName=com.miui.cleanmaster/androidx.work.impl.background.systemjob.SystemJobService, elapsedRealtime=43976849}]
10-25 10:03:35.143  2318  3691 I MiuiNetworkPolicyTrafficLimit: updateWhiteListUidForMobileTraffic uid=10158,add=true
10-25 10:03:35.144  9264 11313 I EventMonitor: notifyEvent resId=256
10-25 10:03:35.146  2318  3367 I PowerManagerServiceImpl: Partial wakeLock:[PARTIAL_WAKE_LOCK                 'xc' (uid=10324 pid=21451 pkg=com.tencent.android.qqdownloader)], disabled: true, procState: 19, reason: Process Priority
10-25 10:03:35.147  1656  1854 I SDM     : DisplayBase::CommitThread: Received idle timeout, panel: cmd, timeout: 70000 us
10-25 10:03:35.147  2318  3691 I MiuiNetworkPolicy: updateUidState uid = 10266, uidState = 10
10-25 10:03:35.147  2318  3691 I MiuiNetworkPolicy: updateUidState uid = 10266, uidState = 19
10-25 10:03:35.150 10447 10533 I Finsky  : [585] kwt.a(55): AIM: AppInfoManager-Perf > OnDeviceAppInfo > cacheHitCount=1, cacheMissCount=0. Missed  in cache (limit 10) : []
10-25 10:03:35.150 10447 10533 I Finsky  : [585] kuq.apply(1378): AIM: Got app ownership map. App counts: . Unique apps: 0
10-25 10:03:35.150 10447 10533 I Finsky  : [585] jyg.accept(156): AIM: AppInfoManager-Perf > getApps > data collection finished
10-25 10:03:35.150 10447 10533 I Finsky  : [585] kvo.run(976): AIM: AppInfoManager-Perf > maybeDestroyAppInfoManager is called. actives = 3
10-25 10:03:35.151 10447 10539 I Finsky  : [591] kwp.a(206): AIM: AppInfoManager-Perf > ItemModel > CacheSize=33, cacheHitCount=0, cacheMissCount=0, total appsWithNoServerDataCount=33. Missed  in cache (limit 10) : []
10-25 10:03:35.151 12107 22698 I Market-RetrofitRequest: dnsStart : https://updateinfo.market.xiaomi.com/apm/updateinfo/v2
10-25 10:03:35.151 12107 22698 I Market-HttpDns: HttpDns hostname updateinfo.market.xiaomi.com address : [updateinfo.market.xiaomi.com/101.126.91.123, updateinfo.market.xiaomi.com/124.251.101.62, updateinfo.market.xiaomi.com/2406:d440:106:5700:1117:9e8e:1ac:de9c, updateinfo.market.xiaomi.com/2403:a200:a200:14f1::1f, updateinfo.market.xiaomi.com/240e:83:201:74f0::6]
10-25 10:03:35.151 12107 22698 I Market-RetrofitRequest: dnsEnd : https://updateinfo.market.xiaomi.com/apm/updateinfo/v2
10-25 10:03:35.152 12107 22698 I Market-LimitSpeedManager: startLimitSpeedNow() ====== speed = 32768
10-25 10:03:35.152  1688  1688 I vendor.qti.hardware.servicetrackeraidl-service: unbindService is called for service : com.miui.cleanmaster/androidx.work.impl.background.systemjob.SystemJobService and for client system
10-25 10:03:35.152  1688  1688 I vendor.qti.hardware.servicetrackeraidl-service: size of service connections for service: com.miui.cleanmaster/androidx.work.impl.background.systemjob.SystemJobServiceafter removal is 0
10-25 10:03:35.152  1688  1688 I vendor.qti.hardware.servicetrackeraidl-service: size of client connections for client: systemafter removal is 33
10-25 10:03:35.152  1688  1688 I vendor.qti.hardware.servicetrackeraidl-service: destroyService is called for service : com.miui.cleanmaster/androidx.work.impl.background.systemjob.SystemJobService
10-25 10:03:35.153 12107 23794 I Market-WakeLockManager: acquire wakeLock: CheckUpdateService for 30000
10-25 10:03:35.153 10447 10463 I android.vending: This is sticky GC, maxfree is 16777216 minfree is 8388608
10-25 10:03:35.153 12107 23794 I Market-CheckUpdateService: force check Update Apps
10-25 10:03:35.153 12107 23794 I Market-LocalAppManager: query update apps from server : begin
10-25 10:03:35.153 12107 23794 I Market-LocalAppManager: checkUpdateFromServer : start
10-25 10:03:35.153 12107 23794 I Market-LocalAppManager: getUpdateInfoFromServer : start,isBackground=true
10-25 10:03:35.154 31439 31713 I artd    : Dex parent of /data/app/~~eoHynTL874K3_7m4RPtm_Q==/com.quark.browser-iu-NZgS212tTGjpgUKVQqw==/base.apk is not writable: Permission denied
10-25 10:03:35.154 31439 31713 I artd    : GetBestInfo checking odex in dalvik-cache (/data/dalvik-cache/arm64/data@app@~~eoHynTL874K3_7m4RPtm_Q==@com.quark.browser-iu-NZgS212tTGjpgUKVQqw==@base.apk@classes.dex)
10-25 10:03:35.154 31439 31713 I artd    : Loading /data/dalvik-cache/arm64/data@app@~~eoHynTL874K3_7m4RPtm_Q==@com.quark.browser-iu-NZgS212tTGjpgUKVQqw==@base.apk@classes.dex with executable: 0
10-25 10:03:35.154 31439 31713 I artd    : OatFileAssistant test for existing oat file /data/dalvik-cache/arm64/data@app@~~eoHynTL874K3_7m4RPtm_Q==@com.quark.browser-iu-NZgS212tTGjpgUKVQqw==@base.apk@classes.dex: File /data/dalvik-cache/arm64/data@app@~~eoHynTL874K3_7m4RPtm_Q==@com.quark.browser-iu-NZgS212tTGjpgUKVQqw==@base.apk@classes.vdex does not exist.
10-25 10:03:35.154 31439 31713 I artd    : GetBestInfo checking odex next to the dex file (/data/app/~~eoHynTL874K3_7m4RPtm_Q==/com.quark.browser-iu-NZgS212tTGjpgUKVQqw==/oat/arm64/base.odex)
10-25 10:03:35.154 31439 31713 I artd    : Loading /data/app/~~eoHynTL874K3_7m4RPtm_Q==/com.quark.browser-iu-NZgS212tTGjpgUKVQqw==/oat/arm64/base.odex with executable: 0
10-25 10:03:35.154 12107 22698 I Market-DownloadLimitSpeedManager: startLimitSpeed success. Total count 1
10-25 10:03:35.154 12107 22698 I Market-RetrofitRequest: HeaderInterceptor : https://updateinfo.market.xiaomi.com/apm/updateinfo/v2
10-25 10:03:35.155 31439 31713 I artd    : Successfully loaded /data/app/~~eoHynTL874K3_7m4RPtm_Q==/com.quark.browser-iu-NZgS212tTGjpgUKVQqw==/oat/arm64/base.odex with executable: 0
10-25 10:03:35.156 31439 31713 I artd    : /data/app/~~eoHynTL874K3_7m4RPtm_Q==/com.quark.browser-iu-NZgS212tTGjpgUKVQqw==/oat/arm64/base.odex is kOatUpToDate with filter verify
10-25 10:03:35.158 21451 21637 I FileLockLib: [21451]file 118 unlocked. fl.pid=0
10-25 10:03:35.159 10447 10465 W SQLiteConnectionPool: A SQLiteConnection object for database '/data/user/0/com.android.vending/databases/resource_data.db' was leaked!  Please fix your application to end transactions in progress properly and to close the database when it is no longer needed.
10-25 10:03:35.159 10447 10465 W System  : A resource failed to call SQLiteConnection.close. 
10-25 10:03:35.159 10447 10465 W System  : A resource failed to call SQLiteConnectionPool.close. 
10-25 10:03:35.159 10447 10465 W System  : A resource failed to call close. 
10-25 10:03:35.160  1688  1688 I vendor.qti.hardware.servicetrackeraidl-service: destroyService is called for service : com.google.android.gms/.icing.service.IndexWorkerService
10-25 10:03:35.156 21451 21451 W protocalManager: type=1400 audit(0.0:16693): avc:  granted  { execute } for  path="/data/user/0/com.tencent.android.qqdownloader/files/shell/9_9004130_9880/lib/arm64-v8a/libhttpdns.so" dev="dm-55" ino=144416 scontext=u:r:untrusted_app_27:s0:c512,c768 tcontext=u:object_r:app_data_file:s0:c512,c768 tclass=file app=com.tencent.android.qqdownloader
10-25 10:03:35.164 10447 10537 I Finsky  : [589] jyg.accept(156): AIM: AppInfoManager-Perf > getApps > data collection finished
10-25 10:03:35.164 10447 10537 I Finsky  : [589] kvo.run(976): AIM: AppInfoManager-Perf > maybeDestroyAppInfoManager is called. actives = 2
10-25 10:03:35.164 21451 23821 I FileLockLib: [21451]file 118 unlocked. fl.pid=0
10-25 10:03:35.166  5646 24174 I Fitness : (REDACTED) OnPackageChangedOperation got intent: %s
10-25 10:03:35.167 21451 23821 I FileLockLib: [21451]file 118 unlocked. fl.pid=0
10-25 10:03:35.167 21451 23821 I FileLockLib: [21451]file 118 unlocked. fl.pid=0
10-25 10:03:35.168  5787 24151 I Dck     : (REDACTED) disableDckSupport: %s
10-25 10:03:35.168  5787 24151 I Dck     : [WirelessCapabilitiesFeatures] wccSysProp: 1 [CONTEXT service_id=289 ]
10-25 10:03:35.168  5787 24151 I Dck     : [WirelessCapabilitiesFeatures] wccMendel: 3 [CONTEXT service_id=289 ]
10-25 10:03:35.169  5787 24151 I Dck     : [WirelessCapabilitiesFeatures] deviceWccOverride: false [CONTEXT service_id=289 ]
10-25 10:03:35.169  5787 24151 I Dck     : [WirelessCapabilitiesFeatures] replaceSupportedWccWithWccOverride: true [CONTEXT service_id=289 ]
10-25 10:03:35.169  5787 24151 I Dck     : [WirelessCapabilitiesFeatures] wccOverride: not set [CONTEXT service_id=289 ]
10-25 10:03:35.169  5787 24151 I Dck     : (REDACTED) [WirelessCapabilitiesFeatures] wcc: %s
10-25 10:03:35.169  5787 24151 I Dck     : Dck module condition - downloadAllowed: false [CONTEXT service_id=289 ]
10-25 10:03:35.169  5787 24151 W Dck     : Dck module not eligible for asynchronous downloading [CONTEXT service_id=289 ]
10-25 10:03:35.169  5787 24154 I Auth    : (REDACTED) [SupervisedAccountIntentOperationV2] onHandleIntent: %s
10-25 10:03:35.170  1688  1688 I vendor.qti.hardware.servicetrackeraidl-service: destroyService is called for service : com.google.android.gms/.icing.service.IndexWorkerService
10-25 10:03:35.170  5646 24176 I ProximityAuth: [RecentAppsMediator] Package added: (user=UserHandle{0}) com.quark.browser
10-25 10:03:35.172  5646 24181 W GCM     : Unexpected forwarded intent: Intent { act=android.intent.action.PACKAGE_ADDED dat=package: flg=0x4000010 pkg=com.google.android.gms cmp=com.google.android.gms/.chimera.PersistentIntentOperationService (has extras) }
10-25 10:03:35.172  5787 24157 I NearbyDiscovery: (REDACTED) processGrantSlicePermission: %s
10-25 10:03:35.175  5646 24188 I Fitness : (REDACTED) FitCleanupIntentOperation received Intent %s
10-25 10:03:35.180  5646 24172 W NetworkScheduler: Unexpected forwarded intent: Intent { act=android.intent.action.PACKAGE_ADDED dat=package: flg=0x4000010 pkg=com.google.android.gms cmp=com.google.android.gms/.chimera.PersistentIntentOperationService (has extras) }
10-25 10:03:35.181  3030  3793 I libsensor-boledalgo: dbv:363,lux:48.0,cct:7053.9,hsv:-1.0,dc:0CWB R:3132.0,G:7638.5,B:4874.3Event C:3270.4,R:1674.8,G:1273.1,B:775.3Cali C:187.8,R:68.5,G:65.1,B:31.1 
10-25 10:03:35.182  5787 22872 I Icing   : Indexing com.google.android.gms-apps from com.google.android.gms
10-25 10:03:35.183  2318  5110 I PowerManagerServiceImpl: Partial wakeLock:[PARTIAL_WAKE_LOCK                 'xc' (uid=10324 pid=21451 pkg=com.tencent.android.qqdownloader)], disabled: true, procState: 19, reason: Process Priority
10-25 10:03:35.191  5787 22872 I Icing   : Indexing done com.google.android.gms-apps
10-25 10:03:35.194  5646 24174 I Fitness : (REDACTED) OnPackageChangedOperation got intent: %s
10-25 10:03:35.195  1688  1688 I vendor.qti.hardware.servicetrackeraidl-service: destroyService is called for service : com.google.android.gms/.fitness.service.recording.FitRecordingBroker
10-25 10:03:35.197  5646 24181 I Fitness : (REDACTED) FitCleanupIntentOperation received Intent %s
10-25 10:03:35.197  5787 22872 I Icing   : Indexing com.google.android.gms-apps from com.google.android.gms
10-25 10:03:35.200  1688  1688 I vendor.qti.hardware.servicetrackeraidl-service: destroyService is called for service : com.google.android.gms/.fitness.service.recording.FitRecordingBroker
10-25 10:03:35.202  5787 22872 I Icing   : Indexing done com.google.android.gms-apps
10-25 10:03:35.205  5787 22872 I Icing   : Indexing com.google.android.gms-apps from com.google.android.gms
10-25 10:03:35.205  5787 22872 I Icing   : Indexing done com.google.android.gms-apps
10-25 10:03:35.207  1688  1688 I vendor.qti.hardware.servicetrackeraidl-service: destroyService is called for service : com.google.android.gms/.icing.service.IndexWorkerService
10-25 10:03:35.213  1688  1688 I vendor.qti.hardware.servicetrackeraidl-service: destroyService is called for service : com.google.android.gms/.icing.service.IndexWorkerService
10-25 10:03:35.222 12107 23794 I Market-LocalAppManager: getUpdateInfoFromServer : middle
10-25 10:03:35.222  7630  7654 I kloadclassifier: This is sticky GC, maxfree is 16777216 minfree is 8388608
10-25 10:03:35.224 12107 23794 I Market-RetrofitRequest: callStart : https://updateinfo.market.xiaomi.com/apm/updateinfo/v2
10-25 10:03:35.224 12107 23794 I Market-RetrofitRequest: HeaderInterceptor : https://updateinfo.market.xiaomi.com/apm/updateinfo/v2
10-25 10:03:35.227 12107 23794 I Market-RetrofitRequest: dnsStart : https://updateinfo.market.xiaomi.com/apm/updateinfo/v2
10-25 10:03:35.228 12107 23794 I Market-HttpDns: HttpDns hostname updateinfo.market.xiaomi.com address : [updateinfo.market.xiaomi.com/101.126.91.123, updateinfo.market.xiaomi.com/124.251.101.62, updateinfo.market.xiaomi.com/2406:d440:106:5700:1117:9e8e:1ac:de9c, updateinfo.market.xiaomi.com/2403:a200:a200:14f1::1f, updateinfo.market.xiaomi.com/240e:83:201:74f0::6]
10-25 10:03:35.228 12107 23794 I Market-RetrofitRequest: dnsEnd : https://updateinfo.market.xiaomi.com/apm/updateinfo/v2
10-25 10:03:35.228 12107 23794 I Market-LimitSpeedManager: startLimitSpeedNow() ====== speed = 32768
10-25 10:03:35.230 12107 23794 I Market-DownloadLimitSpeedManager: startLimitSpeed success. Total count 2
10-25 10:03:35.230 12107 23794 I Market-RetrofitRequest: HeaderInterceptor : https://updateinfo.market.xiaomi.com/apm/updateinfo/v2
10-25 10:03:35.231  1672  6635 E ANDR-PERF-LM: MetaMeter: handleAsync() 166: AdaptLaunch Invalid Async
10-25 10:03:35.232  2318  3691 I MiuiNetworkPolicy: updateUidState uid = 10083, uidState = 19
10-25 10:03:35.235  7630 10736 W SQLiteLog: (28) double-quoted string literal: "com.quark.browser"
10-25 10:03:35.237 31439 31713 I artd    : Dex parent of /data/app/~~eoHynTL874K3_7m4RPtm_Q==/com.quark.browser-iu-NZgS212tTGjpgUKVQqw==/base.apk is not writable: Permission denied
10-25 10:03:35.237 31439 31713 I artd    : GetBestInfo checking odex in dalvik-cache (/data/dalvik-cache/arm64/data@app@~~eoHynTL874K3_7m4RPtm_Q==@com.quark.browser-iu-NZgS212tTGjpgUKVQqw==@base.apk@classes.dex)
10-25 10:03:35.237 31439 31713 I artd    : Loading /data/dalvik-cache/arm64/data@app@~~eoHynTL874K3_7m4RPtm_Q==@com.quark.browser-iu-NZgS212tTGjpgUKVQqw==@base.apk@classes.dex with executable: 0
10-25 10:03:35.237 31439 31713 I artd    : OatFileAssistant test for existing oat file /data/dalvik-cache/arm64/data@app@~~eoHynTL874K3_7m4RPtm_Q==@com.quark.browser-iu-NZgS212tTGjpgUKVQqw==@base.apk@classes.dex: File /data/dalvik-cache/arm64/data@app@~~eoHynTL874K3_7m4RPtm_Q==@com.quark.browser-iu-NZgS212tTGjpgUKVQqw==@base.apk@classes.vdex does not exist.
10-25 10:03:35.237 31439 31713 I artd    : GetBestInfo checking odex next to the dex file (/data/app/~~eoHynTL874K3_7m4RPtm_Q==/com.quark.browser-iu-NZgS212tTGjpgUKVQqw==/oat/arm64/base.odex)
10-25 10:03:35.237 31439 31713 I artd    : Loading /data/app/~~eoHynTL874K3_7m4RPtm_Q==/com.quark.browser-iu-NZgS212tTGjpgUKVQqw==/oat/arm64/base.odex with executable: 0
10-25 10:03:35.237 31439 31713 I artd    : Successfully loaded /data/app/~~eoHynTL874K3_7m4RPtm_Q==/com.quark.browser-iu-NZgS212tTGjpgUKVQqw==/oat/arm64/base.odex with executable: 0
10-25 10:03:35.238 31439 31713 I artd    : /data/app/~~eoHynTL874K3_7m4RPtm_Q==/com.quark.browser-iu-NZgS212tTGjpgUKVQqw==/oat/arm64/base.odex is kOatUpToDate with filter verify
10-25 10:03:35.281  2318  3489 I MiSensorServiceImpl: LightFovOptimizationSensor::screen_angle: 0.095713 0.332602 9.745967 -nan 44.219326 0.000000 0 44.219326 0 44.219326
10-25 10:03:35.331  3030  3793 I libsensor-boledalgo: ##### the value of lux: 44.219326, cct: 7075.000000
10-25 10:03:35.331  3030  3793 I libsensor-qshcalapi: value of set_lux: 44.219326, set r: 7075.000000
10-25 10:03:35.358  2318  2318 W NotificationHistory: Attempted to add notif for locked/gone/disabled user 0
10-25 10:03:35.367  4692  4692 E NotifCollection: No notification to remove with key 0|com.xiaomi.market|7439250|null|10167 reason=0:REASON_UNKNOWN
10-25 10:03:35.381  3030  3793 I libsensor-boledalgo: dbv:363,lux:48.0,cct:7156.2,hsv:-1.0,dc:0CWB R:3132.0,G:7638.5,B:4874.3Event C:3281.9,R:1669.9,G:1271.4,B:779.0Cali C:187.8,R:68.5,G:65.1,B:31.1 
10-25 10:03:35.430  3030  3793 I libsensor-boledalgo: dbv:363,lux:47.7,cct:7091.0,hsv:-1.0,dc:0CWB R:3132.0,G:7638.5,B:4874.3Event C:3272.3,R:1676.8,G:1267.0,B:775.3Cali C:187.8,R:68.5,G:65.1,B:31.1 
10-25 10:03:35.455  2318  3691 I MiuiNetworkPolicy: bandwidth: 1 KB/s, Max bandwidth: 7411 KB/s
10-25 10:03:35.480  2318  3489 I MiSensorServiceImpl: LightFovOptimizationSensor::screen_angle: 0.094516 0.329611 9.743574 -nan 44.219326 0.000000 0 44.219326 0 44.219326
10-25 10:03:35.550  2318  5110 I ActivityManager: Broadcasting: Intent { act=android.intent.action.MEDIA_SCANNER_SCAN_FILE dat=file:///... flg=0x400000 }
10-25 10:03:35.552  2318  5110 I ActivityManager: Enqueued broadcast Intent { act=android.intent.action.MEDIA_SCANNER_SCAN_FILE dat=file:///... flg=0x400000 }: 0
10-25 10:03:35.555 31449 31449 W MiuiGallery2_BaseMediaScannerReceiver: [main] - Broadcast received, action: [android.intent.action.MEDIA_SCANNER_SCAN_FILE], data uri: [file:///sdcard/screen_2025-10-25_100333.png], CTA not allowed
10-25 10:03:35.557  2318  3691 I MiuiNetworkPolicy: updateUidState uid = 10271, uidState = 11
10-25 10:03:35.558  2318  3691 I MiuiNetworkPolicy: updateUidState uid = 10271, uidState = 19
10-25 10:03:35.560  7336  7336 I MediaProvider: receive action = android.intent.action.MEDIA_SCANNER_SCAN_FILE schemeSpecificPart = ///sdcard/screen_2025-10-25_100333.png
10-25 10:03:35.561  2318  5110 W JobInfo : Job 'com.android.providers.media.module/com.android.providers.media.MediaService#-300' has a deadline with no functional constraints. The deadline won't improve job execution latency. Consider removing the deadline.
10-25 10:03:35.565  1688  1688 I vendor.qti.hardware.servicetrackeraidl-service: bindService is called for service : com.android.providers.media.module/com.android.providers.media.MediaService and for client system
10-25 10:03:35.565  1688  1688 I vendor.qti.hardware.servicetrackeraidl-service: total connections for service : com.android.providers.media.module/com.android.providers.media.MediaServiceare :1
10-25 10:03:35.565  1688  1688 I vendor.qti.hardware.servicetrackeraidl-service: total connections for client : systemare :34
10-25 10:03:35.568  2318  4216 I whetstone.activity: processNotifyEvent1 resId = 256, bundle = Bundle[{startTime=43977273, sourcePkg=com.android.providers.media.module, sourceUid=10249, status=1, jobId=-300, batteryName=com.android.providers.media.module/com.android.providers.media.MediaService, elapsedRealtime=43977273}]
10-25 10:03:35.568  9264 11312 I EventMonitor: notifyEvent resId=256
10-25 10:03:35.577  7336  8311 I MediaProvider: Begin Intent { act=android.intent.action.MEDIA_SCANNER_SCAN_FILE dat=file:///... flg=0x1400010 cmp=com.android.providers.media.module/com.android.providers.media.MediaService }
10-25 10:03:35.577  2318  2426 I ActivityManager: Broadcast completed: result=0
10-25 10:03:35.591 12107 22698 I Market-DownloadLimitSpeedManager: tryStopLimitSpeed 1
10-25 10:03:35.591 12107 22698 I Market-RetrofitRequest: callEnd : https://updateinfo.market.xiaomi.com/apm/updateinfo/v2
10-25 10:03:35.592 12107 22698 I Market-LocalAppManager: getUpdateInfoFromServer : end  , responseCode : OK
10-25 10:03:35.592 12107 22698 I Market-LocalAppManager: checkUpdateFromServer : end
10-25 10:03:35.592 12107 22698 I Market-LocalAppManager: checkUpdateFromServer  data parser : end
10-25 10:03:35.592 12107 22698 I Market-HuanjiManager: condition not satisfied, ignore
10-25 10:03:35.592 12107 22698 I Market-DataParser: [InvalidPackageList] JSON : invalidSystemPackageList list is null
10-25 10:03:35.592 12107 22698 I Market-LocalAppManager: checkUpdateFromServer  filter package : end
10-25 10:03:35.592 12107 22698 I Market-LocalAppManager: checkUpdateFromServer  support64BitPackagesJsonArray : end
10-25 10:03:35.593 12107 22698 I Market-SystemSettingsManager: extraSettingsSecureGetInt key: com.xiaomi.market.need_update_game_count, value: 0
10-25 10:03:35.593 12107 22698 I Market-UpdateAppList: notify update appList changed: pkg (66) = com.milink.service,com.miui.hybrid,com.baidu.BaiduMap,com.miui.cleanmaster,com.netease.newsreader.activity,com.microsoft.emmx,com.android.fileexplorer,com.xiaomi.aiasst.vision,com.microsoft.office.outlook,com.miui.newhome,com.autonavi.minimap,com.miui.mishare.connectivity,com.android.contacts,com.unionpay.tsmservice.mi,com.miui.greenguard,com.miui.voiceassist,com.miui.thirdappassistant,com.xiaomi.scanner,com.miui.securitycenter,com.einnovation.temu,com.duokan.reader,com.wuba.zhuanzhuan,com.xingin.xhs,com.android.updater,com.miui.touchassistant,tv.danmaku.bili,com.dragon.read,com.miui.gallery,com.miui.cloudservice,com.miui.screenrecorder,com.alibaba.aliexpresshd,com.mfashiongallery.emag,com.xiaomi.market,com.miui.carlink,com.miui.notes,com.xiaomi.payment,com.miui.home,com.xiaomi.gamecenter,com.smile.gifmaker,com.miui.analytics,com.ss.android.ugc.aweme.lite,com.android.browser,com.xiaomi.account,com.suxing.sustream,com.xiaomi.mis,com.miui.virtualsim,com.android.quicksearchbox,com.sina.news,com.miui.video,com.ss.android.article.news,com.miui.miwallpaper,com.quark.browser,com.xiaomi.mi_connect_service,com.miui.personalassistant,com.miui.securityadd,com.kuaishou.nebula,com.xiaomi.gamecenter.sdk.service,com.xiaomi.simactivate.service,com.miui.bugreport,cn.amazon.mShop.android,com.xiaomi.digitalkey,com.android.calendar,com.xiaomi.aicr,com.xiaomi.xmsf,com.xiaomi.mirror,com.android.soundrecorder
10-25 10:03:35.594 12107 22698 I Market-SystemSettingsManager: extraSettingsSecureGetInt key: com.xiaomi.market.need_update_app_count, value: 65
10-25 10:03:35.594 12107 22698 I Market-SystemSettingsManager: extraSettingsSecurePutInt key: com.xiaomi.market.need_update_app_count, value: 66
10-25 10:03:35.595  7336  8311 I MediaProvider: End Intent { act=android.intent.action.MEDIA_SCANNER_SCAN_FILE dat=file:///... flg=0x1400010 cmp=com.android.providers.media.module/com.android.providers.media.MediaService }
10-25 10:03:35.596  1688  1688 I vendor.qti.hardware.servicetrackeraidl-service: unbindService is called for service : com.android.providers.media.module/com.android.providers.media.MediaService and for client system
10-25 10:03:35.596  1688  1688 I vendor.qti.hardware.servicetrackeraidl-service: size of service connections for service: com.android.providers.media.module/com.android.providers.media.MediaServiceafter removal is 0
10-25 10:03:35.596  1688  1688 I vendor.qti.hardware.servicetrackeraidl-service: size of client connections for client: systemafter removal is 33
10-25 10:03:35.597  1688  1688 I vendor.qti.hardware.servicetrackeraidl-service: destroyService is called for service : com.android.providers.media.module/com.android.providers.media.MediaService
10-25 10:03:35.597 12107 22762 I Market-SubScriptManager: updateMarketSubScript forceShow : false
10-25 10:03:35.597 12107 22762 I Market-SubScriptManager: get count 65
10-25 10:03:35.597 12107 22762 I Market-SubScriptManager: get count 65
10-25 10:03:35.600 12107 22762 I Market-SubScriptManager: set count 66
10-25 10:03:35.604  2318  4216 I whetstone.activity: processNotifyEvent1 resId = 256, bundle = Bundle[{startTime=43977302, sourcePkg=com.android.providers.media.module, sourceUid=10249, status=0, jobId=-300, batteryName=com.android.providers.media.module/com.android.providers.media.MediaService, elapsedRealtime=43977302}]
10-25 10:03:35.604  9264 11313 I EventMonitor: notifyEvent resId=256
10-25 10:03:35.613  7336  7362 I FuseDaemon: This is non sticky GC, maxfree is 16777216 minfree is 8388608
10-25 10:03:35.615  1908  1908 E DisplayModeController: setDesiredMode : Idle status skip setActiveMode, isDdicIdleMode: 1
10-25 10:03:35.615  1656  2244 I SDM     : HWCDisplay::SetActiveConfigWithConstraints: display:66-0, config: 3, WxH 1200x2670, fps 120
10-25 10:03:35.616  1656  2244 W SDM     : HWDeviceDRM::GetSupportedBitClkRate: Requested rate not supported: 1150000000
10-25 10:03:35.616  1656  2244 I SDM     : HWDeviceDRM::UpdateMixerAttributes: Mixer WxH 1200x2670-1 for Peripheral
10-25 10:03:35.616  1656  2244 I SDM     : HWCDisplay::SubmitDisplayConfig: Active configuration changed from config 1 to 3
10-25 10:03:35.616  1656  2244 I SDM     : HWCDisplay::SubmitDisplayConfig: Active WxH 1200x2670 ,ddic_mode:auto, timing_fps: 120, sf_fps: 120
10-25 10:03:35.618  1656  2516 I vendor.qti.hardware.display.composer-service: Sensor: notify citsensorservice to trigger cwb, misForced = 0
10-25 10:03:35.619  3030  3788 I libsensor-parseRGB: request dump start for mRequestDisplayId 0
10-25 10:03:35.648  3030  3108 E libsensor-parseRGB: CWB NotifyCWBBufferDone  error 0
10-25 10:03:35.680  2318  3489 I MiSensorServiceImpl: LightFovOptimizationSensor::screen_angle: 0.091525 0.336790 9.746565 -nan 44.219326 0.000000 0 44.219326 0 44.219326
10-25 10:03:35.686 21451 23821 W HTTPDNS : des_crypt key len < 8
10-25 10:03:35.689  2318  5293 I NetworkAccelerateSwitchService: EVENT_RSSI_POLL. mRssiPoll=true
10-25 10:03:35.689  2318  5293 I NetworkAccelerateSwitchService: getAverageWifiRssi:34
10-25 10:03:35.704  1656  1854 I SDM     : DisplayBase::CommitThread: Received idle timeout, panel: cmd, timeout: 70000 us
10-25 10:03:35.732  1656  2244 I SDM     : HWCDisplay::SetActiveConfigWithConstraints: display:66-0, config: 1, WxH 1200x2670, fps 120
10-25 10:03:35.733  1656  2244 W SDM     : HWDeviceDRM::GetSupportedBitClkRate: Requested rate not supported: 1150000000
10-25 10:03:35.733  1656  2244 I SDM     : HWDeviceDRM::UpdateMixerAttributes: Mixer WxH 1200x2670-1 for Peripheral
10-25 10:03:35.733  1656  2244 I SDM     : HWCDisplay::SubmitDisplayConfig: Active configuration changed from config 3 to 1
10-25 10:03:35.733  1656  2244 I SDM     : HWCDisplay::SubmitDisplayConfig: Active WxH 1200x2670 ,ddic_mode:idle, timing_fps: 120, sf_fps: 120
10-25 10:03:35.807  3094  3094 I adbd    : in ShellService: rm /sdcard/screen_2025-10-25_100333.png
10-25 10:03:35.812  1656  1854 I SDM     : DisplayBase::CommitThread: Received idle timeout, panel: cmd, timeout: 70000 us
10-25 10:03:35.836  7336  7794 I MediaProvider: Deleted paths_hashcode::1389444597/:1389444597/316817354333.png items on external_primary due to com.android.shell tid=24217
10-25 10:03:35.840 12107 23794 I Market-DownloadLimitSpeedManager: stopLimitSpeed
10-25 10:03:35.841 12107 23794 I Market-LimitSpeedManager: stopLimitSpeedNow() =========== 
10-25 10:03:35.859  7315  7329 I .miui.analytics: This is sticky GC, maxfree is 16777216 minfree is 8388608
10-25 10:03:35.881  2318  3489 I MiSensorServiceImpl: LightFovOptimizationSensor::screen_angle: 0.093918 0.330808 9.745967 -nan 44.219326 0.000000 0 44.219326 0 44.219326
10-25 10:03:35.891  1656  2516 I vendor.qti.hardware.display.composer-service: Sensor: notify citsensorservice to trigger cwb, misForced = 1
10-25 10:03:35.892  3030  3788 I libsensor-parseRGB: request dump start for mRequestDisplayId 0
10-25 10:03:35.903 12107 23794 I Market-RetrofitRequest: callEnd : https://updateinfo.market.xiaomi.com/apm/updateinfo/v2
10-25 10:03:35.905 12107 23794 W Market-Connection: Connection result is cut off as too long
10-25 10:03:35.912 12107 23794 I Market-LocalAppManager: getUpdateInfoFromServer : end  , responseCode : OK
10-25 10:03:35.912 12107 23794 I Market-LocalAppManager: checkUpdateFromServer : end
10-25 10:03:35.914 12107 23794 I Market-LocalAppManager: checkUpdateFromServer  data parser : end
10-25 10:03:35.914 12107 23794 I Market-HuanjiManager: condition not satisfied, ignore
10-25 10:03:35.914  3030  3108 E libsensor-parseRGB: CWB NotifyCWBBufferDone  error 0
10-25 10:03:35.914 12107 23794 I Market-DataParser: [InvalidPackageList] JSON : invalidSystemPackageList list is null
10-25 10:03:35.914 12107 23794 I Market-LocalAppManager: checkUpdateFromServer  filter package : end
10-25 10:03:35.915 12107 23794 I Market-LocalAppManager: checkUpdateFromServer  support64BitPackagesJsonArray : end
10-25 10:03:35.915 12107 23794 I Market-LocalAppManager: query update apps from server : finish, 68 / 421 to update
10-25 10:03:35.927 12107 23794 I Market-RetrofitRequest: callStart : https://updateinfo.market.xiaomi.com/apm/updateinfo/priority
10-25 10:03:35.928 12107 23794 I Market-RetrofitRequest: HeaderInterceptor : https://updateinfo.market.xiaomi.com/apm/updateinfo/priority
10-25 10:03:35.930 12107 23794 I Market-RetrofitRequest: dnsStart : https://updateinfo.market.xiaomi.com/apm/updateinfo/priority
10-25 10:03:35.930 12107 23794 I Market-HttpDns: HttpDns hostname updateinfo.market.xiaomi.com address : [updateinfo.market.xiaomi.com/101.126.91.123, updateinfo.market.xiaomi.com/124.251.101.62, updateinfo.market.xiaomi.com/2406:d440:106:5700:1117:9e8e:1ac:de9c, updateinfo.market.xiaomi.com/2403:a200:a200:14f1::1f, updateinfo.market.xiaomi.com/240e:83:201:74f0::6]
10-25 10:03:35.930 12107 23794 I Market-RetrofitRequest: dnsEnd : https://updateinfo.market.xiaomi.com/apm/updateinfo/priority
10-25 10:03:35.930 12107 23794 I Market-LimitSpeedManager: startLimitSpeedNow() ====== speed = 32768
10-25 10:03:35.933 12107 23794 I Market-DownloadLimitSpeedManager: startLimitSpeed success. Total count 1
10-25 10:03:35.933 12107 23794 I Market-RetrofitRequest: HeaderInterceptor : https://updateinfo.market.xiaomi.com/apm/updateinfo/priority
10-25 10:03:35.971  1656  1854 I SDM     : DisplayBase::CommitThread: Received idle timeout, panel: cmd, timeout: 70000 us
10-25 10:03:35.974  3094  3094 I adbd    : in ShellService: ps
10-25 10:03:35.982  3030  3793 I libsensor-boledalgo: dbv:363,lux:47.9,cct:7166.4,hsv:-1.0,dc:0CWB R:3132.0,G:7638.5,B:4874.3Event C:3288.0,R:1678.1,G:1271.9,B:781.6Cali C:187.8,R:68.5,G:65.1,B:31.1 
10-25 10:03:36.034  3094  3094 I adbd    : in ShellService: dumpsys display
10-25 10:03:36.059  1688  1688 I vendor.qti.hardware.servicetrackeraidl-service: unbindService is called for service : com.google.android.gms/.chimera.PersistentApiService and for client com.google.android.gms.persistent
10-25 10:03:36.080  2318  3489 I MiSensorServiceImpl: LightFovOptimizationSensor::screen_angle: 0.092722 0.327817 9.753145 -nan 44.219326 0.000000 0 44.219326 0 44.219326
10-25 10:03:36.081  7707  7707 I RuntimePermissionManager: isRuntimeRequestSupport: true
10-25 10:03:36.085  3030  3793 I libsensor-boledalgo: dbv:363,lux:48.4,cct:7068.0,hsv:-1.0,dc:0CWB R:3132.0,G:7638.5,B:4874.3Event C:3294.4,R:1682.9,G:1281.0,B:780.2Cali C:187.8,R:68.5,G:65.1,B:31.1 
10-25 10:03:36.090  2318  2525 I AppsFilter: interaction: PackageSetting{a670ac6 com.android.microdroid.empty_payload/10236} -> PackageSetting{d916938 com.miui.cleanmaster/10266} BLOCKED
10-25 10:03:36.090  2318  2525 I AppsFilter: interaction: PackageSetting{1e69db4 io.appium.uiautomator2.server.test/10280} -> PackageSetting{d916938 com.miui.cleanmaster/10266} BLOCKED
10-25 10:03:36.090  2318  2525 I AppsFilter: interaction: PackageSetting{762ddd io.github.ylimit.droidbotapp/10441} -> PackageSetting{d916938 com.miui.cleanmaster/10266} BLOCKED
10-25 10:03:36.090  2318  2525 I AppsFilter: interaction: PackageSetting{a390d52 com.rongcard.eid/10151} -> PackageSetting{d916938 com.miui.cleanmaster/10266} BLOCKED
10-25 10:03:36.091  2318  2525 I AppsFilter: interaction: PackageSetting{bc5d823 io.appium.settings/10274} -> PackageSetting{d916938 com.miui.cleanmaster/10266} BLOCKED
10-25 10:03:36.093 11547 11678 I Ad      : isPersonalizedAdEnabled getAdSettings: 1
10-25 10:03:36.102  2318  5023 W ContentProviderHelper: Permission Denial: opening provider androidx.core.content.FileProvider from ProcessRecord{b5c3562 21526:com.tencent.android.qqdownloader/u0a324} (pid=21526, uid=10324) that is not exported from UID 1027
10-25 10:03:36.102  2318  3999 W ParceledListSlice: Element #7 is 20484 bytes.
10-25 10:03:36.103  6892 29270 I PermissionControllerServiceImpl: Updating user sensitive for uid 10266
10-25 10:03:36.104 12107 23794 I Market-DownloadLimitSpeedManager: stopLimitSpeed
10-25 10:03:36.104 12107 23794 I Market-LimitSpeedManager: stopLimitSpeedNow() =========== 
10-25 10:03:36.105  7438  7438 E RegisteredServicesCache: Skipping application component ComponentInfo{com.autonavi.minimap/com.alibaba.ariver.commonability.device.jsapi.nfc.service.TinyAppHostApduService}: it must request the permission android.permission.NFC
10-25 10:03:36.105  7438  7438 E RegisteredServicesCache: Skipping application component ComponentInfo{com.autonavi.minimap/com.alipay.mobile.aompdevice.nfc.service.TinyAppHostApduService}: it must request the permission android.permission.NFC
10-25 10:03:36.105  2318  5450 W ParceledListSlice: Element #44 is 26672 bytes.
10-25 10:03:36.105  2318  5450 W ParceledListSlice: Overly large reply size: 82384
10-25 10:03:36.105  2318  2422 W ParceledListSlice: Element #45 is 26676 bytes.
10-25 10:03:36.106  2318  2422 W ParceledListSlice: Element #46 is 26676 bytes.
10-25 10:03:36.106  2318  2422 W ParceledListSlice: Element #47 is 26684 bytes.
10-25 10:03:36.106  7438  7438 I RegisteredServicesCache: current user: 0, is managed profile : false
10-25 10:03:36.106  2318  3608 W ParceledListSlice: Element #48 is 26688 bytes.
10-25 10:03:36.106  7438  7438 I RegisteredAidCache: updateRoutingLocked(false): Enter
10-25 10:03:36.106  7438  7438 I AidRoutingManager: configureRouting(false): Enter
10-25 10:03:36.106  7438  7438 E AidRoutingManager: Size of routing table970
10-25 10:03:36.106  7438  7438 I RegisteredAidCache: updateRoutingLocked(false): exit
10-25 10:03:36.107  2318  3608 W ParceledListSlice: Element #54 is 29724 bytes.
10-25 10:03:36.107  2318  3608 W ParceledListSlice: Overly large reply size: 82972
10-25 10:03:36.107  7438  7438 I libnfc_nci: [INFO:NativeT4tNfcee.cpp(870)] nfcManager_isFwSupportNonStdT4TAid Enter isFwSupport = 1
10-25 10:03:36.107  7438  7438 I libnfc_nci: [INFO:SecureElement.cpp(1487)] SecureElement::getEseHandleFromGenericId: enter; ESE-ID = 0x7F
10-25 10:03:36.107  7438  7438 I libnfc_nci: [INFO:SecureElement.cpp(1528)] SecureElement::getEseHandleFromGenericId: enter; ESE-Handle = 0x410
10-25 10:03:36.107  7438  7438 I libnfc_nci: [INFO:SecureElement.cpp(1487)] SecureElement::getEseHandleFromGenericId: enter; ESE-ID = 0x00
10-25 10:03:36.107  7438  7438 I libnfc_nci: [INFO:SecureElement.cpp(1528)] SecureElement::getEseHandleFromGenericId: enter; ESE-Handle = 0x400
10-25 10:03:36.108  2318  5455 W ParceledListSlice: Element #55 is 29744 bytes.
10-25 10:03:36.108  2318  5455 W ParceledListSlice: Element #56 is 29736 bytes.
10-25 10:03:36.108  4610 23262 I SecureElement-Terminal-eSE1: isSecureElementPresent()
10-25 10:03:36.110  4663  5397 E SmsApplication: com.android.mms lost android:read_cell_broadcasts:  (fixing)
10-25 10:03:36.110  2318  3608 W AppOpService: Ignored setUidMode call for runtime permission app op: uid = 10141, code = READ_CELL_BROADCASTS, mode = allow, callingUid = 1001, oldMode = allow
10-25 10:03:36.110 12107 23794 I Market-RetrofitRequest: callEnd : https://updateinfo.market.xiaomi.com/apm/updateinfo/priority
10-25 10:03:36.111  1594  1594 I android.hardware.secure_element-service.qti: isCardPresent
10-25 10:03:36.111  1594  1594 I android.hardware.secure_element-service.qti: isCardPresent exit, cardPresent: 1
10-25 10:03:36.113  4610 23262 I SecureElement-Terminal-SIM1: isSecureElementPresent()
10-25 10:03:36.114  2318  3998 W AppOpService: Ignored setUidMode call for runtime permission app op: uid = 1001, code = READ_SMS, mode = allow, callingUid = 1001, oldMode = allow
10-25 10:03:36.114  2318  3998 W AppOpService: Ignored setUidMode call for runtime permission app op: uid = 1001, code = RECEIVE_SMS, mode = allow, callingUid = 1001, oldMode = allow
10-25 10:03:36.114  4610 23262 I SecureElement-Terminal-SIM1: isNfcEventAllowed: No access rules for checking.
10-25 10:03:36.114  2318  3998 W AppOpService: Ignored setUidMode call for runtime permission app op: uid = 1001, code = RECEIVE_WAP_PUSH, mode = allow, callingUid = 1001, oldMode = allow
10-25 10:03:36.115 12107 23794 I Market-SystemSettingsManager: extraSettingsSecureGetInt key: com.xiaomi.market.need_update_game_count, value: 0
10-25 10:03:36.115  2318  3999 W AppOpService: Ignored setUidMode call for runtime permission app op: uid = 1001, code = SEND_SMS, mode = allow, callingUid = 1001, oldMode = allow
10-25 10:03:36.115 12107 23794 I Market-UpdateAppList: update app list do not change, don't notify: pkg (66) = com.milink.service,com.miui.hybrid,com.baidu.BaiduMap,com.miui.cleanmaster,com.netease.newsreader.activity,com.microsoft.emmx,com.android.fileexplorer,com.xiaomi.aiasst.vision,com.microsoft.office.outlook,com.miui.newhome,com.autonavi.minimap,com.miui.mishare.connectivity,com.android.contacts,com.unionpay.tsmservice.mi,com.miui.greenguard,com.miui.voiceassist,com.miui.thirdappassistant,com.xiaomi.scanner,com.miui.securitycenter,com.einnovation.temu,com.duokan.reader,com.wuba.zhuanzhuan,com.xingin.xhs,com.android.updater,com.miui.touchassistant,tv.danmaku.bili,com.dragon.read,com.miui.gallery,com.miui.cloudservice,com.miui.screenrecorder,com.alibaba.aliexpresshd,com.mfashiongallery.emag,com.xiaomi.market,com.miui.carlink,com.miui.notes,com.xiaomi.payment,com.miui.home,com.xiaomi.gamecenter,com.smile.gifmaker,com.miui.analytics,com.ss.android.ugc.aweme.lite,com.android.browser,com.xiaomi.account,com.suxing.sustream,com.xiaomi.mis,com.miui.virtualsim,com.android.quicksearchbox,com.sina.news,com.miui.video,com.ss.android.article.news,com.miui.miwallpaper,com.quark.browser,com.xiaomi.mi_connect_service,com.miui.personalassistant,com.miui.securityadd,com.kuaishou.nebula,com.xiaomi.gamecenter.sdk.service,com.xiaomi.simactivate.service,com.miui.bugreport,cn.amazon.mShop.android,com.xiaomi.digitalkey,com.android.calendar,com.xiaomi.aicr,com.xiaomi.xmsf,com.xiaomi.mirror,com.android.soundrecorder
10-25 10:03:36.115  4610 23262 I SecureElement-Terminal-SIM2: isSecureElementPresent()
10-25 10:03:36.115  2318  3999 W AppOpService: Ignored setUidMode call for runtime permission app op: uid = 1001, code = READ_CELL_BROADCASTS, mode = allow, callingUid = 1001, oldMode = allow
10-25 10:03:36.116 12107 23736 I Market-SubScriptManager: updateMarketSubScript forceShow : false
10-25 10:03:36.116 12107 23736 I Market-SubScriptManager: get count 66
10-25 10:03:36.117 12107 23736 I Market-SubScriptManager: get count 66
10-25 10:03:36.118 12107 23794 I Market-LocalAppManager: queryDiffSizeFromServer start
10-25 10:03:36.122  2318  3608 W ParceledListSlice: Element #332 is 20784 bytes.
10-25 10:03:36.122  2318  3608 W ParceledListSlice: Element #333 is 20764 bytes.
10-25 10:03:36.123  2318  5091 W ParceledListSlice: Element #334 is 20772 bytes.
10-25 10:03:36.123  2318  5091 W ParceledListSlice: Element #335 is 20752 bytes.
10-25 10:03:36.123  2318  5091 W ParceledListSlice: Element #336 is 20800 bytes.
10-25 10:03:36.123  2318  5091 W ParceledListSlice: Element #337 is 20800 bytes.
10-25 10:03:36.123  2318  5091 W ParceledListSlice: Overly large reply size: 83148
10-25 10:03:36.123  2318  3999 W ParceledListSlice: Element #338 is 20812 bytes.
10-25 10:03:36.123  2318  3999 W ParceledListSlice: Element #339 is 20800 bytes.
10-25 10:03:36.123  2318  3999 W ParceledListSlice: Element #340 is 20800 bytes.
10-25 10:03:36.123  2318  3999 W ParceledListSlice: Element #341 is 20820 bytes.
10-25 10:03:36.123  2318  3999 W ParceledListSlice: Overly large reply size: 83256
10-25 10:03:36.123  2318  3999 W ParceledListSlice: Element #342 is 20808 bytes.
10-25 10:03:36.123  2318  3999 W ParceledListSlice: Element #343 is 20796 bytes.
10-25 10:03:36.127  7707  8403 I RuntimePermissionManager: isRuntimeRequestSupport: true
10-25 10:03:36.127  7707  8403 I InstalledPackagesMemoryCache: getInstallPermissionGranted=true
10-25 10:03:36.130  3030  3793 I libsensor-boledalgo: dbv:363,lux:47.5,cct:7202.3,hsv:-1.0,dc:0CWB R:3132.0,G:7638.5,B:4874.3Event C:3285.8,R:1682.4,G:1268.5,B:783.6Cali C:187.8,R:68.5,G:65.1,B:31.1 
10-25 10:03:36.179  2318  2447 W EnhancedConfirmationService: The packageName should not be null.
10-25 10:03:36.180  2318  2447 W MagnificationConnectionManager: requestConnection duplicated request: connect=false, mConnectionState=DISCONNECTED
10-25 10:03:36.180  3030  3793 I libsensor-boledalgo: dbv:363,lux:48.2,cct:7112.1,hsv:-1.0,dc:0CWB R:3132.0,G:7638.5,B:4874.3Event C:3292.2,R:1679.1,G:1279.1,B:781.3Cali C:187.8,R:68.5,G:65.1,B:31.1 
10-25 10:03:36.202  8429  8609 I WakePathUpdatePolicy: doUpdate(user 0):responseCode:200
10-25 10:03:36.203  8429  8609 W WakePathUpdatePolicy: doUpdate(user 0): Response stream size=1376
10-25 10:03:36.210  8429  8609 I WakePathUpdatePolicy: pushWakePathData begin
10-25 10:03:36.210  8429  8609 I com.lbe.security.service.provider.WakePathDatabaseUtil: getWakePathWhiteList: whiteList.size=0
10-25 10:03:36.210  2318  3999 I WakePathChecker: MIUILOG-WAKEPATH pushWakePathWhiteList: userId=0 size=0
10-25 10:03:36.211  8429  8609 I com.lbe.security.service.provider.WakePathDatabaseUtil: getWakePathRuleList: wakeType=1 wakePathRules.size=3
10-25 10:03:36.211  2318  3999 I WakePathChecker: MIUILOG-WAKEPATH pushWakePathRuleInfos: wakeType=1 userId=0 size=3
10-25 10:03:36.211  8429  8609 I com.lbe.security.service.provider.WakePathDatabaseUtil: getWakePathRuleList: wakeType=8 wakePathRules.size=8
10-25 10:03:36.211  2318  3999 I WakePathChecker: MIUILOG-WAKEPATH pushWakePathRuleInfos: wakeType=8 userId=0 size=8
10-25 10:03:36.212  8429  8609 I com.lbe.security.service.provider.WakePathDatabaseUtil: getWakePathRuleList: wakeType=4 wakePathRules.size=4
10-25 10:03:36.212  2318  3999 I WakePathChecker: MIUILOG-WAKEPATH pushWakePathRuleInfos: wakeType=4 userId=0 size=4
10-25 10:03:36.212  8429  8609 I com.lbe.security.service.provider.WakePathDatabaseUtil: getWakePathRuleList: wakeType=2 wakePathRules.size=1
10-25 10:03:36.212  2318  3999 I WakePathChecker: MIUILOG-WAKEPATH pushWakePathRuleInfos: wakeType=2 userId=0 size=1
10-25 10:03:36.213  8429  8609 I com.lbe.security.service.provider.WakePathDatabaseUtil: getWakePathRuleList: wakeType=17 wakePathRules.size=0
10-25 10:03:36.213  2318  3999 I WakePathChecker: MIUILOG-WAKEPATH pushWakePathRuleInfos: wakeType=17 userId=0 size=0
10-25 10:03:36.213  8429  8609 I com.lbe.security.service.provider.WakePathDatabaseUtil: getWakePathRuleList: wakeType=32 wakePathRules.size=0
10-25 10:03:36.213  2318  3999 I WakePathChecker: MIUILOG-WAKEPATH pushWakePathRuleInfos: wakeType=32 userId=0 size=0
10-25 10:03:36.213  8429  8609 I com.lbe.security.service.provider.WakePathDatabaseUtil: getWakePathRuleList: wakeType=256 wakePathRules.size=8
10-25 10:03:36.213  2318  3999 I WakePathChecker: MIUILOG-WAKEPATH pushWakePathRuleInfos: wakeType=256 userId=0 size=8
10-25 10:03:36.214  8429  8609 I com.lbe.security.service.provider.WakePathDatabaseUtil: getWakePathRuleList: wakeType=128 wakePathRules.size=4
10-25 10:03:36.214  2318  3999 I WakePathChecker: MIUILOG-WAKEPATH pushWakePathRuleInfos: wakeType=128 userId=0 size=4
10-25 10:03:36.214  8429  8609 I com.lbe.security.service.provider.WakePathDatabaseUtil: getWakePathRuleList: wakeType=64 wakePathRules.size=2
10-25 10:03:36.214  2318  3999 I WakePathChecker: MIUILOG-WAKEPATH pushWakePathRuleInfos: wakeType=64 userId=0 size=2
10-25 10:03:36.214  8429  8609 I com.lbe.security.service.provider.WakePathDatabaseUtil: getWakePathRuleList: wakeType=4096 wakePathRules.size=2
10-25 10:03:36.214  2318  3999 I WakePathChecker: MIUILOG-WAKEPATH pushWakePathRuleInfos: wakeType=4096 userId=0 size=2
10-25 10:03:36.215  8429  8609 I com.lbe.security.service.provider.WakePathDatabaseUtil: getWakePathRuleList: wakeType=32768 wakePathRules.size=1
10-25 10:03:36.215  2318  3999 I WakePathChecker: MIUILOG-WAKEPATH pushWakePathRuleInfos: wakeType=32768 userId=0 size=1
10-25 10:03:36.215  8429  8609 I com.lbe.security.service.provider.WakePathDatabaseUtil: getWakePathRuleList: wakeType=8192 wakePathRules.size=6
10-25 10:03:36.215  2318  3999 I WakePathChecker: MIUILOG-WAKEPATH pushWakePathRuleInfos: wakeType=8192 userId=0 size=6
10-25 10:03:36.215  8429  8609 I com.lbe.security.service.provider.WakePathDatabaseUtil: getWakePathRuleList: wakeType=16384 wakePathRules.size=0
10-25 10:03:36.215  2318  3999 I WakePathChecker: MIUILOG-WAKEPATH pushWakePathRuleInfos: wakeType=16384 userId=0 size=0
10-25 10:03:36.216  8429  8609 I com.lbe.security.service.provider.WakePathDatabaseUtil: getWakePathRuleList: wakeType=22 wakePathRules.size=0
10-25 10:03:36.216  2318  3999 I WakePathChecker: MIUILOG-WAKEPATH pushWakePathRuleInfos: wakeType=22 userId=0 size=0
10-25 10:03:36.216  8429  8609 I WakePathUpdatePolicy: pushWakePathData end
10-25 10:03:36.216  8429  8609 I WakePathUpdatePolicy: doUpdate end
10-25 10:03:36.226  3094  3094 I adbd    : in ShellService: wm size
10-25 10:03:36.280  2318  3489 I MiSensorServiceImpl: LightFovOptimizationSensor::screen_angle: 0.093918 0.332602 9.755538 -nan 44.219326 0.000000 0 44.219326 0 44.219326
10-25 10:03:36.353  3094  3094 I adbd    : in ShellService: dumpsys input
10-25 10:03:36.380 12107 23794 I Market-RetrofitRequest: callStart : https://updateinfo.market.xiaomi.com/apm/updateinfo/diffsize
10-25 10:03:36.381 12107 23794 I Market-RetrofitRequest: HeaderInterceptor : https://updateinfo.market.xiaomi.com/apm/updateinfo/diffsize
10-25 10:03:36.382 12107 23794 I Market-RetrofitRequest: dnsStart : https://updateinfo.market.xiaomi.com/apm/updateinfo/diffsize
10-25 10:03:36.382 12107 23794 I Market-HttpDns: HttpDns hostname updateinfo.market.xiaomi.com address : [updateinfo.market.xiaomi.com/101.126.91.123, updateinfo.market.xiaomi.com/124.251.101.62, updateinfo.market.xiaomi.com/2406:d440:106:5700:1117:9e8e:1ac:de9c, updateinfo.market.xiaomi.com/2403:a200:a200:14f1::1f, updateinfo.market.xiaomi.com/240e:83:201:74f0::6]
10-25 10:03:36.382 12107 23794 I Market-RetrofitRequest: dnsEnd : https://updateinfo.market.xiaomi.com/apm/updateinfo/diffsize
10-25 10:03:36.382 12107 23794 I Market-LimitSpeedManager: startLimitSpeedNow() ====== speed = 32768
10-25 10:03:36.386 12107 23794 I Market-DownloadLimitSpeedManager: startLimitSpeed success. Total count 1
10-25 10:03:36.386 12107 23794 I Market-RetrofitRequest: HeaderInterceptor : https://updateinfo.market.xiaomi.com/apm/updateinfo/diffsize
10-25 10:03:36.451  3094  3094 I adbd    : in ShellService: getprop ro.sf.lcd_density
10-25 10:03:36.479  2318  3489 I MiSensorServiceImpl: LightFovOptimizationSensor::screen_angle: 0.092722 0.330808 9.752547 -nan 44.219326 0.000000 0 44.219326 0 44.219326
10-25 10:03:36.525  3094  3094 I adbd    : in ShellService: am force-stop com.quark.browser
10-25 10:03:36.578  2318  5091 I ActivityManager: Force stopping com.quark.browser appid=10442 user=0: from process:24238
10-25 10:03:36.583  2318  5091 E ClipboardServiceI: removeActivePermissionOwnerForPackage: mPrimaryClipPackage is null or get is null
10-25 10:03:36.584  2318  5091 I AppsFilter: interaction: PackageSetting{a670ac6 com.android.microdroid.empty_payload/10236} -> PackageSetting{e4c1a87 com.quark.browser/10442} BLOCKED
10-25 10:03:36.584  2318  5091 I AppsFilter: interaction: PackageSetting{1e69db4 io.appium.uiautomator2.server.test/10280} -> PackageSetting{e4c1a87 com.quark.browser/10442} BLOCKED
10-25 10:03:36.584  2318  5091 I AppsFilter: interaction: PackageSetting{762ddd io.github.ylimit.droidbotapp/10441} -> PackageSetting{e4c1a87 com.quark.browser/10442} BLOCKED
10-25 10:03:36.584  2318  5091 I AppsFilter: interaction: PackageSetting{a390d52 com.rongcard.eid/10151} -> PackageSetting{e4c1a87 com.quark.browser/10442} BLOCKED
10-25 10:03:36.584  2318  5091 I AppsFilter: interaction: PackageSetting{bc5d823 io.appium.settings/10274} -> PackageSetting{e4c1a87 com.quark.browser/10442} BLOCKED
10-25 10:03:36.595  2318  3608 W ParceledListSlice: Element #7 is 20484 bytes.
10-25 10:03:36.595  7707  7707 I PackageInstallReceiver: action = android.intent.action.PACKAGE_CHANGED packageName = com.miui.cleanmaster
10-25 10:03:36.595  7707  7707 W InstalledPackagesMemoryCache: Unknown action: android.intent.action.PACKAGE_CHANGED
10-25 10:03:36.595  7707  7707 I ServiceDeliveryCapability: onAppChanged:com.miui.cleanmaster action:android.intent.action.PACKAGE_CHANGED
10-25 10:03:36.595  7707  7707 I AppWidgetDelegate: updateAppWidgets for com.miui.cleanmaster
10-25 10:03:36.596  7707  7707 I WidgetController: WidgetController.updateOrRemoveStackWhenPackageChanged: packageName com.miui.cleanmaster
10-25 10:03:36.596  7707  7707 I WidgetBackgroundBlurManager: onAppChanged appPackageName : com.miui.cleanmaster
