10-25 10:03:30.879  2318  3489 I MiSensorServiceImpl: LightFovOptimizationSensor::screen_angle: 0.091525 0.336790 9.749556 -nan 44.219326 0.000000 0 44.219326 0 44.219326
10-25 10:03:30.931  3030  3793 I libsensor-boledalgo: dbv:363,lux:46.5,cct:7115.0,hsv:-1.0,dc:0CWB R:3132.0,G:7638.5,B:4874.3Event C:3166.8,R:1603.4,G:1228.7,B:747.8Cali C:187.8,R:68.5,G:65.1,B:31.1 
10-25 10:03:30.981  3030  3793 I libsensor-boledalgo: dbv:363,lux:46.4,cct:7056.8,hsv:-1.0,dc:0CWB R:3132.0,G:7638.5,B:4874.3Event C:3151.9,R:1602.7,G:1229.7,B:745.5Cali C:187.8,R:68.5,G:65.1,B:31.1 
10-25 10:03:31.031  3030  3793 I libsensor-boledalgo: dbv:363,lux:46.3,cct:7159.9,hsv:-1.0,dc:0CWB R:3132.0,G:7638.5,B:4874.3Event C:3172.9,R:1609.0,G:1224.8,B:749.8Cali C:187.8,R:68.5,G:65.1,B:31.1 
10-25 10:03:31.080  2318  3489 I MiSensorServiceImpl: LightFovOptimizationSensor::screen_angle: 0.089731 0.335593 9.747761 -nan 44.219326 0.000000 0 44.219326 0 44.219326
10-25 10:03:31.130  3030  3793 I libsensor-boledalgo: dbv:363,lux:46.4,cct:7105.3,hsv:-1.0,dc:0CWB R:3132.0,G:7638.5,B:4874.3Event C:3158.0,R:1600.1,G:1224.3,B:744.9Cali C:187.8,R:68.5,G:65.1,B:31.1 
10-25 10:03:31.131  3030  3793 I libsensor-boledalgo: dbv:363,lux:46.2,cct:7168.8,hsv:-1.0,dc:0CWB R:3132.0,G:7638.5,B:4874.3Event C:3154.0,R:1598.1,G:1226.7,B:749.8Cali C:187.8,R:68.5,G:65.1,B:31.1 
10-25 10:03:31.280  2318  3489 I MiSensorServiceImpl: LightFovOptimizationSensor::screen_angle: 0.092722 0.334397 9.745967 -nan 44.219326 0.000000 0 44.219326 0 44.219326
10-25 10:03:31.292  2318  2318 W binder:2318_7: type=1400 audit(0.0:16688): avc:  denied  { getopt } for  scontext=u:r:system_server:s0 tcontext=u:r:shell:s0 tclass=unix_stream_socket permissive=0
10-25 10:03:31.297  3094  3094 I adbd    : in ShellService: pm list packages -f
10-25 10:03:31.330  3030  3793 I libsensor-boledalgo: dbv:363,lux:46.3,cct:7085.3,hsv:-1.0,dc:0CWB R:3132.0,G:7638.5,B:4874.3Event C:3155.3,R:1603.7,G:1225.8,B:745.5Cali C:187.8,R:68.5,G:65.1,B:31.1 
10-25 10:03:31.379  3030  3793 I libsensor-boledalgo: dbv:363,lux:46.0,cct:7183.5,hsv:-1.0,dc:0CWB R:3132.0,G:7638.5,B:4874.3Event C:3155.9,R:1601.7,G:1221.8,B:749.2Cali C:187.8,R:68.5,G:65.1,B:31.1 
10-25 10:03:31.380  3030  3793 I libsensor-boledalgo: dbv:363,lux:46.1,cct:7121.3,hsv:-1.0,dc:0CWB R:3132.0,G:7638.5,B:4874.3Event C:3156.9,R:1605.7,G:1221.8,B:746.3Cali C:187.8,R:68.5,G:65.1,B:31.1 
10-25 10:03:31.445  3094  3094 I adbd    : in ShellService: ps
10-25 10:03:31.479  2318  3489 I MiSensorServiceImpl: LightFovOptimizationSensor::screen_angle: 0.091525 0.339183 9.752547 -nan 44.219326 0.000000 0 44.219326 0 44.219326
10-25 10:03:31.531  3030  3793 I libsensor-boledalgo: dbv:363,lux:45.8,cct:7234.5,hsv:-1.0,dc:0CWB R:3132.0,G:7638.5,B:4874.3Event C:3152.4,R:1599.9,G:1221.1,B:751.8Cali C:187.8,R:68.5,G:65.1,B:31.1 
10-25 10:03:31.630  3030  3793 I libsensor-boledalgo: dbv:363,lux:46.1,cct:7115.2,hsv:-1.0,dc:0CWB R:3132.0,G:7638.5,B:4874.3Event C:3156.7,R:1606.5,G:1224.0,B:747.2Cali C:187.8,R:68.5,G:65.1,B:31.1 
10-25 10:03:31.679  2318  3489 I MiSensorServiceImpl: LightFovOptimizationSensor::screen_angle: 0.093918 0.332602 9.750752 -nan 44.219326 0.000000 0 44.219326 0 44.219326
10-25 10:03:31.831  3030  3793 I libsensor-boledalgo: dbv:363,lux:46.1,cct:7179.6,hsv:-1.0,dc:0CWB R:3132.0,G:7638.5,B:4874.3Event C:3160.1,R:1599.9,G:1221.6,B:748.1Cali C:187.8,R:68.5,G:65.1,B:31.1 
10-25 10:03:31.880  2318  3489 I MiSensorServiceImpl: LightFovOptimizationSensor::screen_angle: 0.096311 0.332004 9.750752 -nan 44.219326 0.000000 0 44.219326 0 44.219326
10-25 10:03:31.886  2318  3691 I MiuiNetworkPolicy: updateUidState uid = 10092, uidState = 15
10-25 10:03:31.930  3030  3793 I libsensor-boledalgo: dbv:363,lux:46.4,cct:7122.5,hsv:-1.0,dc:0CWB R:3132.0,G:7638.5,B:4874.3Event C:3166.5,R:1603.9,G:1226.7,B:747.5Cali C:187.8,R:68.5,G:65.1,B:31.1 
10-25 10:03:31.999  4663  4954 E PhoneAdapter: get ntnphones failed, exception: java.lang.IllegalStateException: Default phones haven't been made yet!
10-25 10:03:32.079  2318  3489 I MiSensorServiceImpl: LightFovOptimizationSensor::screen_angle: 0.089133 0.334397 9.745967 -nan 44.219326 0.000000 0 44.219326 0 44.219326
10-25 10:03:32.130  3030  3793 I libsensor-boledalgo: dbv:363,lux:46.3,cct:7186.1,hsv:-1.0,dc:0CWB R:3132.0,G:7638.5,B:4874.3Event C:3172.9,R:1605.5,G:1222.1,B:749.2Cali C:187.8,R:68.5,G:65.1,B:31.1 
10-25 10:03:32.230  3030  3793 I libsensor-boledalgo: dbv:363,lux:46.4,cct:7099.3,hsv:-1.0,dc:0CWB R:3132.0,G:7638.5,B:4874.3Event C:3173.2,R:1617.9,G:1231.7,B:751.5Cali C:187.8,R:68.5,G:65.1,B:31.1 
10-25 10:03:32.279  2318  3489 I MiSensorServiceImpl: LightFovOptimizationSensor::screen_angle: 0.094516 0.338584 9.742975 -nan 44.219326 0.000000 0 44.219326 0 44.219326
10-25 10:03:32.279  3030  3793 I libsensor-boledalgo: dbv:363,lux:46.1,cct:7222.8,hsv:-1.0,dc:0CWB R:3132.0,G:7638.5,B:4874.3Event C:3174.5,R:1612.3,G:1227.7,B:755.8Cali C:187.8,R:68.5,G:65.1,B:31.1 
10-25 10:03:32.280  2318  5445 W system_server: Long monitor contention with owner PackageInstaller (3363) at void com.android.server.pm.PackageInstallerSession.parseApkAndExtractNativeLibraries()(PackageInstallerSession.java:3267) waiters=0 in android.content.pm.PackageInstaller$SessionInfo com.android.server.pm.PackageInstallerSession.generateInfoInternal(boolean, boolean) for 844ms
10-25 10:03:32.283  2318  5107 W system_server: Long monitor contention with owner binder:2318_1C (5445) at android.content.pm.PackageInstaller$SessionInfo com.android.server.pm.PackageInstallerService.getSessionInfo(int)(PackageInstallerService.java:1361) waiters=0 in android.content.pm.PackageInstaller$SessionInfo com.android.server.pm.PackageInstallerService.getSessionInfo(int) for 846ms
10-25 10:03:32.300  2318  3594 W PackageParsing: Ignoring duplicate uses-permissions/uses-permissions-sdk-m: android.permission.REQUEST_INSTALL_PACKAGES in package: com.quark.browser at: Binary XML file line #150
10-25 10:03:32.312  2318  3594 W PackageParsing: No actions in intent-filter at /data/app/vmdl1607381937.tmp/base.apk Binary XML file line #3692
10-25 10:03:32.319  2318  3594 W RuleEvaluation: Integrity rule files are not available.
10-25 10:03:32.320  2318  2525 I PackageManager: Integrity check passed for file:///data/app/vmdl1607381937.tmp
10-25 10:03:32.330  3030  3793 I libsensor-boledalgo: dbv:363,lux:46.5,cct:7112.4,hsv:-1.0,dc:0CWB R:3132.0,G:7638.5,B:4874.3Event C:3173.4,R:1610.5,G:1231.7,B:750.4Cali C:187.8,R:68.5,G:65.1,B:31.1 
10-25 10:03:32.332  2318  2525 W PackageParsing: Ignoring duplicate uses-permissions/uses-permissions-sdk-m: android.permission.REQUEST_INSTALL_PACKAGES in package: com.quark.browser at: Binary XML file line #150
10-25 10:03:32.343  2318  2525 W PackageParsing: No actions in intent-filter at /data/app/vmdl1607381937.tmp/base.apk Binary XML file line #3692
10-25 10:03:32.380  3030  3793 I libsensor-boledalgo: dbv:363,lux:46.2,cct:7210.4,hsv:-1.0,dc:0CWB R:3132.0,G:7638.5,B:4874.3Event C:3171.0,R:1610.5,G:1230.5,B:756.1Cali C:187.8,R:68.5,G:65.1,B:31.1 
10-25 10:03:32.407  7688  7688 I UserConsentManager: onPermissionsChanged: 10442
10-25 10:03:32.408  7688  7688 I UserConsentManager: onPermissionsChanged: 10442
10-25 10:03:32.408  7688  7688 I UserConsentManager: onPermissionsChanged: 10442
10-25 10:03:32.430  3030  3793 I libsensor-boledalgo: dbv:363,lux:46.5,cct:7114.2,hsv:-1.0,dc:0CWB R:3132.0,G:7638.5,B:4874.3Event C:3173.4,R:1610.0,G:1226.7,B:748.1Cali C:187.8,R:68.5,G:65.1,B:31.1 
10-25 10:03:32.431  2318  2426 E AppOps  : Trying to set mode for unknown uid 10442.
10-25 10:03:32.431  2318  2426 E AppOpService: Blocked setUidMode call for runtime permission app op: uid = 10442, code = CAMERA, mode = ignore, callingUid = 1000, oldMode = allow
10-25 10:03:32.431  2318  2426 E AppOpService: java.lang.RuntimeException
10-25 10:03:32.431  2318  2426 E AppOpService: 	at com.android.server.permission.access.appop.AppOpService.setUidMode(AppOpService.kt:286)
10-25 10:03:32.431  2318  2426 E AppOpService: 	at com.android.server.appop.AppOpsCheckingServiceTracingDecorator.setUidMode(AppOpsCheckingServiceTracingDecorator.java:120)
10-25 10:03:32.431  2318  2426 E AppOpService: 	at com.android.server.appop.AppOpsService.setUidMode(AppOpsService.java:2143)
10-25 10:03:32.431  2318  2426 E AppOpService: 	at com.android.server.appop.AppOpsService.-$$Nest$msetUidMode(Unknown Source:0)
10-25 10:03:32.431  2318  2426 E AppOpService: 	at com.android.server.appop.AppOpsService$AppOpsManagerInternalImpl.setUidModeFromPermissionPolicy(AppOpsService.java:7415)
10-25 10:03:32.431  2318  2426 E AppOpService: 	at com.android.server.policy.PermissionPolicyService$PermissionToOpSynchroniser.setUidMode(PermissionPolicyService.java:1121)
10-25 10:03:32.431  2318  2426 E AppOpService: 	at com.android.server.policy.PermissionPolicyService$PermissionToOpSynchroniser.setUidModeIgnored(PermissionPolicyService.java:1094)
10-25 10:03:32.431  2318  2426 E AppOpService: 	at com.android.server.policy.PermissionPolicyService$PermissionToOpSynchroniser.syncPackages(PermissionPolicyService.java:902)
10-25 10:03:32.431  2318  2426 E AppOpService: 	at com.android.server.policy.PermissionPolicyService$PermissionToOpSynchroniser.-$$Nest$msyncPackages(Unknown Source:0)
10-25 10:03:32.431  2318  2426 E AppOpService: 	at com.android.server.policy.PermissionPolicyService.synchronizeUidPermissionsAndAppOps(PermissionPolicyService.java:694)
10-25 10:03:32.431  2318  2426 E AppOpService: 	at com.android.server.policy.PermissionPolicyService.$r8$lambda$g9YhLNd1OZQfuSCyT_yO-G8mZv0(Unknown Source:0)
10-25 10:03:32.431  2318  2426 E AppOpService: 	at com.android.server.policy.PermissionPolicyService$$ExternalSyntheticLambda5.accept(D8$$SyntheticClass:0)
10-25 10:03:32.431  2318  2426 E AppOpService: 	at com.android.internal.util.function.pooled.PooledLambdaImpl.doInvoke(PooledLambdaImpl.java:281)
10-25 10:03:32.431  2318  2426 E AppOpService: 	at com.android.internal.util.function.pooled.PooledLambdaImpl.invoke(PooledLambdaImpl.java:204)
10-25 10:03:32.431  2318  2426 E AppOpService: 	at com.android.internal.util.function.pooled.OmniFunction.run(OmniFunction.java:87)
10-25 10:03:32.431  2318  2426 E AppOpService: 	at android.os.Handler.handleCallback(Handler.java:959)
10-25 10:03:32.431  2318  2426 E AppOpService: 	at android.os.Handler.dispatchMessage(Handler.java:100)
10-25 10:03:32.431  2318  2426 E AppOpService: 	at android.os.Looper.loopOnce(Looper.java:249)
10-25 10:03:32.431  2318  2426 E AppOpService: 	at android.os.Looper.loop(Looper.java:337)
10-25 10:03:32.431  2318  2426 E AppOpService: 	at android.os.HandlerThread.run(HandlerThread.java:85)
10-25 10:03:32.431  2318  2426 E AppOpService: 	at com.android.server.ServiceThread.run(ServiceThread.java:46)
10-25 10:03:32.442 31439 31456 I artd    : Merge skipped because there are no existing profiles
10-25 10:03:32.442  2318  2525 I ArtService: Adjusting the compiler filter for 'com.quark.browser' from 'speed-profile' to 'verify' because there is no valid profile
10-25 10:03:32.443 31439 31456 I artd    : Dex parent of /data/app/~~eoHynTL874K3_7m4RPtm_Q==/com.quark.browser-iu-NZgS212tTGjpgUKVQqw==/base.apk is not writable: Permission denied
10-25 10:03:32.443 31439 31456 I artd    : GetBestInfo checking odex in dalvik-cache (/data/dalvik-cache/arm64/data@app@~~eoHynTL874K3_7m4RPtm_Q==@com.quark.browser-iu-NZgS212tTGjpgUKVQqw==@base.apk@classes.dex)
10-25 10:03:32.443 31439 31456 I artd    : Loading /data/dalvik-cache/arm64/data@app@~~eoHynTL874K3_7m4RPtm_Q==@com.quark.browser-iu-NZgS212tTGjpgUKVQqw==@base.apk@classes.dex with executable: 0
10-25 10:03:32.443 31439 31456 I artd    : OatFileAssistant test for existing oat file /data/dalvik-cache/arm64/data@app@~~eoHynTL874K3_7m4RPtm_Q==@com.quark.browser-iu-NZgS212tTGjpgUKVQqw==@base.apk@classes.dex: File /data/dalvik-cache/arm64/data@app@~~eoHynTL874K3_7m4RPtm_Q==@com.quark.browser-iu-NZgS212tTGjpgUKVQqw==@base.apk@classes.vdex does not exist.
10-25 10:03:32.443 31439 31456 I artd    : GetBestInfo checking odex next to the dex file (/data/app/~~eoHynTL874K3_7m4RPtm_Q==/com.quark.browser-iu-NZgS212tTGjpgUKVQqw==/oat/arm64/base.odex)
10-25 10:03:32.443 31439 31456 I artd    : Loading /data/app/~~eoHynTL874K3_7m4RPtm_Q==/com.quark.browser-iu-NZgS212tTGjpgUKVQqw==/oat/arm64/base.odex with executable: 0
10-25 10:03:32.443 31439 31456 I artd    : OatFileAssistant test for existing oat file /data/app/~~eoHynTL874K3_7m4RPtm_Q==/com.quark.browser-iu-NZgS212tTGjpgUKVQqw==/oat/arm64/base.odex: File /data/app/~~eoHynTL874K3_7m4RPtm_Q==/com.quark.browser-iu-NZgS212tTGjpgUKVQqw==/oat/arm64/base.vdex does not exist.
10-25 10:03:32.443 31439 31456 I artd    : GetBestInfo checking vdex in dalvik-cache (/data/dalvik-cache/arm64/data@app@~~eoHynTL874K3_7m4RPtm_Q==@com.quark.browser-iu-NZgS212tTGjpgUKVQqw==@base.apk@classes.vdex)
10-25 10:03:32.443 31439 31456 I artd    : unable to open vdex file /data/dalvik-cache/arm64/data@app@~~eoHynTL874K3_7m4RPtm_Q==@com.quark.browser-iu-NZgS212tTGjpgUKVQqw==@base.apk@classes.vdex: File /data/dalvik-cache/arm64/data@app@~~eoHynTL874K3_7m4RPtm_Q==@com.quark.browser-iu-NZgS212tTGjpgUKVQqw==@base.apk@classes.vdex does not exist.
10-25 10:03:32.443 31439 31456 I artd    : OatFileAssistant test for existing oat file /data/dalvik-cache/arm64/data@app@~~eoHynTL874K3_7m4RPtm_Q==@com.quark.browser-iu-NZgS212tTGjpgUKVQqw==@base.apk@classes.vdex: File /data/dalvik-cache/arm64/data@app@~~eoHynTL874K3_7m4RPtm_Q==@com.quark.browser-iu-NZgS212tTGjpgUKVQqw==@base.apk@classes.vdex does not exist.
10-25 10:03:32.443 31439 31456 I artd    : GetBestInfo checking vdex next to the dex file (/data/app/~~eoHynTL874K3_7m4RPtm_Q==/com.quark.browser-iu-NZgS212tTGjpgUKVQqw==/oat/arm64/base.vdex)
10-25 10:03:32.443 31439 31456 I artd    : unable to open vdex file /data/app/~~eoHynTL874K3_7m4RPtm_Q==/com.quark.browser-iu-NZgS212tTGjpgUKVQqw==/oat/arm64/base.vdex: File /data/app/~~eoHynTL874K3_7m4RPtm_Q==/com.quark.browser-iu-NZgS212tTGjpgUKVQqw==/oat/arm64/base.vdex does not exist.
10-25 10:03:32.443 31439 31456 I artd    : OatFileAssistant test for existing oat file /data/app/~~eoHynTL874K3_7m4RPtm_Q==/com.quark.browser-iu-NZgS212tTGjpgUKVQqw==/oat/arm64/base.vdex: File /data/app/~~eoHynTL874K3_7m4RPtm_Q==/com.quark.browser-iu-NZgS212tTGjpgUKVQqw==/oat/arm64/base.vdex does not exist.
10-25 10:03:32.443 31439 31456 I artd    : GetBestInfo checking dm (/data/app/~~eoHynTL874K3_7m4RPtm_Q==/com.quark.browser-iu-NZgS212tTGjpgUKVQqw==/base.dm)
10-25 10:03:32.443 31439 31456 I artd    : GetBestInfo no usable artifacts
10-25 10:03:32.448 31439 31456 I artd    : Running dex2oat: /apex/com.android.art/bin/art_exec --drop-capabilities --set-task-profile=Dex2OatBootComplete --set-priority=background --keep-fds=7:8:9:10:11:12:13:14 -- /apex/com.android.art/bin/dex2oat64 --zip-fd=7 --zip-location=/data/app/~~eoHynTL874K3_7m4RPtm_Q==/com.quark.browser-iu-NZgS212tTGjpgUKVQqw==/base.apk --oat-fd=8 --oat-location=/data/app/~~eoHynTL874K3_7m4RPtm_Q==/com.quark.browser-iu-NZgS212tTGjpgUKVQqw==/oat/arm64/base.odex --output-vdex-fd=9 --swap-fd=10 --class-loader-context-fds=11:12:13:14 --class-loader-context=PCL[]{PCL[/system/framework/org.apache.http.legacy.jar]#PCL[/system_ext/framework/androidx.window.extensions.jar]#PCL[/system_ext/framework/androidx.window.sidecar.jar]#PCL[/system_ext/framework/camerax-vendor-extensions.jar]} --classpath-dir=/data/app/~~eoHynTL874K3_7m4RPtm_Q==/com.quark.browser-iu-NZgS212tTGjpgUKVQqw== --instruction-set=arm64 --instruction-set-features=default --instruction-set-variant=kryo300 --compiler-filter=verify --compilation-reason=install --compact-dex-level=none --max-image-block-size=524288 --resolve-startup-const-strings=true --generate-mini-debug-info --runtime-arg -Xtarget-sdk-version:30 --runtime-arg -Xhidden-api-policy:enabled -j6 --runtime-arg -Xms64m --runtime-arg -Xmx512m --comments=app-name:com.quark.browser,app-version-name:7.12.8.843,app-version-code:843,art-version:352090000
10-25 10:03:32.448 31439 31456 I artd    : Opened FDs: 7:/data/app/~~eoHynTL874K3_7m4RPtm_Q==/com.quark.browser-iu-NZgS212tTGjpgUKVQqw==/base.apk 8:/data/app/~~eoHynTL874K3_7m4RPtm_Q==/com.quark.browser-iu-NZgS212tTGjpgUKVQqw==/oat/arm64/base.odex.NSA4mC.tmp 9:/data/app/~~eoHynTL874K3_7m4RPtm_Q==/com.quark.browser-iu-NZgS212tTGjpgUKVQqw==/oat/arm64/base.vdex.jiL6uL.tmp 10:/data/app/~~eoHynTL874K3_7m4RPtm_Q==/com.quark.browser-iu-NZgS212tTGjpgUKVQqw==/oat/arm64/base.odex.swap.c3iW7U.tmp 11:/system_ext/framework/camerax-vendor-extensions.jar 12:/system_ext/framework/androidx.window.sidecar.jar 13:/system_ext/framework/androidx.window.extensions.jar 14:/system/framework/org.apache.http.legacy.jar 
10-25 10:03:32.453  2318  3691 I MiuiNetworkPolicy: bandwidth: 2 KB/s, Max bandwidth: 7411 KB/s
10-25 10:03:32.464 24061 24061 W libprocessgroup: JoinCgroup: controller schedtune is not found
10-25 10:03:32.480 24061 24061 W dex2oat64: Obsolete flag --compact-dex-level ignored
10-25 10:03:32.480  2318  3489 I MiSensorServiceImpl: LightFovOptimizationSensor::screen_angle: 0.090927 0.335593 9.750752 -nan 44.219326 0.000000 0 44.219326 0 44.219326
10-25 10:03:32.481  3030  3793 I libsensor-boledalgo: dbv:363,lux:46.3,cct:7186.8,hsv:-1.0,dc:0CWB R:3132.0,G:7638.5,B:4874.3Event C:3184.6,R:1619.9,G:1230.5,B:756.1Cali C:187.8,R:68.5,G:65.1,B:31.1 
10-25 10:03:32.482 24061 24061 I dex2oat64: /apex/com.android.art/bin/dex2oat64 --output-vdex-fd=9 --class-loader-context-fds=11:12:13:14 --class-loader-context=PCL[]{PCL[/system/framework/org.apache.http.legacy.jar]#PCL[/system_ext/framework/androidx.window.extensions.jar]#PCL[/system_ext/framework/androidx.window.sidecar.jar]#PCL[/system_ext/framework/camerax-vendor-extensions.jar]} --classpath-dir=/data/app/~~eoHynTL874K3_7m4RPtm_Q==/com.quark.browser-iu-NZgS212tTGjpgUKVQqw== --compiler-filter=verify --compilation-reason=install --compact-dex-level=none --max-image-block-size=524288 --resolve-startup-const-strings=true --generate-mini-debug-info -j6 --comments=app-name:com.quark.browser,app-version-name:7.12.8.843,app-version-code:843,art-version:352090000
10-25 10:03:32.580  3030  3793 I libsensor-boledalgo: dbv:363,lux:46.7,cct:7120.6,hsv:-1.0,dc:0CWB R:3132.0,G:7638.5,B:4874.3Event C:3192.1,R:1618.9,G:1233.2,B:752.4Cali C:187.8,R:68.5,G:65.1,B:31.1 
10-25 10:03:32.583  3094  3094 I adbd    : in ShellService: ps
10-25 10:03:32.630  3030  3793 I libsensor-boledalgo: dbv:363,lux:46.3,cct:7174.4,hsv:-1.0,dc:0CWB R:3132.0,G:7638.5,B:4874.3Event C:3175.8,R:1613.8,G:1229.2,B:753.8Cali C:187.8,R:68.5,G:65.1,B:31.1 
10-25 10:03:32.679  2318  3489 I MiSensorServiceImpl: LightFovOptimizationSensor::screen_angle: 0.092722 0.334397 9.745967 -nan 44.219326 0.000000 0 44.219326 0 44.219326
10-25 10:03:32.680  3030  3793 I libsensor-boledalgo: dbv:363,lux:46.4,cct:7121.9,hsv:-1.0,dc:0CWB R:3132.0,G:7638.5,B:4874.3Event C:3171.3,R:1614.6,G:1231.4,B:752.1Cali C:187.8,R:68.5,G:65.1,B:31.1 
10-25 10:03:32.686  2318  5293 I NetworkAccelerateSwitchService: EVENT_RSSI_POLL. mRssiPoll=true
10-25 10:03:32.686  2318  5293 I NetworkAccelerateSwitchService: getAverageWifiRssi:34
10-25 10:03:32.730  3030  3793 I libsensor-boledalgo: dbv:363,lux:46.2,cct:7191.0,hsv:-1.0,dc:0CWB R:3132.0,G:7638.5,B:4874.3Event C:3174.5,R:1614.4,G:1231.4,B:756.1Cali C:187.8,R:68.5,G:65.1,B:31.1 
10-25 10:03:32.779  3030  3793 I libsensor-boledalgo: dbv:363,lux:46.1,cct:7139.5,hsv:-1.0,dc:0CWB R:3132.0,G:7638.5,B:4874.3Event C:3168.9,R:1617.9,G:1228.0,B:752.7Cali C:187.8,R:68.5,G:65.1,B:31.1 
10-25 10:03:32.780  3030  3793 I libsensor-boledalgo: dbv:363,lux:46.7,cct:7081.0,hsv:-1.0,dc:0CWB R:3132.0,G:7638.5,B:4874.3Event C:3191.3,R:1626.0,G:1235.6,B:752.9Cali C:187.8,R:68.5,G:65.1,B:31.1 
10-25 10:03:32.829  3030  3793 I libsensor-boledalgo: dbv:363,lux:46.3,cct:7141.6,hsv:-1.0,dc:0CWB R:3132.0,G:7638.5,B:4874.3Event C:3169.2,R:1612.3,G:1228.5,B:751.5Cali C:187.8,R:68.5,G:65.1,B:31.1 
10-25 10:03:32.873 24061 24061 W dex2oat64: Method Lcom/ali/uc/upipe/formats/annotation/proto/RasterizationProto$Rasterization$Interval;.getSerializedSize is abstract, but the declaring class is neither abstract nor an interface in dex file /data/app/~~eoHynTL874K3_7m4RPtm_Q==/com.quark.browser-iu-NZgS212tTGjpgUKVQqw==/base.apk
10-25 10:03:32.873 24061 24061 W dex2oat64: Method Lcom/ali/uc/upipe/formats/annotation/proto/RasterizationProto$Rasterization$Interval;.writeTo is abstract, but the declaring class is neither abstract nor an interface in dex file /data/app/~~eoHynTL874K3_7m4RPtm_Q==/com.quark.browser-iu-NZgS212tTGjpgUKVQqw==/base.apk
10-25 10:03:32.873 24061 24061 W dex2oat64: Method Lcom/ali/uc/upipe/formats/annotation/proto/RasterizationProto$Rasterization;.getSerializedSize is abstract, but the declaring class is neither abstract nor an interface in dex file /data/app/~~eoHynTL874K3_7m4RPtm_Q==/com.quark.browser-iu-NZgS212tTGjpgUKVQqw==/base.apk
10-25 10:03:32.873 24061 24061 W dex2oat64: Method Lcom/ali/uc/upipe/formats/annotation/proto/RasterizationProto$Rasterization;.writeTo is abstract, but the declaring class is neither abstract nor an interface in dex file /data/app/~~eoHynTL874K3_7m4RPtm_Q==/com.quark.browser-iu-NZgS212tTGjpgUKVQqw==/base.apk
10-25 10:03:32.873 24061 24061 W dex2oat64: Method Lcom/ali/uc/upipe/formats/proto/DetectionProto$Detection$AssociatedDetection;.getSerializedSize is abstract, but the declaring class is neither abstract nor an interface in dex file /data/app/~~eoHynTL874K3_7m4RPtm_Q==/com.quark.browser-iu-NZgS212tTGjpgUKVQqw==/base.apk
10-25 10:03:32.873 24061 24061 W dex2oat64: Method Lcom/ali/uc/upipe/formats/proto/DetectionProto$Detection$AssociatedDetection;.writeTo is abstract, but the declaring class is neither abstract nor an interface in dex file /data/app/~~eoHynTL874K3_7m4RPtm_Q==/com.quark.browser-iu-NZgS212tTGjpgUKVQqw==/base.apk
10-25 10:03:32.873 24061 24061 W dex2oat64: Method Lcom/ali/uc/upipe/formats/proto/DetectionProto$Detection;.getSerializedSize is abstract, but the declaring class is neither abstract nor an interface in dex file /data/app/~~eoHynTL874K3_7m4RPtm_Q==/com.quark.browser-iu-NZgS212tTGjpgUKVQqw==/base.apk
10-25 10:03:32.873 24061 24061 W dex2oat64: Method Lcom/ali/uc/upipe/formats/proto/DetectionProto$Detection;.writeTo is abstract, but the declaring class is neither abstract nor an interface in dex file /data/app/~~eoHynTL874K3_7m4RPtm_Q==/com.quark.browser-iu-NZgS212tTGjpgUKVQqw==/base.apk
10-25 10:03:32.873 24061 24061 W dex2oat64: Method Lcom/ali/uc/upipe/formats/proto/DetectionProto$DetectionList;.getSerializedSize is abstract, but the declaring class is neither abstract nor an interface in dex file /data/app/~~eoHynTL874K3_7m4RPtm_Q==/com.quark.browser-iu-NZgS212tTGjpgUKVQqw==/base.apk
10-25 10:03:32.873 24061 24061 W dex2oat64: Method Lcom/ali/uc/upipe/formats/proto/DetectionProto$DetectionList;.writeTo is abstract, but the declaring class is neither abstract nor an interface in dex file /data/app/~~eoHynTL874K3_7m4RPtm_Q==/com.quark.browser-iu-NZgS212tTGjpgUKVQqw==/base.apk
10-25 10:03:32.873 24061 24061 W dex2oat64: Method Lcom/ali/uc/upipe/formats/proto/LandmarkProto$Landmark;.getSerializedSize is abstract, but the declaring class is neither abstract nor an interface in dex file /data/app/~~eoHynTL874K3_7m4RPtm_Q==/com.quark.browser-iu-NZgS212tTGjpgUKVQqw==/base.apk
10-25 10:03:32.873 24061 24061 W dex2oat64: Method Lcom/ali/uc/upipe/formats/proto/LandmarkProto$Landmark;.writeTo is abstract, but the declaring class is neither abstract nor an interface in dex file /data/app/~~eoHynTL874K3_7m4RPtm_Q==/com.quark.browser-iu-NZgS212tTGjpgUKVQqw==/base.apk
10-25 10:03:32.873 24061 24061 W dex2oat64: Method Lcom/ali/uc/upipe/formats/proto/LandmarkProto$LandmarkList;.getSerializedSize is abstract, but the declaring class is neither abstract nor an interface in dex file /data/app/~~eoHynTL874K3_7m4RPtm_Q==/com.quark.browser-iu-NZgS212tTGjpgUKVQqw==/base.apk
10-25 10:03:32.873 24061 24061 W dex2oat64: Method Lcom/ali/uc/upipe/formats/proto/LandmarkProto$LandmarkList;.writeTo is abstract, but the declaring class is neither abstract nor an interface in dex file /data/app/~~eoHynTL874K3_7m4RPtm_Q==/com.quark.browser-iu-NZgS212tTGjpgUKVQqw==/base.apk
10-25 10:03:32.873 24061 24061 W dex2oat64: Method Lcom/ali/uc/upipe/formats/proto/LandmarkProto$NormalizedLandmark;.getSerializedSize is abstract, but the declaring class is neither abstract nor an interface in dex file /data/app/~~eoHynTL874K3_7m4RPtm_Q==/com.quark.browser-iu-NZgS212tTGjpgUKVQqw==/base.apk
10-25 10:03:32.873 24061 24061 W dex2oat64: Method Lcom/ali/uc/upipe/formats/proto/LandmarkProto$NormalizedLandmark;.writeTo is abstract, but the declaring class is neither abstract nor an interface in dex file /data/app/~~eoHynTL874K3_7m4RPtm_Q==/com.quark.browser-iu-NZgS212tTGjpgUKVQqw==/base.apk
10-25 10:03:32.873 24061 24061 W dex2oat64: Method Lcom/ali/uc/upipe/formats/proto/LandmarkProto$NormalizedLandmarkList;.getSerializedSize is abstract, but the declaring class is neither abstract nor an interface in dex file /data/app/~~eoHynTL874K3_7m4RPtm_Q==/com.quark.browser-iu-NZgS212tTGjpgUKVQqw==/base.apk
10-25 10:03:32.873 24061 24061 W dex2oat64: Method Lcom/ali/uc/upipe/formats/proto/LandmarkProto$NormalizedLandmarkList;.writeTo is abstract, but the declaring class is neither abstract nor an interface in dex file /data/app/~~eoHynTL874K3_7m4RPtm_Q==/com.quark.browser-iu-NZgS212tTGjpgUKVQqw==/base.apk
10-25 10:03:32.873 24061 24061 W dex2oat64: Method Lcom/ali/uc/upipe/formats/proto/LocationDataProto$LocationData$BinaryMask;.getSerializedSize is abstract, but the declaring class is neither abstract nor an interface in dex file /data/app/~~eoHynTL874K3_7m4RPtm_Q==/com.quark.browser-iu-NZgS212tTGjpgUKVQqw==/base.apk
10-25 10:03:32.873 24061 24061 W dex2oat64: Method Lcom/ali/uc/upipe/formats/proto/LocationDataProto$LocationData$BinaryMask;.writeTo is abstract, but the declaring class is neither abstract nor an interface in dex file /data/app/~~eoHynTL874K3_7m4RPtm_Q==/com.quark.browser-iu-NZgS212tTGjpgUKVQqw==/base.apk
10-25 10:03:32.873 24061 24061 W dex2oat64: Method Lcom/ali/uc/upipe/formats/proto/LocationDataProto$LocationData$BoundingBox;.getSerializedSize is abstract, but the declaring class is neither abstract nor an interface in dex file /data/app/~~eoHynTL874K3_7m4RPtm_Q==/com.quark.browser-iu-NZgS212tTGjpgUKVQqw==/base.apk
10-25 10:03:32.873 24061 24061 W dex2oat64: Method Lcom/ali/uc/upipe/formats/proto/LocationDataProto$LocationData$BoundingBox;.writeTo is abstract, but the declaring class is neither abstract nor an interface in dex file /data/app/~~eoHynTL874K3_7m4RPtm_Q==/com.quark.browser-iu-NZgS212tTGjpgUKVQqw==/base.apk
10-25 10:03:32.873 24061 24061 W dex2oat64: Method Lcom/ali/uc/upipe/formats/proto/LocationDataProto$LocationData$RelativeBoundingBox;.getSerializedSize is abstract, but the declaring class is neither abstract nor an interface in dex file /data/app/~~eoHynTL874K3_7m4RPtm_Q==/com.quark.browser-iu-NZgS212tTGjpgUKVQqw==/base.apk
10-25 10:03:32.873 24061 24061 W dex2oat64: Method Lcom/ali/uc/upipe/formats/proto/LocationDataProto$LocationData$RelativeBoundingBox;.writeTo is abstract, but the declaring class is neither abstract nor an interface in dex file /data/app/~~eoHynTL874K3_7m4RPtm_Q==/com.quark.browser-iu-NZgS212tTGjpgUKVQqw==/base.apk
10-25 10:03:32.873 24061 24061 W dex2oat64: Method Lcom/ali/uc/upipe/formats/proto/LocationDataProto$LocationData$RelativeKeypoint;.getSerializedSize is abstract, but the declaring class is neither abstract nor an interface in dex file /data/app/~~eoHynTL874K3_7m4RPtm_Q==/com.quark.browser-iu-NZgS212tTGjpgUKVQqw==/base.apk
10-25 10:03:32.873 24061 24061 W dex2oat64: Method Lcom/ali/uc/upipe/formats/proto/LocationDataProto$LocationData$RelativeKeypoint;.writeTo is abstract, but the declaring class is neither abstract nor an interface in dex file /data/app/~~eoHynTL874K3_7m4RPtm_Q==/com.quark.browser-iu-NZgS212tTGjpgUKVQqw==/base.apk
10-25 10:03:32.873 24061 24061 W dex2oat64: Method Lcom/ali/uc/upipe/formats/proto/LocationDataProto$LocationData;.getSerializedSize is abstract, but the declaring class is neither abstract nor an interface in dex file /data/app/~~eoHynTL874K3_7m4RPtm_Q==/com.quark.browser-iu-NZgS212tTGjpgUKVQqw==/base.apk
10-25 10:03:32.873 24061 24061 W dex2oat64: Method Lcom/ali/uc/upipe/formats/proto/LocationDataProto$LocationData;.writeTo is abstract, but the declaring class is neither abstract nor an interface in dex file /data/app/~~eoHynTL874K3_7m4RPtm_Q==/com.quark.browser-iu-NZgS212tTGjpgUKVQqw==/base.apk
10-25 10:03:32.873 24061 24061 W dex2oat64: Method Lcom/ali/uc/upipe/proto/CalculatorProto$CalculatorGraphConfig$Node;.getSerializedSize is abstract, but the declaring class is neither abstract nor an interface in dex file /data/app/~~eoHynTL874K3_7m4RPtm_Q==/com.quark.browser-iu-NZgS212tTGjpgUKVQqw==/base.apk
10-25 10:03:32.873 24061 24061 W dex2oat64: Method Lcom/ali/uc/upipe/proto/CalculatorProto$CalculatorGraphConfig$Node;.writeTo is abstract, but the declaring class is neither abstract nor an interface in dex file /data/app/~~eoHynTL874K3_7m4RPtm_Q==/com.quark.browser-iu-NZgS212tTGjpgUKVQqw==/base.apk
10-25 10:03:32.873 24061 24061 W dex2oat64: Method Lcom/ali/uc/upipe/proto/CalculatorProto$CalculatorGraphConfig;.getSerializedSize is abstract, but the declaring class is neither abstract nor an interface in dex file /data/app/~~eoHynTL874K3_7m4RPtm_Q==/com.quark.browser-iu-NZgS212tTGjpgUKVQqw==/base.apk
10-25 10:03:32.873 24061 24061 W dex2oat64: Method Lcom/ali/uc/upipe/proto/CalculatorProto$CalculatorGraphConfig;.writeTo is abstract, but the declaring class is neither abstract nor an interface in dex file /data/app/~~eoHynTL874K3_7m4RPtm_Q==/com.quark.browser-iu-NZgS212tTGjpgUKVQqw==/base.apk
10-25 10:03:32.873 24061 24061 W dex2oat64: Method Lcom/ali/uc/upipe/proto/CalculatorProto$ExecutorConfig;.getSerializedSize is abstract, but the declaring class is neither abstract nor an interface in dex file /data/app/~~eoHynTL874K3_7m4RPtm_Q==/com.quark.browser-iu-NZgS212tTGjpgUKVQqw==/base.apk
10-25 10:03:32.873 24061 24061 W dex2oat64: Method Lcom/ali/uc/upipe/proto/CalculatorProto$ExecutorConfig;.writeTo is abstract, but the declaring class is neither abstract nor an interface in dex file /data/app/~~eoHynTL874K3_7m4RPtm_Q==/com.quark.browser-iu-NZgS212tTGjpgUKVQqw==/base.apk
10-25 10:03:32.873 24061 24061 W dex2oat64: Method Lcom/ali/uc/upipe/proto/CalculatorProto$InputCollection;.getSerializedSize is abstract, but the declaring class is neither abstract nor an interface in dex file /data/app/~~eoHynTL874K3_7m4RPtm_Q==/com.quark.browser-iu-NZgS212tTGjpgUKVQqw==/base.apk
10-25 10:03:32.873 24061 24061 W dex2oat64: Method Lcom/ali/uc/upipe/proto/CalculatorProto$InputCollection;.writeTo is abstract, but the declaring class is neither abstract nor an interface in dex file /data/app/~~eoHynTL874K3_7m4RPtm_Q==/com.quark.browser-iu-NZgS212tTGjpgUKVQqw==/base.apk
10-25 10:03:32.873 24061 24061 W dex2oat64: Method Lcom/ali/uc/upipe/proto/CalculatorProto$InputCollectionSet;.getSerializedSize is abstract, but the declaring class is neither abstract nor an interface in dex file /data/app/~~eoHynTL874K3_7m4RPtm_Q==/com.quark.browser-iu-NZgS212tTGjpgUKVQqw==/base.apk
10-25 10:03:32.873 24061 24061 W dex2oat64: Method Lcom/ali/uc/upipe/proto/CalculatorProto$InputCollectionSet;.writeTo is abstract, but the declaring class is neither abstract nor an interface in dex file /data/app/~~eoHynTL874K3_7m4RPtm_Q==/com.quark.browser-iu-NZgS212tTGjpgUKVQqw==/base.apk
10-25 10:03:32.873 24061 24061 W dex2oat64: Method Lcom/ali/uc/upipe/proto/CalculatorProto$InputStreamInfo;.getSerializedSize is abstract, but the declaring class is neither abstract nor an interface in dex file /data/app/~~eoHynTL874K3_7m4RPtm_Q==/com.quark.browser-iu-NZgS212tTGjpgUKVQqw==/base.apk
10-25 10:03:32.873 24061 24061 W dex2oat64: Method Lcom/ali/uc/upipe/proto/CalculatorProto$InputStreamInfo;.writeTo is abstract, but the declaring class is neither abstract nor an interface in dex file /data/app/~~eoHynTL874K3_7m4RPtm_Q==/com.quark.browser-iu-NZgS212tTGjpgUKVQqw==/base.apk
10-25 10:03:32.873 24061 24061 W dex2oat64: Method Lcom/ali/uc/upipe/proto/CalculatorProto$ProfilerConfig;.getSerializedSize is abstract, but the declaring class is neither abstract nor an interface in dex file /data/app/~~eoHynTL874K3_7m4RPtm_Q==/com.quark.browser-iu-NZgS212tTGjpgUKVQqw==/base.apk
10-25 10:03:32.873 24061 24061 W dex2oat64: Method Lcom/ali/uc/upipe/proto/CalculatorProto$ProfilerConfig;.writeTo is abstract, but the declaring class is neither abstract nor an interface in dex file /data/app/~~eoHynTL874K3_7m4RPtm_Q==/com.quark.browser-iu-NZgS212tTGjpgUKVQqw==/base.apk
10-25 10:03:32.880  2318  3489 I MiSensorServiceImpl: LightFovOptimizationSensor::screen_angle: 0.093918 0.339183 9.748360 -nan 44.219326 0.000000 0 44.219326 0 44.219326
10-25 10:03:32.881  3030  3793 I libsensor-boledalgo: dbv:363,lux:46.9,cct:7044.6,hsv:-1.0,dc:0CWB R:3132.0,G:7638.5,B:4874.3Event C:3192.1,R:1626.0,G:1239.6,B:752.4Cali C:187.8,R:68.5,G:65.1,B:31.1 
10-25 10:03:32.882  3030  3793 I libsensor-boledalgo: dbv:363,lux:46.4,cct:7108.8,hsv:-1.0,dc:0CWB R:3132.0,G:7638.5,B:4874.3Event C:3175.0,R:1614.6,G:1228.2,B:749.5Cali C:187.8,R:68.5,G:65.1,B:31.1 
10-25 10:03:32.886  2318  2457 I ExtM    : zram userate is low, no need to flush: 15
10-25 10:03:32.980  3030  3793 I libsensor-boledalgo: dbv:363,lux:46.0,cct:7257.8,hsv:-1.0,dc:0CWB R:3132.0,G:7638.5,B:4874.3Event C:3175.0,R:1614.1,G:1227.7,B:758.4Cali C:187.8,R:68.5,G:65.1,B:31.1 
10-25 10:03:32.980  3030  3793 I libsensor-boledalgo: dbv:363,lux:46.7,cct:7067.3,hsv:-1.0,dc:0CWB R:3132.0,G:7638.5,B:4874.3Event C:3177.7,R:1615.9,G:1233.7,B:749.5Cali C:187.8,R:68.5,G:65.1,B:31.1 
10-25 10:03:33.030  3030  3793 I libsensor-boledalgo: dbv:363,lux:46.5,cct:7123.9,hsv:-1.0,dc:0CWB R:3132.0,G:7638.5,B:4874.3Event C:3182.5,R:1619.9,G:1233.7,B:753.8Cali C:187.8,R:68.5,G:65.1,B:31.1 
10-25 10:03:33.071 23687 23722 I mit.droidbotapp: ProcessProfilingInfo new_methods=1 is saved saved_to_disk=1 resolve_classes_delay=8000
10-25 10:03:33.079  2318  3489 I MiSensorServiceImpl: LightFovOptimizationSensor::screen_angle: 0.092722 0.336790 9.743574 -nan 44.219326 0.000000 0 44.219326 0 44.219326
10-25 10:03:33.080  3030  3793 I libsensor-boledalgo: dbv:363,lux:46.2,cct:7228.3,hsv:-1.0,dc:0CWB R:3132.0,G:7638.5,B:4874.3Event C:3183.6,R:1619.4,G:1234.9,B:760.7Cali C:187.8,R:68.5,G:65.1,B:31.1 
10-25 10:03:33.080  3030  3793 I libsensor-boledalgo: dbv:363,lux:46.9,cct:7043.9,hsv:-1.0,dc:0CWB R:3132.0,G:7638.5,B:4874.3Event C:3188.1,R:1621.0,G:1238.8,B:750.9Cali C:187.8,R:68.5,G:65.1,B:31.1 
10-25 10:03:33.129  3030  3793 I libsensor-boledalgo: dbv:363,lux:46.1,cct:7191.6,hsv:-1.0,dc:0CWB R:3132.0,G:7638.5,B:4874.3Event C:3172.9,R:1617.7,G:1229.2,B:756.1Cali C:187.8,R:68.5,G:65.1,B:31.1 
10-25 10:03:33.129  3030  3793 I libsensor-boledalgo: dbv:363,lux:46.5,cct:7124.0,hsv:-1.0,dc:0CWB R:3132.0,G:7638.5,B:4874.3Event C:3182.5,R:1616.1,G:1226.5,B:749.5Cali C:187.8,R:68.5,G:65.1,B:31.1 
10-25 10:03:33.139 24061 24061 I dex2oat64: Using CollectorTypeCC GC.
10-25 10:03:33.201 24061 24061 I dex2oat64: Large app, accepted running with swap.
10-25 10:03:33.279  2318  3489 I MiSensorServiceImpl: LightFovOptimizationSensor::screen_angle: 0.087936 0.334397 9.746565 -nan 44.219326 0.000000 0 44.219326 0 44.219326
10-25 10:03:33.375  1824  8475 I NxpNciR : len =  13 > 6F360A1902009C02000000000C
10-25 10:03:33.388  3094  3094 I adbd    : in ShellService: pm list packages -f
10-25 10:03:33.443  9660 22264 W lyra-mdns-core: _deal_timeout query _lyra-mdns._udp.local[0C] timeout!
10-25 10:03:33.452  1688  1688 I vendor.qti.hardware.servicetrackeraidl-service: unbindService is called for service : com.google.android.gms/.chimera.GmsBoundBrokerService and for client com.tencent.android.qqdownloader:daemon
10-25 10:03:33.452  1688  1688 I vendor.qti.hardware.servicetrackeraidl-service: size of service connections for service: com.google.android.gms/.chimera.GmsBoundBrokerServiceafter removal is 2
10-25 10:03:33.452  1688  1688 I vendor.qti.hardware.servicetrackeraidl-service: size of client connections for client: com.tencent.android.qqdownloader:daemonafter removal is 5
10-25 10:03:33.479  2318  3489 I MiSensorServiceImpl: LightFovOptimizationSensor::screen_angle: 0.092722 0.339183 9.743574 -nan 44.219326 0.000000 0 44.219326 0 44.219326
10-25 10:03:33.481  3030  3793 I libsensor-boledalgo: dbv:363,lux:47.2,cct:7055.7,hsv:-1.0,dc:0CWB R:3132.0,G:7638.5,B:4874.3Event C:3217.4,R:1640.0,G:1243.5,B:756.7Cali C:187.8,R:68.5,G:65.1,B:31.1 
10-25 10:03:33.498  3094  3094 I adbd    : in ShellService: dumpsys package com.quark.browser
10-25 10:03:33.529 24061 24061 W dex2oat64: Accessing hidden method Landroid/os/Looper$Observer;->messageDispatchStarting()Ljava/lang/Object; (blocked, linking, denied)
10-25 10:03:33.529 24061 24061 W dex2oat64: Accessing hidden method Landroid/os/Looper$Observer;->messageDispatched(Ljava/lang/Object;Landroid/os/Message;)V (blocked, linking, denied)
10-25 10:03:33.529 24061 24061 W dex2oat64: Accessing hidden method Landroid/os/Looper$Observer;->dispatchingThrewException(Ljava/lang/Object;Landroid/os/Message;Ljava/lang/Exception;)V (blocked, linking, denied)
10-25 10:03:33.529 24061 24061 W dex2oat64: Accessing hidden method Landroid/os/Looper;->setObserver(Landroid/os/Looper$Observer;)V (blocked, linking, denied)
10-25 10:03:33.529 24061 24061 W dex2oat64: Accessing hidden method Landroid/os/Looper;->setObserver(Landroid/os/Looper$Observer;)V (blocked, linking, denied)
10-25 10:03:33.553 31439 31713 I artd    : Dex parent of /data/app/~~eoHynTL874K3_7m4RPtm_Q==/com.quark.browser-iu-NZgS212tTGjpgUKVQqw==/base.apk is not writable: Permission denied
10-25 10:03:33.553 31439 31713 I artd    : GetBestInfo checking odex in dalvik-cache (/data/dalvik-cache/arm64/data@app@~~eoHynTL874K3_7m4RPtm_Q==@com.quark.browser-iu-NZgS212tTGjpgUKVQqw==@base.apk@classes.dex)
10-25 10:03:33.553 31439 31713 I artd    : Loading /data/dalvik-cache/arm64/data@app@~~eoHynTL874K3_7m4RPtm_Q==@com.quark.browser-iu-NZgS212tTGjpgUKVQqw==@base.apk@classes.dex with executable: 0
10-25 10:03:33.553 31439 31713 I artd    : OatFileAssistant test for existing oat file /data/dalvik-cache/arm64/data@app@~~eoHynTL874K3_7m4RPtm_Q==@com.quark.browser-iu-NZgS212tTGjpgUKVQqw==@base.apk@classes.dex: File /data/dalvik-cache/arm64/data@app@~~eoHynTL874K3_7m4RPtm_Q==@com.quark.browser-iu-NZgS212tTGjpgUKVQqw==@base.apk@classes.vdex does not exist.
10-25 10:03:33.554 31439 31713 I artd    : GetBestInfo checking odex next to the dex file (/data/app/~~eoHynTL874K3_7m4RPtm_Q==/com.quark.browser-iu-NZgS212tTGjpgUKVQqw==/oat/arm64/base.odex)
10-25 10:03:33.554 31439 31713 I artd    : Loading /data/app/~~eoHynTL874K3_7m4RPtm_Q==/com.quark.browser-iu-NZgS212tTGjpgUKVQqw==/oat/arm64/base.odex with executable: 0
10-25 10:03:33.554 31439 31713 I artd    : OatFileAssistant test for existing oat file /data/app/~~eoHynTL874K3_7m4RPtm_Q==/com.quark.browser-iu-NZgS212tTGjpgUKVQqw==/oat/arm64/base.odex: File /data/app/~~eoHynTL874K3_7m4RPtm_Q==/com.quark.browser-iu-NZgS212tTGjpgUKVQqw==/oat/arm64/base.vdex does not exist.
10-25 10:03:33.554 31439 31713 I artd    : GetBestInfo checking vdex in dalvik-cache (/data/dalvik-cache/arm64/data@app@~~eoHynTL874K3_7m4RPtm_Q==@com.quark.browser-iu-NZgS212tTGjpgUKVQqw==@base.apk@classes.vdex)
10-25 10:03:33.554 31439 31713 I artd    : unable to open vdex file /data/dalvik-cache/arm64/data@app@~~eoHynTL874K3_7m4RPtm_Q==@com.quark.browser-iu-NZgS212tTGjpgUKVQqw==@base.apk@classes.vdex: File /data/dalvik-cache/arm64/data@app@~~eoHynTL874K3_7m4RPtm_Q==@com.quark.browser-iu-NZgS212tTGjpgUKVQqw==@base.apk@classes.vdex does not exist.
10-25 10:03:33.555 31439 31713 I artd    : OatFileAssistant test for existing oat file /data/dalvik-cache/arm64/data@app@~~eoHynTL874K3_7m4RPtm_Q==@com.quark.browser-iu-NZgS212tTGjpgUKVQqw==@base.apk@classes.vdex: File /data/dalvik-cache/arm64/data@app@~~eoHynTL874K3_7m4RPtm_Q==@com.quark.browser-iu-NZgS212tTGjpgUKVQqw==@base.apk@classes.vdex does not exist.
10-25 10:03:33.555 31439 31713 I artd    : GetBestInfo checking vdex next to the dex file (/data/app/~~eoHynTL874K3_7m4RPtm_Q==/com.quark.browser-iu-NZgS212tTGjpgUKVQqw==/oat/arm64/base.vdex)
10-25 10:03:33.555 31439 31713 I artd    : unable to open vdex file /data/app/~~eoHynTL874K3_7m4RPtm_Q==/com.quark.browser-iu-NZgS212tTGjpgUKVQqw==/oat/arm64/base.vdex: File /data/app/~~eoHynTL874K3_7m4RPtm_Q==/com.quark.browser-iu-NZgS212tTGjpgUKVQqw==/oat/arm64/base.vdex does not exist.
10-25 10:03:33.555 31439 31713 I artd    : OatFileAssistant test for existing oat file /data/app/~~eoHynTL874K3_7m4RPtm_Q==/com.quark.browser-iu-NZgS212tTGjpgUKVQqw==/oat/arm64/base.vdex: File /data/app/~~eoHynTL874K3_7m4RPtm_Q==/com.quark.browser-iu-NZgS212tTGjpgUKVQqw==/oat/arm64/base.vdex does not exist.
10-25 10:03:33.555 31439 31713 I artd    : GetBestInfo checking dm (/data/app/~~eoHynTL874K3_7m4RPtm_Q==/com.quark.browser-iu-NZgS212tTGjpgUKVQqw==/base.dm)
10-25 10:03:33.555 31439 31713 W ziparchive: Unable to open '/data/app/~~eoHynTL874K3_7m4RPtm_Q==/com.quark.browser-iu-NZgS212tTGjpgUKVQqw==/base.dm': No such file or directory
10-25 10:03:33.555 31439 31713 I artd    : OatFileAssistant test for existing oat file /data/app/~~eoHynTL874K3_7m4RPtm_Q==/com.quark.browser-iu-NZgS212tTGjpgUKVQqw==/base.dm: I/O error
10-25 10:03:33.555 31439 31713 I artd    : GetBestInfo checking dm (/data/app/~~eoHynTL874K3_7m4RPtm_Q==/com.quark.browser-iu-NZgS212tTGjpgUKVQqw==/base.dm)
10-25 10:03:33.555 31439 31713 W ziparchive: Unable to open '/data/app/~~eoHynTL874K3_7m4RPtm_Q==/com.quark.browser-iu-NZgS212tTGjpgUKVQqw==/base.dm': No such file or directory
10-25 10:03:33.555 31439 31713 I artd    : OatFileAssistant test for existing oat file /data/app/~~eoHynTL874K3_7m4RPtm_Q==/com.quark.browser-iu-NZgS212tTGjpgUKVQqw==/base.dm: I/O error
10-25 10:03:33.555 31439 31713 I artd    : GetBestInfo no usable artifacts
10-25 10:03:33.560  2318  5445 W ziparchive: Unable to open '/data/app/~~eoHynTL874K3_7m4RPtm_Q==/com.quark.browser-iu-NZgS212tTGjpgUKVQqw==/base.dm': No such file or directory
10-25 10:03:33.560  2318  5445 E DexOptHelperImpl: Fail to get art odex vdex with path :/data/app/~~eoHynTL874K3_7m4RPtm_Q==/com.quark.browser-iu-NZgS212tTGjpgUKVQqw==/base.apk
10-25 10:03:33.580  3030  3793 I libsensor-boledalgo: dbv:363,lux:47.0,cct:7150.2,hsv:-1.0,dc:0CWB R:3132.0,G:7638.5,B:4874.3Event C:3216.9,R:1641.0,G:1253.4,B:767.6Cali C:187.8,R:68.5,G:65.1,B:31.1 
10-25 10:03:33.673 24061 24071 W dex2oat64: Accessing hidden method Landroid/content/IContentProvider;->call(Ljava/lang/String;Ljava/lang/String;Ljava/lang/String;Landroid/os/Bundle;)Landroid/os/Bundle; (max-target-q, linking, denied)
10-25 10:03:33.679  2318  3489 I MiSensorServiceImpl: LightFovOptimizationSensor::screen_angle: 0.086142 0.334397 9.742975 -nan 44.219326 0.000000 0 44.219326 0 44.219326
10-25 10:03:33.680  3094  3094 I adbd    : in ShellService: dumpsys activity activities
10-25 10:03:33.698  3094  3094 I adbd    : in ShellService: ps
10-25 10:03:33.753  3094  3094 I adbd    : in ShellService: dumpsys activity activities
10-25 10:03:33.771  1688  1688 I vendor.qti.hardware.servicetrackeraidl-service: destroyService is called for service : com.google.android.gms/.chimera.PersistentIntentOperationService
10-25 10:03:33.835  3094  3094 I adbd    : in ShellService: dumpsys activity activities
10-25 10:03:33.879  2318  3489 I MiSensorServiceImpl: LightFovOptimizationSensor::screen_angle: 0.094516 0.334397 9.745967 -nan 44.219326 0.000000 0 44.219326 0 44.219326
10-25 10:03:33.880  3030  3793 I libsensor-boledalgo: dbv:363,lux:47.3,cct:7090.0,hsv:-1.0,dc:0CWB R:3132.0,G:7638.5,B:4874.3Event C:3244.6,R:1658.0,G:1252.2,B:765.5Cali C:187.8,R:68.5,G:65.1,B:31.1 
10-25 10:03:33.919  3094  3094 I adbd    : in ShellService: dumpsys activity services
10-25 10:03:34.048  3094  3094 I adbd    : in ShellService: screencap -p /sdcard/screen_2025-10-25_100333.png
10-25 10:03:34.079  2318  3489 I MiSensorServiceImpl: LightFovOptimizationSensor::screen_angle: 0.101097 0.330808 9.742975 -nan 44.219326 0.000000 0 44.219326 0 44.219326
10-25 10:03:34.150 24111 24111 W BpBinder: Linking to death on android.gui.ISurfaceComposer but there are no threads (yet?) listening to incoming transactions. See ProcessState::startThreadPool and ProcessState::setThreadPoolMaxThreadCount. Generally you should setup the binder threadpool before other initialization steps.
10-25 10:03:34.151 24111 24111 W ProcessState: Extra binder thread started, but 0 threads requested. Do not use *startThreadPool when zero threads are requested.
10-25 10:03:34.187 24111 24113 I AdrenoUtils: <ReadGpuID:357>: Reading chip ID through GSL
10-25 10:03:34.184 24111 24111 W screencap: type=1400 audit(0.0:16689): avc:  denied  { read } for  name="libubwcp.so" dev="dm-14" ino=19816057 scontext=u:r:shell:s0 tcontext=u:object_r:vendor_file:s0 tclass=file permissive=0
10-25 10:03:34.188 24111 24111 W qdgralloc: Failed to load libubwcp.so
10-25 10:03:34.193  7336 23561 W MediaProvider: isAppCloneUserPair for user 0: false
10-25 10:03:34.279  2318  3489 I MiSensorServiceImpl: LightFovOptimizationSensor::screen_angle: 0.090927 0.332004 9.739985 -nan 44.219326 0.000000 0 44.219326 0 44.219326
10-25 10:03:34.281  3030  3793 I libsensor-boledalgo: dbv:363,lux:47.6,cct:7199.9,hsv:-1.0,dc:0CWB R:3132.0,G:7638.5,B:4874.3Event C:3269.9,R:1664.1,G:1266.7,B:779.0Cali C:187.8,R:68.5,G:65.1,B:31.1 
10-25 10:03:34.330  3030  3793 I libsensor-boledalgo: dbv:363,lux:47.7,cct:7140.3,hsv:-1.0,dc:0CWB R:3132.0,G:7638.5,B:4874.3Event C:3275.2,R:1674.2,G:1268.2,B:778.2Cali C:187.8,R:68.5,G:65.1,B:31.1 
10-25 10:03:34.380  3030  3793 I libsensor-boledalgo: dbv:363,lux:48.1,cct:7060.9,hsv:-1.0,dc:0CWB R:3132.0,G:7638.5,B:4874.3Event C:3270.9,R:1666.1,G:1267.2,B:770.7Cali C:187.8,R:68.5,G:65.1,B:31.1 
10-25 10:03:34.430  3030  3793 I libsensor-boledalgo: dbv:363,lux:47.8,cct:7134.5,hsv:-1.0,dc:0CWB R:3132.0,G:7638.5,B:4874.3Event C:3269.3,R:1666.9,G:1269.2,B:776.7Cali C:187.8,R:68.5,G:65.1,B:31.1 
10-25 10:03:34.431  3030  3793 I libsensor-boledalgo: dbv:363,lux:48.0,cct:7080.9,hsv:-1.0,dc:0CWB R:3132.0,G:7638.5,B:4874.3Event C:3271.2,R:1668.9,G:1270.9,B:774.4Cali C:187.8,R:68.5,G:65.1,B:31.1 
10-25 10:03:34.479  2318  3489 I MiSensorServiceImpl: LightFovOptimizationSensor::screen_angle: 0.093918 0.326022 9.747761 -nan 44.219326 0.000000 0 44.219326 0 44.219326
10-25 10:03:34.503 24061 24061 I dex2oat64: dex2oat took 2.023s (7.149s cpu) (threads: 6) arena alloc=0B (0B) java alloc=121MB (127863808B) native alloc=12MB (13001168B) free=2277KB (2332192B) swap=16MB (16777216B)
10-25 10:03:34.535 31439 31456 I artd    : dex2oat returned code 0
10-25 10:03:34.538  2318  2525 I ArtService: Dexopt result: [packageName = com.quark.browser] DexContainerFileDexoptResult{dexContainerFile=/data/app/~~eoHynTL874K3_7m4RPtm_Q==/com.quark.browser-iu-NZgS212tTGjpgUKVQqw==/base.apk, primaryAbi=true, abi=arm64-v8a, actualCompilerFilter=verify, status=PERFORMED, dex2oatWallTimeMillis=-30945389, dex2oatCpuTimeMillis=7200, sizeBytes=82572404, sizeBeforeBytes=0, extendedStatusFlags=[]}
10-25 10:03:34.539  2318 22662 I Miui32BitTranslateHelper: 32BitPretranslate: skipping APK pre-translation for com.quark.browser
10-25 10:03:34.540  2318  2525 W PackageFreezer: Freeze package com.quark.browser about 2.154 seconds for reason: installPackageLI
10-25 10:03:34.540  2318  2525 I BackupManagerService: [UserID:0] restoreAtInstall pkg=com.quark.browser token=d restoreSet=0
10-25 10:03:34.541  1688  1688 I vendor.qti.hardware.servicetrackeraidl-service: bindService is called for service : com.google.android.gms/.backup.BackupTransportService and for client system
10-25 10:03:34.541  1688  1688 I vendor.qti.hardware.servicetrackeraidl-service: total connections for service : com.google.android.gms/.backup.BackupTransportServiceare :1
10-25 10:03:34.541  1688  1688 I vendor.qti.hardware.servicetrackeraidl-service: total connections for client : systemare :34
10-25 10:03:34.551  2318  2318 I TransportConnection: BackupTransportService#2145: Notifying [BMS.restoreAtInstall] transport = BackupTransportClient
10-25 10:03:34.553  5787 14922 W AndroidBackupEventsLogg: Flag disabled, logging without sampling [CONTEXT service_id=229 ]
10-25 10:03:34.553  5787 14922 I AndroidBackupEventsLogg: (REDACTED) Logging without sampling %s
10-25 10:03:34.554  5787 14922 W AndroidBackupEventsLogg: Flag disabled, logging without sampling [CONTEXT service_id=229 ]
10-25 10:03:34.554  5787 14922 I AndroidBackupEventsLogg: (REDACTED) Logging without sampling %s
10-25 10:03:34.556  1688  1688 I vendor.qti.hardware.servicetrackeraidl-service: unbindService is called for service : com.google.android.gms/.backup.BackupTransportService and for client system
10-25 10:03:34.556  1688  1688 I vendor.qti.hardware.servicetrackeraidl-service: size of service connections for service: com.google.android.gms/.backup.BackupTransportServiceafter removal is 0
10-25 10:03:34.556  1688  1688 I vendor.qti.hardware.servicetrackeraidl-service: size of client connections for client: systemafter removal is 33
10-25 10:03:34.556  1688  1688 I vendor.qti.hardware.servicetrackeraidl-service: destroyService is called for service : com.google.android.gms/.backup.BackupTransportService
10-25 10:03:34.560  2318  2525 I InstallationTiming: com.quark.browser|null|7488|4227|125|845|0|31|2101
