10-25 10:03:26.260  7438  7438 E RegisteredServicesCache: Skipping application component ComponentInfo{com.autonavi.minimap/com.alipay.mobile.aompdevice.nfc.service.TinyAppHostApduService}: it must request the permission android.permission.NFC
10-25 10:03:26.262  7438  7438 I RegisteredServicesCache: current user: 0, is managed profile : false
10-25 10:03:26.263  2318  5107 W AppOpService: Ignored setUidMode call for runtime permission app op: uid = 1001, code = READ_SMS, mode = allow, callingUid = 1001, oldMode = allow
10-25 10:03:26.263  2318  5107 W AppOpService: Ignored setUidMode call for runtime permission app op: uid = 1001, code = RECEIVE_SMS, mode = allow, callingUid = 1001, oldMode = allow
10-25 10:03:26.263  2318  5453 W AppOpService: Ignored setUidMode call for runtime permission app op: uid = 1001, code = RECEIVE_WAP_PUSH, mode = allow, callingUid = 1001, oldMode = allow
10-25 10:03:26.264  2318  5453 W AppOpService: Ignored setUidMode call for runtime permission app op: uid = 1001, code = SEND_SMS, mode = allow, callingUid = 1001, oldMode = allow
10-25 10:03:26.264  2318  5453 W AppOpService: Ignored setUidMode call for runtime permission app op: uid = 1001, code = READ_CELL_BROADCASTS, mode = allow, callingUid = 1001, oldMode = allow
10-25 10:03:26.264  7438  7438 I RegisteredAidCache: updateRoutingLocked(false): Enter
10-25 10:03:26.264  7438  7438 I AidRoutingManager: configureRouting(false): Enter
10-25 10:03:26.264  7438  7438 E AidRoutingManager: Size of routing table970
10-25 10:03:26.264  7438  7438 I RegisteredAidCache: updateRoutingLocked(false): exit
10-25 10:03:26.265  7438  7438 I libnfc_nci: [INFO:NativeT4tNfcee.cpp(870)] nfcManager_isFwSupportNonStdT4TAid Enter isFwSupport = 1
10-25 10:03:26.265  7438  7438 I libnfc_nci: [INFO:SecureElement.cpp(1487)] SecureElement::getEseHandleFromGenericId: enter; ESE-ID = 0x7F
10-25 10:03:26.265  7438  7438 I libnfc_nci: [INFO:SecureElement.cpp(1528)] SecureElement::getEseHandleFromGenericId: enter; ESE-Handle = 0x410
10-25 10:03:26.265  7438  7438 I libnfc_nci: [INFO:SecureElement.cpp(1487)] SecureElement::getEseHandleFromGenericId: enter; ESE-ID = 0x00
10-25 10:03:26.266  7438  7438 I libnfc_nci: [INFO:SecureElement.cpp(1528)] SecureElement::getEseHandleFromGenericId: enter; ESE-Handle = 0x400
10-25 10:03:26.267  4610 23262 I SecureElement-Terminal-eSE1: isSecureElementPresent()
10-25 10:03:26.267  1594  1594 I android.hardware.secure_element-service.qti: isCardPresent
10-25 10:03:26.267  1594  1594 I android.hardware.secure_element-service.qti: isCardPresent exit, cardPresent: 1
10-25 10:03:26.268  7707  8106 I RuntimePermissionManager: isRuntimeRequestSupport: true
10-25 10:03:26.268  7707  8106 I InstalledPackagesMemoryCache: getInstallPermissionGranted=true
10-25 10:03:26.269  4610 23262 I SecureElement-Terminal-SIM1: isSecureElementPresent()
10-25 10:03:26.269  4610 23262 I SecureElement-Terminal-SIM1: isNfcEventAllowed: No access rules for checking.
10-25 10:03:26.270  4610 23262 I SecureElement-Terminal-SIM2: isSecureElementPresent()
10-25 10:03:26.279  2318  3489 I MiSensorServiceImpl: LightFovOptimizationSensor::screen_angle: 0.099302 0.329611 9.738789 -nan 44.219326 0.000000 0 44.219326 0 44.219326
10-25 10:03:26.280  2318  2447 W EnhancedConfirmationService: The packageName should not be null.
10-25 10:03:26.280  2318  2447 W MagnificationConnectionManager: requestConnection duplicated request: connect=false, mConnectionState=DISCONNECTED
10-25 10:03:26.298  1656  1854 I SDM     : DisplayBase::CommitThread: Received idle timeout, panel: cmd, timeout: 69999 us
10-25 10:03:26.303  2318  5111 W ContentProviderHelper: Permission Denial: opening provider androidx.core.content.FileProvider from ProcessRecord{b5c3562 21526:com.tencent.android.qqdownloader/u0a324} (pid=21526, uid=10324) that is not exported from UID 1027
10-25 10:03:26.331  3030  3793 I libsensor-boledalgo: dbv:363,lux:45.2,cct:7229.9,hsv:-1.0,dc:0CWB R:3132.0,G:7638.5,B:4874.3Event C:3109.8,R:1575.3,G:1203.6,B:740.0Cali C:187.8,R:68.5,G:65.1,B:31.1 
10-25 10:03:26.332  3030  3793 I libsensor-boledalgo: dbv:363,lux:45.1,cct:7302.9,hsv:-1.0,dc:0CWB R:3132.0,G:7638.5,B:4874.3Event C:3113.2,R:1568.4,G:1198.6,B:740.0Cali C:187.8,R:68.5,G:65.1,B:31.1 
10-25 10:03:26.347  3094  3094 I adbd    : in ShellService: wm size
10-25 10:03:26.355  2318  2451 W BroadcastQueue: Greezer Denial: sending Intent { act=android.intent.action.INPUT_METHOD_CHANGED flg=0x20000010 (has extras) }, action: android.intent.action.INPUT_METHOD_CHANGED from android (uid=1000) due to receiver ProcessRecord{3fdfc 12838:com.getsurfboard/u0a279} (uid 10279) need cached broadcast
10-25 10:03:26.379 12107 23784 I Market-DownloadLimitSpeedManager: stopLimitSpeed
10-25 10:03:26.379 12107 23784 I Market-LimitSpeedManager: stopLimitSpeedNow() =========== 
10-25 10:03:26.384  3030  3793 I libsensor-boledalgo: dbv:363,lux:45.6,cct:7162.6,hsv:-1.0,dc:0CWB R:3132.0,G:7638.5,B:4874.3Event C:3119.6,R:1578.8,G:1208.2,B:738.3Cali C:187.8,R:68.5,G:65.1,B:31.1 
10-25 10:03:26.385 12107 23784 I Market-RetrofitRequest: callEnd : https://updateinfo.market.xiaomi.com/apm/updateinfo/diffsize
10-25 10:03:26.386 12107 23784 I Market-LocalAppManager: queryDiffSizeFromServer end
10-25 10:03:26.387 12107 23735 I Market-SubScriptManager: updateMarketSubScript forceShow : false
10-25 10:03:26.387 12107 23784 I Market-WakeLockManager: release wakeLock: CheckUpdateService
10-25 10:03:26.388 12107 23735 I Market-SubScriptManager: get count 65
10-25 10:03:26.389 12107 23735 I Market-SubScriptManager: get count 65
10-25 10:03:26.390 12107 12107 I Market-ServiceUtils: stop foreground service: CheckUpdateService
10-25 10:03:26.390  1688  1688 I vendor.qti.hardware.servicetrackeraidl-service: destroyService is called for service : com.xiaomi.market/.business_core.update.auto.CheckUpdateService
10-25 10:03:26.393  2318  3691 I MiuiNetworkPolicy: updateUidState uid = 10261, uidState = 19
10-25 10:03:26.393  2318  3691 I MiuiNetworkPolicy: updateUidState uid = 10167, uidState = 19
10-25 10:03:26.393  2318  3691 I MiuiNetworkPolicy: updateUidState uid = 10158, uidState = 19
10-25 10:03:26.445 12107 12129 I m.xiaomi.market: This is non sticky GC, maxfree is 16777216 minfree is 8388608
10-25 10:03:26.449  2318  3691 I MiuiNetworkPolicy: bandwidth: 142 KB/s, Max bandwidth: 7411 KB/s
10-25 10:03:26.449 12107 12131 W m.xiaomi.market: ApkAssets: Deleting an ApkAssets object '<empty> and /product/priv-app/MiuiHome/MiuiHome.apk' with 1 weak references
10-25 10:03:26.453  3094  3094 I adbd    : in ShellService: dumpsys input
10-25 10:03:26.479  2318  3489 I MiSensorServiceImpl: LightFovOptimizationSensor::screen_angle: 0.093918 0.329013 9.741181 -nan 44.219326 0.000000 0 44.219326 0 44.219326
10-25 10:03:26.483  8429 28926 E PackageUtil: getPackageInfoAsUser failed com.tencent.mtt , 999
10-25 10:03:26.484  8429 28926 E PermissionManagerProvider:  getPackageInfo is null packageName : com.tencent.mtt
10-25 10:03:26.491  8429 28926 E PackageUtil: getPackageInfoAsUser failed io.github.ylimit.droidbotapp , 999
10-25 10:03:26.558  3094  3094 I adbd    : in ShellService: getprop ro.sf.lcd_density
10-25 10:03:26.581  3030  3793 I libsensor-boledalgo: dbv:363,lux:45.3,cct:7230.7,hsv:-1.0,dc:0CWB R:3132.0,G:7638.5,B:4874.3Event C:3119.1,R:1581.6,G:1206.3,B:742.3Cali C:187.8,R:68.5,G:65.1,B:31.1 
10-25 10:03:26.622  2318  3998 I ClipboardServiceI: checkProviderWakePathForClipboard: primaryClip is null
10-25 10:03:26.623  3094  3094 I adbd    : in ShellService: input keyevent MENU
10-25 10:03:26.625  1688  1688 I vendor.qti.hardware.servicetrackeraidl-service: bindService is called for service : com.google.android.gms/.chimera.PersistentApiService and for client com.google.android.apps.youtube.music
10-25 10:03:26.625  1688  1688 I vendor.qti.hardware.servicetrackeraidl-service: total connections for service : com.google.android.gms/.chimera.PersistentApiServiceare :8
10-25 10:03:26.625  1688  1688 I vendor.qti.hardware.servicetrackeraidl-service: total connections for client : com.google.android.apps.youtube.musicare :1
10-25 10:03:26.628  1688  1688 I vendor.qti.hardware.servicetrackeraidl-service: bindService is called for service : com.google.android.gms/.auth.GetToken and for client com.google.android.apps.youtube.music
10-25 10:03:26.628  1688  1688 I vendor.qti.hardware.servicetrackeraidl-service: total connections for service : com.google.android.gms/.auth.GetTokenare :3
10-25 10:03:26.628  1688  1688 I vendor.qti.hardware.servicetrackeraidl-service: total connections for client : com.google.android.apps.youtube.musicare :2
10-25 10:03:26.629  2318  2451 W ActivityManager: Stopping service due to app idle: u0a324 -1m15s812ms com.tencent.android.qqdownloader/com.tencent.assistant.tools.ToolService
10-25 10:03:26.629  2318  2451 W ActivityManager: Stopping service due to app idle: u0a324 -1m17s792ms com.tencent.android.qqdownloader/com.tencent.assistant.sdk.SDKSupportService
10-25 10:03:26.629  2318  2451 W ActivityManager: Stopping service due to app idle: u0a324 -1m17s888ms com.tencent.android.qqdownloader/com.tencent.assistant.main.MainService
10-25 10:03:26.629  2318  2451 W ActivityManager: Stopping service due to app idle: u0a324 -1m18s98ms com.tencent.android.qqdownloader/com.tencent.assistant.daemon.CoreService
10-25 10:03:26.630  1688  1688 I vendor.qti.hardware.servicetrackeraidl-service: destroyService is called for service : com.tencent.android.qqdownloader/com.tencent.assistant.main.MainService
10-25 10:03:26.630  1688  1688 I vendor.qti.hardware.servicetrackeraidl-service: size of client connections for client: com.tencent.android.qqdownloaderafter removal is 5
10-25 10:03:26.631  3030  3793 I libsensor-boledalgo: dbv:363,lux:45.8,cct:7166.8,hsv:-1.0,dc:0CWB R:3132.0,G:7638.5,B:4874.3Event C:3128.1,R:1581.6,G:1212.4,B:740.6Cali C:187.8,R:68.5,G:65.1,B:31.1 
10-25 10:03:26.631  1688  1688 I vendor.qti.hardware.servicetrackeraidl-service: destroyService is called for service : com.tencent.android.qqdownloader/com.tencent.assistant.sdk.SDKSupportService
10-25 10:03:26.631  2318  3691 I MiuiNetworkPolicy: updateUidState uid = 10324, uidState = 10
10-25 10:03:26.636  2318  2429 E SSRU-RUS: Don't have packages for uid 99011
10-25 10:03:26.636  2318  3691 I MiuiNetworkPolicy: updateUidState uid = 99011, uidState = 19
10-25 10:03:26.637 13213 13213 E GEL_DELAYED_EVENT_DEBUG: Volley request failed for type bnfk
10-25 10:03:26.637 13213 13213 E GEL_DELAYED_EVENT_DEBUG: ahol: cety: Exception in CronetUrlRequest: net::ERR_NAME_NOT_RESOLVED, ErrorCode=1, InternalErrorCode=-105, Retryable=false
10-25 10:03:26.637 13213 13213 E GEL_DELAYED_EVENT_DEBUG: 	at ahkl.run(PG:75)
10-25 10:03:26.637 13213 13213 E GEL_DELAYED_EVENT_DEBUG: 	at bdqc.run(PG:21)
10-25 10:03:26.637 13213 13213 E GEL_DELAYED_EVENT_DEBUG: 	at vnr.run(PG:7)
10-25 10:03:26.637 13213 13213 E GEL_DELAYED_EVENT_DEBUG: 	at beys.run(PG:44)
10-25 10:03:26.637 13213 13213 E GEL_DELAYED_EVENT_DEBUG: 	at vmy.run(PG:89)
10-25 10:03:26.637 13213 13213 E GEL_DELAYED_EVENT_DEBUG: 	at java.lang.Thread.run(Thread.java:1012)
10-25 10:03:26.637 13213 13213 E GEL_DELAYED_EVENT_DEBUG: 	at vpd.run(PG:61)
10-25 10:03:26.637 13213 13213 E GEL_DELAYED_EVENT_DEBUG: Caused by: cety: Exception in CronetUrlRequest: net::ERR_NAME_NOT_RESOLVED, ErrorCode=1, InternalErrorCode=-105, Retryable=false
10-25 10:03:26.637 13213 13213 E GEL_DELAYED_EVENT_DEBUG: 	at org.chromium.net.impl.CronetUrlRequest.onError(PG:66)
10-25 10:03:26.637  2318  3691 I MiuiNetworkPolicy: updateUidState uid = 10324, uidState = 19
10-25 10:03:26.638  2318  5445 W ActivityManager: Background start not allowed: service Intent { cmp=com.tencent.android.qqdownloader/com.tencent.assistant.main.MainService } to com.tencent.android.qqdownloader/com.tencent.assistant.main.MainService from pid=21526 uid=10324 pkg=com.tencent.android.qqdownloader startFg?=false
10-25 10:03:26.639  2318  5111 W ActivityManager: Background start not allowed: service Intent { cmp=com.tencent.android.qqdownloader/com.tencent.assistant.main.MainService } to com.tencent.android.qqdownloader/com.tencent.assistant.main.MainService from pid=21451 uid=10324 pkg=com.tencent.android.qqdownloader startFg?=false
10-25 10:03:26.639  2318  5140 W ActivityManager: Background start not allowed: service Intent { cmp=com.tencent.android.qqdownloader/com.tencent.assistant.main.MainService } to com.tencent.android.qqdownloader/com.tencent.assistant.main.MainService from pid=21416 uid=10324 pkg=com.tencent.android.qqdownloader startFg?=false
10-25 10:03:26.640  2318  5111 W ActivityManager: Background start not allowed: service Intent { cmp=com.tencent.android.qqdownloader/com.tencent.assistant.main.MainService } to com.tencent.android.qqdownloader/com.tencent.assistant.main.MainService from pid=21451 uid=10324 pkg=com.tencent.android.qqdownloader startFg?=false
10-25 10:03:26.641  2318  5140 W ActivityManager: Background start not allowed: service Intent { cmp=com.tencent.android.qqdownloader/com.tencent.assistant.main.MainService } to com.tencent.android.qqdownloader/com.tencent.assistant.main.MainService from pid=21416 uid=10324 pkg=com.tencent.android.qqdownloader startFg?=false
10-25 10:03:26.645  2318  3998 W ActivityManager: Background start not allowed: service Intent { cmp=com.tencent.android.qqdownloader/com.tencent.assistant.main.MainService } to com.tencent.android.qqdownloader/com.tencent.assistant.main.MainService from pid=21526 uid=10324 pkg=com.tencent.android.qqdownloader startFg?=false
10-25 10:03:26.655  2318  3998 W MIUIInput: Input event injection from package: null action ACTION_DOWN keycode 82
10-25 10:03:26.655  2318  3998 W MiuiInputKeyEventLog: keyCode:82 down:true eventTime:13020880 downTime:13020880 policyFlags:2b000000 flags:0 metaState:0 deviceId:-1 isScreenOn:true keyguardActive:false repeatCount:0
10-25 10:03:26.656  2318  3572 I InputFeature: supportXiaomiHyperXiaoAi is true
10-25 10:03:26.657  2318  3572 I InputFeature: supportXiaomiHyperXiaoAiScreenRecognition support
10-25 10:03:26.657  2318  3572 I InputFeature: supportBlockCombinationKey com.miui.home version: 3
10-25 10:03:26.657  2318  3572 I MiuiInputKeyEventLog: is show menu
10-25 10:03:26.657  2318  3572 I MIUIInput: [KeyEvent] publisher action:0x0,  keyCode:82 , deviceId=-1, 13020880,channel '88fbfb6 com.miui.home/com.miui.home.launcher.Launcher (server)' 
10-25 10:03:26.657  4299  4299 I MIUIInput: [KeyEvent] ViewRootImpl windowName 'com.miui.home/com.miui.home.launcher.Launcher', KeyEvent { action=ACTION_DOWN, keyCode=KEYCODE_MENU, scanCode=0, metaState=0, flags=0x0, repeatCount=0, eventTime=13020880000000, downTime=13020880000000, deviceId=-1, source=0x0, displayId=-1 }, phoneEventTime=10:03:26.654
10-25 10:03:26.657  1908  1908 E DisplayModeController: setDesiredMode : Idle status skip setActiveMode, isDdicIdleMode: 1
10-25 10:03:26.659  2318  3998 W MIUIInput: Input event injection from package: null action ACTION_UP keycode 82
10-25 10:03:26.659  2318  3998 W MiuiInputKeyEventLog: keyCode:82 down:false eventTime:13020884 downTime:13020880 policyFlags:2b000000 flags:0 metaState:0 deviceId:-1 isScreenOn:true keyguardActive:false repeatCount:0
10-25 10:03:26.659  2318  3572 I InputFeature: supportXiaomiHyperXiaoAi is true
10-25 10:03:26.659  2318  3572 I InputFeature: supportXiaomiHyperXiaoAiScreenRecognition support
10-25 10:03:26.659  2318  3572 I InputFeature: supportBlockCombinationKey com.miui.home version: 3
10-25 10:03:26.659  2318  3572 I MiuiInputKeyEventLog: is show menu
10-25 10:03:26.659  2318  3572 I MIUIInput: [KeyEvent] publisher action:0x1,  keyCode:82 , deviceId=-1, 13020884,channel '88fbfb6 com.miui.home/com.miui.home.launcher.Launcher (server)' 
10-25 10:03:26.659  4299  4299 I MIUIInput: [KeyEvent] ViewRootImpl windowName 'com.miui.home/com.miui.home.launcher.Launcher', KeyEvent { action=ACTION_UP, keyCode=KEYCODE_MENU, scanCode=0, metaState=0, flags=0x0, repeatCount=0, eventTime=13020884000000, downTime=13020880000000, deviceId=-1, source=0x0, displayId=-1 }, phoneEventTime=10:03:26.658
10-25 10:03:26.660  4299  4299 I AnimStateManager: IdleState handle event 2006
10-25 10:03:26.660  4299  4299 I AnimStateManager: CommonState handle event 2006
10-25 10:03:26.661  4340  7377 I MiuiWallpaper-MiuiWallpaperManagerService: isMiuiWallpaperComponentUsing: true
10-25 10:03:26.662  4340  7377 I MiuiWallpaper-MiuiWallpaperManagerService: isMiuiWallpaperComponentUsing: true
10-25 10:03:26.662  4340  7377 I MiuiWallpaper-MiuiWallpaperManagerService: isMiuiWallpaperComponentUsing: true
10-25 10:03:26.663  4299  4890 I HapticFeedbackUtil: rtp:216
10-25 10:03:26.666  1656  2244 I SDM     : HWCDisplay::SetActiveConfigWithConstraints: display:66-0, config: 3, WxH 1200x2670, fps 120
10-25 10:03:26.666  1656  2244 W SDM     : HWDeviceDRM::GetSupportedBitClkRate: Requested rate not supported: 1150000000
10-25 10:03:26.666  1656  2244 I SDM     : HWDeviceDRM::UpdateMixerAttributes: Mixer WxH 1200x2670-1 for Peripheral
10-25 10:03:26.666  1656  2244 I SDM     : HWCDisplay::SubmitDisplayConfig: Active configuration changed from config 1 to 3
10-25 10:03:26.666  1656  2244 I SDM     : HWCDisplay::SubmitDisplayConfig: Active WxH 1200x2670 ,ddic_mode:auto, timing_fps: 120, sf_fps: 120
10-25 10:03:26.668  1656  2516 I vendor.qti.hardware.display.composer-service: Sensor: notify citsensorservice to trigger cwb, misForced = 0
10-25 10:03:26.668  3030  3788 I libsensor-parseRGB: request dump start for mRequestDisplayId 0
10-25 10:03:26.671  2318  4215 E HyperSentinel: -------------------------------------------------------
10-25 10:03:26.671  4299  4299 W PreviewDisappear: set, applyTo for info: com.miui.home.launcher.graphics.DrawableInfo@11e0263, with icon: null
10-25 10:03:26.672  2318  4215 E HyperSentinel: Event_OpenFileFDSize
10-25 10:03:26.672  2318  4215 E HyperSentinel: -> audit event by proc 2318 "system_server": Fd increasement, peak, 1131 -> 1292
10-25 10:03:26.678  2318  5293 I NetworkAccelerateSwitchService: EVENT_RSSI_POLL. mRssiPoll=true
10-25 10:03:26.678  2318  5293 I NetworkAccelerateSwitchService: getAverageWifiRssi:34
10-25 10:03:26.680  2318  3489 I MiSensorServiceImpl: LightFovOptimizationSensor::screen_angle: 0.098704 0.333799 9.738789 -nan 44.219326 0.000000 0 44.219326 0 44.219326
10-25 10:03:26.687  1596  1596 I sensors-hal: batch:141, android.sensor.accelerometer/11, period=66667000, max_latency=0
10-25 10:03:26.687  1596  1596 I sensors-hal: set_config:56, sample_period_ns is adjusted to 66667000 based on min/max delay_ns
10-25 10:03:26.687  1596  1596 I sensors-hal: send_sensor_config_request:626, resampler is used, set resampler config
10-25 10:03:26.687  1596  1596 I sensors-hal: send_sync_sensor_request:531, send sync request
10-25 10:03:26.687  1596  1596 I sensors-hal: send_sync_sensor_request:541, send_sync_sensor_request before send_request for accel with SUID low=11115320498015681092 high=2286538866409242278
10-25 10:03:26.687  1596  1596 I sensors-hal: send_sync_sensor_request:560, wait for notification of response
10-25 10:03:26.687  4299  4299 W ScreenView_Workspace: updateChildStaticTransformation error,childW=0.0
10-25 10:03:26.687  2318  2460 I SensorAccount: App register sensor to track it noWakeupSensor_10138_0x100000b
10-25 10:03:26.689  1596 11916 I sensors-hal: qsh_conn_resp_cb:886, resp_value = 0 for accel 
10-25 10:03:26.689  1596  1596 I sensors-hal: send_sync_sensor_request:566, takes 2 ms to receive the response with 0
10-25 10:03:26.689  1596  1596 I sensors-hal: batch:150, android.sensor.accelerometer/11, period=66667000, max_latency=0 request completed
10-25 10:03:26.690  4299  4890 E Launcher: mFsGestureStatusRefreshRunnable:run usingFsGesture=true   show=true   focus=true   pause=false
10-25 10:03:26.691  4299  4299 W RecentsImpl: updateFsgWindowVisibilityState origin isEnter=true, typeFrom=typefrom_home
10-25 10:03:26.692  4299  4890 W RecentsImpl: updateFsgWindowVisibilityStateInBgThread, isEnter=true, typeFrom=typefrom_home, isOpen=true, isKeyguardLocked=false, mIsInAnotherPro=false, isStatusBarExpansion=false
10-25 10:03:26.694  4299  4968 W GestureStubView_Left: adaptRotation   currentRotation=0   mRotation=0
10-25 10:03:26.695  4299  4968 W GestureStubView_Right: adaptRotation   currentRotation=0   mRotation=0
10-25 10:03:26.697  3030  3108 E libsensor-parseRGB: CWB NotifyCWBBufferDone  error 0
10-25 10:03:26.720  3094  3094 I adbd    : in ShellService: input keyevent BACK
10-25 10:03:26.731  3030  3793 I libsensor-boledalgo: dbv:363,lux:47.7,cct:7073.2,hsv:-1.0,dc:0CWB R:1940.4,G:4758.8,B:3021.7Event C:3083.4,R:1564.9,G:1196.4,B:731.7Cali C:51.1,R:18.7,G:22.5,B:14.1 
10-25 10:03:26.748 21526 21540 I id.qqdownloader: This is non sticky GC, maxfree is 16777216 minfree is 8388608
10-25 10:03:26.750  7707  7707 I PackageInstallReceiver: action = android.intent.action.PACKAGE_CHANGED packageName = com.miui.cleanmaster
10-25 10:03:26.750  7707  7707 W InstalledPackagesMemoryCache: Unknown action: android.intent.action.PACKAGE_CHANGED
10-25 10:03:26.750  7707  7707 I ServiceDeliveryCapability: onAppChanged:com.miui.cleanmaster action:android.intent.action.PACKAGE_CHANGED
10-25 10:03:26.750  7707  7707 I AppWidgetDelegate: updateAppWidgets for com.miui.cleanmaster
10-25 10:03:26.750  7707  7707 I WidgetController: WidgetController.updateOrRemoveStackWhenPackageChanged: packageName com.miui.cleanmaster
10-25 10:03:26.750  7707  7707 I WidgetBackgroundBlurManager: onAppChanged appPackageName : com.miui.cleanmaster
10-25 10:03:26.751  7707  7975 I AppWidgetDelegate: removeAllWidgets com.android.calendar.widget.NearEventAppWidget
10-25 10:03:26.751  7707  7975 I AppWidgetDelegate: removeAllWidgets com.xiaomi.misettings.usagestats.widget.desktop.widget.SimpleUsageStatsWidget
10-25 10:03:26.751  2318  2451 W BroadcastQueue: Greezer Denial: sending Intent { act=android.intent.action.PACKAGE_CHANGED dat=package: flg=0x45000010 (has extras) }, action: android.intent.action.PACKAGE_CHANGED from null (uid=1000) due to receiver ProcessRecord{34d044b 5797:com.kuaishou.nebula/u0a432} (uid 10432) need cached broadcast
10-25 10:03:26.754 21526 21545 W id.qqdownloader: ApkAssets: Deleting an ApkAssets object '<empty> and /data/app/~~-gl6Ib-xg14md60iF1AsxQ==/io.github.ylimit.droidbotapp-eT0v07fqBvzcBG-HlkIiag==/base.apk' with 1 weak references
10-25 10:03:26.763  2318  5445 W MIUIInput: Input event injection from package: null action ACTION_DOWN keycode 4
10-25 10:03:26.764  2318  5445 W MiuiInputKeyEventLog: keyCode:4 down:true eventTime:13020989 downTime:13020989 policyFlags:2b000000 flags:0 metaState:0 deviceId:-1 isScreenOn:true keyguardActive:false repeatCount:0
10-25 10:03:26.764  2318  2449 W ActivityManagerServiceImpl: Sending non-protected broadcast miui.intent.KEYCODE_BACK from system 2318:system/1000 pkg android. Callers=com.android.server.am.ActivityManagerService.checkBroadcastFromSystem:16255 com.android.server.am.ActivityManagerService.broadcastIntentLockedTraced:17126 com.android.server.am.ActivityManagerService.broadcastIntentLocked:16315 com.android.server.am.ActivityManagerService.broadcastIntentWithFeature:17337 android.app.ContextImpl.sendBroadcastAsUser:1495 
10-25 10:03:26.765  2318  3572 I MIUIInput: [KeyEvent] publisher action:0x0,  keyCode:4 , deviceId=-1, 13020989,channel '88fbfb6 com.miui.home/com.miui.home.launcher.Launcher (server)' 
10-25 10:03:26.766  4299  4299 I MIUIInput: [KeyEvent] ViewRootImpl windowName 'com.miui.home/com.miui.home.launcher.Launcher', KeyEvent { action=ACTION_DOWN, keyCode=KEYCODE_BACK, scanCode=0, metaState=0, flags=0x0, repeatCount=0, eventTime=13020989000000, downTime=13020989000000, deviceId=-1, source=0x0, displayId=-1 }, phoneEventTime=10:03:26.763
10-25 10:03:26.786  2318  5445 W MIUIInput: Input event injection from package: null action ACTION_UP keycode 4
10-25 10:03:26.787  2318  5445 W MiuiInputKeyEventLog: keyCode:4 down:false eventTime:13021012 downTime:13020989 policyFlags:2b000000 flags:0 metaState:0 deviceId:-1 isScreenOn:true keyguardActive:false repeatCount:0
10-25 10:03:26.787  2318  3572 I MIUIInput: [KeyEvent] publisher action:0x1,  keyCode:4 , deviceId=-1, 13021012,channel '88fbfb6 com.miui.home/com.miui.home.launcher.Launcher (server)' 
10-25 10:03:26.787  2318  2449 W ActivityManagerServiceImpl: Sending non-protected broadcast miui.intent.KEYCODE_BACK from system 2318:system/1000 pkg android. Callers=com.android.server.am.ActivityManagerService.checkBroadcastFromSystem:16255 com.android.server.am.ActivityManagerService.broadcastIntentLockedTraced:17126 com.android.server.am.ActivityManagerService.broadcastIntentLocked:16315 com.android.server.am.ActivityManagerService.broadcastIntentWithFeature:17337 android.app.ContextImpl.sendBroadcastAsUser:1495 
10-25 10:03:26.790  4299  4299 I MIUIInput: [KeyEvent] ViewRootImpl windowName 'com.miui.home/com.miui.home.launcher.Launcher', KeyEvent { action=ACTION_UP, keyCode=KEYCODE_BACK, scanCode=0, metaState=0, flags=0x0, repeatCount=0, eventTime=13021012000000, downTime=13020989000000, deviceId=-1, source=0x0, displayId=-1 }, phoneEventTime=10:03:26.786
10-25 10:03:26.803  4299  4299 W MIUIInput: Back key is intercepted by the app
10-25 10:03:26.804  2318  2460 I SensorAccount: App unregister sensor noWakeupSensor_10138_0x100000b
10-25 10:03:26.804  1596  1596 I sensors-hal: batch:141, android.sensor.accelerometer/11, period=100000000, max_latency=0
10-25 10:03:26.804  1596  1596 I sensors-hal: set_config:56, sample_period_ns is adjusted to 100000000 based on min/max delay_ns
10-25 10:03:26.804  1596  1596 I sensors-hal: send_sensor_config_request:626, resampler is used, set resampler config
10-25 10:03:26.804  1596  1596 I sensors-hal: send_sync_sensor_request:531, send sync request
10-25 10:03:26.804  1596  1596 I sensors-hal: send_sync_sensor_request:541, send_sync_sensor_request before send_request for accel with SUID low=11115320498015681092 high=2286538866409242278
10-25 10:03:26.804  1596  1596 I sensors-hal: send_sync_sensor_request:560, wait for notification of response
10-25 10:03:26.806  1596 11916 I sensors-hal: qsh_conn_resp_cb:886, resp_value = 0 for accel 
10-25 10:03:26.806  1596  1596 I sensors-hal: send_sync_sensor_request:566, takes 1 ms to receive the response with 0
10-25 10:03:26.806  1596  1596 I sensors-hal: batch:150, android.sensor.accelerometer/11, period=100000000, max_latency=0 request completed
10-25 10:03:26.808  4299  4890 E Launcher: mFsGestureStatusRefreshRunnable:run usingFsGesture=true   show=true   focus=true   pause=false
10-25 10:03:26.809  4299  4299 W RecentsImpl: updateFsgWindowVisibilityState origin isEnter=false, typeFrom=typefrom_home
10-25 10:03:26.810  4299  4890 W RecentsImpl: updateFsgWindowVisibilityStateInBgThread, isEnter=false, typeFrom=typefrom_home, isOpen=true, isKeyguardLocked=false, mIsInAnotherPro=false, isStatusBarExpansion=false
10-25 10:03:26.810  4299  4890 W RecentsImpl: getTopActivity from observer.   cn=ComponentInfo{com.miui.home/com.miui.home.launcher.Launcher}
10-25 10:03:26.872  1656  2516 I vendor.qti.hardware.display.composer-service: Sensor: notify citsensorservice to trigger cwb, misForced = 0
10-25 10:03:26.873  3030  3788 I libsensor-parseRGB: request dump start for mRequestDisplayId 0
10-25 10:03:26.875  3094  3094 I adbd    : in ShellService: ps
10-25 10:03:26.880  2318  3489 I MiSensorServiceImpl: LightFovOptimizationSensor::screen_angle: 0.098106 0.332602 9.741779 -nan 44.219326 0.000000 0 44.219326 0 44.219326
10-25 10:03:26.896  3030 15012 E libsensor-parseRGB: CWB NotifyCWBBufferDone  error 0
10-25 10:03:26.918  3094  3094 I adbd    : in ShellService: pm list packages -f
10-25 10:03:26.933  3030  3793 I libsensor-boledalgo: dbv:363,lux:47.0,cct:7017.7,hsv:-1.0,dc:0CWB R:2439.2,G:5946.4,B:3805.4Event C:3095.7,R:1568.7,G:1200.8,B:734.3Cali C:108.6,R:31.5,G:35.0,B:22.8 
10-25 10:03:26.988  2318  4416 I SensorAccount: ExecutionCapabilityChanged  pkgName:com.miui.home  canAfford:true mCurrentForegroundUid:10138
10-25 10:03:27.050 19790 19790 I abb     : StartCommandInProcess(73657474696e67730067657400676c6f settings.get.glo [truncated])
10-25 10:03:27.051  3094  3094 I adbd    : in ShellService: pm list packages -f
10-25 10:03:27.052  2318  2318 W binder:2318_1C: type=1400 audit(0.0:16685): avc:  denied  { getopt } for  scontext=u:r:system_server:s0 tcontext=u:r:shell:s0 tclass=unix_stream_socket permissive=0
10-25 10:03:27.052  2318  2318 W binder:2318_1C: type=1400 audit(0.0:16686): avc:  denied  { getopt } for  scontext=u:r:system_server:s0 tcontext=u:r:shell:s0 tclass=unix_stream_socket permissive=0
10-25 10:03:27.052  2318  2318 W binder:2318_1C: type=1400 audit(0.0:16687): avc:  denied  { getopt } for  scontext=u:r:system_server:s0 tcontext=u:r:shell:s0 tclass=unix_stream_socket permissive=0
10-25 10:03:27.064 19790 19790 I abb     : StartCommandInProcess(7061636b61676500696e7374616c6c00 package.install. [truncated])
10-25 10:03:27.071  2318  3998 I InstallationTiming: beginInstall_sessionId: 1607381937
10-25 10:03:27.080  2318  3489 I MiSensorServiceImpl: LightFovOptimizationSensor::screen_angle: 0.091525 0.332602 9.744770 -nan 44.219326 0.000000 0 44.219326 0 44.219326
10-25 10:03:27.080  1656  2516 I vendor.qti.hardware.display.composer-service: Sensor: notify citsensorservice to trigger cwb, misForced = 0
10-25 10:03:27.081  3030  3788 I libsensor-parseRGB: request dump start for mRequestDisplayId 0
10-25 10:03:27.104  3030  3108 E libsensor-parseRGB: CWB NotifyCWBBufferDone  error 0
10-25 10:03:27.182  3030  3793 I libsensor-boledalgo: dbv:363,lux:45.9,cct:7139.1,hsv:-1.0,dc:0CWB R:3132.0,G:7638.5,B:4874.3Event C:3136.1,R:1589.5,G:1215.4,B:741.8Cali C:187.8,R:68.5,G:65.1,B:31.1 
10-25 10:03:27.200  2318  3691 I MiuiNetworkPolicy: updateUidState uid = 10278, uidState = 19
10-25 10:03:27.246  2318  4219 I SmartPower: com.sohu.inputmethod.sogou.xiaomi/10183(15030): background->idle(69032ms) R(become invisible) adj=900.
10-25 10:03:27.280  2318  3489 I MiSensorServiceImpl: LightFovOptimizationSensor::screen_angle: 0.097508 0.332602 9.741779 -nan 44.219326 0.000000 0 44.219326 0 44.219326
10-25 10:03:27.289  1656  2516 I vendor.qti.hardware.display.composer-service: Sensor: notify citsensorservice to trigger cwb, misForced = 0
10-25 10:03:27.290  3030  3788 I libsensor-parseRGB: request dump start for mRequestDisplayId 0
10-25 10:03:27.315  3030  3108 E libsensor-parseRGB: CWB NotifyCWBBufferDone  error 0
10-25 10:03:27.383  3030  3793 I libsensor-boledalgo: dbv:363,lux:45.8,cct:7210.1,hsv:-1.0,dc:0CWB R:3132.0,G:7638.5,B:4874.3Event C:3143.1,R:1586.4,G:1211.9,B:743.2Cali C:187.8,R:68.5,G:65.1,B:31.1 
10-25 10:03:27.419 21526 21872 I FileLockLib: [21526]file 118 unlocked. fl.pid=0
10-25 10:03:27.420 21526 21872 I FileLockLib: [21526]file 118 unlocked. fl.pid=0
10-25 10:03:27.480  2318  3489 I MiSensorServiceImpl: LightFovOptimizationSensor::screen_angle: 0.096311 0.334397 9.748360 -nan 44.219326 0.000000 0 44.219326 0 44.219326
10-25 10:03:27.496  1656  2516 I vendor.qti.hardware.display.composer-service: Sensor: notify citsensorservice to trigger cwb, misForced = 0
10-25 10:03:27.499  3030  3788 I libsensor-parseRGB: request dump start for mRequestDisplayId 0
10-25 10:03:27.520  3030  3112 E libsensor-parseRGB: CWB NotifyCWBBufferDone  error 0
10-25 10:03:27.592  1656  1854 I SDM     : DisplayBase::CommitThread: Received idle timeout, panel: cmd, timeout: 70000 us
10-25 10:03:27.629  1656  2244 I SDM     : HWCDisplay::SetActiveConfigWithConstraints: display:66-0, config: 1, WxH 1200x2670, fps 120
10-25 10:03:27.629  1656  2244 W SDM     : HWDeviceDRM::GetSupportedBitClkRate: Requested rate not supported: 1150000000
10-25 10:03:27.629  1656  2244 I SDM     : HWDeviceDRM::UpdateMixerAttributes: Mixer WxH 1200x2670-1 for Peripheral
10-25 10:03:27.630  1656  2244 I SDM     : HWCDisplay::SubmitDisplayConfig: Active configuration changed from config 3 to 1
10-25 10:03:27.630  1656  2244 I SDM     : HWCDisplay::SubmitDisplayConfig: Active WxH 1200x2670 ,ddic_mode:idle, timing_fps: 120, sf_fps: 120
10-25 10:03:27.681  2318  3489 I MiSensorServiceImpl: LightFovOptimizationSensor::screen_angle: 0.093918 0.334397 9.747761 -nan 44.219326 0.000000 0 44.219326 0 44.219326
10-25 10:03:27.709  1656  1854 I SDM     : DisplayBase::CommitThread: Received idle timeout, panel: cmd, timeout: 70000 us
10-25 10:03:27.734  2318  4219 I SmartPower: com.miui.cleanmaster/10266(19987): background->idle(3000ms) R(service create com.miui.cleanmaster/com.miui.optimizecenter.service.CleanMasterService) adj=905.
10-25 10:03:27.759  2318  4219 I SmartPower: com.android.packageinstaller/10097(11211): background->idle(3000ms) R(broadcast start Intent { act=android.intent.action.PACKAGE_ADDED dat=package: flg=0x5000010 pkg=com.android.packageinstaller (has extras) }) adj=905.
10-25 10:03:27.789  1656  2516 I vendor.qti.hardware.display.composer-service: Sensor: notify citsensorservice to trigger cwb, misForced = 1
10-25 10:03:27.789  3030  3788 I libsensor-parseRGB: request dump start for mRequestDisplayId 0
10-25 10:03:27.812  3030  3108 E libsensor-parseRGB: CWB NotifyCWBBufferDone  error 0
10-25 10:03:27.868  1656  1854 I SDM     : DisplayBase::CommitThread: Received idle timeout, panel: cmd, timeout: 70000 us
10-25 10:03:27.880  2318  3489 I MiSensorServiceImpl: LightFovOptimizationSensor::screen_angle: 0.098704 0.332004 9.750752 -nan 44.219326 0.000000 0 44.219326 0 44.219326
10-25 10:03:27.881  3030  3793 I libsensor-boledalgo: dbv:363,lux:46.1,cct:7096.7,hsv:-1.0,dc:0CWB R:3132.0,G:7638.5,B:4874.3Event C:3145.5,R:1597.6,G:1218.6,B:742.1Cali C:187.8,R:68.5,G:65.1,B:31.1 
10-25 10:03:27.931  3030  3793 I libsensor-boledalgo: dbv:363,lux:46.2,cct:7155.8,hsv:-1.0,dc:0CWB R:3132.0,G:7638.5,B:4874.3Event C:3154.5,R:1592.8,G:1216.1,B:742.6Cali C:187.8,R:68.5,G:65.1,B:31.1 
10-25 10:03:27.953  2318  4219 I SmartPower: com.android.browser/10134(22999): background->idle(3004ms) R(broadcast start Intent { act=miui.intent.action.PACKAGE_FIRST_LAUNCH flg=0x1000010 (has extras) }) adj=905.
10-25 10:03:27.981  3030  3793 I libsensor-boledalgo: dbv:363,lux:45.8,cct:7232.5,hsv:-1.0,dc:0CWB R:3132.0,G:7638.5,B:4874.3Event C:3145.2,R:1590.8,G:1214.9,B:746.9Cali C:187.8,R:68.5,G:65.1,B:31.1 
10-25 10:03:28.002  3094  3094 I adbd    : in ShellService: ps
10-25 10:03:28.030  3030  3793 I libsensor-boledalgo: dbv:363,lux:45.7,cct:7156.3,hsv:-1.0,dc:0CWB R:3132.0,G:7638.5,B:4874.3Event C:3134.0,R:1593.5,G:1216.6,B:744.6Cali C:187.8,R:68.5,G:65.1,B:31.1 
10-25 10:03:28.049  2318  5111 W UriGrantsManagerService: No permission grants found for com.tencent.android.qqdownloader
10-25 10:03:28.079  2318  3489 I MiSensorServiceImpl: LightFovOptimizationSensor::screen_angle: 0.091525 0.335593 9.745967 -nan 44.219326 0.000000 0 44.219326 0 44.219326
10-25 10:03:28.080  3030  3793 I libsensor-boledalgo: dbv:363,lux:45.8,cct:7234.6,hsv:-1.0,dc:0CWB R:3132.0,G:7638.5,B:4874.3Event C:3145.5,R:1589.5,G:1212.9,B:745.8Cali C:187.8,R:68.5,G:65.1,B:31.1 
10-25 10:03:28.122  2318  2429 E SSRU-RUS: Don't have packages for uid 99011
10-25 10:03:28.122  2318  3691 I MiuiNetworkPolicy: updateUidState uid = 99011, uidState = 19
10-25 10:03:28.130  3030  3793 I libsensor-boledalgo: dbv:363,lux:45.9,cct:7119.2,hsv:-1.0,dc:0CWB R:3132.0,G:7638.5,B:4874.3Event C:3141.5,R:1597.6,G:1216.1,B:742.6Cali C:187.8,R:68.5,G:65.1,B:31.1 
10-25 10:03:28.181  3030  3793 I libsensor-boledalgo: dbv:363,lux:46.0,cct:7176.9,hsv:-1.0,dc:0CWB R:3132.0,G:7638.5,B:4874.3Event C:3156.7,R:1600.4,G:1218.6,B:746.9Cali C:187.8,R:68.5,G:65.1,B:31.1 
10-25 10:03:28.218  2318  4219 I SmartPower: com.android.vending/10124(10447): background->idle(3006ms) R(broadcast end Intent { act=android.intent.action.PACKAGE_CHANGED dat=package: flg=0x5000010 (has extras) }) adj=250.
10-25 10:03:28.218  2318  4219 I SmartPower: com.android.vending:background/10124(10644): background->idle(3004ms) R(broadcast end Intent { act=android.intent.action.PACKAGE_CHANGED dat=package: flg=0x5000010 (has extras) }) adj=100.
10-25 10:03:28.234  2318  4219 I SmartPower: com.mfashiongallery.emag/10262(8010): background->idle(3004ms) R(broadcast start Intent { act=android.intent.action.PACKAGE_ADDED dat=package: flg=0x4000010 (has extras) }) adj=925.
10-25 10:03:28.235  2318  4219 I SmartPower: com.miui.voiceassist:core/10193(7346): background->idle(3001ms) R(broadcast start Intent { act=android.intent.action.PACKAGE_ADDED dat=package: flg=0x4000010 (has extras) }) adj=100.
10-25 10:03:28.235  2318  4219 I SmartPower: android.process.mediaUI/10261(12429): background->idle(3000ms) R(broadcast start Intent { act=android.intent.action.PACKAGE_ADDED dat=package: flg=0x4000010 (has extras) }) adj=905.
10-25 10:03:28.238  2318  4219 I SmartPower: com.xiaomi.aicr:actionprovider/10127(12470): background->idle(3003ms) R(broadcast start Intent { act=android.intent.action.PACKAGE_ADDED dat=package: flg=0x4000010 (has extras) }) adj=935.
10-25 10:03:28.246  2318  4219 I SmartPower: com.google.android.documentsui/10100(20014): background->idle(3003ms) R(broadcast start Intent { act=android.intent.action.PACKAGE_ADDED dat=package: flg=0x4000010 (has extras) }) adj=935.
10-25 10:03:28.280  2318  3489 I MiSensorServiceImpl: LightFovOptimizationSensor::screen_angle: 0.094516 0.329611 9.752547 -nan 44.219326 0.000000 0 44.219326 0 44.219326
10-25 10:03:28.286  2318  4219 I SmartPower: com.milink.service:audio/10178(22090): background->idle(3042ms) R(broadcast start Intent { act=android.intent.action.PACKAGE_ADDED dat=package: flg=0x4000010 (has extras) }) adj=200.
10-25 10:03:28.286  2318  4219 I SmartPower: com.milink.crossdeviceservice/10178(24010): background->idle(3002ms) R(broadcast start Intent { act=android.intent.action.PACKAGE_ADDED dat=package: flg=0x4000010 (has extras) }) adj=935.
10-25 10:03:28.286  2318  4219 I SmartPower: com.android.quicksearchbox/10136(6456): background->idle(3001ms) R(broadcast start Intent { act=android.intent.action.PACKAGE_ADDED dat=package: flg=0x4000010 (has extras) }) adj=915.
10-25 10:03:28.287  2318  4219 I SmartPower: android.process.acore/10083(649): background->idle(3002ms) R(broadcast start Intent { act=android.intent.action.PACKAGE_ADDED dat=package: flg=0x4000010 (has extras) }) adj=800.
10-25 10:03:28.287  2318  4219 I SmartPower: com.miui.gallery/10271(31449): background->idle(3001ms) R(broadcast start Intent { act=android.intent.action.PACKAGE_ADDED dat=package: flg=0x4000010 (has extras) }) adj=905.
10-25 10:03:28.288  2318  4219 I SmartPower: com.tencent.android.qqdownloader/10324(21526): background->idle(3001ms) R(broadcast start Intent { act=android.intent.action.PACKAGE_ADDED dat=package: flg=0x4000010 (has extras) }) adj=905.
10-25 10:03:28.288  2318  4219 I SmartPower: com.tencent.android.qqdownloader:daemon/10324(21451): background->idle(3000ms) R(broadcast start Intent { act=android.intent.action.PACKAGE_ADDED dat=package: flg=0x4000010 (has extras) }) adj=905.
10-25 10:03:28.290  2318  4219 I SmartPower: com.xiaomi.market:widgetProvider/10167(20280): background->idle(3000ms) R(broadcast start Intent { act=com.xiaomi.market.APP_STATUS_CHANGED flg=0x30 cmp=com.xiaomi.market/.business_ui.widget.NewGameWidgetProvider (has extras) }) adj=905.
10-25 10:03:28.290  2318  4219 I SmartPower: com.xiaomi.market/10167(12107): background->idle(3070ms) R(broadcast start Intent { act=com.xiaomi.market.APP_STATUS_CHANGED flg=0x30 cmp=com.xiaomi.market/.business_ui.widget.NewGameWidgetProvider (has extras) }) adj=905.
10-25 10:03:28.480  2318  3489 I MiSensorServiceImpl: LightFovOptimizationSensor::screen_angle: 0.094516 0.334397 9.742975 -nan 44.219326 0.000000 0 44.219326 0 44.219326
10-25 10:03:28.630  3030  3793 I libsensor-boledalgo: dbv:363,lux:46.3,cct:7100.8,hsv:-1.0,dc:0CWB R:3132.0,G:7638.5,B:4874.3Event C:3155.1,R:1603.2,G:1225.8,B:746.3Cali C:187.8,R:68.5,G:65.1,B:31.1 
10-25 10:03:28.681  2318  3489 I MiSensorServiceImpl: LightFovOptimizationSensor::screen_angle: 0.091525 0.333799 9.751350 -nan 44.219326 0.000000 0 44.219326 0 44.219326
10-25 10:03:28.682  3030  3793 I libsensor-boledalgo: dbv:363,lux:46.1,cct:7156.1,hsv:-1.0,dc:0CWB R:3132.0,G:7638.5,B:4874.3Event C:3154.5,R:1599.9,G:1220.1,B:746.3Cali C:187.8,R:68.5,G:65.1,B:31.1 
10-25 10:03:28.731  3030  3793 I libsensor-boledalgo: dbv:363,lux:46.7,cct:7078.4,hsv:-1.0,dc:0CWB R:3132.0,G:7638.5,B:4874.3Event C:3164.9,R:1601.9,G:1230.0,B:745.8Cali C:187.8,R:68.5,G:65.1,B:31.1 
10-25 10:03:28.732  3030  3793 I libsensor-boledalgo: dbv:363,lux:46.1,cct:7182.8,hsv:-1.0,dc:0CWB R:3132.0,G:7638.5,B:4874.3Event C:3157.5,R:1597.1,G:1219.8,B:746.9Cali C:187.8,R:68.5,G:65.1,B:31.1 
10-25 10:03:28.831  3030  3793 I libsensor-boledalgo: dbv:363,lux:46.4,cct:7100.9,hsv:-1.0,dc:0CWB R:3132.0,G:7638.5,B:4874.3Event C:3162.5,R:1602.9,G:1226.5,B:746.1Cali C:187.8,R:68.5,G:65.1,B:31.1 
10-25 10:03:28.869  2318  4219 I SmartPower: com.miui.phrase/10162(22166): background->idle(3001ms) R(content provider start ContentProviderRecord{3ff3f0e u0 com.miui.phrase/com.miui.provider.InputProvider}) adj=905.
10-25 10:03:28.880  2318  3489 I MiSensorServiceImpl: LightFovOptimizationSensor::screen_angle: 0.093918 0.333799 9.754341 -nan 44.219326 0.000000 0 44.219326 0 44.219326
10-25 10:03:28.880  3030  3793 I libsensor-boledalgo: dbv:363,lux:46.2,cct:7188.2,hsv:-1.0,dc:0CWB R:3132.0,G:7638.5,B:4874.3Event C:3169.2,R:1605.2,G:1220.1,B:748.6Cali C:187.8,R:68.5,G:65.1,B:31.1 
10-25 10:03:28.932  3030  3793 I libsensor-boledalgo: dbv:363,lux:46.5,cct:7093.8,hsv:-1.0,dc:0CWB R:3132.0,G:7638.5,B:4874.3Event C:3168.6,R:1605.7,G:1226.3,B:745.8Cali C:187.8,R:68.5,G:65.1,B:31.1 
10-25 10:03:28.941  2318  2447 I ThermalObserver: Temperature control has been released.
10-25 10:03:28.972  2318  2426 I MiuiNetworkPolicy: label wlan0, uid -1, active false, tsNanos 43970676698660
10-25 10:03:28.979  4663  4954 E PhoneAdapter: get ntnphones failed, exception: java.lang.IllegalStateException: Default phones haven't been made yet!
10-25 10:03:29.031  3030  3793 I libsensor-boledalgo: dbv:363,lux:46.4,cct:7166.1,hsv:-1.0,dc:0CWB R:3132.0,G:7638.5,B:4874.3Event C:3175.0,R:1606.2,G:1225.3,B:749.5Cali C:187.8,R:68.5,G:65.1,B:31.1 
10-25 10:03:29.031  3030  3793 I libsensor-boledalgo: dbv:363,lux:46.2,cct:7217.0,hsv:-1.0,dc:0CWB R:3132.0,G:7638.5,B:4874.3Event C:3162.2,R:1594.8,G:1222.3,B:749.2Cali C:187.8,R:68.5,G:65.1,B:31.1 
10-25 10:03:29.080  2318  3489 I MiSensorServiceImpl: LightFovOptimizationSensor::screen_angle: 0.096311 0.332004 9.743574 -nan 44.219326 0.000000 0 44.219326 0 44.219326
10-25 10:03:29.130  3030  3793 I libsensor-boledalgo: dbv:363,lux:46.4,cct:7128.7,hsv:-1.0,dc:0CWB R:3132.0,G:7638.5,B:4874.3Event C:3160.1,R:1599.1,G:1225.8,B:746.6Cali C:187.8,R:68.5,G:65.1,B:31.1 
10-25 10:03:29.158  3094  3094 I adbd    : in ShellService: ps
10-25 10:03:29.171  3094  3094 I adbd    : in ShellService: pm list packages -f
10-25 10:03:29.230  3030  3793 I libsensor-boledalgo: dbv:363,lux:46.0,cct:7185.4,hsv:-1.0,dc:0CWB R:3132.0,G:7638.5,B:4874.3Event C:3153.2,R:1599.4,G:1220.6,B:748.4Cali C:187.8,R:68.5,G:65.1,B:31.1 
10-25 10:03:29.230  3030  3793 I libsensor-boledalgo: dbv:363,lux:46.2,cct:7118.3,hsv:-1.0,dc:0CWB R:3132.0,G:7638.5,B:4874.3Event C:3158.8,R:1607.5,G:1227.7,B:749.2Cali C:187.8,R:68.5,G:65.1,B:31.1 
10-25 10:03:29.279  2318  3489 I MiSensorServiceImpl: LightFovOptimizationSensor::screen_angle: 0.092722 0.333799 9.748360 -nan 44.219326 0.000000 0 44.219326 0 44.219326
10-25 10:03:29.399 18798 28240 I auth    : [XMS][Auth] updateAuthInfo in db true
10-25 10:03:29.400 18798 28244 I auth    : [XMS][Auth] updateAuthInfo in db true
10-25 10:03:29.401 18798 28244 I auth    : [XMS][Auth] updateAuthInfo in db true
10-25 10:03:29.413 18798 28244 I auth    : [XMS][Auth] updateAuthInfo in db true
10-25 10:03:29.414 18798 28240 I auth    : [XMS][Auth] updateAuthInfo in db true
10-25 10:03:29.415 18798 28244 I auth    : [XMS][Auth] updateAuthInfo in db true
10-25 10:03:29.417 18798 28240 I auth    : [XMS][Auth] updateAuthInfo in db true
10-25 10:03:29.417 18798 28244 I auth    : [XMS][Auth] updateAuthInfo in db true
10-25 10:03:29.419 18798 28240 I auth    : [XMS][Auth] updateAuthInfo in db true
10-25 10:03:29.421 18798 28244 I auth    : [XMS][Auth] updateAuthInfo in db true
10-25 10:03:29.423 18798 28244 I auth    : [XMS][Auth] updateAuthInfo in db true
10-25 10:03:29.431 18798 28240 I auth    : [XMS][Auth] updateAuthInfo in db true
10-25 10:03:29.433 18798 28240 I auth    : [XMS][Auth] updateAuthInfo in db true
10-25 10:03:29.452  2318  3691 I MiuiNetworkPolicy: bandwidth: 78 KB/s, Max bandwidth: 7411 KB/s
10-25 10:03:29.480  2318  3489 I MiSensorServiceImpl: LightFovOptimizationSensor::screen_angle: 0.090927 0.336790 9.753145 -nan 44.219326 0.000000 0 44.219326 0 44.219326
10-25 10:03:29.580  3030  3793 I libsensor-boledalgo: dbv:363,lux:45.9,cct:7170.6,hsv:-1.0,dc:0CWB R:3132.0,G:7638.5,B:4874.3Event C:3152.7,R:1602.7,G:1220.6,B:748.4Cali C:187.8,R:68.5,G:65.1,B:31.1 
10-25 10:03:29.631  3030  3793 I libsensor-boledalgo: dbv:363,lux:46.5,cct:7074.5,hsv:-1.0,dc:0CWB R:3132.0,G:7638.5,B:4874.3Event C:3162.2,R:1607.8,G:1231.7,B:748.1Cali C:187.8,R:68.5,G:65.1,B:31.1 
10-25 10:03:29.680  2318  3489 I MiSensorServiceImpl: LightFovOptimizationSensor::screen_angle: 0.093918 0.333799 9.752547 -nan 44.219326 0.000000 0 44.219326 0 44.219326
10-25 10:03:29.681  3030  3793 I libsensor-boledalgo: dbv:363,lux:45.9,cct:7202.0,hsv:-1.0,dc:0CWB R:3132.0,G:7638.5,B:4874.3Event C:3152.7,R:1601.7,G:1223.8,B:751.5Cali C:187.8,R:68.5,G:65.1,B:31.1 
10-25 10:03:29.681  2318  5293 I NetworkAccelerateSwitchService: EVENT_RSSI_POLL. mRssiPoll=true
10-25 10:03:29.682  2318  5293 I NetworkAccelerateSwitchService: getAverageWifiRssi:34
10-25 10:03:29.732  3030  3793 I libsensor-boledalgo: dbv:363,lux:46.0,cct:7129.4,hsv:-1.0,dc:0CWB R:3132.0,G:7638.5,B:4874.3Event C:3147.6,R:1601.2,G:1220.6,B:745.8Cali C:187.8,R:68.5,G:65.1,B:31.1 
10-25 10:03:29.830  3030  3793 I libsensor-boledalgo: dbv:363,lux:45.9,cct:7231.8,hsv:-1.0,dc:0CWB R:3132.0,G:7638.5,B:4874.3Event C:3151.6,R:1596.6,G:1222.6,B:751.5Cali C:187.8,R:68.5,G:65.1,B:31.1 
10-25 10:03:29.880  2318  3489 I MiSensorServiceImpl: LightFovOptimizationSensor::screen_angle: 0.095713 0.329611 9.749556 -nan 44.219326 0.000000 0 44.219326 0 44.219326
10-25 10:03:29.932  3030  3793 I libsensor-boledalgo: dbv:363,lux:46.5,cct:7090.7,hsv:-1.0,dc:0CWB R:3132.0,G:7638.5,B:4874.3Event C:3164.1,R:1603.7,G:1227.7,B:746.1Cali C:187.8,R:68.5,G:65.1,B:31.1 
10-25 10:03:29.980  3030  3793 I libsensor-boledalgo: dbv:363,lux:45.8,cct:7239.9,hsv:-1.0,dc:0CWB R:3132.0,G:7638.5,B:4874.3Event C:3153.2,R:1601.7,G:1223.8,B:753.8Cali C:187.8,R:68.5,G:65.1,B:31.1 
10-25 10:03:29.981  3030  3793 I libsensor-boledalgo: dbv:363,lux:46.1,cct:7186.1,hsv:-1.0,dc:0CWB R:3132.0,G:7638.5,B:4874.3Event C:3157.5,R:1597.6,G:1219.1,B:746.9Cali C:187.8,R:68.5,G:65.1,B:31.1 
10-25 10:03:29.997  2318  4215 E HyperSentinel: -------------------------------------------------------
10-25 10:03:29.997  2318  4215 E HyperSentinel: Event_ThreadAmount
10-25 10:03:29.997  2318  4215 E HyperSentinel: -> audit event by proc 23687 "io.github.ylimit.droidbotapp": running threads amount, 0 -> 24
10-25 10:03:30.031  3030  3793 I libsensor-boledalgo: dbv:363,lux:46.4,cct:7105.1,hsv:-1.0,dc:0CWB R:3132.0,G:7638.5,B:4874.3Event C:3157.7,R:1598.6,G:1225.8,B:745.2Cali C:187.8,R:68.5,G:65.1,B:31.1 
10-25 10:03:30.079  2318  3489 I MiSensorServiceImpl: LightFovOptimizationSensor::screen_angle: 0.091525 0.332004 9.750752 -nan 44.219326 0.000000 0 44.219326 0 44.219326
10-25 10:03:30.280  2318  3489 I MiSensorServiceImpl: LightFovOptimizationSensor::screen_angle: 0.094516 0.334397 9.754341 -nan 44.219326 0.000000 0 44.219326 0 44.219326
10-25 10:03:30.319  3094  3094 I adbd    : in ShellService: ps
10-25 10:03:30.418 21526 21872 I FileLockLib: [21526]file 118 unlocked. fl.pid=0
10-25 10:03:30.419 21526 21872 I FileLockLib: [21526]file 118 unlocked. fl.pid=0
10-25 10:03:30.479  2318  3489 I MiSensorServiceImpl: LightFovOptimizationSensor::screen_angle: 0.093918 0.337388 9.749556 -nan 44.219326 0.000000 0 44.219326 0 44.219326
10-25 10:03:30.480  3030  3793 I libsensor-boledalgo: dbv:363,lux:46.2,cct:7230.6,hsv:-1.0,dc:0CWB R:3132.0,G:7638.5,B:4874.3Event C:3159.6,R:1591.8,G:1221.8,B:749.2Cali C:187.8,R:68.5,G:65.1,B:31.1 
10-25 10:03:30.481  3030  3793 I libsensor-boledalgo: dbv:363,lux:46.6,cct:7113.6,hsv:-1.0,dc:0CWB R:3132.0,G:7638.5,B:4874.3Event C:3167.6,R:1600.1,G:1229.7,B:747.2Cali C:187.8,R:68.5,G:65.1,B:31.1 
10-25 10:03:30.530  3030  3793 I libsensor-boledalgo: dbv:363,lux:45.8,cct:7233.2,hsv:-1.0,dc:0CWB R:3132.0,G:7638.5,B:4874.3Event C:3151.6,R:1597.6,G:1216.9,B:749.2Cali C:187.8,R:68.5,G:65.1,B:31.1 
10-25 10:03:30.580  3030  3793 I libsensor-boledalgo: dbv:363,lux:46.3,cct:7161.4,hsv:-1.0,dc:0CWB R:3132.0,G:7638.5,B:4874.3Event C:3160.9,R:1598.4,G:1226.3,B:748.6Cali C:187.8,R:68.5,G:65.1,B:31.1 
10-25 10:03:30.662  4460  4481 I rkstack.process: This is sticky GC, maxfree is 16777216 minfree is 8388608
10-25 10:03:30.680  2318  3489 I MiSensorServiceImpl: LightFovOptimizationSensor::screen_angle: 0.094516 0.330808 9.755538 -nan 44.219326 0.000000 0 44.219326 0 44.219326
10-25 10:03:30.781  3030  3793 I libsensor-boledalgo: dbv:363,lux:46.0,cct:7225.0,hsv:-1.0,dc:0CWB R:3132.0,G:7638.5,B:4874.3Event C:3160.4,R:1603.7,G:1225.8,B:753.8Cali C:187.8,R:68.5,G:65.1,B:31.1 
