10-25 10:06:26.240 10332 29429 I VA_ActivityStateHelper: activityResumed componentName ComponentInfo{com.UCMobile.intl/com.UCMobile.main.UCMobile}
10-25 10:06:26.240  7707  7765 I travelService_ActivityObserverUtils: activityResumed ComponentInfo{com.UCMobile.intl/com.UCMobile.main.UCMobile}
10-25 10:06:26.240  7707  7765 I travelService_TopActivityMonitor: appUmeInfoListFromServer is null
10-25 10:06:26.240  7707  7765 I travelService_TopActivityMonitor: user change app but last app packageName out of ume range
10-25 10:06:26.240  7707  7765 I travelService_TopActivityMonitor: appInfoListFromServer is null
10-25 10:06:26.240  7707  7765 I travelService_TopActivityMonitor: user change app but last app packageName out of crgt range
10-25 10:06:26.240  7707  8100 I ActivityObserverUtil: activityResumed ComponentInfo{com.UCMobile.intl/com.UCMobile.main.UCMobile}
10-25 10:06:26.240 10332 29429 I VA_ActivityStateHelper: activityResumed mAiSkillPush is false
10-25 10:06:26.240  7707  8100 I TopActivityMonitor: send TopActivityChangeEvent=TopActivityChangeEvent(prev=ComponentInfo{com.miui.home/com.miui.home.launcher.Launcher}, current=ComponentInfo{com.UCMobile.intl/com.UCMobile.main.UCMobile},appChanged=true)
10-25 10:06:26.241 19958 30088 E ContentCatcherManager: failed to get ContentCatcherService.
10-25 10:06:26.241 19958 30076 E datawings_file: create file: /data/user/0/com.UCMobile.intl/dws/insts/wa/d/tmp/10m_1761357986241_0_19958, error!!, errorno = No such file or directory
10-25 10:06:26.241 19958 30088 E ContentCatcherManager: failed to get ContentCatcherService.
10-25 10:06:26.246 11885 11976 I AIRC_CounterTrack: collect: signal-TopActivityPerception
10-25 10:06:26.247 11885 11976 I MMKV    : <MMKV.cpp:1170::sync> MMKV::sync, SyncFlag = 1
10-25 10:06:26.249  7995  7995 W PushService: [Tid:2] [XMPushService] onStart() with intent.Action = null, chid = null, pkg = null|com.UCMobile.intl
10-25 10:06:26.248 19958 19958 W m.UCMobile.intl: type=1400 audit(0.0:17099): avc:  denied  { read } for  name="u:object_r:vendor_displayfeature_prop:s0" dev="tmpfs" ino=479 scontext=u:r:untrusted_app_29:s0:c188,c257,c512,c768 tcontext=u:object_r:vendor_displayfeature_prop:s0 tclass=file permissive=0 app=com.UCMobile.intl
10-25 10:06:26.250 19958 19958 W libc    : Access denied finding property "ro.vendor.df.effect.conflict"
10-25 10:06:26.252  4299  4299 W RecentsImpl: updateStubViewVisibility, className=com.UCMobile.main.UCMobile
10-25 10:06:26.253  2318  2318 W NotificationHistory: Attempted to add notif for locked/gone/disabled user 0
10-25 10:06:26.253  4299  4968 W RecentsImpl: disableTouchBySwipeStatusBar    disable=false
10-25 10:06:26.253  4299  4968 W RecentsImpl: disableBackStubWindow    disableTouch=false
10-25 10:06:26.255 19958 30088 I ContentCatcher: SettingTrigger : register screen QA status observer com.uc.browser.InnerUCMobile
10-25 10:06:26.256  4299  4968 W GestureStubView_Left: adaptRotation   currentRotation=0   mRotation=0
10-25 10:06:26.256  4299  4968 W GestureStubView_Right: adaptRotation   currentRotation=0   mRotation=0
10-25 10:06:26.258 19958 30088 I ContentCatcher: SettingTrigger : register global collect status observer com.uc.browser.InnerUCMobile
10-25 10:06:26.262 19958 19958 W libc    : Access denied finding property "vendor.boostfwk.frameprefetcher"
10-25 10:06:26.263  2318  5140 W ActivityManager: Permission Denial: getCurrentUser() from pid=19958, uid=10444 requires android.permission.INTERACT_ACROSS_USERS
10-25 10:06:26.263 19958 30133 E FramePredict: registerContentObserver fail
10-25 10:06:26.264  4692  4692 E NotifCollection: No notification to remove with key 0|com.xiaomi.market|92761460|null|10167 reason=0:REASON_UNKNOWN
10-25 10:06:26.270 19958 30131 W ziparchive: Unable to open '/system/framework/QXPerformance.dm': No such file or directory
10-25 10:06:26.270 19958 30131 W ziparchive: Unable to open '/system/framework/QXPerformance.dm': No such file or directory
10-25 10:06:26.275 19958 30014 I FA      : App measurement initialized, version: 32053
10-25 10:06:26.275 19958 30014 I FA      : To enable debug logging run: adb shell setprop log.tag.FA VERBOSE
10-25 10:06:26.275 19958 30014 I FA      : To enable faster debug mode event logging run:
10-25 10:06:26.275 19958 30014 I FA      :   adb shell setprop debug.firebase.analytics.app com.UCMobile.intl
10-25 10:06:26.279 19958 19958 I ViewRootImpl: com.UCMobile.intl/com.uc.browser.InnerUCMobile use first frame acceleration
10-25 10:06:26.280  2318  3489 I MiSensorServiceImpl: LightFovOptimizationSensor::screen_angle: 0.087936 0.335593 9.736994 -nan 64.593513 0.000000 0 64.593513 0 64.593513
10-25 10:06:26.281  3030  3793 I libsensor-boledalgo: dbv:367,lux:58.7,cct:7061.8,hsv:-1.0,dc:0CWB R:117191.2,G:115860.5,B:107009.6Event C:7454.2,R:4092.9,G:2602.1,B:1510.2Cali C:3798.8,R:2261.8,G:1174.3,B:648.8 
10-25 10:06:26.294  2318  5140 W WifiService: Permission violation - getConfiguredNetworks not allowed for uid=10444, packageName=com.UCMobile.intl, reason=java.lang.SecurityException: UID 10444 has no location permission
10-25 10:06:26.295  2318  5140 W WindowManager: Failed looking up window session=Session{e276d30 19958:u0a10444} callers=com.android.server.wm.WindowManagerService.windowForClientLocked:7019 com.android.server.wm.Session.updateRequestedVisibleTypes:822 android.view.IWindowSession$Stub.onTransact:1160 
10-25 10:06:26.296  2318  2417 I system_server: This is sticky GC, maxfree is 16777216 minfree is 8388608
10-25 10:06:26.296 29960 29960 E chromium: [1025/100626.296700:ERROR:icu_util.cc(315)] InitFuncsFromSystemICU failed, status: 2
10-25 10:06:26.296 29960 29960 W DnsConfigServic: type=1400 audit(0.0:17100): avc:  denied  { bind } for  scontext=u:r:untrusted_app_29:s0:c188,c257,c512,c768 tcontext=u:r:untrusted_app_29:s0:c188,c257,c512,c768 tclass=netlink_route_socket permissive=0 app=com.UCMobile.intl
10-25 10:06:26.300 29960 30138 E chromium: [1025/100626.300140:ERROR:address_tracker_linux.cc(172)] Could not bind NETLINK socket: Permission denied
10-25 10:06:26.301  7707  8100 I ActivityObserverUtil: activityResumed ComponentInfo{com.UCMobile.intl/com.uc.browser.InnerUCMobile}
10-25 10:06:26.301  7707  8100 I TopActivityMonitor: send TopActivityChangeEvent=TopActivityChangeEvent(prev=ComponentInfo{com.UCMobile.intl/com.UCMobile.main.UCMobile}, current=ComponentInfo{com.UCMobile.intl/com.uc.browser.InnerUCMobile},appChanged=false)
10-25 10:06:26.301 10332 29429 I VA_ActivityStateHelper: activityResumed componentName ComponentInfo{com.UCMobile.intl/com.uc.browser.InnerUCMobile}
10-25 10:06:26.302  2318  2419 W System  : A resource failed to call HardwareBuffer.close. 
10-25 10:06:26.302 10332 29429 I VA_ActivityStateHelper: activityResumed mAiSkillPush is false
10-25 10:06:26.302  2318  2419 W System  : A resource failed to call HardwareBuffer.close. 
10-25 10:06:26.302  2318  2419 W System  : A resource failed to call release. 
10-25 10:06:26.304 11885 11976 I AIRC_CounterTrack: collect: signal-TopActivityPerception
10-25 10:06:26.304  2318  5024 I MultiSenceManagerInternalStub: getInstance
10-25 10:06:26.306 11885 11976 I MMKV    : <MMKV.cpp:1170::sync> MMKV::sync, SyncFlag = 1
10-25 10:06:26.309 19958 19958 W libc    : Access denied finding property "vendor.gpp.create_frc_extension"
10-25 10:06:26.310  4299  4299 W RecentsImpl: updateStubViewVisibility, className=com.uc.browser.InnerUCMobile
10-25 10:06:26.310  1908  5025 W ServiceManagerCppClient: Permission failure: android.permission.ACCESS_SURFACE_FLINGER from uid=10444 pid=19958
10-25 10:06:26.310  1908  5025 W ServiceManagerCppClient: Permission failure: android.permission.ROTATE_SURFACE_FLINGER from uid=10444 pid=19958
10-25 10:06:26.310  4299  4968 W RecentsImpl: disableTouchBySwipeStatusBar    disable=false
10-25 10:06:26.310  1908  5025 W ServiceManagerCppClient: Permission failure: android.permission.INTERNAL_SYSTEM_WINDOW from uid=10444 pid=19958
10-25 10:06:26.310  4299  4968 W RecentsImpl: disableBackStubWindow    disableTouch=false
10-25 10:06:26.310  1908  2068 W ServiceManagerCppClient: Permission failure: android.permission.ACCESS_SURFACE_FLINGER from uid=10444 pid=0
10-25 10:06:26.310 19958 30134 I AdrenoGLES-0: QUALCOMM build                   : 0c7c4b37d5, I3988f0db60
10-25 10:06:26.310 19958 30134 I AdrenoGLES-0: Build Date                       : 10/18/24
10-25 10:06:26.310 19958 30134 I AdrenoGLES-0: OpenGL ES Shader Compiler Version: E031.45.02.19
10-25 10:06:26.310 19958 30134 I AdrenoGLES-0: Local Branch                     : 
10-25 10:06:26.310 19958 30134 I AdrenoGLES-0: Remote Branch                    : refs/tags/AU_LINUX_ANDROID_LA.VENDOR.14.3.0.R1.00.00.00.000.168
10-25 10:06:26.310 19958 30134 I AdrenoGLES-0: Remote Branch                    : NONE
10-25 10:06:26.310 19958 30134 I AdrenoGLES-0: Reconstruct Branch               : NOTHING
10-25 10:06:26.310 19958 30134 I AdrenoGLES-0: Build Config                     : S P 16.1.2 AArch64
10-25 10:06:26.310 19958 30134 I AdrenoGLES-0: Driver Path                      : /vendor/lib64/egl/libGLESv2_adreno.so
10-25 10:06:26.310 19958 30134 I AdrenoGLES-0: Driver Version                   : 0762.30
10-25 10:06:26.310 19958 30134 I AdrenoGLES-0: Process Name                     : com.UCMobile.intl
10-25 10:06:26.310  7995  7995 W PushService: [Tid:2] [XMPushService] onStart() with intent.Action = com.xiaomi.mipush.REGISTER_APP, chid = null, pkg = null|com.UCMobile.intl
10-25 10:06:26.310  4299  4968 W GestureStubView_Left: adaptRotation   currentRotation=0   mRotation=0
10-25 10:06:26.311  7707  8100 I travelService_ActivityObserverUtils: activityResumed ComponentInfo{com.UCMobile.intl/com.uc.browser.InnerUCMobile}
10-25 10:06:26.311  7995  8425 W PushService: [Tid:393] [Job] Handle intent action = com.xiaomi.mipush.REGISTER_APP
10-25 10:06:26.311  7995  8425 W PushService: [Tid:393] [Job] register app
10-25 10:06:26.311  7995  8425 W PushService: [Tid:393] do registration now.
10-25 10:06:26.311  7995  8425 W PushService: [Tid:393] try send mi push message. packagename:com.UCMobile.intl action:Registration
10-25 10:06:26.312  7995  8425 W PushService: [Tid:393] [HwKaMgr] [socket] send message
10-25 10:06:26.313  4299  4968 W GestureStubView_Right: adaptRotation   currentRotation=0   mRotation=0
10-25 10:06:26.319  1688  1688 I vendor.qti.hardware.servicetrackeraidl-service: bindService is called for service : com.UCMobile.intl/com.alibaba.mbg.unet.httpdnsshare.UNetHttpDnsShareService and for client com.UCMobile.intl:resident
10-25 10:06:26.319  1688  1688 I vendor.qti.hardware.servicetrackeraidl-service: total connections for service : com.UCMobile.intl/com.alibaba.mbg.unet.httpdnsshare.UNetHttpDnsShareServiceare :1
10-25 10:06:26.319  1688  1688 I vendor.qti.hardware.servicetrackeraidl-service: total connections for client : com.UCMobile.intl:residentare :1
10-25 10:06:26.321 19958 30134 I AdrenoGLES-0: PFP: 0x01520175, ME: 0x01520023
10-25 10:06:26.322  7995  7995 W PushService: [Tid:2] [XMPushService] onStart() with intent.Action = action_cr_config, chid = null, pkg = null|com.UCMobile.intl
10-25 10:06:26.322  7995  8425 W PushService: [Tid:393] [Job] Handle intent action = action_cr_config
10-25 10:06:26.323  1736  1736 I qspmHal : enter getGpuProf at: 421394963
10-25 10:06:26.323  1736  1736 I qspmHal : Coudn't match the GFX PID 19958 to AT PID 29960. Checking in local cache.
10-25 10:06:26.323  1736  1736 I qspmHal : Found the GFX PID in cache
10-25 10:06:26.323  1736  1736 I qspmHal : gProfName:com.UCMobile.intl-gpu - gpu prof_info.path:/data/vendor/gaming/com.UCMobile.intl-gpu
10-25 10:06:26.323  1736  1736 I qspmHal : PID 19958 from GFX matched.
10-25 10:06:26.323  1736  1736 E qspmHal : GPU profile file NOT found !!
10-25 10:06:26.327  4299  5154 W RecentsModel: getRunningTask   taskInfo=TaskInfo{userId=0 taskId=30 displayId=0 isRunning=true baseIntent=Intent { act=android.intent.action.MAIN cat=[android.intent.category.LAUNCHER] flg=0x10000000 cmp=com.UCMobile.intl/com.UCMobile.main.UCMobile } baseActivity=ComponentInfo{com.UCMobile.intl/com.uc.browser.InnerUCMobile} topActivity=ComponentInfo{com.UCMobile.intl/com.uc.browser.InnerUCMobile} origActivity=null realActivity=ComponentInfo{com.UCMobile.intl/com.UCMobile.main.UCMobile} numActivities=1 lastActiveTime=44148033 supportsSplitScreenMultiWindow=false supportsMultiWindow=false resizeMode=0 isResizeable=false minWidth=-1 minHeight=-1 defaultMinSize=200 token=WCT{android.window.IWindowContainerToken$Stub$Proxy@929c3f3} topActivityType=1 pictureInPictureParams=null shouldDockBigOverlays=false launchIntoPipHostTaskId=-1 lastParentTaskIdBeforePip=-1 displayCutoutSafeInsets=Rect(0, 116 - 0, 0) topActivityInfo=ActivityInfo{16ea8b0 com.uc.browser.InnerUCMobile} launchCookies=[] positionInParent=Point(0, 0) parentTaskId=-1 isFocused=true isVisible=true isVisibleRequested=true isSleeping=false locusId=null displayAreaFeatureId=1 isTopActivityTransparent=false appCompatTaskInfo=AppCompatTaskInfo { topActivityInSizeCompat=false topActivityInMiuiSizeCompat=false topActivityEligibleForLetterboxEducation= falseisLetterboxEducationEnabled= false isLetterboxDoubleTapEnabled= false topActivityEligibleForUserAspectRatioButton= false topActivityBoundsLetterboxed= false isFromLetterboxDoubleTap= false topActivityLetterboxVerticalPosition= -1 topActivityLetterboxHorizontalPosition= -1 topActivityLetterboxWidth=1200 topActivityLetterboxHeight=2670 isUserFullscreenOverrideEnabled=false isSystemFullscreenOverrideEnabled=false cameraCompatTaskInfo=CameraCompatTaskInfo { cameraCompatControlState=hidden freeformCameraCompatMode=inactive}} isImmersive=false mTopActivityRequestOrientation=1 mBehindAppLockPkg=null mOriginatingUid=0 isEmbedded=false shouldBeVisible=true isCreatedByOrganizer=false mIsCastMode=false mTopActivityMediaSize=null mTopActivityRecordName=ActivityRecord{652c1a5 u0 com.UCMobile.intl/com.uc.browser.InnerUCMobile t30} mTopActivityOrientation=1}
10-25 10:06:26.327  4299  5154 E ActivityManagerWrapper: get all recent tasks force including 30
10-25 10:06:26.328  7756 14873 I SCTaskStackListener: onTaskStackChanged! inSplit = false
10-25 10:06:26.329  7756 14875 I SCTaskStackListener: onTaskStackChanged! inSplit = false
10-25 10:06:26.330 19958 30134 I MiuiProcessManagerImpl: setSchedFifo pid:19958, mode:3
10-25 10:06:26.330  4692  4692 I FocusedNotifPromptContr: onTopActivityMayChanged: isSupportPip false, isFocus true
10-25 10:06:26.330  4692  4692 I FocusedNotifPromptContr: onTopActivityMayChanged: topActivity=com.UCMobile.intl
10-25 10:06:26.330  4692  4692 I PromptViewAnimState: topActivityMayChanged: topActivity=com.UCMobile.intl --> com.UCMobile.intl
10-25 10:06:26.331  4299  5154 E ActivityManagerWrapper: getRecentTasksForceIncludingTaskIdIfValid: getRecentTasks: size=3
10-25 10:06:26.331  4299  5154 E ActivityManagerWrapper:  mainTaskId=30   userId=0   windowMode=1   baseIntent=Intent { act=android.intent.action.MAIN flag=268435456 cmp=ComponentInfo{com.UCMobile.intl/com.UCMobile.main.UCMobile} }
10-25 10:06:26.331  4299  5154 E ActivityManagerWrapper:  mainTaskId=11   userId=0   windowMode=1   baseIntent=Intent { act=android.intent.action.MAIN flag=270532608 cmp=ComponentInfo{com.android.settings/com.android.settings.MainSettings} }
10-25 10:06:26.331  4299  5154 E ActivityManagerWrapper:  mainTaskId=18   userId=0   windowMode=1   baseIntent=Intent { act=android.intent.action.MAIN flag=268435456 cmp=ComponentInfo{com.kuaishou.nebula/com.yxcorp.gifshow.HomeActivity} }
10-25 10:06:26.334   980   980 I hwservicemanager: getTransport: Cannot find entry android.hardware.graphics.allocator@4.0::IAllocator/default in either framework or device VINTF manifest.
10-25 10:06:26.335  4663  5567 W TelephonyPermissions: reportAccessDeniedToReadIdentifiers:com.UCMobile.intl:getDeviceId:2
10-25 10:06:26.336  1688  1688 I vendor.qti.hardware.servicetrackeraidl-service: bindService is called for service : com.google.android.gms/.measurement.service.MeasurementBrokerService and for client com.UCMobile.intl
10-25 10:06:26.337  2318  3691 I MiuiNetworkPolicy: updateUidState uid = 10130, uidState = 3
10-25 10:06:26.337  4299  5154 W RecentsModel: getRunningTask   taskInfo=TaskInfo{userId=0 taskId=30 displayId=0 isRunning=true baseIntent=Intent { act=android.intent.action.MAIN cat=[android.intent.category.LAUNCHER] flg=0x10000000 cmp=com.UCMobile.intl/com.UCMobile.main.UCMobile } baseActivity=ComponentInfo{com.UCMobile.intl/com.uc.browser.InnerUCMobile} topActivity=ComponentInfo{com.UCMobile.intl/com.uc.browser.InnerUCMobile} origActivity=null realActivity=ComponentInfo{com.UCMobile.intl/com.UCMobile.main.UCMobile} numActivities=1 lastActiveTime=44148044 supportsSplitScreenMultiWindow=false supportsMultiWindow=false resizeMode=0 isResizeable=false minWidth=-1 minHeight=-1 defaultMinSize=200 token=WCT{android.window.IWindowContainerToken$Stub$Proxy@88d9fdc} topActivityType=1 pictureInPictureParams=null shouldDockBigOverlays=false launchIntoPipHostTaskId=-1 lastParentTaskIdBeforePip=-1 displayCutoutSafeInsets=Rect(0, 116 - 0, 0) topActivityInfo=ActivityInfo{b2a48e5 com.uc.browser.InnerUCMobile} launchCookies=[] positionInParent=Point(0, 0) parentTaskId=-1 isFocused=true isVisible=true isVisibleRequested=true isSleeping=false locusId=null displayAreaFeatureId=1 isTopActivityTransparent=false appCompatTaskInfo=AppCompatTaskInfo { topActivityInSizeCompat=false topActivityInMiuiSizeCompat=false topActivityEligibleForLetterboxEducation= falseisLetterboxEducationEnabled= false isLetterboxDoubleTapEnabled= false topActivityEligibleForUserAspectRatioButton= false topActivityBoundsLetterboxed= false isFromLetterboxDoubleTap= false topActivityLetterboxVerticalPosition= -1 topActivityLetterboxHorizontalPosition= -1 topActivityLetterboxWidth=1200 topActivityLetterboxHeight=2670 isUserFullscreenOverrideEnabled=false isSystemFullscreenOverrideEnabled=false cameraCompatTaskInfo=CameraCompatTaskInfo { cameraCompatControlState=hidden freeformCameraCompatMode=inactive}} isImmersive=false mTopActivityRequestOrientation=1 mBehindAppLockPkg=null mOriginatingUid=0 isEmbedded=false shouldBeVisible=true isCreatedByOrganizer=false mIsCastMode=false mTopActivityMediaSize=null mTopActivityRecordName=ActivityRecord{652c1a5 u0 com.UCMobile.intl/com.uc.browser.InnerUCMobile t30} mTopActivityOrientation=1}
10-25 10:06:26.337  1688  1688 I vendor.qti.hardware.servicetrackeraidl-service: total connections for service : com.google.android.gms/.measurement.service.MeasurementBrokerServiceare :1
10-25 10:06:26.337  1688  1688 I vendor.qti.hardware.servicetrackeraidl-service: total connections for client : com.UCMobile.intlare :1
10-25 10:06:26.337  4299  5154 E ActivityManagerWrapper: get all recent tasks force including 30
10-25 10:06:26.341  4299  5154 E ActivityManagerWrapper: getRecentTasksForceIncludingTaskIdIfValid: getRecentTasks: size=3
10-25 10:06:26.341  4299  5154 E ActivityManagerWrapper:  mainTaskId=30   userId=0   windowMode=1   baseIntent=Intent { act=android.intent.action.MAIN flag=268435456 cmp=ComponentInfo{com.UCMobile.intl/com.UCMobile.main.UCMobile} }
10-25 10:06:26.341  4299  5154 E ActivityManagerWrapper:  mainTaskId=11   userId=0   windowMode=1   baseIntent=Intent { act=android.intent.action.MAIN flag=270532608 cmp=ComponentInfo{com.android.settings/com.android.settings.MainSettings} }
10-25 10:06:26.341  4299  5154 E ActivityManagerWrapper:  mainTaskId=18   userId=0   windowMode=1   baseIntent=Intent { act=android.intent.action.MAIN flag=268435456 cmp=ComponentInfo{com.kuaishou.nebula/com.yxcorp.gifshow.HomeActivity} }
10-25 10:06:26.350  2318  4415 I Location.SSRU: location account change uid 10444, foreground is true
10-25 10:06:26.354  2318  4215 E HyperSentinel: -------------------------------------------------------
10-25 10:06:26.354  2318  4215 E HyperSentinel: Event_ResidentSize
10-25 10:06:26.354  2318  4215 E HyperSentinel: -> audit event by proc 19958 "com.UCMobile.intl": RSS increasement, peak 172664kb -> 259020kb
10-25 10:06:26.355 19958 19958 I Choreographer: first vsync insert message into MessageQueue Head
10-25 10:06:26.355  2318  5401 W ServiceManagerCppClient: Permission failure: android.permission.ACCESS_SURFACE_FLINGER from uid=10444 pid=0
10-25 10:06:26.355  2318  5401 W ServiceManagerCppClient: Permission failure: android.permission.ROTATE_SURFACE_FLINGER from uid=10444 pid=0
10-25 10:06:26.355  2318  5401 W ServiceManagerCppClient: Permission failure: android.permission.INTERNAL_SYSTEM_WINDOW from uid=10444 pid=0
10-25 10:06:26.356  2318  2439 I WindowManager: onFirstWindowDrawn, try to remove startingWindow. this = ActivityRecord{652c1a5 u0 com.UCMobile.intl/com.uc.browser.InnerUCMobile t30} associatedTask = null isMainWindow = true mStartingWindow = Window{1d4d3b3 u0 Splash Screen com.UCMobile.intl} mStartingData = SplashScreenStartingData{7262099 waitForSyncTransactionCommit=false removeAfterTransaction= 0}
10-25 10:06:26.357  2318  2439 I ATMSImpl: No snapshot since not start by launcher, activity=com.UCMobile.intl/com.uc.browser.InnerUCMobile
10-25 10:06:26.363  2318  2439 I WindowManager: wms.showSurfaceRobustly mWin:Window{dfca7d5 u0 com.UCMobile.intl/com.uc.browser.InnerUCMobile}
10-25 10:06:26.363  1908  3556 I BpBinder: onLastStrongRef automatically unlinking death recipients: 
10-25 10:06:26.364  2318  2426 I ActivityTaskManager: Displayed com.UCMobile.intl/com.uc.browser.InnerUCMobile for user 0: +379ms
10-25 10:06:26.364  9289  9422 I HeavyPackageIdentify: splitMode: false, splitPackages: null, foregroundPkg: com.UCMobile.intl
10-25 10:06:26.365  2318  5140 I ClipboardServiceI: checkProviderWakePathForClipboard: primaryClip is null
10-25 10:06:26.367 19958 30014 I FA      : Tag Manager is not found and thus will not be used
10-25 10:06:26.368  4663  5567 W TelephonyPermissions: reportAccessDeniedToReadIdentifiers:com.UCMobile.intl:getDeviceId:2
10-25 10:06:26.368  4692  5047 W qdgralloc: getInterlacedFlag: getMetaData returned 3, defaulting to interlaced_flag = 0
10-25 10:06:26.370  4663  5567 W TelephonyPermissions: reportAccessDeniedToReadIdentifiers:com.UCMobile.intl:getSubscriberIdForSubscriber:2
10-25 10:06:26.372  4663  4690 W TelephonyPermissions: reportAccessDeniedToReadIdentifiers:com.UCMobile.intl:getDeviceId:2
10-25 10:06:26.372  1656  1656 I MiClstc : DropLayers erase layer 483
10-25 10:06:26.375  4692  5047 W qdgralloc: getInterlacedFlag: getMetaData returned 3, defaulting to interlaced_flag = 0
10-25 10:06:26.382  4692  5047 W qdgralloc: getInterlacedFlag: getMetaData returned 3, defaulting to interlaced_flag = 0
10-25 10:06:26.390  1688  1688 I vendor.qti.hardware.servicetrackeraidl-service: bindService is called for service : com.UCMobile.intl/com.uc.browser.multiprocess.bgwork.CollapsedIpcService and for client com.UCMobile.intl:resident
10-25 10:06:26.390  1688  1688 I vendor.qti.hardware.servicetrackeraidl-service: total connections for service : com.UCMobile.intl/com.uc.browser.multiprocess.bgwork.CollapsedIpcServiceare :1
10-25 10:06:26.390  1688  1688 I vendor.qti.hardware.servicetrackeraidl-service: total connections for client : com.UCMobile.intl:residentare :2
10-25 10:06:26.399  1656  2516 I vendor.qti.hardware.display.composer-service: Sensor: notify citsensorservice to trigger cwb, misForced = 0
10-25 10:06:26.399  3030  3788 I libsensor-parseRGB: request dump start for mRequestDisplayId 0
10-25 10:06:26.400  1688  1688 I vendor.qti.hardware.servicetrackeraidl-service: bindService is called for service : com.UCMobile.intl/com.uc.ud.ploys.jobscheduler.UdJobService and for client system
10-25 10:06:26.400  1688  1688 I vendor.qti.hardware.servicetrackeraidl-service: total connections for service : com.UCMobile.intl/com.uc.ud.ploys.jobscheduler.UdJobServiceare :1
10-25 10:06:26.400  1688  1688 I vendor.qti.hardware.servicetrackeraidl-service: total connections for client : systemare :31
10-25 10:06:26.401 19958 19958 I HandWritingStubImpl: refreshLastKeyboardType: 1
10-25 10:06:26.401 19958 19958 I HandWritingStubImpl: getCurrentKeyboardType: 1
10-25 10:06:26.402  2318  3600 I ImeTracker: com.UCMobile.intl:63c0a2ba: onRequestHide at ORIGIN_SERVER reason HIDE_UNSPECIFIED_WINDOW fromUser false
10-25 10:06:26.403  2318  3600 I ImeTracker: com.UCMobile.intl:63c0a2ba: onCancelled at PHASE_SERVER_SHOULD_HIDE
10-25 10:06:26.403  2318  3600 W SecurityInputMethodSwitcher: first check switch to security ime: false
10-25 10:06:26.403  2318  3600 W SecurityInputMethodSwitcher: double check switch to security ime: false
10-25 10:06:26.403  2318  3600 W SecurityInputMethodSwitcher: switch to other input method from security ime:false mayChangeToMiuiSecurityInputMethod: false current focus window: android.os.BinderProxy@e23648c
10-25 10:06:26.405  2318  4216 I whetstone.activity: processNotifyEvent1 resId = 256, bundle = Bundle[{startTime=44148110, sourcePkg=com.UCMobile.intl, sourceUid=10444, status=1, jobId=20161210, batteryName=com.UCMobile.intl/com.uc.ud.ploys.jobscheduler.UdJobService, elapsedRealtime=44148110}]
10-25 10:06:26.407  9264  9288 I EventMonitor: notifyEvent resId=256
10-25 10:06:26.409 30191 30191 E Zygote  : process_name_ptr:30191 com.UCMobile.intl:RemoteBackgroundProcess
10-25 10:06:26.409 30191 30191 E Zygote  : SetMemoryProtected process_name_ptr:30191 com.UCMobile.intl:RemoteBackgroundProcess
10-25 10:06:26.409  2318  2452 I ActivityManager: Start proc 30191:com.UCMobile.intl:RemoteBackgroundProcess/u0a444 for service {com.UCMobile.intl/com.uc.browser.multiprocess.bgwork.CollapsedIpcService} caller=com.UCMobile.intl
10-25 10:06:26.410 30191 30191 I libc    : SetHeapTaggingLevel: tag level set to 0
10-25 10:06:26.410  1736  1736 E qspmHal : setAppInfoH atPid = 30191, gpuFname:com.UCMobile.intl, gpuFver:501861
10-25 10:06:26.414 30191 30191 I ckgroundProcess: Using CollectorTypeCC GC.
10-25 10:06:26.418 30191 30191 E ckgroundProcess: Not starting debugger since process cannot load the jdwp agent.
10-25 10:06:26.422  4663  4690 W TelephonyPermissions: reportAccessDeniedToReadIdentifiers:com.UCMobile.intl:getDeviceId:2
10-25 10:06:26.423  2318  5437 I BroadcastQueue: BOOT_COMPLETED_BROADCAST_COMPLETION_LATENCY_REPORTED action:android.intent.action.BOOT_COMPLETED dispatchLatency:324 completeLatency:374 dispatchRealLatency:324 completeRealLatency:374 receiversSize:2 userId:0 userType:android.os.usertype.full.SYSTEM
10-25 10:06:26.425 30191 30191 I MessageMonitor: Load libmiui_runtime
10-25 10:06:26.425  3030  3112 E libsensor-parseRGB: CWB NotifyCWBBufferDone  error 0
10-25 10:06:26.428 19958 30023 W libc    : Access denied finding property "wifi.interface"
10-25 10:06:26.432  2318  5151 I SmartPower: com.UCMobile.intl:RemoteBackgroundProcess/10444(30191): -1->invisible(41ms) R(process start ) adj=-10000.
10-25 10:06:26.433  4663  4690 W TelephonyPermissions: reportAccessDeniedToReadIdentifiers:com.UCMobile.intl:getSubscriberIdForSubscriber:2
10-25 10:06:26.438 30191 30191 I JavaheapMonitor: Java heap monitor start.
10-25 10:06:26.446 19958 30052 W m.UCMobile.intl: Accessing hidden field Landroid/graphics/Bitmap;->mNinePatchChunk:[B (max-target-p, reflection, denied)
10-25 10:06:26.451  1688  1688 I vendor.qti.hardware.servicetrackeraidl-service: bindService is called for service : com.google.android.gms/.ads.identifier.service.AdvertisingIdService and for client com.google.android.gms
10-25 10:06:26.451  1688  1688 I vendor.qti.hardware.servicetrackeraidl-service: total connections for service : com.google.android.gms/.ads.identifier.service.AdvertisingIdServiceare :1
10-25 10:06:26.451  1688  1688 I vendor.qti.hardware.servicetrackeraidl-service: total connections for client : com.google.android.gmsare :8
10-25 10:06:26.462 19958 30051 W m.UCMobile.intl: Accessing hidden field Landroid/graphics/Bitmap;->mNinePatchChunk:[B (max-target-p, reflection, denied)
10-25 10:06:26.468  5787 30222 I AdvertisingIdClient: shouldSendLog 84211
10-25 10:06:26.468  5787 30222 I AdvertisingIdClient: GetInfoInternal elapse 21ms
10-25 10:06:26.469 30191 30191 I Perf    : Connecting to perf service.
10-25 10:06:26.470  2318  5024 W ServiceManagerCppClient: Permission failure:  from uid=10444 pid=19958
10-25 10:06:26.470  1688  1688 I vendor.qti.hardware.servicetrackeraidl-service: bindService is called for service : com.google.android.gms/.chimera.PersistentApiService and for client com.google.android.gms
10-25 10:06:26.470  1688  1688 I vendor.qti.hardware.servicetrackeraidl-service: total connections for service : com.google.android.gms/.chimera.PersistentApiServiceare :8
10-25 10:06:26.470  1688  1688 I vendor.qti.hardware.servicetrackeraidl-service: total connections for client : com.google.android.gmsare :8
10-25 10:06:26.471 19958 30119 W libc    : Access denied finding property "ro.vendor.mi_sf.new_dynamic_refresh_rate"
10-25 10:06:26.473 23917 23952 I dist:vtcamera:TemperatureWarningStateManager: onTemperatureChanged 29987
10-25 10:06:26.474 23917 23952 I dist:vtcamera:TemperatureWarningStateManager: temp < 48000
10-25 10:06:26.474 23917 23952 W dist:vtcamera:TemperatureWarningStateManager: reset warning state
10-25 10:06:26.476 30191 30220 I ActivityThread: TrafficStats init done
10-25 10:06:26.476  2318  5401 I ClipboardServiceI: checkProviderWakePathForClipboard: primaryClip is null
10-25 10:06:26.477  5787  5787 I AdvertisingIdClient: getting error as 17: API: ClientTelemetry.API is not available on this device. Connection failed with: ConnectionResult{statusCode=API_DISABLED, resolution=null, message=null}
10-25 10:06:26.479  2318  2460 E SensorAccount: it is being prepared but doesn't have a pre-existing accountToSensorUsageMap
10-25 10:06:26.480  2318  2460 I SensorAccount: App register sensor to track it noWakeupSensor_10444_0x100000b
10-25 10:06:26.480  1596  1596 I sensors-hal: batch:141, android.sensor.gyroscope/41, period=200000000, max_latency=0
10-25 10:06:26.480  1596  1596 I sensors-hal: set_config:56, sample_period_ns is adjusted to 200000000 based on min/max delay_ns
10-25 10:06:26.480  1596  1596 I sensors-hal: batch:150, android.sensor.gyroscope/41, period=200000000, max_latency=0 request completed
10-25 10:06:26.480  2318  2460 I SensorAccount: App register sensor to track it noWakeupSensor_10444_0x1000029
10-25 10:06:26.481  2318  5024 I SensorService: 	>>> actuating h/w activate handle=0x1000029 enabled=1
10-25 10:06:26.481  1596  1596 I sensors-hal: activate:108, android.sensor.gyroscope/41 en=1
10-25 10:06:26.481  1596  1596 I sensors-hal: acquire_qsh_interface:121, acquire_qsh_interface with sensor_id 100 , conn_type 2 
10-25 10:06:26.481  2318  5151 I ClipboardServiceI: checkProviderWakePathForClipboard: primaryClip is null
10-25 10:06:26.484  1568  1709 I minksocket: MinkIPC MESSAGE: ( 1568:1709 ) MinkIPC_QRTR_Service:351 minkipc = 0xb40000792d0406f0 sock = 19, client with node 1 port 4aad went down
10-25 10:06:26.484  1688  1688 I vendor.qti.hardware.servicetrackeraidl-service: bindService is called for service : com.android.vending/com.google.android.finsky.externalreferrer.GetInstallReferrerService and for client com.google.android.gms
10-25 10:06:26.484  1688  1688 I vendor.qti.hardware.servicetrackeraidl-service: total connections for service : com.android.vending/com.google.android.finsky.externalreferrer.GetInstallReferrerServiceare :1
10-25 10:06:26.484  1688  1688 I vendor.qti.hardware.servicetrackeraidl-service: total connections for client : com.google.android.gmsare :9
10-25 10:06:26.485  1568  1709 I minksocket: MinkIPC MESSAGE: ( 1568:1709 ) MinkIPC_QRTR_Service:351 minkipc = 0xb40000792d0406f0 sock = 19, client with node 1 port 4aae went down
10-25 10:06:26.485 30191 30220 I ForceDarkHelperStubImpl: initialize for com.UCMobile.intl , ForceDarkOrigin
10-25 10:06:26.486  2318  5151 I SmartPower: com.android.vending/10124(10447): idle->background(9301ms) R(service create com.android.vending/com.google.android.finsky.externalreferrer.GetInstallReferrerService) adj=0.
10-25 10:06:26.486  1568  1709 I minksocket: MinkIPC MESSAGE: ( 1568:1709 ) MinkIPC_QRTR_Service:351 minkipc = 0xb40000792d0406f0 sock = 19, client with node 1 port 4aaf went down
10-25 10:06:26.486  1596  1596 I sensors-hal: qsh_qmi:35, qsh_qmi
10-25 10:06:26.486  1596  1596 I sensors-hal: register_cb:314, suid(low=13349102573053088193,high=10940304014280585888) is new. register callbacks
10-25 10:06:26.486  1596  1596 I sensors-hal: register_cb:314, suid(low=5638966810278276939,high=16062486808014924442) is new. register callbacks
10-25 10:06:26.486  1596  1596 I sensors-hal: calibration:49, registerd callback for gyro_cal
10-25 10:06:26.486  2318  3691 I MiuiNetworkPolicy: updateUidState uid = 10124, uidState = 3
10-25 10:06:26.486  1568  1709 I minksocket: MinkIPC MESSAGE: ( 1568:1709 ) MinkIPC_QRTR_Service:351 minkipc = 0xb40000792d0406f0 sock = 19, client with node 1 port 4ab0 went down
10-25 10:06:26.487  1596  1596 I sensors-hal: calibration:56, created worker for gyro_cal
10-25 10:06:26.487  1568  1723 I minksocket: MinkIPC MESSAGE: ( 1568:1723 ) MinkIPC_QRTR_Service:351 minkipc = 0xb40000792d0435b0 sock = 35, client with node 1 port 4aad went down
10-25 10:06:26.487  1568  1723 I minksocket: MinkIPC MESSAGE: ( 1568:1723 ) MinkIPC_QRTR_Service:351 minkipc = 0xb40000792d0435b0 sock = 35, client with node 1 port 4aae went down
10-25 10:06:26.487  1568  1723 I minksocket: MinkIPC MESSAGE: ( 1568:1723 ) MinkIPC_QRTR_Service:351 minkipc = 0xb40000792d0435b0 sock = 35, client with node 1 port 4aaf went down
10-25 10:06:26.487  1596  1596 I sensors-hal: send_req:210, send_req before send_request gyro_cal with SUID low=5638966810278276939 high=16062486808014924442
10-25 10:06:26.487  1568  1723 I minksocket: MinkIPC MESSAGE: ( 1568:1723 ) MinkIPC_QRTR_Service:351 minkipc = 0xb40000792d0435b0 sock = 35, client with node 1 port 4ab0 went down
10-25 10:06:26.487  1596  1596 I sensors-hal: activate:176, started gyro cal
10-25 10:06:26.487  1596  1596 I sensors-hal: set_config:56, sample_period_ns is adjusted to 1000000000 based on min/max delay_ns
10-25 10:06:26.487  1596  1596 I sensors-hal: acquire_qsh_interface:121, acquire_qsh_interface with sensor_id 100 , conn_type 2 
10-25 10:06:26.487  1596  1596 I sensors-hal: register_cb:314, suid(low=12628096501692248697,high=10895920266077048739) is new. register callbacks
10-25 10:06:26.487  1596  1596 I sensors-hal: send_sync_sensor_request:531, send sync request
10-25 10:06:26.487  1596  1596 I sensors-hal: send_sync_sensor_request:541, send_sync_sensor_request before send_request for sensor_temperature with SUID low=12628096501692248697 high=10895920266077048739
10-25 10:06:26.487  1596  1596 I sensors-hal: send_sync_sensor_request:560, wait for notification of response
10-25 10:06:26.488  2318  3691 I MiuiNetworkPolicyTrafficLimit: updateWhiteListUidForMobileTraffic uid=10124,add=true
10-25 10:06:26.488 30191 30220 I MiuiForceDarkConfig: setConfig density:3.000000, mainRule:0, secondaryRule:0, tertiaryRule:0
10-25 10:06:26.489  1596 30233 I sensors-hal: handle_resp_cb:220, resp_value = 0 for gyro_cal before acuiring the lock _cal_mutex
10-25 10:06:26.489  1596 30233 I sensors-hal: qsh_conn_resp_cb:886, resp_value = 0 for sensor_temperature 
10-25 10:06:26.490  1596  1596 I sensors-hal: send_sync_sensor_request:566, takes 2 ms to receive the response with 0
10-25 10:06:26.490  1596  1596 I sensors-hal: send_sensor_config_request:626, resampler is used, set resampler config
10-25 10:06:26.490  1596  1596 I sensors-hal: send_sync_sensor_request:531, send sync request
10-25 10:06:26.490  1596  1596 I sensors-hal: send_sync_sensor_request:541, send_sync_sensor_request before send_request for gyro with SUID low=13349102573053088193 high=10940304014280585888
10-25 10:06:26.490  1596 30233 I sensors-hal: qsh_conn_event_cb:817, SCHED_FIFO(10) for qmi_cbk
10-25 10:06:26.490  1596  1596 I sensors-hal: send_sync_sensor_request:560, wait for notification of response
10-25 10:06:26.490  1596 30234 I sensors-hal: operator():285, operator() in worker.. sending cal request again
10-25 10:06:26.490  1596 30234 I sensors-hal: send_req:210, send_req before send_request gyro_cal with SUID low=5638966810278276939 high=16062486808014924442
10-25 10:06:26.491  1596 30233 I sensors-hal: qsh_conn_resp_cb:886, resp_value = 0 for gyro 
10-25 10:06:26.491  1596  1596 I sensors-hal: send_sync_sensor_request:566, takes 1 ms to receive the response with 0
10-25 10:06:26.491  1596  1596 I sensors-hal: activate:119, android.sensor.gyroscope/41 en=1 completed
10-25 10:06:26.491  1596 30233 I sensors-hal: handle_resp_cb:220, resp_value = 0 for gyro_cal before acuiring the lock _cal_mutex
10-25 10:06:26.499 30191 30220 I ActivityThread: Miui Feature Init done
10-25 10:06:26.501  2318  3489 I MiSensorServiceImpl: LightFovOptimizationSensor::screen_angle: 0.089731 0.334397 9.739985 -nan 64.593513 0.000000 0 64.593513 0 64.593513
10-25 10:06:26.510 19958 30077 E AconfigFlags: Failed to read Aconfig values from /vendor/etc/aconfig_flags.pb
10-25 10:06:26.510 19958 30077 E AconfigFlags: java.io.FileNotFoundException: /vendor/etc/aconfig_flags.pb: open failed: ENOENT (No such file or directory)
10-25 10:06:26.510 19958 30077 E AconfigFlags: 	at libcore.io.IoBridge.open(IoBridge.java:574)
10-25 10:06:26.510 19958 30077 E AconfigFlags: 	at java.io.FileInputStream.<init>(FileInputStream.java:179)
10-25 10:06:26.510 19958 30077 E AconfigFlags: 	at java.io.FileInputStream.<init>(FileInputStream.java:133)
10-25 10:06:26.510 19958 30077 E AconfigFlags: 	at com.android.internal.pm.pkg.component.AconfigFlags.<init>(AconfigFlags.java:71)
10-25 10:06:26.510 19958 30077 E AconfigFlags: 	at com.android.internal.pm.pkg.parsing.ParsingPackageUtils.<clinit>(ParsingPackageUtils.java:296)
10-25 10:06:26.510 19958 30077 E AconfigFlags: 	at com.android.internal.pm.parsing.PackageParser2.<init>(PackageParser2.java:99)
10-25 10:06:26.510 19958 30077 E AconfigFlags: 	at android.content.pm.PackageManager.getPackageArchiveInfo(PackageManager.java:8856)
10-25 10:06:26.510 19958 30077 E AconfigFlags: 	at android.content.pm.PackageManager.getPackageArchiveInfo(PackageManager.java:8830)
10-25 10:06:26.510 19958 30077 E AconfigFlags: 	at com.alibaba.wireless.security.framework.d.a(Unknown Source:14)
10-25 10:06:26.510 19958 30077 E AconfigFlags: 	at com.alibaba.wireless.security.framework.d.a(Unknown Source:216)
10-25 10:06:26.510 19958 30077 E AconfigFlags: 	at com.alibaba.wireless.security.framework.d.d(Unknown Source:67)
10-25 10:06:26.510 19958 30077 E AconfigFlags: 	at com.alibaba.wireless.security.framework.d.getPluginInfo(Unknown Source:3)
10-25 10:06:26.510 19958 30077 E AconfigFlags: 	at com.alibaba.wireless.security.open.initialize.b.a(Unknown Source:38)
10-25 10:06:26.510 19958 30077 E AconfigFlags: 	at com.alibaba.wireless.security.open.initialize.a.loadLibrarySync(Unknown Source:3)
10-25 10:06:26.510 19958 30077 E AconfigFlags: 	at com.alibaba.wireless.security.open.initialize.a.loadLibrarySync(Unknown Source:1)
10-25 10:06:26.510 19958 30077 E AconfigFlags: 	at com.alibaba.wireless.security.open.initialize.a.initialize(Unknown Source:0)
10-25 10:06:26.510 19958 30077 E AconfigFlags: 	at com.uc.base.secure.a.a.b.initializeSecurity(ProGuard:35)
10-25 10:06:26.510 19958 30077 E AconfigFlags: 	at com.uc.base.secure.EncryptHelper.hR(ProGuard:105)
10-25 10:06:26.510 19958 30077 E AconfigFlags: 	at com.uc.base.secure.EncryptHelper$2.aER(ProGuard:78)
10-25 10:06:26.510 19958 30077 E AconfigFlags: 	at com.uc.base.util.a.a.a.run(ProGuard:156)
10-25 10:06:26.510 19958 30077 E AconfigFlags: 	at com.uc.common.a.i.a$1.run(ProGuard:134)
10-25 10:06:26.510 19958 30077 E AconfigFlags: 	at java.util.concurrent.ThreadPoolExecutor.runWorker(ThreadPoolExecutor.java:1251)
10-25 10:06:26.510 19958 30077 E AconfigFlags: 	at java.util.concurrent.ThreadPoolExecutor$Worker.run(ThreadPoolExecutor.java:668)
10-25 10:06:26.510 19958 30077 E AconfigFlags: 	at java.lang.Thread.run(Thread.java:1012)
10-25 10:06:26.510 19958 30077 E AconfigFlags: Caused by: android.system.ErrnoException: open failed: ENOENT (No such file or directory)
10-25 10:06:26.510 19958 30077 E AconfigFlags: 	at libcore.io.Linux.open(Native Method)
10-25 10:06:26.510 19958 30077 E AconfigFlags: 	at libcore.io.ForwardingOs.open(ForwardingOs.java:563)
10-25 10:06:26.510 19958 30077 E AconfigFlags: 	at libcore.io.BlockGuardOs.open(BlockGuardOs.java:274)
10-25 10:06:26.510 19958 30077 E AconfigFlags: 	at libcore.io.ForwardingOs.open(ForwardingOs.java:563)
10-25 10:06:26.510 19958 30077 E AconfigFlags: 	at android.app.ActivityThread$AndroidOs.open(ActivityThread.java:9462)
10-25 10:06:26.510 19958 30077 E AconfigFlags: 	at libcore.io.IoBridge.open(IoBridge.java:560)
10-25 10:06:26.510 19958 30077 E AconfigFlags: 	... 23 more
10-25 10:06:26.511 30247 30247 E Zygote  : process_name_ptr:30247 com.UCMobile.intl:ud
10-25 10:06:26.511  2318  2452 I ActivityManager: Start proc 30247:com.UCMobile.intl:ud/u0a444 for content provider {com.UCMobile.intl/com.uc.ud.ploys.doubleprocess.DpSenderProvider} caller=com.UCMobile.intl
10-25 10:06:26.511 30247 30247 E Zygote  : SetMemoryProtected process_name_ptr:30247 com.UCMobile.intl:ud
10-25 10:06:26.511  1736  1736 E qspmHal : setAppInfoH atPid = 30247, gpuFname:com.UCMobile.intl, gpuFver:501861
10-25 10:06:26.511 30247 30247 I libc    : SetHeapTaggingLevel: tag level set to 0
10-25 10:06:26.514 19958 30077 W ziparchive: Unable to open '/data/app/~~7RVFIzZcn8l4FIJJ-8Y5dQ==/com.UCMobile.intl-7W-JQx6nD8PuLXgvJkADtg==/lib/arm64/libsgmain.dm': No such file or directory
10-25 10:06:26.514 19958 30077 W ziparchive: Unable to open '/data/app/~~7RVFIzZcn8l4FIJJ-8Y5dQ==/com.UCMobile.intl-7W-JQx6nD8PuLXgvJkADtg==/lib/arm64/libsgmain.dm': No such file or directory
10-25 10:06:26.517 30247 30247 I CMobile.intl:ud: Using CollectorTypeCC GC.
10-25 10:06:26.520 19958 30017 E FBAudienceNetwork: You are using custom Application class and don't call AudienceNetworkAds.isInAdsProcess(). Multi-process support will be disabled. Please call AudienceNetworkAds.isInAdsProcess() if you want to support multi-process mode.
10-25 10:06:26.521 30247 30247 E CMobile.intl:ud: Not starting debugger since process cannot load the jdwp agent.
10-25 10:06:26.527  1688  1688 I vendor.qti.hardware.servicetrackeraidl-service: bindService is called for service : com.google.android.gms/.ads.identifier.service.AdvertisingIdService and for client com.UCMobile.intl
10-25 10:06:26.527 30247 30247 I MessageMonitor: Load libmiui_runtime
10-25 10:06:26.527  1688  1688 I vendor.qti.hardware.servicetrackeraidl-service: total connections for service : com.google.android.gms/.ads.identifier.service.AdvertisingIdServiceare :2
10-25 10:06:26.527  1688  1688 I vendor.qti.hardware.servicetrackeraidl-service: total connections for client : com.UCMobile.intlare :2
10-25 10:06:26.530  2318  5401 I SmartPower: com.UCMobile.intl:ud/10444(30247): -1->invisible(48ms) R(process start ) adj=-10000.
10-25 10:06:26.530  1656  1656 I MiClstc : DropLayers erase layer 481
10-25 10:06:26.534 30247 30247 I JavaheapMonitor: Java heap monitor start.
10-25 10:06:26.536  1688  1688 I vendor.qti.hardware.servicetrackeraidl-service: unbindService is called for service : com.UCMobile.intl/com.uc.ud.ploys.jobscheduler.UdJobService and for client system
10-25 10:06:26.536  1688  1688 I vendor.qti.hardware.servicetrackeraidl-service: size of service connections for service: com.UCMobile.intl/com.uc.ud.ploys.jobscheduler.UdJobServiceafter removal is 0
10-25 10:06:26.536  1688  1688 I vendor.qti.hardware.servicetrackeraidl-service: size of client connections for client: systemafter removal is 30
10-25 10:06:26.538  2318  4216 I whetstone.activity: processNotifyEvent1 resId = 256, bundle = Bundle[{startTime=44148242, sourcePkg=com.UCMobile.intl, sourceUid=10444, status=0, jobId=20161210, batteryName=com.UCMobile.intl/com.uc.ud.ploys.jobscheduler.UdJobService, elapsedRealtime=44148242}]
10-25 10:06:26.539  9264  9288 I EventMonitor: notifyEvent resId=256
10-25 10:06:26.547  2318  2439 I WindowManager: StartingWindow exit animation finished, win = Window{1d4d3b3 u0 Splash Screen com.UCMobile.intl EXITING} remove = false
10-25 10:06:26.549  1908  2068 I BpBinder: onLastStrongRef automatically unlinking death recipients: 
10-25 10:06:26.549  4692  4975 W WindowOnBackDispatcher: sendCancelIfRunning: isInProgress=false callback=android.view.ViewRootImpl$$ExternalSyntheticLambda12@a80ec29
10-25 10:06:26.551 19958 30174 W InteractionJankMonitor: Initializing without READ_DEVICE_CONFIG permission. enabled=false, interval=1, missedFrameThreshold=3, frameTimeThreshold=64, package=com.UCMobile.intl
10-25 10:06:26.551  2318  2318 W AccessibilityManagerService:  wait for adding window timeout: 191
10-25 10:06:26.552  2318  5151 W InputManager-JNI: Input channel object '1d4d3b3 Splash Screen com.UCMobile.intl (client)' was disposed without first being removed with the input manager!
10-25 10:06:26.553  2318  5449 W WifiService: Permission violation - getConfiguredNetworks not allowed for uid=10444, packageName=com.UCMobile.intl, reason=java.lang.SecurityException: UID 10444 has no location permission
10-25 10:06:26.554  2318  2438 E ActivityTaskManager: Unable to get servicetracker HAL instance
10-25 10:06:26.554  2318  2438 E ActivityTaskManager: Unable to get servicetracker HAL instance
10-25 10:06:26.555  4628  4698 W DynamicDDSService: appName is not found in cache: com.miui.home
10-25 10:06:26.555  1656  1656 I MiClstc : DropLayers erase layer 482
10-25 10:06:26.555  2318  2438 E ActivityTaskManager: Unable to get servicetracker HAL instance
10-25 10:06:26.555  2318  2438 E ActivityTaskManager: Unable to get servicetracker HAL instance
10-25 10:06:26.555  4628  4799 I DynamicDDSService: handleMessage(ACTIVITY_SUSPEND{appInfo=com.UCMobile.intl isFullScreen=}true)
10-25 10:06:26.555  4628  4799 W DynamicDDSService: mAppNames is empty, no need to send QMI
10-25 10:06:26.555  2318  2438 E ActivityTaskManager: Unable to get servicetracker HAL instance
10-25 10:06:26.555  2318  2438 E ActivityTaskManager: Unable to get servicetracker HAL instance
10-25 10:06:26.555  1596  1596 I sensors-hal: batch:141, android.sensor.accelerometer/11, period=100000000, max_latency=0
10-25 10:06:26.555  1596  1596 I sensors-hal: set_config:56, sample_period_ns is adjusted to 100000000 based on min/max delay_ns
10-25 10:06:26.555  1596  1596 I sensors-hal: batch:150, android.sensor.accelerometer/11, period=100000000, max_latency=0 request completed
10-25 10:06:26.556  2318  2460 I SensorAccount: App unregister sensor noWakeupSensor_10444_0x100000b
10-25 10:06:26.558 30191 30191 E chromium: [1025/100626.558595:ERROR:icu_util.cc(315)] InitFuncsFromSystemICU failed, status: 2
10-25 10:06:26.560 30247 30247 I Perf    : Connecting to perf service.
10-25 10:06:26.565 30191 30284 E chromium: [1025/100626.565163:ERROR:address_tracker_linux.cc(172)] Could not bind NETLINK socket: Permission denied
10-25 10:06:26.565  4299  4299 E Launcher.application: setClickAppWaitForCallback = false
10-25 10:06:26.566  7707  7707 I LauncherOverlayCallback: handleMessage WHAT_ACTIVITY_STATE_CHANGED what0
10-25 10:06:26.566  7707  7707 I LauncherOverlayCallback: handleMessage WHAT_LAUNCHER_STATE what0
10-25 10:06:26.571 30247 30275 I ActivityThread: TrafficStats init done
10-25 10:06:26.572  1688  1688 I vendor.qti.hardware.servicetrackeraidl-service: bindService is called for service : com.UCMobile.intl/com.alibaba.mbg.unet.httpdnsshare.UNetHttpDnsShareService and for client com.UCMobile.intl:RemoteBackgroundProcess
10-25 10:06:26.572  1688  1688 I vendor.qti.hardware.servicetrackeraidl-service: total connections for service : com.UCMobile.intl/com.alibaba.mbg.unet.httpdnsshare.UNetHttpDnsShareServiceare :2
10-25 10:06:26.572  1688  1688 I vendor.qti.hardware.servicetrackeraidl-service: total connections for client : com.UCMobile.intl:RemoteBackgroundProcessare :1
10-25 10:06:26.572  2318  5449 I ClipboardServiceI: checkProviderWakePathForClipboard: primaryClip is null
10-25 10:06:26.575  2318  5401 E ActivityTaskManager: Unable to get servicetracker HAL instance
10-25 10:06:26.575  2318  5401 E ActivityTaskManager: Unable to get servicetracker HAL instance
10-25 10:06:26.576 30247 30275 I ForceDarkHelperStubImpl: