--------- beginning of main
05-31 14:55:03.273   377   377 E adbd    : failed to connect to socket 'tcp:7336': Connection refused
05-31 14:55:03.274  1608  9740 W Role    : Cannot get ApplicationInfo for default holder: com.google.android.as
05-31 14:55:03.277  1608  9740 W Role    : Cannot get ApplicationInfo for default holder: com.google.android.as
05-31 14:55:03.300  9806  9806 I GoogleHttpClient: GMS http client unavailable, use old client
05-31 14:55:03.321   377   377 E adbd    : failed to connect to socket 'tcp:7336': Connection refused
05-31 14:55:03.325  9806  9806 I CarUiInstaller: CarUiInstaller started for com.google.android.gsf
--------- beginning of system
05-31 14:55:03.354   590  1643 I ActivityManager: Background started FGS: Allowed [callingPackage: com.google.android.apps.wellbeing; callingUid: 10100; uidState: BTOP; intent: Intent { cmp=com.google.android.apps.wellbeing/com.google.apps.tiktok.concurrent.InternalForegroundService (has extras) }; code:BACKGROUND_ACTIVITY_PERMISSION; tempAllowListReason:<null>; targetSdkVersion:30; callerTargetSdkVersion:30; startForegroundCount:0; bindFromPackage:null]
05-31 14:55:03.367   377   377 E adbd    : failed to connect to socket 'tcp:7336': Connection refused
05-31 14:55:03.388  1507  1814 E ApplicationPropertiesBu: Date 2021-12-06T00:00:00Z is out of expected range.
05-31 14:55:03.388  1507  1814 E ApplicationPropertiesBu: Date 2022-02-15T00:00:00Z is out of expected range.
05-31 14:55:03.389  1507  1814 E ApplicationPropertiesBu: Date 2022-02-22T00:00:00Z is out of expected range.
05-31 14:55:03.395   590   638 I ActivityManager: Deferring FGS notification in legacy app com.google.android.apps.wellbeing/u0a100 : Notification(channel=app_limit_updates shortcut=null contentView=null vibrate=null sound=null defaults=0x0 flags=0x162 color=0xff0b57d0 category=service vis=PRIVATE)
05-31 14:55:03.398  1323  1323 I GoogleInputMethodService: GoogleInputMethodService.onFinishInput():3420 
05-31 14:55:03.401   590  1816 W InputManager-JNI: Input channel object '99233f8 InputMethod (client)' was disposed without first being removed with the input manager!
05-31 14:55:03.405  1323  1323 I NormalModeController: NormalModeController.getKeyboardBodyViewHolderPaddingBottom():109 currentPrimeKeyboardType:SOFT systemPaddingBottom:-1
05-31 14:55:03.410  1323  1323 I AbstractOpenableExtension: AbstractOpenableExtension.maybeDestroyExistingKeyboardGroupManager():514 Destroy existing keyboard group manager in eyj
05-31 14:55:03.412  1323  1323 I AbstractOpenableExtension: AbstractOpenableExtension.maybeDestroyExistingKeyboardGroupManager():514 Destroy existing keyboard group manager in fci
05-31 14:55:03.414   377   377 E adbd    : failed to connect to socket 'tcp:7336': Connection refused
05-31 14:55:03.420  1323  1323 I KeyboardViewController: KeyboardViewController.clearSubViewControllerInternal():411 Clears keyboard sub view controller for keyboardType: null, viewType: HEADER, viewId: 2131428269(#0x7f0b03ad),which has not been set.
05-31 14:55:03.423  1323  1323 I AbstractOpenableExtension: AbstractOpenableExtension.maybeDestroyExistingKeyboardGroupManager():514 Destroy existing keyboard group manager in fau
05-31 14:55:03.435  1323  2196 I JapaneseMozcExtension: JapaneseMozcExtension.onDestroyServiceInternal():81 onDestroyServiceInternal()
05-31 14:55:03.438  1323  1323 I AbstractOpenableExtension: AbstractOpenableExtension$3.onSuccess():527 KeyboardGroupManager destroyed in eyj.
05-31 14:55:03.438  1323  1323 I AbstractOpenableExtension: AbstractOpenableExtension$3.onSuccess():527 KeyboardGroupManager destroyed in fci.
05-31 14:55:03.440  1323  1323 I AbstractOpenableExtension: AbstractOpenableExtension$3.onSuccess():527 KeyboardGroupManager destroyed in fau.
05-31 14:55:03.447   590  1809 I SoundTriggerMiddlewareLogging: listModules[this=com.android.server.soundtrigger_middleware.SoundTriggerMiddlewareImpl@39a7c6c, client={ attributionTag: null, packageName: "com.google.android.googlequicksearchbox", pid: 1507, uid: 10104 }]() -> [ { handle: 0, properties: { audioCapabilities: 0, captureTransition: false, concurrentCapture: false, description: "The Andtoid Studio Emulator Soundtrigger no-op implementation", implementor: "The Android Open Source Project", maxBufferMs: 0, maxKeyPhrases: 4242, maxSoundModels: 42, maxUsers: 7, powerConsumptionMw: 42, recognitionModes: 9, supportedModelArch: "", triggerInEvent: true, uuid: "04030201-0605-0807-0a09-72616e636875", version: 254868980 } } ]
05-31 14:55:03.458   590  1643 I SoundTriggerService: getModuleProperties()
05-31 14:55:03.532  1166  3643 I RegisterSyncOperation: (REDACTED) Register sync called by %s, syncing since something changed
05-31 14:55:03.539  1166  3643 I HeterodyneSyncer: (REDACTED) Removed %d invalid users
05-31 14:55:03.742   590   628 E RemoteAugmentedAutofillService: Bad service name for flags 1048704: com.google.android.as/com.google.android.apps.miphone.aiai.app.AiAiAugmentedAutofillService
05-31 14:55:03.829  4952  4952 I abb     : StartCommandInProcess(73657474696e67730067657400676c6f settings.get.glo [truncated])
05-31 14:55:03.828   590   590 W Binder:590_1A: type=1400 audit(0.0:68): avc: denied { getopt } for scontext=u:r:system_server:s0 tcontext=u:r:shell:s0 tclass=unix_stream_socket permissive=0
05-31 14:55:03.837  4952  4952 I abb     : StartCommandInProcess(7061636b61676500696e7374616c6c00 package.install. [truncated])
05-31 14:55:03.828   590   590 W Binder:590_1A: type=1400 audit(0.0:69): avc: denied { getopt } for scontext=u:r:system_server:s0 tcontext=u:r:shell:s0 tclass=unix_stream_socket permissive=0
05-31 14:55:03.828   590   590 W Binder:590_1A: type=1400 audit(0.0:70): avc: denied { getopt } for scontext=u:r:system_server:s0 tcontext=u:r:shell:s0 tclass=unix_stream_socket permissive=0
05-31 14:55:04.268   590   590 W Binder:590_1A: type=1400 audit(0.0:71): avc: denied { getopt } for scontext=u:r:system_server:s0 tcontext=u:r:shell:s0 tclass=unix_stream_socket permissive=0
05-31 14:55:04.429   590   712 W PackageParsing: Ignoring duplicate uses-permissions/uses-permissions-sdk-m: android.permission.VIBRATE in package: com.gingersoftware.android.keyboard at: Binary XML file line #29
05-31 14:55:04.429   590   712 W PackageParsing: Ignoring duplicate uses-permissions/uses-permissions-sdk-m: android.permission.GET_ACCOUNTS in package: com.gingersoftware.android.keyboard at: Binary XML file line #30
05-31 14:55:04.434   590   663 I PackageManager: Integrity check passed for file:///data/app/vmdl1044342114.tmp
05-31 14:55:04.443   590   663 W PackageParsing: Ignoring duplicate uses-permissions/uses-permissions-sdk-m: android.permission.VIBRATE in package: com.gingersoftware.android.keyboard at: Binary XML file line #29
05-31 14:55:04.443   590   663 W PackageParsing: Ignoring duplicate uses-permissions/uses-permissions-sdk-m: android.permission.GET_ACCOUNTS in package: com.gingersoftware.android.keyboard at: Binary XML file line #30
05-31 14:55:04.453   590   663 I PackageManager: New shared user com.gingersoftware.android.keyboard: id=10152
05-31 14:55:04.455   590   663 W PackageManager: Adding duplicate app id: 10152 name=com.gingersoftware.android.keyboard
05-31 14:55:04.464   590   663 I PackageManager: Permission ownership changed. Updating all permissions.
05-31 14:55:04.528   590   663 I PackageDexOptimizer: Running dexopt (dexoptNeeded=1) on: /data/app/~~SuM5-72YXIwFCzXpKGJWLQ==/com.gingersoftware.android.keyboard-fBX4o-RSHMptZQDx8v4Teg==/base.apk pkg=com.gingersoftware.android.keyboard isa=x86_64 dexoptFlags=boot_complete,profile_guided,public,enable_hidden_api_checks targetFilter=speed-profile oatDir=/data/app/~~SuM5-72YXIwFCzXpKGJWLQ==/com.gingersoftware.android.keyboard-fBX4o-RSHMptZQDx8v4Teg==/oat classLoaderContext=PCL[]{PCL[/system/framework/org.apache.http.legacy.jar]}
05-31 14:55:04.545  1360  6575 I MediaProvider: Invalidating LocalCallingIdentity cache for package com.gingersoftware.android.keyboard. Reason: op android:read_external_storage
05-31 14:55:04.545  1360  6575 I MediaProvider: Invalidating LocalCallingIdentity cache for package com.gingersoftware.android.keyboard. Reason: op android:read_external_storage
05-31 14:55:04.546  1360  6575 I MediaProvider: Invalidating LocalCallingIdentity cache for package com.gingersoftware.android.keyboard. Reason: op android:read_external_storage
05-31 14:55:04.556  9907  9907 W dex2oat64: Unexpected CPU variant for X86 using defaults: x86_64
05-31 14:55:04.557  9907  9907 W dex2oat64: Mismatch between dex2oat instruction set features to use (ISA: X86_64 Feature string: -ssse3,-sse4.1,-sse4.2,-avx,-avx2,-popcnt) and those from CPP defines (ISA: X86_64 Feature string: ssse3,sse4.1,sse4.2,-avx,-avx2,popcnt) for the command line:
05-31 14:55:04.557  9907  9907 W dex2oat64: /apex/com.android.art/bin/dex2oat64 --zip-fd=7 --zip-location=base.apk --oat-fd=8 --oat-location=/data/app/~~SuM5-72YXIwFCzXpKGJWLQ==/com.gingersoftware.android.keyboard-fBX4o-RSHMptZQDx8v4Teg==/oat/x86_64/base.odex --input-vdex-fd=-1 --output-vdex-fd=9 --swap-fd=10 --classpath-dir=/data/app/~~SuM5-72YXIwFCzXpKGJWLQ==/com.gingersoftware.android.keyboard-fBX4o-RSHMptZQDx8v4Teg== --class-loader-context=PCL[]{PCL[/system/framework/org.apache.http.legacy.jar]} --compact-dex-level=none --instruction-set=x86_64 --instruction-set-features=default --instruction-set-variant=x86_64 --compiler-filter=speed-profile --compilation-reason=install --max-image-block-size=524288 --resolve-startup-const-strings=true --generate-mini-debug-info --runtime-arg -Xtarget-sdk-version:30 --runtime-arg -Xhidden-api-policy:enabled --runtime-arg -Xms64m --runtime-arg -Xmx512m
05-31 14:55:04.557  9907  9907 I dex2oat64: /apex/com.android.art/bin/dex2oat64 --input-vdex-fd=-1 --output-vdex-fd=9 --classpath-dir=/data/app/~~SuM5-72YXIwFCzXpKGJWLQ==/com.gingersoftware.android.keyboard-fBX4o-RSHMptZQDx8v4Teg== --class-loader-context=PCL[]{PCL[/system/framework/org.apache.http.legacy.jar]} --compact-dex-level=none --compiler-filter=speed-profile --compilation-reason=install --max-image-block-size=524288 --resolve-startup-const-strings=true --generate-mini-debug-info
05-31 14:55:04.822  9907  9907 I dex2oat64: Large app, accepted running with swap.
05-31 14:55:06.545   176   176 I servicemanager: Since 'apexservice' could not be found, trying to start it as a lazy AIDL service
05-31 14:55:06.690   176   176 I BpBinder: onLastStrongRef automatically unlinking death recipients: <uncached descriptor>
05-31 14:55:06.690   176   176 I servicemanager: Tried to unregister apexservice, but there is about to be a client.
05-31 14:55:06.939  1360  6502 W MediaProvider: isAppCloneUserPair for user 0: false
05-31 14:55:06.968   181   181 I hwservicemanager: getTransport: Cannot find entry android.hardware.graphics.mapper@4.0::IMapper/default in either framework or device VINTF manifest.
05-31 14:55:06.968  9940  9942 I Gralloc4: mapper 4.x is not supported
05-31 14:55:07.065  1166  8906 I NetworkScheduler.Stats: (REDACTED) Task %s/%s started execution. cause:%s exec_start_elapsed_seconds: %s
05-31 14:55:07.071  1166  8292 I NetworkScheduler.Stats: (REDACTED) Task %s/%s finished executing. cause:%s result: %s elapsed_millis: %s uptime_millis: %s exec_start_elapsed_seconds: %s
05-31 14:55:07.247  9907  9907 I dex2oat64: dex2oat took 2.690s (6.642s cpu) (threads: 4) arena alloc=0B (0B) java alloc=29MB (30925920B) native alloc=4166KB (4266160B) free=1540KB (1577648B) swap=16MB (16777216B)
05-31 14:55:07.279  1360  1926 I MediaProvider: Begin Intent { act=android.intent.action.MEDIA_SCANNER_SCAN_FILE dat=file:///sdcard/screen_2025-05-31_225507.png flg=0x1400010 cmp=com.google.android.providers.media.module/com.android.providers.media.MediaService }
05-31 14:55:07.295  1360  1926 I MediaProvider: End Intent { act=android.intent.action.MEDIA_SCANNER_SCAN_FILE dat=file:///sdcard/screen_2025-05-31_225507.png flg=0x1400010 cmp=com.google.android.providers.media.module/com.android.providers.media.MediaService }
05-31 14:55:07.350   409   446 E installd: Couldn't opendir /data/app/vmdl1044342114.tmp: No such file or directory
05-31 14:55:07.350   409   446 E installd: Failed to delete /data/app/vmdl1044342114.tmp: No such file or directory
05-31 14:55:07.357  1360  1360 I MediaProvider: Invalidating LocalCallingIdentity cache for package com.gingersoftware.android.keyboard. Reason: package android.intent.action.PACKAGE_ADDED
05-31 14:55:07.348   590   590 W Binder:590_1A: type=1400 audit(0.0:72): avc: denied { getopt } for scontext=u:r:system_server:s0 tcontext=u:r:shell:s0 tclass=unix_stream_socket permissive=0
05-31 14:55:07.361   590   698 I RoleService: Granting default roles...
05-31 14:55:07.348   590   590 W Binder:590_1A: type=1400 audit(0.0:73): avc: denied { getopt } for scontext=u:r:system_server:s0 tcontext=u:r:shell:s0 tclass=unix_stream_socket permissive=0
05-31 14:55:07.364  1360  6405 I MediaProvider: Deleted 0 1 0 0 0 0 0 items on external_primary due to com.android.shell
05-31 14:55:07.366  1166  2130 I UriTaskContentObserver: (REDACTED) Throttling content uri change event for %s
05-31 14:55:07.348   590   590 W Binder:590_1A: type=1400 audit(0.0:74): avc: denied { getopt } for scontext=u:r:system_server:s0 tcontext=u:r:shell:s0 tclass=unix_stream_socket permissive=0
05-31 14:55:07.382  1608  9740 W Role    : Cannot get ApplicationInfo for default holder: com.google.android.contacts
05-31 14:55:07.383   590   705 I InputReader: Reconfiguring input devices, changes=KEYBOARD_LAYOUTS | 
05-31 14:55:07.384  2831  2831 I Finsky  : [2] adcs.g(1): adcs - Received: android.intent.action.PACKAGE_ADDED, [zPGnUadz1c5Y51JlHO0Cy86Evy5M-TuuSXXFEbPOx_Y]
05-31 14:55:07.384  1608  1622 I PermissionControllerServiceImpl: Updating user sensitive for uid 10152
05-31 14:55:07.386  2969  2969 I Finsky:background: [2] adch.g(6): adch - Received: android.intent.action.PACKAGE_ADDED, [zPGnUadz1c5Y51JlHO0Cy86Evy5M-TuuSXXFEbPOx_Y]
05-31 14:55:07.385  1376  1376 I GsaVoiceInteractionSrv: O received Intent { act=android.intent.action.PACKAGE_ADDED dat=package:com.gingersoftware.android.keyboard flg=0x4000010 (has extras) }
05-31 14:55:07.388   590   590 I Telecom : DefaultDialerCache: Refreshing default dialer for user 0: now com.android.dialer: DDC.oR@AIs
05-31 14:55:07.389   590  1822 W BroadcastQueue: Background execution not allowed: receiving Intent { act=android.intent.action.PACKAGE_ADDED dat=package:com.gingersoftware.android.keyboard flg=0x4000010 (has extras) } to com.google.android.packageinstaller/com.android.packageinstaller.PackageInstalledReceiver
05-31 14:55:07.390   590   638 W BroadcastQueue: Background execution not allowed: receiving Intent { act=android.intent.action.PACKAGE_ADDED dat=package:com.gingersoftware.android.keyboard flg=0x4000010 (has extras) } to com.android.vending/com.google.android.finsky.packagemonitor.impl.PackageMonitorReceiverImpl$RegisteredReceiver
05-31 14:55:07.391   590   638 W BroadcastQueue: Background execution not allowed: receiving Intent { act=android.intent.action.PACKAGE_ADDED dat=package:com.gingersoftware.android.keyboard flg=0x4000010 (has extras) } to com.android.vending/com.google.android.finsky.packagemonitor.backgroundimpl.BackgroundPackageMonitorReceiverImpl$RegisteredReceiver
05-31 14:55:07.391   590   638 W BroadcastQueue: Background execution not allowed: receiving Intent { act=android.intent.action.PACKAGE_ADDED dat=package:com.gingersoftware.android.keyboard flg=0x4000010 (has extras) } to com.google.android.gms/.chimera.GmsIntentOperationService$PersistentTrustedReceiver
05-31 14:55:07.391   590   638 W BroadcastQueue: Background execution not allowed: receiving Intent { act=android.intent.action.PACKAGE_ADDED dat=package:com.gingersoftware.android.keyboard flg=0x4000010 (has extras) } to com.google.android.gms/.games.chimera.GamesSystemBroadcastReceiverProxy
05-31 14:55:07.392   590   638 W BroadcastQueue: Background execution not allowed: receiving Intent { act=android.intent.action.PACKAGE_ADDED dat=package:com.gingersoftware.android.keyboard flg=0x4000010 (has extras) } to com.google.android.gms/.gass.chimera.PackageChangeBroadcastReceiver
05-31 14:55:07.392   590   638 W BroadcastQueue: Background execution not allowed: receiving Intent { act=android.intent.action.PACKAGE_ADDED dat=package:com.gingersoftware.android.keyboard flg=0x4000010 (has extras) } to com.google.android.googlequicksearchbox/com.google.android.apps.gsa.googlequicksearchbox.GelStubAppWatcher
05-31 14:55:07.404  2831  2831 I Finsky  : [2] xem.jr(11): DTU: Received onPackageAdded, replacing: false
05-31 14:55:07.406  1608  9740 W Role    : Cannot get ApplicationInfo for default holder: com.google.android.as
05-31 14:55:07.429  1507  1856 W SearchServiceCore: Abort, client detached.
05-31 14:55:07.429  1507  1856 W SearchServiceCore: Abort, client detached.
05-31 14:55:07.436  2831  9742 I Finsky  : [195] poo.kh(210): [ContentSync] finished, scheduled=false
05-31 14:55:07.439  2969  9730 I Finsky:background: [114] ruh.accept(120): Wrote row to frosting DB: 250
05-31 14:55:07.456  2969  9730 I Finsky:background: [114] ruh.accept(120): Wrote row to frosting DB: 251
05-31 14:55:07.460   590   660 E VerityUtils: Failed to measure fs-verity, errno 1: /data/app/~~SuM5-72YXIwFCzXpKGJWLQ==/com.gingersoftware.android.keyboard-fBX4o-RSHMptZQDx8v4Teg==/base.apk
05-31 14:55:07.466  7079  9956 I ProvidersCache: Provider returned no roots. Possibly naughty: com.google.android.apps.docs.storage
05-31 14:55:07.476  1717  9771 I Auth    : (REDACTED) [SupervisedAccountIntentOperationV2] onHandleIntent: %s
05-31 14:55:07.479  1717  9771 I Blockstore: (REDACTED) [DataStoreImpl] Clearing Blockstore Data for package %s
05-31 14:55:07.479  1717  9771 I Blockstore: [DataStoreImpl] Keyless data not found or its IsLastInstallationData = false. [CONTEXT service_id=258 ]
05-31 14:55:07.479  1717  9771 I Dck     : (REDACTED) disableDckSupport: %s
05-31 14:55:07.479  1717  9771 W Dck     : [WirelessCapabilitiesFeatures] wccSysProp: 0 [CONTEXT service_id=289 ]
05-31 14:55:07.479  1717  9771 I Dck     : [WirelessCapabilitiesFeatures] wccMendel: 3 [CONTEXT service_id=289 ]
05-31 14:55:07.479  1717  9771 I Dck     : [WirelessCapabilitiesFeatures] deviceWccOverride: false [CONTEXT service_id=289 ]
05-31 14:55:07.480  1717  9771 I Dck     : [WirelessCapabilitiesFeatures] replaceSupportedWccWithWccOverride: true [CONTEXT service_id=289 ]
05-31 14:55:07.480  1717  9771 I Dck     : [WirelessCapabilitiesFeatures] wccOverride: not set [CONTEXT service_id=289 ]
05-31 14:55:07.480  1717  9771 I Dck     : (REDACTED) [WirelessCapabilitiesFeatures] wcc: %s
05-31 14:55:07.480  1717  9771 I Dck     : Dck module condition - hasWccSupport: false [CONTEXT service_id=289 ]
05-31 14:55:07.480  1717  9771 I Dck     : Dck module condition - downloadAllowed: false [CONTEXT service_id=289 ]
05-31 14:55:07.480  1717  9771 W Dck     : Dck module not eligible for asynchronous downloading [CONTEXT service_id=289 ]
05-31 14:55:07.485  1166  9761 W GCM     : Unexpected forwarded intent: Intent { act=android.intent.action.PACKAGE_ADDED dat=package:com.gingersoftware.android.keyboard flg=0x4000010 pkg=com.google.android.gms cmp=com.google.android.gms/.chimera.PersistentIntentOperationService (has extras) }
05-31 14:55:07.488  1166  9761 W NetworkScheduler: Unexpected forwarded intent: Intent { act=android.intent.action.PACKAGE_ADDED dat=package:com.gingersoftware.android.keyboard flg=0x4000010 pkg=com.google.android.gms cmp=com.google.android.gms/.chimera.PersistentIntentOperationService (has extras) }
05-31 14:55:07.496  2831  2831 I Finsky  : [2] atbs.c(44): Do not start WearSupportService due to Wear service optimization
05-31 14:55:07.497  2831  2831 I Finsky  : [2] akbb.f(9): Clearing split related stale data.
05-31 14:55:07.509  2831  2872 I Finsky  : [52] bauu.f(49): SCH: Received scheduling request: Id: 37-20, Constraints: [{ L: 0, D: 0, C: CHARGING_NONE, I: IDLE_NONE, N: NET_NONE, B: BATTERY_ANY }]
05-31 14:55:07.511  1608  9740 W Role    : Cannot get ApplicationInfo for default holder: com.google.android.as
05-31 14:55:07.512  1608  9740 W Role    : Cannot get ApplicationInfo for default holder: com.google.android.as
05-31 14:55:07.523   590   637 W PackageManager: Failed registering loading progress callback. Package is fully loaded.
05-31 14:55:07.535  1717  4000 I cn_CronetUrlRequestContext: destroyNativeStreamLocked org.chromium.net.impl.CronetBidirectionalStream@b00f169
05-31 14:55:07.557  1717  2206 I Icing   : Indexing com.google.android.gms-apps from com.google.android.gms
05-31 14:55:07.562  1717  2206 I Icing   : Indexing done com.google.android.gms-apps
05-31 14:55:07.571   590   605 I system_server: Background concurrent copying GC freed 266053(14MB) AllocSpace objects, 64(3216KB) LOS objects, 49% free, 21MB/43MB, paused 541us,197us total 220.255ms
05-31 14:55:07.583   590   607 W System  : A resource failed to call close. 
05-31 14:55:07.602  2831  2894 I Finsky  : [74] sju.accept(58): SCH: Scheduling phonesky job Id: 37-20, CT: 1748703307509, Constraints: [{ L: 0, D: 0, C: CHARGING_NONE, I: IDLE_NONE, N: NET_NONE, B: BATTERY_ANY }, { L: 0, D: 0, C: CHARGING_NONE, I: IDLE_NONE, N: NET_NONE, B: BATTERY_ANY }]
05-31 14:55:07.603  1608  9740 W Role    : Cannot get ApplicationInfo for default holder: com.google.android.as
05-31 14:55:07.606  2831  2893 I Finsky  : [73] njf.apply(251): SCH: Scheduling 1 system job(s)
05-31 14:55:07.606  2831  2893 I Finsky  : [73] njf.apply(412): SCH: Scheduling expedited system job 9448
05-31 14:55:07.619  2831  2831 I Finsky  : [2] aipn.onStartJob(126): SCH: job service start with id 9448.
05-31 14:55:07.633  2831  9742 I Finsky  : [195] nje.a(184): SCH: Satisfied jobs for 9448 are: 37-20
05-31 14:55:07.643  2831  9794 I Finsky  : [201] aioi.accept(105): SCH: Job 37-20 starting
05-31 14:55:07.643  2831  2831 I Finsky  : [2] PackageAddedOrRemovedEventJob.a(62): Received an install/uninstall event for package com.gingersoftware.android.keyboard with replacing being false
05-31 14:55:07.643  2831  2831 I Finsky  : [2] ainv.q(56): SCH: jobFinished: 37-20. TimeElapsed: 1ms.
05-31 14:55:07.644  2831  2894 I Finsky  : [74] ahth.b(769): Not an active Cubes user. Ignoring package install/uninstall event.
05-31 14:55:07.647  1608  9740 W Role    : Cannot get ApplicationInfo for default holder: com.google.android.as
05-31 14:55:07.652  1608  9740 W Role    : Cannot get ApplicationInfo for default holder: com.google.android.as
05-31 14:55:07.665  2831  2893 I Finsky  : [73] sju.accept(58): SCH: Scheduling phonesky job Id: 26-1414141414, CT: 1748679643373, Constraints: [{ L: 43199999, D: 44099999, C: CHARGING_NONE, I: IDLE_NONE, N: NET_NONE, B: BATTERY_ANY }]
05-31 14:55:07.670  2831  2894 I Finsky  : [74] njf.apply(251): SCH: Scheduling 1 system job(s)
05-31 14:55:07.670  2831  2894 I Finsky  : [74] ains.b(244): SCH: Scheduling system job Id: 9451, L: 19535702, D: 20435702, C: false, I: false, N: 0
05-31 14:55:07.681  2831  9794 I Finsky  : [201] aipn.a(24): SCH: job service finished with id 9448.
05-31 14:55:07.708   590  1810 I ActivityManager: Force stopping com.gingersoftware.android.keyboard appid=10152 user=0: from pid 9984
05-31 14:55:07.755   590   628 I ActivityTaskManager: START u0 {act=android.intent.action.MAIN cat=[android.intent.category.HOME] flg=0x10000100 cmp=com.google.android.apps.nexuslauncher/.NexusLauncherActivity (has extras)} from uid 0
05-31 14:55:07.764   590  1809 W ActivityManager: Unable to start service Intent { act=android.service.smartspace.SmartspaceService cmp=com.google.android.as/com.google.android.apps.miphone.aiai.app.AiAiSmartspaceService } U=0: not found
05-31 14:55:07.765   590  1809 W RemoteSmartspaceService: could not bind to Intent { act=android.service.smartspace.SmartspaceService cmp=com.google.android.as/com.google.android.apps.miphone.aiai.app.AiAiSmartspaceService } using flags 67112961
05-31 14:55:07.766   590   590 W ActivityManager: Unbind failed: could not find connection for android.app.LoadedApk$ServiceDispatcher$InnerConnection@937692a
05-31 14:55:07.907  1323  1323 I PhenotypeModule: PhenotypeModule.receiveBroadcast():387 onReceive() urgent = false
05-31 14:55:07.911  1323  1323 I PhenotypeModule: PhenotypeModule.maybeFetchAndUpdate():168 maybeFetchAndUpdate: forceRefresh=true
05-31 14:55:07.932  1323  9994 E PhenotypeModule: PhenotypeModule.handlePhenotypeConfigurationUpdates():252 Get empty configurations.
05-31 14:55:07.943  1323  9996 I PhenotypeModule: PhenotypeModule.lambda$fetchAndUpdate$1():220 fetchAndUpdate() : Success, hasFlags=true, flagCount=765, lastFetchStatus=May 31, 2:55 PM {reason=2, isFullFetch=false, success=true, isEmpty=true, isDelta=false, fetchedFlagsCount=0, deletedFlagsCount=0, updatedFlagsCount=0, totalTime=29}
05-31 14:55:07.948  1166  3643 I PackageUpdateTaskChimer: (REDACTED) Scheduling Phenotype config package catchup updates to be %d seconds from now (%d)
05-31 14:55:07.980  1717  9767 I 43-ServiceEntitlementIn: (REDACTED) [%s] onCreate
05-31 14:55:07.983  1717  9750 I 43-ServiceEntitlementIn: (REDACTED) [%s] Unavailable Open Gateway Interfaces (OGI) for 3P
05-31 14:55:08.005  1507  1507 I BgTaskExecutorImpl: Starting EXCLUSIVE background task FETCH_CONFIGS_FROM_PHENOTYPE.
05-31 14:55:08.013  1507  1507 I Notifications: [ChimeBroadcastReceiver] Intent received for action [com.google.android.gms.phenotype.UPDATE] package [com.google.android.googlequicksearchbox].
05-31 14:55:08.013  1507  1507 I Notifications: [ChimeBroadcastReceiver] Phenotype initialized.
05-31 14:55:08.026  1507  1507 I Notifications: [ChimeBroadcastReceiver] Validation failed for action [com.google.android.gms.phenotype.UPDATE].
05-31 14:55:08.031   590   639 I ActivityManager: Start proc 9998:com.google.android.googlequicksearchbox/u0a104 for broadcast {com.google.android.googlequicksearchbox/com.google.android.libraries.phenotype.client.stable.PhenotypeUpdateBackgroundBroadcastReceiver}
05-31 14:55:08.036  9998  9998 W equicksearchbo: Unexpected CPU variant for X86 using defaults: x86_64
05-31 14:55:08.038  9998  9998 E equicksearchbo: Not starting debugger since process cannot load the jdwp agent.
05-31 14:55:08.047  1507  9853 W A       : Can't format flag AndroidGsaVelourJars__velour_birthdaydoodle_jar__name to integer.
05-31 14:55:08.047  1507  9853 W A       : Can't format flag AndroidGsaVelourJars__velour_call_jar__name to integer.
05-31 14:55:08.048  1507  9853 W A       : Can't format flag AndroidGsaVelourJars__velour_canvas_jar__name to integer.
05-31 14:55:08.048  1507  9853 W A       : Can't format flag AndroidGsaVelourJars__velour_chkpkg_jar__name to integer.
05-31 14:55:08.048  1507  9853 W A       : Can't format flag AndroidGsaVelourJars__velour_crashtest_jar__name to integer.
05-31 14:55:08.048  1507  9853 W A       : Can't format flag AndroidGsaVelourJars__velour_dining_jar__name to integer.
05-31 14:55:08.048  1507  9853 W A       : Can't format flag AndroidGsaVelourJars__velour_doodle_notifications_jar__name to integer.
05-31 14:55:08.048  1507  9853 W A       : Can't format flag AndroidGsaVelourJars__velour_imageviewer_jar__name to integer.
05-31 14:55:08.048  1507  9853 W A       : Can't format flag AndroidGsaVelourJars__velour_ipa_jar__name to integer.
05-31 14:55:08.048  1507  9853 W A       : Can't format flag AndroidGsaVelourJars__velour_jslocation_jar__name to integer.
05-31 14:55:08.048  1507  9853 W A       : Can't format flag AndroidGsaVelourJars__velour_localintent_jar__name to integer.
05-31 14:55:08.048  1507  9853 W A       : Can't format flag AndroidGsaVelourJars__velour_messaging_jar__name to integer.
05-31 14:55:08.048  1507  9853 W A       : Can't format flag AndroidGsaVelourJars__velour_nativesrp_activity_jar__name to integer.
05-31 14:55:08.049  1507  9853 W A       : Can't format flag AndroidGsaVelourJars__velour_nativesrp_presenter_jar__name to integer.
05-31 14:55:08.049  1507  9853 W A       : Can't format flag AndroidGsaVelourJars__velour_nowcontent_jar__name to integer.
05-31 14:55:08.049  1507  9853 W A       : Can't format flag AndroidGsaVelourJars__velour_recents_activity_jar__name to integer.
05-31 14:55:08.049  1507  9853 W A       : Can't format flag AndroidGsaVelourJars__velour_save_jar__name to integer.
05-31 14:55:08.049  1507  9853 W A       : Can't format flag AndroidGsaVelourJars__velour_searchresults_activity_jar__name to integer.
05-31 14:55:08.049  1507  9853 W A       : Can't format flag AndroidGsaVelourJars__velour_test_jar__name to integer.
05-31 14:55:08.049  1507  9853 W A       : Can't format flag AndroidGsaVelourJars__velour_weather_jar__name to integer.
05-31 14:55:08.049  1507  9853 W A       : Can't format flag bindle_flags__bloblobber_blob to integer.
05-31 14:55:08.049  1507  9853 W A       : Can't format flag bindle_flags__velour_jar to integer.
05-31 14:55:08.064  1507  1797 W A       : Can't format flag AndroidGsaVelourJars__velour_birthdaydoodle_jar__name to integer.
05-31 14:55:08.064  1507  1797 W A       : Can't format flag AndroidGsaVelourJars__velour_call_jar__name to integer.
05-31 14:55:08.064  1507  1797 W A       : Can't format flag AndroidGsaVelourJars__velour_canvas_jar__name to integer.
05-31 14:55:08.064  1507  1797 W A       : Can't format flag AndroidGsaVelourJars__velour_chkpkg_jar__name to integer.
05-31 14:55:08.064  1507  1797 W A       : Can't format flag AndroidGsaVelourJars__velour_crashtest_jar__name to integer.
05-31 14:55:08.064  1507  1797 W A       : Can't format flag AndroidGsaVelourJars__velour_dining_jar__name to integer.
05-31 14:55:08.064  1507  1797 W A       : Can't format flag AndroidGsaVelourJars__velour_doodle_notifications_jar__name to integer.
05-31 14:55:08.064  1507  1797 W A       : Can't format flag AndroidGsaVelourJars__velour_imageviewer_jar__name to integer.
05-31 14:55:08.066  1507  1797 W A       : Can't format flag AndroidGsaVelourJars__velour_ipa_jar__name to integer.
05-31 14:55:08.066  1507  1797 W A       : Can't format flag AndroidGsaVelourJars__velour_jslocation_jar__name to integer.
05-31 14:55:08.069  1507  1797 W A       : Can't format flag AndroidGsaVelourJars__velour_localintent_jar__name to integer.
05-31 14:55:08.070  1507  1797 W A       : Can't format flag AndroidGsaVelourJars__velour_messaging_jar__name to integer.
05-31 14:55:08.070  1507  1797 W A       : Can't format flag AndroidGsaVelourJars__velour_nativesrp_activity_jar__name to integer.
05-31 14:55:08.070  1507  1797 W A       : Can't format flag AndroidGsaVelourJars__velour_nativesrp_presenter_jar__name to integer.
05-31 14:55:08.070  1507  1797 W A       : Can't format flag AndroidGsaVelourJars__velour_nowcontent_jar__name to integer.
05-31 14:55:08.070  1507  1797 W A       : Can't format flag AndroidGsaVelourJars__velour_recents_activity_jar__name to integer.
05-31 14:55:08.070  1507  1797 W A       : Can't format flag AndroidGsaVelourJars__velour_save_jar__name to integer.
05-31 14:55:08.070  1507  1797 W A       : Can't format flag AndroidGsaVelourJars__velour_searchresults_activity_jar__name to integer.
05-31 14:55:08.070  1507  1797 W A       : Can't format flag AndroidGsaVelourJars__velour_test_jar__name to integer.
05-31 14:55:08.070  1507  1797 W A       : Can't format flag AndroidGsaVelourJars__velour_weather_jar__name to integer.
05-31 14:55:08.070  1507  1797 W A       : Can't format flag bindle_flags__bloblobber_blob to integer.
05-31 14:55:08.070  1507  1797 W A       : Can't format flag bindle_flags__velour_jar to integer.
05-31 14:55:08.103  1717  9771 I 43-ServiceEntitlementIn: (REDACTED) [%s] Unavailable Open Gateway Interfaces (OGI) for 3P
05-31 14:55:08.105  1717  9771 I 43-ServiceEntitlementIn: (REDACTED) [%s] Unavailable Open Gateway Interfaces (OGI) for 3P
05-31 14:55:08.108  1717  9771 I 43-ServiceEntitlementIn: (REDACTED) [%s] Unavailable Open Gateway Interfaces (OGI) for 3P
05-31 14:55:08.113  1717  9769 I 43-ServiceEntitlementIn: (REDACTED) [%s] Unavailable Open Gateway Interfaces (OGI) for 3P
05-31 14:55:08.114  1717  9773 I 43-ServiceEntitlementIn: (REDACTED) [%s] Unavailable Open Gateway Interfaces (OGI) for 3P
05-31 14:55:08.116  1717  9767 I 43-ServiceEntitlementIn: (REDACTED) [%s] Unavailable Open Gateway Interfaces (OGI) for 3P
05-31 14:55:08.117  1717  9771 I 43-ServiceEntitlementIn: (REDACTED) [%s] Unavailable Open Gateway Interfaces (OGI) for 3P
05-31 14:55:08.117  1717  9771 I 43-ServiceEntitlementIn: (REDACTED) [%s] onDestroy
05-31 14:55:08.123  9998  9998 I MultiDex: VM with version 2.1.0 has multidex support
05-31 14:55:08.123  9998  9998 I MultiDex: install
05-31 14:55:08.123  9998  9998 I MultiDex: VM has multidex support, MultiDex support library is disabled.
05-31 14:55:08.150  1507  1856 W SearchServiceCore: Abort, client detached.
05-31 14:55:08.150  1507  1856 W SearchServiceCore: Abort, client detached.
05-31 14:55:08.150  1507  1856 W SearchServiceCore: Abort, client detached.
05-31 14:55:08.150  1507  1856 W SearchServiceCore: Abort, client detached.
05-31 14:55:08.150  1507  1856 W SearchServiceCore: Abort, client detached.
05-31 14:55:08.155  9998  9998 I DefaultInitializer: Initialized process com.google.android.googlequicksearchbox
05-31 14:55:08.164  1507  1814 I A       : Refusing EXCLUSIVE task 24, it is already pending. Try again in 359 seconds.
05-31 14:55:08.167  1507  1770 I FedAssExpListener: Fed-ass not supported for signed out users.
05-31 14:55:08.167  1507  1814 I ModelDownloadListener: Schdedule model download
05-31 14:55:08.171  1507  1770 I FedAssExpListener: Successfully processed experiments changed.
05-31 14:55:08.176  1507  1783 I BlobLobber: Canceling downloads: [brain_en_us_201705_arm32_release_signed, odws2_en:us:803_2019-09-12_270573492_release_signed]
05-31 14:55:08.176  1507  1783 I BlobLobber: Failed to cancel [brain_en_us_201705_arm32_release_signed, odws2_en:us:803_2019-09-12_270573492_release_signed]
05-31 14:55:08.176  1507  1507 I BgTaskExecutorImpl: Starting EXCLUSIVE background task UPDATE_HOTWORD_MODELS.
05-31 14:55:08.183  1507  1783 I ModelDownloadListener: Schdedule model download
05-31 14:55:08.183  1507  1770 I FedAssExpListener: Fed-ass not supported for signed out users.
05-31 14:55:08.183  1507  1770 I FedAssExpListener: Successfully processed experiments changed.
05-31 14:55:08.183  1507  1814 I OpaEligibilityChecker: send OpaEligibilityChange broadcast to CommonBroadcastReceiver
05-31 14:55:08.186  1507  1507 I BgTaskExecutorImpl: Starting EXCLUSIVE background task BLOBLOBBER_SYNC.
05-31 14:55:08.187  1507  1783 I OpaEligibilityChecker: send OpaEligibilityChange broadcast to CommonBroadcastReceiver
05-31 14:55:08.193  1507  1770 I A       : NGA disabled due to not being eligible.
05-31 14:55:08.195  1507 10022 I ModelDownloadController: requestHotwordModelUpdate modelType-2 modelLocale-en-US
05-31 14:55:08.195  1507 10022 I ModelDownloadController: #maybeDownloadHotwordModelWithMDD with locale: en-US, modelType: 2.
05-31 14:55:08.196  1507 10022 I ModelDownloadController: Skipping MDD query because model was already downloaded for locale
05-31 14:55:08.196  1507  1770 I A       : NGA disabled due to not being eligible.
05-31 14:55:08.198  1507  1856 W SearchServiceCore: Abort, client detached.
05-31 14:55:08.198  1507  1856 W SearchServiceCore: Abort, client detached.
05-31 14:55:08.198  1507  1856 W SearchServiceCore: Abort, client detached.
05-31 14:55:08.203  1507  1856 W SearchServiceCore: Abort, client detached.
05-31 14:55:08.203  1507  1856 W SearchServiceCore: Abort, client detached.
05-31 14:55:08.208  1507 10025 I BgTaskExecutorImpl: Starting EXCLUSIVE background task UPDATE_HOTWORD_MODELS.
05-31 14:55:08.216  1507 10025 I ModelDownloadController: requestHotwordModelUpdate modelType-2 modelLocale-en-US
05-31 14:55:08.217  1507 10025 I ModelDownloadController: #maybeDownloadHotwordModelWithMDD with locale: en-US, modelType: 2.
05-31 14:55:08.217  1507 10025 I ModelDownloadController: Skipping MDD query because model was already downloaded for locale
05-31 14:55:08.218  1507  1856 W SearchServiceCore: Abort, client detached.
05-31 14:55:08.218  1507  1856 W SearchServiceCore: Abort, client detached.
05-31 14:55:08.224  1717  3881 I Icing   : IndexChimeraService.getServiceInterface callingPackage=com.google.android.googlequicksearchbox componentName=agsa_icing_connection serviceId=33
05-31 14:55:08.227  1717  2219 I Icing   : IndexChimeraService.getServiceInterface callingPackage=com.google.android.googlequicksearchbox componentName=agsa_icing_connection serviceId=32
05-31 14:55:08.234  1507  1856 W SearchServiceCore: Abort, client detached.
05-31 14:55:08.252  1717  3881 I Icing   : IndexChimeraService.getServiceInterface callingPackage=com.google.android.gms componentName=null serviceId=30
05-31 14:55:08.268  1166  9760 I NearbyMediums: ModuleInitializer handles incoming intent com.google.android.gms.phenotype.com.google.android.gms.nearby.COMMITTED
05-31 14:55:08.272  1166  9762 I NearbyConnections: Runtime state initialization complete. Nearby connections setting is enabled.
05-31 14:55:08.282  1717  9771 I NearbyFastPair: (REDACTED) TaskSchedulerUtils cancelTask %s success.
05-31 14:55:08.283  1166  1166 I NearbyFastPair: DynamicSupportModule: doReceive update intent [CONTEXT service_id=265 ]
05-31 14:55:08.287  1166  3643 I Nearby  : (REDACTED) Beginning attempt #%d out of %d for %s...
05-31 14:55:08.287  1166  1688 I NearbyFastPair: DynamicSupportModule: onSupportStateUpdate start [CONTEXT service_id=265 ]
05-31 14:55:08.295  1166  3643 I NearbyMediums: BluetoothAdapter's name was not set by Nearby Connections, ignoring call to restore default scan mode.
05-31 14:55:08.302  1166  3643 I NearbyMediums: BluetoothAdapter's name was not set by Nearby Connections, ignoring call to restore device name
05-31 14:55:08.316  1166  1688 I NearbyFastPair: DynamicSupportModule: onSupportStateUpdate end [CONTEXT service_id=265 ]
05-31 14:55:08.351  1717  9965 I NearbySharing: onBindSlice failed since shareTargets is empty
05-31 14:55:08.352  1717  1717 I NearbySharing: SharingTileService created.
05-31 14:55:08.355  9998  9998 I A       : Initializing GMS Compliance Client Library...
05-31 14:55:08.356  9998  9998 I A       : Checking for device compliance...
05-31 14:55:08.356  9998  9998 I A       : Feature is disabled!
05-31 14:55:08.356  9998  9998 I A       : Completed library init.
05-31 14:55:08.361  9998 10032 W equicksearchbo: Accessing hidden field Ljava/util/Collections$SynchronizedCollection;->mutex:Ljava/lang/Object; (max-target-o, reflection, denied)
05-31 14:55:08.362  9998 10032 W equicksearchbo: Accessing hidden method Ljava/util/Collections$SynchronizedSet;-><init>(Ljava/util/Set;Ljava/lang/Object;)V (max-target-o, reflection, denied)
05-31 14:55:08.362  9998 10032 W equicksearchbo: Accessing hidden method Ljava/util/Collections$SynchronizedCollection;-><init>(Ljava/util/Collection;Ljava/lang/Object;)V (max-target-o, reflection, denied)
05-31 14:55:08.364  1717  9965 I NearbySharing: Granted slice and uri permissions to com.samsung.android.app.nearbyshare.theme
05-31 14:55:08.372  1717  9965 I NearbySharing: Granted slice and uri permissions to com.google.location.nearby.apps.hellooemshare
05-31 14:55:08.385  1717  9965 I NearbySharing: Granted slice and uri permissions to android
05-31 14:55:08.388  1717  9965 I NearbySharing: Granted slice and uri permissions to com.fdi.nearbysharingextension
05-31 14:55:08.395  1717  9965 I NearbySharing: Granted slice and uri permissions to com.google.android.apps.nbu.files
05-31 14:55:08.398  9998 10034 I PhenotypeBackgroundRecv: Successfully stored update snapshot for assistant_auto_tng_libraries_device#com.google.android.googlequicksearchbox
05-31 14:55:08.402  1717  9965 I NearbySharing: Granted slice and uri permissions to com.hihonor.android.instantshare
05-31 14:55:08.403  1507  1507 W A       : Received update for unknown package com.google.android.gms.icing.mdd#com.google.android.googlequicksearchbox; known packages [assistant_auto_tng_libraries_device#com.google.android.googlequicksearchbox, assistant_auto_tng_libraries_user#com.google.android.googlequicksearchbox, com.google.android.apps.search.assistant.verticals.memory#com.google.android.googlequicksearchbox, com.google.android.apps.search.assistant.device#com.google.android.googlequicksearchbox, com.google.android.apps.search.assistant.user#com.google.android.googlequicksearchbox, com.google.android.apps.search.faceviewer#com.google.android.googlequicksearchbox, com.google.android.libraries.search.googleapp.device#com.google.android.googlequicksearchbox, com.google.android.libraries.search.googleapp.user#com.google.android.googlequicksearchbox, com.google.android.apps.search.hsi.device#com.google.android.googlequicksearchbox, com.google.android.apps.gsa.pcp.device#com.google.android.googlequicksearchbox, com.google.android.apps.gsa.pcp.user#com.google.android.googlequicksearchbox, com.google.android.apps.podcasts_android.device#com.google.android.googlequicksearchbox, com.google.android.apps.podcasts_android.user#com.google.android.googlequicksearchbox, com.google.android.apps.search.pronunciationlearning#com.google.android.googlequicksearchbox, com.google.ar.sceneviewer.android.device#com.google.android.googlequicksearchbox, com.google.ar.sceneviewer.android.user#com.google.android.googlequicksearchbox, com.google.android.apps.search.soundsearch.device#com.google.android.googlequicksearchbox, com.google.android.apps.search.soundsearch.user#com.google.android.googlequicksearchbox, com.google.android.libraries.assistant.symbiote#com.google.android.googlequicksearchbox, com.google.android.libraries.search.device#com.google.android.googlequicksearchbox, com.google.android.libraries.search.user#com.google.android.googlequicksearchbox, com.google.android.apps.search.transcription.device#com.google.android.googlequicksearchbox, com.google.android.apps.search.transcription.uidevice#com.google.android.googlequicksearchbox]
05-31 14:55:08.407  1717  9965 I NearbySharing: Granted slice and uri permissions to com.samsung.android.app.sharelive
05-31 14:55:08.411  1717  9965 I NearbySharing: com.google.android.gms.nearby.sharing.receive.SamsungQrCodeActivity enable=false
05-31 14:55:08.415  1717  9965 I NearbySharing: Runtime state initialization complete. Sharing is enabled.
05-31 14:55:08.424  1166  1166 I NearbySharing: ReceiveSurfaceService started
05-31 14:55:08.426  1507  1507 I Notifications: [ChimeBroadcastReceiver] Intent received for action [com.google.android.gms.phenotype.UPDATE] package [com.google.android.googlequicksearchbox].
05-31 14:55:08.426  1507  1507 I Notifications: [ChimeBroadcastReceiver] Phenotype initialized.
05-31 14:55:08.427  1507  1507 I Notifications: [ChimeBroadcastReceiver] Validation failed for action [com.google.android.gms.phenotype.UPDATE].
05-31 14:55:08.427  1507  1507 I BgTaskExecutorImpl: Starting EXCLUSIVE background task FETCH_CONFIGS_FROM_PHENOTYPE.
05-31 14:55:08.431  1166  1166 I NearbySharing: SendSurfaceService started
05-31 14:55:08.435  9998 10035 I PhenotypeBackgroundRecv: Successfully stored update snapshot for com.google.android.gms.icing.mdd#com.google.android.googlequicksearchbox
05-31 14:55:08.439  1507  1507 W A       : Received update for unknown package com.google.android.googlequicksearchbox; known packages [assistant_auto_tng_libraries_device#com.google.android.googlequicksearchbox, assistant_auto_tng_libraries_user#com.google.android.googlequicksearchbox, com.google.android.apps.search.assistant.verticals.memory#com.google.android.googlequicksearchbox, com.google.android.apps.search.assistant.device#com.google.android.googlequicksearchbox, com.google.android.apps.search.assistant.user#com.google.android.googlequicksearchbox, com.google.android.apps.search.faceviewer#com.google.android.googlequicksearchbox, com.google.android.libraries.search.googleapp.device#com.google.android.googlequicksearchbox, com.google.android.libraries.search.googleapp.user#com.google.android.googlequicksearchbox, com.google.android.apps.search.hsi.device#com.google.android.googlequicksearchbox, com.google.android.apps.gsa.pcp.device#com.google.android.googlequicksearchbox, com.google.android.apps.gsa.pcp.user#com.google.android.googlequicksearchbox, com.google.android.apps.podcasts_android.device#com.google.android.googlequicksearchbox, com.google.android.apps.podcasts_android.user#com.google.android.googlequicksearchbox, com.google.android.apps.search.pronunciationlearning#com.google.android.googlequicksearchbox, com.google.ar.sceneviewer.android.device#com.google.android.googlequicksearchbox, com.google.ar.sceneviewer.android.user#com.google.android.googlequicksearchbox, com.google.android.apps.search.soundsearch.device#com.google.android.googlequicksearchbox, com.google.android.apps.search.soundsearch.user#com.google.android.googlequicksearchbox, com.google.android.libraries.assistant.symbiote#com.google.android.googlequicksearchbox, com.google.android.libraries.search.device#com.google.android.googlequicksearchbox, com.google.android.libraries.search.user#com.google.android.googlequicksearchbox, com.google.android.apps.search.transcription.device#com.google.android.googlequicksearchbox, com.google.android.apps.search.transcription.uidevice#com.google.android.googlequicksearchbox]
05-31 14:55:08.450  1507  1507 I Notifications: [ChimeBroadcastReceiver] Intent received for action [com.google.android.gms.phenotype.UPDATE] package [com.google.android.googlequicksearchbox].
05-31 14:55:08.450  1507  1507 I Notifications: [ChimeBroadcastReceiver] Phenotype initialized.
05-31 14:55:08.451  1507  1507 I Notifications: [ChimeBroadcastReceiver] Validation failed for action [com.google.android.gms.phenotype.UPDATE].
05-31 14:55:08.469  9998 10034 I PhenotypeBackgroundRecv: Successfully stored update snapshot for com.google.android.googlequicksearchbox
05-31 14:55:08.480  1507  1770 W A       : Can't format flag AndroidGsaVelourJars__velour_birthdaydoodle_jar__name to integer.
05-31 14:55:08.480  1507  1770 W A       : Can't format flag AndroidGsaVelourJars__velour_call_jar__name to integer.
05-31 14:55:08.480  1507  1770 W A       : Can't format flag AndroidGsaVelourJars__velour_canvas_jar__name to integer.
05-31 14:55:08.480  1507  1770 W A       : Can't format flag AndroidGsaVelourJars__velour_chkpkg_jar__name to integer.
05-31 14:55:08.480  1507  1770 W A       : Can't format flag AndroidGsaVelourJars__velour_crashtest_jar__name to integer.
05-31 14:55:08.480  1507  1770 W A       : Can't format flag AndroidGsaVelourJars__velour_dining_jar__name to integer.
05-31 14:55:08.480  1507  1770 W A       : Can't format flag AndroidGsaVelourJars__velour_doodle_notifications_jar__name to integer.
05-31 14:55:08.480  1507  1770 W A       : Can't format flag AndroidGsaVelourJars__velour_imageviewer_jar__name to integer.
05-31 14:55:08.480  1507  1770 W A       : Can't format flag AndroidGsaVelourJars__velour_ipa_jar__name to integer.
05-31 14:55:08.481  1507  1770 W A       : Can't format flag AndroidGsaVelourJars__velour_jslocation_jar__name to integer.
05-31 14:55:08.481  1507  1770 W A       : Can't format flag AndroidGsaVelourJars__velour_localintent_jar__name to integer.
05-31 14:55:08.481  1507  1770 W A       : Can't format flag AndroidGsaVelourJars__velour_messaging_jar__name to integer.
05-31 14:55:08.481  1507  1770 W A       : Can't format flag AndroidGsaVelourJars__velour_nativesrp_activity_jar__name to integer.
05-31 14:55:08.481  1507  1770 W A       : Can't format flag AndroidGsaVelourJars__velour_nativesrp_presenter_jar__name to integer.
05-31 14:55:08.481  1507  1770 W A       : Can't format flag AndroidGsaVelourJars__velour_nowcontent_jar__name to integer.
05-31 14:55:08.482  1507  1770 W A       : Can't format flag AndroidGsaVelourJars__velour_recents_activity_jar__name to integer.
05-31 14:55:08.482  1507  1770 W A       : Can't format flag AndroidGsaVelourJars__velour_save_jar__name to integer.
05-31 14:55:08.482  1507  1770 W A       : Can't format flag AndroidGsaVelourJars__velour_searchresults_activity_jar__name to integer.
05-31 14:55:08.482  1507  1770 W A       : Can't format flag AndroidGsaVelourJars__velour_test_jar__name to integer.
05-31 14:55:08.482  1507  1770 W A       : Can't format flag AndroidGsaVelourJars__velour_weather_jar__name to integer.
05-31 14:55:08.482  1507  1770 W A       : Can't format flag bindle_flags__bloblobber_blob to integer.
05-31 14:55:08.482  1507  1770 W A       : Can't format flag bindle_flags__velour_jar to integer.
05-31 14:55:08.484  1166  2245 I NearbySharing: A new client has bound to the NearbySharingService ClientBridge for calling package com.google.android.gms and PID 1717
05-31 14:55:08.506  1507  1783 I A       : Refusing EXCLUSIVE task 24, it is already pending. Try again in 358 seconds.
05-31 14:55:08.507  1507  1783 I ModelDownloadListener: Schdedule model download
05-31 14:55:08.507  1507  1797 I FedAssExpListener: Fed-ass not supported for signed out users.
05-31 14:55:08.507  1507  1797 I FedAssExpListener: Successfully processed experiments changed.
05-31 14:55:08.523  1507  1507 I BgTaskExecutorImpl: Starting EXCLUSIVE background task UPDATE_HOTWORD_MODELS.
05-31 14:55:08.527  1507 10026 I ModelDownloadController: requestHotwordModelUpdate modelType-2 modelLocale-en-US
05-31 14:55:08.527  1507 10026 I ModelDownloadController: #maybeDownloadHotwordModelWithMDD with locale: en-US, modelType: 2.
