05-31 14:55:24.402 10037 10074 W BugleRcsEngine: [68] alsz.e: Service with meta data key: JibeServiceApiVersions is not compatible. Service Version 1 is not supported. Supported versions: []
05-31 14:55:24.402 10037 10074 W BugleRcsEngine: [68] akrz.a: [SR]: Single Registration is disabled. Skipping Single Registration capability check for subId: 1
05-31 14:55:24.403 10037 10074 I BugleRcsProvisioning: RcsAvailabilityUpdaterLocal: [SR]: SingleRegistration capability, singleRegistrationCapability: false, simId: redacted-pii:sim_id[20-chars], subId: 1
05-31 14:55:24.403 10037 10074 I BugleRcsEngine: [68] albk.n: No RCS Configuration was found in Bugle for simID: redacted-pii:sim_id[20-chars]
05-31 14:55:24.403 10037 10074 I BugleRcsProvisioning: RcsAvailabilityUpdaterLocal: [SR]: SingleRegistration configuration, singleRegistrationRcsConfigAvailableAndEnabled: false, simId: redacted-pii:sim_id[20-chars]
05-31 14:55:24.404 10037 10074 I BugleRcsEngine: [68] albk.n: No RCS Configuration was found in Bugle for simID: redacted-pii:sim_id[20-chars]
05-31 14:55:24.406 10037 11041 W System  : ClassLoader referenced unknown path: 
05-31 14:55:24.417 10037 10066 W BugleAction: Null config in BugleSharedPrefs
05-31 14:55:24.417 10037 10066 W BugleAction: Failed to get msisdn from Bugle
05-31 14:55:24.417 10037 10066 W BugleAction: Failed to get msisdn from RcsProfileService
05-31 14:55:24.417 10037 10066 W BugleAction: awmw: Jibe SDK Service not available. Is the Jibe SDK service running? Did you call connect() and wait for the notification before calling an API function?
05-31 14:55:24.417 10037 10066 W BugleAction: 	at awmp.b(PG:2)
05-31 14:55:24.417 10037 10066 W BugleAction: 	at com.google.android.rcs.client.profile.RcsProfileService.g(PG:1)
05-31 14:55:24.417 10037 10066 W BugleAction: 	at com.google.android.rcs.client.profile.RcsProfileService.getMsisdn(PG:1)
05-31 14:55:24.417 10037 10066 W BugleAction: 	at utg.F(PG:12)
05-31 14:55:24.417 10037 10066 W BugleAction: 	at tmz.b(PG:1)
05-31 14:55:24.417 10037 10066 W BugleAction: 	at pzo.d(PG:4)
05-31 14:55:24.417 10037 10066 W BugleAction: 	at pzk.run(PG:5)
05-31 14:55:24.417 10037 10066 W BugleAction: 	at aypj.run(PG:2)
05-31 14:55:24.417 10037 10066 W BugleAction: 	at java.util.concurrent.Executors$RunnableAdapter.call(Executors.java:462)
05-31 14:55:24.417 10037 10066 W BugleAction: 	at bcic.c(PG:1)
05-31 14:55:24.417 10037 10066 W BugleAction: 	at bchf.run(PG:4)
05-31 14:55:24.417 10037 10066 W BugleAction: 	at bcid.run(PG:1)
05-31 14:55:24.417 10037 10066 W BugleAction: 	at aosz.run(PG:1)
05-31 14:55:24.417 10037 10066 W BugleAction: 	at java.util.concurrent.ThreadPoolExecutor.runWorker(ThreadPoolExecutor.java:1167)
05-31 14:55:24.417 10037 10066 W BugleAction: 	at java.util.concurrent.ThreadPoolExecutor$Worker.run(ThreadPoolExecutor.java:641)
05-31 14:55:24.417 10037 10066 W BugleAction: 	at aosl.run(PG:2)
05-31 14:55:24.417 10037 10066 W BugleAction: 	at aorz.run(PG:2)
05-31 14:55:24.417 10037 10066 W BugleAction: 	at java.lang.Thread.run(Thread.java:920)
05-31 14:55:24.417 10037 10066 W Bugle   : SubscriptionMetadataUtils get: invalid subId = -2
05-31 14:55:24.417 10037 10066 W Bugle   : SubscriptionMetadataUtils get: invalid subId = -2
05-31 14:55:24.419 10037 10066 W Bugle   : SubscriptionMetadataUtils get: invalid subId = -2
05-31 14:55:24.419 10037 10066 W Bugle   : SubscriptionUtilsAsOfLMR1: getSelfRawNumber: subInfo is null for subscription{id:-1}
05-31 14:55:24.419 10037 10066 W BugleAction: No default number, returning empty msisdn
05-31 14:55:24.423 10037 10066 W BugleAction: No default number, returning empty msisdn
05-31 14:55:24.424 10037 10066 W Bugle   : SubscriptionMetadataUtils get: invalid subId = -2
05-31 14:55:24.424 10037 10066 W BugleNetwork: RcsMsisdnAccessor: Failed to access Rcs msisdn. subId: -2
05-31 14:55:24.424 10037 10066 W BugleEtouffee: E2eeStartupTask: Skip prekey checking because MSISDN is empty.
05-31 14:55:24.433  2831  2831 I Finsky  : [2] aipn.onStartJob(126): SCH: job service start with id 9444.
05-31 14:55:24.435 10037 11041 W .apps.messagin: ClassLoaderContext classpath size mismatch. expected=14, found=5 (DLC[];PCL[base.apk*3123361869:base.apk!classes2.dex*4121727785:base.apk!classes3.dex*577902322:base.apk!classes4.dex*1511137955:base.apk!classes5.dex*3994326502:base.apk!classes6.dex*3899113914:base.apk!classes7.dex*1848497157:base.apk!classes8.dex*1194602846:base.apk!classes9.dex*3560893588:base.apk!classes10.dex*515437853:base.apk!classes11.dex*2917733953:base.apk!classes12.dex*685421462:base.apk!classes13.dex*4084823322:base.apk!classes14.dex*1339497593]{PCL[/system/framework/org.apache.http.legacy.jar*2058259660]#PCL[/system/framework/com.android.media.remotedisplay.jar*3472798122]#PCL[/system/framework/com.android.location.provider.jar*3633238673]#PCL[/system_ext/framework/androidx.window.sidecar.jar*3539530913]#PCL[/system/framework/org.apache.http.legacy.jar*2058259660]} | DLC[];PCL[/product/priv-app/PrebuiltBugle/PrebuiltBugle.apk*1660416700:/product/priv-app/PrebuiltBugle/PrebuiltBugle.apk!classes2.dex*3930274089:/product/priv-app/PrebuiltBugle/PrebuiltBugle.apk!classes3.dex*2866496204:/product/priv-app/PrebuiltBugle/PrebuiltBugle.apk!classes4.dex*4291126302:/product/priv-app/PrebuiltBugle/PrebuiltBugle.apk!classes5.dex*1172335467]{PCL[/system/framework/org.apache.http.legacy.jar*2058259660]})
05-31 14:55:24.446 10037 10037 I BugleRcsEngine: [2] akbw.l: Reinitialize CSLib Flags: com.google.android.ims.library
05-31 14:55:24.452 10037 10074 W BugleRcsEngine: [68] alcv.a: No config URL. RCS will be disabled!
05-31 14:55:24.452 10037 10074 I BugleRcsProvisioning: RcsAvailabilityUpdaterLocal: updateRcsAvailability, currentAvailability: 9, newAvailability: 2, hint: NO_HINT
05-31 14:55:24.455 10037 10074 I BugleRcsProvisioning: RcsProvisioningTrigger: onRcsAvailabilityUpdate : availability is updated to RCS is disabled for this carrier by Google, lastAvailability is null, simId hash = 539693443624563589, isPev3Enabled = true
05-31 14:55:24.455 10037 10074 I BugleRcsEngine: [68] jtw.a: RcsProvisioningManager: Receive onRcsAvailabilityUpdate, SIM = redacted-pii:sim_id[20-chars], availability = RcsAvailability{mAvailability=DISABLED_VIA_GSERVICES (RCS is disabled for this carrier by Google)}
05-31 14:55:24.455 10037 10065 W BugleRcsEngine: [64] alcv.a: No config URL. RCS will be disabled!
05-31 14:55:24.455 10037 10065 I BugleRcsProvisioning: RcsAvailabilityUpdaterLocal: updateRcsAvailability, currentAvailability: 9, newAvailability: 2, hint: NO_HINT
05-31 14:55:24.456 10037 10074 I BugleRcsProvisioning: RcsProvisioningTrigger: onRcsAvailabilityUpdate : isPreviousDisabled = true, isCurrentDisabled = true
05-31 14:55:24.456 10037 10074 I BugleRcsEngine: [68] albk.n: No RCS Configuration was found in Bugle for simID: redacted-pii:sim_id[20-chars]
05-31 14:55:24.456 10037 10065 I BugleRcsProvisioning: RcsProvisioningTrigger: onRcsAvailabilityUpdate : availability is updated to RCS is disabled for this carrier by Google, lastAvailability is RCS is disabled for this carrier by Google, simId hash = 539693443624563589, isPev3Enabled = true
05-31 14:55:24.462  1166  1252 I Wear_Controller: Wearable module requires a companion app to be installed.
05-31 14:55:24.463  1166  1252 I WearableService: onCreate: Wearable Services not starting. Wear is not available on this device.
05-31 14:55:24.470  1166  2245 W WearableService: onGetService: Wear is not available on this device.
05-31 14:55:24.484 10037 10066 I BugleRcsProvisioning: RcsProvisioningTrigger: Schedule provisioning on app startup
05-31 14:55:24.484 10037 10066 I BugleRcsProvisioning: RcsProvisioningTrigger: schedule provisioning
05-31 14:55:24.485 10037 10066 I BugleRcsEngine: [65] albk.n: No RCS Configuration was found in Bugle for simID: redacted-pii:sim_id[20-chars]
05-31 14:55:24.485 10037 10066 I BugleRcsEngine: [65] jsj.run: Skipping provisioning scheduling since RCS is disabled
05-31 14:55:24.485 10037 10066 I BugleNetwork: Startup: registering tachyon.
05-31 14:55:24.490 10037 10066 I BugleNetwork: Startup: registering tachyon for phone.
05-31 14:55:24.490 10037 10066 I BugleNetwork: Profile service is not connected at startup task.
05-31 14:55:24.492 10037 10074 I Bugle   : VerifiedSmsEnabledCheckerImpl: VSMS is disabled via Phenotype flag.
05-31 14:55:24.497 10037 10065 I Bugle   : VerifiedSmsStartupTask: Checking if Verified SMS tasks should be enqueued. feature supported: false, feature enabled: false, eligible / has registered key: false, C11N: false
05-31 14:55:24.497 10037 10065 I Bugle   : VerifiedSmsStartupTask: Not enqueuing VSMS periodic task, VSMS is disabled or not supported.
05-31 14:55:24.497 10037 10078 I Bugle   : VerifiedSmsStartupTask: Not calling C11N to get phone numbers.
05-31 14:55:24.498 10037 10076 I BugleMDD: MddBackgroundStartupTask: Scheduled MDD periodic tasks.
05-31 14:55:24.513  2831  9742 I Finsky  : [195] nje.a(184): SCH: Satisfied jobs for 9444 are: 12-1
05-31 14:55:24.530  2831  9794 I Finsky  : [201] aioi.accept(105): SCH: Job 12-1 starting
05-31 14:55:24.533  2831  2831 I Finsky  : [2] ContentSyncJob.i(9): [ContentSync] job started
05-31 14:55:24.533 10037 10074 I BugleRcsProvisioning: BugleSystemBindingManager: onCsLibPhenotypeUpdated
05-31 14:55:24.534  1399  2239 I BugleRcsEngine: [50] akbw.l: Reinitialize CSLib Flags: com.google.android.ims.library
05-31 14:55:24.542 10037 10074 I BugleRcsEngine: [68] zuq.c: SystemBindingManager: force P/H Flag update scheduled and start updateBinding
05-31 14:55:24.543 10037 10074 I Bugle   : RcsAvailabilityUtilForProvisioningEngineV2: onCsLibPhenotypeUpdated
05-31 14:55:24.543 10037 10074 I BugleRcsProvisioning: RcsProvisioningTrigger: onCsLibPhenotypeUpdated, enableProvisioningTaskInBugle = true
05-31 14:55:24.543 10037 10074 I BugleRcsProvisioning: RcsProvisioningTrigger: updateRcsAvailability : hint = CSLIB_PHENOTYPE_UPDATE
05-31 14:55:24.543 10037 10074 I Bugle   : RcsAvailabilityUtilForProvisioningEngineV2: updateAvailabilityAsync, hint: CSLIB_PHENOTYPE_UPDATE
05-31 14:55:24.543 10037 10074 I Bugle   : RcsAvailabilityUtilForProvisioningEngineV2: swapAvailabilityUpdater, provisioningTaskInBugle: true, activeRcsAvailabilityUpdater: uts
05-31 14:55:24.545 10037 10076 W BugleRcsEngine: [70] ajnl.z: Unable to send diagnostic log
05-31 14:55:24.545 10037 10066 I BugleRcsEngine: [65] alsz.d: Checking if using CarrierServices.apk is possible. Enabled: true, isAtLeastM: true, runningInsideBugle: true
05-31 14:55:24.545 10037 10074 I BugleRcsEngine: [68] ajkh.run: SystemBindingManager: SystemBinding enabled: true
05-31 14:55:24.545 10037 10074 I BugleRcsEngine: [68] ajki.b: System Binding updated
05-31 14:55:24.546 10037 10076 W BugleRcsEngine: [70] ajnl.z: Unable to send diagnostic log
05-31 14:55:24.547 10037 10066 W BugleRcsEngine: [65] alsz.g: Carrier Services Apk was not found.
05-31 14:55:24.547 10037 10066 I BugleRcsEngine: [65] alsz.e: Cannot get service version because CS.apk was not found, not pre-loaded or disabled.
05-31 14:55:24.547 10037 10066 W BugleRcsEngine: [65] alsz.e: Service with meta data key: JibeServiceApiVersions is not compatible. Service Version 1 is not supported. Supported versions: []
05-31 14:55:24.547 10037 10066 W BugleRcsEngine: [65] akrz.a: [SR]: Single Registration is disabled. Skipping Single Registration capability check for subId: 1
05-31 14:55:24.547 10037 10066 I BugleRcsProvisioning: RcsAvailabilityUpdaterLocal: [SR]: SingleRegistration capability, singleRegistrationCapability: false, simId: redacted-pii:sim_id[20-chars], subId: 1
05-31 14:55:24.547 10037 10066 I BugleRcsEngine: [65] albk.n: No RCS Configuration was found in Bugle for simID: redacted-pii:sim_id[20-chars]
05-31 14:55:24.547 10037 10066 I BugleRcsProvisioning: RcsAvailabilityUpdaterLocal: [SR]: SingleRegistration configuration, singleRegistrationRcsConfigAvailableAndEnabled: false, simId: redacted-pii:sim_id[20-chars]
05-31 14:55:24.548 10037 10066 I BugleRcsEngine: [65] albk.n: No RCS Configuration was found in Bugle for simID: redacted-pii:sim_id[20-chars]
05-31 14:55:24.548 10037 10066 W BugleRcsEngine: [65] alcv.a: No config URL. RCS will be disabled!
05-31 14:55:24.548 10037 10066 I BugleRcsProvisioning: RcsAvailabilityUpdaterLocal: updateRcsAvailability, currentAvailability: 2, newAvailability: 2, hint: CSLIB_PHENOTYPE_UPDATE
05-31 14:55:24.548  1399  2239 W BugleRcsEngine: [50] ajnl.z: Unable to send diagnostic log
05-31 14:55:24.548 10037 10066 I BugleRcsProvisioning: RcsProvisioningTrigger: onRcsAvailabilityUpdate : availability is updated to RCS is disabled for this carrier by Google, lastAvailability is RCS is disabled for this carrier by Google, simId hash = 539693443624563589, isPev3Enabled = true
05-31 14:55:24.557  1399  2239 I BugleRcsEngine: [50] akua.u: ProvisioningEngineManager: onCsLibPhenotypeUpdated, provisioningTaskInBugleEnabled = true, currentProvisioningStrategy = akyf
05-31 14:55:24.565 10037 10066 I BugleRcsProvisioning: BugleSystemBindingManager: onBuglePhenotypeFlagChanged
05-31 14:55:24.566 10037 10066 I BugleRcsProvisioning: BugleSystemBindingManager: onCsLibPhenotypeUpdated
05-31 14:55:24.566 10037 10066 I BugleRcsEngine: [65] zuq.c: SystemBindingManager: force P/H Flag update scheduled and start updateBinding
05-31 14:55:24.567 10037 10077 W BugleRcsEngine: [71] ajnl.z: Unable to send diagnostic log
05-31 14:55:24.568 10037 10065 I BugleRcsEngine: [64] ajkh.run: SystemBindingManager: SystemBinding enabled: true
05-31 14:55:24.568 10037 10067 I BugleRcsEngine: [66] ajki.b: System Binding updated
05-31 14:55:24.568 10037 10079 I BugleTransport: isChatAvailable: RcsAvailability is DISABLED_VIA_GSERVICES (RCS is disabled for this carrier by Google)
05-31 14:55:24.569 10037 10065 I BugleRcsEngine: [64] albk.o: No RCS Configuration was found in Bugle for simID: 89860318640220133897
05-31 14:55:24.569 10037 10077 W BugleRcsEngine: [71] ajnl.z: Unable to send diagnostic log
05-31 14:55:24.570 10037 10080 W BugleAction: Null config in BugleSharedPrefs
05-31 14:55:24.571 10037 10080 W BugleAction: Failed to get msisdn from Bugle
05-31 14:55:24.573 10037 10080 W BugleAction: Failed to get msisdn from RcsProfileService
05-31 14:55:24.573 10037 10080 W BugleAction: awmw: Jibe SDK Service not available. Is the Jibe SDK service running? Did you call connect() and wait for the notification before calling an API function?
05-31 14:55:24.573 10037 10080 W BugleAction: 	at awmp.b(PG:2)
05-31 14:55:24.573 10037 10080 W BugleAction: 	at com.google.android.rcs.client.profile.RcsProfileService.g(PG:1)
05-31 14:55:24.573 10037 10080 W BugleAction: 	at com.google.android.rcs.client.profile.RcsProfileService.getMsisdn(PG:1)
05-31 14:55:24.573 10037 10080 W BugleAction: 	at utg.F(PG:12)
05-31 14:55:24.573 10037 10080 W BugleAction: 	at tmz.b(PG:1)
05-31 14:55:24.573 10037 10080 W BugleAction: 	at tmx.call(PG:1)
05-31 14:55:24.573 10037 10080 W BugleAction: 	at ayqv.a(PG:1)
05-31 14:55:24.573 10037 10080 W BugleAction: 	at aypm.a(PG:2)
05-31 14:55:24.573 10037 10080 W BugleAction: 	at bcib.c(PG:1)
05-31 14:55:24.573 10037 10080 W BugleAction: 	at bchf.run(PG:4)
05-31 14:55:24.573 10037 10080 W BugleAction: 	at bcid.run(PG:1)
05-31 14:55:24.573 10037 10080 W BugleAction: 	at aosz.run(PG:1)
05-31 14:55:24.573 10037 10080 W BugleAction: 	at java.util.concurrent.ThreadPoolExecutor.runWorker(ThreadPoolExecutor.java:1167)
05-31 14:55:24.573 10037 10080 W BugleAction: 	at java.util.concurrent.ThreadPoolExecutor$Worker.run(ThreadPoolExecutor.java:641)
05-31 14:55:24.573 10037 10080 W BugleAction: 	at aosl.run(PG:2)
05-31 14:55:24.573 10037 10080 W BugleAction: 	at aory.run(PG:3)
05-31 14:55:24.573 10037 10080 W BugleAction: 	at java.lang.Thread.run(Thread.java:920)
05-31 14:55:24.574 10037 10080 W Bugle   : SubscriptionMetadataUtils get: invalid subId = -2
05-31 14:55:24.574 10037 10080 W Bugle   : SubscriptionMetadataUtils get: invalid subId = -2
05-31 14:55:24.575 10037 10080 W Bugle   : SubscriptionMetadataUtils get: invalid subId = -2
05-31 14:55:24.575 10037 10080 W Bugle   : SubscriptionUtilsAsOfLMR1: getSelfRawNumber: subInfo is null for subscription{id:-1}
05-31 14:55:24.575 10037 10080 W BugleAction: No default number, returning empty msisdn
05-31 14:55:24.580 10037 10080 W BugleAction: No default number, returning empty msisdn
05-31 14:55:24.580 10037 10080 W Bugle   : SubscriptionMetadataUtils get: invalid subId = -2
05-31 14:55:24.581 10037 10080 W BugleNetwork: RcsMsisdnAccessor: Failed to access Rcs msisdn. subId: -2
05-31 14:55:24.583 10037 10065 I BugleTransport: Cannot refresh chat transport. No msisdn available
05-31 14:55:24.586 10037 10066 W BugleRcsEngine: [65] alsz.g: Carrier Services Apk was not found.
05-31 14:55:24.586 10037 10066 I BugleRcsEngine: [65] alsz.e: Cannot get service version because CS.apk was not found, not pre-loaded or disabled.
05-31 14:55:24.586 10037 10066 W BugleRcsEngine: [65] alsz.e: Service with meta data key: JibeServiceApiVersions is not compatible. Service Version 1 is not supported. Supported versions: []
05-31 14:55:24.586 10037 10066 I BugleRcsEngine: [65] alsz.c: Not using CS JibeService because it is not compatible with AM.
05-31 14:55:24.593  1399  2239 I BugleRcsEngine: [50] ProvisioningEventReceiver.d: Received Provisioning Event: [Bugle information (100)]
05-31 14:55:24.593  1399  2239 I BugleRcsEngine: [50] ProvisioningEventReceiver.d: JibeService is running, passing event to provisioning engine.
05-31 14:55:24.656 10037 11059 E .apps.messagin: No package ID 6d found for ID 0x6d0b000f.
05-31 14:55:24.657 10037 11059 I FA      : App measurement initialized, version: 126000
05-31 14:55:24.657 10037 11059 I FA      : To enable debug logging run: adb shell setprop log.tag.FA VERBOSE
05-31 14:55:24.657 10037 11059 I FA      : To enable faster debug mode event logging run:
05-31 14:55:24.657 10037 11059 I FA      :   adb shell setprop debug.firebase.analytics.app com.google.android.apps.messaging
05-31 14:55:24.686  2831 11056 I Finsky  : [203] nrn.a(199): App states replicator found 7 unowned apps
05-31 14:55:24.692  2831 11056 I Finsky  : [203] nrs.b(18): Completed 0 account content syncs with 0 successful.
05-31 14:55:24.700  1717 10367 I AdvertisingIdClient: shouldSendLog 62943
05-31 14:55:24.700  1717 10367 I AdvertisingIdClient: GetInfoInternal elapse 2ms
05-31 14:55:24.706  2831  2831 I Finsky  : [2] ContentSyncJob.a(12): [ContentSync] Installation state replication succeeded.
05-31 14:55:24.707  2831  2831 I Finsky  : [2] ainv.q(56): SCH: jobFinished: 12-1. TimeElapsed: 176ms.
05-31 14:55:24.746  2831  2893 I Finsky  : [73] sju.accept(58): SCH: Scheduling phonesky job Id: 1-1337, CT: 1748693153278, Constraints: [{ L: 32995712, D: 76195712, C: CHARGING_NONE, I: IDLE_NONE, N: NET_ANY, B: BATTERY_ANY }]
05-31 14:55:24.751  2831  2894 I Finsky  : [74] njf.apply(251): SCH: Scheduling 1 system job(s)
05-31 14:55:24.751  2831  2894 I Finsky  : [74] ains.b(244): SCH: Scheduling system job Id: 9452, L: 22824239, D: 66024239, C: false, I: false, N: 1
05-31 14:55:24.755  2831  9794 I Finsky  : [201] aipn.a(24): SCH: job service finished with id 9444.
05-31 14:55:25.103  7079 11078 I ProvidersCache: Provider returned no roots. Possibly naughty: com.google.android.apps.docs.storage
05-31 14:55:25.146  1360  6405 W MediaProvider: isAppCloneUserPair for user 0: false
05-31 14:55:25.169   181   181 I hwservicemanager: getTransport: Cannot find entry android.hardware.graphics.mapper@4.0::IMapper/default in either framework or device VINTF manifest.
05-31 14:55:25.170 11081 11083 I Gralloc4: mapper 4.x is not supported
05-31 14:55:25.304  1360  1926 I MediaProvider: Begin Intent { act=android.intent.action.MEDIA_SCANNER_SCAN_FILE dat=file:///sdcard/screen_2025-05-31_225525.png flg=0x1400010 cmp=com.google.android.providers.media.module/com.android.providers.media.MediaService }
05-31 14:55:25.320  1360  1926 I MediaProvider: End Intent { act=android.intent.action.MEDIA_SCANNER_SCAN_FILE dat=file:///sdcard/screen_2025-05-31_225525.png flg=0x1400010 cmp=com.google.android.providers.media.module/com.android.providers.media.MediaService }
05-31 14:55:25.376  1360  1692 I MediaProvider: Deleted 0 1 0 0 0 0 0 items on external_primary due to com.android.shell
05-31 14:55:25.378  1166  2130 I UriTaskContentObserver: (REDACTED) Throttling content uri change event for %s
05-31 14:55:25.817  1360  6409 W MediaProvider: isAppCloneUserPair for user 0: false
05-31 14:55:25.855   181   181 I hwservicemanager: getTransport: Cannot find entry android.hardware.graphics.mapper@4.0::IMapper/default in either framework or device VINTF manifest.
05-31 14:55:25.855 11120 11122 I Gralloc4: mapper 4.x is not supported
05-31 14:55:25.994  1360  1926 I MediaProvider: Begin Intent { act=android.intent.action.MEDIA_SCANNER_SCAN_FILE dat=file:///sdcard/screen_2025-05-31_225525.png flg=0x1400010 cmp=com.google.android.providers.media.module/com.android.providers.media.MediaService }
05-31 14:55:26.007  1360  1926 I MediaProvider: End Intent { act=android.intent.action.MEDIA_SCANNER_SCAN_FILE dat=file:///sdcard/screen_2025-05-31_225525.png flg=0x1400010 cmp=com.google.android.providers.media.module/com.android.providers.media.MediaService }
05-31 14:55:26.095  1360  6405 I MediaProvider: Deleted 0 1 0 0 0 0 0 items on external_primary due to com.android.shell
05-31 14:55:26.096  1166  2130 I UriTaskContentObserver: (REDACTED) Throttling content uri change event for %s
05-31 14:55:26.505  1360  6401 W MediaProvider: isAppCloneUserPair for user 0: false
05-31 14:55:26.527   181   181 I hwservicemanager: getTransport: Cannot find entry android.hardware.graphics.mapper@4.0::IMapper/default in either framework or device VINTF manifest.
05-31 14:55:26.527 11157 11159 I Gralloc4: mapper 4.x is not supported
05-31 14:55:26.682  1360  1926 I MediaProvider: Begin Intent { act=android.intent.action.MEDIA_SCANNER_SCAN_FILE dat=file:///sdcard/screen_2025-05-31_225526.png flg=0x1400010 cmp=com.google.android.providers.media.module/com.android.providers.media.MediaService }
05-31 14:55:26.687  1360  1926 I MediaProvider: End Intent { act=android.intent.action.MEDIA_SCANNER_SCAN_FILE dat=file:///sdcard/screen_2025-05-31_225526.png flg=0x1400010 cmp=com.google.android.providers.media.module/com.android.providers.media.MediaService }
05-31 14:55:26.758  1360  1472 I MediaProvider: Deleted 0 1 0 0 0 0 0 items on external_primary due to com.android.shell
05-31 14:55:26.758  1166  2130 I UriTaskContentObserver: (REDACTED) Throttling content uri change event for %s
05-31 14:55:26.999  1166  8292 I NetworkScheduler.Stats: (REDACTED) Task %s/%s started execution. cause:%s exec_start_elapsed_seconds: %s
05-31 14:55:27.013  1166 10502 I NetworkScheduler.Stats: (REDACTED) Task %s/%s finished executing. cause:%s result: %s elapsed_millis: %s uptime_millis: %s exec_start_elapsed_seconds: %s
05-31 14:55:27.138  1166  1177 I .gms.persisten: Background concurrent copying GC freed 416756(18MB) AllocSpace objects, 7(176KB) LOS objects, 50% free, 17MB/35MB, paused 326us,53us total 163.596ms
05-31 14:55:27.208  7079 11214 I ProvidersCache: Provider returned no roots. Possibly naughty: com.google.android.apps.docs.storage
05-31 14:55:27.810  4246  4246 I Dialer  : VvmTaskExecutor - Stopping service
05-31 14:55:27.810  4246  4246 I Dialer  : VvmTaskExecutor - finishing Job
05-31 14:55:27.810  4246  4246 I Dialer  : TaskSchedulerJobService - finishing job
05-31 14:55:27.823  4246  4246 I Dialer  : JobFinishedPoller.run - Job finished
05-31 14:55:27.823  4246  4246 I Dialer  : VvmTaskExecutor - terminated
05-31 14:55:28.189  7079 11251 I ProvidersCache: Provider returned no roots. Possibly naughty: com.google.android.apps.docs.storage
05-31 14:55:29.005  7079 11273 I ProvidersCache: Provider returned no roots. Possibly naughty: com.google.android.apps.docs.storage
05-31 14:55:29.024  1360  6502 W MediaProvider: isAppCloneUserPair for user 0: false
05-31 14:55:29.050   181   181 I hwservicemanager: getTransport: Cannot find entry android.hardware.graphics.mapper@4.0::IMapper/default in either framework or device VINTF manifest.
05-31 14:55:29.051 11268 11276 I Gralloc4: mapper 4.x is not supported
05-31 14:55:29.228  1360  1926 I MediaProvider: Begin Intent { act=android.intent.action.MEDIA_SCANNER_SCAN_FILE dat=file:///sdcard/screen_2025-05-31_225529.png flg=0x1400010 cmp=com.google.android.providers.media.module/com.android.providers.media.MediaService }
05-31 14:55:29.238  1360  1926 I MediaProvider: End Intent { act=android.intent.action.MEDIA_SCANNER_SCAN_FILE dat=file:///sdcard/screen_2025-05-31_225529.png flg=0x1400010 cmp=com.google.android.providers.media.module/com.android.providers.media.MediaService }
05-31 14:55:29.318  1360  6401 I MediaProvider: Deleted 0 1 0 0 0 0 0 items on external_primary due to com.android.shell
05-31 14:55:29.319  1166  2130 I UriTaskContentObserver: (REDACTED) Throttling content uri change event for %s
05-31 14:55:29.471   590   938 I ActivityManager: Killing 7102:com.android.externalstorage/u0a72 (adj 965): empty #17
05-31 14:55:29.479   318   318 I Zygote  : Process 7102 exited due to signal 9 (Killed)
05-31 14:55:29.486   590   930 I ActivityManager: Killing 7008:com.android.keychain/1000 (adj 985): empty #17
05-31 14:55:29.490   318   318 I Zygote  : Process 7008 exited due to signal 9 (Killed)
05-31 14:55:29.506   590   640 I libprocessgroup: Successfully killed process cgroup uid 10072 pid 7102 in 34ms
05-31 14:55:29.506   590   640 I libprocessgroup: Successfully killed process cgroup uid 1000 pid 7008 in 0ms
05-31 14:55:29.831  1360  1469 W MediaProvider: isAppCloneUserPair for user 0: false
05-31 14:55:29.853   181   181 I hwservicemanager: getTransport: Cannot find entry android.hardware.graphics.mapper@4.0::IMapper/default in either framework or device VINTF manifest.
05-31 14:55:29.853 11311 11313 I Gralloc4: mapper 4.x is not supported
05-31 14:55:30.006  1360  1926 I MediaProvider: Begin Intent { act=android.intent.action.MEDIA_SCANNER_SCAN_FILE dat=file:///sdcard/screen_2025-05-31_225529.png flg=0x1400010 cmp=com.google.android.providers.media.module/com.android.providers.media.MediaService }
05-31 14:55:30.011  1360  1926 I MediaProvider: End Intent { act=android.intent.action.MEDIA_SCANNER_SCAN_FILE dat=file:///sdcard/screen_2025-05-31_225529.png flg=0x1400010 cmp=com.google.android.providers.media.module/com.android.providers.media.MediaService }
05-31 14:55:30.073  1360  6502 I MediaProvider: Deleted 0 1 0 0 0 0 0 items on external_primary due to com.android.shell
05-31 14:55:30.073  1166  2130 I UriTaskContentObserver: (REDACTED) Throttling content uri change event for %s
05-31 14:55:30.172 10037 10080 I BugleDataModel: FixupMessageStatusOnStartupAction: sendFailedCnt: 0, downloadFailedCnt: 0, partsProcessingFailedCnt: 0
05-31 14:55:30.186 10037 10080 W BugleRcsEngine: [74] alsz.g: Carrier Services Apk was not found.
05-31 14:55:30.186 10037 10080 I BugleRcsEngine: [74] alsz.e: Cannot get service version because CS.apk was not found, not pre-loaded or disabled.
05-31 14:55:30.187 10037 10080 W BugleRcsEngine: [74] alsz.e: Service with meta data key: JibeServiceApiVersions is not compatible. Service Version 1 is not supported. Supported versions: []
05-31 14:55:30.187 10037 10080 I BugleRcsEngine: [74] alsz.c: Not using CS JibeService because it is not compatible with AM.
05-31 14:55:30.187 10037 10080 I BugleDataModel: PendingMessagesProcessor: process from FixupMessageStatusOnStartupAction due to connectivity changed with delay 0 with queues:
05-31 14:55:30.187 10037 10080 I BugleDataModel: ProcessPendingMessagesTimers: cleared next retry time for channel sms_send 
05-31 14:55:30.187 10037 10080 I BugleDataModel: ProcessPendingMessagesTimers: cleared next retry time for channel mms_send 
05-31 14:55:30.187 10037 10080 I BugleDataModel: ProcessPendingMessagesTimers: cleared next retry time for channel mms_download 
05-31 14:55:30.187 10037 10080 I BugleDataModel: ProcessPendingMessagesTimers: cleared next retry time for channel rcs_send 
05-31 14:55:30.187 10037 10080 I BugleDataModel: ProcessPendingMessagesTimers: cleared next retry time for channel rcs_ft_upload 
05-31 14:55:30.187 10037 10080 I BugleDataModel: ProcessPendingMessagesTimers: cleared next retry time for channel rcs_ft_download 
05-31 14:55:30.187 10037 10080 I BugleDataModel: ProcessPendingMessagesTimers: cleared next retry time for channel cloud_sync_send 
05-31 14:55:30.187 10037 10080 I BugleDataModel: ProcessPendingMessagesTimers: cleared next retry time for channel cloud_sync_attachment_download 
05-31 14:55:30.193 10037 10080 W BugleRcsEngine: [74] alsz.g: Carrier Services Apk was not found.
05-31 14:55:30.193 10037 10080 I BugleRcsEngine: [74] alsz.e: Cannot get service version because CS.apk was not found, not pre-loaded or disabled.
05-31 14:55:30.193 10037 10080 W BugleRcsEngine: [74] alsz.e: Service with meta data key: JibeServiceApiVersions is not compatible. Service Version 1 is not supported. Supported versions: []
05-31 14:55:30.193 10037 10080 I BugleRcsEngine: [74] alsz.c: Not using CS JibeService because it is not compatible with AM.
05-31 14:55:30.193 10037 10080 I BugleDataModel: PendingMessagesProcessor: process from ProcessPendingMessagesAction due to scheduled processing with delay 0 with queues:
05-31 14:55:30.254 10037 10076 I BugleJobs: GenericWorkerQueueAction: Bailing early, no work found, no failed work found
05-31 14:55:30.515  1360  6409 W MediaProvider: isAppCloneUserPair for user 0: false
05-31 14:55:30.543   181   181 I hwservicemanager: getTransport: Cannot find entry android.hardware.graphics.mapper@4.0::IMapper/default in either framework or device VINTF manifest.
05-31 14:55:30.543 11350 11352 I Gralloc4: mapper 4.x is not supported
05-31 14:55:30.679  1360  1926 I MediaProvider: Begin Intent { act=android.intent.action.MEDIA_SCANNER_SCAN_FILE dat=file:///sdcard/screen_2025-05-31_225530.png flg=0x1400010 cmp=com.google.android.providers.media.module/com.android.providers.media.MediaService }
05-31 14:55:30.688  1360  1926 I MediaProvider: End Intent { act=android.intent.action.MEDIA_SCANNER_SCAN_FILE dat=file:///sdcard/screen_2025-05-31_225530.png flg=0x1400010 cmp=com.google.android.providers.media.module/com.android.providers.media.MediaService }
05-31 14:55:30.759  1360  1469 I MediaProvider: Deleted 0 1 0 0 0 0 0 items on external_primary due to com.android.shell
05-31 14:55:30.760  1166  2130 I UriTaskContentObserver: (REDACTED) Throttling content uri change event for %s
05-31 14:55:30.885  7079 11371 I ProvidersCache: Provider returned no roots. Possibly naughty: com.google.android.apps.docs.storage
05-31 14:55:31.620  7079 11433 I ProvidersCache: Provider returned no roots. Possibly naughty: com.google.android.apps.docs.storage
05-31 14:55:31.848   590   930 I ActivityTaskManager: START u0 {act=android.settings.INPUT_METHOD_SETTINGS cmp=com.android.settings/.Settings$AvailableVirtualKeyboardActivity} from uid 10152
05-31 14:55:31.868   590   639 I ActivityManager: Start proc 11442:com.android.settings/1000 for pre-top-activity {com.android.settings/com.android.settings.Settings$AvailableVirtualKeyboardActivity}
05-31 14:55:31.868 11442 11442 W ndroid.setting: Unexpected CPU variant for X86 using defaults: x86_64
05-31 14:55:31.871 11442 11442 E ndroid.setting: Not starting debugger since process cannot load the jdwp agent.
05-31 14:55:31.876   354   354 I BpBinder: onLastStrongRef automatically unlinking death recipients: <uncached descriptor>
05-31 14:55:31.950  1717 10367 I AdvertisingIdClient: shouldSendLog 62943
05-31 14:55:31.950  1717 10367 I AdvertisingIdClient: GetInfoInternal elapse 3ms
05-31 14:55:32.457   590   639 I ActivityManager: Start proc 11475:com.google.android.settings.intelligence/u0a99 for content provider {com.google.android.settings.intelligence/com.google.android.settings.intelligence.modules.gmscoreproxy.impl.GServicesProxyContentProvider}
05-31 14:55:32.468 11475 11475 W gs.intelligenc: Unexpected CPU variant for X86 using defaults: x86_64
05-31 14:55:32.472 11475 11475 E gs.intelligenc: Not starting debugger since process cannot load the jdwp agent.
05-31 14:55:32.504  7079 11493 I ProvidersCache: Provider returned no roots. Possibly naughty: com.google.android.apps.docs.storage
05-31 14:55:32.552 11442 11442 W GServicesProxy: Timeout to query service flag provider for method getBooleanForKey
05-31 14:55:32.560 11442 11442 W UnsafeUtil: platform method missing - proto runtime falling back to safer methods: java.lang.NoSuchMethodException: sun.misc.Unsafe.copyMemory [class java.lang.Object, long, class java.lang.Object, long, long]
05-31 14:55:32.634 11475 11475 W gs.intelligenc: Accessing hidden field Ljava/util/Collections$SynchronizedCollection;->mutex:Ljava/lang/Object; (max-target-o, reflection, denied)
05-31 14:55:32.634 11475 11475 W gs.intelligenc: Accessing hidden method Ljava/util/Collections$SynchronizedSet;-><init>(Ljava/util/Set;Ljava/lang/Object;)V (max-target-o, reflection, denied)
05-31 14:55:32.634 11475 11475 W gs.intelligenc: Accessing hidden method Ljava/util/Collections$SynchronizedCollection;-><init>(Ljava/util/Collection;Ljava/lang/Object;)V (max-target-o, reflection, denied)
05-31 14:55:32.853 11442 11472 W CategoryManager: Category is null, no tiles
05-31 14:55:32.962   181   181 I hwservicemanager: getTransport: Cannot find entry android.hardware.configstore@1.0::ISurfaceFlingerConfigs/default in either framework or device VINTF manifest.
05-31 14:55:32.963 11442 11467 W OpenGLRenderer: Failed to choose config with EGL_SWAP_BEHAVIOR_PRESERVED, retrying without...
05-31 14:55:32.964 11442 11467 W OpenGLRenderer: Failed to initialize 101010-2 format, error = EGL_SUCCESS
05-31 14:55:32.976   590   607 W System  : A resource failed to call release. 
05-31 14:55:33.014   354   530 E HWComposer: getSupportedContentTypes: getSupportedContentTypes failed for display 4619827259835644672: Unsupported (8)
05-31 14:55:33.015   181   181 I hwservicemanager: getTransport: Cannot find entry android.hardware.graphics.mapper@4.0::IMapper/default in either framework or device VINTF manifest.
05-31 14:55:33.015 11442 11467 I Gralloc4: mapper 4.x is not supported
05-31 14:55:33.018   181   181 I hwservicemanager: getTransport: Cannot find entry android.hardware.graphics.allocator@4.0::IAllocator/default in either framework or device VINTF manifest.
05-31 14:55:33.018 11442 11467 W Gralloc4: allocator 4.x is not supported
05-31 14:55:33.116   590   627 I ActivityTaskManager: Displayed com.android.settings/.Settings$AvailableVirtualKeyboardActivity: +1s264ms
05-31 14:55:33.168  1360  1692 W MediaProvider: isAppCloneUserPair for user 0: false
05-31 14:55:33.173 10200 10200 W FirebaseRemoteConfig: No value of type 'String' exists for parameter key 'sessions_max_length_minutes'.
05-31 14:55:33.174 10200 10200 W FirebaseRemoteConfig: No value of type 'String' exists for parameter key 'sessions_max_length_minutes'.
05-31 14:55:33.176 10200 11521 W FirebaseRemoteConfig: No value of type 'String' exists for parameter key 'sessions_feature_enabled'.
05-31 14:55:33.196   181   181 I hwservicemanager: getTransport: Cannot find entry android.hardware.graphics.mapper@4.0::IMapper/default in either framework or device VINTF manifest.
05-31 14:55:33.196 11517 11520 I Gralloc4: mapper 4.x is not supported
05-31 14:55:33.334  1360  1926 I MediaProvider: Begin Intent { act=android.intent.action.MEDIA_SCANNER_SCAN_FILE dat=file:///sdcard/screen_2025-05-31_225533.png flg=0x1400010 cmp=com.google.android.providers.media.module/com.android.providers.media.MediaService }
05-31 14:55:33.353  1360  1926 I MediaProvider: End Intent { act=android.intent.action.MEDIA_SCANNER_SCAN_FILE dat=file:///sdcard/screen_2025-05-31_225533.png flg=0x1400010 cmp=com.google.android.providers.media.module/com.android.providers.media.MediaService }
05-31 14:55:33.401   590  1815 W InputManager-JNI: Input channel object '7363dff Splash Screen com.android.settings (client)' was disposed without first being removed with the input manager!
05-31 14:55:33.408  1360  6401 I MediaProvider: Deleted 0 1 0 0 0 0 0 items on external_primary due to com.android.shell
05-31 14:55:33.413  1166  2130 I UriTaskContentObserver: (REDACTED) Throttling content uri change event for %s
05-31 14:55:33.912 10200 10321 I FA      : Application backgrounded at: timestamp_millis: 1748703331876
05-31 14:55:34.006  1360  6405 W MediaProvider: isAppCloneUserPair for user 0: false
05-31 14:55:34.035   181   181 I hwservicemanager: getTransport: Cannot find entry android.hardware.graphics.mapper@4.0::IMapper/default in either framework or device VINTF manifest.
05-31 14:55:34.035 11566 11568 I Gralloc4: mapper 4.x is not supported
05-31 14:55:34.166  1360  1926 I MediaProvider: Begin Intent { act=android.intent.action.MEDIA_SCANNER_SCAN_FILE dat=file:///sdcard/screen_2025-05-31_225534.png flg=0x1400010 cmp=com.google.android.providers.media.module/com.android.providers.media.MediaService }
05-31 14:55:34.188  1360  1926 I MediaProvider: End Intent { act=android.intent.action.MEDIA_SCANNER_SCAN_FILE dat=file:///sdcard/screen_2025-05-31_225534.png flg=0x1400010 cmp=com.google.android.providers.media.module/com.android.providers.media.MediaService }
05-31 14:55:34.248  1507  1856 I WorkerManager: dispose()
05-31 14:55:34.252  1360  6502 I MediaProvider: Deleted 0 1 0 0 0 0 0 items on external_primary due to com.android.shell
05-31 14:55:34.254  1166  2130 I UriTaskContentObserver: (REDACTED) Throttling content uri change event for %s
05-31 14:55:34.722  1360  1472 W MediaProvider: isAppCloneUserPair for user 0: false
05-31 14:55:34.766   181   181 I hwservicemanager: getTransport: Cannot find entry android.hardware.graphics.mapper@4.0::IMapper/default in either framework or device VINTF manifest.
05-31 14:55:34.766 11605 11607 I Gralloc4: mapper 4.x is not supported
05-31 14:55:34.902  1360  1926 I MediaProvider: Begin Intent { act=android.intent.action.MEDIA_SCANNER_SCAN_FILE dat=file:///sdcard/screen_2025-05-31_225534.png flg=0x1400010 cmp=com.google.android.providers.media.module/com.android.providers.media.MediaService }
05-31 14:55:34.907  1360  1926 I MediaProvider: End Intent { act=android.intent.action.MEDIA_SCANNER_SCAN_FILE dat=file:///sdcard/screen_2025-05-31_225534.png flg=0x1400010 cmp=com.google.android.providers.media.module/com.android.providers.media.MediaService }
05-31 14:55:34.972  1360  6405 I MediaProvider: Deleted 0 1 0 0 0 0 0 items on external_primary due to com.android.shell
05-31 14:55:34.973  1166  2130 I UriTaskContentObserver: (REDACTED) Throttling content uri change event for %s
05-31 14:55:35.432  7079 11646 I ProvidersCache: Provider returned no roots. Possibly naughty: com.google.android.apps.docs.storage
05-31 14:55:36.169  7079 11694 I ProvidersCache: Provider returned no roots. Possibly naughty: com.google.android.apps.docs.storage
05-31 14:55:36.818  7079 11712 I ProvidersCache: Provider returned no roots. Possibly naughty: com.google.android.apps.docs.storage
05-31 14:55:37.105  1717 11715 I GmscoreIpa: Starting mediastore instant index [CONTEXT service_id=255 ]
05-31 14:55:37.370  1360  6502 W MediaProvider: isAppCloneUserPair for user 0: false
05-31 14:55:37.391   181   181 I hwservicemanager: getTransport: Cannot find entry android.hardware.graphics.mapper@4.0::IMapper/default in either framework or device VINTF manifest.
05-31 14:55:37.392 11729 11731 I Gralloc4: mapper 4.x is not supported
05-31 14:55:37.517  1360  1926 I MediaProvider: Begin Intent { act=android.intent.action.MEDIA_SCANNER_SCAN_FILE dat=file:///sdcard/screen_2025-05-31_225537.png flg=0x1400010 cmp=com.google.android.providers.media.module/com.android.providers.media.MediaService }
05-31 14:55:37.522  1360  1926 I MediaProvider: End Intent { act=android.intent.action.MEDIA_SCANNER_SCAN_FILE dat=file:///sdcard/screen_2025-05-31_225537.png flg=0x1400010 cmp=com.google.android.providers.media.module/com.android.providers.media.MediaService }
05-31 14:55:37.593  1166  2130 I UriTaskContentObserver: (REDACTED) Throttling content uri change event for %s
05-31 14:55:37.593  1360  6401 I MediaProvider: Deleted 0 1 0 0 0 0 0 items on external_primary due to com.android.shell
05-31 14:55:38.088  1360  1692 W MediaProvider: isAppCloneUserPair for user 0: false
05-31 14:55:38.114   181   181 I hwservicemanager: getTransport: Cannot find entry android.hardware.graphics.mapper@4.0::IMapper/default in either framework or device VINTF manifest.
05-31 14:55:38.114 11768 11770 I Gralloc4: mapper 4.x is not supported
05-31 14:55:38.183 10301 10312 W System  : A resource failed to call close. 
05-31 14:55:38.183 10301 10312 W System  : A resource failed to call close. 
05-31 14:55:38.200 10200 10210 W System  : A resource failed to call end. 
05-31 14:55:38.200 10200 10210 W System  : A resource failed to call close. 
05-31 14:55:38.200 10200 10210 W System  : A resource failed to call close. 
05-31 14:55:38.200 10200 10210 W System  : A resource failed to call close. 
05-31 14:55:38.200 10200 10210 W System  : A resource failed to call end. 
05-31 14:55:38.200 10200 10210 W System  : A resource failed to call end. 
05-31 14:55:38.200 10200 10210 W System  : A resource failed to call end. 
05-31 14:55:38.200 10200 10210 W System  : A resource failed to call end. 
05-31 14:55:38.200 10200 10210 W System  : A resource failed to call close. 
05-31 14:55:38.201 10200 10210 W System  : A resource failed to call close. 
05-31 14:55:38.262  1360  1926 I MediaProvider: Begin Intent { act=android.intent.action.MEDIA_SCANNER_SCAN_FILE dat=file:///sdcard/screen_2025-05-31_225538.png flg=0x1400010 cmp=com.google.android.providers.media.module/com.android.providers.media.MediaService }
05-31 14:55:38.265  1360  1926 I MediaProvider: End Intent { act=android.intent.action.MEDIA_SCANNER_SCAN_FILE dat=file:///sdcard/screen_2025-05-31_225538.png flg=0x1400010 cmp=com.google.android.providers.media.module/com.android.providers.media.MediaService }
05-31 14:55:38.308   590   938 W UriGrantsManagerService: No permission grants found for com.google.android.apps.photos
05-31 14:55:38.308   590   938 W UriGrantsManagerService: No permission grants found for com.google.android.apps.photos
05-31 14:55:38.336  1360  6502 I MediaProvider: Deleted 0 1 0 0 0 0 0 items on external_primary due to com.android.shell
05-31 14:55:38.336  1166  2130 I UriTaskContentObserver: (REDACTED) Throttling content uri change event for %s
05-31 14:55:38.460  1717  1717 I NearbySharing: SharingTileService destroyed
05-31 14:55:38.467   590  1673 W UriGrantsManagerService: No permission grants found for com.google.android.apps.photos
05-31 14:55:38.467   590  1673 W UriGrantsManagerService: No permission grants found for com.google.android.apps.photos
05-31 14:55:38.500  3193 11795 I XmpUtil : XMP parse: only JPEG file is supported
05-31 14:55:38.501  3193 11796 I XmpUtil : XMP parse: only JPEG file is supported
05-31 14:55:38.512  1360  6594 I MediaProvider: Open with lower FS for /storage/emulated/0/screen_2025-05-31_194658.png. Uid: 10126
05-31 14:55:38.512  1360  6539 I MediaProvider: Open with lower FS for /storage/emulated/0/screen_2025-05-31_194653.png. Uid: 10126
05-31 14:55:38.516  3193 11797 I XmpUtil : XMP parse: only JPEG file is supported
05-31 14:55:38.516  3193 11796 I XmpUtil : XMP parse: only JPEG file is supported
05-31 14:55:38.523  1360  6539 I MediaProvider: Open with lower FS for /storage/emulated/0/screen_2025-05-31_194704.png. Uid: 10126
05-31 14:55:38.523  1360  6594 I MediaProvider: Open with lower FS for /storage/emulated/0/screen_2025-05-31_194709.png. Uid: 10126
05-31 14:55:38.528  3193 11795 I XmpUtil : XMP parse: only JPEG file is supported
05-31 14:55:38.528  3193 11797 I XmpUtil : XMP parse: only JPEG file is supported
05-31 14:55:38.535  1360  6594 I MediaProvider: Open with lower FS for /storage/emulated/0/screen_2025-05-31_194715.png. Uid: 10126
05-31 14:55:38.535  1360  6539 I MediaProvider: Open with lower FS for /storage/emulated/0/screen_2025-05-31_194721.png. Uid: 10126
05-31 14:55:38.538  3193 11796 I XmpUtil : XMP parse: only JPEG file is supported
05-31 14:55:38.539  3193 11795 I XmpUtil : XMP parse: only JPEG file is supported
05-31 14:55:38.546  1360  6539 I MediaProvider: Open with lower FS for /storage/emulated/0/screen_2025-05-31_194726.png. Uid: 10126
05-31 14:55:38.546  1360  6594 I MediaProvider: Open with lower FS for /storage/emulated/0/screen_2025-05-31_194727.png. Uid: 10126
05-31 14:55:38.549  3193 11797 I XmpUtil : XMP parse: only JPEG file is supported
05-31 14:55:38.549  3193 11795 I XmpUtil : XMP parse: only JPEG file is supported
05-31 14:55:38.561  1360  6539 I MediaProvider: Open with lower FS for /storage/emulated/0/screen_2025-05-31_194759.png. Uid: 10126
05-31 14:55:38.561  1360  6594 I MediaProvider: Open with lower FS for /storage/emulated/0/screen_2025-05-31_194732.png. Uid: 10126
05-31 14:55:38.567  3193 11796 I XmpUtil : XMP parse: only JPEG file is supported
05-31 14:55:38.568  3193 11795 I XmpUtil : XMP parse: only JPEG file is supported
05-31 14:55:38.579  1360  6539 I MediaProvider: Open with lower FS for /storage/emulated/0/screen_2025-05-31_194804.png. Uid: 10126
05-31 14:55:38.579  1360  6594 I MediaProvider: Open with lower FS for /storage/emulated/0/screen_2025-05-31_194805.png. Uid: 10126
05-31 14:55:38.581  3193 11797 I XmpUtil : XMP parse: only JPEG file is supported
05-31 14:55:38.581  3193 11796 I XmpUtil : XMP parse: only JPEG file is supported
05-31 14:55:38.588  1360  6594 I MediaProvider: Open with lower FS for /storage/emulated/0/screen_2025-05-31_194810.png. Uid: 10126
05-31 14:55:38.588  1360  6539 I MediaProvider: Open with lower FS for /storage/emulated/0/screen_2025-05-31_200238.png. Uid: 10126
05-31 14:55:38.591  3193 11795 I XmpUtil : XMP parse: only JPEG file is supported
05-31 14:55:38.592  3193 11797 I XmpUtil : XMP parse: only JPEG file is supported
05-31 14:55:38.599  1360  6594 I MediaProvider: Open with lower FS for /storage/emulated/0/screen_2025-05-31_200244.png. Uid: 10126
05-31 14:55:38.600  1360  6539 I MediaProvider: Open with lower FS for /storage/emulated/0/screen_2025-05-31_200249.png. Uid: 10126
05-31 14:55:38.602  3193 11796 I XmpUtil : XMP parse: only JPEG file is supported
05-31 14:55:38.603  3193 11795 I XmpUtil : XMP parse: only JPEG file is supported
05-31 14:55:38.608  1360  6539 I MediaProvider: Open with lower FS for /storage/emulated/0/screen_2025-05-31_200250.png. Uid: 10126
05-31 14:55:38.609  1360  6594 I MediaProvider: Open with lower FS for /storage/emulated/0/screen_2025-05-31_200255.png. Uid: 10126
05-31 14:55:38.612  3193 11797 I XmpUtil : XMP parse: only JPEG file is supported
05-31 14:55:38.612  3193 11796 I XmpUtil : XMP parse: only JPEG file is supported
05-31 14:55:38.620  1360  6539 I MediaProvider: Open with lower FS for /storage/emulated/0/screen_2025-05-31_200306.png. Uid: 10126
05-31 14:55:38.620  1360  6594 I MediaProvider: Open with lower FS for /storage/emulated/0/screen_2025-05-31_200301.png. Uid: 10126
05-31 14:55:38.623  3193 11795 I XmpUtil : XMP parse: only JPEG file is supported
05-31 14:55:38.623  3193 11796 I XmpUtil : XMP parse: only JPEG file is supported
05-31 14:55:38.631  1360  6539 I MediaProvider: Open with lower FS for /storage/emulated/0/screen_2025-05-31_200307.png. Uid: 10126
05-31 14:55:38.633  1360  6594 I MediaProvider: Open with lower FS for /storage/emulated/0/screen_2025-05-31_200312.png. Uid: 10126
05-31 14:55:38.633  3193 11797 I XmpUtil : XMP parse: only JPEG file is supported
05-31 14:55:38.636  3193 11795 I XmpUtil : XMP parse: only JPEG file is supported
05-31 14:55:38.642  1360  6539 I MediaProvider: Open with lower FS for /storage/emulated/0/screen_2025-05-31_200318.png. Uid: 10126
05-31 14:55:38.644  1360  6594 I MediaProvider: Open with lower FS for /storage/emulated/0/screen_2025-05-31_200313.png. Uid: 10126
05-31 14:55:38.645  3193 11796 I XmpUtil : XMP parse: only JPEG file is supported
05-31 14:55:38.650  3193 11795 I XmpUtil : XMP parse: only JPEG file is supported
05-31 14:55:38.652  1360  6594 I MediaProvider: Open with lower FS for /storage/emulated/0/screen_2025-05-31_200324.png. Uid: 10126
05-31 14:55:38.654  1360  6539 I MediaProvider: Open with lower FS for /storage/emulated/0/screen_2025-05-31_200329.png. Uid: 10126
05-31 14:55:38.655  3193 11797 I XmpUtil : XMP parse: only JPEG file is supported
05-31 14:55:38.658  3193 11796 I XmpUtil : XMP parse: only JPEG file is supported
05-31 14:55:38.665  1360  6539 I MediaProvider: Open with lower FS for /storage/emulated/0/screen_2025-05-31_200330.png. Uid: 10126
05-31 14:55:38.665  1360  6594 I MediaProvider: Open with lower FS for /storage/emulated/0/screen_2025-05-31_200335.png. Uid: 10126
05-31 14:55:38.668  3193 11795 I XmpUtil : XMP parse: only JPEG file is supported
05-31 14:55:38.669  3193 11797 I XmpUtil : XMP parse: only JPEG file is supported
05-31 14:55:38.680  1360  6539 I MediaProvider: Open with lower FS for /storage/emulated/0/screen_2025-05-31_200346.png. Uid: 10126
05-31 14:55:38.681  1360  6594 I MediaProvider: Open with lower FS for /storage/emulated/0/screen_2025-05-31_200341.png. Uid: 10126
05-31 14:55:38.683  3193 11796 I XmpUtil : XMP parse: only JPEG file is supported
05-31 14:55:38.684  3193 11797 I XmpUtil : XMP parse: only JPEG file is supported
