10-25 18:41:36.059 12299 12299 W MiuiGallery2_BaseMediaScannerReceiver: [main] - Broadcast received, action: [android.intent.action.MEDIA_SCANNER_SCAN_FILE], data uri: [file:///sdcard/screen_2025-10-25_184134.png], CTA not allowed
10-25 18:41:36.060  2318  3691 I MiuiNetworkPolicy: updateUidState uid = 10271, uidState = 11
10-25 18:41:36.062  2318  3691 I MiuiNetworkPolicy: updateUidState uid = 10271, uidState = 19
10-25 18:41:36.063  7336  7336 I MediaProvider: receive action = android.intent.action.MEDIA_SCANNER_SCAN_FILE schemeSpecificPart = ///sdcard/screen_2025-10-25_184134.png
10-25 18:41:36.064  2318  5140 W JobInfo : Job 'com.android.providers.media.module/com.android.providers.media.MediaService#-300' has a deadline with no functional constraints. The deadline won't improve job execution latency. Consider removing the deadline.
10-25 18:41:36.069  1688  1688 I vendor.qti.hardware.servicetrackeraidl-service: bindService is called for service : com.android.providers.media.module/com.android.providers.media.MediaService and for client system
10-25 18:41:36.070  1688  1688 I vendor.qti.hardware.servicetrackeraidl-service: total connections for service : com.android.providers.media.module/com.android.providers.media.MediaServiceare :1
10-25 18:41:36.070  1688  1688 I vendor.qti.hardware.servicetrackeraidl-service: total connections for client : systemare :29
10-25 18:41:36.070  2318  4216 I whetstone.activity: processNotifyEvent1 resId = 256, bundle = Bundle[{startTime=75057776, sourcePkg=com.android.providers.media.module, sourceUid=10249, status=1, jobId=-300, batteryName=com.android.providers.media.module/com.android.providers.media.MediaService, elapsedRealtime=75057776}]
10-25 18:41:36.071  9264 12597 I EventMonitor: notifyEvent resId=256
10-25 18:41:36.074  2318  2426 I ActivityManager: Broadcast completed: result=0
10-25 18:41:36.076  7336  8311 I MediaProvider: Begin Intent { act=android.intent.action.MEDIA_SCANNER_SCAN_FILE dat=file:///... flg=0x1400010 cmp=com.android.providers.media.module/com.android.providers.media.MediaService }
10-25 18:41:36.089  7336  8311 I MediaProvider: End Intent { act=android.intent.action.MEDIA_SCANNER_SCAN_FILE dat=file:///... flg=0x1400010 cmp=com.android.providers.media.module/com.android.providers.media.MediaService }
10-25 18:41:36.090  2318  4216 I whetstone.activity: processNotifyEvent1 resId = 256, bundle = Bundle[{startTime=75057796, sourcePkg=com.android.providers.media.module, sourceUid=10249, status=0, jobId=-300, batteryName=com.android.providers.media.module/com.android.providers.media.MediaService, elapsedRealtime=75057796}]
10-25 18:41:36.090  9264 12597 I EventMonitor: notifyEvent resId=256
10-25 18:41:36.090  1688  1688 I vendor.qti.hardware.servicetrackeraidl-service: unbindService is called for service : com.android.providers.media.module/com.android.providers.media.MediaService and for client system
10-25 18:41:36.091  1688  1688 I vendor.qti.hardware.servicetrackeraidl-service: size of service connections for service: com.android.providers.media.module/com.android.providers.media.MediaServiceafter removal is 0
10-25 18:41:36.091  1688  1688 I vendor.qti.hardware.servicetrackeraidl-service: size of client connections for client: systemafter removal is 28
10-25 18:41:36.091  1688  1688 I vendor.qti.hardware.servicetrackeraidl-service: destroyService is called for service : com.android.providers.media.module/com.android.providers.media.MediaService
10-25 18:41:36.128  7336  7362 I FuseDaemon: This is non sticky GC, maxfree is 16777216 minfree is 8388608
10-25 18:41:36.128  7336  7362 W FuseDaemon: Reducing the number of considered missed Gc histogram windows from 3085 to 100
10-25 18:41:36.268  7803 17066 W MessageQueue: Handler (android.os.Handler) {b2291e2} sending message to a Handler on a dead thread
10-25 18:41:36.268  7803 17066 W MessageQueue: java.lang.IllegalStateException: Handler (android.os.Handler) {b2291e2} sending message to a Handler on a dead thread
10-25 18:41:36.268  7803 17066 W MessageQueue: 	at android.os.MessageQueue.enqueueMessage(MessageQueue.java:629)
10-25 18:41:36.268  7803 17066 W MessageQueue: 	at android.os.Handler.enqueueMessage(Handler.java:787)
10-25 18:41:36.268  7803 17066 W MessageQueue: 	at android.os.Handler.sendMessageAtTime(Handler.java:736)
10-25 18:41:36.268  7803 17066 W MessageQueue: 	at android.os.Handler.sendMessageDelayed(Handler.java:706)
10-25 18:41:36.268  7803 17066 W MessageQueue: 	at android.os.Handler.post(Handler.java:436)
10-25 18:41:36.268  7803 17066 W MessageQueue: 	at android.os.HandlerExecutor.execute(HandlerExecutor.java:43)
10-25 18:41:36.268  7803 17066 W MessageQueue: 	at android.telephony.PhoneStateListener$IPhoneStateListenerStub.lambda$onCellInfoChanged$21(PhoneStateListener.java:1427)
10-25 18:41:36.268  7803 17066 W MessageQueue: 	at android.telephony.PhoneStateListener$IPhoneStateListenerStub.$r8$lambda$YbzwgrpOSUHSUfUxRlqpuH8VVk8(Unknown Source:0)
10-25 18:41:36.268  7803 17066 W MessageQueue: 	at android.telephony.PhoneStateListener$IPhoneStateListenerStub$$ExternalSyntheticLambda46.runOrThrow(D8$$SyntheticClass:0)
10-25 18:41:36.268  7803 17066 W MessageQueue: 	at android.os.Binder.withCleanCallingIdentity(Binder.java:553)
10-25 18:41:36.268  7803 17066 W MessageQueue: 	at android.telephony.PhoneStateListener$IPhoneStateListenerStub.onCellInfoChanged(PhoneStateListener.java:1426)
10-25 18:41:36.268  7803 17066 W MessageQueue: 	at com.android.internal.telephony.IPhoneStateListener$Stub.onTransact(IPhoneStateListener.java:450)
10-25 18:41:36.268  7803 17066 W MessageQueue: 	at android.os.Binder.execTransactInternal(Binder.java:1512)
10-25 18:41:36.268  7803 17066 W MessageQueue: 	at android.os.Binder.execTransact(Binder.java:1451)
10-25 18:41:36.270  7803 17066 W Binder  : Caught a RuntimeException from the binder stub implementation.
10-25 18:41:36.270  7803 17066 W Binder  : java.util.concurrent.RejectedExecutionException: Handler (android.os.Handler) {b2291e2} is shutting down
10-25 18:41:36.270  7803 17066 W Binder  : 	at android.os.HandlerExecutor.execute(HandlerExecutor.java:44)
10-25 18:41:36.270  7803 17066 W Binder  : 	at android.telephony.PhoneStateListener$IPhoneStateListenerStub.lambda$onCellInfoChanged$21(PhoneStateListener.java:1427)
10-25 18:41:36.270  7803 17066 W Binder  : 	at android.telephony.PhoneStateListener$IPhoneStateListenerStub.$r8$lambda$YbzwgrpOSUHSUfUxRlqpuH8VVk8(Unknown Source:0)
10-25 18:41:36.270  7803 17066 W Binder  : 	at android.telephony.PhoneStateListener$IPhoneStateListenerStub$$ExternalSyntheticLambda46.runOrThrow(D8$$SyntheticClass:0)
10-25 18:41:36.270  7803 17066 W Binder  : 	at android.os.Binder.withCleanCallingIdentity(Binder.java:553)
10-25 18:41:36.270  7803 17066 W Binder  : 	at android.telephony.PhoneStateListener$IPhoneStateListenerStub.onCellInfoChanged(PhoneStateListener.java:1426)
10-25 18:41:36.270  7803 17066 W Binder  : 	at com.android.internal.telephony.IPhoneStateListener$Stub.onTransact(IPhoneStateListener.java:450)
10-25 18:41:36.270  7803 17066 W Binder  : 	at android.os.Binder.execTransactInternal(Binder.java:1512)
10-25 18:41:36.270  7803 17066 W Binder  : 	at android.os.Binder.execTransact(Binder.java:1451)
10-25 18:41:36.281  3094  3094 I adbd    : in ShellService: rm /sdcard/screen_2025-10-25_184134.png
10-25 18:41:36.309  7336 23629 I MediaProvider: Deleted paths_hashcode::1389444597/:1389444597/316817606134.png items on external_primary due to com.android.shell tid=17792
10-25 18:41:36.416  3094  3094 I adbd    : in ShellService: dumpsys display
10-25 18:41:36.581  2318  4219 I SmartPower: com.milink.service:audio/10178(22090): background->idle(3001ms) R(broadcast start Intent { act=android.intent.action.PACKAGE_RESTARTED dat=package: flg=0x4000010 (has extras) }) adj=200.
10-25 18:41:36.617  3094  3094 I adbd    : in ShellService: ps
10-25 18:41:36.628  3094  3094 I adbd    : in ShellService: wm size
10-25 18:41:36.705  3094  3094 I adbd    : in ShellService: dumpsys input
10-25 18:41:36.741  2318  4219 I SmartPower: com.miui.voiceassist:core/10193(7346): background->idle(3002ms) R(broadcast start Intent { act=android.intent.action.CLOSE_SYSTEM_DIALOGS flg=0x50000010 (has extras) }) adj=100.
10-25 18:41:36.741  2318  4219 I SmartPower: com.miui.systemAdSolution/10168(11547): background->idle(3002ms) R(broadcast start Intent { act=android.intent.action.CLOSE_SYSTEM_DIALOGS flg=0x50000010 (has extras) }) adj=100.
10-25 18:41:36.742  2318  4219 I SmartPower: com.kuaishou.nebula:messagesdk/10432(25808): background->idle(3002ms) R(broadcast start Intent { act=android.intent.action.CLOSE_SYSTEM_DIALOGS flg=0x50000010 (has extras) }) adj=965.
10-25 18:41:36.742  2318  4219 I SmartPower: com.xiaomi.market/10167(13559): background->idle(3002ms) R(broadcast start Intent { act=android.intent.action.CLOSE_SYSTEM_DIALOGS flg=0x50000010 (has extras) }) adj=905.
10-25 18:41:36.753  2318  4219 I SmartPower: com.miui.weather2/10278(16441): background->idle(3004ms) R(content provider start ContentProviderRecord{c85f4e9 u0 com.miui.weather2/.providers.WeatherProvider}) adj=0.
10-25 18:41:36.807  3094  3094 I adbd    : in ShellService: getprop ro.sf.lcd_density
10-25 18:41:36.846  2318  2426 I MiuiNetworkPolicy: label wlan0, uid -1, active false, tsNanos 75058548905290
10-25 18:41:36.885  3094  3094 I adbd    : in ShellService: dumpsys activity activities
10-25 18:41:36.986  3094  3094 I adbd    : in ShellService: dumpsys activity activities
10-25 18:41:37.073  3094  3094 I adbd    : in ShellService: dumpsys activity activities
10-25 18:41:37.181  3094  3094 I adbd    : in ShellService: dumpsys activity services
10-25 18:41:37.282  4663  4691 E PhoneAdapter: get ntnphones failed, exception: java.lang.IllegalStateException: Default phones haven't been made yet!
10-25 18:41:37.354  3094  3094 I adbd    : in ShellService: screencap -p /sdcard/screen_2025-10-25_184136.png
10-25 18:41:37.459 17824 17824 W BpBinder: Linking to death on android.gui.ISurfaceComposer but there are no threads (yet?) listening to incoming transactions. See ProcessState::startThreadPool and ProcessState::setThreadPoolMaxThreadCount. Generally you should setup the binder threadpool before other initialization steps.
10-25 18:41:37.459 17824 17824 W ProcessState: Extra binder thread started, but 0 threads requested. Do not use *startThreadPool when zero threads are requested.
10-25 18:41:37.494 17824 17826 I AdrenoUtils: <ReadGpuID:357>: Reading chip ID through GSL
10-25 18:41:37.495 17824 17824 W qdgralloc: Failed to load libubwcp.so
10-25 18:41:37.492 17824 17824 W screencap: type=1400 audit(0.0:55112): avc:  denied  { read } for  name="libubwcp.so" dev="dm-14" ino=19816057 scontext=u:r:shell:s0 tcontext=u:object_r:vendor_file:s0 tclass=file permissive=0
10-25 18:41:37.497  7336 23561 W MediaProvider: isAppCloneUserPair for user 0: false
10-25 18:41:37.781  3094  3094 I adbd    : in ShellService: ps
10-25 18:41:37.783  2318  4468 W ActivityManager: stopServiceToken startId 16 is last, but have 1 remaining args
10-25 18:41:37.785  1688  1688 I vendor.qti.hardware.servicetrackeraidl-service: destroyService is called for service : com.google.android.gms/.chimera.PersistentIntentOperationService
10-25 18:41:37.812  2318  3691 I MiuiNetworkPolicy: getDisableLimitTimeout when thermal mode is:0
10-25 18:41:37.830  7336 10968 I PSyncWorker: Starting proactive picker sync from sync source: 1
10-25 18:41:37.832  7336 10968 I PickerSyncController: Executing SyncAdd. isLocal: true. authority: com.android.providers.media.photopicker
10-25 18:41:37.834  7336 10968 I PickerSyncController: Paged sync successful. QueryArgs: Bundle[{android.provider.extra.SYNC_GENERATION=28250, android.provider.extra.PAGE_SIZE=1000}] Total Rows: 0
10-25 18:41:37.835  7336 10968 I PickerSyncController: Executing SyncRemove. isLocal: true. authority: com.android.providers.media.photopicker
10-25 18:41:37.836  7336 10968 E PickerDbFacade: Could not get first date taken millis for media id: 1000003060
10-25 18:41:37.836  7336 10968 W PickerDbFacade: Unable to promote cloud media with localId: 1000003060
10-25 18:41:37.837  7336 10968 I PickerSyncController: Paged sync successful. QueryArgs: Bundle[{android.provider.extra.SYNC_GENERATION=28250, android.provider.extra.PAGE_SIZE=1000}] Total Rows: 0
10-25 18:41:37.837  7336 10968 I PickerSyncTracker: Marked sync future complete for work id: 9d0931f6-cc06-46fe-8f11-3f3121b7ec85. Future map: {}
10-25 18:41:37.837  7336 10968 I PSyncWorker: Completed picker proactive sync complete from local provider.
10-25 18:41:37.837  7336  7750 I WM-WorkerWrapper: Worker result SUCCESS for Work [ id=9d0931f6-cc06-46fe-8f11-3f3121b7ec85, tags={ com.android.providers.media.photopicker.sync.ProactiveSyncWorker } ]
10-25 18:41:37.995  2318  5293 I NetworkAccelerateSwitchService: EVENT_RSSI_POLL. mRssiPoll=true
10-25 18:41:37.996  2318  5293 I NetworkAccelerateSwitchService: getAverageWifiRssi:41
10-25 18:41:38.593  2318  3691 I MiuiNetworkPolicy: bandwidth: 0 KB/s, Max bandwidth: 4239 KB/s
10-25 18:41:38.740  2318  3609 I ActivityManager: Broadcasting: Intent { act=android.intent.action.MEDIA_SCANNER_SCAN_FILE dat=file:///... flg=0x400000 }
10-25 18:41:38.741  2318  3609 I ActivityManager: Enqueued broadcast Intent { act=android.intent.action.MEDIA_SCANNER_SCAN_FILE dat=file:///... flg=0x400000 }: 0
10-25 18:41:38.741  2318  2451 I SmartPower: com.miui.gallery/10271(12299): idle->background(3628ms) R(broadcast start Intent { act=android.intent.action.MEDIA_SCANNER_SCAN_FILE dat=file:///... flg=0x1400010 }) adj=905.
10-25 18:41:38.748 12299 12299 W MiuiGallery2_BaseMediaScannerReceiver: [main] - Broadcast received, action: [android.intent.action.MEDIA_SCANNER_SCAN_FILE], data uri: [file:///sdcard/screen_2025-10-25_184136.png], CTA not allowed
10-25 18:41:38.749  2318  3691 I MiuiNetworkPolicy: updateUidState uid = 10271, uidState = 11
10-25 18:41:38.752  2318  3691 I MiuiNetworkPolicy: updateUidState uid = 10271, uidState = 19
10-25 18:41:38.753  7336  7336 I MediaProvider: receive action = android.intent.action.MEDIA_SCANNER_SCAN_FILE schemeSpecificPart = ///sdcard/screen_2025-10-25_184136.png
10-25 18:41:38.754  2318  3609 W JobInfo : Job 'com.android.providers.media.module/com.android.providers.media.MediaService#-300' has a deadline with no functional constraints. The deadline won't improve job execution latency. Consider removing the deadline.
10-25 18:41:38.758  1688  1688 I vendor.qti.hardware.servicetrackeraidl-service: bindService is called for service : com.android.providers.media.module/com.android.providers.media.MediaService and for client system
10-25 18:41:38.759  1688  1688 I vendor.qti.hardware.servicetrackeraidl-service: total connections for service : com.android.providers.media.module/com.android.providers.media.MediaServiceare :1
10-25 18:41:38.759  1688  1688 I vendor.qti.hardware.servicetrackeraidl-service: total connections for client : systemare :29
10-25 18:41:38.760  2318  4216 I whetstone.activity: processNotifyEvent1 resId = 256, bundle = Bundle[{startTime=75060466, sourcePkg=com.android.providers.media.module, sourceUid=10249, status=1, jobId=-300, batteryName=com.android.providers.media.module/com.android.providers.media.MediaService, elapsedRealtime=75060466}]
10-25 18:41:38.761  9264 12597 I EventMonitor: notifyEvent resId=256
10-25 18:41:38.764  2318  2426 I ActivityManager: Broadcast completed: result=0
10-25 18:41:38.764  7336  8311 I MediaProvider: Begin Intent { act=android.intent.action.MEDIA_SCANNER_SCAN_FILE dat=file:///... flg=0x1400010 cmp=com.android.providers.media.module/com.android.providers.media.MediaService }
10-25 18:41:38.773  7336  8311 I MediaProvider: End Intent { act=android.intent.action.MEDIA_SCANNER_SCAN_FILE dat=file:///... flg=0x1400010 cmp=com.android.providers.media.module/com.android.providers.media.MediaService }
10-25 18:41:38.774  2318  4216 I whetstone.activity: processNotifyEvent1 resId = 256, bundle = Bundle[{startTime=75060480, sourcePkg=com.android.providers.media.module, sourceUid=10249, status=0, jobId=-300, batteryName=com.android.providers.media.module/com.android.providers.media.MediaService, elapsedRealtime=75060480}]
10-25 18:41:38.774  9264 12597 I EventMonitor: notifyEvent resId=256
10-25 18:41:38.774  1688  1688 I vendor.qti.hardware.servicetrackeraidl-service: unbindService is called for service : com.android.providers.media.module/com.android.providers.media.MediaService and for client system
10-25 18:41:38.775  1688  1688 I vendor.qti.hardware.servicetrackeraidl-service: size of service connections for service: com.android.providers.media.module/com.android.providers.media.MediaServiceafter removal is 0
10-25 18:41:38.775  1688  1688 I vendor.qti.hardware.servicetrackeraidl-service: size of client connections for client: systemafter removal is 28
10-25 18:41:38.775  1688  1688 I vendor.qti.hardware.servicetrackeraidl-service: destroyService is called for service : com.android.providers.media.module/com.android.providers.media.MediaService
10-25 18:41:38.798  9660 22264 W lyra-mdns-core: _deal_timeout query _lyra-mdns._udp.local[0C] timeout!
10-25 18:41:38.940  3094  3094 I adbd    : in ShellService: ps
10-25 18:41:39.017  3094  3094 I adbd    : in ShellService: rm /sdcard/screen_2025-10-25_184136.png
10-25 18:41:39.050  7336 26101 I MediaProvider: Deleted paths_hashcode::1389444597/:1389444597/316817606136.png items on external_primary due to com.android.shell tid=17838
10-25 18:41:39.119  2318  3525 W ActivityManagerServiceImpl: Sending non-protected broadcast miui.intent.action.CYCLE_CHECK from system uid 1000 pkg android. Callers=com.android.server.am.ActivityManagerService.checkBroadcastFromSystem:16255 com.android.server.am.ActivityManagerService.broadcastIntentLockedTraced:17126 com.android.server.am.ActivityManagerService.broadcastIntentLocked:16315 com.android.server.am.ActivityManagerService.broadcastIntentInPackage:17364 com.android.server.am.ActivityManagerService$LocalService.broadcastIntentInPackage:20214 
10-25 18:41:39.128  1764  1764 I vendor.xiaomi.hardware.micharge-service: ReadFilePathValue path = /sys/class/power_supply/battery/temp value = 255
10-25 18:41:39.129  2318  2427 E IMiCharge: MiCharge method 9 val = 255
10-25 18:41:39.130  1764  1764 I vendor.xiaomi.hardware.micharge-service: ReadFilePathValue path = /sys/class/power_supply/battery/charge_control_limit value = 0
10-25 18:41:39.131  2318  2427 E IMiCharge: MiCharge method 10 val = 0
10-25 18:41:39.133  3094  3094 I adbd    : in ShellService: dumpsys display
10-25 18:41:39.251  1204 16999 I keystore2: system/security/keystore2/watchdog/src/lib.rs:319 - Watchdog thread idle -> terminating. Have a great day.
10-25 18:41:39.323  3094  3094 I adbd    : in ShellService: wm size
10-25 18:41:39.448  3094  3094 I adbd    : in ShellService: dumpsys input
10-25 18:41:39.564  3094  3094 I adbd    : in ShellService: getprop ro.sf.lcd_density
10-25 18:41:39.672  3094  3094 I adbd    : in ShellService: dumpsys activity activities
10-25 18:41:39.775  3094  3094 I adbd    : in ShellService: dumpsys activity activities
10-25 18:41:39.895  3094  3094 I adbd    : in ShellService: dumpsys activity activities
10-25 18:41:39.969  3094  3094 I adbd    : in ShellService: dumpsys activity services
10-25 18:41:40.107  3094  3094 I adbd    : in ShellService: ps
10-25 18:41:40.125  3094  3094 I adbd    : in ShellService: screencap -p /sdcard/screen_2025-10-25_184139.png
10-25 18:41:40.216 17867 17867 W BpBinder: Linking to death on android.gui.ISurfaceComposer but there are no threads (yet?) listening to incoming transactions. See ProcessState::startThreadPool and ProcessState::setThreadPoolMaxThreadCount. Generally you should setup the binder threadpool before other initialization steps.
10-25 18:41:40.216 17867 17867 W ProcessState: Extra binder thread started, but 0 threads requested. Do not use *startThreadPool when zero threads are requested.
10-25 18:41:40.247 17867 17869 I AdrenoUtils: <ReadGpuID:357>: Reading chip ID through GSL
10-25 18:41:40.248 17867 17867 W qdgralloc: Failed to load libubwcp.so
10-25 18:41:40.244 17867 17867 W screencap: type=1400 audit(0.0:55113): avc:  denied  { read } for  name="libubwcp.so" dev="dm-14" ino=19816057 scontext=u:r:shell:s0 tcontext=u:object_r:vendor_file:s0 tclass=file permissive=0
10-25 18:41:40.250  7336 23624 W MediaProvider: isAppCloneUserPair for user 0: false
10-25 18:41:40.274  2318  3691 I MiuiNetworkPolicy: updateUidState uid = 10278, uidState = 15
10-25 18:41:40.276  2318  3691 I MiuiNetworkPolicyTrafficLimit: updateWhiteListUidForMobileTraffic uid=10278,add=false
10-25 18:41:40.276  2318  2426 I MiuiNetworkPolicy: label wlan0, uid 10227, active true, tsNanos 75061981870185
10-25 18:41:40.293  1688  1688 I vendor.qti.hardware.servicetrackeraidl-service: unbindService is called for service : com.android.permissioncontroller/.permission.service.PermissionControllerServiceImpl and for client system
10-25 18:41:40.294  1688  1688 I vendor.qti.hardware.servicetrackeraidl-service: size of service connections for service: com.android.permissioncontroller/.permission.service.PermissionControllerServiceImplafter removal is 0
10-25 18:41:40.294  1688  1688 I vendor.qti.hardware.servicetrackeraidl-service: size of client connections for client: systemafter removal is 27
10-25 18:41:40.294  1688  1688 I vendor.qti.hardware.servicetrackeraidl-service: destroyService is called for service : com.android.permissioncontroller/.permission.service.PermissionControllerServiceImpl
10-25 18:41:40.297  2318  3691 I MiuiNetworkPolicy: updateUidState uid = 10241, uidState = 10
10-25 18:41:40.299  2318  3691 I MiuiNetworkPolicy: updateUidState uid = 10241, uidState = 19
10-25 18:41:40.304  2318  4918 W ContextImpl: Calling a method in the system process without a qualified user: android.app.ContextImpl.sendBroadcast:1260 android.content.ContextWrapper.sendBroadcast:522 com.android.server.wifi.MiuiNetworkMonitor.sendBroadcastForNetwork:675 com.android.server.wifi.MiuiNetworkMonitor.notifyNetworkEmergency:642 com.android.server.wifi.MiuiNetworkMonitor.evaluateNetworkQoE:585 
10-25 18:41:40.309  4663  5581 E PhoneAdapter: get ntnphones failed, exception: java.lang.IllegalStateException: Default phones haven't been made yet!
10-25 18:41:40.429 25661 17870 E CmtpSdkLoader: [CmtpSdkLoader] SO not ready
10-25 18:41:40.541  2318  4219 I SmartPower: com.android.permissioncontroller/10241(6892): background->idle(15044ms) R(adj below visible) adj=905.
10-25 18:41:40.569  7336 11922 I PSyncWorker: Starting proactive picker sync from sync source: 1
10-25 18:41:40.571  7336 11922 I PickerSyncController: Executing SyncAdd. isLocal: true. authority: com.android.providers.media.photopicker
10-25 18:41:40.574  7336 11922 I PickerSyncController: Paged sync successful. QueryArgs: Bundle[{android.provider.extra.SYNC_GENERATION=28260, android.provider.extra.PAGE_SIZE=1000}] Total Rows: 0
10-25 18:41:40.574  7336 11922 I PickerSyncController: Executing SyncRemove. isLocal: true. authority: com.android.providers.media.photopicker
10-25 18:41:40.575  7336 11922 E PickerDbFacade: Could not get first date taken millis for media id: 1000003061
10-25 18:41:40.576  7336 11922 W PickerDbFacade: Unable to promote cloud media with localId: 1000003061
10-25 18:41:40.577  7336 11922 I PickerSyncController: Paged sync successful. QueryArgs: Bundle[{android.provider.extra.SYNC_GENERATION=28260, android.provider.extra.PAGE_SIZE=1000}] Total Rows: 0
10-25 18:41:40.577  7336 11922 I PickerSyncTracker: Marked sync future complete for work id: 47c15074-7960-4d11-a50e-efcfa3ab4c0b. Future map: {}
10-25 18:41:40.577  7336 11922 I PSyncWorker: Completed picker proactive sync complete from local provider.
10-25 18:41:40.578  7336  7750 I WM-WorkerWrapper: Worker result SUCCESS for Work [ id=47c15074-7960-4d11-a50e-efcfa3ab4c0b, tags={ com.android.providers.media.photopicker.sync.ProactiveSyncWorker } ]
10-25 18:41:41.000  2318  5293 I NetworkAccelerateSwitchService: EVENT_RSSI_POLL. mRssiPoll=true
10-25 18:41:41.000  2318  5293 I NetworkAccelerateSwitchService: getAverageWifiRssi:44
10-25 18:41:41.042  1908  1908 E DisplayModeController: setDesiredMode : Idle status skip setActiveMode, isDdicIdleMode: 1
10-25 18:41:41.045  1656  1656 I SDM     : HWCDisplay::SetActiveConfigWithConstraints: display:66-0, config: 3, WxH 1200x2670, fps 120
10-25 18:41:41.046  1656  1656 W SDM     : HWDeviceDRM::GetSupportedBitClkRate: Requested rate not supported: 1150000000
10-25 18:41:41.046  1656  1656 I SDM     : HWDeviceDRM::UpdateMixerAttributes: Mixer WxH 1200x2670-1 for Peripheral
10-25 18:41:41.047  1656  1656 I SDM     : HWCDisplay::SubmitDisplayConfig: Active configuration changed from config 1 to 3
10-25 18:41:41.047  1656  1656 I SDM     : HWCDisplay::SubmitDisplayConfig: Active WxH 1200x2670 ,ddic_mode:auto, timing_fps: 120, sf_fps: 120
10-25 18:41:41.049  1656  2516 I vendor.qti.hardware.display.composer-service: Sensor: notify citsensorservice to trigger cwb, misForced = 0
10-25 18:41:41.051  3030  3788 I libsensor-parseRGB: request dump start for mRequestDisplayId 0
10-25 18:41:41.084  3030 15012 E libsensor-parseRGB: CWB NotifyCWBBufferDone  error 0
10-25 18:41:41.092  1688  1688 I vendor.qti.hardware.servicetrackeraidl-service: unbindService is called for service : com.google.android.gms/.chimera.GmsBoundBrokerService and for client com.google.android.gms
10-25 18:41:41.092  1688  1688 I vendor.qti.hardware.servicetrackeraidl-service: size of service connections for service: com.google.android.gms/.chimera.GmsBoundBrokerServiceafter removal is 1
10-25 18:41:41.092  1688  1688 I vendor.qti.hardware.servicetrackeraidl-service: size of client connections for client: com.google.android.gmsafter removal is 7
10-25 18:41:41.131  1688  1688 I vendor.qti.hardware.servicetrackeraidl-service: unbindService is called for service : com.google.android.gms/.chimera.GmsBoundBrokerService and for client com.google.android.gms.persistent
10-25 18:41:41.133  1688  1688 I vendor.qti.hardware.servicetrackeraidl-service: size of service connections for service: com.google.android.gms/.chimera.GmsBoundBrokerServiceafter removal is 0
10-25 18:41:41.135  1688  1688 I vendor.qti.hardware.servicetrackeraidl-service: size of client connections for client: com.google.android.gms.persistentafter removal is 7
10-25 18:41:41.137  1688  1688 I vendor.qti.hardware.servicetrackeraidl-service: destroyService is called for service : com.google.android.gms/.chimera.GmsBoundBrokerService
10-25 18:41:41.137  1688  1688 I vendor.qti.hardware.servicetrackeraidl-service: unbindService is called for service : com.google.android.gms/.icing.service.AppIndexingService and for client com.google.android.gms.persistent
10-25 18:41:41.138  1688  1688 I vendor.qti.hardware.servicetrackeraidl-service: size of service connections for service: com.google.android.gms/.icing.service.AppIndexingServiceafter removal is 1
10-25 18:41:41.138  1688  1688 I vendor.qti.hardware.servicetrackeraidl-service: size of client connections for client: com.google.android.gms.persistentafter removal is 6
10-25 18:41:41.138  1688  1688 I vendor.qti.hardware.servicetrackeraidl-service: unbindService is called for service : com.google.android.gms/.chimera.PersistentApiService and for client com.google.android.gms
10-25 18:41:41.139  1688  1688 I vendor.qti.hardware.servicetrackeraidl-service: unbindService is called for service : com.google.android.gms/.icing.service.IndexService and for client com.google.android.gms.persistent
10-25 18:41:41.139  1688  1688 I vendor.qti.hardware.servicetrackeraidl-service: size of service connections for service: com.google.android.gms/.icing.service.IndexServiceafter removal is 1
10-25 18:41:41.139  1688  1688 I vendor.qti.hardware.servicetrackeraidl-service: size of client connections for client: com.google.android.gms.persistentafter removal is 5
10-25 18:41:41.140  1656  1854 I SDM     : DisplayBase::CommitThread: Received idle timeout, panel: cmd, timeout: 70000 us
10-25 18:41:41.159  1656  2244 I SDM     : HWCDisplay::SetActiveConfigWithConstraints: display:66-0, config: 1, WxH 1200x2670, fps 120
10-25 18:41:41.160  1656  2244 W SDM     : HWDeviceDRM::GetSupportedBitClkRate: Requested rate not supported: 1150000000
10-25 18:41:41.160  1656  2244 I SDM     : HWDeviceDRM::UpdateMixerAttributes: Mixer WxH 1200x2670-1 for Peripheral
10-25 18:41:41.160  1656  2244 I SDM     : HWCDisplay::SubmitDisplayConfig: Active configuration changed from config 3 to 1
10-25 18:41:41.160  1656  2244 I SDM     : HWCDisplay::SubmitDisplayConfig: Active WxH 1200x2670 ,ddic_mode:idle, timing_fps: 120, sf_fps: 120
10-25 18:41:41.239  1656  1854 I SDM     : DisplayBase::CommitThread: Received idle timeout, panel: cmd, timeout: 70000 us
10-25 18:41:41.279  3094  3094 I adbd    : in ShellService: ps
10-25 18:41:41.291  7803 17066 W MessageQueue: Handler (android.os.Handler) {b2291e2} sending message to a Handler on a dead thread
10-25 18:41:41.291  7803 17066 W MessageQueue: java.lang.IllegalStateException: Handler (android.os.Handler) {b2291e2} sending message to a Handler on a dead thread
10-25 18:41:41.291  7803 17066 W MessageQueue: 	at android.os.MessageQueue.enqueueMessage(MessageQueue.java:629)
10-25 18:41:41.291  7803 17066 W MessageQueue: 	at android.os.Handler.enqueueMessage(Handler.java:787)
10-25 18:41:41.291  7803 17066 W MessageQueue: 	at android.os.Handler.sendMessageAtTime(Handler.java:736)
10-25 18:41:41.291  7803 17066 W MessageQueue: 	at android.os.Handler.sendMessageDelayed(Handler.java:706)
10-25 18:41:41.291  7803 17066 W MessageQueue: 	at android.os.Handler.post(Handler.java:436)
10-25 18:41:41.291  7803 17066 W MessageQueue: 	at android.os.HandlerExecutor.execute(HandlerExecutor.java:43)
10-25 18:41:41.291  7803 17066 W MessageQueue: 	at android.telephony.PhoneStateListener$IPhoneStateListenerStub.lambda$onCellInfoChanged$21(PhoneStateListener.java:1427)
10-25 18:41:41.291  7803 17066 W MessageQueue: 	at android.telephony.PhoneStateListener$IPhoneStateListenerStub.$r8$lambda$YbzwgrpOSUHSUfUxRlqpuH8VVk8(Unknown Source:0)
10-25 18:41:41.291  7803 17066 W MessageQueue: 	at android.telephony.PhoneStateListener$IPhoneStateListenerStub$$ExternalSyntheticLambda46.runOrThrow(D8$$SyntheticClass:0)
10-25 18:41:41.291  7803 17066 W MessageQueue: 	at android.os.Binder.withCleanCallingIdentity(Binder.java:553)
10-25 18:41:41.291  7803 17066 W MessageQueue: 	at android.telephony.PhoneStateListener$IPhoneStateListenerStub.onCellInfoChanged(PhoneStateListener.java:1426)
10-25 18:41:41.291  7803 17066 W MessageQueue: 	at com.android.internal.telephony.IPhoneStateListener$Stub.onTransact(IPhoneStateListener.java:450)
10-25 18:41:41.291  7803 17066 W MessageQueue: 	at android.os.Binder.execTransactInternal(Binder.java:1512)
10-25 18:41:41.291  7803 17066 W MessageQueue: 	at android.os.Binder.execTransact(Binder.java:1451)
10-25 18:41:41.291  7803 17066 W Binder  : Caught a RuntimeException from the binder stub implementation.
10-25 18:41:41.291  7803 17066 W Binder  : java.util.concurrent.RejectedExecutionException: Handler (android.os.Handler) {b2291e2} is shutting down
10-25 18:41:41.291  7803 17066 W Binder  : 	at android.os.HandlerExecutor.execute(HandlerExecutor.java:44)
10-25 18:41:41.291  7803 17066 W Binder  : 	at android.telephony.PhoneStateListener$IPhoneStateListenerStub.lambda$onCellInfoChanged$21(PhoneStateListener.java:1427)
10-25 18:41:41.291  7803 17066 W Binder  : 	at android.telephony.PhoneStateListener$IPhoneStateListenerStub.$r8$lambda$YbzwgrpOSUHSUfUxRlqpuH8VVk8(Unknown Source:0)
10-25 18:41:41.291  7803 17066 W Binder  : 	at android.telephony.PhoneStateListener$IPhoneStateListenerStub$$ExternalSyntheticLambda46.runOrThrow(D8$$SyntheticClass:0)
10-25 18:41:41.291  7803 17066 W Binder  : 	at android.os.Binder.withCleanCallingIdentity(Binder.java:553)
10-25 18:41:41.291  7803 17066 W Binder  : 	at android.telephony.PhoneStateListener$IPhoneStateListenerStub.onCellInfoChanged(PhoneStateListener.java:1426)
10-25 18:41:41.291  7803 17066 W Binder  : 	at com.android.internal.telephony.IPhoneStateListener$Stub.onTransact(IPhoneStateListener.java:450)
10-25 18:41:41.291  7803 17066 W Binder  : 	at android.os.Binder.execTransactInternal(Binder.java:1512)
10-25 18:41:41.291  7803 17066 W Binder  : 	at android.os.Binder.execTransact(Binder.java:1451)
10-25 18:41:41.319  1656  2516 I vendor.qti.hardware.display.composer-service: Sensor: notify citsensorservice to trigger cwb, misForced = 1
10-25 18:41:41.319  3030  3788 I libsensor-parseRGB: request dump start for mRequestDisplayId 0
10-25 18:41:41.341  3030 15012 E libsensor-parseRGB: CWB NotifyCWBBufferDone  error 0
10-25 18:41:41.400  1656  1854 I SDM     : DisplayBase::CommitThread: Received idle timeout, panel: cmd, timeout: 70000 us
10-25 18:41:41.478  2318  3998 I ActivityManager: Broadcasting: Intent { act=android.intent.action.MEDIA_SCANNER_SCAN_FILE dat=file:///... flg=0x400000 }
10-25 18:41:41.480  2318  3998 I ActivityManager: Enqueued broadcast Intent { act=android.intent.action.MEDIA_SCANNER_SCAN_FILE dat=file:///... flg=0x400000 }: 0
10-25 18:41:41.485 12299 12299 W MiuiGallery2_BaseMediaScannerReceiver: [main] - Broadcast received, action: [android.intent.action.MEDIA_SCANNER_SCAN_FILE], data uri: [file:///sdcard/screen_2025-10-25_184139.png], CTA not allowed
10-25 18:41:41.485  2318  3691 I MiuiNetworkPolicy: updateUidState uid = 10271, uidState = 11
10-25 18:41:41.488  2318  3691 I MiuiNetworkPolicy: updateUidState uid = 10271, uidState = 19
10-25 18:41:41.489  7336  7336 I MediaProvider: receive action = android.intent.action.MEDIA_SCANNER_SCAN_FILE schemeSpecificPart = ///sdcard/screen_2025-10-25_184139.png
10-25 18:41:41.489  2318  3998 W JobInfo : Job 'com.android.providers.media.module/com.android.providers.media.MediaService#-300' has a deadline with no functional constraints. The deadline won't improve job execution latency. Consider removing the deadline.
10-25 18:41:41.492  1688  1688 I vendor.qti.hardware.servicetrackeraidl-service: bindService is called for service : com.android.providers.media.module/com.android.providers.media.MediaService and for client system
10-25 18:41:41.492  1688  1688 I vendor.qti.hardware.servicetrackeraidl-service: total connections for service : com.android.providers.media.module/com.android.providers.media.MediaServiceare :1
10-25 18:41:41.493  1688  1688 I vendor.qti.hardware.servicetrackeraidl-service: total connections for client : systemare :28
10-25 18:41:41.493  2318  4216 I whetstone.activity: processNotifyEvent1 resId = 256, bundle = Bundle[{startTime=75063199, sourcePkg=com.android.providers.media.module, sourceUid=10249, status=1, jobId=-300, batteryName=com.android.providers.media.module/com.android.providers.media.MediaService, elapsedRealtime=75063199}]
10-25 18:41:41.494  9264 12597 I EventMonitor: notifyEvent resId=256
10-25 18:41:41.495  7336  8311 I MediaProvider: Begin Intent { act=android.intent.action.MEDIA_SCANNER_SCAN_FILE dat=file:///... flg=0x1400010 cmp=com.android.providers.media.module/com.android.providers.media.MediaService }
10-25 18:41:41.497  2318  2426 I ActivityManager: Broadcast completed: result=0
10-25 18:41:41.505  7336  8311 I MediaProvider: End Intent { act=android.intent.action.MEDIA_SCANNER_SCAN_FILE dat=file:///... flg=0x1400010 cmp=com.android.providers.media.module/com.android.providers.media.MediaService }
10-25 18:41:41.506  2318  4216 I whetstone.activity: processNotifyEvent1 resId = 256, bundle = Bundle[{startTime=75063212, sourcePkg=com.android.providers.media.module, sourceUid=10249, status=0, jobId=-300, batteryName=com.android.providers.media.module/com.android.providers.media.MediaService, elapsedRealtime=75063212}]
10-25 18:41:41.506  9264 12597 I EventMonitor: notifyEvent resId=256
10-25 18:41:41.506  1688  1688 I vendor.qti.hardware.servicetrackeraidl-service: unbindService is called for service : com.android.providers.media.module/com.android.providers.media.MediaService and for client system
10-25 18:41:41.506  1688  1688 I vendor.qti.hardware.servicetrackeraidl-service: size of service connections for service: com.android.providers.media.module/com.android.providers.media.MediaServiceafter removal is 0
10-25 18:41:41.506  1688  1688 I vendor.qti.hardware.servicetrackeraidl-service: size of client connections for client: systemafter removal is 27
10-25 18:41:41.507  1688  1688 I vendor.qti.hardware.servicetrackeraidl-service: destroyService is called for service : com.android.providers.media.module/com.android.providers.media.MediaService
10-25 18:41:41.596  2318  3691 I MiuiNetworkPolicy: bandwidth: 0 KB/s, Max bandwidth: 4239 KB/s
10-25 18:41:41.682  2318  5204 I NetworkBoostStatusManager: handle: 107
10-25 18:41:41.688  4663  5581 E PhoneAdapter: get ntnphones failed, exception: java.lang.IllegalStateException: Default phones haven't been made yet!
10-25 18:41:41.755  3094  3094 I adbd    : in ShellService: rm /sdcard/screen_2025-10-25_184139.png
10-25 18:41:41.755  2318  4219 I SmartPower: com.miui.gallery/10271(12299): background->idle(3014ms) R(adj below visible) adj=905.
10-25 18:41:41.787  7336 23561 I MediaProvider: Deleted paths_hashcode::1389444597/:1389444597/316817606139.png items on external_primary due to com.android.shell tid=17882
10-25 18:41:41.804  1688  1688 I vendor.qti.hardware.servicetrackeraidl-service: bindService is called for service : com.android.vending/com.google.android.finsky.scheduler.process.mainimpl.PhoneskyJobServiceMain and for client system
10-25 18:41:41.804  1688  1688 I vendor.qti.hardware.servicetrackeraidl-service: total connections for service : com.android.vending/com.google.android.finsky.scheduler.process.mainimpl.PhoneskyJobServiceMainare :1
10-25 18:41:41.804  1688  1688 I vendor.qti.hardware.servicetrackeraidl-service: total connections for client : systemare :28
10-25 18:41:41.806  2318  3495 I SmartPower: com.android.vending/10124(10447): idle->background(12806ms) R(service create com.android.vending/com.google.android.finsky.scheduler.process.mainimpl.PhoneskyJobServiceMain) adj=0.
10-25 18:41:41.806  2318  3691 I MiuiNetworkPolicy: updateUidState uid = 10124, uidState = 8
10-25 18:41:41.810  2318  4216 I whetstone.activity: processNotifyEvent1 resId = 256, bundle = Bundle[{startTime=75063516, sourcePkg=com.android.vending, sourceUid=10124, status=1, jobId=9650, batteryName=com.android.vending/com.google.android.finsky.scheduler.process.mainimpl.PhoneskyJobServiceMain, elapsedRealtime=75063516}]
10-25 18:41:41.811  9264 12597 I EventMonitor: notifyEvent resId=256
10-25 18:41:41.813 10447 10447 I Finsky  : [2] acgh.onStartJob(128): SCH: job service start with id 9650.
10-25 18:41:41.816 10447 17083 I Finsky  : [2103] kzh.a(256): SCH: Satisfied jobs for 9650 are: 12-1
10-25 18:41:41.818 10447 17884 I Finsky  : [2112] zmh.accept(450): SCH: Job 12-1 starting
10-25 18:41:41.818 10447 10447 I Finsky  : [2] ContentSyncJob.h(14): [ContentSync] job started
10-25 18:41:41.884  1688  1688 I vendor.qti.hardware.servicetrackeraidl-service: bindService is called for service : com.google.android.gms/.auth.account.authenticator.GoogleAccountAuthenticatorService and for client system
10-25 18:41:41.885  1688  1688 I vendor.qti.hardware.servicetrackeraidl-service: total connections for service : com.google.android.gms/.auth.account.authenticator.GoogleAccountAuthenticatorServiceare :1
10-25 18:41:41.885  1688  1688 I vendor.qti.hardware.servicetrackeraidl-service: total connections for client : systemare :29
10-25 18:41:41.896  1688  1688 I vendor.qti.hardware.servicetrackeraidl-service: bindService is called for service : com.google.android.gms/.chimera.PersistentApiService and for client com.google.android.gms.persistent
10-25 18:41:41.896  1688  1688 I vendor.qti.hardware.servicetrackeraidl-service: total connections for service : com.google.android.gms/.chimera.PersistentApiServiceare :8
10-25 18:41:41.896  1688  1688 I vendor.qti.hardware.servicetrackeraidl-service: total connections for client : com.google.android.gms.persistentare :5
10-25 18:41:41.910  3094  3094 I adbd    : in ShellService: dumpsys display
10-25 18:41:42.186  3094  3094 I adbd    : in ShellService: wm size
10-25 18:41:42.319  3094  3094 I adbd    : in ShellService: dumpsys input
10-25 18:41:42.415  3094  3094 I adbd    : in ShellService: getprop ro.sf.lcd_density
10-25 18:41:42.426  2318  4468 I ClipboardServiceI: checkProviderWakePathForClipboard: primaryClip is null
10-25 18:41:42.427  3094  3094 I adbd    : in ShellService: ps
10-25 18:41:42.469  3094  3094 I adbd    : in ShellService: am start com.qidian.QDReader.g/com.qidian.QDReader.SplashActivity
10-25 18:41:42.510  2318  2422 W ActivityTaskManager: callingPackage for (uid=2000, pid=17913) has no WPC
10-25 18:41:42.512  2318  2422 W OptProp : Cannot read opt property android.window.PROPERTY_COMPAT_ALLOW_ORIENTATION_OVERRIDE
10-25 18:41:42.519  2318  2422 E ActivityTaskManager: Unable to get servicetracker HAL instance
10-25 18:41:42.519  2318  2422 E ActivityTaskManager: Unable to get servicetracker HAL instance
10-25 18:41:42.519  2318  2422 E WindowManager: setClientVisible ActivityRecord{530d779 u0 com.android.permissioncontroller/.permission.ui.ReviewPermissionsActivity true
10-25 18:41:42.519  2318  2422 I AnimInterruptController: FIS notify Foresee interrupt start:141
10-25 18:41:42.520  2318  2422 I ActivityTaskManager: isKeyguardEditor: false, newTransition: TransitionRecord{315411f id=142 type=OPEN flags=0x0}
10-25 18:41:42.520  2318  2422 I SmartPower: com.android.permissioncontroller/10241(6892): idle->invisible(1979ms) R(become foreground) adj=905.
10-25 18:41:42.523  1908  1908 E DisplayModeController: setDesiredMode : Idle status skip setActiveMode, isDdicIdleMode: 1
10-25 18:41:42.525  2318  2422 W OptProp : Cannot read opt property android.window.PROPERTY_COMPAT_ALLOW_MIN_ASPECT_RATIO_OVERRIDE
10-25 18:41:42.525  1672  6635 E ANDR-PERF-LM: MetaMeter: handleAsync() 166: AdaptLaunch Invalid Async
10-25 18:41:42.525  2318  2422 W OptProp : Cannot read opt property android.window.PROPERTY_COMPAT_ALLOW_RESIZEABLE_ACTIVITY_OVERRIDES
10-25 18:41:42.525  1672  1746 E ANDR-PERF-UTIL: ANDR-PERF-UTIL: save_node_val() 366: Failed to read /sys/class/mmc_host/mmc0/clk_scaling/enable
10-25 18:41:42.525  1672  1746 E ANDR-PERF-OPTSHANDLER: ANDR-PERF-OPTSHANDLER: modify_sysfsnode() 1266: Failed to read /sys/class/mmc_host/mmc0/clk_scaling/enable
10-25 18:41:42.525  1672  1746 E ANDR-PERF-RESOURCEQS: ANDR-PERF-RESOURCEQS: AddAndApply() 167: Failed to apply optimization [11, 4]
10-25 18:41:42.525  1656  2244 I SDM     : HWCDisplay::SetActiveConfigWithConstraints: display:66-0, config: 3, WxH 1200x2670, fps 120
10-25 18:41:42.526  1656  2244 W SDM     : HWDeviceDRM::GetSupportedBitClkRate: Requested rate not supported: 1150000000
10-25 18:41:42.526  1656  2244 I SDM     : HWDeviceDRM::UpdateMixerAttributes: Mixer WxH 1200x2670-1 for Peripheral
10-25 18:41:42.526  1656  2244 I SDM     : HWCDisplay::SubmitDisplayConfig: Active configuration changed from config 1 to 3
10-25 18:41:42.526  1656  2244 I SDM     : HWCDisplay::SubmitDisplayConfig: Active WxH 1200x2670 ,ddic_mode:auto, timing_fps: 120, sf_fps: 120
10-25 18:41:42.527  1656  2516 I vendor.qti.hardware.display.composer-service: Sensor: notify citsensorservice to trigger cwb, misForced = 0
10-25 18:41:42.527  4628  4799 I DynamicDDSService: handleMessage(ACTIVITY_INVOKE{appInfo=com.android.permissioncontroller isFullScreen=}true)
10-25 18:41:42.527  3030  3788 I libsensor-parseRGB: request dump start for mRequestDisplayId 0
10-25 18:41:42.527  2318  2422 I WindowManager: Try to add startingWindow type = STARTING_WINDOW_TYPE_SPLASH_SCREEN this = ActivityRecord{530d779 u0 com.android.permissioncontroller/.permission.ui.ReviewPermissionsActivity t31} preAllowTaskSnapshot = true afterAllowTaskSnapshot = true newTask = true taskSwitch = true processRunning = true activityCreated = false activityAllDrawn = false isSnapshotCompatible = false resolvedTheme = 2132017798 theme = 2132017798
10-25 18:41:42.529  1672  1746 E ANDR-PERF-UTIL: ANDR-PERF-UTIL: save_node_val() 366: Failed to read /sys/class/mmc_host/mmc0/clk_scaling/enable
10-25 18:41:42.529  2318  2422 E ActivityTaskManager: Unable to get servicetracker HAL instance
10-25 18:41:42.529  1672  1746 E ANDR-PERF-OPTSHANDLER: ANDR-PERF-OPTSHANDLER: modify_sysfsnode() 1266: Failed to read /sys/class/mmc_host/mmc0/clk_scaling/enable
10-25 18:41:42.529  1672  1746 E ANDR-PERF-RESOURCEQS: ANDR-PERF-RESOURCEQS: AddAndApply() 167: Failed to apply optimization [11, 4]
10-25 18:41:42.530  4628  4776 W DynamicDDSService: appName is running in background.com.miui.home
10-25 18:41:42.530  2318  2422 I ActivityTaskManager: START u0 {act=android.intent.action.MAIN cat=[android.intent.category.LAUNCHER] flg=0x10000000 cmp=com.qidian.QDReader.g/com.qidian.QDReader.SplashActivity} with LAUNCH_MULTIPLE from uid 2000 from pid 17913 callingPackage com.android.shell (BAL_ALLOW_PERMISSION) result code=0
10-25 18:41:42.531  4692  4887 I SoScStageCoordinator: Transition requested:TransitionRequestInfo { type = OPEN, triggerTask = TaskInfo{userId=0 taskId=31 displayId=0 isRunning=true baseIntent=Intent { act=android.intent.action.REVIEW_PERMISSIONS flg=0x18800000 cmp=com.android.permissioncontroller/.permission.ui.ReviewPermissionsActivity } baseActivity=ComponentInfo{com.android.permissioncontroller/com.android.permissioncontroller.permission.ui.ReviewPermissionsActivity} topActivity=ComponentInfo{com.android.permissioncontroller/com.android.permissioncontroller.permission.ui.ReviewPermissionsActivity} origActivity=null realActivity=ComponentInfo{com.android.permissioncontroller/com.android.permissioncontroller.permission.ui.ReviewPermissionsActivity} numActivities=1 lastActiveTime=75064236 supportsSplitScreenMultiWindow=true supportsMultiWindow=true resizeMode=1 isResizeable=true minWidth=-1 minHeight=-1 defaultMinSize=200 token=WCT{android.window.IWindowContainerToken$Stub$Proxy@b0f2a31} topActivityType=1 pictureInPictureParams=null shouldDockBigOverlays=false launchIntoPipHostTaskId=-1 lastParentTaskIdBeforePip=-1 displayCutoutSafeInsets=Rect(0, 116 - 0, 0) topActivityInfo=ActivityInfo{7361516 com.android.permissioncontroller.permission.ui.ReviewPermissionsActivity} launchCookies=[] positionInParent=Point(0, 0) parentTaskId=-1 isFocused=false isVisible=false isVisibleRequested=false isSleeping=false locusId=null displayAreaFeatureId=1 isTopActivityTransparent=false appCompatTaskInfo=AppCompatTaskInfo { topActivityInSizeCompat=false topActivityInMiuiSizeCompat=false topActivityEligibleForLetterboxEducation= falseisLetterboxEducationEnabled= false isLetterboxDoubleTapEnabled= false topActivityEligibleForUserAspectRatioButton= false topActivityBoundsLetterboxed= false isFromLetterboxDoubleTap= false topActivityLetterboxVerticalPosition= -1 topActivityLetterboxHorizontalPosition= -1 topActivityLetterboxWidth=1200 topActivityLetterboxHeight=2670 isUserFullscreenOverrideEnabled=false isSystemFullscreenOverrideEnabled=false cameraCompatTaskInfo=CameraCompatTaskInfo { cameraCompatControlState=hidden freeformCameraCompatMode=inactive}} isImmersive=false mTopActivityRequestOrientation=-2 mBehindAppLockPkg=null mOriginatingUid=0 isEmbedded=false shouldBeVisible=true isCreatedByOrganizer=false mIsCastMode=false mTopActivityMediaSize=null mTopActivityRecordName=ActivityRecord{530d779 u0 com.android.permissioncontroller/.permission.ui.ReviewPermissionsActivity t31} mTopActivityOrientation=-2}, pipTask = null, remoteTransition = null, displayChange = null, flags = 0, debugId = 142 } isSoScActive:false triggerTask:TaskInfo{userId=0 taskId=31 displayId=0 isRunning=true baseIntent=Intent { act=android.intent.action.REVIEW_PERMISSIONS flg=0x18800000 cmp=com.android.permissioncontroller/.permission.ui.ReviewPermissionsActivity } baseActivity=ComponentInfo{com.android.permissioncontroller/com.android.permissioncontroller.permission.ui.ReviewPermissionsActivity} topActivity=ComponentInfo{com.android.permissioncontroller/com.android.permissioncontroller.permission.ui.ReviewPermissionsActivity} origActivity=null realActivity=ComponentInfo{com.android.permissioncontroller/com.android.permissioncontroller.permission.ui.ReviewPermissionsActivity} numActivities=1 lastActiveTime=75064236 supportsSplitScreenMultiWindow=true supportsMultiWindow=true resizeMode=1 isResizeable=true minWidth=-1 minHeight=-1 defaultMinSize=200 token=WCT{android.window.IWindowContainerToken$Stub$Proxy@b0f2a31} topActivityType=1 pictureInPictureParams=null shouldDockBigOverlays=false launchIntoPipHostTaskId=-1 lastParentTaskIdBeforePip=-1 displayCutoutSafeInsets=Rect(0, 116 - 0, 0) topActivityInfo=ActivityInfo{7361516 com.android.permissioncontroller.permission.ui.ReviewPermissionsActivity} launchCookies=[] positionInParent=Point(0, 0) parentTaskId=-1 isFocused=false isVisible=false isVisibleRequested=false isSleeping=false locusId=null displayAreaFeatureId=1 isTopActivityTransparent=false appCompatTaskInfo=AppCompatTaskInfo { topActivityInSizeCompat=false topActivityInMiuiSi
10-25 18:41:42.532  2318  4221 I DisplayModeDirectorImpl: setSmartDisplayUpRefreshRatePolicy [0.0,120.0]
10-25 18:41:42.532  1908  1908 I RefreshRateSelector: Display 4630947082089526659 policy changed
