10-25 18:41:28.723  1688  1688 I vendor.qti.hardware.servicetrackeraidl-service: total connections for service : com.google.android.gms/.backup.BackupTransportServiceare :1
10-25 18:41:28.723  1688  1688 I vendor.qti.hardware.servicetrackeraidl-service: total connections for client : systemare :29
10-25 18:41:28.730  2318  2318 I TransportConnection: BackupTransportService#2729: Notifying [BMS.restoreAtInstall] transport = BackupTransportClient
10-25 18:41:28.732  5787 13648 W AndroidBackupEventsLogg: Flag disabled, logging without sampling [CONTEXT service_id=229 ]
10-25 18:41:28.733  1688  1688 I vendor.qti.hardware.servicetrackeraidl-service: unbindService is called for service : com.google.android.gms/.backup.BackupTransportService and for client system
10-25 18:41:28.733  5787 13648 I AndroidBackupEventsLogg: (REDACTED) Logging without sampling %s
10-25 18:41:28.734  1688  1688 I vendor.qti.hardware.servicetrackeraidl-service: size of service connections for service: com.google.android.gms/.backup.BackupTransportServiceafter removal is 0
10-25 18:41:28.734  1688  1688 I vendor.qti.hardware.servicetrackeraidl-service: size of client connections for client: systemafter removal is 28
10-25 18:41:28.734  1688  1688 I vendor.qti.hardware.servicetrackeraidl-service: destroyService is called for service : com.google.android.gms/.backup.BackupTransportService
10-25 18:41:28.734  5787 13652 W AndroidBackupEventsLogg: Flag disabled, logging without sampling [CONTEXT service_id=229 ]
10-25 18:41:28.734  5787 13652 I AndroidBackupEventsLogg: (REDACTED) Logging without sampling %s
10-25 18:41:28.735  2318  2525 I InstallationTiming: com.qidian.QDReader.g|null|1007|387|113|53|0|27|335
10-25 18:41:28.735  2318  2525 I AppsFilter: interaction: PackageSetting{88d2418 com.android.microdroid.empty_payload/10236} -> PackageSetting{bb35c40 com.qidian.QDReader.g/10446} BLOCKED
10-25 18:41:28.736  2318  2525 I AppsFilter: interaction: PackageSetting{4a65456 io.appium.uiautomator2.server.test/10280} -> PackageSetting{bb35c40 com.qidian.QDReader.g/10446} BLOCKED
10-25 18:41:28.736  2318  2525 I AppsFilter: interaction: PackageSetting{4ec7ce io.github.ylimit.droidbotapp/10445} -> PackageSetting{bb35c40 com.qidian.QDReader.g/10446} BLOCKED
10-25 18:41:28.736  2318  2525 I AppsFilter: interaction: PackageSetting{9084cd7 com.rongcard.eid/10151} -> PackageSetting{bb35c40 com.qidian.QDReader.g/10446} BLOCKED
10-25 18:41:28.736  2318  2525 I AppsFilter: interaction: PackageSetting{53c69c4 io.appium.settings/10274} -> PackageSetting{bb35c40 com.qidian.QDReader.g/10446} BLOCKED
10-25 18:41:28.737 17430 17430 E tango_pretranslator: Pretranslating /data/app/~~JXEcryZI0UivbxoxYhwqUg==/com.qidian.QDReader.g-vbyzRi5MlijrcNZZPWXfxg==/base.apk ...
10-25 18:41:28.736  2318  2318 W binder:2318_7: type=1400 audit(0.0:55060): avc:  denied  { getopt } for  scontext=u:r:system_server:s0 tcontext=u:r:shell:s0 tclass=unix_stream_socket permissive=0
10-25 18:41:28.740  2318  3363 E AtomicFile: Failed to rename /data/system/install_sessions.xml.new to /data/system/install_sessions.xml
10-25 18:41:28.741 13559 17151 I Market-DownloadLimitSpeedManager: stopLimitSpeed
10-25 18:41:28.741 13559 17151 I Market-LimitSpeedManager: stopLimitSpeedNow() =========== 
10-25 18:41:28.743  2318  4246 W PackageManager: Failed registering loading progress callback. Package is fully loaded.
10-25 18:41:28.743  7756  9013 I MiuiVpnManageService: PackageMonitor. onPackageAdded: packageName =com.qidian.QDReader.g
10-25 18:41:28.745 13559 17151 I Market-RetrofitRequest: callEnd : https://updateinfo.market.xiaomi.com/apm/updateinfo/priority
10-25 18:41:28.746  2318  2447 W TextServicesManagerService: no available spell checker services found
10-25 18:41:28.745  9264  9430 I WakelockPolicyManager: setWakelockPolicy
10-25 18:41:28.746 13559 17151 I Market-OneTrackParams: useExpId=1978999,2000549,1700402,1994432,2075312,expId=1805848,1627499,1673776,1960945,1959861,1700402,2000549,1978992,1411227,1978999,1689162,1939606,1988282,1965378,1689207,2075312,1994432
10-25 18:41:28.747  2318  4251 I SdkSandboxManager: No SDKs used. Skipping SDK data reconcilation for CallingInfo{mUid=10446, mPackageName='com.qidian.QDReader.g, mAppProcessToken='null'}
10-25 18:41:28.736  2318  2318 W binder:2318_7: type=1400 audit(0.0:55061): avc:  denied  { getopt } for  scontext=u:r:system_server:s0 tcontext=u:r:shell:s0 tclass=unix_stream_socket permissive=0
10-25 18:41:28.736  2318  2318 W binder:2318_7: type=1400 audit(0.0:55062): avc:  denied  { getopt } for  scontext=u:r:system_server:s0 tcontext=u:r:shell:s0 tclass=unix_stream_socket permissive=0
10-25 18:41:28.740 17430 17430 W tango_pretransl: type=1400 audit(0.0:55063): avc:  denied  { ioctl } for  path="/data/app/~~JXEcryZI0UivbxoxYhwqUg==/com.qidian.QDReader.g-vbyzRi5MlijrcNZZPWXfxg==/base.apk.tango.hwY2HV.tmp" dev="dm-55" ino=150969 ioctlcmd=0x5413 scontext=u:r:tango_pretranslator:s0 tcontext=u:object_r:apk_data_file:s0 tclass=file permissive=0
10-25 18:41:28.752 17431 17431 E tango_pretranslator: Pretranslating /data/app/~~JXEcryZI0UivbxoxYhwqUg==/com.qidian.QDReader.g-vbyzRi5MlijrcNZZPWXfxg==/lib/arm/libsuperapp_ex.so ...
10-25 18:41:28.756  2318  3746 E AppOps  : attributionTag VCN not declared in manifest of android
10-25 18:41:28.760  2318  2318 I NetworkDetectInjector: ACTION_PACKAGE_ADDED uid = 10446
10-25 18:41:28.760  2318  4262 E AppScanObserverService: Try to add a invalid package: com.qidian.QDReader.g | 10446 | 0
10-25 18:41:28.760  7756  7756 I TrafficManageService: mina mPackageReceiver 0
10-25 18:41:28.760  7756  7756 I InstalledAppMonitor: com.qidian.QDReader.gonReceive add pkg=com.qidian.QDReader.g
10-25 18:41:28.761  7756  8708 I FireWallService: mina mPackageReceiver onReceive
10-25 18:41:28.761  6892  6892 I SafetyLabelChangedBroadcastReceiver: received broadcast packageName: com.qidian.QDReader.g, current user: UserHandle{0}, packageChangeEvent: NEW_INSTALL, intent user: UserHandle{0}
10-25 18:41:28.762  7756  9189 I GameBoosterNewApp: addAppToGameBox: isGameBoosterOpen=true
10-25 18:41:28.762  6892  6909 I PermissionControllerServiceImpl: Updating user sensitive for uid 10446
10-25 18:41:28.762  7756  9210 I AppPredictManager: predict: recentApps size = 5
10-25 18:41:28.763  2318  3746 E AppOps  : attributionTag VCN not declared in manifest of android
10-25 18:41:28.763  7756  8708 W FireWallService: is Pre-installed application
10-25 18:41:28.763  2318  3998 I ClipboardServiceI: checkProviderWakePathForClipboard: primaryClip is null
10-25 18:41:28.764  7756  9189 I GameBoosterNewApp: com.qidian.QDReader.g isGameFromJson false
10-25 18:41:28.764  2318  3691 I MiuiNetworkPolicy: ACTION_PACKAGE_ADDED uid = 10446
10-25 18:41:28.764  2318  2318 I MiuiNetworkPolicyTrafficLimit: ACTION_PACKAGE_ADDED uid = 10446
10-25 18:41:28.764  2318  2318 E SLM-SRV-SLAAppLib: initBroadcastReceivercom.qidian.QDReader.g
10-25 18:41:28.764  2318  2318 I SLM-SRV-SLAAppLib: ACTION_PACKAGE_ADDED uid = 10446com.qidian.QDReader.g
10-25 18:41:28.764  2318  2318 I SLM-SRV-SLSAppLib: setSLSGameUidList:null
10-25 18:41:28.764  2318  2318 I SLM-SRV-SLSAppLib: setSLSVoIPUid:0
10-25 18:41:28.764  2318  2318 I NetworkAccelerateSwitchService: setNetworkAccelerateSwitchUidList:null
10-25 18:41:28.764  2318  2318 I NetworkAccelerateSwitchService: setNetworkAccelerateSwitchVoIPUid:0
10-25 18:41:28.764  2318  2318 I SLM-SRV-SLAAppLib: mDoubleWifiUidList = 10090,10261,10286,10324,10325,10339,10430,10167,
10-25 18:41:28.764  2318  2318 I SLM-SRV-SLAAppLib: mDoubleDataUidList = 10090,10261,10286,10325,10339,10430,10431,10432,10167,
10-25 18:41:28.764  2318  5235 I SLM-SRV-SLAAppLib: setUidWhiteListToSlad
10-25 18:41:28.764  2318  5235 I SLM-SRV-SLAAppLib: setSLAUidList:10325,10339,10261,10286,10430,10167,10090,
10-25 18:41:28.764  7756  9189 I GameBoosterNewApp: com.qidian.QDReader.g isGameFromLocal false
10-25 18:41:28.765  2318  5235 I SLM-SRV-SLSAppLib: setSLAAppWhiteList:10325,10339,10261,10286,10430,10167,
10-25 18:41:28.766  2318  2449 I MiuiCompatModePackages: package com.qidian.QDReader.g updated, removing config
10-25 18:41:28.766  4299  4921 E ScreenElementRoot: load error, manifest root is null
10-25 18:41:28.766  2318  5140 E AppOps  : Bad call made by uid 1001. Package "com.android.phone" does not belong to uid 1000.
10-25 18:41:28.766  2318  5140 E AppOps  : Cannot noteOperation: non-application UID 1000
10-25 18:41:28.767  2318  3520 I RoleService: Granting default roles...
10-25 18:41:28.768  2318  2318 I AppsFilter: interaction: PackageSetting{fc800bc com.android.microdroid.empty_payload/10236} -> PackageSetting{5c9c845 com.qidian.QDReader.g/10446} BLOCKED
10-25 18:41:28.768  2318  2318 I AppsFilter: interaction: PackageSetting{c4d7b9a io.appium.uiautomator2.server.test/10280} -> PackageSetting{5c9c845 com.qidian.QDReader.g/10446} BLOCKED
10-25 18:41:28.768  2318  2318 I AppsFilter: interaction: PackageSetting{bc2bccb io.github.ylimit.droidbotapp/10445} -> PackageSetting{5c9c845 com.qidian.QDReader.g/10446} BLOCKED
10-25 18:41:28.768  2318  2318 I AppsFilter: interaction: PackageSetting{7726ca8 com.rongcard.eid/10151} -> PackageSetting{5c9c845 com.qidian.QDReader.g/10446} BLOCKED
10-25 18:41:28.768  2318  2318 I AppsFilter: interaction: PackageSetting{ac3a3c1 io.appium.settings/10274} -> PackageSetting{5c9c845 com.qidian.QDReader.g/10446} BLOCKED
10-25 18:41:28.769  2318  5449 W ParceledListSlice: Element #10 is 43740 bytes.
10-25 18:41:28.764 17431 17431 W tango_pretransl: type=1400 audit(0.0:55064): avc:  denied  { ioctl } for  path="/data/app/~~JXEcryZI0UivbxoxYhwqUg==/com.qidian.QDReader.g-vbyzRi5MlijrcNZZPWXfxg==/lib/arm/libsuperapp_ex.so.tango.ILbsZd.tmp" dev="dm-55" ino=150999 ioctlcmd=0x5413 scontext=u:r:tango_pretranslator:s0 tcontext=u:object_r:apk_data_file:s0 tclass=file permissive=0
10-25 18:41:28.770  2318  5437 W ParceledListSlice: Element #17 is 25036 bytes.
10-25 18:41:28.770  7756  7756 I AppPredictPrivacyLaunchManager: updateLauncherApps size: 71
10-25 18:41:28.770  2318  5437 W ParceledListSlice: Element #24 is 52004 bytes.
10-25 18:41:28.770  2318  5437 W ParceledListSlice: Overly large reply size: 117272
10-25 18:41:28.771  7043  7043 E PackageInstallHelper: handler start
10-25 18:41:28.771  7043  7043 E PackageInstallHelper: handler end
10-25 18:41:28.771  7043  7043 E PackageInstallHelper: PackageInstallHelper handler real start
10-25 18:41:28.771  4305  6370 I htmlviewercloudcontrol: isStagingEnv:false param =  fps_group_config  uriMatch = 2, cluster: cn, version: 617443, traceId: 3d9ee4589440844b19bc5124043f95bb, regId: +4z3RS85+e2U9l+sd6caQ/srGmJCsEbKpG1twyPn1K0CrNNyxYT/yAgGVxm5X+yC
10-25 18:41:28.771  2318  5455 W ParceledListSlice: Element #34 is 205964 bytes.
10-25 18:41:28.772  2318  5455 W ParceledListSlice: Overly large reply size: 238572
10-25 18:41:28.773  7756  8508 W ContextImpl: Calling a method in the system process without a qualified user: android.app.ContextImpl.startService:1939 android.content.ContextWrapper.startService:843 b4.k.d:80 q2.j.w:116 q2.j.j:0 
10-25 18:41:28.773  4663  5397 E SmsApplication: com.android.mms lost android:read_cell_broadcasts:  (fixing)
10-25 18:41:28.773  2318  5111 W ParceledListSlice: Element #40 is 19708 bytes.
10-25 18:41:28.773  2318  2422 W AppOpService: Ignored setUidMode call for runtime permission app op: uid = 10141, code = READ_CELL_BROADCASTS, mode = allow, callingUid = 1001, oldMode = allow
10-25 18:41:28.774  2318  5111 W ParceledListSlice: Element #48 is 187940 bytes.
10-25 18:41:28.774  2318  5111 W ParceledListSlice: Overly large reply size: 249300
10-25 18:41:28.775  2318  3691 I MiuiNetworkPolicy: updateUidState uid = 10266, uidState = 10
10-25 18:41:28.776  2318  5110 W ParceledListSlice: Element #52 is 19668 bytes.
10-25 18:41:28.777  7756  8508 I LocalNotificationMgr: pkg: com.qidian.QDReader.g mode:0
10-25 18:41:28.777  7756  8508 I GpBinderManager: bindCount : 43
10-25 18:41:28.777  2318  5445 I ActivityManager: Background started FGS: Allowed [callingPackage: com.miui.securitycenter; callingUid: 1000; uidState: PER ; uidBFSL: [BFSL]; intent: Intent { act=com.miui.cleanmaster.GARBAGE_PKG_ADD pkg=com.miui.cleanmaster (has extras) }; code:PROC_STATE_PERSISTENT; tempAllowListReason:<null>; targetSdkVersion:34; callerTargetSdkVersion:34; startForegroundCount:0; bindFromPackage:null: isBindService:false]
10-25 18:41:28.778  2318  5445 W ForegroundServiceTypeLoggerModule: Foreground service start for UID: 10266 does not have any types
10-25 18:41:28.779  2318  3691 I MiuiNetworkPolicy: updateUidState uid = 10266, uidState = 4
10-25 18:41:28.780  2318  5111 I ActivityManager: Cancel FGS notification userId: 0 definingUid: 10266 packageName: com.miui.cleanmaster processName:com.miui.cleanmaster ChannelId:com.miui.cleanmaster foregroundNotiWhen:1761388888777 Notiflags:64
10-25 18:41:28.780  2318  5111 W ForegroundServiceTypeLoggerModule: FGS stop call for: 10266 has no types!
10-25 18:41:28.781  2318  3691 I MiuiNetworkPolicyTrafficLimit: updateWhiteListUidForMobileTraffic uid=10266,add=true
10-25 18:41:28.782  1688  1688 I vendor.qti.hardware.servicetrackeraidl-service: destroyService is called for service : com.miui.cleanmaster/com.miui.optimizecenter.service.CleanMasterService
10-25 18:41:28.782  4299  4921 E Launcher.AllAppsList: Can't load postion for packageName: com.qidian.QDReader.g activityName: com.qidian.QDReader.SplashActivity
10-25 18:41:28.782 17439 17439 E tango_pretranslator: Pretranslating /data/app/~~JXEcryZI0UivbxoxYhwqUg==/com.qidian.QDReader.g-vbyzRi5MlijrcNZZPWXfxg==/lib/arm/libweibosdkcore.so ...
10-25 18:41:28.783  7688  7688 I UserConsentManager: onPermissionsChanged: 10446
10-25 18:41:28.783  7688  7688 I UserConsentManager: onPermissionsChanged: 10446
10-25 18:41:28.784  7688  7688 I UserConsentManager: onPermissionsChanged: 10446
10-25 18:41:28.785  7688  7688 I UserConsentManager: onPermissionsChanged: 10446
10-25 18:41:28.785  7688  7688 I UserConsentManager: onPermissionsChanged: 10446
10-25 18:41:28.785  7688  7688 I UserConsentManager: onPermissionsChanged: 10446
10-25 18:41:28.785  7688  7688 I UserConsentManager: onPermissionsChanged: 10446
10-25 18:41:28.788  4299  4970 W PreviewDisappear: getIconDrawable src: null
10-25 18:41:28.788  4299  4970 W PreviewDisappear: getIconDrawable app drawable: null
10-25 18:41:28.788  4299  4970 W PreviewDisappear: getIcon info target: ComponentInfo{com.qidian.QDReader.g/com.qidian.QDReader.SplashActivity}
10-25 18:41:28.788  4299  4970 W PreviewDisappear: getIcon info user: UserHandle{0}
10-25 18:41:28.788  4299  4970 W PreviewDisappear: getIcon info intent: Intent { act=android.intent.action.MAIN cat=[android.intent.category.LAUNCHER] flg=0x10200000 cmp=com.qidian.QDReader.g/com.qidian.QDReader.SplashActivity (has extras) }
10-25 18:41:28.788  4299  4970 W PreviewDisappear: 1 getIcon entry: null
10-25 18:41:28.788  4299  4970 W PreviewDisappear: 2 getIcon entry: com.miui.home.launcher.graphics.DrawableInfo@33f5d9e
10-25 18:41:28.788  4299  4970 W PreviewDisappear: applyCacheEntry entry: android.graphics.drawable.BitmapDrawable@6b5307f
10-25 18:41:28.788  4299  4970 W PreviewDisappear: getIconDrawable finally drawable: android.graphics.drawable.BitmapDrawable@6b5307f
10-25 18:41:28.789  7688  7688 I UserConsentManager: onPermissionsChanged: 10446
10-25 18:41:28.789  7688  7688 I UserConsentManager: onPermissionsChanged: 10446
10-25 18:41:28.789  7688  7688 I UserConsentManager: onPermissionsChanged: 10446
10-25 18:41:28.789  7688  7688 I UserConsentManager: onPermissionsChanged: 10446
10-25 18:41:28.790  7688  7688 I UserConsentManager: onPermissionsChanged: 10446
10-25 18:41:28.790  7688  7688 I UserConsentManager: onPermissionsChanged: 10446
10-25 18:41:28.790  7688  7688 I UserConsentManager: onPermissionsChanged: 10446
10-25 18:41:28.790 13559 17151 I Market-SystemSettingsManager: extraSettingsSecureGetInt key: com.xiaomi.market.need_update_game_count, value: 0
10-25 18:41:28.791 13559 17151 I Market-UpdateAppList: update app list do not change, don't notify: pkg (64) = com.milink.service,com.miui.hybrid,com.baidu.BaiduMap,com.miui.cleanmaster,com.netease.newsreader.activity,com.microsoft.emmx,com.android.fileexplorer,com.xiaomi.aiasst.vision,com.microsoft.office.outlook,com.miui.newhome,com.autonavi.minimap,com.miui.mishare.connectivity,com.android.contacts,com.unionpay.tsmservice.mi,com.miui.greenguard,com.miui.voiceassist,com.miui.thirdappassistant,com.xiaomi.scanner,com.miui.securitycenter,com.einnovation.temu,com.duokan.reader,com.wuba.zhuanzhuan,com.xingin.xhs,com.android.updater,com.miui.touchassistant,tv.danmaku.bili,com.dragon.read,com.miui.gallery,com.miui.cloudservice,com.miui.screenrecorder,com.alibaba.aliexpresshd,com.mfashiongallery.emag,com.miui.carlink,com.miui.notes,com.xiaomi.payment,com.miui.home,com.xiaomi.gamecenter,com.smile.gifmaker,com.miui.analytics,com.ss.android.ugc.aweme.lite,com.android.browser,com.xiaomi.account,com.suxing.sustream,com.xiaomi.mis,com.miui.virtualsim,com.android.quicksearchbox,com.sina.news,com.miui.video,com.ss.android.article.news,com.miui.miwallpaper,com.xiaomi.mi_connect_service,com.miui.personalassistant,com.miui.securityadd,com.kuaishou.nebula,com.xiaomi.gamecenter.sdk.service,com.xiaomi.simactivate.service,com.miui.bugreport,cn.amazon.mShop.android,com.xiaomi.digitalkey,com.android.calendar,com.xiaomi.aicr,com.xiaomi.xmsf,com.xiaomi.mirror,com.android.soundrecorder
10-25 18:41:28.792  2318  3691 I MiuiNetworkPolicy: updateUidState uid = 10266, uidState = 19
10-25 18:41:28.796  2318  3691 I MiuiNetworkPolicyTrafficLimit: updateWhiteListUidForMobileTraffic uid=10266,add=false
10-25 18:41:28.797  1908  1908 E DisplayModeController: setDesiredMode : Idle status skip setActiveMode, isDdicIdleMode: 1
10-25 18:41:28.799  2318  3691 I MiuiNetworkPolicy: updateUidState uid = 10097, uidState = 11
10-25 18:41:28.800 10367 10367 I VSC-AppInstallReceiver: action: android.intent.action.PACKAGE_CHANGED, packageName: com.qidian.QDReader.g
10-25 18:41:28.800  1656  1656 I SDM     : HWCDisplay::SetActiveConfigWithConstraints: display:66-0, config: 3, WxH 1200x2670, fps 120
10-25 18:41:28.800 13559 16635 I Market-SubScriptManager: updateMarketSubScript forceShow : false
10-25 18:41:28.800  1656  1656 W SDM     : HWDeviceDRM::GetSupportedBitClkRate: Requested rate not supported: 1150000000
10-25 18:41:28.800  1656  1656 I SDM     : HWDeviceDRM::UpdateMixerAttributes: Mixer WxH 1200x2670-1 for Peripheral
10-25 18:41:28.800 13559 16635 I Market-SubScriptManager: get count 64
10-25 18:41:28.801 13559 16635 I Market-SubScriptManager: get count 64
10-25 18:41:28.801  1656  1656 I SDM     : HWCDisplay::SubmitDisplayConfig: Active configuration changed from config 1 to 3
10-25 18:41:28.801  1656  1656 I SDM     : HWCDisplay::SubmitDisplayConfig: Active WxH 1200x2670 ,ddic_mode:auto, timing_fps: 120, sf_fps: 120
10-25 18:41:28.801  9660 22264 W lyra-mdns-core: _deal_timeout query _lyra-mdns._udp.local[0C] timeout!
10-25 18:41:28.801  1656  2516 I vendor.qti.hardware.display.composer-service: Sensor: notify citsensorservice to trigger cwb, misForced = 0
10-25 18:41:28.801  3030  3788 I libsensor-parseRGB: request dump start for mRequestDisplayId 0
10-25 18:41:28.802 13559 17151 I Market-PendingUpdateNotification: update existing notification
10-25 18:41:28.802  9012  9012 I ##XLogger##: #&^SSQP0GqYcHmLirHh7yVKj3/nMA0bIuhZ9AHSM9XritbUyCkRhxKlr1Y0zhzEyDi3U5nxWFYv40bISGe8h7UtQhh2i5aEqQ8FEcvZlUeA9EeYqh4y76fCAqfInstrpwHDlkJ8tI3M7B+6Hes/wQWuwnIxC9mKgupS0OTCmxeaqis=!!AMXZXu96h9UUxXMImRsqfhAD8UQMG1vCSn+J8fRyOxhJ7bN8Hu8ixNsBCwc4UJBmk5NeQ5JVMhIcFhVuw3FXC1ScNlJb18kARfIyrKTuXVoHm/3onuETYARFl+bgF1h9deTD0nQyV2gFGSeuwiuDYOYHJwUp5SFFU8nGAZr+iKezFLqME+VOMTHjPsqnr4iIqlEersxDIe0iLBmnbe2b6nL8Mo861oHlRRMz2TliyNQ9ihjrCRZJt4P1uvwC7//S7FahJXaB2dSTbMBtvk+BL5Ntun/SzY0sPxDfZexjdJpBPyjNvdzO50snLiobOnNnUiat44UPD3Hz6KyDEOEuYZvCV7ZRddUGttdtrImKTv9z7WuEZHeHsaHBtb5Xx2SqelSfKa1dFlgxkY5YDlzmf025nPhfNjoKAgk+PCD6zdnc8oGk5M8FTk3m3pzVPdF1cKX5eSv+ahVDfssQTh6o5DDikDqMaesO6gg+bwY+qFfMlAuS7Q9xUys+c5nZU1Z4G4J4dQEseVAX2AsTyEChDbS3dyxqolhsoWOVU0tZOHURp94/0jgxNJH317rEdxQWpH44Ey2Q2ikhHikNIGn9JSKxN7YEegZJjr8k8tFQySDEfhsmoi+gn+XBZzSOfn7G9ouXjPV0jxZt8nLr2GCZK9E48h7RlGCRbnWxTWVQWf50G9lH6gGCdGs8R2/wDjEaiuQ4/A3XKqQ6TiTWukz4dmKoVtqW68suhk0jw5pmCa3g4yDjD8jdz3QZYV8gnc58yg3ajqjVxye4Kt1joroHliCS6+g3HXMpeWcFIOj4INftUus2a2as/ZqGmyXE5136qedaX2Smg/q3fhul6IFLzJKMb0ubjOI+1C7Kyf+r1xE=^&#
10-25 18:41:28.803  2318  2318 W Bundle  : Key android.text expected String but value was a android.text.SpannableString.  The default value <null> was returned.
10-25 18:41:28.803  2318  2318 W Bundle  : Attempt to cast generated internal exception:
10-25 18:41:28.803  2318  2318 W Bundle  : java.lang.ClassCastException: android.text.SpannableString cannot be cast to java.lang.String
10-25 18:41:28.803  2318  2318 W Bundle  : 	at android.os.BaseBundle.getString(BaseBundle.java:1418)
10-25 18:41:28.803  2318  2318 W Bundle  : 	at com.android.server.notification.NotificationManagerServiceImpl.replaceNotification(NotificationManagerServiceImpl.java:1090)
10-25 18:41:28.803  2318  2318 W Bundle  : 	at com.android.server.notification.NotificationManagerService$NotificationListeners.notifyRemovedLocked(NotificationManagerService.java:12484)
10-25 18:41:28.803  2318  2318 W Bundle  : 	at com.android.server.notification.NotificationManagerService.cancelNotificationLocked(NotificationManagerService.java:10006)
10-25 18:41:28.803  2318  2318 W Bundle  : 	at com.android.server.notification.NotificationManagerService.-$$Nest$mcancelNotificationLocked(Unknown Source:0)
10-25 18:41:28.803  2318  2318 W Bundle  : 	at com.android.server.notification.NotificationManagerService$CancelNotificationRunnable.run(NotificationManagerService.java:8686)
10-25 18:41:28.803  2318  2318 W Bundle  : 	at android.os.Handler.handleCallback(Handler.java:959)
10-25 18:41:28.803  2318  2318 W Bundle  : 	at android.os.Handler.dispatchMessage(Handler.java:100)
10-25 18:41:28.803  2318  2318 W Bundle  : 	at android.os.Looper.loopOnce(Looper.java:249)
10-25 18:41:28.803  2318  2318 W Bundle  : 	at android.os.Looper.loop(Looper.java:337)
10-25 18:41:28.803  2318  2318 W Bundle  : 	at com.android.server.SystemServer.run(SystemServer.java:1065)
10-25 18:41:28.803  2318  2318 W Bundle  : 	at com.android.server.SystemServer.main(SystemServer.java:724)
10-25 18:41:28.803  2318  2318 W Bundle  : 	at java.lang.reflect.Method.invoke(Native Method)
10-25 18:41:28.803  2318  2318 W Bundle  : 	at com.android.internal.os.RuntimeInit$MethodAndArgsCaller.run(RuntimeInit.java:593)
10-25 18:41:28.803  2318  2318 W Bundle  : 	at com.android.internal.os.ZygoteInit.main(ZygoteInit.java:914)
10-25 18:41:28.805  2318  3691 I MiuiNetworkPolicy: updateUidState uid = 6110, uidState = 11
10-25 18:41:28.805  2318  3691 I MiuiNetworkPolicy: updateUidState uid = 10097, uidState = 19
10-25 18:41:28.805  9012  9012 I ##XLogger##: #&^SSQP0GqYcHmLirHh7yVKj3/nMA0bIuhZ9AHSM9XritbUyCkRhxKlr1Y0zhzEyDi3U5nxWFYv40bISGe8h7UtQhh2i5aEqQ8FEcvZlUeA9EeYqh4y76fCAqfInstrpwHDlkJ8tI3M7B+6Hes/wQWuwnIxC9mKgupS0OTCmxeaqis=!!AMXZXu96h9UUxXMImRsqfhAD8UQMG1vCSn+J8fRyOxho0wUhOJeR8x9t8DpjaseFYexHmc7eOxC8F/skHebiEEETYSWJzaYP38u7hHbBblSqhovbs8otiOOAIyyFqlXs+IfcXW56vn8baloLSbg/DKkSLJ9tIf//tWZHJUa/Pl8ahL2uQfChmEualXNV151PB2018dza478dEjpAFGM/bTZGqWJzkp0SqXgj06yz+fQ0lylpu6Y/FtjvnQv2a/ELUkXzAmU9W88chdsCtq6kpRKvJVcfTTGFeV8YVQoUaJEepe2tNxsMxLN4OnM1iC0rbYpHKCAT2xnclIwUlTBNHXniLJbwnajVLMUjEpL6HcE4E4cbMiFZqxrZkletDZykVIbwHoRPYKeLi+1zvAG0S2mTgL3ybtoeIzdZZH8co0N6y5lhCHFE+TApGoEpR6pkS8hcO404jKafTZ02JonVsWL+LSe9a3QUZdr2jwWci5bq/ziSGNj+brhXoxcPxgZVq/OgA+sYtlloYC/Y/6ZDXF6lSP7JAp5yszQseWlkzXwPbeaahXTFRMoj9HTABm9ZMOnt0fcn/waFduB2Blqci5EpfQhN9TZVVyRNBQweUvwlH6z69RjknPxKCC3bA9tlWvdj1qpc7bWQ6y8QCmFuUtNW5Lr1vzOrA4YHcWYbdLFeV3ENu9+jy74fwRWgO0Whai4WVtt9F5sxWdg9lP4ysZ95rM9egsNDXE7x9C75mGoG/UGcUxQpw1+8Pz1IbwZ/s0OHUGJt26UEGkiAmowfMmYbRnvWdNC1QWXNmSWySkOBUzK9hOGeWsn3oj43os/WkX/wfgP1x/TbbR/z75onwDac6UOdin0ECoZtxEfUE8rc8K5DQDy0GB8YzyRo/EjA^&#
10-25 18:41:28.806  7756  8928 I ThumbnailBlurUtils: getAllLauncherAppList time: 16
10-25 18:41:28.810  2318  3691 I MiuiNetworkPolicy: updateUidState uid = 6110, uidState = 19
10-25 18:41:28.812  6892  7967 I PermissionControllerServiceImpl: Updating user sensitive for uid 10446
10-25 18:41:28.813  7438  7438 E RegisteredServicesCache: Skipping application component ComponentInfo{com.autonavi.minimap/com.alibaba.ariver.commonability.device.jsapi.nfc.service.TinyAppHostApduService}: it must request the permission android.permission.NFC
10-25 18:41:28.813  7438  7438 E RegisteredServicesCache: Skipping application component ComponentInfo{com.autonavi.minimap/com.alipay.mobile.aompdevice.nfc.service.TinyAppHostApduService}: it must request the permission android.permission.NFC
10-25 18:41:28.814  4305  6370 I htmlviewercloudcontrol: isStagingEnv:false param =  fps_group_config  uriMatch = 2, cluster: cn, version: 617443, traceId: 3d9ee4589440844b19bc5124043f95bb, regId: +4z3RS85+e2U9l+sd6caQ/srGmJCsEbKpG1twyPn1K0CrNNyxYT/yAgGVxm5X+yC
10-25 18:41:28.814  7438  7438 I RegisteredServicesCache: current user: 0, is managed profile : false
10-25 18:41:28.816  4305  6370 I htmlviewercloudcontrol: isStagingEnv:false param =  fps_group_config  uriMatch = 2, cluster: cn, version: 617443, traceId: 3d9ee4589440844b19bc5124043f95bb, regId: +4z3RS85+e2U9l+sd6caQ/srGmJCsEbKpG1twyPn1K0CrNNyxYT/yAgGVxm5X+yC
10-25 18:41:28.817  4305  6370 I htmlviewercloudcontrol: isStagingEnv:false param =  fps_tp_exclude  uriMatch = 2, cluster: cn, version: 617443, traceId: 3d9ee4589440844b19bc5124043f95bb, regId: +4z3RS85+e2U9l+sd6caQ/srGmJCsEbKpG1twyPn1K0CrNNyxYT/yAgGVxm5X+yC
10-25 18:41:28.818  4305  6370 I htmlviewercloudcontrol: isStagingEnv:false param =  fps_idle_config  uriMatch = 2, cluster: cn, version: 617443, traceId: 3d9ee4589440844b19bc5124043f95bb, regId: +4z3RS85+e2U9l+sd6caQ/srGmJCsEbKpG1twyPn1K0CrNNyxYT/yAgGVxm5X+yC
10-25 18:41:28.820  4299  4931 W PreviewDisappear: 1 getIcon entry: null
10-25 18:41:28.820  4299  4931 W PreviewDisappear: 2 getIcon entry: com.miui.home.launcher.graphics.DrawableInfo@126884c
10-25 18:41:28.820  4299  4931 W PreviewDisappear: applyCacheEntry entry: android.graphics.drawable.BitmapDrawable@1b76095
10-25 18:41:28.820  2318  2422 W ParceledListSlice: Element #358 is 25976 bytes.
10-25 18:41:28.820  4305  6370 I htmlviewercloudcontrol: isStagingEnv:false param =  fps_idle_config  uriMatch = 2, cluster: cn, version: 617443, traceId: 3d9ee4589440844b19bc5124043f95bb, regId: +4z3RS85+e2U9l+sd6caQ/srGmJCsEbKpG1twyPn1K0CrNNyxYT/yAgGVxm5X+yC
10-25 18:41:28.821  4692  4692 W NotifCollection: Collection missing 10 entries in ranking update. Just lost 1: 0|com.xiaomi.market|32331445|null|10167
10-25 18:41:28.821  4305  6370 I htmlviewercloudcontrol: isStagingEnv:false param =  fps_tp_exclude  uriMatch = 2, cluster: cn, version: 617443, traceId: 3d9ee4589440844b19bc5124043f95bb, regId: +4z3RS85+e2U9l+sd6caQ/srGmJCsEbKpG1twyPn1K0CrNNyxYT/yAgGVxm5X+yC
10-25 18:41:28.821  4692  4692 E adTracker: Value pending_update of type java.lang.String cannot be converted to JSONObject
10-25 18:41:28.822  4305  6370 I htmlviewercloudcontrol: isStagingEnv:false param =  fps_idle_config  uriMatch = 2, cluster: cn, version: 617443, traceId: 3d9ee4589440844b19bc5124043f95bb, regId: +4z3RS85+e2U9l+sd6caQ/srGmJCsEbKpG1twyPn1K0CrNNyxYT/yAgGVxm5X+yC
10-25 18:41:28.822 17026 17049 W mit.droidbotapp: Cleared Reference was only reachable from finalizer (only reported once)
10-25 18:41:28.822  2318  5111 W ActivityManagerServiceImpl: Sending non-protected broadcast android.intent.action.APPLICATION_MESSAGE_UPDATE from system 4692:com.android.systemui/1000 pkg com.android.systemui. Callers=
10-25 18:41:28.823  4305  6370 I htmlviewercloudcontrol: isStagingEnv:false param =  display_fps_group  uriMatch = 2, cluster: cn, version: 617443, traceId: 3d9ee4589440844b19bc5124043f95bb, regId: +4z3RS85+e2U9l+sd6caQ/srGmJCsEbKpG1twyPn1K0CrNNyxYT/yAgGVxm5X+yC
10-25 18:41:28.823  4305  4322 I htmlviewercloudcontrol: isStagingEnv:false param =  fps_idle_config  uriMatch = 2, cluster: cn, version: 617443, traceId: 3d9ee4589440844b19bc5124043f95bb, regId: +4z3RS85+e2U9l+sd6caQ/srGmJCsEbKpG1twyPn1K0CrNNyxYT/yAgGVxm5X+yC
10-25 18:41:28.824  4305  4322 I htmlviewercloudcontrol: isStagingEnv:false param =  fps_idle_config  uriMatch = 2, cluster: cn, version: 617443, traceId: 3d9ee4589440844b19bc5124043f95bb, regId: +4z3RS85+e2U9l+sd6caQ/srGmJCsEbKpG1twyPn1K0CrNNyxYT/yAgGVxm5X+yC
10-25 18:41:28.825  4305  4322 I htmlviewercloudcontrol: isStagingEnv:false param =  fps_idle_config  uriMatch = 2, cluster: cn, version: 617443, traceId: 3d9ee4589440844b19bc5124043f95bb, regId: +4z3RS85+e2U9l+sd6caQ/srGmJCsEbKpG1twyPn1K0CrNNyxYT/yAgGVxm5X+yC
10-25 18:41:28.825  4299  4904 W PreviewDisappear: getIconDrawable src: null
10-25 18:41:28.825  4299  4904 W PreviewDisappear: getIconDrawable app drawable: null
10-25 18:41:28.825  4299  4904 W PreviewDisappear: getIcon info target: ComponentInfo{com.qidian.QDReader.g/com.qidian.QDReader.SplashActivity}
10-25 18:41:28.825  4299  4904 W PreviewDisappear: getIcon info user: UserHandle{0}
10-25 18:41:28.825  4299  4904 W PreviewDisappear: getIcon info intent: Intent { act=android.intent.action.MAIN cat=[android.intent.category.LAUNCHER] flg=0x10200000 cmp=com.qidian.QDReader.g/com.qidian.QDReader.SplashActivity (has extras) }
10-25 18:41:28.825  4299  4904 W PreviewDisappear: 1 getIcon entry: null
10-25 18:41:28.825  4299  4904 W PreviewDisappear: 2 getIcon entry: com.miui.home.launcher.graphics.DrawableInfo@2bfb5aa
10-25 18:41:28.825  4299  4904 W PreviewDisappear: applyCacheEntry entry: android.graphics.drawable.BitmapDrawable@76559b
10-25 18:41:28.825  4299  4904 W PreviewDisappear: getIconDrawable finally drawable: android.graphics.drawable.BitmapDrawable@76559b
10-25 18:41:28.826  4305  4322 I htmlviewercloudcontrol: isStagingEnv:false param =  fps_group_config  uriMatch = 2, cluster: cn, version: 617443, traceId: 3d9ee4589440844b19bc5124043f95bb, regId: +4z3RS85+e2U9l+sd6caQ/srGmJCsEbKpG1twyPn1K0CrNNyxYT/yAgGVxm5X+yC
10-25 18:41:28.826  2318  5110 W AppOpService: Ignored setUidMode call for runtime permission app op: uid = 1001, code = READ_SMS, mode = allow, callingUid = 1001, oldMode = allow
10-25 18:41:28.826  4305  4322 I htmlviewercloudcontrol: isStagingEnv:false param =  fps_group_config  uriMatch = 2, cluster: cn, version: 617443, traceId: 3d9ee4589440844b19bc5124043f95bb, regId: +4z3RS85+e2U9l+sd6caQ/srGmJCsEbKpG1twyPn1K0CrNNyxYT/yAgGVxm5X+yC
10-25 18:41:28.827  2318  5445 W AppOpService: Ignored setUidMode call for runtime permission app op: uid = 1001, code = RECEIVE_SMS, mode = allow, callingUid = 1001, oldMode = allow
10-25 18:41:28.827 17448 17448 E tango_pretranslator: Pretranslating /data/app/~~JXEcryZI0UivbxoxYhwqUg==/com.qidian.QDReader.g-vbyzRi5MlijrcNZZPWXfxg==/lib/arm/libtpnsWatchdog.so ...
10-25 18:41:28.827  2318  5110 W AppOpService: Ignored setUidMode call for runtime permission app op: uid = 1001, code = RECEIVE_WAP_PUSH, mode = allow, callingUid = 1001, oldMode = allow
10-25 18:41:28.827  2318  5445 W AppOpService: Ignored setUidMode call for runtime permission app op: uid = 1001, code = SEND_SMS, mode = allow, callingUid = 1001, oldMode = allow
10-25 18:41:28.827  2318  5445 W AppOpService: Ignored setUidMode call for runtime permission app op: uid = 1001, code = READ_CELL_BROADCASTS, mode = allow, callingUid = 1001, oldMode = allow
10-25 18:41:28.827  9264  9760 I DisplayFrameSetting: register
10-25 18:41:28.827  2318  5110 I whetstone.activity: noteVideoFps registVideoFpsCallBack, count is 1
10-25 18:41:28.830  4692  4692 E StackScroller: updateSidePadding: viewWidth is zero
10-25 18:41:28.831  2318 19981 E RoleControllerServiceImpl: Default/fallback role holder package doesn't qualify for the role, package: com.android.devicelockcontroller, role: android.app.role.SYSTEM_FINANCED_DEVICE_CONTROLLER
10-25 18:41:28.831 17026 17049 I mit.droidbotapp: This is non sticky GC, maxfree is 16777216 minfree is 8388608
10-25 18:41:28.832  3030 15012 E libsensor-parseRGB: CWB NotifyCWBBufferDone  error 0
10-25 18:41:28.832 13559 17151 I Market-PendingUpdateNotification: c null isOut false exist true
10-25 18:41:28.832 13559 17151 I Market-ClientConfig: not support null
10-25 18:41:28.834 13559 17151 I Market-LocalAppManager: queryDiffSizeFromServer start
10-25 18:41:28.835 13559 17151 I Market-RetrofitRequest: callStart : https://updateinfo.market.xiaomi.com/apm/updateinfo/diffsize
10-25 18:41:28.835 13559 17151 I Market-RetrofitRequest: HeaderInterceptor : https://updateinfo.market.xiaomi.com/apm/updateinfo/diffsize
10-25 18:41:28.837  9264  9444 W WakelockManagerService: uid: 1000 is unblock state
10-25 18:41:28.837  9264  9444 W WakelockManagerService: uid: 1001 is unblock state
10-25 18:41:28.837  9264  9444 W WakelockManagerService: uid: 1002 is unblock state
10-25 18:41:28.837  9264  9444 W WakelockManagerService: uid: 1027 is unblock state
10-25 18:41:28.837  9264  9444 W WakelockManagerService: uid: 1068 is unblock state
10-25 18:41:28.837  9264  9444 W WakelockManagerService: uid: 1073 is unblock state
10-25 18:41:28.837  9264  9444 W WakelockManagerService: uid: 2000 is unblock state
10-25 18:41:28.837  9264  9444 W WakelockManagerService: uid: 6100 is unblock state
10-25 18:41:28.837  9264  9444 W WakelockManagerService: uid: 6101 is unblock state
10-25 18:41:28.837  9264  9444 W WakelockManagerService: uid: 6102 is unblock state
10-25 18:41:28.837  9264  9444 W WakelockManagerService: uid: 6110 is unblock state
10-25 18:41:28.837  9264  9444 W WakelockManagerService: uid: 6120 is unblock state
10-25 18:41:28.837  9264  9444 W WakelockManagerService: uid: 10000 is unblock state
10-25 18:41:28.837  9264  9444 W WakelockManagerService: uid: 10001 is unblock state
10-25 18:41:28.837  9264  9444 W WakelockManagerService: uid: 10002 is unblock state
10-25 18:41:28.837  9264  9444 W WakelockManagerService: uid: 10003 is unblock state
10-25 18:41:28.837 13559 17151 I Market-LimitSpeedManager: startLimitSpeedNow() ====== speed = 32768
10-25 18:41:28.837  9264  9444 W WakelockManagerService: uid: 10004 is unblock state
10-25 18:41:28.837  9264  9444 W WakelockManagerService: uid: 10005 is unblock state
10-25 18:41:28.837  9264  9444 W WakelockManagerService: uid: 10006 is unblock state
10-25 18:41:28.838  9264  9444 W WakelockManagerService: uid: 10007 is unblock state
10-25 18:41:28.838  9264  9444 W WakelockManagerService: uid: 10008 is unblock state
10-25 18:41:28.838  9264  9444 W WakelockManagerService: uid: 10009 is unblock state
10-25 18:41:28.838  9264  9444 W WakelockManagerService: uid: 10010 is unblock state
10-25 18:41:28.838  9264  9444 W WakelockManagerService: uid: 10011 is unblock state
10-25 18:41:28.838  9264  9444 W WakelockManagerService: uid: 10012 is unblock state
10-25 18:41:28.838  9264  9444 W WakelockManagerService: uid: 10013 is unblock state
10-25 18:41:28.838  9264  9444 W WakelockManagerService: uid: 10014 is unblock state
10-25 18:41:28.838  9264  9444 W WakelockManagerService: uid: 10015 is unblock state
10-25 18:41:28.838  9264  9444 W WakelockManagerService: uid: 10016 is unblock state
10-25 18:41:28.838  9264  9444 W WakelockManagerService: uid: 10017 is unblock state
10-25 18:41:28.838  9264  9444 W WakelockManagerService: uid: 10018 is unblock state
10-25 18:41:28.838  9264  9444 W WakelockManagerService: uid: 10019 is unblock state
10-25 18:41:28.838  9264  9444 W WakelockManagerService: uid: 10020 is unblock state
10-25 18:41:28.838  9264  9444 W WakelockManagerService: uid: 10021 is unblock state
10-25 18:41:28.838  9264  9444 W WakelockManagerService: uid: 10022 is unblock state
10-25 18:41:28.838  9264  9444 W WakelockManagerService: uid: 10023 is unblock state
10-25 18:41:28.838  9264  9444 W WakelockManagerService: uid: 10024 is unblock state
10-25 18:41:28.838  9264  9444 W WakelockManagerService: uid: 10025 is unblock state
10-25 18:41:28.838  9264  9444 W WakelockManagerService: uid: 10026 is unblock state
10-25 18:41:28.838  9264  9444 W WakelockManagerService: uid: 10027 is unblock state
10-25 18:41:28.838  9264  9444 W WakelockManagerService: uid: 10028 is unblock state
10-25 18:41:28.838  9264  9444 W WakelockManagerService: uid: 10029 is unblock state
10-25 18:41:28.838  9264  9444 W WakelockManagerService: uid: 10030 is unblock state
10-25 18:41:28.838  9264  9444 W WakelockManagerService: uid: 10031 is unblock state
10-25 18:41:28.838  9264  9444 W WakelockManagerService: uid: 10032 is unblock state
10-25 18:41:28.838  9264  9444 W WakelockManagerService: uid: 10033 is unblock state
10-25 18:41:28.838  9264  9444 W WakelockManagerService: uid: 10034 is unblock state
10-25 18:41:28.838  9264  9444 W WakelockManagerService: uid: 10035 is unblock state
10-25 18:41:28.838  9264  9444 W WakelockManagerService: uid: 10036 is unblock state
10-25 18:41:28.838  9264  9444 W WakelockManagerService: uid: 10037 is unblock state
10-25 18:41:28.838  9264  9444 W WakelockManagerService: uid: 10038 is unblock state
10-25 18:41:28.838  9264  9444 W WakelockManagerService: uid: 10039 is unblock state
10-25 18:41:28.838  9264  9444 W WakelockManagerService: uid: 10040 is unblock state
10-25 18:41:28.838  9264  9444 W WakelockManagerService: uid: 10041 is unblock state
10-25 18:41:28.838  9264  9444 W WakelockManagerService: uid: 10042 is unblock state
10-25 18:41:28.838  9264  9444 W WakelockManagerService: uid: 10043 is unblock state
10-25 18:41:28.838  9264  9444 W WakelockManagerService: uid: 10044 is unblock state
10-25 18:41:28.838  9264  9444 W WakelockManagerService: uid: 10045 is unblock state
10-25 18:41:28.838  9264  9444 W WakelockManagerService: uid: 10046 is unblock state
10-25 18:41:28.838  9264  9444 W WakelockManagerService: uid: 10047 is unblock state
10-25 18:41:28.838  9264  9444 W WakelockManagerService: uid: 10048 is unblock state
10-25 18:41:28.838  9264  9444 W WakelockManagerService: uid: 10049 is unblock state
10-25 18:41:28.838  9264  9444 W WakelockManagerService: uid: 10050 is unblock state
10-25 18:41:28.838  9264  9444 W WakelockManagerService: uid: 10051 is unblock state
10-25 18:41:28.838  9264  9444 W WakelockManagerService: uid: 10052 is unblock state
10-25 18:41:28.838  9264  9444 W WakelockManagerService: uid: 10053 is unblock state
10-25 18:41:28.838  9264  9444 W WakelockManagerService: uid: 10054 is unblock state
10-25 18:41:28.838  9264  9444 W WakelockManagerService: uid: 10055 is unblock state
10-25 18:41:28.838  9264  9444 W WakelockManagerService: uid: 10056 is unblock state
10-25 18:41:28.838  9264  9444 W WakelockManagerService: uid: 10057 is unblock state
10-25 18:41:28.838  9264  9444 W WakelockManagerService: uid: 10058 is unblock state
10-25 18:41:28.838  9264  9444 W WakelockManagerService: uid: 10059 is unblock state
10-25 18:41:28.838  9264  9444 W WakelockManagerService: uid: 10060 is unblock state
10-25 18:41:28.838  9264  9444 W WakelockManagerService: uid: 10061 is unblock state
10-25 18:41:28.838  9264  9444 W WakelockManagerService: uid: 10062 is unblock state
10-25 18:41:28.838  9264  9444 W WakelockManagerService: uid: 10063 is unblock state
10-25 18:41:28.838  9264  9444 W WakelockManagerService: uid: 10064 is unblock state
10-25 18:41:28.838  9264  9444 W WakelockManagerService: uid: 10065 is unblock state
10-25 18:41:28.838  9264  9444 W WakelockManagerService: uid: 10066 is unblock state
10-25 18:41:28.838  9264  9444 W WakelockManagerService: uid: 10067 is unblock state
10-25 18:41:28.838  9264  9444 W WakelockManagerService: uid: 10068 is unblock state
10-25 18:41:28.838  9264  9444 W WakelockManagerService: uid: 10069 is unblock state
10-25 18:41:28.838  9264  9444 W WakelockManagerService: uid: 10070 is unblock state
10-25 18:41:28.838  9264  9444 W WakelockManagerService: uid: 10071 is unblock state
10-25 18:41:28.838  9264  9444 W WakelockManagerService: uid: 10072 is unblock state
10-25 18:41:28.838  9264  9444 W WakelockManagerService: uid: 10073 is unblock state
10-25 18:41:28.838  9264  9444 W WakelockManagerService: uid: 10074 is unblock state
10-25 18:41:28.838  9264  9444 W WakelockManagerService: uid: 10075 is unblock state
10-25 18:41:28.838  9264  9444 W WakelockManagerService: uid: 10076 is unblock state
10-25 18:41:28.838  9264  9444 W WakelockManagerService: uid: 10077 is unblock state
10-25 18:41:28.838  9264  9444 W WakelockManagerService: uid: 10078 is unblock state
10-25 18:41:28.838  9264  9444 W WakelockManagerService: uid: 10079 is unblock state
10-25 18:41:28.838  9264  9444 W WakelockManagerService: uid: 10080 is unblock state
10-25 18:41:28.838  9264  9444 W WakelockManagerService: uid: 10081 is unblock state
10-25 18:41:28.838  9264  9444 W WakelockManagerService: uid: 10082 is unblock state
10-25 18:41:28.838  9264  9444 W WakelockManagerService: uid: 10083 is unblock state
10-25 18:41:28.838  9264  9444 W WakelockManagerService: uid: 10084 is unblock state
10-25 18:41:28.838  9264  9444 W WakelockManagerService: uid: 10085 is unblock state
10-25 18:41:28.838  9264  9444 W WakelockManagerService: uid: 10086 is unblock state
10-25 18:41:28.838  9264  9444 W WakelockManagerService: uid: 10087 is unblock state
10-25 18:41:28.838  9264  9444 W WakelockManagerService: uid: 10088 is unblock state
10-25 18:41:28.838  9264  9444 W WakelockManagerService: uid: 10089 is unblock state
10-25 18:41:28.838  9264  9444 W WakelockManagerService: uid: 10090 is unblock state
10-25 18:41:28.838  9264  9444 W WakelockManagerService: uid: 10091 is unblock state
10-25 18:41:28.838  9264  9444 W WakelockManagerService: uid: 10092 is unblock state
10-25 18:41:28.838  9264  9444 W WakelockManagerService: uid: 10093 is unblock state
10-25 18:41:28.838  9264  9444 W WakelockManagerService: uid: 10094 is unblock state
10-25 18:41:28.838  9264  9444 W WakelockManagerService: uid: 10095 is unblock state
10-25 18:41:28.838  9264  9444 W WakelockManagerService: uid: 10096 is unblock state
10-25 18:41:28.838  9264  9444 W WakelockManagerService: uid: 10097 is unblock state
10-25 18:41:28.838  9264  9444 W WakelockManagerService: uid: 10098 is unblock state
10-25 18:41:28.838  9264  9444 W WakelockManagerService: uid: 10099 is unblock state
10-25 18:41:28.838  9264  9444 W WakelockManagerService: uid: 10100 is unblock state
10-25 18:41:28.838  9264  9444 W WakelockManagerService: uid: 10101 is unblock state
10-25 18:41:28.838  9264  9444 W WakelockManagerService: uid: 10102 is unblock state
10-25 18:41:28.838  9264  9444 W WakelockManagerService: uid: 10103 is unblock state
10-25 18:41:28.838  9264  9444 W WakelockManagerService: uid: 10104 is unblock state
10-25 18:41:28.838  9264  9444 W WakelockManagerService: uid: 10105 is unblock state
10-25 18:41:28.838  9264  9444 W WakelockManagerService: uid: 10106 is unblock state
10-25 18:41:28.838  9264  9444 W WakelockManagerService: uid: 10107 is unblock state
10-25 18:41:28.839  9264  9444 W WakelockManagerService: uid: 10108 is unblock state
10-25 18:41:28.839  9264  9444 W WakelockManagerService: uid: 10109 is unblock state
10-25 18:41:28.839  9264  9444 W WakelockManagerService: uid: 10110 is unblock state
10-25 18:41:28.839  9264  9444 W WakelockManagerService: uid: 10111 is unblock state
10-25 18:41:28.839  9264  9444 W WakelockManagerService: uid: 10112 is unblock state
10-25 18:41:28.839  9264  9444 W WakelockManagerService: uid: 10113 is unblock state
10-25 18:41:28.839  9264  9444 W WakelockManagerService: uid: 10114 is unblock state
10-25 18:41:28.839  9264  9444 W WakelockManagerService: uid: 10115 is unblock state
10-25 18:41:28.839  9264  9444 W WakelockManagerService: uid: 10116 is unblock state
10-25 18:41:28.839  9264  9444 W WakelockManagerService: uid: 10117 is unblock state
10-25 18:41:28.839  9264  9444 W WakelockManagerService: uid: 10118 is unblock state
10-25 18:41:28.839  9264  9444 W WakelockManagerService: uid: 10119 is unblock state
10-25 18:41:28.839  9264  9444 W WakelockManagerService: uid: 10120 is unblock state
10-25 18:41:28.839  9264  9444 W WakelockManagerService: uid: 10121 is unblock state
10-25 18:41:28.839  9264  9444 W WakelockManagerService: uid: 10122 is unblock state
10-25 18:41:28.839  9264  9444 W WakelockManagerService: uid: 10123 is unblock state
10-25 18:41:28.839  9264  9444 W WakelockManagerService: uid: 10124 is unblock state
10-25 18:41:28.839  9264  9444 W WakelockManagerService: uid: 10125 is unblock state
10-25 18:41:28.839  7438  7438 I RegisteredAidCache: updateRoutingLocked(false): Enter
10-25 18:41:28.839  9264  9444 W WakelockManagerService: uid: 10126 is unblock state
10-25 18:41:28.839  9264  9444 W WakelockManagerService: uid: 10127 is unblock state
10-25 18:41:28.839  9264  9444 W WakelockManagerService: uid: 10128 is unblock state
10-25 18:41:28.839  9264  9444 W WakelockManagerService: uid: 10129 is unblock state
10-25 18:41:28.839  7438  7438 I AidRoutingManager: configureRouting(false): Enter
10-25 18:41:28.839  9264  9444 W WakelockManagerService: uid: 10130 is unblock state
10-25 18:41:28.839  9264  9444 W WakelockManagerService: uid: 10131 is unblock state
10-25 18:41:28.839  7438  7438 E AidRoutingManager: Size of routing table970
10-25 18:41:28.839  9264  9444 W WakelockManagerService: uid: 10132 is unblock state
10-25 18:41:28.839  9264  9444 W WakelockManagerService: uid: 10134 is unblock state
10-25 18:41:28.839  9264  9444 W WakelockManagerService: uid: 10135 is unblock state
10-25 18:41:28.839  9264  9444 W WakelockManagerService: uid: 10136 is unblock state
10-25 18:41:28.839  7438  7438 I RegisteredAidCache: updateRoutingLocked(false): exit
10-25 18:41:28.839  9264  9444 W WakelockManagerService: uid: 10137 is unblock state
10-25 18:41:28.839  9264  9444 W WakelockManagerService: uid: 10138 is unblock state
10-25 18:41:28.839  9264  9444 W WakelockManagerService: uid: 10139 is unblock state
10-25 18:41:28.839  9264  9444 W WakelockManagerService: uid: 10140 is unblock state
10-25 18:41:28.839  9264  9444 W WakelockManagerService: uid: 10141 is unblock state
10-25 18:41:28.839  9264  9444 W WakelockManagerService: uid: 10142 is unblock state
10-25 18:41:28.839  9264  9444 W WakelockManagerService: uid: 10143 is unblock state
10-25 18:41:28.839  9264  9444 W WakelockManagerService: uid: 10144 is unblock state
10-25 18:41:28.839  9264  9444 W WakelockManagerService: uid: 10145 is unblock state
10-25 18:41:28.839  9264  9444 W WakelockManagerService: uid: 10146 is unblock state
10-25 18:41:28.839  9264  9444 W WakelockManagerService: uid: 10147 is unblock state
10-25 18:41:28.839  9264  9444 W WakelockManagerService: uid: 10148 is unblock state
10-25 18:41:28.839  9264  9444 W WakelockManagerService: uid: 10149 is unblock state
10-25 18:41:28.839  9264  9444 W WakelockManagerService: uid: 10150 is unblock state
10-25 18:41:28.839  9264  9444 W WakelockManagerService: uid: 10151 is unblock state
10-25 18:41:28.839  9264  9444 W WakelockManagerService: uid: 10152 is unblock state
10-25 18:41:28.839  9264  9444 W WakelockManagerService: uid: 10153 is unblock state
10-25 18:41:28.839  9264  9444 W WakelockManagerService: uid: 10154 is unblock state
10-25 18:41:28.839  9264  9444 W WakelockManagerService: uid: 10155 is unblock state
10-25 18:41:28.839  9264  9444 W WakelockManagerService: uid: 10156 is unblock state
10-25 18:41:28.839  9264  9444 W WakelockManagerService: uid: 10157 is unblock state
10-25 18:41:28.839  9264  9444 W WakelockManagerService: uid: 10158 is unblock state
10-25 18:41:28.839  9264  9444 W WakelockManagerService: uid: 10159 is unblock state
10-25 18:41:28.839  9264  9444 W WakelockManagerService: uid: 10160 is unblock state
10-25 18:41:28.839  9264  9444 W WakelockManagerService: uid: 10161 is unblock state
10-25 18:41:28.839  9264  9444 W WakelockManagerService: uid: 10162 is unblock state
10-25 18:41:28.839  9264  9444 W WakelockManagerService: uid: 10163 is unblock state
10-25 18:41:28.839  9264  9444 W WakelockManagerService: uid: 10164 is unblock state
10-25 18:41:28.839  9264  9444 W WakelockManagerService: uid: 10165 is unblock state
10-25 18:41:28.839  9264  9444 W WakelockManagerService: uid: 10166 is unblock state
10-25 18:41:28.839  9264  9444 W WakelockManagerService: uid: 10167 is unblock state
10-25 18:41:28.839  9264  9444 W WakelockManagerService: uid: 10168 is unblock state
10-25 18:41:28.839  9264  9444 W WakelockManagerService: uid: 10169 is unblock state
10-25 18:41:28.839  9264  9444 W WakelockManagerService: uid: 10170 is unblock state
10-25 18:41:28.839  9264  9444 W WakelockManagerService: uid: 10171 is unblock state
10-25 18:41:28.839  9264  9444 W WakelockManagerService: uid: 10172 is unblock state
10-25 18:41:28.839  9264  9444 W WakelockManagerService: uid: 10173 is unblock state
10-25 18:41:28.839  9264  9444 W WakelockManagerService: uid: 10174 is unblock state
10-25 18:41:28.839  9264  9444 W WakelockManagerService: uid: 10175 is unblock state
10-25 18:41:28.839  9264  9444 W WakelockManagerService: uid: 10176 is unblock state
10-25 18:41:28.839  9264  9444 W WakelockManagerService: uid: 10177 is unblock state
10-25 18:41:28.839  9264  9444 W WakelockManagerService: uid: 10178 is unblock state
10-25 18:41:28.839  9264  9444 W WakelockManagerService: uid: 10179 is unblock state
10-25 18:41:28.839  9264  9444 W WakelockManagerService: uid: 10180 is unblock state
10-25 18:41:28.839  9264  9444 W WakelockManagerService: uid: 10181 is unblock state
