10-25 18:41:46.493  2318  5088 E ActivityTaskManager: Unable to get servicetracker HAL instance
10-25 18:41:46.494  4299  5154 W MiBridge: Permission not granted !!
10-25 18:41:46.494  1672  1746 E ANDR-PERF-UTIL: ANDR-PERF-UTIL: save_node_val() 366: Failed to read /sys/class/mmc_host/mmc0/clk_scaling/enable
10-25 18:41:46.495  1672  1746 E ANDR-PERF-OPTSHANDLER: ANDR-PERF-OPTSHANDLER: modify_sysfsnode() 1266: Failed to read /sys/class/mmc_host/mmc0/clk_scaling/enable
10-25 18:41:46.495  1672  1746 E ANDR-PERF-RESOURCEQS: ANDR-PERF-RESOURCEQS: AddAndApply() 167: Failed to apply optimization [11, 4]
10-25 18:41:46.495  2318  5088 E WindowManager: setClientVisible ActivityRecord{cc26333 u0 com.miui.home/.launcher.Launcher t2} true
10-25 18:41:46.495  2318  5088 E ActivityTaskManager: Unable to get servicetracker HAL instance
10-25 18:41:46.495  2318  5088 I MultiSenceManagerInternalStub: getInstance
10-25 18:41:46.496  3094  3094 I adbd    : in ShellService: getprop ro.sf.lcd_density
10-25 18:41:46.496  2318  5088 E WindowManager: setClientVisible WallpaperWindowToken{25da35f token=android.os.Binder@2084ffe} false
10-25 18:41:46.496  4628  4799 I DynamicDDSService: handleMessage(ACTIVITY_INVOKE{appInfo=com.miui.home isFullScreen=}true)
10-25 18:41:46.496  1908  1908 I BpBinder: onLastStrongRef automatically unlinking death recipients: 
10-25 18:41:46.497  2318  5088 I BLASTSyncEngine: SyncGroup 144:  Unfinished container:ActivityRecord{cc26333 u0 com.miui.home/.launcher.Launcher t2}
10-25 18:41:46.497  2318  5088 I BLASTSyncEngine: isActivitySyncFinished isSyncFinished false ActivityRecord{cc26333 u0 com.miui.home/.launcher.Launcher t2}
10-25 18:41:46.497  4692  4887 I MultiTaskingTaskRepository: no MULTI_WINDOW, but base activity is null
10-25 18:41:46.497  4692  4887 I MultiTaskingTaskRepository: needSkip: is home task
10-25 18:41:46.498  2318  2439 I WindowManager: wms.showSurfaceRobustly mWin:Window{2fdcaad u0 com.miui.miwallpaper.wallpaperservice.ImageWallpaper}
10-25 18:41:46.499  4299  5154 E ActivityManagerWrapper: get all recent tasks force including -1
10-25 18:41:46.499  2318  4204 I NetworkBoostStatusManager: onForegroundInfoChanged uid:10138, isColdStart:false
10-25 18:41:46.499  2318  4204 I SLM-SRV-SLAToast: foreground uid:10138, isColdStart:false, isLinkTurboEnable:false
10-25 18:41:46.500  8364  8519 I AICall_MemoryTrim: binder:8364_2 onAppBackground()
10-25 18:41:46.500  9289 25778 I GST     : forePkg: com.miui.home, preForePkg: com.android.permissioncontroller
10-25 18:41:46.500  2318  4204 I AudioGameEffect: foreground change to com.miui.home, last foreground is com.android.permissioncontroller
10-25 18:41:46.500  2318  5088 I SmartPower: com.miui.personalassistant/10135(7707): idle->visible(781ms) R(become visible) adj=100.
10-25 18:41:46.501  4299  5154 E ActivityManagerWrapper: getRecentTasksForceIncludingTaskIdIfValid: getRecentTasks: size=2
10-25 18:41:46.501  4299  5154 E ActivityManagerWrapper:  mainTaskId=11   userId=0   windowMode=1   baseIntent=Intent { act=android.intent.action.MAIN flag=270532608 cmp=ComponentInfo{com.android.settings/com.android.settings.MainSettings} }
10-25 18:41:46.501  4299  5154 E ActivityManagerWrapper:  mainTaskId=18   userId=0   windowMode=1   baseIntent=Intent { act=android.intent.action.MAIN flag=268435456 cmp=ComponentInfo{com.kuaishou.nebula/com.yxcorp.gifshow.HomeActivity} }
10-25 18:41:46.501  7756 24820 W MIUISafety-Monitor: screen share ensure fg = com.miui.home protect = false
10-25 18:41:46.501  4299  4299 W Settings: Setting device_provisioned has moved from android.provider.Settings.Secure to android.provider.Settings.Global.
10-25 18:41:46.501  7756  7882 I ProcessMonitor: onForegroundInfoChanged: ForegroundInfo{mForegroundPackageName='com.miui.home', mForegroundUid=10138, mForegroundPid=4299, mLastForegroundPackageName='com.android.permissioncontroller', mLastForegroundUid=10241, mLastForegroundPid=6892, mMultiWindowForegroundPackageName='com.miui.home', mMultiWindowForegroundUid=10138, mFlags=0}
10-25 18:41:46.501  2318  5088 I BLASTSyncEngine: SyncGroup 144:  Unfinished container:ActivityRecord{cc26333 u0 com.miui.home/.launcher.Launcher t2}
10-25 18:41:46.501  2318  5088 I BLASTSyncEngine: isActivitySyncFinished isSyncFinished false ActivityRecord{cc26333 u0 com.miui.home/.launcher.Launcher t2}
10-25 18:41:46.502  4299  4299 E Launcher.application: setClickAppWaitForCallback = false
10-25 18:41:46.504  2318  2436 I Location.SSRU: foregroundActivities IS trueUID ID 10138, home is true
10-25 18:41:46.504  7707  7707 W libc    : Access denied finding property "vendor.gpp.create_frc_extension"
10-25 18:41:46.505  4299  4299 I Launcher: changeMIUIWidgetEditMode false
10-25 18:41:46.506  2318  3691 I MiuiNetworkPolicy: updateUidState uid = 10189, uidState = 3
10-25 18:41:46.507  2318  5151 I BLASTSyncEngine: SyncGroup 144:  Unfinished container:ActivityRecord{cc26333 u0 com.miui.home/.launcher.Launcher t2}
10-25 18:41:46.507  2318  5151 I BLASTSyncEngine: isActivitySyncFinished isSyncFinished false ActivityRecord{cc26333 u0 com.miui.home/.launcher.Launcher t2}
10-25 18:41:46.508  2318  5151 I MultiSenceManagerInternalStub: getInstance
10-25 18:41:46.509  7756  7882 I GameBoosterService: onForegroundInfoChanged: Cur=com.miui.home	 last=com.android.permissioncontroller
10-25 18:41:46.510  7707  7765 I ActivityObserverUtil: activityResumed ComponentInfo{com.miui.home/com.miui.home.launcher.Launcher}
10-25 18:41:46.510  7707  7765 I TopActivityMonitor: send TopActivityChangeEvent=TopActivityChangeEvent(prev=ComponentInfo{com.android.permissioncontroller/com.android.permissioncontroller.permission.ui.ReviewPermissionsActivity}, current=ComponentInfo{com.miui.home/com.miui.home.launcher.Launcher},appChanged=true)
10-25 18:41:46.511  7756  7882 I VideoBoxUtils: isSupportVideoBox: true
10-25 18:41:46.511  7756  7882 I VideoToolBoxService: vtb is closed!!!
10-25 18:41:46.511  7707  8100 I travelService_ActivityObserverUtils: activityResumed ComponentInfo{com.miui.home/com.miui.home.launcher.Launcher}
10-25 18:41:46.511  7707  8100 I travelService_TopActivityMonitor: user change app but last app use time not enough
10-25 18:41:46.511  4299  4299 W libc    : Access denied finding property "vendor.gpp.create_frc_extension"
10-25 18:41:46.511 10332 17153 I VA_ActivityStateHelper: activityResumed componentName ComponentInfo{com.miui.home/com.miui.home.launcher.Launcher}
10-25 18:41:46.511 11885 18164 I AIRC_CounterTrack: collect: signal-TopActivityPerception
10-25 18:41:46.511 10332 17153 I VA_ActivityStateHelper: activityResumed mAiSkillPush is false
10-25 18:41:46.511  4299  4299 W libc    : Access denied finding property "vendor.gpp.create_frc_extension"
10-25 18:41:46.511  7707  7707 I LauncherOverlayCallback: handleMessage WHAT_LAUNCHER_STATE whatï¼š1
10-25 18:41:46.511  7707  7707 I LauncherOverlayCallback: handleMessage WHAT_ACTIVITY_STATE_CHANGED whatï¼š3
10-25 18:41:46.511 11885 18164 I MMKV    : <MMKV.cpp:1170::sync> MMKV::sync, SyncFlag = 1
10-25 18:41:46.511  7707  7707 I LauncherOverlayCallback: handleMessage WHAT_LAUNCHER_STATE whatï¼š3
10-25 18:41:46.512  2318  2439 E WindowManager: setClientVisible WallpaperWindowToken{25da35f token=android.os.Binder@2084ffe} true
10-25 18:41:46.512  7756  7882 I AppPredictService: difTIme = 3942
10-25 18:41:46.512  2318  2439 I BLASTSyncEngine: SyncGroup 144:  Unfinished container:ActivityRecord{cc26333 u0 com.miui.home/.launcher.Launcher t2}
10-25 18:41:46.512  2318  2439 I BLASTSyncEngine: isActivitySyncFinished isSyncFinished false ActivityRecord{cc26333 u0 com.miui.home/.launcher.Launcher t2}
10-25 18:41:46.513  7756  9206 E SuggestManager: openApp name = com.miui.home
10-25 18:41:46.513  7756  9206 I NewAutoTaskManager: app use - delay = 9223372036854775807, doRemove = false, doPost = false
10-25 18:41:46.513  1908  1908 E PassBlur: PassBlur.construct com.miui.home/com.miui.home.launcher.Launcher#2072
10-25 18:41:46.513  1908  1908 W libc    : Access denied finding property "vendor.gpp.create_frc_extension"
10-25 18:41:46.513  2318  2439 I BLASTSyncEngine: SyncGroup 144:  Unfinished container:ActivityRecord{cc26333 u0 com.miui.home/.launcher.Launcher t2}
10-25 18:41:46.513  2318  2439 I BLASTSyncEngine: isActivitySyncFinished isSyncFinished false ActivityRecord{cc26333 u0 com.miui.home/.launcher.Launcher t2}
10-25 18:41:46.514  4340  4340 I MiuiWallpaper-ImageWallpaper: onVisibilityChanged, visible = true, ret=true
10-25 18:41:46.514  2318  3609 I SecurityManagerService: update appwidget of uid: 10278 package: com.miui.weather2 visible: true reason: visible
10-25 18:41:46.515  2318  3691 I MiuiNetworkPolicyTrafficLimit: updateWhiteListUidForMobileTraffic uid=10189,add=true
10-25 18:41:46.515  2318  3691 I MiuiNetworkPolicy: updateUidState uid = 10163, uidState = 3
10-25 18:41:46.515  2318  3691 I MiuiNetworkPolicy: updateUidState uid = 10145, uidState = 3
10-25 18:41:46.515  2318  3691 I MiuiNetworkPolicy: updateUidState uid = 10138, uidState = 2
10-25 18:41:46.515  2318  3691 I MiuiNetworkPolicy: updateWmmForUidState uid: 10138 state: 2 wmm: 1
10-25 18:41:46.516 10332 10332 I VA_HybridLifecycleListener: onTopAppChanged: newApp=com.miui.home from=com.android.permissioncontroller fromPkg=com.miui.home
10-25 18:41:46.516 10332 10332 I VA_ConversationManager: lastQueryOrigin====null;fromCar=false
10-25 18:41:46.516  4340 19955 W HWUI    : Surface doesn't have any previously queued frames, nothing to readback from
10-25 18:41:46.518  7756  7882 I BeautyService: onForegroundInfoChanged: Cur=com.miui.home	 last=com.android.permissioncontroller
10-25 18:41:46.518  2318  2426 I MiuiNetworkPolicy: label wlan0, uid 10227, active true, tsNanos 75068215172266
10-25 18:41:46.518  2318  3691 I MiuiNetworkPolicyTrafficLimit: updateWhiteListUidForMobileTraffic uid=10138,add=true
10-25 18:41:46.518  2318  3691 I MiuiNetworkPolicy: updateUidState uid = 10135, uidState = 3
10-25 18:41:46.520  2318  3691 I MiuiNetworkPolicyTrafficLimit: updateWhiteListUidForMobileTraffic uid=10135,add=true
10-25 18:41:46.520  2318  3691 I MiuiNetworkPolicy: updateUidState uid = 10241, uidState = 19
10-25 18:41:46.520  2318  3691 I MiuiNetworkPolicy: updateWmmForUidState uid: 10241 state: 19 wmm: 0
10-25 18:41:46.521  2318  3691 I MiuiNetworkPolicyTrafficLimit: updateWhiteListUidForMobileTraffic uid=10241,add=false
10-25 18:41:46.526  4299  4299 I Launcher.widget: onVisible 
10-25 18:41:46.526  4299  4299 I Launcher.widget: onVisible 
10-25 18:41:46.526  2318  2439 I AnimInterruptController: FIS reset Foresee interrupt status
10-25 18:41:46.527  2318  2439 E WindowManager: setClientVisible ActivityRecord{cc26333 u0 com.miui.home/.launcher.Launcher t2} true
10-25 18:41:46.527  2318  2439 I WindowManager: wms.showSurfaceRobustly mWin:Window{e6179df u0 LauncherOverlayWindow:com.miui.personalassistant}
10-25 18:41:46.527  2318  2439 I WindowManager: wms.showSurfaceRobustly mWin:Window{88fbfb6 u0 com.miui.home/com.miui.home.launcher.Launcher}
10-25 18:41:46.527  2318  2439 I Transition: forceAddToTransition ActivityRecord{cc26333 u0 com.miui.home/.launcher.Launcher t2}
10-25 18:41:46.527  2318  2439 I Transition: forceAddToTransition Task{45e7235 #31 type=standard A=10241:com.android.permissioncontroller}
10-25 18:41:46.527  2318  2439 I Transition: forceAddToTransition Task{be247a1 #2 type=home I=com.miui.home/.launcher.Launcher}
10-25 18:41:46.527  2318  2439 I Transition: forceAddToTransition Task{934b406 #1 type=home}
10-25 18:41:46.527  2318  2439 I Transition: forceAddToTransition Task{45e7235 #31 type=standard A=10241:com.android.permissioncontroller}
10-25 18:41:46.529  2318  4277 I BarFollowAnimation:  getHomeVersion  defaultLauncher = com.miui.home value = 1
10-25 18:41:46.529  2318  4277 I BarFollowAnimation: Execute startStatusBarAnimation for info = {id=144 t=CLOSE f=0x0 trk=0 opt={t=FROM_STYLE} r=[0@Point(0, 0)] c=[{WCT{RemoteToken{d0339a3 Task{934b406 #1 type=home}}} m=TO_FRONT f=SHOW_WALLPAPER leash=Surface(name=Task=1#45)/@0xbda2ee1 sb=Rect(0, 0 - 1200, 2670) eb=Rect(0, 0 - 1200, 2670) d=0 taskParent=-1 v=true},{WCT{RemoteToken{bceb046 Task{45e7235 #31 type=standard A=10241:com.android.permissioncontroller}}} m=CLOSE f=NONE leash=Surface(name=Task=31#2052)/@0x6de5c6c sb=Rect(0, 0 - 1200, 2670) eb=Rect(0, 0 - 1200, 2670) d=0 taskParent=-1 v=false},{null m=TO_FRONT f=IS_WALLPAPER leash=Surface(name=WallpaperWindowToken{25da35f token=android.os.Binder@2084ffe}#53)/@0x41fb1ac sb=Rect(0, 0 - 1200, 2670) eb=Rect(0, 0 - 1200, 2670) d=0 v=true}] mk=[false] noAni=[false] df=[false] oa=[false] sa=[false] ho=[true] iSync=[-1]} mStatusState = -1 mIsFromApp = false isRecent = false
10-25 18:41:46.529  2318  2439 E WindowManager:  source = Task{45e7235 #31 type=standard A=10241:com.android.permissioncontroller} excludeMiuiNavBar = true excludeMiuiStatusBar = true excludeIme = false excludeNavBar = true miuiNavSurfaceControl = Surface(name=Miui Fake NavBar#50)/@0xbab0510 miuiStatusSurfaceControl = Surface(name=Miui Fake StatusBar#49)/@0xcdb33c2
10-25 18:41:46.529  4299  4299 W RecentsImpl: updateStubViewVisibility, className=com.miui.home.launcher.Launcher
10-25 18:41:46.530  2318  3691 I MiuiNetworkPolicy: updateUidState uid = 10278, uidState = 3
10-25 18:41:46.531  4692  4887 I MultiTaskingTaskRepository: needSkip: is home task
10-25 18:41:46.531  4692  4887 W MultiTaskingTaskRepository: putOrUpdateTaskInfo skip
10-25 18:41:46.531  4692  4887 I MultiTaskingTaskRepository: needSkip: is home task
10-25 18:41:46.531  4692  4887 W MultiTaskingTaskRepository: onToBackTransitionReady putOrUpdateTaskInfo skip
10-25 18:41:46.531  2318  3691 I MiuiNetworkPolicyTrafficLimit: updateWhiteListUidForMobileTraffic uid=10278,add=true
10-25 18:41:46.531  4692  4887 I ShellTransitions: Is abandon offsetY: false
10-25 18:41:46.531  4692  4887 I ShellTransitions: Is abandon offsetY: false
10-25 18:41:46.531  4692  4887 I ShellTransitions: Is abandon offsetY: false
10-25 18:41:46.531  4692  4887 E KeyguardTransitionHandlerImpl: activityCount = 0
10-25 18:41:46.531  4692  4887 E KeyguardTransitionHandlerImpl: activityCount = 0
10-25 18:41:46.533  4299  4890 E Launcher: mFsGestureStatusRefreshRunnable:run usingFsGesture=true   show=true   focus=false   pause=false
10-25 18:41:46.535  2318  2439 I WindowManager: Window{88fbfb6 u0 com.miui.home/com.miui.home.launcher.Launcher} playingTransition keep home visible
10-25 18:41:46.536  2318  2439 I WindowManager: Window{e6179df u0 LauncherOverlayWindow:com.miui.personalassistant} playingTransition keep home visible
10-25 18:41:46.536  2318  2439 I WindowManager: Window{88fbfb6 u0 com.miui.home/com.miui.home.launcher.Launcher} playingTransition keep home visible
10-25 18:41:46.537  2318  3998 I ClipboardServiceI: checkProviderWakePathForClipboard: primaryClip is null
10-25 18:41:46.537  4692  4887 I MultiTaskingTaskRepository: needSkip: is home task
10-25 18:41:46.537  2318  3998 I SmartPower: com.miui.weather2/10278(16441): idle->background(9784ms) R(content provider start ContentProviderRecord{c85f4e9 u0 com.miui.weather2/.providers.WeatherProvider}) adj=0.
10-25 18:41:46.537  2318  4277 E BarFollowAnimation: isHomeDark = 0 currentDark = 0 isFullGesture = true
10-25 18:41:46.538  2318  4277 E BarFollowAnimation: isHomeDark = 0 currentDark = 0 isFullGesture = true
10-25 18:41:46.538  4299  4299 I AnimStateManager: IdleState handle event 9001
10-25 18:41:46.538  4299  4299 I AnimStateManager: CommonState handle event 9001
10-25 18:41:46.538  4299  4299 I AnimStateManager: onWindowElementChanged. initWindowElement windowElement= null
10-25 18:41:46.538  4299  4299 I RectFSpringAnim_239889635: init
10-25 18:41:46.538  4299  4299 I WindowElement85b4d99: com.miui.home.recents.anim.WindowElement@85b4d99  window init mNativeWindowTransitionCompatListener=com.miui.home.recents.anim.WindowElement$init$1@ddad85e, windowTransitionCompat=com.android.systemui.shared.recents.system.WindowTransitionCompat@acef43f
10-25 18:41:46.538  4299  4299 I WindowElement85b4d99: java.lang.Exception
10-25 18:41:46.538  4299  4299 I WindowElement85b4d99: 	at com.miui.home.recents.anim.WindowElement.init(WindowElement.kt:1641)
10-25 18:41:46.538  4299  4299 I WindowElement85b4d99: 	at com.miui.home.recents.anim.WindowElement.<init>(WindowElement.kt:577)
10-25 18:41:46.538  4299  4299 I WindowElement85b4d99: 	at com.miui.home.recents.anim.WindowElement.<init>(WindowElement.kt:50)
10-25 18:41:46.538  4299  4299 I WindowElement85b4d99: 	at com.miui.home.recents.anim.StateManager.initWindowElement(StateManager.kt:1370)
10-25 18:41:46.538  4299  4299 I WindowElement85b4d99: 	at com.miui.home.recents.anim.StateManager$CommonState.handleEvent(StateManager.kt:1228)
10-25 18:41:46.538  4299  4299 I WindowElement85b4d99: 	at com.miui.home.recents.anim.StateManager.handleEventActually(StateManager.kt:120)
10-25 18:41:46.538  4299  4299 I WindowElement85b4d99: 	at com.miui.home.recents.anim.StateManager.sendEventActually$lambda-0(StateManager.kt:107)
10-25 18:41:46.538  4299  4299 I WindowElement85b4d99: 	at com.miui.home.recents.anim.StateManager.$r8$lambda$C-kZp_X93nanDwYsUFIjH_GwEtM(Unknown Source:0)
10-25 18:41:46.538  4299  4299 I WindowElement85b4d99: 	at com.miui.home.recents.anim.StateManager$$ExternalSyntheticLambda4.run(Unknown Source:4)
10-25 18:41:46.538  4299  4299 I WindowElement85b4d99: 	at android.os.Handler.handleCallback(Handler.java:959)
10-25 18:41:46.538  4299  4299 I WindowElement85b4d99: 	at android.os.Handler.dispatchMessage(Handler.java:100)
10-25 18:41:46.538  4299  4299 I WindowElement85b4d99: 	at android.os.Looper.loopOnce(Looper.java:249)
10-25 18:41:46.538  4299  4299 I WindowElement85b4d99: 	at android.os.Looper.loop(Looper.java:337)
10-25 18:41:46.538  4299  4299 I WindowElement85b4d99: 	at android.app.ActivityThread.main(ActivityThread.java:9587)
10-25 18:41:46.538  4299  4299 I WindowElement85b4d99: 	at java.lang.reflect.Method.invoke(Native Method)
10-25 18:41:46.538  4299  4299 I WindowElement85b4d99: 	at com.android.internal.os.RuntimeInit$MethodAndArgsCaller.run(RuntimeInit.java:593)
10-25 18:41:46.538  4299  4299 I WindowElement85b4d99: 	at com.android.internal.os.ZygoteInit.main(ZygoteInit.java:936)
10-25 18:41:46.539  4299  4299 I WindowElement85b4d99: com.miui.home.recents.anim.WindowElement@85b4d99 window init isHalf = false, floatingIconView = com.miui.home.recents.views.FloatingIconView2{f8a2a55 V.ED..... ........ 0,0-0,0}, mAnim = com.miui.home.recents.util.RectFSpringAnim@e4c6ce3
10-25 18:41:46.539  4299  4299 I WindowElement85b4d99: java.lang.Exception
10-25 18:41:46.539  4299  4299 I WindowElement85b4d99: 	at com.miui.home.recents.anim.WindowElement.<init>(WindowElement.kt:581)
10-25 18:41:46.539  4299  4299 I WindowElement85b4d99: 	at com.miui.home.recents.anim.WindowElement.<init>(WindowElement.kt:50)
10-25 18:41:46.539  4299  4299 I WindowElement85b4d99: 	at com.miui.home.recents.anim.StateManager.initWindowElement(StateManager.kt:1370)
10-25 18:41:46.539  4299  4299 I WindowElement85b4d99: 	at com.miui.home.recents.anim.StateManager$CommonState.handleEvent(StateManager.kt:1228)
10-25 18:41:46.539  4299  4299 I WindowElement85b4d99: 	at com.miui.home.recents.anim.StateManager.handleEventActually(StateManager.kt:120)
10-25 18:41:46.539  4299  4299 I WindowElement85b4d99: 	at com.miui.home.recents.anim.StateManager.sendEventActually$lambda-0(StateManager.kt:107)
10-25 18:41:46.539  4299  4299 I WindowElement85b4d99: 	at com.miui.home.recents.anim.StateManager.$r8$lambda$C-kZp_X93nanDwYsUFIjH_GwEtM(Unknown Source:0)
10-25 18:41:46.539  4299  4299 I WindowElement85b4d99: 	at com.miui.home.recents.anim.StateManager$$ExternalSyntheticLambda4.run(Unknown Source:4)
10-25 18:41:46.539  4299  4299 I WindowElement85b4d99: 	at android.os.Handler.handleCallback(Handler.java:959)
10-25 18:41:46.539  4299  4299 I WindowElement85b4d99: 	at android.os.Handler.dispatchMessage(Handler.java:100)
10-25 18:41:46.539  4299  4299 I WindowElement85b4d99: 	at android.os.Looper.loopOnce(Looper.java:249)
10-25 18:41:46.539  4299  4299 I WindowElement85b4d99: 	at android.os.Looper.loop(Looper.java:337)
10-25 18:41:46.539  4299  4299 I WindowElement85b4d99: 	at android.app.ActivityThread.main(ActivityThread.java:9587)
10-25 18:41:46.539  4299  4299 I WindowElement85b4d99: 	at java.lang.reflect.Method.invoke(Native Method)
10-25 18:41:46.539  4299  4299 I WindowElement85b4d99: 	at com.android.internal.os.RuntimeInit$MethodAndArgsCaller.run(RuntimeInit.java:593)
10-25 18:41:46.539  4299  4299 I WindowElement85b4d99: 	at com.android.internal.os.ZygoteInit.main(ZygoteInit.java:936)
10-25 18:41:46.539  4299  4299 I WindowElement85b4d99: injectRemoteTransition params=RemoteTransitionInfo(token=android.os.BinderProxy@4c8955b, info={id=144 t=CLOSE f=0x0 trk=0 opt={t=FROM_STYLE} r=[0@Point(0, 0)] c=[{WCT{android.window.IWindowContainerToken$Stub$Proxy@d9016d1} m=TO_FRONT f=SHOW_WALLPAPER leash=Surface(name=Task=1#45)/@0x68ee347 sb=Rect(0, 0 - 1200, 2670) eb=Rect(0, 0 - 1200, 2670) d=0 taskParent=-1 v=true},{WCT{android.window.IWindowContainerToken$Stub$Proxy@3f39536} m=CLOSE f=NONE leash=Surface(name=Task=31#2052)/@0x4009774 sb=Rect(0, 0 - 1200, 2670) eb=Rect(0, 0 - 1200, 2670) d=0 taskParent=-1 v=false},{null m=TO_FRONT f=IS_WALLPAPER leash=Surface(name=WallpaperWindowToken{25da35f token=android.os.Binder@2084ffe}#53)/@0xa1e049d sb=Rect(0, 0 - 1200, 2670) eb=Rect(0, 0 - 1200, 2670) d=0 v=true}] mk=[false] noAni=[false] df=[false] oa=[false] sa=[false] ho=[true] iSync=[-1]}, t=android.view.SurfaceControl$Transaction@3f12c37, finishCallback=android.window.IRemoteTransitionFinishedCallback$Stub$Proxy@2b2c5a4, isMerge=false, mergeTarget=null)
10-25 18:41:46.539  4299  4299 E WindowTransitionCompat: TransitionTest wrapRemoteTransition
10-25 18:41:46.539  4299  5154 E ActivityManagerWrapper: get all recent tasks force including -1
10-25 18:41:46.539  4299  4299 I WindowTransitionCompat: TransitionTest HomeShellTransition IRemoteTransition startAnimation
10-25 18:41:46.539  4299  4299 I TransitionCallback: get is waitFinishMainAnim = false
10-25 18:41:46.539  4299  4299 I TransitionCallback: mNeedShowLauncher = false
10-25 18:41:46.539  4299  4299 E WindowTransitionCompat: 0, check isClosingType type = 2, mode = 3
10-25 18:41:46.540  4299  4299 E WindowTransitionCompat: 1, check isClosingType type = 1, mode = 2
10-25 18:41:46.540  4299  4299 I WindowTransitionCompat: startAnimation token = android.os.BinderProxy@4c8955b, isClosingType = true
10-25 18:41:46.540  4299  4299 I TransitionCallback: setActivityIsCloseType = true
10-25 18:41:46.540  4299  4299 I TransitionCallback: com.android.systemui.shared.recents.utilities.WindowTransitionCallbackHelper@e289810 setMainFinishCallback, token = android.os.BinderProxy@4c8955b, callback = android.window.IRemoteTransitionFinishedCallback$Stub$Proxy@2b2c5a4
10-25 18:41:46.540  4299  4299 I TransitionCallback: com.android.systemui.shared.recents.utilities.WindowTransitionCallbackHelper@e289810 setTransitionInfo token = android.os.BinderProxy@4c8955b, info = {id=144 t=CLOSE f=0x0 trk=0 opt={t=FROM_STYLE} r=[0@Point(0, 0)] c=[{WCT{android.window.IWindowContainerToken$Stub$Proxy@d9016d1} m=TO_FRONT f=SHOW_WALLPAPER leash=Surface(name=Task=1#45)/@0x68ee347 sb=Rect(0, 0 - 1200, 2670) eb=Rect(0, 0 - 1200, 2670) d=0 taskParent=-1 v=true},{WCT{android.window.IWindowContainerToken$Stub$Proxy@3f39536} m=CLOSE f=NONE leash=Surface(name=Task=31#2052)/@0x4009774 sb=Rect(0, 0 - 1200, 2670) eb=Rect(0, 0 - 1200, 2670) d=0 taskParent=-1 v=false},{null m=TO_FRONT f=IS_WALLPAPER leash=Surface(name=WallpaperWindowToken{25da35f token=android.os.Binder@2084ffe}#53)/@0xa1e049d sb=Rect(0, 0 - 1200, 2670) eb=Rect(0, 0 - 1200, 2670) d=0 v=true}] mk=[false] noAni=[false] df=[false] oa=[false] sa=[false] ho=[true] iSync=[-1]}
10-25 18:41:46.540  4299  4299 I TransitionUtil: rootLeash = Surface(name=Transition Root #144: Task=1#2075)/@0x29dfd12
10-25 18:41:46.540  2318  2439 I WindowManager: Window{88fbfb6 u0 com.miui.home/com.miui.home.launcher.Launcher} playingTransition keep home visible
10-25 18:41:46.540  2318  2439 I WindowManager: Window{e6179df u0 LauncherOverlayWindow:com.miui.personalassistant} playingTransition keep home visible
10-25 18:41:46.540  4299  4299 I TransitionUtil: setupLeash isAppOpening = false
10-25 18:41:46.540  4299  4299 I TransitionUtil: setLayer leash5 = Surface(name=TL_Surface(name=Task=1#45)/@0x68ee347_transition-leash#2077)/@0x1fdcf09, layer = 2
10-25 18:41:46.540  2318  5405 I ClipboardServiceI: checkProviderWakePathForClipboard: primaryClip is null
10-25 18:41:46.540  4299  4299 W TransitionInfoExpose.ChangeExpose: getAllowEnterPip: return null from reflection, use default value false
10-25 18:41:46.540  4299  4299 I TransitionUtil: rootLeash = Surface(name=Transition Root #144: Task=1#2075)/@0x29dfd12
10-25 18:41:46.541  4299  4299 I TransitionUtil: setupLeash isAppOpening = false
10-25 18:41:46.541  4299  4299 I TransitionUtil: setLayer leash7 = Surface(name=TL_Surface(name=Task=31#2052)/@0x4009774_transition-leash#2078)/@0x9336b2f, layer = 5
10-25 18:41:46.541  4299  4299 W TransitionInfoExpose.ChangeExpose: getAllowEnterPip: return null from reflection, use default value false
10-25 18:41:46.541  4299  4299 I TransitionUtil: rootLeash = Surface(name=Transition Root #144: Task=1#2075)/@0x29dfd12
10-25 18:41:46.541  4299  4299 I TransitionUtil: setupLeash isAppOpening = false
10-25 18:41:46.541  4299  4299 I TransitionUtil: setLayer leash2 = Surface(name=TL_Surface(name=WallpaperWindowToken{25da35f token=android.os.Binder@2084ffe}#53)/@0xa1e049d_transition-leash#2079)/@0x7f35641, layer = -2
10-25 18:41:46.541  4299  4299 W TransitionInfoExpose.ChangeExpose: getAllowEnterPip: return null from reflection, use default value false
10-25 18:41:46.542  2318  5405 I ClipboardServiceI: checkProviderWakePathForClipboard: primaryClip is null
10-25 18:41:46.542  2318  3609 W UserManagerService: Requested status bar icon for non-badged user 0
10-25 18:41:46.543  4299  5154 E ActivityManagerWrapper: getRecentTasksForceIncludingTaskIdIfValid: getRecentTasks: size=2
10-25 18:41:46.543  4299  5154 E ActivityManagerWrapper:  mainTaskId=11   userId=0   windowMode=1   baseIntent=Intent { act=android.intent.action.MAIN flag=270532608 cmp=ComponentInfo{com.android.settings/com.android.settings.MainSettings} }
10-25 18:41:46.543  4299  5154 E ActivityManagerWrapper:  mainTaskId=18   userId=0   windowMode=1   baseIntent=Intent { act=android.intent.action.MAIN flag=268435456 cmp=ComponentInfo{com.kuaishou.nebula/com.yxcorp.gifshow.HomeActivity} }
10-25 18:41:46.544 16441 16767 I Wth2:WeatherProvider: getFirstSelectedCity() ret count= 1
10-25 18:41:46.544 16441 16767 E Wth2:WeatherProvider: getFirstSelectedCity() error 
10-25 18:41:46.544 16441 16767 E Wth2:WeatherProvider: java.lang.NumberFormatException: For input string: "32.066_118.77"
10-25 18:41:46.544 16441 16767 E Wth2:WeatherProvider: 	at java.lang.Integer.parseInt(Integer.java:790)
10-25 18:41:46.544 16441 16767 E Wth2:WeatherProvider: 	at java.lang.Integer.parseInt(Integer.java:908)
10-25 18:41:46.544 16441 16767 E Wth2:WeatherProvider: 	at com.miui.weather2.providers.WeatherProvider.g(SourceFile:9)
10-25 18:41:46.544 16441 16767 E Wth2:WeatherProvider: 	at com.miui.weather2.providers.WeatherProvider.J(SourceFile:5)
10-25 18:41:46.544 16441 16767 E Wth2:WeatherProvider: 	at com.miui.weather2.providers.WeatherProvider.I(Unknown Source:3)
10-25 18:41:46.544 16441 16767 E Wth2:WeatherProvider: 	at com.miui.weather2.providers.WeatherProvider.k(SourceFile:15)
10-25 18:41:46.544 16441 16767 E Wth2:WeatherProvider: 	at com.miui.weather2.providers.WeatherProvider.query(SourceFile:27)
10-25 18:41:46.544 16441 16767 E Wth2:WeatherProvider: 	at android.content.ContentProvider.query(ContentProvider.java:1633)
10-25 18:41:46.544 16441 16767 E Wth2:WeatherProvider: 	at android.content.ContentProvider.query(ContentProvider.java:1729)
10-25 18:41:46.544 16441 16767 E Wth2:WeatherProvider: 	at android.content.ContentProvider$Transport.query(ContentProvider.java:301)
10-25 18:41:46.544 16441 16767 E Wth2:WeatherProvider: 	at android.content.ContentProviderNative.onTransact(ContentProviderNative.java:110)
10-25 18:41:46.544 16441 16767 E Wth2:WeatherProvider: 	at android.os.Binder.execTransactInternal(Binder.java:1507)
10-25 18:41:46.544 16441 16767 E Wth2:WeatherProvider: 	at android.os.Binder.execTransact(Binder.java:1451)
10-25 18:41:46.547  4299  4299 I WindowTransitionCompat: onAnimationStart appsCompat size = 2, isWallpaperTransition=true, isReturnToHome=true
10-25 18:41:46.547  4299  4299 I WindowElement85b4d99: onClosingWindowTransitionStart
10-25 18:41:46.547  4299  4299 I WindowTransitionCompatListenerddad85e: hasCancel mCancel=false
10-25 18:41:46.547  4299  4299 I WindowElement85b4d99: MAIN_THREAD:onClosingWindowTransitionStart 
10-25 18:41:46.547  4299  4299 I WindowAnimParamsProvider: getClosingWindowAnimParams closingTarget=RemoteAnimationTargetCompat{taskId=31, mode=1, isTranslucent=false, clipRect=Rect(0, 0 - 0, 0), position=Point(0, 0), sourceContainerBounds=Rect(0, 0 - 1200, 2670), prefixOrderIndex=2, isNotInRecents=true, contentInsets=Rect(0, 0 - 0, 0), activityType=1, packageName=, startBounds=Rect(0, 0 - 1200, 2670), windowType=-1}, closingTargets.homeTarget=RemoteAnimationTargetCompat{taskId=1, mode=0, isTranslucent=false, clipRect=Rect(0, 0 - 0, 0), position=Point(0, 0), sourceContainerBounds=Rect(0, 0 - 1200, 2670), prefixOrderIndex=3, isNotInRecents=false, contentInsets=Rect(0, 0 - 0, 0), activityType=2, packageName=, startBounds=Rect(0, 0 - 1200, 2670), windowType=-1}, closingTargets.secondTarget=null
10-25 18:41:46.547  4299  4299 I IBarFollowAnimationRunnerImpl: updateGestureStateToRemote state: 5
10-25 18:41:46.547  4299  4299 I StateNotifyUtils: sendStateToShell value:5
10-25 18:41:46.547  4299  4299 E WindowAnimParamsProvider: getWindowTargetBounds    bounds=Rect(0, 0 - 1200, 2670)
10-25 18:41:46.547  4299  4299 I WindowAnimParamsProvider: getClosingWindowAnimParams isIgnoreAnimTarget=false, isStartLockScreen=false, hasMultiTask=false, isSingleSideBack=false, currentRotation=0, isElementParam=false, isShowingUserPresentAnimation=false
10-25 18:41:46.547  4299  4299 I WindowAnimParamsProvider: getClosingWindowAnimParams target =RemoteAnimationTargetCompat{taskId=31, mode=1, isTranslucent=false, clipRect=Rect(0, 0 - 0, 0), position=Point(0, 0), sourceContainerBounds=Rect(0, 0 - 1200, 2670), prefixOrderIndex=2, isNotInRecents=true, contentInsets=Rect(0, 0 - 0, 0), activityType=1, packageName=, startBounds=Rect(0, 0 - 1200, 2670), windowType=-1}
10-25 18:41:46.547  4299  4299 I WindowAnimParamsProvider: getClosingWindowAnimParams findClosingWidgetView targetPackageName =
10-25 18:41:46.547  4299  4299 I WindowAnimParamsProvider: getClosingWindowAnimParams getClosingShortcutIcon target= RemoteAnimationTargetCompat{taskId=31, mode=1, isTranslucent=false, clipRect=Rect(0, 0 - 0, 0), position=Point(0, 0), sourceContainerBounds=Rect(0, 0 - 1200, 2670), prefixOrderIndex=2, isNotInRecents=true, contentInsets=Rect(0, 0 - 0, 0), activityType=1, packageName=, startBounds=Rect(0, 0 - 1200, 2670), windowType=-1}
10-25 18:41:46.548  4299  4299 I WindowAnimParamsProvider: getClosingWindowAnimParams getClosingShortcutIcon task before=  null
10-25 18:41:46.548  4299  4299 E ActivityManagerWrapper: get all recent tasks force including 31
10-25 18:41:46.549  2318  2451 I SmartPower: com.miui.voiceassist:core/10193(7346): idle->background(9809ms) R(broadcast start Intent { act=com.miui.fullscreen_state_change flg=0x10 (has extras) }) adj=100.
10-25 18:41:46.549  2318  2451 I SmartPower: com.miui.systemAdSolution/10168(11547): idle->background(9808ms) R(broadcast start Intent { act=com.miui.fullscreen_state_change flg=0x10 (has extras) }) adj=100.
10-25 18:41:46.549  7346  7346 I VA_AliveCore:MixMonitor: onReceive: action=com.miui.fullscreen_state_change
10-25 18:41:46.549  4299  4890 E StateNotifyUtils: sendFsStateBroadCast state=closeWindow   channel=navigation_bar   packageName=
10-25 18:41:46.549  7346  7346 I VA_AliveCore:MixMonitor: onReceive: action=com.miui.fullscreen_state_change;stateName=closeWindow
10-25 18:41:46.549  1656  2244 I MiClstc : DropLayers erase layer 501
10-25 18:41:46.549  4299  4299 E ActivityManagerWrapper: getRecentTasksForceIncludingTaskIdIfValid: getRecentTasks: size=3
10-25 18:41:46.549  4299  4299 E ActivityManagerWrapper:  mainTaskId=31   userId=0   windowMode=1   baseIntent=Intent { act=android.intent.action.REVIEW_PERMISSIONS flag=411041792 cmp=ComponentInfo{com.android.permissioncontroller/com.android.permissioncontroller.permission.ui.ReviewPermissionsActivity} }
10-25 18:41:46.549  4299  4299 E ActivityManagerWrapper:  mainTaskId=11   userId=0   windowMode=1   baseIntent=Intent { act=android.intent.action.MAIN flag=270532608 cmp=ComponentInfo{com.android.settings/com.android.settings.MainSettings} }
10-25 18:41:46.549  4299  4299 E ActivityManagerWrapper:  mainTaskId=18   userId=0   windowMode=1   baseIntent=Intent { act=android.intent.action.MAIN flag=268435456 cmp=ComponentInfo{com.kuaishou.nebula/com.yxcorp.gifshow.HomeActivity} }
10-25 18:41:46.549  1656  2244 I MiClstc : DropLayers erase layer 502
10-25 18:41:46.552  4299  4299 I WindowAnimParamsProvider: getClosingWindowAnimParams getClosingShortcutIcon task after=  [TaskKey{id=31, stackId=0, baseIntent=Intent { act=android.intent.action.REVIEW_PERMISSIONS flg=0x18800000 cmp=com.android.permissioncontroller/.permission.ui.ReviewPermissionsActivity }, userId=0, lastActiveTime=75068196, windowingMode=1, isThumbnailBlur=false, isScreening=false, topActivity=null, mHashCode=1847073}, title=æƒé™æŽ§åˆ¶å™¨, titleDescription=æƒé™æŽ§åˆ¶å™¨, bounds=null, isLaunchTarget=true, isStackTask=true, isSystemApp=true, isDockable=true, baseActivity=null, isLocked=false, isAccessLocked=false, mNeedHide=false, hasMultipleTasks=false, cti1Key=, cti2Key=] 
10-25 18:41:46.552  4299  4299 I WindowAnimParamsProvider: getClosingWindowAnimParams secondTarget=null, launchAppAndBackHomeAnimTarget=null
10-25 18:41:46.552  4299  4299 E ClipAnimationHelper: updateSourceStack  mSourceInsets=Rect(0, 0 - 0, 0), mSourceStackBounds=Rect(0, 0 - 1200, 2670)
10-25 18:41:46.552  4299  4299 E ClipAnimationHelper: updateHomeStack  mSourceInsets=Rect(0, 0 - 0, 0), mHomeStackBounds=Rect(0, 0 - 1200, 2670)
10-25 18:41:46.552  4299  4299 E ClipAnimationHelper: updateTargetRect  mSourceRect=RectF(0.0, 0.0, 1200.0, 2670.0)   mTargetRect=RectF(0.0, 0.0, 1200.0, 2670.0)   mSourceWindowClipInsets=RectF(0.0, 0.0, 0.0, 0.0)   mHomeStackBounds=Rect(0, 0 - 1200, 2670)   targetRect=Rect(0, 0 - 1200, 2670)
10-25 18:41:46.552  4299  4299 I WindowAnimParamsProvider: startClosingWindowAnimators:startRect=RectF(0.0, 0.0, 1200.0, 2670.0), targetRect=Rect(560, 850 - 640, 930), startRadius=134.0, endRadius=20.0, animType==CLOSE_TO_HOME_CENTER, isMultiProcessMinusScreenShowing=false, currentRotation=0, homeRotation=0, isUseSimpleAnim=false, isSingleSideBack= false
10-25 18:41:46.552  4299  4299 I AnimStateManager: onAnimParamsReady windowElement = com.miui.home.recents.anim.WindowElement@85b4d99
10-25 18:41:46.553  4299  4299 I RectFSpringAnim_239889635: setStartRect = RectF(0.0, 0.0, 1200.0, 2670.0)
10-25 18:41:46.553  4299  4299 I RectFSpringAnim_239889635: resetAnimValue KEY_SURFACE_EXT_ALPHA mTargetRect = RectF(560.0, 850.0, 640.0, 930.0) endAlpha=0.0
10-25 18:41:46.553  4299  4299 I RectFSpringAnim_239889635: changeAnimStart start=false
10-25 18:41:46.553  4299  4299 I RectFSpringAnim_239889635: setAnimParamByType = CLOSE_TO_HOME_CENTER , magicSpeed = 1.0
10-25 18:41:46.553  4299  4299 E MultiSpringDynamicAnimationa49b6e0: ERROR Not Found Bundle SurfaceExtAlpha
10-25 18:41:46.553  4299  4299 I RectFSpringAnim_239889635: startInMainThread
10-25 18:41:46.553  4299  4299 E MultiSpringDynamicAnimationa49b6e0: ERROR Not Found Bundle SurfaceExtAlpha
10-25 18:41:46.553  4299  4299 E MultiSpringDynamicAnimationa49b6e0: ERROR Not Found Bundle SurfaceExtAlpha
10-25 18:41:46.553  4299  4299 I RectFSpringAnim_239889635: changeAnimStart start=true
10-25 18:41:46.553  4299  4299 I AnimStateManager: go to state com.miui.home.recents.anim.StateManager$HomeState@3fe7473
10-25 18:41:46.553  4299  4299 W RecentsImpl: updateFsgWindowVisibilityState origin isEnter=false, typeFrom=typefrom_home
10-25 18:41:46.554  2318  2439 I WindowManager: Window{88fbfb6 u0 com.miui.home/com.miui.home.launcher.Launcher} playingTransition keep home visible
10-25 18:41:46.554  2318  2439 I WindowManager: Window{e6179df u0 LauncherOverlayWindow:com.miui.personalassistant} playingTransition keep home visible
10-25 18:41:46.555  4299  4890 W RecentsImpl: updateFsgWindowVisibilityStateInBgThread, isEnter=false, typeFrom=typefrom_home, isOpen=true, isKeyguardLocked=false, mIsInAnotherPro=false, isStatusBarExpansion=false
10-25 18:41:46.555  4299  4890 W RecentsImpl: getTopActivity from observer.   cn=ComponentInfo{com.miui.home/com.miui.home.launcher.Launcher}
10-25 18:41:46.559  4299  4299 I HandWritingStubImpl: refreshLastKeyboardType: 1
10-25 18:41:46.559  4299  4299 I HandWritingStubImpl: getCurrentKeyboardType: 1
10-25 18:41:46.559  2318  3600 W InputMethodManagerService: Clear show forced flag.
10-25 18:41:46.559  2318  3600 I ImeTracker: com.miui.home:1a002834: onRequestHide at ORIGIN_SERVER reason HIDE_UNSPECIFIED_WINDOW fromUser false
10-25 18:41:46.559  2318  3600 I ImeTracker: com.miui.home:1a002834: onCancelled at PHASE_SERVER_SHOULD_HIDE
10-25 18:41:46.559  2318  3600 W SecurityInputMethodSwitcher: first check switch to security ime: false
10-25 18:41:46.559  2318  3600 W SecurityInputMethodSwitcher: double check switch to security ime: false
10-25 18:41:46.560  2318  3600 W SecurityInputMethodSwitcher: switch to other input method from security ime:false mayChangeToMiuiSecurityInputMethod: false current focus window: android.os.BinderProxy@cee9eea
10-25 18:41:46.561  3094  3094 I adbd    : in ShellService: getprop ro.product.model
10-25 18:41:46.565  1656  2244 I MiClstc : StageLayers No adding layer_name[FramebufferSurface], layer_id 1
10-25 18:41:46.565  1656  2244 I MiClstc : DropLayers erase layer 505
10-25 18:41:46.565  1656  2244 I MiClstc : DropLayers erase layer 506
10-25 18:41:46.565  1656  2244 I MiClstc : DropLayers erase layer 507
10-25 18:41:46.565  1656  2244 I MiClstc : RetrieveConfig Unknown layer 1, skip
10-25 18:41:46.567  1908  1908 I MI-SF   : surfaceflinger setAffinity mode=1
10-25 18:41:46.567  1908  1908 E MI-SF   : surfaceflinger setAffinity success
10-25 18:41:46.567  1908  1908 I MI-SF   : surfaceflinger setreAffinity reTid=2078
10-25 18:41:46.567  1908  1908 E MI-SF   : surfaceflinger setAffinity success
10-25 18:41:46.568  4692  5047 E FrameEvents: applyFenceDelta: Unexpected fence.
10-25 18:41:46.571  2318  2439 I WindowManager: Window{88fbfb6 u0 com.miui.home/com.miui.home.launcher.Launcher} playingTransition keep home visible
10-25 18:41:46.571  2318  2439 I WindowManager: Window{e6179df u0 LauncherOverlayWindow:com.miui.personalassistant} playingTransition keep home visible
10-25 18:41:46.579  2318  2439 I WindowManager: Window{88fbfb6 u0 com.miui.home/com.miui.home.launcher.Launcher} playingTransition keep home visible
10-25 18:41:46.579  2318  2439 I WindowManager: Window{e6179df u0 LauncherOverlayWindow:com.miui.personalassistant} playingTransition keep home visible
10-25 18:41:46.588  2318  2439 I WindowManager: Window{88fbfb6 u0 com.miui.home/com.miui.home.launcher.Launcher} playingTransition keep home visible
10-25 18:41:46.588  2318  2439 I WindowManager: Window{e6179df u0 LauncherOverlayWindow:com.miui.personalassistant} playingTransition keep home visible
10-25 18:41:46.589  1656  2516 I vendor.qti.hardware.display.composer-service: Sensor: notify citsensorservice to trigger cwb, misForced = 0
10-25 18:41:46.589  3030  3788 I libsensor-parseRGB: request dump start for mRequestDisplayId 0
10-25 18:41:46.596  2318  2439 I WindowManager: Window{88fbfb6 u0 com.miui.home/com.miui.home.launcher.Launcher} playingTransition keep home visible
10-25 18:41:46.596  2318  2439 I WindowManager: Window{e6179df u0 LauncherOverlayWindow:com.miui.personalassistant} playingTransition keep home visible
10-25 18:41:46.597  7756  7882 I SCTaskStackListener: onTaskStackChanged! inSplit = false
10-25 18:41:46.597  7756 14874 I SCTaskStackListener: onTaskStackChanged! inSplit = false
10-25 18:41:46.598  4299  5154 E ActivityManagerWrapper: get all recent tasks force including -1
10-25 18:41:46.598  4299  5154 E ActivityManagerWrapper: getRecentTasksForceIncludingTaskIdIfValid: getRecentTasks: size=2
10-25 18:41:46.598  4299  5154 E ActivityManagerWrapper:  mainTaskId=11   userId=0   windowMode=1   baseIntent=Intent { act=android.intent.action.MAIN flag=270532608 cmp=ComponentInfo{com.android.settings/com.android.settings.MainSettings} }
10-25 18:41:46.598  4299  5154 E ActivityManagerWrapper:  mainTaskId=18   userId=0   windowMode=1   baseIntent=Intent { act=android.intent.action.MAIN flag=268435456 cmp=ComponentInfo{com.kuaishou.nebula/com.yxcorp.gifshow.HomeActivity} }
10-25 18:41:46.599  4299  5154 E ActivityManagerWrapper: get all recent tasks force including -1
10-25 18:41:46.601  4299  5154 E ActivityManagerWrapper: getRecentTasksForceIncludingTaskIdIfValid: getRecentTasks: size=2
10-25 18:41:46.601  4299  5154 E ActivityManagerWrapper:  mainTaskId=11   userId=0   windowMode=1   baseIntent=Intent { act=android.intent.action.MAIN flag=270532608 cmp=ComponentInfo{com.android.settings/com.android.settings.MainSettings} }
10-25 18:41:46.601  4299  5154 E ActivityManagerWrapper:  mainTaskId=18   userId=0   windowMode=1   baseIntent=Intent { act=android.intent.action.MAIN flag=268435456 cmp=ComponentInfo{com.kuaishou.nebula/com.yxcorp.gifshow.HomeActivity} }
10-25 18:41:46.604  2318  2439 I WindowManager: Window{88fbfb6 u0 com.miui.home/com.miui.home.launcher.Launcher} playingTransition keep home visible
10-25 18:41:46.604  2318  2439 I WindowManager: Window{e6179df u0 LauncherOverlayWindow:com.miui.personalassistant} playingTransition keep home visible
10-25 18:41:46.613  2318  2439 I WindowManager: Window{88fbfb6 u0 com.miui.home/com.miui.home.launcher.Launcher} playingTransition keep home visible
10-25 18:41:46.613  2318  2439 I WindowManager: Window{e6179df u0 LauncherOverlayWindow:com.miui.personalassistant} playingTransition keep home visible
10-25 18:41:46.614  3094  3094 I adbd    : in ShellService: dumpsys activity activities
10-25 18:41:46.620  3030  3112 E libsensor-parseRGB: CWB NotifyCWBBufferDone  error 0
10-25 18:41:46.621  2318  2439 I WindowManager: Window{88fbfb6 u0 com.miui.home/com.miui.home.launcher.Launcher} playingTransition keep home visible
10-25 18:41:46.621  2318  2439 I WindowManager: Window{e6179df u0 LauncherOverlayWindow:com.miui.personalassistant} playingTransition keep home visible
10-25 18:41:46.629  2318  2439 I WindowManager: Window{88fbfb6 u0 com.miui.home/com.miui.home.launcher.Launcher} playingTransition keep home visible
10-25 18:41:46.629  2318  2439 I WindowManager: Window{e6179df u0 LauncherOverlayWindow:com.miui.personalassistant} playingTransition keep home visible
10-25 18:41:46.637  2318  2439 I WindowManager: Window{88fbfb6 u0 com.miui.home/com.miui.home.launcher.Launcher} playingTransition keep home visible
10-25 18:41:46.637  2318  2439 I WindowManager: Window{e6179df u0 LauncherOverlayWindow:com.miui.personalassistant} playingTransition keep home visible
10-25 18:41:46.646  2318  2439 I WindowManager: Window{88fbfb6 u0 com.miui.home/com.miui.home.launcher.Launcher} playingTransition keep home visible
10-25 18:41:46.646  2318  2439 I WindowManager: Window{e6179df u0 LauncherOverlayWindow:com.miui.personalassistant} playingTransition keep home visible
10-25 18:41:46.654  2318  2439 I WindowManager: Window{88fbfb6 u0 com.miui.home/com.miui.home.launcher.Launcher} playingTransition keep home visible
10-25 18:41:46.654  2318  2439 I WindowManager: Window{e6179df u0 LauncherOverlayWindow:com.miui.personalassistant} playingTransition keep home visible
10-25 18:41:46.662  3094  3094 I adbd    : in ShellService: dumpsys activity activities
10-25 18:41:46.662  2318  2439 I WindowManager: Window{88fbfb6 u0 com.miui.home/com.miui.home.launcher.Launcher} playingTransition keep home visible
10-25 18:41:46.662  2318  2439 I WindowManager: Window{e6179df u0 LauncherOverlayWindow:com.miui.personalassistant} playingTransition keep home visible
10-25 18:41:46.671  2318  2439 I WindowManager: Window{88fbfb6 u0 com.miui.home/com.miui.home.launcher.Launcher} playingTransition keep home visible
10-25 18:41:46.671  2318  2439 I WindowManager: Window{e6179df u0 LauncherOverlayWindow:com.miui.personalassistant} playingTransition keep home visible
10-25 18:41:46.679  2318  2439 I WindowManager: Window{88fbfb6 u0 com.miui.home/com.miui.home.launcher.Launcher} playingTransition keep home visible
10-25 18:41:46.679  2318  2439 I WindowManager: Window{e6179df u0 LauncherOverlayWindow:com.miui.personalassistant} playingTransition keep home visible
10-25 18:41:46.685  3030  3793 I libsensor-boledalgo: dbv:480,lux:407.9,cct:5444.3,hsv:-1.0,dc:0CWB R:628.5,G:2904.1,B:1344.7Event C:23761.2,R:12171.8,G:8694.3,B:4505.9Cali C:290.1,R:130.3,G:75.9,B:46.6 
10-25 18:41:46.687  2318  2439 I WindowManager: Window{88fbfb6 u0 com.miui.home/com.miui.home.launcher.Launcher} playingTransition keep home visible
10-25 18:41:46.687  2318  2439 I WindowManager: Window{e6179df u0 LauncherOverlayWindow:com.miui.personalassistant} playingTransition keep home visible
10-25 18:41:46.696  2318  2439 I WindowManager: Window{88fbfb6 u0 com.miui.home/com.miui.home.launcher.Launcher} playingTransition keep home visible
10-25 18:41:46.696  2318  2439 I WindowManager: Window{e6179df u0 LauncherOverlayWindow:com.miui.personalassistant} playingTransition keep home visible
10-25 18:41:46.701  9289  9422 I HeavyPackageIdentify: splitMode: false, splitPackages: null, foregroundPkg: com.miui.home
10-25 18:41:46.704  2318  2439 I WindowManager: Window{88fbfb6 u0 com.miui.home/com.miui.home.launcher.Launcher} playingTransition keep home visible
10-25 18:41:46.704  2318  2439 I WindowManager: Window{e6179df u0 LauncherOverlayWindow:com.miui.personalassistant} playingTransition keep home visible
10-25 18:41:46.705  4299  4919 E Launcher.Transfer: transfer is closed
10-25 18:41:46.712  2318  2439 I WindowManager: Window{88fbfb6 u0 com.miui.home/com.miui.home.launcher.Launcher} playingTransition keep home visible
10-25 18:41:46.712  2318  2439 I WindowManager: Window{e6179df u0 LauncherOverlayWindow:com.miui.personalassistant} playingTransition keep home visible
10-25 18:41:46.714  3094  3094 I adbd    : in ShellService: dumpsys activity activities
10-25 18:41:46.721  2318  2439 I WindowManager: Window{88fbfb6 u0 com.miui.home/com.miui.home.launcher.Launcher} playingTransition keep home visibl