10-25 18:41:29.307 10447 10447 I Finsky  : [2] akwu.c(44): Do not start WearSupportService due to Wear service optimization
10-25 18:41:29.307 10447 10447 I Finsky  : [2] kuy.f(9): AIM: AppInfoCacheUpdater -> invalidating apps: [com.qidian.QDReader.g]
10-25 18:41:29.307 10447 10447 I Finsky  : [2] kvn.g(21): AIM: AppInfoManager-Perf > getApps > called for 1 apps
10-25 18:41:29.308 10447 10447 I Finsky  : [2] srb.akj(13): DTU: Received onPackageAdded, replacing: false
10-25 18:41:29.308  2318  3691 I MiuiNetworkPolicy: updateUidState uid = 10266, uidState = 10
10-25 18:41:29.308  2318  3691 I MiuiNetworkPolicy: updateUidState uid = 10266, uidState = 19
10-25 18:41:29.309 10447 10539 I Finsky  : [591] kwt.a(55): AIM: AppInfoManager-Perf > OnDeviceAppInfo > cacheHitCount=0, cacheMissCount=1. Missed  in cache (limit 10) : [com.qidian.QDReader.g]
10-25 18:41:29.309 13559 17185 I Market-CheckUpdateService: force check Update Apps
10-25 18:41:29.309 13559 17185 I Market-LocalAppManager: query update apps from server : begin
10-25 18:41:29.309 13559 17185 I Market-LocalAppManager: checkUpdateFromServer : start
10-25 18:41:29.309 13559 17185 I Market-LocalAppManager: getUpdateInfoFromServer : start,isBackground=true
10-25 18:41:29.309  5787 16968 I Auth    : (REDACTED) [SupervisedAccountIntentOperationV2] onHandleIntent: %s
10-25 18:41:29.309 10447 10537 I Finsky  : [589] kuq.apply(1378): AIM: Got app ownership map. App counts: . Unique apps: 0
10-25 18:41:29.311  7630  7654 I kloadclassifier: This is sticky GC, maxfree is 16777216 minfree is 8388608
10-25 18:41:29.311  7630  7654 W kloadclassifier: Reducing the number of considered missed Gc histogram windows from 3082 to 100
10-25 18:41:29.311  5787 16968 I Dck     : (REDACTED) disableDckSupport: %s
10-25 18:41:29.311  5787 16968 I Dck     : [WirelessCapabilitiesFeatures] wccSysProp: 1 [CONTEXT service_id=289 ]
10-25 18:41:29.311  5787 16968 I Dck     : [WirelessCapabilitiesFeatures] wccMendel: 3 [CONTEXT service_id=289 ]
10-25 18:41:29.311  5787 16968 I Dck     : [WirelessCapabilitiesFeatures] deviceWccOverride: false [CONTEXT service_id=289 ]
10-25 18:41:29.311  5787 16968 I Dck     : [WirelessCapabilitiesFeatures] replaceSupportedWccWithWccOverride: true [CONTEXT service_id=289 ]
10-25 18:41:29.311  5787 16968 I Dck     : [WirelessCapabilitiesFeatures] wccOverride: not set [CONTEXT service_id=289 ]
10-25 18:41:29.311  5787 16968 I Dck     : (REDACTED) [WirelessCapabilitiesFeatures] wcc: %s
10-25 18:41:29.311  5787 16968 I Dck     : Dck module condition - downloadAllowed: false [CONTEXT service_id=289 ]
10-25 18:41:29.311  5787 16968 W Dck     : Dck module not eligible for asynchronous downloading [CONTEXT service_id=289 ]
10-25 18:41:29.311  1656  1854 I SDM     : DisplayBase::CommitThread: Received idle timeout, panel: cmd, timeout: 70000 us
10-25 18:41:29.312 10447 17082 I Finsky  : [2102] pcp.accept(129): Wrote row to frosting DB: 1974
10-25 18:41:29.314  5787 16968 I NearbyDiscovery: (REDACTED) processGrantSlicePermission: %s
10-25 18:41:29.317 16992 16993 I artd    : Dex parent of /data/app/~~JXEcryZI0UivbxoxYhwqUg==/com.qidian.QDReader.g-vbyzRi5MlijrcNZZPWXfxg==/base.apk is not writable: Permission denied
10-25 18:41:29.317 16992 16993 I artd    : GetBestInfo checking odex in dalvik-cache (/data/dalvik-cache/arm/data@app@~~JXEcryZI0UivbxoxYhwqUg==@com.qidian.QDReader.g-vbyzRi5MlijrcNZZPWXfxg==@base.apk@classes.dex)
10-25 18:41:29.317 16992 16993 I artd    : Loading /data/dalvik-cache/arm/data@app@~~JXEcryZI0UivbxoxYhwqUg==@com.qidian.QDReader.g-vbyzRi5MlijrcNZZPWXfxg==@base.apk@classes.dex with executable: 0
10-25 18:41:29.317 16992 16993 I artd    : OatFileAssistant test for existing oat file /data/dalvik-cache/arm/data@app@~~JXEcryZI0UivbxoxYhwqUg==@com.qidian.QDReader.g-vbyzRi5MlijrcNZZPWXfxg==@base.apk@classes.dex: File /data/dalvik-cache/arm/data@app@~~JXEcryZI0UivbxoxYhwqUg==@com.qidian.QDReader.g-vbyzRi5MlijrcNZZPWXfxg==@base.apk@classes.vdex does not exist.
10-25 18:41:29.317 16992 16993 I artd    : GetBestInfo checking odex next to the dex file (/data/app/~~JXEcryZI0UivbxoxYhwqUg==/com.qidian.QDReader.g-vbyzRi5MlijrcNZZPWXfxg==/oat/arm/base.odex)
10-25 18:41:29.317 16992 16993 I artd    : Loading /data/app/~~JXEcryZI0UivbxoxYhwqUg==/com.qidian.QDReader.g-vbyzRi5MlijrcNZZPWXfxg==/oat/arm/base.odex with executable: 0
10-25 18:41:29.317 13559 18441 I Market-DownloadLimitSpeedManager: startLimitSpeed success. Total count 1
10-25 18:41:29.317 16992 16993 I artd    : Successfully loaded /data/app/~~JXEcryZI0UivbxoxYhwqUg==/com.qidian.QDReader.g-vbyzRi5MlijrcNZZPWXfxg==/oat/arm/base.odex with executable: 0
10-25 18:41:29.317 10447 10447 I Finsky  : [2] adpc.f(9): Clearing split related stale data.
10-25 18:41:29.317 13559 18441 I Market-RetrofitRequest: HeaderInterceptor : https://updateinfo.market.xiaomi.com/apm/updateinfo/v2
10-25 18:41:29.318 16992 16993 I artd    : /data/app/~~JXEcryZI0UivbxoxYhwqUg==/com.qidian.QDReader.g-vbyzRi5MlijrcNZZPWXfxg==/oat/arm/base.odex is kOatUpToDate with filter verify
10-25 18:41:29.318 10447 10447 I Finsky  : [2] yag.g(1): yag - Received: android.intent.action.PACKAGE_CHANGED, [9uVhR3Kf3MgnB6Rq5rDhIH0qMC2X8cTf2JwvLdFWKeo]
10-25 18:41:29.318  5787  5219 I Icing   : Indexing com.google.android.gms-apps from com.google.android.gms
10-25 18:41:29.318 10447 10533 I Finsky  : [585] kwt.a(55): AIM: AppInfoManager-Perf > OnDeviceAppInfo > cacheHitCount=0, cacheMissCount=1. Missed  in cache (limit 10) : [com.qidian.QDReader.g]
10-25 18:41:29.318 10447 10533 I Finsky  : [585] kuq.apply(1378): AIM: Got app ownership map. App counts: . Unique apps: 0
10-25 18:41:29.321  5646 17188 I Fitness : (REDACTED) OnPackageChangedOperation got intent: %s
10-25 18:41:29.321 17621 17621 E tango_pretranslator: Pretranslating /data/app/~~JXEcryZI0UivbxoxYhwqUg==/com.qidian.QDReader.g-vbyzRi5MlijrcNZZPWXfxg==/lib/arm/libgifimage.so ...
10-25 18:41:29.323 10447 10447 I Finsky  : [2] kuy.f(9): AIM: AppInfoCacheUpdater -> invalidating apps: [com.qidian.QDReader.g]
10-25 18:41:29.323 10447 10447 I Finsky  : [2] kvn.g(21): AIM: AppInfoManager-Perf > getApps > called for 1 apps
10-25 18:41:29.324 10447 10533 I Finsky  : [585] kwt.a(55): AIM: AppInfoManager-Perf > OnDeviceAppInfo > cacheHitCount=0, cacheMissCount=1. Missed  in cache (limit 10) : [com.qidian.QDReader.g]
10-25 18:41:29.324 10447 10539 I Finsky  : [591] kuq.apply(1378): AIM: Got app ownership map. App counts: . Unique apps: 0
10-25 18:41:29.326  1688  1688 I vendor.qti.hardware.servicetrackeraidl-service: destroyService is called for service : com.google.android.gms/.fitness.service.recording.FitRecordingBroker
10-25 18:41:29.327 10447 17082 I Finsky  : [2102] pcp.accept(129): Wrote row to frosting DB: 1975
10-25 18:41:29.327 10447 17082 I Finsky  : [2102] pcp.accept(129): Wrote row to frosting DB: 1976
10-25 18:41:29.328 10447 10539 I Finsky  : [591] kwt.a(55): AIM: AppInfoManager-Perf > OnDeviceAppInfo > cacheHitCount=0, cacheMissCount=1. Missed  in cache (limit 10) : [com.qidian.QDReader.g]
10-25 18:41:29.328 10447 10539 I Finsky  : [591] kuq.apply(1378): AIM: Got app ownership map. App counts: . Unique apps: 0
10-25 18:41:29.328  2318  3691 I MiuiNetworkPolicy: updateUidState uid = 10124, uidState = 19
10-25 18:41:29.328 16992 17419 I artd    : Dex parent of /data/app/~~JXEcryZI0UivbxoxYhwqUg==/com.qidian.QDReader.g-vbyzRi5MlijrcNZZPWXfxg==/base.apk is not writable: Permission denied
10-25 18:41:29.328 16992 17419 I artd    : GetBestInfo checking odex in dalvik-cache (/data/dalvik-cache/arm/data@app@~~JXEcryZI0UivbxoxYhwqUg==@com.qidian.QDReader.g-vbyzRi5MlijrcNZZPWXfxg==@base.apk@classes.dex)
10-25 18:41:29.328 16992 17419 I artd    : Loading /data/dalvik-cache/arm/data@app@~~JXEcryZI0UivbxoxYhwqUg==@com.qidian.QDReader.g-vbyzRi5MlijrcNZZPWXfxg==@base.apk@classes.dex with executable: 0
10-25 18:41:29.329 16992 17419 I artd    : OatFileAssistant test for existing oat file /data/dalvik-cache/arm/data@app@~~JXEcryZI0UivbxoxYhwqUg==@com.qidian.QDReader.g-vbyzRi5MlijrcNZZPWXfxg==@base.apk@classes.dex: File /data/dalvik-cache/arm/data@app@~~JXEcryZI0UivbxoxYhwqUg==@com.qidian.QDReader.g-vbyzRi5MlijrcNZZPWXfxg==@base.apk@classes.vdex does not exist.
10-25 18:41:29.329 16992 17419 I artd    : GetBestInfo checking odex next to the dex file (/data/app/~~JXEcryZI0UivbxoxYhwqUg==/com.qidian.QDReader.g-vbyzRi5MlijrcNZZPWXfxg==/oat/arm/base.odex)
10-25 18:41:29.329 16992 17419 I artd    : Loading /data/app/~~JXEcryZI0UivbxoxYhwqUg==/com.qidian.QDReader.g-vbyzRi5MlijrcNZZPWXfxg==/oat/arm/base.odex with executable: 0
10-25 18:41:29.329 16992 17419 I artd    : Successfully loaded /data/app/~~JXEcryZI0UivbxoxYhwqUg==/com.qidian.QDReader.g-vbyzRi5MlijrcNZZPWXfxg==/oat/arm/base.odex with executable: 0
10-25 18:41:29.329 16992 17419 I artd    : /data/app/~~JXEcryZI0UivbxoxYhwqUg==/com.qidian.QDReader.g-vbyzRi5MlijrcNZZPWXfxg==/oat/arm/base.odex is kOatUpToDate with filter verify
10-25 18:41:29.329  5646 17186 I Fitness : (REDACTED) FitCleanupIntentOperation received Intent %s
10-25 18:41:29.333 10447 10529 I Finsky  : [581] kwp.a(206): AIM: AppInfoManager-Perf > ItemModel > CacheSize=33, cacheHitCount=0, cacheMissCount=0, total appsWithNoServerDataCount=33. Missed  in cache (limit 10) : []
10-25 18:41:29.334 10447 10539 I Finsky  : [591] jyg.accept(156): AIM: AppInfoManager-Perf > getApps > data collection finished
10-25 18:41:29.334 10447 10529 I Finsky  : [581] kwp.a(206): AIM: AppInfoManager-Perf > ItemModel > CacheSize=33, cacheHitCount=0, cacheMissCount=0, total appsWithNoServerDataCount=33. Missed  in cache (limit 10) : []
10-25 18:41:29.334 10447 10539 I Finsky  : [591] kvo.run(976): AIM: AppInfoManager-Perf > maybeDestroyAppInfoManager is called. actives = 3
10-25 18:41:29.336 10447 10539 I Finsky  : [591] kwp.a(206): AIM: AppInfoManager-Perf > ItemModel > CacheSize=33, cacheHitCount=0, cacheMissCount=0, total appsWithNoServerDataCount=33. Missed  in cache (limit 10) : []
10-25 18:41:29.337 10447 10539 I Finsky  : [591] kwp.a(206): AIM: AppInfoManager-Perf > ItemModel > CacheSize=33, cacheHitCount=0, cacheMissCount=0, total appsWithNoServerDataCount=33. Missed  in cache (limit 10) : []
10-25 18:41:29.338 10447 10533 I Finsky  : [585] jyg.accept(156): AIM: AppInfoManager-Perf > getApps > data collection finished
10-25 18:41:29.338 10447 10533 I Finsky  : [585] kvo.run(976): AIM: AppInfoManager-Perf > maybeDestroyAppInfoManager is called. actives = 2
10-25 18:41:29.349  5787  5219 I Icing   : Indexing done com.google.android.gms-apps
10-25 18:41:29.351 17140 17207 I :widgetProvider: This is non sticky GC, maxfree is 16777216 minfree is 8388608
10-25 18:41:29.353  5787  5219 I Icing   : Indexing com.google.android.gms-apps from com.google.android.gms
10-25 18:41:29.353  5787  5219 I Icing   : Indexing done com.google.android.gms-apps
10-25 18:41:29.355  1688  1688 I vendor.qti.hardware.servicetrackeraidl-service: destroyService is called for service : com.google.android.gms/.icing.service.IndexWorkerService
10-25 18:41:29.355 13559 17185 I Market-LocalAppManager: getUpdateInfoFromServer : middle
10-25 18:41:29.356 13559 17185 I Market-RetrofitRequest: callStart : https://updateinfo.market.xiaomi.com/apm/updateinfo/v2
10-25 18:41:29.356 13559 17185 I Market-RetrofitRequest: HeaderInterceptor : https://updateinfo.market.xiaomi.com/apm/updateinfo/v2
10-25 18:41:29.360 13559 17185 I Market-LimitSpeedManager: startLimitSpeedNow() ====== speed = 32768
10-25 18:41:29.362 13559 17185 I Market-DownloadLimitSpeedManager: startLimitSpeed success. Total count 2
10-25 18:41:29.362 13559 17185 I Market-RetrofitRequest: HeaderInterceptor : https://updateinfo.market.xiaomi.com/apm/updateinfo/v2
10-25 18:41:29.365  1688  1688 I vendor.qti.hardware.servicetrackeraidl-service: destroyService is called for service : com.google.android.gms/.icing.service.IndexWorkerService
10-25 18:41:29.474 13559 18441 I Market-DownloadLimitSpeedManager: tryStopLimitSpeed 1
10-25 18:41:29.475 13559 18441 I Market-RetrofitRequest: callEnd : https://updateinfo.market.xiaomi.com/apm/updateinfo/v2
10-25 18:41:29.476 13559 18441 I Market-LocalAppManager: getUpdateInfoFromServer : end  , responseCode : OK
10-25 18:41:29.476 13559 18441 I Market-LocalAppManager: checkUpdateFromServer : end
10-25 18:41:29.476 13559 18441 I Market-LocalAppManager: checkUpdateFromServer  data parser : end
10-25 18:41:29.476 13559 18441 I Market-HuanjiManager: condition not satisfied, ignore
10-25 18:41:29.477 13559 18441 I Market-DataParser: [InvalidPackageList] JSON : invalidSystemPackageList list is null
10-25 18:41:29.477 13559 18441 I Market-LocalAppManager: checkUpdateFromServer  filter package : end
10-25 18:41:29.477 13559 18441 I Market-LocalAppManager: checkUpdateFromServer  support64BitPackagesJsonArray : end
10-25 18:41:29.477 13559 18441 I Market-OneTrackParams: useExpId=1978999,2000549,1700402,1689207,1994432,2075312,expId=1805848,1627499,1673776,1960945,1959861,1700402,2000549,1978992,1411227,1978999,1689162,1939606,1988282,1965378,1689207,2075312,1994432
10-25 18:41:29.481  2318  4219 I SmartPower: com.miui.phrase/10162(22166): background->idle(3001ms) R(content provider start ContentProviderRecord{3ff3f0e u0 com.miui.phrase/com.miui.provider.InputProvider}) adj=905.
10-25 18:41:29.513  2318  2318 W NotificationHistory: Attempted to add notif for locked/gone/disabled user 0
10-25 18:41:29.519  4692  4692 E NotifCollection: No notification to remove with key 0|com.xiaomi.market|163253216|null|10167 reason=0:REASON_UNKNOWN
10-25 18:41:29.585  2318  3691 I MiuiNetworkPolicy: bandwidth: 33 KB/s, Max bandwidth: 4239 KB/s
10-25 18:41:29.707  8429  8609 I WakePathUpdatePolicy: doUpdate(user 0):responseCode:200
10-25 18:41:29.708  8429  8609 W WakePathUpdatePolicy: doUpdate(user 0): Response stream size=1344
10-25 18:41:29.709  7756  8928 I ThumbnailBlurUtils: loadPrivacyThumbnailBlurMonthly successd{"com.musicworx":-1,"com.baidu.BaiduMap":3,"com.google.android.apps.youtube.music":27,"com.google.android.apps.tasks":5,"com.jijia.jjweather":5,"com.netease.newsreader.activity":11,"com.instagram.android":5,"com.microsoft.emmx":5,"com.getsurfboard":-1,"com.android.fileexplorer":5,"com.miui.compass":5,"com.microsoft.office.outlook":10,"com.jijia.bqwnl":5,"com.autonavi.minimap":3,"com.miui.calculator":5,"org.secuso.privacyfriendlytodolist":-1,"com.android.contacts":5,"com.xiaomi.scanner":5,"com.miui.securitycenter":5,"com.android.vending":5,"com.yahoo.mobile.client.android.mail":5,"com.einnovation.temu":-1,"com.duokan.reader":7,"com.wuba.zhuanzhuan":9,"io.appium.settings":-1,"com.android.chrome":5,"com.xingin.xhs":5,"com.dragon.read":7,"tv.danmaku.bili":27,"com.ebay.mobile":5,"com.miui.gallery":6,"todolist.scheduleplanner.dailyplanner.todo.reminders":5,"com.alibaba.aliexpresshd":9,"com.android.email":10,"com.todoist":5,"com.spotify.music":5,"com.xiaomi.market":5,"com.microsoft.todos":10,"com.skysoft.kkbox.android":27,"com.miui.notes":5,"com.smile.gifmaker":27,"com.xiaomi.gamecenter":5,"com.qidian.QDReader.g":-1,"com.ss.android.ugc.aweme.lite":6,"com.android.browser":5,"com.anydo":5,"de.baumann.browser":-1,"com.suxing.sustream":-1,"com.miui.virtualsim":5,"com.sina.news":11,"com.miui.weather2":5,"com.miui.video":27,"douzifly.list":-1,"com.google.android.documentsui":-1,"com.ss.android.article.news":11,"com.android.mms":5,"cn.ninegame.gamemanager":5,"com.kuaishou.nebula":27,"com.android.providers.downloads.ui":5,"com.tencent.android.qqdownloader":5,"com.android.camera":6,"com.google.android.gm":5,"cn.amazon.mShop.android":9,"com.google.android.apps.magazines":5,"com.android.calendar":10,"io.github.ylimit.droidbotapp":-1,"ru.mail.mailapp":5,"com.android.settings":-1,"com.zhuantech.sijiweather":-1,"com.cnn.mobile.android.phone":11,"com.android.soundrecorder":5}
10-25 18:41:29.715  8429  8609 I WakePathUpdatePolicy: pushWakePathData begin
10-25 18:41:29.716  8429  8609 I com.lbe.security.service.provider.WakePathDatabaseUtil: getWakePathWhiteList: whiteList.size=0
10-25 18:41:29.716  2318  5455 I WakePathChecker: MIUILOG-WAKEPATH pushWakePathWhiteList: userId=0 size=0
10-25 18:41:29.716  8429  8609 I com.lbe.security.service.provider.WakePathDatabaseUtil: getWakePathRuleList: wakeType=1 wakePathRules.size=3
10-25 18:41:29.717  2318  5455 I WakePathChecker: MIUILOG-WAKEPATH pushWakePathRuleInfos: wakeType=1 userId=0 size=3
10-25 18:41:29.717  8429  8609 I com.lbe.security.service.provider.WakePathDatabaseUtil: getWakePathRuleList: wakeType=8 wakePathRules.size=8
10-25 18:41:29.717  2318  5455 I WakePathChecker: MIUILOG-WAKEPATH pushWakePathRuleInfos: wakeType=8 userId=0 size=8
10-25 18:41:29.717  8429  8609 I com.lbe.security.service.provider.WakePathDatabaseUtil: getWakePathRuleList: wakeType=4 wakePathRules.size=4
10-25 18:41:29.718  2318  5455 I WakePathChecker: MIUILOG-WAKEPATH pushWakePathRuleInfos: wakeType=4 userId=0 size=4
10-25 18:41:29.718  8429  8609 I com.lbe.security.service.provider.WakePathDatabaseUtil: getWakePathRuleList: wakeType=2 wakePathRules.size=1
10-25 18:41:29.718  2318  5455 I WakePathChecker: MIUILOG-WAKEPATH pushWakePathRuleInfos: wakeType=2 userId=0 size=1
10-25 18:41:29.718  8429  8609 I com.lbe.security.service.provider.WakePathDatabaseUtil: getWakePathRuleList: wakeType=17 wakePathRules.size=0
10-25 18:41:29.718  2318  5455 I WakePathChecker: MIUILOG-WAKEPATH pushWakePathRuleInfos: wakeType=17 userId=0 size=0
10-25 18:41:29.719  8429  8609 I com.lbe.security.service.provider.WakePathDatabaseUtil: getWakePathRuleList: wakeType=32 wakePathRules.size=0
10-25 18:41:29.719  2318  5455 I WakePathChecker: MIUILOG-WAKEPATH pushWakePathRuleInfos: wakeType=32 userId=0 size=0
10-25 18:41:29.719  8429  8609 I com.lbe.security.service.provider.WakePathDatabaseUtil: getWakePathRuleList: wakeType=256 wakePathRules.size=8
10-25 18:41:29.719  2318  5455 I WakePathChecker: MIUILOG-WAKEPATH pushWakePathRuleInfos: wakeType=256 userId=0 size=8
10-25 18:41:29.719  8429  8609 I com.lbe.security.service.provider.WakePathDatabaseUtil: getWakePathRuleList: wakeType=128 wakePathRules.size=4
10-25 18:41:29.720  2318  5455 I WakePathChecker: MIUILOG-WAKEPATH pushWakePathRuleInfos: wakeType=128 userId=0 size=4
10-25 18:41:29.720  8429  8609 I com.lbe.security.service.provider.WakePathDatabaseUtil: getWakePathRuleList: wakeType=64 wakePathRules.size=2
10-25 18:41:29.720  2318  5455 I WakePathChecker: MIUILOG-WAKEPATH pushWakePathRuleInfos: wakeType=64 userId=0 size=2
10-25 18:41:29.720  8429  8609 I com.lbe.security.service.provider.WakePathDatabaseUtil: getWakePathRuleList: wakeType=4096 wakePathRules.size=2
10-25 18:41:29.720  2318  5455 I WakePathChecker: MIUILOG-WAKEPATH pushWakePathRuleInfos: wakeType=4096 userId=0 size=2
10-25 18:41:29.721  8429  8609 I com.lbe.security.service.provider.WakePathDatabaseUtil: getWakePathRuleList: wakeType=32768 wakePathRules.size=1
10-25 18:41:29.721  2318  5455 I WakePathChecker: MIUILOG-WAKEPATH pushWakePathRuleInfos: wakeType=32768 userId=0 size=1
10-25 18:41:29.721  8429  8609 I com.lbe.security.service.provider.WakePathDatabaseUtil: getWakePathRuleList: wakeType=8192 wakePathRules.size=6
10-25 18:41:29.721  2318  5455 I WakePathChecker: MIUILOG-WAKEPATH pushWakePathRuleInfos: wakeType=8192 userId=0 size=6
10-25 18:41:29.721  8429  8609 I com.lbe.security.service.provider.WakePathDatabaseUtil: getWakePathRuleList: wakeType=16384 wakePathRules.size=0
10-25 18:41:29.722  2318  5455 I WakePathChecker: MIUILOG-WAKEPATH pushWakePathRuleInfos: wakeType=16384 userId=0 size=0
10-25 18:41:29.722  8429  8609 I com.lbe.security.service.provider.WakePathDatabaseUtil: getWakePathRuleList: wakeType=22 wakePathRules.size=0
10-25 18:41:29.722  2318  5455 I WakePathChecker: MIUILOG-WAKEPATH pushWakePathRuleInfos: wakeType=22 userId=0 size=0
10-25 18:41:29.722  8429  8609 I WakePathUpdatePolicy: pushWakePathData end
10-25 18:41:29.722  8429  8609 I WakePathUpdatePolicy: doUpdate end
10-25 18:41:29.752  3094  3094 I adbd    : in ShellService: ps
10-25 18:41:29.805  3094  3094 I adbd    : in ShellService: pm list packages -f
10-25 18:41:29.816 13559 17185 I Market-DownloadLimitSpeedManager: stopLimitSpeed
10-25 18:41:29.816 13559 17185 I Market-LimitSpeedManager: stopLimitSpeedNow() =========== 
10-25 18:41:29.823 13559 17185 I Market-RetrofitRequest: callEnd : https://updateinfo.market.xiaomi.com/apm/updateinfo/v2
10-25 18:41:29.825 13559 17185 W Market-Connection: Connection result is cut off as too long
10-25 18:41:29.830 13559 17185 I Market-LocalAppManager: getUpdateInfoFromServer : end  , responseCode : OK
10-25 18:41:29.830 13559 17185 I Market-LocalAppManager: checkUpdateFromServer : end
10-25 18:41:29.831 13559 17185 I Market-LocalAppManager: checkUpdateFromServer  data parser : end
10-25 18:41:29.831 13559 17185 I Market-HuanjiManager: condition not satisfied, ignore
10-25 18:41:29.832 13559 17185 I Market-DataParser: [InvalidPackageList] JSON : invalidSystemPackageList list is null
10-25 18:41:29.832 13559 17185 I Market-LocalAppManager: checkUpdateFromServer  filter package : end
10-25 18:41:29.832 13559 17185 I Market-LocalAppManager: checkUpdateFromServer  support64BitPackagesJsonArray : end
10-25 18:41:29.832 13559 17185 I Market-OneTrackParams: useExpId=1978999,2000549,1700402,1689207,1994432,2075312,expId=1805848,1627499,1673776,1960945,1959861,1700402,2000549,1978992,1411227,1978999,1689162,1939606,1988282,1965378,1689207,2075312,1994432
10-25 18:41:29.832 13559 17185 I Market-LocalAppManager: query update apps from server : finish, 66 / 421 to update
10-25 18:41:29.840 13559 17185 I Market-RetrofitRequest: callStart : https://updateinfo.market.xiaomi.com/apm/updateinfo/priority
10-25 18:41:29.840 13559 17185 I Market-RetrofitRequest: HeaderInterceptor : https://updateinfo.market.xiaomi.com/apm/updateinfo/priority
10-25 18:41:29.842 13559 17185 I Market-LimitSpeedManager: startLimitSpeedNow() ====== speed = 32768
10-25 18:41:29.844 13559 17185 I Market-DownloadLimitSpeedManager: startLimitSpeed success. Total count 1
10-25 18:41:29.845 13559 17185 I Market-RetrofitRequest: HeaderInterceptor : https://updateinfo.market.xiaomi.com/apm/updateinfo/priority
10-25 18:41:29.890  3094  3094 I adbd    : in ShellService: dumpsys package com.qidian.QDReader.g
10-25 18:41:29.936 16992 16993 I artd    : Dex parent of /data/app/~~JXEcryZI0UivbxoxYhwqUg==/com.qidian.QDReader.g-vbyzRi5MlijrcNZZPWXfxg==/base.apk is not writable: Permission denied
10-25 18:41:29.936 16992 16993 I artd    : GetBestInfo checking odex in dalvik-cache (/data/dalvik-cache/arm/data@app@~~JXEcryZI0UivbxoxYhwqUg==@com.qidian.QDReader.g-vbyzRi5MlijrcNZZPWXfxg==@base.apk@classes.dex)
10-25 18:41:29.936 16992 16993 I artd    : Loading /data/dalvik-cache/arm/data@app@~~JXEcryZI0UivbxoxYhwqUg==@com.qidian.QDReader.g-vbyzRi5MlijrcNZZPWXfxg==@base.apk@classes.dex with executable: 0
10-25 18:41:29.936 16992 16993 I artd    : OatFileAssistant test for existing oat file /data/dalvik-cache/arm/data@app@~~JXEcryZI0UivbxoxYhwqUg==@com.qidian.QDReader.g-vbyzRi5MlijrcNZZPWXfxg==@base.apk@classes.dex: File /data/dalvik-cache/arm/data@app@~~JXEcryZI0UivbxoxYhwqUg==@com.qidian.QDReader.g-vbyzRi5MlijrcNZZPWXfxg==@base.apk@classes.vdex does not exist.
10-25 18:41:29.936 16992 16993 I artd    : GetBestInfo checking odex next to the dex file (/data/app/~~JXEcryZI0UivbxoxYhwqUg==/com.qidian.QDReader.g-vbyzRi5MlijrcNZZPWXfxg==/oat/arm/base.odex)
10-25 18:41:29.936 16992 16993 I artd    : Loading /data/app/~~JXEcryZI0UivbxoxYhwqUg==/com.qidian.QDReader.g-vbyzRi5MlijrcNZZPWXfxg==/oat/arm/base.odex with executable: 0
10-25 18:41:29.936 16992 16993 I artd    : Successfully loaded /data/app/~~JXEcryZI0UivbxoxYhwqUg==/com.qidian.QDReader.g-vbyzRi5MlijrcNZZPWXfxg==/oat/arm/base.odex with executable: 0
10-25 18:41:29.937 16992 16993 I artd    : /data/app/~~JXEcryZI0UivbxoxYhwqUg==/com.qidian.QDReader.g-vbyzRi5MlijrcNZZPWXfxg==/oat/arm/base.odex is kOatUpToDate with filter verify
10-25 18:41:29.938  2318  3998 W ziparchive: Unable to open '/data/app/~~JXEcryZI0UivbxoxYhwqUg==/com.qidian.QDReader.g-vbyzRi5MlijrcNZZPWXfxg==/base.dm': No such file or directory
10-25 18:41:29.938  2318  3998 E DexOptHelperImpl: Fail to get art odex vdex with path :/data/app/~~JXEcryZI0UivbxoxYhwqUg==/com.qidian.QDReader.g-vbyzRi5MlijrcNZZPWXfxg==/base.apk
10-25 18:41:30.020  3094  3094 I adbd    : in ShellService: dumpsys activity activities
10-25 18:41:30.044  1908  1908 E DisplayModeController: setDesiredMode : Idle status skip setActiveMode, isDdicIdleMode: 1
10-25 18:41:30.046  1656  1656 I SDM     : HWCDisplay::SetActiveConfigWithConstraints: display:66-0, config: 3, WxH 1200x2670, fps 120
10-25 18:41:30.047  1656  1656 W SDM     : HWDeviceDRM::GetSupportedBitClkRate: Requested rate not supported: 1150000000
10-25 18:41:30.047  1656  1656 I SDM     : HWDeviceDRM::UpdateMixerAttributes: Mixer WxH 1200x2670-1 for Peripheral
10-25 18:41:30.047  1656  1656 I SDM     : HWCDisplay::SubmitDisplayConfig: Active configuration changed from config 1 to 3
10-25 18:41:30.047  1656  1656 I SDM     : HWCDisplay::SubmitDisplayConfig: Active WxH 1200x2670 ,ddic_mode:auto, timing_fps: 120, sf_fps: 120
10-25 18:41:30.053  1656  2516 I vendor.qti.hardware.display.composer-service: Sensor: notify citsensorservice to trigger cwb, misForced = 0
10-25 18:41:30.053  3030  3788 I libsensor-parseRGB: request dump start for mRequestDisplayId 0
10-25 18:41:30.078  3030  3112 E libsensor-parseRGB: CWB NotifyCWBBufferDone  error 0
10-25 18:41:30.114  3094  3094 I adbd    : in ShellService: dumpsys activity activities
10-25 18:41:30.173  2318  5455 W InputManager-JNI: Input channel object 'e2418fa Toast (client)' was disposed without first being removed with the input manager!
10-25 18:41:30.175  2318  5455 I PowerManagerServiceImpl: Release wakelock: SCREEN_BRIGHT_WAKE_LOCK           'WindowManager/displayId:0' ON_AFTER_RELEASE DISABLED ACQ=-2s414ms (uid=1000 pid=2318 pkg=android ws=WorkSource{1000 com.android.systemui})
10-25 18:41:30.177  2318  5455 W NotificationService: Toast already killed. pkg=com.miui.home token=android.os.BinderProxy@58cde00
10-25 18:41:30.182  1908  3556 I BpBinder: onLastStrongRef automatically unlinking death recipients: 
10-25 18:41:30.189  1656  1656 I MiClstc : simplifyLayerName Unknown layer 1, skip
10-25 18:41:30.189  1656  1656 I MiClstc : DropLayers erase layer 1
10-25 18:41:30.190  1908  1908 I MI-SF   : surfaceflinger setAffinity mode=0
10-25 18:41:30.192  1908  1908 E MI-SF   : surfaceflinger setAffinity success
10-25 18:41:30.201  3094  3094 I adbd    : in ShellService: dumpsys activity activities
10-25 18:41:30.254  7707  7707 I RuntimePermissionManager: isRuntimeRequestSupport: true
10-25 18:41:30.267  1656  1854 I SDM     : DisplayBase::CommitThread: Received idle timeout, panel: cmd, timeout: 70000 us
10-25 18:41:30.269  2318  2525 I AppsFilter: interaction: PackageSetting{fc800bc com.android.microdroid.empty_payload/10236} -> PackageSetting{9dec637 com.miui.cleanmaster/10266} BLOCKED
10-25 18:41:30.269  2318  2525 I AppsFilter: interaction: PackageSetting{c4d7b9a io.appium.uiautomator2.server.test/10280} -> PackageSetting{9dec637 com.miui.cleanmaster/10266} BLOCKED
10-25 18:41:30.269  2318  2525 I AppsFilter: interaction: PackageSetting{bc2bccb io.github.ylimit.droidbotapp/10445} -> PackageSetting{9dec637 com.miui.cleanmaster/10266} BLOCKED
10-25 18:41:30.269  2318  2525 I AppsFilter: interaction: PackageSetting{7726ca8 com.rongcard.eid/10151} -> PackageSetting{9dec637 com.miui.cleanmaster/10266} BLOCKED
10-25 18:41:30.270  2318  2525 I AppsFilter: interaction: PackageSetting{ac3a3c1 io.appium.settings/10274} -> PackageSetting{9dec637 com.miui.cleanmaster/10266} BLOCKED
10-25 18:41:30.277  2318  5455 W ParceledListSlice: Element #44 is 26672 bytes.
10-25 18:41:30.277  2318  5455 W ParceledListSlice: Overly large reply size: 82384
10-25 18:41:30.278  2318  5449 W ParceledListSlice: Element #45 is 26676 bytes.
10-25 18:41:30.278  2318  5449 W ParceledListSlice: Element #46 is 26676 bytes.
10-25 18:41:30.278  2318  5449 W ParceledListSlice: Element #47 is 26684 bytes.
10-25 18:41:30.278  2318  5111 W ParceledListSlice: Element #48 is 26688 bytes.
10-25 18:41:30.279  2318  5111 W ParceledListSlice: Element #54 is 29724 bytes.
10-25 18:41:30.279  2318  5111 W ParceledListSlice: Overly large reply size: 83252
10-25 18:41:30.279  2318  5455 W ParceledListSlice: Element #55 is 29744 bytes.
10-25 18:41:30.279  2318  5455 W ParceledListSlice: Element #56 is 29736 bytes.
10-25 18:41:30.280  7438  7438 E RegisteredServicesCache: Skipping application component ComponentInfo{com.autonavi.minimap/com.alibaba.ariver.commonability.device.jsapi.nfc.service.TinyAppHostApduService}: it must request the permission android.permission.NFC
10-25 18:41:30.280  7438  7438 E RegisteredServicesCache: Skipping application component ComponentInfo{com.autonavi.minimap/com.alipay.mobile.aompdevice.nfc.service.TinyAppHostApduService}: it must request the permission android.permission.NFC
10-25 18:41:30.281  7438  7438 I RegisteredServicesCache: current user: 0, is managed profile : false
10-25 18:41:30.281  7438  7438 I RegisteredAidCache: updateRoutingLocked(false): Enter
10-25 18:41:30.281  7438  7438 I AidRoutingManager: configureRouting(false): Enter
10-25 18:41:30.281  7438  7438 E AidRoutingManager: Size of routing table970
10-25 18:41:30.281  7438  7438 I RegisteredAidCache: updateRoutingLocked(false): exit
10-25 18:41:30.282  7438  7438 I libnfc_nci: [INFO:NativeT4tNfcee.cpp(870)] nfcManager_isFwSupportNonStdT4TAid Enter isFwSupport = 1
10-25 18:41:30.282  7438  7438 I libnfc_nci: [INFO:SecureElement.cpp(1487)] SecureElement::getEseHandleFromGenericId: enter; ESE-ID = 0x7F
10-25 18:41:30.282  7438  7438 I libnfc_nci: [INFO:SecureElement.cpp(1528)] SecureElement::getEseHandleFromGenericId: enter; ESE-Handle = 0x410
10-25 18:41:30.283 11547 11678 I Ad      : isPersonalizedAdEnabled getAdSettings: 1
10-25 18:41:30.283  4663  5397 E SmsApplication: com.android.mms lost android:read_cell_broadcasts:  (fixing)
10-25 18:41:30.283  2318  3609 W AppOpService: Ignored setUidMode call for runtime permission app op: uid = 10141, code = READ_CELL_BROADCASTS, mode = allow, callingUid = 1001, oldMode = allow
10-25 18:41:30.284  2318  5443 W AppOpService: Ignored setUidMode call for runtime permission app op: uid = 1001, code = READ_SMS, mode = allow, callingUid = 1001, oldMode = allow
10-25 18:41:30.284  7438  7438 I libnfc_nci: [INFO:SecureElement.cpp(1487)] SecureElement::getEseHandleFromGenericId: enter; ESE-ID = 0x00
10-25 18:41:30.284  7438  7438 I libnfc_nci: [INFO:SecureElement.cpp(1528)] SecureElement::getEseHandleFromGenericId: enter; ESE-Handle = 0x400
10-25 18:41:30.284  2318  5443 W AppOpService: Ignored setUidMode call for runtime permission app op: uid = 1001, code = RECEIVE_SMS, mode = allow, callingUid = 1001, oldMode = allow
10-25 18:41:30.284  2318  5443 W AppOpService: Ignored setUidMode call for runtime permission app op: uid = 1001, code = RECEIVE_WAP_PUSH, mode = allow, callingUid = 1001, oldMode = allow
10-25 18:41:30.285  2318  5443 W AppOpService: Ignored setUidMode call for runtime permission app op: uid = 1001, code = SEND_SMS, mode = allow, callingUid = 1001, oldMode = allow
10-25 18:41:30.285  2318  5445 W AppOpService: Ignored setUidMode call for runtime permission app op: uid = 1001, code = READ_CELL_BROADCASTS, mode = allow, callingUid = 1001, oldMode = allow
10-25 18:41:30.285  4610 10140 I SecureElement-Terminal-eSE1: isSecureElementPresent()
10-25 18:41:30.286  1594  1594 I android.hardware.secure_element-service.qti: isCardPresent
10-25 18:41:30.286  1594  1594 I android.hardware.secure_element-service.qti: isCardPresent exit, cardPresent: 1
10-25 18:41:30.287  4610 10140 I SecureElement-Terminal-SIM1: isSecureElementPresent()
10-25 18:41:30.288  6892  7967 I PermissionControllerServiceImpl: Updating user sensitive for uid 10266
10-25 18:41:30.288  4610 10140 I SecureElement-Terminal-SIM1: isNfcEventAllowed: No access rules for checking.
10-25 18:41:30.288  4610 10140 I SecureElement-Terminal-SIM2: isSecureElementPresent()
10-25 18:41:30.295  7707  8396 I RuntimePermissionManager: isRuntimeRequestSupport: true
10-25 18:41:30.296  7707  8396 I InstalledPackagesMemoryCache: getInstallPermissionGranted=true
10-25 18:41:30.296  3094  3094 I adbd    : in ShellService: dumpsys activity services
10-25 18:41:30.300  7707  7731 I rsonalassistant: This is sticky GC, maxfree is 16777216 minfree is 8388608
10-25 18:41:30.300  7707  7731 W rsonalassistant: Reducing the number of considered missed Gc histogram windows from 2855 to 100
10-25 18:41:30.303  1656  1656 I SDM     : HWCDisplay::SetActiveConfigWithConstraints: display:66-0, config: 1, WxH 1200x2670, fps 120
10-25 18:41:30.304  1656  1656 W SDM     : HWDeviceDRM::GetSupportedBitClkRate: Requested rate not supported: 1150000000
10-25 18:41:30.304  1656  1656 I SDM     : HWDeviceDRM::UpdateMixerAttributes: Mixer WxH 1200x2670-1 for Peripheral
10-25 18:41:30.304  1656  1656 I SDM     : HWCDisplay::SubmitDisplayConfig: Active configuration changed from config 3 to 1
10-25 18:41:30.304  1656  1656 I SDM     : HWCDisplay::SubmitDisplayConfig: Active WxH 1200x2670 ,ddic_mode:idle, timing_fps: 120, sf_fps: 120
10-25 18:41:30.305  1656  2516 I vendor.qti.hardware.display.composer-service: Sensor: notify citsensorservice to trigger cwb, misForced = 0
10-25 18:41:30.306  3030  3788 I libsensor-parseRGB: request dump start for mRequestDisplayId 0
10-25 18:41:30.327  3030  3108 E libsensor-parseRGB: CWB NotifyCWBBufferDone  error 0
10-25 18:41:30.341  2318  2447 W EnhancedConfirmationService: The packageName should not be null.
10-25 18:41:30.341  2318  2447 W MagnificationConnectionManager: requestConnection duplicated request: connect=false, mConnectionState=DISCONNECTED
10-25 18:41:30.384  1656  1854 I SDM     : DisplayBase::CommitThread: Received idle timeout, panel: cmd, timeout: 70000 us
10-25 18:41:30.421  3094  3094 I adbd    : in ShellService: screencap -p /sdcard/screen_2025-10-25_184129.png
10-25 18:41:30.463  1656  2516 I vendor.qti.hardware.display.composer-service: Sensor: notify citsensorservice to trigger cwb, misForced = 1
10-25 18:41:30.463  3030  3788 I libsensor-parseRGB: request dump start for mRequestDisplayId 0
10-25 18:41:30.480  8429 28926 E PackageUtil: getPackageInfoAsUser failed com.qidian.QDReader.g , 999
10-25 18:41:30.486  3030  3108 E libsensor-parseRGB: CWB NotifyCWBBufferDone  error 0
10-25 18:41:30.542  1656  1854 I SDM     : DisplayBase::CommitThread: Received idle timeout, panel: cmd, timeout: 70000 us
10-25 18:41:30.724 17661 17661 W BpBinder: Linking to death on android.gui.ISurfaceComposer but there are no threads (yet?) listening to incoming transactions. See ProcessState::startThreadPool and ProcessState::setThreadPoolMaxThreadCount. Generally you should setup the binder threadpool before other initialization steps.
10-25 18:41:30.725 17661 17661 W ProcessState: Extra binder thread started, but 0 threads requested. Do not use *startThreadPool when zero threads are requested.
10-25 18:41:30.773  7707  7707 I PackageInstallReceiver: action = android.intent.action.PACKAGE_CHANGED packageName = com.miui.cleanmaster
10-25 18:41:30.773  7707  7707 W InstalledPackagesMemoryCache: Unknown action: android.intent.action.PACKAGE_CHANGED
10-25 18:41:30.773  7707  7707 I ServiceDeliveryCapability: onAppChanged:com.miui.cleanmaster action:android.intent.action.PACKAGE_CHANGED
10-25 18:41:30.773  7707  7707 I AppWidgetDelegate: updateAppWidgets for com.miui.cleanmaster
10-25 18:41:30.774  7707  7707 I WidgetController: WidgetController.updateOrRemoveStackWhenPackageChanged: packageName com.miui.cleanmaster
10-25 18:41:30.774  7707  7707 I WidgetBackgroundBlurManager: onAppChanged appPackageName : com.miui.cleanmaster
10-25 18:41:30.774  7707  8397 I AppWidgetDelegate: removeAllWidgets com.android.calendar.widget.NearEventAppWidget
10-25 18:41:30.774  7707  8397 I AppWidgetDelegate: removeAllWidgets com.xiaomi.misettings.usagestats.widget.desktop.widget.SimpleUsageStatsWidget
10-25 18:41:30.832 17661 17664 I AdrenoUtils: <ReadGpuID:357>: Reading chip ID through GSL
10-25 18:41:30.833 17661 17661 W qdgralloc: Failed to load libubwcp.so
10-25 18:41:30.828 17661 17661 W screencap: type=1400 audit(0.0:55083): avc:  denied  { read } for  name="libubwcp.so" dev="dm-14" ino=19816057 scontext=u:r:shell:s0 tcontext=u:object_r:vendor_file:s0 tclass=file permissive=0
10-25 18:41:30.841  7336 23562 W MediaProvider: isAppCloneUserPair for user 0: false
10-25 18:41:30.891 13559 17185 I Market-DownloadLimitSpeedManager: stopLimitSpeed
10-25 18:41:30.891 13559 17185 I Market-LimitSpeedManager: stopLimitSpeedNow() =========== 
10-25 18:41:30.895 13559 17185 I Market-RetrofitRequest: callEnd : https://updateinfo.market.xiaomi.com/apm/updateinfo/priority
10-25 18:41:30.896 13559 17185 I Market-OneTrackParams: useExpId=1978999,2000549,1700402,1994432,2075312,expId=1805848,1627499,1673776,1960945,1959861,1700402,2000549,1978992,1411227,1978999,1689162,1939606,1988282,1965378,1689207,2075312,1994432
10-25 18:41:30.899 13559 17185 I Market-SystemSettingsManager: extraSettingsSecureGetInt key: com.xiaomi.market.need_update_game_count, value: 0
10-25 18:41:30.899 13559 17185 I Market-UpdateAppList: update app list do not change, don't notify: pkg (64) = com.milink.service,com.miui.hybrid,com.baidu.BaiduMap,com.miui.cleanmaster,com.netease.newsreader.activity,com.microsoft.emmx,com.android.fileexplorer,com.xiaomi.aiasst.vision,com.microsoft.office.outlook,com.miui.newhome,com.autonavi.minimap,com.miui.mishare.connectivity,com.android.contacts,com.unionpay.tsmservice.mi,com.miui.greenguard,com.miui.voiceassist,com.miui.thirdappassistant,com.xiaomi.scanner,com.miui.securitycenter,com.einnovation.temu,com.duokan.reader,com.wuba.zhuanzhuan,com.xingin.xhs,com.android.updater,com.miui.touchassistant,tv.danmaku.bili,com.dragon.read,com.miui.gallery,com.miui.cloudservice,com.miui.screenrecorder,com.alibaba.aliexpresshd,com.mfashiongallery.emag,com.miui.carlink,com.miui.notes,com.xiaomi.payment,com.miui.home,com.xiaomi.gamecenter,com.smile.gifmaker,com.miui.analytics,com.ss.android.ugc.aweme.lite,com.android.browser,com.xiaomi.account,com.suxing.sustream,com.xiaomi.mis,com.miui.virtualsim,com.android.quicksearchbox,com.sina.news,com.miui.video,com.ss.android.article.news,com.miui.miwallpaper,com.xiaomi.mi_connect_service,com.miui.personalassistant,com.miui.securityadd,com.kuaishou.nebula,com.xiaomi.gamecenter.sdk.service,com.xiaomi.simactivate.service,com.miui.bugreport,cn.amazon.mShop.android,com.xiaomi.digitalkey,com.android.calendar,com.xiaomi.aicr,com.xiaomi.xmsf,com.xiaomi.mirror,com.android.soundrecorder
10-25 18:41:30.901 13559 16635 I Market-SubScriptManager: updateMarketSubScript forceShow : false
10-25 18:41:30.901 13559 16635 I Market-SubScriptManager: get count 64
10-25 18:41:30.901 13559 16635 I Market-SubScriptManager: get count 64
10-25 18:41:30.902  3094  3094 I adbd    : in ShellService: ps
10-25 18:41:30.903 13559 17185 I Market-LocalAppManager: queryDiffSizeFromServer start
10-25 18:41:30.904 13559 17185 I Market-RetrofitRequest: callStart : https://updateinfo.market.xiaomi.com/apm/updateinfo/diffsize
10-25 18:41:30.904 13559 17185 I Market-RetrofitRequest: HeaderInterceptor : https://updateinfo.market.xiaomi.com/apm/updateinfo/diffsize
10-25 18:41:30.907 13559 17185 I Market-LimitSpeedManager: startLimitSpeedNow() ====== speed = 32768
10-25 18:41:30.911 13559 17185 I Market-DownloadLimitSpeedManager: startLimitSpeed success. Total count 1
10-25 18:41:30.911 13559 17185 I Market-RetrofitRequest: HeaderInterceptor : https://updateinfo.market.xiaomi.com/apm/updateinfo/diffsize
10-25 18:41:31.095 13559 17185 I Market-DownloadLimitSpeedManager: stopLimitSpeed
10-25 18:41:31.095 13559 17185 I Market-LimitSpeedManager: stopLimitSpeedNow() =========== 
10-25 18:41:31.101 13559 17185 I Market-RetrofitRequest: callEnd : https://updateinfo.market.xiaomi.com/apm/updateinfo/diffsize
10-25 18:41:31.101 13559 17185 I Market-LocalAppManager: queryDiffSizeFromServer end
10-25 18:41:31.102 13559 17088 I Market-SubScriptManager: updateMarketSubScript forceShow : false
10-25 18:41:31.103 13559 17088 I Market-SubScriptManager: get count 64
10-25 18:41:31.103 13559 17185 I Market-WakeLockManager: release wakeLock: CheckUpdateService
10-25 18:41:31.103 13559 17088 I Market-SubScriptManager: get count 64
10-25 18:41:31.106  2318  5024 I ActivityManager: Cancel FGS notification userId: 0 definingUid: 10167 packageName: com.xiaomi.market processName:com.xiaomi.market ChannelId:com.xiaomi.market_hide foregroundNotiWhen:1761388889284 Notiflags:104
10-25 18:41:31.106  1688  1688 I vendor.qti.hardware.servicetrackeraidl-service: destroyService is called for service : com.xiaomi.market/.business_core.update.auto.CheckUpdateService
10-25 18:41:31.106  2318  2318 I NotificationService: Cancel FGS notification CallingUid: 10167 CallingPid: 13559 Pkg: com.xiaomi.market Id:163253216 Tag:null UserId:0 MustHaveFlags:0 MustNotHaveFlags:0 Reason:8 foregroundNotiWhen:1761388889284 foregroundNotiFlags:104 foregroundNotiChannelId:com.xiaomi.market_hide
10-25 18:41:31.106  2318  5024 W ForegroundServiceTypeLoggerModule: FGS stop call for: 10167 has no types!
10-25 18:41:31.108 13559 13559 I Market-ServiceUtils: stop foreground service: CheckUpdateService
10-25 18:41:31.111  2318  3691 I MiuiNetworkPolicy: updateUidState uid = 10261, uidState = 10
10-25 18:41:31.111  2318  3691 I MiuiNetworkPolicyTrafficLimit: updateWhiteListUidForMobileTraffic uid=10261,add=false
10-25 18:41:31.112  2318  3691 I MiuiNetworkPolicy: updateUidState uid = 10203, uidState = 6
10-25 18:41:31.112  2318  3691 I MiuiNetworkPolicy: updateUidState uid = 10167, uidState = 10
10-25 18:41:31.112  2318  3691 I MiuiNetworkPolicyTrafficLimit: updateWhiteListUidForMobileTraffic uid=10167,add=false
10-25 18:41:31.112  2318  3691 I MiuiNetworkPolicy: updateUidState uid = 10158, uidState = 10
10-25 18:41:31.114  2318  3691 I MiuiNetworkPolicyTrafficLimit: updateWhiteListUidForMobileTraffic uid=10158,add=false
10-25 18:41:31.114  2318  3691 I MiuiNetworkPolicy: updateUidState uid = 10261, uidState = 19
10-25 18:41:31.114  2318  3691 I MiuiNetworkPolicy: updateUidState uid = 10167, uidState = 19
10-25 18:41:31.114  2318  3691 I MiuiNetworkPolicy: updateUidState uid = 10158, uidState = 19
10-25 18:41:31.119  4692  4692 E NotifCollection: No notification to remove with key 0|com.xiaomi.market|163253216|null|10167 reason=8:REASON_APP_CANCEL
10-25 18:41:31.147  2318  4215 E HyperSentinel: -------------------------------------------------------
10-25 18:41:31.147  2318  4215 E HyperSentinel: Event_ThreadAmount
10-25 18:41:31.147  2318  4215 E HyperSentinel: -> audit event by proc 17140 "com.xiaomi.market:widgetProvider": running threads amount, 0 -> 50
10-25 18:41:31.155 13559 13584 I m.xiaomi.market: This is non sticky GC, maxfree is 16777216 minfree is 8388608
10-25 18:41:31.235  4663  4691 E PhoneAdapter: get ntnphones failed, exception: java.lang.IllegalStateException: Default phones haven't been made yet!
10-25 18:41:31.241  7803 17066 W MessageQueue: Handler (android.os.Handler) {b2291e2} sending message to a Handler on a dead thread
10-25 18:41:31.241  7803 17066 W MessageQueue: java.lang.IllegalStateException: Handler (android.os.Handler) {b2291e2} sending message to a Handler on a dead thread
10-25 18:41:31.241  7803 17066 W MessageQueue: 	at android.os.MessageQueue.enqueueMessage(MessageQueue.java:629)
10-25 18:41:31.241  7803 17066 W MessageQueue: 	at android.os.Handler.enqueueMessage(Handler.java:787)
10-25 18:41:31.241  7803 17066 W MessageQueue: 	at android.os.Handler.sendMessageAtTime(Handler.java:736)
10-25 18:41:31.241  7803 17066 W MessageQueue: 	at android.os.Handler.sendMessageDelayed(Handler.java:706)
10-25 18:41:31.241  7803 17066 W MessageQueue: 	at android.os.Handler.post(Handler.java:436)
10-25 18:41:31.241  7803 17066 W MessageQueue: 	at android.os.HandlerExecutor.execute(HandlerExecutor.java:43)
10-25 18:41:31.241  7803 17066 W MessageQueue: 	at android.telephony.PhoneStateListener$IPhoneStateListenerStub.lambda$onCellInfoChanged$21(PhoneStateListener.java:1427)
10-25 18:41:31.241  7803 17066 W MessageQueue: 	at android.telephony.PhoneStateListener$IPhoneStateListenerStub.$r8$lambda$YbzwgrpOSUHSUfUxRlqpuH8VVk8(Unknown Source:0)
10-25 18:41:31.241  7803 17066 W MessageQueue: 	at android.telephony.PhoneStateListener$IPhoneStateListenerStub$$ExternalSyntheticLambda46.runOrThrow(D8$$SyntheticClass:0)
10-25 18:41:31.241  7803 17066 W MessageQueue: 	at android.os.Binder.withCleanCallingIdentity(Binder.java:553)
10-25 18:41:31.241  7803 17066 W MessageQueue: 	at android.telephony.PhoneStateListener$IPhoneStateListenerStub.onCellInfoChanged(PhoneStateListener.java:1426)
10-25 18:41:31.241  7803 17066 W MessageQueue: 	at com.android.internal.telephony.IPhoneStateListener$Stub.onTransact(IPhoneStateListener.java:450)
10-25 18:41:31.241  7803 17066 W MessageQueue: 	at android.os.Binder.execTransactInternal(Binder.java:1512)
10-25 18:41:31.241  7803 17066 W MessageQueue: 	at android.os.Binder.execTransact(Binder.java:1451)
10-25 18:41:31.241  7803 17066 W Binder  : Caught a RuntimeException from the binder stub implementation.
10-25 18:41:31.241  7803 17066 W Binder  : java.util.concurrent.RejectedExecutionException: Handler (android.os.Handler) {b2291e2} is shutting down
10-25 18:41:31.241  7803 17066 W Binder  : 	at android.os.HandlerExecutor.execute(HandlerExecutor.java:44)
10-25 18:41:31.241  7803 17066 W Binder  : 	at android.telephony.PhoneStateListener$IPhoneStateListenerStub.lambda$onCellInfoChanged$21(PhoneStateListener.java:1427)
10-25 18:41:31.241  7803 17066 W Binder  : 	at android.telephony.PhoneStateListener$IPhoneStateListenerStub.$r8$lambda$YbzwgrpOSUHSUfUxRlqpuH8VVk8(Unknown Source:0)
10-25 18:41:31.241  7803 17066 W Binder  : 	at android.telephony.PhoneStateListener$IPhoneStateListenerStub$$ExternalSyntheticLambda46.runOrThrow(D8$$SyntheticClass:0)
10-25 18:41:31.241  7803 17066 W Binder  : 	at android.os.Binder.withCleanCallingIdentity(Binder.java:553)
10-25 18:41:31.241  7803 17066 W Binder  : 	at android.telephony.PhoneStateListener$IPhoneStateListenerStub.onCellInfoChanged(PhoneStateListener.java:1426)
10-25 18:41:31.241  7803 17066 W Binder  : 	at com.android.internal.telephony.IPhoneStateListener$Stub.onTransact(IPhoneStateListener.java:450)
10-25 18:41:31.241  7803 17066 W Binder  : 	at android.os.Binder.execTransactInternal(Binder.java:1512)
10-25 18:41:31.241  7803 17066 W Binder  : 	at android.os.Binder.execTransact(Binder.java:1451)
10-25 18:41:31.569  2318  4215 E HyperSentinel: -------------------------------------------------------
10-25 18:41:31.569  2318  4215 E HyperSentinel: Event_OpenFileFDSize
10-25 18:41:31.569  2318  4215 E HyperSentinel: -> audit event by proc 2318 "system_server": Fd increasement, peak, 1216 -> 1272
10-25 18:41:31.755  1908  1908 E DisplayModeController: setDesiredMode : Idle status skip setActiveMode, isDdicIdleMode: 1
10-25 18:41:31.759  1656  1656 I SDM     : HWCDisplay::SetActiveConfigWithConstraints: display:66-0, config: 3, WxH 1200x2670, fps 120
10-25 18:41:31.760  1656  1656 W SDM     : HWDeviceDRM::GetSupportedBitClkRate: Requested rate not supported: 1150000000
10-25 18:41:31.760  1656  1656 I SDM     : HWDeviceDRM::UpdateMixerAttributes: Mixer WxH 1200x2670-1 for Peripheral
10-25 18:41:31.760  1656  1656 I SDM     : HWCDisplay::SubmitDisplayConfig: Active configuration changed from config 1 to 3
10-25 18:41:31.760  1656  1656 I SDM     : HWCDisplay::SubmitDisplayConfig: Active WxH 1200x2670 ,ddic_mode:auto, timing_fps: 120, sf_fps: 120
10-25 18:41:31.764  1656  2516 I vendor.qti.hardware.display.composer-service: Sensor: notify citsensorservice to trigger cwb, misForced = 0
10-25 18:41:31.764  3030  3788 I libsensor-parseRGB: request dump start for mRequestDisplayId 0
10-25 18:41:31.790  3030 15012 E libsensor-parseRGB: CWB NotifyCWBBufferDone  error 0
10-25 18:41:31.847  1656  1854 I SDM     : DisplayBase::CommitThread: Received idle timeout, panel: cmd, timeout: 70000 us
10-25 18:41:31.875  1656  1656 I SDM     : HWCDisplay::SetActiveConfigWithConstraints: display:66-0, config: 1, WxH 1200x2670, fps 120
10-25 18:41:31.875  1656  1656 W SDM     : HWDeviceDRM::GetSupportedBitClkRate: Requested rate not supported: 1150000000
10-25 18:41:31.875  1656  1656 I SDM     : HWDeviceDRM::UpdateMixerAttributes: Mixer WxH 1200x2670-1 for Peripheral
10-25 18:41:31.876  1656  1656 I SDM     : HWCDisplay::SubmitDisplayConfig: Active configuration changed from config 3 to 1
10-25 18:41:31.876  1656  1656 I SDM     : HWCDisplay::SubmitDisplayConfig: Active WxH 1200x2670 ,ddic_mode:idle, timing_fps: 120, sf_fps: 120
10-25 18:41:31.883  2318  3525 W ActivityManagerServiceImpl: Sending non-protected broadcast miui.extm.action.mark from system uid 1000 pkg android. Callers=com.android.server.am.ActivityManagerService.checkBroadcastFromSystem:16255 com.android.server.am.ActivityManagerService.broadcastIntentLockedTraced:17126 com.android.server.am.ActivityManagerService.broadcastIntentLocked:16315 com.android.server.am.ActivityManagerService.broadcastIntentInPackage:17364 com.android.server.am.ActivityManagerService$LocalService.broadcastIntentInPackage:20214 
10-25 18:41:31.889  2318  2318 I ExtM    : mark duration up to 2m , try to mark.
10-25 18:41:31.889  2318  4328 W ExtM    : Mark thread start 
