--------- beginning of main
07-29 21:08:56.575  4979  4979 E NotifCollection: No notification to remove with key 0|com.xiaomi.market|202119378|null|10167 reason=0:REASON_UNKNOWN
07-29 21:08:56.587  1839  7244 E ANDR-PERF-LM: SAGT_ACTION: UpdateFPSData() 138: update /sys/kernel/sched_penalty/parameters/fps to 40, ret is 0
07-29 21:08:56.588  1839  7244 E ANDR-PERF-LM: SAGT_ACTION: updateAutoPenatly() 161: recovery auto penatly gamefps 40.000000, measured fps is 37.500000, gap is 2.500000 
07-29 21:08:56.589  8974  9450 I WakePathUpdatePolicy: doUpdate(user 0):responseCode:200
07-29 21:08:56.589  8974  9450 W WakePathUpdatePolicy: doUpdate(user 0): Response stream size=1408
07-29 21:08:56.602  8974  9450 I WakePathUpdatePolicy: pushWakePathData begin
07-29 21:08:56.602  8974  9450 I com.lbe.security.service.provider.WakePathDatabaseUtil: getWakePathWhiteList: whiteList.size=6
--------- beginning of system
07-29 21:08:56.603  2463  5528 I WakePathChecker: MIUILOG-WAKEPATH pushWakePathWhiteList: userId=0 size=6
07-29 21:08:56.603  8974  9450 I com.lbe.security.service.provider.WakePathDatabaseUtil: getWakePathRuleList: wakeType=1 wakePathRules.size=3
07-29 21:08:56.603  2463  3739 I WakePathChecker: MIUILOG-WAKEPATH pushWakePathRuleInfos: wakeType=1 userId=0 size=3
07-29 21:08:56.604  8974  9450 I com.lbe.security.service.provider.WakePathDatabaseUtil: getWakePathRuleList: wakeType=8 wakePathRules.size=8
07-29 21:08:56.604  2463  3739 I WakePathChecker: MIUILOG-WAKEPATH pushWakePathRuleInfos: wakeType=8 userId=0 size=8
07-29 21:08:56.604  8974  9450 I com.lbe.security.service.provider.WakePathDatabaseUtil: getWakePathRuleList: wakeType=4 wakePathRules.size=4
07-29 21:08:56.605  2463  3739 I WakePathChecker: MIUILOG-WAKEPATH pushWakePathRuleInfos: wakeType=4 userId=0 size=4
07-29 21:08:56.605  8974  9450 I com.lbe.security.service.provider.WakePathDatabaseUtil: getWakePathRuleList: wakeType=2 wakePathRules.size=1
07-29 21:08:56.605  2463  3739 I WakePathChecker: MIUILOG-WAKEPATH pushWakePathRuleInfos: wakeType=2 userId=0 size=1
07-29 21:08:56.605  8974  9450 I com.lbe.security.service.provider.WakePathDatabaseUtil: getWakePathRuleList: wakeType=17 wakePathRules.size=0
07-29 21:08:56.606  2463  3739 I WakePathChecker: MIUILOG-WAKEPATH pushWakePathRuleInfos: wakeType=17 userId=0 size=0
07-29 21:08:56.606  8974  9450 I com.lbe.security.service.provider.WakePathDatabaseUtil: getWakePathRuleList: wakeType=32 wakePathRules.size=1
07-29 21:08:56.606  2463  3739 I WakePathChecker: MIUILOG-WAKEPATH pushWakePathRuleInfos: wakeType=32 userId=0 size=1
07-29 21:08:56.606  8974  9450 I com.lbe.security.service.provider.WakePathDatabaseUtil: getWakePathRuleList: wakeType=256 wakePathRules.size=8
07-29 21:08:56.607  2463  3739 I WakePathChecker: MIUILOG-WAKEPATH pushWakePathRuleInfos: wakeType=256 userId=0 size=8
07-29 21:08:56.607  8974  9450 I com.lbe.security.service.provider.WakePathDatabaseUtil: getWakePathRuleList: wakeType=128 wakePathRules.size=4
07-29 21:08:56.607  2463  3739 I WakePathChecker: MIUILOG-WAKEPATH pushWakePathRuleInfos: wakeType=128 userId=0 size=4
07-29 21:08:56.607  8974  9450 I com.lbe.security.service.provider.WakePathDatabaseUtil: getWakePathRuleList: wakeType=64 wakePathRules.size=2
07-29 21:08:56.608  2463  3739 I WakePathChecker: MIUILOG-WAKEPATH pushWakePathRuleInfos: wakeType=64 userId=0 size=2
07-29 21:08:56.608  8974  9450 I com.lbe.security.service.provider.WakePathDatabaseUtil: getWakePathRuleList: wakeType=4096 wakePathRules.size=2
07-29 21:08:56.608  2463  3739 I WakePathChecker: MIUILOG-WAKEPATH pushWakePathRuleInfos: wakeType=4096 userId=0 size=2
07-29 21:08:56.608  8974  9450 I com.lbe.security.service.provider.WakePathDatabaseUtil: getWakePathRuleList: wakeType=32768 wakePathRules.size=1
07-29 21:08:56.609  2463  3739 I WakePathChecker: MIUILOG-WAKEPATH pushWakePathRuleInfos: wakeType=32768 userId=0 size=1
07-29 21:08:56.609  8974  9450 I com.lbe.security.service.provider.WakePathDatabaseUtil: getWakePathRuleList: wakeType=8192 wakePathRules.size=5
07-29 21:08:56.609  2463  3739 I WakePathChecker: MIUILOG-WAKEPATH pushWakePathRuleInfos: wakeType=8192 userId=0 size=5
07-29 21:08:56.609  8974  9450 I com.lbe.security.service.provider.WakePathDatabaseUtil: getWakePathRuleList: wakeType=16384 wakePathRules.size=0
07-29 21:08:56.610  2463  3739 I WakePathChecker: MIUILOG-WAKEPATH pushWakePathRuleInfos: wakeType=16384 userId=0 size=0
07-29 21:08:56.610  8974  9450 I com.lbe.security.service.provider.WakePathDatabaseUtil: getWakePathRuleList: wakeType=22 wakePathRules.size=0
07-29 21:08:56.610  2463  3739 I WakePathChecker: MIUILOG-WAKEPATH pushWakePathRuleInfos: wakeType=22 userId=0 size=0
07-29 21:08:56.610  8974  9450 I WakePathUpdatePolicy: pushWakePathData end
07-29 21:08:56.610  8974  9450 I WakePathUpdatePolicy: doUpdate end
07-29 21:08:56.639  9900 24705 I Market-DownloadLimitSpeedManager: stopLimitSpeed
07-29 21:08:56.639  9900 24705 I Market-LimitSpeedManager: stopLimitSpeedNow() =========== 
07-29 21:08:56.644 18384 20861 I auth    : [XMS][Auth] updateAuthInfo in db true
07-29 21:08:56.646 18384 20854 I auth    : [XMS][Auth] updateAuthInfo in db true
07-29 21:08:56.646  9900 24705 I Market-RetrofitRequest: callEnd : https://updateinfo.market.xiaomi.com/apm/updateinfo/v2
07-29 21:08:56.648 18384 18411 I auth    : [XMS][Auth] updateAuthInfo in db true
07-29 21:08:56.648  9900 24705 W Market-Connection: Connection result is cut off as too long
07-29 21:08:56.650 18384 18411 I auth    : [XMS][Auth] updateAuthInfo in db true
07-29 21:08:56.652 18384 20854 I auth    : [XMS][Auth] updateAuthInfo in db true
07-29 21:08:56.653  9900 24705 I Market-LocalAppManager: getUpdateInfoFromServer : end  , responseCode : OK
07-29 21:08:56.653  9900 24705 I Market-LocalAppManager: checkUpdateFromServer : end
07-29 21:08:56.654 18384 18411 I auth    : [XMS][Auth] updateAuthInfo in db true
07-29 21:08:56.655  9900 24705 I Market-LocalAppManager: checkUpdateFromServer  data parser : end
07-29 21:08:56.655  9900 24705 I Market-HuanjiManager: condition not satisfied, ignore
07-29 21:08:56.655  9900 24705 I Market-DataParser: [InvalidPackageList] JSON : invalidSystemPackageList list is null
07-29 21:08:56.655  9900 24705 I Market-LocalAppManager: checkUpdateFromServer  filter package : end
07-29 21:08:56.655 18384 18411 I auth    : [XMS][Auth] updateAuthInfo in db true
07-29 21:08:56.656  9900 24705 I Market-LocalAppManager: checkUpdateFromServer  support64BitPackagesJsonArray : end
07-29 21:08:56.656  9900 24705 I Market-LocalAppManager: query update apps from server : finish, 64 / 424 to update
07-29 21:08:56.656 18384 20854 I auth    : [XMS][Auth] updateAuthInfo in db true
07-29 21:08:56.657 18384 18411 I auth    : [XMS][Auth] updateAuthInfo in db true
07-29 21:08:56.666  9900 24705 I Market-RetrofitRequest: callStart : https://updateinfo.market.xiaomi.com/apm/updateinfo/priority
07-29 21:08:56.667  9900 24705 I Market-RetrofitRequest: HeaderInterceptor : https://updateinfo.market.xiaomi.com/apm/updateinfo/priority
07-29 21:08:56.669  9900 24705 E Market-Client: isSupportChildMode, error: java.lang.NumberFormatException: For input string: ""
07-29 21:08:56.669  9900 24705 E Market-Client: isSupportChildMode, error: java.lang.NumberFormatException: For input string: ""
07-29 21:08:56.671  9900 24705 I Market-LimitSpeedManager: startLimitSpeedNow() ====== speed = 32768
07-29 21:08:56.673 18384 18411 I auth    : [XMS][Auth] updateAuthInfo in db true
07-29 21:08:56.674  9900 24705 I Market-DownloadLimitSpeedManager: startLimitSpeed success. Total count 1
07-29 21:08:56.674  9900 24705 I Market-RetrofitRequest: HeaderInterceptor : https://updateinfo.market.xiaomi.com/apm/updateinfo/priority
07-29 21:08:56.729  3117  3117 I adbd    : in ShellService: export ANDROID_LOG_TAGS="''"; exec logcat '-v' 'threadtime' '*:I'
07-29 21:08:56.732  8974  9450 I WakePathUpdatePolicy: doUpdate(user 0):responseCode:200
07-29 21:08:56.733  8974  9450 W WakePathUpdatePolicy: doUpdate(user 0): Response stream size=1376
07-29 21:08:56.738  3117  3117 I adbd    : in ShellService: getevent -lt
07-29 21:08:56.741  9900 24705 I Market-DownloadLimitSpeedManager: stopLimitSpeed
07-29 21:08:56.741  9900 24705 I Market-LimitSpeedManager: stopLimitSpeedNow() =========== 
07-29 21:08:56.743  3117  3117 I adbd    : in ShellService: ime enable io.github.ylimit.droidbotapp/.DroidBotIME
07-29 21:08:56.746  8974  9450 I WakePathUpdatePolicy: pushWakePathData begin
07-29 21:08:56.746  9900 24705 I Market-RetrofitRequest: callEnd : https://updateinfo.market.xiaomi.com/apm/updateinfo/priority
07-29 21:08:56.746  8974  9450 I com.lbe.security.service.provider.WakePathDatabaseUtil: getWakePathWhiteList: whiteList.size=6
07-29 21:08:56.747  2463  5065 I WakePathChecker: MIUILOG-WAKEPATH pushWakePathWhiteList: userId=0 size=6
07-29 21:08:56.749  8974  9450 I com.lbe.security.service.provider.WakePathDatabaseUtil: getWakePathRuleList: wakeType=1 wakePathRules.size=3
07-29 21:08:56.749  3117  3117 I adbd    : in ShellService: ps
07-29 21:08:56.749  2463  5065 I WakePathChecker: MIUILOG-WAKEPATH pushWakePathRuleInfos: wakeType=1 userId=0 size=3
07-29 21:08:56.750  8974  9450 I com.lbe.security.service.provider.WakePathDatabaseUtil: getWakePathRuleList: wakeType=8 wakePathRules.size=8
07-29 21:08:56.750  9900 24705 I Market-SystemSettingsManager: extraSettingsSecureGetInt key: com.xiaomi.market.need_update_game_count, value: 0
07-29 21:08:56.750  9900 24705 I Market-UpdateAppList: update app list do not change, don't notify: pkg (61) = com.ss.android.ugc.aweme,com.milink.service,com.miui.hybrid,com.baidu.BaiduMap,com.netease.newsreader.activity,com.baidu.searchbox.lite,com.android.fileexplorer,com.xiaomi.aiasst.vision,com.microsoft.office.outlook,com.miui.newhome,com.autonavi.minimap,com.miui.calculator,com.miui.mishare.connectivity,com.android.contacts,com.unionpay.tsmservice.mi,com.miui.voiceassist,com.miui.thirdappassistant,com.xiaomi.scanner,com.miui.securitycenter,com.duokan.reader,com.baidu.searchbox,com.wuba.zhuanzhuan,com.xingin.xhs,com.miui.touchassistant,tv.danmaku.bili,com.dragon.read,com.miui.gallery,com.miui.cloudservice,com.UCMobile,com.mfashiongallery.emag,com.miui.carlink,com.miui.notes,com.xiaomi.payment,com.miui.home,com.miui.tsmclient,com.xiaomi.gamecenter,com.smile.gifmaker,com.android.browser,com.suxing.sustream,com.xiaomi.mis,com.miui.virtualsim,com.android.quicksearchbox,com.sina.news,com.miui.video,com.miui.weather2,com.ss.android.article.news,com.quark.browser,com.xiaomi.mi_connect_service,com.miui.personalassistant,com.android.mms,com.xiaomi.gamecenter.sdk.service,com.kuaishou.nebula,com.android.thememanager,com.miui.bugreport,com.xiaomi.digitalkey,com.android.calendar,com.xiaomi.aicr,com.xiaomi.xmsf,com.xiaomi.mirror,com.miui.yellowpage,com.android.soundrecorder
07-29 21:08:56.750  2463  5528 I WakePathChecker: MIUILOG-WAKEPATH pushWakePathRuleInfos: wakeType=8 userId=0 size=8
07-29 21:08:56.750  8974  9450 I com.lbe.security.service.provider.WakePathDatabaseUtil: getWakePathRuleList: wakeType=4 wakePathRules.size=4
07-29 21:08:56.750  2463  5528 I WakePathChecker: MIUILOG-WAKEPATH pushWakePathRuleInfos: wakeType=4 userId=0 size=4
07-29 21:08:56.751  8974  9450 I com.lbe.security.service.provider.WakePathDatabaseUtil: getWakePathRuleList: wakeType=2 wakePathRules.size=1
07-29 21:08:56.751  2463  5065 I WakePathChecker: MIUILOG-WAKEPATH pushWakePathRuleInfos: wakeType=2 userId=0 size=1
07-29 21:08:56.751  8974  9450 I com.lbe.security.service.provider.WakePathDatabaseUtil: getWakePathRuleList: wakeType=17 wakePathRules.size=0
07-29 21:08:56.751  9900 24789 I Market-SubScriptManager: updateMarketSubScript forceShow : false
07-29 21:08:56.751  2463  5065 I WakePathChecker: MIUILOG-WAKEPATH pushWakePathRuleInfos: wakeType=17 userId=0 size=0
07-29 21:08:56.751  9900 24789 I Market-SubScriptManager: get count 61
07-29 21:08:56.751  9900 24789 I Market-SubScriptManager: get count 61
07-29 21:08:56.751  8974  9450 I com.lbe.security.service.provider.WakePathDatabaseUtil: getWakePathRuleList: wakeType=32 wakePathRules.size=1
07-29 21:08:56.751  2463  5528 I WakePathChecker: MIUILOG-WAKEPATH pushWakePathRuleInfos: wakeType=32 userId=0 size=1
07-29 21:08:56.752  8974  9450 I com.lbe.security.service.provider.WakePathDatabaseUtil: getWakePathRuleList: wakeType=256 wakePathRules.size=8
07-29 21:08:56.752  2463  5065 I WakePathChecker: MIUILOG-WAKEPATH pushWakePathRuleInfos: wakeType=256 userId=0 size=8
07-29 21:08:56.752  8974  9450 I com.lbe.security.service.provider.WakePathDatabaseUtil: getWakePathRuleList: wakeType=128 wakePathRules.size=4
07-29 21:08:56.752  2463  5528 I WakePathChecker: MIUILOG-WAKEPATH pushWakePathRuleInfos: wakeType=128 userId=0 size=4
07-29 21:08:56.753  8974  9450 I com.lbe.security.service.provider.WakePathDatabaseUtil: getWakePathRuleList: wakeType=64 wakePathRules.size=2
07-29 21:08:56.753  2463  5528 I WakePathChecker: MIUILOG-WAKEPATH pushWakePathRuleInfos: wakeType=64 userId=0 size=2
07-29 21:08:56.753  9900 24705 I Market-LocalAppManager: queryDiffSizeFromServer start
07-29 21:08:56.753  8974  9450 I com.lbe.security.service.provider.WakePathDatabaseUtil: getWakePathRuleList: wakeType=4096 wakePathRules.size=2
07-29 21:08:56.754  2463  5065 I WakePathChecker: MIUILOG-WAKEPATH pushWakePathRuleInfos: wakeType=4096 userId=0 size=2
07-29 21:08:56.754  8974  9450 I com.lbe.security.service.provider.WakePathDatabaseUtil: getWakePathRuleList: wakeType=32768 wakePathRules.size=1
07-29 21:08:56.754  2463  5528 I WakePathChecker: MIUILOG-WAKEPATH pushWakePathRuleInfos: wakeType=32768 userId=0 size=1
07-29 21:08:56.754  8974  9450 I com.lbe.security.service.provider.WakePathDatabaseUtil: getWakePathRuleList: wakeType=8192 wakePathRules.size=5
07-29 21:08:56.754  9900 24705 I Market-RetrofitRequest: callStart : https://updateinfo.market.xiaomi.com/apm/updateinfo/diffsize
07-29 21:08:56.755  2463  5528 I WakePathChecker: MIUILOG-WAKEPATH pushWakePathRuleInfos: wakeType=8192 userId=0 size=5
07-29 21:08:56.755  8974  9450 I com.lbe.security.service.provider.WakePathDatabaseUtil: getWakePathRuleList: wakeType=16384 wakePathRules.size=0
07-29 21:08:56.755  2463  5528 I WakePathChecker: MIUILOG-WAKEPATH pushWakePathRuleInfos: wakeType=16384 userId=0 size=0
07-29 21:08:56.755  8974  9450 I com.lbe.security.service.provider.WakePathDatabaseUtil: getWakePathRuleList: wakeType=22 wakePathRules.size=0
07-29 21:08:56.755  2463  5528 I WakePathChecker: MIUILOG-WAKEPATH pushWakePathRuleInfos: wakeType=22 userId=0 size=0
07-29 21:08:56.755  8974  9450 I WakePathUpdatePolicy: pushWakePathData end
07-29 21:08:56.755  9900 24705 I Market-RetrofitRequest: HeaderInterceptor : https://updateinfo.market.xiaomi.com/apm/updateinfo/diffsize
07-29 21:08:56.755  8974  9450 I WakePathUpdatePolicy: doUpdate end
07-29 21:08:56.756  9900 24705 E Market-Client: isSupportChildMode, error: java.lang.NumberFormatException: For input string: ""
07-29 21:08:56.757  9900 24705 E Market-Client: isSupportChildMode, error: java.lang.NumberFormatException: For input string: ""
07-29 21:08:56.759  9900 24705 I Market-LimitSpeedManager: startLimitSpeedNow() ====== speed = 32768
07-29 21:08:56.761  9900 24705 I Market-DownloadLimitSpeedManager: startLimitSpeed success. Total count 1
07-29 21:08:56.761  9900 24705 I Market-RetrofitRequest: HeaderInterceptor : https://updateinfo.market.xiaomi.com/apm/updateinfo/diffsize
07-29 21:08:56.817  3117  3117 I adbd    : in ShellService: ime set io.github.ylimit.droidbotapp/.DroidBotIME
07-29 21:08:56.832  9900 24705 I Market-DownloadLimitSpeedManager: stopLimitSpeed
07-29 21:08:56.832  9900 24705 I Market-LimitSpeedManager: stopLimitSpeedNow() =========== 
07-29 21:08:56.839  9900 24705 I Market-RetrofitRequest: callEnd : https://updateinfo.market.xiaomi.com/apm/updateinfo/diffsize
07-29 21:08:56.841  9900 24705 I Market-LocalAppManager: queryDiffSizeFromServer end
07-29 21:08:56.842  9900 24681 I Market-SubScriptManager: updateMarketSubScript forceShow : false
07-29 21:08:56.842  9900 24681 I Market-SubScriptManager: get count 61
07-29 21:08:56.842  9900 24681 I Market-SubScriptManager: get count 61
07-29 21:08:56.846  9900 24705 I Market-WakeLockManager: release wakeLock: CheckUpdateService
07-29 21:08:56.849  2463  5528 I ActivityManager: Cancel FGS notification userId: 0 definingUid: 10167 packageName: com.xiaomi.market processName:com.xiaomi.market ChannelId:com.xiaomi.market_hide foregroundNotiWhen:1753794536344 Notiflags:104
07-29 21:08:56.849  1844  1844 I vendor.qti.hardware.servicetrackeraidl-service: destroyService is called for service : com.xiaomi.market/.business_core.update.auto.CheckUpdateService
07-29 21:08:56.849  2463  5528 W ForegroundServiceTypeLoggerModule: FGS stop call for: 10167 has no types!
07-29 21:08:56.850  2463  2463 I NotificationService: Cancel FGS notification CallingUid: 10167 CallingPid: 9900 Pkg: com.xiaomi.market Id:202119378 Tag:null UserId:0 MustHaveFlags:0 MustNotHaveFlags:0 Reason:8 foregroundNotiWhen:1753794536344 foregroundNotiFlags:104 foregroundNotiChannelId:com.xiaomi.market_hide
07-29 21:08:56.851  9900  9900 I Market-ServiceUtils: stop foreground service: CheckUpdateService
07-29 21:08:56.852  2463  4069 I InputReader: Reconfiguring input devices, changes=KEYBOARD_LAYOUTS
07-29 21:08:56.853 14622 14622 E BaseInputMethodService: onUnbindInput
07-29 21:08:56.854  4497  4497 I HandWritingStubImpl: refreshLastKeyboardType: 1
07-29 21:08:56.854  4497  4497 I HandWritingStubImpl: getCurrentKeyboardType: 1
07-29 21:08:56.855  2463  4108 W InputMethodManagerService: Clear show forced flag.
07-29 21:08:56.855  2463  4108 W SecurityInputMethodSwitcher: first check switch to security ime: false
07-29 21:08:56.856  2463  4108 W SecurityInputMethodSwitcher: double check switch to security ime: false
07-29 21:08:56.859  2463  4205 I MiuiNetworkPolicy: updateUidState uid = 10261, uidState = 19
07-29 21:08:56.859  2463  4205 I MiuiNetworkPolicyTrafficLimit: updateWhiteListUidForMobileTraffic uid=10261,add=false
07-29 21:08:56.861  2463  4108 W SecurityInputMethodSwitcher: switch to other input method from security ime:false mayChangeToMiuiSecurityInputMethod: false current focus window: android.os.BinderProxy@e737978
07-29 21:08:56.861  4497  4497 I HandWritingStubImpl: refreshLastKeyboardType: 1
07-29 21:08:56.861  4497  4497 I HandWritingStubImpl: getCurrentKeyboardType: 1
07-29 21:08:56.865  1844  1844 I vendor.qti.hardware.servicetrackeraidl-service: unbindService is called for service : com.sohu.inputmethod.sogou.xiaomi/.SogouIME and for client system
07-29 21:08:56.865  1844  1844 I vendor.qti.hardware.servicetrackeraidl-service: size of service connections for service: com.sohu.inputmethod.sogou.xiaomi/.SogouIMEafter removal is 0
07-29 21:08:56.865  1844  1844 I vendor.qti.hardware.servicetrackeraidl-service: size of client connections for client: systemafter removal is 30
07-29 21:08:56.865  1844  1844 I vendor.qti.hardware.servicetrackeraidl-service: destroyService is called for service : com.sohu.inputmethod.sogou.xiaomi/.SogouIME
07-29 21:08:56.866  8013  8347 I k1      : input method change: 
07-29 21:08:56.866  9339  9616 I IMECheckManager: getSelectedInputMethod, ime is io.github.ylimit.droidbotapp/.DroidBotIME
07-29 21:08:56.866  9339  9616 I IMECheckManager: InputMethodObserver, userId is 0, ime = io.github.ylimit.droidbotapp/.DroidBotIME
07-29 21:08:56.867  2463  4108 W InputManager-JNI: Input channel object '1ed5633 InputMethod (client)' was disposed without first being removed with the input manager!
07-29 21:08:56.867  4979  4979 E NotifCollection: No notification to remove with key 0|com.xiaomi.market|202119378|null|10167 reason=8:REASON_APP_CANCEL
07-29 21:08:56.870  1844  1844 I vendor.qti.hardware.servicetrackeraidl-service: bindService is called for service : io.github.ylimit.droidbotapp/.DroidBotIME and for client system
07-29 21:08:56.870  1844  1844 I vendor.qti.hardware.servicetrackeraidl-service: total connections for service : io.github.ylimit.droidbotapp/.DroidBotIMEare :1
07-29 21:08:56.870  1844  1844 I vendor.qti.hardware.servicetrackeraidl-service: total connections for client : systemare :31
07-29 21:08:56.871  2105  2105 E DisplayModeController: setDesiredMode : Idle status skip setActiveMode, isDdicIdleMode: 1
07-29 21:08:56.871  2463  4205 I MiuiNetworkPolicy: updateUidState uid = 10203, uidState = 6
07-29 21:08:56.871  2463  4205 I MiuiNetworkPolicy: updateUidState uid = 10167, uidState = 10
07-29 21:08:56.871  2463  4205 I MiuiNetworkPolicyTrafficLimit: updateWhiteListUidForMobileTraffic uid=10167,add=false
07-29 21:08:56.871  2463  4205 I MiuiNetworkPolicy: updateUidState uid = 10158, uidState = 19
07-29 21:08:56.872  9339  9616 I IMECheckManager: getSelectedInputMethod, ime is io.github.ylimit.droidbotapp/.DroidBotIME
07-29 21:08:56.873  9339  9616 I IMECheckManager: updateCurrentIME, userId is 0, ime is io.github.ylimit.droidbotapp/.DroidBotIME, pkg is io.github.ylimit.droidbotapp, uid is 10369
07-29 21:08:56.873  9339  9616 I ActiveStateController: Ime outdated, uid is 10183
07-29 21:08:56.873  2463  4205 I MiuiNetworkPolicyTrafficLimit: updateWhiteListUidForMobileTraffic uid=10158,add=false
07-29 21:08:56.873  2463  4205 I MiuiNetworkPolicy: updateUidState uid = 10183, uidState = 10
07-29 21:08:56.873  9339  9638 I PowerKeeperConfigureManager: userId is 0, Ime outdated, uid is 10183
07-29 21:08:56.873  1827  1827 I SDM     : HWCDisplay::SetActiveConfigWithConstraints: display:66-0, config: 3, WxH 1200x2670, fps 120
07-29 21:08:56.874  9339  9616 I ActiveStateController: Ime update, uid is 10369
07-29 21:08:56.874  1827  1827 W SDM     : HWDeviceDRM::GetSupportedBitClkRate: Requested rate not supported: 1150000000
07-29 21:08:56.874  1827  1827 I SDM     : HWDeviceDRM::UpdateMixerAttributes: Mixer WxH 1200x2670-1 for Peripheral
07-29 21:08:56.874  1827  1827 I SDM     : HWCDisplay::SubmitDisplayConfig: Active configuration changed from config 1 to 3
07-29 21:08:56.874  1827  1827 I SDM     : HWCDisplay::SubmitDisplayConfig: Active WxH 1200x2670 ,ddic_mode:auto, timing_fps: 120, sf_fps: 120
07-29 21:08:56.875  1827  2752 I vendor.qti.hardware.display.composer-service: Sensor: notify citsensorservice to trigger cwb, misForced = 0
07-29 21:08:56.876  2463  4108 W InputMethodManagerService: Clear show forced flag.
07-29 21:08:56.876  2463  4108 W SecurityInputMethodSwitcher: first check switch to security ime: false
07-29 21:08:56.876  2463  4108 W SecurityInputMethodSwitcher: double check switch to security ime: false
07-29 21:08:56.876  2463  4108 W SecurityInputMethodSwitcher: switch to other input method from security ime:false mayChangeToMiuiSecurityInputMethod: false current focus window: android.os.BinderProxy@e737978
07-29 21:08:56.876  9339  9638 I PowerKeeperConfigureManager: userId is 0, Ime update, uid is 10369
07-29 21:08:56.877 14622 14622 E BaseInputMethodService: onDestroy
07-29 21:08:56.877  3002  4297 I libsensor-parseRGB: request dump start for mRequestDisplayId 0
07-29 21:08:56.881 14622 14622 W WindowOnBackDispatcher: sendCancelIfRunning: isInProgress=false callback=android.view.ViewRootImpl$$ExternalSyntheticLambda12@6f117a0
07-29 21:08:56.881  2463  5539 W WindowManager: Failed looking up window session=Session{417d331 14622:u0a10183} callers=com.android.server.wm.WindowManagerService.windowForClientLocked:7019 com.android.server.wm.Session.setOnBackInvokedCallbackInfo:1092 android.view.IWindowSession$Stub.onTransact:1281 
07-29 21:08:56.881  2463  5539 I WindowManager: setOnBackInvokedCallback(): No window state for package:com.sohu.inputmethod.sogou.xiaomi
07-29 21:08:56.882  2463  5528 I ClipboardServiceI: checkProviderWakePathForClipboard: primaryClip is null
07-29 21:08:56.883  2463  5054 W WindowManager: Cannot find window which accessibility connection is added to
07-29 21:08:56.884  4505  4524 I htmlviewercloudcontrol: isStagingEnv:false param =  InputMethod  uriMatch = 2, cluster: cn, version: 553104, traceId: aa4a7f1732c179f033e45bb6df6285c3, regId: +4z3RS85+e2U9l+sd6caQ/srGmJCsEbKpG1twyPn1K0CrNNyxYT/yAgGVxm5X+yC
07-29 21:08:56.884  2463  5539 W WindowManager: Failed looking up window session=Session{417d331 14622:u0a10183} callers=com.android.server.wm.WindowManagerService.removeClientToken:2442 com.android.server.wm.Session.remove:290 android.view.IWindowSession$Stub.onTransact:741 
07-29 21:08:56.886 14622 14622 I IMEBottomManager: disableQuickMoveCursor
07-29 21:08:56.888  2463  5528 I ClipboardServiceI: checkProviderWakePathForClipboard: primaryClip is null
07-29 21:08:56.888  2463  5528 I SmartPower: com.miui.phrase/10162(27285): idle->background(149471ms) R(content provider start ContentProviderRecord{e3754c6 u0 com.miui.phrase/com.miui.provider.InputProvider}) adj=0.
07-29 21:08:56.890  2463  4205 I MiuiNetworkPolicy: updateUidState uid = 10162, uidState = 10
07-29 21:08:56.892  2463  5177 I NetworkAccelerateSwitchService: EVENT_RSSI_POLL. mRssiPoll=true
07-29 21:08:56.892  2463  5177 I NetworkAccelerateSwitchService: getAverageWifiRssi:63
07-29 21:08:56.899  2463  5054 E InputMethodManagerService: Ignoring com.android.server.inputmethod.InputMethodManagerService.updateStatusIcon:2768 due to an invalid token. uid:10183 token:android.os.Binder@cde43e8
07-29 21:08:56.902 14622 14622 W WindowTokenClientController: Can't find attached WindowTokenClient for android.window.WindowTokenClient@61d4bca
07-29 21:08:56.904  9900  9930 I m.xiaomi.market: This is non sticky GC, maxfree is 16777216 minfree is 8388608
07-29 21:08:56.904  2463  4205 I MiuiNetworkPolicy: updateUidState uid = 10183, uidState = 16
07-29 21:08:56.904  2463  4205 I MiuiNetworkPolicy: updateUidState uid = 10162, uidState = 19
07-29 21:08:56.905  3002  3081 E libsensor-parseRGB: CWB NotifyCWBBufferDone  error 0
07-29 21:08:56.905  3117  3117 I adbd    : in ShellService: getprop ro.build.version.release
07-29 21:08:56.906 24626 24804 W ziparchive: Unable to open '/system/framework/QXPerformance.dm': No such file or directory
07-29 21:08:56.906 24626 24804 W ziparchive: Unable to open '/system/framework/QXPerformance.dm': No such file or directory
07-29 21:08:56.907  2463  5065 I AppsFilter: interaction: PackageSetting{449863f io.github.ylimit.droidbotapp/10369} -> PackageSetting{96601af com.miui.screenrecorder/10273} BLOCKED
07-29 21:08:56.907  2463  5065 I AppsFilter: interaction: PackageSetting{449863f io.github.ylimit.droidbotapp/10369} -> PackageSetting{14c39bc com.android.cts.priv.ctsshim/10252} BLOCKED
07-29 21:08:56.907  2463  5065 I AppsFilter: interaction: PackageSetting{449863f io.github.ylimit.droidbotapp/10369} -> PackageSetting{a740d45 com.quark.browser/10328} BLOCKED
07-29 21:08:56.907  2463  5065 I AppsFilter: interaction: PackageSetting{449863f io.github.ylimit.droidbotapp/10369} -> PackageSetting{7d2dc9a com.android.uwb.resources/10242} BLOCKED
07-29 21:08:56.907  2463  5065 I AppsFilter: interaction: PackageSetting{449863f io.github.ylimit.droidbotapp/10369} -> PackageSetting{9adfe9 com.android.internal.display.cutout.emulation.corner/10008} BLOCKED
07-29 21:08:56.907  2463  5065 I AppsFilter: interaction: PackageSetting{449863f io.github.ylimit.droidbotapp/10369} -> PackageSetting{960846e com.android.internal.display.cutout.emulation.double/10013} BLOCKED
07-29 21:08:56.907  2463  5065 I AppsFilter: interaction: PackageSetting{449863f io.github.ylimit.droidbotapp/10369} -> PackageSetting{a381c25 io.appium.settings/10274} BLOCKED
07-29 21:08:56.907  2463  5065 I AppsFilter: interaction: PackageSetting{449863f io.github.ylimit.droidbotapp/10369} -> PackageSetting{d1b09cb com.unionpay.tsmservice.mi/10185} BLOCKED
07-29 21:08:56.907  2463  5065 I AppsFilter: interaction: PackageSetting{449863f io.github.ylimit.droidbotapp/10369} -> PackageSetting{f8135a8 com.android.healthconnect.controller/10245} BLOCKED
07-29 21:08:56.907  2463  5065 I AppsFilter: interaction: PackageSetting{449863f io.github.ylimit.droidbotapp/10369} -> PackageSetting{4d38c1 com.wuba.zhuanzhuan/10260} BLOCKED
07-29 21:08:56.907  2463  5065 I AppsFilter: interaction: PackageSetting{449863f io.github.ylimit.droidbotapp/10369} -> PackageSetting{e722866 com.alibaba.aliexpresshd/10303} BLOCKED
07-29 21:08:56.907  2463  5065 I AppsFilter: interaction: PackageSetting{449863f io.github.ylimit.droidbotapp/10369} -> PackageSetting{3ce77a7 com.google.android.onetimeinitializer/10123} BLOCKED
07-29 21:08:56.907  2463  5065 I AppsFilter: interaction: PackageSetting{449863f io.github.ylimit.droidbotapp/10369} -> PackageSetting{9880454 com.android.health.connect.backuprestore/10246} BLOCKED
07-29 21:08:56.907  2463  5065 I AppsFilter: interaction: PackageSetting{449863f io.github.ylimit.droidbotapp/10369} -> PackageSetting{d339ffd com.google.android.ext.shared/10150} BLOCKED
07-29 21:08:56.907  2463  5065 I AppsFilter: interaction: PackageSetting{449863f io.github.ylimit.droidbotapp/10369} -> PackageSetting{46864f2 com.android.virtualmachine.res/10237} BLOCKED
07-29 21:08:56.907  2463  5065 I AppsFilter: interaction: PackageSetting{449863f io.github.ylimit.droidbotapp/10369} -> PackageSetting{66fd907 com.android.providers.telephony.auto_generated_characteristics_rro/10072} BLOCKED
07-29 21:08:56.907  2463  5065 I AppsFilter: interaction: PackageSetting{449863f io.github.ylimit.droidbotapp/10369} -> PackageSetting{460e743 com.xiaomi.gamecenter.sdk.service/10140} BLOCKED
07-29 21:08:56.907  2463  5065 I AppsFilter: interaction: PackageSetting{449863f io.github.ylimit.droidbotapp/10369} -> PackageSetting{48b11c0 com.android.htmlviewer/10092} BLOCKED
07-29 21:08:56.907  2463  5065 I AppsFilter: interaction: PackageSetting{449863f io.github.ylimit.droidbotapp/10369} -> PackageSetting{91f3ef9 com.miui.gallery/10271} BLOCKED
07-29 21:08:56.907  2463  5065 I AppsFilter: interaction: PackageSetting{449863f io.github.ylimit.droidbotapp/10369} -> PackageSetting{513de3e com.quicinc.voice.activation/10214} BLOCKED
07-29 21:08:56.907  2463  5065 I AppsFilter: interaction: PackageSetting{449863f io.github.ylimit.droidbotapp/10369} -> PackageSetting{920b49f com.google.android.configupdater/10122} BLOCKED
07-29 21:08:56.907  2463  5065 I AppsFilter: interaction: PackageSetting{449863f io.github.ylimit.droidbotapp/10369} -> PackageSetting{bef89ec com.android.soundrecorder/10276} BLOCKED
07-29 21:08:56.907  2463  5065 I AppsFilter: interaction: PackageSetting{449863f io.github.ylimit.droidbotapp/10369} -> PackageSetting{98bd1b5 com.suxing.sustream/10338} BLOCKED
07-29 21:08:56.907  2463  5065 I AppsFilter: interaction: PackageSetting{449863f io.github.ylimit.droidbotapp/10369} -> PackageSetting{16ba04a io.appium.uiautomator2.server/10283} BLOCKED
07-29 21:08:56.907  2463  5065 I AppsFilter: interaction: PackageSetting{449863f io.github.ylimit.droidbotapp/10369} -> PackageSetting{8e5fbbb com.android.safetycenter.resources/10240} BLOCKED
07-29 21:08:56.907  2463  5065 I AppsFilter: interaction: PackageSetting{449863f io.github.ylimit.droidbotapp/10369} -> PackageSetting{a4158d8 org.secuso.privacyfriendlytodolist/10270} BLOCKED
07-29 21:08:56.907  2463  5065 I AppsFilter: interaction: PackageSetting{449863f io.github.ylimit.droidbotapp/10369} -> PackageSetting{5f4d431 com.android.providers.downloads.ui/10261} BLOCKED
07-29 21:08:56.907  2463  5065 I AppsFilter: interaction: PackageSetting{449863f io.github.ylimit.droidbotapp/10369} -> PackageSetting{cb7716 com.android.simappdialog/10113} BLOCKED
07-29 21:08:56.907  2463  5065 I AppsFilter: interaction: PackageSetting{449863f io.github.ylimit.droidbotapp/10369} -> PackageSetting{5ee9897 com.xingin.xhs/10286} BLOCKED
07-29 21:08:56.907  2463  5065 I AppsFilter: interaction: PackageSetting{449863f io.github.ylimit.droidbotapp/10369} -> PackageSetting{4df2a84 com.android.connectivity.resources/10244} BLOCKED
07-29 21:08:56.907  2463  5065 I AppsFilter: interaction: PackageSetting{449863f io.github.ylimit.droidbotapp/10369} -> PackageSetting{811826d com.cnn.mobile.android.phone/10316} BLOCKED
07-29 21:08:56.907  2463  5065 I AppsFilter: interaction: PackageSetting{449863f io.github.ylimit.droidbotapp/10369} -> PackageSetting{3db11f7 com.android.internal.display.cutout.emulation.hole/10010} BLOCKED
07-29 21:08:56.907  2463  5065 I AppsFilter: interaction: PackageSetting{449863f io.github.ylimit.droidbotapp/10369} -> PackageSetting{fca1864 com.android.internal.display.cutout.emulation.tall/10011} BLOCKED
07-29 21:08:56.907  2463  5065 I AppsFilter: interaction: PackageSetting{449863f io.github.ylimit.droidbotapp/10369} -> PackageSetting{27feea2 com.android.modulemetadata/10174} BLOCKED
07-29 21:08:56.907  2463  5065 I AppsFilter: interaction: PackageSetting{449863f io.github.ylimit.droidbotapp/10369} -> PackageSetting{7b43f82 com.android.internal.systemui.navbar.threebutton/10051} BLOCKED
07-29 21:08:56.907  2463  5065 I AppsFilter: interaction: PackageSetting{449863f io.github.ylimit.droidbotapp/10369} -> PackageSetting{e7a2733 com.android.wifi.dialog/10211} BLOCKED
07-29 21:08:56.907  2463  5065 I AppsFilter: interaction: PackageSetting{449863f io.github.ylimit.droidbotapp/10369} -> PackageSetting{6666af0 com.tencent.android.qqdownloader/10324} BLOCKED
07-29 21:08:56.907  2463  5065 I AppsFilter: interaction: PackageSetting{449863f io.github.ylimit.droidbotapp/10369} -> PackageSetting{3d0d869 com.android.contacts/10132} BLOCKED
07-29 21:08:56.907  2463  5065 I AppsFilter: interaction: PackageSetting{449863f io.github.ylimit.droidbotapp/10369} -> PackageSetting{c1252ee cn.amazon.mShop.android/10301} BLOCKED
07-29 21:08:56.907  2463  5065 I AppsFilter: interaction: PackageSetting{449863f io.github.ylimit.droidbotapp/10369} -> PackageSetting{b26038f com.miui.securitymanager/10272} BLOCKED
07-29 21:08:56.907  2463  5065 I AppsFilter: interaction: PackageSetting{449863f io.github.ylimit.droidbotapp/10369} -> PackageSetting{3df461c com.baidu.searchbox/10340} BLOCKED
07-29 21:08:56.907  2463  5065 I AppsFilter: interaction: PackageSetting{449863f io.github.ylimit.droidbotapp/10369} -> PackageSetting{3159225 com.android.mms/10141} BLOCKED
07-29 21:08:56.907  2463  5065 I AppsFilter: interaction: PackageSetting{449863f io.github.ylimit.droidbotapp/10369} -> PackageSetting{54affa com.jijia.bqwnl/10327} BLOCKED
07-29 21:08:56.907  2463  5065 I AppsFilter: interaction: PackageSetting{449863f io.github.ylimit.droidbotapp/10369} -> PackageSetting{70949ab com.yahoo.mobile.client.android.mail/10341} BLOCKED
07-29 21:08:56.907  2463  5065 I AppsFilter: interaction: PackageSetting{449863f io.github.ylimit.droidbotapp/10369} -> PackageSetting{8a8a808 com.mfashiongallery.emag/10262} BLOCKED
07-29 21:08:56.907  2463  5065 I AppsFilter: interaction: PackageSetting{449863f io.github.ylimit.droidbotapp/10369} -> PackageSetting{1322ba1 com.instagram.android/10289} BLOCKED
07-29 21:08:56.907  2463  5065 I AppsFilter: interaction: PackageSetting{449863f io.github.ylimit.droidbotapp/10369} -> PackageSetting{b2dd1c6 com.google.android.gm/10290} BLOCKED
07-29 21:08:56.907  2463  5065 I AppsFilter: interaction: PackageSetting{449863f io.github.ylimit.droidbotapp/10369} -> PackageSetting{d90d587 com.android.compos.payload/10243} BLOCKED
07-29 21:08:56.907  2463  5065 I AppsFilter: interaction: PackageSetting{449863f io.github.ylimit.droidbotapp/10369} -> PackageSetting{5243cb4 com.microsoft.emmx/10311} BLOCKED
07-29 21:08:56.907  2463  5065 I AppsFilter: interaction: PackageSetting{449863f io.github.ylimit.droidbotapp/10369} -> PackageSetting{224e0dd com.android.settings.intelligence/10142} BLOCKED
07-29 21:08:56.907  2463  5065 I AppsFilter: interaction: PackageSetting{449863f io.github.ylimit.droidbotapp/10369} -> PackageSetting{e254452 com.android.calendar/10265} BLOCKED
07-29 21:08:56.907  2463  5065 I AppsFilter: interaction: PackageSetting{449863f io.github.ylimit.droidbotapp/10369} -> PackageSetting{a1b4323 com.miui.virtualsim/10277} BLOCKED
07-29 21:08:56.907  2463  5065 I AppsFilter: interaction: PackageSetting{449863f io.github.ylimit.droidbotapp/10369} -> PackageSetting{c227020 com.microsoft.office.outlook/10323} BLOCKED
07-29 21:08:56.907  2463  5065 I AppsFilter: interaction: PackageSetting{449863f io.github.ylimit.droidbotapp/10369} -> PackageSetting{193add9 com.miui.compass/10267} BLOCKED
07-29 21:08:56.907  2463  5065 I AppsFilter: interaction: PackageSetting{449863f io.github.ylimit.droidbotapp/10369} -> PackageSetting{9af539e com.android.printspooler/10224} BLOCKED
07-29 21:08:56.907  2463  5065 I AppsFilter: interaction: PackageSetting{449863f io.github.ylimit.droidbotapp/10369} -> PackageSetting{554ee7f com.android.dreams.basic/10103} BLOCKED
07-29 21:08:56.907  2463  5065 I AppsFilter: interaction: PackageSetting{449863f io.github.ylimit.droidbotapp/10369} -> PackageSetting{b0e6e4c com.android.incallui/10126} BLOCKED
07-29 21:08:56.907  2463  5065 I AppsFilter: interaction: PackageSetting{449863f io.github.ylimit.droidbotapp/10369} -> PackageSetting{5884e95 com.musicworx/10320} BLOCKED
07-29 21:08:56.908  2463  5065 I AppsFilter: interaction: PackageSetting{449863f io.github.ylimit.droidbotapp/10369} -> PackageSetting{f390baa com.android.rkpdapp/10254} BLOCKED
07-29 21:08:56.908  2463  5065 I AppsFilter: interaction: PackageSetting{449863f io.github.ylimit.droidbotapp/10369} -> PackageSetting{46ec6fb com.newcall.overlay.miui/10041} BLOCKED
07-29 21:08:56.908  2463  5065 I AppsFilter: interaction: PackageSetting{449863f io.github.ylimit.droidbotapp/10369} -> PackageSetting{c53f39b todolist.scheduleplanner.dailyplanner.todo.reminders/10299} BLOCKED
07-29 21:08:56.908  2463  5065 I AppsFilter: interaction: PackageSetting{449863f io.github.ylimit.droidbotapp/10369} -> PackageSetting{9d4b171 android.auto_generated_characteristics_rro/10068} BLOCKED
07-29 21:08:56.908  2463  5065 I AppsFilter: interaction: PackageSetting{449863f io.github.ylimit.droidbotapp/10369} -> PackageSetting{8da2338 com.android.musicfx/10094} BLOCKED
07-29 21:08:56.908  2463  5065 I AppsFilter: interaction: PackageSetting{449863f io.github.ylimit.droidbotapp/10369} -> PackageSetting{ec3f11 com.todoist/10298} BLOCKED
07-29 21:08:56.908  2463  5065 I AppsFilter: interaction: PackageSetting{449863f io.github.ylimit.droidbotapp/10369} -> PackageSetting{7f43876 com.google.android.webview/10188} BLOCKED
07-29 21:08:56.908  2463  5065 I AppsFilter: interaction: PackageSetting{449863f io.github.ylimit.droidbotapp/10369} -> PackageSetting{d742e77 com.zhuantech.sijiweather/10337} BLOCKED
07-29 21:08:56.908  2463  5065 I AppsFilter: interaction: PackageSetting{449863f io.github.ylimit.droidbotapp/10369} -> PackageSetting{7aa3ae4 com.ss.android.article.news/10325} BLOCKED
07-29 21:08:56.908  2463  5065 I AppsFilter: interaction: PackageSetting{449863f io.github.ylimit.droidbotapp/10369} -> PackageSetting{a691a73 com.android.phone.auto_generated_characteristics_rro/10060} BLOCKED
07-29 21:08:56.908  2463  5065 I AppsFilter: interaction: PackageSetting{449863f io.github.ylimit.droidbotapp/10369} -> PackageSetting{1c4bb4d com.android.chrome/10282} BLOCKED
07-29 21:08:56.908  2463  5065 I AppsFilter: interaction: PackageSetting{449863f io.github.ylimit.droidbotapp/10369} -> PackageSetting{c636602 com.UCMobile/10332} BLOCKED
07-29 21:08:56.908  2463  5065 I AppsFilter: interaction: PackageSetting{449863f io.github.ylimit.droidbotapp/10369} -> PackageSetting{6f33b13 com.ss.android.ugc.aweme/10322} BLOCKED
07-29 21:08:56.908  2463  5065 I AppsFilter: interaction: PackageSetting{449863f io.github.ylimit.droidbotapp/10369} -> PackageSetting{5422150 com.android.wifi.resources/10258} BLOCKED
07-29 21:08:56.908  2463  5065 I AppsFilter: interaction: PackageSetting{449863f io.github.ylimit.droidbotapp/10369} -> PackageSetting{72ebf49 com.skysoft.kkbox.android/10285} BLOCKED
07-29 21:08:56.908  2463  5065 I AppsFilter: interaction: PackageSetting{449863f io.github.ylimit.droidbotapp/10369} -> PackageSetting{8a5e04e com.getsurfboard/10279} BLOCKED
07-29 21:08:56.908  2463  5065 I AppsFilter: interaction: PackageSetting{449863f io.github.ylimit.droidbotapp/10369} -> PackageSetting{34c756f com.netease.newsreader.activity/10313} BLOCKED
07-29 21:08:56.908  2463  5065 I AppsFilter: interaction: PackageSetting{449863f io.github.ylimit.droidbotapp/10369} -> PackageSetting{4fb64eb com.android.theme.font.notoserifsource/10017} BLOCKED
07-29 21:08:56.908  2463  5065 I AppsFilter: interaction: PackageSetting{449863f io.github.ylimit.droidbotapp/10369} -> PackageSetting{630027c com.kuaishou.nebula/10329} BLOCKED
07-29 21:08:56.908  2463  5065 I AppsFilter: interaction: PackageSetting{449863f io.github.ylimit.droidbotapp/10369} -> PackageSetting{c63d8e1 com.android.internal.display.cutout.emulation.waterfall/10012} BLOCKED
07-29 21:08:56.908  2463  5065 I AppsFilter: interaction: PackageSetting{449863f io.github.ylimit.droidbotapp/10369} -> PackageSetting{19e1606 com.android.internal.systemui.navbar.transparent/10063} BLOCKED
07-29 21:08:56.908  2463  5065 I AppsFilter: interaction: PackageSetting{449863f io.github.ylimit.droidbotapp/10369} -> PackageSetting{b1b0705 com.miui.newhome/10296} BLOCKED
07-29 21:08:56.908  2463  5065 I AppsFilter: interaction: PackageSetting{449863f io.github.ylimit.droidbotapp/10369} -> PackageSetting{983b35a com.miui.video/10294} BLOCKED
07-29 21:08:56.908  2463  5065 I AppsFilter: interaction: PackageSetting{449863f io.github.ylimit.droidbotapp/10369} -> PackageSetting{f54f98b com.google.android.printservice.recommendation/10153} BLOCKED
07-29 21:08:56.908  2463  5065 I AppsFilter: interaction: PackageSetting{449863f io.github.ylimit.droidbotapp/10369} -> PackageSetting{7b8ca68 com.baidu.searchbox.lite/10334} BLOCKED
07-29 21:08:56.908  2463  5065 I AppsFilter: interaction: PackageSetting{449863f io.github.ylimit.droidbotapp/10369} -> PackageSetting{bca0e81 com.spotify.music/10317} BLOCKED
07-29 21:08:56.908  2463  5065 I AppsFilter: interaction: PackageSetting{449863f io.github.ylimit.droidbotapp/10369} -> PackageSetting{e39ab26 com.google.android.documentsui/10100} BLOCKED
07-29 21:08:56.908  2463  5065 I AppsFilter: interaction: PackageSetting{449863f io.github.ylimit.droidbotapp/10369} -> PackageSetting{617a367 com.google.android.accessibility.switchaccess/10184} BLOCKED
07-29 21:08:56.908  2463  5065 I AppsFilter: interaction: PackageSetting{449863f io.github.ylimit.droidbotapp/10369} -> PackageSetting{4842514 com.sohu.inputmethod.sogou.xiaomi/10183} BLOCKED
07-29 21:08:56.908  2463  5065 I AppsFilter: interaction: PackageSetting{449863f io.github.ylimit.droidbotapp/10369} -> PackageSetting{10811bd cn.ninegame.gamemanager/10330} BLOCKED
07-29 21:08:56.908  2463  5065 I AppsFilter: interaction: PackageSetting{449863f io.github.ylimit.droidbotapp/10369} -> PackageSetting{9befd8f io.appium.uiautomator2.server.test/10280} BLOCKED
07-29 21:08:56.908  2463  5065 I AppsFilter: interaction: PackageSetting{449863f io.github.ylimit.droidbotapp/10369} -> PackageSetting{b0553b2 com.baidu.BaiduMap/10331} BLOCKED
07-29 21:08:56.908  2463  5065 I AppsFilter: interaction: PackageSetting{449863f io.github.ylimit.droidbotapp/10369} -> PackageSetting{e710f03 com.android.providers.partnerbookmarks/10109} BLOCKED
07-29 21:08:56.908  2463  5065 I AppsFilter: interaction: PackageSetting{449863f io.github.ylimit.droidbotapp/10369} -> PackageSetting{8087e80 com.android.smspush/10230} BLOCKED
07-29 21:08:56.908  2463  5065 I AppsFilter: interaction: PackageSetting{449863f io.github.ylimit.droidbotapp/10369} -> PackageSetting{9290cb9 com.miui.calculator/10263} BLOCKED
07-29 21:08:56.908  2463  5065 I AppsFilter: interaction: PackageSetting{449863f io.github.ylimit.droidbotapp/10369} -> PackageSetting{870f8fe de.baumann.browser/10308} BLOCKED
07-29 21:08:56.908  2463  5065 I AppsFilter: interaction: PackageSetting{449863f io.github.ylimit.droidbotapp/10369} -> PackageSetting{66b985f com.android.wallpaper.livepicker/10091} BLOCKED
07-29 21:08:56.908  2463  5065 I AppsFilter: interaction: PackageSetting{449863f io.github.ylimit.droidbotapp/10369} -> PackageSetting{cb702ac com.android.cellbroadcastreceiver.module/10255} BLOCKED
07-29 21:08:56.908  2463  5065 I AppsFilter: interaction: PackageSetting{449863f io.github.ylimit.droidbotapp/10369} -> PackageSetting{9c4bb75 com.android.apps.tag/10098} BLOCKED
07-29 21:08:56.908  2463  5065 I AppsFilter: interaction: PackageSetting{449863f io.github.ylimit.droidbotapp/10369} -> PackageSetting{b5fa70a com.android.imsserviceentitlement/10125} BLOCKED
07-29 21:08:56.908  2463  5065 I AppsFilter: interaction: PackageSetting{449863f io.github.ylimit.droidbotapp/10369} -> PackageSetting{85b5b7b com.xiaomi.gamecenter/10288} BLOCKED
07-29 21:08:56.908  2463  5065 I AppsFilter: interaction: PackageSetting{449863f io.github.ylimit.droidbotapp/10369} -> PackageSetting{e79d98 com.android.appsearch.apk/10257} BLOCKED
07-29 21:08:56.908  2463  5065 I AppsFilter: interaction: PackageSetting{449863f io.github.ylimit.droidbotapp/10369} -> PackageSetting{3299f1 com.dragon.read/10335} BLOCKED
07-29 21:08:56.908  2463  5065 I AppsFilter: interaction: PackageSetting{449863f io.github.ylimit.droidbotapp/10369} -> PackageSetting{70d7d4c com.anydo/10292} BLOCKED
07-29 21:08:56.908  2463  5065 I AppsFilter: interaction: PackageSetting{449863f io.github.ylimit.droidbotapp/10369} -> PackageSetting{1d929d6 com.miui.cleanmaster/10266} BLOCKED
07-29 21:08:56.908  2463  5065 I AppsFilter: interaction: PackageSetting{449863f io.github.ylimit.droidbotapp/10369} -> PackageSetting{5ba3457 com.miui.weather2/10278} BLOCKED
07-29 21:08:56.908  2463  5065 I AppsFilter: interaction: PackageSetting{449863f io.github.ylimit.droidbotapp/10369} -> PackageSetting{e84fb44 com.autonavi.minimap/10333} BLOCKED
07-29 21:08:56.908  2463  5065 I AppsFilter: interaction: PackageSetting{449863f io.github.ylimit.droidbotapp/10369} -> PackageSetting{dc5e42d com.xiaomi.scanner/10281} BLOCKED
07-29 21:08:56.908  2463  5065 I AppsFilter: interaction: PackageSetting{449863f io.github.ylimit.droidbotapp/10369} -> PackageSetting{960d62 com.google.android.apps.tasks/10300} BLOCKED
07-29 21:08:56.908  2463  5065 I AppsFilter: interaction: PackageSetting{449863f io.github.ylimit.droidbotapp/10369} -> PackageSetting{3c3bef3 com.duokan.reader/10287} BLOCKED
07-29 21:08:56.908  2463  5065 I AppsFilter: interaction: PackageSetting{449863f io.github.ylimit.droidbotapp/10369} -> PackageSetting{66c963b com.android.cts.ctsshim/10253} BLOCKED
07-29 21:08:56.908  2463  5065 I AppsFilter: interaction: PackageSetting{449863f io.github.ylimit.droidbotapp/10369} -> PackageSetting{17887b0 douzifly.list/10182} BLOCKED
07-29 21:08:56.908  2463  5065 I AppsFilter: interaction: PackageSetting{449863f io.github.ylimit.droidbotapp/10369} -> PackageSetting{bc99629 com.miui.yellowpage/10137} BLOCKED
07-29 21:08:56.908  2463  5065 I AppsFilter: interaction: PackageSetting{449863f io.github.ylimit.droidbotapp/10369} -> PackageSetting{d4b9dae com.einnovation.temu/10304} BLOCKED
07-29 21:08:56.908  2463  5065 I AppsFilter: interaction: PackageSetting{449863f io.github.ylimit.droidbotapp/10369} -> PackageSetting{4fec269 com.android.microdroid.empty_payload/10236} BLOCKED
07-29 21:08:56.908  2463  5065 I AppsFilter: interaction: PackageSetting{449863f io.github.ylimit.droidbotapp/10369} -> PackageSetting{5d1574f com.android.email/10268} BLOCKED
07-29 21:08:56.908  2463  5065 I AppsFilter: interaction: PackageSetting{449863f io.github.ylimit.droidbotapp/10369} -> PackageSetting{8d66edc com.android.music/10175} BLOCKED
07-29 21:08:56.908  2463  5065 I AppsFilter: interaction: PackageSetting{449863f io.github.ylimit.droidbotapp/10369} -> PackageSetting{33c6be5 com.android.hotspot2.osulogin/10259} BLOCKED
07-29 21:08:56.908  2463  5065 I AppsFilter: interaction: PackageSetting{449863f io.github.ylimit.droidbotapp/10369} -> PackageSetting{728d2a7 com.android.companiondevicemanager.auto_generated_characteristics_rro/10006} BLOCKED
07-29 21:08:56.908  2463  5065 I AppsFilter: interaction: PackageSetting{449863f io.github.ylimit.droidbotapp/10369} -> PackageSetting{1b7e6ba com.google.android.gms.location.history/10152} BLOCKED
07-29 21:08:56.908  2463  5065 I AppsFilter: interaction: PackageSetting{449863f io.github.ylimit.droidbotapp/10369} -> PackageSetting{176196b com.smile.gifmaker/10339} BLOCKED
07-29 21:08:56.908  2463  5065 I AppsFilter: interaction: PackageSetting{449863f io.github.ylimit.droidbotapp/10369} -> PackageSetting{d1ebbf2 com.android.internal.systemui.navbar.gestural/10052} BLOCKED
07-29 21:08:56.908  2463  5065 I AppsFilter: interaction: PackageSetting{449863f io.github.ylimit.droidbotapp/10369} -> PackageSetting{ec99cc8 ru.mail.mailapp/10321} BLOCKED
07-29 21:08:56.908  2463  5065 I AppsFilter: interaction: PackageSetting{449863f io.github.ylimit.droidbotapp/10369} -> PackageSetting{44ce161 com.google.android.apps.youtube.music/10318} BLOCKED
07-29 21:08:56.908  2463  5065 I AppsFilter: interaction: PackageSetting{449863f io.github.ylimit.droidbotapp/10369} -> PackageSetting{36db486 com.android.bluetoothmidiservice/10104} BLOCKED
07-29 21:08:56.908  2463  5065 I AppsFilter: interaction: PackageSetting{449863f io.github.ylimit.droidbotapp/10369} -> PackageSetting{85ae147 com.jijia.jjweather/10336} BLOCKED
07-29 21:08:56.908  2463  5065 I AppsFilter: interaction: PackageSetting{449863f io.github.ylimit.droidbotapp/10369} -> PackageSetting{33fbd74 com.ebay.mobile/10291} BLOCKED
