07-29 21:09:13.593  7737 25296 I AdrenoGLES-0: Process Name                     : com.hellobrigit.Brigit
07-29 21:09:13.594  1844  1844 I vendor.qti.hardware.servicetrackeraidl-service: bindService is called for service : com.google.android.gms/.ads.identifier.service.AdvertisingIdService and for client com.hellobrigit.Brigit
07-29 21:09:13.594  1844  1844 I vendor.qti.hardware.servicetrackeraidl-service: total connections for service : com.google.android.gms/.ads.identifier.service.AdvertisingIdServiceare :1
07-29 21:09:13.594  1844  1844 I vendor.qti.hardware.servicetrackeraidl-service: total connections for client : com.hellobrigit.Brigitare :1
07-29 21:09:13.594  2463  5442 W OptProp : Cannot read opt property android.window.PROPERTY_COMPAT_ALLOW_ORIENTATION_OVERRIDE
07-29 21:09:13.594  2463  5442 E ActivityTaskManager: Unable to get servicetracker HAL instance
07-29 21:09:13.594  2463  5442 E ActivityTaskManager: Unable to get servicetracker HAL instance
07-29 21:09:13.594  2463  5442 E WindowManager: setClientVisible ActivityRecord{d6ffd43 u0 com.hellobrigit.Brigit/com.hellobrigit.MainActivity true
07-29 21:09:13.595  2463  5442 W OptProp : Cannot read opt property android.window.PROPERTY_COMPAT_ALLOW_RESIZEABLE_ACTIVITY_OVERRIDES
07-29 21:09:13.595  2463  5442 W OptProp : Cannot read opt property android.window.PROPERTY_COMPAT_ALLOW_MIN_ASPECT_RATIO_OVERRIDE
07-29 21:09:13.595  8013  8058 I VideoBoxUtils: isSupportVideoBox: true
07-29 21:09:13.595  8013  8058 I VideoToolBoxService: vtb is closed!!!
07-29 21:09:13.595  8013  8058 I AppPredictPrivacyLaunchManager: getLauncherHomeAppList size: 75
07-29 21:09:13.595  2463  5442 I AnimInterruptController: FIS notify Foresee interrupt start:292
07-29 21:09:13.595  2463  5442 I ActivityTaskManager: isKeyguardEditor: false, newTransition: TransitionRecord{ee66c3e id=293 type=OPEN flags=0x0}
07-29 21:09:13.595  2463  2509 E SSRU-RUS: Don't have packages for uid 99013
07-29 21:09:13.595  8013  8058 I AppPredictService: difTIme = 104286
07-29 21:09:13.595  8013  9646 E SuggestManager: openApp name = com.hellobrigit.Brigit
07-29 21:09:13.595  8013  9646 I NewAutoTaskManager: app use - delay = 9223372036854775807, doRemove = false, doPost = false
07-29 21:09:13.596  2463  4205 I MiuiNetworkPolicy: updateUidState uid = 99013, uidState = 3
07-29 21:09:13.597  8013  9672 E b       : insert result = 1582
07-29 21:09:13.598  2463  5442 I WindowManager: When perf version exceed 2.3, MiGTStub result: false, gameType: 1, packageName: com.hellobrigit.Brigit
07-29 21:09:13.598  1839  1966 E ANDR-PERF-UTIL: ANDR-PERF-UTIL: save_node_val() 366: Failed to read /sys/class/mmc_host/mmc0/clk_scaling/enable
07-29 21:09:13.598  1839  1966 E ANDR-PERF-OPTSHANDLER: ANDR-PERF-OPTSHANDLER: modify_sysfsnode() 1266: Failed to read /sys/class/mmc_host/mmc0/clk_scaling/enable
07-29 21:09:13.598  1839  1966 E ANDR-PERF-RESOURCEQS: ANDR-PERF-RESOURCEQS: AddAndApply() 167: Failed to apply optimization [11, 4]
07-29 21:09:13.599  8013  8058 W ContextImpl: Calling a method in the system process without a qualified user: android.app.ContextImpl.startService:1939 android.content.ContextWrapper.startService:843 v2.b.f:39 v2.b$c.onForegroundInfoChanged:21 com.miui.gamebooster.mutiwindow.b$a.onForegroundInfoChanged:152 
07-29 21:09:13.599  1839  1966 E ANDR-PERF-UTIL: ANDR-PERF-UTIL: save_node_val() 366: Failed to read /sys/class/mmc_host/mmc0/clk_scaling/enable
07-29 21:09:13.599  1839  1966 E ANDR-PERF-OPTSHANDLER: ANDR-PERF-OPTSHANDLER: modify_sysfsnode() 1266: Failed to read /sys/class/mmc_host/mmc0/clk_scaling/enable
07-29 21:09:13.599  1839  1966 E ANDR-PERF-RESOURCEQS: ANDR-PERF-RESOURCEQS: AddAndApply() 167: Failed to apply optimization [11, 4]
07-29 21:09:13.599  1839  7237 E ANDR-PERF-LM: MetaMeter: handleAsync() 166: AdaptLaunch Invalid Async
07-29 21:09:13.599  1839  7237 E ANDR-PERF-LM: MetaMeter: handleAsync() 166: AdaptLaunch Invalid Async
07-29 21:09:13.599  1839  7237 E ANDR-PERF-LM: MetaMeter: handleAsync() 166: AdaptLaunch Invalid Async
07-29 21:09:13.599  1839  7237 E ANDR-PERF-LM: MetaMeter: handleAsync() 166: AdaptLaunch Invalid Async
07-29 21:09:13.600  7737 25296 I AdrenoGLES-0: PFP: 0x01520175, ME: 0x01520023
07-29 21:09:13.600  2463  5442 I WindowManager: Try to add startingWindow type = STARTING_WINDOW_TYPE_NONE this = ActivityRecord{d6ffd43 u0 com.hellobrigit.Brigit/com.hellobrigit.MainActivity t214} preAllowTaskSnapshot = true afterAllowTaskSnapshot = true newTask = false taskSwitch = false processRunning = true activityCreated = false activityAllDrawn = false isSnapshotCompatible = false resolvedTheme = 2131951625 theme = 2131951625
07-29 21:09:13.601  2463  5442 I MiuiFreezeImpl: reparentPubgGame AR is null or process not exist, return
07-29 21:09:13.601  2463  5442 E WindowManager: setClientVisible ActivityRecord{d6ffd43 u0 com.hellobrigit.Brigit/com.hellobrigit.MainActivity t214} true
07-29 21:09:13.602  1839  1966 E ANDR-PERF-OPTSHANDLER: ANDR-PERF-OPTSHANDLER: modify_sysfsnode() 1213: Perflock resource /sys/class/devfreq/soc:qcom,cpubw/max_freq not supported
07-29 21:09:13.602  1839  1966 E ANDR-PERF-RESOURCEQS: ANDR-PERF-RESOURCEQS: AddAndApply() 167: Failed to apply optimization [6, 6]
07-29 21:09:13.602  2463  5442 E ActivityTaskManager: Unable to get servicetracker HAL instance
07-29 21:09:13.602  1839  1966 E ANDR-PERF-UTIL: ANDR-PERF-UTIL: save_node_val() 366: Failed to read /sys/class/mmc_host/mmc0/clk_scaling/enable
07-29 21:09:13.602  1839  1966 E ANDR-PERF-OPTSHANDLER: ANDR-PERF-OPTSHANDLER: modify_sysfsnode() 1266: Failed to read /sys/class/mmc_host/mmc0/clk_scaling/enable
07-29 21:09:13.602  1839  1966 E ANDR-PERF-RESOURCEQS: ANDR-PERF-RESOURCEQS: AddAndApply() 167: Failed to apply optimization [11, 4]
07-29 21:09:13.604  4979  5212 I SoScStageCoordinator: Transition requested:TransitionRequestInfo { type = OPEN, triggerTask = TaskInfo{userId=0 taskId=214 displayId=0 isRunning=true baseIntent=Intent { act=android.intent.action.MAIN cat=[android.intent.category.LAUNCHER] flg=0x10000000 cmp=com.hellobrigit.Brigit/com.zoontek.rnbootsplash.RNBootSplashActivity } baseActivity=ComponentInfo{com.hellobrigit.Brigit/com.zoontek.rnbootsplash.RNBootSplashActivity} topActivity=ComponentInfo{com.hellobrigit.Brigit/com.hellobrigit.MainActivity} origActivity=null realActivity=ComponentInfo{com.hellobrigit.Brigit/com.zoontek.rnbootsplash.RNBootSplashActivity} numActivities=2 lastActiveTime=20391921 supportsSplitScreenMultiWindow=true supportsMultiWindow=true resizeMode=1 isResizeable=true minWidth=-1 minHeight=-1 defaultMinSize=200 token=WCT{android.window.IWindowContainerToken$Stub$Proxy@3b820ba} topActivityType=1 pictureInPictureParams=null shouldDockBigOverlays=false launchIntoPipHostTaskId=-1 lastParentTaskIdBeforePip=-1 displayCutoutSafeInsets=Rect(0, 116 - 0, 0) topActivityInfo=ActivityInfo{93acb6b com.hellobrigit.MainActivity} launchCookies=[] positionInParent=Point(0, 0) parentTaskId=-1 isFocused=true isVisible=true isVisibleRequested=true isSleeping=false locusId=null displayAreaFeatureId=1 isTopActivityTransparent=false appCompatTaskInfo=AppCompatTaskInfo { topActivityInSizeCompat=false topActivityInMiuiSizeCompat=false topActivityEligibleForLetterboxEducation= falseisLetterboxEducationEnabled= false isLetterboxDoubleTapEnabled= false topActivityEligibleForUserAspectRatioButton= false topActivityBoundsLetterboxed= false isFromLetterboxDoubleTap= false topActivityLetterboxVerticalPosition= -1 topActivityLetterboxHorizontalPosition= -1 topActivityLetterboxWidth=1200 topActivityLetterboxHeight=2670 isUserFullscreenOverrideEnabled=false isSystemFullscreenOverrideEnabled=false cameraCompatTaskInfo=CameraCompatTaskInfo { cameraCompatControlState=hidden freeformCameraCompatMode=inactive}} isImmersive=false mTopActivityRequestOrientation=1 mBehindAppLockPkg=null mOriginatingUid=0 isEmbedded=false shouldBeVisible=true isCreatedByOrganizer=false mIsCastMode=false mTopActivityMediaSize=null mTopActivityRecordName=ActivityRecord{d6ffd43 u0 com.hellobrigit.Brigit/com.hellobrigit.MainActivity t214} mTopActivityOrientation=1}, pipTask = null, remoteTransition = null, displayChange = null, flags = 0, debugId = 293 } isSoScActive:false triggerTask:TaskInfo{userId=0 taskId=214 displayId=0 isRunning=true baseIntent=Intent { act=android.intent.action.MAIN cat=[android.intent.category.LAUNCHER] flg=0x10000000 cmp=com.hellobrigit.Brigit/com.zoontek.rnbootsplash.RNBootSplashActivity } baseActivity=ComponentInfo{com.hellobrigit.Brigit/com.zoontek.rnbootsplash.RNBootSplashActivity} topActivity=ComponentInfo{com.hellobrigit.Brigit/com.hellobrigit.MainActivity} origActivity=null realActivity=ComponentInfo{com.hellobrigit.Brigit/com.zoontek.rnbootsplash.RNBootSplashActivity} numActivities=2 lastActiveTime=20391921 supportsSplitScreenMultiWindow=true supportsMultiWindow=true resizeMode=1 isResizeable=true minWidth=-1 minHeight=-1 defaultMinSize=200 token=WCT{android.window.IWindowContainerToken$Stub$Proxy@3b820ba} topActivityType=1 pictureInPictureParams=null shouldDockBigOverlays=false launchIntoPipHostTaskId=-1 lastParentTaskIdBeforePip=-1 displayCutoutSafeInsets=Rect(0, 116 - 0, 0) topActivityInfo=ActivityInfo{93acb6b com.hellobrigit.MainActivity} launchCookies=[] positionInParent=Point(0, 0) parentTaskId=-1 isFocused=true isVisible=true isVisibleRequested=true isSleeping=false locusId=null displayAreaFeatureId=1 isTopActivityTransparent=false appCompatTaskInfo=AppCompatTaskInfo { topActivityInSizeCompat=false topActivityInMiuiSizeCompat=false topActivityEligibleForLetterboxEducation= falseisLetterboxEducationEnabled= false isLetterboxDoubleTapEnabled= false topActivityEligibleForUserAspectRatioButton= false topActivityBoundsLetterboxed= false isFromLetterboxDoubleTap= false topActivityLetterboxVerticalPosition= -1 topActivityLetterboxHorizontalPosition=
07-29 21:09:13.604  2463  5442 I ActivityTaskManager: START u0 {act=android.intent.action.MAIN cat=[android.intent.category.LAUNCHER] flg=0x10000000 cmp=com.hellobrigit.Brigit/com.hellobrigit.MainActivity} with LAUNCH_SINGLE_TASK from uid 10370 from pid 7737 callingPackage com.hellobrigit.Brigit (BAL_ALLOW_VISIBLE_WINDOW) result code=0
07-29 21:09:13.604  2463  5054 I ClipboardServiceI: checkProviderWakePathForClipboard: primaryClip is null
07-29 21:09:13.606  4979  5212 I MultiTaskingTaskRepository: needSkip: is home task
07-29 21:09:13.606  4979  5212 I MiuiBubbleController: removeBubble: 214 reason=2
07-29 21:09:13.606  4979  5212 I MultiTaskingTaskRepository: onTaskInfoChanged multi list = [], full = [214, 177, 188]
07-29 21:09:13.608  8013  8058 I BeautyService: onForegroundInfoChanged: Cur=com.hellobrigit.Brigit	 last=com.miui.home
07-29 21:09:13.608  1844  1844 I vendor.qti.hardware.servicetrackeraidl-service: bindService is called for service : com.google.android.gms/.ads.identifier.service.AdvertisingIdService and for client com.hellobrigit.Brigit
07-29 21:09:13.608  1844  1844 I vendor.qti.hardware.servicetrackeraidl-service: total connections for service : com.google.android.gms/.ads.identifier.service.AdvertisingIdServiceare :1
07-29 21:09:13.608  1844  1844 I vendor.qti.hardware.servicetrackeraidl-service: total connections for client : com.hellobrigit.Brigitare :1
07-29 21:09:13.612  2463  5535 E ActivityTaskManager: Unable to get servicetracker HAL instance
07-29 21:09:13.612  2463  5535 E ActivityTaskManager: Unable to get servicetracker HAL instance
07-29 21:09:13.612  2463  5535 E ActivityTaskManager: Unable to get servicetracker HAL instance
07-29 21:09:13.613  1839  1966 E ANDR-PERF-OPTSHANDLER: ANDR-PERF-OPTSHANDLER: modify_sysfsnode() 1213: Perflock resource /sys/class/devfreq/soc:qcom,cpubw/max_freq not supported
07-29 21:09:13.613  1839  1966 E ANDR-PERF-RESOURCEQS: ANDR-PERF-RESOURCEQS: AddAndApply() 167: Failed to apply optimization [6, 6]
07-29 21:09:13.613  1839  1966 E ANDR-PERF-UTIL: ANDR-PERF-UTIL: save_node_val() 366: Failed to read /sys/class/mmc_host/mmc0/clk_scaling/enable
07-29 21:09:13.613  1839  1966 E ANDR-PERF-OPTSHANDLER: ANDR-PERF-OPTSHANDLER: modify_sysfsnode() 1266: Failed to read /sys/class/mmc_host/mmc0/clk_scaling/enable
07-29 21:09:13.613  1839  1966 E ANDR-PERF-RESOURCEQS: ANDR-PERF-RESOURCEQS: AddAndApply() 167: Failed to apply optimization [11, 4]
07-29 21:09:13.613  2463  5535 I ActivityTaskManager: The Process com.hellobrigit.Brigit Already Exists in BG. So sending its PID: 7737
07-29 21:09:13.614  4979  5212 I MiuiBubbleController: removeBubble: 214 reason=2
07-29 21:09:13.614  4979  5212 I MultiTaskingTaskRepository: onTaskInfoChanged multi list = [], full = [214, 177, 188]
07-29 21:09:13.614  2463  5535 E ActivityTaskManager: Unable to get servicetracker HAL instance
07-29 21:09:13.614  1839  7237 E ANDR-PERF-LM: MetaMeter: handleAsync() 166: AdaptLaunch Invalid Async
07-29 21:09:13.616  2463  5535 I AnimInterruptController: FIS reset Foresee interrupt status
07-29 21:09:13.616  2463  5535 W ActivityTaskManager: try to update focused window in commitVisibility of ActivityRecord{d6ffd43 u0 com.hellobrigit.Brigit/com.hellobrigit.MainActivity t214}
07-29 21:09:13.617  1870  1870 I qspmHal : enter getGpuProf at: 1447896849
07-29 21:09:13.617  1870  1870 I qspmHal : gpuProfName:com.hellobrigit.Brigit-gpu - gpu prof_info.path:/data/vendor/gaming/com.hellobrigit.Brigit-gpu
07-29 21:09:13.617  1870  1870 I qspmHal : PID 7737 from GFX matched.
07-29 21:09:13.617  1870  1870 E qspmHal : GPU profile file NOT found !!
07-29 21:09:13.618  2463  5535 I Transition: set flag to skip the keyguard Animation
07-29 21:09:13.620 13666 17476 W surfboard: tcp pair replaced, source port 57990 dest port 443
07-29 21:09:13.620  7737 25234 I ActivityThread: HardwareRenderer preload  done
07-29 21:09:13.622  2463  4403 E HyperSentinel: -------------------------------------------------------
07-29 21:09:13.622  2463  4403 E HyperSentinel: Event_ResidentSize
07-29 21:09:13.622  2463  4403 E HyperSentinel: -> audit event by proc 7737 "com.hellobrigit.Brigit": RSS increasement, peak 131260kb -> 196944kb
07-29 21:09:13.622  9900 14427 I Market-DownloadLimitSpeedManager: stopLimitSpeed
07-29 21:09:13.623  9900 14427 I Market-LimitSpeedManager: stopLimitSpeedNow() =========== 
07-29 21:09:13.623  1827  2752 I vendor.qti.hardware.display.composer-service: Sensor: notify citsensorservice to trigger cwb, misForced = 0
07-29 21:09:13.623  1844  1844 I vendor.qti.hardware.servicetrackeraidl-service: bindService is called for service : com.google.android.gms/.measurement.service.MeasurementBrokerService and for client com.hellobrigit.Brigit
07-29 21:09:13.623  1844  1844 I vendor.qti.hardware.servicetrackeraidl-service: total connections for service : com.google.android.gms/.measurement.service.MeasurementBrokerServiceare :1
07-29 21:09:13.623  1844  1844 I vendor.qti.hardware.servicetrackeraidl-service: total connections for client : com.hellobrigit.Brigitare :2
07-29 21:09:13.624  2463  4205 I MiuiNetworkPolicy: updateUidState uid = 10130, uidState = 3
07-29 21:09:13.625  3118 24703 I VA_ActivityStateHelper: activityResumed componentName ComponentInfo{com.hellobrigit.Brigit/com.zoontek.rnbootsplash.RNBootSplashActivity}
07-29 21:09:13.625  3118 24703 I VA_ActivityStateHelper: activityResumed mAiSkillPush is false
07-29 21:09:13.625  7737 25299 I ContentCatcher: ViewContentFetcher : ViewContentFetcher
07-29 21:09:13.626  3002  4297 I libsensor-parseRGB: request dump start for mRequestDisplayId 0
07-29 21:09:13.626  7737  7737 I RNBranch: Initializing Branch SDK v. 4.3.2
07-29 21:09:13.626  4497  4497 W RecentsImpl: updateStubViewVisibility, className=com.zoontek.rnbootsplash.RNBootSplashActivity
07-29 21:09:13.627  7737 25296 I AdrenoUtils: <ReadGpuID:357>: Reading chip ID through GSL
07-29 21:09:13.627  4497  5295 W RecentsImpl: disableTouchBySwipeStatusBar    disable=false
07-29 21:09:13.627  4497  5295 W RecentsImpl: disableBackStubWindow    disableTouch=false
07-29 21:09:13.627  4497  5295 W GestureStubView_Left: adaptRotation   currentRotation=0   mRotation=0
07-29 21:09:13.627  4497  5295 W GestureStubView_Right: adaptRotation   currentRotation=0   mRotation=0
07-29 21:09:13.629  1844  1844 I vendor.qti.hardware.servicetrackeraidl-service: unbindService is called for service : com.google.android.gms/.ads.identifier.service.AdvertisingIdService and for client com.hellobrigit.Brigit
07-29 21:09:13.629  7737 25299 E ContentCatcherManager: failed to get ContentCatcherService.
07-29 21:09:13.630  7989 28397 I travelService_ActivityObserverUtils: activityResumed ComponentInfo{com.hellobrigit.Brigit/com.zoontek.rnbootsplash.RNBootSplashActivity}
07-29 21:09:13.630  7989 28397 I travelService_TopActivityMonitor: appUmeInfoListFromServer is null
07-29 21:09:13.630  7989 28397 I travelService_TopActivityMonitor: user change app but last app packageName out of ume range
07-29 21:09:13.630  7989 28397 I travelService_TopActivityMonitor: appInfoListFromServer is null
07-29 21:09:13.630  7989 28397 I travelService_TopActivityMonitor: user change app but last app packageName out of crgt range
07-29 21:09:13.630  4497  5224 E Launcher.Transfer: transfer is closed
07-29 21:09:13.631  7737 25299 E ContentCatcherManager: failed to get ContentCatcherService.
07-29 21:09:13.631  7737 25299 I ContentCatcher: ViewContentFetcher : ViewContentFetcher
07-29 21:09:13.631 12560 17903 I AIRC_CounterTrack: collect: signal-TopActivityPerception
07-29 21:09:13.631 12560 17903 I MMKV    : <MMKV.cpp:1170::sync> MMKV::sync, SyncFlag = 1
07-29 21:09:13.632  2463  4349 W Process : Unable to open /proc/9868/status
07-29 21:09:13.632  1844  1844 I vendor.qti.hardware.servicetrackeraidl-service: unbindService is called for service : com.google.android.gms/.ads.identifier.service.AdvertisingIdService and for client com.hellobrigit.Brigit
07-29 21:09:13.632  1844  1844 I vendor.qti.hardware.servicetrackeraidl-service: size of service connections for service: com.google.android.gms/.ads.identifier.service.AdvertisingIdServiceafter removal is 0
07-29 21:09:13.632  1844  1844 I vendor.qti.hardware.servicetrackeraidl-service: size of client connections for client: com.hellobrigit.Brigitafter removal is 1
07-29 21:09:13.632  1844  1844 I vendor.qti.hardware.servicetrackeraidl-service: destroyService is called for service : com.google.android.gms/.ads.identifier.service.AdvertisingIdService
07-29 21:09:13.634  7989  8649 I ActivityObserverUtil: activityResumed ComponentInfo{com.hellobrigit.Brigit/com.zoontek.rnbootsplash.RNBootSplashActivity}
07-29 21:09:13.634  7989  8649 I TopActivityMonitor: send TopActivityChangeEvent=TopActivityChangeEvent(prev=ComponentInfo{com.miui.home/com.miui.home.launcher.Launcher}, current=ComponentInfo{com.hellobrigit.Brigit/com.zoontek.rnbootsplash.RNBootSplashActivity},appChanged=true)
07-29 21:09:13.634  2463  4349 I PowerManagerServiceImpl: Partial wakeLock:[PARTIAL_WAKE_LOCK                 'NotificationManagerService:post:com.xiaomi.market' ACQ=-167ms (uid=1000 pid=2463 pkg=android ws=WorkSource{10167 com.xiaomi.market})], disabled: true, procState: 0, reason: greeze
07-29 21:09:13.635  2463  5441 W UserManagerService: Requested status bar icon for non-badged user 0
07-29 21:09:13.637  7737 25299 E ContentCatcherManager: failed to get ContentCatcherService.
07-29 21:09:13.638  7737 25299 E ContentCatcherManager: failed to get ContentCatcherService.
07-29 21:09:13.638  7737 25269 I FA      : Tag Manager is not found and thus will not be used
07-29 21:09:13.642 13666 17476 E surfboard: (0x00000B04) on_tcp_write remote error -32 broken pipe
07-29 21:09:13.644  1844  1844 I vendor.qti.hardware.servicetrackeraidl-service: bindService is called for service : com.android.vending/com.google.android.finsky.externalreferrer.GetInstallReferrerService and for client com.hellobrigit.Brigit
07-29 21:09:13.644  1844  1844 I vendor.qti.hardware.servicetrackeraidl-service: total connections for service : com.android.vending/com.google.android.finsky.externalreferrer.GetInstallReferrerServiceare :1
07-29 21:09:13.644  1844  1844 I vendor.qti.hardware.servicetrackeraidl-service: total connections for client : com.hellobrigit.Brigitare :2
07-29 21:09:13.645  3002  3081 E libsensor-parseRGB: CWB NotifyCWBBufferDone  error 0
07-29 21:09:13.647  2463  4205 I MiuiNetworkPolicy: updateUidState uid = 10124, uidState = 3
07-29 21:09:13.649 13666 17476 W surfboard: tcp pair replaced, source port 45884 dest port 80
07-29 21:09:13.650  7737 25310 E unknown:ReactNative: ReactInstanceManager.createReactContext: mJSIModulePackage null
07-29 21:09:13.650  7737 25327 E ReactNativeJNI: logMarker CREATE_REACT_CONTEXT_END
07-29 21:09:13.652  2463  4205 I MiuiNetworkPolicyTrafficLimit: updateWhiteListUidForMobileTraffic uid=10124,add=true
07-29 21:09:13.654  7737  7737 I FIAM.Headless: went foreground
07-29 21:09:13.654  7737  7737 I FIAM.Display: Binding to activity: com.hellobrigit.MainActivity
07-29 21:09:13.654  7737  7737 I FIAM.Headless: Setting display event component
07-29 21:09:13.656  7737 25258 I FIAM.Headless: Forcing fetch from service rather than cache. Test Device: false | App Fresh Install: true
07-29 21:09:13.657  7737 25258 I FIAM.Headless: Recoverable exception while reading cache: /data/user/0/com.hellobrigit.Brigit/files/fiam_impressions_store_file: open failed: ENOENT (No such file or directory)
07-29 21:09:13.658  1844  1844 I vendor.qti.hardware.servicetrackeraidl-service: bindService is called for service : com.google.android.gms/com.google.android.location.internal.GoogleLocationManagerService and for client com.hellobrigit.Brigit
07-29 21:09:13.658  1844  1844 I vendor.qti.hardware.servicetrackeraidl-service: total connections for service : com.google.android.gms/com.google.android.location.internal.GoogleLocationManagerServiceare :3
07-29 21:09:13.658  1844  1844 I vendor.qti.hardware.servicetrackeraidl-service: total connections for client : com.hellobrigit.Brigitare :3
07-29 21:09:13.658  1844  1844 I vendor.qti.hardware.servicetrackeraidl-service: bindService is called for service : com.google.android.gms/.ads.identifier.service.AdvertisingIdService and for client com.hellobrigit.Brigit
07-29 21:09:13.658  1844  1844 I vendor.qti.hardware.servicetrackeraidl-service: total connections for service : com.google.android.gms/.ads.identifier.service.AdvertisingIdServiceare :1
07-29 21:09:13.658  1844  1844 I vendor.qti.hardware.servicetrackeraidl-service: total connections for client : com.hellobrigit.Brigitare :4
07-29 21:09:13.658  1844  1844 I vendor.qti.hardware.servicetrackeraidl-service: bindService is called for service : com.google.android.gms/.chimera.PersistentDirectBootAwareApiService and for client com.hellobrigit.Brigit
07-29 21:09:13.658  1844  1844 I vendor.qti.hardware.servicetrackeraidl-service: total connections for service : com.google.android.gms/.chimera.PersistentDirectBootAwareApiServiceare :4
07-29 21:09:13.658  1844  1844 I vendor.qti.hardware.servicetrackeraidl-service: total connections for client : com.hellobrigit.Brigitare :5
07-29 21:09:13.660  7737  7737 W libc    : Access denied finding property "ro.vendor.df.effect.conflict"
07-29 21:09:13.661  7737 25299 I ContentCatcher: SettingTrigger : register screen QA status observer com.hellobrigit.MainActivity
07-29 21:09:13.657  7737  7737 W lobrigit.Brigit: type=1400 audit(0.0:15182): avc:  denied  { read } for  name="u:object_r:vendor_displayfeature_prop:s0" dev="tmpfs" ino=478 scontext=u:r:untrusted_app_30:s0:c114,c257,c512,c768 tcontext=u:object_r:vendor_displayfeature_prop:s0 tclass=file permissive=0 app=com.hellobrigit.Brigit
07-29 21:09:13.667  2463  4403 E HyperSentinel: -------------------------------------------------------
07-29 21:09:13.668  2463  4403 E HyperSentinel: Event_ThreadAmount
07-29 21:09:13.668  2463  4403 E HyperSentinel: -> audit event by proc 7737 "com.hellobrigit.Brigit": running threads amount, 45 -> 78
07-29 21:09:13.672  7737 25299 I ContentCatcher: SettingTrigger : register global collect status observer com.hellobrigit.MainActivity
07-29 21:09:13.673  7737  7737 W libc    : Access denied finding property "vendor.boostfwk.frameprefetcher"
07-29 21:09:13.673  2463  2463 I NotificationService: Cannot find enqueued record for key: 0|com.xiaomi.market|78438522|null|10167
07-29 21:09:13.674  2463  4435 W ActivityManager: Permission Denial: getCurrentUser() from pid=7737, uid=10370 requires android.permission.INTERACT_ACROSS_USERS
07-29 21:09:13.674  7737 25340 E FramePredict: registerContentObserver fail
07-29 21:09:13.681  7737  7737 I ViewRootImpl: com.hellobrigit.Brigit/com.hellobrigit.MainActivity use first frame acceleration
07-29 21:09:13.685  3118 24703 I VA_ActivityStateHelper: activityResumed componentName ComponentInfo{com.hellobrigit.Brigit/com.hellobrigit.MainActivity}
07-29 21:09:13.685  3118 24703 I VA_ActivityStateHelper: activityResumed mAiSkillPush is false
07-29 21:09:13.685  7989 28397 I ActivityObserverUtil: activityResumed ComponentInfo{com.hellobrigit.Brigit/com.hellobrigit.MainActivity}
07-29 21:09:13.685  7989 28397 I TopActivityMonitor: send TopActivityChangeEvent=TopActivityChangeEvent(prev=ComponentInfo{com.hellobrigit.Brigit/com.zoontek.rnbootsplash.RNBootSplashActivity}, current=ComponentInfo{com.hellobrigit.Brigit/com.hellobrigit.MainActivity},appChanged=false)
07-29 21:09:13.686  7989 28397 I travelService_ActivityObserverUtils: activityResumed ComponentInfo{com.hellobrigit.Brigit/com.hellobrigit.MainActivity}
07-29 21:09:13.687 12560 17903 I AIRC_CounterTrack: collect: signal-TopActivityPerception
07-29 21:09:13.687 12560 17903 I MMKV    : <MMKV.cpp:1170::sync> MMKV::sync, SyncFlag = 1
07-29 21:09:13.688  4497  4497 W RecentsImpl: updateStubViewVisibility, className=com.hellobrigit.MainActivity
07-29 21:09:13.689  4497  5295 W RecentsImpl: disableTouchBySwipeStatusBar    disable=false
07-29 21:09:13.689  4497  5295 W RecentsImpl: disableBackStubWindow    disableTouch=false
07-29 21:09:13.689  4497  5295 W GestureStubView_Left: adaptRotation   currentRotation=0   mRotation=0
07-29 21:09:13.689  4497  5295 W GestureStubView_Right: adaptRotation   currentRotation=0   mRotation=0
07-29 21:09:13.690  2463  5535 I MultiSenceManagerInternalStub: getInstance
07-29 21:09:13.691  7737 25327 E ReactNativeJNI: logMarker RUN_JS_BUNDLE_START
07-29 21:09:13.691  7737 25331 E unknown:ReactNative: ReactInstanceManager.attachRootViewToInstance()
07-29 21:09:13.694  7737  7737 W libc    : Access denied finding property "vendor.gpp.create_frc_extension"
07-29 21:09:13.694  2105  2236 W ServiceManagerCppClient: Permission failure: android.permission.ACCESS_SURFACE_FLINGER from uid=10370 pid=0
07-29 21:09:13.694  2105  2755 W ServiceManagerCppClient: Permission failure: android.permission.ACCESS_SURFACE_FLINGER from uid=10370 pid=7737
07-29 21:09:13.694  2105  2755 W ServiceManagerCppClient: Permission failure: android.permission.ROTATE_SURFACE_FLINGER from uid=10370 pid=7737
07-29 21:09:13.694  2105  2755 W ServiceManagerCppClient: Permission failure: android.permission.INTERNAL_SYSTEM_WINDOW from uid=10370 pid=7737
07-29 21:09:13.695  2105  2236 W ServiceManagerCppClient: Permission failure: android.permission.ROTATE_SURFACE_FLINGER from uid=10370 pid=0
07-29 21:09:13.697  7737 25331 W unknown:ViewManagerPropertyUpdater: Could not find generated setter for class com.facebook.react.views.art.ARTGroupViewManager
07-29 21:09:13.698  7737 25331 W unknown:ViewManagerPropertyUpdater: Could not find generated setter for class com.facebook.react.views.art.ARTGroupShadowNode
07-29 21:09:13.698  7737 25331 W unknown:ViewManagerPropertyUpdater: Could not find generated setter for class com.facebook.react.views.art.ARTShapeViewManager
07-29 21:09:13.698  7737 25331 W unknown:ViewManagerPropertyUpdater: Could not find generated setter for class com.facebook.react.views.art.ARTShapeShadowNode
07-29 21:09:13.698  7737 25331 W unknown:ViewManagerPropertyUpdater: Could not find generated setter for class com.facebook.react.views.art.ARTTextViewManager
07-29 21:09:13.699  7737 25331 W unknown:ViewManagerPropertyUpdater: Could not find generated setter for class com.facebook.react.views.art.ARTTextShadowNode
07-29 21:09:13.699  7737 25331 W unknown:ViewManagerPropertyUpdater: Could not find generated setter for class com.facebook.react.views.checkbox.ReactCheckBoxManager
07-29 21:09:13.699  7737 25331 W unknown:ViewManagerPropertyUpdater: Could not find generated setter for class com.facebook.react.uimanager.LayoutShadowNode
07-29 21:09:13.700  7737 25331 W unknown:ViewManagerPropertyUpdater: Could not find generated setter for class com.facebook.react.views.picker.ReactDialogPickerManager
07-29 21:09:13.700  7737 25296 I MiuiProcessManagerImpl: setSchedFifo pid:7737, mode:3
07-29 21:09:13.700  7737 25331 W unknown:ViewManagerPropertyUpdater: Could not find generated setter for class com.facebook.react.views.drawer.ReactDrawerLayoutManager
07-29 21:09:13.701  7737 25331 W unknown:ViewManagerPropertyUpdater: Could not find generated setter for class com.facebook.react.views.picker.ReactDropdownPickerManager
07-29 21:09:13.701  7737 25331 W unknown:ViewManagerPropertyUpdater: Could not find generated setter for class com.facebook.react.views.scroll.ReactHorizontalScrollViewManager
07-29 21:09:13.701  7737 25331 W unknown:ViewManagerPropertyUpdater: Could not find generated setter for class com.facebook.react.views.scroll.ReactHorizontalScrollContainerViewManager
07-29 21:09:13.702  7737 25331 W unknown:ViewManagerPropertyUpdater: Could not find generated setter for class com.facebook.react.views.progressbar.ReactProgressBarViewManager
07-29 21:09:13.702  7737 25331 W unknown:ViewManagerPropertyUpdater: Could not find generated setter for class com.facebook.react.views.progressbar.ProgressBarShadowNode
07-29 21:09:13.702  7737 25331 W unknown:ViewManagerPropertyUpdater: Could not find generated setter for class com.facebook.react.views.scroll.ReactScrollViewManager
07-29 21:09:13.703  7737 25331 W unknown:ViewManagerPropertyUpdater: Could not find generated setter for class com.facebook.react.views.slider.ReactSliderManager
07-29 21:09:13.703  7737 25331 W unknown:ViewManagerPropertyUpdater: Could not find generated setter for class com.facebook.react.views.slider.ReactSliderManager$ReactSliderShadowNode
07-29 21:09:13.703  7737 25331 W unknown:ViewManagerPropertyUpdater: Could not find generated setter for class com.facebook.react.views.switchview.ReactSwitchManager
07-29 21:09:13.704  7737 25331 W unknown:ViewManagerPropertyUpdater: Could not find generated setter for class com.facebook.react.views.switchview.ReactSwitchManager$ReactSwitchShadowNode
07-29 21:09:13.704  7737 25331 W unknown:ViewManagerPropertyUpdater: Could not find generated setter for class com.facebook.react.views.swiperefresh.SwipeRefreshLayoutManager
07-29 21:09:13.704  1022  1022 I hwservicemanager: getTransport: Cannot find entry android.hardware.graphics.allocator@4.0::IAllocator/default in either framework or device VINTF manifest.
07-29 21:09:13.704  7737 25331 W unknown:ViewManagerPropertyUpdater: Could not find generated setter for class com.facebook.react.views.art.ARTSurfaceViewManager
07-29 21:09:13.704  7737 25331 W unknown:ViewManagerPropertyUpdater: Could not find generated setter for class com.facebook.react.views.art.ARTSurfaceViewShadowNode
07-29 21:09:13.704  7737 25331 W unknown:ViewManagerPropertyUpdater: Could not find generated setter for class com.facebook.react.views.text.frescosupport.FrescoBasedReactTextInlineImageViewManager
07-29 21:09:13.704  7737 25331 W unknown:ViewManagerPropertyUpdater: Could not find generated setter for class com.facebook.react.views.text.frescosupport.FrescoBasedReactTextInlineImageShadowNode
07-29 21:09:13.705  7737 25331 W unknown:ViewManagerPropertyUpdater: Could not find generated setter for class com.facebook.react.views.image.ReactImageManager
07-29 21:09:13.705  7737 25331 W unknown:ViewManagerPropertyUpdater: Could not find generated setter for class com.facebook.react.views.modal.ReactModalHostManager
07-29 21:09:13.706  7737 25331 W unknown:ViewManagerPropertyUpdater: Could not find generated setter for class com.facebook.react.views.modal.ModalHostShadowNode
07-29 21:09:13.706  7737 25331 W unknown:ViewManagerPropertyUpdater: Could not find generated setter for class com.facebook.react.views.text.ReactRawTextManager
07-29 21:09:13.706  7737 25331 W unknown:ViewManagerPropertyUpdater: Could not find generated setter for class com.facebook.react.views.text.ReactRawTextShadowNode
07-29 21:09:13.707  7737 25331 W unknown:ViewManagerPropertyUpdater: Could not find generated setter for class com.facebook.react.views.textinput.ReactTextInputManager
07-29 21:09:13.707  7737 25331 W unknown:ViewManagerPropertyUpdater: Could not find generated setter for class com.facebook.react.views.textinput.ReactTextInputShadowNode
07-29 21:09:13.708  7737 25331 W unknown:ViewManagerPropertyUpdater: Could not find generated setter for class com.facebook.react.views.text.ReactTextViewManager
07-29 21:09:13.708  7737 25331 W unknown:ViewManagerPropertyUpdater: Could not find generated setter for class com.facebook.react.views.text.ReactTextShadowNode
07-29 21:09:13.708  7737 25331 W unknown:ViewManagerPropertyUpdater: Could not find generated setter for class com.facebook.react.views.view.ReactViewManager
07-29 21:09:13.708  7737 25331 W unknown:ViewManagerPropertyUpdater: Could not find generated setter for class com.facebook.react.views.viewpager.ReactViewPagerManager
07-29 21:09:13.709  7737 25331 W unknown:ViewManagerPropertyUpdater: Could not find generated setter for class com.facebook.react.views.text.ReactVirtualTextViewManager
07-29 21:09:13.709  7737 25331 W unknown:ViewManagerPropertyUpdater: Could not find generated setter for class com.facebook.react.views.text.ReactVirtualTextShadowNode
07-29 21:09:13.709  7737 25331 W unknown:ViewManagerPropertyUpdater: Could not find generated setter for class com.reactnativecommunity.art.ARTGroupViewManager
07-29 21:09:13.709  7737 25331 W unknown:ViewManagerPropertyUpdater: Could not find generated setter for class com.reactnativecommunity.art.ARTGroupShadowNode
07-29 21:09:13.709  7737 25331 W unknown:ViewManagerPropertyUpdater: Could not find generated setter for class com.reactnativecommunity.art.ARTShapeViewManager
07-29 21:09:13.709  7737 25331 W unknown:ViewManagerPropertyUpdater: Could not find generated setter for class com.reactnativecommunity.art.ARTShapeShadowNode
07-29 21:09:13.709  7737 25331 W unknown:ViewManagerPropertyUpdater: Could not find generated setter for class com.reactnativecommunity.art.ARTTextViewManager
07-29 21:09:13.709  7737 25331 W unknown:ViewManagerPropertyUpdater: Could not find generated setter for class com.reactnativecommunity.art.ARTTextShadowNode
07-29 21:09:13.709  7737 25331 W unknown:ViewManagerPropertyUpdater: Could not find generated setter for class com.reactnativecommunity.art.ARTSurfaceViewManager
07-29 21:09:13.709  7737 25331 W unknown:ViewManagerPropertyUpdater: Could not find generated setter for class com.reactnativecommunity.art.ARTSurfaceViewShadowNode
07-29 21:09:13.709  7737 25331 W unknown:ViewManagerPropertyUpdater: Could not find generated setter for class org.reactnative.maskedview.RNCMaskedViewManager
07-29 21:09:13.710  7737 25331 W unknown:ViewManagerPropertyUpdater: Could not find generated setter for class com.reactnativecommunity.picker.ReactDialogPickerManager
07-29 21:09:13.710  7737 25331 W unknown:ViewManagerPropertyUpdater: Could not find generated setter for class com.reactnativecommunity.picker.ReactDropdownPickerManager
07-29 21:09:13.710  7737 25331 W unknown:ViewManagerPropertyUpdater: Could not find generated setter for class com.airbnb.android.react.lottie.LottieAnimationViewManager
07-29 21:09:13.710  7737 25331 W unknown:ViewManagerPropertyUpdater: Could not find generated setter for class com.facebook.reactnative.androidsdk.FBLoginButtonManager
07-29 21:09:13.711  7737 25331 W unknown:ViewManagerPropertyUpdater: Could not find generated setter for class com.facebook.reactnative.androidsdk.FBSendButtonManager
07-29 21:09:13.711  7737 25331 W unknown:ViewManagerPropertyUpdater: Could not find generated setter for class com.facebook.reactnative.androidsdk.FBShareButtonManager
07-29 21:09:13.711  7737 25331 W unknown:ViewManagerPropertyUpdater: Could not find generated setter for class com.swmansion.gesturehandler.react.RNGestureHandlerRootViewManager
07-29 21:09:13.711  7737 25331 W unknown:ViewManagerPropertyUpdater: Could not find generated setter for class com.swmansion.gesturehandler.react.RNGestureHandlerButtonViewManager
07-29 21:09:13.712  7737 25331 W unknown:ViewManagerPropertyUpdater: Could not find generated setter for class com.reactnativepagerview.PagerViewViewManager
07-29 21:09:13.712  7737 25331 W unknown:ViewManagerPropertyUpdater: Could not find generated setter for class com.th3rdwave.safeareacontext.SafeAreaProviderManager
07-29 21:09:13.712  7737 25331 W unknown:ViewManagerPropertyUpdater: Could not find generated setter for class com.th3rdwave.safeareacontext.SafeAreaViewManager
07-29 21:09:13.713  7737 25331 W unknown:ViewManagerPropertyUpdater: Could not find generated setter for class com.th3rdwave.safeareacontext.SafeAreaViewShadowNode
07-29 21:09:13.713  7737 25331 W unknown:ViewManagerPropertyUpdater: Could not find generated setter for class com.swmansion.rnscreens.ScreenContainerViewManager
07-29 21:09:13.713  7737 25331 W unknown:ViewManagerPropertyUpdater: Could not find generated setter for class com.swmansion.rnscreens.ScreenViewManager
07-29 21:09:13.713  7737 25331 W unknown:ViewManagerPropertyUpdater: Could not find generated setter for class com.swmansion.rnscreens.ScreenStackViewManager
07-29 21:09:13.713  7737 25331 W unknown:ViewManagerPropertyUpdater: Could not find generated setter for class com.swmansion.rnscreens.ScreenStackHeaderConfigViewManager
07-29 21:09:13.714  7737 25331 W unknown:ViewManagerPropertyUpdater: Could not find generated setter for class com.swmansion.rnscreens.ScreenStackHeaderSubviewManager
07-29 21:09:13.714  7737 25331 W unknown:ViewManagerPropertyUpdater: Could not find generated setter for class com.swmansion.rnscreens.SearchBarManager
07-29 21:09:13.714  7737 25331 W unknown:ViewManagerPropertyUpdater: Could not find generated setter for class com.horcrux.svg.RenderableViewManager$GroupViewManager
07-29 21:09:13.715  7737 25331 W unknown:ViewManagerPropertyUpdater: Could not find generated setter for class com.horcrux.svg.RenderableViewManager$RenderableShadowNode
07-29 21:09:13.715  7737 25331 W unknown:ViewManagerPropertyUpdater: Could not find generated setter for class com.horcrux.svg.RenderableViewManager$PathViewManager
07-29 21:09:13.715  7737 25331 W unknown:ViewManagerPropertyUpdater: Could not find generated setter for class com.horcrux.svg.RenderableViewManager$CircleViewManager
07-29 21:09:13.715  7737 25331 W unknown:ViewManagerPropertyUpdater: Could not find generated setter for class com.horcrux.svg.RenderableViewManager$EllipseViewManager
07-29 21:09:13.716  7737 25331 W unknown:ViewManagerPropertyUpdater: Could not find generated setter for class com.horcrux.svg.RenderableViewManager$LineViewManager
07-29 21:09:13.716  7737 25331 W unknown:ViewManagerPropertyUpdater: Could not find generated setter for class com.horcrux.svg.RenderableViewManager$RectViewManager
07-29 21:09:13.716  7737 25331 W unknown:ViewManagerPropertyUpdater: Could not find generated setter for class com.horcrux.svg.RenderableViewManager$TextViewManager
07-29 21:09:13.716  7737 25331 W unknown:ViewManagerPropertyUpdater: Could not find generated setter for class com.horcrux.svg.RenderableViewManager$TSpanViewManager
07-29 21:09:13.717  7737 25331 W unknown:ViewManagerPropertyUpdater: Could not find generated setter for class com.horcrux.svg.RenderableViewManager$TextPathViewManager
07-29 21:09:13.717  7737 25331 W unknown:ViewManagerPropertyUpdater: Could not find generated setter for class com.horcrux.svg.RenderableViewManager$ImageViewManager
07-29 21:09:13.717  7737 25331 W unknown:ViewManagerPropertyUpdater: Could not find generated setter for class com.horcrux.svg.RenderableViewManager$ClipPathViewManager
07-29 21:09:13.717  8013  8058 I SCTaskStackListener: onTaskStackChanged! inSplit = false
07-29 21:09:13.717  7737 25331 W unknown:ViewManagerPropertyUpdater: Could not find generated setter for class com.horcrux.svg.RenderableViewManager$DefsViewManager
07-29 21:09:13.717  7737 25331 W unknown:ViewManagerPropertyUpdater: Could not find generated setter for class com.horcrux.svg.RenderableViewManager$UseViewManager
07-29 21:09:13.717  7737 25331 W unknown:ViewManagerPropertyUpdater: Could not find generated setter for class com.horcrux.svg.RenderableViewManager$SymbolManager
07-29 21:09:13.718  7737 25331 W unknown:ViewManagerPropertyUpdater: Could not find generated setter for class com.horcrux.svg.RenderableViewManager$LinearGradientManager
07-29 21:09:13.718  7737 25331 W unknown:ViewManagerPropertyUpdater: Could not find generated setter for class com.horcrux.svg.RenderableViewManager$RadialGradientManager
07-29 21:09:13.718  7737 25331 W unknown:ViewManagerPropertyUpdater: Could not find generated setter for class com.horcrux.svg.RenderableViewManager$PatternManager
07-29 21:09:13.719  7737 25331 W unknown:ViewManagerPropertyUpdater: Could not find generated setter for class com.horcrux.svg.RenderableViewManager$MaskManager
07-29 21:09:13.719  2463  4403 E HyperSentinel: -------------------------------------------------------
07-29 21:09:13.719  2463  4403 E HyperSentinel: Event_ResidentSize
07-29 21:09:13.719  2463  4403 E HyperSentinel: -> audit event by proc 7737 "com.hellobrigit.Brigit": RSS increasement, peak 196944kb -> 297032kb
07-29 21:09:13.719  7737 25331 W unknown:ViewManagerPropertyUpdater: Could not find generated setter for class com.horcrux.svg.RenderableViewManager$MarkerManager
07-29 21:09:13.719  2463  4402 E MiuiSentinelMemoryManager: getRSSinfo: com.hellobrigit.Brigit#7737
07-29 21:09:13.719  2463  4402 W MiuiSentinelMemoryManager: The current process type does not meet reporting requirements
07-29 21:09:13.719  7737 25331 W unknown:ViewManagerPropertyUpdater: Could not find generated setter for class com.horcrux.svg.SvgViewManager
07-29 21:09:13.719  8013 18500 I SCTaskStackListener: onTaskStackChanged! inSplit = false
07-29 21:09:13.719  7737 25331 W unknown:ViewManagerPropertyUpdater: Could not find generated setter for class com.reactnativecommunity.webview.RNCWebViewManager
07-29 21:09:13.720  7737 25331 W unknown:ViewManagerPropertyUpdater: Could not find generated setter for class com.wheelpicker.WheelPickerManager
07-29 21:09:13.726  4497  5505 W RecentsModel: getRunningTask   taskInfo=TaskInfo{userId=0 taskId=214 displayId=0 isRunning=true baseIntent=Intent { act=android.intent.action.MAIN cat=[android.intent.category.LAUNCHER] flg=0x10000000 cmp=com.hellobrigit.Brigit/com.zoontek.rnbootsplash.RNBootSplashActivity } baseActivity=ComponentInfo{com.hellobrigit.Brigit/com.hellobrigit.MainActivity} topActivity=ComponentInfo{com.hellobrigit.Brigit/com.hellobrigit.MainActivity} origActivity=null realActivity=ComponentInfo{com.hellobrigit.Brigit/com.zoontek.rnbootsplash.RNBootSplashActivity} numActivities=1 lastActiveTime=20392047 supportsSplitScreenMultiWindow=true supportsMultiWindow=true resizeMode=1 isResizeable=true minWidth=-1 minHeight=-1 defaultMinSize=200 token=WCT{android.window.IWindowContainerToken$Stub$Proxy@8984891} topActivityType=1 pictureInPictureParams=null shouldDockBigOverlays=false launchIntoPipHostTaskId=-1 lastParentTaskIdBeforePip=-1 displayCutoutSafeInsets=Rect(0, 116 - 0, 0) topActivityInfo=ActivityInfo{1943f6 com.hellobrigit.MainActivity} launchCookies=[] positionInParent=Point(0, 0) parentTaskId=-1 isFocused=true isVisible=true isVisibleRequested=true isSleeping=false locusId=null displayAreaFeatureId=1 isTopActivityTransparent=false appCompatTaskInfo=AppCompatTaskInfo { topActivityInSizeCompat=false topActivityInMiuiSizeCompat=false topActivityEligibleForLetterboxEducation= falseisLetterboxEducationEnabled= false isLetterboxDoubleTapEnabled= false topActivityEligibleForUserAspectRatioButton= false topActivityBoundsLetterboxed= false isFromLetterboxDoubleTap= false topActivityLetterboxVerticalPosition= -1 topActivityLetterboxHorizontalPosition= -1 topActivityLetterboxWidth=1200 topActivityLetterboxHeight=2670 isUserFullscreenOverrideEnabled=false isSystemFullscreenOverrideEnabled=false cameraCompatTaskInfo=CameraCompatTaskInfo { cameraCompatControlState=hidden freeformCameraCompatMode=inactive}} isImmersive=false mTopActivityRequestOrientation=1 mBehindAppLockPkg=null mOriginatingUid=0 isEmbedded=false shouldBeVisible=true isCreatedByOrganizer=false mIsCastMode=false mTopActivityMediaSize=null mTopActivityRecordName=ActivityRecord{d6ffd43 u0 com.hellobrigit.Brigit/com.hellobrigit.MainActivity t214} mTopActivityOrientation=1}
07-29 21:09:13.726  4497  5505 E ActivityManagerWrapper: get all recent tasks force including 214
07-29 21:09:13.726  7737 25331 E unknown:ReactRootView: runApplication: call AppRegistry.runApplication
07-29 21:09:13.721  7737  7737 W RenderThread: type=1400 audit(0.0:15183): avc:  denied  { getattr } for  path="/sys/module/metis/parameters/minor_window_app" dev="sysfs" ino=74657 scontext=u:r:untrusted_app_30:s0:c114,c257,c512,c768 tcontext=u:object_r:sysfs_migt:s0 tclass=file permissive=0 app=com.hellobrigit.Brigit
07-29 21:09:13.729  2463  5531 W ServiceManagerCppClient: Permission failure: android.permission.ACCESS_SURFACE_FLINGER from uid=10370 pid=0
07-29 21:09:13.729  2463  5531 W ServiceManagerCppClient: Permission failure: android.permission.ROTATE_SURFACE_FLINGER from uid=10370 pid=0
07-29 21:09:13.729  2463  5531 W ServiceManagerCppClient: Permission failure: android.permission.INTERNAL_SYSTEM_WINDOW from uid=10370 pid=0
07-29 21:09:13.729  4497  5505 E ActivityManagerWrapper: getRecentTasksForceIncludingTaskIdIfValid: getRecentTasks: size=3
07-29 21:09:13.729  4497  5505 E ActivityManagerWrapper:  mainTaskId=214   userId=0   windowMode=1   baseIntent=Intent { act=android.intent.action.MAIN flag=268435456 cmp=ComponentInfo{com.hellobrigit.Brigit/com.zoontek.rnbootsplash.RNBootSplashActivity} }
07-29 21:09:13.729  4497  5505 E ActivityManagerWrapper:  mainTaskId=177   userId=0   windowMode=1   baseIntent=Intent { act=android.intent.action.MAIN flag=270532608 cmp=ComponentInfo{com.getsurfboard/com.getsurfboard.ui.activity.MainActivity} }
07-29 21:09:13.729  4497  5505 E ActivityManagerWrapper:  mainTaskId=188   userId=0   windowMode=1   baseIntent=Intent { act=android.intent.action.MAIN flag=270532608 cmp=ComponentInfo{com.android.settings/com.android.settings.MainSettings} }
07-29 21:09:13.729  2463  2517 I WindowManager: onFirstWindowDrawn, try to remove startingWindow. this = ActivityRecord{d6ffd43 u0 com.hellobrigit.Brigit/com.hellobrigit.MainActivity t214} associatedTask = null isMainWindow = true mStartingWindow = Window{9dcd57f u0 Splash Screen com.hellobrigit.Brigit} mStartingData = SplashScreenStartingData{531813e waitForSyncTransactionCommit=false removeAfterTransaction= 0}
07-29 21:09:13.730  2463  2517 I ATMSImpl: No snapshot since not start by launcher, activity=com.hellobrigit.Brigit/com.hellobrigit.MainActivity
07-29 21:09:13.731  7748  9097 I MiuiPerfServiceClient: begin bootRecord
07-29 21:09:13.731  4979  5351 I Choreographer: first vsync insert message into MessageQueue Head
07-29 21:09:13.733  4979  5421 W qdgralloc: getInterlacedFlag: getMetaData returned 3, defaulting to interlaced_flag = 0
07-29 21:09:13.734  2463  5441 E WindowManager: setClientVisible ActivityRecord{43121b5 u0 com.miui.home/.launcher.Launcher t2} false
07-29 21:09:13.735  2463  5441 I Transition: finishTransition: updateLastSurfacePosition tf=Task{920de43 #214 type=standard A=10370:com.hellobrigit.Brigit}
07-29 21:09:13.736  2463  5441 E WindowManager: setClientVisible ActivityRecord{bacfea7 u0 com.hellobrigit.Brigit/com.zoontek.rnbootsplash.RNBootSplashActivity t214 f}} false
07-29 21:09:13.736  2105  2236 W VsyncModulator: setTransactionSchedule: Unexpected EarlyEnd
