07-29 21:09:02.036  4897 26809 I SecureElement-Terminal-SIM1: isSecureElementPresent()
07-29 21:09:02.037  4897 26809 I SecureElement-Terminal-SIM1: isNfcEventAllowed: No access rules for checking.
07-29 21:09:02.037  4897 26809 I SecureElement-Terminal-SIM2: isSecureElementPresent()
07-29 21:09:02.038  2463  4205 I MiuiNetworkPolicy: updateUidState uid = 10303, uidState = 6
07-29 21:09:02.038  2463  5528 I ClipboardServiceI: checkProviderWakePathForClipboard: primaryClip is null
07-29 21:09:02.039  3002  3081 E libsensor-parseRGB: CWB NotifyCWBBufferDone  error 0
07-29 21:09:02.039  2463  4205 I MiuiNetworkPolicy: updateUidState uid = 10169, uidState = 6
07-29 21:09:02.042 18854 18878 W ContentResolver: Failed to get type for: content://com.alibaba.aliexpress.android.search.nav.SearchSuggestionProvider/products (Unknown URL content://com.alibaba.aliexpress.android.search.nav.SearchSuggestionProvider/products)
07-29 21:09:02.042  2463 10061 W Bundle  : Failed to parse item error, returning null.
07-29 21:09:02.042  2463 10061 W Bundle  : android.os.BadTypeParcelableException: Parcelable creator android.os.ParcelableException is not a subclass of required class java.lang.String provided in the parameter
07-29 21:09:02.042  2463 10061 W Bundle  : 	at android.os.Parcel.readParcelableCreatorInternal(Parcel.java:5206)
07-29 21:09:02.042  2463 10061 W Bundle  : 	at android.os.Parcel.readParcelableInternal(Parcel.java:5080)
07-29 21:09:02.042  2463 10061 W Bundle  : 	at android.os.Parcel.readValue(Parcel.java:4840)
07-29 21:09:02.042  2463 10061 W Bundle  : 	at android.os.Parcel.readValue(Parcel.java:4609)
07-29 21:09:02.042  2463 10061 W Bundle  : 	at android.os.Parcel.-$$Nest$mreadValue(Unknown Source:0)
07-29 21:09:02.042  2463 10061 W Bundle  : 	at android.os.Parcel$LazyValue.apply(Parcel.java:4707)
07-29 21:09:02.042  2463 10061 W Bundle  : 	at android.os.Parcel$LazyValue.apply(Parcel.java:4666)
07-29 21:09:02.042  2463 10061 W Bundle  : 	at android.os.BaseBundle.unwrapLazyValueFromMapLocked(BaseBundle.java:416)
07-29 21:09:02.042  2463 10061 W Bundle  : 	at android.os.BaseBundle.getValueAt(BaseBundle.java:402)
07-29 21:09:02.042  2463 10061 W Bundle  : 	at android.os.BaseBundle.getPairValue(BaseBundle.java:282)
07-29 21:09:02.042  2463 10061 W Bundle  : 	at com.android.server.am.ContentProviderHelper.lambda$getMimeTypeFilterAsync$1(ContentProviderHelper.java:1212)
07-29 21:09:02.042  2463 10061 W Bundle  : 	at com.android.server.am.ContentProviderHelper.$r8$lambda$JV9jTPlBHAPZLxkKAqq24ds-FLE(Unknown Source:0)
07-29 21:09:02.042  2463 10061 W Bundle  : 	at com.android.server.am.ContentProviderHelper$$ExternalSyntheticLambda1.onResult(D8$$SyntheticClass:0)
07-29 21:09:02.042  2463 10061 W Bundle  : 	at android.os.RemoteCallback.sendResult(RemoteCallback.java:76)
07-29 21:09:02.042  2463 10061 W Bundle  : 	at android.os.RemoteCallback$1.sendResult(RemoteCallback.java:53)
07-29 21:09:02.042  2463 10061 W Bundle  : 	at android.os.IRemoteCallback$Stub.onTransact(IRemoteCallback.java:85)
07-29 21:09:02.042  2463 10061 W Bundle  : 	at android.os.Binder.execTransactInternal(Binder.java:1512)
07-29 21:09:02.042  2463 10061 W Bundle  : 	at android.os.Binder.execTransact(Binder.java:1451)
07-29 21:09:02.043  2463  4205 I MiuiNetworkPolicy: updateUidState uid = 10303, uidState = 19
07-29 21:09:02.043  2463  4205 I MiuiNetworkPolicy: updateUidState uid = 10169, uidState = 19
07-29 21:09:02.043  2463  5054 W ParceledListSlice: Element #273 is 21068 bytes.
07-29 21:09:02.043  2463  5442 W ParceledListSlice: Element #274 is 21048 bytes.
07-29 21:09:02.043  2463  5442 W ParceledListSlice: Element #275 is 21056 bytes.
07-29 21:09:02.044  2463  5442 W ParceledListSlice: Element #276 is 21036 bytes.
07-29 21:09:02.044  2463  5442 W ParceledListSlice: Element #277 is 21084 bytes.
07-29 21:09:02.044  2463  5442 W ParceledListSlice: Overly large reply size: 84248
07-29 21:09:02.044  2463 15445 W ParceledListSlice: Element #278 is 21084 bytes.
07-29 21:09:02.044  2463 15445 W ParceledListSlice: Element #279 is 21096 bytes.
07-29 21:09:02.044  2463 15445 W ParceledListSlice: Element #280 is 21084 bytes.
07-29 21:09:02.044  2463 15445 W ParceledListSlice: Element #281 is 21084 bytes.
07-29 21:09:02.044  2463 15445 W ParceledListSlice: Overly large reply size: 84372
07-29 21:09:02.044  2463  5054 W ParceledListSlice: Element #282 is 21104 bytes.
07-29 21:09:02.044  2463  5054 W ParceledListSlice: Element #283 is 21092 bytes.
07-29 21:09:02.044  2463  5054 W ParceledListSlice: Element #284 is 21080 bytes.
07-29 21:09:02.047  2463  5531 W ContentProviderHelper: No provider info for content provider  when providerRunning is false, caller is ProcessRecord{15056c5 18854:com.android.quicksearchbox:ApplicationsProvider/u0a136}
07-29 21:09:02.047 18854 18878 E ActivityThread: Failed to find provider info for 
07-29 21:09:02.047  2463 15445 W ContentProviderHelper: No provider info for content provider  when providerRunning is false, caller is null
07-29 21:09:02.050  2463  5531 W ContentProviderHelper: Permission Denial: opening provider com.alibaba.aliexpress.android.search.nav.SearchSuggestionProvider from ProcessRecord{15056c5 18854:com.android.quicksearchbox:ApplicationsProvider/u0a136} (pid=18854, uid=10136) that is not exported from UID 10303
07-29 21:09:02.052  2463  5531 I ClipboardServiceI: checkProviderWakePathForClipboard: primaryClip is null
07-29 21:09:02.053  2463  4205 I MiuiNetworkPolicy: updateUidState uid = 10303, uidState = 6
07-29 21:09:02.053  2463  4205 I MiuiNetworkPolicy: updateUidState uid = 10169, uidState = 6
07-29 21:09:02.055  2463 15445 W Bundle  : Failed to parse item error, returning null.
07-29 21:09:02.055  2463 15445 W Bundle  : android.os.BadTypeParcelableException: Parcelable creator android.os.ParcelableException is not a subclass of required class java.lang.String provided in the parameter
07-29 21:09:02.055  2463 15445 W Bundle  : 	at android.os.Parcel.readParcelableCreatorInternal(Parcel.java:5206)
07-29 21:09:02.055  2463 15445 W Bundle  : 	at android.os.Parcel.readParcelableInternal(Parcel.java:5080)
07-29 21:09:02.055  2463 15445 W Bundle  : 	at android.os.Parcel.readValue(Parcel.java:4840)
07-29 21:09:02.055  2463 15445 W Bundle  : 	at android.os.Parcel.readValue(Parcel.java:4609)
07-29 21:09:02.055  2463 15445 W Bundle  : 	at android.os.Parcel.-$$Nest$mreadValue(Unknown Source:0)
07-29 21:09:02.055  2463 15445 W Bundle  : 	at android.os.Parcel$LazyValue.apply(Parcel.java:4707)
07-29 21:09:02.055  2463 15445 W Bundle  : 	at android.os.Parcel$LazyValue.apply(Parcel.java:4666)
07-29 21:09:02.055  2463 15445 W Bundle  : 	at android.os.BaseBundle.unwrapLazyValueFromMapLocked(BaseBundle.java:416)
07-29 21:09:02.055  2463 15445 W Bundle  : 	at android.os.BaseBundle.getValueAt(BaseBundle.java:402)
07-29 21:09:02.055  2463 15445 W Bundle  : 	at android.os.BaseBundle.getPairValue(BaseBundle.java:282)
07-29 21:09:02.055  2463 15445 W Bundle  : 	at com.android.server.am.ContentProviderHelper.lambda$getMimeTypeFilterAsync$1(ContentProviderHelper.java:1212)
07-29 21:09:02.055  2463 15445 W Bundle  : 	at com.android.server.am.ContentProviderHelper.$r8$lambda$JV9jTPlBHAPZLxkKAqq24ds-FLE(Unknown Source:0)
07-29 21:09:02.055  2463 15445 W Bundle  : 	at com.android.server.am.ContentProviderHelper$$ExternalSyntheticLambda1.onResult(D8$$SyntheticClass:0)
07-29 21:09:02.055  2463 15445 W Bundle  : 	at android.os.RemoteCallback.sendResult(RemoteCallback.java:76)
07-29 21:09:02.055  2463 15445 W Bundle  : 	at android.os.RemoteCallback$1.sendResult(RemoteCallback.java:53)
07-29 21:09:02.055  2463 15445 W Bundle  : 	at android.os.IRemoteCallback$Stub.onTransact(IRemoteCallback.java:85)
07-29 21:09:02.055  2463 15445 W Bundle  : 	at android.os.Binder.execTransactInternal(Binder.java:1512)
07-29 21:09:02.055  2463 15445 W Bundle  : 	at android.os.Binder.execTransact(Binder.java:1451)
07-29 21:09:02.055 18854 18878 W ContentResolver: Failed to get type for: content://com.alibaba.aliexpress.android.search.nav.SearchSuggestionProvider/products (Unknown URL content://com.alibaba.aliexpress.android.search.nav.SearchSuggestionProvider/products)
07-29 21:09:02.055  2463  4205 I MiuiNetworkPolicy: updateUidState uid = 10303, uidState = 19
07-29 21:09:02.055  2463  4205 I MiuiNetworkPolicy: updateUidState uid = 10169, uidState = 19
07-29 21:09:02.055  7989  8665 I RuntimePermissionManager: isRuntimeRequestSupport: true
07-29 21:09:02.055  7989  8665 I InstalledPackagesMemoryCache: getInstallPermissionGranted=true
07-29 21:09:02.095  1827  2108 I SDM     : DisplayBase::CommitThread: Received idle timeout, panel: cmd, timeout: 70000 us
07-29 21:09:02.117  2463  2526 W EnhancedConfirmationService: The packageName should not be null.
07-29 21:09:02.118  2463  2526 W MagnificationConnectionManager: requestConnection duplicated request: connect=false, mConnectionState=DISCONNECTED
07-29 21:09:02.123  1827  1827 I SDM     : HWCDisplay::SetActiveConfigWithConstraints: display:66-0, config: 1, WxH 1200x2670, fps 120
07-29 21:09:02.123  1827  1827 W SDM     : HWDeviceDRM::GetSupportedBitClkRate: Requested rate not supported: 1150000000
07-29 21:09:02.123  1827  1827 I SDM     : HWDeviceDRM::UpdateMixerAttributes: Mixer WxH 1200x2670-1 for Peripheral
07-29 21:09:02.124  1827  1827 I SDM     : HWCDisplay::SubmitDisplayConfig: Active configuration changed from config 3 to 1
07-29 21:09:02.124  1827  1827 I SDM     : HWCDisplay::SubmitDisplayConfig: Active WxH 1200x2670 ,ddic_mode:idle, timing_fps: 120, sf_fps: 120
07-29 21:09:02.203  1827  2108 I SDM     : DisplayBase::CommitThread: Received idle timeout, panel: cmd, timeout: 69999 us
07-29 21:09:02.203 13666 17476 W surfboard: (0x00000C0E) [] on_tcp_read local connection reset by peer
07-29 21:09:02.215  1839  7244 E ANDR-PERF-LM: SAGT_ACTION: UpdateFPSData() 138: update /sys/kernel/sched_penalty/parameters/fps to 90, ret is 0
07-29 21:09:02.283  1827  2752 I vendor.qti.hardware.display.composer-service: Sensor: notify citsensorservice to trigger cwb, misForced = 1
07-29 21:09:02.283  3002  4297 I libsensor-parseRGB: request dump start for mRequestDisplayId 0
07-29 21:09:02.306  3002  3080 E libsensor-parseRGB: CWB NotifyCWBBufferDone  error 0
07-29 21:09:02.334  2463  5065 I ActivityManager: Broadcasting: Intent { act=android.intent.action.MEDIA_SCANNER_SCAN_FILE dat=file:///... flg=0x400000 }
07-29 21:09:02.336  2463  5065 I ActivityManager: Enqueued broadcast Intent { act=android.intent.action.MEDIA_SCANNER_SCAN_FILE dat=file:///... flg=0x400000 }: 0
07-29 21:09:02.336  2463  2530 I SmartPower: com.miui.gallery/10271(13242): idle->background(3013ms) R(broadcast start Intent { act=android.intent.action.MEDIA_SCANNER_SCAN_FILE dat=file:///... flg=0x1400010 }) adj=905.
07-29 21:09:02.338 13242 13242 W MiuiGallery2_BaseMediaScannerReceiver: [main] - Broadcast received, action: [android.intent.action.MEDIA_SCANNER_SCAN_FILE], data uri: [file:///sdcard/screen_2025-07-29_210901.png], CTA not allowed
07-29 21:09:02.338  2463  4205 I MiuiNetworkPolicy: updateUidState uid = 10271, uidState = 11
07-29 21:09:02.340  2463  4205 I MiuiNetworkPolicy: updateUidState uid = 10271, uidState = 19
07-29 21:09:02.341  7633  7633 I MediaProvider: receive action = android.intent.action.MEDIA_SCANNER_SCAN_FILE schemeSpecificPart = ///sdcard/screen_2025-07-29_210901.png
07-29 21:09:02.341  2463  5065 W JobInfo : Job 'com.android.providers.media.module/com.android.providers.media.MediaService#-300' has a deadline with no functional constraints. The deadline won't improve job execution latency. Consider removing the deadline.
07-29 21:09:02.345  2463  4404 I whetstone.activity: processNotifyEvent1 resId = 256, bundle = Bundle[{startTime=20380664, sourcePkg=com.android.providers.media.module, sourceUid=10249, status=1, jobId=-300, batteryName=com.android.providers.media.module/com.android.providers.media.MediaService, elapsedRealtime=20380664}]
07-29 21:09:02.345  9339  9399 I EventMonitor: notifyEvent resId=256
07-29 21:09:02.346  1844  1844 I vendor.qti.hardware.servicetrackeraidl-service: bindService is called for service : com.android.providers.media.module/com.android.providers.media.MediaService and for client system
07-29 21:09:02.347  1844  1844 I vendor.qti.hardware.servicetrackeraidl-service: total connections for service : com.android.providers.media.module/com.android.providers.media.MediaServiceare :1
07-29 21:09:02.347  1844  1844 I vendor.qti.hardware.servicetrackeraidl-service: total connections for client : systemare :32
07-29 21:09:02.348  7633  8793 I MediaProvider: Begin Intent { act=android.intent.action.MEDIA_SCANNER_SCAN_FILE dat=file:///... flg=0x1400010 cmp=com.android.providers.media.module/com.android.providers.media.MediaService }
07-29 21:09:02.350  2463  2506 I ActivityManager: Broadcast completed: result=0
07-29 21:09:02.358  7633  8793 I MediaProvider: End Intent { act=android.intent.action.MEDIA_SCANNER_SCAN_FILE dat=file:///... flg=0x1400010 cmp=com.android.providers.media.module/com.android.providers.media.MediaService }
07-29 21:09:02.358  2463  4404 I whetstone.activity: processNotifyEvent1 resId = 256, bundle = Bundle[{startTime=20380678, sourcePkg=com.android.providers.media.module, sourceUid=10249, status=0, jobId=-300, batteryName=com.android.providers.media.module/com.android.providers.media.MediaService, elapsedRealtime=20380678}]
07-29 21:09:02.359  1844  1844 I vendor.qti.hardware.servicetrackeraidl-service: unbindService is called for service : com.android.providers.media.module/com.android.providers.media.MediaService and for client system
07-29 21:09:02.359  1844  1844 I vendor.qti.hardware.servicetrackeraidl-service: size of service connections for service: com.android.providers.media.module/com.android.providers.media.MediaServiceafter removal is 0
07-29 21:09:02.359  1844  1844 I vendor.qti.hardware.servicetrackeraidl-service: size of client connections for client: systemafter removal is 31
07-29 21:09:02.359  1844  1844 I vendor.qti.hardware.servicetrackeraidl-service: destroyService is called for service : com.android.providers.media.module/com.android.providers.media.MediaService
07-29 21:09:02.360  9339  9399 I EventMonitor: notifyEvent resId=256
07-29 21:09:02.362  1827  2108 I SDM     : DisplayBase::CommitThread: Received idle timeout, panel: cmd, timeout: 70000 us
07-29 21:09:02.443  3117  3117 I adbd    : in ShellService: ps
07-29 21:09:02.514  2463  2530 I SmartPower: android.process.acore/10083(6721): idle->background(3192ms) R(broadcast start Intent { act=android.intent.action.PACKAGE_CHANGED dat=package: flg=0x45000010 (has extras) }) adj=905.
07-29 21:09:02.516  2463  2530 I SmartPower: com.mfashiongallery.emag/10262(8261): idle->background(3194ms) R(broadcast start Intent { act=android.intent.action.PACKAGE_CHANGED dat=package: flg=0x45000010 (has extras) }) adj=905.
07-29 21:09:02.516  7989  7989 I PackageInstallReceiver: action = android.intent.action.PACKAGE_CHANGED packageName = com.miui.cleanmaster
07-29 21:09:02.516  7989  7989 W InstalledPackagesMemoryCache: Unknown action: android.intent.action.PACKAGE_CHANGED
07-29 21:09:02.516  7989  7989 I ServiceDeliveryCapability: onAppChanged:com.miui.cleanmaster action:android.intent.action.PACKAGE_CHANGED
07-29 21:09:02.517  7989  7989 I AppWidgetDelegate: updateAppWidgets for com.miui.cleanmaster
07-29 21:09:02.517  7989  7989 I WidgetController: WidgetController.updateOrRemoveStackWhenPackageChanged: packageName com.miui.cleanmaster
07-29 21:09:02.517  7989  7989 I WidgetBackgroundBlurManager: onAppChanged appPackageName : com.miui.cleanmaster
07-29 21:09:02.517  7989  8777 I AppWidgetDelegate: removeAllWidgets com.xiaomi.misettings.usagestats.widget.desktop.widget.SimpleUsageStatsWidget
07-29 21:09:02.517  7989  8777 I AppWidgetDelegate: removeAllWidgets com.android.calendar.widget.NearEventAppWidget
07-29 21:09:02.518  2463  2530 I SmartPower: com.google.android.documentsui/10100(21132): idle->background(3196ms) R(broadcast start Intent { act=android.intent.action.PACKAGE_CHANGED dat=package: flg=0x45000010 (has extras) }) adj=905.
07-29 21:09:02.519  2463  2530 I SmartPower: com.milink.service:audio/10178(19382): idle->background(3194ms) R(broadcast start Intent { act=android.intent.action.PACKAGE_CHANGED dat=package: flg=0x45000010 (has extras) }) adj=200.
07-29 21:09:02.590  3117  3117 I adbd    : in ShellService: rm /sdcard/screen_2025-07-29_210901.png
07-29 21:09:02.607 13666 17476 W surfboard: (0x00000BF3) [] on_tcp_read local connection reset by peer
07-29 21:09:02.617  1839  7244 E ANDR-PERF-LM: SAGT_ACTION: UpdateFPSData() 138: update /sys/kernel/sched_penalty/parameters/fps to 90, ret is 0
07-29 21:09:02.622  7633 30847 I MediaProvider: Deleted paths_hashcode::1389444597/:1389444597/1442737350901.png items on external_primary due to com.android.shell tid=24971
07-29 21:09:02.766 13666 17476 W surfboard: (0x00000BF6) [] on_tcp_read local connection reset by peer
07-29 21:09:02.776  3117  3117 I adbd    : in ShellService: dumpsys display
07-29 21:09:02.895  2463  5177 I NetworkAccelerateSwitchService: EVENT_RSSI_POLL. mRssiPoll=true
07-29 21:09:02.895  2463  5177 I NetworkAccelerateSwitchService: getAverageWifiRssi:63
07-29 21:09:02.898  2463  4205 I MiuiNetworkPolicy: updateUidState uid = 10092, uidState = 15
07-29 21:09:02.933  3117  3117 I adbd    : in ShellService: wm size
07-29 21:09:03.019  1839  7244 E ANDR-PERF-LM: SAGT_ACTION: UpdateFPSData() 138: update /sys/kernel/sched_penalty/parameters/fps to 90, ret is 0
07-29 21:09:03.038  3117  3117 I adbd    : in ShellService: dumpsys input
07-29 21:09:03.117  3117  3117 I adbd    : in ShellService: getprop ro.sf.lcd_density
07-29 21:09:03.204  3117  3117 I adbd    : in ShellService: am force-stop com.hellobrigit.Brigit
07-29 21:09:03.258  2463  5535 I ActivityManager: Force stopping com.hellobrigit.Brigit appid=10370 user=0: from process:24988
07-29 21:09:03.263  2463  5535 E ClipboardServiceI: removeActivePermissionOwnerForPackage: mPrimaryClipPackage is null or get is null
07-29 21:09:03.264  2463  4205 I MiuiNetworkPolicy: updateUidState uid = 10278, uidState = 19
07-29 21:09:03.265  2463  5535 I AppsFilter: interaction: PackageSetting{cb01cf0 com.android.microdroid.empty_payload/10236} -> PackageSetting{16da269 com.hellobrigit.Brigit/10370} BLOCKED
07-29 21:09:03.265  2463  5535 I AppsFilter: interaction: PackageSetting{96054ee io.appium.uiautomator2.server.test/10280} -> PackageSetting{16da269 com.hellobrigit.Brigit/10370} BLOCKED
07-29 21:09:03.265  2463  5535 I AppsFilter: interaction: PackageSetting{5f8dd8f io.github.ylimit.droidbotapp/10369} -> PackageSetting{16da269 com.hellobrigit.Brigit/10370} BLOCKED
07-29 21:09:03.265  2463  5535 I AppsFilter: interaction: PackageSetting{a12181c com.rongcard.eid/10151} -> PackageSetting{16da269 com.hellobrigit.Brigit/10370} BLOCKED
07-29 21:09:03.265  2463  5535 I AppsFilter: interaction: PackageSetting{eb4fc25 io.appium.settings/10274} -> PackageSetting{16da269 com.hellobrigit.Brigit/10370} BLOCKED
07-29 21:09:03.277  2463  5065 W ParceledListSlice: Element #8 is 20788 bytes.
07-29 21:09:03.277  2463  5065 W ParceledListSlice: Element #9 is 20768 bytes.
07-29 21:09:03.280  7773  7773 E RegisteredServicesCache: Skipping application component ComponentInfo{com.UCMobile/com.alibaba.ariver.commonability.device.jsapi.nfc.service.TinyAppHostApduService}: it must request the permission android.permission.NFC
07-29 21:09:03.280  7773  7773 E RegisteredServicesCache: Skipping application component ComponentInfo{com.UCMobile/com.alipay.mobile.aompdevice.nfc.service.TinyAppHostApduService}: it must request the permission android.permission.NFC
07-29 21:09:03.280  7773  7773 E RegisteredServicesCache: Skipping application component ComponentInfo{com.autonavi.minimap/com.alibaba.ariver.commonability.device.jsapi.nfc.service.TinyAppHostApduService}: it must request the permission android.permission.NFC
07-29 21:09:03.280  7773  7773 E RegisteredServicesCache: Skipping application component ComponentInfo{com.autonavi.minimap/com.alipay.mobile.aompdevice.nfc.service.TinyAppHostApduService}: it must request the permission android.permission.NFC
07-29 21:09:03.282  7773  7773 I RegisteredServicesCache: current user: 0, is managed profile : false
07-29 21:09:03.284  7773  7773 I RegisteredAidCache: updateRoutingLocked(false): Enter
07-29 21:09:03.284  7773  7773 I AidRoutingManager: configureRouting(false): Enter
07-29 21:09:03.284  7773  7773 E AidRoutingManager: Size of routing table970
07-29 21:09:03.284  7773  7773 I RegisteredAidCache: updateRoutingLocked(false): exit
07-29 21:09:03.285  7773  7773 I libnfc_nci: [INFO:NativeT4tNfcee.cpp(870)] nfcManager_isFwSupportNonStdT4TAid Enter isFwSupport = 1
07-29 21:09:03.285  7773  7773 I libnfc_nci: [INFO:SecureElement.cpp(1487)] SecureElement::getEseHandleFromGenericId: enter; ESE-ID = 0x7F
07-29 21:09:03.285  7773  7773 I libnfc_nci: [INFO:SecureElement.cpp(1528)] SecureElement::getEseHandleFromGenericId: enter; ESE-Handle = 0x410
07-29 21:09:03.286  7773  7773 I libnfc_nci: [INFO:SecureElement.cpp(1487)] SecureElement::getEseHandleFromGenericId: enter; ESE-ID = 0x00
07-29 21:09:03.286  7773  7773 I libnfc_nci: [INFO:SecureElement.cpp(1528)] SecureElement::getEseHandleFromGenericId: enter; ESE-Handle = 0x400
07-29 21:09:03.286  4897 26809 I SecureElement-Terminal-eSE1: isSecureElementPresent()
07-29 21:09:03.287  1746  1746 I android.hardware.secure_element-service.qti: isCardPresent
07-29 21:09:03.287  1746  1746 I android.hardware.secure_element-service.qti: isCardPresent exit, cardPresent: 1
07-29 21:09:03.288  4897 26809 I SecureElement-Terminal-SIM1: isSecureElementPresent()
07-29 21:09:03.288  4897 26809 I SecureElement-Terminal-SIM1: isNfcEventAllowed: No access rules for checking.
07-29 21:09:03.289  4897 26809 I SecureElement-Terminal-SIM2: isSecureElementPresent()
07-29 21:09:03.309  3117  3117 I adbd    : in ShellService: input keyevent HOME
07-29 21:09:03.367  2463  5065 W MIUIInput: Input event injection from package: null action ACTION_DOWN keycode 3
07-29 21:09:03.367  2463  5065 W MiuiInputKeyEventLog: keyCode:3 down:true eventTime:20381686 downTime:20381686 policyFlags:2b000000 flags:0 metaState:0 deviceId:-1 isScreenOn:true keyguardActive:false repeatCount:0
07-29 21:09:03.370  2105  2105 E DisplayModeController: setDesiredMode : Idle status skip setActiveMode, isDdicIdleMode: 1
07-29 21:09:03.370  2463  5065 W MIUIInput: Input event injection from package: null action ACTION_UP keycode 3
07-29 21:09:03.370  2463  5065 W MiuiInputKeyEventLog: keyCode:3 down:false eventTime:20381690 downTime:20381686 policyFlags:2b000000 flags:0 metaState:0 deviceId:-1 isScreenOn:true keyguardActive:false repeatCount:0
07-29 21:09:03.371  2463  2528 W ActivityManagerServiceImpl: Sending non-protected broadcast com.miui.fullscreen_state_change from system 2463:system/1000 pkg android. Callers=com.android.server.am.ActivityManagerService.checkBroadcastFromSystem:16255 com.android.server.am.ActivityManagerService.broadcastIntentLockedTraced:17126 com.android.server.am.ActivityManagerService.broadcastIntentLocked:16315 com.android.server.am.ActivityManagerService.broadcastIntentWithFeature:17337 android.app.ContextImpl.sendBroadcastAsUser:1495 
07-29 21:09:03.372  2463  4068 E MiuiInputKeyEventLog: before go to home
07-29 21:09:03.373  1827  1827 I SDM     : HWCDisplay::SetActiveConfigWithConstraints: display:66-0, config: 3, WxH 1200x2670, fps 120
07-29 21:09:03.374  1827  1827 W SDM     : HWDeviceDRM::GetSupportedBitClkRate: Requested rate not supported: 1150000000
07-29 21:09:03.374  1827  1827 I SDM     : HWDeviceDRM::UpdateMixerAttributes: Mixer WxH 1200x2670-1 for Peripheral
07-29 21:09:03.374  1827  1827 I SDM     : HWCDisplay::SubmitDisplayConfig: Active configuration changed from config 1 to 3
07-29 21:09:03.375  1827  1827 I SDM     : HWCDisplay::SubmitDisplayConfig: Active WxH 1200x2670 ,ddic_mode:auto, timing_fps: 120, sf_fps: 120
07-29 21:09:03.378  2463  2528 W ActivityManagerServiceImpl: Sending non-protected broadcast com.miui.launch_home_from_hotkey from system 2463:system/1000 pkg android. Callers=com.android.server.am.ActivityManagerService.checkBroadcastFromSystem:16255 com.android.server.am.ActivityManagerService.broadcastIntentLockedTraced:17126 com.android.server.am.ActivityManagerService.broadcastIntentLocked:16315 com.android.server.am.ActivityManagerService.broadcastIntentWithFeature:17337 android.app.ContextImpl.sendBroadcastAsUser:1536 
07-29 21:09:03.379  4979  4979 I VolumeShowHideAnimator: isRunning: false, mExpanded: false
07-29 21:09:03.379  4979  4979 I VolumeExpandCollapsedAnimator: isRunning: false, mExpanded: false
07-29 21:09:03.379  8013  8013 I VideoToolBoxService: onReceive: android.intent.action.CLOSE_SYSTEM_DIALOGS
07-29 21:09:03.379  4979  4979 I VolumePanelViewController_true: dismissH mShowing:false, reason:volume_controller, isAnimating: false, needShowDialog=true, KeyAnimatingStream=-1
07-29 21:09:03.379  4979  4979 I VolumeShowHideAnimator: isRunning: false, mExpanded: false
07-29 21:09:03.379  4979  4979 I VolumeExpandCollapsedAnimator: isRunning: false, mExpanded: false
07-29 21:09:03.379  4979  4979 I VolumePanelViewController_false: dismissH mShowing:false, reason:volume_controller, isAnimating: false, needShowDialog=false, KeyAnimatingStream=-1
07-29 21:09:03.379  4979  4979 I ControlCenterExpandController: hide panel true true
07-29 21:09:03.379  8013  8013 I GameBoosterService: onReceive: android.intent.action.CLOSE_SYSTEM_DIALOGS
07-29 21:09:03.380  1827  2752 I vendor.qti.hardware.display.composer-service: Sensor: notify citsensorservice to trigger cwb, misForced = 0
07-29 21:09:03.380  3002  4297 I libsensor-parseRGB: request dump start for mRequestDisplayId 0
07-29 21:09:03.387  2463  4068 W ActivityTaskManager: callingPackage for (uid=-1, pid=0) has no WPC
07-29 21:09:03.389  2463  4068 W OptProp : Cannot read opt property android.window.PROPERTY_COMPAT_ALLOW_ORIENTATION_OVERRIDE
07-29 21:09:03.390  2463  4068 E ActivityTaskManager: Unable to get servicetracker HAL instance
07-29 21:09:03.390  2463  4068 E ActivityTaskManager: Unable to get servicetracker HAL instance
07-29 21:09:03.390  2463  4068 E WindowManager: setClientVisible ActivityRecord{5af4e17 u0 com.miui.home/.launcher.Launcher true
07-29 21:09:03.390  2463  4068 W OptProp : Cannot read opt property android.window.PROPERTY_COMPAT_ALLOW_RESIZEABLE_ACTIVITY_OVERRIDES
07-29 21:09:03.391  2463  4068 W OptProp : Cannot read opt property android.window.PROPERTY_COMPAT_ALLOW_MIN_ASPECT_RATIO_OVERRIDE
07-29 21:09:03.392  2463  4068 I AnimInterruptController: FIS notify Foresee interrupt start:290
07-29 21:09:03.393  2463  4068 I ActivityTaskManager: isKeyguardEditor: false, newTransition: TransitionRecord{64af3ed id=291 type=OPEN flags=0x0}
07-29 21:09:03.396  2105  2236 W HWComposer: Ignoring duplicate VSYNC event from HWC for display 4630947082089526659 (t=20381715480000)
07-29 21:09:03.397  2463  4068 I AnimInterruptController: FIS reset Foresee interrupt status
07-29 21:09:03.398  2463  4068 I ActivityTaskManager: START u0 {act=android.intent.action.MAIN cat=[android.intent.category.HOME] flg=0x10000100 cmp=com.miui.home/.launcher.Launcher (has extras)} with LAUNCH_SINGLE_TASK from uid 0 from pid 0 callingPackage null callers: com.android.server.wm.RootWindowContainer.lambda$startHomeOnDisplay$11:1607 com.android.server.wm.RootWindowContainer.$r8$lambda$DFaa7QLApF8rlf4uiy_4K0Hxf2Y:0 com.android.server.wm.RootWindowContainer$$ExternalSyntheticLambda50.apply:0 com.android.server.wm.TaskDisplayArea.reduceOnAllTaskDisplayAreas:526  (BAL_ALLOW_ALLOWLISTED_UID) result code=3
07-29 21:09:03.400  7989  7989 I LauncherOverlayCallback: handleMessage WHAT_ACTIVITY_STATE_CHANGED what1
07-29 21:09:03.400  7989  7989 I LauncherOverlayCallback: handleMessage WHAT_LAUNCHER_STATE what1
07-29 21:09:03.400  7989  7989 I AssistantOverlayWindow: lockToHideOverlay
07-29 21:09:03.401  2463  5065 I NotificationService: cancelToast pkg=com.miui.home token=android.os.BinderProxy@37b2851
07-29 21:09:03.401  2463  5065 W NotificationService: Toast already cancelled. pkg=com.miui.home token=android.os.BinderProxy@37b2851
07-29 21:09:03.401  4497  4497 I Launcher: onNewIntent
07-29 21:09:03.401  4497  4497 I ConnectAnimFinishCallbackManager: mNeedShowLauncher = true, waitFrameworkAnimCallback = false
07-29 21:09:03.402  4497  4497 E RotationHelper: setCurrentStateRequest: request=0
07-29 21:09:03.402  4497  4497 I ScreenView_Workspace: isAllowScrollAnimStart: false
07-29 21:09:03.405  4497  4497 W Settings: Setting device_provisioned has moved from android.provider.Settings.Secure to android.provider.Settings.Global.
07-29 21:09:03.406  8013  8013 I VideoToolBoxService: onReceive: android.intent.action.CLOSE_SYSTEM_DIALOGS
07-29 21:09:03.406  8013  8013 I GameBoosterService: onReceive: android.intent.action.CLOSE_SYSTEM_DIALOGS
07-29 21:09:03.406  4497  4497 E Launcher.application: setClickAppWaitForCallback = false
07-29 21:09:03.407  4497  4497 I Launcher: changeMIUIWidgetEditMode false
07-29 21:09:03.408  4979  4979 I ControlCenterExpandController: hide panel true true
07-29 21:09:03.409  4497  5159 E MarketCustomizeReflectHelper: call method getCurrentValidCustomizeIconList failed
07-29 21:09:03.409  4497  5159 E MarketCustomizeReflectHelper: java.lang.ClassNotFoundException: miui.content.res.MarketIconCustomizer
07-29 21:09:03.409  4497  5159 E MarketCustomizeReflectHelper: 	at java.lang.Class.classForName(Native Method)
07-29 21:09:03.409  4497  5159 E MarketCustomizeReflectHelper: 	at java.lang.Class.forName(Class.java:607)
07-29 21:09:03.409  4497  5159 E MarketCustomizeReflectHelper: 	at java.lang.Class.forName(Class.java:512)
07-29 21:09:03.409  4497  5159 E MarketCustomizeReflectHelper: 	at com.miui.home.launcher.operationicon.MarketCustomizeReflectHelper.getCurrentValidCustomizeIconIDs(MarketCustomizeReflectHelper.kt:22)
07-29 21:09:03.409  4497  5159 E MarketCustomizeReflectHelper: 	at com.miui.home.launcher.operationicon.MarketCustomizeIconManager.refreshCustomizeIcon(MarketCustomizeIconManager.kt:82)
07-29 21:09:03.409  4497  5159 E MarketCustomizeReflectHelper: 	at com.miui.home.launcher.operationicon.MarketCustomizeIconManager.onLauncherResume$lambda-2(MarketCustomizeIconManager.kt:50)
07-29 21:09:03.409  4497  5159 E MarketCustomizeReflectHelper: 	at com.miui.home.launcher.operationicon.MarketCustomizeIconManager.$r8$lambda$okGGNcpWViq7KK594p5NCFKNLA4(Unknown Source:0)
07-29 21:09:03.409  4497  5159 E MarketCustomizeReflectHelper: 	at com.miui.home.launcher.operationicon.MarketCustomizeIconManager$$ExternalSyntheticLambda0.run(Unknown Source:0)
07-29 21:09:03.409  4497  5159 E MarketCustomizeReflectHelper: 	at java.util.concurrent.Executors$RunnableAdapter.call(Executors.java:487)
07-29 21:09:03.409  4497  5159 E MarketCustomizeReflectHelper: 	at java.util.concurrent.FutureTask.run(FutureTask.java:264)
07-29 21:09:03.409  4497  5159 E MarketCustomizeReflectHelper: 	at java.util.concurrent.ThreadPoolExecutor.runWorker(ThreadPoolExecutor.java:1251)
07-29 21:09:03.409  4497  5159 E MarketCustomizeReflectHelper: 	at java.util.concurrent.ThreadPoolExecutor$Worker.run(ThreadPoolExecutor.java:668)
07-29 21:09:03.409  4497  5159 E MarketCustomizeReflectHelper: 	at java.lang.Thread.run(Thread.java:1012)
07-29 21:09:03.409  4497  5159 E MarketCustomizeReflectHelper: Caused by: java.lang.ClassNotFoundException: miui.content.res.MarketIconCustomizer
07-29 21:09:03.409  4497  5159 E MarketCustomizeReflectHelper: 	... 13 more
07-29 21:09:03.409  4979  4979 I VolumeShowHideAnimator: isRunning: false, mExpanded: false
07-29 21:09:03.409  4979  4979 I VolumeExpandCollapsedAnimator: isRunning: false, mExpanded: false
07-29 21:09:03.409  4979  4979 I VolumePanelViewController_true: dismissH mShowing:false, reason:volume_controller, isAnimating: false, needShowDialog=true, KeyAnimatingStream=-1
07-29 21:09:03.409  4979  4979 I VolumeShowHideAnimator: isRunning: false, mExpanded: false
07-29 21:09:03.409  4979  4979 I VolumeExpandCollapsedAnimator: isRunning: false, mExpanded: false
07-29 21:09:03.409  4979  4979 I VolumePanelViewController_false: dismissH mShowing:false, reason:volume_controller, isAnimating: false, needShowDialog=false, KeyAnimatingStream=-1
07-29 21:09:03.409  7989  7989 I LauncherOverlayCallback: handleMessage WHAT_ACTIVITY_STATE_CHANGED what3
07-29 21:09:03.409  7989  7989 I LauncherOverlayCallback: handleMessage WHAT_LAUNCHER_STATE what3
07-29 21:09:03.410  4497  4497 I Launcher.widget: onInvisible 
07-29 21:09:03.410  3002  3081 E libsensor-parseRGB: CWB NotifyCWBBufferDone  error 0
07-29 21:09:03.410  4497  4497 I Launcher.widget: onInvisible 
07-29 21:09:03.440  2463  4205 I MiuiNetworkPolicy: bandwidth: 23 KB/s, Max bandwidth: 1589 KB/s
07-29 21:09:03.524  2463  5442 W ContentProviderHelper: No provider info for content provider  when providerRunning is false, caller is ProcessRecord{15056c5 18854:com.android.quicksearchbox:ApplicationsProvider/u0a136}
07-29 21:09:03.524 18854 18878 E ActivityThread: Failed to find provider info for 
07-29 21:09:03.525  2463  5442 W ContentProviderHelper: No provider info for content provider  when providerRunning is false, caller is null
07-29 21:09:03.528  2463  5065 I ClipboardServiceI: checkProviderWakePathForClipboard: primaryClip is null
07-29 21:09:03.529  2463  5065 I SmartPower: com.miui.notes/10275(13074): idle->background(3167ms) R(content provider start ContentProviderRecord{c0729a2 u0 com.miui.notes/.provider.NotesProvider}) adj=905.
07-29 21:09:03.533  2463  5442 W ContentProviderHelper: Permission Denial: opening provider com.alibaba.aliexpress.android.search.nav.SearchSuggestionProvider from ProcessRecord{15056c5 18854:com.android.quicksearchbox:ApplicationsProvider/u0a136} (pid=18854, uid=10136) that is not exported from UID 10303
07-29 21:09:03.539  2463  5442 I ClipboardServiceI: checkProviderWakePathForClipboard: primaryClip is null
07-29 21:09:03.540  2463  5442 I SmartPower: com.alibaba.aliexpresshd/10303(5685): idle->background(3176ms) R(content provider start ContentProviderRecord{716322c u0 com.alibaba.aliexpresshd/com.alibaba.aliexpress.android.search.nav.SearchSuggestionProvider}) adj=0.
07-29 21:09:03.541  2463  4205 I MiuiNetworkPolicy: updateUidState uid = 10303, uidState = 6
07-29 21:09:03.541  2463  4205 I MiuiNetworkPolicy: updateUidState uid = 10169, uidState = 6
07-29 21:09:03.546  2463  5442 W Bundle  : Failed to parse item error, returning null.
07-29 21:09:03.546  2463  5442 W Bundle  : android.os.BadTypeParcelableException: Parcelable creator android.os.ParcelableException is not a subclass of required class java.lang.String provided in the parameter
07-29 21:09:03.546  2463  5442 W Bundle  : 	at android.os.Parcel.readParcelableCreatorInternal(Parcel.java:5206)
07-29 21:09:03.546  2463  5442 W Bundle  : 	at android.os.Parcel.readParcelableInternal(Parcel.java:5080)
07-29 21:09:03.546  2463  5442 W Bundle  : 	at android.os.Parcel.readValue(Parcel.java:4840)
07-29 21:09:03.546  2463  5442 W Bundle  : 	at android.os.Parcel.readValue(Parcel.java:4609)
07-29 21:09:03.546  2463  5442 W Bundle  : 	at android.os.Parcel.-$$Nest$mreadValue(Unknown Source:0)
07-29 21:09:03.546  2463  5442 W Bundle  : 	at android.os.Parcel$LazyValue.apply(Parcel.java:4707)
07-29 21:09:03.546  2463  5442 W Bundle  : 	at android.os.Parcel$LazyValue.apply(Parcel.java:4666)
07-29 21:09:03.546  2463  5442 W Bundle  : 	at android.os.BaseBundle.unwrapLazyValueFromMapLocked(BaseBundle.java:416)
07-29 21:09:03.546  2463  5442 W Bundle  : 	at android.os.BaseBundle.getValueAt(BaseBundle.java:402)
07-29 21:09:03.546  2463  5442 W Bundle  : 	at android.os.BaseBundle.getPairValue(BaseBundle.java:282)
07-29 21:09:03.546  2463  5442 W Bundle  : 	at com.android.server.am.ContentProviderHelper.lambda$getMimeTypeFilterAsync$1(ContentProviderHelper.java:1212)
07-29 21:09:03.546  2463  5442 W Bundle  : 	at com.android.server.am.ContentProviderHelper.$r8$lambda$JV9jTPlBHAPZLxkKAqq24ds-FLE(Unknown Source:0)
07-29 21:09:03.546  2463  5442 W Bundle  : 	at com.android.server.am.ContentProviderHelper$$ExternalSyntheticLambda1.onResult(D8$$SyntheticClass:0)
07-29 21:09:03.546  2463  5442 W Bundle  : 	at android.os.RemoteCallback.sendResult(RemoteCallback.java:76)
07-29 21:09:03.546  2463  5442 W Bundle  : 	at android.os.RemoteCallback$1.sendResult(RemoteCallback.java:53)
07-29 21:09:03.546  2463  5442 W Bundle  : 	at android.os.IRemoteCallback$Stub.onTransact(IRemoteCallback.java:85)
07-29 21:09:03.546  2463  5442 W Bundle  : 	at android.os.Binder.execTransactInternal(Binder.java:1512)
07-29 21:09:03.546  2463  5442 W Bundle  : 	at android.os.Binder.execTransact(Binder.java:1451)
07-29 21:09:03.547  2463  4205 I MiuiNetworkPolicy: updateUidState uid = 10303, uidState = 19
07-29 21:09:03.547  2463  4205 I MiuiNetworkPolicy: updateUidState uid = 10169, uidState = 19
07-29 21:09:03.547 18854 18878 W ContentResolver: Failed to get type for: content://com.alibaba.aliexpress.android.search.nav.SearchSuggestionProvider/products (Unknown URL content://com.alibaba.aliexpress.android.search.nav.SearchSuggestionProvider/products)
07-29 21:09:03.577  1827  2752 I vendor.qti.hardware.display.composer-service: Sensor: notify citsensorservice to trigger cwb, misForced = 0
07-29 21:09:03.578  3002  4297 I libsensor-parseRGB: request dump start for mRequestDisplayId 0
07-29 21:09:03.601  3002  3080 E libsensor-parseRGB: CWB NotifyCWBBufferDone  error 0
07-29 21:09:03.608  4497  5224 E Launcher.Transfer: transfer is closed
07-29 21:09:03.609  3117  3117 I adbd    : in ShellService: ps
07-29 21:09:03.773  4553  4553 I MiuiWallpaper-MiuiWallpaperManagerService: receive broadcast action = android.intent.action.PACKAGE_RESTARTED
07-29 21:09:03.779  1827  2752 I vendor.qti.hardware.display.composer-service: Sensor: notify citsensorservice to trigger cwb, misForced = 0
07-29 21:09:03.780  3002  4297 I libsensor-parseRGB: request dump start for mRequestDisplayId 0
07-29 21:09:03.801  3002  3081 E libsensor-parseRGB: CWB NotifyCWBBufferDone  error 0
07-29 21:09:03.823  1839  7244 E ANDR-PERF-LM: SAGT_ACTION: UpdateFPSData() 138: update /sys/kernel/sched_penalty/parameters/fps to 0, ret is 0
07-29 21:09:03.905  2463  2530 I SmartPower: com.miui.voiceassist:core/10193(7664): idle->background(4582ms) R(broadcast start Intent { act=android.intent.action.CLOSE_SYSTEM_DIALOGS flg=0x50000010 (has extras) }) adj=100.
07-29 21:09:03.907  7664  7664 I VA_AliveCore:MixMonitor: onReceive: action=android.intent.action.CLOSE_SYSTEM_DIALOGS
07-29 21:09:03.908  9900 24705 I Market-HomeKeyReceiver: onReceive: action: android.intent.action.CLOSE_SYSTEM_DIALOGS
07-29 21:09:03.908  9900 24705 I Market-HomeKeyReceiver: reason: homekey
07-29 21:09:03.909  7664  7664 I VA_AliveCore:MixMonitor: onReceive: reason=homekey
07-29 21:09:03.909  7664  7664 I VA_AliveCore:MixMonitor: onReceive: action=com.miui.fullscreen_state_change
07-29 21:09:03.909  7664  7664 I VA_AliveCore:MixMonitor: onReceive: action=com.miui.fullscreen_state_change;stateName=toHome
07-29 21:09:03.910  4916  6274 E PhoneAdapter: get ntnphones failed, exception: java.lang.IllegalStateException: Default phones haven't been made yet!
07-29 21:09:03.912  2463  5109 I NetworkBoostStatusManager: handle: 102
07-29 21:09:03.916  2463  5109 I NetworkBoostStatusManager: interfaceOnCapabilitiesChanged interface name:wlan0
07-29 21:09:03.916  8724  8724 I NetBusNetworkMonitor: onCapabilitiesChanged isPrimary = true
07-29 21:09:03.921  8724  8724 I NetBusNetworkMonitor: gateway=192.*.*.1
07-29 21:09:03.925  8724  8724 I NetBusNetworkMonitor: addConnectNetworkInterface mediumType:256, detail:NetworkDetailInfo{mIsConnected=false, mIsSupportTdls=true, mNetworkType=0, mIpAddress=192.*.*.11, mIfName=wlan0, mGateway=192.*.*.1, mNetmask=255.*.*.0, mSsid=C**01}
07-29 21:09:03.925  8724  8724 I NetBusNetworkMonitor: onCapabilitiesChanged handle=441492361229, mediumType=256, ifName=wlan0
07-29 21:09:03.929  4497  4497 I Launcher.widget: onVisible 
07-29 21:09:03.929  4497  4497 I Launcher.widget: onVisible 
07-29 21:09:03.931  2463  5442 I SecurityManagerService: update appwidget of uid: 10278 package: com.miui.weather2 visible: true reason: visible
07-29 21:09:03.933  2463  5054 I ClipboardServiceI: checkProviderWakePathForClipboard: primaryClip is null
07-29 21:09:03.933  2463  5054 I SmartPower: com.miui.weather2/10278(5795): idle->background(26421ms) R(content provider start ContentProviderRecord{9f05c96 u0 com.miui.weather2/.providers.WeatherProvider}) adj=0.
07-29 21:09:03.933  2463  4205 I MiuiNetworkPolicy: updateUidState uid = 10278, uidState = 3
07-29 21:09:03.934  2463  5535 I ClipboardServiceI: checkProviderWakePathForClipboard: primaryClip is null
07-29 21:09:03.935  2463  4205 I MiuiNetworkPolicyTrafficLimit: updateWhiteListUidForMobileTraffic uid=10278,add=true
07-29 21:09:03.936  5795  7486 I Wth2:WeatherProvider: getFirstSelectedCity() ret count= 1
07-29 21:09:03.936  5795  7486 E Wth2:WeatherProvider: getFirstSelectedCity() error 
07-29 21:09:03.936  5795  7486 E Wth2:WeatherProvider: java.lang.NumberFormatException: For input string: "33.862_119.318"
07-29 21:09:03.936  5795  7486 E Wth2:WeatherProvider: 	at java.lang.Integer.parseInt(Integer.java:790)
07-29 21:09:03.936  5795  7486 E Wth2:WeatherProvider: 	at java.lang.Integer.parseInt(Integer.java:908)
07-29 21:09:03.936  5795  7486 E Wth2:WeatherProvider: 	at com.miui.weather2.providers.WeatherProvider.g(SourceFile:9)
07-29 21:09:03.936  5795  7486 E Wth2:WeatherProvider: 	at com.miui.weather2.providers.WeatherProvider.e(SourceFile:5)
07-29 21:09:03.936  5795  7486 E Wth2:WeatherProvider: 	at com.miui.weather2.providers.WeatherProvider.query(SourceFile:21)
07-29 21:09:03.936  5795  7486 E Wth2:WeatherProvider: 	at android.content.ContentProvider.query(ContentProvider.java:1633)
07-29 21:09:03.936  5795  7486 E Wth2:WeatherProvider: 	at android.content.ContentProvider.query(ContentProvider.java:1729)
07-29 21:09:03.936  5795  7486 E Wth2:WeatherProvider: 	at android.content.ContentProvider$Transport.query(ContentProvider.java:301)
07-29 21:09:03.936  5795  7486 E Wth2:WeatherProvider: 	at android.content.ContentProviderNative.onTransact(ContentProviderNative.java:110)
07-29 21:09:03.936  5795  7486 E Wth2:WeatherProvider: 	at android.os.Binder.execTransactInternal(Binder.java:1507)
07-29 21:09:03.936  5795  7486 E Wth2:WeatherProvider: 	at android.os.Binder.execTransact(Binder.java:1451)
07-29 21:09:03.936  5795 14673 I Wth2:WeatherProvider: getFirstSelectedCity() ret count= 1
07-29 21:09:03.937  5795 14673 E Wth2:WeatherProvider: getFirstSelectedCity() error 
07-29 21:09:03.937  5795 14673 E Wth2:WeatherProvider: java.lang.NumberFormatException: For input string: "33.862_119.318"
07-29 21:09:03.937  5795 14673 E Wth2:WeatherProvider: 	at java.lang.Integer.parseInt(Integer.java:790)
07-29 21:09:03.937  5795 14673 E Wth2:WeatherProvider: 	at java.lang.Integer.parseInt(Integer.java:908)
07-29 21:09:03.937  5795 14673 E Wth2:WeatherProvider: 	at com.miui.weather2.providers.WeatherProvider.g(SourceFile:9)
07-29 21:09:03.937  5795 14673 E Wth2:WeatherProvider: 	at com.miui.weather2.providers.WeatherProvider.h(SourceFile:5)
07-29 21:09:03.937  5795 14673 E Wth2:WeatherProvider: 	at com.miui.weather2.providers.WeatherProvider.query(SourceFile:23)
07-29 21:09:03.937  5795 14673 E Wth2:WeatherProvider: 	at android.content.ContentProvider.query(ContentProvider.java:1633)
07-29 21:09:03.937  5795 14673 E Wth2:WeatherProvider: 	at android.content.ContentProvider.query(ContentProvider.java:1729)
07-29 21:09:03.937  5795 14673 E Wth2:WeatherProvider: 	at android.content.ContentProvider$Transport.query(ContentProvider.java:301)
07-29 21:09:03.937  5795 14673 E Wth2:WeatherProvider: 	at android.content.ContentProviderNative.onTransact(ContentProviderNative.java:110)
07-29 21:09:03.937  5795 14673 E Wth2:WeatherProvider: 	at android.os.Binder.execTransactInternal(Binder.java:1507)
07-29 21:09:03.937  5795 14673 E Wth2:WeatherProvider: 	at android.os.Binder.execTransact(Binder.java:1451)
07-29 21:09:03.937  5795 14673 I Wth2:WeatherProvider: getHourlyData checkCityAt=true tmpCursor.count  4
07-29 21:09:03.938  5795 14673 I Wth2:WeatherProvider: optimiseHourlyData sunrise : 18660000  sunset : 68760000
07-29 21:09:03.999  2463  4412 I SmartPower: com.miui.cleanmaster/10266(21077): background->idle(3005ms) R(broadcast start Intent { act=android.intent.action.PACKAGE_ADDED dat=package: flg=0x4000010 (has extras) }) adj=905.
07-29 21:09:04.019 24626 24645 I mit.droidbotapp: This is sticky GC, maxfree is 16777216 minfree is 8388608
07-29 21:09:04.047  1827  2108 I SDM     : DisplayBase::CommitThread: Received idle timeout, panel: cmd, timeout: 70000 us
07-29 21:09:04.084  1827  1827 I SDM     : HWCDisplay::SetActiveConfigWithConstraints: display:66-0, config: 1, WxH 1200x2670, fps 120
07-29 21:09:04.084  1827  1827 W SDM     : HWDeviceDRM::GetSupportedBitClkRate: Requested rate not supported: 1150000000
07-29 21:09:04.084  1827  1827 I SDM     : HWDeviceDRM::UpdateMixerAttributes: Mixer WxH 1200x2670-1 for Peripheral
07-29 21:09:04.085  1827  1827 I SDM     : HWCDisplay::SubmitDisplayConfig: Active configuration changed from config 3 to 1
07-29 21:09:04.085  1827  1827 I SDM     : HWCDisplay::SubmitDisplayConfig: Active WxH 1200x2670 ,ddic_mode:idle, timing_fps: 120, sf_fps: 120
07-29 21:09:04.086  1827  2752 I vendor.qti.hardware.display.composer-service: Sensor: notify citsensorservice to trigger cwb, misForced = 0
07-29 21:09:04.086  3002  4297 I libsensor-parseRGB: request dump start for mRequestDisplayId 0
07-29 21:09:04.108  3002  6353 E libsensor-parseRGB: CWB NotifyCWBBufferDone  error 0
07-29 21:09:04.137  2463  4403 E HyperSentinel: -------------------------------------------------------
07-29 21:09:04.137  2463  4403 E HyperSentinel: Event_OpenFileFDSize
07-29 21:09:04.138  2463  4403 E HyperSentinel: -> audit event by proc 2105 "/system/bin/surfaceflinger": Fd increasement, peak, 875 -> 765
07-29 21:09:04.144  1844  1844 I vendor.qti.hardware.servicetrackeraidl-service: bindService is called for service : com.android.providers.media.module/androidx.work.impl.background.systemjob.SystemJobService and for client system
07-29 21:09:04.145  1844  1844 I vendor.qti.hardware.servicetrackeraidl-service: total connections for service : com.android.providers.media.module/androidx.work.impl.background.systemjob.SystemJobServiceare :1
07-29 21:09:04.145  1844  1844 I vendor.qti.hardware.servicetrackeraidl-service: total connections for client : systemare :32
07-29 21:09:04.145  7633 23691 I PSyncWorker: Starting proactive picker sync from sync source: 1
07-29 21:09:04.147  2463  4404 I whetstone.activity: processNotifyEvent1 resId = 256, bundle = Bundle[{startTime=20382466, sourcePkg=com.android.providers.media.module, sourceUid=10249, status=1, jobId=886, batteryName=@androidx.work.systemjobscheduler@com.android.providers.media.module/androidx.work.impl.background.systemjob.SystemJobService, elapsedRealtime=20382466}]
07-29 21:09:04.147  7633 23691 I PickerSyncController: Executing SyncAdd. isLocal: true. authority: com.android.providers.media.photopicker
07-29 21:09:04.149 24626 24665 I mit.droidbotapp: ProcessProfilingInfo new_methods=12 is saved saved_to_disk=1 resolve_classes_delay=8000
07-29 21:09:04.150  7633 23691 I PickerSyncController: Paged sync successful. QueryArgs: Bundle[{android.provider.extra.SYNC_GENERATION=9339, android.provider.extra.PAGE_SIZE=1000}] Total Rows: 0
07-29 21:09:04.149  9339 32575 I EventMonitor: notifyEvent resId=256
07-29 21:09:04.150  7633 23691 I PickerSyncController: Executing SyncRemove. isLocal: true. authority: com.android.providers.media.photopicker
07-29 21:09:04.151  7633 23691 E PickerDbFacade: Could not get first date taken millis for media id: 1000000905
07-29 21:09:04.151  7633 23691 W PickerDbFacade: Unable to promote cloud media with localId: 1000000905
07-29 21:09:04.152  7633 23691 I PickerSyncController: Paged sync successful. QueryArgs: Bundle[{android.provider.extra.SYNC_GENERATION=9339, android.provider.extra.PAGE_SIZE=1000}] Total Rows: 0
07-29 21:09:04.152  7633 23691 I PickerSyncTracker: Marked sync future complete for work id: a6f2b4c3-75ae-45ee-8c31-9780eb6df588. Future map: {}
07-29 21:09:04.152  7633 23691 I PSyncWorker: Completed picker proactive sync complete from local provider.
07-29 21:09:04.153  7633  7743 I WM-WorkerWrapper: Worker result SUCCESS for Work [ id=a6f2b4c3-75ae-45ee-8c31-9780eb6df588, tags={ com.android.providers.media.photopicker.sync.ProactiveSyncWorker } ]
07-29 21:09:04.155  2463  4404 I whetstone.activity: processNotifyEvent1 resId = 256, bundle = Bundle[{startTime=20382474, sourcePkg=com.android.providers.media.module, sourceUid=10249, status=0, jobId=886, batteryName=@androidx.work.systemjobscheduler@com.android.providers.media.module/androidx.work.impl.background.systemjob.SystemJobService, elapsedRealtime=20382474}]
07-29 21:09:04.155  9339 32575 I EventMonitor: notifyEvent resId=256
07-29 21:09:04.155  1844  1844 I vendor.qti.hardware.servicetrackeraidl-service: unbindService is called for service : com.android.providers.media.module/androidx.work.impl.background.systemjob.SystemJobService and for client system
