07-29 21:09:13.736  4497  5505 W RecentsModel: getRunningTask   taskInfo=TaskInfo{userId=0 taskId=214 displayId=0 isRunning=true baseIntent=Intent { act=android.intent.action.MAIN cat=[android.intent.category.LAUNCHER] flg=0x10000000 cmp=com.hellobrigit.Brigit/com.zoontek.rnbootsplash.RNBootSplashActivity } baseActivity=ComponentInfo{com.hellobrigit.Brigit/com.hellobrigit.MainActivity} topActivity=ComponentInfo{com.hellobrigit.Brigit/com.hellobrigit.MainActivity} origActivity=null realActivity=ComponentInfo{com.hellobrigit.Brigit/com.zoontek.rnbootsplash.RNBootSplashActivity} numActivities=1 lastActiveTime=20392057 supportsSplitScreenMultiWindow=true supportsMultiWindow=true resizeMode=1 isResizeable=true minWidth=-1 minHeight=-1 defaultMinSize=200 token=WCT{android.window.IWindowContainerToken$Stub$Proxy@c8da982} topActivityType=1 pictureInPictureParams=null shouldDockBigOverlays=false launchIntoPipHostTaskId=-1 lastParentTaskIdBeforePip=-1 displayCutoutSafeInsets=Rect(0, 116 - 0, 0) topActivityInfo=ActivityInfo{e82f893 com.hellobrigit.MainActivity} launchCookies=[] positionInParent=Point(0, 0) parentTaskId=-1 isFocused=true isVisible=true isVisibleRequested=true isSleeping=false locusId=null displayAreaFeatureId=1 isTopActivityTransparent=false appCompatTaskInfo=AppCompatTaskInfo { topActivityInSizeCompat=false topActivityInMiuiSizeCompat=false topActivityEligibleForLetterboxEducation= falseisLetterboxEducationEnabled= false isLetterboxDoubleTapEnabled= false topActivityEligibleForUserAspectRatioButton= false topActivityBoundsLetterboxed= false isFromLetterboxDoubleTap= false topActivityLetterboxVerticalPosition= -1 topActivityLetterboxHorizontalPosition= -1 topActivityLetterboxWidth=1200 topActivityLetterboxHeight=2670 isUserFullscreenOverrideEnabled=false isSystemFullscreenOverrideEnabled=false cameraCompatTaskInfo=CameraCompatTaskInfo { cameraCompatControlState=hidden freeformCameraCompatMode=inactive}} isImmersive=false mTopActivityRequestOrientation=1 mBehindAppLockPkg=null mOriginatingUid=0 isEmbedded=false shouldBeVisible=true isCreatedByOrganizer=false mIsCastMode=false mTopActivityMediaSize=null mTopActivityRecordName=ActivityRecord{d6ffd43 u0 com.hellobrigit.Brigit/com.hellobrigit.MainActivity t214} mTopActivityOrientation=1}
07-29 21:09:13.737  2463  2517 E WindowManager: setClientVisible WallpaperWindowToken{386492d token=android.os.Binder@c98d157} false
07-29 21:09:13.737  2463  2517 I WindowManager: wms.showSurfaceRobustly mWin:Window{7399f2f u0 com.hellobrigit.Brigit/com.hellobrigit.MainActivity}
07-29 21:09:13.738  2105  2236 I BpBinder: onLastStrongRef automatically unlinking death recipients: 
07-29 21:09:13.738  4979  5212 I RemoteTransitionHandlerStubImpl: invokeAndRemoveWctCB transition is null, curWctCB: null
07-29 21:09:13.738  4497  5505 E ActivityManagerWrapper: get all recent tasks force including 214
07-29 21:09:13.739  4979  5212 I MultiTaskingTaskRepository: needSkip: is home task
07-29 21:09:13.739  1827  1827 I MiClstc : DropLayers erase layer 1020
07-29 21:09:13.739  1827  1827 I MiClstc : DropLayers erase layer 1021
07-29 21:09:13.739  1827  1827 I MiClstc : DropLayers erase layer 1023
07-29 21:09:13.739  1827  1827 I MiClstc : DropLayers erase layer 1026
07-29 21:09:13.741  2463  5442 I SmartPower: com.android.quicksearchbox/10136(18694): visible->invisible(104476ms) R(become invisible) adj=920.
07-29 21:09:13.741  2463  5442 I SmartPower: com.android.quicksearchbox:ApplicationsProvider/10136(18854): invisible->background(104476ms) R(become background) adj=905.
07-29 21:09:13.741  2463  5442 I SmartPower: com.android.quicksearchbox/10136(18694): invisible->background(0ms) R(become background) adj=920.
07-29 21:09:13.742  2463  5441 W UserManagerService: Requested status bar icon for non-badged user 0
07-29 21:09:13.742  4979  5421 W qdgralloc: getInterlacedFlag: getMetaData returned 3, defaulting to interlaced_flag = 0
07-29 21:09:13.742  2463  5441 W UserManagerService: Requested status bar icon for non-badged user 0
07-29 21:09:13.743  2463  5535 E WindowManager: setClientVisible WallpaperWindowToken{386492d token=android.os.Binder@c98d157} false
07-29 21:09:13.744  2105  5771 I BpBinder: onLastStrongRef automatically unlinking death recipients: 
07-29 21:09:13.745  4497  5505 E ActivityManagerWrapper: getRecentTasksForceIncludingTaskIdIfValid: getRecentTasks: size=3
07-29 21:09:13.745  4497  5505 E ActivityManagerWrapper:  mainTaskId=214   userId=0   windowMode=1   baseIntent=Intent { act=android.intent.action.MAIN flag=268435456 cmp=ComponentInfo{com.hellobrigit.Brigit/com.zoontek.rnbootsplash.RNBootSplashActivity} }
07-29 21:09:13.745  4497  5505 E ActivityManagerWrapper:  mainTaskId=177   userId=0   windowMode=1   baseIntent=Intent { act=android.intent.action.MAIN flag=270532608 cmp=ComponentInfo{com.getsurfboard/com.getsurfboard.ui.activity.MainActivity} }
07-29 21:09:13.745  4497  5505 E ActivityManagerWrapper:  mainTaskId=188   userId=0   windowMode=1   baseIntent=Intent { act=android.intent.action.MAIN flag=270532608 cmp=ComponentInfo{com.android.settings/com.android.settings.MainSettings} }
07-29 21:09:13.745  2463  2517 E WindowManager: setClientVisible WallpaperWindowToken{386492d token=android.os.Binder@c98d157} false
07-29 21:09:13.745  7737  7737 I Choreographer: first vsync insert message into MessageQueue Head
07-29 21:09:13.746  2463  5541 I SmartPower: com.miui.personalassistant/10135(7989): visible->invisible(104469ms) R(become invisible) adj=0.
07-29 21:09:13.746  2463  5541 I SmartPower: com.miui.personalassistant/10135(7989): invisible->background(0ms) R(become background) adj=0.
07-29 21:09:13.746  1827  1827 I MiClstc : DropLayers erase layer 1025
07-29 21:09:13.747  2463  2506 I ActivityTaskManager: Displayed com.hellobrigit.Brigit/com.hellobrigit.MainActivity for user 0: +323ms
07-29 21:09:13.747  4553  4553 I MiuiWallpaper-ImageWallpaper: onVisibilityChanged, visible = false, ret=true
07-29 21:09:13.748  4497  5335 E com.miui.home: [passBlur-4497] detachFromView: abandoned SurfaceTexture
07-29 21:09:13.749  2105  5771 I BpBinder: onLastStrongRef automatically unlinking death recipients: 
07-29 21:09:13.749  1844  1844 I vendor.qti.hardware.servicetrackeraidl-service: bindService is called for service : com.google.android.gms/.ads.identifier.service.AdvertisingIdService and for client com.hellobrigit.Brigit
07-29 21:09:13.749  1844  1844 I vendor.qti.hardware.servicetrackeraidl-service: total connections for service : com.google.android.gms/.ads.identifier.service.AdvertisingIdServiceare :1
07-29 21:09:13.749  1844  1844 I vendor.qti.hardware.servicetrackeraidl-service: total connections for client : com.hellobrigit.Brigitare :5
07-29 21:09:13.749  4497  5505 W RecentsModel: getRunningTask   taskInfo=TaskInfo{userId=0 taskId=214 displayId=0 isRunning=true baseIntent=Intent { act=android.intent.action.MAIN cat=[android.intent.category.LAUNCHER] flg=0x10000000 cmp=com.hellobrigit.Brigit/com.zoontek.rnbootsplash.RNBootSplashActivity } baseActivity=ComponentInfo{com.hellobrigit.Brigit/com.hellobrigit.MainActivity} topActivity=ComponentInfo{com.hellobrigit.Brigit/com.hellobrigit.MainActivity} origActivity=null realActivity=ComponentInfo{com.hellobrigit.Brigit/com.zoontek.rnbootsplash.RNBootSplashActivity} numActivities=1 lastActiveTime=20392072 supportsSplitScreenMultiWindow=true supportsMultiWindow=true resizeMode=1 isResizeable=true minWidth=-1 minHeight=-1 defaultMinSize=200 token=WCT{android.window.IWindowContainerToken$Stub$Proxy@7f0dbce} topActivityType=1 pictureInPictureParams=null shouldDockBigOverlays=false launchIntoPipHostTaskId=-1 lastParentTaskIdBeforePip=-1 displayCutoutSafeInsets=Rect(0, 116 - 0, 0) topActivityInfo=ActivityInfo{3da8aef com.hellobrigit.MainActivity} launchCookies=[] positionInParent=Point(0, 0) parentTaskId=-1 isFocused=true isVisible=true isVisibleRequested=true isSleeping=false locusId=null displayAreaFeatureId=1 isTopActivityTransparent=false appCompatTaskInfo=AppCompatTaskInfo { topActivityInSizeCompat=false topActivityInMiuiSizeCompat=false topActivityEligibleForLetterboxEducation= falseisLetterboxEducationEnabled= false isLetterboxDoubleTapEnabled= false topActivityEligibleForUserAspectRatioButton= false topActivityBoundsLetterboxed= false isFromLetterboxDoubleTap= false topActivityLetterboxVerticalPosition= -1 topActivityLetterboxHorizontalPosition= -1 topActivityLetterboxWidth=1200 topActivityLetterboxHeight=2670 isUserFullscreenOverrideEnabled=false isSystemFullscreenOverrideEnabled=false cameraCompatTaskInfo=CameraCompatTaskInfo { cameraCompatControlState=hidden freeformCameraCompatMode=inactive}} isImmersive=false mTopActivityRequestOrientation=1 mBehindAppLockPkg=null mOriginatingUid=0 isEmbedded=false shouldBeVisible=true isCreatedByOrganizer=false mIsCastMode=false mTopActivityMediaSize=null mTopActivityRecordName=ActivityRecord{d6ffd43 u0 com.hellobrigit.Brigit/com.hellobrigit.MainActivity t214} mTopActivityOrientation=1}
07-29 21:09:13.750  4497  5505 E ActivityManagerWrapper: get all recent tasks force including 214
07-29 21:09:13.750  4979  5421 W qdgralloc: getInterlacedFlag: getMetaData returned 3, defaulting to interlaced_flag = 0
07-29 21:09:13.751  1844  1844 I vendor.qti.hardware.servicetrackeraidl-service: unbindService is called for service : com.google.android.gms/.ads.identifier.service.AdvertisingIdService and for client com.hellobrigit.Brigit
07-29 21:09:13.749  7737  7737 W RenderThread: type=1400 audit(0.0:15184): avc:  denied  { getattr } for  path="/sys/module/metis/parameters/minor_window_app" dev="sysfs" ino=74657 scontext=u:r:untrusted_app_30:s0:c114,c257,c512,c768 tcontext=u:object_r:sysfs_migt:s0 tclass=file permissive=0 app=com.hellobrigit.Brigit
07-29 21:09:13.754  4497  5505 E ActivityManagerWrapper: getRecentTasksForceIncludingTaskIdIfValid: getRecentTasks: size=3
07-29 21:09:13.754  4497  5505 E ActivityManagerWrapper:  mainTaskId=214   userId=0   windowMode=1   baseIntent=Intent { act=android.intent.action.MAIN flag=268435456 cmp=ComponentInfo{com.hellobrigit.Brigit/com.zoontek.rnbootsplash.RNBootSplashActivity} }
07-29 21:09:13.754  4497  5505 E ActivityManagerWrapper:  mainTaskId=177   userId=0   windowMode=1   baseIntent=Intent { act=android.intent.action.MAIN flag=270532608 cmp=ComponentInfo{com.getsurfboard/com.getsurfboard.ui.activity.MainActivity} }
07-29 21:09:13.754  4497  5505 E ActivityManagerWrapper:  mainTaskId=188   userId=0   windowMode=1   baseIntent=Intent { act=android.intent.action.MAIN flag=270532608 cmp=ComponentInfo{com.android.settings/com.android.settings.MainSettings} }
07-29 21:09:13.755  2105  5771 I BpBinder: onLastStrongRef automatically unlinking death recipients: 
07-29 21:09:13.755  2463  5054 W UserManagerService: Requested status bar icon for non-badged user 0
07-29 21:09:13.756  4979  4979 I FocusedNotifPromptContr: onTopActivityMayChanged: isSupportPip false, isFocus true
07-29 21:09:13.756  4979  4979 I FocusedNotifPromptContr: onTopActivityMayChanged: topActivity=com.hellobrigit.Brigit
07-29 21:09:13.756  4979  4979 I PromptViewAnimState: topActivityMayChanged: topActivity=com.hellobrigit.Brigit --> com.hellobrigit.Brigit
07-29 21:09:13.757  2463  5531 E ActivityTaskManager: Unable to get servicetracker HAL instance
07-29 21:09:13.757  2463  5531 E ActivityTaskManager: Unable to get servicetracker HAL instance
07-29 21:09:13.757  2463  5531 E ActivityTaskManager: Unable to get servicetracker HAL instance
07-29 21:09:13.757  2463  5531 E ActivityTaskManager: Unable to get servicetracker HAL instance
07-29 21:09:13.758  2463  5531 E ActivityTaskManager: Unable to get servicetracker HAL instance
07-29 21:09:13.758  2463  5531 E ActivityTaskManager: Unable to get servicetracker HAL instance
07-29 21:09:13.759  4905  4980 W DynamicDDSService: appName is not found in cache: com.miui.home
07-29 21:09:13.760  4905  5122 I DynamicDDSService: handleMessage(ACTIVITY_SUSPEND{appInfo=com.hellobrigit.Brigit isFullScreen=}true)
07-29 21:09:13.760  4905  5122 W DynamicDDSService: mAppNames is empty, no need to send QMI
07-29 21:09:13.761  2463  5541 W UserManagerService: Requested status bar icon for non-badged user 0
07-29 21:09:13.762  2463  5531 E ActivityTaskManager: Unable to get servicetracker HAL instance
07-29 21:09:13.762  2463  5531 E ActivityTaskManager: Unable to get servicetracker HAL instance
07-29 21:09:13.762  2463  4205 I MiuiNetworkPolicy: updateUidState uid = 10189, uidState = 5
07-29 21:09:13.764  4905  5122 I DynamicDDSService: handleMessage(ACTIVITY_INVOKE{appInfo=com.hellobrigit.Brigit isFullScreen=}true)
07-29 21:09:13.766  7737 25299 E ContentCatcherManager: failed to get ContentCatcherService.
07-29 21:09:13.767  1844  1844 I vendor.qti.hardware.servicetrackeraidl-service: unbindService is called for service : com.google.android.gms/.ads.identifier.service.AdvertisingIdService and for client com.hellobrigit.Brigit
07-29 21:09:13.767  1844  1844 I vendor.qti.hardware.servicetrackeraidl-service: size of service connections for service: com.google.android.gms/.ads.identifier.service.AdvertisingIdServiceafter removal is 0
07-29 21:09:13.767  1844  1844 I vendor.qti.hardware.servicetrackeraidl-service: size of client connections for client: com.hellobrigit.Brigitafter removal is 4
07-29 21:09:13.767  1844  1844 I vendor.qti.hardware.servicetrackeraidl-service: destroyService is called for service : com.google.android.gms/.ads.identifier.service.AdvertisingIdService
07-29 21:09:13.768  2463  5541 W UserManagerService: Requested status bar icon for non-badged user 0
07-29 21:09:13.768  3002  4306 I libsensor-boledalgo: dbv:440,lux:255.7,cct:4380.5,hsv:-1.0,dc:0CWB R:11555.2,G:32789.6,B:12594.5Event C:16053.9,R:8983.9,G:5395.4,B:2608.1Cali C:811.5,R:382.2,G:335.4,B:145.9 
07-29 21:09:13.769  7737  7737 I HandWritingStubImpl: refreshLastKeyboardType: 1
07-29 21:09:13.769  7737  7737 I HandWritingStubImpl: getCurrentKeyboardType: 1
07-29 21:09:13.769  2463  2509 W SSRU-ResourceUsageProxy: Nonexistent ongoing transaction AW_TOP:25771200 for u:0 pkg:com.hellobrigit.Brigit ended
07-29 21:09:13.770  2463  4205 I MiuiNetworkPolicyTrafficLimit: updateWhiteListUidForMobileTraffic uid=10189,add=false
07-29 21:09:13.770  2463  4205 I MiuiNetworkPolicy: updateUidState uid = 10163, uidState = 4
07-29 21:09:13.770  2463  4205 I MiuiNetworkPolicy: updateUidState uid = 10145, uidState = 4
07-29 21:09:13.770  2463  4205 I MiuiNetworkPolicy: updateUidState uid = 10138, uidState = 5
07-29 21:09:13.772  2463  4205 I MiuiNetworkPolicyTrafficLimit: updateWhiteListUidForMobileTraffic uid=10138,add=false
07-29 21:09:13.772  2463  4205 I MiuiNetworkPolicy: updateUidState uid = 10135, uidState = 5
07-29 21:09:13.774  2463  4108 I ImeTracker: com.hellobrigit.Brigit:b2d0e2ca: onRequestHide at ORIGIN_SERVER reason HIDE_UNSPECIFIED_WINDOW fromUser false
07-29 21:09:13.774  2463  4108 I ImeTracker: com.hellobrigit.Brigit:b2d0e2ca: onCancelled at PHASE_SERVER_SHOULD_HIDE
07-29 21:09:13.774  2463  4108 W SecurityInputMethodSwitcher: first check switch to security ime: false
07-29 21:09:13.774  2463  4108 W SecurityInputMethodSwitcher: double check switch to security ime: false
07-29 21:09:13.775  2463  4205 I MiuiNetworkPolicyTrafficLimit: updateWhiteListUidForMobileTraffic uid=10135,add=false
07-29 21:09:13.775  4497  4497 E Launcher.application: setClickAppWaitForCallback = false
07-29 21:09:13.776  7989  7989 I LauncherOverlayCallback: handleMessage WHAT_ACTIVITY_STATE_CHANGED what0
07-29 21:09:13.776  7989  7989 I LauncherOverlayCallback: handleMessage WHAT_LAUNCHER_STATE what0
07-29 21:09:13.778  2463  4108 W SecurityInputMethodSwitcher: switch to other input method from security ime:false mayChangeToMiuiSecurityInputMethod: false current focus window: android.os.BinderProxy@64a990e
07-29 21:09:13.778  1844  1844 I vendor.qti.hardware.servicetrackeraidl-service: bindService is called for service : com.google.android.gms/.ads.identifier.service.AdvertisingIdService and for client com.google.android.gms
07-29 21:09:13.778  1844  1844 I vendor.qti.hardware.servicetrackeraidl-service: total connections for service : com.google.android.gms/.ads.identifier.service.AdvertisingIdServiceare :1
07-29 21:09:13.778  1844  1844 I vendor.qti.hardware.servicetrackeraidl-service: total connections for client : com.google.android.gmsare :7
07-29 21:09:13.786  2463  4639 I Location.SSRU: location account change uid 10370, foreground is true
07-29 21:09:13.787 31105 25351 I AdvertisingIdClient: shouldSendLog 18842871
07-29 21:09:13.787 31105 25351 I AdvertisingIdClient: GetInfoInternal elapse 13ms
07-29 21:09:13.787  2463  5535 E ActivityTaskManager: Unable to get servicetracker HAL instance
07-29 21:09:13.787  2463  5535 E ActivityTaskManager: Unable to get servicetracker HAL instance
07-29 21:09:13.790  9744 10033 I HeavyPackageIdentify: splitMode: false, splitPackages: null, foregroundPkg: com.hellobrigit.Brigit
07-29 21:09:13.791  2463  2514 I Location.SSRU: foregroundActivities IS falseUID ID 10138, home is true
07-29 21:09:13.792  1844  1844 I vendor.qti.hardware.servicetrackeraidl-service: bindService is called for service : com.android.vending/com.google.android.finsky.externalreferrer.GetInstallReferrerService and for client com.google.android.gms
07-29 21:09:13.792  1844  1844 I vendor.qti.hardware.servicetrackeraidl-service: total connections for service : com.android.vending/com.google.android.finsky.externalreferrer.GetInstallReferrerServiceare :2
07-29 21:09:13.792  1844  1844 I vendor.qti.hardware.servicetrackeraidl-service: total connections for client : com.google.android.gmsare :8
07-29 21:09:13.792  3118  3118 I VA_ConversationManager: lastQueryOrigin====null;fromCar=false
07-29 21:09:13.792  3118  3118 I VA_HybridLifecycleListener: onTopAppChanged: newApp=com.hellobrigit.Brigit from=com.miui.home fromPkg=com.hellobrigit.Brigit
07-29 21:09:13.793  2463  2509 W SSRU-ResourceUsageProxy: Nonexistent ongoing transaction AW_TOP:185781428 for u:0 pkg:com.miui.home ended
07-29 21:09:13.797  1844  1844 I vendor.qti.hardware.servicetrackeraidl-service: bindService is called for service : com.google.android.gms/.chimera.PersistentApiService and for client com.google.android.gms
07-29 21:09:13.797  1844  1844 I vendor.qti.hardware.servicetrackeraidl-service: total connections for service : com.google.android.gms/.chimera.PersistentApiServiceare :7
07-29 21:09:13.797  1844  1844 I vendor.qti.hardware.servicetrackeraidl-service: total connections for client : com.google.android.gmsare :8
07-29 21:09:13.799  1844  1844 I vendor.qti.hardware.servicetrackeraidl-service: bindService is called for service : com.google.android.gms/.chimera.PersistentApiService and for client com.google.android.gms
07-29 21:09:13.799  1844  1844 I vendor.qti.hardware.servicetrackeraidl-service: total connections for service : com.google.android.gms/.chimera.PersistentApiServiceare :7
07-29 21:09:13.799  1844  1844 I vendor.qti.hardware.servicetrackeraidl-service: total connections for client : com.google.android.gmsare :8
07-29 21:09:13.801  1844  1844 I vendor.qti.hardware.servicetrackeraidl-service: bindService is called for service : com.google.android.gms/.chimera.PersistentDirectBootAwareApiService and for client com.google.android.gms
07-29 21:09:13.801  1844  1844 I vendor.qti.hardware.servicetrackeraidl-service: total connections for service : com.google.android.gms/.chimera.PersistentDirectBootAwareApiServiceare :4
07-29 21:09:13.801  1844  1844 I vendor.qti.hardware.servicetrackeraidl-service: total connections for client : com.google.android.gmsare :8
07-29 21:09:13.803  2105  2105 E PassBlur: PassBlur.destruct will call disconnectWin(). com.miui.home/com.miui.home.launcher.Launcher#3458
07-29 21:09:13.813 29000 21243 I Finsky  : [2223] alel.o(259): Package com.google.android.gms is verified.
07-29 21:09:13.815 31105 25351 W FA-SVC  : Service response is missing Install Referrer install timestamp
07-29 21:09:13.815  1844  1844 I vendor.qti.hardware.servicetrackeraidl-service: unbindService is called for service : com.android.vending/com.google.android.finsky.externalreferrer.GetInstallReferrerService and for client com.google.android.gms
07-29 21:09:13.815  1844  1844 I vendor.qti.hardware.servicetrackeraidl-service: size of service connections for service: com.android.vending/com.google.android.finsky.externalreferrer.GetInstallReferrerServiceafter removal is 1
07-29 21:09:13.815  1844  1844 I vendor.qti.hardware.servicetrackeraidl-service: size of client connections for client: com.google.android.gmsafter removal is 7
07-29 21:09:13.823  7737  7737 I HandWritingStubImpl: getCurrentKeyboardType: 1
07-29 21:09:13.828  1827  2752 I vendor.qti.hardware.display.composer-service: Sensor: notify citsensorservice to trigger cwb, misForced = 0
07-29 21:09:13.829  3002  4297 I libsensor-parseRGB: request dump start for mRequestDisplayId 0
07-29 21:09:13.830  9319  9743 W PushService: [Tid:490] Http POST Response Code: 200
07-29 21:09:13.852  3002  6353 E libsensor-parseRGB: CWB NotifyCWBBufferDone  error 0
07-29 21:09:13.858  1839  7244 E ANDR-PERF-LM: SAGT_ACTION: UpdateFPSData() 138: update /sys/kernel/sched_penalty/parameters/fps to 25, ret is 0
07-29 21:09:13.859  1839  7244 E ANDR-PERF-LM: SAGT_ACTION: updateAutoPenatly() 161: recovery auto penatly gamefps 25.000000, measured fps is 25.000000, gap is 0.000000 
07-29 21:09:13.912  7737  7737 E unknown:ReactNative: Unable to launch logbox because react was unable to create the root view
07-29 21:09:13.957  2463  2463 W AccessibilityManagerService:  wait for adding window timeout: 434
07-29 21:09:14.002  1839  1966 E ANDR-PERF-OPTSHANDLER: ANDR-PERF-OPTSHANDLER: modify_sysfsnode() 1213: Perflock resource /sys/class/devfreq/soc:qcom,cpubw/max_freq not supported
07-29 21:09:14.002  1839  1966 E ANDR-PERF-RESOURCEQS: ANDR-PERF-RESOURCEQS: RemoveAndApply() 292: Failed to reset optimization here [6, 6]
07-29 21:09:14.013  1839  1966 E ANDR-PERF-OPTSHANDLER: ANDR-PERF-OPTSHANDLER: modify_sysfsnode() 1213: Perflock resource /sys/class/devfreq/soc:qcom,cpubw/max_freq not supported
07-29 21:09:14.013  1839  1966 E ANDR-PERF-RESOURCEQS: ANDR-PERF-RESOURCEQS: RemoveAndApply() 292: Failed to reset optimization here [6, 6]
07-29 21:09:14.029  1827  2752 I vendor.qti.hardware.display.composer-service: Sensor: notify citsensorservice to trigger cwb, misForced = 0
07-29 21:09:14.032  3002  4297 I libsensor-parseRGB: request dump start for mRequestDisplayId 0
07-29 21:09:14.051  3002  6353 E libsensor-parseRGB: CWB NotifyCWBBufferDone  error 0
07-29 21:09:14.073  1844  1844 I vendor.qti.hardware.servicetrackeraidl-service: bindService is called for service : com.google.android.gms/.ads.identifier.service.AdvertisingIdService and for client com.hellobrigit.Brigit
07-29 21:09:14.073  1844  1844 I vendor.qti.hardware.servicetrackeraidl-service: total connections for service : com.google.android.gms/.ads.identifier.service.AdvertisingIdServiceare :2
07-29 21:09:14.074  1844  1844 I vendor.qti.hardware.servicetrackeraidl-service: total connections for client : com.hellobrigit.Brigitare :5
07-29 21:09:14.075  1844  1844 I vendor.qti.hardware.servicetrackeraidl-service: unbindService is called for service : com.google.android.gms/.ads.identifier.service.AdvertisingIdService and for client com.hellobrigit.Brigit
07-29 21:09:14.075  1844  1844 I vendor.qti.hardware.servicetrackeraidl-service: size of service connections for service: com.google.android.gms/.ads.identifier.service.AdvertisingIdServiceafter removal is 1
07-29 21:09:14.075  1844  1844 I vendor.qti.hardware.servicetrackeraidl-service: size of client connections for client: com.hellobrigit.Brigitafter removal is 4
07-29 21:09:14.084  4979  5351 W WindowOnBackDispatcher: sendCancelIfRunning: isInProgress=false callback=android.view.ViewRootImpl$$ExternalSyntheticLambda12@1af8d7b
07-29 21:09:14.086  2463  5541 W InputManager-JNI: Input channel object '9dcd57f Splash Screen com.hellobrigit.Brigit (client)' was disposed without first being removed with the input manager!
07-29 21:09:14.087  2105  2749 I BpBinder: onLastStrongRef automatically unlinking death recipients: 
07-29 21:09:14.132  3117  3117 I adbd    : in ShellService: ps
07-29 21:09:14.152  1844  1844 I vendor.qti.hardware.servicetrackeraidl-service: bindService is called for service : com.android.vending/com.google.android.finsky.externalreferrer.GetInstallReferrerService and for client com.hellobrigit.Brigit
07-29 21:09:14.152  1844  1844 I vendor.qti.hardware.servicetrackeraidl-service: total connections for service : com.android.vending/com.google.android.finsky.externalreferrer.GetInstallReferrerServiceare :1
07-29 21:09:14.152  1844  1844 I vendor.qti.hardware.servicetrackeraidl-service: total connections for client : com.hellobrigit.Brigitare :4
07-29 21:09:14.152  7737 25276 W AnalyticsUserIDStore: initStore should have been called before calling setUserID
07-29 21:09:14.219  7737 25246 E FA      : Name is too long. Type, maximum supported length, name: user property, 24, isProtectedAccountRemoved
07-29 21:09:14.232  7633 24660 I PSyncWorker: Starting proactive picker sync from sync source: 1
07-29 21:09:14.233  7633 24660 I PickerSyncController: Executing SyncAdd. isLocal: true. authority: com.android.providers.media.photopicker
07-29 21:09:14.235  7633 24660 I PickerSyncController: Paged sync successful. QueryArgs: Bundle[{android.provider.extra.SYNC_GENERATION=9373, android.provider.extra.PAGE_SIZE=1000}] Total Rows: 0
07-29 21:09:14.235  7633 24660 I PickerSyncController: Executing SyncRemove. isLocal: true. authority: com.android.providers.media.photopicker
07-29 21:09:14.235  2463  2517 I WindowManager: StartingWindow exit animation finished, win = Window{9dcd57f u0 Splash Screen com.hellobrigit.Brigit EXITING} remove = true
07-29 21:09:14.235  7737 25327 I card.io : card.io 5.5.1 03/17/2017 14:23:12 -0400
07-29 21:09:14.237  7633 24660 E PickerDbFacade: Could not get first date taken millis for media id: 1000000908
07-29 21:09:14.237  7633 24660 W PickerDbFacade: Unable to promote cloud media with localId: 1000000908
07-29 21:09:14.237  1827  2752 I vendor.qti.hardware.display.composer-service: Sensor: notify citsensorservice to trigger cwb, misForced = 0
07-29 21:09:14.238  7633 24660 I PickerSyncController: Paged sync successful. QueryArgs: Bundle[{android.provider.extra.SYNC_GENERATION=9373, android.provider.extra.PAGE_SIZE=1000}] Total Rows: 0
07-29 21:09:14.238  7633 24660 I PickerSyncTracker: Marked sync future complete for work id: 56df2e3e-65f7-4565-bdf0-093f7c59fe41. Future map: {}
07-29 21:09:14.238  7633 24660 I PSyncWorker: Completed picker proactive sync complete from local provider.
07-29 21:09:14.238  3002  4297 I libsensor-parseRGB: request dump start for mRequestDisplayId 0
07-29 21:09:14.238  7633  7743 I WM-WorkerWrapper: Worker result SUCCESS for Work [ id=56df2e3e-65f7-4565-bdf0-093f7c59fe41, tags={ com.android.providers.media.photopicker.sync.ProactiveSyncWorker } ]
07-29 21:09:14.238  7737 25327 I card.io : Loaded card.io Tegra2 library
07-29 21:09:14.242  2463  4205 I MiuiNetworkPolicy: updateUidState uid = 10145, uidState = 3
07-29 21:09:14.243  2463  5541 I ClipboardServiceI: checkProviderWakePathForClipboard: primaryClip is null
07-29 21:09:14.244  1827  1827 I MiClstc : DropLayers erase layer 1027
07-29 21:09:14.245  2463  4205 I MiuiNetworkPolicy: updateUidState uid = 10143, uidState = 3
07-29 21:09:14.247  2463  4205 I MiuiNetworkPolicyTrafficLimit: updateWhiteListUidForMobileTraffic uid=10143,add=true
07-29 21:09:14.249  9916 25390 I MCAM_CameraCloudConfig: CloudConfigInfo: {"moduleKey":"camera_dynamic","itemInfo":[]}
07-29 21:09:14.250  7737 25327 W libc    : Access denied finding property "vendor.camera.aux.packagelist"
07-29 21:09:14.250  7737 25327 W libc    : Access denied finding property "vendor.camera.aux.packagelistext"
07-29 21:09:14.250  9916 25390 W MCAM_CloudDynamicInfoDataSource: Local configuration does not exist.
07-29 21:09:14.251  7737 25327 W libc    : Access denied finding property "vendor.camera.aux.packagelist"
07-29 21:09:14.251  7737 25327 W libc    : Access denied finding property "vendor.camera.aux.packagelistext"
07-29 21:09:14.251  9916 25390 I MCAM_MIVIHelper: setInfo2Hal: empty info
07-29 21:09:14.252  7737 25327 W libc    : Access denied finding property "vendor.camera.aux.packagelist"
07-29 21:09:14.252  7737 25327 W libc    : Access denied finding property "vendor.camera.aux.packagelistext"
07-29 21:09:14.253  7737 25327 W EpFrameworkFactory: activated: false jar exist: false
07-29 21:09:14.253  7737 25327 W EpFrameworkFactory: activated: false jar exist: false
07-29 21:09:14.255  7737 25327 I Camera  : Open camera top activityName is com.hellobrigit.MainActivity
07-29 21:09:14.255  7737 25327 I CameraBase: Connect camera (legacy API) - rotationOverride 0, forceSlowJpegMode 0
07-29 21:09:14.255  2463  5531 I SettingsProvider: refresh rate settings changed, name:miui_refresh_rate,value:60,pkg:com.miui.powerkeeper
07-29 21:09:14.255  2890 31156 I MiCameraSceneIdentify: setClientActivityName: The activity is com.hellobrigit.MainActivity 
07-29 21:09:14.256  2890 31156 I CameraService: CameraService::connect call (PID 7737 "com.hellobrigit.Brigit", camera ID 0) and Camera API version 1
07-29 21:09:14.256  2890 31156 E CameraService: Permission Denial: can't use the camera pid=7737, uid=10370
07-29 21:09:14.256  7737 25327 W CameraBase: An error occurred while connecting to camera 0: Status(-8, EX_SERVICE_SPECIFIC): '1: validateClientPermissionsLocked:1828: Caller "com.hellobrigit.Brigit" (PID 7737, UID 10370) cannot open camera "0" without camera permission'
07-29 21:09:14.259  3002  6353 E libsensor-parseRGB: CWB NotifyCWBBufferDone  error 0
07-29 21:09:14.260  1839  7244 E ANDR-PERF-LM: SAGT_ACTION: UpdateFPSData() 138: update /sys/kernel/sched_penalty/parameters/fps to 90, ret is 0
07-29 21:09:14.285  2463  4412 I SmartPower: com.alibaba.aliexpresshd:channel/10303(6163): background->idle(3000ms) R(service create com.alibaba.aliexpresshd/com.taobao.accs.internal.AccsJobService) adj=905.
07-29 21:09:14.343  7737 25275 E GraphResponse: {HttpStatus: 400, errorCode: 100, subErrorCode: 33, errorType: GraphMethodException, errorMessage: Unsupported get request. Object with ID '141987249766567' does not exist, cannot be loaded due to missing permissions, or does not support this operation. Please read the Graph API documentation at https://developers.facebook.com/docs/graph-api}
07-29 21:09:14.345  1844  1844 I vendor.qti.hardware.servicetrackeraidl-service: bindService is called for service : com.google.android.gms/.ads.identifier.service.AdvertisingIdService and for client com.hellobrigit.Brigit
07-29 21:09:14.345  1844  1844 I vendor.qti.hardware.servicetrackeraidl-service: total connections for service : com.google.android.gms/.ads.identifier.service.AdvertisingIdServiceare :2
07-29 21:09:14.345  1844  1844 I vendor.qti.hardware.servicetrackeraidl-service: total connections for client : com.hellobrigit.Brigitare :5
07-29 21:09:14.346  2463  5531 I SmartPower: io.github.ylimit.droidbotapp/10369(24626): visible->invisible(17412ms) R(become invisible) adj=200.
07-29 21:09:14.346  2463  5531 I SmartPower: io.github.ylimit.droidbotapp/10369(24626): invisible->background(0ms) R(become background) adj=200.
07-29 21:09:14.347  1844  1844 I vendor.qti.hardware.servicetrackeraidl-service: unbindService is called for service : com.google.android.gms/.ads.identifier.service.AdvertisingIdService and for client com.hellobrigit.Brigit
07-29 21:09:14.347  1844  1844 I vendor.qti.hardware.servicetrackeraidl-service: size of service connections for service: com.google.android.gms/.ads.identifier.service.AdvertisingIdServiceafter removal is 1
07-29 21:09:14.347  1844  1844 I vendor.qti.hardware.servicetrackeraidl-service: size of client connections for client: com.hellobrigit.Brigitafter removal is 4
07-29 21:09:14.398  7737 25327 E ReactNativeJNI: logMarker RUN_JS_BUNDLE_END
07-29 21:09:14.402  1844  1844 I vendor.qti.hardware.servicetrackeraidl-service: bindService is called for service : com.google.android.gms/.ads.identifier.service.AdvertisingIdService and for client com.hellobrigit.Brigit
07-29 21:09:14.403  1844  1844 I vendor.qti.hardware.servicetrackeraidl-service: total connections for service : com.google.android.gms/.ads.identifier.service.AdvertisingIdServiceare :2
07-29 21:09:14.403  1844  1844 I vendor.qti.hardware.servicetrackeraidl-service: total connections for client : com.hellobrigit.Brigitare :5
07-29 21:09:14.403  1844  1844 I vendor.qti.hardware.servicetrackeraidl-service: unbindService is called for service : com.google.android.gms/.ads.identifier.service.AdvertisingIdService and for client com.hellobrigit.Brigit
07-29 21:09:14.403  1844  1844 I vendor.qti.hardware.servicetrackeraidl-service: size of service connections for service: com.google.android.gms/.ads.identifier.service.AdvertisingIdServiceafter removal is 1
07-29 21:09:14.403  1844  1844 I vendor.qti.hardware.servicetrackeraidl-service: size of client connections for client: com.hellobrigit.Brigitafter removal is 4
07-29 21:09:14.433  2463  4414 I DisplayModeDirectorImpl: SmartDisplayPolicyEnd
07-29 21:09:14.433  2463  2516 I DisplayModeDirectorImpl: onDesiredDisplayModeSpecsChanged:baseModeId=1 allowGroupSwitching=false primary=physical: (0.0 120.0) render:  (0.0 120.0) appRequest=physical: (0.0 120.0) render:  (0.0 120.0) idleScreenRefreshRateConfig=null noVotes=false
07-29 21:09:14.434  2105  2105 I RefreshRateSelector: Display 4630947082089526659 policy changed
07-29 21:09:14.434  2105  2105 I RefreshRateSelector: Previous: {defaultModeId=0, allowGroupSwitching=false, primaryRanges={physical=[0.00 Hz, inf Hz], render=[0.00 Hz, 120.00 Hz]}, appRequestRanges={physical=[0.00 Hz, inf Hz], render=[0.00 Hz, 120.00 Hz]} idleScreenConfig=nullptr}
07-29 21:09:14.434  2105  2105 I RefreshRateSelector: Current:  DisplayManagerPolicy{defaultModeId=0, allowGroupSwitching=false, primaryRanges={physical=[0.00 Hz, 120.00 Hz], render=[0.00 Hz, 120.00 Hz]}, appRequestRanges={physical=[0.00 Hz, 120.00 Hz], render=[0.00 Hz, 120.00 Hz]} idleScreenConfig=nullptr}
07-29 21:09:14.434  2105  2105 I RefreshRateSelector: 0 mode changes were performed under the previous policy
07-29 21:09:14.441  2463  4403 E HyperSentinel: -------------------------------------------------------
07-29 21:09:14.441  2463  4403 E HyperSentinel: Event_ResidentSize
07-29 21:09:14.441  2463  4403 E HyperSentinel: -> audit event by proc 7737 "com.hellobrigit.Brigit": RSS increasement, peak 297032kb -> 445704kb
07-29 21:09:14.441  2463  4402 E MiuiSentinelMemoryManager: getRSSinfo: com.hellobrigit.Brigit#7737
07-29 21:09:14.441  2463  4402 W MiuiSentinelMemoryManager: The current process type does not meet reporting requirements
07-29 21:09:14.444  1827  2752 I vendor.qti.hardware.display.composer-service: Sensor: notify citsensorservice to trigger cwb, misForced = 0
07-29 21:09:14.444  3002  4297 I libsensor-parseRGB: request dump start for mRequestDisplayId 0
07-29 21:09:14.450  1839  7219 E ANDR-PERF-LM: VmRssMeter:: start() 359: Could not find pid, can not collect vmrss data
07-29 21:09:14.450  1839  7220 E ANDR-PERF-LM: VmRssMeter:: start() 359: Could not find pid, can not collect vmrss data
07-29 21:09:14.450  1839  7220 E ANDR-PERF-LM: AdaptiveLaunch: writeToDataBase() 64: Meter aborted or could not get meter data for this run
07-29 21:09:14.453  7737  7737 W RenderThread: type=1400 audit(0.0:15185): avc:  denied  { getattr } for  path="/sys/module/metis/parameters/minor_window_app" dev="sysfs" ino=74657 scontext=u:r:untrusted_app_30:s0:c114,c257,c512,c768 tcontext=u:object_r:sysfs_migt:s0 tclass=file permissive=0 app=com.hellobrigit.Brigit
07-29 21:09:14.467  3002  3081 E libsensor-parseRGB: CWB NotifyCWBBufferDone  error 0
07-29 21:09:14.473  4979  5212 I MiuiBubbleController: removeBubble: 214 reason=2
07-29 21:09:14.473  4979  5212 I MultiTaskingTaskRepository: onTaskInfoChanged multi list = [], full = [214, 177, 188]
07-29 21:09:14.473  7737  7737 W RenderThread: type=1400 audit(0.0:15186): avc:  denied  { getattr } for  path="/sys/module/metis/parameters/minor_window_app" dev="sysfs" ino=74657 scontext=u:r:untrusted_app_30:s0:c114,c257,c512,c768 tcontext=u:object_r:sysfs_migt:s0 tclass=file permissive=0 app=com.hellobrigit.Brigit
07-29 21:09:14.480  7737 25331 W unknown:ViewManagerPropertyUpdater: Could not find generated setter for class com.swmansion.rnscreens.ScreensShadowNode
07-29 21:09:14.477  7737  7737 W RenderThread: type=1400 audit(0.0:15187): avc:  denied  { getattr } for  path="/sys/module/metis/parameters/minor_window_app" dev="sysfs" ino=74657 scontext=u:r:untrusted_app_30:s0:c114,c257,c512,c768 tcontext=u:object_r:sysfs_migt:s0 tclass=file permissive=0 app=com.hellobrigit.Brigit
07-29 21:09:14.485  7737  7737 W RenderThread: type=1400 audit(0.0:15188): avc:  denied  { getattr } for  path="/sys/module/metis/parameters/minor_window_app" dev="sysfs" ino=74657 scontext=u:r:untrusted_app_30:s0:c114,c257,c512,c768 tcontext=u:object_r:sysfs_migt:s0 tclass=file permissive=0 app=com.hellobrigit.Brigit
07-29 21:09:14.496  1844  1844 I vendor.qti.hardware.servicetrackeraidl-service: bindService is called for service : com.android.vending/com.google.android.finsky.externalreferrer.GetInstallReferrerService and for client com.hellobrigit.Brigit
07-29 21:09:14.496  1844  1844 I vendor.qti.hardware.servicetrackeraidl-service: total connections for service : com.android.vending/com.google.android.finsky.externalreferrer.GetInstallReferrerServiceare :1
07-29 21:09:14.496  1844  1844 I vendor.qti.hardware.servicetrackeraidl-service: total connections for client : com.hellobrigit.Brigitare :4
07-29 21:09:14.499  7737 25331 E IterableApi:   Iterable SDK must be initialized with an API key and user email/userId before calling SDK methods
07-29 21:09:14.501  7737  7737 I ReactNative: [GESTURE HANDLER] Gesture handler is already enabled for a parent view
07-29 21:09:14.502  1844  1844 I vendor.qti.hardware.servicetrackeraidl-service: bindService is called for service : com.google.android.gms/.ads.identifier.service.AdvertisingIdService and for client com.hellobrigit.Brigit
07-29 21:09:14.502  1844  1844 I vendor.qti.hardware.servicetrackeraidl-service: total connections for service : com.google.android.gms/.ads.identifier.service.AdvertisingIdServiceare :2
07-29 21:09:14.502  1844  1844 I vendor.qti.hardware.servicetrackeraidl-service: total connections for client : com.hellobrigit.Brigitare :5
07-29 21:09:14.504  7737  7737 I ReactNative: [GESTURE HANDLER] Initialize gesture handler for root view com.swmansion.gesturehandler.react.RNGestureHandlerEnabledRootView{64296aa V.E...... ......ID 0,0-1200,2506 #1}
07-29 21:09:14.505  7737 25406 I WebViewFactory: Loading com.google.android.webview version 138.0.7204.168 (code 720416833)
07-29 21:09:14.507  7737 25406 W ziparchive: Unable to open '/data/app/~~8gsv-rofL3obAu7MwJa1xQ==/com.google.android.trichromelibrary_720416833-NJssEUfinuVT2Pa0Q0YP4Q==/base.dm': No such file or directory
07-29 21:09:14.507  7737 25406 W ziparchive: Unable to open '/data/app/~~8gsv-rofL3obAu7MwJa1xQ==/com.google.android.trichromelibrary_720416833-NJssEUfinuVT2Pa0Q0YP4Q==/base.dm': No such file or directory
07-29 21:09:14.507  7737 25406 W lobrigit.Brigit: Entry not found
07-29 21:09:14.509  4979  5212 I MiuiBubbleController: removeBubble: 214 reason=2
07-29 21:09:14.509  4979  5212 I MultiTaskingTaskRepository: onTaskInfoChanged multi list = [], full = [214, 177, 188]
07-29 21:09:14.512  1844  1844 I vendor.qti.hardware.servicetrackeraidl-service: unbindService is called for service : com.android.vending/com.google.android.finsky.externalreferrer.GetInstallReferrerService and for client com.hellobrigit.Brigit
07-29 21:09:14.516  2463  5531 W ServiceManagerCppClient: Permission failure:  from uid=10370 pid=7737
07-29 21:09:14.516  1844  1844 I vendor.qti.hardware.servicetrackeraidl-service: unbindService is called for service : com.google.android.gms/.ads.identifier.service.AdvertisingIdService and for client com.hellobrigit.Brigit
07-29 21:09:14.516  1844  1844 I vendor.qti.hardware.servicetrackeraidl-service: size of service connections for service: com.google.android.gms/.ads.identifier.service.AdvertisingIdServiceafter removal is 1
07-29 21:09:14.516  1844  1844 I vendor.qti.hardware.servicetrackeraidl-service: size of client connections for client: com.hellobrigit.Brigitafter removal is 4
07-29 21:09:14.518  1747  1747 I sensors-hal: batch:141, android.sensor.accelerometer/11, period=2404000, max_latency=0
07-29 21:09:14.518  1747  1747 I sensors-hal: set_config:56, sample_period_ns is adjusted to 2404000 based on min/max delay_ns
07-29 21:09:14.518  1747  1747 I sensors-hal: batch:150, android.sensor.accelerometer/11, period=2404000, max_latency=0 request completed
07-29 21:09:14.518  2463  2539 I SensorAccount: App register sensor to track it noWakeupSensor_10370_0x100000b
07-29 21:09:14.518  2463  5531 I SensorService: 	>>> actuating h/w activate handle=0x100000b enabled=1
07-29 21:09:14.518  1747  1747 I sensors-hal: activate:108, android.sensor.accelerometer/11 en=1
07-29 21:09:14.518  1747  1747 I sensors-hal: acquire_qsh_interface:121, acquire_qsh_interface with sensor_id 104 , conn_type 2 
07-29 21:09:14.519  1714  1806 I minksocket: MinkIPC MESSAGE: ( 1714:1806 ) MinkIPC_QRTR_Service:351 minkipc = 0xb400007134251590 sock = 19, client with node 1 port 4c48 went down
07-29 21:09:14.519  1714  1828 I minksocket: MinkIPC MESSAGE: ( 1714:1828 ) MinkIPC_QRTR_Service:351 minkipc = 0xb4000071342524b0 sock = 35, client with node 1 port 4c48 went down
07-29 21:09:14.519  1714  1806 I minksocket: MinkIPC MESSAGE: ( 1714:1806 ) MinkIPC_QRTR_Service:351 minkipc = 0xb400007134251590 sock = 19, client with node 1 port 4c49 went down
07-29 21:09:14.519  1714  1828 I minksocket: MinkIPC MESSAGE: ( 1714:1828 ) MinkIPC_QRTR_Service:351 minkipc = 0xb4000071342524b0 sock = 35, client with node 1 port 4c49 went down
07-29 21:09:14.520  1714  1806 I minksocket: MinkIPC MESSAGE: ( 1714:1806 ) MinkIPC_QRTR_Service:351 minkipc = 0xb400007134251590 sock = 19, client with node 1 port 4c4a went down
07-29 21:09:14.520  1714  1828 I minksocket: MinkIPC MESSAGE: ( 1714:1828 ) MinkIPC_QRTR_Service:351 minkipc = 0xb4000071342524b0 sock = 35, client with node 1 port 4c4a went down
07-29 21:09:14.520  1747  1747 I sensors-hal: qsh_qmi:35, qsh_qmi
07-29 21:09:14.520  1747  1747 I sensors-hal: register_cb:314, suid(low=11115320498015681092,high=2286538866409242278) is new. register callbacks
07-29 21:09:14.520  1747  1747 I sensors-hal: send_sensor_config_request:626, resampler is used, set resampler config
07-29 21:09:14.520  1747  1747 I sensors-hal: send_sync_sensor_request:531, send sync request
07-29 21:09:14.520  1747  1747 I sensors-hal: send_sync_sensor_request:541, send_sync_sensor_request before send_request for accel with SUID low=11115320498015681092 high=2286538866409242278
07-29 21:09:14.521  1747  1747 I sensors-hal: send_sync_sensor_request:560, wait for notification of response
07-29 21:09:14.521  1714  1806 I minksocket: MinkIPC MESSAGE: ( 1714:1806 ) MinkIPC_QRTR_Service:351 minkipc = 0xb400007134251590 sock = 19, client with node 1 port 4c4b went down
07-29 21:09:14.521  1714  1828 I minksocket: MinkIPC MESSAGE: ( 1714:1828 ) MinkIPC_QRTR_Service:351 minkipc = 0xb4000071342524b0 sock = 35, client with node 1 port 4c4b went down
07-29 21:09:14.522  1747 25420 I sensors-hal: qsh_conn_resp_cb:886, resp_value = 0 for accel 
07-29 21:09:14.522  1747  1747 I sensors-hal: send_sync_sensor_request:566, takes 1 ms to receive the response with 0
07-29 21:09:14.522  1747  1747 I sensors-hal: activate:119, android.sensor.accelerometer/11 en=1 completed
07-29 21:09:14.524  2463  2539 I SensorAccount: App register sensor to track it noWakeupSensor_10370_0x1000015
07-29 21:09:14.524  7737 25406 I cr_WVCFactoryProvider: version=138.0.7204.168 (720416833) minSdkVersion=29 isBundle=false multiprocess=true packageId=2
07-29 21:09:14.525  1747  1747 I sensors-hal: batch:141, android.sensor.magnetic_field/21, period=10000000, max_latency=0
07-29 21:09:14.525  1747  1747 I sensors-hal: set_config:56, sample_period_ns is adjusted to 10000000 based on min/max delay_ns
07-29 21:09:14.525  1747  1747 I sensors-hal: batch:150, android.sensor.magnetic_field/21, period=10000000, max_latency=0 request completed
07-29 21:09:14.525  2463  5531 I SensorService: 	>>> actuating h/w activate handle=0x1000015 enabled=1
07-29 21:09:14.525  1747  1747 I sensors-hal: activate:108, android.sensor.magnetic_field/21 en=1
07-29 21:09:14.525  1747  1747 I sensors-hal: acquire_qsh_interface:121, acquire_qsh_interface with sensor_id 14 , conn_type 2 
07-29 21:09:14.525  1714  1806 I minksocket: MinkIPC MESSAGE: ( 1714:1806 ) MinkIPC_QRTR_Service:351 minkipc = 0xb400007134251590 sock = 19, client with node 1 port 4c4d went down
07-29 21:09:14.526  1714  1828 I minksocket: MinkIPC MESSAGE: ( 1714:1828 ) MinkIPC_QRTR_Service:351 minkipc = 0xb4000071342524b0 sock = 35, client with node 1 port 4c4d went down
07-29 21:09:14.526  1714  1806 I minksocket: MinkIPC MESSAGE: ( 1714:1806 ) MinkIPC_QRTR_Service:351 minkipc = 0xb400007134251590 sock = 19, client with node 1 port 4c4e went down
07-29 21:09:14.527  1714  1828 I minksocket: MinkIPC MESSAGE: ( 1714:1828 ) MinkIPC_QRTR_Service:351 minkipc = 0xb4000071342524b0 sock = 35, client with node 1 port 4c4e went down
07-29 21:09:14.527  7737 25427 I chromium: [0729/210914.527043:INFO:android_webview/browser/variations/variations_seed_loader.cc:67] Failed to open file for reading.: No such file or directory (2)
07-29 21:09:14.527  7737 25427 I chromium: [0729/210914.527221:INFO:android_webview/browser/variations/variations_seed_loader.cc:67] Failed to open file for reading.: No such file or directory (2)
07-29 21:09:14.527  1714  1828 I minksocket: MinkIPC MESSAGE: ( 1714:1828 ) MinkIPC_QRTR_Service:351 minkipc = 0xb4000071342524b0 sock = 35, client with node 1 port 4c4f went down
07-29 21:09:14.527  1714  1806 I minksocket: MinkIPC MESSAGE: ( 1714:1806 ) MinkIPC_QRTR_Service:351 minkipc = 0xb400007134251590 sock = 19, client with node 1 port 4c4f went down
07-29 21:09:14.528  1747  1747 I sensors-hal: qsh_qmi:35, qsh_qmi
07-29 21:09:14.528  1747  1747 I sensors-hal: register_cb:314, suid(low=11911404398489902607,high=16993594652946037180) is new. register callbacks
07-29 21:09:14.528  1747  1747 I sensors-hal: register_cb:314, suid(low=15495098723303600324,high=1922380601209663805) is new. register callbacks
07-29 21:09:14.528  1747  1747 I sensors-hal: calibration:49, registerd callback for mag_cal
07-29 21:09:14.528  1747  1747 I sensors-hal: calibration:56, created worker for mag_cal
07-29 21:09:14.528  1747  1747 I sensors-hal: send_req:210, send_req before send_request mag_cal with SUID low=15495098723303600324 high=1922380601209663805
07-29 21:09:14.528  1747  1747 I sensors-hal: activate:158, mag cal started
07-29 21:09:14.528  1747  1747 I sensors-hal: send_sensor_config_request:626, resampler is used, set resampler config
07-29 21:09:14.528  1747  1747 I sensors-hal: send_sync_sensor_request:531, send sync request
07-29 21:09:14.528  1747  1747 I sensors-hal: send_sync_sensor_request:541, send_sync_sensor_request before send_request for mag with SUID low=11911404398489902607 high=16993594652946037180
07-29 21:09:14.528  1747  1747 I sensors-hal: send_sync_sensor_request:560, wait for notification of response
07-29 21:09:14.528  1714  1828 I minksocket: MinkIPC MESSAGE: ( 1714:1828 ) MinkIPC_QRTR_Service:351 minkipc = 0xb4000071342524b0 sock = 35, client with node 1 port 4c50 went down
07-29 21:09:14.528  1714  1806 I minksocket: MinkIPC MESSAGE: ( 1714:1806 ) MinkIPC_QRTR_Service:351 minkipc = 0xb400007134251590 sock = 19, client with node 1 port 4c50 went down
07-29 21:09:14.528  1747 25426 I sensors-hal: handle_resp_cb:220, resp_value = 0 for mag_cal before acuiring the lock _cal_mutex
07-29 21:09:14.529  1747 25426 I sensors-hal: qsh_conn_resp_cb:886, resp_value = 0 for mag 
07-29 21:09:14.529  7737 25406 I cr_LibraryLoade