05-08 08:26:13.268 17176 17681 I SdkListHelper: SDK Status Object - {"35199799-eba7-4fa0-b4cb-7887e3ce5613":2,"9b4f940d-319b-437d-83db-24f7088cec9f":2,"78dd26bf-c6ce-46f8-b145-a774901de586":2,"d1f0bce6-c5a3-4cc2-b4a4-56df91c25080":2,"4e685593-aebe-4ef3-98a5-d5380563b8f0":2,"2321b3aa-30a6-4447-8b2d-4bf75f2bb9f3":2,"2b0b7fa3-1ebe-4fef-a268-7e6f6e99dae8":2,"52494130-39a6-4cc4-8d58-3a9de23652d6":2,"64e68eee-507a-461e-be29-c41761217569":2,"968552b1-1247-4948-831a-f5ca12c2c07d":2,"ce928b45-9464-4542-bb37-125324a3b664":2,"397493c3-a2ee-4b1e-afa3-331e98981d00":2,"d096fd1f-a9fa-4f26-8988-cc4102306f1c":2,"f05f3d69-49af-4d66-8cbf-57dd32ef18e0":2,"c5cb00dd-6562-43d0-9dae-5e3ceef0f910":2,"f6042f5c-00cd-4144-85ab-0e628ef6e17c":2,"ac71c4a1-cf88-483b-bc7e-aba2235f6a70":2,"93b1d92f-9873-45d6-9e84-869ef5b50111":2,"a84771e6-c661-4c5a-9fbb-528f439e9751":2,"abe46bc4-9892-41d3-beda-8fe6fe2c4cfb":2,"2abc6277-8394-4e53-8b20-93180194d8ca":2,"f8dc60ca-cdf1-4aa7-9b02-0f1ce0dd4602":1,"fb76bb11-152b-4e73-afb9-26f17ec830fe":1}
05-08 08:26:13.268 17176 17681 E SdkListHelper: Error while fetching groupId by sdkId : End of input at character 0 of 
05-08 08:26:13.269 17176 17681 I SdkListHelper: SDK Status Object - {"35199799-eba7-4fa0-b4cb-7887e3ce5613":2,"9b4f940d-319b-437d-83db-24f7088cec9f":2,"78dd26bf-c6ce-46f8-b145-a774901de586":2,"d1f0bce6-c5a3-4cc2-b4a4-56df91c25080":2,"4e685593-aebe-4ef3-98a5-d5380563b8f0":2,"2321b3aa-30a6-4447-8b2d-4bf75f2bb9f3":2,"2b0b7fa3-1ebe-4fef-a268-7e6f6e99dae8":2,"52494130-39a6-4cc4-8d58-3a9de23652d6":2,"64e68eee-507a-461e-be29-c41761217569":2,"968552b1-1247-4948-831a-f5ca12c2c07d":2,"ce928b45-9464-4542-bb37-125324a3b664":2,"397493c3-a2ee-4b1e-afa3-331e98981d00":2,"d096fd1f-a9fa-4f26-8988-cc4102306f1c":2,"f05f3d69-49af-4d66-8cbf-57dd32ef18e0":2,"c5cb00dd-6562-43d0-9dae-5e3ceef0f910":2,"f6042f5c-00cd-4144-85ab-0e628ef6e17c":2,"ac71c4a1-cf88-483b-bc7e-aba2235f6a70":2,"93b1d92f-9873-45d6-9e84-869ef5b50111":2,"a84771e6-c661-4c5a-9fbb-528f439e9751":2,"abe46bc4-9892-41d3-beda-8fe6fe2c4cfb":2,"2abc6277-8394-4e53-8b20-93180194d8ca":2,"f8dc60ca-cdf1-4aa7-9b02-0f1ce0dd4602":1,"fb76bb11-152b-4e73-afb9-26f17ec830fe":1}
05-08 08:26:13.269 17176 17681 E SdkListHelper: Error while fetching groupId by sdkId : End of input at character 0 of 
05-08 08:26:13.269 17176 17681 I SdkListHelper: Saving SDK Status map = {"35199799-eba7-4fa0-b4cb-7887e3ce5613":2,"9b4f940d-319b-437d-83db-24f7088cec9f":2,"78dd26bf-c6ce-46f8-b145-a774901de586":2,"d1f0bce6-c5a3-4cc2-b4a4-56df91c25080":2,"4e685593-aebe-4ef3-98a5-d5380563b8f0":2,"2321b3aa-30a6-4447-8b2d-4bf75f2bb9f3":2,"2b0b7fa3-1ebe-4fef-a268-7e6f6e99dae8":2,"52494130-39a6-4cc4-8d58-3a9de23652d6":2,"64e68eee-507a-461e-be29-c41761217569":2,"968552b1-1247-4948-831a-f5ca12c2c07d":2,"ce928b45-9464-4542-bb37-125324a3b664":2,"397493c3-a2ee-4b1e-afa3-331e98981d00":2,"d096fd1f-a9fa-4f26-8988-cc4102306f1c":2,"f05f3d69-49af-4d66-8cbf-57dd32ef18e0":2,"c5cb00dd-6562-43d0-9dae-5e3ceef0f910":2,"f6042f5c-00cd-4144-85ab-0e628ef6e17c":2,"ac71c4a1-cf88-483b-bc7e-aba2235f6a70":2,"93b1d92f-9873-45d6-9e84-869ef5b50111":2,"a84771e6-c661-4c5a-9fbb-528f439e9751":2,"abe46bc4-9892-41d3-beda-8fe6fe2c4cfb":2,"2abc6277-8394-4e53-8b20-93180194d8ca":2,"f8dc60ca-cdf1-4aa7-9b02-0f1ce0dd4602":1,"fb76bb11-152b-4e73-afb9-26f17ec830fe":1,"04fce5e9-8d35-411e-b27e-83fa5eeef1cb":1,"4fd8e424-de7d-43bd-9fc9-5cacbd6bbd9d":1}
05-08 08:26:13.273 17176 17681 I OTConsentChanges: Sending C005 broadcast, value = 1
05-08 08:26:13.273 17176 17681 I OTConsentChanges: Sending C0004 broadcast, value = 1
05-08 08:26:13.274 17176 17681 I OTConsentChanges: Sending C0005 broadcast, value = 1
05-08 08:26:13.274 17176 17681 I OTConsentChanges: Sending C0002 broadcast, value = 1
05-08 08:26:13.274 17176 17681 I OTConsentChanges: Sending C006 broadcast, value = 1
05-08 08:26:13.274 17176 17681 I OTConsentChanges: Sending C0003 broadcast, value = 1
05-08 08:26:13.275 17176 17681 I OTConsentChanges: Sending 35199799-eba7-4fa0-b4cb-7887e3ce5613 broadcast, value = 1
05-08 08:26:13.275 17176 17681 I OTConsentChanges: Sending 9b4f940d-319b-437d-83db-24f7088cec9f broadcast, value = 1
05-08 08:26:13.275 17176 17681 I OTConsentChanges: Sending 78dd26bf-c6ce-46f8-b145-a774901de586 broadcast, value = 1
05-08 08:26:13.276 17176 17681 I OTConsentChanges: Sending d1f0bce6-c5a3-4cc2-b4a4-56df91c25080 broadcast, value = 1
05-08 08:26:13.276 17176 17681 I OTConsentChanges: Sending 4e685593-aebe-4ef3-98a5-d5380563b8f0 broadcast, value = 1
05-08 08:26:13.277 17176 17681 I OTConsentChanges: Sending 2321b3aa-30a6-4447-8b2d-4bf75f2bb9f3 broadcast, value = 1
05-08 08:26:13.277 17176 17681 I OTConsentChanges: Sending 2b0b7fa3-1ebe-4fef-a268-7e6f6e99dae8 broadcast, value = 1
05-08 08:26:13.277 17176 17681 I OTConsentChanges: Sending 52494130-39a6-4cc4-8d58-3a9de23652d6 broadcast, value = 1
05-08 08:26:13.278 17176 17681 I OTConsentChanges: Sending 64e68eee-507a-461e-be29-c41761217569 broadcast, value = 1
05-08 08:26:13.278 17176 17681 I OTConsentChanges: Sending 968552b1-1247-4948-831a-f5ca12c2c07d broadcast, value = 1
05-08 08:26:13.278 17176 17681 I OTConsentChanges: Sending ce928b45-9464-4542-bb37-125324a3b664 broadcast, value = 1
05-08 08:26:13.278 17176 17681 I OTConsentChanges: Sending 397493c3-a2ee-4b1e-afa3-331e98981d00 broadcast, value = 1
05-08 08:26:13.279 17176 17681 I OTConsentChanges: Sending d096fd1f-a9fa-4f26-8988-cc4102306f1c broadcast, value = 1
05-08 08:26:13.279 17176 17681 I OTConsentChanges: Sending f05f3d69-49af-4d66-8cbf-57dd32ef18e0 broadcast, value = 1
05-08 08:26:13.280 17176 17681 I OTConsentChanges: Sending c5cb00dd-6562-43d0-9dae-5e3ceef0f910 broadcast, value = 1
05-08 08:26:13.280 17176 17681 I OTConsentChanges: Sending f6042f5c-00cd-4144-85ab-0e628ef6e17c broadcast, value = 1
05-08 08:26:13.280 17176 17681 I OTConsentChanges: Sending ac71c4a1-cf88-483b-bc7e-aba2235f6a70 broadcast, value = 1
05-08 08:26:13.281 17176 17681 I OTConsentChanges: Sending 93b1d92f-9873-45d6-9e84-869ef5b50111 broadcast, value = 1
05-08 08:26:13.281 17176 17681 I OTConsentChanges: Sending a84771e6-c661-4c5a-9fbb-528f439e9751 broadcast, value = 1
05-08 08:26:13.281 17176 17681 I OTConsentChanges: Sending abe46bc4-9892-41d3-beda-8fe6fe2c4cfb broadcast, value = 1
05-08 08:26:13.282 17176 17681 I OTConsentChanges: Sending 2abc6277-8394-4e53-8b20-93180194d8ca broadcast, value = 1
05-08 08:26:13.282 17176 17681 I OTConsentChanges: Sending f8dc60ca-cdf1-4aa7-9b02-0f1ce0dd4602 broadcast, value = 1
05-08 08:26:13.282 17176 17681 I OTConsentChanges: Sending fb76bb11-152b-4e73-afb9-26f17ec830fe broadcast, value = 1
05-08 08:26:13.282 17176 17681 I OTConsentChanges: Sending 04fce5e9-8d35-411e-b27e-83fa5eeef1cb broadcast, value = 1
05-08 08:26:13.282 17176 17681 I OTConsentChanges: Sending 4fd8e424-de7d-43bd-9fc9-5cacbd6bbd9d broadcast, value = 1
05-08 08:26:13.283 17176 17681 I OneTrust: Geolocation - country: US , region: CA
05-08 08:26:13.293 17176 17184 I .mcommerce.opa: Background concurrent copying GC freed 249965(10MB) AllocSpace objects, 51(2248KB) LOS objects, 49% free, 18MB/37MB, paused 1.602ms,123us total 152.107ms
05-08 08:26:13.293 17176 17176 I .mcommerce.opa: WaitForGcToComplete blocked ClassLinker on Background for 75.723ms
05-08 08:26:13.296 17176 17681 W OneTrust: Compute CCPA disabled for this template from OneTrust UI
05-08 08:26:13.300 17176 17681 W OneTrust: Gpp disabled for this region, not computing Gpp string.
05-08 08:26:13.352 17176 17176 I Wallet  : Wallet() START
05-08 08:26:13.352 17176 17176 I Wallet  : Wallet() END
05-08 08:26:13.355 17176 17176 I Wallet  : initializeThreadPool() START
05-08 08:26:13.355 17176 17176 I Wallet  : initializeThreadPool() END
05-08 08:26:13.382 17176 17442 W .mcommerce.opa: No such thread for suspend: 0x7703767eabf8:CYFOrientationListener
05-08 08:26:14.054 17176 17218 I WM-WorkerWrapper: Worker result SUCCESS for Work [ id=dbe12f2e-6d93-4158-b2c9-51b09f7439de, tags={ com.urbanairship.job.AirshipWorker, airship } ]
05-08 08:26:14.187 17176 17218 I WM-WorkerWrapper: Work [ id=cda97465-8c78-4fbc-bc18-72d1f40a1119, tags={ com.urbanairship.job.AirshipWorker, airship } ] was cancelled
05-08 08:26:14.187 17176 17218 I WM-WorkerWrapper: java.util.concurrent.CancellationException: Task was cancelled.
05-08 08:26:14.187 17176 17218 I WM-WorkerWrapper: 	at androidx.work.impl.utils.futures.AbstractFuture.cancellationExceptionWithCause(Unknown Source:2)
05-08 08:26:14.187 17176 17218 I WM-WorkerWrapper: 	at androidx.work.impl.utils.futures.AbstractFuture.getDoneValue(Unknown Source:30)
05-08 08:26:14.187 17176 17218 I WM-WorkerWrapper: 	at androidx.work.impl.utils.futures.AbstractFuture.get(SourceFile:48)
05-08 08:26:14.187 17176 17218 I WM-WorkerWrapper: 	at androidx.work.impl.WorkerWrapper$2.run(Unknown Source:4)
05-08 08:26:14.187 17176 17218 I WM-WorkerWrapper: 	at androidx.work.impl.utils.SerialExecutorImpl$Task.run(Unknown Source:2)
05-08 08:26:14.187 17176 17218 I WM-WorkerWrapper: 	at java.util.concurrent.ThreadPoolExecutor.runWorker(ThreadPoolExecutor.java:1167)
05-08 08:26:14.187 17176 17218 I WM-WorkerWrapper: 	at java.util.concurrent.ThreadPoolExecutor$Worker.run(ThreadPoolExecutor.java:641)
05-08 08:26:14.187 17176 17218 I WM-WorkerWrapper: 	at java.lang.Thread.run(Thread.java:920)
05-08 08:26:14.395 17176 17699 W System.err: com.kohls.mcommerce.opal.helper.error.AppException: KOHLS_PHONE_EXCEPTION: No rows obtained for: table: ShoppingBag
05-08 08:26:14.395 17176 17699 W System.err: 	at com.kohls.mcommerce.opal.helper.db.custom.DBShoppingBagHelper.getAllSyc(Unknown Source:62)
05-08 08:26:14.395 17176 17699 W System.err: 	at td.a.h(Unknown Source:8)
05-08 08:26:14.395 17176 17699 W System.err: 	at td.a.e(Unknown Source:0)
05-08 08:26:14.395 17176 17699 W System.err: 	at td.a$b.d(Unknown Source:57)
05-08 08:26:14.395 17176 17699 W System.err: 	at td.a$b.a(Unknown Source:0)
05-08 08:26:14.395 17176 17699 W System.err: 	at td.a$b$a.run(Unknown Source:2)
05-08 08:26:14.395 17176 17699 W System.err: 	at java.lang.Thread.run(Thread.java:920)
05-08 08:26:14.417   538   751 W ServiceManager: Permission failure: android.permission.HIGH_SAMPLING_RATE_SENSORS from uid=10177 pid=17176
05-08 08:26:14.418   538   751 W ServiceManager: Permission failure: android.permission.HIGH_SAMPLING_RATE_SENSORS from uid=10177 pid=17176
05-08 08:26:14.419   538   751 W ServiceManager: Permission failure: android.permission.HIGH_SAMPLING_RATE_SENSORS from uid=10177 pid=17176
05-08 08:26:14.424   538   751 W ServiceManager: Permission failure: android.permission.HIGH_SAMPLING_RATE_SENSORS from uid=10177 pid=17176
05-08 08:26:14.427   538   751 W ServiceManager: Permission failure: android.permission.HIGH_SAMPLING_RATE_SENSORS from uid=10177 pid=17176
05-08 08:26:14.428   538   751 W ServiceManager: Permission failure: android.permission.HIGH_SAMPLING_RATE_SENSORS from uid=10177 pid=17176
05-08 08:26:14.470 17176 17176 I Choreographer: Skipped 81 frames!  The application may be doing too much work on its main thread.
05-08 08:26:14.473 17176 17237 I WM-WorkerWrapper: Worker result SUCCESS for Work [ id=8701877a-a4bb-4b8f-9f73-f23a3b6e2eeb, tags={ com.urbanairship.job.AirshipWorker, airship } ]
05-08 08:26:14.523 17176 17453 W AdobeExperienceSDK: AnalyticsExtension - waitForAcquisitionData - Referrer timeout has expired without referrer data
05-08 08:26:14.630   538   577 I ActivityTaskManager: Displayed com.kohls.mcommerce.opal/.framework.view.activity.HomeActivity: +2s86ms
05-08 08:26:14.633 17176 17190 I OpenGLRenderer: Davey! duration=1508ms; Flags=1, FrameTimelineVsyncId=13029, IntendedVsync=485906598370, Vsync=487256598316, InputEventId=0, HandleInputStart=487265469800, AnimationStart=487265485900, PerformTraversalsStart=487265524700, DrawStart=487333928000, FrameDeadline=485923265036, FrameInterval=487265359300, FrameStartTime=16666666, SyncQueued=487352959400, SyncStart=487362144400, IssueDrawCommandsStart=487362346000, SwapBuffers=487412327700, FrameCompleted=487424312900, DequeueBufferDuration=58700, QueueBufferDuration=895600, GpuCompleted=487424312900, SwapBuffersCompleted=487413902700, DisplayPresentTime=0, 
05-08 08:26:14.658 17176 17218 I WM-WorkerWrapper: Worker result SUCCESS for Work [ id=82384e98-5b65-4a97-bdb9-2e8cc655ae8b, tags={ com.urbanairship.job.AirshipWorker, airship } ]
05-08 08:26:14.681  1412 17714 I AdvertisingIdClient: shouldSendLog 49724
05-08 08:26:14.681  1412 17714 I AdvertisingIdClient: GetInfoInternal elapse 13ms
05-08 08:26:14.686 17176 17176 I CSLIB   : User is drawn for tracking: true
05-08 08:26:14.776  1172 17674 W NetworkScheduler.ATC: Called cancelTask for already completed task com.google.android.gms/.measurement.PackageMeasurementTaskService{u=0 tag="Measurement.PackageMeasurementTaskService.UPLOAD_TASK_TAG" trigger=window{start=0s,end=1s,earliest=-120s,latest=-119s} requirements=[NET_CONNECTED,PREFERRED_NET_UNMETERED,PREFERRED_CHARGING] attributes=[PERSISTED] scheduled=-120s last_run=-120s exec_window_multiplier=1.0000 jid=N/A status=ACTIVE retries=0 client_lib=GMS_TASK_SCHEDULER-251333000} :1 [CONTEXT service_id=218 ]
05-08 08:26:14.802  2885  3146 I Finsky  : [116] ashj.K(185): Package com.google.android.gms is verified.
05-08 08:26:14.804  1412 17714 W FA-SVC  : Service response is missing Install Referrer install timestamp
05-08 08:26:14.912   538   554 W System  : A resource failed to call release. 
05-08 08:26:14.939  1172 16957 W NetworkScheduler.ATC: Called cancelTask for already completed task com.google.android.gms/.measurement.PackageMeasurementTaskService{u=0 tag="Measurement.PackageMeasurementTaskService.UPLOAD_TASK_TAG" trigger=window{start=0s,end=1s,earliest=-120s,latest=-119s} requirements=[NET_CONNECTED,PREFERRED_NET_UNMETERED,PREFERRED_CHARGING] attributes=[PERSISTED] scheduled=-120s last_run=-120s exec_window_multiplier=1.0000 jid=N/A status=ACTIVE retries=0 client_lib=GMS_TASK_SCHEDULER-251333000} :1 [CONTEXT service_id=218 ]
05-08 08:26:14.966  1172 16669 W NetworkScheduler.ATC: Called cancelTask for already completed task com.google.android.gms/.measurement.PackageMeasurementTaskService{u=0 tag="Measurement.PackageMeasurementTaskService.UPLOAD_TASK_TAG" trigger=window{start=0s,end=1s,earliest=-120s,latest=-119s} requirements=[NET_CONNECTED,PREFERRED_NET_UNMETERED,PREFERRED_CHARGING] attributes=[PERSISTED] scheduled=-120s last_run=-120s exec_window_multiplier=1.0000 jid=N/A status=ACTIVE retries=0 client_lib=GMS_TASK_SCHEDULER-251333000} :1 [CONTEXT service_id=218 ]
05-08 08:26:14.984 17176 17184 I .mcommerce.opa: Background young concurrent copying GC freed 261403(11MB) AllocSpace objects, 185(9872KB) LOS objects, 12% free, 32MB/37MB, paused 1.186ms,76us total 309.612ms
05-08 08:26:15.005   538   581 W ActivityTaskManager: Launch timeout has expired, giving up wake lock!
05-08 08:26:15.003  1172 16669 W NetworkScheduler.ATC: Called cancelTask for already completed task com.google.android.gms/.measurement.PackageMeasurementTaskService{u=0 tag="Measurement.PackageMeasurementTaskService.UPLOAD_TASK_TAG" trigger=window{start=0s,end=1s,earliest=-120s,latest=-119s} requirements=[NET_CONNECTED,PREFERRED_NET_UNMETERED,PREFERRED_CHARGING] attributes=[PERSISTED] scheduled=-120s last_run=-120s exec_window_multiplier=1.0000 jid=N/A status=ACTIVE retries=0 client_lib=GMS_TASK_SCHEDULER-251333000} :1 [CONTEXT service_id=218 ]
05-08 08:26:15.044  1172 17521 W NetworkScheduler.ATC: Called cancelTask for already completed task com.google.android.gms/.measurement.PackageMeasurementTaskService{u=0 tag="Measurement.PackageMeasurementTaskService.UPLOAD_TASK_TAG" trigger=window{start=0s,end=1s,earliest=-120s,latest=-119s} requirements=[NET_CONNECTED,PREFERRED_NET_UNMETERED,PREFERRED_CHARGING] attributes=[PERSISTED] scheduled=-120s last_run=-120s exec_window_multiplier=1.0000 jid=N/A status=ACTIVE retries=0 client_lib=GMS_TASK_SCHEDULER-251333000} :1 [CONTEXT service_id=218 ]
05-08 08:26:15.049 17176 17503 W .mcommerce.opa: Class com.gimbal.sdk.o0.a failed lock verification and will run slower.
05-08 08:26:15.103 17176 17441 E AdobeExperienceSDK: Assurance - Background worker thread(InboundEventWorker) interrupted: null
05-08 08:26:15.105 17176 17439 E AdobeExperienceSDK: Assurance - Background worker thread(OutboundEventWorker) interrupted: null
05-08 08:26:15.115 17176 17503 I System.out: Key changed: Registration_Properties
05-08 08:26:15.200 17176 17237 I WM-WorkerWrapper: Worker result SUCCESS for Work [ id=2f982752-e49c-4098-bcf1-f33a8ac0cdce, tags={ com.urbanairship.job.AirshipWorker, airship } ]
05-08 08:26:15.235   538  4921 W InputManager-JNI: Input channel object 'be7f8f8 com.kohls.mcommerce.opal/com.kohls.mcommerce.opal.framework.view.activity.KohlsSplashScreen (client)' was disposed without first being removed with the input manager!
05-08 08:26:15.335 17176 17463 W AdobeExperienceSDK: RemoteDownloader - File could not be downloaded from URL (https://assets.adobedtm.com/6d2e783bbfe3/7753be48191e/launch-8a28eeeb0bd1.json) Response: (304) Message: (Not Modified)
05-08 08:26:15.368 17176 17235 I WM-WorkerWrapper: Worker result SUCCESS for Work [ id=33f05d72-b5eb-47af-b10f-8b8474c6315c, tags={ com.urbanairship.job.AirshipWorker, airship } ]
05-08 08:26:15.371 17176 17755 E G.b     : [ClientStateSendJob      ] android.permission.ACCESS_FINE_LOCATION permission not granted. Unable to use Locations
05-08 08:26:15.421 17176 17184 I .mcommerce.opa: Background concurrent copying GC freed 519271(18MB) AllocSpace objects, 114(5080KB) LOS objects, 49% free, 17MB/35MB, paused 359us,92us total 182.126ms
05-08 08:26:15.442 17176 17218 I WM-WorkerWrapper: Worker result SUCCESS for Work [ id=312fa705-664a-4010-b248-f0f4afd10f59, tags={ com.urbanairship.job.AirshipWorker, airship } ]
05-08 08:26:15.510  1172 16669 I NetworkScheduler.Stats: (REDACTED) Task %s/%s started execution. cause:%s exec_start_elapsed_seconds: %s
05-08 08:26:15.587  2885  2930 I Finsky  : [75] naa.run(720): AIM: AppInfoManager-Perf > Destroying AppInfoManager ...
05-08 08:26:15.724 17176 17235 I WM-WorkerWrapper: Worker result SUCCESS for Work [ id=a9689c11-7ee8-456e-8e9f-fb4a5aafad0f, tags={ com.urbanairship.job.AirshipWorker, airship } ]
05-08 08:26:15.799  1172  1180 I .gms.persisten: Background young concurrent copying GC freed 281115(15MB) AllocSpace objects, 3(60KB) LOS objects, 39% free, 22MB/37MB, paused 3.706ms,56us total 252.688ms
05-08 08:26:15.808  1172  1182 W SQLiteConnectionPool: A SQLiteConnection object for database '/data/user/0/com.google.android.gms/databases/metadata.db' was leaked!  Please fix your application to end transactions in progress properly and to close the database when it is no longer needed.
05-08 08:26:15.808  1172  1182 W System  : A resource failed to call close. 
05-08 08:26:15.824 17176 17691 I CYFMonitor: Initializing Akamai BMP Monitor
05-08 08:26:15.851 17176 17693 I PlayCore: UID: [10177]  PID: [17176] StandardIntegrity : warmUpIntegrityToken(145656491484)
05-08 08:26:15.852 17176 17787 I PlayCore: UID: [10177]  PID: [17176] StandardIntegrity : Initiate binding to the service.
05-08 08:26:15.908  1172 17521 I PhenotypeResourceReader: unable to find any Phenotype resource metadata for com.google.android.onetimeinitializer
05-08 08:26:15.929   538  1658 W ServiceManager: Permission failure: android.permission.HIGH_SAMPLING_RATE_SENSORS from uid=10177 pid=17176
05-08 08:26:15.932   538  1658 W ServiceManager: Permission failure: android.permission.HIGH_SAMPLING_RATE_SENSORS from uid=10177 pid=17176
05-08 08:26:15.936   538  1658 W ServiceManager: Permission failure: android.permission.HIGH_SAMPLING_RATE_SENSORS from uid=10177 pid=17176
05-08 08:26:15.942   538  1658 W ServiceManager: Permission failure: android.permission.HIGH_SAMPLING_RATE_SENSORS from uid=10177 pid=17176
05-08 08:26:15.943   538  1658 W ServiceManager: Permission failure: android.permission.HIGH_SAMPLING_RATE_SENSORS from uid=10177 pid=17176
05-08 08:26:15.945   538  1658 W ServiceManager: Permission failure: android.permission.HIGH_SAMPLING_RATE_SENSORS from uid=10177 pid=17176
05-08 08:26:16.026  9950 13267 W libc    : Access denied finding property "persist.adb.tls_server.enable"
05-08 08:26:16.024  9950  9950 W Binder:9950_6: type=1400 audit(0.0:115): avc: denied { read } for name="u:object_r:system_adbd_prop:s0" dev="tmpfs" ino=243 scontext=u:r:gmscore_app:s0:c512,c768 tcontext=u:object_r:system_adbd_prop:s0 tclass=file permissive=0 app=com.google.android.gms
05-08 08:26:16.039 17176 17237 I WM-WorkerWrapper: Worker result SUCCESS for Work [ id=b271677a-4621-4544-b6cc-33595cef259a, tags={ com.urbanairship.job.AirshipWorker, airship } ]
05-08 08:26:16.063  1349  5273 W MediaProvider: isAppCloneUserPair for user 0: false
05-08 08:26:16.126 17176 17176 I PlayCore: UID: [10177]  PID: [17176] StandardIntegrity : ServiceConnectionImpl.onServiceConnected(ComponentInfo{com.android.vending/com.google.android.finsky.expressintegrityservice.ExpressIntegrityService})
05-08 08:26:16.127   176   176 I hwservicemanager: getTransport: Cannot find entry android.hardware.graphics.mapper@4.0::IMapper/default in either framework or device VINTF manifest.
05-08 08:26:16.127 17176 17787 I PlayCore: UID: [10177]  PID: [17176] StandardIntegrity : linkToDeath
05-08 08:26:16.129 17819 17822 I Gralloc4: mapper 4.x is not supported
05-08 08:26:16.374  1349  1860 I MediaProvider: Begin Intent { act=android.intent.action.MEDIA_SCANNER_SCAN_FILE dat=file:///sdcard/screen_2025-05-08_162616.png flg=0x1400010 cmp=com.google.android.providers.media.module/com.android.providers.media.MediaService }
05-08 08:26:16.399  1172 17521 I PhenotypeResourceReader: unable to find any Phenotype resource metadata for com.google.android.deskclock
05-08 08:26:16.414 17829 17829 W e.process.gapp: Unexpected CPU variant for X86 using defaults: x86_64
05-08 08:26:16.421 17829 17829 E e.process.gapp: Not starting debugger since process cannot load the jdwp agent.
05-08 08:26:16.451   538   593 I ActivityManager: Start proc 17829:com.google.process.gapps/u0a97 for content provider {com.google.android.gsf/com.google.android.gsf.settings.GoogleSettingsProvider}
05-08 08:26:16.508  1172  3864 I NearbyMediums: No BLE Fast/GATT advertisements found in the latest cycle.
05-08 08:26:16.552  1349  1860 I MediaProvider: End Intent { act=android.intent.action.MEDIA_SCANNER_SCAN_FILE dat=file:///sdcard/screen_2025-05-08_162616.png flg=0x1400010 cmp=com.google.android.providers.media.module/com.android.providers.media.MediaService }
05-08 08:26:16.554  1349  1370 I FuseDaemon: Background concurrent copying GC freed 23088(1632KB) AllocSpace objects, 19(484KB) LOS objects, 49% free, 2585KB/5170KB, paused 467us,86us total 142.013ms
05-08 08:26:16.600  1349  7526 I MediaProvider: Deleted 0 1 0 0 0 0 0 items on external_primary due to com.android.shell
05-08 08:26:16.601  1172  2228 I UriTaskContentObserver: (REDACTED) Throttling content uri change event for %s
05-08 08:26:16.628  1349  1453 E StorageManager: Failed to open /storage/emulated/0/screen_2025-05-08_162616.png to set project id.: No such file or directory
05-08 08:26:16.630 17176 17237 I WM-WorkerWrapper: Worker result SUCCESS for Work [ id=c65b097e-1eef-49c4-87af-00208d38e5e5, tags={ com.urbanairship.job.AirshipWorker, airship } ]
05-08 08:26:16.643  1349  1453 W MediaProvider: Failed to update quota type for /storage/emulated/0/screen_2025-05-08_162616.png
05-08 08:26:16.643  1349  1453 W MediaProvider: java.io.IOException: Failed to update quota type for /storage/emulated/0/screen_2025-05-08_162616.png
05-08 08:26:16.643  1349  1453 W MediaProvider: 	at android.os.storage.StorageManager.updateExternalStorageFileQuotaType(StorageManager.java:2596)
05-08 08:26:16.643  1349  1453 W MediaProvider: 	at com.android.providers.media.MediaProvider.updateQuotaTypeForFileInternal(MediaProvider.java:637)
05-08 08:26:16.643  1349  1453 W MediaProvider: 	at com.android.providers.media.MediaProvider.updateQuotaTypeForUri(MediaProvider.java:615)
05-08 08:26:16.643  1349  1453 W MediaProvider: 	at com.android.providers.media.MediaProvider.access$1000(MediaProvider.java:254)
05-08 08:26:16.643  1349  1453 W MediaProvider: 	at com.android.providers.media.MediaProvider$3.lambda$onUpdate$1(MediaProvider.java:689)
05-08 08:26:16.643  1349  1453 W MediaProvider: 	at com.android.providers.media.MediaProvider$3.$r8$lambda$ZdUE6FQqSMahblcS35StEQHJ7ww(Unknown Source:0)
05-08 08:26:16.643  1349  1453 W MediaProvider: 	at com.android.providers.media.MediaProvider$3$$ExternalSyntheticLambda1.run(Unknown Source:8)
05-08 08:26:16.643  1349  1453 W MediaProvider: 	at android.os.Handler.handleCallback(Handler.java:938)
05-08 08:26:16.643  1349  1453 W MediaProvider: 	at android.os.Handler.dispatchMessage(Handler.java:99)
05-08 08:26:16.643  1349  1453 W MediaProvider: 	at android.os.Looper.loopOnce(Looper.java:201)
05-08 08:26:16.643  1349  1453 W MediaProvider: 	at android.os.Looper.loop(Looper.java:288)
05-08 08:26:16.643  1349  1453 W MediaProvider: 	at android.os.HandlerThread.run(HandlerThread.java:67)
05-08 08:26:16.680 17176 17235 I WM-WorkerWrapper: Worker result SUCCESS for Work [ id=ea60d0a4-8679-4228-ad97-698fafe7c04a, tags={ com.urbanairship.job.AirshipWorker, airship } ]
05-08 08:26:16.744 17829 17829 I GoogleHttpClient: GMS http client unavailable, use old client
05-08 08:26:16.758 17176 17184 I .mcommerce.opa: Background young concurrent copying GC freed 468082(13MB) AllocSpace objects, 84(5324KB) LOS objects, 41% free, 21MB/35MB, paused 543us,72us total 480.418ms
05-08 08:26:16.772 17829 17829 I CarUiInstaller: CarUiInstaller started for com.google.android.gsf
05-08 08:26:16.843  1172 17521 I PhenotypeResourceReader: unable to find any Phenotype resource metadata for com.google.android.modulemetadata
05-08 08:26:16.907  1172 17521 I PhenotypeResourceReader: unable to find any Phenotype resource metadata for com.google.android.syncadapters.contacts
05-08 08:26:16.911  1172 17521 I PhenotypeResourceReader: unable to find any Phenotype resource metadata for com.android.chrome
05-08 08:26:16.928  1172 17521 I PhenotypeResourceReader: unable to find any Phenotype resource metadata for com.google.android.gsf
05-08 08:26:16.929  1172 17521 I PhenotypeResourceReader: unable to find any Phenotype resource metadata for com.google.android.tag
05-08 08:26:16.948  1172 17521 I PhenotypeResourceReader: unable to find any Phenotype resource metadata for com.google.android.partnersetup
05-08 08:26:16.953  1172 17521 I PhenotypeResourceReader: unable to find any Phenotype resource metadata for com.google.android.apps.nexuslauncher
05-08 08:26:16.961  1172 17521 I PhenotypeResourceReader: unable to find any Phenotype resource metadata for com.google.android.feedback
05-08 08:26:17.024 17176 17237 I WM-WorkerWrapper: Worker result SUCCESS for Work [ id=9e2e44a0-b8f5-46cc-bc61-f02b521ea2a7, tags={ com.urbanairship.job.AirshipWorker, airship } ]
05-08 08:26:17.084  1172 17521 I PhenotypeResourceReader: unable to find any Phenotype resource metadata for com.android.settings
05-08 08:26:17.136 17176 17787 I PlayCore: UID: [10177]  PID: [17176] StandardIntegrity : Unbind from service.
05-08 08:26:17.138 17176 17505 I PlayCore: UID: [10177]  PID: [17176] OnWarmUpIntegrityTokenCallback : onWarmUpExpressIntegrityToken
05-08 08:26:17.187  1172 17521 I PhenotypeResourceReader: unable to find any Phenotype resource metadata for com.google.android.apps.wallpaper
05-08 08:26:17.203  1172 17521 I PhenotypeResourceReader: unable to find any Phenotype resource metadata for com.android.systemui
05-08 08:26:17.238  2885  2931 I Finsky  : [76] naa.run(720): AIM: AppInfoManager-Perf > Destroying AppInfoManager ...
05-08 08:26:17.265  1349  5273 W MediaProvider: isAppCloneUserPair for user 0: false
05-08 08:26:17.290   176   176 I hwservicemanager: getTransport: Cannot find entry android.hardware.graphics.mapper@4.0::IMapper/default in either framework or device VINTF manifest.
05-08 08:26:17.290 17888 17890 I Gralloc4: mapper 4.x is not supported
05-08 08:26:17.455  1349  1860 I MediaProvider: Begin Intent { act=android.intent.action.MEDIA_SCANNER_SCAN_FILE dat=file:///sdcard/screen_2025-05-08_162617.png flg=0x1400010 cmp=com.google.android.providers.media.module/com.android.providers.media.MediaService }
05-08 08:26:17.460 17176 17519 I Apptentive: [SDK Queue] [INTERACTIONS] Criteria evaluated => true
05-08 08:26:17.499  1349  1860 I MediaProvider: End Intent { act=android.intent.action.MEDIA_SCANNER_SCAN_FILE dat=file:///sdcard/screen_2025-05-08_162617.png flg=0x1400010 cmp=com.google.android.providers.media.module/com.android.providers.media.MediaService }
05-08 08:26:17.520 17176 17519 I Apptentive: [SDK Queue] [INTERACTIONS] Criteria evaluated => true
05-08 08:26:17.548 17176 17519 I Apptentive: [SDK Queue] [INTERACTIONS] Criteria evaluated => true
05-08 08:26:17.572  1349  7526 I MediaProvider: Deleted 0 1 0 0 0 0 0 items on external_primary due to com.android.shell
05-08 08:26:17.573  1172  2228 I UriTaskContentObserver: (REDACTED) Throttling content uri change event for %s
05-08 08:26:17.583 17176 17519 I Apptentive: [SDK Queue] [INTERACTIONS] Criteria evaluated => true
05-08 08:26:17.606 17176 17519 I Apptentive: [SDK Queue] [INTERACTIONS] Criteria evaluated => true
05-08 08:26:17.648 17176 17519 I Apptentive: [SDK Queue] [INTERACTIONS] Criteria evaluated => true
05-08 08:26:17.704 17176 17442 E ta.a    : onConversionDataSuccess Map: {install_time=2025-05-08 08:26:16.959, af_message=organic install, af_status=Organic, is_first_launch=true}
05-08 08:26:17.769 17176 17519 I Apptentive: [SDK Queue] [INTERACTIONS] Criteria evaluated => true
05-08 08:26:17.803 17176 17519 I Apptentive: [SDK Queue] [INTERACTIONS] Criteria evaluated => true
05-08 08:26:17.826 17176 17519 I Apptentive: [SDK Queue] [INTERACTIONS] Criteria evaluated => true
05-08 08:26:17.861 17176 17519 I Apptentive: [SDK Queue] [EVENT] Engaged event: local#app#homepage
05-08 08:26:17.876 17176 17519 I Apptentive: [SDK Queue] [INTERACTIONS] Criteria evaluated => true
05-08 08:26:17.885 17176 17184 I .mcommerce.opa: Background concurrent copying GC freed 147316(6687KB) AllocSpace objects, 88(14MB) LOS objects, 49% free, 15MB/31MB, paused 1.457ms,81us total 129.760ms
05-08 08:26:17.894 17176 17185 W JavaBinder: BinderProxy is being destroyed but the application did not call unlinkToDeath to unlink all of its death recipients beforehand.  Releasing leaked death recipient: com.google.android.play.integrity.internal.u
05-08 08:26:17.894 17176 17185 I BpBinder: onLastStrongRef automatically unlinking death recipients: <uncached descriptor>
05-08 08:26:17.906 17176 17186 W System  : A resource failed to call end. 
05-08 08:26:17.906 17176 17186 W System  : A resource failed to call end. 
05-08 08:26:17.929 17176 17519 I Apptentive: [SDK Queue] [INTERACTIONS] Criteria evaluated => false
05-08 08:26:17.937 17176 17519 I Apptentive: [SDK Queue] [INTERACTIONS] Criteria evaluated => false
05-08 08:26:17.938 17176 17519 I Apptentive: [SDK Queue] [INTERACTIONS] Criteria evaluated => false
05-08 08:26:17.938 17176 17519 I Apptentive: [SDK Queue] [INTERACTIONS] Criteria evaluated => false
05-08 08:26:17.939 17176 17519 I Apptentive: [SDK Queue] [INTERACTIONS] Criteria evaluated => false
05-08 08:26:17.939 17176 17519 I Apptentive: [SDK Queue] [INTERACTIONS] Criteria evaluated => false
05-08 08:26:18.004  1172 17521 I HeterodyneSyncer: (REDACTED) Removed %d invalid users
05-08 08:26:18.064 17924 17924 I AndroidRuntime: Using default boot image
05-08 08:26:18.064 17924 17924 I AndroidRuntime: Leaving lock profiling enabled
05-08 08:26:18.064 17924 17924 W libc    : Access denied finding property "odsign.verification.success"
05-08 08:26:18.067 17924 17924 W app_process: ART APEX data files are untrusted.
05-08 08:26:18.060 17924 17924 W app_process: type=1400 audit(0.0:116): avc: denied { read } for name="u:object_r:odsign_prop:s0" dev="tmpfs" ino=203 scontext=u:r:shell:s0 tcontext=u:object_r:odsign_prop:s0 tclass=file permissive=0
05-08 08:26:18.143 17924 17924 W app_process: Unexpected CPU variant for X86 using defaults: x86_64
05-08 08:26:18.145 17924 17924 W app_process: ClassLoaderContext classpath size mismatch. expected=0, found=1 (PCL[] | PCL[/system/framework/android.test.runner.jar*1585996318])
05-08 08:26:18.227   396 17948 I adbd    : host-15: write thread spawning
05-08 08:26:18.229   396 17947 I adbd    : host-15: read thread spawning
05-08 08:26:18.229   396 17947 I adbd    : host-15: read failed: Success
05-08 08:26:18.229   396 17947 I adbd    : host-15: connection terminated: read failed
05-08 08:26:18.229   396   396 I adbd    : host-15: already offline
05-08 08:26:18.229   396   396 I adbd    : destroying transport host-15
05-08 08:26:18.229   396   396 I adbd    : BlockingConnectionAdapter(host-15): stopping
05-08 08:26:18.229   396   396 I adbd    : BlockingConnectionAdapter(host-15): stopped
05-08 08:26:18.229   396   396 I adbd    : BlockingConnectionAdapter(host-15): destructing
05-08 08:26:18.229   396   396 I adbd    : BlockingConnectionAdapter(host-15): already stopped
05-08 08:26:18.367   538  1658 W ServiceManager: Permission failure: android.permission.HIGH_SAMPLING_RATE_SENSORS from uid=10177 pid=17176
05-08 08:26:18.368   538  1658 W ServiceManager: Permission failure: android.permission.HIGH_SAMPLING_RATE_SENSORS from uid=10177 pid=17176
05-08 08:26:18.387 17176 17606 E BMP:PoW : Failed to get PoW Params, HTTP response code: 503
05-08 08:26:18.387 17176 17606 E BMP:PoW : Error: Get Params error
05-08 08:26:18.393   538  1658 W ServiceManager: Permission failure: android.permission.HIGH_SAMPLING_RATE_SENSORS from uid=10177 pid=17176
05-08 08:26:18.395   538  1658 W ServiceManager: Permission failure: android.permission.HIGH_SAMPLING_RATE_SENSORS from uid=10177 pid=17176
05-08 08:26:18.399   538  1658 W ServiceManager: Permission failure: android.permission.HIGH_SAMPLING_RATE_SENSORS from uid=10177 pid=17176
05-08 08:26:19.185 17924 17924 W AccessibilityNodeInfoDumper: Fetch time: 2ms
05-08 08:26:20.296  1172 17521 W FlagUpdateListenerRegis: Unable to invoke IFlagUpdateListener.onFlagUpdate. App: com.google.android.gms. Process: com.google.android.gms.unstable|99340123. Error: android.os.DeadObjectException. [CONTEXT service_id=51 ]
05-08 08:26:20.303  1172 17521 W FlagUpdateListenerRegis: Unable to invoke IFlagUpdateListener.onFlagUpdate. App: com.google.android.gms. Process: com.google.android.gms.ui|174561188. Error: android.os.DeadObjectException. [CONTEXT service_id=51 ]
05-08 08:26:20.318  1172 17521 I HeterodyneSyncScheduler: (REDACTED) Scheduling adaptive one off task with window [%d, %d] in seconds
05-08 08:26:20.366  1172 17674 I NetworkScheduler.Stats: (REDACTED) Task %s/%s finished executing. cause:%s result: %s elapsed_millis: %s uptime_millis: %s exec_start_elapsed_seconds: %s
05-08 08:26:20.392  1412 17975 I 43-ServiceEntitlementIn: (REDACTED) [%s] onCreate
05-08 08:26:20.393  1412 17975 I 43-ServiceEntitlementIn: (REDACTED) [%s] Unavailable Open Gateway Interfaces (OGI) for 3P
05-08 08:26:20.393  1412 17975 I 43-ServiceEntitlementIn: (REDACTED) [%s] onDestroy
05-08 08:26:20.399  1349  7520 W MediaProvider: isAppCloneUserPair for user 0: false
05-08 08:26:20.426  1172 17674 I NetworkScheduler.Stats: (REDACTED) Task %s/%s started execution. cause:%s exec_start_elapsed_seconds: %s
05-08 08:26:20.427   176   176 I hwservicemanager: getTransport: Cannot find entry android.hardware.graphics.mapper@4.0::IMapper/default in either framework or device VINTF manifest.
05-08 08:26:20.428 17978 17988 I Gralloc4: mapper 4.x is not supported
05-08 08:26:20.434  1172 17521 I NetworkScheduler.Stats: (REDACTED) Task %s/%s finished executing. cause:%s result: %s elapsed_millis: %s uptime_millis: %s exec_start_elapsed_seconds: %s
05-08 08:26:20.639  1349  1860 I MediaProvider: Begin Intent { act=android.intent.action.MEDIA_SCANNER_SCAN_FILE dat=file:///sdcard/screen_2025-05-08_162620.png flg=0x1400010 cmp=com.google.android.providers.media.module/com.android.providers.media.MediaService }
05-08 08:26:20.648  1349  1860 I MediaProvider: End Intent { act=android.intent.action.MEDIA_SCANNER_SCAN_FILE dat=file:///sdcard/screen_2025-05-08_162620.png flg=0x1400010 cmp=com.google.android.providers.media.module/com.android.providers.media.MediaService }
05-08 08:26:20.786  1349  5273 I MediaProvider: Deleted 0 1 0 0 0 0 0 items on external_primary due to com.android.shell
05-08 08:26:21.200   190 17531 I keystore2: keystore2::watchdog: Watchdog thread idle -> terminating. Have a great day.
05-08 08:26:21.466 17176 17237 I WM-WorkerWrapper: Worker result SUCCESS for Work [ id=3bd3feda-7cb8-4e56-afc7-e306a836cb7c, tags={ com.urbanairship.job.AirshipWorker, airship } ]
05-08 08:26:21.810   538   751 I ActivityTaskManager: START u0 {flg=0x10000000 cmp=com.kohls.mcommerce.opal/com.urbanairship.android.layout.ui.ModalActivity (has extras)} from uid 10177
05-08 08:26:21.828   538   751 W ActivityTaskManager: Tried to set launchTime (0) < mLastActivityLaunchTime (485848)
05-08 08:26:21.846   365   365 I BpBinder: onLastStrongRef automatically unlinking death recipients: <uncached descriptor>
05-08 08:26:21.898   538   751 W ServiceManager: Permission failure: android.permission.HIGH_SAMPLING_RATE_SENSORS from uid=10177 pid=17176
05-08 08:26:21.899   538  1658 W ServiceManager: Permission failure: android.permission.HIGH_SAMPLING_RATE_SENSORS from uid=10177 pid=17176
05-08 08:26:21.900   538  1658 W ServiceManager: Permission failure: android.permission.HIGH_SAMPLING_RATE_SENSORS from uid=10177 pid=17176
05-08 08:26:21.901   538   751 W ServiceManager: Permission failure: android.permission.HIGH_SAMPLING_RATE_SENSORS from uid=10177 pid=17176
05-08 08:26:21.901   538  1658 W ServiceManager: Permission failure: android.permission.HIGH_SAMPLING_RATE_SENSORS from uid=10177 pid=17176
05-08 08:26:21.902   538  1658 W ServiceManager: Permission failure: android.permission.HIGH_SAMPLING_RATE_SENSORS from uid=10177 pid=17176
05-08 08:26:22.004   538   577 I ActivityTaskManager: Displayed com.kohls.mcommerce.opal/com.urbanairship.android.layout.ui.ModalActivity: +193ms
05-08 08:26:22.020 17176 18078 W OpenGLRenderer: Failed to choose config with EGL_SWAP_BEHAVIOR_PRESERVED, retrying without...
05-08 08:26:22.021 17176 18078 W OpenGLRenderer: Failed to initialize 101010-2 format, error = EGL_SUCCESS
05-08 08:26:22.048  1172 17674 W NetworkScheduler.ATC: Called cancelTask for already completed task com.google.android.gms/.measurement.PackageMeasurementTaskService{u=0 tag="Measurement.PackageMeasurementTaskService.UPLOAD_TASK_TAG" trigger=window{start=0s,end=1s,earliest=-127s,latest=-126s} requirements=[NET_CONNECTED,PREFERRED_NET_UNMETERED,PREFERRED_CHARGING] attributes=[PERSISTED] scheduled=-127s last_run=-127s exec_window_multiplier=1.0000 jid=N/A status=ACTIVE retries=0 client_lib=GMS_TASK_SCHEDULER-251333000} :1 [CONTEXT service_id=218 ]
05-08 08:26:22.077  1172 16669 W NetworkScheduler.ATC: Called cancelTask for already completed task com.google.android.gms/.measurement.PackageMeasurementTaskService{u=0 tag="Measurement.PackageMeasurementTaskService.UPLOAD_TASK_TAG" trigger=window{start=0s,end=1s,earliest=-127s,latest=-126s} requirements=[NET_CONNECTED,PREFERRED_NET_UNMETERED,PREFERRED_CHARGING] attributes=[PERSISTED] scheduled=-127s last_run=-127s exec_window_multiplier=1.0000 jid=N/A status=ACTIVE retries=0 client_lib=GMS_TASK_SCHEDULER-251333000} :1 [CONTEXT service_id=218 ]
05-08 08:26:22.354 17176 17235 I WM-WorkerWrapper: Worker result SUCCESS for Work [ id=489acca0-31b4-4d20-ade3-8749cbb35d3a, tags={ com.urbanairship.job.AirshipWorker, airship } ]
05-08 08:26:22.506   538   538 I Telecom : DefaultDialerCache: Refreshing default dialer for user 0: now com.android.dialer: DDC.oR@AKQ
05-08 08:26:22.544   538   666 I InputReader: Reconfiguring input devices, changes=KEYBOARD_LAYOUTS | 
05-08 08:26:22.544  1734  8165 I PermissionControllerServiceImpl: Updating user sensitive for uid 10177
05-08 08:26:23.342  1349  7520 W MediaProvider: isAppCloneUserPair for user 0: false
05-08 08:26:23.381   176   176 I hwservicemanager: getTransport: Cannot find entry android.hardware.graphics.mapper@4.0::IMapper/default in either framework or device VINTF manifest.
05-08 08:26:23.383 18108 18110 I Gralloc4: mapper 4.x is not supported
05-08 08:26:23.603  1349  1860 I MediaProvider: Begin Intent { act=android.intent.action.MEDIA_SCANNER_SCAN_FILE dat=file:///sdcard/screen_2025-05-08_162623.png flg=0x1400010 cmp=com.google.android.providers.media.module/com.android.providers.media.MediaService }
05-08 08:26:23.612  1349  1860 I MediaProvider: End Intent { act=android.intent.action.MEDIA_SCANNER_SCAN_FILE dat=file:///sdcard/screen_2025-05-08_162623.png flg=0x1400010 cmp=com.google.android.providers.media.module/com.android.providers.media.MediaService }
05-08 08:26:23.708  1349  5273 I MediaProvider: Deleted 0 1 0 0 0 0 0 items on external_primary due to com.android.shell
05-08 08:26:23.708  1172  2228 I UriTaskContentObserver: (REDACTED) Throttling content uri change event for %s
05-08 08:26:24.104 17176 18113 E BMP:PoW : Failed to get PoW Params, HTTP response code: 503
05-08 08:26:24.104 17176 18113 E BMP:PoW : Error: Get Params error
05-08 08:26:24.656  1349  7520 W MediaProvider: isAppCloneUserPair for user 0: false
05-08 08:26:24.690   176   176 I hwservicemanager: getTransport: Cannot find entry android.hardware.graphics.mapper@4.0::IMapper/default in either framework or device VINTF manifest.
05-08 08:26:24.690 18152 18156 I Gralloc4: mapper 4.x is not supported
05-08 08:26:24.754  1172 17521 W NetworkScheduler.ATC: Called cancelTask for already completed task com.google.android.gms/.measurement.PackageMeasurementTaskService{u=0 tag="Measurement.PackageMeasurementTaskService.UPLOAD_TASK_TAG" trigger=window{start=0s,end=1s,earliest=-130s,latest=-129s} requirements=[NET_CONNECTED,PREFERRED_NET_UNMETERED,PREFERRED_CHARGING] attributes=[PERSISTED] scheduled=-130s last_run=-130s exec_window_multiplier=1.0000 jid=N/A status=ACTIVE retries=0 client_lib=GMS_TASK_SCHEDULER-251333000} :1 [CONTEXT service_id=218 ]
05-08 08:26:24.899  1349  1860 I MediaProvider: Begin Intent { act=android.intent.action.MEDIA_SCANNER_SCAN_FILE dat=file:///sdcard/screen_2025-05-08_162624.png flg=0x1400010 cmp=com.google.android.providers.media.module/com.android.providers.media.MediaService }
05-08 08:26:24.907  1349  1860 I MediaProvider: End Intent { act=android.intent.action.MEDIA_SCANNER_SCAN_FILE dat=file:///sdcard/screen_2025-05-08_162624.png flg=0x1400010 cmp=com.google.android.providers.media.module/com.android.providers.media.MediaService }
05-08 08:26:25.032  1349  5273 I MediaProvider: Deleted 0 1 0 0 0 0 0 items on external_primary due to com.android.shell
05-08 08:26:25.261  1172 17521 W NetworkScheduler.ATC: Called cancelTask for already completed task com.google.android.gms/.measurement.PackageMeasurementTaskService{u=0 tag="Measurement.PackageMeasurementTaskService.UPLOAD_TASK_TAG" trigger=window{start=0s,end=1s,earliest=-131s,latest=-130s} requirements=[NET_CONNECTED,PREFERRED_NET_UNMETERED,PREFERRED_CHARGING] attributes=[PERSISTED] scheduled=-131s last_run=-131s exec_window_multiplier=1.0000 jid=N/A status=ACTIVE retries=0 client_lib=GMS_TASK_SCHEDULER-251333000} :1 [CONTEXT service_id=218 ]
05-08 08:26:25.273  1172 17521 W NetworkScheduler.ATC: Called cancelTask for already completed task com.google.android.gms/.measurement.PackageMeasurementTaskService{u=0 tag="Measurement.PackageMeasurementTaskService.UPLOAD_TASK_TAG" trigger=window{start=0s,end=1s,earliest=-131s,latest=-130s} requirements=[NET_CONNECTED,PREFERRED_NET_UNMETERED,PREFERRED_CHARGING] attributes=[PERSISTED] scheduled=-131s last_run=-131s exec_window_multiplier=1.0000 jid=N/A status=ACTIVE retries=0 client_lib=GMS_TASK_SCHEDULER-251333000} :1 [CONTEXT service_id=218 ]
05-08 08:26:25.396 18181 18181 I AndroidRuntime: Using default boot image
05-08 08:26:25.396 18181 18181 I AndroidRuntime: Leaving lock profiling enabled
05-08 08:26:25.396 18181 18181 W libc    : Access denied finding property "odsign.verification.success"
05-08 08:26:25.398 18181 18181 W app_process: ART APEX data files are untrusted.
05-08 08:26:25.392 18181 18181 W app_process: type=1400 audit(0.0:117): avc: denied { read } for name="u:object_r:odsign_prop:s0" dev="tmpfs" ino=203 scontext=u:r:shell:s0 tcontext=u:object_r:odsign_prop:s0 tclass=file permissive=0
05-08 08:26:25.486 18181 18181 W app_process: Unexpected CPU variant for X86 using defaults: x86_64
05-08 08:26:25.489 18181 18181 W app_process: ClassLoaderContext classpath size mismatch. expected=0, found=1 (PCL[] | PCL[/system/framework/android.test.runner.jar*1585996318])
05-08 08:26:26.532 18181 18181 I AccessibilityNodeInfoDumper: Skipping invisible child: android.view.accessibility.AccessibilityNodeInfo@2730b; boundsInParent: Rect(0, 0 - 1080, 0); boundsInScreen: Rect(0, 1662 - 1080, 1662); packageName: com.kohls.mcommerce.opal; className: com.urbanairship.android.layout.widget.WeightlessLinearLayout; text: null; error: null; maxTextLength: -1; stateDescription: null; contentDescription: null; tooltipText: null; viewIdResName: null; checkable: false; checked: false; focusable: false; focused: false; selected: false; clickable: false; longClickable: false; contextClickable: false; enabled: true; password: false; scrollable: false; importantForAccessibility: false; visible: false; actions: [AccessibilityAction: ACTION_SELECT - null, AccessibilityAction: ACTION_CLEAR_SELECTION - null, AccessibilityAction: ACTION_ACCESSIBILITY_FOCUS - null, AccessibilityAction: ACTION_SHOW_ON_SCREEN - null]
05-08 08:26:26.533 18181 18181 W AccessibilityNodeInfoDumper: Fetch time: 2ms
05-08 08:26:26.552  1172  3864 I NearbyMediums: No BLE Fast/GATT advertisements found in the latest cycle.
05-08 08:26:27.231  1412 17984 I GmscoreIpa: Starting mediastore instant index [CONTEXT service_id=255 ]
05-08 08:26:27.265   538   738 E ClipboardService: Denying clipboard access to com.android.chrome, application is not in focus nor is it a system service for user 0
05-08 08:26:27.792  1349  7526 W MediaProvider: isAppCloneUserPair for user 0: false
05-08 08:26:27.841   176   176 I hwservicemanager: getTransport: Cannot find entry android.hardware.graphics.mapper@4.0::IMapper/default in either framework or device VINTF manifest.
05-08 08:26:27.841 18234 18236 I Gralloc4: mapper 4.x is not supported
05-08 08:26:28.118  1349  1860 I MediaProvider: Begin Intent { act=android.intent.action.MEDIA_SCANNER_SCAN_FILE dat=file:///sdcard/screen_2025-05-08_162628.png flg=0x1400010 cmp=com.google.android.providers.media.module/com.android.providers.media.MediaService }
05-08 08:26:28.133  1349  1860 I MediaProvider: End Intent { act=android.intent.action.MEDIA_SCANNER_SCAN_FILE dat=file:///sdcard/screen_2025-05-08_162628.png flg=0x1400010 cmp=com.google.android.providers.media.module/com.android.providers.media.MediaService }
05-08 08:26:28.205  1349  1683 I MediaProvider: Deleted 0 1 0 0 0 0 0 items on external_primary due to com.android.shell
05-08 08:26:28.206  1172  2228 I UriTaskContentObserver: (REDACTED) Throttling content uri change event for %s
05-08 08:26:29.484 17176 18296 E BMP:PoW : Failed to get PoW Params, HTTP response code: 503
05-08 08:26:29.484 17176 18296 E BMP:PoW : Error: Get Params error
05-08 08:26:29.684 17176 17176 E .mcommerce.opa: Invalid ID 0x000000a2.
05-08 08:26:29.690 17176 17176 E .mcommerce.opa: Invalid ID 0x00000075.
05-08 08:26:29.690 17176 17176 E .mcommerce.opa: Invalid ID 0x0000009d.
05-08 08:26:29.690 17176 17176 E .mcommerce.opa: Invalid ID 0x00000074.
05-08 08:26:29.690 17176 17176 E .mcommerce.opa: Invalid ID 0x000000a5.
05-08 08:26:29.690 17176 17176 E .mcommerce.opa: Invalid ID 0x00000073.
05-08 08:26:29.690 17176 17176 E .mcommerce.opa: Invalid ID 0x000000a2.
05-08 08:26:31.030  1349  7526 W MediaProvider: isAppCloneUserPair for user 0: false
05-08 08:26:31.074   176   176 I hwservicemanager: getTransport: Cannot find entry android.hardware.graphics.mapper@4.0::IMapper/default in either framework or device VINTF manifest.
05-08 08:26:31.074 18343 18345 I Gralloc4: mapper 4.x is not supported
05-08 08:26:31.294  1349  1860 I MediaProvider: Begin Intent { act=android.intent.action.MEDIA_SCANNER_SCAN_FILE dat=file:///sdcard/screen_2025-05-08_162631.png flg=0x1400010 cmp=com.google.android.providers.media.module/com.android.providers.media.MediaService }
05-08 08:26:31.301  1349  1860 I MediaProvider: End Intent { act=android.intent.action.MEDIA_SCANNER_SCAN_FILE dat=file:///sdcard/screen_2025-05-08_162631.png flg=0x1400010 cmp=com.google.android.providers.media.module/com.android.providers.media.MediaService }
05-08 08:26:31.370  1349  1683 I MediaProvider: Deleted 0 1 0 0 0 0 0 items on external_primary due to com.android.shell
05-08 08:26:31.372  1172  2228 I UriTaskContentObserver: (REDACTED) Throttling content uri change event for %s
05-08 08:26:31.910  1349  7526 W MediaProvider: isAppCloneUserPair for user 0: false
05-08 08:26:31.941   176   176 I hwservicemanager: getTransport: Cannot find entry android.hardware.graphics.mapper@4.0::IMapper/default in either framework or device VINTF manifest.
05-08 08:26:31.942 18385 18387 I Gralloc4: mapper 4.x is not supported
05-08 08:26:32.185  1349  1860 I MediaProvider: Begin Intent { act=android.intent.action.MEDIA_SCANNER_SCAN_FILE dat=file:///sdcard/screen_2025-05-08_162632.png flg=0x1400010 cmp=com.google.android.providers.media.module/com.android.providers.media.MediaService }
