05-08 08:27:09.939  1172 19899 I SQLiteConnectionPool: The connection pool for /data/user/0/com.google.android.gms/databases/metadata.db has been closed but there are still 1 connections in use.  They will be closed as they are released back to the pool.
05-08 08:27:09.960  1172 19910 W FontLog : Error updating last accessed time for {Google Sans, wdth 100.0, wght 500, ital 0.0, bestEffort false}, isVf false}. [CONTEXT service_id=132 ]
05-08 08:27:09.960  1172 19910 W FontLog : java.lang.IllegalStateException: Cannot perform this operation because the connection pool has been closed.
05-08 08:27:09.960  1172 19910 W FontLog : 	at android.database.sqlite.SQLiteConnectionPool.throwIfClosedLocked(SQLiteConnectionPool.java:1071)
05-08 08:27:09.960  1172 19910 W FontLog : 	at android.database.sqlite.SQLiteConnectionPool.waitForConnection(SQLiteConnectionPool.java:763)
05-08 08:27:09.960  1172 19910 W FontLog : 	at android.database.sqlite.SQLiteConnectionPool.acquireConnection(SQLiteConnectionPool.java:380)
05-08 08:27:09.960  1172 19910 W FontLog : 	at android.database.sqlite.SQLiteSession.acquireConnection(SQLiteSession.java:896)
05-08 08:27:09.960  1172 19910 W FontLog : 	at android.database.sqlite.SQLiteSession.executeForChangedRowCount(SQLiteSession.java:754)
05-08 08:27:09.960  1172 19910 W FontLog : 	at android.database.sqlite.SQLiteStatement.executeUpdateDelete(SQLiteStatement.java:67)
05-08 08:27:09.960  1172 19910 W FontLog : 	at android.database.sqlite.SQLiteDatabase.executeSql(SQLiteDatabase.java:1921)
05-08 08:27:09.960  1172 19910 W FontLog : 	at android.database.sqlite.SQLiteDatabase.execSQL(SQLiteDatabase.java:1898)
05-08 08:27:09.960  1172 19910 W FontLog : 	at bkhs.run(:com.google.android.gms@251333032@25.13.33 (190800-745790146):57)
05-08 08:27:09.960  1172 19910 W FontLog : 	at ausj.c(:com.google.android.gms@251333032@25.13.33 (190800-745790146):50)
05-08 08:27:09.960  1172 19910 W FontLog : 	at ausj.run(:com.google.android.gms@251333032@25.13.33 (190800-745790146):70)
05-08 08:27:09.960  1172 19910 W FontLog : 	at java.util.concurrent.ThreadPoolExecutor.runWorker(ThreadPoolExecutor.java:1167)
05-08 08:27:09.960  1172 19910 W FontLog : 	at java.util.concurrent.ThreadPoolExecutor$Worker.run(ThreadPoolExecutor.java:641)
05-08 08:27:09.960  1172 19910 W FontLog : 	at auxx.run(:com.google.android.gms@251333032@25.13.33 (190800-745790146):8)
05-08 08:27:09.960  1172 19910 W FontLog : 	at java.lang.Thread.run(Thread.java:920)
05-08 08:27:09.961  1172 19909 W FontLog : Error updating last accessed time for {Google Sans, wdth 100.0, wght 400, ital 0.0, bestEffort false}, isVf false}. [CONTEXT service_id=132 ]
05-08 08:27:09.961  1172 19909 W FontLog : java.lang.IllegalStateException: Cannot perform this operation because the connection pool has been closed.
05-08 08:27:09.961  1172 19909 W FontLog : 	at android.database.sqlite.SQLiteConnectionPool.throwIfClosedLocked(SQLiteConnectionPool.java:1071)
05-08 08:27:09.961  1172 19909 W FontLog : 	at android.database.sqlite.SQLiteConnectionPool.waitForConnection(SQLiteConnectionPool.java:763)
05-08 08:27:09.961  1172 19909 W FontLog : 	at android.database.sqlite.SQLiteConnectionPool.acquireConnection(SQLiteConnectionPool.java:380)
05-08 08:27:09.961  1172 19909 W FontLog : 	at android.database.sqlite.SQLiteSession.acquireConnection(SQLiteSession.java:896)
05-08 08:27:09.961  1172 19909 W FontLog : 	at android.database.sqlite.SQLiteSession.executeForChangedRowCount(SQLiteSession.java:754)
05-08 08:27:09.961  1172 19909 W FontLog : 	at android.database.sqlite.SQLiteStatement.executeUpdateDelete(SQLiteStatement.java:67)
05-08 08:27:09.961  1172 19909 W FontLog : 	at android.database.sqlite.SQLiteDatabase.executeSql(SQLiteDatabase.java:1921)
05-08 08:27:09.961  1172 19909 W FontLog : 	at android.database.sqlite.SQLiteDatabase.execSQL(SQLiteDatabase.java:1898)
05-08 08:27:09.961  1172 19909 W FontLog : 	at bkhs.run(:com.google.android.gms@251333032@25.13.33 (190800-745790146):57)
05-08 08:27:09.961  1172 19909 W FontLog : 	at ausj.c(:com.google.android.gms@251333032@25.13.33 (190800-745790146):50)
05-08 08:27:09.961  1172 19909 W FontLog : 	at ausj.run(:com.google.android.gms@251333032@25.13.33 (190800-745790146):70)
05-08 08:27:09.961  1172 19909 W FontLog : 	at java.util.concurrent.ThreadPoolExecutor.runWorker(ThreadPoolExecutor.java:1167)
05-08 08:27:09.961  1172 19909 W FontLog : 	at java.util.concurrent.ThreadPoolExecutor$Worker.run(ThreadPoolExecutor.java:641)
05-08 08:27:09.961  1172 19909 W FontLog : 	at auxx.run(:com.google.android.gms@251333032@25.13.33 (190800-745790146):8)
05-08 08:27:09.961  1172 19909 W FontLog : 	at java.lang.Thread.run(Thread.java:920)
05-08 08:27:10.081 17176 17176 I Ads     : JS: The jsLoaded GMSG has been sent (https://googleads.g.doubleclick.net/mads/static/mad/sdk/native/production/sdk-core-v40-impl.html:921)
05-08 08:27:10.192 19757 19757 I AccessibilityNodeInfoDumper: Skipping invisible child: android.view.accessibility.AccessibilityNodeInfo@18a4b; boundsInParent: Rect(0, 0 - 0, 147); boundsInScreen: Rect(1080, 75 - 1080, 222); packageName: com.kohls.mcommerce.opal; className: androidx.appcompat.widget.LinearLayoutCompat; text: null; error: null; maxTextLength: -1; stateDescription: null; contentDescription: null; tooltipText: null; viewIdResName: null; checkable: false; checked: false; focusable: false; focused: false; selected: false; clickable: false; longClickable: false; contextClickable: false; enabled: true; password: false; scrollable: false; importantForAccessibility: false; visible: false; actions: [AccessibilityAction: ACTION_SELECT - null, AccessibilityAction: ACTION_CLEAR_SELECTION - null, AccessibilityAction: ACTION_ACCESSIBILITY_FOCUS - null, AccessibilityAction: ACTION_SHOW_ON_SCREEN - null]
05-08 08:27:10.195 19757 19757 I AccessibilityNodeInfoDumper: Skipping invisible child: android.view.accessibility.AccessibilityNodeInfo@31474; boundsInParent: Rect(0, 0 - 1080, 0); boundsInScreen: Rect(0, 234 - 1080, 234); packageName: com.kohls.mcommerce.opal; className: android.widget.FrameLayout; text: null; error: null; maxTextLength: -1; stateDescription: null; contentDescription: null; tooltipText: null; viewIdResName: com.kohls.mcommerce.opal:id/kohls_toolbar; checkable: false; checked: false; focusable: false; focused: false; selected: false; clickable: false; longClickable: false; contextClickable: false; enabled: true; password: false; scrollable: false; importantForAccessibility: false; visible: false; actions: [AccessibilityAction: ACTION_SELECT - null, AccessibilityAction: ACTION_CLEAR_SELECTION - null, AccessibilityAction: ACTION_ACCESSIBILITY_FOCUS - null, AccessibilityAction: ACTION_SHOW_ON_SCREEN - null]
05-08 08:27:10.212 19757 19757 I AccessibilityNodeInfoDumper: Skipping invisible child: android.view.accessibility.AccessibilityNodeInfo@47552; boundsInParent: Rect(0, 0 - 190, 115); boundsInScreen: Rect(1142, 1106 - 1080, 1221); packageName: com.kohls.mcommerce.opal; className: android.widget.LinearLayout; text: null; error: null; maxTextLength: -1; stateDescription: null; contentDescription: null; tooltipText: null; viewIdResName: null; checkable: false; checked: false; focusable: false; focused: false; selected: false; clickable: false; longClickable: false; contextClickable: false; enabled: true; password: false; scrollable: false; importantForAccessibility: false; visible: false; actions: [AccessibilityAction: ACTION_SELECT - null, AccessibilityAction: ACTION_CLEAR_SELECTION - null, AccessibilityAction: ACTION_ACCESSIBILITY_FOCUS - null, AccessibilityAction: ACTION_SHOW_ON_SCREEN - null]
05-08 08:27:10.215 19757 19757 I AccessibilityNodeInfoDumper: Skipping invisible child: android.view.accessibility.AccessibilityNodeInfo@62144; boundsInParent: Rect(0, 0 - 1080, 0); boundsInScreen: Rect(0, 1243 - 1080, 1243); packageName: com.kohls.mcommerce.opal; className: android.widget.ImageView; text: null; error: null; maxTextLength: -1; stateDescription: null; contentDescription: null; tooltipText: null; viewIdResName: null; checkable: false; checked: false; focusable: true; focused: false; selected: false; clickable: true; longClickable: false; contextClickable: false; enabled: true; password: false; scrollable: false; importantForAccessibility: true; visible: false; actions: [AccessibilityAction: ACTION_FOCUS - null, AccessibilityAction: ACTION_SELECT - null, AccessibilityAction: ACTION_CLEAR_SELECTION - null, AccessibilityAction: ACTION_CLICK - null, AccessibilityAction: ACTION_ACCESSIBILITY_FOCUS - null, AccessibilityAction: ACTION_SHOW_ON_SCREEN - null]
05-08 08:27:10.219 19757 19757 I AccessibilityNodeInfoDumper: Skipping invisible child: android.view.accessibility.AccessibilityNodeInfo@4c427; boundsInParent: Rect(0, 0 - 553, 0); boundsInScreen: Rect(506, 1431 - 1059, 1431); packageName: com.kohls.mcommerce.opal; className: android.widget.LinearLayout; text: null; error: null; maxTextLength: -1; stateDescription: null; contentDescription: null; tooltipText: null; viewIdResName: com.kohls.mcommerce.opal:id/view_badge_area_top; checkable: false; checked: false; focusable: false; focused: false; selected: false; clickable: false; longClickable: false; contextClickable: false; enabled: true; password: false; scrollable: false; importantForAccessibility: false; visible: false; actions: [AccessibilityAction: ACTION_SELECT - null, AccessibilityAction: ACTION_CLEAR_SELECTION - null, AccessibilityAction: ACTION_ACCESSIBILITY_FOCUS - null, AccessibilityAction: ACTION_SHOW_ON_SCREEN - null]
05-08 08:27:10.223 19757 19757 I AccessibilityNodeInfoDumper: Skipping invisible child: android.view.accessibility.AccessibilityNodeInfo@58edd; boundsInParent: Rect(0, 0 - 1080, 3); boundsInScreen: Rect(0, 2357 - 1080, 2127); packageName: com.kohls.mcommerce.opal; className: android.widget.LinearLayout; text: null; error: null; maxTextLength: -1; stateDescription: null; contentDescription: null; tooltipText: null; viewIdResName: null; checkable: false; checked: false; focusable: false; focused: false; selected: false; clickable: false; longClickable: false; contextClickable: false; enabled: true; password: false; scrollable: false; importantForAccessibility: false; visible: false; actions: [AccessibilityAction: ACTION_SELECT - null, AccessibilityAction: ACTION_CLEAR_SELECTION - null, AccessibilityAction: ACTION_ACCESSIBILITY_FOCUS - null, AccessibilityAction: ACTION_SHOW_ON_SCREEN - null]
05-08 08:27:10.223 19757 19757 I AccessibilityNodeInfoDumper: Skipping invisible child: android.view.accessibility.AccessibilityNodeInfo@5478a; boundsInParent: Rect(0, 0 - 553, 0); boundsInScreen: Rect(506, 1986 - 1059, 1986); packageName: com.kohls.mcommerce.opal; className: android.widget.LinearLayout; text: null; error: null; maxTextLength: -1; stateDescription: null; contentDescription: null; tooltipText: null; viewIdResName: com.kohls.mcommerce.opal:id/view_badge_area_top; checkable: false; checked: false; focusable: false; focused: false; selected: false; clickable: false; longClickable: false; contextClickable: false; enabled: true; password: false; scrollable: false; importantForAccessibility: false; visible: false; actions: [AccessibilityAction: ACTION_SELECT - null, AccessibilityAction: ACTION_CLEAR_SELECTION - null, AccessibilityAction: ACTION_ACCESSIBILITY_FOCUS - null, AccessibilityAction: ACTION_SHOW_ON_SCREEN - null]
05-08 08:27:10.224 19757 19757 I AccessibilityNodeInfoDumper: Skipping invisible child: android.view.accessibility.AccessibilityNodeInfo@55e10; boundsInParent: Rect(0, 0 - 553, 67); boundsInScreen: Rect(506, 2153 - 1059, 2127); packageName: com.kohls.mcommerce.opal; className: android.widget.LinearLayout; text: null; error: null; maxTextLength: -1; stateDescription: null; contentDescription: null; tooltipText: null; viewIdResName: com.kohls.mcommerce.opal:id/id_pmp_swatch_parent; checkable: false; checked: false; focusable: false; focused: false; selected: false; clickable: false; longClickable: false; contextClickable: false; enabled: true; password: false; scrollable: false; importantForAccessibility: false; visible: false; actions: [AccessibilityAction: ACTION_SELECT - null, AccessibilityAction: ACTION_CLEAR_SELECTION - null, AccessibilityAction: ACTION_ACCESSIBILITY_FOCUS - null, AccessibilityAction: ACTION_SHOW_ON_SCREEN - null]
05-08 08:27:10.224 19757 19757 I AccessibilityNodeInfoDumper: Skipping invisible child: android.view.accessibility.AccessibilityNodeInfo@57857; boundsInParent: Rect(0, 0 - 553, 77); boundsInScreen: Rect(506, 2220 - 1059, 2127); packageName: com.kohls.mcommerce.opal; className: android.widget.LinearLayout; text: null; error: null; maxTextLength: -1; stateDescription: null; contentDescription: null; tooltipText: null; viewIdResName: com.kohls.mcommerce.opal:id/view_badge_area_bottom; checkable: false; checked: false; focusable: false; focused: false; selected: false; clickable: false; longClickable: false; contextClickable: false; enabled: true; password: false; scrollable: false; importantForAccessibility: false; visible: false; actions: [AccessibilityAction: ACTION_SELECT - null, AccessibilityAction: ACTION_CLEAR_SELECTION - null, AccessibilityAction: ACTION_ACCESSIBILITY_FOCUS - null, AccessibilityAction: ACTION_SHOW_ON_SCREEN - null]
05-08 08:27:10.228 19757 19757 W AccessibilityNodeInfoDumper: Fetch time: 57ms
05-08 08:27:10.438 17176 17186 W System  : A resource failed to call close. 
05-08 08:27:10.438 17176 17186 W System  : A resource failed to call close. 
05-08 08:27:10.440 17176 17186 W System  : A resource failed to call close. 
05-08 08:27:10.548 17176 17176 W View    : requestLayout() improperly called by com.kohls.mcommerce.opal.framework.view.component.views.GothamBookTextView{7437ab7 V.ED..... ......ID 135,1-135,44 #7f0a0f9b app:id/txt_dropdown_title} during second layout pass: posting in next frame
05-08 08:27:10.566 17176 17176 W View    : requestLayout() improperly called by com.kohls.mcommerce.opal.framework.view.component.views.GothamBookTextView{7437ab7 V.ED..... ......ID 135,1-135,44 #7f0a0f9b app:id/txt_dropdown_title} during layout: running second layout pass
05-08 08:27:10.590 17176 17176 W View    : requestLayout() improperly called by com.kohls.mcommerce.opal.framework.view.component.views.GothamBookTextView{7437ab7 V.ED..... ......ID 135,1-135,44 #7f0a0f9b app:id/txt_dropdown_title} during second layout pass: posting in next frame
05-08 08:27:10.599 17176 17176 W View    : requestLayout() improperly called by com.kohls.mcommerce.opal.framework.view.component.views.GothamBookTextView{7437ab7 V.ED..... ......ID 135,1-135,44 #7f0a0f9b app:id/txt_dropdown_title} during layout: running second layout pass
05-08 08:27:10.636 17176 17176 W View    : requestLayout() improperly called by com.kohls.mcommerce.opal.framework.view.component.views.GothamBookTextView{7437ab7 V.ED..... ......ID 135,1-135,44 #7f0a0f9b app:id/txt_dropdown_title} during second layout pass: posting in next frame
05-08 08:27:10.638 17176 17176 W View    : requestLayout() improperly called by com.kohls.mcommerce.opal.framework.view.component.views.GothamBookTextView{7437ab7 V.ED..... ......ID 135,1-135,44 #7f0a0f9b app:id/txt_dropdown_title} during layout: running second layout pass
05-08 08:27:10.677 17176 17176 W View    : requestLayout() improperly called by com.kohls.mcommerce.opal.framework.view.component.views.GothamBookTextView{7437ab7 V.ED..... ......ID 135,1-135,44 #7f0a0f9b app:id/txt_dropdown_title} during second layout pass: posting in next frame
05-08 08:27:10.679 17176 17176 W View    : requestLayout() improperly called by com.kohls.mcommerce.opal.framework.view.component.views.GothamBookTextView{7437ab7 V.ED..... ......ID 135,1-135,44 #7f0a0f9b app:id/txt_dropdown_title} during layout: running second layout pass
05-08 08:27:10.707 17176 17176 W View    : requestLayout() improperly called by com.kohls.mcommerce.opal.framework.view.component.views.GothamBookTextView{7437ab7 V.ED..... ......ID 135,1-135,44 #7f0a0f9b app:id/txt_dropdown_title} during second layout pass: posting in next frame
05-08 08:27:10.708 17176 17176 W View    : requestLayout() improperly called by com.kohls.mcommerce.opal.framework.view.component.views.GothamBookTextView{7437ab7 V.ED..... ......ID 135,1-135,44 #7f0a0f9b app:id/txt_dropdown_title} during layout: running second layout pass
05-08 08:27:10.735 17176 17176 W View    : requestLayout() improperly called by com.kohls.mcommerce.opal.framework.view.component.views.GothamBookTextView{7437ab7 V.ED..... ......ID 135,1-135,44 #7f0a0f9b app:id/txt_dropdown_title} during second layout pass: posting in next frame
05-08 08:27:10.736 17176 17176 W View    : requestLayout() improperly called by com.kohls.mcommerce.opal.framework.view.component.views.GothamBookTextView{7437ab7 V.ED..... ......ID 135,1-135,44 #7f0a0f9b app:id/txt_dropdown_title} during layout: running second layout pass
05-08 08:27:11.023  1412  1412 I Ads     : JS: The jsLoaded GMSG has been sent (https://googleads.g.doubleclick.net/mads/static/mad/sdk/native/production/sdk-core-v40-impl.js?n=true&lv=sdk_20190107_RC02:917)
05-08 08:27:11.068  1412 19880 I Ads     : SDK version: afma-sdk-a-v250505999.243220000.1
05-08 08:27:11.072  1412  1412 I Ads     : Received log message: <Google:HTML> You are currently using version 250505999.243220000.1 of the SDK, which is out of date. Please consider updating your SDK to the most recent SDK version to get the latest features and bug fixes. The latest SDK can be installed from https://goo.gle/android-install-instructions. More information about the SDK deprecation schedule is available at https://developers.google.com/admob/android/deprecation.
05-08 08:27:11.074  1412 19880 I Ads     : HTTP timeout: 60000 milliseconds.
05-08 08:27:11.089  1412 13247 I Ads     : SDK version: afma-sdk-a-v250505999.243220000.1
05-08 08:27:11.090  1412 13247 I Ads     : HTTP timeout: 60000 milliseconds.
05-08 08:27:11.343 17176 17176 I Ads     : Ad failed to load : 3
05-08 08:27:11.343 17176 17176 I Ads     : Ad failed to load : 3
05-08 08:27:11.355 17176 17176 W View    : requestLayout() improperly called by com.kohls.mcommerce.opal.framework.view.component.views.GothamBookTextView{7437ab7 V.ED..... ......ID 135,1-135,44 #7f0a0f9b app:id/txt_dropdown_title} during second layout pass: posting in next frame
05-08 08:27:11.364 17176 17176 W View    : requestLayout() improperly called by com.kohls.mcommerce.opal.framework.view.component.views.GothamBookTextView{7437ab7 V.ED..... ......ID 135,1-135,44 #7f0a0f9b app:id/txt_dropdown_title} during layout: running second layout pass
05-08 08:27:11.420  1412 17714 I AdvertisingIdClient: shouldSendLog 49724
05-08 08:27:11.421  1412 17714 I AdvertisingIdClient: GetInfoInternal elapse 7ms
05-08 08:27:11.439  1172 19909 W NetworkScheduler.ATC: Called cancelTask for already completed task com.google.android.gms/.measurement.PackageMeasurementTaskService{u=0 tag="Measurement.PackageMeasurementTaskService.UPLOAD_TASK_TAG" trigger=window{start=0s,end=1s,earliest=-177s,latest=-176s} requirements=[NET_CONNECTED,PREFERRED_NET_UNMETERED,PREFERRED_CHARGING] attributes=[PERSISTED] scheduled=-177s last_run=-177s exec_window_multiplier=1.0000 jid=N/A status=ACTIVE retries=0 client_lib=GMS_TASK_SCHEDULER-251333000} :1 [CONTEXT service_id=218 ]
05-08 08:27:11.458  1172 19909 W NetworkScheduler.ATC: Called cancelTask for already completed task com.google.android.gms/.measurement.PackageMeasurementTaskService{u=0 tag="Measurement.PackageMeasurementTaskService.UPLOAD_TASK_TAG" trigger=window{start=0s,end=1s,earliest=-177s,latest=-176s} requirements=[NET_CONNECTED,PREFERRED_NET_UNMETERED,PREFERRED_CHARGING] attributes=[PERSISTED] scheduled=-177s last_run=-177s exec_window_multiplier=1.0000 jid=N/A status=ACTIVE retries=0 client_lib=GMS_TASK_SCHEDULER-251333000} :1 [CONTEXT service_id=218 ]
05-08 08:27:11.482  1349  5273 W MediaProvider: isAppCloneUserPair for user 0: false
05-08 08:27:11.512   176   176 I hwservicemanager: getTransport: Cannot find entry android.hardware.graphics.mapper@4.0::IMapper/default in either framework or device VINTF manifest.
05-08 08:27:11.512 19990 19994 I Gralloc4: mapper 4.x is not supported
05-08 08:27:11.845  1349  1860 I MediaProvider: Begin Intent { act=android.intent.action.MEDIA_SCANNER_SCAN_FILE dat=file:///sdcard/screen_2025-05-08_162711.png flg=0x1400010 cmp=com.google.android.providers.media.module/com.android.providers.media.MediaService }
05-08 08:27:11.855  1349  1860 I MediaProvider: End Intent { act=android.intent.action.MEDIA_SCANNER_SCAN_FILE dat=file:///sdcard/screen_2025-05-08_162711.png flg=0x1400010 cmp=com.google.android.providers.media.module/com.android.providers.media.MediaService }
05-08 08:27:11.932  1349  1505 I MediaProvider: Deleted 0 1 0 0 0 0 0 items on external_primary due to com.android.shell
05-08 08:27:11.933  1172  2228 I UriTaskContentObserver: (REDACTED) Throttling content uri change event for %s
05-08 08:27:12.951 17176 17176 W View    : requestLayout() improperly called by com.kohls.mcommerce.opal.framework.view.component.views.GothamBookTextView{7437ab7 V.ED..... ......ID 135,1-135,44 #7f0a0f9b app:id/txt_dropdown_title} during second layout pass: posting in next frame
05-08 08:27:12.965 17176 17176 W View    : requestLayout() improperly called by com.kohls.mcommerce.opal.framework.view.component.views.GothamBookTextView{7437ab7 V.ED..... ......ID 135,1-135,44 #7f0a0f9b app:id/txt_dropdown_title} during layout: running second layout pass
05-08 08:27:13.004 17176 17176 W View    : requestLayout() improperly called by com.kohls.mcommerce.opal.framework.view.component.views.GothamBookTextView{7437ab7 V.ED..... ......ID 135,1-135,44 #7f0a0f9b app:id/txt_dropdown_title} during second layout pass: posting in next frame
05-08 08:27:13.008 17176 17176 W View    : requestLayout() improperly called by com.kohls.mcommerce.opal.framework.view.component.views.GothamBookTextView{7437ab7 V.ED..... ......ID 135,1-135,44 #7f0a0f9b app:id/txt_dropdown_title} during layout: running second layout pass
05-08 08:27:13.065 17176 17176 W View    : requestLayout() improperly called by com.kohls.mcommerce.opal.framework.view.component.views.GothamBookTextView{7437ab7 V.ED..... ......ID 135,1-135,44 #7f0a0f9b app:id/txt_dropdown_title} during second layout pass: posting in next frame
05-08 08:27:13.067 17176 17176 W View    : requestLayout() improperly called by com.kohls.mcommerce.opal.framework.view.component.views.GothamBookTextView{7437ab7 V.ED..... ......ID 135,1-135,44 #7f0a0f9b app:id/txt_dropdown_title} during layout: running second layout pass
05-08 08:27:13.114 17176 17176 W View    : requestLayout() improperly called by com.kohls.mcommerce.opal.framework.view.component.views.GothamBookTextView{7437ab7 V.ED..... ......ID 135,1-135,44 #7f0a0f9b app:id/txt_dropdown_title} during second layout pass: posting in next frame
05-08 08:27:13.116 17176 17176 W View    : requestLayout() improperly called by com.kohls.mcommerce.opal.framework.view.component.views.GothamBookTextView{7437ab7 V.ED..... ......ID 135,1-135,44 #7f0a0f9b app:id/txt_dropdown_title} during layout: running second layout pass
05-08 08:27:13.239 17176 17176 W View    : requestLayout() improperly called by com.kohls.mcommerce.opal.framework.view.component.views.GothamBookTextView{7437ab7 V.ED..... ......ID 135,1-135,44 #7f0a0f9b app:id/txt_dropdown_title} during second layout pass: posting in next frame
05-08 08:27:13.262   538   922 I NotificationService: cancelToast pkg=com.kohls.mcommerce.opal token=android.os.BinderProxy@876eff8
05-08 08:27:13.267   538   922 W NotificationService: Toast already cancelled. pkg=com.kohls.mcommerce.opal token=android.os.BinderProxy@876eff8
05-08 08:27:14.100 17176 20096 E BMP:PoW : Failed to get PoW Params, HTTP response code: 503
05-08 08:27:14.100 17176 20096 E BMP:PoW : Error: Get Params error
05-08 08:27:14.356  1349  5273 W MediaProvider: isAppCloneUserPair for user 0: false
05-08 08:27:14.402   176   176 I hwservicemanager: getTransport: Cannot find entry android.hardware.graphics.mapper@4.0::IMapper/default in either framework or device VINTF manifest.
05-08 08:27:14.405 20117 20119 I Gralloc4: mapper 4.x is not supported
05-08 08:27:14.573  1349  1860 I MediaProvider: Begin Intent { act=android.intent.action.MEDIA_SCANNER_SCAN_FILE dat=file:///sdcard/screen_2025-05-08_162714.png flg=0x1400010 cmp=com.google.android.providers.media.module/com.android.providers.media.MediaService }
05-08 08:27:14.588  1349  1860 I MediaProvider: End Intent { act=android.intent.action.MEDIA_SCANNER_SCAN_FILE dat=file:///sdcard/screen_2025-05-08_162714.png flg=0x1400010 cmp=com.google.android.providers.media.module/com.android.providers.media.MediaService }
05-08 08:27:14.650  1172  2228 I UriTaskContentObserver: (REDACTED) Throttling content uri change event for %s
05-08 08:27:14.650  1349  1505 I MediaProvider: Deleted 0 1 0 0 0 0 0 items on external_primary due to com.android.shell
05-08 08:27:15.143  1349  5273 W MediaProvider: isAppCloneUserPair for user 0: false
05-08 08:27:15.166   176   176 I hwservicemanager: getTransport: Cannot find entry android.hardware.graphics.mapper@4.0::IMapper/default in either framework or device VINTF manifest.
05-08 08:27:15.166 20163 20165 I Gralloc4: mapper 4.x is not supported
05-08 08:27:15.384  1349  1860 I MediaProvider: Begin Intent { act=android.intent.action.MEDIA_SCANNER_SCAN_FILE dat=file:///sdcard/screen_2025-05-08_162715.png flg=0x1400010 cmp=com.google.android.providers.media.module/com.android.providers.media.MediaService }
05-08 08:27:15.396  1349  1860 I MediaProvider: End Intent { act=android.intent.action.MEDIA_SCANNER_SCAN_FILE dat=file:///sdcard/screen_2025-05-08_162715.png flg=0x1400010 cmp=com.google.android.providers.media.module/com.android.providers.media.MediaService }
05-08 08:27:15.494  1349  7526 I MediaProvider: Deleted 0 1 0 0 0 0 0 items on external_primary due to com.android.shell
05-08 08:27:15.496  1172  2228 I UriTaskContentObserver: (REDACTED) Throttling content uri change event for %s
05-08 08:27:15.834 20192 20192 I AndroidRuntime: Using default boot image
05-08 08:27:15.834 20192 20192 I AndroidRuntime: Leaving lock profiling enabled
05-08 08:27:15.832 20192 20192 W app_process: type=1400 audit(0.0:122): avc: denied { read } for name="u:object_r:odsign_prop:s0" dev="tmpfs" ino=203 scontext=u:r:shell:s0 tcontext=u:object_r:odsign_prop:s0 tclass=file permissive=0
05-08 08:27:15.838 20192 20192 W libc    : Access denied finding property "odsign.verification.success"
05-08 08:27:15.840 20192 20192 W app_process: ART APEX data files are untrusted.
05-08 08:27:15.946 20192 20192 W app_process: Unexpected CPU variant for X86 using defaults: x86_64
05-08 08:27:15.950 20192 20192 W app_process: ClassLoaderContext classpath size mismatch. expected=0, found=1 (PCL[] | PCL[/system/framework/android.test.runner.jar*1585996318])
05-08 08:27:16.122 17176 17519 I Apptentive: [SDK Queue] [EVENT] Engaged event: local#app#Categories
05-08 08:27:16.127 17176 17519 I Apptentive: [SDK Queue] [INTERACTIONS] Criteria evaluated => true
05-08 08:27:16.585  1172  3864 I NearbyMediums: No BLE Fast/GATT advertisements found in the latest cycle.
05-08 08:27:17.159  1172 19909 I NetworkScheduler.Stats: (REDACTED) Task %s/%s started execution. cause:%s exec_start_elapsed_seconds: %s
05-08 08:27:17.163  1172 19899 I NetworkScheduler.Stats: (REDACTED) Task %s/%s finished executing. cause:%s result: %s elapsed_millis: %s uptime_millis: %s exec_start_elapsed_seconds: %s
05-08 08:27:17.334 20192 20192 I AccessibilityNodeInfoDumper: Skipping invisible child: android.view.accessibility.AccessibilityNodeInfo@18a4b; boundsInParent: Rect(0, 0 - 0, 147); boundsInScreen: Rect(1080, 75 - 1080, 222); packageName: com.kohls.mcommerce.opal; className: androidx.appcompat.widget.LinearLayoutCompat; text: null; error: null; maxTextLength: -1; stateDescription: null; contentDescription: null; tooltipText: null; viewIdResName: null; checkable: false; checked: false; focusable: false; focused: false; selected: false; clickable: false; longClickable: false; contextClickable: false; enabled: true; password: false; scrollable: false; importantForAccessibility: false; visible: false; actions: [AccessibilityAction: ACTION_SELECT - null, AccessibilityAction: ACTION_CLEAR_SELECTION - null, AccessibilityAction: ACTION_ACCESSIBILITY_FOCUS - null, AccessibilityAction: ACTION_SHOW_ON_SCREEN - null]
05-08 08:27:17.452 20192 20192 W AccessibilityNodeInfoDumper: Fetch time: 127ms
05-08 08:27:18.776  1349  1683 W MediaProvider: isAppCloneUserPair for user 0: false
05-08 08:27:18.810   176   176 I hwservicemanager: getTransport: Cannot find entry android.hardware.graphics.mapper@4.0::IMapper/default in either framework or device VINTF manifest.
05-08 08:27:18.811 20252 20254 I Gralloc4: mapper 4.x is not supported
05-08 08:27:19.136  1349  1860 I MediaProvider: Begin Intent { act=android.intent.action.MEDIA_SCANNER_SCAN_FILE dat=file:///sdcard/screen_2025-05-08_162718.png flg=0x1400010 cmp=com.google.android.providers.media.module/com.android.providers.media.MediaService }
05-08 08:27:19.157  1349  1860 I MediaProvider: End Intent { act=android.intent.action.MEDIA_SCANNER_SCAN_FILE dat=file:///sdcard/screen_2025-05-08_162718.png flg=0x1400010 cmp=com.google.android.providers.media.module/com.android.providers.media.MediaService }
05-08 08:27:19.292  1349  7520 I MediaProvider: Deleted 0 1 0 0 0 0 0 items on external_primary due to com.android.shell
05-08 08:27:20.493   538  3253 I ActivityTaskManager: START u0 {cmp=com.kohls.mcommerce.opal/.search.SearchShadowActivity (has extras)} from uid 10177
05-08 08:27:20.552   538  4647 W ActivityTaskManager: Tried to set launchTime (0) < mLastActivityLaunchTime (494623)
05-08 08:27:20.583   538  4647 I ActivityTaskManager: START u0 {cmp=com.kohls.mcommerce.opal/.framework.view.activity.ScanHelpActivity (has extras)} from uid 10177
05-08 08:27:20.596   365   365 I BpBinder: onLastStrongRef automatically unlinking death recipients: <uncached descriptor>
05-08 08:27:20.623   538  4647 W ActivityTaskManager: Tried to set launchTime (0) < mLastActivityLaunchTime (553347)
05-08 08:27:20.754  1172 19909 W NetworkScheduler.ATC: Called cancelTask for already completed task com.google.android.gms/.measurement.PackageMeasurementTaskService{u=0 tag="Measurement.PackageMeasurementTaskService.UPLOAD_TASK_TAG" trigger=window{start=0s,end=1s,earliest=-186s,latest=-185s} requirements=[NET_CONNECTED,PREFERRED_NET_UNMETERED,PREFERRED_CHARGING] attributes=[PERSISTED] scheduled=-186s last_run=-186s exec_window_multiplier=1.0000 jid=N/A status=ACTIVE retries=0 client_lib=GMS_TASK_SCHEDULER-251333000} :1 [CONTEXT service_id=218 ]
05-08 08:27:20.768  1172 19899 W NetworkScheduler.ATC: Called cancelTask for already completed task com.google.android.gms/.measurement.PackageMeasurementTaskService{u=0 tag="Measurement.PackageMeasurementTaskService.UPLOAD_TASK_TAG" trigger=window{start=0s,end=1s,earliest=-186s,latest=-185s} requirements=[NET_CONNECTED,PREFERRED_NET_UNMETERED,PREFERRED_CHARGING] attributes=[PERSISTED] scheduled=-186s last_run=-186s exec_window_multiplier=1.0000 jid=N/A status=ACTIVE retries=0 client_lib=GMS_TASK_SCHEDULER-251333000} :1 [CONTEXT service_id=218 ]
05-08 08:27:20.790  1172 19909 W NetworkScheduler.ATC: Called cancelTask for already completed task com.google.android.gms/.measurement.PackageMeasurementTaskService{u=0 tag="Measurement.PackageMeasurementTaskService.UPLOAD_TASK_TAG" trigger=window{start=0s,end=1s,earliest=-186s,latest=-185s} requirements=[NET_CONNECTED,PREFERRED_NET_UNMETERED,PREFERRED_CHARGING] attributes=[PERSISTED] scheduled=-186s last_run=-186s exec_window_multiplier=1.0000 jid=N/A status=ACTIVE retries=0 client_lib=GMS_TASK_SCHEDULER-251333000} :1 [CONTEXT service_id=218 ]
05-08 08:27:20.898   538   577 I ActivityTaskManager: Displayed com.kohls.mcommerce.opal/.framework.view.activity.ScanHelpActivity: +404ms
05-08 08:27:21.854  1349  1683 W MediaProvider: isAppCloneUserPair for user 0: false
05-08 08:27:21.906   176   176 I hwservicemanager: getTransport: Cannot find entry android.hardware.graphics.mapper@4.0::IMapper/default in either framework or device VINTF manifest.
05-08 08:27:21.906 20367 20369 I Gralloc4: mapper 4.x is not supported
05-08 08:27:22.056  1349  1860 I MediaProvider: Begin Intent { act=android.intent.action.MEDIA_SCANNER_SCAN_FILE dat=file:///sdcard/screen_2025-05-08_162722.png flg=0x1400010 cmp=com.google.android.providers.media.module/com.android.providers.media.MediaService }
05-08 08:27:22.064  1349  1860 I MediaProvider: End Intent { act=android.intent.action.MEDIA_SCANNER_SCAN_FILE dat=file:///sdcard/screen_2025-05-08_162722.png flg=0x1400010 cmp=com.google.android.providers.media.module/com.android.providers.media.MediaService }
05-08 08:27:22.136  1349  7520 I MediaProvider: Deleted 0 1 0 0 0 0 0 items on external_primary due to com.android.shell
05-08 08:27:22.137  1172  2228 I UriTaskContentObserver: (REDACTED) Throttling content uri change event for %s
05-08 08:27:22.625  1349  1683 W MediaProvider: isAppCloneUserPair for user 0: false
05-08 08:27:22.660   176   176 I hwservicemanager: getTransport: Cannot find entry android.hardware.graphics.mapper@4.0::IMapper/default in either framework or device VINTF manifest.
05-08 08:27:22.661 20410 20412 I Gralloc4: mapper 4.x is not supported
05-08 08:27:22.796  1349  1860 I MediaProvider: Begin Intent { act=android.intent.action.MEDIA_SCANNER_SCAN_FILE dat=file:///sdcard/screen_2025-05-08_162722.png flg=0x1400010 cmp=com.google.android.providers.media.module/com.android.providers.media.MediaService }
05-08 08:27:22.800  1349  1860 I MediaProvider: End Intent { act=android.intent.action.MEDIA_SCANNER_SCAN_FILE dat=file:///sdcard/screen_2025-05-08_162722.png flg=0x1400010 cmp=com.google.android.providers.media.module/com.android.providers.media.MediaService }
05-08 08:27:22.879  1349  7520 I MediaProvider: Deleted 0 1 0 0 0 0 0 items on external_primary due to com.android.shell
05-08 08:27:22.880  1172  2228 I UriTaskContentObserver: (REDACTED) Throttling content uri change event for %s
05-08 08:27:23.175 20437 20437 I AndroidRuntime: Using default boot image
05-08 08:27:23.175 20437 20437 I AndroidRuntime: Leaving lock profiling enabled
05-08 08:27:23.175 20437 20437 W libc    : Access denied finding property "odsign.verification.success"
05-08 08:27:23.177 20437 20437 W app_process: ART APEX data files are untrusted.
05-08 08:27:23.172 20437 20437 W app_process: type=1400 audit(0.0:123): avc: denied { read } for name="u:object_r:odsign_prop:s0" dev="tmpfs" ino=203 scontext=u:r:shell:s0 tcontext=u:object_r:odsign_prop:s0 tclass=file permissive=0
05-08 08:27:23.232 20437 20437 W app_process: Unexpected CPU variant for X86 using defaults: x86_64
05-08 08:27:23.234 20437 20437 W app_process: ClassLoaderContext classpath size mismatch. expected=0, found=1 (PCL[] | PCL[/system/framework/android.test.runner.jar*1585996318])
05-08 08:27:24.275 20437 20437 W AccessibilityNodeInfoDumper: Fetch time: 9ms
05-08 08:27:25.346  1172  2228 I NetworkScheduler: (REDACTED) Error inserting %s
05-08 08:27:25.389  1172 19899 I NetworkScheduler.Stats: (REDACTED) Task %s/%s started execution. cause:%s exec_start_elapsed_seconds: %s
05-08 08:27:25.409  1172 19909 W TapAndPay: NfcAdapter is null while obtaining CardEmulation instance. [CONTEXT service_id=79 ]
05-08 08:27:25.409  1172 19909 W TapAndPay: java.lang.NullPointerException: NfcAdapter is null
05-08 08:27:25.409  1172 19909 W TapAndPay: 	at android.nfc.cardemulation.CardEmulation.getInstance(CardEmulation.java:150)
05-08 08:27:25.409  1172 19909 W TapAndPay: 	at ebcp.<init>(:com.google.android.gms@251333032@25.13.33 (190800-745790146):15)
05-08 08:27:25.409  1172 19909 W TapAndPay: 	at com.google.android.gms.tapandpay.hce.task.TapAndPayAidRegistrationTaskOperation.a(:com.google.android.gms@251333032@25.13.33 (190800-745790146):68)
05-08 08:27:25.409  1172 19909 W TapAndPay: 	at com.google.android.gms.tapandpay.gcmtask.TapAndPayGcmTaskChimeraService.a(:com.google.android.gms@251333032@25.13.33 (190800-745790146):32)
05-08 08:27:25.409  1172 19909 W TapAndPay: 	at cbxs.call(:com.google.android.gms@251333032@25.13.33 (190800-745790146):30)
05-08 08:27:25.409  1172 19909 W TapAndPay: 	at java.util.concurrent.FutureTask.run(FutureTask.java:266)
05-08 08:27:25.409  1172 19909 W TapAndPay: 	at ausj.c(:com.google.android.gms@251333032@25.13.33 (190800-745790146):50)
05-08 08:27:25.409  1172 19909 W TapAndPay: 	at ausj.run(:com.google.android.gms@251333032@25.13.33 (190800-745790146):70)
05-08 08:27:25.409  1172 19909 W TapAndPay: 	at java.util.concurrent.ThreadPoolExecutor.runWorker(ThreadPoolExecutor.java:1167)
05-08 08:27:25.409  1172 19909 W TapAndPay: 	at java.util.concurrent.ThreadPoolExecutor$Worker.run(ThreadPoolExecutor.java:641)
05-08 08:27:25.409  1172 19909 W TapAndPay: 	at auxx.run(:com.google.android.gms@251333032@25.13.33 (190800-745790146):8)
05-08 08:27:25.409  1172 19909 W TapAndPay: 	at java.lang.Thread.run(Thread.java:920)
05-08 08:27:25.424  1349  1505 W MediaProvider: isAppCloneUserPair for user 0: false
05-08 08:27:25.424  1172 20344 I NetworkScheduler.Stats: (REDACTED) Task %s/%s finished executing. cause:%s result: %s elapsed_millis: %s uptime_millis: %s exec_start_elapsed_seconds: %s
05-08 08:27:25.448   176   176 I hwservicemanager: getTransport: Cannot find entry android.hardware.graphics.mapper@4.0::IMapper/default in either framework or device VINTF manifest.
05-08 08:27:25.448 20485 20487 I Gralloc4: mapper 4.x is not supported
05-08 08:27:25.558  1412  1633 I ewzu    : (REDACTED) Shared storage file not found for %s
05-08 08:27:25.584   538  3808 W UriGrantsManagerService: No permission grants found for com.google.android.apps.photos
05-08 08:27:25.586   538  3808 W UriGrantsManagerService: No permission grants found for com.google.android.apps.photos
05-08 08:27:25.605  1349  1860 I MediaProvider: Begin Intent { act=android.intent.action.MEDIA_SCANNER_SCAN_FILE dat=file:///sdcard/screen_2025-05-08_162725.png flg=0x1400010 cmp=com.google.android.providers.media.module/com.android.providers.media.MediaService }
05-08 08:27:25.619  1349  1860 I MediaProvider: End Intent { act=android.intent.action.MEDIA_SCANNER_SCAN_FILE dat=file:///sdcard/screen_2025-05-08_162725.png flg=0x1400010 cmp=com.google.android.providers.media.module/com.android.providers.media.MediaService }
05-08 08:27:25.639   538  2557 W UriGrantsManagerService: No permission grants found for com.google.android.apps.photos
05-08 08:27:25.640   538  2557 W UriGrantsManagerService: No permission grants found for com.google.android.apps.photos
05-08 08:27:25.671  7436 20500 I XmpUtil : XMP parse: only JPEG file is supported
05-08 08:27:25.681  1349  7526 I MediaProvider: Deleted 0 1 0 0 0 0 0 items on external_primary due to com.android.shell
05-08 08:27:25.682  1172  2228 I UriTaskContentObserver: (REDACTED) Throttling content uri change event for %s
05-08 08:27:25.718  7436 20500 I XmpUtil : XMP parse: only JPEG file is supported
05-08 08:27:25.718  7436 20503 I XmpUtil : XMP parse: only JPEG file is supported
05-08 08:27:25.728  1349  7629 I MediaProvider: Open with lower FS for /storage/emulated/0/screen_2025-04-22_150349.png. Uid: 10126
05-08 08:27:25.729  1349  9015 I MediaProvider: Open with lower FS for /storage/emulated/0/screen_2025-04-22_154513.png. Uid: 10126
05-08 08:27:25.736  7436 20504 I XmpUtil : XMP parse: only JPEG file is supported
05-08 08:27:25.738  7436 20503 I XmpUtil : XMP parse: only JPEG file is supported
05-08 08:27:25.745  1349  7629 I MediaProvider: Open with lower FS for /storage/emulated/0/screen_2025-04-22_154519.png. Uid: 10126
05-08 08:27:25.746  1349  9015 I MediaProvider: Open with lower FS for /storage/emulated/0/screen_2025-04-22_154514.png. Uid: 10126
05-08 08:27:25.752  7436 20500 I XmpUtil : XMP parse: only JPEG file is supported
05-08 08:27:25.753  7436 20503 I XmpUtil : XMP parse: only JPEG file is supported
05-08 08:27:25.762  1349  7629 I MediaProvider: Open with lower FS for /storage/emulated/0/screen_2025-04-22_154525.png. Uid: 10126
05-08 08:27:25.762  1349  9015 I MediaProvider: Open with lower FS for /storage/emulated/0/screen_2025-04-22_154520.png. Uid: 10126
05-08 08:27:25.771  7436 20503 I XmpUtil : XMP parse: only JPEG file is supported
05-08 08:27:25.772  7436 20504 I XmpUtil : XMP parse: only JPEG file is supported
05-08 08:27:25.780  1349  9015 I MediaProvider: Open with lower FS for /storage/emulated/0/screen_2025-04-22_154526.png. Uid: 10126
05-08 08:27:25.780  1349  7629 I MediaProvider: Open with lower FS for /storage/emulated/0/screen_2025-04-22_154531.png. Uid: 10126
05-08 08:27:25.786  7436 20500 I XmpUtil : XMP parse: only JPEG file is supported
05-08 08:27:25.787  7436 20504 I XmpUtil : XMP parse: only JPEG file is supported
05-08 08:27:25.793  1349  7629 I MediaProvider: Open with lower FS for /storage/emulated/0/screen_2025-04-22_154537.png. Uid: 10126
05-08 08:27:25.794  1349  9015 I MediaProvider: Open with lower FS for /storage/emulated/0/screen_2025-04-22_154542.png. Uid: 10126
05-08 08:27:25.798  7436 20503 I XmpUtil : XMP parse: only JPEG file is supported
05-08 08:27:25.799  7436 20500 I XmpUtil : XMP parse: only JPEG file is supported
05-08 08:27:25.805  1349  9015 I MediaProvider: Open with lower FS for /storage/emulated/0/screen_2025-04-22_154543.png. Uid: 10126
05-08 08:27:25.808  1349  7629 I MediaProvider: Open with lower FS for /storage/emulated/0/screen_2025-04-22_154548.png. Uid: 10126
05-08 08:27:25.810  7436 20504 I XmpUtil : XMP parse: only JPEG file is supported
05-08 08:27:25.813  7436 20503 I XmpUtil : XMP parse: only JPEG file is supported
05-08 08:27:25.818  1349  7629 I MediaProvider: Open with lower FS for /storage/emulated/0/screen_2025-04-22_154549.png. Uid: 10126
05-08 08:27:25.821  1349  9015 I MediaProvider: Open with lower FS for /storage/emulated/0/screen_2025-04-22_154554.png. Uid: 10126
05-08 08:27:25.824  7436 20500 I XmpUtil : XMP parse: only JPEG file is supported
05-08 08:27:25.827  7436 20504 I XmpUtil : XMP parse: only JPEG file is supported
05-08 08:27:25.834  1349  9015 I MediaProvider: Open with lower FS for /storage/emulated/0/screen_2025-04-22_154600.png. Uid: 10126
05-08 08:27:25.835  1349  7629 I MediaProvider: Open with lower FS for /storage/emulated/0/screen_2025-04-22_154606.png. Uid: 10126
05-08 08:27:25.838  7436 20500 I XmpUtil : XMP parse: only JPEG file is supported
05-08 08:27:25.839  7436 20503 I XmpUtil : XMP parse: only JPEG file is supported
05-08 08:27:25.845  1349  7629 I MediaProvider: Open with lower FS for /storage/emulated/0/screen_2025-04-22_154612.png. Uid: 10126
05-08 08:27:25.845  1349  9015 I MediaProvider: Open with lower FS for /storage/emulated/0/screen_2025-04-22_154611.png. Uid: 10126
05-08 08:27:25.850  7436 20500 I XmpUtil : XMP parse: only JPEG file is supported
05-08 08:27:25.850  7436 20504 I XmpUtil : XMP parse: only JPEG file is supported
05-08 08:27:25.856  1349  7629 I MediaProvider: Open with lower FS for /storage/emulated/0/screen_2025-04-22_154617.png. Uid: 10126
05-08 08:27:25.857  1349  9015 I MediaProvider: Open with lower FS for /storage/emulated/0/screen_2025-04-22_154623.png. Uid: 10126
05-08 08:27:25.859  7436 20503 I XmpUtil : XMP parse: only JPEG file is supported
05-08 08:27:25.862  7436 20500 I XmpUtil : XMP parse: only JPEG file is supported
05-08 08:27:25.868  1349  9015 I MediaProvider: Open with lower FS for /storage/emulated/0/screen_2025-04-22_154629.png. Uid: 10126
05-08 08:27:25.872  1349  7629 I MediaProvider: Open with lower FS for /storage/emulated/0/screen_2025-04-22_154634.png. Uid: 10126
05-08 08:27:25.873  7436 20504 I XmpUtil : XMP parse: only JPEG file is supported
05-08 08:27:25.877  7436 20503 I XmpUtil : XMP parse: only JPEG file is supported
05-08 08:27:25.882  1349  7629 I MediaProvider: Open with lower FS for /storage/emulated/0/screen_2025-04-22_154635.png. Uid: 10126
05-08 08:27:25.884  1349  9015 I MediaProvider: Open with lower FS for /storage/emulated/0/screen_2025-04-22_154640.png. Uid: 10126
05-08 08:27:25.887  7436 20500 I XmpUtil : XMP parse: only JPEG file is supported
05-08 08:27:25.899  1349  9015 I MediaProvider: Open with lower FS for /storage/emulated/0/screen_2025-04-22_154646.png. Uid: 10126
05-08 08:27:25.908   538  4647 W UriGrantsManagerService: No permission grants found for com.google.android.apps.photos
05-08 08:27:25.908   538  3808 W UriGrantsManagerService: No permission grants found for com.google.android.apps.photos
05-08 08:27:25.955  7436  7501 I XmpUtil : XMP parse: only JPEG file is supported
05-08 08:27:25.963  1349  9015 I MediaProvider: Open with lower FS for /storage/emulated/0/screen_2025-04-22_154646.png. Uid: 10126
05-08 08:27:25.973  7436  7501 I XmpUtil : XMP parse: only JPEG file is supported
05-08 08:27:25.983  1349  9015 I MediaProvider: Open with lower FS for /storage/emulated/0/screen_2025-04-22_154640.png. Uid: 10126
05-08 08:27:25.993  7436  7501 I XmpUtil : XMP parse: only JPEG file is supported
05-08 08:27:26.002  1349  9015 I MediaProvider: Open with lower FS for /storage/emulated/0/screen_2025-04-22_154635.png. Uid: 10126
05-08 08:27:26.012  7436  7501 I XmpUtil : XMP parse: only JPEG file is supported
05-08 08:27:26.019  1349  9015 I MediaProvider: Open with lower FS for /storage/emulated/0/screen_2025-04-22_154634.png. Uid: 10126
05-08 08:27:26.032  7436  7501 I XmpUtil : XMP parse: only JPEG file is supported
05-08 08:27:26.040  1349  9015 I MediaProvider: Open with lower FS for /storage/emulated/0/screen_2025-04-22_154629.png. Uid: 10126
05-08 08:27:26.050  7436  7501 I XmpUtil : XMP parse: only JPEG file is supported
05-08 08:27:26.058  1349  9015 I MediaProvider: Open with lower FS for /storage/emulated/0/screen_2025-04-22_154623.png. Uid: 10126
05-08 08:27:26.069  7436  7501 I XmpUtil : XMP parse: only JPEG file is supported
05-08 08:27:26.077  1349  9015 I MediaProvider: Open with lower FS for /storage/emulated/0/screen_2025-04-22_154617.png. Uid: 10126
05-08 08:27:26.092  7436  7501 I XmpUtil : XMP parse: only JPEG file is supported
05-08 08:27:26.101  1349  9015 I MediaProvider: Open with lower FS for /storage/emulated/0/screen_2025-04-22_154612.png. Uid: 10126
05-08 08:27:26.117  7436  7501 I XmpUtil : XMP parse: only JPEG file is supported
05-08 08:27:26.126  1349  1374 I MediaProvider: Open with lower FS for /storage/emulated/0/screen_2025-04-22_154611.png. Uid: 10126
05-08 08:27:26.139  7436  7501 I XmpUtil : XMP parse: only JPEG file is supported
05-08 08:27:26.149  1349  1374 I MediaProvider: Open with lower FS for /storage/emulated/0/screen_2025-04-22_154606.png. Uid: 10126
05-08 08:27:26.160  7436  7501 I XmpUtil : XMP parse: only JPEG file is supported
05-08 08:27:26.171  1349  1374 I MediaProvider: Open with lower FS for /storage/emulated/0/screen_2025-04-22_154600.png. Uid: 10126
05-08 08:27:26.184  7436  7501 I XmpUtil : XMP parse: only JPEG file is supported
05-08 08:27:26.195  1349  1374 I MediaProvider: Open with lower FS for /storage/emulated/0/screen_2025-04-22_154554.png. Uid: 10126
05-08 08:27:26.206  7436  7501 I XmpUtil : XMP parse: only JPEG file is supported
05-08 08:27:26.218  1349  1374 I MediaProvider: Open with lower FS for /storage/emulated/0/screen_2025-04-22_154549.png. Uid: 10126
05-08 08:27:26.230  7436  7501 I XmpUtil : XMP parse: only JPEG file is supported
05-08 08:27:26.239  1349  1374 I MediaProvider: Open with lower FS for /storage/emulated/0/screen_2025-04-22_154548.png. Uid: 10126
05-08 08:27:26.251  7436  7501 I XmpUtil : XMP parse: only JPEG file is supported
05-08 08:27:26.263  1349  1374 I MediaProvider: Open with lower FS for /storage/emulated/0/screen_2025-04-22_154543.png. Uid: 10126
05-08 08:27:26.275  7436  7501 I XmpUtil : XMP parse: only JPEG file is supported
05-08 08:27:26.285  1349  1374 I MediaProvider: Open with lower FS for /storage/emulated/0/screen_2025-04-22_154542.png. Uid: 10126
05-08 08:27:26.295  7436  7501 I XmpUtil : XMP parse: only JPEG file is supported
05-08 08:27:26.305  1349  1374 I MediaProvider: Open with lower FS for /storage/emulated/0/screen_2025-04-22_154537.png. Uid: 10126
05-08 08:27:26.316  7436  7501 I XmpUtil : XMP parse: only JPEG file is supported
05-08 08:27:26.324  1349  1374 I MediaProvider: Open with lower FS for /storage/emulated/0/screen_2025-04-22_154531.png. Uid: 10126
05-08 08:27:26.335  7436  7501 I XmpUtil : XMP parse: only JPEG file is supported
05-08 08:27:26.344  1349  1374 I MediaProvider: Open with lower FS for /storage/emulated/0/screen_2025-04-22_154526.png. Uid: 10126
05-08 08:27:26.355  7436  7501 I XmpUtil : XMP parse: only JPEG file is supported
05-08 08:27:26.365  1349  1374 I MediaProvider: Open with lower FS for /storage/emulated/0/screen_2025-04-22_154525.png. Uid: 10126
05-08 08:27:26.376  7436  7501 I XmpUtil : XMP parse: only JPEG file is supported
05-08 08:27:26.385  1349  1374 I MediaProvider: Open with lower FS for /storage/emulated/0/screen_2025-04-22_154520.png. Uid: 10126
05-08 08:27:26.397  7436  7501 I XmpUtil : XMP parse: only JPEG file is supported
05-08 08:27:26.406  1349  1374 I MediaProvider: Open with lower FS for /storage/emulated/0/screen_2025-04-22_154519.png. Uid: 10126
05-08 08:27:26.417  7436  7501 I XmpUtil : XMP parse: only JPEG file is supported
05-08 08:27:26.427  1349  1374 I MediaProvider: Open with lower FS for /storage/emulated/0/screen_2025-04-22_154514.png. Uid: 10126
