07-29 20:52:10.651  4497  4497 E MultiSpringDynamicAnimation102209d: ERROR Not Found Bundle SurfaceExtAlpha
07-29 20:52:10.651  4497  4497 I AnimStateManager: CommonState handle event 6003
07-29 20:52:10.651  4497  4497 I GestureStateMachine: getCurrentState = com.miui.home.recents.GestureStateMachine$AppDragState@4e7e429
07-29 20:52:10.651  4497  4497 W RecentsImpl: updateFsgWindowVisibilityState origin isEnter=false, typeFrom=typefrom_home
07-29 20:52:10.652  4497  4497 W GestureStateMachine: AppDragState msg=3
07-29 20:52:10.652  4497  4497 I AnimStateManager: AppState handle event 6003
07-29 20:52:10.652  4497  4497 I RectFSpringAnim_229876596: setStartRect = RectF(49.927734, 95.55005, 1102.6918, 2437.95)
07-29 20:52:10.652  4497  4497 I RectFSpringAnim_229876596: resetAnimValue KEY_SURFACE_EXT_ALPHA mTargetRect = RectF(67.650635, 119.822754, 1083.0121, 2379.002) endAlpha=1.0
07-29 20:52:10.652  4497  4497 I RectFSpringAnim_229876596: setAnimParamByType = CLOSE_TO_DRAG , magicSpeed = 1.0
07-29 20:52:10.652  4497  4497 E MultiSpringDynamicAnimation102209d: ERROR Not Found Bundle SurfaceExtAlpha
07-29 20:52:10.652  4497  4497 I RectFSpringAnim_229876596: updateAllAnimEndDirectly, centerX = 575.33136, centerY = 1249.4124, width = 1015.36145, height = 2259.1792, rectF = RectF(67.650635, 119.822754, 1083.0121, 2379.002), radius = 113.382034, alpha = 1.0
07-29 20:52:10.652  4497  4497 E MultiSpringDynamicAnimation102209d: ERROR Not Found Bundle SurfaceExtAlpha
07-29 20:52:10.652  4497  4497 I AnimStateManager: CommonState handle event 6003
07-29 20:52:10.652  2463  5531 I MultiSenceManagerInternalStub: getInstance
07-29 20:52:10.652  2463  2517 I WindowManager: Window{fd7851 u0 com.miui.home/com.miui.home.launcher.Launcher} playingTransition keep home visible
07-29 20:52:10.652  4497  5159 W RecentsImpl: updateFsgWindowVisibilityStateInBgThread, isEnter=false, typeFrom=typefrom_home, isOpen=true, isKeyguardLocked=false, mIsInAnotherPro=false, isStatusBarExpansion=false
07-29 20:52:10.652  2463  2517 I WindowManager: Window{8f79506 u0 LauncherOverlayWindow:com.miui.personalassistant} playingTransition keep home visible
07-29 20:52:10.652  4497  5159 W RecentsImpl: getTopActivity from observer.   cn=ComponentInfo{com.miui.home/com.miui.home.launcher.Launcher}
07-29 20:52:10.652  2463  2517 I WindowManager: Window{68f629c u0 LauncherOverlayWindow:com.android.quicksearchbox} playingTransition keep home visible
07-29 20:52:10.652  2463  2517 I WindowManager: wms.showSurfaceRobustly mWin:Window{68f629c u0 LauncherOverlayWindow:com.android.quicksearchbox}
07-29 20:52:10.653  4979  5212 I MiuiBubbleController: removeBubble: 177 reason=2
07-29 20:52:10.653  4979  5212 I MultiTaskingTaskRepository: onTaskInfoChanged multi list = [], full = [177, 188]
07-29 20:52:10.653  4979  5212 I MultiTaskingTaskRepository: needSkip: is home task
07-29 20:52:10.653  4497  4497 W GestureStateMachine: AppDragState msg=2
07-29 20:52:10.655  1827  2399 I MiClstc : StageLayers No adding layer_name[FramebufferSurface], layer_id 1
07-29 20:52:10.655  1827  2399 I MiClstc : DropLayers erase layer 724
07-29 20:52:10.655  1827  2399 I MiClstc : DropLayers erase layer 738
07-29 20:52:10.655  1827  2399 I MiClstc : DropLayers erase layer 740
07-29 20:52:10.655  1827  2399 I MiClstc : RetrieveConfig Unknown layer 1, skip
07-29 20:52:10.657  4497  4497 I GestureStateMachine: getCurrentState = com.miui.home.recents.GestureStateMachine$AppDragState@4e7e429
07-29 20:52:10.657  4497  4497 W GestureStateMachine: AppDragState msg=3
07-29 20:52:10.657  4497  4497 I AnimStateManager: AppState handle event 6003
07-29 20:52:10.657  4497  4497 I RectFSpringAnim_229876596: setStartRect = RectF(67.650635, 119.822754, 1083.0121, 2379.002)
07-29 20:52:10.657  4497  4497 I RectFSpringAnim_229876596: resetAnimValue KEY_SURFACE_EXT_ALPHA mTargetRect = RectF(89.14398, 145.58228, 1064.8113, 2316.4421) endAlpha=1.0
07-29 20:52:10.657  4497  4497 I RectFSpringAnim_229876596: setAnimParamByType = CLOSE_TO_DRAG , magicSpeed = 1.0
07-29 20:52:10.657  4497  4497 E MultiSpringDynamicAnimation102209d: ERROR Not Found Bundle SurfaceExtAlpha
07-29 20:52:10.657  4497  4497 I RectFSpringAnim_229876596: updateAllAnimEndDirectly, centerX = 576.97766, centerY = 1231.0122, width = 975.6673, height = 2170.8599, rectF = RectF(89.14398, 145.58228, 1064.8113, 2316.4421), radius = 108.94951, alpha = 1.0
07-29 20:52:10.657  4497  4497 E MultiSpringDynamicAnimation102209d: ERROR Not Found Bundle SurfaceExtAlpha
07-29 20:52:10.657  4497  4497 I AnimStateManager: CommonState handle event 6003
07-29 20:52:10.657  2105  2105 I MI-SF   : surfaceflinger setAffinity mode=1
07-29 20:52:10.657  2105  2105 E MI-SF   : surfaceflinger setAffinity success
07-29 20:52:10.657  2105  2105 I MI-SF   : surfaceflinger setreAffinity reTid=2261
07-29 20:52:10.657  2105  2105 E MI-SF   : surfaceflinger setAffinity success
07-29 20:52:10.660  2463  2517 I WindowManager: Window{fd7851 u0 com.miui.home/com.miui.home.launcher.Launcher} playingTransition keep home visible
07-29 20:52:10.660  2463  2517 I WindowManager: Window{8f79506 u0 LauncherOverlayWindow:com.miui.personalassistant} playingTransition keep home visible
07-29 20:52:10.660  2463  2517 I WindowManager: Window{68f629c u0 LauncherOverlayWindow:com.android.quicksearchbox} playingTransition keep home visible
07-29 20:52:10.666  4497  4497 I GestureStateMachine: getCurrentState = com.miui.home.recents.GestureStateMachine$AppDragState@4e7e429
07-29 20:52:10.673  4497  4497 W GestureStateMachine: AppDragState msg=3
07-29 20:52:10.673  4497  4497 I AnimStateManager: AppState handle event 6003
07-29 20:52:10.673  4497  4497 I RectFSpringAnim_229876596: setStartRect = RectF(89.14398, 145.58228, 1064.8113, 2316.4421)
07-29 20:52:10.673  4497  4497 I RectFSpringAnim_229876596: resetAnimValue KEY_SURFACE_EXT_ALPHA mTargetRect = RectF(113.93707, 172.62036, 1047.9414, 2250.78) endAlpha=1.0
07-29 20:52:10.673  4497  4497 I RectFSpringAnim_229876596: setAnimParamByType = CLOSE_TO_DRAG , magicSpeed = 1.0
07-29 20:52:10.674  4497  4497 E MultiSpringDynamicAnimation102209d: ERROR Not Found Bundle SurfaceExtAlpha
07-29 20:52:10.674  4497  4497 I RectFSpringAnim_229876596: updateAllAnimEndDirectly, centerX = 580.9392, centerY = 1211.7002, width = 934.00433, height = 2078.1597, rectF = RectF(113.93707, 172.62036, 1047.9414, 2250.78), radius = 104.29715, alpha = 1.0
07-29 20:52:10.674  4497  4497 E MultiSpringDynamicAnimation102209d: ERROR Not Found Bundle SurfaceExtAlpha
07-29 20:52:10.674  4497  4497 I AnimStateManager: CommonState handle event 6003
07-29 20:52:10.675  4497  4497 I GestureStateMachine: getCurrentState = com.miui.home.recents.GestureStateMachine$AppDragState@4e7e429
07-29 20:52:10.675  4497  4497 W GestureStateMachine: AppDragState msg=2
07-29 20:52:10.681  4497  4497 W GestureStateMachine: AppDragState msg=3
07-29 20:52:10.681  4497  4497 I AnimStateManager: AppState handle event 6003
07-29 20:52:10.682  4497  4497 I RectFSpringAnim_229876596: setStartRect = RectF(113.93707, 172.62036, 1047.9414, 2250.78)
07-29 20:52:10.682  4497  4497 I RectFSpringAnim_229876596: resetAnimValue KEY_SURFACE_EXT_ALPHA mTargetRect = RectF(143.65381, 201.88, 1032.5708, 2179.7202) endAlpha=1.0
07-29 20:52:10.682  4497  4497 I RectFSpringAnim_229876596: setAnimParamByType = CLOSE_TO_DRAG , magicSpeed = 1.0
07-29 20:52:10.682  4497  4497 E MultiSpringDynamicAnimation102209d: ERROR Not Found Bundle SurfaceExtAlpha
07-29 20:52:10.682  4497  4497 I RectFSpringAnim_229876596: updateAllAnimEndDirectly, centerX = 588.1123, centerY = 1190.8, width = 888.917, height = 1977.8402, rectF = RectF(143.65381, 201.88, 1032.5708, 2179.7202), radius = 99.2624, alpha = 1.0
07-29 20:52:10.682  4497  4497 E MultiSpringDynamicAnimation102209d: ERROR Not Found Bundle SurfaceExtAlpha
07-29 20:52:10.682  4497  4497 I AnimStateManager: CommonState handle event 6003
07-29 20:52:10.682  4497  4497 I GestureStateMachine: getCurrentState = com.miui.home.recents.GestureStateMachine$AppDragState@4e7e429
07-29 20:52:10.689  2463  4069 I MIUIInput: [MotionEvent] notifyMotion - eventTime=19369009044000, deviceId=7, source=0x1002, policyFlags=0x0, action=0x1, flags=0x0, downTime=19368916726000
07-29 20:52:10.689  2463  4068 I MIUIInput: [MotionEvent] publisher action=0x1, deviceId=7, 19369009, channel '89d775d GestureStubHome (server)'
07-29 20:52:10.689  2463  4068 I MIUIInput: [MotionEvent] publisher action=0x1, deviceId=7, 19369009, channel '[Gesture Monitor] miui-gesture (server)'
07-29 20:52:10.690  4497  4497 I MIUIInput: [MotionEvent] ViewRootImpl windowName 'GestureStubHome', { action=ACTION_UP, id[0]=0, pointerCount=1, eventTime=19369009, downTime=19368916, phoneEventTime=20:52:10.689 } moveCount:9
07-29 20:52:10.690  4497  4497 W GestureStateMachine: AppDragState msg=3
07-29 20:52:10.690  4497  4497 I AnimStateManager: AppState handle event 6003
07-29 20:52:10.690  4497  4497 I RectFSpringAnim_229876596: setStartRect = RectF(143.65381, 201.88, 1032.5708, 2179.7202)
07-29 20:52:10.690  4497  4497 I RectFSpringAnim_229876596: resetAnimValue KEY_SURFACE_EXT_ALPHA mTargetRect = RectF(177.15045, 231.42004, 1020.5481, 2107.9797) endAlpha=1.0
07-29 20:52:10.690  4497  4497 I RectFSpringAnim_229876596: setAnimParamByType = CLOSE_TO_DRAG , magicSpeed = 1.0
07-29 20:52:10.690  4497  4497 E MultiSpringDynamicAnimation102209d: ERROR Not Found Bundle SurfaceExtAlpha
07-29 20:52:10.690  4497  4497 I RectFSpringAnim_229876596: updateAllAnimEndDirectly, centerX = 598.84924, centerY = 1169.7, width = 843.39764, height = 1876.5597, rectF = RectF(177.15045, 231.42004, 1020.5481, 2107.9797), radius = 94.1794, alpha = 1.0
07-29 20:52:10.690  4497  4497 E MultiSpringDynamicAnimation102209d: ERROR Not Found Bundle SurfaceExtAlpha
07-29 20:52:10.690  4497  4497 I AnimStateManager: CommonState handle event 6003
07-29 20:52:10.691  4497  4497 I GestureStateMachine: getCurrentState = com.miui.home.recents.GestureStateMachine$AppDragState@4e7e429
07-29 20:52:10.691  4497  4497 I NavStubView: enableInputProxy setTouchListener mIsAppHandleGesture = false
07-29 20:52:10.695  1827  2752 I vendor.qti.hardware.display.composer-service: Sensor: notify citsensorservice to trigger cwb, misForced = 0
07-29 20:52:10.695  3002  4297 I libsensor-parseRGB: request dump start for mRequestDisplayId 0
07-29 20:52:10.697  2046  2081 I [THP-HAL]: release_all:force:0
07-29 20:52:10.698  4497  4497 W GestureStateMachine: AppDragState msg=3
07-29 20:52:10.698  4497  4497 I AnimStateManager: AppState handle event 6003
07-29 20:52:10.698  4497  4497 I RectFSpringAnim_229876596: setStartRect = RectF(177.15045, 231.42004, 1020.5481, 2107.9797)
07-29 20:52:10.698  4497  4497 I RectFSpringAnim_229876596: resetAnimValue KEY_SURFACE_EXT_ALPHA mTargetRect = RectF(214.17499, 264.16272, 1007.1188, 2028.4625) endAlpha=1.0
07-29 20:52:10.698  4497  4497 I RectFSpringAnim_229876596: setAnimParamByType = CLOSE_TO_DRAG , magicSpeed = 1.0
07-29 20:52:10.698  4497  4497 E MultiSpringDynamicAnimation102209d: ERROR Not Found Bundle SurfaceExtAlpha
07-29 20:52:10.698  4497  4497 I RectFSpringAnim_229876596: updateAllAnimEndDirectly, centerX = 610.64685, centerY = 1146.3126, width = 792.9438, height = 1764.2998, rectF = RectF(214.17499, 264.16272, 1007.1188, 2028.4625), radius = 88.54539, alpha = 1.0
07-29 20:52:10.698  4497  4497 E MultiSpringDynamicAnimation102209d: ERROR Not Found Bundle SurfaceExtAlpha
07-29 20:52:10.698  4497  4497 I AnimStateManager: CommonState handle event 6003
07-29 20:52:10.698  4497  4497 W GestureStateMachine: AppDragState msg=5
07-29 20:52:10.699  4497  4497 I IBarFollowAnimationRunnerImpl: updateGestureStateToRemote state: 1
07-29 20:52:10.699  4497  4497 I StateNotifyUtils: sendStateToShell value:1
07-29 20:52:10.699  4497  4497 E BlurUtils: fastBlur ratio=0.0   withAnim=true   sBlurRatioValue=0.0
07-29 20:52:10.699  4497  4497 I NavStubView: getClosingApp mRunningTaskComponentName=ComponentInfo{com.getsurfboard/com.getsurfboard.ui.activity.MainActivity}, launcher=com.miui.home.launcher.Launcher@a788e10
07-29 20:52:10.699  4497  4497 I NavStubView: startAppToHomeAnim launchAppAndBackHomeAnimTarget=com.miui.home.launcher.ShortcutIcon{8498334 VFED..CL. ........ 36,0-318,282}(Surfboard), appAndBackHomeAnimTarget=null
07-29 20:52:10.699  4497  4497 I ClipAnimationHelper: performAppToRecents modifyRectFToSource rectF=RectF(88.0, 263.0, 265.0, 440.0) mHomeStackBounds=Rect(0, 0 - 0, 0) sourceBounds=Rect(0, 0 - 1200, 2670)
07-29 20:52:10.700  4497  4497 I AnimStateManager: AppState handle event 6004
07-29 20:52:10.700  4497  5159 I PowerKeeperManager: notifyPowerKeeperGesture status: TO_HOME
07-29 20:52:10.700  2463  4108 E HandwritingModeController: Cannot get requestId: Handwriting was not initialized.
07-29 20:52:10.701  4497  5159 E StateNotifyUtils: sendFsStateBroadCast state=toHome   channel=gesture   packageName=
07-29 20:52:10.701  4497  4497 I RectFSpringAnim_229876596: setStartRect = RectF(214.17499, 264.16272, 1007.1188, 2028.4625)
07-29 20:52:10.701  4497  4497 I RectFSpringAnim_229876596: resetAnimValue KEY_SURFACE_EXT_ALPHA mTargetRect = RectF(88.0, 263.0, 265.0, 440.0) endAlpha=0.0
07-29 20:52:10.701  4497  4497 I RectFSpringAnim_229876596: setAnimParamByType = CLOSE_TO_HOME , magicSpeed = 1.0
07-29 20:52:10.701  4497  4497 E MultiSpringDynamicAnimation102209d: ERROR Not Found Bundle SurfaceExtAlpha
07-29 20:52:10.701  4497  4497 I RectFSpringAnim_229876596: updateAllAnimEndDirectly, centerX = 176.5, centerY = 351.5, width = 177.0, height = 177.0, rectF = RectF(88.0, 263.0, 265.0, 440.0), radius = 42.0, alpha = 0.0
07-29 20:52:10.701  4497  4497 E MultiSpringDynamicAnimation102209d: ERROR Not Found Bundle SurfaceExtAlpha
07-29 20:52:10.701  4497  4497 E TaskViewsElement: animTo,mode=6
07-29 20:52:10.701  4497  4497 I AnimStateManager: go to state com.miui.home.recents.anim.StateManager$HomeState@67439ba
07-29 20:52:10.701  4497  4497 I AnimStateManager: CommonState handle event 6004
07-29 20:52:10.701  4497  4497 E RotationHelper: setCurrentTransitionRequest: request=0
07-29 20:52:10.701  4497  4497 E RotationHelper: notifyChange activityFlags=1, mMultiWindowRotationRequest=3, mCurrentTransitionRequest=0, mCurrentStateRequest=0
07-29 20:52:10.701  2463  2517 I WindowManager: Window{68f629c u0 LauncherOverlayWindow:com.android.quicksearchbox} playingTransition keep home visible
07-29 20:52:10.701  2463  2517 I WindowManager: Window{8f79506 u0 LauncherOverlayWindow:com.miui.personalassistant} playingTransition keep home visible
07-29 20:52:10.701  2463  2517 I WindowManager: Window{fd7851 u0 com.miui.home/com.miui.home.launcher.Launcher} playingTransition keep home visible
07-29 20:52:10.702  7664  7664 I VA_AliveCore:MixMonitor: onReceive: action=com.miui.fullscreen_state_change
07-29 20:52:10.703  7664  7664 I VA_AliveCore:MixMonitor: onReceive: action=com.miui.fullscreen_state_change;stateName=toHome
07-29 20:52:10.710  2463  2517 I WindowManager: Window{fd7851 u0 com.miui.home/com.miui.home.launcher.Launcher} playingTransition keep home visible
07-29 20:52:10.710  2463  2517 I WindowManager: Window{8f79506 u0 LauncherOverlayWindow:com.miui.personalassistant} playingTransition keep home visible
07-29 20:52:10.710  2463  2517 I WindowManager: Window{68f629c u0 LauncherOverlayWindow:com.android.quicksearchbox} playingTransition keep home visible
07-29 20:52:10.711  3117  3117 I adbd    : in ShellService: ps
07-29 20:52:10.712  1827  1827 I MiClstc : StageLayers No adding layer_name[FramebufferSurface], layer_id 1
07-29 20:52:10.712  1827  1827 I MiClstc : RetrieveConfig Unknown layer 1, skip
07-29 20:52:10.718  3002  6353 E libsensor-parseRGB: CWB NotifyCWBBufferDone  error 0
07-29 20:52:10.719  2463  2517 I WindowManager: Window{fd7851 u0 com.miui.home/com.miui.home.launcher.Launcher} playingTransition keep home visible
07-29 20:52:10.719  2463  2517 I WindowManager: Window{8f79506 u0 LauncherOverlayWindow:com.miui.personalassistant} playingTransition keep home visible
07-29 20:52:10.719  2463  2517 I WindowManager: Window{68f629c u0 LauncherOverlayWindow:com.android.quicksearchbox} playingTransition keep home visible
07-29 20:52:10.723  4497  4497 I TransitionCallback: clear leash = Surface(name=TL_Surface(name=Task=177#170)/@0xfc5e5cd_transition-leash#2358)/@0x77fc9e7, key = ComponentInfo{com.getsurfboard/com.getsurfboard.ui.activity.MainActivity}#177
07-29 20:52:10.723  4497  4497 I TransitionCallback: clear leash = Surface(name=TL_Surface(name=Task=1#45)/@0xcd57e82_transition-leash#2359)/@0x26e8c32, key = ComponentInfo{com.miui.home/com.miui.home.launcher.Launcher}#1
07-29 20:52:10.728  2463  2517 I WindowManager: Window{fd7851 u0 com.miui.home/com.miui.home.launcher.Launcher} playingTransition keep home visible
07-29 20:52:10.728  2463  2517 I WindowManager: Window{8f79506 u0 LauncherOverlayWindow:com.miui.personalassistant} playingTransition keep home visible
07-29 20:52:10.728  2463  2517 I WindowManager: Window{68f629c u0 LauncherOverlayWindow:com.android.quicksearchbox} playingTransition keep home visible
07-29 20:52:10.735  2463  2517 I WindowManager: Window{fd7851 u0 com.miui.home/com.miui.home.launcher.Launcher} playingTransition keep home visible
07-29 20:52:10.735  2463  2517 I WindowManager: Window{8f79506 u0 LauncherOverlayWindow:com.miui.personalassistant} playingTransition keep home visible
07-29 20:52:10.736  2463  2517 I WindowManager: Window{68f629c u0 LauncherOverlayWindow:com.android.quicksearchbox} playingTransition keep home visible
07-29 20:52:10.744  2463  2517 I WindowManager: Window{fd7851 u0 com.miui.home/com.miui.home.launcher.Launcher} playingTransition keep home visible
07-29 20:52:10.744  2463  2517 I WindowManager: Window{8f79506 u0 LauncherOverlayWindow:com.miui.personalassistant} playingTransition keep home visible
07-29 20:52:10.744  2463  2517 I WindowManager: Window{68f629c u0 LauncherOverlayWindow:com.android.quicksearchbox} playingTransition keep home visible
07-29 20:52:10.753  2463  2517 I WindowManager: Window{fd7851 u0 com.miui.home/com.miui.home.launcher.Launcher} playingTransition keep home visible
07-29 20:52:10.753  2463  2517 I WindowManager: Window{8f79506 u0 LauncherOverlayWindow:com.miui.personalassistant} playingTransition keep home visible
07-29 20:52:10.753  2463  2517 I WindowManager: Window{68f629c u0 LauncherOverlayWindow:com.android.quicksearchbox} playingTransition keep home visible
07-29 20:52:10.760  2463  2517 I WindowManager: Window{fd7851 u0 com.miui.home/com.miui.home.launcher.Launcher} playingTransition keep home visible
07-29 20:52:10.761  2463  2517 I WindowManager: Window{8f79506 u0 LauncherOverlayWindow:com.miui.personalassistant} playingTransition keep home visible
07-29 20:52:10.761  2463  2517 I WindowManager: Window{68f629c u0 LauncherOverlayWindow:com.android.quicksearchbox} playingTransition keep home visible
07-29 20:52:10.769  2463  2517 I WindowManager: Window{fd7851 u0 com.miui.home/com.miui.home.launcher.Launcher} playingTransition keep home visible
07-29 20:52:10.769  2463  2517 I WindowManager: Window{8f79506 u0 LauncherOverlayWindow:com.miui.personalassistant} playingTransition keep home visible
07-29 20:52:10.769  2463  2517 I WindowManager: Window{68f629c u0 LauncherOverlayWindow:com.android.quicksearchbox} playingTransition keep home visible
07-29 20:52:10.777  2463  2517 I WindowManager: Window{fd7851 u0 com.miui.home/com.miui.home.launcher.Launcher} playingTransition keep home visible
07-29 20:52:10.777  2463  2517 I WindowManager: Window{8f79506 u0 LauncherOverlayWindow:com.miui.personalassistant} playingTransition keep home visible
07-29 20:52:10.777  2463  2517 I WindowManager: Window{68f629c u0 LauncherOverlayWindow:com.android.quicksearchbox} playingTransition keep home visible
07-29 20:52:10.785  2463  2517 I WindowManager: Window{fd7851 u0 com.miui.home/com.miui.home.launcher.Launcher} playingTransition keep home visible
07-29 20:52:10.785  2463  2517 I WindowManager: Window{8f79506 u0 LauncherOverlayWindow:com.miui.personalassistant} playingTransition keep home visible
07-29 20:52:10.785  2463  2517 I WindowManager: Window{68f629c u0 LauncherOverlayWindow:com.android.quicksearchbox} playingTransition keep home visible
07-29 20:52:10.794  2463  2517 I WindowManager: Window{fd7851 u0 com.miui.home/com.miui.home.launcher.Launcher} playingTransition keep home visible
07-29 20:52:10.794  2463  2517 I WindowManager: Window{8f79506 u0 LauncherOverlayWindow:com.miui.personalassistant} playingTransition keep home visible
07-29 20:52:10.794  2463  2517 I WindowManager: Window{68f629c u0 LauncherOverlayWindow:com.android.quicksearchbox} playingTransition keep home visible
07-29 20:52:10.802  2463  2517 I WindowManager: Window{fd7851 u0 com.miui.home/com.miui.home.launcher.Launcher} playingTransition keep home visible
07-29 20:52:10.802  2463  2517 I WindowManager: Window{8f79506 u0 LauncherOverlayWindow:com.miui.personalassistant} playingTransition keep home visible
07-29 20:52:10.802  2463  2517 I WindowManager: Window{68f629c u0 LauncherOverlayWindow:com.android.quicksearchbox} playingTransition keep home visible
07-29 20:52:10.810  2463  2517 I WindowManager: Window{fd7851 u0 com.miui.home/com.miui.home.launcher.Launcher} playingTransition keep home visible
07-29 20:52:10.810  2463  2517 I WindowManager: Window{8f79506 u0 LauncherOverlayWindow:com.miui.personalassistant} playingTransition keep home visible
07-29 20:52:10.810  2463  2517 I WindowManager: Window{68f629c u0 LauncherOverlayWindow:com.android.quicksearchbox} playingTransition keep home visible
07-29 20:52:10.818  2463  2517 I WindowManager: Window{fd7851 u0 com.miui.home/com.miui.home.launcher.Launcher} playingTransition keep home visible
07-29 20:52:10.818  2463  2517 I WindowManager: Window{8f79506 u0 LauncherOverlayWindow:com.miui.personalassistant} playingTransition keep home visible
07-29 20:52:10.818  2463  2517 I WindowManager: Window{68f629c u0 LauncherOverlayWindow:com.android.quicksearchbox} playingTransition keep home visible
07-29 20:52:10.822  4497  5224 E Launcher.Transfer: transfer is closed
07-29 20:52:10.827  2463  2517 I WindowManager: Window{fd7851 u0 com.miui.home/com.miui.home.launcher.Launcher} playingTransition keep home visible
07-29 20:52:10.827  2463  2517 I WindowManager: Window{8f79506 u0 LauncherOverlayWindow:com.miui.personalassistant} playingTransition keep home visible
07-29 20:52:10.827  2463  2517 I WindowManager: Window{68f629c u0 LauncherOverlayWindow:com.android.quicksearchbox} playingTransition keep home visible
07-29 20:52:10.835  2463  2517 I WindowManager: Window{fd7851 u0 com.miui.home/com.miui.home.launcher.Launcher} playingTransition keep home visible
07-29 20:52:10.835  2463  2517 I WindowManager: Window{8f79506 u0 LauncherOverlayWindow:com.miui.personalassistant} playingTransition keep home visible
07-29 20:52:10.835  2463  2517 I WindowManager: Window{68f629c u0 LauncherOverlayWindow:com.android.quicksearchbox} playingTransition keep home visible
07-29 20:52:10.837  9744 10033 I HeavyPackageIdentify: splitMode: false, splitPackages: null, foregroundPkg: com.miui.home
07-29 20:52:10.843  2463  2517 I WindowManager: Window{fd7851 u0 com.miui.home/com.miui.home.launcher.Launcher} playingTransition keep home visible
07-29 20:52:10.843  2463  2517 I WindowManager: Window{8f79506 u0 LauncherOverlayWindow:com.miui.personalassistant} playingTransition keep home visible
07-29 20:52:10.843  2463  2517 I WindowManager: Window{68f629c u0 LauncherOverlayWindow:com.android.quicksearchbox} playingTransition keep home visible
07-29 20:52:10.852  2463  2517 I WindowManager: Window{fd7851 u0 com.miui.home/com.miui.home.launcher.Launcher} playingTransition keep home visible
07-29 20:52:10.852  2463  2517 I WindowManager: Window{8f79506 u0 LauncherOverlayWindow:com.miui.personalassistant} playingTransition keep home visible
07-29 20:52:10.852  2463  2517 I WindowManager: Window{68f629c u0 LauncherOverlayWindow:com.android.quicksearchbox} playingTransition keep home visible
07-29 20:52:10.860  2463  2517 I WindowManager: Window{fd7851 u0 com.miui.home/com.miui.home.launcher.Launcher} playingTransition keep home visible
07-29 20:52:10.860  2463  2517 I WindowManager: Window{8f79506 u0 LauncherOverlayWindow:com.miui.personalassistant} playingTransition keep home visible
07-29 20:52:10.860  2463  2517 I WindowManager: Window{68f629c u0 LauncherOverlayWindow:com.android.quicksearchbox} playingTransition keep home visible
07-29 20:52:10.868  2463  2517 I WindowManager: Window{fd7851 u0 com.miui.home/com.miui.home.launcher.Launcher} playingTransition keep home visible
07-29 20:52:10.868  2463  2517 I WindowManager: Window{8f79506 u0 LauncherOverlayWindow:com.miui.personalassistant} playingTransition keep home visible
07-29 20:52:10.869  2463  2517 I WindowManager: Window{68f629c u0 LauncherOverlayWindow:com.android.quicksearchbox} playingTransition keep home visible
07-29 20:52:10.876  2463  2517 I WindowManager: Window{fd7851 u0 com.miui.home/com.miui.home.launcher.Launcher} playingTransition keep home visible
07-29 20:52:10.877  2463  2517 I WindowManager: Window{8f79506 u0 LauncherOverlayWindow:com.miui.personalassistant} playingTransition keep home visible
07-29 20:52:10.877  2463  2517 I WindowManager: Window{68f629c u0 LauncherOverlayWindow:com.android.quicksearchbox} playingTransition keep home visible
07-29 20:52:10.885  2463  2517 I WindowManager: Window{fd7851 u0 com.miui.home/com.miui.home.launcher.Launcher} playingTransition keep home visible
07-29 20:52:10.885  2463  2517 I WindowManager: Window{8f79506 u0 LauncherOverlayWindow:com.miui.personalassistant} playingTransition keep home visible
07-29 20:52:10.885  2463  2517 I WindowManager: Window{68f629c u0 LauncherOverlayWindow:com.android.quicksearchbox} playingTransition keep home visible
07-29 20:52:10.889 14261 14286 I mit.droidbotapp: This is non sticky GC, maxfree is 16777216 minfree is 8388608
07-29 20:52:10.893  2463  2517 I WindowManager: Window{fd7851 u0 com.miui.home/com.miui.home.launcher.Launcher} playingTransition keep home visible
07-29 20:52:10.893  2463  2517 I WindowManager: Window{8f79506 u0 LauncherOverlayWindow:com.miui.personalassistant} playingTransition keep home visible
07-29 20:52:10.893  2463  2517 I WindowManager: Window{68f629c u0 LauncherOverlayWindow:com.android.quicksearchbox} playingTransition keep home visible
07-29 20:52:10.902  2463  2517 I WindowManager: Window{fd7851 u0 com.miui.home/com.miui.home.launcher.Launcher} playingTransition keep home visible
07-29 20:52:10.902  2463  2517 I WindowManager: Window{8f79506 u0 LauncherOverlayWindow:com.miui.personalassistant} playingTransition keep home visible
07-29 20:52:10.902  2463  2517 I WindowManager: Window{68f629c u0 LauncherOverlayWindow:com.android.quicksearchbox} playingTransition keep home visible
07-29 20:52:10.903  1827  2752 I vendor.qti.hardware.display.composer-service: Sensor: notify citsensorservice to trigger cwb, misForced = 0
07-29 20:52:10.903  3002  4297 I libsensor-parseRGB: request dump start for mRequestDisplayId 0
07-29 20:52:10.910  2463  2517 I WindowManager: Window{fd7851 u0 com.miui.home/com.miui.home.launcher.Launcher} playingTransition keep home visible
07-29 20:52:10.910  2463  2517 I WindowManager: Window{8f79506 u0 LauncherOverlayWindow:com.miui.personalassistant} playingTransition keep home visible
07-29 20:52:10.910  2463  2517 I WindowManager: Window{68f629c u0 LauncherOverlayWindow:com.android.quicksearchbox} playingTransition keep home visible
07-29 20:52:10.919  2463  2517 I WindowManager: Window{fd7851 u0 com.miui.home/com.miui.home.launcher.Launcher} playingTransition keep home visible
07-29 20:52:10.919  2463  2517 I WindowManager: Window{8f79506 u0 LauncherOverlayWindow:com.miui.personalassistant} playingTransition keep home visible
07-29 20:52:10.919  2463  2517 I WindowManager: Window{68f629c u0 LauncherOverlayWindow:com.android.quicksearchbox} playingTransition keep home visible
07-29 20:52:10.920  3002  4306 I libsensor-boledalgo: dbv:440,lux:255.0,cct:4418.5,hsv:-1.0,dc:0CWB R:121296.8,G:104217.8,B:80198.9Event C:19216.9,R:10937.3,G:6218.9,B:3068.8Cali C:4191.9,R:2581.8,G:1213.9,B:655.2 
07-29 20:52:10.921  8013  8013 I VideoToolBoxService: onReceive: android.intent.action.CLOSE_SYSTEM_DIALOGS
07-29 20:52:10.921  8013  8013 I GameBoosterService: onReceive: android.intent.action.CLOSE_SYSTEM_DIALOGS
07-29 20:52:10.926  3002  6353 E libsensor-parseRGB: CWB NotifyCWBBufferDone  error 0
07-29 20:52:10.926  2463  2517 I WindowManager: Window{fd7851 u0 com.miui.home/com.miui.home.launcher.Launcher} playingTransition keep home visible
07-29 20:52:10.927  2463  2517 I WindowManager: Window{8f79506 u0 LauncherOverlayWindow:com.miui.personalassistant} playingTransition keep home visible
07-29 20:52:10.927  2463  2517 I WindowManager: Window{68f629c u0 LauncherOverlayWindow:com.android.quicksearchbox} playingTransition keep home visible
07-29 20:52:10.929  4979  4979 I ControlCenterExpandController: hide panel true true
07-29 20:52:10.930  4979  4979 I VolumeShowHideAnimator: isRunning: false, mExpanded: false
07-29 20:52:10.930  4979  4979 I VolumeExpandCollapsedAnimator: isRunning: false, mExpanded: false
07-29 20:52:10.930  4979  4979 I VolumePanelViewController_true: dismissH mShowing:false, reason:volume_controller, isAnimating: false, needShowDialog=true, KeyAnimatingStream=-1
07-29 20:52:10.931  4979  4979 I VolumeShowHideAnimator: isRunning: false, mExpanded: false
07-29 20:52:10.932  4979  4979 I VolumeExpandCollapsedAnimator: isRunning: false, mExpanded: false
07-29 20:52:10.933  4979  4979 I VolumePanelViewController_false: dismissH mShowing:false, reason:volume_controller, isAnimating: false, needShowDialog=false, KeyAnimatingStream=-1
07-29 20:52:10.935  2463  2517 I WindowManager: Window{fd7851 u0 com.miui.home/com.miui.home.launcher.Launcher} playingTransition keep home visible
07-29 20:52:10.935  2463  2517 I WindowManager: Window{8f79506 u0 LauncherOverlayWindow:com.miui.personalassistant} playingTransition keep home visible
07-29 20:52:10.935  2463  2517 I WindowManager: Window{68f629c u0 LauncherOverlayWindow:com.android.quicksearchbox} playingTransition keep home visible
07-29 20:52:10.936  1827  1827 I MiClstc : simplifyLayerName Unknown layer 1, skip
07-29 20:52:10.936  1827  1827 I MiClstc : DropLayers erase layer 1
07-29 20:52:10.942  2463  2536 I ExtM    : zram userate is low, no need to flush: 17
07-29 20:52:10.943  2463  2517 I WindowManager: Window{fd7851 u0 com.miui.home/com.miui.home.launcher.Launcher} playingTransition keep home visible
07-29 20:52:10.943  2463  2517 I WindowManager: Window{8f79506 u0 LauncherOverlayWindow:com.miui.personalassistant} playingTransition keep home visible
07-29 20:52:10.943  2463  2517 I WindowManager: Window{68f629c u0 LauncherOverlayWindow:com.android.quicksearchbox} playingTransition keep home visible
07-29 20:52:10.951  2463  2517 I WindowManager: Window{fd7851 u0 com.miui.home/com.miui.home.launcher.Launcher} playingTransition keep home visible
07-29 20:52:10.951  2463  2517 I WindowManager: Window{8f79506 u0 LauncherOverlayWindow:com.miui.personalassistant} playingTransition keep home visible
07-29 20:52:10.951  2463  2517 I WindowManager: Window{68f629c u0 LauncherOverlayWindow:com.android.quicksearchbox} playingTransition keep home visible
07-29 20:52:10.952 13666 17476 W surfboard: (0x000008BC) [] on_tcp_read local connection reset by peer
07-29 20:52:10.955  2463 10061 I WindowManager: Window{68f629c u0 LauncherOverlayWindow:com.android.quicksearchbox} playingTransition keep home visible
07-29 20:52:10.955  2463 10061 I WindowManager: Window{8f79506 u0 LauncherOverlayWindow:com.miui.personalassistant} playingTransition keep home visible
07-29 20:52:10.955  2463 10061 I WindowManager: Window{fd7851 u0 com.miui.home/com.miui.home.launcher.Launcher} playingTransition keep home visible
07-29 20:52:10.956  2463 10061 I WindowManager: Window{68f629c u0 LauncherOverlayWindow:com.android.quicksearchbox} playingTransition keep home visible
07-29 20:52:10.956  2463 10061 I WindowManager: Window{8f79506 u0 LauncherOverlayWindow:com.miui.personalassistant} playingTransition keep home visible
07-29 20:52:10.956  2463 10061 I WindowManager: Window{fd7851 u0 com.miui.home/com.miui.home.launcher.Launcher} playingTransition keep home visible
07-29 20:52:10.960  2463  2517 I WindowManager: Window{fd7851 u0 com.miui.home/com.miui.home.launcher.Launcher} playingTransition keep home visible
07-29 20:52:10.960  2463  2517 I WindowManager: Window{8f79506 u0 LauncherOverlayWindow:com.miui.personalassistant} playingTransition keep home visible
07-29 20:52:10.960  2463  2517 I WindowManager: Window{68f629c u0 LauncherOverlayWindow:com.android.quicksearchbox} playingTransition keep home visible
07-29 20:52:10.968  2463  2517 I WindowManager: Window{fd7851 u0 com.miui.home/com.miui.home.launcher.Launcher} playingTransition keep home visible
07-29 20:52:10.968  2463  2517 I WindowManager: Window{8f79506 u0 LauncherOverlayWindow:com.miui.personalassistant} playingTransition keep home visible
07-29 20:52:10.968  2463  2517 I WindowManager: Window{68f629c u0 LauncherOverlayWindow:com.android.quicksearchbox} playingTransition keep home visible
07-29 20:52:10.976  2463  2517 I WindowManager: Window{fd7851 u0 com.miui.home/com.miui.home.launcher.Launcher} playingTransition keep home visible
07-29 20:52:10.976  2463  2517 I WindowManager: Window{8f79506 u0 LauncherOverlayWindow:com.miui.personalassistant} playingTransition keep home visible
07-29 20:52:10.976  2463  2517 I WindowManager: Window{68f629c u0 LauncherOverlayWindow:com.android.quicksearchbox} playingTransition keep home visible
07-29 20:52:10.985  2463  2517 I WindowManager: Window{fd7851 u0 com.miui.home/com.miui.home.launcher.Launcher} playingTransition keep home visible
07-29 20:52:10.985  2463  2517 I WindowManager: Window{8f79506 u0 LauncherOverlayWindow:com.miui.personalassistant} playingTransition keep home visible
07-29 20:52:10.985  2463  2517 I WindowManager: Window{68f629c u0 LauncherOverlayWindow:com.android.quicksearchbox} playingTransition keep home visible
07-29 20:52:10.986 13666 14012 E FrameEvents: addRelease: Did not find frame.
07-29 20:52:10.993  2463  2517 I WindowManager: Window{fd7851 u0 com.miui.home/com.miui.home.launcher.Launcher} playingTransition keep home visible
07-29 20:52:10.993  2463  2517 I WindowManager: Window{8f79506 u0 LauncherOverlayWindow:com.miui.personalassistant} playingTransition keep home visible
07-29 20:52:10.993  2463  2517 I WindowManager: Window{68f629c u0 LauncherOverlayWindow:com.android.quicksearchbox} playingTransition keep home visible
07-29 20:52:10.994 13666 14012 E FrameEvents: addRelease: Did not find frame.
07-29 20:52:11.001  2463  2517 I WindowManager: Window{fd7851 u0 com.miui.home/com.miui.home.launcher.Launcher} playingTransition keep home visible
07-29 20:52:11.001  2463  2517 I WindowManager: Window{8f79506 u0 LauncherOverlayWindow:com.miui.personalassistant} playingTransition keep home visible
07-29 20:52:11.001  2463  2517 I WindowManager: Window{68f629c u0 LauncherOverlayWindow:com.android.quicksearchbox} playingTransition keep home visible
07-29 20:52:11.003 13666 14012 E FrameEvents: addRelease: Did not find frame.
07-29 20:52:11.010  2463  2517 I WindowManager: Window{fd7851 u0 com.miui.home/com.miui.home.launcher.Launcher} playingTransition keep home visible
07-29 20:52:11.010  2463  2517 I WindowManager: Window{8f79506 u0 LauncherOverlayWindow:com.miui.personalassistant} playingTransition keep home visible
07-29 20:52:11.010  2463  2517 I WindowManager: Window{68f629c u0 LauncherOverlayWindow:com.android.quicksearchbox} playingTransition keep home visible
07-29 20:52:11.011 13666 14012 E FrameEvents: addRelease: Did not find frame.
07-29 20:52:11.018  2463  2517 I WindowManager: Window{fd7851 u0 com.miui.home/com.miui.home.launcher.Launcher} playingTransition keep home visible
07-29 20:52:11.018  2463  2517 I WindowManager: Window{8f79506 u0 LauncherOverlayWindow:com.miui.personalassistant} playingTransition keep home visible
07-29 20:52:11.018  2463  2517 I WindowManager: Window{68f629c u0 LauncherOverlayWindow:com.android.quicksearchbox} playingTransition keep home visible
07-29 20:52:11.019 13666 14012 E FrameEvents: addRelease: Did not find frame.
07-29 20:52:11.026  2463  2517 I WindowManager: Window{fd7851 u0 com.miui.home/com.miui.home.launcher.Launcher} playingTransition keep home visible
07-29 20:52:11.026  2463  2517 I WindowManager: Window{8f79506 u0 LauncherOverlayWindow:com.miui.personalassistant} playingTransition keep home visible
07-29 20:52:11.026  2463  2517 I WindowManager: Window{68f629c u0 LauncherOverlayWindow:com.android.quicksearchbox} playingTransition keep home visible
07-29 20:52:11.028 13666 14012 E FrameEvents: addRelease: Did not find frame.
07-29 20:52:11.035  2463  2517 I WindowManager: Window{fd7851 u0 com.miui.home/com.miui.home.launcher.Launcher} playingTransition keep home visible
07-29 20:52:11.035  2463  2517 I WindowManager: Window{8f79506 u0 LauncherOverlayWindow:com.miui.personalassistant} playingTransition keep home visible
07-29 20:52:11.035  2463  2517 I WindowManager: Window{68f629c u0 LauncherOverlayWindow:com.android.quicksearchbox} playingTransition keep home visible
07-29 20:52:11.036 13666 14012 E FrameEvents: addRelease: Did not find frame.
07-29 20:52:11.043  2463  2517 I WindowManager: Window{fd7851 u0 com.miui.home/com.miui.home.launcher.Launcher} playingTransition keep home visible
07-29 20:52:11.043  2463  2517 I WindowManager: Window{8f79506 u0 LauncherOverlayWindow:com.miui.personalassistant} playingTransition keep home visible
07-29 20:52:11.043  2463  2517 I WindowManager: Window{68f629c u0 LauncherOverlayWindow:com.android.quicksearchbox} playingTransition keep home visible
07-29 20:52:11.045 13666 14012 E FrameEvents: addRelease: Did not find frame.
07-29 20:52:11.051  2463  2517 I WindowManager: Window{fd7851 u0 com.miui.home/com.miui.home.launcher.Launcher} playingTransition keep home visible
07-29 20:52:11.051  2463  2517 I WindowManager: Window{8f79506 u0 LauncherOverlayWindow:com.miui.personalassistant} playingTransition keep home visible
07-29 20:52:11.051  2463  2517 I WindowManager: Window{68f629c u0 LauncherOverlayWindow:com.android.quicksearchbox} playingTransition keep home visible
07-29 20:52:11.059  2463  2517 I WindowManager: Window{fd7851 u0 com.miui.home/com.miui.home.launcher.Launcher} playingTransition keep home visible
07-29 20:52:11.059  2463  2517 I WindowManager: Window{8f79506 u0 LauncherOverlayWindow:com.miui.personalassistant} playingTransition keep home visible
07-29 20:52:11.059  2463  2517 I WindowManager: Window{68f629c u0 LauncherOverlayWindow:com.android.quicksearchbox} playingTransition keep home visible
07-29 20:52:11.061 13666 14012 E FrameEvents: addRelease: Did not find frame.
07-29 20:52:11.068  2463  2517 I WindowManager: Window{fd7851 u0 com.miui.home/com.miui.home.launcher.Launcher} playingTransition keep home visible
07-29 20:52:11.068  2463  2517 I WindowManager: Window{8f79506 u0 LauncherOverlayWindow:com.miui.personalassistant} playingTransition keep home visible
07-29 20:52:11.068  2463  2517 I WindowManager: Window{68f629c u0 LauncherOverlayWindow:com.android.quicksearchbox} playingTransition keep home visible
07-29 20:52:11.069 13666 14012 E FrameEvents: addRelease: Did not find frame.
07-29 20:52:11.076  2463  2517 I WindowManager: Window{fd7851 u0 com.miui.home/com.miui.home.launcher.Launcher} playingTransition keep home visible
07-29 20:52:11.076  2463  2517 I WindowManager: Window{8f79506 u0 LauncherOverlayWindow:com.miui.personalassistant} playingTransition keep home visible
07-29 20:52:11.076  2463  2517 I WindowManager: Window{68f629c u0 LauncherOverlayWindow:com.android.quicksearchbox} playingTransition keep home visible
07-29 20:52:11.078 13666 14012 E FrameEvents: addRelease: Did not find frame.
07-29 20:52:11.084  2463  2517 I WindowManager: Window{fd7851 u0 com.miui.home/com.miui.home.launcher.Launcher} playingTransition keep home visible
07-29 20:52:11.084  2463  2517 I WindowManager: Window{8f79506 u0 LauncherOverlayWindow:com.miui.personalassistant} playingTransition keep home visible
07-29 20:52:11.084  2463  2517 I WindowManager: Window{68f629c u0 LauncherOverlayWindow:com.android.quicksearchbox} playingTransition keep home visible
07-29 20:52:11.086 13666 14012 E FrameEvents: addRelease: Did not find frame.
07-29 20:52:11.093  2463  2517 I WindowManager: Window{fd7851 u0 com.miui.home/com.miui.home.launcher.Launcher} playingTransition keep home visible
07-29 20:52:11.093  2463  2517 I WindowManager: Window{8f79506 u0 LauncherOverlayWindow:com.miui.personalassistant} playingTransition keep home visible
07-29 20:52:11.093  2463  2517 I WindowManager: Window{68f629c u0 LauncherOverlayWindow:com.android.quicksearchbox} playingTransition keep home visible
07-29 20:52:11.094 13666 14012 E FrameEvents: addRelease: Did not find frame.
07-29 20:52:11.101  2463  2517 I WindowManager: Window{fd7851 u0 com.miui.home/com.miui.home.launcher.Launcher} playingTransition keep home visible
07-29 20:52:11.101  2463  2517 I WindowManager: Window{8f79506 u0 LauncherOverlayWindow:com.miui.personalassistant} playingTransition keep home visible
07-29 20:52:11.101  2463  2517 I WindowManager: Window{68f629c u0 LauncherOverlayWindow:com.android.quicksearchbox} playingTransition keep home visible
07-29 20:52:11.103 13666 14012 E FrameEvents: addRelease: Did not find frame.
07-29 20:52:11.109  2463  2517 I WindowManager: Window{fd7851 u0 com.miui.home/com.miui.home.launcher.Launcher} playingTransition keep home visible
07-29 20:52:11.109  2463  2517 I WindowManager: Window{8f79506 u0 LauncherOverlayWindow:com.miui.personalassistant} playingTransition keep home visible
07-29 20:52:11.110  2463  2517 I WindowManager: Window{68f629c u0 LauncherOverlayWindow:com.android.quicksearchbox} playingTransition keep home visible
07-29 20:52:11.111  1827  2752 I vendor.qti.hardware.display.composer-service: Sensor: notify citsensorservice to trigger cwb, misForced = 0
07-29 20:52:11.111  3002  4297 I libsensor-parseRGB: request dump start for mRequestDisplayId 0
07-29 20:52:11.112 13666 14012 E FrameEvents: addRelease: Did not find frame.
07-29 20:52:11.118  2463  2517 I WindowManager: Window{fd7851 u0 com.miui.home/com.miui.home.launcher.Launcher} playingTransition keep home visible
07-29 20:52:11.118  2463  2517 I WindowManager: Window{8f79506 u0 LauncherOverlayWindow:com.miui.personalassistant} playingTransition keep home visible
07-29 20:52:11.118  2463  2517 I WindowManager: Window{68f629c u0 LauncherOverlayWindow:com.android.quicksearchbox} playingTransition keep home visible
07-29 20:52:11.119 13666 14012 E FrameEvents: addRelease: Did not find frame.
07-29 20:52:11.121  3002  4306 I libsensor-boledalgo: dbv:440,lux:256.5,cct:4352.9,hsv:-1.0,dc:0CWB R:2431.4,G:5895.0,B:2865.9Event C:15400.6,R:8687.7,G:5115.0,B:2486.6Cali C:115.2,R:36.0,G:39.0,B:23.1 
07-29 20:52:11.121  3002  4306 I libsensor-boledalgo: ##### the value of lux: 254.986923, cct: 4048.000000
07-29 20:52:11.121  3002  4306 I libsensor-qshcalapi: value of set_lux: 254.986923, set r: 4048.000000
07-29 20:52:11.126  2463  2517 I WindowManager: Window{fd7851 u0 com.miui.home/com.miui.home.launcher.Launcher} playingTransition keep home visible
07-29 20:52:11.126  2463  2517 I WindowManager: Window{8f79506 u0 LauncherOverlayWindow:com.miui.personalassistant} playingTransition keep home visible
07-29 20:52:11.126  2463  2517 I WindowManager: Window{68f629c u0 LauncherOverlayWindow:com.android.quicksearchbox} playingTransition keep home visible
07-29 20:52:11.127 13666 14012 E FrameEvents: addRelease: Did not find frame.
07-29 20:52:11.134  2463  2517 I WindowManager: Window{fd7851 u0 com.miui.home/com.miui.home.launcher.Launcher} playingTransition keep home visible
07-29 20:52:11.134  2463  2517 I WindowManager: Window{8f79506 u0 LauncherOverlayWindow:com.miui.personalassistant} playingTransition keep home visible
07-29 20:52:11.134  2463  2517 I WindowManager: Window{68f629c u0 LauncherOverlayWindow:com.android.quicksearchbox} playingTransition keep home visible
07-29 20:52:11.134  3002  3080 E libsensor-parseRGB: CWB NotifyCWBBufferDone  error 0
07-29 20:52:11.136 13666 14012 E FrameEvents: addRelease: Did not find frame.
07-29 20:52:11.136  2463  2463 W AccessibilityManagerService:  wait for adding window timeout: 203
07-29 20:52:11.136  2463  2463 W AccessibilityManagerService:  wait for adding window timeout: 196
07-29 20:52:11.143  2463  2517 I WindowManager: Window{fd7851 u0 com.miui.home/com.miui.home.launcher.Launcher} playingTransition keep home visible
07-29 20:52:11.143  2463  2517 I WindowManager: Window{8f79506 u0 LauncherOverlayWindow:com.miui.personalassistant} playingTransition keep home visible
07-29 20:52:11.143  2463  2517 I WindowManager: Window{68f629c u0 LauncherOverlayWindow:com.android.quicksearchbox} playingTransition keep home visible
07-29 20:52:11.145 13666 14012 E FrameEvents: addRelease: Did not find frame.
07-29 20:52:11.151  2463  2517 I WindowManager: Window{fd7851 u0 com.miui.home/com.miui.home.launcher.Launcher} playingTransition keep home visible
07-29 20:52:11.151  2463  2517 I WindowManager: Window{8f79506 u0 LauncherOverlayWindow:com.miui.personalassistant} playingTransition keep home visible
07-29 20:52:11.151  2463  2517 I WindowManager: Window{68f629c u0 LauncherOverlayWindow:com.android.quicksearchbox} playingTransition keep home visible
07-29 20:52:11.152 13666 14012 E FrameEvents: addRelease: Did not find frame.
07-29 20:52:11.154  4553 14882 W HWUI    : Surface doesn't have any previously queued frames, nothing to readback from
07-29 20:52:11.159  2463  2517 I WindowManager: Window{fd7851 u0 com.miui.home/com.miui.home.launcher.Launcher} playingTransition keep home visible
07-29 20:52:11.159  2463  2517 I WindowManager: Window{8f79506 u0 LauncherOverlayWindow:com.miui.personalassistant} playingTransition keep home visible
07-29 20:52:11.159  2463  2517 I WindowManager: Window{68f629c u0 LauncherOverlayWindow:com.android.quicksearchbox} playingTransition keep home visible
07-29 20:52:11.167  2463  2517 I WindowManager: Window{fd7851 u0 com.miui.home/com.miui.home.launcher.Launcher} playingTransition keep home visible
07-29 20:52:11.167  2463  2517 I WindowManager: Window{8f79506 u0 LauncherOverlayWindow:com.miui.personalassistant} playingTransition keep home visible
07-29 20:52:11.167  2463  2517 I WindowManager: Window{68f629c u0 LauncherOverlayWindow:com.android.quicksearchbox} playingTransition keep home visible
07-29 20:52:11.176  2463  2517 I WindowManager: Window{fd7851 u0 com.miui.home/com.miui.home.launcher.Launcher} playingTransition keep home visible
07-29 20:52:11.176  2463  2517 I WindowManager: Window{8f79506 u0 LauncherOverlayWindow:com.miui.personalassistant} playingTransition keep home visible
07-29 20:52:11.176  2463  2517 I WindowManager: Window{68f629c u0 LauncherOverlayWindow:com.android.quicksearchbox} playingTransition keep home visible
07-29 20:52:11.184  2463  2517 I WindowManager: Window{fd7851 u0 com.miui.home/com.miui.home.launcher.Launcher} playingTransition keep home visible
07-29 20:52:11.184  2463  2517 I WindowManager: Window{8f79506 u0 LauncherOverlayWindow:com.miui.personalassistant} playingTransition keep home visible
07-29 20:52:11.184  2463  2517 I WindowManager: Window{68f629c u0 LauncherOverlayWindow:com.android.quicksearchbox} playingTransition keep home visible
07-29 20:52:11.189  2046  2783 I [THP-DAE]: thp_set_doze_mode_func:enable doze mode
07-29 20:52:11.192  2463  2517 I WindowManager: Window{fd7851 u0 com.miui.home/com.miui.home.launcher.Launcher} playingTransition keep home visible
07-29 20:52:11.193  2463  2517 I WindowManager: Window{8f79506 u0 LauncherOverlayWindow:com.miui.personalassistant} playingTransition keep home visible
07-29 20:52:11.193  2463  2517 I WindowManager: Window{68f629c u0 LauncherOverlayWindow:com.android.quicksearchbox} playingTransition keep home visible
07-29 20:52:11.201  2463  2517 I WindowManager: Window{fd7851 u0 com.miui.home/com.miui.home.launcher.Launcher} playingTransition keep home visible
07-29 20:52:11.201  2463  2517 I WindowManager: Window{8f79506 u0 LauncherOverlayWindow:com.miui.personalassistant} playingTransition keep home visible
07-29 20:52:11.201  2463  2517 I WindowManager: Window{68f629c u0 LauncherOverlayWindow:com.android.quicksearchbox} playingTransition keep home visible
07-29 20:52:11.209  2463  2517 I WindowManager: Window{fd7851 u0 com.miui.home/com.miui.home.launcher.Launcher} playingTransition keep home visible
07-29 20:52:11.209  2463  2517 I WindowManager: Window{8f79506 u0 LauncherOverlayWindow:com.miui.personalassistant} playingTransition keep home visible
07-29 20:52:11.209  2463  2517 I WindowManager: Window{68f629c u0 LauncherOverlayWindow:com.android.quicksearchbox} playingTransition keep home visible
07-29 20:52:11.217  2463  2517 I WindowManager: Window{fd7851 u0 com.miui.home/com.miui.home.launcher.Launcher} playingTransition keep home visible
07-29 20:52:11.217  2463  2517 I WindowManager: Window{8f79506 u0 LauncherOverlayWindow:com.miui.personalassistant} playingTransition keep home visible
07-29 20:52:11.217  2463  2517 I WindowManager: Window{68f629c u0 LauncherOverlayWindow:com.android.quicksearchbox} playingTransition keep home visible
