--------- beginning of main
07-29 20:52:03.671  9900 14427 I Market-RetrofitRequest: connectEnd : https://app.market.xiaomi.com/apm/statistics/appactive, IP = 111.62.122.37
07-29 20:52:03.676  9900 14427 I Market-LimitSpeedManager: startLimitSpeedNow() ====== speed = 32768
07-29 20:52:03.681  9900 14427 I Market-DownloadLimitSpeedManager: startLimitSpeed success. Total count 3
07-29 20:52:03.681  9900 14427 I Market-RetrofitRequest: HeaderInterceptor : https://app.market.xiaomi.com/apm/statistics/appactive
07-29 20:52:03.684  3117  3117 E adbd    : failed to connect to socket 'tcp:7336': Connection refused
07-29 20:52:03.702  8974  9450 I WakePathUpdatePolicy: doUpdate(user 0):responseCode:200
07-29 20:52:03.703  8974  9450 W WakePathUpdatePolicy: doUpdate(user 0): Response stream size=1376
07-29 20:52:03.719  8974  9450 I WakePathUpdatePolicy: pushWakePathData begin
07-29 20:52:03.720 18384 20856 I auth    : [XMS][Auth] updateAuthInfo in db true
07-29 20:52:03.720  8974  9450 I com.lbe.security.service.provider.WakePathDatabaseUtil: getWakePathWhiteList: whiteList.size=6
--------- beginning of system
07-29 20:52:03.720  2463  6120 I WakePathChecker: MIUILOG-WAKEPATH pushWakePathWhiteList: userId=0 size=6
07-29 20:52:03.721  8974  9450 I com.lbe.security.service.provider.WakePathDatabaseUtil: getWakePathRuleList: wakeType=1 wakePathRules.size=3
07-29 20:52:03.721  2463  6120 I WakePathChecker: MIUILOG-WAKEPATH pushWakePathRuleInfos: wakeType=1 userId=0 size=3
07-29 20:52:03.721  8974  9450 I com.lbe.security.service.provider.WakePathDatabaseUtil: getWakePathRuleList: wakeType=8 wakePathRules.size=8
07-29 20:52:03.721  2463  5534 I WakePathChecker: MIUILOG-WAKEPATH pushWakePathRuleInfos: wakeType=8 userId=0 size=8
07-29 20:52:03.722  8974  9450 I com.lbe.security.service.provider.WakePathDatabaseUtil: getWakePathRuleList: wakeType=4 wakePathRules.size=4
07-29 20:52:03.722  2463  5534 I WakePathChecker: MIUILOG-WAKEPATH pushWakePathRuleInfos: wakeType=4 userId=0 size=4
07-29 20:52:03.722  8974  9450 I com.lbe.security.service.provider.WakePathDatabaseUtil: getWakePathRuleList: wakeType=2 wakePathRules.size=1
07-29 20:52:03.722  2463  5534 I WakePathChecker: MIUILOG-WAKEPATH pushWakePathRuleInfos: wakeType=2 userId=0 size=1
07-29 20:52:03.722  8974  9450 I com.lbe.security.service.provider.WakePathDatabaseUtil: getWakePathRuleList: wakeType=17 wakePathRules.size=0
07-29 20:52:03.722 18384 20856 I auth    : [XMS][Auth] updateAuthInfo in db true
07-29 20:52:03.722  2463  5534 I WakePathChecker: MIUILOG-WAKEPATH pushWakePathRuleInfos: wakeType=17 userId=0 size=0
07-29 20:52:03.722  9900 14327 I Market-DownloadLimitSpeedManager: tryStopLimitSpeed 2
07-29 20:52:03.722  8974  9450 I com.lbe.security.service.provider.WakePathDatabaseUtil: getWakePathRuleList: wakeType=32 wakePathRules.size=1
07-29 20:52:03.723  2463  5534 I WakePathChecker: MIUILOG-WAKEPATH pushWakePathRuleInfos: wakeType=32 userId=0 size=1
07-29 20:52:03.723  9900 14327 I Market-RetrofitRequest: callEnd : https://updateinfo.market.xiaomi.com/apm/updateinfo/v2
07-29 20:52:03.723  8974  9450 I com.lbe.security.service.provider.WakePathDatabaseUtil: getWakePathRuleList: wakeType=256 wakePathRules.size=8
07-29 20:52:03.723  2463  5534 I WakePathChecker: MIUILOG-WAKEPATH pushWakePathRuleInfos: wakeType=256 userId=0 size=8
07-29 20:52:03.723  8974  9450 I com.lbe.security.service.provider.WakePathDatabaseUtil: getWakePathRuleList: wakeType=128 wakePathRules.size=4
07-29 20:52:03.723  9900 14327 I Market-LocalAppManager: getUpdateInfoFromServer : end  , responseCode : OK
07-29 20:52:03.723  9900 14327 I Market-LocalAppManager: checkUpdateFromServer : end
07-29 20:52:03.723  2463  5534 I WakePathChecker: MIUILOG-WAKEPATH pushWakePathRuleInfos: wakeType=128 userId=0 size=4
07-29 20:52:03.723  9900 14327 I Market-LocalAppManager: checkUpdateFromServer  data parser : end
07-29 20:52:03.723  8974  9450 I com.lbe.security.service.provider.WakePathDatabaseUtil: getWakePathRuleList: wakeType=64 wakePathRules.size=2
07-29 20:52:03.723  9900 14327 I Market-HuanjiManager: condition not satisfied, ignore
07-29 20:52:03.723  9900 14327 I Market-DataParser: [InvalidPackageList] JSON : invalidSystemPackageList list is null
07-29 20:52:03.723  2463  5534 I WakePathChecker: MIUILOG-WAKEPATH pushWakePathRuleInfos: wakeType=64 userId=0 size=2
07-29 20:52:03.723  9900 14327 I Market-LocalAppManager: checkUpdateFromServer  filter package : end
07-29 20:52:03.723  9900 14327 I Market-LocalAppManager: checkUpdateFromServer  support64BitPackagesJsonArray : end
07-29 20:52:03.724  8974  9450 I com.lbe.security.service.provider.WakePathDatabaseUtil: getWakePathRuleList: wakeType=4096 wakePathRules.size=2
07-29 20:52:03.724  9900 14427 I Market-DownloadLimitSpeedManager: tryStopLimitSpeed 1
07-29 20:52:03.724  2463  5534 I WakePathChecker: MIUILOG-WAKEPATH pushWakePathRuleInfos: wakeType=4096 userId=0 size=2
07-29 20:52:03.724  9900 14427 I Market-RetrofitRequest: callEnd : https://app.market.xiaomi.com/apm/statistics/appactive
07-29 20:52:03.724  8974  9450 I com.lbe.security.service.provider.WakePathDatabaseUtil: getWakePathRuleList: wakeType=32768 wakePathRules.size=1
07-29 20:52:03.724  2463  6120 I WakePathChecker: MIUILOG-WAKEPATH pushWakePathRuleInfos: wakeType=32768 userId=0 size=1
07-29 20:52:03.724  8974  9450 I com.lbe.security.service.provider.WakePathDatabaseUtil: getWakePathRuleList: wakeType=8192 wakePathRules.size=5
07-29 20:52:03.724  2463  6120 I WakePathChecker: MIUILOG-WAKEPATH pushWakePathRuleInfos: wakeType=8192 userId=0 size=5
07-29 20:52:03.725  8974  9450 I com.lbe.security.service.provider.WakePathDatabaseUtil: getWakePathRuleList: wakeType=16384 wakePathRules.size=0
07-29 20:52:03.725  2463  6120 I WakePathChecker: MIUILOG-WAKEPATH pushWakePathRuleInfos: wakeType=16384 userId=0 size=0
07-29 20:52:03.725  9900 14427 E Market-ReflectUtils: invokeObject com.android.org.bouncycastle.util.encoders.Base64.decode com.xiaomi.market.util.reflect.IllegalArgumentException
07-29 20:52:03.725  9900 14427 E Market-ConnectionRSA: get key exception : java.lang.NullPointerException: decrypt data is null
07-29 20:52:03.725  8974  9450 I com.lbe.security.service.provider.WakePathDatabaseUtil: getWakePathRuleList: wakeType=22 wakePathRules.size=0
07-29 20:52:03.725  2463  6120 I WakePathChecker: MIUILOG-WAKEPATH pushWakePathRuleInfos: wakeType=22 userId=0 size=0
07-29 20:52:03.725  8974  9450 I WakePathUpdatePolicy: pushWakePathData end
07-29 20:52:03.725  8974  9450 I WakePathUpdatePolicy: doUpdate end
07-29 20:52:03.727 18384 20856 I auth    : [XMS][Auth] updateAuthInfo in db true
07-29 20:52:03.729 18384 20856 I auth    : [XMS][Auth] updateAuthInfo in db true
07-29 20:52:03.731 18384 20857 I auth    : [XMS][Auth] updateAuthInfo in db true
07-29 20:52:03.733 18384 20857 I auth    : [XMS][Auth] updateAuthInfo in db true
07-29 20:52:03.734 18384 20857 I auth    : [XMS][Auth] updateAuthInfo in db true
07-29 20:52:03.738 18384 20857 I auth    : [XMS][Auth] updateAuthInfo in db true
07-29 20:52:03.738  4497  4497 I Launcher.widget: onInvisible 
07-29 20:52:03.739  4497  4497 I Launcher.widget: onInvisible 
07-29 20:52:03.745  2463  5534 I ClipboardServiceI: checkProviderWakePathForClipboard: primaryClip is null
07-29 20:52:03.745  2463  5534 I SmartPower: com.miui.weather2/10278(5795): idle->background(514364ms) R(content provider start ContentProviderRecord{9f05c96 u0 com.miui.weather2/.providers.WeatherProvider}) adj=0.
07-29 20:52:03.746  2463  4435 I ClipboardServiceI: checkProviderWakePathForClipboard: primaryClip is null
07-29 20:52:03.747  5795  5812 I Wth2:WeatherProvider: getFirstSelectedCity() ret count= 1
07-29 20:52:03.747  5795  5812 E Wth2:WeatherProvider: getFirstSelectedCity() error 
07-29 20:52:03.747  5795  5812 E Wth2:WeatherProvider: java.lang.NumberFormatException: For input string: "33.862_119.318"
07-29 20:52:03.747  5795  5812 E Wth2:WeatherProvider: 	at java.lang.Integer.parseInt(Integer.java:790)
07-29 20:52:03.747  5795  5812 E Wth2:WeatherProvider: 	at java.lang.Integer.parseInt(Integer.java:908)
07-29 20:52:03.747  5795  5812 E Wth2:WeatherProvider: 	at com.miui.weather2.providers.WeatherProvider.g(SourceFile:9)
07-29 20:52:03.747  5795  5812 E Wth2:WeatherProvider: 	at com.miui.weather2.providers.WeatherProvider.I(SourceFile:5)
07-29 20:52:03.747  5795  5812 E Wth2:WeatherProvider: 	at com.miui.weather2.providers.WeatherProvider.H(Unknown Source:3)
07-29 20:52:03.747  5795  5812 E Wth2:WeatherProvider: 	at com.miui.weather2.providers.WeatherProvider.query(SourceFile:95)
07-29 20:52:03.747  5795  5812 E Wth2:WeatherProvider: 	at android.content.ContentProvider.query(ContentProvider.java:1633)
07-29 20:52:03.747  5795  5812 E Wth2:WeatherProvider: 	at android.content.ContentProvider.query(ContentProvider.java:1729)
07-29 20:52:03.747  5795  5812 E Wth2:WeatherProvider: 	at android.content.ContentProvider$Transport.query(ContentProvider.java:301)
07-29 20:52:03.747  5795  5812 E Wth2:WeatherProvider: 	at android.content.ContentProviderNative.onTransact(ContentProviderNative.java:110)
07-29 20:52:03.747  5795  5812 E Wth2:WeatherProvider: 	at android.os.Binder.execTransactInternal(Binder.java:1507)
07-29 20:52:03.747  5795  5812 E Wth2:WeatherProvider: 	at android.os.Binder.execTransact(Binder.java:1451)
07-29 20:52:03.747  2463  4205 I MiuiNetworkPolicy: updateUidState uid = 10278, uidState = 3
07-29 20:52:03.750  2463  4205 I MiuiNetworkPolicyTrafficLimit: updateWhiteListUidForMobileTraffic uid=10278,add=true
07-29 20:52:03.751  5795  5814 I Wth2:WeatherProvider: getFirstSelectedCity() ret count= 1
07-29 20:52:03.751 18384 20857 I auth    : [XMS][Auth] updateAuthInfo in db true
07-29 20:52:03.753  5795  5814 E Wth2:WeatherProvider: getFirstSelectedCity() error 
07-29 20:52:03.753  5795  5814 E Wth2:WeatherProvider: java.lang.NumberFormatException: For input string: "33.862_119.318"
07-29 20:52:03.753  5795  5814 E Wth2:WeatherProvider: 	at java.lang.Integer.parseInt(Integer.java:790)
07-29 20:52:03.753  5795  5814 E Wth2:WeatherProvider: 	at java.lang.Integer.parseInt(Integer.java:908)
07-29 20:52:03.753  5795  5814 E Wth2:WeatherProvider: 	at com.miui.weather2.providers.WeatherProvider.g(SourceFile:9)
07-29 20:52:03.753  5795  5814 E Wth2:WeatherProvider: 	at com.miui.weather2.providers.WeatherProvider.e(SourceFile:5)
07-29 20:52:03.753  5795  5814 E Wth2:WeatherProvider: 	at com.miui.weather2.providers.WeatherProvider.query(SourceFile:27)
07-29 20:52:03.753  5795  5814 E Wth2:WeatherProvider: 	at android.content.ContentProvider.query(ContentProvider.java:1633)
07-29 20:52:03.753  5795  5814 E Wth2:WeatherProvider: 	at android.content.ContentProvider.query(ContentProvider.java:1729)
07-29 20:52:03.753  5795  5814 E Wth2:WeatherProvider: 	at android.content.ContentProvider$Transport.query(ContentProvider.java:301)
07-29 20:52:03.753  5795  5814 E Wth2:WeatherProvider: 	at android.content.ContentProviderNative.onTransact(ContentProviderNative.java:110)
07-29 20:52:03.753  5795  5814 E Wth2:WeatherProvider: 	at android.os.Binder.execTransactInternal(Binder.java:1507)
07-29 20:52:03.753  5795  5814 E Wth2:WeatherProvider: 	at android.os.Binder.execTransact(Binder.java:1451)
07-29 20:52:03.753  5795  5814 I Wth2:WeatherProvider: getFirstSelectedCity() ret count= 1
07-29 20:52:03.753  5795  5814 E Wth2:WeatherProvider: getFirstSelectedCity() error 
07-29 20:52:03.753  5795  5814 E Wth2:WeatherProvider: java.lang.NumberFormatException: For input string: "33.862_119.318"
07-29 20:52:03.753  5795  5814 E Wth2:WeatherProvider: 	at java.lang.Integer.parseInt(Integer.java:790)
07-29 20:52:03.753  5795  5814 E Wth2:WeatherProvider: 	at java.lang.Integer.parseInt(Integer.java:908)
07-29 20:52:03.753  5795  5814 E Wth2:WeatherProvider: 	at com.miui.weather2.providers.WeatherProvider.g(SourceFile:9)
07-29 20:52:03.753  5795  5814 E Wth2:WeatherProvider: 	at com.miui.weather2.providers.WeatherProvider.I(SourceFile:5)
07-29 20:52:03.753  5795  5814 E Wth2:WeatherProvider: 	at com.miui.weather2.providers.WeatherProvider.e(SourceFile:36)
07-29 20:52:03.753  5795  5814 E Wth2:WeatherProvider: 	at com.miui.weather2.providers.WeatherProvider.query(SourceFile:27)
07-29 20:52:03.753  5795  5814 E Wth2:WeatherProvider: 	at android.content.ContentProvider.query(ContentProvider.java:1633)
07-29 20:52:03.753  5795  5814 E Wth2:WeatherProvider: 	at android.content.ContentProvider.query(ContentProvider.java:1729)
07-29 20:52:03.753  5795  5814 E Wth2:WeatherProvider: 	at android.content.ContentProvider$Transport.query(ContentProvider.java:301)
07-29 20:52:03.753  5795  5814 E Wth2:WeatherProvider: 	at android.content.ContentProviderNative.onTransact(ContentProviderNative.java:110)
07-29 20:52:03.753  5795  5814 E Wth2:WeatherProvider: 	at android.os.Binder.execTransactInternal(Binder.java:1507)
07-29 20:52:03.753  5795  5814 E Wth2:WeatherProvider: 	at android.os.Binder.execTransact(Binder.java:1451)
07-29 20:52:03.754 18384 20856 I auth    : [XMS][Auth] updateAuthInfo in db true
07-29 20:52:03.762 14346 14488 I beacon  : [fetchByAppKey] result: {"errCode":"OK","result":[{"value":"{\"status\":\"normal\",\"ut\":\"enable\"}","key":"___push_service___"},{"value":"{\"status\":\"normal\",\"ut\":\"enable\"}","key":"___hotfix_service___"},{"value":"{\"status\":\"normal\",\"ut\":\"enable\"}","key":"___feedback_service___"},{"value":"{\"status\":\"normal\",\"ut\":\"enable\",\"ip-ranking\":\"enable\"}","key":"___httpdns_service___"},{"value":"{\"status\":\"normal\"}","key":"___cloudcode_service___"}]}
07-29 20:52:03.763 14346 14488 E Market-HttpDnsManager: [D]beacon normal
07-29 20:52:03.764 14346 14488 E Market-HttpDnsManager: [D]beacon probe normal
07-29 20:52:03.765  1827  2752 I vendor.qti.hardware.display.composer-service: Sensor: notify citsensorservice to trigger cwb, misForced = 0
07-29 20:52:03.766  3002  4297 I libsensor-parseRGB: request dump start for mRequestDisplayId 0
07-29 20:52:03.773  9900 14389 I Market-DownloadLimitSpeedManager: stopLimitSpeed
07-29 20:52:03.773  9900 14389 I Market-LimitSpeedManager: stopLimitSpeedNow() =========== 
07-29 20:52:03.788  3002  3081 E libsensor-parseRGB: CWB NotifyCWBBufferDone  error 0
07-29 20:52:03.804  2046  2783 I [THP-DAE]: thp_set_doze_mode_func:enable doze mode
07-29 20:52:03.805  9900 14389 I Market-RetrofitRequest: callEnd : https://updateinfo.market.xiaomi.com/apm/updateinfo/v2
07-29 20:52:03.808  9900 14389 W Market-Connection: Connection result is cut off as too long
07-29 20:52:03.814  9900 14389 I Market-LocalAppManager: getUpdateInfoFromServer : end  , responseCode : OK
07-29 20:52:03.814  9900 14389 I Market-LocalAppManager: checkUpdateFromServer : end
07-29 20:52:03.820  9900 14389 I Market-LocalAppManager: checkUpdateFromServer  data parser : end
07-29 20:52:03.820  9900 14389 I Market-HuanjiManager: condition not satisfied, ignore
07-29 20:52:03.820  9900 14389 I Market-DataParser: [InvalidPackageList] JSON : invalidSystemPackageList list is null
07-29 20:52:03.820  9900 14389 I Market-LocalAppManager: checkUpdateFromServer  filter package : end
07-29 20:52:03.821  9900 14389 I Market-LocalAppManager: checkUpdateFromServer  support64BitPackagesJsonArray : end
07-29 20:52:03.821  9900 14389 I Market-LocalAppManager: query update apps from server : finish, 64 / 424 to update
07-29 20:52:03.822  3002  4306 I libsensor-boledalgo: dbv:440,lux:238.1,cct:4399.5,hsv:52.2,dc:0CWB R:3305.7,G:7186.3,B:3650.9Event C:15301.9,R:8594.1,G:4959.1,B:2424.7Cali C:1103.2,R:591.1,G:241.6,B:124.1 
07-29 20:52:03.829  8974  9450 I WakePathUpdatePolicy: doUpdate(user 0):responseCode:200
07-29 20:52:03.829  8974  9450 W WakePathUpdatePolicy: doUpdate(user 0): Response stream size=1376
07-29 20:52:03.832  8974  9450 I WakePathUpdatePolicy: pushWakePathData begin
07-29 20:52:03.832  8974  9450 I com.lbe.security.service.provider.WakePathDatabaseUtil: getWakePathWhiteList: whiteList.size=6
07-29 20:52:03.833  2463  4563 I WakePathChecker: MIUILOG-WAKEPATH pushWakePathWhiteList: userId=0 size=6
07-29 20:52:03.833  8974  9450 I com.lbe.security.service.provider.WakePathDatabaseUtil: getWakePathRuleList: wakeType=1 wakePathRules.size=3
07-29 20:52:03.833  2463  5533 I WakePathChecker: MIUILOG-WAKEPATH pushWakePathRuleInfos: wakeType=1 userId=0 size=3
07-29 20:52:03.833  8974  9450 I com.lbe.security.service.provider.WakePathDatabaseUtil: getWakePathRuleList: wakeType=8 wakePathRules.size=8
07-29 20:52:03.834  2463  5534 I WakePathChecker: MIUILOG-WAKEPATH pushWakePathRuleInfos: wakeType=8 userId=0 size=8
07-29 20:52:03.834  8974  9450 I com.lbe.security.service.provider.WakePathDatabaseUtil: getWakePathRuleList: wakeType=4 wakePathRules.size=4
07-29 20:52:03.834  2463  4435 I WakePathChecker: MIUILOG-WAKEPATH pushWakePathRuleInfos: wakeType=4 userId=0 size=4
07-29 20:52:03.834  8974  9450 I com.lbe.security.service.provider.WakePathDatabaseUtil: getWakePathRuleList: wakeType=2 wakePathRules.size=1
07-29 20:52:03.834  2463  5121 I WakePathChecker: MIUILOG-WAKEPATH pushWakePathRuleInfos: wakeType=2 userId=0 size=1
07-29 20:52:03.835  8974  9450 I com.lbe.security.service.provider.WakePathDatabaseUtil: getWakePathRuleList: wakeType=17 wakePathRules.size=0
07-29 20:52:03.835  2463  5533 I WakePathChecker: MIUILOG-WAKEPATH pushWakePathRuleInfos: wakeType=17 userId=0 size=0
07-29 20:52:03.835  8974  9450 I com.lbe.security.service.provider.WakePathDatabaseUtil: getWakePathRuleList: wakeType=32 wakePathRules.size=1
07-29 20:52:03.835  3117  3117 I adbd    : in ShellService: export ANDROID_LOG_TAGS="''"; exec logcat '-v' 'threadtime' '*:I'
07-29 20:52:03.835  2463  5534 I WakePathChecker: MIUILOG-WAKEPATH pushWakePathRuleInfos: wakeType=32 userId=0 size=1
07-29 20:52:03.835  8974  9450 I com.lbe.security.service.provider.WakePathDatabaseUtil: getWakePathRuleList: wakeType=256 wakePathRules.size=8
07-29 20:52:03.836  2463  5534 I WakePathChecker: MIUILOG-WAKEPATH pushWakePathRuleInfos: wakeType=256 userId=0 size=8
07-29 20:52:03.836  8974  9450 I com.lbe.security.service.provider.WakePathDatabaseUtil: getWakePathRuleList: wakeType=128 wakePathRules.size=4
07-29 20:52:03.836  2463  4435 I WakePathChecker: MIUILOG-WAKEPATH pushWakePathRuleInfos: wakeType=128 userId=0 size=4
07-29 20:52:03.836  8974  9450 I com.lbe.security.service.provider.WakePathDatabaseUtil: getWakePathRuleList: wakeType=64 wakePathRules.size=2
07-29 20:52:03.836  2463  4435 I WakePathChecker: MIUILOG-WAKEPATH pushWakePathRuleInfos: wakeType=64 userId=0 size=2
07-29 20:52:03.836  8974  9450 I com.lbe.security.service.provider.WakePathDatabaseUtil: getWakePathRuleList: wakeType=4096 wakePathRules.size=2
07-29 20:52:03.836  2463  4435 I WakePathChecker: MIUILOG-WAKEPATH pushWakePathRuleInfos: wakeType=4096 userId=0 size=2
07-29 20:52:03.836  8974  9450 I com.lbe.security.service.provider.WakePathDatabaseUtil: getWakePathRuleList: wakeType=32768 wakePathRules.size=1
07-29 20:52:03.836  2463  4563 I WakePathChecker: MIUILOG-WAKEPATH pushWakePathRuleInfos: wakeType=32768 userId=0 size=1
07-29 20:52:03.836  8974  9450 I com.lbe.security.service.provider.WakePathDatabaseUtil: getWakePathRuleList: wakeType=8192 wakePathRules.size=5
07-29 20:52:03.836  2463  5121 I WakePathChecker: MIUILOG-WAKEPATH pushWakePathRuleInfos: wakeType=8192 userId=0 size=5
07-29 20:52:03.836  8974  9450 I com.lbe.security.service.provider.WakePathDatabaseUtil: getWakePathRuleList: wakeType=16384 wakePathRules.size=0
07-29 20:52:03.837  2463  5121 I WakePathChecker: MIUILOG-WAKEPATH pushWakePathRuleInfos: wakeType=16384 userId=0 size=0
07-29 20:52:03.837  8974  9450 I com.lbe.security.service.provider.WakePathDatabaseUtil: getWakePathRuleList: wakeType=22 wakePathRules.size=0
07-29 20:52:03.837  2463  5121 I WakePathChecker: MIUILOG-WAKEPATH pushWakePathRuleInfos: wakeType=22 userId=0 size=0
07-29 20:52:03.837  8974  9450 I WakePathUpdatePolicy: pushWakePathData end
07-29 20:52:03.837  8974  9450 I WakePathUpdatePolicy: doUpdate end
07-29 20:52:03.842  9900 14389 I Market-RetrofitRequest: callStart : https://updateinfo.market.xiaomi.com/apm/updateinfo/priority
07-29 20:52:03.842  3117  3117 I adbd    : in ShellService: getevent -lt
07-29 20:52:03.843  9900 14389 I Market-RetrofitRequest: HeaderInterceptor : https://updateinfo.market.xiaomi.com/apm/updateinfo/priority
07-29 20:52:03.844  9900 14389 E Market-Client: isSupportChildMode, error: java.lang.NumberFormatException: For input string: ""
07-29 20:52:03.844  9900 14389 E Market-Client: isSupportChildMode, error: java.lang.NumberFormatException: For input string: ""
07-29 20:52:03.847  3117  3117 I adbd    : in ShellService: ps
07-29 20:52:03.848  9900 14389 I Market-LimitSpeedManager: startLimitSpeedNow() ====== speed = 32768
07-29 20:52:03.851  9900 14389 I Market-DownloadLimitSpeedManager: startLimitSpeed success. Total count 1
07-29 20:52:03.851  9900 14389 I Market-RetrofitRequest: HeaderInterceptor : https://updateinfo.market.xiaomi.com/apm/updateinfo/priority
07-29 20:52:03.854  3117  3117 I adbd    : in ShellService: ime enable io.github.ylimit.droidbotapp/.DroidBotIME
07-29 20:52:03.857  2046  2081 I [THP-ALG]: alg_input_report:Touch Down: id: 0, raw flatness 614, base flatness 445
07-29 20:52:03.858  2463  4069 I MIUIInput: [MotionEvent] notifyMotion - eventTime=19362177511000, deviceId=7, source=0x1002, policyFlags=0x0, action=0x0, flags=0x0, downTime=19362177511000
07-29 20:52:03.858  2463  4068 I MIUIInput: [MotionEvent] publisher action=0x0, deviceId=7, 19362177, channel 'fd7851 com.miui.home/com.miui.home.launcher.Launcher (server)'
07-29 20:52:03.858  2463  4068 I MIUIInput: [MotionEvent] publisher action=0x0, deviceId=7, 19362177, channel 'e8438b9 com.miui.miwallpaper.wallpaperservice.ImageWallpaper (server)'
07-29 20:52:03.858  2463  4068 I MIUIInput: [MotionEvent] publisher action=0x0, deviceId=7, 19362177, channel '[Gesture Monitor] miui-gesture (server)'
07-29 20:52:03.859  4497  4497 I MIUIInput: [MotionEvent] ViewRootImpl windowName 'com.miui.home/com.miui.home.launcher.Launcher', { action=ACTION_DOWN, id[0]=0, pointerCount=1, eventTime=19362177, downTime=19362177, phoneEventTime=20:52:03.858 } moveCount:0
07-29 20:52:03.860  4497  4497 I SwipeDetector: setDetectableScrollConditions: 1 false
07-29 20:52:03.860  4497  4497 I SwipeDetector: setDetectableScrollConditions: 2 false
07-29 20:52:03.860  2463  4372 I ProcessManager: getRenderThreadTidByPid, caller=2463
07-29 20:52:03.860  1827  2108 I SDM     : DisplayBase::CommitThread: Received idle timeout, panel: cmd, timeout: 70000 us
07-29 20:52:03.861  4497  4497 I PreStartUtils: preLaunchProcess intentIntent { act=android.intent.action.MAIN cat=[android.intent.category.LAUNCHER] flg=0x10200000 cmp=com.baidu.searchbox.lite/com.baidu.searchbox.SplashActivity (has extras) } userId=0
07-29 20:52:03.862  2463  5534 I SmartPower: com.baidu.searchbox.lite/10334(0): -1->background(0ms) R(become background) adj=-10000.
07-29 20:52:03.862  2463 18592 E BitmapFactory: Unable to decode file: java.io.FileNotFoundException: /data/system_ce/0/pre_starting_bitmap/com.baidu.searchbox.lite_0_normal_light.webp: open failed: ENOENT (No such file or directory)
07-29 20:52:03.864  1839  1966 E ANDR-PERF-UTIL: ANDR-PERF-UTIL: save_node_val() 366: Failed to read /sys/class/mmc_host/mmc0/clk_scaling/enable
07-29 20:52:03.864  1839  1966 E ANDR-PERF-OPTSHANDLER: ANDR-PERF-OPTSHANDLER: modify_sysfsnode() 1266: Failed to read /sys/class/mmc_host/mmc0/clk_scaling/enable
07-29 20:52:03.864  1839  1966 E ANDR-PERF-RESOURCEQS: ANDR-PERF-RESOURCEQS: AddAndApply() 167: Failed to apply optimization [11, 4]
07-29 20:52:03.866  4497  4497 E PreStartUtils: preLaunchProcess success infoPackage: com.baidu.searchbox.lite
07-29 20:52:03.867  2463  2531 I TurboSchedMonitor: app activity cold start: set dynamic vip, com.baidu.searchbox.lite 31733
07-29 20:52:03.868  2463  2531 I ActivityManager: Start proc 31733:com.baidu.searchbox.lite/u0a334 for prestart-top-activity {com.baidu.searchbox.lite/com.baidu.searchbox.SplashActivity} caller=null
07-29 20:52:03.861  2463  2463 W ActivityManager: type=1400 audit(0.0:12596): avc:  denied  { setsched } for  scontext=u:r:system_server:s0 tcontext=u:r:zygote:s0 tclass=process permissive=0 bug=b/77856826
07-29 20:52:03.868 31733 31733 E Zygote  : process_name_ptr:31733 com.baidu.searchbox.lite
07-29 20:52:03.869 31733 31733 E Zygote  : SetMemoryProtected process_name_ptr:31733 com.baidu.searchbox.lite
07-29 20:52:03.869 31733 31733 I libc    : SetHeapTaggingLevel: tag level set to 0
07-29 20:52:03.869  1870  1870 E qspmHal : setAppInfoH atPid = 31733, gpuFname:com.baidu.searchbox.lite, gpuFver:456798721
07-29 20:52:03.872 31733 31733 I .searchbox.lite: Using CollectorTypeCC GC.
07-29 20:52:03.874 31733 31733 E .searchbox.lite: Not starting debugger since process cannot load the jdwp agent.
07-29 20:52:03.877 31733 31733 I MessageMonitor: Load libmiui_runtime
07-29 20:52:03.882  1839  7237 E ANDR-PERF-LM: MetaMeter: handleAsync() 166: AdaptLaunch Invalid Async
07-29 20:52:03.884  2463  2514 I Location.SSRU: foregroundActivities IS trueUID ID 10334, home is false
07-29 20:52:03.884 31733 31733 I JavaheapMonitor: Java heap monitor start.
07-29 20:52:03.886  2463  4205 I MiuiNetworkPolicy: updateUidState uid = 10334, uidState = 2
07-29 20:52:03.887  3118  3325 E VA_AppStateWatcher: handleMessage: return!
07-29 20:52:03.892  2463  4403 E HyperSentinel: -------------------------------------------------------
07-29 20:52:03.892  2463  4403 E HyperSentinel: Event_ResidentSize
07-29 20:52:03.892  2463  4403 E HyperSentinel: -> audit event by proc 31733 "com.baidu.searchbox.lite": RSS increasement, peak 11248kb -> 56252kb
07-29 20:52:03.892  2463  4403 E HyperSentinel: -------------------------------------------------------
07-29 20:52:03.892  2463  4403 E HyperSentinel: Event_ResidentSize
07-29 20:52:03.892  2463  4403 E HyperSentinel: -> audit event by proc 31733 "com.baidu.searchbox.lite": RSS increasement, peak 56252kb -> 85864kb
07-29 20:52:03.892  2463  4403 E HyperSentinel: -------------------------------------------------------
07-29 20:52:03.892  2463  4403 E HyperSentinel: Event_ThreadAmount
07-29 20:52:03.892  2463  4403 E HyperSentinel: -> audit event by proc 31733 "com.baidu.searchbox.lite": running threads amount, 0 -> 12
07-29 20:52:03.893  2463  4205 I MiuiNetworkPolicyTrafficLimit: updateWhiteListUidForMobileTraffic uid=10334,add=true
07-29 20:52:03.897 29000 29047 I Finsky  : [1760] pis.accept(67): SCH: Scheduling phonesky job Id: 12-1, CT: 1753793523450, Constraints: [{ L: 15000, D: 86400000, C: 1, I: 1, N: 1 }]
07-29 20:52:03.897  9900 14389 I Market-DownloadLimitSpeedManager: stopLimitSpeed
07-29 20:52:03.898  9900 14389 I Market-LimitSpeedManager: stopLimitSpeedNow() =========== 
07-29 20:52:03.899 29000 29053 I Finsky  : [1762] jyn.apply(28): SCH: Scheduling 1 system job(s)
07-29 20:52:03.899 29000 29053 I Finsky  : [1762] aceh.d(88): SCH: Scheduling system job Id: 9765, L: 14551, D: 70232253, C: false, I: false, N: 1
07-29 20:52:03.901  2463  4372 I ProcessManager: getRenderThreadTidByPid, caller=2463
07-29 20:52:03.902  9900 14389 I Market-RetrofitRequest: callEnd : https://updateinfo.market.xiaomi.com/apm/updateinfo/priority
07-29 20:52:03.904 29000 29035 I Finsky  : [1748] mjw.ajf(151): [ContentSync] finished, scheduled=true
07-29 20:52:03.907  9900 14389 I Market-SystemSettingsManager: extraSettingsSecureGetInt key: com.xiaomi.market.need_update_game_count, value: 0
07-29 20:52:03.907  9900 14389 I Market-UpdateAppList: notify update appList changed: pkg (61) = com.ss.android.ugc.aweme,com.milink.service,com.miui.hybrid,com.baidu.BaiduMap,com.netease.newsreader.activity,com.baidu.searchbox.lite,com.android.fileexplorer,com.xiaomi.aiasst.vision,com.microsoft.office.outlook,com.miui.newhome,com.autonavi.minimap,com.miui.calculator,com.miui.mishare.connectivity,com.android.contacts,com.unionpay.tsmservice.mi,com.miui.voiceassist,com.miui.thirdappassistant,com.xiaomi.scanner,com.miui.securitycenter,com.duokan.reader,com.baidu.searchbox,com.wuba.zhuanzhuan,com.xingin.xhs,com.miui.touchassistant,tv.danmaku.bili,com.dragon.read,com.miui.gallery,com.miui.cloudservice,com.UCMobile,com.mfashiongallery.emag,com.miui.carlink,com.miui.notes,com.xiaomi.payment,com.miui.home,com.miui.tsmclient,com.xiaomi.gamecenter,com.smile.gifmaker,com.android.browser,com.suxing.sustream,com.xiaomi.mis,com.miui.virtualsim,com.android.quicksearchbox,com.sina.news,com.miui.video,com.miui.weather2,com.ss.android.article.news,com.quark.browser,com.xiaomi.mi_connect_service,com.miui.personalassistant,com.android.mms,com.xiaomi.gamecenter.sdk.service,com.kuaishou.nebula,com.android.thememanager,com.miui.bugreport,com.xiaomi.digitalkey,com.android.calendar,com.xiaomi.aicr,com.xiaomi.xmsf,com.xiaomi.mirror,com.miui.yellowpage,com.android.soundrecorder
07-29 20:52:03.908  9900 14389 I Market-SystemSettingsManager: extraSettingsSecureGetInt key: com.xiaomi.market.need_update_app_count, value: 61
07-29 20:52:03.911  9900 14681 I Market-SubScriptManager: updateMarketSubScript forceShow : false
07-29 20:52:03.912  9900 14681 I Market-SubScriptManager: get count 62
07-29 20:52:03.912  9900 14681 I Market-SubScriptManager: get count 62
07-29 20:52:03.913  9900 14389 I Market-LocalAppManager: queryDiffSizeFromServer start
07-29 20:52:03.918  9900 14681 I Market-SubScriptManager: set count 61
07-29 20:52:03.926 31733 31733 I Perf    : Connecting to perf service.
07-29 20:52:03.929  2463 10061 I ClipboardServiceI: checkProviderWakePathForClipboard: primaryClip is null
07-29 20:52:03.929 31733 14665 I ActivityThread: TrafficStats init done
07-29 20:52:03.931  2463  4403 E HyperSentinel: -------------------------------------------------------
07-29 20:52:03.931  2463  4403 E HyperSentinel: Event_ResidentSize
07-29 20:52:03.931  2463  4403 E HyperSentinel: -> audit event by proc 31733 "com.baidu.searchbox.lite": RSS increasement, peak 85864kb -> 129120kb
07-29 20:52:03.932 31733 14665 I ForceDarkHelperStubImpl: initialize for com.baidu.searchbox.lite , ForceDarkOrigin
07-29 20:52:03.934 31733 14665 I MiuiForceDarkConfig: setConfig density:3.000000, mainRule:0, secondaryRule:0, tertiaryRule:0
07-29 20:52:03.938 31733 14665 I ActivityThread: Miui Feature Init done
07-29 20:52:03.939  3117  3117 I adbd    : in ShellService: ime set io.github.ylimit.droidbotapp/.DroidBotIME
07-29 20:52:03.949  2463  4403 E HyperSentinel: -------------------------------------------------------
07-29 20:52:03.949  2463  4403 E HyperSentinel: Event_ThreadAmount
07-29 20:52:03.949  2463  4403 E HyperSentinel: -> audit event by proc 31733 "com.baidu.searchbox.lite": running threads amount, 12 -> 23
07-29 20:52:03.965 31733 14694 I ClassVerifierOpt: JNI_OnLoad
07-29 20:52:03.965 31733 14694 I ClassVerifierOpt: jniRegisterNativeMethods success
07-29 20:52:03.965 31733 14694 I ClassVerifierOpt: verify_none current sdk:35 target sdk:30
07-29 20:52:03.965  2463  4069 I InputReader: Reconfiguring input devices, changes=KEYBOARD_LAYOUTS
07-29 20:52:03.966  4497  4497 I HandWritingStubImpl: refreshLastKeyboardType: 1
07-29 20:52:03.966  4497  4497 I HandWritingStubImpl: getCurrentKeyboardType: 1
07-29 20:52:03.966 14622 14622 E BaseInputMethodService: onUnbindInput
07-29 20:52:03.973  1827  2752 I vendor.qti.hardware.display.composer-service: Sensor: notify citsensorservice to trigger cwb, misForced = 0
07-29 20:52:03.973  3002  4297 I libsensor-parseRGB: request dump start for mRequestDisplayId 0
07-29 20:52:03.985 31733 14694 I ClassVerifierOpt: dlsym libart.so _ZN3art7Runtime15DisableVerifierEv failed!
07-29 20:52:03.985 31733 14694 I ClassVerifierOpt: disable_class_verifier code:-7
07-29 20:52:03.986  8013  8347 I k1      : input method change: 
07-29 20:52:03.987  2463  4108 W InputMethodManagerService: Clear show forced flag.
07-29 20:52:03.987  2463  4108 W SecurityInputMethodSwitcher: first check switch to security ime: false
07-29 20:52:03.987  2463  4108 W SecurityInputMethodSwitcher: double check switch to security ime: false
07-29 20:52:03.988  2463  4108 W SecurityInputMethodSwitcher: switch to other input method from security ime:false mayChangeToMiuiSecurityInputMethod: false current focus window: android.os.BinderProxy@e737978
07-29 20:52:03.988  9339  9616 I IMECheckManager: getSelectedInputMethod, ime is io.github.ylimit.droidbotapp/.DroidBotIME
07-29 20:52:03.988  1844  1844 I vendor.qti.hardware.servicetrackeraidl-service: unbindService is called for service : com.sohu.inputmethod.sogou.xiaomi/.SogouIME and for client system
07-29 20:52:03.988  1844  1844 I vendor.qti.hardware.servicetrackeraidl-service: size of service connections for service: com.sohu.inputmethod.sogou.xiaomi/.SogouIMEafter removal is 0
07-29 20:52:03.988  9339  9616 I IMECheckManager: InputMethodObserver, userId is 0, ime = io.github.ylimit.droidbotapp/.DroidBotIME
07-29 20:52:03.988  1844  1844 I vendor.qti.hardware.servicetrackeraidl-service: size of client connections for client: systemafter removal is 30
07-29 20:52:03.988  1844  1844 I vendor.qti.hardware.servicetrackeraidl-service: destroyService is called for service : com.sohu.inputmethod.sogou.xiaomi/.SogouIME
07-29 20:52:03.988  4497  4497 I HandWritingStubImpl: refreshLastKeyboardType: 1
07-29 20:52:03.988  4497  4497 I HandWritingStubImpl: getCurrentKeyboardType: 1
07-29 20:52:03.990  2463  4108 W InputManager-JNI: Input channel object 'd2dc2bc InputMethod (client)' was disposed without first being removed with the input manager!
07-29 20:52:03.990  2463  4403 E HyperSentinel: -------------------------------------------------------
07-29 20:52:03.990  2463  4403 E HyperSentinel: Event_ResidentSize
07-29 20:52:03.990  2463  4403 E HyperSentinel: -> audit event by proc 31733 "com.baidu.searchbox.lite": RSS increasement, peak 129120kb -> 193744kb
07-29 20:52:03.991  2463  4205 I MiuiNetworkPolicy: updateUidState uid = 10183, uidState = 10
07-29 20:52:03.993  2463 10061 I ClipboardServiceI: checkProviderWakePathForClipboard: primaryClip is null
07-29 20:52:03.995  1844  1844 I vendor.qti.hardware.servicetrackeraidl-service: bindService is called for service : io.github.ylimit.droidbotapp/.DroidBotIME and for client system
07-29 20:52:03.995  1844  1844 I vendor.qti.hardware.servicetrackeraidl-service: total connections for service : io.github.ylimit.droidbotapp/.DroidBotIMEare :1
07-29 20:52:03.995  1844  1844 I vendor.qti.hardware.servicetrackeraidl-service: total connections for client : systemare :31
07-29 20:52:03.995  4505  6009 I htmlviewercloudcontrol: isStagingEnv:false param =  InputMethod  uriMatch = 2, cluster: cn, version: 553104, traceId: aa4a7f1732c179f033e45bb6df6285c3, regId: +4z3RS85+e2U9l+sd6caQ/srGmJCsEbKpG1twyPn1K0CrNNyxYT/yAgGVxm5X+yC
07-29 20:52:03.996  3002  3080 E libsensor-parseRGB: CWB NotifyCWBBufferDone  error 0
07-29 20:52:03.999 14622 14622 E BaseInputMethodService: onDestroy
07-29 20:52:04.001 14622 14622 W WindowOnBackDispatcher: sendCancelIfRunning: isInProgress=false callback=android.view.ViewRootImpl$$ExternalSyntheticLambda12@8e819f6
07-29 20:52:04.002  2463  4108 W InputMethodManagerService: Clear show forced flag.
07-29 20:52:04.002  2463  4108 W SecurityInputMethodSwitcher: first check switch to security ime: false
07-29 20:52:04.002  2463  4108 W SecurityInputMethodSwitcher: double check switch to security ime: false
07-29 20:52:04.002  2463  4108 W SecurityInputMethodSwitcher: switch to other input method from security ime:false mayChangeToMiuiSecurityInputMethod: false current focus window: android.os.BinderProxy@e737978
07-29 20:52:04.003  9339  9616 I IMECheckManager: getSelectedInputMethod, ime is io.github.ylimit.droidbotapp/.DroidBotIME
07-29 20:52:04.003  2463  4435 W WindowManager: Failed looking up window session=Session{417d331 14622:u0a10183} callers=com.android.server.wm.WindowManagerService.windowForClientLocked:7019 com.android.server.wm.Session.setOnBackInvokedCallbackInfo:1092 android.view.IWindowSession$Stub.onTransact:1281 
07-29 20:52:04.003  2463  4435 I WindowManager: setOnBackInvokedCallback(): No window state for package:com.sohu.inputmethod.sogou.xiaomi
07-29 20:52:04.004  2463 10061 W WindowManager: Cannot find window which accessibility connection is added to
07-29 20:52:04.004  9339  9616 I IMECheckManager: updateCurrentIME, userId is 0, ime is io.github.ylimit.droidbotapp/.DroidBotIME, pkg is io.github.ylimit.droidbotapp, uid is 10355
07-29 20:52:04.004  9339  9616 I ActiveStateController: Ime outdated, uid is 10183
07-29 20:52:04.004  9339  9638 I PowerKeeperConfigureManager: userId is 0, Ime outdated, uid is 10183
07-29 20:52:04.005  2463  5531 W WindowManager: Failed looking up window session=Session{417d331 14622:u0a10183} callers=com.android.server.wm.WindowManagerService.removeClientToken:2442 com.android.server.wm.Session.remove:290 android.view.IWindowSession$Stub.onTransact:741 
07-29 20:52:04.007 14622 14622 I IMEBottomManager: disableQuickMoveCursor
07-29 20:52:04.009  2463  4069 I MIUIInput: [MotionEvent] notifyMotion - eventTime=19362328692000, deviceId=7, source=0x1002, policyFlags=0x0, action=0x1, flags=0x0, downTime=19362177511000
07-29 20:52:04.009  2463  4068 I MIUIInput: [MotionEvent] publisher action=0x1, deviceId=7, 19362328, channel 'fd7851 com.miui.home/com.miui.home.launcher.Launcher (server)'
07-29 20:52:04.009  2463  4068 I MIUIInput: [MotionEvent] publisher action=0x1, deviceId=7, 19362328, channel 'e8438b9 com.miui.miwallpaper.wallpaperservice.ImageWallpaper (server)'
07-29 20:52:04.009  2463  4068 I MIUIInput: [MotionEvent] publisher action=0x1, deviceId=7, 19362328, channel '[Gesture Monitor] miui-gesture (server)'
07-29 20:52:04.009  4497  4497 I MIUIInput: [MotionEvent] ViewRootImpl windowName 'com.miui.home/com.miui.home.launcher.Launcher', { action=ACTION_UP, id[0]=0, pointerCount=1, eventTime=19362328, downTime=19362177, phoneEventTime=20:52:04.008 } moveCount:14
07-29 20:52:04.009  4497  4497 I ScreenView_Workspace: isAllowScrollAnimStart: false
07-29 20:52:04.010  2463 10061 I ClipboardServiceI: checkProviderWakePathForClipboard: primaryClip is null
07-29 20:52:04.011  2463 10061 I SmartPower: com.miui.phrase/10162(27285): idle->background(10975827ms) R(content provider start ContentProviderRecord{e3754c6 u0 com.miui.phrase/com.miui.provider.InputProvider}) adj=0.
07-29 20:52:04.012  2463  4205 I MiuiNetworkPolicy: updateUidState uid = 10162, uidState = 10
07-29 20:52:04.014  9339  9616 I ActiveStateController: Ime update, uid is 10355
07-29 20:52:04.017  2046  2081 I [THP-HAL]: release_all:force:0
07-29 20:52:04.018  3117  3117 I adbd    : in ShellService: getprop ro.build.version.release
07-29 20:52:04.022  9339  9638 I PowerKeeperConfigureManager: userId is 0, Ime update, uid is 10355
07-29 20:52:04.033  2463 10061 W MiuiBoosterUtils: enable_miuibooster_launch : false
07-29 20:52:04.036  2463  4403 E HyperSentinel: -------------------------------------------------------
07-29 20:52:04.036  2463  4403 E HyperSentinel: Event_ThreadAmount
07-29 20:52:04.036  2463  4403 E HyperSentinel: -> audit event by proc 31733 "com.baidu.searchbox.lite": running threads amount, 23 -> 45
07-29 20:52:04.037  2463  5121 E InputMethodManagerService: Ignoring com.android.server.inputmethod.InputMethodManagerService.updateStatusIcon:2768 due to an invalid token. uid:10183 token:android.os.Binder@cd6cfa0
07-29 20:52:04.042 31733 14731 I SkJpegCodec: [mId: 4] skia-debug SkJpegCodec::+SkJpegCodec
07-29 20:52:04.042 31733 14731 I SkJpegCodec: [mId: 4] skia-debug SkJpegCodec::ReadHeader: width = 1081, height = 2339, color = 10
07-29 20:52:04.042 31733 14731 I SkJpegCodec: [mId: 4] skia-debug SkJpegCodec::ReadHeader: progressive_mode = 1, streamType: SkStreamRewindable
07-29 20:52:04.042 31733 14731 I SkJpegCodec: [mId: 4] skia-debug SkJpegCodec::onGetPixels: dstRowBytes = 4324, 
07-29 20:52:04.042 31733 14731 I SkJpegCodec: dstInfo: SkImageInfo: {IsRGB = 1, ColorType = 4, AlphaType = 1, Dimensions.width = 1081, Dimensions.height = 2339};
07-29 20:52:04.042 14622 14622 W WindowTokenClientController: Can't find attached WindowTokenClient for android.window.WindowTokenClient@1da3e58
07-29 20:52:04.045  2912  3069 W misight_perf:  [902001300, com.sohu.inputmethod.sogou.xiaomi, 14622, service oncreate latency]
07-29 20:52:04.045  2912  3062 I misight : OnEvent EventPrivacyCompliance event=902001300
07-29 20:52:04.045  2912  3062 I misight : OnEvent EventStorageManager event=902001300,2
07-29 20:52:04.047 31733 14731 I JpegXmCodec:  skia-debug JpegXmCodec::isSupported returns false for progressive_mode
07-29 20:52:04.048  2463  4205 I MiuiNetworkPolicy: updateUidState uid = 10183, uidState = 16
07-29 20:52:04.048  2463  4205 I MiuiNetworkPolicy: updateUidState uid = 10162, uidState = 19
07-29 20:52:04.048 31733 14732 W System.err: java.lang.ClassNotFoundException: com.baidu.searchbox.kmm.updateprocessor.FusionPersonalCenterCommandListenerKt
07-29 20:52:04.048 31733 14732 W System.err: 	at java.lang.Class.classForName(Native Method)
07-29 20:52:04.048 31733 14732 W System.err: 	at java.lang.Class.forName(Class.java:607)
07-29 20:52:04.048 31733 14732 W System.err: 	at java.lang.Class.forName(Class.java:512)
07-29 20:52:04.048 31733 14732 W System.err: 	at oe4.v.a(SearchBox:110285)
07-29 20:52:04.048 31733 14732 W System.err: 	at ic3.b.run(SearchBox:105008)
07-29 20:52:04.048 31733 14732 W System.err: 	at com.baidu.android.util.concurrent.AsyncTaskAssistant$WorkerAsyncTask.doInBackground(SearchBox:115044)
07-29 20:52:04.048 31733 14732 W System.err: 	at com.baidu.android.util.concurrent.AsyncTaskAssistant$WorkerAsyncTask.doInBackground(SearchBox:110002)
07-29 20:52:04.048 31733 14732 W System.err: 	at android.os.AsyncTask$3.call(AsyncTask.java:394)
07-29 20:52:04.048 31733 14732 W System.err: 	at java.util.concurrent.FutureTask.run(FutureTask.java:264)
07-29 20:52:04.048 31733 14732 W System.err: 	at java.util.concurrent.ThreadPoolExecutor.runWorker(ThreadPoolExecutor.java:1251)
07-29 20:52:04.048 31733 14732 W System.err: 	at java.util.concurrent.ThreadPoolExecutor$Worker.run(ThreadPoolExecutor.java:668)
07-29 20:52:04.048 31733 14732 W System.err: 	at java.lang.Thread.run(Thread.java:1012)
07-29 20:52:04.048 31733 14732 W System.err: Caused by: java.lang.ClassNotFoundException: com.baidu.searchbox.kmm.updateprocessor.FusionPersonalCenterCommandListenerKt
07-29 20:52:04.048 31733 14732 W System.err: 	... 12 more
07-29 20:52:04.049 31733 14732 W System.err: java.lang.ClassNotFoundException: com.baidu.android.ext.widget.dialog.WarmTipsExperiment
07-29 20:52:04.049 31733 14732 W System.err: 	at java.lang.Class.classForName(Native Method)
07-29 20:52:04.049 31733 14732 W System.err: 	at java.lang.Class.forName(Class.java:607)
07-29 20:52:04.049 31733 14732 W System.err: 	at java.lang.Class.forName(Class.java:512)
07-29 20:52:04.049 31733 14732 W System.err: 	at oe4.v.a(SearchBox:110323)
07-29 20:52:04.049 31733 14732 W System.err: 	at ic3.b.run(SearchBox:105008)
07-29 20:52:04.049 31733 14732 W System.err: 	at com.baidu.android.util.concurrent.AsyncTaskAssistant$WorkerAsyncTask.doInBackground(SearchBox:115044)
07-29 20:52:04.049 31733 14732 W System.err: 	at com.baidu.android.util.concurrent.AsyncTaskAssistant$WorkerAsyncTask.doInBackground(SearchBox:110002)
07-29 20:52:04.049 31733 14732 W System.err: 	at android.os.AsyncTask$3.call(AsyncTask.java:394)
07-29 20:52:04.049 31733 14732 W System.err: 	at java.util.concurrent.FutureTask.run(FutureTask.java:264)
07-29 20:52:04.049 31733 14732 W System.err: 	at java.util.concurrent.ThreadPoolExecutor.runWorker(ThreadPoolExecutor.java:1251)
07-29 20:52:04.049 31733 14732 W System.err: 	at java.util.concurrent.ThreadPoolExecutor$Worker.run(ThreadPoolExecutor.java:668)
07-29 20:52:04.049 31733 14732 W System.err: 	at java.lang.Thread.run(Thread.java:1012)
07-29 20:52:04.049 31733 14732 W System.err: Caused by: java.lang.ClassNotFoundException: com.baidu.android.ext.widget.dialog.WarmTipsExperiment
07-29 20:52:04.049 31733 14732 W System.err: 	... 12 more
07-29 20:52:04.053 31733 14731 I SkJpegCodec: [mId: 4] skia-debug SkJpegCodec::onGetPixels ends with rowsDecodec = 2339
07-29 20:52:04.053 31733 14731 I SkJpegCodec: [mId: 4] skia-debug onGetGainmapInfo returns false
07-29 20:52:04.054  2912  3062 I misight : OnEvent EventInfoPack event 902001300
07-29 20:52:04.055 31733 14694 W libc    : Access denied finding property "ro.secure"
07-29 20:52:04.049 31733 31733 W elastic_disable: type=1400 audit(0.0:12597): avc:  denied  { read } for  name="u:object_r:userdebug_or_eng_prop:s0" dev="tmpfs" ino=418 scontext=u:r:untrusted_app_30:s0:c78,c257,c512,c768 tcontext=u:object_r:userdebug_or_eng_prop:s0 tclass=file permissive=0 app=com.baidu.searchbox.lite
07-29 20:52:04.061  2463  2536 I ExtM    : zram userate is low, no need to flush: 16
07-29 20:52:04.082 31733 14695 E ApisInteractWithMario: Not implemented!
07-29 20:52:04.082 31733 14695 E CookieSyncManager: CookieSyncManager.createInstance() must be called on the main thread.
07-29 20:52:04.089  3117  3117 I adbd    : in ShellService: getprop ro.secure
07-29 20:52:04.093 31733 14749 W SQLiteLog: (28) double-quoted string literal: "1"
07-29 20:52:04.095 31733 14749 W SQLiteLog: (28) double-quoted string literal: "2EED02BCC0036E903C28F0FB1F89D0BB"
07-29 20:52:04.096 31733 14749 W SQLiteLog: (28) double-quoted string literal: "2EED02BCC0036E903C28F0FB1F89D0BB"
07-29 20:52:04.096 31733 14749 W SQLiteLog: (28) double-quoted string literal: "2EED02BCC0036E903C28F0FB1F89D0BB"
07-29 20:52:04.165  3117  3117 I adbd    : in ShellService: getprop ro.debuggable
07-29 20:52:04.180  1827  2752 I vendor.qti.hardware.display.composer-service: Sensor: notify citsensorservice to trigger cwb, misForced = 0
07-29 20:52:04.180  3002  4297 I libsensor-parseRGB: request dump start for mRequestDisplayId 0
07-29 20:52:04.184  2463  4639 I Location.SSRU: location account change uid 10334, foreground is true
07-29 20:52:04.203  3002  3081 E libsensor-parseRGB: CWB NotifyCWBBufferDone  error 0
07-29 20:52:04.220  4916  4981 E PhoneAdapter: get ntnphones failed, exception: java.lang.IllegalStateException: Default phones haven't been made yet!
07-29 20:52:04.225  2463  5109 I NetworkBoostStatusManager: handle: 102
07-29 20:52:04.225  2463  5109 I NetworkBoostStatusManager: interfaceOnCapabilitiesChanged interface name:wlan0
07-29 20:52:04.233  9744 10038 W Settings: Setting device_provisioned has moved from android.provider.Settings.Secure to android.provider.Settings.Global.
07-29 20:52:04.233  9744 10038 I JoyoseCloudControlManager3: network metered changed, network metered: false, deviceProvisioned: true, scAllowConn: true, try to setNetworkAccessEnabled: true
07-29 20:52:04.234 31076 31441 I NearbyMediums: WifiNetwork defaultNetworkCallback onCapabilitiesChanged network:103 [ WIFI VPN ] isNonBypassable:false
07-29 20:52:04.236 19382 19460 I Cir_Miplay_NetworkListenerHelper: onCapabilitiesChanged#network=103
07-29 20:52:04.236 19382 19460 I Cir_Miplay_NetworkListenerHelper: onCapabilitiesChanged network type wifi
07-29 20:52:04.248  8724  8724 I NetBusNetworkMonitor: onCapabilitiesChanged isPrimary = true
07-29 20:52:04.250  8724  8724 I NetBusNetworkMonitor: gateway=192.*.*.1
07-29 20:52:04.252  8724  8724 I NetBusNetworkMonitor: addConnectNetworkInterface mediumType:256, detail:NetworkDetailInfo{mIsConnected=false, mIsSupportTdls=true, mNetworkType=0, mIpAddress=192.*.*.11, mIfName=wlan0, mGateway=192.*.*.1, mNetmask=255.*.*.0, mSsid=C**01}
07-29 20:52:04.252  8724  8724 I NetBusNetworkMonitor: onCapabilitiesChanged handle=441492361229, mediumType=256, ifName=wlan0
07-29 20:52:04.262  3117  3117 I adbd    : in ShellService: dumpsys display
07-29 20:52:04.290 16554 16687 E upgrade.UpgradeClient: upgrade --> not net connection.
07-29 20:52:04.365  2463  5177 I NetworkAccelerateSwitchService: EVENT_RSSI_POLL. mRssiPoll=true
07-29 20:52:04.365  2463  5177 I NetworkAccelerateSwitchService: getAverageWifiRssi:66
07-29 20:52:04.372 16476 16847 W Settings: Setting adb_enabled has moved from android.provider.Settings.Secure to android.provider.Settings.Global.
07-29 20:52:04.375 16045 16124 W Settings: Setting adb_enabled has moved from android.provider.Settings.Secure to android.provider.Settings.Global.
07-29 20:52:04.387 16241 16315 W Settings: Setting adb_enabled has moved from android.provider.Settings.Secure to android.provider.Settings.Global.
07-29 20:52:04.388  3117  3117 I adbd    : in ShellService: wm size
07-29 20:52:04.393  1827  2752 I vendor.qti.hardware.display.composer-service: Sensor: notify citsensorservice to trigger cwb, misForced = 0
07-29 20:52:04.393  3002  4297 I libsensor-parseRGB: request dump start for mRequestDisplayId 0
07-29 20:52:04.403  7989  7989 I RuntimePermissionManager: isRuntimeRequestSupport: true
07-29 20:52:04.414  2463  5065 W ParceledListSlice: Element #44 is 26672 bytes.
07-29 20:52:04.415  2463  5065 W ParceledListSlice: Overly large reply size: 82204
07-29 20:52:04.415  2463 10061 W ParceledListSlice: Element #45 is 26676 bytes.
07-29 20:52:04.415  2463 10061 W ParceledListSlice: Element #46 is 26676 bytes.
07-29 20:52:04.415  2463 10061 W ParceledListSlice: Element #47 is 26684 bytes.
07-29 20:52:04.415  2463 10061 W ParceledListSlice: Element #48 is 26688 bytes.
07-29 20:52:04.415  2463 10061 W ParceledListSlice: Element #54 is 19664 bytes.
07-29 20:52:04.416  2463 10061 W ParceledListSlice: Element #55 is 19652 bytes.
