07-29 20:52:09.110  4497  4497 I WindowElement3a2c82b: 	at android.view.ViewGroup.dispatchTouchEvent(ViewGroup.java:2826)
07-29 20:52:09.110  4497  4497 I WindowElement3a2c82b: 	at com.miui.home.launcher.CellLayout.dispatchTouchEvent(CellLayout.java:570)
07-29 20:52:09.110  4497  4497 I WindowElement3a2c82b: 	at android.view.ViewGroup.dispatchTransformedTouchEvent(ViewGroup.java:3158)
07-29 20:52:09.110  4497  4497 I WindowElement3a2c82b: 	at android.view.ViewGroup.dispatchTouchEvent(ViewGroup.java:2826)
07-29 20:52:09.110  4497  4497 I WindowElement3a2c82b: 	at android.view.ViewGroup.dispatchTransformedTouchEvent(ViewGroup.java:3158)
07-29 20:52:09.110  4497  4497 I WindowElement3a2c82b: 	at android.view.ViewGroup.dispatchTouchEvent(ViewGroup.java:2826)
07-29 20:52:09.110  4497  4497 I WindowElement3a2c82b: 	at com.miui.home.launcher.Workspace.dispatchTouchEvent(Workspace.java:842)
07-29 20:52:09.110  4497  4497 I WindowElement3a2c82b: 	at android.view.ViewGroup.dispatchTransformedTouchEvent(ViewGroup.java:3158)
07-29 20:52:09.110  4497  4497 I WindowElement3a2c82b: 	at android.view.ViewGroup.dispatchTouchEvent(ViewGroup.java:2826)
07-29 20:52:09.110  4497  4497 I WindowElement3a2c82b: 	at android.view.ViewGroup.dispatchTransformedTouchEvent(ViewGroup.java:3158)
07-29 20:52:09.110  4497  4497 I WindowElement3a2c82b: 	at android.view.ViewGroup.dispatchTouchEvent(ViewGroup.java:2826)
07-29 20:52:09.110  4497  4497 I WindowElement3a2c82b: 	at android.view.ViewGroup.dispatchTransformedTouchEvent(ViewGroup.java:3158)
07-29 20:52:09.110  4497  4497 I WindowElement3a2c82b: 	at android.view.ViewGroup.dispatchTouchEvent(ViewGroup.java:2826)
07-29 20:52:09.110  4497  4497 I WindowElement3a2c82b: 	at com.miui.home.launcher.SuperDraglayer.dispatchTouchEvent(SuperDraglayer.java:289)
07-29 20:52:09.110  4497  4497 I WindowElement3a2c82b: 	at android.view.ViewGroup.dispatchTransformedTouchEvent(ViewGroup.java:3158)
07-29 20:52:09.110  4497  4497 I WindowElement3a2c82b: 	at android.view.ViewGroup.dispatchTouchEvent(ViewGroup.java:2826)
07-29 20:52:09.110  4497  4497 I WindowElement3a2c82b: 	at com.miui.home.launcher.ShortcutMenuLayer.dispatchTouchEvent(ShortcutMenuLayer.java:164)
07-29 20:52:09.110  4497  4497 I WindowElement3a2c82b: 	at android.view.ViewGroup.dispatchTransformedTouchEvent(ViewGroup.java:3158)
07-29 20:52:09.110  4497  4497 I WindowElement3a2c82b: 	at android.view.ViewGroup.dispatchTouchEvent(ViewGroup.java:2826)
07-29 20:52:09.110  4497  4497 I WindowElement3a2c82b: 	at android.view.ViewGroup.dispatchTransformedTouchEvent(ViewGroup.java:3158)
07-29 20:52:09.110  4497  4497 I WindowElement3a2c82b: 	at android.view.ViewGroup.dispatchTouchEvent(ViewGroup.java:2826)
07-29 20:52:09.110  4497  4497 I WindowElement3a2c82b: 	at android.view.ViewGroup.dispatchTransformedTouchEvent(ViewGroup.java:3158)
07-29 20:52:09.110  4497  4497 I WindowElement3a2c82b: 	at android.view.ViewGroup.dispatchTouchEvent(ViewGroup.java:2826)
07-29 20:52:09.110  4497  4497 I WindowElement3a2c82b: 	at android.view.ViewGroup.dispatchTransformedTouchEvent(ViewGroup.java:3158)
07-29 20:52:09.110  4497  4497 I WindowElement3a2c82b: 	at android.view.ViewGroup.dispatchTouchEvent(ViewGroup.java:2826)
07-29 20:52:09.110  4497  4497 I WindowElement3a2c82b: 	at com.android.internal.policy.DecorView.superDispatchTouchEvent(DecorView.java:553)
07-29 20:52:09.110  4497  4497 I WindowElement3a2c82b: 	at com.android.internal.policy.PhoneWindow.superDispatchTouchEvent(PhoneWindow.java:1984)
07-29 20:52:09.110  4497  4497 I WindowElement3a2c82b: 	at android.app.Activity.dispatchTouchEvent(Activity.java:4690)
07-29 20:52:09.110  4497  4497 I WindowElement3a2c82b: 	at com.miui.home.launcher.Launcher.dispatchTouchEvent(Launcher.java:5606)
07-29 20:52:09.110  4497  4497 I WindowElement3a2c82b: 	at com.android.internal.policy.DecorView.dispatchTouchEvent(DecorView.java:511)
07-29 20:52:09.110  4497  4497 I WindowElement3a2c82b: 	at android.view.View.dispatchPointerEvent(View.java:16976)
07-29 20:52:09.110  4497  4497 I WindowElement3a2c82b: 	at com.xiaomi.mirror.MiuiMirrorImpl.isHandled(MiuiMirrorImpl.java:152)
07-29 20:52:09.110  4497  4497 I WindowElement3a2c82b: 	at android.view.ViewRootImpl$ViewPostImeInputStage.processPointerEvent(ViewRootImpl.java:8997)
07-29 20:52:09.110  4497  4497 I WindowElement3a2c82b: 	at android.view.ViewRootImpl$ViewPostImeInputStage.onProcess(ViewRootImpl.java:8739)
07-29 20:52:09.110  4497  4497 I WindowElement3a2c82b: 	at android.view.ViewRootImpl$InputStage.deliver(ViewRootImpl.java:8091)
07-29 20:52:09.110  4497  4497 I WindowElement3a2c82b: 	at android.view.ViewRootImpl$InputStage.onDeliverToNext(ViewRootImpl.java:8148)
07-29 20:52:09.110  4497  4497 I WindowElement3a2c82b: 	at android.view.ViewRootImpl$InputStage.forward(ViewRootImpl.java:8114)
07-29 20:52:09.110  4497  4497 I WindowElement3a2c82b: 	at android.view.ViewRootImpl$AsyncInputStage.forward(ViewRootImpl.java:8280)
07-29 20:52:09.110  4497  4497 I WindowElement3a2c82b: 	at android.view.ViewRootImpl$InputStage.apply(ViewRootImpl.java:8122)
07-29 20:52:09.110  4497  4497 I WindowElement3a2c82b: 	at android.view.ViewRootImpl$AsyncInputStage.apply(ViewRootImpl.java:8337)
07-29 20:52:09.110  4497  4497 I WindowElement3a2c82b: 	at android.view.ViewRootImpl$InputStage.deliver(ViewRootImpl.java:8095)
07-29 20:52:09.110  4497  4497 I WindowElement3a2c82b: 	at android.view.ViewRootImpl$InputStage.onDeliverToNext(ViewRootImpl.java:8148)
07-29 20:52:09.110  4497  4497 I WindowElement3a2c82b: 	at android.view.ViewRootImpl$InputStage.forward(ViewRootImpl.java:8114)
07-29 20:52:09.110  4497  4497 I WindowElement3a2c82b: 	at android.view.ViewRootImpl$InputStage.apply(ViewRootImpl.java:8122)
07-29 20:52:09.110  4497  4497 I WindowElement3a2c82b: 	at android.view.ViewRootImpl$InputStage.deliver(ViewRootImpl.java:8095)
07-29 20:52:09.110  4497  4497 I WindowElement3a2c82b: 	at android.view.ViewRootImpl.deliverInputEvent(ViewRootImpl.java:11408)
07-29 20:52:09.110  4497  4497 I WindowElement3a2c82b: 	at android.view.ViewRootImpl.doProcessInputEvents(ViewRootImpl.java:11359)
07-29 20:52:09.110  4497  4497 I WindowElement3a2c82b: 	at android.view.ViewRootImpl.enqueueInputEvent(ViewRootImpl.java:11320)
07-29 20:52:09.110  4497  4497 I WindowElement3a2c82b: 	at android.view.ViewRootImpl$WindowInputEventReceiver.onInputEvent(ViewRootImpl.java:11586)
07-29 20:52:09.110  4497  4497 I WindowElement3a2c82b: 	at android.view.InputEventReceiver.dispatchInputEvent(InputEventReceiver.java:337)
07-29 20:52:09.110  4497  4497 I WindowElement3a2c82b: 	at android.os.MessageQueue.nativePollOnce(Native Method)
07-29 20:52:09.110  4497  4497 I WindowElement3a2c82b: 	at android.os.MessageQueue.next(MessageQueue.java:355)
07-29 20:52:09.110  4497  4497 I WindowElement3a2c82b: 	at android.os.Looper.loopOnce(Looper.java:203)
07-29 20:52:09.110  4497  4497 I WindowElement3a2c82b: 	at android.os.Looper.loop(Looper.java:337)
07-29 20:52:09.110  4497  4497 I WindowElement3a2c82b: 	at android.app.ActivityThread.main(ActivityThread.java:9587)
07-29 20:52:09.110  4497  4497 I WindowElement3a2c82b: 	at java.lang.reflect.Method.invoke(Native Method)
07-29 20:52:09.110  4497  4497 I WindowElement3a2c82b: 	at com.android.internal.os.RuntimeInit$MethodAndArgsCaller.run(RuntimeInit.java:593)
07-29 20:52:09.110  4497  4497 I WindowElement3a2c82b: 	at com.android.internal.os.ZygoteInit.main(ZygoteInit.java:936)
07-29 20:52:09.110  4497  4497 I WindowElement3a2c82b: com.miui.home.recents.anim.FastLaunchWindowElement@3a2c82b window init isHalf = false, floatingIconView = com.miui.home.recents.views.FloatingIconView2{83bc07 V.ED..... ........ 0,0-0,0}, mAnim = com.miui.home.recents.util.RectFSpringAnim@5d24ca5
07-29 20:52:09.110  4497  4497 I WindowElement3a2c82b: java.lang.Exception
07-29 20:52:09.110  4497  4497 I WindowElement3a2c82b: 	at com.miui.home.recents.anim.WindowElement.<init>(WindowElement.kt:581)
07-29 20:52:09.110  4497  4497 I WindowElement3a2c82b: 	at com.miui.home.recents.anim.WindowElement.<init>(WindowElement.kt:50)
07-29 20:52:09.110  4497  4497 I WindowElement3a2c82b: 	at com.miui.home.recents.anim.FastLaunchWindowElement.<init>(FastLaunchWindowElement.kt:45)
07-29 20:52:09.110  4497  4497 I WindowElement3a2c82b: 	at com.miui.home.recents.anim.StateManager.onLauncherStartActivity(StateManager.kt:1397)
07-29 20:52:09.110  4497  4497 I WindowElement3a2c82b: 	at com.miui.home.recents.anim.StateManager$HomeState.launchIconView(StateManager.kt:524)
07-29 20:52:09.110  4497  4497 I WindowElement3a2c82b: 	at com.miui.home.recents.anim.StateManager$HomeState.onIconClick(StateManager.kt:478)
07-29 20:52:09.110  4497  4497 I WindowElement3a2c82b: 	at com.miui.home.recents.anim.StateManager$HomeState.handleEvent(StateManager.kt:298)
07-29 20:52:09.110  4497  4497 I WindowElement3a2c82b: 	at com.miui.home.recents.anim.StateManager$IdleState.handleEvent(StateManager.kt:286)
07-29 20:52:09.110  4497  4497 I WindowElement3a2c82b: 	at com.miui.home.recents.anim.StateManager.handleEventActually(StateManager.kt:119)
07-29 20:52:09.110  4497  4497 I WindowElement3a2c82b: 	at com.miui.home.recents.anim.StateManager.sendEventActually(StateManager.kt:104)
07-29 20:52:09.110  4497  4497 I WindowElement3a2c82b: 	at com.miui.home.recents.anim.StateManager.sendEvent(StateManager.kt:130)
07-29 20:52:09.110  4497  4497 I WindowElement3a2c82b: 	at com.miui.home.launcher.Launcher$PerformLaunchAction.run(Launcher.java:5885)
07-29 20:52:09.110  4497  4497 I WindowElement3a2c82b: 	at com.miui.home.launcher.Launcher$PerformLaunchAction.launch(Launcher.java:5865)
07-29 20:52:09.110  4497  4497 I WindowElement3a2c82b: 	at com.miui.home.launcher.Launcher.openActivity(Launcher.java:5827)
07-29 20:52:09.110  4497  4497 I WindowElement3a2c82b: 	at com.miui.home.launcher.Launcher.launch(Launcher.java:5820)
07-29 20:52:09.110  4497  4497 I WindowElement3a2c82b: 	at com.miui.home.launcher.ShortcutInfo.handleClick(ShortcutInfo.java:830)
07-29 20:52:09.110  4497  4497 I WindowElement3a2c82b: 	at com.miui.home.launcher.Launcher.onClick(Launcher.java:5769)
07-29 20:52:09.110  4497  4497 I WindowElement3a2c82b: 	at android.view.View.performClick(View.java:8212)
07-29 20:52:09.110  4497  4497 I WindowElement3a2c82b: 	at android.view.View.performClickInternal(View.java:8189)
07-29 20:52:09.110  4497  4497 I WindowElement3a2c82b: 	at android.view.View.-$$Nest$mperformClickInternal(Unknown Source:0)
07-29 20:52:09.110  4497  4497 I WindowElement3a2c82b: 	at android.view.View$PerformClick.run(View.java:32713)
07-29 20:52:09.110  4497  4497 I WindowElement3a2c82b: 	at com.miui.home.launcher.ShortcutIcon.post(ShortcutIcon.java:799)
07-29 20:52:09.110  4497  4497 I WindowElement3a2c82b: 	at android.view.View.onTouchEvent(View.java:18202)
07-29 20:52:09.110  4497  4497 I WindowElement3a2c82b: 	at android.widget.TextView.onTouchEvent(TextView.java:13239)
07-29 20:52:09.110  4497  4497 I WindowElement3a2c82b: 	at com.miui.home.launcher.ShortcutIcon.onTouchEvent(ShortcutIcon.java:730)
07-29 20:52:09.110  4497  4497 I WindowElement3a2c82b: 	at android.view.View.performOnTouchCallback(View.java:16683)
07-29 20:52:09.110  4497  4497 I WindowElement3a2c82b: 	at android.view.View.dispatchTouchEvent(View.java:16636)
07-29 20:52:09.110  4497  4497 I WindowElement3a2c82b: 	at android.view.ViewGroup.dispatchTransformedTouchEvent(ViewGroup.java:3194)
07-29 20:52:09.110  4497  4497 I WindowElement3a2c82b: 	at android.view.ViewGroup.dispatchTouchEvent(ViewGroup.java:2826)
07-29 20:52:09.110  4497  4497 I WindowElement3a2c82b: 	at com.miui.home.launcher.CellLayout.dispatchTouchEvent(CellLayout.java:570)
07-29 20:52:09.110  4497  4497 I WindowElement3a2c82b: 	at android.view.ViewGroup.dispatchTransformedTouchEvent(ViewGroup.java:3158)
07-29 20:52:09.110  4497  4497 I WindowElement3a2c82b: 	at android.view.ViewGroup.dispatchTouchEvent(ViewGroup.java:2826)
07-29 20:52:09.110  4497  4497 I WindowElement3a2c82b: 	at android.view.ViewGroup.dispatchTransformedTouchEvent(ViewGroup.java:3158)
07-29 20:52:09.110  4497  4497 I WindowElement3a2c82b: 	at android.view.ViewGroup.dispatchTouchEvent(ViewGroup.java:2826)
07-29 20:52:09.110  4497  4497 I WindowElement3a2c82b: 	at com.miui.home.launcher.Workspace.dispatchTouchEvent(Workspace.java:842)
07-29 20:52:09.110  4497  4497 I WindowElement3a2c82b: 	at android.view.ViewGroup.dispatchTransformedTouchEvent(ViewGroup.java:3158)
07-29 20:52:09.110  4497  4497 I WindowElement3a2c82b: 	at android.view.ViewGroup.dispatchTouchEvent(ViewGroup.java:2826)
07-29 20:52:09.110  4497  4497 I WindowElement3a2c82b: 	at android.view.ViewGroup.dispatchTransformedTouchEvent(ViewGroup.java:3158)
07-29 20:52:09.110  4497  4497 I WindowElement3a2c82b: 	at android.view.ViewGroup.dispatchTouchEvent(ViewGroup.java:2826)
07-29 20:52:09.110  4497  4497 I WindowElement3a2c82b: 	at android.view.ViewGroup.dispatchTransformedTouchEvent(ViewGroup.java:3158)
07-29 20:52:09.110  4497  4497 I WindowElement3a2c82b: 	at android.view.ViewGroup.dispatchTouchEvent(ViewGroup.java:2826)
07-29 20:52:09.110  4497  4497 I WindowElement3a2c82b: 	at com.miui.home.launcher.SuperDraglayer.dispatchTouchEvent(SuperDraglayer.java:289)
07-29 20:52:09.110  4497  4497 I WindowElement3a2c82b: 	at android.view.ViewGroup.dispatchTransformedTouchEvent(ViewGroup.java:3158)
07-29 20:52:09.110  4497  4497 I WindowElement3a2c82b: 	at android.view.ViewGroup.dispatchTouchEvent(ViewGroup.java:2826)
07-29 20:52:09.110  4497  4497 I WindowElement3a2c82b: 	at com.miui.home.launcher.ShortcutMenuLayer.dispatchTouchEvent(ShortcutMenuLayer.java:164)
07-29 20:52:09.110  4497  4497 I WindowElement3a2c82b: 	at android.view.ViewGroup.dispatchTransformedTouchEvent(ViewGroup.java:3158)
07-29 20:52:09.110  4497  4497 I WindowElement3a2c82b: 	at android.view.ViewGroup.dispatchTouchEvent(ViewGroup.java:2826)
07-29 20:52:09.110  4497  4497 I WindowElement3a2c82b: 	at android.view.ViewGroup.dispatchTransformedTouchEvent(ViewGroup.java:3158)
07-29 20:52:09.110  4497  4497 I WindowElement3a2c82b: 	at android.view.ViewGroup.dispatchTouchEvent(ViewGroup.java:2826)
07-29 20:52:09.110  4497  4497 I WindowElement3a2c82b: 	at android.view.ViewGroup.dispatchTransformedTouchEvent(ViewGroup.java:3158)
07-29 20:52:09.110  4497  4497 I WindowElement3a2c82b: 	at android.view.ViewGroup.dispatchTouchEvent(ViewGroup.java:2826)
07-29 20:52:09.110  4497  4497 I WindowElement3a2c82b: 	at android.view.ViewGroup.dispatchTransformedTouchEvent(ViewGroup.java:3158)
07-29 20:52:09.110  4497  4497 I WindowElement3a2c82b: 	at android.view.ViewGroup.dispatchTouchEvent(ViewGroup.java:2826)
07-29 20:52:09.110  4497  4497 I WindowElement3a2c82b: 	at com.android.internal.policy.DecorView.superDispatchTouchEvent(DecorView.java:553)
07-29 20:52:09.110  4497  4497 I WindowElement3a2c82b: 	at com.android.internal.policy.PhoneWindow.superDispatchTouchEvent(PhoneWindow.java:1984)
07-29 20:52:09.110  4497  4497 I WindowElement3a2c82b: 	at android.app.Activity.dispatchTouchEvent(Activity.java:4690)
07-29 20:52:09.110  4497  4497 I WindowElement3a2c82b: 	at com.miui.home.launcher.Launcher.dispatchTouchEvent(Launcher.java:5606)
07-29 20:52:09.110  4497  4497 I WindowElement3a2c82b: 	at com.android.internal.policy.DecorView.dispatchTouchEvent(DecorView.java:511)
07-29 20:52:09.110  4497  4497 I WindowElement3a2c82b: 	at android.view.View.dispatchPointerEvent(View.java:16976)
07-29 20:52:09.110  4497  4497 I WindowElement3a2c82b: 	at com.xiaomi.mirror.MiuiMirrorImpl.isHandled(MiuiMirrorImpl.java:152)
07-29 20:52:09.110  4497  4497 I WindowElement3a2c82b: 	at android.view.ViewRootImpl$ViewPostImeInputStage.processPointerEvent(ViewRootImpl.java:8997)
07-29 20:52:09.110  4497  4497 I WindowElement3a2c82b: 	at android.view.ViewRootImpl$ViewPostImeInputStage.onProcess(ViewRootImpl.java:8739)
07-29 20:52:09.110  4497  4497 I WindowElement3a2c82b: 	at android.view.ViewRootImpl$InputStage.deliver(ViewRootImpl.java:8091)
07-29 20:52:09.110  4497  4497 I WindowElement3a2c82b: 	at android.view.ViewRootImpl$InputStage.onDeliverToNext(ViewRootImpl.java:8148)
07-29 20:52:09.110  4497  4497 I WindowElement3a2c82b: 	at android.view.ViewRootImpl$InputStage.forward(ViewRootImpl.java:8114)
07-29 20:52:09.110  4497  4497 I WindowElement3a2c82b: 	at android.view.ViewRootImpl$AsyncInputStage.forward(ViewRootImpl.java:8280)
07-29 20:52:09.110  4497  4497 I WindowElement3a2c82b: 	at android.view.ViewRootImpl$InputStage.apply(ViewRootImpl.java:8122)
07-29 20:52:09.110  4497  4497 I WindowElement3a2c82b: 	at android.view.ViewRootImpl$AsyncInputStage.apply(ViewRootImpl.java:8337)
07-29 20:52:09.110  4497  4497 I WindowElement3a2c82b: 	at android.view.ViewRootImpl$InputStage.deliver(ViewRootImpl.java:8095)
07-29 20:52:09.110  4497  4497 I WindowElement3a2c82b: 	at android.view.ViewRootImpl$InputStage.onDeliverToNext(ViewRootImpl.java:8148)
07-29 20:52:09.110  4497  4497 I WindowElement3a2c82b: 	at android.view.ViewRootImpl$InputStage.forward(ViewRootImpl.java:8114)
07-29 20:52:09.110  4497  4497 I WindowElement3a2c82b: 	at android.view.ViewRootImpl$InputStage.apply(ViewRootImpl.java:8122)
07-29 20:52:09.110  4497  4497 I WindowElement3a2c82b: 	at android.view.ViewRootImpl$InputStage.deliver(ViewRootImpl.java:8095)
07-29 20:52:09.110  4497  4497 I WindowElement3a2c82b: 	at android.view.ViewRootImpl.deliverInputEvent(ViewRootImpl.java:11408)
07-29 20:52:09.110  4497  4497 I WindowElement3a2c82b: 	at android.view.ViewRootImpl.doProcessInputEvents(ViewRootImpl.java:11359)
07-29 20:52:09.110  4497  4497 I WindowElement3a2c82b: 	at android.view.ViewRootImpl.enqueueInputEvent(ViewRootImpl.java:11320)
07-29 20:52:09.110  4497  4497 I WindowElement3a2c82b: 	at android.view.ViewRootImpl$WindowInputEventReceiver.onInputEvent(ViewRootImpl.java:11586)
07-29 20:52:09.110  4497  4497 I WindowElement3a2c82b: 	at android.view.InputEventReceiver.dispatchInputEvent(InputEventReceiver.java:337)
07-29 20:52:09.110  4497  4497 I WindowElement3a2c82b: 	at android.os.MessageQueue.nativePollOnce(Native Method)
07-29 20:52:09.110  4497  4497 I WindowElement3a2c82b: 	at android.os.MessageQueue.next(MessageQueue.java:355)
07-29 20:52:09.110  4497  4497 I WindowElement3a2c82b: 	at android.os.Looper.loopOnce(Looper.java:203)
07-29 20:52:09.110  4497  4497 I WindowElement3a2c82b: 	at android.os.Looper.loop(Looper.java:337)
07-29 20:52:09.110  4497  4497 I WindowElement3a2c82b: 	at android.app.ActivityThread.main(ActivityThread.java:9587)
07-29 20:52:09.110  4497  4497 I WindowElement3a2c82b: 	at java.lang.reflect.Method.invoke(Native Method)
07-29 20:52:09.110  4497  4497 I WindowElement3a2c82b: 	at com.android.internal.os.RuntimeInit$MethodAndArgsCaller.run(RuntimeInit.java:593)
07-29 20:52:09.110  4497  4497 I WindowElement3a2c82b: 	at com.android.internal.os.ZygoteInit.main(ZygoteInit.java:936)
07-29 20:52:09.110  4497  4497 I FastLaunchWindowElement3a2c82b: com.miui.home.recents.anim.FastLaunchWindowElement@3a2c82b fastlaunch window init mNativeWindowTransitionCompatListener=com.miui.home.recents.anim.WindowElement$init$1@18e8488, windowTransitionCompat=com.android.systemui.shared.recents.system.WindowTransitionCompat@f400e21
07-29 20:52:09.110  4497  4497 I FastLaunchWindowElement3a2c82b: java.lang.Exception
07-29 20:52:09.110  4497  4497 I FastLaunchWindowElement3a2c82b: 	at com.miui.home.recents.anim.FastLaunchWindowElement.fastLaunchInit(FastLaunchWindowElement.kt:159)
07-29 20:52:09.110  4497  4497 I FastLaunchWindowElement3a2c82b: 	at com.miui.home.recents.anim.FastLaunchWindowElement.<init>(FastLaunchWindowElement.kt:155)
07-29 20:52:09.110  4497  4497 I FastLaunchWindowElement3a2c82b: 	at com.miui.home.recents.anim.StateManager.onLauncherStartActivity(StateManager.kt:1397)
07-29 20:52:09.110  4497  4497 I FastLaunchWindowElement3a2c82b: 	at com.miui.home.recents.anim.StateManager$HomeState.launchIconView(StateManager.kt:524)
07-29 20:52:09.110  4497  4497 I FastLaunchWindowElement3a2c82b: 	at com.miui.home.recents.anim.StateManager$HomeState.onIconClick(StateManager.kt:478)
07-29 20:52:09.110  4497  4497 I FastLaunchWindowElement3a2c82b: 	at com.miui.home.recents.anim.StateManager$HomeState.handleEvent(StateManager.kt:298)
07-29 20:52:09.110  4497  4497 I FastLaunchWindowElement3a2c82b: 	at com.miui.home.recents.anim.StateManager$IdleState.handleEvent(StateManager.kt:286)
07-29 20:52:09.110  4497  4497 I FastLaunchWindowElement3a2c82b: 	at com.miui.home.recents.anim.StateManager.handleEventActually(StateManager.kt:119)
07-29 20:52:09.110  4497  4497 I FastLaunchWindowElement3a2c82b: 	at com.miui.home.recents.anim.StateManager.sendEventActually(StateManager.kt:104)
07-29 20:52:09.110  4497  4497 I FastLaunchWindowElement3a2c82b: 	at com.miui.home.recents.anim.StateManager.sendEvent(StateManager.kt:130)
07-29 20:52:09.110  4497  4497 I FastLaunchWindowElement3a2c82b: 	at com.miui.home.launcher.Launcher$PerformLaunchAction.run(Launcher.java:5885)
07-29 20:52:09.110  4497  4497 I FastLaunchWindowElement3a2c82b: 	at com.miui.home.launcher.Launcher$PerformLaunchAction.launch(Launcher.java:5865)
07-29 20:52:09.110  4497  4497 I FastLaunchWindowElement3a2c82b: 	at com.miui.home.launcher.Launcher.openActivity(Launcher.java:5827)
07-29 20:52:09.110  4497  4497 I FastLaunchWindowElement3a2c82b: 	at com.miui.home.launcher.Launcher.launch(Launcher.java:5820)
07-29 20:52:09.110  4497  4497 I FastLaunchWindowElement3a2c82b: 	at com.miui.home.launcher.ShortcutInfo.handleClick(ShortcutInfo.java:830)
07-29 20:52:09.110  4497  4497 I FastLaunchWindowElement3a2c82b: 	at com.miui.home.launcher.Launcher.onClick(Launcher.java:5769)
07-29 20:52:09.110  4497  4497 I FastLaunchWindowElement3a2c82b: 	at android.view.View.performClick(View.java:8212)
07-29 20:52:09.110  4497  4497 I FastLaunchWindowElement3a2c82b: 	at android.view.View.performClickInternal(View.java:8189)
07-29 20:52:09.110  4497  4497 I FastLaunchWindowElement3a2c82b: 	at android.view.View.-$$Nest$mperformClickInternal(Unknown Source:0)
07-29 20:52:09.110  4497  4497 I FastLaunchWindowElement3a2c82b: 	at android.view.View$PerformClick.run(View.java:32713)
07-29 20:52:09.110  4497  4497 I FastLaunchWindowElement3a2c82b: 	at com.miui.home.launcher.ShortcutIcon.post(ShortcutIcon.java:799)
07-29 20:52:09.110  4497  4497 I FastLaunchWindowElement3a2c82b: 	at android.view.View.onTouchEvent(View.java:18202)
07-29 20:52:09.110  4497  4497 I FastLaunchWindowElement3a2c82b: 	at android.widget.TextView.onTouchEvent(TextView.java:13239)
07-29 20:52:09.110  4497  4497 I FastLaunchWindowElement3a2c82b: 	at com.miui.home.launcher.ShortcutIcon.onTouchEvent(ShortcutIcon.java:730)
07-29 20:52:09.110  4497  4497 I FastLaunchWindowElement3a2c82b: 	at android.view.View.performOnTouchCallback(View.java:16683)
07-29 20:52:09.110  4497  4497 I FastLaunchWindowElement3a2c82b: 	at android.view.View.dispatchTouchEvent(View.java:16636)
07-29 20:52:09.110  4497  4497 I FastLaunchWindowElement3a2c82b: 	at android.view.ViewGroup.dispatchTransformedTouchEvent(ViewGroup.java:3194)
07-29 20:52:09.110  4497  4497 I FastLaunchWindowElement3a2c82b: 	at android.view.ViewGroup.dispatchTouchEvent(ViewGroup.java:2826)
07-29 20:52:09.110  4497  4497 I FastLaunchWindowElement3a2c82b: 	at com.miui.home.launcher.CellLayout.dispatchTouchEvent(CellLayout.java:570)
07-29 20:52:09.110  4497  4497 I FastLaunchWindowElement3a2c82b: 	at android.view.ViewGroup.dispatchTransformedTouchEvent(ViewGroup.java:3158)
07-29 20:52:09.110  4497  4497 I FastLaunchWindowElement3a2c82b: 	at android.view.ViewGroup.dispatchTouchEvent(ViewGroup.java:2826)
07-29 20:52:09.110  4497  4497 I FastLaunchWindowElement3a2c82b: 	at android.view.ViewGroup.dispatchTransformedTouchEvent(ViewGroup.java:3158)
07-29 20:52:09.110  4497  4497 I FastLaunchWindowElement3a2c82b: 	at android.view.ViewGroup.dispatchTouchEvent(ViewGroup.java:2826)
07-29 20:52:09.110  4497  4497 I FastLaunchWindowElement3a2c82b: 	at com.miui.home.launcher.Workspace.dispatchTouchEvent(Workspace.java:842)
07-29 20:52:09.110  4497  4497 I FastLaunchWindowElement3a2c82b: 	at android.view.ViewGroup.dispatchTransformedTouchEvent(ViewGroup.java:3158)
07-29 20:52:09.110  4497  4497 I FastLaunchWindowElement3a2c82b: 	at android.view.ViewGroup.dispatchTouchEvent(ViewGroup.java:2826)
07-29 20:52:09.110  4497  4497 I FastLaunchWindowElement3a2c82b: 	at android.view.ViewGroup.dispatchTransformedTouchEvent(ViewGroup.java:3158)
07-29 20:52:09.110  4497  4497 I FastLaunchWindowElement3a2c82b: 	at android.view.ViewGroup.dispatchTouchEvent(ViewGroup.java:2826)
07-29 20:52:09.110  4497  4497 I FastLaunchWindowElement3a2c82b: 	at android.view.ViewGroup.dispatchTransformedTouchEvent(ViewGroup.java:3158)
07-29 20:52:09.110  4497  4497 I FastLaunchWindowElement3a2c82b: 	at android.view.ViewGroup.dispatchTouchEvent(ViewGroup.java:2826)
07-29 20:52:09.110  4497  4497 I FastLaunchWindowElement3a2c82b: 	at com.miui.home.launcher.SuperDraglayer.dispatchTouchEvent(SuperDraglayer.java:289)
07-29 20:52:09.110  4497  4497 I FastLaunchWindowElement3a2c82b: 	at android.view.ViewGroup.dispatchTransformedTouchEvent(ViewGroup.java:3158)
07-29 20:52:09.110  4497  4497 I FastLaunchWindowElement3a2c82b: 	at android.view.ViewGroup.dispatchTouchEvent(ViewGroup.java:2826)
07-29 20:52:09.110  4497  4497 I FastLaunchWindowElement3a2c82b: 	at com.miui.home.launcher.ShortcutMenuLayer.dispatchTouchEvent(ShortcutMenuLayer.java:164)
07-29 20:52:09.110  4497  4497 I FastLaunchWindowElement3a2c82b: 	at android.view.ViewGroup.dispatchTransformedTouchEvent(ViewGroup.java:3158)
07-29 20:52:09.110  4497  4497 I FastLaunchWindowElement3a2c82b: 	at android.view.ViewGroup.dispatchTouchEvent(ViewGroup.java:2826)
07-29 20:52:09.110  4497  4497 I FastLaunchWindowElement3a2c82b: 	at android.view.ViewGroup.dispatchTransformedTouchEvent(ViewGroup.java:3158)
07-29 20:52:09.110  4497  4497 I FastLaunchWindowElement3a2c82b: 	at android.view.ViewGroup.dispatchTouchEvent(ViewGroup.java:2826)
07-29 20:52:09.110  4497  4497 I FastLaunchWindowElement3a2c82b: 	at android.view.ViewGroup.dispatchTransformedTouchEvent(ViewGroup.java:3158)
07-29 20:52:09.110  4497  4497 I FastLaunchWindowElement3a2c82b: 	at android.view.ViewGroup.dispatchTouchEvent(ViewGroup.java:2826)
07-29 20:52:09.110  4497  4497 I FastLaunchWindowElement3a2c82b: 	at android.view.ViewGroup.dispatchTransformedTouchEvent(ViewGroup.java:3158)
07-29 20:52:09.110  4497  4497 I FastLaunchWindowElement3a2c82b: 	at android.view.ViewGroup.dispatchTouchEvent(ViewGroup.java:2826)
07-29 20:52:09.110  4497  4497 I FastLaunchWindowElement3a2c82b: 	at com.android.internal.policy.DecorView.superDispatchTouchEvent(DecorView.java:553)
07-29 20:52:09.110  4497  4497 I FastLaunchWindowElement3a2c82b: 	at com.android.internal.policy.PhoneWindow.superDispatchTouchEvent(PhoneWindow.java:1984)
07-29 20:52:09.110  4497  4497 I FastLaunchWindowElement3a2c82b: 	at android.app.Activity.dispatchTouchEvent(Activity.java:4690)
07-29 20:52:09.110  4497  4497 I FastLaunchWindowElement3a2c82b: 	at com.miui.home.launcher.Launcher.dispatchTouchEvent(Launcher.java:5606)
07-29 20:52:09.110  4497  4497 I FastLaunchWindowElement3a2c82b: 	at com.android.internal.policy.DecorView.dispatchTouchEvent(DecorView.java:511)
07-29 20:52:09.110  4497  4497 I FastLaunchWindowElement3a2c82b: 	at android.view.View.dispatchPointerEvent(View.java:16976)
07-29 20:52:09.110  4497  4497 I FastLaunchWindowElement3a2c82b: 	at com.xiaomi.mirror.MiuiMirrorImpl.isHandled(MiuiMirrorImpl.java:152)
07-29 20:52:09.110  4497  4497 I FastLaunchWindowElement3a2c82b: 	at android.view.ViewRootImpl$ViewPostImeInputStage.processPointerEvent(ViewRootImpl.java:8997)
07-29 20:52:09.110  4497  4497 I FastLaunchWindowElement3a2c82b: 	at android.view.ViewRootImpl$ViewPostImeInputStage.onProcess(ViewRootImpl.java:8739)
07-29 20:52:09.110  4497  4497 I FastLaunchWindowElement3a2c82b: 	at android.view.ViewRootImpl$InputStage.deliver(ViewRootImpl.java:8091)
07-29 20:52:09.110  4497  4497 I FastLaunchWindowElement3a2c82b: 	at android.view.ViewRootImpl$InputStage.onDeliverToNext(ViewRootImpl.java:8148)
07-29 20:52:09.110  4497  4497 I FastLaunchWindowElement3a2c82b: 	at android.view.ViewRootImpl$InputStage.forward(ViewRootImpl.java:8114)
07-29 20:52:09.110  4497  4497 I FastLaunchWindowElement3a2c82b: 	at android.view.ViewRootImpl$AsyncInputStage.forward(ViewRootImpl.java:8280)
07-29 20:52:09.110  4497  4497 I FastLaunchWindowElement3a2c82b: 	at android.view.ViewRootImpl$InputStage.apply(ViewRootImpl.java:8122)
07-29 20:52:09.110  4497  4497 I FastLaunchWindowElement3a2c82b: 	at android.view.ViewRootImpl$AsyncInputStage.apply(ViewRootImpl.java:8337)
07-29 20:52:09.110  4497  4497 I FastLaunchWindowElement3a2c82b: 	at android.view.ViewRootImpl$InputStage.deliver(ViewRootImpl.java:8095)
07-29 20:52:09.110  4497  4497 I FastLaunchWindowElement3a2c82b: 	at android.view.ViewRootImpl$InputStage.onDeliverToNext(ViewRootImpl.java:8148)
07-29 20:52:09.110  4497  4497 I FastLaunchWindowElement3a2c82b: 	at android.view.ViewRootImpl$InputStage.forward(ViewRootImpl.java:8114)
07-29 20:52:09.110  4497  4497 I FastLaunchWindowElement3a2c82b: 	at android.view.ViewRootImpl$InputStage.apply(ViewRootImpl.java:8122)
07-29 20:52:09.110  4497  4497 I FastLaunchWindowElement3a2c82b: 	at android.view.ViewRootImpl$InputStage.deliver(ViewRootImpl.java:8095)
07-29 20:52:09.110  4497  4497 I FastLaunchWindowElement3a2c82b: 	at android.view.ViewRootImpl.deliverInputEvent(ViewRootImpl.java:11408)
07-29 20:52:09.110  4497  4497 I FastLaunchWindowElement3a2c82b: 	at android.view.ViewRootImpl.doProcessInputEvents(ViewRootImpl.java:11359)
07-29 20:52:09.110  4497  4497 I FastLaunchWindowElement3a2c82b: 	at android.view.ViewRootImpl.enqueueInputEvent(ViewRootImpl.java:11320)
07-29 20:52:09.110  4497  4497 I FastLaunchWindowElement3a2c82b: 	at android.view.ViewRootImpl$WindowInputEventReceiver.onInputEvent(ViewRootImpl.java:11586)
07-29 20:52:09.110  4497  4497 I FastLaunchWindowElement3a2c82b: 	at android.view.InputEventReceiver.dispatchInputEvent(InputEventReceiver.java:337)
07-29 20:52:09.110  4497  4497 I FastLaunchWindowElement3a2c82b: 	at android.os.MessageQueue.nativePollOnce(Native Method)
07-29 20:52:09.110  4497  4497 I FastLaunchWindowElement3a2c82b: 	at android.os.MessageQueue.next(MessageQueue.java:355)
07-29 20:52:09.110  4497  4497 I FastLaunchWindowElement3a2c82b: 	at android.os.Looper.loopOnce(Looper.java:203)
07-29 20:52:09.110  4497  4497 I FastLaunchWindowElement3a2c82b: 	at android.os.Looper.loop(Looper.java:337)
07-29 20:52:09.110  4497  4497 I FastLaunchWindowElement3a2c82b: 	at android.app.ActivityThread.main(ActivityThread.java:9587)
07-29 20:52:09.110  4497  4497 I FastLaunchWindowElement3a2c82b: 	at java.lang.reflect.Method.invoke(Native Method)
07-29 20:52:09.110  4497  4497 I FastLaunchWindowElement3a2c82b: 	at com.android.internal.os.RuntimeInit$MethodAndArgsCaller.run(RuntimeInit.java:593)
07-29 20:52:09.110  4497  4497 I FastLaunchWindowElement3a2c82b: 	at com.android.internal.os.ZygoteInit.main(ZygoteInit.java:936)
07-29 20:52:09.110  4497  4497 I AnimStateManager: onLauncherStartActivity create windowElement=com.miui.home.recents.anim.FastLaunchWindowElement@3a2c82b
07-29 20:52:09.110  4497  4497 I FastLaunchWindowElement3a2c82b: requestRemoteTransition package=com.getsurfboard
07-29 20:52:09.110  4497  4497 I OpenUseQuickStep: setOpen
07-29 20:52:09.110  4497  4497 I OpenUseQuickStep: packageName= com.getsurfboard
07-29 20:52:09.110  4497  4497 E Launcher.application: setClickAppWaitForCallback = true
07-29 20:52:09.111  4497  4497 I AnimStateManager: HomeState handle event 9000
07-29 20:52:09.111  4497  4497 I AnimStateManager: CommonState handle event 9000
07-29 20:52:09.111  4497  4497 I TransitionCallback: mainAnimNoFinishClear ALLOW_SHELL_FINISH_CALLBACK=true, mMainAnimFinishCallback=true, mWaitFinishCallback: false
07-29 20:52:09.111  4497  4497 E Launcher: superStartActivity   type=13
07-29 20:52:09.116  2463  5531 W OptProp : Cannot read opt property android.window.PROPERTY_COMPAT_ALLOW_ORIENTATION_OVERRIDE
07-29 20:52:09.118  3002  4306 I libsensor-boledalgo: ##### the value of lux: 52.599422, cct: 4277.000000
07-29 20:52:09.118  3002  4306 I libsensor-qshcalapi: value of set_lux: 52.599422, set r: 4277.000000
07-29 20:52:09.119  2463  5531 E ActivityTaskManager: Unable to get servicetracker HAL instance
07-29 20:52:09.119  2463  5531 E ActivityTaskManager: Unable to get servicetracker HAL instance
07-29 20:52:09.119  2463  5531 E WindowManager: setClientVisible ActivityRecord{da55e1e u0 com.getsurfboard/.ui.activity.MainActivity true
07-29 20:52:09.119  2463  5531 W OptProp : Cannot read opt property android.window.PROPERTY_COMPAT_ALLOW_RESIZEABLE_ACTIVITY_OVERRIDES
07-29 20:52:09.119  2463  5531 W OptProp : Cannot read opt property android.window.PROPERTY_COMPAT_ALLOW_MIN_ASPECT_RATIO_OVERRIDE
07-29 20:52:09.120  2463  5531 I AnimInterruptController: FIS notify Foresee interrupt start:191
07-29 20:52:09.120  2463  5531 I ActivityTaskManager: isKeyguardEditor: false, newTransition: TransitionRecord{249bccc id=192 type=OPEN flags=0x0}
07-29 20:52:09.120  2463  5531 I SmartPower: com.getsurfboard/10279(13666): background->invisible(12086319ms) R(become foreground) adj=200.
07-29 20:52:09.120  2463  5531 I ActivityStarterImpl: avoidMoveToFront r.packageName = com.getsurfboard r.launchedFromPackage = com.miui.home isToBackByHome = false sourceTask = Task{a0f1d04 #1 type=home} task = null isSourceTaskToBackByHome = false r = ActivityRecord{da55e1e u0 com.getsurfboard/.ui.activity.MainActivity t-1} sourceRecord = ActivityRecord{43121b5 u0 com.miui.home/.launcher.Launcher t2}
07-29 20:52:09.120  2463  5531 I ActivityStarterImpl: reset toBackByHomeState Task{a0f1d04 #1 type=home}
07-29 20:52:09.125  2463  5531 W MiuiFreeFormManagerService: isFrontFreeFormStackInfo: taskId=177 is not in freeform
07-29 20:52:09.125  2463  5531 I ActivityTaskManager: home top resume state lost
07-29 20:52:09.126  2463  5531 I WindowManager: Try to add startingWindow type = STARTING_WINDOW_TYPE_SNAPSHOT this = ActivityRecord{f1741f7 u0 com.getsurfboard/.ui.activity.MainActivity t177} preAllowTaskSnapshot = true afterAllowTaskSnapshot = true newTask = false taskSwitch = true processRunning = true activityCreated = true activityAllDrawn = false isSnapshotCompatible = true resolvedTheme = 2131952310 theme = 2131952310
07-29 20:52:09.128  2463  5531 E ActivityTaskManager: Unable to get servicetracker HAL instance
07-29 20:52:09.128  2463  5531 I ActivityRecordImpl: pauseImmediately
07-29 20:52:09.128  2463  5531 E ActivityTaskManager: Unable to get servicetracker HAL instance
07-29 20:52:09.129  1839  1966 E ANDR-PERF-UTIL: ANDR-PERF-UTIL: save_node_val() 366: Failed to read /sys/class/mmc_host/mmc0/clk_scaling/enable
07-29 20:52:09.129  1839  1966 E ANDR-PERF-OPTSHANDLER: ANDR-PERF-OPTSHANDLER: modify_sysfsnode() 1266: Failed to read /sys/class/mmc_host/mmc0/clk_scaling/enable
07-29 20:52:09.129  1839  1966 E ANDR-PERF-RESOURCEQS: ANDR-PERF-RESOURCEQS: AddAndApply() 167: Failed to apply optimization [11, 4]
07-29 20:52:09.130  2463  5531 E WindowManager: setClientVisible ActivityRecord{f1741f7 u0 com.getsurfboard/.ui.activity.MainActivity t177} true
07-29 20:52:09.130  2463  5531 E ActivityTaskManager: Unable to get servicetracker HAL instance
07-29 20:52:09.131  2463  5531 I MultiSenceManagerInternalStub: getInstance
07-29 20:52:09.131  2463  5531 I ActivityTaskManager: ActivityRecord{f1741f7 u0 com.getsurfboard/.ui.activity.MainActivity t177} launched from package com.miui.home, so schedule top resumed activity immediately.
07-29 20:52:09.133  4497  5376 I HyperRemoteTransition1a83cd2: hasCancel mCancel=false
07-29 20:52:09.133  4497  5376 I FastLaunchWindowElement3a2c82b: startActivityFinished info=ActivityStartInfo{mPackageName='com.getsurfboard', mIsTranslucent=false, mTransitionSyncId=192, mStartingWindowColor=fff8f8f8, mBounds=Rect(0, 0 - 1200, 2670), mLaunchFromHome=true, mLaunchSuccess=true, mStartingWindowType=1, mTaskId=177, mWindowRotation=0},finishCallback=android.window.IHyperRemoteTransitionFinishedCallback$Stub$Proxy@22b6059 , isOpen=true, package=com.getsurfboard, isCanceled=false, nativeCanceled=false, isSurfaceCanceled=false
07-29 20:52:09.133  4497  5376 I OpenUseQuickStep: packageName= com.getsurfboard
07-29 20:52:09.133  4497  5376 I RecentsImpl: changeBackVisible, open=true, changeAppResume=true
07-29 20:52:09.133  4979  4979 I ControlCenterExpandController: hide panel true true
07-29 20:52:09.133  4497  5376 I FastLaunchWindowElement3a2c82b: TransitionTest startFastLaunch package=com.getsurfboard
07-29 20:52:09.133  4497  5295 W GestureStubView_Left: adaptRotation   currentRotation=0   mRotation=0
07-29 20:52:09.133  4497  5376 I OpenUseQuickStep: getUseTranslucentState appTanslucent=false translucentAnim=false
07-29 20:52:09.133  4497  5376 I WindowAnimParamsProvider: getQuickOpeningWindowsAnimParams iconLoc: com.miui.home.launcher.ShortcutIcon{8498334 VFED..CL. ...p..ID 36,0-318,282}(Surfboard) Rect(93, 268 - 270, 445)
07-29 20:52:09.133  4497  5295 W GestureStubView_Right: adaptRotation   currentRotation=0   mRotation=0
07-29 20:52:09.133  4905  5122 I DynamicDDSService: handleMessage(ACTIVITY_INVOKE{appInfo=com.getsurfboard isFullScreen=}true)
07-29 20:52:09.134  2463  5531 I MiuiEmbeddingWindow: Not in multi window mode, deferTransitionReady should be skipped. state = 0  transition = TransitionRecord{249bccc id=192 type=OPEN flags=0x0}
07-29 20:52:09.134  4497  5376 I ClipAnimationHelper: updateSourceStackBounds  sourceBounds=Rect(0, 0 - 1200, 2670)
07-29 20:52:09.134  4497  5376 I WindowAnimParamsProvider: startOpeningWindowAnimators, currentDisplayRotation=0, homeRotation=0, startRectF=RectF(93.0, 268.0, 270.0, 445.0), iconLoc=Rect(93, 268 - 270, 445), endRectF=RectF(0.0, 0.0, 1200.0, 2670.0), windowTargetBounds=Rect(0, 0 - 1200, 2670), startRadius = 42.0, endRadius = 134.0, launchPosition = 1, useTranslucentState = false, appTranslucent=false, isInMultiWindowMode=false
07-29 20:52:09.134  2463  5531 I ActivityTaskManager: START u0 {act=android.intent.action.MAIN cat=[android.intent.category.LAUNCHER] flg=0x10200000 cmp=com.getsurfboard/.ui.activity.MainActivity bnds=[52,23][229,200] (has extras)} with LAUNCH_SINGLE_TOP from uid 10138 from pid 4497 callingPackage com.miui.home (BAL_ALLOW_VISIBLE_WINDOW) result code=2
07-29 20:52:09.134  4979  5212 I MultiTaskingTaskRepository: needSkip: is home task
07-29 20:52:09.134  4979  5212 I MiuiBubbleController: removeBubble: 177 reason=2
07-29 20:52:09.134  2463  2517 I ActivityTaskManager: skip visible change
07-29 20:52:09.135  4979  5212 I MultiTaskingTaskInfo: before call clearMaskControl task id = 177, CoverLayerController = null, callers=com.android.wm.shell.multitasking.taskmanager.MultiTaskingTaskListener.onTaskInfoChanged:268 com.android.wm.shell.ShellTaskOrganizer.onTaskInfoChanged:145 android.window.TaskOrganizer$1.lambda$onTaskInfoChanged$6:315 android.window.TaskOrganizer$1.$r8$lambda$ymyF3xZeY830CRyp4eBo81WJpe0:0 android.window.TaskOrganizer$1$$ExternalSyntheticLambda6.run:0 
07-29 20:52:09.135  4979  5212 I MultiTaskingTaskRepository: onTaskInfoChanged multi list = [], full = [188, 177]
07-29 20:52:09.135  4497  4497 I AnimStateManager: go to state com.miui.home.recents.anim.StateManager$AppState@c2e856a
07-29 20:52:09.135  4497  4497 I AnimStateManager: CommonState handle event 1001
07-29 20:52:09.135  4497  4497 I HyperRemoteTransition1a83cd2: hasCancel mCancel=false
07-29 20:52:09.135  4497  4497 I AnimStateManager: onAnimParamsReadyAtFrontOfQueue
07-29 20:52:09.135  4979  5212 I SoScStageCoordinator: Transition requested:TransitionRequestInfo { type = OPEN, triggerTask = TaskInfo{userId=0 taskId=177 displayId=0 isRunning=true baseIntent=Intent { act=android.intent.action.MAIN cat=[android.intent.category.LAUNCHER] flg=0x10200000 cmp=com.getsurfboard/.ui.activity.MainActivity } baseActivity=ComponentInfo{com.getsurfboard/com.getsurfboard.ui.activity.MainActivity} topActivity=ComponentInfo{com.getsurfboard/com.getsurfboard.ui.activity.MainActivity} origActivity=null realActivity=ComponentInfo{com.getsurfboard/com.getsurfboard.ui.activity.MainActivity} numActivities=1 lastActiveTime=19367450 supportsSplitScreenMultiWindow=true supportsMultiWindow=true resizeMode=1 isResizeable=true minWidth=-1 minHeight=-1 defaultMinSize=200 token=WCT{android.window.IWindowContainerToken$Stub$Proxy@580e4d8} topActivityType=1 pictureInPictureParams=null shouldDockBigOverlays=false launchIntoPipHostTaskId=-1 lastParentTaskIdBeforePip=-1 displayCutoutSafeInsets=null topActivityInfo=ActivityInfo{4ab7031 com.getsurfboard.ui.activity.MainActivity} launchCookies=[] positionInParent=Point(0, 0) parentTaskId=-1 isFocused=true isVisible=false isVisibleRequested=true isSleeping=false locusId=null displayAreaFeatureId=1 isTopActivityTransparent=false appCompatTaskInfo=AppCompatTaskInfo { topActivityInSizeCompat=false topActivityInMiuiSizeCompat=false topActivityEligibleForLetterboxEducation= falseisLetterboxEducationEnabled= false isLetterboxDoubleTapEnabled= false topActivityEligibleForUserAspectRatioButton= false topActivityBoundsLetterboxed= false isFromLetterboxDoubleTap= false topActivityLetterboxVerticalPosition= -1 topActivityLetterboxHorizontalPosition= -1 topActivityLetterboxWidth=1200 topActivityLetterboxHeight=2670 isUserFullscreenOverrideEnabled=false isSystemFullscreenOverrideEnabled=false cameraCompatTaskInfo=CameraCompatTaskInfo { cameraCompatControlState=hidden freeformCameraCompatMode=inactive}} isImmersive=false mTopActivityRequestOrientation=-2 mBehindAppLockPkg=null mOriginatingUid=0 isEmbedded=true shouldBeVisible=true isCreatedByOrganizer=false mIsCastMode=false mTopActivityMediaSize=null mTopActivityRecordName=ActivityRecord{f1741f7 u0 com.getsurfboard/.ui.activity.MainActivity t177} mTopActivityOrientation=-1}, pipTask = null, remoteTransition = RemoteTransition { remoteTransition = android.window.IRemoteTransition$Stub$Proxy@13e316, appThread = null, debugName = null, hyperRemoteTransition = android.window.IHyperRemoteTransition$Stub$Proxy@ac9497 }, displayChange = null, flags = 0, debugId = 192 } isSoScActive:false triggerTask:TaskInfo{userId=0 taskId=177 displayId=0 isRunning=true baseIntent=Intent { act=android.intent.action.MAIN cat=[android.intent.category.LAUNCHER] flg=0x10200000 cmp=com.getsurfboard/.ui.activity.MainActivity } baseActivity=ComponentInfo{com.getsurfboard/com.getsurfboard.ui.activity.MainActivity} topActivity=ComponentInfo{com.getsurfboard/com.getsurfboard.ui.activity.MainActivity} origActivity=null realActivity=ComponentInfo{com.getsurfboard/com.getsurfboard.ui.activity.MainActivity} numActivities=1 lastActiveTime=19367450 supportsSplitScreenMultiWindow=true supportsMultiWindow=true resizeMode=1 isResizeable=true minWidth=-1 minHeight=-1 defaultMinSize=200 token=WCT{android.window.IWindowContainerToken$Stub$Proxy@580e4d8} topActivityType=1 pictureInPictureParams=null shouldDockBigOverlays=false launchIntoPipHostTaskId=-1 lastParentTaskIdBeforePip=-1 displayCutoutSafeInsets=null topActivityInfo=ActivityInfo{4ab7031 com.getsurfboard.ui.activity.MainActivity} launchCookies=[] positionInParent=Point(0, 0) parentTaskId=-1 isFocused=true isVisible=false isVisibleRequested=true isSleeping=false locusId=null displayAreaFeatureId=1 isTopActivityTransparent=false appCompatTaskInfo=AppCompatTaskInfo { topActivityInSizeCompat=false topActivityInMiuiSizeCompat=false topActivityEligibleForLetterboxEducation= falseisLetterboxEducationEnabled= false isLetterboxDoubleTapEnabled= false topActivityEligibleForUserAspectRatioButton= false topActivityBoundsLetterboxed= fal
07-29 20:52:09.136  2463  5534 I WindowManager: Add startingWindow, surfaceControl = Surface(name=430d964 SnapshotStartingWindow for taskId=177#2353)/@0x26137cd layerId = 2353
07-29 20:52:09.136  4497  4497 I RectFSpringAnim_97668261: setStartRect = RectF(93.0, 268.0, 270.0, 445.0)
07-29 20:52:09.136  4497  4497 I RectFSpringAnim_97668261: resetAnimValue KEY_SURFACE_EXT_ALPHA mTargetRect = RectF(0.0, 0.0, 1200.0, 2670.0) endAlpha=1.0
07-29 20:52:09.136  4497  4497 I RectFSpringAnim_97668261: changeAnimStart start=false
07-29 20:52:09.136  4497  4497 I RectFSpringAnim_97668261: setAnimParamByType = OPEN_FROM_HOME , magicSpeed = 1.0
07-29 20:52:09.136  4497  4497 E MultiSpringDynamicAnimationa83187a: ERROR Not Found Bundle SurfaceExtAlpha
07-29 20:52:09.136  4497  4497 I RectFSpringAnim_97668261: startInMainThread
07-29 20:52:09.136  4497  4497 E MultiSpringDynamicAnimationa83187a: ERROR Not Found Bundle SurfaceExtAlpha
07-29 20:52:09.136  4497  4497 E MultiSpringDynamicAnimationa83187a: ERROR Not Found Bundle SurfaceExtAlpha
07-29 20:52:09.136  4497  4497 I RectFSpringAnim_97668261: changeAnimStart start=true
07-29 20:52:09.136  4497  4497 I ScenarioRecognitionUtil: setScenarioState, type:296, isStart: false, packageName: com.getsurfboard
07-29 20:52:09.136  4497  4497 I LaunchAppAndBackHomeAnimTarget: onLaunchAppAnimStart set target invisible! 
07-29 20:52:09.136  4497  4497 I AnimStateManager: go to state com.miui.home.recents.anim.StateManager$AppState@c2e856a
07-29 20:52:09.136  4497  4497 E Launcher.application: setClickAppWaitForCallback = false
07-29 20:52:09.138  2463  2517 I AnimInterruptController: FIS reset Foresee interrupt status
07-29 20:52:09.138  2463  2517 I SmartPower: com.getsurfboard/10279(13666): invisible->visible(18ms) R(become visible) adj=200.
07-29 20:52:09.138  2463  2517 E WindowManager: setClientVisible ActivityRecord{f1741f7 u0 com.getsurfboard/.ui.activity.MainActivity t177} true
07-29 20:52:09.138  2463  2517 I Transition: forceAddToTransition Task{e740693 #177 type=standard A=10279:com.getsurfboard}
07-29 20:52:09.138  2463  2517 I Transition: forceAddToTransition ActivityRecord{43121b5 u0 com.miui.home/.launcher.Launcher t2}
07-29 20:52:09.138  2463  2517 I Transition: forceAddToTransition Task{c752869 #2 type=home I=com.miui.home/.launcher.Launcher}
07-29 20:52:09.138  2463  2517 I Transition: forceAddToTransition Task{e740693 #177 type=standard A=10279:com.getsurfboard}
07-29 20:52:09.138  2463  2517 I Transition: forceAddToTransition Task{a0f1d04 #1 type=home}
07-29 20:52:09.139  4497  4497 W ActivityThread: Activity top position already set to onTop=true
07-29 20:52:09.139  2463 10061 I NotificationService: cancelToast pkg=com.miui.home token=android.os.BinderProxy@de02784
07-29 20:52:09.139  2463 10061 W NotificationService: Toast already cancelled. pkg=com.miui.home token=android.os.BinderProxy@de02784
07-29 20:52:09.139  2463  2517 I Transition: set flag to skip the keyguard Animation
07-29 20:52:09.140  7989  7989 I LauncherOverlayCallback: handleMessage WHAT_ACTIVITY_STATE_CHANGED what1
07-29 20:52:09.140  7989  7989 I LauncherOverlayCallback: handleMessage WHAT_LAUNCHER_STATE what1
07-29 20:52:09.140  7989  7989 I AssistantOverlayWindow: lockToHideOverlay
07-29 20:52:09.140  2105  2105 I BpBinder: onLastStrongRef automatically unlinking death recipients: 
07-29 20:52:09.140  2463  4473 I BarFollowAnimation:  getHomeVersion  defaultLauncher = com.miui.home value = 1
07-29 20:52:09.140  2463  4473 I BarFollowAnimation: Execute startStatusBarAnimation for info = {id=192 t=OPEN f=0x4000000 trk=0 r=[0@Point(0, 0)] c=[{WCT{RemoteToken{f365a6e TaskFragment{248005e mode=fullscreen}}} m=TO_FRONT f=IN_TASK_WITH_EMBEDDED_ACTIVITY|FILLS_TASK|IS_BEHIND_STARTING_WINDOW p=WCT{RemoteToken{d96d74e Task{e740693 #177 type=standard A=10279:com.getsurfboard}}} leash=Surface(name=TaskFragment{248005e mode=fullscreen}#948)/@0xf78fc3f sb=Rect(0, 0 - 1200, 2670) eb=Rect(0, 0 - 1200, 2670) d=0 bc=fffbf8ff v=true},{WCT{RemoteToken{d96d74e Task{e740693 #177 type=standard A=10279:com.getsurfboard}}} m=TO_FRONT f=MOVE_TO_TOP leash=Surface(name=Task=177#170)/@0xc822f82 sb=Rect(0, 0 - 1200, 2670) eb=Rect(0, 0 - 1200, 2670) d=0 taskParent=-1 v=true},{WCT{RemoteToken{124f463 Task{a0f1d04 #1 type=home}}} m=TO_BACK f=SHOW_WALLPAPER leash=Surface(name=Task=1#45)/@0x3f4c517 sb=Rect(0, 0 - 1200, 2670) eb=Rect(0, 0 - 1200, 2670) d=0 taskParent=-1 v=false}] mk=[false] noAni=[false] df=[false] oa=[false] sa=[false] ho=[false] iSync=[-1]} mStatusState = -1 mIsFromApp = false isRecent = false
07-29 20:52:09.141  4979  5212 I MultiTaskingTaskRepository: needSkip: is home task
07-29 20:52:09.141  4979  5212 W MultiTaskingTaskRepository: onToBackTransitionReady putOrUpdateTaskInfo skip
07-29 20:52:09.142  2463  2517 I WindowManager: Window{68f629c u0 LauncherOverlayWindow:com.android.quicksearchbox} playingTransition keep home visible
07-29 20:52:09.142  4979  5212 I ShellTransitions: Is abandon offsetY: false
07-29 20:52:09.142  4979  5212 I ShellTransitions: Is abandon offsetY: false
07-29 20:52:09.142  2463  2517 I WindowManager: Window{8f79506 u0 LauncherOverlayWindow:com.miui.personalassistant} playingTransition keep home visible
07-29 20:52:09.142  2463  2517 I WindowManager: Window{fd7851 u0 com.miui.home/com.miui.home.launcher.Launcher} playingTransition keep home visible
07-29 20:52:09.142  4979  5212 E KeyguardTransitionHandlerImpl: activityCount = 0
07-29 20:52:09.143  2463  5534 I WindowManager: Window{68f629c u0 LauncherOverlayWindow:com.android.quicksearchbox} playingTransition keep home visible
07-29 20:52:09.143  2463  5534 I WindowManager: Window{8f79506 u0 LauncherOverlayWindow:com.miui.personalassistant} playingTransition keep home visible
07-29 20:52:09.143  2463  5534 I WindowManager: Window{fd7851 u0 com.miui.home/com.miui.home.launcher.Launcher} playingTransition keep home visible
