07-29 20:52:08.051  3002  4306 I libsensor-boledalgo: ##### the value of lux: 176.339233, cct: 4099.000000
07-29 20:52:08.051  3002  4306 I libsensor-qshcalapi: value of set_lux: 176.339233, set r: 4099.000000
07-29 20:52:08.072 14261 15046 W ziparchive: Unable to open '/system/framework/QXPerformance.dm': No such file or directory
07-29 20:52:08.073 14261 15046 W ziparchive: Unable to open '/system/framework/QXPerformance.dm': No such file or directory
07-29 20:52:08.074  2463  5534 I AppsFilter: interaction: PackageSetting{b9cfee8 io.github.ylimit.droidbotapp/10355} -> PackageSetting{ef90833 com.miui.screenrecorder/10273} BLOCKED
07-29 20:52:08.074  2463  5534 I AppsFilter: interaction: PackageSetting{b9cfee8 io.github.ylimit.droidbotapp/10355} -> PackageSetting{afa37f0 com.android.cts.priv.ctsshim/10252} BLOCKED
07-29 20:52:08.074  2463  5534 I AppsFilter: interaction: PackageSetting{b9cfee8 io.github.ylimit.droidbotapp/10355} -> PackageSetting{d352169 com.quark.browser/10328} BLOCKED
07-29 20:52:08.074  2463  5534 I AppsFilter: interaction: PackageSetting{b9cfee8 io.github.ylimit.droidbotapp/10355} -> PackageSetting{367ee com.android.uwb.resources/10242} BLOCKED
07-29 20:52:08.074  2463  5534 I AppsFilter: interaction: PackageSetting{b9cfee8 io.github.ylimit.droidbotapp/10355} -> PackageSetting{9adfe9 com.android.internal.display.cutout.emulation.corner/10008} BLOCKED
07-29 20:52:08.074  2463  5534 I AppsFilter: interaction: PackageSetting{b9cfee8 io.github.ylimit.droidbotapp/10355} -> PackageSetting{960846e com.android.internal.display.cutout.emulation.double/10013} BLOCKED
07-29 20:52:08.074  2463  5534 I AppsFilter: interaction: PackageSetting{b9cfee8 io.github.ylimit.droidbotapp/10355} -> PackageSetting{86e873d io.appium.settings/10274} BLOCKED
07-29 20:52:08.074  2463  5534 I AppsFilter: interaction: PackageSetting{b9cfee8 io.github.ylimit.droidbotapp/10355} -> PackageSetting{262e31c com.unionpay.tsmservice.mi/10185} BLOCKED
07-29 20:52:08.074  2463  5534 I AppsFilter: interaction: PackageSetting{b9cfee8 io.github.ylimit.droidbotapp/10355} -> PackageSetting{8f56b25 com.android.healthconnect.controller/10245} BLOCKED
07-29 20:52:08.074  2463  5534 I AppsFilter: interaction: PackageSetting{b9cfee8 io.github.ylimit.droidbotapp/10355} -> PackageSetting{ac214fa com.wuba.zhuanzhuan/10260} BLOCKED
07-29 20:52:08.074  2463  5534 I AppsFilter: interaction: PackageSetting{b9cfee8 io.github.ylimit.droidbotapp/10355} -> PackageSetting{a634aab com.alibaba.aliexpresshd/10303} BLOCKED
07-29 20:52:08.074  2463  5534 I AppsFilter: interaction: PackageSetting{b9cfee8 io.github.ylimit.droidbotapp/10355} -> PackageSetting{8491508 com.google.android.onetimeinitializer/10123} BLOCKED
07-29 20:52:08.074  2463  5534 I AppsFilter: interaction: PackageSetting{b9cfee8 io.github.ylimit.droidbotapp/10355} -> PackageSetting{7b694a1 com.android.health.connect.backuprestore/10246} BLOCKED
07-29 20:52:08.074  2463  5534 I AppsFilter: interaction: PackageSetting{b9cfee8 io.github.ylimit.droidbotapp/10355} -> PackageSetting{f8c86c6 com.google.android.ext.shared/10150} BLOCKED
07-29 20:52:08.074  2463  5534 I AppsFilter: interaction: PackageSetting{b9cfee8 io.github.ylimit.droidbotapp/10355} -> PackageSetting{309e687 com.android.virtualmachine.res/10237} BLOCKED
07-29 20:52:08.074  2463  5534 I AppsFilter: interaction: PackageSetting{b9cfee8 io.github.ylimit.droidbotapp/10355} -> PackageSetting{66fd907 com.android.providers.telephony.auto_generated_characteristics_rro/10072} BLOCKED
07-29 20:52:08.074  2463  5534 I AppsFilter: interaction: PackageSetting{b9cfee8 io.github.ylimit.droidbotapp/10355} -> PackageSetting{2de79b4 com.xiaomi.gamecenter.sdk.service/10140} BLOCKED
07-29 20:52:08.074  2463  5534 I AppsFilter: interaction: PackageSetting{b9cfee8 io.github.ylimit.droidbotapp/10355} -> PackageSetting{706d9dd com.android.htmlviewer/10092} BLOCKED
07-29 20:52:08.074  2463  5534 I AppsFilter: interaction: PackageSetting{b9cfee8 io.github.ylimit.droidbotapp/10355} -> PackageSetting{23a4952 com.miui.gallery/10271} BLOCKED
07-29 20:52:08.074  2463  5534 I AppsFilter: interaction: PackageSetting{b9cfee8 io.github.ylimit.droidbotapp/10355} -> PackageSetting{c946423 com.quicinc.voice.activation/10214} BLOCKED
07-29 20:52:08.074  2463  5534 I AppsFilter: interaction: PackageSetting{b9cfee8 io.github.ylimit.droidbotapp/10355} -> PackageSetting{7c37d20 com.google.android.configupdater/10122} BLOCKED
07-29 20:52:08.074  2463  5534 I AppsFilter: interaction: PackageSetting{b9cfee8 io.github.ylimit.droidbotapp/10355} -> PackageSetting{51c36d9 com.android.soundrecorder/10276} BLOCKED
07-29 20:52:08.075  2463  5534 I AppsFilter: interaction: PackageSetting{b9cfee8 io.github.ylimit.droidbotapp/10355} -> PackageSetting{a8fa89e com.suxing.sustream/10338} BLOCKED
07-29 20:52:08.075  2463  5534 I AppsFilter: interaction: PackageSetting{b9cfee8 io.github.ylimit.droidbotapp/10355} -> PackageSetting{cbf1f7f io.appium.uiautomator2.server/10283} BLOCKED
07-29 20:52:08.075  2463  5534 I AppsFilter: interaction: PackageSetting{b9cfee8 io.github.ylimit.droidbotapp/10355} -> PackageSetting{4334b4c com.android.safetycenter.resources/10240} BLOCKED
07-29 20:52:08.075  2463  5534 I AppsFilter: interaction: PackageSetting{b9cfee8 io.github.ylimit.droidbotapp/10355} -> PackageSetting{3906795 org.secuso.privacyfriendlytodolist/10270} BLOCKED
07-29 20:52:08.075  2463  5534 I AppsFilter: interaction: PackageSetting{b9cfee8 io.github.ylimit.droidbotapp/10355} -> PackageSetting{649b0aa com.android.providers.downloads.ui/10261} BLOCKED
07-29 20:52:08.075  2463  5534 I AppsFilter: interaction: PackageSetting{b9cfee8 io.github.ylimit.droidbotapp/10355} -> PackageSetting{eb0349b com.android.simappdialog/10113} BLOCKED
07-29 20:52:08.075  2463  5534 I AppsFilter: interaction: PackageSetting{b9cfee8 io.github.ylimit.droidbotapp/10355} -> PackageSetting{befd038 com.xingin.xhs/10286} BLOCKED
07-29 20:52:08.075  2463  5534 I AppsFilter: interaction: PackageSetting{b9cfee8 io.github.ylimit.droidbotapp/10355} -> PackageSetting{9dce811 com.android.connectivity.resources/10244} BLOCKED
07-29 20:52:08.075  2463  5534 I AppsFilter: interaction: PackageSetting{b9cfee8 io.github.ylimit.droidbotapp/10355} -> PackageSetting{fea2d76 com.cnn.mobile.android.phone/10316} BLOCKED
07-29 20:52:08.075  2463  5534 I AppsFilter: interaction: PackageSetting{b9cfee8 io.github.ylimit.droidbotapp/10355} -> PackageSetting{3db11f7 com.android.internal.display.cutout.emulation.hole/10010} BLOCKED
07-29 20:52:08.075  2463  5534 I AppsFilter: interaction: PackageSetting{b9cfee8 io.github.ylimit.droidbotapp/10355} -> PackageSetting{fca1864 com.android.internal.display.cutout.emulation.tall/10011} BLOCKED
07-29 20:52:08.075  2463  5534 I AppsFilter: interaction: PackageSetting{b9cfee8 io.github.ylimit.droidbotapp/10355} -> PackageSetting{fd37f77 com.android.modulemetadata/10174} BLOCKED
07-29 20:52:08.075  2463  5534 I AppsFilter: interaction: PackageSetting{b9cfee8 io.github.ylimit.droidbotapp/10355} -> PackageSetting{7b43f82 com.android.internal.systemui.navbar.threebutton/10051} BLOCKED
07-29 20:52:08.075  2463  5534 I AppsFilter: interaction: PackageSetting{b9cfee8 io.github.ylimit.droidbotapp/10355} -> PackageSetting{aedb7e4 com.android.wifi.dialog/10211} BLOCKED
07-29 20:52:08.075  2463  5534 I AppsFilter: interaction: PackageSetting{b9cfee8 io.github.ylimit.droidbotapp/10355} -> PackageSetting{396f44d com.tencent.android.qqdownloader/10324} BLOCKED
07-29 20:52:08.075  2463  5534 I AppsFilter: interaction: PackageSetting{b9cfee8 io.github.ylimit.droidbotapp/10355} -> PackageSetting{643ab02 com.android.contacts/10132} BLOCKED
07-29 20:52:08.075  2463  5534 I AppsFilter: interaction: PackageSetting{b9cfee8 io.github.ylimit.droidbotapp/10355} -> PackageSetting{e769c13 cn.amazon.mShop.android/10301} BLOCKED
07-29 20:52:08.075  2463  5534 I AppsFilter: interaction: PackageSetting{b9cfee8 io.github.ylimit.droidbotapp/10355} -> PackageSetting{5c06e50 com.miui.securitymanager/10272} BLOCKED
07-29 20:52:08.075  2463  5534 I AppsFilter: interaction: PackageSetting{b9cfee8 io.github.ylimit.droidbotapp/10355} -> PackageSetting{66b8849 com.baidu.searchbox/10340} BLOCKED
07-29 20:52:08.075  2463  5534 I AppsFilter: interaction: PackageSetting{b9cfee8 io.github.ylimit.droidbotapp/10355} -> PackageSetting{c5754e com.android.mms/10141} BLOCKED
07-29 20:52:08.075  2463  5534 I AppsFilter: interaction: PackageSetting{b9cfee8 io.github.ylimit.droidbotapp/10355} -> PackageSetting{624e66f com.jijia.bqwnl/10327} BLOCKED
07-29 20:52:08.075  2463  5534 I AppsFilter: interaction: PackageSetting{b9cfee8 io.github.ylimit.droidbotapp/10355} -> PackageSetting{4c61f7c com.yahoo.mobile.client.android.mail/10341} BLOCKED
07-29 20:52:08.075  2463  5534 I AppsFilter: interaction: PackageSetting{b9cfee8 io.github.ylimit.droidbotapp/10355} -> PackageSetting{bdb6005 com.mfashiongallery.emag/10262} BLOCKED
07-29 20:52:08.075  2463  5534 I AppsFilter: interaction: PackageSetting{b9cfee8 io.github.ylimit.droidbotapp/10355} -> PackageSetting{c87985a com.instagram.android/10289} BLOCKED
07-29 20:52:08.075  2463  5534 I AppsFilter: interaction: PackageSetting{b9cfee8 io.github.ylimit.droidbotapp/10355} -> PackageSetting{5c37a8b com.google.android.gm/10290} BLOCKED
07-29 20:52:08.075  2463  5534 I AppsFilter: interaction: PackageSetting{b9cfee8 io.github.ylimit.droidbotapp/10355} -> PackageSetting{613b768 com.android.compos.payload/10243} BLOCKED
07-29 20:52:08.075  2463  5534 I AppsFilter: interaction: PackageSetting{b9cfee8 io.github.ylimit.droidbotapp/10355} -> PackageSetting{ab6f781 com.microsoft.emmx/10311} BLOCKED
07-29 20:52:08.075  2463  5534 I AppsFilter: interaction: PackageSetting{b9cfee8 io.github.ylimit.droidbotapp/10355} -> PackageSetting{e16e026 com.android.settings.intelligence/10142} BLOCKED
07-29 20:52:08.075  2463  5534 I AppsFilter: interaction: PackageSetting{b9cfee8 io.github.ylimit.droidbotapp/10355} -> PackageSetting{b6d3467 com.android.calendar/10265} BLOCKED
07-29 20:52:08.075  2463  5534 I AppsFilter: interaction: PackageSetting{b9cfee8 io.github.ylimit.droidbotapp/10355} -> PackageSetting{220e214 com.miui.virtualsim/10277} BLOCKED
07-29 20:52:08.075  2463  5534 I AppsFilter: interaction: PackageSetting{b9cfee8 io.github.ylimit.droidbotapp/10355} -> PackageSetting{c5a8abd com.microsoft.office.outlook/10323} BLOCKED
07-29 20:52:08.075  2463  5534 I AppsFilter: interaction: PackageSetting{b9cfee8 io.github.ylimit.droidbotapp/10355} -> PackageSetting{400d8b2 com.miui.compass/10267} BLOCKED
07-29 20:52:08.076  2463  5534 I AppsFilter: interaction: PackageSetting{b9cfee8 io.github.ylimit.droidbotapp/10355} -> PackageSetting{20eb003 com.android.printspooler/10224} BLOCKED
07-29 20:52:08.076  2463  5534 I AppsFilter: interaction: PackageSetting{b9cfee8 io.github.ylimit.droidbotapp/10355} -> PackageSetting{f340b80 com.android.dreams.basic/10103} BLOCKED
07-29 20:52:08.076  2463  5534 I AppsFilter: interaction: PackageSetting{b9cfee8 io.github.ylimit.droidbotapp/10355} -> PackageSetting{9aa15b9 com.android.incallui/10126} BLOCKED
07-29 20:52:08.076  2463  5534 I AppsFilter: interaction: PackageSetting{b9cfee8 io.github.ylimit.droidbotapp/10355} -> PackageSetting{61fcdfe com.musicworx/10320} BLOCKED
07-29 20:52:08.076  2463  5534 I AppsFilter: interaction: PackageSetting{b9cfee8 io.github.ylimit.droidbotapp/10355} -> PackageSetting{cc2495f com.android.rkpdapp/10254} BLOCKED
07-29 20:52:08.076  2463  5534 I AppsFilter: interaction: PackageSetting{b9cfee8 io.github.ylimit.droidbotapp/10355} -> PackageSetting{46ec6fb com.newcall.overlay.miui/10041} BLOCKED
07-29 20:52:08.076  2463  5534 I AppsFilter: interaction: PackageSetting{b9cfee8 io.github.ylimit.droidbotapp/10355} -> PackageSetting{f8e5fac todolist.scheduleplanner.dailyplanner.todo.reminders/10299} BLOCKED
07-29 20:52:08.076  2463  5534 I AppsFilter: interaction: PackageSetting{b9cfee8 io.github.ylimit.droidbotapp/10355} -> PackageSetting{9d4b171 android.auto_generated_characteristics_rro/10068} BLOCKED
07-29 20:52:08.076  2463  5534 I AppsFilter: interaction: PackageSetting{b9cfee8 io.github.ylimit.droidbotapp/10355} -> PackageSetting{bcd5475 com.android.musicfx/10094} BLOCKED
07-29 20:52:08.076  2463  5534 I AppsFilter: interaction: PackageSetting{b9cfee8 io.github.ylimit.droidbotapp/10355} -> PackageSetting{da6cc0a com.todoist/10298} BLOCKED
07-29 20:52:08.076  2463  5534 I AppsFilter: interaction: PackageSetting{b9cfee8 io.github.ylimit.droidbotapp/10355} -> PackageSetting{bec1c7b com.google.android.webview/10188} BLOCKED
07-29 20:52:08.076  2463  5534 I AppsFilter: interaction: PackageSetting{b9cfee8 io.github.ylimit.droidbotapp/10355} -> PackageSetting{657ca98 com.zhuantech.sijiweather/10337} BLOCKED
07-29 20:52:08.076  2463  5534 I AppsFilter: interaction: PackageSetting{b9cfee8 io.github.ylimit.droidbotapp/10355} -> PackageSetting{cabc2f1 com.ss.android.article.news/10325} BLOCKED
07-29 20:52:08.076  2463  5534 I AppsFilter: interaction: PackageSetting{b9cfee8 io.github.ylimit.droidbotapp/10355} -> PackageSetting{a691a73 com.android.phone.auto_generated_characteristics_rro/10060} BLOCKED
07-29 20:52:08.076  2463  5534 I AppsFilter: interaction: PackageSetting{b9cfee8 io.github.ylimit.droidbotapp/10355} -> PackageSetting{1ed9ed6 com.android.chrome/10282} BLOCKED
07-29 20:52:08.076  2463  5534 I AppsFilter: interaction: PackageSetting{b9cfee8 io.github.ylimit.droidbotapp/10355} -> PackageSetting{8160557 com.UCMobile/10332} BLOCKED
07-29 20:52:08.076  2463  5534 I AppsFilter: interaction: PackageSetting{b9cfee8 io.github.ylimit.droidbotapp/10355} -> PackageSetting{f4af844 com.ss.android.ugc.aweme/10322} BLOCKED
07-29 20:52:08.076  2463  5534 I AppsFilter: interaction: PackageSetting{b9cfee8 io.github.ylimit.droidbotapp/10355} -> PackageSetting{3289d2d com.android.wifi.resources/10258} BLOCKED
07-29 20:52:08.076  2463  5534 I AppsFilter: interaction: PackageSetting{b9cfee8 io.github.ylimit.droidbotapp/10355} -> PackageSetting{5fcd262 com.skysoft.kkbox.android/10285} BLOCKED
07-29 20:52:08.076  2463  5534 I AppsFilter: interaction: PackageSetting{b9cfee8 io.github.ylimit.droidbotapp/10355} -> PackageSetting{e8b9ff3 com.getsurfboard/10279} BLOCKED
07-29 20:52:08.076  2463  5534 I AppsFilter: interaction: PackageSetting{b9cfee8 io.github.ylimit.droidbotapp/10355} -> PackageSetting{52154b0 com.netease.newsreader.activity/10313} BLOCKED
07-29 20:52:08.076  2463  5534 I AppsFilter: interaction: PackageSetting{b9cfee8 io.github.ylimit.droidbotapp/10355} -> PackageSetting{4fb64eb com.android.theme.font.notoserifsource/10017} BLOCKED
07-29 20:52:08.076  2463  5534 I AppsFilter: interaction: PackageSetting{b9cfee8 io.github.ylimit.droidbotapp/10355} -> PackageSetting{71edf29 com.kuaishou.nebula/10329} BLOCKED
07-29 20:52:08.076  2463  5534 I AppsFilter: interaction: PackageSetting{b9cfee8 io.github.ylimit.droidbotapp/10355} -> PackageSetting{c63d8e1 com.android.internal.display.cutout.emulation.waterfall/10012} BLOCKED
07-29 20:52:08.076  2463  5534 I AppsFilter: interaction: PackageSetting{b9cfee8 io.github.ylimit.droidbotapp/10355} -> PackageSetting{19e1606 com.android.internal.systemui.navbar.transparent/10063} BLOCKED
07-29 20:52:08.076  2463  5534 I AppsFilter: interaction: PackageSetting{b9cfee8 io.github.ylimit.droidbotapp/10355} -> PackageSetting{2d9b2ae com.miui.newhome/10296} BLOCKED
07-29 20:52:08.077  2463  5534 I AppsFilter: interaction: PackageSetting{b9cfee8 io.github.ylimit.droidbotapp/10355} -> PackageSetting{bb6484f com.miui.video/10294} BLOCKED
07-29 20:52:08.077  2463  5534 I AppsFilter: interaction: PackageSetting{b9cfee8 io.github.ylimit.droidbotapp/10355} -> PackageSetting{2bf0bdc com.google.android.printservice.recommendation/10153} BLOCKED
07-29 20:52:08.077  2463  5534 I AppsFilter: interaction: PackageSetting{b9cfee8 io.github.ylimit.droidbotapp/10355} -> PackageSetting{91d44e5 com.baidu.searchbox.lite/10334} BLOCKED
07-29 20:52:08.077  2463  5534 I AppsFilter: interaction: PackageSetting{b9cfee8 io.github.ylimit.droidbotapp/10355} -> PackageSetting{a924bba com.spotify.music/10317} BLOCKED
07-29 20:52:08.077  2463  5534 I AppsFilter: interaction: PackageSetting{b9cfee8 io.github.ylimit.droidbotapp/10355} -> PackageSetting{f391a6b com.google.android.documentsui/10100} BLOCKED
07-29 20:52:08.077  2463  5534 I AppsFilter: interaction: PackageSetting{b9cfee8 io.github.ylimit.droidbotapp/10355} -> PackageSetting{b1f09c8 com.google.android.accessibility.switchaccess/10184} BLOCKED
07-29 20:52:08.077  2463  5534 I AppsFilter: interaction: PackageSetting{b9cfee8 io.github.ylimit.droidbotapp/10355} -> PackageSetting{9e24a61 com.sohu.inputmethod.sogou.xiaomi/10183} BLOCKED
07-29 20:52:08.077  2463  5534 I AppsFilter: interaction: PackageSetting{b9cfee8 io.github.ylimit.droidbotapp/10355} -> PackageSetting{96986 cn.ninegame.gamemanager/10330} BLOCKED
07-29 20:52:08.077  2463  5534 I AppsFilter: interaction: PackageSetting{b9cfee8 io.github.ylimit.droidbotapp/10355} -> PackageSetting{54bce7 io.appium.uiautomator2.server.test/10280} BLOCKED
07-29 20:52:08.077  2463  5534 I AppsFilter: interaction: PackageSetting{b9cfee8 io.github.ylimit.droidbotapp/10355} -> PackageSetting{5ccf247 com.baidu.BaiduMap/10331} BLOCKED
07-29 20:52:08.077  2463  5534 I AppsFilter: interaction: PackageSetting{b9cfee8 io.github.ylimit.droidbotapp/10355} -> PackageSetting{3fefa74 com.android.providers.partnerbookmarks/10109} BLOCKED
07-29 20:52:08.077  2463  5534 I AppsFilter: interaction: PackageSetting{b9cfee8 io.github.ylimit.droidbotapp/10355} -> PackageSetting{d982b9d com.android.smspush/10230} BLOCKED
07-29 20:52:08.077  2463  5534 I AppsFilter: interaction: PackageSetting{b9cfee8 io.github.ylimit.droidbotapp/10355} -> PackageSetting{f829812 com.miui.calculator/10263} BLOCKED
07-29 20:52:08.077  2463  5534 I AppsFilter: interaction: PackageSetting{b9cfee8 io.github.ylimit.droidbotapp/10355} -> PackageSetting{4dc6be3 de.baumann.browser/10308} BLOCKED
07-29 20:52:08.077  2463  5534 I AppsFilter: interaction: PackageSetting{b9cfee8 io.github.ylimit.droidbotapp/10355} -> PackageSetting{f4b49e0 com.android.wallpaper.livepicker/10091} BLOCKED
07-29 20:52:08.077  2463  5534 I AppsFilter: interaction: PackageSetting{b9cfee8 io.github.ylimit.droidbotapp/10355} -> PackageSetting{6d0e499 com.android.cellbroadcastreceiver.module/10255} BLOCKED
07-29 20:52:08.077  2463  5534 I AppsFilter: interaction: PackageSetting{b9cfee8 io.github.ylimit.droidbotapp/10355} -> PackageSetting{3ee235e com.android.apps.tag/10098} BLOCKED
07-29 20:52:08.077  2463  5534 I AppsFilter: interaction: PackageSetting{b9cfee8 io.github.ylimit.droidbotapp/10355} -> PackageSetting{3dfe33f com.android.imsserviceentitlement/10125} BLOCKED
07-29 20:52:08.077  2463  5534 I AppsFilter: interaction: PackageSetting{b9cfee8 io.github.ylimit.droidbotapp/10355} -> PackageSetting{f4b240c com.xiaomi.gamecenter/10288} BLOCKED
07-29 20:52:08.077  2463  5534 I AppsFilter: interaction: PackageSetting{b9cfee8 io.github.ylimit.droidbotapp/10355} -> PackageSetting{5423155 com.android.appsearch.apk/10257} BLOCKED
07-29 20:52:08.077  2463  5534 I AppsFilter: interaction: PackageSetting{b9cfee8 io.github.ylimit.droidbotapp/10355} -> PackageSetting{4f5176a com.dragon.read/10335} BLOCKED
07-29 20:52:08.077  2463  5534 I AppsFilter: interaction: PackageSetting{b9cfee8 io.github.ylimit.droidbotapp/10355} -> PackageSetting{ba559fa com.anydo/10292} BLOCKED
07-29 20:52:08.077  2463  5534 I AppsFilter: interaction: PackageSetting{b9cfee8 io.github.ylimit.droidbotapp/10355} -> PackageSetting{e65a73f com.miui.cleanmaster/10266} BLOCKED
07-29 20:52:08.077  2463  5534 I AppsFilter: interaction: PackageSetting{b9cfee8 io.github.ylimit.droidbotapp/10355} -> PackageSetting{f79745b com.miui.weather2/10278} BLOCKED
07-29 20:52:08.077  2463  5534 I AppsFilter: interaction: PackageSetting{b9cfee8 io.github.ylimit.droidbotapp/10355} -> PackageSetting{18c74f8 com.autonavi.minimap/10333} BLOCKED
07-29 20:52:08.077  2463  5534 I AppsFilter: interaction: PackageSetting{b9cfee8 io.github.ylimit.droidbotapp/10355} -> PackageSetting{4418dd1 com.xiaomi.scanner/10281} BLOCKED
07-29 20:52:08.077  2463  5534 I AppsFilter: interaction: PackageSetting{b9cfee8 io.github.ylimit.droidbotapp/10355} -> PackageSetting{9c54036 com.google.android.apps.tasks/10300} BLOCKED
07-29 20:52:08.077  2463  5534 I AppsFilter: interaction: PackageSetting{b9cfee8 io.github.ylimit.droidbotapp/10355} -> PackageSetting{250fb37 com.duokan.reader/10287} BLOCKED
07-29 20:52:08.077  2463  5534 I AppsFilter: interaction: PackageSetting{b9cfee8 io.github.ylimit.droidbotapp/10355} -> PackageSetting{755d641 com.android.cts.ctsshim/10253} BLOCKED
07-29 20:52:08.077  2463  5534 I AppsFilter: interaction: PackageSetting{b9cfee8 io.github.ylimit.droidbotapp/10355} -> PackageSetting{c8fe8a4 douzifly.list/10182} BLOCKED
07-29 20:52:08.077  2463  5534 I AppsFilter: interaction: PackageSetting{b9cfee8 io.github.ylimit.droidbotapp/10355} -> PackageSetting{500360d com.miui.yellowpage/10137} BLOCKED
07-29 20:52:08.077  2463  5534 I AppsFilter: interaction: PackageSetting{b9cfee8 io.github.ylimit.droidbotapp/10355} -> PackageSetting{c9d29c2 com.einnovation.temu/10304} BLOCKED
07-29 20:52:08.077  2463  5534 I AppsFilter: interaction: PackageSetting{b9cfee8 io.github.ylimit.droidbotapp/10355} -> PackageSetting{b6c2c01 com.android.microdroid.empty_payload/10236} BLOCKED
07-29 20:52:08.078  2463  5534 I AppsFilter: interaction: PackageSetting{b9cfee8 io.github.ylimit.droidbotapp/10355} -> PackageSetting{fb013d3 com.android.email/10268} BLOCKED
07-29 20:52:08.078  2463  5534 I AppsFilter: interaction: PackageSetting{b9cfee8 io.github.ylimit.droidbotapp/10355} -> PackageSetting{c34eb10 com.android.music/10175} BLOCKED
07-29 20:52:08.078  2463  5534 I AppsFilter: interaction: PackageSetting{b9cfee8 io.github.ylimit.droidbotapp/10355} -> PackageSetting{872609 com.android.hotspot2.osulogin/10259} BLOCKED
07-29 20:52:08.078  2463  5534 I AppsFilter: interaction: PackageSetting{b9cfee8 io.github.ylimit.droidbotapp/10355} -> PackageSetting{728d2a7 com.android.companiondevicemanager.auto_generated_characteristics_rro/10006} BLOCKED
07-29 20:52:08.078  2463  5534 I AppsFilter: interaction: PackageSetting{b9cfee8 io.github.ylimit.droidbotapp/10355} -> PackageSetting{b18200e com.google.android.gms.location.history/10152} BLOCKED
07-29 20:52:08.078  2463  5534 I AppsFilter: interaction: PackageSetting{b9cfee8 io.github.ylimit.droidbotapp/10355} -> PackageSetting{bde1a2f com.smile.gifmaker/10339} BLOCKED
07-29 20:52:08.078  2463  5534 I AppsFilter: interaction: PackageSetting{b9cfee8 io.github.ylimit.droidbotapp/10355} -> PackageSetting{d1ebbf2 com.android.internal.systemui.navbar.gestural/10052} BLOCKED
07-29 20:52:08.078  2463  5534 I AppsFilter: interaction: PackageSetting{b9cfee8 io.github.ylimit.droidbotapp/10355} -> PackageSetting{8e5a83c ru.mail.mailapp/10321} BLOCKED
07-29 20:52:08.078  2463  5534 I AppsFilter: interaction: PackageSetting{b9cfee8 io.github.ylimit.droidbotapp/10355} -> PackageSetting{d7319c5 com.google.android.apps.youtube.music/10318} BLOCKED
07-29 20:52:08.078  2463  5534 I AppsFilter: interaction: PackageSetting{b9cfee8 io.github.ylimit.droidbotapp/10355} -> PackageSetting{f3a2f1a com.android.bluetoothmidiservice/10104} BLOCKED
07-29 20:52:08.078  2463  5534 I AppsFilter: interaction: PackageSetting{b9cfee8 io.github.ylimit.droidbotapp/10355} -> PackageSetting{e3c2a4b com.jijia.jjweather/10336} BLOCKED
07-29 20:52:08.078  2463  5534 I AppsFilter: interaction: PackageSetting{b9cfee8 io.github.ylimit.droidbotapp/10355} -> PackageSetting{5830c28 com.ebay.mobile/10291} BLOCKED
07-29 20:52:08.078  2463  5534 I AppsFilter: interaction: PackageSetting{b9cfee8 io.github.ylimit.droidbotapp/10355} -> PackageSetting{5708d41 com.google.android.apps.magazines/10315} BLOCKED
07-29 20:52:08.078  2463  5534 I AppsFilter: interaction: PackageSetting{b9cfee8 io.github.ylimit.droidbotapp/10355} -> PackageSetting{65084b5 com.qualcomm.qti.server.wigig.tethering.rro/10229} BLOCKED
07-29 20:52:08.078  2463  5534 I AppsFilter: interaction: PackageSetting{b9cfee8 io.github.ylimit.droidbotapp/10355} -> PackageSetting{d3c22e6 com.sina.news/10314} BLOCKED
07-29 20:52:08.078  2463  5534 I AppsFilter: interaction: PackageSetting{b9cfee8 io.github.ylimit.droidbotapp/10355} -> PackageSetting{9212027 tv.danmaku.bili/10326} BLOCKED
07-29 20:52:08.078  2463  5534 I AppsFilter: interaction: PackageSetting{b9cfee8 io.github.ylimit.droidbotapp/10355} -> PackageSetting{10c2d4 com.android.captiveportallogin/10106} BLOCKED
07-29 20:52:08.078  2463  5534 I AppsFilter: interaction: PackageSetting{b9cfee8 io.github.ylimit.droidbotapp/10355} -> PackageSetting{677bc7d com.microsoft.todos/10293} BLOCKED
07-29 20:52:08.078  2463  5534 I AppsFilter: interaction: PackageSetting{b9cfee8 io.github.ylimit.droidbotapp/10355} -> PackageSetting{2178772 com.miui.core/10194} BLOCKED
07-29 20:52:08.081  2463  5534 W ActivityManager: Permission Denial: getCurrentUser() from pid=14261, uid=10355 requires android.permission.INTERACT_ACROSS_USERS
07-29 20:52:08.081 14261 14261 W libc    : Access denied finding property "vendor.boostfwk.frameprefetcher"
07-29 20:52:08.082 14261 14261 W libc    : Access denied finding property "ro.vendor.df.effect.conflict"
07-29 20:52:08.077 14261 14261 W mit.droidbotapp: type=1400 audit(0.0:12601): avc:  denied  { read } for  name="u:object_r:vendor_displayfeature_prop:s0" dev="tmpfs" ino=478 scontext=u:r:untrusted_app_32:s0:c99,c257,c512,c768 tcontext=u:object_r:vendor_displayfeature_prop:s0 tclass=file permissive=0 app=io.github.ylimit.droidbotapp
07-29 20:52:08.083 14261 15047 E FramePredict: registerContentObserver fail
07-29 20:52:08.099 14261 14261 I ViewRootImpl: InputMethod use first frame acceleration
07-29 20:52:08.099  1747  1747 I sensors-hal: batch:141, android.sensor.light/51, period=1000000, max_latency=0
07-29 20:52:08.099  1747  1747 I sensors-hal: set_config:60, no need to adjust sample_period_ns due to reporting_mode = 2
07-29 20:52:08.099  1747  1747 I sensors-hal: send_sensor_config_request:696, dt=ambient_light: convert sample_period=1000000 to batch_period=1000
07-29 20:52:08.099  1747  1747 I sensors-hal: send_sync_sensor_request:531, send sync request
07-29 20:52:08.099  1747  1747 I sensors-hal: send_sync_sensor_request:541, send_sync_sensor_request before send_request for ambient_light with SUID low=1103175175223494815 high=14038004250674766477
07-29 20:52:08.099  1747  1747 I sensors-hal: send_sync_sensor_request:560, wait for notification of response
07-29 20:52:08.100  1747  4133 I sensors-hal: qsh_conn_resp_cb:886, resp_value = 0 for ambient_light 
07-29 20:52:08.100  1747  1747 I sensors-hal: send_sync_sensor_request:566, takes 1 ms to receive the response with 0
07-29 20:52:08.100  1747  1747 I sensors-hal: batch:150, android.sensor.light/51, period=1000000, max_latency=0 request completed
07-29 20:52:08.100  2463  3983 I MiSensorServiceImpl: LightFovOptimizationSensor::activateSensor: 1 light sensor
07-29 20:52:08.101  2463 10061 I SmartPower: io.github.ylimit.droidbotapp/10355(14261): background->visible(4998ms) R(become visible) adj=200.
07-29 20:52:08.101  1747  1747 I sensors-hal: batch:141, android.sensor.accelerometer/11, period=66667000, max_latency=0
07-29 20:52:08.101  1747  1747 I sensors-hal: set_config:56, sample_period_ns is adjusted to 66667000 based on min/max delay_ns
07-29 20:52:08.101  1747  1747 I sensors-hal: batch:150, android.sensor.accelerometer/11, period=66667000, max_latency=0 request completed
07-29 20:52:08.101  2463  3983 I SensorService: 	>>> actuating h/w activate handle=0x100042f enabled=0
07-29 20:52:08.102  1747  1747 I sensors-hal: activate:108, xiaomi.sensor.ambientlight.factory/1071 en=0
07-29 20:52:08.102  1747  1747 I sensors-hal: send_sync_sensor_request:531, send sync request
07-29 20:52:08.102  1747  1747 I sensors-hal: send_sync_sensor_request:541, send_sync_sensor_request before send_request for ambient_light_cal_strm with SUID low=17242558634497898280 high=6270869527188043453
07-29 20:52:08.102  1747  1747 I sensors-hal: send_sync_sensor_request:560, wait for notification of response
07-29 20:52:08.104  1747 14929 I sensors-hal: qsh_conn_resp_cb:886, resp_value = 0 for ambient_light_cal_strm 
07-29 20:52:08.104  1747  1747 I sensors-hal: send_sync_sensor_request:566, takes 2 ms to receive the response with 0
07-29 20:52:08.104  1747  1747 I sensors-hal: register_cb:314, suid(low=17242558634497898280,high=6270869527188043453) is new. register callbacks
07-29 20:52:08.104  1747  1747 E sensors-hal: register_cb:316, all callbacks are null for new suid. no need to register it
07-29 20:52:08.105  1747  1747 I sensors-hal: ~qsh_qmi:62, ~qsh_qmi
07-29 20:52:08.105  1747  1747 I sensors-hal: activate:119, xiaomi.sensor.ambientlight.factory/1071 en=0 completed
07-29 20:52:08.105  1714  1806 I minksocket: MinkIPC MESSAGE: ( 1714:1806 ) MinkIPC_QRTR_Service:351 minkipc = 0xb400007134251590 sock = 19, client with node 1 port 4913 went down
07-29 20:52:08.105  1714  1828 I minksocket: MinkIPC MESSAGE: ( 1714:1828 ) MinkIPC_QRTR_Service:351 minkipc = 0xb4000071342524b0 sock = 35, client with node 1 port 4913 went down
07-29 20:52:08.105  2463  3983 I MiSensorServiceImpl: LightFovOptimizationSensor::activateSensor: 0 lightStrm sensor
07-29 20:52:08.105  2463  3983 I MiSensorServiceImpl: LightFovOptimizationSensor::process lightStrmSensor switch lightSensor sucess!
07-29 20:52:08.106  3002  4306 I libsensor-boledalgo: dbv:440,lux:231.2,cct:4382.7,hsv:-1.0,dc:0CWB R:2047.9,G:4479.6,B:2261.2Event C:13898.9,R:7865.2,G:4610.1,B:2257.4Cali C:47.2,R:19.6,G:23.0,B:13.3 
07-29 20:52:08.106  3002  4306 I libsensor-boledalgo: ##### the value of lux: 208.824844, cct: 4099.000000
07-29 20:52:08.106  3002  4306 I libsensor-qshcalapi: value of set_lux: 208.824844, set r: 4099.000000
07-29 20:52:08.111  1827  2752 I vendor.qti.hardware.display.composer-service: Sensor: notify citsensorservice to trigger cwb, misForced = 0
07-29 20:52:08.113  3002  4297 I libsensor-parseRGB: request dump start for mRequestDisplayId 0
07-29 20:52:08.126  4497  4497 I HandWritingStubImpl: getCurrentKeyboardType: 1
07-29 20:52:08.142 14261 14285 I mit.droidbotapp: Compiler allocated 5390KB to compile void android.view.ViewRootImpl.performTraversals()
07-29 20:52:08.143  3002  3080 E libsensor-parseRGB: CWB NotifyCWBBufferDone  error 0
07-29 20:52:08.144 14261 14261 I Choreographer: first vsync insert message into MessageQueue Head
07-29 20:52:08.156  2463  4414 I DisplayModeDirectorImpl: SmartDisplayPolicyEnd
07-29 20:52:08.157  2463  2516 I DisplayModeDirectorImpl: onDesiredDisplayModeSpecsChanged:baseModeId=1 allowGroupSwitching=false primary=physical: (0.0 120.0) render:  (0.0 120.0) appRequest=physical: (0.0 120.0) render:  (0.0 120.0) idleScreenRefreshRateConfig=null noVotes=false
07-29 20:52:08.158  2105  2105 I RefreshRateSelector: Display 4630947082089526659 policy changed
07-29 20:52:08.158  2105  2105 I RefreshRateSelector: Previous: {defaultModeId=0, allowGroupSwitching=false, primaryRanges={physical=[0.00 Hz, inf Hz], render=[0.00 Hz, 120.00 Hz]}, appRequestRanges={physical=[0.00 Hz, inf Hz], render=[0.00 Hz, 120.00 Hz]} idleScreenConfig=nullptr}
07-29 20:52:08.158  2105  2105 I RefreshRateSelector: Current:  DisplayManagerPolicy{defaultModeId=0, allowGroupSwitching=false, primaryRanges={physical=[0.00 Hz, 120.00 Hz], render=[0.00 Hz, 120.00 Hz]}, appRequestRanges={physical=[0.00 Hz, 120.00 Hz], render=[0.00 Hz, 120.00 Hz]} idleScreenConfig=nullptr}
07-29 20:52:08.158  2105  2105 I RefreshRateSelector: 1 mode changes were performed under the previous policy
07-29 20:52:08.197  1827  2108 I SDM     : DisplayBase::CommitThread: Received idle timeout, panel: cmd, timeout: 70000 us
07-29 20:52:08.222  2046  2081 I [THP-ALG]: alg_input_report:Touch Down: id: 0, raw flatness 606, base flatness 444
07-29 20:52:08.222  2463  4069 I MIUIInput: [MotionEvent] notifyMotion - eventTime=19366542395000, deviceId=7, source=0x1002, policyFlags=0x0, action=0x0, flags=0x0, downTime=19366542395000
07-29 20:52:08.223  2463  4068 I MIUIInput: [MotionEvent] publisher action=0x0, deviceId=7, 19366542, channel 'fd7851 com.miui.home/com.miui.home.launcher.Launcher (server)'
07-29 20:52:08.223  2463  4068 I MIUIInput: [MotionEvent] publisher action=0x0, deviceId=7, 19366542, channel 'e8438b9 com.miui.miwallpaper.wallpaperservice.ImageWallpaper (server)'
07-29 20:52:08.223  4497  4497 I MIUIInput: [MotionEvent] ViewRootImpl windowName 'com.miui.home/com.miui.home.launcher.Launcher', { action=ACTION_DOWN, id[0]=0, pointerCount=1, eventTime=19366542, downTime=19366542, phoneEventTime=20:52:08.222 } moveCount:0
07-29 20:52:08.223  2463  4068 I MIUIInput: [MotionEvent] publisher action=0x0, deviceId=7, 19366542, channel '[Gesture Monitor] miui-gesture (server)'
07-29 20:52:08.225  2463  4372 I ProcessManager: getRenderThreadTidByPid, caller=2463
07-29 20:52:08.226  2463  4414 I DisplayModeDirectorImpl: setSmartDisplayUpRefreshRatePolicy [0.0,120.0]
07-29 20:52:08.226  2105  2105 I RefreshRateSelector: Display 4630947082089526659 policy changed
07-29 20:52:08.226  2105  2105 I RefreshRateSelector: Previous: {defaultModeId=0, allowGroupSwitching=false, primaryRanges={physical=[0.00 Hz, 120.00 Hz], render=[0.00 Hz, 120.00 Hz]}, appRequestRanges={physical=[0.00 Hz, 120.00 Hz], render=[0.00 Hz, 120.00 Hz]} idleScreenConfig=nullptr}
07-29 20:52:08.226  2105  2105 I RefreshRateSelector: Current:  DisplayManagerPolicy{defaultModeId=0, allowGroupSwitching=false, primaryRanges={physical=[0.00 Hz, inf Hz], render=[0.00 Hz, 120.00 Hz]}, appRequestRanges={physical=[0.00 Hz, inf Hz], render=[0.00 Hz, 120.00 Hz]} idleScreenConfig=nullptr}
07-29 20:52:08.226  2105  2105 I RefreshRateSelector: 0 mode changes were performed under the previous policy
07-29 20:52:08.227  2463  4414 I DisplayModeDirectorImpl: onDesiredDisplayModeSpecsChanged:baseModeId=0 allowGroupSwitching=false primary=physical: (0.0 Infinity) render:  (0.0 120.0) appRequest=physical: (0.0 Infinity) render:  (0.0 120.0) idleScreenRefreshRateConfig=null noVotes=true
07-29 20:52:08.230  2463  2536 I ExtM    : zram userate is low, no need to flush: 17
07-29 20:52:08.298  2463  4069 I MIUIInput: [MotionEvent] notifyMotion - eventTime=19366617876000, deviceId=7, source=0x1002, policyFlags=0x0, action=0x1, flags=0x0, downTime=19366542395000
07-29 20:52:08.300  2463  4068 I MIUIInput: [MotionEvent] publisher action=0x1, deviceId=7, 19366617, channel 'fd7851 com.miui.home/com.miui.home.launcher.Launcher (server)'
07-29 20:52:08.300  2463  4068 I MIUIInput: [MotionEvent] publisher action=0x1, deviceId=7, 19366617, channel 'e8438b9 com.miui.miwallpaper.wallpaperservice.ImageWallpaper (server)'
07-29 20:52:08.300  2463  4068 I MIUIInput: [MotionEvent] publisher action=0x1, deviceId=7, 19366617, channel '[Gesture Monitor] miui-gesture (server)'
07-29 20:52:08.300  4497  4497 I MIUIInput: [MotionEvent] ViewRootImpl windowName 'com.miui.home/com.miui.home.launcher.Launcher', { action=ACTION_UP, id[0]=0, pointerCount=1, eventTime=19366617, downTime=19366542, phoneEventTime=20:52:08.298 } moveCount:0
07-29 20:52:08.306  2046  2081 I [THP-HAL]: release_all:force:0
07-29 20:52:08.309  2463  5534 I SensorService: 	>>> actuating h/w activate handle=0x100000b enabled=0
07-29 20:52:08.309  1747  1747 I sensors-hal: activate:108, android.sensor.accelerometer/11 en=0
07-29 20:52:08.309  1747  1747 I sensors-hal: send_sync_sensor_request:531, send sync request
07-29 20:52:08.309  1747  1747 I sensors-hal: send_sync_sensor_request:541, send_sync_sensor_request before send_request for accel with SUID low=11115320498015681092 high=2286538866409242278
07-29 20:52:08.309  1747  1747 I sensors-hal: send_sync_sensor_request:560, wait for notification of response
07-29 20:52:08.310  2463  2539 I SensorAccount: App unregister sensor noWakeupSensor_10138_0x100000b
07-29 20:52:08.311  1747 14915 I sensors-hal: qsh_conn_resp_cb:886, resp_value = 0 for accel 
07-29 20:52:08.311  1747  1747 I sensors-hal: send_sync_sensor_request:566, takes 2 ms to receive the response with 0
07-29 20:52:08.312  1714  1806 I minksocket: MinkIPC MESSAGE: ( 1714:1806 ) MinkIPC_QRTR_Service:351 minkipc = 0xb400007134251590 sock = 19, client with node 1 port 490e went down
07-29 20:52:08.312  1714  1828 I minksocket: MinkIPC MESSAGE: ( 1714:1828 ) MinkIPC_QRTR_Service:351 minkipc = 0xb4000071342524b0 sock = 35, client with node 1 port 490e went down
07-29 20:52:08.312  1747  1747 I sensors-hal: ~qsh_qmi:62, ~qsh_qmi
07-29 20:52:08.312  1747  1747 I sensors-hal: activate:119, android.sensor.accelerometer/11 en=0 completed
07-29 20:52:08.313  4497  5159 E Launcher: mFsGestureStatusRefreshRunnable:run usingFsGesture=true   show=true   focus=true   pause=false
07-29 20:52:08.313  1827  2108 I SDM     : DisplayBase::CommitThread: Received idle timeout, panel: cmd, timeout: 70000 us
07-29 20:52:08.314  3002  4306 I libsensor-boledalgo: ##### the value of lux: 231.217239, cct: 4277.000000
07-29 20:52:08.314  3002  4306 I libsensor-qshcalapi: value of set_lux: 231.217239, set r: 4277.000000
07-29 20:52:08.317  4497  4497 W RecentsImpl: updateFsgWindowVisibilityState origin isEnter=false, typeFrom=typefrom_home
07-29 20:52:08.318  4497  5159 W RecentsImpl: updateFsgWindowVisibilityStateInBgThread, isEnter=false, typeFrom=typefrom_home, isOpen=true, isKeyguardLocked=false, mIsInAnotherPro=false, isStatusBarExpansion=false
07-29 20:52:08.318  4497  5159 W RecentsImpl: getTopActivity from observer.   cn=ComponentInfo{com.miui.home/com.miui.home.launcher.Launcher}
07-29 20:52:08.318  1827  2752 I vendor.qti.hardware.display.composer-service: Sensor: notify citsensorservice to trigger cwb, misForced = 0
07-29 20:52:08.318  3002  4297 I libsensor-parseRGB: request dump start for mRequestDisplayId 0
07-29 20:52:08.336  5685  5754 W Settings: Setting adb_enabled has moved from android.provider.Settings.Secure to android.provider.Settings.Global.
07-29 20:52:08.341  3002  6353 E libsensor-parseRGB: CWB NotifyCWBBufferDone  error 0
07-29 20:52:08.357  4775  4775 I QcrilOemhookMsgTunnel: [0]invokeOemRilRequestRaw: serial=1083 length=52
07-29 20:52:08.362  4775  5936 I QtiOemHookAidl: oemHookRawResponse: serial no: 1083 error: 0length=84
07-29 20:52:08.365  2463  4205 I MiuiNetworkPolicy: bandwidth: 2 KB/s, Max bandwidth: 3636 KB/s
07-29 20:52:08.403  3117  3117 I adbd    : in ShellService: ps
07-29 20:52:08.479  2463  4403 E HyperSentinel: -------------------------------------------------------
07-29 20:52:08.479  2463  4403 E HyperSentinel: Event_ThreadAmount
07-29 20:52:08.479  2463  4403 E HyperSentinel: -> audit event by proc 14346 "com.xiaomi.market:widgetProvider": running threads amount, 0 -> 49
07-29 20:52:08.525  1827  2752 I vendor.qti.hardware.display.composer-service: Sensor: notify citsensorservice to trigger cwb, misForced = 0
07-29 20:52:08.526  3002  4297 I libsensor-parseRGB: request dump start for mRequestDisplayId 0
07-29 20:52:08.549  3002  3081 E libsensor-parseRGB: CWB NotifyCWBBufferDone  error 0
07-29 20:52:08.575 14261 14286 I mit.droidbotapp: This is sticky GC, maxfree is 16777216 minfree is 8388608
07-29 20:52:08.719  3002  4306 I libsensor-boledalgo: dbv:440,lux:87.3,cct:4009.7,hsv:-1.0,dc:0CWB R:3222.0,G:7015.1,B:3555.8Event C:5529.9,R:3184.0,G:1757.1,B:832.3Cali C:244.6,R:106.8,G:76.0,B:35.8 
07-29 20:52:08.732  1827  2752 I vendor.qti.hardware.display.composer-service: Sensor: notify citsensorservice to trigger cwb, misForced = 0
07-29 20:52:08.733  3002  4297 I libsensor-parseRGB: request dump start for mRequestDisplayId 0
07-29 20:52:08.756  3002  6353 E libsensor-parseRGB: CWB NotifyCWBBufferDone  error 0
07-29 20:52:08.798  2046  2783 I [THP-DAE]: thp_set_doze_mode_func:enable doze mode
07-29 20:52:08.853  2463  2536 I ExtM    : zram userate is low, no need to flush: 17
07-29 20:52:08.894  2463  4403 E HyperSentinel: -------------------------------------------------------
07-29 20:52:08.894  2463  4403 E HyperSentinel: Event_ResidentSize
07-29 20:52:08.895  2463  4403 E HyperSentinel: -> audit event by proc 31733 "com.baidu.searchbox.lite": RSS increasement, peak 193744kb -> 290776kb
07-29 20:52:08.919  3002  4306 I libsensor-boledalgo: dbv:440,lux:52.6,cct:3737.8,hsv:-1.0,dc:0CWB R:3305.7,G:7186.3,B:3650.9Event C:3582.1,R:2093.5,G:1107.3,B:513.1Cali C:382.4,R:185.1,G:106.0,B:52.6 
07-29 20:52:08.919  3002  4306 I libsensor-boledalgo: ##### the value of lux: 87.274956, cct: 4277.000000
07-29 20:52:08.919  3002  4306 I libsensor-qshcalapi: value of set_lux: 87.274956, set r: 4277.000000
07-29 20:52:08.940  1827  2752 I vendor.qti.hardware.display.composer-service: Sensor: notify citsensorservice to trigger cwb, misForced = 0
07-29 20:52:08.941  3002  4297 I libsensor-parseRGB: request dump start for mRequestDisplayId 0
07-29 20:52:08.964  3002  3081 E libsensor-parseRGB: CWB NotifyCWBBufferDone  error 0
07-29 20:52:08.978 14261 14286 I mit.droidbotapp: This is non sticky GC, maxfree is 16777216 minfree is 8388608
07-29 20:52:09.042  2046  2081 I [THP-ALG]: alg_input_report:Touch Down: id: 0, raw flatness 639, base flatness 443
07-29 20:52:09.042  2463  4069 I MIUIInput: [MotionEvent] notifyMotion - eventTime=19367362065000, deviceId=7, source=0x1002, policyFlags=0x0, action=0x0, flags=0x0, downTime=19367362065000
07-29 20:52:09.042  2463  4068 I MIUIInput: [MotionEvent] publisher action=0x0, deviceId=7, 19367362, channel 'fd7851 com.miui.home/com.miui.home.launcher.Launcher (server)'
07-29 20:52:09.043  2463  4068 I MIUIInput: [MotionEvent] publisher action=0x0, deviceId=7, 19367362, channel 'e8438b9 com.miui.miwallpaper.wallpaperservice.ImageWallpaper (server)'
07-29 20:52:09.043  2463  4068 I MIUIInput: [MotionEvent] publisher action=0x0, deviceId=7, 19367362, channel '[Gesture Monitor] miui-gesture (server)'
07-29 20:52:09.044  4497  4497 I MIUIInput: [MotionEvent] ViewRootImpl windowName 'com.miui.home/com.miui.home.launcher.Launcher', { action=ACTION_DOWN, id[0]=0, pointerCount=1, eventTime=19367362, downTime=19367362, phoneEventTime=20:52:09.043 } moveCount:0
07-29 20:52:09.045  2463  4372 I ProcessManager: getRenderThreadTidByPid, caller=2463
07-29 20:52:09.045  4497  4497 I SwipeDetector: setDetectableScrollConditions: 1 false
07-29 20:52:09.045  4497  4497 I SwipeDetector: setDetectableScrollConditions: 2 false
07-29 20:52:09.046  4497  4497 I PreStartUtils: preLaunchProcess intentIntent { act=android.intent.action.MAIN cat=[android.intent.category.LAUNCHER] flg=0x10200000 cmp=com.getsurfboard/.ui.activity.MainActivity (has extras) } userId=0
07-29 20:52:09.047  4497  4497 E PreStartUtils: preLaunchProcess success infoPackage: com.getsurfboard
07-29 20:52:09.100  2463  4069 I MIUIInput: [MotionEvent] notifyMotion - eventTime=19367420441000, deviceId=7, source=0x1002, policyFlags=0x0, action=0x1, flags=0x0, downTime=19367362065000
07-29 20:52:09.101  2463  4068 I MIUIInput: [MotionEvent] publisher action=0x1, deviceId=7, 19367420, channel 'fd7851 com.miui.home/com.miui.home.launcher.Launcher (server)'
07-29 20:52:09.101  2463  4068 I MIUIInput: [MotionEvent] publisher action=0x1, deviceId=7, 19367420, channel 'e8438b9 com.miui.miwallpaper.wallpaperservice.ImageWallpaper (server)'
07-29 20:52:09.101  2463  4068 I MIUIInput: [MotionEvent] publisher action=0x1, deviceId=7, 19367420, channel '[Gesture Monitor] miui-gesture (server)'
07-29 20:52:09.101  4497  4497 I MIUIInput: [MotionEvent] ViewRootImpl windowName 'com.miui.home/com.miui.home.launcher.Launcher', { action=ACTION_UP, id[0]=0, pointerCount=1, eventTime=19367420, downTime=19367362, phoneEventTime=20:52:09.100 } moveCount:0
07-29 20:52:09.102  4497  4497 I Launcher: no startActivity call start
07-29 20:52:09.103  4497  4497 I AnimStateManager: IdleState handle event 1001
07-29 20:52:09.103  4497  4497 I AnimStateManager: go to state com.miui.home.recents.anim.StateManager$HomeState@67439ba
07-29 20:52:09.103  4497  4497 I AnimStateManager: HomeState handle event 1001
07-29 20:52:09.104  4497  4497 I LauncherStateManager: setOverlayScrolling false
07-29 20:52:09.104  4497  4497 I ScenarioRecognitionUtil: setScenarioState, type:296, isStart: true, packageName: com.getsurfboard
07-29 20:52:09.104  4497  4497 E Launcher.application: setClickAppWaitForCallback = true
07-29 20:52:09.104  4497  4497 I AnimStateManager: launchIconView currentWindowElement=null, pendingIconView: java.lang.ref.WeakReference@e085a9c
07-29 20:52:09.104  4497  4497 I FastLaunchUtils: use Fastlaunch
07-29 20:52:09.104  4497  4497 I AnimStateManager: onLauncherStartActivity sameOldElement=null, click View=com.miui.home.launcher.ShortcutIcon{8498334 VFED..CL. ...p..ID 36,0-318,282}(Surfboard), isOldElementReuseful=false
07-29 20:52:09.104  4497  4497 I FastLaunchUtils: use Fastlaunch
07-29 20:52:09.104  4497  4497 I RectFSpringAnim_97668261: init
07-29 20:52:09.105  1839  1966 E ANDR-PERF-UTIL: ANDR-PERF-UTIL: save_node_val() 366: Failed to read /sys/class/mmc_host/mmc0/clk_scaling/enable
07-29 20:52:09.105  1839  1966 E ANDR-PERF-OPTSHANDLER: ANDR-PERF-OPTSHANDLER: modify_sysfsnode() 1266: Failed to read /sys/class/mmc_host/mmc0/clk_scaling/enable
07-29 20:52:09.105  1839  1966 E ANDR-PERF-RESOURCEQS: ANDR-PERF-RESOURCEQS: AddAndApply() 167: Failed to apply optimization [11, 4]
07-29 20:52:09.109  2046  2081 I [THP-HAL]: release_all:force:0
07-29 20:52:09.110  4497  4497 I WindowElement3a2c82b: com.miui.home.recents.anim.FastLaunchWindowElement@3a2c82b  window init mNativeWindowTransitionCompatListener=com.miui.home.recents.anim.WindowElement$init$1@18e8488, windowTransitionCompat=com.android.systemui.shared.recents.system.WindowTransitionCompat@f400e21
07-29 20:52:09.110  4497  4497 I WindowElement3a2c82b: java.lang.Exception
07-29 20:52:09.110  4497  4497 I WindowElement3a2c82b: 	at com.miui.home.recents.anim.WindowElement.init(WindowElement.kt:1641)
07-29 20:52:09.110  4497  4497 I WindowElement3a2c82b: 	at com.miui.home.recents.anim.WindowElement.<init>(WindowElement.kt:577)
07-29 20:52:09.110  4497  4497 I WindowElement3a2c82b: 	at com.miui.home.recents.anim.WindowElement.<init>(WindowElement.kt:50)
07-29 20:52:09.110  4497  4497 I WindowElement3a2c82b: 	at com.miui.home.recents.anim.FastLaunchWindowElement.<init>(FastLaunchWindowElement.kt:45)
07-29 20:52:09.110  4497  4497 I WindowElement3a2c82b: 	at com.miui.home.recents.anim.StateManager.onLauncherStartActivity(StateManager.kt:1397)
07-29 20:52:09.110  4497  4497 I WindowElement3a2c82b: 	at com.miui.home.recents.anim.StateManager$HomeState.launchIconView(StateManager.kt:524)
07-29 20:52:09.110  4497  4497 I WindowElement3a2c82b: 	at com.miui.home.recents.anim.StateManager$HomeState.onIconClick(StateManager.kt:478)
07-29 20:52:09.110  4497  4497 I WindowElement3a2c82b: 	at com.miui.home.recents.anim.StateManager$HomeState.handleEvent(StateManager.kt:298)
07-29 20:52:09.110  4497  4497 I WindowElement3a2c82b: 	at com.miui.home.recents.anim.StateManager$IdleState.handleEvent(StateManager.kt:286)
07-29 20:52:09.110  4497  4497 I WindowElement3a2c82b: 	at com.miui.home.recents.anim.StateManager.handleEventActually(StateManager.kt:119)
07-29 20:52:09.110  4497  4497 I WindowElement3a2c82b: 	at com.miui.home.recents.anim.StateManager.sendEventActually(StateManager.kt:104)
07-29 20:52:09.110  4497  4497 I WindowElement3a2c82b: 	at com.miui.home.recents.anim.StateManager.sendEvent(StateManager.kt:130)
07-29 20:52:09.110  4497  4497 I WindowElement3a2c82b: 	at com.miui.home.launcher.Launcher$PerformLaunchAction.run(Launcher.java:5885)
07-29 20:52:09.110  4497  4497 I WindowElement3a2c82b: 	at com.miui.home.launcher.Launcher$PerformLaunchAction.launch(Launcher.java:5865)
07-29 20:52:09.110  4497  4497 I WindowElement3a2c82b: 	at com.miui.home.launcher.Launcher.openActivity(Launcher.java:5827)
07-29 20:52:09.110  4497  4497 I WindowElement3a2c82b: 	at com.miui.home.launcher.Launcher.launch(Launcher.java:5820)
07-29 20:52:09.110  4497  4497 I WindowElement3a2c82b: 	at com.miui.home.launcher.ShortcutInfo.handleClick(ShortcutInfo.java:830)
07-29 20:52:09.110  4497  4497 I WindowElement3a2c82b: 	at com.miui.home.launcher.Launcher.onClick(Launcher.java:5769)
07-29 20:52:09.110  4497  4497 I WindowElement3a2c82b: 	at android.view.View.performClick(View.java:8212)
07-29 20:52:09.110  4497  4497 I WindowElement3a2c82b: 	at android.view.View.performClickInternal(View.java:8189)
07-29 20:52:09.110  4497  4497 I WindowElement3a2c82b: 	at android.view.View.-$$Nest$mperformClickInternal(Unknown Source:0)
07-29 20:52:09.110  4497  4497 I WindowElement3a2c82b: 	at android.view.View$PerformClick.run(View.java:32713)
07-29 20:52:09.110  4497  4497 I WindowElement3a2c82b: 	at com.miui.home.launcher.ShortcutIcon.post(ShortcutIcon.java:799)
07-29 20:52:09.110  4497  4497 I WindowElement3a2c82b: 	at android.view.View.onTouchEvent(View.java:18202)
07-29 20:52:09.110  4497  4497 I WindowElement3a2c82b: 	at android.widget.TextView.onTouchEvent(TextView.java:13239)
07-29 20:52:09.110  4497  4497 I WindowElement3a2c82b: 	at com.miui.home.launcher.ShortcutIcon.onTouchEvent(ShortcutIcon.java:730)
07-29 20:52:09.110  4497  4497 I WindowElement3a2c82b: 	at android.view.View.performOnTouchCallback(View.java:16683)
07-29 20:52:09.110  4497  4497 I WindowElement3a2c82b: 	at android.view.View.dispatchTouchEvent(View.java:16636)
07-29 20:52:09.110  4497  4497 I WindowElement3a2c82b: 	at android.view.ViewGroup.dispatchTransformedTouchEvent(ViewGroup.java:3194)
