--------- beginning of main
05-08 09:10:08.032  9224  9224 I GoogleInputMethodService: GoogleInputMethodService.onFinishInput():3420 
05-08 09:10:08.036   538  2741 W InputManager-JNI: Input channel object 'd5e99ce InputMethod (client)' was disposed without first being removed with the input manager!
05-08 09:10:08.077  9224  9224 I NormalModeController: NormalModeController.getKeyboardBodyViewHolderPaddingBottom():109 currentPrimeKeyboardType:SOFT systemPaddingBottom:-1
05-08 09:10:08.081  9224  9224 I AbstractOpenableExtension: AbstractOpenableExtension.maybeDestroyExistingKeyboardGroupManager():514 Destroy existing keyboard group manager in fau
05-08 09:10:08.084  9224  9224 I KeyboardViewController: KeyboardViewController.clearSubViewControllerInternal():411 Clears keyboard sub view controller for keyboardType: null, viewType: HEADER, viewId: 2131428269(#0x7f0b03ad),which has not been set.
05-08 09:10:08.093  9224  9224 I AbstractOpenableExtension: AbstractOpenableExtension.maybeDestroyExistingKeyboardGroupManager():514 Destroy existing keyboard group manager in fci
05-08 09:10:08.096  9224  9224 I AbstractOpenableExtension: AbstractOpenableExtension.maybeDestroyExistingKeyboardGroupManager():514 Destroy existing keyboard group manager in eyj
05-08 09:10:08.101  9224  7425 I JapaneseMozcExtension: JapaneseMozcExtension.onDestroyServiceInternal():81 onDestroyServiceInternal()
05-08 09:10:08.106  9224  9224 I AbstractOpenableExtension: AbstractOpenableExtension$3.onSuccess():527 KeyboardGroupManager destroyed in fau.
05-08 09:10:08.109  9224  9224 I AbstractOpenableExtension: AbstractOpenableExtension$3.onSuccess():527 KeyboardGroupManager destroyed in fci.
05-08 09:10:08.110  9224  9224 I AbstractOpenableExtension: AbstractOpenableExtension$3.onSuccess():527 KeyboardGroupManager destroyed in eyj.
--------- beginning of system
05-08 09:10:08.527   538   578 E RemoteAugmentedAutofillService: Bad service name for flags 1048704: com.google.android.as/com.google.android.apps.miphone.aiai.app.AiAiAugmentedAutofillService
05-08 09:10:08.621  5138  5138 I abb     : StartCommandInProcess(73657474696e67730067657400676c6f settings.get.glo [truncated])
05-08 09:10:08.620   538   538 W Binder:538_1E: type=1400 audit(0.0:307): avc: denied { getopt } for scontext=u:r:system_server:s0 tcontext=u:r:shell:s0 tclass=unix_stream_socket permissive=0
05-08 09:10:08.627  5138  5138 I abb     : StartCommandInProcess(7061636b61676500696e7374616c6c00 package.install. [truncated])
05-08 09:10:08.620   538   538 W Binder:538_1E: type=1400 audit(0.0:308): avc: denied { getopt } for scontext=u:r:system_server:s0 tcontext=u:r:shell:s0 tclass=unix_stream_socket permissive=0
05-08 09:10:08.620   538   538 W Binder:538_1E: type=1400 audit(0.0:309): avc: denied { getopt } for scontext=u:r:system_server:s0 tcontext=u:r:shell:s0 tclass=unix_stream_socket permissive=0
05-08 09:10:09.056   538   592 W BroadcastQueue: Background execution not allowed: receiving Intent { act=android.intent.action.DROPBOX_ENTRY_ADDED flg=0x10 (has extras) } to com.google.android.gms/.stats.service.DropBoxEntryAddedReceiver
05-08 09:10:09.108   538   538 W Binder:538_1E: type=1400 audit(0.0:310): avc: denied { getopt } for scontext=u:r:system_server:s0 tcontext=u:r:shell:s0 tclass=unix_stream_socket permissive=0
05-08 09:10:09.221   538   672 W PackageParsing: No actions in intent-filter at /data/app/vmdl1836500896.tmp/base.apk Binary XML file line #418
05-08 09:10:09.221   538   672 W PackageParsing: No actions in intent-filter at /data/app/vmdl1836500896.tmp/base.apk Binary XML file line #428
05-08 09:10:09.221   538   672 W PackageParsing: No actions in intent-filter at /data/app/vmdl1836500896.tmp/base.apk Binary XML file line #530
05-08 09:10:09.221   538   672 W PackageParsing: No actions in intent-filter at /data/app/vmdl1836500896.tmp/base.apk Binary XML file line #612
05-08 09:10:09.221   538   672 W PackageParsing: No actions in intent-filter at /data/app/vmdl1836500896.tmp/base.apk Binary XML file line #624
05-08 09:10:09.226   538   617 I PackageManager: Integrity check passed for file:///data/app/vmdl1836500896.tmp
05-08 09:10:09.229   538   617 W PackageParsing: No actions in intent-filter at /data/app/vmdl1836500896.tmp/base.apk Binary XML file line #418
05-08 09:10:09.229   538   617 W PackageParsing: No actions in intent-filter at /data/app/vmdl1836500896.tmp/base.apk Binary XML file line #428
05-08 09:10:09.230   538   617 W PackageParsing: No actions in intent-filter at /data/app/vmdl1836500896.tmp/base.apk Binary XML file line #530
05-08 09:10:09.230   538   617 W PackageParsing: No actions in intent-filter at /data/app/vmdl1836500896.tmp/base.apk Binary XML file line #612
05-08 09:10:09.230   538   617 W PackageParsing: No actions in intent-filter at /data/app/vmdl1836500896.tmp/base.apk Binary XML file line #624
05-08 09:10:09.230   538   617 W PackageManager: Package com.mi.android.globallauncher attempting to redeclare system permission com.android.launcher.permission.INSTALL_SHORTCUT; ignoring new declaration
05-08 09:10:09.240   538   617 I PackageManager: Permission ownership changed. Updating all permissions.
05-08 09:10:09.303   538   617 I PackageDexOptimizer: Running dexopt (dexoptNeeded=1) on: /data/app/~~FHUX2OnkJs-q2AcvIu1Bug==/com.mi.android.globallauncher-BVofdtG_31E1AF1l70DHJw==/base.apk pkg=com.mi.android.globallauncher isa=x86_64 dexoptFlags=boot_complete,profile_guided,public,enable_hidden_api_checks targetFilter=speed-profile oatDir=/data/app/~~FHUX2OnkJs-q2AcvIu1Bug==/com.mi.android.globallauncher-BVofdtG_31E1AF1l70DHJw==/oat classLoaderContext=PCL[]{PCL[/system/framework/android.test.base.jar]}
05-08 09:10:09.314  1349  7567 I MediaProvider: Invalidating LocalCallingIdentity cache for package com.mi.android.globallauncher. Reason: op android:read_external_storage
05-08 09:10:09.314  1349  7567 I MediaProvider: Invalidating LocalCallingIdentity cache for package com.mi.android.globallauncher. Reason: op android:read_external_storage
05-08 09:10:09.316  1349  7567 I MediaProvider: Invalidating LocalCallingIdentity cache for package com.mi.android.globallauncher. Reason: op android:read_external_storage
05-08 09:10:09.499 15071 15071 W dex2oat64: Unexpected CPU variant for X86 using defaults: x86_64
05-08 09:10:09.499 15071 15071 W dex2oat64: Mismatch between dex2oat instruction set features to use (ISA: X86_64 Feature string: -ssse3,-sse4.1,-sse4.2,-avx,-avx2,-popcnt) and those from CPP defines (ISA: X86_64 Feature string: ssse3,sse4.1,sse4.2,-avx,-avx2,popcnt) for the command line:
05-08 09:10:09.499 15071 15071 W dex2oat64: /apex/com.android.art/bin/dex2oat64 --zip-fd=7 --zip-location=base.apk --oat-fd=8 --oat-location=/data/app/~~FHUX2OnkJs-q2AcvIu1Bug==/com.mi.android.globallauncher-BVofdtG_31E1AF1l70DHJw==/oat/x86_64/base.odex --input-vdex-fd=-1 --output-vdex-fd=9 --swap-fd=10 --classpath-dir=/data/app/~~FHUX2OnkJs-q2AcvIu1Bug==/com.mi.android.globallauncher-BVofdtG_31E1AF1l70DHJw== --class-loader-context=PCL[]{PCL[/system/framework/android.test.base.jar]} --compact-dex-level=none --instruction-set=x86_64 --instruction-set-features=default --instruction-set-variant=x86_64 --compiler-filter=speed-profile --compilation-reason=install --max-image-block-size=524288 --resolve-startup-const-strings=true --generate-mini-debug-info --runtime-arg -Xtarget-sdk-version:29 --runtime-arg -Xhidden-api-policy:enabled --runtime-arg -Xms64m --runtime-arg -Xmx512m
05-08 09:10:09.499 15071 15071 I dex2oat64: /apex/com.android.art/bin/dex2oat64 --input-vdex-fd=-1 --output-vdex-fd=9 --classpath-dir=/data/app/~~FHUX2OnkJs-q2AcvIu1Bug==/com.mi.android.globallauncher-BVofdtG_31E1AF1l70DHJw== --class-loader-context=PCL[]{PCL[/system/framework/android.test.base.jar]} --compact-dex-level=none --compiler-filter=speed-profile --compilation-reason=install --max-image-block-size=524288 --resolve-startup-const-strings=true --generate-mini-debug-info
05-08 09:10:10.187 15071 15071 W dex2oat64: Accessing hidden method Landroid/app/backup/BackupAgent;->onRestoreFile(Landroid/os/ParcelFileDescriptor;JILjava/lang/String;Ljava/lang/String;JJ)V (max-target-o, linking, denied)
05-08 09:10:10.208  2885  2931 I Finsky  : [76] naa.run(720): AIM: AppInfoManager-Perf > Destroying AppInfoManager ...
05-08 09:10:10.363 15071 15071 W dex2oat64: Accessing hidden method Landroid/view/View;->setFrame(IIII)Z (max-target-p, linking, denied)
05-08 09:10:10.364 15071 15074 W dex2oat64: Accessing hidden method Landroid/view/View;->setFrame(IIII)Z (max-target-p, linking, denied)
05-08 09:10:10.370 15071 15074 W dex2oat64: Accessing hidden method Landroid/view/View;->setFrame(IIII)Z (max-target-p, linking, denied)
05-08 09:10:10.492 15071 15076 W dex2oat64: Accessing hidden field Lcom/android/internal/R$styleable;->View:[I (max-target-q, linking, denied)
05-08 09:10:10.492 15071 15076 W dex2oat64: Accessing hidden method Landroid/app/AppOpsManager;->noteOpNoThrow(IILjava/lang/String;)I (max-target-q, linking, denied)
05-08 09:10:10.493 15071 15074 W dex2oat64: Accessing hidden method Landroid/content/ContentResolver;->acquireUnstableProvider(Landroid/net/Uri;)Landroid/content/IContentProvider; (max-target-o, linking, denied)
05-08 09:10:10.493 15071 15074 W dex2oat64: Accessing hidden method Landroid/content/IContentProvider;->call(Ljava/lang/String;Ljava/lang/String;Ljava/lang/String;Landroid/os/Bundle;)Landroid/os/Bundle; (max-target-q, linking, denied)
05-08 09:10:10.493 15071 15074 W dex2oat64: Accessing hidden method Landroid/content/ContentResolver;->acquireUnstableProvider(Landroid/net/Uri;)Landroid/content/IContentProvider; (max-target-o, linking, denied)
05-08 09:10:10.493 15071 15074 W dex2oat64: Accessing hidden method Landroid/content/ContentResolver;->acquireUnstableProvider(Landroid/net/Uri;)Landroid/content/IContentProvider; (max-target-o, linking, denied)
05-08 09:10:10.493 15071 15074 W dex2oat64: Accessing hidden method Landroid/content/IContentProvider;->update(Ljava/lang/String;Landroid/net/Uri;Landroid/content/ContentValues;Ljava/lang/String;[Ljava/lang/String;)I (max-target-q, linking, denied)
05-08 09:10:10.494 15071 15071 W dex2oat64: Accessing hidden method Landroid/view/DisplayInfo;-><init>()V (max-target-p, linking, denied)
05-08 09:10:10.494 15071 15071 W dex2oat64: Accessing hidden method Landroid/view/Display;->getDisplayInfo(Landroid/view/DisplayInfo;)Z (max-target-p, linking, denied)
05-08 09:10:10.494 15071 15075 W dex2oat64: Accessing hidden method Landroid/os/FileUtils;->copyFileOrThrow(Ljava/io/File;Ljava/io/File;)V (max-target-o, linking, denied)
05-08 09:10:10.494 15071 15075 W dex2oat64: Accessing hidden method Landroid/os/FileUtils;->copyPermissions(Ljava/io/File;Ljava/io/File;)V (max-target-o, linking, denied)
05-08 09:10:10.494 15071 15075 W dex2oat64: Accessing hidden method Landroid/os/FileUtils;->copyFileOrThrow(Ljava/io/File;Ljava/io/File;)V (max-target-o, linking, denied)
05-08 09:10:10.495 15071 15075 W dex2oat64: Accessing hidden method Landroid/os/FileUtils;->copyPermissions(Ljava/io/File;Ljava/io/File;)V (max-target-o, linking, denied)
05-08 09:10:10.495 15071 15071 W dex2oat64: Accessing hidden method Landroid/view/DisplayInfo;->getNaturalWidth()I (max-target-o, linking, denied)
05-08 09:10:10.674 15071 15071 I dex2oat64: dex2oat took 1.177s (2.927s cpu) (threads: 4) arena alloc=0B (0B) java alloc=17MB (17945888B) native alloc=2596KB (2659264B) free=1134KB (1161952B)
05-08 09:10:10.705   538   617 I PackageManager: Result set changed, dropping preferred activity for Intent { act=android.intent.action.MAIN cat=[android.intent.category.HOME,android.intent.category.DEFAULT] } type null
05-08 09:10:10.707   436   448 E installd: Couldn't opendir /data/app/vmdl1836500896.tmp: No such file or directory
05-08 09:10:10.707   436   448 E installd: Failed to delete /data/app/vmdl1836500896.tmp: No such file or directory
05-08 09:10:10.712  1349  1349 I MediaProvider: Invalidating LocalCallingIdentity cache for package com.mi.android.globallauncher. Reason: package android.intent.action.PACKAGE_ADDED
05-08 09:10:10.715   538   656 I RoleService: Granting default roles...
05-08 09:10:10.716  2885  2885 I Finsky  : [2] ackw.g(1): ackw - Received: android.intent.action.PACKAGE_ADDED, [zt2unywsZeFbcW8sBc8dDooW2MZu2zRuCJUFL9jWxDY]
05-08 09:10:10.716 10708 10708 I Finsky:background: [2] ackm.g(6): ackm - Received: android.intent.action.PACKAGE_ADDED, [zt2unywsZeFbcW8sBc8dDooW2MZu2zRuCJUFL9jWxDY]
05-08 09:10:10.719   538   666 I InputReader: Reconfiguring input devices, changes=KEYBOARD_LAYOUTS | 
05-08 09:10:10.719   538  4647 W BroadcastQueue: Background execution not allowed: receiving Intent { act=android.intent.action.PACKAGE_ADDED dat=package:com.mi.android.globallauncher flg=0x4000010 (has extras) } to com.google.android.packageinstaller/com.android.packageinstaller.PackageInstalledReceiver
05-08 09:10:10.704   538   538 W Binder:538_1E: type=1400 audit(0.0:311): avc: denied { getopt } for scontext=u:r:system_server:s0 tcontext=u:r:shell:s0 tclass=unix_stream_socket permissive=0
05-08 09:10:10.720  1346  1346 I GsaVoiceInteractionSrv: O received Intent { act=android.intent.action.PACKAGE_ADDED dat=package:com.mi.android.globallauncher flg=0x4000010 (has extras) }
05-08 09:10:10.722   538   592 W BroadcastQueue: Background execution not allowed: receiving Intent { act=android.intent.action.PACKAGE_ADDED dat=package:com.mi.android.globallauncher flg=0x4000010 (has extras) } to com.android.vending/com.google.android.finsky.packagemonitor.impl.PackageMonitorReceiverImpl$RegisteredReceiver
05-08 09:10:10.722   538   592 W BroadcastQueue: Background execution not allowed: receiving Intent { act=android.intent.action.PACKAGE_ADDED dat=package:com.mi.android.globallauncher flg=0x4000010 (has extras) } to com.android.vending/com.google.android.finsky.packagemonitor.backgroundimpl.BackgroundPackageMonitorReceiverImpl$RegisteredReceiver
05-08 09:10:10.722   538   592 W BroadcastQueue: Background execution not allowed: receiving Intent { act=android.intent.action.PACKAGE_ADDED dat=package:com.mi.android.globallauncher flg=0x4000010 (has extras) } to com.google.android.gms/.chimera.GmsIntentOperationService$PersistentTrustedReceiver
05-08 09:10:10.722   538   592 W BroadcastQueue: Background execution not allowed: receiving Intent { act=android.intent.action.PACKAGE_ADDED dat=package:com.mi.android.globallauncher flg=0x4000010 (has extras) } to com.google.android.gms/.games.chimera.GamesSystemBroadcastReceiverProxy
05-08 09:10:10.704   538   538 W Binder:538_1E: type=1400 audit(0.0:312): avc: denied { getopt } for scontext=u:r:system_server:s0 tcontext=u:r:shell:s0 tclass=unix_stream_socket permissive=0
05-08 09:10:10.727   538   592 W BroadcastQueue: Background execution not allowed: receiving Intent { act=android.intent.action.PACKAGE_ADDED dat=package:com.mi.android.globallauncher flg=0x4000010 (has extras) } to com.google.android.gms/.gass.chimera.PackageChangeBroadcastReceiver
05-08 09:10:10.704   538   538 W Binder:538_1E: type=1400 audit(0.0:313): avc: denied { getopt } for scontext=u:r:system_server:s0 tcontext=u:r:shell:s0 tclass=unix_stream_socket permissive=0
05-08 09:10:10.732  1734 14933 W Role    : Cannot get ApplicationInfo for default holder: com.google.android.contacts
05-08 09:10:10.742  1734 14933 W Role    : Cannot get ApplicationInfo for default holder: com.google.android.as
05-08 09:10:10.748   175   175 I servicemanager: Since 'apexservice' could not be found, trying to start it as a lazy AIDL service
05-08 09:10:10.763  2885 14699 I Finsky  : [526] pcj.kh(37): [ContentSync] finished, scheduled=false
05-08 09:10:10.765   538   592 W BroadcastQueue: Background execution not allowed: receiving Intent { act=android.intent.action.PACKAGE_ADDED dat=package:com.mi.android.globallauncher flg=0x4000010 (has extras) } to com.google.android.googlequicksearchbox/com.google.android.apps.gsa.googlequicksearchbox.GelStubAppWatcher
05-08 09:10:10.778   538   538 I Telecom : DefaultDialerCache: Refreshing default dialer for user 0: now com.android.dialer: DDC.oR@ARI
05-08 09:10:10.783  1734  8107 I PermissionControllerServiceImpl: Updating user sensitive for uid 10193
05-08 09:10:10.799  2885  2885 I Finsky  : [2] arwd.c(44): Do not start WearSupportService due to Wear service optimization
05-08 09:10:10.803  2885  2885 I Finsky  : [2] ajgh.f(9): Clearing split related stale data.
05-08 09:10:10.809  2885  2885 I Finsky  : [2] wqm.jr(11): DTU: Received onPackageAdded, replacing: false
05-08 09:10:10.809  2885  2885 I Finsky  : [2] mzk.f(7): AIM: AppInfoCacheUpdater -> invalidating apps: [com.mi.android.globallauncher]
05-08 09:10:10.809  2885  2885 I Finsky  : [2] mzy.c(19): AIM: AppInfoManager-Perf > getApps > called for 1 apps
05-08 09:10:10.822   538   614 E VerityUtils: Failed to measure fs-verity, errno 1: /data/app/~~FHUX2OnkJs-q2AcvIu1Bug==/com.mi.android.globallauncher-BVofdtG_31E1AF1l70DHJw==/base.apk
05-08 09:10:10.841  2885  2931 I Finsky  : [76] nbh.a(47): AIM: AppInfoManager-Perf > OnDeviceAppInfo > cacheHitCount=0, cacheMissCount=1. Missed  in cache (limit 10) : [com.mi.android.globallauncher]
05-08 09:10:10.842  2885  2922 I Finsky  : [67] mef.apply(1136): AIM: Got app ownership map. App counts: . Unique apps: 0
05-08 09:10:10.842  2885  2922 E Finsky  : [67] aisy.D(47): [Counters] attempted to use a non-positive increment for: 4752
05-08 09:10:10.843  2885  2922 E Finsky  : [67] aisy.D(47): [Counters] attempted to use a non-positive increment for: 4753
05-08 09:10:10.876  2885  2931 I Finsky  : [76] nbc.a(218): AIM: AppInfoManager-Perf > ItemModel > CacheSize=27, cacheHitCount=0, cacheMissCount=0, total appsWithNoServerDataCount=0. Missed  in cache (limit 10) : []
05-08 09:10:10.907  2885  2917 I Finsky  : [62] lwo.accept(133): AIM: AppInfoManager-Perf > getApps > data collection finished
05-08 09:10:10.908  1734 14933 W Role    : Cannot get ApplicationInfo for default holder: com.google.android.as
05-08 09:10:10.909  2885  2917 I Finsky  : [62] naa.run(909): AIM: AppInfoManager-Perf > maybeDestroyAppInfoManager is called. actives = 0
05-08 09:10:10.909  1734 14933 W Role    : Cannot get ApplicationInfo for default holder: com.google.android.as
05-08 09:10:10.907  1172 14944 W GCM     : Unexpected forwarded intent: Intent { act=android.intent.action.PACKAGE_ADDED dat=package:com.mi.android.globallauncher flg=0x4000010 pkg=com.google.android.gms cmp=com.google.android.gms/.chimera.PersistentIntentOperationService (has extras) }
05-08 09:10:10.919  1172 14947 W NetworkScheduler: Unexpected forwarded intent: Intent { act=android.intent.action.PACKAGE_ADDED dat=package:com.mi.android.globallauncher flg=0x4000010 pkg=com.google.android.gms cmp=com.google.android.gms/.chimera.PersistentIntentOperationService (has extras) }
05-08 09:10:10.919  1412 14946 I Auth    : (REDACTED) [SupervisedAccountIntentOperationV2] onHandleIntent: %s
05-08 09:10:10.926  1412 14946 I Blockstore: (REDACTED) [DataStoreImpl] Clearing Blockstore Data for package %s
05-08 09:10:10.931  1412 14953 I Dck     : (REDACTED) disableDckSupport: %s
05-08 09:10:10.931  1412 14953 W Dck     : [WirelessCapabilitiesFeatures] wccSysProp: 0 [CONTEXT service_id=289 ]
05-08 09:10:10.931  1412 14953 I Dck     : [WirelessCapabilitiesFeatures] wccMendel: 3 [CONTEXT service_id=289 ]
05-08 09:10:10.931  1412 14953 I Dck     : [WirelessCapabilitiesFeatures] deviceWccOverride: false [CONTEXT service_id=289 ]
05-08 09:10:10.932  1412 14953 I Dck     : [WirelessCapabilitiesFeatures] replaceSupportedWccWithWccOverride: true [CONTEXT service_id=289 ]
05-08 09:10:10.932  1412 14953 I Dck     : [WirelessCapabilitiesFeatures] wccOverride: not set [CONTEXT service_id=289 ]
05-08 09:10:10.932  1412 14953 I Dck     : (REDACTED) [WirelessCapabilitiesFeatures] wcc: %s
05-08 09:10:10.932  1412 14953 I Dck     : Dck module condition - hasWccSupport: false [CONTEXT service_id=289 ]
05-08 09:10:10.932  1412 14953 I Dck     : Dck module condition - downloadAllowed: false [CONTEXT service_id=289 ]
05-08 09:10:10.932  1412 14953 W Dck     : Dck module not eligible for asynchronous downloading [CONTEXT service_id=289 ]
05-08 09:10:10.932  1412 14946 I Blockstore: [DataStoreImpl] Keyless data not found or its IsLastInstallationData = false. [CONTEXT service_id=258 ]
05-08 09:10:10.977 10708 14920 I Finsky:background: [142] rph.accept(118): Wrote row to frosting DB: 348
05-08 09:10:10.987 10708 14920 I Finsky:background: [142] rph.accept(118): Wrote row to frosting DB: 349
05-08 09:10:10.993  1734 14933 W Role    : Cannot get ApplicationInfo for default holder: com.google.android.as
05-08 09:10:11.012  1533 14780 I A       : Writing data of size=408 bytes with N=1 keys to Geller corpus DEVICE_INSTALLED_APPS at ts=1746695411011000
05-08 09:10:11.018  1533  1713 I DeviceAppInfoWork: refreshDeviceAppInfoForAccount done.
05-08 09:10:11.019   538   591 W PackageManager: Failed registering loading progress callback. Package is fully loaded.
05-08 09:10:11.022  1533  1785 W DeviceAppInfoWork: missing version info.
05-08 09:10:11.039  1412 14974 I Icing   : Indexing com.google.android.gms-apps from com.google.android.gms
05-08 09:10:11.046  1412 14974 I Icing   : Indexing done com.google.android.gms-apps
05-08 09:10:11.048  1412  2813 I cn_CronetUrlRequestContext: destroyNativeStreamLocked org.chromium.net.impl.CronetBidirectionalStream@7f82708
05-08 09:10:11.057  1734 14933 W Role    : Cannot get ApplicationInfo for default holder: com.google.android.as
05-08 09:10:11.059  1734 14933 W Role    : Cannot get ApplicationInfo for default holder: com.google.android.as
05-08 09:10:11.101   175   175 I BpBinder: onLastStrongRef automatically unlinking death recipients: <uncached descriptor>
05-08 09:10:11.101   175   175 I servicemanager: Tried to unregister apexservice, but there is about to be a client.
05-08 09:10:11.121   538   552 I system_server: Background concurrent copying GC freed 306803(16MB) AllocSpace objects, 65(3380KB) LOS objects, 49% free, 22MB/44MB, paused 313us,63us total 414.029ms
05-08 09:10:11.125   935   947 I m.android.phon: Background young concurrent copying GC freed 50203(2750KB) AllocSpace objects, 0(0B) LOS objects, 48% free, 3055KB/5911KB, paused 476us,47us total 310.396ms
05-08 09:10:11.128   538   554 W System  : A resource failed to call close. 
05-08 09:10:11.333   175   175 I servicemanager: Notifying apexservice they have clients: 1
05-08 09:10:11.493  1349  1683 W MediaProvider: isAppCloneUserPair for user 0: false
05-08 09:10:11.542  1172 14804 I NetworkScheduler.Stats: (REDACTED) Task %s/%s started execution. cause:%s exec_start_elapsed_seconds: %s
05-08 09:10:11.545   176   176 I hwservicemanager: getTransport: Cannot find entry android.hardware.graphics.mapper@4.0::IMapper/default in either framework or device VINTF manifest.
05-08 09:10:11.546 15114 15118 I Gralloc4: mapper 4.x is not supported
05-08 09:10:11.548  1172 14975 I NetworkScheduler.Stats: (REDACTED) Task %s/%s finished executing. cause:%s result: %s elapsed_millis: %s uptime_millis: %s exec_start_elapsed_seconds: %s
05-08 09:10:11.927  1349  1860 I MediaProvider: Begin Intent { act=android.intent.action.MEDIA_SCANNER_SCAN_FILE dat=file:///sdcard/screen_2025-05-08_171011.png flg=0x1400010 cmp=com.google.android.providers.media.module/com.android.providers.media.MediaService }
05-08 09:10:11.940  1349  1860 I MediaProvider: End Intent { act=android.intent.action.MEDIA_SCANNER_SCAN_FILE dat=file:///sdcard/screen_2025-05-08_171011.png flg=0x1400010 cmp=com.google.android.providers.media.module/com.android.providers.media.MediaService }
05-08 09:10:12.062  1349  1505 I MediaProvider: Deleted 0 1 0 0 0 0 0 items on external_primary due to com.android.shell
05-08 09:10:12.351   538  1780 I ActivityManager: Force stopping com.mi.android.globallauncher appid=10193 user=0: from pid 15144
05-08 09:10:12.415   538   578 I ActivityTaskManager: START u0 {act=android.intent.action.MAIN cat=[android.intent.category.HOME] flg=0x10000100 cmp=com.google.android.apps.nexuslauncher/.NexusLauncherActivity (has extras)} from uid 0
05-08 09:10:12.440   538  4647 W ActivityManager: Unable to start service Intent { act=android.service.smartspace.SmartspaceService cmp=com.google.android.as/com.google.android.apps.miphone.aiai.app.AiAiSmartspaceService } U=0: not found
05-08 09:10:12.441   538  4647 W RemoteSmartspaceService: could not bind to Intent { act=android.service.smartspace.SmartspaceService cmp=com.google.android.as/com.google.android.apps.miphone.aiai.app.AiAiSmartspaceService } using flags 67112961
05-08 09:10:12.441   538   538 W ActivityManager: Unbind failed: could not find connection for android.app.LoadedApk$ServiceDispatcher$InnerConnection@8c47758
05-08 09:10:12.509  2885  2930 I Finsky  : [75] naa.run(720): AIM: AppInfoManager-Perf > Destroying AppInfoManager ...
05-08 09:10:13.692  1349  1504 W MediaProvider: isAppCloneUserPair for user 0: false
05-08 09:10:13.726   176   176 I hwservicemanager: getTransport: Cannot find entry android.hardware.graphics.mapper@4.0::IMapper/default in either framework or device VINTF manifest.
05-08 09:10:13.726 15168 15170 I Gralloc4: mapper 4.x is not supported
05-08 09:10:14.065  1349  1860 I MediaProvider: Begin Intent { act=android.intent.action.MEDIA_SCANNER_SCAN_FILE dat=file:///sdcard/screen_2025-05-08_171014.png flg=0x1400010 cmp=com.google.android.providers.media.module/com.android.providers.media.MediaService }
05-08 09:10:14.076  1349  1860 W ExifInterface: Invalid image: ExifInterface got an unsupported image format file(ExifInterface supports JPEG and some RAW image formats only) or a corrupted JPEG file to ExifInterface.
05-08 09:10:14.076  1349  1860 W ExifInterface: java.io.EOFException
05-08 09:10:14.076  1349  1860 W ExifInterface: 	at android.media.ExifInterface$ByteOrderedDataInputStream.readShort(ExifInterface.java:4995)
05-08 09:10:14.076  1349  1860 W ExifInterface: 	at android.media.ExifInterface.readByteOrder(ExifInterface.java:3977)
05-08 09:10:14.076  1349  1860 W ExifInterface: 	at android.media.ExifInterface.parseTiffHeaders(ExifInterface.java:3997)
05-08 09:10:14.076  1349  1860 W ExifInterface: 	at android.media.ExifInterface.getRawAttributes(ExifInterface.java:2963)
05-08 09:10:14.076  1349  1860 W ExifInterface: 	at android.media.ExifInterface.loadAttributes(ExifInterface.java:2024)
05-08 09:10:14.076  1349  1860 W ExifInterface: 	at android.media.ExifInterface.<init>(ExifInterface.java:1641)
05-08 09:10:14.076  1349  1860 W ExifInterface: 	at android.media.ExifInterface.<init>(ExifInterface.java:1592)
05-08 09:10:14.076  1349  1860 W ExifInterface: 	at com.android.providers.media.scan.ModernMediaScanner.scanItemImage(ModernMediaScanner.java:1367)
05-08 09:10:14.076  1349  1860 W ExifInterface: 	at com.android.providers.media.scan.ModernMediaScanner.scanItem(ModernMediaScanner.java:1003)
05-08 09:10:14.076  1349  1860 W ExifInterface: 	at com.android.providers.media.scan.ModernMediaScanner.access$1200(ModernMediaScanner.java:146)
05-08 09:10:14.076  1349  1860 W ExifInterface: 	at com.android.providers.media.scan.ModernMediaScanner$Scan.visitFile(ModernMediaScanner.java:801)
05-08 09:10:14.076  1349  1860 W ExifInterface: 	at com.android.providers.media.scan.ModernMediaScanner$Scan.visitFile(ModernMediaScanner.java:320)
05-08 09:10:14.076  1349  1860 W ExifInterface: 	at java.nio.file.Files.walkFileTree(Files.java:2670)
05-08 09:10:14.076  1349  1860 W ExifInterface: 	at java.nio.file.Files.walkFileTree(Files.java:2742)
05-08 09:10:14.076  1349  1860 W ExifInterface: 	at com.android.providers.media.scan.ModernMediaScanner$Scan.walkFileTree(ModernMediaScanner.java:439)
05-08 09:10:14.076  1349  1860 W ExifInterface: 	at com.android.providers.media.scan.ModernMediaScanner$Scan.runInternal(ModernMediaScanner.java:402)
05-08 09:10:14.076  1349  1860 W ExifInterface: 	at com.android.providers.media.scan.ModernMediaScanner$Scan.run(ModernMediaScanner.java:391)
05-08 09:10:14.076  1349  1860 W ExifInterface: 	at com.android.providers.media.scan.ModernMediaScanner.scanFile(ModernMediaScanner.java:263)
05-08 09:10:14.076  1349  1860 W ExifInterface: 	at com.android.providers.media.MediaProvider.scanFile(MediaProvider.java:1273)
05-08 09:10:14.076  1349  1860 W ExifInterface: 	at com.android.providers.media.MediaProvider.scanFile(MediaProvider.java:1269)
05-08 09:10:14.076  1349  1860 W ExifInterface: 	at com.android.providers.media.MediaService.onScanFile(MediaService.java:215)
05-08 09:10:14.076  1349  1860 W ExifInterface: 	at com.android.providers.media.MediaService.onHandleWork(MediaService.java:85)
05-08 09:10:14.076  1349  1860 W ExifInterface: 	at androidx.core.app.JobIntentService$CommandProcessor.doInBackground(JobIntentService.java:396)
05-08 09:10:14.076  1349  1860 W ExifInterface: 	at androidx.core.app.JobIntentService$CommandProcessor.doInBackground(JobIntentService.java:387)
05-08 09:10:14.076  1349  1860 W ExifInterface: 	at android.os.AsyncTask$3.call(AsyncTask.java:394)
05-08 09:10:14.076  1349  1860 W ExifInterface: 	at java.util.concurrent.FutureTask.run(FutureTask.java:266)
05-08 09:10:14.076  1349  1860 W ExifInterface: 	at java.util.concurrent.ThreadPoolExecutor.runWorker(ThreadPoolExecutor.java:1167)
05-08 09:10:14.076  1349  1860 W ExifInterface: 	at java.util.concurrent.ThreadPoolExecutor$Worker.run(ThreadPoolExecutor.java:641)
05-08 09:10:14.076  1349  1860 W ExifInterface: 	at java.lang.Thread.run(Thread.java:920)
05-08 09:10:14.088  1349  1860 I MediaProvider: End Intent { act=android.intent.action.MEDIA_SCANNER_SCAN_FILE dat=file:///sdcard/screen_2025-05-08_171014.png flg=0x1400010 cmp=com.google.android.providers.media.module/com.android.providers.media.MediaService }
05-08 09:10:14.155  1349  1505 I MediaProvider: Deleted 0 1 0 0 0 0 0 items on external_primary due to com.android.shell
05-08 09:10:14.155  1172  2228 I UriTaskContentObserver: (REDACTED) Throttling content uri change event for %s
05-08 09:10:14.831  1349  1504 W MediaProvider: isAppCloneUserPair for user 0: false
05-08 09:10:14.881   176   176 I hwservicemanager: getTransport: Cannot find entry android.hardware.graphics.mapper@4.0::IMapper/default in either framework or device VINTF manifest.
05-08 09:10:14.882 15207 15209 I Gralloc4: mapper 4.x is not supported
05-08 09:10:15.351  1349  1860 I MediaProvider: Begin Intent { act=android.intent.action.MEDIA_SCANNER_SCAN_FILE dat=file:///sdcard/screen_2025-05-08_171015.png flg=0x1400010 cmp=com.google.android.providers.media.module/com.android.providers.media.MediaService }
05-08 09:10:15.356  1349  1860 I MediaProvider: End Intent { act=android.intent.action.MEDIA_SCANNER_SCAN_FILE dat=file:///sdcard/screen_2025-05-08_171015.png flg=0x1400010 cmp=com.google.android.providers.media.module/com.android.providers.media.MediaService }
05-08 09:10:15.449  1349  1505 I MediaProvider: Deleted 0 1 0 0 0 0 0 items on external_primary due to com.android.shell
05-08 09:10:15.449  1172  2228 I UriTaskContentObserver: (REDACTED) Throttling content uri change event for %s
05-08 09:10:15.923 15234 15234 I AndroidRuntime: Using default boot image
05-08 09:10:15.923 15234 15234 I AndroidRuntime: Leaving lock profiling enabled
05-08 09:10:15.923 15234 15234 W libc    : Access denied finding property "odsign.verification.success"
05-08 09:10:15.925 15234 15234 W app_process: ART APEX data files are untrusted.
05-08 09:10:15.920 15234 15234 W app_process: type=1400 audit(0.0:314): avc: denied { read } for name="u:object_r:odsign_prop:s0" dev="tmpfs" ino=203 scontext=u:r:shell:s0 tcontext=u:object_r:odsign_prop:s0 tclass=file permissive=0
05-08 09:10:16.045 15234 15234 W app_process: Unexpected CPU variant for X86 using defaults: x86_64
05-08 09:10:16.066 15234 15234 W app_process: ClassLoaderContext classpath size mismatch. expected=0, found=1 (PCL[] | PCL[/system/framework/android.test.runner.jar*1585996318])
05-08 09:10:17.163 15234 15234 I AccessibilityNodeInfoDumper: Skipping invisible child: android.view.accessibility.AccessibilityNodeInfo@19d9c; boundsInParent: Rect(0, 0 - 0, 49); boundsInScreen: Rect(101, 290 - 101, 339); packageName: com.google.android.apps.nexuslauncher; className: android.widget.TextView; text: null; error: null; maxTextLength: -1; stateDescription: null; contentDescription: null; tooltipText: null; viewIdResName: com.google.android.apps.nexuslauncher:id/subtitle_text; checkable: false; checked: false; focusable: false; focused: false; selected: false; clickable: false; longClickable: false; contextClickable: false; enabled: true; password: false; scrollable: false; importantForAccessibility: true; visible: false; actions: [AccessibilityAction: ACTION_SELECT - null, AccessibilityAction: ACTION_CLEAR_SELECTION - null, AccessibilityAction: ACTION_ACCESSIBILITY_FOCUS - null, AccessibilityAction: ACTION_SHOW_ON_SCREEN - null]
05-08 09:10:17.164  1412 14955 I GmscoreIpa: Starting mediastore instant index [CONTEXT service_id=255 ]
05-08 09:10:17.167 15234 15234 W AccessibilityNodeInfoDumper: Fetch time: 16ms
05-08 09:10:17.611  1172 14274 I NearbyMediums: No BLE Fast/GATT advertisements found in the latest cycle.
05-08 09:10:18.377  1349  1683 W MediaProvider: isAppCloneUserPair for user 0: false
05-08 09:10:18.403   176   176 I hwservicemanager: getTransport: Cannot find entry android.hardware.graphics.mapper@4.0::IMapper/default in either framework or device VINTF manifest.
05-08 09:10:18.404 15278 15280 I Gralloc4: mapper 4.x is not supported
05-08 09:10:18.738  1349  1860 I MediaProvider: Begin Intent { act=android.intent.action.MEDIA_SCANNER_SCAN_FILE dat=file:///sdcard/screen_2025-05-08_171018.png flg=0x1400010 cmp=com.google.android.providers.media.module/com.android.providers.media.MediaService }
05-08 09:10:18.750  1349  1860 I MediaProvider: End Intent { act=android.intent.action.MEDIA_SCANNER_SCAN_FILE dat=file:///sdcard/screen_2025-05-08_171018.png flg=0x1400010 cmp=com.google.android.providers.media.module/com.android.providers.media.MediaService }
05-08 09:10:18.903  1349  5273 I MediaProvider: Deleted 0 1 0 0 0 0 0 items on external_primary due to com.android.shell
05-08 09:10:19.348   538   858 I ActivityTaskManager: START u0 {act=android.intent.action.MAIN cat=[android.intent.category.LAUNCHER] flg=0x10000000 cmp=com.mi.android.globallauncher/com.miui.home.launcher.SplashActivity} from uid 2000
05-08 09:10:19.354   538   858 W ActivityTaskManager: Can't find TaskDisplayArea to determine support for multi window. Task id=32 attached=false
05-08 09:10:19.384   538   593 I ActivityManager: Start proc 15310:com.mi.android.globallauncher/u0a193 for pre-top-activity {com.mi.android.globallauncher/com.miui.home.launcher.SplashActivity}
05-08 09:10:19.391   764   968 W StartingSurfaceDrawer: Window background is transparent, fill background with black color
05-08 09:10:19.392 15310 15310 W .globallaunche: Unexpected CPU variant for X86 using defaults: x86_64
05-08 09:10:19.407 15310 15310 E .globallaunche: Not starting debugger since process cannot load the jdwp agent.
05-08 09:10:19.448 15310 15310 W libc    : Access denied finding property "ro.hardware.fp.fod"
05-08 09:10:19.449 15310 15310 I MultiDex: VM with version 2.1.0 has multidex support
05-08 09:10:19.449 15310 15310 I MultiDex: Installing application
05-08 09:10:19.449 15310 15310 I MultiDex: VM has multidex support, MultiDex support library is disabled.
05-08 09:10:19.488  1346  1346 I GsaVoiceInteractionSrv: Handling ACTION_STOP_HOTWORD
05-08 09:10:19.498  1346  1346 E HwDetectorWithState: a: 3
05-08 09:10:19.502 15310 15310 W ComponentDiscovery: Class com.google.firebase.dynamicloading.DynamicLoadingRegistrar is not an found.
05-08 09:10:19.504 15310 15310 I FirebaseApp: Device unlocked: initializing all Firebase APIs for app [DEFAULT]
05-08 09:10:19.517 15310 15330 I DynamiteModule: Considering local module com.google.android.gms.measurement.dynamite:19 and remote module com.google.android.gms.measurement.dynamite:0
05-08 09:10:19.522 15310 15330 I DynamiteModule: Selected local version of com.google.android.gms.measurement.dynamite
05-08 09:10:19.538 15310 15310 I FirebaseCrashlytics: Initializing Crashlytics 17.3.0
05-08 09:10:19.558 15310 15330 W .globallaunche: ClassLoaderContext classpath size mismatch. expected=13, found=0 (DLC[];PCL[base.apk*1914472534:base.apk!classes2.dex*3304451845:base.apk!classes3.dex*814030735:base.apk!classes4.dex*1701140833:base.apk!classes5.dex*671790505:base.apk!classes6.dex*3453289445:base.apk!classes7.dex*3073107556:base.apk!classes8.dex*2923806363:base.apk!classes9.dex*3566253840:base.apk!classes10.dex*3357887208:base.apk!classes11.dex*1617793128:base.apk!classes12.dex*2938047849:base.apk!classes13.dex*1145982731]{PCL[/system/framework/org.apache.http.legacy.jar*2058259660]#PCL[/system/framework/com.android.media.remotedisplay.jar*3472798122]#PCL[/system/framework/com.android.location.provider.jar*3633238673]#PCL[/system_ext/framework/androidx.window.sidecar.jar*3539530913]#PCL[/system/framework/org.apache.http.legacy.jar*2058259660]} | DLC[];PCL[])
05-08 09:10:19.575 15310 15310 I FirebaseInitProvider: FirebaseApp initialization successful
05-08 09:10:19.654 15310 15337 I FA      : App measurement initialized, version: 32053
05-08 09:10:19.654 15310 15337 I FA      : To enable debug logging run: adb shell setprop log.tag.FA VERBOSE
05-08 09:10:19.654 15310 15337 I FA      : To enable faster debug mode event logging run:
05-08 09:10:19.654 15310 15337 I FA      :   adb shell setprop debug.firebase.analytics.app com.mi.android.globallauncher
05-08 09:10:19.669 15310 15310 W MEDIATION-MiAdManager-globallauncher-[Main]: initCrashMonitor: true
05-08 09:10:19.709   935  1193 W TelephonyPermissions: reportAccessDeniedToReadIdentifiers:com.mi.android.globallauncher:getSubscriberIdForSubscriber:1
05-08 09:10:19.714 15310 15364 E ContentValues: Get MCC/MNC exception
05-08 09:10:19.714 15310 15364 E ContentValues: java.lang.SecurityException: getSubscriberIdForSubscriber: The user 10193 does not meet the requirements to access device identifiers.
05-08 09:10:19.714 15310 15364 E ContentValues: 	at android.os.Parcel.createExceptionOrNull(Parcel.java:2425)
05-08 09:10:19.714 15310 15364 E ContentValues: 	at android.os.Parcel.createException(Parcel.java:2409)
05-08 09:10:19.714 15310 15364 E ContentValues: 	at android.os.Parcel.readException(Parcel.java:2392)
05-08 09:10:19.714 15310 15364 E ContentValues: 	at android.os.Parcel.readException(Parcel.java:2334)
05-08 09:10:19.714 15310 15364 E ContentValues: 	at com.android.internal.telephony.IPhoneSubInfo$Stub$Proxy.getSubscriberIdForSubscriber(IPhoneSubInfo.java:1161)
05-08 09:10:19.714 15310 15364 E ContentValues: 	at android.telephony.TelephonyManager.getSubscriberId(TelephonyManager.java:4105)
05-08 09:10:19.714 15310 15364 E ContentValues: 	at android.telephony.TelephonyManager.getSubscriberId(TelephonyManager.java:4084)
05-08 09:10:19.714 15310 15364 E ContentValues: 	at com.xiaomi.ad.mediationconfig.internal.utils.a.a(SourceFile:82)
05-08 09:10:19.714 15310 15364 E ContentValues: 	at com.xiaomi.ad.mediationconfig.internal.d$1.run(SourceFile:2120)
05-08 09:10:19.714 15310 15364 E ContentValues: 	at java.lang.Thread.run(Thread.java:920)
05-08 09:10:19.743 15310 15310 W Glide   : Failed to find GeneratedAppGlideModule. You should include an annotationProcessor compile dependency on com.github.bumptech.glide:compiler in your application and a @GlideModule annotated AppGlideModule implementation or LibraryGlideModules will be silently ignored
05-08 09:10:19.748 15310 15337 I FA      : Tag Manager is not found and thus will not be used
05-08 09:10:19.837   365   443 W ServiceManager: Permission failure: android.permission.ACCESS_SURFACE_FLINGER from uid=10193 pid=15310
05-08 09:10:19.839   365   443 W ServiceManager: Permission failure: android.permission.ROTATE_SURFACE_FLINGER from uid=10193 pid=15310
05-08 09:10:19.841   538  1780 W ActivityManager: Unable to start service Intent { act=android.service.smartspace.SmartspaceService cmp=com.google.android.as/com.google.android.apps.miphone.aiai.app.AiAiSmartspaceService } U=0: not found
05-08 09:10:19.842   538  1780 W RemoteSmartspaceService: could not bind to Intent { act=android.service.smartspace.SmartspaceService cmp=com.google.android.as/com.google.android.apps.miphone.aiai.app.AiAiSmartspaceService } using flags 67112961
05-08 09:10:19.843   538   538 W ActivityManager: Unbind failed: could not find connection for android.app.LoadedApk$ServiceDispatcher$InnerConnection@a744313
05-08 09:10:19.850  1533  1533 I A       : onApplyWindowInsets: systemWindowInsets=Insets{left=0, top=63, right=0, bottom=126}
05-08 09:10:19.852  1533  1533 I A       : onApplyWindowInsets: systemWindowInsets=Insets{left=0, top=63, right=0, bottom=126}
05-08 09:10:19.856   176   176 I hwservicemanager: getTransport: Cannot find entry android.hardware.configstore@1.0::ISurfaceFlingerConfigs/default in either framework or device VINTF manifest.
05-08 09:10:19.857 15310 15371 W OpenGLRenderer: Failed to choose config with EGL_SWAP_BEHAVIOR_PRESERVED, retrying without...
05-08 09:10:19.857 15310 15371 W OpenGLRenderer: Failed to initialize 101010-2 format, error = EGL_SUCCESS
05-08 09:10:19.918   365   443 E HWComposer: getSupportedContentTypes: getSupportedContentTypes failed for display 4619827259835644672: Unsupported (8)
05-08 09:10:19.925   176   176 I hwservicemanager: getTransport: Cannot find entry android.hardware.graphics.mapper@4.0::IMapper/default in either framework or device VINTF manifest.
05-08 09:10:19.925 15310 15371 I Gralloc4: mapper 4.x is not supported
05-08 09:10:19.930   176   176 I hwservicemanager: getTransport: Cannot find entry android.hardware.graphics.allocator@4.0::IAllocator/default in either framework or device VINTF manifest.
05-08 09:10:19.937 15310 15371 W Gralloc4: allocator 4.x is not supported
05-08 09:10:20.059   538   577 I ActivityTaskManager: Displayed com.mi.android.globallauncher/com.miui.home.launcher.SplashActivity: +697ms
05-08 09:10:20.164  1412 15384 I AdvertisingIdClient: shouldSendLog 2869536
05-08 09:10:20.167  1412 15384 I AdvertisingIdClient: GetInfoInternal elapse 38ms
05-08 09:10:20.317  1172 15119 I NetworkScheduler: (REDACTED) Error inserting %s
05-08 09:10:20.364   538   858 W InputManager-JNI: Input channel object 'c74dd92 Splash Screen com.mi.android.globallauncher (client)' was disposed without first being removed with the input manager!
05-08 09:10:20.387  1172 14804 I NetworkScheduler: (REDACTED) Error inserting %s
05-08 09:10:20.423  1172 14804 I NetworkScheduler: (REDACTED) Error inserting %s
05-08 09:10:20.461  2885  3353 I Finsky  : [120] ashj.K(185): Package com.google.android.gms is verified.
05-08 09:10:20.503  1412 15384 W FA-SVC  : Service response is missing Install Referrer install timestamp
05-08 09:10:20.689  1349  1683 W MediaProvider: isAppCloneUserPair for user 0: false
05-08 09:10:20.740   176   176 I hwservicemanager: getTransport: Cannot find entry android.hardware.graphics.mapper@4.0::IMapper/default in either framework or device VINTF manifest.
05-08 09:10:20.741 15411 15414 I Gralloc4: mapper 4.x is not supported
05-08 09:10:20.875  1349  1860 I MediaProvider: Begin Intent { act=android.intent.action.MEDIA_SCANNER_SCAN_FILE dat=file:///sdcard/screen_2025-05-08_171020.png flg=0x1400010 cmp=com.google.android.providers.media.module/com.android.providers.media.MediaService }
05-08 09:10:20.877  1349  1860 W ExifInterface: Invalid image: ExifInterface got an unsupported image format file(ExifInterface supports JPEG and some RAW image formats only) or a corrupted JPEG file to ExifInterface.
05-08 09:10:20.877  1349  1860 W ExifInterface: java.io.EOFException
05-08 09:10:20.877  1349  1860 W ExifInterface: 	at android.media.ExifInterface$ByteOrderedDataInputStream.readShort(ExifInterface.java:4995)
05-08 09:10:20.877  1349  1860 W ExifInterface: 	at android.media.ExifInterface.readByteOrder(ExifInterface.java:3977)
05-08 09:10:20.877  1349  1860 W ExifInterface: 	at android.media.ExifInterface.parseTiffHeaders(ExifInterface.java:3997)
05-08 09:10:20.877  1349  1860 W ExifInterface: 	at android.media.ExifInterface.getRawAttributes(ExifInterface.java:2963)
05-08 09:10:20.877  1349  1860 W ExifInterface: 	at android.media.ExifInterface.loadAttributes(ExifInterface.java:2024)
05-08 09:10:20.877  1349  1860 W ExifInterface: 	at android.media.ExifInterface.<init>(ExifInterface.java:1641)
05-08 09:10:20.877  1349  1860 W ExifInterface: 	at android.media.ExifInterface.<init>(ExifInterface.java:1592)
05-08 09:10:20.877  1349  1860 W ExifInterface: 	at com.android.providers.media.scan.ModernMediaScanner.scanItemImage(ModernMediaScanner.java:1367)
05-08 09:10:20.877  1349  1860 W ExifInterface: 	at com.android.providers.media.scan.ModernMediaScanner.scanItem(ModernMediaScanner.java:1003)
05-08 09:10:20.877  1349  1860 W ExifInterface: 	at com.android.providers.media.scan.ModernMediaScanner.access$1200(ModernMediaScanner.java:146)
05-08 09:10:20.877  1349  1860 W ExifInterface: 	at com.android.providers.media.scan.ModernMediaScanner$Scan.visitFile(ModernMediaScanner.java:801)
05-08 09:10:20.877  1349  1860 W ExifInterface: 	at com.android.providers.media.scan.ModernMediaScanner$Scan.visitFile(ModernMediaScanner.java:320)
05-08 09:10:20.877  1349  1860 W ExifInterface: 	at java.nio.file.Files.walkFileTree(Files.java:2670)
05-08 09:10:20.877  1349  1860 W ExifInterface: 	at java.nio.file.Files.walkFileTree(Files.java:2742)
05-08 09:10:20.877  1349  1860 W ExifInterface: 	at com.android.providers.media.scan.ModernMediaScanner$Scan.walkFileTree(ModernMediaScanner.java:439)
05-08 09:10:20.877  1349  1860 W ExifInterface: 	at com.android.providers.media.scan.ModernMediaScanner$Scan.runInternal(ModernMediaScanner.java:402)
05-08 09:10:20.877  1349  1860 W ExifInterface: 	at com.android.providers.media.scan.ModernMediaScanner$Scan.run(ModernMediaScanner.java:391)
05-08 09:10:20.877  1349  1860 W ExifInterface: 	at com.android.providers.media.scan.ModernMediaScanner.scanFile(ModernMediaScanner.java:263)
05-08 09:10:20.877  1349  1860 W ExifInterface: 	at com.android.providers.media.MediaProvider.scanFile(MediaProvider.java:1273)
05-08 09:10:20.877  1349  1860 W ExifInterface: 	at com.android.providers.media.MediaProvider.scanFile(MediaProvider.java:1269)
05-08 09:10:20.877  1349  1860 W ExifInterface: 	at com.android.providers.media.MediaService.onScanFile(MediaService.java:215)
05-08 09:10:20.877  1349  1860 W ExifInterface: 	at com.android.providers.media.MediaService.onHandleWork(MediaService.java:85)
05-08 09:10:20.877  1349  1860 W ExifInterface: 	at androidx.core.app.JobIntentService$CommandProcessor.doInBackground(JobIntentService.java:396)
05-08 09:10:20.877  1349  1860 W ExifInterface: 	at androidx.core.app.JobIntentService$CommandProcessor.doInBackground(JobIntentService.java:387)
05-08 09:10:20.877  1349  1860 W ExifInterface: 	at android.os.AsyncTask$3.call(AsyncTask.java:394)
05-08 09:10:20.877  1349  1860 W ExifInterface: 	at java.util.concurrent.FutureTask.run(FutureTask.java:266)
05-08 09:10:20.877  1349  1860 W ExifInterface: 	at java.util.concurrent.ThreadPoolExecutor.runWorker(ThreadPoolExecutor.java:1167)
05-08 09:10:20.877  1349  1860 W ExifInterface: 	at java.util.concurrent.ThreadPoolExecutor$Worker.run(ThreadPoolExecutor.java:641)
05-08 09:10:20.877  1349  1860 W ExifInterface: 	at java.lang.Thread.run(Thread.java:920)
05-08 09:10:20.884  1349  1860 I MediaProvider: End Intent { act=android.intent.action.MEDIA_SCANNER_SCAN_FILE dat=file:///sdcard/screen_2025-05-08_171020.png flg=0x1400010 cmp=com.google.android.providers.media.module/com.android.providers.media.MediaService }
05-08 09:10:20.963  1349  5273 I MediaProvider: Deleted 0 1 0 0 0 0 0 items on external_primary due to com.android.shell
05-08 09:10:20.964  1172  2228 I UriTaskContentObserver: (REDACTED) Throttling content uri change event for %s
05-08 09:10:21.632  1349  1683 W MediaProvider: isAppCloneUserPair for user 0: false
05-08 09:10:21.656   176   176 I hwservicemanager: getTransport: Cannot find entry android.hardware.graphics.mapper@4.0::IMapper/default in either framework or device VINTF manifest.
05-08 09:10:21.657 15455 15457 I Gralloc4: mapper 4.x is not supported
05-08 09:10:21.845  1349  1860 I MediaProvider: Begin Intent { act=android.intent.action.MEDIA_SCANNER_SCAN_FILE dat=file:///sdcard/screen_2025-05-08_171021.png flg=0x1400010 cmp=com.google.android.providers.media.module/com.android.providers.media.MediaService }
05-08 09:10:21.861  1349  1860 I MediaProvider: End Intent { act=android.intent.action.MEDIA_SCANNER_SCAN_FILE dat=file:///sdcard/screen_2025-05-08_171021.png flg=0x1400010 cmp=com.google.android.providers.media.module/com.android.providers.media.MediaService }
05-08 09:10:21.948  1349  1504 I MediaProvider: Deleted 0 1 0 0 0 0 0 items on external_primary due to com.android.shell
05-08 09:10:21.949  1172  2228 I UriTaskContentObserver: (REDACTED) Throttling content uri change event for %s
05-08 09:10:22.207   538  4647 W ActivityManager: Unable to start service Intent { act=com.google.firebase.MESSAGING_EVENT pkg=com.mi.android.globallauncher } U=0: not found
05-08 09:10:22.208 15310 15354 E FirebaseInstanceId: binding to the service failed
05-08 09:10:22.468 15494 15494 I AndroidRuntime: Using default boot image
05-08 09:10:22.468 15494 15494 I AndroidRuntime: Leaving lock profiling enabled
