05-18 03:32:19.238  7250  7250 W Finsky  : [2] ajwy.b(131): STU: Failed to get storage stats for package 'com.google.android.os.statsd' (1601: Error getting stats: android.content.pm.PackageManager.NameNotFoundException)
05-18 03:32:19.240  7250  7250 W Finsky  : [2] ajwy.b(131): STU: Failed to get storage stats for package 'com.google.android.cellbroadcast' (1601: Error getting stats: android.content.pm.PackageManager.NameNotFoundException)
05-18 03:32:19.257  5619  5633 I OpenGLRenderer: Davey! duration=11178ms; Flags=1, FrameTimelineVsyncId=30691, IntendedVsync=6560907008266, Vsync=6560907008266, InputEventId=0, HandleInputStart=6560921573300, AnimationStart=6560921588600, PerformTraversalsStart=6560921610900, DrawStart=6561187373100, FrameDeadline=6560940341598, FrameInterval=6560921566000, FrameStartTime=16666666, SyncQueued=6561187723800, SyncStart=6561210741100, IssueDrawCommandsStart=6561212696200, SwapBuffers=6561254570500, FrameCompleted=6572108043300, DequeueBufferDuration=20400, QueueBufferDuration=2730000, GpuCompleted=6572108043300, SwapBuffersCompleted=6561259809800, DisplayPresentTime=0, 
05-18 03:32:19.282  7250  7250 W Finsky  : [2] ajwy.b(131): STU: Failed to get storage stats for package 'com.google.android.scheduling' (1601: Error getting stats: android.content.pm.PackageManager.NameNotFoundException)
05-18 03:32:19.282  7250  7262 I Finsky  : [50] wbl.d(275): com.asanayoga.asanarebel: Account from first account - [0HuC5x-jX_4QBMLKvxR-TmPmEJWgz63BdP58ch2L0hw]
05-18 03:32:19.282  7250  7262 I Finsky  : [50] wbl.d(869): Billing preferred account via installer for com.asanayoga.asanarebel: [0HuC5x-jX_4QBMLKvxR-TmPmEJWgz63BdP58ch2L0hw]
05-18 03:32:19.282  7250  7262 W Finsky  : [50] sdw.p(52): Got api version 24 for account: [0HuC5x-jX_4QBMLKvxR-TmPmEJWgz63BdP58ch2L0hw]
05-18 03:32:19.286  7250  7262 I Finsky  : [50] wbl.d(275): com.asanayoga.asanarebel: Account from first account - [0HuC5x-jX_4QBMLKvxR-TmPmEJWgz63BdP58ch2L0hw]
05-18 03:32:19.286  7250  7262 I Finsky  : [50] wbl.d(869): Billing preferred account via installer for com.asanayoga.asanarebel: [0HuC5x-jX_4QBMLKvxR-TmPmEJWgz63BdP58ch2L0hw]
05-18 03:32:19.289  7250  7262 W Finsky  : [50] sdw.p(52): Got api version 24 for account: [0HuC5x-jX_4QBMLKvxR-TmPmEJWgz63BdP58ch2L0hw]
05-18 03:32:19.295  7250  7262 I Finsky  : [50] wbl.d(275): com.asanayoga.asanarebel: Account from first account - [0HuC5x-jX_4QBMLKvxR-TmPmEJWgz63BdP58ch2L0hw]
05-18 03:32:19.296  7250  7262 I Finsky  : [50] wbl.d(869): Billing preferred account via installer for com.asanayoga.asanarebel: [0HuC5x-jX_4QBMLKvxR-TmPmEJWgz63BdP58ch2L0hw]
05-18 03:32:19.296  7250  7262 W Finsky  : [50] sdw.p(52): Got api version 24 for account: [0HuC5x-jX_4QBMLKvxR-TmPmEJWgz63BdP58ch2L0hw]
05-18 03:32:19.297  7250  7262 I Finsky  : [50] qit.h(661): User is not an active Play Pass subscriber
05-18 03:32:19.303  7250  7262 I Finsky  : [50] wbl.d(275): com.asanayoga.asanarebel: Account from first account - [0HuC5x-jX_4QBMLKvxR-TmPmEJWgz63BdP58ch2L0hw]
05-18 03:32:19.303  7250  7262 I Finsky  : [50] wbl.d(869): Billing preferred account via installer for com.asanayoga.asanarebel: [0HuC5x-jX_4QBMLKvxR-TmPmEJWgz63BdP58ch2L0hw]
05-18 03:32:19.303  7250  7262 W Finsky  : [50] sdw.p(52): Got api version 24 for account: [0HuC5x-jX_4QBMLKvxR-TmPmEJWgz63BdP58ch2L0hw]
05-18 03:32:19.316  7250  7250 I Finsky  : [2] nqf.a(199): App states replicator found 4 unowned apps
05-18 03:32:19.321  7250  7250 I Finsky  : [2] nqk.b(18): Completed 0 account content syncs with 0 successful.
05-18 03:32:19.322  7250  7250 I Finsky  : [2] ContentSyncJob.a(12): [ContentSync] Installation state replication succeeded.
05-18 03:32:19.323  7250  7250 I Finsky  : [2] aigi.q(56): SCH: jobFinished: 12-1. TimeElapsed: 1414ms.
05-18 03:32:19.355   630   750 W InputManager-JNI: Input channel object '97a1e93 SnapshotStartingWindow for taskId=23 (client)' was disposed without first being removed with the input manager!
05-18 03:32:19.362  7250  7347 I Finsky  : [82] sii.accept(58): SCH: Scheduling phonesky job Id: 1-1337, CT: 1747532943899, Constraints: [{ L: 35227003, D: 78427003, C: CHARGING_NONE, I: IDLE_NONE, N: NET_ANY, B: BATTERY_ANY }]
05-18 03:32:19.362  7250  7347 I Finsky  : [82] sii.accept(58): SCH: Scheduling phonesky job Id: 34-9, CT: 1747532948452, Constraints: [{ L: 79199873, D: 1375199873, C: CHARGING_NONE, I: IDLE_NONE, N: NET_ANY, B: BATTERY_ANY }]
05-18 03:32:19.362  7250  7347 I Finsky  : [82] sii.accept(58): SCH: Scheduling phonesky job Id: 34-12, CT: 1747532949674, Constraints: [{ L: 604800000, D: 2591999137, C: CHARGING_NONE, I: IDLE_NONE, N: NET_ANY, B: BATTERY_ANY }]
05-18 03:32:19.376  7250  7345 I Finsky  : [80] nic.apply(251): SCH: Scheduling 1 system job(s)
05-18 03:32:19.376  7250  7345 I Finsky  : [80] aige.b(244): SCH: Scheduling system job Id: 9143, L: 29031526, D: 72231526, C: false, I: false, N: 1
05-18 03:32:19.387  7250  6111 I Finsky  : [506] aihy.a(24): SCH: job service finished with id 9139.
05-18 03:32:19.409   630  1911 W ActivityManager: Unable to start service Intent { act=android.service.smartspace.SmartspaceService cmp=com.google.android.as/com.google.android.apps.miphone.aiai.app.AiAiSmartspaceService } U=0: not found
05-18 03:32:19.409   630  1911 W RemoteSmartspaceService: could not bind to Intent { act=android.service.smartspace.SmartspaceService cmp=com.google.android.as/com.google.android.apps.miphone.aiai.app.AiAiSmartspaceService } using flags 67112961
05-18 03:32:19.414   630   630 W ActivityManager: Unbind failed: could not find connection for android.app.LoadedApk$ServiceDispatcher$InnerConnection@7bf645c
05-18 03:32:19.439 16551 16551 I cnbo    : (REDACTED) onApplyWindowInsets: systemWindowInsets=%s
05-18 03:32:19.439 16551 16551 I cnbo    : (REDACTED) onApplyWindowInsets: systemWindowInsets=%s
05-18 03:32:19.455 16551 16551 I cnhq    : onStop
05-18 03:32:19.686   191  5780 I keystore2: keystore2::watchdog: Watchdog thread idle -> terminating. Have a great day.
05-18 03:32:20.035  5619  5666 E UserDataStore: Setting gender failure: the supported value for gender is f or m
05-18 03:32:20.384  1404  1753 W MediaProvider: isAppCloneUserPair for user 0: false
05-18 03:32:20.429   178   178 I hwservicemanager: getTransport: Cannot find entry android.hardware.graphics.mapper@4.0::IMapper/default in either framework or device VINTF manifest.
05-18 03:32:20.430  6185  6188 I Gralloc4: mapper 4.x is not supported
05-18 03:32:20.577  1404  1995 I MediaProvider: Begin Intent { act=android.intent.action.MEDIA_SCANNER_SCAN_FILE dat=file:///sdcard/screen_2025-05-18_113221.png flg=0x1400010 cmp=com.google.android.providers.media.module/com.android.providers.media.MediaService }
05-18 03:32:20.579  1404  1995 W ExifInterface: Invalid image: ExifInterface got an unsupported image format file(ExifInterface supports JPEG and some RAW image formats only) or a corrupted JPEG file to ExifInterface.
05-18 03:32:20.579  1404  1995 W ExifInterface: java.io.EOFException
05-18 03:32:20.579  1404  1995 W ExifInterface: 	at android.media.ExifInterface$ByteOrderedDataInputStream.readShort(ExifInterface.java:4995)
05-18 03:32:20.579  1404  1995 W ExifInterface: 	at android.media.ExifInterface.readByteOrder(ExifInterface.java:3977)
05-18 03:32:20.579  1404  1995 W ExifInterface: 	at android.media.ExifInterface.parseTiffHeaders(ExifInterface.java:3997)
05-18 03:32:20.579  1404  1995 W ExifInterface: 	at android.media.ExifInterface.getRawAttributes(ExifInterface.java:2963)
05-18 03:32:20.579  1404  1995 W ExifInterface: 	at android.media.ExifInterface.loadAttributes(ExifInterface.java:2024)
05-18 03:32:20.579  1404  1995 W ExifInterface: 	at android.media.ExifInterface.<init>(ExifInterface.java:1641)
05-18 03:32:20.579  1404  1995 W ExifInterface: 	at android.media.ExifInterface.<init>(ExifInterface.java:1592)
05-18 03:32:20.579  1404  1995 W ExifInterface: 	at com.android.providers.media.scan.ModernMediaScanner.scanItemImage(ModernMediaScanner.java:1367)
05-18 03:32:20.579  1404  1995 W ExifInterface: 	at com.android.providers.media.scan.ModernMediaScanner.scanItem(ModernMediaScanner.java:1003)
05-18 03:32:20.579  1404  1995 W ExifInterface: 	at com.android.providers.media.scan.ModernMediaScanner.access$1200(ModernMediaScanner.java:146)
05-18 03:32:20.579  1404  1995 W ExifInterface: 	at com.android.providers.media.scan.ModernMediaScanner$Scan.visitFile(ModernMediaScanner.java:801)
05-18 03:32:20.579  1404  1995 W ExifInterface: 	at com.android.providers.media.scan.ModernMediaScanner$Scan.visitFile(ModernMediaScanner.java:320)
05-18 03:32:20.579  1404  1995 W ExifInterface: 	at java.nio.file.Files.walkFileTree(Files.java:2670)
05-18 03:32:20.579  1404  1995 W ExifInterface: 	at java.nio.file.Files.walkFileTree(Files.java:2742)
05-18 03:32:20.579  1404  1995 W ExifInterface: 	at com.android.providers.media.scan.ModernMediaScanner$Scan.walkFileTree(ModernMediaScanner.java:439)
05-18 03:32:20.579  1404  1995 W ExifInterface: 	at com.android.providers.media.scan.ModernMediaScanner$Scan.runInternal(ModernMediaScanner.java:402)
05-18 03:32:20.579  1404  1995 W ExifInterface: 	at com.android.providers.media.scan.ModernMediaScanner$Scan.run(ModernMediaScanner.java:391)
05-18 03:32:20.579  1404  1995 W ExifInterface: 	at com.android.providers.media.scan.ModernMediaScanner.scanFile(ModernMediaScanner.java:263)
05-18 03:32:20.579  1404  1995 W ExifInterface: 	at com.android.providers.media.MediaProvider.scanFile(MediaProvider.java:1273)
05-18 03:32:20.579  1404  1995 W ExifInterface: 	at com.android.providers.media.MediaProvider.scanFile(MediaProvider.java:1269)
05-18 03:32:20.579  1404  1995 W ExifInterface: 	at com.android.providers.media.MediaService.onScanFile(MediaService.java:215)
05-18 03:32:20.579  1404  1995 W ExifInterface: 	at com.android.providers.media.MediaService.onHandleWork(MediaService.java:85)
05-18 03:32:20.579  1404  1995 W ExifInterface: 	at androidx.core.app.JobIntentService$CommandProcessor.doInBackground(JobIntentService.java:396)
05-18 03:32:20.579  1404  1995 W ExifInterface: 	at androidx.core.app.JobIntentService$CommandProcessor.doInBackground(JobIntentService.java:387)
05-18 03:32:20.579  1404  1995 W ExifInterface: 	at android.os.AsyncTask$3.call(AsyncTask.java:394)
05-18 03:32:20.579  1404  1995 W ExifInterface: 	at java.util.concurrent.FutureTask.run(FutureTask.java:266)
05-18 03:32:20.579  1404  1995 W ExifInterface: 	at java.util.concurrent.ThreadPoolExecutor.runWorker(ThreadPoolExecutor.java:1167)
05-18 03:32:20.579  1404  1995 W ExifInterface: 	at java.util.concurrent.ThreadPoolExecutor$Worker.run(ThreadPoolExecutor.java:641)
05-18 03:32:20.579  1404  1995 W ExifInterface: 	at java.lang.Thread.run(Thread.java:920)
05-18 03:32:20.583  1404  1995 I MediaProvider: End Intent { act=android.intent.action.MEDIA_SCANNER_SCAN_FILE dat=file:///sdcard/screen_2025-05-18_113221.png flg=0x1400010 cmp=com.google.android.providers.media.module/com.android.providers.media.MediaService }
05-18 03:32:20.671  1404  1510 I MediaProvider: Deleted 0 1 0 0 0 0 0 items on external_primary due to com.android.shell
05-18 03:32:20.672  1226  2106 I UriTaskContentObserver: (REDACTED) Throttling content uri change event for %s
05-18 03:32:21.115   630   645 W System  : A resource failed to call release. 
05-18 03:32:21.166  1404  1753 W MediaProvider: isAppCloneUserPair for user 0: false
05-18 03:32:21.194   178   178 I hwservicemanager: getTransport: Cannot find entry android.hardware.graphics.mapper@4.0::IMapper/default in either framework or device VINTF manifest.
05-18 03:32:21.194  6225  6227 I Gralloc4: mapper 4.x is not supported
05-18 03:32:21.325  1404  1995 I MediaProvider: Begin Intent { act=android.intent.action.MEDIA_SCANNER_SCAN_FILE dat=file:///sdcard/screen_2025-05-18_113222.png flg=0x1400010 cmp=com.google.android.providers.media.module/com.android.providers.media.MediaService }
05-18 03:32:21.329  1404  1995 I MediaProvider: End Intent { act=android.intent.action.MEDIA_SCANNER_SCAN_FILE dat=file:///sdcard/screen_2025-05-18_113222.png flg=0x1400010 cmp=com.google.android.providers.media.module/com.android.providers.media.MediaService }
05-18 03:32:21.398  1404  1510 I MediaProvider: Deleted 0 1 0 0 0 0 0 items on external_primary due to com.android.shell
05-18 03:32:21.400  1226  2106 I UriTaskContentObserver: (REDACTED) Throttling content uri change event for %s
05-18 03:32:21.865   630  1911 I ActivityManager: Killing 2319:com.google.android.apps.youtube.music/u0a113 (adj 915): empty for 1800s
05-18 03:32:21.885   320   320 I Zygote  : Process 2319 exited due to signal 9 (Killed)
05-18 03:32:21.915   630   678 I libprocessgroup: Successfully killed process cgroup uid 10113 pid 2319 in 44ms
05-18 03:32:21.936  1404  1753 W MediaProvider: isAppCloneUserPair for user 0: false
05-18 03:32:21.962   178   178 I hwservicemanager: getTransport: Cannot find entry android.hardware.graphics.mapper@4.0::IMapper/default in either framework or device VINTF manifest.
05-18 03:32:21.962  6267  6269 I Gralloc4: mapper 4.x is not supported
05-18 03:32:22.085  1404  1995 I MediaProvider: Begin Intent { act=android.intent.action.MEDIA_SCANNER_SCAN_FILE dat=file:///sdcard/screen_2025-05-18_113222.png flg=0x1400010 cmp=com.google.android.providers.media.module/com.android.providers.media.MediaService }
05-18 03:32:22.089  1404  1995 I MediaProvider: End Intent { act=android.intent.action.MEDIA_SCANNER_SCAN_FILE dat=file:///sdcard/screen_2025-05-18_113222.png flg=0x1400010 cmp=com.google.android.providers.media.module/com.android.providers.media.MediaService }
05-18 03:32:22.159  1404  1510 I MediaProvider: Deleted 0 1 0 0 0 0 0 items on external_primary due to com.android.shell
05-18 03:32:22.160  1226  2106 I UriTaskContentObserver: (REDACTED) Throttling content uri change event for %s
05-18 03:32:24.500  1404  1753 W MediaProvider: isAppCloneUserPair for user 0: false
05-18 03:32:24.526   178   178 I hwservicemanager: getTransport: Cannot find entry android.hardware.graphics.mapper@4.0::IMapper/default in either framework or device VINTF manifest.
05-18 03:32:24.526  6370  6374 I Gralloc4: mapper 4.x is not supported
05-18 03:32:24.682  1404  1995 I MediaProvider: Begin Intent { act=android.intent.action.MEDIA_SCANNER_SCAN_FILE dat=file:///sdcard/screen_2025-05-18_113225.png flg=0x1400010 cmp=com.google.android.providers.media.module/com.android.providers.media.MediaService }
05-18 03:32:24.695  1404  1995 I MediaProvider: End Intent { act=android.intent.action.MEDIA_SCANNER_SCAN_FILE dat=file:///sdcard/screen_2025-05-18_113225.png flg=0x1400010 cmp=com.google.android.providers.media.module/com.android.providers.media.MediaService }
05-18 03:32:24.759  1404  1510 I MediaProvider: Deleted 0 1 0 0 0 0 0 items on external_primary due to com.android.shell
05-18 03:32:24.759  1226  2106 I UriTaskContentObserver: (REDACTED) Throttling content uri change event for %s
05-18 03:32:25.269  1404  1753 W MediaProvider: isAppCloneUserPair for user 0: false
05-18 03:32:25.298   178   178 I hwservicemanager: getTransport: Cannot find entry android.hardware.graphics.mapper@4.0::IMapper/default in either framework or device VINTF manifest.
05-18 03:32:25.298  6411  6413 I Gralloc4: mapper 4.x is not supported
05-18 03:32:25.439  1404  1995 I MediaProvider: Begin Intent { act=android.intent.action.MEDIA_SCANNER_SCAN_FILE dat=file:///sdcard/screen_2025-05-18_113226.png flg=0x1400010 cmp=com.google.android.providers.media.module/com.android.providers.media.MediaService }
05-18 03:32:25.445  1404  1995 I MediaProvider: End Intent { act=android.intent.action.MEDIA_SCANNER_SCAN_FILE dat=file:///sdcard/screen_2025-05-18_113226.png flg=0x1400010 cmp=com.google.android.providers.media.module/com.android.providers.media.MediaService }
05-18 03:32:25.515  1404  1510 I MediaProvider: Deleted 0 1 0 0 0 0 0 items on external_primary due to com.android.shell
05-18 03:32:25.516  1226  2106 I UriTaskContentObserver: (REDACTED) Throttling content uri change event for %s
05-18 03:32:25.978  1404  1753 W MediaProvider: isAppCloneUserPair for user 0: false
05-18 03:32:26.005   178   178 I hwservicemanager: getTransport: Cannot find entry android.hardware.graphics.mapper@4.0::IMapper/default in either framework or device VINTF manifest.
05-18 03:32:26.005  6456  6458 I Gralloc4: mapper 4.x is not supported
05-18 03:32:26.118  1548  6459 I GmscoreIpa: Starting mediastore instant index [CONTEXT service_id=255 ]
05-18 03:32:26.134  1404  1995 I MediaProvider: Begin Intent { act=android.intent.action.MEDIA_SCANNER_SCAN_FILE dat=file:///sdcard/screen_2025-05-18_113226.png flg=0x1400010 cmp=com.google.android.providers.media.module/com.android.providers.media.MediaService }
05-18 03:32:26.139  1404  1995 I MediaProvider: End Intent { act=android.intent.action.MEDIA_SCANNER_SCAN_FILE dat=file:///sdcard/screen_2025-05-18_113226.png flg=0x1400010 cmp=com.google.android.providers.media.module/com.android.providers.media.MediaService }
05-18 03:32:26.207  1404  1510 I MediaProvider: Deleted 0 1 0 0 0 0 0 items on external_primary due to com.android.shell
05-18 03:32:26.208  1226  2106 I UriTaskContentObserver: (REDACTED) Throttling content uri change event for %s
05-18 03:32:26.486   630   750 I ActivityManager: Force stopping com.asanayoga.asanarebel appid=10186 user=0: from pid 6485
05-18 03:32:26.486   630   750 I ActivityManager: Killing 5619:com.asanayoga.asanarebel/u0a186 (adj 0): stop com.asanayoga.asanarebel due to from pid 6485
05-18 03:32:26.491   630   750 W ActivityTaskManager: Force removing ActivityRecord{1505308 u0 com.asanayoga.asanarebel/.splashscreen.SplashScreenActivity t23 f}}: app died, no saved state
05-18 03:32:26.495   630   750 W InputManager-JNI: Input channel object 'c5c020c com.asanayoga.asanarebel/com.asanayoga.asanarebel.splashscreen.SplashScreenActivity (client)' was disposed without first being removed with the input manager!
05-18 03:32:26.560   630   750 W ActivityTaskManager: Can't find TaskDisplayArea to determine support for multi window. Task id=23 attached=false
05-18 03:32:26.560   630   750 W ActivityTaskManager: Can't find TaskDisplayArea to determine support for multi window. Task id=23 attached=false
05-18 03:32:26.564   320   320 I Zygote  : Process 5619 exited due to signal 9 (Killed)
05-18 03:32:26.564   630   960 W WindowManager: Cannot find window which accessibility connection is added to
05-18 03:32:26.571   630   678 I libprocessgroup: Successfully killed process cgroup uid 10186 pid 5619 in 84ms
05-18 03:32:26.576 16551 16551 I cnbo    : (REDACTED) onApplyWindowInsets: systemWindowInsets=%s
05-18 03:32:26.576 16551 16551 I cnbo    : (REDACTED) onApplyWindowInsets: systemWindowInsets=%s
05-18 03:32:26.586   356   356 E BpTransactionCompletedListener: Failed to transact (-32)
05-18 03:32:26.586   630   664 W ActivityManager: setHasOverlayUi called on unknown pid: 5619
05-18 03:32:26.613   630  1909 W ActivityManager: Unable to start service Intent { act=android.service.smartspace.SmartspaceService cmp=com.google.android.as/com.google.android.apps.miphone.aiai.app.AiAiSmartspaceService } U=0: not found
05-18 03:32:26.613   630  1909 W RemoteSmartspaceService: could not bind to Intent { act=android.service.smartspace.SmartspaceService cmp=com.google.android.as/com.google.android.apps.miphone.aiai.app.AiAiSmartspaceService } using flags 67112961
05-18 03:32:26.617   630   630 W ActivityManager: Unbind failed: could not find connection for android.app.LoadedApk$ServiceDispatcher$InnerConnection@9ba9628
05-18 03:32:26.618   630  1897 W ActivityManager: Unable to start service Intent { act=android.service.smartspace.SmartspaceService cmp=com.google.android.as/com.google.android.apps.miphone.aiai.app.AiAiSmartspaceService } U=0: not found
05-18 03:32:26.618   630  1897 W RemoteSmartspaceService: could not bind to Intent { act=android.service.smartspace.SmartspaceService cmp=com.google.android.as/com.google.android.apps.miphone.aiai.app.AiAiSmartspaceService } using flags 67112961
05-18 03:32:26.621   630   630 W ActivityManager: Unbind failed: could not find connection for android.app.LoadedApk$ServiceDispatcher$InnerConnection@136ecd4
05-18 03:32:26.717 16551 16551 I cnhq    : onStart
05-18 03:32:26.719 16551 16551 I clii    : (REDACTED) [%s] onStart()
05-18 03:32:26.719 16551 16551 I clkj    : Reloading theme data
05-18 03:32:26.722 16551 16551 I cnhq    : onResume
05-18 03:32:26.837 16551 16583 I OpenGLRenderer: Davey! duration=92878ms; Flags=1, FrameTimelineVsyncId=29598, IntendedVsync=6486690344568, Vsync=6486690344568, InputEventId=0, HandleInputStart=6486700949500, AnimationStart=6486700974600, PerformTraversalsStart=6486700997700, DrawStart=6486809463300, FrameDeadline=6486723677900, FrameInterval=6486700941800, FrameStartTime=16666666, SyncQueued=6486810066300, SyncStart=6486831904500, IssueDrawCommandsStart=6486832166600, SwapBuffers=6486832231900, FrameCompleted=6579590925900, DequeueBufferDuration=22300, QueueBufferDuration=1424600, GpuCompleted=6579590925900, SwapBuffersCompleted=6486904227900, DisplayPresentTime=0, 
05-18 03:32:27.941  1404  1753 W MediaProvider: isAppCloneUserPair for user 0: false
05-18 03:32:27.985   178   178 I hwservicemanager: getTransport: Cannot find entry android.hardware.graphics.mapper@4.0::IMapper/default in either framework or device VINTF manifest.
05-18 03:32:27.987  6517  6519 I Gralloc4: mapper 4.x is not supported
05-18 03:32:29.054  1404  1995 I MediaProvider: Begin Intent { act=android.intent.action.MEDIA_SCANNER_SCAN_FILE dat=file:///sdcard/screen_2025-05-18_113228.png flg=0x1400010 cmp=com.google.android.providers.media.module/com.android.providers.media.MediaService }
05-18 03:32:29.073  1404  1995 I MediaProvider: End Intent { act=android.intent.action.MEDIA_SCANNER_SCAN_FILE dat=file:///sdcard/screen_2025-05-18_113228.png flg=0x1400010 cmp=com.google.android.providers.media.module/com.android.providers.media.MediaService }
05-18 03:32:29.172  1404  1753 I MediaProvider: Deleted 0 1 0 0 0 0 0 items on external_primary due to com.android.shell
05-18 03:32:29.172  1226  2106 I UriTaskContentObserver: (REDACTED) Throttling content uri change event for %s
05-18 03:32:29.653  1404  1524 W MediaProvider: isAppCloneUserPair for user 0: false
05-18 03:32:29.680   178   178 I hwservicemanager: getTransport: Cannot find entry android.hardware.graphics.mapper@4.0::IMapper/default in either framework or device VINTF manifest.
05-18 03:32:29.681  6564  6569 I Gralloc4: mapper 4.x is not supported
05-18 03:32:30.860  1404  1995 I MediaProvider: Begin Intent { act=android.intent.action.MEDIA_SCANNER_SCAN_FILE dat=file:///sdcard/screen_2025-05-18_113230.png flg=0x1400010 cmp=com.google.android.providers.media.module/com.android.providers.media.MediaService }
05-18 03:32:30.886  1404  1995 I MediaProvider: End Intent { act=android.intent.action.MEDIA_SCANNER_SCAN_FILE dat=file:///sdcard/screen_2025-05-18_113230.png flg=0x1400010 cmp=com.google.android.providers.media.module/com.android.providers.media.MediaService }
05-18 03:32:30.977  1404  4253 I MediaProvider: Deleted 0 1 0 0 0 0 0 items on external_primary due to com.android.shell
05-18 03:32:30.978  1226  2106 I UriTaskContentObserver: (REDACTED) Throttling content uri change event for %s
05-18 03:32:31.523  1404  1510 W MediaProvider: isAppCloneUserPair for user 0: false
05-18 03:32:31.547   178   178 I hwservicemanager: getTransport: Cannot find entry android.hardware.graphics.mapper@4.0::IMapper/default in either framework or device VINTF manifest.
05-18 03:32:31.547  6620  6622 I Gralloc4: mapper 4.x is not supported
05-18 03:32:32.635  1404  1995 I MediaProvider: Begin Intent { act=android.intent.action.MEDIA_SCANNER_SCAN_FILE dat=file:///sdcard/screen_2025-05-18_113232.png flg=0x1400010 cmp=com.google.android.providers.media.module/com.android.providers.media.MediaService }
05-18 03:32:32.655  1404  1995 I MediaProvider: End Intent { act=android.intent.action.MEDIA_SCANNER_SCAN_FILE dat=file:///sdcard/screen_2025-05-18_113232.png flg=0x1400010 cmp=com.google.android.providers.media.module/com.android.providers.media.MediaService }
05-18 03:32:32.769  1404  4233 I MediaProvider: Deleted 0 1 0 0 0 0 0 items on external_primary due to com.android.shell
05-18 03:32:33.192   630  1909 I ActivityTaskManager: START u0 {act=android.intent.action.MAIN cat=[android.intent.category.LAUNCHER] flg=0x10000000 cmp=com.asanayoga.asanarebel/.splashscreen.SplashScreenActivity} from uid 2000
05-18 03:32:33.192   630  1909 W ActivityTaskManager: Can't find TaskDisplayArea to determine support for multi window. Task id=24 attached=false
05-18 03:32:33.204   630   677 I ActivityManager: Start proc 6658:com.asanayoga.asanarebel/u0a186 for pre-top-activity {com.asanayoga.asanarebel/com.asanayoga.asanarebel.splashscreen.SplashScreenActivity}
05-18 03:32:33.211  6658  6658 W yoga.asanarebe: Unexpected CPU variant for X86 using defaults: x86_64
05-18 03:32:33.216  6658  6658 E yoga.asanarebe: Not starting debugger since process cannot load the jdwp agent.
05-18 03:32:33.252  6658  6658 I MultiDex: VM with version 2.1.0 has multidex support
05-18 03:32:33.253  6658  6658 I MultiDex: Installing application
05-18 03:32:33.253  6658  6658 I MultiDex: VM has multidex support, MultiDex support library is disabled.
05-18 03:32:33.286  6658  6658 I FirebaseApp: Device unlocked: initializing all Firebase APIs for app [DEFAULT]
05-18 03:32:33.291  6658  6658 I FirebaseCrashlytics: Initializing Firebase Crashlytics 18.2.11 for com.asanayoga.asanarebel
05-18 03:32:33.297  6658  6678 W yoga.asanarebe: Accessing hidden field Ljava/util/Collections$SynchronizedCollection;->mutex:Ljava/lang/Object; (max-target-o, reflection, denied)
05-18 03:32:33.298  6658  6678 W yoga.asanarebe: Accessing hidden method Ljava/util/Collections$SynchronizedSet;-><init>(Ljava/util/Set;Ljava/lang/Object;)V (max-target-o, reflection, denied)
05-18 03:32:33.298  6658  6678 W yoga.asanarebe: Accessing hidden method Ljava/util/Collections$SynchronizedCollection;-><init>(Ljava/util/Collection;Ljava/lang/Object;)V (max-target-o, reflection, denied)
05-18 03:32:33.319  6658  6680 W yoga.asanarebe: ClassLoaderContext classpath size mismatch. expected=13, found=0 (DLC[];PCL[base.apk*1914472534:base.apk!classes2.dex*3304451845:base.apk!classes3.dex*814030735:base.apk!classes4.dex*1701140833:base.apk!classes5.dex*671790505:base.apk!classes6.dex*3453289445:base.apk!classes7.dex*3073107556:base.apk!classes8.dex*2923806363:base.apk!classes9.dex*3566253840:base.apk!classes10.dex*3357887208:base.apk!classes11.dex*1617793128:base.apk!classes12.dex*2938047849:base.apk!classes13.dex*1145982731]{PCL[/system/framework/org.apache.http.legacy.jar*2058259660]#PCL[/system/framework/com.android.media.remotedisplay.jar*3472798122]#PCL[/system/framework/com.android.location.provider.jar*3633238673]#PCL[/system_ext/framework/androidx.window.sidecar.jar*3539530913]#PCL[/system/framework/org.apache.http.legacy.jar*2058259660]} | DLC[];PCL[])
05-18 03:32:33.323  6658  6680 I DynamiteModule: Considering local module com.google.android.gms.measurement.dynamite:73 and remote module com.google.android.gms.measurement.dynamite:142
05-18 03:32:33.323  6658  6680 I DynamiteModule: Selected remote version of com.google.android.gms.measurement.dynamite, version >= 142
05-18 03:32:33.333  6658  6680 W System  : ClassLoader referenced unknown path: 
05-18 03:32:33.338 16551 16551 I cnhq    : onPause
05-18 03:32:33.351  6658  6658 I FirebaseInitProvider: FirebaseApp initialization successful
05-18 03:32:33.368  6658  6658 W com.facebook.UserSettingsManager: Please set a value for AutoLogAppEventsEnabled. Set the flag to TRUE if you want to collect app install, app launch and in-app purchase events automatically. To request user consent before collecting data, set the flag value to FALSE, then change to TRUE once user consent is received. Learn more: https://developers.facebook.com/docs/app-events/getting-started-app-events-android#disable-auto-events.
05-18 03:32:33.368  6658  6658 W com.facebook.UserSettingsManager: You haven't set a value for AdvertiserIDCollectionEnabled. Set the flag to TRUE if you want to collect Advertiser ID for better advertising and analytics results. To request user consent before collecting data, set the flag value to FALSE, then change to TRUE once user consent is received. Learn more: https://developers.facebook.com/docs/app-events/getting-started-app-events-android#disable-auto-events.
05-18 03:32:33.376  6658  6680 W yoga.asanarebe: ClassLoaderContext classpath size mismatch. expected=13, found=11 (DLC[];PCL[base.apk*1914472534:base.apk!classes2.dex*3304451845:base.apk!classes3.dex*814030735:base.apk!classes4.dex*1701140833:base.apk!classes5.dex*671790505:base.apk!classes6.dex*3453289445:base.apk!classes7.dex*3073107556:base.apk!classes8.dex*2923806363:base.apk!classes9.dex*3566253840:base.apk!classes10.dex*3357887208:base.apk!classes11.dex*1617793128:base.apk!classes12.dex*2938047849:base.apk!classes13.dex*1145982731]{PCL[/system/framework/org.apache.http.legacy.jar*2058259660]#PCL[/system/framework/com.android.media.remotedisplay.jar*3472798122]#PCL[/system/framework/com.android.location.provider.jar*3633238673]#PCL[/system_ext/framework/androidx.window.sidecar.jar*3539530913]#PCL[/system/framework/org.apache.http.legacy.jar*2058259660]} | DLC[];PCL[/data/app/~~R5fwCEqQ6UV2DpH-6UXKow==/com.asanayoga.asanarebel-JL76vxDj0qqDQkOcibrRpg==/base.apk*837467319:/data/app/~~R5fwCEqQ6UV2DpH-6UXKow==/com.asanayoga.asanarebel-JL76vxDj0qqDQkOcibrRpg==/base.apk!classes2.dex*1811241857:/data/app/~~R5fwCEqQ6UV2DpH-6UXKow==/com.asanayoga.asanarebel-JL76vxDj0qqDQkOcibrRpg==/base.apk!classes3.dex*2589272186:/data/app/~~R5fwCEqQ6UV2DpH-6UXKow==/com.asanayoga.asanarebel-JL76vxDj0qqDQkOcibrRpg==/base.apk!classes4.dex*563263202:/data/app/~~R5fwCEqQ6UV2DpH-6UXKow==/com.asanayoga.asanarebel-JL76vxDj0qqDQkOcibrRpg==/base.apk!classes5.dex*416695035:/data/app/~~R5fwCEqQ6UV2DpH-6UXKow==/com.asanayoga.asanarebel-JL76vxDj0qqDQkOcibrRpg==/base.apk!classes6.dex*2826179631:/data/app/~~R5fwCEqQ6UV2DpH-6UXKow==/com.asanayoga.asanarebel-JL76vxDj0qqDQkOcibrRpg==/base.apk!classes7.dex*3821291018:/data/app/~~R5fwCEqQ6UV2DpH-6UXKow==/com.asanayoga.asanarebel-JL76vxDj0qqDQkOcibrRpg==/base.apk!classes8.dex*2479391895:/data/app/~~R5fwCEqQ6UV2DpH-6UXKow==/com.asanayoga.asanarebel-JL76vxDj0qqDQkOcibrRpg==/base.apk!classes9.dex*291485033:/data/app/~~R5fwCEqQ6UV2DpH-6UXKow==/com.asanayoga.asanarebel-JL76vxDj0qqDQkOcibrRpg==/base.apk!classes10.dex*2752837390:/data/app/~~R5fwCEqQ6UV2DpH-6UXKow==/com.asanayoga.asanarebel-JL76vxDj0qqDQkOcibrRpg==/base.apk!classes11.dex*1801674877]{PCL[/system_ext/framework/androidx.window.sidecar.jar*3539530913]})
05-18 03:32:33.380  6658  6704 W com.facebook.internal.NativeProtocol: Apps that target Android API 30+ (Android 11+) cannot call Facebook native apps unless the package visibility needs are declared. Please follow https://developers.facebook.com/docs/android/troubleshooting/#faq_267321845055988 to make the declaration.
05-18 03:32:33.439  6658  6713 E yoga.asanarebe: No package ID 76 found for ID 0x760b000f.
05-18 03:32:33.440  6658  6713 I FA      : App measurement initialized, version: 120000
05-18 03:32:33.440  6658  6713 I FA      : To enable debug logging run: adb shell setprop log.tag.FA VERBOSE
05-18 03:32:33.441  6658  6713 I FA      : To enable faster debug mode event logging run:
05-18 03:32:33.441  6658  6713 I FA      :   adb shell setprop debug.firebase.analytics.app com.asanayoga.asanarebel
05-18 03:32:33.463  6658  6658 I Appboy v3.1.0 .com.appboy.Appboy: Appboy outbound network requests are now enabled
05-18 03:32:33.487  6658  6658 W Adjust  : PRODUCTION: Adjust is running in Production mode. Use this setting only for the build that you want to publish. Set the environment to `sandbox` if you want to test your app!
05-18 03:32:33.487  6658  6658 W Adjust  : PRODUCTION: Adjust is running in Production mode. Use this setting only for the build that you want to publish. Set the environment to `sandbox` if you want to test your app!
05-18 03:32:33.593   630   961 W ActivityManager: Unable to start service Intent { act=android.service.smartspace.SmartspaceService cmp=com.google.android.as/com.google.android.apps.miphone.aiai.app.AiAiSmartspaceService } U=0: not found
05-18 03:32:33.593   630   961 W RemoteSmartspaceService: could not bind to Intent { act=android.service.smartspace.SmartspaceService cmp=com.google.android.as/com.google.android.apps.miphone.aiai.app.AiAiSmartspaceService } using flags 67112961
05-18 03:32:33.593   630   630 W ActivityManager: Unbind failed: could not find connection for android.app.LoadedApk$ServiceDispatcher$InnerConnection@7bec9a7
05-18 03:32:33.597 16551 16551 I cnbo    : (REDACTED) onApplyWindowInsets: systemWindowInsets=%s
05-18 03:32:33.597 16551 16551 I cnbo    : (REDACTED) onApplyWindowInsets: systemWindowInsets=%s
05-18 03:32:33.655  6658  6713 I FA      : Tag Manager is not found and thus will not be used
05-18 03:32:33.735   178   178 I hwservicemanager: getTransport: Cannot find entry android.hardware.configstore@1.0::ISurfaceFlingerConfigs/default in either framework or device VINTF manifest.
05-18 03:32:33.735  6658  6752 W OpenGLRenderer: Failed to choose config with EGL_SWAP_BEHAVIOR_PRESERVED, retrying without...
05-18 03:32:33.736  6658  6752 W OpenGLRenderer: Failed to initialize 101010-2 format, error = EGL_SUCCESS
05-18 03:32:33.799   356  1263 E HWComposer: getSupportedContentTypes: getSupportedContentTypes failed for display 4619827259835644672: Unsupported (8)
05-18 03:32:33.802   178   178 I hwservicemanager: getTransport: Cannot find entry android.hardware.graphics.mapper@4.0::IMapper/default in either framework or device VINTF manifest.
05-18 03:32:33.802  6658  6752 I Gralloc4: mapper 4.x is not supported
05-18 03:32:33.806   178   178 I hwservicemanager: getTransport: Cannot find entry android.hardware.graphics.allocator@4.0::IAllocator/default in either framework or device VINTF manifest.
05-18 03:32:33.806  6658  6752 W Gralloc4: allocator 4.x is not supported
05-18 03:32:33.933   630   661 I ActivityTaskManager: Displayed com.asanayoga.asanarebel/.splashscreen.SplashScreenActivity: +738ms
05-18 03:32:33.969 16551 16551 I cnhq    : onStop
05-18 03:32:33.980  6658  6785 W libc    : Access denied finding property "qemu.hw.mainkeys"
05-18 03:32:33.980  6658  6785 W libc    : Access denied finding property "qemu.sf.lcd_density"
05-18 03:32:33.972  6658  6658 W Adjust-pool-54-: type=1400 audit(0.0:351): avc: denied { read } for name="tcp" dev="proc" ino=4026532056 scontext=u:r:untrusted_app:s0:c186,c256,c512,c768 tcontext=u:object_r:proc_net_tcp_udp:s0 tclass=file permissive=0 app=com.asanayoga.asanarebel
05-18 03:32:33.982  1548  5840 I AdvertisingIdClient: shouldSendLog 6080595
05-18 03:32:33.982  1548  5840 I AdvertisingIdClient: GetInfoInternal elapse 1ms
05-18 03:32:33.976  6658  6658 W Adjust-pool-54-: type=1400 audit(0.0:352): avc: denied { read } for name="drivers" dev="proc" ino=4026531852 scontext=u:r:untrusted_app:s0:c186,c256,c512,c768 tcontext=u:object_r:proc_tty_drivers:s0 tclass=file permissive=0 app=com.asanayoga.asanarebel
05-18 03:32:33.976  6658  6658 W Adjust-pool-54-: type=1400 audit(0.0:353): avc: denied { read } for name="version" dev="proc" ino=4026532035 scontext=u:r:untrusted_app:s0:c186,c256,c512,c768 tcontext=u:object_r:proc_version:s0 tclass=file permissive=0 app=com.asanayoga.asanarebel
05-18 03:32:34.011  7250  7262 I Finsky  : [50] wbl.d(275): com.asanayoga.asanarebel: Account from first account - [0HuC5x-jX_4QBMLKvxR-TmPmEJWgz63BdP58ch2L0hw]
05-18 03:32:34.011  7250  7262 I Finsky  : [50] wbl.d(869): Billing preferred account via installer for com.asanayoga.asanarebel: [0HuC5x-jX_4QBMLKvxR-TmPmEJWgz63BdP58ch2L0hw]
05-18 03:32:34.011  7250  7262 W Finsky  : [50] sdw.p(52): Got api version 24 for account: [0HuC5x-jX_4QBMLKvxR-TmPmEJWgz63BdP58ch2L0hw]
05-18 03:32:34.013  7250  7262 I Finsky  : [50] wbl.d(275): com.asanayoga.asanarebel: Account from first account - [0HuC5x-jX_4QBMLKvxR-TmPmEJWgz63BdP58ch2L0hw]
05-18 03:32:33.976  6658  6658 W Adjust-pool-54-: type=1400 audit(0.0:354): avc: denied { read } for name="u:object_r:qemu_hw_prop:s0" dev="tmpfs" ino=219 scontext=u:r:untrusted_app:s0:c186,c256,c512,c768 tcontext=u:object_r:qemu_hw_prop:s0 tclass=file permissive=0 app=com.asanayoga.asanarebel
05-18 03:32:33.976  6658  6658 W Adjust-pool-54-: type=1400 audit(0.0:355): avc: denied { read } for name="u:object_r:qemu_sf_lcd_density_prop:s0" dev="tmpfs" ino=220 scontext=u:r:untrusted_app:s0:c186,c256,c512,c768 tcontext=u:object_r:qemu_sf_lcd_density_prop:s0 tclass=file permissive=0 app=com.asanayoga.asanarebel
05-18 03:32:34.038  7250  7262 I Finsky  : [50] wbl.d(869): Billing preferred account via installer for com.asanayoga.asanarebel: [0HuC5x-jX_4QBMLKvxR-TmPmEJWgz63BdP58ch2L0hw]
05-18 03:32:34.039  7250  7262 W Finsky  : [50] sdw.p(52): Got api version 24 for account: [0HuC5x-jX_4QBMLKvxR-TmPmEJWgz63BdP58ch2L0hw]
05-18 03:32:34.052  7250  7262 I Finsky  : [50] wbl.d(275): com.asanayoga.asanarebel: Account from first account - [0HuC5x-jX_4QBMLKvxR-TmPmEJWgz63BdP58ch2L0hw]
05-18 03:32:34.053  7250  7262 I Finsky  : [50] wbl.d(869): Billing preferred account via installer for com.asanayoga.asanarebel: [0HuC5x-jX_4QBMLKvxR-TmPmEJWgz63BdP58ch2L0hw]
05-18 03:32:34.053  7250  7262 W Finsky  : [50] sdw.p(52): Got api version 24 for account: [0HuC5x-jX_4QBMLKvxR-TmPmEJWgz63BdP58ch2L0hw]
05-18 03:32:34.054  7250  7262 I Finsky  : [50] qit.h(661): User is not an active Play Pass subscriber
05-18 03:32:34.060  7250  7262 I Finsky  : [50] wbl.d(275): com.asanayoga.asanarebel: Account from first account - [0HuC5x-jX_4QBMLKvxR-TmPmEJWgz63BdP58ch2L0hw]
05-18 03:32:34.060  7250  7262 I Finsky  : [50] wbl.d(869): Billing preferred account via installer for com.asanayoga.asanarebel: [0HuC5x-jX_4QBMLKvxR-TmPmEJWgz63BdP58ch2L0hw]
05-18 03:32:34.060  7250  7262 W Finsky  : [50] sdw.p(52): Got api version 24 for account: [0HuC5x-jX_4QBMLKvxR-TmPmEJWgz63BdP58ch2L0hw]
05-18 03:32:34.258   630   750 W InputManager-JNI: Input channel object 'f0d1d7e Splash Screen com.asanayoga.asanarebel (client)' was disposed without first being removed with the input manager!
05-18 03:32:34.501  1404  4233 W MediaProvider: isAppCloneUserPair for user 0: false
05-18 03:32:34.549   178   178 I hwservicemanager: getTransport: Cannot find entry android.hardware.graphics.mapper@4.0::IMapper/default in either framework or device VINTF manifest.
05-18 03:32:34.549  6823  6825 I Gralloc4: mapper 4.x is not supported
05-18 03:32:34.709  1404  1995 I MediaProvider: Begin Intent { act=android.intent.action.MEDIA_SCANNER_SCAN_FILE dat=file:///sdcard/screen_2025-05-18_113235.png flg=0x1400010 cmp=com.google.android.providers.media.module/com.android.providers.media.MediaService }
05-18 03:32:34.713  1404  1995 I MediaProvider: End Intent { act=android.intent.action.MEDIA_SCANNER_SCAN_FILE dat=file:///sdcard/screen_2025-05-18_113235.png flg=0x1400010 cmp=com.google.android.providers.media.module/com.android.providers.media.MediaService }
05-18 03:32:34.829  1404  1753 I MediaProvider: Deleted 0 1 0 0 0 0 0 items on external_primary due to com.android.shell
05-18 03:32:35.216   630   750 I ActivityTaskManager: START u0 {cmp=com.asanayoga.asanarebel/.ui.onboarding.OnboardingActivity} from uid 10186
05-18 03:32:35.243   630   648 W ActivityTaskManager: Tried to set launchTime (0) < mLastActivityLaunchTime (6586089)
05-18 03:32:35.391  6658  6666 I yoga.asanarebe: Background young concurrent copying GC freed 93059(6271KB) AllocSpace objects, 79(1932KB) LOS objects, 79% free, 6319KB/30MB, paused 1.034ms,53us total 179.635ms
05-18 03:32:35.393   630   750 W WindowManager: Failed looking up window session=Session{38a5ef2 6658:u0a10186} callers=com.android.server.wm.WindowManagerService.windowForClientLocked:5592 com.android.server.wm.Session.insetsModified:629 android.view.IWindowSession$Stub.onTransact:1151 
05-18 03:32:35.456  6658  6658 W Glide   : Failed to find GeneratedAppGlideModule. You should include an annotationProcessor compile dependency on com.github.bumptech.glide:compiler in your application and a @GlideModule annotated AppGlideModule implementation or LibraryGlideModules will be silently ignored
05-18 03:32:35.510  1404  4233 W MediaProvider: isAppCloneUserPair for user 0: false
05-18 03:32:35.533   178   178 I hwservicemanager: getTransport: Cannot find entry android.hardware.graphics.mapper@4.0::IMapper/default in either framework or device VINTF manifest.
05-18 03:32:35.534  6874  6878 I Gralloc4: mapper 4.x is not supported
05-18 03:32:35.734  1404  1995 I MediaProvider: Begin Intent { act=android.intent.action.MEDIA_SCANNER_SCAN_FILE dat=file:///sdcard/screen_2025-05-18_113236.png flg=0x1400010 cmp=com.google.android.providers.media.module/com.android.providers.media.MediaService }
05-18 03:32:35.741   630   661 I ActivityTaskManager: Displayed com.asanayoga.asanarebel/.ui.onboarding.OnboardingActivity: +519ms
05-18 03:32:35.757  1404  1995 I MediaProvider: End Intent { act=android.intent.action.MEDIA_SCANNER_SCAN_FILE dat=file:///sdcard/screen_2025-05-18_113236.png flg=0x1400010 cmp=com.google.android.providers.media.module/com.android.providers.media.MediaService }
05-18 03:32:35.891  1404  1753 I MediaProvider: Deleted 0 1 0 0 0 0 0 items on external_primary due to com.android.shell
05-18 03:32:35.904  1226  5848 I NetworkScheduler.Stats: (REDACTED) Task %s/%s started execution. cause:%s exec_start_elapsed_seconds: %s
05-18 03:32:35.972  1226  6807 I NetworkScheduler.Stats: (REDACTED) Task %s/%s finished executing. cause:%s result: %s elapsed_millis: %s uptime_millis: %s exec_start_elapsed_seconds: %s
05-18 03:32:36.099  6658  6666 I yoga.asanarebe: NativeAlloc concurrent copying GC freed 96035(4510KB) AllocSpace objects, 17(596KB) LOS objects, 49% free, 6670KB/13MB, paused 305us,62us total 228.411ms
05-18 03:32:36.186   630   648 W InputManager-JNI: Input channel object 'c89469f com.asanayoga.asanarebel/com.asanayoga.asanarebel.splashscreen.SplashScreenActivity (client)' was disposed without first being removed with the input manager!
05-18 03:32:36.319  6658  6708 E UserDataStore: Setting gender failure: the supported value for gender is f or m
05-18 03:32:36.425  1226  5848 I NetworkScheduler.Stats: (REDACTED) Task %s/%s started execution. cause:%s exec_start_elapsed_seconds: %s
05-18 03:32:36.437  1226  1234 I .gms.persisten: Background young concurrent copying GC freed 439166(21MB) AllocSpace objects, 12(304KB) LOS objects, 43% free, 26MB/46MB, paused 333us,58us total 617.944ms
05-18 03:32:36.437  1226  1234 W .gms.persisten: Reducing the number of considered missed Gc histogram windows from 189 to 100
05-18 03:32:36.476  1226  6807 I NetworkScheduler.Stats: (REDACTED) Task %s/%s finished executing. cause:%s result: %s elapsed_millis: %s uptime_millis: %s exec_start_elapsed_seconds: %s
05-18 03:32:36.585  1404  4233 W MediaProvider: isAppCloneUserPair for user 0: false
05-18 03:32:36.647   178   178 I hwservicemanager: getTransport: Cannot find entry android.hardware.graphics.mapper@4.0::IMapper/default in either framework or device VINTF manifest.
05-18 03:32:36.647  6944  6946 I Gralloc4: mapper 4.x is not supported
05-18 03:32:36.725   630  1909 W UriGrantsManagerService: No permission grants found for com.google.android.apps.photos
05-18 03:32:36.726   630  1909 W UriGrantsManagerService: No permission grants found for com.google.android.apps.photos
05-18 03:32:36.786   630   648 W UriGrantsManagerService: No permission grants found for com.google.android.apps.photos
05-18 03:32:36.786   630   750 W UriGrantsManagerService: No permission grants found for com.google.android.apps.photos
05-18 03:32:36.824 19929  6948 I XmpUtil : XMP parse: only JPEG file is supported
05-18 03:32:36.826 19929  6950 I XmpUtil : XMP parse: only JPEG file is supported
05-18 03:32:36.840  1404 23467 I MediaProvider: Open with lower FS for /storage/emulated/0/screen_2025-04-22_154513.png. Uid: 10126
05-18 03:32:36.842  1404  4336 I MediaProvider: Open with lower FS for /storage/emulated/0/screen_2025-04-22_150349.png. Uid: 10126
05-18 03:32:36.858 19929  6951 I XmpUtil : XMP parse: only JPEG file is supported
05-18 03:32:36.866 19929  6950 I XmpUtil : XMP parse: only JPEG file is supported
05-18 03:32:36.904  1404  4336 I MediaProvider: Open with lower FS for /storage/emulated/0/screen_2025-04-22_154519.png. Uid: 10126
05-18 03:32:36.934  1404  4336 I MediaProvider: Open with lower FS for /storage/emulated/0/screen_2025-04-22_154514.png. Uid: 10126
05-18 03:32:36.936 19929  6948 I XmpUtil : XMP parse: only JPEG file is supported
05-18 03:32:36.939 19929  6950 I XmpUtil : XMP parse: only JPEG file is supported
05-18 03:32:36.950  1404  4336 I MediaProvider: Open with lower FS for /storage/emulated/0/screen_2025-04-22_154520.png. Uid: 10126
05-18 03:32:36.952  1404 23467 I MediaProvider: Open with lower FS for /storage/emulated/0/screen_2025-04-22_154525.png. Uid: 10126
05-18 03:32:36.955 19929  6951 I XmpUtil : XMP parse: only JPEG file is supported
05-18 03:32:36.965 19929  6948 I XmpUtil : XMP parse: only JPEG file is supported
05-18 03:32:36.968  1404 23467 I MediaProvider: Open with lower FS for /storage/emulated/0/screen_2025-04-22_154526.png. Uid: 10126
05-18 03:32:36.972 19929  6950 I XmpUtil : XMP parse: only JPEG file is supported
05-18 03:32:36.973  1404  4336 I MediaProvider: Open with lower FS for /storage/emulated/0/screen_2025-04-22_154531.png. Uid: 10126
05-18 03:32:36.983  1404 23467 I MediaProvider: Open with lower FS for /storage/emulated/0/screen_2025-04-22_154537.png. Uid: 10126
05-18 03:32:36.985 19929  6951 I XmpUtil : XMP parse: only JPEG file is supported
05-18 03:32:36.988 19929  6948 I XmpUtil : XMP parse: only JPEG file is supported
05-18 03:32:36.991  1404 23467 I MediaProvider: Open with lower FS for /storage/emulated/0/screen_2025-04-22_154542.png. Uid: 10126
05-18 03:32:36.999 19929  6950 I XmpUtil : XMP parse: only JPEG file is supported
05-18 03:32:36.999  1404  4336 I MediaProvider: Open with lower FS for /storage/emulated/0/screen_2025-04-22_154543.png. Uid: 10126
05-18 03:32:37.002 19929  6951 I XmpUtil : XMP parse: only JPEG file is supported
05-18 03:32:37.005  1404  4336 I MediaProvider: Open with lower FS for /storage/emulated/0/screen_2025-04-22_154548.png. Uid: 10126
05-18 03:32:37.008  1404 23467 I MediaProvider: Open with lower FS for /storage/emulated/0/screen_2025-04-22_154549.png. Uid: 10126
05-18 03:32:37.015 19929  6948 I XmpUtil : XMP parse: only JPEG file is supported
05-18 03:32:37.017 19929  6950 I XmpUtil : XMP parse: only JPEG file is supported
05-18 03:32:37.021  1404 23467 I MediaProvider: Open with lower FS for /storage/emulated/0/screen_2025-04-22_154554.png. Uid: 10126
05-18 03:32:37.022  1404  4336 I MediaProvider: Open with lower FS for /storage/emulated/0/screen_2025-04-22_154600.png. Uid: 10126
05-18 03:32:37.027 19929  6951 I XmpUtil : XMP parse: only JPEG file is supported
05-18 03:32:37.028 19929  6948 I XmpUtil : XMP parse: only JPEG file is supported
05-18 03:32:37.034  1404 23467 I MediaProvider: Open with lower FS for /storage/emulated/0/screen_2025-04-22_154606.png. Uid: 10126
05-18 03:32:37.035  1404  4336 I MediaProvider: Open with lower FS for /storage/emulated/0/screen_2025-04-22_154611.png. Uid: 10126
05-18 03:32:37.038 19929  6950 I XmpUtil : XMP parse: only JPEG file is supported
05-18 03:32:37.038 19929  6951 I XmpUtil : XMP parse: only JPEG file is supported
05-18 03:32:37.043  1404  4336 I MediaProvider: Open with lower FS for /storage/emulated/0/screen_2025-04-22_154612.png. Uid: 10126
05-18 03:32:37.048 19929  6948 I XmpUtil : XMP parse: only JPEG file is supported
05-18 03:32:37.052  1404 23467 I MediaProvider: Open with lower FS for /storage/emulated/0/screen_2025-04-22_154623.png. Uid: 10126
05-18 03:32:37.054  1404  4336 I MediaProvider: Open with lower FS for /storage/emulated/0/screen_2025-04-22_154617.png. Uid: 10126
05-18 03:32:37.062 19929  6950 I XmpUtil : XMP parse: only JPEG file is supported
05-18 03:32:37.063 19929  6948 I XmpUtil : XMP parse: only JPEG file is supported
05-18 03:32:37.068  1404  4336 I MediaProvider: Open with lower FS for /storage/emulated/0/screen_2025-04-22_154634.png. Uid: 10126
05-18 03:32:37.072 19929  6951 I XmpUtil : XMP parse: only JPEG file is supported
05-18 03:32:37.082  1404 23467 I MediaProvider: Open with lower FS for /storage/emulated/0/screen_2025-04-22_154629.png. Uid: 10126
05-18 03:32:37.086 19929  6948 I XmpUtil : XMP parse: only JPEG file is supported
05-18 03:32:37.101  1404 23467 I MediaProvider: Open with lower FS for /storage/emulated/0/screen_2025-04-22_154640.png. Uid: 10126
05-18 03:32:37.104  1404  1426 I MediaProvider: Open with lower FS for /storage/emulated/0/screen_2025-04-22_154635.png. Uid: 10126
05-18 03:32:37.106 19929  6950 I XmpUtil : XMP parse: only JPEG file is supported
05-18 03:32:37.114 19929  6948 I XmpUtil : XMP parse: only JPEG file is supported
05-18 03:32:37.133  1404 23467 I MediaProvider: Open with lower FS for /storage/emulated/0/screen_2025-05-08_163216.png. Uid: 10126
05-18 03:32:37.138 19929  6951 I XmpUtil : XMP parse: only JPEG file is supported
05-18 03:32:37.155  1404 23467 I MediaProvider: Open with lower FS for /storage/emulated/0/screen_2025-05-08_163222.png. Uid: 10126
05-18 03:32:37.165 19929  6948 I XmpUtil : XMP parse: only JPEG file is supported
