05-18 07:30:56.656  1369  5630 E heep    : 	at heen.a(:com.google.android.gms@251333032@25.13.33 (190800-745790146):244)
05-18 07:30:56.656  1369  5630 E heep    : 	at hdpo.a(:com.google.android.gms@251333032@25.13.33 (190800-745790146):5)
05-18 07:30:56.656  1369  5630 E heep    : 	at aunb.a(:com.google.android.gms@251333032@25.13.33 (190800-745790146):66)
05-18 07:30:56.656  1369  5630 E heep    : 	at aums.u(:com.google.android.gms@251333032@25.13.33 (190800-745790146):119)
05-18 07:30:56.656  1369  5630 E heep    : 	at aums.e(:com.google.android.gms@251333032@25.13.33 (190800-745790146):5)
05-18 07:30:56.656  1369  5630 E heep    : 	at eaks.a(:com.google.android.gms@251333032@25.13.33 (190800-745790146):45)
05-18 07:30:56.656  1369  5630 E heep    : 	at eajx.c(:com.google.android.gms@251333032@25.13.33 (190800-745790146):16)
05-18 07:30:56.656  1369  5630 E heep    : 	at eajx.a(:com.google.android.gms@251333032@25.13.33 (190800-745790146):3)
05-18 07:30:56.656  1369  5630 E heep    : 	at apop.run(:com.google.android.gms@251333032@25.13.33 (190800-745790146):5)
05-18 07:30:56.656  1369  5630 E heep    : 	at ausj.c(:com.google.android.gms@251333032@25.13.33 (190800-745790146):50)
05-18 07:30:56.656  1369  5630 E heep    : 	at ausj.run(:com.google.android.gms@251333032@25.13.33 (190800-745790146):70)
05-18 07:30:56.656  1369  5630 E heep    : 	at java.util.concurrent.ThreadPoolExecutor.runWorker(ThreadPoolExecutor.java:1167)
05-18 07:30:56.656  1369  5630 E heep    : 	at java.util.concurrent.ThreadPoolExecutor$Worker.run(ThreadPoolExecutor.java:641)
05-18 07:30:56.656  1369  5630 E heep    : 	at auxx.run(:com.google.android.gms@251333032@25.13.33 (190800-745790146):8)
05-18 07:30:56.656  1369  5630 E heep    : 	at java.lang.Thread.run(Thread.java:920)
05-18 07:30:56.682   538   550 I system_server: Background concurrent copying GC freed 270810(15MB) AllocSpace objects, 94(8972KB) LOS objects, 47% free, 26MB/50MB, paused 639us,242us total 987.962ms
05-18 07:30:56.694   538   552 W System  : A resource failed to call close. 
05-18 07:30:56.730  1369 26587 W Conscrypt: Could not set socket write timeout: java.net.SocketException: Socket closed
05-18 07:30:56.731  1369 26587 W Conscrypt: 	at com.google.android.gms.org.conscrypt.Platform.setSocketWriteTimeout(:com.google.android.gms@251333032@25.13.33 (190800-745790146):204)
05-18 07:30:56.731  1369 26587 W Conscrypt: 	at com.google.android.gms.org.conscrypt.ConscryptFileDescriptorSocket.setSoWriteTimeout(:com.google.android.gms@251333032@25.13.33 (190800-745790146):4)
05-18 07:30:56.733  2452  5309 W Role    : Cannot get ApplicationInfo for default holder: com.google.android.as
05-18 07:30:56.810  1263  2096 I MediaProvider: Begin Intent { act=android.intent.action.MEDIA_SCANNER_SCAN_FILE dat=file:///sdcard/screen_2025-05-18_153055.png flg=0x1400010 cmp=com.google.android.providers.media.module/com.android.providers.media.MediaService }
05-18 07:30:56.818  1369  2878 I Icing   : IndexChimeraService.getServiceInterface callingPackage=com.google.android.gms componentName=null serviceId=30
05-18 07:30:56.823  1263 25315 I MediaProvider: Deleted 0 1 0 0 0 0 0 items on external_primary due to com.android.shell
05-18 07:30:56.828  1369  5216 I Icing   : Usage reports ok 0, Failed Usage reports 0, indexed 0, rejected 0
05-18 07:30:56.838  1263  2096 W ModernMediaScanner: Failed to visit /storage/emulated/0/screen_2025-05-18_153055.png: java.nio.file.NoSuchFileException: /storage/emulated/0/screen_2025-05-18_153055.png
05-18 07:30:56.854  2452  5309 W Role    : Cannot get ApplicationInfo for default holder: com.google.android.as
05-18 07:30:56.857  2452  5309 W Role    : Cannot get ApplicationInfo for default holder: com.google.android.as
05-18 07:30:56.857  1263  2096 I MediaProvider: Scanned external_primary due to REASON_DEMAND, found 0 items in 36ms, 0 inserts 0 updates 0 deletes
05-18 07:30:56.860   538   620 I ActivityManager: Background started FGS: Allowed [callingPackage: com.google.android.apps.wellbeing; callingUid: 10100; uidState: BTOP; intent: Intent { cmp=com.google.android.apps.wellbeing/com.google.apps.tiktok.concurrent.InternalForegroundService (has extras) }; code:BACKGROUND_ACTIVITY_PERMISSION; tempAllowListReason:<null>; targetSdkVersion:35; callerTargetSdkVersion:35; startForegroundCount:0; bindFromPackage:null]
05-18 07:30:56.861   538   572 I DropBoxManagerService: add tag=system_server_wtf isTagEnabled=true flags=0x2
05-18 07:30:56.870   538   538 I NotificationService: Cannot find enqueued record for key: 0|com.google.android.apps.wellbeing|174344743|null|10100
05-18 07:30:56.873  1263  2096 I MediaProvider: End Intent { act=android.intent.action.MEDIA_SCANNER_SCAN_FILE dat=file:///sdcard/screen_2025-05-18_153055.png flg=0x1400010 cmp=com.google.android.providers.media.module/com.android.providers.media.MediaService }
05-18 07:30:56.904 17307 17315 I .apps.wellbein: Background young concurrent copying GC freed 60199(3053KB) AllocSpace objects, 0(0B) LOS objects, 40% free, 4454KB/7511KB, paused 6.841ms,90us total 30.583ms
05-18 07:30:56.934  1369 26587 W Conscrypt: Could not set socket write timeout: java.net.SocketException: Socket closed
05-18 07:30:56.934  1369 26587 W Conscrypt: 	at com.google.android.gms.org.conscrypt.Platform.setSocketWriteTimeout(:com.google.android.gms@251333032@25.13.33 (190800-745790146):204)
05-18 07:30:56.934  1369 26587 W Conscrypt: 	at com.google.android.gms.org.conscrypt.ConscryptFileDescriptorSocket.setSoWriteTimeout(:com.google.android.gms@251333032@25.13.33 (190800-745790146):4)
05-18 07:30:56.997  1369  5041 I cn_CronetUrlRequestContext: destroyNativeStreamLocked org.chromium.net.impl.CronetBidirectionalStream@84f1b87
05-18 07:30:57.013  1369  5216 I Icing   : Usage reports ok 0, Failed Usage reports 0, indexed 0, rejected 0
05-18 07:30:57.016  1369  5216 I Icing   : Indexing com.google.android.gms-apps from com.google.android.gms
05-18 07:30:57.034  1369  5216 I Icing   : Indexing done com.google.android.gms-apps
05-18 07:30:57.086  1369  5630 I AppLinksAsyncVerifierV2: (REDACTED) Verification result: checking for a statement with source %s, relation delegate_permission/common.handle_all_urls, and target %s --> %b.
05-18 07:30:57.121  1369 29157 I AppLinksAsyncVerifierV2: (REDACTED) Verification result: checking for a statement with source %s, relation delegate_permission/common.handle_all_urls, and target %s --> %b.
05-18 07:30:57.122  1369  5608 I AppLinksHostsVerifierV2: (REDACTED) Verification %s complete. Successful hosts: %s. Failed hosts: %s. Error hosts: %s.
05-18 07:30:57.129  1369  5608 I WebApkHostsVerifierV2: (REDACTED) Processing %d input requests
05-18 07:30:57.129  1369  5608 I AppLinksUtilsV1: Legacy cross-profile verification enabled [CONTEXT service_id=244 ]
05-18 07:30:57.129  1369  5608 I WebApkHostsVerifierV2: (REDACTED) Returning %d non-WebAPK requests
05-18 07:30:57.232  5659  5659 I AndroidRuntime: Using default boot image
05-18 07:30:57.232  5659  5659 I AndroidRuntime: Leaving lock profiling enabled
05-18 07:30:57.232  5659  5659 W libc    : Access denied finding property "odsign.verification.success"
05-18 07:30:57.236  5659  5659 W app_process: ART APEX data files are untrusted.
05-18 07:30:57.225  5659  5659 W app_process: type=1400 audit(0.0:518): avc: denied { read } for name="u:object_r:odsign_prop:s0" dev="tmpfs" ino=203 scontext=u:r:shell:s0 tcontext=u:object_r:odsign_prop:s0 tclass=file permissive=0
05-18 07:30:57.425  5659  5659 W app_process: Unexpected CPU variant for X86 using defaults: x86_64
05-18 07:30:57.438  5659  5659 W app_process: ClassLoaderContext classpath size mismatch. expected=0, found=1 (PCL[] | PCL[/system/framework/android.test.runner.jar*1585996318])
05-18 07:30:57.650   347   347 E android.hardware.power.stats@1.0-service-mock: Failed to getEnergyData
05-18 07:30:58.315   176   176 I servicemanager: Notifying apexservice they have clients: 0
05-18 07:30:58.321   176   176 I BpBinder: onLastStrongRef automatically unlinking death recipients: <uncached descriptor>
05-18 07:30:58.502  5659  5659 I AccessibilityNodeInfoDumper: Skipping invisible child: android.view.accessibility.AccessibilityNodeInfo@19d81; boundsInParent: Rect(0, 0 - 0, 49); boundsInScreen: Rect(101, 290 - 101, 339); packageName: com.google.android.apps.nexuslauncher; className: android.widget.TextView; text: null; error: null; maxTextLength: -1; stateDescription: null; contentDescription: null; tooltipText: null; viewIdResName: com.google.android.apps.nexuslauncher:id/subtitle_text; checkable: false; checked: false; focusable: false; focused: false; selected: false; clickable: false; longClickable: false; contextClickable: false; enabled: true; password: false; scrollable: false; importantForAccessibility: true; visible: false; actions: [AccessibilityAction: ACTION_SELECT - null, AccessibilityAction: ACTION_CLEAR_SELECTION - null, AccessibilityAction: ACTION_ACCESSIBILITY_FOCUS - null, AccessibilityAction: ACTION_SHOW_ON_SCREEN - null]
05-18 07:30:58.503  5659  5659 W AccessibilityNodeInfoDumper: Fetch time: 6ms
05-18 07:30:58.868   538   572 W BroadcastQueue: Background execution not allowed: receiving Intent { act=android.intent.action.DROPBOX_ENTRY_ADDED flg=0x10 (has extras) } to com.google.android.gms/.stats.service.DropBoxEntryAddedReceiver
05-18 07:30:59.579  1263  1635 W MediaProvider: isAppCloneUserPair for user 0: false
05-18 07:30:59.608   178   178 I hwservicemanager: getTransport: Cannot find entry android.hardware.graphics.mapper@4.0::IMapper/default in either framework or device VINTF manifest.
05-18 07:30:59.608  5702  5704 I Gralloc4: mapper 4.x is not supported
05-18 07:31:00.503  1263  2096 I MediaProvider: Begin Intent { act=android.intent.action.MEDIA_SCANNER_SCAN_FILE dat=file:///sdcard/screen_2025-05-18_153059.png flg=0x1400010 cmp=com.google.android.providers.media.module/com.android.providers.media.MediaService }
05-18 07:31:00.517  1263  2096 I MediaProvider: End Intent { act=android.intent.action.MEDIA_SCANNER_SCAN_FILE dat=file:///sdcard/screen_2025-05-18_153059.png flg=0x1400010 cmp=com.google.android.providers.media.module/com.android.providers.media.MediaService }
05-18 07:31:00.609  1263  1472 I MediaProvider: Deleted 0 1 0 0 0 0 0 items on external_primary due to com.android.shell
05-18 07:31:00.610  1126  4494 I UriTaskContentObserver: (REDACTED) Throttling content uri change event for %s
05-18 07:31:00.650  1265  1724 I bbhc    : (REDACTED) getHotwordActive::active query: %s, watch: %s, devices connected: %s
05-18 07:31:00.834   538  1557 I ActivityTaskManager: START u0 {act=android.intent.action.MAIN cat=[android.intent.category.LAUNCHER] flg=0x10000000 cmp=com.traveloka.android/.appentry.splash.SplashActivity} from uid 2000
05-18 07:31:00.847   538  1557 W ActivityTaskManager: Can't find TaskDisplayArea to determine support for multi window. Task id=32 attached=false
05-18 07:31:00.880   538   573 I ActivityManager: Start proc 5736:com.traveloka.android/u0a195 for pre-top-activity {com.traveloka.android/com.traveloka.android.appentry.splash.SplashActivity}
05-18 07:31:00.887  5736  5736 W aveloka.androi: Unexpected CPU variant for X86 using defaults: x86_64
05-18 07:31:00.893  5736  5736 E aveloka.androi: Not starting debugger since process cannot load the jdwp agent.
05-18 07:31:00.931  5736  5736 I LoadedApk: No resource references to update in package com.traveloka.android.wealth_impl
05-18 07:31:00.931  5736  5736 I LoadedApk: No resource references to update in package com.traveloka.android.voip_impl
05-18 07:31:00.931  5736  5736 I LoadedApk: No resource references to update in package com.traveloka.android.viewdescription
05-18 07:31:00.931  5736  5736 I LoadedApk: No resource references to update in package com.traveloka.android.user_impl
05-18 07:31:00.931  5736  5736 I LoadedApk: No resource references to update in package com.traveloka.android.ugc_impl
05-18 07:31:00.931  5736  5736 I LoadedApk: No resource references to update in package com.traveloka.android.train
05-18 07:31:00.931  5736  5736 I LoadedApk: No resource references to update in package com.traveloka.android.tpay
05-18 07:31:00.932  5736  5736 I LoadedApk: No resource references to update in package com.traveloka.android.top_customer
05-18 07:31:00.932  5736  5736 I LoadedApk: No resource references to update in package com.traveloka.android.shuttle
05-18 07:31:00.932  5736  5736 I LoadedApk: No resource references to update in package com.traveloka.android.send_impl
05-18 07:31:00.938  5736  5736 I LoadedApk: No resource references to update in package com.traveloka.android.rental_impl
05-18 07:31:00.938  5736  5736 I LoadedApk: No resource references to update in package com.traveloka.android.refund
05-18 07:31:00.938  5736  5736 I LoadedApk: No resource references to update in package com.traveloka.android.rail_impl
05-18 07:31:00.938  5736  5736 I LoadedApk: No resource references to update in package com.traveloka.android.qr
05-18 07:31:00.938  5736  5736 I LoadedApk: No resource references to update in package com.traveloka.android.ptp_impl
05-18 07:31:00.938  5736  5736 I LoadedApk: No resource references to update in package com.traveloka.android.pricealert_impl
05-18 07:31:00.938  5736  5736 I LoadedApk: No resource references to update in package com.traveloka.android.point
05-18 07:31:00.939  5736  5736 I LoadedApk: No resource references to update in package com.traveloka.android.packet
05-18 07:31:00.939  5736  5736 I LoadedApk: No resource references to update in package com.traveloka.android.offline_impl
05-18 07:31:00.939  5736  5736 I LoadedApk: No resource references to update in package com.traveloka.android.mission_impl
05-18 07:31:00.939  5736  5736 I LoadedApk: No resource references to update in package com.traveloka.android.kyc_impl
05-18 07:31:00.939  5736  5736 I LoadedApk: No resource references to update in package com.traveloka.android.insurance
05-18 07:31:00.939  5736  5736 I LoadedApk: No resource references to update in package com.traveloka.android.health_impl
05-18 07:31:00.939  5736  5736 I LoadedApk: No resource references to update in package com.traveloka.android.grocery_impl
05-18 07:31:00.939  5736  5736 I LoadedApk: No resource references to update in package com.traveloka.android.giftvoucher
05-18 07:31:00.939  5736  5736 I LoadedApk: No resource references to update in package com.traveloka.android.flighttdm
05-18 07:31:00.939  5736  5736 I LoadedApk: No resource references to update in package com.traveloka.android.flightstatus_impl
05-18 07:31:00.939  5736  5736 I LoadedApk: No resource references to update in package com.traveloka.android.flightcheckin_impl
05-18 07:31:00.939  5736  5736 I LoadedApk: No resource references to update in package com.traveloka.android.flight
05-18 07:31:00.939  5736  5736 I LoadedApk: No resource references to update in package com.traveloka.android.finserv_impl
05-18 07:31:00.940  5736  5736 I LoadedApk: No resource references to update in package com.traveloka.android.explore_impl
05-18 07:31:00.940  5736  5736 I LoadedApk: No resource references to update in package com.traveloka.android.experience
05-18 07:31:00.940  5736  5736 I LoadedApk: No resource references to update in package com.traveloka.android.ebill
05-18 07:31:00.940  5736  5736 I LoadedApk: No resource references to update in package com.traveloka.android.culinary
05-18 07:31:00.940  5736  5736 I LoadedApk: No resource references to update in package com.traveloka.android.credit
05-18 07:31:00.940  5736  5736 I LoadedApk: No resource references to update in package com.traveloka.android.connectivity
05-18 07:31:00.940  5736  5736 I LoadedApk: No resource references to update in package com.traveloka.android.cobrand_impl
05-18 07:31:00.940  5736  5736 I LoadedApk: No resource references to update in package com.traveloka.android.cinema
05-18 07:31:00.940  5736  5736 I LoadedApk: No resource references to update in package com.traveloka.android.bus
05-18 07:31:00.940  5736  5736 I LoadedApk: No resource references to update in package com.traveloka.android.budgetplanner
05-18 07:31:00.940  5736  5736 I LoadedApk: No resource references to update in package com.traveloka.android.broadcast_impl
05-18 07:31:00.940  5736  5736 I LoadedApk: No resource references to update in package com.traveloka.android.badges
05-18 07:31:00.940  5736  5736 I LoadedApk: No resource references to update in package com.traveloka.android.accommodation_search_impl
05-18 07:31:00.941  5736  5736 I LoadedApk: No resource references to update in package com.traveloka.android.accommodation_presearch_impl
05-18 07:31:00.941  5736  5736 I LoadedApk: No resource references to update in package com.traveloka.android.accommodation_postbooking_impl
05-18 07:31:00.941  5736  5736 I LoadedApk: No resource references to update in package com.traveloka.android.accommodation_booking_impl
05-18 07:31:00.945  5736  5736 I MultiDex: VM with version 2.1.0 has multidex support
05-18 07:31:00.945  5736  5736 I MultiDex: Installing application
05-18 07:31:00.945  5736  5736 I MultiDex: VM has multidex support, MultiDex support library is disabled.
05-18 07:31:00.967  1521  1521 I cnhq    : onPause
05-18 07:31:00.989  5736  5736 I FirebaseApp: Device unlocked: initializing all Firebase APIs for app [DEFAULT]
05-18 07:31:01.006  5736  5736 I FirebaseCrashlytics: Initializing Firebase Crashlytics 18.2.13 for com.traveloka.android
05-18 07:31:01.040  5736  5736 I FirebaseInitProvider: FirebaseApp initialization successful
05-18 07:31:01.063  5736  5767 W aveloka.androi: ClassLoaderContext classpath size mismatch. expected=13, found=0 (DLC[];PCL[base.apk*1914472534:base.apk!classes2.dex*3304451845:base.apk!classes3.dex*814030735:base.apk!classes4.dex*1701140833:base.apk!classes5.dex*671790505:base.apk!classes6.dex*3453289445:base.apk!classes7.dex*3073107556:base.apk!classes8.dex*2923806363:base.apk!classes9.dex*3566253840:base.apk!classes10.dex*3357887208:base.apk!classes11.dex*1617793128:base.apk!classes12.dex*2938047849:base.apk!classes13.dex*1145982731]{PCL[/system/framework/org.apache.http.legacy.jar*2058259660]#PCL[/system/framework/com.android.media.remotedisplay.jar*3472798122]#PCL[/system/framework/com.android.location.provider.jar*3633238673]#PCL[/system_ext/framework/androidx.window.sidecar.jar*3539530913]#PCL[/system/framework/org.apache.http.legacy.jar*2058259660]} | DLC[];PCL[])
05-18 07:31:01.085  5736  5767 I DynamiteModule: Considering local module com.google.android.gms.measurement.dynamite:55 and remote module com.google.android.gms.measurement.dynamite:142
05-18 07:31:01.085  5736  5767 I DynamiteModule: Selected remote version of com.google.android.gms.measurement.dynamite, version >= 142
05-18 07:31:01.131  5736  5767 W System  : ClassLoader referenced unknown path: 
05-18 07:31:01.158  5736  5767 W aveloka.androi: ClassLoaderContext classpath size mismatch. expected=13, found=50 (DLC[];PCL[base.apk*1914472534:base.apk!classes2.dex*3304451845:base.apk!classes3.dex*814030735:base.apk!classes4.dex*1701140833:base.apk!classes5.dex*671790505:base.apk!classes6.dex*3453289445:base.apk!classes7.dex*3073107556:base.apk!classes8.dex*2923806363:base.apk!classes9.dex*3566253840:base.apk!classes10.dex*3357887208:base.apk!classes11.dex*1617793128:base.apk!classes12.dex*2938047849:base.apk!classes13.dex*1145982731]{PCL[/system/framework/org.apache.http.legacy.jar*2058259660]#PCL[/system/framework/com.android.media.remotedisplay.jar*3472798122]#PCL[/system/framework/com.android.location.provider.jar*3633238673]#PCL[/system_ext/framework/androidx.window.sidecar.jar*3539530913]#PCL[/system/framework/org.apache.http.legacy.jar*2058259660]} | DLC[];PCL[/data/app/~~UUtsejjH_8KG4erNEH-wiQ==/com.traveloka.android-WoF_IyXlOSnmydGK7hKd4w==/base.apk*3721418518:/data/app/~~UUtsejjH_8KG4erNEH-wiQ==/com.traveloka.android-WoF_IyXlOSnmydGK7hKd4w==/base.apk!classes2.dex*2556035369:/data/app/~~UUtsejjH_8KG4erNEH-wiQ==/com.traveloka.android-WoF_IyXlOSnmydGK7hKd4w==/base.apk!classes3.dex*965191415:/data/app/~~UUtsejjH_8KG4erNEH-wiQ==/com.traveloka.android-WoF_IyXlOSnmydGK7hKd4w==/base.apk!classes4.dex*1576842120:/data/app/~~UUtsejjH_8KG4erNEH-wiQ==/com.traveloka.android-WoF_IyXlOSnmydGK7hKd4w==/base.apk!classes5.dex*3658390780:/data/app/~~UUtsejjH_8KG4erNEH-wiQ==/com.traveloka.android-WoF_IyXlOSnmydGK7hKd4w==/base.apk!classes6.dex*3789494563:/data/app/~~UUtsejjH_8KG4erNEH-wiQ==/com.traveloka.android-WoF_IyXlOSnmydGK7hKd4w==/base.apk!classes7.dex*1805592563:/data/app/~~UUtsejjH_8KG4erNEH-wiQ==/com.traveloka.android-WoF_IyXlOSnmydGK7hKd4w==/base.apk!classes8.dex*2161414463:/data/app/~~UUtsejjH_8KG4erNEH-wiQ==/com.traveloka.android-WoF_IyXlOSnmydGK7hKd4w==/base.apk!classes9.dex*537287851:/data/app/~~UUtsejjH_8KG4erNEH-wiQ==/com.traveloka.android-WoF_IyXlOSnmydGK7hKd4w==/base.apk!classes10.dex*2023376447:/data/app/~~UUtsejjH_8KG4erNEH-wiQ==/com.traveloka.android-WoF_IyXlOSnmydGK7hKd4w==/base.apk!classes11.dex*979018687:/data/app/~~UUtsejjH_8KG4erNEH-wiQ==/com.traveloka.android-WoF_IyXlOSnmydGK7hKd4w==/base.apk!classes12.dex*3894468378:/data/app/~~UUtsejjH_8KG4erNEH-wiQ==/com.traveloka.android-WoF_IyXlOSnmydGK7hKd4w==/base.apk!classes13.dex*2769926508:/data/app/~~UUtsejjH_8KG4erNEH-wiQ==/com.traveloka.android-WoF_IyXlOSnmydGK7hKd4w==/base.apk!classes14.dex*247729427:/data/app/~~UUtsejjH_8KG4erNEH-wiQ==/com.traveloka.android-WoF_IyXlOSnmydGK7hKd4w==/base.apk!classes15.dex*525023916:/data/app/~~UUtsejjH_8KG4erNEH-wiQ==/com.traveloka.android-WoF_IyXlOSnmydGK7hKd4w==/base.apk!classes16.dex*1714109573:/data/app/~~UUtsejjH_8KG4erNEH-wiQ==/com.traveloka.android-WoF_IyXlOSnmydGK7hKd4w==/base.apk!classes17.dex*3197703854:/data/app/~~UUtsejjH_8KG4erNEH-wiQ==/com.traveloka.android-WoF_IyXlOSnmydGK7hKd4w==/base.apk!classes18.dex*1843499177:/data/app/~~UUtsejjH_8KG4erNEH-wiQ==/com.traveloka.android-WoF_IyXlOSnmydGK7hKd4w==/base.apk!classes19.dex*3983730856:/data/app/~~UUtsejjH_8KG4erNEH-wiQ==/com.traveloka.android-WoF_IyXlOSnmydGK7hKd4w==/base.apk!classes20.dex*1769651873:/data/app/~~UUtsejjH_8KG4erNEH-wiQ==/com.traveloka.android-WoF_IyXlOSnmydGK7hKd4w==/base.apk!classes21.dex*3416656476:/data/app/~~UUtsejjH_8KG4erNEH-wiQ==/com.traveloka.android-WoF_IyXlOSnmydGK7hKd4w==/base.apk!classes22.dex*4090927888:/data/app/~~UUtsejjH_8KG4erNEH-wiQ==/com.traveloka.android-WoF_IyXlOSnmydGK7hKd4w==/base.apk!classes23.dex*1777204724:/data/app/~~UUtsejjH_8KG4erNEH-wiQ==/com.traveloka.android-WoF_IyXlOSnmydGK7hKd4w==/base.apk!classes24.dex*3629946241:/data/app/~~UUtsejjH_8KG4erNEH-wiQ==/com.traveloka.android-WoF_IyXlOSnmydGK7hKd4w==/base.apk!classes25.dex*3683398900:/data/app/~~UUtsejjH_8KG4erNEH-wiQ==/com.traveloka.android-WoF_IyXlOSnmydGK7hKd4w==/base.apk!classes26.dex*3795034934:/data/app/~~UUtsejjH_8KG4erNEH-wiQ==/com.traveloka.android-WoF_IyXlOSnmydGK7hKd4w==/base.apk!classes27.dex*1919894007:/data/app/~~UUtsejjH_8KG4erNEH-wiQ==/com.traveloka.androi
05-18 07:31:01.257  5736  5815 E aveloka.androi: Invalid ID 0x00000000.
05-18 07:31:01.302   538   823 W ActivityManager: Unable to start service Intent { act=android.service.smartspace.SmartspaceService cmp=com.google.android.as/com.google.android.apps.miphone.aiai.app.AiAiSmartspaceService } U=0: not found
05-18 07:31:01.302   538   823 W RemoteSmartspaceService: could not bind to Intent { act=android.service.smartspace.SmartspaceService cmp=com.google.android.as/com.google.android.apps.miphone.aiai.app.AiAiSmartspaceService } using flags 67112961
05-18 07:31:01.303   538   538 W ActivityManager: Unbind failed: could not find connection for android.app.LoadedApk$ServiceDispatcher$InnerConnection@18e4020
05-18 07:31:01.312  1521  1521 I cnbo    : (REDACTED) onApplyWindowInsets: systemWindowInsets=%s
05-18 07:31:01.312  1521  1521 I cnbo    : (REDACTED) onApplyWindowInsets: systemWindowInsets=%s
05-18 07:31:01.467  5736  5736 I System.out: [SendBird] To enable TLS 1.3, do not exclude conscrypt from your build.gradle
05-18 07:31:01.468  5736  5736 W System.err: java.lang.NoClassDefFoundError: Failed resolution of: Lorg/conscrypt/Conscrypt;
05-18 07:31:01.471  5736  5736 W System.err: 	at sm.v2.f(SendBird.java:1)
05-18 07:31:01.471  5736  5736 W System.err: 	at sm.v2.<init>(SendBird.java:52)
05-18 07:31:01.471  5736  5736 W System.err: 	at sm.v2.e(SendBird.java:16)
05-18 07:31:01.471  5736  5736 W System.err: 	at com.traveloka.android.user.framework.UserModuleListener.onLoad(UserModuleListener.kt:109)
05-18 07:31:01.472  5736  5736 W System.err: 	at com.traveloka.android.appentry.TravelokaApplication.onCreate(TravelokaApplication.java:207)
05-18 07:31:01.472  5736  5736 W System.err: 	at android.app.Instrumentation.callApplicationOnCreate(Instrumentation.java:1211)
05-18 07:31:01.472  5736  5736 W System.err: 	at android.app.ActivityThread.handleBindApplication(ActivityThread.java:6725)
05-18 07:31:01.472  5736  5736 W System.err: 	at android.app.ActivityThread.access$1500(ActivityThread.java:247)
05-18 07:31:01.472  5736  5736 W System.err: 	at android.app.ActivityThread$H.handleMessage(ActivityThread.java:2053)
05-18 07:31:01.472  5736  5736 W System.err: 	at android.os.Handler.dispatchMessage(Handler.java:106)
05-18 07:31:01.472  5736  5736 W System.err: 	at android.os.Looper.loopOnce(Looper.java:201)
05-18 07:31:01.472  5736  5736 W System.err: 	at android.os.Looper.loop(Looper.java:288)
05-18 07:31:01.472  5736  5736 W System.err: 	at android.app.ActivityThread.main(ActivityThread.java:7839)
05-18 07:31:01.472  5736  5736 W System.err: 	at java.lang.reflect.Method.invoke(Native Method)
05-18 07:31:01.472  5736  5736 W System.err: 	at com.android.internal.os.RuntimeInit$MethodAndArgsCaller.run(RuntimeInit.java:548)
05-18 07:31:01.472  5736  5736 W System.err: 	at com.android.internal.os.ZygoteInit.main(ZygoteInit.java:1003)
05-18 07:31:01.473  5736  5736 W System.err: Caused by: java.lang.ClassNotFoundException: org.conscrypt.Conscrypt
05-18 07:31:01.473  5736  5736 W System.err: 	... 16 more
05-18 07:31:01.678  5736  5840 W System.err: java.lang.NullPointerException: Attempt to invoke interface method 'int java.util.Map.size()' on a null object reference
05-18 07:31:01.680  5736  5840 W System.err: 	at java.util.HashMap.putMapEntries(HashMap.java:500)
05-18 07:31:01.680  5736  5840 W System.err: 	at java.util.HashMap.putAll(HashMap.java:784)
05-18 07:31:01.680  5736  5840 W System.err: 	at m50.a.c(AdjustIntegration.java:104)
05-18 07:31:01.681  5736  5840 W System.err: 	at l50.c$b.handleMessage(IntegrationManager.java:184)
05-18 07:31:01.681  5736  5840 W System.err: 	at android.os.Handler.dispatchMessage(Handler.java:106)
05-18 07:31:01.681  5736  5840 W System.err: 	at android.os.Looper.loopOnce(Looper.java:201)
05-18 07:31:01.681  5736  5840 W System.err: 	at android.os.Looper.loop(Looper.java:288)
05-18 07:31:01.681  5736  5840 W System.err: 	at android.os.HandlerThread.run(HandlerThread.java:67)
05-18 07:31:01.730  5736  5855 I Braze v21.0.0 .w2.a: Firebase Cloud Messaging found. Setting up Firebase Cloud Messaging.
05-18 07:31:01.731  5736  5855 I Braze v21.0.0 .w2.a: Automatic ADM registration not enabled in configuration. Braze will not register for ADM.
05-18 07:31:01.733  5736  5855 I Braze v21.0.0 .a5: Detected SDK update. Clearing config storage. Last SDK version detected: 
05-18 07:31:01.767  5736  5855 I Braze v21.0.0 .m1: Geofences implicitly disabled via server configuration.
05-18 07:31:01.876  5736  5736 I MVPBind : i : onCreate
05-18 07:31:01.890  5736  5891 I siftscience.android.SiftImpl: Created new siftscience.android.device queue
05-18 07:31:01.891  5736  5891 I siftscience.android.SiftImpl: Created new siftscience.android.app queue
05-18 07:31:01.945  5902  5902 W mount   : type=1400 audit(0.0:519): avc: denied { getattr } for path="/metadata" dev="vdd1" ino=2 scontext=u:r:untrusted_app:s0:c195,c256,c512,c768 tcontext=u:object_r:metadata_file:s0 tclass=dir permissive=0 app=com.traveloka.android
05-18 07:31:01.953  5902  5902 W mount   : type=1400 audit(0.0:520): avc: denied { getattr } for path="/apex/apex-info-list.xml" dev="tmpfs" ino=65 scontext=u:r:untrusted_app:s0:c195,c256,c512,c768 tcontext=u:object_r:apex_info_file:s0 tclass=file permissive=0 app=com.traveloka.android
05-18 07:31:01.953  5902  5902 W mount   : type=1400 audit(0.0:521): avc: denied { getattr } for path="/linkerconfig" dev="tmpfs" ino=3 scontext=u:r:untrusted_app:s0:c195,c256,c512,c768 tcontext=u:object_r:linkerconfig_file:s0 tclass=dir permissive=0 app=com.traveloka.android
05-18 07:31:01.953  5902  5902 W mount   : type=1400 audit(0.0:522): avc: denied { getattr } for path="/linkerconfig" dev="tmpfs" ino=3 scontext=u:r:untrusted_app:s0:c195,c256,c512,c768 tcontext=u:object_r:linkerconfig_file:s0 tclass=dir permissive=0 app=com.traveloka.android
05-18 07:31:01.953  5902  5902 W mount   : type=1400 audit(0.0:523): avc: denied { getattr } for path="/data_mirror" dev="tmpfs" ino=1 scontext=u:r:untrusted_app:s0:c195,c256,c512,c768 tcontext=u:object_r:mirror_data_file:s0 tclass=dir permissive=0 app=com.traveloka.android
05-18 07:31:02.013   538  1557 I ActivityTaskManager: START u0 {flg=0x4000000 cmp=com.traveloka.android/.user.onboarding.OnBoardingActivity (has extras)} from uid 10195
05-18 07:31:01.953  5902  5902 W mount   : type=1400 audit(0.0:524): avc: denied { getattr } for path="/data/misc/profiles/cur/0/com.traveloka.android" dev="dm-5" ino=8352 scontext=u:r:untrusted_app:s0:c195,c256,c512,c768 tcontext=u:object_r:user_profile_data_file:s0 tclass=dir permissive=0 app=com.traveloka.android
05-18 07:31:01.953  5902  5902 W mount   : type=1400 audit(0.0:525): avc: denied { getattr } for path="/data/misc/profiles/ref/com.traveloka.android" dev="dm-5" ino=8353 scontext=u:r:untrusted_app:s0:c195,c256,c512,c768 tcontext=u:object_r:user_profile_data_file:s0 tclass=dir permissive=0 app=com.traveloka.android
05-18 07:31:01.953  5902  5902 W mount   : type=1400 audit(0.0:526): avc: denied { search } for name="block" dev="tmpfs" ino=11 scontext=u:r:untrusted_app:s0:c195,c256,c512,c768 tcontext=u:object_r:block_device:s0 tclass=dir permissive=0 app=com.traveloka.android
05-18 07:31:02.058   538  1974 W ActivityTaskManager: Tried to set launchTime (0) < mLastActivityLaunchTime (4823925)
05-18 07:31:02.081  1815  1815 I Finsky  : [2] aihy.onStartJob(126): SCH: job service start with id 9330.
05-18 07:31:02.096  1815  2070 I Finsky  : [46] nib.a(171): SCH: Satisfied jobs for 9330 are: 12-1
05-18 07:31:02.097  1815  5937 I Finsky  : [486] aigh.accept(108): SCH: Job 12-1 starting
05-18 07:31:02.106  1815  1815 I Finsky  : [2] ContentSyncJob.i(9): [ContentSync] job started
05-18 07:31:02.221  5736  5736 I MVPBind : e : onCreate
05-18 07:31:02.282  1263  1474 W MediaProvider: isAppCloneUserPair for user 0: false
05-18 07:31:02.323  1815  1832 I android.vendin: Background concurrent copying GC freed 60813(2685KB) AllocSpace objects, 0(0B) LOS objects, 49% free, 12MB/24MB, paused 11.058ms,89us total 207.344ms
05-18 07:31:02.335   178   178 I hwservicemanager: getTransport: Cannot find entry android.hardware.graphics.mapper@4.0::IMapper/default in either framework or device VINTF manifest.
05-18 07:31:02.335  5943  5949 I Gralloc4: mapper 4.x is not supported
05-18 07:31:02.369  5736  5736 I MVPBind : k : onCreate
05-18 07:31:02.427  1126  4522 I AlarmManager: setExactAndAllowWhileIdle [name: GCM_HB_ALARM type: 2 triggerAtMillis: 4885451]
05-18 07:31:02.467  5736  5855 I Braze v21.0.0 .t: New session created with ID: 40198274-3eaa-4679-afe5-f74193b91d01
05-18 07:31:02.470  5736  5855 I Braze v21.0.0 .o: Location collection disabled via sdk configuration.
05-18 07:31:02.470  5736  5855 I Braze v21.0.0 .o: Did not request single location update. Location collection is disabled.
05-18 07:31:02.476  5736  5736 I MVPBind : e : onViewAttached
05-18 07:31:02.497  5736  5855 I Braze v21.0.0 .a1: Event was published, but no subscribers were found. Saving event for later publishing to a matching subscriber. Event class: class b3.g
05-18 07:31:02.511  5736  5855 I Braze v21.0.0 .p: Completed the openSession call. Starting or continuing session 40198274-3eaa-4679-afe5-f74193b91d01
05-18 07:31:02.512  1815  1815 W Finsky  : [2] ajwy.b(131): STU: Failed to get storage stats for package 'com.google.mainline.primary.libs' (1601: Error getting stats: android.content.pm.PackageManager.NameNotFoundException)
05-18 07:31:02.515  5736  5736 I MVPBind : k : onViewAttached
05-18 07:31:02.516  5736  5736 I MVPBind : d : onCreate
05-18 07:31:02.516  5736  5736 I MVPBind : d : onViewAttached
05-18 07:31:02.548  1263  2096 I MediaProvider: Begin Intent { act=android.intent.action.MEDIA_SCANNER_SCAN_FILE dat=file:///sdcard/screen_2025-05-18_153102.png flg=0x1400010 cmp=com.google.android.providers.media.module/com.android.providers.media.MediaService }
05-18 07:31:02.550  1126  5951 I AlarmManager: setExactAndAllowWhileIdle [name: GCM_HB_ALARM type: 2 triggerAtMillis: 5415573]
05-18 07:31:02.553  1815  1815 W Finsky  : [2] ajwy.b(131): STU: Failed to get storage stats for package 'com.google.android.tzdata3' (1601: Error getting stats: android.content.pm.PackageManager.NameNotFoundException)
05-18 07:31:02.560  1263  2096 I MediaProvider: End Intent { act=android.intent.action.MEDIA_SCANNER_SCAN_FILE dat=file:///sdcard/screen_2025-05-18_153102.png flg=0x1400010 cmp=com.google.android.providers.media.module/com.android.providers.media.MediaService }
05-18 07:31:02.594  1815  1815 W Finsky  : [2] ajwy.b(131): STU: Failed to get storage stats for package 'com.google.android.permission' (1601: Error getting stats: android.content.pm.PackageManager.NameNotFoundException)
05-18 07:31:02.645   365   508 W ServiceManager: Permission failure: android.permission.ACCESS_SURFACE_FLINGER from uid=10195 pid=5736
05-18 07:31:02.646   365   508 W ServiceManager: Permission failure: android.permission.ROTATE_SURFACE_FLINGER from uid=10195 pid=5736
05-18 07:31:02.646  1263  5048 I MediaProvider: Deleted 0 1 0 0 0 0 0 items on external_primary due to com.android.shell
05-18 07:31:02.647  1126  4494 I UriTaskContentObserver: (REDACTED) Throttling content uri change event for %s
05-18 07:31:02.661   178   178 I hwservicemanager: getTransport: Cannot find entry android.hardware.configstore@1.0::ISurfaceFlingerConfigs/default in either framework or device VINTF manifest.
05-18 07:31:02.661  5736  5887 W OpenGLRenderer: Failed to choose config with EGL_SWAP_BEHAVIOR_PRESERVED, retrying without...
05-18 07:31:02.661  5736  5887 W OpenGLRenderer: Failed to initialize 101010-2 format, error = EGL_SUCCESS
05-18 07:31:02.666  1815  1815 W Finsky  : [2] ajwy.b(131): STU: Failed to get storage stats for package 'com.google.android.wifi' (1601: Error getting stats: android.content.pm.PackageManager.NameNotFoundException)
05-18 07:31:02.739   365   508 E HWComposer: getSupportedContentTypes: getSupportedContentTypes failed for display 4619827259835644672: Unsupported (8)
05-18 07:31:02.742   178   178 I hwservicemanager: getTransport: Cannot find entry android.hardware.graphics.mapper@4.0::IMapper/default in either framework or device VINTF manifest.
05-18 07:31:02.742  5736  5887 I Gralloc4: mapper 4.x is not supported
05-18 07:31:02.750   178   178 I hwservicemanager: getTransport: Cannot find entry android.hardware.graphics.allocator@4.0::IAllocator/default in either framework or device VINTF manifest.
05-18 07:31:02.756  5736  5887 W Gralloc4: allocator 4.x is not supported
05-18 07:31:02.921  5736  5993 I FA      : App measurement initialized, version: 120000
05-18 07:31:02.922  5736  5993 I FA      : To enable debug logging run: adb shell setprop log.tag.FA VERBOSE
05-18 07:31:02.922  5736  5993 I FA      : To enable faster debug mode event logging run:
05-18 07:31:02.922  5736  5993 I FA      :   adb shell setprop debug.firebase.analytics.app com.traveloka.android
05-18 07:31:03.015  1126  1142 I FontLog : (REDACTED) Received query %s, URI %s
05-18 07:31:03.015  1126  1142 I FontLog : (REDACTED) Query [%s] resolved to %s
05-18 07:31:03.028   538   558 I ActivityTaskManager: Displayed com.traveloka.android/.user.onboarding.OnBoardingActivity: +2s95ms
05-18 07:31:03.043  1521  1521 I cnhq    : onStop
05-18 07:31:03.054  1126  1142 I FontLog : (REDACTED) Fetch %s end status %s
05-18 07:31:03.169  1126  5695 I FontLog : (REDACTED) Pulling font file for id = %d, cache size = %d
05-18 07:31:03.175  5736  5850 W libc    : Access denied finding property "qemu.hw.mainkeys"
05-18 07:31:03.176  5736  5850 E libc    : The property "ro.build.fingerprint" has a value with length 98 that is too large for __system_property_get()/__system_property_read(); use __system_property_read_callback() instead.
05-18 07:31:03.169  5736  5736 W Adjust-pool-36-: type=1400 audit(0.0:839): avc: denied { read } for name="tcp" dev="proc" ino=4026532056 scontext=u:r:untrusted_app:s0:c195,c256,c512,c768 tcontext=u:object_r:proc_net_tcp_udp:s0 tclass=file permissive=0 app=com.traveloka.android
05-18 07:31:03.205  1126  5695 I FontLog : (REDACTED) Pulling font file for id = %d, cache size = %d
05-18 07:31:03.169  5736  5736 W Adjust-pool-36-: type=1400 audit(0.0:840): avc: denied { read } for name="drivers" dev="proc" ino=4026531852 scontext=u:r:untrusted_app:s0:c195,c256,c512,c768 tcontext=u:object_r:proc_tty_drivers:s0 tclass=file permissive=0 app=com.traveloka.android
05-18 07:31:03.169  5736  5736 W Adjust-pool-36-: type=1400 audit(0.0:841): avc: denied { read } for name="version" dev="proc" ino=4026532035 scontext=u:r:untrusted_app:s0:c195,c256,c512,c768 tcontext=u:object_r:proc_version:s0 tclass=file permissive=0 app=com.traveloka.android
05-18 07:31:03.169  5736  5736 W Adjust-pool-36-: type=1400 audit(0.0:842): avc: denied { read } for name="u:object_r:qemu_hw_prop:s0" dev="tmpfs" ino=219 scontext=u:r:untrusted_app:s0:c195,c256,c512,c768 tcontext=u:object_r:qemu_hw_prop:s0 tclass=file permissive=0 app=com.traveloka.android
05-18 07:31:03.256   538  1557 W InputManager-JNI: Input channel object 'f5b05a8 Splash Screen com.traveloka.android (client)' was disposed without first being removed with the input manager!
05-18 07:31:03.289  5736  5736 W Adjust-pool-36-: type=1400 audit(0.0:843): avc: denied { read } for name="tcp" dev="proc" ino=4026532056 scontext=u:r:untrusted_app:s0:c195,c256,c512,c768 tcontext=u:object_r:proc_net_tcp_udp:s0 tclass=file permissive=0 app=com.traveloka.android
05-18 07:31:03.322  5736  5850 W libc    : Access denied finding property "qemu.hw.mainkeys"
05-18 07:31:03.325  5736  5850 E libc    : The property "ro.build.fingerprint" has a value with length 98 that is too large for __system_property_get()/__system_property_read(); use __system_property_read_callback() instead.
05-18 07:31:03.370  1126 25896 I NearbyMediums: No BLE Fast/GATT advertisements found in the latest cycle.
05-18 07:31:03.408  5736  5744 I aveloka.androi: Background young concurrent copying GC freed 456480(24MB) AllocSpace objects, 187(8748KB) LOS objects, 64% free, 13MB/37MB, paused 1.535ms,134us total 520.475ms
05-18 07:31:03.477  5736  5854 I Braze v21.0.0 .y: Updating offline Content Cards for user with id: 
05-18 07:31:03.479  5736  5854 I Braze v21.0.0 .a1: Event was published, but no subscribers were found. Saving event for later publishing to a matching subscriber. Event class: class b3.c
05-18 07:31:03.495  1263  1635 W MediaProvider: isAppCloneUserPair for user 0: false
05-18 07:31:03.499  1815  1815 W Finsky  : [2] ajwy.b(131): STU: Failed to get storage stats for package 'com.google.android.media.swcodec' (1601: Error getting stats: android.content.pm.PackageManager.NameNotFoundException)
05-18 07:31:03.499  1815  1815 W Finsky  : [2] ajwy.b(131): STU: Failed to get storage stats for package 'com.google.android.art' (1601: Error getting stats: android.content.pm.PackageManager.NameNotFoundException)
05-18 07:31:03.538  1815  1815 W Finsky  : [2] ajwy.b(131): STU: Failed to get storage stats for package 'com.google.android.mediaprovider' (1601: Error getting stats: android.content.pm.PackageManager.NameNotFoundException)
05-18 07:31:03.539   178   178 I hwservicemanager: getTransport: Cannot find entry android.hardware.graphics.mapper@4.0::IMapper/default in either framework or device VINTF manifest.
05-18 07:31:03.540  6026  6032 I Gralloc4: mapper 4.x is not supported
05-18 07:31:03.551  1815  1815 W Finsky  : [2] ajwy.b(131): STU: Failed to get storage stats for package 'com.google.android.adbd' (1601: Error getting stats: android.content.pm.PackageManager.NameNotFoundException)
05-18 07:31:03.563  5736  5852 I Braze v21.0.0 .l: Max number to register newly set to 20 via server config.
05-18 07:31:03.563  5736  5852 I Braze v21.0.0 .m: Min time since last geofence request reset via server configuration: 86400.
05-18 07:31:03.564  5736  5852 I Braze v21.0.0 .m: Min time since last geofence report reset via server configuration: 0.
05-18 07:31:03.569  5736  5746 W System  : A resource failed to call close. 
05-18 07:31:03.585  5736  5993 I DynamiteModule: Considering local module com.google.android.gms.tagmanager:215 and remote module com.google.android.gms.tagmanager:218
05-18 07:31:03.590  5736  5993 I DynamiteModule: Selected remote version of com.google.android.gms.tagmanager, version >= 218
05-18 07:31:03.604  5736  5993 W aveloka.androi: ClassLoaderContext classpath size mismatch. expected=13, found=50 (DLC[];PCL[base.apk*1914472534:base.apk!classes2.dex*3304451845:base.apk!classes3.dex*814030735:base.apk!classes4.dex*1701140833:base.apk!classes5.dex*671790505:base.apk!classes6.dex*3453289445:base.apk!classes7.dex*3073107556:base.apk!classes8.dex*2923806363:base.apk!classes9.dex*3566253840:base.apk!classes10.dex*3357887208:base.apk!classes11.dex*1617793128:base.apk!classes12.dex*2938047849:base.apk!classes13.dex*1145982731]{PCL[/system/framework/org.apache.http.legacy.jar*2058259660]#PCL[/system/framework/com.android.media.remotedisplay.jar*3472798122]#PCL[/system/framework/com.android.location.provider.jar*3633238673]#PCL[/system_ext/framework/androidx.window.sidecar.jar*3539530913]#PCL[/system/framework/org.apache.http.legacy.jar*2058259660]} | DLC[];PCL[/data/app/~~UUtsejjH_8KG4erNEH-wiQ==/com.traveloka.android-WoF_IyXlOSnmydGK7hKd4w==/base.apk*3721418518:/data/app/~~UUtsejjH_8KG4erNEH-wiQ==/com.traveloka.android-WoF_IyXlOSnmydGK7hKd4w==/base.apk!classes2.dex*2556035369:/data/app/~~UUtsejjH_8KG4erNEH-wiQ==/com.traveloka.android-WoF_IyXlOSnmydGK7hKd4w==/base.apk!classes3.dex*965191415:/data/app/~~UUtsejjH_8KG4erNEH-wiQ==/com.traveloka.android-WoF_IyXlOSnmydGK7hKd4w==/base.apk!classes4.dex*1576842120:/data/app/~~UUtsejjH_8KG4erNEH-wiQ==/com.traveloka.android-WoF_IyXlOSnmydGK7hKd4w==/base.apk!classes5.dex*3658390780:/data/app/~~UUtsejjH_8KG4erNEH-wiQ==/com.traveloka.android-WoF_IyXlOSnmydGK7hKd4w==/base.apk!classes6.dex*3789494563:/data/app/~~UUtsejjH_8KG4erNEH-wiQ==/com.traveloka.android-WoF_IyXlOSnmydGK7hKd4w==/base.apk!classes7.dex*1805592563:/data/app/~~UUtsejjH_8KG4erNEH-wiQ==/com.traveloka.android-WoF_IyXlOSnmydGK7hKd4w==/base.apk!classes8.dex*2161414463:/data/app/~~UUtsejjH_8KG4erNEH-wiQ==/com.traveloka.android-WoF_IyXlOSnmydGK7hKd4w==/base.apk!classes9.dex*537287851:/data/app/~~UUtsejjH_8KG4erNEH-wiQ==/com.traveloka.android-WoF_IyXlOSnmydGK7hKd4w==/base.apk!classes10.dex*2023376447:/data/app/~~UUtsejjH_8KG4erNEH-wiQ==/com.traveloka.android-WoF_IyXlOSnmydGK7hKd4w==/base.apk!classes11.dex*979018687:/data/app/~~UUtsejjH_8KG4erNEH-wiQ==/com.traveloka.android-WoF_IyXlOSnmydGK7hKd4w==/base.apk!classes12.dex*3894468378:/data/app/~~UUtsejjH_8KG4erNEH-wiQ==/com.traveloka.android-WoF_IyXlOSnmydGK7hKd4w==/base.apk!classes13.dex*2769926508:/data/app/~~UUtsejjH_8KG4erNEH-wiQ==/com.traveloka.android-WoF_IyXlOSnmydGK7hKd4w==/base.apk!classes14.dex*247729427:/data/app/~~UUtsejjH_8KG4erNEH-wiQ==/com.traveloka.android-WoF_IyXlOSnmydGK7hKd4w==/base.apk!classes15.dex*525023916:/data/app/~~UUtsejjH_8KG4erNEH-wiQ==/com.traveloka.android-WoF_IyXlOSnmydGK7hKd4w==/base.apk!classes16.dex*1714109573:/data/app/~~UUtsejjH_8KG4erNEH-wiQ==/com.traveloka.android-WoF_IyXlOSnmydGK7hKd4w==/base.apk!classes17.dex*3197703854:/data/app/~~UUtsejjH_8KG4erNEH-wiQ==/com.traveloka.android-WoF_IyXlOSnmydGK7hKd4w==/base.apk!classes18.dex*1843499177:/data/app/~~UUtsejjH_8KG4erNEH-wiQ==/com.traveloka.android-WoF_IyXlOSnmydGK7hKd4w==/base.apk!classes19.dex*3983730856:/data/app/~~UUtsejjH_8KG4erNEH-wiQ==/com.traveloka.android-WoF_IyXlOSnmydGK7hKd4w==/base.apk!classes20.dex*1769651873:/data/app/~~UUtsejjH_8KG4erNEH-wiQ==/com.traveloka.android-WoF_IyXlOSnmydGK7hKd4w==/base.apk!classes21.dex*3416656476:/data/app/~~UUtsejjH_8KG4erNEH-wiQ==/com.traveloka.android-WoF_IyXlOSnmydGK7hKd4w==/base.apk!classes22.dex*4090927888:/data/app/~~UUtsejjH_8KG4erNEH-wiQ==/com.traveloka.android-WoF_IyXlOSnmydGK7hKd4w==/base.apk!classes23.dex*1777204724:/data/app/~~UUtsejjH_8KG4erNEH-wiQ==/com.traveloka.android-WoF_IyXlOSnmydGK7hKd4w==/base.apk!classes24.dex*3629946241:/data/app/~~UUtsejjH_8KG4erNEH-wiQ==/com.traveloka.android-WoF_IyXlOSnmydGK7hKd4w==/base.apk!classes25.dex*3683398900:/data/app/~~UUtsejjH_8KG4erNEH-wiQ==/com.traveloka.android-WoF_IyXlOSnmydGK7hKd4w==/base.apk!classes26.dex*3795034934:/data/app/~~UUtsejjH_8KG4erNEH-wiQ==/com.traveloka.android-WoF_IyXlOSnmydGK7hKd4w==/base.apk!classes27.dex*1919894007:/data/app/~~UUtsejjH_8KG4erNEH-wiQ==/com.traveloka.androi
05-18 07:31:03.630  1815  1815 W Finsky  : [2] ajwy.b(131): STU: Failed to get storage stats for package 'com.google.android.resolv' (1601: Error getting stats: android.content.pm.PackageManager.NameNotFoundException)
05-18 07:31:03.632  5736  5993 I GoogleTagManager: Loading container GTM-MC9HHLN
05-18 07:31:03.633  5736  5993 I GoogleTagManager: Installing Tag Manager event handler.
05-18 07:31:03.635  5736  5993 I GoogleTagManager: Tag Manager event handler installed.
05-18 07:31:03.635  5736  5993 I GoogleTagManager: Tag Manager initialization took 6ms
05-18 07:31:03.656  1815  1815 W Finsky  : [2] ajwy.b(131): STU: Failed to get storage stats for package 'com.google.android.conscrypt' (1601: Error getting stats: android.content.pm.PackageManager.NameNotFoundException)
05-18 07:31:03.656  1815  1815 W Finsky  : [2] ajwy.b(131): STU: Failed to get storage stats for package 'com.google.android.media' (1601: Error getting stats: android.content.pm.PackageManager.NameNotFoundException)
05-18 07:31:03.695  1815  1815 W Finsky  : [2] ajwy.b(131): STU: Failed to get storage stats for package 'com.google.android.neuralnetworks' (1601: Error getting stats: android.content.pm.PackageManager.NameNotFoundException)
05-18 07:31:03.703  1815  1815 W Finsky  : [2] ajwy.b(131): STU: Failed to get storage stats for package 'com.google.android.ipsec' (1601: Error getting stats: android.content.pm.PackageManager.NameNotFoundException)
05-18 07:31:03.717  1369  6040 I AdvertisingIdClient: shouldSendLog 3927519
05-18 07:31:03.717  1369  6040 I AdvertisingIdClient: GetInfoInternal elapse 14ms
05-18 07:31:03.739  1263  2096 I MediaProvider: Begin Intent { act=android.intent.action.MEDIA_SCANNER_SCAN_FILE dat=file:///sdcard/screen_2025-05-18_153103.png flg=0x1400010 cmp=com.google.android.providers.media.module/com.android.providers.media.MediaService }
05-18 07:31:03.761  1815  1815 W Finsky  : [2] ajwy.b(131): STU: Failed to get storage stats for package 'com.google.android.sdkext' (1601: Error getting stats: android.content.pm.PackageManager.NameNotFoundException)
05-18 07:31:03.793  1815  1815 W Finsky  : [2] ajwy.b(131): STU: Failed to get storage stats for package 'com.google.android.tethering' (1601: Error getting stats: android.content.pm.PackageManager.NameNotFoundException)
05-18 07:31:03.798  1263  2096 I MediaProvider: End Intent { act=android.intent.action.MEDIA_SCANNER_SCAN_FILE dat=file:///sdcard/screen_2025-05-18_153103.png flg=0x1400010 cmp=com.google.android.providers.media.module/com.android.providers.media.MediaService }
05-18 07:31:03.810  1815  1815 W Finsky  : [2] ajwy.b(131): STU: Failed to get storage stats for package 'com.google.android.extservices' (1601: Error getting stats: android.content.pm.PackageManager.NameNotFoundException)
05-18 07:31:03.821  1263  5048 I MediaProvider: Deleted 0 1 0 0 0 0 0 items on external_primary due to com.android.shell
05-18 07:31:03.823  1126  4494 I UriTaskContentObserver: (REDACTED) Throttling content uri change event for %s
05-18 07:31:03.856  1815  1815 W Finsky  : [2] ajwy.b(131): STU: Failed to get storage stats for package 'com.google.android.os.statsd' (1601: Error getting stats: android.content.pm.PackageManager.NameNotFoundException)
05-18 07:31:03.857  1815  1815 W Finsky  : [2] ajwy.b(131): STU: Failed to get storage stats for package 'com.google.android.cellbroadcast' (1601: Error getting stats: android.content.pm.PackageManager.NameNotFoundException)
05-18 07:31:03.897  1815  1815 W Finsky  : [2] ajwy.b(131): STU: Failed to get storage stats for package 'com.google.android.scheduling' (1601: Error getting stats: android.content.pm.PackageManager.NameNotFoundException)
05-18 07:31:03.902  1815  1838 I Finsky  : [36] alyu.v(185): Package com.google.android.gms is verified.
05-18 07:31:03.918  1369  6040 W FA-SVC  : Service response is missing Install Referrer install timestamp
05-18 07:31:03.936  1815  1815 I Finsky  : [2] nqf.a(199): App states replicator found 4 unowned apps
05-18 07:31:03.945  1815  1815 I Finsky  : [2] nqk.b(18): Completed 0 account content syncs with 0 successful.
05-18 07:31:03.949  1815  1815 I Finsky  : [2] ContentSyncJob.a(12): [ContentSync] Installation state replication succeeded.
