07-29 20:59:21.028  2463  4414 I DisplayModeDirectorImpl: onDesiredDisplayModeSpecsChanged:baseModeId=0 allowGroupSwitching=false primary=physical: (0.0 Infinity) render:  (0.0 120.0) appRequest=physical: (0.0 Infinity) render:  (0.0 120.0) idleScreenRefreshRateConfig=null noVotes=true
07-29 20:59:21.028  2463  2517 I AnimInterruptController: FIS reset Foresee interrupt status
07-29 20:59:21.028  2105  2105 I BpBinder: onLastStrongRef automatically unlinking death recipients: 
07-29 20:59:21.029  4497  4497 I Launcher: changeMIUIWidgetEditMode false
07-29 20:59:21.029  7989  7989 I LauncherOverlayCallback: handleMessage WHAT_ACTIVITY_STATE_CHANGED what3
07-29 20:59:21.029  7989  7989 I LauncherOverlayCallback: handleMessage WHAT_LAUNCHER_STATE what3
07-29 20:59:21.031  4979  5212 E KeyguardTransitionHandlerImpl: activityCount = 0
07-29 20:59:21.031  2463  4596 I SecurityManagerService: update appwidget of uid: 10278 package: com.miui.weather2 visible: true reason: visible
07-29 20:59:21.033  4497  4497 I Launcher.widget: onVisible 
07-29 20:59:21.033  2105  2755 W VsyncModulator: setTransactionSchedule: Unexpected EarlyEnd
07-29 20:59:21.033  4497  4497 I Launcher.widget: onVisible 
07-29 20:59:21.034  4979  5212 I RemoteTransitionHandlerStubImpl: invokeAndRemoveWctCB transition is null, curWctCB: null
07-29 20:59:21.034  2463  5526 W UserManagerService: Requested status bar icon for non-badged user 0
07-29 20:59:21.035  8013  8013 I VideoToolBoxService: onReceive: android.intent.action.CLOSE_SYSTEM_DIALOGS
07-29 20:59:21.036  8013  8013 I GameBoosterService: onReceive: android.intent.action.CLOSE_SYSTEM_DIALOGS
07-29 20:59:21.037  2463  5526 I ClipboardServiceI: checkProviderWakePathForClipboard: primaryClip is null
07-29 20:59:21.037  2463  5526 I SmartPower: com.miui.weather2/10278(5795): idle->background(68468ms) R(content provider start ContentProviderRecord{9f05c96 u0 com.miui.weather2/.providers.WeatherProvider}) adj=0.
07-29 20:59:21.039  5795  2156 I Wth2:WeatherProvider: getFirstSelectedCity() ret count= 1
07-29 20:59:21.039  5795  2156 E Wth2:WeatherProvider: getFirstSelectedCity() error 
07-29 20:59:21.039  5795  2156 E Wth2:WeatherProvider: java.lang.NumberFormatException: For input string: "33.862_119.318"
07-29 20:59:21.039  5795  2156 E Wth2:WeatherProvider: 	at java.lang.Integer.parseInt(Integer.java:790)
07-29 20:59:21.039  5795  2156 E Wth2:WeatherProvider: 	at java.lang.Integer.parseInt(Integer.java:908)
07-29 20:59:21.039  5795  2156 E Wth2:WeatherProvider: 	at com.miui.weather2.providers.WeatherProvider.g(SourceFile:9)
07-29 20:59:21.039  5795  2156 E Wth2:WeatherProvider: 	at com.miui.weather2.providers.WeatherProvider.e(SourceFile:5)
07-29 20:59:21.039  5795  2156 E Wth2:WeatherProvider: 	at com.miui.weather2.providers.WeatherProvider.query(SourceFile:21)
07-29 20:59:21.039  5795  2156 E Wth2:WeatherProvider: 	at android.content.ContentProvider.query(ContentProvider.java:1633)
07-29 20:59:21.039  5795  2156 E Wth2:WeatherProvider: 	at android.content.ContentProvider.query(ContentProvider.java:1729)
07-29 20:59:21.039  5795  2156 E Wth2:WeatherProvider: 	at android.content.ContentProvider$Transport.query(ContentProvider.java:301)
07-29 20:59:21.039  5795  2156 E Wth2:WeatherProvider: 	at android.content.ContentProviderNative.onTransact(ContentProviderNative.java:110)
07-29 20:59:21.039  5795  2156 E Wth2:WeatherProvider: 	at android.os.Binder.execTransactInternal(Binder.java:1507)
07-29 20:59:21.039  5795  2156 E Wth2:WeatherProvider: 	at android.os.Binder.execTransact(Binder.java:1451)
07-29 20:59:21.039  4979  4979 I ControlCenterExpandController: hide panel true true
07-29 20:59:21.040  4979  4979 I VolumeShowHideAnimator: isRunning: false, mExpanded: false
07-29 20:59:21.040  4979  4979 I VolumeExpandCollapsedAnimator: isRunning: false, mExpanded: false
07-29 20:59:21.040  4979  4979 I VolumePanelViewController_true: dismissH mShowing:false, reason:volume_controller, isAnimating: false, needShowDialog=true, KeyAnimatingStream=-1
07-29 20:59:21.040  4979  4979 I VolumeShowHideAnimator: isRunning: false, mExpanded: false
07-29 20:59:21.040  4979  4979 I VolumeExpandCollapsedAnimator: isRunning: false, mExpanded: false
07-29 20:59:21.040  4979  4979 I VolumePanelViewController_false: dismissH mShowing:false, reason:volume_controller, isAnimating: false, needShowDialog=false, KeyAnimatingStream=-1
07-29 20:59:21.040  5795 15185 I Wth2:WeatherProvider: getFirstSelectedCity() ret count= 1
07-29 20:59:21.040  2463  4205 I MiuiNetworkPolicy: updateUidState uid = 10278, uidState = 3
07-29 20:59:21.040  5795 15185 E Wth2:WeatherProvider: getFirstSelectedCity() error 
07-29 20:59:21.040  5795 15185 E Wth2:WeatherProvider: java.lang.NumberFormatException: For input string: "33.862_119.318"
07-29 20:59:21.040  5795 15185 E Wth2:WeatherProvider: 	at java.lang.Integer.parseInt(Integer.java:790)
07-29 20:59:21.040  5795 15185 E Wth2:WeatherProvider: 	at java.lang.Integer.parseInt(Integer.java:908)
07-29 20:59:21.040  5795 15185 E Wth2:WeatherProvider: 	at com.miui.weather2.providers.WeatherProvider.g(SourceFile:9)
07-29 20:59:21.040  5795 15185 E Wth2:WeatherProvider: 	at com.miui.weather2.providers.WeatherProvider.h(SourceFile:5)
07-29 20:59:21.040  5795 15185 E Wth2:WeatherProvider: 	at com.miui.weather2.providers.WeatherProvider.query(SourceFile:23)
07-29 20:59:21.040  5795 15185 E Wth2:WeatherProvider: 	at android.content.ContentProvider.query(ContentProvider.java:1633)
07-29 20:59:21.040  5795 15185 E Wth2:WeatherProvider: 	at android.content.ContentProvider.query(ContentProvider.java:1729)
07-29 20:59:21.040  5795 15185 E Wth2:WeatherProvider: 	at android.content.ContentProvider$Transport.query(ContentProvider.java:301)
07-29 20:59:21.040  5795 15185 E Wth2:WeatherProvider: 	at android.content.ContentProviderNative.onTransact(ContentProviderNative.java:110)
07-29 20:59:21.040  5795 15185 E Wth2:WeatherProvider: 	at android.os.Binder.execTransactInternal(Binder.java:1507)
07-29 20:59:21.040  5795 15185 E Wth2:WeatherProvider: 	at android.os.Binder.execTransact(Binder.java:1451)
07-29 20:59:21.041  5795 15185 I Wth2:WeatherProvider: getHourlyData checkCityAt=true tmpCursor.count  4
07-29 20:59:21.041  2463  4205 I MiuiNetworkPolicyTrafficLimit: updateWhiteListUidForMobileTraffic uid=10278,add=true
07-29 20:59:21.042  5795 15185 I Wth2:WeatherProvider: optimiseHourlyData sunrise : 18660000  sunset : 68760000
07-29 20:59:21.044  2463  5128 I ClipboardServiceI: checkProviderWakePathForClipboard: primaryClip is null
07-29 20:59:21.044  3002  6353 E libsensor-parseRGB: CWB NotifyCWBBufferDone  error 0
07-29 20:59:21.150  1827  2108 I SDM     : DisplayBase::CommitThread: Received idle timeout, panel: cmd, timeout: 70000 us
07-29 20:59:21.229  1827  2752 I vendor.qti.hardware.display.composer-service: Sensor: notify citsensorservice to trigger cwb, misForced = 1
07-29 20:59:21.229  4497  5224 E Launcher.Transfer: transfer is closed
07-29 20:59:21.230  3002  4297 I libsensor-parseRGB: request dump start for mRequestDisplayId 0
07-29 20:59:21.253  3002  3080 E libsensor-parseRGB: CWB NotifyCWBBufferDone  error 0
07-29 20:59:21.309  1827  2108 I SDM     : DisplayBase::CommitThread: Received idle timeout, panel: cmd, timeout: 70000 us
07-29 20:59:21.402  4553  4553 I MiuiWallpaper-MiuiWallpaperManagerService: receive broadcast action = android.intent.action.PACKAGE_RESTARTED
07-29 20:59:21.500  2463  4412 I SmartPower: com.xiaomi.market/10167(9900): background->idle(3007ms) R(adj below visible) adj=905.
07-29 20:59:21.513  3117  3117 I adbd    : in ShellService: ps
07-29 20:59:21.528  2463  2530 I SmartPower: com.miui.voiceassist:core/10193(7664): idle->background(4186ms) R(broadcast start Intent { act=android.intent.action.CLOSE_SYSTEM_DIALOGS flg=0x50000010 (has extras) }) adj=100.
07-29 20:59:21.529  7664  7664 I VA_AliveCore:MixMonitor: onReceive: action=android.intent.action.CLOSE_SYSTEM_DIALOGS
07-29 20:59:21.529  7664  7664 I VA_AliveCore:MixMonitor: onReceive: reason=homekey
07-29 20:59:21.529  7664  7664 I VA_AliveCore:MixMonitor: onReceive: action=com.miui.fullscreen_state_change
07-29 20:59:21.529  7664  7664 I VA_AliveCore:MixMonitor: onReceive: action=com.miui.fullscreen_state_change;stateName=toHome
07-29 20:59:21.532  9900 26330 I Market-HomeKeyReceiver: onReceive: action: android.intent.action.CLOSE_SYSTEM_DIALOGS
07-29 20:59:21.532  9900 26330 I Market-HomeKeyReceiver: reason: homekey
07-29 20:59:21.689  2463  4404 I whetstone.activity: processNotifyEvent1 resId = 128, bundle = Bundle[{startTime=19800008, sourcePkg=com.xiaomi.xmsf, type=ELAPSED_WAKEUP, statsTag=*walarm*:com.xiaomi.push.PING_TIMER, creatorUid=10203, elapsedRealtime=19800000}]
07-29 20:59:21.689  9339 12105 I EventMonitor: notifyEvent resId=128
07-29 20:59:21.700  8607  8607 W PushService: [Tid:2] [XMPushService] onStart() with intent.Action = com.xiaomi.push.timer, chid = null, pkg = null|null
07-29 20:59:21.700  8607  9400 W PushService: [Tid:444] [Job] Handle intent action = com.xiaomi.push.timer
07-29 20:59:21.700  8607  9400 W PushService: [Tid:444] [Alarm] Service called on timer
07-29 20:59:21.701  8607  9400 W PushService: [Tid:444] [HwKaMgr] update fall down state: false
07-29 20:59:21.701  8607  9400 W PushService: [Tid:444] [Alarm] register alarm. (false)
07-29 20:59:21.701  8607  9400 W PushService: [Tid:444] [HwKaMgr] [Available] MdKa is Unavailable. reason: not supported
07-29 20:59:21.702  8607  9400 W PushService: [Tid:444] [HB] ping interval:600000
07-29 20:59:21.702  8607  9400 W PushService: [Tid:444] registerPing, firstPing=false, interval=600000, nextTime=20400000
07-29 20:59:21.704  8607  9400 W PushService: [Tid:444] [HwKaMgr] [ping] start ping action
07-29 20:59:21.705  8607  9400 W PushService: [Tid:444] [Slim] SND ping id=0
07-29 20:59:21.706  8607  9400 W PushService: [Tid:444] [HwKaMgr] [socket] send message
07-29 20:59:21.706  8607  9400 W PushService: [Tid:444] [HwKaMgr] [Available] MdKa is Unavailable. reason: not supported
07-29 20:59:21.706  8607  9391 W PushService: [Tid:441] [Alarm] heartbeat alarm finish in 9
07-29 20:59:21.750  8607 15323 W PushService: [Tid:538] [HwKaMgr] [socket] receive message
07-29 20:59:21.750  8607 15323 W PushService: [Tid:538] [Slim] RCV ping id=0
07-29 20:59:21.751  8607  9400 W PushService: [Tid:444] stats key not found
07-29 20:59:21.752  8607  9400 W PushService: [Tid:444] -->onPong()
07-29 20:59:21.753  8607  9400 W PushService: [Tid:444] [HwKaMgr] [Available] MdKa is Unavailable. reason: not supported
07-29 20:59:21.764  8013  9561 W BatteryHistoryManager: checkReset
07-29 20:59:21.765  8013  9622 W BatteryHistoryManager: check reset inner : 2025.7.29  20:59
07-29 20:59:21.766  9339  9339 I PowerKeeperBackgroundService: onStartCommand()
07-29 20:59:21.767  9339  9339 I PowerKeeperService: onAlarm
07-29 20:59:21.768  2463  2540 W BatteryExternalStatsWorker: error reading Bluetooth stats: 9
07-29 20:59:21.774  7633 24064 I PSyncWorker: Starting proactive picker sync from sync source: 1
07-29 20:59:21.776  7633 24064 I PickerSyncController: Executing SyncAdd. isLocal: true. authority: com.android.providers.media.photopicker
07-29 20:59:21.778  1844  1844 I vendor.qti.hardware.servicetrackeraidl-service: bindService is called for service : com.android.providers.media.module/androidx.work.impl.background.systemjob.SystemJobService and for client system
07-29 20:59:21.778  1844  1844 I vendor.qti.hardware.servicetrackeraidl-service: total connections for service : com.android.providers.media.module/androidx.work.impl.background.systemjob.SystemJobServiceare :1
07-29 20:59:21.778  1844  1844 I vendor.qti.hardware.servicetrackeraidl-service: total connections for client : systemare :32
07-29 20:59:21.779  7633 24064 I PickerSyncController: Paged sync successful. QueryArgs: Bundle[{android.provider.extra.SYNC_GENERATION=8362, android.provider.extra.PAGE_SIZE=1000}] Total Rows: 0
07-29 20:59:21.779  7633 24064 I PickerSyncController: Executing SyncRemove. isLocal: true. authority: com.android.providers.media.photopicker
07-29 20:59:21.779  2463  4404 I whetstone.activity: processNotifyEvent1 resId = 256, bundle = Bundle[{startTime=19800098, sourcePkg=com.android.providers.media.module, sourceUid=10249, status=1, jobId=668, batteryName=@androidx.work.systemjobscheduler@com.android.providers.media.module/androidx.work.impl.background.systemjob.SystemJobService, elapsedRealtime=19800098}]
07-29 20:59:21.779  7633 24064 E PickerDbFacade: Could not get first date taken millis for media id: 1000000796
07-29 20:59:21.780  7633 24064 W PickerDbFacade: Unable to promote cloud media with localId: 1000000796
07-29 20:59:21.781  7633 24064 I PickerSyncController: Paged sync successful. QueryArgs: Bundle[{android.provider.extra.SYNC_GENERATION=8362, android.provider.extra.PAGE_SIZE=1000}] Total Rows: 0
07-29 20:59:21.781  7633 24064 I PickerSyncTracker: Marked sync future complete for work id: 291d611d-95eb-4d11-82b2-872568f030a7. Future map: {}
07-29 20:59:21.781  7633 24064 I PSyncWorker: Completed picker proactive sync complete from local provider.
07-29 20:59:21.782  7633  7831 I WM-WorkerWrapper: Worker result SUCCESS for Work [ id=291d611d-95eb-4d11-82b2-872568f030a7, tags={ com.android.providers.media.photopicker.sync.ProactiveSyncWorker } ]
07-29 20:59:21.782  9339 12105 I EventMonitor: notifyEvent resId=256
07-29 20:59:21.783  2463  4404 I whetstone.activity: processNotifyEvent1 resId = 256, bundle = Bundle[{startTime=19800102, sourcePkg=com.android.providers.media.module, sourceUid=10249, status=0, jobId=668, batteryName=@androidx.work.systemjobscheduler@com.android.providers.media.module/androidx.work.impl.background.systemjob.SystemJobService, elapsedRealtime=19800102}]
07-29 20:59:21.783  1844  1844 I vendor.qti.hardware.servicetrackeraidl-service: unbindService is called for service : com.android.providers.media.module/androidx.work.impl.background.systemjob.SystemJobService and for client system
07-29 20:59:21.783  1844  1844 I vendor.qti.hardware.servicetrackeraidl-service: size of service connections for service: com.android.providers.media.module/androidx.work.impl.background.systemjob.SystemJobServiceafter removal is 0
07-29 20:59:21.783  1844  1844 I vendor.qti.hardware.servicetrackeraidl-service: size of client connections for client: systemafter removal is 31
07-29 20:59:21.784  1844  1844 I vendor.qti.hardware.servicetrackeraidl-service: destroyService is called for service : com.android.providers.media.module/androidx.work.impl.background.systemjob.SystemJobService
07-29 20:59:21.784  9339 12105 I EventMonitor: notifyEvent resId=256
07-29 20:59:21.837  8013  9622 I BatteryDataUtils: getFirstHistoryData baseTime =0
07-29 20:59:21.837  8013  9622 I BatteryDataUtils: getFirstHistoryData time =3288363527
07-29 20:59:21.837  8013  9622 I PowerRankHelperHolder: refreshStats begin
07-29 20:59:21.837  8013  9622 I PowerRankHelperHolder: mDesktopPkgSet =[com.ss.android.ugc.aweme, com.milink.service, com.miui.securitymanager, com.musicworx, com.baidu.BaiduMap, com.google.android.apps.youtube.music, com.google.android.apps.tasks, com.jijia.jjweather, com.netease.newsreader.activity, com.instagram.android, com.microsoft.emmx, com.baidu.searchbox.lite, com.getsurfboard, com.android.fileexplorer, com.miui.compass, com.microsoft.office.outlook, com.jijia.bqwnl, com.autonavi.minimap, com.miui.mishare.connectivity, com.miui.calculator, com.bathandbody.bbw, org.secuso.privacyfriendlytodolist, com.android.contacts, com.xiaomi.scanner, com.android.vending, com.yahoo.mobile.client.android.mail, com.einnovation.temu, com.baidu.searchbox, com.duokan.reader, com.wuba.zhuanzhuan, io.appium.settings, com.android.chrome, com.xiaomi.finddevice, com.xingin.xhs, com.dragon.read, tv.danmaku.bili, com.android.nfc, com.ebay.mobile, com.miui.gallery, com.UCMobile, todolist.scheduleplanner.dailyplanner.todo.reminders, com.alibaba.aliexpresshd, com.android.email, com.todoist, com.spotify.music, com.mfashiongallery.emag, com.xiaomi.market, com.microsoft.todos, com.sohu.inputmethod.sogou.xiaomi, com.skysoft.kkbox.android, com.miui.notes, com.miui.home, com.smile.gifmaker, com.xiaomi.gamecenter, com.android.browser, com.anydo, de.baumann.browser, com.suxing.sustream, com.miui.virtualsim, com.android.quicksearchbox, com.sina.news, com.miui.weather2, com.miui.video, douzifly.list, com.google.android.documentsui, com.ss.android.article.news, com.miui.miwallpaper, com.quark.browser, com.android.mms, cn.ninegame.gamemanager, com.kuaishou.nebula, com.android.providers.downloads.ui, com.tencent.android.qqdownloader, com.baidu.input_mi, com.iflytek.inputmethod.miui, com.android.camera, com.google.android.gm, cn.amazon.mShop.android, com.android.incallui, com.google.android.apps.magazines, com.android.calendar, io.github.ylimit.droidbotapp, ru.mail.mailapp, com.android.settings, com.zhuantech.sijiweather, com.cnn.mobile.android.phone, com.android.soundrecorder]
07-29 20:59:21.855  2463  2540 W BatteryExternalStatsWorker: error reading Bluetooth stats: 9
07-29 20:59:21.884  2463 14501 W system_server: Large reply transaction of 386648 bytes, interface descriptor com.android.internal.app.IBatteryStats, code 134
07-29 20:59:21.973  2463  2540 W BatteryExternalStatsWorker: error reading Bluetooth stats: 9
07-29 20:59:21.986  8013  9622 I PowerRankHelperHolder: mMiscUsageList size = 1
07-29 20:59:21.987  8013  9622 I PowerRankHelperHolder: refreshStats end
07-29 20:59:22.030  2463  4414 I DisplayModeDirectorImpl: SmartDisplayPolicyEnd
07-29 20:59:22.031  2463  2516 I DisplayModeDirectorImpl: onDesiredDisplayModeSpecsChanged:baseModeId=1 allowGroupSwitching=false primary=physical: (0.0 120.0) render:  (0.0 120.0) appRequest=physical: (0.0 120.0) render:  (0.0 120.0) idleScreenRefreshRateConfig=null noVotes=false
07-29 20:59:22.036  2105  2105 I RefreshRateSelector: Display 4630947082089526659 policy changed
07-29 20:59:22.036  2105  2105 I RefreshRateSelector: Previous: {defaultModeId=0, allowGroupSwitching=false, primaryRanges={physical=[0.00 Hz, inf Hz], render=[0.00 Hz, 120.00 Hz]}, appRequestRanges={physical=[0.00 Hz, inf Hz], render=[0.00 Hz, 120.00 Hz]} idleScreenConfig=nullptr}
07-29 20:59:22.036  2105  2105 I RefreshRateSelector: Current:  DisplayManagerPolicy{defaultModeId=0, allowGroupSwitching=false, primaryRanges={physical=[0.00 Hz, 120.00 Hz], render=[0.00 Hz, 120.00 Hz]}, appRequestRanges={physical=[0.00 Hz, 120.00 Hz], render=[0.00 Hz, 120.00 Hz]} idleScreenConfig=nullptr}
07-29 20:59:22.036  2105  2105 I RefreshRateSelector: 0 mode changes were performed under the previous policy
07-29 20:59:22.081  3117  3117 I adbd    : in ShellService: dumpsys activity activities
07-29 20:59:22.161  1827  2399 I SDM     : HWCDisplay::SetActiveConfigWithConstraints: display:66-0, config: 1, WxH 1200x2670, fps 120
07-29 20:59:22.161 26224 26262 I mit.droidbotapp: ProcessProfilingInfo new_methods=1 is saved saved_to_disk=1 resolve_classes_delay=8000
07-29 20:59:22.162  1827  2399 W SDM     : HWDeviceDRM::GetSupportedBitClkRate: Requested rate not supported: 1150000000
07-29 20:59:22.162  1827  2399 I SDM     : HWDeviceDRM::UpdateMixerAttributes: Mixer WxH 1200x2670-1 for Peripheral
07-29 20:59:22.162  1827  2399 I SDM     : HWCDisplay::SubmitDisplayConfig: Active configuration changed from config 3 to 1
07-29 20:59:22.162  1827  2399 I SDM     : HWCDisplay::SubmitDisplayConfig: Active WxH 1200x2670 ,ddic_mode:idle, timing_fps: 120, sf_fps: 120
07-29 20:59:22.163  1827  2752 I vendor.qti.hardware.display.composer-service: Sensor: notify citsensorservice to trigger cwb, misForced = 0
07-29 20:59:22.164  3002  4297 I libsensor-parseRGB: request dump start for mRequestDisplayId 0
07-29 20:59:22.178  3117  3117 I adbd    : in ShellService: dumpsys activity activities
07-29 20:59:22.194  3002  3080 E libsensor-parseRGB: CWB NotifyCWBBufferDone  error 0
07-29 20:59:22.251  1827  2108 I SDM     : DisplayBase::CommitThread: Received idle timeout, panel: cmd, timeout: 70000 us
07-29 20:59:22.302  3117  3117 I adbd    : in ShellService: dumpsys activity activities
07-29 20:59:22.381  3117  3117 I adbd    : in ShellService: dumpsys activity services
07-29 20:59:22.445  2463  4412 I SmartPower: android.process.acore/10083(6721): background->idle(3002ms) R(broadcast start Intent { act=android.intent.action.PACKAGE_CHANGED dat=package: flg=0x45000010 (has extras) }) adj=905.
07-29 20:59:22.447  2463  4412 I SmartPower: com.mfashiongallery.emag/10262(8261): background->idle(3001ms) R(broadcast start Intent { act=android.intent.action.PACKAGE_CHANGED dat=package: flg=0x45000010 (has extras) }) adj=905.
07-29 20:59:22.449  2463  4412 I SmartPower: com.google.android.documentsui/10100(21132): background->idle(3000ms) R(broadcast start Intent { act=android.intent.action.PACKAGE_CHANGED dat=package: flg=0x45000010 (has extras) }) adj=905.
07-29 20:59:22.449  2463  4412 I SmartPower: com.milink.service:audio/10178(19382): background->idle(3001ms) R(broadcast start Intent { act=android.intent.action.PACKAGE_CHANGED dat=package: flg=0x45000010 (has extras) }) adj=200.
07-29 20:59:22.514  3117  3117 I adbd    : in ShellService: screencap -p /sdcard/screen_2025-07-29_205923.png
07-29 20:59:22.626 26610 26610 W BpBinder: Linking to death on android.gui.ISurfaceComposer but there are no threads (yet?) listening to incoming transactions. See ProcessState::startThreadPool and ProcessState::setThreadPoolMaxThreadCount. Generally you should setup the binder threadpool before other initialization steps.
07-29 20:59:22.626 26610 26610 W ProcessState: Extra binder thread started, but 0 threads requested. Do not use *startThreadPool when zero threads are requested.
07-29 20:59:22.656 26610 26612 I AdrenoUtils: <ReadGpuID:357>: Reading chip ID through GSL
07-29 20:59:22.657 26610 26610 W qdgralloc: Failed to load libubwcp.so
07-29 20:59:22.653 26610 26610 W screencap: type=1400 audit(0.0:13154): avc:  denied  { read } for  name="libubwcp.so" dev="dm-14" ino=19816057 scontext=u:r:shell:s0 tcontext=u:object_r:vendor_file:s0 tclass=file permissive=0
07-29 20:59:22.660  7633 20216 W MediaProvider: isAppCloneUserPair for user 0: false
07-29 20:59:22.672  3117  3117 I adbd    : in ShellService: ps
07-29 20:59:22.958  2463  4412 I SmartPower: com.miui.gallery/10271(13242): background->idle(3006ms) R(adj below visible) adj=905.
07-29 20:59:23.007  2463  5109 I NetworkBoostStatusManager: handle: 102
07-29 20:59:23.007  2463  5109 I NetworkBoostStatusManager: interfaceOnCapabilitiesChanged interface name:wlan0
07-29 20:59:23.009  4916  5931 E PhoneAdapter: get ntnphones failed, exception: java.lang.IllegalStateException: Default phones haven't been made yet!
07-29 20:59:23.016  8724  8724 I NetBusNetworkMonitor: onCapabilitiesChanged isPrimary = true
07-29 20:59:23.018  8724  8724 I NetBusNetworkMonitor: gateway=192.*.*.1
07-29 20:59:23.024  8724  8724 I NetBusNetworkMonitor: addConnectNetworkInterface mediumType:256, detail:NetworkDetailInfo{mIsConnected=false, mIsSupportTdls=true, mNetworkType=0, mIpAddress=192.*.*.11, mIfName=wlan0, mGateway=192.*.*.1, mNetmask=255.*.*.0, mSsid=C**01}
07-29 20:59:23.024  8724  8724 I NetBusNetworkMonitor: onCapabilitiesChanged handle=441492361229, mediumType=256, ifName=wlan0
07-29 20:59:23.036  2463  5177 I NetworkAccelerateSwitchService: EVENT_RSSI_POLL. mRssiPoll=true
07-29 20:59:23.036  2463  5177 I NetworkAccelerateSwitchService: getAverageWifiRssi:61
07-29 20:59:23.039  2463  4596 I ClipboardServiceI: checkProviderWakePathForClipboard: primaryClip is null
07-29 20:59:23.033 12982 12982 W Thread-2342: type=1400 audit(0.0:13155): avc:  denied  { read } for  name="cache" dev="dm-10" ino=104 scontext=u:r:untrusted_app:s0:c30,c257,c512,c768 tcontext=u:object_r:cache_file:s0 tclass=lnk_file permissive=0 app=com.xingin.xhs
07-29 20:59:23.033 12982 12982 W Thread-2342: type=1400 audit(0.0:13156): avc:  denied  { read } for  name="cache" dev="dm-10" ino=104 scontext=u:r:untrusted_app:s0:c30,c257,c512,c768 tcontext=u:object_r:cache_file:s0 tclass=lnk_file permissive=0 app=com.xingin.xhs
07-29 20:59:23.033 12982 12982 W Thread-2342: type=1400 audit(0.0:13157): avc:  denied  { read } for  name="cache" dev="dm-10" ino=104 scontext=u:r:untrusted_app:s0:c30,c257,c512,c768 tcontext=u:object_r:cache_file:s0 tclass=lnk_file permissive=0 app=com.xingin.xhs
07-29 20:59:23.033 12982 12982 W Thread-2342: type=1400 audit(0.0:13158): avc:  denied  { read } for  name="cache" dev="dm-10" ino=104 scontext=u:r:untrusted_app:s0:c30,c257,c512,c768 tcontext=u:object_r:cache_file:s0 tclass=lnk_file permissive=0 app=com.xingin.xhs
07-29 20:59:23.033 12982 12982 W Thread-2342: type=1400 audit(0.0:13159): avc:  denied  { read } for  name="cache" dev="dm-10" ino=104 scontext=u:r:untrusted_app:s0:c30,c257,c512,c768 tcontext=u:object_r:cache_file:s0 tclass=lnk_file permissive=0 app=com.xingin.xhs
07-29 20:59:23.052 12982 20845 I WCDB.SQLite: [SQLite ErrCode: 283] recovered 4 frames from WAL file /data/user/0/com.xingin.xhs/databases/xhs_capa.db-wal
07-29 20:59:23.064  1844  1844 I vendor.qti.hardware.servicetrackeraidl-service: bindService is called for service : com.xingin.xhs/com.xingin.longlink.service.LongLinkService and for client com.xingin.xhs
07-29 20:59:23.065  1844  1844 I vendor.qti.hardware.servicetrackeraidl-service: total connections for service : com.xingin.xhs/com.xingin.longlink.service.LongLinkServiceare :1
07-29 20:59:23.065  1844  1844 I vendor.qti.hardware.servicetrackeraidl-service: total connections for client : com.xingin.xhsare :3
07-29 20:59:23.065  2463  4596 I AppsFilter: interaction: PackageSetting{b79e61f com.android.microdroid.empty_payload/10236} -> PackageSetting{c657a34 com.xingin.xhs/10286} BLOCKED
07-29 20:59:23.065  2463  4596 I AppsFilter: interaction: PackageSetting{ae81f35 io.appium.uiautomator2.server.test/10280} -> PackageSetting{c657a34 com.xingin.xhs/10286} BLOCKED
07-29 20:59:23.065  2463  4596 I AppsFilter: interaction: PackageSetting{6559fca io.github.ylimit.droidbotapp/10361} -> PackageSetting{c657a34 com.xingin.xhs/10286} BLOCKED
07-29 20:59:23.065  2463  4596 I AppsFilter: interaction: PackageSetting{960c53b com.rongcard.eid/10151} -> PackageSetting{c657a34 com.xingin.xhs/10286} BLOCKED
07-29 20:59:23.065  2463  4596 I AppsFilter: interaction: PackageSetting{ee2458 io.appium.settings/10274} -> PackageSetting{c657a34 com.xingin.xhs/10286} BLOCKED
07-29 20:59:23.066  2463  4596 I SmartPower: com.xingin.xhs:longlinkNew/10286(0): -1->background(0ms) R(become background) adj=-10000.
07-29 20:59:23.068 12982 26634 I XhsDiskManager: in enableLowDisk()
07-29 20:59:23.070  2463 14501 I PowerManagerServiceImpl: Partial wakeLock:[PARTIAL_WAKE_LOCK                 'Mars::MicroMsg.WakerLock' (uid=10286 pid=12982 pkg=com.xingin.xhs)], disabled: true, procState: 19, reason: Process Priority
07-29 20:59:23.070  2463  4403 E HyperSentinel: -------------------------------------------------------
07-29 20:59:23.070  2463  4403 E HyperSentinel: Event_ResidentSize
07-29 20:59:23.070  2463  4403 E HyperSentinel: -> audit event by proc 20356 "com.xingin.xhs:widgetProvider": RSS increasement, peak 0kb -> 170912kb
07-29 20:59:23.079 12982 26623 I WCDB.SQLiteConnectionPool: Max connection pool size is 4.
07-29 20:59:23.079 12982 26623 I WCDB.SQLiteConnection: Opened connection 0x7d244cd958 with label '/data/user/0/com.xingin.xhs/databases/msgDB'
07-29 20:59:23.079 12982 26623 I WCDB.SQLiteConnection: sqlite3_key verification passed.
07-29 20:59:23.081 12982 26624 W libc    : Access denied finding property "net.dns1"
07-29 20:59:23.082 12982 26624 W libc    : Access denied finding property "net.dns2"
07-29 20:59:23.083 12982 26623 I WCDB.SQLite: [SQLite ErrCode: 283] recovered 76 frames from WAL file /data/user/0/com.xingin.xhs/databases/msgDB-wal
07-29 20:59:23.085 26643 26643 E Zygote  : process_name_ptr:26643 com.xingin.xhs:longlinkNew
07-29 20:59:23.085 26643 26643 E Zygote  : SetMemoryProtected process_name_ptr:26643 com.xingin.xhs:longlinkNew
07-29 20:59:23.086 26643 26643 I libc    : SetHeapTaggingLevel: tag level set to 0
07-29 20:59:23.091 26643 26643 I xhs:longlinkNew: Using CollectorTypeCC GC.
07-29 20:59:23.095  2463  2531 I ActivityManager: Start proc 26643:com.xingin.xhs:longlinkNew/u0a286 for service {com.xingin.xhs/com.xingin.longlink.service.LongLinkService} caller=com.xingin.xhs
07-29 20:59:23.096 26643 26643 E xhs:longlinkNew: Not starting debugger since process cannot load the jdwp agent.
07-29 20:59:23.100  1870  1870 E qspmHal : setAppInfoH atPid = 26643, gpuFname:com.xingin.xhs, gpuFver:89308051
07-29 20:59:23.100 26643 26643 I MessageMonitor: Load libmiui_runtime
07-29 20:59:23.112 26643 26643 I JavaheapMonitor: Java heap monitor start.
07-29 20:59:23.113  2463  2539 I SensorAccount: App register sensor to track it noWakeupSensor_10286_0x100000b
07-29 20:59:23.113  1747  1747 I sensors-hal: batch:141, android.sensor.accelerometer/11, period=200000000, max_latency=0
07-29 20:59:23.113  1747  1747 I sensors-hal: set_config:56, sample_period_ns is adjusted to 200000000 based on min/max delay_ns
07-29 20:59:23.113  1747  1747 I sensors-hal: batch:150, android.sensor.accelerometer/11, period=200000000, max_latency=0 request completed
07-29 20:59:23.114  2463  6119 I SensorService: 	>>> actuating h/w activate handle=0x100000b enabled=1
07-29 20:59:23.115  2463  2498 I system_server: This is sticky GC, maxfree is 16777216 minfree is 8388608
07-29 20:59:23.116 12982 19698 I com.xingin.xhs: This is sticky GC, maxfree is 16777216 minfree is 8388608
07-29 20:59:23.117  1747  1747 I sensors-hal: activate:108, android.sensor.accelerometer/11 en=1
07-29 20:59:23.117  1747  1747 I sensors-hal: acquire_qsh_interface:121, acquire_qsh_interface with sensor_id 104 , conn_type 2 
07-29 20:59:23.118  1714  1806 I minksocket: MinkIPC MESSAGE: ( 1714:1806 ) MinkIPC_QRTR_Service:351 minkipc = 0xb400007134251590 sock = 19, client with node 1 port 498c went down
07-29 20:59:23.118  1714  1828 I minksocket: MinkIPC MESSAGE: ( 1714:1828 ) MinkIPC_QRTR_Service:351 minkipc = 0xb4000071342524b0 sock = 35, client with node 1 port 498c went down
07-29 20:59:23.119  1714  1828 I minksocket: MinkIPC MESSAGE: ( 1714:1828 ) MinkIPC_QRTR_Service:351 minkipc = 0xb4000071342524b0 sock = 35, client with node 1 port 498d went down
07-29 20:59:23.119  1714  1806 I minksocket: MinkIPC MESSAGE: ( 1714:1806 ) MinkIPC_QRTR_Service:351 minkipc = 0xb400007134251590 sock = 19, client with node 1 port 498d went down
07-29 20:59:23.119  1714  1828 I minksocket: MinkIPC MESSAGE: ( 1714:1828 ) MinkIPC_QRTR_Service:351 minkipc = 0xb4000071342524b0 sock = 35, client with node 1 port 498e went down
07-29 20:59:23.119  1714  1806 I minksocket: MinkIPC MESSAGE: ( 1714:1806 ) MinkIPC_QRTR_Service:351 minkipc = 0xb400007134251590 sock = 19, client with node 1 port 498e went down
07-29 20:59:23.119  1747  1747 I sensors-hal: qsh_qmi:35, qsh_qmi
07-29 20:59:23.119  1747  1747 I sensors-hal: register_cb:314, suid(low=11115320498015681092,high=2286538866409242278) is new. register callbacks
07-29 20:59:23.119  1747  1747 I sensors-hal: send_sensor_config_request:626, resampler is used, set resampler config
07-29 20:59:23.119  1747  1747 I sensors-hal: send_sync_sensor_request:531, send sync request
07-29 20:59:23.119  1747  1747 I sensors-hal: send_sync_sensor_request:541, send_sync_sensor_request before send_request for accel with SUID low=11115320498015681092 high=2286538866409242278
07-29 20:59:23.119  1747  1747 I sensors-hal: send_sync_sensor_request:560, wait for notification of response
07-29 20:59:23.120  1714  1828 I minksocket: MinkIPC MESSAGE: ( 1714:1828 ) MinkIPC_QRTR_Service:351 minkipc = 0xb4000071342524b0 sock = 35, client with node 1 port 498f went down
07-29 20:59:23.120  1714  1806 I minksocket: MinkIPC MESSAGE: ( 1714:1806 ) MinkIPC_QRTR_Service:351 minkipc = 0xb400007134251590 sock = 19, client with node 1 port 498f went down
07-29 20:59:23.123  1747 26671 I sensors-hal: qsh_conn_resp_cb:886, resp_value = 0 for accel 
07-29 20:59:23.123  1747  1747 I sensors-hal: send_sync_sensor_request:566, takes 3 ms to receive the response with 0
07-29 20:59:23.123  1747  1747 I sensors-hal: activate:119, android.sensor.accelerometer/11 en=1 completed
07-29 20:59:23.125  1747  1747 I sensors-hal: batch:141, android.sensor.magnetic_field/21, period=200000000, max_latency=0
07-29 20:59:23.125  1747  1747 I sensors-hal: set_config:56, sample_period_ns is adjusted to 200000000 based on min/max delay_ns
07-29 20:59:23.125  1747  1747 I sensors-hal: batch:150, android.sensor.magnetic_field/21, period=200000000, max_latency=0 request completed
07-29 20:59:23.125  2463  6119 I SensorService: 	>>> actuating h/w activate handle=0x1000015 enabled=1
07-29 20:59:23.125  1747  1747 I sensors-hal: activate:108, android.sensor.magnetic_field/21 en=1
07-29 20:59:23.125  1747  1747 I sensors-hal: acquire_qsh_interface:121, acquire_qsh_interface with sensor_id 14 , conn_type 2 
07-29 20:59:23.126  2463  2539 I SensorAccount: App register sensor to track it noWakeupSensor_10286_0x1000015
07-29 20:59:23.129  1714  1828 I minksocket: MinkIPC MESSAGE: ( 1714:1828 ) MinkIPC_QRTR_Service:351 minkipc = 0xb4000071342524b0 sock = 35, client with node 1 port 4991 went down
07-29 20:59:23.129  1714  1806 I minksocket: MinkIPC MESSAGE: ( 1714:1806 ) MinkIPC_QRTR_Service:351 minkipc = 0xb400007134251590 sock = 19, client with node 1 port 4991 went down
07-29 20:59:23.131  1714  1828 I minksocket: MinkIPC MESSAGE: ( 1714:1828 ) MinkIPC_QRTR_Service:351 minkipc = 0xb4000071342524b0 sock = 35, client with node 1 port 4992 went down
07-29 20:59:23.131  1714  1806 I minksocket: MinkIPC MESSAGE: ( 1714:1806 ) MinkIPC_QRTR_Service:351 minkipc = 0xb400007134251590 sock = 19, client with node 1 port 4992 went down
07-29 20:59:23.131  1714  1806 I minksocket: MinkIPC MESSAGE: ( 1714:1806 ) MinkIPC_QRTR_Service:351 minkipc = 0xb400007134251590 sock = 19, client with node 1 port 4993 went down
07-29 20:59:23.131  1714  1828 I minksocket: MinkIPC MESSAGE: ( 1714:1828 ) MinkIPC_QRTR_Service:351 minkipc = 0xb4000071342524b0 sock = 35, client with node 1 port 4993 went down
07-29 20:59:23.131  1747  1747 I sensors-hal: qsh_qmi:35, qsh_qmi
07-29 20:59:23.131  1747  1747 I sensors-hal: register_cb:314, suid(low=11911404398489902607,high=16993594652946037180) is new. register callbacks
07-29 20:59:23.131  1747  1747 I sensors-hal: register_cb:314, suid(low=15495098723303600324,high=1922380601209663805) is new. register callbacks
07-29 20:59:23.131  1747  1747 I sensors-hal: calibration:49, registerd callback for mag_cal
07-29 20:59:23.131  1747  1747 I sensors-hal: calibration:56, created worker for mag_cal
07-29 20:59:23.131  1747  1747 I sensors-hal: send_req:210, send_req before send_request mag_cal with SUID low=15495098723303600324 high=1922380601209663805
07-29 20:59:23.132  1747  1747 I sensors-hal: activate:158, mag cal started
07-29 20:59:23.132  1747  1747 I sensors-hal: send_sensor_config_request:626, resampler is used, set resampler config
07-29 20:59:23.132  1747  1747 I sensors-hal: send_sync_sensor_request:531, send sync request
07-29 20:59:23.132  1747  1747 I sensors-hal: send_sync_sensor_request:541, send_sync_sensor_request before send_request for mag with SUID low=11911404398489902607 high=16993594652946037180
07-29 20:59:23.132  1747  1747 I sensors-hal: send_sync_sensor_request:560, wait for notification of response
07-29 20:59:23.132  1714  1828 I minksocket: MinkIPC MESSAGE: ( 1714:1828 ) MinkIPC_QRTR_Service:351 minkipc = 0xb4000071342524b0 sock = 35, client with node 1 port 4994 went down
07-29 20:59:23.133  1714  1806 I minksocket: MinkIPC MESSAGE: ( 1714:1806 ) MinkIPC_QRTR_Service:351 minkipc = 0xb400007134251590 sock = 19, client with node 1 port 4994 went down
07-29 20:59:23.134  1747 26681 I sensors-hal: handle_resp_cb:220, resp_value = 0 for mag_cal before acuiring the lock _cal_mutex
07-29 20:59:23.134  1747 26681 I sensors-hal: qsh_conn_resp_cb:886, resp_value = 0 for mag 
07-29 20:59:23.136  1747  1747 I sensors-hal: send_sync_sensor_request:566, takes 4 ms to receive the response with 0
07-29 20:59:23.136  1747  1747 I sensors-hal: activate:167, mag_filter is enabled
07-29 20:59:23.136  1747  1747 I sensors-hal: activate:119, android.sensor.magnetic_field/21 en=1 completed
07-29 20:59:23.136  1747 26682 I sensors-hal: operator():285, operator() in worker.. sending cal request again
07-29 20:59:23.136  1747 26682 I sensors-hal: send_req:210, send_req before send_request mag_cal with SUID low=15495098723303600324 high=1922380601209663805
07-29 20:59:23.138  1747 26681 I sensors-hal: handle_resp_cb:220, resp_value = 0 for mag_cal before acuiring the lock _cal_mutex
07-29 20:59:23.141  2463  2539 I SensorAccount: App register sensor to track it noWakeupSensor_10286_0x1000033
07-29 20:59:23.141  2463  2539 I SensorAccount: App register sensor to track it noWakeupSensor_10286_0x100003d
07-29 20:59:23.144 26643 26643 W ziparchive: Unable to open '/data/app/~~naXyFBWev0WaR6iSxCiDUQ==/com.xingin.xhs-lLmsAkZUpbytEgkoEwuLhw==/split_config.arm64_v8a.dm': No such file or directory
07-29 20:59:23.144 26643 26643 W ziparchive: Unable to open '/data/app/~~naXyFBWev0WaR6iSxCiDUQ==/com.xingin.xhs-lLmsAkZUpbytEgkoEwuLhw==/split_config.arm64_v8a.dm': No such file or directory
07-29 20:59:23.144  1747  1747 I sensors-hal: batch:141, android.sensor.pressure/61, period=200000000, max_latency=0
07-29 20:59:23.144  1747  1747 I sensors-hal: set_config:56, sample_period_ns is adjusted to 200000000 based on min/max delay_ns
07-29 20:59:23.144  1747  1747 I sensors-hal: batch:150, android.sensor.pressure/61, period=200000000, max_latency=0 request completed
07-29 20:59:23.144  2463  5526 I SensorService: 	>>> actuating h/w activate handle=0x100003d enabled=1
07-29 20:59:23.144  1747  1747 I sensors-hal: activate:108, android.sensor.pressure/61 en=1
07-29 20:59:23.144  1747  1747 I sensors-hal: acquire_qsh_interface:121, acquire_qsh_interface with sensor_id 31 , conn_type 2 
07-29 20:59:23.144 26643 26643 W xhs:longlinkNew: Entry not found
07-29 20:59:23.145 26643 26643 W ziparchive: Unable to open '/data/app/~~naXyFBWev0WaR6iSxCiDUQ==/com.xingin.xhs-lLmsAkZUpbytEgkoEwuLhw==/split_config.xxhdpi.dm': No such file or directory
07-29 20:59:23.145 26643 26643 W ziparchive: Unable to open '/data/app/~~naXyFBWev0WaR6iSxCiDUQ==/com.xingin.xhs-lLmsAkZUpbytEgkoEwuLhw==/split_config.xxhdpi.dm': No such file or directory
07-29 20:59:23.145 12982 26623 I WCDB.SQLiteConnection: Opened connection 0x7d244d97f8 with label '/data/user/0/com.xingin.xhs/databases/msgDB'
07-29 20:59:23.145 12982 26623 I WCDB.SQLiteConnection: sqlite3_key verification passed.
07-29 20:59:23.145 26643 26643 W xhs:longlinkNew: Entry not found
07-29 20:59:23.151 26643 26643 I Perf    : Connecting to perf service.
07-29 20:59:23.153  1714  1806 I minksocket: MinkIPC MESSAGE: ( 1714:1806 ) MinkIPC_QRTR_Service:351 minkipc = 0xb400007134251590 sock = 19, client with node 1 port 4996 went down
07-29 20:59:23.153  1714  1828 I minksocket: MinkIPC MESSAGE: ( 1714:1828 ) MinkIPC_QRTR_Service:351 minkipc = 0xb4000071342524b0 sock = 35, client with node 1 port 4996 went down
07-29 20:59:23.154  1714  1828 I minksocket: MinkIPC MESSAGE: ( 1714:1828 ) MinkIPC_QRTR_Service:351 minkipc = 0xb4000071342524b0 sock = 35, client with node 1 port 4997 went down
07-29 20:59:23.154  1714  1806 I minksocket: MinkIPC MESSAGE: ( 1714:1806 ) MinkIPC_QRTR_Service:351 minkipc = 0xb400007134251590 sock = 19, client with node 1 port 4997 went down
07-29 20:59:23.154  1747  1747 I sensors-hal: qsh_qmi:35, qsh_qmi
07-29 20:59:23.154  1747  1747 I sensors-hal: register_cb:314, suid(low=6651504447997676721,high=24534046050247843) is new. register callbacks
07-29 20:59:23.154  1747  1747 I sensors-hal: send_sensor_config_request:626, resampler is used, set resampler config
07-29 20:59:23.154  1747  1747 I sensors-hal: send_sync_sensor_request:531, send sync request
07-29 20:59:23.154  1747  1747 I sensors-hal: send_sync_sensor_request:541, send_sync_sensor_request before send_request for pressure with SUID low=6651504447997676721 high=24534046050247843
07-29 20:59:23.154  1747  1747 I sensors-hal: send_sync_sensor_request:560, wait for notification of response
07-29 20:59:23.154  1714  1828 I minksocket: MinkIPC MESSAGE: ( 1714:1828 ) MinkIPC_QRTR_Service:351 minkipc = 0xb4000071342524b0 sock = 35, client with node 1 port 4998 went down
07-29 20:59:23.154  1714  1806 I minksocket: MinkIPC MESSAGE: ( 1714:1806 ) MinkIPC_QRTR_Service:351 minkipc = 0xb400007134251590 sock = 19, client with node 1 port 4998 went down
07-29 20:59:23.156  1747 26692 I sensors-hal: qsh_conn_resp_cb:886, resp_value = 0 for pressure 
07-29 20:59:23.156  1747  1747 I sensors-hal: send_sync_sensor_request:566, takes 1 ms to receive the response with 0
07-29 20:59:23.156  1747  1747 I sensors-hal: activate:119, android.sensor.pressure/61 en=1 completed
07-29 20:59:23.156  1714  1828 I minksocket: MinkIPC MESSAGE: ( 1714:1828 ) MinkIPC_QRTR_Service:351 minkipc = 0xb4000071342524b0 sock = 35, client with node 1 port 4999 went down
07-29 20:59:23.156  1714  1806 I minksocket: MinkIPC MESSAGE: ( 1714:1806 ) MinkIPC_QRTR_Service:351 minkipc = 0xb400007134251590 sock = 19, client with node 1 port 4999 went down
07-29 20:59:23.157  2463  5526 I ClipboardServiceI: checkProviderWakePathForClipboard: primaryClip is null
07-29 20:59:23.158 12982 26640 I WCDB.SQLiteConnectionPool: Max connection pool size is 4.
07-29 20:59:23.163 26643 26667 I ActivityThread: TrafficStats init done
07-29 20:59:23.164 26643 26667 I ForceDarkHelperStubImpl: initialize for com.xingin.xhs , ForceDarkOrigin
07-29 20:59:23.166  1844  1844 I vendor.qti.hardware.servicetrackeraidl-service: unbindService is called for service : com.google.android.gms/.measurement.service.MeasurementBrokerService and for client com.xingin.xhs
07-29 20:59:23.167  1844  1844 I vendor.qti.hardware.servicetrackeraidl-service: size of service connections for service: com.google.android.gms/.measurement.service.MeasurementBrokerServiceafter removal is 0
07-29 20:59:23.167  1844  1844 I vendor.qti.hardware.servicetrackeraidl-service: size of client connections for client: com.xingin.xhsafter removal is 2
07-29 20:59:23.167 12982 26685 I ModelProfile: ===== JNI_OnLoad =====
07-29 20:59:23.167 12982 26685 I ModelProfile: RegisterNativeMethods
07-29 20:59:23.167 12982 26685 I ModelProfile: EGLRender::Init
07-29 20:59:23.167  1844  1844 I vendor.qti.hardware.servicetrackeraidl-service: destroyService is called for service : com.google.android.gms/.measurement.service.MeasurementBrokerService
07-29 20:59:23.171 26643 26667 I MiuiForceDarkConfig: setConfig density:3.000000, mainRule:0, secondaryRule:0, tertiaryRule:0
07-29 20:59:23.171  1747  1747 I sensors-hal: batch:141, android.sensor.gravity/91, period=200000000, max_latency=0
07-29 20:59:23.171  1747  1747 I sensors-hal: set_config:56, sample_period_ns is adjusted to 200000000 based on min/max delay_ns
07-29 20:59:23.171  1747  1747 I sensors-hal: batch:150, android.sensor.gravity/91, period=200000000, max_latency=0 request completed
07-29 20:59:23.171  2463  5541 I SensorService: 	>>> actuating h/w activate handle=0x100005b enabled=1
07-29 20:59:23.172  1747  1747 I sensors-hal: activate:108, android.sensor.gravity/91 en=1
07-29 20:59:23.172  1747  1747 I sensors-hal: acquire_qsh_interface:121, acquire_qsh_interface with sensor_id 63 , conn_type 2 
07-29 20:59:23.174 26643 26667 I ActivityThread: Miui Feature Init done
07-29 20:59:23.175  2463  2539 I SensorAccount: App register sensor to track it noWakeupSensor_10286_0x100005b
07-29 20:59:23.176  1714  1806 I minksocket: MinkIPC MESSAGE: ( 1714:1806 ) MinkIPC_QRTR_Service:351 minkipc = 0xb400007134251590 sock = 19, client with node 1 port 499b went down
07-29 20:59:23.176  1714  1828 I minksocket: MinkIPC MESSAGE: ( 1714:1828 ) MinkIPC_QRTR_Service:351 minkipc = 0xb4000071342524b0 sock = 35, client with node 1 port 499b went down
07-29 20:59:23.176  2912  3069 W misight_perf:  [902001300, com.google.android.gms, 31105, service oncreate latency]
07-29 20:59:23.176  2912  3062 I misight : OnEvent EventPrivacyCompliance event=902001300
07-29 20:59:23.176  2912  3062 I misight : OnEvent EventStorageManager event=902001300,2
07-29 20:59:23.177  1714  1806 I minksocket: MinkIPC MESSAGE: ( 1714:1806 ) MinkIPC_QRTR_Service:351 minkipc = 0xb400007134251590 sock = 19, client with node 1 port 499c went down
07-29 20:59:23.177  1714  1828 I minksocket: MinkIPC MESSAGE: ( 1714:1828 ) MinkIPC_QRTR_Service:351 minkipc = 0xb4000071342524b0 sock = 35, client with node 1 port 499c went down
07-29 20:59:23.178  1747  1747 I sensors-hal: qsh_qmi:35, qsh_qmi
07-29 20:59:23.178  1747  1747 I sensors-hal: register_cb:314, suid(low=12052644982307943726,high=14255117871604606629) is new. register callbacks
07-29 20:59:23.178  1747  1747 I sensors-hal: send_sync_sensor_request:531, send sync request
07-29 20:59:23.178  1747  1747 I sensors-hal: send_sync_sensor_request:541, send_sync_sensor_request before send_request for gravity with SUID low=12052644982307943726 high=14255117871604606629
07-29 20:59:23.178  1714  1806 I minksocket: MinkIPC MESSAGE: ( 1714:1806 ) MinkIPC_QRTR_Service:351 minkipc = 0xb400007134251590 sock = 19, client with node 1 port 499d went down
07-29 20:59:23.178  1714  1828 I minksocket: MinkIPC MESSAGE: ( 1714:1828 ) MinkIPC_QRTR_Service:351 minkipc = 0xb4000071342524b0 sock = 35, client with node 1 port 499d went down
07-29 20:59:23.178  1747  1747 I sensors-hal: send_sync_sensor_request:560, wait for notification of response
07-29 20:59:23.178  1714  1828 I minksocket: MinkIPC MESSAGE: ( 1714:1828 ) MinkIPC_QRTR_Service:351 minkipc = 0xb4000071342524b0 sock = 35, client with node 1 port 499e went down
07-29 20:59:23.178  1714  1806 I minksocket: MinkIPC MESSAGE: ( 1714:1806 ) MinkIPC_QRTR_Service:351 minkipc = 0xb400007134251590 sock = 19, client with node 1 port 499e went down
07-29 20:59:23.178  1747 26692 I sensors-hal: qsh_conn_event_cb:817, SCHED_FIFO(10) for qmi_cbk
07-29 20:59:23.179  1747 26710 I sensors-hal: qsh_conn_resp_cb:886, resp_value = 0 for gravity 
07-29 20:59:23.179  1747  1747 I sensors-hal: send_sync_sensor_request:566, takes 1 ms to receive the response with 0
07-29 20:59:23.179  1747  1747 I sensors-hal: activate:119, android.sensor.gravity/91 en=1 completed
07-29 20:59:23.181 12982 26640 I WCDB.SQLiteConnection: Opened connection 0x7d244e5cd8 with label '/data/user/0/com.xingin.xhs/databases/localRelationDB'
07-29 20:59:23.181 12982 26640 I WCDB.SQLiteConnection: sqlite3_key verification passed.
07-29 20:59:23.181  2912  3062 I misight : OnEvent EventInfoPack event 902001300
07-29 20:59:23.182 12982 26678 I MediaRouter: Skip setBluetoothA2dpOn(): types=8388615, isPlaybackActive()=false, BT route=null
07-29 20:59:23.184 12982 26685 W libc    : Access denied finding property "vendor.migl.debug"
07-29 20:59:23.184 26643 26643 I sentry_hook_tag: sentry_crash_record nativeInit /data/user/0/com.xingin.xhs/files/sentry-record/, 8.93.0, 8930805
07-29 20:59:23.185 26643 26643 W bytehook_tag: bytehook init, mode 0, debug 0, return 0
07-29 20:59:23.185 12982 26619 I nqe_demo: Java_com_xingin_rednqe_RedNQEUtils_updateCurrentNetworkSignalJni, network_type_str = WIFI
07-29 20:59:23.186 26643 26643 I sentry_hook_tag: arch: arm64
07-29 20:59:23.186 26643 26643 I sentry_hook_tag: set_hook_array idx: 0, name: libsentry.so
07-29 20:59:23.186 26643 26643 I sentry_hook_tag: set_hook_array idx: 1, name: libsgmainso
07-29 20:59:23.186 26643 26643 I sentry_hook_tag: set_hook_array idx: 2, name: libsentry-gwp-asan.so
07-29 20:59:23.186 26643 26643 I sentry_hook_tag: >>>>  so = libsentry.so
07-29 20:59:23.186 26643 26643 I sentry_hook_tag: >>>>  so = libsentry-gwp-asan.so
07-29 20:59:23.186 12982 26640 I WCDB.SQLite: [SQLite ErrCode: 283] recovered 26 frames from WAL file /data/user/0/com.xingin.xhs/databases/localRelationDB-wal
07-29 20:59:23.186 26643 26643 I sentry_hook_tag: >>>>> monitor_anr pid: 26643, tid: 26643
07-29 20:59:23.187 26643 26711 I sentry_hook_tag: >>>>> bsg_monitor_anrs pid: 26643, tid: 26711
07-29 20:59:23.187 26643 26643 I sentry_hook_tag: allow_filter_for_hook_all hook 0 libsentry.so
07-29 20:59:23.187 26643 26643 I sentry_hook_tag: >>>>> hooked. stub: 7d644ca490, status: 0, caller_path_name: /data/app/~~naXyFBWev0WaR6iSxCiDUQ==/com.xingin.xhs-lLmsAkZUpbytEgkoEwuLhw==/lib/arm64/libsentry.so, sym_name: sigaction, new_func: 7b694e4724, prev_func: 7e0f3ab56c, arg: 0
07-29 20:59:23.189 26643 26643 I sentry_hook_tag: >>>>   6, new: 0x7fd0ad7ba0, old: 0x7b693b50e8, /data/app/~~naXyFBWev0WaR6iSxCiDUQ==/com.xingin.xhs-lLmsAkZUpbytEgkoEwuLhw==/lib/arm64/libsentry.so
07-29 20:59:23.189 26643 26643 I sentry_hook_tag: >>>> [register_signal] signal = 6
07-29 20:59:23.189 26643 26643 I sentry_hook_tag: >>>> [register_signal]--replace sig = 6, path = /data/app/~~naXyFBWev0WaR6iSxCiDUQ==/com.xingin.xhs-lLmsAkZUpbytEgkoEwuLhw==/lib/arm64/libsentry.so, new = 0x7fd0ad7ba0
07-29 20:59:23.189 26643 26643 I sentry_hook_tag: >>>>   7, new: 0x7fd0ad7ba0, old: 0x7b693b5110, /data/app/~~naXyFBWev0WaR6iSxCiDUQ==/com.xingin.xhs-lLmsAkZUpbytEgkoEwuLhw==/lib/arm64/libsentry.so
07-29 20:59:23.189 26643 26643 I sentry_hook_tag: >>>> [register_signal] signal = 7
