07-29 20:59:23.189 26643 26643 I sentry_hook_tag: >>>> [register_signal]--replace sig = 7, path = /data/app/~~naXyFBWev0WaR6iSxCiDUQ==/com.xingin.xhs-lLmsAkZUpbytEgkoEwuLhw==/lib/arm64/libsentry.so, new = 0x7fd0ad7ba0
07-29 20:59:23.189 26643 26643 I sentry_hook_tag: >>>>   8, new: 0x7fd0ad7ba0, old: 0x7b693b5138, /data/app/~~naXyFBWev0WaR6iSxCiDUQ==/com.xingin.xhs-lLmsAkZUpbytEgkoEwuLhw==/lib/arm64/libsentry.so
07-29 20:59:23.189 26643 26643 I sentry_hook_tag: >>>> [register_signal] signal = 8
07-29 20:59:23.189 26643 26643 I sentry_hook_tag: >>>> [register_signal]--replace sig = 8, path = /data/app/~~naXyFBWev0WaR6iSxCiDUQ==/com.xingin.xhs-lLmsAkZUpbytEgkoEwuLhw==/lib/arm64/libsentry.so, new = 0x7fd0ad7ba0
07-29 20:59:23.189 26643 26643 I sentry_hook_tag: >>>>   4, new: 0x7fd0ad7ba0, old: 0x7b693b5160, /data/app/~~naXyFBWev0WaR6iSxCiDUQ==/com.xingin.xhs-lLmsAkZUpbytEgkoEwuLhw==/lib/arm64/libsentry.so
07-29 20:59:23.189 26643 26643 I sentry_hook_tag: >>>> [register_signal] signal = 4
07-29 20:59:23.189 26643 26643 I sentry_hook_tag: >>>> [register_signal]--replace sig = 4, path = /data/app/~~naXyFBWev0WaR6iSxCiDUQ==/com.xingin.xhs-lLmsAkZUpbytEgkoEwuLhw==/lib/arm64/libsentry.so, new = 0x7fd0ad7ba0
07-29 20:59:23.189 26643 26643 I sentry_hook_tag: >>>>   11, new: 0x7fd0ad7ba0, old: 0x7b693b5188, /data/app/~~naXyFBWev0WaR6iSxCiDUQ==/com.xingin.xhs-lLmsAkZUpbytEgkoEwuLhw==/lib/arm64/libsentry.so
07-29 20:59:23.189 26643 26643 I sentry_hook_tag: >>>> [register_signal] signal = 11
07-29 20:59:23.189 26643 26643 I sentry_hook_tag: >>>> [register_signal]--replace sig = 11, path = /data/app/~~naXyFBWev0WaR6iSxCiDUQ==/com.xingin.xhs-lLmsAkZUpbytEgkoEwuLhw==/lib/arm64/libsentry.so, new = 0x7fd0ad7ba0
07-29 20:59:23.189 26643 26643 I sentry_hook_tag: >>>>   5, new: 0x7fd0ad7ba0, old: 0x7b693b51b0, /data/app/~~naXyFBWev0WaR6iSxCiDUQ==/com.xingin.xhs-lLmsAkZUpbytEgkoEwuLhw==/lib/arm64/libsentry.so
07-29 20:59:23.189 26643 26643 I sentry_hook_tag: >>>> [register_signal] signal = 5
07-29 20:59:23.189 26643 26643 I sentry_hook_tag: >>>> [register_signal]--replace sig = 5, path = /data/app/~~naXyFBWev0WaR6iSxCiDUQ==/com.xingin.xhs-lLmsAkZUpbytEgkoEwuLhw==/lib/arm64/libsentry.so, new = 0x7fd0ad7ba0
07-29 20:59:23.189 26643 26643 I sentry_hook_tag: >>>>   31, new: 0x7fd0ad7ba0, old: 0x7b693b51d8, /data/app/~~naXyFBWev0WaR6iSxCiDUQ==/com.xingin.xhs-lLmsAkZUpbytEgkoEwuLhw==/lib/arm64/libsentry.so
07-29 20:59:23.189 26643 26643 I sentry_hook_tag: >>>> r 0, new: 0x7fd0ad7ba0, old: 0x7b693b51d8
07-29 20:59:23.189 26643 26643 I sentry_hook_tag: >>>>   16, new: 0x7fd0ad7ba0, old: 0x7b693b5200, /data/app/~~naXyFBWev0WaR6iSxCiDUQ==/com.xingin.xhs-lLmsAkZUpbytEgkoEwuLhw==/lib/arm64/libsentry.so
07-29 20:59:23.189 26643 26643 I sentry_hook_tag: >>>> r 0, new: 0x7fd0ad7ba0, old: 0x7b693b5200
07-29 20:59:23.189 26643 26643 I sentry_hook_tag: >>>>   3, new: 0x7fd0ad7b70, old: 0x7b693b6738, /data/app/~~naXyFBWev0WaR6iSxCiDUQ==/com.xingin.xhs-lLmsAkZUpbytEgkoEwuLhw==/lib/arm64/libsentry.so
07-29 20:59:23.189 26643 26643 I sentry_hook_tag: >>>> [register_signal_anr] signal anr = 3
07-29 20:59:23.189 26643 26643 I sentry_hook_tag: >>>> [register_signal_anr]--replace sig = 3, path = /data/app/~~naXyFBWev0WaR6iSxCiDUQ==/com.xingin.xhs-lLmsAkZUpbytEgkoEwuLhw==/lib/arm64/libsentry.so, new = 0x7fd0ad7b70
07-29 20:59:23.190 26643 26643 I SentryPlus: 
07-29 20:59:23.191 26643 26643 W xhs:longlinkNew: Unsupported class loader
07-29 20:59:23.192 12982 26685 I libMiGL : EnableDR: 0
07-29 20:59:23.196 12982 26685 I AdrenoGLES-0: QUALCOMM build                   : 0c7c4b37d5, I3988f0db60
07-29 20:59:23.196 12982 26685 I AdrenoGLES-0: Build Date                       : 10/18/24
07-29 20:59:23.196 12982 26685 I AdrenoGLES-0: OpenGL ES Shader Compiler Version: E031.45.02.19
07-29 20:59:23.196 12982 26685 I AdrenoGLES-0: Local Branch                     : 
07-29 20:59:23.196 12982 26685 I AdrenoGLES-0: Remote Branch                    : refs/tags/AU_LINUX_ANDROID_LA.VENDOR.14.3.0.R1.00.00.00.000.168
07-29 20:59:23.196 12982 26685 I AdrenoGLES-0: Remote Branch                    : NONE
07-29 20:59:23.196 12982 26685 I AdrenoGLES-0: Reconstruct Branch               : NOTHING
07-29 20:59:23.196 12982 26685 I AdrenoGLES-0: Build Config                     : S P 16.1.2 AArch64
07-29 20:59:23.196 12982 26685 I AdrenoGLES-0: Driver Path                      : /vendor/lib64/egl/libGLESv2_adreno.so
07-29 20:59:23.196 12982 26685 I AdrenoGLES-0: Driver Version                   : 0762.30
07-29 20:59:23.196 12982 26685 I AdrenoGLES-0: Process Name                     : com.xingin.xhs
07-29 20:59:23.204 12982 19942 I WCDB.SQLiteConnectionPool: Max connection pool size is 4.
07-29 20:59:23.207 12982 19942 I WCDB.SQLiteConnection: Opened connection 0x7d244eec98 with label '/data/user/0/com.xingin.xhs/databases/xhs_hey.db'
07-29 20:59:23.207 12982 19942 I WCDB.SQLiteConnection: sqlite3_key verification passed.
07-29 20:59:23.210 12982 26674 I filehook: >>>>> hooked. stub: 7d64661ec0, status: 0, caller_path_name: /data/app/~~naXyFBWev0WaR6iSxCiDUQ==/com.xingin.xhs-lLmsAkZUpbytEgkoEwuLhw==/lib/arm64/libun7zip.so, sym_name: mkdir, new_func: 7aaac541bc, prev_func: 7e0aea0d10, arg: 0
07-29 20:59:23.210 12982 19942 I WCDB.SQLite: [SQLite ErrCode: 283] recovered 4 frames from WAL file /data/user/0/com.xingin.xhs/databases/xhs_hey.db-wal
07-29 20:59:23.212 26643 26643 W xhs:longlinkNew: Unsupported class loader
07-29 20:59:23.212 26643 26643 W xhs:longlinkNew: Unsupported class loader
07-29 20:59:23.213 12982 26685 I filehook: >>>>> hooked. stub: 7d644e4050, status: 0, caller_path_name: /vendor/lib64/hw/gralloc.default.so, sym_name: open, new_func: 7aaac54068, prev_func: 7e0aea19b0, arg: 0
07-29 20:59:23.214 12982 26685 I AdrenoGLES-0: PFP: 0x01520175, ME: 0x01520023
07-29 20:59:23.217 26643 26643 I MMKV    : Disable checkProcessMode()
07-29 20:59:23.218 26643 26643 I MMKV    : current API level = 35, libc++_shared=0
07-29 20:59:23.218 26643 26643 I MMKV    : <MMKV.cpp:167::initialize> version v1.3.2, page size 4096, arch arm64-v8a
07-29 20:59:23.218 26643 26643 I MMKV    : <MMKV.cpp:178::initialize> armv8 AES instructions is supported
07-29 20:59:23.218 26643 26643 I MMKV    : <MMKV.cpp:186::initialize> armv8 CRC32 instructions is supported
07-29 20:59:23.218 26643 26643 I MMKV    : <MMKV.cpp:226::initializeMMKV> root dir: /data/user/0/com.xingin.xhs/files/mmkv
07-29 20:59:23.222 26643 26643 E SENTRY_SESSION: startNewSession sessionId=9cdbfbfb8676440eb032ee4b7f662796-000
07-29 20:59:23.224 12982 26616 I filehook: >>>>> hooked. stub: 7d64661ad0, status: 0, caller_path_name: /data/app/~~naXyFBWev0WaR6iSxCiDUQ==/com.xingin.xhs-lLmsAkZUpbytEgkoEwuLhw==/lib/arm64/libsliver.so, sym_name: __open_2, new_func: 7aaac54150, prev_func: 7e0aea1b4c, arg: 0
07-29 20:59:23.225 12982 26616 E Sliver  : JNI_OnLoad
07-29 20:59:23.225 12982 26616 E Sliver  : api level: 35
07-29 20:59:23.225 12982 26616 E Sliver  : device brand: Xiaomi
07-29 20:59:23.225 12982 26616 E Sliver  : nativeInit
07-29 20:59:23.229 26643 26643 I nativec_ab_c: method initXyExperimentGlobalRef begin
07-29 20:59:23.229 26643 26643 I nativec_ab_c: method initXyExperimentGlobalRef success
07-29 20:59:23.229 12982 20845 I WCDB.SQLiteConnection: executeForString took 276800ms - succeeded, sql="PRAGMA journal_mode"
07-29 20:59:23.230 12982 20845 I WCDB.SQLiteConnection: Opened connection 0x7d244d14b8 with label '/data/user/0/com.xingin.xhs/databases/xhs_capa.db'
07-29 20:59:23.230 12982 20845 I WCDB.SQLiteConnection: sqlite3_key verification passed.
07-29 20:59:23.230 26643 26643 I nativec_config_c: method initXyConfigCenterGlobalRef begin
07-29 20:59:23.230 26643 26643 I nativec_config_c: method initXyConfigCenterGlobalRef success
07-29 20:59:23.242 26643 26643 W libc    : Access denied finding property "vendor.boostfwk.frameprefetcher"
07-29 20:59:23.247 26643 26736 W ziparchive: Unable to open '/system/framework/QXPerformance.dm': No such file or directory
07-29 20:59:23.247 26643 26736 W ziparchive: Unable to open '/system/framework/QXPerformance.dm': No such file or directory
07-29 20:59:23.252  1870  1870 I qspmHal : enter getGpuProf at: 1447306483
07-29 20:59:23.252  1870  1870 I qspmHal : Coudn't match the GFX PID 12982 to AT PID 26643. Checking in local cache.
07-29 20:59:23.252  1870  1870 I qspmHal : Found the GFX PID in cache
07-29 20:59:23.252  1870  1870 I qspmHal : gProfName:com.xingin.xhs-gpu - gpu prof_info.path:/data/vendor/gaming/com.xingin.xhs-gpu
07-29 20:59:23.252  1870  1870 I qspmHal : PID 12982 from GFX matched.
07-29 20:59:23.252  1870  1870 E qspmHal : GPU profile file NOT found !!
07-29 20:59:23.253 26643 26643 I SENTRY  : extendConfigInitDelay = 3
07-29 20:59:23.257  2463  5526 I PowerManagerServiceImpl: Partial wakeLock:[PARTIAL_WAKE_LOCK                 'Mars::MicroMsg.WakerLock' DISABLED (uid=10286 pid=12982 pkg=com.xingin.xhs)], disabled: false, procState: 10, reason: Process Priority
07-29 20:59:23.258  2463  4205 I MiuiNetworkPolicy: updateUidState uid = 10286, uidState = 10
07-29 20:59:23.270 26643 26643 W Looper  : Loop again would have the queued messages be executed before this one completed.
07-29 20:59:23.273 12982 26640 I WCDB.SQLiteConnection: Opened connection 0x7d244f8bf8 with label '/data/user/0/com.xingin.xhs/databases/localRelationDB'
07-29 20:59:23.273 12982 26640 I WCDB.SQLiteConnection: sqlite3_key verification passed.
07-29 20:59:23.275  2463  5526 I PowerManagerServiceImpl: Partial wakeLock:[PARTIAL_WAKE_LOCK                 'Mars::MicroMsg.WakerLock' ACQ=-17ms (uid=10286 pid=12982 pkg=com.xingin.xhs)], disabled: true, procState: 19, reason: Process Priority
07-29 20:59:23.284  2463  4205 I MiuiNetworkPolicy: updateUidState uid = 10286, uidState = 19
07-29 20:59:23.296 12982 20838 W com.xingin.xhs: Long monitor contention with owner processDraft_ (20845) at com.tencent.wcdb.database.SQLiteDatabase com.tencent.wcdb.database.SQLiteOpenHelper.getWritableDatabase()(SourceFile:2) waiters=0 in com.tencent.wcdb.database.SQLiteDatabase com.tencent.wcdb.database.SQLiteOpenHelper.getWritableDatabase() for 276.872s
07-29 20:59:23.298 12982 19942 I WCDB.SQLiteConnection: Opened connection 0x7d244f56d8 with label '/data/user/0/com.xingin.xhs/databases/xhs_hey.db'
07-29 20:59:23.298 12982 19942 I WCDB.SQLiteConnection: sqlite3_key verification passed.
07-29 20:59:23.303 13666 14007 I om.getsurfboard: This is sticky GC, maxfree is 16777216 minfree is 8388608
07-29 20:59:23.309 12982 26685 I AdrenoUtils: <ReadGpuID:357>: Reading chip ID through GSL
07-29 20:59:23.341 12982 26685 I ModelProfile: CHECK_GL_ERROR Init glGetError = 0, line = 152, 
07-29 20:59:23.341 12982 26685 I ModelProfile: CHECK_GL_ERROR Init glGetError = 0, line = 171, 
07-29 20:59:23.347 26643 26765 W libc    : Access denied finding property "net.dns1"
07-29 20:59:23.347 26643 26765 W libc    : Access denied finding property "net.dns2"
07-29 20:59:23.369  2463  5128 I PowerManagerServiceImpl: Partial wakeLock:[PARTIAL_WAKE_LOCK                 'Mars::MicroMsg.WakerLock' (uid=10286 pid=26643 pkg=com.xingin.xhs)], disabled: true, procState: 19, reason: Process Priority
07-29 20:59:23.373 12982 19698 W com.xingin.xhs: Suspending all threads took: 5.763ms
07-29 20:59:23.373 13666 17476 E surfboard: (0x0000095E) on_tcp_write local error -32 broken pipe
07-29 20:59:23.384 26643 26771 W libc    : Access denied finding property "net.dns1"
07-29 20:59:23.384 26643 26771 W libc    : Access denied finding property "net.dns2"
07-29 20:59:23.389 12982 26724 I filehook: >>>>> hooked. stub: 7d644e4050, status: 0, caller_path_name: /data/app/~~naXyFBWev0WaR6iSxCiDUQ==/com.xingin.xhs-lLmsAkZUpbytEgkoEwuLhw==/lib/arm64/libchopper_v2.so, sym_name: open, new_func: 7aaac54068, prev_func: 7e0aea19b0, arg: 0
07-29 20:59:23.390 12982 26724 I filehook: >>>>> hooked. stub: 7d64661ad0, status: 0, caller_path_name: /data/app/~~naXyFBWev0WaR6iSxCiDUQ==/com.xingin.xhs-lLmsAkZUpbytEgkoEwuLhw==/lib/arm64/libchopper_v2.so, sym_name: __open_2, new_func: 7aaac54150, prev_func: 7e0aea1b4c, arg: 0
07-29 20:59:23.395 12982 19698 I com.xingin.xhs: This is non sticky GC, maxfree is 16777216 minfree is 8388608
07-29 20:59:23.402 13666 17476 W surfboard: tcp pair replaced, source port 49198 dest port 443
07-29 20:59:23.411  2463  5526 I PowerManagerServiceImpl: Partial wakeLock:[PARTIAL_WAKE_LOCK                 'Mars::MicroMsg.WakerLock' (uid=10286 pid=26643 pkg=com.xingin.xhs)], disabled: true, procState: 19, reason: Process Priority
07-29 20:59:23.414  2463  4644 I SensorAccount: ExecutionCapabilityChanged  pkgName:com.xingin.xhs  canAfford:true mCurrentForegroundUid:10138
07-29 20:59:23.422 13666 17476 W surfboard: Request did not begin with TLS handshake.
07-29 20:59:23.441  2463  4644 I SensorAccount: ExecutionCapabilityChanged  pkgName:com.xingin.xhs  canAfford:true mCurrentForegroundUid:10138
07-29 20:59:23.442 12982 26616 W shadowhook_tag: shadowhook: shadowhook init(mode: UNIQUE, debuggable: false), return: 12, real-init: yes
07-29 20:59:23.442  2463  4644 I SensorAccount: ExecutionCapabilityChanged  pkgName:com.xingin.xhs  canAfford:true mCurrentForegroundUid:10138
07-29 20:59:23.454 12982 26616 E xysponge: freelist_los:Alloc hook 
07-29 20:59:23.459 12982 26616 I filehook: >>>>> hooked. stub: 7d64661ad0, status: 0, caller_path_name: /data/app/~~naXyFBWev0WaR6iSxCiDUQ==/com.xingin.xhs-lLmsAkZUpbytEgkoEwuLhw==/lib/arm64/libxhs_unwind.so, sym_name: __open_2, new_func: 7aaac54150, prev_func: 7e0aea1b4c, arg: 0
07-29 20:59:23.459 12982 26616 I argus_tag: hooks installed
07-29 20:59:23.459 12982 26616 I argus_tag: hook error 12 - Init linker mod failed
07-29 20:59:23.466  2463  4412 I SmartPower: com.miui.notes/10275(13074): background->idle(3001ms) R(content provider start ContentProviderRecord{c0729a2 u0 com.miui.notes/.provider.NotesProvider}) adj=905.
07-29 20:59:23.478  2463  4412 I SmartPower: com.alibaba.aliexpresshd/10303(5685): background->idle(3001ms) R(content provider start ContentProviderRecord{716322c u0 com.alibaba.aliexpresshd/com.alibaba.aliexpress.android.search.nav.SearchSuggestionProvider}) adj=925.
07-29 20:59:23.517 12982 26825 I filehook: >>>>> hooked. stub: 7d644e4050, status: 0, caller_path_name: /data/app/~~naXyFBWev0WaR6iSxCiDUQ==/com.xingin.xhs-lLmsAkZUpbytEgkoEwuLhw==/lib/arm64/libhermes.so, sym_name: open, new_func: 7aaac54068, prev_func: 7e0aea19b0, arg: 0
07-29 20:59:23.517 12982 26825 I filehook: >>>>> hooked. stub: 7d64661ad0, status: 0, caller_path_name: /data/app/~~naXyFBWev0WaR6iSxCiDUQ==/com.xingin.xhs-lLmsAkZUpbytEgkoEwuLhw==/lib/arm64/libjsi.so, sym_name: __open_2, new_func: 7aaac54150, prev_func: 7e0aea1b4c, arg: 0
07-29 20:59:23.517 12982 26825 I filehook: >>>>> hooked. stub: 7d644e4050, status: 0, caller_path_name: /data/app/~~naXyFBWev0WaR6iSxCiDUQ==/com.xingin.xhs-lLmsAkZUpbytEgkoEwuLhw==/lib/arm64/libfolly_runtime.so, sym_name: open, new_func: 7aaac54068, prev_func: 7e0aea19b0, arg: 0
07-29 20:59:23.517 12982 26825 I filehook: >>>>> hooked. stub: 7d644e4050, status: 0, caller_path_name: /data/app/~~naXyFBWev0WaR6iSxCiDUQ==/com.xingin.xhs-lLmsAkZUpbytEgkoEwuLhw==/lib/arm64/libglog.so, sym_name: open, new_func: 7aaac54068, prev_func: 7e0aea19b0, arg: 0
07-29 20:59:23.517 12982 26825 I filehook: >>>>> hooked. stub: 7d64661ad0, status: 0, caller_path_name: /data/app/~~naXyFBWev0WaR6iSxCiDUQ==/com.xingin.xhs-lLmsAkZUpbytEgkoEwuLhw==/lib/arm64/libglog.so, sym_name: __open_2, new_func: 7aaac54150, prev_func: 7e0aea1b4c, arg: 0
07-29 20:59:23.528  2463  4349 I SmartPower: com.xingin.xhs/10286(12982): idle->background(283828ms) R(alarm start) adj=935.
07-29 20:59:23.531  2463  5541 I PowerManagerServiceImpl: Partial wakeLock:[PARTIAL_WAKE_LOCK                 'Mars::MicroMsg.WakerLock' (uid=10286 pid=12982 pkg=com.xingin.xhs)], disabled: true, procState: 19, reason: Process Priority
07-29 20:59:23.533  2463  4205 I MiuiNetworkPolicy: updateUidState uid = 10286, uidState = 11
07-29 20:59:23.533  2463  2530 I PowerManagerServiceImpl: Partial wakeLock:[PARTIAL_WAKE_LOCK                 'Mars::MicroMsg.WakerLock' DISABLED (uid=10286 pid=26643 pkg=com.xingin.xhs)], disabled: false, procState: 11, reason: Process Priority
07-29 20:59:23.533  2463  2530 I PowerManagerServiceImpl: Partial wakeLock:[PARTIAL_WAKE_LOCK                 'Mars::MicroMsg.WakerLock' DISABLED (uid=10286 pid=26643 pkg=com.xingin.xhs)], disabled: false, procState: 11, reason: Process Priority
07-29 20:59:23.533  2463  2530 I PowerManagerServiceImpl: Partial wakeLock:[PARTIAL_WAKE_LOCK                 'Mars::MicroMsg.WakerLock' DISABLED (uid=10286 pid=12982 pkg=com.xingin.xhs)], disabled: false, procState: 11, reason: Process Priority
07-29 20:59:23.533  2463  4404 I whetstone.activity: processNotifyEvent1 resId = 128, bundle = Bundle[{startTime=19801852, sourcePkg=com.xingin.xhs, type=ELAPSED_WAKEUP, statsTag=*walarm*:ALARM_ACTION(com.xingin.xhs), creatorUid=10286, elapsedRealtime=19801847}]
07-29 20:59:23.533 12982 26825 I filehook: >>>>> hooked. stub: 7d644e4050, status: 0, caller_path_name: /data/app/~~naXyFBWev0WaR6iSxCiDUQ==/com.xingin.xhs-lLmsAkZUpbytEgkoEwuLhw==/lib/arm64/libhermes_executor.so, sym_name: open, new_func: 7aaac54068, prev_func: 7e0aea19b0, arg: 0
07-29 20:59:23.534 12982 26825 I filehook: >>>>> hooked. stub: 7d64661ad0, status: 0, caller_path_name: /data/app/~~naXyFBWev0WaR6iSxCiDUQ==/com.xingin.xhs-lLmsAkZUpbytEgkoEwuLhw==/lib/arm64/libreactnativejni.so, sym_name: __open_2, new_func: 7aaac54150, prev_func: 7e0aea1b4c, arg: 0
07-29 20:59:23.535  2463  4404 I whetstone.activity: processNotifyEvent1 resId = 128, bundle = Bundle[{startTime=19801853, sourcePkg=com.xingin.xhs, type=ELAPSED_WAKEUP, statsTag=*walarm*:ALARM_ACTION(com.xingin.xhs), creatorUid=10286, elapsedRealtime=19801847}]
07-29 20:59:23.534  9339  9399 I EventMonitor: notifyEvent resId=128
07-29 20:59:23.539  9339  9399 I EventMonitor: notifyEvent resId=128
07-29 20:59:23.541  2463  5541 I PowerManagerServiceImpl: Partial wakeLock:[PARTIAL_WAKE_LOCK                 'Mars::MicroMsg.WakerLock' ACQ=-9ms (uid=10286 pid=26643 pkg=com.xingin.xhs)], disabled: true, procState: 19, reason: Process Priority
07-29 20:59:23.541  2463  5541 I PowerManagerServiceImpl: Partial wakeLock:[PARTIAL_WAKE_LOCK                 'Mars::MicroMsg.WakerLock' ACQ=-9ms (uid=10286 pid=26643 pkg=com.xingin.xhs)], disabled: true, procState: 19, reason: Process Priority
07-29 20:59:23.541  2463  5541 I PowerManagerServiceImpl: Partial wakeLock:[PARTIAL_WAKE_LOCK                 'Mars::MicroMsg.WakerLock' ACQ=-8ms (uid=10286 pid=12982 pkg=com.xingin.xhs)], disabled: true, procState: 19, reason: Process Priority
07-29 20:59:23.542  2463  4205 I MiuiNetworkPolicy: updateUidState uid = 10286, uidState = 19
07-29 20:59:23.574  1747 26710 I sensors-hal: qsh_conn_event_cb:817, SCHED_FIFO(10) for qmi_cbk
07-29 20:59:23.617  2463  4403 E HyperSentinel: -------------------------------------------------------
07-29 20:59:23.617  2463  4403 E HyperSentinel: Event_ThreadAmount
07-29 20:59:23.617  2463  4403 E HyperSentinel: -> audit event by proc 12982 "com.xingin.xhs": running threads amount, 188 -> 287
07-29 20:59:23.617  2463  4402 E MiuiSentinelMemoryManager: getThreadinfo: com.xingin.xhs#12982
07-29 20:59:23.633 12982 19698 I com.xingin.xhs: This is non sticky GC, maxfree is 16777216 minfree is 8388608
07-29 20:59:23.751 13666 17476 W surfboard: tcp pair replaced, source port 36868 dest port 443
07-29 20:59:23.797  2463  4205 I MiuiNetworkPolicy: bandwidth: 0 KB/s, Max bandwidth: 3636 KB/s
07-29 20:59:23.833  3117  3117 I adbd    : in ShellService: ps
07-29 20:59:23.946  2463  4596 I ActivityManager: Broadcasting: Intent { act=android.intent.action.MEDIA_SCANNER_SCAN_FILE dat=file:///... flg=0x400000 }
07-29 20:59:23.947  2463  4596 I ActivityManager: Enqueued broadcast Intent { act=android.intent.action.MEDIA_SCANNER_SCAN_FILE dat=file:///... flg=0x400000 }: 0
07-29 20:59:23.952 13242 13242 W MiuiGallery2_BaseMediaScannerReceiver: [main] - Broadcast received, action: [android.intent.action.MEDIA_SCANNER_SCAN_FILE], data uri: [file:///sdcard/screen_2025-07-29_205923.png], CTA not allowed
07-29 20:59:23.953  2463  4205 I MiuiNetworkPolicy: updateUidState uid = 10271, uidState = 11
07-29 20:59:23.955  2463  4205 I MiuiNetworkPolicy: updateUidState uid = 10271, uidState = 19
07-29 20:59:23.956  7633  7633 I MediaProvider: receive action = android.intent.action.MEDIA_SCANNER_SCAN_FILE schemeSpecificPart = ///sdcard/screen_2025-07-29_205923.png
07-29 20:59:23.956  2463  5128 W JobInfo : Job 'com.android.providers.media.module/com.android.providers.media.MediaService#-300' has a deadline with no functional constraints. The deadline won't improve job execution latency. Consider removing the deadline.
07-29 20:59:23.959  1844  1844 I vendor.qti.hardware.servicetrackeraidl-service: bindService is called for service : com.android.providers.media.module/com.android.providers.media.MediaService and for client system
07-29 20:59:23.959  1844  1844 I vendor.qti.hardware.servicetrackeraidl-service: total connections for service : com.android.providers.media.module/com.android.providers.media.MediaServiceare :1
07-29 20:59:23.960  1844  1844 I vendor.qti.hardware.servicetrackeraidl-service: total connections for client : systemare :32
07-29 20:59:23.960  2463  4404 I whetstone.activity: processNotifyEvent1 resId = 256, bundle = Bundle[{startTime=19802279, sourcePkg=com.android.providers.media.module, sourceUid=10249, status=1, jobId=-300, batteryName=com.android.providers.media.module/com.android.providers.media.MediaService, elapsedRealtime=19802279}]
07-29 20:59:23.961  9339  9399 I EventMonitor: notifyEvent resId=256
07-29 20:59:23.963  2463  2506 I ActivityManager: Broadcast completed: result=0
07-29 20:59:23.965  7633  8793 I MediaProvider: Begin Intent { act=android.intent.action.MEDIA_SCANNER_SCAN_FILE dat=file:///... flg=0x1400010 cmp=com.android.providers.media.module/com.android.providers.media.MediaService }
07-29 20:59:23.973  7633  8793 I MediaProvider: End Intent { act=android.intent.action.MEDIA_SCANNER_SCAN_FILE dat=file:///... flg=0x1400010 cmp=com.android.providers.media.module/com.android.providers.media.MediaService }
07-29 20:59:23.975  1844  1844 I vendor.qti.hardware.servicetrackeraidl-service: unbindService is called for service : com.android.providers.media.module/com.android.providers.media.MediaService and for client system
07-29 20:59:23.976  2463  4404 I whetstone.activity: processNotifyEvent1 resId = 256, bundle = Bundle[{startTime=19802294, sourcePkg=com.android.providers.media.module, sourceUid=10249, status=0, jobId=-300, batteryName=com.android.providers.media.module/com.android.providers.media.MediaService, elapsedRealtime=19802294}]
07-29 20:59:23.976  9339  9399 I EventMonitor: notifyEvent resId=256
07-29 20:59:23.976  1844  1844 I vendor.qti.hardware.servicetrackeraidl-service: size of service connections for service: com.android.providers.media.module/com.android.providers.media.MediaServiceafter removal is 0
07-29 20:59:23.977  1844  1844 I vendor.qti.hardware.servicetrackeraidl-service: size of client connections for client: systemafter removal is 31
07-29 20:59:23.977  1844  1844 I vendor.qti.hardware.servicetrackeraidl-service: destroyService is called for service : com.android.providers.media.module/com.android.providers.media.MediaService
07-29 20:59:23.984 31200 31200 I cr_A11yState: Enabled accessibility services: [io.github.ylimit.droidbotapp/io.github.privacystreams.accessibility.PSAccessibilityService, null]
07-29 20:59:23.985 31200 31200 I cr_A11yState: Running accessibility services: [io.github.ylimit.droidbotapp/io.github.privacystreams.accessibility.PSAccessibilityService]
07-29 20:59:23.985 31200 31200 I cr_A11yState: Will check again after 250 milliseconds.
07-29 20:59:24.045  2463  4412 I SmartPower: com.miui.weather2/10278(5795): background->idle(3007ms) R(content provider start ContentProviderRecord{9f05c96 u0 com.miui.weather2/.providers.WeatherProvider}) adj=0.
07-29 20:59:24.141 13666 17476 W surfboard: tcp pair replaced, source port 56850 dest port 443
07-29 20:59:24.184  3117  3117 I adbd    : in ShellService: rm /sdcard/screen_2025-07-29_205923.png
07-29 20:59:24.214  7633  6663 I MediaProvider: Deleted paths_hashcode::1389444597/:1389444597/1442737324923.png items on external_primary due to com.android.shell tid=26873
07-29 20:59:24.237 31200 31200 I cr_A11yState: Enabled accessibility services: [io.github.ylimit.droidbotapp/io.github.privacystreams.accessibility.PSAccessibilityService, null]
07-29 20:59:24.237 31200 31200 I cr_A11yState: Running accessibility services: [io.github.ylimit.droidbotapp/io.github.privacystreams.accessibility.PSAccessibilityService]
07-29 20:59:24.237 31200 31200 I cr_A11yState: Will check again after 500 milliseconds.
07-29 20:59:24.410  3117  3117 I adbd    : in ShellService: dumpsys display
07-29 20:59:24.529  2463  4412 I SmartPower: com.miui.voiceassist:core/10193(7664): background->idle(3001ms) R(broadcast start Intent { act=android.intent.action.CLOSE_SYSTEM_DIALOGS flg=0x50000010 (has extras) }) adj=100.
07-29 20:59:24.591  3117  3117 I adbd    : in ShellService: wm size
07-29 20:59:24.681  3117  3117 I adbd    : in ShellService: dumpsys input
07-29 20:59:24.739 31200 31200 I cr_A11yState: Enabled accessibility services: [io.github.ylimit.droidbotapp/io.github.privacystreams.accessibility.PSAccessibilityService, null]
07-29 20:59:24.739 31200 31200 I cr_A11yState: Running accessibility services: [io.github.ylimit.droidbotapp/io.github.privacystreams.accessibility.PSAccessibilityService]
07-29 20:59:24.739 31200 31200 I cr_A11yState: Will check again after 1000 milliseconds.
07-29 20:59:24.756  3117  3117 I adbd    : in ShellService: getprop ro.sf.lcd_density
07-29 20:59:24.814  3117  3117 I adbd    : in ShellService: dumpsys activity activities
07-29 20:59:24.907  3117  3117 I adbd    : in ShellService: dumpsys activity activities
07-29 20:59:24.969  3117  3117 I adbd    : in ShellService: dumpsys activity activities
07-29 20:59:24.981  3117  3117 I adbd    : in ShellService: ps
07-29 20:59:25.005  1844  1844 I vendor.qti.hardware.servicetrackeraidl-service: destroyService is called for service : com.google.android.gms/.chimera.GmsIntentOperationService
07-29 20:59:25.035  3117  3117 I adbd    : in ShellService: dumpsys activity services
07-29 20:59:25.173  3117  3117 I adbd    : in ShellService: screencap -p /sdcard/screen_2025-07-29_205926.png
07-29 20:59:25.188 12982 26704 I onNQEResult: result.score = 76minscore = nullmaxscore = null
07-29 20:59:25.282 26918 26918 W BpBinder: Linking to death on android.gui.ISurfaceComposer but there are no threads (yet?) listening to incoming transactions. See ProcessState::startThreadPool and ProcessState::setThreadPoolMaxThreadCount. Generally you should setup the binder threadpool before other initialization steps.
07-29 20:59:25.282 26918 26918 W ProcessState: Extra binder thread started, but 0 threads requested. Do not use *startThreadPool when zero threads are requested.
07-29 20:59:25.316 26918 26920 I AdrenoUtils: <ReadGpuID:357>: Reading chip ID through GSL
07-29 20:59:25.316 26918 26918 W qdgralloc: Failed to load libubwcp.so
07-29 20:59:25.313 26918 26918 W screencap: type=1400 audit(0.0:13204): avc:  denied  { read } for  name="libubwcp.so" dev="dm-14" ino=19816057 scontext=u:r:shell:s0 tcontext=u:object_r:vendor_file:s0 tclass=file permissive=0
07-29 20:59:25.320  7633 30847 W MediaProvider: isAppCloneUserPair for user 0: false
07-29 20:59:25.731  7633 24315 I PSyncWorker: Starting proactive picker sync from sync source: 1
07-29 20:59:25.738  7633 24315 I PickerSyncController: Executing SyncAdd. isLocal: true. authority: com.android.providers.media.photopicker
07-29 20:59:25.741  7633 24315 I PickerSyncController: Paged sync successful. QueryArgs: Bundle[{android.provider.extra.SYNC_GENERATION=8374, android.provider.extra.PAGE_SIZE=1000}] Total Rows: 0
07-29 20:59:25.741  7633 24315 I PickerSyncController: Executing SyncRemove. isLocal: true. authority: com.android.providers.media.photopicker
07-29 20:59:25.741 31200 31200 I cr_A11yState: Enabled accessibility services: [io.github.ylimit.droidbotapp/io.github.privacystreams.accessibility.PSAccessibilityService, null]
07-29 20:59:25.741 31200 31200 I cr_A11yState: Running accessibility services: [io.github.ylimit.droidbotapp/io.github.privacystreams.accessibility.PSAccessibilityService]
07-29 20:59:25.742 31200 31200 I cr_A11yState: Will check again after 2000 milliseconds.
07-29 20:59:25.743  7633 24315 E PickerDbFacade: Could not get first date taken millis for media id: 1000000797
07-29 20:59:25.743  7633 24315 W PickerDbFacade: Unable to promote cloud media with localId: 1000000797
07-29 20:59:25.744  7633 24315 I PickerSyncController: Paged sync successful. QueryArgs: Bundle[{android.provider.extra.SYNC_GENERATION=8374, android.provider.extra.PAGE_SIZE=1000}] Total Rows: 0
07-29 20:59:25.744  7633 24315 I PickerSyncTracker: Marked sync future complete for work id: d63d4753-f23c-4c0c-81e2-2d047662b1be. Future map: {}
07-29 20:59:25.745  7633 24315 I PSyncWorker: Completed picker proactive sync complete from local provider.
07-29 20:59:25.745  7633  7831 I WM-WorkerWrapper: Worker result SUCCESS for Work [ id=d63d4753-f23c-4c0c-81e2-2d047662b1be, tags={ com.android.providers.media.photopicker.sync.ProactiveSyncWorker } ]
07-29 20:59:26.035  2463  5109 I NetworkBoostStatusManager: handle: 102
07-29 20:59:26.036  2463  5109 I NetworkBoostStatusManager: interfaceOnCapabilitiesChanged interface name:wlan0
07-29 20:59:26.039  4916  4962 E PhoneAdapter: get ntnphones failed, exception: java.lang.IllegalStateException: Default phones haven't been made yet!
07-29 20:59:26.040  2463  5177 I NetworkAccelerateSwitchService: EVENT_RSSI_POLL. mRssiPoll=true
07-29 20:59:26.040  2463  5177 I NetworkAccelerateSwitchService: getAverageWifiRssi:62
07-29 20:59:26.041  8724  8724 I NetBusNetworkMonitor: onCapabilitiesChanged isPrimary = true
07-29 20:59:26.043  8724  8724 I NetBusNetworkMonitor: gateway=192.*.*.1
07-29 20:59:26.045  8724  8724 I NetBusNetworkMonitor: addConnectNetworkInterface mediumType:256, detail:NetworkDetailInfo{mIsConnected=false, mIsSupportTdls=true, mNetworkType=0, mIpAddress=192.*.*.11, mIfName=wlan0, mGateway=192.*.*.1, mNetmask=255.*.*.0, mSsid=C**01}
07-29 20:59:26.045  8724  8724 I NetBusNetworkMonitor: onCapabilitiesChanged handle=441492361229, mediumType=256, ifName=wlan0
07-29 20:59:26.135  3117  3117 I adbd    : in ShellService: ps
07-29 20:59:26.137 12982 12982 W ViewPreLoader-p: type=1400 audit(0.0:13205): avc:  denied  { read } for  name="u:object_r:vendor_displayfeature_prop:s0" dev="tmpfs" ino=478 scontext=u:r:untrusted_app:s0:c30,c257,c512,c768 tcontext=u:object_r:vendor_displayfeature_prop:s0 tclass=file permissive=0 app=com.xingin.xhs
07-29 20:59:26.142 12982 26923 W libc    : Access denied finding property "ro.vendor.df.effect.conflict"
07-29 20:59:26.148 12982 26923 W libc    : Access denied finding property "ro.vendor.mi_sf.new_dynamic_refresh_rate"
07-29 20:59:26.141 12982 12982 W ViewPreLoader-p: type=1400 audit(0.0:13206): avc:  denied  { read } for  name="u:object_r:vendor_displayfeature_prop:s0" dev="tmpfs" ino=478 scontext=u:r:untrusted_app:s0:c30,c257,c512,c768 tcontext=u:object_r:vendor_displayfeature_prop:s0 tclass=file permissive=0 app=com.xingin.xhs
07-29 20:59:26.467  1844  1844 I vendor.qti.hardware.servicetrackeraidl-service: destroyService is called for service : com.google.android.gms/.chimera.PersistentIntentOperationService
07-29 20:59:26.528  2463  4412 I SmartPower: com.xingin.xhs/10286(12982): background->idle(3000ms) R(alarm start) adj=905.
07-29 20:59:26.529  2463  4412 I SmartPower: com.xingin.xhs:longlinkNew/10286(26643): background->idle(3463ms) R(alarm start) adj=905.
07-29 20:59:26.529  2463  2526 I ThermalObserver: Temperature control has been released.
07-29 20:59:26.678  2105  2105 E DisplayModeController: setDesiredMode : Idle status skip setActiveMode, isDdicIdleMode: 1
07-29 20:59:26.680  1827  2399 I SDM     : HWCDisplay::SetActiveConfigWithConstraints: display:66-0, config: 3, WxH 1200x2670, fps 120
07-29 20:59:26.680  1827  2399 W SDM     : HWDeviceDRM::GetSupportedBitClkRate: Requested rate not supported: 1150000000
07-29 20:59:26.680  1827  2399 I SDM     : HWDeviceDRM::UpdateMixerAttributes: Mixer WxH 1200x2670-1 for Peripheral
07-29 20:59:26.681  1827  2399 I SDM     : HWCDisplay::SubmitDisplayConfig: Active configuration changed from config 1 to 3
07-29 20:59:26.681  1827  2399 I SDM     : HWCDisplay::SubmitDisplayConfig: Active WxH 1200x2670 ,ddic_mode:auto, timing_fps: 120, sf_fps: 120
07-29 20:59:26.680  2463  5541 I ActivityManager: Broadcasting: Intent { act=android.intent.action.MEDIA_SCANNER_SCAN_FILE dat=file:///... flg=0x400000 }
07-29 20:59:26.681  1827  2752 I vendor.qti.hardware.display.composer-service: Sensor: notify citsensorservice to trigger cwb, misForced = 0
07-29 20:59:26.681  2463  5541 I ActivityManager: Enqueued broadcast Intent { act=android.intent.action.MEDIA_SCANNER_SCAN_FILE dat=file:///... flg=0x400000 }: 0
07-29 20:59:26.682  3002  4297 I libsensor-parseRGB: request dump start for mRequestDisplayId 0
07-29 20:59:26.684  2463  2530 I SmartPower: com.miui.gallery/10271(13242): idle->background(3725ms) R(broadcast start Intent { act=android.intent.action.MEDIA_SCANNER_SCAN_FILE dat=file:///... flg=0x1400010 }) adj=905.
07-29 20:59:26.685 13242 13242 W MiuiGallery2_BaseMediaScannerReceiver: [main] - Broadcast received, action: [android.intent.action.MEDIA_SCANNER_SCAN_FILE], data uri: [file:///sdcard/screen_2025-07-29_205926.png], CTA not allowed
07-29 20:59:26.686  2463  4205 I MiuiNetworkPolicy: updateUidState uid = 10271, uidState = 11
07-29 20:59:26.690  2463  4205 I MiuiNetworkPolicy: updateUidState uid = 10271, uidState = 19
07-29 20:59:26.693 12982 19698 I com.xingin.xhs: This is sticky GC, maxfree is 16777216 minfree is 8388608
07-29 20:59:26.693  7633  7633 I MediaProvider: receive action = android.intent.action.MEDIA_SCANNER_SCAN_FILE schemeSpecificPart = ///sdcard/screen_2025-07-29_205926.png
07-29 20:59:26.693  2463  5530 W JobInfo : Job 'com.android.providers.media.module/com.android.providers.media.MediaService#-300' has a deadline with no functional constraints. The deadline won't improve job execution latency. Consider removing the deadline.
07-29 20:59:26.695  1844  1844 I vendor.qti.hardware.servicetrackeraidl-service: bindService is called for service : com.android.providers.media.module/com.android.providers.media.MediaService and for client system
07-29 20:59:26.696  1844  1844 I vendor.qti.hardware.servicetrackeraidl-service: total connections for service : com.android.providers.media.module/com.android.providers.media.MediaServiceare :1
07-29 20:59:26.696  1844  1844 I vendor.qti.hardware.servicetrackeraidl-service: total connections for client : systemare :32
07-29 20:59:26.696  2463  4404 I whetstone.activity: processNotifyEvent1 resId = 256, bundle = Bundle[{startTime=19805015, sourcePkg=com.android.providers.media.module, sourceUid=10249, status=1, jobId=-300, batteryName=com.android.providers.media.module/com.android.providers.media.MediaService, elapsedRealtime=19805015}]
07-29 20:59:26.696  9339  9399 I EventMonitor: notifyEvent resId=256
07-29 20:59:26.699  7633  8793 I MediaProvider: Begin Intent { act=android.intent.action.MEDIA_SCANNER_SCAN_FILE dat=file:///... flg=0x1400010 cmp=com.android.providers.media.module/com.android.providers.media.MediaService }
07-29 20:59:26.702  2463  2506 I ActivityManager: Broadcast completed: result=0
07-29 20:59:26.708  7633  8793 I MediaProvider: End Intent { act=android.intent.action.MEDIA_SCANNER_SCAN_FILE dat=file:///... flg=0x1400010 cmp=com.android.providers.media.module/com.android.providers.media.MediaService }
07-29 20:59:26.708  2463  4404 I whetstone.activity: processNotifyEvent1 resId = 256, bundle = Bundle[{startTime=19805028, sourcePkg=com.android.providers.media.module, sourceUid=10249, status=0, jobId=-300, batteryName=com.android.providers.media.module/com.android.providers.media.MediaService, elapsedRealtime=19805028}]
07-29 20:59:26.709  9339  9399 I EventMonitor: notifyEvent resId=256
07-29 20:59:26.709  1844  1844 I vendor.qti.hardware.servicetrackeraidl-service: unbindService is called for service : com.android.providers.media.module/com.android.providers.media.MediaService and for client system
07-29 20:59:26.709  1844  1844 I vendor.qti.hardware.servicetrackeraidl-service: size of service connections for service: com.android.providers.media.module/com.android.providers.media.MediaServiceafter removal is 0
07-29 20:59:26.709  1844  1844 I vendor.qti.hardware.servicetrackeraidl-service: size of client connections for client: systemafter removal is 31
07-29 20:59:26.709  1844  1844 I vendor.qti.hardware.servicetrackeraidl-service: destroyService is called for service : com.android.providers.media.module/com.android.providers.media.MediaService
07-29 20:59:26.713  3002  6353 E libsensor-parseRGB: CWB NotifyCWBBufferDone  error 0
07-29 20:59:26.714  7633  7652 I FuseDaemon: This is sticky GC, maxfree is 16777216 minfree is 8388608
07-29 20:59:26.768  1827  2108 I SDM     : DisplayBase::CommitThread: Received idle timeout, panel: cmd, timeout: 70000 us
07-29 20:59:26.797  1827  2399 I SDM     : HWCDisplay::SetActiveConfigWithConstraints: display:66-0, config: 1, WxH 1200x2670, fps 120
07-29 20:59:26.797  1827  2399 W SDM     : HWDeviceDRM::GetSupportedBitClkRate: Requested rate not supported: 1150000000
07-29 20:59:26.797  1827  2399 I SDM     : HWDeviceDRM::UpdateMixerAttributes: Mixer WxH 1200x2670-1 for Peripheral
07-29 20:59:26.797  1827  2399 I SDM     : HWCDisplay::SubmitDisplayConfig: Active configuration changed from config 3 to 1
07-29 20:59:26.797  1827  2399 I SDM     : HWCDisplay::SubmitDisplayConfig: Active WxH 1200x2670 ,ddic_mode:idle, timing_fps: 120, sf_fps: 120
07-29 20:59:26.800  2463  4205 I MiuiNetworkPolicy: bandwidth: 25 KB/s, Max bandwidth: 3636 KB/s
07-29 20:59:26.865  3117  3117 I adbd    : in ShellService: rm /sdcard/screen_2025-07-29_205926.png
07-29 20:59:26.877  1827  2108 I SDM     : DisplayBase::CommitThread: Received idle timeout, panel: cmd, timeout: 70000 us
07-29 20:59:26.884  7633 20216 I MediaProvider: Deleted paths_hashcode::1389444597/:1389444597/1442737324926.png items on external_primary due to com.android.shell tid=26943
07-29 20:59:26.915 12982 19698 I com.xingin.xhs: This is non sticky GC, maxfree is 16777216 minfree is 8388608
07-29 20:59:26.956  1827  2752 I vendor.qti.hardware.display.composer-service: Sensor: notify citsensorservice to trigger cwb, misForced = 1
07-29 20:59:26.956  3002  4297 I libsensor-parseRGB: request dump start for mRequestDisplayId 0
07-29 20:59:26.978  3002  6353 E libsensor-parseRGB: CWB NotifyCWBBufferDone  error 0
07-29 20:59:27.023  3117  3117 I adbd    : in ShellService: dumpsys display
07-29 20:59:27.036  1827  2108 I SDM     : DisplayBase::CommitThread: Received idle timeout, panel: cmd, timeout: 69999 us
07-29 20:59:27.059  2463  4205 I MiuiNetworkPolicy: updateUidState uid = 10278, uidState = 15
07-29 20:59:27.061  2463  4205 I MiuiNetworkPolicyTrafficLimit: updateWhiteListUidForMobileTraffic uid=10278,add=false
07-29 20:59:27.168  1839  7244 E ANDR-PERF-LM: SAGT_ACTION: UpdateFPSData() 138: update /sys/kernel/sched_penalty/parameters/fps to 0, ret is 0
07-29 20:59:27.175  3117  3117 I adbd    : in ShellService: wm size
07-29 20:59:27.188 12982 26704 I onNQEResult: result.score = 77minscore = nullmaxscore = null
07-29 20:59:27.273  3117  3117 I adbd    : in ShellService: ps
07-29 20:59:27.281  3117  3117 I adbd    : in ShellService: dumpsys input
07-29 20:59:27.350  3117  3117 I adbd    : in ShellService: getprop ro.sf.lcd_density
07-29 20:59:27.445  3117  3117 I adbd    : in ShellService: dumpsys activity activities
07-29 20:59:27.538  3117  3117 I adbd    : in ShellService: dumpsys activity activities
07-29 20:59:27.569  1839  7244 E ANDR-PERF-LM: SAGT_ACTION: UpdateFPSData() 138: update /sys/kernel/sched_penalty/parameters/fps to 0, ret is 0
07-29 20:59:27.601  2463  5530 I PowerManagerServiceImpl: Partial wakeLock:[PARTIAL_WAKE_LOCK                 'Mars::MicroMsg.WakerLock' (uid=10286 pid=26643 pkg=com.xingin.xhs)], disabled: true, procState: 19, reason: Process Priority
07-29 20:59:27.606  1895  1895 I vendor.xiaomi.hardware.micharge-service: ReadFilePathValue path = /sys/class/power_supply/battery/current_now value = 92000
07-29 20:59:27.606  2463  2507 E IMiCharge: MiCharge method 6 val = 92000
07-29 20:59:27.607  1895  1895 I vendor.xiaomi.hardware.micharge-service: ReadFilePathValue path = /sys/class/qcom-battery/night_charging value = 0
07-29 20:59:27.608  1895  1895 I vendor.xiaomi.hardware.micharge-service: ReadFilePathValue path = /sys/class/qcom-battery/reverse_chg_mode value = 0
07-29 20:59:27.608  2463  2507 E IMiCharge: MiCharge method 32 val = 0
07-29 20:59:27.607  8013  9511 E IMiCharge: MiCharge method 19 val = 0
07-29 20:59:27.608  8013  9511 I ChargeProtectionUtils: getNightChargingState: 0
07-29 20:59:27.608  1895  1895 I vendor.xiaomi.hardware.micharge-service: ReadFilePathValue path = /sys/class/qcom-battery/fastchg_mode value = 0
07-29 20:59:27.609  2463  2507 E IMiCharge: MiCharge method 16 val = 0
07-29 20:59:27.631  3117  3117 I adbd    : in ShellService: dumpsys activity activities
07-29 20:59:27.711  3117  3117 I adbd    : in ShellService: dumpsys activity services
07-29 20:59:27.746 31200 31200 I cr_A11yState: Enabled accessibility services: [io.github.ylimit.droidbotapp/io.github.privacystreams.accessibility.PSAccessibilityService, null]
07-29 20:59:27.746 31200 31200 I cr_A11yState: Running accessibility services: [io.github.ylimit.droidbotapp/io.github.privacystreams.accessibility.PSAccessibilityService]
07-29 20:59:27.747 31200 31200 I cr_A11yState: Will check again after 4000 milliseconds.
07-29 20:59:27.863  3117  3117 I adbd    : in ShellService: screencap -p /sdcard/screen_2025-07-29_205928.png
07-29 20:59:27.920  1254 26207 I keystore2: system/security/keystore2/watchdog/src/lib.rs:319 - Watchdog thread idle -> terminating. Have a great day.
07-29 20:59:27.982 26980 26980 W BpBinder: Linking to death on android.gui.ISurfaceComposer but there are no threads (yet?) listening to incoming transactions. See ProcessState::startThreadPool and ProcessState::setThreadPoolMaxThreadCount. Generally you should setup the binder threadpool before other initialization steps.
07-29 20:59:27.982 26980 26980 W ProcessState: Extra binder thread started, but 0 threads requested. Do not use *startThreadPool when zero threads are requested.
07-29 20:59:28.024 26980 26982 I AdrenoUtils: <ReadGpuID:357>: Reading chip ID through GSL
07-29 20:59:28.025 26980 26980 W qdgralloc: Failed to load libubwcp.so
07-29 20:59:28.021 26980 26980 W screencap: type=1400 audit(0.0:13207): avc:  denied  { read } for  name="libubwcp.so" dev="dm-14" ino=19816057 scontext=u:r:shell:s0 tcontext=u:object_r:vendor_file:s0 tclass=file permissive=0
07-29 20:59:28.028  7633 13399 W MediaProvider: isAppCloneUserPair for user 0: false
07-29 20:59:28.093  2463  4403 E HyperSentinel: -------------------------------------------------------
07-29 20:59:28.093  2463  4403 E HyperSentinel: Event_ThreadAmount
07-29 20:59:28.093  2463  4403 E HyperSentinel: -> audit event by proc 26643 "com.xingin.xhs:longlinkNew": running threads amount, 0 -> 48
07-29 20:59:28.098  2463  2530 I SmartPower: com.alibaba.aliexpresshd:channel/10303(6163): idle->background(9710ms) R(broadcast start Intent { act=android.intent.action.BATTERY_CHANGED flg=0x60000010 (has extras) }) adj=915.
07-29 20:59:28.104  8013  8013 I PowerSaveService: onReceive: android.intent.action.BATTERY_CHANGED
07-29 20:59:28.105  9339  9638 I ProcAudioPowerManager: onBatteryChanged, onBattery is false
07-29 20:59:28.105  2463  2530 W BroadcastQueue: Greezer Denial: sending Intent { act=android.intent.action.BATTERY_CHANGED flg=0x60000010 (has extras) }, action: android.intent.action.BATTERY_CHANGED from null (uid=1000) due to receiver ProcessRecord{53c2fb1 8536:com.ss.android.ugc.aweme:smp/u0a322} (uid 10322) need cached broadcast
07-29 20:59:28.105  8013  8013 I PowerNoticeUI: handleBatteryChanged oldPlugType 2 mPlugType 2 oldBatteryLevel 58 mBatteryLevel 58 temperature 330
07-29 20:59:28.105  8013  8013 I ChargerBatteryIntelligenceReceiver: onBatteryChanged temperature33,plugType:2
07-29 20:59:28.105  8013  8013 I ChargerBatteryIntelligenceReceiver: dissmissTempFastChargeReminder not support
07-29 20:59:28.105  8013  8013 I BaseChargeProtect_Navigation: status = 2, level = 58, scale = 100, newPercent = 58, isCharging = true, plugType = 2
07-29 20:59:28.105  8013  8013 I PowerFeatureUtils: getVendorName:qcom
07-29 20:59:28.106  2463  2530 I SmartPower: com.xiaomi.aicr:cognitionService/10127(12560): idle->background(10762ms) R(broadcast start Intent { act=android.intent.action.BATTERY_CHANGED flg=0x60000010 (has extras) }) adj=200.
07-29 20:59:28.106  2463  2530 W BroadcastQueue: Greezer Denial: sending Intent { act=android.intent.action.BATTERY_CHANGED flg=0x60000010 (has extras) }, action: android.intent.action.BATTERY_CHANGED from null (uid=1000) due to receiver ProcessRecord{d1daa83 20995:com.smile.gifmaker/u0a339} (uid 10339) need cached broadcast
07-29 20:59:28.106  2463  2530 W BroadcastQueue: Greezer Denial: sending Intent { act=android.intent.action.BATTERY_CHANGED flg=0x60000010 (has extras) }, action: android.intent.action.BATTERY_CHANGED from null (uid=1000) due to receiver ProcessRecord{3b5ab26 16045:com.quark.browser:push/u0a328} (uid 10328) need cached broadcast
07-29 20:59:28.107  2463  2530 W BroadcastQueue: Greezer Denial: sending Intent { act=android.intent.action.BATTERY_CHANGED flg=0x60000010 (has extras) }, action: android.intent.action.BATTERY_CHANGED from null (uid=1000) due to receiver ProcessRecord{5ab318 16241:com.quark.browser:channel/u0a328} (uid 10328) need cached broadcast
07-29 20:59:28.107  2463  2530 W BroadcastQueue: Greezer Denial: sending Intent { act=android.intent.action.BATTERY_CHANGED flg=0x60000010 (has extras) }, action: android.intent.action.BATTERY_CHANGED from null (uid=1000) due to receiver ProcessRecord{3f927ef 16476:com.quark.browser:filedownloader/u0a328} (uid 10328) need cached broadcast
07-29 20:59:28.107  2463  2530 W BroadcastQueue: Greezer Denial: sending Intent { act=android.intent.action.BATTERY_CHANGED flg=0x60000010 (has extras) }, action: android.intent.action.BATTERY_CHANGED from null (uid=1000) due to receiver ProcessRecord{ea8e351 16554:com.quark.browser/u0a328} (uid 10328) need cached broadcast
07-29 20:59:28.107  2463  2530 W BroadcastQueue: Greezer Denial: sending Intent { act=android.intent.action.BATTERY_CHANGED flg=0x60000010 (has extras) }, action: android.intent.action.BATTERY_CHANGED from null (uid=1000) due to receiver ProcessRecord{f2b2383 7919:com.instagram.android/u0a289} (uid 10289) need cached broadcast
07-29 20:59:28.107  2463  2530 W BroadcastQueue: Greezer Denial: sending Intent { act=android.intent.action.BATTERY_CHANGED flg=0x60000010 (has extras) }, action: android.intent.action.BATTERY_CHANGED from null (uid=1000) due to receiver ProcessRecord{f2b2383 7919:com.instagram.android/u0a289} (uid 10289) need cached broadcast
07-29 20:59:28.107  2463  2530 W BroadcastQueue: Greezer Denial: sending Intent { act=android.intent.action.BATTERY_CHANGED flg=0x60000010 (has extras) }, action: android.intent.action.BATTERY_CHANGED from null (uid=1000) due to receiver ProcessRecord{ad6adc5 10522:com.skysoft.kkbox.android/u0a285} (uid 10285) need cached broadcast
07-29 20:59:28.107  2463  2530 W BroadcastQueue: Greezer Denial: sending Intent { act=android.intent.action.BATTERY_CHANGED flg=0x60000010 (has extras) }, action: android.intent.action.BATTERY_CHANGED from null (uid=1000) due to receiver ProcessRecord{34cbe8f 25865:com.microsoft.emmx/u0a311} (uid 10311) need cached broadcast
07-29 20:59:28.107  2463  2530 I SmartPower: com.android.chrome/10282(31200): idle->background(12024ms) R(broadcast start Intent { act=android.intent.action.BATTERY_CHANGED flg=0x60000010 (has extras) }) adj=915.
07-29 20:59:28.108  4775  4775 I DeviceInfoAidlClient: isPowerInfoNeverSent=false batteryLevel=58 batteryLevelIndex=6 chargingMode=2 totalCapacity=4112000 powerSaveMode=false
07-29 20:59:28.108  2463  2530 I SmartPower: com.xiaomi.market/10167(9900): idle->background(6608ms) R(broadcast start Intent { act=android.intent.action.BATTERY_CHANGED flg=0x60000010 (has extras) }) adj=905.
07-29 20:59:28.108  2463  2530 I SmartPower: com.xiaomi.market:FinApp0/10167(10074): idle->background(12025ms) R(broadcast start Intent { act=android.intent.action.BATTERY_CHANGED flg=0x60000010 (has extras) }) adj=915.
07-29 20:59:28.109  2463  2530 I SmartPower: com.miui.newhome/10296(11730): idle->background(12025ms) R(broadcast start Intent { act=android.intent.action.BATTERY_CHANGED flg=0x60000010 (has extras) }) adj=905.
07-29 20:59:28.109  2463  2530 I SmartPower: com.xiaomi.market:widgetProvider/10167(14346): idle->background(12025ms) R(broadcast start Intent { act=android.intent.action.BATTERY_CHANGED flg=0x60000010 (has extras) }) adj=905.
07-29 20:59:28.109 12560 12701 I AIRC_CounterTrack: collect: signal-BatteryChangedPerception
07-29 20:59:28.111 12560 12701 I MMKV    : <MMKV.cpp:1170::sync> MMKV::sync, SyncFlag = 1
