07-29 20:59:18.406  9900 26348 I Market-LimitSpeedManager: startLimitSpeedNow() ====== speed = 32768
07-29 20:59:18.408  3117  3117 I adbd    : in ShellService: screencap -p /sdcard/screen_2025-07-29_205919.png
07-29 20:59:18.410  9900 26348 I Market-DownloadLimitSpeedManager: startLimitSpeed success. Total count 1
07-29 20:59:18.410  9900 26348 I Market-RetrofitRequest: HeaderInterceptor : https://updateinfo.market.xiaomi.com/apm/updateinfo/diffsize
07-29 20:59:18.484  9900 26348 I Market-DownloadLimitSpeedManager: stopLimitSpeed
07-29 20:59:18.485  9900 26348 I Market-LimitSpeedManager: stopLimitSpeedNow() =========== 
07-29 20:59:18.488  9900 26348 I Market-RetrofitRequest: callEnd : https://updateinfo.market.xiaomi.com/apm/updateinfo/diffsize
07-29 20:59:18.489  9900 26348 I Market-LocalAppManager: queryDiffSizeFromServer end
07-29 20:59:18.490  9900 26278 I Market-SubScriptManager: updateMarketSubScript forceShow : false
07-29 20:59:18.490  9900 26278 I Market-SubScriptManager: get count 61
07-29 20:59:18.490  9900 26278 I Market-SubScriptManager: get count 61
07-29 20:59:18.490  9900 26348 I Market-WakeLockManager: release wakeLock: CheckUpdateService
07-29 20:59:18.493  2463  5530 I ActivityManager: Cancel FGS notification userId: 0 definingUid: 10167 packageName: com.xiaomi.market processName:com.xiaomi.market ChannelId:com.xiaomi.market_hide foregroundNotiWhen:1753793957958 Notiflags:104
07-29 20:59:18.493  1844  1844 I vendor.qti.hardware.servicetrackeraidl-service: destroyService is called for service : com.xiaomi.market/.business_core.update.auto.CheckUpdateService
07-29 20:59:18.493  2463  5530 W ForegroundServiceTypeLoggerModule: FGS stop call for: 10167 has no types!
07-29 20:59:18.494  2463  5530 I SmartPower: com.xiaomi.market/10167(9900): idle->background(2410ms) R(service destroy com.xiaomi.market/.business_core.update.auto.CheckUpdateService) adj=200.
07-29 20:59:18.494  9900  9900 I Market-ServiceUtils: stop foreground service: CheckUpdateService
07-29 20:59:18.498  2463  4205 I MiuiNetworkPolicy: updateUidState uid = 10261, uidState = 10
07-29 20:59:18.498  2463  4205 I MiuiNetworkPolicyTrafficLimit: updateWhiteListUidForMobileTraffic uid=10261,add=false
07-29 20:59:18.501  2463  4205 I MiuiNetworkPolicy: updateUidState uid = 10203, uidState = 6
07-29 20:59:18.501  2463  4205 I MiuiNetworkPolicy: updateUidState uid = 10167, uidState = 10
07-29 20:59:18.501  2463  4205 I MiuiNetworkPolicyTrafficLimit: updateWhiteListUidForMobileTraffic uid=10167,add=false
07-29 20:59:18.501  2463  4205 I MiuiNetworkPolicy: updateUidState uid = 10158, uidState = 19
07-29 20:59:18.502  2463  4205 I MiuiNetworkPolicyTrafficLimit: updateWhiteListUidForMobileTraffic uid=10158,add=false
07-29 20:59:18.503  2463  4205 I MiuiNetworkPolicy: updateUidState uid = 10261, uidState = 19
07-29 20:59:18.504  2463  2463 I NotificationService: Cancel FGS notification CallingUid: 10167 CallingPid: 9900 Pkg: com.xiaomi.market Id:46888108 Tag:null UserId:0 MustHaveFlags:0 MustNotHaveFlags:0 Reason:8 foregroundNotiWhen:1753793957958 foregroundNotiFlags:104 foregroundNotiChannelId:com.xiaomi.market_hide
07-29 20:59:18.512 26538 26538 W BpBinder: Linking to death on android.gui.ISurfaceComposer but there are no threads (yet?) listening to incoming transactions. See ProcessState::startThreadPool and ProcessState::setThreadPoolMaxThreadCount. Generally you should setup the binder threadpool before other initialization steps.
07-29 20:59:18.512 26538 26538 W ProcessState: Extra binder thread started, but 0 threads requested. Do not use *startThreadPool when zero threads are requested.
07-29 20:59:18.513  4979  4979 E NotifCollection: No notification to remove with key 0|com.xiaomi.market|46888108|null|10167 reason=8:REASON_APP_CANCEL
07-29 20:59:18.538 26538 26540 I AdrenoUtils: <ReadGpuID:357>: Reading chip ID through GSL
07-29 20:59:18.538 26538 26538 W qdgralloc: Failed to load libubwcp.so
07-29 20:59:18.533 26538 26538 W screencap: type=1400 audit(0.0:13153): avc:  denied  { read } for  name="libubwcp.so" dev="dm-14" ino=19816057 scontext=u:r:shell:s0 tcontext=u:object_r:vendor_file:s0 tclass=file permissive=0
07-29 20:59:18.540  9900  9930 I m.xiaomi.market: This is non sticky GC, maxfree is 16777216 minfree is 8388608
07-29 20:59:18.541  7633  7872 W MediaProvider: isAppCloneUserPair for user 0: false
07-29 20:59:18.735  1839  7244 E ANDR-PERF-LM: SAGT_ACTION: UpdateFPSData() 138: update /sys/kernel/sched_penalty/parameters/fps to 40, ret is 0
07-29 20:59:18.779 25943 25945 I AidlLazyServiceRegistrar: Process has 0 (of 2 available) client(s) in use after notification android.system.virtualizationmaintenance has clients: 0
07-29 20:59:18.779 25943 25945 I AidlLazyServiceRegistrar: Trying to shut down the service. No clients in use for any service in process.
07-29 20:59:18.781 25943 25945 I AidlLazyServiceRegistrar: Unregistered all clients and exiting
07-29 20:59:18.930  7989  7989 I RuntimePermissionManager: isRuntimeRequestSupport: true
07-29 20:59:18.936  2463  2775 I AppsFilter: interaction: PackageSetting{b79e61f com.android.microdroid.empty_payload/10236} -> PackageSetting{6cf1258 com.miui.cleanmaster/10266} BLOCKED
07-29 20:59:18.936  2463  2775 I AppsFilter: interaction: PackageSetting{ae81f35 io.appium.uiautomator2.server.test/10280} -> PackageSetting{6cf1258 com.miui.cleanmaster/10266} BLOCKED
07-29 20:59:18.937  2463  2775 I AppsFilter: interaction: PackageSetting{6559fca io.github.ylimit.droidbotapp/10361} -> PackageSetting{6cf1258 com.miui.cleanmaster/10266} BLOCKED
07-29 20:59:18.937  2463  2775 I AppsFilter: interaction: PackageSetting{960c53b com.rongcard.eid/10151} -> PackageSetting{6cf1258 com.miui.cleanmaster/10266} BLOCKED
07-29 20:59:18.937  2463  2775 I AppsFilter: interaction: PackageSetting{ee2458 io.appium.settings/10274} -> PackageSetting{6cf1258 com.miui.cleanmaster/10266} BLOCKED
07-29 20:59:18.955  2463 15445 W ParceledListSlice: Element #8 is 20788 bytes.
07-29 20:59:18.955  2463 15445 W ParceledListSlice: Element #9 is 20768 bytes.
07-29 20:59:18.956  2463  4596 W ContentProviderHelper: No provider info for content provider  when providerRunning is false, caller is ProcessRecord{15056c5 18854:com.android.quicksearchbox:ApplicationsProvider/u0a136}
07-29 20:59:18.956 18854 18878 E ActivityThread: Failed to find provider info for 
07-29 20:59:18.956  2463  4596 W ContentProviderHelper: No provider info for content provider  when providerRunning is false, caller is null
07-29 20:59:18.958  7368  7385 I PermissionControllerServiceImpl: Updating user sensitive for uid 10266
07-29 20:59:18.958 12230 12394 I Ad      : isPersonalizedAdEnabled getAdSettings: 1
07-29 20:59:18.958  2463 14501 W ParceledListSlice: Element #44 is 26672 bytes.
07-29 20:59:18.958  2463 14501 W ParceledListSlice: Overly large reply size: 82204
07-29 20:59:18.958  7773  7773 E RegisteredServicesCache: Skipping application component ComponentInfo{com.UCMobile/com.alibaba.ariver.commonability.device.jsapi.nfc.service.TinyAppHostApduService}: it must request the permission android.permission.NFC
07-29 20:59:18.958  7773  7773 E RegisteredServicesCache: Skipping application component ComponentInfo{com.UCMobile/com.alipay.mobile.aompdevice.nfc.service.TinyAppHostApduService}: it must request the permission android.permission.NFC
07-29 20:59:18.959  2463  6119 W ParceledListSlice: Element #45 is 26676 bytes.
07-29 20:59:18.959  2463  6119 W ParceledListSlice: Element #46 is 26676 bytes.
07-29 20:59:18.959  2463  6119 W ParceledListSlice: Element #47 is 26684 bytes.
07-29 20:59:18.959  7773  7773 E RegisteredServicesCache: Skipping application component ComponentInfo{com.autonavi.minimap/com.alibaba.ariver.commonability.device.jsapi.nfc.service.TinyAppHostApduService}: it must request the permission android.permission.NFC
07-29 20:59:18.959  7773  7773 E RegisteredServicesCache: Skipping application component ComponentInfo{com.autonavi.minimap/com.alipay.mobile.aompdevice.nfc.service.TinyAppHostApduService}: it must request the permission android.permission.NFC
07-29 20:59:18.959  2463  5128 W ParceledListSlice: Element #48 is 26688 bytes.
07-29 20:59:18.959  2463  5128 W ParceledListSlice: Element #54 is 19664 bytes.
07-29 20:59:18.960  2463  6119 W ParceledListSlice: Element #55 is 19652 bytes.
07-29 20:59:18.960  2463  6119 W ParceledListSlice: Element #56 is 19692 bytes.
07-29 20:59:18.960  2463  6119 W ParceledListSlice: Element #57 is 19720 bytes.
07-29 20:59:18.960  2463  6119 W ParceledListSlice: Element #58 is 19720 bytes.
07-29 20:59:18.961  7773  7773 I RegisteredServicesCache: current user: 0, is managed profile : false
07-29 20:59:18.961  2463  4596 W ParceledListSlice: Element #59 is 19684 bytes.
07-29 20:59:18.961  2463  4596 W ParceledListSlice: Element #60 is 19692 bytes.
07-29 20:59:18.961  2463  4596 W ParceledListSlice: Element #61 is 19668 bytes.
07-29 20:59:18.961  2463  4596 W ParceledListSlice: Element #62 is 19680 bytes.
07-29 20:59:18.961  2463 14501 W ParceledListSlice: Element #63 is 19672 bytes.
07-29 20:59:18.961  2463 14501 W ParceledListSlice: Element #64 is 29724 bytes.
07-29 20:59:18.961  2463 14501 W ParceledListSlice: Element #65 is 29744 bytes.
07-29 20:59:18.962  2463  5526 W ParceledListSlice: Element #66 is 29736 bytes.
07-29 20:59:18.962  7773  7773 I RegisteredAidCache: updateRoutingLocked(false): Enter
07-29 20:59:18.962  7773  7773 I AidRoutingManager: configureRouting(false): Enter
07-29 20:59:18.962  7773  7773 E AidRoutingManager: Size of routing table970
07-29 20:59:18.962  7773  7773 I RegisteredAidCache: updateRoutingLocked(false): exit
07-29 20:59:18.962  2463  2503 I ClipboardServiceI: checkProviderWakePathForClipboard: primaryClip is null
07-29 20:59:18.962  4916  5777 E SmsApplication: com.android.mms lost android:read_cell_broadcasts:  (fixing)
07-29 20:59:18.963  2463  5459 W AppOpService: Ignored setUidMode call for runtime permission app op: uid = 10141, code = READ_CELL_BROADCASTS, mode = allow, callingUid = 1001, oldMode = allow
07-29 20:59:18.963  7773  7773 I libnfc_nci: [INFO:NativeT4tNfcee.cpp(870)] nfcManager_isFwSupportNonStdT4TAid Enter isFwSupport = 1
07-29 20:59:18.963  7773  7773 I libnfc_nci: [INFO:SecureElement.cpp(1487)] SecureElement::getEseHandleFromGenericId: enter; ESE-ID = 0x7F
07-29 20:59:18.963  7773  7773 I libnfc_nci: [INFO:SecureElement.cpp(1528)] SecureElement::getEseHandleFromGenericId: enter; ESE-Handle = 0x410
07-29 20:59:18.964  7773  7773 I libnfc_nci: [INFO:SecureElement.cpp(1487)] SecureElement::getEseHandleFromGenericId: enter; ESE-ID = 0x00
07-29 20:59:18.964  7773  7773 I libnfc_nci: [INFO:SecureElement.cpp(1528)] SecureElement::getEseHandleFromGenericId: enter; ESE-Handle = 0x400
07-29 20:59:18.965  4897 29215 I SecureElement-Terminal-eSE1: isSecureElementPresent()
07-29 20:59:18.966  2463  4596 W ContentProviderHelper: Permission Denial: opening provider com.alibaba.aliexpress.android.search.nav.SearchSuggestionProvider from ProcessRecord{15056c5 18854:com.android.quicksearchbox:ApplicationsProvider/u0a136} (pid=18854, uid=10136) that is not exported from UID 10303
07-29 20:59:18.966  1746  1746 I android.hardware.secure_element-service.qti: isCardPresent
07-29 20:59:18.966  1746  1746 I android.hardware.secure_element-service.qti: isCardPresent exit, cardPresent: 1
07-29 20:59:18.967  2463 14501 W AppOpService: Ignored setUidMode call for runtime permission app op: uid = 1001, code = READ_SMS, mode = allow, callingUid = 1001, oldMode = allow
07-29 20:59:18.968  2463  4596 I ClipboardServiceI: checkProviderWakePathForClipboard: primaryClip is null
07-29 20:59:18.968  2463  4205 I MiuiNetworkPolicy: updateUidState uid = 10303, uidState = 6
07-29 20:59:18.969  2463  4205 I MiuiNetworkPolicy: updateUidState uid = 10169, uidState = 6
07-29 20:59:18.970  4897 29215 I SecureElement-Terminal-SIM1: isSecureElementPresent()
07-29 20:59:18.970  2463  5526 W AppOpService: Ignored setUidMode call for runtime permission app op: uid = 1001, code = RECEIVE_SMS, mode = allow, callingUid = 1001, oldMode = allow
07-29 20:59:18.970  2463  5526 W AppOpService: Ignored setUidMode call for runtime permission app op: uid = 1001, code = RECEIVE_WAP_PUSH, mode = allow, callingUid = 1001, oldMode = allow
07-29 20:59:18.970  4897 29215 I SecureElement-Terminal-SIM1: isNfcEventAllowed: No access rules for checking.
07-29 20:59:18.970  2463  4596 W AppOpService: Ignored setUidMode call for runtime permission app op: uid = 1001, code = SEND_SMS, mode = allow, callingUid = 1001, oldMode = allow
07-29 20:59:18.970  4897 29215 I SecureElement-Terminal-SIM2: isSecureElementPresent()
07-29 20:59:18.970  2463  4596 W AppOpService: Ignored setUidMode call for runtime permission app op: uid = 1001, code = READ_CELL_BROADCASTS, mode = allow, callingUid = 1001, oldMode = allow
07-29 20:59:18.973  2463  4205 I MiuiNetworkPolicy: updateUidState uid = 10303, uidState = 19
07-29 20:59:18.973  2463  4596 W ParceledListSlice: Element #273 is 21068 bytes.
07-29 20:59:18.973  2463  6119 W Bundle  : Failed to parse item error, returning null.
07-29 20:59:18.973  2463  6119 W Bundle  : android.os.BadTypeParcelableException: Parcelable creator android.os.ParcelableException is not a subclass of required class java.lang.String provided in the parameter
07-29 20:59:18.973  2463  6119 W Bundle  : 	at android.os.Parcel.readParcelableCreatorInternal(Parcel.java:5206)
07-29 20:59:18.973  2463  6119 W Bundle  : 	at android.os.Parcel.readParcelableInternal(Parcel.java:5080)
07-29 20:59:18.973  2463  6119 W Bundle  : 	at android.os.Parcel.readValue(Parcel.java:4840)
07-29 20:59:18.973  2463  6119 W Bundle  : 	at android.os.Parcel.readValue(Parcel.java:4609)
07-29 20:59:18.973  2463  6119 W Bundle  : 	at android.os.Parcel.-$$Nest$mreadValue(Unknown Source:0)
07-29 20:59:18.973  2463  6119 W Bundle  : 	at android.os.Parcel$LazyValue.apply(Parcel.java:4707)
07-29 20:59:18.973  2463  6119 W Bundle  : 	at android.os.Parcel$LazyValue.apply(Parcel.java:4666)
07-29 20:59:18.973  2463  6119 W Bundle  : 	at android.os.BaseBundle.unwrapLazyValueFromMapLocked(BaseBundle.java:416)
07-29 20:59:18.973  2463  6119 W Bundle  : 	at android.os.BaseBundle.getValueAt(BaseBundle.java:402)
07-29 20:59:18.973  2463  6119 W Bundle  : 	at android.os.BaseBundle.getPairValue(BaseBundle.java:282)
07-29 20:59:18.973  2463  6119 W Bundle  : 	at com.android.server.am.ContentProviderHelper.lambda$getMimeTypeFilterAsync$1(ContentProviderHelper.java:1212)
07-29 20:59:18.973  2463  6119 W Bundle  : 	at com.android.server.am.ContentProviderHelper.$r8$lambda$JV9jTPlBHAPZLxkKAqq24ds-FLE(Unknown Source:0)
07-29 20:59:18.973  2463  6119 W Bundle  : 	at com.android.server.am.ContentProviderHelper$$ExternalSyntheticLambda1.onResult(D8$$SyntheticClass:0)
07-29 20:59:18.973  2463  6119 W Bundle  : 	at android.os.RemoteCallback.sendResult(RemoteCallback.java:76)
07-29 20:59:18.973  2463  6119 W Bundle  : 	at android.os.RemoteCallback$1.sendResult(RemoteCallback.java:53)
07-29 20:59:18.973  2463  6119 W Bundle  : 	at android.os.IRemoteCallback$Stub.onTransact(IRemoteCallback.java:85)
07-29 20:59:18.973  2463  6119 W Bundle  : 	at android.os.Binder.execTransactInternal(Binder.java:1512)
07-29 20:59:18.973  2463  6119 W Bundle  : 	at android.os.Binder.execTransact(Binder.java:1451)
07-29 20:59:18.974  2463  6119 W ParceledListSlice: Element #274 is 21048 bytes.
07-29 20:59:18.974  2463  6119 W ParceledListSlice: Element #275 is 21056 bytes.
07-29 20:59:18.974  2463  6119 W ParceledListSlice: Element #276 is 21036 bytes.
07-29 20:59:18.974  2463  6119 W ParceledListSlice: Element #277 is 21084 bytes.
07-29 20:59:18.974  2463  6119 W ParceledListSlice: Overly large reply size: 84248
07-29 20:59:18.974 18854 18878 W ContentResolver: Failed to get type for: content://com.alibaba.aliexpress.android.search.nav.SearchSuggestionProvider/products (Unknown URL content://com.alibaba.aliexpress.android.search.nav.SearchSuggestionProvider/products)
07-29 20:59:18.974  2463  4596 W ParceledListSlice: Element #278 is 21084 bytes.
07-29 20:59:18.974  2463  4596 W ParceledListSlice: Element #279 is 21096 bytes.
07-29 20:59:18.974  2463  4596 W ParceledListSlice: Element #280 is 21084 bytes.
07-29 20:59:18.974  2463  4596 W ParceledListSlice: Element #281 is 21084 bytes.
07-29 20:59:18.974  2463  4596 W ParceledListSlice: Overly large reply size: 84372
07-29 20:59:18.974  2463  4596 W ParceledListSlice: Element #282 is 21104 bytes.
07-29 20:59:18.975  2463  4596 W ParceledListSlice: Element #283 is 21092 bytes.
07-29 20:59:18.975  2463  4596 W ParceledListSlice: Element #284 is 21080 bytes.
07-29 20:59:18.976  2463  5128 W ContentProviderHelper: No provider info for content provider  when providerRunning is false, caller is ProcessRecord{15056c5 18854:com.android.quicksearchbox:ApplicationsProvider/u0a136}
07-29 20:59:18.976 18854 18878 E ActivityThread: Failed to find provider info for 
07-29 20:59:18.977  2463  5128 W ContentProviderHelper: No provider info for content provider  when providerRunning is false, caller is null
07-29 20:59:18.977  2463  4205 I MiuiNetworkPolicy: updateUidState uid = 10169, uidState = 19
07-29 20:59:18.979  2463  6119 W ContentProviderHelper: Permission Denial: opening provider com.alibaba.aliexpress.android.search.nav.SearchSuggestionProvider from ProcessRecord{15056c5 18854:com.android.quicksearchbox:ApplicationsProvider/u0a136} (pid=18854, uid=10136) that is not exported from UID 10303
07-29 20:59:18.981  2463  6119 I ClipboardServiceI: checkProviderWakePathForClipboard: primaryClip is null
07-29 20:59:18.982  2463  4205 I MiuiNetworkPolicy: updateUidState uid = 10303, uidState = 6
07-29 20:59:18.982  2463  4205 I MiuiNetworkPolicy: updateUidState uid = 10169, uidState = 6
07-29 20:59:18.984  2463  4596 W Bundle  : Failed to parse item error, returning null.
07-29 20:59:18.984  2463  4596 W Bundle  : android.os.BadTypeParcelableException: Parcelable creator android.os.ParcelableException is not a subclass of required class java.lang.String provided in the parameter
07-29 20:59:18.984  2463  4596 W Bundle  : 	at android.os.Parcel.readParcelableCreatorInternal(Parcel.java:5206)
07-29 20:59:18.984  2463  4596 W Bundle  : 	at android.os.Parcel.readParcelableInternal(Parcel.java:5080)
07-29 20:59:18.984  2463  4596 W Bundle  : 	at android.os.Parcel.readValue(Parcel.java:4840)
07-29 20:59:18.984  2463  4596 W Bundle  : 	at android.os.Parcel.readValue(Parcel.java:4609)
07-29 20:59:18.984  2463  4596 W Bundle  : 	at android.os.Parcel.-$$Nest$mreadValue(Unknown Source:0)
07-29 20:59:18.984  2463  4596 W Bundle  : 	at android.os.Parcel$LazyValue.apply(Parcel.java:4707)
07-29 20:59:18.984  2463  4596 W Bundle  : 	at android.os.Parcel$LazyValue.apply(Parcel.java:4666)
07-29 20:59:18.984  2463  4596 W Bundle  : 	at android.os.BaseBundle.unwrapLazyValueFromMapLocked(BaseBundle.java:416)
07-29 20:59:18.984  2463  4596 W Bundle  : 	at android.os.BaseBundle.getValueAt(BaseBundle.java:402)
07-29 20:59:18.984  2463  4596 W Bundle  : 	at android.os.BaseBundle.getPairValue(BaseBundle.java:282)
07-29 20:59:18.984  2463  4596 W Bundle  : 	at com.android.server.am.ContentProviderHelper.lambda$getMimeTypeFilterAsync$1(ContentProviderHelper.java:1212)
07-29 20:59:18.984  2463  4596 W Bundle  : 	at com.android.server.am.ContentProviderHelper.$r8$lambda$JV9jTPlBHAPZLxkKAqq24ds-FLE(Unknown Source:0)
07-29 20:59:18.984  2463  4596 W Bundle  : 	at com.android.server.am.ContentProviderHelper$$ExternalSyntheticLambda1.onResult(D8$$SyntheticClass:0)
07-29 20:59:18.984  2463  4596 W Bundle  : 	at android.os.RemoteCallback.sendResult(RemoteCallback.java:76)
07-29 20:59:18.984  2463  4596 W Bundle  : 	at android.os.RemoteCallback$1.sendResult(RemoteCallback.java:53)
07-29 20:59:18.984  2463  4596 W Bundle  : 	at android.os.IRemoteCallback$Stub.onTransact(IRemoteCallback.java:85)
07-29 20:59:18.984  2463  4596 W Bundle  : 	at android.os.Binder.execTransactInternal(Binder.java:1512)
07-29 20:59:18.984  2463  4596 W Bundle  : 	at android.os.Binder.execTransact(Binder.java:1451)
07-29 20:59:18.984 18854 18878 W ContentResolver: Failed to get type for: content://com.alibaba.aliexpress.android.search.nav.SearchSuggestionProvider/products (Unknown URL content://com.alibaba.aliexpress.android.search.nav.SearchSuggestionProvider/products)
07-29 20:59:18.985  2463  4205 I MiuiNetworkPolicy: updateUidState uid = 10303, uidState = 19
07-29 20:59:18.985  2463  4205 I MiuiNetworkPolicy: updateUidState uid = 10169, uidState = 19
07-29 20:59:18.985  7989  8369 I RuntimePermissionManager: isRuntimeRequestSupport: true
07-29 20:59:18.985  7989  8369 I InstalledPackagesMemoryCache: getInstallPermissionGranted=true
07-29 20:59:19.000  2463  2526 W EnhancedConfirmationService: The packageName should not be null.
07-29 20:59:19.001  2463  2526 W MagnificationConnectionManager: requestConnection duplicated request: connect=false, mConnectionState=DISCONNECTED
07-29 20:59:19.018  8974 26409 E PackageUtil: getPackageInfoAsUser failed com.bathandbody.bbw , 999
07-29 20:59:19.034  8974 26541 E PackageUtil: getPackageInfoAsUser failed com.bathandbody.bbw , 999
07-29 20:59:19.040  2463  4403 E HyperSentinel: -------------------------------------------------------
07-29 20:59:19.040  2463  4403 E HyperSentinel: Event_ThreadAmount
07-29 20:59:19.040  2463  4403 E HyperSentinel: -> audit event by proc 26224 "io.github.ylimit.droidbotapp": running threads amount, 0 -> 25
07-29 20:59:19.198  3117  3117 I adbd    : in ShellService: ps
07-29 20:59:19.444  2463  2530 I SmartPower: android.process.acore/10083(6721): idle->background(2106ms) R(broadcast start Intent { act=android.intent.action.PACKAGE_CHANGED dat=package: flg=0x45000010 (has extras) }) adj=905.
07-29 20:59:19.446  2463  2530 I SmartPower: com.mfashiongallery.emag/10262(8261): idle->background(2108ms) R(broadcast start Intent { act=android.intent.action.PACKAGE_CHANGED dat=package: flg=0x45000010 (has extras) }) adj=905.
07-29 20:59:19.446  7989  7989 I PackageInstallReceiver: action = android.intent.action.PACKAGE_CHANGED packageName = com.miui.cleanmaster
07-29 20:59:19.446  7989  7989 W InstalledPackagesMemoryCache: Unknown action: android.intent.action.PACKAGE_CHANGED
07-29 20:59:19.446  7989  7989 I ServiceDeliveryCapability: onAppChanged:com.miui.cleanmaster action:android.intent.action.PACKAGE_CHANGED
07-29 20:59:19.446  7989  7989 I AppWidgetDelegate: updateAppWidgets for com.miui.cleanmaster
07-29 20:59:19.446  7989  7989 I WidgetController: WidgetController.updateOrRemoveStackWhenPackageChanged: packageName com.miui.cleanmaster
07-29 20:59:19.446  7989  7989 I WidgetBackgroundBlurManager: onAppChanged appPackageName : com.miui.cleanmaster
07-29 20:59:19.447  7989  8777 I AppWidgetDelegate: removeAllWidgets com.xiaomi.misettings.usagestats.widget.desktop.widget.SimpleUsageStatsWidget
07-29 20:59:19.447  7989  8777 I AppWidgetDelegate: removeAllWidgets com.android.calendar.widget.NearEventAppWidget
07-29 20:59:19.448  2463  2530 I SmartPower: com.google.android.documentsui/10100(21132): idle->background(2098ms) R(broadcast start Intent { act=android.intent.action.PACKAGE_CHANGED dat=package: flg=0x45000010 (has extras) }) adj=905.
07-29 20:59:19.448  2463  2530 I SmartPower: com.milink.service:audio/10178(19382): idle->background(2097ms) R(broadcast start Intent { act=android.intent.action.PACKAGE_CHANGED dat=package: flg=0x45000010 (has extras) }) adj=200.
07-29 20:59:19.951  2463  4596 I ActivityManager: Broadcasting: Intent { act=android.intent.action.MEDIA_SCANNER_SCAN_FILE dat=file:///... flg=0x400000 }
07-29 20:59:19.952  2463  4596 I ActivityManager: Enqueued broadcast Intent { act=android.intent.action.MEDIA_SCANNER_SCAN_FILE dat=file:///... flg=0x400000 }: 0
07-29 20:59:19.953  2463  2530 I SmartPower: com.miui.gallery/10271(13242): idle->background(3873ms) R(broadcast start Intent { act=android.intent.action.MEDIA_SCANNER_SCAN_FILE dat=file:///... flg=0x1400010 }) adj=905.
07-29 20:59:19.956 13242 13242 W MiuiGallery2_BaseMediaScannerReceiver: [main] - Broadcast received, action: [android.intent.action.MEDIA_SCANNER_SCAN_FILE], data uri: [file:///sdcard/screen_2025-07-29_205919.png], CTA not allowed
07-29 20:59:19.957  2463  4205 I MiuiNetworkPolicy: updateUidState uid = 10271, uidState = 11
07-29 20:59:19.959  2463  4205 I MiuiNetworkPolicy: updateUidState uid = 10271, uidState = 19
07-29 20:59:19.960  7633  7633 I MediaProvider: receive action = android.intent.action.MEDIA_SCANNER_SCAN_FILE schemeSpecificPart = ///sdcard/screen_2025-07-29_205919.png
07-29 20:59:19.961  2463 14501 W JobInfo : Job 'com.android.providers.media.module/com.android.providers.media.MediaService#-300' has a deadline with no functional constraints. The deadline won't improve job execution latency. Consider removing the deadline.
07-29 20:59:19.963  1844  1844 I vendor.qti.hardware.servicetrackeraidl-service: bindService is called for service : com.android.providers.media.module/com.android.providers.media.MediaService and for client system
07-29 20:59:19.964  1844  1844 I vendor.qti.hardware.servicetrackeraidl-service: total connections for service : com.android.providers.media.module/com.android.providers.media.MediaServiceare :1
07-29 20:59:19.964  1844  1844 I vendor.qti.hardware.servicetrackeraidl-service: total connections for client : systemare :32
07-29 20:59:19.965  2463  4404 I whetstone.activity: processNotifyEvent1 resId = 256, bundle = Bundle[{startTime=19798284, sourcePkg=com.android.providers.media.module, sourceUid=10249, status=1, jobId=-300, batteryName=com.android.providers.media.module/com.android.providers.media.MediaService, elapsedRealtime=19798284}]
07-29 20:59:19.967  9339 12105 I EventMonitor: notifyEvent resId=256
07-29 20:59:19.968  7633  8793 I MediaProvider: Begin Intent { act=android.intent.action.MEDIA_SCANNER_SCAN_FILE dat=file:///... flg=0x1400010 cmp=com.android.providers.media.module/com.android.providers.media.MediaService }
07-29 20:59:19.973  2463  2506 I ActivityManager: Broadcast completed: result=0
07-29 20:59:19.977  7633  8793 I MediaProvider: End Intent { act=android.intent.action.MEDIA_SCANNER_SCAN_FILE dat=file:///... flg=0x1400010 cmp=com.android.providers.media.module/com.android.providers.media.MediaService }
07-29 20:59:19.978  2463  4404 I whetstone.activity: processNotifyEvent1 resId = 256, bundle = Bundle[{startTime=19798298, sourcePkg=com.android.providers.media.module, sourceUid=10249, status=0, jobId=-300, batteryName=com.android.providers.media.module/com.android.providers.media.MediaService, elapsedRealtime=19798298}]
07-29 20:59:19.979  9339 12105 I EventMonitor: notifyEvent resId=256
07-29 20:59:19.979  1844  1844 I vendor.qti.hardware.servicetrackeraidl-service: unbindService is called for service : com.android.providers.media.module/com.android.providers.media.MediaService and for client system
07-29 20:59:19.979  1844  1844 I vendor.qti.hardware.servicetrackeraidl-service: size of service connections for service: com.android.providers.media.module/com.android.providers.media.MediaServiceafter removal is 0
07-29 20:59:19.979  1844  1844 I vendor.qti.hardware.servicetrackeraidl-service: size of client connections for client: systemafter removal is 31
07-29 20:59:19.979  1844  1844 I vendor.qti.hardware.servicetrackeraidl-service: destroyService is called for service : com.android.providers.media.module/com.android.providers.media.MediaService
07-29 20:59:19.980  2463  5109 I NetworkBoostStatusManager: handle: 102
07-29 20:59:19.982  2463  5109 I NetworkBoostStatusManager: interfaceOnCapabilitiesChanged interface name:wlan0
07-29 20:59:19.986  8724  8724 I NetBusNetworkMonitor: onCapabilitiesChanged isPrimary = true
07-29 20:59:19.989  4916  5932 E PhoneAdapter: get ntnphones failed, exception: java.lang.IllegalStateException: Default phones haven't been made yet!
07-29 20:59:19.991  8724  8724 I NetBusNetworkMonitor: gateway=192.*.*.1
07-29 20:59:19.994  8724  8724 I NetBusNetworkMonitor: addConnectNetworkInterface mediumType:256, detail:NetworkDetailInfo{mIsConnected=false, mIsSupportTdls=true, mNetworkType=0, mIpAddress=192.*.*.11, mIfName=wlan0, mGateway=192.*.*.1, mNetmask=255.*.*.0, mSsid=C**01}
07-29 20:59:19.994  8724  8724 I NetBusNetworkMonitor: onCapabilitiesChanged handle=441492361229, mediumType=256, ifName=wlan0
07-29 20:59:20.032  2463  5177 I NetworkAccelerateSwitchService: EVENT_RSSI_POLL. mRssiPoll=true
07-29 20:59:20.033  2463  5177 I NetworkAccelerateSwitchService: getAverageWifiRssi:61
07-29 20:59:20.213  3117  3117 I adbd    : in ShellService: rm /sdcard/screen_2025-07-29_205919.png
07-29 20:59:20.250  7633 13399 I MediaProvider: Deleted paths_hashcode::1389444597/:1389444597/1442737324919.png items on external_primary due to com.android.shell tid=26554
07-29 20:59:20.348  3117  3117 I adbd    : in ShellService: ps
07-29 20:59:20.432  3117  3117 I adbd    : in ShellService: dumpsys display
07-29 20:59:20.459  2463  4596 W ContentProviderHelper: No provider info for content provider  when providerRunning is false, caller is ProcessRecord{15056c5 18854:com.android.quicksearchbox:ApplicationsProvider/u0a136}
07-29 20:59:20.459 18854 18878 E ActivityThread: Failed to find provider info for 
07-29 20:59:20.461  2463  4596 W ContentProviderHelper: No provider info for content provider  when providerRunning is false, caller is null
07-29 20:59:20.465  2463  4596 I ClipboardServiceI: checkProviderWakePathForClipboard: primaryClip is null
07-29 20:59:20.465  2463  4596 I SmartPower: com.miui.notes/10275(13074): idle->background(2086ms) R(content provider start ContentProviderRecord{c0729a2 u0 com.miui.notes/.provider.NotesProvider}) adj=905.
07-29 20:59:20.471  2463  4596 W ContentProviderHelper: Permission Denial: opening provider com.alibaba.aliexpress.android.search.nav.SearchSuggestionProvider from ProcessRecord{15056c5 18854:com.android.quicksearchbox:ApplicationsProvider/u0a136} (pid=18854, uid=10136) that is not exported from UID 10303
07-29 20:59:20.476  2463  5530 I ClipboardServiceI: checkProviderWakePathForClipboard: primaryClip is null
07-29 20:59:20.477  2463  5530 I SmartPower: com.alibaba.aliexpresshd/10303(5685): idle->background(2089ms) R(content provider start ContentProviderRecord{716322c u0 com.alibaba.aliexpresshd/com.alibaba.aliexpress.android.search.nav.SearchSuggestionProvider}) adj=0.
07-29 20:59:20.477  2463  4205 I MiuiNetworkPolicy: updateUidState uid = 10303, uidState = 6
07-29 20:59:20.478  2463  4205 I MiuiNetworkPolicy: updateUidState uid = 10169, uidState = 6
07-29 20:59:20.482  2463  4205 I MiuiNetworkPolicy: updateUidState uid = 10303, uidState = 19
07-29 20:59:20.482  2463  5530 W Bundle  : Failed to parse item error, returning null.
07-29 20:59:20.482  2463  5530 W Bundle  : android.os.BadTypeParcelableException: Parcelable creator android.os.ParcelableException is not a subclass of required class java.lang.String provided in the parameter
07-29 20:59:20.482  2463  5530 W Bundle  : 	at android.os.Parcel.readParcelableCreatorInternal(Parcel.java:5206)
07-29 20:59:20.482  2463  5530 W Bundle  : 	at android.os.Parcel.readParcelableInternal(Parcel.java:5080)
07-29 20:59:20.482  2463  5530 W Bundle  : 	at android.os.Parcel.readValue(Parcel.java:4840)
07-29 20:59:20.482  2463  5530 W Bundle  : 	at android.os.Parcel.readValue(Parcel.java:4609)
07-29 20:59:20.482  2463  5530 W Bundle  : 	at android.os.Parcel.-$$Nest$mreadValue(Unknown Source:0)
07-29 20:59:20.482  2463  5530 W Bundle  : 	at android.os.Parcel$LazyValue.apply(Parcel.java:4707)
07-29 20:59:20.482  2463  5530 W Bundle  : 	at android.os.Parcel$LazyValue.apply(Parcel.java:4666)
07-29 20:59:20.482  2463  5530 W Bundle  : 	at android.os.BaseBundle.unwrapLazyValueFromMapLocked(BaseBundle.java:416)
07-29 20:59:20.482  2463  5530 W Bundle  : 	at android.os.BaseBundle.getValueAt(BaseBundle.java:402)
07-29 20:59:20.482  2463  5530 W Bundle  : 	at android.os.BaseBundle.getPairValue(BaseBundle.java:282)
07-29 20:59:20.482  2463  5530 W Bundle  : 	at com.android.server.am.ContentProviderHelper.lambda$getMimeTypeFilterAsync$1(ContentProviderHelper.java:1212)
07-29 20:59:20.482  2463  5530 W Bundle  : 	at com.android.server.am.ContentProviderHelper.$r8$lambda$JV9jTPlBHAPZLxkKAqq24ds-FLE(Unknown Source:0)
07-29 20:59:20.482  2463  5530 W Bundle  : 	at com.android.server.am.ContentProviderHelper$$ExternalSyntheticLambda1.onResult(D8$$SyntheticClass:0)
07-29 20:59:20.482  2463  5530 W Bundle  : 	at android.os.RemoteCallback.sendResult(RemoteCallback.java:76)
07-29 20:59:20.482  2463  5530 W Bundle  : 	at android.os.RemoteCallback$1.sendResult(RemoteCallback.java:53)
07-29 20:59:20.482  2463  5530 W Bundle  : 	at android.os.IRemoteCallback$Stub.onTransact(IRemoteCallback.java:85)
07-29 20:59:20.482  2463  5530 W Bundle  : 	at android.os.Binder.execTransactInternal(Binder.java:1512)
07-29 20:59:20.482  2463  5530 W Bundle  : 	at android.os.Binder.execTransact(Binder.java:1451)
07-29 20:59:20.483  2463  4205 I MiuiNetworkPolicy: updateUidState uid = 10169, uidState = 19
07-29 20:59:20.483 18854 18878 W ContentResolver: Failed to get type for: content://com.alibaba.aliexpress.android.search.nav.SearchSuggestionProvider/products (Unknown URL content://com.alibaba.aliexpress.android.search.nav.SearchSuggestionProvider/products)
07-29 20:59:20.588  3117  3117 I adbd    : in ShellService: wm size
07-29 20:59:20.677  3117  3117 I adbd    : in ShellService: dumpsys input
07-29 20:59:20.767  3117  3117 I adbd    : in ShellService: getprop ro.sf.lcd_density
07-29 20:59:20.779  2463  4205 I MiuiNetworkPolicy: updateUidState uid = 10092, uidState = 15
07-29 20:59:20.796  2463  4205 I MiuiNetworkPolicy: bandwidth: 23 KB/s, Max bandwidth: 3636 KB/s
07-29 20:59:20.841  3117  3117 I adbd    : in ShellService: am force-stop com.bathandbody.bbw
07-29 20:59:20.891  2463  5530 I ActivityManager: Force stopping com.bathandbody.bbw appid=10362 user=0: from process:26577
07-29 20:59:20.895  2463  5530 E ClipboardServiceI: removeActivePermissionOwnerForPackage: mPrimaryClipPackage is null or get is null
07-29 20:59:20.896  2463  5530 I AppsFilter: interaction: PackageSetting{b79e61f com.android.microdroid.empty_payload/10236} -> PackageSetting{1fe9d6c com.bathandbody.bbw/10362} BLOCKED
07-29 20:59:20.896  2463  5530 I AppsFilter: interaction: PackageSetting{ae81f35 io.appium.uiautomator2.server.test/10280} -> PackageSetting{1fe9d6c com.bathandbody.bbw/10362} BLOCKED
07-29 20:59:20.896  2463  5530 I AppsFilter: interaction: PackageSetting{6559fca io.github.ylimit.droidbotapp/10361} -> PackageSetting{1fe9d6c com.bathandbody.bbw/10362} BLOCKED
07-29 20:59:20.896  2463  5530 I AppsFilter: interaction: PackageSetting{960c53b com.rongcard.eid/10151} -> PackageSetting{1fe9d6c com.bathandbody.bbw/10362} BLOCKED
07-29 20:59:20.896  2463  5530 I AppsFilter: interaction: PackageSetting{ee2458 io.appium.settings/10274} -> PackageSetting{1fe9d6c com.bathandbody.bbw/10362} BLOCKED
07-29 20:59:20.906  2463  4596 W ParceledListSlice: Element #8 is 20788 bytes.
07-29 20:59:20.907  2463  4596 W ParceledListSlice: Element #9 is 20768 bytes.
07-29 20:59:20.909  7773  7773 E RegisteredServicesCache: Skipping application component ComponentInfo{com.UCMobile/com.alibaba.ariver.commonability.device.jsapi.nfc.service.TinyAppHostApduService}: it must request the permission android.permission.NFC
07-29 20:59:20.909  7773  7773 E RegisteredServicesCache: Skipping application component ComponentInfo{com.UCMobile/com.alipay.mobile.aompdevice.nfc.service.TinyAppHostApduService}: it must request the permission android.permission.NFC
07-29 20:59:20.909  7773  7773 E RegisteredServicesCache: Skipping application component ComponentInfo{com.autonavi.minimap/com.alibaba.ariver.commonability.device.jsapi.nfc.service.TinyAppHostApduService}: it must request the permission android.permission.NFC
07-29 20:59:20.909  7773  7773 E RegisteredServicesCache: Skipping application component ComponentInfo{com.autonavi.minimap/com.alipay.mobile.aompdevice.nfc.service.TinyAppHostApduService}: it must request the permission android.permission.NFC
07-29 20:59:20.910  7773  7773 I RegisteredServicesCache: current user: 0, is managed profile : false
07-29 20:59:20.912  7773  7773 I RegisteredAidCache: updateRoutingLocked(false): Enter
07-29 20:59:20.912  7773  7773 I AidRoutingManager: configureRouting(false): Enter
07-29 20:59:20.912  7773  7773 E AidRoutingManager: Size of routing table970
07-29 20:59:20.912  7773  7773 I RegisteredAidCache: updateRoutingLocked(false): exit
07-29 20:59:20.913  7773  7773 I libnfc_nci: [INFO:NativeT4tNfcee.cpp(870)] nfcManager_isFwSupportNonStdT4TAid Enter isFwSupport = 1
07-29 20:59:20.913  7773  7773 I libnfc_nci: [INFO:SecureElement.cpp(1487)] SecureElement::getEseHandleFromGenericId: enter; ESE-ID = 0x7F
07-29 20:59:20.913  7773  7773 I libnfc_nci: [INFO:SecureElement.cpp(1528)] SecureElement::getEseHandleFromGenericId: enter; ESE-Handle = 0x410
07-29 20:59:20.913  7773  7773 I libnfc_nci: [INFO:SecureElement.cpp(1487)] SecureElement::getEseHandleFromGenericId: enter; ESE-ID = 0x00
07-29 20:59:20.913  7773  7773 I libnfc_nci: [INFO:SecureElement.cpp(1528)] SecureElement::getEseHandleFromGenericId: enter; ESE-Handle = 0x400
07-29 20:59:20.914  4897 29215 I SecureElement-Terminal-eSE1: isSecureElementPresent()
07-29 20:59:20.914  1746  1746 I android.hardware.secure_element-service.qti: isCardPresent
07-29 20:59:20.914  1746  1746 I android.hardware.secure_element-service.qti: isCardPresent exit, cardPresent: 1
07-29 20:59:20.915  4897 29215 I SecureElement-Terminal-SIM1: isSecureElementPresent()
07-29 20:59:20.916  4897 29215 I SecureElement-Terminal-SIM1: isNfcEventAllowed: No access rules for checking.
07-29 20:59:20.916  4897 29215 I SecureElement-Terminal-SIM2: isSecureElementPresent()
07-29 20:59:20.956  3117  3117 I adbd    : in ShellService: input keyevent HOME
07-29 20:59:21.002  2463 14501 W MIUIInput: Input event injection from package: null action ACTION_DOWN keycode 3
07-29 20:59:21.002  2463 14501 W MiuiInputKeyEventLog: keyCode:3 down:true eventTime:19799321 downTime:19799321 policyFlags:2b000000 flags:0 metaState:0 deviceId:-1 isScreenOn:true keyguardActive:false repeatCount:0
07-29 20:59:21.005  2463 14501 W MIUIInput: Input event injection from package: null action ACTION_UP keycode 3
07-29 20:59:21.005  2105  2105 E DisplayModeController: setDesiredMode : Idle status skip setActiveMode, isDdicIdleMode: 1
07-29 20:59:21.006  2463 14501 W MiuiInputKeyEventLog: keyCode:3 down:false eventTime:19799325 downTime:19799321 policyFlags:2b000000 flags:0 metaState:0 deviceId:-1 isScreenOn:true keyguardActive:false repeatCount:0
07-29 20:59:21.006  2463  2528 W ActivityManagerServiceImpl: Sending non-protected broadcast com.miui.fullscreen_state_change from system 2463:system/1000 pkg android. Callers=com.android.server.am.ActivityManagerService.checkBroadcastFromSystem:16255 com.android.server.am.ActivityManagerService.broadcastIntentLockedTraced:17126 com.android.server.am.ActivityManagerService.broadcastIntentLocked:16315 com.android.server.am.ActivityManagerService.broadcastIntentWithFeature:17337 android.app.ContextImpl.sendBroadcastAsUser:1495 
07-29 20:59:21.006  2463  4068 E MiuiInputKeyEventLog: before go to home
07-29 20:59:21.007  2463  2528 W ActivityManagerServiceImpl: Sending non-protected broadcast com.miui.launch_home_from_hotkey from system 2463:system/1000 pkg android. Callers=com.android.server.am.ActivityManagerService.checkBroadcastFromSystem:16255 com.android.server.am.ActivityManagerService.broadcastIntentLockedTraced:17126 com.android.server.am.ActivityManagerService.broadcastIntentLocked:16315 com.android.server.am.ActivityManagerService.broadcastIntentWithFeature:17337 android.app.ContextImpl.sendBroadcastAsUser:1536 
07-29 20:59:21.011  8013  8013 I VideoToolBoxService: onReceive: android.intent.action.CLOSE_SYSTEM_DIALOGS
07-29 20:59:21.012  8013  8013 I GameBoosterService: onReceive: android.intent.action.CLOSE_SYSTEM_DIALOGS
07-29 20:59:21.012  4979  4979 I ControlCenterExpandController: hide panel true true
07-29 20:59:21.012  1827  2399 I SDM     : HWCDisplay::SetActiveConfigWithConstraints: display:66-0, config: 3, WxH 1200x2670, fps 120
07-29 20:59:21.013  2463  4068 W ActivityTaskManager: callingPackage for (uid=-1, pid=0) has no WPC
07-29 20:59:21.013  1827  2399 W SDM     : HWDeviceDRM::GetSupportedBitClkRate: Requested rate not supported: 1150000000
07-29 20:59:21.013  1827  2399 I SDM     : HWDeviceDRM::UpdateMixerAttributes: Mixer WxH 1200x2670-1 for Peripheral
07-29 20:59:21.013  1827  2399 I SDM     : HWCDisplay::SubmitDisplayConfig: Active configuration changed from config 1 to 3
07-29 20:59:21.013  1827  2399 I SDM     : HWCDisplay::SubmitDisplayConfig: Active WxH 1200x2670 ,ddic_mode:auto, timing_fps: 120, sf_fps: 120
07-29 20:59:21.013  4979  4979 I VolumeShowHideAnimator: isRunning: false, mExpanded: false
07-29 20:59:21.014  4979  4979 I VolumeExpandCollapsedAnimator: isRunning: false, mExpanded: false
07-29 20:59:21.014  4979  4979 I VolumePanelViewController_true: dismissH mShowing:false, reason:volume_controller, isAnimating: false, needShowDialog=true, KeyAnimatingStream=-1
07-29 20:59:21.014  4979  4979 I VolumeShowHideAnimator: isRunning: false, mExpanded: false
07-29 20:59:21.014  4979  4979 I VolumeExpandCollapsedAnimator: isRunning: false, mExpanded: false
07-29 20:59:21.014  4979  4979 I VolumePanelViewController_false: dismissH mShowing:false, reason:volume_controller, isAnimating: false, needShowDialog=false, KeyAnimatingStream=-1
07-29 20:59:21.014  2463  4068 W OptProp : Cannot read opt property android.window.PROPERTY_COMPAT_ALLOW_ORIENTATION_OVERRIDE
07-29 20:59:21.014  1827  2752 I vendor.qti.hardware.display.composer-service: Sensor: notify citsensorservice to trigger cwb, misForced = 0
07-29 20:59:21.014  2463  4068 E ActivityTaskManager: Unable to get servicetracker HAL instance
07-29 20:59:21.014  2463  4068 E ActivityTaskManager: Unable to get servicetracker HAL instance
07-29 20:59:21.014  2463  4068 E WindowManager: setClientVisible ActivityRecord{d53fa78 u0 com.miui.home/.launcher.Launcher true
07-29 20:59:21.015  2463  4068 W OptProp : Cannot read opt property android.window.PROPERTY_COMPAT_ALLOW_RESIZEABLE_ACTIVITY_OVERRIDES
07-29 20:59:21.015  2463  4068 W OptProp : Cannot read opt property android.window.PROPERTY_COMPAT_ALLOW_MIN_ASPECT_RATIO_OVERRIDE
07-29 20:59:21.015  3002  4297 I libsensor-parseRGB: request dump start for mRequestDisplayId 0
07-29 20:59:21.016  2463  4068 I AnimInterruptController: FIS notify Foresee interrupt start:219
07-29 20:59:21.016  2463  4068 I ActivityTaskManager: isKeyguardEditor: false, newTransition: TransitionRecord{fea01b6 id=220 type=OPEN flags=0x0}
07-29 20:59:21.020  2463  4068 I ActivityTaskManager: START u0 {act=android.intent.action.MAIN cat=[android.intent.category.HOME] flg=0x10000100 cmp=com.miui.home/.launcher.Launcher (has extras)} with LAUNCH_SINGLE_TASK from uid 0 from pid 0 callingPackage null callers: com.android.server.wm.RootWindowContainer.lambda$startHomeOnDisplay$11:1607 com.android.server.wm.RootWindowContainer.$r8$lambda$DFaa7QLApF8rlf4uiy_4K0Hxf2Y:0 com.android.server.wm.RootWindowContainer$$ExternalSyntheticLambda50.apply:0 com.android.server.wm.TaskDisplayArea.reduceOnAllTaskDisplayAreas:526  (BAL_ALLOW_ALLOWLISTED_UID) result code=3
07-29 20:59:21.024  7989  7989 I LauncherOverlayCallback: handleMessage WHAT_ACTIVITY_STATE_CHANGED what1
07-29 20:59:21.024  4497  4497 I Launcher.widget: onInvisible 
07-29 20:59:21.024  7989  7989 I LauncherOverlayCallback: handleMessage WHAT_LAUNCHER_STATE what1
07-29 20:59:21.024  4497  4497 I Launcher.widget: onInvisible 
07-29 20:59:21.024  7989  7989 I AssistantOverlayWindow: lockToHideOverlay
07-29 20:59:21.024  4497  4497 I Launcher: onNewIntent
07-29 20:59:21.024  4497  4497 I ConnectAnimFinishCallbackManager: mNeedShowLauncher = true, waitFrameworkAnimCallback = false
07-29 20:59:21.025  4497  4497 E RotationHelper: setCurrentStateRequest: request=0
07-29 20:59:21.026  4979  5212 I SoScStageCoordinator: Transition requested:TransitionRequestInfo { type = OPEN, triggerTask = TaskInfo{userId=0 taskId=2 displayId=0 isRunning=true baseIntent=Intent { act=android.intent.action.MAIN cat=[android.intent.category.HOME] flg=0x10000100 cmp=com.miui.home/.launcher.Launcher } baseActivity=ComponentInfo{com.miui.home/com.miui.home.launcher.Launcher} topActivity=ComponentInfo{com.miui.home/com.miui.home.launcher.Launcher} origActivity=null realActivity=ComponentInfo{com.miui.home/com.miui.home.launcher.Launcher} numActivities=1 lastActiveTime=19727817 supportsSplitScreenMultiWindow=true supportsMultiWindow=true resizeMode=2 isResizeable=true minWidth=-1 minHeight=-1 defaultMinSize=200 token=WCT{android.window.IWindowContainerToken$Stub$Proxy@ea53496} topActivityType=2 pictureInPictureParams=null shouldDockBigOverlays=false launchIntoPipHostTaskId=-1 lastParentTaskIdBeforePip=-1 displayCutoutSafeInsets=null topActivityInfo=ActivityInfo{4614817 com.miui.home.launcher.Launcher} launchCookies=[] positionInParent=Point(0, 0) parentTaskId=-1 isFocused=true isVisible=true isVisibleRequested=true isSleeping=false locusId=null displayAreaFeatureId=1 isTopActivityTransparent=false appCompatTaskInfo=AppCompatTaskInfo { topActivityInSizeCompat=false topActivityInMiuiSizeCompat=false topActivityEligibleForLetterboxEducation= falseisLetterboxEducationEnabled= false isLetterboxDoubleTapEnabled= false topActivityEligibleForUserAspectRatioButton= false topActivityBoundsLetterboxed= false isFromLetterboxDoubleTap= false topActivityLetterboxVerticalPosition= -1 topActivityLetterboxHorizontalPosition= -1 topActivityLetterboxWidth=1200 topActivityLetterboxHeight=2670 isUserFullscreenOverrideEnabled=false isSystemFullscreenOverrideEnabled=false cameraCompatTaskInfo=CameraCompatTaskInfo { cameraCompatControlState=hidden freeformCameraCompatMode=inactive}} isImmersive=false mTopActivityRequestOrientation=1 mBehindAppLockPkg=null mOriginatingUid=0 isEmbedded=false shouldBeVisible=true isCreatedByOrganizer=false mIsCastMode=false mTopActivityMediaSize=null mTopActivityRecordName=ActivityRecord{43121b5 u0 com.miui.home/.launcher.Launcher t2} mTopActivityOrientation=1}, pipTask = null, remoteTransition = null, displayChange = null, flags = 0, debugId = 220 } isSoScActive:false triggerTask:TaskInfo{userId=0 taskId=2 displayId=0 isRunning=true baseIntent=Intent { act=android.intent.action.MAIN cat=[android.intent.category.HOME] flg=0x10000100 cmp=com.miui.home/.launcher.Launcher } baseActivity=ComponentInfo{com.miui.home/com.miui.home.launcher.Launcher} topActivity=ComponentInfo{com.miui.home/com.miui.home.launcher.Launcher} origActivity=null realActivity=ComponentInfo{com.miui.home/com.miui.home.launcher.Launcher} numActivities=1 lastActiveTime=19727817 supportsSplitScreenMultiWindow=true supportsMultiWindow=true resizeMode=2 isResizeable=true minWidth=-1 minHeight=-1 defaultMinSize=200 token=WCT{android.window.IWindowContainerToken$Stub$Proxy@ea53496} topActivityType=2 pictureInPictureParams=null shouldDockBigOverlays=false launchIntoPipHostTaskId=-1 lastParentTaskIdBeforePip=-1 displayCutoutSafeInsets=null topActivityInfo=ActivityInfo{4614817 com.miui.home.launcher.Launcher} launchCookies=[] positionInParent=Point(0, 0) parentTaskId=-1 isFocused=true isVisible=true isVisibleRequested=true isSleeping=false locusId=null displayAreaFeatureId=1 isTopActivityTransparent=false appCompatTaskInfo=AppCompatTaskInfo { topActivityInSizeCompat=false topActivityInMiuiSizeCompat=false topActivityEligibleForLetterboxEducation= falseisLetterboxEducationEnabled= false isLetterboxDoubleTapEnabled= false topActivityEligibleForUserAspectRatioButton= false topActivityBoundsLetterboxed= false isFromLetterboxDoubleTap= false topActivityLetterboxVerticalPosition= -1 topActivityLetterboxHorizontalPosition= -1 topActivityLetterboxWidth=1200 topActivityLetterboxHeight=2670 isUserFullscreenOverrideEnabled=false isSystemFullscreenOverrideEnabled=false cameraCompatTaskInfo=CameraCompatTaskInfo { cameraCompatControlState=hidden freeformCame
07-29 20:59:21.026  4497  4497 W Settings: Setting device_provisioned has moved from android.provider.Settings.Secure to android.provider.Settings.Global.
07-29 20:59:21.027  2463  4414 I DisplayModeDirectorImpl: setSmartDisplayUpRefreshRatePolicy [0.0,120.0]
07-29 20:59:21.028  4497  4497 E Launcher.application: setClickAppWaitForCallback = false
07-29 20:59:21.028  2105  2105 I RefreshRateSelector: Display 4630947082089526659 policy changed
07-29 20:59:21.028  2105  2105 I RefreshRateSelector: Previous: {defaultModeId=0, allowGroupSwitching=false, primaryRanges={physical=[0.00 Hz, 120.00 Hz], render=[0.00 Hz, 120.00 Hz]}, appRequestRanges={physical=[0.00 Hz, 120.00 Hz], render=[0.00 Hz, 120.00 Hz]} idleScreenConfig=nullptr}
07-29 20:59:21.028  2105  2105 I RefreshRateSelector: Current:  DisplayManagerPolicy{defaultModeId=0, allowGroupSwitching=false, primaryRanges={physical=[0.00 Hz, inf Hz], render=[0.00 Hz, 120.00 Hz]}, appRequestRanges={physical=[0.00 Hz, inf Hz], render=[0.00 Hz, 120.00 Hz]} idleScreenConfig=nullptr}
07-29 20:59:21.028  2105  2105 I RefreshRateSelector: 16 mode changes were performed under the previous policy
