--------- beginning of main
07-29 20:59:14.515  9900 26330 I Market-RetrofitRequest: callStart : https://updateinfo.market.xiaomi.com/apm/updateinfo/v2
07-29 20:59:14.516  9900 26330 I Market-RetrofitRequest: HeaderInterceptor : https://updateinfo.market.xiaomi.com/apm/updateinfo/v2
07-29 20:59:14.516  1827  2752 I vendor.qti.hardware.display.composer-service: Sensor: notify citsensorservice to trigger cwb, misForced = 1
07-29 20:59:14.516  3002  4297 I libsensor-parseRGB: request dump start for mRequestDisplayId 0
07-29 20:59:14.517  9900 26330 E Market-Client: isSupportChildMode, error: java.lang.NumberFormatException: For input string: ""
07-29 20:59:14.517  9900 26330 E Market-Client: isSupportChildMode, error: java.lang.NumberFormatException: For input string: ""
07-29 20:59:14.520  9900 26330 I Market-LimitSpeedManager: startLimitSpeedNow() ====== speed = 32768
07-29 20:59:14.524  9900 26330 I Market-DownloadLimitSpeedManager: startLimitSpeed success. Total count 1
07-29 20:59:14.525  9900 26330 I Market-RetrofitRequest: HeaderInterceptor : https://updateinfo.market.xiaomi.com/apm/updateinfo/v2
07-29 20:59:14.536  3002  3081 E libsensor-parseRGB: CWB NotifyCWBBufferDone  error 0
07-29 20:59:14.592  1827  2108 I SDM     : DisplayBase::CommitThread: Received idle timeout, panel: cmd, timeout: 70000 us
--------- beginning of system
07-29 20:59:14.621  2463  2463 W NotificationHistory: Attempted to add notif for locked/gone/disabled user 0
07-29 20:59:14.631  4979  4979 E NotifCollection: No notification to remove with key 0|com.xiaomi.market|152788914|null|10167 reason=0:REASON_UNKNOWN
07-29 20:59:14.632  3117  3117 I adbd    : in ShellService: export ANDROID_LOG_TAGS="''"; exec logcat '-v' 'threadtime' '*:I'
07-29 20:59:14.640  3117  3117 I adbd    : in ShellService: getevent -lt
07-29 20:59:14.644  3117  3117 I adbd    : in ShellService: ime enable io.github.ylimit.droidbotapp/.DroidBotIME
07-29 20:59:14.647  3117  3117 I adbd    : in ShellService: ps
07-29 20:59:14.653 18384 18411 I auth    : [XMS][Auth] updateAuthInfo in db true
07-29 20:59:14.655 18384 20858 I auth    : [XMS][Auth] updateAuthInfo in db true
07-29 20:59:14.657 18384 18411 I auth    : [XMS][Auth] updateAuthInfo in db true
07-29 20:59:14.657 18384 20858 I auth    : [XMS][Auth] updateAuthInfo in db true
07-29 20:59:14.658 18384 18411 I auth    : [XMS][Auth] updateAuthInfo in db true
07-29 20:59:14.659 18384 20858 I auth    : [XMS][Auth] updateAuthInfo in db true
07-29 20:59:14.661 18384 18411 I auth    : [XMS][Auth] updateAuthInfo in db true
07-29 20:59:14.662 18384 20858 I auth    : [XMS][Auth] updateAuthInfo in db true
07-29 20:59:14.664 18384 18411 I auth    : [XMS][Auth] updateAuthInfo in db true
07-29 20:59:14.665 18384 18411 I auth    : [XMS][Auth] updateAuthInfo in db true
07-29 20:59:14.685  9900 26330 I Market-DownloadLimitSpeedManager: stopLimitSpeed
07-29 20:59:14.685  9900 26330 I Market-LimitSpeedManager: stopLimitSpeedNow() =========== 
07-29 20:59:14.710  1839  7244 E ANDR-PERF-LM: SAGT_ACTION: UpdateFPSData() 138: update /sys/kernel/sched_penalty/parameters/fps to 35, ret is 0
07-29 20:59:14.710  1839  7244 E ANDR-PERF-LM: SAGT_ACTION: updateAutoPenatly() 161: recovery auto penatly gamefps 35.000000, measured fps is 35.500000, gap is -0.500000 
07-29 20:59:14.712  3117  3117 I adbd    : in ShellService: ime set io.github.ylimit.droidbotapp/.DroidBotIME
07-29 20:59:14.722  9900 26330 I Market-RetrofitRequest: callEnd : https://updateinfo.market.xiaomi.com/apm/updateinfo/v2
07-29 20:59:14.724  9900 26330 W Market-Connection: Connection result is cut off as too long
07-29 20:59:14.730  9900 26330 I Market-LocalAppManager: getUpdateInfoFromServer : end  , responseCode : OK
07-29 20:59:14.730  9900 26330 I Market-LocalAppManager: checkUpdateFromServer : end
07-29 20:59:14.732  9900 26330 I Market-LocalAppManager: checkUpdateFromServer  data parser : end
07-29 20:59:14.732  9900 26330 I Market-HuanjiManager: condition not satisfied, ignore
07-29 20:59:14.732  9900 26330 I Market-DataParser: [InvalidPackageList] JSON : invalidSystemPackageList list is null
07-29 20:59:14.732  9900 26330 I Market-LocalAppManager: checkUpdateFromServer  filter package : end
07-29 20:59:14.733  9900 26330 I Market-LocalAppManager: checkUpdateFromServer  support64BitPackagesJsonArray : end
07-29 20:59:14.733  9900 26330 I Market-LocalAppManager: query update apps from server : finish, 64 / 424 to update
07-29 20:59:14.742  9900 26330 I Market-RetrofitRequest: callStart : https://updateinfo.market.xiaomi.com/apm/updateinfo/priority
07-29 20:59:14.742  9900 26330 I Market-RetrofitRequest: HeaderInterceptor : https://updateinfo.market.xiaomi.com/apm/updateinfo/priority
07-29 20:59:14.743  9900 26330 E Market-Client: isSupportChildMode, error: java.lang.NumberFormatException: For input string: ""
07-29 20:59:14.743  9900 26330 E Market-Client: isSupportChildMode, error: java.lang.NumberFormatException: For input string: ""
07-29 20:59:14.745  9900 26330 I Market-LimitSpeedManager: startLimitSpeedNow() ====== speed = 32768
07-29 20:59:14.746 14622 14622 E BaseInputMethodService: onUnbindInput
07-29 20:59:14.746  2463  4069 I InputReader: Reconfiguring input devices, changes=KEYBOARD_LAYOUTS
07-29 20:59:14.747  4497  4497 I HandWritingStubImpl: refreshLastKeyboardType: 1
07-29 20:59:14.747  4497  4497 I HandWritingStubImpl: getCurrentKeyboardType: 1
07-29 20:59:14.747  2463  4108 W InputMethodManagerService: Clear show forced flag.
07-29 20:59:14.747  2463  4108 W SecurityInputMethodSwitcher: first check switch to security ime: false
07-29 20:59:14.748  2463  4108 W SecurityInputMethodSwitcher: double check switch to security ime: false
07-29 20:59:14.748  2463  4108 W SecurityInputMethodSwitcher: switch to other input method from security ime:false mayChangeToMiuiSecurityInputMethod: false current focus window: android.os.BinderProxy@e737978
07-29 20:59:14.749  4497  4497 I HandWritingStubImpl: refreshLastKeyboardType: 1
07-29 20:59:14.749  4497  4497 I HandWritingStubImpl: getCurrentKeyboardType: 1
07-29 20:59:14.750  9900 26330 I Market-DownloadLimitSpeedManager: startLimitSpeed success. Total count 1
07-29 20:59:14.750  1844  1844 I vendor.qti.hardware.servicetrackeraidl-service: unbindService is called for service : com.sohu.inputmethod.sogou.xiaomi/.SogouIME and for client system
07-29 20:59:14.750  1844  1844 I vendor.qti.hardware.servicetrackeraidl-service: size of service connections for service: com.sohu.inputmethod.sogou.xiaomi/.SogouIMEafter removal is 0
07-29 20:59:14.750  1844  1844 I vendor.qti.hardware.servicetrackeraidl-service: size of client connections for client: systemafter removal is 30
07-29 20:59:14.750  9900 26330 I Market-RetrofitRequest: HeaderInterceptor : https://updateinfo.market.xiaomi.com/apm/updateinfo/priority
07-29 20:59:14.750  1844  1844 I vendor.qti.hardware.servicetrackeraidl-service: destroyService is called for service : com.sohu.inputmethod.sogou.xiaomi/.SogouIME
07-29 20:59:14.750  2463  4108 W InputManager-JNI: Input channel object '334f3c3 InputMethod (client)' was disposed without first being removed with the input manager!
07-29 20:59:14.751  2463  4205 I MiuiNetworkPolicy: updateUidState uid = 10183, uidState = 10
07-29 20:59:14.754  1844  1844 I vendor.qti.hardware.servicetrackeraidl-service: bindService is called for service : io.github.ylimit.droidbotapp/.DroidBotIME and for client system
07-29 20:59:14.754  1844  1844 I vendor.qti.hardware.servicetrackeraidl-service: total connections for service : io.github.ylimit.droidbotapp/.DroidBotIMEare :1
07-29 20:59:14.754  1844  1844 I vendor.qti.hardware.servicetrackeraidl-service: total connections for client : systemare :31
07-29 20:59:14.755  2105  2105 E DisplayModeController: setDesiredMode : Idle status skip setActiveMode, isDdicIdleMode: 1
07-29 20:59:14.756 14622 14622 E BaseInputMethodService: onDestroy
07-29 20:59:14.757 14622 14622 W WindowOnBackDispatcher: sendCancelIfRunning: isInProgress=false callback=android.view.ViewRootImpl$$ExternalSyntheticLambda12@2463104
07-29 20:59:14.757  2463  5530 W WindowManager: Failed looking up window session=Session{417d331 14622:u0a10183} callers=com.android.server.wm.WindowManagerService.windowForClientLocked:7019 com.android.server.wm.Session.setOnBackInvokedCallbackInfo:1092 android.view.IWindowSession$Stub.onTransact:1281 
07-29 20:59:14.757  2463  5530 I WindowManager: setOnBackInvokedCallback(): No window state for package:com.sohu.inputmethod.sogou.xiaomi
07-29 20:59:14.758  2463  4108 W InputMethodManagerService: Clear show forced flag.
07-29 20:59:14.758  2463  5535 W WindowManager: Cannot find window which accessibility connection is added to
07-29 20:59:14.758  2463  4108 W SecurityInputMethodSwitcher: first check switch to security ime: false
07-29 20:59:14.758  2463  4108 W SecurityInputMethodSwitcher: double check switch to security ime: false
07-29 20:59:14.758  2463  4108 W SecurityInputMethodSwitcher: switch to other input method from security ime:false mayChangeToMiuiSecurityInputMethod: false current focus window: android.os.BinderProxy@e737978
07-29 20:59:14.759  9339  9616 I IMECheckManager: getSelectedInputMethod, ime is io.github.ylimit.droidbotapp/.DroidBotIME
07-29 20:59:14.759  9339  9616 I IMECheckManager: InputMethodObserver, userId is 0, ime = io.github.ylimit.droidbotapp/.DroidBotIME
07-29 20:59:14.761  9339  9616 I IMECheckManager: getSelectedInputMethod, ime is io.github.ylimit.droidbotapp/.DroidBotIME
07-29 20:59:14.761  8013  8347 I k1      : input method change: 
07-29 20:59:14.761  2463  5541 W WindowManager: Failed looking up window session=Session{417d331 14622:u0a10183} callers=com.android.server.wm.WindowManagerService.removeClientToken:2442 com.android.server.wm.Session.remove:290 android.view.IWindowSession$Stub.onTransact:741 
07-29 20:59:14.761  9339  9616 I IMECheckManager: updateCurrentIME, userId is 0, ime is io.github.ylimit.droidbotapp/.DroidBotIME, pkg is io.github.ylimit.droidbotapp, uid is 10361
07-29 20:59:14.761  9339  9616 I ActiveStateController: Ime outdated, uid is 10183
07-29 20:59:14.761  9339  9638 I PowerKeeperConfigureManager: userId is 0, Ime outdated, uid is 10183
07-29 20:59:14.762  1827  2399 I SDM     : HWCDisplay::SetActiveConfigWithConstraints: display:66-0, config: 3, WxH 1200x2670, fps 120
07-29 20:59:14.763  1827  2399 W SDM     : HWDeviceDRM::GetSupportedBitClkRate: Requested rate not supported: 1150000000
07-29 20:59:14.763  1827  2399 I SDM     : HWDeviceDRM::UpdateMixerAttributes: Mixer WxH 1200x2670-1 for Peripheral
07-29 20:59:14.763  1827  2399 I SDM     : HWCDisplay::SubmitDisplayConfig: Active configuration changed from config 1 to 3
07-29 20:59:14.763  1827  2399 I SDM     : HWCDisplay::SubmitDisplayConfig: Active WxH 1200x2670 ,ddic_mode:auto, timing_fps: 120, sf_fps: 120
07-29 20:59:14.764 14622 14622 I IMEBottomManager: disableQuickMoveCursor
07-29 20:59:14.765  1827  2752 I vendor.qti.hardware.display.composer-service: Sensor: notify citsensorservice to trigger cwb, misForced = 0
07-29 20:59:14.765  3002  4297 I libsensor-parseRGB: request dump start for mRequestDisplayId 0
07-29 20:59:14.766  2463  5535 I ClipboardServiceI: checkProviderWakePathForClipboard: primaryClip is null
07-29 20:59:14.767  2463  5535 I SmartPower: com.miui.phrase/10162(27285): idle->background(140191ms) R(content provider start ContentProviderRecord{e3754c6 u0 com.miui.phrase/com.miui.provider.InputProvider}) adj=0.
07-29 20:59:14.767  9339  9616 I ActiveStateController: Ime update, uid is 10361
07-29 20:59:14.768  2463  5535 I ClipboardServiceI: checkProviderWakePathForClipboard: primaryClip is null
07-29 20:59:14.770  9339  9638 I PowerKeeperConfigureManager: userId is 0, Ime update, uid is 10361
07-29 20:59:14.771  4505  7055 I htmlviewercloudcontrol: isStagingEnv:false param =  InputMethod  uriMatch = 2, cluster: cn, version: 553104, traceId: aa4a7f1732c179f033e45bb6df6285c3, regId: +4z3RS85+e2U9l+sd6caQ/srGmJCsEbKpG1twyPn1K0CrNNyxYT/yAgGVxm5X+yC
07-29 20:59:14.776  2463  4205 I MiuiNetworkPolicy: updateUidState uid = 10162, uidState = 10
07-29 20:59:14.780  2463  6119 E InputMethodManagerService: Ignoring com.android.server.inputmethod.InputMethodManagerService.updateStatusIcon:2768 due to an invalid token. uid:10183 token:android.os.Binder@e5ff702
07-29 20:59:14.782 14622 14622 W WindowTokenClientController: Can't find attached WindowTokenClient for android.window.WindowTokenClient@ee8880e
07-29 20:59:14.783  2463  4205 I MiuiNetworkPolicy: updateUidState uid = 10183, uidState = 16
07-29 20:59:14.783  2463  4205 I MiuiNetworkPolicy: updateUidState uid = 10162, uidState = 19
07-29 20:59:14.788 26224 26387 W ziparchive: Unable to open '/system/framework/QXPerformance.dm': No such file or directory
07-29 20:59:14.788 26224 26387 W ziparchive: Unable to open '/system/framework/QXPerformance.dm': No such file or directory
07-29 20:59:14.788  3117  3117 I adbd    : in ShellService: getprop ro.build.version.release
07-29 20:59:14.789  2463 14501 I AppsFilter: interaction: PackageSetting{4aeac01 io.github.ylimit.droidbotapp/10361} -> PackageSetting{f2361d3 com.miui.screenrecorder/10273} BLOCKED
07-29 20:59:14.789  2463 14501 I AppsFilter: interaction: PackageSetting{4aeac01 io.github.ylimit.droidbotapp/10361} -> PackageSetting{6112110 com.android.cts.priv.ctsshim/10252} BLOCKED
07-29 20:59:14.789  2463 14501 I AppsFilter: interaction: PackageSetting{4aeac01 io.github.ylimit.droidbotapp/10361} -> PackageSetting{fbe2409 com.quark.browser/10328} BLOCKED
07-29 20:59:14.789  2463 14501 I AppsFilter: interaction: PackageSetting{4aeac01 io.github.ylimit.droidbotapp/10361} -> PackageSetting{ae6460e com.android.uwb.resources/10242} BLOCKED
07-29 20:59:14.789  2463 14501 I AppsFilter: interaction: PackageSetting{4aeac01 io.github.ylimit.droidbotapp/10361} -> PackageSetting{9adfe9 com.android.internal.display.cutout.emulation.corner/10008} BLOCKED
07-29 20:59:14.789  2463 14501 I AppsFilter: interaction: PackageSetting{4aeac01 io.github.ylimit.droidbotapp/10361} -> PackageSetting{960846e com.android.internal.display.cutout.emulation.double/10013} BLOCKED
07-29 20:59:14.789  2463 14501 I AppsFilter: interaction: PackageSetting{4aeac01 io.github.ylimit.droidbotapp/10361} -> PackageSetting{d14151f io.appium.settings/10274} BLOCKED
07-29 20:59:14.789  2463 14501 I AppsFilter: interaction: PackageSetting{4aeac01 io.github.ylimit.droidbotapp/10361} -> PackageSetting{a38482f com.unionpay.tsmservice.mi/10185} BLOCKED
07-29 20:59:14.789  2463 14501 I AppsFilter: interaction: PackageSetting{4aeac01 io.github.ylimit.droidbotapp/10361} -> PackageSetting{34f3e3c com.android.healthconnect.controller/10245} BLOCKED
07-29 20:59:14.789  2463 14501 I AppsFilter: interaction: PackageSetting{4aeac01 io.github.ylimit.droidbotapp/10361} -> PackageSetting{c1bf7c5 com.wuba.zhuanzhuan/10260} BLOCKED
07-29 20:59:14.789  2463 14501 I AppsFilter: interaction: PackageSetting{4aeac01 io.github.ylimit.droidbotapp/10361} -> PackageSetting{4c4b51a com.alibaba.aliexpresshd/10303} BLOCKED
07-29 20:59:14.789  2463 14501 I AppsFilter: interaction: PackageSetting{4aeac01 io.github.ylimit.droidbotapp/10361} -> PackageSetting{30b384b com.google.android.onetimeinitializer/10123} BLOCKED
07-29 20:59:14.789  2463 14501 I AppsFilter: interaction: PackageSetting{4aeac01 io.github.ylimit.droidbotapp/10361} -> PackageSetting{bf00228 com.android.health.connect.backuprestore/10246} BLOCKED
07-29 20:59:14.789  2463 14501 I AppsFilter: interaction: PackageSetting{4aeac01 io.github.ylimit.droidbotapp/10361} -> PackageSetting{8c94b41 com.google.android.ext.shared/10150} BLOCKED
07-29 20:59:14.789  2463 14501 I AppsFilter: interaction: PackageSetting{4aeac01 io.github.ylimit.droidbotapp/10361} -> PackageSetting{7e908e6 com.android.virtualmachine.res/10237} BLOCKED
07-29 20:59:14.789  2463 14501 I AppsFilter: interaction: PackageSetting{4aeac01 io.github.ylimit.droidbotapp/10361} -> PackageSetting{66fd907 com.android.providers.telephony.auto_generated_characteristics_rro/10072} BLOCKED
07-29 20:59:14.789  2463 14501 I AppsFilter: interaction: PackageSetting{4aeac01 io.github.ylimit.droidbotapp/10361} -> PackageSetting{6d30e27 com.xiaomi.gamecenter.sdk.service/10140} BLOCKED
07-29 20:59:14.789  2463 14501 I AppsFilter: interaction: PackageSetting{4aeac01 io.github.ylimit.droidbotapp/10361} -> PackageSetting{f5718d4 com.android.htmlviewer/10092} BLOCKED
07-29 20:59:14.789  2463 14501 I AppsFilter: interaction: PackageSetting{4aeac01 io.github.ylimit.droidbotapp/10361} -> PackageSetting{99e5a7d com.miui.gallery/10271} BLOCKED
07-29 20:59:14.789  2463 14501 I AppsFilter: interaction: PackageSetting{4aeac01 io.github.ylimit.droidbotapp/10361} -> PackageSetting{1accd72 com.quicinc.voice.activation/10214} BLOCKED
07-29 20:59:14.789  2463 14501 I AppsFilter: interaction: PackageSetting{4aeac01 io.github.ylimit.droidbotapp/10361} -> PackageSetting{55865c3 com.google.android.configupdater/10122} BLOCKED
07-29 20:59:14.789  2463 14501 I AppsFilter: interaction: PackageSetting{4aeac01 io.github.ylimit.droidbotapp/10361} -> PackageSetting{d76ee40 com.android.soundrecorder/10276} BLOCKED
07-29 20:59:14.789  2463 14501 I AppsFilter: interaction: PackageSetting{4aeac01 io.github.ylimit.droidbotapp/10361} -> PackageSetting{dbb2179 com.suxing.sustream/10338} BLOCKED
07-29 20:59:14.789  2463 14501 I AppsFilter: interaction: PackageSetting{4aeac01 io.github.ylimit.droidbotapp/10361} -> PackageSetting{9764ebe io.appium.uiautomator2.server/10283} BLOCKED
07-29 20:59:14.789  2463 14501 I AppsFilter: interaction: PackageSetting{4aeac01 io.github.ylimit.droidbotapp/10361} -> PackageSetting{8519b1f com.android.safetycenter.resources/10240} BLOCKED
07-29 20:59:14.789  2463 14501 I AppsFilter: interaction: PackageSetting{4aeac01 io.github.ylimit.droidbotapp/10361} -> PackageSetting{fcae6c org.secuso.privacyfriendlytodolist/10270} BLOCKED
07-29 20:59:14.789  2463 14501 I AppsFilter: interaction: PackageSetting{4aeac01 io.github.ylimit.droidbotapp/10361} -> PackageSetting{4c498ca com.android.providers.downloads.ui/10261} BLOCKED
07-29 20:59:14.789  2463 14501 I AppsFilter: interaction: PackageSetting{4aeac01 io.github.ylimit.droidbotapp/10361} -> PackageSetting{47eca3b com.android.simappdialog/10113} BLOCKED
07-29 20:59:14.789  2463 14501 I AppsFilter: interaction: PackageSetting{4aeac01 io.github.ylimit.droidbotapp/10361} -> PackageSetting{3c4558 com.xingin.xhs/10286} BLOCKED
07-29 20:59:14.789  2463 14501 I AppsFilter: interaction: PackageSetting{4aeac01 io.github.ylimit.droidbotapp/10361} -> PackageSetting{da86b1 com.android.connectivity.resources/10244} BLOCKED
07-29 20:59:14.789  2463 14501 I AppsFilter: interaction: PackageSetting{4aeac01 io.github.ylimit.droidbotapp/10361} -> PackageSetting{ffb7796 com.cnn.mobile.android.phone/10316} BLOCKED
07-29 20:59:14.789  2463 14501 I AppsFilter: interaction: PackageSetting{4aeac01 io.github.ylimit.droidbotapp/10361} -> PackageSetting{3db11f7 com.android.internal.display.cutout.emulation.hole/10010} BLOCKED
07-29 20:59:14.790  2463 14501 I AppsFilter: interaction: PackageSetting{4aeac01 io.github.ylimit.droidbotapp/10361} -> PackageSetting{fca1864 com.android.internal.display.cutout.emulation.tall/10011} BLOCKED
07-29 20:59:14.790  2463 14501 I AppsFilter: interaction: PackageSetting{4aeac01 io.github.ylimit.droidbotapp/10361} -> PackageSetting{85cf17 com.android.modulemetadata/10174} BLOCKED
07-29 20:59:14.790  2463 14501 I AppsFilter: interaction: PackageSetting{4aeac01 io.github.ylimit.droidbotapp/10361} -> PackageSetting{7b43f82 com.android.internal.systemui.navbar.threebutton/10051} BLOCKED
07-29 20:59:14.790  2463 14501 I AppsFilter: interaction: PackageSetting{4aeac01 io.github.ylimit.droidbotapp/10361} -> PackageSetting{dc5f04 com.android.wifi.dialog/10211} BLOCKED
07-29 20:59:14.790  2463 14501 I AppsFilter: interaction: PackageSetting{4aeac01 io.github.ylimit.droidbotapp/10361} -> PackageSetting{3dfdced com.tencent.android.qqdownloader/10324} BLOCKED
07-29 20:59:14.790  2463 14501 I AppsFilter: interaction: PackageSetting{4aeac01 io.github.ylimit.droidbotapp/10361} -> PackageSetting{7ef7722 com.android.contacts/10132} BLOCKED
07-29 20:59:14.790  2463 14501 I AppsFilter: interaction: PackageSetting{4aeac01 io.github.ylimit.droidbotapp/10361} -> PackageSetting{d8e45b3 cn.amazon.mShop.android/10301} BLOCKED
07-29 20:59:14.790  2463 14501 I AppsFilter: interaction: PackageSetting{4aeac01 io.github.ylimit.droidbotapp/10361} -> PackageSetting{a426770 com.miui.securitymanager/10272} BLOCKED
07-29 20:59:14.790  2463 14501 I AppsFilter: interaction: PackageSetting{4aeac01 io.github.ylimit.droidbotapp/10361} -> PackageSetting{a6a5ae9 com.baidu.searchbox/10340} BLOCKED
07-29 20:59:14.790  2463 14501 I AppsFilter: interaction: PackageSetting{4aeac01 io.github.ylimit.droidbotapp/10361} -> PackageSetting{31e36e com.android.mms/10141} BLOCKED
07-29 20:59:14.790  2463 14501 I AppsFilter: interaction: PackageSetting{4aeac01 io.github.ylimit.droidbotapp/10361} -> PackageSetting{d9d8a0f com.jijia.bqwnl/10327} BLOCKED
07-29 20:59:14.790  2463 14501 I AppsFilter: interaction: PackageSetting{4aeac01 io.github.ylimit.droidbotapp/10361} -> PackageSetting{2be8a9c com.yahoo.mobile.client.android.mail/10341} BLOCKED
07-29 20:59:14.790  2463 14501 I AppsFilter: interaction: PackageSetting{4aeac01 io.github.ylimit.droidbotapp/10361} -> PackageSetting{a04bca5 com.mfashiongallery.emag/10262} BLOCKED
07-29 20:59:14.790  2463 14501 I AppsFilter: interaction: PackageSetting{4aeac01 io.github.ylimit.droidbotapp/10361} -> PackageSetting{21cc87a com.instagram.android/10289} BLOCKED
07-29 20:59:14.790  2463 14501 I AppsFilter: interaction: PackageSetting{4aeac01 io.github.ylimit.droidbotapp/10361} -> PackageSetting{3b2b82b com.google.android.gm/10290} BLOCKED
07-29 20:59:14.790  2463 14501 I AppsFilter: interaction: PackageSetting{4aeac01 io.github.ylimit.droidbotapp/10361} -> PackageSetting{377b488 com.android.compos.payload/10243} BLOCKED
07-29 20:59:14.790  2463 14501 I AppsFilter: interaction: PackageSetting{4aeac01 io.github.ylimit.droidbotapp/10361} -> PackageSetting{c297e21 com.microsoft.emmx/10311} BLOCKED
07-29 20:59:14.790  2463 14501 I AppsFilter: interaction: PackageSetting{4aeac01 io.github.ylimit.droidbotapp/10361} -> PackageSetting{9ef246 com.android.settings.intelligence/10142} BLOCKED
07-29 20:59:14.790  2463 14501 I AppsFilter: interaction: PackageSetting{4aeac01 io.github.ylimit.droidbotapp/10361} -> PackageSetting{9a2ac07 com.android.calendar/10265} BLOCKED
07-29 20:59:14.790  2463 14501 I AppsFilter: interaction: PackageSetting{4aeac01 io.github.ylimit.droidbotapp/10361} -> PackageSetting{f179134 com.miui.virtualsim/10277} BLOCKED
07-29 20:59:14.790  2463 14501 I AppsFilter: interaction: PackageSetting{4aeac01 io.github.ylimit.droidbotapp/10361} -> PackageSetting{d7edb5d com.microsoft.office.outlook/10323} BLOCKED
07-29 20:59:14.790  2463 14501 I AppsFilter: interaction: PackageSetting{4aeac01 io.github.ylimit.droidbotapp/10361} -> PackageSetting{cc7ecd2 com.miui.compass/10267} BLOCKED
07-29 20:59:14.790  2463 14501 I AppsFilter: interaction: PackageSetting{4aeac01 io.github.ylimit.droidbotapp/10361} -> PackageSetting{7b401a3 com.android.printspooler/10224} BLOCKED
07-29 20:59:14.790  2463 14501 I AppsFilter: interaction: PackageSetting{4aeac01 io.github.ylimit.droidbotapp/10361} -> PackageSetting{7368ca0 com.android.dreams.basic/10103} BLOCKED
07-29 20:59:14.790  2463 14501 I AppsFilter: interaction: PackageSetting{4aeac01 io.github.ylimit.droidbotapp/10361} -> PackageSetting{4d2d059 com.android.incallui/10126} BLOCKED
07-29 20:59:14.790  2463 14501 I AppsFilter: interaction: PackageSetting{4aeac01 io.github.ylimit.droidbotapp/10361} -> PackageSetting{714041e com.musicworx/10320} BLOCKED
07-29 20:59:14.790  2463 14501 I AppsFilter: interaction: PackageSetting{4aeac01 io.github.ylimit.droidbotapp/10361} -> PackageSetting{9fb14ff com.android.rkpdapp/10254} BLOCKED
07-29 20:59:14.790  2463 14501 I AppsFilter: interaction: PackageSetting{4aeac01 io.github.ylimit.droidbotapp/10361} -> PackageSetting{46ec6fb com.newcall.overlay.miui/10041} BLOCKED
07-29 20:59:14.790  2463 14501 I AppsFilter: interaction: PackageSetting{4aeac01 io.github.ylimit.droidbotapp/10361} -> PackageSetting{c87d2cc todolist.scheduleplanner.dailyplanner.todo.reminders/10299} BLOCKED
07-29 20:59:14.790  2463  4205 I MiuiNetworkPolicy: bandwidth: 0 KB/s, Max bandwidth: 3636 KB/s
07-29 20:59:14.791  2463 14501 I AppsFilter: interaction: PackageSetting{4aeac01 io.github.ylimit.droidbotapp/10361} -> PackageSetting{9d4b171 android.auto_generated_characteristics_rro/10068} BLOCKED
07-29 20:59:14.791  2463 14501 I AppsFilter: interaction: PackageSetting{4aeac01 io.github.ylimit.droidbotapp/10361} -> PackageSetting{dd71915 com.android.musicfx/10094} BLOCKED
07-29 20:59:14.791  2463 14501 I AppsFilter: interaction: PackageSetting{4aeac01 io.github.ylimit.droidbotapp/10361} -> PackageSetting{978442a com.todoist/10298} BLOCKED
07-29 20:59:14.791  2463 14501 I AppsFilter: interaction: PackageSetting{4aeac01 io.github.ylimit.droidbotapp/10361} -> PackageSetting{f76021b com.google.android.webview/10188} BLOCKED
07-29 20:59:14.791  2463 14501 I AppsFilter: interaction: PackageSetting{4aeac01 io.github.ylimit.droidbotapp/10361} -> PackageSetting{5c54fb8 com.zhuantech.sijiweather/10337} BLOCKED
07-29 20:59:14.791  2463 14501 I AppsFilter: interaction: PackageSetting{4aeac01 io.github.ylimit.droidbotapp/10361} -> PackageSetting{39d3191 com.ss.android.article.news/10325} BLOCKED
07-29 20:59:14.791  2463 14501 I AppsFilter: interaction: PackageSetting{4aeac01 io.github.ylimit.droidbotapp/10361} -> PackageSetting{a691a73 com.android.phone.auto_generated_characteristics_rro/10060} BLOCKED
07-29 20:59:14.791  2463 14501 I AppsFilter: interaction: PackageSetting{4aeac01 io.github.ylimit.droidbotapp/10361} -> PackageSetting{62e78f6 com.android.chrome/10282} BLOCKED
07-29 20:59:14.791  2463 14501 I AppsFilter: interaction: PackageSetting{4aeac01 io.github.ylimit.droidbotapp/10361} -> PackageSetting{ee8a4f7 com.UCMobile/10332} BLOCKED
07-29 20:59:14.791  2463 14501 I AppsFilter: interaction: PackageSetting{4aeac01 io.github.ylimit.droidbotapp/10361} -> PackageSetting{95baf64 com.ss.android.ugc.aweme/10322} BLOCKED
07-29 20:59:14.791  2463 14501 I AppsFilter: interaction: PackageSetting{4aeac01 io.github.ylimit.droidbotapp/10361} -> PackageSetting{6d255cd com.android.wifi.resources/10258} BLOCKED
07-29 20:59:14.791  2463 14501 I AppsFilter: interaction: PackageSetting{4aeac01 io.github.ylimit.droidbotapp/10361} -> PackageSetting{7412e82 com.skysoft.kkbox.android/10285} BLOCKED
07-29 20:59:14.791  2463 14501 I AppsFilter: interaction: PackageSetting{4aeac01 io.github.ylimit.droidbotapp/10361} -> PackageSetting{d789993 com.getsurfboard/10279} BLOCKED
07-29 20:59:14.791  2463 14501 I AppsFilter: interaction: PackageSetting{4aeac01 io.github.ylimit.droidbotapp/10361} -> PackageSetting{5d65dd0 com.netease.newsreader.activity/10313} BLOCKED
07-29 20:59:14.791  2463 14501 I AppsFilter: interaction: PackageSetting{4aeac01 io.github.ylimit.droidbotapp/10361} -> PackageSetting{4fb64eb com.android.theme.font.notoserifsource/10017} BLOCKED
07-29 20:59:14.791  2463 14501 I AppsFilter: interaction: PackageSetting{4aeac01 io.github.ylimit.droidbotapp/10361} -> PackageSetting{bbb81c9 com.kuaishou.nebula/10329} BLOCKED
07-29 20:59:14.791  2463 14501 I AppsFilter: interaction: PackageSetting{4aeac01 io.github.ylimit.droidbotapp/10361} -> PackageSetting{c63d8e1 com.android.internal.display.cutout.emulation.waterfall/10012} BLOCKED
07-29 20:59:14.791  2463 14501 I AppsFilter: interaction: PackageSetting{4aeac01 io.github.ylimit.droidbotapp/10361} -> PackageSetting{19e1606 com.android.internal.systemui.navbar.transparent/10063} BLOCKED
07-29 20:59:14.791  2463 14501 I AppsFilter: interaction: PackageSetting{4aeac01 io.github.ylimit.droidbotapp/10361} -> PackageSetting{ad7b0ce com.miui.newhome/10296} BLOCKED
07-29 20:59:14.791  2463 14501 I AppsFilter: interaction: PackageSetting{4aeac01 io.github.ylimit.droidbotapp/10361} -> PackageSetting{3093bef com.miui.video/10294} BLOCKED
07-29 20:59:14.791  2463 14501 I AppsFilter: interaction: PackageSetting{4aeac01 io.github.ylimit.droidbotapp/10361} -> PackageSetting{50b86fc com.google.android.printservice.recommendation/10153} BLOCKED
07-29 20:59:14.791  2463 14501 I AppsFilter: interaction: PackageSetting{4aeac01 io.github.ylimit.droidbotapp/10361} -> PackageSetting{bf17185 com.baidu.searchbox.lite/10334} BLOCKED
07-29 20:59:14.791  2463 14501 I AppsFilter: interaction: PackageSetting{4aeac01 io.github.ylimit.droidbotapp/10361} -> PackageSetting{8420bda com.spotify.music/10317} BLOCKED
07-29 20:59:14.791  2463 14501 I AppsFilter: interaction: PackageSetting{4aeac01 io.github.ylimit.droidbotapp/10361} -> PackageSetting{857a80b com.google.android.documentsui/10100} BLOCKED
07-29 20:59:14.791  2463 14501 I AppsFilter: interaction: PackageSetting{4aeac01 io.github.ylimit.droidbotapp/10361} -> PackageSetting{60816e8 com.google.android.accessibility.switchaccess/10184} BLOCKED
07-29 20:59:14.791  2463 14501 I AppsFilter: interaction: PackageSetting{4aeac01 io.github.ylimit.droidbotapp/10361} -> PackageSetting{7dca101 com.sohu.inputmethod.sogou.xiaomi/10183} BLOCKED
07-29 20:59:14.791  2463 14501 I AppsFilter: interaction: PackageSetting{4aeac01 io.github.ylimit.droidbotapp/10361} -> PackageSetting{9c50ba6 cn.ninegame.gamemanager/10330} BLOCKED
07-29 20:59:14.791  2463 14501 I AppsFilter: interaction: PackageSetting{4aeac01 io.github.ylimit.droidbotapp/10361} -> PackageSetting{f968b79 io.appium.uiautomator2.server.test/10280} BLOCKED
07-29 20:59:14.791  2463 14501 I AppsFilter: interaction: PackageSetting{4aeac01 io.github.ylimit.droidbotapp/10361} -> PackageSetting{ad6b9e7 com.baidu.BaiduMap/10331} BLOCKED
07-29 20:59:14.791  2463 14501 I AppsFilter: interaction: PackageSetting{4aeac01 io.github.ylimit.droidbotapp/10361} -> PackageSetting{9bbb994 com.android.providers.partnerbookmarks/10109} BLOCKED
07-29 20:59:14.791  2463 14501 I AppsFilter: interaction: PackageSetting{4aeac01 io.github.ylimit.droidbotapp/10361} -> PackageSetting{3f14c3d com.android.smspush/10230} BLOCKED
07-29 20:59:14.791  2463 14501 I AppsFilter: interaction: PackageSetting{4aeac01 io.github.ylimit.droidbotapp/10361} -> PackageSetting{7263c32 com.miui.calculator/10263} BLOCKED
07-29 20:59:14.791  2463 14501 I AppsFilter: interaction: PackageSetting{4aeac01 io.github.ylimit.droidbotapp/10361} -> PackageSetting{24b0d83 de.baumann.browser/10308} BLOCKED
07-29 20:59:14.791  2463 14501 I AppsFilter: interaction: PackageSetting{4aeac01 io.github.ylimit.droidbotapp/10361} -> PackageSetting{e64db00 com.android.wallpaper.livepicker/10091} BLOCKED
07-29 20:59:14.791  2463 14501 I AppsFilter: interaction: PackageSetting{4aeac01 io.github.ylimit.droidbotapp/10361} -> PackageSetting{dab6f39 com.android.cellbroadcastreceiver.module/10255} BLOCKED
07-29 20:59:14.791  2463 14501 I AppsFilter: interaction: PackageSetting{4aeac01 io.github.ylimit.droidbotapp/10361} -> PackageSetting{cf7e97e com.android.apps.tag/10098} BLOCKED
07-29 20:59:14.791  2463 14501 I AppsFilter: interaction: PackageSetting{4aeac01 io.github.ylimit.droidbotapp/10361} -> PackageSetting{426fedf com.android.imsserviceentitlement/10125} BLOCKED
07-29 20:59:14.791  2463 14501 I AppsFilter: interaction: PackageSetting{4aeac01 io.github.ylimit.droidbotapp/10361} -> PackageSetting{5bca72c com.xiaomi.gamecenter/10288} BLOCKED
07-29 20:59:14.791  2463 14501 I AppsFilter: interaction: PackageSetting{4aeac01 io.github.ylimit.droidbotapp/10361} -> PackageSetting{44ac5f5 com.android.appsearch.apk/10257} BLOCKED
07-29 20:59:14.791  2463 14501 I AppsFilter: interaction: PackageSetting{4aeac01 io.github.ylimit.droidbotapp/10361} -> PackageSetting{ca51f8a com.dragon.read/10335} BLOCKED
07-29 20:59:14.791  2463 14501 I AppsFilter: interaction: PackageSetting{4aeac01 io.github.ylimit.droidbotapp/10361} -> PackageSetting{d06eeec com.anydo/10292} BLOCKED
07-29 20:59:14.791  2463 14501 I AppsFilter: interaction: PackageSetting{4aeac01 io.github.ylimit.droidbotapp/10361} -> PackageSetting{a6a9fb com.miui.cleanmaster/10266} BLOCKED
07-29 20:59:14.791  2463 14501 I AppsFilter: interaction: PackageSetting{4aeac01 io.github.ylimit.droidbotapp/10361} -> PackageSetting{1e30a18 com.miui.weather2/10278} BLOCKED
07-29 20:59:14.791  2463 14501 I AppsFilter: interaction: PackageSetting{4aeac01 io.github.ylimit.droidbotapp/10361} -> PackageSetting{14ecc71 com.autonavi.minimap/10333} BLOCKED
07-29 20:59:14.791  2463 14501 I AppsFilter: interaction: PackageSetting{4aeac01 io.github.ylimit.droidbotapp/10361} -> PackageSetting{13daa56 com.xiaomi.scanner/10281} BLOCKED
07-29 20:59:14.791  2463 14501 I AppsFilter: interaction: PackageSetting{4aeac01 io.github.ylimit.droidbotapp/10361} -> PackageSetting{5abead7 com.google.android.apps.tasks/10300} BLOCKED
07-29 20:59:14.791  2463 14501 I AppsFilter: interaction: PackageSetting{4aeac01 io.github.ylimit.droidbotapp/10361} -> PackageSetting{50aafc4 com.duokan.reader/10287} BLOCKED
07-29 20:59:14.791  2463 14501 I AppsFilter: interaction: PackageSetting{4aeac01 io.github.ylimit.droidbotapp/10361} -> PackageSetting{2241c5b com.android.cts.ctsshim/10253} BLOCKED
07-29 20:59:14.791  2463 14501 I AppsFilter: interaction: PackageSetting{4aeac01 io.github.ylimit.droidbotapp/10361} -> PackageSetting{cb2bead douzifly.list/10182} BLOCKED
07-29 20:59:14.791  2463 14501 I AppsFilter: interaction: PackageSetting{4aeac01 io.github.ylimit.droidbotapp/10361} -> PackageSetting{50215e2 com.miui.yellowpage/10137} BLOCKED
07-29 20:59:14.791  2463 14501 I AppsFilter: interaction: PackageSetting{4aeac01 io.github.ylimit.droidbotapp/10361} -> PackageSetting{35a5d73 com.einnovation.temu/10304} BLOCKED
07-29 20:59:14.791  2463 14501 I AppsFilter: interaction: PackageSetting{4aeac01 io.github.ylimit.droidbotapp/10361} -> PackageSetting{5073fc3 com.android.microdroid.empty_payload/10236} BLOCKED
07-29 20:59:14.791  2463 14501 I AppsFilter: interaction: PackageSetting{4aeac01 io.github.ylimit.droidbotapp/10361} -> PackageSetting{fe50430 com.android.email/10268} BLOCKED
07-29 20:59:14.791  2463 14501 I AppsFilter: interaction: PackageSetting{4aeac01 io.github.ylimit.droidbotapp/10361} -> PackageSetting{8e998a9 com.android.music/10175} BLOCKED
07-29 20:59:14.791  2463 14501 I AppsFilter: interaction: PackageSetting{4aeac01 io.github.ylimit.droidbotapp/10361} -> PackageSetting{3afae2e com.android.hotspot2.osulogin/10259} BLOCKED
07-29 20:59:14.791  2463 14501 I AppsFilter: interaction: PackageSetting{4aeac01 io.github.ylimit.droidbotapp/10361} -> PackageSetting{728d2a7 com.android.companiondevicemanager.auto_generated_characteristics_rro/10006} BLOCKED
07-29 20:59:14.791  2463 14501 I AppsFilter: interaction: PackageSetting{4aeac01 io.github.ylimit.droidbotapp/10361} -> PackageSetting{e735dcf com.google.android.gms.location.history/10152} BLOCKED
07-29 20:59:14.791  2463 14501 I AppsFilter: interaction: PackageSetting{4aeac01 io.github.ylimit.droidbotapp/10361} -> PackageSetting{ace335c com.smile.gifmaker/10339} BLOCKED
07-29 20:59:14.791  2463 14501 I AppsFilter: interaction: PackageSetting{4aeac01 io.github.ylimit.droidbotapp/10361} -> PackageSetting{d1ebbf2 com.android.internal.systemui.navbar.gestural/10052} BLOCKED
07-29 20:59:14.791  2463 14501 I AppsFilter: interaction: PackageSetting{4aeac01 io.github.ylimit.droidbotapp/10361} -> PackageSetting{29a1665 ru.mail.mailapp/10321} BLOCKED
07-29 20:59:14.791  2463 14501 I AppsFilter: interaction: PackageSetting{4aeac01 io.github.ylimit.droidbotapp/10361} -> PackageSetting{58c7f3a com.google.android.apps.youtube.music/10318} BLOCKED
07-29 20:59:14.791  2463 14501 I AppsFilter: interaction: PackageSetting{4aeac01 io.github.ylimit.droidbotapp/10361} -> PackageSetting{c7207eb com.android.bluetoothmidiservice/10104} BLOCKED
07-29 20:59:14.791  2463 14501 I AppsFilter: interaction: PackageSetting{4aeac01 io.github.ylimit.droidbotapp/10361} -> PackageSetting{5b92948 com.jijia.jjweather/10336} BLOCKED
07-29 20:59:14.791  2463 14501 I AppsFilter: interaction: PackageSetting{4aeac01 io.github.ylimit.droidbotapp/10361} -> PackageSetting{1ab3e1 com.ebay.mobile/10291} BLOCKED
07-29 20:59:14.791  2463 14501 I AppsFilter: interaction: PackageSetting{4aeac01 io.github.ylimit.droidbotapp/10361} -> PackageSetting{f335506 com.google.android.apps.magazines/10315} BLOCKED
07-29 20:59:14.791  2463 14501 I AppsFilter: interaction: PackageSetting{4aeac01 io.github.ylimit.droidbotapp/10361} -> PackageSetting{65084b5 com.qualcomm.qti.server.wigig.tethering.rro/10229} BLOCKED
07-29 20:59:14.791  2463 14501 I AppsFilter: interaction: PackageSetting{4aeac01 io.github.ylimit.droidbotapp/10361} -> PackageSetting{56737c7 com.sina.news/10314} BLOCKED
07-29 20:59:14.791  2463 14501 I AppsFilter: interaction: PackageSetting{4aeac01 io.github.ylimit.droidbotapp/10361} -> PackageSetting{adb91f4 tv.danmaku.bili/10326} BLOCKED
07-29 20:59:14.791  2463 14501 I AppsFilter: interaction: PackageSetting{4aeac01 io.github.ylimit.droidbotapp/10361} -> PackageSetting{cadad1d com.android.captiveportallogin/10106} BLOCKED
07-29 20:59:14.791  2463 14501 I AppsFilter: interaction: PackageSetting{4aeac01 io.github.ylimit.droidbotapp/10361} -> PackageSetting{21fbb92 com.microsoft.todos/10293} BLOCKED
07-29 20:59:14.791  2463 14501 I AppsFilter: interaction: PackageSetting{4aeac01 io.github.ylimit.droidbotapp/10361} -> PackageSetting{7958963 com.miui.core/10194} BLOCKED
07-29 20:59:14.794  2463  5535 W ActivityManager: Permission Denial: getCurrentUser() from pid=26224, uid=10361 requires android.permission.INTERACT_ACROSS_USERS
07-29 20:59:14.794 26224 26224 W libc    : Access denied finding property "vendor.boostfwk.frameprefetcher"
07-29 20:59:14.794 26224 26389 E FramePredict: registerContentObserver fail
07-29 20:59:14.794 26224 26224 W libc    : Access denied finding property "ro.vendor.df.effect.conflict"
07-29 20:59:14.797  3002  6353 E libsensor-parseRGB: CWB NotifyCWBBufferDone  error 0
07-29 20:59:14.789 26224 26224 W mit.droidbotapp: type=1400 audit(0.0:13145): avc:  denied  { read } for  name="u:object_r:vendor_displayfeature_prop:s0" dev="tmpfs" ino=478 scontext=u:r:untrusted_app_32:s0:c105,c257,c512,c768 tcontext=u:object_r:vendor_displayfeature_prop:s0 tclass=file permissive=0 app=io.github.ylimit.droidbotapp
07-29 20:59:14.807 14622 14645 I od.sogou.xiaomi: This is non sticky GC, maxfree is 16777216 minfree is 8388608
07-29 20:59:14.811 26224 26224 I ViewRootImpl: InputMethod use first frame acceleration
07-29 20:59:14.814  2463 14501 I SmartPower: io.github.ylimit.droidbotapp/10361(26224): background->visible(831ms) R(become visible) adj=200.
07-29 20:59:14.822  9900 26330 I Market-DownloadLimitSpeedManager: stopLimitSpeed
07-29 20:59:14.822  9900 26330 I Market-LimitSpeedManager: stopLimitSpeedNow() =========== 
07-29 20:59:14.824  9900 26330 I Market-RetrofitRequest: callEnd : https://updateinfo.market.xiaomi.com/apm/updateinfo/priority
07-29 20:59:14.828  9900 26330 I Market-SystemSettingsManager: extraSettingsSecureGetInt key: com.xiaomi.market.need_update_game_count, value: 0
07-29 20:59:14.829  9900 26330 I Market-UpdateAppList: update app list do not change, don't notify: pkg (61) = com.ss.android.ugc.aweme,com.milink.service,com.miui.hybrid,com.baidu.BaiduMap,com.netease.newsreader.activity,com.baidu.searchbox.lite,com.android.fileexplorer,com.xiaomi.aiasst.vision,com.microsoft.office.outlook,com.miui.newhome,com.autonavi.minimap,com.miui.calculator,com.miui.mishare.connectivity,com.android.contacts,com.unionpay.tsmservice.mi,com.miui.voiceassist,com.miui.thirdappassistant,com.xiaomi.scanner,com.miui.securitycenter,com.duokan.reader,com.baidu.searchbox,com.wuba.zhuanzhuan,com.xingin.xhs,com.miui.touchassistant,tv.danmaku.bili,com.dragon.read,com.miui.gallery,com.miui.cloudservice,com.UCMobile,com.mfashiongallery.emag,com.miui.carlink,com.miui.notes,com.xiaomi.payment,com.miui.home,com.miui.tsmclient,com.xiaomi.gamecenter,com.smile.gifmaker,com.android.browser,com.suxing.sustream,com.xiaomi.mis,com.miui.virtualsim,com.android.quicksearchbox,com.sina.news,com.miui.video,com.miui.weather2,com.ss.android.article.news,com.quark.browser,com.xiaomi.mi_connect_service,com.miui.personalassistant,com.android.mms,com.xiaomi.gamecenter.sdk.service,com.kuaishou.nebula,com.android.thememanager,com.miui.bugreport,com.xiaomi.digitalkey,com.android.calendar,com.xiaomi.aicr,com.xiaomi.xmsf,com.xiaomi.mirror,com.miui.yellowpage,com.android.soundrecorder
07-29 20:59:14.830  9900 26165 I Market-SubScriptManager: updateMarketSubScript forceShow : false
07-29 20:59:14.830  9900 26165 I Market-SubScriptManager: get count 61
07-29 20:59:14.830  9900 26165 I Market-SubScriptManager: get count 61
07-29 20:59:14.831 26224 26224 I Choreographer: first vsync insert message into MessageQueue Head
07-29 20:59:14.832  9900 26330 I Market-LocalAppManager: queryDiffSizeFromServer start
07-29 20:59:14.833  9900 26330 I Market-RetrofitRequest: callStart : https://updateinfo.market.xiaomi.com/apm/updateinfo/diffsize
07-29 20:59:14.833  9900 26330 I Market-RetrofitRequest: HeaderInterceptor : https://updateinfo.market.xiaomi.com/apm/updateinfo/diffsize
07-29 20:59:14.834  9900 26330 E Market-Client: isSupportChildMode, error: java.lang.NumberFormatException: For input string: ""
07-29 20:59:14.838  4497  4497 I HandWritingStubImpl: getCurrentKeyboardType: 1
07-29 20:59:14.841  9900 26330 E Market-Client: isSupportChildMode, error: java.lang.NumberFormatException: For input string: ""
07-29 20:59:14.843  9900 26330 I Market-LimitSpeedManager: startLimitSpeedNow() ====== speed = 32768
07-29 20:59:14.845  9900 26330 I Market-DownloadLimitSpeedManager: startLimitSpeed success. Total count 1
07-29 20:59:14.846  9900 26330 I Market-RetrofitRequest: HeaderInterceptor : https://updateinfo.market.xiaomi.com/apm/updateinfo/diffsize
07-29 20:59:14.862  3117  3117 I adbd    : in ShellService: getprop ro.secure
07-29 20:59:14.902 26224 26245 I mit.droidbotapp: Compiler allocated 5390KB to compile void android.view.ViewRootImpl.performTraversals()
07-29 20:59:14.907  1827  2108 I SDM     : DisplayBase::CommitThread: Received idle timeout, panel: cmd, timeout: 70000 us
07-29 20:59:14.930  9900 26330 I Market-DownloadLimitSpeedManager: stopLimitSpeed
07-29 20:59:14.931  9900 26330 I Market-LimitSpeedManager: stopLimitSpeedNow() =========== 
07-29 20:59:14.937  9900 26330 I Market-RetrofitRequest: callEnd : https://updateinfo.market.xiaomi.com/apm/updateinfo/diffsize
07-29 20:59:14.938  9900 26330 I Market-LocalAppManager: queryDiffSizeFromServer end
07-29 20:59:14.938  3117  3117 I adbd    : in ShellService: getprop ro.debuggable
07-29 20:59:14.939  9900 26280 I Market-SubScriptManager: updateMarketSubScript forceShow : false
07-29 20:59:14.939  9900 26280 I Market-SubScriptManager: get count 61
07-29 20:59:14.939  9900 26280 I Market-SubScriptManager: get count 61
07-29 20:59:14.940  9900 26330 I Market-WakeLockManager: release wakeLock: CheckUpdateService
07-29 20:59:14.942  2463  5535 I ActivityManager: Cancel FGS notification userId: 0 definingUid: 10167 packageName: com.xiaomi.market processName:com.xiaomi.market ChannelId:com.xiaomi.market_hide foregroundNotiWhen:1753793954391 Notiflags:104
07-29 20:59:14.943  1844  1844 I vendor.qti.hardware.servicetrackeraidl-service: destroyService is called for service : com.xiaomi.market/.business_core.update.auto.CheckUpdateService
07-29 20:59:14.943  2463  2463 I NotificationService: Cancel FGS notification CallingUid: 10167 CallingPid: 9900 Pkg: com.xiaomi.market Id:152788914 Tag:null UserId:0 MustHaveFlags:0 MustNotHaveFlags:0 Reason:8 foregroundNotiWhen:1753793954391 foregroundNotiFlags:104 foregroundNotiChannelId:com.xiaomi.market_hide
07-29 20:59:14.943  2463  5535 W ForegroundServiceTypeLoggerModule: FGS stop call for: 10167 has no types!
07-29 20:59:14.944  9900  9900 I Market-ServiceUtils: stop foreground service: CheckUpdateService
07-29 20:59:14.950  4979  4979 E NotifCollection: No notification to remove with key 0|com.xiaomi.market|152788914|null|10167 reason=8:REASON_APP_CANCEL
07-29 20:59:14.952  1827  2399 I SDM     : HWCDisplay::SetActiveConfigWithConstraints: display:66-0, config: 1, WxH 1200x2670, fps 120
07-29 20:59:14.952  1827  2399 W SDM     : HWDeviceDRM::GetSupportedBitClkRate: Requested rate not supported: 1150000000
07-29 20:59:14.952  1827  2399 I SDM     : HWDeviceDRM::UpdateMixerAttributes: Mixer WxH 1200x2670-1 for Peripheral
07-29 20:59:14.953  1827  2399 I SDM     : HWCDisplay::SubmitDisplayConfig: Active configuration changed from config 3 to 1
07-29 20:59:14.953  1827  2399 I SDM     : HWCDisplay::SubmitDisplayConfig: Active WxH 1200x2670 ,ddic_mode:idle, timing_fps: 120, sf_fps: 120
07-29 20:59:14.955  2463  4205 I MiuiNetworkPolicy: updateUidState uid = 10261, uidState = 19
07-29 20:59:14.957  2463  4205 I MiuiNetworkPolicyTrafficLimit: updateWhiteListUidForMobileTraffic uid=10261,add=false
07-29 20:59:14.957  2463  4205 I MiuiNetworkPolicy: updateUidState uid = 10203, uidState = 6
07-29 20:59:14.957  2463  4205 I MiuiNetworkPolicy: updateUidState uid = 10167, uidState = 10
07-29 20:59:14.957  2463  4205 I MiuiNetworkPolicyTrafficLimit: updateWhiteListUidForMobileTraffic uid=10167,add=false
07-29 20:59:14.957  2463  4205 I MiuiNetworkPolicy: updateUidState uid = 10158, uidState = 19
07-29 20:59:14.958  2463  4205 I MiuiNetworkPolicyTrafficLimit: updateWhiteListUidForMobileTraffic uid=10158,add=false
07-29 20:59:14.996  9900  9930 I m.xiaomi.market: This is non sticky GC, maxfree is 16777216 minfree is 8388608
07-29 20:59:14.999  9900  9932 W System  : A resource failed to call close. 
07-29 20:59:15.000  9900  9932 W System  : A resource failed to call close. 
07-29 20:59:15.005  3117  3117 I adbd    : in ShellService: dumpsys display
07-29 20:59:15.032  1827  2108 I SDM     : DisplayBase::CommitThread: Received idle timeout, panel: cmd, timeout: 69999 us
07-29 20:59:15.111  1827  2752 I vendor.qti.hardware.display.composer-service: Sensor: notify citsensorservice to trigger cwb, misForced = 1
07-29 20:59:15.114  3002  4297 I libsensor-parseRGB: request dump start for mRequestDisplayId 0
07-29 20:59:15.134  3002  3081 E libsensor-parseRGB: CWB NotifyCWBBufferDone  error 0
07-29 20:59:15.192  1827  2108 I SDM     : DisplayBase::CommitThread: Received idle timeout, panel: cmd, timeout: 70000 us
07-29 20:59:15.211  3117  3117 I adbd    : in ShellService: wm size
07-29 20:59:15.298  3117  3117 I adbd    : in ShellService: dumpsys input
07-29 20:59:15.343  7989  7989 I RuntimePermissionManager: isRuntimeRequestSupport: true
07-29 20:59:15.353 12230 12394 I Ad      : isPersonalizedAdEnabled getAdSettings: 1
07-29 20:59:15.362  2463  2775 I AppsFilter: interaction: PackageSetting{5073fc3 com.android.microdroid.empty_payload/10236} -> PackageSetting{a6a9fb com.miui.cleanmaster/10266} BLOCKED
07-29 20:59:15.362  2463  2775 I AppsFilter: interaction: PackageSetting{f968b79 io.appium.uiautomator2.server.test/10280} -> PackageSetting{a6a9fb com.miui.cleanmaster/10266} BLOCKED
07-29 20:59:15.362  2463  2775 I AppsFilter: interaction: PackageSetting{4aeac01 io.github.ylimit.droidbotapp/10361} -> PackageSetting{a6a9fb com.miui.cleanmaster/10266} BLOCKED
07-29 20:59:15.362  2463  2775 I AppsFilter: interaction: PackageSetting{a2e70be com.rongcard.eid/10151} -> PackageSetting{a6a9fb com.miui.cleanmaster/10266} BLOCKED
07-29 20:59:15.362  2463  2775 I AppsFilter: interaction: PackageSetting{d14151f io.appium.settings/10274} -> PackageSetting{a6a9fb com.miui.cleanmaster/10266} BLOCKED
07-29 20:59:15.365  2463  5539 W ParceledListSlice: Element #44 is 26672 bytes.
07-29 20:59:15.365  2463  5539 W ParceledListSlice: Overly large reply size: 82204
07-29 20:59:15.365  2463  5535 W ParceledListSlice: Element #45 is 26676 bytes.
07-29 20:59:15.366  2463  5535 W ParceledListSlice: Element #46 is 26676 bytes.
07-29 20:59:15.366  2463  5535 W ParceledListSlice: Element #47 is 26684 bytes.
07-29 20:59:15.366  2463  5539 W ParceledListSlice: Element #48 is 26688 bytes.
07-29 20:59:15.366  2463  5539 W ParceledListSlice: Element #54 is 19664 bytes.
07-29 20:59:15.366  2463  5535 W ParceledListSlice: Element #55 is 19652 bytes.
07-29 20:59:15.366  2463  5535 W ParceledListSlice: Element #56 is 19692 bytes.
07-29 20:59:15.367  2463  5535 W ParceledListSlice: Element #57 is 19720 bytes.
07-29 20:59:15.367  2463  5535 W ParceledListSlice: Element #58 is 19720 bytes.
07-29 20:59:15.367  2463  5539 W ParceledListSlice: Element #59 is 19684 bytes.
07-29 20:59:15.367  2463  5539 W ParceledListSlice: Element #60 is 19692 bytes.
07-29 20:59:15.367  2463  5539 W ParceledListSlice: Element #61 is 19668 bytes.
07-29 20:59:15.367  2463  5539 W ParceledListSlice: Element #62 is 19680 bytes.
07-29 20:59:15.367  2463 15424 W ParceledListSlice: Element #63 is 19672 bytes.
07-29 20:59:15.367  2463 15424 W ParceledListSlice: Element #64 is 29724 bytes.
07-29 20:59:15.367  2463 15424 W ParceledListSlice: Element #65 is 29744 bytes.
07-29 20:59:15.368  2463 15424 W ParceledListSlice: Element #66 is 29736 bytes.
07-29 20:59:15.372  2463 15424 W ContentProviderHelper: No provider info for content provider  when providerRunning is false, caller is ProcessRecord{15056c5 18854:com.android.quicksearchbox:ApplicationsProvider/u0a136}
07-29 20:59:15.372 18854 18878 E ActivityThread: Failed to find provider info for 
