05-18 03:38:17.160 13063 13063 I AccessibilityNodeInfoDumper: Skipping invisible child: android.view.accessibility.AccessibilityNodeInfo@19d62; boundsInParent: Rect(0, 0 - 0, 49); boundsInScreen: Rect(101, 290 - 101, 339); packageName: com.google.android.apps.nexuslauncher; className: android.widget.TextView; text: null; error: null; maxTextLength: -1; stateDescription: null; contentDescription: null; tooltipText: null; viewIdResName: com.google.android.apps.nexuslauncher:id/subtitle_text; checkable: false; checked: false; focusable: false; focused: false; selected: false; clickable: false; longClickable: false; contextClickable: false; enabled: true; password: false; scrollable: false; importantForAccessibility: true; visible: false; actions: [AccessibilityAction: ACTION_SELECT - null, AccessibilityAction: ACTION_CLEAR_SELECTION - null, AccessibilityAction: ACTION_ACCESSIBILITY_FOCUS - null, AccessibilityAction: ACTION_SHOW_ON_SCREEN - null]
05-18 03:38:17.162 13063 13063 W AccessibilityNodeInfoDumper: Fetch time: 3ms
05-18 03:38:18.244  1404  4233 W MediaProvider: isAppCloneUserPair for user 0: false
05-18 03:38:18.270   178   178 I hwservicemanager: getTransport: Cannot find entry android.hardware.graphics.mapper@4.0::IMapper/default in either framework or device VINTF manifest.
05-18 03:38:18.270 13105 13107 I Gralloc4: mapper 4.x is not supported
05-18 03:38:19.074  8184  8184 I cr_A11yState: Enabled accessibility services: [io.github.ylimit.droidbotapp/io.github.privacystreams.accessibility.PSAccessibilityService, null]
05-18 03:38:19.074  8184  8184 I cr_A11yState: Running accessibility services: [io.github.ylimit.droidbotapp/io.github.privacystreams.accessibility.PSAccessibilityService]
05-18 03:38:19.074  8184  8184 I cr_A11yState: Will check again after 4000 milliseconds.
05-18 03:38:19.186  1404  1995 I MediaProvider: Begin Intent { act=android.intent.action.MEDIA_SCANNER_SCAN_FILE dat=file:///sdcard/screen_2025-05-18_113819.png flg=0x1400010 cmp=com.google.android.providers.media.module/com.android.providers.media.MediaService }
05-18 03:38:19.202  1404  1995 I MediaProvider: End Intent { act=android.intent.action.MEDIA_SCANNER_SCAN_FILE dat=file:///sdcard/screen_2025-05-18_113819.png flg=0x1400010 cmp=com.google.android.providers.media.module/com.android.providers.media.MediaService }
05-18 03:38:19.292  1404  4253 I MediaProvider: Deleted 0 1 0 0 0 0 0 items on external_primary due to com.android.shell
05-18 03:38:19.293  1226  2106 I UriTaskContentObserver: (REDACTED) Throttling content uri change event for %s
05-18 03:38:19.529   630   647 I ActivityTaskManager: START u0 {act=android.intent.action.MAIN cat=[android.intent.category.LAUNCHER] flg=0x10000000 cmp=com.scee.psxandroid/.activity.TopActivity} from uid 2000
05-18 03:38:19.531   630   647 W ActivityTaskManager: Can't find TaskDisplayArea to determine support for multi window. Task id=30 attached=false
05-18 03:38:19.558   630   677 I ActivityManager: Start proc 13137:com.scee.psxandroid/u0a192 for pre-top-activity {com.scee.psxandroid/com.scee.psxandroid.activity.TopActivity}
05-18 03:38:19.571 13137 13137 W scee.psxandroi: Unexpected CPU variant for X86 using defaults: x86_64
05-18 03:38:19.583 13137 13137 E scee.psxandroi: Not starting debugger since process cannot load the jdwp agent.
05-18 03:38:19.643 16551 16551 I cnhq    : onPause
05-18 03:38:19.700 13137 13137 I FirebaseInitProvider: FirebaseApp initialization successful
05-18 03:38:19.789 13137 13157 I FA      : App measurement is starting up, version: 16250
05-18 03:38:19.789 13137 13157 I FA      : To enable debug logging run: adb shell setprop log.tag.FA VERBOSE
05-18 03:38:19.789 13137 13157 I FA      : To enable faster debug mode event logging run:
05-18 03:38:19.789 13137 13157 I FA      :   adb shell setprop debug.firebase.analytics.app com.scee.psxandroid
05-18 03:38:19.790 13137 13137 W DynamiteModule: Local module descriptor class for providerinstaller not found.
05-18 03:38:19.795  1226  1455 W ProviderHelper: Unknown dynamite feature providerinstaller
05-18 03:38:19.797 13137 13137 I DynamiteModule: Considering local module providerinstaller:0 and remote module providerinstaller:0
05-18 03:38:19.797 13137 13137 W ProviderInstaller: Failed to load providerinstaller module: No acceptable module found. Local version is 0 and remote version is 0.
05-18 03:38:19.884 13137 13163 W SQLiteLog: (28) double-quoted string literal: "c45e5fcbdf3824dead9778f19e2fd8af"
05-18 03:38:19.890 13137 13163 W SQLiteLog: (28) double-quoted string literal: "c45e5fcbdf3824dead9778f19e2fd8af"
05-18 03:38:19.995   630  1909 W ActivityManager: Unable to start service Intent { act=android.service.smartspace.SmartspaceService cmp=com.google.android.as/com.google.android.apps.miphone.aiai.app.AiAiSmartspaceService } U=0: not found
05-18 03:38:19.995   630  1909 W RemoteSmartspaceService: could not bind to Intent { act=android.service.smartspace.SmartspaceService cmp=com.google.android.as/com.google.android.apps.miphone.aiai.app.AiAiSmartspaceService } using flags 67112961
05-18 03:38:20.000   630   630 W ActivityManager: Unbind failed: could not find connection for android.app.LoadedApk$ServiceDispatcher$InnerConnection@f6d34f0
05-18 03:38:20.057 16551 16551 I cnbo    : (REDACTED) onApplyWindowInsets: systemWindowInsets=%s
05-18 03:38:20.058 16551 16551 I cnbo    : (REDACTED) onApplyWindowInsets: systemWindowInsets=%s
05-18 03:38:20.352  7250  7250 I Finsky  : [2] aihy.onStartJob(126): SCH: job service start with id 9163.
05-18 03:38:20.365  7250 12763 I Finsky  : [596] nib.a(171): SCH: Satisfied jobs for 9163 are: 12-1
05-18 03:38:20.366  7250 13182 I Finsky  : [603] aigh.accept(108): SCH: Job 12-1 starting
05-18 03:38:20.366  7250  7250 I Finsky  : [2] ContentSyncJob.i(9): [ContentSync] job started
05-18 03:38:20.403 13137 13181 I ewzu    : Unable to retrieve flag snapshot for com.google.android.gms.providerinstaller#com.google.android.gms, using defaults.
05-18 03:38:20.494 13137 13137 I ProviderInstaller: Installed default security provider GmsCore_OpenSSL
05-18 03:38:20.599  7250  7250 W Finsky  : [2] ajwy.b(131): STU: Failed to get storage stats for package 'com.google.mainline.primary.libs' (1601: Error getting stats: android.content.pm.PackageManager.NameNotFoundException)
05-18 03:38:20.647  7250  7250 W Finsky  : [2] ajwy.b(131): STU: Failed to get storage stats for package 'com.google.android.tzdata3' (1601: Error getting stats: android.content.pm.PackageManager.NameNotFoundException)
05-18 03:38:20.672  7250  7250 W Finsky  : [2] ajwy.b(131): STU: Failed to get storage stats for package 'com.google.android.permission' (1601: Error getting stats: android.content.pm.PackageManager.NameNotFoundException)
05-18 03:38:20.684 13137 13157 I FA      : Tag Manager is not found and thus will not be used
05-18 03:38:20.731  7250  7250 W Finsky  : [2] ajwy.b(131): STU: Failed to get storage stats for package 'com.google.android.wifi' (1601: Error getting stats: android.content.pm.PackageManager.NameNotFoundException)
05-18 03:38:20.739   356   772 W ServiceManager: Permission failure: android.permission.ACCESS_SURFACE_FLINGER from uid=10192 pid=13137
05-18 03:38:20.739   356   772 W ServiceManager: Permission failure: android.permission.ROTATE_SURFACE_FLINGER from uid=10192 pid=13137
05-18 03:38:20.747 13137 13183 E GoogleApiManager: Failed to get service from broker. 
05-18 03:38:20.747 13137 13183 E GoogleApiManager: java.lang.SecurityException: Unknown calling package name 'com.google.android.gms'.
05-18 03:38:20.747 13137 13183 E GoogleApiManager: 	at android.os.Parcel.createExceptionOrNull(Parcel.java:2425)
05-18 03:38:20.747 13137 13183 E GoogleApiManager: 	at android.os.Parcel.createException(Parcel.java:2409)
05-18 03:38:20.747 13137 13183 E GoogleApiManager: 	at android.os.Parcel.readException(Parcel.java:2392)
05-18 03:38:20.747 13137 13183 E GoogleApiManager: 	at android.os.Parcel.readException(Parcel.java:2334)
05-18 03:38:20.747 13137 13183 E GoogleApiManager: 	at aubk.a(:com.google.android.gms@251333032@25.13.33 (190800-745790146):36)
05-18 03:38:20.747 13137 13183 E GoogleApiManager: 	at atzr.z(:com.google.android.gms@251333032@25.13.33 (190800-745790146):143)
05-18 03:38:20.747 13137 13183 E GoogleApiManager: 	at atha.run(:com.google.android.gms@251333032@25.13.33 (190800-745790146):42)
05-18 03:38:20.747 13137 13183 E GoogleApiManager: 	at android.os.Handler.handleCallback(Handler.java:938)
05-18 03:38:20.747 13137 13183 E GoogleApiManager: 	at android.os.Handler.dispatchMessage(Handler.java:99)
05-18 03:38:20.747 13137 13183 E GoogleApiManager: 	at cbvt.mk(:com.google.android.gms@251333032@25.13.33 (190800-745790146):1)
05-18 03:38:20.747 13137 13183 E GoogleApiManager: 	at cbvt.dispatchMessage(:com.google.android.gms@251333032@25.13.33 (190800-745790146):5)
05-18 03:38:20.747 13137 13183 E GoogleApiManager: 	at android.os.Looper.loopOnce(Looper.java:201)
05-18 03:38:20.747 13137 13183 E GoogleApiManager: 	at android.os.Looper.loop(Looper.java:288)
05-18 03:38:20.747 13137 13183 E GoogleApiManager: 	at android.os.HandlerThread.run(HandlerThread.java:67)
05-18 03:38:20.755 13137 13179 W FlagRegistrar: Failed to register com.google.android.gms.providerinstaller#com.scee.psxandroid
05-18 03:38:20.755 13137 13179 W FlagRegistrar: exah: 17: 17: API: Phenotype.API is not available on this device. Connection failed with: ConnectionResult{statusCode=DEVELOPER_ERROR, resolution=null, message=null}
05-18 03:38:20.755 13137 13179 W FlagRegistrar: 	at exaj.a(:com.google.android.gms@251333032@25.13.33 (190800-745790146):13)
05-18 03:38:20.755 13137 13179 W FlagRegistrar: 	at frqi.d(:com.google.android.gms@251333032@25.13.33 (190800-745790146):3)
05-18 03:38:20.755 13137 13179 W FlagRegistrar: 	at frqk.run(:com.google.android.gms@251333032@25.13.33 (190800-745790146):130)
05-18 03:38:20.755 13137 13179 W FlagRegistrar: 	at frsr.execute(:com.google.android.gms@251333032@25.13.33 (190800-745790146):1)
05-18 03:38:20.755 13137 13179 W FlagRegistrar: 	at frqs.f(:com.google.android.gms@251333032@25.13.33 (190800-745790146):1)
05-18 03:38:20.755 13137 13179 W FlagRegistrar: 	at frqs.m(:com.google.android.gms@251333032@25.13.33 (190800-745790146):99)
05-18 03:38:20.755 13137 13179 W FlagRegistrar: 	at frqs.r(:com.google.android.gms@251333032@25.13.33 (190800-745790146):17)
05-18 03:38:20.755 13137 13179 W FlagRegistrar: 	at epoq.hC(:com.google.android.gms@251333032@25.13.33 (190800-745790146):35)
05-18 03:38:20.755 13137 13179 W FlagRegistrar: 	at edxu.run(:com.google.android.gms@251333032@25.13.33 (190800-745790146):12)
05-18 03:38:20.755 13137 13179 W FlagRegistrar: 	at frsr.execute(:com.google.android.gms@251333032@25.13.33 (190800-745790146):1)
05-18 03:38:20.755 13137 13179 W FlagRegistrar: 	at edxv.b(:com.google.android.gms@251333032@25.13.33 (190800-745790146):18)
05-18 03:38:20.755 13137 13179 W FlagRegistrar: 	at edyk.b(:com.google.android.gms@251333032@25.13.33 (190800-745790146):36)
05-18 03:38:20.755 13137 13179 W FlagRegistrar: 	at edym.d(:com.google.android.gms@251333032@25.13.33 (190800-745790146):25)
05-18 03:38:20.755 13137 13179 W FlagRegistrar: 	at atei.c(:com.google.android.gms@251333032@25.13.33 (190800-745790146):9)
05-18 03:38:20.755 13137 13179 W FlagRegistrar: 	at atgy.q(:com.google.android.gms@251333032@25.13.33 (190800-745790146):48)
05-18 03:38:20.755 13137 13179 W FlagRegistrar: 	at atgy.d(:com.google.android.gms@251333032@25.13.33 (190800-745790146):10)
05-18 03:38:20.755 13137 13179 W FlagRegistrar: 	at atgy.g(:com.google.android.gms@251333032@25.13.33 (190800-745790146):185)
05-18 03:38:20.755 13137 13179 W FlagRegistrar: 	at atgy.onConnectionFailed(:com.google.android.gms@251333032@25.13.33 (190800-745790146):2)
05-18 03:38:20.755 13137 13179 W FlagRegistrar: 	at atha.run(:com.google.android.gms@251333032@25.13.33 (190800-745790146):70)
05-18 03:38:20.755 13137 13179 W FlagRegistrar: 	at android.os.Handler.handleCallback(Handler.java:938)
05-18 03:38:20.755 13137 13179 W FlagRegistrar: 	at android.os.Handler.dispatchMessage(Handler.java:99)
05-18 03:38:20.755 13137 13179 W FlagRegistrar: 	at cbvt.mk(:com.google.android.gms@251333032@25.13.33 (190800-745790146):1)
05-18 03:38:20.755 13137 13179 W FlagRegistrar: 	at cbvt.dispatchMessage(:com.google.android.gms@251333032@25.13.33 (190800-745790146):5)
05-18 03:38:20.755 13137 13179 W FlagRegistrar: 	at android.os.Looper.loopOnce(Looper.java:201)
05-18 03:38:20.755 13137 13179 W FlagRegistrar: 	at android.os.Looper.loop(Looper.java:288)
05-18 03:38:20.755 13137 13179 W FlagRegistrar: 	at android.os.HandlerThread.run(HandlerThread.java:67)
05-18 03:38:20.755 13137 13179 W FlagRegistrar: Caused by: atcx: 17: API: Phenotype.API is not available on this device. Connection failed with: ConnectionResult{statusCode=DEVELOPER_ERROR, resolution=null, message=null}
05-18 03:38:20.755 13137 13179 W FlagRegistrar: 	at atzd.a(:com.google.android.gms@251333032@25.13.33 (190800-745790146):15)
05-18 03:38:20.755 13137 13179 W FlagRegistrar: 	at atel.a(:com.google.android.gms@251333032@25.13.33 (190800-745790146):1)
05-18 03:38:20.755 13137 13179 W FlagRegistrar: 	at atei.c(:com.google.android.gms@251333032@25.13.33 (190800-745790146):5)
05-18 03:38:20.755 13137 13179 W FlagRegistrar: 	... 12 more
05-18 03:38:20.785   630   746 I RoleService: Granting default roles...
05-18 03:38:20.787 13137 13200 I scee.psxandroi: Thread[41,tid=13200,Native,Thread*=0x79ef3286e540,peer=0x1374c2f0,"create_react_context"] recursive attempt to load library "/data/app/~~5T22WYs9fYImXRNPPYwa2w==/com.scee.psxandroid-IlfFjOvF8a6vVIjM6_y5Hw==/lib/x86_64/libfb.so"
05-18 03:38:20.809   630   756 I InputReader: Reconfiguring input devices, changes=KEYBOARD_LAYOUTS | 
05-18 03:38:20.817   630   630 I Telecom : DefaultDialerCache: Refreshing default dialer for user 0: now com.android.dialer: DDC.oR@AWA
05-18 03:38:20.833  1796 12735 W Role    : Cannot get ApplicationInfo for default holder: com.google.android.contacts
05-18 03:38:20.843  1796 12735 W Role    : Cannot get ApplicationInfo for default holder: com.google.android.as
05-18 03:38:20.906  1796 12735 W Role    : Cannot get ApplicationInfo for default holder: com.google.android.as
05-18 03:38:20.907  1796 12735 W Role    : Cannot get ApplicationInfo for default holder: com.google.android.as
05-18 03:38:20.914   178   178 I hwservicemanager: getTransport: Cannot find entry android.hardware.configstore@1.0::ISurfaceFlingerConfigs/default in either framework or device VINTF manifest.
05-18 03:38:20.920 13137 13191 W OpenGLRenderer: Failed to choose config with EGL_SWAP_BEHAVIOR_PRESERVED, retrying without...
05-18 03:38:20.920 13137 13191 W OpenGLRenderer: Failed to initialize 101010-2 format, error = EGL_SUCCESS
05-18 03:38:20.975  1796  4929 I PermissionControllerServiceImpl: Updating user sensitive for uid 10192
05-18 03:38:20.981  1404  1510 W MediaProvider: isAppCloneUserPair for user 0: false
05-18 03:38:21.030   178   178 I hwservicemanager: getTransport: Cannot find entry android.hardware.graphics.mapper@4.0::IMapper/default in either framework or device VINTF manifest.
05-18 03:38:21.030 13228 13234 I Gralloc4: mapper 4.x is not supported
05-18 03:38:21.050   356   772 E HWComposer: getSupportedContentTypes: getSupportedContentTypes failed for display 4619827259835644672: Unsupported (8)
05-18 03:38:21.054   178   178 I hwservicemanager: getTransport: Cannot find entry android.hardware.graphics.mapper@4.0::IMapper/default in either framework or device VINTF manifest.
05-18 03:38:21.060  1796 12735 W Role    : Cannot get ApplicationInfo for default holder: com.google.android.as
05-18 03:38:21.065 13137 13191 I Gralloc4: mapper 4.x is not supported
05-18 03:38:21.100   178   178 I hwservicemanager: getTransport: Cannot find entry android.hardware.graphics.allocator@4.0::IAllocator/default in either framework or device VINTF manifest.
05-18 03:38:21.106 13137 13191 W Gralloc4: allocator 4.x is not supported
05-18 03:38:21.115  1796 12735 W Role    : Cannot get ApplicationInfo for default holder: com.google.android.as
05-18 03:38:21.119  1796 12735 W Role    : Cannot get ApplicationInfo for default holder: com.google.android.as
05-18 03:38:21.151 13137 13241 W unknown:ViewManagerPropertyUpdater: Could not find generated setter for class com.facebook.react.views.art.ARTGroupViewManager
05-18 03:38:21.154 13137 13241 W unknown:ViewManagerPropertyUpdater: Could not find generated setter for class com.facebook.react.views.art.ARTGroupShadowNode
05-18 03:38:21.154 13137 13241 W unknown:ViewManagerPropertyUpdater: Could not find generated setter for class com.facebook.react.views.art.ARTShapeViewManager
05-18 03:38:21.155 13137 13241 W unknown:ViewManagerPropertyUpdater: Could not find generated setter for class com.facebook.react.views.art.ARTShapeShadowNode
05-18 03:38:21.155 13137 13241 W unknown:ViewManagerPropertyUpdater: Could not find generated setter for class com.facebook.react.views.art.ARTTextViewManager
05-18 03:38:21.155 13137 13241 W unknown:ViewManagerPropertyUpdater: Could not find generated setter for class com.facebook.react.views.art.ARTTextShadowNode
05-18 03:38:21.155 13137 13241 W unknown:ViewManagerPropertyUpdater: Could not find generated setter for class com.facebook.react.views.checkbox.ReactCheckBoxManager
05-18 03:38:21.157 13137 13241 W unknown:ViewManagerPropertyUpdater: Could not find generated setter for class com.facebook.react.uimanager.LayoutShadowNode
05-18 03:38:21.159 13137 13241 W unknown:ViewManagerPropertyUpdater: Could not find generated setter for class com.facebook.react.views.picker.ReactDialogPickerManager
05-18 03:38:21.160 13137 13241 W unknown:ViewManagerPropertyUpdater: Could not find generated setter for class com.facebook.react.views.drawer.ReactDrawerLayoutManager
05-18 03:38:21.167 13137 13241 W unknown:ViewManagerPropertyUpdater: Could not find generated setter for class com.facebook.react.views.picker.ReactDropdownPickerManager
05-18 03:38:21.168 13137 13241 W unknown:ViewManagerPropertyUpdater: Could not find generated setter for class com.facebook.react.views.scroll.ReactHorizontalScrollViewManager
05-18 03:38:21.169 13137 13241 W unknown:ViewManagerPropertyUpdater: Could not find generated setter for class com.facebook.react.views.scroll.ReactHorizontalScrollContainerViewManager
05-18 03:38:21.170 13137 13241 W unknown:ViewManagerPropertyUpdater: Could not find generated setter for class com.facebook.react.views.progressbar.ReactProgressBarViewManager
05-18 03:38:21.171 13137 13241 W unknown:ViewManagerPropertyUpdater: Could not find generated setter for class com.facebook.react.views.progressbar.ProgressBarShadowNode
05-18 03:38:21.172 13137 13241 W unknown:ViewManagerPropertyUpdater: Could not find generated setter for class com.facebook.react.views.scroll.ReactScrollViewManager
05-18 03:38:21.172  7250  7250 W Finsky  : [2] ajwy.b(131): STU: Failed to get storage stats for package 'com.google.android.media.swcodec' (1601: Error getting stats: android.content.pm.PackageManager.NameNotFoundException)
05-18 03:38:21.172 13137 13241 W unknown:ViewManagerPropertyUpdater: Could not find generated setter for class com.facebook.react.views.slider.ReactSliderManager
05-18 03:38:21.173  7250  7250 W Finsky  : [2] ajwy.b(131): STU: Failed to get storage stats for package 'com.google.android.art' (1601: Error getting stats: android.content.pm.PackageManager.NameNotFoundException)
05-18 03:38:21.212 13137 13241 W unknown:ViewManagerPropertyUpdater: Could not find generated setter for class com.facebook.react.views.slider.ReactSliderManager$ReactSliderShadowNode
05-18 03:38:21.226 13137 13241 W unknown:ViewManagerPropertyUpdater: Could not find generated setter for class com.facebook.react.views.switchview.ReactSwitchManager
05-18 03:38:21.227 13137 13241 W unknown:ViewManagerPropertyUpdater: Could not find generated setter for class com.facebook.react.views.switchview.ReactSwitchManager$ReactSwitchShadowNode
05-18 03:38:21.273 13137 13241 W unknown:ViewManagerPropertyUpdater: Could not find generated setter for class com.facebook.react.views.toolbar.ReactToolbarManager
05-18 03:38:21.281 13137 13241 W unknown:ViewManagerPropertyUpdater: Could not find generated setter for class com.facebook.react.views.webview.ReactWebViewManager
05-18 03:38:21.287  7250  7250 W Finsky  : [2] ajwy.b(131): STU: Failed to get storage stats for package 'com.google.android.mediaprovider' (1601: Error getting stats: android.content.pm.PackageManager.NameNotFoundException)
05-18 03:38:21.288 13137 13241 W unknown:ViewManagerPropertyUpdater: Could not find generated setter for class com.facebook.react.views.swiperefresh.SwipeRefreshLayoutManager
05-18 03:38:21.292 13137 13241 W unknown:ViewManagerPropertyUpdater: Could not find generated setter for class com.facebook.react.views.art.ARTSurfaceViewManager
05-18 03:38:21.292 13137 13241 W unknown:ViewManagerPropertyUpdater: Could not find generated setter for class com.facebook.react.views.art.ARTSurfaceViewShadowNode
05-18 03:38:21.293 13137 13241 W unknown:ViewManagerPropertyUpdater: Could not find generated setter for class com.facebook.react.views.text.frescosupport.FrescoBasedReactTextInlineImageViewManager
05-18 03:38:21.293 13137 13241 W unknown:ViewManagerPropertyUpdater: Could not find generated setter for class com.facebook.react.views.text.frescosupport.FrescoBasedReactTextInlineImageShadowNode
05-18 03:38:21.293 13137 13241 W unknown:ViewManagerPropertyUpdater: Could not find generated setter for class com.facebook.react.views.image.ReactImageManager
05-18 03:38:21.294 13137 13241 W unknown:ViewManagerPropertyUpdater: Could not find generated setter for class com.facebook.react.views.modal.ReactModalHostManager
05-18 03:38:21.294 13137 13241 W unknown:ViewManagerPropertyUpdater: Could not find generated setter for class com.facebook.react.views.modal.ModalHostShadowNode
05-18 03:38:21.347 13137 13241 W unknown:ViewManagerPropertyUpdater: Could not find generated setter for class com.facebook.react.views.text.ReactRawTextManager
05-18 03:38:21.353  7250  7250 W Finsky  : [2] ajwy.b(131): STU: Failed to get storage stats for package 'com.google.android.adbd' (1601: Error getting stats: android.content.pm.PackageManager.NameNotFoundException)
05-18 03:38:21.369 13137 13241 W unknown:ViewManagerPropertyUpdater: Could not find generated setter for class com.facebook.react.views.text.ReactRawTextShadowNode
05-18 03:38:21.369 13137 13241 W unknown:ViewManagerPropertyUpdater: Could not find generated setter for class com.facebook.react.views.textinput.ReactTextInputManager
05-18 03:38:21.370 13137 13241 W unknown:ViewManagerPropertyUpdater: Could not find generated setter for class com.facebook.react.views.textinput.ReactTextInputShadowNode
05-18 03:38:21.371 13137 13241 W unknown:ViewManagerPropertyUpdater: Could not find generated setter for class com.facebook.react.views.text.ReactTextViewManager
05-18 03:38:21.371 13137 13241 W unknown:ViewManagerPropertyUpdater: Could not find generated setter for class com.facebook.react.views.text.ReactTextShadowNode
05-18 03:38:21.371 13137 13241 W unknown:ViewManagerPropertyUpdater: Could not find generated setter for class com.facebook.react.views.view.ReactViewManager
05-18 03:38:21.372 13137 13241 W unknown:ViewManagerPropertyUpdater: Could not find generated setter for class com.facebook.react.views.viewpager.ReactViewPagerManager
05-18 03:38:21.388 13137 13241 W unknown:ViewManagerPropertyUpdater: Could not find generated setter for class com.facebook.react.views.text.ReactVirtualTextViewManager
05-18 03:38:21.389 13137 13241 W unknown:ViewManagerPropertyUpdater: Could not find generated setter for class com.facebook.react.views.text.ReactVirtualTextShadowNode
05-18 03:38:21.392 13137 13241 W unknown:ViewManagerPropertyUpdater: Could not find generated setter for class com.reactnativecommunity.webview.RNCWebViewManager
05-18 03:38:21.393 13137 13241 W unknown:ViewManagerPropertyUpdater: Could not find generated setter for class com.urbanairship.reactnative.ReactMessageViewManager
05-18 03:38:21.411 13137 13241 W unknown:ViewManagerPropertyUpdater: Could not find generated setter for class com.BV.LinearGradient.LinearGradientManager
05-18 03:38:21.412 13137 13241 W unknown:ViewManagerPropertyUpdater: Could not find generated setter for class com.sony.sie.tesseract.ls.react.view.webview.LandspeederWebViewManager
05-18 03:38:21.415  1404  1995 I MediaProvider: Begin Intent { act=android.intent.action.MEDIA_SCANNER_SCAN_FILE dat=file:///sdcard/screen_2025-05-18_113821.png flg=0x1400010 cmp=com.google.android.providers.media.module/com.android.providers.media.MediaService }
05-18 03:38:21.421  7250  7250 W Finsky  : [2] ajwy.b(131): STU: Failed to get storage stats for package 'com.google.android.resolv' (1601: Error getting stats: android.content.pm.PackageManager.NameNotFoundException)
05-18 03:38:21.431 13137 13241 W unknown:ViewManagerPropertyUpdater: Could not find generated setter for class com.brentvatne.react.ReactVideoViewManager
05-18 03:38:21.435 13137 13241 W unknown:ViewManagerPropertyUpdater: Could not find generated setter for class com.sony.sie.react.ocr.SignInCodeOcrCameraViewManager
05-18 03:38:21.435  7250  7250 W Finsky  : [2] ajwy.b(131): STU: Failed to get storage stats for package 'com.google.android.conscrypt' (1601: Error getting stats: android.content.pm.PackageManager.NameNotFoundException)
05-18 03:38:21.436  7250  7250 W Finsky  : [2] ajwy.b(131): STU: Failed to get storage stats for package 'com.google.android.media' (1601: Error getting stats: android.content.pm.PackageManager.NameNotFoundException)
05-18 03:38:21.437 13137 13241 W unknown:ViewManagerPropertyUpdater: Could not find generated setter for class com.sony.sie.react.ocr.VoucherCodeOcrCameraViewManager
05-18 03:38:21.451 13137 13241 W unknown:ViewManagerPropertyUpdater: Could not find generated setter for class com.sony.sie.tesseract.component.radiobutton.RadioButtonManager
05-18 03:38:21.454   630   661 W Looper  : Slow dispatch took 156ms android.fg h=android.os.Handler c=com.android.server.wm.ActivityMetricsLogger$$ExternalSyntheticLambda1@20c324d m=0
05-18 03:38:21.454   630   661 I ActivityTaskManager: Displayed com.scee.psxandroid/.activity.TopActivity: +1s769ms
05-18 03:38:21.476  7250  7250 W Finsky  : [2] ajwy.b(131): STU: Failed to get storage stats for package 'com.google.android.neuralnetworks' (1601: Error getting stats: android.content.pm.PackageManager.NameNotFoundException)
05-18 03:38:21.484  7250  7250 W Finsky  : [2] ajwy.b(131): STU: Failed to get storage stats for package 'com.google.android.ipsec' (1601: Error getting stats: android.content.pm.PackageManager.NameNotFoundException)
05-18 03:38:21.487  1404  1995 I MediaProvider: End Intent { act=android.intent.action.MEDIA_SCANNER_SCAN_FILE dat=file:///sdcard/screen_2025-05-18_113821.png flg=0x1400010 cmp=com.google.android.providers.media.module/com.android.providers.media.MediaService }
05-18 03:38:21.528  1226  2106 I UriTaskContentObserver: (REDACTED) Throttling content uri change event for %s
05-18 03:38:21.528  1404  1753 I MediaProvider: Deleted 0 1 0 0 0 0 0 items on external_primary due to com.android.shell
05-18 03:38:21.532 13137 13137 I WebViewFactory: Loading com.google.android.webview version 136.0.7103.60 (code 710306038)
05-18 03:38:21.539 13137 13137 W scee.psxandroi: Entry not found
05-18 03:38:21.564  7250  7250 W Finsky  : [2] ajwy.b(131): STU: Failed to get storage stats for package 'com.google.android.sdkext' (1601: Error getting stats: android.content.pm.PackageManager.NameNotFoundException)
05-18 03:38:21.580 13137 13137 I scee.psxandroi: Waiting for a blocking GC AddRemoveAppImageSpace
05-18 03:38:21.601   630  1914 W InputManager-JNI: Input channel object 'd2c43c4 Splash Screen com.scee.psxandroid (client)' was disposed without first being removed with the input manager!
05-18 03:38:21.604  1548 13260 I AdvertisingIdClient: shouldSendLog 6080595
05-18 03:38:21.604  1548 13260 I AdvertisingIdClient: GetInfoInternal elapse 41ms
05-18 03:38:21.611 13137 13137 I scee.psxandroi: WaitForGcToComplete blocked AddRemoveAppImageSpace on Background for 30.792ms
05-18 03:38:21.619  7250  7250 W Finsky  : [2] ajwy.b(131): STU: Failed to get storage stats for package 'com.google.android.tethering' (1601: Error getting stats: android.content.pm.PackageManager.NameNotFoundException)
05-18 03:38:21.619 16551 16551 I cnhq    : onStop
05-18 03:38:21.636  7250  7250 W Finsky  : [2] ajwy.b(131): STU: Failed to get storage stats for package 'com.google.android.extservices' (1601: Error getting stats: android.content.pm.PackageManager.NameNotFoundException)
05-18 03:38:21.653 13137 13147 W System  : A resource failed to call release. 
05-18 03:38:21.656 13137 13147 W System  : A resource failed to call release. 
05-18 03:38:21.685 13137 13240 E scee.psxandroi: Invalid ID 0x00000000.
05-18 03:38:21.738 13137 13240 W System.err: java.lang.SecurityException: Need android.permission.BLUETOOTH_CONNECT permission for android.content.AttributionSource@7dacedab: getName
05-18 03:38:21.741 13137 13240 W System.err: 	at android.os.Parcel.createExceptionOrNull(Parcel.java:2425)
05-18 03:38:21.742 13137 13240 W System.err: 	at android.os.Parcel.createException(Parcel.java:2409)
05-18 03:38:21.742 13137 13240 W System.err: 	at android.os.Parcel.readException(Parcel.java:2392)
05-18 03:38:21.742 13137 13240 W System.err: 	at android.os.Parcel.readException(Parcel.java:2334)
05-18 03:38:21.742 13137 13240 W System.err: 	at android.bluetooth.IBluetoothManager$Stub$Proxy.getName(IBluetoothManager.java:802)
05-18 03:38:21.742 13137 13240 W System.err: 	at android.bluetooth.BluetoothAdapter.getName(BluetoothAdapter.java:1297)
05-18 03:38:21.742 13137 13240 W System.err: 	at com.learnium.RNDeviceInfo.RNDeviceModule.getConstants(RNDeviceModule.java:104)
05-18 03:38:21.742 13137 13240 W System.err: 	at com.facebook.react.bridge.JavaModuleWrapper.getConstants(JavaModuleWrapper.java:136)
05-18 03:38:21.742 13137 13240 W System.err: 	at com.facebook.react.bridge.queue.NativeRunnable.run(Native Method)
05-18 03:38:21.742 13137 13240 W System.err: 	at android.os.Handler.handleCallback(Handler.java:938)
05-18 03:38:21.742 13137 13240 W System.err: 	at android.os.Handler.dispatchMessage(Handler.java:99)
05-18 03:38:21.742 13137 13240 W System.err: 	at com.facebook.react.bridge.queue.MessageQueueThreadHandler.dispatchMessage(MessageQueueThreadHandler.java:29)
05-18 03:38:21.742 13137 13240 W System.err: 	at android.os.Looper.loopOnce(Looper.java:201)
05-18 03:38:21.742 13137 13240 W System.err: 	at android.os.Looper.loop(Looper.java:288)
05-18 03:38:21.742 13137 13240 W System.err: 	at com.facebook.react.bridge.queue.MessageQueueThreadImpl$4.run(MessageQueueThreadImpl.java:232)
05-18 03:38:21.742 13137 13240 W System.err: 	at java.lang.Thread.run(Thread.java:920)
05-18 03:38:21.794  7250  7250 W Finsky  : [2] ajwy.b(131): STU: Failed to get storage stats for package 'com.google.android.os.statsd' (1601: Error getting stats: android.content.pm.PackageManager.NameNotFoundException)
05-18 03:38:21.798  7250  7250 W Finsky  : [2] ajwy.b(131): STU: Failed to get storage stats for package 'com.google.android.cellbroadcast' (1601: Error getting stats: android.content.pm.PackageManager.NameNotFoundException)
05-18 03:38:21.824  7250  7250 W Finsky  : [2] ajwy.b(131): STU: Failed to get storage stats for package 'com.google.android.scheduling' (1601: Error getting stats: android.content.pm.PackageManager.NameNotFoundException)
05-18 03:38:21.899  7250  7250 I Finsky  : [2] nqf.a(199): App states replicator found 4 unowned apps
05-18 03:38:21.917  7250  7250 I Finsky  : [2] nqk.b(18): Completed 0 account content syncs with 0 successful.
05-18 03:38:21.920  7250  7250 I Finsky  : [2] ContentSyncJob.a(12): [ContentSync] Installation state replication succeeded.
05-18 03:38:21.923  7250  7250 I Finsky  : [2] aigi.q(56): SCH: jobFinished: 12-1. TimeElapsed: 1557ms.
05-18 03:38:21.987  7250  7345 I Finsky  : [80] sii.accept(58): SCH: Scheduling phonesky job Id: 1-1337, CT: 1747532943899, Constraints: [{ L: 35227003, D: 78427003, C: CHARGING_NONE, I: IDLE_NONE, N: NET_ANY, B: BATTERY_ANY }]
05-18 03:38:21.988  7250  7345 I Finsky  : [80] sii.accept(58): SCH: Scheduling phonesky job Id: 34-9, CT: 1747532948452, Constraints: [{ L: 79199873, D: 1375199873, C: CHARGING_NONE, I: IDLE_NONE, N: NET_ANY, B: BATTERY_ANY }]
05-18 03:38:21.988  7250  7345 I Finsky  : [80] sii.accept(58): SCH: Scheduling phonesky job Id: 34-12, CT: 1747532949674, Constraints: [{ L: 604800000, D: 2591999137, C: CHARGING_NONE, I: IDLE_NONE, N: NET_ANY, B: BATTERY_ANY }]
05-18 03:38:21.996  7250  7329 I Finsky  : [70] nic.apply(251): SCH: Scheduling 1 system job(s)
05-18 03:38:21.997  7250  7329 I Finsky  : [70] aige.b(244): SCH: Scheduling system job Id: 9167, L: 28668906, D: 71868906, C: false, I: false, N: 1
05-18 03:38:22.022  7250 13182 I Finsky  : [603] aihy.a(24): SCH: job service finished with id 9163.
05-18 03:38:22.146  7250  7342 I Finsky  : [95] alyu.v(185): Package com.google.android.gms is verified.
05-18 03:38:22.153 13137 13137 I cr_WVCFactoryProvider: version=136.0.7103.60 (710306038) minSdkVersion=29 isBundle=false multiprocess=true packageId=2
05-18 03:38:22.164  1404  1510 W MediaProvider: isAppCloneUserPair for user 0: false
05-18 03:38:22.186  1548 13260 W FA-SVC  : Service response is missing Install Referrer install timestamp
05-18 03:38:22.216   178   178 I hwservicemanager: getTransport: Cannot find entry android.hardware.graphics.mapper@4.0::IMapper/default in either framework or device VINTF manifest.
05-18 03:38:22.217 13300 13306 I Gralloc4: mapper 4.x is not supported
05-18 03:38:22.312 13137 13307 I chromium: [0518/033822.216839:INFO:android_webview/browser/variations/variations_seed_loader.cc:67] Failed to open file for reading.: No such file or directory (2)
05-18 03:38:22.346 13137 13307 I chromium: [0518/033822.346656:INFO:android_webview/browser/variations/variations_seed_loader.cc:67] Failed to open file for reading.: No such file or directory (2)
05-18 03:38:22.355   630   677 I ActivityManager: Start proc 13316:com.google.android.webview:webview_service/u0a116 for service {com.google.android.webview/org.chromium.android_webview.services.VariationsSeedServer}
05-18 03:38:22.360  1404  1995 I MediaProvider: Begin Intent { act=android.intent.action.MEDIA_SCANNER_SCAN_FILE dat=file:///sdcard/screen_2025-05-18_113822.png flg=0x1400010 cmp=com.google.android.providers.media.module/com.android.providers.media.MediaService }
05-18 03:38:22.367 13316 13316 W webview_servic: Unexpected CPU variant for X86 using defaults: x86_64
05-18 03:38:22.373  1404  1995 I MediaProvider: End Intent { act=android.intent.action.MEDIA_SCANNER_SCAN_FILE dat=file:///sdcard/screen_2025-05-18_113822.png flg=0x1400010 cmp=com.google.android.providers.media.module/com.android.providers.media.MediaService }
05-18 03:38:22.373 13316 13316 E webview_servic: Not starting debugger since process cannot load the jdwp agent.
05-18 03:38:22.395 13316 13316 W webview_servic: Entry not found
05-18 03:38:22.428 13316 13316 I LoadedApk: No resource references to update in package com.google.android.trichromelibrary
05-18 03:38:22.428 13316 13316 I cr_WebViewApkApp: version=136.0.7103.60 (710306038) minSdkVersion=29 isBundle=false processName=com.google.android.webview:webview_service
05-18 03:38:22.446  1404  1753 I MediaProvider: Deleted 0 1 0 0 0 0 0 items on external_primary due to com.android.shell
05-18 03:38:22.447  1226  2106 I UriTaskContentObserver: (REDACTED) Throttling content uri change event for %s
05-18 03:38:22.507 13137 13137 I cr_LibraryLoader: Successfully loaded native library
05-18 03:38:22.537 13137 13137 I cr_CachingUmaRecorder: Flushed 7 samples from 7 histograms, 0 samples were dropped.
05-18 03:38:22.541 13137 13137 I Choreographer: Skipped 66 frames!  The application may be doing too much work on its main thread.
05-18 03:38:22.937  1404  1510 W MediaProvider: isAppCloneUserPair for user 0: false
05-18 03:38:22.966   178   178 I hwservicemanager: getTransport: Cannot find entry android.hardware.graphics.mapper@4.0::IMapper/default in either framework or device VINTF manifest.
05-18 03:38:22.966 13381 13383 I Gralloc4: mapper 4.x is not supported
05-18 03:38:23.095  1404  1995 I MediaProvider: Begin Intent { act=android.intent.action.MEDIA_SCANNER_SCAN_FILE dat=file:///sdcard/screen_2025-05-18_113823.png flg=0x1400010 cmp=com.google.android.providers.media.module/com.android.providers.media.MediaService }
05-18 03:38:23.101  1404  1995 I MediaProvider: End Intent { act=android.intent.action.MEDIA_SCANNER_SCAN_FILE dat=file:///sdcard/screen_2025-05-18_113823.png flg=0x1400010 cmp=com.google.android.providers.media.module/com.android.providers.media.MediaService }
05-18 03:38:23.116  8184  8184 I cr_A11yState: Enabled accessibility services: [io.github.ylimit.droidbotapp/io.github.privacystreams.accessibility.PSAccessibilityService, null]
05-18 03:38:23.116  8184  8184 I cr_A11yState: Running accessibility services: [io.github.ylimit.droidbotapp/io.github.privacystreams.accessibility.PSAccessibilityService]
05-18 03:38:23.116  8184  8184 I cr_A11yState: Max delay reached. Send information as is.
05-18 03:38:23.117  8184  8184 I cr_A11yState: Informing listeners of changes.
05-18 03:38:23.117  8184  8184 I cr_A11yState: New AccessibilityState: State{isScreenReaderEnabled=true, isTouchExplorationEnabled=false, isPerformGesturesEnabled=false, isAnyAccessibilityServiceEnabled=true, isAccessibilityToolPresent=false, isSpokenFeedbackServicePresent=true, isTextShowPasswordEnabled=true, isOnlyPasswordManagersEnabled=false}
05-18 03:38:23.175  1404  4235 I MediaProvider: Deleted 0 1 0 0 0 0 0 items on external_primary due to com.android.shell
05-18 03:38:23.177  1226  2106 I UriTaskContentObserver: (REDACTED) Throttling content uri change event for %s
05-18 03:38:24.229 13137 13490 I WorkerWrapper: Worker result SUCCESS for Work [ id=3f153356-71df-411a-825f-071da36d0247, tags={ com.sony.sie.tesseract.notification.module.FcmEventWorker } ]
05-18 03:38:25.259   630   746 I RoleService: Granting default roles...
05-18 03:38:25.260  1796  4929 I PermissionControllerServiceImpl: Updating user sensitive for uid 10192
05-18 03:38:25.263   630   756 I InputReader: Reconfiguring input devices, changes=KEYBOARD_LAYOUTS | 
05-18 03:38:25.267  1796 12735 W Role    : Cannot get ApplicationInfo for default holder: com.google.android.contacts
05-18 03:38:25.271   630   630 I Telecom : DefaultDialerCache: Refreshing default dialer for user 0: now com.android.dialer: DDC.oR@AWE
05-18 03:38:25.274  1796 12735 W Role    : Cannot get ApplicationInfo for default holder: com.google.android.as
05-18 03:38:25.349  1796 12735 W Role    : Cannot get ApplicationInfo for default holder: com.google.android.as
05-18 03:38:25.350  1796 12735 W Role    : Cannot get ApplicationInfo for default holder: com.google.android.as
05-18 03:38:25.462  1796 12735 W Role    : Cannot get ApplicationInfo for default holder: com.google.android.as
05-18 03:38:25.525  1796 12735 W Role    : Cannot get ApplicationInfo for default holder: com.google.android.as
05-18 03:38:25.527  1796 12735 W Role    : Cannot get ApplicationInfo for default holder: com.google.android.as
05-18 03:38:25.551  1404  4233 W MediaProvider: isAppCloneUserPair for user 0: false
05-18 03:38:25.591   178   178 I hwservicemanager: getTransport: Cannot find entry android.hardware.graphics.mapper@4.0::IMapper/default in either framework or device VINTF manifest.
05-18 03:38:25.592 13511 13513 I Gralloc4: mapper 4.x is not supported
05-18 03:38:25.718   630   645 W System  : A resource failed to call release. 
05-18 03:38:25.753  1404  1995 I MediaProvider: Begin Intent { act=android.intent.action.MEDIA_SCANNER_SCAN_FILE dat=file:///sdcard/screen_2025-05-18_113826.png flg=0x1400010 cmp=com.google.android.providers.media.module/com.android.providers.media.MediaService }
05-18 03:38:25.767  1404  1995 I MediaProvider: End Intent { act=android.intent.action.MEDIA_SCANNER_SCAN_FILE dat=file:///sdcard/screen_2025-05-18_113826.png flg=0x1400010 cmp=com.google.android.providers.media.module/com.android.providers.media.MediaService }
05-18 03:38:25.824  1404  4235 I MediaProvider: Deleted 0 1 0 0 0 0 0 items on external_primary due to com.android.shell
05-18 03:38:25.825  1226  2106 I UriTaskContentObserver: (REDACTED) Throttling content uri change event for %s
05-18 03:38:26.276  1404  4233 W MediaProvider: isAppCloneUserPair for user 0: false
05-18 03:38:26.301   178   178 I hwservicemanager: getTransport: Cannot find entry android.hardware.graphics.mapper@4.0::IMapper/default in either framework or device VINTF manifest.
05-18 03:38:26.301 13558 13560 I Gralloc4: mapper 4.x is not supported
05-18 03:38:26.428  1404  1995 I MediaProvider: Begin Intent { act=android.intent.action.MEDIA_SCANNER_SCAN_FILE dat=file:///sdcard/screen_2025-05-18_113827.png flg=0x1400010 cmp=com.google.android.providers.media.module/com.android.providers.media.MediaService }
05-18 03:38:26.431  1404  1995 I MediaProvider: End Intent { act=android.intent.action.MEDIA_SCANNER_SCAN_FILE dat=file:///sdcard/screen_2025-05-18_113827.png flg=0x1400010 cmp=com.google.android.providers.media.module/com.android.providers.media.MediaService }
05-18 03:38:26.498  1404  4235 I MediaProvider: Deleted 0 1 0 0 0 0 0 items on external_primary due to com.android.shell
05-18 03:38:26.501  1226  2106 I UriTaskContentObserver: (REDACTED) Throttling content uri change event for %s
05-18 03:38:26.801 13583 13583 I AndroidRuntime: Using default boot image
05-18 03:38:26.801 13583 13583 I AndroidRuntime: Leaving lock profiling enabled
05-18 03:38:26.801 13583 13583 W libc    : Access denied finding property "odsign.verification.success"
05-18 03:38:26.796 13583 13583 W app_process: type=1400 audit(0.0:414): avc: denied { read } for name="u:object_r:odsign_prop:s0" dev="tmpfs" ino=203 scontext=u:r:shell:s0 tcontext=u:object_r:odsign_prop:s0 tclass=file permissive=0
05-18 03:38:26.804 13583 13583 W app_process: ART APEX data files are untrusted.
05-18 03:38:26.881 13583 13583 W app_process: Unexpected CPU variant for X86 using defaults: x86_64
05-18 03:38:26.895 13583 13583 W app_process: ClassLoaderContext classpath size mismatch. expected=0, found=1 (PCL[] | PCL[/system/framework/android.test.runner.jar*1585996318])
05-18 03:38:27.931 13583 13583 W AccessibilityNodeInfoDumper: Fetch time: 2ms
05-18 03:38:29.044  1404  4235 W MediaProvider: isAppCloneUserPair for user 0: false
05-18 03:38:29.075   178   178 I hwservicemanager: getTransport: Cannot find entry android.hardware.graphics.mapper@4.0::IMapper/default in either framework or device VINTF manifest.
05-18 03:38:29.075 13626 13628 I Gralloc4: mapper 4.x is not supported
05-18 03:38:29.195  1404  1995 I MediaProvider: Begin Intent { act=android.intent.action.MEDIA_SCANNER_SCAN_FILE dat=file:///sdcard/screen_2025-05-18_113829.png flg=0x1400010 cmp=com.google.android.providers.media.module/com.android.providers.media.MediaService }
05-18 03:38:29.203  1404  1995 I MediaProvider: End Intent { act=android.intent.action.MEDIA_SCANNER_SCAN_FILE dat=file:///sdcard/screen_2025-05-18_113829.png flg=0x1400010 cmp=com.google.android.providers.media.module/com.android.providers.media.MediaService }
05-18 03:38:29.275  1226  2106 I UriTaskContentObserver: (REDACTED) Throttling content uri change event for %s
05-18 03:38:29.275  1404  4233 I MediaProvider: Deleted 0 1 0 0 0 0 0 items on external_primary due to com.android.shell
05-18 03:38:29.521  1226 13277 I NetworkScheduler.Stats: (REDACTED) Task %s/%s started execution. cause:%s exec_start_elapsed_seconds: %s
05-18 03:38:29.529  1226 13276 I NetworkScheduler.Stats: (REDACTED) Task %s/%s finished executing. cause:%s result: %s elapsed_millis: %s uptime_millis: %s exec_start_elapsed_seconds: %s
05-18 03:38:30.267   630   966 W InputManager-JNI: Input channel object 'd80aba6 com.scee.psxandroid/com.scee.psxandroid.activity.TopActivity (client)' was disposed without first being removed with the input manager!
05-18 03:38:30.288   630   966 I ActivityTaskManager: START u0 {act=android.intent.action.VIEW dat=https://play.google.com/... flg=0x10000000 cmp=com.android.vending/com.google.android.finsky.activities.MainActivity} from uid 10192
05-18 03:38:30.354   630   966 W ActivityTaskManager: Can't find TaskDisplayArea to determine support for multi window. Task id=31 attached=false
05-18 03:38:30.373 13137 13137 W MainApp : setAppPausedStatus called
05-18 03:38:30.436 13137 13183 E GoogleApiManager: Failed to get service from broker. 
05-18 03:38:30.436 13137 13183 E GoogleApiManager: java.lang.SecurityException: Unknown calling package name 'com.google.android.gms'.
05-18 03:38:30.436 13137 13183 E GoogleApiManager: 	at android.os.Parcel.createExceptionOrNull(Parcel.java:2425)
05-18 03:38:30.436 13137 13183 E GoogleApiManager: 	at android.os.Parcel.createException(Parcel.java:2409)
05-18 03:38:30.436 13137 13183 E GoogleApiManager: 	at android.os.Parcel.readException(Parcel.java:2392)
05-18 03:38:30.436 13137 13183 E GoogleApiManager: 	at android.os.Parcel.readException(Parcel.java:2334)
05-18 03:38:30.436 13137 13183 E GoogleApiManager: 	at aubk.a(:com.google.android.gms@251333032@25.13.33 (190800-745790146):36)
05-18 03:38:30.436 13137 13183 E GoogleApiManager: 	at atzr.z(:com.google.android.gms@251333032@25.13.33 (190800-745790146):143)
05-18 03:38:30.436 13137 13183 E GoogleApiManager: 	at atha.run(:com.google.android.gms@251333032@25.13.33 (190800-745790146):42)
05-18 03:38:30.436 13137 13183 E GoogleApiManager: 	at android.os.Handler.handleCallback(Handler.java:938)
05-18 03:38:30.436 13137 13183 E GoogleApiManager: 	at android.os.Handler.dispatchMessage(Handler.java:99)
05-18 03:38:30.436 13137 13183 E GoogleApiManager: 	at cbvt.mk(:com.google.android.gms@251333032@25.13.33 (190800-745790146):1)
05-18 03:38:30.436 13137 13183 E GoogleApiManager: 	at cbvt.dispatchMessage(:com.google.android.gms@251333032@25.13.33 (190800-745790146):5)
05-18 03:38:30.436 13137 13183 E GoogleApiManager: 	at android.os.Looper.loopOnce(Looper.java:201)
05-18 03:38:30.436 13137 13183 E GoogleApiManager: 	at android.os.Looper.loop(Looper.java:288)
05-18 03:38:30.436 13137 13183 E GoogleApiManager: 	at android.os.HandlerThread.run(HandlerThread.java:67)
05-18 03:38:30.438 13137 13183 E GoogleApiManager: Failed to get service from broker. 
05-18 03:38:30.438 13137 13183 E GoogleApiManager: java.lang.SecurityException: Unknown calling package name 'com.google.android.gms'.
05-18 03:38:30.438 13137 13183 E GoogleApiManager: 	at android.os.Parcel.createExceptionOrNull(Parcel.java:2425)
05-18 03:38:30.438 13137 13183 E GoogleApiManager: 	at android.os.Parcel.createException(Parcel.java:2409)
05-18 03:38:30.438 13137 13183 E GoogleApiManager: 	at android.os.Parcel.readException(Parcel.java:2392)
05-18 03:38:30.438 13137 13183 E GoogleApiManager: 	at android.os.Parcel.readException(Parcel.java:2334)
05-18 03:38:30.438 13137 13183 E GoogleApiManager: 	at aubk.a(:com.google.android.gms@251333032@25.13.33 (190800-745790146):36)
05-18 03:38:30.438 13137 13183 E GoogleApiManager: 	at atzr.z(:com.google.android.gms@251333032@25.13.33 (190800-745790146):143)
05-18 03:38:30.438 13137 13183 E GoogleApiManager: 	at atha.run(:com.google.android.gms@251333032@25.13.33 (190800-745790146):42)
05-18 03:38:30.438 13137 13183 E GoogleApiManager: 	at android.os.Handler.handleCallback(Handler.java:938)
05-18 03:38:30.438 13137 13183 E GoogleApiManager: 	at android.os.Handler.dispatchMessage(Handler.java:99)
05-18 03:38:30.438 13137 13183 E GoogleApiManager: 	at cbvt.mk(:com.google.android.gms@251333032@25.13.33 (190800-745790146):1)
05-18 03:38:30.438 13137 13183 E GoogleApiManager: 	at cbvt.dispatchMessage(:com.google.android.gms@251333032@25.13.33 (190800-745790146):5)
05-18 03:38:30.438 13137 13183 E GoogleApiManager: 	at android.os.Looper.loopOnce(Looper.java:201)
05-18 03:38:30.438 13137 13183 E GoogleApiManager: 	at android.os.Looper.loop(Looper.java:288)
05-18 03:38:30.438 13137 13183 E GoogleApiManager: 	at android.os.HandlerThread.run(HandlerThread.java:67)
05-18 03:38:30.976  7250  7250 W Finsky  : [2] men.e(8): Null bundle, which breaks event chain!. Creating a new logging context.
05-18 03:38:30.991  1226  1239 I FontLog : (REDACTED) Received query %s, URI %s
05-18 03:38:31.003  1226  1239 I FontLog : (REDACTED) Query [%s] resolved to %s
05-18 03:38:31.064  1226  1239 I FontLog : (REDACTED) Font PFD returned from cache for %s
05-18 03:38:31.064  1226  1239 I FontLog : (REDACTED) Fetch %s end status %s
05-18 03:38:31.091  1226  1239 I FontLog : (REDACTED) Pulling font file for id = %d, cache size = %d
05-18 03:38:31.167  7250  7348 I cn_CronetUrlRequestContext: destroyNativeStreamLocked org.chromium.net.impl.CronetBidirectionalStream@359533c
05-18 03:38:31.212  7250  7250 I Finsky  : [2] aafk.<init>(71): Set up MAUI
05-18 03:38:31.288  7250 13727 I FA      : Tag Manager is not found and thus will not be used
05-18 03:38:31.292  7250  7312 I Finsky  : [57] zmz.a(106): Verifying app locale consistency (current locale = English (United States))
05-18 03:38:31.300  7250  7312 I Finsky  : [57] zmz.a(125): Language Split Installed = true
