05-31 14:53:15.635  7637  7669 I GoogleTagManager: Loading container GTM-W6CBT7Q
05-31 14:53:15.636  7637  7669 I GoogleTagManager: Installing Tag Manager event handler.
05-31 14:53:15.638  7637  7669 I GoogleTagManager: Tag Manager event handler installed.
05-31 14:53:15.638  7637  7669 I GoogleTagManager: Tag Manager initialization took 4ms
05-31 14:53:15.639   590  1816 I ActivityManager: Killing 4028:com.google.android.youtube/u0a117 (adj 925): empty #17
05-31 14:53:15.671   318   318 I Zygote  : Process 4028 exited due to signal 9 (Killed)
05-31 14:53:15.682   590   640 I libprocessgroup: Successfully killed process cgroup uid 10117 pid 4028 in 42ms
05-31 14:53:15.762  7637  7730 I Braze v14.0.0 .bo.app.k6: Storing local triggered action asset at local path /data/user/0/com.yum.pizzahut/cache/ab_triggers/736892559.png for remote path https://braze-images.com/appboy/communication/assets/image_assets/images/671136dcb8ba9c0063c485f9/original.png?1729181403
05-31 14:53:15.783  1717  7850 I AdvertisingIdClient: shouldSendLog 62943
05-31 14:53:15.783  1717  7850 I AdvertisingIdClient: GetInfoInternal elapse 6ms
05-31 14:53:15.830  7637  7730 I Braze v14.0.0 .bo.app.k6: Storing local triggered action asset at local path /data/user/0/com.yum.pizzahut/cache/ab_triggers/-1264296454.otf for remote path https://braze-images.com/appboy/communication/assets/font_assets/files/6711a6a77f70c100640ac245/original.otf?1729210023
05-31 14:53:15.831  2831  2845 I Finsky  : [44] atms.ar(184): Package com.google.android.gms is verified.
05-31 14:53:15.834  1717  7850 W FA-SVC  : Service response is missing Install Referrer install timestamp
05-31 14:53:15.866  7637  7794 E RNKeychainManager: No entry found for service: 
05-31 14:53:15.896  7637  7730 I Braze v14.0.0 .bo.app.k6: Storing local triggered action asset at local path /data/user/0/com.yum.pizzahut/cache/ab_triggers/584766333.png for remote path https://braze-images.com/appboy/communication/assets/image_assets/images/671fb1efa409a10071909bdd/original.png?1730130415
05-31 14:53:15.919  7637  7794 I RNAnalytics-doOperation: ["FirebaseLogEvent"], , { NativeMap: {"session_local_time":"Sat May 31 14:53:15 2025","screen_currency":"USD","environment":"PROD","screen_cat_level3":"[NOT SET]","user_rewards_member":"Not Signed In","session_remember_name":"No","session_local_day":"Sat May 31 14:53:15 2025","session_remember_cart":"No","binaryVersion":"5.24.1","has_ecomm":0,"screen_name":"[NOT SET]","codePushVersion":"current binary","screen_breadcrumb":"[NOT SET]","conversation_id":"A4ED3F1FCEB9900C7EB741B3BF4F80::1.0.17::","debug":false,"screen_cat_level2":"[NOT SET]","screen_cat_level4":"[NOT SET]","event_label":"[NOT SET] > [dataModel.event_action not set]","screen_aggregation":"[NOT SET]","screen_cat_level1":"[NOT SET]","session_cst_hour":"Sat May 31 14:53:15 2025","event_category":"[NOT SET]","session_local_hour":"Sat May 31 14:53:15 2025","session_cst_day":"Sat May 31 14:53:15 2025","session_cst_time":"Sat May 31 14:53:15 2025","user_localized":"No","ecomm":false,"session_local_GMTOffset":"-0000","user_rewards_mkt_opt_in":"Not Signed In"} }
05-31 14:53:15.919  7637  7794 I RNFirebase-doOperation: , { NativeMap: {"session_local_time":"Sat May 31 14:53:15 2025","screen_currency":"USD","environment":"PROD","screen_cat_level3":"[NOT SET]","user_rewards_member":"Not Signed In","session_remember_name":"No","session_local_day":"Sat May 31 14:53:15 2025","session_remember_cart":"No","binaryVersion":"5.24.1","has_ecomm":0,"screen_name":"[NOT SET]","codePushVersion":"current binary","screen_breadcrumb":"[NOT SET]","conversation_id":"A4ED3F1FCEB9900C7EB741B3BF4F80::1.0.17::","debug":false,"screen_cat_level2":"[NOT SET]","screen_cat_level4":"[NOT SET]","event_label":"[NOT SET] > [dataModel.event_action not set]","screen_aggregation":"[NOT SET]","screen_cat_level1":"[NOT SET]","session_cst_hour":"Sat May 31 14:53:15 2025","event_category":"[NOT SET]","session_local_hour":"Sat May 31 14:53:15 2025","session_cst_day":"Sat May 31 14:53:15 2025","session_cst_time":"Sat May 31 14:53:15 2025","user_localized":"No","ecomm":false,"session_local_GMTOffset":"-0000","user_rewards_mkt_opt_in":"Not Signed In"} }
05-31 14:53:15.919  7637  7794 I RNFirebase-doOperation: logEvent
05-31 14:53:15.921  7637  7794 I RNAppsFlyer-doOperation: , { NativeMap: {"session_local_time":"Sat May 31 14:53:15 2025","screen_currency":"USD","environment":"PROD","screen_cat_level3":"[NOT SET]","user_rewards_member":"Not Signed In","session_remember_name":"No","session_local_day":"Sat May 31 14:53:15 2025","session_remember_cart":"No","binaryVersion":"5.24.1","has_ecomm":0,"screen_name":"[NOT SET]","codePushVersion":"current binary","screen_breadcrumb":"[NOT SET]","conversation_id":"A4ED3F1FCEB9900C7EB741B3BF4F80::1.0.17::","debug":false,"screen_cat_level2":"[NOT SET]","screen_cat_level4":"[NOT SET]","event_label":"[NOT SET] > [dataModel.event_action not set]","screen_aggregation":"[NOT SET]","screen_cat_level1":"[NOT SET]","session_cst_hour":"Sat May 31 14:53:15 2025","event_category":"[NOT SET]","session_local_hour":"Sat May 31 14:53:15 2025","session_cst_day":"Sat May 31 14:53:15 2025","session_cst_time":"Sat May 31 14:53:15 2025","user_localized":"No","ecomm":false,"session_local_GMTOffset":"-0000","user_rewards_mkt_opt_in":"Not Signed In"} }
05-31 14:53:15.952  7637  7669 E FA      : Name is required and can't be empty. Type: event
05-31 14:53:15.952  7637  7669 E FA      : Invalid public event name. Event will not be logged (FE)
05-31 14:53:15.963  7637  7730 I Braze v14.0.0 .bo.app.k6: Storing local triggered action asset at local path /data/user/0/com.yum.pizzahut/cache/ab_triggers/359999908.svg for remote path https://braze-images.com/appboy/communication/assets/svg_assets/files/671058750e71410064f9551b/original.svg?1729124469
05-31 14:53:15.979  7637  7791 W ReactNativeJS: Failed to get size for image: backgroundpizza
05-31 14:53:16.038  7637  7730 I Braze v14.0.0 .bo.app.k6: Storing local triggered action asset at local path /data/user/0/com.yum.pizzahut/cache/ab_triggers/-1051695544.png for remote path https://braze-images.com/appboy/communication/assets/image_assets/images/671fb1fb92275d0063556c5e/original.png?1730130427
05-31 14:53:16.042  7637  7747 I Braze v14.0.0 .bo.app.a4: Updating offline feed for user with id: 
05-31 14:53:16.046  7637  7794 W unknown:ApplicationBadgeHelper: First attempt to use legacy Samsung badger failed; permanently disabling method.
05-31 14:53:16.046  7637  7747 I Braze v14.0.0 .bo.app.k1: Max number to register newly set to 20 via server config.
05-31 14:53:16.046  7637  7747 I Braze v14.0.0 .bo.app.l1: Min time since last geofence request reset via server configuration: 86400s.
05-31 14:53:16.046  7637  7747 I Braze v14.0.0 .bo.app.l1: Min time since last geofence report reset via server configuration: 0s.
05-31 14:53:16.087  1360  1926 I MediaProvider: Begin Intent { act=android.intent.action.MEDIA_SCANNER_SCAN_FILE dat=file:///sdcard/screen_2025-05-31_225315.png flg=0x1400010 cmp=com.google.android.providers.media.module/com.android.providers.media.MediaService }
05-31 14:53:16.091  7637  7843 W GoogleTagManager: Event does not have parameter "eventName" and no default value was defined. Returning "undefined".
05-31 14:53:16.092  7637  7843 W GoogleTagManager: Event does not have parameter "eventName" and no default value was defined. Returning "undefined".
05-31 14:53:16.093  7637  7843 W GoogleTagManager: Event does not have parameter "eventName" and no default value was defined. Returning "undefined".
05-31 14:53:16.110  7637  7843 W GoogleTagManager: Event does not have parameter "eventName" and no default value was defined. Returning "undefined".
05-31 14:53:16.110  7637  7730 I Braze v14.0.0 .bo.app.k6: Storing local triggered action asset at local path /data/user/0/com.yum.pizzahut/cache/ab_triggers/108680765.svg for remote path https://braze-images.com/appboy/communication/assets/svg_assets/files/671fb21242ffae0064df0035/original.svg?1730130450
05-31 14:53:16.112  7637  7843 W GoogleTagManager: Event does not have parameter "eventName" and no default value was defined. Returning "undefined".
05-31 14:53:16.121  7637  7843 W GoogleTagManager: Event does not have parameter "eventName" and no default value was defined. Returning "undefined".
05-31 14:53:16.124  1360  1369 I FuseDaemon: Background concurrent copying GC freed 5433(401KB) AllocSpace objects, 12(3872KB) LOS objects, 49% free, 2491KB/4982KB, paused 8.533ms,351us total 26.970ms
05-31 14:53:16.126  7637  7843 W GoogleTagManager: Event does not have parameter "eventName" and no default value was defined. Returning "undefined".
05-31 14:53:16.128  7637  7843 W GoogleTagManager: Event does not have parameter "tracking_type" and no default value was defined. Returning "undefined".
05-31 14:53:16.145  7637  7843 W GoogleTagManager: Event does not have parameter "eventName" and no default value was defined. Returning "undefined".
05-31 14:53:16.146  7637  7843 W GoogleTagManager: Event does not have parameter "eventName" and no default value was defined. Returning "undefined".
05-31 14:53:16.147  7637  7843 W GoogleTagManager: Event does not have parameter "eventName" and no default value was defined. Returning "undefined".
05-31 14:53:16.148  7637  7843 W GoogleTagManager: Event does not have parameter "eventName" and no default value was defined. Returning "undefined".
05-31 14:53:16.150  7637  7843 W GoogleTagManager: Event does not have parameter "eventName" and no default value was defined. Returning "undefined".
05-31 14:53:16.151  1360  1926 I MediaProvider: End Intent { act=android.intent.action.MEDIA_SCANNER_SCAN_FILE dat=file:///sdcard/screen_2025-05-31_225315.png flg=0x1400010 cmp=com.google.android.providers.media.module/com.android.providers.media.MediaService }
05-31 14:53:16.154  7637  7843 W GoogleTagManager: Event does not have parameter "eventName" and no default value was defined. Returning "undefined".
05-31 14:53:16.175  7637  7869 I AdvertisingIdClient: shouldSendLog -1
05-31 14:53:16.179  7637  7843 W GoogleTagManager: Event does not have parameter "eventName" and no default value was defined. Returning "undefined".
05-31 14:53:16.180  7637  7869 I AdvertisingIdClient: GetInfoInternal elapse 15ms
05-31 14:53:16.180  7637  7869 I GoogleTagManager: Obtained fresh AdvertisingId info from GmsCore.
05-31 14:53:16.180  7637  7645 I om.yum.pizzahu: Background young concurrent copying GC freed 312623(16MB) AllocSpace objects, 185(9012KB) LOS objects, 69% free, 10MB/34MB, paused 576us,2.763ms total 112.674ms
05-31 14:53:16.182  7637  7843 W GoogleTagManager: Event does not have parameter "eventName" and no default value was defined. Returning "undefined".
05-31 14:53:16.185  7637  7843 W GoogleTagManager: Event does not have parameter "eventName" and no default value was defined. Returning "undefined".
05-31 14:53:16.186  7637  7843 W GoogleTagManager: Event does not have parameter "eventName" and no default value was defined. Returning "undefined".
05-31 14:53:16.193  7637  7843 W GoogleTagManager: Event does not have parameter "eventName" and no default value was defined. Returning "undefined".
05-31 14:53:16.194  7637  7637 I AdvertisingIdClient: getting error as 17: API: ClientTelemetry.API is not available on this device. Connection failed with: wn{statusCode=API_DISABLED_FOR_CONNECTION, resolution=null, message=null}
05-31 14:53:16.194  7637  7843 W GoogleTagManager: Event does not have parameter "eventName" and no default value was defined. Returning "undefined".
05-31 14:53:16.196  7637  7843 W GoogleTagManager: Event does not have parameter "screen_level1" and no default value was defined. Returning "undefined".
05-31 14:53:16.198  7637  7843 W GoogleTagManager: Event does not have parameter "conversation_id" and no default value was defined. Returning "undefined".
05-31 14:53:16.199  7637  7843 W GoogleTagManager: Event does not have parameter "user_login_status" and no default value was defined. Returning "undefined".
05-31 14:53:16.203  7637  7843 W GoogleTagManager: Invalid Event name: gtm.load (Must not start with an underscore and must consist of letters, digits and/or underscores)
05-31 14:53:16.203  7637  7843 W GoogleTagManager: Event does not have parameter "eventName" and no default value was defined. Returning "undefined".
05-31 14:53:16.204  7637  7843 W GoogleTagManager: Event does not have parameter "eventName" and no default value was defined. Returning "undefined".
05-31 14:53:16.205  7637  7843 W GoogleTagManager: Event does not have parameter "eventName" and no default value was defined. Returning "undefined".
05-31 14:53:16.208  7637  7843 W GoogleTagManager: Event does not have parameter "eventName" and no default value was defined. Returning "undefined".
05-31 14:53:16.208  7637  7843 W GoogleTagManager: Event does not have parameter "eventName" and no default value was defined. Returning "undefined".
05-31 14:53:16.209  7637  7843 W GoogleTagManager: Event does not have parameter "eventName" and no default value was defined. Returning "undefined".
05-31 14:53:16.210  7637  7843 W GoogleTagManager: Event does not have parameter "eventName" and no default value was defined. Returning "undefined".
05-31 14:53:16.211  7637  7843 W GoogleTagManager: Event does not have parameter "tracking_type" and no default value was defined. Returning "undefined".
05-31 14:53:16.212  7637  7843 W GoogleTagManager: Event does not have parameter "eventName" and no default value was defined. Returning "undefined".
05-31 14:53:16.212  7637  7843 W GoogleTagManager: Event does not have parameter "eventName" and no default value was defined. Returning "undefined".
05-31 14:53:16.213  7637  7843 W GoogleTagManager: Event does not have parameter "eventName" and no default value was defined. Returning "undefined".
05-31 14:53:16.214  7637  7843 W GoogleTagManager: Event does not have parameter "eventName" and no default value was defined. Returning "undefined".
05-31 14:53:16.214  7637  7843 W GoogleTagManager: Event does not have parameter "eventName" and no default value was defined. Returning "undefined".
05-31 14:53:16.215  7637  7843 W GoogleTagManager: Event does not have parameter "eventName" and no default value was defined. Returning "undefined".
05-31 14:53:16.217  7637  7843 W GoogleTagManager: Event does not have parameter "eventName" and no default value was defined. Returning "undefined".
05-31 14:53:16.218  7637  7843 W GoogleTagManager: Event does not have parameter "eventName" and no default value was defined. Returning "undefined".
05-31 14:53:16.220  7637  7843 W GoogleTagManager: Event does not have parameter "eventName" and no default value was defined. Returning "undefined".
05-31 14:53:16.220  7637  7843 W GoogleTagManager: Event does not have parameter "eventName" and no default value was defined. Returning "undefined".
05-31 14:53:16.223  7637  7843 W GoogleTagManager: Event does not have parameter "eventName" and no default value was defined. Returning "undefined".
05-31 14:53:16.224  7637  7843 W GoogleTagManager: Event does not have parameter "eventName" and no default value was defined. Returning "undefined".
05-31 14:53:16.225  7637  7843 W GoogleTagManager: Event does not have parameter "screen_level1" and no default value was defined. Returning "undefined".
05-31 14:53:16.227  7637  7730 I Braze v14.0.0 .bo.app.k6: Storing local triggered action asset at local path /data/user/0/com.yum.pizzahut/cache/ab_triggers/-493977507.png for remote path https://braze-images.com/appboy/communication/assets/image_assets/images/671fb1fbdd160400644e1c0b/original.png?1730130427
05-31 14:53:16.228  7637  7843 W GoogleTagManager: Event does not have parameter "conversation_id" and no default value was defined. Returning "undefined".
05-31 14:53:16.229  7637  7843 W GoogleTagManager: Event does not have parameter "user_login_status" and no default value was defined. Returning "undefined".
05-31 14:53:16.230  1360  6502 I MediaProvider: Deleted 0 1 0 0 0 0 0 items on external_primary due to com.android.shell
05-31 14:53:16.231  1166  2130 I UriTaskContentObserver: (REDACTED) Throttling content uri change event for %s
05-31 14:53:16.236  7637  7843 W GoogleTagManager: Invalid Event name: _vs (Must not start with an underscore and must consist of letters, digits and/or underscores)
05-31 14:53:16.237  7637  7843 W GoogleTagManager: Event does not have parameter "eventName" and no default value was defined. Returning "undefined".
05-31 14:53:16.238  7637  7843 W GoogleTagManager: Event does not have parameter "eventName" and no default value was defined. Returning "undefined".
05-31 14:53:16.238  7637  7843 W GoogleTagManager: Event does not have parameter "eventName" and no default value was defined. Returning "undefined".
05-31 14:53:16.240  7637  7843 W GoogleTagManager: Event does not have parameter "eventName" and no default value was defined. Returning "undefined".
05-31 14:53:16.240  7637  7843 W GoogleTagManager: Event does not have parameter "eventName" and no default value was defined. Returning "undefined".
05-31 14:53:16.241  7637  7843 W GoogleTagManager: Event does not have parameter "eventName" and no default value was defined. Returning "undefined".
05-31 14:53:16.242  7637  7843 W GoogleTagManager: Event does not have parameter "eventName" and no default value was defined. Returning "undefined".
05-31 14:53:16.242  7637  7843 W GoogleTagManager: Event does not have parameter "tracking_type" and no default value was defined. Returning "undefined".
05-31 14:53:16.243  7637  7843 W GoogleTagManager: Event does not have parameter "eventName" and no default value was defined. Returning "undefined".
05-31 14:53:16.243  7637  7843 W GoogleTagManager: Event does not have parameter "eventName" and no default value was defined. Returning "undefined".
05-31 14:53:16.244  7637  7843 W GoogleTagManager: Event does not have parameter "eventName" and no default value was defined. Returning "undefined".
05-31 14:53:16.245  7637  7843 W GoogleTagManager: Event does not have parameter "eventName" and no default value was defined. Returning "undefined".
05-31 14:53:16.245  7637  7843 W GoogleTagManager: Event does not have parameter "eventName" and no default value was defined. Returning "undefined".
05-31 14:53:16.246  7637  7843 W GoogleTagManager: Event does not have parameter "eventName" and no default value was defined. Returning "undefined".
05-31 14:53:16.248  7637  7843 W GoogleTagManager: Event does not have parameter "eventName" and no default value was defined. Returning "undefined".
05-31 14:53:16.249  7637  7843 W GoogleTagManager: Event does not have parameter "eventName" and no default value was defined. Returning "undefined".
05-31 14:53:16.250  7637  7843 W GoogleTagManager: Event does not have parameter "eventName" and no default value was defined. Returning "undefined".
05-31 14:53:16.251  7637  7843 W GoogleTagManager: Event does not have parameter "eventName" and no default value was defined. Returning "undefined".
05-31 14:53:16.253  7637  7843 W GoogleTagManager: Event does not have parameter "eventName" and no default value was defined. Returning "undefined".
05-31 14:53:16.254  7637  7843 W GoogleTagManager: Event does not have parameter "eventName" and no default value was defined. Returning "undefined".
05-31 14:53:16.255  7637  7843 W GoogleTagManager: Event does not have parameter "screen_level1" and no default value was defined. Returning "undefined".
05-31 14:53:16.257  7637  7843 W GoogleTagManager: Event does not have parameter "conversation_id" and no default value was defined. Returning "undefined".
05-31 14:53:16.258  7637  7843 W GoogleTagManager: Event does not have parameter "user_login_status" and no default value was defined. Returning "undefined".
05-31 14:53:16.261  7637  7843 W GoogleTagManager: Invalid Event name: _s (Must not start with an underscore and must consist of letters, digits and/or underscores)
05-31 14:53:16.262  7637  7843 W GoogleTagManager: Event does not have parameter "eventName" and no default value was defined. Returning "undefined".
05-31 14:53:16.262  7637  7843 W GoogleTagManager: Event does not have parameter "eventName" and no default value was defined. Returning "undefined".
05-31 14:53:16.263  7637  7843 W GoogleTagManager: Event does not have parameter "eventName" and no default value was defined. Returning "undefined".
05-31 14:53:16.264  7637  7843 W GoogleTagManager: Event does not have parameter "eventName" and no default value was defined. Returning "undefined".
05-31 14:53:16.265  7637  7843 W GoogleTagManager: Event does not have parameter "eventName" and no default value was defined. Returning "undefined".
05-31 14:53:16.266  7637  7843 W GoogleTagManager: Event does not have parameter "eventName" and no default value was defined. Returning "undefined".
05-31 14:53:16.266  7637  7843 W GoogleTagManager: Event does not have parameter "eventName" and no default value was defined. Returning "undefined".
05-31 14:53:16.267  7637  7843 W GoogleTagManager: Event does not have parameter "tracking_type" and no default value was defined. Returning "undefined".
05-31 14:53:16.267  7637  7843 W GoogleTagManager: Event does not have parameter "eventName" and no default value was defined. Returning "undefined".
05-31 14:53:16.268  7637  7843 W GoogleTagManager: Event does not have parameter "eventName" and no default value was defined. Returning "undefined".
05-31 14:53:16.268  7637  7843 W GoogleTagManager: Event does not have parameter "eventName" and no default value was defined. Returning "undefined".
05-31 14:53:16.268  7637  7843 W GoogleTagManager: Event does not have parameter "eventName" and no default value was defined. Returning "undefined".
05-31 14:53:16.269  7637  7843 W GoogleTagManager: Event does not have parameter "eventName" and no default value was defined. Returning "undefined".
05-31 14:53:16.270  7637  7843 W GoogleTagManager: Event does not have parameter "eventName" and no default value was defined. Returning "undefined".
05-31 14:53:16.272  7637  7843 W GoogleTagManager: Event does not have parameter "eventName" and no default value was defined. Returning "undefined".
05-31 14:53:16.272  7637  7843 W GoogleTagManager: Event does not have parameter "eventName" and no default value was defined. Returning "undefined".
05-31 14:53:16.273  7637  7843 W GoogleTagManager: Event does not have parameter "eventName" and no default value was defined. Returning "undefined".
05-31 14:53:16.273  7637  7843 W GoogleTagManager: Event does not have parameter "eventName" and no default value was defined. Returning "undefined".
05-31 14:53:16.275  7637  7843 W GoogleTagManager: Event does not have parameter "eventName" and no default value was defined. Returning "undefined".
05-31 14:53:16.276  7637  7843 W GoogleTagManager: Event does not have parameter "eventName" and no default value was defined. Returning "undefined".
05-31 14:53:16.277  7637  7843 W GoogleTagManager: Event does not have parameter "screen_level1" and no default value was defined. Returning "undefined".
05-31 14:53:16.279  7637  7843 W GoogleTagManager: Event does not have parameter "conversation_id" and no default value was defined. Returning "undefined".
05-31 14:53:16.279  7637  7843 W GoogleTagManager: Event does not have parameter "user_login_status" and no default value was defined. Returning "undefined".
05-31 14:53:16.281  7637  7843 W GoogleTagManager: Invalid Event name: _err (Must not start with an underscore and must consist of letters, digits and/or underscores)
05-31 14:53:16.361  7637  7791 I ReactNativeJS: [CodePush] Reporting binary update (5.24.1)
05-31 14:53:16.361  7637  7794 I RNAnalytics-doOperation: ["FirebaseLogEvent"], screen, { NativeMap: {"screen_form_name":"Sign In Form","codePushVersion":"current binary","screen_breadcrumb":"Sign In Options","screen_level1":"Sign In Options","screen_has_form":1,"session_cst_time":"Sat May 31 14:53:16 2025","binaryVersion":"5.24.1","has_ecomm":0,"screen_name":"Sign In Options","event":"screen","environment":"PROD","screen_cat_level1":"Sign In Options","screen_aggregation":"Sign In Options","screen_cat_level3":"Sign In Options","eventName":"screen","session_cst_day":"Sat May 31 14:53:16 2025","session_local_time":"Sat May 31 14:53:16 2025","screen_currency":"USD","session_remember_name":"No","session_remember_cart":"No","user_rewards_member":"Not Signed In","conversation_id":"DB5A029A14C1880CB34B01EDCE8800::1.0.17::","debug":false,"screen_cat_level2":"Sign In Options","screen_cat_level4":"Sign In Options","session_local_hour":"Sat May 31 14:53:16 2025","session_local_day":"Sat May 31 14:53:16 2025","session_cst_hour":"Sat May 31 14:53:16 2025","user_localized":"No","screen_form_load":1,"ecomm":false,"session_local_GMTOffset":"-0000","user_rewards_mkt_opt_in":"Not Signed In"} }
05-31 14:53:16.361  7637  7794 I RNFirebase-doOperation: screen, { NativeMap: {"screen_form_name":"Sign In Form","codePushVersion":"current binary","screen_breadcrumb":"Sign In Options","screen_level1":"Sign In Options","screen_has_form":1,"session_cst_time":"Sat May 31 14:53:16 2025","binaryVersion":"5.24.1","has_ecomm":0,"screen_name":"Sign In Options","event":"screen","environment":"PROD","screen_cat_level1":"Sign In Options","screen_aggregation":"Sign In Options","screen_cat_level3":"Sign In Options","eventName":"screen","session_cst_day":"Sat May 31 14:53:16 2025","session_local_time":"Sat May 31 14:53:16 2025","screen_currency":"USD","session_remember_name":"No","session_remember_cart":"No","user_rewards_member":"Not Signed In","conversation_id":"DB5A029A14C1880CB34B01EDCE8800::1.0.17::","debug":false,"screen_cat_level2":"Sign In Options","screen_cat_level4":"Sign In Options","session_local_hour":"Sat May 31 14:53:16 2025","session_local_day":"Sat May 31 14:53:16 2025","session_cst_hour":"Sat May 31 14:53:16 2025","user_localized":"No","screen_form_load":1,"ecomm":false,"session_local_GMTOffset":"-0000","user_rewards_mkt_opt_in":"Not Signed In"} }
05-31 14:53:16.361  7637  7794 I RNFirebase-doOperation: logEvent
05-31 14:53:16.362  7637  7794 I RNAppsFlyer-doOperation: screen, { NativeMap: {"screen_form_name":"Sign In Form","codePushVersion":"current binary","screen_breadcrumb":"Sign In Options","screen_level1":"Sign In Options","screen_has_form":1,"session_cst_time":"Sat May 31 14:53:16 2025","binaryVersion":"5.24.1","has_ecomm":0,"screen_name":"Sign In Options","event":"screen","environment":"PROD","screen_cat_level1":"Sign In Options","screen_aggregation":"Sign In Options","screen_cat_level3":"Sign In Options","eventName":"screen","session_cst_day":"Sat May 31 14:53:16 2025","session_local_time":"Sat May 31 14:53:16 2025","screen_currency":"USD","session_remember_name":"No","session_remember_cart":"No","user_rewards_member":"Not Signed In","conversation_id":"DB5A029A14C1880CB34B01EDCE8800::1.0.17::","debug":false,"screen_cat_level2":"Sign In Options","screen_cat_level4":"Sign In Options","session_local_hour":"Sat May 31 14:53:16 2025","session_local_day":"Sat May 31 14:53:16 2025","session_cst_hour":"Sat May 31 14:53:16 2025","user_localized":"No","screen_form_load":1,"ecomm":false,"session_local_GMTOffset":"-0000","user_rewards_mkt_opt_in":"Not Signed In"} }
05-31 14:53:16.365  7637  7843 W GoogleTagManager: Event does not have parameter "tracking_type" and no default value was defined. Returning "undefined".
05-31 14:53:16.375  7637  7843 W GoogleTagManager: Event does not have parameter "home_screen_views" and no default value was defined. Returning "undefined".
05-31 14:53:16.375  7637  7843 W GoogleTagManager: Event does not have parameter "cart_screen_views" and no default value was defined. Returning "undefined".
05-31 14:53:16.376  7637  7843 W GoogleTagManager: Event does not have parameter "checkouts" and no default value was defined. Returning "undefined".
05-31 14:53:16.376  7637  7843 W GoogleTagManager: Event does not have parameter "checkout_customer_details_screen_views" and no default value was defined. Returning "undefined".
05-31 14:53:16.376  7637  7843 W GoogleTagManager: Event does not have parameter "checkout_payment_screen_views" and no default value was defined. Returning "undefined".
05-31 14:53:16.377  7637  7843 W GoogleTagManager: Event does not have parameter "checkout_order_confirmation_screen_views" and no default value was defined. Returning "undefined".
05-31 14:53:16.378  7637  7843 W GoogleTagManager: Event does not have parameter "confirmation_screen_view" and no default value was defined. Returning "undefined".
05-31 14:53:16.378  7637  7843 W GoogleTagManager: Event does not have parameter "order_2018_purchasers" and no default value was defined. Returning "undefined".
05-31 14:53:16.379  7637  7843 W GoogleTagManager: Event does not have parameter "form_submitted_successesfully" and no default value was defined. Returning "undefined".
05-31 14:53:16.379  7637  7843 W GoogleTagManager: Event does not have parameter "form_submit_successful" and no default value was defined. Returning "undefined".
05-31 14:53:16.380  7637  7843 W GoogleTagManager: Event does not have parameter "form_submitted_with_errors" and no default value was defined. Returning "undefined".
05-31 14:53:16.380  7637  7843 W GoogleTagManager: Event does not have parameter "order_number_coupons" and no default value was defined. Returning "undefined".
05-31 14:53:16.381  7637  7843 W GoogleTagManager: Event does not have parameter "order_favorites" and no default value was defined. Returning "undefined".
05-31 14:53:16.382  7637  7843 W GoogleTagManager: Event does not have parameter "order_count_of_items" and no default value was defined. Returning "undefined".
05-31 14:53:16.382  7637  7843 W GoogleTagManager: Event does not have parameter "order_count_of_products_sold" and no default value was defined. Returning "undefined".
05-31 14:53:16.382  7637  7843 W GoogleTagManager: Event does not have parameter "order_ct_products_sold" and no default value was defined. Returning "undefined".
05-31 14:53:16.383  7637  7843 W GoogleTagManager: Event does not have parameter "order_count_of_pizzas" and no default value was defined. Returning "undefined".
05-31 14:53:16.383  7637  7843 W GoogleTagManager: Event does not have parameter "order_count_of_customized_pizzas" and no default value was defined. Returning "undefined".
05-31 14:53:16.384  7637  7843 W GoogleTagManager: Event does not have parameter "order_ct_custom_pizzas" and no default value was defined. Returning "undefined".
05-31 14:53:16.384  7637  7843 W GoogleTagManager: Event does not have parameter "order_deliveries" and no default value was defined. Returning "undefined".
05-31 14:53:16.385  7637  7843 W GoogleTagManager: Event does not have parameter "order_carryouts" and no default value was defined. Returning "undefined".
05-31 14:53:16.385  7637  7843 W GoogleTagManager: Event does not have parameter "order_dine_ins" and no default value was defined. Returning "undefined".
05-31 14:53:16.386  7637  7843 W GoogleTagManager: Event does not have parameter "order_reorders" and no default value was defined. Returning "undefined".
05-31 14:53:16.386  7637  7843 W GoogleTagManager: Event does not have parameter "order_preorders" and no default value was defined. Returning "undefined".
05-31 14:53:16.386  7637  7843 W GoogleTagManager: Event does not have parameter "redeem_points_promo_impressions" and no default value was defined. Returning "undefined".
05-31 14:53:16.387  7637  7843 W GoogleTagManager: Event does not have parameter "redeem_points_click" and no default value was defined. Returning "undefined".
05-31 14:53:16.387  7637  7843 W GoogleTagManager: Event does not have parameter "continue_with_facebook" and no default value was defined. Returning "undefined".
05-31 14:53:16.387  7637  7843 W GoogleTagManager: Event does not have parameter "sign_in_with_google" and no default value was defined. Returning "undefined".
05-31 14:53:16.388  7637  7843 W GoogleTagManager: Event does not have parameter "pizza_builder_time" and no default value was defined. Returning "undefined".
05-31 14:53:16.389  7637  7843 W GoogleTagManager: Event does not have parameter "reorder_promo_impressions" and no default value was defined. Returning "undefined".
05-31 14:53:16.389  7637  7843 W GoogleTagManager: Event does not have parameter "reorder_impression_tap" and no default value was defined. Returning "undefined".
05-31 14:53:16.390  7637  7843 W GoogleTagManager: Event does not have parameter "menu_screen_views" and no default value was defined. Returning "undefined".
05-31 14:53:16.390  7637  7843 W GoogleTagManager: Event does not have parameter "login_success" and no default value was defined. Returning "undefined".
05-31 14:53:16.392  7637  7843 W GoogleTagManager: Event does not have parameter "pizza_builder_start" and no default value was defined. Returning "undefined".
05-31 14:53:16.392  7637  7843 W GoogleTagManager: Event does not have parameter "pizza_builder_complete" and no default value was defined. Returning "undefined".
05-31 14:53:16.392  7637  7843 W GoogleTagManager: Event does not have parameter "product_list_click" and no default value was defined. Returning "undefined".
05-31 14:53:16.393  7637  7843 W GoogleTagManager: Event does not have parameter "product_list_impression" and no default value was defined. Returning "undefined".
05-31 14:53:16.393  7637  7843 W GoogleTagManager: Event does not have parameter "order_service_fee" and no default value was defined. Returning "undefined".
05-31 14:53:16.393  7637  7843 W GoogleTagManager: Event does not have parameter "cart_views_with_prod" and no default value was defined. Returning "undefined".
05-31 14:53:16.394  7637  7843 W GoogleTagManager: Event does not have parameter "store_DMA" and no default value was defined. Returning "undefined".
05-31 14:53:16.394  7637  7843 W GoogleTagManager: Event does not have parameter "session_remember_store" and no default value was defined. Returning "undefined".
05-31 14:53:16.394  7637  7843 W GoogleTagManager: Event does not have parameter "store_POS_type" and no default value was defined. Returning "undefined".
05-31 14:53:16.394  7637  7843 W GoogleTagManager: Event does not have parameter "user_login_status" and no default value was defined. Returning "undefined".
05-31 14:53:16.395  7637  7843 W GoogleTagManager: Event does not have parameter "store_franchisee_code" and no default value was defined. Returning "undefined".
05-31 14:53:16.395  7637  7843 W GoogleTagManager: Event does not have parameter "store_city" and no default value was defined. Returning "undefined".
05-31 14:53:16.395  7637  7843 W GoogleTagManager: Event does not have parameter "store_state" and no default value was defined. Returning "undefined".
05-31 14:53:16.395  7637  7843 W GoogleTagManager: Event does not have parameter "user_purchases_future" and no default value was defined. Returning "undefined".
05-31 14:53:16.396  7637  7843 W GoogleTagManager: Event does not have parameter "store_zip" and no default value was defined. Returning "undefined".
05-31 14:53:16.396  7637  7843 W GoogleTagManager: Event does not have parameter "user_id" and no default value was defined. Returning "undefined".
05-31 14:53:16.396  7637  7843 W GoogleTagManager: Event does not have parameter "session_remember_store" and no default value was defined. Returning "undefined".
05-31 14:53:16.397  7637  7843 W GoogleTagManager: Event does not have parameter "screen_remember_user" and no default value was defined. Returning "undefined".
05-31 14:53:16.397  7637  7843 W GoogleTagManager: Event does not have parameter "store_id" and no default value was defined. Returning "undefined".
05-31 14:53:16.397  7637  7843 W GoogleTagManager: Event does not have parameter "session_remember_occasion" and no default value was defined. Returning "undefined".
05-31 14:53:16.398  7637  7843 W GoogleTagManager: Event does not have parameter "session_rmbr_occasion" and no default value was defined. Returning "undefined".
05-31 14:53:16.398  7637  7843 W GoogleTagManager: Event does not have parameter "session_local_timeZoneGMTOffset" and no default value was defined. Returning "undefined".
05-31 14:53:16.401  7637  7843 W GoogleTagManager: Event does not have parameter "order_has_customized_items" and no default value was defined. Returning "undefined".
05-31 14:53:16.402  7637  7843 W GoogleTagManager: Event does not have parameter "order_has_custom_items" and no default value was defined. Returning "undefined".
05-31 14:53:16.402  7637  7843 W GoogleTagManager: Event does not have parameter "order_payment_method" and no default value was defined. Returning "undefined".
05-31 14:53:16.403  7637  7843 W GoogleTagManager: Event does not have parameter "order_occasion" and no default value was defined. Returning "undefined".
05-31 14:53:16.403  7637  7843 W GoogleTagManager: Event does not have parameter "order_is_favorite" and no default value was defined. Returning "undefined".
05-31 14:53:16.403  7637  7843 W GoogleTagManager: Event does not have parameter "coupon" and no default value was defined. Returning "undefined".
05-31 14:53:16.404  7637  7843 W GoogleTagManager: Event does not have parameter "order_coupon_name" and no default value was defined. Returning "undefined".
05-31 14:53:16.404  7637  7843 W GoogleTagManager: Event does not have parameter "order_is_reorder" and no default value was defined. Returning "undefined".
05-31 14:53:16.405  7637  7843 W GoogleTagManager: Event does not have parameter "order_is_preorder" and no default value was defined. Returning "undefined".
05-31 14:53:16.405  7637  7843 W GoogleTagManager: Event does not have parameter "order_has_bundle" and no default value was defined. Returning "undefined".
05-31 14:53:16.405  7637  7843 W GoogleTagManager: Event does not have parameter "order_has_LTO" and no default value was defined. Returning "undefined".
05-31 14:53:16.406  7637  7843 W GoogleTagManager: Event does not have parameter "order_has_LTP" and no default value was defined. Returning "undefined".
05-31 14:53:16.406  7637  7843 W GoogleTagManager: Event does not have parameter "modal_text" and no default value was defined. Returning "undefined".
05-31 14:53:16.406  7637  7637 E unknown:FabricViewStateManager: setState called without a StateWrapper
05-31 14:53:16.406  7637  7843 W GoogleTagManager: Event does not have parameter "user_online_account_holder" and no default value was defined. Returning "undefined".
05-31 14:53:16.406  7637  7843 W GoogleTagManager: Event does not have parameter "user_online_acct_holder" and no default value was defined. Returning "undefined".
05-31 14:53:16.406  7637  7843 W GoogleTagManager: Event does not have parameter "user_hutLovers_marketing_opt_in" and no default value was defined. Returning "undefined".
05-31 14:53:16.407  7637  7843 W GoogleTagManager: Event does not have parameter "order_count_of_products_sold" and no default value was defined. Returning "undefined".
05-31 14:53:16.407  7637  7843 W GoogleTagManager: Event does not have parameter "order_ct_products_sold" and no default value was defined. Returning "undefined".
05-31 14:53:16.407  7637  7843 W GoogleTagManager: Event does not have parameter "user_promiseTime_delivery_initial" and no default value was defined. Returning "undefined".
05-31 14:53:16.407  7637  7843 W GoogleTagManager: Event does not have parameter "promiseTime_d_initial" and no default value was defined. Returning "undefined".
05-31 14:53:16.407  7637  7843 W GoogleTagManager: Event does not have parameter "user_promiseTime_carryout_initial" and no default value was defined. Returning "undefined".
05-31 14:53:16.407  7637  7843 W GoogleTagManager: Event does not have parameter "promiseTime_c_initial" and no default value was defined. Returning "undefined".
05-31 14:53:16.407  7637  7843 W GoogleTagManager: Event does not have parameter "user_promiseTime_delivery_final" and no default value was defined. Returning "undefined".
05-31 14:53:16.407  7637  7843 W GoogleTagManager: Event does not have parameter "promiseTime_d_final" and no default value was defined. Returning "undefined".
05-31 14:53:16.408  7637  7843 W GoogleTagManager: Event does not have parameter "user_promiseTime_delivery_delta" and no default value was defined. Returning "undefined".
05-31 14:53:16.408  7637  7843 W GoogleTagManager: Event does not have parameter "promiseTime_d_delta" and no default value was defined. Returning "undefined".
05-31 14:53:16.408  7637  7843 W GoogleTagManager: Event does not have parameter "user_promiseTime_carryout_final" and no default value was defined. Returning "undefined".
05-31 14:53:16.408  7637  7843 W GoogleTagManager: Event does not have parameter "promiseTime_c_final" and no default value was defined. Returning "undefined".
05-31 14:53:16.408  7637  7843 W GoogleTagManager: Event does not have parameter "user_promiseTime_carryout_delta" and no default value was defined. Returning "undefined".
05-31 14:53:16.408  7637  7843 W GoogleTagManager: Event does not have parameter "promiseTime_c_delta" and no default value was defined. Returning "undefined".
05-31 14:53:16.409  7637  7843 W GoogleTagManager: Event does not have parameter "user_login_status" and no default value was defined. Returning "undefined".
05-31 14:53:16.411  7637  7843 W GoogleTagManager: Event does not have parameter "screen_error_code" and no default value was defined. Returning "undefined".
05-31 14:53:16.412  7637  7843 W GoogleTagManager: Event does not have parameter "store_search_keyword" and no default value was defined. Returning "undefined".
05-31 14:53:16.412  7637  7843 W GoogleTagManager: Event does not have parameter "store_search_number_of_results" and no default value was defined. Returning "undefined".
05-31 14:53:16.412  7637  7843 W GoogleTagManager: Event does not have parameter "store_search_num_results" and no default value was defined. Returning "undefined".
05-31 14:53:16.413  7637  7843 W GoogleTagManager: Event does not have parameter "user_rewards_point_balance" and no default value was defined. Returning "undefined".
05-31 14:53:16.413  7637  7843 W GoogleTagManager: Event does not have parameter "user_rewards_point_bal" and no default value was defined. Returning "undefined".
05-31 14:53:16.413  7637  7843 W GoogleTagManager: Event does not have parameter "sort_type" and no default value was defined. Returning "undefined".
05-31 14:53:16.414  7637  7843 W GoogleTagManager: Event does not have parameter "apiEnvironment" and no default value was defined. Returning "undefined".
05-31 14:53:16.429  7637  7843 W GoogleTagManager: UniversalAnalyticsTag has been decommissioned.
05-31 14:53:16.429  7637  7843 W GoogleTagManager: Event does not have parameter "user_login_status" and no default value was defined. Returning "undefined".
05-31 14:53:16.439  7637  7669 W Bundle  : Key _si expected Long but value was a java.lang.Double.  The default value 0 was returned.
05-31 14:53:16.439  7637  7669 W Bundle  : Attempt to cast generated internal exception:
05-31 14:53:16.439  7637  7669 W Bundle  : java.lang.ClassCastException: java.lang.Double cannot be cast to java.lang.Long
05-31 14:53:16.439  7637  7669 W Bundle  : 	at android.os.BaseBundle.getLong(BaseBundle.java:1111)
05-31 14:53:16.439  7637  7669 W Bundle  : 	at android.os.BaseBundle.getLong(BaseBundle.java:1093)
05-31 14:53:16.439  7637  7669 W Bundle  : 	at com.google.android.gms.measurement.internal.zzgp.zza(Unknown Source:203)
05-31 14:53:16.439  7637  7669 W Bundle  : 	at com.google.android.gms.measurement.internal.zzgp.zza(Unknown Source:748)
05-31 14:53:16.439  7637  7669 W Bundle  : 	at com.google.android.gms.measurement.internal.zzgr.run(Unknown Source:2)
05-31 14:53:16.439  7637  7669 W Bundle  : 	at java.util.concurrent.Executors$RunnableAdapter.call(Executors.java:462)
05-31 14:53:16.439  7637  7669 W Bundle  : 	at java.util.concurrent.FutureTask.run(FutureTask.java:266)
05-31 14:53:16.439  7637  7669 W Bundle  : 	at com.google.android.gms.measurement.internal.zzfg.run(Unknown Source:20)
05-31 14:53:16.618  7637  7747 I Braze v14.0.0 .bo.app.v3: Updating offline Content Cards for user with id: 
05-31 14:53:16.624  7637  7891 E com.newrelic.android: TransactionStateUtil: Attempting to convert network exception javax.net.ssl.SSLHandshakeException to error code.
05-31 14:53:16.632  7637  7791 I ReactNativeJS: [CodePush] Network request failed
05-31 14:53:16.636  7637  7886 E com.newrelic.android: TransactionStateUtil: Attempting to convert network exception javax.net.ssl.SSLHandshakeException to error code.
05-31 14:53:16.643  7637  7791 I ReactNativeJS: [CodePush] Report status failed: {"appVersion":"5.24.1"}
05-31 14:53:16.983   590  1826 W InputManager-JNI: Input channel object 'd1d03df com.yum.pizzahut/com.isobar.pizzahut.android.MainActivity (client)' was disposed without first being removed with the input manager!
05-31 14:53:16.987  1360  6405 W MediaProvider: isAppCloneUserPair for user 0: false
05-31 14:53:17.017   181   181 I hwservicemanager: getTransport: Cannot find entry android.hardware.graphics.mapper@4.0::IMapper/default in either framework or device VINTF manifest.
05-31 14:53:17.017  7913  7915 I Gralloc4: mapper 4.x is not supported
05-31 14:53:17.359  4246  4277 I Dialer  : VvmTaskExecutor - executing task com.android.voicemail.impl.ActivationTask@935a31a
05-31 14:53:17.366  4246  4277 I Dialer  : PreOMigrationHandler - ComponentInfo{com.android.phone/com.android.services.telephony.TelephonyConnectionService}, ***, UserHandle{0} already migrated
05-31 14:53:17.436  1631  4236 I VoicemailNotifier: receivers for android.intent.action.PROVIDER_CHANGED :[]
05-31 14:53:17.437  4246  4277 I Dialer  : VvmActivationTask - VVM content provider configured - vvm_type_cvvm
05-31 14:53:17.438  4246  4277 I Dialer  : OmtpVvmCarrierCfgHlpr - OmtpEvent:CONFIG_ACTIVATING
05-31 14:53:17.444  1631  4236 I VoicemailNotifier: receivers for android.intent.action.PROVIDER_CHANGED :[]
05-31 14:53:17.574  7637  7691 I Braze v14.0.0 .com.appboy.Appboy: Push token d6taQYajQQaO4I8MnqDlDr:APA91bHeEJD4uZscCedTOIPMnnvBkWK4wYJhveIPbYiflKQgugcDEbky5Of86aJEYsfsAOe-kozF3fft8RiXGmQMairoCV7B-5nlbWcruk_-9sDJ0iSHLZ8 registered and immediately being flushed.
05-31 14:53:17.639  1360  1926 I MediaProvider: Begin Intent { act=android.intent.action.MEDIA_SCANNER_SCAN_FILE dat=file:///sdcard/screen_2025-05-31_225317.png flg=0x1400010 cmp=com.google.android.providers.media.module/com.android.providers.media.MediaService }
05-31 14:53:17.649  1360  1926 I MediaProvider: End Intent { act=android.intent.action.MEDIA_SCANNER_SCAN_FILE dat=file:///sdcard/screen_2025-05-31_225317.png flg=0x1400010 cmp=com.google.android.providers.media.module/com.android.providers.media.MediaService }
05-31 14:53:17.735  1360  1469 I MediaProvider: Deleted 0 1 0 0 0 0 0 items on external_primary due to com.android.shell
05-31 14:53:17.736  1166  2130 I UriTaskContentObserver: (REDACTED) Throttling content uri change event for %s
05-31 14:53:18.060  7637  7794 E RNKeychainManager: No entry found for service: https://services.digital.pizzahut.com/
05-31 14:53:18.383  1360  1692 W MediaProvider: isAppCloneUserPair for user 0: false
05-31 14:53:18.404   181   181 I hwservicemanager: getTransport: Cannot find entry android.hardware.graphics.mapper@4.0::IMapper/default in either framework or device VINTF manifest.
05-31 14:53:18.404  7971  7973 I Gralloc4: mapper 4.x is not supported
05-31 14:53:19.104  1360  1926 I MediaProvider: Begin Intent { act=android.intent.action.MEDIA_SCANNER_SCAN_FILE dat=file:///sdcard/screen_2025-05-31_225318.png flg=0x1400010 cmp=com.google.android.providers.media.module/com.android.providers.media.MediaService }
05-31 14:53:19.138  1360  1926 I MediaProvider: End Intent { act=android.intent.action.MEDIA_SCANNER_SCAN_FILE dat=file:///sdcard/screen_2025-05-31_225318.png flg=0x1400010 cmp=com.google.android.providers.media.module/com.android.providers.media.MediaService }
05-31 14:53:19.207  1360  6409 I MediaProvider: Deleted 0 1 0 0 0 0 0 items on external_primary due to com.android.shell
05-31 14:53:19.207  1166  2130 I UriTaskContentObserver: (REDACTED) Throttling content uri change event for %s
05-31 14:53:19.217  1507  1856 I WorkerManager: dispose()
05-31 14:53:19.275  1507  1856 W A       : Queue length for executor EventBus is now 11. Perhaps some tasks are too long, or the pool is too small.
05-31 14:53:19.466   590   628 E RemoteAugmentedAutofillService: Bad service name for flags 1048704: com.google.android.as/com.google.android.apps.miphone.aiai.app.AiAiAugmentedAutofillService
05-31 14:53:19.619  7637  7743 E com.newrelic.android: HttpsURLConnectionExtension: java.io.IOException: closed
05-31 14:53:19.951  7079  8007 I ProvidersCache: Provider returned no roots. Possibly naughty: com.google.android.apps.docs.storage
05-31 14:53:20.754  1360  1472 W MediaProvider: isAppCloneUserPair for user 0: false
05-31 14:53:20.781   181   181 I hwservicemanager: getTransport: Cannot find entry android.hardware.graphics.mapper@4.0::IMapper/default in either framework or device VINTF manifest.
05-31 14:53:20.781  8025  8027 I Gralloc4: mapper 4.x is not supported
05-31 14:53:20.840  2831  2831 I Finsky  : [2] aipn.onStartJob(126): SCH: job service start with id 9428.
05-31 14:53:20.846  2831  7269 I Finsky  : [167] nje.a(184): SCH: Satisfied jobs for 9428 are: 12-1
