05-31 14:53:28.748  7637  7843 W GoogleTagManager: Event does not have parameter "user_online_acct_holder" and no default value was defined. Returning "undefined".
05-31 14:53:28.748  7637  7843 W GoogleTagManager: Event does not have parameter "user_hutLovers_marketing_opt_in" and no default value was defined. Returning "undefined".
05-31 14:53:28.749  7637  7843 W GoogleTagManager: Event does not have parameter "user_login_status" and no default value was defined. Returning "undefined".
05-31 14:53:28.752  7637  7843 W GoogleTagManager: Event does not have parameter "store_search_keyword" and no default value was defined. Returning "undefined".
05-31 14:53:28.752  7637  7843 W GoogleTagManager: Event does not have parameter "store_search_number_of_results" and no default value was defined. Returning "undefined".
05-31 14:53:28.752  7637  7843 W GoogleTagManager: Event does not have parameter "store_search_num_results" and no default value was defined. Returning "undefined".
05-31 14:53:28.752  7637  7843 W GoogleTagManager: Event does not have parameter "user_rewards_point_balance" and no default value was defined. Returning "undefined".
05-31 14:53:28.752  7637  7843 W GoogleTagManager: Event does not have parameter "user_rewards_point_bal" and no default value was defined. Returning "undefined".
05-31 14:53:28.760  7637  7843 W GoogleTagManager: Event does not have parameter "codePushVersion" and no default value was defined. Returning "undefined".
05-31 14:53:28.760  7637  7843 W GoogleTagManager: Event does not have parameter "apiEnvironment" and no default value was defined. Returning "undefined".
05-31 14:53:28.772  7637  7843 W GoogleTagManager: UniversalAnalyticsTag has been decommissioned.
05-31 14:53:29.127  1360  6401 W MediaProvider: isAppCloneUserPair for user 0: false
05-31 14:53:29.133  1166  7854 I NetworkScheduler.Stats: (REDACTED) Task %s/%s started execution. cause:%s exec_start_elapsed_seconds: %s
05-31 14:53:29.137  1166  8292 I NetworkScheduler.Stats: (REDACTED) Task %s/%s finished executing. cause:%s result: %s elapsed_millis: %s uptime_millis: %s exec_start_elapsed_seconds: %s
05-31 14:53:29.145   181   181 I hwservicemanager: getTransport: Cannot find entry android.hardware.graphics.mapper@4.0::IMapper/default in either framework or device VINTF manifest.
05-31 14:53:29.146  8344  8347 I Gralloc4: mapper 4.x is not supported
05-31 14:53:29.264  7079  8351 I ProvidersCache: Provider returned no roots. Possibly naughty: com.google.android.apps.docs.storage
05-31 14:53:29.505   590   719 W BestClock: java.time.DateTimeException: Missing NTP fix
05-31 14:53:29.565   590   719 W BestClock: java.time.DateTimeException: Missing NTP fix
05-31 14:53:29.570   590   720 W BestClock: java.time.DateTimeException: Missing NTP fix
05-31 14:53:29.574   590   720 W BestClock: java.time.DateTimeException: Missing NTP fix
05-31 14:53:29.575   590   720 W BestClock: java.time.DateTimeException: Missing NTP fix
05-31 14:53:29.576   590   720 W BestClock: java.time.DateTimeException: Missing NTP fix
05-31 14:53:29.579   590   719 W BestClock: java.time.DateTimeException: Missing NTP fix
05-31 14:53:29.600   590   719 W BestClock: java.time.DateTimeException: Missing NTP fix
05-31 14:53:29.602   590   720 W BestClock: java.time.DateTimeException: Missing NTP fix
05-31 14:53:29.604   590   720 W BestClock: java.time.DateTimeException: Missing NTP fix
05-31 14:53:29.605   590   720 W BestClock: java.time.DateTimeException: Missing NTP fix
05-31 14:53:29.691  1360  1926 I MediaProvider: Begin Intent { act=android.intent.action.MEDIA_SCANNER_SCAN_FILE dat=file:///sdcard/screen_2025-05-31_225329.png flg=0x1400010 cmp=com.google.android.providers.media.module/com.android.providers.media.MediaService }
05-31 14:53:29.715  1360  1926 I MediaProvider: End Intent { act=android.intent.action.MEDIA_SCANNER_SCAN_FILE dat=file:///sdcard/screen_2025-05-31_225329.png flg=0x1400010 cmp=com.google.android.providers.media.module/com.android.providers.media.MediaService }
05-31 14:53:29.800  1360  6405 I MediaProvider: Deleted 0 1 0 0 0 0 0 items on external_primary due to com.android.shell
05-31 14:53:29.800  1166  2130 I UriTaskContentObserver: (REDACTED) Throttling content uri change event for %s
05-31 14:53:31.012  7637  7794 I RNAnalytics-doOperation: ["FirebaseLogEvent"], event, { NativeMap: {"session_remember_cart":"No","screen_level1":"Sign In Options","screen_has_form":1,"session_cst_time":"Sat May 31 14:53:31 2025","binaryVersion":"5.24.1","has_ecomm":0,"screen_name":"Sign In Options","screen_form_name":"Sign In Form","event":"event","event_category":"Sign In Options","environment":"PROD","screen_cat_level1":"Sign In Options","screen_aggregation":"Sign In Options","screen_cat_level3":"Sign In Options","eventName":"event","session_cst_day":"Sat May 31 14:53:31 2025","screen_currency":"USD","session_remember_name":"No","user_rewards_member":"Not Signed In","conversation_id":"68C9B519B51E800D59831DDCE52200::1.0.17::","debug":false,"screen_cat_level2":"Sign In Options","screen_cat_level4":"Sign In Options","event_label":"Sign In Options > [dataModel.event_action not set]","screen_breadcrumb":"Sign In Options","session_local_hour":"Sat May 31 14:53:31 2025","session_local_time":"Sat May 31 14:53:31 2025","session_local_day":"Sat May 31 14:53:31 2025","session_cst_hour":"Sat May 31 14:53:31 2025","user_localized":"No","ecomm":false,"session_local_GMTOffset":"-0000","user_rewards_mkt_opt_in":"Not Signed In"} }
05-31 14:53:31.012  7637  7794 I RNFirebase-doOperation: event, { NativeMap: {"session_remember_cart":"No","screen_level1":"Sign In Options","screen_has_form":1,"session_cst_time":"Sat May 31 14:53:31 2025","binaryVersion":"5.24.1","has_ecomm":0,"screen_name":"Sign In Options","screen_form_name":"Sign In Form","event":"event","event_category":"Sign In Options","environment":"PROD","screen_cat_level1":"Sign In Options","screen_aggregation":"Sign In Options","screen_cat_level3":"Sign In Options","eventName":"event","session_cst_day":"Sat May 31 14:53:31 2025","screen_currency":"USD","session_remember_name":"No","user_rewards_member":"Not Signed In","conversation_id":"68C9B519B51E800D59831DDCE52200::1.0.17::","debug":false,"screen_cat_level2":"Sign In Options","screen_cat_level4":"Sign In Options","event_label":"Sign In Options > [dataModel.event_action not set]","screen_breadcrumb":"Sign In Options","session_local_hour":"Sat May 31 14:53:31 2025","session_local_time":"Sat May 31 14:53:31 2025","session_local_day":"Sat May 31 14:53:31 2025","session_cst_hour":"Sat May 31 14:53:31 2025","user_localized":"No","ecomm":false,"session_local_GMTOffset":"-0000","user_rewards_mkt_opt_in":"Not Signed In"} }
05-31 14:53:31.012  7637  7794 I RNFirebase-doOperation: logEvent
05-31 14:53:31.017  7637  7794 I RNAppsFlyer-doOperation: event, { NativeMap: {"session_remember_cart":"No","screen_level1":"Sign In Options","screen_has_form":1,"session_cst_time":"Sat May 31 14:53:31 2025","binaryVersion":"5.24.1","has_ecomm":0,"screen_name":"Sign In Options","screen_form_name":"Sign In Form","event":"event","event_category":"Sign In Options","environment":"PROD","screen_cat_level1":"Sign In Options","screen_aggregation":"Sign In Options","screen_cat_level3":"Sign In Options","eventName":"event","session_cst_day":"Sat May 31 14:53:31 2025","screen_currency":"USD","session_remember_name":"No","user_rewards_member":"Not Signed In","conversation_id":"68C9B519B51E800D59831DDCE52200::1.0.17::","debug":false,"screen_cat_level2":"Sign In Options","screen_cat_level4":"Sign In Options","event_label":"Sign In Options > [dataModel.event_action not set]","screen_breadcrumb":"Sign In Options","session_local_hour":"Sat May 31 14:53:31 2025","session_local_time":"Sat May 31 14:53:31 2025","session_local_day":"Sat May 31 14:53:31 2025","session_cst_hour":"Sat May 31 14:53:31 2025","user_localized":"No","ecomm":false,"session_local_GMTOffset":"-0000","user_rewards_mkt_opt_in":"Not Signed In"} }
05-31 14:53:31.028  7637  7843 W GoogleTagManager: Event does not have parameter "tracking_type" and no default value was defined. Returning "undefined".
05-31 14:53:31.043  7637  7843 W GoogleTagManager: Event does not have parameter "user_login_status" and no default value was defined. Returning "undefined".
05-31 14:53:31.050  7637  7669 W Bundle  : Key _si expected Long but value was a java.lang.Double.  The default value 0 was returned.
05-31 14:53:31.050  7637  7669 W Bundle  : Attempt to cast generated internal exception:
05-31 14:53:31.050  7637  7669 W Bundle  : java.lang.ClassCastException: java.lang.Double cannot be cast to java.lang.Long
05-31 14:53:31.050  7637  7669 W Bundle  : 	at android.os.BaseBundle.getLong(BaseBundle.java:1111)
05-31 14:53:31.050  7637  7669 W Bundle  : 	at android.os.BaseBundle.getLong(BaseBundle.java:1093)
05-31 14:53:31.050  7637  7669 W Bundle  : 	at com.google.android.gms.measurement.internal.zzgp.zza(Unknown Source:203)
05-31 14:53:31.050  7637  7669 W Bundle  : 	at com.google.android.gms.measurement.internal.zzgp.zza(Unknown Source:748)
05-31 14:53:31.050  7637  7669 W Bundle  : 	at com.google.android.gms.measurement.internal.zzgr.run(Unknown Source:2)
05-31 14:53:31.050  7637  7669 W Bundle  : 	at java.util.concurrent.Executors$RunnableAdapter.call(Executors.java:462)
05-31 14:53:31.050  7637  7669 W Bundle  : 	at java.util.concurrent.FutureTask.run(FutureTask.java:266)
05-31 14:53:31.050  7637  7669 W Bundle  : 	at com.google.android.gms.measurement.internal.zzfg.run(Unknown Source:20)
05-31 14:53:31.523  7079  8442 I ProvidersCache: Provider returned no roots. Possibly naughty: com.google.android.apps.docs.storage
05-31 14:53:32.267  1360  6502 W MediaProvider: isAppCloneUserPair for user 0: false
05-31 14:53:32.295   181   181 I hwservicemanager: getTransport: Cannot find entry android.hardware.graphics.mapper@4.0::IMapper/default in either framework or device VINTF manifest.
05-31 14:53:32.295  8457  8459 I Gralloc4: mapper 4.x is not supported
05-31 14:53:32.766  7079  8466 I ProvidersCache: Provider returned no roots. Possibly naughty: com.google.android.apps.docs.storage
05-31 14:53:32.873   590   638 I ActivityManager: Killing 4801:com.google.android.apps.youtube.music/u0a113 (adj 975): empty #17
05-31 14:53:32.875   590   640 I libprocessgroup: Successfully killed process cgroup uid 10113 pid 4801 in 0ms
05-31 14:53:32.880  1360  1926 I MediaProvider: Begin Intent { act=android.intent.action.MEDIA_SCANNER_SCAN_FILE dat=file:///sdcard/screen_2025-05-31_225332.png flg=0x1400010 cmp=com.google.android.providers.media.module/com.android.providers.media.MediaService }
05-31 14:53:32.891   318   318 I Zygote  : Process 4801 exited due to signal 9 (Killed)
05-31 14:53:32.908  1360  1926 I MediaProvider: End Intent { act=android.intent.action.MEDIA_SCANNER_SCAN_FILE dat=file:///sdcard/screen_2025-05-31_225332.png flg=0x1400010 cmp=com.google.android.providers.media.module/com.android.providers.media.MediaService }
05-31 14:53:32.980  1360  6401 I MediaProvider: Deleted 0 1 0 0 0 0 0 items on external_primary due to com.android.shell
05-31 14:53:32.981  1166  2130 I UriTaskContentObserver: (REDACTED) Throttling content uri change event for %s
05-31 14:53:33.238  7637  7794 I RNAnalytics-doOperation: ["FirebaseLogEvent"], screen, { NativeMap: {"session_remember_cart":"No","screen_level1":"Sign In Options","screen_has_form":1,"session_cst_time":"Sat May 31 14:53:33 2025","binaryVersion":"5.24.1","has_ecomm":0,"screen_name":"Sign In Options","screen_form_name":"Sign In Form","event":"screen","environment":"PROD","screen_cat_level1":"Sign In Options","screen_aggregation":"Sign In Options","screen_cat_level3":"Sign In Options","eventName":"screen","session_cst_day":"Sat May 31 14:53:33 2025","session_local_time":"Sat May 31 14:53:33 2025","screen_currency":"USD","session_remember_name":"No","session_local_day":"Sat May 31 14:53:33 2025","user_rewards_member":"Not Signed In","conversation_id":"4B7E0B197C7A3804D0367B36ED1300::1.0.17::","debug":false,"screen_cat_level2":"Sign In Options","screen_cat_level4":"Sign In Options","screen_breadcrumb":"Sign In Options","session_local_hour":"Sat May 31 14:53:33 2025","session_cst_hour":"Sat May 31 14:53:33 2025","user_localized":"No","screen_form_load":1,"ecomm":false,"session_local_GMTOffset":"-0000","user_rewards_mkt_opt_in":"Not Signed In"} }
05-31 14:53:33.238  7637  7794 I RNFirebase-doOperation: screen, { NativeMap: {"session_remember_cart":"No","screen_level1":"Sign In Options","screen_has_form":1,"session_cst_time":"Sat May 31 14:53:33 2025","binaryVersion":"5.24.1","has_ecomm":0,"screen_name":"Sign In Options","screen_form_name":"Sign In Form","event":"screen","environment":"PROD","screen_cat_level1":"Sign In Options","screen_aggregation":"Sign In Options","screen_cat_level3":"Sign In Options","eventName":"screen","session_cst_day":"Sat May 31 14:53:33 2025","session_local_time":"Sat May 31 14:53:33 2025","screen_currency":"USD","session_remember_name":"No","session_local_day":"Sat May 31 14:53:33 2025","user_rewards_member":"Not Signed In","conversation_id":"4B7E0B197C7A3804D0367B36ED1300::1.0.17::","debug":false,"screen_cat_level2":"Sign In Options","screen_cat_level4":"Sign In Options","screen_breadcrumb":"Sign In Options","session_local_hour":"Sat May 31 14:53:33 2025","session_cst_hour":"Sat May 31 14:53:33 2025","user_localized":"No","screen_form_load":1,"ecomm":false,"session_local_GMTOffset":"-0000","user_rewards_mkt_opt_in":"Not Signed In"} }
05-31 14:53:33.238  7637  7794 I RNFirebase-doOperation: logEvent
05-31 14:53:33.238  7637  7794 I RNAppsFlyer-doOperation: screen, { NativeMap: {"session_remember_cart":"No","screen_level1":"Sign In Options","screen_has_form":1,"session_cst_time":"Sat May 31 14:53:33 2025","binaryVersion":"5.24.1","has_ecomm":0,"screen_name":"Sign In Options","screen_form_name":"Sign In Form","event":"screen","environment":"PROD","screen_cat_level1":"Sign In Options","screen_aggregation":"Sign In Options","screen_cat_level3":"Sign In Options","eventName":"screen","session_cst_day":"Sat May 31 14:53:33 2025","session_local_time":"Sat May 31 14:53:33 2025","screen_currency":"USD","session_remember_name":"No","session_local_day":"Sat May 31 14:53:33 2025","user_rewards_member":"Not Signed In","conversation_id":"4B7E0B197C7A3804D0367B36ED1300::1.0.17::","debug":false,"screen_cat_level2":"Sign In Options","screen_cat_level4":"Sign In Options","screen_breadcrumb":"Sign In Options","session_local_hour":"Sat May 31 14:53:33 2025","session_cst_hour":"Sat May 31 14:53:33 2025","user_localized":"No","screen_form_load":1,"ecomm":false,"session_local_GMTOffset":"-0000","user_rewards_mkt_opt_in":"Not Signed In"} }
05-31 14:53:33.241  7637  7843 W GoogleTagManager: Event does not have parameter "tracking_type" and no default value was defined. Returning "undefined".
05-31 14:53:33.249  7637  7843 W GoogleTagManager: Event does not have parameter "home_screen_views" and no default value was defined. Returning "undefined".
05-31 14:53:33.249  7637  7843 W GoogleTagManager: Event does not have parameter "cart_screen_views" and no default value was defined. Returning "undefined".
05-31 14:53:33.249  7637  7843 W GoogleTagManager: Event does not have parameter "checkouts" and no default value was defined. Returning "undefined".
05-31 14:53:33.249  7637  7843 W GoogleTagManager: Event does not have parameter "checkout_customer_details_screen_views" and no default value was defined. Returning "undefined".
05-31 14:53:33.249  7637  7843 W GoogleTagManager: Event does not have parameter "checkout_payment_screen_views" and no default value was defined. Returning "undefined".
05-31 14:53:33.249  7637  7843 W GoogleTagManager: Event does not have parameter "checkout_order_confirmation_screen_views" and no default value was defined. Returning "undefined".
05-31 14:53:33.249  7637  7843 W GoogleTagManager: Event does not have parameter "confirmation_screen_view" and no default value was defined. Returning "undefined".
05-31 14:53:33.249  7637  7843 W GoogleTagManager: Event does not have parameter "order_2018_purchasers" and no default value was defined. Returning "undefined".
05-31 14:53:33.250  7637  7843 W GoogleTagManager: Event does not have parameter "form_submitted_successesfully" and no default value was defined. Returning "undefined".
05-31 14:53:33.250  7637  7843 W GoogleTagManager: Event does not have parameter "form_submit_successful" and no default value was defined. Returning "undefined".
05-31 14:53:33.250  7637  7843 W GoogleTagManager: Event does not have parameter "form_submitted_with_errors" and no default value was defined. Returning "undefined".
05-31 14:53:33.250  7637  7843 W GoogleTagManager: Event does not have parameter "order_number_coupons" and no default value was defined. Returning "undefined".
05-31 14:53:33.250  7637  7843 W GoogleTagManager: Event does not have parameter "order_favorites" and no default value was defined. Returning "undefined".
05-31 14:53:33.250  7637  7843 W GoogleTagManager: Event does not have parameter "order_count_of_items" and no default value was defined. Returning "undefined".
05-31 14:53:33.251  7637  7843 W GoogleTagManager: Event does not have parameter "order_count_of_products_sold" and no default value was defined. Returning "undefined".
05-31 14:53:33.251  7637  7843 W GoogleTagManager: Event does not have parameter "order_ct_products_sold" and no default value was defined. Returning "undefined".
05-31 14:53:33.251  7637  7843 W GoogleTagManager: Event does not have parameter "order_count_of_pizzas" and no default value was defined. Returning "undefined".
05-31 14:53:33.251  7637  7843 W GoogleTagManager: Event does not have parameter "order_count_of_customized_pizzas" and no default value was defined. Returning "undefined".
05-31 14:53:33.251  7637  7843 W GoogleTagManager: Event does not have parameter "order_ct_custom_pizzas" and no default value was defined. Returning "undefined".
05-31 14:53:33.251  7637  7843 W GoogleTagManager: Event does not have parameter "order_deliveries" and no default value was defined. Returning "undefined".
05-31 14:53:33.251  7637  7843 W GoogleTagManager: Event does not have parameter "order_carryouts" and no default value was defined. Returning "undefined".
05-31 14:53:33.251  7637  7843 W GoogleTagManager: Event does not have parameter "order_dine_ins" and no default value was defined. Returning "undefined".
05-31 14:53:33.251  7637  7843 W GoogleTagManager: Event does not have parameter "order_reorders" and no default value was defined. Returning "undefined".
05-31 14:53:33.251  7637  7843 W GoogleTagManager: Event does not have parameter "order_preorders" and no default value was defined. Returning "undefined".
05-31 14:53:33.251  7637  7843 W GoogleTagManager: Event does not have parameter "redeem_points_promo_impressions" and no default value was defined. Returning "undefined".
05-31 14:53:33.252  7637  7843 W GoogleTagManager: Event does not have parameter "redeem_points_click" and no default value was defined. Returning "undefined".
05-31 14:53:33.252  7637  7843 W GoogleTagManager: Event does not have parameter "continue_with_facebook" and no default value was defined. Returning "undefined".
05-31 14:53:33.252  7637  7843 W GoogleTagManager: Event does not have parameter "sign_in_with_google" and no default value was defined. Returning "undefined".
05-31 14:53:33.252  7637  7843 W GoogleTagManager: Event does not have parameter "pizza_builder_time" and no default value was defined. Returning "undefined".
05-31 14:53:33.253  7637  7843 W GoogleTagManager: Event does not have parameter "reorder_promo_impressions" and no default value was defined. Returning "undefined".
05-31 14:53:33.253  7637  7843 W GoogleTagManager: Event does not have parameter "reorder_impression_tap" and no default value was defined. Returning "undefined".
05-31 14:53:33.253  7637  7843 W GoogleTagManager: Event does not have parameter "menu_screen_views" and no default value was defined. Returning "undefined".
05-31 14:53:33.253  7637  7843 W GoogleTagManager: Event does not have parameter "login_success" and no default value was defined. Returning "undefined".
05-31 14:53:33.254  7637  7843 W GoogleTagManager: Event does not have parameter "pizza_builder_start" and no default value was defined. Returning "undefined".
05-31 14:53:33.254  7637  7843 W GoogleTagManager: Event does not have parameter "pizza_builder_complete" and no default value was defined. Returning "undefined".
05-31 14:53:33.254  7637  7843 W GoogleTagManager: Event does not have parameter "product_list_click" and no default value was defined. Returning "undefined".
05-31 14:53:33.254  7637  7843 W GoogleTagManager: Event does not have parameter "product_list_impression" and no default value was defined. Returning "undefined".
05-31 14:53:33.255  7637  7843 W GoogleTagManager: Event does not have parameter "order_service_fee" and no default value was defined. Returning "undefined".
05-31 14:53:33.255  7637  7843 W GoogleTagManager: Event does not have parameter "cart_views_with_prod" and no default value was defined. Returning "undefined".
05-31 14:53:33.255  7637  7843 W GoogleTagManager: Event does not have parameter "store_DMA" and no default value was defined. Returning "undefined".
05-31 14:53:33.255  7637  7843 W GoogleTagManager: Event does not have parameter "session_remember_store" and no default value was defined. Returning "undefined".
05-31 14:53:33.255  7637  7843 W GoogleTagManager: Event does not have parameter "store_POS_type" and no default value was defined. Returning "undefined".
05-31 14:53:33.255  7637  7843 W GoogleTagManager: Event does not have parameter "user_login_status" and no default value was defined. Returning "undefined".
05-31 14:53:33.255  7637  7843 W GoogleTagManager: Event does not have parameter "store_franchisee_code" and no default value was defined. Returning "undefined".
05-31 14:53:33.255  7637  7843 W GoogleTagManager: Event does not have parameter "store_city" and no default value was defined. Returning "undefined".
05-31 14:53:33.255  7637  7843 W GoogleTagManager: Event does not have parameter "store_state" and no default value was defined. Returning "undefined".
05-31 14:53:33.255  7637  7843 W GoogleTagManager: Event does not have parameter "user_purchases_future" and no default value was defined. Returning "undefined".
05-31 14:53:33.256  7637  7843 W GoogleTagManager: Event does not have parameter "store_zip" and no default value was defined. Returning "undefined".
05-31 14:53:33.256  7637  7843 W GoogleTagManager: Event does not have parameter "user_id" and no default value was defined. Returning "undefined".
05-31 14:53:33.256  7637  7843 W GoogleTagManager: Event does not have parameter "session_remember_store" and no default value was defined. Returning "undefined".
05-31 14:53:33.256  7637  7843 W GoogleTagManager: Event does not have parameter "screen_remember_user" and no default value was defined. Returning "undefined".
05-31 14:53:33.256  7637  7843 W GoogleTagManager: Event does not have parameter "store_id" and no default value was defined. Returning "undefined".
05-31 14:53:33.256  7637  7843 W GoogleTagManager: Event does not have parameter "session_remember_occasion" and no default value was defined. Returning "undefined".
05-31 14:53:33.256  7637  7843 W GoogleTagManager: Event does not have parameter "session_rmbr_occasion" and no default value was defined. Returning "undefined".
05-31 14:53:33.257  7637  7843 W GoogleTagManager: Event does not have parameter "session_local_timeZoneGMTOffset" and no default value was defined. Returning "undefined".
05-31 14:53:33.259  7637  7843 W GoogleTagManager: Event does not have parameter "order_has_customized_items" and no default value was defined. Returning "undefined".
05-31 14:53:33.259  7637  7843 W GoogleTagManager: Event does not have parameter "order_has_custom_items" and no default value was defined. Returning "undefined".
05-31 14:53:33.259  7637  7843 W GoogleTagManager: Event does not have parameter "order_payment_method" and no default value was defined. Returning "undefined".
05-31 14:53:33.259  7637  7843 W GoogleTagManager: Event does not have parameter "order_occasion" and no default value was defined. Returning "undefined".
05-31 14:53:33.259  7637  7843 W GoogleTagManager: Event does not have parameter "order_is_favorite" and no default value was defined. Returning "undefined".
05-31 14:53:33.259  7637  7843 W GoogleTagManager: Event does not have parameter "coupon" and no default value was defined. Returning "undefined".
05-31 14:53:33.259  7637  7843 W GoogleTagManager: Event does not have parameter "order_coupon_name" and no default value was defined. Returning "undefined".
05-31 14:53:33.259  7637  7843 W GoogleTagManager: Event does not have parameter "order_is_reorder" and no default value was defined. Returning "undefined".
05-31 14:53:33.260  7637  7843 W GoogleTagManager: Event does not have parameter "order_is_preorder" and no default value was defined. Returning "undefined".
05-31 14:53:33.260  7637  7843 W GoogleTagManager: Event does not have parameter "order_has_bundle" and no default value was defined. Returning "undefined".
05-31 14:53:33.260  7637  7843 W GoogleTagManager: Event does not have parameter "order_has_LTO" and no default value was defined. Returning "undefined".
05-31 14:53:33.260  7637  7843 W GoogleTagManager: Event does not have parameter "order_has_LTP" and no default value was defined. Returning "undefined".
05-31 14:53:33.260  7637  7843 W GoogleTagManager: Event does not have parameter "modal_text" and no default value was defined. Returning "undefined".
05-31 14:53:33.260  7637  7843 W GoogleTagManager: Event does not have parameter "user_online_account_holder" and no default value was defined. Returning "undefined".
05-31 14:53:33.260  7637  7843 W GoogleTagManager: Event does not have parameter "user_online_acct_holder" and no default value was defined. Returning "undefined".
05-31 14:53:33.260  7637  7843 W GoogleTagManager: Event does not have parameter "user_hutLovers_marketing_opt_in" and no default value was defined. Returning "undefined".
05-31 14:53:33.260  7637  7843 W GoogleTagManager: Event does not have parameter "order_count_of_products_sold" and no default value was defined. Returning "undefined".
05-31 14:53:33.260  7637  7843 W GoogleTagManager: Event does not have parameter "order_ct_products_sold" and no default value was defined. Returning "undefined".
05-31 14:53:33.260  7637  7843 W GoogleTagManager: Event does not have parameter "user_promiseTime_delivery_initial" and no default value was defined. Returning "undefined".
05-31 14:53:33.260  7637  7843 W GoogleTagManager: Event does not have parameter "promiseTime_d_initial" and no default value was defined. Returning "undefined".
05-31 14:53:33.261  7637  7843 W GoogleTagManager: Event does not have parameter "user_promiseTime_carryout_initial" and no default value was defined. Returning "undefined".
05-31 14:53:33.261  7637  7843 W GoogleTagManager: Event does not have parameter "promiseTime_c_initial" and no default value was defined. Returning "undefined".
05-31 14:53:33.261  7637  7843 W GoogleTagManager: Event does not have parameter "user_promiseTime_delivery_final" and no default value was defined. Returning "undefined".
05-31 14:53:33.261  7637  7843 W GoogleTagManager: Event does not have parameter "promiseTime_d_final" and no default value was defined. Returning "undefined".
05-31 14:53:33.262  7637  7843 W GoogleTagManager: Event does not have parameter "user_promiseTime_delivery_delta" and no default value was defined. Returning "undefined".
05-31 14:53:33.262  7637  7843 W GoogleTagManager: Event does not have parameter "promiseTime_d_delta" and no default value was defined. Returning "undefined".
05-31 14:53:33.262  7637  7843 W GoogleTagManager: Event does not have parameter "user_promiseTime_carryout_final" and no default value was defined. Returning "undefined".
05-31 14:53:33.262  7637  7843 W GoogleTagManager: Event does not have parameter "promiseTime_c_final" and no default value was defined. Returning "undefined".
05-31 14:53:33.262  7637  7843 W GoogleTagManager: Event does not have parameter "user_promiseTime_carryout_delta" and no default value was defined. Returning "undefined".
05-31 14:53:33.262  7637  7843 W GoogleTagManager: Event does not have parameter "promiseTime_c_delta" and no default value was defined. Returning "undefined".
05-31 14:53:33.263  7637  7843 W GoogleTagManager: Event does not have parameter "user_login_status" and no default value was defined. Returning "undefined".
05-31 14:53:33.263  7637  7843 W GoogleTagManager: Event does not have parameter "screen_error_code" and no default value was defined. Returning "undefined".
05-31 14:53:33.264  7637  7843 W GoogleTagManager: Event does not have parameter "store_search_keyword" and no default value was defined. Returning "undefined".
05-31 14:53:33.264  7637  7843 W GoogleTagManager: Event does not have parameter "store_search_number_of_results" and no default value was defined. Returning "undefined".
05-31 14:53:33.264  7637  7843 W GoogleTagManager: Event does not have parameter "store_search_num_results" and no default value was defined. Returning "undefined".
05-31 14:53:33.264  7637  7843 W GoogleTagManager: Event does not have parameter "user_rewards_point_balance" and no default value was defined. Returning "undefined".
05-31 14:53:33.264  7637  7843 W GoogleTagManager: Event does not have parameter "user_rewards_point_bal" and no default value was defined. Returning "undefined".
05-31 14:53:33.264  7637  7843 W GoogleTagManager: Event does not have parameter "sort_type" and no default value was defined. Returning "undefined".
05-31 14:53:33.264  7637  7843 W GoogleTagManager: Event does not have parameter "codePushVersion" and no default value was defined. Returning "undefined".
05-31 14:53:33.265  7637  7843 W GoogleTagManager: Event does not have parameter "apiEnvironment" and no default value was defined. Returning "undefined".
05-31 14:53:33.271  7637  7843 W GoogleTagManager: UniversalAnalyticsTag has been decommissioned.
05-31 14:53:33.271  7637  7843 W GoogleTagManager: Event does not have parameter "user_login_status" and no default value was defined. Returning "undefined".
05-31 14:53:33.276  7637  7669 W Bundle  : Key _si expected Long but value was a java.lang.Double.  The default value 0 was returned.
05-31 14:53:33.276  7637  7669 W Bundle  : Attempt to cast generated internal exception:
05-31 14:53:33.276  7637  7669 W Bundle  : java.lang.ClassCastException: java.lang.Double cannot be cast to java.lang.Long
05-31 14:53:33.276  7637  7669 W Bundle  : 	at android.os.BaseBundle.getLong(BaseBundle.java:1111)
05-31 14:53:33.276  7637  7669 W Bundle  : 	at android.os.BaseBundle.getLong(BaseBundle.java:1093)
05-31 14:53:33.276  7637  7669 W Bundle  : 	at com.google.android.gms.measurement.internal.zzgp.zza(Unknown Source:203)
05-31 14:53:33.276  7637  7669 W Bundle  : 	at com.google.android.gms.measurement.internal.zzgp.zza(Unknown Source:748)
05-31 14:53:33.276  7637  7669 W Bundle  : 	at com.google.android.gms.measurement.internal.zzgr.run(Unknown Source:2)
05-31 14:53:33.276  7637  7669 W Bundle  : 	at java.util.concurrent.Executors$RunnableAdapter.call(Executors.java:462)
05-31 14:53:33.276  7637  7669 W Bundle  : 	at java.util.concurrent.FutureTask.run(FutureTask.java:266)
05-31 14:53:33.276  7637  7669 W Bundle  : 	at com.google.android.gms.measurement.internal.zzfg.run(Unknown Source:20)
05-31 14:53:33.488  1360  1472 W MediaProvider: isAppCloneUserPair for user 0: false
05-31 14:53:33.514   181   181 I hwservicemanager: getTransport: Cannot find entry android.hardware.graphics.mapper@4.0::IMapper/default in either framework or device VINTF manifest.
05-31 14:53:33.514  8512  8514 I Gralloc4: mapper 4.x is not supported
05-31 14:53:34.030  7079  8518 I ProvidersCache: Provider returned no roots. Possibly naughty: com.google.android.apps.docs.storage
05-31 14:53:34.067  1360  1926 I MediaProvider: Begin Intent { act=android.intent.action.MEDIA_SCANNER_SCAN_FILE dat=file:///sdcard/screen_2025-05-31_225333.png flg=0x1400010 cmp=com.google.android.providers.media.module/com.android.providers.media.MediaService }
05-31 14:53:34.078  1360  1926 I MediaProvider: End Intent { act=android.intent.action.MEDIA_SCANNER_SCAN_FILE dat=file:///sdcard/screen_2025-05-31_225333.png flg=0x1400010 cmp=com.google.android.providers.media.module/com.android.providers.media.MediaService }
05-31 14:53:34.152  1360  6409 I MediaProvider: Deleted 0 1 0 0 0 0 0 items on external_primary due to com.android.shell
05-31 14:53:34.153  1166  2130 I UriTaskContentObserver: (REDACTED) Throttling content uri change event for %s
05-31 14:53:34.609  1360  6405 W MediaProvider: isAppCloneUserPair for user 0: false
05-31 14:53:34.634   181   181 I hwservicemanager: getTransport: Cannot find entry android.hardware.graphics.mapper@4.0::IMapper/default in either framework or device VINTF manifest.
05-31 14:53:34.634  8557  8559 I Gralloc4: mapper 4.x is not supported
05-31 14:53:35.180  1360  1926 I MediaProvider: Begin Intent { act=android.intent.action.MEDIA_SCANNER_SCAN_FILE dat=file:///sdcard/screen_2025-05-31_225334.png flg=0x1400010 cmp=com.google.android.providers.media.module/com.android.providers.media.MediaService }
05-31 14:53:35.190  1360  1926 I MediaProvider: End Intent { act=android.intent.action.MEDIA_SCANNER_SCAN_FILE dat=file:///sdcard/screen_2025-05-31_225334.png flg=0x1400010 cmp=com.google.android.providers.media.module/com.android.providers.media.MediaService }
05-31 14:53:35.279  1166  2130 I UriTaskContentObserver: (REDACTED) Throttling content uri change event for %s
05-31 14:53:35.279  1360  6502 I MediaProvider: Deleted 0 1 0 0 0 0 0 items on external_primary due to com.android.shell
05-31 14:53:36.328   590  3013 W InputManager: Input event injection from pid 8633 failed.
05-31 14:53:36.330   590  3013 W InputManager: Input event injection from pid 8633 failed.
05-31 14:53:36.330   590  3013 W InputManager: Input event injection from pid 8633 failed.
05-31 14:53:36.331   590  3013 W InputManager: Input event injection from pid 8633 failed.
05-31 14:53:36.332   590  3013 W InputManager: Input event injection from pid 8633 failed.
05-31 14:53:36.332   590  3013 W InputManager: Input event injection from pid 8633 failed.
05-31 14:53:36.333   590  3013 W InputManager: Input event injection from pid 8633 failed.
05-31 14:53:36.333   590  3013 W InputManager: Input event injection from pid 8633 failed.
05-31 14:53:36.334   590  3013 W InputManager: Input event injection from pid 8633 failed.
05-31 14:53:36.335   590  3013 W InputManager: Input event injection from pid 8633 failed.
05-31 14:53:36.336   590  3013 W InputManager: Input event injection from pid 8633 failed.
05-31 14:53:36.336   590  3013 W InputManager: Input event injection from pid 8633 failed.
05-31 14:53:36.336   590  3013 W InputManager: Input event injection from pid 8633 failed.
05-31 14:53:36.337   590  3013 W InputManager: Input event injection from pid 8633 failed.
05-31 14:53:36.337   590  3013 W InputManager: Input event injection from pid 8633 failed.
05-31 14:53:36.338   590  3013 W InputManager: Input event injection from pid 8633 failed.
05-31 14:53:36.338   590  3013 W InputManager: Input event injection from pid 8633 failed.
05-31 14:53:36.339   590  3013 W InputManager: Input event injection from pid 8633 failed.
05-31 14:53:36.339   590  3013 W InputManager: Input event injection from pid 8633 failed.
05-31 14:53:36.340   590  3013 W InputManager: Input event injection from pid 8633 failed.
05-31 14:53:36.340   590  3013 W InputManager: Input event injection from pid 8633 failed.
05-31 14:53:36.341   590  3013 W InputManager: Input event injection from pid 8633 failed.
05-31 14:53:36.342   590  3013 W InputManager: Input event injection from pid 8633 failed.
05-31 14:53:36.342   590  3013 W InputManager: Input event injection from pid 8633 failed.
05-31 14:53:36.342   590  3013 W InputManager: Input event injection from pid 8633 failed.
05-31 14:53:36.343   590  3013 W InputManager: Input event injection from pid 8633 failed.
05-31 14:53:36.343   590  3013 W InputManager: Input event injection from pid 8633 failed.
05-31 14:53:36.343   590  3013 W InputManager: Input event injection from pid 8633 failed.
05-31 14:53:36.344   590  3013 W InputManager: Input event injection from pid 8633 failed.
05-31 14:53:36.344   590  3013 W InputManager: Input event injection from pid 8633 failed.
05-31 14:53:36.344   590  3013 W InputManager: Input event injection from pid 8633 failed.
05-31 14:53:36.345   590  3013 W InputManager: Input event injection from pid 8633 failed.
05-31 14:53:36.346   590  3013 W InputManager: Input event injection from pid 8633 failed.
05-31 14:53:36.346   590  3013 W InputManager: Input event injection from pid 8633 failed.
05-31 14:53:36.346   590  3013 W InputManager: Input event injection from pid 8633 failed.
05-31 14:53:36.347   590  3013 W InputManager: Input event injection from pid 8633 failed.
05-31 14:53:36.348   590  3013 W InputManager: Input event injection from pid 8633 failed.
05-31 14:53:36.348   590  3013 W InputManager: Input event injection from pid 8633 failed.
05-31 14:53:36.349   590  3013 W InputManager: Input event injection from pid 8633 failed.
05-31 14:53:36.349   590  3013 W InputManager: Input event injection from pid 8633 failed.
05-31 14:53:36.350   590  3013 W InputManager: Input event injection from pid 8633 failed.
05-31 14:53:36.351   590  3013 W InputManager: Input event injection from pid 8633 failed.
05-31 14:53:36.351   590  3013 W InputManager: Input event injection from pid 8633 failed.
05-31 14:53:36.352   590  3013 W InputManager: Input event injection from pid 8633 failed.
05-31 14:53:36.353   590  3013 W InputManager: Input event injection from pid 8633 failed.
05-31 14:53:36.354   590  3013 W InputManager: Input event injection from pid 8633 failed.
05-31 14:53:36.355   590  3013 W InputManager: Input event injection from pid 8633 failed.
05-31 14:53:36.355   590  3013 W InputManager: Input event injection from pid 8633 failed.
05-31 14:53:36.355   590  3013 W InputManager: Input event injection from pid 8633 failed.
05-31 14:53:36.356   590  3013 W InputManager: Input event injection from pid 8633 failed.
05-31 14:53:36.357   590  3013 W InputManager: Input event injection from pid 8633 failed.
05-31 14:53:36.358   590  3013 W InputManager: Input event injection from pid 8633 failed.
05-31 14:53:36.358   590  3013 W InputManager: Input event injection from pid 8633 failed.
05-31 14:53:36.359   590  3013 W InputManager: Input event injection from pid 8633 failed.
05-31 14:53:36.360   590  3013 W InputManager: Input event injection from pid 8633 failed.
05-31 14:53:36.360   590  3013 W InputManager: Input event injection from pid 8633 failed.
05-31 14:53:36.361   590  3013 W InputManager: Input event injection from pid 8633 failed.
05-31 14:53:36.361   590  3013 W InputManager: Input event injection from pid 8633 failed.
05-31 14:53:36.361   590  3013 W InputManager: Input event injection from pid 8633 failed.
05-31 14:53:36.362   590  3013 W InputManager: Input event injection from pid 8633 failed.
05-31 14:53:36.363   590  3013 W InputManager: Input event injection from pid 8633 failed.
05-31 14:53:36.363   590  3013 W InputManager: Input event injection from pid 8633 failed.
05-31 14:53:36.364   590  3013 W InputManager: Input event injection from pid 8633 failed.
05-31 14:53:36.365   590  3013 W InputManager: Input event injection from pid 8633 failed.
05-31 14:53:36.365   590  3013 W InputManager: Input event injection from pid 8633 failed.
05-31 14:53:36.365   590  3013 W InputManager: Input event injection from pid 8633 failed.
05-31 14:53:36.366   590  3013 W InputManager: Input event injection from pid 8633 failed.
05-31 14:53:36.367   590  3013 W InputManager: Input event injection from pid 8633 failed.
05-31 14:53:36.367   590  3013 W InputManager: Input event injection from pid 8633 failed.
05-31 14:53:36.368   590  3013 W InputManager: Input event injection from pid 8633 failed.
05-31 14:53:36.368   590  3013 W InputManager: Input event injection from pid 8633 failed.
05-31 14:53:36.368   590  3013 W InputManager: Input event injection from pid 8633 failed.
05-31 14:53:36.369   590  3013 W InputManager: Input event injection from pid 8633 failed.
05-31 14:53:36.370   590  3013 W InputManager: Input event injection from pid 8633 failed.
05-31 14:53:36.370   590  3013 W InputManager: Input event injection from pid 8633 failed.
05-31 14:53:36.370   590  3013 W InputManager: Input event injection from pid 8633 failed.
05-31 14:53:36.371   590  3013 W InputManager: Input event injection from pid 8633 failed.
05-31 14:53:36.371   590  3013 W InputManager: Input event injection from pid 8633 failed.
05-31 14:53:36.372   590  3013 W InputManager: Input event injection from pid 8633 failed.
05-31 14:53:36.372   590  3013 W InputManager: Input event injection from pid 8633 failed.
05-31 14:53:36.373   590  3013 W InputManager: Input event injection from pid 8633 failed.
05-31 14:53:36.373   590  3013 W InputManager: Input event injection from pid 8633 failed.
05-31 14:53:36.373   590  3013 W InputManager: Input event injection from pid 8633 failed.
05-31 14:53:36.374   590  3013 W InputManager: Input event injection from pid 8633 failed.
05-31 14:53:36.374   590  3013 W InputManager: Input event injection from pid 8633 failed.
05-31 14:53:36.374   590  3013 W InputManager: Input event injection from pid 8633 failed.
05-31 14:53:36.375   590  3013 W InputManager: Input event injection from pid 8633 failed.
05-31 14:53:36.375   590  3013 W InputManager: Input event injection from pid 8633 failed.
05-31 14:53:36.375   590  3013 W InputManager: Input event injection from pid 8633 failed.
05-31 14:53:36.376   590  3013 W InputManager: Input event injection from pid 8633 failed.
05-31 14:53:36.378   590  3013 W InputManager: Input event injection from pid 8633 failed.
05-31 14:53:36.379   590  3013 W InputManager: Input event injection from pid 8633 failed.
05-31 14:53:36.379   590  3013 W InputManager: Input event injection from pid 8633 failed.
05-31 14:53:36.380   590  3013 W InputManager: Input event injection from pid 8633 failed.
05-31 14:53:36.380   590  3013 W InputManager: Input event injection from pid 8633 failed.
05-31 14:53:36.381   590  3013 W InputManager: Input event injection from pid 8633 failed.
05-31 14:53:36.382   590  3013 W InputManager: Input event injection from pid 8633 failed.
05-31 14:53:36.382   590  3013 W InputManager: Input event injection from pid 8633 failed.
05-31 14:53:36.383   590  3013 W InputManager: Input event injection from pid 8633 failed.
05-31 14:53:36.384   590  3013 W InputManager: Input event injection from pid 8633 failed.
05-31 14:53:36.384   590  3013 W InputManager: Input event injection from pid 8633 failed.
05-31 14:53:36.385   590  3013 W InputManager: Input event injection from pid 8633 failed.
05-31 14:53:36.385   590  3013 W InputManager: Input event injection from pid 8633 failed.
05-31 14:53:36.386   590  3013 W InputManager: Input event injection from pid 8633 failed.
05-31 14:53:36.386   590  3013 W InputManager: Input event injection from pid 8633 failed.
05-31 14:53:36.387   590  3013 W InputManager: Input event injection from pid 8633 failed.
05-31 14:53:36.387   590  3013 W InputManager: Input event injection from pid 8633 failed.
05-31 14:53:36.388   590  3013 W InputManager: Input event injection from pid 8633 failed.
05-31 14:53:36.389   590  3013 W InputManager: Input event injection from pid 8633 failed.
05-31 14:53:36.389   590  3013 W InputManager: Input event injection from pid 8633 failed.
05-31 14:53:36.390   590  3013 W InputManager: Input event injection from pid 8633 failed.
05-31 14:53:36.391   590  3013 W InputManager: Input event injection from pid 8633 failed.
05-31 14:53:36.391   590  3013 W InputManager: Input event injection from pid 8633 failed.
05-31 14:53:36.392   590  3013 W InputManager: Input event injection from pid 8633 failed.
05-31 14:53:36.392   590  3013 W InputManager: Input event injection from pid 8633 failed.
05-31 14:53:36.395   590  3013 W InputManager: Input event injection from pid 8633 failed.
05-31 14:53:36.396   590  3013 W InputManager: Input event injection from pid 8633 failed.
05-31 14:53:36.397   590  3013 W InputManager: Input event injection from pid 8633 failed.
05-31 14:53:36.397   590  3013 W InputManager: Input event injection from pid 8633 failed.
05-31 14:53:36.397   590  3013 W InputManager: Input event injection from pid 8633 failed.
05-31 14:53:36.398   590  3013 W InputManager: Input event injection from pid 8633 failed.
05-31 14:53:36.398   590  3013 W InputManager: Input event injection from pid 8633 failed.
05-31 14:53:36.400   590  3013 W InputManager: Input event injection from pid 8633 failed.
05-31 14:53:36.400   590  3013 W InputManager: Input event injection from pid 8633 failed.
05-31 14:53:36.400   590  3013 W InputManager: Input event injection from pid 8633 failed.
05-31 14:53:36.401   590  3013 W InputManager: Input event injection from pid 8633 failed.
05-31 14:53:36.402   590  3013 W InputManager: Input event injection from pid 8633 failed.
05-31 14:53:36.403   590  3013 W InputManager: Input event injection from pid 8633 failed.
05-31 14:53:36.403   590  3013 W InputManager: Input event injection from pid 8633 failed.
05-31 14:53:36.405   590  3013 W InputManager: Input event injection from pid 8633 failed.
05-31 14:53:36.405   590  3013 W InputManager: Input event injection from pid 8633 failed.
05-31 14:53:36.406   590  3013 W InputManager: Input event injection from pid 8633 failed.
05-31 14:53:36.406   590  3013 W InputManager: Input event injection from pid 8633 failed.
05-31 14:53:36.407   590  3013 W InputManager: Input event injection from pid 8633 failed.
05-31 14:53:36.407   590  3013 W InputManager: Input event injection from pid 8633 failed.
05-31 14:53:36.408   590  3013 W InputManager: Input event injection from pid 8633 failed.
05-31 14:53:36.408   590  3013 W InputManager: Input event injection from pid 8633 failed.
05-31 14:53:36.409   590  3013 W InputManager: Input event injection from pid 8633 failed.
05-31 14:53:36.410   590  3013 W InputManager: Input event injection from pid 8633 failed.
05-31 14:53:36.410   590  3013 W InputManager: Input event injection from pid 8633 failed.
05-31 14:53:36.410   590  3013 W InputManager: Input event injection from pid 8633 failed.
05-31 14:53:36.411   590  3013 W InputManager: Input event injection from pid 8633 failed.
05-31 14:53:36.411   590  3013 W InputManager: Input event injection from pid 8633 failed.
05-31 14:53:36.412   590  3013 W InputManager: Input event injection from pid 8633 failed.
05-31 14:53:36.412   590  3013 W InputManager: Input event injection from pid 8633 failed.
05-31 14:53:36.413   590  3013 W InputManager: Input event injection from pid 8633 failed.
05-31 14:53:36.413   590  3013 W InputManager: Input event injection from pid 8633 failed.
05-31 14:53:36.414   590  3013 W InputManager: Input event injection from pid 8633 failed.
05-31 14:53:36.415   590  3013 W InputManager: Input event injection from pid 8633 failed.
05-31 14:53:36.416   590  3013 W InputManager: Input event injection from pid 8633 failed.
05-31 14:53:36.416   590  3013 W InputManager: Input event injection from pid 8633 failed.
05-31 14:53:36.417   590  3013 W InputManager: Input event injection from pid 8633 failed.
05-31 14:53:36.418   590  3013 W InputManager: Input event injection from pid 8633 failed.
05-31 14:53:36.418   590  3013 W InputManager: Input event injection from pid 8633 failed.
05-31 14:53:36.419   590  3013 W InputManager: Input event injection from pid 8633 failed.
05-31 14:53:36.419   590  3013 W InputManager: Input event injection from pid 8633 failed.
05-31 14:53:36.420   590  3013 W InputManager: Input event injection from pid 8633 failed.
05-31 14:53:36.420   590  3013 W InputManager: Input event injection from pid 8633 failed.
05-31 14:53:36.421   590  3013 W InputManager: Input event injection from pid 8633 failed.
05-31 14:53:36.421   590  3013 W InputManager: Input event injection from pid 8633 failed.
05-31 14:53:36.422   590  3013 W InputManager: Input event injection from pid 8633 failed.
05-31 14:53:36.423   590  3013 W InputManager: Input event injection from pid 8633 failed.
05-31 14:53:36.423   590  3013 W InputManager: Input event injection from pid 8633 failed.
05-31 14:53:36.424   590  3013 W InputManager: Input event injection from pid 8633 failed.
05-31 14:53:36.424   590  3013 W InputManager: Input event injection from pid 8633 failed.
05-31 14:53:36.425   590  3013 W InputManager: Input event injection from pid 8633 failed.
05-31 14:53:36.425   590  3013 W InputManager: Input event injection from pid 8633 failed.
05-31 14:53:36.425   590  3013 W InputManager: Input event injection from pid 8633 failed.
05-31 14:53:36.428   590  3013 W InputManager: Input event injection from pid 8633 failed.
05-31 14:53:36.429   590  3013 W InputManager: Input event injection from pid 8633 failed.
05-31 14:53:36.430   590  3013 W InputManager: Input event injection from pid 8633 failed.
