05-31 14:53:44.631  7637  7843 W GoogleTagManager: Event does not have parameter "continue_with_facebook" and no default value was defined. Returning "undefined".
05-31 14:53:44.631  7637  7843 W GoogleTagManager: Event does not have parameter "sign_in_with_google" and no default value was defined. Returning "undefined".
05-31 14:53:44.631  7637  7843 W GoogleTagManager: Event does not have parameter "pizza_builder_time" and no default value was defined. Returning "undefined".
05-31 14:53:44.631  7637  7843 W GoogleTagManager: Event does not have parameter "screen_form_load" and no default value was defined. Returning "undefined".
05-31 14:53:44.631  7637  7843 W GoogleTagManager: Event does not have parameter "reorder_promo_impressions" and no default value was defined. Returning "undefined".
05-31 14:53:44.631  7637  7843 W GoogleTagManager: Event does not have parameter "reorder_impression_tap" and no default value was defined. Returning "undefined".
05-31 14:53:44.632  7637  7843 W GoogleTagManager: Event does not have parameter "login_success" and no default value was defined. Returning "undefined".
05-31 14:53:44.632  7637  7843 W GoogleTagManager: Event does not have parameter "pizza_builder_start" and no default value was defined. Returning "undefined".
05-31 14:53:44.632  7637  7843 W GoogleTagManager: Event does not have parameter "pizza_builder_complete" and no default value was defined. Returning "undefined".
05-31 14:53:44.634  7637  7843 W GoogleTagManager: Event does not have parameter "product_list_click" and no default value was defined. Returning "undefined".
05-31 14:53:44.634  7637  7843 W GoogleTagManager: Event does not have parameter "product_list_impression" and no default value was defined. Returning "undefined".
05-31 14:53:44.634  7637  7843 W GoogleTagManager: Event does not have parameter "store_DMA" and no default value was defined. Returning "undefined".
05-31 14:53:44.634  7637  7843 W GoogleTagManager: Event does not have parameter "session_remember_store" and no default value was defined. Returning "undefined".
05-31 14:53:44.634  7637  7843 W GoogleTagManager: Event does not have parameter "store_POS_type" and no default value was defined. Returning "undefined".
05-31 14:53:44.634  7637  7843 W GoogleTagManager: Event does not have parameter "user_login_status" and no default value was defined. Returning "undefined".
05-31 14:53:44.635  7637  7843 W GoogleTagManager: Event does not have parameter "store_franchisee_code" and no default value was defined. Returning "undefined".
05-31 14:53:44.635  7637  7843 W GoogleTagManager: Event does not have parameter "store_city" and no default value was defined. Returning "undefined".
05-31 14:53:44.636  7637  7843 W GoogleTagManager: Event does not have parameter "store_state" and no default value was defined. Returning "undefined".
05-31 14:53:44.636  7637  7843 W GoogleTagManager: Event does not have parameter "user_purchases_future" and no default value was defined. Returning "undefined".
05-31 14:53:44.636  7637  7843 W GoogleTagManager: Event does not have parameter "store_zip" and no default value was defined. Returning "undefined".
05-31 14:53:44.636  7637  7843 W GoogleTagManager: Event does not have parameter "user_id" and no default value was defined. Returning "undefined".
05-31 14:53:44.636  7637  7843 W GoogleTagManager: Event does not have parameter "session_remember_store" and no default value was defined. Returning "undefined".
05-31 14:53:44.636  7637  7843 W GoogleTagManager: Event does not have parameter "screen_remember_user" and no default value was defined. Returning "undefined".
05-31 14:53:44.636  7637  7843 W GoogleTagManager: Event does not have parameter "store_id" and no default value was defined. Returning "undefined".
05-31 14:53:44.637  7637  7843 W GoogleTagManager: Event does not have parameter "session_remember_occasion" and no default value was defined. Returning "undefined".
05-31 14:53:44.637  7637  7843 W GoogleTagManager: Event does not have parameter "session_rmbr_occasion" and no default value was defined. Returning "undefined".
05-31 14:53:44.637  7637  7843 W GoogleTagManager: Event does not have parameter "session_local_timeZoneGMTOffset" and no default value was defined. Returning "undefined".
05-31 14:53:44.640  7637  7843 W GoogleTagManager: Event does not have parameter "order_payment_method" and no default value was defined. Returning "undefined".
05-31 14:53:44.640  3193  3241 I XmpUtil : XMP parse: only JPEG file is supported
05-31 14:53:44.642  7637  7843 W GoogleTagManager: Event does not have parameter "order_occasion" and no default value was defined. Returning "undefined".
05-31 14:53:44.643  7637  7843 W GoogleTagManager: Event does not have parameter "modal_text" and no default value was defined. Returning "undefined".
05-31 14:53:44.644  7637  7843 W GoogleTagManager: Event does not have parameter "user_online_account_holder" and no default value was defined. Returning "undefined".
05-31 14:53:44.644  7637  7843 W GoogleTagManager: Event does not have parameter "user_online_acct_holder" and no default value was defined. Returning "undefined".
05-31 14:53:44.644  7637  7843 W GoogleTagManager: Event does not have parameter "user_hutLovers_marketing_opt_in" and no default value was defined. Returning "undefined".
05-31 14:53:44.644  7637  7843 W GoogleTagManager: Event does not have parameter "user_login_status" and no default value was defined. Returning "undefined".
05-31 14:53:44.646  7637  7843 W GoogleTagManager: Event does not have parameter "store_search_keyword" and no default value was defined. Returning "undefined".
05-31 14:53:44.646  7637  7843 W GoogleTagManager: Event does not have parameter "store_search_number_of_results" and no default value was defined. Returning "undefined".
05-31 14:53:44.648  7637  7843 W GoogleTagManager: Event does not have parameter "store_search_num_results" and no default value was defined. Returning "undefined".
05-31 14:53:44.650  7637  7843 W GoogleTagManager: Event does not have parameter "user_rewards_point_balance" and no default value was defined. Returning "undefined".
05-31 14:53:44.650  7637  7843 W GoogleTagManager: Event does not have parameter "user_rewards_point_bal" and no default value was defined. Returning "undefined".
05-31 14:53:44.650  7637  7843 W GoogleTagManager: Event does not have parameter "codePushVersion" and no default value was defined. Returning "undefined".
05-31 14:53:44.650  7637  7843 W GoogleTagManager: Event does not have parameter "apiEnvironment" and no default value was defined. Returning "undefined".
05-31 14:53:44.660  7637  7843 W GoogleTagManager: UniversalAnalyticsTag has been decommissioned.
05-31 14:53:44.662  7637  7843 W GoogleTagManager: Event does not have parameter "tracking_type" and no default value was defined. Returning "undefined".
05-31 14:53:44.670  7637  7843 W GoogleTagManager: Event does not have parameter "user_login_status" and no default value was defined. Returning "undefined".
05-31 14:53:44.671  1360  1388 I MediaProvider: Open with lower FS for /storage/emulated/0/screen_2025-05-31_200545.png. Uid: 10126
05-31 14:53:44.683  3193  3241 I XmpUtil : XMP parse: only JPEG file is supported
05-31 14:53:44.685  7637  7843 W GoogleTagManager: Event does not have parameter "checkouts" and no default value was defined. Returning "undefined".
05-31 14:53:44.685  7637  7843 W GoogleTagManager: Event does not have parameter "form_submitted_successesfully" and no default value was defined. Returning "undefined".
05-31 14:53:44.689  7637  7843 W GoogleTagManager: Event does not have parameter "form_submit_successful" and no default value was defined. Returning "undefined".
05-31 14:53:44.689  7637  7843 W GoogleTagManager: Event does not have parameter "form_submitted_with_errors" and no default value was defined. Returning "undefined".
05-31 14:53:44.689  7637  7843 W GoogleTagManager: Event does not have parameter "redeem_points_promo_impressions" and no default value was defined. Returning "undefined".
05-31 14:53:44.689  7637  7843 W GoogleTagManager: Event does not have parameter "redeem_points_click" and no default value was defined. Returning "undefined".
05-31 14:53:44.689  7637  7843 W GoogleTagManager: Event does not have parameter "continue_with_facebook" and no default value was defined. Returning "undefined".
05-31 14:53:44.690  7637  7843 W GoogleTagManager: Event does not have parameter "sign_in_with_google" and no default value was defined. Returning "undefined".
05-31 14:53:44.690  7637  7843 W GoogleTagManager: Event does not have parameter "pizza_builder_time" and no default value was defined. Returning "undefined".
05-31 14:53:44.690  7637  7843 W GoogleTagManager: Event does not have parameter "screen_form_load" and no default value was defined. Returning "undefined".
05-31 14:53:44.690  7637  7843 W GoogleTagManager: Event does not have parameter "reorder_promo_impressions" and no default value was defined. Returning "undefined".
05-31 14:53:44.690  7637  7843 W GoogleTagManager: Event does not have parameter "reorder_impression_tap" and no default value was defined. Returning "undefined".
05-31 14:53:44.691  7637  7843 W GoogleTagManager: Event does not have parameter "login_success" and no default value was defined. Returning "undefined".
05-31 14:53:44.691  7637  7843 W GoogleTagManager: Event does not have parameter "pizza_builder_start" and no default value was defined. Returning "undefined".
05-31 14:53:44.691  7637  7843 W GoogleTagManager: Event does not have parameter "pizza_builder_complete" and no default value was defined. Returning "undefined".
05-31 14:53:44.692  7637  7843 W GoogleTagManager: Event does not have parameter "product_list_click" and no default value was defined. Returning "undefined".
05-31 14:53:44.692  7637  7843 W GoogleTagManager: Event does not have parameter "product_list_impression" and no default value was defined. Returning "undefined".
05-31 14:53:44.692  7637  7843 W GoogleTagManager: Event does not have parameter "store_DMA" and no default value was defined. Returning "undefined".
05-31 14:53:44.692  7637  7843 W GoogleTagManager: Event does not have parameter "session_remember_store" and no default value was defined. Returning "undefined".
05-31 14:53:44.692  7637  7843 W GoogleTagManager: Event does not have parameter "store_POS_type" and no default value was defined. Returning "undefined".
05-31 14:53:44.693  7637  7843 W GoogleTagManager: Event does not have parameter "user_login_status" and no default value was defined. Returning "undefined".
05-31 14:53:44.693  7637  7843 W GoogleTagManager: Event does not have parameter "store_franchisee_code" and no default value was defined. Returning "undefined".
05-31 14:53:44.693  7637  7843 W GoogleTagManager: Event does not have parameter "store_city" and no default value was defined. Returning "undefined".
05-31 14:53:44.693  7637  7843 W GoogleTagManager: Event does not have parameter "store_state" and no default value was defined. Returning "undefined".
05-31 14:53:44.693  7637  7843 W GoogleTagManager: Event does not have parameter "user_purchases_future" and no default value was defined. Returning "undefined".
05-31 14:53:44.693  7637  7843 W GoogleTagManager: Event does not have parameter "store_zip" and no default value was defined. Returning "undefined".
05-31 14:53:44.693  7637  7843 W GoogleTagManager: Event does not have parameter "user_id" and no default value was defined. Returning "undefined".
05-31 14:53:44.694  7637  7843 W GoogleTagManager: Event does not have parameter "session_remember_store" and no default value was defined. Returning "undefined".
05-31 14:53:44.694  7637  7843 W GoogleTagManager: Event does not have parameter "screen_remember_user" and no default value was defined. Returning "undefined".
05-31 14:53:44.694  7637  7843 W GoogleTagManager: Event does not have parameter "store_id" and no default value was defined. Returning "undefined".
05-31 14:53:44.694  7637  7843 W GoogleTagManager: Event does not have parameter "session_remember_occasion" and no default value was defined. Returning "undefined".
05-31 14:53:44.694  7637  7843 W GoogleTagManager: Event does not have parameter "session_rmbr_occasion" and no default value was defined. Returning "undefined".
05-31 14:53:44.695  7637  7843 W GoogleTagManager: Event does not have parameter "session_local_timeZoneGMTOffset" and no default value was defined. Returning "undefined".
05-31 14:53:44.698  7637  7843 W GoogleTagManager: Event does not have parameter "order_payment_method" and no default value was defined. Returning "undefined".
05-31 14:53:44.698  7637  7843 W GoogleTagManager: Event does not have parameter "order_occasion" and no default value was defined. Returning "undefined".
05-31 14:53:44.698  7637  7843 W GoogleTagManager: Event does not have parameter "user_online_account_holder" and no default value was defined. Returning "undefined".
05-31 14:53:44.698  7637  7843 W GoogleTagManager: Event does not have parameter "user_online_acct_holder" and no default value was defined. Returning "undefined".
05-31 14:53:44.698  7637  7843 W GoogleTagManager: Event does not have parameter "user_hutLovers_marketing_opt_in" and no default value was defined. Returning "undefined".
05-31 14:53:44.699  7637  7843 W GoogleTagManager: Event does not have parameter "user_login_status" and no default value was defined. Returning "undefined".
05-31 14:53:44.700  7637  7843 W GoogleTagManager: Event does not have parameter "store_search_keyword" and no default value was defined. Returning "undefined".
05-31 14:53:44.702  7637  7843 W GoogleTagManager: Event does not have parameter "store_search_number_of_results" and no default value was defined. Returning "undefined".
05-31 14:53:44.702  7637  7843 W GoogleTagManager: Event does not have parameter "store_search_num_results" and no default value was defined. Returning "undefined".
05-31 14:53:44.702  7637  7843 W GoogleTagManager: Event does not have parameter "user_rewards_point_balance" and no default value was defined. Returning "undefined".
05-31 14:53:44.702  7637  7843 W GoogleTagManager: Event does not have parameter "user_rewards_point_bal" and no default value was defined. Returning "undefined".
05-31 14:53:44.703  7637  7843 W GoogleTagManager: Event does not have parameter "codePushVersion" and no default value was defined. Returning "undefined".
05-31 14:53:44.703  7637  7843 W GoogleTagManager: Event does not have parameter "apiEnvironment" and no default value was defined. Returning "undefined".
05-31 14:53:44.710  7637  7669 W Bundle  : Key _si expected Long but value was a java.lang.Double.  The default value 0 was returned.
05-31 14:53:44.710  7637  7669 W Bundle  : Attempt to cast generated internal exception:
05-31 14:53:44.710  7637  7669 W Bundle  : java.lang.ClassCastException: java.lang.Double cannot be cast to java.lang.Long
05-31 14:53:44.710  7637  7669 W Bundle  : 	at android.os.BaseBundle.getLong(BaseBundle.java:1111)
05-31 14:53:44.710  7637  7669 W Bundle  : 	at android.os.BaseBundle.getLong(BaseBundle.java:1093)
05-31 14:53:44.710  7637  7669 W Bundle  : 	at com.google.android.gms.measurement.internal.zzgp.zza(Unknown Source:203)
05-31 14:53:44.710  7637  7669 W Bundle  : 	at com.google.android.gms.measurement.internal.zzgp.zza(Unknown Source:748)
05-31 14:53:44.710  7637  7669 W Bundle  : 	at com.google.android.gms.measurement.internal.zzgr.run(Unknown Source:2)
05-31 14:53:44.710  7637  7669 W Bundle  : 	at java.util.concurrent.Executors$RunnableAdapter.call(Executors.java:462)
05-31 14:53:44.710  7637  7669 W Bundle  : 	at java.util.concurrent.FutureTask.run(FutureTask.java:266)
05-31 14:53:44.710  7637  7669 W Bundle  : 	at com.google.android.gms.measurement.internal.zzfg.run(Unknown Source:20)
05-31 14:53:44.719  7637  7843 W GoogleTagManager: UniversalAnalyticsTag has been decommissioned.
05-31 14:53:44.728  1360  1388 I MediaProvider: Open with lower FS for /storage/emulated/0/screen_2025-05-31_200539.png. Uid: 10126
05-31 14:53:44.740  3193  3241 I XmpUtil : XMP parse: only JPEG file is supported
05-31 14:53:44.741  1717  7850 I AdvertisingIdClient: shouldSendLog 62943
05-31 14:53:44.741  1717  7850 I AdvertisingIdClient: GetInfoInternal elapse 0ms
05-31 14:53:44.758  1360  6409 W MediaProvider: isAppCloneUserPair for user 0: false
05-31 14:53:44.765  1360  1388 I MediaProvider: Open with lower FS for /storage/emulated/0/screen_2025-05-31_200534.png. Uid: 10126
05-31 14:53:44.774  3193  3241 I XmpUtil : XMP parse: only JPEG file is supported
05-31 14:53:44.803   181   181 I hwservicemanager: getTransport: Cannot find entry android.hardware.graphics.mapper@4.0::IMapper/default in either framework or device VINTF manifest.
05-31 14:53:44.803  8899  8908 I Gralloc4: mapper 4.x is not supported
05-31 14:53:44.814  1360  1388 I MediaProvider: Open with lower FS for /storage/emulated/0/screen_2025-05-31_200528.png. Uid: 10126
05-31 14:53:44.827  3193  3241 I XmpUtil : XMP parse: only JPEG file is supported
05-31 14:53:44.836  1360  1388 I MediaProvider: Open with lower FS for /storage/emulated/0/screen_2025-05-31_200523.png. Uid: 10126
05-31 14:53:44.840  3193  3241 I XmpUtil : XMP parse: only JPEG file is supported
05-31 14:53:44.845  1360  1388 I MediaProvider: Open with lower FS for /storage/emulated/0/screen_2025-05-31_200522.png. Uid: 10126
05-31 14:53:44.854  3193  3241 I XmpUtil : XMP parse: only JPEG file is supported
05-31 14:53:44.870  1360  6917 I MediaProvider: Open with lower FS for /storage/emulated/0/screen_2025-05-31_200517.png. Uid: 10126
05-31 14:53:44.879  3193  3241 I XmpUtil : XMP parse: only JPEG file is supported
05-31 14:53:44.886  1360  6917 I MediaProvider: Open with lower FS for /storage/emulated/0/screen_2025-05-31_200511.png. Uid: 10126
05-31 14:53:44.893  3193  3241 I XmpUtil : XMP parse: only JPEG file is supported
05-31 14:53:44.900  1360  6917 I MediaProvider: Open with lower FS for /storage/emulated/0/screen_2025-05-31_200506.png. Uid: 10126
05-31 14:53:44.907  3193  3241 I XmpUtil : XMP parse: only JPEG file is supported
05-31 14:53:44.922  1360  6917 I MediaProvider: Open with lower FS for /storage/emulated/0/screen_2025-05-31_200505.png. Uid: 10126
05-31 14:53:44.933  3193  3241 I XmpUtil : XMP parse: only JPEG file is supported
05-31 14:53:44.941  1360  5800 I MediaProvider: Open with lower FS for /storage/emulated/0/screen_2025-05-31_200500.png. Uid: 10126
05-31 14:53:44.952  3193  3241 I XmpUtil : XMP parse: only JPEG file is supported
05-31 14:53:44.965  1360  5800 I MediaProvider: Open with lower FS for /storage/emulated/0/screen_2025-05-31_200454.png. Uid: 10126
05-31 14:53:44.975  3193  3241 I XmpUtil : XMP parse: only JPEG file is supported
05-31 14:53:44.986  1360  5800 I MediaProvider: Open with lower FS for /storage/emulated/0/screen_2025-05-31_200449.png. Uid: 10126
05-31 14:53:44.996  3193  3241 I XmpUtil : XMP parse: only JPEG file is supported
05-31 14:53:45.004  1360  5800 I MediaProvider: Open with lower FS for /storage/emulated/0/screen_2025-05-31_200448.png. Uid: 10126
05-31 14:53:45.015  3193  3241 I XmpUtil : XMP parse: only JPEG file is supported
05-31 14:53:45.024  1360  5800 I MediaProvider: Open with lower FS for /storage/emulated/0/screen_2025-05-31_200443.png. Uid: 10126
05-31 14:53:45.038  3193  3241 I XmpUtil : XMP parse: only JPEG file is supported
05-31 14:53:45.051  1360  5800 I MediaProvider: Open with lower FS for /storage/emulated/0/screen_2025-05-31_200437.png. Uid: 10126
05-31 14:53:45.059  3193  3241 I XmpUtil : XMP parse: only JPEG file is supported
05-31 14:53:45.072  1360  5800 I MediaProvider: Open with lower FS for /storage/emulated/0/screen_2025-05-31_200352.png. Uid: 10126
05-31 14:53:45.083  3193  3241 I XmpUtil : XMP parse: only JPEG file is supported
05-31 14:53:45.091  1360  5800 I MediaProvider: Open with lower FS for /storage/emulated/0/screen_2025-05-31_200347.png. Uid: 10126
05-31 14:53:45.100  3193  3241 I XmpUtil : XMP parse: only JPEG file is supported
05-31 14:53:45.109  1360  5800 I MediaProvider: Open with lower FS for /storage/emulated/0/screen_2025-05-31_200346.png. Uid: 10126
05-31 14:53:45.119  3193  3241 I XmpUtil : XMP parse: only JPEG file is supported
05-31 14:53:45.127  1360  5800 I MediaProvider: Open with lower FS for /storage/emulated/0/screen_2025-05-31_200341.png. Uid: 10126
05-31 14:53:45.135  3193  3241 I XmpUtil : XMP parse: only JPEG file is supported
05-31 14:53:45.155  1360  6402 I MediaProvider: Open with lower FS for /storage/emulated/0/screen_2025-05-31_200335.png. Uid: 10126
05-31 14:53:45.170  3193  3241 I XmpUtil : XMP parse: only JPEG file is supported
05-31 14:53:45.182  1360  6402 I MediaProvider: Open with lower FS for /storage/emulated/0/screen_2025-05-31_200330.png. Uid: 10126
05-31 14:53:45.194  3193  3241 I XmpUtil : XMP parse: only JPEG file is supported
05-31 14:53:45.202  1360  6402 I MediaProvider: Open with lower FS for /storage/emulated/0/screen_2025-05-31_200329.png. Uid: 10126
05-31 14:53:45.209  3193  3241 I XmpUtil : XMP parse: only JPEG file is supported
05-31 14:53:45.215  1360  6402 I MediaProvider: Open with lower FS for /storage/emulated/0/screen_2025-05-31_200324.png. Uid: 10126
05-31 14:53:45.225  3193  3241 I XmpUtil : XMP parse: only JPEG file is supported
05-31 14:53:45.235  1360  6402 I MediaProvider: Open with lower FS for /storage/emulated/0/screen_2025-05-31_200318.png. Uid: 10126
05-31 14:53:45.243  3193  3241 I XmpUtil : XMP parse: only JPEG file is supported
05-31 14:53:45.254  1360  6402 I MediaProvider: Open with lower FS for /storage/emulated/0/screen_2025-05-31_200313.png. Uid: 10126
05-31 14:53:45.265  3193  3241 I XmpUtil : XMP parse: only JPEG file is supported
05-31 14:53:45.275  1360  6402 I MediaProvider: Open with lower FS for /storage/emulated/0/screen_2025-05-31_200312.png. Uid: 10126
05-31 14:53:45.284  3193  3241 I XmpUtil : XMP parse: only JPEG file is supported
05-31 14:53:45.293  1360  6402 I MediaProvider: Open with lower FS for /storage/emulated/0/screen_2025-05-31_200307.png. Uid: 10126
05-31 14:53:45.302  3193  3241 I XmpUtil : XMP parse: only JPEG file is supported
05-31 14:53:45.311  1360  6402 I MediaProvider: Open with lower FS for /storage/emulated/0/screen_2025-05-31_200306.png. Uid: 10126
05-31 14:53:45.320  3193  3241 I XmpUtil : XMP parse: only JPEG file is supported
05-31 14:53:45.334  1360  6402 I MediaProvider: Open with lower FS for /storage/emulated/0/screen_2025-05-31_200301.png. Uid: 10126
05-31 14:53:45.336  1360  1926 I MediaProvider: Begin Intent { act=android.intent.action.MEDIA_SCANNER_SCAN_FILE dat=file:///sdcard/screen_2025-05-31_225344.png flg=0x1400010 cmp=com.google.android.providers.media.module/com.android.providers.media.MediaService }
05-31 14:53:45.346  1360  1926 I MediaProvider: End Intent { act=android.intent.action.MEDIA_SCANNER_SCAN_FILE dat=file:///sdcard/screen_2025-05-31_225344.png flg=0x1400010 cmp=com.google.android.providers.media.module/com.android.providers.media.MediaService }
05-31 14:53:45.349  7079  8922 I ProvidersCache: Provider returned no roots. Possibly naughty: com.google.android.apps.docs.storage
05-31 14:53:45.354  3193  3241 I XmpUtil : XMP parse: only JPEG file is supported
05-31 14:53:45.370  1360  6757 I MediaProvider: Open with lower FS for /storage/emulated/0/screen_2025-05-31_200255.png. Uid: 10126
05-31 14:53:45.383  3193  3241 I XmpUtil : XMP parse: only JPEG file is supported
05-31 14:53:45.408  1360  6757 I MediaProvider: Open with lower FS for /storage/emulated/0/screen_2025-05-31_200250.png. Uid: 10126
05-31 14:53:45.421  3193  3241 I XmpUtil : XMP parse: only JPEG file is supported
05-31 14:53:45.433  1360  6757 I MediaProvider: Open with lower FS for /storage/emulated/0/screen_2025-05-31_200249.png. Uid: 10126
05-31 14:53:45.438  1360  6405 I MediaProvider: Deleted 0 1 0 0 0 0 0 items on external_primary due to com.android.shell
05-31 14:53:45.440  1166  2130 I UriTaskContentObserver: (REDACTED) Throttling content uri change event for %s
05-31 14:53:45.442  3193  3241 I XmpUtil : XMP parse: only JPEG file is supported
05-31 14:53:45.454  1360  6757 I MediaProvider: Open with lower FS for /storage/emulated/0/screen_2025-05-31_200244.png. Uid: 10126
05-31 14:53:45.463  3193  3241 I XmpUtil : XMP parse: only JPEG file is supported
05-31 14:53:45.472  1360  6757 I MediaProvider: Open with lower FS for /storage/emulated/0/screen_2025-05-31_200238.png. Uid: 10126
05-31 14:53:45.481  3193  3241 I XmpUtil : XMP parse: only JPEG file is supported
05-31 14:53:45.493  1360  6757 I MediaProvider: Open with lower FS for /storage/emulated/0/screen_2025-05-31_194810.png. Uid: 10126
05-31 14:53:45.506  3193  3241 I XmpUtil : XMP parse: only JPEG file is supported
05-31 14:53:45.520  1360  6757 I MediaProvider: Open with lower FS for /storage/emulated/0/screen_2025-05-31_194805.png. Uid: 10126
05-31 14:53:45.529  3193  3241 I XmpUtil : XMP parse: only JPEG file is supported
05-31 14:53:45.540  1360  6757 I MediaProvider: Open with lower FS for /storage/emulated/0/screen_2025-05-31_194804.png. Uid: 10126
05-31 14:53:45.549  3193  3241 I XmpUtil : XMP parse: only JPEG file is supported
05-31 14:53:45.563  1360  6757 I MediaProvider: Open with lower FS for /storage/emulated/0/screen_2025-05-31_194759.png. Uid: 10126
05-31 14:53:45.571  3193  3241 I XmpUtil : XMP parse: only JPEG file is supported
05-31 14:53:45.581  1360  6757 I MediaProvider: Open with lower FS for /storage/emulated/0/screen_2025-05-31_194732.png. Uid: 10126
05-31 14:53:45.591  3193  3241 I XmpUtil : XMP parse: only JPEG file is supported
05-31 14:53:45.610  1360  6757 I MediaProvider: Open with lower FS for /storage/emulated/0/screen_2025-05-31_194727.png. Uid: 10126
05-31 14:53:45.623  3193  3241 I XmpUtil : XMP parse: only JPEG file is supported
05-31 14:53:45.634  7637  7794 I RNAnalytics-doOperation: ["FirebaseLogEvent"], event, { NativeMap: {"session_remember_cart":"No","screen_level1":"Sign In Options","screen_has_form":1,"session_cst_time":"Sat May 31 14:53:45 2025","binaryVersion":"5.24.1","has_ecomm":0,"screen_name":"Sign In Options","screen_form_name":"Sign In Form","event":"event","event_category":"Sign In Options","environment":"PROD","screen_cat_level1":"Sign In Options","screen_aggregation":"Sign In Options","screen_cat_level3":"Sign In Options","eventName":"event","session_cst_day":"Sat May 31 14:53:45 2025","screen_currency":"USD","session_remember_name":"No","user_rewards_member":"Not Signed In","conversation_id":"261F92394F997C0C2E2AAD8C994B00::1.0.17::","debug":false,"screen_cat_level2":"Sign In Options","screen_cat_level4":"Sign In Options","event_label":"Sign In Options > [dataModel.event_action not set]","screen_breadcrumb":"Sign In Options","session_local_hour":"Sat May 31 14:53:45 2025","session_local_time":"Sat May 31 14:53:45 2025","session_local_day":"Sat May 31 14:53:45 2025","session_cst_hour":"Sat May 31 14:53:45 2025","user_localized":"No","ecomm":false,"session_local_GMTOffset":"-0000","user_rewards_mkt_opt_in":"Not Signed In"} }
05-31 14:53:45.634  7637  7794 I RNFirebase-doOperation: event, { NativeMap: {"session_remember_cart":"No","screen_level1":"Sign In Options","screen_has_form":1,"session_cst_time":"Sat May 31 14:53:45 2025","binaryVersion":"5.24.1","has_ecomm":0,"screen_name":"Sign In Options","screen_form_name":"Sign In Form","event":"event","event_category":"Sign In Options","environment":"PROD","screen_cat_level1":"Sign In Options","screen_aggregation":"Sign In Options","screen_cat_level3":"Sign In Options","eventName":"event","session_cst_day":"Sat May 31 14:53:45 2025","screen_currency":"USD","session_remember_name":"No","user_rewards_member":"Not Signed In","conversation_id":"261F92394F997C0C2E2AAD8C994B00::1.0.17::","debug":false,"screen_cat_level2":"Sign In Options","screen_cat_level4":"Sign In Options","event_label":"Sign In Options > [dataModel.event_action not set]","screen_breadcrumb":"Sign In Options","session_local_hour":"Sat May 31 14:53:45 2025","session_local_time":"Sat May 31 14:53:45 2025","session_local_day":"Sat May 31 14:53:45 2025","session_cst_hour":"Sat May 31 14:53:45 2025","user_localized":"No","ecomm":false,"session_local_GMTOffset":"-0000","user_rewards_mkt_opt_in":"Not Signed In"} }
05-31 14:53:45.634  7637  7794 I RNFirebase-doOperation: logEvent
05-31 14:53:45.635  7637  7794 I RNAppsFlyer-doOperation: event, { NativeMap: {"session_remember_cart":"No","screen_level1":"Sign In Options","screen_has_form":1,"session_cst_time":"Sat May 31 14:53:45 2025","binaryVersion":"5.24.1","has_ecomm":0,"screen_name":"Sign In Options","screen_form_name":"Sign In Form","event":"event","event_category":"Sign In Options","environment":"PROD","screen_cat_level1":"Sign In Options","screen_aggregation":"Sign In Options","screen_cat_level3":"Sign In Options","eventName":"event","session_cst_day":"Sat May 31 14:53:45 2025","screen_currency":"USD","session_remember_name":"No","user_rewards_member":"Not Signed In","conversation_id":"261F92394F997C0C2E2AAD8C994B00::1.0.17::","debug":false,"screen_cat_level2":"Sign In Options","screen_cat_level4":"Sign In Options","event_label":"Sign In Options > [dataModel.event_action not set]","screen_breadcrumb":"Sign In Options","session_local_hour":"Sat May 31 14:53:45 2025","session_local_time":"Sat May 31 14:53:45 2025","session_local_day":"Sat May 31 14:53:45 2025","session_cst_hour":"Sat May 31 14:53:45 2025","user_localized":"No","ecomm":false,"session_local_GMTOffset":"-0000","user_rewards_mkt_opt_in":"Not Signed In"} }
05-31 14:53:45.637  7637  7843 W GoogleTagManager: Event does not have parameter "tracking_type" and no default value was defined. Returning "undefined".
05-31 14:53:45.646  1360  6757 I MediaProvider: Open with lower FS for /storage/emulated/0/screen_2025-05-31_194726.png. Uid: 10126
05-31 14:53:45.650  7637  7843 W GoogleTagManager: Event does not have parameter "user_login_status" and no default value was defined. Returning "undefined".
05-31 14:53:45.656  7637  7669 W Bundle  : Key _si expected Long but value was a java.lang.Double.  The default value 0 was returned.
05-31 14:53:45.656  7637  7669 W Bundle  : Attempt to cast generated internal exception:
05-31 14:53:45.656  7637  7669 W Bundle  : java.lang.ClassCastException: java.lang.Double cannot be cast to java.lang.Long
05-31 14:53:45.656  7637  7669 W Bundle  : 	at android.os.BaseBundle.getLong(BaseBundle.java:1111)
05-31 14:53:45.656  7637  7669 W Bundle  : 	at android.os.BaseBundle.getLong(BaseBundle.java:1093)
05-31 14:53:45.656  7637  7669 W Bundle  : 	at com.google.android.gms.measurement.internal.zzgp.zza(Unknown Source:203)
05-31 14:53:45.656  7637  7669 W Bundle  : 	at com.google.android.gms.measurement.internal.zzgp.zza(Unknown Source:748)
05-31 14:53:45.656  7637  7669 W Bundle  : 	at com.google.android.gms.measurement.internal.zzgr.run(Unknown Source:2)
05-31 14:53:45.656  7637  7669 W Bundle  : 	at java.util.concurrent.Executors$RunnableAdapter.call(Executors.java:462)
05-31 14:53:45.656  7637  7669 W Bundle  : 	at java.util.concurrent.FutureTask.run(FutureTask.java:266)
05-31 14:53:45.656  7637  7669 W Bundle  : 	at com.google.android.gms.measurement.internal.zzfg.run(Unknown Source:20)
05-31 14:53:45.660  7637  7794 I RNAnalytics-doOperation: ["FirebaseLogEvent"], screen, { NativeMap: {"session_remember_cart":"No","screen_level1":"Sign In Options","screen_has_form":1,"session_cst_time":"Sat May 31 14:53:45 2025","binaryVersion":"5.24.1","has_ecomm":0,"screen_name":"Sign In Options","screen_form_name":"Sign In Form","event":"screen","environment":"PROD","screen_cat_level1":"Sign In Options","screen_aggregation":"Sign In Options","screen_cat_level3":"Sign In Options","eventName":"screen","session_cst_day":"Sat May 31 14:53:45 2025","session_local_time":"Sat May 31 14:53:45 2025","screen_currency":"USD","session_remember_name":"No","session_local_day":"Sat May 31 14:53:45 2025","user_rewards_member":"Not Signed In","conversation_id":"6017ABC6BE8D200DA578F7E21C350::1.0.17::","debug":false,"screen_cat_level2":"Sign In Options","screen_cat_level4":"Sign In Options","screen_breadcrumb":"Sign In Options","session_local_hour":"Sat May 31 14:53:45 2025","session_cst_hour":"Sat May 31 14:53:45 2025","user_localized":"No","screen_form_load":1,"ecomm":false,"session_local_GMTOffset":"-0000","user_rewards_mkt_opt_in":"Not Signed In"} }
05-31 14:53:45.660  7637  7794 I RNFirebase-doOperation: screen, { NativeMap: {"session_remember_cart":"No","screen_level1":"Sign In Options","screen_has_form":1,"session_cst_time":"Sat May 31 14:53:45 2025","binaryVersion":"5.24.1","has_ecomm":0,"screen_name":"Sign In Options","screen_form_name":"Sign In Form","event":"screen","environment":"PROD","screen_cat_level1":"Sign In Options","screen_aggregation":"Sign In Options","screen_cat_level3":"Sign In Options","eventName":"screen","session_cst_day":"Sat May 31 14:53:45 2025","session_local_time":"Sat May 31 14:53:45 2025","screen_currency":"USD","session_remember_name":"No","session_local_day":"Sat May 31 14:53:45 2025","user_rewards_member":"Not Signed In","conversation_id":"6017ABC6BE8D200DA578F7E21C350::1.0.17::","debug":false,"screen_cat_level2":"Sign In Options","screen_cat_level4":"Sign In Options","screen_breadcrumb":"Sign In Options","session_local_hour":"Sat May 31 14:53:45 2025","session_cst_hour":"Sat May 31 14:53:45 2025","user_localized":"No","screen_form_load":1,"ecomm":false,"session_local_GMTOffset":"-0000","user_rewards_mkt_opt_in":"Not Signed In"} }
05-31 14:53:45.660  7637  7794 I RNFirebase-doOperation: logEvent
05-31 14:53:45.660  7637  7794 I RNAppsFlyer-doOperation: screen, { NativeMap: {"session_remember_cart":"No","screen_level1":"Sign In Options","screen_has_form":1,"session_cst_time":"Sat May 31 14:53:45 2025","binaryVersion":"5.24.1","has_ecomm":0,"screen_name":"Sign In Options","screen_form_name":"Sign In Form","event":"screen","environment":"PROD","screen_cat_level1":"Sign In Options","screen_aggregation":"Sign In Options","screen_cat_level3":"Sign In Options","eventName":"screen","session_cst_day":"Sat May 31 14:53:45 2025","session_local_time":"Sat May 31 14:53:45 2025","screen_currency":"USD","session_remember_name":"No","session_local_day":"Sat May 31 14:53:45 2025","user_rewards_member":"Not Signed In","conversation_id":"6017ABC6BE8D200DA578F7E21C350::1.0.17::","debug":false,"screen_cat_level2":"Sign In Options","screen_cat_level4":"Sign In Options","screen_breadcrumb":"Sign In Options","session_local_hour":"Sat May 31 14:53:45 2025","session_cst_hour":"Sat May 31 14:53:45 2025","user_localized":"No","screen_form_load":1,"ecomm":false,"session_local_GMTOffset":"-0000","user_rewards_mkt_opt_in":"Not Signed In"} }
05-31 14:53:45.675  3193  3241 I XmpUtil : XMP parse: only JPEG file is supported
05-31 14:53:45.686  1360  6757 I MediaProvider: Open with lower FS for /storage/emulated/0/screen_2025-05-31_194721.png. Uid: 10126
05-31 14:53:45.702  3193  3241 I XmpUtil : XMP parse: only JPEG file is supported
05-31 14:53:45.705  7637  7843 W GoogleTagManager: Event does not have parameter "tracking_type" and no default value was defined. Returning "undefined".
05-31 14:53:45.712  1360  6402 I MediaProvider: Open with lower FS for /storage/emulated/0/screen_2025-05-31_194715.png. Uid: 10126
05-31 14:53:45.714  7637  7843 W GoogleTagManager: Event does not have parameter "home_screen_views" and no default value was defined. Returning "undefined".
05-31 14:53:45.714  7637  7843 W GoogleTagManager: Event does not have parameter "cart_screen_views" and no default value was defined. Returning "undefined".
05-31 14:53:45.714  7637  7843 W GoogleTagManager: Event does not have parameter "checkouts" and no default value was defined. Returning "undefined".
05-31 14:53:45.714  7637  7843 W GoogleTagManager: Event does not have parameter "checkout_customer_details_screen_views" and no default value was defined. Returning "undefined".
05-31 14:53:45.714  7637  7843 W GoogleTagManager: Event does not have parameter "checkout_payment_screen_views" and no default value was defined. Returning "undefined".
05-31 14:53:45.714  7637  7843 W GoogleTagManager: Event does not have parameter "checkout_order_confirmation_screen_views" and no default value was defined. Returning "undefined".
05-31 14:53:45.714  7637  7843 W GoogleTagManager: Event does not have parameter "confirmation_screen_view" and no default value was defined. Returning "undefined".
05-31 14:53:45.714  7637  7843 W GoogleTagManager: Event does not have parameter "order_2018_purchasers" and no default value was defined. Returning "undefined".
05-31 14:53:45.715  7637  7843 W GoogleTagManager: Event does not have parameter "form_submitted_successesfully" and no default value was defined. Returning "undefined".
05-31 14:53:45.715  7637  7843 W GoogleTagManager: Event does not have parameter "form_submit_successful" and no default value was defined. Returning "undefined".
05-31 14:53:45.715  7637  7843 W GoogleTagManager: Event does not have parameter "form_submitted_with_errors" and no default value was defined. Returning "undefined".
05-31 14:53:45.715  7637  7843 W GoogleTagManager: Event does not have parameter "order_number_coupons" and no default value was defined. Returning "undefined".
05-31 14:53:45.715  7637  7843 W GoogleTagManager: Event does not have parameter "order_favorites" and no default value was defined. Returning "undefined".
05-31 14:53:45.715  7637  7843 W GoogleTagManager: Event does not have parameter "order_count_of_items" and no default value was defined. Returning "undefined".
05-31 14:53:45.715  7637  7843 W GoogleTagManager: Event does not have parameter "order_count_of_products_sold" and no default value was defined. Returning "undefined".
05-31 14:53:45.715  7637  7843 W GoogleTagManager: Event does not have parameter "order_ct_products_sold" and no default value was defined. Returning "undefined".
05-31 14:53:45.716  7637  7843 W GoogleTagManager: Event does not have parameter "order_count_of_pizzas" and no default value was defined. Returning "undefined".
05-31 14:53:45.716  7637  7843 W GoogleTagManager: Event does not have parameter "order_count_of_customized_pizzas" and no default value was defined. Returning "undefined".
05-31 14:53:45.716  7637  7843 W GoogleTagManager: Event does not have parameter "order_ct_custom_pizzas" and no default value was defined. Returning "undefined".
05-31 14:53:45.716  7637  7843 W GoogleTagManager: Event does not have parameter "order_deliveries" and no default value was defined. Returning "undefined".
05-31 14:53:45.716  7637  7843 W GoogleTagManager: Event does not have parameter "order_carryouts" and no default value was defined. Returning "undefined".
05-31 14:53:45.716  7637  7843 W GoogleTagManager: Event does not have parameter "order_dine_ins" and no default value was defined. Returning "undefined".
05-31 14:53:45.716  7637  7843 W GoogleTagManager: Event does not have parameter "order_reorders" and no default value was defined. Returning "undefined".
05-31 14:53:45.716  7637  7843 W GoogleTagManager: Event does not have parameter "order_preorders" and no default value was defined. Returning "undefined".
05-31 14:53:45.717  7637  7843 W GoogleTagManager: Event does not have parameter "redeem_points_promo_impressions" and no default value was defined. Returning "undefined".
05-31 14:53:45.717  7637  7843 W GoogleTagManager: Event does not have parameter "redeem_points_click" and no default value was defined. Returning "undefined".
05-31 14:53:45.717  7637  7843 W GoogleTagManager: Event does not have parameter "continue_with_facebook" and no default value was defined. Returning "undefined".
05-31 14:53:45.717  7637  7843 W GoogleTagManager: Event does not have parameter "sign_in_with_google" and no default value was defined. Returning "undefined".
05-31 14:53:45.717  7637  7843 W GoogleTagManager: Event does not have parameter "pizza_builder_time" and no default value was defined. Returning "undefined".
05-31 14:53:45.718  7637  7843 W GoogleTagManager: Event does not have parameter "reorder_promo_impressions" and no default value was defined. Returning "undefined".
05-31 14:53:45.718  7637  7843 W GoogleTagManager: Event does not have parameter "reorder_impression_tap" and no default value was defined. Returning "undefined".
05-31 14:53:45.718  7637  7843 W GoogleTagManager: Event does not have parameter "menu_screen_views" and no default value was defined. Returning "undefined".
05-31 14:53:45.718  7637  7843 W GoogleTagManager: Event does not have parameter "login_success" and no default value was defined. Returning "undefined".
05-31 14:53:45.719  7637  7843 W GoogleTagManager: Event does not have parameter "pizza_builder_start" and no default value was defined. Returning "undefined".
05-31 14:53:45.719  7637  7843 W GoogleTagManager: Event does not have parameter "pizza_builder_complete" and no default value was defined. Returning "undefined".
05-31 14:53:45.719  7637  7843 W GoogleTagManager: Event does not have parameter "product_list_click" and no default value was defined. Returning "undefined".
05-31 14:53:45.720  7637  7843 W GoogleTagManager: Event does not have parameter "product_list_impression" and no default value was defined. Returning "undefined".
05-31 14:53:45.720  7637  7843 W GoogleTagManager: Event does not have parameter "order_service_fee" and no default value was defined. Returning "undefined".
05-31 14:53:45.720  7637  7843 W GoogleTagManager: Event does not have parameter "cart_views_with_prod" and no default value was defined. Returning "undefined".
05-31 14:53:45.720  7637  7843 W GoogleTagManager: Event does not have parameter "store_DMA" and no default value was defined. Returning "undefined".
05-31 14:53:45.720  7637  7843 W GoogleTagManager: Event does not have parameter "session_remember_store" and no default value was defined. Returning "undefined".
05-31 14:53:45.720  7637  7843 W GoogleTagManager: Event does not have parameter "store_POS_type" and no default value was defined. Returning "undefined".
05-31 14:53:45.720  7637  7843 W GoogleTagManager: Event does not have parameter "user_login_status" and no default value was defined. Returning "undefined".
05-31 14:53:45.720  7637  7843 W GoogleTagManager: Event does not have parameter "store_franchisee_code" and no default value was defined. Returning "undefined".
05-31 14:53:45.721  7637  7843 W GoogleTagManager: Event does not have parameter "store_city" and no default value was defined. Returning "undefined".
05-31 14:53:45.721  7637  7843 W GoogleTagManager: Event does not have parameter "store_state" and no default value was defined. Returning "undefined".
05-31 14:53:45.721  7637  7843 W GoogleTagManager: Event does not have parameter "user_purchases_future" and no default value was defined. Returning "undefined".
05-31 14:53:45.721  7637  7843 W GoogleTagManager: Event does not have parameter "store_zip" and no default value was defined. Returning "undefined".
05-31 14:53:45.721  7637  7843 W GoogleTagManager: Event does not have parameter "user_id" and no default value was defined. Returning "undefined".
05-31 14:53:45.721  7637  7843 W GoogleTagManager: Event does not have parameter "session_remember_store" and no default value was defined. Returning "undefined".
05-31 14:53:45.721  7637  7843 W GoogleTagManager: Event does not have parameter "screen_remember_user" and no default value was defined. Returning "undefined".
05-31 14:53:45.722  7637  7843 W GoogleTagManager: Event does not have parameter "store_id" and no default value was defined. Returning "undefined".
05-31 14:53:45.722  7637  7843 W GoogleTagManager: Event does not have parameter "session_remember_occasion" and no default value was defined. Returning "undefined".
05-31 14:53:45.722  7637  7843 W GoogleTagManager: Event does not have parameter "session_rmbr_occasion" and no default value was defined. Returning "undefined".
05-31 14:53:45.722  7637  7843 W GoogleTagManager: Event does not have parameter "session_local_timeZoneGMTOffset" and no default value was defined. Returning "undefined".
05-31 14:53:45.724  7637  7843 W GoogleTagManager: Event does not have parameter "order_has_customized_items" and no default value was defined. Returning "undefined".
05-31 14:53:45.724  7637  7843 W GoogleTagManager: Event does not have parameter "order_has_custom_items" and no default value was defined. Returning "undefined".
05-31 14:53:45.724  7637  7843 W GoogleTagManager: Event does not have parameter "order_payment_method" and no default value was defined. Returning "undefined".
05-31 14:53:45.724  7637  7843 W GoogleTagManager: Event does not have parameter "order_occasion" and no default value was defined. Returning "undefined".
05-31 14:53:45.724  7637  7843 W GoogleTagManager: Event does not have parameter "order_is_favorite" and no default value was defined. Returning "undefined".
05-31 14:53:45.724  7637  7843 W GoogleTagManager: Event does not have parameter "coupon" and no default value was defined. Returning "undefined".
05-31 14:53:45.724  7637  7843 W GoogleTagManager: Event does not have parameter "order_coupon_name" and no default value was defined. Returning "undefined".
05-31 14:53:45.724  7637  7843 W GoogleTagManager: Event does not have parameter "order_is_reorder" and no default value was defined. Returning "undefined".
05-31 14:53:45.724  7637  7843 W GoogleTagManager: Event does not have parameter "order_is_preorder" and no default value was defined. Returning "undefined".
05-31 14:53:45.724  7637  7843 W GoogleTagManager: Event does not have parameter "order_has_bundle" and no default value was defined. Returning "undefined".
05-31 14:53:45.724  3193  3241 I XmpUtil : XMP parse: only JPEG file is supported
05-31 14:53:45.724  7637  7843 W GoogleTagManager: Event does not have parameter "order_has_LTO" and no default value was defined. Returning "undefined".
05-31 14:53:45.724  7637  7843 W GoogleTagManager: Event does not have parameter "order_has_LTP" and no default value was defined. Returning "undefined".
05-31 14:53:45.725  7637  7843 W GoogleTagManager: Event does not have parameter "modal_text" and no default value was defined. Returning "undefined".
05-31 14:53:45.725  7637  7843 W GoogleTagManager: Event does not have parameter "user_online_account_holder" and no default value was defined. Returning "undefined".
05-31 14:53:45.725  7637  7843 W GoogleTagManager: Event does not have parameter "user_online_acct_holder" and no default value was defined. Returning "undefined".
05-31 14:53:45.725  7637  7843 W GoogleTagManager: Event does not have parameter "user_hutLovers_marketing_opt_in" and no default value was defined. Returning "undefined".
05-31 14:53:45.725  7637  7843 W GoogleTagManager: Event does not have parameter "order_count_of_products_sold" and no default value was defined. Returning "undefined".
05-31 14:53:45.725  7637  7843 W GoogleTagManager: Event does not have parameter "order_ct_products_sold" and no default value was defined. Returning "undefined".
05-31 14:53:45.725  7637  7843 W GoogleTagManager: Event does not have parameter "user_promiseTime_delivery_initial" and no default value was defined. Returning "undefined".
05-31 14:53:45.725  7637  7843 W GoogleTagManager: Event does not have parameter "promiseTime_d_initial" and no default value was defined. Returning "undefined".
05-31 14:53:45.725  7637  7843 W GoogleTagManager: Event does not have parameter "user_promiseTime_carryout_initial" and no default value was defined. Returning "undefined".
05-31 14:53:45.725  7637  7843 W GoogleTagManager: Event does not have parameter "promiseTime_c_initial" and no default value was defined. Returning "undefined".
05-31 14:53:45.725  7637  7843 W GoogleTagManager: Event does not have parameter "user_promiseTime_delivery_final" and no default value was defined. Returning "undefined".
05-31 14:53:45.725  7637  7843 W GoogleTagManager: Event does not have parameter "promiseTime_d_final" and no default value was defined. Returning "undefined".
05-31 14:53:45.725  7637  7843 W GoogleTagManager: Event does not have parameter "user_promiseTime_delivery_delta" and no default value was defined. Returning "undefined".
05-31 14:53:45.725  7637  7843 W GoogleTagManager: Event does not have parameter "promiseTime_d_delta" and no default value was defined. Returning "undefined".
05-31 14:53:45.726  7637  7843 W GoogleTagManager: Event does not have parameter "user_promiseTime_carryout_final" and no default value was defined. Returning "undefined".
05-31 14:53:45.726  7637  7843 W GoogleTagManager: Event does not have parameter "promiseTime_c_final" and no default value was defined. Returning "undefined".
05-31 14:53:45.726  7637  7843 W GoogleTagManager: Event does not have parameter "user_promiseTime_carryout_delta" and no default value was defined. Returning "undefined".
05-31 14:53:45.726  7637  7843 W GoogleTagManager: Event does not have parameter "promiseTime_c_delta" and no default value was defined. Returning "undefined".
05-31 14:53:45.726  7637  7843 W GoogleTagManager: Event does not have parameter "user_login_status" and no default value was defined. Returning "undefined".
05-31 14:53:45.728  7637  7843 W GoogleTagManager: Event does not have parameter "screen_error_code" and no default value was defined. Returning "undefined".
