--------- beginning of main
05-31 14:53:05.715  1323  1323 I GoogleInputMethodService: GoogleInputMethodService.onFinishInput():3420 
05-31 14:53:05.721   590  1650 W InputManager-JNI: Input channel object 'e396bf4 InputMethod (client)' was disposed without first being removed with the input manager!
05-31 14:53:05.740  1323  1323 I NormalModeController: NormalModeController.getKeyboardBodyViewHolderPaddingBottom():109 currentPrimeKeyboardType:SOFT systemPaddingBottom:-1
05-31 14:53:05.745  1323  1323 I AbstractOpenableExtension: AbstractOpenableExtension.maybeDestroyExistingKeyboardGroupManager():514 Destroy existing keyboard group manager in eyj
05-31 14:53:05.746  1323  1323 I AbstractOpenableExtension: AbstractOpenableExtension.maybeDestroyExistingKeyboardGroupManager():514 Destroy existing keyboard group manager in fci
05-31 14:53:05.749  1323  1323 I KeyboardViewController: KeyboardViewController.clearSubViewControllerInternal():411 Clears keyboard sub view controller for keyboardType: null, viewType: HEADER, viewId: 2131428269(#0x7f0b03ad),which has not been set.
05-31 14:53:05.751  1323  1323 I AbstractOpenableExtension: AbstractOpenableExtension.maybeDestroyExistingKeyboardGroupManager():514 Destroy existing keyboard group manager in fau
05-31 14:53:05.763  1323  2196 I JapaneseMozcExtension: JapaneseMozcExtension.onDestroyServiceInternal():81 onDestroyServiceInternal()
05-31 14:53:05.783  1323  1323 I AbstractOpenableExtension: AbstractOpenableExtension$3.onSuccess():527 KeyboardGroupManager destroyed in eyj.
05-31 14:53:05.783  1323  1323 I AbstractOpenableExtension: AbstractOpenableExtension$3.onSuccess():527 KeyboardGroupManager destroyed in fci.
05-31 14:53:05.787  1323  1323 I AbstractOpenableExtension: AbstractOpenableExtension$3.onSuccess():527 KeyboardGroupManager destroyed in fau.
--------- beginning of system
05-31 14:53:06.082   590   628 E RemoteAugmentedAutofillService: Bad service name for flags 1048704: com.google.android.as/com.google.android.apps.miphone.aiai.app.AiAiAugmentedAutofillService
05-31 14:53:06.180  4952  4952 I abb     : StartCommandInProcess(73657474696e67730067657400676c6f settings.get.glo [truncated])
05-31 14:53:06.180   590   590 W Binder:590_E: type=1400 audit(0.0:53): avc: denied { getopt } for scontext=u:r:system_server:s0 tcontext=u:r:shell:s0 tclass=unix_stream_socket permissive=0
05-31 14:53:06.186  4952  4952 I abb     : StartCommandInProcess(7061636b61676500696e7374616c6c00 package.install. [truncated])
05-31 14:53:06.180   590   590 W Binder:590_E: type=1400 audit(0.0:54): avc: denied { getopt } for scontext=u:r:system_server:s0 tcontext=u:r:shell:s0 tclass=unix_stream_socket permissive=0
05-31 14:53:06.180   590   590 W Binder:590_E: type=1400 audit(0.0:55): avc: denied { getopt } for scontext=u:r:system_server:s0 tcontext=u:r:shell:s0 tclass=unix_stream_socket permissive=0
05-31 14:53:06.808   590   590 W Binder:590_E: type=1400 audit(0.0:56): avc: denied { getopt } for scontext=u:r:system_server:s0 tcontext=u:r:shell:s0 tclass=unix_stream_socket permissive=0
05-31 14:53:07.236   590   663 I PackageManager: Integrity check passed for file:///data/app/vmdl1063114513.tmp
05-31 14:53:07.351  1360  6402 I MediaProvider: Invalidating LocalCallingIdentity cache for package com.yum.pizzahut. Reason: op android:read_external_storage
05-31 14:53:07.352  1360  6402 I MediaProvider: Invalidating LocalCallingIdentity cache for package com.yum.pizzahut. Reason: op android:read_external_storage
05-31 14:53:07.352  1360  6402 I MediaProvider: Invalidating LocalCallingIdentity cache for package com.yum.pizzahut. Reason: op android:read_external_storage
05-31 14:53:07.356   590   663 I PackageDexOptimizer: Running dexopt (dexoptNeeded=1) on: /data/app/~~_EjMjtN_R92KNXz8acXGww==/com.yum.pizzahut-awg_iv1VRbf7jEP6VdSNAw==/base.apk pkg=com.yum.pizzahut isa=x86_64 dexoptFlags=boot_complete,profile_guided,public,enable_hidden_api_checks targetFilter=speed-profile oatDir=/data/app/~~_EjMjtN_R92KNXz8acXGww==/com.yum.pizzahut-awg_iv1VRbf7jEP6VdSNAw==/oat classLoaderContext=PCL[]{PCL[/system/framework/org.apache.http.legacy.jar]}
05-31 14:53:07.531  7422  7422 W dex2oat64: Unexpected CPU variant for X86 using defaults: x86_64
05-31 14:53:07.531  7422  7422 W dex2oat64: Mismatch between dex2oat instruction set features to use (ISA: X86_64 Feature string: -ssse3,-sse4.1,-sse4.2,-avx,-avx2,-popcnt) and those from CPP defines (ISA: X86_64 Feature string: ssse3,sse4.1,sse4.2,-avx,-avx2,popcnt) for the command line:
05-31 14:53:07.531  7422  7422 W dex2oat64: /apex/com.android.art/bin/dex2oat64 --zip-fd=7 --zip-location=base.apk --oat-fd=8 --oat-location=/data/app/~~_EjMjtN_R92KNXz8acXGww==/com.yum.pizzahut-awg_iv1VRbf7jEP6VdSNAw==/oat/x86_64/base.odex --input-vdex-fd=-1 --output-vdex-fd=9 --swap-fd=10 --classpath-dir=/data/app/~~_EjMjtN_R92KNXz8acXGww==/com.yum.pizzahut-awg_iv1VRbf7jEP6VdSNAw== --class-loader-context=PCL[]{PCL[/system/framework/org.apache.http.legacy.jar]} --compact-dex-level=none --instruction-set=x86_64 --instruction-set-features=default --instruction-set-variant=x86_64 --compiler-filter=speed-profile --compilation-reason=install --max-image-block-size=524288 --resolve-startup-const-strings=true --generate-mini-debug-info --runtime-arg -Xtarget-sdk-version:30 --runtime-arg -Xhidden-api-policy:enabled --runtime-arg -Xms64m --runtime-arg -Xmx512m
05-31 14:53:07.531  7422  7422 I dex2oat64: /apex/com.android.art/bin/dex2oat64 --input-vdex-fd=-1 --output-vdex-fd=9 --classpath-dir=/data/app/~~_EjMjtN_R92KNXz8acXGww==/com.yum.pizzahut-awg_iv1VRbf7jEP6VdSNAw== --class-loader-context=PCL[]{PCL[/system/framework/org.apache.http.legacy.jar]} --compact-dex-level=none --compiler-filter=speed-profile --compilation-reason=install --max-image-block-size=524288 --resolve-startup-const-strings=true --generate-mini-debug-info
05-31 14:53:08.563   176   176 I servicemanager: Since 'apexservice' could not be found, trying to start it as a lazy AIDL service
05-31 14:53:08.754   176   176 I BpBinder: onLastStrongRef automatically unlinking death recipients: <uncached descriptor>
05-31 14:53:08.760   176   176 I servicemanager: Tried to unregister apexservice, but there is about to be a client.
05-31 14:53:08.935  7422  7422 I dex2oat64: dex2oat took 1.409s (3.543s cpu) (threads: 4) arena alloc=0B (0B) java alloc=14MB (15203504B) native alloc=2614KB (2677392B) free=1412KB (1446080B)
05-31 14:53:08.962   409   446 E installd: Couldn't opendir /data/app/vmdl1063114513.tmp: No such file or directory
05-31 14:53:08.962   409   446 E installd: Failed to delete /data/app/vmdl1063114513.tmp: No such file or directory
05-31 14:53:08.960   590   590 W Binder:590_E: type=1400 audit(0.0:57): avc: denied { getopt } for scontext=u:r:system_server:s0 tcontext=u:r:shell:s0 tclass=unix_stream_socket permissive=0
05-31 14:53:08.966  1360  1360 I MediaProvider: Invalidating LocalCallingIdentity cache for package com.yum.pizzahut. Reason: package android.intent.action.PACKAGE_ADDED
05-31 14:53:08.970   590   698 I RoleService: Granting default roles...
05-31 14:53:08.972   590   590 W Binder:590_E: type=1400 audit(0.0:58): avc: denied { getopt } for scontext=u:r:system_server:s0 tcontext=u:r:shell:s0 tclass=unix_stream_socket permissive=0
05-31 14:53:08.977  1608  4616 I PermissionControllerServiceImpl: Updating user sensitive for uid 10150
05-31 14:53:08.977   590   705 I InputReader: Reconfiguring input devices, changes=KEYBOARD_LAYOUTS | 
05-31 14:53:08.982  1376  1376 I GsaVoiceInteractionSrv: O received Intent { act=android.intent.action.PACKAGE_ADDED dat=package:com.yum.pizzahut flg=0x4000010 (has extras) }
05-31 14:53:08.983  2831  2831 I Finsky  : [2] adcs.g(1): adcs - Received: android.intent.action.PACKAGE_ADDED, [gdV811tURv8_M_N5ME61iUc-QkFA4IX19l3b0v9UJOE]
05-31 14:53:08.984  2969  2969 I Finsky:background: [2] adch.g(6): adch - Received: android.intent.action.PACKAGE_ADDED, [gdV811tURv8_M_N5ME61iUc-QkFA4IX19l3b0v9UJOE]
05-31 14:53:08.999   590   590 I Telecom : DefaultDialerCache: Refreshing default dialer for user 0: now com.android.dialer: DDC.oR@AHU
05-31 14:53:08.988   590   590 W Binder:590_E: type=1400 audit(0.0:59): avc: denied { getopt } for scontext=u:r:system_server:s0 tcontext=u:r:shell:s0 tclass=unix_stream_socket permissive=0
05-31 14:53:09.019  1608  7273 W Role    : Cannot get ApplicationInfo for default holder: com.google.android.contacts
05-31 14:53:09.027  1608  7273 W Role    : Cannot get ApplicationInfo for default holder: com.google.android.as
05-31 14:53:09.040   590  1811 W BroadcastQueue: Background execution not allowed: receiving Intent { act=android.intent.action.PACKAGE_ADDED dat=package:com.yum.pizzahut flg=0x4000010 (has extras) } to com.google.android.packageinstaller/com.android.packageinstaller.PackageInstalledReceiver
05-31 14:53:09.048   590   638 W BroadcastQueue: Background execution not allowed: receiving Intent { act=android.intent.action.PACKAGE_ADDED dat=package:com.yum.pizzahut flg=0x4000010 (has extras) } to com.android.vending/com.google.android.finsky.packagemonitor.impl.PackageMonitorReceiverImpl$RegisteredReceiver
05-31 14:53:09.049   590   638 W BroadcastQueue: Background execution not allowed: receiving Intent { act=android.intent.action.PACKAGE_ADDED dat=package:com.yum.pizzahut flg=0x4000010 (has extras) } to com.android.vending/com.google.android.finsky.packagemonitor.backgroundimpl.BackgroundPackageMonitorReceiverImpl$RegisteredReceiver
05-31 14:53:09.049   590   638 W BroadcastQueue: Background execution not allowed: receiving Intent { act=android.intent.action.PACKAGE_ADDED dat=package:com.yum.pizzahut flg=0x4000010 (has extras) } to com.google.android.gms/.chimera.GmsIntentOperationService$PersistentTrustedReceiver
05-31 14:53:09.049   590   638 W BroadcastQueue: Background execution not allowed: receiving Intent { act=android.intent.action.PACKAGE_ADDED dat=package:com.yum.pizzahut flg=0x4000010 (has extras) } to com.google.android.gms/.games.chimera.GamesSystemBroadcastReceiverProxy
05-31 14:53:09.049   590   638 W BroadcastQueue: Background execution not allowed: receiving Intent { act=android.intent.action.PACKAGE_ADDED dat=package:com.yum.pizzahut flg=0x4000010 (has extras) } to com.google.android.gms/.gass.chimera.PackageChangeBroadcastReceiver
05-31 14:53:09.050   590   638 W BroadcastQueue: Background execution not allowed: receiving Intent { act=android.intent.action.PACKAGE_ADDED dat=package:com.yum.pizzahut flg=0x4000010 (has extras) } to com.google.android.googlequicksearchbox/com.google.android.apps.gsa.googlequicksearchbox.GelStubAppWatcher
05-31 14:53:09.052   590   660 E VerityUtils: Failed to measure fs-verity, errno 1: /data/app/~~_EjMjtN_R92KNXz8acXGww==/com.yum.pizzahut-awg_iv1VRbf7jEP6VdSNAw==/base.apk
05-31 14:53:09.068  7079  7463 I ProvidersCache: Provider returned no roots. Possibly naughty: com.google.android.apps.docs.storage
05-31 14:53:09.071  2831  2831 I Finsky  : [2] xem.jr(11): DTU: Received onPackageAdded, replacing: false
05-31 14:53:09.078   590   637 W PackageManager: Failed registering loading progress callback. Package is fully loaded.
05-31 14:53:09.085  1360  6502 W MediaProvider: isAppCloneUserPair for user 0: false
05-31 14:53:09.086  2969  7255 I Finsky:background: [108] ruh.accept(120): Wrote row to frosting DB: 250
05-31 14:53:09.091  2831  2831 I Finsky  : [2] atbs.c(44): Do not start WearSupportService due to Wear service optimization
05-31 14:53:09.091  2831  2831 I Finsky  : [2] akbb.f(9): Clearing split related stale data.
05-31 14:53:09.100  1608  7273 W Role    : Cannot get ApplicationInfo for default holder: com.google.android.as
05-31 14:53:09.103  1717  7292 I Auth    : (REDACTED) [SupervisedAccountIntentOperationV2] onHandleIntent: %s
05-31 14:53:09.104  1717  7292 I Dck     : (REDACTED) disableDckSupport: %s
05-31 14:53:09.104  1717  7292 W Dck     : [WirelessCapabilitiesFeatures] wccSysProp: 0 [CONTEXT service_id=289 ]
05-31 14:53:09.104  1717  7292 I Dck     : [WirelessCapabilitiesFeatures] wccMendel: 3 [CONTEXT service_id=289 ]
05-31 14:53:09.104  1717  7292 I Dck     : [WirelessCapabilitiesFeatures] deviceWccOverride: false [CONTEXT service_id=289 ]
05-31 14:53:09.104  1717  7292 I Dck     : [WirelessCapabilitiesFeatures] replaceSupportedWccWithWccOverride: true [CONTEXT service_id=289 ]
05-31 14:53:09.104  1717  7292 I Dck     : [WirelessCapabilitiesFeatures] wccOverride: not set [CONTEXT service_id=289 ]
05-31 14:53:09.104  1717  7292 I Dck     : (REDACTED) [WirelessCapabilitiesFeatures] wcc: %s
05-31 14:53:09.104  1717  7292 I Dck     : Dck module condition - hasWccSupport: false [CONTEXT service_id=289 ]
05-31 14:53:09.104  1717  7292 I Dck     : Dck module condition - downloadAllowed: false [CONTEXT service_id=289 ]
05-31 14:53:09.104  1717  7292 W Dck     : Dck module not eligible for asynchronous downloading [CONTEXT service_id=289 ]
05-31 14:53:09.105  2831  7269 I Finsky  : [167] poo.kh(210): [ContentSync] finished, scheduled=false
05-31 14:53:09.109  1717  4000 I cn_CronetUrlRequestContext: destroyNativeStreamLocked org.chromium.net.impl.CronetBidirectionalStream@916b4c5
05-31 14:53:09.110  1608  7273 W Role    : Cannot get ApplicationInfo for default holder: com.google.android.as
05-31 14:53:09.111  1717  7291 I Blockstore: (REDACTED) [DataStoreImpl] Clearing Blockstore Data for package %s
05-31 14:53:09.111  1717  7291 I Blockstore: [DataStoreImpl] Keyless data not found or its IsLastInstallationData = false. [CONTEXT service_id=258 ]
05-31 14:53:09.122  1166  7285 W GCM     : Unexpected forwarded intent: Intent { act=android.intent.action.PACKAGE_ADDED dat=package:com.yum.pizzahut flg=0x4000010 pkg=com.google.android.gms cmp=com.google.android.gms/.chimera.PersistentIntentOperationService (has extras) }
05-31 14:53:09.131  1166  7277 W NetworkScheduler: Unexpected forwarded intent: Intent { act=android.intent.action.PACKAGE_ADDED dat=package:com.yum.pizzahut flg=0x4000010 pkg=com.google.android.gms cmp=com.google.android.gms/.chimera.PersistentIntentOperationService (has extras) }
05-31 14:53:09.174   181   181 I hwservicemanager: getTransport: Cannot find entry android.hardware.graphics.mapper@4.0::IMapper/default in either framework or device VINTF manifest.
05-31 14:53:09.174  7458  7476 I Gralloc4: mapper 4.x is not supported
05-31 14:53:09.180  2831  2872 I Finsky  : [52] bauu.f(49): SCH: Received scheduling request: Id: 37-16, Constraints: [{ L: 0, D: 0, C: CHARGING_NONE, I: IDLE_NONE, N: NET_NONE, B: BATTERY_ANY }]
05-31 14:53:09.205   590   605 I system_server: Background concurrent copying GC freed 240549(13MB) AllocSpace objects, 76(3984KB) LOS objects, 50% free, 19MB/39MB, paused 283us,63us total 244.764ms
05-31 14:53:09.212  2969  7255 I Finsky:background: [108] ruh.accept(120): Wrote row to frosting DB: 251
05-31 14:53:09.239   590   607 W System  : A resource failed to call close. 
05-31 14:53:09.243  1608  7273 W Role    : Cannot get ApplicationInfo for default holder: com.google.android.as
05-31 14:53:09.267  2831  2893 I Finsky  : [73] sju.accept(58): SCH: Scheduling phonesky job Id: 37-16, CT: 1748703189180, Constraints: [{ L: 0, D: 0, C: CHARGING_NONE, I: IDLE_NONE, N: NET_NONE, B: BATTERY_ANY }, { L: 0, D: 0, C: CHARGING_NONE, I: IDLE_NONE, N: NET_NONE, B: BATTERY_ANY }]
05-31 14:53:09.269  1717  2217 I Icing   : Indexing com.google.android.gms-apps from com.google.android.gms
05-31 14:53:09.270  2831  2891 I Finsky  : [71] njf.apply(251): SCH: Scheduling 1 system job(s)
05-31 14:53:09.270  2831  2891 I Finsky  : [71] njf.apply(412): SCH: Scheduling expedited system job 9432
05-31 14:53:09.280  1717  2217 I Icing   : Indexing done com.google.android.gms-apps
05-31 14:53:09.282  1608  7273 W Role    : Cannot get ApplicationInfo for default holder: com.google.android.as
05-31 14:53:09.282  2831  2831 I Finsky  : [2] aipn.onStartJob(126): SCH: job service start with id 9432.
05-31 14:53:09.284  1608  7273 W Role    : Cannot get ApplicationInfo for default holder: com.google.android.as
05-31 14:53:09.304  2831  7269 I Finsky  : [167] nje.a(184): SCH: Satisfied jobs for 9432 are: 37-16
05-31 14:53:09.305  2831  7308 I Finsky  : [172] aioi.accept(105): SCH: Job 37-16 starting
05-31 14:53:09.305  2831  2831 I Finsky  : [2] PackageAddedOrRemovedEventJob.a(62): Received an install/uninstall event for package com.yum.pizzahut with replacing being false
05-31 14:53:09.305  2831  2831 I Finsky  : [2] ainv.q(56): SCH: jobFinished: 37-16. TimeElapsed: 1ms.
05-31 14:53:09.307  2831  2894 I Finsky  : [74] ahth.b(769): Not an active Cubes user. Ignoring package install/uninstall event.
05-31 14:53:09.318  2831  2893 I Finsky  : [73] sju.accept(58): SCH: Scheduling phonesky job Id: 26-1414141414, CT: 1748679643373, Constraints: [{ L: 43199999, D: 44099999, C: CHARGING_NONE, I: IDLE_NONE, N: NET_NONE, B: BATTERY_ANY }]
05-31 14:53:09.323  2831  2894 I Finsky  : [74] njf.apply(251): SCH: Scheduling 1 system job(s)
05-31 14:53:09.323  2831  2894 I Finsky  : [74] ains.b(244): SCH: Scheduling system job Id: 9435, L: 19654049, D: 20554049, C: false, I: false, N: 0
05-31 14:53:09.332  2831  7308 I Finsky  : [172] aipn.a(24): SCH: job service finished with id 9432.
05-31 14:53:09.335  1166  7232 I NetworkScheduler.Stats: (REDACTED) Task %s/%s started execution. cause:%s exec_start_elapsed_seconds: %s
05-31 14:53:09.338  1166  7478 I NetworkScheduler.Stats: (REDACTED) Task %s/%s finished executing. cause:%s result: %s elapsed_millis: %s uptime_millis: %s exec_start_elapsed_seconds: %s
05-31 14:53:09.390  1166  7478 I NetworkScheduler.Stats: (REDACTED) Task %s/%s started execution. cause:%s exec_start_elapsed_seconds: %s
05-31 14:53:09.397  1166  7232 I TapAndPay: Sending QUICK_ACCESS_WALLET_STATE_CHANGED broadcast to wallet app. [CONTEXT service_id=79 ]
05-31 14:53:09.400  1166  7478 I NetworkScheduler.Stats: (REDACTED) Task %s/%s finished executing. cause:%s result: %s elapsed_millis: %s uptime_millis: %s exec_start_elapsed_seconds: %s
05-31 14:53:09.701   176   176 I servicemanager: Notifying apexservice they have clients: 1
05-31 14:53:09.702   176   176 I servicemanager: Notifying apexservice they have clients: 0
05-31 14:53:09.711   176   176 I BpBinder: onLastStrongRef automatically unlinking death recipients: <uncached descriptor>
05-31 14:53:09.776  1360  1926 I MediaProvider: Begin Intent { act=android.intent.action.MEDIA_SCANNER_SCAN_FILE dat=file:///sdcard/screen_2025-05-31_225309.png flg=0x1400010 cmp=com.google.android.providers.media.module/com.android.providers.media.MediaService }
05-31 14:53:09.785  1360  1926 I MediaProvider: End Intent { act=android.intent.action.MEDIA_SCANNER_SCAN_FILE dat=file:///sdcard/screen_2025-05-31_225309.png flg=0x1400010 cmp=com.google.android.providers.media.module/com.android.providers.media.MediaService }
05-31 14:53:09.883  1360  1469 I MediaProvider: Deleted 0 1 0 0 0 0 0 items on external_primary due to com.android.shell
05-31 14:53:09.883  1166  2130 I UriTaskContentObserver: (REDACTED) Throttling content uri change event for %s
05-31 14:53:10.150   590   938 I ActivityManager: Force stopping com.yum.pizzahut appid=10150 user=0: from pid 7505
05-31 14:53:10.207   590   628 I ActivityTaskManager: START u0 {act=android.intent.action.MAIN cat=[android.intent.category.HOME] flg=0x10000100 cmp=com.google.android.apps.nexuslauncher/.NexusLauncherActivity (has extras)} from uid 0
05-31 14:53:10.250   590  1822 W ActivityManager: Unable to start service Intent { act=android.service.smartspace.SmartspaceService cmp=com.google.android.as/com.google.android.apps.miphone.aiai.app.AiAiSmartspaceService } U=0: not found
05-31 14:53:10.250   590  1822 W RemoteSmartspaceService: could not bind to Intent { act=android.service.smartspace.SmartspaceService cmp=com.google.android.as/com.google.android.apps.miphone.aiai.app.AiAiSmartspaceService } using flags 67112961
05-31 14:53:10.251   590   590 W ActivityManager: Unbind failed: could not find connection for android.app.LoadedApk$ServiceDispatcher$InnerConnection@3137cc1
05-31 14:53:11.484  1360  6502 W MediaProvider: isAppCloneUserPair for user 0: false
05-31 14:53:11.509   181   181 I hwservicemanager: getTransport: Cannot find entry android.hardware.graphics.mapper@4.0::IMapper/default in either framework or device VINTF manifest.
05-31 14:53:11.509  7529  7531 I Gralloc4: mapper 4.x is not supported
05-31 14:53:11.895  1360  1926 I MediaProvider: Begin Intent { act=android.intent.action.MEDIA_SCANNER_SCAN_FILE dat=file:///sdcard/screen_2025-05-31_225311.png flg=0x1400010 cmp=com.google.android.providers.media.module/com.android.providers.media.MediaService }
05-31 14:53:11.905  1360  1926 I MediaProvider: End Intent { act=android.intent.action.MEDIA_SCANNER_SCAN_FILE dat=file:///sdcard/screen_2025-05-31_225311.png flg=0x1400010 cmp=com.google.android.providers.media.module/com.android.providers.media.MediaService }
05-31 14:53:11.992  1360  6405 I MediaProvider: Deleted 0 1 0 0 0 0 0 items on external_primary due to com.android.shell
05-31 14:53:11.993  1166  2130 I UriTaskContentObserver: (REDACTED) Throttling content uri change event for %s
05-31 14:53:12.335  4246  4277 I Dialer  : OmtpVvmCarrierCfgHlpr - OmtpEvent:CONFIG_STATUS_SMS_TIME_OUT
05-31 14:53:12.335  4246  4246 I Dialer  : RetryPolicy - discarding deferred status: configuration_state=4
05-31 14:53:12.336  4246  4246 I Dialer  : VvmTaskExecutor - no more tasks, stopping service if no task are added in 5000 millis
05-31 14:53:12.338  4246  4246 I Dialer  : VvmTaskReceiver - task received
05-31 14:53:12.338  4246  4246 I Dialer  : VvmTaskReceiver - TaskExecutor already running
05-31 14:53:12.338  4246  4246 I Dialer  : Task.createTask - create task:com.android.voicemail.impl.ActivationTask
05-31 14:53:12.339  4246  4246 I Dialer  : RetryPolicy - retry #3 for com.android.voicemail.impl.ActivationTask@935a31a queued, executing in 5000
05-31 14:53:12.339  4246  4246 I Dialer  : VvmTaskExecutor - com.android.voicemail.impl.ActivationTask@935a31a added
05-31 14:53:12.339  4246  4246 I Dialer  : VvmTaskExecutor - minimal wait time:5000
05-31 14:53:12.339  4246  4246 I Dialer  : VvmTaskExecutor - sleep for 5000 millis
05-31 14:53:12.440  1360  6409 W MediaProvider: isAppCloneUserPair for user 0: false
05-31 14:53:12.467   181   181 I hwservicemanager: getTransport: Cannot find entry android.hardware.graphics.mapper@4.0::IMapper/default in either framework or device VINTF manifest.
05-31 14:53:12.467  7566  7570 I Gralloc4: mapper 4.x is not supported
05-31 14:53:12.724  1360  1926 I MediaProvider: Begin Intent { act=android.intent.action.MEDIA_SCANNER_SCAN_FILE dat=file:///sdcard/screen_2025-05-31_225312.png flg=0x1400010 cmp=com.google.android.providers.media.module/com.android.providers.media.MediaService }
05-31 14:53:12.732  1360  1926 I MediaProvider: End Intent { act=android.intent.action.MEDIA_SCANNER_SCAN_FILE dat=file:///sdcard/screen_2025-05-31_225312.png flg=0x1400010 cmp=com.google.android.providers.media.module/com.android.providers.media.MediaService }
05-31 14:53:12.810  1360  1472 I MediaProvider: Deleted 0 1 0 0 0 0 0 items on external_primary due to com.android.shell
05-31 14:53:12.810  1166  2130 I UriTaskContentObserver: (REDACTED) Throttling content uri change event for %s
05-31 14:53:13.278  1360  6401 W MediaProvider: isAppCloneUserPair for user 0: false
05-31 14:53:13.301   181   181 I hwservicemanager: getTransport: Cannot find entry android.hardware.graphics.mapper@4.0::IMapper/default in either framework or device VINTF manifest.
05-31 14:53:13.302  7605  7607 I Gralloc4: mapper 4.x is not supported
05-31 14:53:13.591  1360  1926 I MediaProvider: Begin Intent { act=android.intent.action.MEDIA_SCANNER_SCAN_FILE dat=file:///sdcard/screen_2025-05-31_225313.png flg=0x1400010 cmp=com.google.android.providers.media.module/com.android.providers.media.MediaService }
05-31 14:53:13.602  1360  1926 I MediaProvider: End Intent { act=android.intent.action.MEDIA_SCANNER_SCAN_FILE dat=file:///sdcard/screen_2025-05-31_225313.png flg=0x1400010 cmp=com.google.android.providers.media.module/com.android.providers.media.MediaService }
05-31 14:53:13.674  1360  1469 I MediaProvider: Deleted 0 1 0 0 0 0 0 items on external_primary due to com.android.shell
05-31 14:53:13.676  1166  2130 I UriTaskContentObserver: (REDACTED) Throttling content uri change event for %s
05-31 14:53:14.032   590  1822 I ActivityTaskManager: START u0 {act=android.intent.action.MAIN cat=[android.intent.category.LAUNCHER] flg=0x10000000 cmp=com.yum.pizzahut/com.isobar.pizzahut.android.MainActivity} from uid 2000
05-31 14:53:14.034   590  1822 W ActivityTaskManager: Can't find TaskDisplayArea to determine support for multi window. Task id=11 attached=false
05-31 14:53:14.063  7637  7637 W om.yum.pizzahu: Unexpected CPU variant for X86 using defaults: x86_64
05-31 14:53:14.067  7637  7637 E om.yum.pizzahu: Not starting debugger since process cannot load the jdwp agent.
05-31 14:53:14.070   590   639 I ActivityManager: Start proc 7637:com.yum.pizzahut/u0a150 for pre-top-activity {com.yum.pizzahut/com.isobar.pizzahut.android.MainActivity}
05-31 14:53:14.076   354   354 I BpBinder: onLastStrongRef automatically unlinking death recipients: <uncached descriptor>
05-31 14:53:14.104  7637  7637 I MultiDex: VM with version 2.1.0 has multidex support
05-31 14:53:14.104  7637  7637 I MultiDex: Installing application
05-31 14:53:14.104  7637  7637 I MultiDex: VM has multidex support, MultiDex support library is disabled.
05-31 14:53:14.186  1376  1376 I GsaVoiceInteractionSrv: Handling ACTION_STOP_HOTWORD
05-31 14:53:14.186  1376  1376 E HwDetectorWithState: a: 3
05-31 14:53:14.212  7637  7637 I FirebaseInitProvider: FirebaseApp initialization successful
05-31 14:53:14.242  7637  7669 I FA      : App measurement is starting up, version: 16250
05-31 14:53:14.242  7637  7669 I FA      : To enable debug logging run: adb shell setprop log.tag.FA VERBOSE
05-31 14:53:14.243  7637  7669 I FA      : To enable faster debug mode event logging run:
05-31 14:53:14.243  7637  7669 I FA      :   adb shell setprop debug.firebase.analytics.app com.yum.pizzahut
05-31 14:53:14.313  7637  7637 I CYFMonitor: Initializing Akamai BMP SDK Version 2.2.2
05-31 14:53:14.313  7637  7637 I CYFMonitor: Initializing Akamai BMP Monitor
05-31 14:53:14.341   590  1675 W ServiceManager: Permission failure: android.permission.HIGH_SAMPLING_RATE_SENSORS from uid=10150 pid=7637
05-31 14:53:14.391  7637  7637 I Braze v14.0.0 .com.appboy.configuration.RuntimeAppConfigurationProvider: Setting Braze Override configuration with config: BrazeConfig{
05-31 14:53:14.391  7637  7637 I Braze v14.0.0 .com.appboy.configuration.RuntimeAppConfigurationProvider: }
05-31 14:53:14.395  7637  7637 I Braze v14.0.0 .com.appboy.Appboy: Appboy outbound network requests are now enabled
05-31 14:53:14.401  7637  7701 I Braze v14.0.0 .com.appboy.Appboy: Automatic Firebase Cloud Messaging registration not enabled in configuration. Braze will not register for Firebase Cloud Messaging.
05-31 14:53:14.402  7637  7701 I Braze v14.0.0 .com.appboy.Appboy: Automatic ADM registration not enabled in configuration. Braze will not register for ADM.
05-31 14:53:14.404  7637  7702 I Braze v14.0.0 .bo.app.e4: Detected SDK update. Clearing config storage. Last SDK version detected: 
05-31 14:53:14.447  7637  7702 I Braze v14.0.0 .bo.app.m4: Geofences implicitly disabled via server configuration.
05-31 14:53:14.455  7637  7702 I Braze v14.0.0 .bo.app.m1: Location collection disabled via sdk configuration.
05-31 14:53:14.489  7637  7637 I com.newrelic.android: Loaded configuration: HarvestConfiguration{collect_network_errors=true, cross_process_id='null', data_report_period=60, data_token=[0, 0], error_limit=50, report_max_transaction_age=600, report_max_transaction_count=1000, response_body_limit=2048, server_timestamp=0, stack_trace_limit=100, activity_trace_max_size=65534, activity_trace_max_report_attempts=1, activity_trace_min_utilization=0.30000001192092896, at_capture=ActivityTraceConfiguration{maxTotalTraceCount=1}, priority_encoding_key=d67afc830dab717fd163bfcb0b8b88423e9a1a3b, account_id=, application_id=}
05-31 14:53:14.491  7637  7637 I com.newrelic.android: Application state monitor has started
05-31 14:53:14.491  7637  7637 I com.newrelic.android: Created random UUID: 17ef2eb6-ca78-4d34-8d55-c78c0275f38b
05-31 14:53:14.494   590   938 W ActivityManager: Unable to start service Intent { act=android.service.smartspace.SmartspaceService cmp=com.google.android.as/com.google.android.apps.miphone.aiai.app.AiAiSmartspaceService } U=0: not found
05-31 14:53:14.494   590   938 W RemoteSmartspaceService: could not bind to Intent { act=android.service.smartspace.SmartspaceService cmp=com.google.android.as/com.google.android.apps.miphone.aiai.app.AiAiSmartspaceService } using flags 67112961
05-31 14:53:14.495   590   590 W ActivityManager: Unbind failed: could not find connection for android.app.LoadedApk$ServiceDispatcher$InnerConnection@aaac356
05-31 14:53:14.502  1507  1507 I A       : onApplyWindowInsets: systemWindowInsets=Insets{left=0, top=63, right=0, bottom=126}
05-31 14:53:14.503  1507  1507 I A       : onApplyWindowInsets: systemWindowInsets=Insets{left=0, top=63, right=0, bottom=126}
05-31 14:53:14.517  7637  7637 I com.newrelic.android: Analytics Controller started.
05-31 14:53:14.519  7637  7637 I com.newrelic.android: Measurement Engine initialized.
05-31 14:53:14.519  7637  7637 I com.newrelic.android: New Relic Agent v5.28.1
05-31 14:53:14.521  7637  7739 I com.newrelic.android: Connecting, saved state is not available: DataToken{accountId=0, agentId=0}
05-31 14:53:14.574  7637  7702 I Braze v14.0.0 .bo.app.p1: New session created with ID: 3157a39c-3da2-426c-ab96-9e39f30c1b97
05-31 14:53:14.576  7637  7702 I Braze v14.0.0 .bo.app.m1: Did not request single location update. Location collection is disabled.
05-31 14:53:14.580   590  1675 W ServiceManager: Permission failure: android.permission.HIGH_SAMPLING_RATE_SENSORS from uid=10150 pid=7637
05-31 14:53:14.580   590  1675 W ServiceManager: Permission failure: android.permission.HIGH_SAMPLING_RATE_SENSORS from uid=10150 pid=7637
05-31 14:53:14.581   590  1675 W ServiceManager: Permission failure: android.permission.HIGH_SAMPLING_RATE_SENSORS from uid=10150 pid=7637
05-31 14:53:14.583   590  1675 W ServiceManager: Permission failure: android.permission.HIGH_SAMPLING_RATE_SENSORS from uid=10150 pid=7637
05-31 14:53:14.583   590  1675 W ServiceManager: Permission failure: android.permission.HIGH_SAMPLING_RATE_SENSORS from uid=10150 pid=7637
05-31 14:53:14.583   590  1675 W ServiceManager: Permission failure: android.permission.HIGH_SAMPLING_RATE_SENSORS from uid=10150 pid=7637
05-31 14:53:14.606  7637  7702 I Braze v14.0.0 .bo.app.h0: Event was published, but no subscribers were found. Saving event for later publishing to a matching subscriber. Event class: class com.appboy.events.SessionStateChangedEvent
05-31 14:53:14.609  7637  7702 I Braze v14.0.0 .bo.app.n1: Completed the openSession call. Starting or continuing session 3157a39c-3da2-426c-ab96-9e39f30c1b97
05-31 14:53:14.628   354   470 W ServiceManager: Permission failure: android.permission.ACCESS_SURFACE_FLINGER from uid=10150 pid=7637
05-31 14:53:14.629   354   470 W ServiceManager: Permission failure: android.permission.ROTATE_SURFACE_FLINGER from uid=10150 pid=7637
05-31 14:53:14.644   181   181 I hwservicemanager: getTransport: Cannot find entry android.hardware.configstore@1.0::ISurfaceFlingerConfigs/default in either framework or device VINTF manifest.
05-31 14:53:14.645  7637  7715 W OpenGLRenderer: Failed to choose config with EGL_SWAP_BEHAVIOR_PRESERVED, retrying without...
05-31 14:53:14.645  7637  7715 W OpenGLRenderer: Failed to initialize 101010-2 format, error = EGL_SUCCESS
05-31 14:53:14.651  7637  7669 W om.yum.pizzahu: Unsupported class loader
05-31 14:53:14.692  7637  7669 W om.yum.pizzahu: Unsupported class loader
05-31 14:53:14.693   590  1675 E system_server: Invalid class loader spec: =UnsupportedClassLoaderContext=
05-31 14:53:14.695   590  1675 E PackageDexUsage: Unsupported context?
05-31 14:53:14.702  7637  7669 I DynamiteModule: Considering local module com.google.android.gms.tagmanager:214 and remote module com.google.android.gms.tagmanager:218
05-31 14:53:14.702  7637  7669 I DynamiteModule: Selected remote version of com.google.android.gms.tagmanager, version >= 218
05-31 14:53:14.721  7637  7745 I WebViewFactory: Loading com.google.android.webview version 91.0.4472.114 (code 447211487)
05-31 14:53:14.744  7637  7669 W System  : ClassLoader referenced unknown path: 
05-31 14:53:14.846   354   470 E HWComposer: getSupportedContentTypes: getSupportedContentTypes failed for display 4619827259835644672: Unsupported (8)
05-31 14:53:14.846  7637  7669 W om.yum.pizzahu: ClassLoaderContext classpath size mismatch. expected=14, found=2 (DLC[];PCL[base.apk*3123361869:base.apk!classes2.dex*4121727785:base.apk!classes3.dex*577902322:base.apk!classes4.dex*1511137955:base.apk!classes5.dex*3994326502:base.apk!classes6.dex*3899113914:base.apk!classes7.dex*1848497157:base.apk!classes8.dex*1194602846:base.apk!classes9.dex*3560893588:base.apk!classes10.dex*515437853:base.apk!classes11.dex*2917733953:base.apk!classes12.dex*685421462:base.apk!classes13.dex*4084823322:base.apk!classes14.dex*1339497593]{PCL[/system/framework/org.apache.http.legacy.jar*2058259660]#PCL[/system/framework/com.android.media.remotedisplay.jar*3472798122]#PCL[/system/framework/com.android.location.provider.jar*3633238673]#PCL[/system_ext/framework/androidx.window.sidecar.jar*3539530913]#PCL[/system/framework/org.apache.http.legacy.jar*2058259660]} | DLC[];PCL[/data/app/~~_EjMjtN_R92KNXz8acXGww==/com.yum.pizzahut-awg_iv1VRbf7jEP6VdSNAw==/base.apk*1323299208:/data/app/~~_EjMjtN_R92KNXz8acXGww==/com.yum.pizzahut-awg_iv1VRbf7jEP6VdSNAw==/base.apk!classes2.dex*1675877243]{PCL[/system/framework/org.apache.http.legacy.jar*2058259660]})
05-31 14:53:14.848   181   181 I hwservicemanager: getTransport: Cannot find entry android.hardware.graphics.mapper@4.0::IMapper/default in either framework or device VINTF manifest.
05-31 14:53:14.848  7637  7715 I Gralloc4: mapper 4.x is not supported
05-31 14:53:14.853   181   181 I hwservicemanager: getTransport: Cannot find entry android.hardware.graphics.allocator@4.0::IAllocator/default in either framework or device VINTF manifest.
05-31 14:53:14.853  7637  7715 W Gralloc4: allocator 4.x is not supported
05-31 14:53:14.938   590   639 I ActivityManager: Start proc 7762:com.google.android.webview:webview_service/u0a116 for service {com.google.android.webview/org.chromium.android_webview.services.VariationsSeedServer}
05-31 14:53:14.947  7762  7762 W webview_servic: Unexpected CPU variant for X86 using defaults: x86_64
05-31 14:53:14.951  7762  7762 E webview_servic: Not starting debugger since process cannot load the jdwp agent.
05-31 14:53:14.951  7637  7745 I cr_LibraryLoader: Loaded native library version number "91.0.4472.114"
05-31 14:53:14.956  7637  7745 I cr_CachingUmaRecorder: Flushed 5 samples from 5 histograms.
05-31 14:53:14.964  7637  7745 I RNFusedLocation: RNFusedLocation initialized
05-31 14:53:15.080   590   627 I ActivityTaskManager: Displayed com.yum.pizzahut/com.isobar.pizzahut.android.MainActivity: +1s42ms
05-31 14:53:15.084   590  1822 W ServiceManager: Permission failure: android.permission.HIGH_SAMPLING_RATE_SENSORS from uid=10150 pid=7637
05-31 14:53:15.085   590  1822 W ServiceManager: Permission failure: android.permission.HIGH_SAMPLING_RATE_SENSORS from uid=10150 pid=7637
05-31 14:53:15.131   590  1822 W ServiceManager: Permission failure: android.permission.HIGH_SAMPLING_RATE_SENSORS from uid=10150 pid=7637
05-31 14:53:15.133   191  3683 E keystore2: keystore2::error: In get_security_level: No such security level.
05-31 14:53:15.133   191  3683 E keystore2: 
05-31 14:53:15.133   191  3683 E keystore2: Caused by:
05-31 14:53:15.133   191  3683 E keystore2:     Error::Km(ErrorCode(-68))
05-31 14:53:15.134   590  1822 W ServiceManager: Permission failure: android.permission.HIGH_SAMPLING_RATE_SENSORS from uid=10150 pid=7637
05-31 14:53:15.139   590  1822 W ServiceManager: Permission failure: android.permission.HIGH_SAMPLING_RATE_SENSORS from uid=10150 pid=7637
05-31 14:53:15.139  7637  7780 W CipherStorageBase: StrongBox security storage is not available.
05-31 14:53:15.139  7637  7780 W CipherStorageBase: android.security.keystore.StrongBoxUnavailableException: Failed to generate key
05-31 14:53:15.139  7637  7780 W CipherStorageBase: 	at android.security.keystore2.AndroidKeyStoreKeyGeneratorSpi.engineGenerateKey(AndroidKeyStoreKeyGeneratorSpi.java:411)
05-31 14:53:15.139  7637  7780 W CipherStorageBase: 	at javax.crypto.KeyGenerator.generateKey(KeyGenerator.java:612)
05-31 14:53:15.139  7637  7780 W CipherStorageBase: 	at com.oblador.keychain.cipherStorage.CipherStorageKeystoreAesCbc.generateKey(CipherStorageKeystoreAesCbc.java:220)
05-31 14:53:15.139  7637  7780 W CipherStorageBase: 	at com.oblador.keychain.cipherStorage.CipherStorageBase.tryGenerateStrongBoxSecurityKey(CipherStorageBase.java:444)
05-31 14:53:15.139  7637  7780 W CipherStorageBase: 	at com.oblador.keychain.cipherStorage.CipherStorageBase.generateKeyAndStoreUnderAlias(CipherStorageBase.java:391)
05-31 14:53:15.139  7637  7780 W CipherStorageBase: 	at com.oblador.keychain.KeychainModule.internalWarmingBestCipher(KeychainModule.java:173)
05-31 14:53:15.139  7637  7780 W CipherStorageBase: 	at com.oblador.keychain.KeychainModule.lambda$DYujhqpjRgfFQ_gyuwMwyxxqDlk(Unknown Source:0)
05-31 14:53:15.139  7637  7780 W CipherStorageBase: 	at com.oblador.keychain.-$$Lambda$KeychainModule$DYujhqpjRgfFQ_gyuwMwyxxqDlk.run(Unknown Source:2)
05-31 14:53:15.139  7637  7780 W CipherStorageBase: 	at java.lang.Thread.run(Thread.java:920)
05-31 14:53:15.139  7637  7780 W CipherStorageBase: Caused by: android.security.KeyStoreException: No StrongBox available
05-31 14:53:15.139  7637  7780 W CipherStorageBase: 	... 9 more
05-31 14:53:15.141   590  1822 W ServiceManager: Permission failure: android.permission.HIGH_SAMPLING_RATE_SENSORS from uid=10150 pid=7637
05-31 14:53:15.148  7637  7743 I AppsFlyerOaid6.1.2: Fetch 0 ms
05-31 14:53:15.246  7637  7743 W om.yum.pizzahu: No such thread for suspend: 0x729208a0fe98:create_react_context
05-31 14:53:15.287  7637  7730 I Braze v14.0.0 .bo.app.k1: Max number to register newly set to 20 via server config.
05-31 14:53:15.287  7637  7730 I Braze v14.0.0 .bo.app.l1: Min time since last geofence request reset via server configuration: 86400s.
05-31 14:53:15.287  7637  7730 I Braze v14.0.0 .bo.app.l1: Min time since last geofence report reset via server configuration: 0s.
05-31 14:53:15.288  7637  7794 W unknown:ViewManagerPropertyUpdater: Could not find generated setter for class com.facebook.react.views.picker.ReactDialogPickerManager
05-31 14:53:15.292  7637  7794 W unknown:ViewManagerPropertyUpdater: Could not find generated setter for class com.facebook.react.uimanager.LayoutShadowNode
05-31 14:53:15.293  7637  7794 W unknown:ViewManagerPropertyUpdater: Could not find generated setter for class com.facebook.react.views.drawer.ReactDrawerLayoutManager
05-31 14:53:15.293  7637  7794 W unknown:ViewManagerPropertyUpdater: Could not find generated setter for class com.facebook.react.views.picker.ReactDropdownPickerManager
05-31 14:53:15.298  7637  7794 W unknown:ViewManagerPropertyUpdater: Could not find generated setter for class com.facebook.react.views.scroll.ReactHorizontalScrollViewManager
05-31 14:53:15.302  7637  7794 W unknown:ViewManagerPropertyUpdater: Could not find generated setter for class com.facebook.react.views.scroll.ReactHorizontalScrollContainerViewManager
05-31 14:53:15.303  7637  7794 W unknown:ViewManagerPropertyUpdater: Could not find generated setter for class com.facebook.react.views.progressbar.ReactProgressBarViewManager
05-31 14:53:15.304  7637  7794 W unknown:ViewManagerPropertyUpdater: Could not find generated setter for class com.facebook.react.views.progressbar.ProgressBarShadowNode
05-31 14:53:15.306  7637  7794 W unknown:ViewManagerPropertyUpdater: Could not find generated setter for class com.facebook.react.views.scroll.ReactScrollViewManager
05-31 14:53:15.307  7637  7794 W unknown:ViewManagerPropertyUpdater: Could not find generated setter for class com.facebook.react.views.slider.ReactSliderManager
05-31 14:53:15.307  7637  7794 W unknown:ViewManagerPropertyUpdater: Could not find generated setter for class com.facebook.react.views.slider.ReactSliderManager$ReactSliderShadowNode
05-31 14:53:15.308  7637  7794 W unknown:ViewManagerPropertyUpdater: Could not find generated setter for class com.facebook.react.views.switchview.ReactSwitchManager
05-31 14:53:15.314  7637  7794 W unknown:ViewManagerPropertyUpdater: Could not find generated setter for class com.facebook.react.views.switchview.ReactSwitchManager$ReactSwitchShadowNode
05-31 14:53:15.317  7637  7794 W unknown:ViewManagerPropertyUpdater: Could not find generated setter for class com.facebook.react.views.swiperefresh.SwipeRefreshLayoutManager
05-31 14:53:15.320  7637  7794 W unknown:ViewManagerPropertyUpdater: Could not find generated setter for class com.facebook.react.views.text.frescosupport.FrescoBasedReactTextInlineImageViewManager
05-31 14:53:15.320  7637  7794 W unknown:ViewManagerPropertyUpdater: Could not find generated setter for class com.facebook.react.views.text.frescosupport.FrescoBasedReactTextInlineImageShadowNode
05-31 14:53:15.320  7637  7794 W unknown:ViewManagerPropertyUpdater: Could not find generated setter for class com.facebook.react.views.image.ReactImageManager
05-31 14:53:15.321  7637  7794 W unknown:ViewManagerPropertyUpdater: Could not find generated setter for class com.facebook.react.views.modal.ReactModalHostManager
05-31 14:53:15.322  7637  7794 W unknown:ViewManagerPropertyUpdater: Could not find generated setter for class com.facebook.react.views.modal.ModalHostShadowNode
05-31 14:53:15.324  7637  7794 W unknown:ViewManagerPropertyUpdater: Could not find generated setter for class com.facebook.react.views.text.ReactRawTextManager
05-31 14:53:15.324  7637  7794 W unknown:ViewManagerPropertyUpdater: Could not find generated setter for class com.facebook.react.views.text.ReactRawTextShadowNode
05-31 14:53:15.325  7637  7794 W unknown:ViewManagerPropertyUpdater: Could not find generated setter for class com.facebook.react.views.textinput.ReactTextInputManager
05-31 14:53:15.326  7637  7794 W unknown:ViewManagerPropertyUpdater: Could not find generated setter for class com.facebook.react.views.textinput.ReactTextInputShadowNode
05-31 14:53:15.334  7637  7794 W unknown:ViewManagerPropertyUpdater: Could not find generated setter for class com.facebook.react.views.text.ReactTextViewManager
05-31 14:53:15.334  7637  7794 W unknown:ViewManagerPropertyUpdater: Could not find generated setter for class com.facebook.react.views.text.ReactTextShadowNode
05-31 14:53:15.334  7637  7794 W unknown:ViewManagerPropertyUpdater: Could not find generated setter for class com.facebook.react.views.view.ReactViewManager
05-31 14:53:15.334  7637  7794 W unknown:ViewManagerPropertyUpdater: Could not find generated setter for class com.facebook.react.views.text.ReactVirtualTextViewManager
05-31 14:53:15.335  7637  7794 W unknown:ViewManagerPropertyUpdater: Could not find generated setter for class com.facebook.react.views.text.ReactVirtualTextShadowNode
05-31 14:53:15.335  7637  7794 W unknown:ViewManagerPropertyUpdater: Could not find generated setter for class com.facebook.react.views.unimplementedview.ReactUnimplementedViewManager
05-31 14:53:15.338  7637  7794 W unknown:ViewManagerPropertyUpdater: Could not find generated setter for class org.reactnative.maskedview.RNCMaskedViewManager
05-31 14:53:15.338  7637  7794 W unknown:ViewManagerPropertyUpdater: Could not find generated setter for class com.dylanvann.fastimage.FastImageViewManager
05-31 14:53:15.338  7637  7794 W unknown:ViewManagerPropertyUpdater: Could not find generated setter for class com.swmansion.gesturehandler.react.RNGestureHandlerRootViewManager
05-31 14:53:15.339  7637  7794 W unknown:ViewManagerPropertyUpdater: Could not find generated setter for class com.swmansion.gesturehandler.react.RNGestureHandlerButtonViewManager
05-31 14:53:15.339  7637  7794 W unknown:ViewManagerPropertyUpdater: Could not find generated setter for class com.BV.LinearGradient.LinearGradientManager
05-31 14:53:15.339  7637  7794 W unknown:ViewManagerPropertyUpdater: Could not find generated setter for class com.th3rdwave.safeareacontext.SafeAreaViewManager
05-31 14:53:15.339  7637  7794 W unknown:ViewManagerPropertyUpdater: Could not find generated setter for class com.swmansion.rnscreens.ScreenContainerViewManager
05-31 14:53:15.340  7637  7794 W unknown:ViewManagerPropertyUpdater: Could not find generated setter for class com.swmansion.rnscreens.ScreenViewManager
05-31 14:53:15.340  7637  7794 W unknown:ViewManagerPropertyUpdater: Could not find generated setter for class com.swmansion.rnscreens.ScreenStackViewManager
05-31 14:53:15.340  7637  7794 W unknown:ViewManagerPropertyUpdater: Could not find generated setter for class com.swmansion.rnscreens.ScreenStackHeaderConfigViewManager
05-31 14:53:15.340  7637  7794 W unknown:ViewManagerPropertyUpdater: Could not find generated setter for class com.swmansion.rnscreens.ScreenStackHeaderSubviewManager
05-31 14:53:15.341  7637  7794 W unknown:ViewManagerPropertyUpdater: Could not find generated setter for class com.reactnativecommunity.webview.RNCWebViewManager
05-31 14:53:15.341  7637  7794 W unknown:ViewManagerPropertyUpdater: Could not find generated setter for class com.airbnb.android.react.maps.AirMapCalloutManager
05-31 14:53:15.349   590  1816 W InputManager-JNI: Input channel object '731f3b Splash Screen com.yum.pizzahut (client)' was disposed without first being removed with the input manager!
05-31 14:53:15.349  7637  7794 W unknown:ViewManagerPropertyUpdater: Could not find generated setter for class com.airbnb.android.react.maps.AirMapMarkerManager
05-31 14:53:15.354  7637  7794 W unknown:ViewManagerPropertyUpdater: Could not find generated setter for class com.airbnb.android.react.maps.AirMapPolylineManager
05-31 14:53:15.354  7637  7794 W unknown:ViewManagerPropertyUpdater: Could not find generated setter for class com.airbnb.android.react.maps.AirMapPolygonManager
05-31 14:53:15.355  7637  7794 W unknown:ViewManagerPropertyUpdater: Could not find generated setter for class com.airbnb.android.react.maps.AirMapCircleManager
05-31 14:53:15.360  7637  7794 W unknown:ViewManagerPropertyUpdater: Could not find generated setter for class com.airbnb.android.react.maps.AirMapManager
05-31 14:53:15.367  7637  7794 W unknown:ViewManagerPropertyUpdater: Could not find generated setter for class com.airbnb.android.react.maps.AirMapLiteManager
05-31 14:53:15.368  7637  7794 W unknown:ViewManagerPropertyUpdater: Could not find generated setter for class com.airbnb.android.react.maps.AirMapUrlTileManager
05-31 14:53:15.370  7637  7794 W unknown:ViewManagerPropertyUpdater: Could not find generated setter for class com.airbnb.android.react.maps.AirMapLocalTileManager
05-31 14:53:15.371  7637  7794 W unknown:ViewManagerPropertyUpdater: Could not find generated setter for class com.airbnb.android.react.maps.AirMapOverlayManager
05-31 14:53:15.398  1360  6401 W MediaProvider: isAppCloneUserPair for user 0: false
05-31 14:53:15.421   181   181 I hwservicemanager: getTransport: Cannot find entry android.hardware.graphics.mapper@4.0::IMapper/default in either framework or device VINTF manifest.
05-31 14:53:15.422  7830  7837 I Gralloc4: mapper 4.x is not supported
05-31 14:53:15.475  7637  7739 I com.newrelic.android: Saving configuration: HarvestConfiguration{collect_network_errors=true, cross_process_id='VQcFWV9XARABV1lWBQABVlc=', data_report_period=60, data_token=[138421603, 1385913952], error_limit=50, report_max_transaction_age=600, report_max_transaction_count=1000, response_body_limit=2048, server_timestamp=1748703196, stack_trace_limit=100, activity_trace_max_size=65534, activity_trace_max_report_attempts=1, activity_trace_min_utilization=0.3, at_capture=ActivityTraceConfiguration{maxTotalTraceCount=1}, priority_encoding_key=d67afc830dab717fd163bfcb0b8b88423e9a1a3b, account_id=1128949, application_id=138421603}
05-31 14:53:15.477  7637  7739 I com.newrelic.android: Loaded configuration: HarvestConfiguration{collect_network_errors=true, cross_process_id='VQcFWV9XARABV1lWBQABVlc=', data_report_period=60, data_token=[138421603, 1385913952], error_limit=50, report_max_transaction_age=600, report_max_transaction_count=1000, response_body_limit=2048, server_timestamp=1748703196, stack_trace_limit=100, activity_trace_max_size=65534, activity_trace_max_report_attempts=1, activity_trace_min_utilization=0.30000001192092896, at_capture=ActivityTraceConfiguration{maxTotalTraceCount=1}, priority_encoding_key=d67afc830dab717fd163bfcb0b8b88423e9a1a3b, account_id=1128949, application_id=138421603}
05-31 14:53:15.523  7637  7747 I Braze v14.0.0 .bo.app.v3: Updating offline Content Cards for user with id: 
05-31 14:53:15.630  7637  7791 I ReactNativeJS: Running "pizzahut" with {"initialProps":{"configuration":"release"},"rootTag":1}
05-31 14:53:15.632  7637  7842 W InstanceID: Instance ID SDK is deprecated, com.yum.pizzahut should update to use Firebase Instance ID
