05-18 07:27:06.513 32353 32377 I DynamiteModule: Considering local module com.google.android.gms.measurement.dynamite:107 and remote module com.google.android.gms.measurement.dynamite:142
05-18 07:27:06.513 32353 32377 I DynamiteModule: Selected remote version of com.google.android.gms.measurement.dynamite, version >= 142
05-18 07:27:06.522 32353 32353 I RNFBCrashlyticsInit: initialization successful
05-18 07:27:06.545 32353 32377 W System  : ClassLoader referenced unknown path: 
05-18 07:27:06.587  1126 25896 W GLSUser : [DeviceKeyStore] Cannot load key: Device key file not found.
05-18 07:27:06.595 32353 32377 W kefern.shoprit: ClassLoaderContext classpath size mismatch. expected=13, found=6 (DLC[];PCL[base.apk*1914472534:base.apk!classes2.dex*3304451845:base.apk!classes3.dex*814030735:base.apk!classes4.dex*1701140833:base.apk!classes5.dex*671790505:base.apk!classes6.dex*3453289445:base.apk!classes7.dex*3073107556:base.apk!classes8.dex*2923806363:base.apk!classes9.dex*3566253840:base.apk!classes10.dex*3357887208:base.apk!classes11.dex*1617793128:base.apk!classes12.dex*2938047849:base.apk!classes13.dex*1145982731]{PCL[/system/framework/org.apache.http.legacy.jar*2058259660]#PCL[/system/framework/com.android.media.remotedisplay.jar*3472798122]#PCL[/system/framework/com.android.location.provider.jar*3633238673]#PCL[/system_ext/framework/androidx.window.sidecar.jar*3539530913]#PCL[/system/framework/org.apache.http.legacy.jar*2058259660]} | DLC[];PCL[/data/app/~~tdCztLyiX99Oo03Wub4OCA==/com.wakefern.shoprite-Rbk3aFu-ySsansyMJSVQDA==/base.apk*2613734490:/data/app/~~tdCztLyiX99Oo03Wub4OCA==/com.wakefern.shoprite-Rbk3aFu-ySsansyMJSVQDA==/base.apk!classes2.dex*1347921747:/data/app/~~tdCztLyiX99Oo03Wub4OCA==/com.wakefern.shoprite-Rbk3aFu-ySsansyMJSVQDA==/base.apk!classes3.dex*2529982188:/data/app/~~tdCztLyiX99Oo03Wub4OCA==/com.wakefern.shoprite-Rbk3aFu-ySsansyMJSVQDA==/base.apk!classes4.dex*3578318661:/data/app/~~tdCztLyiX99Oo03Wub4OCA==/com.wakefern.shoprite-Rbk3aFu-ySsansyMJSVQDA==/base.apk!classes5.dex*1508800766:/data/app/~~tdCztLyiX99Oo03Wub4OCA==/com.wakefern.shoprite-Rbk3aFu-ySsansyMJSVQDA==/base.apk!classes6.dex*2640561778]{PCL[/system/framework/org.apache.http.legacy.jar*2058259660]})
05-18 07:27:06.600 32353 32353 I Sentry  : Retrieving auto-init from AndroidManifest.xml
05-18 07:27:06.630 32353 32353 I FacebookInitProvider: Failed to auto initialize the Facebook SDK
05-18 07:27:06.630 32353 32353 I FacebookInitProvider: A valid Facebook app id must be set in the AndroidManifest.xml or set by calling FacebookSdk.setApplicationId before initializing the sdk.
05-18 07:27:06.630 32353 32353 I FacebookInitProvider: 	at com.facebook.FacebookSdk.sdkInitialize(FacebookSdk.java:293)
05-18 07:27:06.630 32353 32353 I FacebookInitProvider: 	at com.facebook.FacebookSdk.sdkInitialize(FacebookSdk.java:246)
05-18 07:27:06.630 32353 32353 I FacebookInitProvider: 	at com.facebook.internal.FacebookInitProvider.onCreate(FacebookInitProvider.java:20)
05-18 07:27:06.630 32353 32353 I FacebookInitProvider: 	at android.content.ContentProvider.attachInfo(ContentProvider.java:2404)
05-18 07:27:06.630 32353 32353 I FacebookInitProvider: 	at android.content.ContentProvider.attachInfo(ContentProvider.java:2374)
05-18 07:27:06.630 32353 32353 I FacebookInitProvider: 	at android.app.ActivityThread.installProvider(ActivityThread.java:7422)
05-18 07:27:06.630 32353 32353 I FacebookInitProvider: 	at android.app.ActivityThread.installContentProviders(ActivityThread.java:6939)
05-18 07:27:06.630 32353 32353 I FacebookInitProvider: 	at android.app.ActivityThread.handleBindApplication(ActivityThread.java:6710)
05-18 07:27:06.630 32353 32353 I FacebookInitProvider: 	at android.app.ActivityThread.access$1500(ActivityThread.java:247)
05-18 07:27:06.630 32353 32353 I FacebookInitProvider: 	at android.app.ActivityThread$H.handleMessage(ActivityThread.java:2053)
05-18 07:27:06.630 32353 32353 I FacebookInitProvider: 	at android.os.Handler.dispatchMessage(Handler.java:106)
05-18 07:27:06.630 32353 32353 I FacebookInitProvider: 	at android.os.Looper.loopOnce(Looper.java:201)
05-18 07:27:06.630 32353 32353 I FacebookInitProvider: 	at android.os.Looper.loop(Looper.java:288)
05-18 07:27:06.630 32353 32353 I FacebookInitProvider: 	at android.app.ActivityThread.main(ActivityThread.java:7839)
05-18 07:27:06.630 32353 32353 I FacebookInitProvider: 	at java.lang.reflect.Method.invoke(Native Method)
05-18 07:27:06.630 32353 32353 I FacebookInitProvider: 	at com.android.internal.os.RuntimeInit$MethodAndArgsCaller.run(RuntimeInit.java:548)
05-18 07:27:06.630 32353 32353 I FacebookInitProvider: 	at com.android.internal.os.ZygoteInit.main(ZygoteInit.java:1003)
05-18 07:27:06.640 32353 32353 I AGConnectProvider: AGConnectInitializeProvider#onCreate
05-18 07:27:06.641 32353 32353 I AGConnectInstance: AGConnectInstance#initialize
05-18 07:27:06.643 32353 32353 I ServiceRegistrarParser: getServices
05-18 07:27:06.644 32353 32353 I ServiceRegistrarParser: services:0
05-18 07:27:06.648 32353 32353 I AGC_Instance: AGC SDK initialize end, default route:UNKNOWN
05-18 07:27:06.654 32353 32353 I FirebaseApp: Device unlocked: initializing all Firebase APIs for app backend
05-18 07:27:06.717   538  1988 W ActivityManager: Unable to start service Intent { act=android.service.smartspace.SmartspaceService cmp=com.google.android.as/com.google.android.apps.miphone.aiai.app.AiAiSmartspaceService } U=0: not found
05-18 07:27:06.717   538  1988 W RemoteSmartspaceService: could not bind to Intent { act=android.service.smartspace.SmartspaceService cmp=com.google.android.as/com.google.android.apps.miphone.aiai.app.AiAiSmartspaceService } using flags 67112961
05-18 07:27:06.723   538   538 W ActivityManager: Unbind failed: could not find connection for android.app.LoadedApk$ServiceDispatcher$InnerConnection@b311a72
05-18 07:27:06.738  1521  1521 I cnbo    : (REDACTED) onApplyWindowInsets: systemWindowInsets=%s
05-18 07:27:06.739  1521  1521 I cnbo    : (REDACTED) onApplyWindowInsets: systemWindowInsets=%s
05-18 07:27:06.745 32353 32353 W unknown:ReactInstanceManagerBuilder: You're not setting the JS Engine Resolution Algorithm. We'll try to load JSC first, and if it fails we'll fallback to Hermes
05-18 07:27:06.747 32353 32353 E SoLoader: couldn't find DSO to load: libjscexecutor.so
05-18 07:27:06.747 32353 32353 E SoLoader: 	SoSource 0: com.facebook.soloader.DirectorySoSource[root = /data/app/~~tdCztLyiX99Oo03Wub4OCA==/com.wakefern.shoprite-Rbk3aFu-ySsansyMJSVQDA==/lib/x86_64 flags = 0]
05-18 07:27:06.747 32353 32353 E SoLoader: 	SoSource 1: com.facebook.soloader.DirectApkSoSource[root = (/data/app/~~tdCztLyiX99Oo03Wub4OCA==/com.wakefern.shoprite-Rbk3aFu-ySsansyMJSVQDA==/base.apk!/lib/x86_64, )]
05-18 07:27:06.747 32353 32353 E SoLoader: 	SoSource 2: com.facebook.soloader.DirectorySoSource[root = /system/lib64 flags = 2]
05-18 07:27:06.747 32353 32353 E SoLoader: 	SoSource 3: com.facebook.soloader.DirectorySoSource[root = /vendor/lib64 flags = 2]
05-18 07:27:06.747 32353 32353 E SoLoader: 	Native lib dir: /data/app/~~tdCztLyiX99Oo03Wub4OCA==/com.wakefern.shoprite-Rbk3aFu-ySsansyMJSVQDA==/lib/x86_64
05-18 07:27:06.747 32353 32353 E SoLoader:  result: 0
05-18 07:27:06.832 16373 16387 W libc    : Access denied finding property "persist.adb.tls_server.enable"
05-18 07:27:06.825 16373 16373 W Binder:16373_3: type=1400 audit(0.0:480): avc: denied { read } for name="u:object_r:system_adbd_prop:s0" dev="tmpfs" ino=243 scontext=u:r:gmscore_app:s0:c512,c768 tcontext=u:object_r:system_adbd_prop:s0 tclass=file permissive=0 app=com.google.android.gms
05-18 07:27:06.870   365  1121 W ServiceManager: Permission failure: android.permission.ACCESS_SURFACE_FLINGER from uid=10191 pid=32353
05-18 07:27:06.870   365  1121 W ServiceManager: Permission failure: android.permission.ROTATE_SURFACE_FLINGER from uid=10191 pid=32353
05-18 07:27:06.883   178   178 I hwservicemanager: getTransport: Cannot find entry android.hardware.configstore@1.0::ISurfaceFlingerConfigs/default in either framework or device VINTF manifest.
05-18 07:27:06.883 32353 32409 W OpenGLRenderer: Failed to choose config with EGL_SWAP_BEHAVIOR_PRESERVED, retrying without...
05-18 07:27:06.884 32353 32409 W OpenGLRenderer: Failed to initialize 101010-2 format, error = EGL_SUCCESS
05-18 07:27:06.891  1126 25896 W GmsUrlRequestImpl: Content-Type header is overwritten.
05-18 07:27:06.946   365  1121 E HWComposer: getSupportedContentTypes: getSupportedContentTypes failed for display 4619827259835644672: Unsupported (8)
05-18 07:27:06.948   178   178 I hwservicemanager: getTransport: Cannot find entry android.hardware.graphics.mapper@4.0::IMapper/default in either framework or device VINTF manifest.
05-18 07:27:06.948 32353 32409 I Gralloc4: mapper 4.x is not supported
05-18 07:27:06.951   178   178 I hwservicemanager: getTransport: Cannot find entry android.hardware.graphics.allocator@4.0::IAllocator/default in either framework or device VINTF manifest.
05-18 07:27:06.952 32353 32409 W Gralloc4: allocator 4.x is not supported
05-18 07:27:07.012  1126 25896 W GLSUser : [AppCertManager] Exception while requesting key: 
05-18 07:27:07.012  1126 25896 W GLSUser : java.util.concurrent.ExecutionException: cbpu: Parse Proto Exception with response code 400
05-18 07:27:07.012  1126 25896 W GLSUser : 	at frqs.j(:com.google.android.gms@251333032@25.13.33 (190800-745790146):21)
05-18 07:27:07.012  1126 25896 W GLSUser : 	at frrb.u(:com.google.android.gms@251333032@25.13.33 (190800-745790146):71)
05-18 07:27:07.012  1126 25896 W GLSUser : 	at acso.b(:com.google.android.gms@251333032@25.13.33 (190800-745790146):451)
05-18 07:27:07.012  1126 25896 W GLSUser : 	at acsm.a(:com.google.android.gms@251333032@25.13.33 (190800-745790146):69)
05-18 07:27:07.012  1126 25896 W GLSUser : 	at acsi.a(:com.google.android.gms@251333032@25.13.33 (190800-745790146):3)
05-18 07:27:07.012  1126 25896 W GLSUser : 	at acsk.a(:com.google.android.gms@251333032@25.13.33 (190800-745790146):58)
05-18 07:27:07.012  1126 25896 W GLSUser : 	at acsk.b(:com.google.android.gms@251333032@25.13.33 (190800-745790146):21)
05-18 07:27:07.012  1126 25896 W GLSUser : 	at aumf.m(:com.google.android.gms@251333032@25.13.33 (190800-745790146):13)
05-18 07:27:07.012  1126 25896 W GLSUser : 	at aums.f(:com.google.android.gms@251333032@25.13.33 (190800-745790146):10)
05-18 07:27:07.012  1126 25896 W GLSUser : 	at fbsi.a(:com.google.android.gms@251333032@25.13.33 (190800-745790146):45)
05-18 07:27:07.012  1126 25896 W GLSUser : 	at fbsc.b(:com.google.android.gms@251333032@25.13.33 (190800-745790146):279)
05-18 07:27:07.012  1126 25896 W GLSUser : 	at fcuf.f(:com.google.android.gms@251333032@25.13.33 (190800-745790146):232)
05-18 07:27:07.012  1126 25896 W GLSUser : 	at fctx.run(:com.google.android.gms@251333032@25.13.33 (190800-745790146):182)
05-18 07:27:07.012  1126 25896 W GLSUser : 	at ausj.c(:com.google.android.gms@251333032@25.13.33 (190800-745790146):50)
05-18 07:27:07.012  1126 25896 W GLSUser : 	at ausj.run(:com.google.android.gms@251333032@25.13.33 (190800-745790146):70)
05-18 07:27:07.012  1126 25896 W GLSUser : 	at java.util.concurrent.ThreadPoolExecutor.runWorker(ThreadPoolExecutor.java:1167)
05-18 07:27:07.012  1126 25896 W GLSUser : 	at java.util.concurrent.ThreadPoolExecutor$Worker.run(ThreadPoolExecutor.java:641)
05-18 07:27:07.012  1126 25896 W GLSUser : 	at auxx.run(:com.google.android.gms@251333032@25.13.33 (190800-745790146):8)
05-18 07:27:07.012  1126 25896 W GLSUser : 	at java.lang.Thread.run(Thread.java:920)
05-18 07:27:07.012  1126 25896 W GLSUser : Caused by: cbpu: Parse Proto Exception with response code 400
05-18 07:27:07.012  1126 25896 W GLSUser : 	at cbqz.b(:com.google.android.gms@251333032@25.13.33 (190800-745790146):80)
05-18 07:27:07.012  1126 25896 W GLSUser : 	at cbtu.d(:com.google.android.gms@251333032@25.13.33 (190800-745790146):18)
05-18 07:27:07.012  1126 25896 W GLSUser : 	at cbui.onSucceeded(:com.google.android.gms@251333032@25.13.33 (190800-745790146):9)
05-18 07:27:07.012  1126 25896 W GLSUser : 	at m.lj.onSucceeded(:com.google.android.gms.dynamite_cronetdynamite@251333032@25.13.33 (190800-0):3)
05-18 07:27:07.012  1126 25896 W GLSUser : 	at m.kh.run(:com.google.android.gms.dynamite_cronetdynamite@251333032@25.13.33 (190800-0):21)
05-18 07:27:07.012  1126 25896 W GLSUser : 	at m.kb.run(:com.google.android.gms.dynamite_cronetdynamite@251333032@25.13.33 (190800-0):31)
05-18 07:27:07.012  1126 25896 W GLSUser : 	... 6 more
05-18 07:27:07.012  1126 25896 W GLSUser : Caused by: gksr: Protocol message contained an invalid tag (zero).
05-18 07:27:07.012  1126 25896 W GLSUser : 	at gkpn.k(:com.google.android.gms@251333032@25.13.33 (190800-745790146):43)
05-18 07:27:07.012  1126 25896 W GLSUser : 	at gktr.c(:com.google.android.gms@251333032@25.13.33 (190800-745790146):398)
05-18 07:27:07.012  1126 25896 W GLSUser : 	at gktr.i(:com.google.android.gms@251333032@25.13.33 (190800-745790146):8)
05-18 07:27:07.012  1126 25896 W GLSUser : 	at gkrv.y(:com.google.android.gms@251333032@25.13.33 (190800-745790146):23)
05-18 07:27:07.012  1126 25896 W GLSUser : 	at gkrq.g(:com.google.android.gms@251333032@25.13.33 (190800-745790146):3)
05-18 07:27:07.012  1126 25896 W GLSUser : 	at gkpj.e(:com.google.android.gms@251333032@25.13.33 (190800-745790146):1)
05-18 07:27:07.012  1126 25896 W GLSUser : 	at gkpj.d(:com.google.android.gms@251333032@25.13.33 (190800-745790146):3)
05-18 07:27:07.012  1126 25896 W GLSUser : 	at gkpj.p(:com.google.android.gms@251333032@25.13.33 (190800-745790146):1)
05-18 07:27:07.012  1126 25896 W GLSUser : 	at cbqz.g(:com.google.android.gms@251333032@25.13.33 (190800-745790146):69)
05-18 07:27:07.012  1126 25896 W GLSUser : 	at cbqz.b(:com.google.android.gms@251333032@25.13.33 (190800-745790146):11)
05-18 07:27:07.012  1126 25896 W GLSUser : 	... 11 more
05-18 07:27:07.013  1126 25896 W GLSUser : [DeviceKeyStore] Cannot load key: Device key file not found.
05-18 07:27:07.059 32353 32414 E HMSSDK_HMSPackageManager: resolveInfoList is null or empty
05-18 07:27:07.062 32353 32414 E HMSSDK_HMSPackageManager: PackagePriorityInfo list is null
05-18 07:27:07.062 32353 32414 E HMSSDK_HMSPackageManager: <initHmsPackageInfoForMultiService> Failed to find HMS apk
05-18 07:27:07.063 32353 32414 I HMSSDK_HMSPackageManager: Enter getHMSPackageNameForMultiService
05-18 07:27:07.065 32353 32414 E HMSSDK_HMSPackageManager: resolveInfoList is null or empty
05-18 07:27:07.065 32353 32414 E HMSSDK_HMSPackageManager: PackagePriorityInfo list is null
05-18 07:27:07.066 32353 32414 E HMSSDK_HMSPackageManager: <initHmsPackageInfoForMultiService> Failed to find HMS apk
05-18 07:27:07.066 32353 32414 I HMSSDK_HuaweiMobileServicesUtil: hmsPackageName is com.huawei.hwid
05-18 07:27:07.067 32353 32414 E HMSSDK_HMSPackageManager: resolveInfoList is null or empty
05-18 07:27:07.068 32353 32414 E HMSSDK_HMSPackageManager: PackagePriorityInfo list is null
05-18 07:27:07.068 32353 32414 E HMSSDK_HMSPackageManager: <initHmsPackageInfoForMultiService> Failed to find HMS apk
05-18 07:27:07.068 32353 32414 I HMSSDK_HuaweiMobileServicesUtil: HMS is not installed
05-18 07:27:07.075 32353 32429 I HMSSDK_HMSPackageManager: enter asyncOnceCheckMDMState
05-18 07:27:07.077 32353 32429 I HMSSDK_HMSPackageManager: quit asyncOnceCheckMDMState
05-18 07:27:07.153  1126 25896 W GmsWeatherProviderContr: Failed to fetch weather tile
05-18 07:27:07.153  1126 25896 W GmsWeatherProviderContr: hdtc: INVALID_ARGUMENT: Request contains an invalid argument.
05-18 07:27:07.153  1126 25896 W GmsWeatherProviderContr: 	at aums.s(:com.google.android.gms@251333032@25.13.33 (190800-745790146):31)
05-18 07:27:07.153  1126 25896 W GmsWeatherProviderContr: 	at aums.f(:com.google.android.gms@251333032@25.13.33 (190800-745790146):92)
05-18 07:27:07.153  1126 25896 W GmsWeatherProviderContr: 	at fbsi.a(:com.google.android.gms@251333032@25.13.33 (190800-745790146):45)
05-18 07:27:07.153  1126 25896 W GmsWeatherProviderContr: 	at fbsc.b(:com.google.android.gms@251333032@25.13.33 (190800-745790146):279)
05-18 07:27:07.153  1126 25896 W GmsWeatherProviderContr: 	at fcuf.f(:com.google.android.gms@251333032@25.13.33 (190800-745790146):232)
05-18 07:27:07.153  1126 25896 W GmsWeatherProviderContr: 	at fctx.run(:com.google.android.gms@251333032@25.13.33 (190800-745790146):182)
05-18 07:27:07.153  1126 25896 W GmsWeatherProviderContr: 	at ausj.c(:com.google.android.gms@251333032@25.13.33 (190800-745790146):50)
05-18 07:27:07.153  1126 25896 W GmsWeatherProviderContr: 	at ausj.run(:com.google.android.gms@251333032@25.13.33 (190800-745790146):70)
05-18 07:27:07.153  1126 25896 W GmsWeatherProviderContr: 	at java.util.concurrent.ThreadPoolExecutor.runWorker(ThreadPoolExecutor.java:1167)
05-18 07:27:07.153  1126 25896 W GmsWeatherProviderContr: 	at java.util.concurrent.ThreadPoolExecutor$Worker.run(ThreadPoolExecutor.java:641)
05-18 07:27:07.153  1126 25896 W GmsWeatherProviderContr: 	at auxx.run(:com.google.android.gms@251333032@25.13.33 (190800-745790146):8)
05-18 07:27:07.153  1126 25896 W GmsWeatherProviderContr: 	at java.lang.Thread.run(Thread.java:920)
05-18 07:27:07.214 32353 32414 W AndroidKeysetManager: keyset not found, will generate a new one
05-18 07:27:07.214 32353 32414 W AndroidKeysetManager: java.io.FileNotFoundException: can't read keyset; the pref value __androidx_security_crypto_encrypted_prefs_key_keyset__ does not exist
05-18 07:27:07.214 32353 32414 W AndroidKeysetManager: 	at com.google.crypto.tink.integration.android.SharedPrefKeysetReader.readPref(SharedPrefKeysetReader.java:71)
05-18 07:27:07.214 32353 32414 W AndroidKeysetManager: 	at com.google.crypto.tink.integration.android.SharedPrefKeysetReader.readEncrypted(SharedPrefKeysetReader.java:89)
05-18 07:27:07.214 32353 32414 W AndroidKeysetManager: 	at com.google.crypto.tink.KeysetHandle.read(KeysetHandle.java:105)
05-18 07:27:07.214 32353 32414 W AndroidKeysetManager: 	at com.google.crypto.tink.integration.android.AndroidKeysetManager$Builder.read(AndroidKeysetManager.java:311)
05-18 07:27:07.214 32353 32414 W AndroidKeysetManager: 	at com.google.crypto.tink.integration.android.AndroidKeysetManager$Builder.readOrGenerateNewKeyset(AndroidKeysetManager.java:287)
05-18 07:27:07.214 32353 32414 W AndroidKeysetManager: 	at com.google.crypto.tink.integration.android.AndroidKeysetManager$Builder.build(AndroidKeysetManager.java:238)
05-18 07:27:07.214 32353 32414 W AndroidKeysetManager: 	at androidx.security.crypto.EncryptedSharedPreferences.create(EncryptedSharedPreferences.java:155)
05-18 07:27:07.214 32353 32414 W AndroidKeysetManager: 	at androidx.security.crypto.EncryptedSharedPreferences.create(EncryptedSharedPreferences.java:120)
05-18 07:27:07.214 32353 32414 W AndroidKeysetManager: 	at com.emeraldsanto.encryptedstorage.RNEncryptedStorageModule.<init>(RNEncryptedStorageModule.java:28)
05-18 07:27:07.214 32353 32414 W AndroidKeysetManager: 	at com.emeraldsanto.encryptedstorage.RNEncryptedStoragePackage.createNativeModules(RNEncryptedStoragePackage.java:15)
05-18 07:27:07.214 32353 32414 W AndroidKeysetManager: 	at com.facebook.react.ReactPackageHelper.getNativeModuleIterator(ReactPackageHelper.java:42)
05-18 07:27:07.214 32353 32414 W AndroidKeysetManager: 	at com.facebook.react.NativeModuleRegistryBuilder.processPackage(NativeModuleRegistryBuilder.java:42)
05-18 07:27:07.214 32353 32414 W AndroidKeysetManager: 	at com.facebook.react.ReactInstanceManager.processPackage(ReactInstanceManager.java:1456)
05-18 07:27:07.214 32353 32414 W AndroidKeysetManager: 	at com.facebook.react.ReactInstanceManager.processPackages(ReactInstanceManager.java:1427)
05-18 07:27:07.214 32353 32414 W AndroidKeysetManager: 	at com.facebook.react.ReactInstanceManager.createReactContext(ReactInstanceManager.java:1338)
05-18 07:27:07.214 32353 32414 W AndroidKeysetManager: 	at com.facebook.react.ReactInstanceManager.access$1200(ReactInstanceManager.java:135)
05-18 07:27:07.214 32353 32414 W AndroidKeysetManager: 	at com.facebook.react.ReactInstanceManager$5.run(ReactInstanceManager.java:1109)
05-18 07:27:07.214 32353 32414 W AndroidKeysetManager: 	at java.lang.Thread.run(Thread.java:920)
05-18 07:27:07.254 32353 32414 W AndroidKeysetManager: keyset not found, will generate a new one
05-18 07:27:07.254 32353 32414 W AndroidKeysetManager: java.io.FileNotFoundException: can't read keyset; the pref value __androidx_security_crypto_encrypted_prefs_value_keyset__ does not exist
05-18 07:27:07.254 32353 32414 W AndroidKeysetManager: 	at com.google.crypto.tink.integration.android.SharedPrefKeysetReader.readPref(SharedPrefKeysetReader.java:71)
05-18 07:27:07.254 32353 32414 W AndroidKeysetManager: 	at com.google.crypto.tink.integration.android.SharedPrefKeysetReader.readEncrypted(SharedPrefKeysetReader.java:89)
05-18 07:27:07.254 32353 32414 W AndroidKeysetManager: 	at com.google.crypto.tink.KeysetHandle.read(KeysetHandle.java:105)
05-18 07:27:07.254 32353 32414 W AndroidKeysetManager: 	at com.google.crypto.tink.integration.android.AndroidKeysetManager$Builder.read(AndroidKeysetManager.java:311)
05-18 07:27:07.254 32353 32414 W AndroidKeysetManager: 	at com.google.crypto.tink.integration.android.AndroidKeysetManager$Builder.readOrGenerateNewKeyset(AndroidKeysetManager.java:287)
05-18 07:27:07.254 32353 32414 W AndroidKeysetManager: 	at com.google.crypto.tink.integration.android.AndroidKeysetManager$Builder.build(AndroidKeysetManager.java:238)
05-18 07:27:07.254 32353 32414 W AndroidKeysetManager: 	at androidx.security.crypto.EncryptedSharedPreferences.create(EncryptedSharedPreferences.java:160)
05-18 07:27:07.254 32353 32414 W AndroidKeysetManager: 	at androidx.security.crypto.EncryptedSharedPreferences.create(EncryptedSharedPreferences.java:120)
05-18 07:27:07.254 32353 32414 W AndroidKeysetManager: 	at com.emeraldsanto.encryptedstorage.RNEncryptedStorageModule.<init>(RNEncryptedStorageModule.java:28)
05-18 07:27:07.254 32353 32414 W AndroidKeysetManager: 	at com.emeraldsanto.encryptedstorage.RNEncryptedStoragePackage.createNativeModules(RNEncryptedStoragePackage.java:15)
05-18 07:27:07.254 32353 32414 W AndroidKeysetManager: 	at com.facebook.react.ReactPackageHelper.getNativeModuleIterator(ReactPackageHelper.java:42)
05-18 07:27:07.254 32353 32414 W AndroidKeysetManager: 	at com.facebook.react.NativeModuleRegistryBuilder.processPackage(NativeModuleRegistryBuilder.java:42)
05-18 07:27:07.254 32353 32414 W AndroidKeysetManager: 	at com.facebook.react.ReactInstanceManager.processPackage(ReactInstanceManager.java:1456)
05-18 07:27:07.254 32353 32414 W AndroidKeysetManager: 	at com.facebook.react.ReactInstanceManager.processPackages(ReactInstanceManager.java:1427)
05-18 07:27:07.254 32353 32414 W AndroidKeysetManager: 	at com.facebook.react.ReactInstanceManager.createReactContext(ReactInstanceManager.java:1338)
05-18 07:27:07.254 32353 32414 W AndroidKeysetManager: 	at com.facebook.react.ReactInstanceManager.access$1200(ReactInstanceManager.java:135)
05-18 07:27:07.254 32353 32414 W AndroidKeysetManager: 	at com.facebook.react.ReactInstanceManager$5.run(ReactInstanceManager.java:1109)
05-18 07:27:07.254 32353 32414 W AndroidKeysetManager: 	at java.lang.Thread.run(Thread.java:920)
05-18 07:27:07.271 32353 32414 I EngineFactory: Provider GmsCore_OpenSSL not available
05-18 07:27:07.275 32353 32414 I RNFusedLocation: RNFusedLocation initialized
05-18 07:27:07.289 32353 32414 I CameraManagerGlobal: Connecting to camera service
05-18 07:27:07.299   428  5631 W ServiceManager: Permission failure: android.permission.CAMERA_OPEN_CLOSE_LISTENER from uid=10191 pid=32353
05-18 07:27:07.342  1126  2005 I FontLog : (REDACTED) Received query %s, URI %s
05-18 07:27:07.342  1126  2005 I FontLog : (REDACTED) Query [%s] resolved to %s
05-18 07:27:07.354 32353 32414 W unknown:ReactContext: initializeMessageQueueThreads() is called.
05-18 07:27:07.356  1126  2005 I FontLog : (REDACTED) Fetch %s end status %s
05-18 07:27:07.359  1126  2005 I FontLog : (REDACTED) Pulling font file for id = %d, cache size = %d
05-18 07:27:07.379  1126  2005 I FontLog : (REDACTED) Pulling font file for id = %d, cache size = %d
05-18 07:27:07.435 32353 32449 W unknown:ViewManagerPropertyUpdater: Could not find generated setter for class com.facebook.react.views.drawer.ReactDrawerLayoutManager
05-18 07:27:07.444 32353 32449 W unknown:ViewManagerPropertyUpdater: Could not find generated setter for class com.facebook.react.uimanager.LayoutShadowNode
05-18 07:27:07.445 32353 32449 W unknown:ViewManagerPropertyUpdater: Could not find generated setter for class com.facebook.react.views.scroll.ReactHorizontalScrollViewManager
05-18 07:27:07.447 32353 32449 W unknown:ViewManagerPropertyUpdater: Could not find generated setter for class com.facebook.react.views.scroll.ReactHorizontalScrollContainerViewManager
05-18 07:27:07.449 32353 32449 W unknown:ViewManagerPropertyUpdater: Could not find generated setter for class com.facebook.react.views.progressbar.ReactProgressBarViewManager
05-18 07:27:07.450 32353 32449 W unknown:ViewManagerPropertyUpdater: Could not find generated setter for class com.facebook.react.views.progressbar.ProgressBarShadowNode
05-18 07:27:07.451 32353 32449 W unknown:ViewManagerPropertyUpdater: Could not find generated setter for class com.facebook.react.views.scroll.ReactScrollViewManager
05-18 07:27:07.453 32353 32449 W unknown:ViewManagerPropertyUpdater: Could not find generated setter for class com.facebook.react.views.slider.ReactSliderManager
05-18 07:27:07.454 32353 32449 W unknown:ViewManagerPropertyUpdater: Could not find generated setter for class com.facebook.react.views.slider.ReactSliderManager$ReactSliderShadowNode
05-18 07:27:07.454 32353 32449 W unknown:ViewManagerPropertyUpdater: Could not find generated setter for class com.facebook.react.views.switchview.ReactSwitchManager
05-18 07:27:07.456 32353 32449 W unknown:ViewManagerPropertyUpdater: Could not find generated setter for class com.facebook.react.views.switchview.ReactSwitchManager$ReactSwitchShadowNode
05-18 07:27:07.456 32353 32449 W unknown:ViewManagerPropertyUpdater: Could not find generated setter for class com.facebook.react.views.swiperefresh.SwipeRefreshLayoutManager
05-18 07:27:07.458 32353 32449 W unknown:ViewManagerPropertyUpdater: Could not find generated setter for class com.facebook.react.views.text.frescosupport.FrescoBasedReactTextInlineImageViewManager
05-18 07:27:07.458 32353 32449 W unknown:ViewManagerPropertyUpdater: Could not find generated setter for class com.facebook.react.views.text.frescosupport.FrescoBasedReactTextInlineImageShadowNode
05-18 07:27:07.459 32353 32449 W unknown:ViewManagerPropertyUpdater: Could not find generated setter for class com.facebook.react.views.image.ReactImageManager
05-18 07:27:07.461 32353 32449 W unknown:ViewManagerPropertyUpdater: Could not find generated setter for class com.facebook.react.views.modal.ReactModalHostManager
05-18 07:27:07.461 32353 32449 W unknown:ViewManagerPropertyUpdater: Could not find generated setter for class com.facebook.react.views.modal.ModalHostShadowNode
05-18 07:27:07.462 32353 32449 W unknown:ViewManagerPropertyUpdater: Could not find generated setter for class com.facebook.react.views.text.ReactRawTextManager
05-18 07:27:07.463 32353 32449 W unknown:ViewManagerPropertyUpdater: Could not find generated setter for class com.facebook.react.views.text.ReactRawTextShadowNode
05-18 07:27:07.464 32353 32449 W unknown:ViewManagerPropertyUpdater: Could not find generated setter for class com.facebook.react.views.textinput.ReactTextInputManager
05-18 07:27:07.469 32353 32449 W unknown:ViewManagerPropertyUpdater: Could not find generated setter for class com.facebook.react.views.textinput.ReactTextInputShadowNode
05-18 07:27:07.470 32353 32449 W unknown:ViewManagerPropertyUpdater: Could not find generated setter for class com.facebook.react.views.text.ReactTextViewManager
05-18 07:27:07.470 32353 32449 W unknown:ViewManagerPropertyUpdater: Could not find generated setter for class com.facebook.react.views.text.ReactTextShadowNode
05-18 07:27:07.470 32353 32449 W unknown:ViewManagerPropertyUpdater: Could not find generated setter for class com.facebook.react.views.view.ReactViewManager
05-18 07:27:07.471 32353 32449 W unknown:ViewManagerPropertyUpdater: Could not find generated setter for class com.facebook.react.views.text.ReactVirtualTextViewManager
05-18 07:27:07.471 32353 32449 W unknown:ViewManagerPropertyUpdater: Could not find generated setter for class com.facebook.react.views.text.ReactVirtualTextShadowNode
05-18 07:27:07.472 32353 32449 W unknown:ViewManagerPropertyUpdater: Could not find generated setter for class com.facebook.react.views.unimplementedview.ReactUnimplementedViewManager
05-18 07:27:07.474 32353 32449 W unknown:ViewManagerPropertyUpdater: Could not find generated setter for class org.reactnative.maskedview.RNCMaskedViewManager
05-18 07:27:07.475 32353 32449 W unknown:ViewManagerPropertyUpdater: Could not find generated setter for class io.sentry.react.RNSentryOnDrawReporterManager
05-18 07:27:07.475 32353 32449 W unknown:ViewManagerPropertyUpdater: Could not find generated setter for class com.airbnb.android.react.lottie.LottieAnimationViewManager
05-18 07:27:07.480 32353 32449 W unknown:ViewManagerPropertyUpdater: Could not find generated setter for class com.dylanvann.fastimage.FastImageViewManager
05-18 07:27:07.482 32353 32449 W unknown:ViewManagerPropertyUpdater: Could not find generated setter for class com.swmansion.gesturehandler.react.RNGestureHandlerRootViewManager
05-18 07:27:07.483 32353 32449 W unknown:ViewManagerPropertyUpdater: Could not find generated setter for class com.swmansion.gesturehandler.react.RNGestureHandlerButtonViewManager
05-18 07:27:07.483 32353 32449 W unknown:ViewManagerPropertyUpdater: Could not find generated setter for class com.BV.LinearGradient.LinearGradientManager
05-18 07:27:07.484 32353 32449 W unknown:ViewManagerPropertyUpdater: Could not find generated setter for class com.rnmaps.maps.MapManager
05-18 07:27:07.487 32353 32449 W unknown:ViewManagerPropertyUpdater: Could not find generated setter for class com.rnmaps.maps.MapMarkerManager
05-18 07:27:07.487 32353 32449 W unknown:ViewManagerPropertyUpdater: Could not find generated setter for class com.rnmaps.maps.MapCalloutManager
05-18 07:27:07.489 32353 32449 W unknown:ViewManagerPropertyUpdater: Could not find generated setter for class com.rnmaps.maps.MapPolylineManager
05-18 07:27:07.489 32353 32449 W unknown:ViewManagerPropertyUpdater: Could not find generated setter for class com.rnmaps.maps.MapGradientPolylineManager
05-18 07:27:07.490 32353 32449 W unknown:ViewManagerPropertyUpdater: Could not find generated setter for class com.rnmaps.maps.MapPolygonManager
05-18 07:27:07.491 32353 32449 W unknown:ViewManagerPropertyUpdater: Could not find generated setter for class com.rnmaps.maps.MapCircleManager
05-18 07:27:07.492 32353 32449 W unknown:ViewManagerPropertyUpdater: Could not find generated setter for class com.rnmaps.maps.MapUrlTileManager
05-18 07:27:07.493 32353 32449 W unknown:ViewManagerPropertyUpdater: Could not find generated setter for class com.rnmaps.maps.MapWMSTileManager
05-18 07:27:07.493 32353 32449 W unknown:ViewManagerPropertyUpdater: Could not find generated setter for class com.rnmaps.maps.MapLocalTileManager
05-18 07:27:07.494 32353 32449 W unknown:ViewManagerPropertyUpdater: Could not find generated setter for class com.rnmaps.maps.MapOverlayManager
05-18 07:27:07.495 32353 32449 W unknown:ViewManagerPropertyUpdater: Could not find generated setter for class com.rnmaps.maps.MapHeatmapManager
05-18 07:27:07.497 32353 32449 W unknown:ViewManagerPropertyUpdater: Could not find generated setter for class com.reactnativepagerview.PagerViewViewManager
05-18 07:27:07.498 32353 32449 W unknown:ViewManagerPropertyUpdater: Could not find generated setter for class com.th3rdwave.safeareacontext.SafeAreaProviderManager
05-18 07:27:07.498 32353 32449 W unknown:ViewManagerPropertyUpdater: Could not find generated setter for class com.th3rdwave.safeareacontext.SafeAreaViewManager
05-18 07:27:07.499 32353 32449 W unknown:ViewManagerPropertyUpdater: Could not find generated setter for class com.th3rdwave.safeareacontext.SafeAreaViewShadowNode
05-18 07:27:07.500 32353 32449 W unknown:ViewManagerPropertyUpdater: Could not find generated setter for class com.swmansion.rnscreens.ScreenContainerViewManager
05-18 07:27:07.501 32353 32449 W unknown:ViewManagerPropertyUpdater: Could not find generated setter for class com.swmansion.rnscreens.ScreenViewManager
05-18 07:27:07.504 32353 32449 W unknown:ViewManagerPropertyUpdater: Could not find generated setter for class com.swmansion.rnscreens.ModalScreenViewManager
05-18 07:27:07.504 32353 32449 W unknown:ViewManagerPropertyUpdater: Could not find generated setter for class com.swmansion.rnscreens.ScreenStackViewManager
05-18 07:27:07.505 32353 32449 W unknown:ViewManagerPropertyUpdater: Could not find generated setter for class com.swmansion.rnscreens.ScreenStackHeaderConfigViewManager
05-18 07:27:07.505 32353 32449 W unknown:ViewManagerPropertyUpdater: Could not find generated setter for class com.swmansion.rnscreens.ScreenStackHeaderSubviewManager
05-18 07:27:07.505 32353 32449 W unknown:ViewManagerPropertyUpdater: Could not find generated setter for class com.swmansion.rnscreens.SearchBarManager
05-18 07:27:07.506 32353 32449 W unknown:ViewManagerPropertyUpdater: Could not find generated setter for class com.horcrux.svg.RenderableViewManager$DefsViewManager
05-18 07:27:07.507 32353 32449 W unknown:ViewManagerPropertyUpdater: Could not find generated setter for class com.horcrux.svg.VirtualViewManager$RenderableShadowNode
05-18 07:27:07.507 32353 32449 W unknown:ViewManagerPropertyUpdater: Could not find generated setter for class com.horcrux.svg.RenderableViewManager$MarkerManager
05-18 07:27:07.508 32353 32449 W unknown:ViewManagerPropertyUpdater: Could not find generated setter for class com.horcrux.svg.RenderableViewManager$ForeignObjectManager
05-18 07:27:07.509 32353 32449 W unknown:ViewManagerPropertyUpdater: Could not find generated setter for class com.horcrux.svg.RenderableViewManager$EllipseViewManager
05-18 07:27:07.509 32353 32449 W unknown:ViewManagerPropertyUpdater: Could not find generated setter for class com.horcrux.svg.RenderableViewManager$LineViewManager
05-18 07:27:07.510 32353 32449 W unknown:ViewManagerPropertyUpdater: Could not find generated setter for class com.horcrux.svg.RenderableViewManager$LinearGradientManager
05-18 07:27:07.510 32353 32449 W unknown:ViewManagerPropertyUpdater: Could not find generated setter for class com.horcrux.svg.RenderableViewManager$GroupViewManager
05-18 07:27:07.510 32353 32449 W unknown:ViewManagerPropertyUpdater: Could not find generated setter for class com.horcrux.svg.RenderableViewManager$TextViewManager
05-18 07:27:07.511 32353 32449 W unknown:ViewManagerPropertyUpdater: Could not find generated setter for class com.horcrux.svg.RenderableViewManager$ImageViewManager
05-18 07:27:07.511 32353 32449 W unknown:ViewManagerPropertyUpdater: Could not find generated setter for class com.horcrux.svg.RenderableViewManager$ClipPathViewManager
05-18 07:27:07.512 32353 32449 W unknown:ViewManagerPropertyUpdater: Could not find generated setter for class com.horcrux.svg.RenderableViewManager$RadialGradientManager
05-18 07:27:07.512 32353 32449 W unknown:ViewManagerPropertyUpdater: Could not find generated setter for class com.horcrux.svg.RenderableViewManager$MaskManager
05-18 07:27:07.513 32353 32449 W unknown:ViewManagerPropertyUpdater: Could not find generated setter for class com.horcrux.svg.RenderableViewManager$SymbolManager
05-18 07:27:07.513 32353 32449 W unknown:ViewManagerPropertyUpdater: Could not find generated setter for class com.horcrux.svg.RenderableViewManager$PatternManager
05-18 07:27:07.514 32353 32449 W unknown:ViewManagerPropertyUpdater: Could not find generated setter for class com.horcrux.svg.RenderableViewManager$RectViewManager
05-18 07:27:07.514 32353 32449 W unknown:ViewManagerPropertyUpdater: Could not find generated setter for class com.horcrux.svg.RenderableViewManager$TextPathViewManager
05-18 07:27:07.515 32353 32449 W unknown:ViewManagerPropertyUpdater: Could not find generated setter for class com.horcrux.svg.SvgViewManager
05-18 07:27:07.516 32353 32449 W unknown:ViewManagerPropertyUpdater: Could not find generated setter for class com.horcrux.svg.RenderableViewManager$PathViewManager
05-18 07:27:07.517 32353 32449 W unknown:ViewManagerPropertyUpdater: Could not find generated setter for class com.horcrux.svg.RenderableViewManager$UseViewManager
05-18 07:27:07.518 32353 32449 W unknown:ViewManagerPropertyUpdater: Could not find generated setter for class com.horcrux.svg.RenderableViewManager$CircleViewManager
05-18 07:27:07.519 32353 32449 W unknown:ViewManagerPropertyUpdater: Could not find generated setter for class com.horcrux.svg.RenderableViewManager$TSpanViewManager
05-18 07:27:07.520 32353 32449 W unknown:ViewManagerPropertyUpdater: Could not find generated setter for class com.brentvatne.react.ReactVideoViewManager
05-18 07:27:07.521 32353 32449 W unknown:ViewManagerPropertyUpdater: Could not find generated setter for class com.mrousavy.camera.react.CameraViewManager
05-18 07:27:07.522 32353 32449 W unknown:ViewManagerPropertyUpdater: Could not find generated setter for class com.reactnativecommunity.webview.RNCWebViewManager
05-18 07:27:07.523 32353 32449 W unknown:ViewManagerPropertyUpdater: Could not find generated setter for class com.scandit.datacapture.reactnative.barcode.ui.SparkScanViewManager
05-18 07:27:07.523 32353 32449 W unknown:ViewManagerPropertyUpdater: Could not find generated setter for class com.scandit.datacapture.reactnative.barcode.ui.BarcodeCountViewManager
05-18 07:27:07.523 32353 32449 W unknown:ViewManagerPropertyUpdater: Could not find generated setter for class com.scandit.datacapture.reactnative.barcode.ui.BarcodeFindViewManager
05-18 07:27:07.523 32353 32449 W unknown:ViewManagerPropertyUpdater: Could not find generated setter for class com.scandit.datacapture.reactnative.barcode.ui.BarcodePickViewManager
05-18 07:27:07.524 32353 32449 W unknown:ViewManagerPropertyUpdater: Could not find generated setter for class com.scandit.datacapture.reactnative.core.ui.DataCaptureViewManager
05-18 07:27:07.524 32353 32449 W unknown:ViewManagerPropertyUpdater: Could not find generated setter for class com.reactnativecommunity.slider.ReactSliderManager
05-18 07:27:07.525 32353 32449 W unknown:ViewManagerPropertyUpdater: Could not find generated setter for class com.reactnativecommunity.slider.ReactSliderManager$ReactSliderShadowNode
05-18 07:27:07.525 32353 32449 W unknown:ViewManagerPropertyUpdater: Could not find generated setter for class com.thryveai.grocery.flyers.ReactFlyersKitManager
05-18 07:27:07.529 32353 32449 W unknown:ReactContext: initializeMessageQueueThreads() is called.
05-18 07:27:07.557 32353 32353 I HMSSDK_HMSPackageManager: Enter getHMSPackageNameForMultiService
05-18 07:27:07.559 32353 32353 E HMSSDK_HMSPackageManager: resolveInfoList is null or empty
05-18 07:27:07.560 32353 32353 E HMSSDK_HMSPackageManager: PackagePriorityInfo list is null
05-18 07:27:07.561 32353 32353 E HMSSDK_HMSPackageManager: <initHmsPackageInfoForMultiService> Failed to find HMS apk
05-18 07:27:07.562 32353 32353 I HMSSDK_HuaweiMobileServicesUtil: hmsPackageName is com.huawei.hwid
05-18 07:27:07.563 32353 32353 E HMSSDK_HMSPackageManager: resolveInfoList is null or empty
05-18 07:27:07.563 32353 32353 E HMSSDK_HMSPackageManager: PackagePriorityInfo list is null
05-18 07:27:07.563 32353 32353 E HMSSDK_HMSPackageManager: <initHmsPackageInfoForMultiService> Failed to find HMS apk
05-18 07:27:07.564 32353 32353 I HMSSDK_HuaweiMobileServicesUtil: HMS is not installed
05-18 07:27:07.577 32353 32353 W Settings: Setting airplane_mode_on has moved from android.provider.Settings.System to android.provider.Settings.Global, returning read-only value.
05-18 07:27:07.590 32353 32353 W Settings: Setting airplane_mode_on has moved from android.provider.Settings.System to android.provider.Settings.Global, returning read-only value.
05-18 07:27:07.592 32353 32465 I CameraDevices: Initializing ProcessCameraProvider...
05-18 07:27:07.596 32353 32449 I CameraDevices: Camera #0 is now available.
05-18 07:27:07.596 32353 32449 I CameraDevices: Camera #1 is now available.
05-18 07:27:07.609   428  5631 W ServiceManager: Permission failure: android.permission.CAMERA from uid=10191 pid=32353
05-18 07:27:07.630   428  5631 W ServiceManager: Permission failure: android.permission.CAMERA from uid=10191 pid=32353
05-18 07:27:07.631   428  5631 W ServiceManager: Permission failure: android.permission.CAMERA from uid=10191 pid=32353
05-18 07:27:07.634   428  5631 W ServiceManager: Permission failure: android.permission.CAMERA from uid=10191 pid=32353
05-18 07:27:07.643 32353 32468 I Camera2CameraInfo: Device Level: INFO_SUPPORTED_HARDWARE_LEVEL_LIMITED
05-18 07:27:07.646 32353 32468 I Camera2CameraInfo: Device Level: INFO_SUPPORTED_HARDWARE_LEVEL_FULL
05-18 07:27:07.647  1263  1635 W MediaProvider: isAppCloneUserPair for user 0: false
05-18 07:27:07.661   538   633 I RoleService: Granting default roles...
05-18 07:27:07.668  2452 31935 W Role    : Cannot get ApplicationInfo for default holder: com.google.android.contacts
05-18 07:27:07.670  2452 31935 W Role    : Cannot get ApplicationInfo for default holder: com.google.android.as
05-18 07:27:07.688   178   178 I hwservicemanager: getTransport: Cannot find entry android.hardware.graphics.mapper@4.0::IMapper/default in either framework or device VINTF manifest.
05-18 07:27:07.688 32462 32471 I Gralloc4: mapper 4.x is not supported
05-18 07:27:07.694   538   538 I Telecom : DefaultDialerCache: Refreshing default dialer for user 0: now com.android.dialer: DDC.oR@AQQ
05-18 07:27:07.699  2452 29462 I PermissionControllerServiceImpl: Updating user sensitive for uid 10191
05-18 07:27:07.716  1815  1815 I Finsky  : [2] aihy.onStartJob(126): SCH: job service start with id 9314.
05-18 07:27:07.725 32353 32479 I CameraDevices: Initializing ExtensionsManager...
05-18 07:27:07.726 32353 32479 I CameraDevices: Successfully initialized!
05-18 07:27:07.755  1815 31942 I Finsky  : [423] nib.a(171): SCH: Satisfied jobs for 9314 are: 12-1
05-18 07:27:07.756  1815 32478 I Finsky  : [432] aigh.accept(108): SCH: Job 12-1 starting
05-18 07:27:07.761  1815  1815 I Finsky  : [2] ContentSyncJob.i(9): [ContentSync] job started
05-18 07:27:07.764   428  5631 W ServiceManager: Permission failure: android.permission.CAMERA from uid=10191 pid=32353
05-18 07:27:07.765   428  5631 W ServiceManager: Permission failure: android.permission.CAMERA from uid=10191 pid=32353
05-18 07:27:07.790  2452 31935 W Role    : Cannot get ApplicationInfo for default holder: com.google.android.as
05-18 07:27:07.791  2452 31935 W Role    : Cannot get ApplicationInfo for default holder: com.google.android.as
05-18 07:27:07.926  1263  2096 I MediaProvider: Begin Intent { act=android.intent.action.MEDIA_SCANNER_SCAN_FILE dat=file:///sdcard/screen_2025-05-18_152707.png flg=0x1400010 cmp=com.google.android.providers.media.module/com.android.providers.media.MediaService }
05-18 07:27:07.978  2452 31935 W Role    : Cannot get ApplicationInfo for default holder: com.google.android.as
05-18 07:27:07.978  1263  2096 I MediaProvider: End Intent { act=android.intent.action.MEDIA_SCANNER_SCAN_FILE dat=file:///sdcard/screen_2025-05-18_152707.png flg=0x1400010 cmp=com.google.android.providers.media.module/com.android.providers.media.MediaService }
05-18 07:27:07.995   538   640 I InputReader: Reconfiguring input devices, changes=KEYBOARD_LAYOUTS | 
05-18 07:27:08.018  1263  1474 I MediaProvider: Deleted 0 1 0 0 0 0 0 items on external_primary due to com.android.shell
05-18 07:27:08.025  1126  4494 I UriTaskContentObserver: (REDACTED) Throttling content uri change event for %s
05-18 07:27:08.052  1815  1815 W Finsky  : [2] ajwy.b(131): STU: Failed to get storage stats for package 'com.google.mainline.primary.libs' (1601: Error getting stats: android.content.pm.PackageManager.NameNotFoundException)
05-18 07:27:08.062  2452 31935 W Role    : Cannot get ApplicationInfo for default holder: com.google.android.as
05-18 07:27:08.074  2452 31935 W Role    : Cannot get ApplicationInfo for default holder: com.google.android.as
05-18 07:27:08.094  1815  1815 W Finsky  : [2] ajwy.b(131): STU: Failed to get storage stats for package 'com.google.android.tzdata3' (1601: Error getting stats: android.content.pm.PackageManager.NameNotFoundException)
05-18 07:27:08.113  1815  1815 W Finsky  : [2] ajwy.b(131): STU: Failed to get storage stats for package 'com.google.android.permission' (1601: Error getting stats: android.content.pm.PackageManager.NameNotFoundException)
05-18 07:27:08.137  1815  1815 W Finsky  : [2] ajwy.b(131): STU: Failed to get storage stats for package 'com.google.android.wifi' (1601: Error getting stats: android.content.pm.PackageManager.NameNotFoundException)
05-18 07:27:08.270   428  5631 W ServiceManager: Permission failure: android.permission.SYSTEM_CAMERA from uid=10191 pid=32353
05-18 07:27:08.271   428  5631 W ServiceManager: Permission failure: android.permission.SYSTEM_CAMERA from uid=10191 pid=32353
05-18 07:27:08.272   428  5631 W ServiceManager: Permission failure: android.permission.SYSTEM_CAMERA from uid=10191 pid=32353
05-18 07:27:08.272   428  5631 W ServiceManager: Permission failure: android.permission.SYSTEM_CAMERA from uid=10191 pid=32353
05-18 07:27:08.277   428  5631 W ServiceManager: Permission failure: android.permission.SYSTEM_CAMERA from uid=10191 pid=32353
05-18 07:27:08.277   428  5631 W ServiceManager: Permission failure: android.permission.SYSTEM_CAMERA from uid=10191 pid=32353
05-18 07:27:08.278   428  5631 W ServiceManager: Permission failure: android.permission.SYSTEM_CAMERA from uid=10191 pid=32353
05-18 07:27:08.295   428  5631 W ServiceManager: Permission failure: android.permission.SYSTEM_CAMERA from uid=10191 pid=32353
05-18 07:27:08.296   428  5631 W ServiceManager: Permission failure: android.permission.SYSTEM_CAMERA from uid=10191 pid=32353
05-18 07:27:08.298   428  6943 W ServiceManager: Permission failure: android.permission.SYSTEM_CAMERA from uid=10191 pid=32353
05-18 07:27:08.299   428  6943 W ServiceManager: Permission failure: android.permission.SYSTEM_CAMERA from uid=10191 pid=32353
05-18 07:27:08.302   428  6943 W ServiceManager: Permission failure: android.permission.SYSTEM_CAMERA from uid=10191 pid=32353
05-18 07:27:08.303   428  6943 W ServiceManager: Permission failure: android.permission.SYSTEM_CAMERA from uid=10191 pid=32353
05-18 07:27:08.304   428  6943 W ServiceManager: Permission failure: android.permission.SYSTEM_CAMERA from uid=10191 pid=32353
05-18 07:27:08.342   538   824 W ServiceManager: Permission failure: android.permission.HIGH_SAMPLING_RATE_SENSORS from uid=10191 pid=32353
05-18 07:27:08.407 32353 32448 W ReactNativeJS: `new NativeEventEmitter()` was called with a non-null argument without the required `addListener` method.
05-18 07:27:08.407 32353 32448 W ReactNativeJS: `new NativeEventEmitter()` was called with a non-null argument without the required `removeListeners` method.
05-18 07:27:08.408 32353 32448 W ReactNativeJS: `new NativeEventEmitter()` was called with a non-null argument without the required `addListener` method.
05-18 07:27:08.409 32353 32448 W ReactNativeJS: `new NativeEventEmitter()` was called with a non-null argument without the required `removeListeners` method.
05-18 07:27:08.410 32353 32448 W ReactNativeJS: `new NativeEventEmitter()` was called with a non-null argument without the required `addListener` method.
05-18 07:27:08.410 32353 32448 W ReactNativeJS: `new NativeEventEmitter()` was called with a non-null argument without the required `removeListeners` method.
05-18 07:27:08.410 32353 32448 W ReactNativeJS: `new NativeEventEmitter()` was called with a non-null argument without the required `addListener` method.
05-18 07:27:08.410 32353 32448 W ReactNativeJS: `new NativeEventEmitter()` was called with a non-null argument without the required `removeListeners` method.
05-18 07:27:08.458 32353 32361 I kefern.shoprit: Background young concurrent copying GC freed 215826(12MB) AllocSpace objects, 122(5580KB) LOS objects, 73% free, 8855KB/32MB, paused 3.386ms,957us total 138.848ms
05-18 07:27:08.468 32353 32363 W System  : A resource failed to call close. 
05-18 07:27:08.471 32353 32363 W System  : A resource failed to call close. 
05-18 07:27:08.505 32353 32448 W ReactNativeJS: `new NativeEventEmitter()` was called with a non-null argument without the required `addListener` method.
05-18 07:27:08.505 32353 32448 W ReactNativeJS: `new NativeEventEmitter()` was called with a non-null argument without the required `removeListeners` method.
05-18 07:27:08.577 32353 32448 W ReactNativeJS: `new NativeEventEmitter()` was called with a non-null argument without the required `addListener` method.
05-18 07:27:08.578 32353 32448 W ReactNativeJS: `new NativeEventEmitter()` was called with a non-null argument without the required `removeListeners` method.
05-18 07:27:08.580 32353 32448 W ReactNativeJS: `new NativeEventEmitter()` was called with a non-null argument without the required `addListener` method.
