05-31 11:50:41.455 18228 18228 E Braze v18.0.1 .com.braze.Braze: 	at com.android.internal.os.ZygoteInit.main(ZygoteInit.java:1003)
05-31 11:50:41.459   614   785 W BestClock: java.time.DateTimeException: Missing NTP fix
05-31 11:50:41.468 18228 18306 W Braze v18.0.1 .BrazeConfigurationProvider: ****************************************************
05-31 11:50:41.468 18228 18306 W Braze v18.0.1 .BrazeConfigurationProvider: **                                                **
05-31 11:50:41.468 18228 18306 W Braze v18.0.1 .BrazeConfigurationProvider: **                 !! WARNING !!                  **
05-31 11:50:41.468 18228 18306 W Braze v18.0.1 .BrazeConfigurationProvider: **                                                **
05-31 11:50:41.468 18228 18306 W Braze v18.0.1 .BrazeConfigurationProvider: **     No API key set in res/values/braze.xml     **
05-31 11:50:41.468 18228 18306 W Braze v18.0.1 .BrazeConfigurationProvider: ** No cached API Key found from Braze.configure   **
05-31 11:50:41.468 18228 18306 W Braze v18.0.1 .BrazeConfigurationProvider: **          Braze functionality disabled          **
05-31 11:50:41.469 18228 18306 W Braze v18.0.1 .BrazeConfigurationProvider: **                                                **
05-31 11:50:41.469 18228 18306 W Braze v18.0.1 .BrazeConfigurationProvider: ****************************************************
05-31 11:50:41.469 18228 18305 W Braze v18.0.1 .BrazeConfigurationProvider: **                                                **
05-31 11:50:41.469 18228 18305 W Braze v18.0.1 .BrazeConfigurationProvider: **                 !! WARNING !!                  **
05-31 11:50:41.469 18228 18305 W Braze v18.0.1 .BrazeConfigurationProvider: **                                                **
05-31 11:50:41.469 18228 18305 W Braze v18.0.1 .BrazeConfigurationProvider: **     No API key set in res/values/braze.xml     **
05-31 11:50:41.469 18228 18305 W Braze v18.0.1 .BrazeConfigurationProvider: ** No cached API Key found from Braze.configure   **
05-31 11:50:41.469 18228 18305 W Braze v18.0.1 .BrazeConfigurationProvider: **          Braze functionality disabled          **
05-31 11:50:41.469 18228 18305 W Braze v18.0.1 .BrazeConfigurationProvider: **                                                **
05-31 11:50:41.469 18228 18305 W Braze v18.0.1 .BrazeConfigurationProvider: ****************************************************
05-31 11:50:41.478 18228 18306 E Braze v18.0.1 .com.braze.Braze: Failed to startup user dependency manager.
05-31 11:50:41.478 18228 18306 E Braze v18.0.1 .com.braze.Braze: java.lang.RuntimeException: Unable to read the Braze API key from the res/values/braze.xml file or from runtime configuration via BrazeConfig. See log for more details.
05-31 11:50:41.478 18228 18306 E Braze v18.0.1 .com.braze.Braze: 	at com.braze.configuration.BrazeConfigurationProvider.getBrazeApiKey(SourceFile:41)
05-31 11:50:41.478 18228 18306 E Braze v18.0.1 .com.braze.Braze: 	at bo.app.i6.<init>(SourceFile:3)
05-31 11:50:41.478 18228 18306 E Braze v18.0.1 .com.braze.Braze: 	at com.appboy.Appboy.lambda$new$1$Appboy(SourceFile:3)
05-31 11:50:41.478 18228 18306 E Braze v18.0.1 .com.braze.Braze: 	at com.appboy.-$$Lambda$Appboy$aul8CUpsUnp6IjgxxNh1eJOE7SE.run(Unknown Source:2)
05-31 11:50:41.478 18228 18306 E Braze v18.0.1 .com.braze.Braze: 	at java.util.concurrent.ThreadPoolExecutor.runWorker(ThreadPoolExecutor.java:1167)
05-31 11:50:41.478 18228 18306 E Braze v18.0.1 .com.braze.Braze: 	at java.util.concurrent.ThreadPoolExecutor$Worker.run(ThreadPoolExecutor.java:641)
05-31 11:50:41.478 18228 18306 E Braze v18.0.1 .com.braze.Braze: 	at java.lang.Thread.run(Thread.java:920)
05-31 11:50:41.478 18228 18306 E Braze v18.0.1 .com.braze.Braze: Cannot publish error on null publisher. This is usually the result of a missing API key.
05-31 11:50:41.478 18228 18306 E Braze v18.0.1 .com.braze.Braze: java.lang.RuntimeException: Unable to read the Braze API key from the res/values/braze.xml file or from runtime configuration via BrazeConfig. See log for more details.
05-31 11:50:41.478 18228 18306 E Braze v18.0.1 .com.braze.Braze: 	at com.braze.configuration.BrazeConfigurationProvider.getBrazeApiKey(SourceFile:41)
05-31 11:50:41.478 18228 18306 E Braze v18.0.1 .com.braze.Braze: 	at bo.app.i6.<init>(SourceFile:3)
05-31 11:50:41.478 18228 18306 E Braze v18.0.1 .com.braze.Braze: 	at com.appboy.Appboy.lambda$new$1$Appboy(SourceFile:3)
05-31 11:50:41.478 18228 18306 E Braze v18.0.1 .com.braze.Braze: 	at com.appboy.-$$Lambda$Appboy$aul8CUpsUnp6IjgxxNh1eJOE7SE.run(Unknown Source:2)
05-31 11:50:41.478 18228 18306 E Braze v18.0.1 .com.braze.Braze: 	at java.util.concurrent.ThreadPoolExecutor.runWorker(ThreadPoolExecutor.java:1167)
05-31 11:50:41.478 18228 18306 E Braze v18.0.1 .com.braze.Braze: 	at java.util.concurrent.ThreadPoolExecutor$Worker.run(ThreadPoolExecutor.java:641)
05-31 11:50:41.478 18228 18306 E Braze v18.0.1 .com.braze.Braze: 	at java.lang.Thread.run(Thread.java:920)
05-31 11:50:41.480   614   786 W BestClock: java.time.DateTimeException: Missing NTP fix
05-31 11:50:41.484   614   786 W BestClock: java.time.DateTimeException: Missing NTP fix
05-31 11:50:41.492 18228 18305 E Braze v18.0.1 .com.braze.Braze: Failed to verify proper SDK setup
05-31 11:50:41.492 18228 18305 E Braze v18.0.1 .com.braze.Braze: java.lang.RuntimeException: Unable to read the Braze API key from the res/values/braze.xml file or from runtime configuration via BrazeConfig. See log for more details.
05-31 11:50:41.492 18228 18305 E Braze v18.0.1 .com.braze.Braze: 	at com.braze.configuration.BrazeConfigurationProvider.getBrazeApiKey(SourceFile:41)
05-31 11:50:41.492 18228 18305 E Braze v18.0.1 .com.braze.Braze: 	at com.appboy.Appboy.verifyProperSdkSetup(SourceFile:9)
05-31 11:50:41.492 18228 18305 E Braze v18.0.1 .com.braze.Braze: 	at com.appboy.Appboy.lambda$new$0$Appboy(SourceFile:26)
05-31 11:50:41.492 18228 18305 E Braze v18.0.1 .com.braze.Braze: 	at com.appboy.-$$Lambda$Appboy$tmujTATmOa-S3_32xNwyFuMla7k.run(Unknown Source:4)
05-31 11:50:41.492 18228 18305 E Braze v18.0.1 .com.braze.Braze: 	at java.util.concurrent.ThreadPoolExecutor.runWorker(ThreadPoolExecutor.java:1167)
05-31 11:50:41.492 18228 18305 E Braze v18.0.1 .com.braze.Braze: 	at java.util.concurrent.ThreadPoolExecutor$Worker.run(ThreadPoolExecutor.java:641)
05-31 11:50:41.492 18228 18305 E Braze v18.0.1 .com.braze.Braze: 	at java.lang.Thread.run(Thread.java:920)
05-31 11:50:41.493 18228 18274 I FA      : Tag Manager is not found and thus will not be used
05-31 11:50:41.519 18228 18314 I hw-BpHwBinder: onLastStrongRef automatically unlinking death recipients
05-31 11:50:41.522   614   786 W BestClock: java.time.DateTimeException: Missing NTP fix
05-31 11:50:41.528 18228 18317 W Braze v18.0.1 .BrazeConfigurationProvider: ****************************************************
05-31 11:50:41.528 18228 18317 W Braze v18.0.1 .BrazeConfigurationProvider: **                                                **
05-31 11:50:41.528 18228 18317 W Braze v18.0.1 .BrazeConfigurationProvider: **                 !! WARNING !!                  **
05-31 11:50:41.528 18228 18317 W Braze v18.0.1 .BrazeConfigurationProvider: **                                                **
05-31 11:50:41.529 18228 18317 W Braze v18.0.1 .BrazeConfigurationProvider: **     No API key set in res/values/braze.xml     **
05-31 11:50:41.529 18228 18317 W Braze v18.0.1 .BrazeConfigurationProvider: ** No cached API Key found from Braze.configure   **
05-31 11:50:41.529 18228 18317 W Braze v18.0.1 .BrazeConfigurationProvider: **          Braze functionality disabled          **
05-31 11:50:41.529 18228 18317 W Braze v18.0.1 .BrazeConfigurationProvider: **                                                **
05-31 11:50:41.529 18228 18317 W Braze v18.0.1 .BrazeConfigurationProvider: ****************************************************
05-31 11:50:41.529 18228 18317 E Braze v18.0.1 .com.braze.Braze: Failed to startup user dependency manager.
05-31 11:50:41.529 18228 18317 E Braze v18.0.1 .com.braze.Braze: java.lang.RuntimeException: Unable to read the Braze API key from the res/values/braze.xml file or from runtime configuration via BrazeConfig. See log for more details.
05-31 11:50:41.529 18228 18317 E Braze v18.0.1 .com.braze.Braze: 	at com.braze.configuration.BrazeConfigurationProvider.getBrazeApiKey(SourceFile:41)
05-31 11:50:41.529 18228 18317 E Braze v18.0.1 .com.braze.Braze: 	at bo.app.i6.<init>(SourceFile:3)
05-31 11:50:41.529 18228 18317 E Braze v18.0.1 .com.braze.Braze: 	at com.appboy.Appboy.lambda$new$1$Appboy(SourceFile:3)
05-31 11:50:41.529 18228 18317 E Braze v18.0.1 .com.braze.Braze: 	at com.appboy.-$$Lambda$Appboy$aul8CUpsUnp6IjgxxNh1eJOE7SE.run(Unknown Source:2)
05-31 11:50:41.529 18228 18317 E Braze v18.0.1 .com.braze.Braze: 	at java.util.concurrent.ThreadPoolExecutor.runWorker(ThreadPoolExecutor.java:1167)
05-31 11:50:41.529 18228 18317 E Braze v18.0.1 .com.braze.Braze: 	at java.util.concurrent.ThreadPoolExecutor$Worker.run(ThreadPoolExecutor.java:641)
05-31 11:50:41.529 18228 18317 E Braze v18.0.1 .com.braze.Braze: 	at java.lang.Thread.run(Thread.java:920)
05-31 11:50:41.530 18228 18317 E Braze v18.0.1 .com.braze.Braze: Cannot publish error on null publisher. This is usually the result of a missing API key.
05-31 11:50:41.530 18228 18317 E Braze v18.0.1 .com.braze.Braze: java.lang.RuntimeException: Unable to read the Braze API key from the res/values/braze.xml file or from runtime configuration via BrazeConfig. See log for more details.
05-31 11:50:41.530 18228 18317 E Braze v18.0.1 .com.braze.Braze: 	at com.braze.configuration.BrazeConfigurationProvider.getBrazeApiKey(SourceFile:41)
05-31 11:50:41.530 18228 18317 E Braze v18.0.1 .com.braze.Braze: 	at bo.app.i6.<init>(SourceFile:3)
05-31 11:50:41.530 18228 18317 E Braze v18.0.1 .com.braze.Braze: 	at com.appboy.Appboy.lambda$new$1$Appboy(SourceFile:3)
05-31 11:50:41.530 18228 18317 E Braze v18.0.1 .com.braze.Braze: 	at com.appboy.-$$Lambda$Appboy$aul8CUpsUnp6IjgxxNh1eJOE7SE.run(Unknown Source:2)
05-31 11:50:41.530 18228 18317 E Braze v18.0.1 .com.braze.Braze: 	at java.util.concurrent.ThreadPoolExecutor.runWorker(ThreadPoolExecutor.java:1167)
05-31 11:50:41.530 18228 18317 E Braze v18.0.1 .com.braze.Braze: 	at java.util.concurrent.ThreadPoolExecutor$Worker.run(ThreadPoolExecutor.java:641)
05-31 11:50:41.530 18228 18317 E Braze v18.0.1 .com.braze.Braze: 	at java.lang.Thread.run(Thread.java:920)
05-31 11:50:41.531 18228 18316 I Braze v18.0.1 .com.braze.Braze: Automatic Firebase Cloud Messaging registration not enabled in configuration. Braze will not register for Firebase Cloud Messaging.
05-31 11:50:41.532 18228 18316 I Braze v18.0.1 .com.braze.Braze: Automatic ADM registration not enabled in configuration. Braze will not register for ADM.
05-31 11:50:41.532 18228 18316 W Braze v18.0.1 .BrazeConfigurationProvider: ****************************************************
05-31 11:50:41.532 18228 18316 W Braze v18.0.1 .BrazeConfigurationProvider: **                                                **
05-31 11:50:41.532 18228 18316 W Braze v18.0.1 .BrazeConfigurationProvider: **                 !! WARNING !!                  **
05-31 11:50:41.532 18228 18316 W Braze v18.0.1 .BrazeConfigurationProvider: **                                                **
05-31 11:50:41.532 18228 18316 W Braze v18.0.1 .BrazeConfigurationProvider: **     No API key set in res/values/braze.xml     **
05-31 11:50:41.532 18228 18316 W Braze v18.0.1 .BrazeConfigurationProvider: ** No cached API Key found from Braze.configure   **
05-31 11:50:41.532 18228 18316 W Braze v18.0.1 .BrazeConfigurationProvider: **          Braze functionality disabled          **
05-31 11:50:41.532 18228 18316 W Braze v18.0.1 .BrazeConfigurationProvider: **                                                **
05-31 11:50:41.532 18228 18316 W Braze v18.0.1 .BrazeConfigurationProvider: ****************************************************
05-31 11:50:41.532 18228 18316 E Braze v18.0.1 .com.braze.Braze: Failed to verify proper SDK setup
05-31 11:50:41.532 18228 18316 E Braze v18.0.1 .com.braze.Braze: java.lang.RuntimeException: Unable to read the Braze API key from the res/values/braze.xml file or from runtime configuration via BrazeConfig. See log for more details.
05-31 11:50:41.532 18228 18316 E Braze v18.0.1 .com.braze.Braze: 	at com.braze.configuration.BrazeConfigurationProvider.getBrazeApiKey(SourceFile:41)
05-31 11:50:41.532 18228 18316 E Braze v18.0.1 .com.braze.Braze: 	at com.appboy.Appboy.verifyProperSdkSetup(SourceFile:9)
05-31 11:50:41.532 18228 18316 E Braze v18.0.1 .com.braze.Braze: 	at com.appboy.Appboy.lambda$new$0$Appboy(SourceFile:26)
05-31 11:50:41.532 18228 18316 E Braze v18.0.1 .com.braze.Braze: 	at com.appboy.-$$Lambda$Appboy$tmujTATmOa-S3_32xNwyFuMla7k.run(Unknown Source:4)
05-31 11:50:41.532 18228 18316 E Braze v18.0.1 .com.braze.Braze: 	at java.util.concurrent.ThreadPoolExecutor.runWorker(ThreadPoolExecutor.java:1167)
05-31 11:50:41.532 18228 18316 E Braze v18.0.1 .com.braze.Braze: 	at java.util.concurrent.ThreadPoolExecutor$Worker.run(ThreadPoolExecutor.java:641)
05-31 11:50:41.532 18228 18316 E Braze v18.0.1 .com.braze.Braze: 	at java.lang.Thread.run(Thread.java:920)
05-31 11:50:41.538   614  4715 I ActivityTaskManager: START u0 {cmp=com.quadpay.quadpay/.MainActivity} from uid 10162
05-31 11:50:41.539 18228 18319 I CCodec  : setting up 'default' as default (vendor) store
05-31 11:50:41.541 18228 18319 I CCodec  : Created component [c2.android.mp3.decoder]
05-31 11:50:41.547 18228 18319 I CCodecConfig: query failed after returning 7 values (BAD_INDEX)
05-31 11:50:41.549 18228 18319 W Codec2Client: query -- param skipped: index = 1107298332.
05-31 11:50:41.549 18228 18319 I CCodecConfig: query failed after returning 7 values (BAD_INDEX)
05-31 11:50:41.550 18228 18319 W Codec2Client: query -- param skipped: index = 1342179345.
05-31 11:50:41.550 18228 18319 W Codec2Client: query -- param skipped: index = 2415921170.
05-31 11:50:41.567 18228 18301 E Braze v18.0.1 .StandaloneCoroutine: Caught exception creating new disk cache. Unable to create new disk cache
05-31 11:50:41.567 18228 18301 E Braze v18.0.1 .StandaloneCoroutine: java.io.IOException
05-31 11:50:41.567 18228 18301 E Braze v18.0.1 .StandaloneCoroutine: 	at bo.app.k0.a(SourceFile:40)
05-31 11:50:41.567 18228 18301 E Braze v18.0.1 .StandaloneCoroutine: 	at bo.app.k0.h(SourceFile:29)
05-31 11:50:41.567 18228 18301 E Braze v18.0.1 .StandaloneCoroutine: 	at bo.app.k0.a(SourceFile:32)
05-31 11:50:41.567 18228 18301 E Braze v18.0.1 .StandaloneCoroutine: 	at bo.app.g.<init>(SourceFile:2)
05-31 11:50:41.567 18228 18301 E Braze v18.0.1 .StandaloneCoroutine: 	at com.braze.images.DefaultBrazeImageLoader$k.invokeSuspend(SourceFile:5)
05-31 11:50:41.567 18228 18301 E Braze v18.0.1 .StandaloneCoroutine: 	at kotlin.coroutines.jvm.internal.BaseContinuationImpl.resumeWith(ContinuationImpl.kt:33)
05-31 11:50:41.567 18228 18301 E Braze v18.0.1 .StandaloneCoroutine: 	at kotlinx.coroutines.DispatchedTask.run(DispatchedTask.kt:106)
05-31 11:50:41.567 18228 18301 E Braze v18.0.1 .StandaloneCoroutine: 	at kotlinx.coroutines.scheduling.CoroutineScheduler.runSafely(CoroutineScheduler.kt:571)
05-31 11:50:41.567 18228 18301 E Braze v18.0.1 .StandaloneCoroutine: 	at kotlinx.coroutines.scheduling.CoroutineScheduler$Worker.executeTask(CoroutineScheduler.kt:750)
05-31 11:50:41.567 18228 18301 E Braze v18.0.1 .StandaloneCoroutine: 	at kotlinx.coroutines.scheduling.CoroutineScheduler$Worker.runWorker(CoroutineScheduler.kt:678)
05-31 11:50:41.567 18228 18301 E Braze v18.0.1 .StandaloneCoroutine: 	at kotlinx.coroutines.scheduling.CoroutineScheduler$Worker.run(CoroutineScheduler.kt:665)
05-31 11:50:41.573 18228 18228 I Choreographer: Skipped 36 frames!  The application may be doing too much work on its main thread.
05-31 11:50:41.575   614  3993 W ActivityTaskManager: Tried to set launchTime (0) < mLastActivityLaunchTime (1661618)
05-31 11:50:41.589 18228 18319 I CCodecBufferChannel: [c2.android.mp3.decoder#0] Created output block pool with allocatorID 16 => poolID 29 - OK
05-31 11:50:41.588 18321 18321 W mount   : type=1400 audit(0.0:160): avc: denied { getattr } for path="/metadata" dev="vdd1" ino=2 scontext=u:r:untrusted_app:s0:c162,c256,c512,c768 tcontext=u:object_r:metadata_file:s0 tclass=dir permissive=0 app=com.quadpay.quadpay
05-31 11:50:41.607   391 18320 I C2SoftMp3Dec: Reconfiguring decoder: 0->11025 Hz, 0->1 channels
05-31 11:50:41.611 18228 18322 I hw-BpHwBinder: onLastStrongRef automatically unlinking death recipients
05-31 11:50:41.600 18321 18321 W mount   : type=1400 audit(0.0:161): avc: denied { getattr } for path="/apex/apex-info-list.xml" dev="tmpfs" ino=64 scontext=u:r:untrusted_app:s0:c162,c256,c512,c768 tcontext=u:object_r:apex_info_file:s0 tclass=file permissive=0 app=com.quadpay.quadpay
05-31 11:50:41.608 18321 18321 W mount   : type=1400 audit(0.0:162): avc: denied { getattr } for path="/linkerconfig" dev="tmpfs" ino=3 scontext=u:r:untrusted_app:s0:c162,c256,c512,c768 tcontext=u:object_r:linkerconfig_file:s0 tclass=dir permissive=0 app=com.quadpay.quadpay
05-31 11:50:41.608 18321 18321 W mount   : type=1400 audit(0.0:163): avc: denied { getattr } for path="/linkerconfig" dev="tmpfs" ino=3 scontext=u:r:untrusted_app:s0:c162,c256,c512,c768 tcontext=u:object_r:linkerconfig_file:s0 tclass=dir permissive=0 app=com.quadpay.quadpay
05-31 11:50:41.608 18321 18321 W mount   : type=1400 audit(0.0:164): avc: denied { getattr } for path="/data_mirror" dev="tmpfs" ino=1 scontext=u:r:untrusted_app:s0:c162,c256,c512,c768 tcontext=u:object_r:mirror_data_file:s0 tclass=dir permissive=0 app=com.quadpay.quadpay
05-31 11:50:41.651 18228 18323 I CCodec  : setting up 'default' as default (vendor) store
05-31 11:50:41.655 18228 18325 I hw-BpHwBinder: onLastStrongRef automatically unlinking death recipients
05-31 11:50:41.660 18228 18323 I CCodec  : Created component [c2.android.mp3.decoder]
05-31 11:50:41.662 18228 18228 I Braze v18.0.1 .com.braze.Braze: Braze SDK outbound network requests are now enabled
05-31 11:50:41.662 18228 18228 W Braze v18.0.1 .com.braze.Braze: API key not present. Actions will not be performed on the SDK.
05-31 11:50:41.662 18228 18228 W Braze v18.0.1 .BrazeConfigurationProvider: ****************************************************
05-31 11:50:41.662 18228 18228 W Braze v18.0.1 .BrazeConfigurationProvider: **                                                **
05-31 11:50:41.662 18228 18228 W Braze v18.0.1 .BrazeConfigurationProvider: **                 !! WARNING !!                  **
05-31 11:50:41.662 18228 18228 W Braze v18.0.1 .BrazeConfigurationProvider: **                                                **
05-31 11:50:41.662 18228 18228 W Braze v18.0.1 .BrazeConfigurationProvider: **     No API key set in res/values/braze.xml     **
05-31 11:50:41.662 18228 18228 W Braze v18.0.1 .BrazeConfigurationProvider: ** No cached API Key found from Braze.configure   **
05-31 11:50:41.662 18228 18228 W Braze v18.0.1 .BrazeConfigurationProvider: **          Braze functionality disabled          **
05-31 11:50:41.662 18228 18228 W Braze v18.0.1 .BrazeConfigurationProvider: **                                                **
05-31 11:50:41.662 18228 18228 W Braze v18.0.1 .BrazeConfigurationProvider: ****************************************************
05-31 11:50:41.662 18228 18228 E Braze v18.0.1 .com.braze.Braze: Caught exception while retrieving API key.
05-31 11:50:41.662 18228 18228 E Braze v18.0.1 .com.braze.Braze: java.lang.RuntimeException: Unable to read the Braze API key from the res/values/braze.xml file or from runtime configuration via BrazeConfig. See log for more details.
05-31 11:50:41.662 18228 18228 E Braze v18.0.1 .com.braze.Braze: 	at com.braze.configuration.BrazeConfigurationProvider.getBrazeApiKey(SourceFile:41)
05-31 11:50:41.662 18228 18228 E Braze v18.0.1 .com.braze.Braze: 	at com.appboy.Appboy.getConfiguredApiKey(SourceFile:1)
05-31 11:50:41.662 18228 18228 E Braze v18.0.1 .com.braze.Braze: 	at com.appboy.Appboy.getInstance(SourceFile:6)
05-31 11:50:41.662 18228 18228 E Braze v18.0.1 .com.braze.Braze: 	at com.braze.Braze.getInstance(SourceFile:1)
05-31 11:50:41.662 18228 18228 E Braze v18.0.1 .com.braze.Braze: 	at com.braze.ui.inappmessage.BrazeInAppMessageManager.ensureSubscribedToInAppMessageEvents(BrazeInAppMessageManager.java:140)
05-31 11:50:41.662 18228 18228 E Braze v18.0.1 .com.braze.Braze: 	at com.braze.BrazeActivityLifecycleCallbackListener.onActivityCreated(BrazeActivityLifecycleCallbackListener.java:172)
05-31 11:50:41.662 18228 18228 E Braze v18.0.1 .com.braze.Braze: 	at android.app.Application.dispatchActivityCreated(Application.java:353)
05-31 11:50:41.662 18228 18228 E Braze v18.0.1 .com.braze.Braze: 	at android.app.Activity.dispatchActivityCreated(Activity.java:1334)
05-31 11:50:41.662 18228 18228 E Braze v18.0.1 .com.braze.Braze: 	at android.app.Activity.onCreate(Activity.java:1607)
05-31 11:50:41.662 18228 18228 E Braze v18.0.1 .com.braze.Braze: 	at androidx.core.app.ComponentActivity.onCreate(ComponentActivity.java:85)
05-31 11:50:41.662 18228 18228 E Braze v18.0.1 .com.braze.Braze: 	at androidx.activity.ComponentActivity.onCreate(ComponentActivity.java:321)
05-31 11:50:41.662 18228 18228 E Braze v18.0.1 .com.braze.Braze: 	at androidx.fragment.app.FragmentActivity.onCreate(FragmentActivity.java:273)
05-31 11:50:41.662 18228 18228 E Braze v18.0.1 .com.braze.Braze: 	at com.facebook.react.ReactActivity.onCreate(ReactActivity.java:45)
05-31 11:50:41.662 18228 18228 E Braze v18.0.1 .com.braze.Braze: 	at com.quadpay.quadpay.MainActivity.onCreate(MainActivity.java:43)
05-31 11:50:41.662 18228 18228 E Braze v18.0.1 .com.braze.Braze: 	at android.app.Activity.performCreate(Activity.java:8051)
05-31 11:50:41.662 18228 18228 E Braze v18.0.1 .com.braze.Braze: 	at android.app.Activity.performCreate(Activity.java:8031)
05-31 11:50:41.662 18228 18228 E Braze v18.0.1 .com.braze.Braze: 	at android.app.Instrumentation.callActivityOnCreate(Instrumentation.java:1329)
05-31 11:50:41.662 18228 18228 E Braze v18.0.1 .com.braze.Braze: 	at android.app.ActivityThread.performLaunchActivity(ActivityThread.java:3608)
05-31 11:50:41.662 18228 18228 E Braze v18.0.1 .com.braze.Braze: 	at android.app.ActivityThread.handleLaunchActivity(ActivityThread.java:3792)
05-31 11:50:41.662 18228 18228 E Braze v18.0.1 .com.braze.Braze: 	at android.app.servertransaction.LaunchActivityItem.execute(LaunchActivityItem.java:103)
05-31 11:50:41.662 18228 18228 E Braze v18.0.1 .com.braze.Braze: 	at android.app.servertransaction.TransactionExecutor.executeCallbacks(TransactionExecutor.java:135)
05-31 11:50:41.662 18228 18228 E Braze v18.0.1 .com.braze.Braze: 	at android.app.servertransaction.TransactionExecutor.execute(TransactionExecutor.java:95)
05-31 11:50:41.662 18228 18228 E Braze v18.0.1 .com.braze.Braze: 	at android.app.ActivityThread$H.handleMessage(ActivityThread.java:2210)
05-31 11:50:41.662 18228 18228 E Braze v18.0.1 .com.braze.Braze: 	at android.os.Handler.dispatchMessage(Handler.java:106)
05-31 11:50:41.662 18228 18228 E Braze v18.0.1 .com.braze.Braze: 	at android.os.Looper.loopOnce(Looper.java:201)
05-31 11:50:41.662 18228 18228 E Braze v18.0.1 .com.braze.Braze: 	at android.os.Looper.loop(Looper.java:288)
05-31 11:50:41.662 18228 18228 E Braze v18.0.1 .com.braze.Braze: 	at android.app.ActivityThread.main(ActivityThread.java:7839)
05-31 11:50:41.662 18228 18228 E Braze v18.0.1 .com.braze.Braze: 	at java.lang.reflect.Method.invoke(Native Method)
05-31 11:50:41.662 18228 18228 E Braze v18.0.1 .com.braze.Braze: 	at com.android.internal.os.RuntimeInit$MethodAndArgsCaller.run(RuntimeInit.java:548)
05-31 11:50:41.662 18228 18228 E Braze v18.0.1 .com.braze.Braze: 	at com.android.internal.os.ZygoteInit.main(ZygoteInit.java:1003)
05-31 11:50:41.665 18228 18323 I CCodecConfig: query failed after returning 7 values (BAD_INDEX)
05-31 11:50:41.666 18228 18323 W Codec2Client: query -- param skipped: index = 1107298332.
05-31 11:50:41.666 18228 18323 I CCodecConfig: query failed after returning 7 values (BAD_INDEX)
05-31 11:50:41.666 18228 18228 I Braze v18.0.1 .com.braze.Braze: Braze SDK outbound network requests are now enabled
05-31 11:50:41.666 18228 18228 W Braze v18.0.1 .com.braze.Braze: API key not present. Actions will not be performed on the SDK.
05-31 11:50:41.667 18228 18228 W Braze v18.0.1 .BrazeConfigurationProvider: ****************************************************
05-31 11:50:41.667 18228 18228 W Braze v18.0.1 .BrazeConfigurationProvider: **                                                **
05-31 11:50:41.667 18228 18228 W Braze v18.0.1 .BrazeConfigurationProvider: **                 !! WARNING !!                  **
05-31 11:50:41.667 18228 18228 W Braze v18.0.1 .BrazeConfigurationProvider: **                                                **
05-31 11:50:41.667 18228 18228 W Braze v18.0.1 .BrazeConfigurationProvider: **     No API key set in res/values/braze.xml     **
05-31 11:50:41.667 18228 18228 W Braze v18.0.1 .BrazeConfigurationProvider: ** No cached API Key found from Braze.configure   **
05-31 11:50:41.667 18228 18228 W Braze v18.0.1 .BrazeConfigurationProvider: **          Braze functionality disabled          **
05-31 11:50:41.667 18228 18228 W Braze v18.0.1 .BrazeConfigurationProvider: **                                                **
05-31 11:50:41.667 18228 18228 W Braze v18.0.1 .BrazeConfigurationProvider: ****************************************************
05-31 11:50:41.667 18228 18323 W Codec2Client: query -- param skipped: index = 1342179345.
05-31 11:50:41.667 18228 18323 W Codec2Client: query -- param skipped: index = 2415921170.
05-31 11:50:41.668 18228 18323 I CCodecBufferChannel: [c2.android.mp3.decoder#720] Created output block pool with allocatorID 16 => poolID 30 - OK
05-31 11:50:41.669 18228 18228 E Braze v18.0.1 .com.braze.Braze: Caught exception while retrieving API key.
05-31 11:50:41.669 18228 18228 E Braze v18.0.1 .com.braze.Braze: java.lang.RuntimeException: Unable to read the Braze API key from the res/values/braze.xml file or from runtime configuration via BrazeConfig. See log for more details.
05-31 11:50:41.669 18228 18228 E Braze v18.0.1 .com.braze.Braze: 	at com.braze.configuration.BrazeConfigurationProvider.getBrazeApiKey(SourceFile:41)
05-31 11:50:41.669 18228 18228 E Braze v18.0.1 .com.braze.Braze: 	at com.appboy.Appboy.getConfiguredApiKey(SourceFile:1)
05-31 11:50:41.669 18228 18228 E Braze v18.0.1 .com.braze.Braze: 	at com.appboy.Appboy.getInstance(SourceFile:6)
05-31 11:50:41.669 18228 18228 E Braze v18.0.1 .com.braze.Braze: 	at com.braze.Braze.getInstance(SourceFile:1)
05-31 11:50:41.669 18228 18228 E Braze v18.0.1 .com.braze.Braze: 	at com.braze.ui.inappmessage.BrazeInAppMessageManager.ensureSubscribedToInAppMessageEvents(BrazeInAppMessageManager.java:144)
05-31 11:50:41.669 18228 18228 E Braze v18.0.1 .com.braze.Braze: 	at com.braze.BrazeActivityLifecycleCallbackListener.onActivityCreated(BrazeActivityLifecycleCallbackListener.java:172)
05-31 11:50:41.669 18228 18228 E Braze v18.0.1 .com.braze.Braze: 	at android.app.Application.dispatchActivityCreated(Application.java:353)
05-31 11:50:41.669 18228 18228 E Braze v18.0.1 .com.braze.Braze: 	at android.app.Activity.dispatchActivityCreated(Activity.java:1334)
05-31 11:50:41.669 18228 18228 E Braze v18.0.1 .com.braze.Braze: 	at android.app.Activity.onCreate(Activity.java:1607)
05-31 11:50:41.669 18228 18228 E Braze v18.0.1 .com.braze.Braze: 	at androidx.core.app.ComponentActivity.onCreate(ComponentActivity.java:85)
05-31 11:50:41.669 18228 18228 E Braze v18.0.1 .com.braze.Braze: 	at androidx.activity.ComponentActivity.onCreate(ComponentActivity.java:321)
05-31 11:50:41.669 18228 18228 E Braze v18.0.1 .com.braze.Braze: 	at androidx.fragment.app.FragmentActivity.onCreate(FragmentActivity.java:273)
05-31 11:50:41.669 18228 18228 E Braze v18.0.1 .com.braze.Braze: 	at com.facebook.react.ReactActivity.onCreate(ReactActivity.java:45)
05-31 11:50:41.669 18228 18228 E Braze v18.0.1 .com.braze.Braze: 	at com.quadpay.quadpay.MainActivity.onCreate(MainActivity.java:43)
05-31 11:50:41.669 18228 18228 E Braze v18.0.1 .com.braze.Braze: 	at android.app.Activity.performCreate(Activity.java:8051)
05-31 11:50:41.669 18228 18228 E Braze v18.0.1 .com.braze.Braze: 	at android.app.Activity.performCreate(Activity.java:8031)
05-31 11:50:41.669 18228 18228 E Braze v18.0.1 .com.braze.Braze: 	at android.app.Instrumentation.callActivityOnCreate(Instrumentation.java:1329)
05-31 11:50:41.669 18228 18228 E Braze v18.0.1 .com.braze.Braze: 	at android.app.ActivityThread.performLaunchActivity(ActivityThread.java:3608)
05-31 11:50:41.669 18228 18228 E Braze v18.0.1 .com.braze.Braze: 	at android.app.ActivityThread.handleLaunchActivity(ActivityThread.java:3792)
05-31 11:50:41.669 18228 18228 E Braze v18.0.1 .com.braze.Braze: 	at android.app.servertransaction.LaunchActivityItem.execute(LaunchActivityItem.java:103)
05-31 11:50:41.669 18228 18228 E Braze v18.0.1 .com.braze.Braze: 	at android.app.servertransaction.TransactionExecutor.executeCallbacks(TransactionExecutor.java:135)
05-31 11:50:41.669 18228 18228 E Braze v18.0.1 .com.braze.Braze: 	at android.app.servertransaction.TransactionExecutor.execute(TransactionExecutor.java:95)
05-31 11:50:41.669 18228 18228 E Braze v18.0.1 .com.braze.Braze: 	at android.app.ActivityThread$H.handleMessage(ActivityThread.java:2210)
05-31 11:50:41.669 18228 18228 E Braze v18.0.1 .com.braze.Braze: 	at android.os.Handler.dispatchMessage(Handler.java:106)
05-31 11:50:41.669 18228 18228 E Braze v18.0.1 .com.braze.Braze: 	at android.os.Looper.loopOnce(Looper.java:201)
05-31 11:50:41.669 18228 18228 E Braze v18.0.1 .com.braze.Braze: 	at android.os.Looper.loop(Looper.java:288)
05-31 11:50:41.669 18228 18228 E Braze v18.0.1 .com.braze.Braze: 	at android.app.ActivityThread.main(ActivityThread.java:7839)
05-31 11:50:41.669 18228 18228 E Braze v18.0.1 .com.braze.Braze: 	at java.lang.reflect.Method.invoke(Native Method)
05-31 11:50:41.669 18228 18228 E Braze v18.0.1 .com.braze.Braze: 	at com.android.internal.os.RuntimeInit$MethodAndArgsCaller.run(RuntimeInit.java:548)
05-31 11:50:41.669 18228 18228 E Braze v18.0.1 .com.braze.Braze: 	at com.android.internal.os.ZygoteInit.main(ZygoteInit.java:1003)
05-31 11:50:41.673 18228 18330 W Braze v18.0.1 .BrazeConfigurationProvider: ****************************************************
05-31 11:50:41.673 18228 18330 W Braze v18.0.1 .BrazeConfigurationProvider: **                                                **
05-31 11:50:41.673 18228 18330 W Braze v18.0.1 .BrazeConfigurationProvider: **                 !! WARNING !!                  **
05-31 11:50:41.673 18228 18330 W Braze v18.0.1 .BrazeConfigurationProvider: **                                                **
05-31 11:50:41.673 18228 18330 W Braze v18.0.1 .BrazeConfigurationProvider: **     No API key set in res/values/braze.xml     **
05-31 11:50:41.673 18228 18330 W Braze v18.0.1 .BrazeConfigurationProvider: ** No cached API Key found from Braze.configure   **
05-31 11:50:41.673 18228 18330 W Braze v18.0.1 .BrazeConfigurationProvider: **          Braze functionality disabled          **
05-31 11:50:41.673 18228 18330 W Braze v18.0.1 .BrazeConfigurationProvider: **                                                **
05-31 11:50:41.673 18228 18330 W Braze v18.0.1 .BrazeConfigurationProvider: ****************************************************
05-31 11:50:41.673 18228 18330 E Braze v18.0.1 .com.braze.Braze: Failed to startup user dependency manager.
05-31 11:50:41.673 18228 18330 E Braze v18.0.1 .com.braze.Braze: java.lang.RuntimeException: Unable to read the Braze API key from the res/values/braze.xml file or from runtime configuration via BrazeConfig. See log for more details.
05-31 11:50:41.673 18228 18330 E Braze v18.0.1 .com.braze.Braze: 	at com.braze.configuration.BrazeConfigurationProvider.getBrazeApiKey(SourceFile:41)
05-31 11:50:41.673 18228 18330 E Braze v18.0.1 .com.braze.Braze: 	at bo.app.i6.<init>(SourceFile:3)
05-31 11:50:41.673 18228 18330 E Braze v18.0.1 .com.braze.Braze: 	at com.appboy.Appboy.lambda$new$1$Appboy(SourceFile:3)
05-31 11:50:41.673 18228 18330 E Braze v18.0.1 .com.braze.Braze: 	at com.appboy.-$$Lambda$Appboy$aul8CUpsUnp6IjgxxNh1eJOE7SE.run(Unknown Source:2)
05-31 11:50:41.673 18228 18330 E Braze v18.0.1 .com.braze.Braze: 	at java.util.concurrent.ThreadPoolExecutor.runWorker(ThreadPoolExecutor.java:1167)
05-31 11:50:41.673 18228 18330 E Braze v18.0.1 .com.braze.Braze: 	at java.util.concurrent.ThreadPoolExecutor$Worker.run(ThreadPoolExecutor.java:641)
05-31 11:50:41.673 18228 18330 E Braze v18.0.1 .com.braze.Braze: 	at java.lang.Thread.run(Thread.java:920)
05-31 11:50:41.673 18228 18330 E Braze v18.0.1 .com.braze.Braze: Cannot publish error on null publisher. This is usually the result of a missing API key.
05-31 11:50:41.673 18228 18330 E Braze v18.0.1 .com.braze.Braze: java.lang.RuntimeException: Unable to read the Braze API key from the res/values/braze.xml file or from runtime configuration via BrazeConfig. See log for more details.
05-31 11:50:41.673 18228 18330 E Braze v18.0.1 .com.braze.Braze: 	at com.braze.configuration.BrazeConfigurationProvider.getBrazeApiKey(SourceFile:41)
05-31 11:50:41.673 18228 18330 E Braze v18.0.1 .com.braze.Braze: 	at bo.app.i6.<init>(SourceFile:3)
05-31 11:50:41.673 18228 18330 E Braze v18.0.1 .com.braze.Braze: 	at com.appboy.Appboy.lambda$new$1$Appboy(SourceFile:3)
05-31 11:50:41.673 18228 18330 E Braze v18.0.1 .com.braze.Braze: 	at com.appboy.-$$Lambda$Appboy$aul8CUpsUnp6IjgxxNh1eJOE7SE.run(Unknown Source:2)
05-31 11:50:41.673 18228 18330 E Braze v18.0.1 .com.braze.Braze: 	at java.util.concurrent.ThreadPoolExecutor.runWorker(ThreadPoolExecutor.java:1167)
05-31 11:50:41.673 18228 18330 E Braze v18.0.1 .com.braze.Braze: 	at java.util.concurrent.ThreadPoolExecutor$Worker.run(ThreadPoolExecutor.java:641)
05-31 11:50:41.673 18228 18330 E Braze v18.0.1 .com.braze.Braze: 	at java.lang.Thread.run(Thread.java:920)
05-31 11:50:41.675   391 18326 I C2SoftMp3Dec: Reconfiguring decoder: 0->11025 Hz, 0->1 channels
05-31 11:50:41.678 18228 18329 I Braze v18.0.1 .com.braze.Braze: Automatic Firebase Cloud Messaging registration not enabled in configuration. Braze will not register for Firebase Cloud Messaging.
05-31 11:50:41.680 18228 18329 I Braze v18.0.1 .com.braze.Braze: Automatic ADM registration not enabled in configuration. Braze will not register for ADM.
05-31 11:50:41.680 18228 18329 W Braze v18.0.1 .BrazeConfigurationProvider: ****************************************************
05-31 11:50:41.680 18228 18329 W Braze v18.0.1 .BrazeConfigurationProvider: **                                                **
05-31 11:50:41.680 18228 18329 W Braze v18.0.1 .BrazeConfigurationProvider: **                 !! WARNING !!                  **
05-31 11:50:41.680 18228 18329 W Braze v18.0.1 .BrazeConfigurationProvider: **                                                **
05-31 11:50:41.680 18228 18329 W Braze v18.0.1 .BrazeConfigurationProvider: **     No API key set in res/values/braze.xml     **
05-31 11:50:41.680 18228 18329 W Braze v18.0.1 .BrazeConfigurationProvider: ** No cached API Key found from Braze.configure   **
05-31 11:50:41.680 18228 18329 W Braze v18.0.1 .BrazeConfigurationProvider: **          Braze functionality disabled          **
05-31 11:50:41.680 18228 18329 W Braze v18.0.1 .BrazeConfigurationProvider: **                                                **
05-31 11:50:41.680 18228 18329 W Braze v18.0.1 .BrazeConfigurationProvider: ****************************************************
05-31 11:50:41.680 18228 18329 E Braze v18.0.1 .com.braze.Braze: Failed to verify proper SDK setup
05-31 11:50:41.680 18228 18329 E Braze v18.0.1 .com.braze.Braze: java.lang.RuntimeException: Unable to read the Braze API key from the res/values/braze.xml file or from runtime configuration via BrazeConfig. See log for more details.
05-31 11:50:41.680 18228 18329 E Braze v18.0.1 .com.braze.Braze: 	at com.braze.configuration.BrazeConfigurationProvider.getBrazeApiKey(SourceFile:41)
05-31 11:50:41.680 18228 18329 E Braze v18.0.1 .com.braze.Braze: 	at com.appboy.Appboy.verifyProperSdkSetup(SourceFile:9)
05-31 11:50:41.680 18228 18329 E Braze v18.0.1 .com.braze.Braze: 	at com.appboy.Appboy.lambda$new$0$Appboy(SourceFile:26)
05-31 11:50:41.680 18228 18329 E Braze v18.0.1 .com.braze.Braze: 	at com.appboy.-$$Lambda$Appboy$tmujTATmOa-S3_32xNwyFuMla7k.run(Unknown Source:4)
05-31 11:50:41.680 18228 18329 E Braze v18.0.1 .com.braze.Braze: 	at java.util.concurrent.ThreadPoolExecutor.runWorker(ThreadPoolExecutor.java:1167)
05-31 11:50:41.680 18228 18329 E Braze v18.0.1 .com.braze.Braze: 	at java.util.concurrent.ThreadPoolExecutor$Worker.run(ThreadPoolExecutor.java:641)
05-31 11:50:41.680 18228 18329 E Braze v18.0.1 .com.braze.Braze: 	at java.lang.Thread.run(Thread.java:920)
05-31 11:50:41.689 18228 18228 I Braze v18.0.1 .com.braze.Braze: Braze SDK outbound network requests are now enabled
05-31 11:50:41.689 18228 18228 W Braze v18.0.1 .com.braze.Braze: API key not present. Actions will not be performed on the SDK.
05-31 11:50:41.690 18228 18334 I Braze v18.0.1 .com.braze.Braze: Automatic Firebase Cloud Messaging registration not enabled in configuration. Braze will not register for Firebase Cloud Messaging.
05-31 11:50:41.690 18228 18334 I Braze v18.0.1 .com.braze.Braze: Automatic ADM registration not enabled in configuration. Braze will not register for ADM.
05-31 11:50:41.691 18228 18334 W Braze v18.0.1 .BrazeConfigurationProvider: ****************************************************
05-31 11:50:41.691 18228 18334 W Braze v18.0.1 .BrazeConfigurationProvider: **                                                **
05-31 11:50:41.691 18228 18334 W Braze v18.0.1 .BrazeConfigurationProvider: **                 !! WARNING !!                  **
05-31 11:50:41.691 18228 18334 W Braze v18.0.1 .BrazeConfigurationProvider: **                                                **
05-31 11:50:41.691 18228 18334 W Braze v18.0.1 .BrazeConfigurationProvider: **     No API key set in res/values/braze.xml     **
05-31 11:50:41.691 18228 18334 W Braze v18.0.1 .BrazeConfigurationProvider: ** No cached API Key found from Braze.configure   **
05-31 11:50:41.691 18228 18334 W Braze v18.0.1 .BrazeConfigurationProvider: **          Braze functionality disabled          **
05-31 11:50:41.691 18228 18334 W Braze v18.0.1 .BrazeConfigurationProvider: **                                                **
05-31 11:50:41.691 18228 18334 W Braze v18.0.1 .BrazeConfigurationProvider: ****************************************************
05-31 11:50:41.691 18228 18228 W Braze v18.0.1 .BrazeConfigurationProvider: ****************************************************
05-31 11:50:41.691 18228 18228 W Braze v18.0.1 .BrazeConfigurationProvider: **                                                **
05-31 11:50:41.691 18228 18228 W Braze v18.0.1 .BrazeConfigurationProvider: **                 !! WARNING !!                  **
05-31 11:50:41.691 18228 18334 E Braze v18.0.1 .com.braze.Braze: Failed to verify proper SDK setup
05-31 11:50:41.691 18228 18334 E Braze v18.0.1 .com.braze.Braze: java.lang.RuntimeException: Unable to read the Braze API key from the res/values/braze.xml file or from runtime configuration via BrazeConfig. See log for more details.
05-31 11:50:41.691 18228 18334 E Braze v18.0.1 .com.braze.Braze: 	at com.braze.configuration.BrazeConfigurationProvider.getBrazeApiKey(SourceFile:41)
05-31 11:50:41.691 18228 18334 E Braze v18.0.1 .com.braze.Braze: 	at com.appboy.Appboy.verifyProperSdkSetup(SourceFile:9)
05-31 11:50:41.691 18228 18334 E Braze v18.0.1 .com.braze.Braze: 	at com.appboy.Appboy.lambda$new$0$Appboy(SourceFile:26)
05-31 11:50:41.691 18228 18334 E Braze v18.0.1 .com.braze.Braze: 	at com.appboy.-$$Lambda$Appboy$tmujTATmOa-S3_32xNwyFuMla7k.run(Unknown Source:4)
05-31 11:50:41.691 18228 18334 E Braze v18.0.1 .com.braze.Braze: 	at java.util.concurrent.ThreadPoolExecutor.runWorker(ThreadPoolExecutor.java:1167)
05-31 11:50:41.691 18228 18334 E Braze v18.0.1 .com.braze.Braze: 	at java.util.concurrent.ThreadPoolExecutor$Worker.run(ThreadPoolExecutor.java:641)
05-31 11:50:41.691 18228 18334 E Braze v18.0.1 .com.braze.Braze: 	at java.lang.Thread.run(Thread.java:920)
05-31 11:50:41.691 18228 18228 W Braze v18.0.1 .BrazeConfigurationProvider: **                                                **
05-31 11:50:41.691 18228 18228 W Braze v18.0.1 .BrazeConfigurationProvider: **     No API key set in res/values/braze.xml     **
05-31 11:50:41.692 18228 18228 W Braze v18.0.1 .BrazeConfigurationProvider: ** No cached API Key found from Braze.configure   **
05-31 11:50:41.692 18228 18228 W Braze v18.0.1 .BrazeConfigurationProvider: **          Braze functionality disabled          **
05-31 11:50:41.692 18228 18228 W Braze v18.0.1 .BrazeConfigurationProvider: **                                                **
05-31 11:50:41.692 18228 18228 W Braze v18.0.1 .BrazeConfigurationProvider: ****************************************************
05-31 11:50:41.692 18228 18228 E Braze v18.0.1 .com.braze.Braze: Caught exception while retrieving API key.
05-31 11:50:41.692 18228 18228 E Braze v18.0.1 .com.braze.Braze: java.lang.RuntimeException: Unable to read the Braze API key from the res/values/braze.xml file or from runtime configuration via BrazeConfig. See log for more details.
05-31 11:50:41.692 18228 18228 E Braze v18.0.1 .com.braze.Braze: 	at com.braze.configuration.BrazeConfigurationProvider.getBrazeApiKey(SourceFile:41)
05-31 11:50:41.692 18228 18228 E Braze v18.0.1 .com.braze.Braze: 	at com.appboy.Appboy.getConfiguredApiKey(SourceFile:1)
05-31 11:50:41.692 18228 18228 E Braze v18.0.1 .com.braze.Braze: 	at com.appboy.Appboy.getInstance(SourceFile:6)
05-31 11:50:41.692 18228 18228 E Braze v18.0.1 .com.braze.Braze: 	at com.braze.Braze.getInstance(SourceFile:1)
05-31 11:50:41.692 18228 18228 E Braze v18.0.1 .com.braze.Braze: 	at com.braze.ui.inappmessage.BrazeInAppMessageManager.ensureSubscribedToInAppMessageEvents(BrazeInAppMessageManager.java:148)
05-31 11:50:41.692 18228 18228 E Braze v18.0.1 .com.braze.Braze: 	at com.braze.BrazeActivityLifecycleCallbackListener.onActivityCreated(BrazeActivityLifecycleCallbackListener.java:172)
05-31 11:50:41.692 18228 18228 E Braze v18.0.1 .com.braze.Braze: 	at android.app.Application.dispatchActivityCreated(Application.java:353)
05-31 11:50:41.692 18228 18228 E Braze v18.0.1 .com.braze.Braze: 	at android.app.Activity.dispatchActivityCreated(Activity.java:1334)
05-31 11:50:41.692 18228 18228 E Braze v18.0.1 .com.braze.Braze: 	at android.app.Activity.onCreate(Activity.java:1607)
05-31 11:50:41.692 18228 18228 E Braze v18.0.1 .com.braze.Braze: 	at androidx.core.app.ComponentActivity.onCreate(ComponentActivity.java:85)
05-31 11:50:41.692 18228 18228 E Braze v18.0.1 .com.braze.Braze: 	at androidx.activity.ComponentActivity.onCreate(ComponentActivity.java:321)
05-31 11:50:41.692 18228 18228 E Braze v18.0.1 .com.braze.Braze: 	at androidx.fragment.app.FragmentActivity.onCreate(FragmentActivity.java:273)
05-31 11:50:41.692 18228 18228 E Braze v18.0.1 .com.braze.Braze: 	at com.facebook.react.ReactActivity.onCreate(ReactActivity.java:45)
05-31 11:50:41.692 18228 18228 E Braze v18.0.1 .com.braze.Braze: 	at com.quadpay.quadpay.MainActivity.onCreate(MainActivity.java:43)
05-31 11:50:41.692 18228 18228 E Braze v18.0.1 .com.braze.Braze: 	at android.app.Activity.performCreate(Activity.java:8051)
05-31 11:50:41.692 18228 18228 E Braze v18.0.1 .com.braze.Braze: 	at android.app.Activity.performCreate(Activity.java:8031)
05-31 11:50:41.692 18228 18228 E Braze v18.0.1 .com.braze.Braze: 	at android.app.Instrumentation.callActivityOnCreate(Instrumentation.java:1329)
05-31 11:50:41.692 18228 18228 E Braze v18.0.1 .com.braze.Braze: 	at android.app.ActivityThread.performLaunchActivity(ActivityThread.java:3608)
05-31 11:50:41.692 18228 18228 E Braze v18.0.1 .com.braze.Braze: 	at android.app.ActivityThread.handleLaunchActivity(ActivityThread.java:3792)
05-31 11:50:41.692 18228 18228 E Braze v18.0.1 .com.braze.Braze: 	at android.app.servertransaction.LaunchActivityItem.execute(LaunchActivityItem.java:103)
05-31 11:50:41.692 18228 18228 E Braze v18.0.1 .com.braze.Braze: 	at android.app.servertransaction.TransactionExecutor.executeCallbacks(TransactionExecutor.java:135)
05-31 11:50:41.692 18228 18228 E Braze v18.0.1 .com.braze.Braze: 	at android.app.servertransaction.TransactionExecutor.execute(TransactionExecutor.java:95)
05-31 11:50:41.692 18228 18228 E Braze v18.0.1 .com.braze.Braze: 	at android.app.ActivityThread$H.handleMessage(ActivityThread.java:2210)
05-31 11:50:41.692 18228 18228 E Braze v18.0.1 .com.braze.Braze: 	at android.os.Handler.dispatchMessage(Handler.java:106)
05-31 11:50:41.692 18228 18228 E Braze v18.0.1 .com.braze.Braze: 	at android.os.Looper.loopOnce(Looper.java:201)
05-31 11:50:41.692 18228 18228 E Braze v18.0.1 .com.braze.Braze: 	at android.os.Looper.loop(Looper.java:288)
05-31 11:50:41.692 18228 18228 E Braze v18.0.1 .com.braze.Braze: 	at android.app.ActivityThread.main(ActivityThread.java:7839)
05-31 11:50:41.692 18228 18228 E Braze v18.0.1 .com.braze.Braze: 	at java.lang.reflect.Method.invoke(Native Method)
05-31 11:50:41.692 18228 18228 E Braze v18.0.1 .com.braze.Braze: 	at com.android.internal.os.RuntimeInit$MethodAndArgsCaller.run(RuntimeInit.java:548)
05-31 11:50:41.692 18228 18228 E Braze v18.0.1 .com.braze.Braze: 	at com.android.internal.os.ZygoteInit.main(ZygoteInit.java:1003)
05-31 11:50:41.697 18228 18335 W Braze v18.0.1 .BrazeConfigurationProvider: ****************************************************
05-31 11:50:41.697 18228 18335 W Braze v18.0.1 .BrazeConfigurationProvider: **                                                **
05-31 11:50:41.697 18228 18335 W Braze v18.0.1 .BrazeConfigurationProvider: **                 !! WARNING !!                  **
05-31 11:50:41.697 18228 18335 W Braze v18.0.1 .BrazeConfigurationProvider: **                                                **
05-31 11:50:41.697 18228 18335 W Braze v18.0.1 .BrazeConfigurationProvider: **     No API key set in res/values/braze.xml     **
05-31 11:50:41.697 18228 18335 W Braze v18.0.1 .BrazeConfigurationProvider: ** No cached API Key found from Braze.configure   **
05-31 11:50:41.697 18228 18335 W Braze v18.0.1 .BrazeConfigurationProvider: **          Braze functionality disabled          **
05-31 11:50:41.699 18228 18228 I Braze v18.0.1 .com.braze.Braze: Braze SDK outbound network requests are now enabled
05-31 11:50:41.699 18228 18228 W Braze v18.0.1 .com.braze.Braze: API key not present. Actions will not be performed on the SDK.
05-31 11:50:41.699 18228 18228 W Braze v18.0.1 .BrazeConfigurationProvider: ****************************************************
05-31 11:50:41.699 18228 18228 W Braze v18.0.1 .BrazeConfigurationProvider: **                                                **
05-31 11:50:41.699 18228 18228 W Braze v18.0.1 .BrazeConfigurationProvider: **                 !! WARNING !!                  **
05-31 11:50:41.699 18228 18228 W Braze v18.0.1 .BrazeConfigurationProvider: **                                                **
05-31 11:50:41.699 18228 18228 W Braze v18.0.1 .BrazeConfigurationProvider: **     No API key set in res/values/braze.xml     **
05-31 11:50:41.699 18228 18228 W Braze v18.0.1 .BrazeConfigurationProvider: ** No cached API Key found from Braze.configure   **
05-31 11:50:41.699 18228 18228 W Braze v18.0.1 .BrazeConfigurationProvider: **          Braze functionality disabled          **
05-31 11:50:41.699 18228 18228 W Braze v18.0.1 .BrazeConfigurationProvider: **                                                **
05-31 11:50:41.700 18228 18228 W Braze v18.0.1 .BrazeConfigurationProvider: ****************************************************
05-31 11:50:41.700 18228 18335 W Braze v18.0.1 .BrazeConfigurationProvider: **                                                **
05-31 11:50:41.700 18228 18335 W Braze v18.0.1 .BrazeConfigurationProvider: ****************************************************
05-31 11:50:41.700 18228 18228 E Braze v18.0.1 .com.braze.Braze: Caught exception while retrieving API key.
05-31 11:50:41.700 18228 18228 E Braze v18.0.1 .com.braze.Braze: java.lang.RuntimeException: Unable to read the Braze API key from the res/values/braze.xml file or from runtime configuration via BrazeConfig. See log for more details.
05-31 11:50:41.700 18228 18228 E Braze v18.0.1 .com.braze.Braze: 	at com.braze.configuration.BrazeConfigurationProvider.getBrazeApiKey(SourceFile:41)
05-31 11:50:41.700 18228 18228 E Braze v18.0.1 .com.braze.Braze: 	at com.appboy.Appboy.getConfiguredApiKey(SourceFile:1)
05-31 11:50:41.700 18228 18228 E Braze v18.0.1 .com.braze.Braze: 	at com.appboy.Appboy.getInstance(SourceFile:6)
05-31 11:50:41.700 18228 18228 E Braze v18.0.1 .com.braze.Braze: 	at com.braze.Braze.getInstance(SourceFile:1)
05-31 11:50:41.700 18228 18228 E Braze v18.0.1 .com.braze.Braze: 	at com.braze.ui.inappmessage.BrazeInAppMessageManager.ensureSubscribedToInAppMessageEvents(BrazeInAppMessageManager.java:156)
05-31 11:50:41.700 18228 18228 E Braze v18.0.1 .com.braze.Braze: 	at com.braze.BrazeActivityLifecycleCallbackListener.onActivityCreated(BrazeActivityLifecycleCallbackListener.java:172)
05-31 11:50:41.700 18228 18228 E Braze v18.0.1 .com.braze.Braze: 	at android.app.Application.dispatchActivityCreated(Application.java:353)
