05-31 11:50:59.593  5669 19414 I ProvidersCache: Provider returned no roots. Possibly naughty: com.google.android.apps.docs.storage
05-31 11:51:00.795   349   349 I android.hardware.vibrator-service.example: Vibrator perform
05-31 11:51:00.807   349   349 I android.hardware.vibrator-service.example: Vibrator on for timeoutMs: 1
05-31 11:51:00.807   349 19464 I android.hardware.vibrator-service.example: Starting on on another thread
05-31 11:51:00.808   349   349 I android.hardware.vibrator-service.example: Vibrator set amplitude: 0.709427
05-31 11:51:00.808   349   349 I android.hardware.vibrator-service.example: Vibrator off
05-31 11:51:00.809   349   349 I android.hardware.vibrator-service.example: Vibrator set amplitude: 0.709427
05-31 11:51:00.809   349 19464 I android.hardware.vibrator-service.example: Notifying on complete
05-31 11:51:00.823   349   349 I android.hardware.vibrator-service.example: Vibrator off
05-31 11:51:02.539  5669 19474 I ProvidersCache: Provider returned no roots. Possibly naughty: com.google.android.apps.docs.storage
05-31 11:51:02.760   614  1017 W InputManager-JNI: Input channel object '6f24b2b Toast (client)' was disposed without first being removed with the input manager!
05-31 11:51:02.772   614  2860 W NotificationService: Toast already killed. pkg=com.android.chrome token=android.os.BinderProxy@ea67415
05-31 11:51:03.010  5669 19480 I ProvidersCache: Provider returned no roots. Possibly naughty: com.google.android.apps.docs.storage
05-31 11:51:03.481  5335  5335 E cr_BTSPrefs: No data found for task id: 57
05-31 11:51:03.481  5335  5335 E cr_BkgrdTaskScheduler: Task cannot be canceled because no data was found instorage or data was invalid
05-31 11:51:03.481  5335  5335 E cr_BTSPrefs: No data found for task id: 56
05-31 11:51:03.481  5335  5335 E cr_BkgrdTaskScheduler: Task cannot be canceled because no data was found instorage or data was invalid
05-31 11:51:03.557  1475  1748 W MediaProvider: isAppCloneUserPair for user 0: false
05-31 11:51:03.582   176   176 I hwservicemanager: getTransport: Cannot find entry android.hardware.graphics.mapper@4.0::IMapper/default in either framework or device VINTF manifest.
05-31 11:51:03.583 19497 19499 I Gralloc4: mapper 4.x is not supported
05-31 11:51:03.619  5669 19503 I ProvidersCache: Provider returned no roots. Possibly naughty: com.google.android.apps.docs.storage
05-31 11:51:03.705  1475  5109 I MediaProvider: Begin Intent { act=android.intent.action.MEDIA_SCANNER_SCAN_FILE dat=file:///sdcard/screen_2025-05-31_195103.png flg=0x1400010 cmp=com.google.android.providers.media.module/com.android.providers.media.MediaService }
05-31 11:51:03.712  1475  5109 I MediaProvider: End Intent { act=android.intent.action.MEDIA_SCANNER_SCAN_FILE dat=file:///sdcard/screen_2025-05-31_195103.png flg=0x1400010 cmp=com.google.android.providers.media.module/com.android.providers.media.MediaService }
05-31 11:51:03.782  1475  1745 I MediaProvider: Deleted 0 1 0 0 0 0 0 items on external_primary due to com.android.shell
05-31 11:51:03.782  1312  2173 I UriTaskContentObserver: (REDACTED) Throttling content uri change event for %s
05-31 11:51:03.934  5669 19519 I ProvidersCache: Provider returned no roots. Possibly naughty: com.google.android.apps.docs.storage
05-31 11:51:04.341  1475  1748 W MediaProvider: isAppCloneUserPair for user 0: false
05-31 11:51:04.371   176   176 I hwservicemanager: getTransport: Cannot find entry android.hardware.graphics.mapper@4.0::IMapper/default in either framework or device VINTF manifest.
05-31 11:51:04.372 19546 19548 I Gralloc4: mapper 4.x is not supported
05-31 11:51:04.525  1475  5109 I MediaProvider: Begin Intent { act=android.intent.action.MEDIA_SCANNER_SCAN_FILE dat=file:///sdcard/screen_2025-05-31_195104.png flg=0x1400010 cmp=com.google.android.providers.media.module/com.android.providers.media.MediaService }
05-31 11:51:04.529  1475  5109 I MediaProvider: End Intent { act=android.intent.action.MEDIA_SCANNER_SCAN_FILE dat=file:///sdcard/screen_2025-05-31_195104.png flg=0x1400010 cmp=com.google.android.providers.media.module/com.android.providers.media.MediaService }
05-31 11:51:04.633  1475  1745 I MediaProvider: Deleted 0 1 0 0 0 0 0 items on external_primary due to com.android.shell
05-31 11:51:04.703  5669 19561 I ProvidersCache: Provider returned no roots. Possibly naughty: com.google.android.apps.docs.storage
05-31 11:51:04.805   614   666 W WindowManager: Unable to start animation, surface is null or no children.
05-31 11:51:05.017  5669 19582 I ProvidersCache: Provider returned no roots. Possibly naughty: com.google.android.apps.docs.storage
05-31 11:51:05.288  1475  1748 W MediaProvider: isAppCloneUserPair for user 0: false
05-31 11:51:05.311   176   176 I hwservicemanager: getTransport: Cannot find entry android.hardware.graphics.mapper@4.0::IMapper/default in either framework or device VINTF manifest.
05-31 11:51:05.311 19597 19599 I Gralloc4: mapper 4.x is not supported
05-31 11:51:05.422  1705 19600 I GmscoreIpa: Starting mediastore instant index [CONTEXT service_id=255 ]
05-31 11:51:05.439  1475  5109 I MediaProvider: Begin Intent { act=android.intent.action.MEDIA_SCANNER_SCAN_FILE dat=file:///sdcard/screen_2025-05-31_195105.png flg=0x1400010 cmp=com.google.android.providers.media.module/com.android.providers.media.MediaService }
05-31 11:51:05.451  1475  5109 I MediaProvider: End Intent { act=android.intent.action.MEDIA_SCANNER_SCAN_FILE dat=file:///sdcard/screen_2025-05-31_195105.png flg=0x1400010 cmp=com.google.android.providers.media.module/com.android.providers.media.MediaService }
05-31 11:51:05.518  1475  1745 I MediaProvider: Deleted 0 1 0 0 0 0 0 items on external_primary due to com.android.shell
05-31 11:51:05.518  1312  2173 I UriTaskContentObserver: (REDACTED) Throttling content uri change event for %s
05-31 11:51:06.997  5669 19687 I ProvidersCache: Provider returned no roots. Possibly naughty: com.google.android.apps.docs.storage
05-31 11:51:07.541  5669 19694 I ProvidersCache: Provider returned no roots. Possibly naughty: com.google.android.apps.docs.storage
05-31 11:51:07.825  5669 19702 I ProvidersCache: Provider returned no roots. Possibly naughty: com.google.android.apps.docs.storage
05-31 11:51:07.897   614   785 W BestClock: java.time.DateTimeException: Missing NTP fix
05-31 11:51:07.934   614   785 W BestClock: java.time.DateTimeException: Missing NTP fix
05-31 11:51:07.938   614   786 W BestClock: java.time.DateTimeException: Missing NTP fix
05-31 11:51:07.943   614   786 W BestClock: java.time.DateTimeException: Missing NTP fix
05-31 11:51:07.946   614   786 W BestClock: java.time.DateTimeException: Missing NTP fix
05-31 11:51:08.212  1475  1748 W MediaProvider: isAppCloneUserPair for user 0: false
05-31 11:51:08.228   176   176 I hwservicemanager: getTransport: Cannot find entry android.hardware.graphics.mapper@4.0::IMapper/default in either framework or device VINTF manifest.
05-31 11:51:08.228 19717 19719 I Gralloc4: mapper 4.x is not supported
05-31 11:51:08.277   614   739 W UriGrantsManagerService: No permission grants found for com.google.android.apps.photos
05-31 11:51:08.277   614  2398 W UriGrantsManagerService: No permission grants found for com.google.android.apps.photos
05-31 11:51:08.313   614   739 W UriGrantsManagerService: No permission grants found for com.google.android.apps.photos
05-31 11:51:08.314   614   739 W UriGrantsManagerService: No permission grants found for com.google.android.apps.photos
05-31 11:51:08.343   614   739 W UriGrantsManagerService: No permission grants found for com.google.android.apps.photos
05-31 11:51:08.344   614   739 W UriGrantsManagerService: No permission grants found for com.google.android.apps.photos
05-31 11:51:08.352  1475  5109 I MediaProvider: Begin Intent { act=android.intent.action.MEDIA_SCANNER_SCAN_FILE dat=file:///sdcard/screen_2025-05-31_195108.png flg=0x1400010 cmp=com.google.android.providers.media.module/com.android.providers.media.MediaService }
05-31 11:51:08.358  1475  5109 I MediaProvider: End Intent { act=android.intent.action.MEDIA_SCANNER_SCAN_FILE dat=file:///sdcard/screen_2025-05-31_195108.png flg=0x1400010 cmp=com.google.android.providers.media.module/com.android.providers.media.MediaService }
05-31 11:51:08.423  1475  1745 I MediaProvider: Deleted 0 1 0 0 0 0 0 items on external_primary due to com.android.shell
05-31 11:51:08.423  1312  2173 I UriTaskContentObserver: (REDACTED) Throttling content uri change event for %s
05-31 11:51:08.575  5669 19742 I ProvidersCache: Provider returned no roots. Possibly naughty: com.google.android.apps.docs.storage
05-31 11:51:08.890  5669 19767 I ProvidersCache: Provider returned no roots. Possibly naughty: com.google.android.apps.docs.storage
05-31 11:51:08.908  1475  4300 W MediaProvider: isAppCloneUserPair for user 0: false
05-31 11:51:08.928   176   176 I hwservicemanager: getTransport: Cannot find entry android.hardware.graphics.mapper@4.0::IMapper/default in either framework or device VINTF manifest.
05-31 11:51:08.929 19762 19769 I Gralloc4: mapper 4.x is not supported
05-31 11:51:09.076  1475  5109 I MediaProvider: Begin Intent { act=android.intent.action.MEDIA_SCANNER_SCAN_FILE dat=file:///sdcard/screen_2025-05-31_195109.png flg=0x1400010 cmp=com.google.android.providers.media.module/com.android.providers.media.MediaService }
05-31 11:51:09.083  1475  5109 I MediaProvider: End Intent { act=android.intent.action.MEDIA_SCANNER_SCAN_FILE dat=file:///sdcard/screen_2025-05-31_195109.png flg=0x1400010 cmp=com.google.android.providers.media.module/com.android.providers.media.MediaService }
05-31 11:51:09.176  1475  1748 I MediaProvider: Deleted 0 1 0 0 0 0 0 items on external_primary due to com.android.shell
05-31 11:51:09.176  1312  2173 I UriTaskContentObserver: (REDACTED) Throttling content uri change event for %s
05-31 11:51:09.795  1475  4300 W MediaProvider: isAppCloneUserPair for user 0: false
05-31 11:51:09.817   176   176 I hwservicemanager: getTransport: Cannot find entry android.hardware.graphics.mapper@4.0::IMapper/default in either framework or device VINTF manifest.
05-31 11:51:09.817 19806 19808 I Gralloc4: mapper 4.x is not supported
05-31 11:51:09.946  1475  5109 I MediaProvider: Begin Intent { act=android.intent.action.MEDIA_SCANNER_SCAN_FILE dat=file:///sdcard/screen_2025-05-31_195110.png flg=0x1400010 cmp=com.google.android.providers.media.module/com.android.providers.media.MediaService }
05-31 11:51:09.951  1475  5109 I MediaProvider: End Intent { act=android.intent.action.MEDIA_SCANNER_SCAN_FILE dat=file:///sdcard/screen_2025-05-31_195110.png flg=0x1400010 cmp=com.google.android.providers.media.module/com.android.providers.media.MediaService }
05-31 11:51:10.039  1475  1748 I MediaProvider: Deleted 0 1 0 0 0 0 0 items on external_primary due to com.android.shell
05-31 11:51:10.042  1312  2173 I UriTaskContentObserver: (REDACTED) Throttling content uri change event for %s
05-31 11:51:12.757  1475  4300 W MediaProvider: isAppCloneUserPair for user 0: false
05-31 11:51:12.777   176   176 I hwservicemanager: getTransport: Cannot find entry android.hardware.graphics.mapper@4.0::IMapper/default in either framework or device VINTF manifest.
05-31 11:51:12.778 19915 19917 I Gralloc4: mapper 4.x is not supported
05-31 11:51:12.910  1475  5109 I MediaProvider: Begin Intent { act=android.intent.action.MEDIA_SCANNER_SCAN_FILE dat=file:///sdcard/screen_2025-05-31_195113.png flg=0x1400010 cmp=com.google.android.providers.media.module/com.android.providers.media.MediaService }
05-31 11:51:12.942  1475  5109 I MediaProvider: End Intent { act=android.intent.action.MEDIA_SCANNER_SCAN_FILE dat=file:///sdcard/screen_2025-05-31_195113.png flg=0x1400010 cmp=com.google.android.providers.media.module/com.android.providers.media.MediaService }
05-31 11:51:13.011  1475  5089 I MediaProvider: Deleted 0 1 0 0 0 0 0 items on external_primary due to com.android.shell
05-31 11:51:13.011  1312  2173 I UriTaskContentObserver: (REDACTED) Throttling content uri change event for %s
05-31 11:51:13.585  5669 19945 I ProvidersCache: Provider returned no roots. Possibly naughty: com.google.android.apps.docs.storage
05-31 11:51:13.759   614   614 W WindowManager: removeWindowToken: Attempted to remove non-existing token: android.os.Binder@3f9ed0f
05-31 11:51:13.777  1475  4300 W MediaProvider: isAppCloneUserPair for user 0: false
05-31 11:51:13.793   176   176 I hwservicemanager: getTransport: Cannot find entry android.hardware.graphics.mapper@4.0::IMapper/default in either framework or device VINTF manifest.
05-31 11:51:13.793 19961 19963 I Gralloc4: mapper 4.x is not supported
05-31 11:51:13.846  5669 19967 I ProvidersCache: Provider returned no roots. Possibly naughty: com.google.android.apps.docs.storage
05-31 11:51:13.917  1475  5109 I MediaProvider: Begin Intent { act=android.intent.action.MEDIA_SCANNER_SCAN_FILE dat=file:///sdcard/screen_2025-05-31_195114.png flg=0x1400010 cmp=com.google.android.providers.media.module/com.android.providers.media.MediaService }
05-31 11:51:13.924  1475  5109 I MediaProvider: End Intent { act=android.intent.action.MEDIA_SCANNER_SCAN_FILE dat=file:///sdcard/screen_2025-05-31_195114.png flg=0x1400010 cmp=com.google.android.providers.media.module/com.android.providers.media.MediaService }
05-31 11:51:14.015  1475  5089 I MediaProvider: Deleted 0 1 0 0 0 0 0 items on external_primary due to com.android.shell
05-31 11:51:14.017  1312  2173 I UriTaskContentObserver: (REDACTED) Throttling content uri change event for %s
05-31 11:51:14.388  5669 19991 I ProvidersCache: Provider returned no roots. Possibly naughty: com.google.android.apps.docs.storage
05-31 11:51:14.682  5669 20012 I ProvidersCache: Provider returned no roots. Possibly naughty: com.google.android.apps.docs.storage
05-31 11:51:14.852  1475  4300 W MediaProvider: isAppCloneUserPair for user 0: false
05-31 11:51:14.892   176   176 I hwservicemanager: getTransport: Cannot find entry android.hardware.graphics.mapper@4.0::IMapper/default in either framework or device VINTF manifest.
05-31 11:51:14.894 20020 20022 I Gralloc4: mapper 4.x is not supported
05-31 11:51:15.075  1475  5109 I MediaProvider: Begin Intent { act=android.intent.action.MEDIA_SCANNER_SCAN_FILE dat=file:///sdcard/screen_2025-05-31_195115.png flg=0x1400010 cmp=com.google.android.providers.media.module/com.android.providers.media.MediaService }
05-31 11:51:15.088  1475  5109 I MediaProvider: End Intent { act=android.intent.action.MEDIA_SCANNER_SCAN_FILE dat=file:///sdcard/screen_2025-05-31_195115.png flg=0x1400010 cmp=com.google.android.providers.media.module/com.android.providers.media.MediaService }
05-31 11:51:15.282  1475  1748 I MediaProvider: Deleted 0 1 0 0 0 0 0 items on external_primary due to com.android.shell
05-31 11:51:15.344  5669 20033 I ProvidersCache: Provider returned no roots. Possibly naughty: com.google.android.apps.docs.storage
05-31 11:51:15.397  1312 19900 I NetworkScheduler.Stats: (REDACTED) Task %s/%s started execution. cause:%s exec_start_elapsed_seconds: %s
05-31 11:51:15.406  1312 18451 I NetworkScheduler.Stats: (REDACTED) Task %s/%s finished executing. cause:%s result: %s elapsed_millis: %s uptime_millis: %s exec_start_elapsed_seconds: %s
05-31 11:51:15.575  5669 20053 I ProvidersCache: Provider returned no roots. Possibly naughty: com.google.android.apps.docs.storage
05-31 11:51:17.956  1475  4300 W MediaProvider: isAppCloneUserPair for user 0: false
05-31 11:51:17.981   176   176 I hwservicemanager: getTransport: Cannot find entry android.hardware.graphics.mapper@4.0::IMapper/default in either framework or device VINTF manifest.
05-31 11:51:17.982 20133 20135 I Gralloc4: mapper 4.x is not supported
05-31 11:51:18.112  1475  5109 I MediaProvider: Begin Intent { act=android.intent.action.MEDIA_SCANNER_SCAN_FILE dat=file:///sdcard/screen_2025-05-31_195118.png flg=0x1400010 cmp=com.google.android.providers.media.module/com.android.providers.media.MediaService }
05-31 11:51:18.118  1475  5109 I MediaProvider: End Intent { act=android.intent.action.MEDIA_SCANNER_SCAN_FILE dat=file:///sdcard/screen_2025-05-31_195118.png flg=0x1400010 cmp=com.google.android.providers.media.module/com.android.providers.media.MediaService }
05-31 11:51:18.203  1475  5089 I MediaProvider: Deleted 0 1 0 0 0 0 0 items on external_primary due to com.android.shell
05-31 11:51:18.205  1312  2173 I UriTaskContentObserver: (REDACTED) Throttling content uri change event for %s
05-31 11:51:18.265  5669 20148 I ProvidersCache: Provider returned no roots. Possibly naughty: com.google.android.apps.docs.storage
05-31 11:51:18.480  5669 20167 I ProvidersCache: Provider returned no roots. Possibly naughty: com.google.android.apps.docs.storage
05-31 11:51:18.793  1475  4300 W MediaProvider: isAppCloneUserPair for user 0: false
05-31 11:51:18.819   176   176 I hwservicemanager: getTransport: Cannot find entry android.hardware.graphics.mapper@4.0::IMapper/default in either framework or device VINTF manifest.
05-31 11:51:18.819 20184 20186 I Gralloc4: mapper 4.x is not supported
05-31 11:51:18.958  1475  5109 I MediaProvider: Begin Intent { act=android.intent.action.MEDIA_SCANNER_SCAN_FILE dat=file:///sdcard/screen_2025-05-31_195119.png flg=0x1400010 cmp=com.google.android.providers.media.module/com.android.providers.media.MediaService }
05-31 11:51:18.964  1475  5109 I MediaProvider: End Intent { act=android.intent.action.MEDIA_SCANNER_SCAN_FILE dat=file:///sdcard/screen_2025-05-31_195119.png flg=0x1400010 cmp=com.google.android.providers.media.module/com.android.providers.media.MediaService }
05-31 11:51:18.974  5669 20194 I ProvidersCache: Provider returned no roots. Possibly naughty: com.google.android.apps.docs.storage
05-31 11:51:19.027  1475  5089 I MediaProvider: Deleted 0 1 0 0 0 0 0 items on external_primary due to com.android.shell
05-31 11:51:19.028  1312  2173 I UriTaskContentObserver: (REDACTED) Throttling content uri change event for %s
05-31 11:51:19.223  5669 20216 I ProvidersCache: Provider returned no roots. Possibly naughty: com.google.android.apps.docs.storage
05-31 11:51:19.537  1475  4300 W MediaProvider: isAppCloneUserPair for user 0: false
05-31 11:51:19.560   176   176 I hwservicemanager: getTransport: Cannot find entry android.hardware.graphics.mapper@4.0::IMapper/default in either framework or device VINTF manifest.
05-31 11:51:19.561 20235 20237 I Gralloc4: mapper 4.x is not supported
05-31 11:51:19.689  1475  5109 I MediaProvider: Begin Intent { act=android.intent.action.MEDIA_SCANNER_SCAN_FILE dat=file:///sdcard/screen_2025-05-31_195119.png flg=0x1400010 cmp=com.google.android.providers.media.module/com.android.providers.media.MediaService }
05-31 11:51:19.694  1475  5109 I MediaProvider: End Intent { act=android.intent.action.MEDIA_SCANNER_SCAN_FILE dat=file:///sdcard/screen_2025-05-31_195119.png flg=0x1400010 cmp=com.google.android.providers.media.module/com.android.providers.media.MediaService }
05-31 11:51:19.775  1475  5089 I MediaProvider: Deleted 0 1 0 0 0 0 0 items on external_primary due to com.android.shell
05-31 11:51:19.777  1312  2173 I UriTaskContentObserver: (REDACTED) Throttling content uri change event for %s
05-31 11:51:20.104  5669 20271 I ProvidersCache: Provider returned no roots. Possibly naughty: com.google.android.apps.docs.storage
05-31 11:51:22.206  1475  4300 W MediaProvider: isAppCloneUserPair for user 0: false
05-31 11:51:22.227   176   176 I hwservicemanager: getTransport: Cannot find entry android.hardware.graphics.mapper@4.0::IMapper/default in either framework or device VINTF manifest.
05-31 11:51:22.227 20334 20336 I Gralloc4: mapper 4.x is not supported
05-31 11:51:22.349  1475  5109 I MediaProvider: Begin Intent { act=android.intent.action.MEDIA_SCANNER_SCAN_FILE dat=file:///sdcard/screen_2025-05-31_195122.png flg=0x1400010 cmp=com.google.android.providers.media.module/com.android.providers.media.MediaService }
05-31 11:51:22.355  1475  5109 I MediaProvider: End Intent { act=android.intent.action.MEDIA_SCANNER_SCAN_FILE dat=file:///sdcard/screen_2025-05-31_195122.png flg=0x1400010 cmp=com.google.android.providers.media.module/com.android.providers.media.MediaService }
05-31 11:51:22.419  1475  1748 I MediaProvider: Deleted 0 1 0 0 0 0 0 items on external_primary due to com.android.shell
05-31 11:51:22.419  1312  2173 I UriTaskContentObserver: (REDACTED) Throttling content uri change event for %s
