05-31 11:50:41.889 18228 18344 E Braze v18.0.1 .com.braze.Braze: java.lang.RuntimeException: Unable to read the Braze API key from the res/values/braze.xml file or from runtime configuration via BrazeConfig. See log for more details.
05-31 11:50:41.889 18228 18344 E Braze v18.0.1 .com.braze.Braze: 	at com.braze.configuration.BrazeConfigurationProvider.getBrazeApiKey(SourceFile:41)
05-31 11:50:41.889 18228 18344 E Braze v18.0.1 .com.braze.Braze: 	at com.appboy.Appboy.getConfiguredApiKey(SourceFile:1)
05-31 11:50:41.889 18228 18344 E Braze v18.0.1 .com.braze.Braze: 	at com.appboy.Appboy.getInstance(SourceFile:6)
05-31 11:50:41.889 18228 18344 E Braze v18.0.1 .com.braze.Braze: 	at com.braze.Braze.getInstance(SourceFile:1)
05-31 11:50:41.889 18228 18344 E Braze v18.0.1 .com.braze.Braze: 	at com.appboy.reactbridge.AppboyReactBridge.subscribeToSdkAuthenticationErrorEvents(AppboyReactBridge.java:758)
05-31 11:50:41.889 18228 18344 E Braze v18.0.1 .com.braze.Braze: 	at com.appboy.reactbridge.AppboyReactBridge.<init>(AppboyReactBridge.java:77)
05-31 11:50:41.889 18228 18344 E Braze v18.0.1 .com.braze.Braze: 	at com.appboy.reactbridge.AppboyReactPackage.createNativeModules(AppboyReactPackage.java:21)
05-31 11:50:41.889 18228 18344 E Braze v18.0.1 .com.braze.Braze: 	at com.facebook.react.ReactPackageHelper.getNativeModuleIterator(ReactPackageHelper.java:42)
05-31 11:50:41.889 18228 18344 E Braze v18.0.1 .com.braze.Braze: 	at com.facebook.react.NativeModuleRegistryBuilder.processPackage(NativeModuleRegistryBuilder.java:42)
05-31 11:50:41.889 18228 18344 E Braze v18.0.1 .com.braze.Braze: 	at com.facebook.react.ReactInstanceManager.processPackage(ReactInstanceManager.java:1425)
05-31 11:50:41.889 18228 18344 E Braze v18.0.1 .com.braze.Braze: 	at com.facebook.react.ReactInstanceManager.processPackages(ReactInstanceManager.java:1396)
05-31 11:50:41.889 18228 18344 E Braze v18.0.1 .com.braze.Braze: 	at com.facebook.react.ReactInstanceManager.createReactContext(ReactInstanceManager.java:1287)
05-31 11:50:41.889 18228 18344 E Braze v18.0.1 .com.braze.Braze: 	at com.facebook.react.ReactInstanceManager.access$1100(ReactInstanceManager.java:136)
05-31 11:50:41.889 18228 18344 E Braze v18.0.1 .com.braze.Braze: 	at com.facebook.react.ReactInstanceManager$5.run(ReactInstanceManager.java:1065)
05-31 11:50:41.889 18228 18344 E Braze v18.0.1 .com.braze.Braze: 	at java.lang.Thread.run(Thread.java:920)
05-31 11:50:41.891 18228 18379 I Braze v18.0.1 .com.braze.Braze: Automatic Firebase Cloud Messaging registration not enabled in configuration. Braze will not register for Firebase Cloud Messaging.
05-31 11:50:41.892 18228 18379 I Braze v18.0.1 .com.braze.Braze: Automatic ADM registration not enabled in configuration. Braze will not register for ADM.
05-31 11:50:41.892 18228 18379 W Braze v18.0.1 .BrazeConfigurationProvider: ****************************************************
05-31 11:50:41.892 18228 18379 W Braze v18.0.1 .BrazeConfigurationProvider: **                                                **
05-31 11:50:41.894 18228 18379 W Braze v18.0.1 .BrazeConfigurationProvider: **                 !! WARNING !!                  **
05-31 11:50:41.894 18228 18379 W Braze v18.0.1 .BrazeConfigurationProvider: **                                                **
05-31 11:50:41.894 18228 18379 W Braze v18.0.1 .BrazeConfigurationProvider: **     No API key set in res/values/braze.xml     **
05-31 11:50:41.894 18228 18379 W Braze v18.0.1 .BrazeConfigurationProvider: ** No cached API Key found from Braze.configure   **
05-31 11:50:41.894 18228 18379 W Braze v18.0.1 .BrazeConfigurationProvider: **          Braze functionality disabled          **
05-31 11:50:41.895 18228 18379 W Braze v18.0.1 .BrazeConfigurationProvider: **                                                **
05-31 11:50:41.895 18228 18379 W Braze v18.0.1 .BrazeConfigurationProvider: ****************************************************
05-31 11:50:41.895 18228 18388 W Braze v18.0.1 .BrazeConfigurationProvider: ****************************************************
05-31 11:50:41.895 18228 18388 W Braze v18.0.1 .BrazeConfigurationProvider: **                                                **
05-31 11:50:41.896 18228 18388 W Braze v18.0.1 .BrazeConfigurationProvider: **                 !! WARNING !!                  **
05-31 11:50:41.896 18228 18388 W Braze v18.0.1 .BrazeConfigurationProvider: **                                                **
05-31 11:50:41.896 18228 18388 W Braze v18.0.1 .BrazeConfigurationProvider: **     No API key set in res/values/braze.xml     **
05-31 11:50:41.896 18228 18388 W Braze v18.0.1 .BrazeConfigurationProvider: ** No cached API Key found from Braze.configure   **
05-31 11:50:41.896 18228 18388 W Braze v18.0.1 .BrazeConfigurationProvider: **          Braze functionality disabled          **
05-31 11:50:41.896 18228 18388 W Braze v18.0.1 .BrazeConfigurationProvider: **                                                **
05-31 11:50:41.896 18228 18388 W Braze v18.0.1 .BrazeConfigurationProvider: ****************************************************
05-31 11:50:41.896 18228 18383 E Braze v18.0.1 .com.braze.Braze: Failed to verify proper SDK setup
05-31 11:50:41.896 18228 18383 E Braze v18.0.1 .com.braze.Braze: java.lang.RuntimeException: Unable to read the Braze API key from the res/values/braze.xml file or from runtime configuration via BrazeConfig. See log for more details.
05-31 11:50:41.896 18228 18383 E Braze v18.0.1 .com.braze.Braze: 	at com.braze.configuration.BrazeConfigurationProvider.getBrazeApiKey(SourceFile:41)
05-31 11:50:41.896 18228 18383 E Braze v18.0.1 .com.braze.Braze: 	at com.appboy.Appboy.verifyProperSdkSetup(SourceFile:9)
05-31 11:50:41.896 18228 18383 E Braze v18.0.1 .com.braze.Braze: 	at com.appboy.Appboy.lambda$new$0$Appboy(SourceFile:26)
05-31 11:50:41.896 18228 18383 E Braze v18.0.1 .com.braze.Braze: 	at com.appboy.-$$Lambda$Appboy$tmujTATmOa-S3_32xNwyFuMla7k.run(Unknown Source:4)
05-31 11:50:41.896 18228 18383 E Braze v18.0.1 .com.braze.Braze: 	at java.util.concurrent.ThreadPoolExecutor.runWorker(ThreadPoolExecutor.java:1167)
05-31 11:50:41.896 18228 18383 E Braze v18.0.1 .com.braze.Braze: 	at java.util.concurrent.ThreadPoolExecutor$Worker.run(ThreadPoolExecutor.java:641)
05-31 11:50:41.896 18228 18383 E Braze v18.0.1 .com.braze.Braze: 	at java.lang.Thread.run(Thread.java:920)
05-31 11:50:41.897 18228 18379 E Braze v18.0.1 .com.braze.Braze: Failed to verify proper SDK setup
05-31 11:50:41.897 18228 18379 E Braze v18.0.1 .com.braze.Braze: java.lang.RuntimeException: Unable to read the Braze API key from the res/values/braze.xml file or from runtime configuration via BrazeConfig. See log for more details.
05-31 11:50:41.897 18228 18379 E Braze v18.0.1 .com.braze.Braze: 	at com.braze.configuration.BrazeConfigurationProvider.getBrazeApiKey(SourceFile:41)
05-31 11:50:41.897 18228 18379 E Braze v18.0.1 .com.braze.Braze: 	at com.appboy.Appboy.verifyProperSdkSetup(SourceFile:9)
05-31 11:50:41.897 18228 18379 E Braze v18.0.1 .com.braze.Braze: 	at com.appboy.Appboy.lambda$new$0$Appboy(SourceFile:26)
05-31 11:50:41.897 18228 18379 E Braze v18.0.1 .com.braze.Braze: 	at com.appboy.-$$Lambda$Appboy$tmujTATmOa-S3_32xNwyFuMla7k.run(Unknown Source:4)
05-31 11:50:41.897 18228 18379 E Braze v18.0.1 .com.braze.Braze: 	at java.util.concurrent.ThreadPoolExecutor.runWorker(ThreadPoolExecutor.java:1167)
05-31 11:50:41.897 18228 18379 E Braze v18.0.1 .com.braze.Braze: 	at java.util.concurrent.ThreadPoolExecutor$Worker.run(ThreadPoolExecutor.java:641)
05-31 11:50:41.897 18228 18379 E Braze v18.0.1 .com.braze.Braze: 	at java.lang.Thread.run(Thread.java:920)
05-31 11:50:41.897 18228 18388 E Braze v18.0.1 .com.braze.Braze: Failed to startup user dependency manager.
05-31 11:50:41.897 18228 18388 E Braze v18.0.1 .com.braze.Braze: java.lang.RuntimeException: Unable to read the Braze API key from the res/values/braze.xml file or from runtime configuration via BrazeConfig. See log for more details.
05-31 11:50:41.897 18228 18388 E Braze v18.0.1 .com.braze.Braze: 	at com.braze.configuration.BrazeConfigurationProvider.getBrazeApiKey(SourceFile:41)
05-31 11:50:41.897 18228 18388 E Braze v18.0.1 .com.braze.Braze: 	at bo.app.i6.<init>(SourceFile:3)
05-31 11:50:41.897 18228 18388 E Braze v18.0.1 .com.braze.Braze: 	at com.appboy.Appboy.lambda$new$1$Appboy(SourceFile:3)
05-31 11:50:41.897 18228 18388 E Braze v18.0.1 .com.braze.Braze: 	at com.appboy.-$$Lambda$Appboy$aul8CUpsUnp6IjgxxNh1eJOE7SE.run(Unknown Source:2)
05-31 11:50:41.897 18228 18388 E Braze v18.0.1 .com.braze.Braze: 	at java.util.concurrent.ThreadPoolExecutor.runWorker(ThreadPoolExecutor.java:1167)
05-31 11:50:41.897 18228 18388 E Braze v18.0.1 .com.braze.Braze: 	at java.util.concurrent.ThreadPoolExecutor$Worker.run(ThreadPoolExecutor.java:641)
05-31 11:50:41.897 18228 18388 E Braze v18.0.1 .com.braze.Braze: 	at java.lang.Thread.run(Thread.java:920)
05-31 11:50:41.897 18228 18388 E Braze v18.0.1 .com.braze.Braze: Cannot publish error on null publisher. This is usually the result of a missing API key.
05-31 11:50:41.897 18228 18388 E Braze v18.0.1 .com.braze.Braze: java.lang.RuntimeException: Unable to read the Braze API key from the res/values/braze.xml file or from runtime configuration via BrazeConfig. See log for more details.
05-31 11:50:41.897 18228 18388 E Braze v18.0.1 .com.braze.Braze: 	at com.braze.configuration.BrazeConfigurationProvider.getBrazeApiKey(SourceFile:41)
05-31 11:50:41.897 18228 18388 E Braze v18.0.1 .com.braze.Braze: 	at bo.app.i6.<init>(SourceFile:3)
05-31 11:50:41.897 18228 18388 E Braze v18.0.1 .com.braze.Braze: 	at com.appboy.Appboy.lambda$new$1$Appboy(SourceFile:3)
05-31 11:50:41.897 18228 18388 E Braze v18.0.1 .com.braze.Braze: 	at com.appboy.-$$Lambda$Appboy$aul8CUpsUnp6IjgxxNh1eJOE7SE.run(Unknown Source:2)
05-31 11:50:41.897 18228 18388 E Braze v18.0.1 .com.braze.Braze: 	at java.util.concurrent.ThreadPoolExecutor.runWorker(ThreadPoolExecutor.java:1167)
05-31 11:50:41.897 18228 18388 E Braze v18.0.1 .com.braze.Braze: 	at java.util.concurrent.ThreadPoolExecutor$Worker.run(ThreadPoolExecutor.java:641)
05-31 11:50:41.897 18228 18388 E Braze v18.0.1 .com.braze.Braze: 	at java.lang.Thread.run(Thread.java:920)
05-31 11:50:41.901   357  1330 W ServiceManager: Permission failure: android.permission.ACCESS_SURFACE_FLINGER from uid=10162 pid=18228
05-31 11:50:41.904   357  1330 W ServiceManager: Permission failure: android.permission.ROTATE_SURFACE_FLINGER from uid=10162 pid=18228
05-31 11:50:41.907  1705 18377 I AdvertisingIdClient: shouldSendLog 105907
05-31 11:50:41.907  1705 18377 I AdvertisingIdClient: GetInfoInternal elapse 32ms
05-31 11:50:41.912 18228 18384 W Braze v18.0.1 .BrazeConfigurationProvider: ****************************************************
05-31 11:50:41.912 18228 18384 W Braze v18.0.1 .BrazeConfigurationProvider: **                                                **
05-31 11:50:41.912 18228 18384 W Braze v18.0.1 .BrazeConfigurationProvider: **                 !! WARNING !!                  **
05-31 11:50:41.913 18228 18384 W Braze v18.0.1 .BrazeConfigurationProvider: **                                                **
05-31 11:50:41.913 18228 18384 W Braze v18.0.1 .BrazeConfigurationProvider: **     No API key set in res/values/braze.xml     **
05-31 11:50:41.913 18228 18384 W Braze v18.0.1 .BrazeConfigurationProvider: ** No cached API Key found from Braze.configure   **
05-31 11:50:41.913 18228 18384 W Braze v18.0.1 .BrazeConfigurationProvider: **          Braze functionality disabled          **
05-31 11:50:41.913 18228 18384 W Braze v18.0.1 .BrazeConfigurationProvider: **                                                **
05-31 11:50:41.913 18228 18384 W Braze v18.0.1 .BrazeConfigurationProvider: ****************************************************
05-31 11:50:41.913 18228 18384 E Braze v18.0.1 .com.braze.Braze: Failed to startup user dependency manager.
05-31 11:50:41.913 18228 18384 E Braze v18.0.1 .com.braze.Braze: java.lang.RuntimeException: Unable to read the Braze API key from the res/values/braze.xml file or from runtime configuration via BrazeConfig. See log for more details.
05-31 11:50:41.913 18228 18384 E Braze v18.0.1 .com.braze.Braze: 	at com.braze.configuration.BrazeConfigurationProvider.getBrazeApiKey(SourceFile:41)
05-31 11:50:41.913 18228 18384 E Braze v18.0.1 .com.braze.Braze: 	at bo.app.i6.<init>(SourceFile:3)
05-31 11:50:41.913 18228 18384 E Braze v18.0.1 .com.braze.Braze: 	at com.appboy.Appboy.lambda$new$1$Appboy(SourceFile:3)
05-31 11:50:41.913 18228 18384 E Braze v18.0.1 .com.braze.Braze: 	at com.appboy.-$$Lambda$Appboy$aul8CUpsUnp6IjgxxNh1eJOE7SE.run(Unknown Source:2)
05-31 11:50:41.913 18228 18384 E Braze v18.0.1 .com.braze.Braze: 	at java.util.concurrent.ThreadPoolExecutor.runWorker(ThreadPoolExecutor.java:1167)
05-31 11:50:41.913 18228 18384 E Braze v18.0.1 .com.braze.Braze: 	at java.util.concurrent.ThreadPoolExecutor$Worker.run(ThreadPoolExecutor.java:641)
05-31 11:50:41.913 18228 18384 E Braze v18.0.1 .com.braze.Braze: 	at java.lang.Thread.run(Thread.java:920)
05-31 11:50:41.914 18228 18384 E Braze v18.0.1 .com.braze.Braze: Cannot publish error on null publisher. This is usually the result of a missing API key.
05-31 11:50:41.914 18228 18384 E Braze v18.0.1 .com.braze.Braze: java.lang.RuntimeException: Unable to read the Braze API key from the res/values/braze.xml file or from runtime configuration via BrazeConfig. See log for more details.
05-31 11:50:41.914 18228 18384 E Braze v18.0.1 .com.braze.Braze: 	at com.braze.configuration.BrazeConfigurationProvider.getBrazeApiKey(SourceFile:41)
05-31 11:50:41.914 18228 18384 E Braze v18.0.1 .com.braze.Braze: 	at bo.app.i6.<init>(SourceFile:3)
05-31 11:50:41.914 18228 18384 E Braze v18.0.1 .com.braze.Braze: 	at com.appboy.Appboy.lambda$new$1$Appboy(SourceFile:3)
05-31 11:50:41.914 18228 18384 E Braze v18.0.1 .com.braze.Braze: 	at com.appboy.-$$Lambda$Appboy$aul8CUpsUnp6IjgxxNh1eJOE7SE.run(Unknown Source:2)
05-31 11:50:41.914 18228 18384 E Braze v18.0.1 .com.braze.Braze: 	at java.util.concurrent.ThreadPoolExecutor.runWorker(ThreadPoolExecutor.java:1167)
05-31 11:50:41.914 18228 18384 E Braze v18.0.1 .com.braze.Braze: 	at java.util.concurrent.ThreadPoolExecutor$Worker.run(ThreadPoolExecutor.java:641)
05-31 11:50:41.914 18228 18384 E Braze v18.0.1 .com.braze.Braze: 	at java.lang.Thread.run(Thread.java:920)
05-31 11:50:41.914 18228 18386 I Braze v18.0.1 .com.braze.Braze: Automatic Firebase Cloud Messaging registration not enabled in configuration. Braze will not register for Firebase Cloud Messaging.
05-31 11:50:41.914 18228 18386 I Braze v18.0.1 .com.braze.Braze: Automatic ADM registration not enabled in configuration. Braze will not register for ADM.
05-31 11:50:41.914 18228 18386 W Braze v18.0.1 .BrazeConfigurationProvider: ****************************************************
05-31 11:50:41.914 18228 18386 W Braze v18.0.1 .BrazeConfigurationProvider: **                                                **
05-31 11:50:41.914 18228 18386 W Braze v18.0.1 .BrazeConfigurationProvider: **                 !! WARNING !!                  **
05-31 11:50:41.914 18228 18386 W Braze v18.0.1 .BrazeConfigurationProvider: **                                                **
05-31 11:50:41.914 18228 18386 W Braze v18.0.1 .BrazeConfigurationProvider: **     No API key set in res/values/braze.xml     **
05-31 11:50:41.915 18228 18386 W Braze v18.0.1 .BrazeConfigurationProvider: ** No cached API Key found from Braze.configure   **
05-31 11:50:41.915 18228 18386 W Braze v18.0.1 .BrazeConfigurationProvider: **          Braze functionality disabled          **
05-31 11:50:41.915 18228 18386 W Braze v18.0.1 .BrazeConfigurationProvider: **                                                **
05-31 11:50:41.915 18228 18386 W Braze v18.0.1 .BrazeConfigurationProvider: ****************************************************
05-31 11:50:41.915 18228 18386 E Braze v18.0.1 .com.braze.Braze: Failed to verify proper SDK setup
05-31 11:50:41.915 18228 18386 E Braze v18.0.1 .com.braze.Braze: java.lang.RuntimeException: Unable to read the Braze API key from the res/values/braze.xml file or from runtime configuration via BrazeConfig. See log for more details.
05-31 11:50:41.915 18228 18386 E Braze v18.0.1 .com.braze.Braze: 	at com.braze.configuration.BrazeConfigurationProvider.getBrazeApiKey(SourceFile:41)
05-31 11:50:41.915 18228 18386 E Braze v18.0.1 .com.braze.Braze: 	at com.appboy.Appboy.verifyProperSdkSetup(SourceFile:9)
05-31 11:50:41.915 18228 18386 E Braze v18.0.1 .com.braze.Braze: 	at com.appboy.Appboy.lambda$new$0$Appboy(SourceFile:26)
05-31 11:50:41.915 18228 18386 E Braze v18.0.1 .com.braze.Braze: 	at com.appboy.-$$Lambda$Appboy$tmujTATmOa-S3_32xNwyFuMla7k.run(Unknown Source:4)
05-31 11:50:41.915 18228 18386 E Braze v18.0.1 .com.braze.Braze: 	at java.util.concurrent.ThreadPoolExecutor.runWorker(ThreadPoolExecutor.java:1167)
05-31 11:50:41.915 18228 18386 E Braze v18.0.1 .com.braze.Braze: 	at java.util.concurrent.ThreadPoolExecutor$Worker.run(ThreadPoolExecutor.java:641)
05-31 11:50:41.915 18228 18386 E Braze v18.0.1 .com.braze.Braze: 	at java.lang.Thread.run(Thread.java:920)
05-31 11:50:41.925   176   176 I hwservicemanager: getTransport: Cannot find entry android.hardware.configstore@1.0::ISurfaceFlingerConfigs/default in either framework or device VINTF manifest.
05-31 11:50:41.933 18228 18291 W OpenGLRenderer: Failed to choose config with EGL_SWAP_BEHAVIOR_PRESERVED, retrying without...
05-31 11:50:41.935 18228 18291 W OpenGLRenderer: Failed to initialize 101010-2 format, error = EGL_SUCCESS
05-31 11:50:41.948 18228 18397 I Braze v18.0.1 .com.braze.Braze: Automatic Firebase Cloud Messaging registration not enabled in configuration. Braze will not register for Firebase Cloud Messaging.
05-31 11:50:41.948 18228 18397 I Braze v18.0.1 .com.braze.Braze: Automatic ADM registration not enabled in configuration. Braze will not register for ADM.
05-31 11:50:41.948 18228 18397 W Braze v18.0.1 .BrazeConfigurationProvider: ****************************************************
05-31 11:50:41.948 18228 18397 W Braze v18.0.1 .BrazeConfigurationProvider: **                                                **
05-31 11:50:41.948 18228 18397 W Braze v18.0.1 .BrazeConfigurationProvider: **                 !! WARNING !!                  **
05-31 11:50:41.948 18228 18397 W Braze v18.0.1 .BrazeConfigurationProvider: **                                                **
05-31 11:50:41.948 18228 18397 W Braze v18.0.1 .BrazeConfigurationProvider: **     No API key set in res/values/braze.xml     **
05-31 11:50:41.948 18228 18397 W Braze v18.0.1 .BrazeConfigurationProvider: ** No cached API Key found from Braze.configure   **
05-31 11:50:41.948 18228 18397 W Braze v18.0.1 .BrazeConfigurationProvider: **          Braze functionality disabled          **
05-31 11:50:41.948 18228 18397 W Braze v18.0.1 .BrazeConfigurationProvider: **                                                **
05-31 11:50:41.948 18228 18397 W Braze v18.0.1 .BrazeConfigurationProvider: ****************************************************
05-31 11:50:41.948 18228 18397 E Braze v18.0.1 .com.braze.Braze: Failed to verify proper SDK setup
05-31 11:50:41.948 18228 18397 E Braze v18.0.1 .com.braze.Braze: java.lang.RuntimeException: Unable to read the Braze API key from the res/values/braze.xml file or from runtime configuration via BrazeConfig. See log for more details.
05-31 11:50:41.948 18228 18397 E Braze v18.0.1 .com.braze.Braze: 	at com.braze.configuration.BrazeConfigurationProvider.getBrazeApiKey(SourceFile:41)
05-31 11:50:41.948 18228 18397 E Braze v18.0.1 .com.braze.Braze: 	at com.appboy.Appboy.verifyProperSdkSetup(SourceFile:9)
05-31 11:50:41.948 18228 18397 E Braze v18.0.1 .com.braze.Braze: 	at com.appboy.Appboy.lambda$new$0$Appboy(SourceFile:26)
05-31 11:50:41.948 18228 18397 E Braze v18.0.1 .com.braze.Braze: 	at com.appboy.-$$Lambda$Appboy$tmujTATmOa-S3_32xNwyFuMla7k.run(Unknown Source:4)
05-31 11:50:41.948 18228 18397 E Braze v18.0.1 .com.braze.Braze: 	at java.util.concurrent.ThreadPoolExecutor.runWorker(ThreadPoolExecutor.java:1167)
05-31 11:50:41.948 18228 18397 E Braze v18.0.1 .com.braze.Braze: 	at java.util.concurrent.ThreadPoolExecutor$Worker.run(ThreadPoolExecutor.java:641)
05-31 11:50:41.948 18228 18397 E Braze v18.0.1 .com.braze.Braze: 	at java.lang.Thread.run(Thread.java:920)
05-31 11:50:41.949 18228 18398 W Braze v18.0.1 .BrazeConfigurationProvider: ****************************************************
05-31 11:50:41.949 18228 18398 W Braze v18.0.1 .BrazeConfigurationProvider: **                                                **
05-31 11:50:41.949 18228 18398 W Braze v18.0.1 .BrazeConfigurationProvider: **                 !! WARNING !!                  **
05-31 11:50:41.949 18228 18398 W Braze v18.0.1 .BrazeConfigurationProvider: **                                                **
05-31 11:50:41.949 18228 18398 W Braze v18.0.1 .BrazeConfigurationProvider: **     No API key set in res/values/braze.xml     **
05-31 11:50:41.949 18228 18398 W Braze v18.0.1 .BrazeConfigurationProvider: ** No cached API Key found from Braze.configure   **
05-31 11:50:41.949 18228 18398 W Braze v18.0.1 .BrazeConfigurationProvider: **          Braze functionality disabled          **
05-31 11:50:41.949 18228 18398 W Braze v18.0.1 .BrazeConfigurationProvider: **                                                **
05-31 11:50:41.949 18228 18398 W Braze v18.0.1 .BrazeConfigurationProvider: ****************************************************
05-31 11:50:41.949 18228 18398 E Braze v18.0.1 .com.braze.Braze: Failed to startup user dependency manager.
05-31 11:50:41.949 18228 18398 E Braze v18.0.1 .com.braze.Braze: java.lang.RuntimeException: Unable to read the Braze API key from the res/values/braze.xml file or from runtime configuration via BrazeConfig. See log for more details.
05-31 11:50:41.949 18228 18398 E Braze v18.0.1 .com.braze.Braze: 	at com.braze.configuration.BrazeConfigurationProvider.getBrazeApiKey(SourceFile:41)
05-31 11:50:41.949 18228 18398 E Braze v18.0.1 .com.braze.Braze: 	at bo.app.i6.<init>(SourceFile:3)
05-31 11:50:41.949 18228 18398 E Braze v18.0.1 .com.braze.Braze: 	at com.appboy.Appboy.lambda$new$1$Appboy(SourceFile:3)
05-31 11:50:41.949 18228 18398 E Braze v18.0.1 .com.braze.Braze: 	at com.appboy.-$$Lambda$Appboy$aul8CUpsUnp6IjgxxNh1eJOE7SE.run(Unknown Source:2)
05-31 11:50:41.949 18228 18398 E Braze v18.0.1 .com.braze.Braze: 	at java.util.concurrent.ThreadPoolExecutor.runWorker(ThreadPoolExecutor.java:1167)
05-31 11:50:41.949 18228 18398 E Braze v18.0.1 .com.braze.Braze: 	at java.util.concurrent.ThreadPoolExecutor$Worker.run(ThreadPoolExecutor.java:641)
05-31 11:50:41.949 18228 18398 E Braze v18.0.1 .com.braze.Braze: 	at java.lang.Thread.run(Thread.java:920)
05-31 11:50:41.949 18228 18398 E Braze v18.0.1 .com.braze.Braze: Cannot publish error on null publisher. This is usually the result of a missing API key.
05-31 11:50:41.949 18228 18398 E Braze v18.0.1 .com.braze.Braze: java.lang.RuntimeException: Unable to read the Braze API key from the res/values/braze.xml file or from runtime configuration via BrazeConfig. See log for more details.
05-31 11:50:41.949 18228 18398 E Braze v18.0.1 .com.braze.Braze: 	at com.braze.configuration.BrazeConfigurationProvider.getBrazeApiKey(SourceFile:41)
05-31 11:50:41.949 18228 18398 E Braze v18.0.1 .com.braze.Braze: 	at bo.app.i6.<init>(SourceFile:3)
05-31 11:50:41.949 18228 18398 E Braze v18.0.1 .com.braze.Braze: 	at com.appboy.Appboy.lambda$new$1$Appboy(SourceFile:3)
05-31 11:50:41.949 18228 18398 E Braze v18.0.1 .com.braze.Braze: 	at com.appboy.-$$Lambda$Appboy$aul8CUpsUnp6IjgxxNh1eJOE7SE.run(Unknown Source:2)
05-31 11:50:41.949 18228 18398 E Braze v18.0.1 .com.braze.Braze: 	at java.util.concurrent.ThreadPoolExecutor.runWorker(ThreadPoolExecutor.java:1167)
05-31 11:50:41.949 18228 18398 E Braze v18.0.1 .com.braze.Braze: 	at java.util.concurrent.ThreadPoolExecutor$Worker.run(ThreadPoolExecutor.java:641)
05-31 11:50:41.949 18228 18398 E Braze v18.0.1 .com.braze.Braze: 	at java.lang.Thread.run(Thread.java:920)
05-31 11:50:42.001   357   468 E HWComposer: getSupportedContentTypes: getSupportedContentTypes failed for display 4619827259835644672: Unsupported (8)
05-31 11:50:42.003   614   755 I RoleService: Granting default roles...
05-31 11:50:42.010   176   176 I hwservicemanager: getTransport: Cannot find entry android.hardware.graphics.mapper@4.0::IMapper/default in either framework or device VINTF manifest.
05-31 11:50:42.011 18228 18291 I Gralloc4: mapper 4.x is not supported
05-31 11:50:42.017   176   176 I hwservicemanager: getTransport: Cannot find entry android.hardware.graphics.allocator@4.0::IAllocator/default in either framework or device VINTF manifest.
05-31 11:50:42.020 18228 18291 W Gralloc4: allocator 4.x is not supported
05-31 11:50:42.057   614   614 I Telecom : DefaultDialerCache: Refreshing default dialer for user 0: now com.android.dialer: DDC.oR@ANw
05-31 11:50:42.069  2404  4312 I PermissionControllerServiceImpl: Updating user sensitive for uid 10162
05-31 11:50:42.075 18228 18344 I TIME4A  : Starting Time4A (v4.8-2021a published on 2021-03-27)
05-31 11:50:42.075 18228 18344 I TIME4A  : Main-Thread consumed in ms: 120
05-31 11:50:42.091  2404 17856 W Role    : Cannot get ApplicationInfo for default holder: com.google.android.contacts
05-31 11:50:42.091  2404 17856 W Role    : Cannot get ApplicationInfo for default holder: com.google.android.as
05-31 11:50:42.117  5669 18406 I ProvidersCache: Provider returned no roots. Possibly naughty: com.google.android.apps.docs.storage
05-31 11:50:42.134  2404 17856 W Role    : Cannot get ApplicationInfo for default holder: com.google.android.as
05-31 11:50:42.135  2404 17856 W Role    : Cannot get ApplicationInfo for default holder: com.google.android.as
05-31 11:50:42.148   614   768 I InputReader: Reconfiguring input devices, changes=KEYBOARD_LAYOUTS | 
05-31 11:50:42.200 18228 18344 E net.oneformapp.schema.SchemaFactory: loadSchema java.io.FileNotFoundException: /data/user/0/com.quadpay.quadpay/files/fillr-schema.xsd: open failed: ENOENT (No such file or directory)
05-31 11:50:42.295  1475  5089 W MediaProvider: isAppCloneUserPair for user 0: false
05-31 11:50:42.296  2404 17856 W Role    : Cannot get ApplicationInfo for default holder: com.google.android.as
05-31 11:50:42.303  1705 12465 W fceq    : Request failed for unknown reason, see exception: 
05-31 11:50:42.303  1705 12465 W fceq    : fcep: m1.ll: Exception in CronetUrlRequest: net::ERR_SSL_PROTOCOL_ERROR, ErrorCode=11, InternalErrorCode=-107, Retryable=false
05-31 11:50:42.303  1705 12465 W fceq    : 	at fcea.a(:com.google.android.gms@251933032@25.19.33 (190800-762115751):158)
05-31 11:50:42.303  1705 12465 W fceq    : 	at atda.a(:com.google.android.gms@251933032@25.19.33 (190800-762115751):1)
05-31 11:50:42.303  1705 12465 W fceq    : 	at fcem.run(:com.google.android.gms@251933032@25.19.33 (190800-762115751):1282)
05-31 11:50:42.303  1705 12465 W fceq    : 	at ayfn.c(:com.google.android.gms@251933032@25.19.33 (190800-762115751):50)
05-31 11:50:42.303  1705 12465 W fceq    : 	at ayfn.run(:com.google.android.gms@251933032@25.19.33 (190800-762115751):70)
05-31 11:50:42.303  1705 12465 W fceq    : 	at java.util.concurrent.ThreadPoolExecutor.runWorker(ThreadPoolExecutor.java:1167)
05-31 11:50:42.303  1705 12465 W fceq    : 	at java.util.concurrent.ThreadPoolExecutor$Worker.run(ThreadPoolExecutor.java:641)
05-31 11:50:42.303  1705 12465 W fceq    : 	at aylc.run(:com.google.android.gms@251933032@25.19.33 (190800-762115751):8)
05-31 11:50:42.303  1705 12465 W fceq    : 	at java.lang.Thread.run(Thread.java:920)
05-31 11:50:42.303  1705 12465 W fceq    : Caused by: m1.ll: Exception in CronetUrlRequest: net::ERR_SSL_PROTOCOL_ERROR, ErrorCode=11, InternalErrorCode=-107, Retryable=false
05-31 11:50:42.303  1705 12465 W fceq    : 	at org.chromium.net.impl.CronetUrlRequest.onError(:com.google.android.gms.dynamite_cronetdynamite@251933032@25.19.33 (190800-0):3)
05-31 11:50:42.303  1705 12465 I GmsDebugLogger: [57] VisionFace.optional_251933100800_2.apk:NETWORK_IO_ERROR:m1.ll: Exception in 
05-31 11:50:42.325   614   663 I ActivityTaskManager: Displayed com.quadpay.quadpay/.MainActivity: +1s545ms
05-31 11:50:42.353   176   176 I hwservicemanager: getTransport: Cannot find entry android.hardware.graphics.mapper@4.0::IMapper/default in either framework or device VINTF manifest.
05-31 11:50:42.353 18413 18430 I Gralloc4: mapper 4.x is not supported
05-31 11:50:42.358  1705 12465 I ChimeraConfigurator: Update complete: fail
05-31 11:50:42.358  1705 12465 W ChimeraConfigService: Retry attempt was throttled. [CONTEXT service_id=264 ]
05-31 11:50:42.362  1705 12465 I GmsModuleFndr: Beginning GMS chimera module scan
05-31 11:50:42.363  1705 12465 I ModuleSetResolution: Computing pending module set with APKs: [[MlkitOcrCommon.optional:251933100800], [TfliteDynamiteDynamite.integ:243930801100800], [VisionOcr.optional:251933100000], [AdsFdrDynamite.integ:250505301100000], [Cronetdynamite:251933190800], [Dynamiteloader:251933190000], [Dynamitemodulesa:251933190000], [Dynamitemodulesc:251933190000], [Googlecertificates:251933190000], [Mapsdynamite:251933190000], [Measurementdynamite:251933190000]]
05-31 11:50:42.366  1705 12465 I ModuleSetResolution: Pending container module APKs: [[MlkitOcrCommon.optional:251933100800], [TfliteDynamiteDynamite.integ:243930801100800], [VisionOcr.optional:251933100000]]
05-31 11:50:42.366  1705 12465 I ModuleSetResolution: Pending non-container module APKs: []
05-31 11:50:42.390  1705 12465 I GmsDebugLogger: [83] 1 [vision.face]
05-31 11:50:42.393  1705 12465 I GmsDebugLogger: [55] 
05-31 11:50:42.456 10446 10472 I Finsky  : [53] atms.ar(184): Package com.google.android.gms is verified.
05-31 11:50:42.459  1705 18377 W FA-SVC  : Service response is missing Install Referrer install timestamp
05-31 11:50:42.507  2404 17856 W Role    : Cannot get ApplicationInfo for default holder: com.google.android.as
05-31 11:50:42.510  2404 17856 W Role    : Cannot get ApplicationInfo for default holder: com.google.android.as
05-31 11:50:42.522  1475  5109 I MediaProvider: Begin Intent { act=android.intent.action.MEDIA_SCANNER_SCAN_FILE dat=file:///sdcard/screen_2025-05-31_195042.png flg=0x1400010 cmp=com.google.android.providers.media.module/com.android.providers.media.MediaService }
05-31 11:50:42.559  1475  5109 I MediaProvider: End Intent { act=android.intent.action.MEDIA_SCANNER_SCAN_FILE dat=file:///sdcard/screen_2025-05-31_195042.png flg=0x1400010 cmp=com.google.android.providers.media.module/com.android.providers.media.MediaService }
05-31 11:50:42.598 18228 18438 W unknown:ViewManagerPropertyUpdater: Could not find generated setter for class com.facebook.react.views.drawer.ReactDrawerLayoutManager
05-31 11:50:42.600 18228 18438 W unknown:ViewManagerPropertyUpdater: Could not find generated setter for class com.facebook.react.uimanager.LayoutShadowNode
05-31 11:50:42.601 18228 18438 W unknown:ViewManagerPropertyUpdater: Could not find generated setter for class com.facebook.react.views.scroll.ReactHorizontalScrollViewManager
05-31 11:50:42.610 18228 18438 W unknown:ViewManagerPropertyUpdater: Could not find generated setter for class com.facebook.react.views.scroll.ReactHorizontalScrollContainerViewManager
05-31 11:50:42.615  1312  2173 I UriTaskContentObserver: (REDACTED) Throttling content uri change event for %s
05-31 11:50:42.615  1475  1748 I MediaProvider: Deleted 0 1 0 0 0 0 0 items on external_primary due to com.android.shell
05-31 11:50:42.620 18228 18438 W unknown:ViewManagerPropertyUpdater: Could not find generated setter for class com.facebook.react.views.progressbar.ReactProgressBarViewManager
05-31 11:50:42.621   614   739 W InputManager-JNI: Input channel object 'ad3f06e Splash Screen com.quadpay.quadpay (client)' was disposed without first being removed with the input manager!
05-31 11:50:42.622 18228 18438 W unknown:ViewManagerPropertyUpdater: Could not find generated setter for class com.facebook.react.views.progressbar.ProgressBarShadowNode
05-31 11:50:42.623 18228 18438 W unknown:ViewManagerPropertyUpdater: Could not find generated setter for class com.facebook.react.views.scroll.ReactScrollViewManager
05-31 11:50:42.626 18228 18438 W unknown:ViewManagerPropertyUpdater: Could not find generated setter for class com.facebook.react.views.slider.ReactSliderManager
05-31 11:50:42.627 18228 18438 W unknown:ViewManagerPropertyUpdater: Could not find generated setter for class com.facebook.react.views.slider.ReactSliderManager$ReactSliderShadowNode
05-31 11:50:42.629 18228 18438 W unknown:ViewManagerPropertyUpdater: Could not find generated setter for class com.facebook.react.views.switchview.ReactSwitchManager
05-31 11:50:42.633 18228 18438 W unknown:ViewManagerPropertyUpdater: Could not find generated setter for class com.facebook.react.views.switchview.ReactSwitchManager$ReactSwitchShadowNode
05-31 11:50:42.633 18228 18438 W unknown:ViewManagerPropertyUpdater: Could not find generated setter for class com.facebook.react.views.swiperefresh.SwipeRefreshLayoutManager
05-31 11:50:42.634 18228 18438 W unknown:ViewManagerPropertyUpdater: Could not find generated setter for class com.facebook.react.views.text.frescosupport.FrescoBasedReactTextInlineImageViewManager
05-31 11:50:42.634 18228 18438 W unknown:ViewManagerPropertyUpdater: Could not find generated setter for class com.facebook.react.views.text.frescosupport.FrescoBasedReactTextInlineImageShadowNode
05-31 11:50:42.635 18228 18438 W unknown:ViewManagerPropertyUpdater: Could not find generated setter for class com.facebook.react.views.image.ReactImageManager
05-31 11:50:42.637 18228 18438 W unknown:ViewManagerPropertyUpdater: Could not find generated setter for class com.facebook.react.views.modal.ReactModalHostManager
05-31 11:50:42.638 18228 18438 W unknown:ViewManagerPropertyUpdater: Could not find generated setter for class com.facebook.react.views.modal.ModalHostShadowNode
05-31 11:50:42.638 18228 18438 W unknown:ViewManagerPropertyUpdater: Could not find generated setter for class com.facebook.react.views.text.ReactRawTextManager
05-31 11:50:42.640 18228 18438 W unknown:ViewManagerPropertyUpdater: Could not find generated setter for class com.facebook.react.views.text.ReactRawTextShadowNode
05-31 11:50:42.641 18228 18438 W unknown:ViewManagerPropertyUpdater: Could not find generated setter for class com.facebook.react.views.textinput.ReactTextInputManager
05-31 11:50:42.643 18228 18438 W unknown:ViewManagerPropertyUpdater: Could not find generated setter for class com.facebook.react.views.textinput.ReactTextInputShadowNode
05-31 11:50:42.643 18228 18438 W unknown:ViewManagerPropertyUpdater: Could not find generated setter for class com.facebook.react.views.text.ReactTextViewManager
05-31 11:50:42.644 18228 18438 W unknown:ViewManagerPropertyUpdater: Could not find generated setter for class com.facebook.react.views.text.ReactTextShadowNode
05-31 11:50:42.644 18228 18438 W unknown:ViewManagerPropertyUpdater: Could not find generated setter for class com.facebook.react.views.view.ReactViewManager
05-31 11:50:42.645 18228 18438 W unknown:ViewManagerPropertyUpdater: Could not find generated setter for class com.facebook.react.views.text.ReactVirtualTextViewManager
05-31 11:50:42.645 18228 18438 W unknown:ViewManagerPropertyUpdater: Could not find generated setter for class com.facebook.react.views.text.ReactVirtualTextShadowNode
05-31 11:50:42.645 18228 18438 W unknown:ViewManagerPropertyUpdater: Could not find generated setter for class com.facebook.react.views.unimplementedview.ReactUnimplementedViewManager
05-31 11:50:42.646 18228 18438 W unknown:ViewManagerPropertyUpdater: Could not find generated setter for class org.reactnative.maskedview.RNCMaskedViewManager
05-31 11:50:42.648 18228 18438 W unknown:ViewManagerPropertyUpdater: Could not find generated setter for class com.reactnativecommunity.viewpager.ReactViewPagerManager
05-31 11:50:42.649 18228 18438 W unknown:ViewManagerPropertyUpdater: Could not find generated setter for class com.reactnativecommunity.picker.ReactDialogPickerManager
05-31 11:50:42.650 18228 18438 W unknown:ViewManagerPropertyUpdater: Could not find generated setter for class com.reactnativecommunity.picker.ReactPickerShadowNode
05-31 11:50:42.651 18228 18438 W unknown:ViewManagerPropertyUpdater: Could not find generated setter for class com.reactnativecommunity.picker.ReactDropdownPickerManager
05-31 11:50:42.651 18228 18438 W unknown:ViewManagerPropertyUpdater: Could not find generated setter for class com.reactnativestripesdk.StripeSdkCardViewManager
05-31 11:50:42.652 18228 18438 W unknown:ViewManagerPropertyUpdater: Could not find generated setter for class com.reactnativestripesdk.AuBECSDebitFormViewManager
05-31 11:50:42.653 18228 18438 W unknown:ViewManagerPropertyUpdater: Could not find generated setter for class com.reactnativestripesdk.StripeContainerManager
05-31 11:50:42.654 18228 18438 W unknown:ViewManagerPropertyUpdater: Could not find generated setter for class com.reactnativestripesdk.CardFormViewManager
05-31 11:50:42.655 18228 18438 W unknown:ViewManagerPropertyUpdater: Could not find generated setter for class com.reactnativestripesdk.GooglePayButtonManager
05-31 11:50:42.656 18228 18438 W unknown:ViewManagerPropertyUpdater: Could not find generated setter for class com.airbnb.android.react.lottie.LottieAnimationViewManager
05-31 11:50:42.659 18228 18438 W unknown:ViewManagerPropertyUpdater: Could not find generated setter for class com.henninghall.date_picker.DatePickerManager
05-31 11:50:42.660 18228 18438 W unknown:ViewManagerPropertyUpdater: Could not find generated setter for class com.dylanvann.fastimage.FastImageViewManager
05-31 11:50:42.662 18228 18438 W unknown:ViewManagerPropertyUpdater: Could not find generated setter for class com.swmansion.gesturehandler.react.RNGestureHandlerRootViewManager
05-31 11:50:42.662 18228 18438 W unknown:ViewManagerPropertyUpdater: Could not find generated setter for class com.swmansion.gesturehandler.react.RNGestureHandlerButtonViewManager
05-31 11:50:42.663 18228 18438 W unknown:ViewManagerPropertyUpdater: Could not find generated setter for class com.BV.LinearGradient.LinearGradientManager
05-31 11:50:42.664 18228 18438 W unknown:ViewManagerPropertyUpdater: Could not find generated setter for class com.th3rdwave.safeareacontext.SafeAreaProviderManager
05-31 11:50:42.664 18228 18438 W unknown:ViewManagerPropertyUpdater: Could not find generated setter for class com.th3rdwave.safeareacontext.SafeAreaViewManager
05-31 11:50:42.665 18228 18438 W unknown:ViewManagerPropertyUpdater: Could not find generated setter for class com.th3rdwave.safeareacontext.SafeAreaViewShadowNode
05-31 11:50:42.665 18228 18438 W unknown:ViewManagerPropertyUpdater: Could not find generated setter for class com.swmansion.rnscreens.ScreenContainerViewManager
05-31 11:50:42.665 18228 18438 W unknown:ViewManagerPropertyUpdater: Could not find generated setter for class com.swmansion.rnscreens.ScreenViewManager
05-31 11:50:42.666 18228 18438 W unknown:ViewManagerPropertyUpdater: Could not find generated setter for class com.swmansion.rnscreens.ScreenStackViewManager
05-31 11:50:42.666 18228 18438 W unknown:ViewManagerPropertyUpdater: Could not find generated setter for class com.swmansion.rnscreens.ScreenStackHeaderConfigViewManager
05-31 11:50:42.666 18228 18438 W unknown:ViewManagerPropertyUpdater: Could not find generated setter for class com.swmansion.rnscreens.ScreenStackHeaderSubviewManager
05-31 11:50:42.667 18228 18438 W unknown:ViewManagerPropertyUpdater: Could not find generated setter for class com.reactnativecommunity.webview.RNCWebViewManager
05-31 11:50:42.669 18228 18438 W unknown:ViewManagerPropertyUpdater: Could not find generated setter for class com.quadpay.quadpay.FillrViewManager
05-31 11:50:42.823   614   785 W BestClock: java.time.DateTimeException: Missing NTP fix
05-31 11:50:42.842 18228 18238 W System  : A resource failed to call close. 
05-31 11:50:42.843 18228 18238 W System  : A resource failed to call close. 
05-31 11:50:42.843 18228 18238 W System  : A resource failed to call close. 
05-31 11:50:42.843 18228 18238 W System  : A resource failed to call close. 
05-31 11:50:42.844 18228 18238 W System  : A resource failed to call close. 
05-31 11:50:42.844 18228 18238 W System  : A resource failed to call close. 
05-31 11:50:42.844 18228 18238 W System  : A resource failed to call close. 
05-31 11:50:42.845 18228 18238 W System  : A resource failed to call close. 
05-31 11:50:42.845 18228 18238 W System  : A resource failed to call close. 
05-31 11:50:42.845 18228 18238 W System  : A resource failed to call close. 
05-31 11:50:42.845 18228 18238 W System  : A resource failed to call close. 
05-31 11:50:42.845 18228 18238 W System  : A resource failed to call close. 
05-31 11:50:42.846 18228 18238 W System  : A resource failed to call close. 
05-31 11:50:42.849   614   785 W BestClock: java.time.DateTimeException: Missing NTP fix
05-31 11:50:42.852   614   786 W BestClock: java.time.DateTimeException: Missing NTP fix
05-31 11:50:42.855   614   786 W BestClock: java.time.DateTimeException: Missing NTP fix
05-31 11:50:42.864   614   786 W BestClock: java.time.DateTimeException: Missing NTP fix
05-31 11:50:42.916 18228 18438 I Braze v18.0.1 .RuntimeAppConfigurationProvider: Setting Braze Override configuration with config: com.braze.configuration.BrazeConfig@7d80141
05-31 11:50:42.942 18228 18437 I ReactNativeJS: Running "quadpayanywhere" with {"rootTag":1}
05-31 11:50:42.959 18228 18438 I react-native-sentry: Starting with DSN: 'https://3a407fd15cfa4c028f9608ce12a9b145@o229422.ingest.sentry.io/5726334'
05-31 11:50:42.960 18228 18228 W pool-42-thread-: type=1400 audit(0.0:480): avc: denied { read } for name="version" dev="proc" ino=4026532035 scontext=u:r:untrusted_app:s0:c162,c256,c512,c768 tcontext=u:object_r:proc_version:s0 tclass=file permissive=0 app=com.quadpay.quadpay
05-31 11:50:42.966 18228 18438 I react-native-sentry: Native Integrations '[io.sentry.UncaughtExceptionHandlerIntegration@eab9358, io.sentry.ShutdownHookIntegration@402bcb1, io.sentry.SendCachedEnvelopeFireAndForgetIntegration@c8e7596, io.sentry.android.core.NdkIntegration@87ff517, io.sentry.android.core.EnvelopeFileObserverIntegration$OutboxEnvelopeFileObserverIntegration@1f28d04, io.sentry.SendCachedEnvelopeFireAndForgetIntegration@5572ed, io.sentry.android.core.AnrIntegration@db45522, io.sentry.android.core.AppLifecycleIntegration@204cbb3, io.sentry.android.core.ActivityLifecycleIntegration@18d7570, io.sentry.android.core.AppComponentsBreadcrumbsIntegration@7a350e9, io.sentry.android.core.SystemEventsBreadcrumbsIntegration@66a16e, io.sentry.android.core.TempSensorBreadcrumbsIntegration@9f6700f, io.sentry.android.core.PhoneStateBreadcrumbsIntegration@eac789c]'
05-31 11:50:42.970 18228 18437 I ReactNativeJS: [CodePush] Sync already in progress.
05-31 11:50:42.975   614  4604 W ServiceManager: Permission failure: android.permission.HIGH_SAMPLING_RATE_SENSORS from uid=10162 pid=18228
05-31 11:50:42.980   614   739 W ServiceManager: Permission failure: android.permission.HIGH_SAMPLING_RATE_SENSORS from uid=10162 pid=18228
05-31 11:50:42.988 18228 18437 W ReactNativeJS: `new NativeEventEmitter()` was called with a non-null argument without the required `addListener` method.
05-31 11:50:42.989 18228 18437 W ReactNativeJS: `new NativeEventEmitter()` was called with a non-null argument without the required `removeListeners` method.
05-31 11:50:42.991 18228 18437 I ReactNativeJS: setEmail: undefined
05-31 11:50:42.992 18228 18437 I ReactNativeJS: initialize: 794a65a150e94a1a857452aab45b0d72
05-31 11:50:42.993 18228 18437 I ReactNativeJS: InAppManager.setAutoDisplayPaused
05-31 11:50:43.006 18228 18437 W ReactNativeJS: [OPTIMIZELY] - WARNING 2025-05-31T11:50:43.006Z Invalid eventBatchSize undefined, defaulting to 10
05-31 11:50:43.007 18228 18437 W ReactNativeJS: [OPTIMIZELY] - WARNING 2025-05-31T11:50:43.006Z Invalid eventFlushInterval undefined, defaulting to 1000
05-31 11:50:43.016 18228 18437 W ReactNativeJS: `new NativeEventEmitter()` was called with a non-null argument without the required `addListener` method.
05-31 11:50:43.016 18228 18437 W ReactNativeJS: `new NativeEventEmitter()` was called with a non-null argument without the required `removeListeners` method.
05-31 11:50:43.027 18228 18499 I WebViewFactory: Loading com.google.android.webview version 91.0.4472.114 (code 447211487)
05-31 11:50:43.034 18228 18437 I ReactNativeJS: [CodePush] Checking for update.
05-31 11:50:43.036 18228 18437 I ReactNativeJS: [CodePush] Reporting binary update (1.145.5)
05-31 11:50:43.100 18228 18499 I cr_LibraryLoader: Loaded native library version number "91.0.4472.114"
05-31 11:50:43.102 18228 18499 I cr_CachingUmaRecorder: Flushed 4 samples from 4 histograms.
05-31 11:50:43.147  1475  1745 W MediaProvider: isAppCloneUserPair for user 0: false
05-31 11:50:43.175   176   176 I hwservicemanager: getTransport: Cannot find entry android.hardware.graphics.mapper@4.0::IMapper/default in either framework or device VINTF manifest.
05-31 11:50:43.175 18507 18516 I Gralloc4: mapper 4.x is not supported
05-31 11:50:43.272 18228 18228 I Braze v18.0.1 .com.braze.Braze: Braze SDK outbound network requests are now enabled
05-31 11:50:43.272 18228 18228 W Braze v18.0.1 .com.braze.Braze: API key not present. Actions will not be performed on the SDK.
05-31 11:50:43.272 18228 18228 I Braze v18.0.1 .BrazeConfigurationProvider: Found an override api key. Using it to configure the Braze SDK
05-31 11:50:43.277 18228 18228 I Braze v18.0.1 .com.braze.Braze: Push token dwCBXCKTSjGm8mCig7IPuN:APA91bFcrjLWPp-k-VfDgGK6krgtt2ZAiurvhF5ZZt4zhyq3ylC2oq_r2O24bNaIjd07afT_eiNys5Mdm1_NQXVyDXNxkYKctb7rckDN4vSa30god7jIfco registered and immediately being flushed.
05-31 11:50:43.277 18228 18522 I Braze v18.0.1 .BrazeConfigurationProvider: Found an override api key. Using it to configure the Braze SDK
05-31 11:50:43.278 18228 18523 I Braze v18.0.1 .BrazeConfigurationProvider: Found an override api key. Using it to configure the Braze SDK
05-31 11:50:43.279 18228 18521 I Braze v18.0.1 .com.braze.Braze: Automatic Firebase Cloud Messaging registration not enabled in configuration. Braze will not register for Firebase Cloud Messaging.
05-31 11:50:43.282 18228 18522 I Braze v18.0.1 .v4: Detected SDK update. Clearing config storage. Last SDK version detected: 
05-31 11:50:43.289 18228 18521 I Braze v18.0.1 .com.braze.Braze: Automatic ADM registration not enabled in configuration. Braze will not register for ADM.
05-31 11:50:43.314 18228 18522 I Braze v18.0.1 .i1: Geofences implicitly disabled via server configuration.
05-31 11:50:43.323 18228 18522 I Braze v18.0.1 .bo.app.n: Location collection disabled via sdk configuration.
05-31 11:50:43.357  1475  5109 I MediaProvider: Begin Intent { act=android.intent.action.MEDIA_SCANNER_SCAN_FILE dat=file:///sdcard/screen_2025-05-31_195043.png flg=0x1400010 cmp=com.google.android.providers.media.module/com.android.providers.media.MediaService }
05-31 11:50:43.372  1475  5109 I MediaProvider: End Intent { act=android.intent.action.MEDIA_SCANNER_SCAN_FILE dat=file:///sdcard/screen_2025-05-31_195043.png flg=0x1400010 cmp=com.google.android.providers.media.module/com.android.providers.media.MediaService }
05-31 11:50:43.435  1475  5089 I MediaProvider: Deleted 0 1 0 0 0 0 0 items on external_primary due to com.android.shell
05-31 11:50:43.436  1312  2173 I UriTaskContentObserver: (REDACTED) Throttling content uri change event for %s
05-31 11:50:43.822 18228 18437 I ReactNativeJS: [CodePush] An unknown error occurred.
05-31 11:50:43.823 18228 18437 I ReactNativeJS: [CodePush] Network request failed
05-31 11:50:43.827 18228 18437 I ReactNativeJS: [CodePush] Report status failed: {"appVersion":"1.145.5"}
05-31 11:50:44.155 18228 18437 I ReactNativeJS: [OPTIMIZELY] - INFO 2025-05-31T11:50:44.155Z DatafileManager: Updating datafile from response
05-31 11:50:44.158 18228 18437 I ReactNativeJS: [OPTIMIZELY] - INFO 2025-05-31T11:50:44.158Z PROJECT_CONFIG: Skipping JSON schema validation.
05-31 11:50:44.166 18228 18437 I ReactNativeJS: [OPTIMIZELY] - INFO 2025-05-31T11:50:44.165Z OPTIMIZELY: Updated Optimizely config to revision 4555 (project id 20258225992)
05-31 11:50:44.168 18228 18437 I ReactNativeJS: [OPTIMIZELY] - INFO 2025-05-31T11:50:44.168Z DECISION_SERVICE: Audiences for rule Everyone Else collectively evaluated to TRUE.
05-31 11:50:44.170 18228 18437 I ReactNativeJS: [OPTIMIZELY] - INFO 2025-05-31T11:50:44.170Z OPTIMIZELY: Got variable value "25" for variable "samplerate" of feature flag "customer-rum-samplerate"
05-31 11:50:44.201  1475  1745 W MediaProvider: isAppCloneUserPair for user 0: false
05-31 11:50:44.223   176   176 I hwservicemanager: getTransport: Cannot find entry android.hardware.graphics.mapper@4.0::IMapper/default in either framework or device VINTF manifest.
05-31 11:50:44.223 18589 18598 I Gralloc4: mapper 4.x is not supported
05-31 11:50:44.273 18228 18437 W ReactNativeJS: `new NativeEventEmitter()` was called with a non-null argument without the required `addListener` method.
05-31 11:50:44.273 18228 18437 W ReactNativeJS: `new NativeEventEmitter()` was called with a non-null argument without the required `removeListeners` method.
