08-07 15:41:27.455 22445 30087 E VA_PackageUtilsV2: 	at com.xiaomi.voiceassist.engine.context.CacheContext$a.run(SourceFile:87)
08-07 15:41:27.455 22445 30087 E VA_PackageUtilsV2: 	at java.util.concurrent.Executors$RunnableAdapter.call(Executors.java:487)
08-07 15:41:27.455 22445 30087 E VA_PackageUtilsV2: 	at java.util.concurrent.FutureTask.run(FutureTask.java:264)
08-07 15:41:27.455 22445 30087 E VA_PackageUtilsV2: 	at java.util.concurrent.ThreadPoolExecutor.runWorker(ThreadPoolExecutor.java:1251)
08-07 15:41:27.455 22445 30087 E VA_PackageUtilsV2: 	at java.util.concurrent.ThreadPoolExecutor$Worker.run(ThreadPoolExecutor.java:668)
08-07 15:41:27.455 22445 30087 E VA_PackageUtilsV2: 	at java.lang.Thread.run(Thread.java:1012)
08-07 15:41:27.455 22445 30087 E VA_PackageUtilsV2: getVersionCode: error
08-07 15:41:27.455 22445 30087 E VA_PackageUtilsV2: android.content.pm.PackageManager$NameNotFoundException: com.alibaba.android.rimet
08-07 15:41:27.455 22445 30087 E VA_PackageUtilsV2: 	at android.app.ApplicationPackageManager.getPackageInfoAsUser(ApplicationPackageManager.java:276)
08-07 15:41:27.455 22445 30087 E VA_PackageUtilsV2: 	at android.app.ApplicationPackageManager.getPackageInfo(ApplicationPackageManager.java:236)
08-07 15:41:27.455 22445 30087 E VA_PackageUtilsV2: 	at android.app.ApplicationPackageManager.getPackageInfo(ApplicationPackageManager.java:230)
08-07 15:41:27.455 22445 30087 E VA_PackageUtilsV2: 	at m30.r.getVersionCode(SourceFile:44)
08-07 15:41:27.455 22445 30087 E VA_PackageUtilsV2: 	at ez.r0.getVersionCode(SourceFile:1)
08-07 15:41:27.455 22445 30087 E VA_PackageUtilsV2: 	at ff.b.getAccessibilityInfo(SourceFile:93)
08-07 15:41:27.455 22445 30087 E VA_PackageUtilsV2: 	at com.xiaomi.voiceassistant.u0$a.getAccessibilityInfo(SourceFile:2)
08-07 15:41:27.455 22445 30087 E VA_PackageUtilsV2: 	at com.xiaomi.voiceassist.engine.context.CacheContext$a.run(SourceFile:87)
08-07 15:41:27.455 22445 30087 E VA_PackageUtilsV2: 	at java.util.concurrent.Executors$RunnableAdapter.call(Executors.java:487)
08-07 15:41:27.455 22445 30087 E VA_PackageUtilsV2: 	at java.util.concurrent.FutureTask.run(FutureTask.java:264)
08-07 15:41:27.455 22445 30087 E VA_PackageUtilsV2: 	at java.util.concurrent.ThreadPoolExecutor.runWorker(ThreadPoolExecutor.java:1251)
08-07 15:41:27.455 22445 30087 E VA_PackageUtilsV2: 	at java.util.concurrent.ThreadPoolExecutor$Worker.run(ThreadPoolExecutor.java:668)
08-07 15:41:27.455 22445 30087 E VA_PackageUtilsV2: 	at java.lang.Thread.run(Thread.java:1012)
08-07 15:41:27.455 22445 30087 E VA_PackageUtilsV2: getVersionCode: error
08-07 15:41:27.455 22445 30087 E VA_PackageUtilsV2: android.content.pm.PackageManager$NameNotFoundException: com.tencent.tmgp.pubgmhd
08-07 15:41:27.455 22445 30087 E VA_PackageUtilsV2: 	at android.app.ApplicationPackageManager.getPackageInfoAsUser(ApplicationPackageManager.java:276)
08-07 15:41:27.455 22445 30087 E VA_PackageUtilsV2: 	at android.app.ApplicationPackageManager.getPackageInfo(ApplicationPackageManager.java:236)
08-07 15:41:27.455 22445 30087 E VA_PackageUtilsV2: 	at android.app.ApplicationPackageManager.getPackageInfo(ApplicationPackageManager.java:230)
08-07 15:41:27.455 22445 30087 E VA_PackageUtilsV2: 	at m30.r.getVersionCode(SourceFile:44)
08-07 15:41:27.455 22445 30087 E VA_PackageUtilsV2: 	at ez.r0.getVersionCode(SourceFile:1)
08-07 15:41:27.455 22445 30087 E VA_PackageUtilsV2: 	at ff.b.getAccessibilityInfo(SourceFile:93)
08-07 15:41:27.455 22445 30087 E VA_PackageUtilsV2: 	at com.xiaomi.voiceassistant.u0$a.getAccessibilityInfo(SourceFile:2)
08-07 15:41:27.455 22445 30087 E VA_PackageUtilsV2: 	at com.xiaomi.voiceassist.engine.context.CacheContext$a.run(SourceFile:87)
08-07 15:41:27.455 22445 30087 E VA_PackageUtilsV2: 	at java.util.concurrent.Executors$RunnableAdapter.call(Executors.java:487)
08-07 15:41:27.455 22445 30087 E VA_PackageUtilsV2: 	at java.util.concurrent.FutureTask.run(FutureTask.java:264)
08-07 15:41:27.455 22445 30087 E VA_PackageUtilsV2: 	at java.util.concurrent.ThreadPoolExecutor.runWorker(ThreadPoolExecutor.java:1251)
08-07 15:41:27.455 22445 30087 E VA_PackageUtilsV2: 	at java.util.concurrent.ThreadPoolExecutor$Worker.run(ThreadPoolExecutor.java:668)
08-07 15:41:27.455 22445 30087 E VA_PackageUtilsV2: 	at java.lang.Thread.run(Thread.java:1012)
08-07 15:41:27.456 22445 30087 E VA_PackageUtilsV2: getVersionCode: error
08-07 15:41:27.456 22445 30087 E VA_PackageUtilsV2: android.content.pm.PackageManager$NameNotFoundException: com.tencent.tmgp.sgame
08-07 15:41:27.456 22445 30087 E VA_PackageUtilsV2: 	at android.app.ApplicationPackageManager.getPackageInfoAsUser(ApplicationPackageManager.java:276)
08-07 15:41:27.456 22445 30087 E VA_PackageUtilsV2: 	at android.app.ApplicationPackageManager.getPackageInfo(ApplicationPackageManager.java:236)
08-07 15:41:27.456 22445 30087 E VA_PackageUtilsV2: 	at android.app.ApplicationPackageManager.getPackageInfo(ApplicationPackageManager.java:230)
08-07 15:41:27.456 22445 30087 E VA_PackageUtilsV2: 	at m30.r.getVersionCode(SourceFile:44)
08-07 15:41:27.456 22445 30087 E VA_PackageUtilsV2: 	at ez.r0.getVersionCode(SourceFile:1)
08-07 15:41:27.456 22445 30087 E VA_PackageUtilsV2: 	at ff.b.getAccessibilityInfo(SourceFile:93)
08-07 15:41:27.456 22445 30087 E VA_PackageUtilsV2: 	at com.xiaomi.voiceassistant.u0$a.getAccessibilityInfo(SourceFile:2)
08-07 15:41:27.456 22445 30087 E VA_PackageUtilsV2: 	at com.xiaomi.voiceassist.engine.context.CacheContext$a.run(SourceFile:87)
08-07 15:41:27.456 22445 30087 E VA_PackageUtilsV2: 	at java.util.concurrent.Executors$RunnableAdapter.call(Executors.java:487)
08-07 15:41:27.456 22445 30087 E VA_PackageUtilsV2: 	at java.util.concurrent.FutureTask.run(FutureTask.java:264)
08-07 15:41:27.456 22445 30087 E VA_PackageUtilsV2: 	at java.util.concurrent.ThreadPoolExecutor.runWorker(ThreadPoolExecutor.java:1251)
08-07 15:41:27.456 22445 30087 E VA_PackageUtilsV2: 	at java.util.concurrent.ThreadPoolExecutor$Worker.run(ThreadPoolExecutor.java:668)
08-07 15:41:27.456 22445 30087 E VA_PackageUtilsV2: 	at java.lang.Thread.run(Thread.java:1012)
08-07 15:41:27.456 22445 30087 E VA_PackageUtilsV2: getVersionCode: error
08-07 15:41:27.456 22445 30087 E VA_PackageUtilsV2: android.content.pm.PackageManager$NameNotFoundException: com.ss.android.ugc.live
08-07 15:41:27.456 22445 30087 E VA_PackageUtilsV2: 	at android.app.ApplicationPackageManager.getPackageInfoAsUser(ApplicationPackageManager.java:276)
08-07 15:41:27.456 22445 30087 E VA_PackageUtilsV2: 	at android.app.ApplicationPackageManager.getPackageInfo(ApplicationPackageManager.java:236)
08-07 15:41:27.456 22445 30087 E VA_PackageUtilsV2: 	at android.app.ApplicationPackageManager.getPackageInfo(ApplicationPackageManager.java:230)
08-07 15:41:27.456 22445 30087 E VA_PackageUtilsV2: 	at m30.r.getVersionCode(SourceFile:44)
08-07 15:41:27.456 22445 30087 E VA_PackageUtilsV2: 	at ez.r0.getVersionCode(SourceFile:1)
08-07 15:41:27.456 22445 30087 E VA_PackageUtilsV2: 	at ff.b.getAccessibilityInfo(SourceFile:93)
08-07 15:41:27.456 22445 30087 E VA_PackageUtilsV2: 	at com.xiaomi.voiceassistant.u0$a.getAccessibilityInfo(SourceFile:2)
08-07 15:41:27.456 22445 30087 E VA_PackageUtilsV2: 	at com.xiaomi.voiceassist.engine.context.CacheContext$a.run(SourceFile:87)
08-07 15:41:27.456 22445 30087 E VA_PackageUtilsV2: 	at java.util.concurrent.Executors$RunnableAdapter.call(Executors.java:487)
08-07 15:41:27.456 22445 30087 E VA_PackageUtilsV2: 	at java.util.concurrent.FutureTask.run(FutureTask.java:264)
08-07 15:41:27.456 22445 30087 E VA_PackageUtilsV2: 	at java.util.concurrent.ThreadPoolExecutor.runWorker(ThreadPoolExecutor.java:1251)
08-07 15:41:27.456 22445 30087 E VA_PackageUtilsV2: 	at java.util.concurrent.ThreadPoolExecutor$Worker.run(ThreadPoolExecutor.java:668)
08-07 15:41:27.456 22445 30087 E VA_PackageUtilsV2: 	at java.lang.Thread.run(Thread.java:1012)
08-07 15:41:27.456 22445 30087 E VA_PackageUtilsV2: getVersionCode: error
08-07 15:41:27.456 22445 30087 E VA_PackageUtilsV2: android.content.pm.PackageManager$NameNotFoundException: com.ss.android.ugc.aweme.lite
08-07 15:41:27.456 22445 30087 E VA_PackageUtilsV2: 	at android.app.ApplicationPackageManager.getPackageInfoAsUser(ApplicationPackageManager.java:276)
08-07 15:41:27.456 22445 30087 E VA_PackageUtilsV2: 	at android.app.ApplicationPackageManager.getPackageInfo(ApplicationPackageManager.java:236)
08-07 15:41:27.456 22445 30087 E VA_PackageUtilsV2: 	at android.app.ApplicationPackageManager.getPackageInfo(ApplicationPackageManager.java:230)
08-07 15:41:27.456 22445 30087 E VA_PackageUtilsV2: 	at m30.r.getVersionCode(SourceFile:44)
08-07 15:41:27.456 22445 30087 E VA_PackageUtilsV2: 	at ez.r0.getVersionCode(SourceFile:1)
08-07 15:41:27.456 22445 30087 E VA_PackageUtilsV2: 	at ff.b.getAccessibilityInfo(SourceFile:93)
08-07 15:41:27.456 22445 30087 E VA_PackageUtilsV2: 	at com.xiaomi.voiceassistant.u0$a.getAccessibilityInfo(SourceFile:2)
08-07 15:41:27.456 22445 30087 E VA_PackageUtilsV2: 	at com.xiaomi.voiceassist.engine.context.CacheContext$a.run(SourceFile:87)
08-07 15:41:27.456 22445 30087 E VA_PackageUtilsV2: 	at java.util.concurrent.Executors$RunnableAdapter.call(Executors.java:487)
08-07 15:41:27.456 22445 30087 E VA_PackageUtilsV2: 	at java.util.concurrent.FutureTask.run(FutureTask.java:264)
08-07 15:41:27.456 22445 30087 E VA_PackageUtilsV2: 	at java.util.concurrent.ThreadPoolExecutor.runWorker(ThreadPoolExecutor.java:1251)
08-07 15:41:27.456 22445 30087 E VA_PackageUtilsV2: 	at java.util.concurrent.ThreadPoolExecutor$Worker.run(ThreadPoolExecutor.java:668)
08-07 15:41:27.456 22445 30087 E VA_PackageUtilsV2: 	at java.lang.Thread.run(Thread.java:1012)
08-07 15:41:27.456 22445 30087 E VA_PackageUtilsV2: getVersionCode: error
08-07 15:41:27.456 22445 30087 E VA_PackageUtilsV2: android.content.pm.PackageManager$NameNotFoundException: com.duokaiqifree.virtual
08-07 15:41:27.456 22445 30087 E VA_PackageUtilsV2: 	at android.app.ApplicationPackageManager.getPackageInfoAsUser(ApplicationPackageManager.java:276)
08-07 15:41:27.456 22445 30087 E VA_PackageUtilsV2: 	at android.app.ApplicationPackageManager.getPackageInfo(ApplicationPackageManager.java:236)
08-07 15:41:27.456 22445 30087 E VA_PackageUtilsV2: 	at android.app.ApplicationPackageManager.getPackageInfo(ApplicationPackageManager.java:230)
08-07 15:41:27.456 22445 30087 E VA_PackageUtilsV2: 	at m30.r.getVersionCode(SourceFile:44)
08-07 15:41:27.456 22445 30087 E VA_PackageUtilsV2: 	at ez.r0.getVersionCode(SourceFile:1)
08-07 15:41:27.456 22445 30087 E VA_PackageUtilsV2: 	at ff.b.getAccessibilityInfo(SourceFile:93)
08-07 15:41:27.456 22445 30087 E VA_PackageUtilsV2: 	at com.xiaomi.voiceassistant.u0$a.getAccessibilityInfo(SourceFile:2)
08-07 15:41:27.456 22445 30087 E VA_PackageUtilsV2: 	at com.xiaomi.voiceassist.engine.context.CacheContext$a.run(SourceFile:87)
08-07 15:41:27.456 22445 30087 E VA_PackageUtilsV2: 	at java.util.concurrent.Executors$RunnableAdapter.call(Executors.java:487)
08-07 15:41:27.456 22445 30087 E VA_PackageUtilsV2: 	at java.util.concurrent.FutureTask.run(FutureTask.java:264)
08-07 15:41:27.456 22445 30087 E VA_PackageUtilsV2: 	at java.util.concurrent.ThreadPoolExecutor.runWorker(ThreadPoolExecutor.java:1251)
08-07 15:41:27.456 22445 30087 E VA_PackageUtilsV2: 	at java.util.concurrent.ThreadPoolExecutor$Worker.run(ThreadPoolExecutor.java:668)
08-07 15:41:27.456 22445 30087 E VA_PackageUtilsV2: 	at java.lang.Thread.run(Thread.java:1012)
08-07 15:41:27.457 22445 30087 E VA_PackageUtilsV2: getVersionCode: error
08-07 15:41:27.457 22445 30087 E VA_PackageUtilsV2: android.content.pm.PackageManager$NameNotFoundException: com.netease.cloudmusic.lite
08-07 15:41:27.457 22445 30087 E VA_PackageUtilsV2: 	at android.app.ApplicationPackageManager.getPackageInfoAsUser(ApplicationPackageManager.java:276)
08-07 15:41:27.457 22445 30087 E VA_PackageUtilsV2: 	at android.app.ApplicationPackageManager.getPackageInfo(ApplicationPackageManager.java:236)
08-07 15:41:27.457 22445 30087 E VA_PackageUtilsV2: 	at android.app.ApplicationPackageManager.getPackageInfo(ApplicationPackageManager.java:230)
08-07 15:41:27.457 22445 30087 E VA_PackageUtilsV2: 	at m30.r.getVersionCode(SourceFile:44)
08-07 15:41:27.457 22445 30087 E VA_PackageUtilsV2: 	at ez.r0.getVersionCode(SourceFile:1)
08-07 15:41:27.457 22445 30087 E VA_PackageUtilsV2: 	at ff.b.getAccessibilityInfo(SourceFile:93)
08-07 15:41:27.457 22445 30087 E VA_PackageUtilsV2: 	at com.xiaomi.voiceassistant.u0$a.getAccessibilityInfo(SourceFile:2)
08-07 15:41:27.457 22445 30087 E VA_PackageUtilsV2: 	at com.xiaomi.voiceassist.engine.context.CacheContext$a.run(SourceFile:87)
08-07 15:41:27.457 22445 30087 E VA_PackageUtilsV2: 	at java.util.concurrent.Executors$RunnableAdapter.call(Executors.java:487)
08-07 15:41:27.457 22445 30087 E VA_PackageUtilsV2: 	at java.util.concurrent.FutureTask.run(FutureTask.java:264)
08-07 15:41:27.457 22445 30087 E VA_PackageUtilsV2: 	at java.util.concurrent.ThreadPoolExecutor.runWorker(ThreadPoolExecutor.java:1251)
08-07 15:41:27.457 22445 30087 E VA_PackageUtilsV2: 	at java.util.concurrent.ThreadPoolExecutor$Worker.run(ThreadPoolExecutor.java:668)
08-07 15:41:27.457 22445 30087 E VA_PackageUtilsV2: 	at java.lang.Thread.run(Thread.java:1012)
08-07 15:41:27.457 22445 30087 E VA_PackageUtilsV2: getVersionCode: error
08-07 15:41:27.457 22445 30087 E VA_PackageUtilsV2: android.content.pm.PackageManager$NameNotFoundException: com.kugou.tv.android
08-07 15:41:27.457 22445 30087 E VA_PackageUtilsV2: 	at android.app.ApplicationPackageManager.getPackageInfoAsUser(ApplicationPackageManager.java:276)
08-07 15:41:27.457 22445 30087 E VA_PackageUtilsV2: 	at android.app.ApplicationPackageManager.getPackageInfo(ApplicationPackageManager.java:236)
08-07 15:41:27.457 22445 30087 E VA_PackageUtilsV2: 	at android.app.ApplicationPackageManager.getPackageInfo(ApplicationPackageManager.java:230)
08-07 15:41:27.457 22445 30087 E VA_PackageUtilsV2: 	at m30.r.getVersionCode(SourceFile:44)
08-07 15:41:27.457 22445 30087 E VA_PackageUtilsV2: 	at ez.r0.getVersionCode(SourceFile:1)
08-07 15:41:27.457 22445 30087 E VA_PackageUtilsV2: 	at ff.b.getAccessibilityInfo(SourceFile:93)
08-07 15:41:27.457 22445 30087 E VA_PackageUtilsV2: 	at com.xiaomi.voiceassistant.u0$a.getAccessibilityInfo(SourceFile:2)
08-07 15:41:27.457 22445 30087 E VA_PackageUtilsV2: 	at com.xiaomi.voiceassist.engine.context.CacheContext$a.run(SourceFile:87)
08-07 15:41:27.457 22445 30087 E VA_PackageUtilsV2: 	at java.util.concurrent.Executors$RunnableAdapter.call(Executors.java:487)
08-07 15:41:27.457 22445 30087 E VA_PackageUtilsV2: 	at java.util.concurrent.FutureTask.run(FutureTask.java:264)
08-07 15:41:27.457 22445 30087 E VA_PackageUtilsV2: 	at java.util.concurrent.ThreadPoolExecutor.runWorker(ThreadPoolExecutor.java:1251)
08-07 15:41:27.457 22445 30087 E VA_PackageUtilsV2: 	at java.util.concurrent.ThreadPoolExecutor$Worker.run(ThreadPoolExecutor.java:668)
08-07 15:41:27.457 22445 30087 E VA_PackageUtilsV2: 	at java.lang.Thread.run(Thread.java:1012)
08-07 15:41:27.457 22445 30087 E VA_PackageUtilsV2: getVersionCode: error
08-07 15:41:27.457 22445 30087 E VA_PackageUtilsV2: android.content.pm.PackageManager$NameNotFoundException: com.kugou.playerHDyy
08-07 15:41:27.457 22445 30087 E VA_PackageUtilsV2: 	at android.app.ApplicationPackageManager.getPackageInfoAsUser(ApplicationPackageManager.java:276)
08-07 15:41:27.457 22445 30087 E VA_PackageUtilsV2: 	at android.app.ApplicationPackageManager.getPackageInfo(ApplicationPackageManager.java:236)
08-07 15:41:27.457 22445 30087 E VA_PackageUtilsV2: 	at android.app.ApplicationPackageManager.getPackageInfo(ApplicationPackageManager.java:230)
08-07 15:41:27.457 22445 30087 E VA_PackageUtilsV2: 	at m30.r.getVersionCode(SourceFile:44)
08-07 15:41:27.457 22445 30087 E VA_PackageUtilsV2: 	at ez.r0.getVersionCode(SourceFile:1)
08-07 15:41:27.457 22445 30087 E VA_PackageUtilsV2: 	at ff.b.getAccessibilityInfo(SourceFile:93)
08-07 15:41:27.457 22445 30087 E VA_PackageUtilsV2: 	at com.xiaomi.voiceassistant.u0$a.getAccessibilityInfo(SourceFile:2)
08-07 15:41:27.457 22445 30087 E VA_PackageUtilsV2: 	at com.xiaomi.voiceassist.engine.context.CacheContext$a.run(SourceFile:87)
08-07 15:41:27.457 22445 30087 E VA_PackageUtilsV2: 	at java.util.concurrent.Executors$RunnableAdapter.call(Executors.java:487)
08-07 15:41:27.457 22445 30087 E VA_PackageUtilsV2: 	at java.util.concurrent.FutureTask.run(FutureTask.java:264)
08-07 15:41:27.457 22445 30087 E VA_PackageUtilsV2: 	at java.util.concurrent.ThreadPoolExecutor.runWorker(ThreadPoolExecutor.java:1251)
08-07 15:41:27.457 22445 30087 E VA_PackageUtilsV2: 	at java.util.concurrent.ThreadPoolExecutor$Worker.run(ThreadPoolExecutor.java:668)
08-07 15:41:27.457 22445 30087 E VA_PackageUtilsV2: 	at java.lang.Thread.run(Thread.java:1012)
08-07 15:41:27.457 22445 30087 E VA_PackageUtilsV2: getVersionCode: error
08-07 15:41:27.457 22445 30087 E VA_PackageUtilsV2: android.content.pm.PackageManager$NameNotFoundException: com.kugou.android.elder
08-07 15:41:27.457 22445 30087 E VA_PackageUtilsV2: 	at android.app.ApplicationPackageManager.getPackageInfoAsUser(ApplicationPackageManager.java:276)
08-07 15:41:27.457 22445 30087 E VA_PackageUtilsV2: 	at android.app.ApplicationPackageManager.getPackageInfo(ApplicationPackageManager.java:236)
08-07 15:41:27.457 22445 30087 E VA_PackageUtilsV2: 	at android.app.ApplicationPackageManager.getPackageInfo(ApplicationPackageManager.java:230)
08-07 15:41:27.457 22445 30087 E VA_PackageUtilsV2: 	at m30.r.getVersionCode(SourceFile:44)
08-07 15:41:27.457 22445 30087 E VA_PackageUtilsV2: 	at ez.r0.getVersionCode(SourceFile:1)
08-07 15:41:27.457 22445 30087 E VA_PackageUtilsV2: 	at ff.b.getAccessibilityInfo(SourceFile:93)
08-07 15:41:27.457 22445 30087 E VA_PackageUtilsV2: 	at com.xiaomi.voiceassistant.u0$a.getAccessibilityInfo(SourceFile:2)
08-07 15:41:27.457 22445 30087 E VA_PackageUtilsV2: 	at com.xiaomi.voiceassist.engine.context.CacheContext$a.run(SourceFile:87)
08-07 15:41:27.457 22445 30087 E VA_PackageUtilsV2: 	at java.util.concurrent.Executors$RunnableAdapter.call(Executors.java:487)
08-07 15:41:27.457 22445 30087 E VA_PackageUtilsV2: 	at java.util.concurrent.FutureTask.run(FutureTask.java:264)
08-07 15:41:27.457 22445 30087 E VA_PackageUtilsV2: 	at java.util.concurrent.ThreadPoolExecutor.runWorker(ThreadPoolExecutor.java:1251)
08-07 15:41:27.457 22445 30087 E VA_PackageUtilsV2: 	at java.util.concurrent.ThreadPoolExecutor$Worker.run(ThreadPoolExecutor.java:668)
08-07 15:41:27.457 22445 30087 E VA_PackageUtilsV2: 	at java.lang.Thread.run(Thread.java:1012)
08-07 15:41:27.458 22445 30087 E VA_PackageUtilsV2: getVersionCode: error
08-07 15:41:27.458 22445 30087 E VA_PackageUtilsV2: android.content.pm.PackageManager$NameNotFoundException: com.kugou.android.lite
08-07 15:41:27.458 22445 30087 E VA_PackageUtilsV2: 	at android.app.ApplicationPackageManager.getPackageInfoAsUser(ApplicationPackageManager.java:276)
08-07 15:41:27.458 22445 30087 E VA_PackageUtilsV2: 	at android.app.ApplicationPackageManager.getPackageInfo(ApplicationPackageManager.java:236)
08-07 15:41:27.458 22445 30087 E VA_PackageUtilsV2: 	at android.app.ApplicationPackageManager.getPackageInfo(ApplicationPackageManager.java:230)
08-07 15:41:27.458 22445 30087 E VA_PackageUtilsV2: 	at m30.r.getVersionCode(SourceFile:44)
08-07 15:41:27.458 22445 30087 E VA_PackageUtilsV2: 	at ez.r0.getVersionCode(SourceFile:1)
08-07 15:41:27.458 22445 30087 E VA_PackageUtilsV2: 	at ff.b.getAccessibilityInfo(SourceFile:93)
08-07 15:41:27.458 22445 30087 E VA_PackageUtilsV2: 	at com.xiaomi.voiceassistant.u0$a.getAccessibilityInfo(SourceFile:2)
08-07 15:41:27.458 22445 30087 E VA_PackageUtilsV2: 	at com.xiaomi.voiceassist.engine.context.CacheContext$a.run(SourceFile:87)
08-07 15:41:27.458 22445 30087 E VA_PackageUtilsV2: 	at java.util.concurrent.Executors$RunnableAdapter.call(Executors.java:487)
08-07 15:41:27.458 22445 30087 E VA_PackageUtilsV2: 	at java.util.concurrent.FutureTask.run(FutureTask.java:264)
08-07 15:41:27.458 22445 30087 E VA_PackageUtilsV2: 	at java.util.concurrent.ThreadPoolExecutor.runWorker(ThreadPoolExecutor.java:1251)
08-07 15:41:27.458 22445 30087 E VA_PackageUtilsV2: 	at java.util.concurrent.ThreadPoolExecutor$Worker.run(ThreadPoolExecutor.java:668)
08-07 15:41:27.458 22445 30087 E VA_PackageUtilsV2: 	at java.lang.Thread.run(Thread.java:1012)
08-07 15:41:27.458 22445 30087 E VA_PackageUtilsV2: getVersionCode: error
08-07 15:41:27.458 22445 30087 E VA_PackageUtilsV2: android.content.pm.PackageManager$NameNotFoundException: com.tencent.qqlite
08-07 15:41:27.458 22445 30087 E VA_PackageUtilsV2: 	at android.app.ApplicationPackageManager.getPackageInfoAsUser(ApplicationPackageManager.java:276)
08-07 15:41:27.458 22445 30087 E VA_PackageUtilsV2: 	at android.app.ApplicationPackageManager.getPackageInfo(ApplicationPackageManager.java:236)
08-07 15:41:27.458 22445 30087 E VA_PackageUtilsV2: 	at android.app.ApplicationPackageManager.getPackageInfo(ApplicationPackageManager.java:230)
08-07 15:41:27.458 22445 30087 E VA_PackageUtilsV2: 	at m30.r.getVersionCode(SourceFile:44)
08-07 15:41:27.458 22445 30087 E VA_PackageUtilsV2: 	at ez.r0.getVersionCode(SourceFile:1)
08-07 15:41:27.458 22445 30087 E VA_PackageUtilsV2: 	at ff.b.getAccessibilityInfo(SourceFile:93)
08-07 15:41:27.458 22445 30087 E VA_PackageUtilsV2: 	at com.xiaomi.voiceassistant.u0$a.getAccessibilityInfo(SourceFile:2)
08-07 15:41:27.458 22445 30087 E VA_PackageUtilsV2: 	at com.xiaomi.voiceassist.engine.context.CacheContext$a.run(SourceFile:87)
08-07 15:41:27.458 22445 30087 E VA_PackageUtilsV2: 	at java.util.concurrent.Executors$RunnableAdapter.call(Executors.java:487)
08-07 15:41:27.458 22445 30087 E VA_PackageUtilsV2: 	at java.util.concurrent.FutureTask.run(FutureTask.java:264)
08-07 15:41:27.458 22445 30087 E VA_PackageUtilsV2: 	at java.util.concurrent.ThreadPoolExecutor.runWorker(ThreadPoolExecutor.java:1251)
08-07 15:41:27.458 22445 30087 E VA_PackageUtilsV2: 	at java.util.concurrent.ThreadPoolExecutor$Worker.run(ThreadPoolExecutor.java:668)
08-07 15:41:27.458 22445 30087 E VA_PackageUtilsV2: 	at java.lang.Thread.run(Thread.java:1012)
08-07 15:41:27.458 22445 30087 E VA_PackageUtilsV2: getVersionCode: error
08-07 15:41:27.458 22445 30087 E VA_PackageUtilsV2: android.content.pm.PackageManager$NameNotFoundException: com.tencent.tim
08-07 15:41:27.458 22445 30087 E VA_PackageUtilsV2: 	at android.app.ApplicationPackageManager.getPackageInfoAsUser(ApplicationPackageManager.java:276)
08-07 15:41:27.458 22445 30087 E VA_PackageUtilsV2: 	at android.app.ApplicationPackageManager.getPackageInfo(ApplicationPackageManager.java:236)
08-07 15:41:27.458 22445 30087 E VA_PackageUtilsV2: 	at android.app.ApplicationPackageManager.getPackageInfo(ApplicationPackageManager.java:230)
08-07 15:41:27.458 22445 30087 E VA_PackageUtilsV2: 	at m30.r.getVersionCode(SourceFile:44)
08-07 15:41:27.458 22445 30087 E VA_PackageUtilsV2: 	at ez.r0.getVersionCode(SourceFile:1)
08-07 15:41:27.458 22445 30087 E VA_PackageUtilsV2: 	at ff.b.getAccessibilityInfo(SourceFile:93)
08-07 15:41:27.458 22445 30087 E VA_PackageUtilsV2: 	at com.xiaomi.voiceassistant.u0$a.getAccessibilityInfo(SourceFile:2)
08-07 15:41:27.458 22445 30087 E VA_PackageUtilsV2: 	at com.xiaomi.voiceassist.engine.context.CacheContext$a.run(SourceFile:87)
08-07 15:41:27.458 22445 30087 E VA_PackageUtilsV2: 	at java.util.concurrent.Executors$RunnableAdapter.call(Executors.java:487)
08-07 15:41:27.458 22445 30087 E VA_PackageUtilsV2: 	at java.util.concurrent.FutureTask.run(FutureTask.java:264)
08-07 15:41:27.458 22445 30087 E VA_PackageUtilsV2: 	at java.util.concurrent.ThreadPoolExecutor.runWorker(ThreadPoolExecutor.java:1251)
08-07 15:41:27.458 22445 30087 E VA_PackageUtilsV2: 	at java.util.concurrent.ThreadPoolExecutor$Worker.run(ThreadPoolExecutor.java:668)
08-07 15:41:27.458 22445 30087 E VA_PackageUtilsV2: 	at java.lang.Thread.run(Thread.java:1012)
08-07 15:41:27.458 22445 30087 E VA_PackageUtilsV2: getVersionCode: error
08-07 15:41:27.458 22445 30087 E VA_PackageUtilsV2: android.content.pm.PackageManager$NameNotFoundException: com.tencent.mobileqqi
08-07 15:41:27.458 22445 30087 E VA_PackageUtilsV2: 	at android.app.ApplicationPackageManager.getPackageInfoAsUser(ApplicationPackageManager.java:276)
08-07 15:41:27.458 22445 30087 E VA_PackageUtilsV2: 	at android.app.ApplicationPackageManager.getPackageInfo(ApplicationPackageManager.java:236)
08-07 15:41:27.458 22445 30087 E VA_PackageUtilsV2: 	at android.app.ApplicationPackageManager.getPackageInfo(ApplicationPackageManager.java:230)
08-07 15:41:27.458 22445 30087 E VA_PackageUtilsV2: 	at m30.r.getVersionCode(SourceFile:44)
08-07 15:41:27.458 22445 30087 E VA_PackageUtilsV2: 	at ez.r0.getVersionCode(SourceFile:1)
08-07 15:41:27.458 22445 30087 E VA_PackageUtilsV2: 	at ff.b.getAccessibilityInfo(SourceFile:93)
08-07 15:41:27.458 22445 30087 E VA_PackageUtilsV2: 	at com.xiaomi.voiceassistant.u0$a.getAccessibilityInfo(SourceFile:2)
08-07 15:41:27.458 22445 30087 E VA_PackageUtilsV2: 	at com.xiaomi.voiceassist.engine.context.CacheContext$a.run(SourceFile:87)
08-07 15:41:27.458 22445 30087 E VA_PackageUtilsV2: 	at java.util.concurrent.Executors$RunnableAdapter.call(Executors.java:487)
08-07 15:41:27.458 22445 30087 E VA_PackageUtilsV2: 	at java.util.concurrent.FutureTask.run(FutureTask.java:264)
08-07 15:41:27.458 22445 30087 E VA_PackageUtilsV2: 	at java.util.concurrent.ThreadPoolExecutor.runWorker(ThreadPoolExecutor.java:1251)
08-07 15:41:27.458 22445 30087 E VA_PackageUtilsV2: 	at java.util.concurrent.ThreadPoolExecutor$Worker.run(ThreadPoolExecutor.java:668)
08-07 15:41:27.458 22445 30087 E VA_PackageUtilsV2: 	at java.lang.Thread.run(Thread.java:1012)
08-07 15:41:27.459 22445 30087 E VA_PackageUtilsV2: getVersionCode: error
08-07 15:41:27.459 22445 30087 E VA_PackageUtilsV2: android.content.pm.PackageManager$NameNotFoundException: com.xunmeng.merchant
08-07 15:41:27.459 22445 30087 E VA_PackageUtilsV2: 	at android.app.ApplicationPackageManager.getPackageInfoAsUser(ApplicationPackageManager.java:276)
08-07 15:41:27.459 22445 30087 E VA_PackageUtilsV2: 	at android.app.ApplicationPackageManager.getPackageInfo(ApplicationPackageManager.java:236)
08-07 15:41:27.459 22445 30087 E VA_PackageUtilsV2: 	at android.app.ApplicationPackageManager.getPackageInfo(ApplicationPackageManager.java:230)
08-07 15:41:27.459 22445 30087 E VA_PackageUtilsV2: 	at m30.r.getVersionCode(SourceFile:44)
08-07 15:41:27.459 22445 30087 E VA_PackageUtilsV2: 	at ez.r0.getVersionCode(SourceFile:1)
08-07 15:41:27.459 22445 30087 E VA_PackageUtilsV2: 	at ff.b.getAccessibilityInfo(SourceFile:93)
08-07 15:41:27.459 22445 30087 E VA_PackageUtilsV2: 	at com.xiaomi.voiceassistant.u0$a.getAccessibilityInfo(SourceFile:2)
08-07 15:41:27.459 22445 30087 E VA_PackageUtilsV2: 	at com.xiaomi.voiceassist.engine.context.CacheContext$a.run(SourceFile:87)
08-07 15:41:27.459 22445 30087 E VA_PackageUtilsV2: 	at java.util.concurrent.Executors$RunnableAdapter.call(Executors.java:487)
08-07 15:41:27.459 22445 30087 E VA_PackageUtilsV2: 	at java.util.concurrent.FutureTask.run(FutureTask.java:264)
08-07 15:41:27.459 22445 30087 E VA_PackageUtilsV2: 	at java.util.concurrent.ThreadPoolExecutor.runWorker(ThreadPoolExecutor.java:1251)
08-07 15:41:27.459 22445 30087 E VA_PackageUtilsV2: 	at java.util.concurrent.ThreadPoolExecutor$Worker.run(ThreadPoolExecutor.java:668)
08-07 15:41:27.459 22445 30087 E VA_PackageUtilsV2: 	at java.lang.Thread.run(Thread.java:1012)
08-07 15:41:27.459 22445 30087 E VA_PackageUtilsV2: getVersionCode: error
08-07 15:41:27.459 22445 30087 E VA_PackageUtilsV2: android.content.pm.PackageManager$NameNotFoundException: com.tencent.videolite.android
08-07 15:41:27.459 22445 30087 E VA_PackageUtilsV2: 	at android.app.ApplicationPackageManager.getPackageInfoAsUser(ApplicationPackageManager.java:276)
08-07 15:41:27.459 22445 30087 E VA_PackageUtilsV2: 	at android.app.ApplicationPackageManager.getPackageInfo(ApplicationPackageManager.java:236)
08-07 15:41:27.459 22445 30087 E VA_PackageUtilsV2: 	at android.app.ApplicationPackageManager.getPackageInfo(ApplicationPackageManager.java:230)
08-07 15:41:27.459 22445 30087 E VA_PackageUtilsV2: 	at m30.r.getVersionCode(SourceFile:44)
08-07 15:41:27.459 22445 30087 E VA_PackageUtilsV2: 	at ez.r0.getVersionCode(SourceFile:1)
08-07 15:41:27.459 22445 30087 E VA_PackageUtilsV2: 	at ff.b.getAccessibilityInfo(SourceFile:93)
08-07 15:41:27.459 22445 30087 E VA_PackageUtilsV2: 	at com.xiaomi.voiceassistant.u0$a.getAccessibilityInfo(SourceFile:2)
08-07 15:41:27.459 22445 30087 E VA_PackageUtilsV2: 	at com.xiaomi.voiceassist.engine.context.CacheContext$a.run(SourceFile:87)
08-07 15:41:27.459 22445 30087 E VA_PackageUtilsV2: 	at java.util.concurrent.Executors$RunnableAdapter.call(Executors.java:487)
08-07 15:41:27.459 22445 30087 E VA_PackageUtilsV2: 	at java.util.concurrent.FutureTask.run(FutureTask.java:264)
08-07 15:41:27.459 22445 30087 E VA_PackageUtilsV2: 	at java.util.concurrent.ThreadPoolExecutor.runWorker(ThreadPoolExecutor.java:1251)
08-07 15:41:27.459 22445 30087 E VA_PackageUtilsV2: 	at java.util.concurrent.ThreadPoolExecutor$Worker.run(ThreadPoolExecutor.java:668)
08-07 15:41:27.459 22445 30087 E VA_PackageUtilsV2: 	at java.lang.Thread.run(Thread.java:1012)
08-07 15:41:27.459 22445 30087 E VA_PackageUtilsV2: getVersionCode: error
08-07 15:41:27.459 22445 30087 E VA_PackageUtilsV2: android.content.pm.PackageManager$NameNotFoundException: com.mlab.cam
08-07 15:41:27.459 22445 30087 E VA_PackageUtilsV2: 	at android.app.ApplicationPackageManager.getPackageInfoAsUser(ApplicationPackageManager.java:276)
08-07 15:41:27.459 22445 30087 E VA_PackageUtilsV2: 	at android.app.ApplicationPackageManager.getPackageInfo(ApplicationPackageManager.java:236)
08-07 15:41:27.459 22445 30087 E VA_PackageUtilsV2: 	at android.app.ApplicationPackageManager.getPackageInfo(ApplicationPackageManager.java:230)
08-07 15:41:27.459 22445 30087 E VA_PackageUtilsV2: 	at m30.r.getVersionCode(SourceFile:44)
08-07 15:41:27.459 22445 30087 E VA_PackageUtilsV2: 	at ez.r0.getVersionCode(SourceFile:1)
08-07 15:41:27.459 22445 30087 E VA_PackageUtilsV2: 	at ff.b.getAccessibilityInfo(SourceFile:93)
08-07 15:41:27.459 22445 30087 E VA_PackageUtilsV2: 	at com.xiaomi.voiceassistant.u0$a.getAccessibilityInfo(SourceFile:2)
08-07 15:41:27.459 22445 30087 E VA_PackageUtilsV2: 	at com.xiaomi.voiceassist.engine.context.CacheContext$a.run(SourceFile:87)
08-07 15:41:27.459 22445 30087 E VA_PackageUtilsV2: 	at java.util.concurrent.Executors$RunnableAdapter.call(Executors.java:487)
08-07 15:41:27.459 22445 30087 E VA_PackageUtilsV2: 	at java.util.concurrent.FutureTask.run(FutureTask.java:264)
08-07 15:41:27.459 22445 30087 E VA_PackageUtilsV2: 	at java.util.concurrent.ThreadPoolExecutor.runWorker(ThreadPoolExecutor.java:1251)
08-07 15:41:27.459 22445 30087 E VA_PackageUtilsV2: 	at java.util.concurrent.ThreadPoolExecutor$Worker.run(ThreadPoolExecutor.java:668)
08-07 15:41:27.459 22445 30087 E VA_PackageUtilsV2: 	at java.lang.Thread.run(Thread.java:1012)
08-07 15:41:27.460 22445 30087 E VA_PackageUtilsV2: getVersionCode: error
08-07 15:41:27.460 22445 30087 E VA_PackageUtilsV2: android.content.pm.PackageManager$NameNotFoundException: com.huawei.hwvplayer.youku
08-07 15:41:27.460 22445 30087 E VA_PackageUtilsV2: 	at android.app.ApplicationPackageManager.getPackageInfoAsUser(ApplicationPackageManager.java:276)
08-07 15:41:27.460 22445 30087 E VA_PackageUtilsV2: 	at android.app.ApplicationPackageManager.getPackageInfo(ApplicationPackageManager.java:236)
08-07 15:41:27.460 22445 30087 E VA_PackageUtilsV2: 	at android.app.ApplicationPackageManager.getPackageInfo(ApplicationPackageManager.java:230)
08-07 15:41:27.460 22445 30087 E VA_PackageUtilsV2: 	at m30.r.getVersionCode(SourceFile:44)
08-07 15:41:27.460 22445 30087 E VA_PackageUtilsV2: 	at ez.r0.getVersionCode(SourceFile:1)
08-07 15:41:27.460 22445 30087 E VA_PackageUtilsV2: 	at ff.b.getAccessibilityInfo(SourceFile:93)
08-07 15:41:27.460 22445 30087 E VA_PackageUtilsV2: 	at com.xiaomi.voiceassistant.u0$a.getAccessibilityInfo(SourceFile:2)
08-07 15:41:27.460 22445 30087 E VA_PackageUtilsV2: 	at com.xiaomi.voiceassist.engine.context.CacheContext$a.run(SourceFile:87)
08-07 15:41:27.460 22445 30087 E VA_PackageUtilsV2: 	at java.util.concurrent.Executors$RunnableAdapter.call(Executors.java:487)
08-07 15:41:27.460 22445 30087 E VA_PackageUtilsV2: 	at java.util.concurrent.FutureTask.run(FutureTask.java:264)
08-07 15:41:27.460 22445 30087 E VA_PackageUtilsV2: 	at java.util.concurrent.ThreadPoolExecutor.runWorker(ThreadPoolExecutor.java:1251)
08-07 15:41:27.460 22445 30087 E VA_PackageUtilsV2: 	at java.util.concurrent.ThreadPoolExecutor$Worker.run(ThreadPoolExecutor.java:668)
08-07 15:41:27.460 22445 30087 E VA_PackageUtilsV2: 	at java.lang.Thread.run(Thread.java:1012)
08-07 15:41:27.460 22445 30087 E VA_PackageUtilsV2: getVersionCode: error
08-07 15:41:27.460 22445 30087 E VA_PackageUtilsV2: android.content.pm.PackageManager$NameNotFoundException: com.mi.health
08-07 15:41:27.460 22445 30087 E VA_PackageUtilsV2: 	at android.app.ApplicationPackageManager.getPackageInfoAsUser(ApplicationPackageManager.java:276)
08-07 15:41:27.460 22445 30087 E VA_PackageUtilsV2: 	at android.app.ApplicationPackageManager.getPackageInfo(ApplicationPackageManager.java:236)
08-07 15:41:27.460 22445 30087 E VA_PackageUtilsV2: 	at android.app.ApplicationPackageManager.getPackageInfo(ApplicationPackageManager.java:230)
08-07 15:41:27.460 22445 30087 E VA_PackageUtilsV2: 	at m30.r.getVersionCode(SourceFile:44)
08-07 15:41:27.460 22445 30087 E VA_PackageUtilsV2: 	at ez.r0.getVersionCode(SourceFile:1)
08-07 15:41:27.460 22445 30087 E VA_PackageUtilsV2: 	at ff.b.getAccessibilityInfo(SourceFile:93)
08-07 15:41:27.460 22445 30087 E VA_PackageUtilsV2: 	at com.xiaomi.voiceassistant.u0$a.getAccessibilityInfo(SourceFile:2)
08-07 15:41:27.460 22445 30087 E VA_PackageUtilsV2: 	at com.xiaomi.voiceassist.engine.context.CacheContext$a.run(SourceFile:87)
08-07 15:41:27.460 22445 30087 E VA_PackageUtilsV2: 	at java.util.concurrent.Executors$RunnableAdapter.call(Executors.java:487)
08-07 15:41:27.460 22445 30087 E VA_PackageUtilsV2: 	at java.util.concurrent.FutureTask.run(FutureTask.java:264)
08-07 15:41:27.460 22445 30087 E VA_PackageUtilsV2: 	at java.util.concurrent.ThreadPoolExecutor.runWorker(ThreadPoolExecutor.java:1251)
08-07 15:41:27.460 22445 30087 E VA_PackageUtilsV2: 	at java.util.concurrent.ThreadPoolExecutor$Worker.run(ThreadPoolExecutor.java:668)
08-07 15:41:27.460 22445 30087 E VA_PackageUtilsV2: 	at java.lang.Thread.run(Thread.java:1012)
08-07 15:41:27.460 22445 30087 E VA_PackageUtilsV2: getVersionCode: error
08-07 15:41:27.460 22445 30087 E VA_PackageUtilsV2: android.content.pm.PackageManager$NameNotFoundException: com.hunantv.imgo.activity
08-07 15:41:27.460 22445 30087 E VA_PackageUtilsV2: 	at android.app.ApplicationPackageManager.getPackageInfoAsUser(ApplicationPackageManager.java:276)
08-07 15:41:27.460 22445 30087 E VA_PackageUtilsV2: 	at android.app.ApplicationPackageManager.getPackageInfo(ApplicationPackageManager.java:236)
08-07 15:41:27.460 22445 30087 E VA_PackageUtilsV2: 	at android.app.ApplicationPackageManager.getPackageInfo(ApplicationPackageManager.java:230)
08-07 15:41:27.460 22445 30087 E VA_PackageUtilsV2: 	at m30.r.getVersionCode(SourceFile:44)
08-07 15:41:27.460 22445 30087 E VA_PackageUtilsV2: 	at ez.r0.getVersionCode(SourceFile:1)
08-07 15:41:27.460 22445 30087 E VA_PackageUtilsV2: 	at ff.b.getAccessibilityInfo(SourceFile:93)
08-07 15:41:27.460 22445 30087 E VA_PackageUtilsV2: 	at com.xiaomi.voiceassistant.u0$a.getAccessibilityInfo(SourceFile:2)
08-07 15:41:27.460 22445 30087 E VA_PackageUtilsV2: 	at com.xiaomi.voiceassist.engine.context.CacheContext$a.run(SourceFile:87)
08-07 15:41:27.460 22445 30087 E VA_PackageUtilsV2: 	at java.util.concurrent.Executors$RunnableAdapter.call(Executors.java:487)
08-07 15:41:27.460 22445 30087 E VA_PackageUtilsV2: 	at java.util.concurrent.FutureTask.run(FutureTask.java:264)
08-07 15:41:27.460 22445 30087 E VA_PackageUtilsV2: 	at java.util.concurrent.ThreadPoolExecutor.runWorker(ThreadPoolExecutor.java:1251)
08-07 15:41:27.460 22445 30087 E VA_PackageUtilsV2: 	at java.util.concurrent.ThreadPoolExecutor$Worker.run(ThreadPoolExecutor.java:668)
08-07 15:41:27.460 22445 30087 E VA_PackageUtilsV2: 	at java.lang.Thread.run(Thread.java:1012)
08-07 15:41:27.460 22445 30087 E VA_PackageUtilsV2: getVersionCode: error
08-07 15:41:27.460 22445 30087 E VA_PackageUtilsV2: android.content.pm.PackageManager$NameNotFoundException: com.miui.fm
08-07 15:41:27.460 22445 30087 E VA_PackageUtilsV2: 	at android.app.ApplicationPackageManager.getPackageInfoAsUser(ApplicationPackageManager.java:276)
08-07 15:41:27.460 22445 30087 E VA_PackageUtilsV2: 	at android.app.ApplicationPackageManager.getPackageInfo(ApplicationPackageManager.java:236)
08-07 15:41:27.460 22445 30087 E VA_PackageUtilsV2: 	at android.app.ApplicationPackageManager.getPackageInfo(ApplicationPackageManager.java:230)
08-07 15:41:27.460 22445 30087 E VA_PackageUtilsV2: 	at m30.r.getVersionCode(SourceFile:44)
08-07 15:41:27.460 22445 30087 E VA_PackageUtilsV2: 	at ez.r0.getVersionCode(SourceFile:1)
08-07 15:41:27.460 22445 30087 E VA_PackageUtilsV2: 	at ff.b.getAccessibilityInfo(SourceFile:93)
08-07 15:41:27.460 22445 30087 E VA_PackageUtilsV2: 	at com.xiaomi.voiceassistant.u0$a.getAccessibilityInfo(SourceFile:2)
08-07 15:41:27.460 22445 30087 E VA_PackageUtilsV2: 	at com.xiaomi.voiceassist.engine.context.CacheContext$a.run(SourceFile:87)
08-07 15:41:27.460 22445 30087 E VA_PackageUtilsV2: 	at java.util.concurrent.Executors$RunnableAdapter.call(Executors.java:487)
08-07 15:41:27.460 22445 30087 E VA_PackageUtilsV2: 	at java.util.concurrent.FutureTask.run(FutureTask.java:264)
08-07 15:41:27.460 22445 30087 E VA_PackageUtilsV2: 	at java.util.concurrent.ThreadPoolExecutor.runWorker(ThreadPoolExecutor.java:1251)
08-07 15:41:27.460 22445 30087 E VA_PackageUtilsV2: 	at java.util.concurrent.ThreadPoolExecutor$Worker.run(ThreadPoolExecutor.java:668)
08-07 15:41:27.460 22445 30087 E VA_PackageUtilsV2: 	at java.lang.Thread.run(Thread.java:1012)
08-07 15:41:27.461 22445 30087 E VA_PackageUtilsV2: getVersionCode: error
08-07 15:41:27.461 22445 30087 E VA_PackageUtilsV2: android.content.pm.PackageManager$NameNotFoundException: com.sohu.newsclient
08-07 15:41:27.461 22445 30087 E VA_PackageUtilsV2: 	at android.app.ApplicationPackageManager.getPackageInfoAsUser(ApplicationPackageManager.java:276)
08-07 15:41:27.461 22445 30087 E VA_PackageUtilsV2: 	at android.app.ApplicationPackageManager.getPackageInfo(ApplicationPackageManager.java:236)
08-07 15:41:27.461 22445 30087 E VA_PackageUtilsV2: 	at android.app.ApplicationPackageManager.getPackageInfo(ApplicationPackageManager.java:230)
08-07 15:41:27.461 22445 30087 E VA_PackageUtilsV2: 	at m30.r.getVersionCode(SourceFile:44)
08-07 15:41:27.461 22445 30087 E VA_PackageUtilsV2: 	at ez.r0.getVersionCode(SourceFile:1)
08-07 15:41:27.461 22445 30087 E VA_PackageUtilsV2: 	at ff.b.getAccessibilityInfo(SourceFile:93)
08-07 15:41:27.461 22445 30087 E VA_PackageUtilsV2: 	at com.xiaomi.voiceassistant.u0$a.getAccessibilityInfo(SourceFile:2)
08-07 15:41:27.461 22445 30087 E VA_PackageUtilsV2: 	at com.xiaomi.voiceassist.engine.context.CacheContext$a.run(SourceFile:87)
08-07 15:41:27.461 22445 30087 E VA_PackageUtilsV2: 	at java.util.concurrent.Executors$RunnableAdapter.call(Executors.java:487)
08-07 15:41:27.461 22445 30087 E VA_PackageUtilsV2: 	at java.util.concurrent.FutureTask.run(FutureTask.java:264)
08-07 15:41:27.461 22445 30087 E VA_PackageUtilsV2: 	at java.util.concurrent.ThreadPoolExecutor.runWorker(ThreadPoolExecutor.java:1251)
08-07 15:41:27.461 22445 30087 E VA_PackageUtilsV2: 	at java.util.concurrent.ThreadPoolExecutor$Worker.run(ThreadPoolExecutor.java:668)
08-07 15:41:27.461 22445 30087 E VA_PackageUtilsV2: 	at java.lang.Thread.run(Thread.java:1012)
08-07 15:41:27.461 22445 30087 E VA_PackageUtilsV2: getVersionCode: error
08-07 15:41:27.461 22445 30087 E VA_PackageUtilsV2: android.content.pm.PackageManager$NameNotFoundException: ctrip.android.view
08-07 15:41:27.461 22445 30087 E VA_PackageUtilsV2: 	at android.app.ApplicationPackageManager.getPackageInfoAsUser(ApplicationPackageManager.java:276)
08-07 15:41:27.461 22445 30087 E VA_PackageUtilsV2: 	at android.app.ApplicationPackageManager.getPackageInfo(ApplicationPackageManager.java:236)
08-07 15:41:27.461 22445 30087 E VA_PackageUtilsV2: 	at android.app.ApplicationPackageManager.getPackageInfo(ApplicationPackageManager.java:230)
08-07 15:41:27.461 22445 30087 E VA_PackageUtilsV2: 	at m30.r.getVersionCode(SourceFile:44)
08-07 15:41:27.461 22445 30087 E VA_PackageUtilsV2: 	at ez.r0.getVersionCode(SourceFile:1)
08-07 15:41:27.461 22445 30087 E VA_PackageUtilsV2: 	at ff.b.getAccessibilityInfo(SourceFile:93)
08-07 15:41:27.461 22445 30087 E VA_PackageUtilsV2: 	at com.xiaomi.voiceassistant.u0$a.getAccessibilityInfo(SourceFile:2)
08-07 15:41:27.461 22445 30087 E VA_PackageUtilsV2: 	at com.xiaomi.voiceassist.engine.context.CacheContext$a.run(SourceFile:87)
08-07 15:41:27.461 22445 30087 E VA_PackageUtilsV2: 	at java.util.concurrent.Executors$RunnableAdapter.call(Executors.java:487)
08-07 15:41:27.461 22445 30087 E VA_PackageUtilsV2: 	at java.util.concurrent.FutureTask.run(FutureTask.java:264)
08-07 15:41:27.461 22445 30087 E VA_PackageUtilsV2: 	at java.util.concurrent.ThreadPoolExecutor.runWorker(ThreadPoolExecutor.java:1251)
08-07 15:41:27.461 22445 30087 E VA_PackageUtilsV2: 	at java.util.concurrent.ThreadPoolExecutor$Worker.run(ThreadPoolExecutor.java:668)
08-07 15:41:27.461 22445 30087 E VA_PackageUtilsV2: 	at java.lang.Thread.run(Thread.java:1012)
08-07 15:41:27.461 22445 30087 E VA_PackageUtilsV2: getVersionCode: error
08-07 15:41:27.461 22445 30087 E VA_PackageUtilsV2: android.content.pm.PackageManager$NameNotFoundException: com.tongcheng.android
08-07 15:41:27.461 22445 30087 E VA_PackageUtilsV2: 	at android.app.ApplicationPackageManager.getPackageInfoAsUser(ApplicationPackageManager.java:276)
08-07 15:41:27.461 22445 30087 E VA_PackageUtilsV2: 	at android.app.ApplicationPackageManager.getPackageInfo(ApplicationPackageManager.java:236)
08-07 15:41:27.461 22445 30087 E VA_PackageUtilsV2: 	at android.app.ApplicationPackageManager.getPackageInfo(ApplicationPackageManager.java:230)
08-07 15:41:27.461 22445 30087 E VA_PackageUtilsV2: 	at m30.r.getVersionCode(SourceFile:44)
08-07 15:41:27.461 22445 30087 E VA_PackageUtilsV2: 	at ez.r0.getVersionCode(SourceFile:1)
08-07 15:41:27.461 22445 30087 E VA_PackageUtilsV2: 	at ff.b.getAccessibilityInfo(SourceFile:93)
08-07 15:41:27.461 22445 30087 E VA_PackageUtilsV2: 	at com.xiaomi.voiceassistant.u0$a.getAccessibilityInfo(SourceFile:2)
08-07 15:41:27.461 22445 30087 E VA_PackageUtilsV2: 	at com.xiaomi.voiceassist.engine.context.CacheContext$a.run(SourceFile:87)
08-07 15:41:27.461 22445 30087 E VA_PackageUtilsV2: 	at java.util.concurrent.Executors$RunnableAdapter.call(Executors.java:487)
08-07 15:41:27.461 22445 30087 E VA_PackageUtilsV2: 	at java.util.concurrent.FutureTask.run(FutureTask.java:264)
08-07 15:41:27.461 22445 30087 E VA_PackageUtilsV2: 	at java.util.concurrent.ThreadPoolExecutor.runWorker(ThreadPoolExecutor.java:1251)
08-07 15:41:27.461 22445 30087 E VA_PackageUtilsV2: 	at java.util.concurrent.ThreadPoolExecutor$Worker.run(ThreadPoolExecutor.java:668)
08-07 15:41:27.461 22445 30087 E VA_PackageUtilsV2: 	at java.lang.Thread.run(Thread.java:1012)
08-07 15:41:27.461 22445 30087 E VA_PackageUtilsV2: getVersionCode: error
08-07 15:41:27.461 22445 30087 E VA_PackageUtilsV2: android.content.pm.PackageManager$NameNotFoundException: com.greenpoint.android.mc10086.activity
08-07 15:41:27.461 22445 30087 E VA_PackageUtilsV2: 	at android.app.ApplicationPackageManager.getPackageInfoAsUser(ApplicationPackageManager.java:276)
08-07 15:41:27.461 22445 30087 E VA_PackageUtilsV2: 	at android.app.ApplicationPackageManager.getPackageInfo(ApplicationPackageManager.java:236)
08-07 15:41:27.461 22445 30087 E VA_PackageUtilsV2: 	at android.app.ApplicationPackageManager.getPackageInfo(ApplicationPackageManager.java:230)
08-07 15:41:27.461 22445 30087 E VA_PackageUtilsV2: 	at m30.r.getVersionCode(SourceFile:44)
08-07 15:41:27.461 22445 30087 E VA_PackageUtilsV2: 	at ez.r0.getVersionCode(SourceFile:1)
08-07 15:41:27.461 22445 30087 E VA_PackageUtilsV2: 	at ff.b.getAccessibilityInfo(SourceFile:93)
08-07 15:41:27.461 22445 30087 E VA_PackageUtilsV2: 	at com.xiaomi.voiceassistant.u0$a.getAccessibilityInfo(SourceFile:2)
08-07 15:41:27.461 22445 30087 E VA_PackageUtilsV2: 	at com.xiaomi.voiceassist.engine.context.CacheContext$a.run(SourceFile:87)
08-07 15:41:27.461 22445 30087 E VA_PackageUtilsV2: 	at java.util.concurrent.Executors$RunnableAdapter.call(Executors.java:487)
08-07 15:41:27.461 22445 30087 E VA_PackageUtilsV2: 	at java.util.concurrent.FutureTask.run(FutureTask.java:264)
08-07 15:41:27.461 22445 30087 E VA_PackageUtilsV2: 	at java.util.concurrent.ThreadPoolExecutor.runWorker(ThreadPoolExecutor.java:1251)
08-07 15:41:27.461 22445 30087 E VA_PackageUtilsV2: 	at java.util.concurrent.ThreadPoolExecutor$Worker.run(ThreadPoolExecutor.java:668)
08-07 15:41:27.461 22445 30087 E VA_PackageUtilsV2: 	at java.lang.Thread.run(Thread.java:1012)
08-07 15:41:27.462 22445 30087 I VA_FeatureModeUtils: allow = 1
08-07 15:41:27.462 22445 30087 I VA_FeatureModeUtils: allow = 1
08-07 15:41:27.463 22445 30087 I VA_FileUtils: loadCommonInfo from assert class com.miui.voiceassist.accessibility.v
08-07 15:41:27.463 22445 30087 I VA_VoiceAccessibilityService: keepAccessibilityOpen = true switchOpen = true isReadScreenUsed = false
08-07 15:41:27.463 22445 30087 I VA_AccessibilityUtil: closeAccessibility settings = null:io.github.ylimit.droidbotapp/io.github.privacystreams.accessibility.PSAccessibilityService
08-07 15:41:27.463 22445 30087 I VA_AccessibilityUtil: closeAccessibility write ENABLED_ACCESSIBILITY_SERVICES result = true final settings = null:io.github.ylimit.droidbotapp/io.github.privacystreams.accessibility.PSAccessibilityService
08-07 15:41:27.471  1843  2051 I SDM     : DisplayBase::CommitThread: Received idle timeout, panel: cmd, timeout: 70000 us
08-07 15:41:27.475 10308 13587 I WakePathUpdatePolicy: doUpdate(user 0):responseCode:200
08-07 15:41:27.475 10308 13587 W WakePathUpdatePolicy: doUpdate(user 0): Response stream size=1376
08-07 15:41:27.476 10308 13587 I WakePathUpdatePolicy: pushWakePathData begin
08-07 15:41:27.477 10308 13587 I com.lbe.security.service.provider.WakePathDatabaseUtil: getWakePathWhiteList: whiteList.size=5
08-07 15:41:27.477  2474  4291 I WakePathChecker: MIUILOG-WAKEPATH pushWakePathWhiteList: userId=0 size=5
08-07 15:41:27.477 10308 13587 I com.lbe.security.service.provider.WakePathDatabaseUtil: getWakePathRuleList: wakeType=1 wakePathRules.size=3
08-07 15:41:27.477  2474  8355 I WakePathChecker: MIUILOG-WAKEPATH pushWakePathRuleInfos: wakeType=1 userId=0 size=3
08-07 15:41:27.477 10308 13587 I com.lbe.security.service.provider.WakePathDatabaseUtil: getWakePathRuleList: wakeType=8 wakePathRules.size=8
08-07 15:41:27.478  2474  8355 I WakePathChecker: MIUILOG-WAKEPATH pushWakePathRuleInfos: wakeType=8 userId=0 size=8
08-07 15:41:27.478 10308 13587 I com.lbe.security.service.provider.WakePathDatabaseUtil: getWakePathRuleList: wakeType=4 wakePathRules.size=4
08-07 15:41:27.478  2474  8355 I WakePathChecker: MIUILOG-WAKEPATH pushWakePathRuleInfos: wakeType=4 userId=0 size=4
08-07 15:41:27.478 10308 13587 I com.lbe.security.service.provider.WakePathDatabaseUtil: getWakePathRuleList: wakeType=2 wakePathRules.size=1
08-07 15:41:27.478  2474  8355 I WakePathChecker: MIUILOG-WAKEPATH pushWakePathRuleInfos: wakeType=2 userId=0 size=1
08-07 15:41:27.478 10308 13587 I com.lbe.security.service.provider.WakePathDatabaseUtil: getWakePathRuleList: wakeType=17 wakePathRules.size=0
08-07 15:41:27.478  2474  8355 I WakePathChecker: MIUILOG-WAKEPATH pushWakePathRuleInfos: wakeType=17 userId=0 size=0
08-07 15:41:27.479 10308 13587 I com.lbe.security.service.provider.WakePathDatabaseUtil: getWakePathRuleList: wakeType=32 wakePathRules.size=1
08-07 15:41:27.479  2474  8355 I WakePathChecker: MIUILOG-WAKEPATH pushWakePathRuleInfos: wakeType=32 userId=0 size=1
08-07 15:41:27.479 10308 13587 I com.lbe.security.service.provider.WakePathDatabaseUtil: getWakePathRuleList: wakeType=256 wakePathRules.size=8
08-07 15:41:27.479  2474  8355 I WakePathChecker: MIUILOG-WAKEPATH pushWakePathRuleInfos: wakeType=256 userId=0 size=8
08-07 15:41:27.479 10308 13587 I com.lbe.security.service.provider.WakePathDatabaseUtil: getWakePathRuleList: wakeType=128 wakePathRules.size=4
08-07 15:41:27.479  2474  8355 I WakePathChecker: MIUILOG-WAKEPATH pushWakePathRuleInfos: wakeType=128 userId=0 size=4
08-07 15:41:27.480 10308 13587 I com.lbe.security.service.provider.WakePathDatabaseUtil: getWakePathRuleList: wakeType=64 wakePathRules.size=2
08-07 15:41:27.480  2474  8355 I WakePathChecker: MIUILOG-WAKEPATH pushWakePathRuleInfos: wakeType=64 userId=0 size=2
08-07 15:41:27.480 10308 13587 I com.lbe.security.service.provider.WakePathDatabaseUtil: getWakePathRuleList: wakeType=4096 wakePathRules.size=2
08-07 15:41:27.480  2474  4291 I WakePathChecker: MIUILOG-WAKEPATH pushWakePathRuleInfos: wakeType=4096 userId=0 size=2
08-07 15:41:27.480 10308 13587 I com.lbe.security.service.provider.WakePathDatabaseUtil: getWakePathRuleList: wakeType=32768 wakePathRules.size=1
