08-07 15:41:20.561  2474 15979 I AppsFilter: interaction: PackageSetting{a5dfaa8 io.github.ylimit.droidbotapp/10425} -> PackageSetting{bf408a6 com.android.internal.display.cutout.emulation.double/10013} BLOCKED
08-07 15:41:20.561  2474 15979 I AppsFilter: interaction: PackageSetting{a5dfaa8 io.github.ylimit.droidbotapp/10425} -> PackageSetting{a0f84aa io.appium.settings/10274} BLOCKED
08-07 15:41:20.561  2474 15979 I AppsFilter: interaction: PackageSetting{a5dfaa8 io.github.ylimit.droidbotapp/10425} -> PackageSetting{501208b com.unionpay.tsmservice.mi/10185} BLOCKED
08-07 15:41:20.561  2474 15979 I AppsFilter: interaction: PackageSetting{a5dfaa8 io.github.ylimit.droidbotapp/10425} -> PackageSetting{fe76568 com.android.healthconnect.controller/10245} BLOCKED
08-07 15:41:20.561  2474 15979 I AppsFilter: interaction: PackageSetting{a5dfaa8 io.github.ylimit.droidbotapp/10425} -> PackageSetting{cdc0d81 com.wuba.zhuanzhuan/10260} BLOCKED
08-07 15:41:20.561  2474 15979 I AppsFilter: interaction: PackageSetting{a5dfaa8 io.github.ylimit.droidbotapp/10425} -> PackageSetting{8953e26 com.alibaba.aliexpresshd/10303} BLOCKED
08-07 15:41:20.561  2474 15979 I AppsFilter: interaction: PackageSetting{a5dfaa8 io.github.ylimit.droidbotapp/10425} -> PackageSetting{7df3a67 com.google.android.onetimeinitializer/10123} BLOCKED
08-07 15:41:20.561  2474 15979 I AppsFilter: interaction: PackageSetting{a5dfaa8 io.github.ylimit.droidbotapp/10425} -> PackageSetting{817014 com.android.health.connect.backuprestore/10246} BLOCKED
08-07 15:41:20.561  2474 15979 I AppsFilter: interaction: PackageSetting{a5dfaa8 io.github.ylimit.droidbotapp/10425} -> PackageSetting{abb00bd com.google.android.ext.shared/10150} BLOCKED
08-07 15:41:20.561  2474 15979 I AppsFilter: interaction: PackageSetting{a5dfaa8 io.github.ylimit.droidbotapp/10425} -> PackageSetting{b0716b2 com.android.virtualmachine.res/10237} BLOCKED
08-07 15:41:20.561  2474 15979 I AppsFilter: interaction: PackageSetting{a5dfaa8 io.github.ylimit.droidbotapp/10425} -> PackageSetting{35cd7df com.android.providers.telephony.auto_generated_characteristics_rro/10072} BLOCKED
08-07 15:41:20.561  2474 15979 I AppsFilter: interaction: PackageSetting{a5dfaa8 io.github.ylimit.droidbotapp/10425} -> PackageSetting{a9b1603 com.xiaomi.gamecenter.sdk.service/10140} BLOCKED
08-07 15:41:20.561  2474 15979 I AppsFilter: interaction: PackageSetting{a5dfaa8 io.github.ylimit.droidbotapp/10425} -> PackageSetting{e0f7980 com.android.htmlviewer/10092} BLOCKED
08-07 15:41:20.561  2474 15979 I AppsFilter: interaction: PackageSetting{a5dfaa8 io.github.ylimit.droidbotapp/10425} -> PackageSetting{c9bebb9 com.miui.gallery/10271} BLOCKED
08-07 15:41:20.561  2474 15979 I AppsFilter: interaction: PackageSetting{a5dfaa8 io.github.ylimit.droidbotapp/10425} -> PackageSetting{a4bebfe com.quicinc.voice.activation/10214} BLOCKED
08-07 15:41:20.561  2474 15979 I AppsFilter: interaction: PackageSetting{a5dfaa8 io.github.ylimit.droidbotapp/10425} -> PackageSetting{8af0f5f com.google.android.configupdater/10122} BLOCKED
08-07 15:41:20.562  2474 15979 I AppsFilter: interaction: PackageSetting{a5dfaa8 io.github.ylimit.droidbotapp/10425} -> PackageSetting{bb2adac com.android.soundrecorder/10276} BLOCKED
08-07 15:41:20.562  2474 15979 I AppsFilter: interaction: PackageSetting{a5dfaa8 io.github.ylimit.droidbotapp/10425} -> PackageSetting{b068a75 com.suxing.sustream/10338} BLOCKED
08-07 15:41:20.562  2474 15979 I AppsFilter: interaction: PackageSetting{a5dfaa8 io.github.ylimit.droidbotapp/10425} -> PackageSetting{b76ca0a io.appium.uiautomator2.server/10283} BLOCKED
08-07 15:41:20.562  2474 15979 I AppsFilter: interaction: PackageSetting{a5dfaa8 io.github.ylimit.droidbotapp/10425} -> PackageSetting{df427b com.android.safetycenter.resources/10240} BLOCKED
08-07 15:41:20.562  2474 15979 I AppsFilter: interaction: PackageSetting{a5dfaa8 io.github.ylimit.droidbotapp/10425} -> PackageSetting{b72f898 org.secuso.privacyfriendlytodolist/10270} BLOCKED
08-07 15:41:20.562  2474 15979 I AppsFilter: interaction: PackageSetting{a5dfaa8 io.github.ylimit.droidbotapp/10425} -> PackageSetting{54258f1 com.android.providers.downloads.ui/10261} BLOCKED
08-07 15:41:20.562  2474 15979 I AppsFilter: interaction: PackageSetting{a5dfaa8 io.github.ylimit.droidbotapp/10425} -> PackageSetting{fbf7cd6 com.android.simappdialog/10113} BLOCKED
08-07 15:41:20.562  2474 15979 I AppsFilter: interaction: PackageSetting{a5dfaa8 io.github.ylimit.droidbotapp/10425} -> PackageSetting{158b57 com.xingin.xhs/10286} BLOCKED
08-07 15:41:20.562  2474 15979 I AppsFilter: interaction: PackageSetting{a5dfaa8 io.github.ylimit.droidbotapp/10425} -> PackageSetting{5eb0644 com.android.connectivity.resources/10244} BLOCKED
08-07 15:41:20.562  2474 15979 I AppsFilter: interaction: PackageSetting{a5dfaa8 io.github.ylimit.droidbotapp/10425} -> PackageSetting{d92932d com.cnn.mobile.android.phone/10316} BLOCKED
08-07 15:41:20.562  2474 15979 I AppsFilter: interaction: PackageSetting{a5dfaa8 io.github.ylimit.droidbotapp/10425} -> PackageSetting{75176cf com.android.internal.display.cutout.emulation.hole/10010} BLOCKED
08-07 15:41:20.562  2474 15979 I AppsFilter: interaction: PackageSetting{a5dfaa8 io.github.ylimit.droidbotapp/10425} -> PackageSetting{2fcd85c com.android.internal.display.cutout.emulation.tall/10011} BLOCKED
08-07 15:41:20.562  2474 15979 I AppsFilter: interaction: PackageSetting{a5dfaa8 io.github.ylimit.droidbotapp/10425} -> PackageSetting{20e9062 com.android.modulemetadata/10174} BLOCKED
08-07 15:41:20.562  2474 15979 I AppsFilter: interaction: PackageSetting{a5dfaa8 io.github.ylimit.droidbotapp/10425} -> PackageSetting{9f02c3a com.android.internal.systemui.navbar.threebutton/10051} BLOCKED
08-07 15:41:20.562  2474 15979 I AppsFilter: interaction: PackageSetting{a5dfaa8 io.github.ylimit.droidbotapp/10425} -> PackageSetting{dfd85f3 com.android.wifi.dialog/10211} BLOCKED
08-07 15:41:20.562  2474 15979 I AppsFilter: interaction: PackageSetting{a5dfaa8 io.github.ylimit.droidbotapp/10425} -> PackageSetting{b442b0 com.tencent.android.qqdownloader/10324} BLOCKED
08-07 15:41:20.562  2474 15979 I AppsFilter: interaction: PackageSetting{a5dfaa8 io.github.ylimit.droidbotapp/10425} -> PackageSetting{d323529 com.android.contacts/10132} BLOCKED
08-07 15:41:20.562  2474 15979 I AppsFilter: interaction: PackageSetting{a5dfaa8 io.github.ylimit.droidbotapp/10425} -> PackageSetting{14950ae cn.amazon.mShop.android/10301} BLOCKED
08-07 15:41:20.562  2474 15979 I AppsFilter: interaction: PackageSetting{a5dfaa8 io.github.ylimit.droidbotapp/10425} -> PackageSetting{7608e4f com.miui.securitymanager/10272} BLOCKED
08-07 15:41:20.562  2474 15979 I AppsFilter: interaction: PackageSetting{a5dfaa8 io.github.ylimit.droidbotapp/10425} -> PackageSetting{f92d9dc com.baidu.searchbox/10340} BLOCKED
08-07 15:41:20.562  2474 15979 I AppsFilter: interaction: PackageSetting{a5dfaa8 io.github.ylimit.droidbotapp/10425} -> PackageSetting{c0ffae5 com.android.mms/10141} BLOCKED
08-07 15:41:20.562  2474 15979 I AppsFilter: interaction: PackageSetting{a5dfaa8 io.github.ylimit.droidbotapp/10425} -> PackageSetting{35dc9ba com.jijia.bqwnl/10327} BLOCKED
08-07 15:41:20.562  2474 15979 I AppsFilter: interaction: PackageSetting{a5dfaa8 io.github.ylimit.droidbotapp/10425} -> PackageSetting{241c06b com.yahoo.mobile.client.android.mail/10341} BLOCKED
08-07 15:41:20.562  2474 15979 I AppsFilter: interaction: PackageSetting{a5dfaa8 io.github.ylimit.droidbotapp/10425} -> PackageSetting{c61b7c8 com.mfashiongallery.emag/10262} BLOCKED
08-07 15:41:20.562  2474 15979 I AppsFilter: interaction: PackageSetting{a5dfaa8 io.github.ylimit.droidbotapp/10425} -> PackageSetting{84a6061 com.instagram.android/10289} BLOCKED
08-07 15:41:20.562  2474 15979 I AppsFilter: interaction: PackageSetting{a5dfaa8 io.github.ylimit.droidbotapp/10425} -> PackageSetting{d0ec786 com.google.android.gm/10290} BLOCKED
08-07 15:41:20.562  2474 15979 I AppsFilter: interaction: PackageSetting{a5dfaa8 io.github.ylimit.droidbotapp/10425} -> PackageSetting{7b9f847 com.android.compos.payload/10243} BLOCKED
08-07 15:41:20.562  2474 15979 I AppsFilter: interaction: PackageSetting{a5dfaa8 io.github.ylimit.droidbotapp/10425} -> PackageSetting{1be8874 com.microsoft.emmx/10311} BLOCKED
08-07 15:41:20.562  2474 15979 I AppsFilter: interaction: PackageSetting{a5dfaa8 io.github.ylimit.droidbotapp/10425} -> PackageSetting{96ba19d com.android.settings.intelligence/10142} BLOCKED
08-07 15:41:20.562  2474 15979 I AppsFilter: interaction: PackageSetting{a5dfaa8 io.github.ylimit.droidbotapp/10425} -> PackageSetting{a7fd612 com.android.calendar/10265} BLOCKED
08-07 15:41:20.562  2474 15979 I AppsFilter: interaction: PackageSetting{a5dfaa8 io.github.ylimit.droidbotapp/10425} -> PackageSetting{f93d1e3 com.miui.virtualsim/10277} BLOCKED
08-07 15:41:20.562  2474 15979 I AppsFilter: interaction: PackageSetting{a5dfaa8 io.github.ylimit.droidbotapp/10425} -> PackageSetting{475b7e0 com.microsoft.office.outlook/10323} BLOCKED
08-07 15:41:20.562  2474 15979 I AppsFilter: interaction: PackageSetting{a5dfaa8 io.github.ylimit.droidbotapp/10425} -> PackageSetting{b65ba99 com.miui.compass/10267} BLOCKED
08-07 15:41:20.562  2474 15979 I AppsFilter: interaction: PackageSetting{a5dfaa8 io.github.ylimit.droidbotapp/10425} -> PackageSetting{481415e com.android.printspooler/10224} BLOCKED
08-07 15:41:20.562  2474 15979 I AppsFilter: interaction: PackageSetting{a5dfaa8 io.github.ylimit.droidbotapp/10425} -> PackageSetting{9a7a93f com.android.dreams.basic/10103} BLOCKED
08-07 15:41:20.562  2474 15979 I AppsFilter: interaction: PackageSetting{a5dfaa8 io.github.ylimit.droidbotapp/10425} -> PackageSetting{7ae720c com.android.incallui/10126} BLOCKED
08-07 15:41:20.562  2474 15979 I AppsFilter: interaction: PackageSetting{a5dfaa8 io.github.ylimit.droidbotapp/10425} -> PackageSetting{d4e6755 com.musicworx/10320} BLOCKED
08-07 15:41:20.562  2474 15979 I AppsFilter: interaction: PackageSetting{a5dfaa8 io.github.ylimit.droidbotapp/10425} -> PackageSetting{e9c156a com.android.rkpdapp/10254} BLOCKED
08-07 15:41:20.562  2474 15979 I AppsFilter: interaction: PackageSetting{a5dfaa8 io.github.ylimit.droidbotapp/10425} -> PackageSetting{ca29a53 com.newcall.overlay.miui/10041} BLOCKED
08-07 15:41:20.562  2474 15979 I AppsFilter: interaction: PackageSetting{a5dfaa8 io.github.ylimit.droidbotapp/10425} -> PackageSetting{f79a5b todolist.scheduleplanner.dailyplanner.todo.reminders/10299} BLOCKED
08-07 15:41:20.562  2474 15979 I AppsFilter: interaction: PackageSetting{a5dfaa8 io.github.ylimit.droidbotapp/10425} -> PackageSetting{1e95089 android.auto_generated_characteristics_rro/10068} BLOCKED
08-07 15:41:20.562  2474 15979 I AppsFilter: interaction: PackageSetting{a5dfaa8 io.github.ylimit.droidbotapp/10425} -> PackageSetting{7d6a2f8 com.android.musicfx/10094} BLOCKED
08-07 15:41:20.562  2474 15979 I AppsFilter: interaction: PackageSetting{a5dfaa8 io.github.ylimit.droidbotapp/10425} -> PackageSetting{fdb23d1 com.todoist/10298} BLOCKED
08-07 15:41:20.562  2474 15979 I AppsFilter: interaction: PackageSetting{a5dfaa8 io.github.ylimit.droidbotapp/10425} -> PackageSetting{9de1e36 com.google.android.webview/10188} BLOCKED
08-07 15:41:20.562  2474 15979 I AppsFilter: interaction: PackageSetting{a5dfaa8 io.github.ylimit.droidbotapp/10425} -> PackageSetting{48b8137 com.zhuantech.sijiweather/10337} BLOCKED
08-07 15:41:20.562  2474 15979 I AppsFilter: interaction: PackageSetting{a5dfaa8 io.github.ylimit.droidbotapp/10425} -> PackageSetting{84ef6a4 com.ss.android.article.news/10325} BLOCKED
08-07 15:41:20.562  2474 15979 I AppsFilter: interaction: PackageSetting{a5dfaa8 io.github.ylimit.droidbotapp/10425} -> PackageSetting{92900cb com.android.phone.auto_generated_characteristics_rro/10060} BLOCKED
08-07 15:41:20.562  2474 15979 I AppsFilter: interaction: PackageSetting{a5dfaa8 io.github.ylimit.droidbotapp/10425} -> PackageSetting{f9d2c0d com.android.chrome/10282} BLOCKED
08-07 15:41:20.562  2474 15979 I AppsFilter: interaction: PackageSetting{a5dfaa8 io.github.ylimit.droidbotapp/10425} -> PackageSetting{865e7c2 com.UCMobile/10332} BLOCKED
08-07 15:41:20.562  2474 15979 I AppsFilter: interaction: PackageSetting{a5dfaa8 io.github.ylimit.droidbotapp/10425} -> PackageSetting{20cf9d3 com.ss.android.ugc.aweme/10322} BLOCKED
08-07 15:41:20.562  2474 15979 I AppsFilter: interaction: PackageSetting{a5dfaa8 io.github.ylimit.droidbotapp/10425} -> PackageSetting{fd6d910 com.android.wifi.resources/10258} BLOCKED
08-07 15:41:20.562  2474 15979 I AppsFilter: interaction: PackageSetting{a5dfaa8 io.github.ylimit.droidbotapp/10425} -> PackageSetting{6fd7c09 com.skysoft.kkbox.android/10285} BLOCKED
08-07 15:41:20.562  2474 15979 I AppsFilter: interaction: PackageSetting{a5dfaa8 io.github.ylimit.droidbotapp/10425} -> PackageSetting{daebe0e com.getsurfboard/10279} BLOCKED
08-07 15:41:20.562  2474 15979 I AppsFilter: interaction: PackageSetting{a5dfaa8 io.github.ylimit.droidbotapp/10425} -> PackageSetting{e23602f com.netease.newsreader.activity/10313} BLOCKED
08-07 15:41:20.562  2474 15979 I AppsFilter: interaction: PackageSetting{a5dfaa8 io.github.ylimit.droidbotapp/10425} -> PackageSetting{756be43 com.android.theme.font.notoserifsource/10017} BLOCKED
08-07 15:41:20.562  2474 15979 I AppsFilter: interaction: PackageSetting{a5dfaa8 io.github.ylimit.droidbotapp/10425} -> PackageSetting{fb8763c com.kuaishou.nebula/10329} BLOCKED
08-07 15:41:20.562  2474 15979 I AppsFilter: interaction: PackageSetting{a5dfaa8 io.github.ylimit.droidbotapp/10425} -> PackageSetting{14a6df9 com.android.internal.display.cutout.emulation.waterfall/10012} BLOCKED
08-07 15:41:20.562  2474 15979 I AppsFilter: interaction: PackageSetting{a5dfaa8 io.github.ylimit.droidbotapp/10425} -> PackageSetting{1c8e13e com.android.internal.systemui.navbar.transparent/10063} BLOCKED
08-07 15:41:20.562  2474 15979 I AppsFilter: interaction: PackageSetting{a5dfaa8 io.github.ylimit.droidbotapp/10425} -> PackageSetting{3f8cfc5 com.miui.newhome/10296} BLOCKED
08-07 15:41:20.562  2474 15979 I AppsFilter: interaction: PackageSetting{a5dfaa8 io.github.ylimit.droidbotapp/10425} -> PackageSetting{79cad1a com.miui.video/10294} BLOCKED
08-07 15:41:20.562  2474 15979 I AppsFilter: interaction: PackageSetting{a5dfaa8 io.github.ylimit.droidbotapp/10425} -> PackageSetting{68fd04b com.google.android.printservice.recommendation/10153} BLOCKED
08-07 15:41:20.562  2474 15979 I AppsFilter: interaction: PackageSetting{a5dfaa8 io.github.ylimit.droidbotapp/10425} -> PackageSetting{1b4ba28 com.baidu.searchbox.lite/10334} BLOCKED
08-07 15:41:20.562  2474 15979 I AppsFilter: interaction: PackageSetting{a5dfaa8 io.github.ylimit.droidbotapp/10425} -> PackageSetting{d9ba341 com.spotify.music/10317} BLOCKED
08-07 15:41:20.562  2474 15979 I AppsFilter: interaction: PackageSetting{a5dfaa8 io.github.ylimit.droidbotapp/10425} -> PackageSetting{c4880e6 com.google.android.documentsui/10100} BLOCKED
08-07 15:41:20.562  2474 15979 I AppsFilter: interaction: PackageSetting{a5dfaa8 io.github.ylimit.droidbotapp/10425} -> PackageSetting{a092627 com.google.android.accessibility.switchaccess/10184} BLOCKED
08-07 15:41:20.562  2474 15979 I AppsFilter: interaction: PackageSetting{a5dfaa8 io.github.ylimit.droidbotapp/10425} -> PackageSetting{8af50d4 com.sohu.inputmethod.sogou.xiaomi/10183} BLOCKED
08-07 15:41:20.562  2474 15979 I AppsFilter: interaction: PackageSetting{a5dfaa8 io.github.ylimit.droidbotapp/10425} -> PackageSetting{53e327d cn.ninegame.gamemanager/10330} BLOCKED
08-07 15:41:20.562  2474 15979 I AppsFilter: interaction: PackageSetting{a5dfaa8 io.github.ylimit.droidbotapp/10425} -> PackageSetting{d26237f io.appium.uiautomator2.server.test/10280} BLOCKED
08-07 15:41:20.562  2474 15979 I AppsFilter: interaction: PackageSetting{a5dfaa8 io.github.ylimit.droidbotapp/10425} -> PackageSetting{88bc572 com.baidu.BaiduMap/10331} BLOCKED
08-07 15:41:20.562  2474 15979 I AppsFilter: interaction: PackageSetting{a5dfaa8 io.github.ylimit.droidbotapp/10425} -> PackageSetting{1d7fdc3 com.android.providers.partnerbookmarks/10109} BLOCKED
08-07 15:41:20.562  2474 15979 I AppsFilter: interaction: PackageSetting{a5dfaa8 io.github.ylimit.droidbotapp/10425} -> PackageSetting{1aa640 com.android.smspush/10230} BLOCKED
08-07 15:41:20.562  2474 15979 I AppsFilter: interaction: PackageSetting{a5dfaa8 io.github.ylimit.droidbotapp/10425} -> PackageSetting{f807979 com.miui.calculator/10263} BLOCKED
08-07 15:41:20.562  2474 15979 I AppsFilter: interaction: PackageSetting{a5dfaa8 io.github.ylimit.droidbotapp/10425} -> PackageSetting{b4cc6be de.baumann.browser/10308} BLOCKED
08-07 15:41:20.562  2474 15979 I AppsFilter: interaction: PackageSetting{a5dfaa8 io.github.ylimit.droidbotapp/10425} -> PackageSetting{932b31f com.android.wallpaper.livepicker/10091} BLOCKED
08-07 15:41:20.562  2474 15979 I AppsFilter: interaction: PackageSetting{a5dfaa8 io.github.ylimit.droidbotapp/10425} -> PackageSetting{623e66c com.android.cellbroadcastreceiver.module/10255} BLOCKED
08-07 15:41:20.562  2474 15979 I AppsFilter: interaction: PackageSetting{a5dfaa8 io.github.ylimit.droidbotapp/10425} -> PackageSetting{1063435 com.android.apps.tag/10098} BLOCKED
08-07 15:41:20.562  2474 15979 I AppsFilter: interaction: PackageSetting{a5dfaa8 io.github.ylimit.droidbotapp/10425} -> PackageSetting{98a90ca com.android.imsserviceentitlement/10125} BLOCKED
08-07 15:41:20.562  2474 15979 I AppsFilter: interaction: PackageSetting{a5dfaa8 io.github.ylimit.droidbotapp/10425} -> PackageSetting{e59623b com.xiaomi.gamecenter/10288} BLOCKED
08-07 15:41:20.562  2474 15979 I AppsFilter: interaction: PackageSetting{a5dfaa8 io.github.ylimit.droidbotapp/10425} -> PackageSetting{c9efd58 com.android.appsearch.apk/10257} BLOCKED
08-07 15:41:20.562  2474 15979 I AppsFilter: interaction: PackageSetting{a5dfaa8 io.github.ylimit.droidbotapp/10425} -> PackageSetting{af2deb1 com.dragon.read/10335} BLOCKED
08-07 15:41:20.562  2474 15979 I AppsFilter: interaction: PackageSetting{a5dfaa8 io.github.ylimit.droidbotapp/10425} -> PackageSetting{40dd19e com.anydo/10292} BLOCKED
08-07 15:41:20.562  2474 15979 I AppsFilter: interaction: PackageSetting{a5dfaa8 io.github.ylimit.droidbotapp/10425} -> PackageSetting{728ef96 com.miui.cleanmaster/10266} BLOCKED
08-07 15:41:20.563  2474 15979 I AppsFilter: interaction: PackageSetting{a5dfaa8 io.github.ylimit.droidbotapp/10425} -> PackageSetting{cb29704 com.miui.weather2/10278} BLOCKED
08-07 15:41:20.563  2474 15979 I AppsFilter: interaction: PackageSetting{a5dfaa8 io.github.ylimit.droidbotapp/10425} -> PackageSetting{325b4ed com.autonavi.minimap/10333} BLOCKED
08-07 15:41:20.563  2474 15979 I AppsFilter: interaction: PackageSetting{a5dfaa8 io.github.ylimit.droidbotapp/10425} -> PackageSetting{7c6f22 com.xiaomi.scanner/10281} BLOCKED
08-07 15:41:20.563  2474 15979 I AppsFilter: interaction: PackageSetting{a5dfaa8 io.github.ylimit.droidbotapp/10425} -> PackageSetting{523ddb3 com.google.android.apps.tasks/10300} BLOCKED
08-07 15:41:20.563  3050 25119 E libsensor-parseRGB: CWB NotifyCWBBufferDone  error 0
08-07 15:41:20.563  2474 15979 I AppsFilter: interaction: PackageSetting{a5dfaa8 io.github.ylimit.droidbotapp/10425} -> PackageSetting{9441f70 com.duokan.reader/10287} BLOCKED
08-07 15:41:20.563  2474 15979 I AppsFilter: interaction: PackageSetting{a5dfaa8 io.github.ylimit.droidbotapp/10425} -> PackageSetting{17d7b35 com.android.cts.ctsshim/10253} BLOCKED
08-07 15:41:20.563  2474 15979 I AppsFilter: interaction: PackageSetting{a5dfaa8 io.github.ylimit.droidbotapp/10425} -> PackageSetting{435b2e9 douzifly.list/10182} BLOCKED
08-07 15:41:20.563  2474 15979 I AppsFilter: interaction: PackageSetting{a5dfaa8 io.github.ylimit.droidbotapp/10425} -> PackageSetting{965b6e com.miui.yellowpage/10137} BLOCKED
08-07 15:41:20.563  2474 15979 I AppsFilter: interaction: PackageSetting{a5dfaa8 io.github.ylimit.droidbotapp/10425} -> PackageSetting{4f4a20f com.einnovation.temu/10304} BLOCKED
08-07 15:41:20.563  2474 15979 I AppsFilter: interaction: PackageSetting{a5dfaa8 io.github.ylimit.droidbotapp/10425} -> PackageSetting{734f120 com.android.microdroid.empty_payload/10236} BLOCKED
08-07 15:41:20.563  2474 15979 I AppsFilter: interaction: PackageSetting{a5dfaa8 io.github.ylimit.droidbotapp/10425} -> PackageSetting{c23c29c com.android.email/10268} BLOCKED
08-07 15:41:20.563  2474 15979 I AppsFilter: interaction: PackageSetting{a5dfaa8 io.github.ylimit.droidbotapp/10425} -> PackageSetting{12d94a5 com.android.music/10175} BLOCKED
08-07 15:41:20.563  2474 15979 I AppsFilter: interaction: PackageSetting{a5dfaa8 io.github.ylimit.droidbotapp/10425} -> PackageSetting{50c07a com.android.hotspot2.osulogin/10259} BLOCKED
08-07 15:41:20.563  2474 15979 I AppsFilter: interaction: PackageSetting{a5dfaa8 io.github.ylimit.droidbotapp/10425} -> PackageSetting{eb2ed95 com.android.companiondevicemanager.auto_generated_characteristics_rro/10006} BLOCKED
08-07 15:41:20.563  2474 15979 I AppsFilter: interaction: PackageSetting{a5dfaa8 io.github.ylimit.droidbotapp/10425} -> PackageSetting{563502b com.google.android.gms.location.history/10152} BLOCKED
08-07 15:41:20.563  2474 15979 I AppsFilter: interaction: PackageSetting{a5dfaa8 io.github.ylimit.droidbotapp/10425} -> PackageSetting{9f86c88 com.smile.gifmaker/10339} BLOCKED
08-07 15:41:20.563  2474 15979 I AppsFilter: interaction: PackageSetting{a5dfaa8 io.github.ylimit.droidbotapp/10425} -> PackageSetting{3c08e38 com.android.internal.systemui.navbar.gestural/10052} BLOCKED
08-07 15:41:20.563  2474 15979 I AppsFilter: interaction: PackageSetting{a5dfaa8 io.github.ylimit.droidbotapp/10425} -> PackageSetting{907d621 ru.mail.mailapp/10321} BLOCKED
08-07 15:41:20.563  2474 15979 I AppsFilter: interaction: PackageSetting{a5dfaa8 io.github.ylimit.droidbotapp/10425} -> PackageSetting{a1a6a46 com.google.android.apps.youtube.music/10318} BLOCKED
08-07 15:41:20.563  2474 15979 I AppsFilter: interaction: PackageSetting{a5dfaa8 io.github.ylimit.droidbotapp/10425} -> PackageSetting{1c4c407 com.android.bluetoothmidiservice/10104} BLOCKED
08-07 15:41:20.563  2474 15979 I AppsFilter: interaction: PackageSetting{a5dfaa8 io.github.ylimit.droidbotapp/10425} -> PackageSetting{8ebc934 com.jijia.jjweather/10336} BLOCKED
08-07 15:41:20.563  2474 15979 I AppsFilter: interaction: PackageSetting{a5dfaa8 io.github.ylimit.droidbotapp/10425} -> PackageSetting{5eab35d com.ebay.mobile/10291} BLOCKED
08-07 15:41:20.563  2474 15979 I AppsFilter: interaction: PackageSetting{a5dfaa8 io.github.ylimit.droidbotapp/10425} -> PackageSetting{e82e4d2 com.google.android.apps.magazines/10315} BLOCKED
08-07 15:41:20.563  2474 15979 I AppsFilter: interaction: PackageSetting{a5dfaa8 io.github.ylimit.droidbotapp/10425} -> PackageSetting{9245213 com.qualcomm.qti.server.wigig.tethering.rro/10229} BLOCKED
08-07 15:41:20.563  2474 15979 I AppsFilter: interaction: PackageSetting{a5dfaa8 io.github.ylimit.droidbotapp/10425} -> PackageSetting{bdf99a3 com.sina.news/10314} BLOCKED
08-07 15:41:20.563  2474 15979 I AppsFilter: interaction: PackageSetting{a5dfaa8 io.github.ylimit.droidbotapp/10425} -> PackageSetting{61644a0 tv.danmaku.bili/10326} BLOCKED
08-07 15:41:20.563  2474 15979 I AppsFilter: interaction: PackageSetting{a5dfaa8 io.github.ylimit.droidbotapp/10425} -> PackageSetting{4242859 com.android.captiveportallogin/10106} BLOCKED
08-07 15:41:20.563  2474 15979 I AppsFilter: interaction: PackageSetting{a5dfaa8 io.github.ylimit.droidbotapp/10425} -> PackageSetting{5867c1e com.microsoft.todos/10293} BLOCKED
08-07 15:41:20.563  2474 15979 I AppsFilter: interaction: PackageSetting{a5dfaa8 io.github.ylimit.droidbotapp/10425} -> PackageSetting{1482cff com.miui.core/10194} BLOCKED
08-07 15:41:20.568  2474 10068 W ActivityManager: Permission Denial: getCurrentUser() from pid=27195, uid=10425 requires android.permission.INTERACT_ACROSS_USERS
08-07 15:41:20.568 27195 27195 W libc    : Access denied finding property "vendor.boostfwk.frameprefetcher"
08-07 15:41:20.568 27195 27375 E FramePredict: registerContentObserver fail
08-07 15:41:20.568 27195 27195 W libc    : Access denied finding property "ro.vendor.df.effect.conflict"
08-07 15:41:20.567 27195 27195 W mit.droidbotapp: type=1400 audit(0.0:39401): avc:  denied  { read } for  name="u:object_r:vendor_displayfeature_prop:s0" dev="tmpfs" ino=572 scontext=u:r:untrusted_app_32:s0:c169,c257,c512,c768 tcontext=u:object_r:vendor_displayfeature_prop:s0 tclass=file permissive=0 app=io.github.ylimit.droidbotapp
08-07 15:41:20.587 14158 14199 I od.sogou.xiaomi: This is non sticky GC, maxfree is 16777216 minfree is 8388608
08-07 15:41:20.589 27195 27195 I ViewRootImpl: InputMethod use first frame acceleration
08-07 15:41:20.592  2474 10068 I SmartPower: io.github.ylimit.droidbotapp/10425(27195): background->visible(933ms) R(become visible) adj=200.
08-07 15:41:20.614 27195 27195 I Choreographer: first vsync insert message into MessageQueue Head
08-07 15:41:20.619 20053 27084 I Market-DownloadLimitSpeedManager: stopLimitSpeed
08-07 15:41:20.619 20053 27084 I Market-ThermalLimitSpeedManager: startLoopLimitSpeed() ----------
08-07 15:41:20.619 20053 27084 I Market-LimitSpeedManager: stopLimitSpeedNow() =========== 
08-07 15:41:20.620  7458  7458 I HandWritingStubImpl: getCurrentKeyboardType: 1
08-07 15:41:20.624 20053 27084 I Market-RetrofitRequest: callEnd : https://updateinfo.market.xiaomi.com/apm/updateinfo/priority
08-07 15:41:20.630  3086  3086 I adbd    : in ShellService: getprop ro.secure
08-07 15:41:20.631 20053 27084 I Market-SystemSettingsManager: extraSettingsSecureGetInt key: com.xiaomi.market.need_update_game_count, value: 0
08-07 15:41:20.631 20053 27084 I Market-UpdateAppList: update app list do not change, don't notify: pkg (52) = com.ss.android.ugc.aweme,com.milink.service,com.miui.hybrid,com.baidu.BaiduMap,com.netease.newsreader.activity,com.baidu.searchbox.lite,com.android.fileexplorer,com.xiaomi.aiasst.vision,com.microsoft.office.outlook,com.miui.newhome,com.autonavi.minimap,com.miui.mishare.connectivity,com.android.contacts,com.unionpay.tsmservice.mi,com.miui.voiceassist,com.miui.thirdappassistant,com.xiaomi.scanner,com.miui.securitycenter,com.miui.backup,com.duokan.reader,com.baidu.searchbox,com.wuba.zhuanzhuan,com.xingin.xhs,com.miui.touchassistant,tv.danmaku.bili,com.dragon.read,com.miui.gallery,com.UCMobile,com.miui.carlink,com.xiaomi.payment,com.miui.tsmclient,com.smile.gifmaker,com.xiaomi.gamecenter,com.android.browser,com.suxing.sustream,com.xiaomi.mis,com.miui.virtualsim,com.android.quicksearchbox,com.sina.news,com.miui.video,com.ss.android.article.news,com.quark.browser,com.miui.personalassistant,com.xiaomi.gamecenter.sdk.service,com.kuaishou.nebula,com.miui.bugreport,com.xiaomi.digitalkey,com.android.calendar,com.xiaomi.aicr,com.xiaomi.xmsf,com.xiaomi.mirror,com.android.soundrecorder
08-07 15:41:20.632 20053 26965 I Market-SubScriptManager: updateMarketSubScript forceShow : false
08-07 15:41:20.632 20053 26965 I Market-SubScriptManager: get count -1
08-07 15:41:20.632 20053 26973 I Market-SubScriptManager: updateMarketSubScript forceShow : false
08-07 15:41:20.633 20053 26973 I Market-SubScriptManager: get count -1
08-07 15:41:20.634 20053 27084 I Market-LocalAppManager: queryDiffSizeFromServer start
08-07 15:41:20.635 20053 27084 I Market-RetrofitRequest: callStart : https://updateinfo.market.xiaomi.com/apm/updateinfo/diffsize
08-07 15:41:20.635 20053 27084 I Market-RetrofitRequest: HeaderInterceptor : https://updateinfo.market.xiaomi.com/apm/updateinfo/diffsize
08-07 15:41:20.636 20053 27084 E Market-Client: isSupportChildMode, error: java.lang.NumberFormatException: For input string: ""
08-07 15:41:20.636 20053 27084 E Market-Client: isSupportChildMode, error: java.lang.NumberFormatException: For input string: ""
08-07 15:41:20.638 20053 27084 I Market-LimitSpeedManager: startLimitSpeedNow() ====== speed = 32768
08-07 15:41:20.645 20053 27084 I Market-DownloadLimitSpeedManager: startLimitSpeed success. Total count 1
08-07 15:41:20.645 20053 27084 I Market-RetrofitRequest: HeaderInterceptor : https://updateinfo.market.xiaomi.com/apm/updateinfo/diffsize
08-07 15:41:20.691  1843  2051 I SDM     : DisplayBase::CommitThread: Received idle timeout, panel: cmd, timeout: 70000 us
08-07 15:41:20.696  3086  3086 I adbd    : in ShellService: getprop ro.debuggable
08-07 15:41:20.717 20053 27084 I Market-DownloadLimitSpeedManager: stopLimitSpeed
08-07 15:41:20.717 20053 27084 I Market-ThermalLimitSpeedManager: startLoopLimitSpeed() ----------
08-07 15:41:20.717 20053 27084 I Market-LimitSpeedManager: stopLimitSpeedNow() =========== 
08-07 15:41:20.727 20053 27084 I Market-RetrofitRequest: callEnd : https://updateinfo.market.xiaomi.com/apm/updateinfo/diffsize
08-07 15:41:20.728 20053 27084 I Market-LocalAppManager: queryDiffSizeFromServer end
08-07 15:41:20.729 20053 27144 I Market-SubScriptManager: updateMarketSubScript forceShow : false
08-07 15:41:20.729 20053 27144 I Market-SubScriptManager: get count -1
08-07 15:41:20.731 20053 26974 I Market-SubScriptManager: updateMarketSubScript forceShow : false
08-07 15:41:20.731 20053 26974 I Market-SubScriptManager: get count -1
08-07 15:41:20.734 20053 27084 I Market-WakeLockManager: release wakeLock: CheckUpdateService
08-07 15:41:20.735 20053 26973 I Market-SubScriptManager: updateMarketSubScript forceShow : false
08-07 15:41:20.735 20053 26973 I Market-SubScriptManager: get count -1
08-07 15:41:20.736  1843  1843 I SDM     : HWCDisplay::SetActiveConfigWithConstraints: display:66-0, config: 1, WxH 1200x2670, fps 120
08-07 15:41:20.736  1843  1843 W SDM     : HWDeviceDRM::GetSupportedBitClkRate: Requested rate not supported: 1150000000
08-07 15:41:20.736  1843  1843 I SDM     : HWDeviceDRM::UpdateMixerAttributes: Mixer WxH 1200x2670-1 for Peripheral
08-07 15:41:20.737  1843  1843 I SDM     : HWCDisplay::SubmitDisplayConfig: Active configuration changed from config 3 to 1
08-07 15:41:20.737  1843  1843 I SDM     : HWCDisplay::SubmitDisplayConfig: Active WxH 1200x2670 ,ddic_mode:idle, timing_fps: 120, sf_fps: 120
08-07 15:41:20.739  1865  1865 I vendor.qti.hardware.servicetrackeraidl-service: destroyService is called for service : com.xiaomi.market/.business_core.update.auto.CheckUpdateService
08-07 15:41:20.741  1843  3496 I vendor.qti.hardware.display.composer-service: Sensor: notify citsensorservice to trigger cwb, misForced = 0
08-07 15:41:20.742  3050  4554 I libsensor-parseRGB: request dump start for mRequestDisplayId 0
08-07 15:41:20.738 20053 20053 I Market-ServiceUtils: stop foreground service: CheckUpdateService
08-07 15:41:20.754 27195 27214 I mit.droidbotapp: Compiler allocated 5390KB to compile void android.view.ViewRootImpl.performTraversals()
08-07 15:41:20.760  3050  3083 E libsensor-parseRGB: CWB NotifyCWBBufferDone  error 0
08-07 15:41:20.762  3086  3086 I adbd    : in ShellService: dumpsys display
08-07 15:41:20.816  1843  2051 I SDM     : DisplayBase::CommitThread: Received idle timeout, panel: cmd, timeout: 70000 us
08-07 15:41:20.896  1843  3496 I vendor.qti.hardware.display.composer-service: Sensor: notify citsensorservice to trigger cwb, misForced = 1
08-07 15:41:20.897  3050  4554 I libsensor-parseRGB: request dump start for mRequestDisplayId 0
08-07 15:41:20.917  3050 25119 E libsensor-parseRGB: CWB NotifyCWBBufferDone  error 0
08-07 15:41:20.937  3086  3086 I adbd    : in ShellService: wm size
08-07 15:41:20.976  1843  2051 I SDM     : DisplayBase::CommitThread: Received idle timeout, panel: cmd, timeout: 70000 us
08-07 15:41:21.012  3086  3086 I adbd    : in ShellService: dumpsys input
08-07 15:41:21.053 13430 13430 I RuntimePermissionManager: isRuntimeRequestSupport: true
08-07 15:41:21.074  2474  9656 W ParceledListSlice: Element #44 is 26672 bytes.
08-07 15:41:21.074  2474  9656 W ParceledListSlice: Overly large reply size: 82384
08-07 15:41:21.075  2474  7659 W ParceledListSlice: Element #45 is 26676 bytes.
08-07 15:41:21.075  2474  7659 W ParceledListSlice: Element #46 is 26676 bytes.
08-07 15:41:21.075  2474  7659 W ParceledListSlice: Element #47 is 26684 bytes.
08-07 15:41:21.075  2474 10068 W ParceledListSlice: Element #48 is 26688 bytes.
08-07 15:41:21.075  2474 10068 W ParceledListSlice: Element #54 is 19664 bytes.
08-07 15:41:21.076  2474  9656 W ParceledListSlice: Element #55 is 19652 bytes.
08-07 15:41:21.076  2474  9656 W ParceledListSlice: Element #56 is 19692 bytes.
08-07 15:41:21.076  2474  9656 W ParceledListSlice: Element #57 is 19720 bytes.
08-07 15:41:21.076  2474  9656 W ParceledListSlice: Element #58 is 19720 bytes.
08-07 15:41:21.076  2474  2642 W ParceledListSlice: Element #59 is 19684 bytes.
08-07 15:41:21.076  2474  2642 W ParceledListSlice: Element #60 is 19692 bytes.
08-07 15:41:21.077  2474  2642 W ParceledListSlice: Element #61 is 19668 bytes.
08-07 15:41:21.077  2474  2642 W ParceledListSlice: Element #62 is 19680 bytes.
08-07 15:41:21.077  2474  7659 W ParceledListSlice: Element #63 is 19672 bytes.
08-07 15:41:21.077  2474  7659 W ParceledListSlice: Element #64 is 29724 bytes.
08-07 15:41:21.077  2474  7659 W ParceledListSlice: Element #65 is 29744 bytes.
08-07 15:41:21.077  2474  9656 W ParceledListSlice: Element #66 is 29736 bytes.
08-07 15:41:21.079  3086  3086 I adbd    : in ShellService: getprop ro.sf.lcd_density
08-07 15:41:21.082 17757 17991 I Ad      : isPersonalizedAdEnabled getAdSettings: 1
08-07 15:41:21.085  2474  3506 I AppsFilter: interaction: PackageSetting{734f120 com.android.microdroid.empty_payload/10236} -> PackageSetting{728ef96 com.miui.cleanmaster/10266} BLOCKED
08-07 15:41:21.085  2474  3506 I AppsFilter: interaction: PackageSetting{d26237f io.appium.uiautomator2.server.test/10280} -> PackageSetting{728ef96 com.miui.cleanmaster/10266} BLOCKED
08-07 15:41:21.086  2474  3506 I AppsFilter: interaction: PackageSetting{a5dfaa8 io.github.ylimit.droidbotapp/10425} -> PackageSetting{728ef96 com.miui.cleanmaster/10266} BLOCKED
08-07 15:41:21.086  2474  3506 I AppsFilter: interaction: PackageSetting{e390b95 com.rongcard.eid/10151} -> PackageSetting{728ef96 com.miui.cleanmaster/10266} BLOCKED
08-07 15:41:21.086  2474  3506 I AppsFilter: interaction: PackageSetting{a0f84aa io.appium.settings/10274} -> PackageSetting{728ef96 com.miui.cleanmaster/10266} BLOCKED
08-07 15:41:21.089  2474  7659 W ParceledListSlice: Element #273 is 21068 bytes.
08-07 15:41:21.089  2474  2641 W ParceledListSlice: Element #274 is 21048 bytes.
08-07 15:41:21.089  2474  2641 W ParceledListSlice: Element #275 is 21056 bytes.
08-07 15:41:21.089  2474  2641 W ParceledListSlice: Element #276 is 21036 bytes.
08-07 15:41:21.089  2474  2641 W ParceledListSlice: Element #277 is 21084 bytes.
08-07 15:41:21.089  2474  2641 W ParceledListSlice: Overly large reply size: 84248
08-07 15:41:21.090  2474  7659 W ParceledListSlice: Element #278 is 21084 bytes.
08-07 15:41:21.090  2474  7659 W ParceledListSlice: Element #279 is 21096 bytes.
08-07 15:41:21.090  2474  7659 W ParceledListSlice: Element #280 is 21084 bytes.
08-07 15:41:21.090  2474  7659 W ParceledListSlice: Element #281 is 21084 bytes.
08-07 15:41:21.090  2474  7659 W ParceledListSlice: Overly large reply size: 84372
08-07 15:41:21.090  2474  2641 W ParceledListSlice: Element #282 is 21104 bytes.
08-07 15:41:21.090  2474  2641 W ParceledListSlice: Element #283 is 21092 bytes.
08-07 15:41:21.090  2474  2641 W ParceledListSlice: Element #284 is 21080 bytes.
08-07 15:41:21.099 16479 24321 I PermissionControllerServiceImpl: Updating user sensitive for uid 10266
08-07 15:41:21.100  2474  2641 W ParceledListSlice: Element #8 is 20788 bytes.
08-07 15:41:21.100  2474  2641 W ParceledListSlice: Element #9 is 20768 bytes.
08-07 15:41:21.102  7856  8405 E SmsApplication: com.android.mms lost android:read_cell_broadcasts:  (fixing)
08-07 15:41:21.102 13053 13053 E RegisteredServicesCache: Skipping application component ComponentInfo{com.UCMobile/com.alibaba.ariver.commonability.device.jsapi.nfc.service.TinyAppHostApduService}: it must request the permission android.permission.NFC
08-07 15:41:21.102 13053 13053 E RegisteredServicesCache: Skipping application component ComponentInfo{com.UCMobile/com.alipay.mobile.aompdevice.nfc.service.TinyAppHostApduService}: it must request the permission android.permission.NFC
08-07 15:41:21.103 13053 13053 E RegisteredServicesCache: Skipping application component ComponentInfo{com.autonavi.minimap/com.alibaba.ariver.commonability.device.jsapi.nfc.service.TinyAppHostApduService}: it must request the permission android.permission.NFC
08-07 15:41:21.103 13053 13053 E RegisteredServicesCache: Skipping application component ComponentInfo{com.autonavi.minimap/com.alipay.mobile.aompdevice.nfc.service.TinyAppHostApduService}: it must request the permission android.permission.NFC
08-07 15:41:21.103 13430 14162 I RuntimePermissionManager: isRuntimeRequestSupport: true
08-07 15:41:21.103 13430 14162 I InstalledPackagesMemoryCache: getInstallPermissionGranted=true
08-07 15:41:21.102  2474  8332 W AppOpService: Ignored setUidMode call for runtime permission app op: uid = 10141, code = READ_CELL_BROADCASTS, mode = allow, callingUid = 1001, oldMode = allow
08-07 15:41:21.105 13053 13053 I RegisteredServicesCache: current user: 0, is managed profile : false
08-07 15:41:21.107 13053 13053 I RegisteredAidCache: updateRoutingLocked(false): Enter
08-07 15:41:21.107 13053 13053 I AidRoutingManager: configureRouting(false): Enter
08-07 15:41:21.107 13053 13053 E AidRoutingManager: Size of routing table970
08-07 15:41:21.107 13053 13053 I RegisteredAidCache: updateRoutingLocked(false): exit
08-07 15:41:21.107  2474  8820 W AppOpService: Ignored setUidMode call for runtime permission app op: uid = 1001, code = READ_SMS, mode = allow, callingUid = 1001, oldMode = allow
08-07 15:41:21.107 13053 13053 I libnfc_nci: [INFO:NativeT4tNfcee.cpp(870)] nfcManager_isFwSupportNonStdT4TAid Enter isFwSupport = 1
08-07 15:41:21.107 13053 13053 I libnfc_nci: [INFO:SecureElement.cpp(1487)] SecureElement::getEseHandleFromGenericId: enter; ESE-ID = 0x7F
08-07 15:41:21.108 13053 13053 I libnfc_nci: [INFO:SecureElement.cpp(1528)] SecureElement::getEseHandleFromGenericId: enter; ESE-Handle = 0x410
08-07 15:41:21.108  2474  8332 W AppOpService: Ignored setUidMode call for runtime permission app op: uid = 1001, code = RECEIVE_SMS, mode = allow, callingUid = 1001, oldMode = allow
08-07 15:41:21.108 13053 13053 I libnfc_nci: [INFO:SecureElement.cpp(1487)] SecureElement::getEseHandleFromGenericId: enter; ESE-ID = 0x00
08-07 15:41:21.108 13053 13053 I libnfc_nci: [INFO:SecureElement.cpp(1528)] SecureElement::getEseHandleFromGenericId: enter; ESE-Handle = 0x400
08-07 15:41:21.108  2474  8332 W AppOpService: Ignored setUidMode call for runtime permission app op: uid = 1001, code = RECEIVE_WAP_PUSH, mode = allow, callingUid = 1001, oldMode = allow
08-07 15:41:21.108  2474  8332 W AppOpService: Ignored setUidMode call for runtime permission app op: uid = 1001, code = SEND_SMS, mode = allow, callingUid = 1001, oldMode = allow
08-07 15:41:21.109  2474  8820 W AppOpService: Ignored setUidMode call for runtime permission app op: uid = 1001, code = READ_CELL_BROADCASTS, mode = allow, callingUid = 1001, oldMode = allow
08-07 15:41:21.109  7800  7842 I SecureElement-Terminal-eSE1: isSecureElementPresent()
08-07 15:41:21.109  1774  1774 I android.hardware.secure_element-service.qti: isCardPresent
08-07 15:41:21.109  1774  1774 I android.hardware.secure_element-service.qti: isCardPresent exit, cardPresent: 1
08-07 15:41:21.110 10308  2083 E PackageUtil: getPackageInfoAsUser failed com.accuweather.android , 999
08-07 15:41:21.110 10308  2083 E PermissionManagerProvider:  getPackageInfo is null packageName : com.accuweather.android
08-07 15:41:21.111  7800  7842 I SecureElement-Terminal-SIM1: isSecureElementPresent()
08-07 15:41:21.111  7800  7842 I SecureElement-Terminal-SIM1: isNfcEventAllowed: No access rules for checking.
08-07 15:41:21.112  7800  7842 I SecureElement-Terminal-SIM2: isSecureElementPresent()
08-07 15:41:21.122 10308  2083 E PackageUtil: getPackageInfoAsUser failed io.github.ylimit.droidbotapp , 999
08-07 15:41:21.129  2474  2664 W EnhancedConfirmationService: The packageName should not be null.
08-07 15:41:21.129  2474  2664 W MagnificationConnectionManager: requestConnection duplicated request: connect=false, mConnectionState=DISCONNECTED
08-07 15:41:21.146  3086  3086 I adbd    : in ShellService: input keyevent MENU
08-07 15:41:21.196  2474  7659 W MIUIInput: Input event injection from package: null action ACTION_DOWN keycode 82
08-07 15:41:21.197  2474  7659 W MiuiInputKeyEventLog: keyCode:82 down:true eventTime:29504752 downTime:29504752 policyFlags:2b000000 flags:0 metaState:0 deviceId:-1 isScreenOn:true keyguardActive:false repeatCount:0
08-07 15:41:21.198  2474  4371 I InputFeature: supportXiaomiHyperXiaoAi is true
08-07 15:41:21.198  2474  4371 I InputFeature: supportXiaomiHyperXiaoAiScreenRecognition support
08-07 15:41:21.198  2474  4371 I InputFeature: supportBlockCombinationKey com.miui.home version: 3
08-07 15:41:21.198  2474  4371 I MiuiInputKeyEventLog: is show menu
08-07 15:41:21.199  2036  2036 E DisplayModeController: setDesiredMode : Idle status skip setActiveMode, isDdicIdleMode: 1
08-07 15:41:21.199  2474  4371 I MIUIInput: [KeyEvent] publisher action:0x0,  keyCode:82 , deviceId=-1, 29504752,channel '79e08af com.miui.home/com.miui.home.launcher.Launcher (server)' 
08-07 15:41:21.199  7458  7458 I MIUIInput: [KeyEvent] ViewRootImpl windowName 'com.miui.home/com.miui.home.launcher.Launcher', KeyEvent { action=ACTION_DOWN, keyCode=KEYCODE_MENU, scanCode=0, metaState=0, flags=0x0, repeatCount=0, eventTime=29504752000000, downTime=29504752000000, deviceId=-1, source=0x0, displayId=-1 }, phoneEventTime=15:41:21.196
08-07 15:41:21.202  2474  7659 W MIUIInput: Input event injection from package: null action ACTION_UP keycode 82
08-07 15:41:21.202  2474  7659 W MiuiInputKeyEventLog: keyCode:82 down:false eventTime:29504757 downTime:29504752 policyFlags:2b000000 flags:0 metaState:0 deviceId:-1 isScreenOn:true keyguardActive:false repeatCount:0
08-07 15:41:21.202  2474  4371 I InputFeature: supportXiaomiHyperXiaoAi is true
08-07 15:41:21.203  2474  4371 I InputFeature: supportXiaomiHyperXiaoAiScreenRecognition support
08-07 15:41:21.202  1843  1843 I SDM     : HWCDisplay::SetActiveConfigWithConstraints: display:66-0, config: 3, WxH 1200x2670, fps 120
08-07 15:41:21.203  2474  4371 I InputFeature: supportBlockCombinationKey com.miui.home version: 3
08-07 15:41:21.203  2474  4371 I MiuiInputKeyEventLog: is show menu
08-07 15:41:21.203  2474  4371 I MIUIInput: [KeyEvent] publisher action:0x1,  keyCode:82 , deviceId=-1, 29504757,channel '79e08af com.miui.home/com.miui.home.launcher.Launcher (server)' 
08-07 15:41:21.203  7458  7458 I MIUIInput: [KeyEvent] ViewRootImpl windowName 'com.miui.home/com.miui.home.launcher.Launcher', KeyEvent { action=ACTION_UP, keyCode=KEYCODE_MENU, scanCode=0, metaState=0, flags=0x0, repeatCount=0, eventTime=29504757000000, downTime=29504752000000, deviceId=-1, source=0x0, displayId=-1 }, phoneEventTime=15:41:21.201
08-07 15:41:21.203  1843  1843 W SDM     : HWDeviceDRM::GetSupportedBitClkRate: Requested rate not supported: 1150000000
08-07 15:41:21.203  1843  1843 I SDM     : HWDeviceDRM::UpdateMixerAttributes: Mixer WxH 1200x2670-1 for Peripheral
08-07 15:41:21.203  7458  7458 I AnimStateManager: IdleState handle event 2006
08-07 15:41:21.203  7458  7458 I AnimStateManager: CommonState handle event 2006
08-07 15:41:21.203  1843  1843 I SDM     : HWCDisplay::SubmitDisplayConfig: Active configuration changed from config 1 to 3
08-07 15:41:21.203  1843  1843 I SDM     : HWCDisplay::SubmitDisplayConfig: Active WxH 1200x2670 ,ddic_mode:auto, timing_fps: 120, sf_fps: 120
08-07 15:41:21.204  7497 13458 I MiuiWallpaper-MiuiWallpaperManagerService: isMiuiWallpaperComponentUsing: true
08-07 15:41:21.205  7497 13458 I MiuiWallpaper-MiuiWallpaperManagerService: isMiuiWallpaperComponentUsing: true
08-07 15:41:21.206  7497 13458 I MiuiWallpaper-MiuiWallpaperManagerService: isMiuiWallpaperComponentUsing: true
08-07 15:41:21.206  7458  8091 I HapticFeedbackUtil: rtp:216
08-07 15:41:21.209  1843  3496 I vendor.qti.hardware.display.composer-service: Sensor: notify citsensorservice to trigger cwb, misForced = 0
08-07 15:41:21.210  3050  4554 I libsensor-parseRGB: request dump start for mRequestDisplayId 0
08-07 15:41:21.216  7458  7458 W PreviewDisappear: set, applyTo for info: com.miui.home.launcher.graphics.DrawableInfo@f1ef5c1, with icon: null
08-07 15:41:21.230  1775  1775 I sensors-hal: batch:141, android.sensor.accelerometer/11, period=66667000, max_latency=0
08-07 15:41:21.230  1775  1775 I sensors-hal: set_config:56, sample_period_ns is adjusted to 66667000 based on min/max delay_ns
08-07 15:41:21.230  1775  1775 I sensors-hal: batch:150, android.sensor.accelerometer/11, period=66667000, max_latency=0 request completed
08-07 15:41:21.230  2474 15979 I SensorService: 	>>> actuating h/w activate handle=0x100000b enabled=1
08-07 15:41:21.230  1775  1775 I sensors-hal: activate:108, android.sensor.accelerometer/11 en=1
08-07 15:41:21.230  1775  1775 I sensors-hal: acquire_qsh_interface:121, acquire_qsh_interface with sensor_id 104 , conn_type 2 
08-07 15:41:21.231  2474  2817 I SensorAccount: App register sensor to track it noWakeupSensor_10138_0x100000b
08-07 15:41:21.231  1739  1812 I minksocket: MinkIPC MESSAGE: ( 1739:1812 ) MinkIPC_QRTR_Service:351 minkipc = 0xb4000076c18ba7f0 sock = 19, client with node 1 port 5c91 went down
08-07 15:41:21.231  1739  1832 I minksocket: MinkIPC MESSAGE: ( 1739:1832 ) MinkIPC_QRTR_Service:351 minkipc = 0xb4000076c18baed0 sock = 35, client with node 1 port 5c91 went down
08-07 15:41:21.232  1739  1832 I minksocket: MinkIPC MESSAGE: ( 1739:1832 ) MinkIPC_QRTR_Service:351 minkipc = 0xb4000076c18baed0 sock = 35, client with node 1 port 5c92 went down
08-07 15:41:21.232  1739  1812 I minksocket: MinkIPC MESSAGE: ( 1739:1812 ) MinkIPC_QRTR_Service:351 minkipc = 0xb4000076c18ba7f0 sock = 19, client with node 1 port 5c92 went down
08-07 15:41:21.233  1739  1832 I minksocket: MinkIPC MESSAGE: ( 1739:1832 ) MinkIPC_QRTR_Service:351 minkipc = 0xb4000076c18baed0 sock = 35, client with node 1 port 5c93 went down
08-07 15:41:21.233  1739  1812 I minksocket: MinkIPC MESSAGE: ( 1739:1812 ) MinkIPC_QRTR_Service:351 minkipc = 0xb4000076c18ba7f0 sock = 19, client with node 1 port 5c93 went down
08-07 15:41:21.233  1775  1775 I sensors-hal: qsh_qmi:35, qsh_qmi
08-07 15:41:21.233  1775  1775 I sensors-hal: register_cb:314, suid(low=11115320498015681092,high=2286538866409242278) is new. register callbacks
08-07 15:41:21.233  7458  7458 W ScreenView_Workspace: updateChildStaticTransformation error,childW=0.0
08-07 15:41:21.233  1775  1775 I sensors-hal: send_sensor_config_request:626, resampler is used, set resampler config
08-07 15:41:21.233  1775  1775 I sensors-hal: send_sync_sensor_request:531, send sync request
08-07 15:41:21.233  1775  1775 I sensors-hal: send_sync_sensor_request:541, send_sync_sensor_request before send_request for accel with SUID low=11115320498015681092 high=2286538866409242278
08-07 15:41:21.233  1775  1775 I sensors-hal: send_sync_sensor_request:560, wait for notification of response
08-07 15:41:21.233  1739  1832 I minksocket: MinkIPC MESSAGE: ( 1739:1832 ) MinkIPC_QRTR_Service:351 minkipc = 0xb4000076c18baed0 sock = 35, client with node 1 port 5c94 went down
08-07 15:41:21.233  1739  1812 I minksocket: MinkIPC MESSAGE: ( 1739:1812 ) MinkIPC_QRTR_Service:351 minkipc = 0xb4000076c18ba7f0 sock = 19, client with node 1 port 5c94 went down
08-07 15:41:21.234  3050  3083 E libsensor-parseRGB: CWB NotifyCWBBufferDone  error 0
08-07 15:41:21.235  1775 27407 I sensors-hal: qsh_conn_resp_cb:886, resp_value = 0 for accel 
08-07 15:41:21.235  1775  1775 I sensors-hal: send_sync_sensor_request:566, takes 2 ms to receive the response with 0
08-07 15:41:21.235  1775  1775 I sensors-hal: activate:119, android.sensor.accelerometer/11 en=1 completed
08-07 15:41:21.235  7458  8091 E Launcher: mFsGestureStatusRefreshRunnable:run usingFsGesture=true   show=true   focus=true   pause=false
08-07 15:41:21.237  7458  7458 W RecentsImpl: updateFsgWindowVisibilityState origin isEnter=true, typeFrom=typefrom_home
08-07 15:41:21.238  7458  8091 W RecentsImpl: updateFsgWindowVisibilityStateInBgThread, isEnter=true, typeFrom=typefrom_home, isOpen=true, isKeyguardLocked=false, mIsInAnotherPro=false, isStatusBarExpansion=false
08-07 15:41:21.239  7458  8149 W GestureStubView_Left: adaptRotation   currentRotation=0   mRotation=0
08-07 15:41:21.240  7458  8149 W GestureStubView_Right: adaptRotation   currentRotation=0   mRotation=0
08-07 15:41:21.243  3086  3086 I adbd    : in ShellService: input keyevent BACK
08-07 15:41:21.284  2474 15979 W MIUIInput: Input event injection from package: null action ACTION_DOWN keycode 4
08-07 15:41:21.284  2474 15979 W MiuiInputKeyEventLog: keyCode:4 down:true eventTime:29504839 downTime:29504839 policyFlags:2b000000 flags:0 metaState:0 deviceId:-1 isScreenOn:true keyguardActive:false repeatCount:0
08-07 15:41:21.285  2474  2680 W ActivityManagerServiceImpl: Sending non-protected broadcast miui.intent.KEYCODE_BACK from system 2474:system/1000 pkg android. Callers=com.android.server.am.ActivityManagerService.checkBroadcastFromSystem:16255 com.android.server.am.ActivityManagerService.broadcastIntentLockedTraced:17126 com.android.server.am.ActivityManagerService.broadcastIntentLocked:16315 com.android.server.am.ActivityManagerService.broadcastIntentWithFeature:17337 android.app.ContextImpl.sendBroadcastAsUser:1495 
