08-07 15:41:21.285  2474  4371 I MIUIInput: [KeyEvent] publisher action:0x0,  keyCode:4 , deviceId=-1, 29504839,channel '79e08af com.miui.home/com.miui.home.launcher.Launcher (server)' 
08-07 15:41:21.286  7458  7458 I MIUIInput: [KeyEvent] ViewRootImpl windowName 'com.miui.home/com.miui.home.launcher.Launcher', KeyEvent { action=ACTION_DOWN, keyCode=KEYCODE_BACK, scanCode=0, metaState=0, flags=0x0, repeatCount=0, eventTime=29504839000000, downTime=29504839000000, deviceId=-1, source=0x0, displayId=-1 }, phoneEventTime=15:41:21.283
08-07 15:41:21.340  2474 15979 W MIUIInput: Input event injection from package: null action ACTION_UP keycode 4
08-07 15:41:21.340  2474 15979 W MiuiInputKeyEventLog: keyCode:4 down:false eventTime:29504896 downTime:29504839 policyFlags:2b000000 flags:0 metaState:0 deviceId:-1 isScreenOn:true keyguardActive:false repeatCount:0
08-07 15:41:21.343  2474  2680 W ActivityManagerServiceImpl: Sending non-protected broadcast miui.intent.KEYCODE_BACK from system 2474:system/1000 pkg android. Callers=com.android.server.am.ActivityManagerService.checkBroadcastFromSystem:16255 com.android.server.am.ActivityManagerService.broadcastIntentLockedTraced:17126 com.android.server.am.ActivityManagerService.broadcastIntentLocked:16315 com.android.server.am.ActivityManagerService.broadcastIntentWithFeature:17337 android.app.ContextImpl.sendBroadcastAsUser:1495 
08-07 15:41:21.343  2474  4371 I MIUIInput: [KeyEvent] publisher action:0x1,  keyCode:4 , deviceId=-1, 29504896,channel '79e08af com.miui.home/com.miui.home.launcher.Launcher (server)' 
08-07 15:41:21.343  7458  7458 I MIUIInput: [KeyEvent] ViewRootImpl windowName 'com.miui.home/com.miui.home.launcher.Launcher', KeyEvent { action=ACTION_UP, keyCode=KEYCODE_BACK, scanCode=0, metaState=0, flags=0x0, repeatCount=0, eventTime=29504896000000, downTime=29504839000000, deviceId=-1, source=0x0, displayId=-1 }, phoneEventTime=15:41:21.340
08-07 15:41:21.363  7458  7458 W MIUIInput: Back key is intercepted by the app
08-07 15:41:21.364  2474  8820 I SensorService: 	>>> actuating h/w activate handle=0x100000b enabled=0
08-07 15:41:21.365  1775  1775 I sensors-hal: activate:108, android.sensor.accelerometer/11 en=0
08-07 15:41:21.365  1775  1775 I sensors-hal: send_sync_sensor_request:531, send sync request
08-07 15:41:21.365  1775  1775 I sensors-hal: send_sync_sensor_request:541, send_sync_sensor_request before send_request for accel with SUID low=11115320498015681092 high=2286538866409242278
08-07 15:41:21.365  1775  1775 I sensors-hal: send_sync_sensor_request:560, wait for notification of response
08-07 15:41:21.366  2474  2817 I SensorAccount: App unregister sensor noWakeupSensor_10138_0x100000b
08-07 15:41:21.367  1775 27407 I sensors-hal: qsh_conn_resp_cb:886, resp_value = 0 for accel 
08-07 15:41:21.367  1775  1775 I sensors-hal: send_sync_sensor_request:566, takes 2 ms to receive the response with 0
08-07 15:41:21.369  1775  1775 I sensors-hal: ~qsh_qmi:62, ~qsh_qmi
08-07 15:41:21.369  1775  1775 I sensors-hal: activate:119, android.sensor.accelerometer/11 en=0 completed
08-07 15:41:21.369  1739  1812 I minksocket: MinkIPC MESSAGE: ( 1739:1812 ) MinkIPC_QRTR_Service:351 minkipc = 0xb4000076c18ba7f0 sock = 19, client with node 1 port 5c95 went down
08-07 15:41:21.370  1739  1832 I minksocket: MinkIPC MESSAGE: ( 1739:1832 ) MinkIPC_QRTR_Service:351 minkipc = 0xb4000076c18baed0 sock = 35, client with node 1 port 5c95 went down
08-07 15:41:21.371  7458  8091 E Launcher: mFsGestureStatusRefreshRunnable:run usingFsGesture=true   show=true   focus=true   pause=false
08-07 15:41:21.381  7458  7458 W RecentsImpl: updateFsgWindowVisibilityState origin isEnter=false, typeFrom=typefrom_home
08-07 15:41:21.382  7458  8091 W RecentsImpl: updateFsgWindowVisibilityStateInBgThread, isEnter=false, typeFrom=typefrom_home, isOpen=true, isKeyguardLocked=false, mIsInAnotherPro=false, isStatusBarExpansion=false
08-07 15:41:21.382  7458  8091 W RecentsImpl: getTopActivity from observer.   cn=ComponentInfo{com.miui.home/com.miui.home.launcher.Launcher}
08-07 15:41:21.409  1843  3496 I vendor.qti.hardware.display.composer-service: Sensor: notify citsensorservice to trigger cwb, misForced = 0
08-07 15:41:21.410  3050  4554 I libsensor-parseRGB: request dump start for mRequestDisplayId 0
08-07 15:41:21.427  3086  3086 I adbd    : in ShellService: pm list packages -f
08-07 15:41:21.433  3050  3078 E libsensor-parseRGB: CWB NotifyCWBBufferDone  error 0
08-07 15:41:21.512  9497  9497 I abb     : StartCommandInProcess(73657474696e67730067657400676c6f settings.get.glo [truncated])
08-07 15:41:21.514  3086  3086 I adbd    : in ShellService: pm list packages -f
08-07 15:41:21.511  2474  2474 W binder:2474_16: type=1400 audit(0.0:39402): avc:  denied  { getopt } for  scontext=u:r:system_server:s0 tcontext=u:r:shell:s0 tclass=unix_stream_socket permissive=0
08-07 15:41:21.515  2474  2474 W binder:2474_16: type=1400 audit(0.0:39403): avc:  denied  { getopt } for  scontext=u:r:system_server:s0 tcontext=u:r:shell:s0 tclass=unix_stream_socket permissive=0
08-07 15:41:21.515  2474  2474 W binder:2474_16: type=1400 audit(0.0:39404): avc:  denied  { getopt } for  scontext=u:r:system_server:s0 tcontext=u:r:shell:s0 tclass=unix_stream_socket permissive=0
08-07 15:41:21.527  9497  9497 I abb     : StartCommandInProcess(7061636b61676500696e7374616c6c00 package.install. [truncated])
08-07 15:41:21.529  3086  3086 I adbd    : in ShellService: ps
08-07 15:41:21.531  2474  7611 I SensorAccount: ExecutionCapabilityChanged  pkgName:com.miui.home  canAfford:true mCurrentForegroundUid:10138
08-07 15:41:21.532  2474  8820 I InstallationTiming: beginInstall_sessionId: 1790384627
08-07 15:41:21.589 13430 13430 I PackageInstallReceiver: action = android.intent.action.PACKAGE_CHANGED packageName = com.miui.cleanmaster
08-07 15:41:21.589 13430 13430 W InstalledPackagesMemoryCache: Unknown action: android.intent.action.PACKAGE_CHANGED
08-07 15:41:21.589 13430 13430 I ServiceDeliveryCapability: onAppChanged:com.miui.cleanmaster action:android.intent.action.PACKAGE_CHANGED
08-07 15:41:21.589 13430 13430 I AppWidgetDelegate: updateAppWidgets for com.miui.cleanmaster
08-07 15:41:21.589 13430 13430 I WidgetController: WidgetController.updateOrRemoveStackWhenPackageChanged: packageName com.miui.cleanmaster
08-07 15:41:21.589 13430 13430 I WidgetBackgroundBlurManager: onAppChanged appPackageName : com.miui.cleanmaster
08-07 15:41:21.590 13430 14174 I AppWidgetDelegate: removeAllWidgets com.android.calendar.widget.NearEventAppWidget
08-07 15:41:21.590 13430 14174 I AppWidgetDelegate: removeAllWidgets com.xiaomi.misettings.usagestats.widget.desktop.widget.SimpleUsageStatsWidget
08-07 15:41:21.617  1843  3496 I vendor.qti.hardware.display.composer-service: Sensor: notify citsensorservice to trigger cwb, misForced = 0
08-07 15:41:21.618  3050  4554 I libsensor-parseRGB: request dump start for mRequestDisplayId 0
08-07 15:41:21.641  3050  3083 E libsensor-parseRGB: CWB NotifyCWBBufferDone  error 0
08-07 15:41:21.728  1850  9931 E ANDR-PERF-LM: SAGT_ACTION: updateAutoPenatly() 161: recovery auto penatly gamefps 40.000000, measured fps is 45.000000, gap is -5.000000 
08-07 15:41:21.824  1843  3496 I vendor.qti.hardware.display.composer-service: Sensor: notify citsensorservice to trigger cwb, misForced = 0
08-07 15:41:21.825  3050  4554 I libsensor-parseRGB: request dump start for mRequestDisplayId 0
08-07 15:41:21.849  3050 25119 E libsensor-parseRGB: CWB NotifyCWBBufferDone  error 0
08-07 15:41:22.025  1843  3496 I vendor.qti.hardware.display.composer-service: Sensor: notify citsensorservice to trigger cwb, misForced = 0
08-07 15:41:22.026  3050  4554 I libsensor-parseRGB: request dump start for mRequestDisplayId 0
08-07 15:41:22.048  3050  3083 E libsensor-parseRGB: CWB NotifyCWBBufferDone  error 0
08-07 15:41:22.129  1850  9931 E ANDR-PERF-LM: SAGT_ACTION: UpdateFPSData() 138: update /sys/kernel/sched_penalty/parameters/fps to 120, ret is 0
08-07 15:41:22.162  1843  2051 I SDM     : DisplayBase::CommitThread: Received idle timeout, panel: cmd, timeout: 70000 us
08-07 15:41:22.198  1843 23593 I SDM     : HWCDisplay::SetActiveConfigWithConstraints: display:66-0, config: 1, WxH 1200x2670, fps 120
08-07 15:41:22.199  1843 23593 W SDM     : HWDeviceDRM::GetSupportedBitClkRate: Requested rate not supported: 1150000000
08-07 15:41:22.199  1843 23593 I SDM     : HWDeviceDRM::UpdateMixerAttributes: Mixer WxH 1200x2670-1 for Peripheral
08-07 15:41:22.199  1843 23593 I SDM     : HWCDisplay::SubmitDisplayConfig: Active configuration changed from config 3 to 1
08-07 15:41:22.199  1843 23593 I SDM     : HWCDisplay::SubmitDisplayConfig: Active WxH 1200x2670 ,ddic_mode:idle, timing_fps: 120, sf_fps: 120
08-07 15:41:22.279  1843  2051 I SDM     : DisplayBase::CommitThread: Received idle timeout, panel: cmd, timeout: 70000 us
08-07 15:41:22.283  7856  8872 E PhoneAdapter: get ntnphones failed, exception: java.lang.IllegalStateException: Default phones haven't been made yet!
08-07 15:41:22.308  1843  3496 I vendor.qti.hardware.display.composer-service: Sensor: notify citsensorservice to trigger cwb, misForced = 0
08-07 15:41:22.308  3050  4554 I libsensor-parseRGB: request dump start for mRequestDisplayId 0
08-07 15:41:22.330  3050 25119 E libsensor-parseRGB: CWB NotifyCWBBufferDone  error 0
08-07 15:41:22.387  1843  2051 I SDM     : DisplayBase::CommitThread: Received idle timeout, panel: cmd, timeout: 70000 us
08-07 15:41:22.466  1843  3496 I vendor.qti.hardware.display.composer-service: Sensor: notify citsensorservice to trigger cwb, misForced = 1
08-07 15:41:22.467  3050  4554 I libsensor-parseRGB: request dump start for mRequestDisplayId 0
08-07 15:41:22.488  3050  3078 E libsensor-parseRGB: CWB NotifyCWBBufferDone  error 0
08-07 15:41:22.513  2474  7382 I SmartPower: com.miui.cleanmaster/10266(17558): background->idle(3001ms) R(service create com.miui.cleanmaster/com.miui.optimizecenter.service.CleanMasterService) adj=905.
08-07 15:41:22.530  2474  7382 I SmartPower: com.android.packageinstaller/10097(18840): background->idle(3000ms) R(broadcast start Intent { act=android.intent.action.PACKAGE_ADDED dat=package: flg=0x5000010 pkg=com.android.packageinstaller (has extras) }) adj=905.
08-07 15:41:22.547  1843  2051 I SDM     : DisplayBase::CommitThread: Received idle timeout, panel: cmd, timeout: 70000 us
08-07 15:41:22.672  3086  3086 I adbd    : in ShellService: ps
08-07 15:41:22.676  2474  7382 I SmartPower: com.android.browser/10134(9561): background->idle(3010ms) R(broadcast start Intent { act=miui.intent.action.PACKAGE_FIRST_LAUNCH flg=0x1000010 (has extras) }) adj=905.
08-07 15:41:22.811  2474  7257 I MiuiNetworkPolicy: bandwidth: 28 KB/s, Max bandwidth: 17267 KB/s
08-07 15:41:23.045  2474  7382 I SmartPower: com.android.vending/10124(4702): background->idle(3492ms) R(broadcast start Intent { act=android.intent.action.PACKAGE_ADDED dat=package: flg=0x4000010 (has extras) }) adj=900.
08-07 15:41:23.045  2474  7382 I SmartPower: com.android.vending:background/10124(4802): background->idle(3001ms) R(broadcast start Intent { act=android.intent.action.PACKAGE_ADDED dat=package: flg=0x4000010 (has extras) }) adj=905.
08-07 15:41:23.059  2474  8251 I NetworkAccelerateSwitchService: EVENT_RSSI_POLL. mRssiPoll=true
08-07 15:41:23.060  2474  8251 I NetworkAccelerateSwitchService: getAverageWifiRssi:46
08-07 15:41:23.068  2474  7382 I SmartPower: android.process.mediaUI/10261(15474): background->idle(3005ms) R(broadcast start Intent { act=android.intent.action.PACKAGE_ADDED dat=package: flg=0x4000010 (has extras) }) adj=905.
08-07 15:41:23.069  2474  7382 I SmartPower: android.process.acore/10083(15552): background->idle(3005ms) R(broadcast start Intent { act=android.intent.action.PACKAGE_ADDED dat=package: flg=0x4000010 (has extras) }) adj=800.
08-07 15:41:23.069  2474  7382 I SmartPower: com.xiaomi.aicr:actionprovider/10127(15738): background->idle(3005ms) R(broadcast start Intent { act=android.intent.action.PACKAGE_ADDED dat=package: flg=0x4000010 (has extras) }) adj=700.
08-07 15:41:23.077  2474  7382 I SmartPower: com.google.android.documentsui/10100(14965): background->idle(3001ms) R(broadcast start Intent { act=android.intent.action.PACKAGE_ADDED dat=package: flg=0x4000010 (has extras) }) adj=925.
08-07 15:41:23.078  2474  7382 I SmartPower: com.milink.service:audio/10178(18537): background->idle(3002ms) R(broadcast start Intent { act=android.intent.action.PACKAGE_ADDED dat=package: flg=0x4000010 (has extras) }) adj=200.
08-07 15:41:23.079  2474  7382 I SmartPower: com.milink.crossdeviceservice/10178(19278): background->idle(3002ms) R(broadcast start Intent { act=android.intent.action.PACKAGE_ADDED dat=package: flg=0x4000010 (has extras) }) adj=925.
08-07 15:41:23.086  2474  7382 I SmartPower: com.miui.gallery/10271(9872): background->idle(3000ms) R(broadcast start Intent { act=android.intent.action.PACKAGE_ADDED dat=package: flg=0x4000010 (has extras) }) adj=905.
08-07 15:41:23.088  2474  7382 I SmartPower: com.miui.voiceassist/10193(22445): background->idle(3001ms) R(broadcast start Intent { act=android.intent.action.PACKAGE_ADDED dat=package: flg=0x4000010 (has extras) }) adj=915.
08-07 15:41:23.088  2474  7382 I SmartPower: com.miui.voiceassist:core/10193(12995): background->idle(3035ms) R(broadcast start Intent { act=android.intent.action.PACKAGE_ADDED dat=package: flg=0x4000010 (has extras) }) adj=100.
08-07 15:41:23.088  2474  7382 I SmartPower: com.mfashiongallery.emag/10262(9554): background->idle(3001ms) R(broadcast start Intent { act=android.intent.action.PACKAGE_ADDED dat=package: flg=0x4000010 (has extras) }) adj=905.
08-07 15:41:23.088  2474  7382 I SmartPower: com.android.quicksearchbox/10136(9517): background->idle(3001ms) R(broadcast start Intent { act=android.intent.action.PACKAGE_ADDED dat=package: flg=0x4000010 (has extras) }) adj=905.
08-07 15:41:23.088  2474  7382 I SmartPower: com.xiaomi.gamecenter/10288(7513): background->idle(3000ms) R(broadcast start Intent { act=android.intent.action.PACKAGE_ADDED dat=package: flg=0x4000010 (has extras) }) adj=925.
08-07 15:41:23.529  2474  7382 I SmartPower: com.miui.phrase/10162(24218): background->idle(3004ms) R(content provider start ContentProviderRecord{af5fdc5 u0 com.miui.phrase/com.miui.provider.InputProvider}) adj=905.
08-07 15:41:23.621  3086  3086 I adbd    : in ShellService: pm list packages -f
08-07 15:41:23.742  2474  2643 I MiuiNetworkPolicy: label wlan0, uid -1, active false, tsNanos 477107857658359
08-07 15:41:23.845  3086  3086 I adbd    : in ShellService: ps
08-07 15:41:24.756  2474  7378 E HyperSentinel: -------------------------------------------------------
08-07 15:41:24.756  2474  7378 E HyperSentinel: Event_ThreadAmount
08-07 15:41:24.756  2474  7378 E HyperSentinel: -> audit event by proc 27195 "io.github.ylimit.droidbotapp": running threads amount, 0 -> 24
08-07 15:41:24.987  3086  3086 I adbd    : in ShellService: ps
08-07 15:41:25.307  7856  7894 E PhoneAdapter: get ntnphones failed, exception: java.lang.IllegalStateException: Default phones haven't been made yet!
08-07 15:41:25.547  2474  2474 W binder:2474_16: type=1400 audit(0.0:39405): avc:  denied  { getopt } for  scontext=u:r:system_server:s0 tcontext=u:r:shell:s0 tclass=unix_stream_socket permissive=0
08-07 15:41:25.639  2474  4284 W NativeLibraryHelper: Failed to punch apk : /data/app/vmdl1790384627.tmp/base.apk at extra field
08-07 15:41:25.639  2474  4284 W NativeLibraryHelper: Failed to punch apk : /data/app/vmdl1790384627.tmp/base.apk at extra field
08-07 15:41:25.639  2474  4284 W NativeLibraryHelper: Failed to punch apk : /data/app/vmdl1790384627.tmp/base.apk at extra field
08-07 15:41:25.658  2474  4395 W RuleEvaluation: Integrity rule files are not available.
08-07 15:41:25.658  2474  3506 I PackageManager: Integrity check passed for file:///data/app/vmdl1790384627.tmp
08-07 15:41:25.686 13306 13306 I UserConsentManager: onPermissionsChanged: 10426
08-07 15:41:25.686 13306 13306 I UserConsentManager: onPermissionsChanged: 10426
08-07 15:41:25.687 13306 13306 I UserConsentManager: onPermissionsChanged: 10426
08-07 15:41:25.712  2474  2643 E AppOps  : Trying to set mode for unknown uid 10426.
08-07 15:41:25.712  2474  2643 E AppOpService: Blocked setUidMode call for runtime permission app op: uid = 10426, code = FINE_LOCATION, mode = ignore, callingUid = 1000, oldMode = allow
08-07 15:41:25.712  2474  2643 E AppOpService: java.lang.RuntimeException
08-07 15:41:25.712  2474  2643 E AppOpService: 	at com.android.server.permission.access.appop.AppOpService.setUidMode(AppOpService.kt:286)
08-07 15:41:25.712  2474  2643 E AppOpService: 	at com.android.server.appop.AppOpsCheckingServiceTracingDecorator.setUidMode(AppOpsCheckingServiceTracingDecorator.java:120)
08-07 15:41:25.712  2474  2643 E AppOpService: 	at com.android.server.appop.AppOpsService.setUidMode(AppOpsService.java:2143)
08-07 15:41:25.712  2474  2643 E AppOpService: 	at com.android.server.appop.AppOpsService.-$$Nest$msetUidMode(Unknown Source:0)
08-07 15:41:25.712  2474  2643 E AppOpService: 	at com.android.server.appop.AppOpsService$AppOpsManagerInternalImpl.setUidModeFromPermissionPolicy(AppOpsService.java:7415)
08-07 15:41:25.712  2474  2643 E AppOpService: 	at com.android.server.policy.PermissionPolicyService$PermissionToOpSynchroniser.setUidMode(PermissionPolicyService.java:1121)
08-07 15:41:25.712  2474  2643 E AppOpService: 	at com.android.server.policy.PermissionPolicyService$PermissionToOpSynchroniser.setUidModeIgnored(PermissionPolicyService.java:1094)
08-07 15:41:25.712  2474  2643 E AppOpService: 	at com.android.server.policy.PermissionPolicyService$PermissionToOpSynchroniser.syncPackages(PermissionPolicyService.java:902)
08-07 15:41:25.712  2474  2643 E AppOpService: 	at com.android.server.policy.PermissionPolicyService$PermissionToOpSynchroniser.-$$Nest$msyncPackages(Unknown Source:0)
08-07 15:41:25.712  2474  2643 E AppOpService: 	at com.android.server.policy.PermissionPolicyService.synchronizeUidPermissionsAndAppOps(PermissionPolicyService.java:694)
08-07 15:41:25.712  2474  2643 E AppOpService: 	at com.android.server.policy.PermissionPolicyService.$r8$lambda$g9YhLNd1OZQfuSCyT_yO-G8mZv0(Unknown Source:0)
08-07 15:41:25.712  2474  2643 E AppOpService: 	at com.android.server.policy.PermissionPolicyService$$ExternalSyntheticLambda5.accept(D8$$SyntheticClass:0)
08-07 15:41:25.712  2474  2643 E AppOpService: 	at com.android.internal.util.function.pooled.PooledLambdaImpl.doInvoke(PooledLambdaImpl.java:281)
08-07 15:41:25.712  2474  2643 E AppOpService: 	at com.android.internal.util.function.pooled.PooledLambdaImpl.invoke(PooledLambdaImpl.java:204)
08-07 15:41:25.712  2474  2643 E AppOpService: 	at com.android.internal.util.function.pooled.OmniFunction.run(OmniFunction.java:87)
08-07 15:41:25.712  2474  2643 E AppOpService: 	at android.os.Handler.handleCallback(Handler.java:959)
08-07 15:41:25.712  2474  2643 E AppOpService: 	at android.os.Handler.dispatchMessage(Handler.java:100)
08-07 15:41:25.712  2474  2643 E AppOpService: 	at android.os.Looper.loopOnce(Looper.java:249)
08-07 15:41:25.712  2474  2643 E AppOpService: 	at android.os.Looper.loop(Looper.java:337)
08-07 15:41:25.712  2474  2643 E AppOpService: 	at android.os.HandlerThread.run(HandlerThread.java:85)
08-07 15:41:25.712  2474  2643 E AppOpService: 	at com.android.server.ServiceThread.run(ServiceThread.java:46)
08-07 15:41:25.722 25558 26692 I artd    : Merge skipped because there are no existing profiles
08-07 15:41:25.722  2474  3506 I ArtService: Adjusting the compiler filter for 'com.accuweather.android' from 'speed-profile' to 'verify' because there is no valid profile
08-07 15:41:25.723 25558 26692 I artd    : Dex parent of /data/app/~~1yVHjgIJ4KNtm10vy8omAA==/com.accuweather.android-4Akt2IRMqtIe29dQQY_10w==/base.apk is not writable: Permission denied
08-07 15:41:25.723 25558 26692 I artd    : GetBestInfo checking odex in dalvik-cache (/data/dalvik-cache/arm64/data@app@~~1yVHjgIJ4KNtm10vy8omAA==@com.accuweather.android-4Akt2IRMqtIe29dQQY_10w==@base.apk@classes.dex)
08-07 15:41:25.723 25558 26692 I artd    : Loading /data/dalvik-cache/arm64/data@app@~~1yVHjgIJ4KNtm10vy8omAA==@com.accuweather.android-4Akt2IRMqtIe29dQQY_10w==@base.apk@classes.dex with executable: 0
08-07 15:41:25.723 25558 26692 I artd    : OatFileAssistant test for existing oat file /data/dalvik-cache/arm64/data@app@~~1yVHjgIJ4KNtm10vy8omAA==@com.accuweather.android-4Akt2IRMqtIe29dQQY_10w==@base.apk@classes.dex: File /data/dalvik-cache/arm64/data@app@~~1yVHjgIJ4KNtm10vy8omAA==@com.accuweather.android-4Akt2IRMqtIe29dQQY_10w==@base.apk@classes.vdex does not exist.
08-07 15:41:25.723 25558 26692 I artd    : GetBestInfo checking odex next to the dex file (/data/app/~~1yVHjgIJ4KNtm10vy8omAA==/com.accuweather.android-4Akt2IRMqtIe29dQQY_10w==/oat/arm64/base.odex)
08-07 15:41:25.723 25558 26692 I artd    : Loading /data/app/~~1yVHjgIJ4KNtm10vy8omAA==/com.accuweather.android-4Akt2IRMqtIe29dQQY_10w==/oat/arm64/base.odex with executable: 0
08-07 15:41:25.723 25558 26692 I artd    : OatFileAssistant test for existing oat file /data/app/~~1yVHjgIJ4KNtm10vy8omAA==/com.accuweather.android-4Akt2IRMqtIe29dQQY_10w==/oat/arm64/base.odex: File /data/app/~~1yVHjgIJ4KNtm10vy8omAA==/com.accuweather.android-4Akt2IRMqtIe29dQQY_10w==/oat/arm64/base.vdex does not exist.
08-07 15:41:25.723 25558 26692 I artd    : GetBestInfo checking vdex in dalvik-cache (/data/dalvik-cache/arm64/data@app@~~1yVHjgIJ4KNtm10vy8omAA==@com.accuweather.android-4Akt2IRMqtIe29dQQY_10w==@base.apk@classes.vdex)
08-07 15:41:25.723 25558 26692 I artd    : unable to open vdex file /data/dalvik-cache/arm64/data@app@~~1yVHjgIJ4KNtm10vy8omAA==@com.accuweather.android-4Akt2IRMqtIe29dQQY_10w==@base.apk@classes.vdex: File /data/dalvik-cache/arm64/data@app@~~1yVHjgIJ4KNtm10vy8omAA==@com.accuweather.android-4Akt2IRMqtIe29dQQY_10w==@base.apk@classes.vdex does not exist.
08-07 15:41:25.723 25558 26692 I artd    : OatFileAssistant test for existing oat file /data/dalvik-cache/arm64/data@app@~~1yVHjgIJ4KNtm10vy8omAA==@com.accuweather.android-4Akt2IRMqtIe29dQQY_10w==@base.apk@classes.vdex: File /data/dalvik-cache/arm64/data@app@~~1yVHjgIJ4KNtm10vy8omAA==@com.accuweather.android-4Akt2IRMqtIe29dQQY_10w==@base.apk@classes.vdex does not exist.
08-07 15:41:25.723 25558 26692 I artd    : GetBestInfo checking vdex next to the dex file (/data/app/~~1yVHjgIJ4KNtm10vy8omAA==/com.accuweather.android-4Akt2IRMqtIe29dQQY_10w==/oat/arm64/base.vdex)
08-07 15:41:25.723 25558 26692 I artd    : unable to open vdex file /data/app/~~1yVHjgIJ4KNtm10vy8omAA==/com.accuweather.android-4Akt2IRMqtIe29dQQY_10w==/oat/arm64/base.vdex: File /data/app/~~1yVHjgIJ4KNtm10vy8omAA==/com.accuweather.android-4Akt2IRMqtIe29dQQY_10w==/oat/arm64/base.vdex does not exist.
08-07 15:41:25.723 25558 26692 I artd    : OatFileAssistant test for existing oat file /data/app/~~1yVHjgIJ4KNtm10vy8omAA==/com.accuweather.android-4Akt2IRMqtIe29dQQY_10w==/oat/arm64/base.vdex: File /data/app/~~1yVHjgIJ4KNtm10vy8omAA==/com.accuweather.android-4Akt2IRMqtIe29dQQY_10w==/oat/arm64/base.vdex does not exist.
08-07 15:41:25.723 25558 26692 I artd    : GetBestInfo checking dm (/data/app/~~1yVHjgIJ4KNtm10vy8omAA==/com.accuweather.android-4Akt2IRMqtIe29dQQY_10w==/base.dm)
08-07 15:41:25.723 25558 26692 I artd    : GetBestInfo no usable artifacts
08-07 15:41:25.727 25558 26692 I artd    : Running dex2oat: /apex/com.android.art/bin/art_exec --drop-capabilities --set-task-profile=Dex2OatBootComplete --set-priority=background --keep-fds=7:8:9:10:11:12 -- /apex/com.android.art/bin/dex2oat64 --zip-fd=7 --zip-location=/data/app/~~1yVHjgIJ4KNtm10vy8omAA==/com.accuweather.android-4Akt2IRMqtIe29dQQY_10w==/base.apk --oat-fd=8 --oat-location=/data/app/~~1yVHjgIJ4KNtm10vy8omAA==/com.accuweather.android-4Akt2IRMqtIe29dQQY_10w==/oat/arm64/base.odex --output-vdex-fd=9 --swap-fd=10 --class-loader-context-fds=11:12 --class-loader-context=PCL[]{PCL[/system_ext/framework/androidx.window.extensions.jar]#PCL[/system_ext/framework/androidx.window.sidecar.jar]} --classpath-dir=/data/app/~~1yVHjgIJ4KNtm10vy8omAA==/com.accuweather.android-4Akt2IRMqtIe29dQQY_10w== --instruction-set=arm64 --instruction-set-features=default --instruction-set-variant=kryo300 --compiler-filter=verify --compilation-reason=install --compact-dex-level=none --max-image-block-size=524288 --resolve-startup-const-strings=true --generate-mini-debug-info --runtime-arg -Xtarget-sdk-version:31 --runtime-arg -Xhidden-api-policy:enabled -j6 --runtime-arg -Xms64m --runtime-arg -Xmx512m --comments=app-name:com.accuweather.android,app-version-name:8.5.0-2-google,app-version-code:80500002,art-version:352090000
08-07 15:41:25.727 25558 26692 I artd    : Opened FDs: 7:/data/app/~~1yVHjgIJ4KNtm10vy8omAA==/com.accuweather.android-4Akt2IRMqtIe29dQQY_10w==/base.apk 8:/data/app/~~1yVHjgIJ4KNtm10vy8omAA==/com.accuweather.android-4Akt2IRMqtIe29dQQY_10w==/oat/arm64/base.odex.WcTqa8.tmp 9:/data/app/~~1yVHjgIJ4KNtm10vy8omAA==/com.accuweather.android-4Akt2IRMqtIe29dQQY_10w==/oat/arm64/base.vdex.53etb0.tmp 10:/data/app/~~1yVHjgIJ4KNtm10vy8omAA==/com.accuweather.android-4Akt2IRMqtIe29dQQY_10w==/oat/arm64/base.odex.swap.N80oJb.tmp 11:/system_ext/framework/androidx.window.sidecar.jar 12:/system_ext/framework/androidx.window.extensions.jar 
08-07 15:41:25.733  3086  3086 I adbd    : in ShellService: pm list packages -f
08-07 15:41:25.749 27504 27504 W libprocessgroup: JoinCgroup: controller schedtune is not found
08-07 15:41:25.765 27504 27504 W dex2oat64: Obsolete flag --compact-dex-level ignored
08-07 15:41:25.767 27504 27504 I dex2oat64: /apex/com.android.art/bin/dex2oat64 --output-vdex-fd=9 --class-loader-context-fds=11:12 --class-loader-context=PCL[]{PCL[/system_ext/framework/androidx.window.extensions.jar]#PCL[/system_ext/framework/androidx.window.sidecar.jar]} --classpath-dir=/data/app/~~1yVHjgIJ4KNtm10vy8omAA==/com.accuweather.android-4Akt2IRMqtIe29dQQY_10w== --compiler-filter=verify --compilation-reason=install --compact-dex-level=none --max-image-block-size=524288 --resolve-startup-const-strings=true --generate-mini-debug-info -j6 --comments=app-name:com.accuweather.android,app-version-name:8.5.0-2-google,app-version-code:80500002,art-version:352090000
08-07 15:41:25.814  2474  7257 I MiuiNetworkPolicy: bandwidth: 0 KB/s, Max bandwidth: 17267 KB/s
08-07 15:41:25.830  3086  3086 I adbd    : in ShellService: dumpsys package com.accuweather.android
08-07 15:41:25.865 25558 27336 I artd    : Dex parent of /data/app/~~1yVHjgIJ4KNtm10vy8omAA==/com.accuweather.android-4Akt2IRMqtIe29dQQY_10w==/base.apk is not writable: Permission denied
08-07 15:41:25.865 25558 27336 I artd    : GetBestInfo checking odex in dalvik-cache (/data/dalvik-cache/arm64/data@app@~~1yVHjgIJ4KNtm10vy8omAA==@com.accuweather.android-4Akt2IRMqtIe29dQQY_10w==@base.apk@classes.dex)
08-07 15:41:25.865 25558 27336 I artd    : Loading /data/dalvik-cache/arm64/data@app@~~1yVHjgIJ4KNtm10vy8omAA==@com.accuweather.android-4Akt2IRMqtIe29dQQY_10w==@base.apk@classes.dex with executable: 0
08-07 15:41:25.865 25558 27336 I artd    : OatFileAssistant test for existing oat file /data/dalvik-cache/arm64/data@app@~~1yVHjgIJ4KNtm10vy8omAA==@com.accuweather.android-4Akt2IRMqtIe29dQQY_10w==@base.apk@classes.dex: File /data/dalvik-cache/arm64/data@app@~~1yVHjgIJ4KNtm10vy8omAA==@com.accuweather.android-4Akt2IRMqtIe29dQQY_10w==@base.apk@classes.vdex does not exist.
08-07 15:41:25.865 25558 27336 I artd    : GetBestInfo checking odex next to the dex file (/data/app/~~1yVHjgIJ4KNtm10vy8omAA==/com.accuweather.android-4Akt2IRMqtIe29dQQY_10w==/oat/arm64/base.odex)
08-07 15:41:25.865 25558 27336 I artd    : Loading /data/app/~~1yVHjgIJ4KNtm10vy8omAA==/com.accuweather.android-4Akt2IRMqtIe29dQQY_10w==/oat/arm64/base.odex with executable: 0
08-07 15:41:25.865 25558 27336 I artd    : OatFileAssistant test for existing oat file /data/app/~~1yVHjgIJ4KNtm10vy8omAA==/com.accuweather.android-4Akt2IRMqtIe29dQQY_10w==/oat/arm64/base.odex: File /data/app/~~1yVHjgIJ4KNtm10vy8omAA==/com.accuweather.android-4Akt2IRMqtIe29dQQY_10w==/oat/arm64/base.vdex does not exist.
08-07 15:41:25.865 25558 27336 I artd    : GetBestInfo checking vdex in dalvik-cache (/data/dalvik-cache/arm64/data@app@~~1yVHjgIJ4KNtm10vy8omAA==@com.accuweather.android-4Akt2IRMqtIe29dQQY_10w==@base.apk@classes.vdex)
08-07 15:41:25.865 25558 27336 I artd    : unable to open vdex file /data/dalvik-cache/arm64/data@app@~~1yVHjgIJ4KNtm10vy8omAA==@com.accuweather.android-4Akt2IRMqtIe29dQQY_10w==@base.apk@classes.vdex: File /data/dalvik-cache/arm64/data@app@~~1yVHjgIJ4KNtm10vy8omAA==@com.accuweather.android-4Akt2IRMqtIe29dQQY_10w==@base.apk@classes.vdex does not exist.
08-07 15:41:25.865 25558 27336 I artd    : OatFileAssistant test for existing oat file /data/dalvik-cache/arm64/data@app@~~1yVHjgIJ4KNtm10vy8omAA==@com.accuweather.android-4Akt2IRMqtIe29dQQY_10w==@base.apk@classes.vdex: File /data/dalvik-cache/arm64/data@app@~~1yVHjgIJ4KNtm10vy8omAA==@com.accuweather.android-4Akt2IRMqtIe29dQQY_10w==@base.apk@classes.vdex does not exist.
08-07 15:41:25.865 25558 27336 I artd    : GetBestInfo checking vdex next to the dex file (/data/app/~~1yVHjgIJ4KNtm10vy8omAA==/com.accuweather.android-4Akt2IRMqtIe29dQQY_10w==/oat/arm64/base.vdex)
08-07 15:41:25.865 25558 27336 I artd    : unable to open vdex file /data/app/~~1yVHjgIJ4KNtm10vy8omAA==/com.accuweather.android-4Akt2IRMqtIe29dQQY_10w==/oat/arm64/base.vdex: File /data/app/~~1yVHjgIJ4KNtm10vy8omAA==/com.accuweather.android-4Akt2IRMqtIe29dQQY_10w==/oat/arm64/base.vdex does not exist.
08-07 15:41:25.865 25558 27336 I artd    : OatFileAssistant test for existing oat file /data/app/~~1yVHjgIJ4KNtm10vy8omAA==/com.accuweather.android-4Akt2IRMqtIe29dQQY_10w==/oat/arm64/base.vdex: File /data/app/~~1yVHjgIJ4KNtm10vy8omAA==/com.accuweather.android-4Akt2IRMqtIe29dQQY_10w==/oat/arm64/base.vdex does not exist.
08-07 15:41:25.865 25558 27336 I artd    : GetBestInfo checking dm (/data/app/~~1yVHjgIJ4KNtm10vy8omAA==/com.accuweather.android-4Akt2IRMqtIe29dQQY_10w==/base.dm)
08-07 15:41:25.865 25558 27336 W ziparchive: Unable to open '/data/app/~~1yVHjgIJ4KNtm10vy8omAA==/com.accuweather.android-4Akt2IRMqtIe29dQQY_10w==/base.dm': No such file or directory
08-07 15:41:25.865 25558 27336 I artd    : OatFileAssistant test for existing oat file /data/app/~~1yVHjgIJ4KNtm10vy8omAA==/com.accuweather.android-4Akt2IRMqtIe29dQQY_10w==/base.dm: I/O error
08-07 15:41:25.865 25558 27336 I artd    : GetBestInfo checking dm (/data/app/~~1yVHjgIJ4KNtm10vy8omAA==/com.accuweather.android-4Akt2IRMqtIe29dQQY_10w==/base.dm)
08-07 15:41:25.865 25558 27336 W ziparchive: Unable to open '/data/app/~~1yVHjgIJ4KNtm10vy8omAA==/com.accuweather.android-4Akt2IRMqtIe29dQQY_10w==/base.dm': No such file or directory
08-07 15:41:25.865 25558 27336 I artd    : OatFileAssistant test for existing oat file /data/app/~~1yVHjgIJ4KNtm10vy8omAA==/com.accuweather.android-4Akt2IRMqtIe29dQQY_10w==/base.dm: I/O error
08-07 15:41:25.865 25558 27336 I artd    : GetBestInfo no usable artifacts
08-07 15:41:25.866  2474  7659 W ziparchive: Unable to open '/data/app/~~1yVHjgIJ4KNtm10vy8omAA==/com.accuweather.android-4Akt2IRMqtIe29dQQY_10w==/base.dm': No such file or directory
08-07 15:41:25.866  2474  7659 E DexOptHelperImpl: Fail to get art odex vdex with path :/data/app/~~1yVHjgIJ4KNtm10vy8omAA==/com.accuweather.android-4Akt2IRMqtIe29dQQY_10w==/base.apk
08-07 15:41:25.920  3086  3086 I adbd    : in ShellService: dumpsys activity activities
08-07 15:41:25.994  3086  3086 I adbd    : in ShellService: dumpsys activity activities
08-07 15:41:25.996 15038 20629 W lyra-mdns-core: _deal_timeout query _lyra-mdns._udp.local[0C] timeout!
08-07 15:41:26.064  2474  8251 I NetworkAccelerateSwitchService: EVENT_RSSI_POLL. mRssiPoll=true
08-07 15:41:26.064  2474  8251 I NetworkAccelerateSwitchService: getAverageWifiRssi:48
08-07 15:41:26.074  3086  3086 I adbd    : in ShellService: dumpsys activity activities
08-07 15:41:26.086 27504 27504 I dex2oat64: Using CollectorTypeCC GC.
08-07 15:41:26.144 27504 27504 I dex2oat64: Large app, accepted running with swap.
08-07 15:41:26.145  3086  3086 I adbd    : in ShellService: dumpsys activity services
08-07 15:41:26.153  3086  3086 I adbd    : in ShellService: ps
08-07 15:41:26.264  3086  3086 I adbd    : in ShellService: screencap -p /sdcard/screen_2025-08-07_154126.png
08-07 15:41:26.377 27540 27540 W BpBinder: Linking to death on android.gui.ISurfaceComposer but there are no threads (yet?) listening to incoming transactions. See ProcessState::startThreadPool and ProcessState::setThreadPoolMaxThreadCount. Generally you should setup the binder threadpool before other initialization steps.
08-07 15:41:26.378 27540 27540 W ProcessState: Extra binder thread started, but 0 threads requested. Do not use *startThreadPool when zero threads are requested.
08-07 15:41:26.381  2474  7378 E HyperSentinel: -------------------------------------------------------
08-07 15:41:26.381  2474  7378 E HyperSentinel: Event_OpenFileFDSize
08-07 15:41:26.381  2474  7378 E HyperSentinel: -> audit event by proc 2036 "/system/bin/surfaceflinger": Fd increasement, peak, 898 -> 812
08-07 15:41:26.415 27540 27543 I AdrenoUtils: <ReadGpuID:357>: Reading chip ID through GSL
08-07 15:41:26.416 27540 27540 W qdgralloc: Failed to load libubwcp.so
08-07 15:41:26.415 27540 27540 W screencap: type=1400 audit(0.0:39406): avc:  denied  { read } for  name="libubwcp.so" dev="dm-37" ino=19816057 scontext=u:r:shell:s0 tcontext=u:object_r:vendor_file:s0 tclass=file permissive=0
08-07 15:41:26.421 12965 17697 W MediaProvider: isAppCloneUserPair for user 0: false
08-07 15:41:26.543  2474  7257 I MiuiNetworkPolicy: updateUidState uid = 10092, uidState = 15
08-07 15:41:26.710 27504 27504 I dex2oat64: dex2oat took 946.360ms (3.095s cpu) (threads: 6) arena alloc=0B (0B) java alloc=28MB (29486576B) native alloc=7222KB (7395616B) free=1556KB (1593488B) swap=16MB (16777216B)
08-07 15:41:26.726 25558 26692 I artd    : dex2oat returned code 0
08-07 15:41:26.730  2474  3506 I ArtService: Dexopt result: [packageName = com.accuweather.android] DexContainerFileDexoptResult{dexContainerFile=/data/app/~~1yVHjgIJ4KNtm10vy8omAA==/com.accuweather.android-4Akt2IRMqtIe29dQQY_10w==/base.apk, primaryAbi=true, abi=arm64-v8a, actualCompilerFilter=verify, status=PERFORMED, dex2oatWallTimeMillis=-447599768, dex2oatCpuTimeMillis=3140, sizeBytes=39020492, sizeBeforeBytes=0, extendedStatusFlags=[]}
08-07 15:41:26.730  2474 30182 I Miui32BitTranslateHelper: 32BitPretranslate: skipping APK pre-translation for com.accuweather.android
08-07 15:41:26.731  2474  3506 W PackageFreezer: Freeze package com.accuweather.android about 1.061 seconds for reason: installPackageLI
08-07 15:41:26.731  2474  3506 I BackupManagerService: [UserID:0] restoreAtInstall pkg=com.accuweather.android token=70 restoreSet=0
08-07 15:41:26.733  1865  1865 I vendor.qti.hardware.servicetrackeraidl-service: bindService is called for service : com.google.android.gms/.backup.BackupTransportService and for client system
08-07 15:41:26.734  1865  1865 I vendor.qti.hardware.servicetrackeraidl-service: total connections for service : com.google.android.gms/.backup.BackupTransportServiceare :1
08-07 15:41:26.740  1865  1865 I vendor.qti.hardware.servicetrackeraidl-service: total connections for client : systemare :32
08-07 15:41:26.746  2474  2474 I TransportConnection: BackupTransportService#2803: Notifying [BMS.restoreAtInstall] transport = BackupTransportClient
08-07 15:41:26.749 11128 12023 W AndroidBackupEventsLogg: Flag disabled, logging without sampling [CONTEXT service_id=229 ]
08-07 15:41:26.749 11128 12023 I AndroidBackupEventsLogg: (REDACTED) Logging without sampling %s
08-07 15:41:26.750 11128 12023 W AndroidBackupEventsLogg: Flag disabled, logging without sampling [CONTEXT service_id=229 ]
08-07 15:41:26.750 11128 12023 I AndroidBackupEventsLogg: (REDACTED) Logging without sampling %s
08-07 15:41:26.750  1865  1865 I vendor.qti.hardware.servicetrackeraidl-service: unbindService is called for service : com.google.android.gms/.backup.BackupTransportService and for client system
08-07 15:41:26.750  1865  1865 I vendor.qti.hardware.servicetrackeraidl-service: size of service connections for service: com.google.android.gms/.backup.BackupTransportServiceafter removal is 0
08-07 15:41:26.750  1865  1865 I vendor.qti.hardware.servicetrackeraidl-service: size of client connections for client: systemafter removal is 31
08-07 15:41:26.751  1865  1865 I vendor.qti.hardware.servicetrackeraidl-service: destroyService is called for service : com.google.android.gms/.backup.BackupTransportService
08-07 15:41:26.761  2474  3506 I InstallationTiming: com.accuweather.android|null|5228|4018|76|2|1|15|1012
08-07 15:41:26.761  2474  3506 I AppsFilter: interaction: PackageSetting{734f120 com.android.microdroid.empty_payload/10236} -> PackageSetting{6c75579 com.accuweather.android/10426} BLOCKED
08-07 15:41:26.761  2474  3506 I AppsFilter: interaction: PackageSetting{d26237f io.appium.uiautomator2.server.test/10280} -> PackageSetting{6c75579 com.accuweather.android/10426} BLOCKED
08-07 15:41:26.761  2474  3506 I AppsFilter: interaction: PackageSetting{a5dfaa8 io.github.ylimit.droidbotapp/10425} -> PackageSetting{6c75579 com.accuweather.android/10426} BLOCKED
08-07 15:41:26.761  2474  3506 I AppsFilter: interaction: PackageSetting{e390b95 com.rongcard.eid/10151} -> PackageSetting{6c75579 com.accuweather.android/10426} BLOCKED
08-07 15:41:26.761  2474  3506 I AppsFilter: interaction: PackageSetting{a0f84aa io.appium.settings/10274} -> PackageSetting{6c75579 com.accuweather.android/10426} BLOCKED
08-07 15:41:26.761 11128 11128 I IntentFilterVerRcvr: S+ domain verification enabled [CONTEXT service_id=244 ]
08-07 15:41:26.764 11128 27308 I AppLinksIntentOperation: Verifying requested domains [CONTEXT service_id=244 ]
08-07 15:41:26.766 11128 27308 I AppLinksRequestHandler: (REDACTED) Processing %d input requests
08-07 15:41:26.766  2474  2664 W TextServicesManagerService: no available spell checker services found
08-07 15:41:26.763  2474  2474 W binder:2474_16: type=1400 audit(0.0:39407): avc:  denied  { getopt } for  scontext=u:r:system_server:s0 tcontext=u:r:shell:s0 tclass=unix_stream_socket permissive=0
08-07 15:41:26.768  2474  7409 W PackageManager: Failed registering loading progress callback. Package is fully loaded.
08-07 15:41:26.769 11128 27308 I AppLinksUtilsV1: Legacy cross-profile verification enabled [CONTEXT service_id=244 ]
08-07 15:41:26.771  2474  2474 W binder:2474_16: type=1400 audit(0.0:39408): avc:  denied  { getopt } for  scontext=u:r:system_server:s0 tcontext=u:r:shell:s0 tclass=unix_stream_socket permissive=0
08-07 15:41:26.771  2474  2474 W binder:2474_16: type=1400 audit(0.0:39409): avc:  denied  { getopt } for  scontext=u:r:system_server:s0 tcontext=u:r:shell:s0 tclass=unix_stream_socket permissive=0
08-07 15:41:26.770 13710 15240 I MiuiVpnManageService: PackageMonitor. onPackageAdded: packageName =com.accuweather.android
08-07 15:41:26.776 11128 26182 E hxlz    : *~*~*~ Previous channel {0} was garbage collected without being shut down! ~*~*~*
08-07 15:41:26.776 11128 26182 E hxlz    :     Make sure to call shutdown()/shutdownNow()
08-07 15:41:26.776 11128 26182 E hxlz    : java.lang.RuntimeException: ManagedChannel allocation site
08-07 15:41:26.776 11128 26182 E hxlz    : 	at hxly.<init>(:com.google.android.gms@253031035@25.30.31 (260400-786424874):21)
08-07 15:41:26.776 11128 26182 E hxlz    : 	at hxlz.<init>(:com.google.android.gms@253031035@25.30.31 (260400-786424874):10)
08-07 15:41:26.776 11128 26182 E hxlz    : 	at hxlx.a(:com.google.android.gms@253031035@25.30.31 (260400-786424874):250)
08-07 15:41:26.776 11128 26182 E hxlz    : 	at hwwv.a(:com.google.android.gms@253031035@25.30.31 (260400-786424874):5)
08-07 15:41:26.776 11128 26182 E hxlz    : 	at azxo.a(:com.google.android.gms@253031035@25.30.31 (260400-786424874):70)
08-07 15:41:26.776 11128 26182 E hxlz    : 	at azxf.u(:com.google.android.gms@253031035@25.30.31 (260400-786424874):119)
08-07 15:41:26.776 11128 26182 E hxlz    : 	at azxf.e(:com.google.android.gms@253031035@25.30.31 (260400-786424874):5)
08-07 15:41:26.776 11128 26182 E hxlz    : 	at ephq.a(:com.google.android.gms@253031035@25.30.31 (260400-786424874):45)
08-07 15:41:26.776 11128 26182 E hxlz    : 	at epgv.c(:com.google.android.gms@253031035@25.30.31 (260400-786424874):20)
08-07 15:41:26.776 11128 26182 E hxlz    : 	at epgv.a(:com.google.android.gms@253031035@25.30.31 (260400-786424874):3)
08-07 15:41:26.776 11128 26182 E hxlz    : 	at aush.run(:com.google.android.gms@253031035@25.30.31 (260400-786424874):5)
08-07 15:41:26.776 11128 26182 E hxlz    : 	at badp.c(:com.google.android.gms@253031035@25.30.31 (260400-786424874):50)
08-07 15:41:26.776 11128 26182 E hxlz    : 	at badp.run(:com.google.android.gms@253031035@25.30.31 (260400-786424874):70)
08-07 15:41:26.776 11128 26182 E hxlz    : 	at java.util.concurrent.ThreadPoolExecutor.runWorker(ThreadPoolExecutor.java:1251)
08-07 15:41:26.776 11128 26182 E hxlz    : 	at java.util.concurrent.ThreadPoolExecutor$Worker.run(ThreadPoolExecutor.java:668)
08-07 15:41:26.776 11128 26182 E hxlz    : 	at bajh.run(:com.google.android.gms@253031035@25.30.31 (260400-786424874):8)
08-07 15:41:26.776 11128 26182 E hxlz    : 	at java.lang.Thread.run(Thread.java:1012)
08-07 15:41:26.776  2474  2680 I MiuiCompatModePackages: package com.accuweather.android updated, removing config
08-07 15:41:26.777  2474  7414 I SdkSandboxManager: No SDKs used. Skipping SDK data reconcilation for CallingInfo{mUid=10426, mPackageName='com.accuweather.android, mAppProcessToken='null'}
08-07 15:41:26.778  2474  7278 E AppOps  : attributionTag VCN not declared in manifest of android
08-07 15:41:26.778  2474  7278 E AppOps  : attributionTag VCN not declared in manifest of android
08-07 15:41:26.781  2474  2642 I ClipboardServiceI: checkProviderWakePathForClipboard: primaryClip is null
08-07 15:41:26.782 14191 14518 I WakelockPolicyManager: setWakelockPolicy
08-07 15:41:26.783  2474  7257 I MiuiNetworkPolicy: updateUidState uid = 10092, uidState = 5
08-07 15:41:26.783  7464 11321 I htmlviewercloudcontrol: isStagingEnv:false param =  fps_group_config  uriMatch = 2, cluster: cn, version: 570181, traceId: 98011ebf371cd2558a85e5fe8d9c8b96, regId: +4z3RS85+e2U9l+sd6caQ/srGmJCsEbKpG1twyPn1K0CrNNyxYT/yAgGVxm5X+yC
08-07 15:41:26.783 13710 13710 I TrafficManageService: mina mPackageReceiver 0
08-07 15:41:26.784 13710 15127 I FireWallService: mina mPackageReceiver onReceive
08-07 15:41:26.784 13710 15127 W FireWallService: is Pre-installed application
08-07 15:41:26.785 13710 13710 I InstalledAppMonitor: com.accuweather.androidonReceive add pkg=com.accuweather.android
08-07 15:41:26.785 13710 15607 I AppPredictManager: predict: recentApps size = 5
08-07 15:41:26.786 13710 15441 I GameBoosterNewApp: addAppToGameBox: isGameBoosterOpen=true
08-07 15:41:26.786 13710 15441 I GameBoosterNewApp: com.accuweather.android isGameFromJson false
08-07 15:41:26.786 13710 15441 I GameBoosterNewApp: com.accuweather.android isGameFromLocal false
08-07 15:41:26.789  2474  8332 E AppOps  : Bad call made by uid 1001. Package "com.android.phone" does not belong to uid 1000.
08-07 15:41:26.790  2474  8332 E AppOps  : Cannot noteOperation: non-application UID 1000
08-07 15:41:26.790 16479 16479 I SafetyLabelChangedBroadcastReceiver: received broadcast packageName: com.accuweather.android, current user: UserHandle{0}, packageChangeEvent: NEW_INSTALL, intent user: UserHandle{0}
08-07 15:41:26.791  2474  2664 W EnhancedConfirmationService: The packageName should not be null.
08-07 15:41:26.791  2474  2664 W MagnificationConnectionManager: requestConnection duplicated request: connect=false, mConnectionState=DISCONNECTED
08-07 15:41:26.791  7464 11321 I htmlviewercloudcontrol: isStagingEnv:false param =  fps_group_config  uriMatch = 2, cluster: cn, version: 570181, traceId: 98011ebf371cd2558a85e5fe8d9c8b96, regId: +4z3RS85+e2U9l+sd6caQ/srGmJCsEbKpG1twyPn1K0CrNNyxYT/yAgGVxm5X+yC
08-07 15:41:26.792  2474  2745 I SmartPower: com.android.packageinstaller/10097(18840): idle->background(4262ms) R(broadcast start Intent { act=android.intent.action.PACKAGE_ADDED dat=package: flg=0x5000010 pkg=com.android.packageinstaller (has extras) }) adj=915.
08-07 15:41:26.794 13710 14722 W ContextImpl: Calling a method in the system process without a qualified user: android.app.ContextImpl.startService:1939 android.content.ContextWrapper.startService:843 b4.k.d:80 q2.j.w:116 q2.j.j:0 
08-07 15:41:26.796  2474 10068 I SmartPower: com.miui.cleanmaster/10266(17558): idle->background(4283ms) R(service create com.miui.cleanmaster/com.miui.optimizecenter.service.CleanMasterService) adj=0.
08-07 15:41:26.797  7464 11321 I htmlviewercloudcontrol: isStagingEnv:false param =  fps_group_config  uriMatch = 2, cluster: cn, version: 570181, traceId: 98011ebf371cd2558a85e5fe8d9c8b96, regId: +4z3RS85+e2U9l+sd6caQ/srGmJCsEbKpG1twyPn1K0CrNNyxYT/yAgGVxm5X+yC
08-07 15:41:26.801  7458  8105 E Launcher.AllAppsList: Can't load postion for packageName: com.accuweather.android activityName: com.accuweather.android.activities.SplashActivity
08-07 15:41:26.801 13710 13710 I AppPredictPrivacyLaunchManager: updateLauncherApps size: 75
08-07 15:41:26.802 14395 14395 E PackageInstallHelper: handler start
08-07 15:41:26.802 14395 14395 E PackageInstallHelper: handler end
08-07 15:41:26.802 14395 14395 E PackageInstallHelper: PackageInstallHelper handler real start
08-07 15:41:26.803 13710 14722 I LocalNotificationMgr: pkg: com.accuweather.android mode:0
08-07 15:41:26.803 13710 14722 I GpBinderManager: bindCount : 234
08-07 15:41:26.804  2474  7426 E AppScanObserverService: Try to add a invalid package: com.accuweather.android | 10426 | 0
08-07 15:41:26.804  2474  2474 I NetworkDetectInjector: ACTION_PACKAGE_ADDED uid = 10426
08-07 15:41:26.805  7458  8100 W PreviewDisappear: getIconDrawable src: null
08-07 15:41:26.805  7458  8100 W PreviewDisappear: getIconDrawable app drawable: null
08-07 15:41:26.805  7458  8100 W PreviewDisappear: getIcon info target: ComponentInfo{com.accuweather.android/com.accuweather.android.activities.SplashActivity}
08-07 15:41:26.805  7458  8100 W PreviewDisappear: getIcon info user: UserHandle{0}
08-07 15:41:26.805  7458  8100 W PreviewDisappear: getIcon info intent: Intent { act=android.intent.action.MAIN cat=[android.intent.category.LAUNCHER] flg=0x10200000 cmp=com.accuweather.android/.activities.SplashActivity (has extras) }
08-07 15:41:26.805  7458  8100 W PreviewDisappear: 1 getIcon entry: null
08-07 15:41:26.806 16479 24321 I PermissionControllerServiceImpl: Updating user sensitive for uid 10426
08-07 15:41:26.810  2474  4327 I RoleService: Granting default roles...
08-07 15:41:26.810  2474  2474 I MiuiNetworkPolicyTrafficLimit: ACTION_PACKAGE_ADDED uid = 10426
08-07 15:41:26.810 13710 15134 I ThumbnailBlurUtils: getAllLauncherAppList time: 6
08-07 15:41:26.810  2474  2474 E SLM-SRV-SLAAppLib: initBroadcastReceivercom.accuweather.android
08-07 15:41:26.810  2474  2474 I SLM-SRV-SLAAppLib: ACTION_PACKAGE_ADDED uid = 10426com.accuweather.android
08-07 15:41:26.810  2474  2474 I SLM-SRV-SLSAppLib: setSLSGameUidList:null
08-07 15:41:26.810  2474  2474 I SLM-SRV-SLSAppLib: setSLSVoIPUid:0
08-07 15:41:26.810  2474  2474 I NetworkAccelerateSwitchService: setNetworkAccelerateSwitchUidList:null
08-07 15:41:26.810  2474  2474 I NetworkAccelerateSwitchService: setNetworkAccelerateSwitchVoIPUid:0
08-07 15:41:26.810  2474  2474 I SLM-SRV-SLAAppLib: mDoubleWifiUidList = 10090,10261,10324,10340,10325,10322,10167,10339,10326,10286,
08-07 15:41:26.810  2474  2474 I SLM-SRV-SLAAppLib: mDoubleDataUidList = 10090,10261,10325,10322,10329,10167,10339,10326,10286,
08-07 15:41:26.810  2474  8196 I SLM-SRV-SLAAppLib: setUidWhiteListToSlad
08-07 15:41:26.811  2474  8196 I SLM-SRV-SLAAppLib: setSLAUidList:10322,10325,10326,10332,10339,10261,10340,10167,10286,10090,
08-07 15:41:26.811  2474  8196 I SLM-SRV-SLSAppLib: setSLAAppWhiteList:10322,10325,10326,10332,10339,10261,10340,10167,10286,
08-07 15:41:26.811  7458  8100 W PreviewDisappear: 2 getIcon entry: com.miui.home.launcher.graphics.DrawableInfo@9b57f93
08-07 15:41:26.811  7458  8100 W PreviewDisappear: applyCacheEntry entry: com.miui.home.launcher.graphics.drawable.LayerAdaptiveIconDrawable@dd84bd0
08-07 15:41:26.811  7458  8100 W PreviewDisappear: getIconDrawable finally drawable: com.miui.home.launcher.graphics.drawable.LayerAdaptiveIconDrawable@dd84bd0
08-07 15:41:26.812  7464 11321 I htmlviewercloudcontrol: isStagingEnv:false param =  fps_tp_exclude  uriMatch = 2, cluster: cn, version: 570181, traceId: 98011ebf371cd2558a85e5fe8d9c8b96, regId: +4z3RS85+e2U9l+sd6caQ/srGmJCsEbKpG1twyPn1K0CrNNyxYT/yAgGVxm5X+yC
08-07 15:41:26.812  2474  9656 W ParceledListSlice: Element #10 is 43420 bytes.
08-07 15:41:26.812  2036  2036 E DisplayModeController: setDesiredMode : Idle status skip setActiveMode, isDdicIdleMode: 1
08-07 15:41:26.813  2474  7257 I MiuiNetworkPolicy: updateUidState uid = 10097, uidState = 11
08-07 15:41:26.813  2474  7257 I MiuiNetworkPolicy: updateUidState uid = 10097, uidState = 19
08-07 15:41:26.813  2474  7257 I MiuiNetworkPolicy: updateUidState uid = 10266, uidState = 10
08-07 15:41:26.813  2474  7257 I MiuiNetworkPolicy: ACTION_PACKAGE_ADDED uid = 10426
08-07 15:41:26.813  2474  8820 W ParceledListSlice: Element #17 is 25036 bytes.
08-07 15:41:26.814  2474  8820 W ParceledListSlice: Element #24 is 52004 bytes.
