08-07 15:41:26.898  2474  9656 W AppOpService: Ignored setUidMode call for runtime permission app op: uid = 1001, code = READ_CELL_BROADCASTS, mode = allow, callingUid = 1001, oldMode = allow
08-07 15:41:26.898 13053 13053 I libnfc_nci: [INFO:SecureElement.cpp(1487)] SecureElement::getEseHandleFromGenericId: enter; ESE-ID = 0x00
08-07 15:41:26.898 13053 13053 I libnfc_nci: [INFO:SecureElement.cpp(1528)] SecureElement::getEseHandleFromGenericId: enter; ESE-Handle = 0x400
08-07 15:41:26.899  7464  9896 I htmlviewercloudcontrol: isStagingEnv:false param =  fps_group_config  uriMatch = 2, cluster: cn, version: 570181, traceId: 98011ebf371cd2558a85e5fe8d9c8b96, regId: +4z3RS85+e2U9l+sd6caQ/srGmJCsEbKpG1twyPn1K0CrNNyxYT/yAgGVxm5X+yC
08-07 15:41:26.899  7800  7842 I SecureElement-Terminal-eSE1: isSecureElementPresent()
08-07 15:41:26.899  1774  1774 I android.hardware.secure_element-service.qti: isCardPresent
08-07 15:41:26.899  1774  1774 I android.hardware.secure_element-service.qti: isCardPresent exit, cardPresent: 1
08-07 15:41:26.900  2474  2664 W EnhancedConfirmationService: The packageName should not be null.
08-07 15:41:26.901  2474  2664 W MagnificationConnectionManager: requestConnection duplicated request: connect=false, mConnectionState=DISCONNECTED
08-07 15:41:26.901  7800  7842 I SecureElement-Terminal-SIM1: isSecureElementPresent()
08-07 15:41:26.908  7800  7842 I SecureElement-Terminal-SIM1: isNfcEventAllowed: No access rules for checking.
08-07 15:41:26.909  7800  7842 I SecureElement-Terminal-SIM2: isSecureElementPresent()
08-07 15:41:26.911 13053 13053 I libnfc_nci: [INFO:NativeT4tNfcee.cpp(870)] nfcManager_isFwSupportNonStdT4TAid Enter isFwSupport = 1
08-07 15:41:26.911 13053 13053 I libnfc_nci: [INFO:SecureElement.cpp(1487)] SecureElement::getEseHandleFromGenericId: enter; ESE-ID = 0x7F
08-07 15:41:26.911 13053 13053 I libnfc_nci: [INFO:SecureElement.cpp(1528)] SecureElement::getEseHandleFromGenericId: enter; ESE-Handle = 0x410
08-07 15:41:26.911 13053 13053 I libnfc_nci: [INFO:SecureElement.cpp(1487)] SecureElement::getEseHandleFromGenericId: enter; ESE-ID = 0x00
08-07 15:41:26.911 13053 13053 I libnfc_nci: [INFO:SecureElement.cpp(1528)] SecureElement::getEseHandleFromGenericId: enter; ESE-Handle = 0x400
08-07 15:41:26.914  7800  7842 I SecureElement-Terminal-eSE1: isSecureElementPresent()
08-07 15:41:26.914  1774  1774 I android.hardware.secure_element-service.qti: isCardPresent
08-07 15:41:26.914  1774  1774 I android.hardware.secure_element-service.qti: isCardPresent exit, cardPresent: 1
08-07 15:41:26.915  7800  7842 I SecureElement-Terminal-SIM1: isSecureElementPresent()
08-07 15:41:26.916  7800  7842 I SecureElement-Terminal-SIM1: isNfcEventAllowed: No access rules for checking.
08-07 15:41:26.916  7800  7842 I SecureElement-Terminal-SIM2: isSecureElementPresent()
08-07 15:41:26.928  2474  8393 W ParceledListSlice: Element #10 is 26244 bytes.
08-07 15:41:26.932 32508 32732 E ndroid.settings: Invalid resource ID 0x00000000.
08-07 15:41:26.933 32508 32732 E ndroid.settings: Invalid resource ID 0x00000000.
08-07 15:41:26.935 32508 32732 E ndroid.settings: Invalid resource ID 0x00000000.
08-07 15:41:26.935 32508 32732 E ndroid.settings: Invalid resource ID 0x00000000.
08-07 15:41:26.937  2474  9656 W ParceledListSlice: Element #14 is 26548 bytes.
08-07 15:41:26.938 32508 32732 W AccessibilityDisableLis: get accessibility disable list too slow
08-07 15:41:26.939  2474  9656 I ClipboardServiceI: checkProviderWakePathForClipboard: primaryClip is null
08-07 15:41:26.939  7464  9896 I htmlviewercloudcontrol: isStagingEnv:false param =  accessibility_disable  uriMatch = 1, cluster: cn, version: 570181, traceId: 98011ebf371cd2558a85e5fe8d9c8b96, regId: +4z3RS85+e2U9l+sd6caQ/srGmJCsEbKpG1twyPn1K0CrNNyxYT/yAgGVxm5X+yC
08-07 15:41:26.959  2474  4291 W ParceledListSlice: Element #14 is 26548 bytes.
08-07 15:41:26.960 32508 32732 W AccessibilityDisableLis: get accessibility disable list too slow
08-07 15:41:26.960  7464  9896 I htmlviewercloudcontrol: isStagingEnv:false param =  accessibility_disable  uriMatch = 1, cluster: cn, version: 570181, traceId: 98011ebf371cd2558a85e5fe8d9c8b96, regId: +4z3RS85+e2U9l+sd6caQ/srGmJCsEbKpG1twyPn1K0CrNNyxYT/yAgGVxm5X+yC
08-07 15:41:26.969 32508 32732 E ndroid.settings: Invalid resource ID 0x00000000.
08-07 15:41:26.970 32508 32732 E ndroid.settings: Invalid resource ID 0x00000000.
08-07 15:41:26.970 32508 32732 E ndroid.settings: Invalid resource ID 0x00000000.
08-07 15:41:26.971 32508 32732 E ndroid.settings: Invalid resource ID 0x00000000.
08-07 15:41:26.971 32508 32732 E ndroid.settings: Invalid resource ID 0x00000000.
08-07 15:41:26.972 32508 32732 E ndroid.settings: Invalid resource ID 0x00000000.
08-07 15:41:26.975 32508 32732 E ndroid.settings: Invalid resource ID 0x00000000.
08-07 15:41:26.976 32508 32732 E ndroid.settings: Invalid resource ID 0x00000000.
08-07 15:41:26.976 32508 32732 E ndroid.settings: Invalid resource ID 0x00000000.
08-07 15:41:26.977 32508 32732 E ndroid.settings: Invalid resource ID 0x00000000.
08-07 15:41:26.977 32508 32732 E ndroid.settings: Invalid resource ID 0x00000000.
08-07 15:41:26.978 32508 32732 E ndroid.settings: Invalid resource ID 0x00000000.
08-07 15:41:27.024  1843  3496 I vendor.qti.hardware.display.composer-service: Sensor: notify citsensorservice to trigger cwb, misForced = 0
08-07 15:41:27.025  3050  4554 I libsensor-parseRGB: request dump start for mRequestDisplayId 0
08-07 15:41:27.027 32508 32732 E ndroid.settings: Invalid resource ID 0x00000000.
08-07 15:41:27.028 32508 32732 E ndroid.settings: Invalid resource ID 0x00000000.
08-07 15:41:27.029 32508 32732 E ndroid.settings: Invalid resource ID 0x00000000.
08-07 15:41:27.030 32508 32732 E ndroid.settings: Invalid resource ID 0x00000000.
08-07 15:41:27.035  2474  9656 W ParceledListSlice: Element #14 is 26548 bytes.
08-07 15:41:27.036 32508 32732 W AccessibilityDisableLis: get accessibility disable list too slow
08-07 15:41:27.036  7464  9896 I htmlviewercloudcontrol: isStagingEnv:false param =  accessibility_disable  uriMatch = 1, cluster: cn, version: 570181, traceId: 98011ebf371cd2558a85e5fe8d9c8b96, regId: +4z3RS85+e2U9l+sd6caQ/srGmJCsEbKpG1twyPn1K0CrNNyxYT/yAgGVxm5X+yC
08-07 15:41:27.041  2474  9656 W ParceledListSlice: Element #14 is 26548 bytes.
08-07 15:41:27.042 32508 32732 W AccessibilityDisableLis: get accessibility disable list too slow
08-07 15:41:27.042  7464  9896 I htmlviewercloudcontrol: isStagingEnv:false param =  accessibility_disable  uriMatch = 1, cluster: cn, version: 570181, traceId: 98011ebf371cd2558a85e5fe8d9c8b96, regId: +4z3RS85+e2U9l+sd6caQ/srGmJCsEbKpG1twyPn1K0CrNNyxYT/yAgGVxm5X+yC
08-07 15:41:27.047  2474  2635 I system_server: This is non sticky GC, maxfree is 16777216 minfree is 8388608
08-07 15:41:27.047  2474  2635 I system_server: Background concurrent copying GC freed 51MB AllocSpace bytes, 143(5564KB) LOS objects, 33% free, 94MB/142MB, paused 60us,367us total 285.144ms
08-07 15:41:27.048  3050  3078 E libsensor-parseRGB: CWB NotifyCWBBufferDone  error 0
08-07 15:41:27.049 32508 32732 E ndroid.settings: Invalid resource ID 0x00000000.
08-07 15:41:27.050 32508 32732 E ndroid.settings: Invalid resource ID 0x00000000.
08-07 15:41:27.050 32508 32732 E ndroid.settings: Invalid resource ID 0x00000000.
08-07 15:41:27.051 32508 32732 E ndroid.settings: Invalid resource ID 0x00000000.
08-07 15:41:27.051 32508 32732 E ndroid.settings: Invalid resource ID 0x00000000.
08-07 15:41:27.052 32508 32732 E ndroid.settings: Invalid resource ID 0x00000000.
08-07 15:41:27.054  2474  2638 W System  : A resource failed to call close. 
08-07 15:41:27.055 32508 32732 E ndroid.settings: Invalid resource ID 0x00000000.
08-07 15:41:27.055 32508 32732 E ndroid.settings: Invalid resource ID 0x00000000.
08-07 15:41:27.056 32508 32732 E ndroid.settings: Invalid resource ID 0x00000000.
08-07 15:41:27.056 32508 32732 E ndroid.settings: Invalid resource ID 0x00000000.
08-07 15:41:27.057 32508 32732 E ndroid.settings: Invalid resource ID 0x00000000.
08-07 15:41:27.058 32508 32732 E ndroid.settings: Invalid resource ID 0x00000000.
08-07 15:41:27.073 32508 32525 I ndroid.settings: This is sticky GC, maxfree is 16777216 minfree is 8388608
08-07 15:41:27.129 14191 14249 I iui.powerkeeper: This is sticky GC, maxfree is 16777216 minfree is 8388608
08-07 15:41:27.196  1843  2051 I SDM     : DisplayBase::CommitThread: Received idle timeout, panel: cmd, timeout: 70000 us
08-07 15:41:27.232  1843 23593 I SDM     : HWCDisplay::SetActiveConfigWithConstraints: display:66-0, config: 1, WxH 1200x2670, fps 120
08-07 15:41:27.233  1843 23593 W SDM     : HWDeviceDRM::GetSupportedBitClkRate: Requested rate not supported: 1150000000
08-07 15:41:27.233  1843 23593 I SDM     : HWDeviceDRM::UpdateMixerAttributes: Mixer WxH 1200x2670-1 for Peripheral
08-07 15:41:27.233  1843 23593 I SDM     : HWCDisplay::SubmitDisplayConfig: Active configuration changed from config 3 to 1
08-07 15:41:27.233  1843 23593 I SDM     : HWCDisplay::SubmitDisplayConfig: Active WxH 1200x2670 ,ddic_mode:idle, timing_fps: 120, sf_fps: 120
08-07 15:41:27.233  1843  3496 I vendor.qti.hardware.display.composer-service: Sensor: notify citsensorservice to trigger cwb, misForced = 0
08-07 15:41:27.234  3050  4554 I libsensor-parseRGB: request dump start for mRequestDisplayId 0
08-07 15:41:27.256  3050 25119 E libsensor-parseRGB: CWB NotifyCWBBufferDone  error 0
08-07 15:41:27.265  2474  2745 I SmartPower: com.miui.systemAdSolution/10168(17757): idle->background(8815ms) R(broadcast start Intent { act=android.intent.action.PACKAGE_ADDED dat=package: flg=0x4000010 (has extras) }) adj=100.
08-07 15:41:27.267  2474  2745 I SmartPower: com.android.vending/10124(4702): idle->background(4222ms) R(broadcast start Intent { act=android.intent.action.PACKAGE_ADDED dat=package: flg=0x4000010 (has extras) }) adj=900.
08-07 15:41:27.269  4702  4702 I Finsky  : [2] yag.g(1): yag - Received: android.intent.action.PACKAGE_ADDED, [KGd0ZH8_nYAuW8ZhoYZ3CPsM4P-GM5Izvsq2WylpAmg]
08-07 15:41:27.269  2474  2745 I SmartPower: com.android.vending:background/10124(4802): idle->background(4224ms) R(broadcast start Intent { act=android.intent.action.PACKAGE_ADDED dat=package: flg=0x4000010 (has extras) }) adj=915.
08-07 15:41:27.271  2474  7257 I MiuiNetworkPolicy: updateUidState uid = 10124, uidState = 11
08-07 15:41:27.272 13430 13430 I PackageInstallReceiver: action = android.intent.action.PACKAGE_ADDED packageName = com.accuweather.android
08-07 15:41:27.272 13430 13430 I PackageInstallReceiver: action = android.intent.action.PACKAGE_CHANGED packageName = com.accuweather.android
08-07 15:41:27.272 13430 13430 I ServiceDeliveryCapability: onAppChanged:com.accuweather.android action:android.intent.action.PACKAGE_ADDED
08-07 15:41:27.272 13430 13430 W InstalledPackagesMemoryCache: Unknown action: android.intent.action.PACKAGE_CHANGED
08-07 15:41:27.272 13430 13430 I ServiceDeliveryCapability: onAppChanged:com.accuweather.android action:android.intent.action.PACKAGE_CHANGED
08-07 15:41:27.272 13430 13430 I AppWidgetDelegate: updateAppWidgets for com.accuweather.android
08-07 15:41:27.272 13430 13430 I WidgetController: WidgetController.updateOrRemoveStackWhenPackageChanged: packageName com.accuweather.android
08-07 15:41:27.272 13430 13430 I WidgetBackgroundBlurManager: onAppChanged appPackageName : com.accuweather.android
08-07 15:41:27.274  2474  2745 I SmartPower: com.miui.voiceassist:core/10193(12995): idle->background(4185ms) R(broadcast start Intent { act=android.intent.action.PACKAGE_ADDED dat=package: flg=0x4000010 (has extras) }) adj=100.
08-07 15:41:27.275 12995 12995 I VA_AiConn:ApkConstants: isPhoneCarLinkApp packageName=com.accuweather.android
08-07 15:41:27.275 12995 14768 I VA_AliveCore:AbsCoreManager: msg.what = 1003
08-07 15:41:27.275 12995 14768 E VA_AliveCore:CoreManager: bind thread:id=279;name=CoreAssistInteraction
08-07 15:41:27.275 12995 14768 E VA_AliveCore:CoreManager: not target app
08-07 15:41:27.275 12995 14768 E VA_AliveCore:CoreManager: not target app
08-07 15:41:27.275 12995 14768 I VA_AliveCore:CoreManager: bindAliveServiceApps:com.miui.voicetrigger
08-07 15:41:27.275 12995 14768 I VA_AliveCore:CoreManager: bindAliveServiceApps: services:[ResolveInfo{8348e23 com.miui.voicetrigger/.VoiceTriggerService m=0x108000 userHandle=null}]
08-07 15:41:27.275 12995 14768 W VA_AliveConnection: startBind
08-07 15:41:27.275 12995 14768 I VA_AliveConnection: begin unregister
08-07 15:41:27.276  2474  2745 I SmartPower: android.process.mediaUI/10261(15474): idle->background(4208ms) R(broadcast start Intent { act=android.intent.action.PACKAGE_ADDED dat=package: flg=0x4000010 (has extras) }) adj=905.
08-07 15:41:27.276 12995 14768 I VA_AliveConnection: begin register
08-07 15:41:27.276 13430 14324 I AppWidgetDelegate: removeAllWidgets com.android.calendar.widget.NearEventAppWidget
08-07 15:41:27.276  2474  2745 I SmartPower: android.process.acore/10083(15552): idle->background(4207ms) R(broadcast start Intent { act=android.intent.action.PACKAGE_ADDED dat=package: flg=0x4000010 (has extras) }) adj=800.
08-07 15:41:27.276 12995 14768 I VA_AliveConnection: begin unregister
08-07 15:41:27.277 12995 14768 I VA_AliveConnection: begin register
08-07 15:41:27.277 13430 14324 I AppWidgetDelegate: removeAllWidgets com.xiaomi.misettings.usagestats.widget.desktop.widget.SimpleUsageStatsWidget
08-07 15:41:27.277 12995 14768 W VA_AliveConnection: voicetrigger process isn't running
08-07 15:41:27.279  2474  7659 W ParceledListSlice: Element #20 is 29016 bytes.
08-07 15:41:27.280 12995 14768 I VA_AliveCore:AliveReport: saveStatusTimeToReportDB serviceName: com.miui.voicetrigger Time: 1754552487277 BootOn: true settingOn: false appOn: false
08-07 15:41:27.280  4702 26938 I Finsky  : [3072] pcp.accept(129): Wrote row to frosting DB: 1734
08-07 15:41:27.281 12995 14768 W VA_AliveConnection: service don't need bind
08-07 15:41:27.281 12995 14768 W VA_AliveConnection: unLinkService:ComponentInfo{com.miui.voicetrigger/com.miui.voicetrigger.VoiceTriggerService}
08-07 15:41:27.281 12995 14768 W VA_AliveConnection: service does not bind now. ComponentInfo{com.miui.voicetrigger/com.miui.voicetrigger.VoiceTriggerService}
08-07 15:41:27.282  2474  2745 I SmartPower: com.xiaomi.aicr:actionprovider/10127(15738): idle->background(4213ms) R(broadcast start Intent { act=android.intent.action.PACKAGE_ADDED dat=package: flg=0x4000010 (has extras) }) adj=700.
08-07 15:41:27.282  2474  2745 I SmartPower: com.google.android.documentsui/10100(14965): idle->background(4206ms) R(broadcast start Intent { act=android.intent.action.PACKAGE_ADDED dat=package: flg=0x4000010 (has extras) }) adj=905.
08-07 15:41:27.283 22445 22485 I VA_AliveCore:ContentObserver: onChange uri = [content://com.xiaomi.assist.report/aliveStatus]
08-07 15:41:27.283 22445 27277 I VA_AliveCore:AliveStatusUploader: queryAliveItem start ,debug false
08-07 15:41:27.283 22445 27277 I VA_AliveCore:AliveStatusUploader: queryAliveItem end ,too often 
08-07 15:41:27.283  2474  2745 I SmartPower: com.milink.service:audio/10178(18537): idle->background(4205ms) R(broadcast start Intent { act=android.intent.action.PACKAGE_ADDED dat=package: flg=0x4000010 (has extras) }) adj=200.
08-07 15:41:27.283  2474  2745 I SmartPower: com.milink.crossdeviceservice/10178(19278): idle->background(4204ms) R(broadcast start Intent { act=android.intent.action.PACKAGE_ADDED dat=package: flg=0x4000010 (has extras) }) adj=915.
08-07 15:41:27.284 13588 19091 I auth    : [XMS][Auth] updatePackageInfos in db cnt: 1
08-07 15:41:27.285  2474  2745 I SmartPower: com.miui.gallery/10271(9872): idle->background(4199ms) R(broadcast start Intent { act=android.intent.action.PACKAGE_ADDED dat=package: flg=0x4000010 (has extras) }) adj=915.
08-07 15:41:27.286 19029 19360 I auth    : [XMS][Auth] updatePackageInfos in db cnt: 1
08-07 15:41:27.286  2474  2745 W BroadcastQueue: Greezer Denial: sending Intent { act=android.intent.action.PACKAGE_ADDED dat=package: flg=0x4000010 (has extras) }, action: android.intent.action.PACKAGE_ADDED from null (uid=1000) due to receiver ProcessRecord{2e3ab12 14660:com.instagram.android/u0a289} (uid 10289) need cached broadcast
08-07 15:41:27.287  2474  2745 W BroadcastQueue: Greezer Denial: sending Intent { act=android.intent.action.PACKAGE_ADDED dat=package: flg=0x4000010 (has extras) }, action: android.intent.action.PACKAGE_ADDED from null (uid=1000) due to receiver ProcessRecord{d5137e3 13072:com.microsoft.emmx/u0a311} (uid 10311) need cached broadcast
08-07 15:41:27.287  2474  2745 W BroadcastQueue: Greezer Denial: sending Intent { act=android.intent.action.PACKAGE_ADDED dat=package: flg=0x4000010 (has extras) }, action: android.intent.action.PACKAGE_ADDED from null (uid=1000) due to receiver ProcessRecord{447ee47 14014:com.microsoft.office.outlook/u0a323} (uid 10323) need cached broadcast
08-07 15:41:27.287 11128 26989 W Conscrypt: Could not set socket write timeout: java.net.SocketException: Socket closed
08-07 15:41:27.287 11128 26989 W Conscrypt: 	at com.google.android.gms.org.conscrypt.Platform.setSocketWriteTimeout(:com.google.android.gms@253031035@25.30.31 (260400-786424874):204)
08-07 15:41:27.287 11128 26989 W Conscrypt: 	at com.google.android.gms.org.conscrypt.ConscryptFileDescriptorSocket.setSoWriteTimeout(:com.google.android.gms@253031035@25.30.31 (260400-786424874):4)
08-07 15:41:27.288  2474  2642 W ParceledListSlice: Element #232 is 19012 bytes.
08-07 15:41:27.288  2474  2745 I SmartPower: com.miui.voiceassist/10193(22445): idle->background(4200ms) R(broadcast start Intent { act=android.intent.action.PACKAGE_ADDED dat=package: flg=0x4000010 (has extras) }) adj=915.
08-07 15:41:27.288  2474  2745 I SmartPower: com.mfashiongallery.emag/10262(9554): idle->background(4200ms) R(broadcast start Intent { act=android.intent.action.PACKAGE_ADDED dat=package: flg=0x4000010 (has extras) }) adj=905.
08-07 15:41:27.289 20053 20133 I com.xiaomi.market:new_milink:SafeBroadcastReceiver: a perform cost 0
08-07 15:41:27.289 20053 20159 I com.xiaomi.market:new_milink:SafeBroadcastReceiver: a perform cost 0
08-07 15:41:27.289  2474  2745 I SmartPower: com.android.quicksearchbox/10136(9517): idle->background(4201ms) R(broadcast start Intent { act=android.intent.action.PACKAGE_ADDED dat=package: flg=0x4000010 (has extras) }) adj=905.
08-07 15:41:27.289 20053 27082 I Market-PackageMonitor: [Download/Install] onReceive: android.intent.action.PACKAGE_ADDED, pkg: com.accuweather.android
08-07 15:41:27.289  2474  2745 I SmartPower: com.xiaomi.gamecenter/10288(7513): idle->background(4201ms) R(broadcast start Intent { act=android.intent.action.PACKAGE_ADDED dat=package: flg=0x4000010 (has extras) }) adj=915.
08-07 15:41:27.290 20053 27082 I Market-LocalAppManager: add package to list: com.accuweather.android
08-07 15:41:27.291 20053 20814 I Market-LocalAppManager: checkUpdateFromServer : start
08-07 15:41:27.291 20053 20814 I Market-LocalAppManager: getUpdateInfoFromServer : start,isBackground=true
08-07 15:41:27.291  2474 15979 I ClipboardServiceI: checkProviderWakePathForClipboard: primaryClip is null
08-07 15:41:27.293 17757 17834 I Ad      : isPersonalizedAdEnabled getAdSettings: 1
08-07 15:41:27.294  4702  4757 I Finsky  : [2570] kwt.a(55): AIM: AppInfoManager-Perf > OnDeviceAppInfo > cacheHitCount=0, cacheMissCount=1. Missed  in cache (limit 10) : [com.accuweather.android]
08-07 15:41:27.294  4702  4757 I Finsky  : [2570] kuq.apply(1378): AIM: Got app ownership map. App counts: . Unique apps: 0
08-07 15:41:27.294  3086  3086 I adbd    : in ShellService: ps
08-07 15:41:27.295 20053 26965 I Market-SubScriptManager: updateMarketSubScript forceShow : false
08-07 15:41:27.295 20053 26965 I Market-SubScriptManager: get count -1
08-07 15:41:27.295 20053 20814 I Market-LocalAppManager: getUpdateInfoFromServer : middle
08-07 15:41:27.295 20053 20814 E Market-Client: isSupportChildMode, error: java.lang.NumberFormatException: For input string: ""
08-07 15:41:27.296 22445 30087 E VA_PackageUtilsV2: getVersionCode: error
08-07 15:41:27.296 22445 30087 E VA_PackageUtilsV2: android.content.pm.PackageManager$NameNotFoundException: com.jingdong.app.mall
08-07 15:41:27.296 22445 30087 E VA_PackageUtilsV2: 	at android.app.ApplicationPackageManager.getPackageInfoAsUser(ApplicationPackageManager.java:276)
08-07 15:41:27.296 22445 30087 E VA_PackageUtilsV2: 	at android.app.ApplicationPackageManager.getPackageInfo(ApplicationPackageManager.java:236)
08-07 15:41:27.296 22445 30087 E VA_PackageUtilsV2: 	at android.app.ApplicationPackageManager.getPackageInfo(ApplicationPackageManager.java:230)
08-07 15:41:27.296 22445 30087 E VA_PackageUtilsV2: 	at m30.r.getVersionCode(SourceFile:44)
08-07 15:41:27.296 22445 30087 E VA_PackageUtilsV2: 	at ez.r0.getVersionCode(SourceFile:1)
08-07 15:41:27.296 22445 30087 E VA_PackageUtilsV2: 	at ff.b.getAccessibilityInfo(SourceFile:93)
08-07 15:41:27.296 22445 30087 E VA_PackageUtilsV2: 	at ff.b.getSimulateClickState(SourceFile:1)
08-07 15:41:27.296 22445 30087 E VA_PackageUtilsV2: 	at com.xiaomi.voiceassistant.u0$a.getSimulateClickState(SourceFile:1)
08-07 15:41:27.296 22445 30087 E VA_PackageUtilsV2: 	at com.xiaomi.voiceassist.engine.context.CacheContext$a.run(SourceFile:14)
08-07 15:41:27.296 22445 30087 E VA_PackageUtilsV2: 	at java.util.concurrent.Executors$RunnableAdapter.call(Executors.java:487)
08-07 15:41:27.296 22445 30087 E VA_PackageUtilsV2: 	at java.util.concurrent.FutureTask.run(FutureTask.java:264)
08-07 15:41:27.296 22445 30087 E VA_PackageUtilsV2: 	at java.util.concurrent.ThreadPoolExecutor.runWorker(ThreadPoolExecutor.java:1251)
08-07 15:41:27.296 22445 30087 E VA_PackageUtilsV2: 	at java.util.concurrent.ThreadPoolExecutor$Worker.run(ThreadPoolExecutor.java:668)
08-07 15:41:27.296 22445 30087 E VA_PackageUtilsV2: 	at java.lang.Thread.run(Thread.java:1012)
08-07 15:41:27.297  9799  9799 I Market-BaseWidgetProvider: BaseWidgetProvider action:com.xiaomi.market.APP_STATUS_CHANGED
08-07 15:41:27.297  9799  9799 I Market-newGameWidgetProvider: newGameWidgetProvider action: com.xiaomi.market.APP_STATUS_CHANGED
08-07 15:41:27.299 15738 15792 E AiCrEngine_E_.ActionProvider.call: enter call: get_ddf_id
08-07 15:41:27.299 22445 30087 E VA_PackageUtilsV2: getVersionCode: error
08-07 15:41:27.299 22445 30087 E VA_PackageUtilsV2: android.content.pm.PackageManager$NameNotFoundException: com.sdu.didi.psnger
08-07 15:41:27.299 22445 30087 E VA_PackageUtilsV2: 	at android.app.ApplicationPackageManager.getPackageInfoAsUser(ApplicationPackageManager.java:276)
08-07 15:41:27.299 22445 30087 E VA_PackageUtilsV2: 	at android.app.ApplicationPackageManager.getPackageInfo(ApplicationPackageManager.java:236)
08-07 15:41:27.299 22445 30087 E VA_PackageUtilsV2: 	at android.app.ApplicationPackageManager.getPackageInfo(ApplicationPackageManager.java:230)
08-07 15:41:27.299 22445 30087 E VA_PackageUtilsV2: 	at m30.r.getVersionCode(SourceFile:44)
08-07 15:41:27.299 22445 30087 E VA_PackageUtilsV2: 	at ez.r0.getVersionCode(SourceFile:1)
08-07 15:41:27.299 22445 30087 E VA_PackageUtilsV2: 	at ff.b.getAccessibilityInfo(SourceFile:93)
08-07 15:41:27.299 22445 30087 E VA_PackageUtilsV2: 	at ff.b.getSimulateClickState(SourceFile:1)
08-07 15:41:27.299 22445 30087 E VA_PackageUtilsV2: 	at com.xiaomi.voiceassistant.u0$a.getSimulateClickState(SourceFile:1)
08-07 15:41:27.299 22445 30087 E VA_PackageUtilsV2: 	at com.xiaomi.voiceassist.engine.context.CacheContext$a.run(SourceFile:14)
08-07 15:41:27.299 22445 30087 E VA_PackageUtilsV2: 	at java.util.concurrent.Executors$RunnableAdapter.call(Executors.java:487)
08-07 15:41:27.299 22445 30087 E VA_PackageUtilsV2: 	at java.util.concurrent.FutureTask.run(FutureTask.java:264)
08-07 15:41:27.299 22445 30087 E VA_PackageUtilsV2: 	at java.util.concurrent.ThreadPoolExecutor.runWorker(ThreadPoolExecutor.java:1251)
08-07 15:41:27.299 22445 30087 E VA_PackageUtilsV2: 	at java.util.concurrent.ThreadPoolExecutor$Worker.run(ThreadPoolExecutor.java:668)
08-07 15:41:27.299 22445 30087 E VA_PackageUtilsV2: 	at java.lang.Thread.run(Thread.java:1012)
08-07 15:41:27.301 11098 27572 I Fitness : (REDACTED) OnPackageChangedOperation got intent: %s
08-07 15:41:27.301 22445 30087 E VA_PackageUtilsV2: getVersionCode: error
08-07 15:41:27.301 22445 30087 E VA_PackageUtilsV2: android.content.pm.PackageManager$NameNotFoundException: com.ximalaya.ting.android
08-07 15:41:27.301 22445 30087 E VA_PackageUtilsV2: 	at android.app.ApplicationPackageManager.getPackageInfoAsUser(ApplicationPackageManager.java:276)
08-07 15:41:27.301 22445 30087 E VA_PackageUtilsV2: 	at android.app.ApplicationPackageManager.getPackageInfo(ApplicationPackageManager.java:236)
08-07 15:41:27.301 22445 30087 E VA_PackageUtilsV2: 	at android.app.ApplicationPackageManager.getPackageInfo(ApplicationPackageManager.java:230)
08-07 15:41:27.301 22445 30087 E VA_PackageUtilsV2: 	at m30.r.getVersionCode(SourceFile:44)
08-07 15:41:27.301 22445 30087 E VA_PackageUtilsV2: 	at ez.r0.getVersionCode(SourceFile:1)
08-07 15:41:27.301 22445 30087 E VA_PackageUtilsV2: 	at ff.b.getAccessibilityInfo(SourceFile:93)
08-07 15:41:27.301 22445 30087 E VA_PackageUtilsV2: 	at ff.b.getSimulateClickState(SourceFile:1)
08-07 15:41:27.301 22445 30087 E VA_PackageUtilsV2: 	at com.xiaomi.voiceassistant.u0$a.getSimulateClickState(SourceFile:1)
08-07 15:41:27.301 22445 30087 E VA_PackageUtilsV2: 	at com.xiaomi.voiceassist.engine.context.CacheContext$a.run(SourceFile:14)
08-07 15:41:27.301 22445 30087 E VA_PackageUtilsV2: 	at java.util.concurrent.Executors$RunnableAdapter.call(Executors.java:487)
08-07 15:41:27.301 22445 30087 E VA_PackageUtilsV2: 	at java.util.concurrent.FutureTask.run(FutureTask.java:264)
08-07 15:41:27.301 22445 30087 E VA_PackageUtilsV2: 	at java.util.concurrent.ThreadPoolExecutor.runWorker(ThreadPoolExecutor.java:1251)
08-07 15:41:27.301 22445 30087 E VA_PackageUtilsV2: 	at java.util.concurrent.ThreadPoolExecutor$Worker.run(ThreadPoolExecutor.java:668)
08-07 15:41:27.301 22445 30087 E VA_PackageUtilsV2: 	at java.lang.Thread.run(Thread.java:1012)
08-07 15:41:27.302  2474  8358 W ParceledListSlice: Element #362 is 25752 bytes.
08-07 15:41:27.305 22445 30087 E VA_PackageUtilsV2: getVersionCode: error
08-07 15:41:27.305 22445 30087 E VA_PackageUtilsV2: android.content.pm.PackageManager$NameNotFoundException: com.mobike.mobikeapp
08-07 15:41:27.305 22445 30087 E VA_PackageUtilsV2: 	at android.app.ApplicationPackageManager.getPackageInfoAsUser(ApplicationPackageManager.java:276)
08-07 15:41:27.305 22445 30087 E VA_PackageUtilsV2: 	at android.app.ApplicationPackageManager.getPackageInfo(ApplicationPackageManager.java:236)
08-07 15:41:27.305 22445 30087 E VA_PackageUtilsV2: 	at android.app.ApplicationPackageManager.getPackageInfo(ApplicationPackageManager.java:230)
08-07 15:41:27.305 22445 30087 E VA_PackageUtilsV2: 	at m30.r.getVersionCode(SourceFile:44)
08-07 15:41:27.305 22445 30087 E VA_PackageUtilsV2: 	at ez.r0.getVersionCode(SourceFile:1)
08-07 15:41:27.305 22445 30087 E VA_PackageUtilsV2: 	at ff.b.getAccessibilityInfo(SourceFile:93)
08-07 15:41:27.305 22445 30087 E VA_PackageUtilsV2: 	at ff.b.getSimulateClickState(SourceFile:1)
08-07 15:41:27.305 22445 30087 E VA_PackageUtilsV2: 	at com.xiaomi.voiceassistant.u0$a.getSimulateClickState(SourceFile:1)
08-07 15:41:27.305 22445 30087 E VA_PackageUtilsV2: 	at com.xiaomi.voiceassist.engine.context.CacheContext$a.run(SourceFile:14)
08-07 15:41:27.305 22445 30087 E VA_PackageUtilsV2: 	at java.util.concurrent.Executors$RunnableAdapter.call(Executors.java:487)
08-07 15:41:27.305 22445 30087 E VA_PackageUtilsV2: 	at java.util.concurrent.FutureTask.run(FutureTask.java:264)
08-07 15:41:27.305 22445 30087 E VA_PackageUtilsV2: 	at java.util.concurrent.ThreadPoolExecutor.runWorker(ThreadPoolExecutor.java:1251)
08-07 15:41:27.305 22445 30087 E VA_PackageUtilsV2: 	at java.util.concurrent.ThreadPoolExecutor$Worker.run(ThreadPoolExecutor.java:668)
08-07 15:41:27.305 22445 30087 E VA_PackageUtilsV2: 	at java.lang.Thread.run(Thread.java:1012)
08-07 15:41:27.307 15738 15792 E AiCrEngine_E_.ActionProvider.checkSignature: checkSignature() sha256: c9009d01ebf9f5d0302bc71b2fe9aa9a47a432bba17308a3111b75d7b2149025
08-07 15:41:27.307 15738 15792 I AiCrEngine_ActionProvider: extras is null
08-07 15:41:27.312 22445 30087 E VA_PackageUtilsV2: getVersionCode: error
08-07 15:41:27.312 22445 30087 E VA_PackageUtilsV2: android.content.pm.PackageManager$NameNotFoundException: so.ofo.labofo
08-07 15:41:27.312 22445 30087 E VA_PackageUtilsV2: 	at android.app.ApplicationPackageManager.getPackageInfoAsUser(ApplicationPackageManager.java:276)
08-07 15:41:27.312 22445 30087 E VA_PackageUtilsV2: 	at android.app.ApplicationPackageManager.getPackageInfo(ApplicationPackageManager.java:236)
08-07 15:41:27.312 22445 30087 E VA_PackageUtilsV2: 	at android.app.ApplicationPackageManager.getPackageInfo(ApplicationPackageManager.java:230)
08-07 15:41:27.312 22445 30087 E VA_PackageUtilsV2: 	at m30.r.getVersionCode(SourceFile:44)
08-07 15:41:27.312 22445 30087 E VA_PackageUtilsV2: 	at ez.r0.getVersionCode(SourceFile:1)
08-07 15:41:27.312 22445 30087 E VA_PackageUtilsV2: 	at ff.b.getAccessibilityInfo(SourceFile:93)
08-07 15:41:27.312 22445 30087 E VA_PackageUtilsV2: 	at ff.b.getSimulateClickState(SourceFile:1)
08-07 15:41:27.312 22445 30087 E VA_PackageUtilsV2: 	at com.xiaomi.voiceassistant.u0$a.getSimulateClickState(SourceFile:1)
08-07 15:41:27.312 22445 30087 E VA_PackageUtilsV2: 	at com.xiaomi.voiceassist.engine.context.CacheContext$a.run(SourceFile:14)
08-07 15:41:27.312 22445 30087 E VA_PackageUtilsV2: 	at java.util.concurrent.Executors$RunnableAdapter.call(Executors.java:487)
08-07 15:41:27.312 22445 30087 E VA_PackageUtilsV2: 	at java.util.concurrent.FutureTask.run(FutureTask.java:264)
08-07 15:41:27.312 22445 30087 E VA_PackageUtilsV2: 	at java.util.concurrent.ThreadPoolExecutor.runWorker(ThreadPoolExecutor.java:1251)
08-07 15:41:27.312 22445 30087 E VA_PackageUtilsV2: 	at java.util.concurrent.ThreadPoolExecutor$Worker.run(ThreadPoolExecutor.java:668)
08-07 15:41:27.312 22445 30087 E VA_PackageUtilsV2: 	at java.lang.Thread.run(Thread.java:1012)
08-07 15:41:27.312  1843  2051 I SDM     : DisplayBase::CommitThread: Received idle timeout, panel: cmd, timeout: 70000 us
08-07 15:41:27.315  2474  7379 I whetstone.activity: processNotifyEvent1 resId = 256, bundle = Bundle[{startTime=477111637, sourcePkg=com.miui.cleanmaster, sourceUid=10266, status=1, jobId=669, batteryName=com.miui.cleanmaster/androidx.work.impl.background.systemjob.SystemJobService, elapsedRealtime=477111637}]
08-07 15:41:27.315  4702  4702 I Finsky  : [2] akwu.c(44): Do not start WearSupportService due to Wear service optimization
08-07 15:41:27.315  4702  4702 I Finsky  : [2] kuy.f(9): AIM: AppInfoCacheUpdater -> invalidating apps: [com.accuweather.android]
08-07 15:41:27.315 14191 19634 I EventMonitor: notifyEvent resId=256
08-07 15:41:27.315  4702  4702 I Finsky  : [2] kvn.g(21): AIM: AppInfoManager-Perf > getApps > called for 1 apps
08-07 15:41:27.315 22445 27277 I ActionManager: getDDFid: [536936449, 537067522, 8519681, 6684674, 6619137, 65543, 537264129, 6881281, 6946818, 6815745, 7012353, 537591809, 7143425, 7077889, 7405569, 7340033, 7536641, 7471105, 9699329, 7733249, 8060929, 8192001, 8126465, 8257537]
08-07 15:41:27.315  1865  1865 I vendor.qti.hardware.servicetrackeraidl-service: bindService is called for service : com.miui.cleanmaster/androidx.work.impl.background.systemjob.SystemJobService and for client system
08-07 15:41:27.315  1865  1865 I vendor.qti.hardware.servicetrackeraidl-service: total connections for service : com.miui.cleanmaster/androidx.work.impl.background.systemjob.SystemJobServiceare :1
08-07 15:41:27.315  1865  1865 I vendor.qti.hardware.servicetrackeraidl-service: total connections for client : systemare :32
08-07 15:41:27.315 22445 27277 I VA_AgentActionManager: updateDDFId mDDFId:[536936449,537067522,8519681,6684674,6619137,65543,537264129,6881281,6946818,6815745,7012353,537591809,7143425,7077889,7405569,7340033,7536641,7471105,9699329,7733249,8060929,8192001,8126465,8257537]
08-07 15:41:27.315  2474  7257 I MiuiNetworkPolicy: updateUidState uid = 10266, uidState = 8
08-07 15:41:27.315 22445 27277 I VA_PackageUtils: isSupportAllOffline = false
08-07 15:41:27.315 22445 27277 I VA_OfflineDataLoader: reloadModel task begin ...false
08-07 15:41:27.315 22445 27277 I VA_OfflineDataLoader: reloadModel not forced and network is available,now return
08-07 15:41:27.316  4702  4702 I Finsky  : [2] srb.akj(13): DTU: Received onPackageAdded, replacing: false
08-07 15:41:27.316 22445 30087 E VA_PackageUtilsV2: getVersionCode: error
08-07 15:41:27.316 22445 30087 E VA_PackageUtilsV2: android.content.pm.PackageManager$NameNotFoundException: com.kugou.android
08-07 15:41:27.316 22445 30087 E VA_PackageUtilsV2: 	at android.app.ApplicationPackageManager.getPackageInfoAsUser(ApplicationPackageManager.java:276)
08-07 15:41:27.316 22445 30087 E VA_PackageUtilsV2: 	at android.app.ApplicationPackageManager.getPackageInfo(ApplicationPackageManager.java:236)
08-07 15:41:27.316 22445 30087 E VA_PackageUtilsV2: 	at android.app.ApplicationPackageManager.getPackageInfo(ApplicationPackageManager.java:230)
08-07 15:41:27.316 22445 30087 E VA_PackageUtilsV2: 	at m30.r.getVersionCode(SourceFile:44)
08-07 15:41:27.316 22445 30087 E VA_PackageUtilsV2: 	at ez.r0.getVersionCode(SourceFile:1)
08-07 15:41:27.316 22445 30087 E VA_PackageUtilsV2: 	at ff.b.getAccessibilityInfo(SourceFile:93)
08-07 15:41:27.316 22445 30087 E VA_PackageUtilsV2: 	at ff.b.getSimulateClickState(SourceFile:1)
08-07 15:41:27.316 22445 30087 E VA_PackageUtilsV2: 	at com.xiaomi.voiceassistant.u0$a.getSimulateClickState(SourceFile:1)
08-07 15:41:27.316 22445 30087 E VA_PackageUtilsV2: 	at com.xiaomi.voiceassist.engine.context.CacheContext$a.run(SourceFile:14)
08-07 15:41:27.316 22445 30087 E VA_PackageUtilsV2: 	at java.util.concurrent.Executors$RunnableAdapter.call(Executors.java:487)
08-07 15:41:27.316 22445 30087 E VA_PackageUtilsV2: 	at java.util.concurrent.FutureTask.run(FutureTask.java:264)
08-07 15:41:27.316 22445 30087 E VA_PackageUtilsV2: 	at java.util.concurrent.ThreadPoolExecutor.runWorker(ThreadPoolExecutor.java:1251)
08-07 15:41:27.316 22445 30087 E VA_PackageUtilsV2: 	at java.util.concurrent.ThreadPoolExecutor$Worker.run(ThreadPoolExecutor.java:668)
08-07 15:41:27.316 22445 30087 E VA_PackageUtilsV2: 	at java.lang.Thread.run(Thread.java:1012)
08-07 15:41:27.316  4702  4753 I Finsky  : [2566] kwt.a(55): AIM: AppInfoManager-Perf > OnDeviceAppInfo > cacheHitCount=0, cacheMissCount=1. Missed  in cache (limit 10) : [com.accuweather.android]
08-07 15:41:27.316  4702  4753 I Finsky  : [2566] kuq.apply(1378): AIM: Got app ownership map. App counts: . Unique apps: 0
08-07 15:41:27.317 22445 30087 E VA_PackageUtilsV2: getVersionCode: error
08-07 15:41:27.317 22445 30087 E VA_PackageUtilsV2: android.content.pm.PackageManager$NameNotFoundException: com.netease.cloudmusic
08-07 15:41:27.317 22445 30087 E VA_PackageUtilsV2: 	at android.app.ApplicationPackageManager.getPackageInfoAsUser(ApplicationPackageManager.java:276)
08-07 15:41:27.317 22445 30087 E VA_PackageUtilsV2: 	at android.app.ApplicationPackageManager.getPackageInfo(ApplicationPackageManager.java:236)
08-07 15:41:27.317 22445 30087 E VA_PackageUtilsV2: 	at android.app.ApplicationPackageManager.getPackageInfo(ApplicationPackageManager.java:230)
08-07 15:41:27.317 22445 30087 E VA_PackageUtilsV2: 	at m30.r.getVersionCode(SourceFile:44)
08-07 15:41:27.317 22445 30087 E VA_PackageUtilsV2: 	at ez.r0.getVersionCode(SourceFile:1)
08-07 15:41:27.317 22445 30087 E VA_PackageUtilsV2: 	at ff.b.getAccessibilityInfo(SourceFile:93)
08-07 15:41:27.317 22445 30087 E VA_PackageUtilsV2: 	at ff.b.getSimulateClickState(SourceFile:1)
08-07 15:41:27.317 22445 30087 E VA_PackageUtilsV2: 	at com.xiaomi.voiceassistant.u0$a.getSimulateClickState(SourceFile:1)
08-07 15:41:27.317 22445 30087 E VA_PackageUtilsV2: 	at com.xiaomi.voiceassist.engine.context.CacheContext$a.run(SourceFile:14)
08-07 15:41:27.317 22445 30087 E VA_PackageUtilsV2: 	at java.util.concurrent.Executors$RunnableAdapter.call(Executors.java:487)
08-07 15:41:27.317 22445 30087 E VA_PackageUtilsV2: 	at java.util.concurrent.FutureTask.run(FutureTask.java:264)
08-07 15:41:27.317 22445 30087 E VA_PackageUtilsV2: 	at java.util.concurrent.ThreadPoolExecutor.runWorker(ThreadPoolExecutor.java:1251)
08-07 15:41:27.317 22445 30087 E VA_PackageUtilsV2: 	at java.util.concurrent.ThreadPoolExecutor$Worker.run(ThreadPoolExecutor.java:668)
08-07 15:41:27.317 22445 30087 E VA_PackageUtilsV2: 	at java.lang.Thread.run(Thread.java:1012)
08-07 15:41:27.317  4702 26938 I Finsky  : [3072] pcp.accept(129): Wrote row to frosting DB: 1735
08-07 15:41:27.318  4702  4757 I Finsky  : [2570] kwp.a(206): AIM: AppInfoManager-Perf > ItemModel > CacheSize=33, cacheHitCount=0, cacheMissCount=0, total appsWithNoServerDataCount=3. Missed  in cache (limit 10) : []
08-07 15:41:27.320 25558 26692 I artd    : Dex parent of /data/app/~~1yVHjgIJ4KNtm10vy8omAA==/com.accuweather.android-4Akt2IRMqtIe29dQQY_10w==/base.apk is not writable: Permission denied
08-07 15:41:27.320 25558 26692 I artd    : GetBestInfo checking odex in dalvik-cache (/data/dalvik-cache/arm64/data@app@~~1yVHjgIJ4KNtm10vy8omAA==@com.accuweather.android-4Akt2IRMqtIe29dQQY_10w==@base.apk@classes.dex)
08-07 15:41:27.320 25558 26692 I artd    : Loading /data/dalvik-cache/arm64/data@app@~~1yVHjgIJ4KNtm10vy8omAA==@com.accuweather.android-4Akt2IRMqtIe29dQQY_10w==@base.apk@classes.dex with executable: 0
08-07 15:41:27.321 25558 26692 I artd    : OatFileAssistant test for existing oat file /data/dalvik-cache/arm64/data@app@~~1yVHjgIJ4KNtm10vy8omAA==@com.accuweather.android-4Akt2IRMqtIe29dQQY_10w==@base.apk@classes.dex: File /data/dalvik-cache/arm64/data@app@~~1yVHjgIJ4KNtm10vy8omAA==@com.accuweather.android-4Akt2IRMqtIe29dQQY_10w==@base.apk@classes.vdex does not exist.
08-07 15:41:27.321 25558 26692 I artd    : GetBestInfo checking odex next to the dex file (/data/app/~~1yVHjgIJ4KNtm10vy8omAA==/com.accuweather.android-4Akt2IRMqtIe29dQQY_10w==/oat/arm64/base.odex)
08-07 15:41:27.321 25558 26692 I artd    : Loading /data/app/~~1yVHjgIJ4KNtm10vy8omAA==/com.accuweather.android-4Akt2IRMqtIe29dQQY_10w==/oat/arm64/base.odex with executable: 0
08-07 15:41:27.321 25558 26692 I artd    : Successfully loaded /data/app/~~1yVHjgIJ4KNtm10vy8omAA==/com.accuweather.android-4Akt2IRMqtIe29dQQY_10w==/oat/arm64/base.odex with executable: 0
08-07 15:41:27.321 25558 26692 I artd    : /data/app/~~1yVHjgIJ4KNtm10vy8omAA==/com.accuweather.android-4Akt2IRMqtIe29dQQY_10w==/oat/arm64/base.odex is kOatUpToDate with filter verify
08-07 15:41:27.322 22445 30087 E VA_PackageUtilsV2: getVersionCode: error
08-07 15:41:27.322 22445 30087 E VA_PackageUtilsV2: android.content.pm.PackageManager$NameNotFoundException: com.tencent.qqmusic
08-07 15:41:27.322 22445 30087 E VA_PackageUtilsV2: 	at android.app.ApplicationPackageManager.getPackageInfoAsUser(ApplicationPackageManager.java:276)
08-07 15:41:27.322 22445 30087 E VA_PackageUtilsV2: 	at android.app.ApplicationPackageManager.getPackageInfo(ApplicationPackageManager.java:236)
08-07 15:41:27.322 22445 30087 E VA_PackageUtilsV2: 	at android.app.ApplicationPackageManager.getPackageInfo(ApplicationPackageManager.java:230)
08-07 15:41:27.322 22445 30087 E VA_PackageUtilsV2: 	at m30.r.getVersionCode(SourceFile:44)
08-07 15:41:27.322 22445 30087 E VA_PackageUtilsV2: 	at ez.r0.getVersionCode(SourceFile:1)
08-07 15:41:27.322 22445 30087 E VA_PackageUtilsV2: 	at ff.b.getAccessibilityInfo(SourceFile:93)
08-07 15:41:27.322 22445 30087 E VA_PackageUtilsV2: 	at ff.b.getSimulateClickState(SourceFile:1)
08-07 15:41:27.322 22445 30087 E VA_PackageUtilsV2: 	at com.xiaomi.voiceassistant.u0$a.getSimulateClickState(SourceFile:1)
08-07 15:41:27.322 22445 30087 E VA_PackageUtilsV2: 	at com.xiaomi.voiceassist.engine.context.CacheContext$a.run(SourceFile:14)
08-07 15:41:27.322 22445 30087 E VA_PackageUtilsV2: 	at java.util.concurrent.Executors$RunnableAdapter.call(Executors.java:487)
08-07 15:41:27.322 22445 30087 E VA_PackageUtilsV2: 	at java.util.concurrent.FutureTask.run(FutureTask.java:264)
08-07 15:41:27.322 22445 30087 E VA_PackageUtilsV2: 	at java.util.concurrent.ThreadPoolExecutor.runWorker(ThreadPoolExecutor.java:1251)
08-07 15:41:27.322 22445 30087 E VA_PackageUtilsV2: 	at java.util.concurrent.ThreadPoolExecutor$Worker.run(ThreadPoolExecutor.java:668)
08-07 15:41:27.322 22445 30087 E VA_PackageUtilsV2: 	at java.lang.Thread.run(Thread.java:1012)
08-07 15:41:27.322  4702  4702 I Finsky  : [2] adpc.f(9): Clearing split related stale data.
08-07 15:41:27.323  1865  1865 I vendor.qti.hardware.servicetrackeraidl-service: destroyService is called for service : com.google.android.gms/.fitness.service.recording.FitRecordingBroker
08-07 15:41:27.323  4702  4702 I Finsky  : [2] yag.g(1): yag - Received: android.intent.action.PACKAGE_CHANGED, [KGd0ZH8_nYAuW8ZhoYZ3CPsM4P-GM5Izvsq2WylpAmg]
08-07 15:41:27.323  4702  4744 I Finsky  : [2560] kwp.a(206): AIM: AppInfoManager-Perf > ItemModel > CacheSize=33, cacheHitCount=0, cacheMissCount=0, total appsWithNoServerDataCount=3. Missed  in cache (limit 10) : []
08-07 15:41:27.325  4702 26951 I Finsky  : [3081] mjw.ajf(151): [ContentSync] finished, scheduled=false
08-07 15:41:27.326  4702 26938 I Finsky  : [3072] pcp.accept(129): Wrote row to frosting DB: 1736
08-07 15:41:27.327 17558  9757 I WM-WorkerWrapper: Worker result SUCCESS for Work [ id=e7856640-0527-4399-99b3-c2b396cdff2e, tags={ com.miui.optimizecenter.common.appcache.AppCacheManager$Companion$AppChangedReceiverWork } ]
08-07 15:41:27.329  4702  4702 I Finsky  : [2] kuy.f(9): AIM: AppInfoCacheUpdater -> invalidating apps: [com.accuweather.android]
08-07 15:41:27.330  4702  4702 I Finsky  : [2] kvn.g(21): AIM: AppInfoManager-Perf > getApps > called for 1 apps
08-07 15:41:27.330  4702  4740 I Finsky  : [2556] kwt.a(55): AIM: AppInfoManager-Perf > OnDeviceAppInfo > cacheHitCount=0, cacheMissCount=1. Missed  in cache (limit 10) : [com.accuweather.android]
08-07 15:41:27.333  4702  4740 I Finsky  : [2556] kwt.a(55): AIM: AppInfoManager-Perf > OnDeviceAppInfo > cacheHitCount=1, cacheMissCount=0. Missed  in cache (limit 10) : []
08-07 15:41:27.333  4702  4740 I Finsky  : [2556] kuq.apply(1378): AIM: Got app ownership map. App counts: . Unique apps: 0
08-07 15:41:27.333  4702  4740 I Finsky  : [2556] kuq.apply(1378): AIM: Got app ownership map. App counts: . Unique apps: 0
08-07 15:41:27.335  4702 26938 I Finsky  : [3072] pcp.accept(129): Wrote row to frosting DB: 1737
08-07 15:41:27.336 22445 30087 E VA_PackageUtilsV2: getVersionCode: error
08-07 15:41:27.336 22445 30087 E VA_PackageUtilsV2: android.content.pm.PackageManager$NameNotFoundException: com.qiyi.video
08-07 15:41:27.336 22445 30087 E VA_PackageUtilsV2: 	at android.app.ApplicationPackageManager.getPackageInfoAsUser(ApplicationPackageManager.java:276)
08-07 15:41:27.336 22445 30087 E VA_PackageUtilsV2: 	at android.app.ApplicationPackageManager.getPackageInfo(ApplicationPackageManager.java:236)
08-07 15:41:27.336 22445 30087 E VA_PackageUtilsV2: 	at android.app.ApplicationPackageManager.getPackageInfo(ApplicationPackageManager.java:230)
08-07 15:41:27.336 22445 30087 E VA_PackageUtilsV2: 	at m30.r.getVersionCode(SourceFile:44)
08-07 15:41:27.336 22445 30087 E VA_PackageUtilsV2: 	at ez.r0.getVersionCode(SourceFile:1)
08-07 15:41:27.336 22445 30087 E VA_PackageUtilsV2: 	at ff.b.getAccessibilityInfo(SourceFile:93)
08-07 15:41:27.336 22445 30087 E VA_PackageUtilsV2: 	at ff.b.getSimulateClickState(SourceFile:1)
08-07 15:41:27.336 22445 30087 E VA_PackageUtilsV2: 	at com.xiaomi.voiceassistant.u0$a.getSimulateClickState(SourceFile:1)
08-07 15:41:27.336 22445 30087 E VA_PackageUtilsV2: 	at com.xiaomi.voiceassist.engine.context.CacheContext$a.run(SourceFile:14)
08-07 15:41:27.336 22445 30087 E VA_PackageUtilsV2: 	at java.util.concurrent.Executors$RunnableAdapter.call(Executors.java:487)
08-07 15:41:27.336 22445 30087 E VA_PackageUtilsV2: 	at java.util.concurrent.FutureTask.run(FutureTask.java:264)
08-07 15:41:27.336 22445 30087 E VA_PackageUtilsV2: 	at java.util.concurrent.ThreadPoolExecutor.runWorker(ThreadPoolExecutor.java:1251)
08-07 15:41:27.336 22445 30087 E VA_PackageUtilsV2: 	at java.util.concurrent.ThreadPoolExecutor$Worker.run(ThreadPoolExecutor.java:668)
08-07 15:41:27.336 22445 30087 E VA_PackageUtilsV2: 	at java.lang.Thread.run(Thread.java:1012)
08-07 15:41:27.337 11098 27572 I Fitness : (REDACTED) FitCleanupIntentOperation received Intent %s
08-07 15:41:27.339  1865  1865 I vendor.qti.hardware.servicetrackeraidl-service: unbindService is called for service : com.miui.cleanmaster/androidx.work.impl.background.systemjob.SystemJobService and for client system
08-07 15:41:27.339  1865  1865 I vendor.qti.hardware.servicetrackeraidl-service: size of service connections for service: com.miui.cleanmaster/androidx.work.impl.background.systemjob.SystemJobServiceafter removal is 0
08-07 15:41:27.339  1865  1865 I vendor.qti.hardware.servicetrackeraidl-service: size of client connections for client: systemafter removal is 31
08-07 15:41:27.339  1865  1865 I vendor.qti.hardware.servicetrackeraidl-service: destroyService is called for service : com.miui.cleanmaster/androidx.work.impl.background.systemjob.SystemJobService
08-07 15:41:27.340  4702  4757 I Finsky  : [2570] jyg.accept(156): AIM: AppInfoManager-Perf > getApps > data collection finished
08-07 15:41:27.340  2474  7379 I whetstone.activity: processNotifyEvent1 resId = 256, bundle = Bundle[{startTime=477111662, sourcePkg=com.miui.cleanmaster, sourceUid=10266, status=0, jobId=669, batteryName=com.miui.cleanmaster/androidx.work.impl.background.systemjob.SystemJobService, elapsedRealtime=477111662}]
08-07 15:41:27.341  4702  4757 I Finsky  : [2570] kvo.run(976): AIM: AppInfoManager-Perf > maybeDestroyAppInfoManager is called. actives = 1
08-07 15:41:27.340 14191 19634 I EventMonitor: notifyEvent resId=256
08-07 15:41:27.342  2474  7257 I MiuiNetworkPolicy: updateUidState uid = 10266, uidState = 10
08-07 15:41:27.342 11098 27581 I ProximityAuth: [RecentAppsMediator] Package added: (user=UserHandle{0}) com.accuweather.android
08-07 15:41:27.342 11098 27584 W GCM     : Unexpected forwarded intent: Intent { act=android.intent.action.PACKAGE_ADDED dat=package: flg=0x4000010 pkg=com.google.android.gms cmp=com.google.android.gms/.chimera.PersistentIntentOperationService (has extras) }
08-07 15:41:27.342  2474  7257 I MiuiNetworkPolicy: updateUidState uid = 10124, uidState = 16
08-07 15:41:27.343  2474  8820 W JobScheduler: Job didn't exist in JobStore: 
08-07 15:41:27.343  2474  8820 W SSRU-ResourceUsageProxy: Nonexistent ongoing transaction JHR:669 for u:0 pkg:com.miui.cleanmaster ended
08-07 15:41:27.344 22445 30087 E VA_PackageUtilsV2: getVersionCode: error
08-07 15:41:27.344 22445 30087 E VA_PackageUtilsV2: android.content.pm.PackageManager$NameNotFoundException: com.tencent.qqlive
08-07 15:41:27.344 22445 30087 E VA_PackageUtilsV2: 	at android.app.ApplicationPackageManager.getPackageInfoAsUser(ApplicationPackageManager.java:276)
08-07 15:41:27.344 22445 30087 E VA_PackageUtilsV2: 	at android.app.ApplicationPackageManager.getPackageInfo(ApplicationPackageManager.java:236)
08-07 15:41:27.344 22445 30087 E VA_PackageUtilsV2: 	at android.app.ApplicationPackageManager.getPackageInfo(ApplicationPackageManager.java:230)
08-07 15:41:27.344 22445 30087 E VA_PackageUtilsV2: 	at m30.r.getVersionCode(SourceFile:44)
08-07 15:41:27.344 22445 30087 E VA_PackageUtilsV2: 	at ez.r0.getVersionCode(SourceFile:1)
08-07 15:41:27.344 22445 30087 E VA_PackageUtilsV2: 	at ff.b.getAccessibilityInfo(SourceFile:93)
08-07 15:41:27.344 22445 30087 E VA_PackageUtilsV2: 	at ff.b.getSimulateClickState(SourceFile:1)
08-07 15:41:27.344 22445 30087 E VA_PackageUtilsV2: 	at com.xiaomi.voiceassistant.u0$a.getSimulateClickState(SourceFile:1)
08-07 15:41:27.344 22445 30087 E VA_PackageUtilsV2: 	at com.xiaomi.voiceassist.engine.context.CacheContext$a.run(SourceFile:14)
08-07 15:41:27.344 22445 30087 E VA_PackageUtilsV2: 	at java.util.concurrent.Executors$RunnableAdapter.call(Executors.java:487)
08-07 15:41:27.344 22445 30087 E VA_PackageUtilsV2: 	at java.util.concurrent.FutureTask.run(FutureTask.java:264)
08-07 15:41:27.344 22445 30087 E VA_PackageUtilsV2: 	at java.util.concurrent.ThreadPoolExecutor.runWorker(ThreadPoolExecutor.java:1251)
08-07 15:41:27.344 22445 30087 E VA_PackageUtilsV2: 	at java.util.concurrent.ThreadPoolExecutor$Worker.run(ThreadPoolExecutor.java:668)
08-07 15:41:27.344 22445 30087 E VA_PackageUtilsV2: 	at java.lang.Thread.run(Thread.java:1012)
08-07 15:41:27.344 11098 27584 W NetworkScheduler: Unexpected forwarded intent: Intent { act=android.intent.action.PACKAGE_ADDED dat=package: flg=0x4000010 pkg=com.google.android.gms cmp=com.google.android.gms/.chimera.PersistentIntentOperationService (has extras) }
08-07 15:41:27.345 20053 20814 I Market-RetrofitRequest: callStart : https://updateinfo.market.xiaomi.com/apm/updateinfo/v2
08-07 15:41:27.345 25558 26692 I artd    : Dex parent of /data/app/~~1yVHjgIJ4KNtm10vy8omAA==/com.accuweather.android-4Akt2IRMqtIe29dQQY_10w==/base.apk is not writable: Permission denied
08-07 15:41:27.346 25558 26692 I artd    : GetBestInfo checking odex in dalvik-cache (/data/dalvik-cache/arm64/data@app@~~1yVHjgIJ4KNtm10vy8omAA==@com.accuweather.android-4Akt2IRMqtIe29dQQY_10w==@base.apk@classes.dex)
