--------- beginning of main
08-06 21:41:39.988 20053 27840 I Market-DownloadLimitSpeedManager: stopLimitSpeed
08-06 21:41:39.988 20053 27840 I Market-LimitSpeedManager: stopLimitSpeedNow() =========== 
08-06 21:41:39.995 20053 27840 I Market-RetrofitRequest: callEnd : https://app.market.xiaomi.com/apm/statistics/appactive
08-06 21:41:39.997 20053 27840 E Market-ReflectUtils: invokeObject com.android.org.bouncycastle.util.encoders.Base64.decode com.xiaomi.market.util.reflect.IllegalArgumentException
08-06 21:41:39.997 20053 27840 E Market-ConnectionRSA: get key exception : java.lang.NullPointerException: decrypt data is null
08-06 21:41:40.002 20053 10087 I Market-LocalAppManager: getUpdateInfoFromServer : middle
08-06 21:41:40.002 20053 10087 E Market-Client: isSupportChildMode, error: java.lang.NumberFormatException: For input string: ""
08-06 21:41:40.004 20053 10087 I Market-RetrofitRequest: callStart : https://updateinfo.market.xiaomi.com/apm/updateinfo/v2
08-06 21:41:40.005 20053 10087 I Market-RetrofitRequest: HeaderInterceptor : https://updateinfo.market.xiaomi.com/apm/updateinfo/v2
08-06 21:41:40.006 20053 10087 E Market-Client: isSupportChildMode, error: java.lang.NumberFormatException: For input string: ""
08-06 21:41:40.006 20053 10087 E Market-Client: isSupportChildMode, error: java.lang.NumberFormatException: For input string: ""
08-06 21:41:40.009 20053 10087 I Market-LimitSpeedManager: startLimitSpeedNow() ====== speed = 32768
08-06 21:41:40.011 20053 10087 I Market-DownloadLimitSpeedManager: startLimitSpeed success. Total count 1
08-06 21:41:40.011 20053 10087 I Market-RetrofitRequest: HeaderInterceptor : https://updateinfo.market.xiaomi.com/apm/updateinfo/v2
--------- beginning of system
08-06 21:41:40.014  2474  2474 I NotificationService: Cannot find enqueued record for key: 0|com.xiaomi.market|92971997|null|10167
08-06 21:41:40.019  1843  2051 I SDM     : DisplayBase::CommitThread: Received idle timeout, panel: cmd, timeout: 69999 us
08-06 21:41:40.057 19029 19640 I auth    : [XMS][Auth] updateAuthInfo in db true
08-06 21:41:40.059 19029 19638 I auth    : [XMS][Auth] updateAuthInfo in db true
08-06 21:41:40.060 19029 19638 I auth    : [XMS][Auth] updateAuthInfo in db true
08-06 21:41:40.062 19029 19640 I auth    : [XMS][Auth] updateAuthInfo in db true
08-06 21:41:40.063 19029 19638 I auth    : [XMS][Auth] updateAuthInfo in db true
08-06 21:41:40.064 19029 19640 I auth    : [XMS][Auth] updateAuthInfo in db true
08-06 21:41:40.065 19029 19638 I auth    : [XMS][Auth] updateAuthInfo in db true
08-06 21:41:40.066 19029 19640 I auth    : [XMS][Auth] updateAuthInfo in db true
08-06 21:41:40.067 19029 19638 I auth    : [XMS][Auth] updateAuthInfo in db true
08-06 21:41:40.076 19029 19640 I auth    : [XMS][Auth] updateAuthInfo in db true
08-06 21:41:40.077 19029 19638 I auth    : [XMS][Auth] updateAuthInfo in db true
08-06 21:41:40.089 13588  9962 I auth    : [XMS][Auth] updateAuthInfo in db true
08-06 21:41:40.092 13588 19090 I auth    : [XMS][Auth] updateAuthInfo in db true
08-06 21:41:40.094 13588 19090 I auth    : [XMS][Auth] updateAuthInfo in db true
08-06 21:41:40.097 13588 19090 I auth    : [XMS][Auth] updateAuthInfo in db true
08-06 21:41:40.100 13588 19090 I auth    : [XMS][Auth] updateAuthInfo in db true
08-06 21:41:40.103 13588 19090 I auth    : [XMS][Auth] updateAuthInfo in db true
08-06 21:41:40.105 13588  9962 I auth    : [XMS][Auth] updateAuthInfo in db true
08-06 21:41:40.107 13588 19090 I auth    : [XMS][Auth] updateAuthInfo in db true
08-06 21:41:40.109 13588  9962 I auth    : [XMS][Auth] updateAuthInfo in db true
08-06 21:41:40.111 13588 19090 I auth    : [XMS][Auth] updateAuthInfo in db true
08-06 21:41:40.113 13588 19090 I auth    : [XMS][Auth] updateAuthInfo in db true
08-06 21:41:40.124  3086  3086 I adbd    : in ShellService: export ANDROID_LOG_TAGS="''"; exec logcat '-v' 'threadtime' '*:I'
08-06 21:41:40.134  3086  3086 I adbd    : in ShellService: getevent -lt
08-06 21:41:40.138  3086  3086 I adbd    : in ShellService: ime enable io.github.ylimit.droidbotapp/.DroidBotIME
08-06 21:41:40.141  3086  3086 I adbd    : in ShellService: ps
08-06 21:41:40.154  3050  4560 I libsensor-boledalgo: ##### the value of lux: 176.542557, cct: 4353.000000
08-06 21:41:40.154  3050  4560 I libsensor-qshcalapi: value of set_lux: 176.542557, set r: 4353.000000
08-06 21:41:40.156  3050  4560 I libsensor-boledalgo: dbv:434,lux:207.6,cct:4345.9,hsv:-1.0,dc:0CWB R:124446.6,G:103074.6,B:68580.8Event C:16372.4,R:9497.6,G:5304.8,B:2601.5Cali C:4148.7,R:2606.1,G:1182.0,B:625.1 
08-06 21:41:40.157  3050  4560 I libsensor-boledalgo: ##### the value of lux: 207.608551, cct: 4353.000000
08-06 21:41:40.157  3050  4560 I libsensor-qshcalapi: value of set_lux: 207.608551, set r: 4353.000000
08-06 21:41:40.179 20053 10087 I Market-DownloadLimitSpeedManager: stopLimitSpeed
08-06 21:41:40.180 20053 10087 I Market-LimitSpeedManager: stopLimitSpeedNow() =========== 
08-06 21:41:40.209  3086  3086 I adbd    : in ShellService: ime set io.github.ylimit.droidbotapp/.DroidBotIME
08-06 21:41:40.213  1850  9931 E ANDR-PERF-LM: SAGT_ACTION: UpdateFPSData() 138: update /sys/kernel/sched_penalty/parameters/fps to 20, ret is 0
08-06 21:41:40.215  1850  9931 E ANDR-PERF-LM: SAGT_ACTION: updateAutoPenatly() 161: recovery auto penatly gamefps 20.000000, measured fps is 17.500000, gap is 2.500000 
08-06 21:41:40.220 20053 10087 I Market-RetrofitRequest: callEnd : https://updateinfo.market.xiaomi.com/apm/updateinfo/v2
08-06 21:41:40.223 20053 10087 W Market-Connection: Connection result is cut off as too long
08-06 21:41:40.230 20053 10087 I Market-LocalAppManager: getUpdateInfoFromServer : end  , responseCode : OK
08-06 21:41:40.230 20053 10087 I Market-LocalAppManager: checkUpdateFromServer : end
08-06 21:41:40.231 20053 10087 I Market-LocalAppManager: checkUpdateFromServer  data parser : end
08-06 21:41:40.232 20053 10087 I Market-HuanjiManager: condition not satisfied, ignore
08-06 21:41:40.232 20053 10087 I Market-DataParser: [InvalidPackageList] JSON : invalidSystemPackageList list is null
08-06 21:41:40.232 20053 10087 I Market-LocalAppManager: checkUpdateFromServer  filter package : end
08-06 21:41:40.232 20053 10087 I Market-LocalAppManager: checkUpdateFromServer  support64BitPackagesJsonArray : end
08-06 21:41:40.233 20053 10087 I Market-LocalAppManager: query update apps from server : finish, 54 / 425 to update
08-06 21:41:40.239 14158 14158 E BaseInputMethodService: onUnbindInput
08-06 21:41:40.239  2474  4372 I InputReader: Reconfiguring input devices, changes=KEYBOARD_LAYOUTS
08-06 21:41:40.239 11354 11354 I HandWritingStubImpl: refreshLastKeyboardType: 1
08-06 21:41:40.239 11354 11354 I HandWritingStubImpl: getCurrentKeyboardType: 1
08-06 21:41:40.241  2474  4398 W SecurityInputMethodSwitcher: first check switch to security ime: false
08-06 21:41:40.241  2474  4398 W SecurityInputMethodSwitcher: double check switch to security ime: false
08-06 21:41:40.241  2474  4398 W SecurityInputMethodSwitcher: switch to other input method from security ime:false mayChangeToMiuiSecurityInputMethod: false current focus window: android.os.BinderProxy@6ea3ff1
08-06 21:41:40.241 11354 11354 I HandWritingStubImpl: refreshLastKeyboardType: 1
08-06 21:41:40.242 11354 11354 I HandWritingStubImpl: getCurrentKeyboardType: 1
08-06 21:41:40.243 20053 10087 I Market-RetrofitRequest: callStart : https://updateinfo.market.xiaomi.com/apm/updateinfo/priority
08-06 21:41:40.243 14191 14518 I IMECheckManager: getSelectedInputMethod, ime is io.github.ylimit.droidbotapp/.DroidBotIME
08-06 21:41:40.243 14191 14518 I IMECheckManager: InputMethodObserver, userId is 0, ime = io.github.ylimit.droidbotapp/.DroidBotIME
08-06 21:41:40.243  1865  1865 I vendor.qti.hardware.servicetrackeraidl-service: unbindService is called for service : com.sohu.inputmethod.sogou.xiaomi/.SogouIME and for client system
08-06 21:41:40.243  1865  1865 I vendor.qti.hardware.servicetrackeraidl-service: size of service connections for service: com.sohu.inputmethod.sogou.xiaomi/.SogouIMEafter removal is 0
08-06 21:41:40.243  1865  1865 I vendor.qti.hardware.servicetrackeraidl-service: size of client connections for client: systemafter removal is 30
08-06 21:41:40.243  1865  1865 I vendor.qti.hardware.servicetrackeraidl-service: destroyService is called for service : com.sohu.inputmethod.sogou.xiaomi/.SogouIME
08-06 21:41:40.244 13710 14256 I k1      : input method change: 
08-06 21:41:40.244 20053 10087 I Market-RetrofitRequest: HeaderInterceptor : https://updateinfo.market.xiaomi.com/apm/updateinfo/priority
08-06 21:41:40.245  2474  4398 W InputManager-JNI: Input channel object 'c5a4d54 InputMethod (client)' was disposed without first being removed with the input manager!
08-06 21:41:40.245 20053 10087 E Market-Client: isSupportChildMode, error: java.lang.NumberFormatException: For input string: ""
08-06 21:41:40.246 20053 10087 E Market-Client: isSupportChildMode, error: java.lang.NumberFormatException: For input string: ""
08-06 21:41:40.247 20053 10087 I Market-LimitSpeedManager: startLimitSpeedNow() ====== speed = 32768
08-06 21:41:40.248 14158 14158 E BaseInputMethodService: onDestroy
08-06 21:41:40.248  2036  2036 E DisplayModeController: setDesiredMode : Idle status skip setActiveMode, isDdicIdleMode: 1
08-06 21:41:40.249  2474  7257 I MiuiNetworkPolicy: updateUidState uid = 10183, uidState = 10
08-06 21:41:40.249 14158 14158 W WindowOnBackDispatcher: sendCancelIfRunning: isInProgress=false callback=android.view.ViewRootImpl$$ExternalSyntheticLambda12@fa125a0
08-06 21:41:40.249  2474 19255 W WindowManager: Failed looking up window session=Session{b0cc2cd 14158:u0a10183} callers=com.android.server.wm.WindowManagerService.windowForClientLocked:7019 com.android.server.wm.Session.setOnBackInvokedCallbackInfo:1092 android.view.IWindowSession$Stub.onTransact:1281 
08-06 21:41:40.249  2474 19255 I WindowManager: setOnBackInvokedCallback(): No window state for package:com.sohu.inputmethod.sogou.xiaomi
08-06 21:41:40.250  2474 19255 W WindowManager: Cannot find window which accessibility connection is added to
08-06 21:41:40.251  1865  1865 I vendor.qti.hardware.servicetrackeraidl-service: bindService is called for service : io.github.ylimit.droidbotapp/.DroidBotIME and for client system
08-06 21:41:40.251  1865  1865 I vendor.qti.hardware.servicetrackeraidl-service: total connections for service : io.github.ylimit.droidbotapp/.DroidBotIMEare :1
08-06 21:41:40.251  1865  1865 I vendor.qti.hardware.servicetrackeraidl-service: total connections for client : systemare :31
08-06 21:41:40.252  2474 10058 W WindowManager: Failed looking up window session=Session{b0cc2cd 14158:u0a10183} callers=com.android.server.wm.WindowManagerService.removeClientToken:2442 com.android.server.wm.Session.remove:290 android.view.IWindowSession$Stub.onTransact:741 
08-06 21:41:40.252  2474  4398 W SecurityInputMethodSwitcher: first check switch to security ime: false
08-06 21:41:40.252  2474  4398 W SecurityInputMethodSwitcher: double check switch to security ime: false
08-06 21:41:40.252  2474  4398 W SecurityInputMethodSwitcher: switch to other input method from security ime:false mayChangeToMiuiSecurityInputMethod: false current focus window: android.os.BinderProxy@6ea3ff1
08-06 21:41:40.252 20053 10087 I Market-DownloadLimitSpeedManager: startLimitSpeed success. Total count 1
08-06 21:41:40.253 20053 10087 I Market-RetrofitRequest: HeaderInterceptor : https://updateinfo.market.xiaomi.com/apm/updateinfo/priority
08-06 21:41:40.253 14158 14158 I IMEBottomManager: disableQuickMoveCursor
08-06 21:41:40.256  2474 30082 I ClipboardServiceI: checkProviderWakePathForClipboard: primaryClip is null
08-06 21:41:40.256  2474 30082 I SmartPower: com.miui.phrase/10162(24218): idle->background(69329ms) R(content provider start ContentProviderRecord{af5fdc5 u0 com.miui.phrase/com.miui.provider.InputProvider}) adj=0.
08-06 21:41:40.256  1843  2428 I SDM     : HWCDisplay::SetActiveConfigWithConstraints: display:66-0, config: 3, WxH 1200x2670, fps 120
08-06 21:41:40.257  1843  2428 W SDM     : HWDeviceDRM::GetSupportedBitClkRate: Requested rate not supported: 1150000000
08-06 21:41:40.257  1843  2428 I SDM     : HWDeviceDRM::UpdateMixerAttributes: Mixer WxH 1200x2670-1 for Peripheral
08-06 21:41:40.257  1843  2428 I SDM     : HWCDisplay::SubmitDisplayConfig: Active configuration changed from config 1 to 3
08-06 21:41:40.257  1843  2428 I SDM     : HWCDisplay::SubmitDisplayConfig: Active WxH 1200x2670 ,ddic_mode:auto, timing_fps: 120, sf_fps: 120
08-06 21:41:40.258  2474  7257 I MiuiNetworkPolicy: updateUidState uid = 10162, uidState = 10
08-06 21:41:40.259  1843  3496 I vendor.qti.hardware.display.composer-service: Sensor: notify citsensorservice to trigger cwb, misForced = 0
08-06 21:41:40.260  3050  4554 I libsensor-parseRGB: request dump start for mRequestDisplayId 0
08-06 21:41:40.260  2474  8393 I ClipboardServiceI: checkProviderWakePathForClipboard: primaryClip is null
08-06 21:41:40.263  7464 11321 I htmlviewercloudcontrol: isStagingEnv:false param =  InputMethod  uriMatch = 2, cluster: cn, version: 569290, traceId: edf791a3c2f0f49177c2934c6d2002a2, regId: +4z3RS85+e2U9l+sd6caQ/srGmJCsEbKpG1twyPn1K0CrNNyxYT/yAgGVxm5X+yC
08-06 21:41:40.264 14191 14518 I IMECheckManager: getSelectedInputMethod, ime is io.github.ylimit.droidbotapp/.DroidBotIME
08-06 21:41:40.265 14191 14518 I IMECheckManager: updateCurrentIME, userId is 0, ime is io.github.ylimit.droidbotapp/.DroidBotIME, pkg is io.github.ylimit.droidbotapp, uid is 10398
08-06 21:41:40.265 14191 14518 I IMECheckManager: getSelectedInputMethod, ime is io.github.ylimit.droidbotapp/.DroidBotIME
08-06 21:41:40.265 14191 14606 I PowerKeeperConfigureManager: userId is 0, Ime outdated, uid is 10183
08-06 21:41:40.266 14191 14518 I IMECheckManager: InputMethodObserver, userId is 0, ime = io.github.ylimit.droidbotapp/.DroidBotIME
08-06 21:41:40.266 14191 14518 I IMECheckManager: getSelectedInputMethod, ime is io.github.ylimit.droidbotapp/.DroidBotIME
08-06 21:41:40.267 14191 14518 I IMECheckManager: updateCurrentIME, userId is 0, ime is io.github.ylimit.droidbotapp/.DroidBotIME, pkg is io.github.ylimit.droidbotapp, uid is 10398
08-06 21:41:40.267 14191 14518 I ActiveStateController: Ime outdated, uid is 10183
08-06 21:41:40.268 14191 14518 I ActiveStateController: Ime update, uid is 10398
08-06 21:41:40.268 14191 14606 I PowerKeeperConfigureManager: userId is 0, Ime update, uid is 10398
08-06 21:41:40.269  2474  7656 E InputMethodManagerService: Ignoring com.android.server.inputmethod.InputMethodManagerService.updateStatusIcon:2768 due to an invalid token. uid:10183 token:android.os.Binder@7224434
08-06 21:41:40.275 14158 14158 W WindowTokenClientController: Can't find attached WindowTokenClient for android.window.WindowTokenClient@9b07e58
08-06 21:41:40.277  2474  7257 I MiuiNetworkPolicy: updateUidState uid = 10183, uidState = 16
08-06 21:41:40.278  2474  7257 I MiuiNetworkPolicy: updateUidState uid = 10162, uidState = 19
08-06 21:41:40.287  9569 10280 W ziparchive: Unable to open '/system/framework/QXPerformance.dm': No such file or directory
08-06 21:41:40.287  9569 10280 W ziparchive: Unable to open '/system/framework/QXPerformance.dm': No such file or directory
08-06 21:41:40.287  3050 25119 E libsensor-parseRGB: CWB NotifyCWBBufferDone  error 0
08-06 21:41:40.288  2474  4291 I AppsFilter: interaction: PackageSetting{68c08df io.github.ylimit.droidbotapp/10398} -> PackageSetting{ecab9bd com.miui.screenrecorder/10273} BLOCKED
08-06 21:41:40.288  2474  4291 I AppsFilter: interaction: PackageSetting{68c08df io.github.ylimit.droidbotapp/10398} -> PackageSetting{616dbb2 com.android.cts.priv.ctsshim/10252} BLOCKED
08-06 21:41:40.288  2474  4291 I AppsFilter: interaction: PackageSetting{68c08df io.github.ylimit.droidbotapp/10398} -> PackageSetting{c57f703 com.quark.browser/10328} BLOCKED
08-06 21:41:40.288  2474  4291 I AppsFilter: interaction: PackageSetting{68c08df io.github.ylimit.droidbotapp/10398} -> PackageSetting{e094680 com.android.uwb.resources/10242} BLOCKED
08-06 21:41:40.288  2474  4291 I AppsFilter: interaction: PackageSetting{68c08df io.github.ylimit.droidbotapp/10398} -> PackageSetting{ba57201 com.android.internal.display.cutout.emulation.corner/10008} BLOCKED
08-06 21:41:40.288  2474  4291 I AppsFilter: interaction: PackageSetting{68c08df io.github.ylimit.droidbotapp/10398} -> PackageSetting{bf408a6 com.android.internal.display.cutout.emulation.double/10013} BLOCKED
08-06 21:41:40.288  2474  4291 I AppsFilter: interaction: PackageSetting{68c08df io.github.ylimit.droidbotapp/10398} -> PackageSetting{8e9ecec io.appium.settings/10274} BLOCKED
08-06 21:41:40.288  2474  4291 I AppsFilter: interaction: PackageSetting{68c08df io.github.ylimit.droidbotapp/10398} -> PackageSetting{46e34b9 com.unionpay.tsmservice.mi/10185} BLOCKED
08-06 21:41:40.288  2474  4291 I AppsFilter: interaction: PackageSetting{68c08df io.github.ylimit.droidbotapp/10398} -> PackageSetting{71300fe com.android.healthconnect.controller/10245} BLOCKED
08-06 21:41:40.288  2474  4291 I AppsFilter: interaction: PackageSetting{68c08df io.github.ylimit.droidbotapp/10398} -> PackageSetting{fd9005f com.wuba.zhuanzhuan/10260} BLOCKED
08-06 21:41:40.288  2474  4291 I AppsFilter: interaction: PackageSetting{68c08df io.github.ylimit.droidbotapp/10398} -> PackageSetting{5fc4aac com.alibaba.aliexpresshd/10303} BLOCKED
08-06 21:41:40.288  2474  4291 I AppsFilter: interaction: PackageSetting{68c08df io.github.ylimit.droidbotapp/10398} -> PackageSetting{8346375 com.google.android.onetimeinitializer/10123} BLOCKED
08-06 21:41:40.288  2474  4291 I AppsFilter: interaction: PackageSetting{68c08df io.github.ylimit.droidbotapp/10398} -> PackageSetting{61a2f0a com.android.health.connect.backuprestore/10246} BLOCKED
08-06 21:41:40.288  2474  4291 I AppsFilter: interaction: PackageSetting{68c08df io.github.ylimit.droidbotapp/10398} -> PackageSetting{f37437b com.google.android.ext.shared/10150} BLOCKED
08-06 21:41:40.288  2474  4291 I AppsFilter: interaction: PackageSetting{68c08df io.github.ylimit.droidbotapp/10398} -> PackageSetting{d396598 com.android.virtualmachine.res/10237} BLOCKED
08-06 21:41:40.288  2474  4291 I AppsFilter: interaction: PackageSetting{68c08df io.github.ylimit.droidbotapp/10398} -> PackageSetting{35cd7df com.android.providers.telephony.auto_generated_characteristics_rro/10072} BLOCKED
08-06 21:41:40.288  2474  4291 I AppsFilter: interaction: PackageSetting{68c08df io.github.ylimit.droidbotapp/10398} -> PackageSetting{9f4c1f1 com.xiaomi.gamecenter.sdk.service/10140} BLOCKED
08-06 21:41:40.288  2474  4291 I AppsFilter: interaction: PackageSetting{68c08df io.github.ylimit.droidbotapp/10398} -> PackageSetting{1b431d6 com.android.htmlviewer/10092} BLOCKED
08-06 21:41:40.288  2474  4291 I AppsFilter: interaction: PackageSetting{68c08df io.github.ylimit.droidbotapp/10398} -> PackageSetting{26c9c57 com.miui.gallery/10271} BLOCKED
08-06 21:41:40.288  2474  4291 I AppsFilter: interaction: PackageSetting{68c08df io.github.ylimit.droidbotapp/10398} -> PackageSetting{22b4344 com.quicinc.voice.activation/10214} BLOCKED
08-06 21:41:40.288  2474  4291 I AppsFilter: interaction: PackageSetting{68c08df io.github.ylimit.droidbotapp/10398} -> PackageSetting{5828c2d com.google.android.configupdater/10122} BLOCKED
08-06 21:41:40.288  2474  4291 I AppsFilter: interaction: PackageSetting{68c08df io.github.ylimit.droidbotapp/10398} -> PackageSetting{7199562 com.android.soundrecorder/10276} BLOCKED
08-06 21:41:40.288  2474  4291 I AppsFilter: interaction: PackageSetting{68c08df io.github.ylimit.droidbotapp/10398} -> PackageSetting{d34a6f3 com.suxing.sustream/10338} BLOCKED
08-06 21:41:40.288  2474  4291 I AppsFilter: interaction: PackageSetting{68c08df io.github.ylimit.droidbotapp/10398} -> PackageSetting{d3b4fb0 io.appium.uiautomator2.server/10283} BLOCKED
08-06 21:41:40.288  2474  4291 I AppsFilter: interaction: PackageSetting{68c08df io.github.ylimit.droidbotapp/10398} -> PackageSetting{6a8be29 com.android.safetycenter.resources/10240} BLOCKED
08-06 21:41:40.288  2474  4291 I AppsFilter: interaction: PackageSetting{68c08df io.github.ylimit.droidbotapp/10398} -> PackageSetting{c7fa5ae org.secuso.privacyfriendlytodolist/10270} BLOCKED
08-06 21:41:40.288  2474  4291 I AppsFilter: interaction: PackageSetting{68c08df io.github.ylimit.droidbotapp/10398} -> PackageSetting{968bf4f com.android.providers.downloads.ui/10261} BLOCKED
08-06 21:41:40.288  2474  4291 I AppsFilter: interaction: PackageSetting{68c08df io.github.ylimit.droidbotapp/10398} -> PackageSetting{1fdb6dc com.android.simappdialog/10113} BLOCKED
08-06 21:41:40.288  2474  4291 I AppsFilter: interaction: PackageSetting{68c08df io.github.ylimit.droidbotapp/10398} -> PackageSetting{e613e5 com.xingin.xhs/10286} BLOCKED
08-06 21:41:40.288  2474  4291 I AppsFilter: interaction: PackageSetting{68c08df io.github.ylimit.droidbotapp/10398} -> PackageSetting{4246eba com.android.connectivity.resources/10244} BLOCKED
08-06 21:41:40.288  2474  4291 I AppsFilter: interaction: PackageSetting{68c08df io.github.ylimit.droidbotapp/10398} -> PackageSetting{b1c016b com.cnn.mobile.android.phone/10316} BLOCKED
08-06 21:41:40.288  2474  4291 I AppsFilter: interaction: PackageSetting{68c08df io.github.ylimit.droidbotapp/10398} -> PackageSetting{75176cf com.android.internal.display.cutout.emulation.hole/10010} BLOCKED
08-06 21:41:40.288  2474  4291 I AppsFilter: interaction: PackageSetting{68c08df io.github.ylimit.droidbotapp/10398} -> PackageSetting{2fcd85c com.android.internal.display.cutout.emulation.tall/10011} BLOCKED
08-06 21:41:40.288  2474  4291 I AppsFilter: interaction: PackageSetting{68c08df io.github.ylimit.droidbotapp/10398} -> PackageSetting{71d64c8 com.android.modulemetadata/10174} BLOCKED
08-06 21:41:40.288  2474  4291 I AppsFilter: interaction: PackageSetting{68c08df io.github.ylimit.droidbotapp/10398} -> PackageSetting{9f02c3a com.android.internal.systemui.navbar.threebutton/10051} BLOCKED
08-06 21:41:40.288  2474  4291 I AppsFilter: interaction: PackageSetting{68c08df io.github.ylimit.droidbotapp/10398} -> PackageSetting{6e90961 com.android.wifi.dialog/10211} BLOCKED
08-06 21:41:40.288  2474  4291 I AppsFilter: interaction: PackageSetting{68c08df io.github.ylimit.droidbotapp/10398} -> PackageSetting{41abc86 com.tencent.android.qqdownloader/10324} BLOCKED
08-06 21:41:40.288  2474  4291 I AppsFilter: interaction: PackageSetting{68c08df io.github.ylimit.droidbotapp/10398} -> PackageSetting{a774947 com.android.contacts/10132} BLOCKED
08-06 21:41:40.288  2474  4291 I AppsFilter: interaction: PackageSetting{68c08df io.github.ylimit.droidbotapp/10398} -> PackageSetting{1080574 cn.amazon.mShop.android/10301} BLOCKED
08-06 21:41:40.288  2474  4291 I AppsFilter: interaction: PackageSetting{68c08df io.github.ylimit.droidbotapp/10398} -> PackageSetting{dcbda9d com.miui.securitymanager/10272} BLOCKED
08-06 21:41:40.288  2474  4291 I AppsFilter: interaction: PackageSetting{68c08df io.github.ylimit.droidbotapp/10398} -> PackageSetting{ed61b12 com.baidu.searchbox/10340} BLOCKED
08-06 21:41:40.288  2474  4291 I AppsFilter: interaction: PackageSetting{68c08df io.github.ylimit.droidbotapp/10398} -> PackageSetting{f5532e3 com.android.mms/10141} BLOCKED
08-06 21:41:40.288  2474  4291 I AppsFilter: interaction: PackageSetting{68c08df io.github.ylimit.droidbotapp/10398} -> PackageSetting{b5a04e0 com.jijia.bqwnl/10327} BLOCKED
08-06 21:41:40.288  2474  4291 I AppsFilter: interaction: PackageSetting{68c08df io.github.ylimit.droidbotapp/10398} -> PackageSetting{8108399 com.yahoo.mobile.client.android.mail/10341} BLOCKED
08-06 21:41:40.288  2474  4291 I AppsFilter: interaction: PackageSetting{68c08df io.github.ylimit.droidbotapp/10398} -> PackageSetting{876d65e com.mfashiongallery.emag/10262} BLOCKED
08-06 21:41:40.288  2474  4291 I AppsFilter: interaction: PackageSetting{68c08df io.github.ylimit.droidbotapp/10398} -> PackageSetting{a9e1a3f com.instagram.android/10289} BLOCKED
08-06 21:41:40.288  2474  4291 I AppsFilter: interaction: PackageSetting{68c08df io.github.ylimit.droidbotapp/10398} -> PackageSetting{d0a8f0c com.google.android.gm/10290} BLOCKED
08-06 21:41:40.288  2474  4291 I AppsFilter: interaction: PackageSetting{68c08df io.github.ylimit.droidbotapp/10398} -> PackageSetting{45cc055 com.android.compos.payload/10243} BLOCKED
08-06 21:41:40.289  2474  4291 I AppsFilter: interaction: PackageSetting{68c08df io.github.ylimit.droidbotapp/10398} -> PackageSetting{4d5fa6a com.microsoft.emmx/10311} BLOCKED
08-06 21:41:40.289  2474  4291 I AppsFilter: interaction: PackageSetting{68c08df io.github.ylimit.droidbotapp/10398} -> PackageSetting{9641b5b com.android.settings.intelligence/10142} BLOCKED
08-06 21:41:40.289  2474  4291 I AppsFilter: interaction: PackageSetting{68c08df io.github.ylimit.droidbotapp/10398} -> PackageSetting{3578ff8 com.android.calendar/10265} BLOCKED
08-06 21:41:40.289  2474  4291 I AppsFilter: interaction: PackageSetting{68c08df io.github.ylimit.droidbotapp/10398} -> PackageSetting{bf60cd1 com.miui.virtualsim/10277} BLOCKED
08-06 21:41:40.289  2474  4291 I AppsFilter: interaction: PackageSetting{68c08df io.github.ylimit.droidbotapp/10398} -> PackageSetting{a515336 com.microsoft.office.outlook/10323} BLOCKED
08-06 21:41:40.289  2474  4291 I AppsFilter: interaction: PackageSetting{68c08df io.github.ylimit.droidbotapp/10398} -> PackageSetting{dbf1237 com.miui.compass/10267} BLOCKED
08-06 21:41:40.289  2474  4291 I AppsFilter: interaction: PackageSetting{68c08df io.github.ylimit.droidbotapp/10398} -> PackageSetting{f71b3a4 com.android.printspooler/10224} BLOCKED
08-06 21:41:40.289  2474  4291 I AppsFilter: interaction: PackageSetting{68c08df io.github.ylimit.droidbotapp/10398} -> PackageSetting{cfda50d com.android.dreams.basic/10103} BLOCKED
08-06 21:41:40.289  2474  4291 I AppsFilter: interaction: PackageSetting{68c08df io.github.ylimit.droidbotapp/10398} -> PackageSetting{5576cc2 com.android.incallui/10126} BLOCKED
08-06 21:41:40.289  2474  4291 I AppsFilter: interaction: PackageSetting{68c08df io.github.ylimit.droidbotapp/10398} -> PackageSetting{9689ad3 com.musicworx/10320} BLOCKED
08-06 21:41:40.289  2474  4291 I AppsFilter: interaction: PackageSetting{68c08df io.github.ylimit.droidbotapp/10398} -> PackageSetting{2e86610 com.android.rkpdapp/10254} BLOCKED
08-06 21:41:40.289  2474  4291 I AppsFilter: interaction: PackageSetting{68c08df io.github.ylimit.droidbotapp/10398} -> PackageSetting{ca29a53 com.newcall.overlay.miui/10041} BLOCKED
08-06 21:41:40.289  2474  4291 I AppsFilter: interaction: PackageSetting{68c08df io.github.ylimit.droidbotapp/10398} -> PackageSetting{c6c8509 todolist.scheduleplanner.dailyplanner.todo.reminders/10299} BLOCKED
08-06 21:41:40.289  2474  4291 I AppsFilter: interaction: PackageSetting{68c08df io.github.ylimit.droidbotapp/10398} -> PackageSetting{1e95089 android.auto_generated_characteristics_rro/10068} BLOCKED
08-06 21:41:40.289  2474  4291 I AppsFilter: interaction: PackageSetting{68c08df io.github.ylimit.droidbotapp/10398} -> PackageSetting{8b3930e com.android.musicfx/10094} BLOCKED
08-06 21:41:40.289  2474  4291 I AppsFilter: interaction: PackageSetting{68c08df io.github.ylimit.droidbotapp/10398} -> PackageSetting{618112f com.todoist/10298} BLOCKED
08-06 21:41:40.289  2474  4291 I AppsFilter: interaction: PackageSetting{68c08df io.github.ylimit.droidbotapp/10398} -> PackageSetting{bcf68c5 com.google.android.webview/10188} BLOCKED
08-06 21:41:40.289  2474  4291 I AppsFilter: interaction: PackageSetting{68c08df io.github.ylimit.droidbotapp/10398} -> PackageSetting{699d21a com.zhuantech.sijiweather/10337} BLOCKED
08-06 21:41:40.289  2474  4291 I AppsFilter: interaction: PackageSetting{68c08df io.github.ylimit.droidbotapp/10398} -> PackageSetting{79e914b com.ss.android.article.news/10325} BLOCKED
08-06 21:41:40.289  2474  4291 I AppsFilter: interaction: PackageSetting{68c08df io.github.ylimit.droidbotapp/10398} -> PackageSetting{92900cb com.android.phone.auto_generated_characteristics_rro/10060} BLOCKED
08-06 21:41:40.289  2474  4291 I AppsFilter: interaction: PackageSetting{68c08df io.github.ylimit.droidbotapp/10398} -> PackageSetting{9cae728 com.android.chrome/10282} BLOCKED
08-06 21:41:40.289  2474  4291 I AppsFilter: interaction: PackageSetting{68c08df io.github.ylimit.droidbotapp/10398} -> PackageSetting{ec2cc41 com.UCMobile/10332} BLOCKED
08-06 21:41:40.289  2474  4291 I AppsFilter: interaction: PackageSetting{68c08df io.github.ylimit.droidbotapp/10398} -> PackageSetting{e72f5e6 com.ss.android.ugc.aweme/10322} BLOCKED
08-06 21:41:40.289  2474  4291 I AppsFilter: interaction: PackageSetting{68c08df io.github.ylimit.droidbotapp/10398} -> PackageSetting{3c2f727 com.android.wifi.resources/10258} BLOCKED
08-06 21:41:40.289  2474  4291 I AppsFilter: interaction: PackageSetting{68c08df io.github.ylimit.droidbotapp/10398} -> PackageSetting{7b4dd4 com.skysoft.kkbox.android/10285} BLOCKED
08-06 21:41:40.289  2474  4291 I AppsFilter: interaction: PackageSetting{68c08df io.github.ylimit.droidbotapp/10398} -> PackageSetting{c2eeb7d com.getsurfboard/10279} BLOCKED
08-06 21:41:40.289  2474  4291 I AppsFilter: interaction: PackageSetting{68c08df io.github.ylimit.droidbotapp/10398} -> PackageSetting{b688a72 com.netease.newsreader.activity/10313} BLOCKED
08-06 21:41:40.289  2474  4291 I AppsFilter: interaction: PackageSetting{68c08df io.github.ylimit.droidbotapp/10398} -> PackageSetting{bdddec3 cool.monkey.android/10397} BLOCKED
08-06 21:41:40.289  2474  4291 I AppsFilter: interaction: PackageSetting{68c08df io.github.ylimit.droidbotapp/10398} -> PackageSetting{756be43 com.android.theme.font.notoserifsource/10017} BLOCKED
08-06 21:41:40.289  2474  4291 I AppsFilter: interaction: PackageSetting{68c08df io.github.ylimit.droidbotapp/10398} -> PackageSetting{5297340 com.kuaishou.nebula/10329} BLOCKED
08-06 21:41:40.289  2474  4291 I AppsFilter: interaction: PackageSetting{68c08df io.github.ylimit.droidbotapp/10398} -> PackageSetting{14a6df9 com.android.internal.display.cutout.emulation.waterfall/10012} BLOCKED
08-06 21:41:40.289  2474  4291 I AppsFilter: interaction: PackageSetting{68c08df io.github.ylimit.droidbotapp/10398} -> PackageSetting{1c8e13e com.android.internal.systemui.navbar.transparent/10063} BLOCKED
08-06 21:41:40.289  2474  4291 I AppsFilter: interaction: PackageSetting{68c08df io.github.ylimit.droidbotapp/10398} -> PackageSetting{743c279 com.miui.newhome/10296} BLOCKED
08-06 21:41:40.289  2474  4291 I AppsFilter: interaction: PackageSetting{68c08df io.github.ylimit.droidbotapp/10398} -> PackageSetting{fb0dbbe com.miui.video/10294} BLOCKED
08-06 21:41:40.289  2474  4291 I AppsFilter: interaction: PackageSetting{68c08df io.github.ylimit.droidbotapp/10398} -> PackageSetting{435a41f com.google.android.printservice.recommendation/10153} BLOCKED
08-06 21:41:40.289  2474  4291 I AppsFilter: interaction: PackageSetting{68c08df io.github.ylimit.droidbotapp/10398} -> PackageSetting{1d2836c com.baidu.searchbox.lite/10334} BLOCKED
08-06 21:41:40.289  2474  4291 I AppsFilter: interaction: PackageSetting{68c08df io.github.ylimit.droidbotapp/10398} -> PackageSetting{c350d35 com.spotify.music/10317} BLOCKED
08-06 21:41:40.289  2474  4291 I AppsFilter: interaction: PackageSetting{68c08df io.github.ylimit.droidbotapp/10398} -> PackageSetting{89af5ca com.google.android.documentsui/10100} BLOCKED
08-06 21:41:40.289  2474  4291 I AppsFilter: interaction: PackageSetting{68c08df io.github.ylimit.droidbotapp/10398} -> PackageSetting{51a633b com.google.android.accessibility.switchaccess/10184} BLOCKED
08-06 21:41:40.289  2474  4291 I AppsFilter: interaction: PackageSetting{68c08df io.github.ylimit.droidbotapp/10398} -> PackageSetting{11a6a58 com.sohu.inputmethod.sogou.xiaomi/10183} BLOCKED
08-06 21:41:40.289  2474  4291 I AppsFilter: interaction: PackageSetting{68c08df io.github.ylimit.droidbotapp/10398} -> PackageSetting{cb647b1 cn.ninegame.gamemanager/10330} BLOCKED
08-06 21:41:40.289  2474  4291 I AppsFilter: interaction: PackageSetting{68c08df io.github.ylimit.droidbotapp/10398} -> PackageSetting{4f0c93e io.appium.uiautomator2.server.test/10280} BLOCKED
08-06 21:41:40.289  2474  4291 I AppsFilter: interaction: PackageSetting{68c08df io.github.ylimit.droidbotapp/10398} -> PackageSetting{75aa496 com.baidu.BaiduMap/10331} BLOCKED
08-06 21:41:40.289  2474  4291 I AppsFilter: interaction: PackageSetting{68c08df io.github.ylimit.droidbotapp/10398} -> PackageSetting{1c1f817 com.android.providers.partnerbookmarks/10109} BLOCKED
08-06 21:41:40.289  2474  4291 I AppsFilter: interaction: PackageSetting{68c08df io.github.ylimit.droidbotapp/10398} -> PackageSetting{1f7d404 com.android.smspush/10230} BLOCKED
08-06 21:41:40.289  2474  4291 I AppsFilter: interaction: PackageSetting{68c08df io.github.ylimit.droidbotapp/10398} -> PackageSetting{836aded com.miui.calculator/10263} BLOCKED
08-06 21:41:40.289  2474  4291 I AppsFilter: interaction: PackageSetting{68c08df io.github.ylimit.droidbotapp/10398} -> PackageSetting{a947422 de.baumann.browser/10308} BLOCKED
08-06 21:41:40.290  2474  4291 I AppsFilter: interaction: PackageSetting{68c08df io.github.ylimit.droidbotapp/10398} -> PackageSetting{e3feb3 com.android.wallpaper.livepicker/10091} BLOCKED
08-06 21:41:40.290  2474  4291 I AppsFilter: interaction: PackageSetting{68c08df io.github.ylimit.droidbotapp/10398} -> PackageSetting{a202c70 com.android.cellbroadcastreceiver.module/10255} BLOCKED
08-06 21:41:40.290  2474  4291 I AppsFilter: interaction: PackageSetting{68c08df io.github.ylimit.droidbotapp/10398} -> PackageSetting{bdd3be9 com.android.apps.tag/10098} BLOCKED
08-06 21:41:40.290  2474  4291 I AppsFilter: interaction: PackageSetting{68c08df io.github.ylimit.droidbotapp/10398} -> PackageSetting{4a9b06e com.android.imsserviceentitlement/10125} BLOCKED
08-06 21:41:40.290  2474  4291 I AppsFilter: interaction: PackageSetting{68c08df io.github.ylimit.droidbotapp/10398} -> PackageSetting{315d30f com.xiaomi.gamecenter/10288} BLOCKED
08-06 21:41:40.290  2474  4291 I AppsFilter: interaction: PackageSetting{68c08df io.github.ylimit.droidbotapp/10398} -> PackageSetting{3339f9c com.android.appsearch.apk/10257} BLOCKED
08-06 21:41:40.290  2474  4291 I AppsFilter: interaction: PackageSetting{68c08df io.github.ylimit.droidbotapp/10398} -> PackageSetting{644ada5 com.dragon.read/10335} BLOCKED
08-06 21:41:40.290  2474  4291 I AppsFilter: interaction: PackageSetting{68c08df io.github.ylimit.droidbotapp/10398} -> PackageSetting{99f65a6 com.anydo/10292} BLOCKED
08-06 21:41:40.290  2474  4291 I AppsFilter: interaction: PackageSetting{68c08df io.github.ylimit.droidbotapp/10398} -> PackageSetting{ac4657a com.miui.cleanmaster/10266} BLOCKED
08-06 21:41:40.290  2474  4291 I AppsFilter: interaction: PackageSetting{68c08df io.github.ylimit.droidbotapp/10398} -> PackageSetting{2e6912b com.miui.weather2/10278} BLOCKED
08-06 21:41:40.290  2474  4291 I AppsFilter: interaction: PackageSetting{68c08df io.github.ylimit.droidbotapp/10398} -> PackageSetting{ea91988 com.autonavi.minimap/10333} BLOCKED
08-06 21:41:40.290  2474  4291 I AppsFilter: interaction: PackageSetting{68c08df io.github.ylimit.droidbotapp/10398} -> PackageSetting{af77f21 com.xiaomi.scanner/10281} BLOCKED
08-06 21:41:40.290  2474  4291 I AppsFilter: interaction: PackageSetting{68c08df io.github.ylimit.droidbotapp/10398} -> PackageSetting{8a35f46 com.google.android.apps.tasks/10300} BLOCKED
08-06 21:41:40.290  2474  4291 I AppsFilter: interaction: PackageSetting{68c08df io.github.ylimit.droidbotapp/10398} -> PackageSetting{abb1507 com.duokan.reader/10287} BLOCKED
08-06 21:41:40.290  2474  4291 I AppsFilter: interaction: PackageSetting{68c08df io.github.ylimit.droidbotapp/10398} -> PackageSetting{f48e0dd com.android.cts.ctsshim/10253} BLOCKED
08-06 21:41:40.290  2474  4291 I AppsFilter: interaction: PackageSetting{68c08df io.github.ylimit.droidbotapp/10398} -> PackageSetting{c7a4634 douzifly.list/10182} BLOCKED
08-06 21:41:40.290  2474  4291 I AppsFilter: interaction: PackageSetting{68c08df io.github.ylimit.droidbotapp/10398} -> PackageSetting{1abec5d com.miui.yellowpage/10137} BLOCKED
08-06 21:41:40.290  2474  4291 I AppsFilter: interaction: PackageSetting{68c08df io.github.ylimit.droidbotapp/10398} -> PackageSetting{52629d2 com.einnovation.temu/10304} BLOCKED
08-06 21:41:40.290  2474  4291 I AppsFilter: interaction: PackageSetting{68c08df io.github.ylimit.droidbotapp/10398} -> PackageSetting{1659a63 com.android.microdroid.empty_payload/10236} BLOCKED
08-06 21:41:40.290  2474  4291 I AppsFilter: interaction: PackageSetting{68c08df io.github.ylimit.droidbotapp/10398} -> PackageSetting{c69faa3 com.android.email/10268} BLOCKED
08-06 21:41:40.290  2474  4291 I AppsFilter: interaction: PackageSetting{68c08df io.github.ylimit.droidbotapp/10398} -> PackageSetting{8f91a0 com.android.music/10175} BLOCKED
08-06 21:41:40.290  2474  4291 I AppsFilter: interaction: PackageSetting{68c08df io.github.ylimit.droidbotapp/10398} -> PackageSetting{d3ff159 com.android.hotspot2.osulogin/10259} BLOCKED
08-06 21:41:40.290  2474  4291 I AppsFilter: interaction: PackageSetting{68c08df io.github.ylimit.droidbotapp/10398} -> PackageSetting{eb2ed95 com.android.companiondevicemanager.auto_generated_characteristics_rro/10006} BLOCKED
08-06 21:41:40.290  2474  4291 I AppsFilter: interaction: PackageSetting{68c08df io.github.ylimit.droidbotapp/10398} -> PackageSetting{399111e com.google.android.gms.location.history/10152} BLOCKED
08-06 21:41:40.290  2474  4291 I AppsFilter: interaction: PackageSetting{68c08df io.github.ylimit.droidbotapp/10398} -> PackageSetting{6979dff com.smile.gifmaker/10339} BLOCKED
08-06 21:41:40.290  2474  4291 I AppsFilter: interaction: PackageSetting{68c08df io.github.ylimit.droidbotapp/10398} -> PackageSetting{3c08e38 com.android.internal.systemui.navbar.gestural/10052} BLOCKED
08-06 21:41:40.290  2474  4291 I AppsFilter: interaction: PackageSetting{68c08df io.github.ylimit.droidbotapp/10398} -> PackageSetting{2ec27cc ru.mail.mailapp/10321} BLOCKED
08-06 21:41:40.290  2474  4291 I AppsFilter: interaction: PackageSetting{68c08df io.github.ylimit.droidbotapp/10398} -> PackageSetting{6754a15 com.google.android.apps.youtube.music/10318} BLOCKED
08-06 21:41:40.290  2474  4291 I AppsFilter: interaction: PackageSetting{68c08df io.github.ylimit.droidbotapp/10398} -> PackageSetting{dc1212a com.android.bluetoothmidiservice/10104} BLOCKED
08-06 21:41:40.290  2474  4291 I AppsFilter: interaction: PackageSetting{68c08df io.github.ylimit.droidbotapp/10398} -> PackageSetting{3d21b1b com.jijia.jjweather/10336} BLOCKED
08-06 21:41:40.290  2474  4291 I AppsFilter: interaction: PackageSetting{68c08df io.github.ylimit.droidbotapp/10398} -> PackageSetting{699f4b8 com.ebay.mobile/10291} BLOCKED
08-06 21:41:40.290  2474  4291 I AppsFilter: interaction: PackageSetting{68c08df io.github.ylimit.droidbotapp/10398} -> PackageSetting{66d7291 com.google.android.apps.magazines/10315} BLOCKED
08-06 21:41:40.290  2474  4291 I AppsFilter: interaction: PackageSetting{68c08df io.github.ylimit.droidbotapp/10398} -> PackageSetting{9245213 com.qualcomm.qti.server.wigig.tethering.rro/10229} BLOCKED
08-06 21:41:40.290  2474  4291 I AppsFilter: interaction: PackageSetting{68c08df io.github.ylimit.droidbotapp/10398} -> PackageSetting{2a825f6 com.sina.news/10314} BLOCKED
08-06 21:41:40.290  2474  4291 I AppsFilter: interaction: PackageSetting{68c08df io.github.ylimit.droidbotapp/10398} -> PackageSetting{f6d4df7 tv.danmaku.bili/10326} BLOCKED
08-06 21:41:40.290  2474  4291 I AppsFilter: interaction: PackageSetting{68c08df io.github.ylimit.droidbotapp/10398} -> PackageSetting{355a464 com.android.captiveportallogin/10106} BLOCKED
08-06 21:41:40.290  2474  4291 I AppsFilter: interaction: PackageSetting{68c08df io.github.ylimit.droidbotapp/10398} -> PackageSetting{ce5a6cd com.microsoft.todos/10293} BLOCKED
08-06 21:41:40.290  2474  4291 I AppsFilter: interaction: PackageSetting{68c08df io.github.ylimit.droidbotapp/10398} -> PackageSetting{628ab82 com.miui.core/10194} BLOCKED
08-06 21:41:40.293  2474  3106 W ActivityManager: Permission Denial: getCurrentUser() from pid=9569, uid=10398 requires android.permission.INTERACT_ACROSS_USERS
08-06 21:41:40.293  9569  9569 W libc    : Access denied finding property "vendor.boostfwk.frameprefetcher"
08-06 21:41:40.294  9569 10281 E FramePredict: registerContentObserver fail
08-06 21:41:40.294  9569  9569 W libc    : Access denied finding property "ro.vendor.df.effect.conflict"
08-06 21:41:40.288  9569  9569 W mit.droidbotapp: type=1400 audit(0.0:25993): avc:  denied  { read } for  name="u:object_r:vendor_displayfeature_prop:s0" dev="tmpfs" ino=572 scontext=u:r:untrusted_app_32:s0:c142,c257,c512,c768 tcontext=u:object_r:vendor_displayfeature_prop:s0 tclass=file permissive=0 app=io.github.ylimit.droidbotapp
08-06 21:41:40.310  9569  9569 I ViewRootImpl: InputMethod use first frame acceleration
08-06 21:41:40.312  2474  4291 I SmartPower: io.github.ylimit.droidbotapp/10398(9569): background->visible(891ms) R(become visible) adj=200.
08-06 21:41:40.312  3086  3086 I adbd    : in ShellService: getprop ro.build.version.release
08-06 21:41:40.313 14158 14199 I od.sogou.xiaomi: This is non sticky GC, maxfree is 16777216 minfree is 8388608
08-06 21:41:40.332 20053 10087 I Market-DownloadLimitSpeedManager: stopLimitSpeed
08-06 21:41:40.332  9569  9569 I Choreographer: first vsync insert message into MessageQueue Head
08-06 21:41:40.332 20053 10087 I Market-LimitSpeedManager: stopLimitSpeedNow() =========== 
08-06 21:41:40.335 20053 10087 I Market-RetrofitRequest: callEnd : https://updateinfo.market.xiaomi.com/apm/updateinfo/priority
08-06 21:41:40.338 11354 11354 I HandWritingStubImpl: getCurrentKeyboardType: 1
08-06 21:41:40.339 20053 10087 I Market-SystemSettingsManager: extraSettingsSecureGetInt key: com.xiaomi.market.need_update_game_count, value: 0
08-06 21:41:40.339 20053 10087 I Market-UpdateAppList: update app list do not change, don't notify: pkg (52) = com.ss.android.ugc.aweme,com.milink.service,com.miui.hybrid,com.baidu.BaiduMap,com.netease.newsreader.activity,com.baidu.searchbox.lite,com.android.fileexplorer,com.xiaomi.aiasst.vision,com.microsoft.office.outlook,com.miui.newhome,com.autonavi.minimap,com.miui.mishare.connectivity,com.android.contacts,com.unionpay.tsmservice.mi,com.miui.voiceassist,com.miui.thirdappassistant,com.xiaomi.scanner,com.miui.securitycenter,com.miui.backup,com.duokan.reader,com.baidu.searchbox,com.wuba.zhuanzhuan,com.xingin.xhs,com.miui.touchassistant,tv.danmaku.bili,com.dragon.read,com.miui.gallery,com.UCMobile,com.miui.carlink,com.xiaomi.payment,com.miui.tsmclient,com.smile.gifmaker,com.xiaomi.gamecenter,com.android.browser,com.suxing.sustream,com.xiaomi.mis,com.miui.virtualsim,com.android.quicksearchbox,com.sina.news,com.miui.video,com.ss.android.article.news,com.quark.browser,com.miui.personalassistant,com.xiaomi.gamecenter.sdk.service,com.kuaishou.nebula,com.miui.bugreport,com.xiaomi.digitalkey,com.android.calendar,com.xiaomi.aicr,com.xiaomi.xmsf,com.xiaomi.mirror,com.android.soundrecorder
08-06 21:41:40.340 20053  7502 I Market-SubScriptManager: updateMarketSubScript forceShow : false
08-06 21:41:40.340 20053  7502 I Market-SubScriptManager: get count -1
08-06 21:41:40.342 20053 10087 I Market-LocalAppManager: queryDiffSizeFromServer start
08-06 21:41:40.343 20053 10087 I Market-RetrofitRequest: callStart : https://updateinfo.market.xiaomi.com/apm/updateinfo/diffsize
08-06 21:41:40.344 20053 10087 I Market-RetrofitRequest: HeaderInterceptor : https://updateinfo.market.xiaomi.com/apm/updateinfo/diffsize
08-06 21:41:40.344 20053 10087 E Market-Client: isSupportChildMode, error: java.lang.NumberFormatException: For input string: ""
08-06 21:41:40.345 20053 10087 E Market-Client: isSupportChildMode, error: java.lang.NumberFormatException: For input string: ""
08-06 21:41:40.346 20053 10087 I Market-LimitSpeedManager: startLimitSpeedNow() ====== speed = 32768
08-06 21:41:40.348 20053 10087 I Market-DownloadLimitSpeedManager: startLimitSpeed success. Total count 1
08-06 21:41:40.348 20053 10087 I Market-RetrofitRequest: HeaderInterceptor : https://updateinfo.market.xiaomi.com/apm/updateinfo/diffsize
08-06 21:41:40.353  3050  4560 I libsensor-boledalgo: dbv:434,lux:187.6,cct:4314.8,hsv:-1.0,dc:0CWB R:124446.6,G:103074.6,B:68580.8Event C:15194.3,R:8840.0,G:4894.4,B:2397.8Cali C:4148.7,R:2606.1,G:1182.0,B:625.1 
08-06 21:41:40.361  2474  7257 I MiuiNetworkPolicy: bandwidth: 1 KB/s, Max bandwidth: 15755 KB/s
08-06 21:41:40.385  3086  3086 I adbd    : in ShellService: getprop ro.secure
08-06 21:41:40.403  9569  9624 I mit.droidbotapp: Compiler allocated 5390KB to compile void android.view.ViewRootImpl.performTraversals()
08-06 21:41:40.410  1843  2051 I SDM     : DisplayBase::CommitThread: Received idle timeout, panel: cmd, timeout: 70000 us
08-06 21:41:40.420 20053 10087 I Market-DownloadLimitSpeedManager: stopLimitSpeed
08-06 21:41:40.420 20053 10087 I Market-LimitSpeedManager: stopLimitSpeedNow() =========== 
08-06 21:41:40.428 20053 10087 I Market-RetrofitRequest: callEnd : https://updateinfo.market.xiaomi.com/apm/updateinfo/diffsize
08-06 21:41:40.429 20053 10087 I Market-LocalAppManager: queryDiffSizeFromServer end
08-06 21:41:40.430 20053  9812 I Market-SubScriptManager: updateMarketSubScript forceShow : false
08-06 21:41:40.431 20053  9812 I Market-SubScriptManager: get count -1
08-06 21:41:40.432 20053 10087 I Market-WakeLockManager: release wakeLock: CheckUpdateService
08-06 21:41:40.437  1865  1865 I vendor.qti.hardware.servicetrackeraidl-service: destroyService is called for service : com.xiaomi.market/.business_core.update.auto.CheckUpdateService
08-06 21:41:40.438 20053 20053 I Market-ServiceUtils: stop foreground service: CheckUpdateService
08-06 21:41:40.445  3086  3086 I adbd    : in ShellService: getprop ro.debuggable
08-06 21:41:40.446  1843  2428 I SDM     : HWCDisplay::SetActiveConfigWithConstraints: display:66-0, config: 1, WxH 1200x2670, fps 120
08-06 21:41:40.447  1843  2428 W SDM     : HWDeviceDRM::GetSupportedBitClkRate: Requested rate not supported: 1150000000
08-06 21:41:40.447  1843  2428 I SDM     : HWDeviceDRM::UpdateMixerAttributes: Mixer WxH 1200x2670-1 for Peripheral
08-06 21:41:40.447  1843  2428 I SDM     : HWCDisplay::SubmitDisplayConfig: Active configuration changed from config 3 to 1
08-06 21:41:40.447  1843  2428 I SDM     : HWCDisplay::SubmitDisplayConfig: Active WxH 1200x2670 ,ddic_mode:idle, timing_fps: 120, sf_fps: 120
08-06 21:41:40.520  3086  3086 I adbd    : in ShellService: dumpsys display
08-06 21:41:40.526  1843  2051 I SDM     : DisplayBase::CommitThread: Received idle timeout, panel: cmd, timeout: 69999 us
08-06 21:41:40.605  1843  3496 I vendor.qti.hardware.display.composer-service: Sensor: notify citsensorservice to trigger cwb, misForced = 1
08-06 21:41:40.606  3050  4554 I libsensor-parseRGB: request dump start for mRequestDisplayId 0
08-06 21:41:40.627  3050 25119 E libsensor-parseRGB: CWB NotifyCWBBufferDone  error 0
08-06 21:41:40.686  1843  2051 I SDM     : DisplayBase::CommitThread: Received idle timeout, panel: cmd, timeout: 70000 us
08-06 21:41:40.708  3086  3086 I adbd    : in ShellService: wm size
08-06 21:41:40.753  3050  4560 I libsensor-boledalgo: dbv:434,lux:100.0,cct:4124.8,hsv:-1.0,dc:0CWB R:124446.6,G:103074.6,B:68580.8Event C:9928.7,R:5865.6,G:3121.3,B:1512.5Cali C:4148.7,R:2606.1,G:1182.0,B:625.1 
08-06 21:41:40.755  3050  4560 I libsensor-boledalgo: dbv:434,lux:95.6,cct:4054.8,hsv:-1.0,dc:0CWB R:124446.6,G:103074.6,B:68580.8Event C:9682.6,R:5749.6,G:3030.5,B:1465.5Cali C:4148.7,R:2606.1,G:1182.0,B:625.1 
08-06 21:41:40.755  3050  4560 I libsensor-boledalgo: ##### the value of lux: 100.001801, cct: 4353.000000
08-06 21:41:40.755  3050  4560 I libsensor-qshcalapi: value of set_lux: 100.001801, set r: 4353.000000
08-06 21:41:40.759  3050  4560 I libsensor-boledalgo: dbv:434,lux:88.4,cct:4083.6,hsv:-1.0,dc:0CWB R:124446.6,G:103074.6,B:68580.8Event C:9256.5,R:5488.4,G:2884.1,B:1399.3Cali C:4148.7,R:2606.1,G:1182.0,B:625.1 
08-06 21:41:40.775 13430 13430 I RuntimePermissionManager: isRuntimeRequestSupport: true
08-06 21:41:40.782  2474  3506 I AppsFilter: interaction: PackageSetting{1659a63 com.android.microdroid.empty_payload/10236} -> PackageSetting{ac4657a com.miui.cleanmaster/10266} BLOCKED
08-06 21:41:40.782  2474  3506 I AppsFilter: interaction: PackageSetting{4f0c93e io.appium.uiautomator2.server.test/10280} -> PackageSetting{ac4657a com.miui.cleanmaster/10266} BLOCKED
08-06 21:41:40.782  2474  3506 I AppsFilter: interaction: PackageSetting{68c08df io.github.ylimit.droidbotapp/10398} -> PackageSetting{ac4657a com.miui.cleanmaster/10266} BLOCKED
08-06 21:41:40.782  2474  3506 I AppsFilter: interaction: PackageSetting{bcac39f com.rongcard.eid/10151} -> PackageSetting{ac4657a com.miui.cleanmaster/10266} BLOCKED
08-06 21:41:40.782  2474  3506 I AppsFilter: interaction: PackageSetting{8e9ecec io.appium.settings/10274} -> PackageSetting{ac4657a com.miui.cleanmaster/10266} BLOCKED
08-06 21:41:40.796  7505  7537 I PermissionControllerServiceImpl: Updating user sensitive for uid 10266
08-06 21:41:40.799  7856  8405 E SmsApplication: com.android.mms lost android:read_cell_broadcasts:  (fixing)
08-06 21:41:40.799  2474  8406 W AppOpService: Ignored setUidMode call for runtime permission app op: uid = 10141, code = READ_CELL_BROADCASTS, mode = allow, callingUid = 1001, oldMode = allow
08-06 21:41:40.800  2474  8406 W ParceledListSlice: Element #44 is 26672 bytes.
