08-06 21:41:44.553  7890  8057 I SoScStageCoordinator: Transition requested:TransitionRequestInfo { type = OPEN, triggerTask = TaskInfo{userId=0 taskId=2 displayId=0 isRunning=true baseIntent=Intent { act=android.intent.action.MAIN cat=[android.intent.category.HOME] flg=0x10000100 cmp=com.miui.home/.launcher.Launcher } baseActivity=ComponentInfo{com.miui.home/com.miui.home.launcher.Launcher} topActivity=ComponentInfo{com.miui.home/com.miui.home.launcher.Launcher} origActivity=null realActivity=ComponentInfo{com.miui.home/com.miui.home.launcher.Launcher} numActivities=1 lastActiveTime=412325470 supportsSplitScreenMultiWindow=true supportsMultiWindow=true resizeMode=2 isResizeable=true minWidth=-1 minHeight=-1 defaultMinSize=200 token=WCT{android.window.IWindowContainerToken$Stub$Proxy@347486d} topActivityType=2 pictureInPictureParams=null shouldDockBigOverlays=false launchIntoPipHostTaskId=-1 lastParentTaskIdBeforePip=-1 displayCutoutSafeInsets=null topActivityInfo=ActivityInfo{eb93ca2 com.miui.home.launcher.Launcher} launchCookies=[] positionInParent=Point(0, 0) parentTaskId=-1 isFocused=true isVisible=true isVisibleRequested=true isSleeping=false locusId=null displayAreaFeatureId=1 isTopActivityTransparent=false appCompatTaskInfo=AppCompatTaskInfo { topActivityInSizeCompat=false topActivityInMiuiSizeCompat=false topActivityEligibleForLetterboxEducation= falseisLetterboxEducationEnabled= false isLetterboxDoubleTapEnabled= false topActivityEligibleForUserAspectRatioButton= false topActivityBoundsLetterboxed= false isFromLetterboxDoubleTap= false topActivityLetterboxVerticalPosition= -1 topActivityLetterboxHorizontalPosition= -1 topActivityLetterboxWidth=1200 topActivityLetterboxHeight=2670 isUserFullscreenOverrideEnabled=false isSystemFullscreenOverrideEnabled=false cameraCompatTaskInfo=CameraCompatTaskInfo { cameraCompatControlState=hidden freeformCameraCompatMode=inactive}} isImmersive=false mTopActivityRequestOrientation=1 mBehindAppLockPkg=null mOriginatingUid=0 isEmbedded=false shouldBeVisible=true isCreatedByOrganizer=false mIsCastMode=false mTopActivityMediaSize=null mTopActivityRecordName=ActivityRecord{a1e1103 u0 com.miui.home/.launcher.Launcher t2} mTopActivityOrientation=1}, pipTask = null, remoteTransition = null, displayChange = null, flags = 0, debugId = 384 } isSoScActive:false triggerTask:TaskInfo{userId=0 taskId=2 displayId=0 isRunning=true baseIntent=Intent { act=android.intent.action.MAIN cat=[android.intent.category.HOME] flg=0x10000100 cmp=com.miui.home/.launcher.Launcher } baseActivity=ComponentInfo{com.miui.home/com.miui.home.launcher.Launcher} topActivity=ComponentInfo{com.miui.home/com.miui.home.launcher.Launcher} origActivity=null realActivity=ComponentInfo{com.miui.home/com.miui.home.launcher.Launcher} numActivities=1 lastActiveTime=412325470 supportsSplitScreenMultiWindow=true supportsMultiWindow=true resizeMode=2 isResizeable=true minWidth=-1 minHeight=-1 defaultMinSize=200 token=WCT{android.window.IWindowContainerToken$Stub$Proxy@347486d} topActivityType=2 pictureInPictureParams=null shouldDockBigOverlays=false launchIntoPipHostTaskId=-1 lastParentTaskIdBeforePip=-1 displayCutoutSafeInsets=null topActivityInfo=ActivityInfo{eb93ca2 com.miui.home.launcher.Launcher} launchCookies=[] positionInParent=Point(0, 0) parentTaskId=-1 isFocused=true isVisible=true isVisibleRequested=true isSleeping=false locusId=null displayAreaFeatureId=1 isTopActivityTransparent=false appCompatTaskInfo=AppCompatTaskInfo { topActivityInSizeCompat=false topActivityInMiuiSizeCompat=false topActivityEligibleForLetterboxEducation= falseisLetterboxEducationEnabled= false isLetterboxDoubleTapEnabled= false topActivityEligibleForUserAspectRatioButton= false topActivityBoundsLetterboxed= false isFromLetterboxDoubleTap= false topActivityLetterboxVerticalPosition= -1 topActivityLetterboxHorizontalPosition= -1 topActivityLetterboxWidth=1200 topActivityLetterboxHeight=2670 isUserFullscreenOverrideEnabled=false isSystemFullscreenOverrideEnabled=false cameraCompatTaskInfo=CameraCompatTaskInfo { cameraCompatControlState=hidden freeformCa
08-06 21:41:44.554  3050  4560 I libsensor-boledalgo: dbv:434,lux:149.6,cct:4184.9,hsv:-1.0,dc:0CWB R:3300.3,G:6751.6,B:3103.5Event C:9065.3,R:5168.9,G:3019.1,B:1441.4Cali C:184.7,R:57.4,G:52.2,B:30.6 
08-06 21:41:44.554  7458  7458 W Settings: Setting device_provisioned has moved from android.provider.Settings.Secure to android.provider.Settings.Global.
08-06 21:41:44.555  2474  7384 I DisplayModeDirectorImpl: setSmartDisplayUpRefreshRatePolicy [0.0,120.0]
08-06 21:41:44.555  2474  2655 I AnimInterruptController: FIS reset Foresee interrupt status
08-06 21:41:44.555  2036  2036 I RefreshRateSelector: Display 4630947082089526659 policy changed
08-06 21:41:44.555  2036  2036 I RefreshRateSelector: Previous: {defaultModeId=0, allowGroupSwitching=false, primaryRanges={physical=[0.00 Hz, 120.00 Hz], render=[0.00 Hz, 120.00 Hz]}, appRequestRanges={physical=[0.00 Hz, 120.00 Hz], render=[0.00 Hz, 120.00 Hz]} idleScreenConfig=nullptr}
08-06 21:41:44.555  2036  2036 I RefreshRateSelector: Current:  DisplayManagerPolicy{defaultModeId=0, allowGroupSwitching=false, primaryRanges={physical=[0.00 Hz, inf Hz], render=[0.00 Hz, 120.00 Hz]}, appRequestRanges={physical=[0.00 Hz, inf Hz], render=[0.00 Hz, 120.00 Hz]} idleScreenConfig=nullptr}
08-06 21:41:44.555  2036  2036 I RefreshRateSelector: 8 mode changes were performed under the previous policy
08-06 21:41:44.556  2474  7384 I DisplayModeDirectorImpl: onDesiredDisplayModeSpecsChanged:baseModeId=0 allowGroupSwitching=false primary=physical: (0.0 Infinity) render:  (0.0 120.0) appRequest=physical: (0.0 Infinity) render:  (0.0 120.0) idleScreenRefreshRateConfig=null noVotes=true
08-06 21:41:44.556  7458  7458 E Launcher.application: setClickAppWaitForCallback = false
08-06 21:41:44.556  7458  7458 I Launcher: changeMIUIWidgetEditMode false
08-06 21:41:44.556  7890  8057 E KeyguardTransitionHandlerImpl: activityCount = 0
08-06 21:41:44.556 13710 13710 I VideoToolBoxService: onReceive: android.intent.action.CLOSE_SYSTEM_DIALOGS
08-06 21:41:44.557 13710 13710 I GameBoosterService: onReceive: android.intent.action.CLOSE_SYSTEM_DIALOGS
08-06 21:41:44.557 13430 13430 I LauncherOverlayCallback: handleMessage WHAT_ACTIVITY_STATE_CHANGED what3
08-06 21:41:44.557 13430 13430 I LauncherOverlayCallback: handleMessage WHAT_LAUNCHER_STATE what3
08-06 21:41:44.558  2036  7449 W VsyncModulator: setTransactionSchedule: Unexpected EarlyEnd
08-06 21:41:44.560  7890  8057 I RemoteTransitionHandlerStubImpl: invokeAndRemoveWctCB transition is null, curWctCB: null
08-06 21:41:44.562  7890  7890 I ControlCenterExpandController: hide panel true true
08-06 21:41:44.562  7890  7890 I VolumeShowHideAnimator: isRunning: false, mExpanded: false
08-06 21:41:44.562  7890  7890 I VolumeExpandCollapsedAnimator: isRunning: false, mExpanded: false
08-06 21:41:44.562  7890  7890 I VolumePanelViewController_false: dismissH mShowing:false, reason:volume_controller, isAnimating: false, needShowDialog=false, KeyAnimatingStream=-1
08-06 21:41:44.562  7890  7890 I VolumeShowHideAnimator: isRunning: false, mExpanded: false
08-06 21:41:44.562  7890  7890 I VolumeExpandCollapsedAnimator: isRunning: false, mExpanded: false
08-06 21:41:44.562  7890  7890 I VolumePanelViewController_true: dismissH mShowing:false, reason:volume_controller, isAnimating: false, needShowDialog=true, KeyAnimatingStream=-1
08-06 21:41:44.563  7458  7458 I Launcher.widget: onInvisible 
08-06 21:41:44.563  7458  7458 I Launcher.widget: onInvisible 
08-06 21:41:44.563  2474  3106 W UserManagerService: Requested status bar icon for non-badged user 0
08-06 21:41:44.566  2036  2036 I BpBinder: onLastStrongRef automatically unlinking death recipients: 
08-06 21:41:44.574  3050  4604 E libsensor-parseRGB: CWB NotifyCWBBufferDone  error 0
08-06 21:41:44.578  9569  9626 W mit.droidbotapp: Cleared Reference was only reachable from finalizer (only reported once)
08-06 21:41:44.586  9569  9626 I mit.droidbotapp: This is non sticky GC, maxfree is 16777216 minfree is 8388608
08-06 21:41:44.658  3086  3086 I adbd    : in ShellService: ps
08-06 21:41:44.741  1843  3496 I vendor.qti.hardware.display.composer-service: Sensor: notify citsensorservice to trigger cwb, misForced = 0
08-06 21:41:44.741  3050  4554 I libsensor-parseRGB: request dump start for mRequestDisplayId 0
08-06 21:41:44.753  3050  4560 I libsensor-boledalgo: ##### the value of lux: 149.585236, cct: 4016.000000
08-06 21:41:44.754  3050  4560 I libsensor-qshcalapi: value of set_lux: 149.585236, set r: 4016.000000
08-06 21:41:44.758  7458  8104 E Launcher.Transfer: transfer is closed
08-06 21:41:44.765  3050  3083 E libsensor-parseRGB: CWB NotifyCWBBufferDone  error 0
08-06 21:41:44.847  5655  5696 I dist:vtcamera:TemperatureWarningStateManager: onTemperatureChanged 35957
08-06 21:41:44.848  5655  5696 I dist:vtcamera:TemperatureWarningStateManager: temp < 48000
08-06 21:41:44.848  5655  5696 W dist:vtcamera:TemperatureWarningStateManager: reset warning state
08-06 21:41:44.848  2474  7382 I SmartPower: com.android.vending:instant_app_installer/10124(17570): background->idle(3002ms) R(become background) adj=935.
08-06 21:41:44.848  2474  7382 I SmartPower: com.android.vending/10124(11354): background->idle(3002ms) R(become background) adj=900.
08-06 21:41:44.848  2474  7382 I SmartPower: com.android.vending:background/10124(17245): background->idle(3002ms) R(become background) adj=905.
08-06 21:41:44.848  2474  7382 I SmartPower: com.android.vending:quick_launch/10124(8927): background->idle(3002ms) R(become background) adj=935.
08-06 21:41:44.949  7497  7497 I MiuiWallpaper-MiuiWallpaperManagerService: receive broadcast action = android.intent.action.PACKAGE_RESTARTED
08-06 21:41:44.949  2474  2745 I SmartPower: com.milink.service:audio/10178(18537): idle->background(2174ms) R(broadcast start Intent { act=android.intent.action.PACKAGE_RESTARTED dat=package: flg=0x4000010 (has extras) }) adj=200.
08-06 21:41:44.950  1843  3496 I vendor.qti.hardware.display.composer-service: Sensor: notify citsensorservice to trigger cwb, misForced = 0
08-06 21:41:44.954  3050  4554 I libsensor-parseRGB: request dump start for mRequestDisplayId 0
08-06 21:41:44.954  3050  4560 I libsensor-boledalgo: dbv:434,lux:189.5,cct:4289.7,hsv:-1.0,dc:0CWB R:3300.3,G:6751.6,B:3103.5Event C:11544.0,R:6545.2,G:3825.8,B:1853.1Cali C:224.7,R:76.0,G:59.6,B:32.0 
08-06 21:41:44.973  3050  4604 E libsensor-parseRGB: CWB NotifyCWBBufferDone  error 0
08-06 21:41:44.986 15038 20629 W lyra-mdns-core: _deal_timeout query _lyra-mdns._udp.local[0C] timeout!
08-06 21:41:45.034  1850  9931 E ANDR-PERF-LM: SAGT_ACTION: UpdateFPSData() 138: update /sys/kernel/sched_penalty/parameters/fps to 60, ret is 0
08-06 21:41:45.055  2474  2745 I SmartPower: com.miui.voiceassist:core/10193(12995): idle->background(2278ms) R(broadcast start Intent { act=android.intent.action.CLOSE_SYSTEM_DIALOGS flg=0x50000010 (has extras) }) adj=100.
08-06 21:41:45.058 12995 12995 I VA_AliveCore:MixMonitor: onReceive: action=android.intent.action.CLOSE_SYSTEM_DIALOGS
08-06 21:41:45.059 12995 12995 I VA_AliveCore:MixMonitor: onReceive: reason=homekey
08-06 21:41:45.059 12995 12995 I VA_AliveCore:MixMonitor: onReceive: action=com.miui.fullscreen_state_change
08-06 21:41:45.059 12995 12995 I VA_AliveCore:MixMonitor: onReceive: action=com.miui.fullscreen_state_change;stateName=toHome
08-06 21:41:45.060  2474  2745 I SmartPower: com.miui.systemAdSolution/10168(17757): idle->background(2631ms) R(broadcast start Intent { act=android.intent.action.CLOSE_SYSTEM_DIALOGS flg=0x50000010 (has extras) }) adj=100.
08-06 21:41:45.061  2474  2745 I SmartPower: com.miui.voiceassist/10193(22445): idle->background(2284ms) R(broadcast start Intent { act=android.intent.action.CLOSE_SYSTEM_DIALOGS flg=0x50000010 (has extras) }) adj=915.
08-06 21:41:45.061 20053 10179 I Market-HomeKeyReceiver: onReceive: action: android.intent.action.CLOSE_SYSTEM_DIALOGS
08-06 21:41:45.061 20053 10179 I Market-HomeKeyReceiver: reason: homekey
08-06 21:41:45.062  2474  2745 W BroadcastQueue: Greezer Denial: sending Intent { act=android.intent.action.CLOSE_SYSTEM_DIALOGS flg=0x50000010 (has extras) }, action: android.intent.action.CLOSE_SYSTEM_DIALOGS from null (uid=1000) due to receiver ProcessRecord{cbeedef 7110:com.ss.android.ugc.aweme/u0a322} (uid 10322) need cached broadcast
08-06 21:41:45.063 22445 22445 I VA_TraceManager-Client: finishTrace---isStarted=false
08-06 21:41:45.063 22445 22445 I VA_FloatManager: getState isStandByMode = false
08-06 21:41:45.063 22445 29609 I VA_AivsSDK-[AIVS 1970-TraceThread] TraceManager: traceTimeStamps: not startTrace
08-06 21:41:45.063 22445 29609 I VA_AivsSDK-[AIVS 1970-TraceThread] TraceManager: traceResult2: not startTrace
08-06 21:41:45.064 22445 22445 I VA_FloatManager: getState isStandByMode = false
08-06 21:41:45.064 22445 22445 W VA_FloatManagerPresenter: exeBackOperator: forceGone=true noAnim=false, isStopEngine = true
08-06 21:41:45.064 22445 22445 I VA_FloatManager: getState isStandByMode = false
08-06 21:41:45.064 22445 22445 W VA_HistoryManager.Back: isValidText=false,forceGone=true,state=GONE
08-06 21:41:45.064 22445 22445 I VA_FloatManager: getState isStandByMode = false
08-06 21:41:45.064 22445 29609 I VA_AivsSDK-[AIVS 1970-TraceThread] TraceManager: traceResult2: not startTrace
08-06 21:41:45.085  7458  7458 I Launcher.widget: onVisible 
08-06 21:41:45.086  7458  7458 I Launcher.widget: onVisible 
08-06 21:41:45.088  2474 10062 I SecurityManagerService: update appwidget of uid: 10278 package: com.miui.weather2 visible: true reason: visible
08-06 21:41:45.093  2474 30082 I ClipboardServiceI: checkProviderWakePathForClipboard: primaryClip is null
08-06 21:41:45.093  2474 30082 I SmartPower: com.miui.weather2/10278(27322): idle->background(66781ms) R(content provider start ContentProviderRecord{530557f u0 com.miui.weather2/.providers.WeatherProvider}) adj=0.
08-06 21:41:45.095  2474  7257 I MiuiNetworkPolicy: updateUidState uid = 10278, uidState = 3
08-06 21:41:45.096  2474 10062 I ClipboardServiceI: checkProviderWakePathForClipboard: primaryClip is null
08-06 21:41:45.097  2474  3106 I ClipboardServiceI: checkProviderWakePathForClipboard: primaryClip is null
08-06 21:41:45.097 27322 29131 I Wth2:WeatherProvider: getFirstSelectedCity() ret count= 1
08-06 21:41:45.097 27322 29131 E Wth2:WeatherProvider: getFirstSelectedCity() error 
08-06 21:41:45.097 27322 29131 E Wth2:WeatherProvider: java.lang.NumberFormatException: For input string: "33.862_119.318"
08-06 21:41:45.097 27322 29131 E Wth2:WeatherProvider: 	at java.lang.Integer.parseInt(Integer.java:790)
08-06 21:41:45.097 27322 29131 E Wth2:WeatherProvider: 	at java.lang.Integer.parseInt(Integer.java:908)
08-06 21:41:45.097 27322 29131 E Wth2:WeatherProvider: 	at com.miui.weather2.providers.WeatherProvider.g(SourceFile:9)
08-06 21:41:45.097 27322 29131 E Wth2:WeatherProvider: 	at com.miui.weather2.providers.WeatherProvider.e(SourceFile:5)
08-06 21:41:45.097 27322 29131 E Wth2:WeatherProvider: 	at com.miui.weather2.providers.WeatherProvider.query(SourceFile:23)
08-06 21:41:45.097 27322 29131 E Wth2:WeatherProvider: 	at android.content.ContentProvider.query(ContentProvider.java:1633)
08-06 21:41:45.097 27322 29131 E Wth2:WeatherProvider: 	at android.content.ContentProvider.query(ContentProvider.java:1729)
08-06 21:41:45.097 27322 29131 E Wth2:WeatherProvider: 	at android.content.ContentProvider$Transport.query(ContentProvider.java:301)
08-06 21:41:45.097 27322 29131 E Wth2:WeatherProvider: 	at android.content.ContentProviderNative.onTransact(ContentProviderNative.java:110)
08-06 21:41:45.097 27322 29131 E Wth2:WeatherProvider: 	at android.os.Binder.execTransactInternal(Binder.java:1507)
08-06 21:41:45.097 27322 29131 E Wth2:WeatherProvider: 	at android.os.Binder.execTransact(Binder.java:1451)
08-06 21:41:45.098 27322 29787 I Wth2:WeatherProvider: getFirstSelectedCity() ret count= 1
08-06 21:41:45.099 27322 29787 E Wth2:WeatherProvider: getFirstSelectedCity() error 
08-06 21:41:45.099 27322 29787 E Wth2:WeatherProvider: java.lang.NumberFormatException: For input string: "33.862_119.318"
08-06 21:41:45.099 27322 29787 E Wth2:WeatherProvider: 	at java.lang.Integer.parseInt(Integer.java:790)
08-06 21:41:45.099 27322 29787 E Wth2:WeatherProvider: 	at java.lang.Integer.parseInt(Integer.java:908)
08-06 21:41:45.099 27322 29787 E Wth2:WeatherProvider: 	at com.miui.weather2.providers.WeatherProvider.g(SourceFile:9)
08-06 21:41:45.099 27322 29787 E Wth2:WeatherProvider: 	at com.miui.weather2.providers.WeatherProvider.h(SourceFile:5)
08-06 21:41:45.099 27322 29787 E Wth2:WeatherProvider: 	at com.miui.weather2.providers.WeatherProvider.query(SourceFile:25)
08-06 21:41:45.099 27322 29787 E Wth2:WeatherProvider: 	at android.content.ContentProvider.query(ContentProvider.java:1633)
08-06 21:41:45.099 27322 29787 E Wth2:WeatherProvider: 	at android.content.ContentProvider.query(ContentProvider.java:1729)
08-06 21:41:45.099 27322 29787 E Wth2:WeatherProvider: 	at android.content.ContentProvider$Transport.query(ContentProvider.java:301)
08-06 21:41:45.099 27322 29787 E Wth2:WeatherProvider: 	at android.content.ContentProviderNative.onTransact(ContentProviderNative.java:110)
08-06 21:41:45.099 27322 29787 E Wth2:WeatherProvider: 	at android.os.Binder.execTransactInternal(Binder.java:1507)
08-06 21:41:45.099 27322 29787 E Wth2:WeatherProvider: 	at android.os.Binder.execTransact(Binder.java:1451)
08-06 21:41:45.099  2474  7257 I MiuiNetworkPolicyTrafficLimit: updateWhiteListUidForMobileTraffic uid=10278,add=true
08-06 21:41:45.099  2474  2643 I MiuiNetworkPolicy: label wlan0, uid 0, active true, tsNanos 412329419374767
08-06 21:41:45.099 27322 29787 I Wth2:WeatherProvider: getHourlyData checkCityAt=true tmpCursor.count  4
08-06 21:41:45.101 27322 29787 I Wth2:WeatherProvider: optimiseHourlyData sunrise : 19020000  sunset : 68400000
08-06 21:41:45.153  3050  4560 I libsensor-boledalgo: ##### the value of lux: 184.309937, cct: 4016.000000
08-06 21:41:45.154  3050  4560 I libsensor-qshcalapi: value of set_lux: 184.309937, set r: 4016.000000
08-06 21:41:45.199 16677 18332 W surfboard: (0x000001FD) [] on_tcp_read local connection reset by peer
08-06 21:41:45.212  1843  2051 I SDM     : DisplayBase::CommitThread: Received idle timeout, panel: cmd, timeout: 70000 us
08-06 21:41:45.237 16677 18332 W surfboard: (0x000001FC) [] on_tcp_read local connection reset by peer
08-06 21:41:45.291  1843  3496 I vendor.qti.hardware.display.composer-service: Sensor: notify citsensorservice to trigger cwb, misForced = 1
08-06 21:41:45.291  3050  4554 I libsensor-parseRGB: request dump start for mRequestDisplayId 0
08-06 21:41:45.313  3050  3083 E libsensor-parseRGB: CWB NotifyCWBBufferDone  error 0
08-06 21:41:45.315 12965 10386 I PSyncWorker: Starting proactive picker sync from sync source: 1
08-06 21:41:45.317 12965 10386 I PickerSyncController: Executing SyncAdd. isLocal: true. authority: com.android.providers.media.photopicker
08-06 21:41:45.320 12965 10386 I PickerSyncController: Paged sync successful. QueryArgs: Bundle[{android.provider.extra.SYNC_GENERATION=21862, android.provider.extra.PAGE_SIZE=1000}] Total Rows: 0
08-06 21:41:45.320 12965 10386 I PickerSyncController: Executing SyncRemove. isLocal: true. authority: com.android.providers.media.photopicker
08-06 21:41:45.320  1865  1865 I vendor.qti.hardware.servicetrackeraidl-service: bindService is called for service : com.android.providers.media.module/androidx.work.impl.background.systemjob.SystemJobService and for client system
08-06 21:41:45.320  1865  1865 I vendor.qti.hardware.servicetrackeraidl-service: total connections for service : com.android.providers.media.module/androidx.work.impl.background.systemjob.SystemJobServiceare :1
08-06 21:41:45.320  1865  1865 I vendor.qti.hardware.servicetrackeraidl-service: total connections for client : systemare :32
08-06 21:41:45.322 12965 10386 E PickerDbFacade: Could not get first date taken millis for media id: 1000002376
08-06 21:41:45.322 12965 10386 W PickerDbFacade: Unable to promote cloud media with localId: 1000002376
08-06 21:41:45.323  2474  7379 I whetstone.activity: processNotifyEvent1 resId = 256, bundle = Bundle[{startTime=412329645, sourcePkg=com.android.providers.media.module, sourceUid=10249, status=1, jobId=3295, batteryName=@androidx.work.systemjobscheduler@com.android.providers.media.module/androidx.work.impl.background.systemjob.SystemJobService, elapsedRealtime=412329645}]
08-06 21:41:45.323 12965 10386 I PickerSyncController: Paged sync successful. QueryArgs: Bundle[{android.provider.extra.SYNC_GENERATION=21862, android.provider.extra.PAGE_SIZE=1000}] Total Rows: 0
08-06 21:41:45.323 12965 10386 I PickerSyncTracker: Marked sync future complete for work id: fba2335f-1c1c-46f1-8439-ab57a76bf8a1. Future map: {}
08-06 21:41:45.323 12965 10386 I PSyncWorker: Completed picker proactive sync complete from local provider.
08-06 21:41:45.325 14191 20657 I EventMonitor: notifyEvent resId=256
08-06 21:41:45.325 12965 13394 I WM-WorkerWrapper: Worker result SUCCESS for Work [ id=fba2335f-1c1c-46f1-8439-ab57a76bf8a1, tags={ com.android.providers.media.photopicker.sync.ProactiveSyncWorker } ]
08-06 21:41:45.328  2474  7379 I whetstone.activity: processNotifyEvent1 resId = 256, bundle = Bundle[{startTime=412329651, sourcePkg=com.android.providers.media.module, sourceUid=10249, status=0, jobId=3295, batteryName=@androidx.work.systemjobscheduler@com.android.providers.media.module/androidx.work.impl.background.systemjob.SystemJobService, elapsedRealtime=412329651}]
08-06 21:41:45.328 14191 20657 I EventMonitor: notifyEvent resId=256
08-06 21:41:45.329  1865  1865 I vendor.qti.hardware.servicetrackeraidl-service: unbindService is called for service : com.android.providers.media.module/androidx.work.impl.background.systemjob.SystemJobService and for client system
08-06 21:41:45.329  1865  1865 I vendor.qti.hardware.servicetrackeraidl-service: size of service connections for service: com.android.providers.media.module/androidx.work.impl.background.systemjob.SystemJobServiceafter removal is 0
08-06 21:41:45.329  1865  1865 I vendor.qti.hardware.servicetrackeraidl-service: size of client connections for client: systemafter removal is 31
08-06 21:41:45.329  1865  1865 I vendor.qti.hardware.servicetrackeraidl-service: destroyService is called for service : com.android.providers.media.module/androidx.work.impl.background.systemjob.SystemJobService
08-06 21:41:45.352  3050  4560 I libsensor-boledalgo: dbv:434,lux:166.7,cct:4243.3,hsv:-1.0,dc:0CWB R:3300.3,G:6751.6,B:3103.5Event C:10096.8,R:5741.5,G:3368.3,B:1620.2Cali C:184.7,R:57.4,G:52.2,B:30.6 
08-06 21:41:45.353  3050  4560 I libsensor-boledalgo: dbv:434,lux:138.5,cct:4203.3,hsv:-1.0,dc:0CWB R:3300.3,G:6751.6,B:3103.5Event C:8432.4,R:4796.9,G:2795.3,B:1340.6Cali C:184.7,R:57.4,G:52.2,B:30.6 
08-06 21:41:45.353  3050  4560 I libsensor-boledalgo: ##### the value of lux: 184.309937, cct: 4138.000000
08-06 21:41:45.353  3050  4560 I libsensor-qshcalapi: value of set_lux: 184.309937, set r: 4138.000000
08-06 21:41:45.371  1843  2051 I SDM     : DisplayBase::CommitThread: Received idle timeout, panel: cmd, timeout: 70000 us
08-06 21:41:45.436  1850  9931 E ANDR-PERF-LM: SAGT_ACTION: updateAutoPenatly() 161: recovery auto penatly gamefps 60.000000, measured fps is 58.500000, gap is 1.500000 
08-06 21:41:45.507  9569  9626 I mit.droidbotapp: This is sticky GC, maxfree is 16777216 minfree is 8388608
08-06 21:41:45.553  3050  4560 I libsensor-boledalgo: ##### the value of lux: 138.518295, cct: 4138.000000
08-06 21:41:45.553  3050  4560 I libsensor-qshcalapi: value of set_lux: 138.518295, set r: 4138.000000
08-06 21:41:45.557  3050  4560 I libsensor-boledalgo: dbv:434,lux:113.7,cct:4104.6,hsv:-1.0,dc:0CWB R:3300.3,G:6751.6,B:3103.5Event C:6942.8,R:3971.0,G:2295.1,B:1088.4Cali C:184.7,R:57.4,G:52.2,B:30.6 
08-06 21:41:45.558  2474  7384 I DisplayModeDirectorImpl: SmartDisplayPolicyEnd
08-06 21:41:45.559  2474  2654 I DisplayModeDirectorImpl: onDesiredDisplayModeSpecsChanged:baseModeId=1 allowGroupSwitching=false primary=physical: (0.0 120.0) render:  (0.0 120.0) appRequest=physical: (0.0 120.0) render:  (0.0 120.0) idleScreenRefreshRateConfig=null noVotes=false
08-06 21:41:45.561  2036  2036 I RefreshRateSelector: Display 4630947082089526659 policy changed
08-06 21:41:45.561  2036  2036 I RefreshRateSelector: Previous: {defaultModeId=0, allowGroupSwitching=false, primaryRanges={physical=[0.00 Hz, inf Hz], render=[0.00 Hz, 120.00 Hz]}, appRequestRanges={physical=[0.00 Hz, inf Hz], render=[0.00 Hz, 120.00 Hz]} idleScreenConfig=nullptr}
08-06 21:41:45.561  2036  2036 I RefreshRateSelector: Current:  DisplayManagerPolicy{defaultModeId=0, allowGroupSwitching=false, primaryRanges={physical=[0.00 Hz, 120.00 Hz], render=[0.00 Hz, 120.00 Hz]}, appRequestRanges={physical=[0.00 Hz, 120.00 Hz], render=[0.00 Hz, 120.00 Hz]} idleScreenConfig=nullptr}
08-06 21:41:45.561  2036  2036 I RefreshRateSelector: 0 mode changes were performed under the previous policy
08-06 21:41:45.637  3086  3086 I adbd    : in ShellService: dumpsys activity activities
08-06 21:41:45.682  1843  1843 I SDM     : HWCDisplay::SetActiveConfigWithConstraints: display:66-0, config: 1, WxH 1200x2670, fps 120
08-06 21:41:45.683  1843  1843 W SDM     : HWDeviceDRM::GetSupportedBitClkRate: Requested rate not supported: 1150000000
08-06 21:41:45.683  1843  1843 I SDM     : HWDeviceDRM::UpdateMixerAttributes: Mixer WxH 1200x2670-1 for Peripheral
08-06 21:41:45.684  1843  1843 I SDM     : HWCDisplay::SubmitDisplayConfig: Active configuration changed from config 3 to 1
08-06 21:41:45.684  1843  1843 I SDM     : HWCDisplay::SubmitDisplayConfig: Active WxH 1200x2670 ,ddic_mode:idle, timing_fps: 120, sf_fps: 120
08-06 21:41:45.686  1843  3496 I vendor.qti.hardware.display.composer-service: Sensor: notify citsensorservice to trigger cwb, misForced = 0
08-06 21:41:45.687  3050  4554 I libsensor-parseRGB: request dump start for mRequestDisplayId 0
08-06 21:41:45.712  3050 25119 E libsensor-parseRGB: CWB NotifyCWBBufferDone  error 0
08-06 21:41:45.729  3086  3086 I adbd    : in ShellService: dumpsys activity activities
08-06 21:41:45.753  3050  4560 I libsensor-boledalgo: dbv:434,lux:95.8,cct:4024.6,hsv:-1.0,dc:0CWB R:3300.3,G:6751.6,B:3103.5Event C:5904.9,R:3389.1,G:1927.6,B:909.7Cali C:184.7,R:57.4,G:52.2,B:30.6 
08-06 21:41:45.753  3050  4560 I libsensor-boledalgo: ##### the value of lux: 113.672188, cct: 4138.000000
08-06 21:41:45.753  3050  4560 I libsensor-qshcalapi: value of set_lux: 113.672188, set r: 4138.000000
08-06 21:41:45.769  1843  2051 I SDM     : DisplayBase::CommitThread: Received idle timeout, panel: cmd, timeout: 70000 us
08-06 21:41:45.780  7856  9010 E PhoneAdapter: get ntnphones failed, exception: java.lang.IllegalStateException: Default phones haven't been made yet!
08-06 21:41:45.815  3086  3086 I adbd    : in ShellService: dumpsys activity activities
08-06 21:41:45.825  3086  3086 I adbd    : in ShellService: ps
08-06 21:41:45.895  3086  3086 I adbd    : in ShellService: dumpsys activity services
08-06 21:41:46.016  3086  3086 I adbd    : in ShellService: screencap -p /sdcard/screen_2025-08-06_214146.png
08-06 21:41:46.129 10606 10606 W BpBinder: Linking to death on android.gui.ISurfaceComposer but there are no threads (yet?) listening to incoming transactions. See ProcessState::startThreadPool and ProcessState::setThreadPoolMaxThreadCount. Generally you should setup the binder threadpool before other initialization steps.
08-06 21:41:46.129 10606 10606 W ProcessState: Extra binder thread started, but 0 threads requested. Do not use *startThreadPool when zero threads are requested.
08-06 21:41:46.160 15896 10348 I AICall_MemoryTrim$a: Timer-271 trimMemory on background
08-06 21:41:46.161 15896 15896 I AICall_x0: main invoke : null|80
08-06 21:41:46.161 10606 10611 I AdrenoUtils: <ReadGpuID:357>: Reading chip ID through GSL
08-06 21:41:46.162 10606 10606 W qdgralloc: Failed to load libubwcp.so
08-06 21:41:46.160 10606 10606 W screencap: type=1400 audit(0.0:25997): avc:  denied  { read } for  name="libubwcp.so" dev="dm-37" ino=19816057 scontext=u:r:shell:s0 tcontext=u:object_r:vendor_file:s0 tclass=file permissive=0
08-06 21:41:46.165 12965 17697 W MediaProvider: isAppCloneUserPair for user 0: false
08-06 21:41:46.172  2474  4291 W ActivityManagerServiceImpl: Sending non-protected broadcast com.miui.action.UPDATE_PREDICT_LIST_EXTERNAL from system 13710:com.miui.securitycenter.remote/1000 pkg com.miui.securitycenter. Callers=
08-06 21:41:46.217  9569  9626 I mit.droidbotapp: This is non sticky GC, maxfree is 16777216 minfree is 8388608
08-06 21:41:46.271  2474  7257 I MiuiNetworkPolicy: updateUidState uid = 10092, uidState = 15
08-06 21:41:46.292  2474  7378 E HyperSentinel: -------------------------------------------------------
08-06 21:41:46.293  2474  7378 E HyperSentinel: Event_OpenFileFDSize
08-06 21:41:46.293  2474  7378 E HyperSentinel: -> audit event by proc 2474 "system_server": Fd increasement, peak, 1291 -> 989
08-06 21:41:46.353  3050  4560 I libsensor-boledalgo: dbv:434,lux:161.9,cct:4215.4,hsv:-1.0,dc:0CWB R:3300.3,G:6751.6,B:3103.5Event C:9828.5,R:5609.0,G:3272.1,B:1572.6Cali C:184.7,R:57.4,G:52.2,B:30.6 
08-06 21:41:46.354  3050  4560 I libsensor-boledalgo: ##### the value of lux: 161.865402, cct: 4138.000000
08-06 21:41:46.354  3050  4560 I libsensor-qshcalapi: value of set_lux: 161.865402, set r: 4138.000000
08-06 21:41:46.363  2474  7257 I MiuiNetworkPolicy: bandwidth: 0 KB/s, Max bandwidth: 15755 KB/s
08-06 21:41:46.553  3050  4560 I libsensor-boledalgo: dbv:434,lux:183.8,cct:4255.3,hsv:-1.0,dc:0CWB R:3300.3,G:6751.6,B:3103.5Event C:11139.1,R:6354.6,G:3727.1,B:1799.3Cali C:184.7,R:57.4,G:52.2,B:30.6 
08-06 21:41:46.752  3050  4560 I libsensor-boledalgo: ##### the value of lux: 179.786636, cct: 4138.000000
08-06 21:41:46.752  3050  4560 I libsensor-qshcalapi: value of set_lux: 179.786636, set r: 4138.000000
08-06 21:41:46.754  3050  4560 I libsensor-boledalgo: dbv:434,lux:171.4,cct:4258.5,hsv:-1.0,dc:0CWB R:3300.3,G:6751.6,B:3103.5Event C:10427.3,R:5942.5,G:3470.5,B:1679.8Cali C:184.7,R:57.4,G:52.2,B:30.6 
08-06 21:41:46.789  2474  2635 I system_server: This is sticky GC, maxfree is 16777216 minfree is 8388608
08-06 21:41:46.799  2474  2638 W System  : A resource failed to call HardwareBuffer.close. 
08-06 21:41:46.800  2474  2638 W System  : A resource failed to call HardwareBuffer.close. 
08-06 21:41:46.800  2474  2638 W System  : A resource failed to call HardwareBuffer.close. 
08-06 21:41:46.800  2474  2638 W System  : A resource failed to call release. 
08-06 21:41:46.800  2474  2638 W System  : A resource failed to call release. 
08-06 21:41:46.800  2474  2638 W System  : A resource failed to call release. 
08-06 21:41:46.800  2474  2638 W System  : A resource failed to call release. 
08-06 21:41:46.901  1865  1865 I vendor.qti.hardware.servicetrackeraidl-service: destroyService is called for service : com.google.android.gms/.chimera.GmsIntentOperationService
08-06 21:41:46.953  3050  4560 I libsensor-boledalgo: dbv:434,lux:163.2,cct:4224.3,hsv:-1.0,dc:0CWB R:3300.3,G:6751.6,B:3103.5Event C:9917.7,R:5654.2,G:3296.7,B:1586.7Cali C:184.7,R:57.4,G:52.2,B:30.6 
08-06 21:41:46.953  3050  4560 I libsensor-boledalgo: ##### the value of lux: 179.786636, cct: 4243.000000
08-06 21:41:46.953  3050  4560 I libsensor-qshcalapi: value of set_lux: 179.786636, set r: 4243.000000
08-06 21:41:46.956  3050  4560 I libsensor-boledalgo: ##### the value of lux: 161.672241, cct: 4243.000000
08-06 21:41:46.956  3050  4560 I libsensor-qshcalapi: value of set_lux: 161.672241, set r: 4243.000000
08-06 21:41:46.958  3050  4560 I libsensor-boledalgo: dbv:434,lux:154.1,cct:4206.4,hsv:-1.0,dc:0CWB R:3300.3,G:6751.6,B:3103.5Event C:9368.2,R:5343.5,G:3111.2,B:1494.1Cali C:184.7,R:57.4,G:52.2,B:30.6 
08-06 21:41:46.990  3086  3086 I adbd    : in ShellService: ps
08-06 21:41:47.152  3050  4560 I libsensor-boledalgo: dbv:434,lux:137.7,cct:4197.6,hsv:-1.0,dc:0CWB R:3300.3,G:6751.6,B:3103.5Event C:8404.7,R:4791.3,G:2779.5,B:1336.0Cali C:184.7,R:57.4,G:52.2,B:30.6 
08-06 21:41:47.352  3050  4560 I libsensor-boledalgo: dbv:434,lux:106.1,cct:4081.4,hsv:-1.0,dc:0CWB R:3300.3,G:6751.6,B:3103.5Event C:6492.3,R:3712.2,G:2137.9,B:1011.4Cali C:184.7,R:57.4,G:52.2,B:30.6 
08-06 21:41:47.352  3050  4560 I libsensor-boledalgo: ##### the value of lux: 137.668945, cct: 4243.000000
08-06 21:41:47.352  3050  4560 I libsensor-qshcalapi: value of set_lux: 137.668945, set r: 4243.000000
08-06 21:41:47.478  2474  8251 I NetworkAccelerateSwitchService: EVENT_RSSI_POLL. mRssiPoll=true
08-06 21:41:47.478  2474  8251 I NetworkAccelerateSwitchService: getAverageWifiRssi:45
08-06 21:41:47.552  3050  4560 I libsensor-boledalgo: dbv:434,lux:92.0,cct:4019.2,hsv:-1.0,dc:0CWB R:3300.3,G:6751.6,B:3103.5Event C:5666.3,R:3246.7,G:1848.6,B:870.7Cali C:184.7,R:57.4,G:52.2,B:30.6 
08-06 21:41:47.552  3050  4560 I libsensor-boledalgo: ##### the value of lux: 106.077026, cct: 4243.000000
08-06 21:41:47.552  3050  4560 I libsensor-qshcalapi: value of set_lux: 106.077026, set r: 4243.000000
08-06 21:41:47.590  9569  9745 I mit.droidbotapp: ProcessProfilingInfo new_methods=16 is saved saved_to_disk=1 resolve_classes_delay=8000
08-06 21:41:47.687  2474  8406 I ActivityManager: Broadcasting: Intent { act=android.intent.action.MEDIA_SCANNER_SCAN_FILE dat=file:///... flg=0x400000 }
08-06 21:41:47.688  2474  8406 I ActivityManager: Enqueued broadcast Intent { act=android.intent.action.MEDIA_SCANNER_SCAN_FILE dat=file:///... flg=0x400000 }: 0
08-06 21:41:47.693  2474  2745 I SmartPower: com.miui.gallery/10271(9872): idle->background(4917ms) R(broadcast start Intent { act=android.intent.action.MEDIA_SCANNER_SCAN_FILE dat=file:///... flg=0x1400010 }) adj=905.
08-06 21:41:47.695  9872  9872 W MiuiGallery2_BaseMediaScannerReceiver: [main] - Broadcast received, action: [android.intent.action.MEDIA_SCANNER_SCAN_FILE], data uri: [file:///sdcard/screen_2025-08-06_214146.png], CTA not allowed
08-06 21:41:47.698  2474  7257 I MiuiNetworkPolicy: updateUidState uid = 10271, uidState = 11
08-06 21:41:47.701  2474  7257 I MiuiNetworkPolicy: updateUidState uid = 10271, uidState = 19
08-06 21:41:47.701 12965 12965 I MediaProvider: receive action = android.intent.action.MEDIA_SCANNER_SCAN_FILE schemeSpecificPart = ///sdcard/screen_2025-08-06_214146.png
08-06 21:41:47.702  2474  8406 W JobInfo : Job 'com.android.providers.media.module/com.android.providers.media.MediaService#-300' has a deadline with no functional constraints. The deadline won't improve job execution latency. Consider removing the deadline.
08-06 21:41:47.705  1865  1865 I vendor.qti.hardware.servicetrackeraidl-service: bindService is called for service : com.android.providers.media.module/com.android.providers.media.MediaService and for client system
08-06 21:41:47.705  1865  1865 I vendor.qti.hardware.servicetrackeraidl-service: total connections for service : com.android.providers.media.module/com.android.providers.media.MediaServiceare :1
08-06 21:41:47.705  1865  1865 I vendor.qti.hardware.servicetrackeraidl-service: total connections for client : systemare :32
08-06 21:41:47.707  2474  7379 I whetstone.activity: processNotifyEvent1 resId = 256, bundle = Bundle[{startTime=412332029, sourcePkg=com.android.providers.media.module, sourceUid=10249, status=1, jobId=-300, batteryName=com.android.providers.media.module/com.android.providers.media.MediaService, elapsedRealtime=412332029}]
08-06 21:41:47.708 14191 20657 I EventMonitor: notifyEvent resId=256
08-06 21:41:47.710 12965 14232 I MediaProvider: Begin Intent { act=android.intent.action.MEDIA_SCANNER_SCAN_FILE dat=file:///... flg=0x1400010 cmp=com.android.providers.media.module/com.android.providers.media.MediaService }
08-06 21:41:47.714  2474  2643 I ActivityManager: Broadcast completed: result=0
08-06 21:41:47.722 12965 14232 I MediaProvider: End Intent { act=android.intent.action.MEDIA_SCANNER_SCAN_FILE dat=file:///... flg=0x1400010 cmp=com.android.providers.media.module/com.android.providers.media.MediaService }
08-06 21:41:47.723  2474  7379 I whetstone.activity: processNotifyEvent1 resId = 256, bundle = Bundle[{startTime=412332045, sourcePkg=com.android.providers.media.module, sourceUid=10249, status=0, jobId=-300, batteryName=com.android.providers.media.module/com.android.providers.media.MediaService, elapsedRealtime=412332045}]
08-06 21:41:47.723  1865  1865 I vendor.qti.hardware.servicetrackeraidl-service: unbindService is called for service : com.android.providers.media.module/com.android.providers.media.MediaService and for client system
08-06 21:41:47.723 14191 20657 I EventMonitor: notifyEvent resId=256
08-06 21:41:47.723  1865  1865 I vendor.qti.hardware.servicetrackeraidl-service: size of service connections for service: com.android.providers.media.module/com.android.providers.media.MediaServiceafter removal is 0
08-06 21:41:47.723  1865  1865 I vendor.qti.hardware.servicetrackeraidl-service: size of client connections for client: systemafter removal is 31
08-06 21:41:47.723  1865  1865 I vendor.qti.hardware.servicetrackeraidl-service: destroyService is called for service : com.android.providers.media.module/com.android.providers.media.MediaService
08-06 21:41:47.743 12965 12985 I FuseDaemon: This is non sticky GC, maxfree is 16777216 minfree is 8388608
08-06 21:41:47.752  3050  4560 I libsensor-boledalgo: dbv:434,lux:103.0,cct:4086.4,hsv:-1.0,dc:0CWB R:3300.3,G:6751.6,B:3103.5Event C:6326.9,R:3612.7,G:2072.7,B:983.0Cali C:184.7,R:57.4,G:52.2,B:30.6 
08-06 21:41:47.917  3086  3086 I adbd    : in ShellService: rm /sdcard/screen_2025-08-06_214146.png
08-06 21:41:47.949 12965 13505 I MediaProvider: Deleted paths_hashcode::1389444597/:1389444597/-1169448472146.png items on external_primary due to com.android.shell tid=10628
08-06 21:41:47.950  2474  7382 I SmartPower: com.milink.service:audio/10178(18537): background->idle(3001ms) R(broadcast start Intent { act=android.intent.action.PACKAGE_RESTARTED dat=package: flg=0x4000010 (has extras) }) adj=200.
08-06 21:41:47.954  3050  4560 I libsensor-boledalgo: ##### the value of lux: 106.077026, cct: 4117.000000
08-06 21:41:47.954  3050  4560 I libsensor-qshcalapi: value of set_lux: 106.077026, set r: 4117.000000
08-06 21:41:47.956  3050  4560 I libsensor-boledalgo: dbv:434,lux:96.2,cct:4066.1,hsv:-1.0,dc:0CWB R:3300.3,G:6751.6,B:3103.5Event C:5935.0,R:3394.4,G:1936.2,B:918.8Cali C:184.7,R:57.4,G:52.2,B:30.6 
08-06 21:41:48.048  3086  3086 I adbd    : in ShellService: dumpsys display
08-06 21:41:48.060  2474  7382 I SmartPower: com.miui.systemAdSolution/10168(17757): background->idle(3001ms) R(broadcast start Intent { act=android.intent.action.CLOSE_SYSTEM_DIALOGS flg=0x50000010 (has extras) }) adj=100.
08-06 21:41:48.062  2474  7382 I SmartPower: com.miui.voiceassist/10193(22445): background->idle(3001ms) R(broadcast start Intent { act=android.intent.action.CLOSE_SYSTEM_DIALOGS flg=0x50000010 (has extras) }) adj=915.
08-06 21:41:48.062  2474  7382 I SmartPower: com.miui.voiceassist:core/10193(12995): background->idle(3007ms) R(broadcast start Intent { act=android.intent.action.CLOSE_SYSTEM_DIALOGS flg=0x50000010 (has extras) }) adj=100.
08-06 21:41:48.096  2474  7382 I SmartPower: com.miui.weather2/10278(27322): background->idle(3003ms) R(content provider start ContentProviderRecord{530557f u0 com.miui.weather2/.providers.WeatherProvider}) adj=0.
08-06 21:41:48.134  3086  3086 I adbd    : in ShellService: ps
08-06 21:41:48.153  3050  4560 I libsensor-boledalgo: ##### the value of lux: 95.325928, cct: 4117.000000
08-06 21:41:48.153  3050  4560 I libsensor-qshcalapi: value of set_lux: 95.325928, set r: 4117.000000
08-06 21:41:48.155  3050  4560 I libsensor-boledalgo: dbv:434,lux:94.3,cct:4007.7,hsv:-1.0,dc:0CWB R:3300.3,G:6751.6,B:3103.5Event C:5802.6,R:3331.5,G:1895.0,B:891.3Cali C:184.7,R:57.4,G:52.2,B:30.6 
08-06 21:41:48.156  3050  4560 I libsensor-boledalgo: dbv:434,lux:105.7,cct:4091.1,hsv:-1.0,dc:0CWB R:3300.3,G:6751.6,B:3103.5Event C:6493.1,R:3712.2,G:2126.0,B:1010.5Cali C:184.7,R:57.4,G:52.2,B:30.6 
08-06 21:41:48.204  2474  2643 I MiuiNetworkPolicy: label wlan0, uid -1, active false, tsNanos 412332525517057
08-06 21:41:48.214  3086  3086 I adbd    : in ShellService: wm size
08-06 21:41:48.294  3086  3086 I adbd    : in ShellService: dumpsys input
08-06 21:41:48.297  1865  1865 I vendor.qti.hardware.servicetrackeraidl-service: destroyService is called for service : com.google.android.gms/.chimera.PersistentIntentOperationService
08-06 21:41:48.354  3050  4560 I libsensor-boledalgo: ##### the value of lux: 105.661064, cct: 4117.000000
08-06 21:41:48.354  3050  4560 I libsensor-qshcalapi: value of set_lux: 105.661064, set r: 4117.000000
08-06 21:41:48.358  3050  4560 I libsensor-boledalgo: dbv:434,lux:139.8,cct:4210.8,hsv:-1.0,dc:0CWB R:3300.3,G:6751.6,B:3103.5Event C:8526.2,R:4856.3,G:2824.9,B:1358.9Cali C:184.7,R:57.4,G:52.2,B:30.6 
08-06 21:41:48.393  3086  3086 I adbd    : in ShellService: getprop ro.sf.lcd_density
08-06 21:41:48.483  3086  3086 I adbd    : in ShellService: dumpsys activity activities
08-06 21:41:48.553  3050  4560 I libsensor-boledalgo: dbv:434,lux:147.3,cct:4222.1,hsv:-1.0,dc:0CWB R:3300.3,G:6751.6,B:3103.5Event C:8969.4,R:5110.0,G:2980.9,B:1434.8Cali C:184.7,R:57.4,G:52.2,B:30.6 
08-06 21:41:48.553  3050  4560 I libsensor-boledalgo: ##### the value of lux: 139.788940, cct: 4117.000000
08-06 21:41:48.554  3050  4560 I libsensor-qshcalapi: value of set_lux: 139.788940, set r: 4117.000000
08-06 21:41:48.558  3050  4560 I libsensor-boledalgo: dbv:434,lux:162.5,cct:4251.9,hsv:-1.0,dc:0CWB R:3300.3,G:6751.6,B:3103.5Event C:9877.3,R:5617.6,G:3284.9,B:1585.8Cali C:184.7,R:57.4,G:52.2,B:30.6 
08-06 21:41:48.559  3050  4560 I libsensor-boledalgo: ##### the value of lux: 162.513687, cct: 4117.000000
08-06 21:41:48.559  3050  4560 I libsensor-qshcalapi: value of set_lux: 162.513687, set r: 4117.000000
08-06 21:41:48.561  3086  3086 I adbd    : in ShellService: dumpsys activity activities
08-06 21:41:48.563  3050  4560 I libsensor-boledalgo: dbv:434,lux:171.6,cct:4241.0,hsv:-1.0,dc:0CWB R:3300.3,G:6751.6,B:3103.5Event C:10410.3,R:5938.4,G:3474.4,B:1675.2Cali C:184.7,R:57.4,G:52.2,B:30.6 
08-06 21:41:48.663  3086  3086 I adbd    : in ShellService: dumpsys activity activities
08-06 21:41:48.754  3050  4560 I libsensor-boledalgo: dbv:434,lux:181.6,cct:4274.4,hsv:-1.0,dc:0CWB R:3300.3,G:6751.6,B:3103.5Event C:11021.9,R:6269.6,G:3673.8,B:1778.3Cali C:184.7,R:57.4,G:52.2,B:30.6 
08-06 21:41:48.755  3050  4560 I libsensor-boledalgo: ##### the value of lux: 179.415726, cct: 4236.000000
08-06 21:41:48.755  3050  4560 I libsensor-qshcalapi: value of set_lux: 179.415726, set r: 4236.000000
08-06 21:41:48.759  3086  3086 I adbd    : in ShellService: dumpsys activity services
08-06 21:41:48.826  7856  9010 E PhoneAdapter: get ntnphones failed, exception: java.lang.IllegalStateException: Default phones haven't been made yet!
08-06 21:41:48.859  1843  3496 I vendor.qti.hardware.display.composer-service: Sensor: notify citsensorservice to trigger cwb, misForced = 0
08-06 21:41:48.860  3050  4554 I libsensor-parseRGB: request dump start for mRequestDisplayId 0
08-06 21:41:48.875  3086  3086 I adbd    : in ShellService: screencap -p /sdcard/screen_2025-08-06_214148.png
08-06 21:41:48.893  3050 25119 E libsensor-parseRGB: CWB NotifyCWBBufferDone  error 0
08-06 21:41:48.952  1843  2051 I SDM     : DisplayBase::CommitThread: Received idle timeout, panel: cmd, timeout: 70000 us
08-06 21:41:48.996 10677 10677 W BpBinder: Linking to death on android.gui.ISurfaceComposer but there are no threads (yet?) listening to incoming transactions. See ProcessState::startThreadPool and ProcessState::setThreadPoolMaxThreadCount. Generally you should setup the binder threadpool before other initialization steps.
08-06 21:41:48.997 10677 10677 W ProcessState: Extra binder thread started, but 0 threads requested. Do not use *startThreadPool when zero threads are requested.
08-06 21:41:49.036 10677 10679 I AdrenoUtils: <ReadGpuID:357>: Reading chip ID through GSL
08-06 21:41:49.036 10677 10677 W qdgralloc: Failed to load libubwcp.so
08-06 21:41:49.032 10677 10677 W screencap: type=1400 audit(0.0:25998): avc:  denied  { read } for  name="libubwcp.so" dev="dm-37" ino=19816057 scontext=u:r:shell:s0 tcontext=u:object_r:vendor_file:s0 tclass=file permissive=0
08-06 21:41:49.039 12965 29207 W MediaProvider: isAppCloneUserPair for user 0: false
08-06 21:41:49.307  3086  3086 I adbd    : in ShellService: ps
08-06 21:41:49.366  2474  7257 I MiuiNetworkPolicy: bandwidth: 0 KB/s, Max bandwidth: 15755 KB/s
08-06 21:41:49.471 12965 10476 I PSyncWorker: Starting proactive picker sync from sync source: 1
08-06 21:41:49.473 12965 10476 I PickerSyncController: Executing SyncAdd. isLocal: true. authority: com.android.providers.media.photopicker
08-06 21:41:49.475 12965 10476 I PickerSyncController: Paged sync successful. QueryArgs: Bundle[{android.provider.extra.SYNC_GENERATION=21879, android.provider.extra.PAGE_SIZE=1000}] Total Rows: 0
08-06 21:41:49.475 12965 10476 I PickerSyncController: Executing SyncRemove. isLocal: true. authority: com.android.providers.media.photopicker
08-06 21:41:49.476 12965 10476 E PickerDbFacade: Could not get first date taken millis for media id: 1000002377
08-06 21:41:49.476 12965 10476 W PickerDbFacade: Unable to promote cloud media with localId: 1000002377
08-06 21:41:49.477 12965 10476 I PickerSyncController: Paged sync successful. QueryArgs: Bundle[{android.provider.extra.SYNC_GENERATION=21879, android.provider.extra.PAGE_SIZE=1000}] Total Rows: 0
08-06 21:41:49.477 12965 10476 I PickerSyncTracker: Marked sync future complete for work id: 87aded22-0957-4f50-b206-ff5b14ba723e. Future map: {}
08-06 21:41:49.477 12965 10476 I PSyncWorker: Completed picker proactive sync complete from local provider.
08-06 21:41:49.478 12965 13389 I WM-WorkerWrapper: Worker result SUCCESS for Work [ id=87aded22-0957-4f50-b206-ff5b14ba723e, tags={ com.android.providers.media.photopicker.sync.ProactiveSyncWorker } ]
08-06 21:41:49.553  3050  4560 I libsensor-boledalgo: dbv:434,lux:155.6,cct:4235.4,hsv:-1.0,dc:0CWB R:3300.3,G:6751.6,B:3103.5Event C:9457.4,R:5386.2,G:3148.7,B:1517.1Cali C:184.7,R:57.4,G:52.2,B:30.6 
08-06 21:41:49.554  3050  4560 I libsensor-boledalgo: dbv:434,lux:146.8,cct:4203.2,hsv:-1.0,dc:0CWB R:3300.3,G:6751.6,B:3103.5Event C:8922.5,R:5081.9,G:2963.6,B:1420.8Cali C:184.7,R:57.4,G:52.2,B:30.6 
08-06 21:41:49.554  3050  4560 I libsensor-boledalgo: ##### the value of lux: 155.568573, cct: 4236.000000
08-06 21:41:49.554  3050  4560 I libsensor-qshcalapi: value of set_lux: 155.568573, set r: 4236.000000
08-06 21:41:49.557  3050  4560 I libsensor-boledalgo: dbv:434,lux:138.3,cct:4217.1,hsv:-1.0,dc:0CWB R:3300.3,G:6751.6,B:3103.5Event C:8440.9,R:4799.4,G:2789.4,B:1342.9Cali C:184.7,R:57.4,G:52.2,B:30.6 
08-06 21:41:49.752  3050  4560 I libsensor-boledalgo: dbv:434,lux:124.9,cct:4135.8,hsv:-1.0,dc:0CWB R:3300.3,G:6751.6,B:3103.5Event C:7603.9,R:4336.5,G:2513.0,B:1194.4Cali C:184.7,R:57.4,G:52.2,B:30.6 
08-06 21:41:49.752  3050  4560 I libsensor-boledalgo: ##### the value of lux: 138.292068, cct: 4236.000000
08-06 21:41:49.752  3050  4560 I libsensor-qshcalapi: value of set_lux: 138.292068, set r: 4236.000000
08-06 21:41:49.755  3050  4560 I libsensor-boledalgo: dbv:434,lux:128.1,cct:4186.8,hsv:-1.0,dc:0CWB R:3300.3,G:6751.6,B:3103.5Event C:7833.6,R:4460.3,G:2582.1,B:1239.7Cali C:184.7,R:57.4,G:52.2,B:30.6 
08-06 21:41:49.757  1329  9533 I keystore2: system/security/keystore2/watchdog/src/lib.rs:319 - Watchdog thread idle -> terminating. Have a great day.
08-06 21:41:49.953  3050  4560 I libsensor-boledalgo: dbv:434,lux:117.9,cct:4112.1,hsv:-1.0,dc:0CWB R:3300.3,G:6751.6,B:3103.5Event C:7204.9,R:4115.2,G:2368.9,B:1125.7Cali C:184.7,R:57.4,G:52.2,B:30.6 
08-06 21:41:49.953  3050  4560 I libsensor-boledalgo: ##### the value of lux: 121.983528, cct: 4236.000000
08-06 21:41:49.954  3050  4560 I libsensor-qshcalapi: value of set_lux: 121.983528, set r: 4236.000000
08-06 21:41:50.152  3050  4560 I libsensor-boledalgo: dbv:434,lux:101.6,cct:4086.6,hsv:-1.0,dc:0CWB R:3300.3,G:6751.6,B:3103.5Event C:6263.0,R:3583.5,G:2044.8,B:973.8Cali C:184.7,R:57.4,G:52.2,B:30.6 
08-06 21:41:50.153  3050  4560 I libsensor-boledalgo: ##### the value of lux: 101.562393, cct: 4236.000000
08-06 21:41:50.153  3050  4560 I libsensor-qshcalapi: value of set_lux: 101.562393, set r: 4236.000000
08-06 21:41:50.156  3050  4560 I libsensor-boledalgo: dbv:434,lux:96.0,cct:4056.3,hsv:-1.0,dc:0CWB R:3300.3,G:6751.6,B:3103.5Event C:5917.7,R:3380.5,G:1926.6,B:912.0Cali C:184.7,R:57.4,G:52.2,B:30.6 
08-06 21:41:50.352  3050  4560 I libsensor-boledalgo: ##### the value of lux: 101.562393, cct: 4133.000000
08-06 21:41:50.352  3050  4560 I libsensor-qshcalapi: value of set_lux: 101.562393, set r: 4133.000000
08-06 21:41:50.355  3050  4560 I libsensor-boledalgo: dbv:434,lux:111.2,cct:4141.5,hsv:-1.0,dc:0CWB R:3300.3,G:6751.6,B:3103.5Event C:6810.6,R:3872.1,G:2235.3,B:1065.5Cali C:184.7,R:57.4,G:52.2,B:30.6 
08-06 21:41:50.355  3050  4560 I libsensor-boledalgo: dbv:434,lux:118.7,cct:4163.7,hsv:-1.0,dc:0CWB R:3300.3,G:6751.6,B:3103.5Event C:7239.3,R:4103.5,G:2380.4,B:1134.3Cali C:184.7,R:57.4,G:52.2,B:30.6 
