08-06 21:41:40.800  2474  8406 W ParceledListSlice: Overly large reply size: 82384
08-06 21:41:40.800  2474  8406 W ParceledListSlice: Element #45 is 26676 bytes.
08-06 21:41:40.800  2474  8406 W ParceledListSlice: Element #46 is 26676 bytes.
08-06 21:41:40.800  2474  8406 W ParceledListSlice: Element #47 is 26684 bytes.
08-06 21:41:40.801  2474  8358 W ParceledListSlice: Element #48 is 26688 bytes.
08-06 21:41:40.801  2474  8358 W ParceledListSlice: Element #54 is 19664 bytes.
08-06 21:41:40.801  2474  8406 W ParceledListSlice: Element #55 is 19652 bytes.
08-06 21:41:40.801  2474  8406 W ParceledListSlice: Element #56 is 19692 bytes.
08-06 21:41:40.801  2474  8406 W ParceledListSlice: Element #57 is 19720 bytes.
08-06 21:41:40.801  2474  8406 W ParceledListSlice: Element #58 is 19720 bytes.
08-06 21:41:40.802  2474  8406 W ParceledListSlice: Element #59 is 19684 bytes.
08-06 21:41:40.802  2474  8406 W ParceledListSlice: Element #60 is 19692 bytes.
08-06 21:41:40.802  2474  8406 W ParceledListSlice: Element #61 is 19668 bytes.
08-06 21:41:40.802  2474  8406 W ParceledListSlice: Element #62 is 19680 bytes.
08-06 21:41:40.802  2474  4291 W ParceledListSlice: Element #8 is 20788 bytes.
08-06 21:41:40.802  2474  4291 W ParceledListSlice: Element #9 is 20768 bytes.
08-06 21:41:40.802  2474  4291 W ParceledListSlice: Element #63 is 19672 bytes.
08-06 21:41:40.802  2474  8406 W AppOpService: Ignored setUidMode call for runtime permission app op: uid = 1001, code = READ_SMS, mode = allow, callingUid = 1001, oldMode = allow
08-06 21:41:40.802  2474  4291 W ParceledListSlice: Element #64 is 29724 bytes.
08-06 21:41:40.802  2474  4291 W ParceledListSlice: Element #65 is 29744 bytes.
08-06 21:41:40.803  2474  3106 W AppOpService: Ignored setUidMode call for runtime permission app op: uid = 1001, code = RECEIVE_SMS, mode = allow, callingUid = 1001, oldMode = allow
08-06 21:41:40.803  2474 15979 W ParceledListSlice: Element #66 is 29736 bytes.
08-06 21:41:40.803  2474  3106 W AppOpService: Ignored setUidMode call for runtime permission app op: uid = 1001, code = RECEIVE_WAP_PUSH, mode = allow, callingUid = 1001, oldMode = allow
08-06 21:41:40.804  2474  3106 W AppOpService: Ignored setUidMode call for runtime permission app op: uid = 1001, code = SEND_SMS, mode = allow, callingUid = 1001, oldMode = allow
08-06 21:41:40.804  2474  3106 W AppOpService: Ignored setUidMode call for runtime permission app op: uid = 1001, code = READ_CELL_BROADCASTS, mode = allow, callingUid = 1001, oldMode = allow
08-06 21:41:40.804  3086  3086 I adbd    : in ShellService: dumpsys input
08-06 21:41:40.804 13053 13053 E RegisteredServicesCache: Skipping application component ComponentInfo{com.UCMobile/com.alibaba.ariver.commonability.device.jsapi.nfc.service.TinyAppHostApduService}: it must request the permission android.permission.NFC
08-06 21:41:40.804 13053 13053 E RegisteredServicesCache: Skipping application component ComponentInfo{com.UCMobile/com.alipay.mobile.aompdevice.nfc.service.TinyAppHostApduService}: it must request the permission android.permission.NFC
08-06 21:41:40.805 13053 13053 E RegisteredServicesCache: Skipping application component ComponentInfo{com.autonavi.minimap/com.alibaba.ariver.commonability.device.jsapi.nfc.service.TinyAppHostApduService}: it must request the permission android.permission.NFC
08-06 21:41:40.805 13053 13053 E RegisteredServicesCache: Skipping application component ComponentInfo{com.autonavi.minimap/com.alipay.mobile.aompdevice.nfc.service.TinyAppHostApduService}: it must request the permission android.permission.NFC
08-06 21:41:40.807 13053 13053 I RegisteredServicesCache: current user: 0, is managed profile : false
08-06 21:41:40.807 17757 17991 I Ad      : isPersonalizedAdEnabled getAdSettings: 1
08-06 21:41:40.808 13053 13053 I RegisteredAidCache: updateRoutingLocked(false): Enter
08-06 21:41:40.808 13053 13053 I AidRoutingManager: configureRouting(false): Enter
08-06 21:41:40.808 13053 13053 E AidRoutingManager: Size of routing table970
08-06 21:41:40.808 13053 13053 I RegisteredAidCache: updateRoutingLocked(false): exit
08-06 21:41:40.809 13053 13053 I libnfc_nci: [INFO:NativeT4tNfcee.cpp(870)] nfcManager_isFwSupportNonStdT4TAid Enter isFwSupport = 1
08-06 21:41:40.809 13053 13053 I libnfc_nci: [INFO:SecureElement.cpp(1487)] SecureElement::getEseHandleFromGenericId: enter; ESE-ID = 0x7F
08-06 21:41:40.809 13053 13053 I libnfc_nci: [INFO:SecureElement.cpp(1528)] SecureElement::getEseHandleFromGenericId: enter; ESE-Handle = 0x410
08-06 21:41:40.816  2474 15979 W ParceledListSlice: Element #273 is 21068 bytes.
08-06 21:41:40.816  2474 15979 W ParceledListSlice: Element #274 is 21048 bytes.
08-06 21:41:40.816  2474 15979 W ParceledListSlice: Element #275 is 21056 bytes.
08-06 21:41:40.816  2474 15979 W ParceledListSlice: Element #276 is 21036 bytes.
08-06 21:41:40.816  2474 15979 W ParceledListSlice: Element #277 is 21084 bytes.
08-06 21:41:40.816  2474 15979 W ParceledListSlice: Overly large reply size: 84248
08-06 21:41:40.817  2474 15979 W ParceledListSlice: Element #278 is 21084 bytes.
08-06 21:41:40.817  2474 15979 W ParceledListSlice: Element #279 is 21096 bytes.
08-06 21:41:40.817  2474 15979 W ParceledListSlice: Element #280 is 21084 bytes.
08-06 21:41:40.817  2474 15979 W ParceledListSlice: Element #281 is 21084 bytes.
08-06 21:41:40.817  2474 15979 W ParceledListSlice: Overly large reply size: 84372
08-06 21:41:40.817  2474 15979 W ParceledListSlice: Element #282 is 21104 bytes.
08-06 21:41:40.817  2474 15979 W ParceledListSlice: Element #283 is 21092 bytes.
08-06 21:41:40.817  2474 15979 W ParceledListSlice: Element #284 is 21080 bytes.
08-06 21:41:40.818 13053 13053 I libnfc_nci: [INFO:SecureElement.cpp(1487)] SecureElement::getEseHandleFromGenericId: enter; ESE-ID = 0x00
08-06 21:41:40.819 13053 13053 I libnfc_nci: [INFO:SecureElement.cpp(1528)] SecureElement::getEseHandleFromGenericId: enter; ESE-Handle = 0x400
08-06 21:41:40.820  7800  2088 I SecureElement-Terminal-eSE1: isSecureElementPresent()
08-06 21:41:40.820  1774  1774 I android.hardware.secure_element-service.qti: isCardPresent
08-06 21:41:40.820  1774  1774 I android.hardware.secure_element-service.qti: isCardPresent exit, cardPresent: 1
08-06 21:41:40.821  7800  2088 I SecureElement-Terminal-SIM1: isSecureElementPresent()
08-06 21:41:40.822  7800  2088 I SecureElement-Terminal-SIM1: isNfcEventAllowed: No access rules for checking.
08-06 21:41:40.822  7800  2088 I SecureElement-Terminal-SIM2: isSecureElementPresent()
08-06 21:41:40.828 13430 14002 I RuntimePermissionManager: isRuntimeRequestSupport: true
08-06 21:41:40.828 13430 14002 I InstalledPackagesMemoryCache: getInstallPermissionGranted=true
08-06 21:41:40.890  2474  2664 W EnhancedConfirmationService: The packageName should not be null.
08-06 21:41:40.891  2474  2664 W MagnificationConnectionManager: requestConnection duplicated request: connect=false, mConnectionState=DISCONNECTED
08-06 21:41:40.891  3086  3086 I adbd    : in ShellService: getprop ro.sf.lcd_density
08-06 21:41:40.953  3050  4560 I libsensor-boledalgo: dbv:434,lux:100.9,cct:4099.6,hsv:-1.0,dc:0CWB R:124446.6,G:103074.6,B:68580.8Event C:9952.3,R:5869.4,G:3127.0,B:1507.3Cali C:4148.7,R:2606.1,G:1182.0,B:625.1 
08-06 21:41:40.954  3050  4560 I libsensor-boledalgo: dbv:434,lux:103.6,cct:4164.9,hsv:-1.0,dc:0CWB R:124446.6,G:103074.6,B:68580.8Event C:10175.9,R:6003.4,G:3194.1,B:1556.0Cali C:4148.7,R:2606.1,G:1182.0,B:625.1 
08-06 21:41:40.954  3050  4560 I libsensor-boledalgo: ##### the value of lux: 100.001801, cct: 4240.000000
08-06 21:41:40.954  3050  4560 I libsensor-qshcalapi: value of set_lux: 100.001801, set r: 4240.000000
08-06 21:41:40.959  3086  3086 I adbd    : in ShellService: input keyevent MENU
08-06 21:41:41.008  2474 15979 W MIUIInput: Input event injection from package: null action ACTION_DOWN keycode 82
08-06 21:41:41.008  2474 15979 W MiuiInputKeyEventLog: keyCode:82 down:true eventTime:25150145 downTime:25150145 policyFlags:2b000000 flags:0 metaState:0 deviceId:-1 isScreenOn:true keyguardActive:false repeatCount:0
08-06 21:41:41.010  2036  2036 E DisplayModeController: setDesiredMode : Idle status skip setActiveMode, isDdicIdleMode: 1
08-06 21:41:41.010  2474  4371 I InputFeature: supportXiaomiHyperXiaoAi is true
08-06 21:41:41.011  2474  4371 I InputFeature: supportXiaomiHyperXiaoAiScreenRecognition support
08-06 21:41:41.011  2474  4371 I InputFeature: supportBlockCombinationKey com.miui.home version: 3
08-06 21:41:41.011  2474  4371 I MiuiInputKeyEventLog: is show menu
08-06 21:41:41.011  2474  4371 I MIUIInput: [KeyEvent] publisher action:0x0,  keyCode:82 , deviceId=-1, 25150145,channel '69ed7d6 com.android.vending/com.google.android.finsky.activities.MainActivity (server)' 
08-06 21:41:41.013 11354 11354 I MIUIInput: [KeyEvent] ViewRootImpl windowName 'com.android.vending/com.google.android.finsky.activities.MainActivity', KeyEvent { action=ACTION_DOWN, keyCode=KEYCODE_MENU, scanCode=0, metaState=0, flags=0x0, repeatCount=0, eventTime=25150145000000, downTime=25150145000000, deviceId=-1, source=0x0, displayId=-1 }, phoneEventTime=21:41:41.008
08-06 21:41:41.013  1843  2428 I SDM     : HWCDisplay::SetActiveConfigWithConstraints: display:66-0, config: 3, WxH 1200x2670, fps 120
08-06 21:41:41.014  1843  2428 W SDM     : HWDeviceDRM::GetSupportedBitClkRate: Requested rate not supported: 1150000000
08-06 21:41:41.014  1843  2428 I SDM     : HWDeviceDRM::UpdateMixerAttributes: Mixer WxH 1200x2670-1 for Peripheral
08-06 21:41:41.014  1843  2428 I SDM     : HWCDisplay::SubmitDisplayConfig: Active configuration changed from config 1 to 3
08-06 21:41:41.014  1843  2428 I SDM     : HWCDisplay::SubmitDisplayConfig: Active WxH 1200x2670 ,ddic_mode:auto, timing_fps: 120, sf_fps: 120
08-06 21:41:41.015  1843  3496 I vendor.qti.hardware.display.composer-service: Sensor: notify citsensorservice to trigger cwb, misForced = 0
08-06 21:41:41.015  3050  4554 I libsensor-parseRGB: request dump start for mRequestDisplayId 0
08-06 21:41:41.019  2474 15979 W MIUIInput: Input event injection from package: null action ACTION_UP keycode 82
08-06 21:41:41.019  2474 15979 W MiuiInputKeyEventLog: keyCode:82 down:false eventTime:25150156 downTime:25150145 policyFlags:2b000000 flags:0 metaState:0 deviceId:-1 isScreenOn:true keyguardActive:false repeatCount:0
08-06 21:41:41.020  2474  4371 I InputFeature: supportXiaomiHyperXiaoAi is true
08-06 21:41:41.020  2474  4371 I InputFeature: supportXiaomiHyperXiaoAiScreenRecognition support
08-06 21:41:41.020  2474  4371 I InputFeature: supportBlockCombinationKey com.miui.home version: 3
08-06 21:41:41.020  2474  4371 I MiuiInputKeyEventLog: is show menu
08-06 21:41:41.021  2474  4371 I MIUIInput: [KeyEvent] publisher action:0x1,  keyCode:82 , deviceId=-1, 25150156,channel '69ed7d6 com.android.vending/com.google.android.finsky.activities.MainActivity (server)' 
08-06 21:41:41.021 11354 11354 I MIUIInput: [KeyEvent] ViewRootImpl windowName 'com.android.vending/com.google.android.finsky.activities.MainActivity', KeyEvent { action=ACTION_UP, keyCode=KEYCODE_MENU, scanCode=0, metaState=0, flags=0x0, repeatCount=0, eventTime=25150156000000, downTime=25150145000000, deviceId=-1, source=0x0, displayId=-1 }, phoneEventTime=21:41:41.019
08-06 21:41:41.035 11354 11354 I AbsListViewStubImpl: com.android.vending, version: 40.1.20-23 [0] [PR] 614033715, Enable Prefetch: false
08-06 21:41:41.043  3050 25119 E libsensor-parseRGB: CWB NotifyCWBBufferDone  error 0
08-06 21:41:41.085  3086  3086 I adbd    : in ShellService: input keyevent BACK
08-06 21:41:41.099  1843  2051 I SDM     : DisplayBase::CommitThread: Received idle timeout, panel: cmd, timeout: 70000 us
08-06 21:41:41.127  1843  2428 I SDM     : HWCDisplay::SetActiveConfigWithConstraints: display:66-0, config: 1, WxH 1200x2670, fps 120
08-06 21:41:41.128  1843  2428 W SDM     : HWDeviceDRM::GetSupportedBitClkRate: Requested rate not supported: 1150000000
08-06 21:41:41.128  1843  2428 I SDM     : HWDeviceDRM::UpdateMixerAttributes: Mixer WxH 1200x2670-1 for Peripheral
08-06 21:41:41.128  1843  2428 I SDM     : HWCDisplay::SubmitDisplayConfig: Active configuration changed from config 3 to 1
08-06 21:41:41.128  1843  2428 I SDM     : HWCDisplay::SubmitDisplayConfig: Active WxH 1200x2670 ,ddic_mode:idle, timing_fps: 120, sf_fps: 120
08-06 21:41:41.130  2474 15979 W MIUIInput: Input event injection from package: null action ACTION_DOWN keycode 4
08-06 21:41:41.130  2474 15979 W MiuiInputKeyEventLog: keyCode:4 down:true eventTime:25150268 downTime:25150268 policyFlags:2b000000 flags:0 metaState:0 deviceId:-1 isScreenOn:true keyguardActive:false repeatCount:0
08-06 21:41:41.131  2474  2680 W ActivityManagerServiceImpl: Sending non-protected broadcast miui.intent.KEYCODE_BACK from system 2474:system/1000 pkg android. Callers=com.android.server.am.ActivityManagerService.checkBroadcastFromSystem:16255 com.android.server.am.ActivityManagerService.broadcastIntentLockedTraced:17126 com.android.server.am.ActivityManagerService.broadcastIntentLocked:16315 com.android.server.am.ActivityManagerService.broadcastIntentWithFeature:17337 android.app.ContextImpl.sendBroadcastAsUser:1495 
08-06 21:41:41.132  2474  4371 I MIUIInput: [KeyEvent] publisher action:0x0,  keyCode:4 , deviceId=-1, 25150268,channel '69ed7d6 com.android.vending/com.google.android.finsky.activities.MainActivity (server)' 
08-06 21:41:41.133 11354 11354 I MIUIInput: [KeyEvent] ViewRootImpl windowName 'com.android.vending/com.google.android.finsky.activities.MainActivity', KeyEvent { action=ACTION_DOWN, keyCode=KEYCODE_BACK, scanCode=0, metaState=0, flags=0x0, repeatCount=0, eventTime=25150268000000, downTime=25150268000000, deviceId=-1, source=0x0, displayId=-1 }, phoneEventTime=21:41:41.130
08-06 21:41:41.133 11354 11354 I MIUIInput: OnBackInvokedCallback is enabled, drop Back Key Event
08-06 21:41:41.134  2474 15979 W MIUIInput: Input event injection from package: null action ACTION_UP keycode 4
08-06 21:41:41.134  2474 15979 W MiuiInputKeyEventLog: keyCode:4 down:false eventTime:25150271 downTime:25150268 policyFlags:2b000000 flags:0 metaState:0 deviceId:-1 isScreenOn:true keyguardActive:false repeatCount:0
08-06 21:41:41.135  2474  2680 W ActivityManagerServiceImpl: Sending non-protected broadcast miui.intent.KEYCODE_BACK from system 2474:system/1000 pkg android. Callers=com.android.server.am.ActivityManagerService.checkBroadcastFromSystem:16255 com.android.server.am.ActivityManagerService.broadcastIntentLockedTraced:17126 com.android.server.am.ActivityManagerService.broadcastIntentLocked:16315 com.android.server.am.ActivityManagerService.broadcastIntentWithFeature:17337 android.app.ContextImpl.sendBroadcastAsUser:1495 
08-06 21:41:41.135  1843  2428 I SDM     : HWCDisplay::SetActiveConfigWithConstraints: display:66-0, config: 3, WxH 1200x2670, fps 120
08-06 21:41:41.135  2474  4371 I MIUIInput: [KeyEvent] publisher action:0x1,  keyCode:4 , deviceId=-1, 25150271,channel '69ed7d6 com.android.vending/com.google.android.finsky.activities.MainActivity (server)' 
08-06 21:41:41.135  1843  2428 W SDM     : HWDeviceDRM::GetSupportedBitClkRate: Requested rate not supported: 1150000000
08-06 21:41:41.135  1843  2428 I SDM     : HWDeviceDRM::UpdateMixerAttributes: Mixer WxH 1200x2670-1 for Peripheral
08-06 21:41:41.135  1843  2428 I SDM     : HWCDisplay::SubmitDisplayConfig: Active configuration changed from config 1 to 3
08-06 21:41:41.135  1843  2428 I SDM     : HWCDisplay::SubmitDisplayConfig: Active WxH 1200x2670 ,ddic_mode:auto, timing_fps: 120, sf_fps: 120
08-06 21:41:41.135 11354 11354 I MIUIInput: [KeyEvent] ViewRootImpl windowName 'com.android.vending/com.google.android.finsky.activities.MainActivity', KeyEvent { action=ACTION_UP, keyCode=KEYCODE_BACK, scanCode=0, metaState=0, flags=0x0, repeatCount=0, eventTime=25150271000000, downTime=25150268000000, deviceId=-1, source=0x0, displayId=-1 }, phoneEventTime=21:41:41.133
08-06 21:41:41.135 11354 11354 I MIUIInput: OnBackInvokedCallback is enabled, drop Back Key Event
08-06 21:41:41.140  2474 15979 E ActivityTaskManager: Unable to get servicetracker HAL instance
08-06 21:41:41.142  7890  8057 I SoScStageCoordinator: Transition requested:TransitionRequestInfo { type = CLOSE, triggerTask = TaskInfo{userId=0 taskId=257 displayId=0 isRunning=false baseIntent=Intent { act=android.intent.action.VIEW dat=https://play.google.com/... flg=0x10000000 pkg=com.android.vending cmp=com.android.vending/com.google.android.finsky.activities.MainActivity } baseActivity=null topActivity=null origActivity=null realActivity=ComponentInfo{com.android.vending/com.google.android.finsky.activities.MainActivity} numActivities=0 lastActiveTime=412262814 supportsSplitScreenMultiWindow=true supportsMultiWindow=true resizeMode=1 isResizeable=true minWidth=-1 minHeight=-1 defaultMinSize=200 token=WCT{android.window.IWindowContainerToken$Stub$Proxy@e9c8fc0} topActivityType=1 pictureInPictureParams=null shouldDockBigOverlays=false launchIntoPipHostTaskId=-1 lastParentTaskIdBeforePip=-1 displayCutoutSafeInsets=Rect(0, 116 - 0, 0) topActivityInfo=null launchCookies=[] positionInParent=Point(0, 0) parentTaskId=-1 isFocused=true isVisible=true isVisibleRequested=true isSleeping=false locusId=null displayAreaFeatureId=1 isTopActivityTransparent=false appCompatTaskInfo=AppCompatTaskInfo { topActivityInSizeCompat=false topActivityInMiuiSizeCompat=false topActivityEligibleForLetterboxEducation= falseisLetterboxEducationEnabled= false isLetterboxDoubleTapEnabled= false topActivityEligibleForUserAspectRatioButton= false topActivityBoundsLetterboxed= false isFromLetterboxDoubleTap= false topActivityLetterboxVerticalPosition= -1 topActivityLetterboxHorizontalPosition= -1 topActivityLetterboxWidth=-1 topActivityLetterboxHeight=-1 isUserFullscreenOverrideEnabled=false isSystemFullscreenOverrideEnabled=false cameraCompatTaskInfo=CameraCompatTaskInfo { cameraCompatControlState=hidden freeformCameraCompatMode=inactive}} isImmersive=false mTopActivityRequestOrientation=-2 mBehindAppLockPkg=null mOriginatingUid=0 isEmbedded=false shouldBeVisible=false isCreatedByOrganizer=false mIsCastMode=false mTopActivityMediaSize=null mTopActivityRecordName=null mTopActivityOrientation=-2}, pipTask = null, remoteTransition = null, displayChange = null, flags = 0, debugId = 383 } isSoScActive:false triggerTask:TaskInfo{userId=0 taskId=257 displayId=0 isRunning=false baseIntent=Intent { act=android.intent.action.VIEW dat=https://play.google.com/... flg=0x10000000 pkg=com.android.vending cmp=com.android.vending/com.google.android.finsky.activities.MainActivity } baseActivity=null topActivity=null origActivity=null realActivity=ComponentInfo{com.android.vending/com.google.android.finsky.activities.MainActivity} numActivities=0 lastActiveTime=412262814 supportsSplitScreenMultiWindow=true supportsMultiWindow=true resizeMode=1 isResizeable=true minWidth=-1 minHeight=-1 defaultMinSize=200 token=WCT{android.window.IWindowContainerToken$Stub$Proxy@e9c8fc0} topActivityType=1 pictureInPictureParams=null shouldDockBigOverlays=false launchIntoPipHostTaskId=-1 lastParentTaskIdBeforePip=-1 displayCutoutSafeInsets=Rect(0, 116 - 0, 0) topActivityInfo=null launchCookies=[] positionInParent=Point(0, 0) parentTaskId=-1 isFocused=true isVisible=true isVisibleRequested=true isSleeping=false locusId=null displayAreaFeatureId=1 isTopActivityTransparent=false appCompatTaskInfo=AppCompatTaskInfo { topActivityInSizeCompat=false topActivityInMiuiSizeCompat=false topActivityEligibleForLetterboxEducation= falseisLetterboxEducationEnabled= false isLetterboxDoubleTapEnabled= false topActivityEligibleForUserAspectRatioButton= false topActivityBoundsLetterboxed= false isFromLetterboxDoubleTap= false topActivityLetterboxVerticalPosition= -1 topActivityLetterboxHorizontalPosition= -1 topActivityLetterboxWidth=-1 topActivityLetterboxHeight=-1 isUserFullscreenOverrideEnabled=false isSystemFullscreenOverrideEnabled=false cameraCompatTaskInfo=CameraCompatTaskInfo { cameraCompatControlState=hidden freeformCameraCompatMode=inactive}} isImmersive=false mTopActivityRequestOrientation=-2 mBehindAppLockPkg=null mOriginatingUid=0 isEmbedded=false shouldBeVisible=false isCreatedByOrganizer=false
08-06 21:41:41.143 11354  7591 I ContentCatcher: SettingTrigger : unregister status observer com.google.android.finsky.activities.MainActivity
08-06 21:41:41.144  2474  7384 I DisplayModeDirectorImpl: setSmartDisplayUpRefreshRatePolicy [0.0,120.0]
08-06 21:41:41.144  2474  4291 E ActivityTaskManager: Unable to get servicetracker HAL instance
08-06 21:41:41.144  2474  4291 E ActivityTaskManager: Unable to get servicetracker HAL instance
08-06 21:41:41.144  2474  4291 E ActivityTaskManager: Unable to get servicetracker HAL instance
08-06 21:41:41.144  2036  2036 I RefreshRateSelector: Display 4630947082089526659 policy changed
08-06 21:41:41.144  2036  2036 I RefreshRateSelector: Previous: {defaultModeId=0, allowGroupSwitching=false, primaryRanges={physical=[0.00 Hz, 120.00 Hz], render=[0.00 Hz, 120.00 Hz]}, appRequestRanges={physical=[0.00 Hz, 120.00 Hz], render=[0.00 Hz, 120.00 Hz]} idleScreenConfig=nullptr}
08-06 21:41:41.144  2036  2036 I RefreshRateSelector: Current:  DisplayManagerPolicy{defaultModeId=0, allowGroupSwitching=false, primaryRanges={physical=[0.00 Hz, inf Hz], render=[0.00 Hz, 120.00 Hz]}, appRequestRanges={physical=[0.00 Hz, inf Hz], render=[0.00 Hz, 120.00 Hz]} idleScreenConfig=nullptr}
08-06 21:41:41.144  2036  2036 I RefreshRateSelector: 24 mode changes were performed under the previous policy
08-06 21:41:41.145  2474  7384 I DisplayModeDirectorImpl: onDesiredDisplayModeSpecsChanged:baseModeId=0 allowGroupSwitching=false primary=physical: (0.0 Infinity) render:  (0.0 120.0) appRequest=physical: (0.0 Infinity) render:  (0.0 120.0) idleScreenRefreshRateConfig=null noVotes=true
08-06 21:41:41.146  1850  1933 E ANDR-PERF-UTIL: ANDR-PERF-UTIL: save_node_val() 366: Failed to read /sys/class/mmc_host/mmc0/clk_scaling/enable
08-06 21:41:41.146  1850  1933 E ANDR-PERF-OPTSHANDLER: ANDR-PERF-OPTSHANDLER: modify_sysfsnode() 1266: Failed to read /sys/class/mmc_host/mmc0/clk_scaling/enable
08-06 21:41:41.146  1850  1933 E ANDR-PERF-RESOURCEQS: ANDR-PERF-RESOURCEQS: AddAndApply() 167: Failed to apply optimization [11, 4]
08-06 21:41:41.146  7890  7890 I FocusedNotifPromptContr: onTopActivityMayChanged: isSupportPip false, isFocus false
08-06 21:41:41.146  7890  7890 I FocusedNotifPromptContr: onTopActivityMayChanged: topActivity=com.miui.home
08-06 21:41:41.146  7890  7890 I PromptViewAnimState: topActivityMayChanged: topActivity=com.android.vending --> com.miui.home
08-06 21:41:41.146  2474  4291 E WindowManager: setClientVisible ActivityRecord{a1e1103 u0 com.miui.home/.launcher.Launcher t2} true
08-06 21:41:41.147  2474  4291 E ActivityTaskManager: Unable to get servicetracker HAL instance
08-06 21:41:41.147  7458  8328 W MiBridge: Permission not granted !!
08-06 21:41:41.148  2474  4291 I MultiSenceManagerInternalStub: getInstance
08-06 21:41:41.151  7823  7981 I DynamicDDSService: handleMessage(ACTIVITY_INVOKE{appInfo=com.miui.home isFullScreen=}true)
08-06 21:41:41.151  2036  2036 I BpBinder: onLastStrongRef automatically unlinking death recipients: 
08-06 21:41:41.152  2474  4291 E WindowManager: setClientVisible WallpaperWindowToken{cfaaaf0 token=android.os.Binder@db76733} false
08-06 21:41:41.152  3050  4560 I libsensor-boledalgo: dbv:434,lux:111.8,cct:4161.4,hsv:-1.0,dc:0CWB R:124446.6,G:103074.6,B:68580.8Event C:10634.0,R:6263.5,G:3357.9,B:1629.4Cali C:4148.7,R:2606.1,G:1182.0,B:625.1 
08-06 21:41:41.152  3050  4560 I libsensor-boledalgo: ##### the value of lux: 100.001801, cct: 4130.000000
08-06 21:41:41.152  3050  4560 I libsensor-qshcalapi: value of set_lux: 100.001801, set r: 4130.000000
08-06 21:41:41.154  7890  8057 I MultiTaskingTaskRepository: no MULTI_WINDOW, but base activity is null
08-06 21:41:41.154  2474  4291 I BLASTSyncEngine: SyncGroup 383:  Unfinished container:ActivityRecord{a1e1103 u0 com.miui.home/.launcher.Launcher t2}
08-06 21:41:41.154  2474  4291 I BLASTSyncEngine: isActivitySyncFinished isSyncFinished false ActivityRecord{a1e1103 u0 com.miui.home/.launcher.Launcher t2}
08-06 21:41:41.155  7890  8057 I MultiTaskingTaskRepository: needSkip: is home task
08-06 21:41:41.155  2474  2655 I WindowManager: wms.showSurfaceRobustly mWin:Window{88f35b3 u0 com.miui.miwallpaper.wallpaperservice.ImageWallpaper}
08-06 21:41:41.155  7458  7458 W Settings: Setting device_provisioned has moved from android.provider.Settings.Secure to android.provider.Settings.Global.
08-06 21:41:41.156  7458  7458 E Launcher.application: setClickAppWaitForCallback = false
08-06 21:41:41.156  2474  7367 I AudioGameEffect: foreground change to com.miui.home, last foreground is com.android.vending
08-06 21:41:41.156  7458  7458 I Launcher: changeMIUIWidgetEditMode false
08-06 21:41:41.157  2474  8358 I SmartPower: com.miui.newhome:launcher/10296(1447): background->visible(1382ms) R(become visible) adj=100.
08-06 21:41:41.158  7458  8328 W RecentsModel: getRunningTask   taskInfo=TaskInfo{userId=0 taskId=282 displayId=0 isRunning=true baseIntent=Intent { act=android.intent.action.MAIN cat=[android.intent.category.LAUNCHER] flg=0x10200000 cmp=com.android.settings/.MainSettings } baseActivity=ComponentInfo{com.android.settings/com.android.settings.MiuiSettings} topActivity=ComponentInfo{com.android.settings/com.android.settings.SubSettings} origActivity=ComponentInfo{com.android.settings/com.android.settings.MainSettings} realActivity=ComponentInfo{com.android.settings/com.android.settings.MiuiSettings} numActivities=2 lastActiveTime=411883128 supportsSplitScreenMultiWindow=true supportsMultiWindow=true resizeMode=1 isResizeable=true minWidth=-1 minHeight=-1 defaultMinSize=200 token=WCT{android.window.IWindowContainerToken$Stub$Proxy@9fbae02} topActivityType=1 pictureInPictureParams=null shouldDockBigOverlays=false launchIntoPipHostTaskId=-1 lastParentTaskIdBeforePip=-1 displayCutoutSafeInsets=Rect(0, 116 - 0, 0) topActivityInfo=ActivityInfo{6b9e313 com.android.settings.SubSettings} launchCookies=[] positionInParent=Point(0, 0) parentTaskId=-1 isFocused=false isVisible=false isVisibleRequested=false isSleeping=false locusId=null displayAreaFeatureId=1 isTopActivityTransparent=false appCompatTaskInfo=AppCompatTaskInfo { topActivityInSizeCompat=false topActivityInMiuiSizeCompat=false topActivityEligibleForLetterboxEducation= falseisLetterboxEducationEnabled= false isLetterboxDoubleTapEnabled= false topActivityEligibleForUserAspectRatioButton= false topActivityBoundsLetterboxed= false isFromLetterboxDoubleTap= false topActivityLetterboxVerticalPosition= -1 topActivityLetterboxHorizontalPosition= -1 topActivityLetterboxWidth=1200 topActivityLetterboxHeight=2670 isUserFullscreenOverrideEnabled=false isSystemFullscreenOverrideEnabled=false cameraCompatTaskInfo=CameraCompatTaskInfo { cameraCompatControlState=hidden freeformCameraCompatMode=inactive}} isImmersive=false mTopActivityRequestOrientation=-2 mBehindAppLockPkg=null mOriginatingUid=0 isEmbedded=false shouldBeVisible=false isCreatedByOrganizer=false mIsCastMode=false mTopActivityMediaSize=null mTopActivityRecordName=ActivityRecord{1dba2b4 u0 com.android.settings/.SubSettings t282} mTopActivityOrientation=-2}
08-06 21:41:41.158  7458  8328 E ActivityManagerWrapper: get all recent tasks force including 282
08-06 21:41:41.159  2474  8358 I BLASTSyncEngine: SyncGroup 383:  Unfinished container:ActivityRecord{a1e1103 u0 com.miui.home/.launcher.Launcher t2}
08-06 21:41:41.159  2474  8358 I BLASTSyncEngine: isActivitySyncFinished isSyncFinished false ActivityRecord{a1e1103 u0 com.miui.home/.launcher.Launcher t2}
08-06 21:41:41.159  2474  7367 I NetworkBoostStatusManager: onForegroundInfoChanged uid:10138, isColdStart:false
08-06 21:41:41.159  2474  7367 I SLM-SRV-SLAToast: foreground uid:10138, isColdStart:false, isLinkTurboEnable:false
08-06 21:41:41.159 15896 15937 I AICall_MemoryTrim: binder:15896_2 onAppBackground()
08-06 21:41:41.161 15678 20471 I GST     : forePkg: com.miui.home, preForePkg: com.android.vending
08-06 21:41:41.161  1447  1447 W libc    : Access denied finding property "vendor.gpp.create_frc_extension"
08-06 21:41:41.161 13710 18386 W MIUISafety-Monitor: screen share ensure fg = com.miui.home protect = false
08-06 21:41:41.161  2474  3106 I BLASTSyncEngine: SyncGroup 383:  Unfinished container:ActivityRecord{a1e1103 u0 com.miui.home/.launcher.Launcher t2}
08-06 21:41:41.161  2474  3106 I BLASTSyncEngine: isActivitySyncFinished isSyncFinished false ActivityRecord{a1e1103 u0 com.miui.home/.launcher.Launcher t2}
08-06 21:41:41.163  2474  3106 I MultiSenceManagerInternalStub: getInstance
08-06 21:41:41.163 13710 18386 I ProcessMonitor: onForegroundInfoChanged: ForegroundInfo{mForegroundPackageName='com.miui.home', mForegroundUid=10138, mForegroundPid=7458, mLastForegroundPackageName='com.android.vending', mLastForegroundUid=10124, mLastForegroundPid=11354, mMultiWindowForegroundPackageName='com.miui.home', mMultiWindowForegroundUid=10138, mFlags=0}
08-06 21:41:41.164  2474  4291 I SmartPower: com.miui.personalassistant/10135(13430): background->visible(1392ms) R(become visible) adj=100.
08-06 21:41:41.164  7458  7458 W libc    : Access denied finding property "vendor.gpp.create_frc_extension"
08-06 21:41:41.164  7458  7458 W libc    : Access denied finding property "vendor.gpp.create_frc_extension"
08-06 21:41:41.165 13710 18386 I GameBoosterService: onForegroundInfoChanged: Cur=com.miui.home	 last=com.android.vending
08-06 21:41:41.165  2474  4291 E WindowManager: setClientVisible WallpaperWindowToken{cfaaaf0 token=android.os.Binder@db76733} true
08-06 21:41:41.165 13710 18386 I VideoBoxUtils: isSupportVideoBox: true
08-06 21:41:41.165 13710 18386 I VideoToolBoxService: vtb is closed!!!
08-06 21:41:41.165  2474  4291 I BLASTSyncEngine: SyncGroup 383:  Unfinished container:ActivityRecord{a1e1103 u0 com.miui.home/.launcher.Launcher t2}
08-06 21:41:41.165  2474  4291 I BLASTSyncEngine: isActivitySyncFinished isSyncFinished false ActivityRecord{a1e1103 u0 com.miui.home/.launcher.Launcher t2}
08-06 21:41:41.166 13710 18386 I AppPredictService: difTIme = 62639
08-06 21:41:41.166 13710 15593 E SuggestManager: openApp name = com.miui.home
08-06 21:41:41.166 13710 15593 I NewAutoTaskManager: app use - delay = 9223372036854775807, doRemove = false, doPost = false
08-06 21:41:41.166  2474  4291 I BLASTSyncEngine: SyncGroup 383:  Unfinished container:ActivityRecord{a1e1103 u0 com.miui.home/.launcher.Launcher t2}
08-06 21:41:41.166  2474  4291 I BLASTSyncEngine: isActivitySyncFinished isSyncFinished false ActivityRecord{a1e1103 u0 com.miui.home/.launcher.Launcher t2}
08-06 21:41:41.166  7497  7497 I MiuiWallpaper-ImageWallpaper: onVisibilityChanged, visible = true, ret=true
08-06 21:41:41.167  7497 12710 W HWUI    : Surface doesn't have any previously queued frames, nothing to readback from
08-06 21:41:41.167  2474  2655 I BLASTSyncEngine: SyncGroup 383:  Unfinished container:ActivityRecord{a1e1103 u0 com.miui.home/.launcher.Launcher t2}
08-06 21:41:41.167  2474  2655 I BLASTSyncEngine: isActivitySyncFinished isSyncFinished false ActivityRecord{a1e1103 u0 com.miui.home/.launcher.Launcher t2}
08-06 21:41:41.167 13710 18386 I BeautyService: onForegroundInfoChanged: Cur=com.miui.home	 last=com.android.vending
08-06 21:41:41.167  1447  1562 E LB      : fail to open file: Permission denied
08-06 21:41:41.168 13430 13430 W libc    : Access denied finding property "vendor.gpp.create_frc_extension"
08-06 21:41:41.168  2036  2036 E PassBlur: PassBlur.construct com.miui.home/com.miui.home.launcher.Launcher#5049
08-06 21:41:41.168  2036  2036 W libc    : Access denied finding property "vendor.gpp.create_frc_extension"
08-06 21:41:41.164  1447  1447 W RenderThread: type=1400 audit(0.0:25994): avc:  denied  { search } for  name="migt" dev="dm-78" ino=1630 scontext=u:r:platform_app:s0:c512,c768 tcontext=u:object_r:migt_file:s0 tclass=dir permissive=0 app=com.miui.newhome
08-06 21:41:41.170  2474  2655 I BLASTSyncEngine: SyncGroup 383:  Unfinished container:ActivityRecord{a1e1103 u0 com.miui.home/.launcher.Launcher t2}
08-06 21:41:41.170  2474  2655 I BLASTSyncEngine: isActivitySyncFinished isSyncFinished false ActivityRecord{a1e1103 u0 com.miui.home/.launcher.Launcher t2}
08-06 21:41:41.172  7458  8328 E ActivityManagerWrapper: getRecentTasksForceIncludingTaskIdIfValid: getRecentTasks: size=3
08-06 21:41:41.172  7458  8328 E ActivityManagerWrapper:  mainTaskId=257   userId=0   windowMode=1   baseIntent=Intent { act=android.intent.action.VIEW flag=268435456 cmp=ComponentInfo{com.android.vending/com.google.android.finsky.activities.MainActivity} }
08-06 21:41:41.172  7458  8328 E ActivityManagerWrapper:  mainTaskId=282   userId=0   windowMode=1   baseIntent=Intent { act=android.intent.action.MAIN flag=270532608 cmp=ComponentInfo{com.android.settings/com.android.settings.MainSettings} }
08-06 21:41:41.172  7458  8328 E ActivityManagerWrapper:  mainTaskId=254   userId=0   windowMode=1   baseIntent=Intent { act=android.intent.action.MAIN flag=270532608 cmp=ComponentInfo{com.getsurfboard/com.getsurfboard.ui.activity.MainActivity} }
08-06 21:41:41.173 13430 17949 I travelService_ActivityObserverUtils: activityResumed ComponentInfo{com.miui.home/com.miui.home.launcher.Launcher}
08-06 21:41:41.173 22445  9823 I VA_ActivityStateHelper: activityResumed componentName ComponentInfo{com.miui.home/com.miui.home.launcher.Launcher}
08-06 21:41:41.173 13430 17949 I travelService_TopActivityMonitor: appUmeInfoListFromServer is null
08-06 21:41:41.173 13430 17949 I travelService_TopActivityMonitor: user change app but last app packageName out of ume range
08-06 21:41:41.173 13430 17949 I travelService_TopActivityMonitor: appInfoListFromServer is null
08-06 21:41:41.173 13430 17949 I travelService_TopActivityMonitor: user change app but last app packageName out of crgt range
08-06 21:41:41.173 22445  9823 I VA_ActivityStateHelper: activityResumed mAiSkillPush is false
08-06 21:41:41.173 13899 16399 I AIRC_CounterTrack: collect: signal-TopActivityPerception
08-06 21:41:41.173 13430 13459 I ActivityObserverUtil: activityResumed ComponentInfo{com.miui.home/com.miui.home.launcher.Launcher}
08-06 21:41:41.173 13899 16399 I MMKV    : <MMKV.cpp:1170::sync> MMKV::sync, SyncFlag = 1
08-06 21:41:41.173 13430 13459 I TopActivityMonitor: send TopActivityChangeEvent=TopActivityChangeEvent(prev=ComponentInfo{com.android.vending/com.google.android.finsky.activities.MainActivity}, current=ComponentInfo{com.miui.home/com.miui.home.launcher.Launcher},appChanged=true)
08-06 21:41:41.175  2474  2652 I Location.SSRU: foregroundActivities IS trueUID ID 10138, home is true
08-06 21:41:41.172 13430 13430 W RenderThread: type=1400 audit(0.0:25995): avc:  denied  { getattr } for  path="/sys/module/metis/parameters/minor_window_app" dev="sysfs" ino=74686 scontext=u:r:untrusted_app:s0:c512,c768 tcontext=u:object_r:sysfs_migt:s0 tclass=file permissive=0 app=com.miui.personalassistant
08-06 21:41:41.178 13430 13430 I LauncherOverlayCallback: handleMessage WHAT_LAUNCHER_STATE what1
08-06 21:41:41.178 13430 13430 I LauncherOverlayCallback: handleMessage WHAT_ACTIVITY_STATE_CHANGED what3
08-06 21:41:41.178 13430 13430 I LauncherOverlayCallback: handleMessage WHAT_LAUNCHER_STATE what3
08-06 21:41:41.179  2474  7257 I MiuiNetworkPolicy: updateUidState uid = 10296, uidState = 3
08-06 21:41:41.180  7458  7458 I Launcher.widget: onInvisible 
08-06 21:41:41.180  7458  7458 I Launcher.widget: onInvisible 
08-06 21:41:41.181  2474  2655 I AnimInterruptController: FIS reset Foresee interrupt status
08-06 21:41:41.181  2474  7257 I MiuiNetworkPolicyTrafficLimit: updateWhiteListUidForMobileTraffic uid=10296,add=true
08-06 21:41:41.181  2474  7257 I MiuiNetworkPolicy: updateUidState uid = 10189, uidState = 3
08-06 21:41:41.181  2474  2655 E WindowManager: setClientVisible ActivityRecord{a1e1103 u0 com.miui.home/.launcher.Launcher t2} true
08-06 21:41:41.181  2474  2655 I WindowManager: wms.showSurfaceRobustly mWin:Window{10e77d4 u0 LauncherOverlayWindow:com.miui.newhome}
08-06 21:41:41.181  2474  2655 I WindowManager: wms.showSurfaceRobustly mWin:Window{79e08af u0 com.miui.home/com.miui.home.launcher.Launcher}
08-06 21:41:41.181  2474  2655 I Transition: forceAddToTransition ActivityRecord{a1e1103 u0 com.miui.home/.launcher.Launcher t2}
08-06 21:41:41.181  2474  2655 I Transition: forceAddToTransition Task{9114bd6 #257 type=standard A=10124:com.android.vending}
08-06 21:41:41.181  2474  2655 I Transition: forceAddToTransition Task{766b10a #2 type=home I=com.miui.home/.launcher.Launcher}
08-06 21:41:41.181  2474  2655 I Transition: forceAddToTransition Task{2641c81 #1 type=home}
08-06 21:41:41.181  2474  2655 I Transition: forceAddToTransition Task{9114bd6 #257 type=standard A=10124:com.android.vending}
08-06 21:41:41.182  2474  7257 I MiuiNetworkPolicyTrafficLimit: updateWhiteListUidForMobileTraffic uid=10189,add=true
08-06 21:41:41.182  2474  7257 I MiuiNetworkPolicy: updateUidState uid = 10163, uidState = 3
08-06 21:41:41.182  2474  7257 I MiuiNetworkPolicy: updateUidState uid = 10145, uidState = 3
08-06 21:41:41.182  2474  7257 I MiuiNetworkPolicy: updateUidState uid = 10138, uidState = 2
08-06 21:41:41.182  2474  7257 I MiuiNetworkPolicy: updateWmmForUidState uid: 10138 state: 2 wmm: 1
08-06 21:41:41.183  2474  7441 I BarFollowAnimation:  getHomeVersion  defaultLauncher = com.miui.home value = 1
08-06 21:41:41.183  2474  7441 I BarFollowAnimation: Execute startStatusBarAnimation for info = {id=383 t=CLOSE f=0x0 trk=0 opt={t=FROM_STYLE} r=[0@Point(0, 0)] c=[{WCT{RemoteToken{9bb7ab9 Task{2641c81 #1 type=home}}} m=TO_FRONT f=SHOW_WALLPAPER leash=Surface(name=Task=1#47)/@0xb5a5068 sb=Rect(0, 0 - 1200, 2670) eb=Rect(0, 0 - 1200, 2670) d=0 taskParent=-1 v=true},{WCT{RemoteToken{f64cee0 Task{9114bd6 #257 type=standard A=10124:com.android.vending}}} m=CLOSE f=NONE leash=Surface(name=Task=257#819)/@0x28e03f1 sb=Rect(0, 0 - 1200, 2670) eb=Rect(0, 0 - 1200, 2670) d=0 taskParent=-1 v=false},{null m=TO_FRONT f=IS_WALLPAPER leash=Surface(name=WallpaperWindowToken{cfaaaf0 token=android.os.Binder@db76733}#53)/@0xf7438f sb=Rect(0, 0 - 1200, 2670) eb=Rect(0, 0 - 1200, 2670) d=0 v=true}] mk=[false] noAni=[false] df=[false] oa=[false] sa=[false] ho=[true] iSync=[-1]} mStatusState = -1 mIsFromApp = false isRecent = false
08-06 21:41:41.183  2474  2655 E WindowManager:  source = Task{9114bd6 #257 type=standard A=10124:com.android.vending} excludeMiuiNavBar = true excludeMiuiStatusBar = true excludeIme = false excludeNavBar = true miuiNavSurfaceControl = Surface(name=Miui Fake NavBar#50)/@0x97a0fbe miuiStatusSurfaceControl = Surface(name=Miui Fake StatusBar#49)/@0xbfa8740
08-06 21:41:41.184  7458  7458 W RecentsImpl: updateStubViewVisibility, className=com.miui.home.launcher.Launcher
08-06 21:41:41.185  7890  8057 I MultiTaskingTaskRepository: needSkip: is home task
08-06 21:41:41.185  7890  8057 W MultiTaskingTaskRepository: putOrUpdateTaskInfo skip
08-06 21:41:41.185  7890  8057 I MultiTaskingTaskRepository: needSkip: is home task
08-06 21:41:41.185  7890  8057 W MultiTaskingTaskRepository: onToBackTransitionReady putOrUpdateTaskInfo skip
08-06 21:41:41.185  7890  8057 I ShellTransitions: Is abandon offsetY: false
08-06 21:41:41.185  7890  8057 I ShellTransitions: Is abandon offsetY: false
08-06 21:41:41.185  7890  8057 I ShellTransitions: Is abandon offsetY: false
08-06 21:41:41.185  7890  8057 E KeyguardTransitionHandlerImpl: activityCount = 0
08-06 21:41:41.185  7890  8057 E KeyguardTransitionHandlerImpl: activityCount = 0
08-06 21:41:41.186  2474  7257 I MiuiNetworkPolicyTrafficLimit: updateWhiteListUidForMobileTraffic uid=10138,add=true
08-06 21:41:41.186  2474  7257 I MiuiNetworkPolicy: updateUidState uid = 10135, uidState = 3
08-06 21:41:41.186  1865  1865 I vendor.qti.hardware.servicetrackeraidl-service: bindService is called for service : com.miui.analytics/.onetrack.OneTrackService and for client com.miui.home
08-06 21:41:41.186  1865  1865 I vendor.qti.hardware.servicetrackeraidl-service: total connections for service : com.miui.analytics/.onetrack.OneTrackServiceare :54
08-06 21:41:41.186  1865  1865 I vendor.qti.hardware.servicetrackeraidl-service: total connections for client : com.miui.homeare :5
08-06 21:41:41.186  7458  8091 E Launcher: mFsGestureStatusRefreshRunnable:run usingFsGesture=true   show=true   focus=false   pause=false
08-06 21:41:41.187  2474  7257 I MiuiNetworkPolicyTrafficLimit: updateWhiteListUidForMobileTraffic uid=10135,add=true
08-06 21:41:41.187  2474  7257 I MiuiNetworkPolicy: updateUidState uid = 10130, uidState = 5
08-06 21:41:41.187  2474  7257 I MiuiNetworkPolicy: updateUidState uid = 10124, uidState = 17
08-06 21:41:41.187  2474  7257 I MiuiNetworkPolicy: updateWmmForUidState uid: 10124 state: 17 wmm: 0
08-06 21:41:41.188  2474  7257 I MiuiNetworkPolicyTrafficLimit: updateWhiteListUidForMobileTraffic uid=10124,add=false
08-06 21:41:41.188  2474  2655 I WindowManager: Window{79e08af u0 com.miui.home/com.miui.home.launcher.Launcher} playingTransition keep home visible
08-06 21:41:41.189  2474  2655 I WindowManager: Window{10e77d4 u0 LauncherOverlayWindow:com.miui.newhome} playingTransition keep home visible
08-06 21:41:41.189  2474  2655 I WindowManager: Window{10e77d4 u0 LauncherOverlayWindow:com.miui.newhome} playingTransition keep home visible
08-06 21:41:41.189  2474  2655 I WindowManager: Window{8ae3f6f u0 LauncherOverlayWindow:com.miui.personalassistant} playingTransition keep home visible
08-06 21:41:41.189  2474  2655 I WindowManager: Window{8ae3f6f u0 LauncherOverlayWindow:com.miui.personalassistant} playingTransition keep home visible
08-06 21:41:41.189  2474  2655 I WindowManager: Window{79e08af u0 com.miui.home/com.miui.home.launcher.Launcher} playingTransition keep home visible
08-06 21:41:41.189  2474  2655 I WindowManager: Window{79e08af u0 com.miui.home/com.miui.home.launcher.Launcher} playingTransition keep home visible
08-06 21:41:41.189  2474  2655 I WindowManager: Window{10e77d4 u0 LauncherOverlayWindow:com.miui.newhome} playingTransition keep home visible
08-06 21:41:41.189  2474  2655 I WindowManager: Window{8ae3f6f u0 LauncherOverlayWindow:com.miui.personalassistant} playingTransition keep home visible
08-06 21:41:41.189  2474  2655 I WindowManager: Window{79e08af u0 com.miui.home/com.miui.home.launcher.Launcher} playingTransition keep home visible
08-06 21:41:41.189  7890  8057 I MultiTaskingTaskRepository: needSkip: is home task
08-06 21:41:41.190  2474  2655 I WindowManager: Window{79e08af u0 com.miui.home/com.miui.home.launcher.Launcher} playingTransition keep home visible
08-06 21:41:41.190  2474  2655 I WindowManager: Window{8ae3f6f u0 LauncherOverlayWindow:com.miui.personalassistant} playingTransition keep home visible
08-06 21:41:41.190  2474  2655 I WindowManager: Window{10e77d4 u0 LauncherOverlayWindow:com.miui.newhome} playingTransition keep home visible
08-06 21:41:41.191  7458  7458 W RecentsImpl: updateFsgWindowVisibilityState origin isEnter=false, typeFrom=typefrom_home
08-06 21:41:41.191  7458  7458 I AnimStateManager: IdleState handle event 9001
08-06 21:41:41.191  7458  7458 I AnimStateManager: CommonState handle event 9001
08-06 21:41:41.191  7458  7458 I AnimStateManager: onWindowElementChanged. initWindowElement windowElement= null
08-06 21:41:41.191  7458  7458 I RectFSpringAnim_136214973: init
08-06 21:41:41.191  7458  8328 W RecentsModel: getRunningTask   taskInfo=TaskInfo{userId=0 taskId=282 displayId=0 isRunning=true baseIntent=Intent { act=android.intent.action.MAIN cat=[android.intent.category.LAUNCHER] flg=0x10200000 cmp=com.android.settings/.MainSettings } baseActivity=ComponentInfo{com.android.settings/com.android.settings.MiuiSettings} topActivity=ComponentInfo{com.android.settings/com.android.settings.SubSettings} origActivity=ComponentInfo{com.android.settings/com.android.settings.MainSettings} realActivity=ComponentInfo{com.android.settings/com.android.settings.MiuiSettings} numActivities=2 lastActiveTime=411883128 supportsSplitScreenMultiWindow=true supportsMultiWindow=true resizeMode=1 isResizeable=true minWidth=-1 minHeight=-1 defaultMinSize=200 token=WCT{android.window.IWindowContainerToken$Stub$Proxy@f3df4b9} topActivityType=1 pictureInPictureParams=null shouldDockBigOverlays=false launchIntoPipHostTaskId=-1 lastParentTaskIdBeforePip=-1 displayCutoutSafeInsets=Rect(0, 116 - 0, 0) topActivityInfo=ActivityInfo{88ec05f com.android.settings.SubSettings} launchCookies=[] positionInParent=Point(0, 0) parentTaskId=-1 isFocused=false isVisible=false isVisibleRequested=false isSleeping=false locusId=null displayAreaFeatureId=1 isTopActivityTransparent=false appCompatTaskInfo=AppCompatTaskInfo { topActivityInSizeCompat=false topActivityInMiuiSizeCompat=false topActivityEligibleForLetterboxEducation= falseisLetterboxEducationEnabled= false isLetterboxDoubleTapEnabled= false topActivityEligibleForUserAspectRatioButton= false topActivityBoundsLetterboxed= false isFromLetterboxDoubleTap= false topActivityLetterboxVerticalPosition= -1 topActivityLetterboxHorizontalPosition= -1 topActivityLetterboxWidth=1200 topActivityLetterboxHeight=2670 isUserFullscreenOverrideEnabled=false isSystemFullscreenOverrideEnabled=false cameraCompatTaskInfo=CameraCompatTaskInfo { cameraCompatControlState=hidden freeformCameraCompatMode=inactive}} isImmersive=false mTopActivityRequestOrientation=-2 mBehindAppLockPkg=null mOriginatingUid=0 isEmbedded=false shouldBeVisible=false isCreatedByOrganizer=false mIsCastMode=false mTopActivityMediaSize=null mTopActivityRecordName=ActivityRecord{1dba2b4 u0 com.android.settings/.SubSettings t282} mTopActivityOrientation=-2}
08-06 21:41:41.191  7458  7458 I WindowElement131b703: com.miui.home.recents.anim.WindowElement@131b703  window init mNativeWindowTransitionCompatListener=com.miui.home.recents.anim.WindowElement$init$1@7400680, windowTransitionCompat=com.android.systemui.shared.recents.system.WindowTransitionCompat@e07c0fe
08-06 21:41:41.191  7458  7458 I WindowElement131b703: java.lang.Exception
08-06 21:41:41.191  7458  7458 I WindowElement131b703: 	at com.miui.home.recents.anim.WindowElement.init(WindowElement.kt:1641)
08-06 21:41:41.191  7458  7458 I WindowElement131b703: 	at com.miui.home.recents.anim.WindowElement.<init>(WindowElement.kt:577)
08-06 21:41:41.191  7458  7458 I WindowElement131b703: 	at com.miui.home.recents.anim.WindowElement.<init>(WindowElement.kt:50)
08-06 21:41:41.191  7458  7458 I WindowElement131b703: 	at com.miui.home.recents.anim.StateManager.initWindowElement(StateManager.kt:1370)
08-06 21:41:41.191  7458  7458 I WindowElement131b703: 	at com.miui.home.recents.anim.StateManager$CommonState.handleEvent(StateManager.kt:1228)
08-06 21:41:41.191  7458  7458 I WindowElement131b703: 	at com.miui.home.recents.anim.StateManager.handleEventActually(StateManager.kt:120)
08-06 21:41:41.191  7458  7458 I WindowElement131b703: 	at com.miui.home.recents.anim.StateManager.sendEventActually$lambda-0(StateManager.kt:107)
08-06 21:41:41.191  7458  7458 I WindowElement131b703: 	at com.miui.home.recents.anim.StateManager.$r8$lambda$C-kZp_X93nanDwYsUFIjH_GwEtM(Unknown Source:0)
08-06 21:41:41.191  7458  7458 I WindowElement131b703: 	at com.miui.home.recents.anim.StateManager$$ExternalSyntheticLambda4.run(Unknown Source:4)
08-06 21:41:41.191  7458  7458 I WindowElement131b703: 	at android.os.Handler.handleCallback(Handler.java:959)
08-06 21:41:41.191  7458  7458 I WindowElement131b703: 	at android.os.Handler.dispatchMessage(Handler.java:100)
08-06 21:41:41.191  7458  7458 I WindowElement131b703: 	at android.os.Looper.loopOnce(Looper.java:249)
08-06 21:41:41.191  7458  7458 I WindowElement131b703: 	at android.os.Looper.loop(Looper.java:337)
08-06 21:41:41.191  7458  7458 I WindowElement131b703: 	at android.app.ActivityThread.main(ActivityThread.java:9587)
08-06 21:41:41.191  7458  7458 I WindowElement131b703: 	at java.lang.reflect.Method.invoke(Native Method)
08-06 21:41:41.191  7458  7458 I WindowElement131b703: 	at com.android.internal.os.RuntimeInit$MethodAndArgsCaller.run(RuntimeInit.java:593)
08-06 21:41:41.191  7458  7458 I WindowElement131b703: 	at com.android.internal.os.ZygoteInit.main(ZygoteInit.java:936)
08-06 21:41:41.191  7458  7458 I WindowElement131b703: com.miui.home.recents.anim.WindowElement@131b703 window init isHalf = false, floatingIconView = com.miui.home.recents.views.FloatingIconView2{79aef0a V.ED..... ........ 0,0-0,0}, mAnim = com.miui.home.recents.util.RectFSpringAnim@81e79bd
08-06 21:41:41.191  7458  7458 I WindowElement131b703: java.lang.Exception
08-06 21:41:41.191  7458  7458 I WindowElement131b703: 	at com.miui.home.recents.anim.WindowElement.<init>(WindowElement.kt:581)
08-06 21:41:41.191  7458  7458 I WindowElement131b703: 	at com.miui.home.recents.anim.WindowElement.<init>(WindowElement.kt:50)
08-06 21:41:41.191  7458  7458 I WindowElement131b703: 	at com.miui.home.recents.anim.StateManager.initWindowElement(StateManager.kt:1370)
08-06 21:41:41.191  7458  7458 I WindowElement131b703: 	at com.miui.home.recents.anim.StateManager$CommonState.handleEvent(StateManager.kt:1228)
08-06 21:41:41.191  7458  7458 I WindowElement131b703: 	at com.miui.home.recents.anim.StateManager.handleEventActually(StateManager.kt:120)
08-06 21:41:41.191  7458  7458 I WindowElement131b703: 	at com.miui.home.recents.anim.StateManager.sendEventActually$lambda-0(StateManager.kt:107)
