08-06 17:09:25.484  8885  8885 I ##XLogger##: #&^h6MA9z6URo7duM4pUj12Wl//l20ccJzLLKqNG1Fr2SW/ifeaiznAtzlXZsoqoyCVUvQ9t0EUAsLk9aN5uiS6904G0jLdds9A9Cm8ElqusNMYp/zLDEiKkxo94BZAKdxJP+Yp8M8+bT2pdDC1v9p0XdQ8joJ4eZVVsKKkCzz7oJs=!!FfyD08PDxfmd9HNCoPx2yW8gDWFzFBsZ2CRYKs61VWobB5TQWSdRKDa+BDZ37IDpnBI4xyT2FHXhAONPh1Q54JJRIF2aVrMJeD8m6fklEb1CZYMpkjzbVbg70rzWWQHblECB/hVpllVtW3+TaPNMGC/N+BbddeyEYWFFpYFrXJ6M2Q7dKDrmrleRGmNG86ziPGcqWfBuqBfu0AShIWzVA6KuLwKxnha7gWW/QFoMI1JuKHmd418gyxl6HFQ8/6OGmfn7JBQxiRlG1+0J003PPOljNL23m5059Ud6jVLmpClJzBiI+aVeJjQ38/Cg4v7FYwkij5mfQWbGJws548eo5VB/TdND/gvrmi9SvR1MdoiXWClO9g37ilmxNLvI4FmzdOdFQjDgrFPcSZhqsGzPn14UMgxqGiYuW3/shRKUBNIuk2BtJIF6QffRGSyewpdEnqchRGA6TvdZl/AX7juvm46RdfFG4gaJcjo3wM1/LdofuGI8ZbabmS+0Y2ISlndQMe1M6kJyL/Auk5xqCKp8PVgWRXnTLC7y6Prna8USOnm+2pGGVeZTTbYkQ106C5zAXYxfv7nqC/yRV1YjGlh3CnBodcUxah7R8hYzLt/cpY/QKwcAH+bW59B4i2Z0Fay7WX8aB6DZvWm3xGSp0deu/WQd66oFgtcbtRkFuIgLXu6bJ4nJ6uPJZwVZpS3RHBgxchMXA4gq27uvZXJsI8Dpadx3QtPA+tcFyOSNdFq7xGcjZokstGVlfEM0bWBJj+xliKI2upfIJPsqAFtDjQc2paztUHRnZ19WQ6YhV3ygOyoS4iW3YgwGct8SWF4HkpanmhI11v2mLFh/5xijbLPkFX36zHD+pxiZAMI/6wUHyNA=^&#
08-06 17:09:25.488  2474  7257 I MiuiNetworkPolicy: updateUidState uid = 6110, uidState = 11
08-06 17:09:25.483 14191 14606 W WakelockManagerService: uid: 10280 is unblock state
08-06 17:09:25.490 14191 14606 W WakelockManagerService: uid: 10281 is unblock state
08-06 17:09:25.490 14191 14606 W WakelockManagerService: uid: 10282 is unblock state
08-06 17:09:25.490 14191 14606 W WakelockManagerService: uid: 10283 is unblock state
08-06 17:09:25.490 14191 14606 W WakelockManagerService: uid: 10285 is unblock state
08-06 17:09:25.490 14191 14606 W WakelockManagerService: uid: 10286 is unblock state
08-06 17:09:25.490 14191 14606 W WakelockManagerService: uid: 10287 is unblock state
08-06 17:09:25.490 14191 14606 W WakelockManagerService: uid: 10288 is unblock state
08-06 17:09:25.490 14191 14606 W WakelockManagerService: uid: 10289 is unblock state
08-06 17:09:25.490 14191 14606 W WakelockManagerService: uid: 10290 is unblock state
08-06 17:09:25.490 14191 14606 W WakelockManagerService: uid: 10291 is unblock state
08-06 17:09:25.490 14191 14606 W WakelockManagerService: uid: 10292 is unblock state
08-06 17:09:25.490 14191 14606 W WakelockManagerService: uid: 10293 is unblock state
08-06 17:09:25.490 14191 14606 W WakelockManagerService: uid: 10294 is unblock state
08-06 17:09:25.490 14191 14606 W WakelockManagerService: uid: 10296 is unblock state
08-06 17:09:25.490 14191 14606 W WakelockManagerService: uid: 10298 is unblock state
08-06 17:09:25.490 14191 14606 W WakelockManagerService: uid: 10299 is unblock state
08-06 17:09:25.490 14191 14606 W WakelockManagerService: uid: 10300 is unblock state
08-06 17:09:25.490 14191 14606 W WakelockManagerService: uid: 10301 is unblock state
08-06 17:09:25.490 14191 14606 W WakelockManagerService: uid: 10303 is unblock state
08-06 17:09:25.490 14191 14606 W WakelockManagerService: uid: 10304 is unblock state
08-06 17:09:25.490 14191 14606 W WakelockManagerService: uid: 10307 is unblock state
08-06 17:09:25.490 14191 14606 W WakelockManagerService: uid: 10308 is unblock state
08-06 17:09:25.490 14191 14606 W WakelockManagerService: uid: 10311 is unblock state
08-06 17:09:25.490 14191 14606 W WakelockManagerService: uid: 10313 is unblock state
08-06 17:09:25.490 14191 14606 W WakelockManagerService: uid: 10314 is unblock state
08-06 17:09:25.490 14191 14606 W WakelockManagerService: uid: 10315 is unblock state
08-06 17:09:25.490 14191 14606 W WakelockManagerService: uid: 10316 is unblock state
08-06 17:09:25.490 14191 14606 W WakelockManagerService: uid: 10317 is unblock state
08-06 17:09:25.490 14191 14606 W WakelockManagerService: uid: 10318 is unblock state
08-06 17:09:25.490 14191 14606 W WakelockManagerService: uid: 10320 is unblock state
08-06 17:09:25.490 14191 14606 W WakelockManagerService: uid: 10321 is unblock state
08-06 17:09:25.490 14191 14606 W WakelockManagerService: uid: 10323 is unblock state
08-06 17:09:25.490 14191 14606 W WakelockManagerService: uid: 10324 is unblock state
08-06 17:09:25.490 14191 14606 W WakelockManagerService: uid: 10326 is unblock state
08-06 17:09:25.490 14191 14606 W WakelockManagerService: uid: 10327 is unblock state
08-06 17:09:25.490 14191 14606 W WakelockManagerService: uid: 10328 is unblock state
08-06 17:09:25.490 14191 14606 W WakelockManagerService: uid: 10329 is unblock state
08-06 17:09:25.490 14191 14606 W WakelockManagerService: uid: 10330 is unblock state
08-06 17:09:25.490 14191 14606 W WakelockManagerService: uid: 10331 is unblock state
08-06 17:09:25.490 14191 14606 W WakelockManagerService: uid: 10332 is unblock state
08-06 17:09:25.490 14191 14606 W WakelockManagerService: uid: 10333 is unblock state
08-06 17:09:25.490 14191 14606 W WakelockManagerService: uid: 10334 is unblock state
08-06 17:09:25.490 14191 14606 W WakelockManagerService: uid: 10335 is unblock state
08-06 17:09:25.490 14191 14606 W WakelockManagerService: uid: 10336 is unblock state
08-06 17:09:25.490 14191 14606 W WakelockManagerService: uid: 10337 is unblock state
08-06 17:09:25.490 14191 14606 W WakelockManagerService: uid: 10338 is unblock state
08-06 17:09:25.490 14191 14606 W WakelockManagerService: uid: 10339 is unblock state
08-06 17:09:25.490 14191 14606 W WakelockManagerService: uid: 10340 is unblock state
08-06 17:09:25.490 14191 14606 W WakelockManagerService: uid: 10341 is unblock state
08-06 17:09:25.490 14191 14606 W WakelockManagerService: uid: 10359 is unblock state
08-06 17:09:25.490 14191 14606 W WakelockManagerService: uid: 10360 is unblock state
08-06 17:09:25.490  7505  7505 I SafetyLabelChangedBroadcastReceiver: received broadcast packageName: com.jabra.moments, current user: UserHandle{0}, packageChangeEvent: NEW_INSTALL, intent user: UserHandle{0}
08-06 17:09:25.490  2474  7683 E RoleControllerServiceImpl: Default/fallback role holder package doesn't qualify for the role, package: com.android.devicelockcontroller, role: android.app.role.SYSTEM_FINANCED_DEVICE_CONTROLLER
08-06 17:09:25.491  7505 26113 I PermissionControllerServiceImpl: Updating user sensitive for uid 10360
08-06 17:09:25.491  7505 11044 I PermissionControllerServiceImpl: Updating user sensitive for uid 10360
08-06 17:09:25.491 16300 16300 I VSC-AppInstallReceiver: action: android.intent.action.PACKAGE_CHANGED, packageName: com.jabra.moments
08-06 17:09:25.492  7458  8112 W PreviewDisappear: 1 getIcon entry: null
08-06 17:09:25.493  7458  8112 W PreviewDisappear: 2 getIcon entry: com.miui.home.launcher.graphics.DrawableInfo@d82b209
08-06 17:09:25.493  7458  8112 W PreviewDisappear: applyCacheEntry entry: com.miui.home.launcher.graphics.drawable.LayerAdaptiveIconDrawable@edabc0e
08-06 17:09:25.493  2474  7257 I MiuiNetworkPolicy: updateUidState uid = 6110, uidState = 19
08-06 17:09:25.493  2474  8330 W ParceledListSlice: Element #52 is 19668 bytes.
08-06 17:09:25.495  3050 25119 E libsensor-parseRGB: CWB NotifyCWBBufferDone  error 0
08-06 17:09:25.495  7458  8153 W PreviewDisappear: getIconDrawable src: null
08-06 17:09:25.495  7458  8153 W PreviewDisappear: getIconDrawable app drawable: null
08-06 17:09:25.495  7458  8153 W PreviewDisappear: getIcon info target: ComponentInfo{com.jabra.moments/com.jabra.moments.ui.splash.SplashActivity}
08-06 17:09:25.495  7458  8153 W PreviewDisappear: getIcon info user: UserHandle{0}
08-06 17:09:25.495  7458  8153 W PreviewDisappear: getIcon info intent: Intent { act=android.intent.action.MAIN cat=[android.intent.category.LAUNCHER] flg=0x10200000 cmp=com.jabra.moments/.ui.splash.SplashActivity (has extras) }
08-06 17:09:25.495  7458  8153 W PreviewDisappear: 1 getIcon entry: null
08-06 17:09:25.496  7458  8153 W PreviewDisappear: 2 getIcon entry: com.miui.home.launcher.graphics.DrawableInfo@942862f
08-06 17:09:25.496  7458  8153 W PreviewDisappear: applyCacheEntry entry: com.miui.home.launcher.graphics.drawable.LayerAdaptiveIconDrawable@d8fa43c
08-06 17:09:25.496  7458  8153 W PreviewDisappear: getIconDrawable finally drawable: com.miui.home.launcher.graphics.drawable.LayerAdaptiveIconDrawable@d8fa43c
08-06 17:09:25.497 13710 14599 I AppPredictPrivacyLaunchManager: getLauncherHomeAppList size: 76
08-06 17:09:25.497 13710 14599 I AppPredictResultHelper: updatePreferenceStore: size = 11
08-06 17:09:25.498  2474 19255 W ActivityManagerServiceImpl: Sending non-protected broadcast com.miui.action.UPDATE_PREDICT_LIST_EXTERNAL from system 13710:com.miui.securitycenter.remote/1000 pkg com.miui.securitycenter. Callers=
08-06 17:09:25.498  2552  2571 I mit.droidbotapp: This is non sticky GC, maxfree is 16777216 minfree is 8388608
08-06 17:09:25.498 13710 14761 I LocalNotificationMgr: pkg: com.jabra.moments mode:0
08-06 17:09:25.498 13710 14761 I GpBinderManager: bindCount : 58
08-06 17:09:25.502  2474  2664 W TextServicesManagerService: no available spell checker services found
08-06 17:09:25.502  7464  8017 I htmlviewercloudcontrol: isStagingEnv:false param =  fps_idle_config  uriMatch = 2, cluster: cn, version: 569290, traceId: edf791a3c2f0f49177c2934c6d2002a2, regId: +4z3RS85+e2U9l+sd6caQ/srGmJCsEbKpG1twyPn1K0CrNNyxYT/yAgGVxm5X+yC
08-06 17:09:25.503 13306 13306 I UserConsentManager: onPermissionsChanged: 10360
08-06 17:09:25.503 13306 13306 I UserConsentManager: onPermissionsChanged: 10360
08-06 17:09:25.504 13306 13306 I UserConsentManager: onPermissionsChanged: 10360
08-06 17:09:25.504  7856  8405 E SmsApplication: com.android.mms lost android:read_cell_broadcasts:  (fixing)
08-06 17:09:25.504  7464  8017 I htmlviewercloudcontrol: isStagingEnv:false param =  fps_idle_config  uriMatch = 2, cluster: cn, version: 569290, traceId: edf791a3c2f0f49177c2934c6d2002a2, regId: +4z3RS85+e2U9l+sd6caQ/srGmJCsEbKpG1twyPn1K0CrNNyxYT/yAgGVxm5X+yC
08-06 17:09:25.504 13306 13306 I UserConsentManager: onPermissionsChanged: 10360
08-06 17:09:25.505  2474  7659 W AppOpService: Ignored setUidMode call for runtime permission app op: uid = 10141, code = READ_CELL_BROADCASTS, mode = allow, callingUid = 1001, oldMode = allow
08-06 17:09:25.505 13306 13306 I UserConsentManager: onPermissionsChanged: 10360
08-06 17:09:25.505 13306 13306 I UserConsentManager: onPermissionsChanged: 10360
08-06 17:09:25.506 13306 13306 I UserConsentManager: onPermissionsChanged: 10360
08-06 17:09:25.507  7464  8017 I htmlviewercloudcontrol: isStagingEnv:false param =  fps_tp_exclude  uriMatch = 2, cluster: cn, version: 569290, traceId: edf791a3c2f0f49177c2934c6d2002a2, regId: +4z3RS85+e2U9l+sd6caQ/srGmJCsEbKpG1twyPn1K0CrNNyxYT/yAgGVxm5X+yC
08-06 17:09:25.509  2474 10062 W ParceledListSlice: Element #8 is 20788 bytes.
08-06 17:09:25.509  2474 10062 W ParceledListSlice: Element #9 is 20768 bytes.
08-06 17:09:25.510  7464  8017 I htmlviewercloudcontrol: isStagingEnv:false param =  fps_idle_config  uriMatch = 2, cluster: cn, version: 569290, traceId: edf791a3c2f0f49177c2934c6d2002a2, regId: +4z3RS85+e2U9l+sd6caQ/srGmJCsEbKpG1twyPn1K0CrNNyxYT/yAgGVxm5X+yC
08-06 17:09:25.512  7464  8017 I htmlviewercloudcontrol: isStagingEnv:false param =  display_fps_group  uriMatch = 2, cluster: cn, version: 569290, traceId: edf791a3c2f0f49177c2934c6d2002a2, regId: +4z3RS85+e2U9l+sd6caQ/srGmJCsEbKpG1twyPn1K0CrNNyxYT/yAgGVxm5X+yC
08-06 17:09:25.514 13053 13053 E RegisteredServicesCache: Skipping application component ComponentInfo{com.UCMobile/com.alibaba.ariver.commonability.device.jsapi.nfc.service.TinyAppHostApduService}: it must request the permission android.permission.NFC
08-06 17:09:25.514  7464  8017 I htmlviewercloudcontrol: isStagingEnv:false param =  fps_idle_config  uriMatch = 2, cluster: cn, version: 569290, traceId: edf791a3c2f0f49177c2934c6d2002a2, regId: +4z3RS85+e2U9l+sd6caQ/srGmJCsEbKpG1twyPn1K0CrNNyxYT/yAgGVxm5X+yC
08-06 17:09:25.514 13306 13306 I UserConsentManager: onPermissionsChanged: 10360
08-06 17:09:25.514 13053 13053 E RegisteredServicesCache: Skipping application component ComponentInfo{com.UCMobile/com.alipay.mobile.aompdevice.nfc.service.TinyAppHostApduService}: it must request the permission android.permission.NFC
08-06 17:09:25.514 13053 13053 E RegisteredServicesCache: Skipping application component ComponentInfo{com.autonavi.minimap/com.alibaba.ariver.commonability.device.jsapi.nfc.service.TinyAppHostApduService}: it must request the permission android.permission.NFC
08-06 17:09:25.514 13306 13306 I UserConsentManager: onPermissionsChanged: 10360
08-06 17:09:25.515 13053 13053 E RegisteredServicesCache: Skipping application component ComponentInfo{com.autonavi.minimap/com.alipay.mobile.aompdevice.nfc.service.TinyAppHostApduService}: it must request the permission android.permission.NFC
08-06 17:09:25.515 13306 13306 I UserConsentManager: onPermissionsChanged: 10360
08-06 17:09:25.515 13306 13306 I UserConsentManager: onPermissionsChanged: 10360
08-06 17:09:25.515 13306 13306 I UserConsentManager: onPermissionsChanged: 10360
08-06 17:09:25.515 13306 13306 I UserConsentManager: onPermissionsChanged: 10360
08-06 17:09:25.516  7464  8017 I htmlviewercloudcontrol: isStagingEnv:false param =  fps_idle_config  uriMatch = 2, cluster: cn, version: 569290, traceId: edf791a3c2f0f49177c2934c6d2002a2, regId: +4z3RS85+e2U9l+sd6caQ/srGmJCsEbKpG1twyPn1K0CrNNyxYT/yAgGVxm5X+yC
08-06 17:09:25.517 13053 13053 I RegisteredServicesCache: current user: 0, is managed profile : false
08-06 17:09:25.518  7464  8017 I htmlviewercloudcontrol: isStagingEnv:false param =  fps_idle_config  uriMatch = 2, cluster: cn, version: 569290, traceId: edf791a3c2f0f49177c2934c6d2002a2, regId: +4z3RS85+e2U9l+sd6caQ/srGmJCsEbKpG1twyPn1K0CrNNyxYT/yAgGVxm5X+yC
08-06 17:09:25.518 13306 13306 I UserConsentManager: onPermissionsChanged: 10360
08-06 17:09:25.519 13306 13306 I UserConsentManager: onPermissionsChanged: 10360
08-06 17:09:25.520  7464  8017 I htmlviewercloudcontrol: isStagingEnv:false param =  fps_group_config  uriMatch = 2, cluster: cn, version: 569290, traceId: edf791a3c2f0f49177c2934c6d2002a2, regId: +4z3RS85+e2U9l+sd6caQ/srGmJCsEbKpG1twyPn1K0CrNNyxYT/yAgGVxm5X+yC
08-06 17:09:25.520 13053 13053 I RegisteredAidCache: updateRoutingLocked(false): Enter
08-06 17:09:25.520 13053 13053 I AidRoutingManager: configureRouting(false): Enter
08-06 17:09:25.520 13053 13053 E AidRoutingManager: Size of routing table970
08-06 17:09:25.520 13053 13053 I RegisteredAidCache: updateRoutingLocked(false): exit
08-06 17:09:25.522 13306 13306 I UserConsentManager: onPermissionsChanged: 10360
08-06 17:09:25.524  7464  8017 I htmlviewercloudcontrol: isStagingEnv:false param =  fps_group_config  uriMatch = 2, cluster: cn, version: 569290, traceId: edf791a3c2f0f49177c2934c6d2002a2, regId: +4z3RS85+e2U9l+sd6caQ/srGmJCsEbKpG1twyPn1K0CrNNyxYT/yAgGVxm5X+yC
08-06 17:09:25.525  2474  2664 W EnhancedConfirmationService: The packageName should not be null.
08-06 17:09:25.525  2474  4292 W ParceledListSlice: Element #8 is 20788 bytes.
08-06 17:09:25.525  2474  4292 W ParceledListSlice: Element #9 is 20768 bytes.
08-06 17:09:25.527  2474  2664 W MagnificationConnectionManager: requestConnection duplicated request: connect=false, mConnectionState=DISCONNECTED
08-06 17:09:25.527  2474  4292 W AppOpService: Ignored setUidMode call for runtime permission app op: uid = 1001, code = READ_SMS, mode = allow, callingUid = 1001, oldMode = allow
08-06 17:09:25.527 14191 15060 I DisplayFrameSetting: register
08-06 17:09:25.527  2474  4292 I whetstone.activity: noteVideoFps registVideoFpsCallBack, count is 1
08-06 17:09:25.528  2474 10062 W AppOpService: Ignored setUidMode call for runtime permission app op: uid = 1001, code = RECEIVE_SMS, mode = allow, callingUid = 1001, oldMode = allow
08-06 17:09:25.528  2474  8332 W AppOpService: Ignored setUidMode call for runtime permission app op: uid = 1001, code = RECEIVE_WAP_PUSH, mode = allow, callingUid = 1001, oldMode = allow
08-06 17:09:25.528  2474  8332 W AppOpService: Ignored setUidMode call for runtime permission app op: uid = 1001, code = SEND_SMS, mode = allow, callingUid = 1001, oldMode = allow
08-06 17:09:25.528 13710 15129 I ThumbnailBlurUtils: getAllLauncherAppList time: 29
08-06 17:09:25.528  2474  8332 W AppOpService: Ignored setUidMode call for runtime permission app op: uid = 1001, code = READ_CELL_BROADCASTS, mode = allow, callingUid = 1001, oldMode = allow
08-06 17:09:25.528  7464  8017 I htmlviewercloudcontrol: isStagingEnv:false param =  fps_idle_config  uriMatch = 2, cluster: cn, version: 569290, traceId: edf791a3c2f0f49177c2934c6d2002a2, regId: +4z3RS85+e2U9l+sd6caQ/srGmJCsEbKpG1twyPn1K0CrNNyxYT/yAgGVxm5X+yC
08-06 17:09:25.531  3086  3086 I adbd    : in ShellService: screencap -p /sdcard/screen_2025-08-06_170925.png
08-06 17:09:25.532  2474  2664 W TextServicesManagerService: no available spell checker services found
08-06 17:09:25.532  7464  8017 I htmlviewercloudcontrol: isStagingEnv:false param =  fps_group_config  uriMatch = 2, cluster: cn, version: 569290, traceId: edf791a3c2f0f49177c2934c6d2002a2, regId: +4z3RS85+e2U9l+sd6caQ/srGmJCsEbKpG1twyPn1K0CrNNyxYT/yAgGVxm5X+yC
08-06 17:09:25.533 13053 13053 E RegisteredServicesCache: Skipping application component ComponentInfo{com.UCMobile/com.alibaba.ariver.commonability.device.jsapi.nfc.service.TinyAppHostApduService}: it must request the permission android.permission.NFC
08-06 17:09:25.533 13053 13053 E RegisteredServicesCache: Skipping application component ComponentInfo{com.UCMobile/com.alipay.mobile.aompdevice.nfc.service.TinyAppHostApduService}: it must request the permission android.permission.NFC
08-06 17:09:25.534 13053 13053 E RegisteredServicesCache: Skipping application component ComponentInfo{com.autonavi.minimap/com.alibaba.ariver.commonability.device.jsapi.nfc.service.TinyAppHostApduService}: it must request the permission android.permission.NFC
08-06 17:09:25.534 13053 13053 E RegisteredServicesCache: Skipping application component ComponentInfo{com.autonavi.minimap/com.alipay.mobile.aompdevice.nfc.service.TinyAppHostApduService}: it must request the permission android.permission.NFC
08-06 17:09:25.536 13053 13053 I RegisteredServicesCache: current user: 0, is managed profile : false
08-06 17:09:25.538 13053 13053 I RegisteredAidCache: updateRoutingLocked(false): Enter
08-06 17:09:25.538 13053 13053 I AidRoutingManager: configureRouting(false): Enter
08-06 17:09:25.538 13053 13053 E AidRoutingManager: Size of routing table970
08-06 17:09:25.538 13053 13053 I RegisteredAidCache: updateRoutingLocked(false): exit
08-06 17:09:25.538  2474  2664 W EnhancedConfirmationService: The packageName should not be null.
08-06 17:09:25.539  2474  2664 W MagnificationConnectionManager: requestConnection duplicated request: connect=false, mConnectionState=DISCONNECTED
08-06 17:09:25.539 13053 13053 I libnfc_nci: [INFO:NativeT4tNfcee.cpp(870)] nfcManager_isFwSupportNonStdT4TAid Enter isFwSupport = 1
08-06 17:09:25.539 13053 13053 I libnfc_nci: [INFO:SecureElement.cpp(1487)] SecureElement::getEseHandleFromGenericId: enter; ESE-ID = 0x7F
08-06 17:09:25.539 13053 13053 I libnfc_nci: [INFO:SecureElement.cpp(1528)] SecureElement::getEseHandleFromGenericId: enter; ESE-Handle = 0x410
08-06 17:09:25.541 13053 13053 I libnfc_nci: [INFO:SecureElement.cpp(1487)] SecureElement::getEseHandleFromGenericId: enter; ESE-ID = 0x00
08-06 17:09:25.541 13053 13053 I libnfc_nci: [INFO:SecureElement.cpp(1528)] SecureElement::getEseHandleFromGenericId: enter; ESE-Handle = 0x400
08-06 17:09:25.542  7800 14408 I SecureElement-Terminal-eSE1: isSecureElementPresent()
08-06 17:09:25.542  1774  1774 I android.hardware.secure_element-service.qti: isCardPresent
08-06 17:09:25.542  1774  1774 I android.hardware.secure_element-service.qti: isCardPresent exit, cardPresent: 1
08-06 17:09:25.543  7800 14408 I SecureElement-Terminal-SIM1: isSecureElementPresent()
08-06 17:09:25.544  7800 14408 I SecureElement-Terminal-SIM1: isNfcEventAllowed: No access rules for checking.
08-06 17:09:25.544  7800 14408 I SecureElement-Terminal-SIM2: isSecureElementPresent()
08-06 17:09:25.546 13053 13053 I libnfc_nci: [INFO:NativeT4tNfcee.cpp(870)] nfcManager_isFwSupportNonStdT4TAid Enter isFwSupport = 1
08-06 17:09:25.546 13053 13053 I libnfc_nci: [INFO:SecureElement.cpp(1487)] SecureElement::getEseHandleFromGenericId: enter; ESE-ID = 0x7F
08-06 17:09:25.546 13053 13053 I libnfc_nci: [INFO:SecureElement.cpp(1528)] SecureElement::getEseHandleFromGenericId: enter; ESE-Handle = 0x410
08-06 17:09:25.546 13053 13053 I libnfc_nci: [INFO:SecureElement.cpp(1487)] SecureElement::getEseHandleFromGenericId: enter; ESE-ID = 0x00
08-06 17:09:25.546 13053 13053 I libnfc_nci: [INFO:SecureElement.cpp(1528)] SecureElement::getEseHandleFromGenericId: enter; ESE-Handle = 0x400
08-06 17:09:25.547  7800 14408 I SecureElement-Terminal-eSE1: isSecureElementPresent()
08-06 17:09:25.547  1774  1774 I android.hardware.secure_element-service.qti: isCardPresent
08-06 17:09:25.547  1774  1774 I android.hardware.secure_element-service.qti: isCardPresent exit, cardPresent: 1
08-06 17:09:25.548  2474  4330 W ActivityManagerServiceImpl: Sending non-protected broadcast miui.extm.action.mark from system uid 1000 pkg android. Callers=com.android.server.am.ActivityManagerService.checkBroadcastFromSystem:16255 com.android.server.am.ActivityManagerService.broadcastIntentLockedTraced:17126 com.android.server.am.ActivityManagerService.broadcastIntentLocked:16315 com.android.server.am.ActivityManagerService.broadcastIntentInPackage:17364 com.android.server.am.ActivityManagerService$LocalService.broadcastIntentInPackage:20214 
08-06 17:09:25.548  7800 14408 I SecureElement-Terminal-SIM1: isSecureElementPresent()
08-06 17:09:25.552  2474  2474 I ExtM    : mark duration up to 2m , try to mark.
08-06 17:09:25.552  2474  7457 W ExtM    : Mark thread start 
08-06 17:09:25.553  7800 14408 I SecureElement-Terminal-SIM1: isNfcEventAllowed: No access rules for checking.
08-06 17:09:25.553  7800 14408 I SecureElement-Terminal-SIM2: isSecureElementPresent()
08-06 17:09:25.557 13710 15441 I VideoBoxUtils: isSupportVideoBox: true
08-06 17:09:25.558 13710 15441 W ContextImpl: Calling a method in the system process without a qualified user: android.app.ContextImpl.sendBroadcast:1275 android.content.ContextWrapper.sendBroadcast:527 d7.e.f:24 d7.e.c:0 d7.e$c$a.run:18 
08-06 17:09:25.559  2474  8332 W ActivityManagerServiceImpl: Sending non-protected broadcast com.miui.gamebooster.UNINSTALLAPP from system 13710:com.miui.securitycenter.remote/1000 pkg com.miui.securitycenter. Callers=
08-06 17:09:25.559  3693  3693 E vold    : maxCpuFreq=3148800
08-06 17:09:25.560  3693  3693 E vold    : maxCpuFreq=2956800
08-06 17:09:25.573 13710 15129 I ThumbnailBlurUtils: loadPrivacyThumbnailBlurMonthly successd{"com.ss.android.ugc.aweme":27,"com.musicworx":-1,"com.baidu.BaiduMap":3,"com.google.android.apps.youtube.music":27,"com.google.android.apps.tasks":5,"com.jijia.jjweather":5,"com.netease.newsreader.activity":11,"com.instagram.android":5,"com.microsoft.emmx":5,"com.baidu.searchbox.lite":5,"com.getsurfboard":-1,"com.android.fileexplorer":5,"com.miui.compass":5,"com.microsoft.office.outlook":10,"com.jijia.bqwnl":5,"com.autonavi.minimap":3,"com.miui.calculator":5,"org.secuso.privacyfriendlytodolist":-1,"com.android.contacts":5,"com.xiaomi.scanner":5,"com.miui.securitycenter":5,"com.android.vending":5,"com.yahoo.mobile.client.android.mail":5,"com.einnovation.temu":-1,"com.baidu.searchbox":5,"com.duokan.reader":7,"com.wuba.zhuanzhuan":9,"io.appium.settings":-1,"com.android.chrome":5,"com.xingin.xhs":5,"com.dragon.read":7,"tv.danmaku.bili":27,"com.ebay.mobile":5,"com.miui.gallery":6,"com.UCMobile":5,"todolist.scheduleplanner.dailyplanner.todo.reminders":5,"com.alibaba.aliexpresshd":9,"com.android.email":10,"com.todoist":5,"cool.monkey.android":5,"com.spotify.music":5,"com.xiaomi.market":5,"com.microsoft.todos":10,"com.skysoft.kkbox.android":27,"com.miui.notes":5,"com.smile.gifmaker":27,"com.xiaomi.gamecenter":5,"com.android.browser":5,"com.jabra.moments":5,"com.anydo":5,"de.baumann.browser":-1,"com.suxing.sustream":-1,"com.miui.virtualsim":5,"com.sina.news":11,"com.miui.weather2":5,"com.miui.video":27,"douzifly.list":-1,"com.google.android.documentsui":-1,"com.ss.android.article.news":11,"com.quark.browser":5,"com.android.mms":5,"cn.ninegame.gamemanager":5,"com.kuaishou.nebula":27,"com.android.providers.downloads.ui":5,"com.tencent.android.qqdownloader":5,"com.android.camera":6,"com.google.android.gm":5,"cn.amazon.mShop.android":9,"com.google.android.apps.magazines":5,"com.android.calendar":10,"io.github.ylimit.droidbotapp":-1,"ru.mail.mailapp":5,"com.android.settings":-1,"com.zhuantech.sijiweather":-1,"com.cnn.mobile.android.phone":11,"com.android.soundrecorder":5}
08-06 17:09:25.646  3690  3690 W BpBinder: Linking to death on android.gui.ISurfaceComposer but there are no threads (yet?) listening to incoming transactions. See ProcessState::startThreadPool and ProcessState::setThreadPoolMaxThreadCount. Generally you should setup the binder threadpool before other initialization steps.
08-06 17:09:25.646  3690  3690 W ProcessState: Extra binder thread started, but 0 threads requested. Do not use *startThreadPool when zero threads are requested.
08-06 17:09:25.655  2474  2635 I system_server: This is non sticky GC, maxfree is 16777216 minfree is 8388608
08-06 17:09:25.655  2474  2635 I system_server: Background concurrent copying GC freed 49MB AllocSpace bytes, 152(3364KB) LOS objects, 35% free, 87MB/135MB, paused 58us,139us total 243.971ms
08-06 17:09:25.662  2474  2638 W System  : A resource failed to call close. 
08-06 17:09:25.666  2474  2638 W system_server: ApkAssets: Deleting an ApkAssets object '<empty> and /product/app/VoiceAssistAndroidT/VoiceAssistAndroidT.apk' with 1 weak references
08-06 17:09:25.666  2474  2638 W system_server: ApkAssets: Deleting an ApkAssets object '<empty> and /product/app/SogouIME/SogouIME.apk' with 1 weak references
08-06 17:09:25.666  2474  2638 W system_server: ApkAssets: Deleting an ApkAssets object '<empty> and /product/app/MIUISecurityInputMethod/MIUISecurityInputMethod.apk' with 1 weak references
08-06 17:09:25.666  2474  2638 W system_server: ApkAssets: Deleting an ApkAssets object '<empty> and /data/app/~~ZUSe5gAgTBU7713OqKSsug==/io.appium.settings-dl_AFlqK-WT4F2TDooZJAA==/base.apk' with 1 weak references
08-06 17:09:25.667  2474  2638 W system_server: ApkAssets: Deleting an ApkAssets object '<empty> and /system_ext/priv-app/RtMiCloudSDK/RtMiCloudSDK.apk' with 11 weak references
08-06 17:09:25.667  2474  2638 W system_server: ApkAssets: Deleting an ApkAssets object '<empty> and /data/app/~~1VIcyny-_KdCgQTpa_Yyjw==/com.google.android.gms-jAF2NIV99R6pD-bXjTU-qg==/base.apk' with 1 weak references
08-06 17:09:25.667  2474  2638 W system_server: ApkAssets: Deleting an ApkAssets object '<empty> and /data/app/~~1VIcyny-_KdCgQTpa_Yyjw==/com.google.android.gms-jAF2NIV99R6pD-bXjTU-qg==/split_AdsDynamite_installtime.apk' with 1 weak references
08-06 17:09:25.667  2474  2638 W system_server: ApkAssets: Deleting an ApkAssets object '<empty> and /data/app/~~1VIcyny-_KdCgQTpa_Yyjw==/com.google.android.gms-jAF2NIV99R6pD-bXjTU-qg==/split_CronetDynamite_installtime.apk' with 1 weak references
08-06 17:09:25.667  2474  2638 W system_server: ApkAssets: Deleting an ApkAssets object '<empty> and /data/app/~~1VIcyny-_KdCgQTpa_Yyjw==/com.google.android.gms-jAF2NIV99R6pD-bXjTU-qg==/split_DynamiteLoader_installtime.apk' with 1 weak references
08-06 17:09:25.667  2474  2638 W system_server: ApkAssets: Deleting an ApkAssets object '<empty> and /data/app/~~1VIcyny-_KdCgQTpa_Yyjw==/com.google.android.gms-jAF2NIV99R6pD-bXjTU-qg==/split_DynamiteModulesA_installtime.apk' with 1 weak references
08-06 17:09:25.667  2474  2638 W system_server: ApkAssets: Deleting an ApkAssets object '<empty> and /data/app/~~1VIcyny-_KdCgQTpa_Yyjw==/com.google.android.gms-jAF2NIV99R6pD-bXjTU-qg==/split_DynamiteModulesC_installtime.apk' with 1 weak references
08-06 17:09:25.667  2474  2638 W system_server: ApkAssets: Deleting an ApkAssets object '<empty> and /data/app/~~1VIcyny-_KdCgQTpa_Yyjw==/com.google.android.gms-jAF2NIV99R6pD-bXjTU-qg==/split_GoogleCertificates_installtime.apk' with 1 weak references
08-06 17:09:25.667  2474  2638 W system_server: ApkAssets: Deleting an ApkAssets object '<empty> and /data/app/~~1VIcyny-_KdCgQTpa_Yyjw==/com.google.android.gms-jAF2NIV99R6pD-bXjTU-qg==/split_MapsDynamite_installtime.apk' with 1 weak references
08-06 17:09:25.667  2474  2638 W system_server: ApkAssets: Deleting an ApkAssets object '<empty> and /data/app/~~1VIcyny-_KdCgQTpa_Yyjw==/com.google.android.gms-jAF2NIV99R6pD-bXjTU-qg==/split_MeasurementDynamite_installtime.apk' with 1 weak references
08-06 17:09:25.667  2474  2638 W system_server: ApkAssets: Deleting an ApkAssets object '<empty> and /data/app/~~1VIcyny-_KdCgQTpa_Yyjw==/com.google.android.gms-jAF2NIV99R6pD-bXjTU-qg==/split_config.xxhdpi.apk' with 1 weak references
08-06 17:09:25.667  2474  2638 W system_server: ApkAssets: Deleting an ApkAssets object '<empty> and /data/app/~~1VIcyny-_KdCgQTpa_Yyjw==/com.google.android.gms-jAF2NIV99R6pD-bXjTU-qg==/split_config.zh.apk' with 1 weak references
08-06 17:09:25.668  2474  2638 W system_server: ApkAssets: Deleting an ApkAssets object '<empty> and /data/app/~~RSKoMBNywRGvPHjSA9pI5Q==/com.alibaba.aliexpresshd-mtHAfkpvKe_U_uWPTh-kfg==/base.apk' with 1 weak references
08-06 17:09:25.668  2474  2638 W system_server: ApkAssets: Deleting an ApkAssets object '<empty> and /data/app/~~RSKoMBNywRGvPHjSA9pI5Q==/com.alibaba.aliexpresshd-mtHAfkpvKe_U_uWPTh-kfg==/split_aeocr.apk' with 1 weak references
08-06 17:09:25.668  2474  2638 W system_server: ApkAssets: Deleting an ApkAssets object '<empty> and /data/app/~~RSKoMBNywRGvPHjSA9pI5Q==/com.alibaba.aliexpresshd-mtHAfkpvKe_U_uWPTh-kfg==/split_aeocr.config.arm64_v8a.apk' with 1 weak references
08-06 17:09:25.668  2474  2638 W system_server: ApkAssets: Deleting an ApkAssets object '<empty> and /data/app/~~RSKoMBNywRGvPHjSA9pI5Q==/com.alibaba.aliexpresshd-mtHAfkpvKe_U_uWPTh-kfg==/split_aeocr.config.xxhdpi.apk' with 1 weak references
08-06 17:09:25.668  2474  2638 W system_server: ApkAssets: Deleting an ApkAssets object '<empty> and /data/app/~~RSKoMBNywRGvPHjSA9pI5Q==/com.alibaba.aliexpresshd-mtHAfkpvKe_U_uWPTh-kfg==/split_aiFoundation.apk' with 1 weak references
08-06 17:09:25.668  2474  2638 W system_server: ApkAssets: Deleting an ApkAssets object '<empty> and /data/app/~~RSKoMBNywRGvPHjSA9pI5Q==/com.alibaba.aliexpresshd-mtHAfkpvKe_U_uWPTh-kfg==/split_aiFoundation.config.arm64_v8a.apk' with 1 weak references
08-06 17:09:25.668  2474  2638 W system_server: ApkAssets: Deleting an ApkAssets object '<empty> and /data/app/~~RSKoMBNywRGvPHjSA9pI5Q==/com.alibaba.aliexpresshd-mtHAfkpvKe_U_uWPTh-kfg==/split_aiFoundation.config.xxhdpi.apk' with 1 weak references
08-06 17:09:25.668  2474  2638 W system_server: ApkAssets: Deleting an ApkAssets object '<empty> and /data/app/~~RSKoMBNywRGvPHjSA9pI5Q==/com.alibaba.aliexpresshd-mtHAfkpvKe_U_uWPTh-kfg==/split_config.arm64_v8a.apk' with 1 weak references
08-06 17:09:25.668  2474  2638 W system_server: ApkAssets: Deleting an ApkAssets object '<empty> and /data/app/~~RSKoMBNywRGvPHjSA9pI5Q==/com.alibaba.aliexpresshd-mtHAfkpvKe_U_uWPTh-kfg==/split_config.xxhdpi.apk' with 1 weak references
08-06 17:09:25.668  2474  2638 W system_server: ApkAssets: Deleting an ApkAssets object '<empty> and /data/app/~~RSKoMBNywRGvPHjSA9pI5Q==/com.alibaba.aliexpresshd-mtHAfkpvKe_U_uWPTh-kfg==/split_push.apk' with 1 weak references
08-06 17:09:25.668  2474  2638 W system_server: ApkAssets: Deleting an ApkAssets object '<empty> and /data/app/~~RSKoMBNywRGvPHjSA9pI5Q==/com.alibaba.aliexpresshd-mtHAfkpvKe_U_uWPTh-kfg==/split_push.config.xxhdpi.apk' with 1 weak references
08-06 17:09:25.668  2474  2638 W system_server: ApkAssets: Deleting an ApkAssets object '<empty> and /data/app/~~RSKoMBNywRGvPHjSA9pI5Q==/com.alibaba.aliexpresshd-mtHAfkpvKe_U_uWPTh-kfg==/split_ucSo.apk' with 1 weak references
08-06 17:09:25.668  2474  2638 W system_server: ApkAssets: Deleting an ApkAssets object '<empty> and /data/app/~~RSKoMBNywRGvPHjSA9pI5Q==/com.alibaba.aliexpresshd-mtHAfkpvKe_U_uWPTh-kfg==/split_ucSo.config.arm64_v8a.apk' with 1 weak references
08-06 17:09:25.668  2474  2638 W system_server: ApkAssets: Deleting an ApkAssets object '<empty> and /data/app/~~RSKoMBNywRGvPHjSA9pI5Q==/com.alibaba.aliexpresshd-mtHAfkpvKe_U_uWPTh-kfg==/split_ucSo.config.xxhdpi.apk' with 1 weak references
08-06 17:09:25.668  2474  2638 W system_server: ApkAssets: Deleting an ApkAssets object '<empty> and /data/app/~~RSKoMBNywRGvPHjSA9pI5Q==/com.alibaba.aliexpresshd-mtHAfkpvKe_U_uWPTh-kfg==/split_ugc.apk' with 1 weak references
08-06 17:09:25.668  2474  2638 W system_server: ApkAssets: Deleting an ApkAssets object '<empty> and /data/app/~~RSKoMBNywRGvPHjSA9pI5Q==/com.alibaba.aliexpresshd-mtHAfkpvKe_U_uWPTh-kfg==/split_ugc.config.arm64_v8a.apk' with 1 weak references
08-06 17:09:25.668  2474  2638 W system_server: ApkAssets: Deleting an ApkAssets object '<empty> and /data/app/~~RSKoMBNywRGvPHjSA9pI5Q==/com.alibaba.aliexpresshd-mtHAfkpvKe_U_uWPTh-kfg==/split_ugc.config.xxhdpi.apk' with 1 weak references
08-06 17:09:25.668  2474  2638 W system_server: ApkAssets: Deleting an ApkAssets object '<empty> and /data/app/~~RSKoMBNywRGvPHjSA9pI5Q==/com.alibaba.aliexpresshd-mtHAfkpvKe_U_uWPTh-kfg==/split_wallet.apk' with 1 weak references
08-06 17:09:25.668  2474  2638 W system_server: ApkAssets: Deleting an ApkAssets object '<empty> and /data/app/~~RSKoMBNywRGvPHjSA9pI5Q==/com.alibaba.aliexpresshd-mtHAfkpvKe_U_uWPTh-kfg==/split_wallet.config.arm64_v8a.apk' with 1 weak references
08-06 17:09:25.668  2474  2638 W system_server: ApkAssets: Deleting an ApkAssets object '<empty> and /data/app/~~RSKoMBNywRGvPHjSA9pI5Q==/com.alibaba.aliexpresshd-mtHAfkpvKe_U_uWPTh-kfg==/split_wallet.config.xxhdpi.apk' with 1 weak references
08-06 17:09:25.668  2474  2638 W system_server: ApkAssets: Deleting an ApkAssets object '<empty> and /product/data-app/MIUICalendar/MIUICalendar.apk' with 1 weak references
08-06 17:09:25.669  2474  2638 W system_server: ApkAssets: Deleting an ApkAssets object '<empty> and /product/data-app/MIUIEmail/MIUIEmail.apk' with 1 weak references
08-06 17:09:25.669  2474  2638 W system_server: ApkAssets: Deleting an ApkAssets object '<empty> and /data/app/~~iBv1yHxLmpa1fr8eCxrqvg==/com.anydo-VwG3l819A6bz3cr0PaHLnQ==/base.apk' with 1 weak references
08-06 17:09:25.669  2474  2638 W system_server: ApkAssets: Deleting an ApkAssets object '<empty> and /data/app/~~Pw9GrnjpZRTWkQW4HmfMhg==/com.baidu.searchbox-1OacgQLvIfANAl658PGT5A==/base.apk' with 1 weak references
08-06 17:09:25.669  2474  2638 W system_server: ApkAssets: Deleting an ApkAssets object '<empty> and /data/app/~~Qb2YCauzpY0eMmDh_yaIKQ==/com.baidu.searchbox.lite-kLy8UUmX5GFzVCxlhxjm5Q==/base.apk' with 1 weak references
08-06 17:09:25.669  2474  2638 W system_server: ApkAssets: Deleting an ApkAssets object '<empty> and /data/app/~~0S6Rcg5nGcD_91eIUgJf-w==/com.google.android.gm-umNWpXDGwbzO17dNXiV6nQ==/base.apk' with 1 weak references
08-06 17:09:25.670  2474  2638 W system_server: ApkAssets: Deleting an ApkAssets object '<empty> and /data/app/~~0S6Rcg5nGcD_91eIUgJf-w==/com.google.android.gm-umNWpXDGwbzO17dNXiV6nQ==/split_config.arm64_v8a.apk' with 1 weak references
08-06 17:09:25.670  2474  2638 W system_server: ApkAssets: Deleting an ApkAssets object '<empty> and /data/app/~~0S6Rcg5nGcD_91eIUgJf-w==/com.google.android.gm-umNWpXDGwbzO17dNXiV6nQ==/split_config.xxhdpi.apk' with 1 weak references
08-06 17:09:25.670  2474  2638 W system_server: ApkAssets: Deleting an ApkAssets object '<empty> and /data/app/~~0S6Rcg5nGcD_91eIUgJf-w==/com.google.android.gm-umNWpXDGwbzO17dNXiV6nQ==/split_config.zh.apk' with 1 weak references
08-06 17:09:25.670  2474  2638 W system_server: ApkAssets: Deleting an ApkAssets object '<empty> and /data/app/~~6SHZIJi5Hq-AE5NEnlKOCg==/com.kuaishou.nebula-U_wg8G2C2QyRnGzl2Klhhw==/base.apk' with 1 weak references
08-06 17:09:25.670  2474  2638 W system_server: ApkAssets: Deleting an ApkAssets object '<empty> and /data/app/~~8dWfzYFSJlAiuXThqWz4Kw==/com.microsoft.office.outlook-n0kEBADikJS4AE26UFF_ig==/base.apk' with 1 weak references
08-06 17:09:25.670  2474  2638 W system_server: ApkAssets: Deleting an ApkAssets object '<empty> and /data/app/~~nH_S0qDV8qYnvli0AZJ0YA==/com.ss.android.ugc.aweme-VopOZk0kt4ERcyecK30nlw==/base.apk' with 1 weak references
08-06 17:09:25.670  1843  3496 I vendor.qti.hardware.display.composer-service: Sensor: notify citsensorservice to trigger cwb, misForced = 0
08-06 17:09:25.670  2474  2638 W system_server: ApkAssets: Deleting an ApkAssets object '<empty> and /data/app/~~RnzQReZgRH9FjwCgKWFAXQ==/com.tencent.android.qqdownloader-nIualU-Tvj2yPvI5bnmNqw==/base.apk' with 1 weak references
08-06 17:09:25.671  2474  2638 W system_server: ApkAssets: Deleting an ApkAssets object '<empty> and /data/app/~~9YO91dbvAquco87HDbkB8g==/ru.mail.mailapp-pZ4n-SECMICuCCXtrYGyIQ==/base.apk' with 1 weak references
08-06 17:09:25.671  3050  4554 I libsensor-parseRGB: request dump start for mRequestDisplayId 0
08-06 17:09:25.671  2474  2638 W system_server: ApkAssets: Deleting an ApkAssets object '<empty> and /data/app/~~9YO91dbvAquco87HDbkB8g==/ru.mail.mailapp-pZ4n-SECMICuCCXtrYGyIQ==/split_config.arm64_v8a.apk' with 1 weak references
08-06 17:09:25.671  2474  2638 W system_server: ApkAssets: Deleting an ApkAssets object '<empty> and /data/app/~~9YO91dbvAquco87HDbkB8g==/ru.mail.mailapp-pZ4n-SECMICuCCXtrYGyIQ==/split_config.xxhdpi.apk' with 1 weak references
08-06 17:09:25.671  2474  2638 W system_server: ApkAssets: Deleting an ApkAssets object '<empty> and /product/app/ContentCatcherOS2/ContentCatcherOS2.apk' with 1 weak references
08-06 17:09:25.671  2474  2638 W system_server: ApkAssets: Deleting an ApkAssets object '<empty> and /product/app/MIUIMiCloudSync/MIUIMiCloudSync.apk' with 1 weak references
08-06 17:09:25.671  2474  2638 W system_server: ApkAssets: Deleting an ApkAssets object '<empty> and /product/app/MIUIFrequentPhrase/MIUIFrequentPhrase.apk' with 1 weak references
08-06 17:09:25.671  2474  2638 W system_server: ApkAssets: Deleting an ApkAssets object '<empty> and /system_ext/app/BluetoothExtension/BluetoothExtension.apk' with 1 weak references
08-06 17:09:25.672  2474  2638 W system_server: ApkAssets: Deleting an ApkAssets object '/product/overlay/MiuiBtRRODeviceConfigOverlay.apk' with 1 weak references
08-06 17:09:25.672  2474  2638 W system_server: ApkAssets: Deleting an ApkAssets object '<empty> and /product/data-app/MIUISoundRecorderTargetSdk30/MIUISoundRecorderTargetSdk30.apk' with 1 weak references
08-06 17:09:25.672  2474  2638 W system_server: ApkAssets: Deleting an ApkAssets object '<empty> and /data/app/~~q0-yAhBBA5K0ZR-z8vx71Q==/com.google.android.apps.magazines-j4q8uS_-PljBM587iQh47Q==/base.apk' with 1 weak references
08-06 17:09:25.672  2474  2638 W system_server: ApkAssets: Deleting an ApkAssets object '<empty> and /data/app/~~q0-yAhBBA5K0ZR-z8vx71Q==/com.google.android.apps.magazines-j4q8uS_-PljBM587iQh47Q==/split_config.arm64_v8a.apk' with 1 weak references
08-06 17:09:25.672  2474  2638 W system_server: ApkAssets: Deleting an ApkAssets object '<empty> and /data/app/~~q0-yAhBBA5K0ZR-z8vx71Q==/com.google.android.apps.magazines-j4q8uS_-PljBM587iQh47Q==/split_config.xxhdpi.apk' with 1 weak references
08-06 17:09:25.672  2474  2638 W system_server: ApkAssets: Deleting an ApkAssets object '<empty> and /data/app/~~q0-yAhBBA5K0ZR-z8vx71Q==/com.google.android.apps.magazines-j4q8uS_-PljBM587iQh47Q==/split_config.zh.apk' with 1 weak references
08-06 17:09:25.672  2474  2638 W system_server: ApkAssets: Deleting an ApkAssets object '<empty> and /data/app/~~VTSr53TXeYhKHt3qapq8Lw==/com.google.android.apps.tasks-ka68UG0RwNtzKcQkGrmLnQ==/base.apk' with 1 weak references
08-06 17:09:25.672  2474  2638 W system_server: ApkAssets: Deleting an ApkAssets object '<empty> and /data/app/~~VTSr53TXeYhKHt3qapq8Lw==/com.google.android.apps.tasks-ka68UG0RwNtzKcQkGrmLnQ==/split_config.xxhdpi.apk' with 1 weak references
08-06 17:09:25.672  2474  2638 W system_server: ApkAssets: Deleting an ApkAssets object '<empty> and /data/app/~~VTSr53TXeYhKHt3qapq8Lw==/com.google.android.apps.tasks-ka68UG0RwNtzKcQkGrmLnQ==/split_config.zh.apk' with 1 weak references
08-06 17:09:25.672  2474  2638 W system_server: ApkAssets: Deleting an ApkAssets object '<empty> and /product/data-app/MIUIGallery/MIUIGallery.apk' with 1 weak references
08-06 17:09:25.673  2474  2638 W system_server: ApkAssets: Deleting an ApkAssets object '<empty> and /product/data-app/MIUINotes/MIUINotes.apk' with 1 weak references
08-06 17:09:25.673  2474  2638 W system_server: ApkAssets: Deleting an ApkAssets object '<empty> and /system_ext/priv-app/Settings/Settings.apk' with 1 weak references
08-06 17:09:25.673  2474  2638 W system_server: ApkAssets: Deleting an ApkAssets object '/product/overlay/GmsCnSettingsOverlay.apk' with 1 weak references
08-06 17:09:25.673  2474  2638 W system_server: ApkAssets: Deleting an ApkAssets object '/product/overlay/SettingsResCommon_Sys.apk' with 1 weak references
08-06 17:09:25.673  2474  2638 W system_server: ApkAssets: Deleting an ApkAssets object '/product/overlay/SettingsRroDeviceTypeOverlay.apk' with 1 weak references
08-06 17:09:25.673  2474  2638 W system_server: ApkAssets: Deleting an ApkAssets object '/product/overlay/SettingsRroDeviceConfigOverlay.apk' with 1 weak references
08-06 17:09:25.673  2474  2638 W system_server: ApkAssets: Deleting an ApkAssets object '/product/overlay/SettingsRroDeviceHideStatusBarOverlay.apk' with 1 weak references
08-06 17:09:25.673  2474  2638 W system_server: ApkAssets: Deleting an ApkAssets object '/product/overlay/SettingsRroDeviceSystemUiOverlay.apk' with 1 weak references
08-06 17:09:25.673  2474  2638 W system_server: ApkAssets: Deleting an ApkAssets object '<empty> and /system_ext/app/AccessibilityMenu/AccessibilityMenu.apk' with 1 weak references
08-06 17:09:25.674  2474  2638 W system_server: ApkAssets: Deleting an ApkAssets object '<empty> and /data/app/~~MSfAzUpbQpwvMVdjOTgXwg==/com.google.android.accessibility.switchaccess-ZXHnWxeUe0f2WYfiVolH7w==/base.apk' with 1 weak references
08-06 17:09:25.674  2474  2638 W system_server: ApkAssets: Deleting an ApkAssets object '<empty> and /data/app/~~MSfAzUpbQpwvMVdjOTgXwg==/com.google.android.accessibility.switchaccess-ZXHnWxeUe0f2WYfiVolH7w==/split_config.arm64_v8a.apk' with 1 weak references
08-06 17:09:25.674  2474  2638 W system_server: ApkAssets: Deleting an ApkAssets object '<empty> and /data/app/~~Atj19zERMYjCopvfItnRjA==/com.google.android.marvin.talkback-qWzoR0W6FlsnkOMBZP102g==/base.apk' with 1 weak references
08-06 17:09:25.674  2474  2638 W system_server: ApkAssets: Deleting an ApkAssets object '<empty> and /data/app/~~Atj19zERMYjCopvfItnRjA==/com.google.android.marvin.talkback-qWzoR0W6FlsnkOMBZP102g==/split_config.arm64_v8a.apk' with 1 weak references
08-06 17:09:25.674  2474  2638 W system_server: ApkAssets: Deleting an ApkAssets object '<empty> and /product/app/MiLinkOS2CN/MiLinkOS2CN.apk' with 1 weak references
08-06 17:09:25.674  2474  2638 W system_server: ApkAssets: Deleting an ApkAssets object '<empty> and /product/app/MIUIAccessibility/MIUIAccessibility.apk' with 1 weak references
08-06 17:09:25.675  2474  2638 W system_server: ApkAssets: Deleting an ApkAssets object '<empty> and /product/app/CarWith/CarWith.apk' with 1 weak references
08-06 17:09:25.675  2474  2638 W system_server: ApkAssets: Deleting an ApkAssets object '<empty> and /product/priv-app/MIUIPersonalAssistantPhoneOS2NoBeta/MIUIPersonalAssistantPhoneOS2NoBeta.apk' with 1 weak references
08-06 17:09:25.675  2474  2638 W system_server: ApkAssets: Deleting an ApkAssets object '<empty> and /product/priv-app/MIUISecurityCenter/MIUISecurityCenter.apk' with 1 weak references
08-06 17:09:25.676  2474  2638 W system_server: ApkAssets: Deleting an ApkAssets object '/product/overlay/signed_PLATFORM_cf766d1e91_app_sec_overlay-release-unsigned.apk' with 1 weak references
08-06 17:09:25.676  2474  2638 W system_server: ApkAssets: Deleting an ApkAssets object '<empty> and /product/priv-app/MIUIAICR/MIUIAICR.apk' with 1 weak references
08-06 17:09:25.676  2474  2638 W system_server: ApkAssets: Deleting an ApkAssets object '<empty> and /product/priv-app/MiGameCenterSDKService/MiGameCenterSDKService.apk' with 1 weak references
08-06 17:09:25.676  2474  2638 W system_server: ApkAssets: Deleting an ApkAssets object '<empty> and /data/app/~~X350H1_cSOkTgmzyPUNqBg==/io.github.ylimit.droidbotapp--H3zH67WpJMH3cqDtax9Kw==/base.apk' with 2 weak references
08-06 17:09:25.683  3690  3699 I AdrenoUtils: <ReadGpuID:357>: Reading chip ID through GSL
08-06 17:09:25.683  3690  3690 W qdgralloc: Failed to load libubwcp.so
08-06 17:09:25.680  3690  3690 W screencap: type=1400 audit(0.0:15295): avc:  denied  { read } for  name="libubwcp.so" dev="dm-37" ino=19816057 scontext=u:r:shell:s0 tcontext=u:object_r:vendor_file:s0 tclass=file permissive=0
08-06 17:09:25.686 12965 17504 W MediaProvider: isAppCloneUserPair for user 0: false
08-06 17:09:25.694  3050  4604 E libsensor-parseRGB: CWB NotifyCWBBufferDone  error 0
08-06 17:09:25.744  7856  8833 E PhoneAdapter: get ntnphones failed, exception: java.lang.IllegalStateException: Default phones haven't been made yet!
08-06 17:09:25.747  2474  7258 E WifiScoreReportInjector: current network is in roaming environment
08-06 17:09:25.760  2474  2664 I ThermalObserver: Temperature control has been released.
08-06 17:09:25.820  3086  3086 I adbd    : in ShellService: ps
08-06 17:09:25.849  1843  2051 I SDM     : DisplayBase::CommitThread: Received idle timeout, panel: cmd, timeout: 70000 us
08-06 17:09:25.886  1843  1843 I SDM     : HWCDisplay::SetActiveConfigWithConstraints: display:66-0, config: 1, WxH 1200x2670, fps 120
08-06 17:09:25.887  1843  1843 W SDM     : HWDeviceDRM::GetSupportedBitClkRate: Requested rate not supported: 1150000000
08-06 17:09:25.887  1843  1843 I SDM     : HWDeviceDRM::UpdateMixerAttributes: Mixer WxH 1200x2670-1 for Peripheral
08-06 17:09:25.888  1843  1843 I SDM     : HWCDisplay::SubmitDisplayConfig: Active configuration changed from config 3 to 1
08-06 17:09:25.888  1843  1843 I SDM     : HWCDisplay::SubmitDisplayConfig: Active WxH 1200x2670 ,ddic_mode:idle, timing_fps: 120, sf_fps: 120
08-06 17:09:25.890  1843  3496 I vendor.qti.hardware.display.composer-service: Sensor: notify citsensorservice to trigger cwb, misForced = 0
08-06 17:09:25.891  3050  4554 I libsensor-parseRGB: request dump start for mRequestDisplayId 0
08-06 17:09:25.909  3050 25119 E libsensor-parseRGB: CWB NotifyCWBBufferDone  error 0
08-06 17:09:25.916  2474  2745 I SmartPower: com.miui.systemAdSolution/10168(17757): idle->background(10616ms) R(broadcast start Intent { act=android.intent.action.PACKAGE_ADDED dat=package: flg=0x4000010 (has extras) }) adj=100.
08-06 17:09:25.920  2474  2745 I SmartPower: com.android.vending/10124(16543): idle->background(10322ms) R(broadcast start Intent { act=android.intent.action.PACKAGE_ADDED dat=package: flg=0x4000010 (has extras) }) adj=905.
08-06 17:09:25.921 16543 16543 I Finsky  : [2] yag.g(1): yag - Received: android.intent.action.PACKAGE_ADDED, [RHi-dxRKGbajPIAptmIP4vn-JHGju-W21pNmL9WzuGc]
08-06 17:09:25.922  2474  2745 I SmartPower: com.android.vending:background/10124(17245): idle->background(10324ms) R(broadcast start Intent { act=android.intent.action.PACKAGE_ADDED dat=package: flg=0x4000010 (has extras) }) adj=915.
08-06 17:09:25.923  2474  7659 W ParceledListSlice: Element #20 is 29016 bytes.
08-06 17:09:25.927 17757 17834 I Ad      : isPersonalizedAdEnabled getAdSettings: 1
08-06 17:09:25.927  2474  7257 I MiuiNetworkPolicy: updateUidState uid = 10124, uidState = 11
08-06 17:09:25.930 16543 16543 I Finsky  : [2] adpc.f(9): Clearing split related stale data.
08-06 17:09:25.933 16543  2598 I Finsky  : [1326] pcp.accept(129): Wrote row to frosting DB: 1585
08-06 17:09:25.933  2474  8332 W ParceledListSlice: Element #232 is 19012 bytes.
08-06 17:09:25.933  2474  2745 I SmartPower: com.mfashiongallery.emag/10262(13472): idle->background(10312ms) R(broadcast start Intent { act=android.intent.action.PACKAGE_ADDED dat=package: flg=0x4000010 (has extras) }) adj=905.
08-06 17:09:25.934 13430 13430 I PackageInstallReceiver: action = android.intent.action.PACKAGE_ADDED packageName = com.jabra.moments
08-06 17:09:25.934 13430 13430 I ServiceDeliveryCapability: onAppChanged:com.jabra.moments action:android.intent.action.PACKAGE_ADDED
08-06 17:09:25.935 13430 13430 I PackageInstallReceiver: action = android.intent.action.PACKAGE_CHANGED packageName = com.jabra.moments
08-06 17:09:25.935 16543  2598 I Finsky  : [1326] pcp.accept(129): Wrote row to frosting DB: 1586
08-06 17:09:25.935 13430 13430 W InstalledPackagesMemoryCache: Unknown action: android.intent.action.PACKAGE_CHANGED
08-06 17:09:25.935 13430 13430 I ServiceDeliveryCapability: onAppChanged:com.jabra.moments action:android.intent.action.PACKAGE_CHANGED
08-06 17:09:25.935 13430 13430 I AppWidgetDelegate: updateAppWidgets for com.jabra.moments
08-06 17:09:25.935 13430 13430 I WidgetController: WidgetController.updateOrRemoveStackWhenPackageChanged: packageName com.jabra.moments
08-06 17:09:25.935 13430 13430 I WidgetBackgroundBlurManager: onAppChanged appPackageName : com.jabra.moments
08-06 17:09:25.936 16543 16543 I Finsky  : [2] kuy.f(9): AIM: AppInfoCacheUpdater -> invalidating apps: [com.jabra.moments]
08-06 17:09:25.936 16543 16543 I Finsky  : [2] kvn.g(21): AIM: AppInfoManager-Perf > getApps > called for 1 apps
