08-06 17:09:25.097  9014 21900 I artd    : Dex parent of /data/app/~~fBhVu_6HDWBMV8ub0Gw0KA==/com.jabra.moments-DLzG6Y-nIz35PD1IyrILxQ==/base.apk is not writable: Permission denied
08-06 17:09:25.098  9014 21900 I artd    : GetBestInfo checking odex in dalvik-cache (/data/dalvik-cache/arm64/data@app@~~fBhVu_6HDWBMV8ub0Gw0KA==@com.jabra.moments-DLzG6Y-nIz35PD1IyrILxQ==@base.apk@classes.dex)
08-06 17:09:25.098  9014 21900 I artd    : Loading /data/dalvik-cache/arm64/data@app@~~fBhVu_6HDWBMV8ub0Gw0KA==@com.jabra.moments-DLzG6Y-nIz35PD1IyrILxQ==@base.apk@classes.dex with executable: 0
08-06 17:09:25.098  9014 21900 I artd    : OatFileAssistant test for existing oat file /data/dalvik-cache/arm64/data@app@~~fBhVu_6HDWBMV8ub0Gw0KA==@com.jabra.moments-DLzG6Y-nIz35PD1IyrILxQ==@base.apk@classes.dex: File /data/dalvik-cache/arm64/data@app@~~fBhVu_6HDWBMV8ub0Gw0KA==@com.jabra.moments-DLzG6Y-nIz35PD1IyrILxQ==@base.apk@classes.vdex does not exist.
08-06 17:09:25.098  9014 21900 I artd    : GetBestInfo checking odex next to the dex file (/data/app/~~fBhVu_6HDWBMV8ub0Gw0KA==/com.jabra.moments-DLzG6Y-nIz35PD1IyrILxQ==/oat/arm64/base.odex)
08-06 17:09:25.098  9014 21900 I artd    : Loading /data/app/~~fBhVu_6HDWBMV8ub0Gw0KA==/com.jabra.moments-DLzG6Y-nIz35PD1IyrILxQ==/oat/arm64/base.odex with executable: 0
08-06 17:09:25.098  9014 21900 I artd    : OatFileAssistant test for existing oat file /data/app/~~fBhVu_6HDWBMV8ub0Gw0KA==/com.jabra.moments-DLzG6Y-nIz35PD1IyrILxQ==/oat/arm64/base.odex: File /data/app/~~fBhVu_6HDWBMV8ub0Gw0KA==/com.jabra.moments-DLzG6Y-nIz35PD1IyrILxQ==/oat/arm64/base.vdex does not exist.
08-06 17:09:25.098  9014 21900 I artd    : GetBestInfo checking vdex in dalvik-cache (/data/dalvik-cache/arm64/data@app@~~fBhVu_6HDWBMV8ub0Gw0KA==@com.jabra.moments-DLzG6Y-nIz35PD1IyrILxQ==@base.apk@classes.vdex)
08-06 17:09:25.098  9014 21900 I artd    : unable to open vdex file /data/dalvik-cache/arm64/data@app@~~fBhVu_6HDWBMV8ub0Gw0KA==@com.jabra.moments-DLzG6Y-nIz35PD1IyrILxQ==@base.apk@classes.vdex: File /data/dalvik-cache/arm64/data@app@~~fBhVu_6HDWBMV8ub0Gw0KA==@com.jabra.moments-DLzG6Y-nIz35PD1IyrILxQ==@base.apk@classes.vdex does not exist.
08-06 17:09:25.098  9014 21900 I artd    : OatFileAssistant test for existing oat file /data/dalvik-cache/arm64/data@app@~~fBhVu_6HDWBMV8ub0Gw0KA==@com.jabra.moments-DLzG6Y-nIz35PD1IyrILxQ==@base.apk@classes.vdex: File /data/dalvik-cache/arm64/data@app@~~fBhVu_6HDWBMV8ub0Gw0KA==@com.jabra.moments-DLzG6Y-nIz35PD1IyrILxQ==@base.apk@classes.vdex does not exist.
08-06 17:09:25.098  9014 21900 I artd    : GetBestInfo checking vdex next to the dex file (/data/app/~~fBhVu_6HDWBMV8ub0Gw0KA==/com.jabra.moments-DLzG6Y-nIz35PD1IyrILxQ==/oat/arm64/base.vdex)
08-06 17:09:25.098  9014 21900 I artd    : unable to open vdex file /data/app/~~fBhVu_6HDWBMV8ub0Gw0KA==/com.jabra.moments-DLzG6Y-nIz35PD1IyrILxQ==/oat/arm64/base.vdex: File /data/app/~~fBhVu_6HDWBMV8ub0Gw0KA==/com.jabra.moments-DLzG6Y-nIz35PD1IyrILxQ==/oat/arm64/base.vdex does not exist.
08-06 17:09:25.098  9014 21900 I artd    : OatFileAssistant test for existing oat file /data/app/~~fBhVu_6HDWBMV8ub0Gw0KA==/com.jabra.moments-DLzG6Y-nIz35PD1IyrILxQ==/oat/arm64/base.vdex: File /data/app/~~fBhVu_6HDWBMV8ub0Gw0KA==/com.jabra.moments-DLzG6Y-nIz35PD1IyrILxQ==/oat/arm64/base.vdex does not exist.
08-06 17:09:25.098  9014 21900 I artd    : GetBestInfo checking dm (/data/app/~~fBhVu_6HDWBMV8ub0Gw0KA==/com.jabra.moments-DLzG6Y-nIz35PD1IyrILxQ==/base.dm)
08-06 17:09:25.098  9014 21900 W ziparchive: Unable to open '/data/app/~~fBhVu_6HDWBMV8ub0Gw0KA==/com.jabra.moments-DLzG6Y-nIz35PD1IyrILxQ==/base.dm': No such file or directory
08-06 17:09:25.098  9014 21900 I artd    : OatFileAssistant test for existing oat file /data/app/~~fBhVu_6HDWBMV8ub0Gw0KA==/com.jabra.moments-DLzG6Y-nIz35PD1IyrILxQ==/base.dm: I/O error
08-06 17:09:25.098  9014 21900 I artd    : GetBestInfo checking dm (/data/app/~~fBhVu_6HDWBMV8ub0Gw0KA==/com.jabra.moments-DLzG6Y-nIz35PD1IyrILxQ==/base.dm)
08-06 17:09:25.098  9014 21900 W ziparchive: Unable to open '/data/app/~~fBhVu_6HDWBMV8ub0Gw0KA==/com.jabra.moments-DLzG6Y-nIz35PD1IyrILxQ==/base.dm': No such file or directory
08-06 17:09:25.098  9014 21900 I artd    : OatFileAssistant test for existing oat file /data/app/~~fBhVu_6HDWBMV8ub0Gw0KA==/com.jabra.moments-DLzG6Y-nIz35PD1IyrILxQ==/base.dm: I/O error
08-06 17:09:25.098  9014 21900 I artd    : GetBestInfo no usable artifacts
08-06 17:09:25.100  2474  8355 W ziparchive: Unable to open '/data/app/~~fBhVu_6HDWBMV8ub0Gw0KA==/com.jabra.moments-DLzG6Y-nIz35PD1IyrILxQ==/base.dm': No such file or directory
08-06 17:09:25.101  2474  8355 E DexOptHelperImpl: Fail to get art odex vdex with path :/data/app/~~fBhVu_6HDWBMV8ub0Gw0KA==/com.jabra.moments-DLzG6Y-nIz35PD1IyrILxQ==/base.apk
08-06 17:09:25.109  2474  7382 I SmartPower: com.android.permissioncontroller/10241(7505): background->idle(13010ms) R(service end com.android.permissioncontroller/.permission.service.PermissionControllerServiceImpl) adj=905.
08-06 17:09:25.152  3086  3086 I adbd    : in ShellService: dumpsys activity activities
08-06 17:09:25.238  3086  3086 I adbd    : in ShellService: dumpsys activity activities
08-06 17:09:25.317  3086  3086 I adbd    : in ShellService: dumpsys activity activities
08-06 17:09:25.374  3644  3644 I dex2oat64: dex2oat took 928.090ms (2.752s cpu) (threads: 6) arena alloc=0B (0B) java alloc=25MB (26327472B) native alloc=5819KB (5958704B) free=1542KB (1579584B) swap=16MB (16777216B)
08-06 17:09:25.388  3086  3086 I adbd    : in ShellService: dumpsys activity services
08-06 17:09:25.388  9014  9024 I artd    : dex2oat returned code 0
08-06 17:09:25.391  2474  3506 I ArtService: Dexopt result: [packageName = com.jabra.moments] DexContainerFileDexoptResult{dexContainerFile=/data/app/~~fBhVu_6HDWBMV8ub0Gw0KA==/com.jabra.moments-DLzG6Y-nIz35PD1IyrILxQ==/base.apk, primaryAbi=true, abi=arm64-v8a, actualCompilerFilter=verify, status=PERFORMED, dex2oatWallTimeMillis=-387174204, dex2oatCpuTimeMillis=2790, sizeBytes=42388480, sizeBeforeBytes=0, extendedStatusFlags=[]}
08-06 17:09:25.392  2474 30182 I Miui32BitTranslateHelper: 32BitPretranslate: skipping APK pre-translation for com.jabra.moments
08-06 17:09:25.394  2474  3506 W PackageFreezer: Freeze package com.jabra.moments about 1.051 seconds for reason: installPackageLI
08-06 17:09:25.394  2474  3506 I BackupManagerService: [UserID:0] restoreAtInstall pkg=com.jabra.moments token=20 restoreSet=0
08-06 17:09:25.395  1865  1865 I vendor.qti.hardware.servicetrackeraidl-service: bindService is called for service : com.google.android.gms/.backup.BackupTransportService and for client system
08-06 17:09:25.396  1865  1865 I vendor.qti.hardware.servicetrackeraidl-service: total connections for service : com.google.android.gms/.backup.BackupTransportServiceare :1
08-06 17:09:25.401  1865  1865 I vendor.qti.hardware.servicetrackeraidl-service: total connections for client : systemare :27
08-06 17:09:25.405  2474  2474 I TransportConnection: BackupTransportService#1728: Notifying [BMS.restoreAtInstall] transport = BackupTransportClient
08-06 17:09:25.408  1865  1865 I vendor.qti.hardware.servicetrackeraidl-service: unbindService is called for service : com.google.android.gms/.backup.BackupTransportService and for client system
08-06 17:09:25.408  1865  1865 I vendor.qti.hardware.servicetrackeraidl-service: size of service connections for service: com.google.android.gms/.backup.BackupTransportServiceafter removal is 0
08-06 17:09:25.408  1865  1865 I vendor.qti.hardware.servicetrackeraidl-service: size of client connections for client: systemafter removal is 26
08-06 17:09:25.408  1865  1865 I vendor.qti.hardware.servicetrackeraidl-service: destroyService is called for service : com.google.android.gms/.backup.BackupTransportService
08-06 17:09:25.408  7177  8623 W AndroidBackupEventsLogg: Flag disabled, logging without sampling [CONTEXT service_id=229 ]
08-06 17:09:25.408  7177  8623 I AndroidBackupEventsLogg: (REDACTED) Logging without sampling %s
08-06 17:09:25.409  7177  8623 W AndroidBackupEventsLogg: Flag disabled, logging without sampling [CONTEXT service_id=229 ]
08-06 17:09:25.409  7177  8623 I AndroidBackupEventsLogg: (REDACTED) Logging without sampling %s
08-06 17:09:25.410  2474  3506 I InstallationTiming: com.jabra.moments|null|11040|9392|170|330|0|16|998
08-06 17:09:25.410  2474  3506 I AppsFilter: interaction: PackageSetting{2ca3144 com.android.microdroid.empty_payload/10236} -> PackageSetting{eabb67b com.jabra.moments/10360} BLOCKED
08-06 17:09:25.410  2474  3506 I AppsFilter: interaction: PackageSetting{f753362 io.appium.uiautomator2.server.test/10280} -> PackageSetting{eabb67b com.jabra.moments/10360} BLOCKED
08-06 17:09:25.410  2474  3506 I AppsFilter: interaction: PackageSetting{b9ac1d4 io.github.ylimit.droidbotapp/10359} -> PackageSetting{eabb67b com.jabra.moments/10360} BLOCKED
08-06 17:09:25.410  2474  3506 I AppsFilter: interaction: PackageSetting{a5aecf3 com.rongcard.eid/10151} -> PackageSetting{eabb67b com.jabra.moments/10360} BLOCKED
08-06 17:09:25.410  2474  3506 I AppsFilter: interaction: PackageSetting{3db1db0 io.appium.settings/10274} -> PackageSetting{eabb67b com.jabra.moments/10360} BLOCKED
08-06 17:09:25.408  2474  2474 W binder:2474_D: type=1400 audit(0.0:15292): avc:  denied  { getopt } for  scontext=u:r:system_server:s0 tcontext=u:r:shell:s0 tclass=unix_stream_socket permissive=0
08-06 17:09:25.408  2474  2474 W binder:2474_D: type=1400 audit(0.0:15293): avc:  denied  { getopt } for  scontext=u:r:system_server:s0 tcontext=u:r:shell:s0 tclass=unix_stream_socket permissive=0
08-06 17:09:25.408  2474  2474 W binder:2474_D: type=1400 audit(0.0:15294): avc:  denied  { getopt } for  scontext=u:r:system_server:s0 tcontext=u:r:shell:s0 tclass=unix_stream_socket permissive=0
08-06 17:09:25.419  2474  2680 I MiuiCompatModePackages: package com.jabra.moments updated, removing config
08-06 17:09:25.424  2474  7257 I MiuiNetworkPolicy: ACTION_PACKAGE_ADDED uid = 10360
08-06 17:09:25.425  2474  7414 I SdkSandboxManager: No SDKs used. Skipping SDK data reconcilation for CallingInfo{mUid=10360, mPackageName='com.jabra.moments, mAppProcessToken='null'}
08-06 17:09:25.425  2474  7426 E AppScanObserverService: Try to add a invalid package: com.jabra.moments | 10360 | 0
08-06 17:09:25.426  2474  2474 I NetworkDetectInjector: ACTION_PACKAGE_ADDED uid = 10360
08-06 17:09:25.426  2474  7278 E AppOps  : attributionTag VCN not declared in manifest of android
08-06 17:09:25.427  2474  2474 I MiuiNetworkPolicyTrafficLimit: ACTION_PACKAGE_ADDED uid = 10360
08-06 17:09:25.427  2474  2474 E SLM-SRV-SLAAppLib: initBroadcastReceivercom.jabra.moments
08-06 17:09:25.427  2474  2474 I SLM-SRV-SLAAppLib: ACTION_PACKAGE_ADDED uid = 10360com.jabra.moments
08-06 17:09:25.427  2474  2474 I SLM-SRV-SLSAppLib: setSLSGameUidList:null
08-06 17:09:25.427  2474  2474 I SLM-SRV-SLSAppLib: setSLSVoIPUid:0
08-06 17:09:25.427  2474  2474 I NetworkAccelerateSwitchService: setNetworkAccelerateSwitchUidList:null
08-06 17:09:25.427  2474  2474 I NetworkAccelerateSwitchService: setNetworkAccelerateSwitchVoIPUid:0
08-06 17:09:25.427  2474  2474 I SLM-SRV-SLAAppLib: mDoubleWifiUidList = 10090,10261,10286,10324,10340,10325,10322,10167,10339,10326,
08-06 17:09:25.427  2474  2474 I SLM-SRV-SLAAppLib: mDoubleDataUidList = 10090,10261,10286,10325,10322,10329,10167,10339,10326,
08-06 17:09:25.427  2474  8196 I SLM-SRV-SLAAppLib: setUidWhiteListToSlad
08-06 17:09:25.427  2474  8196 I SLM-SRV-SLAAppLib: setSLAUidList:10322,10325,10326,10332,10339,10261,10340,10286,10167,10090,
08-06 17:09:25.428  2474  8196 I SLM-SRV-SLSAppLib: setSLAAppWhiteList:10322,10325,10326,10332,10339,10261,10340,10286,10167,
08-06 17:09:25.429  2474  7278 E AppOps  : attributionTag VCN not declared in manifest of android
08-06 17:09:25.432  2474  7409 W PackageManager: Failed registering loading progress callback. Package is fully loaded.
08-06 17:09:25.432  2474  4327 I RoleService: Granting default roles...
08-06 17:09:25.434 13710 15240 I MiuiVpnManageService: PackageMonitor. onPackageAdded: packageName =com.jabra.moments
08-06 17:09:25.437  7458  8105 E ScreenElementRoot: load error, manifest root is null
08-06 17:09:25.438  7856  8405 E SmsApplication: com.android.mms lost android:read_cell_broadcasts:  (fixing)
08-06 17:09:25.438  2474  8330 W AppOpService: Ignored setUidMode call for runtime permission app op: uid = 10141, code = READ_CELL_BROADCASTS, mode = allow, callingUid = 1001, oldMode = allow
08-06 17:09:25.441 14191 14518 I WakelockPolicyManager: setWakelockPolicy
08-06 17:09:25.443  7458  8105 E Launcher.AllAppsList: Can't load postion for packageName: com.jabra.moments activityName: com.jabra.moments.ui.splash.SplashActivity
08-06 17:09:25.443  2474  8332 W ParceledListSlice: Element #10 is 43420 bytes.
08-06 17:09:25.444  2474  4292 W ParceledListSlice: Element #17 is 25036 bytes.
08-06 17:09:25.444  2474  4292 W ParceledListSlice: Element #24 is 52004 bytes.
08-06 17:09:25.444  2474  4292 W ParceledListSlice: Overly large reply size: 117272
08-06 17:09:25.446  2474  7647 W ParceledListSlice: Element #34 is 204620 bytes.
08-06 17:09:25.446  2474  7647 W ParceledListSlice: Overly large reply size: 237228
08-06 17:09:25.448  2474  9656 W AppOpService: Ignored setUidMode call for runtime permission app op: uid = 1001, code = READ_SMS, mode = allow, callingUid = 1001, oldMode = allow
08-06 17:09:25.449  2474  7647 W ParceledListSlice: Element #40 is 19708 bytes.
08-06 17:09:25.449  2474  8330 W AppOpService: Ignored setUidMode call for runtime permission app op: uid = 1001, code = RECEIVE_SMS, mode = allow, callingUid = 1001, oldMode = allow
08-06 17:09:25.449  2474  8332 W AppOpService: Ignored setUidMode call for runtime permission app op: uid = 1001, code = RECEIVE_WAP_PUSH, mode = allow, callingUid = 1001, oldMode = allow
08-06 17:09:25.449  7458  8100 W PreviewDisappear: getIconDrawable src: null
08-06 17:09:25.449  2474  8332 W AppOpService: Ignored setUidMode call for runtime permission app op: uid = 1001, code = SEND_SMS, mode = allow, callingUid = 1001, oldMode = allow
08-06 17:09:25.449  2474  8332 W AppOpService: Ignored setUidMode call for runtime permission app op: uid = 1001, code = READ_CELL_BROADCASTS, mode = allow, callingUid = 1001, oldMode = allow
08-06 17:09:25.450  7458  8100 W PreviewDisappear: getIconDrawable app drawable: null
08-06 17:09:25.450  7458  8100 W PreviewDisappear: getIcon info target: ComponentInfo{com.jabra.moments/com.jabra.moments.ui.splash.SplashActivity}
08-06 17:09:25.450  7458  8100 W PreviewDisappear: getIcon info user: UserHandle{0}
08-06 17:09:25.450  7458  8100 W PreviewDisappear: getIcon info intent: Intent { act=android.intent.action.MAIN cat=[android.intent.category.LAUNCHER] flg=0x10200000 cmp=com.jabra.moments/.ui.splash.SplashActivity (has extras) }
08-06 17:09:25.450  7458  8100 W PreviewDisappear: 1 getIcon entry: null
08-06 17:09:25.450 13710 13710 I TrafficManageService: mina mPackageReceiver 0
08-06 17:09:25.450  2474  7647 W ParceledListSlice: Element #48 is 187940 bytes.
08-06 17:09:25.450  2474  7647 W ParceledListSlice: Overly large reply size: 249300
08-06 17:09:25.450 13710 13710 I InstalledAppMonitor: com.jabra.momentsonReceive add pkg=com.jabra.moments
08-06 17:09:25.450 13710 15127 I FireWallService: mina mPackageReceiver onReceive
08-06 17:09:25.450 13710 15441 I GameBoosterNewApp: addAppToGameBox: isGameBoosterOpen=true
08-06 17:09:25.452  1865  1865 I vendor.qti.hardware.servicetrackeraidl-service: bindService is called for service : com.android.permissioncontroller/.permission.service.PermissionControllerServiceImpl and for client system
08-06 17:09:25.452  1865  1865 I vendor.qti.hardware.servicetrackeraidl-service: total connections for service : com.android.permissioncontroller/.permission.service.PermissionControllerServiceImplare :1
08-06 17:09:25.452  1865  1865 I vendor.qti.hardware.servicetrackeraidl-service: total connections for client : systemare :27
08-06 17:09:25.452 13710 15441 I GameBoosterNewApp: com.jabra.moments isGameFromJson false
08-06 17:09:25.454  2474  7257 I MiuiNetworkPolicy: updateUidState uid = 10241, uidState = 6
08-06 17:09:25.456 13710 15441 I GameBoosterNewApp: com.jabra.moments isGameFromLocal false
08-06 17:09:25.456 14395 14395 E PackageInstallHelper: handler start
08-06 17:09:25.456 14395 14395 E PackageInstallHelper: handler end
08-06 17:09:25.456 14395 14395 E PackageInstallHelper: PackageInstallHelper handler real start
08-06 17:09:25.456  2474  7659 I ClipboardServiceI: checkProviderWakePathForClipboard: primaryClip is null
08-06 17:09:25.456 13710 15127 W FireWallService: is Pre-installed application
08-06 17:09:25.456  2474  7257 I MiuiNetworkPolicy: updateUidState uid = 10092, uidState = 5
08-06 17:09:25.458  2474  7382 I SmartPower: com.android.permissioncontroller/10241(7505): idle->background(349ms) R(add to whitelist) adj=0.
08-06 17:09:25.458 13710 15607 I AppPredictManager: predict: recentApps size = 5
08-06 17:09:25.459 13710 14761 W ContextImpl: Calling a method in the system process without a qualified user: android.app.ContextImpl.startService:1939 android.content.ContextWrapper.startService:843 b4.k.d:80 q2.j.w:116 q2.j.j:0 
08-06 17:09:25.459  7464  8017 I htmlviewercloudcontrol: isStagingEnv:false param =  fps_group_config  uriMatch = 2, cluster: cn, version: 569290, traceId: edf791a3c2f0f49177c2934c6d2002a2, regId: +4z3RS85+e2U9l+sd6caQ/srGmJCsEbKpG1twyPn1K0CrNNyxYT/yAgGVxm5X+yC
08-06 17:09:25.460  2474  2474 I AppsFilter: interaction: PackageSetting{b2e662c com.android.microdroid.empty_payload/10236} -> PackageSetting{7eb18f5 com.jabra.moments/10360} BLOCKED
08-06 17:09:25.460  2036  2036 E DisplayModeController: setDesiredMode : Idle status skip setActiveMode, isDdicIdleMode: 1
08-06 17:09:25.460  2474  2474 I AppsFilter: interaction: PackageSetting{332768a io.appium.uiautomator2.server.test/10280} -> PackageSetting{7eb18f5 com.jabra.moments/10360} BLOCKED
08-06 17:09:25.460  2474  2474 I AppsFilter: interaction: PackageSetting{556b4fb io.github.ylimit.droidbotapp/10359} -> PackageSetting{7eb18f5 com.jabra.moments/10360} BLOCKED
08-06 17:09:25.460  2474  2474 I AppsFilter: interaction: PackageSetting{631b918 com.rongcard.eid/10151} -> PackageSetting{7eb18f5 com.jabra.moments/10360} BLOCKED
08-06 17:09:25.460  2474  2474 I AppsFilter: interaction: PackageSetting{a214f71 io.appium.settings/10274} -> PackageSetting{7eb18f5 com.jabra.moments/10360} BLOCKED
08-06 17:09:25.460  2474  2745 I SmartPower: com.android.packageinstaller/10097(18840): idle->background(10330ms) R(broadcast start Intent { act=android.intent.action.PACKAGE_ADDED dat=package: flg=0x5000010 pkg=com.android.packageinstaller (has extras) }) adj=915.
08-06 17:09:25.460  7458  8100 W PreviewDisappear: 2 getIcon entry: com.miui.home.launcher.graphics.DrawableInfo@46664a4
08-06 17:09:25.460  7458  8100 W PreviewDisappear: applyCacheEntry entry: com.miui.home.launcher.graphics.drawable.LayerAdaptiveIconDrawable@d1b020d
08-06 17:09:25.460  7458  8100 W PreviewDisappear: getIconDrawable finally drawable: com.miui.home.launcher.graphics.drawable.LayerAdaptiveIconDrawable@d1b020d
08-06 17:09:25.461  1843  1843 I SDM     : HWCDisplay::SetActiveConfigWithConstraints: display:66-0, config: 3, WxH 1200x2670, fps 120
08-06 17:09:25.462  1843  1843 W SDM     : HWDeviceDRM::GetSupportedBitClkRate: Requested rate not supported: 1150000000
08-06 17:09:25.462  1843  1843 I SDM     : HWDeviceDRM::UpdateMixerAttributes: Mixer WxH 1200x2670-1 for Peripheral
08-06 17:09:25.462  1843  1843 I SDM     : HWCDisplay::SubmitDisplayConfig: Active configuration changed from config 1 to 3
08-06 17:09:25.462  1843  1843 I SDM     : HWCDisplay::SubmitDisplayConfig: Active WxH 1200x2670 ,ddic_mode:auto, timing_fps: 120, sf_fps: 120
08-06 17:09:25.462  2474  7647 I SmartPower: com.miui.cleanmaster/10266(17558): idle->background(10356ms) R(service create com.miui.cleanmaster/com.miui.optimizecenter.service.CleanMasterService) adj=0.
08-06 17:09:25.463  2474  7257 I MiuiNetworkPolicy: updateUidState uid = 10097, uidState = 11
08-06 17:09:25.463  1843  3496 I vendor.qti.hardware.display.composer-service: Sensor: notify citsensorservice to trigger cwb, misForced = 0
08-06 17:09:25.463  3050  4554 I libsensor-parseRGB: request dump start for mRequestDisplayId 0
08-06 17:09:25.464  2474  7257 I MiuiNetworkPolicy: updateUidState uid = 10266, uidState = 10
08-06 17:09:25.465  2474  7659 I ActivityManager: Background started FGS: Allowed [callingPackage: com.miui.securitycenter; callingUid: 1000; uidState: PER ; uidBFSL: [BFSL]; intent: Intent { act=com.miui.cleanmaster.GARBAGE_PKG_ADD pkg=com.miui.cleanmaster (has extras) }; code:PROC_STATE_PERSISTENT; tempAllowListReason:<null>; targetSdkVersion:34; callerTargetSdkVersion:34; startForegroundCount:0; bindFromPackage:null: isBindService:false]
08-06 17:09:25.465  2474  7659 W ForegroundServiceTypeLoggerModule: Foreground service start for UID: 10266 does not have any types
08-06 17:09:25.468  2474  7257 I MiuiNetworkPolicy: updateUidState uid = 10266, uidState = 4
08-06 17:09:25.468  2474 10062 I ActivityManager: Cancel FGS notification userId: 0 definingUid: 10266 packageName: com.miui.cleanmaster processName:com.miui.cleanmaster ChannelId:com.miui.cleanmaster foregroundNotiWhen:1754471365464 Notiflags:64
08-06 17:09:25.469  2474 10062 W ForegroundServiceTypeLoggerModule: FGS stop call for: 10266 has no types!
08-06 17:09:25.472  1865  1865 I vendor.qti.hardware.servicetrackeraidl-service: destroyService is called for service : com.miui.cleanmaster/com.miui.optimizecenter.service.CleanMasterService
08-06 17:09:25.473  7464  8017 I htmlviewercloudcontrol: isStagingEnv:false param =  fps_group_config  uriMatch = 2, cluster: cn, version: 569290, traceId: edf791a3c2f0f49177c2934c6d2002a2, regId: +4z3RS85+e2U9l+sd6caQ/srGmJCsEbKpG1twyPn1K0CrNNyxYT/yAgGVxm5X+yC
08-06 17:09:25.475  7464  8017 I htmlviewercloudcontrol: isStagingEnv:false param =  fps_group_config  uriMatch = 2, cluster: cn, version: 569290, traceId: edf791a3c2f0f49177c2934c6d2002a2, regId: +4z3RS85+e2U9l+sd6caQ/srGmJCsEbKpG1twyPn1K0CrNNyxYT/yAgGVxm5X+yC
08-06 17:09:25.477 13710 13710 I AppPredictPrivacyLaunchManager: updateLauncherApps size: 76
08-06 17:09:25.477  2474  9656 E AppOps  : Bad call made by uid 1001. Package "com.android.phone" does not belong to uid 1000.
08-06 17:09:25.477  2474  9656 E AppOps  : Cannot noteOperation: non-application UID 1000
08-06 17:09:25.478  7464  8017 I htmlviewercloudcontrol: isStagingEnv:false param =  fps_tp_exclude  uriMatch = 2, cluster: cn, version: 569290, traceId: edf791a3c2f0f49177c2934c6d2002a2, regId: +4z3RS85+e2U9l+sd6caQ/srGmJCsEbKpG1twyPn1K0CrNNyxYT/yAgGVxm5X+yC
08-06 17:09:25.479  2474  7257 I MiuiNetworkPolicyTrafficLimit: updateWhiteListUidForMobileTraffic uid=10266,add=true
08-06 17:09:25.479  2474  7257 I MiuiNetworkPolicy: updateUidState uid = 10097, uidState = 19
08-06 17:09:25.479  2552  2571 W mit.droidbotapp: Cleared Reference was only reachable from finalizer (only reported once)
08-06 17:09:25.480  2474  7257 I MiuiNetworkPolicy: updateUidState uid = 10266, uidState = 19
08-06 17:09:25.481 14191 14606 W WakelockManagerService: uid: 1000 is unblock state
08-06 17:09:25.481 14191 14606 W WakelockManagerService: uid: 1001 is unblock state
08-06 17:09:25.481 14191 14606 W WakelockManagerService: uid: 1002 is unblock state
08-06 17:09:25.481 14191 14606 W WakelockManagerService: uid: 1027 is unblock state
08-06 17:09:25.481 14191 14606 W WakelockManagerService: uid: 1068 is unblock state
08-06 17:09:25.481 14191 14606 W WakelockManagerService: uid: 1073 is unblock state
08-06 17:09:25.481 14191 14606 W WakelockManagerService: uid: 2000 is unblock state
08-06 17:09:25.481 14191 14606 W WakelockManagerService: uid: 6100 is unblock state
08-06 17:09:25.481 14191 14606 W WakelockManagerService: uid: 6101 is unblock state
08-06 17:09:25.481 14191 14606 W WakelockManagerService: uid: 6102 is unblock state
08-06 17:09:25.481 14191 14606 W WakelockManagerService: uid: 6110 is unblock state
08-06 17:09:25.481 14191 14606 W WakelockManagerService: uid: 6120 is unblock state
08-06 17:09:25.481 14191 14606 W WakelockManagerService: uid: 10000 is unblock state
08-06 17:09:25.481 14191 14606 W WakelockManagerService: uid: 10001 is unblock state
08-06 17:09:25.481 14191 14606 W WakelockManagerService: uid: 10002 is unblock state
08-06 17:09:25.481 14191 14606 W WakelockManagerService: uid: 10003 is unblock state
08-06 17:09:25.481 14191 14606 W WakelockManagerService: uid: 10004 is unblock state
08-06 17:09:25.481 14191 14606 W WakelockManagerService: uid: 10005 is unblock state
08-06 17:09:25.481 14191 14606 W WakelockManagerService: uid: 10006 is unblock state
08-06 17:09:25.481 14191 14606 W WakelockManagerService: uid: 10007 is unblock state
08-06 17:09:25.481 14191 14606 W WakelockManagerService: uid: 10008 is unblock state
08-06 17:09:25.481 14191 14606 W WakelockManagerService: uid: 10009 is unblock state
08-06 17:09:25.481 14191 14606 W WakelockManagerService: uid: 10010 is unblock state
08-06 17:09:25.481 14191 14606 W WakelockManagerService: uid: 10011 is unblock state
08-06 17:09:25.481  2474  7257 I MiuiNetworkPolicyTrafficLimit: updateWhiteListUidForMobileTraffic uid=10266,add=false
08-06 17:09:25.481 14191 14606 W WakelockManagerService: uid: 10012 is unblock state
08-06 17:09:25.481 14191 14606 W WakelockManagerService: uid: 10013 is unblock state
08-06 17:09:25.481 14191 14606 W WakelockManagerService: uid: 10014 is unblock state
08-06 17:09:25.481 14191 14606 W WakelockManagerService: uid: 10015 is unblock state
08-06 17:09:25.481 14191 14606 W WakelockManagerService: uid: 10016 is unblock state
08-06 17:09:25.481 14191 14606 W WakelockManagerService: uid: 10017 is unblock state
08-06 17:09:25.481 14191 14606 W WakelockManagerService: uid: 10018 is unblock state
08-06 17:09:25.481 14191 14606 W WakelockManagerService: uid: 10019 is unblock state
08-06 17:09:25.481 14191 14606 W WakelockManagerService: uid: 10020 is unblock state
08-06 17:09:25.481 14191 14606 W WakelockManagerService: uid: 10021 is unblock state
08-06 17:09:25.481 14191 14606 W WakelockManagerService: uid: 10022 is unblock state
08-06 17:09:25.481 14191 14606 W WakelockManagerService: uid: 10023 is unblock state
08-06 17:09:25.481 14191 14606 W WakelockManagerService: uid: 10024 is unblock state
08-06 17:09:25.481 14191 14606 W WakelockManagerService: uid: 10025 is unblock state
08-06 17:09:25.481 14191 14606 W WakelockManagerService: uid: 10026 is unblock state
08-06 17:09:25.481 14191 14606 W WakelockManagerService: uid: 10027 is unblock state
08-06 17:09:25.481 14191 14606 W WakelockManagerService: uid: 10028 is unblock state
08-06 17:09:25.481 14191 14606 W WakelockManagerService: uid: 10029 is unblock state
08-06 17:09:25.481 14191 14606 W WakelockManagerService: uid: 10030 is unblock state
08-06 17:09:25.481 14191 14606 W WakelockManagerService: uid: 10031 is unblock state
08-06 17:09:25.481 14191 14606 W WakelockManagerService: uid: 10032 is unblock state
08-06 17:09:25.481 14191 14606 W WakelockManagerService: uid: 10033 is unblock state
08-06 17:09:25.481 14191 14606 W WakelockManagerService: uid: 10034 is unblock state
08-06 17:09:25.481 14191 14606 W WakelockManagerService: uid: 10035 is unblock state
08-06 17:09:25.481 14191 14606 W WakelockManagerService: uid: 10036 is unblock state
08-06 17:09:25.481 14191 14606 W WakelockManagerService: uid: 10037 is unblock state
08-06 17:09:25.481 14191 14606 W WakelockManagerService: uid: 10038 is unblock state
08-06 17:09:25.481 14191 14606 W WakelockManagerService: uid: 10039 is unblock state
08-06 17:09:25.481 14191 14606 W WakelockManagerService: uid: 10040 is unblock state
08-06 17:09:25.481 14191 14606 W WakelockManagerService: uid: 10041 is unblock state
08-06 17:09:25.481 14191 14606 W WakelockManagerService: uid: 10042 is unblock state
08-06 17:09:25.481 14191 14606 W WakelockManagerService: uid: 10043 is unblock state
08-06 17:09:25.481 14191 14606 W WakelockManagerService: uid: 10044 is unblock state
08-06 17:09:25.481 14191 14606 W WakelockManagerService: uid: 10045 is unblock state
08-06 17:09:25.481 14191 14606 W WakelockManagerService: uid: 10046 is unblock state
08-06 17:09:25.481 14191 14606 W WakelockManagerService: uid: 10047 is unblock state
08-06 17:09:25.481 14191 14606 W WakelockManagerService: uid: 10048 is unblock state
08-06 17:09:25.481 14191 14606 W WakelockManagerService: uid: 10049 is unblock state
08-06 17:09:25.481 14191 14606 W WakelockManagerService: uid: 10050 is unblock state
08-06 17:09:25.481 14191 14606 W WakelockManagerService: uid: 10051 is unblock state
08-06 17:09:25.481 14191 14606 W WakelockManagerService: uid: 10052 is unblock state
08-06 17:09:25.481 14191 14606 W WakelockManagerService: uid: 10053 is unblock state
08-06 17:09:25.481 14191 14606 W WakelockManagerService: uid: 10054 is unblock state
08-06 17:09:25.481 14191 14606 W WakelockManagerService: uid: 10055 is unblock state
08-06 17:09:25.481 14191 14606 W WakelockManagerService: uid: 10056 is unblock state
08-06 17:09:25.482 14191 14606 W WakelockManagerService: uid: 10057 is unblock state
08-06 17:09:25.482 14191 14606 W WakelockManagerService: uid: 10058 is unblock state
08-06 17:09:25.482 14191 14606 W WakelockManagerService: uid: 10059 is unblock state
08-06 17:09:25.482 14191 14606 W WakelockManagerService: uid: 10060 is unblock state
08-06 17:09:25.482 14191 14606 W WakelockManagerService: uid: 10061 is unblock state
08-06 17:09:25.482 14191 14606 W WakelockManagerService: uid: 10062 is unblock state
08-06 17:09:25.482 14191 14606 W WakelockManagerService: uid: 10063 is unblock state
08-06 17:09:25.482 14191 14606 W WakelockManagerService: uid: 10064 is unblock state
08-06 17:09:25.482 14191 14606 W WakelockManagerService: uid: 10065 is unblock state
08-06 17:09:25.482 14191 14606 W WakelockManagerService: uid: 10066 is unblock state
08-06 17:09:25.482 14191 14606 W WakelockManagerService: uid: 10067 is unblock state
08-06 17:09:25.482 14191 14606 W WakelockManagerService: uid: 10068 is unblock state
08-06 17:09:25.482 14191 14606 W WakelockManagerService: uid: 10069 is unblock state
08-06 17:09:25.482 14191 14606 W WakelockManagerService: uid: 10070 is unblock state
08-06 17:09:25.482 14191 14606 W WakelockManagerService: uid: 10071 is unblock state
08-06 17:09:25.482 14191 14606 W WakelockManagerService: uid: 10072 is unblock state
08-06 17:09:25.482 14191 14606 W WakelockManagerService: uid: 10073 is unblock state
08-06 17:09:25.482 14191 14606 W WakelockManagerService: uid: 10074 is unblock state
08-06 17:09:25.482 14191 14606 W WakelockManagerService: uid: 10075 is unblock state
08-06 17:09:25.482 14191 14606 W WakelockManagerService: uid: 10076 is unblock state
08-06 17:09:25.482 14191 14606 W WakelockManagerService: uid: 10077 is unblock state
08-06 17:09:25.482 14191 14606 W WakelockManagerService: uid: 10078 is unblock state
08-06 17:09:25.482 14191 14606 W WakelockManagerService: uid: 10079 is unblock state
08-06 17:09:25.482 14191 14606 W WakelockManagerService: uid: 10080 is unblock state
08-06 17:09:25.482 14191 14606 W WakelockManagerService: uid: 10081 is unblock state
08-06 17:09:25.482 14191 14606 W WakelockManagerService: uid: 10082 is unblock state
08-06 17:09:25.482 14191 14606 W WakelockManagerService: uid: 10083 is unblock state
08-06 17:09:25.482 14191 14606 W WakelockManagerService: uid: 10084 is unblock state
08-06 17:09:25.482 14191 14606 W WakelockManagerService: uid: 10085 is unblock state
08-06 17:09:25.482 14191 14606 W WakelockManagerService: uid: 10086 is unblock state
08-06 17:09:25.482 14191 14606 W WakelockManagerService: uid: 10087 is unblock state
08-06 17:09:25.482 14191 14606 W WakelockManagerService: uid: 10088 is unblock state
08-06 17:09:25.482 14191 14606 W WakelockManagerService: uid: 10089 is unblock state
08-06 17:09:25.482 14191 14606 W WakelockManagerService: uid: 10090 is unblock state
08-06 17:09:25.482 14191 14606 W WakelockManagerService: uid: 10091 is unblock state
08-06 17:09:25.482 14191 14606 W WakelockManagerService: uid: 10092 is unblock state
08-06 17:09:25.482 14191 14606 W WakelockManagerService: uid: 10093 is unblock state
08-06 17:09:25.482 14191 14606 W WakelockManagerService: uid: 10094 is unblock state
08-06 17:09:25.482 14191 14606 W WakelockManagerService: uid: 10095 is unblock state
08-06 17:09:25.482 14191 14606 W WakelockManagerService: uid: 10096 is unblock state
08-06 17:09:25.482 14191 14606 W WakelockManagerService: uid: 10097 is unblock state
08-06 17:09:25.482 14191 14606 W WakelockManagerService: uid: 10098 is unblock state
08-06 17:09:25.482 14191 14606 W WakelockManagerService: uid: 10099 is unblock state
08-06 17:09:25.482 14191 14606 W WakelockManagerService: uid: 10100 is unblock state
08-06 17:09:25.482 14191 14606 W WakelockManagerService: uid: 10101 is unblock state
08-06 17:09:25.482 14191 14606 W WakelockManagerService: uid: 10102 is unblock state
08-06 17:09:25.482 14191 14606 W WakelockManagerService: uid: 10103 is unblock state
08-06 17:09:25.482 14191 14606 W WakelockManagerService: uid: 10104 is unblock state
08-06 17:09:25.482 14191 14606 W WakelockManagerService: uid: 10105 is unblock state
08-06 17:09:25.482 14191 14606 W WakelockManagerService: uid: 10106 is unblock state
08-06 17:09:25.482 14191 14606 W WakelockManagerService: uid: 10107 is unblock state
08-06 17:09:25.482 14191 14606 W WakelockManagerService: uid: 10108 is unblock state
08-06 17:09:25.482 14191 14606 W WakelockManagerService: uid: 10109 is unblock state
08-06 17:09:25.482 14191 14606 W WakelockManagerService: uid: 10110 is unblock state
08-06 17:09:25.482 14191 14606 W WakelockManagerService: uid: 10111 is unblock state
08-06 17:09:25.482 14191 14606 W WakelockManagerService: uid: 10112 is unblock state
08-06 17:09:25.482 14191 14606 W WakelockManagerService: uid: 10113 is unblock state
08-06 17:09:25.482 14191 14606 W WakelockManagerService: uid: 10114 is unblock state
08-06 17:09:25.482 14191 14606 W WakelockManagerService: uid: 10115 is unblock state
08-06 17:09:25.482 14191 14606 W WakelockManagerService: uid: 10116 is unblock state
08-06 17:09:25.482 14191 14606 W WakelockManagerService: uid: 10117 is unblock state
08-06 17:09:25.482 14191 14606 W WakelockManagerService: uid: 10118 is unblock state
08-06 17:09:25.482 14191 14606 W WakelockManagerService: uid: 10119 is unblock state
08-06 17:09:25.482 14191 14606 W WakelockManagerService: uid: 10120 is unblock state
08-06 17:09:25.482 14191 14606 W WakelockManagerService: uid: 10121 is unblock state
08-06 17:09:25.482 14191 14606 W WakelockManagerService: uid: 10122 is unblock state
08-06 17:09:25.482 14191 14606 W WakelockManagerService: uid: 10123 is unblock state
08-06 17:09:25.482 14191 14606 W WakelockManagerService: uid: 10124 is unblock state
08-06 17:09:25.482 14191 14606 W WakelockManagerService: uid: 10125 is unblock state
08-06 17:09:25.482 14191 14606 W WakelockManagerService: uid: 10126 is unblock state
08-06 17:09:25.482 14191 14606 W WakelockManagerService: uid: 10127 is unblock state
08-06 17:09:25.482 14191 14606 W WakelockManagerService: uid: 10128 is unblock state
08-06 17:09:25.482 14191 14606 W WakelockManagerService: uid: 10129 is unblock state
08-06 17:09:25.482 14191 14606 W WakelockManagerService: uid: 10130 is unblock state
08-06 17:09:25.482 14191 14606 W WakelockManagerService: uid: 10131 is unblock state
08-06 17:09:25.482 14191 14606 W WakelockManagerService: uid: 10132 is unblock state
08-06 17:09:25.482 14191 14606 W WakelockManagerService: uid: 10134 is unblock state
08-06 17:09:25.482 14191 14606 W WakelockManagerService: uid: 10135 is unblock state
08-06 17:09:25.482 14191 14606 W WakelockManagerService: uid: 10136 is unblock state
08-06 17:09:25.482 14191 14606 W WakelockManagerService: uid: 10137 is unblock state
08-06 17:09:25.482 14191 14606 W WakelockManagerService: uid: 10138 is unblock state
08-06 17:09:25.482 14191 14606 W WakelockManagerService: uid: 10139 is unblock state
08-06 17:09:25.482 14191 14606 W WakelockManagerService: uid: 10140 is unblock state
08-06 17:09:25.482 14191 14606 W WakelockManagerService: uid: 10141 is unblock state
08-06 17:09:25.482 14191 14606 W WakelockManagerService: uid: 10142 is unblock state
08-06 17:09:25.482 14191 14606 W WakelockManagerService: uid: 10143 is unblock state
08-06 17:09:25.482 14191 14606 W WakelockManagerService: uid: 10144 is unblock state
08-06 17:09:25.482 14191 14606 W WakelockManagerService: uid: 10145 is unblock state
08-06 17:09:25.482 14191 14606 W WakelockManagerService: uid: 10146 is unblock state
08-06 17:09:25.482 14191 14606 W WakelockManagerService: uid: 10147 is unblock state
08-06 17:09:25.482 14191 14606 W WakelockManagerService: uid: 10148 is unblock state
08-06 17:09:25.482 14191 14606 W WakelockManagerService: uid: 10149 is unblock state
08-06 17:09:25.482 14191 14606 W WakelockManagerService: uid: 10150 is unblock state
08-06 17:09:25.482 14191 14606 W WakelockManagerService: uid: 10151 is unblock state
08-06 17:09:25.482 14191 14606 W WakelockManagerService: uid: 10152 is unblock state
08-06 17:09:25.482 14191 14606 W WakelockManagerService: uid: 10153 is unblock state
08-06 17:09:25.482 14191 14606 W WakelockManagerService: uid: 10154 is unblock state
08-06 17:09:25.482 14191 14606 W WakelockManagerService: uid: 10155 is unblock state
08-06 17:09:25.482 14191 14606 W WakelockManagerService: uid: 10156 is unblock state
08-06 17:09:25.482 14191 14606 W WakelockManagerService: uid: 10157 is unblock state
08-06 17:09:25.482 14191 14606 W WakelockManagerService: uid: 10158 is unblock state
08-06 17:09:25.482 14191 14606 W WakelockManagerService: uid: 10159 is unblock state
08-06 17:09:25.482 14191 14606 W WakelockManagerService: uid: 10160 is unblock state
08-06 17:09:25.482 14191 14606 W WakelockManagerService: uid: 10161 is unblock state
08-06 17:09:25.482 14191 14606 W WakelockManagerService: uid: 10162 is unblock state
08-06 17:09:25.482 14191 14606 W WakelockManagerService: uid: 10163 is unblock state
08-06 17:09:25.482 14191 14606 W WakelockManagerService: uid: 10164 is unblock state
08-06 17:09:25.482 14191 14606 W WakelockManagerService: uid: 10165 is unblock state
08-06 17:09:25.482 14191 14606 W WakelockManagerService: uid: 10166 is unblock state
08-06 17:09:25.482 14191 14606 W WakelockManagerService: uid: 10167 is unblock state
08-06 17:09:25.482 14191 14606 W WakelockManagerService: uid: 10168 is unblock state
08-06 17:09:25.482 14191 14606 W WakelockManagerService: uid: 10169 is unblock state
08-06 17:09:25.482 14191 14606 W WakelockManagerService: uid: 10170 is unblock state
08-06 17:09:25.482 14191 14606 W WakelockManagerService: uid: 10171 is unblock state
08-06 17:09:25.482 14191 14606 W WakelockManagerService: uid: 10172 is unblock state
08-06 17:09:25.482 14191 14606 W WakelockManagerService: uid: 10173 is unblock state
08-06 17:09:25.482 14191 14606 W WakelockManagerService: uid: 10174 is unblock state
08-06 17:09:25.482 14191 14606 W WakelockManagerService: uid: 10175 is unblock state
08-06 17:09:25.482 14191 14606 W WakelockManagerService: uid: 10176 is unblock state
08-06 17:09:25.482 14191 14606 W WakelockManagerService: uid: 10177 is unblock state
08-06 17:09:25.482 14191 14606 W WakelockManagerService: uid: 10178 is unblock state
08-06 17:09:25.482 14191 14606 W WakelockManagerService: uid: 10179 is unblock state
08-06 17:09:25.482 14191 14606 W WakelockManagerService: uid: 10180 is unblock state
08-06 17:09:25.482 14191 14606 W WakelockManagerService: uid: 10181 is unblock state
08-06 17:09:25.482 14191 14606 W WakelockManagerService: uid: 10182 is unblock state
08-06 17:09:25.482 14191 14606 W WakelockManagerService: uid: 10183 is unblock state
08-06 17:09:25.482 14191 14606 W WakelockManagerService: uid: 10184 is unblock state
08-06 17:09:25.482 14191 14606 W WakelockManagerService: uid: 10185 is unblock state
08-06 17:09:25.482 14191 14606 W WakelockManagerService: uid: 10186 is unblock state
08-06 17:09:25.482 14191 14606 W WakelockManagerService: uid: 10187 is unblock state
08-06 17:09:25.482 14191 14606 W WakelockManagerService: uid: 10188 is unblock state
08-06 17:09:25.482 14191 14606 W WakelockManagerService: uid: 10189 is unblock state
08-06 17:09:25.482 14191 14606 W WakelockManagerService: uid: 10190 is unblock state
08-06 17:09:25.482 14191 14606 W WakelockManagerService: uid: 10191 is unblock state
08-06 17:09:25.483 14191 14606 W WakelockManagerService: uid: 10192 is unblock state
08-06 17:09:25.483 14191 14606 W WakelockManagerService: uid: 10193 is unblock state
08-06 17:09:25.483 14191 14606 W WakelockManagerService: uid: 10194 is unblock state
08-06 17:09:25.483 14191 14606 W WakelockManagerService: uid: 10195 is unblock state
08-06 17:09:25.483 14191 14606 W WakelockManagerService: uid: 10196 is unblock state
08-06 17:09:25.483 14191 14606 W WakelockManagerService: uid: 10197 is unblock state
08-06 17:09:25.483 14191 14606 W WakelockManagerService: uid: 10198 is unblock state
08-06 17:09:25.483 14191 14606 W WakelockManagerService: uid: 10199 is unblock state
08-06 17:09:25.483 14191 14606 W WakelockManagerService: uid: 10200 is unblock state
08-06 17:09:25.483 14191 14606 W WakelockManagerService: uid: 10201 is unblock state
08-06 17:09:25.483 14191 14606 W WakelockManagerService: uid: 10202 is unblock state
08-06 17:09:25.483 14191 14606 W WakelockManagerService: uid: 10203 is unblock state
08-06 17:09:25.483 14191 14606 W WakelockManagerService: uid: 10204 is unblock state
08-06 17:09:25.483 14191 14606 W WakelockManagerService: uid: 10205 is unblock state
08-06 17:09:25.483 14191 14606 W WakelockManagerService: uid: 10206 is unblock state
08-06 17:09:25.483 14191 14606 W WakelockManagerService: uid: 10207 is unblock state
08-06 17:09:25.483 14191 14606 W WakelockManagerService: uid: 10208 is unblock state
08-06 17:09:25.483 14191 14606 W WakelockManagerService: uid: 10209 is unblock state
08-06 17:09:25.483 14191 14606 W WakelockManagerService: uid: 10210 is unblock state
08-06 17:09:25.483 14191 14606 W WakelockManagerService: uid: 10211 is unblock state
08-06 17:09:25.483 14191 14606 W WakelockManagerService: uid: 10212 is unblock state
08-06 17:09:25.483 14191 14606 W WakelockManagerService: uid: 10213 is unblock state
08-06 17:09:25.483 14191 14606 W WakelockManagerService: uid: 10214 is unblock state
08-06 17:09:25.483 14191 14606 W WakelockManagerService: uid: 10215 is unblock state
08-06 17:09:25.483 14191 14606 W WakelockManagerService: uid: 10216 is unblock state
08-06 17:09:25.483 14191 14606 W WakelockManagerService: uid: 10217 is unblock state
08-06 17:09:25.483 14191 14606 W WakelockManagerService: uid: 10218 is unblock state
08-06 17:09:25.483 14191 14606 W WakelockManagerService: uid: 10219 is unblock state
08-06 17:09:25.483 14191 14606 W WakelockManagerService: uid: 10220 is unblock state
08-06 17:09:25.483 14191 14606 W WakelockManagerService: uid: 10221 is unblock state
08-06 17:09:25.483 14191 14606 W WakelockManagerService: uid: 10222 is unblock state
08-06 17:09:25.483 14191 14606 W WakelockManagerService: uid: 10223 is unblock state
08-06 17:09:25.483 14191 14606 W WakelockManagerService: uid: 10224 is unblock state
08-06 17:09:25.483 14191 14606 W WakelockManagerService: uid: 10225 is unblock state
08-06 17:09:25.483 14191 14606 W WakelockManagerService: uid: 10226 is unblock state
08-06 17:09:25.483 14191 14606 W WakelockManagerService: uid: 10227 is unblock state
08-06 17:09:25.483 14191 14606 W WakelockManagerService: uid: 10228 is unblock state
08-06 17:09:25.483 14191 14606 W WakelockManagerService: uid: 10229 is unblock state
08-06 17:09:25.483 14191 14606 W WakelockManagerService: uid: 10230 is unblock state
08-06 17:09:25.483 14191 14606 W WakelockManagerService: uid: 10231 is unblock state
08-06 17:09:25.483 14191 14606 W WakelockManagerService: uid: 10232 is unblock state
08-06 17:09:25.483 14191 14606 W WakelockManagerService: uid: 10233 is unblock state
08-06 17:09:25.483 14191 14606 W WakelockManagerService: uid: 10234 is unblock state
08-06 17:09:25.483 14191 14606 W WakelockManagerService: uid: 10235 is unblock state
08-06 17:09:25.483 14191 14606 W WakelockManagerService: uid: 10236 is unblock state
08-06 17:09:25.483 14191 14606 W WakelockManagerService: uid: 10237 is unblock state
08-06 17:09:25.483 14191 14606 W WakelockManagerService: uid: 10238 is unblock state
08-06 17:09:25.483 14191 14606 W WakelockManagerService: uid: 10239 is unblock state
08-06 17:09:25.483 14191 14606 W WakelockManagerService: uid: 10240 is unblock state
08-06 17:09:25.483 14191 14606 W WakelockManagerService: uid: 10241 is unblock state
08-06 17:09:25.483 14191 14606 W WakelockManagerService: uid: 10242 is unblock state
08-06 17:09:25.483 14191 14606 W WakelockManagerService: uid: 10243 is unblock state
08-06 17:09:25.483 14191 14606 W WakelockManagerService: uid: 10244 is unblock state
08-06 17:09:25.483 14191 14606 W WakelockManagerService: uid: 10245 is unblock state
08-06 17:09:25.483 14191 14606 W WakelockManagerService: uid: 10246 is unblock state
08-06 17:09:25.483 14191 14606 W WakelockManagerService: uid: 10247 is unblock state
08-06 17:09:25.483 14191 14606 W WakelockManagerService: uid: 10248 is unblock state
08-06 17:09:25.483 14191 14606 W WakelockManagerService: uid: 10249 is unblock state
08-06 17:09:25.483 14191 14606 W WakelockManagerService: uid: 10250 is unblock state
08-06 17:09:25.483 14191 14606 W WakelockManagerService: uid: 10251 is unblock state
08-06 17:09:25.483 14191 14606 W WakelockManagerService: uid: 10252 is unblock state
08-06 17:09:25.483 14191 14606 W WakelockManagerService: uid: 10253 is unblock state
08-06 17:09:25.483 14191 14606 W WakelockManagerService: uid: 10254 is unblock state
08-06 17:09:25.483 14191 14606 W WakelockManagerService: uid: 10255 is unblock state
08-06 17:09:25.483 14191 14606 W WakelockManagerService: uid: 10256 is unblock state
08-06 17:09:25.483 14191 14606 W WakelockManagerService: uid: 10257 is unblock state
08-06 17:09:25.483 14191 14606 W WakelockManagerService: uid: 10258 is unblock state
08-06 17:09:25.483 14191 14606 W WakelockManagerService: uid: 10259 is unblock state
08-06 17:09:25.483 14191 14606 W WakelockManagerService: uid: 10260 is unblock state
08-06 17:09:25.483 14191 14606 W WakelockManagerService: uid: 10261 is unblock state
08-06 17:09:25.483 14191 14606 W WakelockManagerService: uid: 10262 is unblock state
08-06 17:09:25.483 14191 14606 W WakelockManagerService: uid: 10263 is unblock state
08-06 17:09:25.483 14191 14606 W WakelockManagerService: uid: 10265 is unblock state
08-06 17:09:25.483 14191 14606 W WakelockManagerService: uid: 10266 is unblock state
08-06 17:09:25.483 14191 14606 W WakelockManagerService: uid: 10267 is unblock state
08-06 17:09:25.483 14191 14606 W WakelockManagerService: uid: 10268 is unblock state
08-06 17:09:25.483 14191 14606 W WakelockManagerService: uid: 10269 is unblock state
08-06 17:09:25.483 14191 14606 W WakelockManagerService: uid: 10270 is unblock state
08-06 17:09:25.483 14191 14606 W WakelockManagerService: uid: 10271 is unblock state
08-06 17:09:25.483 14191 14606 W WakelockManagerService: uid: 10272 is unblock state
08-06 17:09:25.483 14191 14606 W WakelockManagerService: uid: 10273 is unblock state
08-06 17:09:25.483 14191 14606 W WakelockManagerService: uid: 10274 is unblock state
08-06 17:09:25.483 14191 14606 W WakelockManagerService: uid: 10275 is unblock state
08-06 17:09:25.483 14191 14606 W WakelockManagerService: uid: 10276 is unblock state
08-06 17:09:25.483 14191 14606 W WakelockManagerService: uid: 10277 is unblock state
08-06 17:09:25.483 14191 14606 W WakelockManagerService: uid: 10278 is unblock state
08-06 17:09:25.483 14191 14606 W WakelockManagerService: uid: 10279 is unblock state
08-06 17:09:25.484  8885  8885 I ##XLogger##: #&^h6MA9z6URo7duM4pUj12Wl//l20ccJzLLKqNG1Fr2SW/ifeaiznAtzlXZsoqoyCVUvQ9t0EUAsLk9aN5uiS6904G0jLdds9A9Cm8ElqusNMYp/zLDEiKkxo94BZAKdxJP+Yp8M8+bT2pdDC1v9p0XdQ8joJ4eZVVsKKkCzz7oJs=!!FfyD08PDxfmd9HNCoPx2yW8gDWFzFBsZ2CRYKs61VWq5sdZRG4iv+yeWT1OugCOkEu3/ZoMP4z7Bg6s+EfSPd4osTpoEtr7FaaIs1QvIuJC/oWvvUgwzs9D6XSSycoFgCdzTCD3yZ9IhxZIpzvawUQGJM0SAwKThaeRTUzpLTqwsuLpFUJJLg6EmKapl+84FRM9dugjEXnK7GV3+7BVTHkvK1T8SXH6VGdVj7oi8143948KEL81WXdVv5VsFfNThipM/YzqbyylHkE5k3w7Z1M3pfsP1e48nKQB5M9auUdnaL6vpnCk70DPMaFp16iH3m/40tRw9MVyb7Wa4HTaHrvnX18Ur3fkEGnNvXkuqvXZJc+tpXqdTBuQldNoir+MSg4EjjlVJsLh0gaHfDNPTam5PfvqrUtVcTxIaeGosXFC1nYH8G55ELNyVYjlOagjyyxOg1+XWjrEpMIBvUtOAfRMt30wW1JhZFTHn3iy/WHlkJFw4XuPd7SOXsNOExtGcUZFH8ANGSGMqdKeDzgCYvsnkgZSr7s+ECJlFVDOd/ST2xJ8Y1iQ8q3EI1HRX7GD5EMcKWDcrC3FjR/TiukTV9wDM47qxc+ofBEZpkR4IAUEcwiXxjrS/DCny1yEPpKtGE0bT2E3onts5h6kg8BndNDZd5HlLX9/MrfLmZIjNenLkD7SZKCD/nlpkMXcYbLjl01smQWFlwqEnnToRjc1ZLcsUmmkgWG2J3erggqeUvT+Ax8aoctIWvaVYjGY40ig/ZoSNiJwMIioeZ85Nynz519l0nDzD1adnfYpBKroHMuixMHZMPJUSwbPmF7meGGaX+cykDa197xxBcqZVrL1A1k5LciEG02KqP54vbOXobQ8=^&#
