08-06 17:09:34.363  2474  7257 I MiuiNetworkPolicyTrafficLimit: updateWhiteListUidForMobileTraffic uid=10278,add=false
08-06 17:09:34.478  1865  1865 I vendor.qti.hardware.servicetrackeraidl-service: destroyService is called for service : com.google.android.gms/.chimera.PersistentIntentOperationService
08-06 17:09:34.515  2474  7382 I SmartPower: com.miui.gallery/10271(27825): background->idle(3002ms) R(broadcast start Intent { act=android.intent.action.MEDIA_SCANNER_SCAN_FILE dat=file:///... flg=0x1400010 }) adj=905.
08-06 17:09:34.530  2474 19255 I ActivityManager: Broadcasting: Intent { act=android.intent.action.MEDIA_SCANNER_SCAN_FILE dat=file:///... flg=0x400000 }
08-06 17:09:34.533  2474 19255 I ActivityManager: Enqueued broadcast Intent { act=android.intent.action.MEDIA_SCANNER_SCAN_FILE dat=file:///... flg=0x400000 }: 0
08-06 17:09:34.537 27825 27825 W MiuiGallery2_BaseMediaScannerReceiver: [main] - Broadcast received, action: [android.intent.action.MEDIA_SCANNER_SCAN_FILE], data uri: [file:///sdcard/screen_2025-08-06_170932.png], CTA not allowed
08-06 17:09:34.539  2474  2745 W ProcessStats: Tracking association SourceState{903cf70 com.miui.securitycenter.remote/1000 BTop #37286} whose proc state 2 is better than process ProcessState{2676b3 com.miui.analytics/10145 pkg=com.miui.analytics} proc state 3 (357 skipped)
08-06 17:09:34.540  2474  7257 I MiuiNetworkPolicy: updateUidState uid = 10271, uidState = 11
08-06 17:09:34.542  2474  7257 I MiuiNetworkPolicy: updateUidState uid = 10271, uidState = 19
08-06 17:09:34.544 12965 12965 I MediaProvider: receive action = android.intent.action.MEDIA_SCANNER_SCAN_FILE schemeSpecificPart = ///sdcard/screen_2025-08-06_170932.png
08-06 17:09:34.545  2474 19255 W JobInfo : Job 'com.android.providers.media.module/com.android.providers.media.MediaService#-300' has a deadline with no functional constraints. The deadline won't improve job execution latency. Consider removing the deadline.
08-06 17:09:34.548  1865  1865 I vendor.qti.hardware.servicetrackeraidl-service: bindService is called for service : com.android.providers.media.module/com.android.providers.media.MediaService and for client system
08-06 17:09:34.548  1865  1865 I vendor.qti.hardware.servicetrackeraidl-service: total connections for service : com.android.providers.media.module/com.android.providers.media.MediaServiceare :1
08-06 17:09:34.548  1865  1865 I vendor.qti.hardware.servicetrackeraidl-service: total connections for client : systemare :28
08-06 17:09:34.550  2474  7379 I whetstone.activity: processNotifyEvent1 resId = 256, bundle = Bundle[{startTime=395998872, sourcePkg=com.android.providers.media.module, sourceUid=10249, status=1, jobId=-300, batteryName=com.android.providers.media.module/com.android.providers.media.MediaService, elapsedRealtime=395998872}]
08-06 17:09:34.552 12965 14232 I MediaProvider: Begin Intent { act=android.intent.action.MEDIA_SCANNER_SCAN_FILE dat=file:///... flg=0x1400010 cmp=com.android.providers.media.module/com.android.providers.media.MediaService }
08-06 17:09:34.552 14191 19644 I EventMonitor: notifyEvent resId=256
08-06 17:09:34.555  2474  2643 I ActivityManager: Broadcast completed: result=0
08-06 17:09:34.562 12965 14232 I MediaProvider: End Intent { act=android.intent.action.MEDIA_SCANNER_SCAN_FILE dat=file:///... flg=0x1400010 cmp=com.android.providers.media.module/com.android.providers.media.MediaService }
08-06 17:09:34.563  2474  7379 I whetstone.activity: processNotifyEvent1 resId = 256, bundle = Bundle[{startTime=395998886, sourcePkg=com.android.providers.media.module, sourceUid=10249, status=0, jobId=-300, batteryName=com.android.providers.media.module/com.android.providers.media.MediaService, elapsedRealtime=395998886}]
08-06 17:09:34.564  1865  1865 I vendor.qti.hardware.servicetrackeraidl-service: unbindService is called for service : com.android.providers.media.module/com.android.providers.media.MediaService and for client system
08-06 17:09:34.564  1865  1865 I vendor.qti.hardware.servicetrackeraidl-service: size of service connections for service: com.android.providers.media.module/com.android.providers.media.MediaServiceafter removal is 0
08-06 17:09:34.564  1865  1865 I vendor.qti.hardware.servicetrackeraidl-service: size of client connections for client: systemafter removal is 27
08-06 17:09:34.564  1865  1865 I vendor.qti.hardware.servicetrackeraidl-service: destroyService is called for service : com.android.providers.media.module/com.android.providers.media.MediaService
08-06 17:09:34.564 14191 19644 I EventMonitor: notifyEvent resId=256
08-06 17:09:34.802  3086  3086 I adbd    : in ShellService: rm /sdcard/screen_2025-08-06_170932.png
08-06 17:09:34.823  7856  8879 E PhoneAdapter: get ntnphones failed, exception: java.lang.IllegalStateException: Default phones haven't been made yet!
08-06 17:09:34.825  2474  7258 E WifiScoreReportInjector: current network is in roaming environment
08-06 17:09:34.828 12965 19508 I MediaProvider: Deleted paths_hashcode::1389444597/:1389444597/-1169449251932.png items on external_primary due to com.android.shell tid=4235
08-06 17:09:34.847  1843  3496 I vendor.qti.hardware.display.composer-service: Sensor: notify citsensorservice to trigger cwb, misForced = 0
08-06 17:09:34.849  3050  4554 I libsensor-parseRGB: request dump start for mRequestDisplayId 0
08-06 17:09:34.878  3050  3078 E libsensor-parseRGB: CWB NotifyCWBBufferDone  error 0
08-06 17:09:34.935  1843  2051 I SDM     : DisplayBase::CommitThread: Received idle timeout, panel: cmd, timeout: 70000 us
08-06 17:09:34.946  3086  3086 I adbd    : in ShellService: dumpsys display
08-06 17:09:35.034  3086  3086 I adbd    : in ShellService: ps
08-06 17:09:35.127  2474  7257 I MiuiNetworkPolicy: bandwidth: 0 KB/s, Max bandwidth: 11266 KB/s
08-06 17:09:35.168  3086  3086 I adbd    : in ShellService: wm size
08-06 17:09:35.292  3086  3086 I adbd    : in ShellService: dumpsys input
08-06 17:09:35.388  3086  3086 I adbd    : in ShellService: getprop ro.sf.lcd_density
08-06 17:09:35.471  3086  3086 I adbd    : in ShellService: dumpsys activity activities
08-06 17:09:35.551  3086  3086 I adbd    : in ShellService: dumpsys activity activities
08-06 17:09:35.630  3086  3086 I adbd    : in ShellService: dumpsys activity activities
08-06 17:09:35.681  2474  7379 I whetstone.activity: processNotifyEvent1 resId = 128, bundle = Bundle[{startTime=396000004, sourcePkg=com.xiaomi.xmsf, type=ELAPSED_WAKEUP, statsTag=*walarm*:com.xiaomi.push.PING_TIMER, creatorUid=10203, elapsedRealtime=396000000}]
08-06 17:09:35.682 14191 19644 I EventMonitor: notifyEvent resId=128
08-06 17:09:35.693 13588 13588 W PushService: [Tid:2] [XMPushService] onStart() with intent.Action = com.xiaomi.push.timer, chid = null, pkg = null|null
08-06 17:09:35.694 13588 14524 W PushService: [Tid:398] [Job] Handle intent action = com.xiaomi.push.timer
08-06 17:09:35.694 13588 14524 W PushService: [Tid:398] [Alarm] Service called on timer
08-06 17:09:35.694 13588 14524 W PushService: [Tid:398] [HwKaMgr] update fall down state: false
08-06 17:09:35.694 13588 14524 W PushService: [Tid:398] [Alarm] register alarm. (false)
08-06 17:09:35.695 13588 14524 W PushService: [Tid:398] [HwKaMgr] [Available] MdKa is Unavailable. reason: not supported
08-06 17:09:35.696 13588 14524 W PushService: [Tid:398] [HB] accumulate long hb count(195) and write to file. 
08-06 17:09:35.696 13588 14524 W PushService: [Tid:398] [HB] ping interval:600000
08-06 17:09:35.696 13588 14524 W PushService: [Tid:398] registerPing, firstPing=false, interval=600000, nextTime=396600000
08-06 17:09:35.699 13588 14524 W PushService: [Tid:398] [HwKaMgr] [ping] start ping action
08-06 17:09:35.700 13588 14524 W PushService: [Tid:398] [Slim] SND ping id=0
08-06 17:09:35.701 13588 14524 W PushService: [Tid:398] [HwKaMgr] [socket] send message
08-06 17:09:35.701 13588 14524 W PushService: [Tid:398] [HwKaMgr] [Available] MdKa is Unavailable. reason: not supported
08-06 17:09:35.702 13588 14501 W PushService: [Tid:396] [Alarm] heartbeat alarm finish in 13
08-06 17:09:35.705  3086  3086 I adbd    : in ShellService: dumpsys activity services
08-06 17:09:35.745 13588 32020 W PushService: [Tid:685] [HwKaMgr] [socket] receive message
08-06 17:09:35.746 13588 32020 W PushService: [Tid:685] [Slim] RCV ping id=0
08-06 17:09:35.746 13588 14524 W PushService: [Tid:398] stats key not found
08-06 17:09:35.746 13588 14524 W PushService: [Tid:398] -->onPong()
08-06 17:09:35.747 13588 14524 W PushService: [Tid:398] [HwKaMgr] [Available] MdKa is Unavailable. reason: not supported
08-06 17:09:35.762  2474  2664 I ThermalObserver: Temperature control has been released.
08-06 17:09:35.892  3086  3086 I adbd    : in ShellService: screencap -p /sdcard/screen_2025-08-06_170935.png
08-06 17:09:35.934  1329  3688 I keystore2: system/security/keystore2/watchdog/src/lib.rs:319 - Watchdog thread idle -> terminating. Have a great day.
08-06 17:09:36.018  4283  4283 W BpBinder: Linking to death on android.gui.ISurfaceComposer but there are no threads (yet?) listening to incoming transactions. See ProcessState::startThreadPool and ProcessState::setThreadPoolMaxThreadCount. Generally you should setup the binder threadpool before other initialization steps.
08-06 17:09:36.018  4283  4283 W ProcessState: Extra binder thread started, but 0 threads requested. Do not use *startThreadPool when zero threads are requested.
08-06 17:09:36.045  4283  4293 I AdrenoUtils: <ReadGpuID:357>: Reading chip ID through GSL
08-06 17:09:36.046  4283  4283 W qdgralloc: Failed to load libubwcp.so
08-06 17:09:36.040  4283  4283 W screencap: type=1400 audit(0.0:15298): avc:  denied  { read } for  name="libubwcp.so" dev="dm-37" ino=19816057 scontext=u:r:shell:s0 tcontext=u:object_r:vendor_file:s0 tclass=file permissive=0
08-06 17:09:36.049 12965 17697 W MediaProvider: isAppCloneUserPair for user 0: false
08-06 17:09:36.212  3086  3086 I adbd    : in ShellService: ps
08-06 17:09:36.232  2474  7382 I SmartPower: com.google.android.gms/10130(7177): background->idle(3003ms) R(service destroy com.google.android.gms/.chimera.GmsIntentOperationService) adj=250.
08-06 17:09:36.349 12965 10519 I PSyncWorker: Starting proactive picker sync from sync source: 1
08-06 17:09:36.354 12965 10519 I PickerSyncController: Executing SyncAdd. isLocal: true. authority: com.android.providers.media.photopicker
08-06 17:09:36.356 12965 10519 I PickerSyncController: Paged sync successful. QueryArgs: Bundle[{android.provider.extra.SYNC_GENERATION=17885, android.provider.extra.PAGE_SIZE=1000}] Total Rows: 0
08-06 17:09:36.356 12965 10519 I PickerSyncController: Executing SyncRemove. isLocal: true. authority: com.android.providers.media.photopicker
08-06 17:09:36.358 12965 10519 E PickerDbFacade: Could not get first date taken millis for media id: 1000001945
08-06 17:09:36.358 12965 10519 W PickerDbFacade: Unable to promote cloud media with localId: 1000001945
08-06 17:09:36.359 12965 10519 I PickerSyncController: Paged sync successful. QueryArgs: Bundle[{android.provider.extra.SYNC_GENERATION=17885, android.provider.extra.PAGE_SIZE=1000}] Total Rows: 0
08-06 17:09:36.359 12965 10519 I PickerSyncTracker: Marked sync future complete for work id: f520b997-926d-488a-8e9a-1b1707ee6a35. Future map: {}
08-06 17:09:36.359 12965 10519 I PSyncWorker: Completed picker proactive sync complete from local provider.
08-06 17:09:36.360 12965 13382 I WM-WorkerWrapper: Worker result SUCCESS for Work [ id=f520b997-926d-488a-8e9a-1b1707ee6a35, tags={ com.android.providers.media.photopicker.sync.ProactiveSyncWorker } ]
08-06 17:09:36.404 15038 20629 W lyra-mdns-core: _deal_timeout query _lyra-mdns._udp.local[0C] timeout!
08-06 17:09:36.771  2474  8251 I NetworkAccelerateSwitchService: EVENT_RSSI_POLL. mRssiPoll=true
08-06 17:09:36.771  2474  8251 I NetworkAccelerateSwitchService: getAverageWifiRssi:61
08-06 17:09:36.982  1865  1865 I vendor.qti.hardware.servicetrackeraidl-service: unbindService is called for service : com.android.permissioncontroller/.permission.service.PermissionControllerServiceImpl and for client system
08-06 17:09:36.982  1865  1865 I vendor.qti.hardware.servicetrackeraidl-service: size of service connections for service: com.android.permissioncontroller/.permission.service.PermissionControllerServiceImplafter removal is 0
08-06 17:09:36.982  1865  1865 I vendor.qti.hardware.servicetrackeraidl-service: size of client connections for client: systemafter removal is 26
08-06 17:09:36.983  1865  1865 I vendor.qti.hardware.servicetrackeraidl-service: destroyService is called for service : com.android.permissioncontroller/.permission.service.PermissionControllerServiceImpl
08-06 17:09:36.986  2474  7257 I MiuiNetworkPolicy: updateUidState uid = 10241, uidState = 10
08-06 17:09:36.989  2474  7257 I MiuiNetworkPolicy: updateUidState uid = 10241, uidState = 19
08-06 17:09:37.391  3086  3086 I adbd    : in ShellService: ps
08-06 17:09:37.544  2474  8330 I ClipboardServiceI: checkProviderWakePathForClipboard: primaryClip is null
08-06 17:09:37.595  2474  7633 I ActivityManager: Broadcasting: Intent { act=android.intent.action.MEDIA_SCANNER_SCAN_FILE dat=file:///... flg=0x400000 }
08-06 17:09:37.596  2474  7633 I ActivityManager: Enqueued broadcast Intent { act=android.intent.action.MEDIA_SCANNER_SCAN_FILE dat=file:///... flg=0x400000 }: 0
08-06 17:09:37.600  2474  2745 I SmartPower: com.miui.gallery/10271(27825): idle->background(3084ms) R(broadcast start Intent { act=android.intent.action.MEDIA_SCANNER_SCAN_FILE dat=file:///... flg=0x1400010 }) adj=905.
08-06 17:09:37.602 27825 27825 W MiuiGallery2_BaseMediaScannerReceiver: [main] - Broadcast received, action: [android.intent.action.MEDIA_SCANNER_SCAN_FILE], data uri: [file:///sdcard/screen_2025-08-06_170935.png], CTA not allowed
08-06 17:09:37.607  2474  7257 I MiuiNetworkPolicy: updateUidState uid = 10271, uidState = 11
08-06 17:09:37.609  2474  7257 I MiuiNetworkPolicy: updateUidState uid = 10271, uidState = 19
08-06 17:09:37.611 12965 12965 I MediaProvider: receive action = android.intent.action.MEDIA_SCANNER_SCAN_FILE schemeSpecificPart = ///sdcard/screen_2025-08-06_170935.png
08-06 17:09:37.612  2474  7633 W JobInfo : Job 'com.android.providers.media.module/com.android.providers.media.MediaService#-300' has a deadline with no functional constraints. The deadline won't improve job execution latency. Consider removing the deadline.
08-06 17:09:37.616  1865  1865 I vendor.qti.hardware.servicetrackeraidl-service: bindService is called for service : com.android.providers.media.module/com.android.providers.media.MediaService and for client system
08-06 17:09:37.616  1865  1865 I vendor.qti.hardware.servicetrackeraidl-service: total connections for service : com.android.providers.media.module/com.android.providers.media.MediaServiceare :1
08-06 17:09:37.616  1865  1865 I vendor.qti.hardware.servicetrackeraidl-service: total connections for client : systemare :27
08-06 17:09:37.618  2474  7379 I whetstone.activity: processNotifyEvent1 resId = 256, bundle = Bundle[{startTime=396001940, sourcePkg=com.android.providers.media.module, sourceUid=10249, status=1, jobId=-300, batteryName=com.android.providers.media.module/com.android.providers.media.MediaService, elapsedRealtime=396001940}]
08-06 17:09:37.619 14191 19644 I EventMonitor: notifyEvent resId=256
08-06 17:09:37.622 12965 14232 I MediaProvider: Begin Intent { act=android.intent.action.MEDIA_SCANNER_SCAN_FILE dat=file:///... flg=0x1400010 cmp=com.android.providers.media.module/com.android.providers.media.MediaService }
08-06 17:09:37.625  2474  2643 I ActivityManager: Broadcast completed: result=0
08-06 17:09:37.632 12965 14232 I MediaProvider: End Intent { act=android.intent.action.MEDIA_SCANNER_SCAN_FILE dat=file:///... flg=0x1400010 cmp=com.android.providers.media.module/com.android.providers.media.MediaService }
08-06 17:09:37.633  2474  7379 I whetstone.activity: processNotifyEvent1 resId = 256, bundle = Bundle[{startTime=396001956, sourcePkg=com.android.providers.media.module, sourceUid=10249, status=0, jobId=-300, batteryName=com.android.providers.media.module/com.android.providers.media.MediaService, elapsedRealtime=396001956}]
08-06 17:09:37.633 14191 19644 I EventMonitor: notifyEvent resId=256
08-06 17:09:37.634  1865  1865 I vendor.qti.hardware.servicetrackeraidl-service: unbindService is called for service : com.android.providers.media.module/com.android.providers.media.MediaService and for client system
08-06 17:09:37.634  1865  1865 I vendor.qti.hardware.servicetrackeraidl-service: size of service connections for service: com.android.providers.media.module/com.android.providers.media.MediaServiceafter removal is 0
08-06 17:09:37.634  1865  1865 I vendor.qti.hardware.servicetrackeraidl-service: size of client connections for client: systemafter removal is 26
08-06 17:09:37.634  1865  1865 I vendor.qti.hardware.servicetrackeraidl-service: destroyService is called for service : com.android.providers.media.module/com.android.providers.media.MediaService
08-06 17:09:37.645 12965 12985 I FuseDaemon: This is non sticky GC, maxfree is 16777216 minfree is 8388608
08-06 17:09:37.845  3086  3086 I adbd    : in ShellService: rm /sdcard/screen_2025-08-06_170935.png
08-06 17:09:37.849  7856  8833 E PhoneAdapter: get ntnphones failed, exception: java.lang.IllegalStateException: Default phones haven't been made yet!
08-06 17:09:37.852  2474  7258 E WifiScoreReportInjector: current network is in roaming environment
08-06 17:09:37.869 12965 17501 I MediaProvider: Deleted paths_hashcode::1389444597/:1389444597/-1169449251935.png items on external_primary due to com.android.shell tid=4336
08-06 17:09:37.880  1843  3496 I vendor.qti.hardware.display.composer-service: Sensor: notify citsensorservice to trigger cwb, misForced = 0
08-06 17:09:37.880  3050  4554 I libsensor-parseRGB: request dump start for mRequestDisplayId 0
08-06 17:09:37.910  3050  4604 E libsensor-parseRGB: CWB NotifyCWBBufferDone  error 0
08-06 17:09:37.966  1843  2051 I SDM     : DisplayBase::CommitThread: Received idle timeout, panel: cmd, timeout: 70000 us
08-06 17:09:38.115  3086  3086 I adbd    : in ShellService: dumpsys display
08-06 17:09:38.129  2474  7257 I MiuiNetworkPolicy: bandwidth: 0 KB/s, Max bandwidth: 11266 KB/s
08-06 17:09:38.284  3086  3086 I adbd    : in ShellService: wm size
08-06 17:09:38.368  3086  3086 I adbd    : in ShellService: dumpsys input
08-06 17:09:38.454  3086  3086 I adbd    : in ShellService: getprop ro.sf.lcd_density
08-06 17:09:38.495  2474  7382 I SmartPower: com.android.permissioncontroller/10241(7505): background->idle(13036ms) R(service end com.android.permissioncontroller/.permission.service.PermissionControllerServiceImpl) adj=905.
08-06 17:09:38.532  3086  3086 I adbd    : in ShellService: am start com.jabra.moments/com.jabra.moments.ui.splash.SplashActivity
08-06 17:09:38.554  3086  3086 I adbd    : in ShellService: ps
08-06 17:09:38.588  2474  7647 W ActivityTaskManager: callingPackage for (uid=2000, pid=4394) has no WPC
08-06 17:09:38.590  2474  7647 W OptProp : Cannot read opt property android.window.PROPERTY_COMPAT_ALLOW_ORIENTATION_OVERRIDE
08-06 17:09:38.593  2474  7647 E ActivityTaskManager: Unable to get servicetracker HAL instance
08-06 17:09:38.593  2474  7647 E ActivityTaskManager: Unable to get servicetracker HAL instance
08-06 17:09:38.593  2474  7647 E WindowManager: setClientVisible ActivityRecord{9325f41 u0 com.jabra.moments/.ui.splash.SplashActivity true
08-06 17:09:38.594  2474  7647 W OptProp : Cannot read opt property android.window.PROPERTY_COMPAT_ALLOW_RESIZEABLE_ACTIVITY_OVERRIDES
08-06 17:09:38.594  2474  7647 W OptProp : Cannot read opt property android.window.PROPERTY_COMPAT_ALLOW_MIN_ASPECT_RATIO_OVERRIDE
08-06 17:09:38.595  2474  7647 I AnimInterruptController: FIS notify Foresee interrupt start:167
08-06 17:09:38.595  2474  7647 I ActivityTaskManager: isKeyguardEditor: false, newTransition: TransitionRecord{ff44227 id=169 type=OPEN flags=0x0}
08-06 17:09:38.597  2474  7647 I WindowManager: When perf version exceed 2.3, MiGTStub result: false, gameType: 2, packageName: com.jabra.moments
08-06 17:09:38.598  1850  9924 E ANDR-PERF-LM: MetaMeter: handleAsync() 166: AdaptLaunch Invalid Async
08-06 17:09:38.598  1850  9924 E ANDR-PERF-LM: MetaMeter: handleAsync() 166: AdaptLaunch Invalid Async
08-06 17:09:38.598  1850  9924 E ANDR-PERF-LM: MetaMeter: handleAsync() 166: AdaptLaunch Invalid Async
08-06 17:09:38.598  1850  1933 E ANDR-PERF-UTIL: ANDR-PERF-UTIL: save_node_val() 366: Failed to read /sys/class/mmc_host/mmc0/clk_scaling/enable
08-06 17:09:38.598  1850  1933 E ANDR-PERF-OPTSHANDLER: ANDR-PERF-OPTSHANDLER: modify_sysfsnode() 1266: Failed to read /sys/class/mmc_host/mmc0/clk_scaling/enable
08-06 17:09:38.598  1850  1933 E ANDR-PERF-RESOURCEQS: ANDR-PERF-RESOURCEQS: AddAndApply() 167: Failed to apply optimization [11, 4]
08-06 17:09:38.599  1850  1933 E ANDR-PERF-UTIL: ANDR-PERF-UTIL: save_node_val() 366: Failed to read /sys/class/mmc_host/mmc0/clk_scaling/enable
08-06 17:09:38.599  1850  1933 E ANDR-PERF-OPTSHANDLER: ANDR-PERF-OPTSHANDLER: modify_sysfsnode() 1266: Failed to read /sys/class/mmc_host/mmc0/clk_scaling/enable
08-06 17:09:38.599  1850  1933 E ANDR-PERF-RESOURCEQS: ANDR-PERF-RESOURCEQS: AddAndApply() 167: Failed to apply optimization [11, 4]
08-06 17:09:38.599  2036  2036 E DisplayModeController: setDesiredMode : Idle status skip setActiveMode, isDdicIdleMode: 1
08-06 17:09:38.601  1850  1933 E ANDR-PERF-UTIL: ANDR-PERF-UTIL: save_node_val() 366: Failed to read /sys/class/mmc_host/mmc0/clk_scaling/enable
08-06 17:09:38.601  1850  1933 E ANDR-PERF-OPTSHANDLER: ANDR-PERF-OPTSHANDLER: modify_sysfsnode() 1266: Failed to read /sys/class/mmc_host/mmc0/clk_scaling/enable
08-06 17:09:38.601  1850  1933 E ANDR-PERF-RESOURCEQS: ANDR-PERF-RESOURCEQS: AddAndApply() 167: Failed to apply optimization [11, 4]
08-06 17:09:38.601  1850  9924 E ANDR-PERF-LM: MetaMeter: handleAsync() 166: AdaptLaunch Invalid Async
08-06 17:09:38.602  1843  1843 I SDM     : HWCDisplay::SetActiveConfigWithConstraints: display:66-0, config: 3, WxH 1200x2670, fps 120
08-06 17:09:38.602  1843  1843 W SDM     : HWDeviceDRM::GetSupportedBitClkRate: Requested rate not supported: 1150000000
08-06 17:09:38.602  1843  1843 I SDM     : HWDeviceDRM::UpdateMixerAttributes: Mixer WxH 1200x2670-1 for Peripheral
08-06 17:09:38.602  7823  7981 I DynamicDDSService: handleMessage(ACTIVITY_INVOKE{appInfo=com.jabra.moments isFullScreen=}true)
08-06 17:09:38.602  1843  1843 I SDM     : HWCDisplay::SubmitDisplayConfig: Active configuration changed from config 1 to 3
08-06 17:09:38.602  2474  7647 I WindowManager: Try to add startingWindow type = STARTING_WINDOW_TYPE_SPLASH_SCREEN this = ActivityRecord{9325f41 u0 com.jabra.moments/.ui.splash.SplashActivity t276} preAllowTaskSnapshot = true afterAllowTaskSnapshot = true newTask = true taskSwitch = true processRunning = false activityCreated = false activityAllDrawn = false isSnapshotCompatible = false resolvedTheme = 2131952140 theme = 2131952140
08-06 17:09:38.602  1843  1843 I SDM     : HWCDisplay::SubmitDisplayConfig: Active WxH 1200x2670 ,ddic_mode:auto, timing_fps: 120, sf_fps: 120
08-06 17:09:38.603  1843  3496 I vendor.qti.hardware.display.composer-service: Sensor: notify citsensorservice to trigger cwb, misForced = 0
08-06 17:09:38.604  3050  4554 I libsensor-parseRGB: request dump start for mRequestDisplayId 0
08-06 17:09:38.604  2474  7647 E ActivityTaskManager: Unable to get servicetracker HAL instance
08-06 17:09:38.605  7823  7873 W DynamicDDSService: appName is running in background.com.miui.home
08-06 17:09:38.606  2474  7647 I ActivityTaskManager: START u0 {act=android.intent.action.MAIN cat=[android.intent.category.LAUNCHER] flg=0x10000000 cmp=com.jabra.moments/.ui.splash.SplashActivity} with LAUNCH_MULTIPLE from uid 2000 from pid 4394 callingPackage com.android.shell (BAL_ALLOW_PERMISSION) result code=0
08-06 17:09:38.609  7890  8057 I SoScStageCoordinator: Transition requested:TransitionRequestInfo { type = OPEN, triggerTask = TaskInfo{userId=0 taskId=276 displayId=0 isRunning=true baseIntent=Intent { act=android.intent.action.MAIN cat=[android.intent.category.LAUNCHER] flg=0x10000000 cmp=com.jabra.moments/.ui.splash.SplashActivity } baseActivity=ComponentInfo{com.jabra.moments/com.jabra.moments.ui.splash.SplashActivity} topActivity=ComponentInfo{com.jabra.moments/com.jabra.moments.ui.splash.SplashActivity} origActivity=null realActivity=ComponentInfo{com.jabra.moments/com.jabra.moments.ui.splash.SplashActivity} numActivities=1 lastActiveTime=396002928 supportsSplitScreenMultiWindow=true supportsMultiWindow=true resizeMode=1 isResizeable=true minWidth=-1 minHeight=-1 defaultMinSize=200 token=WCT{android.window.IWindowContainerToken$Stub$Proxy@5bc12c} topActivityType=1 pictureInPictureParams=null shouldDockBigOverlays=false launchIntoPipHostTaskId=-1 lastParentTaskIdBeforePip=-1 displayCutoutSafeInsets=Rect(0, 116 - 0, 0) topActivityInfo=ActivityInfo{ff4d7f5 com.jabra.moments.ui.splash.SplashActivity} launchCookies=[] positionInParent=Point(0, 0) parentTaskId=-1 isFocused=false isVisible=false isVisibleRequested=false isSleeping=false locusId=null displayAreaFeatureId=1 isTopActivityTransparent=false appCompatTaskInfo=AppCompatTaskInfo { topActivityInSizeCompat=false topActivityInMiuiSizeCompat=false topActivityEligibleForLetterboxEducation= falseisLetterboxEducationEnabled= false isLetterboxDoubleTapEnabled= false topActivityEligibleForUserAspectRatioButton= false topActivityBoundsLetterboxed= false isFromLetterboxDoubleTap= false topActivityLetterboxVerticalPosition= -1 topActivityLetterboxHorizontalPosition= -1 topActivityLetterboxWidth=1200 topActivityLetterboxHeight=2670 isUserFullscreenOverrideEnabled=false isSystemFullscreenOverrideEnabled=false cameraCompatTaskInfo=CameraCompatTaskInfo { cameraCompatControlState=hidden freeformCameraCompatMode=inactive}} isImmersive=false mTopActivityRequestOrientation=-2 mBehindAppLockPkg=null mOriginatingUid=0 isEmbedded=false shouldBeVisible=true isCreatedByOrganizer=false mIsCastMode=false mTopActivityMediaSize=null mTopActivityRecordName=ActivityRecord{9325f41 u0 com.jabra.moments/.ui.splash.SplashActivity t276} mTopActivityOrientation=-2}, pipTask = null, remoteTransition = null, displayChange = null, flags = 0, debugId = 169 } isSoScActive:false triggerTask:TaskInfo{userId=0 taskId=276 displayId=0 isRunning=true baseIntent=Intent { act=android.intent.action.MAIN cat=[android.intent.category.LAUNCHER] flg=0x10000000 cmp=com.jabra.moments/.ui.splash.SplashActivity } baseActivity=ComponentInfo{com.jabra.moments/com.jabra.moments.ui.splash.SplashActivity} topActivity=ComponentInfo{com.jabra.moments/com.jabra.moments.ui.splash.SplashActivity} origActivity=null realActivity=ComponentInfo{com.jabra.moments/com.jabra.moments.ui.splash.SplashActivity} numActivities=1 lastActiveTime=396002928 supportsSplitScreenMultiWindow=true supportsMultiWindow=true resizeMode=1 isResizeable=true minWidth=-1 minHeight=-1 defaultMinSize=200 token=WCT{android.window.IWindowContainerToken$Stub$Proxy@5bc12c} topActivityType=1 pictureInPictureParams=null shouldDockBigOverlays=false launchIntoPipHostTaskId=-1 lastParentTaskIdBeforePip=-1 displayCutoutSafeInsets=Rect(0, 116 - 0, 0) topActivityInfo=ActivityInfo{ff4d7f5 com.jabra.moments.ui.splash.SplashActivity} launchCookies=[] positionInParent=Point(0, 0) parentTaskId=-1 isFocused=false isVisible=false isVisibleRequested=false isSleeping=false locusId=null displayAreaFeatureId=1 isTopActivityTransparent=false appCompatTaskInfo=AppCompatTaskInfo { topActivityInSizeCompat=false topActivityInMiuiSizeCompat=false topActivityEligibleForLetterboxEducation= falseisLetterboxEducationEnabled= false isLetterboxDoubleTapEnabled= false topActivityEligibleForUserAspectRatioButton= false topActivityBoundsLetterboxed= false isFromLetterboxDoubleTap= false topActivityLetterboxVerticalPosition= -1 topActivityLetterboxHorizontalPosition= -1 topActivityLetterboxWidth=1200 t
08-06 17:09:38.610  2474  7384 I DisplayModeDirectorImpl: setSmartDisplayUpRefreshRatePolicy [0.0,120.0]
08-06 17:09:38.610  7458  7458 I Launcher.widget: onInvisible 
08-06 17:09:38.610  7458  7458 I Launcher.widget: onInvisible 
08-06 17:09:38.610  2474  7633 E ActivityTaskManager: Unable to get servicetracker HAL instance
08-06 17:09:38.611 13430 13430 I LauncherOverlayCallback: handleMessage WHAT_ACTIVITY_STATE_CHANGED what1
08-06 17:09:38.611 13430 13430 I LauncherOverlayCallback: handleMessage WHAT_LAUNCHER_STATE what1
08-06 17:09:38.611 13430 13430 I AssistantOverlayWindow: lockToHideOverlay
08-06 17:09:38.611  2474  3506 I SettingsImpl: notify first launch
08-06 17:09:38.612  2474  7633 I AppsFilter: interaction: PackageSetting{b2e662c com.android.microdroid.empty_payload/10236} -> PackageSetting{b0e2958 com.jabra.moments/10360} BLOCKED
08-06 17:09:38.612  2474  7633 I AppsFilter: interaction: PackageSetting{332768a io.appium.uiautomator2.server.test/10280} -> PackageSetting{b0e2958 com.jabra.moments/10360} BLOCKED
08-06 17:09:38.612  2474  3506 W ActivityManagerServiceImpl: Sending non-protected broadcast miui.intent.action.PACKAGE_FIRST_LAUNCH from system uid 1000 pkg null. Callers=com.android.server.am.ActivityManagerService.checkBroadcastFromSystem:16255 com.android.server.am.ActivityManagerService.broadcastIntentLockedTraced:17126 com.android.server.am.ActivityManagerService.broadcastIntentLocked:16315 com.android.server.am.ActivityManagerService.broadcastIntentWithFeature:17337 com.android.server.pm.SettingsImpl.lambda$noftifyFirstLaunch$0:122 
08-06 17:09:38.612  2474  7633 I AppsFilter: interaction: PackageSetting{556b4fb io.github.ylimit.droidbotapp/10359} -> PackageSetting{b0e2958 com.jabra.moments/10360} BLOCKED
08-06 17:09:38.612  2474  7633 I AppsFilter: interaction: PackageSetting{631b918 com.rongcard.eid/10151} -> PackageSetting{b0e2958 com.jabra.moments/10360} BLOCKED
08-06 17:09:38.612  2474  7633 I AppsFilter: interaction: PackageSetting{a214f71 io.appium.settings/10274} -> PackageSetting{b0e2958 com.jabra.moments/10360} BLOCKED
08-06 17:09:38.613  2474  7633 E WindowManager: setClientVisible ActivityRecord{9325f41 u0 com.jabra.moments/.ui.splash.SplashActivity t276} true
08-06 17:09:38.614  2474  2654 I SmartPower: com.jabra.moments/10360(0): -1->background(0ms) R(become background) adj=-10000.
08-06 17:09:38.615  2036  2036 I RefreshRateSelector: Display 4630947082089526659 policy changed
08-06 17:09:38.615  2036  2036 I RefreshRateSelector: Previous: {defaultModeId=0, allowGroupSwitching=false, primaryRanges={physical=[0.00 Hz, 120.00 Hz], render=[0.00 Hz, 120.00 Hz]}, appRequestRanges={physical=[0.00 Hz, 120.00 Hz], render=[0.00 Hz, 120.00 Hz]} idleScreenConfig=nullptr}
08-06 17:09:38.615  2036  2036 I RefreshRateSelector: Current:  DisplayManagerPolicy{defaultModeId=0, allowGroupSwitching=false, primaryRanges={physical=[0.00 Hz, inf Hz], render=[0.00 Hz, 120.00 Hz]}, appRequestRanges={physical=[0.00 Hz, inf Hz], render=[0.00 Hz, 120.00 Hz]} idleScreenConfig=nullptr}
08-06 17:09:38.615  2036  2036 I RefreshRateSelector: 16 mode changes were performed under the previous policy
08-06 17:09:38.615  2474  7384 I DisplayModeDirectorImpl: onDesiredDisplayModeSpecsChanged:baseModeId=0 allowGroupSwitching=false primary=physical: (0.0 Infinity) render:  (0.0 120.0) appRequest=physical: (0.0 Infinity) render:  (0.0 120.0) idleScreenRefreshRateConfig=null noVotes=true
08-06 17:09:38.616  2036  2036 I BpBinder: onLastStrongRef automatically unlinking death recipients: 
08-06 17:09:38.616  7890  7890 I FocusedNotifPromptContr: onTopActivityMayChanged: isSupportPip false, isFocus false
08-06 17:09:38.616  7890  7890 I FocusedNotifPromptContr: onTopActivityMayChanged: topActivity=com.jabra.moments
08-06 17:09:38.616  7890  7890 I PromptViewAnimState: topActivityMayChanged: topActivity=com.miui.home --> com.jabra.moments
08-06 17:09:38.617  7458  8328 W MiBridge: Permission not granted !!
08-06 17:09:38.617  2474  2745 I SmartPower: com.android.browser/10134(9561): idle->background(23318ms) R(broadcast start Intent { act=miui.intent.action.PACKAGE_FIRST_LAUNCH flg=0x1000010 (has extras) }) adj=915.
08-06 17:09:38.618  2474  2745 I SmartPower: com.miui.systemAdSolution/10168(17757): idle->background(9703ms) R(broadcast start Intent { act=miui.intent.action.PACKAGE_FIRST_LAUNCH flg=0x1000010 (has extras) }) adj=100.
08-06 17:09:38.618  2474  2745 I SmartPower: com.xiaomi.market/10167(6011): idle->background(9658ms) R(broadcast start Intent { act=miui.intent.action.PACKAGE_FIRST_LAUNCH flg=0x1000010 (has extras) }) adj=905.
08-06 17:09:38.619  6011  3058 I Market-AppActiveReceiver: use miui action receive app active broadcast for: AppActiveStatRecord{packageName='com.jabra.moments', installer='null', miuiActiveId='17544713786121', miuiActiveTime=1754471378612, activeTime=1754471378619, activeType=1, userId=0, activationSource='null', reportSource='null'}
08-06 17:09:38.621  7458  8328 W RecentsModel: getRunningTask   taskInfo=TaskInfo{userId=0 taskId=276 displayId=0 isRunning=true baseIntent=Intent { act=android.intent.action.MAIN cat=[android.intent.category.LAUNCHER] flg=0x10000000 cmp=com.jabra.moments/.ui.splash.SplashActivity } baseActivity=ComponentInfo{com.jabra.moments/com.jabra.moments.ui.splash.SplashActivity} topActivity=ComponentInfo{com.jabra.moments/com.jabra.moments.ui.splash.SplashActivity} origActivity=null realActivity=ComponentInfo{com.jabra.moments/com.jabra.moments.ui.splash.SplashActivity} numActivities=1 lastActiveTime=396002944 supportsSplitScreenMultiWindow=true supportsMultiWindow=true resizeMode=1 isResizeable=true minWidth=-1 minHeight=-1 defaultMinSize=200 token=WCT{android.window.IWindowContainerToken$Stub$Proxy@a7a4a35} topActivityType=1 pictureInPictureParams=null shouldDockBigOverlays=false launchIntoPipHostTaskId=-1 lastParentTaskIdBeforePip=-1 displayCutoutSafeInsets=Rect(0, 116 - 0, 0) topActivityInfo=ActivityInfo{2abeeca com.jabra.moments.ui.splash.SplashActivity} launchCookies=[] positionInParent=Point(0, 0) parentTaskId=-1 isFocused=false isVisible=false isVisibleRequested=true isSleeping=false locusId=null displayAreaFeatureId=1 isTopActivityTransparent=false appCompatTaskInfo=AppCompatTaskInfo { topActivityInSizeCompat=false topActivityInMiuiSizeCompat=false topActivityEligibleForLetterboxEducation= falseisLetterboxEducationEnabled= false isLetterboxDoubleTapEnabled= false topActivityEligibleForUserAspectRatioButton= false topActivityBoundsLetterboxed= false isFromLetterboxDoubleTap= false topActivityLetterboxVerticalPosition= -1 topActivityLetterboxHorizontalPosition= -1 topActivityLetterboxWidth=1200 topActivityLetterboxHeight=2670 isUserFullscreenOverrideEnabled=false isSystemFullscreenOverrideEnabled=false cameraCompatTaskInfo=CameraCompatTaskInfo { cameraCompatControlState=hidden freeformCameraCompatMode=inactive}} isImmersive=false mTopActivityRequestOrientation=-1 mBehindAppLockPkg=null mOriginatingUid=0 isEmbedded=false shouldBeVisible=true isCreatedByOrganizer=false mIsCastMode=false mTopActivityMediaSize=null mTopActivityRecordName=ActivityRecord{9325f41 u0 com.jabra.moments/.ui.splash.SplashActivity t276} mTopActivityOrientation=-1}
08-06 17:09:38.621  2474  2646 E SSRU-RUS: Don't have packages for uid 99004
08-06 17:09:38.622 24463 24463 E Zygote  : process_name_ptr:24463 com.jabra.moments
08-06 17:09:38.622  7458  8328 E ActivityManagerWrapper: get all recent tasks force including 276
08-06 17:09:38.622 24463 24463 E Zygote  : SetMemoryProtected process_name_ptr:24463 com.jabra.moments
08-06 17:09:38.622  2474  7257 I MiuiNetworkPolicy: updateUidState uid = 99004, uidState = 11
08-06 17:09:38.622  7890  8159 I ViewRootImpl: Splash Screen com.jabra.moments use first frame acceleration
08-06 17:09:38.622  2474  7257 I MiuiNetworkPolicy: updateUidState uid = 10261, uidState = 11
08-06 17:09:38.622  2474  7257 I MiuiNetworkPolicy: updateUidState uid = 10158, uidState = 11
08-06 17:09:38.622  2474  7257 I MiuiNetworkPolicy: updateUidState uid = 10134, uidState = 11
08-06 17:09:38.623  2474  7633 I WindowManager: Add startingWindow, surfaceControl = Surface(name=378c8ff Splash Screen com.jabra.moments#2130)/@0x8aded15 layerId = 2130
08-06 17:09:38.624  1850  9924 E ANDR-PERF-LM: MetaMeter: handleAsync() 166: AdaptLaunch Invalid Async
08-06 17:09:38.625  2474  2655 I AnimInterruptController: FIS reset Foresee interrupt status
08-06 17:09:38.625  2474  2655 I SmartPower: com.jabra.moments/10360(0): background->visible(10ms) R(become visible) adj=-10000.
08-06 17:09:38.625  2474  2655 E WindowManager: setClientVisible ActivityRecord{9325f41 u0 com.jabra.moments/.ui.splash.SplashActivity t276} true
08-06 17:09:38.626  2474  2655 I Transition: set flag to skip the keyguard Animation
08-06 17:09:38.626  2474  7441 I BarFollowAnimation:  getHomeVersion  defaultLauncher = com.miui.home value = 1
08-06 17:09:38.626  2474  7441 I BarFollowAnimation: Execute startStatusBarAnimation for info = {id=169 t=OPEN f=0x4000000 trk=0 r=[0@Point(0, 0)] c=[{WCT{RemoteToken{afefcf6 Task{984ae7d #276 type=standard A=10360:com.jabra.moments}}} m=OPEN f=NONE leash=Surface(name=Task=276#2128)/@0x8523cd4 sb=Rect(0, 0 - 1200, 2670) eb=Rect(0, 0 - 1200, 2670) d=0 taskParent=-1 v=true},{WCT{RemoteToken{9bb7ab9 Task{2641c81 #1 type=home}}} m=TO_BACK f=SHOW_WALLPAPER leash=Surface(name=Task=1#47)/@0xb5a5068 sb=Rect(0, 0 - 1200, 2670) eb=Rect(0, 0 - 1200, 2670) d=0 taskParent=-1 v=false}] mk=[false] noAni=[false] df=[false] oa=[false] sa=[false] ho=[false] iSync=[-1]} mStatusState = -1 mIsFromApp = false isRecent = false
08-06 17:09:38.626  2474  7257 I MiuiNetworkPolicy: updateUidState uid = 10360, uidState = 19
08-06 17:09:38.627 24463 24463 I m.jabra.moments: Using CollectorTypeCC GC.
08-06 17:09:38.627  2927  2999 I misight : OnEvent EventPrivacyCompliance event=907400027
08-06 17:09:38.628  2927  2999 I misight : OnEvent event 907400027 param compliance process failed
08-06 17:09:38.628  2474  4408 W ContextImpl: Calling a method in the system process without a qualified user: android.app.ContextImpl.sendBroadcast:1260 com.qualcomm.qti.Performance$SendGameLaunchBroadcast.run:248 java.lang.Thread.run:1012 <bottom of call stack> <bottom of call stack> 
08-06 17:09:38.629  2474  2646 E SSRU-RUS: Don't have packages for uid 99004
08-06 17:09:38.629  2474  7257 I MiuiNetworkPolicy: updateUidState uid = 99004, uidState = 19
08-06 17:09:38.629  2474  7257 I MiuiNetworkPolicy: updateUidState uid = 10134, uidState = 19
08-06 17:09:38.629  2474  7257 I MiuiNetworkPolicy: updateUidState uid = 10261, uidState = 19
08-06 17:09:38.629  2474  7257 I MiuiNetworkPolicy: updateUidState uid = 10158, uidState = 19
08-06 17:09:38.630 24463 24463 E m.jabra.moments: Not starting debugger since process cannot load the jdwp agent.
08-06 17:09:38.630  2474  2750 I ActivityManager: Start proc 24463:com.jabra.moments/u0a360 for next-top-activity {com.jabra.moments/com.jabra.moments.ui.splash.SplashActivity} caller=com.android.shell
08-06 17:09:38.632  1878  1878 E qspmHal : setAppInfoH atPid = 24463, gpuFname:com.jabra.moments, gpuFver:5060184121
08-06 17:09:38.632  7458  8328 E ActivityManagerWrapper: getRecentTasksForceIncludingTaskIdIfValid: getRecentTasks: size=4
08-06 17:09:38.632  7458  8328 E ActivityManagerWrapper:  mainTaskId=276   userId=0   windowMode=1   baseIntent=Intent { act=android.intent.action.MAIN flag=268435456 cmp=ComponentInfo{com.jabra.moments/com.jabra.moments.ui.splash.SplashActivity} }
08-06 17:09:38.632  7458  8328 E ActivityManagerWrapper:  mainTaskId=275   userId=0   windowMode=1   baseIntent=Intent { act=android.intent.action.VIEW flag=335552512 cmp=ComponentInfo{com.android.chrome/org.chromium.chrome.browser.ChromeTabbedActivity} }
08-06 17:09:38.632  7458  8328 E ActivityManagerWrapper:  mainTaskId=257   userId=0   windowMode=1   baseIntent=Intent { act=android.intent.action.VIEW flag=268435456 cmp=ComponentInfo{com.android.vending/com.google.android.finsky.activities.MainActivity} }
08-06 17:09:38.632  7458  8328 E ActivityManagerWrapper:  mainTaskId=254   userId=0   windowMode=1   baseIntent=Intent { act=android.intent.action.MAIN flag=270532608 cmp=ComponentInfo{com.getsurfboard/com.getsurfboard.ui.activity.MainActivity} }
08-06 17:09:38.633  7458  8328 E ScreenElementRoot: load error, manifest root is null
08-06 17:09:38.633  2474 10069 I MultiSenceManagerInternalStub: getInstance
08-06 17:09:38.634 24463 24463 I MessageMonitor: Load libmiui_runtime
08-06 17:09:38.634  2474  7441 E BarFollowAnimation: isHomeDark = 0 currentDark = 0 isFullGesture = true
08-06 17:09:38.634  7890  8057 I MultiTaskingTaskRepository: needSkip: is home task
08-06 17:09:38.634  7890  8057 W MultiTaskingTaskRepository: onToBackTransitionReady putOrUpdateTaskInfo skip
08-06 17:09:38.635  3050  3078 E libsensor-parseRGB: CWB NotifyCWBBufferDone  error 0
08-06 17:09:38.635  7890  8159 W libc    : Access denied finding property "vendor.gpp.create_frc_extension"
08-06 17:09:38.636  2474  7441 E BarFollowAnimation: isHomeDark = 0 currentDark = 0 isFullGesture = true
08-06 17:09:38.636  7890  8057 I ShellTransitions: Is abandon offsetY: false
08-06 17:09:38.636  7890  8057 I ShellTransitions: Is abandon offsetY: false
08-06 17:09:38.636  7890  8057 E KeyguardTransitionHandlerImpl: activityCount = 0
08-06 17:09:38.636  7890  8057 E KeyguardTransitionHandlerImpl: activityCount = 0
08-06 17:09:38.639  2474  7257 I MiuiNetworkPolicy: updateUidState uid = 10261, uidState = 10
08-06 17:09:38.639  2474  7257 I MiuiNetworkPolicy: updateUidState uid = 10158, uidState = 10
08-06 17:09:38.640  6011  6011 I Market-ServiceUtils: startForeground: AppActiveStatService
08-06 17:09:38.641  2474  8330 W UserManagerService: Requested status bar icon for non-badged user 0
08-06 17:09:38.641  2474 10069 W ActivityManager: Foreground service started from background can not have location/camera/microphone access: service com.xiaomi.market/.service.AppActiveStatService
08-06 17:09:38.641  2474 10069 I ActivityManager: Background started FGS: Allowed [callingPackage: com.xiaomi.market; callingUid: 10167; uidState: SVC ; uidBFSL: n/a; intent: Intent { cmp=com.xiaomi.market/.service.AppActiveStatService (has extras) }; code:SYSTEM_ALERT_WINDOW_PERMISSION; tempAllowListReason:<,reasonCode:SYSTEM_ALLOW_LISTED,duration:9223372036854775807,callingUid:-1>; targetSdkVersion:33; callerTargetSdkVersion:33; startForegroundCount:0; bindFromPackage:null: isBindService:false]
08-06 17:09:38.641  7890  8266 W qdgralloc: getInterlacedFlag: getMetaData returned 3, defaulting to interlaced_flag = 0
08-06 17:09:38.642  2474 10069 W ForegroundServiceTypeLoggerModule: Foreground service start for UID: 10167 does not have any types
08-06 17:09:38.643  1843  1843 I MiClstc : DropLayers erase layer 547
08-06 17:09:38.643 13223 17910 W SQLiteLog: (28) double-quoted string literal: "com.jabra.moments"
08-06 17:09:38.645  2474  7378 E HyperSentinel: -------------------------------------------------------
08-06 17:09:38.645  2474  7378 E HyperSentinel: Event_ThreadAmount
08-06 17:09:38.645  2474  7378 E HyperSentinel: -> audit event by proc 24463 "com.jabra.moments": running threads amount, 0 -> 12
08-06 17:09:38.646  2474  7257 I MiuiNetworkPolicy: updateUidState uid = 10261, uidState = 4
08-06 17:09:38.646  2474  7257 I MiuiNetworkPolicyTrafficLimit: updateWhiteListUidForMobileTraffic uid=10261,add=true
08-06 17:09:38.646  2474  7257 I MiuiNetworkPolicy: updateUidState uid = 10203, uidState = 4
08-06 17:09:38.646  2474  7257 I MiuiNetworkPolicy: updateUidState uid = 10167, uidState = 4
08-06 17:09:38.646  2474  7257 I MiuiNetworkPolicyTrafficLimit: updateWhiteListUidForMobileTraffic uid=10167,add=true
08-06 17:09:38.646  2474  7257 I MiuiNetworkPolicy: updateUidState uid = 10158, uidState = 4
08-06 17:09:38.647  1850  9924 E ANDR-PERF-LM: MetaMeter: handleAsync() 166: AdaptLaunch Invalid Async
08-06 17:09:38.648  2474  7257 I MiuiNetworkPolicyTrafficLimit: updateWhiteListUidForMobileTraffic uid=10158,add=true
08-06 17:09:38.648  2474  7257 I MiuiNetworkPolicy: updateUidState uid = 10090, uidState = 4
08-06 17:09:38.649  2474  2652 I Location.SSRU: foregroundActivities IS trueUID ID 10360, home is false
08-06 17:09:38.650  2474  2655 I WindowManager: wms.showSurfaceRobustly mWin:Window{378c8ff u0 Splash Screen com.jabra.moments}
08-06 17:09:38.651 14107 14646 E VA_AppStateWatcher: handleMessage: return!
08-06 17:09:38.653  2474  7257 I MiuiNetworkPolicy: updateUidState uid = 10360, uidState = 2
08-06 17:09:38.654 24463 24463 I JavaheapMonitor: Java heap monitor start.
08-06 17:09:38.655  2474  7257 I MiuiNetworkPolicyTrafficLimit: updateWhiteListUidForMobileTraffic uid=10360,add=true
08-06 17:09:38.657  2474  8330 I ClipboardServiceI: checkProviderWakePathForClipboard: primaryClip is null
08-06 17:09:38.659  1843  1843 I MiClstc : DropLayers erase layer 548
08-06 17:09:38.661  9014 21900 I artd    : Dex parent of /data/app/~~fBhVu_6HDWBMV8ub0Gw0KA==/com.jabra.moments-DLzG6Y-nIz35PD1IyrILxQ==/base.apk is not writable: Permission denied
08-06 17:09:38.661  9014 21900 I artd    : GetBestInfo checking odex in dalvik-cache (/data/dalvik-cache/arm64/data@app@~~fBhVu_6HDWBMV8ub0Gw0KA==@com.jabra.moments-DLzG6Y-nIz35PD1IyrILxQ==@base.apk@classes.dex)
08-06 17:09:38.661  9014 21900 I artd    : Loading /data/dalvik-cache/arm64/data@app@~~fBhVu_6HDWBMV8ub0Gw0KA==@com.jabra.moments-DLzG6Y-nIz35PD1IyrILxQ==@base.apk@classes.dex with executable: 0
08-06 17:09:38.661  9014 21900 I artd    : OatFileAssistant test for existing oat file /data/dalvik-cache/arm64/data@app@~~fBhVu_6HDWBMV8ub0Gw0KA==@com.jabra.moments-DLzG6Y-nIz35PD1IyrILxQ==@base.apk@classes.dex: File /data/dalvik-cache/arm64/data@app@~~fBhVu_6HDWBMV8ub0Gw0KA==@com.jabra.moments-DLzG6Y-nIz35PD1IyrILxQ==@base.apk@classes.vdex does not exist.
08-06 17:09:38.661  9014 21900 I artd    : GetBestInfo checking odex next to the dex file (/data/app/~~fBhVu_6HDWBMV8ub0Gw0KA==/com.jabra.moments-DLzG6Y-nIz35PD1IyrILxQ==/oat/arm64/base.odex)
08-06 17:09:38.661  9014 21900 I artd    : Loading /data/app/~~fBhVu_6HDWBMV8ub0Gw0KA==/com.jabra.moments-DLzG6Y-nIz35PD1IyrILxQ==/oat/arm64/base.odex with executable: 0
08-06 17:09:38.661  9014 21900 I artd    : Successfully loaded /data/app/~~fBhVu_6HDWBMV8ub0Gw0KA==/com.jabra.moments-DLzG6Y-nIz35PD1IyrILxQ==/oat/arm64/base.odex with executable: 0
08-06 17:09:38.662  9014 21900 I artd    : /data/app/~~fBhVu_6HDWBMV8ub0Gw0KA==/com.jabra.moments-DLzG6Y-nIz35PD1IyrILxQ==/oat/arm64/base.odex is kOatUpToDate with filter verify
08-06 17:09:38.662 24463 24463 I Perf    : Connecting to perf service.
08-06 17:09:38.667 24463 24463 I FirebaseApp: Device unlocked: initializing all Firebase APIs for app [DEFAULT]
08-06 17:09:38.671 24463  4441 I ActivityThread: TrafficStats init done
08-06 17:09:38.671  2474  4292 I ClipboardServiceI: checkProviderWakePathForClipboard: primaryClip is null
08-06 17:09:38.672 24463  4441 I ForceDarkHelperStubImpl: initialize for com.jabra.moments , ForceDarkOrigin
08-06 17:09:38.672 24463 24463 I FirebaseInitProvider: FirebaseApp initialization successful
08-06 17:09:38.673  1865  1865 I vendor.qti.hardware.servicetrackeraidl-service: bindService is called for service : com.jabra.moments/com.mapbox.android.telemetry.MapboxTelemetryService and for client com.jabra.moments
08-06 17:09:38.673  1865  1865 I vendor.qti.hardware.servicetrackeraidl-service: total connections for service : com.jabra.moments/com.mapbox.android.telemetry.MapboxTelemetryServiceare :1
08-06 17:09:38.673  1865  1865 I vendor.qti.hardware.servicetrackeraidl-service: total connections for client : com.jabra.momentsare :1
08-06 17:09:38.674 24463  4441 I MiuiForceDarkConfig: setConfig density:3.000000, mainRule:0, secondaryRule:0, tertiaryRule:0
08-06 17:09:38.675  2474  2646 E SSRU-RUS: Don't have packages for uid 99006
08-06 17:09:38.675  2474  7647 I ClipboardServiceI: checkProviderWakePathForClipboard: primaryClip is null
08-06 17:09:38.675  2474  7257 I MiuiNetworkPolicy: updateUidState uid = 99006, uidState = 3
08-06 17:09:38.675  2474  7257 I MiuiNetworkPolicy: updateUidState uid = 10130, uidState = 3
08-06 17:09:38.678 24463  4441 I ActivityThread: Miui Feature Init done
08-06 17:09:38.685  1865  1865 I vendor.qti.hardware.servicetrackeraidl-service: bindService is called for service : com.google.android.gms/com.google.android.location.internal.GoogleLocationManagerService and for client com.jabra.moments
08-06 17:09:38.685  1865  1865 I vendor.qti.hardware.servicetrackeraidl-service: total connections for service : com.google.android.gms/com.google.android.location.internal.GoogleLocationManagerServiceare :3
08-06 17:09:38.685  1865  1865 I vendor.qti.hardware.servicetrackeraidl-service: total connections for client : com.jabra.momentsare :2
08-06 17:09:38.685  2474  7257 I MiuiNetworkPolicy: updateUidState uid = 10130, uidState = 3
08-06 17:09:38.687 24463  4451 I DynamiteModule: Considering local module com.google.android.gms.measurement.dynamite:51 and remote module com.google.android.gms.measurement.dynamite:154
08-06 17:09:38.688 24463  4451 I DynamiteModule: Selected remote version of com.google.android.gms.measurement.dynamite, version >= 154
08-06 17:09:38.691  1566  1575 E QC-time-services: Daemon: Time-services: Waiting to acceptconnection
08-06 17:09:38.691  1118  1164 E QC-time-services: Receive Passed == base = 13, unit = 1, operation = 2, result = 0
