08-06 17:09:27.263 27825 27825 W MiuiGallery2_BaseMediaScannerReceiver: [main] - Broadcast received, action: [android.intent.action.MEDIA_SCANNER_SCAN_FILE], data uri: [file:///sdcard/screen_2025-08-06_170925.png], CTA not allowed
08-06 17:09:27.266  2474  7257 I MiuiNetworkPolicy: updateUidState uid = 10271, uidState = 11
08-06 17:09:27.267  2474  7257 I MiuiNetworkPolicy: updateUidState uid = 10271, uidState = 19
08-06 17:09:27.268 12965 12965 I MediaProvider: receive action = android.intent.action.MEDIA_SCANNER_SCAN_FILE schemeSpecificPart = ///sdcard/screen_2025-08-06_170925.png
08-06 17:09:27.270  2474  8332 W JobInfo : Job 'com.android.providers.media.module/com.android.providers.media.MediaService#-300' has a deadline with no functional constraints. The deadline won't improve job execution latency. Consider removing the deadline.
08-06 17:09:27.273  1865  1865 I vendor.qti.hardware.servicetrackeraidl-service: bindService is called for service : com.android.providers.media.module/com.android.providers.media.MediaService and for client system
08-06 17:09:27.273  1865  1865 I vendor.qti.hardware.servicetrackeraidl-service: total connections for service : com.android.providers.media.module/com.android.providers.media.MediaServiceare :1
08-06 17:09:27.273  1865  1865 I vendor.qti.hardware.servicetrackeraidl-service: total connections for client : systemare :28
08-06 17:09:27.274  2474  7379 I whetstone.activity: processNotifyEvent1 resId = 256, bundle = Bundle[{startTime=395991596, sourcePkg=com.android.providers.media.module, sourceUid=10249, status=1, jobId=-300, batteryName=com.android.providers.media.module/com.android.providers.media.MediaService, elapsedRealtime=395991596}]
08-06 17:09:27.274 14191 14525 I EventMonitor: notifyEvent resId=256
08-06 17:09:27.280  2474  2643 I ActivityManager: Broadcast completed: result=0
08-06 17:09:27.281 12965 14232 I MediaProvider: Begin Intent { act=android.intent.action.MEDIA_SCANNER_SCAN_FILE dat=file:///... flg=0x1400010 cmp=com.android.providers.media.module/com.android.providers.media.MediaService }
08-06 17:09:27.295 12965 14232 I MediaProvider: End Intent { act=android.intent.action.MEDIA_SCANNER_SCAN_FILE dat=file:///... flg=0x1400010 cmp=com.android.providers.media.module/com.android.providers.media.MediaService }
08-06 17:09:27.297  2474  7379 I whetstone.activity: processNotifyEvent1 resId = 256, bundle = Bundle[{startTime=395991619, sourcePkg=com.android.providers.media.module, sourceUid=10249, status=0, jobId=-300, batteryName=com.android.providers.media.module/com.android.providers.media.MediaService, elapsedRealtime=395991619}]
08-06 17:09:27.297 14191 14525 I EventMonitor: notifyEvent resId=256
08-06 17:09:27.297  1865  1865 I vendor.qti.hardware.servicetrackeraidl-service: unbindService is called for service : com.android.providers.media.module/com.android.providers.media.MediaService and for client system
08-06 17:09:27.297  1865  1865 I vendor.qti.hardware.servicetrackeraidl-service: size of service connections for service: com.android.providers.media.module/com.android.providers.media.MediaServiceafter removal is 0
08-06 17:09:27.297  1865  1865 I vendor.qti.hardware.servicetrackeraidl-service: size of client connections for client: systemafter removal is 27
08-06 17:09:27.297  1865  1865 I vendor.qti.hardware.servicetrackeraidl-service: destroyService is called for service : com.android.providers.media.module/com.android.providers.media.MediaService
08-06 17:09:27.307 12965 12985 I FuseDaemon: This is sticky GC, maxfree is 16777216 minfree is 8388608
08-06 17:09:27.458 13430 13430 I PackageInstallReceiver: action = android.intent.action.PACKAGE_CHANGED packageName = com.miui.cleanmaster
08-06 17:09:27.459 13430 13430 W InstalledPackagesMemoryCache: Unknown action: android.intent.action.PACKAGE_CHANGED
08-06 17:09:27.459 13430 13430 I ServiceDeliveryCapability: onAppChanged:com.miui.cleanmaster action:android.intent.action.PACKAGE_CHANGED
08-06 17:09:27.459 13430 13430 I AppWidgetDelegate: updateAppWidgets for com.miui.cleanmaster
08-06 17:09:27.459 13430 13430 I WidgetController: WidgetController.updateOrRemoveStackWhenPackageChanged: packageName com.miui.cleanmaster
08-06 17:09:27.459 13430 13430 I WidgetBackgroundBlurManager: onAppChanged appPackageName : com.miui.cleanmaster
08-06 17:09:27.460 13430 14324 I AppWidgetDelegate: removeAllWidgets com.android.calendar.widget.NearEventAppWidget
08-06 17:09:27.460 13430 14324 I AppWidgetDelegate: removeAllWidgets com.xiaomi.misettings.usagestats.widget.desktop.widget.SimpleUsageStatsWidget
08-06 17:09:27.486  3086  3086 I adbd    : in ShellService: rm /sdcard/screen_2025-08-06_170925.png
08-06 17:09:27.515 12965 14974 I MediaProvider: Deleted paths_hashcode::1389444597/:1389444597/-1169449251925.png items on external_primary due to com.android.shell tid=3905
08-06 17:09:27.655  3086  3086 I adbd    : in ShellService: dumpsys display
08-06 17:09:27.755  2474  8251 I NetworkAccelerateSwitchService: EVENT_RSSI_POLL. mRssiPoll=true
08-06 17:09:27.756  2474  8251 I NetworkAccelerateSwitchService: getAverageWifiRssi:61
08-06 17:09:27.829  3086  3086 I adbd    : in ShellService: wm size
08-06 17:09:27.946  3086  3086 I adbd    : in ShellService: dumpsys input
08-06 17:09:28.091  3086  3086 I adbd    : in ShellService: getprop ro.sf.lcd_density
08-06 17:09:28.102  3086  3086 I adbd    : in ShellService: ps
08-06 17:09:28.161  3086  3086 I adbd    : in ShellService: am force-stop com.jabra.moments
08-06 17:09:28.205  2474  7633 I ActivityManager: Force stopping com.jabra.moments appid=10360 user=0: from process:4011
08-06 17:09:28.209  2474  7633 E ClipboardServiceI: removeActivePermissionOwnerForPackage: mPrimaryClipPackage is null or get is null
08-06 17:09:28.210  2474  7633 I AppsFilter: interaction: PackageSetting{b2e662c com.android.microdroid.empty_payload/10236} -> PackageSetting{7eb18f5 com.jabra.moments/10360} BLOCKED
08-06 17:09:28.211  2474  7633 I AppsFilter: interaction: PackageSetting{332768a io.appium.uiautomator2.server.test/10280} -> PackageSetting{7eb18f5 com.jabra.moments/10360} BLOCKED
08-06 17:09:28.211  2474  7633 I AppsFilter: interaction: PackageSetting{556b4fb io.github.ylimit.droidbotapp/10359} -> PackageSetting{7eb18f5 com.jabra.moments/10360} BLOCKED
08-06 17:09:28.211  2474  7633 I AppsFilter: interaction: PackageSetting{631b918 com.rongcard.eid/10151} -> PackageSetting{7eb18f5 com.jabra.moments/10360} BLOCKED
08-06 17:09:28.211  2474  7633 I AppsFilter: interaction: PackageSetting{a214f71 io.appium.settings/10274} -> PackageSetting{7eb18f5 com.jabra.moments/10360} BLOCKED
08-06 17:09:28.219  2474  8332 W ParceledListSlice: Element #8 is 20788 bytes.
08-06 17:09:28.219  2474  8332 W ParceledListSlice: Element #9 is 20768 bytes.
08-06 17:09:28.221 13053 13053 E RegisteredServicesCache: Skipping application component ComponentInfo{com.UCMobile/com.alibaba.ariver.commonability.device.jsapi.nfc.service.TinyAppHostApduService}: it must request the permission android.permission.NFC
08-06 17:09:28.221 13053 13053 E RegisteredServicesCache: Skipping application component ComponentInfo{com.UCMobile/com.alipay.mobile.aompdevice.nfc.service.TinyAppHostApduService}: it must request the permission android.permission.NFC
08-06 17:09:28.222 13053 13053 E RegisteredServicesCache: Skipping application component ComponentInfo{com.autonavi.minimap/com.alibaba.ariver.commonability.device.jsapi.nfc.service.TinyAppHostApduService}: it must request the permission android.permission.NFC
08-06 17:09:28.222 13053 13053 E RegisteredServicesCache: Skipping application component ComponentInfo{com.autonavi.minimap/com.alipay.mobile.aompdevice.nfc.service.TinyAppHostApduService}: it must request the permission android.permission.NFC
08-06 17:09:28.224 13053 13053 I RegisteredServicesCache: current user: 0, is managed profile : false
08-06 17:09:28.226 13053 13053 I RegisteredAidCache: updateRoutingLocked(false): Enter
08-06 17:09:28.226 13053 13053 I AidRoutingManager: configureRouting(false): Enter
08-06 17:09:28.226 13053 13053 E AidRoutingManager: Size of routing table970
08-06 17:09:28.227 13053 13053 I RegisteredAidCache: updateRoutingLocked(false): exit
08-06 17:09:28.228 13053 13053 I libnfc_nci: [INFO:NativeT4tNfcee.cpp(870)] nfcManager_isFwSupportNonStdT4TAid Enter isFwSupport = 1
08-06 17:09:28.228 13053 13053 I libnfc_nci: [INFO:SecureElement.cpp(1487)] SecureElement::getEseHandleFromGenericId: enter; ESE-ID = 0x7F
08-06 17:09:28.228 13053 13053 I libnfc_nci: [INFO:SecureElement.cpp(1528)] SecureElement::getEseHandleFromGenericId: enter; ESE-Handle = 0x410
08-06 17:09:28.228 13053 13053 I libnfc_nci: [INFO:SecureElement.cpp(1487)] SecureElement::getEseHandleFromGenericId: enter; ESE-ID = 0x00
08-06 17:09:28.228 13053 13053 I libnfc_nci: [INFO:SecureElement.cpp(1528)] SecureElement::getEseHandleFromGenericId: enter; ESE-Handle = 0x400
08-06 17:09:28.229  7800 14408 I SecureElement-Terminal-eSE1: isSecureElementPresent()
08-06 17:09:28.229  1774  1774 I android.hardware.secure_element-service.qti: isCardPresent
08-06 17:09:28.229  1774  1774 I android.hardware.secure_element-service.qti: isCardPresent exit, cardPresent: 1
08-06 17:09:28.230  7800 14408 I SecureElement-Terminal-SIM1: isSecureElementPresent()
08-06 17:09:28.231  7800 14408 I SecureElement-Terminal-SIM1: isNfcEventAllowed: No access rules for checking.
08-06 17:09:28.232  7800 14408 I SecureElement-Terminal-SIM2: isSecureElementPresent()
08-06 17:09:28.248  3086  3086 I adbd    : in ShellService: input keyevent HOME
08-06 17:09:28.295  2474  8332 W MIUIInput: Input event injection from package: null action ACTION_DOWN keycode 3
08-06 17:09:28.295  2474  8332 W MiuiInputKeyEventLog: keyCode:3 down:true eventTime:8817432 downTime:8817432 policyFlags:2b000000 flags:0 metaState:0 deviceId:-1 isScreenOn:true keyguardActive:false repeatCount:0
08-06 17:09:28.298  2036  2036 E DisplayModeController: setDesiredMode : Idle status skip setActiveMode, isDdicIdleMode: 1
08-06 17:09:28.298  2474  8332 W MIUIInput: Input event injection from package: null action ACTION_UP keycode 3
08-06 17:09:28.298  2474  8332 W MiuiInputKeyEventLog: keyCode:3 down:false eventTime:8817435 downTime:8817432 policyFlags:2b000000 flags:0 metaState:0 deviceId:-1 isScreenOn:true keyguardActive:false repeatCount:0
08-06 17:09:28.298  2474  2680 W ActivityManagerServiceImpl: Sending non-protected broadcast com.miui.fullscreen_state_change from system 2474:system/1000 pkg android. Callers=com.android.server.am.ActivityManagerService.checkBroadcastFromSystem:16255 com.android.server.am.ActivityManagerService.broadcastIntentLockedTraced:17126 com.android.server.am.ActivityManagerService.broadcastIntentLocked:16315 com.android.server.am.ActivityManagerService.broadcastIntentWithFeature:17337 android.app.ContextImpl.sendBroadcastAsUser:1495 
08-06 17:09:28.299  2474  4371 E MiuiInputKeyEventLog: before go to home
08-06 17:09:28.300  2474  2680 W ActivityManagerServiceImpl: Sending non-protected broadcast com.miui.launch_home_from_hotkey from system 2474:system/1000 pkg android. Callers=com.android.server.am.ActivityManagerService.checkBroadcastFromSystem:16255 com.android.server.am.ActivityManagerService.broadcastIntentLockedTraced:17126 com.android.server.am.ActivityManagerService.broadcastIntentLocked:16315 com.android.server.am.ActivityManagerService.broadcastIntentWithFeature:17337 android.app.ContextImpl.sendBroadcastAsUser:1536 
08-06 17:09:28.302  1843  1843 I SDM     : HWCDisplay::SetActiveConfigWithConstraints: display:66-0, config: 3, WxH 1200x2670, fps 120
08-06 17:09:28.304  1843  1843 W SDM     : HWDeviceDRM::GetSupportedBitClkRate: Requested rate not supported: 1150000000
08-06 17:09:28.304  1843  1843 I SDM     : HWDeviceDRM::UpdateMixerAttributes: Mixer WxH 1200x2670-1 for Peripheral
08-06 17:09:28.304  1843  1843 I SDM     : HWCDisplay::SubmitDisplayConfig: Active configuration changed from config 1 to 3
08-06 17:09:28.304  1843  1843 I SDM     : HWCDisplay::SubmitDisplayConfig: Active WxH 1200x2670 ,ddic_mode:auto, timing_fps: 120, sf_fps: 120
08-06 17:09:28.305  2474  4371 W ActivityTaskManager: callingPackage for (uid=-1, pid=0) has no WPC
08-06 17:09:28.304 13710 13710 I VideoToolBoxService: onReceive: android.intent.action.CLOSE_SYSTEM_DIALOGS
08-06 17:09:28.306 13710 13710 I GameBoosterService: onReceive: android.intent.action.CLOSE_SYSTEM_DIALOGS
08-06 17:09:28.306  2474  4371 W OptProp : Cannot read opt property android.window.PROPERTY_COMPAT_ALLOW_ORIENTATION_OVERRIDE
08-06 17:09:28.306  1843  3496 I vendor.qti.hardware.display.composer-service: Sensor: notify citsensorservice to trigger cwb, misForced = 0
08-06 17:09:28.307  3050  4554 I libsensor-parseRGB: request dump start for mRequestDisplayId 0
08-06 17:09:28.308  2474  4371 E ActivityTaskManager: Unable to get servicetracker HAL instance
08-06 17:09:28.309  2474  4371 E ActivityTaskManager: Unable to get servicetracker HAL instance
08-06 17:09:28.309  2474  4371 E WindowManager: setClientVisible ActivityRecord{cc8ccf2 u0 com.miui.home/.launcher.Launcher true
08-06 17:09:28.309  7890  7890 I ControlCenterExpandController: hide panel true true
08-06 17:09:28.309  2474  4371 W OptProp : Cannot read opt property android.window.PROPERTY_COMPAT_ALLOW_RESIZEABLE_ACTIVITY_OVERRIDES
08-06 17:09:28.309  2474  4371 W OptProp : Cannot read opt property android.window.PROPERTY_COMPAT_ALLOW_MIN_ASPECT_RATIO_OVERRIDE
08-06 17:09:28.309  7890  7890 I VolumeShowHideAnimator: isRunning: false, mExpanded: false
08-06 17:09:28.309  7890  7890 I VolumeExpandCollapsedAnimator: isRunning: false, mExpanded: false
08-06 17:09:28.309  7890  7890 I VolumePanelViewController_false: dismissH mShowing:false, reason:volume_controller, isAnimating: false, needShowDialog=false, KeyAnimatingStream=-1
08-06 17:09:28.309  7890  7890 I VolumeShowHideAnimator: isRunning: false, mExpanded: false
08-06 17:09:28.309  7890  7890 I VolumeExpandCollapsedAnimator: isRunning: false, mExpanded: false
08-06 17:09:28.309  7890  7890 I VolumePanelViewController_true: dismissH mShowing:false, reason:volume_controller, isAnimating: false, needShowDialog=true, KeyAnimatingStream=-1
08-06 17:09:28.310  2474  4371 I AnimInterruptController: FIS notify Foresee interrupt start:167
08-06 17:09:28.311  2474  4371 I ActivityTaskManager: isKeyguardEditor: false, newTransition: TransitionRecord{2a5b9c0 id=168 type=OPEN flags=0x0}
08-06 17:09:28.313  2474  4371 I AnimInterruptController: FIS reset Foresee interrupt status
08-06 17:09:28.315  2474  4371 I ActivityTaskManager: START u0 {act=android.intent.action.MAIN cat=[android.intent.category.HOME] flg=0x10000100 cmp=com.miui.home/.launcher.Launcher (has extras)} with LAUNCH_SINGLE_TASK from uid 0 from pid 0 callingPackage null callers: com.android.server.wm.RootWindowContainer.lambda$startHomeOnDisplay$11:1607 com.android.server.wm.RootWindowContainer.$r8$lambda$DFaa7QLApF8rlf4uiy_4K0Hxf2Y:0 com.android.server.wm.RootWindowContainer$$ExternalSyntheticLambda50.apply:0 com.android.server.wm.TaskDisplayArea.reduceOnAllTaskDisplayAreas:526  (BAL_ALLOW_ALLOWLISTED_UID) result code=3
08-06 17:09:28.317 13430 13430 I LauncherOverlayCallback: handleMessage WHAT_ACTIVITY_STATE_CHANGED what1
08-06 17:09:28.318 13430 13430 I LauncherOverlayCallback: handleMessage WHAT_LAUNCHER_STATE what1
08-06 17:09:28.318  7458  7458 I Launcher.widget: onInvisible 
08-06 17:09:28.318 13430 13430 I AssistantOverlayWindow: lockToHideOverlay
08-06 17:09:28.318  7458  7458 I Launcher.widget: onInvisible 
08-06 17:09:28.318  7458  7458 I Launcher: onNewIntent
08-06 17:09:28.318  7458  7458 I ConnectAnimFinishCallbackManager: mNeedShowLauncher = true, waitFrameworkAnimCallback = false
08-06 17:09:28.320  7458  7458 E RotationHelper: setCurrentStateRequest: request=0
08-06 17:09:28.321  7458  7458 W Settings: Setting device_provisioned has moved from android.provider.Settings.Secure to android.provider.Settings.Global.
08-06 17:09:28.322  7458  7458 E Launcher.application: setClickAppWaitForCallback = false
08-06 17:09:28.324  7458  7458 I Launcher: changeMIUIWidgetEditMode false
08-06 17:09:28.324 13430 13430 I LauncherOverlayCallback: handleMessage WHAT_ACTIVITY_STATE_CHANGED what3
08-06 17:09:28.324 13430 13430 I LauncherOverlayCallback: handleMessage WHAT_LAUNCHER_STATE what3
08-06 17:09:28.325  2474  8355 I SecurityManagerService: update appwidget of uid: 10278 package: com.miui.weather2 visible: true reason: visible
08-06 17:09:28.326 13710 13710 I VideoToolBoxService: onReceive: android.intent.action.CLOSE_SYSTEM_DIALOGS
08-06 17:09:28.327 13710 13710 I GameBoosterService: onReceive: android.intent.action.CLOSE_SYSTEM_DIALOGS
08-06 17:09:28.327  7458  7458 I Launcher.widget: onVisible 
08-06 17:09:28.327  7458  7458 I Launcher.widget: onVisible 
08-06 17:09:28.327  7458  7458 I HandWritingStubImpl: refreshLastKeyboardType: 1
08-06 17:09:28.327  7458  7458 I HandWritingStubImpl: getCurrentKeyboardType: 1
08-06 17:09:28.328  2474  4398 W InputMethodManagerService: Clear show forced flag.
08-06 17:09:28.329  2474  4398 W SecurityInputMethodSwitcher: first check switch to security ime: false
08-06 17:09:28.330  2474  8332 I ClipboardServiceI: checkProviderWakePathForClipboard: primaryClip is null
08-06 17:09:28.330  2474  8332 I SmartPower: com.miui.weather2/10278(4065): idle->background(79686ms) R(content provider start ContentProviderRecord{4186a72 u0 com.miui.weather2/.providers.WeatherProvider}) adj=0.
08-06 17:09:28.332  2474  4398 W SecurityInputMethodSwitcher: double check switch to security ime: false
08-06 17:09:28.332  2474  7257 I MiuiNetworkPolicy: updateUidState uid = 10278, uidState = 3
08-06 17:09:28.332  2474  4398 W SecurityInputMethodSwitcher: switch to other input method from security ime:false mayChangeToMiuiSecurityInputMethod: false current focus window: android.os.BinderProxy@840b88e
08-06 17:09:28.333  2474  8332 I ClipboardServiceI: checkProviderWakePathForClipboard: primaryClip is null
08-06 17:09:28.334  4065 13433 I Wth2:WeatherProvider: getFirstSelectedCity() ret count= 1
08-06 17:09:28.335  4065 13433 E Wth2:WeatherProvider: getFirstSelectedCity() error 
08-06 17:09:28.335  4065 13433 E Wth2:WeatherProvider: java.lang.NumberFormatException: For input string: "33.862_119.318"
08-06 17:09:28.335  4065 13433 E Wth2:WeatherProvider: 	at java.lang.Integer.parseInt(Integer.java:790)
08-06 17:09:28.335  4065 13433 E Wth2:WeatherProvider: 	at java.lang.Integer.parseInt(Integer.java:908)
08-06 17:09:28.335  4065 13433 E Wth2:WeatherProvider: 	at com.miui.weather2.providers.WeatherProvider.g(SourceFile:9)
08-06 17:09:28.335  4065 13433 E Wth2:WeatherProvider: 	at com.miui.weather2.providers.WeatherProvider.h(SourceFile:5)
08-06 17:09:28.335  4065 13433 E Wth2:WeatherProvider: 	at com.miui.weather2.providers.WeatherProvider.query(SourceFile:25)
08-06 17:09:28.335  4065 13433 E Wth2:WeatherProvider: 	at android.content.ContentProvider.query(ContentProvider.java:1633)
08-06 17:09:28.335  4065 13433 E Wth2:WeatherProvider: 	at android.content.ContentProvider.query(ContentProvider.java:1729)
08-06 17:09:28.335  4065 13433 E Wth2:WeatherProvider: 	at android.content.ContentProvider$Transport.query(ContentProvider.java:301)
08-06 17:09:28.335  4065 13433 E Wth2:WeatherProvider: 	at android.content.ContentProviderNative.onTransact(ContentProviderNative.java:110)
08-06 17:09:28.335  4065 13433 E Wth2:WeatherProvider: 	at android.os.Binder.execTransactInternal(Binder.java:1507)
08-06 17:09:28.335  4065 13433 E Wth2:WeatherProvider: 	at android.os.Binder.execTransact(Binder.java:1451)
08-06 17:09:28.335  3050 25119 E libsensor-parseRGB: CWB NotifyCWBBufferDone  error 0
08-06 17:09:28.335  2474  7257 I MiuiNetworkPolicyTrafficLimit: updateWhiteListUidForMobileTraffic uid=10278,add=true
08-06 17:09:28.335  4065 13433 I Wth2:WeatherProvider: getHourlyData checkCityAt=true tmpCursor.count  4
08-06 17:09:28.336  4065 13433 I Wth2:WeatherProvider: optimiseHourlyData sunrise : 19020000  sunset : 68400000
08-06 17:09:28.337  7890  7890 I VolumeShowHideAnimator: isRunning: false, mExpanded: false
08-06 17:09:28.338  7890  7890 I VolumeExpandCollapsedAnimator: isRunning: false, mExpanded: false
08-06 17:09:28.338  7890  7890 I VolumePanelViewController_false: dismissH mShowing:false, reason:volume_controller, isAnimating: false, needShowDialog=false, KeyAnimatingStream=-1
08-06 17:09:28.338  2474  7633 I ClipboardServiceI: checkProviderWakePathForClipboard: primaryClip is null
08-06 17:09:28.338  7890  7890 I VolumeShowHideAnimator: isRunning: false, mExpanded: false
08-06 17:09:28.338  7890  7890 I VolumeExpandCollapsedAnimator: isRunning: false, mExpanded: false
08-06 17:09:28.338  7890  7890 I VolumePanelViewController_true: dismissH mShowing:false, reason:volume_controller, isAnimating: false, needShowDialog=true, KeyAnimatingStream=-1
08-06 17:09:28.338  7890  7890 I ControlCenterExpandController: hide panel true true
08-06 17:09:28.339  4065 13433 I Wth2:WeatherProvider: getFirstSelectedCity() ret count= 1
08-06 17:09:28.340  4065 13433 E Wth2:WeatherProvider: getFirstSelectedCity() error 
08-06 17:09:28.340  4065 13433 E Wth2:WeatherProvider: java.lang.NumberFormatException: For input string: "33.862_119.318"
08-06 17:09:28.340  4065 13433 E Wth2:WeatherProvider: 	at java.lang.Integer.parseInt(Integer.java:790)
08-06 17:09:28.340  4065 13433 E Wth2:WeatherProvider: 	at java.lang.Integer.parseInt(Integer.java:908)
08-06 17:09:28.340  4065 13433 E Wth2:WeatherProvider: 	at com.miui.weather2.providers.WeatherProvider.g(SourceFile:9)
08-06 17:09:28.340  4065 13433 E Wth2:WeatherProvider: 	at com.miui.weather2.providers.WeatherProvider.e(SourceFile:5)
08-06 17:09:28.340  4065 13433 E Wth2:WeatherProvider: 	at com.miui.weather2.providers.WeatherProvider.query(SourceFile:23)
08-06 17:09:28.340  4065 13433 E Wth2:WeatherProvider: 	at android.content.ContentProvider.query(ContentProvider.java:1633)
08-06 17:09:28.340  4065 13433 E Wth2:WeatherProvider: 	at android.content.ContentProvider.query(ContentProvider.java:1729)
08-06 17:09:28.340  4065 13433 E Wth2:WeatherProvider: 	at android.content.ContentProvider$Transport.query(ContentProvider.java:301)
08-06 17:09:28.340  4065 13433 E Wth2:WeatherProvider: 	at android.content.ContentProviderNative.onTransact(ContentProviderNative.java:110)
08-06 17:09:28.340  4065 13433 E Wth2:WeatherProvider: 	at android.os.Binder.execTransactInternal(Binder.java:1507)
08-06 17:09:28.340  4065 13433 E Wth2:WeatherProvider: 	at android.os.Binder.execTransact(Binder.java:1451)
08-06 17:09:28.412  2474  7382 I SmartPower: com.google.android.gms/10130(7177): background->idle(133083ms) R(adj below visible) adj=250.
08-06 17:09:28.457  1843  2051 I SDM     : DisplayBase::CommitThread: Received idle timeout, panel: cmd, timeout: 70000 us
08-06 17:09:28.465  2474  7382 I SmartPower: com.android.packageinstaller/10097(18840): background->idle(3005ms) R(broadcast start Intent { act=android.intent.action.PACKAGE_ADDED dat=package: flg=0x5000010 pkg=com.android.packageinstaller (has extras) }) adj=915.
08-06 17:09:28.465  2474  7382 I SmartPower: com.miui.cleanmaster/10266(17558): background->idle(3003ms) R(service create com.miui.cleanmaster/com.miui.optimizecenter.service.CleanMasterService) adj=905.
08-06 17:09:28.493  1843  1843 I SDM     : HWCDisplay::SetActiveConfigWithConstraints: display:66-0, config: 1, WxH 1200x2670, fps 120
08-06 17:09:28.494  1843  1843 W SDM     : HWDeviceDRM::GetSupportedBitClkRate: Requested rate not supported: 1150000000
08-06 17:09:28.494  1843  1843 I SDM     : HWDeviceDRM::UpdateMixerAttributes: Mixer WxH 1200x2670-1 for Peripheral
08-06 17:09:28.495  1843  1843 I SDM     : HWCDisplay::SubmitDisplayConfig: Active configuration changed from config 3 to 1
08-06 17:09:28.495  1843  1843 I SDM     : HWCDisplay::SubmitDisplayConfig: Active WxH 1200x2670 ,ddic_mode:idle, timing_fps: 120, sf_fps: 120
08-06 17:09:28.524  7458  8104 E Launcher.Transfer: transfer is closed
08-06 17:09:28.573  1843  2051 I SDM     : DisplayBase::CommitThread: Received idle timeout, panel: cmd, timeout: 70000 us
08-06 17:09:28.653  1843  3496 I vendor.qti.hardware.display.composer-service: Sensor: notify citsensorservice to trigger cwb, misForced = 1
08-06 17:09:28.654  3050  4554 I libsensor-parseRGB: request dump start for mRequestDisplayId 0
08-06 17:09:28.675  3050  4604 E libsensor-parseRGB: CWB NotifyCWBBufferDone  error 0
08-06 17:09:28.717  7497  7497 I MiuiWallpaper-MiuiWallpaperManagerService: receive broadcast action = android.intent.action.PACKAGE_RESTARTED
08-06 17:09:28.733  1843  2051 I SDM     : DisplayBase::CommitThread: Received idle timeout, panel: cmd, timeout: 70000 us
08-06 17:09:28.768  7856  8879 E PhoneAdapter: get ntnphones failed, exception: java.lang.IllegalStateException: Default phones haven't been made yet!
08-06 17:09:28.772  2474  7258 E WifiScoreReportInjector: current network is in roaming environment
08-06 17:09:28.822  1850  9931 E ANDR-PERF-LM: SAGT_ACTION: UpdateFPSData() 138: update /sys/kernel/sched_penalty/parameters/fps to 60, ret is 0
08-06 17:09:28.826 12995 12995 I VA_AliveCore:MixMonitor: onReceive: action=android.intent.action.CLOSE_SYSTEM_DIALOGS
08-06 17:09:28.830 12995 12995 I VA_AliveCore:MixMonitor: onReceive: reason=homekey
08-06 17:09:28.831  6011  3048 I Market-HomeKeyReceiver: onReceive: action: android.intent.action.CLOSE_SYSTEM_DIALOGS
08-06 17:09:28.831 12995 12995 I VA_AliveCore:MixMonitor: onReceive: action=com.miui.fullscreen_state_change
08-06 17:09:28.831 12995 12995 I VA_AliveCore:MixMonitor: onReceive: action=com.miui.fullscreen_state_change;stateName=toHome
08-06 17:09:28.831  6011  3048 I Market-HomeKeyReceiver: reason: homekey
08-06 17:09:28.916  2474  7382 I SmartPower: com.miui.systemAdSolution/10168(17757): background->idle(3000ms) R(broadcast start Intent { act=android.intent.action.PACKAGE_ADDED dat=package: flg=0x4000010 (has extras) }) adj=100.
08-06 17:09:28.938  2474  7382 I SmartPower: com.android.vending/10124(16543): background->idle(3018ms) R(adj below visible) adj=905.
08-06 17:09:28.939  2474  7382 I SmartPower: com.android.vending:background/10124(17245): background->idle(3017ms) R(adj below visible) adj=915.
08-06 17:09:28.939  2474  7382 I SmartPower: com.mfashiongallery.emag/10262(13472): background->idle(3006ms) R(broadcast start Intent { act=android.intent.action.PACKAGE_ADDED dat=package: flg=0x4000010 (has extras) }) adj=905.
08-06 17:09:28.940  2474  7382 I SmartPower: com.miui.voiceassist:core/10193(12995): background->idle(3003ms) R(broadcast start Intent { act=android.intent.action.PACKAGE_ADDED dat=package: flg=0x4000010 (has extras) }) adj=100.
08-06 17:09:28.941  2474  7382 I SmartPower: android.process.mediaUI/10261(15474): background->idle(3003ms) R(broadcast start Intent { act=android.intent.action.PACKAGE_ADDED dat=package: flg=0x4000010 (has extras) }) adj=905.
08-06 17:09:28.941  2474  7382 I SmartPower: android.process.acore/10083(15552): background->idle(3004ms) R(broadcast start Intent { act=android.intent.action.PACKAGE_ADDED dat=package: flg=0x4000010 (has extras) }) adj=800.
08-06 17:09:28.942  2474  7382 I SmartPower: com.xiaomi.aicr:actionprovider/10127(15738): background->idle(3003ms) R(broadcast start Intent { act=android.intent.action.PACKAGE_ADDED dat=package: flg=0x4000010 (has extras) }) adj=915.
08-06 17:09:28.943  2474  7382 I SmartPower: com.google.android.documentsui/10100(14965): background->idle(3004ms) R(broadcast start Intent { act=android.intent.action.PACKAGE_ADDED dat=package: flg=0x4000010 (has extras) }) adj=905.
08-06 17:09:28.943  2474  7382 I SmartPower: com.milink.service:audio/10178(18537): background->idle(3003ms) R(broadcast start Intent { act=android.intent.action.PACKAGE_ADDED dat=package: flg=0x4000010 (has extras) }) adj=100.
08-06 17:09:28.944  2474  7382 I SmartPower: com.milink.crossdeviceservice/10178(19278): background->idle(3002ms) R(broadcast start Intent { act=android.intent.action.PACKAGE_ADDED dat=package: flg=0x4000010 (has extras) }) adj=915.
08-06 17:09:28.945  2474  7382 I SmartPower: com.miui.newhome/10296(22853): background->idle(3002ms) R(broadcast start Intent { act=android.intent.action.PACKAGE_ADDED dat=package: flg=0x4000010 (has extras) }) adj=905.
08-06 17:09:28.945  2474  7382 I SmartPower: com.miui.gallery/10271(27825): background->idle(3003ms) R(broadcast start Intent { act=android.intent.action.PACKAGE_ADDED dat=package: flg=0x4000010 (has extras) }) adj=905.
08-06 17:09:28.947  2474  7382 I SmartPower: com.microsoft.emmx/10311(13465): background->idle(3004ms) R(broadcast start Intent { act=android.intent.action.PACKAGE_ADDED dat=package: flg=0x4000010 (has extras) }) adj=935.
08-06 17:09:28.960  2474  7382 I SmartPower: com.xiaomi.market:widgetProvider/10167(9799): background->idle(3002ms) R(broadcast start Intent { act=com.xiaomi.market.APP_STATUS_CHANGED flg=0x30 cmp=com.xiaomi.market/.business_ui.widget.NewGameWidgetProvider (has extras) }) adj=905.
08-06 17:09:28.960  2474  7382 I SmartPower: com.xiaomi.market/10167(6011): background->idle(3017ms) R(broadcast start Intent { act=com.xiaomi.market.APP_STATUS_CHANGED flg=0x30 cmp=com.xiaomi.market/.business_ui.widget.NewGameWidgetProvider (has extras) }) adj=905.
08-06 17:09:29.046 12965 10386 I PSyncWorker: Starting proactive picker sync from sync source: 1
08-06 17:09:29.049 12965 10386 I PickerSyncController: Executing SyncAdd. isLocal: true. authority: com.android.providers.media.photopicker
08-06 17:09:29.052 12965 10386 I PickerSyncController: Paged sync successful. QueryArgs: Bundle[{android.provider.extra.SYNC_GENERATION=17862, android.provider.extra.PAGE_SIZE=1000}] Total Rows: 0
08-06 17:09:29.052 12965 10386 I PickerSyncController: Executing SyncRemove. isLocal: true. authority: com.android.providers.media.photopicker
08-06 17:09:29.054 12965 10386 E PickerDbFacade: Could not get first date taken millis for media id: 1000001943
08-06 17:09:29.054 12965 10386 W PickerDbFacade: Unable to promote cloud media with localId: 1000001943
08-06 17:09:29.055 12965 10386 I PickerSyncController: Paged sync successful. QueryArgs: Bundle[{android.provider.extra.SYNC_GENERATION=17862, android.provider.extra.PAGE_SIZE=1000}] Total Rows: 0
08-06 17:09:29.055 12965 10386 I PickerSyncTracker: Marked sync future complete for work id: 0e724000-4774-46ab-af51-7f5a21db3243. Future map: {}
08-06 17:09:29.055 12965 10386 I PSyncWorker: Completed picker proactive sync complete from local provider.
08-06 17:09:29.057 12965 13382 I WM-WorkerWrapper: Worker result SUCCESS for Work [ id=0e724000-4774-46ab-af51-7f5a21db3243, tags={ com.android.providers.media.photopicker.sync.ProactiveSyncWorker } ]
08-06 17:09:29.073  1865  1865 I vendor.qti.hardware.servicetrackeraidl-service: bindService is called for service : com.android.vending/com.google.android.finsky.scheduler.process.mainimpl.PhoneskyJobServiceMain and for client system
08-06 17:09:29.074  1865  1865 I vendor.qti.hardware.servicetrackeraidl-service: total connections for service : com.android.vending/com.google.android.finsky.scheduler.process.mainimpl.PhoneskyJobServiceMainare :1
08-06 17:09:29.074  1865  1865 I vendor.qti.hardware.servicetrackeraidl-service: total connections for client : systemare :28
08-06 17:09:29.076  2474  7257 I MiuiNetworkPolicy: updateUidState uid = 10124, uidState = 8
08-06 17:09:29.077  2474  7379 I whetstone.activity: processNotifyEvent1 resId = 256, bundle = Bundle[{startTime=395993400, sourcePkg=com.android.vending, sourceUid=10124, status=1, jobId=9262, batteryName=com.android.vending/com.google.android.finsky.scheduler.process.mainimpl.PhoneskyJobServiceMain, elapsedRealtime=395993400}]
08-06 17:09:29.078 14191 19644 I EventMonitor: notifyEvent resId=256
08-06 17:09:29.079 16543 16543 I Finsky  : [2] acgh.onStartJob(128): SCH: job service start with id 9262.
08-06 17:09:29.088 16543  2609 I Finsky  : [1333] kzh.a(256): SCH: Satisfied jobs for 9262 are: 12-1
08-06 17:09:29.090 16543  4078 I Finsky  : [1337] zmh.accept(450): SCH: Job 12-1 starting
08-06 17:09:29.091 16543 16543 I Finsky  : [2] ContentSyncJob.h(14): [ContentSync] job started
08-06 17:09:29.123  2474  7257 I MiuiNetworkPolicy: bandwidth: 18 KB/s, Max bandwidth: 11266 KB/s
08-06 17:09:29.165 16543  4083 I Finsky  : [1338] lgm.f(41): Completed 0 account content syncs with 0 successful.
08-06 17:09:29.165 16543 16543 I Finsky  : [2] ContentSyncJob.a(14): [ContentSync] Installation state replication succeeded.
08-06 17:09:29.165 16543 16543 I Finsky  : [2] acem.r(83): SCH: jobFinished: 12-1. TimeElapsed: 75ms.
08-06 17:09:29.170 16543 17024 I Finsky  : [641] pis.accept(67): SCH: Scheduling phonesky job Id: 1-1337, CT: 1754469812908, Constraints: [{ L: 41943242, D: 85143242, C: 1, I: 1, N: 1 }]
08-06 17:09:29.171 16543 17024 I Finsky  : [641] pis.accept(67): SCH: Scheduling phonesky job Id: 34-45, CT: 1754469940499, Constraints: [{ L: 79199909, D: 1375199909, C: 1, I: 1, N: 1 }]
08-06 17:09:29.171 16543 17024 I Finsky  : [641] pis.accept(67): SCH: Scheduling phonesky job Id: 34-47, CT: 1754469941290, Constraints: [{ L: 604800000, D: 2591999305, C: 1, I: 1, N: 1 }]
08-06 17:09:29.173 16543 17054 I Finsky  : [649] jyn.apply(28): SCH: Scheduling 1 system job(s)
08-06 17:09:29.174 16543 17054 I Finsky  : [649] aceh.d(88): SCH: Scheduling system job Id: 9266, L: 40386976, D: 83586976, C: false, I: false, N: 1
08-06 17:09:29.179 16543  4078 I Finsky  : [1337] acgh.a(26): SCH: job service finished with id 9262.
08-06 17:09:29.182  2474  7379 I whetstone.activity: processNotifyEvent1 resId = 256, bundle = Bundle[{startTime=395993504, sourcePkg=com.android.vending, sourceUid=10124, status=0, jobId=9262, batteryName=com.android.vending/com.google.android.finsky.scheduler.process.mainimpl.PhoneskyJobServiceMain, elapsedRealtime=395993504}]
08-06 17:09:29.182 14191 19644 I EventMonitor: notifyEvent resId=256
08-06 17:09:29.183  1865  1865 I vendor.qti.hardware.servicetrackeraidl-service: unbindService is called for service : com.android.vending/com.google.android.finsky.scheduler.process.mainimpl.PhoneskyJobServiceMain and for client system
08-06 17:09:29.183  1865  1865 I vendor.qti.hardware.servicetrackeraidl-service: size of service connections for service: com.android.vending/com.google.android.finsky.scheduler.process.mainimpl.PhoneskyJobServiceMainafter removal is 0
08-06 17:09:29.183  1865  1865 I vendor.qti.hardware.servicetrackeraidl-service: size of client connections for client: systemafter removal is 27
08-06 17:09:29.183  1865  1865 I vendor.qti.hardware.servicetrackeraidl-service: destroyService is called for service : com.android.vending/com.google.android.finsky.scheduler.process.mainimpl.PhoneskyJobServiceMain
08-06 17:09:29.185  2474  7257 I MiuiNetworkPolicy: updateUidState uid = 10124, uidState = 10
08-06 17:09:29.191  2474  7257 I MiuiNetworkPolicy: updateUidState uid = 10124, uidState = 15
08-06 17:09:29.225  1850  9931 E ANDR-PERF-LM: SAGT_ACTION: UpdateFPSData() 138: update /sys/kernel/sched_penalty/parameters/fps to 60, ret is 0
08-06 17:09:29.236  3086  3086 I adbd    : in ShellService: ps
08-06 17:09:29.386  3086  3086 I adbd    : in ShellService: dumpsys activity activities
08-06 17:09:29.491  3086  3086 I adbd    : in ShellService: dumpsys activity activities
08-06 17:09:29.586  3086  3086 I adbd    : in ShellService: dumpsys activity activities
08-06 17:09:29.601  2474  4330 W ActivityManagerServiceImpl: Sending non-protected broadcast miui.intent.action.CYCLE_CHECK from system uid 1000 pkg android. Callers=com.android.server.am.ActivityManagerService.checkBroadcastFromSystem:16255 com.android.server.am.ActivityManagerService.broadcastIntentLockedTraced:17126 com.android.server.am.ActivityManagerService.broadcastIntentLocked:16315 com.android.server.am.ActivityManagerService.broadcastIntentInPackage:17364 com.android.server.am.ActivityManagerService$LocalService.broadcastIntentInPackage:20214 
08-06 17:09:29.609  1889  1889 I vendor.xiaomi.hardware.micharge-service: ReadFilePathValue path = /sys/class/power_supply/battery/temp value = 337
08-06 17:09:29.609  2474  2644 E IMiCharge: MiCharge method 9 val = 337
08-06 17:09:29.611  1889  1889 I vendor.xiaomi.hardware.micharge-service: ReadFilePathValue path = /sys/class/power_supply/battery/charge_control_limit value = 5
08-06 17:09:29.611  2474  2644 E IMiCharge: MiCharge method 10 val = 5
08-06 17:09:29.672  3086  3086 I adbd    : in ShellService: dumpsys activity services
08-06 17:09:29.805  3086  3086 I adbd    : in ShellService: screencap -p /sdcard/screen_2025-08-06_170929.png
08-06 17:09:29.928  4132  4132 W BpBinder: Linking to death on android.gui.ISurfaceComposer but there are no threads (yet?) listening to incoming transactions. See ProcessState::startThreadPool and ProcessState::setThreadPoolMaxThreadCount. Generally you should setup the binder threadpool before other initialization steps.
08-06 17:09:29.928  4132  4132 W ProcessState: Extra binder thread started, but 0 threads requested. Do not use *startThreadPool when zero threads are requested.
08-06 17:09:29.960  4132  4136 I AdrenoUtils: <ReadGpuID:357>: Reading chip ID through GSL
08-06 17:09:29.960  4132  4132 W qdgralloc: Failed to load libubwcp.so
08-06 17:09:29.956  4132  4132 W screencap: type=1400 audit(0.0:15296): avc:  denied  { read } for  name="libubwcp.so" dev="dm-37" ino=19816057 scontext=u:r:shell:s0 tcontext=u:object_r:vendor_file:s0 tclass=file permissive=0
08-06 17:09:29.963 12965 17504 W MediaProvider: isAppCloneUserPair for user 0: false
08-06 17:09:30.398  3086  3086 I adbd    : in ShellService: ps
08-06 17:09:30.761  2474  8251 I NetworkAccelerateSwitchService: EVENT_RSSI_POLL. mRssiPoll=true
08-06 17:09:30.762  2474  8251 I NetworkAccelerateSwitchService: getAverageWifiRssi:61
08-06 17:09:31.333  2474  7382 I SmartPower: com.miui.weather2/10278(4065): background->idle(3003ms) R(content provider start ContentProviderRecord{4186a72 u0 com.miui.weather2/.providers.WeatherProvider}) adj=0.
08-06 17:09:31.512  2474  8332 I ActivityManager: Broadcasting: Intent { act=android.intent.action.MEDIA_SCANNER_SCAN_FILE dat=file:///... flg=0x400000 }
08-06 17:09:31.513  2474  8332 I ActivityManager: Enqueued broadcast Intent { act=android.intent.action.MEDIA_SCANNER_SCAN_FILE dat=file:///... flg=0x400000 }: 0
08-06 17:09:31.514  2474  2745 I SmartPower: com.miui.gallery/10271(27825): idle->background(2568ms) R(broadcast start Intent { act=android.intent.action.MEDIA_SCANNER_SCAN_FILE dat=file:///... flg=0x1400010 }) adj=905.
08-06 17:09:31.517 27825 27825 W MiuiGallery2_BaseMediaScannerReceiver: [main] - Broadcast received, action: [android.intent.action.MEDIA_SCANNER_SCAN_FILE], data uri: [file:///sdcard/screen_2025-08-06_170929.png], CTA not allowed
08-06 17:09:31.521  2474  7257 I MiuiNetworkPolicy: updateUidState uid = 10271, uidState = 11
08-06 17:09:31.521  2474  7257 I MiuiNetworkPolicy: updateUidState uid = 10271, uidState = 19
08-06 17:09:31.523 12965 12965 I MediaProvider: receive action = android.intent.action.MEDIA_SCANNER_SCAN_FILE schemeSpecificPart = ///sdcard/screen_2025-08-06_170929.png
08-06 17:09:31.524  2474  8332 W JobInfo : Job 'com.android.providers.media.module/com.android.providers.media.MediaService#-300' has a deadline with no functional constraints. The deadline won't improve job execution latency. Consider removing the deadline.
08-06 17:09:31.527  1865  1865 I vendor.qti.hardware.servicetrackeraidl-service: bindService is called for service : com.android.providers.media.module/com.android.providers.media.MediaService and for client system
08-06 17:09:31.527  1865  1865 I vendor.qti.hardware.servicetrackeraidl-service: total connections for service : com.android.providers.media.module/com.android.providers.media.MediaServiceare :1
08-06 17:09:31.527  1865  1865 I vendor.qti.hardware.servicetrackeraidl-service: total connections for client : systemare :28
08-06 17:09:31.528  2474  7379 I whetstone.activity: processNotifyEvent1 resId = 256, bundle = Bundle[{startTime=395995851, sourcePkg=com.android.providers.media.module, sourceUid=10249, status=1, jobId=-300, batteryName=com.android.providers.media.module/com.android.providers.media.MediaService, elapsedRealtime=395995851}]
08-06 17:09:31.528 14191 19644 I EventMonitor: notifyEvent resId=256
08-06 17:09:31.530 12965 14232 I MediaProvider: Begin Intent { act=android.intent.action.MEDIA_SCANNER_SCAN_FILE dat=file:///... flg=0x1400010 cmp=com.android.providers.media.module/com.android.providers.media.MediaService }
08-06 17:09:31.533  2474  2643 I ActivityManager: Broadcast completed: result=0
08-06 17:09:31.541 12965 14232 I MediaProvider: End Intent { act=android.intent.action.MEDIA_SCANNER_SCAN_FILE dat=file:///... flg=0x1400010 cmp=com.android.providers.media.module/com.android.providers.media.MediaService }
08-06 17:09:31.542  1865  1865 I vendor.qti.hardware.servicetrackeraidl-service: unbindService is called for service : com.android.providers.media.module/com.android.providers.media.MediaService and for client system
08-06 17:09:31.542  1865  1865 I vendor.qti.hardware.servicetrackeraidl-service: size of service connections for service: com.android.providers.media.module/com.android.providers.media.MediaServiceafter removal is 0
08-06 17:09:31.543  1865  1865 I vendor.qti.hardware.servicetrackeraidl-service: size of client connections for client: systemafter removal is 27
08-06 17:09:31.543  1865  1865 I vendor.qti.hardware.servicetrackeraidl-service: destroyService is called for service : com.android.providers.media.module/com.android.providers.media.MediaService
08-06 17:09:31.542  2474  7257 I MiuiNetworkPolicy: updateUidState uid = 10092, uidState = 15
08-06 17:09:31.544  2474  7379 I whetstone.activity: processNotifyEvent1 resId = 256, bundle = Bundle[{startTime=395995864, sourcePkg=com.android.providers.media.module, sourceUid=10249, status=0, jobId=-300, batteryName=com.android.providers.media.module/com.android.providers.media.MediaService, elapsedRealtime=395995864}]
08-06 17:09:31.545 14191 19644 I EventMonitor: notifyEvent resId=256
08-06 17:09:31.566  3086  3086 I adbd    : in ShellService: ps
08-06 17:09:31.712  3086  3086 I adbd    : in ShellService: rm /sdcard/screen_2025-08-06_170929.png
08-06 17:09:31.754 12965 13504 I MediaProvider: Deleted paths_hashcode::1389444597/:1389444597/-1169449251929.png items on external_primary due to com.android.shell tid=4163
08-06 17:09:31.795  7856  8879 E PhoneAdapter: get ntnphones failed, exception: java.lang.IllegalStateException: Default phones haven't been made yet!
08-06 17:09:31.798  2474  7258 E WifiScoreReportInjector: current network is in roaming environment
08-06 17:09:31.947  3086  3086 I adbd    : in ShellService: dumpsys display
08-06 17:09:32.096  3086  3086 I adbd    : in ShellService: wm size
08-06 17:09:32.123  1879  1879 E SLM-HAL-SladSocketClient: connect failed:-1, socket:63, error:No such file or directory
08-06 17:09:32.124  1879  1879 I SLM-HAL : setSLAUidList 10322,10325,10326,10332,10339,10261,10340,10286,10167,10090,
08-06 17:09:32.124  1879  1879 I SLM-HAL-SladSocketClient: createSocket
08-06 17:09:32.124  1879  1879 I SLM-HAL-SladSocketClient: connectServer /dev/socket/slad
08-06 17:09:32.125  2474  7257 I MiuiNetworkPolicy: bandwidth: 0 KB/s, Max bandwidth: 11266 KB/s
08-06 17:09:32.217  3086  3086 I adbd    : in ShellService: dumpsys input
08-06 17:09:32.309  3086  3086 I adbd    : in ShellService: getprop ro.sf.lcd_density
08-06 17:09:32.395  3086  3086 I adbd    : in ShellService: dumpsys activity activities
08-06 17:09:32.532  3086  3086 I adbd    : in ShellService: dumpsys activity activities
08-06 17:09:32.611  3086  3086 I adbd    : in ShellService: dumpsys activity activities
08-06 17:09:32.679  3086  3086 I adbd    : in ShellService: dumpsys activity services
08-06 17:09:32.742  3086  3086 I adbd    : in ShellService: ps
08-06 17:09:32.818  3086  3086 I adbd    : in ShellService: screencap -p /sdcard/screen_2025-08-06_170932.png
08-06 17:09:32.928  4224  4224 W BpBinder: Linking to death on android.gui.ISurfaceComposer but there are no threads (yet?) listening to incoming transactions. See ProcessState::startThreadPool and ProcessState::setThreadPoolMaxThreadCount. Generally you should setup the binder threadpool before other initialization steps.
08-06 17:09:32.929  4224  4224 W ProcessState: Extra binder thread started, but 0 threads requested. Do not use *startThreadPool when zero threads are requested.
08-06 17:09:32.962  4224  4226 I AdrenoUtils: <ReadGpuID:357>: Reading chip ID through GSL
08-06 17:09:32.963  4224  4224 W qdgralloc: Failed to load libubwcp.so
08-06 17:09:32.960  4224  4224 W screencap: type=1400 audit(0.0:15297): avc:  denied  { read } for  name="libubwcp.so" dev="dm-37" ino=19816057 scontext=u:r:shell:s0 tcontext=u:object_r:vendor_file:s0 tclass=file permissive=0
08-06 17:09:32.966 12965 17637 W MediaProvider: isAppCloneUserPair for user 0: false
08-06 17:09:33.228  1865  1865 I vendor.qti.hardware.servicetrackeraidl-service: destroyService is called for service : com.google.android.gms/.chimera.GmsIntentOperationService
08-06 17:09:33.229  2474 19255 I SmartPower: com.google.android.gms/10130(7177): idle->background(4817ms) R(service destroy com.google.android.gms/.chimera.GmsIntentOperationService) adj=250.
08-06 17:09:33.277 12965 10476 I PSyncWorker: Starting proactive picker sync from sync source: 1
08-06 17:09:33.279  1865  1865 I vendor.qti.hardware.servicetrackeraidl-service: bindService is called for service : com.android.providers.media.module/androidx.work.impl.background.systemjob.SystemJobService and for client system
08-06 17:09:33.279  1865  1865 I vendor.qti.hardware.servicetrackeraidl-service: total connections for service : com.android.providers.media.module/androidx.work.impl.background.systemjob.SystemJobServiceare :1
08-06 17:09:33.279  1865  1865 I vendor.qti.hardware.servicetrackeraidl-service: total connections for client : systemare :28
08-06 17:09:33.281  2474  7379 I whetstone.activity: processNotifyEvent1 resId = 256, bundle = Bundle[{startTime=395997603, sourcePkg=com.android.providers.media.module, sourceUid=10249, status=1, jobId=2445, batteryName=@androidx.work.systemjobscheduler@com.android.providers.media.module/androidx.work.impl.background.systemjob.SystemJobService, elapsedRealtime=395997603}]
08-06 17:09:33.282 14191 14525 I EventMonitor: notifyEvent resId=256
08-06 17:09:33.285 12965 10476 I PickerSyncController: Executing SyncAdd. isLocal: true. authority: com.android.providers.media.photopicker
08-06 17:09:33.289 12965 10476 I PickerSyncController: Paged sync successful. QueryArgs: Bundle[{android.provider.extra.SYNC_GENERATION=17875, android.provider.extra.PAGE_SIZE=1000}] Total Rows: 0
08-06 17:09:33.289 12965 10476 I PickerSyncController: Executing SyncRemove. isLocal: true. authority: com.android.providers.media.photopicker
08-06 17:09:33.291 12965 10476 E PickerDbFacade: Could not get first date taken millis for media id: 1000001944
08-06 17:09:33.291 12965 10476 W PickerDbFacade: Unable to promote cloud media with localId: 1000001944
08-06 17:09:33.292 12965 10476 I PickerSyncController: Paged sync successful. QueryArgs: Bundle[{android.provider.extra.SYNC_GENERATION=17875, android.provider.extra.PAGE_SIZE=1000}] Total Rows: 0
08-06 17:09:33.292 12965 10476 I PickerSyncTracker: Marked sync future complete for work id: d8438f2c-db70-4867-9858-d4c0ed14e89f. Future map: {}
08-06 17:09:33.293 12965 10476 I PSyncWorker: Completed picker proactive sync complete from local provider.
08-06 17:09:33.294 12965 13299 I WM-WorkerWrapper: Worker result SUCCESS for Work [ id=d8438f2c-db70-4867-9858-d4c0ed14e89f, tags={ com.android.providers.media.photopicker.sync.ProactiveSyncWorker } ]
08-06 17:09:33.296  2474  7379 I whetstone.activity: processNotifyEvent1 resId = 256, bundle = Bundle[{startTime=395997618, sourcePkg=com.android.providers.media.module, sourceUid=10249, status=0, jobId=2445, batteryName=@androidx.work.systemjobscheduler@com.android.providers.media.module/androidx.work.impl.background.systemjob.SystemJobService, elapsedRealtime=395997618}]
08-06 17:09:33.296 14191 14525 I EventMonitor: notifyEvent resId=256
08-06 17:09:33.297  1865  1865 I vendor.qti.hardware.servicetrackeraidl-service: unbindService is called for service : com.android.providers.media.module/androidx.work.impl.background.systemjob.SystemJobService and for client system
08-06 17:09:33.297  1865  1865 I vendor.qti.hardware.servicetrackeraidl-service: size of service connections for service: com.android.providers.media.module/androidx.work.impl.background.systemjob.SystemJobServiceafter removal is 0
08-06 17:09:33.298  1865  1865 I vendor.qti.hardware.servicetrackeraidl-service: size of client connections for client: systemafter removal is 27
08-06 17:09:33.298  1865  1865 I vendor.qti.hardware.servicetrackeraidl-service: destroyService is called for service : com.android.providers.media.module/androidx.work.impl.background.systemjob.SystemJobService
08-06 17:09:33.766  2474  8251 I NetworkAccelerateSwitchService: EVENT_RSSI_POLL. mRssiPoll=true
08-06 17:09:33.767  2474  8251 I NetworkAccelerateSwitchService: getAverageWifiRssi:61
08-06 17:09:33.869  3086  3086 I adbd    : in ShellService: ps
08-06 17:09:34.360  2474  7257 I MiuiNetworkPolicy: updateUidState uid = 10278, uidState = 15
