--------- beginning of system
05-08 08:33:25.700   538   592 I ActivityManager: Deferring FGS notification in legacy app com.google.android.apps.wellbeing/u0a100 : Notification(channel=app_limit_updates shortcut=null contentView=null vibrate=null sound=null defaults=0x0 flags=0x162 color=0xff0b57d0 category=service vis=PRIVATE)
--------- beginning of main
05-08 08:33:25.701  1412 24864 I Icing   : Indexing done com.google.android.gms-apps
05-08 08:33:25.706   396   396 E adbd    : failed to connect to socket 'tcp:7336': Connection refused
05-08 08:33:25.720  1734 29788 W Role    : Cannot get ApplicationInfo for default holder: com.google.android.as
05-08 08:33:25.724  1734 29788 W Role    : Cannot get ApplicationInfo for default holder: com.google.android.as
05-08 08:33:25.759   396   396 E adbd    : failed to connect to socket 'tcp:7336': Connection refused
05-08 08:33:25.837  9224  9224 I GoogleInputMethodService: GoogleInputMethodService.onFinishInput():3420 
05-08 08:33:25.841   538  2880 W InputManager-JNI: Input channel object '7c2b40c InputMethod (client)' was disposed without first being removed with the input manager!
05-08 08:33:25.844  9224  9224 I NormalModeController: NormalModeController.getKeyboardBodyViewHolderPaddingBottom():109 currentPrimeKeyboardType:SOFT systemPaddingBottom:-1
05-08 08:33:25.854  9224  9224 I AbstractOpenableExtension: AbstractOpenableExtension.maybeDestroyExistingKeyboardGroupManager():514 Destroy existing keyboard group manager in fau
05-08 08:33:25.855  9224  9224 I KeyboardViewController: KeyboardViewController.clearSubViewControllerInternal():411 Clears keyboard sub view controller for keyboardType: null, viewType: HEADER, viewId: 2131428269(#0x7f0b03ad),which has not been set.
05-08 08:33:25.859  9224  9224 I AbstractOpenableExtension: AbstractOpenableExtension.maybeDestroyExistingKeyboardGroupManager():514 Destroy existing keyboard group manager in fci
05-08 08:33:25.860  9224  9224 I AbstractOpenableExtension: AbstractOpenableExtension.maybeDestroyExistingKeyboardGroupManager():514 Destroy existing keyboard group manager in eyj
05-08 08:33:25.864  9224 29707 I JapaneseMozcExtension: JapaneseMozcExtension.onDestroyServiceInternal():81 onDestroyServiceInternal()
05-08 08:33:25.868  9224  9224 I AbstractOpenableExtension: AbstractOpenableExtension$3.onSuccess():527 KeyboardGroupManager destroyed in fau.
05-08 08:33:25.871  9224  9224 I AbstractOpenableExtension: AbstractOpenableExtension$3.onSuccess():527 KeyboardGroupManager destroyed in fci.
05-08 08:33:25.871  9224  9224 I AbstractOpenableExtension: AbstractOpenableExtension$3.onSuccess():527 KeyboardGroupManager destroyed in eyj.
05-08 08:33:26.520   538   578 E RemoteAugmentedAutofillService: Bad service name for flags 1048704: com.google.android.as/com.google.android.apps.miphone.aiai.app.AiAiAugmentedAutofillService
05-08 08:33:26.638  5138  5138 I abb     : StartCommandInProcess(73657474696e67730067657400676c6f settings.get.glo [truncated])
05-08 08:33:26.636   538   538 W Binder:538_6: type=1400 audit(0.0:188): avc: denied { getopt } for scontext=u:r:system_server:s0 tcontext=u:r:shell:s0 tclass=unix_stream_socket permissive=0
05-08 08:33:26.648  5138  5138 I abb     : StartCommandInProcess(7061636b61676500696e7374616c6c00 package.install. [truncated])
05-08 08:33:26.640   538   538 W Binder:538_6: type=1400 audit(0.0:189): avc: denied { getopt } for scontext=u:r:system_server:s0 tcontext=u:r:shell:s0 tclass=unix_stream_socket permissive=0
05-08 08:33:26.640   538   538 W Binder:538_6: type=1400 audit(0.0:190): avc: denied { getopt } for scontext=u:r:system_server:s0 tcontext=u:r:shell:s0 tclass=unix_stream_socket permissive=0
05-08 08:33:26.767  1172 24207 I NearbyMediums: No BLE Fast/GATT advertisements found in the latest cycle.
05-08 08:33:26.790  2885  2922 I Finsky  : [67] naa.run(720): AIM: AppInfoManager-Perf > Destroying AppInfoManager ...
05-08 08:33:27.697   538   592 W BroadcastQueue: Background execution not allowed: receiving Intent { act=android.intent.action.DROPBOX_ENTRY_ADDED flg=0x10 (has extras) } to com.google.android.gms/.stats.service.DropBoxEntryAddedReceiver
05-08 08:33:28.056   538   538 W Binder:538_6: type=1400 audit(0.0:191): avc: denied { getopt } for scontext=u:r:system_server:s0 tcontext=u:r:shell:s0 tclass=unix_stream_socket permissive=0
05-08 08:33:28.504   538   617 I PackageManager: Integrity check passed for file:///data/app/vmdl1956557401.tmp
05-08 08:33:28.580  1349  1374 I MediaProvider: Invalidating LocalCallingIdentity cache for package com.what3words.android. Reason: op android:read_external_storage
05-08 08:33:28.581  1349  9015 I MediaProvider: Invalidating LocalCallingIdentity cache for package com.what3words.android. Reason: op android:read_external_storage
05-08 08:33:28.582  1349  9015 I MediaProvider: Invalidating LocalCallingIdentity cache for package com.what3words.android. Reason: op android:read_external_storage
05-08 08:33:28.582  1349  9015 I MediaProvider: Invalidating LocalCallingIdentity cache for package com.what3words.android. Reason: op android:read_external_storage
05-08 08:33:28.602   538   617 I PackageDexOptimizer: Running dexopt (dexoptNeeded=1) on: /data/app/~~a_XmqlDRYvXIPhwFA6CKoA==/com.what3words.android-GmUwYCtGC4Qh-dA7qJUShw==/base.apk pkg=com.what3words.android isa=x86_64 dexoptFlags=boot_complete,profile_guided,public,enable_hidden_api_checks targetFilter=speed-profile oatDir=/data/app/~~a_XmqlDRYvXIPhwFA6CKoA==/com.what3words.android-GmUwYCtGC4Qh-dA7qJUShw==/oat classLoaderContext=PCL[]{PCL[/system/framework/org.apache.http.legacy.jar]#PCL[/system_ext/framework/androidx.window.sidecar.jar]}
05-08 08:33:28.692 29926 29926 W dex2oat64: Unexpected CPU variant for X86 using defaults: x86_64
05-08 08:33:28.693 29926 29926 W dex2oat64: Mismatch between dex2oat instruction set features to use (ISA: X86_64 Feature string: -ssse3,-sse4.1,-sse4.2,-avx,-avx2,-popcnt) and those from CPP defines (ISA: X86_64 Feature string: ssse3,sse4.1,sse4.2,-avx,-avx2,popcnt) for the command line:
05-08 08:33:28.693 29926 29926 W dex2oat64: /apex/com.android.art/bin/dex2oat64 --zip-fd=7 --zip-location=base.apk --oat-fd=8 --oat-location=/data/app/~~a_XmqlDRYvXIPhwFA6CKoA==/com.what3words.android-GmUwYCtGC4Qh-dA7qJUShw==/oat/x86_64/base.odex --input-vdex-fd=-1 --output-vdex-fd=9 --swap-fd=10 --classpath-dir=/data/app/~~a_XmqlDRYvXIPhwFA6CKoA==/com.what3words.android-GmUwYCtGC4Qh-dA7qJUShw== --class-loader-context=PCL[]{PCL[/system/framework/org.apache.http.legacy.jar]#PCL[/system_ext/framework/androidx.window.sidecar.jar]} --compact-dex-level=none --instruction-set=x86_64 --instruction-set-features=default --instruction-set-variant=x86_64 --compiler-filter=speed-profile --compilation-reason=install --max-image-block-size=524288 --resolve-startup-const-strings=true --generate-mini-debug-info --runtime-arg -Xtarget-sdk-version:33 --runtime-arg -Xhidden-api-policy:enabled --runtime-arg -Xms64m --runtime-arg -Xmx512m
05-08 08:33:28.693 29926 29926 I dex2oat64: /apex/com.android.art/bin/dex2oat64 --input-vdex-fd=-1 --output-vdex-fd=9 --classpath-dir=/data/app/~~a_XmqlDRYvXIPhwFA6CKoA==/com.what3words.android-GmUwYCtGC4Qh-dA7qJUShw== --class-loader-context=PCL[]{PCL[/system/framework/org.apache.http.legacy.jar]#PCL[/system_ext/framework/androidx.window.sidecar.jar]} --compact-dex-level=none --compiler-filter=speed-profile --compilation-reason=install --max-image-block-size=524288 --resolve-startup-const-strings=true --generate-mini-debug-info
05-08 08:33:29.548 29926 29926 I dex2oat64: Large app, accepted running with swap.
05-08 08:33:29.784   175   175 I servicemanager: Since 'apexservice' could not be found, trying to start it as a lazy AIDL service
05-08 08:33:30.071   175   175 I BpBinder: onLastStrongRef automatically unlinking death recipients: <uncached descriptor>
05-08 08:33:30.074   175   175 I servicemanager: Tried to unregister apexservice, but there is about to be a client.
05-08 08:33:30.209 29926 29926 W dex2oat64: Class androidx.compose.runtime.snapshots.SnapshotStateMap failed lock verification and will run slower.
05-08 08:33:30.209 29926 29926 W dex2oat64: Common causes for lock verification issues are non-optimized dex code
05-08 08:33:30.209 29926 29926 W dex2oat64: and incorrect proguard optimizations.
05-08 08:33:30.456 29926 29939 W dex2oat64: Class androidx.compose.runtime.snapshots.SnapshotStateList failed lock verification and will run slower.
05-08 08:33:30.755  1349  1683 W MediaProvider: isAppCloneUserPair for user 0: false
05-08 08:33:30.804   176   176 I hwservicemanager: getTransport: Cannot find entry android.hardware.graphics.mapper@4.0::IMapper/default in either framework or device VINTF manifest.
05-08 08:33:30.804 29959 29961 I Gralloc4: mapper 4.x is not supported
05-08 08:33:30.840  1172 29751 I NetworkScheduler.Stats: (REDACTED) Task %s/%s started execution. cause:%s exec_start_elapsed_seconds: %s
05-08 08:33:30.854  1172 29962 I NetworkScheduler.Stats: (REDACTED) Task %s/%s finished executing. cause:%s result: %s elapsed_millis: %s uptime_millis: %s exec_start_elapsed_seconds: %s
05-08 08:33:31.239  1349  1860 I MediaProvider: Begin Intent { act=android.intent.action.MEDIA_SCANNER_SCAN_FILE dat=file:///sdcard/screen_2025-05-08_163330.png flg=0x1400010 cmp=com.google.android.providers.media.module/com.android.providers.media.MediaService }
05-08 08:33:31.276  1349  1860 I MediaProvider: End Intent { act=android.intent.action.MEDIA_SCANNER_SCAN_FILE dat=file:///sdcard/screen_2025-05-08_163330.png flg=0x1400010 cmp=com.google.android.providers.media.module/com.android.providers.media.MediaService }
05-08 08:33:31.333   175   175 I servicemanager: Notifying apexservice they have clients: 1
05-08 08:33:31.348  1349  1505 I MediaProvider: Deleted 0 1 0 0 0 0 0 items on external_primary due to com.android.shell
05-08 08:33:31.348  1172  2228 I UriTaskContentObserver: (REDACTED) Throttling content uri change event for %s
05-08 08:33:31.628   538  2867 I ActivityManager: Force stopping com.what3words.android appid=10183 user=0: from pid 29989
05-08 08:33:31.680   538   578 I ActivityTaskManager: START u0 {act=android.intent.action.MAIN cat=[android.intent.category.HOME] flg=0x10000100 cmp=com.google.android.apps.nexuslauncher/.NexusLauncherActivity (has extras)} from uid 0
05-08 08:33:31.727   538  2880 W ActivityManager: Unable to start service Intent { act=android.service.smartspace.SmartspaceService cmp=com.google.android.as/com.google.android.apps.miphone.aiai.app.AiAiSmartspaceService } U=0: not found
05-08 08:33:31.727   538  2880 W RemoteSmartspaceService: could not bind to Intent { act=android.service.smartspace.SmartspaceService cmp=com.google.android.as/com.google.android.apps.miphone.aiai.app.AiAiSmartspaceService } using flags 67112961
05-08 08:33:31.727   538   538 W ActivityManager: Unbind failed: could not find connection for android.app.LoadedApk$ServiceDispatcher$InnerConnection@12f863a
05-08 08:33:33.130  1349  1505 W MediaProvider: isAppCloneUserPair for user 0: false
05-08 08:33:33.164   176   176 I hwservicemanager: getTransport: Cannot find entry android.hardware.graphics.mapper@4.0::IMapper/default in either framework or device VINTF manifest.
05-08 08:33:33.164 30011 30013 I Gralloc4: mapper 4.x is not supported
05-08 08:33:33.220 29926 29926 I dex2oat64: dex2oat took 4.537s (11.855s cpu) (threads: 4) arena alloc=0B (0B) java alloc=42MB (44731632B) native alloc=5643KB (5778704B) free=1843KB (1888016B) swap=16MB (16777216B)
05-08 08:33:33.271   436   648 E installd: Couldn't opendir /data/app/vmdl1956557401.tmp: No such file or directory
05-08 08:33:33.271   436   648 E installd: Failed to delete /data/app/vmdl1956557401.tmp: No such file or directory
05-08 08:33:33.272   538   538 W Binder:538_6: type=1400 audit(0.0:192): avc: denied { getopt } for scontext=u:r:system_server:s0 tcontext=u:r:shell:s0 tclass=unix_stream_socket permissive=0
05-08 08:33:33.272   538   538 W Binder:538_6: type=1400 audit(0.0:193): avc: denied { getopt } for scontext=u:r:system_server:s0 tcontext=u:r:shell:s0 tclass=unix_stream_socket permissive=0
05-08 08:33:33.272   538   538 W Binder:538_6: type=1400 audit(0.0:194): avc: denied { getopt } for scontext=u:r:system_server:s0 tcontext=u:r:shell:s0 tclass=unix_stream_socket permissive=0
05-08 08:33:33.301  1349  1349 I MediaProvider: Invalidating LocalCallingIdentity cache for package com.what3words.android. Reason: package android.intent.action.PACKAGE_ADDED
05-08 08:33:33.309  1346  1346 I GsaVoiceInteractionSrv: O received Intent { act=android.intent.action.PACKAGE_ADDED dat=package:com.what3words.android flg=0x4000010 (has extras) }
05-08 08:33:33.318   538   656 I RoleService: Granting default roles...
05-08 08:33:33.322   538   592 W BroadcastQueue: Background execution not allowed: receiving Intent { act=android.intent.action.PACKAGE_ADDED dat=package:com.what3words.android flg=0x4000010 (has extras) } to com.google.android.packageinstaller/com.android.packageinstaller.PackageInstalledReceiver
05-08 08:33:33.322   538   666 I InputReader: Reconfiguring input devices, changes=KEYBOARD_LAYOUTS | 
05-08 08:33:33.323   538   592 W BroadcastQueue: Background execution not allowed: receiving Intent { act=android.intent.action.PACKAGE_ADDED dat=package:com.what3words.android flg=0x4000010 (has extras) } to com.android.vending/com.google.android.finsky.packagemonitor.impl.PackageMonitorReceiverImpl$RegisteredReceiver
05-08 08:33:33.325  2981  2981 I Finsky:background: [2] ackm.g(6): ackm - Received: android.intent.action.PACKAGE_ADDED, [AG2dpkgNrvYmGqjih1ikCQZE6Jov9s8NZQpHkjEm5Ig]
05-08 08:33:33.330  2885  2885 I Finsky  : [2] ackw.g(1): ackw - Received: android.intent.action.PACKAGE_ADDED, [AG2dpkgNrvYmGqjih1ikCQZE6Jov9s8NZQpHkjEm5Ig]
05-08 08:33:33.342  1734  8165 I PermissionControllerServiceImpl: Updating user sensitive for uid 10183
05-08 08:33:33.353   538   592 W BroadcastQueue: Background execution not allowed: receiving Intent { act=android.intent.action.PACKAGE_ADDED dat=package:com.what3words.android flg=0x4000010 (has extras) } to com.android.vending/com.google.android.finsky.packagemonitor.backgroundimpl.BackgroundPackageMonitorReceiverImpl$RegisteredReceiver
05-08 08:33:33.353   538   592 W BroadcastQueue: Background execution not allowed: receiving Intent { act=android.intent.action.PACKAGE_ADDED dat=package:com.what3words.android flg=0x4000010 (has extras) } to com.google.android.gms/.chimera.GmsIntentOperationService$PersistentTrustedReceiver
05-08 08:33:33.354   538   592 W BroadcastQueue: Background execution not allowed: receiving Intent { act=android.intent.action.PACKAGE_ADDED dat=package:com.what3words.android flg=0x4000010 (has extras) } to com.google.android.gms/.games.chimera.GamesSystemBroadcastReceiverProxy
05-08 08:33:33.354   538   592 W BroadcastQueue: Background execution not allowed: receiving Intent { act=android.intent.action.PACKAGE_ADDED dat=package:com.what3words.android flg=0x4000010 (has extras) } to com.google.android.gms/.gass.chimera.PackageChangeBroadcastReceiver
05-08 08:33:33.354   538   592 W BroadcastQueue: Background execution not allowed: receiving Intent { act=android.intent.action.PACKAGE_ADDED dat=package:com.what3words.android flg=0x4000010 (has extras) } to com.google.android.googlequicksearchbox/com.google.android.apps.gsa.googlequicksearchbox.GelStubAppWatcher
05-08 08:33:33.362   538   538 I Telecom : DefaultDialerCache: Refreshing default dialer for user 0: now com.android.dialer: DDC.oR@AMo
05-08 08:33:33.375  1734 29788 W Role    : Cannot get ApplicationInfo for default holder: com.google.android.contacts
05-08 08:33:33.383  2981 29785 I Finsky:background: [140] rph.accept(118): Wrote row to frosting DB: 348
05-08 08:33:33.383  1734 29788 W Role    : Cannot get ApplicationInfo for default holder: com.google.android.as
05-08 08:33:33.388  2885 29630 I Finsky  : [361] pcj.kh(37): [ContentSync] finished, scheduled=false
05-08 08:33:33.441  2885  2885 I Finsky  : [2] arwd.c(44): Do not start WearSupportService due to Wear service optimization
05-08 08:33:33.441  2885  2885 I Finsky  : [2] ajgh.f(9): Clearing split related stale data.
05-08 08:33:33.453  2981 29785 I Finsky:background: [140] rph.accept(118): Wrote row to frosting DB: 349
05-08 08:33:33.456  2885  2885 I Finsky  : [2] wqm.jr(11): DTU: Received onPackageAdded, replacing: false
05-08 08:33:33.456  2885  2885 I Finsky  : [2] mzk.f(7): AIM: AppInfoCacheUpdater -> invalidating apps: [com.what3words.android]
05-08 08:33:33.456  2885  2885 I Finsky  : [2] mzy.c(19): AIM: AppInfoManager-Perf > getApps > called for 1 apps
05-08 08:33:33.475  1734 29788 W Role    : Cannot get ApplicationInfo for default holder: com.google.android.as
05-08 08:33:33.476  2885  2931 I Finsky  : [76] nbh.a(47): AIM: AppInfoManager-Perf > OnDeviceAppInfo > cacheHitCount=0, cacheMissCount=1. Missed  in cache (limit 10) : [com.what3words.android]
05-08 08:33:33.477  1734 29788 W Role    : Cannot get ApplicationInfo for default holder: com.google.android.as
05-08 08:33:33.485   538   614 E VerityUtils: Failed to measure fs-verity, errno 1: /data/app/~~a_XmqlDRYvXIPhwFA6CKoA==/com.what3words.android-GmUwYCtGC4Qh-dA7qJUShw==/base.apk
05-08 08:33:33.499   538   591 W PackageManager: Failed registering loading progress callback. Package is fully loaded.
05-08 08:33:33.519  2885  2930 I Finsky  : [75] mef.apply(1136): AIM: Got app ownership map. App counts: . Unique apps: 0
05-08 08:33:33.519  2885  2930 E Finsky  : [75] aisy.D(47): [Counters] attempted to use a non-positive increment for: 4752
05-08 08:33:33.520  2885  2930 E Finsky  : [75] aisy.D(47): [Counters] attempted to use a non-positive increment for: 4753
05-08 08:33:33.537  1533 29643 I A       : Writing data of size=365 bytes with N=1 keys to Geller corpus DEVICE_INSTALLED_APPS at ts=1746693213511000
05-08 08:33:33.548  1533  1783 I DeviceAppInfoWork: refreshDeviceAppInfoForAccount done.
05-08 08:33:33.566  2885  2922 I Finsky  : [67] nbc.a(218): AIM: AppInfoManager-Perf > ItemModel > CacheSize=27, cacheHitCount=0, cacheMissCount=0, total appsWithNoServerDataCount=0. Missed  in cache (limit 10) : []
05-08 08:33:33.572  2885  2922 I Finsky  : [67] lwo.accept(133): AIM: AppInfoManager-Perf > getApps > data collection finished
05-08 08:33:33.572  2885  2922 I Finsky  : [67] naa.run(909): AIM: AppInfoManager-Perf > maybeDestroyAppInfoManager is called. actives = 0
05-08 08:33:33.577  1172 30024 W GCM     : Unexpected forwarded intent: Intent { act=android.intent.action.PACKAGE_ADDED dat=package:com.what3words.android flg=0x4000010 pkg=com.google.android.gms cmp=com.google.android.gms/.chimera.PersistentIntentOperationService (has extras) }
05-08 08:33:33.579  1172 30023 W NetworkScheduler: Unexpected forwarded intent: Intent { act=android.intent.action.PACKAGE_ADDED dat=package:com.what3words.android flg=0x4000010 pkg=com.google.android.gms cmp=com.google.android.gms/.chimera.PersistentIntentOperationService (has extras) }
05-08 08:33:33.591  1412 30022 I Auth    : (REDACTED) [SupervisedAccountIntentOperationV2] onHandleIntent: %s
05-08 08:33:33.594  1412 30030 I Blockstore: (REDACTED) [DataStoreImpl] Clearing Blockstore Data for package %s
05-08 08:33:33.595  1412 30030 I Blockstore: [DataStoreImpl] Keyless data not found or its IsLastInstallationData = false. [CONTEXT service_id=258 ]
05-08 08:33:33.598  1412 30030 I Dck     : (REDACTED) disableDckSupport: %s
05-08 08:33:33.598  1412 30030 W Dck     : [WirelessCapabilitiesFeatures] wccSysProp: 0 [CONTEXT service_id=289 ]
05-08 08:33:33.598  1412 30030 I Dck     : [WirelessCapabilitiesFeatures] wccMendel: 3 [CONTEXT service_id=289 ]
05-08 08:33:33.599  1412 30030 I Dck     : [WirelessCapabilitiesFeatures] deviceWccOverride: false [CONTEXT service_id=289 ]
05-08 08:33:33.599  1412 30030 I Dck     : [WirelessCapabilitiesFeatures] replaceSupportedWccWithWccOverride: true [CONTEXT service_id=289 ]
05-08 08:33:33.600  1412 30030 I Dck     : [WirelessCapabilitiesFeatures] wccOverride: not set [CONTEXT service_id=289 ]
05-08 08:33:33.600  1412 30030 I Dck     : (REDACTED) [WirelessCapabilitiesFeatures] wcc: %s
05-08 08:33:33.601  1412 30030 I Dck     : Dck module condition - hasWccSupport: false [CONTEXT service_id=289 ]
05-08 08:33:33.602  1412 30030 I Dck     : Dck module condition - downloadAllowed: false [CONTEXT service_id=289 ]
05-08 08:33:33.609  1412 30030 W Dck     : Dck module not eligible for asynchronous downloading [CONTEXT service_id=289 ]
05-08 08:33:33.640  1533  1785 W DeviceAppInfoWork: missing version info.
05-08 08:33:33.648  1349  1860 I MediaProvider: Begin Intent { act=android.intent.action.MEDIA_SCANNER_SCAN_FILE dat=file:///sdcard/screen_2025-05-08_163333.png flg=0x1400010 cmp=com.google.android.providers.media.module/com.android.providers.media.MediaService }
05-08 08:33:33.672  1349  1860 I MediaProvider: End Intent { act=android.intent.action.MEDIA_SCANNER_SCAN_FILE dat=file:///sdcard/screen_2025-05-08_163333.png flg=0x1400010 cmp=com.google.android.providers.media.module/com.android.providers.media.MediaService }
05-08 08:33:33.717  1734 29788 W Role    : Cannot get ApplicationInfo for default holder: com.google.android.as
05-08 08:33:33.721  1349  1504 I MediaProvider: Deleted 0 1 0 0 0 0 0 items on external_primary due to com.android.shell
05-08 08:33:33.725  1172  2228 I UriTaskContentObserver: (REDACTED) Throttling content uri change event for %s
05-08 08:33:33.739   538   552 I system_server: Background concurrent copying GC freed 244540(13MB) AllocSpace objects, 70(3008KB) LOS objects, 49% free, 23MB/46MB, paused 1.366ms,521us total 450.251ms
05-08 08:33:33.743  1412 24803 I Icing   : Indexing com.google.android.gms-apps from com.google.android.gms
05-08 08:33:33.747  1412 24803 I Icing   : Indexing done com.google.android.gms-apps
05-08 08:33:33.770   538   554 W System  : A resource failed to call close. 
05-08 08:33:33.778  1734 29788 W Role    : Cannot get ApplicationInfo for default holder: com.google.android.as
05-08 08:33:33.784  1734 29788 W Role    : Cannot get ApplicationInfo for default holder: com.google.android.as
05-08 08:33:34.313  1349  5273 W MediaProvider: isAppCloneUserPair for user 0: false
05-08 08:33:34.341   176   176 I hwservicemanager: getTransport: Cannot find entry android.hardware.graphics.mapper@4.0::IMapper/default in either framework or device VINTF manifest.
05-08 08:33:34.341 30071 30073 I Gralloc4: mapper 4.x is not supported
05-08 08:33:34.626  1349  1860 I MediaProvider: Begin Intent { act=android.intent.action.MEDIA_SCANNER_SCAN_FILE dat=file:///sdcard/screen_2025-05-08_163334.png flg=0x1400010 cmp=com.google.android.providers.media.module/com.android.providers.media.MediaService }
05-08 08:33:34.650  1349  1860 I MediaProvider: End Intent { act=android.intent.action.MEDIA_SCANNER_SCAN_FILE dat=file:///sdcard/screen_2025-05-08_163334.png flg=0x1400010 cmp=com.google.android.providers.media.module/com.android.providers.media.MediaService }
05-08 08:33:34.709  1349  1504 I MediaProvider: Deleted 0 1 0 0 0 0 0 items on external_primary due to com.android.shell
05-08 08:33:34.710  1172  2228 I UriTaskContentObserver: (REDACTED) Throttling content uri change event for %s
05-08 08:33:35.037 30098 30098 I AndroidRuntime: Using default boot image
05-08 08:33:35.038 30098 30098 I AndroidRuntime: Leaving lock profiling enabled
05-08 08:33:35.038 30098 30098 W libc    : Access denied finding property "odsign.verification.success"
05-08 08:33:35.039 30098 30098 W app_process: ART APEX data files are untrusted.
05-08 08:33:35.036 30098 30098 W app_process: type=1400 audit(0.0:195): avc: denied { read } for name="u:object_r:odsign_prop:s0" dev="tmpfs" ino=203 scontext=u:r:shell:s0 tcontext=u:object_r:odsign_prop:s0 tclass=file permissive=0
05-08 08:33:35.171 30098 30098 W app_process: Unexpected CPU variant for X86 using defaults: x86_64
05-08 08:33:35.184 30098 30098 W app_process: ClassLoaderContext classpath size mismatch. expected=0, found=1 (PCL[] | PCL[/system/framework/android.test.runner.jar*1585996318])
05-08 08:33:35.407  1412 30021 I GmscoreIpa: Starting mediastore instant index [CONTEXT service_id=255 ]
05-08 08:33:36.305 30098 30098 I AccessibilityNodeInfoDumper: Skipping invisible child: android.view.accessibility.AccessibilityNodeInfo@19d3c; boundsInParent: Rect(0, 0 - 0, 49); boundsInScreen: Rect(101, 290 - 101, 339); packageName: com.google.android.apps.nexuslauncher; className: android.widget.TextView; text: null; error: null; maxTextLength: -1; stateDescription: null; contentDescription: null; tooltipText: null; viewIdResName: com.google.android.apps.nexuslauncher:id/subtitle_text; checkable: false; checked: false; focusable: false; focused: false; selected: false; clickable: false; longClickable: false; contextClickable: false; enabled: true; password: false; scrollable: false; importantForAccessibility: true; visible: false; actions: [AccessibilityAction: ACTION_SELECT - null, AccessibilityAction: ACTION_CLEAR_SELECTION - null, AccessibilityAction: ACTION_ACCESSIBILITY_FOCUS - null, AccessibilityAction: ACTION_SHOW_ON_SCREEN - null]
05-08 08:33:36.309 30098 30098 W AccessibilityNodeInfoDumper: Fetch time: 37ms
05-08 08:33:36.334   175   175 I servicemanager: Notifying apexservice they have clients: 0
05-08 08:33:36.349   175   175 I BpBinder: onLastStrongRef automatically unlinking death recipients: <uncached descriptor>
05-08 08:33:36.788  1172 24207 I NearbyMediums: No BLE Fast/GATT advertisements found in the latest cycle.
05-08 08:33:37.523  1349  1683 W MediaProvider: isAppCloneUserPair for user 0: false
05-08 08:33:37.562   176   176 I hwservicemanager: getTransport: Cannot find entry android.hardware.graphics.mapper@4.0::IMapper/default in either framework or device VINTF manifest.
05-08 08:33:37.563 30139 30141 I Gralloc4: mapper 4.x is not supported
05-08 08:33:37.875  1349  1860 I MediaProvider: Begin Intent { act=android.intent.action.MEDIA_SCANNER_SCAN_FILE dat=file:///sdcard/screen_2025-05-08_163337.png flg=0x1400010 cmp=com.google.android.providers.media.module/com.android.providers.media.MediaService }
05-08 08:33:37.879  1349  1860 I MediaProvider: End Intent { act=android.intent.action.MEDIA_SCANNER_SCAN_FILE dat=file:///sdcard/screen_2025-05-08_163337.png flg=0x1400010 cmp=com.google.android.providers.media.module/com.android.providers.media.MediaService }
05-08 08:33:37.957  1349  5273 I MediaProvider: Deleted 0 1 0 0 0 0 0 items on external_primary due to com.android.shell
05-08 08:33:37.957  1172  2228 I UriTaskContentObserver: (REDACTED) Throttling content uri change event for %s
05-08 08:33:38.249   538  1997 I ActivityTaskManager: START u0 {act=android.intent.action.MAIN cat=[android.intent.category.LAUNCHER] flg=0x10000000 cmp=com.what3words.android/.ui.splash.SplashActivity} from uid 2000
05-08 08:33:38.260   538  1997 W ActivityTaskManager: Can't find TaskDisplayArea to determine support for multi window. Task id=20 attached=false
05-08 08:33:38.307   538   593 I ActivityManager: Start proc 30171:com.what3words.android/u0a183 for pre-top-activity {com.what3words.android/com.what3words.android.ui.splash.SplashActivity}
05-08 08:33:38.317 30171 30171 W t3words.androi: Unexpected CPU variant for X86 using defaults: x86_64
05-08 08:33:38.323 30171 30171 E t3words.androi: Not starting debugger since process cannot load the jdwp agent.
05-08 08:33:38.361 30171 30171 I MultiDex: VM with version 2.1.0 has multidex support
05-08 08:33:38.362 30171 30171 I MultiDex: Installing application
05-08 08:33:38.362 30171 30171 I MultiDex: VM has multidex support, MultiDex support library is disabled.
05-08 08:33:38.378 30171 30171 I FirebaseApp: Device unlocked: initializing all Firebase APIs for app [DEFAULT]
05-08 08:33:38.411 30171 30171 I FirebaseCrashlytics: Initializing Firebase Crashlytics 18.3.1 for com.what3words.android
05-08 08:33:38.454  1346  1346 I GsaVoiceInteractionSrv: Handling ACTION_STOP_HOTWORD
05-08 08:33:38.457  1346  1346 E HwDetectorWithState: a: 3
05-08 08:33:38.489 30171 30193 W t3words.androi: ClassLoaderContext classpath size mismatch. expected=13, found=0 (DLC[];PCL[base.apk*1914472534:base.apk!classes2.dex*3304451845:base.apk!classes3.dex*814030735:base.apk!classes4.dex*1701140833:base.apk!classes5.dex*671790505:base.apk!classes6.dex*3453289445:base.apk!classes7.dex*3073107556:base.apk!classes8.dex*2923806363:base.apk!classes9.dex*3566253840:base.apk!classes10.dex*3357887208:base.apk!classes11.dex*1617793128:base.apk!classes12.dex*2938047849:base.apk!classes13.dex*1145982731]{PCL[/system/framework/org.apache.http.legacy.jar*2058259660]#PCL[/system/framework/com.android.media.remotedisplay.jar*3472798122]#PCL[/system/framework/com.android.location.provider.jar*3633238673]#PCL[/system_ext/framework/androidx.window.sidecar.jar*3539530913]#PCL[/system/framework/org.apache.http.legacy.jar*2058259660]} | DLC[];PCL[])
05-08 08:33:38.494 30171 30193 I DynamiteModule: Considering local module com.google.android.gms.measurement.dynamite:70 and remote module com.google.android.gms.measurement.dynamite:142
05-08 08:33:38.494 30171 30193 I DynamiteModule: Selected remote version of com.google.android.gms.measurement.dynamite, version >= 142
05-08 08:33:38.496 30171 30171 I FirebaseInitProvider: FirebaseApp initialization successful
05-08 08:33:38.529 30171 30193 W System  : ClassLoader referenced unknown path: 
05-08 08:33:38.592 30171 30171 E UALib   : The airship config options is missing URL allow list rules for SCOPE_OPEN. By default only Airship, YouTube, mailto, sms, and tel URLs will be allowed.To suppress this error, specify allow list rules by providing rules for urlAllowListScopeOpenUrl or urlAllowList. Alternatively you can suppress this error and keep the default rules by using the flag suppressAllowListError. For more information, see https://docs.airship.com/platform/android/getting-started/#url-allow-list.
05-08 08:33:38.619 30171 30171 W com.facebook.UserSettingsManager: You haven't set a value for AdvertiserIDCollectionEnabled. Set the flag to TRUE if you want to collect Advertiser ID for better advertising and analytics results. To request user consent before collecting data, set the flag value to FALSE, then change to TRUE once user consent is received. Learn more: https://developers.facebook.com/docs/app-events/getting-started-app-events-android#disable-auto-events.
05-08 08:33:38.627 30171 30228 W com.facebook.internal.NativeProtocol: Apps that target Android API 30+ (Android 11+) cannot call Facebook native apps unless the package visibility needs are declared. Please follow https://developers.facebook.com/docs/android/troubleshooting/#faq_267321845055988 to make the declaration.
05-08 08:33:38.775   538  1997 W ActivityManager: Unable to start service Intent { act=android.service.smartspace.SmartspaceService cmp=com.google.android.as/com.google.android.apps.miphone.aiai.app.AiAiSmartspaceService } U=0: not found
05-08 08:33:38.775   538  1997 W RemoteSmartspaceService: could not bind to Intent { act=android.service.smartspace.SmartspaceService cmp=com.google.android.as/com.google.android.apps.miphone.aiai.app.AiAiSmartspaceService } using flags 67112961
05-08 08:33:38.776   538   538 W ActivityManager: Unbind failed: could not find connection for android.app.LoadedApk$ServiceDispatcher$InnerConnection@c15e26
05-08 08:33:38.785  1533  1533 I A       : onApplyWindowInsets: systemWindowInsets=Insets{left=0, top=63, right=0, bottom=126}
05-08 08:33:38.785  1533  1533 I A       : onApplyWindowInsets: systemWindowInsets=Insets{left=0, top=63, right=0, bottom=126}
05-08 08:33:38.824 30171 30236 E WM-WorkerWrapper: Didn't find WorkSpec for id 3bfb0923-f563-4549-bf67-a067d348d2ce
05-08 08:33:38.840 30171 30171 I FirebaseApp: Device unlocked: initializing all Firebase APIs for app 3WordPhoto
05-08 08:33:38.842 30171 30171 I BranchSDK: !SDK-VERSION-STRING!:io.branch.sdk.android:library:5.0.9
05-08 08:33:38.873 30171 30193 W t3words.androi: ClassLoaderContext classpath size mismatch. expected=13, found=8 (DLC[];PCL[base.apk*1914472534:base.apk!classes2.dex*3304451845:base.apk!classes3.dex*814030735:base.apk!classes4.dex*1701140833:base.apk!classes5.dex*671790505:base.apk!classes6.dex*3453289445:base.apk!classes7.dex*3073107556:base.apk!classes8.dex*2923806363:base.apk!classes9.dex*3566253840:base.apk!classes10.dex*3357887208:base.apk!classes11.dex*1617793128:base.apk!classes12.dex*2938047849:base.apk!classes13.dex*1145982731]{PCL[/system/framework/org.apache.http.legacy.jar*2058259660]#PCL[/system/framework/com.android.media.remotedisplay.jar*3472798122]#PCL[/system/framework/com.android.location.provider.jar*3633238673]#PCL[/system_ext/framework/androidx.window.sidecar.jar*3539530913]#PCL[/system/framework/org.apache.http.legacy.jar*2058259660]} | DLC[];PCL[/data/app/~~a_XmqlDRYvXIPhwFA6CKoA==/com.what3words.android-GmUwYCtGC4Qh-dA7qJUShw==/base.apk*2166676674:/data/app/~~a_XmqlDRYvXIPhwFA6CKoA==/com.what3words.android-GmUwYCtGC4Qh-dA7qJUShw==/base.apk!classes2.dex*1429528754:/data/app/~~a_XmqlDRYvXIPhwFA6CKoA==/com.what3words.android-GmUwYCtGC4Qh-dA7qJUShw==/base.apk!classes3.dex*3568921802:/data/app/~~a_XmqlDRYvXIPhwFA6CKoA==/com.what3words.android-GmUwYCtGC4Qh-dA7qJUShw==/base.apk!classes4.dex*2770214593:/data/app/~~a_XmqlDRYvXIPhwFA6CKoA==/com.what3words.android-GmUwYCtGC4Qh-dA7qJUShw==/base.apk!classes5.dex*677236323:/data/app/~~a_XmqlDRYvXIPhwFA6CKoA==/com.what3words.android-GmUwYCtGC4Qh-dA7qJUShw==/base.apk!classes6.dex*854778776:/data/app/~~a_XmqlDRYvXIPhwFA6CKoA==/com.what3words.android-GmUwYCtGC4Qh-dA7qJUShw==/base.apk!classes7.dex*3938480394:/data/app/~~a_XmqlDRYvXIPhwFA6CKoA==/com.what3words.android-GmUwYCtGC4Qh-dA7qJUShw==/base.apk!classes8.dex*4233690143]{PCL[/system/framework/org.apache.http.legacy.jar*2058259660]#PCL[/system_ext/framework/androidx.window.sidecar.jar*3539530913]})
05-08 08:33:38.889 30171 30171 I GAv4    : Google Analytics 12.4.51 is starting up. To enable debug logging on a device run:
05-08 08:33:38.889 30171 30171 I GAv4    :   adb shell setprop log.tag.GAv4 DEBUG
05-08 08:33:38.889 30171 30171 I GAv4    :   adb logcat -s GAv4
05-08 08:33:38.896 30171 30272 W GAv4    : CampaignTrackingReceiver is not registered, not exported or is disabled. Installation campaign tracking is not possible. See http://goo.gl/8Rd3yj for instructions.
05-08 08:33:38.899 30171 30277 W CrashReporter: Root directory doesn't exist
05-08 08:33:38.949 30171 30261 W MixpanelAPI.SysInfo: Permission READ_PHONE_STATE not granted. Property $radio will not be available.
05-08 08:33:39.591 30171 30171 I BranchSDK: onActivityCreated, activity = com.what3words.android.ui.splash.SplashActivity@afac8cd
05-08 08:33:39.601  1349  1683 W MediaProvider: isAppCloneUserPair for user 0: false
05-08 08:33:39.606   538   656 I RoleService: Granting default roles...
05-08 08:33:39.629   538   538 I Telecom : DefaultDialerCache: Refreshing default dialer for user 0: now com.android.dialer: DDC.oR@AM0
05-08 08:33:39.633   176   176 I hwservicemanager: getTransport: Cannot find entry android.hardware.graphics.mapper@4.0::IMapper/default in either framework or device VINTF manifest.
05-08 08:33:39.633 30295 30303 I Gralloc4: mapper 4.x is not supported
05-08 08:33:39.636  1734 29788 W Role    : Cannot get ApplicationInfo for default holder: com.google.android.contacts
05-08 08:33:39.639  1734 29788 W Role    : Cannot get ApplicationInfo for default holder: com.google.android.as
05-08 08:33:39.657  1734  1755 I PermissionControllerServiceImpl: Updating user sensitive for uid 10183
05-08 08:33:39.663  1734 29788 W Role    : Cannot get ApplicationInfo for default holder: com.google.android.as
05-08 08:33:39.664  1734 29788 W Role    : Cannot get ApplicationInfo for default holder: com.google.android.as
05-08 08:33:39.717 30171 30171 I BranchSDK: onActivityStarted, activity = com.what3words.android.ui.splash.SplashActivity@afac8cd
05-08 08:33:39.719  1734 29788 W Role    : Cannot get ApplicationInfo for default holder: com.google.android.as
05-08 08:33:39.776  1734 29788 W Role    : Cannot get ApplicationInfo for default holder: com.google.android.as
05-08 08:33:39.780  1734 29788 W Role    : Cannot get ApplicationInfo for default holder: com.google.android.as
05-08 08:33:39.784   538   666 I InputReader: Reconfiguring input devices, changes=KEYBOARD_LAYOUTS | 
05-08 08:33:39.803 30171 30171 I BranchSDK: processNextQueueItem, req ServerRequestRegisterInstall
05-08 08:33:39.811 30171 30171 I BranchSDK: onActivityResumed, activity = com.what3words.android.ui.splash.SplashActivity@afac8cd
05-08 08:33:39.811 30171 30171 I BranchSDK: processNextQueueItem, req ServerRequestRegisterInstall
05-08 08:33:39.818   538   556 W ServiceManager: Permission failure: android.permission.HIGH_SAMPLING_RATE_SENSORS from uid=10183 pid=30171
05-08 08:33:39.820   538   556 W ServiceManager: Permission failure: android.permission.HIGH_SAMPLING_RATE_SENSORS from uid=10183 pid=30171
05-08 08:33:39.820   538   556 W ServiceManager: Permission failure: android.permission.HIGH_SAMPLING_RATE_SENSORS from uid=10183 pid=30171
05-08 08:33:39.833   538   614 E VerityUtils: Failed to measure fs-verity, errno 1: /data/app/~~a_XmqlDRYvXIPhwFA6CKoA==/com.what3words.android-GmUwYCtGC4Qh-dA7qJUShw==/base.apk
05-08 08:33:39.845   538  1433 W ServiceManager: Permission failure: android.permission.HIGH_SAMPLING_RATE_SENSORS from uid=10183 pid=30171
05-08 08:33:39.845   538  1433 W ServiceManager: Permission failure: android.permission.HIGH_SAMPLING_RATE_SENSORS from uid=10183 pid=30171
05-08 08:33:39.849  1349  1860 I MediaProvider: Begin Intent { act=android.intent.action.MEDIA_SCANNER_SCAN_FILE dat=file:///sdcard/screen_2025-05-08_163339.png flg=0x1400010 cmp=com.google.android.providers.media.module/com.android.providers.media.MediaService }
05-08 08:33:39.883 30171 30171 I Choreographer: Skipped 79 frames!  The application may be doing too much work on its main thread.
05-08 08:33:39.894   365   660 W ServiceManager: Permission failure: android.permission.ACCESS_SURFACE_FLINGER from uid=10183 pid=30171
05-08 08:33:39.895   365   660 W ServiceManager: Permission failure: android.permission.ROTATE_SURFACE_FLINGER from uid=10183 pid=30171
05-08 08:33:39.906  1349  1860 W ExifInterface: Invalid image: ExifInterface got an unsupported image format file(ExifInterface supports JPEG and some RAW image formats only) or a corrupted JPEG file to ExifInterface.
05-08 08:33:39.906  1349  1860 W ExifInterface: java.io.EOFException
05-08 08:33:39.906  1349  1860 W ExifInterface: 	at android.media.ExifInterface$ByteOrderedDataInputStream.readShort(ExifInterface.java:4995)
05-08 08:33:39.906  1349  1860 W ExifInterface: 	at android.media.ExifInterface.readByteOrder(ExifInterface.java:3977)
05-08 08:33:39.906  1349  1860 W ExifInterface: 	at android.media.ExifInterface.parseTiffHeaders(ExifInterface.java:3997)
05-08 08:33:39.906  1349  1860 W ExifInterface: 	at android.media.ExifInterface.getRawAttributes(ExifInterface.java:2963)
05-08 08:33:39.906  1349  1860 W ExifInterface: 	at android.media.ExifInterface.loadAttributes(ExifInterface.java:2024)
05-08 08:33:39.906  1349  1860 W ExifInterface: 	at android.media.ExifInterface.<init>(ExifInterface.java:1641)
05-08 08:33:39.906  1349  1860 W ExifInterface: 	at android.media.ExifInterface.<init>(ExifInterface.java:1592)
05-08 08:33:39.906  1349  1860 W ExifInterface: 	at com.android.providers.media.scan.ModernMediaScanner.scanItemImage(ModernMediaScanner.java:1367)
05-08 08:33:39.906  1349  1860 W ExifInterface: 	at com.android.providers.media.scan.ModernMediaScanner.scanItem(ModernMediaScanner.java:1003)
05-08 08:33:39.906  1349  1860 W ExifInterface: 	at com.android.providers.media.scan.ModernMediaScanner.access$1200(ModernMediaScanner.java:146)
05-08 08:33:39.906  1349  1860 W ExifInterface: 	at com.android.providers.media.scan.ModernMediaScanner$Scan.visitFile(ModernMediaScanner.java:801)
05-08 08:33:39.906  1349  1860 W ExifInterface: 	at com.android.providers.media.scan.ModernMediaScanner$Scan.visitFile(ModernMediaScanner.java:320)
05-08 08:33:39.906  1349  1860 W ExifInterface: 	at java.nio.file.Files.walkFileTree(Files.java:2670)
05-08 08:33:39.906  1349  1860 W ExifInterface: 	at java.nio.file.Files.walkFileTree(Files.java:2742)
05-08 08:33:39.906  1349  1860 W ExifInterface: 	at com.android.providers.media.scan.ModernMediaScanner$Scan.walkFileTree(ModernMediaScanner.java:439)
05-08 08:33:39.906  1349  1860 W ExifInterface: 	at com.android.providers.media.scan.ModernMediaScanner$Scan.runInternal(ModernMediaScanner.java:402)
05-08 08:33:39.906  1349  1860 W ExifInterface: 	at com.android.providers.media.scan.ModernMediaScanner$Scan.run(ModernMediaScanner.java:391)
05-08 08:33:39.906  1349  1860 W ExifInterface: 	at com.android.providers.media.scan.ModernMediaScanner.scanFile(ModernMediaScanner.java:263)
05-08 08:33:39.906  1349  1860 W ExifInterface: 	at com.android.providers.media.MediaProvider.scanFile(MediaProvider.java:1273)
05-08 08:33:39.906  1349  1860 W ExifInterface: 	at com.android.providers.media.MediaProvider.scanFile(MediaProvider.java:1269)
05-08 08:33:39.906  1349  1860 W ExifInterface: 	at com.android.providers.media.MediaService.onScanFile(MediaService.java:215)
05-08 08:33:39.906  1349  1860 W ExifInterface: 	at com.android.providers.media.MediaService.onHandleWork(MediaService.java:85)
05-08 08:33:39.906  1349  1860 W ExifInterface: 	at androidx.core.app.JobIntentService$CommandProcessor.doInBackground(JobIntentService.java:396)
05-08 08:33:39.906  1349  1860 W ExifInterface: 	at androidx.core.app.JobIntentService$CommandProcessor.doInBackground(JobIntentService.java:387)
05-08 08:33:39.906  1349  1860 W ExifInterface: 	at android.os.AsyncTask$3.call(AsyncTask.java:394)
05-08 08:33:39.906  1349  1860 W ExifInterface: 	at java.util.concurrent.FutureTask.run(FutureTask.java:266)
05-08 08:33:39.906  1349  1860 W ExifInterface: 	at java.util.concurrent.ThreadPoolExecutor.runWorker(ThreadPoolExecutor.java:1167)
05-08 08:33:39.906  1349  1860 W ExifInterface: 	at java.util.concurrent.ThreadPoolExecutor$Worker.run(ThreadPoolExecutor.java:641)
05-08 08:33:39.906  1349  1860 W ExifInterface: 	at java.lang.Thread.run(Thread.java:920)
05-08 08:33:39.933  1349  1370 I FuseDaemon: Background young concurrent copying GC freed 8071(604KB) AllocSpace objects, 8(1212KB) LOS objects, 47% free, 2499KB/4768KB, paused 6.387ms,69us total 56.474ms
05-08 08:33:39.936  1349  1860 I MediaProvider: End Intent { act=android.intent.action.MEDIA_SCANNER_SCAN_FILE dat=file:///sdcard/screen_2025-05-08_163339.png flg=0x1400010 cmp=com.google.android.providers.media.module/com.android.providers.media.MediaService }
05-08 08:33:39.950   176   176 I hwservicemanager: getTransport: Cannot find entry android.hardware.configstore@1.0::ISurfaceFlingerConfigs/default in either framework or device VINTF manifest.
05-08 08:33:39.951 30171 30297 W OpenGLRenderer: Failed to choose config with EGL_SWAP_BEHAVIOR_PRESERVED, retrying without...
05-08 08:33:39.951 30171 30297 W OpenGLRenderer: Failed to initialize 101010-2 format, error = EGL_SUCCESS
05-08 08:33:40.016  1349  5273 I MediaProvider: Deleted 0 1 0 0 0 0 0 items on external_primary due to com.android.shell
05-08 08:33:40.016  1172  2228 I UriTaskContentObserver: (REDACTED) Throttling content uri change event for %s
05-08 08:33:40.042   365   442 E HWComposer: getSupportedContentTypes: getSupportedContentTypes failed for display 4619827259835644672: Unsupported (8)
05-08 08:33:40.043   176   176 I hwservicemanager: getTransport: Cannot find entry android.hardware.graphics.mapper@4.0::IMapper/default in either framework or device VINTF manifest.
05-08 08:33:40.044 30171 30297 I Gralloc4: mapper 4.x is not supported
05-08 08:33:40.046   176   176 I hwservicemanager: getTransport: Cannot find entry android.hardware.graphics.allocator@4.0::IAllocator/default in either framework or device VINTF manifest.
05-08 08:33:40.047 30171 30297 W Gralloc4: allocator 4.x is not supported
05-08 08:33:40.061 30171 30328 E t3words.androi: No package ID 76 found for ID 0x760b000f.
05-08 08:33:40.063 30171 30328 I FA      : App measurement initialized, version: 120000
05-08 08:33:40.063 30171 30328 I FA      : To enable debug logging run: adb shell setprop log.tag.FA VERBOSE
05-08 08:33:40.063 30171 30328 I FA      : To enable faster debug mode event logging run:
05-08 08:33:40.063 30171 30328 I FA      :   adb shell setprop debug.firebase.analytics.app com.what3words.android
05-08 08:33:40.128 30171 30261 W MixpanelAPI.SysInfo: Permission READ_PHONE_STATE not granted. Property $radio will not be available.
05-08 08:33:40.154 30171 30326 I OpenGLRenderer: Davey! duration=1579ms; Flags=1, FrameTimelineVsyncId=34185, IntendedVsync=931356580552, Vsync=932673247166, InputEventId=0, HandleInputStart=932677940900, AnimationStart=932677956500, PerformTraversalsStart=932678123000, DrawStart=932878630800, FrameDeadline=931373247218, FrameInterval=932677887800, FrameStartTime=16666666, SyncQueued=932878863000, SyncStart=932879929800, IssueDrawCommandsStart=932882653500, SwapBuffers=932908649700, FrameCompleted=932936912200, DequeueBufferDuration=21900, QueueBufferDuration=977100, GpuCompleted=932936790800, SwapBuffersCompleted=932936912200, DisplayPresentTime=0, 
05-08 08:33:40.260 30171 30328 I FA      : Tag Manager is not found and thus will not be used
05-08 08:33:40.278 30171 30171 I BranchSDK: onInstallReferrerSetupFinished, responseCode = 0
05-08 08:33:40.285 30171 30171 I BranchSDK: onReferrerClientFinished()
05-08 08:33:40.285 30171 30171 I BranchSDK: processNextQueueItem, req ServerRequestRegisterInstall
05-08 08:33:40.304 30171 30236 I WM-WorkerWrapper: Worker result SUCCESS for Work [ id=b0eee447-b136-4faa-baed-48ece11905a9, tags={ airship, com.urbanairship.job.AirshipWorker } ]
05-08 08:33:40.305 30171 30215 W LocationController: Location permissions are not granted
05-08 08:33:40.306 30171 30171 I BranchSDK: processNextQueueItem, req ServerRequestRegisterInstall
05-08 08:33:40.307 30171 30230 I BranchSDK: posting to https://api2.branch.io/v1/install
05-08 08:33:40.307 30171 30230 I BranchSDK: Post value = {"hardware_id":"7020303c721c0394","is_hardware_id_real":true,"brand":"Google","model":"sdk_gphone64_x86_64","screen_dpi":420,"screen_height":2274,"screen_width":1080,"wifi":true,"ui_mode":"UI_MODE_TYPE_NORMAL","os":"Android","os_version":31,"cpu_type":"x86_64","build":"SE1A.211212.001.B1","locale":"en_US","connection_type":"wifi","device_carrier":"T-Mobile","os_version_android":"12","country":"US","language":"en","local_ip":"10.0.2.16","partner_data":{},"app_version":"4.28","facebook_app_link_checked":false,"debug":false,"update":0,"latest_install_time":1746693208540,"latest_update_time":1746693208540,"first_install_time":1746693208540,"previous_update_time":0,"environment":"FULL_APP","metadata":{"user_id":"445547fe-a0ed-4786-8090-5ca3a3b74dde"},"advertising_ids":{"aaid":"db4ea617-9653-4664-923a-6293fe574e80"},"lat_val":0,"google_advertising_id":"db4ea617-9653-4664-923a-6293fe574e80","instrumentation":{"v1\/install-qwt":"0"},"sdk":"android5.0.9","branch_key":"key_live_nbqOECWY4A90nyRrnMWomllasrpReGuD"}
05-08 08:33:40.357   538   577 W Looper  : Slow dispatch took 202ms android.fg h=android.os.Handler c=com.android.server.wm.ActivityMetricsLogger$$ExternalSyntheticLambda1@f2f0dfa m=0
05-08 08:33:40.358   538   577 I ActivityTaskManager: Displayed com.what3words.android/.ui.splash.SplashActivity: +1s903ms
05-08 08:33:40.379  1172  4082 I FontLog : (REDACTED) Received query %s, URI %s
05-08 08:33:40.390  1172  4082 I FontLog : (REDACTED) Query [%s] resolved to %s
05-08 08:33:40.414 30171 30181 W System  : A resource failed to call close. 
05-08 08:33:40.417  1172  4082 I FontLog : (REDACTED) Fetch %s end status %s
05-08 08:33:40.422  1172  1184 I FontLog : (REDACTED) Pulling font file for id = %d, cache size = %d
05-08 08:33:40.447  1172  1184 I FontLog : (REDACTED) Pulling font file for id = %d, cache size = %d
05-08 08:33:40.461   538  1997 W InputManager-JNI: Input channel object '88944bc Splash Screen com.what3words.android (client)' was disposed without first being removed with the input manager!
05-08 08:33:40.503  1412 30363 I AdvertisingIdClient: shouldSendLog 49724
05-08 08:33:40.526  1412 30363 I AdvertisingIdClient: GetInfoInternal elapse 69ms
05-08 08:33:40.569  1172 29751 I NetworkScheduler: (REDACTED) Error inserting %s
05-08 08:33:40.604  1349  7526 W MediaProvider: isAppCloneUserPair for user 0: false
05-08 08:33:40.628  1172 29840 I NetworkScheduler: (REDACTED) Error inserting %s
05-08 08:33:40.702   176   176 I hwservicemanager: getTransport: Cannot find entry android.hardware.graphics.mapper@4.0::IMapper/default in either framework or device VINTF manifest.
05-08 08:33:40.703 30379 30383 I Gralloc4: mapper 4.x is not supported
05-08 08:33:40.782  1172 29751 I NetworkScheduler: (REDACTED) Error inserting %s
05-08 08:33:40.892  1349  1860 I MediaProvider: Begin Intent { act=android.intent.action.MEDIA_SCANNER_SCAN_FILE dat=file:///sdcard/screen_2025-05-08_163340.png flg=0x1400010 cmp=com.google.android.providers.media.module/com.android.providers.media.MediaService }
05-08 08:33:40.915  1349  1860 I MediaProvider: End Intent { act=android.intent.action.MEDIA_SCANNER_SCAN_FILE dat=file:///sdcard/screen_2025-05-08_163340.png flg=0x1400010 cmp=com.google.android.providers.media.module/com.android.providers.media.MediaService }
