05-08 08:33:40.931  2885  3961 I Finsky  : [131] ashj.K(185): Package com.google.android.gms is verified.
05-08 08:33:40.934  1412 30363 W FA-SVC  : Service response is missing Install Referrer install timestamp
05-08 08:33:40.937 30171 30189 W System  : Ignoring header If-None-Match because its value was null.
05-08 08:33:40.972  1349  1683 I MediaProvider: Deleted 0 1 0 0 0 0 0 items on external_primary due to com.android.shell
05-08 08:33:40.973  1172  2228 I UriTaskContentObserver: (REDACTED) Throttling content uri change event for %s
05-08 08:33:41.189 30171 30236 I WM-WorkerWrapper: Worker result SUCCESS for Work [ id=6323320f-12c9-44c6-8cf4-df0e2a949451, tags={ airship, com.urbanairship.job.AirshipWorker } ]
05-08 08:33:41.202 30171 30236 I WM-WorkerWrapper: Worker result SUCCESS for Work [ id=c781c341-0b89-436d-abfb-f21ec4300070, tags={ airship, com.urbanairship.job.AirshipWorker } ]
05-08 08:33:41.234 30171 30230 I BranchSDK: Server returned: [426dc0e5-95e4-4691-be82-8cd0667c967e-2025050808] Status: [200]; Data: {"data":"{\"+clicked_branch_link\":false,\"+is_first_session\":false}","device_fingerprint_id":"1448943275586531681","identity_id":"1448943275917663278","invoke_register_app":true,"link":"https://app.what3words.com/a/key_live_nbqOECWY4A90nyRrnMWomllasrpReGuD?%24identity_id=1448943275917663278","session_id":"1448943275917881809"}
05-08 08:33:41.430   538  1997 I ActivityTaskManager: START u0 {cmp=com.what3words.android/com.what3words.sharingsettings.startup.StartupActivity} from uid 10183
05-08 08:33:41.441 30171 30171 I BranchSDK: onActivityPaused, activity = com.what3words.android.ui.splash.SplashActivity@afac8cd
05-08 08:33:41.447   538  1997 W ActivityTaskManager: Tried to set launchTime (0) < mLastActivityLaunchTime (931125)
05-08 08:33:41.459 30171 30171 I BranchSDK: onActivityCreated, activity = com.what3words.sharingsettings.startup.StartupActivity@fdabf33
05-08 08:33:41.469  1349  7526 W MediaProvider: isAppCloneUserPair for user 0: false
05-08 08:33:41.547   176   176 I hwservicemanager: getTransport: Cannot find entry android.hardware.graphics.mapper@4.0::IMapper/default in either framework or device VINTF manifest.
05-08 08:33:41.547 30430 30433 I Gralloc4: mapper 4.x is not supported
05-08 08:33:41.599 30171 30223 I WM-WorkerWrapper: Work [ id=871204d9-8288-473b-980d-f572370d7291, tags={ airship, com.urbanairship.job.AirshipWorker } ] was cancelled
05-08 08:33:41.599 30171 30223 I WM-WorkerWrapper: java.util.concurrent.CancellationException: Task was cancelled.
05-08 08:33:41.599 30171 30223 I WM-WorkerWrapper: 	at androidx.work.impl.utils.futures.AbstractFuture.cancellationExceptionWithCause(AbstractFuture.java:1184)
05-08 08:33:41.599 30171 30223 I WM-WorkerWrapper: 	at androidx.work.impl.utils.futures.AbstractFuture.getDoneValue(AbstractFuture.java:514)
05-08 08:33:41.599 30171 30223 I WM-WorkerWrapper: 	at androidx.work.impl.utils.futures.AbstractFuture.get(AbstractFuture.java:475)
05-08 08:33:41.599 30171 30223 I WM-WorkerWrapper: 	at androidx.work.impl.WorkerWrapper$2.run(WorkerWrapper.java:311)
05-08 08:33:41.599 30171 30223 I WM-WorkerWrapper: 	at androidx.work.impl.utils.SerialExecutor$Task.run(SerialExecutor.java:91)
05-08 08:33:41.599 30171 30223 I WM-WorkerWrapper: 	at java.util.concurrent.ThreadPoolExecutor.runWorker(ThreadPoolExecutor.java:1167)
05-08 08:33:41.599 30171 30223 I WM-WorkerWrapper: 	at java.util.concurrent.ThreadPoolExecutor$Worker.run(ThreadPoolExecutor.java:641)
05-08 08:33:41.599 30171 30223 I WM-WorkerWrapper: 	at java.lang.Thread.run(Thread.java:920)
05-08 08:33:41.606 30171 30223 I WM-WorkerWrapper: Worker result SUCCESS for Work [ id=fa788fce-53c9-4d85-a0fc-4c74fd36c662, tags={ airship, com.urbanairship.job.AirshipWorker } ]
05-08 08:33:41.613   538  1227 I ActivityTaskManager: START u0 {cmp=com.what3words.android/com.what3words.sharingsettings.language.LanguageSelectorActivity (has extras)} from uid 10183
05-08 08:33:41.644   538  1995 W ActivityTaskManager: Tried to set launchTime (0) < mLastActivityLaunchTime (934243)
05-08 08:33:41.664 30171 30171 I BranchSDK: onActivityCreated, activity = com.what3words.sharingsettings.language.LanguageSelectorActivity@c65610
05-08 08:33:41.674  1172 29840 I NetworkScheduler: (REDACTED) Error inserting %s
05-08 08:33:41.699 30171 30236 E WM-WorkerWrapper: Didn't find WorkSpec for id 871204d9-8288-473b-980d-f572370d7291
05-08 08:33:41.704 30171 30171 I BranchSDK: onActivityStarted, activity = com.what3words.sharingsettings.language.LanguageSelectorActivity@c65610
05-08 08:33:41.707 30171 30171 I BranchSDK: onActivityResumed, activity = com.what3words.sharingsettings.language.LanguageSelectorActivity@c65610
05-08 08:33:41.709   538  1227 W ServiceManager: Permission failure: android.permission.HIGH_SAMPLING_RATE_SENSORS from uid=10183 pid=30171
05-08 08:33:41.710   538  1227 W ServiceManager: Permission failure: android.permission.HIGH_SAMPLING_RATE_SENSORS from uid=10183 pid=30171
05-08 08:33:41.712   538  1227 W ServiceManager: Permission failure: android.permission.HIGH_SAMPLING_RATE_SENSORS from uid=10183 pid=30171
05-08 08:33:41.712   538  1227 W ServiceManager: Permission failure: android.permission.HIGH_SAMPLING_RATE_SENSORS from uid=10183 pid=30171
05-08 08:33:41.782  1349  1860 I MediaProvider: Begin Intent { act=android.intent.action.MEDIA_SCANNER_SCAN_FILE dat=file:///sdcard/screen_2025-05-08_163341.png flg=0x1400010 cmp=com.google.android.providers.media.module/com.android.providers.media.MediaService }
05-08 08:33:41.784  1349  1860 W ExifInterface: Invalid image: ExifInterface got an unsupported image format file(ExifInterface supports JPEG and some RAW image formats only) or a corrupted JPEG file to ExifInterface.
05-08 08:33:41.784  1349  1860 W ExifInterface: java.io.EOFException
05-08 08:33:41.784  1349  1860 W ExifInterface: 	at android.media.ExifInterface$ByteOrderedDataInputStream.readShort(ExifInterface.java:4995)
05-08 08:33:41.784  1349  1860 W ExifInterface: 	at android.media.ExifInterface.readByteOrder(ExifInterface.java:3977)
05-08 08:33:41.784  1349  1860 W ExifInterface: 	at android.media.ExifInterface.parseTiffHeaders(ExifInterface.java:3997)
05-08 08:33:41.784  1349  1860 W ExifInterface: 	at android.media.ExifInterface.getRawAttributes(ExifInterface.java:2963)
05-08 08:33:41.784  1349  1860 W ExifInterface: 	at android.media.ExifInterface.loadAttributes(ExifInterface.java:2024)
05-08 08:33:41.784  1349  1860 W ExifInterface: 	at android.media.ExifInterface.<init>(ExifInterface.java:1641)
05-08 08:33:41.784  1349  1860 W ExifInterface: 	at android.media.ExifInterface.<init>(ExifInterface.java:1592)
05-08 08:33:41.784  1349  1860 W ExifInterface: 	at com.android.providers.media.scan.ModernMediaScanner.scanItemImage(ModernMediaScanner.java:1367)
05-08 08:33:41.784  1349  1860 W ExifInterface: 	at com.android.providers.media.scan.ModernMediaScanner.scanItem(ModernMediaScanner.java:1003)
05-08 08:33:41.784  1349  1860 W ExifInterface: 	at com.android.providers.media.scan.ModernMediaScanner.access$1200(ModernMediaScanner.java:146)
05-08 08:33:41.784  1349  1860 W ExifInterface: 	at com.android.providers.media.scan.ModernMediaScanner$Scan.visitFile(ModernMediaScanner.java:801)
05-08 08:33:41.784  1349  1860 W ExifInterface: 	at com.android.providers.media.scan.ModernMediaScanner$Scan.visitFile(ModernMediaScanner.java:320)
05-08 08:33:41.784  1349  1860 W ExifInterface: 	at java.nio.file.Files.walkFileTree(Files.java:2670)
05-08 08:33:41.784  1349  1860 W ExifInterface: 	at java.nio.file.Files.walkFileTree(Files.java:2742)
05-08 08:33:41.784  1349  1860 W ExifInterface: 	at com.android.providers.media.scan.ModernMediaScanner$Scan.walkFileTree(ModernMediaScanner.java:439)
05-08 08:33:41.784  1349  1860 W ExifInterface: 	at com.android.providers.media.scan.ModernMediaScanner$Scan.runInternal(ModernMediaScanner.java:402)
05-08 08:33:41.784  1349  1860 W ExifInterface: 	at com.android.providers.media.scan.ModernMediaScanner$Scan.run(ModernMediaScanner.java:391)
05-08 08:33:41.784  1349  1860 W ExifInterface: 	at com.android.providers.media.scan.ModernMediaScanner.scanFile(ModernMediaScanner.java:263)
05-08 08:33:41.784  1349  1860 W ExifInterface: 	at com.android.providers.media.MediaProvider.scanFile(MediaProvider.java:1273)
05-08 08:33:41.784  1349  1860 W ExifInterface: 	at com.android.providers.media.MediaProvider.scanFile(MediaProvider.java:1269)
05-08 08:33:41.784  1349  1860 W ExifInterface: 	at com.android.providers.media.MediaService.onScanFile(MediaService.java:215)
05-08 08:33:41.784  1349  1860 W ExifInterface: 	at com.android.providers.media.MediaService.onHandleWork(MediaService.java:85)
05-08 08:33:41.784  1349  1860 W ExifInterface: 	at androidx.core.app.JobIntentService$CommandProcessor.doInBackground(JobIntentService.java:396)
05-08 08:33:41.784  1349  1860 W ExifInterface: 	at androidx.core.app.JobIntentService$CommandProcessor.doInBackground(JobIntentService.java:387)
05-08 08:33:41.784  1349  1860 W ExifInterface: 	at android.os.AsyncTask$3.call(AsyncTask.java:394)
05-08 08:33:41.784  1349  1860 W ExifInterface: 	at java.util.concurrent.FutureTask.run(FutureTask.java:266)
05-08 08:33:41.784  1349  1860 W ExifInterface: 	at java.util.concurrent.ThreadPoolExecutor.runWorker(ThreadPoolExecutor.java:1167)
05-08 08:33:41.784  1349  1860 W ExifInterface: 	at java.util.concurrent.ThreadPoolExecutor$Worker.run(ThreadPoolExecutor.java:641)
05-08 08:33:41.784  1349  1860 W ExifInterface: 	at java.lang.Thread.run(Thread.java:920)
05-08 08:33:41.792  1349  1860 I MediaProvider: End Intent { act=android.intent.action.MEDIA_SCANNER_SCAN_FILE dat=file:///sdcard/screen_2025-05-08_163341.png flg=0x1400010 cmp=com.google.android.providers.media.module/com.android.providers.media.MediaService }
05-08 08:33:41.807 30171 30179 I t3words.androi: Background concurrent copying GC freed 272325(10MB) AllocSpace objects, 87(10092KB) LOS objects, 49% free, 12MB/24MB, paused 587us,3.779ms total 113.890ms
05-08 08:33:41.890  1172 29962 I NetworkScheduler: (REDACTED) Error inserting %s
05-08 08:33:41.894  1349  1683 I MediaProvider: Deleted 0 1 0 0 0 0 0 items on external_primary due to com.android.shell
05-08 08:33:41.934  1172 30381 I NetworkScheduler: (REDACTED) Error inserting %s
05-08 08:33:41.969   538   577 I ActivityTaskManager: Displayed com.what3words.android/com.what3words.sharingsettings.language.LanguageSelectorActivity: +538ms
05-08 08:33:42.041 30171 30171 I BranchSDK: onActivityDestroyed, activity = com.what3words.sharingsettings.startup.StartupActivity@fdabf33
05-08 08:33:42.061 30171 30261 W MixpanelAPI.SysInfo: Permission READ_PHONE_STATE not granted. Property $radio will not be available.
05-08 08:33:42.064 30171 30328 E FA      : Name must consist of letters, digits or _ (underscores). Type, name: event, Active Experiments
05-08 08:33:42.064 30171 30328 E FA      : Invalid public event name. Event will not be logged (FE): Active Experiments
05-08 08:33:42.077   538   592 W BroadcastQueue: Permission Denial: broadcasting Intent { act=android.net.conn.CONNECTIVITY_CHANGE flg=0x4200010 (has extras) } from null (pid=-1, uid=-1) requires com.google.android.gms.DYNAMIC_RECEIVER_NOT_EXPORTED_PERMISSION due to registered receiver BroadcastFilter{e1b1307 10097/u0 ReceiverList{9ac9546 1412 com.google.android.gms/10097/u0 remote:e2bcd21}}
05-08 08:33:42.098 30171 30219 I WM-WorkerWrapper: Worker result SUCCESS for Work [ id=c0c51ad3-b869-40fb-b174-4d51f847cf81, tags={ airship, com.urbanairship.job.AirshipWorker } ]
05-08 08:33:42.188  1172 29840 I NetworkScheduler: (REDACTED) Error inserting %s
05-08 08:33:42.236 30171 30219 I WM-WorkerWrapper: Worker result SUCCESS for Work [ id=9f78a9d2-f014-4fb0-b075-240d54984fd5, tags={ airship, com.urbanairship.job.AirshipWorker } ]
05-08 08:33:42.435 30171 30171 I BranchSDK: onActivityStopped, activity = com.what3words.android.ui.splash.SplashActivity@afac8cd
05-08 08:33:42.642 30171 30219 I WM-WorkerWrapper: Worker result SUCCESS for Work [ id=dfe528f3-3308-40e6-944b-a17671fcca53, tags={ airship, com.urbanairship.job.AirshipWorker } ]
05-08 08:33:43.019 30171 30236 I WM-WorkerWrapper: Worker result SUCCESS for Work [ id=bb83da87-8ffc-4d83-a41c-49625c9b42f5, tags={ airship, com.urbanairship.job.AirshipWorker } ]
05-08 08:33:44.805   538  1997 I ActivityTaskManager: START u0 {act=android.content.pm.action.REQUEST_PERMISSIONS pkg=com.google.android.permissioncontroller cmp=com.google.android.permissioncontroller/com.android.permissioncontroller.permission.ui.GrantPermissionsActivity (has extras)} from uid 10183
05-08 08:33:44.889 30171 30171 I BranchSDK: onActivityPaused, activity = com.what3words.sharingsettings.language.LanguageSelectorActivity@c65610
05-08 08:33:44.894   538  1227 W ActivityTaskManager: Tried to set launchTime (0) < mLastActivityLaunchTime (152286)
05-08 08:33:44.980  1172 29840 I NetworkScheduler: (REDACTED) Error inserting %s
05-08 08:33:45.045   538   577 I ActivityTaskManager: Displayed com.google.android.permissioncontroller/com.android.permissioncontroller.permission.ui.GrantPermissionsActivity: +232ms
05-08 08:33:46.144  1349  7526 W MediaProvider: isAppCloneUserPair for user 0: false
05-08 08:33:46.220   176   176 I hwservicemanager: getTransport: Cannot find entry android.hardware.graphics.mapper@4.0::IMapper/default in either framework or device VINTF manifest.
05-08 08:33:46.221 30586 30588 I Gralloc4: mapper 4.x is not supported
05-08 08:33:46.387  1349  1860 I MediaProvider: Begin Intent { act=android.intent.action.MEDIA_SCANNER_SCAN_FILE dat=file:///sdcard/screen_2025-05-08_163346.png flg=0x1400010 cmp=com.google.android.providers.media.module/com.android.providers.media.MediaService }
05-08 08:33:46.396  1349  1860 I MediaProvider: End Intent { act=android.intent.action.MEDIA_SCANNER_SCAN_FILE dat=file:///sdcard/screen_2025-05-08_163346.png flg=0x1400010 cmp=com.google.android.providers.media.module/com.android.providers.media.MediaService }
05-08 08:33:46.503  1349  1683 I MediaProvider: Deleted 0 1 0 0 0 0 0 items on external_primary due to com.android.shell
05-08 08:33:46.790  1172 24207 I NearbyMediums: No BLE Fast/GATT advertisements found in the latest cycle.
05-08 08:33:46.943 30171 30328 I FA      : Application backgrounded at: timestamp_millis: 1746693224940
05-08 08:33:47.259  1349  7526 W MediaProvider: isAppCloneUserPair for user 0: false
05-08 08:33:47.280   176   176 I hwservicemanager: getTransport: Cannot find entry android.hardware.graphics.mapper@4.0::IMapper/default in either framework or device VINTF manifest.
05-08 08:33:47.280 30625 30627 I Gralloc4: mapper 4.x is not supported
05-08 08:33:47.438  1349  1860 I MediaProvider: Begin Intent { act=android.intent.action.MEDIA_SCANNER_SCAN_FILE dat=file:///sdcard/screen_2025-05-08_163347.png flg=0x1400010 cmp=com.google.android.providers.media.module/com.android.providers.media.MediaService }
05-08 08:33:47.456  1349  1860 I MediaProvider: End Intent { act=android.intent.action.MEDIA_SCANNER_SCAN_FILE dat=file:///sdcard/screen_2025-05-08_163347.png flg=0x1400010 cmp=com.google.android.providers.media.module/com.android.providers.media.MediaService }
05-08 08:33:47.533  1349  1683 I MediaProvider: Deleted 0 1 0 0 0 0 0 items on external_primary due to com.android.shell
05-08 08:33:47.533  1172  2228 I UriTaskContentObserver: (REDACTED) Throttling content uri change event for %s
05-08 08:33:48.280 30656 30656 I AndroidRuntime: Using default boot image
05-08 08:33:48.281 30656 30656 I AndroidRuntime: Leaving lock profiling enabled
05-08 08:33:48.281 30656 30656 W libc    : Access denied finding property "odsign.verification.success"
05-08 08:33:48.283 30656 30656 W app_process: ART APEX data files are untrusted.
05-08 08:33:48.276 30656 30656 W app_process: type=1400 audit(0.0:196): avc: denied { read } for name="u:object_r:odsign_prop:s0" dev="tmpfs" ino=203 scontext=u:r:shell:s0 tcontext=u:object_r:odsign_prop:s0 tclass=file permissive=0
05-08 08:33:48.344 30656 30656 W app_process: Unexpected CPU variant for X86 using defaults: x86_64
05-08 08:33:48.348 30656 30656 W app_process: ClassLoaderContext classpath size mismatch. expected=0, found=1 (PCL[] | PCL[/system/framework/android.test.runner.jar*1585996318])
05-08 08:33:48.828   190 30234 I keystore2: keystore2::watchdog: Watchdog thread idle -> terminating. Have a great day.
05-08 08:33:49.383 30656 30656 W AccessibilityNodeInfoDumper: Fetch time: 3ms
05-08 08:33:50.086   538   554 W System  : A resource failed to call release. 
05-08 08:33:50.628  1349  7520 W MediaProvider: isAppCloneUserPair for user 0: false
05-08 08:33:50.669   176   176 I hwservicemanager: getTransport: Cannot find entry android.hardware.graphics.mapper@4.0::IMapper/default in either framework or device VINTF manifest.
05-08 08:33:50.669 30708 30710 I Gralloc4: mapper 4.x is not supported
05-08 08:33:50.802  1172 29840 I NetworkScheduler.Stats: (REDACTED) Task %s/%s started execution. cause:%s exec_start_elapsed_seconds: %s
05-08 08:33:50.806  1172 30382 I NetworkScheduler.Stats: (REDACTED) Task %s/%s finished executing. cause:%s result: %s elapsed_millis: %s uptime_millis: %s exec_start_elapsed_seconds: %s
05-08 08:33:50.827  1349  1860 I MediaProvider: Begin Intent { act=android.intent.action.MEDIA_SCANNER_SCAN_FILE dat=file:///sdcard/screen_2025-05-08_163350.png flg=0x1400010 cmp=com.google.android.providers.media.module/com.android.providers.media.MediaService }
05-08 08:33:50.836  1349  1860 I MediaProvider: End Intent { act=android.intent.action.MEDIA_SCANNER_SCAN_FILE dat=file:///sdcard/screen_2025-05-08_163350.png flg=0x1400010 cmp=com.google.android.providers.media.module/com.android.providers.media.MediaService }
05-08 08:33:50.903  1349  1505 I MediaProvider: Deleted 0 1 0 0 0 0 0 items on external_primary due to com.android.shell
05-08 08:33:50.903  1172  2228 I UriTaskContentObserver: (REDACTED) Throttling content uri change event for %s
05-08 08:33:50.920  1172 29962 I NetworkScheduler: (REDACTED) Error inserting %s
05-08 08:33:51.040 30171 30236 I WM-WorkerWrapper: Worker result SUCCESS for Work [ id=5e7c2b6e-0fb8-46f4-ac5a-aa793c11fa12, tags={ airship, com.urbanairship.job.AirshipWorker } ]
05-08 08:33:51.072  2885  2885 I Finsky  : [2] ahvd.onStartJob(126): SCH: job service start with id 9570.
05-08 08:33:51.081  2885 29630 I Finsky  : [361] neu.a(185): SCH: Satisfied jobs for 9570 are: 12-1
05-08 08:33:51.083  2885 30736 I Finsky  : [384] ahtk.accept(108): SCH: Job 12-1 starting
05-08 08:33:51.086  2885  2885 I Finsky  : [2] ContentSyncJob.i(9): [ContentSync] job started
05-08 08:33:51.204  2885  2885 W Finsky  : [2] ajjp.b(131): STU: Failed to get storage stats for package 'com.google.mainline.primary.libs' (1601: Error getting stats: android.content.pm.PackageManager.NameNotFoundException)
05-08 08:33:51.216  2885  2885 W Finsky  : [2] ajjp.b(131): STU: Failed to get storage stats for package 'com.google.android.tzdata3' (1601: Error getting stats: android.content.pm.PackageManager.NameNotFoundException)
05-08 08:33:51.222  2885  2885 W Finsky  : [2] ajjp.b(131): STU: Failed to get storage stats for package 'com.google.android.permission' (1601: Error getting stats: android.content.pm.PackageManager.NameNotFoundException)
05-08 08:33:51.243  2885  2885 W Finsky  : [2] ajjp.b(131): STU: Failed to get storage stats for package 'com.google.android.wifi' (1601: Error getting stats: android.content.pm.PackageManager.NameNotFoundException)
05-08 08:33:51.347  2885  2885 W Finsky  : [2] ajjp.b(131): STU: Failed to get storage stats for package 'com.google.android.media.swcodec' (1601: Error getting stats: android.content.pm.PackageManager.NameNotFoundException)
05-08 08:33:51.347  2885  2885 W Finsky  : [2] ajjp.b(131): STU: Failed to get storage stats for package 'com.google.android.art' (1601: Error getting stats: android.content.pm.PackageManager.NameNotFoundException)
05-08 08:33:51.360  2885  2885 W Finsky  : [2] ajjp.b(131): STU: Failed to get storage stats for package 'com.google.android.mediaprovider' (1601: Error getting stats: android.content.pm.PackageManager.NameNotFoundException)
05-08 08:33:51.369  2885  2885 W Finsky  : [2] ajjp.b(131): STU: Failed to get storage stats for package 'com.google.android.adbd' (1601: Error getting stats: android.content.pm.PackageManager.NameNotFoundException)
05-08 08:33:51.370  2885  2885 W Finsky  : [2] ajjp.b(131): STU: Failed to get storage stats for package 'com.google.android.resolv' (1601: Error getting stats: android.content.pm.PackageManager.NameNotFoundException)
05-08 08:33:51.378  2885  2885 W Finsky  : [2] ajjp.b(131): STU: Failed to get storage stats for package 'com.google.android.conscrypt' (1601: Error getting stats: android.content.pm.PackageManager.NameNotFoundException)
05-08 08:33:51.378  2885  2885 W Finsky  : [2] ajjp.b(131): STU: Failed to get storage stats for package 'com.google.android.media' (1601: Error getting stats: android.content.pm.PackageManager.NameNotFoundException)
05-08 08:33:51.391  2885  2885 W Finsky  : [2] ajjp.b(131): STU: Failed to get storage stats for package 'com.google.android.neuralnetworks' (1601: Error getting stats: android.content.pm.PackageManager.NameNotFoundException)
05-08 08:33:51.394  2885  2885 W Finsky  : [2] ajjp.b(131): STU: Failed to get storage stats for package 'com.google.android.ipsec' (1601: Error getting stats: android.content.pm.PackageManager.NameNotFoundException)
05-08 08:33:51.409  2885  2885 W Finsky  : [2] ajjp.b(131): STU: Failed to get storage stats for package 'com.google.android.sdkext' (1601: Error getting stats: android.content.pm.PackageManager.NameNotFoundException)
05-08 08:33:51.419  2885  2885 W Finsky  : [2] ajjp.b(131): STU: Failed to get storage stats for package 'com.google.android.tethering' (1601: Error getting stats: android.content.pm.PackageManager.NameNotFoundException)
05-08 08:33:51.426  2885  2885 W Finsky  : [2] ajjp.b(131): STU: Failed to get storage stats for package 'com.google.android.extservices' (1601: Error getting stats: android.content.pm.PackageManager.NameNotFoundException)
05-08 08:33:51.445  2885  2885 W Finsky  : [2] ajjp.b(131): STU: Failed to get storage stats for package 'com.google.android.os.statsd' (1601: Error getting stats: android.content.pm.PackageManager.NameNotFoundException)
05-08 08:33:51.447  2885  2885 W Finsky  : [2] ajjp.b(131): STU: Failed to get storage stats for package 'com.google.android.cellbroadcast' (1601: Error getting stats: android.content.pm.PackageManager.NameNotFoundException)
05-08 08:33:51.463  2885  2885 W Finsky  : [2] ajjp.b(131): STU: Failed to get storage stats for package 'com.google.android.scheduling' (1601: Error getting stats: android.content.pm.PackageManager.NameNotFoundException)
05-08 08:33:51.474  2885  2885 I Finsky  : [2] nmx.a(199): App states replicator found 4 unowned apps
05-08 08:33:51.480  2885  2885 I Finsky  : [2] nnc.b(18): Completed 0 account content syncs with 0 successful.
05-08 08:33:51.482  2885  2885 I Finsky  : [2] ContentSyncJob.a(12): [ContentSync] Installation state replication succeeded.
05-08 08:33:51.482  2885  2885 I Finsky  : [2] ahtl.q(56): SCH: jobFinished: 12-1. TimeElapsed: 399ms.
05-08 08:33:51.497  2885  2917 I Finsky  : [62] sdg.accept(58): SCH: Scheduling phonesky job Id: 1-1337, CT: 1746686215050, Constraints: [{ L: 17955879, D: 61155879, C: CHARGING_NONE, I: IDLE_NONE, N: NET_ANY, B: BATTERY_ANY }]
05-08 08:33:51.498  2885  2917 I Finsky  : [62] sdg.accept(58): SCH: Scheduling phonesky job Id: 34-5, CT: 1746686238405, Constraints: [{ L: 79199736, D: 1375199736, C: CHARGING_NONE, I: IDLE_NONE, N: NET_ANY, B: BATTERY_ANY }]
05-08 08:33:51.498  2885  2917 I Finsky  : [62] sdg.accept(58): SCH: Scheduling phonesky job Id: 34-8, CT: 1746686240281, Constraints: [{ L: 604800000, D: 2591998868, C: CHARGING_NONE, I: IDLE_NONE, N: NET_ANY, B: BATTERY_ANY }]
05-08 08:33:51.502  2885  2922 I Finsky  : [67] nev.apply(251): SCH: Scheduling 1 system job(s)
05-08 08:33:51.502  2885  2922 I Finsky  : [67] ahth.b(244): SCH: Scheduling system job Id: 9574, L: 10939427, D: 54139427, C: false, I: false, N: 1
05-08 08:33:51.508  2885 30736 I Finsky  : [384] ahvd.a(24): SCH: job service finished with id 9570.
05-08 08:33:52.118   538   656 I RoleService: Granting default roles...
05-08 08:33:52.125   538   538 I Telecom : DefaultDialerCache: Refreshing default dialer for user 0: now com.android.dialer: DDC.oR@AM4
05-08 08:33:52.131   538   666 I InputReader: Reconfiguring input devices, changes=KEYBOARD_LAYOUTS | 
05-08 08:33:52.146  1734  1755 I PermissionControllerServiceImpl: Updating user sensitive for uid 10183
05-08 08:33:52.147  1734 29788 W Role    : Cannot get ApplicationInfo for default holder: com.google.android.contacts
05-08 08:33:52.152  1734 29788 W Role    : Cannot get ApplicationInfo for default holder: com.google.android.as
05-08 08:33:52.202  1734 29788 W Role    : Cannot get ApplicationInfo for default holder: com.google.android.as
05-08 08:33:52.203  1734 29788 W Role    : Cannot get ApplicationInfo for default holder: com.google.android.as
05-08 08:33:52.305  1734 29788 W Role    : Cannot get ApplicationInfo for default holder: com.google.android.as
05-08 08:33:52.374  1734 29788 W Role    : Cannot get ApplicationInfo for default holder: com.google.android.as
05-08 08:33:52.379  1734 29788 W Role    : Cannot get ApplicationInfo for default holder: com.google.android.as
05-08 08:33:53.229  1349  1504 W MediaProvider: isAppCloneUserPair for user 0: false
05-08 08:33:53.262   176   176 I hwservicemanager: getTransport: Cannot find entry android.hardware.graphics.mapper@4.0::IMapper/default in either framework or device VINTF manifest.
05-08 08:33:53.263 30830 30832 I Gralloc4: mapper 4.x is not supported
05-08 08:33:53.427  1349  1860 I MediaProvider: Begin Intent { act=android.intent.action.MEDIA_SCANNER_SCAN_FILE dat=file:///sdcard/screen_2025-05-08_163353.png flg=0x1400010 cmp=com.google.android.providers.media.module/com.android.providers.media.MediaService }
05-08 08:33:53.431  1349  1860 I MediaProvider: End Intent { act=android.intent.action.MEDIA_SCANNER_SCAN_FILE dat=file:///sdcard/screen_2025-05-08_163353.png flg=0x1400010 cmp=com.google.android.providers.media.module/com.android.providers.media.MediaService }
05-08 08:33:53.515  1349  7526 I MediaProvider: Deleted 0 1 0 0 0 0 0 items on external_primary due to com.android.shell
05-08 08:33:53.516  1172  2228 I UriTaskContentObserver: (REDACTED) Throttling content uri change event for %s
05-08 08:33:54.223  1349  1504 W MediaProvider: isAppCloneUserPair for user 0: false
05-08 08:33:54.250   176   176 I hwservicemanager: getTransport: Cannot find entry android.hardware.graphics.mapper@4.0::IMapper/default in either framework or device VINTF manifest.
05-08 08:33:54.251 30870 30872 I Gralloc4: mapper 4.x is not supported
05-08 08:33:54.412  1349  1860 I MediaProvider: Begin Intent { act=android.intent.action.MEDIA_SCANNER_SCAN_FILE dat=file:///sdcard/screen_2025-05-08_163354.png flg=0x1400010 cmp=com.google.android.providers.media.module/com.android.providers.media.MediaService }
05-08 08:33:54.434  1349  1860 I MediaProvider: End Intent { act=android.intent.action.MEDIA_SCANNER_SCAN_FILE dat=file:///sdcard/screen_2025-05-08_163354.png flg=0x1400010 cmp=com.google.android.providers.media.module/com.android.providers.media.MediaService }
05-08 08:33:54.505  1349  7526 I MediaProvider: Deleted 0 1 0 0 0 0 0 items on external_primary due to com.android.shell
05-08 08:33:54.505  1172  2228 I UriTaskContentObserver: (REDACTED) Throttling content uri change event for %s
05-08 08:33:55.445  1349  1504 W MediaProvider: isAppCloneUserPair for user 0: false
05-08 08:33:55.463   176   176 I hwservicemanager: getTransport: Cannot find entry android.hardware.graphics.mapper@4.0::IMapper/default in either framework or device VINTF manifest.
05-08 08:33:55.463 30909 30911 I Gralloc4: mapper 4.x is not supported
05-08 08:33:55.647  1349  1860 I MediaProvider: Begin Intent { act=android.intent.action.MEDIA_SCANNER_SCAN_FILE dat=file:///sdcard/screen_2025-05-08_163355.png flg=0x1400010 cmp=com.google.android.providers.media.module/com.android.providers.media.MediaService }
05-08 08:33:55.654  1349  1860 I MediaProvider: End Intent { act=android.intent.action.MEDIA_SCANNER_SCAN_FILE dat=file:///sdcard/screen_2025-05-08_163355.png flg=0x1400010 cmp=com.google.android.providers.media.module/com.android.providers.media.MediaService }
05-08 08:33:55.742  1349  7526 I MediaProvider: Deleted 0 1 0 0 0 0 0 items on external_primary due to com.android.shell
05-08 08:33:55.742  1172  2228 I UriTaskContentObserver: (REDACTED) Throttling content uri change event for %s
05-08 08:33:56.170   538   578 E RemoteAugmentedAutofillService: Bad service name for flags 1048704: com.google.android.as/com.google.android.apps.miphone.aiai.app.AiAiAugmentedAutofillService
05-08 08:33:56.252 30171 30171 I BranchSDK: onActivityResumed, activity = com.what3words.sharingsettings.language.LanguageSelectorActivity@c65610
05-08 08:33:56.255   538   556 W ServiceManager: Permission failure: android.permission.HIGH_SAMPLING_RATE_SENSORS from uid=10183 pid=30171
05-08 08:33:56.255   538  1227 W ServiceManager: Permission failure: android.permission.HIGH_SAMPLING_RATE_SENSORS from uid=10183 pid=30171
05-08 08:33:56.256   538  1227 W ServiceManager: Permission failure: android.permission.HIGH_SAMPLING_RATE_SENSORS from uid=10183 pid=30171
05-08 08:33:56.256   538  1227 W ServiceManager: Permission failure: android.permission.HIGH_SAMPLING_RATE_SENSORS from uid=10183 pid=30171
05-08 08:33:56.261 30171 30193 W FA      : setCurrentScreen cannot be called with the same class and name
05-08 08:33:56.493   538  2880 W InputManager-JNI: Input channel object 'f8c668c com.google.android.permissioncontroller/com.android.permissioncontroller.permission.ui.GrantPermissionsActivity (client)' was disposed without first being removed with the input manager!
05-08 08:33:56.802  1172 24207 I NearbyMediums: No BLE Fast/GATT advertisements found in the latest cycle.
05-08 08:33:57.558  1349  1504 W MediaProvider: isAppCloneUserPair for user 0: false
05-08 08:33:57.608   176   176 I hwservicemanager: getTransport: Cannot find entry android.hardware.graphics.mapper@4.0::IMapper/default in either framework or device VINTF manifest.
05-08 08:33:57.608 30973 30981 I Gralloc4: mapper 4.x is not supported
05-08 08:33:57.783  1349  1860 I MediaProvider: Begin Intent { act=android.intent.action.MEDIA_SCANNER_SCAN_FILE dat=file:///sdcard/screen_2025-05-08_163357.png flg=0x1400010 cmp=com.google.android.providers.media.module/com.android.providers.media.MediaService }
05-08 08:33:57.791  1349  1860 I MediaProvider: End Intent { act=android.intent.action.MEDIA_SCANNER_SCAN_FILE dat=file:///sdcard/screen_2025-05-08_163357.png flg=0x1400010 cmp=com.google.android.providers.media.module/com.android.providers.media.MediaService }
05-08 08:33:57.872  1172  2228 I UriTaskContentObserver: (REDACTED) Throttling content uri change event for %s
05-08 08:33:57.873  1349  7526 I MediaProvider: Deleted 0 1 0 0 0 0 0 items on external_primary due to com.android.shell
05-08 08:33:58.378  1512  1512 I SetupWizard: [bsu] [logReason:Get Notification Priority, UserDismissed: false, PersonalizationComplete: false, DPEnable: false, DPExisted: false, DPComplete: false, DAHPActions: 1, DAMPActions:2 , DAPAReason:Just a few more steps]
05-08 08:33:58.399  1512  1512 I SetupWizard: [DeferredSetupNotificationSchedulerService] Deferred notification scheduled at Thu May 08 08:19:03 GMT 2025
05-08 08:33:58.431  1512  1512 I SetupWizard: [bsu] [logReason:Get Notification Priority, UserDismissed: false, PersonalizationComplete: false, DPEnable: false, DPExisted: false, DPComplete: false, DAHPActions: 1, DAMPActions:2 , DAPAReason:Just a few more steps]
05-08 08:33:58.451  1512  1512 I SetupWizard: [SetupNotificationService] RegisterNotification:4
05-08 08:33:58.451  1512  1512 I SetupWizard: [SetupNotificationService] updateStatus notificationType = 4
05-08 08:33:58.473  1512  1512 I SetupWizard: [SetupNotificationService] updateStatus portalNow(false)
05-08 08:33:58.473  1512  1512 I SetupWizard: [DeferredSetupNotificationSchedulerService] Register deferred notification succeed.
05-08 08:33:58.599  1349  1504 W MediaProvider: isAppCloneUserPair for user 0: false
05-08 08:33:58.624   176   176 I hwservicemanager: getTransport: Cannot find entry android.hardware.graphics.mapper@4.0::IMapper/default in either framework or device VINTF manifest.
05-08 08:33:58.624 31018 31020 I Gralloc4: mapper 4.x is not supported
05-08 08:33:58.838  1349  1860 I MediaProvider: Begin Intent { act=android.intent.action.MEDIA_SCANNER_SCAN_FILE dat=file:///sdcard/screen_2025-05-08_163358.png flg=0x1400010 cmp=com.google.android.providers.media.module/com.android.providers.media.MediaService }
05-08 08:33:58.847  1349  1860 I MediaProvider: End Intent { act=android.intent.action.MEDIA_SCANNER_SCAN_FILE dat=file:///sdcard/screen_2025-05-08_163358.png flg=0x1400010 cmp=com.google.android.providers.media.module/com.android.providers.media.MediaService }
05-08 08:33:59.001  1349  7526 I MediaProvider: Deleted 0 1 0 0 0 0 0 items on external_primary due to com.android.shell
05-08 08:33:59.351 31043 31043 I AndroidRuntime: Using default boot image
05-08 08:33:59.351 31043 31043 I AndroidRuntime: Leaving lock profiling enabled
05-08 08:33:59.351 31043 31043 W libc    : Access denied finding property "odsign.verification.success"
05-08 08:33:59.355 31043 31043 W app_process: ART APEX data files are untrusted.
05-08 08:33:59.348 31043 31043 W app_process: type=1400 audit(0.0:197): avc: denied { read } for name="u:object_r:odsign_prop:s0" dev="tmpfs" ino=203 scontext=u:r:shell:s0 tcontext=u:object_r:odsign_prop:s0 tclass=file permissive=0
05-08 08:33:59.442 31043 31043 W app_process: Unexpected CPU variant for X86 using defaults: x86_64
05-08 08:33:59.444 31043 31043 W app_process: ClassLoaderContext classpath size mismatch. expected=0, found=1 (PCL[] | PCL[/system/framework/android.test.runner.jar*1585996318])
05-08 08:34:00.526 31043 31043 I AccessibilityNodeInfoDumper: Skipping invisible child: android.view.accessibility.AccessibilityNodeInfo@4577f; boundsInParent: Rect(0, 0 - 221, 80); boundsInScreen: Rect(0, 2304 - 221, 2274); packageName: com.what3words.android; className: android.widget.TextView; text: Hebrew; error: null; maxTextLength: -1; stateDescription: null; contentDescription: null; tooltipText: null; viewIdResName: com.what3words.android:id/localName; checkable: false; checked: false; focusable: false; focused: false; selected: false; clickable: false; longClickable: false; contextClickable: false; enabled: true; password: false; scrollable: false; importantForAccessibility: false; visible: false; actions: [AccessibilityAction: ACTION_SELECT - null, AccessibilityAction: ACTION_CLEAR_SELECTION - null, AccessibilityAction: ACTION_ACCESSIBILITY_FOCUS - null, AccessibilityAction: ACTION_NEXT_AT_MOVEMENT_GRANULARITY - null, AccessibilityAction: ACTION_PREVIOUS_AT_MOVEMENT_GRANULARITY - null, AccessibilityAction: ACTION_SET_SELECTION - null, AccessibilityAction: ACTION_SHOW_ON_SCREEN - null]
05-08 08:34:00.528 31043 31043 I AccessibilityNodeInfoDumper: Skipping invisible child: android.view.accessibility.AccessibilityNodeInfo@46683; boundsInParent: Rect(0, 0 - 1080, 1); boundsInScreen: Rect(0, 2383 - 1080, 2274); packageName: com.what3words.android; className: android.view.View; text: null; error: null; maxTextLength: -1; stateDescription: null; contentDescription: null; tooltipText: null; viewIdResName: null; checkable: false; checked: false; focusable: false; focused: false; selected: false; clickable: false; longClickable: false; contextClickable: false; enabled: true; password: false; scrollable: false; importantForAccessibility: false; visible: false; actions: [AccessibilityAction: ACTION_SELECT - null, AccessibilityAction: ACTION_CLEAR_SELECTION - null, AccessibilityAction: ACTION_ACCESSIBILITY_FOCUS - null, AccessibilityAction: ACTION_SHOW_ON_SCREEN - null]
05-08 08:34:00.530 31043 31043 W AccessibilityNodeInfoDumper: Fetch time: 56ms
05-08 08:34:01.784  1349  1505 W MediaProvider: isAppCloneUserPair for user 0: false
05-08 08:34:01.812   176   176 I hwservicemanager: getTransport: Cannot find entry android.hardware.graphics.mapper@4.0::IMapper/default in either framework or device VINTF manifest.
05-08 08:34:01.812 31091 31093 I Gralloc4: mapper 4.x is not supported
05-08 08:34:01.938  1349  1860 I MediaProvider: Begin Intent { act=android.intent.action.MEDIA_SCANNER_SCAN_FILE dat=file:///sdcard/screen_2025-05-08_163402.png flg=0x1400010 cmp=com.google.android.providers.media.module/com.android.providers.media.MediaService }
05-08 08:34:01.943  1349  1860 I MediaProvider: End Intent { act=android.intent.action.MEDIA_SCANNER_SCAN_FILE dat=file:///sdcard/screen_2025-05-08_163402.png flg=0x1400010 cmp=com.google.android.providers.media.module/com.android.providers.media.MediaService }
05-08 08:34:02.013  1349  7520 I MediaProvider: Deleted 0 1 0 0 0 0 0 items on external_primary due to com.android.shell
05-08 08:34:02.013  1172  2228 I UriTaskContentObserver: (REDACTED) Throttling content uri change event for %s
05-08 08:34:04.586  1349  1505 W MediaProvider: isAppCloneUserPair for user 0: false
05-08 08:34:04.614   176   176 I hwservicemanager: getTransport: Cannot find entry android.hardware.graphics.mapper@4.0::IMapper/default in either framework or device VINTF manifest.
05-08 08:34:04.615 31192 31200 I Gralloc4: mapper 4.x is not supported
05-08 08:34:04.799  1349  1860 I MediaProvider: Begin Intent { act=android.intent.action.MEDIA_SCANNER_SCAN_FILE dat=file:///sdcard/screen_2025-05-08_163404.png flg=0x1400010 cmp=com.google.android.providers.media.module/com.android.providers.media.MediaService }
05-08 08:34:04.804  1349  1860 I MediaProvider: End Intent { act=android.intent.action.MEDIA_SCANNER_SCAN_FILE dat=file:///sdcard/screen_2025-05-08_163404.png flg=0x1400010 cmp=com.google.android.providers.media.module/com.android.providers.media.MediaService }
05-08 08:34:04.868  1349  7520 I MediaProvider: Deleted 0 1 0 0 0 0 0 items on external_primary due to com.android.shell
05-08 08:34:04.869  1172  2228 I UriTaskContentObserver: (REDACTED) Throttling content uri change event for %s
05-08 08:34:05.356   538   554 W System  : A resource failed to call close. 
05-08 08:34:05.462  1349  1505 W MediaProvider: isAppCloneUserPair for user 0: false
05-08 08:34:05.490   176   176 I hwservicemanager: getTransport: Cannot find entry android.hardware.graphics.mapper@4.0::IMapper/default in either framework or device VINTF manifest.
05-08 08:34:05.490 31238 31240 I Gralloc4: mapper 4.x is not supported
05-08 08:34:05.641  1349  1860 I MediaProvider: Begin Intent { act=android.intent.action.MEDIA_SCANNER_SCAN_FILE dat=file:///sdcard/screen_2025-05-08_163405.png flg=0x1400010 cmp=com.google.android.providers.media.module/com.android.providers.media.MediaService }
05-08 08:34:05.649  1349  1860 I MediaProvider: End Intent { act=android.intent.action.MEDIA_SCANNER_SCAN_FILE dat=file:///sdcard/screen_2025-05-08_163405.png flg=0x1400010 cmp=com.google.android.providers.media.module/com.android.providers.media.MediaService }
05-08 08:34:05.774  1349  7520 I MediaProvider: Deleted 0 1 0 0 0 0 0 items on external_primary due to com.android.shell
05-08 08:34:06.379  1349  1505 W MediaProvider: isAppCloneUserPair for user 0: false
05-08 08:34:06.455   176   176 I hwservicemanager: getTransport: Cannot find entry android.hardware.graphics.mapper@4.0::IMapper/default in either framework or device VINTF manifest.
05-08 08:34:06.457 31283 31285 I Gralloc4: mapper 4.x is not supported
05-08 08:34:06.624  1349  1860 I MediaProvider: Begin Intent { act=android.intent.action.MEDIA_SCANNER_SCAN_FILE dat=file:///sdcard/screen_2025-05-08_163406.png flg=0x1400010 cmp=com.google.android.providers.media.module/com.android.providers.media.MediaService }
05-08 08:34:06.630  1349  1860 I MediaProvider: End Intent { act=android.intent.action.MEDIA_SCANNER_SCAN_FILE dat=file:///sdcard/screen_2025-05-08_163406.png flg=0x1400010 cmp=com.google.android.providers.media.module/com.android.providers.media.MediaService }
05-08 08:34:06.714  1349  1504 I MediaProvider: Deleted 0 1 0 0 0 0 0 items on external_primary due to com.android.shell
05-08 08:34:06.715  1172  2228 I UriTaskContentObserver: (REDACTED) Throttling content uri change event for %s
05-08 08:34:06.804  1172 24207 I NearbyMediums: No BLE Fast/GATT advertisements found in the latest cycle.
05-08 08:34:06.980   538   578 E RemoteAugmentedAutofillService: Bad service name for flags 1048704: com.google.android.as/com.google.android.apps.miphone.aiai.app.AiAiAugmentedAutofillService
05-08 08:34:08.331  1349  1505 W MediaProvider: isAppCloneUserPair for user 0: false
05-08 08:34:08.354   176   176 I hwservicemanager: getTransport: Cannot find entry android.hardware.graphics.mapper@4.0::IMapper/default in either framework or device VINTF manifest.
05-08 08:34:08.354 31335 31337 I Gralloc4: mapper 4.x is not supported
05-08 08:34:08.363   538  4234 W UriGrantsManagerService: No permission grants found for com.google.android.apps.photos
05-08 08:34:08.364   538  2880 W UriGrantsManagerService: No permission grants found for com.google.android.apps.photos
05-08 08:34:08.400   538  4234 W UriGrantsManagerService: No permission grants found for com.google.android.apps.photos
05-08 08:34:08.400   538  4234 W UriGrantsManagerService: No permission grants found for com.google.android.apps.photos
05-08 08:34:08.426  7436 31339 I XmpUtil : XMP parse: only JPEG file is supported
05-08 08:34:08.426  7436 31340 I XmpUtil : XMP parse: only JPEG file is supported
05-08 08:34:08.431  1349  7516 I MediaProvider: Open with lower FS for /storage/emulated/0/screen_2025-04-22_150349.png. Uid: 10126
05-08 08:34:08.432  1349 15015 I MediaProvider: Open with lower FS for /storage/emulated/0/screen_2025-04-22_154513.png. Uid: 10126
05-08 08:34:08.436  7436 31339 I XmpUtil : XMP parse: only JPEG file is supported
05-08 08:34:08.436  7436 31341 I XmpUtil : XMP parse: only JPEG file is supported
05-08 08:34:08.440  1349 15015 I MediaProvider: Open with lower FS for /storage/emulated/0/screen_2025-04-22_154519.png. Uid: 10126
05-08 08:34:08.441  1349  7516 I MediaProvider: Open with lower FS for /storage/emulated/0/screen_2025-04-22_154514.png. Uid: 10126
05-08 08:34:08.444  7436 31340 I XmpUtil : XMP parse: only JPEG file is supported
05-08 08:34:08.445  7436 31339 I XmpUtil : XMP parse: only JPEG file is supported
05-08 08:34:08.450  1349  7516 I MediaProvider: Open with lower FS for /storage/emulated/0/screen_2025-04-22_154525.png. Uid: 10126
05-08 08:34:08.452  1349 15015 I MediaProvider: Open with lower FS for /storage/emulated/0/screen_2025-04-22_154520.png. Uid: 10126
05-08 08:34:08.455  7436 31339 I XmpUtil : XMP parse: only JPEG file is supported
05-08 08:34:08.455  7436 31341 I XmpUtil : XMP parse: only JPEG file is supported
05-08 08:34:08.460  1349  7516 I MediaProvider: Open with lower FS for /storage/emulated/0/screen_2025-04-22_154531.png. Uid: 10126
05-08 08:34:08.462  1349 15015 I MediaProvider: Open with lower FS for /storage/emulated/0/screen_2025-04-22_154526.png. Uid: 10126
05-08 08:34:08.462  7436 31340 I XmpUtil : XMP parse: only JPEG file is supported
05-08 08:34:08.466  7436 31339 I XmpUtil : XMP parse: only JPEG file is supported
05-08 08:34:08.469  1349 15015 I MediaProvider: Open with lower FS for /storage/emulated/0/screen_2025-04-22_154537.png. Uid: 10126
05-08 08:34:08.471  7436 31341 I XmpUtil : XMP parse: only JPEG file is supported
05-08 08:34:08.472  1349  7516 I MediaProvider: Open with lower FS for /storage/emulated/0/screen_2025-04-22_154542.png. Uid: 10126
05-08 08:34:08.477  7436 31340 I XmpUtil : XMP parse: only JPEG file is supported
05-08 08:34:08.479  1349  7516 I MediaProvider: Open with lower FS for /storage/emulated/0/screen_2025-04-22_154543.png. Uid: 10126
05-08 08:34:08.482  1349 15015 I MediaProvider: Open with lower FS for /storage/emulated/0/screen_2025-04-22_154548.png. Uid: 10126
05-08 08:34:08.485  7436 31339 I XmpUtil : XMP parse: only JPEG file is supported
05-08 08:34:08.486  7436 31341 I XmpUtil : XMP parse: only JPEG file is supported
05-08 08:34:08.491  1349 16542 I MediaProvider: Open with lower FS for /storage/emulated/0/screen_2025-04-22_154549.png. Uid: 10126
05-08 08:34:08.494  1349 15015 I MediaProvider: Open with lower FS for /storage/emulated/0/screen_2025-04-22_154554.png. Uid: 10126
05-08 08:34:08.495  7436 31340 I XmpUtil : XMP parse: only JPEG file is supported
05-08 08:34:08.498  7436 31339 I XmpUtil : XMP parse: only JPEG file is supported
05-08 08:34:08.499  1349  1860 I MediaProvider: Begin Intent { act=android.intent.action.MEDIA_SCANNER_SCAN_FILE dat=file:///sdcard/screen_2025-05-08_163408.png flg=0x1400010 cmp=com.google.android.providers.media.module/com.android.providers.media.MediaService }
05-08 08:34:08.510  1349  1375 I MediaProvider: Open with lower FS for /storage/emulated/0/screen_2025-04-22_154600.png. Uid: 10126
05-08 08:34:08.510  1349 16542 I MediaProvider: Open with lower FS for /storage/emulated/0/screen_2025-04-22_154606.png. Uid: 10126
05-08 08:34:08.511  1349  1860 I MediaProvider: End Intent { act=android.intent.action.MEDIA_SCANNER_SCAN_FILE dat=file:///sdcard/screen_2025-05-08_163408.png flg=0x1400010 cmp=com.google.android.providers.media.module/com.android.providers.media.MediaService }
05-08 08:34:08.517  7436 31339 I XmpUtil : XMP parse: only JPEG file is supported
05-08 08:34:08.517  7436 31341 I XmpUtil : XMP parse: only JPEG file is supported
05-08 08:34:08.524  1349  1375 I MediaProvider: Open with lower FS for /storage/emulated/0/screen_2025-04-22_154612.png. Uid: 10126
05-08 08:34:08.527  7436 31340 I XmpUtil : XMP parse: only JPEG file is supported
05-08 08:34:08.527  1349 16542 I MediaProvider: Open with lower FS for /storage/emulated/0/screen_2025-04-22_154611.png. Uid: 10126
05-08 08:34:08.532  7436 31339 I XmpUtil : XMP parse: only JPEG file is supported
05-08 08:34:08.534  1349 16542 I MediaProvider: Open with lower FS for /storage/emulated/0/screen_2025-04-22_154617.png. Uid: 10126
05-08 08:34:08.538  7436 31341 I XmpUtil : XMP parse: only JPEG file is supported
05-08 08:34:08.540  1349 16542 I MediaProvider: Open with lower FS for /storage/emulated/0/screen_2025-04-22_154623.png. Uid: 10126
05-08 08:34:08.545  7436 31340 I XmpUtil : XMP parse: only JPEG file is supported
05-08 08:34:08.548  1349 16542 I MediaProvider: Open with lower FS for /storage/emulated/0/screen_2025-04-22_154629.png. Uid: 10126
05-08 08:34:08.551  7436 31339 I XmpUtil : XMP parse: only JPEG file is supported
05-08 08:34:08.554  1349 16542 I MediaProvider: Open with lower FS for /storage/emulated/0/screen_2025-04-22_154634.png. Uid: 10126
05-08 08:34:08.558  7436 31341 I XmpUtil : XMP parse: only JPEG file is supported
05-08 08:34:08.561  1349 16542 I MediaProvider: Open with lower FS for /storage/emulated/0/screen_2025-04-22_154635.png. Uid: 10126
05-08 08:34:08.564  7436 31340 I XmpUtil : XMP parse: only JPEG file is supported
05-08 08:34:08.567  1349 16542 I MediaProvider: Open with lower FS for /storage/emulated/0/screen_2025-04-22_154640.png. Uid: 10126
05-08 08:34:08.572  1349 16542 I MediaProvider: Open with lower FS for /storage/emulated/0/screen_2025-04-22_154646.png. Uid: 10126
05-08 08:34:08.578  1349  1505 I MediaProvider: Deleted 0 1 0 0 0 0 0 items on external_primary due to com.android.shell
05-08 08:34:08.579  1172  2228 I UriTaskContentObserver: (REDACTED) Throttling content uri change event for %s
05-08 08:34:08.583   538  1995 W UriGrantsManagerService: No permission grants found for com.google.android.apps.photos
05-08 08:34:08.584   538  1995 W UriGrantsManagerService: No permission grants found for com.google.android.apps.photos
05-08 08:34:08.594  1172 31349 W CCTFlatFileLogStore: Excessive logging: 32 events, 162253 bytes from log source STREAMZ_PHOTOS_ANDROID last 447s
05-08 08:34:08.616  7436  7501 I XmpUtil : XMP parse: only JPEG file is supported
05-08 08:34:08.626  1349 16542 I MediaProvider: Open with lower FS for /storage/emulated/0/screen_2025-04-22_154646.png. Uid: 10126
05-08 08:34:08.637  7436  7501 I XmpUtil : XMP parse: only JPEG file is supported
05-08 08:34:08.645  1349 16542 I MediaProvider: Open with lower FS for /storage/emulated/0/screen_2025-04-22_154640.png. Uid: 10126
05-08 08:34:08.655  7436  7501 I XmpUtil : XMP parse: only JPEG file is supported
05-08 08:34:08.663  1349 16542 I MediaProvider: Open with lower FS for /storage/emulated/0/screen_2025-04-22_154635.png. Uid: 10126
05-08 08:34:08.673  7436  7501 I XmpUtil : XMP parse: only JPEG file is supported
05-08 08:34:08.681  1349 16542 I MediaProvider: Open with lower FS for /storage/emulated/0/screen_2025-04-22_154634.png. Uid: 10126
05-08 08:34:08.690  7436  7501 I XmpUtil : XMP parse: only JPEG file is supported
05-08 08:34:08.700  1349 16542 I MediaProvider: Open with lower FS for /storage/emulated/0/screen_2025-04-22_154629.png. Uid: 10126
05-08 08:34:08.710  7436  7501 I XmpUtil : XMP parse: only JPEG file is supported
05-08 08:34:08.720  1349 16542 I MediaProvider: Open with lower FS for /storage/emulated/0/screen_2025-04-22_154623.png. Uid: 10126
05-08 08:34:08.732  7436  7501 I XmpUtil : XMP parse: only JPEG file is supported
