10-24 22:31:21.256  3030  3793 I libsensor-boledalgo: dbv:481,lux:338.2,cct:6505.8,hsv:-1.0,dc:0CWB R:618.8,G:2414.8,B:792.5Event C:19151.6,R:8760.5,G:7225.5,B:3937.5Cali C:10.6,R:6.7,G:10.8,B:5.5 
10-24 22:31:21.259  2318  2439 I WindowManager: Window{88fbfb6 u0 com.miui.home/com.miui.home.launcher.Launcher} playingTransition keep home visible
10-24 22:31:21.259  2318  2439 I WindowManager: Window{e6179df u0 LauncherOverlayWindow:com.miui.personalassistant} playingTransition keep home visible
10-24 22:31:21.266  3030  3112 E libsensor-parseRGB: CWB NotifyCWBBufferDone  error 0
10-24 22:31:21.267  2318  2439 I WindowManager: Window{88fbfb6 u0 com.miui.home/com.miui.home.launcher.Launcher} playingTransition keep home visible
10-24 22:31:21.267  2318  2439 I WindowManager: Window{e6179df u0 LauncherOverlayWindow:com.miui.personalassistant} playingTransition keep home visible
10-24 22:31:21.276  2318  2439 I WindowManager: Window{88fbfb6 u0 com.miui.home/com.miui.home.launcher.Launcher} playingTransition keep home visible
10-24 22:31:21.276  2318  2439 I WindowManager: Window{e6179df u0 LauncherOverlayWindow:com.miui.personalassistant} playingTransition keep home visible
10-24 22:31:21.284  2318  2439 I WindowManager: Window{88fbfb6 u0 com.miui.home/com.miui.home.launcher.Launcher} playingTransition keep home visible
10-24 22:31:21.284  2318  2439 I WindowManager: Window{e6179df u0 LauncherOverlayWindow:com.miui.personalassistant} playingTransition keep home visible
10-24 22:31:21.292  2318  2439 I WindowManager: Window{88fbfb6 u0 com.miui.home/com.miui.home.launcher.Launcher} playingTransition keep home visible
10-24 22:31:21.292  2318  2439 I WindowManager: Window{e6179df u0 LauncherOverlayWindow:com.miui.personalassistant} playingTransition keep home visible
10-24 22:31:21.298  3094  3094 I adbd    : in ShellService: wm size
10-24 22:31:21.301  2318  2439 I WindowManager: Window{88fbfb6 u0 com.miui.home/com.miui.home.launcher.Launcher} playingTransition keep home visible
10-24 22:31:21.301  2318  2439 I WindowManager: Window{e6179df u0 LauncherOverlayWindow:com.miui.personalassistant} playingTransition keep home visible
10-24 22:31:21.309  2318  2439 I WindowManager: Window{88fbfb6 u0 com.miui.home/com.miui.home.launcher.Launcher} playingTransition keep home visible
10-24 22:31:21.309  2318  2439 I WindowManager: Window{e6179df u0 LauncherOverlayWindow:com.miui.personalassistant} playingTransition keep home visible
10-24 22:31:21.317  2318  2439 I WindowManager: Window{88fbfb6 u0 com.miui.home/com.miui.home.launcher.Launcher} playingTransition keep home visible
10-24 22:31:21.317  2318  2439 I WindowManager: Window{e6179df u0 LauncherOverlayWindow:com.miui.personalassistant} playingTransition keep home visible
10-24 22:31:21.326  2318  2439 I WindowManager: Window{88fbfb6 u0 com.miui.home/com.miui.home.launcher.Launcher} playingTransition keep home visible
10-24 22:31:21.326  2318  2439 I WindowManager: Window{e6179df u0 LauncherOverlayWindow:com.miui.personalassistant} playingTransition keep home visible
10-24 22:31:21.334  2318  2439 I WindowManager: Window{88fbfb6 u0 com.miui.home/com.miui.home.launcher.Launcher} playingTransition keep home visible
10-24 22:31:21.334  2318  2439 I WindowManager: Window{e6179df u0 LauncherOverlayWindow:com.miui.personalassistant} playingTransition keep home visible
10-24 22:31:21.342  2318  2439 I WindowManager: Window{88fbfb6 u0 com.miui.home/com.miui.home.launcher.Launcher} playingTransition keep home visible
10-24 22:31:21.342  2318  2439 I WindowManager: Window{e6179df u0 LauncherOverlayWindow:com.miui.personalassistant} playingTransition keep home visible
10-24 22:31:21.349  3094  3094 I adbd    : in ShellService: dumpsys input
10-24 22:31:21.351  2318  2439 I WindowManager: Window{88fbfb6 u0 com.miui.home/com.miui.home.launcher.Launcher} playingTransition keep home visible
10-24 22:31:21.351  2318  2439 I WindowManager: Window{e6179df u0 LauncherOverlayWindow:com.miui.personalassistant} playingTransition keep home visible
10-24 22:31:21.356  2318  2438 W AccessibilityWindowsPopulator: Windows change within in 2 frames continuously over 500 ms and notify windows changed immediately
10-24 22:31:21.359  2318  2439 I WindowManager: Window{88fbfb6 u0 com.miui.home/com.miui.home.launcher.Launcher} playingTransition keep home visible
10-24 22:31:21.359  2318  2439 I WindowManager: Window{e6179df u0 LauncherOverlayWindow:com.miui.personalassistant} playingTransition keep home visible
10-24 22:31:21.367  2318  2439 I WindowManager: Window{88fbfb6 u0 com.miui.home/com.miui.home.launcher.Launcher} playingTransition keep home visible
10-24 22:31:21.367  2318  2439 I WindowManager: Window{e6179df u0 LauncherOverlayWindow:com.miui.personalassistant} playingTransition keep home visible
10-24 22:31:21.371  1863  2668 I [THP-DAE]: thp_set_doze_mode_func:enable doze mode
10-24 22:31:21.375  2318  2439 I WindowManager: Window{88fbfb6 u0 com.miui.home/com.miui.home.launcher.Launcher} playingTransition keep home visible
10-24 22:31:21.376  2318  2439 I WindowManager: Window{e6179df u0 LauncherOverlayWindow:com.miui.personalassistant} playingTransition keep home visible
10-24 22:31:21.384  2318  2439 I WindowManager: Window{88fbfb6 u0 com.miui.home/com.miui.home.launcher.Launcher} playingTransition keep home visible
10-24 22:31:21.384  2318  2439 I WindowManager: Window{e6179df u0 LauncherOverlayWindow:com.miui.personalassistant} playingTransition keep home visible
10-24 22:31:21.392  2318  2439 I WindowManager: Window{88fbfb6 u0 com.miui.home/com.miui.home.launcher.Launcher} playingTransition keep home visible
10-24 22:31:21.392  2318  2439 I WindowManager: Window{e6179df u0 LauncherOverlayWindow:com.miui.personalassistant} playingTransition keep home visible
10-24 22:31:21.395  3094  3094 I adbd    : in ShellService: getprop ro.sf.lcd_density
10-24 22:31:21.401  2318  2439 I WindowManager: Window{88fbfb6 u0 com.miui.home/com.miui.home.launcher.Launcher} playingTransition keep home visible
10-24 22:31:21.401  2318  2439 I WindowManager: Window{e6179df u0 LauncherOverlayWindow:com.miui.personalassistant} playingTransition keep home visible
10-24 22:31:21.409  2318  2439 I WindowManager: Window{88fbfb6 u0 com.miui.home/com.miui.home.launcher.Launcher} playingTransition keep home visible
10-24 22:31:21.409  2318  2439 I WindowManager: Window{e6179df u0 LauncherOverlayWindow:com.miui.personalassistant} playingTransition keep home visible
10-24 22:31:21.417  2318  2439 I WindowManager: Window{88fbfb6 u0 com.miui.home/com.miui.home.launcher.Launcher} playingTransition keep home visible
10-24 22:31:21.417  2318  2439 I WindowManager: Window{e6179df u0 LauncherOverlayWindow:com.miui.personalassistant} playingTransition keep home visible
10-24 22:31:21.425  2318  2439 I WindowManager: Window{88fbfb6 u0 com.miui.home/com.miui.home.launcher.Launcher} playingTransition keep home visible
10-24 22:31:21.425  2318  2439 I WindowManager: Window{e6179df u0 LauncherOverlayWindow:com.miui.personalassistant} playingTransition keep home visible
10-24 22:31:21.433  2318  2439 I WindowManager: Window{88fbfb6 u0 com.miui.home/com.miui.home.launcher.Launcher} playingTransition keep home visible
10-24 22:31:21.433  2318  2439 I WindowManager: Window{e6179df u0 LauncherOverlayWindow:com.miui.personalassistant} playingTransition keep home visible
10-24 22:31:21.437  3094  3094 I adbd    : in ShellService: am force-stop tv.danmaku.bili
10-24 22:31:21.442  2318  2439 I WindowManager: Window{88fbfb6 u0 com.miui.home/com.miui.home.launcher.Launcher} playingTransition keep home visible
10-24 22:31:21.442  2318  2439 I WindowManager: Window{e6179df u0 LauncherOverlayWindow:com.miui.personalassistant} playingTransition keep home visible
10-24 22:31:21.450  2318  2439 I WindowManager: Window{88fbfb6 u0 com.miui.home/com.miui.home.launcher.Launcher} playingTransition keep home visible
10-24 22:31:21.450  2318  2439 I WindowManager: Window{e6179df u0 LauncherOverlayWindow:com.miui.personalassistant} playingTransition keep home visible
10-24 22:31:21.451  1656  2516 I vendor.qti.hardware.display.composer-service: Sensor: notify citsensorservice to trigger cwb, misForced = 0
10-24 22:31:21.452  3030  3788 I libsensor-parseRGB: request dump start for mRequestDisplayId 0
10-24 22:31:21.458  2318  2439 I WindowManager: Window{88fbfb6 u0 com.miui.home/com.miui.home.launcher.Launcher} playingTransition keep home visible
10-24 22:31:21.458  2318  2439 I WindowManager: Window{e6179df u0 LauncherOverlayWindow:com.miui.personalassistant} playingTransition keep home visible
10-24 22:31:21.462  2318  5109 I ActivityManager: Force stopping tv.danmaku.bili appid=10430 user=0: from process:10121
10-24 22:31:21.464  2318  5109 I ActivityManager:   Force stopping service ServiceRecord{3e9bcf3 u0 tv.danmaku.bili/com.bilibili.lib.neuron.internal.NeuronRemoteService c:tv.danmaku.bili}
10-24 22:31:21.464  2318  5109 I ActivityManager:   Force stopping service ServiceRecord{c7d3228 u0 tv.danmaku.bili/com.bilibili.lib.neuron.internal.NeuronLocalService c:tv.danmaku.bili}
10-24 22:31:21.464  1688  1688 I vendor.qti.hardware.servicetrackeraidl-service: destroyService is called for service : tv.danmaku.bili/com.bilibili.lib.neuron.internal.NeuronLocalService
10-24 22:31:21.465  1688  1688 I vendor.qti.hardware.servicetrackeraidl-service: destroy service tv.danmaku.bili/com.bilibili.lib.neuron.internal.NeuronLocalServicenot  found
10-24 22:31:21.465  1688  1688 I vendor.qti.hardware.servicetrackeraidl-service: destroyService is called for service : tv.danmaku.bili/com.bilibili.lib.neuron.internal.NeuronRemoteService
10-24 22:31:21.465  1688  1688 I vendor.qti.hardware.servicetrackeraidl-service: destroy service tv.danmaku.bili/com.bilibili.lib.neuron.internal.NeuronRemoteServicenot  found
10-24 22:31:21.465  2318  5109 E ClipboardServiceI: removeActivePermissionOwnerForPackage: mPrimaryClipPackage is null or get is null
10-24 22:31:21.466  2318  5109 I AppsFilter: interaction: PackageSetting{d778c46 com.android.microdroid.empty_payload/10236} -> PackageSetting{af75b90 tv.danmaku.bili/10430} BLOCKED
10-24 22:31:21.466  2318  5109 I AppsFilter: interaction: PackageSetting{492bb34 io.appium.uiautomator2.server.test/10280} -> PackageSetting{af75b90 tv.danmaku.bili/10430} BLOCKED
10-24 22:31:21.466  2318  5109 I AppsFilter: interaction: PackageSetting{24b5559 io.github.ylimit.droidbotapp/10433} -> PackageSetting{af75b90 tv.danmaku.bili/10430} BLOCKED
10-24 22:31:21.466  2318  5109 I AppsFilter: interaction: PackageSetting{5bbbd5d com.rongcard.eid/10151} -> PackageSetting{af75b90 tv.danmaku.bili/10430} BLOCKED
10-24 22:31:21.466  2318  5109 I AppsFilter: interaction: PackageSetting{79026d2 io.appium.settings/10274} -> PackageSetting{af75b90 tv.danmaku.bili/10430} BLOCKED
10-24 22:31:21.466  4628  4799 I DynamicDDSService: handleMessage(ACTIVITY_INVOKE{appInfo=com.miui.home isFullScreen=}true)
10-24 22:31:21.467  2318  2439 I WindowManager: Window{88fbfb6 u0 com.miui.home/com.miui.home.launcher.Launcher} playingTransition keep home visible
10-24 22:31:21.467  2318  2439 I WindowManager: Window{e6179df u0 LauncherOverlayWindow:com.miui.personalassistant} playingTransition keep home visible
10-24 22:31:21.472  2318  5109 W ParceledListSlice: Element #8 is 20788 bytes.
10-24 22:31:21.472  2318  5109 W ParceledListSlice: Element #9 is 20768 bytes.
10-24 22:31:21.474  7438  7438 E RegisteredServicesCache: Skipping application component ComponentInfo{com.UCMobile/com.alibaba.ariver.commonability.device.jsapi.nfc.service.TinyAppHostApduService}: it must request the permission android.permission.NFC
10-24 22:31:21.475  7438  7438 E RegisteredServicesCache: Skipping application component ComponentInfo{com.UCMobile/com.alipay.mobile.aompdevice.nfc.service.TinyAppHostApduService}: it must request the permission android.permission.NFC
10-24 22:31:21.475  7438  7438 E RegisteredServicesCache: Skipping application component ComponentInfo{com.autonavi.minimap/com.alibaba.ariver.commonability.device.jsapi.nfc.service.TinyAppHostApduService}: it must request the permission android.permission.NFC
10-24 22:31:21.475  2318  2439 I WindowManager: Window{88fbfb6 u0 com.miui.home/com.miui.home.launcher.Launcher} playingTransition keep home visible
10-24 22:31:21.475  2318  2439 I WindowManager: Window{e6179df u0 LauncherOverlayWindow:com.miui.personalassistant} playingTransition keep home visible
10-24 22:31:21.475  7438  7438 E RegisteredServicesCache: Skipping application component ComponentInfo{com.autonavi.minimap/com.alipay.mobile.aompdevice.nfc.service.TinyAppHostApduService}: it must request the permission android.permission.NFC
10-24 22:31:21.479  7438  7438 I RegisteredServicesCache: current user: 0, is managed profile : false
10-24 22:31:21.481  7438  7438 I RegisteredAidCache: updateRoutingLocked(false): Enter
10-24 22:31:21.481  7438  7438 I AidRoutingManager: configureRouting(false): Enter
10-24 22:31:21.481  7438  7438 E AidRoutingManager: Size of routing table970
10-24 22:31:21.481  7438  7438 I RegisteredAidCache: updateRoutingLocked(false): exit
10-24 22:31:21.483  7438  7438 I libnfc_nci: [INFO:NativeT4tNfcee.cpp(870)] nfcManager_isFwSupportNonStdT4TAid Enter isFwSupport = 1
10-24 22:31:21.483  3030 15012 E libsensor-parseRGB: CWB NotifyCWBBufferDone  error 0
10-24 22:31:21.483  7438  7438 I libnfc_nci: [INFO:SecureElement.cpp(1487)] SecureElement::getEseHandleFromGenericId: enter; ESE-ID = 0x7F
10-24 22:31:21.483  7438  7438 I libnfc_nci: [INFO:SecureElement.cpp(1528)] SecureElement::getEseHandleFromGenericId: enter; ESE-Handle = 0x410
10-24 22:31:21.483  7438  7438 I libnfc_nci: [INFO:SecureElement.cpp(1487)] SecureElement::getEseHandleFromGenericId: enter; ESE-ID = 0x00
10-24 22:31:21.483  7438  7438 I libnfc_nci: [INFO:SecureElement.cpp(1528)] SecureElement::getEseHandleFromGenericId: enter; ESE-Handle = 0x400
10-24 22:31:21.483  2318  2439 I WindowManager: Window{88fbfb6 u0 com.miui.home/com.miui.home.launcher.Launcher} playingTransition keep home visible
10-24 22:31:21.484  2318  2439 I WindowManager: Window{e6179df u0 LauncherOverlayWindow:com.miui.personalassistant} playingTransition keep home visible
10-24 22:31:21.484  4610  4660 I SecureElement-Terminal-eSE1: isSecureElementPresent()
10-24 22:31:21.484  1594  1594 I android.hardware.secure_element-service.qti: isCardPresent
10-24 22:31:21.485  1594  1594 I android.hardware.secure_element-service.qti: isCardPresent exit, cardPresent: 1
10-24 22:31:21.487  4610  4660 I SecureElement-Terminal-SIM1: isSecureElementPresent()
10-24 22:31:21.488  4610  4660 I SecureElement-Terminal-SIM1: isNfcEventAllowed: No access rules for checking.
10-24 22:31:21.489  4610  4660 I SecureElement-Terminal-SIM2: isSecureElementPresent()
10-24 22:31:21.492  2318  2439 I WindowManager: Window{88fbfb6 u0 com.miui.home/com.miui.home.launcher.Launcher} playingTransition keep home visible
10-24 22:31:21.492  2318  2439 I WindowManager: Window{e6179df u0 LauncherOverlayWindow:com.miui.personalassistant} playingTransition keep home visible
10-24 22:31:21.496  3094  3094 I adbd    : in ShellService: input keyevent HOME
10-24 22:31:21.500  2318  2439 I WindowManager: Window{88fbfb6 u0 com.miui.home/com.miui.home.launcher.Launcher} playingTransition keep home visible
10-24 22:31:21.500  2318  2439 I WindowManager: Window{e6179df u0 LauncherOverlayWindow:com.miui.personalassistant} playingTransition keep home visible
10-24 22:31:21.508  2318  2439 I WindowManager: Window{88fbfb6 u0 com.miui.home/com.miui.home.launcher.Launcher} playingTransition keep home visible
10-24 22:31:21.508  2318  2439 I WindowManager: Window{e6179df u0 LauncherOverlayWindow:com.miui.personalassistant} playingTransition keep home visible
10-24 22:31:21.508  9660 22264 W lyra-mdns-core: _deal_timeout query _lyra-mdns._udp.local[0C] timeout!
10-24 22:31:21.509  3094  3094 I adbd    : in ShellService: ps
10-24 22:31:21.517  2318  2439 I WindowManager: Window{88fbfb6 u0 com.miui.home/com.miui.home.launcher.Launcher} playingTransition keep home visible
10-24 22:31:21.517  2318  2439 I WindowManager: Window{e6179df u0 LauncherOverlayWindow:com.miui.personalassistant} playingTransition keep home visible
10-24 22:31:21.519  2318  5411 W MIUIInput: Input event injection from package: null action ACTION_DOWN keycode 3
10-24 22:31:21.519  2318  5411 W MiuiInputKeyEventLog: keyCode:3 down:true eventTime:2443225 downTime:2443225 policyFlags:2b000000 flags:0 metaState:0 deviceId:-1 isScreenOn:true keyguardActive:false repeatCount:0
10-24 22:31:21.520  2318  5411 W MIUIInput: Input event injection from package: null action ACTION_UP keycode 3
10-24 22:31:21.520  2318  5411 W MiuiInputKeyEventLog: keyCode:3 down:false eventTime:2443227 downTime:2443225 policyFlags:2b000000 flags:0 metaState:0 deviceId:-1 isScreenOn:true keyguardActive:false repeatCount:0
10-24 22:31:21.520  2318  2449 W ActivityManagerServiceImpl: Sending non-protected broadcast com.miui.fullscreen_state_change from system 2318:system/1000 pkg android. Callers=com.android.server.am.ActivityManagerService.checkBroadcastFromSystem:16255 com.android.server.am.ActivityManagerService.broadcastIntentLockedTraced:17126 com.android.server.am.ActivityManagerService.broadcastIntentLocked:16315 com.android.server.am.ActivityManagerService.broadcastIntentWithFeature:17337 android.app.ContextImpl.sendBroadcastAsUser:1495 
10-24 22:31:21.521  2318  3572 E MiuiInputKeyEventLog: before go to home
10-24 22:31:21.523  2318  2449 W ActivityManagerServiceImpl: Sending non-protected broadcast com.miui.launch_home_from_hotkey from system 2318:system/1000 pkg android. Callers=com.android.server.am.ActivityManagerService.checkBroadcastFromSystem:16255 com.android.server.am.ActivityManagerService.broadcastIntentLockedTraced:17126 com.android.server.am.ActivityManagerService.broadcastIntentLocked:16315 com.android.server.am.ActivityManagerService.broadcastIntentWithFeature:17337 android.app.ContextImpl.sendBroadcastAsUser:1536 
10-24 22:31:21.524  2318  3572 W ActivityTaskManager: callingPackage for (uid=-1, pid=0) has no WPC
10-24 22:31:21.524  7756  7756 I VideoToolBoxService: onReceive: android.intent.action.CLOSE_SYSTEM_DIALOGS
10-24 22:31:21.524  7756  7756 I GameBoosterService: onReceive: android.intent.action.CLOSE_SYSTEM_DIALOGS
10-24 22:31:21.524  4692  4692 I ControlCenterExpandController: hide panel true true
10-24 22:31:21.525  4692  4692 I VolumeShowHideAnimator: isRunning: false, mExpanded: false
10-24 22:31:21.525  4692  4692 I VolumeExpandCollapsedAnimator: isRunning: false, mExpanded: false
10-24 22:31:21.525  4692  4692 I VolumePanelViewController_false: dismissH mShowing:false, reason:volume_controller, isAnimating: false, needShowDialog=false, KeyAnimatingStream=-1
10-24 22:31:21.525  4692  4692 I VolumeShowHideAnimator: isRunning: false, mExpanded: false
10-24 22:31:21.525  4692  4692 I VolumeExpandCollapsedAnimator: isRunning: false, mExpanded: false
10-24 22:31:21.525  4692  4692 I VolumePanelViewController_true: dismissH mShowing:false, reason:volume_controller, isAnimating: false, needShowDialog=true, KeyAnimatingStream=-1
10-24 22:31:21.525  2318  3572 W OptProp : Cannot read opt property android.window.PROPERTY_COMPAT_ALLOW_ORIENTATION_OVERRIDE
10-24 22:31:21.527  2318  3572 E ActivityTaskManager: Unable to get servicetracker HAL instance
10-24 22:31:21.527  2318  3572 E ActivityTaskManager: Unable to get servicetracker HAL instance
10-24 22:31:21.527  2318  3572 E WindowManager: setClientVisible ActivityRecord{3573184 u0 com.miui.home/.launcher.Launcher true
10-24 22:31:21.527  2318  3572 W OptProp : Cannot read opt property android.window.PROPERTY_COMPAT_ALLOW_RESIZEABLE_ACTIVITY_OVERRIDES
10-24 22:31:21.527  2318  3572 W OptProp : Cannot read opt property android.window.PROPERTY_COMPAT_ALLOW_MIN_ASPECT_RATIO_OVERRIDE
10-24 22:31:21.527  2318  3572 I AnimInterruptController: FIS notify Foresee interrupt start:58
10-24 22:31:21.527  2318  3572 I ActivityTaskManager: isKeyguardEditor: false, newTransition: TransitionRecord{3f0cda2 id=59 type=OPEN flags=0x0}
10-24 22:31:21.529  2318  3572 I ActivityTaskManager: START u0 {act=android.intent.action.MAIN cat=[android.intent.category.HOME] flg=0x10000100 cmp=com.miui.home/.launcher.Launcher (has extras)} with LAUNCH_SINGLE_TASK from uid 0 from pid 0 callingPackage null callers: com.android.server.wm.RootWindowContainer.lambda$startHomeOnDisplay$11:1607 com.android.server.wm.RootWindowContainer.$r8$lambda$DFaa7QLApF8rlf4uiy_4K0Hxf2Y:0 com.android.server.wm.RootWindowContainer$$ExternalSyntheticLambda50.apply:0 com.android.server.wm.TaskDisplayArea.reduceOnAllTaskDisplayAreas:526  (BAL_ALLOW_ALLOWLISTED_UID) result code=3
10-24 22:31:21.530  2318  2439 I WindowManager: Window{88fbfb6 u0 com.miui.home/com.miui.home.launcher.Launcher} playingTransition keep home visible
10-24 22:31:21.530  2318  2439 I WindowManager: Window{e6179df u0 LauncherOverlayWindow:com.miui.personalassistant} playingTransition keep home visible
10-24 22:31:21.530  4692  4887 I SoScStageCoordinator: Transition requested:TransitionRequestInfo { type = OPEN, triggerTask = TaskInfo{userId=0 taskId=2 displayId=0 isRunning=true baseIntent=Intent { act=android.intent.action.MAIN cat=[android.intent.category.HOME] flg=0x10000100 cmp=com.miui.home/.launcher.Launcher } baseActivity=ComponentInfo{com.miui.home/com.miui.home.launcher.Launcher} topActivity=ComponentInfo{com.miui.home/com.miui.home.launcher.Launcher} origActivity=null realActivity=ComponentInfo{com.miui.home/com.miui.home.launcher.Launcher} numActivities=1 lastActiveTime=2442163 supportsSplitScreenMultiWindow=true supportsMultiWindow=true resizeMode=2 isResizeable=true minWidth=-1 minHeight=-1 defaultMinSize=200 token=WCT{android.window.IWindowContainerToken$Stub$Proxy@c02c595} topActivityType=2 pictureInPictureParams=null shouldDockBigOverlays=false launchIntoPipHostTaskId=-1 lastParentTaskIdBeforePip=-1 displayCutoutSafeInsets=null topActivityInfo=ActivityInfo{b9fb6aa com.miui.home.launcher.Launcher} launchCookies=[] positionInParent=Point(0, 0) parentTaskId=-1 isFocused=true isVisible=true isVisibleRequested=true isSleeping=false locusId=null displayAreaFeatureId=1 isTopActivityTransparent=false appCompatTaskInfo=AppCompatTaskInfo { topActivityInSizeCompat=false topActivityInMiuiSizeCompat=false topActivityEligibleForLetterboxEducation= falseisLetterboxEducationEnabled= false isLetterboxDoubleTapEnabled= false topActivityEligibleForUserAspectRatioButton= false topActivityBoundsLetterboxed= false isFromLetterboxDoubleTap= false topActivityLetterboxVerticalPosition= -1 topActivityLetterboxHorizontalPosition= -1 topActivityLetterboxWidth=1200 topActivityLetterboxHeight=2670 isUserFullscreenOverrideEnabled=false isSystemFullscreenOverrideEnabled=false cameraCompatTaskInfo=CameraCompatTaskInfo { cameraCompatControlState=hidden freeformCameraCompatMode=inactive}} isImmersive=false mTopActivityRequestOrientation=1 mBehindAppLockPkg=null mOriginatingUid=0 isEmbedded=false shouldBeVisible=true isCreatedByOrganizer=false mIsCastMode=false mTopActivityMediaSize=null mTopActivityRecordName=ActivityRecord{cc26333 u0 com.miui.home/.launcher.Launcher t2} mTopActivityOrientation=1}, pipTask = null, remoteTransition = null, displayChange = null, flags = 0, debugId = 59 } isSoScActive:false triggerTask:TaskInfo{userId=0 taskId=2 displayId=0 isRunning=true baseIntent=Intent { act=android.intent.action.MAIN cat=[android.intent.category.HOME] flg=0x10000100 cmp=com.miui.home/.launcher.Launcher } baseActivity=ComponentInfo{com.miui.home/com.miui.home.launcher.Launcher} topActivity=ComponentInfo{com.miui.home/com.miui.home.launcher.Launcher} origActivity=null realActivity=ComponentInfo{com.miui.home/com.miui.home.launcher.Launcher} numActivities=1 lastActiveTime=2442163 supportsSplitScreenMultiWindow=true supportsMultiWindow=true resizeMode=2 isResizeable=true minWidth=-1 minHeight=-1 defaultMinSize=200 token=WCT{android.window.IWindowContainerToken$Stub$Proxy@c02c595} topActivityType=2 pictureInPictureParams=null shouldDockBigOverlays=false launchIntoPipHostTaskId=-1 lastParentTaskIdBeforePip=-1 displayCutoutSafeInsets=null topActivityInfo=ActivityInfo{b9fb6aa com.miui.home.launcher.Launcher} launchCookies=[] positionInParent=Point(0, 0) parentTaskId=-1 isFocused=true isVisible=true isVisibleRequested=true isSleeping=false locusId=null displayAreaFeatureId=1 isTopActivityTransparent=false appCompatTaskInfo=AppCompatTaskInfo { topActivityInSizeCompat=false topActivityInMiuiSizeCompat=false topActivityEligibleForLetterboxEducation= falseisLetterboxEducationEnabled= false isLetterboxDoubleTapEnabled= false topActivityEligibleForUserAspectRatioButton= false topActivityBoundsLetterboxed= false isFromLetterboxDoubleTap= false topActivityLetterboxVerticalPosition= -1 topActivityLetterboxHorizontalPosition= -1 topActivityLetterboxWidth=1200 topActivityLetterboxHeight=2670 isUserFullscreenOverrideEnabled=false isSystemFullscreenOverrideEnabled=false cameraCompatTaskInfo=CameraCompatTaskInfo { cameraCompatControlState=hidden freeformCameraC
10-24 22:31:21.531  2318  2439 I WindowManager: Window{e6179df u0 LauncherOverlayWindow:com.miui.personalassistant} playingTransition keep home visible
10-24 22:31:21.531  2318  2439 I WindowManager: Window{88fbfb6 u0 com.miui.home/com.miui.home.launcher.Launcher} playingTransition keep home visible
10-24 22:31:21.531  2318  2439 I AnimInterruptController: FIS reset Foresee interrupt status
10-24 22:31:21.532  7707  7707 I LauncherOverlayCallback: handleMessage WHAT_ACTIVITY_STATE_CHANGED what1
10-24 22:31:21.532  7707  7707 I LauncherOverlayCallback: handleMessage WHAT_LAUNCHER_STATE what1
10-24 22:31:21.532  7707  7707 I AssistantOverlayWindow: lockToHideOverlay
10-24 22:31:21.532  4692  4887 E KeyguardTransitionHandlerImpl: activityCount = 0
10-24 22:31:21.532  4299  4299 I Launcher.widget: onInvisible 
10-24 22:31:21.532  4299  4299 I Launcher.widget: onInvisible 
10-24 22:31:21.532  4299  4299 I Launcher: onNewIntent
10-24 22:31:21.532  4299  4299 I ConnectAnimFinishCallbackManager: mNeedShowLauncher = true, waitFrameworkAnimCallback = false
10-24 22:31:21.533  4299  4299 E OverviewState: onExitState
10-24 22:31:21.533  4299  4299 E RotationHelper: setCurrentStateRequest: request=0
10-24 22:31:21.533  4299  4299 E RotationHelper: notifyChange activityFlags=1, mMultiWindowRotationRequest=3, mCurrentTransitionRequest=0, mCurrentStateRequest=0
10-24 22:31:21.533  4299  4299 E NormalState: onStateEnabled
10-24 22:31:21.533  4299  4299 E StateManager: setWorkspaceProperty  state=NormalState
10-24 22:31:21.533  4692  4887 I RemoteTransitionHandlerStubImpl: invokeAndRemoveWctCB transition is null, curWctCB: null
10-24 22:31:21.533  4299  4299 E StateManager: setShortcutMenuLayerProperty  state=NormalState   alpha=1.0   duration=0   scale=1.0   isInState=false
10-24 22:31:21.533  4299  4299 I AnimStateManager: RecentState handle event 2014
10-24 22:31:21.533  4299  4299 I AnimStateManager: CommonState handle event 2014
10-24 22:31:21.534  4299  4299 E RecentsViewStateController: setState: state=NormalState
10-24 22:31:21.534  2318  2439 I WindowManager: Window{88fbfb6 u0 com.miui.home/com.miui.home.launcher.Launcher} playingTransition keep home visible
10-24 22:31:21.534  2318  2439 I WindowManager: Window{e6179df u0 LauncherOverlayWindow:com.miui.personalassistant} playingTransition keep home visible
10-24 22:31:21.534  4299  4299 E RecentsViewStateController: set RecentsContainer GONE when setState without animation
10-24 22:31:21.534  4299  4299 I AnimStateManager: RecentState handle event 7013
10-24 22:31:21.534  4299  4299 I AnimStateManager: CommonState handle event 7013
10-24 22:31:21.534  4299  4299 E RotationHelper: setCurrentStateRequest: request=0
10-24 22:31:21.534  7707  7707 I LauncherOverlayCallback: handleMessage WHAT_SWITCH_OVERLAY
10-24 22:31:21.534  4299  4299 I SwipeDetector: setDetectableScrollConditions: 0 false
10-24 22:31:21.534  7707  7707 I AssistContentView: startScroll size = 8,mEnterAnimated = false,mProgress = 0.0,checkX = false
10-24 22:31:21.534  7707  7707 I LauncherOverlay.SlidingWindow: hideOverlay:0
10-24 22:31:21.534  7707  7707 I LauncherOverlay.SlidingPaneStateManager: goToStatea mCurrentStableStatea,animated = false
10-24 22:31:21.534  4299  4299 I AnimStateManager: RecentState handle event 7016
10-24 22:31:21.534  4299  4299 I AnimStateManager: cancel ALl
10-24 22:31:21.534  4299  4299 I WindowTransitionCompatListener5c30a82: setCancel mCancel=true
10-24 22:31:21.534  7707  7707 I LauncherOverlay.SlidingWindow: setVisible = false
10-24 22:31:21.534  7707  7707 I LauncherOverlay.SlidingWindow: java.lang.Exception
10-24 22:31:21.534  7707  7707 I LauncherOverlay.SlidingWindow: 	at com.miui.launcher.overlay.server.pane.SlidingPaneWindow.Q(SlidingPaneWindow.java:2)
10-24 22:31:21.534  7707  7707 I LauncherOverlay.SlidingWindow: 	at com.miui.personalassistant.core.overlay.AssistantOverlayWindow.i(AssistantOverlayWindow.java:4)
10-24 22:31:21.534  7707  7707 I LauncherOverlay.SlidingWindow: 	at j5.c.handleMessage(LauncherOverlayCallback.java:41)
10-24 22:31:21.534  7707  7707 I LauncherOverlay.SlidingWindow: 	at android.os.Handler.dispatchMessage(Handler.java:103)
10-24 22:31:21.534  7707  7707 I LauncherOverlay.SlidingWindow: 	at android.os.Looper.loopOnce(Looper.java:249)
10-24 22:31:21.534  7707  7707 I LauncherOverlay.SlidingWindow: 	at android.os.Looper.loop(Looper.java:337)
10-24 22:31:21.534  7707  7707 I LauncherOverlay.SlidingWindow: 	at android.app.ActivityThread.main(ActivityThread.java:9587)
10-24 22:31:21.534  7707  7707 I LauncherOverlay.SlidingWindow: 	at java.lang.reflect.Method.invoke(Native Method)
10-24 22:31:21.534  7707  7707 I LauncherOverlay.SlidingWindow: 	at com.android.internal.os.RuntimeInit$MethodAndArgsCaller.run(RuntimeInit.java:593)
10-24 22:31:21.534  7707  7707 I LauncherOverlay.SlidingWindow: 	at com.android.internal.os.ZygoteInit.main(ZygoteInit.java:936)
10-24 22:31:21.534  7707  7707 I AssistantOverlayWindow: hideOverlay flags = 0
10-24 22:31:21.534  7707  7707 I CTADialog: onLeave
10-24 22:31:21.534  7707  7707 I StatusBarUtil: updateStatusBarVisibility visible = true
10-24 22:31:21.534  4299  4299 I RectFSpringAnim_52990199: cancel mRequestCancel=false mLooperExecutor=com.miui.home.launcher.MainThreadExecutor@2aec437
10-24 22:31:21.534  4299  4299 I RectFSpringAnim_52990199: endDirectly mRequestEnd end
10-24 22:31:21.534  4299  4299 I MultiSpringDynamicAnimationa7b2b64: TransitionTest endRequested=true
10-24 22:31:21.535  2318  5437 W UserManagerService: Requested status bar icon for non-badged user 0
10-24 22:31:21.535  4299  4299 I AnimStateManager: CommonState handle event 7016
10-24 22:31:21.536  4299  4299 W Settings: Setting device_provisioned has moved from android.provider.Settings.Secure to android.provider.Settings.Global.
10-24 22:31:21.537  4299  4299 E Launcher.application: setClickAppWaitForCallback = false
10-24 22:31:21.538  4299  4890 E Launcher: mFsGestureStatusRefreshRunnable:run usingFsGesture=true   show=true   focus=false   pause=false
10-24 22:31:21.540  7707  7707 I LauncherOverlayCallback: handleMessage WHAT_ACTIVITY_STATE_CHANGED what3
10-24 22:31:21.540  4299  4299 I Launcher: changeMIUIWidgetEditMode false
10-24 22:31:21.540  7707  7707 I LauncherOverlayCallback: handleMessage WHAT_LAUNCHER_STATE what3
10-24 22:31:21.540  2318  5411 I SecurityManagerService: update appwidget of uid: 10278 package: com.miui.weather2 visible: true reason: visible
10-24 22:31:21.541  2318  3999 I ClipboardServiceI: checkProviderWakePathForClipboard: primaryClip is null
10-24 22:31:21.542  4299  4299 I RectFSpringAnim_52990199: TransitionTest MultiSpringDynamicAnimation on end. this=com.miui.home.recents.util.RectFSpringAnim@32890f7
10-24 22:31:21.543  4299  4299 I RectFSpringAnim_52990199: changeAnimStart start=false
10-24 22:31:21.543  4299  4299 I ScenarioRecognitionUtil: setScenarioState, type: 260, isStart: false
10-24 22:31:21.543  4299  4299 I WindowElement10221cd: reset mDisableStateManagerListener false.
10-24 22:31:21.543  4299  4299 I WindowElement10221cd: com.miui.home.recents.anim.WindowElement@10221cd TransitionTest onAnimationEnd AnimType = CLOSE_TO_RECENTS allowShellListener = true, isDuringMerge=false, mOnShellAnimListener=com.miui.home.recents.anim.WindowElement$mOnShellAnimListener$1@70ea709, mUserAnimListener=com.miui.home.recents.NavStubView$AppToRecentsAnimatorListenerAdapter@9dac424, mSurfaceCanceledExecute=false
10-24 22:31:21.543  4299  4299 E WindowElement10221cd: com.miui.home.recents.anim.WindowElement@10221cd mOnShellAnimListener end CLOSE_TO_RECENTS com.miui.home.recents.anim.WindowElement@10221cd needFinish = true , mUseShellAnimListener=false
10-24 22:31:21.543  2318  5437 I ClipboardServiceI: checkProviderWakePathForClipboard: primaryClip is null
10-24 22:31:21.543  2318  3999 E WindowManager:  source = Task{138b1a8 #11 type=standard A=1000:com.android.settings.root} excludeMiuiNavBar = true excludeMiuiStatusBar = true excludeIme = false excludeNavBar = true miuiNavSurfaceControl = Surface(name=Miui Fake NavBar#50)/@0xbab0510 miuiStatusSurfaceControl = Surface(name=Miui Fake StatusBar#49)/@0xcdb33c2
10-24 22:31:21.545  5271  7694 I Wth2:WeatherProvider: getFirstSelectedCity() ret count= 1
10-24 22:31:21.545  5271  7694 E Wth2:WeatherProvider: getFirstSelectedCity() error 
10-24 22:31:21.545  5271  7694 E Wth2:WeatherProvider: java.lang.NumberFormatException: For input string: "32.066_118.77"
10-24 22:31:21.545  5271  7694 E Wth2:WeatherProvider: 	at java.lang.Integer.parseInt(Integer.java:790)
10-24 22:31:21.545  5271  7694 E Wth2:WeatherProvider: 	at java.lang.Integer.parseInt(Integer.java:908)
10-24 22:31:21.545  5271  7694 E Wth2:WeatherProvider: 	at com.miui.weather2.providers.WeatherProvider.g(SourceFile:9)
10-24 22:31:21.545  5271  7694 E Wth2:WeatherProvider: 	at com.miui.weather2.providers.WeatherProvider.J(SourceFile:5)
10-24 22:31:21.545  5271  7694 E Wth2:WeatherProvider: 	at com.miui.weather2.providers.WeatherProvider.I(Unknown Source:3)
10-24 22:31:21.545  5271  7694 E Wth2:WeatherProvider: 	at com.miui.weather2.providers.WeatherProvider.k(SourceFile:15)
10-24 22:31:21.545  5271  7694 E Wth2:WeatherProvider: 	at com.miui.weather2.providers.WeatherProvider.query(SourceFile:27)
10-24 22:31:21.545  5271  7694 E Wth2:WeatherProvider: 	at android.content.ContentProvider.query(ContentProvider.java:1633)
10-24 22:31:21.545  5271  7694 E Wth2:WeatherProvider: 	at android.content.ContentProvider.query(ContentProvider.java:1729)
10-24 22:31:21.545  5271  7694 E Wth2:WeatherProvider: 	at android.content.ContentProvider$Transport.query(ContentProvider.java:301)
10-24 22:31:21.545  5271  7694 E Wth2:WeatherProvider: 	at android.content.ContentProviderNative.onTransact(ContentProviderNative.java:110)
10-24 22:31:21.545  5271  7694 E Wth2:WeatherProvider: 	at android.os.Binder.execTransactInternal(Binder.java:1507)
10-24 22:31:21.545  5271  7694 E Wth2:WeatherProvider: 	at android.os.Binder.execTransact(Binder.java:1451)
10-24 22:31:21.550  4299  4299 I Launcher.widget: onVisible 
10-24 22:31:21.550  4299  4299 I Launcher.widget: onVisible 
10-24 22:31:21.551  4299  4299 W RecentsImpl: updateFsgWindowVisibilityState origin isEnter=false, typeFrom=typefrom_home
10-24 22:31:21.551  4299  4890 W RecentsImpl: updateFsgWindowVisibilityStateInBgThread, isEnter=false, typeFrom=typefrom_home, isOpen=true, isKeyguardLocked=false, mIsInAnotherPro=false, isStatusBarExpansion=false
10-24 22:31:21.551  4299  4890 W RecentsImpl: getTopActivity from observer.   cn=ComponentInfo{com.miui.home/com.miui.home.launcher.Launcher}
10-24 22:31:21.558  2318  2439 I WindowManager: Window{88fbfb6 u0 com.miui.home/com.miui.home.launcher.Launcher} playingTransition keep home visible
10-24 22:31:21.558  2318  2439 I WindowManager: Window{e6179df u0 LauncherOverlayWindow:com.miui.personalassistant} playingTransition keep home visible
10-24 22:31:21.560  4299  4299 E WindowElement10221cd: com.miui.home.recents.anim.WindowElement@10221cd  finishTransition toHome = true isHalf = false runningTaskId = 0
10-24 22:31:21.560  4299  4299 E WindowTransitionCompat: com.android.systemui.shared.recents.system.WindowTransitionCompat@3cb4593 finishTransition toHome = true
10-24 22:31:21.561  4299  4299 E TransitionCallback: call executeFinishCallback, toHome = true
10-24 22:31:21.561  4299  4299 E TransitionCallback: java.lang.Exception
10-24 22:31:21.561  4299  4299 E TransitionCallback: 	at com.android.systemui.shared.recents.utilities.WindowTransitionCallbackHelper.executeFinishCallback(WindowTransitionCallbackHelper.java:229)
10-24 22:31:21.561  4299  4299 E TransitionCallback: 	at com.android.systemui.shared.recents.utilities.WindowTransitionCallbackHelper.executeFinishCallback(WindowTransitionCallbackHelper.java:164)
10-24 22:31:21.561  4299  4299 E TransitionCallback: 	at com.android.systemui.shared.recents.system.WindowTransitionCompat.finishTransition(WindowTransitionCompat.java:705)
10-24 22:31:21.561  4299  4299 E TransitionCallback: 	at com.miui.home.recents.anim.WindowElement.finishTransition$lambda-2(WindowElement.kt:550)
10-24 22:31:21.561  4299  4299 E TransitionCallback: 	at com.miui.home.recents.anim.WindowElement.$r8$lambda$Cy2esD-oC4fKiVyrPeUJvmArQ5M(Unknown Source:0)
10-24 22:31:21.561  4299  4299 E TransitionCallback: 	at com.miui.home.recents.anim.WindowElement$$ExternalSyntheticLambda8.run(Unknown Source:6)
10-24 22:31:21.561  4299  4299 E TransitionCallback: 	at com.miui.home.library.utils.LooperExecutor.execute(LooperExecutor.java:43)
10-24 22:31:21.561  4299  4299 E TransitionCallback: 	at com.miui.home.recents.anim.WindowElement.finishTransition(WindowElement.kt:541)
10-24 22:31:21.561  4299  4299 E TransitionCallback: 	at com.miui.home.recents.anim.WindowElement.cancelAnim$lambda-10(WindowElement.kt:890)
10-24 22:31:21.561  4299  4299 E TransitionCallback: 	at com.miui.home.recents.anim.WindowElement.$r8$lambda$7giU87wFBsf0LD2h8BWBk_i-MO0(Unknown Source:0)
10-24 22:31:21.561  4299  4299 E TransitionCallback: 	at com.miui.home.recents.anim.WindowElement$$ExternalSyntheticLambda7.run(Unknown Source:6)
10-24 22:31:21.561  4299  4299 E TransitionCallback: 	at com.miui.home.library.utils.LooperExecutor.execute(LooperExecutor.java:43)
10-24 22:31:21.561  4299  4299 E TransitionCallback: 	at com.android.systemui.shared.recents.system.TimeOutTask.run(TimeOutTask.java:34)
10-24 22:31:21.561  4299  4299 E TransitionCallback: 	at com.android.systemui.shared.recents.system.SyncRtSurfaceTransactionApplierCompat$TransactionCommitListenerProxy.invoke(SyncRtSurfaceTransactionApplierCompat.java:247)
10-24 22:31:21.561  4299  4299 E TransitionCallback: 	at java.lang.reflect.Proxy.invoke(Proxy.java:1006)
10-24 22:31:21.561  4299  4299 E TransitionCallback: 	at $Proxy8.onTransactionCommitted(Unknown Source)
10-24 22:31:21.561  4299  4299 E TransitionCallback: 	at android.view.SurfaceControl$Transaction$$ExternalSyntheticLambda4.run(D8$$SyntheticClass:0)
10-24 22:31:21.561  4299  4299 E TransitionCallback: 	at android.os.Handler.handleCallback(Handler.java:959)
10-24 22:31:21.561  4299  4299 E TransitionCallback: 	at android.os.Handler.dispatchMessage(Handler.java:100)
10-24 22:31:21.561  4299  4299 E TransitionCallback: 	at android.os.Looper.loopOnce(Looper.java:249)
10-24 22:31:21.561  4299  4299 E TransitionCallback: 	at android.os.Looper.loop(Looper.java:337)
10-24 22:31:21.561  4299  4299 E TransitionCallback: 	at android.app.ActivityThread.main(ActivityThread.java:9587)
10-24 22:31:21.561  4299  4299 E TransitionCallback: 	at java.lang.reflect.Method.invoke(Native Method)
10-24 22:31:21.561  4299  4299 E TransitionCallback: 	at com.android.internal.os.RuntimeInit$MethodAndArgsCaller.run(RuntimeInit.java:593)
10-24 22:31:21.561  4299  4299 E TransitionCallback: 	at com.android.internal.os.ZygoteInit.main(ZygoteInit.java:936)
10-24 22:31:21.561  4299  4299 I TransitionCallback: addCallbackListenerSync callBack:com.android.systemui.shared.recents.system.WindowTransitionCompat$1@acbec1a
10-24 22:31:21.561  4299  4299 I TransitionCallback_FW_FINISH: onlyFinishRecents
10-24 22:31:21.562  4299  4299 I TransitionCallback: checkCallbackSync, size = 1
10-24 22:31:21.562  4299  4299 I WindowElement10221cd: onFinishCompleted mDisableStateManagerListener = false
10-24 22:31:21.562  4299  4299 I AnimStateManager: go to state com.miui.home.recents.anim.StateManager$IdleState@7c19ca4
10-24 22:31:21.562  4299  4299 I TransitionCallback: onlyFinishRecentsIfNeeded return!
10-24 22:31:21.568  2318  5109 I Transition: finishTransition: updateLastSurfacePosition tf=Task{138b1a8 #11 type=standard A=1000:com.android.settings.root}
10-24 22:31:21.568  2318  5109 I Transition: finishTransition: updateLastSurfacePosition tf=Task{934b406 #1 type=home}
10-24 22:31:21.568  2318  5109 I Transition: finishTransition: updateLastSurfacePosition tf=Task{be247a1 #2 type=home I=com.miui.home/.launcher.Launcher}
10-24 22:31:21.568  1908  2068 W VsyncModulator: setTransactionSchedule: Unexpected EarlyEnd
10-24 22:31:21.568  1656  1656 I MiClstc : simplifyLayerName Unknown layer 1, skip
10-24 22:31:21.569  1656  1656 I MiClstc : DropLayers erase layer 1
10-24 22:31:21.569  4692  4887 I RemoteTransitionHandlerStubImpl: invokeAndRemoveWctCB transition is null, curWctCB: null
10-24 22:31:21.570  4692  4887 I MiuiBubbleController: removeBubble: 11 reason=2
10-24 22:31:21.570  4692  4887 I MultiTaskingTaskInfo: before call clearMaskControl task id = 11, CoverLayerController = null, callers=com.android.wm.shell.multitasking.taskmanager.MultiTaskingTaskListener.onTaskInfoChanged:268 com.android.wm.shell.ShellTaskOrganizer.onTaskInfoChanged:145 android.window.TaskOrganizer$1.lambda$onTaskInfoChanged$6:315 android.window.TaskOrganizer$1.$r8$lambda$ymyF3xZeY830CRyp4eBo81WJpe0:0 android.window.TaskOrganizer$1$$ExternalSyntheticLambda6.run:0 
10-24 22:31:21.570  4692  4887 I MultiTaskingTaskRepository: onTaskInfoChanged multi list = [], full = [11, 14]
10-24 22:31:21.570  2318  2438 E ActivityTaskManager: Unable to get servicetracker HAL instance
10-24 22:31:21.570  2318  2438 E ActivityTaskManager: Unable to get servicetracker HAL instance
10-24 22:31:21.571  4628  4776 W DynamicDDSService: appName is not found in cache: com.android.settings
10-24 22:31:21.571  4299  5154 W MiBridge: Permission not granted !!
10-24 22:31:21.572  4299  4299 E RotationHelper: setCurrentTransitionRequest: request=0
10-24 22:31:21.574  2318  3691 I MiuiNetworkPolicy: updateUidState uid = 10199, uidState = 5
10-24 22:31:21.575 30811  6275 I ContentCatcher: SettingTrigger : unregister status observer com.android.settings.MainSettings
10-24 22:31:21.576  2318  3691 I MiuiNetworkPolicyTrafficLimit: updateWhiteListUidForMobileTraffic uid=10199,add=false
10-24 22:31:21.576  2318  3691 I MiuiNetworkPolicy: updateUidState uid = 10169, uidState = 4
10-24 22:31:21.576  2318  3691 I MiuiNetworkPolicy: updateUidState uid = 10161, uidState = 5
10-24 22:31:21.576  2318  3691 I MiuiNetworkPolicyTrafficLimit: updateWhiteListUidForMobileTraffic uid=10161,add=false
10-24 22:31:21.576  2318  3691 I MiuiNetworkPolicy: updateUidState uid = 10092, uidState = 4
10-24 22:31:21.576  2318  3691 I MiuiNetworkPolicy: updateUidState uid = 1002, uidState = 4
10-24 22:31:21.577  4299  5154 W RecentsModel: getRunningTask   taskInfo=TaskInfo{userId=0 taskId=11 displayId=0 isRunning=true baseIntent=Intent { act=android.intent.action.MAIN cat=[android.intent.category.LAUNCHER] flg=0x10200000 cmp=com.android.settings/.MainSettings } baseActivity=ComponentInfo{com.android.settings/com.android.settings.MiuiSettings} topActivity=ComponentInfo{com.android.settings/com.android.settings.MiuiSettings} origActivity=ComponentInfo{com.android.settings/com.android.settings.MainSettings} realActivity=ComponentInfo{com.android.settings/com.android.settings.MiuiSettings} numActivities=1 lastActiveTime=2441754 supportsSplitScreenMultiWindow=true supportsMultiWindow=true resizeMode=1 isResizeable=true minWidth=-1 minHeight=-1 defaultMinSize=200 token=WCT{android.window.IWindowContainerToken$Stub$Proxy@dfa34b} topActivityType=1 pictureInPictureParams=null shouldDockBigOverlays=false launchIntoPipHostTaskId=-1 lastParentTaskIdBeforePip=-1 displayCutoutSafeInsets=Rect(0, 116 - 0, 0) topActivityInfo=ActivityInfo{9fb9128 com.android.settings.MainSettings} launchCookies=[] positionInParent=Point(0, 0) parentTaskId=-1 isFocused=false isVisible=false isVisibleRequested=false isSleeping=false locusId=null displayAreaFeatureId=1 isTopActivityTransparent=false appCompatTaskInfo=AppCompatTaskInfo { topActivityInSizeCompat=false topActivityInMiuiSizeCompat=false topActivityEligibleForLetterboxEducation= falseisLetterboxEducationEnabled= false isLetterboxDoubleTapEnabled= false topActivityEligibleForUserAspectRatioButton= false topActivityBoundsLetterboxed= false isFromLetterboxDoubleTap= false topActivityLetterboxVerticalPosition= -1 topActivityLetterboxHorizontalPosition= -1 topActivityLetterboxWidth=1200 topActivityLetterboxHeight=2670 isUserFullscreenOverrideEnabled=false isSystemFullscreenOverrideEnabled=false cameraCompatTaskInfo=CameraCompatTaskInfo { cameraCompatControlState=hidden freeformCameraCompatMode=inactive}} isImmersive=false mTopActivityRequestOrientation=-2 mBehindAppLockPkg=null mOriginatingUid=0 isEmbedded=false shouldBeVisible=false isCreatedByOrganizer=false mIsCastMode=false mTopActivityMediaSize=null mTopActivityRecordName=ActivityRecord{543f5bc u0 com.android.settings/.MainSettings t11} mTopActivityOrientation=-2}
10-24 22:31:21.577  2318  3609 W UserManagerService: Requested status bar icon for non-badged user 0
10-24 22:31:21.577  2318  3609 W UserManagerService: Requested status bar icon for non-badged user 0
10-24 22:31:21.577  4299  5154 E ActivityManagerWrapper: get all recent tasks force including 11
10-24 22:31:21.580  4299  5154 E ActivityManagerWrapper: getRecentTasksForceIncludingTaskIdIfValid: getRecentTasks: size=2
10-24 22:31:21.580  4299  5154 E ActivityManagerWrapper:  mainTaskId=11   userId=0   windowMode=1   baseIntent=Intent { act=android.intent.action.MAIN flag=270532608 cmp=ComponentInfo{com.android.settings/com.android.settings.MainSettings} }
10-24 22:31:21.580  4299  5154 E ActivityManagerWrapper:  mainTaskId=14   userId=0   windowMode=1   baseIntent=Intent { act=android.intent.action.MAIN flag=270532608 cmp=ComponentInfo{io.github.ylimit.droidbotapp/io.github.ylimit.droidbotapp.SettingsActivity} }
10-24 22:31:21.582  1688  1688 I vendor.qti.hardware.servicetrackeraidl-service: unbindService is called for service : com.xiaomi.bluetooth/com.android.bluetooth.ble.app.MiuiNearbyService and for client com.android.settings
10-24 22:31:21.582  1688  1688 I vendor.qti.hardware.servicetrackeraidl-service: size of service connections for service: com.xiaomi.bluetooth/com.android.bluetooth.ble.app.MiuiNearbyServiceafter removal is 1
10-24 22:31:21.582  1688  1688 I vendor.qti.hardware.servicetrackeraidl-service: size of client connections for client: com.android.settingsafter removal is 4
10-24 22:31:21.583  7899  6282 I MemoryOptimizationService: start handleMemoryIntent -> 
10-24 22:31:21.583  7899  6282 I MemoryOptimizationService: optimized Pkg Name -> com.android.settings
10-24 22:31:21.583  7899  6282 I MemoryOptimizationService: Optimized pacakge map contains key.
10-24 22:31:21.583  7899  6282 I MemoryOptimizationService: Old data is removed [Handler (com.android.settings.services.MemoryOptimizationService$MemoryHandler) {9946b80}] -> com.android.settings
10-24 22:31:21.583  7899  6282 I MemoryOptimizationService: Send message delayed -> com.android.settings , 30000
10-24 22:31:21.583  1688  1688 I vendor.qti.hardware.servicetrackeraidl-service: unbindService is called for service : com.android.htmlviewer/com.android.settings.services.MemoryOptimizationService and for client com.android.settings
10-24 22:31:21.583  1688  1688 I vendor.qti.hardware.servicetrackeraidl-service: size of service connections for service: com.android.htmlviewer/com.android.settings.services.MemoryOptimizationServiceafter removal is 0
10-24 22:31:21.583  1688  1688 I vendor.qti.hardware.servicetrackeraidl-service: size of client connections for client: com.android.settingsafter removal is 3
10-24 22:31:21.584  1688  1688 I vendor.qti.hardware.servicetrackeraidl-service: destroyService is called for service : com.android.htmlviewer/com.android.settings.services.MemoryOptimizationService
10-24 22:31:21.588  4299  4299 I HandWritingStubImpl: refreshLastKeyboardType: 1
10-24 22:31:21.588  4299  4299 I HandWritingStubImpl: getCurrentKeyboardType: 1
10-24 22:31:21.588  2318  3600 W InputMethodManagerService: Clear show forced flag.
10-24 22:31:21.588  2318  3600 I ImeTracker: com.miui.home:ec8fe3e9: onRequestHide at ORIGIN_SERVER reason HIDE_UNSPECIFIED_WINDOW fromUser false
10-24 22:31:21.589  2318  3600 I ImeTracker: com.miui.home:ec8fe3e9: onCancelled at PHASE_SERVER_SHOULD_HIDE
10-24 22:31:21.589  2318  3600 W SecurityInputMethodSwitcher: first check switch to security ime: false
10-24 22:31:21.589  2318  3600 W SecurityInputMethodSwitcher: double check switch to security ime: false
10-24 22:31:21.589  2318  3600 W SecurityInputMethodSwitcher: switch to other input method from security ime:false mayChangeToMiuiSecurityInputMethod: false current focus window: android.os.BinderProxy@cee9eea
