08-06 16:47:51.876  7458  8149 W RecentsImpl: disableTouchBySwipeStatusBar    disable=false
08-06 16:47:51.876  7458  8149 W RecentsImpl: disableBackStubWindow    disableTouch=false
08-06 16:47:51.876 13430 14991 I TopActivityMonitor: send TopActivityChangeEvent=TopActivityChangeEvent(prev=ComponentInfo{com.ups.mobile.android/crc6466778ac8e5630834.SplashActivity}, current=ComponentInfo{com.ups.mobile.android/com.ups.mobile.android.UPSMobile},appChanged=false)
08-06 16:47:51.876  7458  8149 W GestureStubView_Left: adaptRotation   currentRotation=0   mRotation=0
08-06 16:47:51.877 13899 14043 I MMKV    : <MMKV.cpp:1170::sync> MMKV::sync, SyncFlag = 1
08-06 16:47:51.877  7458  8149 W GestureStubView_Right: adaptRotation   currentRotation=0   mRotation=0
08-06 16:47:51.877 13430 14991 I travelService_ActivityObserverUtils: activityResumed ComponentInfo{com.ups.mobile.android/com.ups.mobile.android.UPSMobile}
08-06 16:47:51.882  1843  3496 I vendor.qti.hardware.display.composer-service: Sensor: notify citsensorservice to trigger cwb, misForced = 0
08-06 16:47:51.883  3050  4554 I libsensor-parseRGB: request dump start for mRequestDisplayId 0
08-06 16:47:51.883 15692 15692 I ImeTracker: com.ups.mobile.android:c94a7b50: onRequestHide at ORIGIN_CLIENT reason HIDE_SOFT_INPUT fromUser false
08-06 16:47:51.883 15692 15692 I ImeTracker: com.ups.mobile.android:c94a7b50: onFailed at PHASE_CLIENT_VIEW_SERVED
08-06 16:47:51.885  3086  3086 I adbd    : in ShellService: dumpsys activity activities
08-06 16:47:51.890  2474  8330 I MultiSenceManagerInternalStub: getInstance
08-06 16:47:51.891 15692 15692 W libc    : Access denied finding property "vendor.gpp.create_frc_extension"
08-06 16:47:51.913  3050 25119 E libsensor-parseRGB: CWB NotifyCWBBufferDone  error 0
08-06 16:47:51.938  2474  2654 W ActivityTaskManager: Activity top resumed state loss timeout for ActivityRecord{99b1a9 u0 com.ups.mobile.android/.UPSMobile t258}
08-06 16:47:51.939  2474  2654 W ActivityTaskManager: Activity pause timeout for ActivityRecord{99b1a9 u0 com.ups.mobile.android/.UPSMobile t258}
08-06 16:47:51.939  2474  2654 E ActivityTaskManager: Unable to get servicetracker HAL instance
08-06 16:47:51.936 15692 15692 W RenderThread: type=1400 audit(0.0:8980): avc:  denied  { getattr } for  path="/sys/module/metis/parameters/minor_window_app" dev="sysfs" ino=74686 scontext=u:r:untrusted_app_30:s0:c54,c257,c512,c768 tcontext=u:object_r:sysfs_migt:s0 tclass=file permissive=0 app=com.ups.mobile.android
08-06 16:47:51.940  1850  1933 E ANDR-PERF-UTIL: ANDR-PERF-UTIL: save_node_val() 366: Failed to read /sys/class/mmc_host/mmc0/clk_scaling/enable
08-06 16:47:51.940  1850  1933 E ANDR-PERF-OPTSHANDLER: ANDR-PERF-OPTSHANDLER: modify_sysfsnode() 1266: Failed to read /sys/class/mmc_host/mmc0/clk_scaling/enable
08-06 16:47:51.940  1850  1933 E ANDR-PERF-RESOURCEQS: ANDR-PERF-RESOURCEQS: AddAndApply() 167: Failed to apply optimization [11, 4]
08-06 16:47:51.940  2474  2654 I ActivityTaskManager: The Process com.android.permissioncontroller Already Exists in BG. So sending its PID: 7505
08-06 16:47:51.940 15692 25057 W GraphRequest: Starting with v13 of the SDK, a client token must be embedded in your client code before making Graph API calls. Visit https://developers.facebook.com/docs/android/getting-started#client-token to learn how to implement this change.
08-06 16:47:51.941  2474  2654 E WindowManager: setClientVisible ActivityRecord{58123b9 u0 com.android.permissioncontroller/.permission.ui.GrantPermissionsActivity t258} true
08-06 16:47:51.942  2474  2654 E WindowManager: setClientVisible ActivityRecord{58123b9 u0 com.android.permissioncontroller/.permission.ui.GrantPermissionsActivity t258} true
08-06 16:47:51.943  1850  9924 E ANDR-PERF-LM: MetaMeter: handleAsync() 166: AdaptLaunch Invalid Async
08-06 16:47:51.943  7890  8057 I MiuiBubbleController: removeBubble: 258 reason=2
08-06 16:47:51.943  7890  8057 I MultiTaskingTaskRepository: onTaskInfoChanged multi list = [], full = [258, 257, 254]
08-06 16:47:51.944  2927  3007 E misight_perf:  [902001001, com.ups.mobile.android, 15692, long running]
08-06 16:47:51.944  2474  2654 E ActivityTaskManager: Unable to get servicetracker HAL instance
08-06 16:47:51.944  2927  2999 I misight : OnEvent EventPrivacyCompliance event=902001001
08-06 16:47:51.944  7505  7545 I ActivityThread: HardwareRenderer preload  done
08-06 16:47:51.944  7505 12519 I AdrenoGLES-0: QUALCOMM build                   : 0c7c4b37d5, I3988f0db60
08-06 16:47:51.944  7505 12519 I AdrenoGLES-0: Build Date                       : 10/18/24
08-06 16:47:51.944  7505 12519 I AdrenoGLES-0: OpenGL ES Shader Compiler Version: E031.45.02.19
08-06 16:47:51.944  7505 12519 I AdrenoGLES-0: Local Branch                     : 
08-06 16:47:51.944  7505 12519 I AdrenoGLES-0: Remote Branch                    : refs/tags/AU_LINUX_ANDROID_LA.VENDOR.14.3.0.R1.00.00.00.000.168
08-06 16:47:51.944  7505 12519 I AdrenoGLES-0: Remote Branch                    : NONE
08-06 16:47:51.944  7505 12519 I AdrenoGLES-0: Reconstruct Branch               : NOTHING
08-06 16:47:51.944  7505 12519 I AdrenoGLES-0: Build Config                     : S P 16.1.2 AArch64
08-06 16:47:51.944  7505 12519 I AdrenoGLES-0: Driver Path                      : /vendor/lib64/egl/libGLESv2_adreno.so
08-06 16:47:51.945  7505 12519 I AdrenoGLES-0: Driver Version                   : 0762.30
08-06 16:47:51.945  7505 12519 I AdrenoGLES-0: Process Name                     : com.android.permissioncontroller
08-06 16:47:51.945  2927  2999 I misight : OnEvent EventStorageManager event=902001001,2
08-06 16:47:51.946  2474  2654 I MultiSenceManagerInternalStub: getInstance
08-06 16:47:51.949  2927  3007 E misight_perf:  [902001002, com.ups.mobile.android, 15692, activity lifecycle latency due to msg]
08-06 16:47:51.950  2474  2654 I BLASTSyncEngine: SyncGroup 78:  Unfinished container:ActivityRecord{58123b9 u0 com.android.permissioncontroller/.permission.ui.GrantPermissionsActivity t258}
08-06 16:47:51.950  2474  2654 I BLASTSyncEngine: isActivitySyncFinished isSyncFinished false ActivityRecord{58123b9 u0 com.android.permissioncontroller/.permission.ui.GrantPermissionsActivity t258}
08-06 16:47:51.950  2927  2999 I misight : OnEvent EventInfoPack event 902001001
08-06 16:47:51.951  2927  2999 I misight : OnEvent EventPrivacyCompliance event=902001002
08-06 16:47:51.951  2927  2999 I misight : OnEvent EventStorageManager event=902001002,2
08-06 16:47:51.951  3086  3086 I adbd    : in ShellService: dumpsys activity activities
08-06 16:47:51.951  7505 12519 I AdrenoGLES-0: PFP: 0x01520175, ME: 0x01520023
08-06 16:47:51.952  2474  7367 I AudioGameEffect: foreground change to com.android.permissioncontroller, last foreground is com.ups.mobile.android
08-06 16:47:51.952  1850  1933 E ANDR-PERF-RESOURCEQS: ANDR-PERF-RESOURCEQS: AddAndApply() 167: Failed to apply optimization [10, 8]
08-06 16:47:51.953  2474  2652 I Location.SSRU: foregroundActivities IS trueUID ID 10241, home is false
08-06 16:47:51.953  2474  2655 I WindowManager: onFirstWindowDrawn, try to remove startingWindow. this = ActivityRecord{99b1a9 u0 com.ups.mobile.android/.UPSMobile t258} associatedTask = null isMainWindow = true mStartingWindow = Window{a06e9c7 u0 Splash Screen com.ups.mobile.android} mStartingData = SplashScreenStartingData{db2398a waitForSyncTransactionCommit=false removeAfterTransaction= 0}
08-06 16:47:51.953  2474  2655 I ATMSImpl: No snapshot since not start by launcher, activity=com.ups.mobile.android/.UPSMobile
08-06 16:47:51.953  2474  7367 I NetworkBoostStatusManager: onForegroundInfoChanged uid:10241, isColdStart:false
08-06 16:47:51.953  2474  7367 I SLM-SRV-SLAToast: foreground uid:10241, isColdStart:false, isLinkTurboEnable:false
08-06 16:47:51.954 15678 15716 I GST     : forePkg: com.android.permissioncontroller, preForePkg: com.ups.mobile.android
08-06 16:47:51.954 13710 13761 I ProcessMonitor: onForegroundInfoChanged: ForegroundInfo{mForegroundPackageName='com.android.permissioncontroller', mForegroundUid=10241, mForegroundPid=7505, mLastForegroundPackageName='com.ups.mobile.android', mLastForegroundUid=10310, mLastForegroundPid=15692, mMultiWindowForegroundPackageName='com.android.permissioncontroller', mMultiWindowForegroundUid=10241, mFlags=0}
08-06 16:47:51.955  2474  7257 I MiuiNetworkPolicy: updateUidState uid = 10241, uidState = 2
08-06 16:47:51.955  2474  2655 I BLASTSyncEngine: SyncGroup 78:  Unfinished container:ActivityRecord{58123b9 u0 com.android.permissioncontroller/.permission.ui.GrantPermissionsActivity t258}
08-06 16:47:51.955 15896 15932 I AICall_MemoryTrim: binder:15896_1 onAppBackground()
08-06 16:47:51.955  2474  2655 I BLASTSyncEngine: isActivitySyncFinished isSyncFinished false ActivityRecord{58123b9 u0 com.android.permissioncontroller/.permission.ui.GrantPermissionsActivity t258}
08-06 16:47:51.955 13710 13761 I GameBoosterService: onForegroundInfoChanged: Cur=com.android.permissioncontroller	 last=com.ups.mobile.android
08-06 16:47:51.956  2474  2655 I BLASTSyncEngine: SyncGroup 78:  Unfinished container:ActivityRecord{58123b9 u0 com.android.permissioncontroller/.permission.ui.GrantPermissionsActivity t258}
08-06 16:47:51.956 13710 13761 I VideoBoxUtils: isSupportVideoBox: true
08-06 16:47:51.956 13710 13761 I VideoToolBoxService: vtb is closed!!!
08-06 16:47:51.956  2474  2655 I BLASTSyncEngine: isActivitySyncFinished isSyncFinished false ActivityRecord{58123b9 u0 com.android.permissioncontroller/.permission.ui.GrantPermissionsActivity t258}
08-06 16:47:51.956 13710 13761 I AppPredictPrivacyLaunchManager: getLauncherHomeAppList size: 76
08-06 16:47:51.956 13710 15593 E SuggestManager: openApp name = com.android.permissioncontroller
08-06 16:47:51.956 13710 15593 I NewAutoTaskManager: app use - delay = 9223372036854775807, doRemove = false, doPost = false
08-06 16:47:51.957 13710 13761 I AppPredictService: difTIme = 745
08-06 16:47:51.957 13710 18386 W MIUISafety-Monitor: screen share ensure fg = com.android.permissioncontroller protect = false
08-06 16:47:51.959  2474  2655 I WindowManager: wms.showSurfaceRobustly mWin:Window{10f125b u0 com.ups.mobile.android/com.ups.mobile.android.UPSMobile}
08-06 16:47:51.959 14107 14107 I VA_ConversationManager: lastQueryOrigin====null;fromCar=false
08-06 16:47:51.959 14107 14107 I VA_HybridLifecycleListener: onTopAppChanged: newApp=com.android.permissioncontroller from=com.ups.mobile.android fromPkg=com.android.permissioncontroller
08-06 16:47:51.959  2036  3491 I BpBinder: onLastStrongRef automatically unlinking death recipients: 
08-06 16:47:51.959  7505 12519 W ServiceManagerCppClient: Failed to get isDeclared for vendor.qti.qspmhal.IQspmhal/default: Status(-1, EX_SECURITY): 'SELinux denied.'
08-06 16:47:51.959  7505 12519 E Adreno-AppProfiles: QSPM AIDL service doesn't exist
08-06 16:47:51.959  2927  2999 I misight : OnEvent EventInfoPack event 902001002
08-06 16:47:51.960 15692 15692 I ImeTracker: com.ups.mobile.android:66df165e: onRequestHide at ORIGIN_CLIENT reason HIDE_SOFT_INPUT fromUser false
08-06 16:47:51.960 15692 15692 I ImeTracker: com.ups.mobile.android:66df165e: onFailed at PHASE_CLIENT_VIEW_SERVED
08-06 16:47:51.960 15692 25086 I ContentCatcher: SettingTrigger : unregister status observer com.ups.mobile.android.UPSMobile
08-06 16:47:51.960  2474  7257 I MiuiNetworkPolicyTrafficLimit: updateWhiteListUidForMobileTraffic uid=10241,add=true
08-06 16:47:51.963  2474  2643 I ActivityTaskManager: Displayed com.ups.mobile.android/.UPSMobile for user 0: +1s171ms
08-06 16:47:51.963 13710 13761 I BeautyService: onForegroundInfoChanged: Cur=com.android.permissioncontroller	 last=com.ups.mobile.android
08-06 16:47:51.965  7505 12550 I ContentCatcher: ViewContentFetcher : ViewContentFetcher
08-06 16:47:51.966  7505 12550 E ContentCatcherManager: failed to get ContentCatcherService.
08-06 16:47:51.966  7505 12550 E ContentCatcherManager: failed to get ContentCatcherService.
08-06 16:47:51.967  1843  1843 I MiClstc : DropLayers erase layer 262
08-06 16:47:51.968  7890  8266 W qdgralloc: getInterlacedFlag: getMetaData returned 3, defaulting to interlaced_flag = 0
08-06 16:47:51.977  7890  8266 W qdgralloc: getInterlacedFlag: getMetaData returned 3, defaulting to interlaced_flag = 0
08-06 16:47:51.979  7505 12550 I ContentCatcher: SettingTrigger : register screen QA status observer com.android.permissioncontroller.permission.ui.GrantPermissionsActivity
08-06 16:47:51.980  7505 12550 I ContentCatcher: SettingTrigger : register global collect status observer com.android.permissioncontroller.permission.ui.GrantPermissionsActivity
08-06 16:47:51.982  7505  7505 I ViewRootImpl: com.android.permissioncontroller/com.android.permissioncontroller.permission.ui.GrantPermissionsActivity use first frame acceleration
08-06 16:47:51.984  7890  8266 W qdgralloc: getInterlacedFlag: getMetaData returned 3, defaulting to interlaced_flag = 0
08-06 16:47:51.989  7458  7458 W RecentsImpl: updateStubViewVisibility, className=com.android.permissioncontroller.permission.ui.GrantPermissionsActivity
08-06 16:47:51.990  7458  8149 W RecentsImpl: disableTouchBySwipeStatusBar    disable=false
08-06 16:47:51.990  7458  8149 W RecentsImpl: disableBackStubWindow    disableTouch=false
08-06 16:47:51.990  7458  8149 W GestureStubView_Left: adaptRotation   currentRotation=0   mRotation=0
08-06 16:47:51.991  7458  8149 W GestureStubView_Right: adaptRotation   currentRotation=0   mRotation=0
08-06 16:47:51.991  2474 15979 I BLASTSyncEngine: SyncGroup 78:  Unfinished container:ActivityRecord{58123b9 u0 com.android.permissioncontroller/.permission.ui.GrantPermissionsActivity t258}
08-06 16:47:51.991  2474 15979 I BLASTSyncEngine: isActivitySyncFinished isSyncFinished false ActivityRecord{58123b9 u0 com.android.permissioncontroller/.permission.ui.GrantPermissionsActivity t258}
08-06 16:47:51.993  2474 15979 I MultiSenceManagerInternalStub: getInstance
08-06 16:47:51.994  7505  7505 W libc    : Access denied finding property "vendor.gpp.create_frc_extension"
08-06 16:47:51.994 14107 24354 I VA_ActivityStateHelper: activityResumed componentName ComponentInfo{com.android.permissioncontroller/com.android.permissioncontroller.permission.ui.GrantPermissionsActivity}
08-06 16:47:51.994 13430 14991 I ActivityObserverUtil: activityResumed ComponentInfo{com.android.permissioncontroller/com.android.permissioncontroller.permission.ui.GrantPermissionsActivity}
08-06 16:47:51.994 13430 14991 I TopActivityMonitor: send TopActivityChangeEvent=TopActivityChangeEvent(prev=ComponentInfo{com.ups.mobile.android/com.ups.mobile.android.UPSMobile}, current=ComponentInfo{com.android.permissioncontroller/com.android.permissioncontroller.permission.ui.GrantPermissionsActivity},appChanged=true)
08-06 16:47:51.994 14107 24354 I VA_ActivityStateHelper: activityResumed mAiSkillPush is false
08-06 16:47:51.995 13899 14043 I AIRC_CounterTrack: collect: signal-TopActivityPerception
08-06 16:47:51.996 13899 14043 I MMKV    : <MMKV.cpp:1170::sync> MMKV::sync, SyncFlag = 1
08-06 16:47:51.996 13430 14991 I travelService_ActivityObserverUtils: activityResumed ComponentInfo{com.android.permissioncontroller/com.android.permissioncontroller.permission.ui.GrantPermissionsActivity}
08-06 16:47:51.997 13430 14991 I travelService_TopActivityMonitor: user change app but last app use time not enough
08-06 16:47:51.998 13025 13052 I MiuiPerfServiceClient: begin bootRecord
08-06 16:47:51.999  2474  2655 I AnimInterruptController: FIS reset Foresee interrupt status
08-06 16:47:51.999  2474  2655 I SmartPower: com.android.permissioncontroller/10241(7505): invisible->visible(564ms) R(become visible) adj=0.
08-06 16:47:51.999  2474  2655 E WindowManager: setClientVisible ActivityRecord{58123b9 u0 com.android.permissioncontroller/.permission.ui.GrantPermissionsActivity t258} true
08-06 16:47:51.999  2474  2655 I WindowManager: wms.showSurfaceRobustly mWin:Window{a4e55b3 u0 com.android.permissioncontroller/com.android.permissioncontroller.permission.ui.GrantPermissionsActivity}
08-06 16:47:52.003  7890  8057 I ShellTransitions: Is abandon offsetY: false
08-06 16:47:52.003  7890  8057 E KeyguardTransitionHandlerImpl: activityCount = 1
08-06 16:47:52.003  7890  8057 E KeyguardTransitionHandlerImpl: activityCount = 1
08-06 16:47:52.005  2474  2643 I ActivityTaskManager: Displayed com.android.permissioncontroller/.permission.ui.GrantPermissionsActivity for user 0: +566ms
08-06 16:47:52.005  7505  7505 I Choreographer: first vsync insert message into MessageQueue Head
08-06 16:47:52.006  2036  3491 W VsyncModulator: setTransactionSchedule: Unexpected EarlyEnd
08-06 16:47:52.006  7890  8057 I RemoteTransitionHandlerStubImpl: invokeAndRemoveWctCB transition is null, curWctCB: null
08-06 16:47:52.011  2474  2654 E ActivityTaskManager: Unable to get servicetracker HAL instance
08-06 16:47:52.011  2474  2654 E ActivityTaskManager: Unable to get servicetracker HAL instance
08-06 16:47:52.011  2474  2654 E ActivityTaskManager: Unable to get servicetracker HAL instance
08-06 16:47:52.011  2474  2654 E ActivityTaskManager: Unable to get servicetracker HAL instance
08-06 16:47:52.011  2474  2654 E ActivityTaskManager: Unable to get servicetracker HAL instance
08-06 16:47:52.013  7823  7889 W DynamicDDSService: appName is not found in cache: com.ups.mobile.android
08-06 16:47:52.014  2474 10062 W UserManagerService: Requested status bar icon for non-badged user 0
08-06 16:47:52.015  2474 10062 W UserManagerService: Requested status bar icon for non-badged user 0
08-06 16:47:52.016 15692 15692 W libc    : Access denied finding property "ro.vendor.mi_sf.new_dynamic_refresh_rate"
08-06 16:47:52.012 15692 15692 W .mobile.android: type=1400 audit(0.0:8981): avc:  denied  { read } for  name="u:object_r:vendor_displayfeature_prop:s0" dev="tmpfs" ino=572 scontext=u:r:untrusted_app_30:s0:c54,c257,c512,c768 tcontext=u:object_r:vendor_displayfeature_prop:s0 tclass=file permissive=0 app=com.ups.mobile.android
08-06 16:47:52.017 13899 13919 I ognitionService: This is non sticky GC, maxfree is 16777216 minfree is 8388608
08-06 16:47:52.022  7505  7505 I ImeTracker: com.android.permissioncontroller:f3993992: onRequestHide at ORIGIN_CLIENT reason HIDE_SOFT_INPUT fromUser false
08-06 16:47:52.022  7505  7505 I ImeTracker: com.android.permissioncontroller:f3993992: onFailed at PHASE_CLIENT_VIEW_SERVED
08-06 16:47:52.023  7505  7505 I HandWritingStubImpl: refreshLastKeyboardType: 1
08-06 16:47:52.023  7505  7505 I HandWritingStubImpl: getCurrentKeyboardType: 1
08-06 16:47:52.023  2474  4398 I ImeTracker: com.android.permissioncontroller:e8de3fa5: onRequestHide at ORIGIN_SERVER reason HIDE_ALWAYS_HIDDEN_STATE fromUser false
08-06 16:47:52.024  2474  4398 I ImeTracker: com.android.permissioncontroller:e8de3fa5: onCancelled at PHASE_SERVER_SHOULD_HIDE
08-06 16:47:52.024  2474  4398 W SecurityInputMethodSwitcher: first check switch to security ime: false
08-06 16:47:52.024  2474  4398 W SecurityInputMethodSwitcher: double check switch to security ime: false
08-06 16:47:52.025  2474  4398 W SecurityInputMethodSwitcher: switch to other input method from security ime:false mayChangeToMiuiSecurityInputMethod: false current focus window: android.os.BinderProxy@e65c722
08-06 16:47:52.036  7505 12519 E ssioncontroller: DynamicFPS DF open fail: Permission denied
08-06 16:47:52.036  7505 12519 W ssioncontroller: remote service is not exist
08-06 16:47:52.032  7505  7505 W RenderThread: type=1400 audit(0.0:8982): avc:  denied  { search } for  name="mcd" dev="dm-78" ino=1628 scontext=u:r:permissioncontroller_app:s0:c241,c256,c512,c768 tcontext=u:object_r:mcd_data_file:s0 tclass=dir permissive=0 app=com.android.permissioncontroller
08-06 16:47:52.041  3086  3086 I adbd    : in ShellService: dumpsys activity activities
08-06 16:47:52.046 15692 15692 W MessageMonitor: PerfMonitor: Slow Operation: Activity com.ups.mobile.android/.UPSMobile onPause took 88ms
08-06 16:47:52.047  2927  3007 E misight_perf:  [902001001, com.ups.mobile.android, 15692, long running]
08-06 16:47:52.048  2927  2999 I misight : OnEvent EventPrivacyCompliance event=902001001
08-06 16:47:52.048  2927  3007 E misight_perf:  [902001001, com.ups.mobile.android, 15692, long running]
08-06 16:47:52.048  2927  2999 I misight : OnEvent EventStorageManager event=902001001,2
08-06 16:47:52.049 13710 13761 I SCTaskStackListener: onTaskStackChanged! inSplit = false
08-06 16:47:52.050  2927  3007 E misight_perf:  [902001002, com.ups.mobile.android, 15692, activity lifecycle latency due to msg]
08-06 16:47:52.050  7458  8328 W MiBridge: Permission not granted !!
08-06 16:47:52.051 15692 15692 I cr_CombinedPProvider: #registerProvider() provider:WV.d9@30022f isPolicyCacheEnabled:false policyProvidersSize:0
08-06 16:47:52.051 15692 15692 I cr_PolicyProvider: #setManagerAndSource() 0
08-06 16:47:52.052 13710 18386 I SCTaskStackListener: onTaskStackChanged! inSplit = false
08-06 16:47:52.053  7458  8328 W RecentsModel: getRunningTask   taskInfo=TaskInfo{userId=0 taskId=258 displayId=0 isRunning=true baseIntent=Intent { act=android.intent.action.MAIN cat=[android.intent.category.LAUNCHER] flg=0x10000000 cmp=com.ups.mobile.android/crc6466778ac8e5630834.SplashActivity } baseActivity=ComponentInfo{com.ups.mobile.android/com.ups.mobile.android.UPSMobile} topActivity=ComponentInfo{com.android.permissioncontroller/com.android.permissioncontroller.permission.ui.GrantPermissionsActivity} origActivity=null realActivity=ComponentInfo{com.ups.mobile.android/crc6466778ac8e5630834.SplashActivity} numActivities=2 lastActiveTime=394696379 supportsSplitScreenMultiWindow=true supportsMultiWindow=true resizeMode=2 isResizeable=true minWidth=-1 minHeight=-1 defaultMinSize=200 token=WCT{android.window.IWindowContainerToken$Stub$Proxy@20c4557} topActivityType=1 pictureInPictureParams=null shouldDockBigOverlays=false launchIntoPipHostTaskId=-1 lastParentTaskIdBeforePip=-1 displayCutoutSafeInsets=Rect(0, 116 - 0, 0) topActivityInfo=ActivityInfo{4a43844 com.android.permissioncontroller.permission.ui.GrantPermissionsActivity} launchCookies=[] positionInParent=Point(0, 0) parentTaskId=-1 isFocused=true isVisible=true isVisibleRequested=true isSleeping=false locusId=null displayAreaFeatureId=1 isTopActivityTransparent=true appCompatTaskInfo=AppCompatTaskInfo { topActivityInSizeCompat=false topActivityInMiuiSizeCompat=false topActivityEligibleForLetterboxEducation= falseisLetterboxEducationEnabled= false isLetterboxDoubleTapEnabled= false topActivityEligibleForUserAspectRatioButton= false topActivityBoundsLetterboxed= false isFromLetterboxDoubleTap= false topActivityLetterboxVerticalPosition= -1 topActivityLetterboxHorizontalPosition= -1 topActivityLetterboxWidth=1200 topActivityLetterboxHeight=2670 isUserFullscreenOverrideEnabled=false isSystemFullscreenOverrideEnabled=false cameraCompatTaskInfo=CameraCompatTaskInfo { cameraCompatControlState=hidden freeformCameraCompatMode=inactive}} isImmersive=false mTopActivityRequestOrientation=1 mBehindAppLockPkg=null mOriginatingUid=0 isEmbedded=false shouldBeVisible=true isCreatedByOrganizer=false mIsCastMode=false mTopActivityMediaSize=null mTopActivityRecordName=ActivityRecord{58123b9 u0 com.android.permissioncontroller/.permission.ui.GrantPermissionsActivity t258} mTopActivityOrientation=-1}
08-06 16:47:52.053  7458  8328 E ActivityManagerWrapper: get all recent tasks force including 258
08-06 16:47:52.055  7458  8328 E ActivityManagerWrapper: getRecentTasksForceIncludingTaskIdIfValid: getRecentTasks: size=3
08-06 16:47:52.055  7458  8328 E ActivityManagerWrapper:  mainTaskId=258   userId=0   windowMode=1   baseIntent=Intent { act=android.intent.action.MAIN flag=268435456 cmp=ComponentInfo{com.ups.mobile.android/crc6466778ac8e5630834.SplashActivity} }
08-06 16:47:52.055  7458  8328 E ActivityManagerWrapper:  mainTaskId=257   userId=0   windowMode=1   baseIntent=Intent { act=android.intent.action.VIEW flag=268435456 cmp=ComponentInfo{com.android.vending/com.google.android.finsky.activities.MainActivity} }
08-06 16:47:52.055  7458  8328 E ActivityManagerWrapper:  mainTaskId=254   userId=0   windowMode=1   baseIntent=Intent { act=android.intent.action.MAIN flag=270532608 cmp=ComponentInfo{com.getsurfboard/com.getsurfboard.ui.activity.MainActivity} }
08-06 16:47:52.056  2474 10062 I SmartPower: com.google.android.webview:sandboxed_process0:org.chromium.content.app.SandboxedPr-1->background(0ms) R(become background) adj=-10000.
08-06 16:47:52.056  1865  1865 I vendor.qti.hardware.servicetrackeraidl-service: bindService is called for service : com.ups.mobile.android/org.chromium.content.app.SandboxedProcessService0:0 and for client com.ups.mobile.android
08-06 16:47:52.056  1865  1865 I vendor.qti.hardware.servicetrackeraidl-service: total connections for service : com.ups.mobile.android/org.chromium.content.app.SandboxedProcessService0:0are :1
08-06 16:47:52.056  1865  1865 I vendor.qti.hardware.servicetrackeraidl-service: total connections for client : com.ups.mobile.androidare :2
08-06 16:47:52.056  2927  2999 I misight : OnEvent EventInfoPack event 902001001
08-06 16:47:52.056 15692 15692 I cr_CombinedPProvider: #linkNativeInternal() 1
08-06 16:47:52.057 15692 15692 I cr_AppResProvider: #getApplicationRestrictionsFromUserManager() Bundle[EMPTY_PARCEL]
08-06 16:47:52.057 15692 15692 I cr_PolicyProvider: #notifySettingsAvailable() 0
08-06 16:47:52.057 15692 15692 I cr_CombinedPProvider: #onSettingsAvailable() 0
08-06 16:47:52.057 15692 15692 I cr_CombinedPProvider: #flushPolicies()
08-06 16:47:52.057  2927  2999 I misight : OnEvent EventPrivacyCompliance event=902001001
08-06 16:47:52.057  2927  2999 I misight : OnEvent EventStorageManager event=902001001,2
08-06 16:47:52.060  2927  2999 I misight : OnEvent EventInfoPack event 902001001
08-06 16:47:52.061  1865  1865 I vendor.qti.hardware.servicetrackeraidl-service: bindService is called for service : com.ups.mobile.android/org.chromium.content.app.SandboxedProcessService0:0 and for client com.ups.mobile.android
08-06 16:47:52.061  1865  1865 I vendor.qti.hardware.servicetrackeraidl-service: total connections for service : com.ups.mobile.android/org.chromium.content.app.SandboxedProcessService0:0are :1
08-06 16:47:52.061  1865  1865 I vendor.qti.hardware.servicetrackeraidl-service: total connections for client : com.ups.mobile.androidare :2
08-06 16:47:52.061  1865  1865 I vendor.qti.hardware.servicetrackeraidl-service: bindService is called for service : com.google.android.gms/.chimera.GmsBoundBrokerService and for client com.ups.mobile.android
08-06 16:47:52.061  1865  1865 I vendor.qti.hardware.servicetrackeraidl-service: total connections for service : com.google.android.gms/.chimera.GmsBoundBrokerServiceare :4
08-06 16:47:52.061  1865  1865 I vendor.qti.hardware.servicetrackeraidl-service: total connections for client : com.ups.mobile.androidare :3
08-06 16:47:52.061  2927  2999 I misight : OnEvent EventPrivacyCompliance event=902001002
08-06 16:47:52.061  2927  2999 I misight : OnEvent EventStorageManager event=902001002,2
08-06 16:47:52.062  7458  8328 W RecentsModel: getRunningTask   taskInfo=TaskInfo{userId=0 taskId=258 displayId=0 isRunning=true baseIntent=Intent { act=android.intent.action.MAIN cat=[android.intent.category.LAUNCHER] flg=0x10000000 cmp=com.ups.mobile.android/crc6466778ac8e5630834.SplashActivity } baseActivity=ComponentInfo{com.ups.mobile.android/com.ups.mobile.android.UPSMobile} topActivity=ComponentInfo{com.android.permissioncontroller/com.android.permissioncontroller.permission.ui.GrantPermissionsActivity} origActivity=null realActivity=ComponentInfo{com.ups.mobile.android/crc6466778ac8e5630834.SplashActivity} numActivities=2 lastActiveTime=394696388 supportsSplitScreenMultiWindow=true supportsMultiWindow=true resizeMode=2 isResizeable=true minWidth=-1 minHeight=-1 defaultMinSize=200 token=WCT{android.window.IWindowContainerToken$Stub$Proxy@6ce94b0} topActivityType=1 pictureInPictureParams=null shouldDockBigOverlays=false launchIntoPipHostTaskId=-1 lastParentTaskIdBeforePip=-1 displayCutoutSafeInsets=Rect(0, 116 - 0, 0) topActivityInfo=ActivityInfo{7631f29 com.android.permissioncontroller.permission.ui.GrantPermissionsActivity} launchCookies=[] positionInParent=Point(0, 0) parentTaskId=-1 isFocused=true isVisible=true isVisibleRequested=true isSleeping=false locusId=null displayAreaFeatureId=1 isTopActivityTransparent=true appCompatTaskInfo=AppCompatTaskInfo { topActivityInSizeCompat=false topActivityInMiuiSizeCompat=false topActivityEligibleForLetterboxEducation= falseisLetterboxEducationEnabled= false isLetterboxDoubleTapEnabled= false topActivityEligibleForUserAspectRatioButton= false topActivityBoundsLetterboxed= false isFromLetterboxDoubleTap= false topActivityLetterboxVerticalPosition= -1 topActivityLetterboxHorizontalPosition= -1 topActivityLetterboxWidth=1200 topActivityLetterboxHeight=2670 isUserFullscreenOverrideEnabled=false isSystemFullscreenOverrideEnabled=false cameraCompatTaskInfo=CameraCompatTaskInfo { cameraCompatControlState=hidden freeformCameraCompatMode=inactive}} isImmersive=false mTopActivityRequestOrientation=1 mBehindAppLockPkg=null mOriginatingUid=0 isEmbedded=false shouldBeVisible=true isCreatedByOrganizer=false mIsCastMode=false mTopActivityMediaSize=null mTopActivityRecordName=ActivityRecord{58123b9 u0 com.android.permissioncontroller/.permission.ui.GrantPermissionsActivity t258} mTopActivityOrientation=-1}
08-06 16:47:52.063  7890  7890 I FocusedNotifPromptContr: onTopActivityMayChanged: isSupportPip false, isFocus true
08-06 16:47:52.063  7890  7890 I FocusedNotifPromptContr: onTopActivityMayChanged: topActivity=com.android.permissioncontroller
08-06 16:47:52.063  7890  7890 I PromptViewAnimState: topActivityMayChanged: topActivity=com.ups.mobile.android --> com.android.permissioncontroller
08-06 16:47:52.063  7458  8328 E ActivityManagerWrapper: get all recent tasks force including 258
08-06 16:47:52.063  2474  7378 E HyperSentinel: -------------------------------------------------------
08-06 16:47:52.063  2474  7378 E HyperSentinel: Event_ThreadAmount
08-06 16:47:52.063  2474  7378 E HyperSentinel: -> audit event by proc 15692 "<pre-initialized>": running threads amount, 45 -> 78
08-06 16:47:52.064  2474  7257 I MiuiNetworkPolicy: updateUidState uid = 99006, uidState = 3
08-06 16:47:52.064  2474  7257 I MiuiNetworkPolicy: updateUidState uid = 10130, uidState = 3
08-06 16:47:52.065  2927  2999 I misight : OnEvent EventInfoPack event 902001002
08-06 16:47:52.065  2474  2646 E SSRU-RUS: Don't have packages for uid 99006
08-06 16:47:52.066  7458  8328 E ActivityManagerWrapper: getRecentTasksForceIncludingTaskIdIfValid: getRecentTasks: size=3
08-06 16:47:52.066  7458  8328 E ActivityManagerWrapper:  mainTaskId=258   userId=0   windowMode=1   baseIntent=Intent { act=android.intent.action.MAIN flag=268435456 cmp=ComponentInfo{com.ups.mobile.android/crc6466778ac8e5630834.SplashActivity} }
08-06 16:47:52.066  7458  8328 E ActivityManagerWrapper:  mainTaskId=257   userId=0   windowMode=1   baseIntent=Intent { act=android.intent.action.VIEW flag=268435456 cmp=ComponentInfo{com.android.vending/com.google.android.finsky.activities.MainActivity} }
08-06 16:47:52.066  7458  8328 E ActivityManagerWrapper:  mainTaskId=254   userId=0   windowMode=1   baseIntent=Intent { act=android.intent.action.MAIN flag=270532608 cmp=ComponentInfo{com.getsurfboard/com.getsurfboard.ui.activity.MainActivity} }
08-06 16:47:52.069 15692 15692 W chromium: [WARNING:android_webview/browser/network_service/net_helpers.cc:143] HTTP Cache size is: 20971520
08-06 16:47:52.072  2474  2750 I ActivityManager: Start proc 25186:com.google.android.webview:sandboxed_process0:org.chromium.content.app.SandboxedProcessService0:0/u0i8 for  {com.ups.mobile.android/org.chromium.content.app.SandboxedProcessService0:0} caller=com.ups.mobile.android
08-06 16:47:52.072  1878  1878 E qspmHal : setAppInfoH atPid = 25186, gpuFname:com.ups.mobile.android, gpuFver:7204168331
08-06 16:47:52.073 25186 25186 E libc    : SetHeapTaggingLevel: re-enabling tagging after it was disabled is not supported
08-06 16:47:52.076  1865  1865 I vendor.qti.hardware.servicetrackeraidl-service: bindService is called for service : com.google.android.webview/org.chromium.android_webview.services.ComponentsProviderService and for client com.ups.mobile.android
08-06 16:47:52.076  1865  1865 I vendor.qti.hardware.servicetrackeraidl-service: total connections for service : com.google.android.webview/org.chromium.android_webview.services.ComponentsProviderServiceare :1
08-06 16:47:52.076  1865  1865 I vendor.qti.hardware.servicetrackeraidl-service: total connections for client : com.ups.mobile.androidare :4
08-06 16:47:52.078  2474  7257 I MiuiNetworkPolicy: updateUidState uid = 10188, uidState = 3
08-06 16:47:52.079 25186 25186 I ocessService0:0: Using CollectorTypeCC GC.
08-06 16:47:52.080  2474  7257 I MiuiNetworkPolicyTrafficLimit: updateWhiteListUidForMobileTraffic uid=10188,add=true
08-06 16:47:52.083 25186 25186 E ocessService0:0: Not starting debugger since process cannot load the jdwp agent.
08-06 16:47:52.084  1865  1865 I vendor.qti.hardware.servicetrackeraidl-service: bindService is called for service : com.google.android.gms/.chimera.GmsBoundBrokerService and for client com.ups.mobile.android
08-06 16:47:52.084  1865  1865 I vendor.qti.hardware.servicetrackeraidl-service: total connections for service : com.google.android.gms/.chimera.GmsBoundBrokerServiceare :4
08-06 16:47:52.084  1865  1865 I vendor.qti.hardware.servicetrackeraidl-service: total connections for client : com.ups.mobile.androidare :4
08-06 16:47:52.085  1865  1865 I vendor.qti.hardware.servicetrackeraidl-service: bindService is called for service : com.google.android.gms/.chimera.PersistentDirectBootAwareApiService and for client com.ups.mobile.android
08-06 16:47:52.085  1865  1865 I vendor.qti.hardware.servicetrackeraidl-service: total connections for service : com.google.android.gms/.chimera.PersistentDirectBootAwareApiServiceare :6
08-06 16:47:52.085  1865  1865 I vendor.qti.hardware.servicetrackeraidl-service: total connections for client : com.ups.mobile.androidare :5
08-06 16:47:52.086 25186 25186 I MessageMonitor: Load libmiui_runtime
08-06 16:47:52.090  1843  3496 I vendor.qti.hardware.display.composer-service: Sensor: notify citsensorservice to trigger cwb, misForced = 0
08-06 16:47:52.090  3050  4554 I libsensor-parseRGB: request dump start for mRequestDisplayId 0
08-06 16:47:52.092  2474  2646 E SSRU-RUS: Don't have packages for uid 99008
08-06 16:47:52.093  2474  7257 I MiuiNetworkPolicy: updateUidState uid = 99008, uidState = 19
08-06 16:47:52.093 13710 18386 W Binder  : Caught a RuntimeException from the binder stub implementation.
08-06 16:47:52.093 13710 18386 W Binder  : java.lang.NullPointerException
08-06 16:47:52.093 13710 18386 W Binder  : 	at java.util.Objects.requireNonNull(Objects.java:207)
08-06 16:47:52.093 13710 18386 W Binder  : 	at com.miui.ai.service.OperationListCollectService$h.invoke(Unknown Source:29)
08-06 16:47:52.093 13710 18386 W Binder  : 	at java.lang.reflect.Proxy.invoke(Proxy.java:1006)
08-06 16:47:52.093 13710 18386 W Binder  : 	at $Proxy7.onUidImportance(Unknown Source)
08-06 16:47:52.093 13710 18386 W Binder  : 	at android.app.ActivityManager$MyUidObserver.onUidStateChanged(ActivityManager.java:219)
08-06 16:47:52.093 13710 18386 W Binder  : 	at android.app.IUidObserver$Stub.onTransact(IUidObserver.java:191)
08-06 16:47:52.093 13710 18386 W Binder  : 	at android.os.Binder.execTransactInternal(Binder.java:1512)
08-06 16:47:52.093 13710 18386 W Binder  : 	at android.os.Binder.execTransact(Binder.java:1451)
08-06 16:47:52.095 25186 25186 E MQSEventManagerDelegate: failed to get MQSService.
08-06 16:47:52.095 25186 25186 W ActivityThread: registerApplicationScoutThread result:false
08-06 16:47:52.095 25186 25186 I JavaheapMonitor: Java heap monitor start.
08-06 16:47:52.096 25186 25206 E MQSEventManagerDelegate: failed to get MQSService.
08-06 16:47:52.096 25186 25206 W MQSEventManagerDelegate: getReportAppLaunch getMQSService null
08-06 16:47:52.104 25186 25186 I LoadedApk: No resource references to update in package com.google.android.trichromelibrary
08-06 16:47:52.104 25186 25186 I cr_WebViewApkApp: version=138.0.7204.168 (720416833) minSdkVersion=29 isBundle=false processName=com.google.android.webview:sandboxed_process0:org.chromium.content.app.SandboxedProcessService0:0
08-06 16:47:52.105 15692 25181 W cr_media: BLUETOOTH_CONNECT permission is missing.
08-06 16:47:52.106 25186 25186 I JavaheapMonitor: Java heap monitor start in pkg: com.ups.mobile.android
08-06 16:47:52.106 25186 25205 E ForceDarkHelperStubImpl: getForceDarkOriginState transact failed , mService: null
08-06 16:47:52.106 25186 25205 I ForceDarkHelperStubImpl: initialize for com.ups.mobile.android , ForceDarkOrigin
08-06 16:47:52.106  2474  7378 E HyperSentinel: -------------------------------------------------------
08-06 16:47:52.106  2474  7378 E HyperSentinel: Event_ResidentSize
08-06 16:47:52.106  2474  7378 E HyperSentinel: -> audit event by proc 15692 "<pre-initialized>": RSS increasement, peak 253964kb -> 381452kb
08-06 16:47:52.107 25186 25205 I MiuiForceDarkConfig: setConfig density:3.000000, mainRule:0, secondaryRule:0, tertiaryRule:0
08-06 16:47:52.107 15692 25181 W cr_media: getBluetoothAdapter() requires BLUETOOTH permission
08-06 16:47:52.107 15692 25181 W cr_media: registerBluetoothIntentsIfNeeded: Requires BLUETOOTH permission
08-06 16:47:52.110 15692 25209 I CameraManagerGlobal: Connecting to camera service
08-06 16:47:52.110  2474  3106 E ClipboardService: Denying clipboard access to com.ups.mobile.android, application is not in focus nor is it a system service for user 0
08-06 16:47:52.111 25186 25205 I ActivityThread: Miui Feature Init done
08-06 16:47:52.111  3086  3086 I adbd    : in ShellService: dumpsys activity services
08-06 16:47:52.113  2474  2646 E SSRU-RUS: Don't have packages for uid 99008
08-06 16:47:52.114  2474  7257 I MiuiNetworkPolicy: updateUidState uid = 99008, uidState = 3
08-06 16:47:52.114  3050 25119 E libsensor-parseRGB: CWB NotifyCWBBufferDone  error 0
08-06 16:47:52.115  2036  3491 I BpBinder: onLastStrongRef automatically unlinking death recipients: 
08-06 16:47:52.115 25186 25186 I cr_ChildProcessService: Creating new ChildProcessService pid=25186
08-06 16:47:52.116 15692 25207 W libc    : Access denied finding property "vendor.mivk_layer.debug"
08-06 16:47:52.116 15692 25207 W libc    : Access denied finding property "vendor.mivk.log.debug"
08-06 16:47:52.120  1878  1878 I qspmHal : enter getGpuProf at: 2123415352
08-06 16:47:52.120  1878  1878 I qspmHal : Coudn't match the GFX PID 15692 to AT PID 25186. Checking in local cache.
08-06 16:47:52.120  1878  1878 I qspmHal : Found the GFX PID in cache
08-06 16:47:52.120  1878  1878 I qspmHal : gProfName:com.ups.mobile.android-gpu - gpu prof_info.path:/data/vendor/gaming/com.ups.mobile.android-gpu
08-06 16:47:52.120  1878  1878 I qspmHal : PID 15692 from GFX matched.
08-06 16:47:52.120  1878  1878 E qspmHal : GPU profile file NOT found !!
08-06 16:47:52.121 15692 25207 I AdrenoVK-0: ===== BEGIN DUMP OF OVERRIDDEN SETTINGS =====
08-06 16:47:52.121 15692 25207 I AdrenoVK-0: ===== END DUMP OF OVERRIDDEN SETTINGS =====
08-06 16:47:52.122  2474  8755 I ClipboardServiceI: checkProviderWakePathForClipboard: primaryClip is null
08-06 16:47:52.124  2474  7257 I MiuiNetworkPolicy: updateUidState uid = 10145, uidState = 3
08-06 16:47:52.124  2474  7257 I MiuiNetworkPolicy: updateUidState uid = 10143, uidState = 3
08-06 16:47:52.126  2474  7257 I MiuiNetworkPolicyTrafficLimit: updateWhiteListUidForMobileTraffic uid=10143,add=true
08-06 16:47:52.127 25186 25214 I cr_LibraryLoader: Successfully loaded native library
08-06 16:47:52.127 25186 25214 I cr_CachingUmaRecorder: Flushed 2 samples from 2 histograms, 0 samples were dropped.
08-06 16:47:52.128 15692 25209 W libc    : Access denied finding property "vendor.camera.aux.packagelist"
08-06 16:47:52.128 15692 25209 W libc    : Access denied finding property "vendor.camera.aux.packagelistext"
08-06 16:47:52.128 15692 25209 W CameraExtImplXiaoMi: ignore the status update of camera: 2
08-06 16:47:52.128 15692 25209 W libc    : Access denied finding property "vendor.camera.aux.packagelist"
08-06 16:47:52.128 15692 25209 W libc    : Access denied finding property "vendor.camera.aux.packagelistext"
08-06 16:47:52.128 15692 25209 W CameraExtImplXiaoMi: ignore the status update of camera: 3
08-06 16:47:52.128 15692 25209 W libc    : Access denied finding property "vendor.camera.aux.packagelist"
08-06 16:47:52.128 15692 25209 W libc    : Access denied finding property "vendor.camera.aux.packagelistext"
08-06 16:47:52.129 15692 25209 W CameraExtImplXiaoMi: ignore the status update of camera: 4
08-06 16:47:52.129 15692 25209 W libc    : Access denied finding property "vendor.camera.aux.packagelist"
08-06 16:47:52.129 15692 25209 W libc    : Access denied finding property "vendor.camera.aux.packagelistext"
08-06 16:47:52.129 15692 25209 W CameraExtImplXiaoMi: ignore the status update of camera: 5
08-06 16:47:52.129 15692 25209 W libc    : Access denied finding property "vendor.camera.aux.packagelist"
08-06 16:47:52.129 15692 25209 W libc    : Access denied finding property "vendor.camera.aux.packagelistext"
08-06 16:47:52.129 15692 25209 W CameraExtImplXiaoMi: ignore the status update of camera: 8
08-06 16:47:52.129  2909  3167 W CameraService: Rejecting access to system only camera 6, inadequete permissions
08-06 16:47:52.129  2909  3167 W CameraService: Rejecting access to system only camera 7, inadequete permissions
08-06 16:47:52.129  2909  3167 W CameraService: Rejecting access to system only camera 7, inadequete permissions
08-06 16:47:52.130  2909  3167 W CameraService: Rejecting access to system only camera 6, inadequete permissions
08-06 16:47:52.130  2909  3167 W CameraService: Rejecting access to system only camera 7, inadequete permissions
08-06 16:47:52.129 16464 25219 I MCAM_CameraCloudConfig: CloudConfigInfo: {"moduleKey":"camera_dynamic","itemInfo":[]}
08-06 16:47:52.130  2909  3167 W CameraService: Rejecting access to system only camera 7, inadequete permissions
08-06 16:47:52.132 15692 25207 I AdrenoVK-0: QUALCOMM build          : 0c7c4b37d5, I3988f0db60
08-06 16:47:52.132 15692 25207 I AdrenoVK-0: Build Date              : 10/18/24
08-06 16:47:52.132 15692 25207 I AdrenoVK-0: Shader Compiler Version : E031.45.02.19
08-06 16:47:52.132 15692 25207 I AdrenoVK-0: Local Branch            : 
08-06 16:47:52.132 15692 25207 I AdrenoVK-0: Remote Branch           : refs/tags/AU_LINUX_ANDROID_LA.VENDOR.14.3.0.R1.00.00.00.000.168
08-06 16:47:52.132 15692 25207 I AdrenoVK-0: Remote Branch           : NONE
08-06 16:47:52.132 15692 25207 I AdrenoVK-0: Reconstruct Branch      : NOTHING
08-06 16:47:52.132 15692 25207 I AdrenoVK-0: Build Config            : S P 16.1.2 AArch64
08-06 16:47:52.132 15692 25207 I AdrenoVK-0: Driver Path             : /vendor/lib64/hw/vulkan.adreno.so
08-06 16:47:52.132 15692 25207 I AdrenoVK-0: Driver Version          : 0762.30
08-06 16:47:52.132 15692 25207 I AdrenoVK-0: PFP                     : 0x01520175
08-06 16:47:52.132 15692 25207 I AdrenoVK-0: ME                      : 0x01520023
08-06 16:47:52.132 15692 25207 I AdrenoVK-0: Application Name    : 
08-06 16:47:52.132 15692 25207 I AdrenoVK-0: Application Version : 0x00000001
08-06 16:47:52.132 15692 25207 I AdrenoVK-0: Engine Name         : 
08-06 16:47:52.132 15692 25207 I AdrenoVK-0: Engine Version      : 0x00000001
08-06 16:47:52.132 15692 25207 I AdrenoVK-0: Api Version         : 0x00403000
08-06 16:47:52.133 25186 25214 W chromium: [WARNING:content/child/runtime_features.cc:556] Fenced frames cannot be enabled in this configuration. Use --enable-features=FencedFrames instead.
08-06 16:47:52.133 25186 25214 W chromium: [WARNING:content/child/runtime_features.cc:581] Topics cannot be enabled in this configuration. Use --enable-features=BrowsingTopics in addition.
08-06 16:47:52.133 25186 25214 W chromium: [WARNING:content/child/runtime_features.cc:602] SharedStorage cannot be enabled in this configuration. Use --enable-features=SharedStorageAPI in addition.
08-06 16:47:52.134 15692 25037 W libc    : Access denied finding property "vendor.camera.aux.packagelist"
08-06 16:47:52.134 15692 25037 W libc    : Access denied finding property "vendor.camera.aux.packagelistext"
08-06 16:47:52.135 15692 25037 W CameraManagerGlobal: ignore the torch status update of camera: 2
08-06 16:47:52.136 15692 25037 W libc    : Access denied finding property "vendor.camera.aux.packagelist"
08-06 16:47:52.136 15692 25037 W libc    : Access denied finding property "vendor.camera.aux.packagelistext"
08-06 16:47:52.136 15692 25037 W CameraManagerGlobal: ignore the torch status update of camera: 3
08-06 16:47:52.136 15692 25037 W libc    : Access denied finding property "vendor.camera.aux.packagelist"
08-06 16:47:52.136 15692 25037 W libc    : Access denied finding property "vendor.camera.aux.packagelistext"
08-06 16:47:52.136 15692 25037 W CameraManagerGlobal: ignore the torch status update of camera: 4
08-06 16:47:52.136 15692 25098 W libc    : Access denied finding property "vendor.camera.aux.packagelist"
08-06 16:47:52.136 15692 25098 W libc    : Access denied finding property "vendor.camera.aux.packagelistext"
08-06 16:47:52.136 15692 25098 W CameraManagerGlobal: ignore the torch status update of camera: 5
08-06 16:47:52.137 15692 25098 W libc    : Access denied finding property "vendor.camera.aux.packagelist"
08-06 16:47:52.137 15692 25098 W libc    : Access denied finding property "vendor.camera.aux.packagelistext"
08-06 16:47:52.137 15692 25098 W CameraManagerGlobal: ignore the torch status update of camera: 8
08-06 16:47:52.140 16464 25219 W MCAM_CloudDynamicInfoDataSource: Local configuration does not exist.
08-06 16:47:52.143 16464 25219 I MCAM_MIVIHelper: setInfo2Hal: empty info
08-06 16:47:52.148  2474 10069 I ClipboardServiceI: checkProviderWakePathForClipboard: primaryClip is null
08-06 16:47:52.149  1865  1865 I vendor.qti.hardware.servicetrackeraidl-service: bindService is called for service : com.ups.mobile.android/org.chromium.content.app.SandboxedProcessService0:0 and for client com.ups.mobile.android
08-06 16:47:52.149  1865  1865 I vendor.qti.hardware.servicetrackeraidl-service: total connections for service : com.ups.mobile.android/org.chromium.content.app.SandboxedProcessService0:0are :1
08-06 16:47:52.149  1865  1865 I vendor.qti.hardware.servicetrackeraidl-service: total connections for client : com.ups.mobile.androidare :5
08-06 16:47:52.151  2741  3030 I FontLog : (REDACTED) Received query %s, URI %s
08-06 16:47:52.151  2741  3030 I FontLog : (REDACTED) Query [%s] resolved to %s
08-06 16:47:52.153  2741  3030 I FontLog : (REDACTED) Font PFD returned from cache for %s
08-06 16:47:52.153  2741  3030 I FontLog : (REDACTED) Fetch %s end status %s
08-06 16:47:52.154  2741  3030 I FontLog : (REDACTED) Pulling font file for id = %d, cache size = %d
08-06 16:47:52.155  2741  8428 I FontLog : (REDACTED) Received query %s, URI %s
08-06 16:47:52.155  2741  8428 I FontLog : (REDACTED) Query [%s] resolved to %s
08-06 16:47:52.156  2741  8428 I FontLog : (REDACTED) Fetch %s end status %s
08-06 16:47:52.156  2741  8428 I FontLog : (REDACTED) Pulling font file for id = %d, cache size = %d
08-06 16:47:52.157  2741  8428 I FontLog : (REDACTED) Received query %s, URI %s
08-06 16:47:52.157  2741  8428 I FontLog : (REDACTED) Query [%s] resolved to %s
08-06 16:47:52.157 15678 15886 I HeavyPackageIdentify: splitMode: false, splitPackages: null, foregroundPkg: com.android.permissioncontroller
08-06 16:47:52.157  2741  8428 I FontLog : (REDACTED) Font PFD returned from cache for %s
08-06 16:47:52.157  2741  8428 I FontLog : (REDACTED) Fetch %s end status %s
08-06 16:47:52.158  2741  8428 I FontLog : (REDACTED) Pulling font file for id = %d, cache size = %d
08-06 16:47:52.158  2741  8428 I FontLog : (REDACTED) Received query %s, URI %s
08-06 16:47:52.158