08-06 16:47:37.200 14191 14606 W WakelockManagerService: uid: 10077 is unblock state
08-06 16:47:37.200 14191 14606 W WakelockManagerService: uid: 10078 is unblock state
08-06 16:47:37.200 14191 14606 W WakelockManagerService: uid: 10079 is unblock state
08-06 16:47:37.200 14191 14606 W WakelockManagerService: uid: 10080 is unblock state
08-06 16:47:37.200 14191 14606 W WakelockManagerService: uid: 10081 is unblock state
08-06 16:47:37.200 14191 14606 W WakelockManagerService: uid: 10082 is unblock state
08-06 16:47:37.200 14191 14606 W WakelockManagerService: uid: 10083 is unblock state
08-06 16:47:37.200 14191 14606 W WakelockManagerService: uid: 10084 is unblock state
08-06 16:47:37.200 14191 14606 W WakelockManagerService: uid: 10085 is unblock state
08-06 16:47:37.200 14191 14606 W WakelockManagerService: uid: 10086 is unblock state
08-06 16:47:37.200 14191 14606 W WakelockManagerService: uid: 10087 is unblock state
08-06 16:47:37.200 14191 14606 W WakelockManagerService: uid: 10088 is unblock state
08-06 16:47:37.200 14191 14606 W WakelockManagerService: uid: 10089 is unblock state
08-06 16:47:37.200 14191 14606 W WakelockManagerService: uid: 10090 is unblock state
08-06 16:47:37.200 14191 14606 W WakelockManagerService: uid: 10091 is unblock state
08-06 16:47:37.200 14191 14606 W WakelockManagerService: uid: 10092 is unblock state
08-06 16:47:37.200 14191 14606 W WakelockManagerService: uid: 10093 is unblock state
08-06 16:47:37.200 14191 14606 W WakelockManagerService: uid: 10094 is unblock state
08-06 16:47:37.200 14191 14606 W WakelockManagerService: uid: 10095 is unblock state
08-06 16:47:37.200 14191 14606 W WakelockManagerService: uid: 10096 is unblock state
08-06 16:47:37.200 14191 14606 W WakelockManagerService: uid: 10097 is unblock state
08-06 16:47:37.200 14191 14606 W WakelockManagerService: uid: 10098 is unblock state
08-06 16:47:37.200 14191 14606 W WakelockManagerService: uid: 10099 is unblock state
08-06 16:47:37.200 14191 14606 W WakelockManagerService: uid: 10100 is unblock state
08-06 16:47:37.200 14191 14606 W WakelockManagerService: uid: 10101 is unblock state
08-06 16:47:37.200 14191 14606 W WakelockManagerService: uid: 10102 is unblock state
08-06 16:47:37.200 14191 14606 W WakelockManagerService: uid: 10103 is unblock state
08-06 16:47:37.200 14191 14606 W WakelockManagerService: uid: 10104 is unblock state
08-06 16:47:37.200 14191 14606 W WakelockManagerService: uid: 10105 is unblock state
08-06 16:47:37.200 14191 14606 W WakelockManagerService: uid: 10106 is unblock state
08-06 16:47:37.200 14191 14606 W WakelockManagerService: uid: 10107 is unblock state
08-06 16:47:37.200 14191 14606 W WakelockManagerService: uid: 10108 is unblock state
08-06 16:47:37.200 14191 14606 W WakelockManagerService: uid: 10109 is unblock state
08-06 16:47:37.200 14191 14606 W WakelockManagerService: uid: 10110 is unblock state
08-06 16:47:37.200 14191 14606 W WakelockManagerService: uid: 10111 is unblock state
08-06 16:47:37.200 14191 14606 W WakelockManagerService: uid: 10112 is unblock state
08-06 16:47:37.200 14191 14606 W WakelockManagerService: uid: 10113 is unblock state
08-06 16:47:37.200 14191 14606 W WakelockManagerService: uid: 10114 is unblock state
08-06 16:47:37.200 14191 14606 W WakelockManagerService: uid: 10115 is unblock state
08-06 16:47:37.200 14191 14606 W WakelockManagerService: uid: 10116 is unblock state
08-06 16:47:37.200 14191 14606 W WakelockManagerService: uid: 10117 is unblock state
08-06 16:47:37.200 14191 14606 W WakelockManagerService: uid: 10118 is unblock state
08-06 16:47:37.200 14191 14606 W WakelockManagerService: uid: 10119 is unblock state
08-06 16:47:37.200 14191 14606 W WakelockManagerService: uid: 10120 is unblock state
08-06 16:47:37.200 14191 14606 W WakelockManagerService: uid: 10121 is unblock state
08-06 16:47:37.200 14191 14606 W WakelockManagerService: uid: 10122 is unblock state
08-06 16:47:37.200 14191 14606 W WakelockManagerService: uid: 10123 is unblock state
08-06 16:47:37.200 14191 14606 W WakelockManagerService: uid: 10124 is unblock state
08-06 16:47:37.200 14191 14606 W WakelockManagerService: uid: 10125 is unblock state
08-06 16:47:37.200 14191 14606 W WakelockManagerService: uid: 10126 is unblock state
08-06 16:47:37.200 14191 14606 W WakelockManagerService: uid: 10127 is unblock state
08-06 16:47:37.201 14191 14606 W WakelockManagerService: uid: 10128 is unblock state
08-06 16:47:37.201 14191 14606 W WakelockManagerService: uid: 10129 is unblock state
08-06 16:47:37.201 14191 14606 W WakelockManagerService: uid: 10130 is unblock state
08-06 16:47:37.201 14191 14606 W WakelockManagerService: uid: 10131 is unblock state
08-06 16:47:37.201 14191 14606 W WakelockManagerService: uid: 10132 is unblock state
08-06 16:47:37.201 14191 14606 W WakelockManagerService: uid: 10134 is unblock state
08-06 16:47:37.201 14191 14606 W WakelockManagerService: uid: 10135 is unblock state
08-06 16:47:37.201 14191 14606 W WakelockManagerService: uid: 10136 is unblock state
08-06 16:47:37.201 14191 14606 W WakelockManagerService: uid: 10137 is unblock state
08-06 16:47:37.201 14191 14606 W WakelockManagerService: uid: 10138 is unblock state
08-06 16:47:37.201 14191 14606 W WakelockManagerService: uid: 10139 is unblock state
08-06 16:47:37.201 14191 14606 W WakelockManagerService: uid: 10140 is unblock state
08-06 16:47:37.201 14191 14606 W WakelockManagerService: uid: 10141 is unblock state
08-06 16:47:37.201 14191 14606 W WakelockManagerService: uid: 10142 is unblock state
08-06 16:47:37.201 14191 14606 W WakelockManagerService: uid: 10143 is unblock state
08-06 16:47:37.201 14191 14606 W WakelockManagerService: uid: 10144 is unblock state
08-06 16:47:37.201 14191 14606 W WakelockManagerService: uid: 10145 is unblock state
08-06 16:47:37.201 14191 14606 W WakelockManagerService: uid: 10146 is unblock state
08-06 16:47:37.201 14191 14606 W WakelockManagerService: uid: 10147 is unblock state
08-06 16:47:37.201 14191 14606 W WakelockManagerService: uid: 10148 is unblock state
08-06 16:47:37.201 14191 14606 W WakelockManagerService: uid: 10149 is unblock state
08-06 16:47:37.201 14191 14606 W WakelockManagerService: uid: 10150 is unblock state
08-06 16:47:37.201 14191 14606 W WakelockManagerService: uid: 10151 is unblock state
08-06 16:47:37.201 14191 14606 W WakelockManagerService: uid: 10152 is unblock state
08-06 16:47:37.201 14191 14606 W WakelockManagerService: uid: 10153 is unblock state
08-06 16:47:37.201 14191 14606 W WakelockManagerService: uid: 10154 is unblock state
08-06 16:47:37.201 14191 14606 W WakelockManagerService: uid: 10155 is unblock state
08-06 16:47:37.201 14191 14606 W WakelockManagerService: uid: 10156 is unblock state
08-06 16:47:37.201 14191 14606 W WakelockManagerService: uid: 10157 is unblock state
08-06 16:47:37.201 14191 14606 W WakelockManagerService: uid: 10158 is unblock state
08-06 16:47:37.201 14191 14606 W WakelockManagerService: uid: 10159 is unblock state
08-06 16:47:37.201 14191 14606 W WakelockManagerService: uid: 10160 is unblock state
08-06 16:47:37.201 14191 14606 W WakelockManagerService: uid: 10161 is unblock state
08-06 16:47:37.201 14191 14606 W WakelockManagerService: uid: 10162 is unblock state
08-06 16:47:37.201 14191 14606 W WakelockManagerService: uid: 10163 is unblock state
08-06 16:47:37.201 14191 14606 W WakelockManagerService: uid: 10164 is unblock state
08-06 16:47:37.201 14191 14606 W WakelockManagerService: uid: 10165 is unblock state
08-06 16:47:37.201 14191 14606 W WakelockManagerService: uid: 10166 is unblock state
08-06 16:47:37.201 14191 14606 W WakelockManagerService: uid: 10167 is unblock state
08-06 16:47:37.201 14191 14606 W WakelockManagerService: uid: 10168 is unblock state
08-06 16:47:37.201 14191 14606 W WakelockManagerService: uid: 10169 is unblock state
08-06 16:47:37.201 14191 14606 W WakelockManagerService: uid: 10170 is unblock state
08-06 16:47:37.201 14191 14606 W WakelockManagerService: uid: 10171 is unblock state
08-06 16:47:37.201 14191 14606 W WakelockManagerService: uid: 10172 is unblock state
08-06 16:47:37.201 14191 14606 W WakelockManagerService: uid: 10173 is unblock state
08-06 16:47:37.201 14191 14606 W WakelockManagerService: uid: 10174 is unblock state
08-06 16:47:37.201 14191 14606 W WakelockManagerService: uid: 10175 is unblock state
08-06 16:47:37.201 14191 14606 W WakelockManagerService: uid: 10176 is unblock state
08-06 16:47:37.201 14191 14606 W WakelockManagerService: uid: 10177 is unblock state
08-06 16:47:37.201 14191 14606 W WakelockManagerService: uid: 10178 is unblock state
08-06 16:47:37.201 14191 14606 W WakelockManagerService: uid: 10179 is unblock state
08-06 16:47:37.201 14191 14606 W WakelockManagerService: uid: 10180 is unblock state
08-06 16:47:37.201 14191 14606 W WakelockManagerService: uid: 10181 is unblock state
08-06 16:47:37.201 14191 14606 W WakelockManagerService: uid: 10182 is unblock state
08-06 16:47:37.201 14191 14606 W WakelockManagerService: uid: 10183 is unblock state
08-06 16:47:37.201 14191 14606 W WakelockManagerService: uid: 10184 is unblock state
08-06 16:47:37.202 14191 14606 W WakelockManagerService: uid: 10185 is unblock state
08-06 16:47:37.202 14191 14606 W WakelockManagerService: uid: 10186 is unblock state
08-06 16:47:37.202 14191 14606 W WakelockManagerService: uid: 10187 is unblock state
08-06 16:47:37.202 14191 14606 W WakelockManagerService: uid: 10188 is unblock state
08-06 16:47:37.202 14191 14606 W WakelockManagerService: uid: 10189 is unblock state
08-06 16:47:37.202 14191 14606 W WakelockManagerService: uid: 10190 is unblock state
08-06 16:47:37.202 14191 14606 W WakelockManagerService: uid: 10191 is unblock state
08-06 16:47:37.202 14191 14606 W WakelockManagerService: uid: 10192 is unblock state
08-06 16:47:37.202 14191 14606 W WakelockManagerService: uid: 10193 is unblock state
08-06 16:47:37.202 14191 14606 W WakelockManagerService: uid: 10194 is unblock state
08-06 16:47:37.202 14191 14606 W WakelockManagerService: uid: 10195 is unblock state
08-06 16:47:37.202 14191 14606 W WakelockManagerService: uid: 10196 is unblock state
08-06 16:47:37.202 14191 14606 W WakelockManagerService: uid: 10197 is unblock state
08-06 16:47:37.202 14191 14606 W WakelockManagerService: uid: 10198 is unblock state
08-06 16:47:37.202 14191 14606 W WakelockManagerService: uid: 10199 is unblock state
08-06 16:47:37.202 14191 14606 W WakelockManagerService: uid: 10200 is unblock state
08-06 16:47:37.202 14191 14606 W WakelockManagerService: uid: 10201 is unblock state
08-06 16:47:37.202 14191 14606 W WakelockManagerService: uid: 10202 is unblock state
08-06 16:47:37.202 14191 14606 W WakelockManagerService: uid: 10203 is unblock state
08-06 16:47:37.202 14191 14606 W WakelockManagerService: uid: 10204 is unblock state
08-06 16:47:37.202 14191 14606 W WakelockManagerService: uid: 10205 is unblock state
08-06 16:47:37.202 14191 14606 W WakelockManagerService: uid: 10206 is unblock state
08-06 16:47:37.202 14191 14606 W WakelockManagerService: uid: 10207 is unblock state
08-06 16:47:37.202 14191 14606 W WakelockManagerService: uid: 10208 is unblock state
08-06 16:47:37.202 14191 14606 W WakelockManagerService: uid: 10209 is unblock state
08-06 16:47:37.202 14191 14606 W WakelockManagerService: uid: 10210 is unblock state
08-06 16:47:37.202 14191 14606 W WakelockManagerService: uid: 10211 is unblock state
08-06 16:47:37.202 14191 14606 W WakelockManagerService: uid: 10212 is unblock state
08-06 16:47:37.202 14191 14606 W WakelockManagerService: uid: 10213 is unblock state
08-06 16:47:37.202 14191 14606 W WakelockManagerService: uid: 10214 is unblock state
08-06 16:47:37.202 14191 14606 W WakelockManagerService: uid: 10215 is unblock state
08-06 16:47:37.202 14191 14606 W WakelockManagerService: uid: 10216 is unblock state
08-06 16:47:37.202 14191 14606 W WakelockManagerService: uid: 10217 is unblock state
08-06 16:47:37.202 14191 14606 W WakelockManagerService: uid: 10218 is unblock state
08-06 16:47:37.202 14191 14606 W WakelockManagerService: uid: 10219 is unblock state
08-06 16:47:37.202 14191 14606 W WakelockManagerService: uid: 10220 is unblock state
08-06 16:47:37.202 14191 14606 W WakelockManagerService: uid: 10221 is unblock state
08-06 16:47:37.202 14191 14606 W WakelockManagerService: uid: 10222 is unblock state
08-06 16:47:37.202 14191 14606 W WakelockManagerService: uid: 10223 is unblock state
08-06 16:47:37.202 14191 14606 W WakelockManagerService: uid: 10224 is unblock state
08-06 16:47:37.202 14191 14606 W WakelockManagerService: uid: 10225 is unblock state
08-06 16:47:37.202 14191 14606 W WakelockManagerService: uid: 10226 is unblock state
08-06 16:47:37.202 14191 14606 W WakelockManagerService: uid: 10227 is unblock state
08-06 16:47:37.202 14191 14606 W WakelockManagerService: uid: 10228 is unblock state
08-06 16:47:37.202 14191 14606 W WakelockManagerService: uid: 10229 is unblock state
08-06 16:47:37.202 14191 14606 W WakelockManagerService: uid: 10230 is unblock state
08-06 16:47:37.202 14191 14606 W WakelockManagerService: uid: 10231 is unblock state
08-06 16:47:37.202 14191 14606 W WakelockManagerService: uid: 10232 is unblock state
08-06 16:47:37.202 14191 14606 W WakelockManagerService: uid: 10233 is unblock state
08-06 16:47:37.202 14191 14606 W WakelockManagerService: uid: 10234 is unblock state
08-06 16:47:37.202 14191 14606 W WakelockManagerService: uid: 10235 is unblock state
08-06 16:47:37.202 14191 14606 W WakelockManagerService: uid: 10236 is unblock state
08-06 16:47:37.202 14191 14606 W WakelockManagerService: uid: 10237 is unblock state
08-06 16:47:37.202 14191 14606 W WakelockManagerService: uid: 10238 is unblock state
08-06 16:47:37.202 14191 14606 W WakelockManagerService: uid: 10239 is unblock state
08-06 16:47:37.202 14191 14606 W WakelockManagerService: uid: 10240 is unblock state
08-06 16:47:37.202 14191 14606 W WakelockManagerService: uid: 10241 is unblock state
08-06 16:47:37.202 14191 14606 W WakelockManagerService: uid: 10242 is unblock state
08-06 16:47:37.202 14191 14606 W WakelockManagerService: uid: 10243 is unblock state
08-06 16:47:37.202 14191 14606 W WakelockManagerService: uid: 10244 is unblock state
08-06 16:47:37.202 14191 14606 W WakelockManagerService: uid: 10245 is unblock state
08-06 16:47:37.202 14191 14606 W WakelockManagerService: uid: 10246 is unblock state
08-06 16:47:37.202 14191 14606 W WakelockManagerService: uid: 10247 is unblock state
08-06 16:47:37.202 14191 14606 W WakelockManagerService: uid: 10248 is unblock state
08-06 16:47:37.202 14191 14606 W WakelockManagerService: uid: 10249 is unblock state
08-06 16:47:37.202 14191 14606 W WakelockManagerService: uid: 10250 is unblock state
08-06 16:47:37.202 14191 14606 W WakelockManagerService: uid: 10251 is unblock state
08-06 16:47:37.202 14191 14606 W WakelockManagerService: uid: 10252 is unblock state
08-06 16:47:37.202 14191 14606 W WakelockManagerService: uid: 10253 is unblock state
08-06 16:47:37.202 14191 14606 W WakelockManagerService: uid: 10254 is unblock state
08-06 16:47:37.202 14191 14606 W WakelockManagerService: uid: 10255 is unblock state
08-06 16:47:37.202 14191 14606 W WakelockManagerService: uid: 10256 is unblock state
08-06 16:47:37.202 14191 14606 W WakelockManagerService: uid: 10257 is unblock state
08-06 16:47:37.202 14191 14606 W WakelockManagerService: uid: 10258 is unblock state
08-06 16:47:37.202 14191 14606 W WakelockManagerService: uid: 10259 is unblock state
08-06 16:47:37.202 14191 14606 W WakelockManagerService: uid: 10260 is unblock state
08-06 16:47:37.202 14191 14606 W WakelockManagerService: uid: 10261 is unblock state
08-06 16:47:37.202 14191 14606 W WakelockManagerService: uid: 10262 is unblock state
08-06 16:47:37.202 14191 14606 W WakelockManagerService: uid: 10263 is unblock state
08-06 16:47:37.202 14191 14606 W WakelockManagerService: uid: 10265 is unblock state
08-06 16:47:37.202 14191 14606 W WakelockManagerService: uid: 10266 is unblock state
08-06 16:47:37.203 14191 14606 W WakelockManagerService: uid: 10267 is unblock state
08-06 16:47:37.203 14191 14606 W WakelockManagerService: uid: 10268 is unblock state
08-06 16:47:37.203 14191 14606 W WakelockManagerService: uid: 10269 is unblock state
08-06 16:47:37.203 14191 14606 W WakelockManagerService: uid: 10270 is unblock state
08-06 16:47:37.203 14191 14606 W WakelockManagerService: uid: 10271 is unblock state
08-06 16:47:37.203 14191 14606 W WakelockManagerService: uid: 10272 is unblock state
08-06 16:47:37.203 14191 14606 W WakelockManagerService: uid: 10273 is unblock state
08-06 16:47:37.203 14191 14606 W WakelockManagerService: uid: 10274 is unblock state
08-06 16:47:37.203 14191 14606 W WakelockManagerService: uid: 10275 is unblock state
08-06 16:47:37.203 14191 14606 W WakelockManagerService: uid: 10276 is unblock state
08-06 16:47:37.203 14191 14606 W WakelockManagerService: uid: 10277 is unblock state
08-06 16:47:37.203 14191 14606 W WakelockManagerService: uid: 10278 is unblock state
08-06 16:47:37.203 14191 14606 W WakelockManagerService: uid: 10279 is unblock state
08-06 16:47:37.203 14191 14606 W WakelockManagerService: uid: 10280 is unblock state
08-06 16:47:37.203 14191 14606 W WakelockManagerService: uid: 10281 is unblock state
08-06 16:47:37.203 14191 14606 W WakelockManagerService: uid: 10282 is unblock state
08-06 16:47:37.203 14191 14606 W WakelockManagerService: uid: 10283 is unblock state
08-06 16:47:37.203 14191 14606 W WakelockManagerService: uid: 10285 is unblock state
08-06 16:47:37.203 14191 14606 W WakelockManagerService: uid: 10286 is unblock state
08-06 16:47:37.203 14191 14606 W WakelockManagerService: uid: 10287 is unblock state
08-06 16:47:37.203 14191 14606 W WakelockManagerService: uid: 10288 is unblock state
08-06 16:47:37.203 14191 14606 W WakelockManagerService: uid: 10289 is unblock state
08-06 16:47:37.203 14191 14606 W WakelockManagerService: uid: 10290 is unblock state
08-06 16:47:37.203 14191 14606 W WakelockManagerService: uid: 10291 is unblock state
08-06 16:47:37.203 14191 14606 W WakelockManagerService: uid: 10292 is unblock state
08-06 16:47:37.203 14191 14606 W WakelockManagerService: uid: 10293 is unblock state
08-06 16:47:37.203 14191 14606 W WakelockManagerService: uid: 10294 is unblock state
08-06 16:47:37.203 14191 14606 W WakelockManagerService: uid: 10296 is unblock state
08-06 16:47:37.203 14191 14606 W WakelockManagerService: uid: 10298 is unblock state
08-06 16:47:37.203 14191 14606 W WakelockManagerService: uid: 10299 is unblock state
08-06 16:47:37.203 14191 14606 W WakelockManagerService: uid: 10300 is unblock state
08-06 16:47:37.203 14191 14606 W WakelockManagerService: uid: 10301 is unblock state
08-06 16:47:37.203 14191 14606 W WakelockManagerService: uid: 10303 is unblock state
08-06 16:47:37.203 14191 14606 W WakelockManagerService: uid: 10304 is unblock state
08-06 16:47:37.203 14191 14606 W WakelockManagerService: uid: 10307 is unblock state
08-06 16:47:37.203 14191 14606 W WakelockManagerService: uid: 10308 is unblock state
08-06 16:47:37.203 14191 14606 W WakelockManagerService: uid: 10309 is unblock state
08-06 16:47:37.203 14191 14606 W WakelockManagerService: uid: 10310 is unblock state
08-06 16:47:37.203 14191 14606 W WakelockManagerService: uid: 10311 is unblock state
08-06 16:47:37.203 14191 14606 W WakelockManagerService: uid: 10313 is unblock state
08-06 16:47:37.203 14191 14606 W WakelockManagerService: uid: 10314 is unblock state
08-06 16:47:37.203 14191 14606 W WakelockManagerService: uid: 10315 is unblock state
08-06 16:47:37.203 14191 14606 W WakelockManagerService: uid: 10316 is unblock state
08-06 16:47:37.203 14191 14606 W WakelockManagerService: uid: 10317 is unblock state
08-06 16:47:37.203 14191 14606 W WakelockManagerService: uid: 10318 is unblock state
08-06 16:47:37.203 14191 14606 W WakelockManagerService: uid: 10320 is unblock state
08-06 16:47:37.203 14191 14606 W WakelockManagerService: uid: 10321 is unblock state
08-06 16:47:37.203 14191 14606 W WakelockManagerService: uid: 10323 is unblock state
08-06 16:47:37.203 14191 14606 W WakelockManagerService: uid: 10324 is unblock state
08-06 16:47:37.203 14191 14606 W WakelockManagerService: uid: 10326 is unblock state
08-06 16:47:37.203 14191 14606 W WakelockManagerService: uid: 10327 is unblock state
08-06 16:47:37.203 14191 14606 W WakelockManagerService: uid: 10328 is unblock state
08-06 16:47:37.203 14191 14606 W WakelockManagerService: uid: 10329 is unblock state
08-06 16:47:37.203 14191 14606 W WakelockManagerService: uid: 10330 is unblock state
08-06 16:47:37.203 14191 14606 W WakelockManagerService: uid: 10331 is unblock state
08-06 16:47:37.203 14191 14606 W WakelockManagerService: uid: 10332 is unblock state
08-06 16:47:37.203 14191 14606 W WakelockManagerService: uid: 10333 is unblock state
08-06 16:47:37.203 14191 14606 W WakelockManagerService: uid: 10334 is unblock state
08-06 16:47:37.203 14191 14606 W WakelockManagerService: uid: 10335 is unblock state
08-06 16:47:37.203 14191 14606 W WakelockManagerService: uid: 10336 is unblock state
08-06 16:47:37.203 14191 14606 W WakelockManagerService: uid: 10337 is unblock state
08-06 16:47:37.203 14191 14606 W WakelockManagerService: uid: 10338 is unblock state
08-06 16:47:37.203 14191 14606 W WakelockManagerService: uid: 10339 is unblock state
08-06 16:47:37.203 14191 14606 W WakelockManagerService: uid: 10340 is unblock state
08-06 16:47:37.203 14191 14606 W WakelockManagerService: uid: 10341 is unblock state
08-06 16:47:37.308  2474  2635 I system_server: This is non sticky GC, maxfree is 16777216 minfree is 8388608
08-06 16:47:37.309  2474  2635 I system_server: Background concurrent copying GC freed 41MB AllocSpace bytes, 123(2752KB) LOS objects, 36% free, 83MB/131MB, paused 116us,139us total 260.314ms
08-06 16:47:37.322  1843  3496 I vendor.qti.hardware.display.composer-service: Sensor: notify citsensorservice to trigger cwb, misForced = 0
08-06 16:47:37.323  3050  4554 I libsensor-parseRGB: request dump start for mRequestDisplayId 0
08-06 16:47:37.324  2474  2638 W System  : A resource failed to call close. 
08-06 16:47:37.327  3050  4560 I libsensor-boledalgo: dbv:406,lux:215.5,cct:6168.2,hsv:-1.0,dc:0CWB R:3168.5,G:7737.4,B:4934.2Event C:15646.1,R:8760.5,G:5338.1,B:3261.3Cali C:1044.2,R:545.7,G:239.4,B:123.3 
08-06 16:47:37.346  3050  4604 E libsensor-parseRGB: CWB NotifyCWBBufferDone  error 0
08-06 16:47:37.364  7177 24408 W Conscrypt: Could not set socket write timeout: java.net.SocketException: Socket closed
08-06 16:47:37.364  7177 24408 W Conscrypt: 	at com.google.android.gms.org.conscrypt.Platform.setSocketWriteTimeout(:com.google.android.gms@252834035@25.28.34 (260400-787197649):204)
08-06 16:47:37.364  7177 24408 W Conscrypt: 	at com.google.android.gms.org.conscrypt.ConscryptFileDescriptorSocket.setSoWriteTimeout(:com.google.android.gms@252834035@25.28.34 (260400-787197649):4)
08-06 16:47:37.502  1843  2051 I SDM     : DisplayBase::CommitThread: Received idle timeout, panel: cmd, timeout: 70000 us
08-06 16:47:37.539  1843  2428 I SDM     : HWCDisplay::SetActiveConfigWithConstraints: display:66-0, config: 1, WxH 1200x2670, fps 120
08-06 16:47:37.539  1843  2428 W SDM     : HWDeviceDRM::GetSupportedBitClkRate: Requested rate not supported: 1150000000
08-06 16:47:37.539  1843  2428 I SDM     : HWDeviceDRM::UpdateMixerAttributes: Mixer WxH 1200x2670-1 for Peripheral
08-06 16:47:37.539  1843  2428 I SDM     : HWCDisplay::SubmitDisplayConfig: Active configuration changed from config 3 to 1
08-06 16:47:37.539  1843  2428 I SDM     : HWCDisplay::SubmitDisplayConfig: Active WxH 1200x2670 ,ddic_mode:idle, timing_fps: 120, sf_fps: 120
08-06 16:47:37.540  1843  3496 I vendor.qti.hardware.display.composer-service: Sensor: notify citsensorservice to trigger cwb, misForced = 0
08-06 16:47:37.541  3050  4554 I libsensor-parseRGB: request dump start for mRequestDisplayId 0
08-06 16:47:37.552  2474  2745 I SmartPower: com.miui.systemAdSolution/10168(17757): idle->background(5648ms) R(broadcast start Intent { act=android.intent.action.PACKAGE_ADDED dat=package: flg=0x4000010 (has extras) }) adj=100.
08-06 16:47:37.557 16543 16543 I Finsky  : [2] yag.g(1): yag - Received: android.intent.action.PACKAGE_ADDED, [TJ_Ieq1YxTsfUQs1gx0NsU82lzzb54zDOsZIiOua1ec]
08-06 16:47:37.558  2474 10069 W ParceledListSlice: Element #20 is 29016 bytes.
08-06 16:47:37.561 17757 17834 I Ad      : isPersonalizedAdEnabled getAdSettings: 1
08-06 16:47:37.562  3050  3078 E libsensor-parseRGB: CWB NotifyCWBBufferDone  error 0
08-06 16:47:37.563  2474  3106 W ParceledListSlice: Element #232 is 19012 bytes.
08-06 16:47:37.564  2474  7257 I MiuiNetworkPolicy: updateUidState uid = 10124, uidState = 11
08-06 16:47:37.566  2474  2745 I SmartPower: com.miui.voiceassist:core/10193(12995): idle->background(5664ms) R(broadcast start Intent { act=android.intent.action.PACKAGE_ADDED dat=package: flg=0x4000010 (has extras) }) adj=100.
08-06 16:47:37.566 13430 13430 I PackageInstallReceiver: action = android.intent.action.PACKAGE_ADDED packageName = com.ups.mobile.android
08-06 16:47:37.567 13430 13430 I ServiceDeliveryCapability: onAppChanged:com.ups.mobile.android action:android.intent.action.PACKAGE_ADDED
08-06 16:47:37.567 13430 13430 I PackageInstallReceiver: action = android.intent.action.PACKAGE_CHANGED packageName = com.ups.mobile.android
08-06 16:47:37.567 13430 13430 W InstalledPackagesMemoryCache: Unknown action: android.intent.action.PACKAGE_CHANGED
08-06 16:47:37.567 13430 13430 I ServiceDeliveryCapability: onAppChanged:com.ups.mobile.android action:android.intent.action.PACKAGE_CHANGED
08-06 16:47:37.567 13430 13430 I AppWidgetDelegate: updateAppWidgets for com.ups.mobile.android
08-06 16:47:37.567 13430 13430 I WidgetController: WidgetController.updateOrRemoveStackWhenPackageChanged: packageName com.ups.mobile.android
08-06 16:47:37.567 13430 13430 I WidgetBackgroundBlurManager: onAppChanged appPackageName : com.ups.mobile.android
08-06 16:47:37.568 12995 12995 I VA_AiConn:ApkConstants: isPhoneCarLinkApp packageName=com.ups.mobile.android
08-06 16:47:37.568 12995 14768 I VA_AliveCore:AbsCoreManager: msg.what = 1003
08-06 16:47:37.568 12995 14768 E VA_AliveCore:CoreManager: bind thread:id=279;name=CoreAssistInteraction
08-06 16:47:37.568 12995 14768 E VA_AliveCore:CoreManager: not target app
08-06 16:47:37.568 12995 14768 E VA_AliveCore:CoreManager: not target app
08-06 16:47:37.568 12995 14768 I VA_AliveCore:CoreManager: bindAliveServiceApps:com.miui.voicetrigger
08-06 16:47:37.569 13430 14162 I AppWidgetDelegate: removeAllWidgets com.android.calendar.widget.NearEventAppWidget
08-06 16:47:37.569 13430 14162 I AppWidgetDelegate: removeAllWidgets com.xiaomi.misettings.usagestats.widget.desktop.widget.SimpleUsageStatsWidget
08-06 16:47:37.570  2474  2745 W BroadcastQueue: Greezer Denial: sending Intent { act=android.intent.action.PACKAGE_ADDED dat=package: flg=0x4000010 (has extras) }, action: android.intent.action.PACKAGE_ADDED from null (uid=1000) due to receiver ProcessRecord{9356363 21009:com.instagram.android/u0a289} (uid 10289) need cached broadcast
08-06 16:47:37.571 12995 14768 I VA_AliveCore:CoreManager: bindAliveServiceApps: services:[ResolveInfo{b49ff82 com.miui.voicetrigger/.VoiceTriggerService m=0x108000 userHandle=null}]
08-06 16:47:37.571 12995 14768 W VA_AliveConnection: startBind
08-06 16:47:37.571 12995 14768 I VA_AliveConnection: begin unregister
08-06 16:47:37.572 12995 14768 I VA_AliveConnection: begin register
08-06 16:47:37.572  2474  2745 W BroadcastQueue: Greezer Denial: sending Intent { act=android.intent.action.PACKAGE_ADDED dat=package: flg=0x4000010 (has extras) }, action: android.intent.action.PACKAGE_ADDED from null (uid=1000) due to receiver ProcessRecord{d48bcc5 21865:com.skysoft.kkbox.android/u0a285} (uid 10285) need cached broadcast
08-06 16:47:37.572  2474  2745 W BroadcastQueue: Greezer Denial: sending Intent { act=android.intent.action.PACKAGE_CHANGED dat=package: flg=0x5000010 (has extras) }, action: android.intent.action.PACKAGE_CHANGED from null (uid=1000) due to receiver ProcessRecord{d48bcc5 21865:com.skysoft.kkbox.android/u0a285} (uid 10285) need cached broadcast
08-06 16:47:37.574  2474  2745 I SmartPower: com.miui.cleanmaster/10266(17558): idle->background(2325ms) R(broadcast start Intent { act=android.intent.action.PACKAGE_ADDED dat=package: flg=0x4000010 (has extras) }) adj=905.
08-06 16:47:37.575 12995 14768 I VA_AliveConnection: begin unregister
08-06 16:47:37.575 12995 14768 I VA_AliveConnection: begin register
08-06 16:47:37.576 12995 14768 W VA_AliveConnection: voicetrigger process isn't running
08-06 16:47:37.577  2741 24504 I Fitness : (REDACTED) OnPackageChangedOperation got intent: %s
08-06 16:47:37.577  7177 22155 I AppLinksAsyncVerifierV2: (REDACTED) Verification result: checking for a statement with source %s, relation delegate_permission/common.handle_all_urls, and target %s --> %b.
08-06 16:47:37.578  6011  6095 I com.xiaomi.market:new_milink:SafeBroadcastReceiver: a perform cost 0
08-06 16:47:37.578  6011  6082 I com.xiaomi.market:new_milink:SafeBroadcastReceiver: a perform cost 0
08-06 16:47:37.579  6011 24137 I Market-PackageMonitor: [Download/Install] onReceive: android.intent.action.PACKAGE_ADDED, pkg: com.ups.mobile.android
08-06 16:47:37.579  2474 10062 W ParceledListSlice: Element #363 is 25752 bytes.
08-06 16:47:37.580 19029 19639 I auth    : [XMS][Auth] updatePackageInfos in db cnt: 1
08-06 16:47:37.581  6011 24137 I Market-LocalAppManager: add package to list: com.ups.mobile.android
08-06 16:47:37.582 12995 14768 I VA_AliveCore:AliveReport: saveStatusTimeToReportDB serviceName: com.miui.voicetrigger Time: 1754470057576 BootOn: true settingOn: false appOn: false
08-06 16:47:37.586  6011  9788 I Market-LocalAppManager: checkUpdateFromServer : start
08-06 16:47:37.586  6011  9788 I Market-LocalAppManager: getUpdateInfoFromServer : start,isBackground=true
08-06 16:47:37.588  2741 24519 I Fitness : (REDACTED) FitCleanupIntentOperation received Intent %s
08-06 16:47:37.588  7177 16551 I AppLinksAsyncVerifierV2: (REDACTED) Verification result: checking for a statement with source %s, relation delegate_permission/common.handle_all_urls, and target %s --> %b.
08-06 16:47:37.588 13588  9963 I auth    : [XMS][Auth] updatePackageInfos in db cnt: 1
08-06 16:47:37.589 12995 14768 W VA_AliveConnection: service don't need bind
08-06 16:47:37.589 12995 14768 W VA_AliveConnection: unLinkService:ComponentInfo{com.miui.voicetrigger/com.miui.voicetrigger.VoiceTriggerService}
08-06 16:47:37.589 12995 14768 W VA_AliveConnection: service does not bind now. ComponentInfo{com.miui.voicetrigger/com.miui.voicetrigger.VoiceTriggerService}
08-06 16:47:37.589 14107 14422 I VA_AliveCore:ContentObserver: onChange uri = [content://com.xiaomi.assist.report/aliveStatus]
08-06 16:47:37.590 14107 24354 I VA_AliveCore:AliveStatusUploader: queryAliveItem start ,debug false
08-06 16:47:37.590 14107 24354 I VA_AliveCore:AliveStatusUploader: queryAliveItem end ,too often 
08-06 16:47:37.591  3086  3086 I adbd    : in ShellService: ps
08-06 16:47:37.591 16543 24473 I Finsky  : [1022] pcp.accept(129): Wrote row to frosting DB: 1585
08-06 16:47:37.591  6011  9788 I Market-LocalAppManager: getUpdateInfoFromServer : middle
08-06 16:47:37.592  6011  9788 E Market-Client: isSupportChildMode, error: java.lang.NumberFormatException: For input string: ""
08-06 16:47:37.592  9799  9799 I Market-BaseWidgetProvider: BaseWidgetProvider action:com.xiaomi.market.APP_STATUS_CHANGED
08-06 16:47:37.593  9799  9799 I Market-newGameWidgetProvider: newGameWidgetProvider action: com.xiaomi.market.APP_STATUS_CHANGED
08-06 16:47:37.595  6011  9788 I Market-RetrofitRequest: callStart : https://updateinfo.market.xiaomi.com/apm/updateinfo/v2
08-06 16:47:37.595  7177 23023 I AppLinksAsyncVerifierV2: (REDACTED) Verification result: checking for a statement with source %s, relation delegate_permission/common.handle_all_urls, and target %s --> %b.
08-06 16:47:37.596  7177 24531 I AppLinksHostsVerifierV2: (REDACTED) Verification %s complete. Successful hosts: %s. Failed hosts: %s. Error hosts: %s.
08-06 16:47:37.598  7177 24531 I WebApkHostsVerifierV2: (REDACTED) Processing %d input requests
08-06 16:47:37.598  7177 24531 I AppLinksUtilsV1: Legacy cross-profile verification enabled [CONTEXT service_id=244 ]
08-06 16:47:37.599  2474  7257 I MiuiNetworkPolicy: updateUidState uid = 10261, uidState = 10
08-06 16:47:37.599  2474  7257 I MiuiNetworkPolicy: updateUidState uid = 10158, uidState = 10
08-06 16:47:37.600  7177 24531 I WebApkHostsVerifierV2: (REDACTED) Returning %d non-WebAPK requests
08-06 16:47:37.601  6011  9788 I Market-RetrofitRequest: HeaderInterceptor : https://updateinfo.market.xiaomi.com/apm/updateinfo/v2
08-06 16:47:37.602  1865  1865 I vendor.qti.hardware.servicetrackeraidl-service: bindService is called for service : com.miui.cleanmaster/androidx.work.impl.background.systemjob.SystemJobService and for client system
08-06 16:47:37.603  1865  1865 I vendor.qti.hardware.servicetrackeraidl-service: total connections for service : com.miui.cleanmaster/androidx.work.impl.background.systemjob.SystemJobServiceare :1
08-06 16:47:37.603  1865  1865 I vendor.qti.hardware.servicetrackeraidl-service: total connections for client : systemare :28
08-06 16:47:37.603  2741 24521 I ProximityAuth: [RecentAppsMediator] Package added: (user=UserHandle{0}) com.ups.mobile.android
08-06 16:47:37.603  2741 24518 W GCM     : Unexpected forwarded intent: Intent { act=android.intent.action.PACKAGE_ADDED dat=package: flg=0x4000010 pkg=com.google.android.gms cmp=com.google.android.gms/.chimera.PersistentIntentOperationService (has extras) }
08-06 16:47:37.604  6011  9788 E Market-Client: isSupportChildMode, error: java.lang.NumberFormatException: For input string: ""
08-06 16:47:37.604  2741 24504 W NetworkScheduler: Unexpected forwarded intent: Intent { act=android.intent.action.PACKAGE_ADDED dat=package: flg=0x4000010 pkg=com.google.android.gms cmp=com.google.android.gms/.chimera.PersistentIntentOperationService (has extras) }
08-06 16:47:37.604  6011  9788 E Market-Client: isSupportChildMode, error: java.lang.NumberFormatException: For input string: ""
08-06 16:47:37.605  2474  7257 I MiuiNetworkPolicy: updateUidState uid = 10266, uidState = 8
08-06 16:47:37.605  1865  1865 I vendor.qti.hardware.servicetrackeraidl-service: destroyService is called for service : com.google.android.gms/.fitness.service.recording.FitRecordingBroker
08-06 16:47:37.605  6011  6011 I Market-ServiceUtils: startForeground: CheckUpdateService
08-06 16:47:37.606  1850  9924 E ANDR-PERF-LM: MetaMeter: handleAsync() 166: AdaptLaunch Invalid Async
08-06 16:47:37.608  6011  9788 I Market-LimitSpeedManager: startLimitSpeedNow() ====== speed = 32768
08-06 16:47:37.611  7177 24513 I Auth    : (REDACTED) [SupervisedAccountIntentOperationV2] onHandleIntent: %s
08-06 16:47:37.612  2474  8358 W ActivityManager: Foreground service started from background can not have location/camera/microphone access: service com.xiaomi.market/.business_core.update.auto.CheckUpdateService
08-06 16:47:37.612  2474  8358 I ActivityManager: Background started FGS: Allowed [callingPackage: com.xiaomi.market; callingUid: 10167; uidState: SVC ; uidBFSL: n/a; intent: Intent { cmp=com.xiaomi.market/.business_core.update.auto.CheckUpdateService (has extras) }; code:SYSTEM_ALERT_WINDOW_PERMISSION; tempAllowListReason:<,reasonCode:SYSTEM_ALLOW_LISTED,duration:9223372036854775807,callingUid:-1>; targetSdkVersion:33; callerTargetSdkVersion:33; startForegroundCount:0; bindFromPackage:null: isBindService:false]
08-06 16:47:37.612  2474  8358 W ForegroundServiceTypeLoggerModule: Foreground service start for UID: 10167 does not have any types
08-06 16:47:37.612 16543 16543 I Finsky  : [2] adpc.f(9): Clearing split related stale data.
08-06 16:47:37.615  2474  7257 I MiuiNetworkPolicy: updateUidState uid = 10261, uidState = 4
08-06 16:47:37.615  2474  7257 I MiuiNetworkPolicyTrafficLimit: updateWhiteListUidForMobileTraffic uid=10261,add=true
08-06 16:47:37.615  2474  7257 I MiuiNetworkPolicy: updateUidState uid = 10203, uidState = 4
08-06 16:47:37.615  2474  7257 I MiuiNetworkPolicy: updateUidState uid = 10167, uidState = 4
08-06 16:47:37.615  2474  7257 I MiuiNetworkPolicyTrafficLimit: updateWhiteListUidForMobileTraffic uid=10167,add=true
08-06 16:47:37.615  2474  7257 I MiuiNetworkPolicy: updateUidState uid = 10158, uidState = 4
08-06 16:47:37.616  6011 24090 I Market-WakeLockManager: acquire wakeLock: CheckUpdateService for 30000
08-06 16:47:37.617  2474  7257 I MiuiNetworkPolicyTrafficLimit: updateWhiteListUidForMobileTraffic uid=10158,add=true
08-06 16:47:37.617  2474  7257 I MiuiNetworkPolicy: updateUidState uid = 10090, uidState = 4
08-06 16:47:37.617  6011 24090 I Market-CheckUpdateService: force check Update Apps
08-06 16:47:37.617  6011 24090 I Market-LocalAppManager: query update apps from server : begin
08-06 16:47:37.617  6011 24090 I Market-LocalAppManager: checkUpdateFromServer : start
08-06 16:47:37.617  6011 24090 I Market-LocalAppManager: getUpdateInfoFromServer : start,isBackground=true
08-06 16:47:37.617 16543 24473 I Finsky  : [1022] pcp.accept(129): Wrote row to frosting DB: 1586
08-06 16:47:37.619  7177 24529 I Dck     : (REDACTED) disableDckSupport: %s
08-06 16:47:37.619  7177 24529 I Dck     : [WirelessCapabilitiesFeatures] wccSysProp: 1 [CONTEXT service_id=289 ]
08-06 16:47:37.619  7177 24529 I Dck     : [WirelessCapabilitiesFeatures] wccMendel: 3 [CONTEXT service_id=289 ]
08-06 16:47:37.619  7177 24529 I Dck     : [WirelessCapabilitiesFeatures] deviceWccOverride: false [CONTEXT service_id=289 ]
08-06 16:47:37.619  7177 24529 I Dck     : [WirelessCapabilitiesFeatures] replaceSupportedWccWithWccOverride: true [CONTEXT service_id=289 ]
08-06 16:47:37.619  7177 24529 I Dck     : [WirelessCapabilitiesFeatures] wccOverride: not set [CONTEXT service_id=289 ]
08-06 16:47:37.619  7177 24529 I Dck     : (REDACTED) [WirelessCapabilitiesFeatures] wcc: %s
08-06 16:47:37.619  7177 24529 I Dck     : Dck module condition - downloadAllowed: false [CONTEXT service_id=289 ]
08-06 16:47:37.619  1843  2051 I SDM     : DisplayBase::CommitThread: Received idle timeout, panel: cmd, timeout: 70000 us
08-06 16:47:37.619  7177 24529 W Dck     : Dck module not eligible for asynchronous downloading [CONTEXT service_id=289 ]
08-06 16:47:37.621 16543 16543 I Finsky  : [2] kuy.f(9): AIM: AppInfoCacheUpdater -> invalidating apps: [com.ups.mobile.android]
08-06 16:47:37.621 16543 16543 I Finsky  : [2] kvn.g(21): AIM: AppInfoManager-Perf > getApps > called for 1 apps
08-06 16:47:37.622 16543 17042 I Finsky  : [646] kwt.a(55): AIM: AppInfoManager-Perf > OnDeviceAppInfo > cacheHitCount=0, cacheMissCount=1. Missed  in cache (limit 10) : [com.ups.mobile.android]
08-06 16:47:37.623 16543 24489 I Finsky  : [1027] mjw.ajf(151): [ContentSync] finished, scheduled=false
08-06 16:47:37.624 16543 17024 I Finsky  : [641] kuq.apply(1378): AIM: Got app ownership map. App counts: . Unique apps: 0
08-06 16:47:37.625  2741 24518 I Fitness : (REDACTED) OnPackageChangedOperation got intent: %s
08-06 16:47:37.627  9014  9014 I artd    : Dex parent of /data/app/~~BpqRW7Hej7eZAXOr7nVFdg==/com.ups.mobile.android-xBNWAStJYofyotvqMDCQig==/base.apk is not writable: Permission denied
08-06 16:47:37.627  9014  9014 I artd    : GetBestInfo checking odex in dalvik-cache (/data/dalvik-cache/arm64/data@app@~~BpqRW7Hej7eZAXOr7nVFdg==@com.ups.mobile.android-xBNWAStJYofyotvqMDCQig==@base.apk@classes.dex)
08-06 16:47:37.627  9014  9014 I artd    : Loading /data/dalvik-cache/arm64/data@app@~~BpqRW7Hej7eZAXOr7nVFdg==@com.ups.mobile.android-xBNWAStJYofyotvqMDCQig==@base.apk@classes.dex with executable: 0
08-06 16:47:37.627  9014  9014 I artd    : OatFileAssistant test for existing oat file /data/dalvik-cache/arm64/data@app@~~BpqRW7Hej7eZAXOr7nVFdg==@com.ups.mobile.android-xBNWAStJYofyotvqMDCQig==@base.apk@classes.dex: File /data/dalvik-cache/arm64/data@app@~~BpqRW7Hej7eZAXOr7nVFdg==@com.ups.mobile.android-xBNWAStJYofyotvqMDCQig==@base.apk@classes.vdex does not exist.
08-06 16:47:37.627  9014  9014 I artd    : GetBestInfo checking odex next to the dex file (/data/app/~~BpqRW7Hej7eZAXOr7nVFdg==/com.ups.mobile.android-xBNWAStJYofyotvqMDCQig==/oat/arm64/base.odex)
08-06 16:47:37.627  9014  9014 I artd    : Loading /data/app/~~BpqRW7Hej7eZAXOr7nVFdg==/com.ups.mobile.android-xBNWAStJYofyotvqMDCQig==/oat/arm64/base.odex with executable: 0
08-06 16:47:37.628  9014  9014 I artd    : Successfully loaded /data/app/~~BpqRW7Hej7eZAXOr7nVFdg==/com.ups.mobile.android-xBNWAStJYofyotvqMDCQig==/oat/arm64/base.odex with executable: 0
08-06 16:47:37.628  9014  9014 I artd    : /data/app/~~BpqRW7Hej7eZAXOr7nVFdg==/com.ups.mobile.android-xBNWAStJYofyotvqMDCQig==/oat/arm64/base.odex is kOatUpToDate with filter verify
08-06 16:47:37.634  2741 24509 I Fitness : (REDACTED) FitCleanupIntentOperation received Intent %s
08-06 16:47:37.634 16543 17042 I Finsky  : [646] kwp.a(206): AIM: AppInfoManager-Perf > ItemModel > CacheSize=34, cacheHitCount=0, cacheMissCount=0, total appsWithNoServerDataCount=3. Missed  in cache (limit 10) : []
08-06 16:47:37.635 17558 17715 I WM-WorkerWrapper: Worker result SUCCESS for Work [ id=cc64760b-a324-4dd5-9f38-795b48b5b078, tags={ com.miui.optimizecenter.common.appcache.AppCacheManager$Companion$AppChangedReceiverWork } ]
08-06 16:47:37.636 13223 17910 W SQLiteLog: (28) double-quoted string literal: "com.ups.mobile.android"
08-06 16:47:37.637  6011  9788 I Market-DownloadLimitSpeedManager: startLimitSpeed success. Total count 1
08-06 16:47:37.637  6011  9788 I Market-RetrofitRequest: HeaderInterceptor : https://updateinfo.market.xiaomi.com/apm/updateinfo/v2
08-06 16:47:37.640  9014  9014 I artd    : Dex parent of /data/app/~~BpqRW7Hej7eZAXOr7nVFdg==/com.ups.mobile.android-xBNWAStJYofyotvqMDCQig==/base.apk is not writable: Permission denied
08-06 16:47:37.640  9014  9014 I artd    : GetBestInfo checking odex in dalvik-cache (/data/dalvik-cache/arm64/data@app@~~BpqRW7Hej7eZAXOr7nVFdg==@com.ups.mobile.android-xBNWAStJYofyotvqMDCQig==@base.apk@classes.dex)
08-06 16:47:37.640  9014  9014 I artd    : Loading /data/dalvik-cache/arm64/data@app@~~BpqRW7Hej7eZAXOr7nVFdg==@com.ups.mobile.android-xBNWAStJYofyotvqMDCQig==@base.apk@classes.dex with executable: 0
08-06 16:47:37.640  9014  9014 I artd    : OatFileAssistant test for existing oat file /data/dalvik-cache/arm64/data@app@~~BpqRW7Hej7eZAXOr7nVFdg==@com.ups.mobile.android-xBNWAStJYofyotvqMDCQig==@base.apk@classes.dex: File /data/dalvik-cache/arm64/data@app@~~BpqRW7Hej7eZAXOr7nVFdg==@com.ups.mobile.android-xBNWAStJYofyotvqMDCQig==@base.apk@classes.vdex does not exist.
08-06 16:47:37.640  9014  9014 I artd    : GetBestInfo checking odex next to the dex file (/data/app/~~BpqRW7Hej7eZAXOr7nVFdg==/com.ups.mobile.android-xBNWAStJYofyotvqMDCQig==/oat/arm64/base.odex)
08-06 16:47:37.640  9014  9014 I artd    : Loading /data/app/~~BpqRW7Hej7eZAXOr7nVFdg==/com.ups.mobile.android-xBNWAStJYofyotvqMDCQig==/oat/arm64/base.odex with executable: 0
08-06 16:47:37.640  9014  9014 I artd    : Successfully loaded /data/app/~~BpqRW7Hej7eZAXOr7nVFdg==/com.ups.mobile.android-xBNWAStJYofyotvqMDCQig==/oat/arm64/base.odex with executable: 0
08-06 16:47:37.641  9014  9014 I artd    : /data/app/~~BpqRW7Hej7eZAXOr7nVFdg==/com.ups.mobile.android-xBNWAStJYofyotvqMDCQig==/oat/arm64/base.odex is kOatUpToDate with filter verify
08-06 16:47:37.640  2474  7379 I whetstone.activity: processNotifyEvent1 resId = 256, bundle = Bundle[{startTime=394681952, sourcePkg=com.miui.cleanmaster, sourceUid=10266, status=1, jobId=453, batteryName=com.miui.cleanmaster/androidx.work.impl.background.systemjob.SystemJobService, elapsedRealtime=394681952}]
08-06 16:47:37.642 16543 16543 I Finsky  : [2] akwu.c(44): Do not start WearSupportService due to Wear service optimization
08-06 16:47:37.642 16543 16543 I Finsky  : [2] srb.akj(13): DTU: Received onPackageAdded, replacing: false
08-06 16:47:37.642 14191 20380 I EventMonitor: notifyEvent resId=256
08-06 16:47:37.643 16543 16543 I Finsky  : [2] yag.g(1): yag - Received: android.intent.action.PACKAGE_CHANGED, [TJ_Ieq1YxTsfUQs1gx0NsU82lzzb54zDOsZIiOua1ec]
08-06 16:47:37.643 16543 17054 I Finsky  : [649] kwt.a(55): AIM: AppInfoManager-Perf > OnDeviceAppInfo > cacheHitCount=1, cacheMissCount=0. Missed  in cache (limit 10) : []
08-06 16:47:37.643 16543 17054 I Finsky  : [649] kuq.apply(1378): AIM: Got app ownership map. App counts: . Unique apps: 0
08-06 16:47:37.644 16543 17054 I Finsky  : [649] kwp.a(206): AIM: AppInfoManager-Perf > ItemModel > CacheSize=34, cacheHitCount=0, cacheMissCount=0, total appsWithNoServerDataCount=3. Missed  in cache (limit 10) : []
08-06 16:47:37.650 16543 24473 I Finsky  : [1022] pcp.accept(129): Wrote row to frosting DB: 1587
08-06 16:47:37.650  1865  1865 I vendor.qti.hardware.servicetrackeraidl-service: unbindService is called for service : com.miui.cleanmaster/androidx.work.impl.background.systemjob.SystemJobService and for client system
08-06 16:47:37.651  1865  1865 I vendor.qti.hardware.servicetrackeraidl-service: size of service connections for service: com.miui.cleanmaster/androidx.work.impl.background.systemjob.SystemJobServiceafter removal is 0
08-06 16:47:37.651  1865  1865 I vendor.qti.hardware.servicetrackeraidl-service: size of client connections for client: systemafter removal is 27
08-06 16:47:37.651  1865  1865 I vendor.qti.hardware.servicetrackeraidl-service: destroyService is called for service : com.miui.cleanmaster/androidx.work.impl.background.systemjob.SystemJobService
08-06 16:47:37.651  2474 15979 W JobScheduler: Job didn't exist in JobStore: 
08-06 16:47:37.651  2474 15979 W SSRU-ResourceUsageProxy: Nonexistent ongoing transaction JHR:453 for u:0 pkg:com.miui.cleanmaster ended
08-06 16:47:37.651  2474  7257 I MiuiNetworkPolicy: updateUidState uid = 10266, uidState = 10
08-06 16:47:37.651  2474  7379 I whetstone.activity: processNotifyEvent1 resId = 256, bundle = Bundle[{startTime=394681972, sourcePkg=com.miui.cleanmaster, sourceUid=10266, status=0, jobId=453, batteryName=com.miui.cleanmaster/androidx.work.impl.background.systemjob.SystemJobService, elapsedRealtime=394681972}]
08-06 16:47:37.652  1865  1865 I vendor.qti.hardware.servicetrackeraidl-service: destroyService is called for service : com.google.android.gms/.fitness.service.recording.FitRecordingBroker
08-06 16:47:37.653 16543 24473 I Finsky  : [1022] pcp.accept(129): Wrote row to frosting DB: 1588
08-06 16:47:37.654 14191 20380 I EventMonitor: notifyEvent resId=256
08-06 16:47:37.654 16543 16543 I Finsky  : [2] kuy.f(9): AIM: AppInfoCacheUpdater -> invalidating apps: [com.ups.mobile.android]
08-06 16:47:37.654 16543 16543 I Finsky  : [2] kvn.g(21): AIM: AppInfoManager-Perf > getApps > called for 1 apps
08-06 16:47:37.655 16543 17054 I Finsky  : [649] kwt.a(55): AIM: AppInfoManager-Perf > OnDeviceAppInfo > cacheHitCount=0, cacheMissCount=1. Missed  in cache (limit 10) : [com.ups.mobile.android]
08-06 16:47:37.657  9014  9014 I artd    : Dex parent of /data/app/~~BpqRW7Hej7eZAXOr7nVFdg==/com.ups.mobile.android-xBNWAStJYofyotvqMDCQig==/base.apk is not writable: Permission denied
08-06 16:47:37.657  9014  9014 I artd    : GetBestInfo checking odex in dalvik-cache (/data/dalvik-cache/arm64/data@app@~~BpqRW7Hej7eZAXOr7nVFdg==@com.ups.mobile.android-xBNWAStJYofyotvqMDCQig==@base.apk@classes.dex)
08-06 16:47:37.657  9014  9014 I artd    : Loading /data/dalvik-cache/arm64/data@app@~~BpqRW7Hej7eZAXOr7nVFdg==@com.ups.mobile.android-xBNWAStJYofyotvqMDCQig==@base.apk@classes.dex with executable: 0
08-06 16:47:37.657  9014  9014 I artd    : OatFileAssistant test for existing oat file /data/dalvik-cache/arm64/data@app@~~BpqRW7Hej7eZAXOr7nVFdg==@com.ups.mobile.android-xBNWAStJYofyotvqMDCQig==@base.apk@classes.dex: File /data/dalvik-cache/arm64/data@app@~~BpqRW7Hej7eZAXOr7nVFdg==@com.ups.mobile.android-xBNWAStJYofyotvqMDCQig==@base.apk@classes.vdex does not exist.
08-06 16:47:37.657  9014  9014 I artd    : GetBestInfo checking odex next to the dex file (/data/app/~~BpqRW7Hej7eZAXOr7nVFdg==/com.ups.mobile.android-xBNWAStJYofyotvqMDCQig==/oat/arm64/base.odex)
08-06 16:47:37.657  9014  9014 I artd    : Loading /data/app/~~BpqRW7Hej7eZAXOr7nVFdg==/com.ups.mobile.android-xBNWAStJYofyotvqMDCQig==/oat/arm64/base.odex with executable: 0
08-06 16:47:37.657  9014  9014 I artd    : Successfully loaded /data/app/~~BpqRW7Hej7eZAXOr7nVFdg==/com.ups.mobile.android-xBNWAStJYofyotvqMDCQig==/oat/arm64/base.odex with executable: 0
08-06 16:47:37.657 16543 17042 I Finsky  : [646] kuq.apply(1378): AIM: Got app ownership map. App counts: . Unique apps: 0
08-06 16:47:37.657  9014  9014 I artd    : /data/app/~~BpqRW7Hej7eZAXOr7nVFdg==/com.ups.mobile.android-xBNWAStJYofyotvqMDCQig==/oat/arm64/base.odex is kOatUpToDate with filter verify
08-06 16:47:37.657 16543 17042 I Finsky  : [646] kwt.a(55): AIM: AppInfoManager-Perf > OnDeviceAppInfo > cacheHitCount=1, cacheMissCount=0. Missed  in cache (limit 10) : []
08-06 16:47:37.658 16543 17042 I Finsky  : [646] kuq.apply(1378): AIM: Got app ownership map. App counts: . Unique apps: 0
08-06 16:47:37.658 16543 17042 I Finsky  : [646] jyg.accept(156): AIM: AppInfoManager-Perf > getApps > data collection finished
08-06 16:47:37.658 16543 17042 I Finsky  : [646] kvo.run(976): AIM: AppInfoManager-Perf > maybeDestroyAppInfoManager is called. actives = 2
