--------- beginning of main
08-06 16:47:32.908 16543 16981 I Finsky  : [634] mjw.ajf(151): [ContentSync] finished, scheduled=true
08-06 16:47:32.910  6011  9863 I Market-DownloadLimitSpeedManager: tryStopLimitSpeed 1
08-06 16:47:32.910  6011 24536 I Market-LocalAppManager: getUpdateInfoFromServer : middle
08-06 16:47:32.911  6011 24536 E Market-Client: isSupportChildMode, error: java.lang.NumberFormatException: For input string: ""
08-06 16:47:32.911  6011  9863 I Market-RetrofitRequest: callEnd : https://app.market.xiaomi.com/apm/statistics/appactive
08-06 16:47:32.912  6011 24536 I Market-RetrofitRequest: callStart : https://updateinfo.market.xiaomi.com/apm/updateinfo/v2
08-06 16:47:32.913  6011  9863 E Market-ReflectUtils: invokeObject com.android.org.bouncycastle.util.encoders.Base64.decode com.xiaomi.market.util.reflect.IllegalArgumentException
08-06 16:47:32.913  6011  9863 E Market-ConnectionRSA: get key exception : java.lang.NullPointerException: decrypt data is null
08-06 16:47:32.913  6011 24536 I Market-RetrofitRequest: HeaderInterceptor : https://updateinfo.market.xiaomi.com/apm/updateinfo/v2
08-06 16:47:32.914  6011 24536 E Market-Client: isSupportChildMode, error: java.lang.NumberFormatException: For input string: ""
08-06 16:47:32.914  6011 24536 E Market-Client: isSupportChildMode, error: java.lang.NumberFormatException: For input string: ""
08-06 16:47:32.917  6011 24536 I Market-LimitSpeedManager: startLimitSpeedNow() ====== speed = 32768
08-06 16:47:32.917  3050 25119 E libsensor-parseRGB: CWB NotifyCWBBufferDone  error 0
08-06 16:47:32.920  6011 24536 I Market-DownloadLimitSpeedManager: startLimitSpeed success. Total count 2
08-06 16:47:32.921  6011 24536 I Market-RetrofitRequest: HeaderInterceptor : https://updateinfo.market.xiaomi.com/apm/updateinfo/v2
08-06 16:47:32.929  3050  4560 I libsensor-boledalgo: dbv:406,lux:214.7,cct:6184.5,hsv:-1.0,dc:0CWB R:3168.5,G:7737.4,B:4934.2Event C:15604.2,R:8740.5,G:5330.2,B:3261.3Cali C:1044.2,R:545.7,G:239.4,B:123.3 
08-06 16:47:32.973  1843  2051 I SDM     : DisplayBase::CommitThread: Received idle timeout, panel: cmd, timeout: 70000 us
08-06 16:47:33.002  6011  9788 I Market-DownloadLimitSpeedManager: tryStopLimitSpeed 1
08-06 16:47:33.004  6011  9788 I Market-RetrofitRequest: callEnd : https://updateinfo.market.xiaomi.com/apm/updateinfo/v2
08-06 16:47:33.005  6011  9788 I Market-LocalAppManager: getUpdateInfoFromServer : end  , responseCode : OK
08-06 16:47:33.006  6011  9788 I Market-LocalAppManager: checkUpdateFromServer : end
08-06 16:47:33.006  6011  9788 I Market-LocalAppManager: checkUpdateFromServer  data parser : end
08-06 16:47:33.007  6011  9788 I Market-HuanjiManager: condition not satisfied, ignore
08-06 16:47:33.007  6011  9788 I Market-DataParser: [InvalidPackageList] JSON : invalidSystemPackageList list is null
08-06 16:47:33.007  6011  9788 I Market-LocalAppManager: checkUpdateFromServer  filter package : end
08-06 16:47:33.007  6011  9788 I Market-LocalAppManager: checkUpdateFromServer  support64BitPackagesJsonArray : end
--------- beginning of system
08-06 16:47:33.029  2474  2474 W NotificationHistory: Attempted to add notif for locked/gone/disabled user 0
08-06 16:47:33.036  7890  7890 E NotifCollection: No notification to remove with key 0|com.xiaomi.market|147102127|null|10167 reason=0:REASON_UNKNOWN
08-06 16:47:33.057  3086  3086 I adbd    : in ShellService: export ANDROID_LOG_TAGS="''"; exec logcat '-v' 'threadtime' '*:I'
08-06 16:47:33.067  3086  3086 I adbd    : in ShellService: getevent -lt
08-06 16:47:33.075  3086  3086 I adbd    : in ShellService: ime enable io.github.ylimit.droidbotapp/.DroidBotIME
08-06 16:47:33.077  3086  3086 I adbd    : in ShellService: ps
08-06 16:47:33.089  6011 24536 I Market-DownloadLimitSpeedManager: stopLimitSpeed
08-06 16:47:33.089  6011 24536 I Market-LimitSpeedManager: stopLimitSpeedNow() =========== 
08-06 16:47:33.098  6011 24536 I Market-RetrofitRequest: callEnd : https://updateinfo.market.xiaomi.com/apm/updateinfo/v2
08-06 16:47:33.100  6011 24536 W Market-Connection: Connection result is cut off as too long
08-06 16:47:33.104  6011 24536 I Market-LocalAppManager: getUpdateInfoFromServer : end  , responseCode : OK
08-06 16:47:33.104  6011 24536 I Market-LocalAppManager: checkUpdateFromServer : end
08-06 16:47:33.105  6011 24536 I Market-LocalAppManager: checkUpdateFromServer  data parser : end
08-06 16:47:33.105  6011 24536 I Market-HuanjiManager: condition not satisfied, ignore
08-06 16:47:33.106  6011 24536 I Market-DataParser: [InvalidPackageList] JSON : invalidSystemPackageList list is null
08-06 16:47:33.106  6011 24536 I Market-LocalAppManager: checkUpdateFromServer  filter package : end
08-06 16:47:33.106  6011 24536 I Market-LocalAppManager: checkUpdateFromServer  support64BitPackagesJsonArray : end
08-06 16:47:33.106  6011 24536 I Market-LocalAppManager: query update apps from server : finish, 54 / 425 to update
08-06 16:47:33.114  6011 24536 I Market-RetrofitRequest: callStart : https://updateinfo.market.xiaomi.com/apm/updateinfo/priority
08-06 16:47:33.115  6011 24536 I Market-RetrofitRequest: HeaderInterceptor : https://updateinfo.market.xiaomi.com/apm/updateinfo/priority
08-06 16:47:33.116  6011 24536 E Market-Client: isSupportChildMode, error: java.lang.NumberFormatException: For input string: ""
08-06 16:47:33.116  6011 24536 E Market-Client: isSupportChildMode, error: java.lang.NumberFormatException: For input string: ""
08-06 16:47:33.118  6011 24536 I Market-LimitSpeedManager: startLimitSpeedNow() ====== speed = 32768
08-06 16:47:33.121  6011 24536 I Market-DownloadLimitSpeedManager: startLimitSpeed success. Total count 1
08-06 16:47:33.122  6011 24536 I Market-RetrofitRequest: HeaderInterceptor : https://updateinfo.market.xiaomi.com/apm/updateinfo/priority
08-06 16:47:33.125  3086  3086 I adbd    : in ShellService: ime set io.github.ylimit.droidbotapp/.DroidBotIME
08-06 16:47:33.154 14158 14158 E BaseInputMethodService: onUnbindInput
08-06 16:47:33.155  7458  7458 I HandWritingStubImpl: refreshLastKeyboardType: 1
08-06 16:47:33.155  7458  7458 I HandWritingStubImpl: getCurrentKeyboardType: 1
08-06 16:47:33.155  2474  4372 I InputReader: Reconfiguring input devices, changes=KEYBOARD_LAYOUTS
08-06 16:47:33.161 13710 14256 I k1      : input method change: 
08-06 16:47:33.163 14191 14518 I IMECheckManager: getSelectedInputMethod, ime is io.github.ylimit.droidbotapp/.DroidBotIME
08-06 16:47:33.163  2474  4398 W InputMethodManagerService: Clear show forced flag.
08-06 16:47:33.163 14191 14518 I IMECheckManager: InputMethodObserver, userId is 0, ime = io.github.ylimit.droidbotapp/.DroidBotIME
08-06 16:47:33.163  2474  4398 W SecurityInputMethodSwitcher: first check switch to security ime: false
08-06 16:47:33.163  2474  4398 W SecurityInputMethodSwitcher: double check switch to security ime: false
08-06 16:47:33.163  2474  4398 W SecurityInputMethodSwitcher: switch to other input method from security ime:false mayChangeToMiuiSecurityInputMethod: false current focus window: android.os.BinderProxy@840b88e
08-06 16:47:33.164  1865  1865 I vendor.qti.hardware.servicetrackeraidl-service: unbindService is called for service : com.sohu.inputmethod.sogou.xiaomi/.SogouIME and for client system
08-06 16:47:33.164  1865  1865 I vendor.qti.hardware.servicetrackeraidl-service: size of service connections for service: com.sohu.inputmethod.sogou.xiaomi/.SogouIMEafter removal is 0
08-06 16:47:33.164  1865  1865 I vendor.qti.hardware.servicetrackeraidl-service: size of client connections for client: systemafter removal is 26
08-06 16:47:33.166  1865  1865 I vendor.qti.hardware.servicetrackeraidl-service: destroyService is called for service : com.sohu.inputmethod.sogou.xiaomi/.SogouIME
08-06 16:47:33.166  7458  7458 I HandWritingStubImpl: refreshLastKeyboardType: 1
08-06 16:47:33.166  7458  7458 I HandWritingStubImpl: getCurrentKeyboardType: 1
08-06 16:47:33.166  2474  4398 W InputManager-JNI: Input channel object 'c60be88 InputMethod (client)' was disposed without first being removed with the input manager!
08-06 16:47:33.170  1865  1865 I vendor.qti.hardware.servicetrackeraidl-service: bindService is called for service : io.github.ylimit.droidbotapp/.DroidBotIME and for client system
08-06 16:47:33.170  1865  1865 I vendor.qti.hardware.servicetrackeraidl-service: total connections for service : io.github.ylimit.droidbotapp/.DroidBotIMEare :1
08-06 16:47:33.170  1865  1865 I vendor.qti.hardware.servicetrackeraidl-service: total connections for client : systemare :27
08-06 16:47:33.171  2474  7257 I MiuiNetworkPolicy: updateUidState uid = 10183, uidState = 10
08-06 16:47:33.172  2036  2036 E DisplayModeController: setDesiredMode : Idle status skip setActiveMode, isDdicIdleMode: 1
08-06 16:47:33.173  2474  4398 W InputMethodManagerService: Clear show forced flag.
08-06 16:47:33.174  2474  4398 W SecurityInputMethodSwitcher: first check switch to security ime: false
08-06 16:47:33.174  2474  4398 W SecurityInputMethodSwitcher: double check switch to security ime: false
08-06 16:47:33.174  2474  4398 W SecurityInputMethodSwitcher: switch to other input method from security ime:false mayChangeToMiuiSecurityInputMethod: false current focus window: android.os.BinderProxy@840b88e
08-06 16:47:33.175 14191 14518 I IMECheckManager: getSelectedInputMethod, ime is io.github.ylimit.droidbotapp/.DroidBotIME
08-06 16:47:33.175 14158 14158 E BaseInputMethodService: onDestroy
08-06 16:47:33.175 14191 14518 I IMECheckManager: updateCurrentIME, userId is 0, ime is io.github.ylimit.droidbotapp/.DroidBotIME, pkg is io.github.ylimit.droidbotapp, uid is 10309
08-06 16:47:33.175 14191 14518 I IMECheckManager: getSelectedInputMethod, ime is io.github.ylimit.droidbotapp/.DroidBotIME
08-06 16:47:33.175 14191 14518 I IMECheckManager: InputMethodObserver, userId is 0, ime = io.github.ylimit.droidbotapp/.DroidBotIME
08-06 16:47:33.176 14191 14518 I IMECheckManager: getSelectedInputMethod, ime is io.github.ylimit.droidbotapp/.DroidBotIME
08-06 16:47:33.176 14191 14518 I IMECheckManager: updateCurrentIME, userId is 0, ime is io.github.ylimit.droidbotapp/.DroidBotIME, pkg is io.github.ylimit.droidbotapp, uid is 10309
08-06 16:47:33.176 14191 14518 I ActiveStateController: Ime outdated, uid is 10183
08-06 16:47:33.176 14191 14606 I PowerKeeperConfigureManager: userId is 0, Ime outdated, uid is 10183
08-06 16:47:33.176  1843  1843 I SDM     : HWCDisplay::SetActiveConfigWithConstraints: display:66-0, config: 3, WxH 1200x2670, fps 120
08-06 16:47:33.177 14158 14158 W WindowOnBackDispatcher: sendCancelIfRunning: isInProgress=false callback=android.view.ViewRootImpl$$ExternalSyntheticLambda12@e1673cb
08-06 16:47:33.177  1843  1843 W SDM     : HWDeviceDRM::GetSupportedBitClkRate: Requested rate not supported: 1150000000
08-06 16:47:33.177  1843  1843 I SDM     : HWDeviceDRM::UpdateMixerAttributes: Mixer WxH 1200x2670-1 for Peripheral
08-06 16:47:33.177  1843  1843 I SDM     : HWCDisplay::SubmitDisplayConfig: Active configuration changed from config 1 to 3
08-06 16:47:33.177  1843  1843 I SDM     : HWCDisplay::SubmitDisplayConfig: Active WxH 1200x2670 ,ddic_mode:auto, timing_fps: 120, sf_fps: 120
08-06 16:47:33.177  2474  7633 W WindowManager: Failed looking up window session=Session{b0cc2cd 14158:u0a10183} callers=com.android.server.wm.WindowManagerService.windowForClientLocked:7019 com.android.server.wm.Session.setOnBackInvokedCallbackInfo:1092 android.view.IWindowSession$Stub.onTransact:1281 
08-06 16:47:33.177  2474  7633 I WindowManager: setOnBackInvokedCallback(): No window state for package:com.sohu.inputmethod.sogou.xiaomi
08-06 16:47:33.177  2474  7633 W WindowManager: Cannot find window which accessibility connection is added to
08-06 16:47:33.177 14191 14518 I ActiveStateController: Ime update, uid is 10309
08-06 16:47:33.178  1843  3496 I vendor.qti.hardware.display.composer-service: Sensor: notify citsensorservice to trigger cwb, misForced = 0
08-06 16:47:33.178  2474  7633 W WindowManager: Failed looking up window session=Session{b0cc2cd 14158:u0a10183} callers=com.android.server.wm.WindowManagerService.removeClientToken:2442 com.android.server.wm.Session.remove:290 android.view.IWindowSession$Stub.onTransact:741 
08-06 16:47:33.178  3050  4554 I libsensor-parseRGB: request dump start for mRequestDisplayId 0
08-06 16:47:33.179 14158 14158 I IMEBottomManager: disableQuickMoveCursor
08-06 16:47:33.181  2474 10062 I ClipboardServiceI: checkProviderWakePathForClipboard: primaryClip is null
08-06 16:47:33.181 14191 14606 I PowerKeeperConfigureManager: userId is 0, Ime update, uid is 10309
08-06 16:47:33.181  2474 10062 I SmartPower: com.miui.phrase/10162(24218): idle->background(156203ms) R(content provider start ContentProviderRecord{af5fdc5 u0 com.miui.phrase/com.miui.provider.InputProvider}) adj=0.
08-06 16:47:33.182  2474  7257 I MiuiNetworkPolicy: updateUidState uid = 10162, uidState = 10
08-06 16:47:33.187  3086  3086 I adbd    : in ShellService: getprop ro.build.version.release
08-06 16:47:33.187  2474  7656 I ClipboardServiceI: checkProviderWakePathForClipboard: primaryClip is null
08-06 16:47:33.188  7464 17540 I htmlviewercloudcontrol: isStagingEnv:false param =  InputMethod  uriMatch = 2, cluster: cn, version: 569290, traceId: edf791a3c2f0f49177c2934c6d2002a2, regId: +4z3RS85+e2U9l+sd6caQ/srGmJCsEbKpG1twyPn1K0CrNNyxYT/yAgGVxm5X+yC
08-06 16:47:33.195 14158 14158 W WindowTokenClientController: Can't find attached WindowTokenClient for android.window.WindowTokenClient@477691d
08-06 16:47:33.195  2474  7633 E InputMethodManagerService: Ignoring com.android.server.inputmethod.InputMethodManagerService.updateStatusIcon:2768 due to an invalid token. uid:10183 token:android.os.Binder@fe06005
08-06 16:47:33.196  2474  7257 I MiuiNetworkPolicy: updateUidState uid = 10183, uidState = 16
08-06 16:47:33.197  2474  7257 I MiuiNetworkPolicy: updateUidState uid = 10162, uidState = 19
08-06 16:47:33.203  6011 24536 I Market-DownloadLimitSpeedManager: stopLimitSpeed
08-06 16:47:33.203  6011 24536 I Market-LimitSpeedManager: stopLimitSpeedNow() =========== 
08-06 16:47:33.206  6011 24536 I Market-RetrofitRequest: callEnd : https://updateinfo.market.xiaomi.com/apm/updateinfo/priority
08-06 16:47:33.208  3050  3078 E libsensor-parseRGB: CWB NotifyCWBBufferDone  error 0
08-06 16:47:33.209 24427 24583 W ziparchive: Unable to open '/system/framework/QXPerformance.dm': No such file or directory
08-06 16:47:33.209 24427 24583 W ziparchive: Unable to open '/system/framework/QXPerformance.dm': No such file or directory
08-06 16:47:33.211  6011 24536 I Market-SystemSettingsManager: extraSettingsSecureGetInt key: com.xiaomi.market.need_update_game_count, value: 0
08-06 16:47:33.211  2474  7656 I AppsFilter: interaction: PackageSetting{9523d79 io.github.ylimit.droidbotapp/10309} -> PackageSetting{63f8975 com.miui.screenrecorder/10273} BLOCKED
08-06 16:47:33.211  2474  7656 I AppsFilter: interaction: PackageSetting{9523d79 io.github.ylimit.droidbotapp/10309} -> PackageSetting{a6d5d0a com.android.cts.priv.ctsshim/10252} BLOCKED
08-06 16:47:33.211  2474  7656 I AppsFilter: interaction: PackageSetting{9523d79 io.github.ylimit.droidbotapp/10309} -> PackageSetting{2a5d97b com.quark.browser/10328} BLOCKED
08-06 16:47:33.211  2474  7656 I AppsFilter: interaction: PackageSetting{9523d79 io.github.ylimit.droidbotapp/10309} -> PackageSetting{9034398 com.android.uwb.resources/10242} BLOCKED
08-06 16:47:33.211  2474  7656 I AppsFilter: interaction: PackageSetting{9523d79 io.github.ylimit.droidbotapp/10309} -> PackageSetting{ba57201 com.android.internal.display.cutout.emulation.corner/10008} BLOCKED
08-06 16:47:33.211  2474  7656 I AppsFilter: interaction: PackageSetting{9523d79 io.github.ylimit.droidbotapp/10309} -> PackageSetting{bf408a6 com.android.internal.display.cutout.emulation.double/10013} BLOCKED
08-06 16:47:33.211  2474  7656 I AppsFilter: interaction: PackageSetting{9523d79 io.github.ylimit.droidbotapp/10309} -> PackageSetting{8ad5245 io.appium.settings/10274} BLOCKED
08-06 16:47:33.211  2474  7656 I AppsFilter: interaction: PackageSetting{9523d79 io.github.ylimit.droidbotapp/10309} -> PackageSetting{48c47f1 com.unionpay.tsmservice.mi/10185} BLOCKED
08-06 16:47:33.211  2474  7656 I AppsFilter: interaction: PackageSetting{9523d79 io.github.ylimit.droidbotapp/10309} -> PackageSetting{30c3fd6 com.android.healthconnect.controller/10245} BLOCKED
08-06 16:47:33.211  2474  7656 I AppsFilter: interaction: PackageSetting{9523d79 io.github.ylimit.droidbotapp/10309} -> PackageSetting{d2e9257 com.wuba.zhuanzhuan/10260} BLOCKED
08-06 16:47:33.211  2474  7656 I AppsFilter: interaction: PackageSetting{9523d79 io.github.ylimit.droidbotapp/10309} -> PackageSetting{3b50144 com.alibaba.aliexpresshd/10303} BLOCKED
08-06 16:47:33.211  2474  7656 I AppsFilter: interaction: PackageSetting{9523d79 io.github.ylimit.droidbotapp/10309} -> PackageSetting{90c722d com.google.android.onetimeinitializer/10123} BLOCKED
08-06 16:47:33.211  2474  7656 I AppsFilter: interaction: PackageSetting{9523d79 io.github.ylimit.droidbotapp/10309} -> PackageSetting{e48362 com.android.health.connect.backuprestore/10246} BLOCKED
08-06 16:47:33.211  2474  7656 I AppsFilter: interaction: PackageSetting{9523d79 io.github.ylimit.droidbotapp/10309} -> PackageSetting{11ffcf3 com.google.android.ext.shared/10150} BLOCKED
08-06 16:47:33.211  2474  7656 I AppsFilter: interaction: PackageSetting{9523d79 io.github.ylimit.droidbotapp/10309} -> PackageSetting{a2edb0 com.android.virtualmachine.res/10237} BLOCKED
08-06 16:47:33.211  2474  7656 I AppsFilter: interaction: PackageSetting{9523d79 io.github.ylimit.droidbotapp/10309} -> PackageSetting{35cd7df com.android.providers.telephony.auto_generated_characteristics_rro/10072} BLOCKED
08-06 16:47:33.211  2474  7656 I AppsFilter: interaction: PackageSetting{9523d79 io.github.ylimit.droidbotapp/10309} -> PackageSetting{feb0429 com.xiaomi.gamecenter.sdk.service/10140} BLOCKED
08-06 16:47:33.211  2474  7656 I AppsFilter: interaction: PackageSetting{9523d79 io.github.ylimit.droidbotapp/10309} -> PackageSetting{30b73ae com.android.htmlviewer/10092} BLOCKED
08-06 16:47:33.211  2474  7656 I AppsFilter: interaction: PackageSetting{9523d79 io.github.ylimit.droidbotapp/10309} -> PackageSetting{fb3754f com.miui.gallery/10271} BLOCKED
08-06 16:47:33.211  2474  7656 I AppsFilter: interaction: PackageSetting{9523d79 io.github.ylimit.droidbotapp/10309} -> PackageSetting{74134dc com.quicinc.voice.activation/10214} BLOCKED
08-06 16:47:33.211  2474  7656 I AppsFilter: interaction: PackageSetting{9523d79 io.github.ylimit.droidbotapp/10309} -> PackageSetting{306b9e5 com.google.android.configupdater/10122} BLOCKED
08-06 16:47:33.211  2474  7656 I AppsFilter: interaction: PackageSetting{9523d79 io.github.ylimit.droidbotapp/10309} -> PackageSetting{29f1cba com.android.soundrecorder/10276} BLOCKED
08-06 16:47:33.211  2474  7656 I AppsFilter: interaction: PackageSetting{9523d79 io.github.ylimit.droidbotapp/10309} -> PackageSetting{1ac2c8 com.suxing.sustream/10338} BLOCKED
08-06 16:47:33.211  6011 24536 I Market-UpdateAppList: update app list do not change, don't notify: pkg (52) = com.ss.android.ugc.aweme,com.milink.service,com.miui.hybrid,com.baidu.BaiduMap,com.netease.newsreader.activity,com.baidu.searchbox.lite,com.android.fileexplorer,com.xiaomi.aiasst.vision,com.microsoft.office.outlook,com.miui.newhome,com.autonavi.minimap,com.miui.mishare.connectivity,com.android.contacts,com.unionpay.tsmservice.mi,com.miui.voiceassist,com.miui.thirdappassistant,com.xiaomi.scanner,com.miui.securitycenter,com.miui.backup,com.duokan.reader,com.baidu.searchbox,com.wuba.zhuanzhuan,com.xingin.xhs,com.miui.touchassistant,tv.danmaku.bili,com.dragon.read,com.miui.gallery,com.UCMobile,com.miui.carlink,com.xiaomi.payment,com.miui.tsmclient,com.smile.gifmaker,com.xiaomi.gamecenter,com.android.browser,com.suxing.sustream,com.xiaomi.mis,com.miui.virtualsim,com.android.quicksearchbox,com.sina.news,com.miui.video,com.ss.android.article.news,com.quark.browser,com.miui.personalassistant,com.xiaomi.gamecenter.sdk.service,com.kuaishou.nebula,com.miui.bugreport,com.xiaomi.digitalkey,com.android.calendar,com.xiaomi.aicr,com.xiaomi.xmsf,com.xiaomi.mirror,com.android.soundrecorder
08-06 16:47:33.211  2474  7656 I AppsFilter: interaction: PackageSetting{9523d79 io.github.ylimit.droidbotapp/10309} -> PackageSetting{16e0f61 io.appium.uiautomator2.server/10283} BLOCKED
08-06 16:47:33.211  2474  7656 I AppsFilter: interaction: PackageSetting{9523d79 io.github.ylimit.droidbotapp/10309} -> PackageSetting{a924a86 com.android.safetycenter.resources/10240} BLOCKED
08-06 16:47:33.211  2474  7656 I AppsFilter: interaction: PackageSetting{9523d79 io.github.ylimit.droidbotapp/10309} -> PackageSetting{ca2bf47 org.secuso.privacyfriendlytodolist/10270} BLOCKED
08-06 16:47:33.211  2474  7656 I AppsFilter: interaction: PackageSetting{9523d79 io.github.ylimit.droidbotapp/10309} -> PackageSetting{f7d4374 com.android.providers.downloads.ui/10261} BLOCKED
08-06 16:47:33.211  2474  7656 I AppsFilter: interaction: PackageSetting{9523d79 io.github.ylimit.droidbotapp/10309} -> PackageSetting{29b409d com.android.simappdialog/10113} BLOCKED
08-06 16:47:33.211  2474  7656 I AppsFilter: interaction: PackageSetting{9523d79 io.github.ylimit.droidbotapp/10309} -> PackageSetting{388912 com.xingin.xhs/10286} BLOCKED
08-06 16:47:33.211  2474  7656 I AppsFilter: interaction: PackageSetting{9523d79 io.github.ylimit.droidbotapp/10309} -> PackageSetting{7c208e3 com.android.connectivity.resources/10244} BLOCKED
08-06 16:47:33.211  2474  7656 I AppsFilter: interaction: PackageSetting{9523d79 io.github.ylimit.droidbotapp/10309} -> PackageSetting{ee522e0 com.cnn.mobile.android.phone/10316} BLOCKED
08-06 16:47:33.211  2474  7656 I AppsFilter: interaction: PackageSetting{9523d79 io.github.ylimit.droidbotapp/10309} -> PackageSetting{75176cf com.android.internal.display.cutout.emulation.hole/10010} BLOCKED
08-06 16:47:33.211  2474  7656 I AppsFilter: interaction: PackageSetting{9523d79 io.github.ylimit.droidbotapp/10309} -> PackageSetting{2fcd85c com.android.internal.display.cutout.emulation.tall/10011} BLOCKED
08-06 16:47:33.211  2474  7656 I AppsFilter: interaction: PackageSetting{9523d79 io.github.ylimit.droidbotapp/10309} -> PackageSetting{1704999 com.android.modulemetadata/10174} BLOCKED
08-06 16:47:33.211  2474  7656 I AppsFilter: interaction: PackageSetting{9523d79 io.github.ylimit.droidbotapp/10309} -> PackageSetting{9f02c3a com.android.internal.systemui.navbar.threebutton/10051} BLOCKED
08-06 16:47:33.211  2474  7656 I AppsFilter: interaction: PackageSetting{9523d79 io.github.ylimit.droidbotapp/10309} -> PackageSetting{892245e com.android.wifi.dialog/10211} BLOCKED
08-06 16:47:33.211  2474  7656 I AppsFilter: interaction: PackageSetting{9523d79 io.github.ylimit.droidbotapp/10309} -> PackageSetting{c02503f com.tencent.android.qqdownloader/10324} BLOCKED
08-06 16:47:33.211  2474  7656 I AppsFilter: interaction: PackageSetting{9523d79 io.github.ylimit.droidbotapp/10309} -> PackageSetting{1298d0c com.android.contacts/10132} BLOCKED
08-06 16:47:33.211  2474  7656 I AppsFilter: interaction: PackageSetting{9523d79 io.github.ylimit.droidbotapp/10309} -> PackageSetting{af2e655 cn.amazon.mShop.android/10301} BLOCKED
08-06 16:47:33.211  2474  7656 I AppsFilter: interaction: PackageSetting{9523d79 io.github.ylimit.droidbotapp/10309} -> PackageSetting{658286a com.miui.securitymanager/10272} BLOCKED
08-06 16:47:33.211  2474  7656 I AppsFilter: interaction: PackageSetting{9523d79 io.github.ylimit.droidbotapp/10309} -> PackageSetting{bd5b15b com.baidu.searchbox/10340} BLOCKED
08-06 16:47:33.211  2474  7656 I AppsFilter: interaction: PackageSetting{9523d79 io.github.ylimit.droidbotapp/10309} -> PackageSetting{d686df8 com.android.mms/10141} BLOCKED
08-06 16:47:33.211  2474  7656 I AppsFilter: interaction: PackageSetting{9523d79 io.github.ylimit.droidbotapp/10309} -> PackageSetting{cc892d1 com.jijia.bqwnl/10327} BLOCKED
08-06 16:47:33.211  2474  7656 I AppsFilter: interaction: PackageSetting{9523d79 io.github.ylimit.droidbotapp/10309} -> PackageSetting{cc86136 com.yahoo.mobile.client.android.mail/10341} BLOCKED
08-06 16:47:33.211  2474  7656 I AppsFilter: interaction: PackageSetting{9523d79 io.github.ylimit.droidbotapp/10309} -> PackageSetting{4b40837 com.mfashiongallery.emag/10262} BLOCKED
08-06 16:47:33.211  2474  7656 I AppsFilter: interaction: PackageSetting{9523d79 io.github.ylimit.droidbotapp/10309} -> PackageSetting{cb271a4 com.instagram.android/10289} BLOCKED
08-06 16:47:33.211  2474  7656 I AppsFilter: interaction: PackageSetting{9523d79 io.github.ylimit.droidbotapp/10309} -> PackageSetting{f728b0d com.google.android.gm/10290} BLOCKED
08-06 16:47:33.211  2474  7656 I AppsFilter: interaction: PackageSetting{9523d79 io.github.ylimit.droidbotapp/10309} -> PackageSetting{3315ac2 com.android.compos.payload/10243} BLOCKED
08-06 16:47:33.211  2474  7656 I AppsFilter: interaction: PackageSetting{9523d79 io.github.ylimit.droidbotapp/10309} -> PackageSetting{9b6f0d3 com.microsoft.emmx/10311} BLOCKED
08-06 16:47:33.211  2474  7656 I AppsFilter: interaction: PackageSetting{9523d79 io.github.ylimit.droidbotapp/10309} -> PackageSetting{6770410 com.android.settings.intelligence/10142} BLOCKED
08-06 16:47:33.211  2474  7656 I AppsFilter: interaction: PackageSetting{9523d79 io.github.ylimit.droidbotapp/10309} -> PackageSetting{849cb09 com.android.calendar/10265} BLOCKED
08-06 16:47:33.211  2474  7656 I AppsFilter: interaction: PackageSetting{9523d79 io.github.ylimit.droidbotapp/10309} -> PackageSetting{53e610e com.miui.virtualsim/10277} BLOCKED
08-06 16:47:33.211  2474  7656 I AppsFilter: interaction: PackageSetting{9523d79 io.github.ylimit.droidbotapp/10309} -> PackageSetting{bf5c72f com.microsoft.office.outlook/10323} BLOCKED
08-06 16:47:33.211  2474  7656 I AppsFilter: interaction: PackageSetting{9523d79 io.github.ylimit.droidbotapp/10309} -> PackageSetting{7b0513c com.miui.compass/10267} BLOCKED
08-06 16:47:33.211  2474  7656 I AppsFilter: interaction: PackageSetting{9523d79 io.github.ylimit.droidbotapp/10309} -> PackageSetting{f3b0ec5 com.android.printspooler/10224} BLOCKED
08-06 16:47:33.211  2474  7656 I AppsFilter: interaction: PackageSetting{9523d79 io.github.ylimit.droidbotapp/10309} -> PackageSetting{c03801a com.android.dreams.basic/10103} BLOCKED
08-06 16:47:33.211  2474  7656 I AppsFilter: interaction: PackageSetting{9523d79 io.github.ylimit.droidbotapp/10309} -> PackageSetting{ca1a74b com.android.incallui/10126} BLOCKED
08-06 16:47:33.211  2474  7656 I AppsFilter: interaction: PackageSetting{9523d79 io.github.ylimit.droidbotapp/10309} -> PackageSetting{cf4528 com.musicworx/10320} BLOCKED
08-06 16:47:33.211  2474  7656 I AppsFilter: interaction: PackageSetting{9523d79 io.github.ylimit.droidbotapp/10309} -> PackageSetting{442d241 com.android.rkpdapp/10254} BLOCKED
08-06 16:47:33.212  2474  7656 I AppsFilter: interaction: PackageSetting{9523d79 io.github.ylimit.droidbotapp/10309} -> PackageSetting{ca29a53 com.newcall.overlay.miui/10041} BLOCKED
08-06 16:47:33.212  2474  7656 I AppsFilter: interaction: PackageSetting{9523d79 io.github.ylimit.droidbotapp/10309} -> PackageSetting{bc983e6 todolist.scheduleplanner.dailyplanner.todo.reminders/10299} BLOCKED
08-06 16:47:33.212  2474  7656 I AppsFilter: interaction: PackageSetting{9523d79 io.github.ylimit.droidbotapp/10309} -> PackageSetting{1e95089 android.auto_generated_characteristics_rro/10068} BLOCKED
08-06 16:47:33.212  2474  7656 I AppsFilter: interaction: PackageSetting{9523d79 io.github.ylimit.droidbotapp/10309} -> PackageSetting{4e16d27 com.android.musicfx/10094} BLOCKED
08-06 16:47:33.212  2474  7656 I AppsFilter: interaction: PackageSetting{9523d79 io.github.ylimit.droidbotapp/10309} -> PackageSetting{6678bd4 com.todoist/10298} BLOCKED
08-06 16:47:33.212  2474  7656 I AppsFilter: interaction: PackageSetting{9523d79 io.github.ylimit.droidbotapp/10309} -> PackageSetting{a9517d com.google.android.webview/10188} BLOCKED
08-06 16:47:33.212  2474  7656 I AppsFilter: interaction: PackageSetting{9523d79 io.github.ylimit.droidbotapp/10309} -> PackageSetting{299f872 com.zhuantech.sijiweather/10337} BLOCKED
08-06 16:47:33.212  2474  7656 I AppsFilter: interaction: PackageSetting{9523d79 io.github.ylimit.droidbotapp/10309} -> PackageSetting{f6db4c3 com.ss.android.article.news/10325} BLOCKED
08-06 16:47:33.212  2474  7656 I AppsFilter: interaction: PackageSetting{9523d79 io.github.ylimit.droidbotapp/10309} -> PackageSetting{92900cb com.android.phone.auto_generated_characteristics_rro/10060} BLOCKED
08-06 16:47:33.212  2474  7656 I AppsFilter: interaction: PackageSetting{9523d79 io.github.ylimit.droidbotapp/10309} -> PackageSetting{9b9140 com.android.chrome/10282} BLOCKED
08-06 16:47:33.212  2474  7656 I AppsFilter: interaction: PackageSetting{9523d79 io.github.ylimit.droidbotapp/10309} -> PackageSetting{ffe8879 com.UCMobile/10332} BLOCKED
08-06 16:47:33.212  2474  7656 I AppsFilter: interaction: PackageSetting{9523d79 io.github.ylimit.droidbotapp/10309} -> PackageSetting{38b29be com.ss.android.ugc.aweme/10322} BLOCKED
08-06 16:47:33.212  2474  7656 I AppsFilter: interaction: PackageSetting{9523d79 io.github.ylimit.droidbotapp/10309} -> PackageSetting{fecda1f com.android.wifi.resources/10258} BLOCKED
08-06 16:47:33.212  2474  7656 I AppsFilter: interaction: PackageSetting{9523d79 io.github.ylimit.droidbotapp/10309} -> PackageSetting{548816c com.skysoft.kkbox.android/10285} BLOCKED
08-06 16:47:33.212  2474  7656 I AppsFilter: interaction: PackageSetting{9523d79 io.github.ylimit.droidbotapp/10309} -> PackageSetting{cd63335 com.getsurfboard/10279} BLOCKED
08-06 16:47:33.212  2474  7656 I AppsFilter: interaction: PackageSetting{9523d79 io.github.ylimit.droidbotapp/10309} -> PackageSetting{acc23ca com.netease.newsreader.activity/10313} BLOCKED
08-06 16:47:33.212  2474  7656 I AppsFilter: interaction: PackageSetting{9523d79 io.github.ylimit.droidbotapp/10309} -> PackageSetting{40ef93b cool.monkey.android/10307} BLOCKED
08-06 16:47:33.212  2474  7656 I AppsFilter: interaction: PackageSetting{9523d79 io.github.ylimit.droidbotapp/10309} -> PackageSetting{756be43 com.android.theme.font.notoserifsource/10017} BLOCKED
08-06 16:47:33.212  2474  7656 I AppsFilter: interaction: PackageSetting{9523d79 io.github.ylimit.droidbotapp/10309} -> PackageSetting{8f24858 com.kuaishou.nebula/10329} BLOCKED
08-06 16:47:33.212  2474  7656 I AppsFilter: interaction: PackageSetting{9523d79 io.github.ylimit.droidbotapp/10309} -> PackageSetting{14a6df9 com.android.internal.display.cutout.emulation.waterfall/10012} BLOCKED
08-06 16:47:33.212  2474  7656 I AppsFilter: interaction: PackageSetting{9523d79 io.github.ylimit.droidbotapp/10309} -> PackageSetting{1c8e13e com.android.internal.systemui.navbar.transparent/10063} BLOCKED
08-06 16:47:33.212  2474  7656 I AppsFilter: interaction: PackageSetting{9523d79 io.github.ylimit.droidbotapp/10309} -> PackageSetting{d43cdb1 com.miui.newhome/10296} BLOCKED
08-06 16:47:33.212  2474  7656 I AppsFilter: interaction: PackageSetting{9523d79 io.github.ylimit.droidbotapp/10309} -> PackageSetting{670b296 com.miui.video/10294} BLOCKED
08-06 16:47:33.212  2474  7656 I AppsFilter: interaction: PackageSetting{9523d79 io.github.ylimit.droidbotapp/10309} -> PackageSetting{a69ee17 com.google.android.printservice.recommendation/10153} BLOCKED
08-06 16:47:33.212  2474  7656 I AppsFilter: interaction: PackageSetting{9523d79 io.github.ylimit.droidbotapp/10309} -> PackageSetting{26f9204 com.baidu.searchbox.lite/10334} BLOCKED
08-06 16:47:33.212  2474  7656 I AppsFilter: interaction: PackageSetting{9523d79 io.github.ylimit.droidbotapp/10309} -> PackageSetting{b1693ed com.spotify.music/10317} BLOCKED
08-06 16:47:33.212  2474  7656 I AppsFilter: interaction: PackageSetting{9523d79 io.github.ylimit.droidbotapp/10309} -> PackageSetting{ffd6222 com.google.android.documentsui/10100} BLOCKED
08-06 16:47:33.212  2474  7656 I AppsFilter: interaction: PackageSetting{9523d79 io.github.ylimit.droidbotapp/10309} -> PackageSetting{b1554b3 com.google.android.accessibility.switchaccess/10184} BLOCKED
08-06 16:47:33.212  2474  7656 I AppsFilter: interaction: PackageSetting{9523d79 io.github.ylimit.droidbotapp/10309} -> PackageSetting{d55ca70 com.sohu.inputmethod.sogou.xiaomi/10183} BLOCKED
08-06 16:47:33.212  2474  7656 I AppsFilter: interaction: PackageSetting{9523d79 io.github.ylimit.droidbotapp/10309} -> PackageSetting{3d581e9 cn.ninegame.gamemanager/10330} BLOCKED
08-06 16:47:33.212  2474  7656 I AppsFilter: interaction: PackageSetting{9523d79 io.github.ylimit.droidbotapp/10309} -> PackageSetting{91a7eaf io.appium.uiautomator2.server.test/10280} BLOCKED
08-06 16:47:33.212  2474  7656 I AppsFilter: interaction: PackageSetting{9523d79 io.github.ylimit.droidbotapp/10309} -> PackageSetting{2b37e6e com.baidu.BaiduMap/10331} BLOCKED
08-06 16:47:33.212  2474  7656 I AppsFilter: interaction: PackageSetting{9523d79 io.github.ylimit.droidbotapp/10309} -> PackageSetting{e06890f com.android.providers.partnerbookmarks/10109} BLOCKED
08-06 16:47:33.212  2474  7656 I AppsFilter: interaction: PackageSetting{9523d79 io.github.ylimit.droidbotapp/10309} -> PackageSetting{7251d9c com.android.smspush/10230} BLOCKED
08-06 16:47:33.212  2474  7656 I AppsFilter: interaction: PackageSetting{9523d79 io.github.ylimit.droidbotapp/10309} -> PackageSetting{c7b53a5 com.miui.calculator/10263} BLOCKED
08-06 16:47:33.212  2474  7656 I AppsFilter: interaction: PackageSetting{9523d79 io.github.ylimit.droidbotapp/10309} -> PackageSetting{a9d137a de.baumann.browser/10308} BLOCKED
08-06 16:47:33.212  2474  7656 I AppsFilter: interaction: PackageSetting{9523d79 io.github.ylimit.droidbotapp/10309} -> PackageSetting{b2ca72b com.android.wallpaper.livepicker/10091} BLOCKED
08-06 16:47:33.212  2474  7656 I AppsFilter: interaction: PackageSetting{9523d79 io.github.ylimit.droidbotapp/10309} -> PackageSetting{3347788 com.android.cellbroadcastreceiver.module/10255} BLOCKED
08-06 16:47:33.212  2474  7656 I AppsFilter: interaction: PackageSetting{9523d79 io.github.ylimit.droidbotapp/10309} -> PackageSetting{4f28521 com.android.apps.tag/10098} BLOCKED
08-06 16:47:33.212  2474  7656 I AppsFilter: interaction: PackageSetting{9523d79 io.github.ylimit.droidbotapp/10309} -> PackageSetting{858ed46 com.android.imsserviceentitlement/10125} BLOCKED
08-06 16:47:33.212  2474  7656 I AppsFilter: interaction: PackageSetting{9523d79 io.github.ylimit.droidbotapp/10309} -> PackageSetting{4c8b07 com.xiaomi.gamecenter/10288} BLOCKED
08-06 16:47:33.212  2474  7656 I AppsFilter: interaction: PackageSetting{9523d79 io.github.ylimit.droidbotapp/10309} -> PackageSetting{15d8434 com.android.appsearch.apk/10257} BLOCKED
08-06 16:47:33.212  2474  7656 I AppsFilter: interaction: PackageSetting{9523d79 io.github.ylimit.droidbotapp/10309} -> PackageSetting{751525d com.dragon.read/10335} BLOCKED
08-06 16:47:33.212  2474  7656 I AppsFilter: interaction: PackageSetting{9523d79 io.github.ylimit.droidbotapp/10309} -> PackageSetting{6b6213c com.anydo/10292} BLOCKED
08-06 16:47:33.212  2474  7656 I AppsFilter: interaction: PackageSetting{9523d79 io.github.ylimit.droidbotapp/10309} -> PackageSetting{5a697d2 com.miui.cleanmaster/10266} BLOCKED
08-06 16:47:33.212  2474  7656 I AppsFilter: interaction: PackageSetting{9523d79 io.github.ylimit.droidbotapp/10309} -> PackageSetting{89cd0a3 com.miui.weather2/10278} BLOCKED
08-06 16:47:33.212  2474  7656 I AppsFilter: interaction: PackageSetting{9523d79 io.github.ylimit.droidbotapp/10309} -> PackageSetting{368afa0 com.autonavi.minimap/10333} BLOCKED
08-06 16:47:33.212  2474  7656 I AppsFilter: interaction: PackageSetting{9523d79 io.github.ylimit.droidbotapp/10309} -> PackageSetting{ed5b759 com.xiaomi.scanner/10281} BLOCKED
08-06 16:47:33.212  2474  7656 I AppsFilter: interaction: PackageSetting{9523d79 io.github.ylimit.droidbotapp/10309} -> PackageSetting{6b25f1e com.google.android.apps.tasks/10300} BLOCKED
08-06 16:47:33.212  2474  7656 I AppsFilter: interaction: PackageSetting{9523d79 io.github.ylimit.droidbotapp/10309} -> PackageSetting{221d3ff com.duokan.reader/10287} BLOCKED
08-06 16:47:33.212  2474  7656 I AppsFilter: interaction: PackageSetting{9523d79 io.github.ylimit.droidbotapp/10309} -> PackageSetting{4a706eb com.android.cts.ctsshim/10253} BLOCKED
08-06 16:47:33.212  2474  7656 I AppsFilter: interaction: PackageSetting{9523d79 io.github.ylimit.droidbotapp/10309} -> PackageSetting{d3925cc douzifly.list/10182} BLOCKED
08-06 16:47:33.212  2474  7656 I AppsFilter: interaction: PackageSetting{9523d79 io.github.ylimit.droidbotapp/10309} -> PackageSetting{2a17015 com.miui.yellowpage/10137} BLOCKED
08-06 16:47:33.212  2474  7656 I AppsFilter: interaction: PackageSetting{9523d79 io.github.ylimit.droidbotapp/10309} -> PackageSetting{4214f2a com.einnovation.temu/10304} BLOCKED
08-06 16:47:33.212  2474  7656 I AppsFilter: interaction: PackageSetting{9523d79 io.github.ylimit.droidbotapp/10309} -> PackageSetting{536d689 com.android.microdroid.empty_payload/10236} BLOCKED
08-06 16:47:33.212  2474  7656 I AppsFilter: interaction: PackageSetting{9523d79 io.github.ylimit.droidbotapp/10309} -> PackageSetting{cc9b11b com.android.email/10268} BLOCKED
08-06 16:47:33.212  2474  7656 I AppsFilter: interaction: PackageSetting{9523d79 io.github.ylimit.droidbotapp/10309} -> PackageSetting{bb8d2b8 com.android.music/10175} BLOCKED
08-06 16:47:33.212  2474  7656 I AppsFilter: interaction: PackageSetting{9523d79 io.github.ylimit.droidbotapp/10309} -> PackageSetting{35f891 com.android.hotspot2.osulogin/10259} BLOCKED
08-06 16:47:33.212  2474  7656 I AppsFilter: interaction: PackageSetting{9523d79 io.github.ylimit.droidbotapp/10309} -> PackageSetting{eb2ed95 com.android.companiondevicemanager.auto_generated_characteristics_rro/10006} BLOCKED
08-06 16:47:33.212  2474  7656 I AppsFilter: interaction: PackageSetting{9523d79 io.github.ylimit.droidbotapp/10309} -> PackageSetting{9dd33f6 com.google.android.gms.location.history/10152} BLOCKED
08-06 16:47:33.212  2474  7656 I AppsFilter: interaction: PackageSetting{9523d79 io.github.ylimit.droidbotapp/10309} -> PackageSetting{f4843f7 com.smile.gifmaker/10339} BLOCKED
08-06 16:47:33.212  6011 24295 I Market-SubScriptManager: updateMarketSubScript forceShow : false
08-06 16:47:33.212  2474  7656 I AppsFilter: interaction: PackageSetting{9523d79 io.github.ylimit.droidbotapp/10309} -> PackageSetting{3c08e38 com.android.internal.systemui.navbar.gestural/10052} BLOCKED
08-06 16:47:33.212  2474  7656 I AppsFilter: interaction: PackageSetting{9523d79 io.github.ylimit.droidbotapp/10309} -> PackageSetting{e846264 ru.mail.mailapp/10321} BLOCKED
08-06 16:47:33.212  2474  7656 I AppsFilter: interaction: PackageSetting{9523d79 io.github.ylimit.droidbotapp/10309} -> PackageSetting{1b08ccd com.google.android.apps.youtube.music/10318} BLOCKED
08-06 16:47:33.212  2474  7656 I AppsFilter: interaction: PackageSetting{9523d79 io.github.ylimit.droidbotapp/10309} -> PackageSetting{6a09982 com.android.bluetoothmidiservice/10104} BLOCKED
08-06 16:47:33.212  2474  7656 I AppsFilter: interaction: PackageSetting{9523d79 io.github.ylimit.droidbotapp/10309} -> PackageSetting{db32893 com.jijia.jjweather/10336} BLOCKED
08-06 16:47:33.212  2474  7656 I AppsFilter: interaction: PackageSetting{9523d79 io.github.ylimit.droidbotapp/10309} -> PackageSetting{5740d0 com.ebay.mobile/10291} BLOCKED
08-06 16:47:33.212  2474  7656 I AppsFilter: interaction: PackageSetting{9523d79 io.github.ylimit.droidbotapp/10309} -> PackageSetting{bc628c9 com.google.android.apps.magazines/10315} BLOCKED
08-06 16:47:33.212  2474  7656 I AppsFilter: interaction: PackageSetting{9523d79 io.github.ylimit.droidbotapp/10309} -> PackageSetting{9245213 com.qualcomm.qti.server.wigig.tethering.rro/10229} BLOCKED
08-06 16:47:33.212  2474  7656 I AppsFilter: interaction: PackageSetting{9523d79 io.github.ylimit.droidbotapp/10309} -> PackageSetting{842cbce com.sina.news/10314} BLOCKED
08-06 16:47:33.212  2474  7656 I AppsFilter: interaction: PackageSetting{9523d79 io.github.ylimit.droidbotapp/10309} -> PackageSetting{dddbaef tv.danmaku.bili/10326} BLOCKED
08-06 16:47:33.212  2474  7656 I AppsFilter: interaction: PackageSetting{9523d79 io.github.ylimit.droidbotapp/10309} -> PackageSetting{a3799fc com.android.captiveportallogin/10106} BLOCKED
08-06 16:47:33.212  2474  7656 I AppsFilter: interaction: PackageSetting{9523d79 io.github.ylimit.droidbotapp/10309} -> PackageSetting{f7f8885 com.microsoft.todos/10293} BLOCKED
08-06 16:47:33.212  2474  7656 I AppsFilter: interaction: PackageSetting{9523d79 io.github.ylimit.droidbotapp/10309} -> PackageSetting{c3d6da com.miui.core/10194} BLOCKED
08-06 16:47:33.212  6011 24295 I Market-SubScriptManager: get count 52
08-06 16:47:33.213  6011 24295 I Market-SubScriptManager: get count 52
08-06 16:47:33.215  6011 24536 I Market-LocalAppManager: queryDiffSizeFromServer start
08-06 16:47:33.212 24427 24427 W mit.droidbotapp: type=1400 audit(0.0:8964): avc:  denied  { read } for  name="u:object_r:vendor_displayfeature_prop:s0" dev="tmpfs" ino=572 scontext=u:r:untrusted_app_32:s0:c53,c257,c512,c768 tcontext=u:object_r:vendor_displayfeature_prop:s0 tclass=file permissive=0 app=io.github.ylimit.droidbotapp
08-06 16:47:33.217  2474  7656 W ActivityManager: Permission Denial: getCurrentUser() from pid=24427, uid=10309 requires android.permission.INTERACT_ACROSS_USERS
08-06 16:47:33.217  6011 24536 E Market-Client: isSupportChildMode, error: java.lang.NumberFormatException: For input string: ""
08-06 16:47:33.217 24427 24585 E FramePredict: registerContentObserver fail
08-06 16:47:33.219  6011 24536 I Market-LimitSpeedManager: startLimitSpeedNow() ====== speed = 32768
08-06 16:47:33.222  6011 24536 I Market-DownloadLimitSpeedManager: startLimitSpeed success. Total count 1
08-06 16:47:33.222  6011 24536 I Market-RetrofitRequest: HeaderInterceptor : https://updateinfo.market.xiaomi.com/apm/updateinfo/diffsize
08-06 16:47:33.233 24427 24427 I ViewRootImpl: InputMethod use first frame acceleration
08-06 16:47:33.235  2474  7656 I SmartPower: com.android.vending/10124(16543): visible->invisible(68853ms) R(become invisible) adj=700.
08-06 16:47:33.235  2474  7656 I SmartPower: com.android.vending:instant_app_installer/10124(17570): invisible->background(68859ms) R(become background) adj=925.
08-06 16:47:33.235  2474  7656 I SmartPower: com.android.vending/10124(16543): invisible->background(0ms) R(become background) adj=700.
08-06 16:47:33.235  2474  7656 I SmartPower: com.android.vending:background/10124(17245): invisible->background(68859ms) R(become background) adj=700.
08-06 16:47:33.236  2474  7656 I SmartPower: com.android.vending:quick_launch/10124(8927): invisible->background(68859ms) R(become background) adj=925.
08-06 16:47:33.236  2474  7656 I SmartPower: io.github.ylimit.droidbotapp/10309(24427): background->visible(820ms) R(become visible) adj=200.
08-06 16:47:33.253 24427 24427 I Choreographer: first vsync insert message into MessageQueue Head
08-06 16:47:33.260  7458  7458 I HandWritingStubImpl: getCurrentKeyboardType: 1
08-06 16:47:33.270  3086  3086 I adbd    : in ShellService: getprop ro.secure
08-06 16:47:33.296  6011 24536 I Market-DownloadLimitSpeedManager: stopLimitSpeed
08-06 16:47:33.296  6011 24536 I Market-LimitSpeedManager: stopLimitSpeedNow() =========== 
08-06 16:47:33.302  6011 24536 I Market-RetrofitRequest: callEnd : https://updateinfo.market.xiaomi.com/apm/updateinfo/diffsize
08-06 16:47:33.303  6011 24536 I Market-LocalAppManager: queryDiffSizeFromServer end
08-06 16:47:33.303  6011 24484 I Market-SubScriptManager: updateMarketSubScript forceShow : false
08-06 16:47:33.303  6011 24484 I Market-SubScriptManager: get count 52
08-06 16:47:33.303  6011 24484 I Market-SubScriptManager: get count 52
08-06 16:47:33.304  6011 24536 I Market-WakeLockManager: release wakeLock: CheckUpdateService
08-06 16:47:33.306  2474  7656 I ActivityManager: Cancel FGS notification userId: 0 definingUid: 10167 packageName: com.xiaomi.market processName:com.xiaomi.market ChannelId:com.xiaomi.market_hide foregroundNotiWhen:1754470052814 Notiflags:104
08-06 16:47:33.307  2474  7656 W ForegroundServiceTypeLoggerModule: FGS stop call for: 10167 has no types!
08-06 16:47:33.307  1865  1865 I vendor.qti.hardware.servicetrackeraidl-service: destroyService is called for service : com.xiaomi.market/.business_core.update.auto.CheckUpdateService
08-06 16:47:33.307  6011  6011 I Market-ServiceUtils: stop foreground service: CheckUpdateService
08-06 16:47:33.308  2474  2474 I NotificationService: Cancel FGS notification CallingUid: 10167 CallingPid: 6011 Pkg: com.xiaomi.market Id:147102127 Tag:null UserId:0 MustHaveFlags:0 MustNotHaveFlags:0 Reason:8 foregroundNotiWhen:1754470052814 foregroundNotiFlags:104 foregroundNotiChannelId:com.xiaomi.market_hide
08-06 16:47:33.311  2474  7257 I MiuiNetworkPolicy: updateUidState uid = 10261, uidState = 19
08-06 16:47:33.311  2474  7257 I MiuiNetworkPolicyTrafficLimit: updateWhiteListUidForMobileTraffic uid=10261,add=false
08-06 16:47:33.312  2474  7257 I MiuiNetworkPolicy: updateUidState uid = 10203, uidState = 6
08-06 16:47:33.312  2474  7257 I MiuiNetworkPolicy: updateUidState uid = 10167, uidState = 10
08-06 16:47:33.312  2474  7257 I MiuiNetworkPolicyTrafficLimit: updateWhiteListUidForMobileTraffic uid=10167,add=false
08-06 16:47:33.312  2474  7257 I MiuiNetworkPolicy: updateUidState uid = 10158, uidState = 19
08-06 16:47:33.313  2474  7257 I MiuiNetworkPolicyTrafficLimit: updateWhiteListUidForMobileTraffic uid=10158,add=false
08-06 16:47:33.313  2474  7257 I MiuiNetworkPolicy: updateUidState uid = 10090, uidState = 6
08-06 16:47:33.320  7890  7890 E NotifCollection: No notification to remove with key 0|com.xiaomi.market|147102127|null|10167 reason=8:REASON_APP_CANCEL
08-06 16:47:33.327  3050  4560 I libsensor-boledalgo: dbv:406,lux:215.6,cct:6119.7,hsv:-1.0,dc:0CWB R:3168.5,G:7737.4,B:4934.2Event C:15584.2,R:8738.2,G:5342.1,B:3246.1Cali C:1044.2,R:545.7,G:239.4,B:123.3 
08-06 16:47:33.330  1843  2051 I SDM     : DisplayBase::CommitThread: Received idle timeout, panel: cmd, timeout: 70000 us
08-06 16:47:33.343  3086  3086 I adbd    : in ShellService: getprop ro.debuggable
08-06 16:47:33.362  6011  6025 I m.xiaomi.market: This is non sticky GC, maxfree is 16777216 minfree is 8388608
08-06 16:47:33.363  6011  6027 W System  : A resource failed to call close. 
08-06 16:47:33.364  6011  6027 W System  : A resource failed to call close. 
08-06 16:47:33.375  1843  1843 I SDM     : HWCDisplay::SetActiveConfigWithConstraints: display:66-0, config: 1, WxH 1200x2670, fps 120
08-06 16:47:33.376  1843  1843 W SDM     : HWDeviceDRM::GetSupportedBitClkRate: Requested rate not supported: 1150000000
08-06 16:47:33.376  1843  1843 I SDM     : HWDeviceDRM::UpdateMixerAttributes: Mixer WxH 1200x2670-1 for Peripheral
08-06 16:47:33.376  1843  1843 I SDM     : HWCDisplay::SubmitDisplayConfig: Active configuration changed from config 3 to 1
08-06 16:47:33.376  1843  1843 I SDM     : HWCDisplay::SubmitDisplayConfig: Active WxH 1200x2670 ,ddic_mode:idle, timing_fps: 120, sf_fps: 120
08-06 16:47:33.376 24427 24444 I mit.droidbotapp: Compiler allocated 5390KB to compile void android.view.ViewRootImpl.performTraversals()
08-06 16:47:33.384  1843  3496 I vendor.qti.hardware.display.composer-service: Sensor: notify citsensorservice to trigger cwb, misForced = 0
08-06 16:47:33.385  3050  4554 I libsensor-parseRGB: request dump start for mRequestDisplayId 0
08-06 16:47:33.408  3050 25119 E libsensor-parseRGB: CWB NotifyCWBBufferDone  error 0
08-06 16:47:33.427  3086  3086 I adbd    : in ShellService: dumpsys display
08-06 16:47:33.464  1843  2051 I SDM     : DisplayBase::CommitThread: Received idle timeout, panel: cmd, timeout: 70000 us
08-06 16:47:33.543  1843  3496 I vendor.qti.hardware.display.composer-service: Sensor: notify citsensorservice to trigger cwb, misForced = 1
08-06 16:47:33.544  3050  4554 I libsensor-parseRGB: request dump start for mRequestDisplayId 0
08-06 16:47:33.555  2474  7257 I MiuiNetworkPolicy: bandwidth: 1 KB/s, Max bandwidth: 11266 KB/s
08-06 16:47:33.566  3050  4604 E libsensor-parseRGB: CWB NotifyCWBBufferDone  error 0
08-06 16:47:33.588  3086  3086 I adbd    : in ShellService: wm size
08-06 16:47:33.624  1843  2051 I SDM     : DisplayBase::CommitThread: Received idle timeout, panel: cmd, timeout: 70000 us
08-06 16:47:33.681  3086  3086 I adbd    : in ShellService: dumpsys input
08-06 16:47:33.750 13430 13430 I RuntimePermissionManager: isRuntimeRequestSupport: true
08-06 16:47:33.761 17757 17991 I Ad      : isPersonalizedAdEnabled getAdSettings: 1
08-06 16:47:33.765  3086  3086 I adbd    : in ShellService: getprop ro.sf.lcd_density
08-06 16:47:33.771  2474  8330 W ParceledListSlice: Element #44 is 26672 bytes.
08-06 16:47:33.771  2474  8330 W ParceledListSlice: Overly large reply size: 82384
08-06 16:47:33.771  2474 10062 W ParceledListSlice: Element #45 is 26676 bytes.
08-06 16:47:33.771  2474 10062 W ParceledListSlice: Element #46 is 26676 bytes.
08-06 16:47:33.771  2474 10062 W ParceledListSlice: Element #47 is 26684 bytes.
08-06 16:47:33.771  2474  8330 W ParceledListSlice: Element #48 is 26688 bytes.
08-06 16:47:33.771  2474  8330 W ParceledListSlice: Element #54 is 19664 bytes.
08-06 16:47:33.772  2474  8358 W ParceledListSlice: Element #55 is 19652 bytes.
08-06 16:47:33.772  2474  8358 W ParceledListSlice: Element #56 is 19692 bytes.
08-06 16:47:33.772  2474  8358 W ParceledListSlice: Element #57 is 19720 bytes.
