08-06 16:47:37.049  1843  2428 I SDM     : HWCDisplay::SubmitDisplayConfig: Active WxH 1200x2670 ,ddic_mode:idle, timing_fps: 120, sf_fps: 120
08-06 16:47:37.051  7177  8623 W AndroidBackupEventsLogg: Flag disabled, logging without sampling [CONTEXT service_id=229 ]
08-06 16:47:37.051  7177  8623 I AndroidBackupEventsLogg: (REDACTED) Logging without sampling %s
08-06 16:47:37.048  2474  2474 W binder:2474_F: type=1400 audit(0.0:8969): avc:  denied  { getopt } for  scontext=u:r:system_server:s0 tcontext=u:r:shell:s0 tclass=unix_stream_socket permissive=0
08-06 16:47:37.053  7177  7177 I IntentFilterVerRcvr: S+ domain verification enabled [CONTEXT service_id=244 ]
08-06 16:47:37.054  2474  7278 E AppOps  : attributionTag VCN not declared in manifest of android
08-06 16:47:37.055  2474  7257 I MiuiNetworkPolicy: ACTION_PACKAGE_ADDED uid = 10310
08-06 16:47:37.048  2474  2474 W binder:2474_F: type=1400 audit(0.0:8970): avc:  denied  { getopt } for  scontext=u:r:system_server:s0 tcontext=u:r:shell:s0 tclass=unix_stream_socket permissive=0
08-06 16:47:37.048  2474  2474 W binder:2474_F: type=1400 audit(0.0:8971): avc:  denied  { getopt } for  scontext=u:r:system_server:s0 tcontext=u:r:shell:s0 tclass=unix_stream_socket permissive=0
08-06 16:47:37.059 13710 15240 I MiuiVpnManageService: PackageMonitor. onPackageAdded: packageName =com.ups.mobile.android
08-06 16:47:37.061  2474  7414 I SdkSandboxManager: No SDKs used. Skipping SDK data reconcilation for CallingInfo{mUid=10310, mPackageName='com.ups.mobile.android, mAppProcessToken='null'}
08-06 16:47:37.061  2474  2680 I MiuiCompatModePackages: package com.ups.mobile.android updated, removing config
08-06 16:47:37.062  7856  8405 E SmsApplication: com.android.mms lost android:read_cell_broadcasts:  (fixing)
08-06 16:47:37.062  2474 10062 W AppOpService: Ignored setUidMode call for runtime permission app op: uid = 10141, code = READ_CELL_BROADCASTS, mode = allow, callingUid = 1001, oldMode = allow
08-06 16:47:37.063  2474  2474 I NetworkDetectInjector: ACTION_PACKAGE_ADDED uid = 10310
08-06 16:47:37.063  2474  2474 I MiuiNetworkPolicyTrafficLimit: ACTION_PACKAGE_ADDED uid = 10310
08-06 16:47:37.063  2474  2474 E SLM-SRV-SLAAppLib: initBroadcastReceivercom.ups.mobile.android
08-06 16:47:37.063  2474  2474 I SLM-SRV-SLAAppLib: ACTION_PACKAGE_ADDED uid = 10310com.ups.mobile.android
08-06 16:47:37.063  2474  2474 I SLM-SRV-SLSAppLib: setSLSGameUidList:null
08-06 16:47:37.063  2474  2474 I SLM-SRV-SLSAppLib: setSLSVoIPUid:0
08-06 16:47:37.063  2474  2474 I NetworkAccelerateSwitchService: setNetworkAccelerateSwitchUidList:null
08-06 16:47:37.063  2474  2474 I NetworkAccelerateSwitchService: setNetworkAccelerateSwitchVoIPUid:0
08-06 16:47:37.063  2474  2474 I SLM-SRV-SLAAppLib: mDoubleWifiUidList = 10090,10261,10286,10324,10340,10325,10322,10167,10339,10326,
08-06 16:47:37.063  2474  2474 I SLM-SRV-SLAAppLib: mDoubleDataUidList = 10090,10261,10286,10325,10322,10329,10167,10339,10326,
08-06 16:47:37.063  2474  8196 I SLM-SRV-SLAAppLib: setUidWhiteListToSlad
08-06 16:47:37.063  2474  8196 I SLM-SRV-SLAAppLib: setSLAUidList:10322,10325,10326,10332,10339,10261,10340,10286,10167,10090,
08-06 16:47:37.064  2474  8196 I SLM-SRV-SLSAppLib: setSLAAppWhiteList:10322,10325,10326,10332,10339,10261,10340,10286,10167,
08-06 16:47:37.064  2474  7426 E AppScanObserverService: Try to add a invalid package: com.ups.mobile.android | 10310 | 0
08-06 16:47:37.064  7505 11044 I PermissionControllerServiceImpl: Updating user sensitive for uid 10310
08-06 16:47:37.066  2474  8334 I ClipboardServiceI: checkProviderWakePathForClipboard: primaryClip is null
08-06 16:47:37.067 13710 13710 I TrafficManageService: mina mPackageReceiver 0
08-06 16:47:37.067 13710 13710 I InstalledAppMonitor: com.ups.mobile.androidonReceive add pkg=com.ups.mobile.android
08-06 16:47:37.067 13710 15607 I AppPredictManager: predict: recentApps size = 5
08-06 16:47:37.067 13710 15441 I GameBoosterNewApp: addAppToGameBox: isGameBoosterOpen=true
08-06 16:47:37.068  2474  7278 E AppOps  : attributionTag VCN not declared in manifest of android
08-06 16:47:37.068 13710 15134 I FireWallService: mina mPackageReceiver onReceive
08-06 16:47:37.068 13710 15134 W FireWallService: is Pre-installed application
08-06 16:47:37.069  2474  7409 W PackageManager: Failed registering loading progress callback. Package is fully loaded.
08-06 16:47:37.069 13710 15441 I GameBoosterNewApp: com.ups.mobile.android isGameFromJson false
08-06 16:47:37.069  7464 17540 I htmlviewercloudcontrol: isStagingEnv:false param =  fps_group_config  uriMatch = 2, cluster: cn, version: 569290, traceId: edf791a3c2f0f49177c2934c6d2002a2, regId: +4z3RS85+e2U9l+sd6caQ/srGmJCsEbKpG1twyPn1K0CrNNyxYT/yAgGVxm5X+yC
08-06 16:47:37.069 13710 15441 I GameBoosterNewApp: com.ups.mobile.android isGameFromLocal false
08-06 16:47:37.069  7177 24531 I AppLinksIntentOperation: Verifying requested domains [CONTEXT service_id=244 ]
08-06 16:47:37.070 13710 15034 W ContextImpl: Calling a method in the system process without a qualified user: android.app.ContextImpl.startService:1939 android.content.ContextWrapper.startService:843 b4.k.d:80 q2.j.w:116 q2.j.j:0 
08-06 16:47:37.072  2474  7257 I MiuiNetworkPolicy: updateUidState uid = 10266, uidState = 10
08-06 16:47:37.072  2474  7633 W ParceledListSlice: Element #10 is 43420 bytes.
08-06 16:47:37.073 13710 15034 I LocalNotificationMgr: pkg: com.ups.mobile.android mode:0
08-06 16:47:37.073  7458  8105 E ScreenElementRoot: load error, manifest root is null
08-06 16:47:37.073 13710 15034 I GpBinderManager: bindCount : 18
08-06 16:47:37.074  7505  7505 I SafetyLabelChangedBroadcastReceiver: received broadcast packageName: com.ups.mobile.android, current user: UserHandle{0}, packageChangeEvent: NEW_INSTALL, intent user: UserHandle{0}
08-06 16:47:37.074  7464 17540 I htmlviewercloudcontrol: isStagingEnv:false param =  fps_group_config  uriMatch = 2, cluster: cn, version: 569290, traceId: edf791a3c2f0f49177c2934c6d2002a2, regId: +4z3RS85+e2U9l+sd6caQ/srGmJCsEbKpG1twyPn1K0CrNNyxYT/yAgGVxm5X+yC
08-06 16:47:37.074 13710 13710 I AppPredictPrivacyLaunchManager: updateLauncherApps size: 76
08-06 16:47:37.075  2474  3106 I ActivityManager: Background started FGS: Allowed [callingPackage: com.miui.securitycenter; callingUid: 1000; uidState: PER ; uidBFSL: [BFSL]; intent: Intent { act=com.miui.cleanmaster.GARBAGE_PKG_ADD pkg=com.miui.cleanmaster (has extras) }; code:PROC_STATE_PERSISTENT; tempAllowListReason:<206a024 miui.intent.action.CYCLE_CHECK/u0,reasonCode:ALARM_MANAGER_WHILE_IDLE,duration:10000,callingUid:1000>; targetSdkVersion:34; callerTargetSdkVersion:34; startForegroundCount:0; bindFromPackage:null: isBindService:false]
08-06 16:47:37.075  2474  3106 W ForegroundServiceTypeLoggerModule: Foreground service start for UID: 10266 does not have any types
08-06 16:47:37.075  2474  8330 E AppOps  : Bad call made by uid 1001. Package "com.android.phone" does not belong to uid 1000.
08-06 16:47:37.075  2474  8330 E AppOps  : Cannot noteOperation: non-application UID 1000
08-06 16:47:37.076  2474  7257 I MiuiNetworkPolicy: updateUidState uid = 10266, uidState = 4
08-06 16:47:37.077  2474  3106 I ActivityManager: Cancel FGS notification userId: 0 definingUid: 10266 packageName: com.miui.cleanmaster processName:com.miui.cleanmaster ChannelId:com.miui.cleanmaster foregroundNotiWhen:1754470057075 Notiflags:64
08-06 16:47:37.077  2474  3106 W ForegroundServiceTypeLoggerModule: FGS stop call for: 10266 has no types!
08-06 16:47:37.077 13710 15162 I ThumbnailBlurUtils: getAllLauncherAppList time: 4
08-06 16:47:37.078  1865  1865 I vendor.qti.hardware.servicetrackeraidl-service: destroyService is called for service : com.miui.cleanmaster/com.miui.optimizecenter.service.CleanMasterService
08-06 16:47:37.079  7177 24531 I AppLinksRequestHandler: (REDACTED) Processing %d input requests
08-06 16:47:37.079  2474  7257 I MiuiNetworkPolicyTrafficLimit: updateWhiteListUidForMobileTraffic uid=10266,add=true
08-06 16:47:37.079  7177 24531 I AppLinksUtilsV1: Legacy cross-profile verification enabled [CONTEXT service_id=244 ]
08-06 16:47:37.080  2474  4327 I RoleService: Granting default roles...
08-06 16:47:37.081  2474 10068 W ParceledListSlice: Element #17 is 25036 bytes.
08-06 16:47:37.081  2474 10068 W ParceledListSlice: Element #24 is 52004 bytes.
08-06 16:47:37.081  2474 10068 W ParceledListSlice: Overly large reply size: 117272
08-06 16:47:37.082  2474  7257 I MiuiNetworkPolicy: updateUidState uid = 10266, uidState = 19
08-06 16:47:37.082  2474  7257 I MiuiNetworkPolicyTrafficLimit: updateWhiteListUidForMobileTraffic uid=10266,add=false
08-06 16:47:37.083  2474  7656 W ParceledListSlice: Element #34 is 204620 bytes.
08-06 16:47:37.083  2474  7656 W ParceledListSlice: Overly large reply size: 237228
08-06 16:47:37.085  7464 17540 I htmlviewercloudcontrol: isStagingEnv:false param =  fps_group_config  uriMatch = 2, cluster: cn, version: 569290, traceId: edf791a3c2f0f49177c2934c6d2002a2, regId: +4z3RS85+e2U9l+sd6caQ/srGmJCsEbKpG1twyPn1K0CrNNyxYT/yAgGVxm5X+yC
08-06 16:47:37.087  2474  7633 W ParceledListSlice: Element #40 is 19708 bytes.
08-06 16:47:37.087  2474  7633 W ParceledListSlice: Element #48 is 187940 bytes.
08-06 16:47:37.087  2474  7633 W ParceledListSlice: Overly large reply size: 249300
08-06 16:47:37.088 13306 13306 I UserConsentManager: onPermissionsChanged: 10310
08-06 16:47:37.088 14395 14395 E PackageInstallHelper: handler start
08-06 16:47:37.088 14395 14395 E PackageInstallHelper: handler end
08-06 16:47:37.088 14395 14395 E PackageInstallHelper: PackageInstallHelper handler real start
08-06 16:47:37.089  7464 17540 I htmlviewercloudcontrol: isStagingEnv:false param =  fps_tp_exclude  uriMatch = 2, cluster: cn, version: 569290, traceId: edf791a3c2f0f49177c2934c6d2002a2, regId: +4z3RS85+e2U9l+sd6caQ/srGmJCsEbKpG1twyPn1K0CrNNyxYT/yAgGVxm5X+yC
08-06 16:47:37.091  2474 30082 W ParceledListSlice: Element #52 is 19668 bytes.
08-06 16:47:37.093 13306 13306 I UserConsentManager: onPermissionsChanged: 10310
08-06 16:47:37.093 13306 13306 I UserConsentManager: onPermissionsChanged: 10310
08-06 16:47:37.093 13306 13306 I UserConsentManager: onPermissionsChanged: 10310
08-06 16:47:37.093 13710 14406 I AppPredictPrivacyLaunchManager: getLauncherHomeAppList size: 76
08-06 16:47:37.093 13710 14406 I AppPredictResultHelper: updatePreferenceStore: size = 50
08-06 16:47:37.096  7464 17540 I htmlviewercloudcontrol: isStagingEnv:false param =  fps_idle_config  uriMatch = 2, cluster: cn, version: 569290, traceId: edf791a3c2f0f49177c2934c6d2002a2, regId: +4z3RS85+e2U9l+sd6caQ/srGmJCsEbKpG1twyPn1K0CrNNyxYT/yAgGVxm5X+yC
08-06 16:47:37.098  7464 17540 I htmlviewercloudcontrol: isStagingEnv:false param =  fps_idle_config  uriMatch = 2, cluster: cn, version: 569290, traceId: edf791a3c2f0f49177c2934c6d2002a2, regId: +4z3RS85+e2U9l+sd6caQ/srGmJCsEbKpG1twyPn1K0CrNNyxYT/yAgGVxm5X+yC
08-06 16:47:37.098  7458  8105 E Launcher.AllAppsList: Can't load postion for packageName: com.ups.mobile.android activityName: crc6466778ac8e5630834.SplashActivity
08-06 16:47:37.099  7177 24408 W Conscrypt: Could not set socket write timeout: java.net.SocketException: Socket closed
08-06 16:47:37.099  7177 24408 W Conscrypt: 	at com.google.android.gms.org.conscrypt.Platform.setSocketWriteTimeout(:com.google.android.gms@252834035@25.28.34 (260400-787197649):204)
08-06 16:47:37.099  7177 24408 W Conscrypt: 	at com.google.android.gms.org.conscrypt.ConscryptFileDescriptorSocket.setSoWriteTimeout(:com.google.android.gms@252834035@25.28.34 (260400-787197649):4)
08-06 16:47:37.099  2474  7633 W ParceledListSlice: Element #8 is 20788 bytes.
08-06 16:47:37.099  2474  7633 W ParceledListSlice: Element #9 is 20768 bytes.
08-06 16:47:37.099  2474  7633 W ActivityManagerServiceImpl: Sending non-protected broadcast com.miui.action.UPDATE_PREDICT_LIST_EXTERNAL from system 13710:com.miui.securitycenter.remote/1000 pkg com.miui.securitycenter. Callers=
08-06 16:47:37.099  7464 17540 I htmlviewercloudcontrol: isStagingEnv:false param =  fps_tp_exclude  uriMatch = 2, cluster: cn, version: 569290, traceId: edf791a3c2f0f49177c2934c6d2002a2, regId: +4z3RS85+e2U9l+sd6caQ/srGmJCsEbKpG1twyPn1K0CrNNyxYT/yAgGVxm5X+yC
08-06 16:47:37.100 14191 14518 I WakelockPolicyManager: setWakelockPolicy
08-06 16:47:37.100  1117  1117 E KeymasterUtils: IKMHal_sendCmd failed with rsp_header->status: -28
08-06 16:47:37.101  1117  1117 E KeyMasterHalDevice: abort_operation
08-06 16:47:37.101  1117  1117 E KeyMasterHalDevice: ret: -28
08-06 16:47:37.102 21010 24716 E ExceptionStackTrace: The exception is  android_getaddrinfo failed: EAI_NODATA (No address associated with hostname)
08-06 16:47:37.102 21010 24716 E ExceptionStackTrace: libcore.io.Linux.android_getaddrinfo(Native Method)
08-06 16:47:37.102 21010 24716 E ExceptionStackTrace: libcore.io.ForwardingOs.android_getaddrinfo(ForwardingOs.java:133)
08-06 16:47:37.102 21010 24716 E ExceptionStackTrace: libcore.io.BlockGuardOs.android_getaddrinfo(BlockGuardOs.java:222)
08-06 16:47:37.102 21010 24716 E ExceptionStackTrace: libcore.io.ForwardingOs.android_getaddrinfo(ForwardingOs.java:133)
08-06 16:47:37.102 21010 24716 E ExceptionStackTrace: java.net.Inet6AddressImpl.lookupHostByName(Inet6AddressImpl.java:135)
08-06 16:47:37.102 21010 24716 E ExceptionStackTrace: java.net.Inet6AddressImpl.lookupAllHostAddr(Inet6AddressImpl.java:103)
08-06 16:47:37.102 21010 24716 E ExceptionStackTrace: java.net.InetAddress.getAllByName(InetAddress.java:1152)
08-06 16:47:37.102 21010 24716 E ExceptionStackTrace: com.microsoft.office.outlook.http.HttpSortedDns.getAllByName(Unknown Source:0)
08-06 16:47:37.102 21010 24716 E ExceptionStackTrace: com.microsoft.office.outlook.http.HttpSortedDns.lookup(Unknown Source:8)
08-06 16:47:37.102 21010 24716 E ExceptionStackTrace: okhttp3.internal.connection.RouteSelector.resetNextInetSocketAddress(Unknown Source:141)
08-06 16:47:37.102 21010 24716 E ExceptionStackTrace: okhttp3.internal.connection.RouteSelector.nextProxy(Unknown Source:20)
08-06 16:47:37.102 21010 24716 E ExceptionStackTrace: okhttp3.internal.connection.RouteSelector.next(Unknown Source:17)
08-06 16:47:37.102 21010 24716 E ExceptionStackTrace: okhttp3.internal.connection.ExchangeFinder.findConnection(Unknown Source:189)
08-06 16:47:37.102 21010 24716 E ExceptionStackTrace: okhttp3
08-06 16:47:37.102 21010 24716 E ExceptionStackTrace: The exception is  Unable to resolve host "outlook.office365.com": No address associated with hostname
08-06 16:47:37.102 21010 24716 E ExceptionStackTrace: java.net.Inet6AddressImpl.lookupHostByName(Inet6AddressImpl.java:156)
08-06 16:47:37.102 21010 24716 E ExceptionStackTrace: java.net.Inet6AddressImpl.lookupAllHostAddr(Inet6AddressImpl.java:103)
08-06 16:47:37.102 21010 24716 E ExceptionStackTrace: java.net.InetAddress.getAllByName(InetAddress.java:1152)
08-06 16:47:37.102 21010 24716 E ExceptionStackTrace: com.microsoft.office.outlook.http.HttpSortedDns.getAllByName(Unknown Source:0)
08-06 16:47:37.102 21010 24716 E ExceptionStackTrace: com.microsoft.office.outlook.http.HttpSortedDns.lookup(Unknown Source:8)
08-06 16:47:37.102 21010 24716 E ExceptionStackTrace: okhttp3.internal.connection.RouteSelector.resetNextInetSocketAddress(Unknown Source:141)
08-06 16:47:37.102 21010 24716 E ExceptionStackTrace: okhttp3.internal.connection.RouteSelector.nextProxy(Unknown Source:20)
08-06 16:47:37.102 21010 24716 E ExceptionStackTrace: okhttp3.internal.connection.RouteSelector.next(Unknown Source:17)
08-06 16:47:37.102 21010 24716 E ExceptionStackTrace: okhttp3.internal.connection.ExchangeFinder.findConnection(Unknown Source:189)
08-06 16:47:37.102 21010 24716 E ExceptionStackTrace: okhttp3.internal.connection.ExchangeFinder.findHealthyConnection(Unknown Source:0)
08-06 16:47:37.102 21010 24716 E ExceptionStackTrace: okhttp3.internal.connection.ExchangeFinder.find(Unknown Source:47)
08-06 16:47:37.102 21010 24716 E ExceptionStackTrace: okhttp3.internal.connection.RealCall.initExchange$okhttp(Unknown Source:28)
08-06 16:47:37.102 21010 24716 E ExceptionStackTrace: okhttp3.internal.connection.
08-06 16:47:37.102  7458  8100 W PreviewDisappear: getIconDrawable src: null
08-06 16:47:37.102  7458  8100 W PreviewDisappear: getIconDrawable app drawable: null
08-06 16:47:37.102 13306 13306 I UserConsentManager: onPermissionsChanged: 10310
08-06 16:47:37.102  7464 17540 I htmlviewercloudcontrol: isStagingEnv:false param =  fps_idle_config  uriMatch = 2, cluster: cn, version: 569290, traceId: edf791a3c2f0f49177c2934c6d2002a2, regId: +4z3RS85+e2U9l+sd6caQ/srGmJCsEbKpG1twyPn1K0CrNNyxYT/yAgGVxm5X+yC
08-06 16:47:37.102  7458  8100 W PreviewDisappear: getIcon info target: ComponentInfo{com.ups.mobile.android/crc6466778ac8e5630834.SplashActivity}
08-06 16:47:37.103  7458  8100 W PreviewDisappear: getIcon info user: UserHandle{0}
08-06 16:47:37.104  7464 17540 I htmlviewercloudcontrol: isStagingEnv:false param =  display_fps_group  uriMatch = 2, cluster: cn, version: 569290, traceId: edf791a3c2f0f49177c2934c6d2002a2, regId: +4z3RS85+e2U9l+sd6caQ/srGmJCsEbKpG1twyPn1K0CrNNyxYT/yAgGVxm5X+yC
08-06 16:47:37.105  7458  8100 W PreviewDisappear: getIcon info intent: Intent { act=android.intent.action.MAIN cat=[android.intent.category.LAUNCHER] flg=0x10200000 cmp=com.ups.mobile.android/crc6466778ac8e5630834.SplashActivity (has extras) }
08-06 16:47:37.105  2474 30082 W AppOpService: Ignored setUidMode call for runtime permission app op: uid = 1001, code = READ_SMS, mode = allow, callingUid = 1001, oldMode = allow
08-06 16:47:37.106  7464 17540 I htmlviewercloudcontrol: isStagingEnv:false param =  fps_idle_config  uriMatch = 2, cluster: cn, version: 569290, traceId: edf791a3c2f0f49177c2934c6d2002a2, regId: +4z3RS85+e2U9l+sd6caQ/srGmJCsEbKpG1twyPn1K0CrNNyxYT/yAgGVxm5X+yC
08-06 16:47:37.106  2474 30082 W AppOpService: Ignored setUidMode call for runtime permission app op: uid = 1001, code = RECEIVE_SMS, mode = allow, callingUid = 1001, oldMode = allow
08-06 16:47:37.106 13306 13306 I UserConsentManager: onPermissionsChanged: 10310
08-06 16:47:37.106  2474 30082 W AppOpService: Ignored setUidMode call for runtime permission app op: uid = 1001, code = RECEIVE_WAP_PUSH, mode = allow, callingUid = 1001, oldMode = allow
08-06 16:47:37.106  7458  8100 W PreviewDisappear: 1 getIcon entry: null
08-06 16:47:37.107  2474  7257 I MiuiNetworkPolicy: updateUidState uid = 10097, uidState = 19
08-06 16:47:37.107  2474  7656 W AppOpService: Ignored setUidMode call for runtime permission app op: uid = 1001, code = SEND_SMS, mode = allow, callingUid = 1001, oldMode = allow
08-06 16:47:37.107  2474 10062 W AppOpService: Ignored setUidMode call for runtime permission app op: uid = 1001, code = READ_CELL_BROADCASTS, mode = allow, callingUid = 1001, oldMode = allow
08-06 16:47:37.108  7464 17540 I htmlviewercloudcontrol: isStagingEnv:false param =  fps_idle_config  uriMatch = 2, cluster: cn, version: 569290, traceId: edf791a3c2f0f49177c2934c6d2002a2, regId: +4z3RS85+e2U9l+sd6caQ/srGmJCsEbKpG1twyPn1K0CrNNyxYT/yAgGVxm5X+yC
08-06 16:47:37.108  7458  8100 W PreviewDisappear: 2 getIcon entry: com.miui.home.launcher.graphics.DrawableInfo@31e5508
08-06 16:47:37.108 13053 13053 E RegisteredServicesCache: Skipping application component ComponentInfo{com.UCMobile/com.alibaba.ariver.commonability.device.jsapi.nfc.service.TinyAppHostApduService}: it must request the permission android.permission.NFC
08-06 16:47:37.108 13053 13053 E RegisteredServicesCache: Skipping application component ComponentInfo{com.UCMobile/com.alipay.mobile.aompdevice.nfc.service.TinyAppHostApduService}: it must request the permission android.permission.NFC
08-06 16:47:37.108  7458  8100 W PreviewDisappear: applyCacheEntry entry: com.miui.home.launcher.graphics.drawable.LayerAdaptiveIconDrawable@e02d4a1
08-06 16:47:37.109 13053 13053 E RegisteredServicesCache: Skipping application component ComponentInfo{com.autonavi.minimap/com.alibaba.ariver.commonability.device.jsapi.nfc.service.TinyAppHostApduService}: it must request the permission android.permission.NFC
08-06 16:47:37.109  2474  4284 E AtomicFile: Failed to rename /data/system/install_sessions.xml.new to /data/system/install_sessions.xml
08-06 16:47:37.109  7464 17540 I htmlviewercloudcontrol: isStagingEnv:false param =  fps_idle_config  uriMatch = 2, cluster: cn, version: 569290, traceId: edf791a3c2f0f49177c2934c6d2002a2, regId: +4z3RS85+e2U9l+sd6caQ/srGmJCsEbKpG1twyPn1K0CrNNyxYT/yAgGVxm5X+yC
08-06 16:47:37.110 13053 13053 E RegisteredServicesCache: Skipping application component ComponentInfo{com.autonavi.minimap/com.alipay.mobile.aompdevice.nfc.service.TinyAppHostApduService}: it must request the permission android.permission.NFC
08-06 16:47:37.109  7458  8100 W PreviewDisappear: getIconDrawable finally drawable: com.miui.home.launcher.graphics.drawable.LayerAdaptiveIconDrawable@e02d4a1
08-06 16:47:37.110  2474  7683 E RoleControllerServiceImpl: Default/fallback role holder package doesn't qualify for the role, package: com.android.devicelockcontroller, role: android.app.role.SYSTEM_FINANCED_DEVICE_CONTROLLER
08-06 16:47:37.110 13306 13306 I UserConsentManager: onPermissionsChanged: 10310
08-06 16:47:37.110 13306 13306 I UserConsentManager: onPermissionsChanged: 10310
08-06 16:47:37.110 13306 13306 I UserConsentManager: onPermissionsChanged: 10310
08-06 16:47:37.110 13306 13306 I UserConsentManager: onPermissionsChanged: 10310
08-06 16:47:37.110 13306 13306 I UserConsentManager: onPermissionsChanged: 10310
08-06 16:47:37.110 13306 13306 I UserConsentManager: onPermissionsChanged: 10310
08-06 16:47:37.110 13306 13306 I UserConsentManager: onPermissionsChanged: 10310
08-06 16:47:37.111  2036  2036 E DisplayModeController: setDesiredMode : Idle status skip setActiveMode, isDdicIdleMode: 1
08-06 16:47:37.111  7464 17540 I htmlviewercloudcontrol: isStagingEnv:false param =  fps_group_config  uriMatch = 2, cluster: cn, version: 569290, traceId: edf791a3c2f0f49177c2934c6d2002a2, regId: +4z3RS85+e2U9l+sd6caQ/srGmJCsEbKpG1twyPn1K0CrNNyxYT/yAgGVxm5X+yC
08-06 16:47:37.114  7464  7482 I htmlviewercloudcontrol: isStagingEnv:false param =  fps_group_config  uriMatch = 2, cluster: cn, version: 569290, traceId: edf791a3c2f0f49177c2934c6d2002a2, regId: +4z3RS85+e2U9l+sd6caQ/srGmJCsEbKpG1twyPn1K0CrNNyxYT/yAgGVxm5X+yC
08-06 16:47:37.114  1843  2428 I SDM     : HWCDisplay::SetActiveConfigWithConstraints: display:66-0, config: 3, WxH 1200x2670, fps 120
08-06 16:47:37.115  1843  2428 W SDM     : HWDeviceDRM::GetSupportedBitClkRate: Requested rate not supported: 1150000000
08-06 16:47:37.115  1843  2428 I SDM     : HWDeviceDRM::UpdateMixerAttributes: Mixer WxH 1200x2670-1 for Peripheral
08-06 16:47:37.115  1843  2428 I SDM     : HWCDisplay::SubmitDisplayConfig: Active configuration changed from config 1 to 3
08-06 16:47:37.115  1843  2428 I SDM     : HWCDisplay::SubmitDisplayConfig: Active WxH 1200x2670 ,ddic_mode:auto, timing_fps: 120, sf_fps: 120
08-06 16:47:37.115 14191 15060 I DisplayFrameSetting: register
08-06 16:47:37.115  2474 30082 I whetstone.activity: noteVideoFps registVideoFpsCallBack, count is 1
08-06 16:47:37.116  1843  3496 I vendor.qti.hardware.display.composer-service: Sensor: notify citsensorservice to trigger cwb, misForced = 0
08-06 16:47:37.116  7464 17540 I htmlviewercloudcontrol: isStagingEnv:false param =  fps_idle_config  uriMatch = 2, cluster: cn, version: 569290, traceId: edf791a3c2f0f49177c2934c6d2002a2, regId: +4z3RS85+e2U9l+sd6caQ/srGmJCsEbKpG1twyPn1K0CrNNyxYT/yAgGVxm5X+yC
08-06 16:47:37.116  3050  4554 I libsensor-parseRGB: request dump start for mRequestDisplayId 0
08-06 16:47:37.116 13053 13053 I RegisteredServicesCache: current user: 0, is managed profile : false
08-06 16:47:37.118 13053 13053 I RegisteredAidCache: updateRoutingLocked(false): Enter
08-06 16:47:37.118 13053 13053 I AidRoutingManager: configureRouting(false): Enter
08-06 16:47:37.118 13053 13053 E AidRoutingManager: Size of routing table970
08-06 16:47:37.118 13053 13053 I RegisteredAidCache: updateRoutingLocked(false): exit
08-06 16:47:37.119  7464 17540 I htmlviewercloudcontrol: isStagingEnv:false param =  fps_group_config  uriMatch = 2, cluster: cn, version: 569290, traceId: edf791a3c2f0f49177c2934c6d2002a2, regId: +4z3RS85+e2U9l+sd6caQ/srGmJCsEbKpG1twyPn1K0CrNNyxYT/yAgGVxm5X+yC
08-06 16:47:37.119 13053 13053 I libnfc_nci: [INFO:NativeT4tNfcee.cpp(870)] nfcManager_isFwSupportNonStdT4TAid Enter isFwSupport = 1
08-06 16:47:37.119 13053 13053 I libnfc_nci: [INFO:SecureElement.cpp(1487)] SecureElement::getEseHandleFromGenericId: enter; ESE-ID = 0x7F
08-06 16:47:37.119 13053 13053 I libnfc_nci: [INFO:SecureElement.cpp(1528)] SecureElement::getEseHandleFromGenericId: enter; ESE-Handle = 0x410
08-06 16:47:37.120 13053 13053 I libnfc_nci: [INFO:SecureElement.cpp(1487)] SecureElement::getEseHandleFromGenericId: enter; ESE-ID = 0x00
08-06 16:47:37.120 13053 13053 I libnfc_nci: [INFO:SecureElement.cpp(1528)] SecureElement::getEseHandleFromGenericId: enter; ESE-Handle = 0x400
08-06 16:47:37.120  7800 12919 I SecureElement-Terminal-eSE1: isSecureElementPresent()
08-06 16:47:37.120  1774  1774 I android.hardware.secure_element-service.qti: isCardPresent
08-06 16:47:37.120  1774  1774 I android.hardware.secure_element-service.qti: isCardPresent exit, cardPresent: 1
08-06 16:47:37.120  2474  2474 I AppsFilter: interaction: PackageSetting{80673bb com.android.microdroid.empty_payload/10236} -> PackageSetting{fa470d8 com.ups.mobile.android/10310} BLOCKED
08-06 16:47:37.121  2474  2474 I AppsFilter: interaction: PackageSetting{29e9097 io.appium.uiautomator2.server.test/10280} -> PackageSetting{fa470d8 com.ups.mobile.android/10310} BLOCKED
08-06 16:47:37.121  2474  2474 I AppsFilter: interaction: PackageSetting{95bc284 io.github.ylimit.droidbotapp/10309} -> PackageSetting{fa470d8 com.ups.mobile.android/10310} BLOCKED
08-06 16:47:37.121  2474  2474 I AppsFilter: interaction: PackageSetting{d0a46a2 com.rongcard.eid/10151} -> PackageSetting{fa470d8 com.ups.mobile.android/10310} BLOCKED
08-06 16:47:37.121  2474  2474 I AppsFilter: interaction: PackageSetting{21482f0 io.appium.settings/10274} -> PackageSetting{fa470d8 com.ups.mobile.android/10310} BLOCKED
08-06 16:47:37.122  7800 12919 I SecureElement-Terminal-SIM1: isSecureElementPresent()
08-06 16:47:37.126 16300 16300 I VSC-AppInstallReceiver: action: android.intent.action.PACKAGE_CHANGED, packageName: com.ups.mobile.android
08-06 16:47:37.126  7800 12919 I SecureElement-Terminal-SIM1: isNfcEventAllowed: No access rules for checking.
08-06 16:47:37.127  7800 12919 I SecureElement-Terminal-SIM2: isSecureElementPresent()
08-06 16:47:37.127  8885  8885 I ##XLogger##: #&^h6MA9z6URo7duM4pUj12Wl//l20ccJzLLKqNG1Fr2SW/ifeaiznAtzlXZsoqoyCVUvQ9t0EUAsLk9aN5uiS6904G0jLdds9A9Cm8ElqusNMYp/zLDEiKkxo94BZAKdxJP+Yp8M8+bT2pdDC1v9p0XdQ8joJ4eZVVsKKkCzz7oJs=!!FfyD08PDxfmd9HNCoPx2yW8gDWFzFBsZ2CRYKs61VWq5sdZRG4iv+yeWT1OugCOkEu3/ZoMP4z7Bg6s+EfSPd4osTpoEtr7FaaIs1QvIuJC/oWvvUgwzs9D6XSSycoFgCdzTCD3yZ9IhxZIpzvawUQGJM0SAwKThaeRTUzpLTqwsuLpFUJJLg6EmKapl+84FRM9dugjEXnK7GV3+7BVTHkvK1T8SXH6VGdVj7oi8143948KEL81WXdVv5VsFfNThipM/YzqbyylHkE5k3w7Z1M3pfsP1e48nKQB5M9auUdnaL6vpnCk70DPMaFp16iH3m/40tRw9MVyb7Wa4HTaHrvnX18Ur3fkEGnNvXkuqvXZJc+tpXqdTBuQldNoir+MSg4EjjlVJsLh0gaHfDNPTam5PfvqrUtVcTxIaeGosXFC1nYH8G55ELNyVYjlOagjyNkQFz/3ihk+6B+AgD7rhw3PBOt8e9bl5v91hV8fKCx621oMzhZO2GFnWfTBtfuvPxftE0kZ7+QnMyBmMeTe3AjQnWXpGo1o24fwlNAM7+lXIgJZLkC24RtVo6UfMvdjH+8Aj4/wVNAYK2rskyw2AiYtbD91Xfsq+SIPy16GxEeAdgvV/5aRzsNuspC8V0BGsegoWu4rBTYNw7AfYWaGw0Jvzrtaa8f1bKu/oHbG317KdBcliebwacB+3SsuuHr406S6Voqyz32DhIzB+BuyVmceD6NBxTlV5Z0E6S3LoWVu6yI6eK06FWfFiPsqVINbc/pA5WQzI9OMtQdU0fIUb6K0bZcUCNdUQx+P9UF7anKZ1HFujZNbGiMi8jMaR9y3zDuvFO30mVVFoXYQuz0EQ6aq8iXumaZkcLT2mjUSfIxM=^&#
08-06 16:47:37.127  2474  7257 I MiuiNetworkPolicy: updateUidState uid = 6110, uidState = 11
08-06 16:47:37.127  8885  8885 I ##XLogger##: #&^h6MA9z6URo7duM4pUj12Wl//l20ccJzLLKqNG1Fr2SW/ifeaiznAtzlXZsoqoyCVUvQ9t0EUAsLk9aN5uiS6904G0jLdds9A9Cm8ElqusNMYp/zLDEiKkxo94BZAKdxJP+Yp8M8+bT2pdDC1v9p0XdQ8joJ4eZVVsKKkCzz7oJs=!!FfyD08PDxfmd9HNCoPx2yW8gDWFzFBsZ2CRYKs61VWobB5TQWSdRKDa+BDZ37IDpnBI4xyT2FHXhAONPh1Q54JJRIF2aVrMJeD8m6fklEb1CZYMpkjzbVbg70rzWWQHblECB/hVpllVtW3+TaPNMGC/N+BbddeyEYWFFpYFrXJ6M2Q7dKDrmrleRGmNG86ziPGcqWfBuqBfu0AShIWzVA6KuLwKxnha7gWW/QFoMI1JuKHmd418gyxl6HFQ8/6OGmfn7JBQxiRlG1+0J003PPOljNL23m5059Ud6jVLmpClJzBiI+aVeJjQ38/Cg4v7FYwkij5mfQWbGJws548eo5VB/TdND/gvrmi9SvR1MdoiXWClO9g37ilmxNLvI4FmzdOdFQjDgrFPcSZhqsGzPn14UMgxqGiYuW3/shRKUBNIuk2BtJIF6QffRGSyewpdEVWIXH1tmpaa7WyeW8HSmEQoJTtLYil+mv7FVJXXKRLtr3ZBmSNCe5x82bbS6mFDFRrL1K7R97kVFqGcbM7bNpjnxzICDQjpAx0Wnr/sIFLV4th7nTbtPJB0iVnnGW/0oJrGoMjjVryCnaBmKDD29tvOkF+j9glryE2oso0wYODPHj9i1+KGtHnGhQIniE4sml6szqjsu2ZaunUGChJrrN1Rrw78cjOgjjEgUVA2AzlXZ/Avo/Ng762T7c7fKStA0SIL4Ruk61d5hybc/GCYd4XJXro+5wHT7PIbMhGA1I8WbqNbT0UUYw99rCmpiQfqqYRxPuEGjDLGc/AXWkSW2PRhrjL2CexbQAnYb5wNuP3dzcwdnvF5KARDEqILvlesQNQo7lScQq2UmUl0HjHxhyeqpSkyb3Hrce6QYU0wXIO2+VChL4yPhUmXZEkYM20I/^&#
08-06 16:47:37.129 13710 15162 I ThumbnailBlurUtils: loadPrivacyThumbnailBlurMonthly successd{"com.ss.android.ugc.aweme":27,"com.ups.mobile.android":5,"com.musicworx":-1,"com.baidu.BaiduMap":3,"com.google.android.apps.youtube.music":27,"com.google.android.apps.tasks":5,"com.jijia.jjweather":5,"com.netease.newsreader.activity":11,"com.instagram.android":5,"com.microsoft.emmx":5,"com.baidu.searchbox.lite":5,"com.getsurfboard":-1,"com.android.fileexplorer":5,"com.miui.compass":5,"com.microsoft.office.outlook":10,"com.jijia.bqwnl":5,"com.autonavi.minimap":3,"com.miui.calculator":5,"org.secuso.privacyfriendlytodolist":-1,"com.android.contacts":5,"com.xiaomi.scanner":5,"com.miui.securitycenter":5,"com.android.vending":5,"com.yahoo.mobile.client.android.mail":5,"com.einnovation.temu":-1,"com.baidu.searchbox":5,"com.duokan.reader":7,"com.wuba.zhuanzhuan":9,"io.appium.settings":-1,"com.android.chrome":5,"com.xingin.xhs":5,"com.dragon.read":7,"tv.danmaku.bili":27,"com.ebay.mobile":5,"com.miui.gallery":6,"com.UCMobile":5,"todolist.scheduleplanner.dailyplanner.todo.reminders":5,"com.alibaba.aliexpresshd":9,"com.android.email":10,"com.todoist":5,"cool.monkey.android":5,"com.spotify.music":5,"com.xiaomi.market":5,"com.microsoft.todos":10,"com.skysoft.kkbox.android":27,"com.miui.notes":5,"com.smile.gifmaker":27,"com.xiaomi.gamecenter":5,"com.android.browser":5,"com.anydo":5,"de.baumann.browser":-1,"com.suxing.sustream":-1,"com.miui.virtualsim":5,"com.sina.news":11,"com.miui.weather2":5,"com.miui.video":27,"douzifly.list":-1,"com.google.android.documentsui":-1,"com.ss.android.article.news":11,"com.quark.browser":5,"com.android.mms":5,"cn.ninegame.gamemanager":5,"com.kuaishou.nebula":27,"com.android.providers.downloads.ui":5,"com.tencent.android.qqdownloader":5,"com.android.camera":6,"com.google.android.gm":5,"cn.amazon.mShop.android":9,"com.google.android.apps.magazines":5,"com.android.calendar":10,"io.github.ylimit.droidbotapp":-1,"ru.mail.mailapp":5,"com.android.settings":-1,"com.zhuantech.sijiweather":-1,"com.cnn.mobile.android.phone":11,"com.android.soundrecorder":5}
08-06 16:47:37.129  2474  7257 I MiuiNetworkPolicy: updateUidState uid = 6110, uidState = 19
08-06 16:47:37.129  2474  2664 W TextServicesManagerService: no available spell checker services found
08-06 16:47:37.129  7505 11044 I PermissionControllerServiceImpl: Updating user sensitive for uid 10310
08-06 16:47:37.130 13710 15441 I VideoBoxUtils: isSupportVideoBox: true
08-06 16:47:37.131 13710 15441 W ContextImpl: Calling a method in the system process without a qualified user: android.app.ContextImpl.sendBroadcast:1275 android.content.ContextWrapper.sendBroadcast:527 d7.e.f:24 d7.e.c:0 d7.e$c$a.run:18 
08-06 16:47:37.131  2474  3106 W ActivityManagerServiceImpl: Sending non-protected broadcast com.miui.gamebooster.UNINSTALLAPP from system 13710:com.miui.securitycenter.remote/1000 pkg com.miui.securitycenter. Callers=
08-06 16:47:37.133  7856  8405 E SmsApplication: com.android.mms lost android:read_cell_broadcasts:  (fixing)
08-06 16:47:37.134  2474  7659 W AppOpService: Ignored setUidMode call for runtime permission app op: uid = 10141, code = READ_CELL_BROADCASTS, mode = allow, callingUid = 1001, oldMode = allow
08-06 16:47:37.136  2474  2664 W EnhancedConfirmationService: The packageName should not be null.
08-06 16:47:37.136  2474  2664 W MagnificationConnectionManager: requestConnection duplicated request: connect=false, mConnectionState=DISCONNECTED
08-06 16:47:37.136  2474  8755 W AppOpService: Ignored setUidMode call for runtime permission app op: uid = 1001, code = READ_SMS, mode = allow, callingUid = 1001, oldMode = allow
08-06 16:47:37.136  2474  2664 W TextServicesManagerService: no available spell checker services found
08-06 16:47:37.137  2474  8755 W AppOpService: Ignored setUidMode call for runtime permission app op: uid = 1001, code = RECEIVE_SMS, mode = allow, callingUid = 1001, oldMode = allow
08-06 16:47:37.137  2474  8334 W AppOpService: Ignored setUidMode call for runtime permission app op: uid = 1001, code = RECEIVE_WAP_PUSH, mode = allow, callingUid = 1001, oldMode = allow
08-06 16:47:37.137  2474  8334 W AppOpService: Ignored setUidMode call for runtime permission app op: uid = 1001, code = SEND_SMS, mode = allow, callingUid = 1001, oldMode = allow
08-06 16:47:37.137  2474  8755 W AppOpService: Ignored setUidMode call for runtime permission app op: uid = 1001, code = READ_CELL_BROADCASTS, mode = allow, callingUid = 1001, oldMode = allow
08-06 16:47:37.138  2474  8334 W ParceledListSlice: Element #8 is 20788 bytes.
08-06 16:47:37.138  2474  8334 W ParceledListSlice: Element #9 is 20768 bytes.
08-06 16:47:37.139  3050  3078 E libsensor-parseRGB: CWB NotifyCWBBufferDone  error 0
08-06 16:47:37.141  7458  8112 W PreviewDisappear: 1 getIcon entry: null
08-06 16:47:37.141 13053 13053 E RegisteredServicesCache: Skipping application component ComponentInfo{com.UCMobile/com.alibaba.ariver.commonability.device.jsapi.nfc.service.TinyAppHostApduService}: it must request the permission android.permission.NFC
08-06 16:47:37.141 13053 13053 E RegisteredServicesCache: Skipping application component ComponentInfo{com.UCMobile/com.alipay.mobile.aompdevice.nfc.service.TinyAppHostApduService}: it must request the permission android.permission.NFC
08-06 16:47:37.141 13053 13053 E RegisteredServicesCache: Skipping application component ComponentInfo{com.autonavi.minimap/com.alibaba.ariver.commonability.device.jsapi.nfc.service.TinyAppHostApduService}: it must request the permission android.permission.NFC
08-06 16:47:37.141 13053 13053 E RegisteredServicesCache: Skipping application component ComponentInfo{com.autonavi.minimap/com.alipay.mobile.aompdevice.nfc.service.TinyAppHostApduService}: it must request the permission android.permission.NFC
08-06 16:47:37.142  7458  8150 W PreviewDisappear: getIconDrawable src: null
08-06 16:47:37.142  7458  8150 W PreviewDisappear: getIconDrawable app drawable: null
08-06 16:47:37.142  7458  8150 W PreviewDisappear: getIcon info target: ComponentInfo{com.ups.mobile.android/crc6466778ac8e5630834.SplashActivity}
08-06 16:47:37.142  7458  8150 W PreviewDisappear: getIcon info user: UserHandle{0}
08-06 16:47:37.142  7458  8150 W PreviewDisappear: getIcon info intent: Intent { act=android.intent.action.MAIN cat=[android.intent.category.LAUNCHER] flg=0x10200000 cmp=com.ups.mobile.android/crc6466778ac8e5630834.SplashActivity (has extras) }
08-06 16:47:37.142  7458  8150 W PreviewDisappear: 1 getIcon entry: null
08-06 16:47:37.142  2474  2664 W EnhancedConfirmationService: The packageName should not be null.
08-06 16:47:37.144  7458  8150 W PreviewDisappear: 2 getIcon entry: com.miui.home.launcher.graphics.DrawableInfo@5c7b9b4
08-06 16:47:37.144  7458  8150 W PreviewDisappear: applyCacheEntry entry: com.miui.home.launcher.graphics.drawable.LayerAdaptiveIconDrawable@5d719dd
08-06 16:47:37.144  7458  8150 W PreviewDisappear: getIconDrawable finally drawable: com.miui.home.launcher.graphics.drawable.LayerAdaptiveIconDrawable@5d719dd
08-06 16:47:37.144  2474  2664 W MagnificationConnectionManager: requestConnection duplicated request: connect=false, mConnectionState=DISCONNECTED
08-06 16:47:37.146  7458  8112 W PreviewDisappear: 2 getIcon entry: com.miui.home.launcher.graphics.DrawableInfo@bd20
08-06 16:47:37.147  7458  8112 W PreviewDisappear: applyCacheEntry entry: com.miui.home.launcher.graphics.drawable.LayerAdaptiveIconDrawable@b076d9
08-06 16:47:37.147 13053 13053 I RegisteredServicesCache: current user: 0, is managed profile : false
08-06 16:47:37.149 13053 13053 I RegisteredAidCache: updateRoutingLocked(false): Enter
08-06 16:47:37.149 13053 13053 I AidRoutingManager: configureRouting(false): Enter
08-06 16:47:37.149 13053 13053 E AidRoutingManager: Size of routing table970
08-06 16:47:37.149 13053 13053 I RegisteredAidCache: updateRoutingLocked(false): exit
08-06 16:47:37.150 13053 13053 I libnfc_nci: [INFO:NativeT4tNfcee.cpp(870)] nfcManager_isFwSupportNonStdT4TAid Enter isFwSupport = 1
08-06 16:47:37.150 13053 13053 I libnfc_nci: [INFO:SecureElement.cpp(1487)] SecureElement::getEseHandleFromGenericId: enter; ESE-ID = 0x7F
08-06 16:47:37.150 13053 13053 I libnfc_nci: [INFO:SecureElement.cpp(1528)] SecureElement::getEseHandleFromGenericId: enter; ESE-Handle = 0x410
08-06 16:47:37.152 13053 13053 I libnfc_nci: [INFO:SecureElement.cpp(1487)] SecureElement::getEseHandleFromGenericId: enter; ESE-ID = 0x00
08-06 16:47:37.152 13053 13053 I libnfc_nci: [INFO:SecureElement.cpp(1528)] SecureElement::getEseHandleFromGenericId: enter; ESE-Handle = 0x400
08-06 16:47:37.152  7800 12919 I SecureElement-Terminal-eSE1: isSecureElementPresent()
08-06 16:47:37.152  1774  1774 I android.hardware.secure_element-service.qti: isCardPresent
08-06 16:47:37.152  1774  1774 I android.hardware.secure_element-service.qti: isCardPresent exit, cardPresent: 1
08-06 16:47:37.153  7800 12919 I SecureElement-Terminal-SIM1: isSecureElementPresent()
08-06 16:47:37.154  7800 12919 I SecureElement-Terminal-SIM1: isNfcEventAllowed: No access rules for checking.
08-06 16:47:37.154  7800 12919 I SecureElement-Terminal-SIM2: isSecureElementPresent()
08-06 16:47:37.154 13053 13086 I com.android.nfc: This is non sticky GC, maxfree is 16777216 minfree is 8388608
08-06 16:47:37.161 13053 13088 W com.android.nfc: ApkAssets: Deleting an ApkAssets object '<empty> and /product/app/MITSMClient/MITSMClient.apk' with 1 weak references
08-06 16:47:37.161 13053 13088 W com.android.nfc: ApkAssets: Deleting an ApkAssets object '<empty> and /system_ext/priv-app/RtMiCloudSDK/RtMiCloudSDK.apk' with 1 weak references
08-06 16:47:37.161 13053 13088 W com.android.nfc: ApkAssets: Deleting an ApkAssets object '<empty> and /data/app/~~8vt2KH80nF3oX6UdVy4UTw==/com.xiaomi.market-QN9yXQR3bWfCOGQi2Nz8ng==/base.apk' with 1 weak references
08-06 16:47:37.162 13053 13088 W com.android.nfc: ApkAssets: Deleting an ApkAssets object '<empty> and /system_ext/app/miuisystem/miuisystem.apk' with 1 weak references
08-06 16:47:37.162 13053 13088 W com.android.nfc: ApkAssets: Deleting an ApkAssets object '<empty> and /system/priv-app/Tag/Tag.apk' with 1 weak references
08-06 16:47:37.162 13053 13088 W com.android.nfc: ApkAssets: Deleting an ApkAssets object '<empty> and /data/app/~~1VIcyny-_KdCgQTpa_Yyjw==/com.google.android.gms-jAF2NIV99R6pD-bXjTU-qg==/base.apk' with 1 weak references
08-06 16:47:37.162 13053 13088 W com.android.nfc: ApkAssets: Deleting an ApkAssets object '<empty> and /data/app/~~1VIcyny-_KdCgQTpa_Yyjw==/com.google.android.gms-jAF2NIV99R6pD-bXjTU-qg==/split_AdsDynamite_installtime.apk' with 1 weak references
08-06 16:47:37.162 13053 13088 W com.android.nfc: ApkAssets: Deleting an ApkAssets object '<empty> and /data/app/~~1VIcyny-_KdCgQTpa_Yyjw==/com.google.android.gms-jAF2NIV99R6pD-bXjTU-qg==/split_CronetDynamite_installtime.apk' with 1 weak references
08-06 16:47:37.162 13053 13088 W com.android.nfc: ApkAssets: Deleting an ApkAssets object '<empty> and /data/app/~~1VIcyny-_KdCgQTpa_Yyjw==/com.google.android.gms-jAF2NIV99R6pD-bXjTU-qg==/split_DynamiteLoader_installtime.apk' with 1 weak references
08-06 16:47:37.162 13053 13088 W com.android.nfc: ApkAssets: Deleting an ApkAssets object '<empty> and /data/app/~~1VIcyny-_KdCgQTpa_Yyjw==/com.google.android.gms-jAF2NIV99R6pD-bXjTU-qg==/split_DynamiteModulesA_installtime.apk' with 1 weak references
08-06 16:47:37.162 13053 13088 W com.android.nfc: ApkAssets: Deleting an ApkAssets object '<empty> and /data/app/~~1VIcyny-_KdCgQTpa_Yyjw==/com.google.android.gms-jAF2NIV99R6pD-bXjTU-qg==/split_DynamiteModulesC_installtime.apk' with 1 weak references
08-06 16:47:37.162 13053 13088 W com.android.nfc: ApkAssets: Deleting an ApkAssets object '<empty> and /data/app/~~1VIcyny-_KdCgQTpa_Yyjw==/com.google.android.gms-jAF2NIV99R6pD-bXjTU-qg==/split_GoogleCertificates_installtime.apk' with 1 weak references
08-06 16:47:37.162 13053 13088 W com.android.nfc: ApkAssets: Deleting an ApkAssets object '<empty> and /data/app/~~1VIcyny-_KdCgQTpa_Yyjw==/com.google.android.gms-jAF2NIV99R6pD-bXjTU-qg==/split_MapsDynamite_installtime.apk' with 1 weak references
08-06 16:47:37.163 13053 13088 W com.android.nfc: ApkAssets: Deleting an ApkAssets object '<empty> and /data/app/~~1VIcyny-_KdCgQTpa_Yyjw==/com.google.android.gms-jAF2NIV99R6pD-bXjTU-qg==/split_MeasurementDynamite_installtime.apk' with 1 weak references
08-06 16:47:37.163 13053 13088 W com.android.nfc: ApkAssets: Deleting an ApkAssets object '<empty> and /data/app/~~1VIcyny-_KdCgQTpa_Yyjw==/com.google.android.gms-jAF2NIV99R6pD-bXjTU-qg==/split_config.xxhdpi.apk' with 1 weak references
08-06 16:47:37.163 13053 13088 W com.android.nfc: ApkAssets: Deleting an ApkAssets object '<empty> and /data/app/~~1VIcyny-_KdCgQTpa_Yyjw==/com.google.android.gms-jAF2NIV99R6pD-bXjTU-qg==/split_config.zh.apk' with 1 weak references
08-06 16:47:37.163 13053 13088 W com.android.nfc: ApkAssets: Deleting an ApkAssets object '<empty> and /system_ext/app/digitalkey/digitalkey.apk' with 1 weak references
08-06 16:47:37.198 14191 14606 W WakelockManagerService: uid: 1000 is unblock state
08-06 16:47:37.198 14191 14606 W WakelockManagerService: uid: 1001 is unblock state
08-06 16:47:37.198 14191 14606 W WakelockManagerService: uid: 1002 is unblock state
08-06 16:47:37.198 14191 14606 W WakelockManagerService: uid: 1027 is unblock state
08-06 16:47:37.198 14191 14606 W WakelockManagerService: uid: 1068 is unblock state
08-06 16:47:37.198 14191 14606 W WakelockManagerService: uid: 1073 is unblock state
08-06 16:47:37.198 14191 14606 W WakelockManagerService: uid: 2000 is unblock state
08-06 16:47:37.198 14191 14606 W WakelockManagerService: uid: 6100 is unblock state
08-06 16:47:37.198 14191 14606 W WakelockManagerService: uid: 6101 is unblock state
08-06 16:47:37.198 14191 14606 W WakelockManagerService: uid: 6102 is unblock state
08-06 16:47:37.198 14191 14606 W WakelockManagerService: uid: 6110 is unblock state
08-06 16:47:37.198 14191 14606 W WakelockManagerService: uid: 6120 is unblock state
08-06 16:47:37.198 14191 14606 W WakelockManagerService: uid: 10000 is unblock state
08-06 16:47:37.199 14191 14606 W WakelockManagerService: uid: 10001 is unblock state
08-06 16:47:37.199 14191 14606 W WakelockManagerService: uid: 10002 is unblock state
08-06 16:47:37.199 14191 14606 W WakelockManagerService: uid: 10003 is unblock state
08-06 16:47:37.199 14191 14606 W WakelockManagerService: uid: 10004 is unblock state
08-06 16:47:37.199 14191 14606 W WakelockManagerService: uid: 10005 is unblock state
08-06 16:47:37.199 14191 14606 W WakelockManagerService: uid: 10006 is unblock state
08-06 16:47:37.199 14191 14606 W WakelockManagerService: uid: 10007 is unblock state
08-06 16:47:37.199 14191 14606 W WakelockManagerService: uid: 10008 is unblock state
08-06 16:47:37.199 14191 14606 W WakelockManagerService: uid: 10009 is unblock state
08-06 16:47:37.199 14191 14606 W WakelockManagerService: uid: 10010 is unblock state
08-06 16:47:37.199 14191 14606 W WakelockManagerService: uid: 10011 is unblock state
08-06 16:47:37.199 14191 14606 W WakelockManagerService: uid: 10012 is unblock state
08-06 16:47:37.199 14191 14606 W WakelockManagerService: uid: 10013 is unblock state
08-06 16:47:37.199 14191 14606 W WakelockManagerService: uid: 10014 is unblock state
08-06 16:47:37.199 14191 14606 W WakelockManagerService: uid: 10015 is unblock state
08-06 16:47:37.199 14191 14606 W WakelockManagerService: uid: 10016 is unblock state
08-06 16:47:37.199 14191 14606 W WakelockManagerService: uid: 10017 is unblock state
08-06 16:47:37.199 14191 14606 W WakelockManagerService: uid: 10018 is unblock state
08-06 16:47:37.199 14191 14606 W WakelockManagerService: uid: 10019 is unblock state
08-06 16:47:37.199 14191 14606 W WakelockManagerService: uid: 10020 is unblock state
08-06 16:47:37.199 14191 14606 W WakelockManagerService: uid: 10021 is unblock state
08-06 16:47:37.199 14191 14606 W WakelockManagerService: uid: 10022 is unblock state
08-06 16:47:37.199 14191 14606 W WakelockManagerService: uid: 10023 is unblock state
08-06 16:47:37.199 14191 14606 W WakelockManagerService: uid: 10024 is unblock state
08-06 16:47:37.199 14191 14606 W WakelockManagerService: uid: 10025 is unblock state
08-06 16:47:37.199 14191 14606 W WakelockManagerService: uid: 10026 is unblock state
08-06 16:47:37.199 14191 14606 W WakelockManagerService: uid: 10027 is unblock state
08-06 16:47:37.199 14191 14606 W WakelockManagerService: uid: 10028 is unblock state
08-06 16:47:37.199 14191 14606 W WakelockManagerService: uid: 10029 is unblock state
08-06 16:47:37.199 14191 14606 W WakelockManagerService: uid: 10030 is unblock state
08-06 16:47:37.199 14191 14606 W WakelockManagerService: uid: 10031 is unblock state
08-06 16:47:37.199 14191 14606 W WakelockManagerService: uid: 10032 is unblock state
08-06 16:47:37.199 14191 14606 W WakelockManagerService: uid: 10033 is unblock state
08-06 16:47:37.199 14191 14606 W WakelockManagerService: uid: 10034 is unblock state
08-06 16:47:37.199 14191 14606 W WakelockManagerService: uid: 10035 is unblock state
08-06 16:47:37.199 14191 14606 W WakelockManagerService: uid: 10036 is unblock state
08-06 16:47:37.199 14191 14606 W WakelockManagerService: uid: 10037 is unblock state
08-06 16:47:37.199 14191 14606 W WakelockManagerService: uid: 10038 is unblock state
08-06 16:47:37.199 14191 14606 W WakelockManagerService: uid: 10039 is unblock state
08-06 16:47:37.199 14191 14606 W WakelockManagerService: uid: 10040 is unblock state
08-06 16:47:37.199 14191 14606 W WakelockManagerService: uid: 10041 is unblock state
08-06 16:47:37.199 14191 14606 W WakelockManagerService: uid: 10042 is unblock state
08-06 16:47:37.199 14191 14606 W WakelockManagerService: uid: 10043 is unblock state
08-06 16:47:37.199 14191 14606 W WakelockManagerService: uid: 10044 is unblock state
08-06 16:47:37.199 14191 14606 W WakelockManagerService: uid: 10045 is unblock state
08-06 16:47:37.199 14191 14606 W WakelockManagerService: uid: 10046 is unblock state
08-06 16:47:37.199 14191 14606 W WakelockManagerService: uid: 10047 is unblock state
08-06 16:47:37.199 14191 14606 W WakelockManagerService: uid: 10048 is unblock state
08-06 16:47:37.200 14191 14606 W WakelockManagerService: uid: 10049 is unblock state
08-06 16:47:37.200 14191 14606 W WakelockManagerService: uid: 10050 is unblock state
08-06 16:47:37.200 14191 14606 W WakelockManagerService: uid: 10051 is unblock state
08-06 16:47:37.200 14191 14606 W WakelockManagerService: uid: 10052 is unblock state
08-06 16:47:37.200 14191 14606 W WakelockManagerService: uid: 10053 is unblock state
08-06 16:47:37.200 14191 14606 W WakelockManagerService: uid: 10054 is unblock state
08-06 16:47:37.200 14191 14606 W WakelockManagerService: uid: 10055 is unblock state
08-06 16:47:37.200 14191 14606 W WakelockManagerService: uid: 10056 is unblock state
08-06 16:47:37.200 14191 14606 W WakelockManagerService: uid: 10057 is unblock state
08-06 16:47:37.200 14191 14606 W WakelockManagerService: uid: 10058 is unblock state
08-06 16:47:37.200 14191 14606 W WakelockManagerService: uid: 10059 is unblock state
08-06 16:47:37.200 14191 14606 W WakelockManagerService: uid: 10060 is unblock state
08-06 16:47:37.200 14191 14606 W WakelockManagerService: uid: 10061 is unblock state
08-06 16:47:37.200 14191 14606 W WakelockManagerService: uid: 10062 is unblock state
08-06 16:47:37.200 14191 14606 W WakelockManagerService: uid: 10063 is unblock state
08-06 16:47:37.200 14191 14606 W WakelockManagerService: uid: 10064 is unblock state
08-06 16:47:37.200 14191 14606 W WakelockManagerService: uid: 10065 is unblock state
08-06 16:47:37.200 14191 14606 W WakelockManagerService: uid: 10066 is unblock state
08-06 16:47:37.200 14191 14606 W WakelockManagerService: uid: 10067 is unblock state
08-06 16:47:37.200 14191 14606 W WakelockManagerService: uid: 10068 is unblock state
08-06 16:47:37.200 14191 14606 W WakelockManagerService: uid: 10069 is unblock state
08-06 16:47:37.200 14191 14606 W WakelockManagerService: uid: 10070 is unblock state
08-06 16:47:37.200 14191 14606 W WakelockManagerService: uid: 10071 is unblock state
08-06 16:47:37.200 14191 14606 W WakelockManagerService: uid: 10072 is unblock state
08-06 16:47:37.200 14191 14606 W WakelockManagerService: uid: 10073 is unblock state
08-06 16:47:37.200 14191 14606 W WakelockManagerService: uid: 10074 is unblock state
08-06 16:47:37.200 14191 14606 W WakelockManagerService: uid: 10075 is unblock state
08-06 16:47:37.200 14191 14606 W WakelockManagerService: uid: 10076 is unblock state
