05-18 07:29:04.210  3351  3376 W System.err: 	at com.facebook.react.bridge.queue.NativeRunnable.run(Native Method)
05-18 07:29:04.210  3351  3376 W System.err: 	at android.os.Handler.handleCallback(Handler.java:938)
05-18 07:29:04.210  3351  3376 W System.err: 	at android.os.Handler.dispatchMessage(Handler.java:99)
05-18 07:29:04.210  3351  3376 W System.err: 	at com.facebook.react.bridge.queue.MessageQueueThreadHandler.dispatchMessage(MessageQueueThreadHandler.java:27)
05-18 07:29:04.210  3351  3376 W System.err: 	at android.os.Looper.loopOnce(Looper.java:201)
05-18 07:29:04.210  3351  3376 W System.err: 	at android.os.Looper.loop(Looper.java:288)
05-18 07:29:04.210  3351  3376 W System.err: 	at com.facebook.react.bridge.queue.MessageQueueThreadImpl$4.run(MessageQueueThreadImpl.java:226)
05-18 07:29:04.210  3351  3376 W System.err: 	at java.lang.Thread.run(Thread.java:920)
05-18 07:29:04.214  3351  3376 W System.err: java.lang.Exception: File does not exist
05-18 07:29:04.214  3351  3376 W System.err: 	at com.rnfs.RNFSManager.unlink(RNFSManager.java:650)
05-18 07:29:04.214  3351  3376 W System.err: 	at java.lang.reflect.Method.invoke(Native Method)
05-18 07:29:04.214  3351  3376 W System.err: 	at com.facebook.react.bridge.JavaMethodWrapper.invoke(JavaMethodWrapper.java:372)
05-18 07:29:04.214  3351  3376 W System.err: 	at com.facebook.react.bridge.JavaModuleWrapper.invoke(JavaModuleWrapper.java:188)
05-18 07:29:04.214  3351  3376 W System.err: 	at com.facebook.react.bridge.queue.NativeRunnable.run(Native Method)
05-18 07:29:04.214  3351  3376 W System.err: 	at android.os.Handler.handleCallback(Handler.java:938)
05-18 07:29:04.214  3351  3376 W System.err: 	at android.os.Handler.dispatchMessage(Handler.java:99)
05-18 07:29:04.214  3351  3376 W System.err: 	at com.facebook.react.bridge.queue.MessageQueueThreadHandler.dispatchMessage(MessageQueueThreadHandler.java:27)
05-18 07:29:04.214  3351  3376 W System.err: 	at android.os.Looper.loopOnce(Looper.java:201)
05-18 07:29:04.214  3351  3376 W System.err: 	at android.os.Looper.loop(Looper.java:288)
05-18 07:29:04.214  3351  3376 W System.err: 	at com.facebook.react.bridge.queue.MessageQueueThreadImpl$4.run(MessageQueueThreadImpl.java:226)
05-18 07:29:04.214  3351  3376 W System.err: 	at java.lang.Thread.run(Thread.java:920)
05-18 07:29:04.220  3351  3376 W System.err: java.lang.Exception: File does not exist
05-18 07:29:04.220  3351  3376 W System.err: 	at com.rnfs.RNFSManager.unlink(RNFSManager.java:650)
05-18 07:29:04.220  3351  3376 W System.err: 	at java.lang.reflect.Method.invoke(Native Method)
05-18 07:29:04.220  3351  3376 W System.err: 	at com.facebook.react.bridge.JavaMethodWrapper.invoke(JavaMethodWrapper.java:372)
05-18 07:29:04.220  3351  3376 W System.err: 	at com.facebook.react.bridge.JavaModuleWrapper.invoke(JavaModuleWrapper.java:188)
05-18 07:29:04.220  3351  3376 W System.err: 	at com.facebook.react.bridge.queue.NativeRunnable.run(Native Method)
05-18 07:29:04.220  3351  3376 W System.err: 	at android.os.Handler.handleCallback(Handler.java:938)
05-18 07:29:04.220  3351  3376 W System.err: 	at android.os.Handler.dispatchMessage(Handler.java:99)
05-18 07:29:04.220  3351  3376 W System.err: 	at com.facebook.react.bridge.queue.MessageQueueThreadHandler.dispatchMessage(MessageQueueThreadHandler.java:27)
05-18 07:29:04.221  3351  3376 W System.err: 	at android.os.Looper.loopOnce(Looper.java:201)
05-18 07:29:04.221  3351  3376 W System.err: 	at android.os.Looper.loop(Looper.java:288)
05-18 07:29:04.221  3351  3376 W System.err: 	at com.facebook.react.bridge.queue.MessageQueueThreadImpl$4.run(MessageQueueThreadImpl.java:226)
05-18 07:29:04.221  3351  3376 W System.err: 	at java.lang.Thread.run(Thread.java:920)
05-18 07:29:04.241  3351  3376 W System.err: java.lang.Exception: File does not exist
05-18 07:29:04.241  3351  3376 W System.err: 	at com.rnfs.RNFSManager.unlink(RNFSManager.java:650)
05-18 07:29:04.241  3351  3376 W System.err: 	at java.lang.reflect.Method.invoke(Native Method)
05-18 07:29:04.241  3351  3376 W System.err: 	at com.facebook.react.bridge.JavaMethodWrapper.invoke(JavaMethodWrapper.java:372)
05-18 07:29:04.241  3351  3376 W System.err: 	at com.facebook.react.bridge.JavaModuleWrapper.invoke(JavaModuleWrapper.java:188)
05-18 07:29:04.241  3351  3376 W System.err: 	at com.facebook.react.bridge.queue.NativeRunnable.run(Native Method)
05-18 07:29:04.241  3351  3376 W System.err: 	at android.os.Handler.handleCallback(Handler.java:938)
05-18 07:29:04.241  3351  3376 W System.err: 	at android.os.Handler.dispatchMessage(Handler.java:99)
05-18 07:29:04.241  3351  3376 W System.err: 	at com.facebook.react.bridge.queue.MessageQueueThreadHandler.dispatchMessage(MessageQueueThreadHandler.java:27)
05-18 07:29:04.241  3351  3376 W System.err: 	at android.os.Looper.loopOnce(Looper.java:201)
05-18 07:29:04.241  3351  3376 W System.err: 	at android.os.Looper.loop(Looper.java:288)
05-18 07:29:04.241  3351  3376 W System.err: 	at com.facebook.react.bridge.queue.MessageQueueThreadImpl$4.run(MessageQueueThreadImpl.java:226)
05-18 07:29:04.241  3351  3376 W System.err: 	at java.lang.Thread.run(Thread.java:920)
05-18 07:29:04.288  3351  3376 W System.err: java.lang.Exception: File does not exist
05-18 07:29:04.288  3351  3376 W System.err: 	at com.rnfs.RNFSManager.unlink(RNFSManager.java:650)
05-18 07:29:04.288  3351  3376 W System.err: 	at java.lang.reflect.Method.invoke(Native Method)
05-18 07:29:04.288  3351  3376 W System.err: 	at com.facebook.react.bridge.JavaMethodWrapper.invoke(JavaMethodWrapper.java:372)
05-18 07:29:04.288  3351  3376 W System.err: 	at com.facebook.react.bridge.JavaModuleWrapper.invoke(JavaModuleWrapper.java:188)
05-18 07:29:04.288  3351  3376 W System.err: 	at com.facebook.react.bridge.queue.NativeRunnable.run(Native Method)
05-18 07:29:04.288  3351  3376 W System.err: 	at android.os.Handler.handleCallback(Handler.java:938)
05-18 07:29:04.288  3351  3376 W System.err: 	at android.os.Handler.dispatchMessage(Handler.java:99)
05-18 07:29:04.288  3351  3376 W System.err: 	at com.facebook.react.bridge.queue.MessageQueueThreadHandler.dispatchMessage(MessageQueueThreadHandler.java:27)
05-18 07:29:04.288  3351  3376 W System.err: 	at android.os.Looper.loopOnce(Looper.java:201)
05-18 07:29:04.288  3351  3376 W System.err: 	at android.os.Looper.loop(Looper.java:288)
05-18 07:29:04.288  3351  3376 W System.err: 	at com.facebook.react.bridge.queue.MessageQueueThreadImpl$4.run(MessageQueueThreadImpl.java:226)
05-18 07:29:04.288  3351  3376 W System.err: 	at java.lang.Thread.run(Thread.java:920)
05-18 07:29:04.948  3351  3375 W ReactNativeJS: `new NativeEventEmitter()` was called with a non-null argument without the required `addListener` method.
05-18 07:29:04.948  3351  3375 W ReactNativeJS: `new NativeEventEmitter()` was called with a non-null argument without the required `removeListeners` method.
05-18 07:29:05.304  3351  3395 W SQLiteLog: (28) double-quoted string literal: "clientId"
05-18 07:29:05.304  3351  3395 W SQLiteLog: (28) double-quoted string literal: "editor.codeView"
05-18 07:29:05.304  3351  3395 W SQLiteLog: (28) double-quoted string literal: "sync.openSyncWizard"
05-18 07:29:05.304  3351  3395 W SQLiteLog: (28) double-quoted string literal: "sync.target"
05-18 07:29:05.304  3351  3395 W SQLiteLog: (28) double-quoted string literal: "sync.upgradeState"
05-18 07:29:05.304  3351  3395 W SQLiteLog: (28) double-quoted string literal: "sync.startupOperation"
05-18 07:29:05.304  3351  3395 W SQLiteLog: (28) double-quoted string literal: "sync.2.path"
05-18 07:29:05.304  3351  3395 W SQLiteLog: (28) double-quoted string literal: "sync.5.path"
05-18 07:29:05.304  3351  3395 W SQLiteLog: (28) double-quoted string literal: "sync.5.username"
05-18 07:29:05.304  3351  3395 W SQLiteLog: (28) double-quoted string literal: "sync.5.password"
05-18 07:29:05.304  3351  3395 W SQLiteLog: (28) double-quoted string literal: "sync.6.path"
05-18 07:29:05.304  3351  3395 W SQLiteLog: (28) double-quoted string literal: "sync.6.username"
05-18 07:29:05.304  3351  3395 W SQLiteLog: (28) double-quoted string literal: "sync.6.password"
05-18 07:29:05.304  3351  3395 W SQLiteLog: (28) double-quoted string literal: "sync.8.path"
05-18 07:29:05.304  3351  3395 W SQLiteLog: (28) double-quoted string literal: "sync.8.url"
05-18 07:29:05.304  3351  3395 W SQLiteLog: (28) double-quoted string literal: "sync.8.region"
05-18 07:29:05.304  3351  3395 W SQLiteLog: (28) double-quoted string literal: "sync.8.username"
05-18 07:29:05.304  3351  3395 W SQLiteLog: (28) double-quoted string literal: "sync.8.password"
05-18 07:29:05.304  3351  3395 W SQLiteLog: (28) double-quoted string literal: "sync.8.forcePathStyle"
05-18 07:29:05.304  3351  3395 W SQLiteLog: (28) double-quoted string literal: "sync.9.path"
05-18 07:29:05.304  3351  3395 W SQLiteLog: (28) double-quoted string literal: "sync.9.userContentPath"
05-18 07:29:05.304  3351  3395 W SQLiteLog: (28) double-quoted string literal: "sync.9.username"
05-18 07:29:05.304  3351  3395 W SQLiteLog: (28) double-quoted string literal: "sync.9.password"
05-18 07:29:05.304  3351  3395 W SQLiteLog: (28) double-quoted string literal: "sync.10.path"
05-18 07:29:05.304  3351  3395 W SQLiteLog: (28) double-quoted string literal: "sync.10.userContentPath"
05-18 07:29:05.304  3351  3395 W SQLiteLog: (28) double-quoted string literal: "sync.10.username"
05-18 07:29:05.304  3351  3395 W SQLiteLog: (28) double-quoted string literal: "sync.10.password"
05-18 07:29:05.304  3351  3395 W SQLiteLog: (28) double-quoted string literal: "sync.5.syncTargets"
05-18 07:29:05.305  3351  3395 W SQLiteLog: (28) double-quoted string literal: "sync.resourceDownloadMode"
05-18 07:29:05.305  3351  3395 W SQLiteLog: (28) double-quoted string literal: "sync.3.auth"
05-18 07:29:05.305  3351  3395 W SQLiteLog: (28) double-quoted string literal: "sync.4.auth"
05-18 07:29:05.305  3351  3395 W SQLiteLog: (28) double-quoted string literal: "sync.7.auth"
05-18 07:29:05.305  3351  3395 W SQLiteLog: (28) double-quoted string literal: "sync.9.auth"
05-18 07:29:05.305  3351  3395 W SQLiteLog: (28) double-quoted string literal: "sync.10.auth"
05-18 07:29:05.305  3351  3395 W SQLiteLog: (28) double-quoted string literal: "sync.1.context"
05-18 07:29:05.305  3351  3395 W SQLiteLog: (28) double-quoted string literal: "sync.2.context"
05-18 07:29:05.305  3351  3395 W SQLiteLog: (28) double-quoted string literal: "sync.3.context"
05-18 07:29:05.305  3351  3395 W SQLiteLog: (28) double-quoted string literal: "sync.4.context"
05-18 07:29:05.305  3351  3395 W SQLiteLog: (28) double-quoted string literal: "sync.5.context"
05-18 07:29:05.305  3351  3395 W SQLiteLog: (28) double-quoted string literal: "sync.6.context"
05-18 07:29:05.305  3351  3395 W SQLiteLog: (28) double-quoted string literal: "sync.7.context"
05-18 07:29:05.305  3351  3395 W SQLiteLog: (28) double-quoted string literal: "sync.8.context"
05-18 07:29:05.305  3351  3395 W SQLiteLog: (28) double-quoted string literal: "sync.9.context"
05-18 07:29:05.305  3351  3395 W SQLiteLog: (28) double-quoted string literal: "sync.10.context"
05-18 07:29:05.305  3351  3395 W SQLiteLog: (28) double-quoted string literal: "sync.maxConcurrentConnections"
05-18 07:29:05.305  3351  3395 W SQLiteLog: (28) double-quoted string literal: "activeFolderId"
05-18 07:29:05.305  3351  3395 W SQLiteLog: (28) double-quoted string literal: "richTextBannerDismissed"
05-18 07:29:05.305  3351  3395 W SQLiteLog: (28) double-quoted string literal: "firstStart"
05-18 07:29:05.305  3351  3395 W SQLiteLog: (28) double-quoted string literal: "locale"
05-18 07:29:05.305  3351  3395 W SQLiteLog: (28) double-quoted string literal: "dateFormat"
05-18 07:29:05.305  3351  3395 W SQLiteLog: (28) double-quoted string literal: "timeFormat"
05-18 07:29:05.305  3351  3395 W SQLiteLog: (28) double-quoted string literal: "theme"
05-18 07:29:05.305  3351  3395 W SQLiteLog: (28) double-quoted string literal: "themeAutoDetect"
05-18 07:29:05.305  3351  3395 W SQLiteLog: (28) double-quoted string literal: "preferredLightTheme"
05-18 07:29:05.305  3351  3395 W SQLiteLog: (28) double-quoted string literal: "preferredDarkTheme"
05-18 07:29:05.305  3351  3395 W SQLiteLog: (28) double-quoted string literal: "notificationPermission"
05-18 07:29:05.305  3351  3395 W SQLiteLog: (28) double-quoted string literal: "showNoteCounts"
05-18 07:29:05.305  3351  3395 W SQLiteLog: (28) double-quoted string literal: "layoutButtonSequence"
05-18 07:29:05.305  3351  3395 W SQLiteLog: (28) double-quoted string literal: "uncompletedTodosOnTop"
05-18 07:29:05.305  3351  3395 W SQLiteLog: (28) double-quoted string literal: "showCompletedTodos"
05-18 07:29:05.306  3351  3395 W SQLiteLog: (28) double-quoted string literal: "notes.sortOrder.field"
05-18 07:29:05.306  3351  3395 W SQLiteLog: (28) double-quoted string literal: "editor.autoMatchingBraces"
05-18 07:29:05.306  3351  3395 W SQLiteLog: (28) double-quoted string literal: "notes.sortOrder.reverse"
05-18 07:29:05.306  3351  3395 W SQLiteLog: (28) double-quoted string literal: "notes.sortOrder.buttonsVisible"
05-18 07:29:05.306  3351  3395 W SQLiteLog: (28) double-quoted string literal: "notes.perFieldReversalEnabled"
05-18 07:29:05.306  3351  3395 W SQLiteLog: (28) double-quoted string literal: "notes.perFieldReverse"
05-18 07:29:05.306  3351  3395 W SQLiteLog: (28) double-quoted string literal: "notes.perFolderSortOrderEnabled"
05-18 07:29:05.306  3351  3395 W SQLiteLog: (28) double-quoted string literal: "notes.perFolderSortOrders"
05-18 07:29:05.306  3351  3395 W SQLiteLog: (28) double-quoted string literal: "notes.sharedSortOrder"
05-18 07:29:05.306  3351  3395 W SQLiteLog: (28) double-quoted string literal: "folders.sortOrder.field"
05-18 07:29:05.306  3351  3395 W SQLiteLog: (28) double-quoted string literal: "folders.sortOrder.reverse"
05-18 07:29:05.306  3351  3395 W SQLiteLog: (28) double-quoted string literal: "trackLocation"
05-18 07:29:05.306  3351  3395 W SQLiteLog: (28) double-quoted string literal: "editor.beta"
05-18 07:29:05.306  3351  3395 W SQLiteLog: (28) double-quoted string literal: "newTodoFocus"
05-18 07:29:05.306  3351  3395 W SQLiteLog: (28) double-quoted string literal: "newNoteFocus"
05-18 07:29:05.306  3351  3395 W SQLiteLog: (28) double-quoted string literal: "plugins.states"
05-18 07:29:05.306  3351  3395 W SQLiteLog: (28) double-quoted string literal: "plugins.devPluginPaths"
05-18 07:29:05.306  3351  3395 W SQLiteLog: (28) double-quoted string literal: "markdown.softbreaks"
05-18 07:29:05.306  3351  3395 W SQLiteLog: (28) double-quoted string literal: "markdown.typographer"
05-18 07:29:05.306  3351  3395 W SQLiteLog: (28) double-quoted string literal: "markdown.plugin.softbreaks"
05-18 07:29:05.306  3351  3395 W SQLiteLog: (28) double-quoted string literal: "markdown.plugin.typographer"
05-18 07:29:05.306  3351  3395 W SQLiteLog: (28) double-quoted string literal: "markdown.plugin.linkify"
05-18 07:29:05.306  3351  3395 W SQLiteLog: (28) double-quoted string literal: "markdown.plugin.katex"
05-18 07:29:05.306  3351  3395 W SQLiteLog: (28) double-quoted string literal: "markdown.plugin.fountain"
05-18 07:29:05.307  3351  3395 W SQLiteLog: (28) double-quoted string literal: "markdown.plugin.mermaid"
05-18 07:29:05.307  3351  3395 W SQLiteLog: (28) double-quoted string literal: "markdown.plugin.audioPlayer"
05-18 07:29:05.307  3351  3395 W SQLiteLog: (28) double-quoted string literal: "markdown.plugin.videoPlayer"
05-18 07:29:05.307  3351  3395 W SQLiteLog: (28) double-quoted string literal: "markdown.plugin.pdfViewer"
05-18 07:29:05.307  3351  3395 W SQLiteLog: (28) double-quoted string literal: "markdown.plugin.mark"
05-18 07:29:05.307  3351  3395 W SQLiteLog: (28) double-quoted string literal: "markdown.plugin.footnote"
05-18 07:29:05.307  3351  3395 W SQLiteLog: (28) double-quoted string literal: "markdown.plugin.toc"
05-18 07:29:05.307  3351  3395 W SQLiteLog: (28) double-quoted string literal: "markdown.plugin.sub"
05-18 07:29:05.307  3351  3395 W SQLiteLog: (28) double-quoted string literal: "markdown.plugin.sup"
05-18 07:29:05.307  3351  3395 W SQLiteLog: (28) double-quoted string literal: "markdown.plugin.deflist"
05-18 07:29:05.307  3351  3395 W SQLiteLog: (28) double-quoted string literal: "markdown.plugin.abbr"
05-18 07:29:05.307  3351  3395 W SQLiteLog: (28) double-quoted string literal: "markdown.plugin.emoji"
05-18 07:29:05.307  3351  3395 W SQLiteLog: (28) double-quoted string literal: "markdown.plugin.insert"
05-18 07:29:05.307  3351  3395 W SQLiteLog: (28) double-quoted string literal: "markdown.plugin.multitable"
05-18 07:29:05.307  3351  3395 W SQLiteLog: (28) double-quoted string literal: "showTrayIcon"
05-18 07:29:05.307  3351  3395 W SQLiteLog: (28) double-quoted string literal: "startMinimized"
05-18 07:29:05.307  3351  3395 W SQLiteLog: (28) double-quoted string literal: "collapsedFolderIds"
05-18 07:29:05.307  3351  3395 W SQLiteLog: (28) double-quoted string literal: "keychain.supported"
05-18 07:29:05.307  3351  3395 W SQLiteLog: (28) double-quoted string literal: "db.ftsEnabled"
05-18 07:29:05.307  3351  3395 W SQLiteLog: (28) double-quoted string literal: "db.fuzzySearchEnabled"
05-18 07:29:05.307  3351  3395 W SQLiteLog: (28) double-quoted string literal: "encryption.enabled"
05-18 07:29:05.307  3351  3395 W SQLiteLog: (28) double-quoted string literal: "encryption.activeMasterKeyId"
05-18 07:29:05.307  3351  3395 W SQLiteLog: (28) double-quoted string literal: "encryption.passwordCache"
05-18 07:29:05.307  3351  3395 W SQLiteLog: (28) double-quoted string literal: "encryption.masterPassword"
05-18 07:29:05.307  3351  3395 W SQLiteLog: (28) double-quoted string literal: "encryption.shouldReencrypt"
05-18 07:29:05.307  3351  3395 W SQLiteLog: (28) double-quoted string literal: "sync.userId"
05-18 07:29:05.307  3351  3395 W SQLiteLog: (28) double-quoted string literal: "style.zoom"
05-18 07:29:05.307  3351  3395 W SQLiteLog: (28) double-quoted string literal: "style.editor.fontSize"
05-18 07:29:05.307  3351  3395 W SQLiteLog: (28) double-quoted string literal: "style.editor.fontFamily"
05-18 07:29:05.307  3351  3395 W SQLiteLog: (28) double-quoted string literal: "style.editor.monospaceFontFamily"
05-18 07:29:05.307  3351  3395 W SQLiteLog: (28) double-quoted string literal: "style.editor.contentMaxWidth"
05-18 07:29:05.307  3351  3395 W SQLiteLog: (28) double-quoted string literal: "ui.layout"
05-18 07:29:05.307  3351  3395 W SQLiteLog: (28) double-quoted string literal: "style.customCss.renderedMarkdown"
05-18 07:29:05.307  3351  3395 W SQLiteLog: (28) double-quoted string literal: "style.customCss.joplinApp"
05-18 07:29:05.308  3351  3395 W SQLiteLog: (28) double-quoted string literal: "sync.clearLocalSyncStateButton"
05-18 07:29:05.308  3351  3395 W SQLiteLog: (28) double-quoted string literal: "sync.clearLocalDataButton"
05-18 07:29:05.308  3351  3395 W SQLiteLog: (28) double-quoted string literal: "autoUpdateEnabled"
05-18 07:29:05.308  3351  3395 W SQLiteLog: (28) double-quoted string literal: "autoUpdate.includePreReleases"
05-18 07:29:05.308  3351  3395 W SQLiteLog: (28) double-quoted string literal: "clipperServer.autoStart"
05-18 07:29:05.308  3351  3395 W SQLiteLog: (28) double-quoted string literal: "sync.interval"
05-18 07:29:05.308  3351  3395 W SQLiteLog: (28) double-quoted string literal: "sync.mobileWifiOnly"
05-18 07:29:05.308  3351  3395 W SQLiteLog: (28) double-quoted string literal: "noteVisiblePanes"
05-18 07:29:05.308  3351  3395 W SQLiteLog: (28) double-quoted string literal: "tagHeaderIsExpanded"
05-18 07:29:05.308  3351  3395 W SQLiteLog: (28) double-quoted string literal: "folderHeaderIsExpanded"
05-18 07:29:05.308  3351  3395 W SQLiteLog: (28) double-quoted string literal: "editor"
05-18 07:29:05.308  3351  3395 W SQLiteLog: (28) double-quoted string literal: "export.pdfPageSize"
05-18 07:29:05.308  3351  3395 W SQLiteLog: (28) double-quoted string literal: "export.pdfPageOrientation"
05-18 07:29:05.308  3351  3395 W SQLiteLog: (28) double-quoted string literal: "editor.keyboardMode"
05-18 07:29:05.308  3351  3395 W SQLiteLog: (28) double-quoted string literal: "editor.spellcheckBeta"
05-18 07:29:05.308  3351  3395 W SQLiteLog: (28) double-quoted string literal: "net.customCertificates"
05-18 07:29:05.308  3351  3395 W SQLiteLog: (28) double-quoted string literal: "net.ignoreTlsErrors"
05-18 07:29:05.308  3351  3395 W SQLiteLog: (28) double-quoted string literal: "sync.wipeOutFailSafe"
05-18 07:29:05.308  3351  3395 W SQLiteLog: (28) double-quoted string literal: "api.token"
05-18 07:29:05.308  3351  3395 W SQLiteLog: (28) double-quoted string literal: "api.port"
05-18 07:29:05.308  3351  3395 W SQLiteLog: (28) double-quoted string literal: "resourceService.lastProcessedChangeId"
05-18 07:29:05.308  3351  3395 W SQLiteLog: (28) double-quoted string literal: "searchEngine.lastProcessedChangeId"
05-18 07:29:05.308  3351  3395 W SQLiteLog: (28) double-quoted string literal: "revisionService.lastProcessedChangeId"
05-18 07:29:05.308  3351  3395 W SQLiteLog: (28) double-quoted string literal: "searchEngine.initialIndexingDone"
05-18 07:29:05.308  3351  3395 W SQLiteLog: (28) double-quoted string literal: "revisionService.enabled"
05-18 07:29:05.308  3351  3395 W SQLiteLog: (28) double-quoted string literal: "revisionService.ttlDays"
05-18 07:29:05.308  3351  3395 W SQLiteLog: (28) double-quoted string literal: "revisionService.intervalBetweenRevisions"
05-18 07:29:05.308  3351  3395 W SQLiteLog: (28) double-quoted string literal: "revisionService.oldNoteInterval"
05-18 07:29:05.308  3351  3395 W SQLiteLog: (28) double-quoted string literal: "welcome.wasBuilt"
05-18 07:29:05.308  3351  3395 W SQLiteLog: (28) double-quoted string literal: "welcome.enabled"
05-18 07:29:05.308  3351  3395 W SQLiteLog: (28) double-quoted string literal: "camera.type"
05-18 07:29:05.308  3351  3395 W SQLiteLog: (28) double-quoted string literal: "camera.ratio"
05-18 07:29:05.308  3351  3395 W SQLiteLog: (28) double-quoted string literal: "spellChecker.enabled"
05-18 07:29:05.308  3351  3395 W SQLiteLog: (28) double-quoted string literal: "spellChecker.language"
05-18 07:29:05.308  3351  3395 W SQLiteLog: (28) double-quoted string literal: "windowContentZoomFactor"
05-18 07:29:05.308  3351  3395 W SQLiteLog: (28) double-quoted string literal: "layout.folderList.factor"
05-18 07:29:05.308  3351  3395 W SQLiteLog: (28) double-quoted string literal: "layout.noteList.factor"
05-18 07:29:05.308  3351  3395 W SQLiteLog: (28) double-quoted string literal: "layout.note.factor"
05-18 07:29:05.308  3351  3395 W SQLiteLog: (28) double-quoted string literal: "syncInfoCache"
05-18 07:29:05.308  3351  3395 W SQLiteLog: (28) double-quoted string literal: "isSafeMode"
05-18 07:29:05.308  3351  3395 W SQLiteLog: (28) double-quoted string literal: "lastSettingDefaultMigration"
05-18 07:29:05.308  3351  3395 W SQLiteLog: (28) double-quoted string literal: "wasClosedSuccessfully"
05-18 07:29:06.130  3482  3482 I AccessibilityNodeInfoDumper: Skipping invisible child: android.view.accessibility.AccessibilityNodeInfo@1652d; boundsInParent: Rect(0, 0 - 1080, 2653); boundsInScreen: Rect(0, 63 - 1080, 2274); packageName: net.cozic.joplin; className: android.view.ViewGroup; text: null; error: null; maxTextLength: -1; stateDescription: null; contentDescription: null; tooltipText: null; viewIdResName: null; checkable: false; checked: false; focusable: false; focused: false; selected: false; clickable: false; longClickable: false; contextClickable: false; enabled: true; password: false; scrollable: false; importantForAccessibility: false; visible: false; actions: [AccessibilityAction: ACTION_SELECT - null, AccessibilityAction: ACTION_CLEAR_SELECTION - null, AccessibilityAction: ACTION_ACCESSIBILITY_FOCUS - null, AccessibilityAction: ACTION_SHOW_ON_SCREEN - null]
05-18 07:29:06.130  3482  3482 I AccessibilityNodeInfoDumper: Skipping invisible child: android.view.accessibility.AccessibilityNodeInfo@14ea7; boundsInParent: Rect(0, 0 - 1080, 2211); boundsInScreen: Rect(0, 63 - 1080, 2274); packageName: net.cozic.joplin; className: android.view.ViewGroup; text: null; error: null; maxTextLength: -1; stateDescription: null; contentDescription: null; tooltipText: null; viewIdResName: null; checkable: false; checked: false; focusable: false; focused: false; selected: false; clickable: false; longClickable: false; contextClickable: false; enabled: true; password: false; scrollable: false; importantForAccessibility: false; visible: false; actions: [AccessibilityAction: ACTION_SELECT - null, AccessibilityAction: ACTION_CLEAR_SELECTION - null, AccessibilityAction: ACTION_ACCESSIBILITY_FOCUS - null, AccessibilityAction: ACTION_SHOW_ON_SCREEN - null]
05-18 07:29:06.148  3482  3482 W AccessibilityNodeInfoDumper: Fetch time: 20ms
05-18 07:29:07.272  1263  1474 W MediaProvider: isAppCloneUserPair for user 0: false
05-18 07:29:07.300   178   178 I hwservicemanager: getTransport: Cannot find entry android.hardware.graphics.mapper@4.0::IMapper/default in either framework or device VINTF manifest.
05-18 07:29:07.301  3542  3544 I Gralloc4: mapper 4.x is not supported
05-18 07:29:07.439  1263  2096 I MediaProvider: Begin Intent { act=android.intent.action.MEDIA_SCANNER_SCAN_FILE dat=file:///sdcard/screen_2025-05-18_152907.png flg=0x1400010 cmp=com.google.android.providers.media.module/com.android.providers.media.MediaService }
05-18 07:29:07.446  1263  2096 I MediaProvider: End Intent { act=android.intent.action.MEDIA_SCANNER_SCAN_FILE dat=file:///sdcard/screen_2025-05-18_152907.png flg=0x1400010 cmp=com.google.android.providers.media.module/com.android.providers.media.MediaService }
05-18 07:29:07.515  1263  1635 I MediaProvider: Deleted 0 1 0 0 0 0 0 items on external_primary due to com.android.shell
05-18 07:29:07.516  1126  4494 I UriTaskContentObserver: (REDACTED) Throttling content uri change event for %s
05-18 07:29:07.747   538   559 E RemoteAugmentedAutofillService: Bad service name for flags 1048704: com.google.android.as/com.google.android.apps.miphone.aiai.app.AiAiAugmentedAutofillService
05-18 07:29:07.751   538  1892 I ActivityTaskManager: moveTaskToBack: Task{6c34356 #31 type=standard A=10193:net.cozic.joplin U=0 visible=true mode=fullscreen translucent=false sz=1}
05-18 07:29:07.778  1521  1521 I cnbo    : (REDACTED) onApplyWindowInsets: systemWindowInsets=%s
05-18 07:29:07.778  1521  1521 I cnbo    : (REDACTED) onApplyWindowInsets: systemWindowInsets=%s
05-18 07:29:07.788   538  1988 W ActivityManager: Unable to start service Intent { act=android.service.smartspace.SmartspaceService cmp=com.google.android.as/com.google.android.apps.miphone.aiai.app.AiAiSmartspaceService } U=0: not found
05-18 07:29:07.788   538  1988 W RemoteSmartspaceService: could not bind to Intent { act=android.service.smartspace.SmartspaceService cmp=com.google.android.as/com.google.android.apps.miphone.aiai.app.AiAiSmartspaceService } using flags 67112961
05-18 07:29:07.793   538  1892 W ActivityManager: Unable to start service Intent { act=android.service.smartspace.SmartspaceService cmp=com.google.android.as/com.google.android.apps.miphone.aiai.app.AiAiSmartspaceService } U=0: not found
05-18 07:29:07.793   538  1892 W RemoteSmartspaceService: could not bind to Intent { act=android.service.smartspace.SmartspaceService cmp=com.google.android.as/com.google.android.apps.miphone.aiai.app.AiAiSmartspaceService } using flags 67112961
05-18 07:29:07.809   538   538 W ActivityManager: Unbind failed: could not find connection for android.app.LoadedApk$ServiceDispatcher$InnerConnection@4ab5244
05-18 07:29:07.809   538   538 W ActivityManager: Unbind failed: could not find connection for android.app.LoadedApk$ServiceDispatcher$InnerConnection@49aef2d
05-18 07:29:07.895  1521  1521 I cnhq    : onStart
05-18 07:29:07.923  1521  1521 I clii    : (REDACTED) [%s] onStart()
05-18 07:29:07.927  1521  1521 I clkj    : Reloading theme data
05-18 07:29:07.952  1521  1521 I cnhq    : onResume
05-18 07:29:07.966  1521  1545 I OpenGLRenderer: Davey! duration=101161ms; Flags=1, FrameTimelineVsyncId=35883, IntendedVsync=4609772337098, Vsync=4609772337098, InputEventId=0, HandleInputStart=4609774119600, AnimationStart=4609774141000, PerformTraversalsStart=4609774162900, DrawStart=4609812694000, FrameDeadline=4609805670430, FrameInterval=4609774102600, FrameStartTime=16666666, SyncQueued=4609830892500, SyncStart=4609851354700, IssueDrawCommandsStart=4609851465000, SwapBuffers=4609861312900, FrameCompleted=4710953845800, DequeueBufferDuration=20000, QueueBufferDuration=518900, GpuCompleted=4710953845800, SwapBuffersCompleted=4609883202600, DisplayPresentTime=0, 
05-18 07:29:08.441  3351  3375 I ReactNativeJNI: Memory warning (pressure level: TRIM_MEMORY_UI_HIDDEN) received by JS VM, ignoring because it's non-severe
05-18 07:29:08.951  1263  1474 W MediaProvider: isAppCloneUserPair for user 0: false
05-18 07:29:08.984   178   178 I hwservicemanager: getTransport: Cannot find entry android.hardware.graphics.mapper@4.0::IMapper/default in either framework or device VINTF manifest.
05-18 07:29:08.985  3610  3612 I Gralloc4: mapper 4.x is not supported
05-18 07:29:09.906  1263  2096 I MediaProvider: Begin Intent { act=android.intent.action.MEDIA_SCANNER_SCAN_FILE dat=file:///sdcard/screen_2025-05-18_152908.png flg=0x1400010 cmp=com.google.android.providers.media.module/com.android.providers.media.MediaService }
05-18 07:29:09.930  1263  2096 I MediaProvider: End Intent { act=android.intent.action.MEDIA_SCANNER_SCAN_FILE dat=file:///sdcard/screen_2025-05-18_152908.png flg=0x1400010 cmp=com.google.android.providers.media.module/com.android.providers.media.MediaService }
05-18 07:29:10.008  1263  5048 I MediaProvider: Deleted 0 1 0 0 0 0 0 items on external_primary due to com.android.shell
05-18 07:29:10.009  1126  4494 I UriTaskContentObserver: (REDACTED) Throttling content uri change event for %s
05-18 07:29:10.410  1263  1472 W MediaProvider: isAppCloneUserPair for user 0: false
05-18 07:29:10.438   178   178 I hwservicemanager: getTransport: Cannot find entry android.hardware.graphics.mapper@4.0::IMapper/default in either framework or device VINTF manifest.
05-18 07:29:10.438  3651  3653 I Gralloc4: mapper 4.x is not supported
05-18 07:29:11.363  1263  2096 I MediaProvider: Begin Intent { act=android.intent.action.MEDIA_SCANNER_SCAN_FILE dat=file:///sdcard/screen_2025-05-18_152910.png flg=0x1400010 cmp=com.google.android.providers.media.module/com.android.providers.media.MediaService }
05-18 07:29:11.378  1263  2096 I MediaProvider: End Intent { act=android.intent.action.MEDIA_SCANNER_SCAN_FILE dat=file:///sdcard/screen_2025-05-18_152910.png flg=0x1400010 cmp=com.google.android.providers.media.module/com.android.providers.media.MediaService }
05-18 07:29:11.471  1263  1472 I MediaProvider: Deleted 0 1 0 0 0 0 0 items on external_primary due to com.android.shell
05-18 07:29:11.472  1126  4494 I UriTaskContentObserver: (REDACTED) Throttling content uri change event for %s
05-18 07:29:11.865  1263  6017 W MediaProvider: isAppCloneUserPair for user 0: false
05-18 07:29:11.890   178   178 I hwservicemanager: getTransport: Cannot find entry android.hardware.graphics.mapper@4.0::IMapper/default in either framework or device VINTF manifest.
05-18 07:29:11.890  3696  3698 I Gralloc4: mapper 4.x is not supported
05-18 07:29:12.805  1263  2096 I MediaProvider: Begin Intent { act=android.intent.action.MEDIA_SCANNER_SCAN_FILE dat=file:///sdcard/screen_2025-05-18_152911.png flg=0x1400010 cmp=com.google.android.providers.media.module/com.android.providers.media.MediaService }
05-18 07:29:12.817  1263  2096 I MediaProvider: End Intent { act=android.intent.action.MEDIA_SCANNER_SCAN_FILE dat=file:///sdcard/screen_2025-05-18_152911.png flg=0x1400010 cmp=com.google.android.providers.media.module/com.android.providers.media.MediaService }
05-18 07:29:12.823  1126  2989 I NetworkScheduler.Stats: (REDACTED) Task %s/%s started execution. cause:%s exec_start_elapsed_seconds: %s
05-18 07:29:12.827  1126  2989 I NetworkScheduler.Stats: (REDACTED) Task %s/%s finished executing. cause:%s result: %s elapsed_millis: %s uptime_millis: %s exec_start_elapsed_seconds: %s
05-18 07:29:12.921  1263  5048 I MediaProvider: Deleted 0 1 0 0 0 0 0 items on external_primary due to com.android.shell
05-18 07:29:12.992  1126  1137 I .gms.persisten: Background young concurrent copying GC freed 308543(16MB) AllocSpace objects, 1(20KB) LOS objects, 40% free, 23MB/39MB, paused 594us,60us total 203.910ms
05-18 07:29:13.146   538   824 I ActivityTaskManager: START u0 {act=android.intent.action.MAIN cat=[android.intent.category.LAUNCHER] flg=0x10000000 cmp=net.cozic.joplin/.MainActivity} from uid 2000
05-18 07:29:13.293  3351  3395 W SQLiteLog: (28) double-quoted string literal: "3594f136b0a646ee8540beb807f6d602"
05-18 07:29:13.293  3351  3395 W SQLiteLog: (28) double-quoted string literal: "f71d16a209dc4faf8ffc54b6a4f82c17"
05-18 07:29:13.293  3351  3395 W SQLiteLog: (28) double-quoted string literal: "8ac48d4ee3fd4ed4be065715701fa1d5"
05-18 07:29:13.293  3351  3395 W SQLiteLog: (28) double-quoted string literal: "000d92fd8262470090ba573d30da4857"
05-18 07:29:13.293  3351  3395 W SQLiteLog: (28) double-quoted string literal: "44a9e0f7cdf44a1f8129f9ca72976d67"
05-18 07:29:13.294  1521  1521 I cnhq    : onPause
05-18 07:29:13.337  1126 25896 I NearbyMediums: No BLE Fast/GATT advertisements found in the latest cycle.
05-18 07:29:13.357   538   824 W InputManager-JNI: Input channel object '1096032 SnapshotStartingWindow for taskId=31 (client)' was disposed without first being removed with the input manager!
05-18 07:29:13.521   538  1892 W ActivityManager: Unable to start service Intent { act=android.service.smartspace.SmartspaceService cmp=com.google.android.as/com.google.android.apps.miphone.aiai.app.AiAiSmartspaceService } U=0: not found
05-18 07:29:13.522   538  1892 W RemoteSmartspaceService: could not bind to Intent { act=android.service.smartspace.SmartspaceService cmp=com.google.android.as/com.google.android.apps.miphone.aiai.app.AiAiSmartspaceService } using flags 67112961
05-18 07:29:13.522   538   538 W ActivityManager: Unbind failed: could not find connection for android.app.LoadedApk$ServiceDispatcher$InnerConnection@aae3906
05-18 07:29:13.527  1521  1521 I cnbo    : (REDACTED) onApplyWindowInsets: systemWindowInsets=%s
05-18 07:29:13.527  1521  1521 I cnbo    : (REDACTED) onApplyWindowInsets: systemWindowInsets=%s
05-18 07:29:13.534  1521  1521 I cnhq    : onStop
05-18 07:29:14.389  1263  1635 W MediaProvider: isAppCloneUserPair for user 0: false
05-18 07:29:14.415   178   178 I hwservicemanager: getTransport: Cannot find entry android.hardware.graphics.mapper@4.0::IMapper/default in either framework or device VINTF manifest.
05-18 07:29:14.416  3761  3763 I Gralloc4: mapper 4.x is not supported
05-18 07:29:14.421  3351  3395 W SQLiteLog: (28) double-quoted string literal: "3594f136b0a646ee8540beb807f6d602"
05-18 07:29:14.421  3351  3395 W SQLiteLog: (28) double-quoted string literal: "f71d16a209dc4faf8ffc54b6a4f82c17"
05-18 07:29:14.421  3351  3395 W SQLiteLog: (28) double-quoted string literal: "8ac48d4ee3fd4ed4be065715701fa1d5"
05-18 07:29:14.421  3351  3395 W SQLiteLog: (28) double-quoted string literal: "000d92fd8262470090ba573d30da4857"
05-18 07:29:14.421  3351  3395 W SQLiteLog: (28) double-quoted string literal: "44a9e0f7cdf44a1f8129f9ca72976d67"
05-18 07:29:14.557  1263  2096 I MediaProvider: Begin Intent { act=android.intent.action.MEDIA_SCANNER_SCAN_FILE dat=file:///sdcard/screen_2025-05-18_152914.png flg=0x1400010 cmp=com.google.android.providers.media.module/com.android.providers.media.MediaService }
05-18 07:29:14.564  1263  2096 I MediaProvider: End Intent { act=android.intent.action.MEDIA_SCANNER_SCAN_FILE dat=file:///sdcard/screen_2025-05-18_152914.png flg=0x1400010 cmp=com.google.android.providers.media.module/com.android.providers.media.MediaService }
05-18 07:29:14.624  1263  5048 I MediaProvider: Deleted 0 1 0 0 0 0 0 items on external_primary due to com.android.shell
05-18 07:29:14.625  1126  4494 I UriTaskContentObserver: (REDACTED) Throttling content uri change event for %s
05-18 07:29:15.024   538   552 W System  : A resource failed to call release. 
05-18 07:29:15.081  1263  1635 W MediaProvider: isAppCloneUserPair for user 0: false
05-18 07:29:15.097   178   178 I hwservicemanager: getTransport: Cannot find entry android.hardware.graphics.mapper@4.0::IMapper/default in either framework or device VINTF manifest.
05-18 07:29:15.097  3800  3802 I Gralloc4: mapper 4.x is not supported
05-18 07:29:15.217  1263  2096 I MediaProvider: Begin Intent { act=android.intent.action.MEDIA_SCANNER_SCAN_FILE dat=file:///sdcard/screen_2025-05-18_152915.png flg=0x1400010 cmp=com.google.android.providers.media.module/com.android.providers.media.MediaService }
05-18 07:29:15.221  1263  2096 I MediaProvider: End Intent { act=android.intent.action.MEDIA_SCANNER_SCAN_FILE dat=file:///sdcard/screen_2025-05-18_152915.png flg=0x1400010 cmp=com.google.android.providers.media.module/com.android.providers.media.MediaService }
05-18 07:29:15.290  1263  5048 I MediaProvider: Deleted 0 1 0 0 0 0 0 items on external_primary due to com.android.shell
05-18 07:29:15.291  1126  4494 I UriTaskContentObserver: (REDACTED) Throttling content uri change event for %s
05-18 07:29:15.310  1815  1815 I Finsky  : [2] aihy.onStartJob(126): SCH: job service start with id 9322.
05-18 07:29:15.318  1815  2991 I Finsky  : [452] nib.a(171): SCH: Satisfied jobs for 9322 are: 12-1
05-18 07:29:15.323  1815  3812 I Finsky  : [461] aigh.accept(108): SCH: Job 12-1 starting
05-18 07:29:15.326  1815  1815 I Finsky  : [2] ContentSyncJob.i(9): [ContentSync] job started
05-18 07:29:15.498  1815  1815 W Finsky  : [2] ajwy.b(131): STU: Failed to get storage stats for package 'com.google.mainline.primary.libs' (1601: Error getting stats: android.content.pm.PackageManager.NameNotFoundException)
05-18 07:29:15.516  1815  1815 W Finsky  : [2] ajwy.b(131): STU: Failed to get storage stats for package 'com.google.android.tzdata3' (1601: Error getting stats: android.content.pm.PackageManager.NameNotFoundException)
05-18 07:29:15.529  1815  1815 W Finsky  : [2] ajwy.b(131): STU: Failed to get storage stats for package 'com.google.android.permission' (1601: Error getting stats: android.content.pm.PackageManager.NameNotFoundException)
05-18 07:29:15.562  1815  1815 W Finsky  : [2] ajwy.b(131): STU: Failed to get storage stats for package 'com.google.android.wifi' (1601: Error getting stats: android.content.pm.PackageManager.NameNotFoundException)
05-18 07:29:15.638  3833  3833 I AndroidRuntime: Using default boot image
05-18 07:29:15.638  3833  3833 I AndroidRuntime: Leaving lock profiling enabled
05-18 07:29:15.638  3833  3833 W libc    : Access denied finding property "odsign.verification.success"
05-18 07:29:15.639  3833  3833 W app_process: ART APEX data files are untrusted.
05-18 07:29:15.633  3833  3833 W app_process: type=1400 audit(0.0:501): avc: denied { read } for name="u:object_r:odsign_prop:s0" dev="tmpfs" ino=203 scontext=u:r:shell:s0 tcontext=u:object_r:odsign_prop:s0 tclass=file permissive=0
05-18 07:29:15.704  3833  3833 W app_process: Unexpected CPU variant for X86 using defaults: x86_64
05-18 07:29:15.705  3833  3833 W app_process: ClassLoaderContext classpath size mismatch. expected=0, found=1 (PCL[] | PCL[/system/framework/android.test.runner.jar*1585996318])
05-18 07:29:16.104  1815  1815 W Finsky  : [2] ajwy.b(131): STU: Failed to get storage stats for package 'com.google.android.media.swcodec' (1601: Error getting stats: android.content.pm.PackageManager.NameNotFoundException)
05-18 07:29:16.104  1815  1815 W Finsky  : [2] ajwy.b(131): STU: Failed to get storage stats for package 'com.google.android.art' (1601: Error getting stats: android.content.pm.PackageManager.NameNotFoundException)
05-18 07:29:16.125  1815  1815 W Finsky  : [2] ajwy.b(131): STU: Failed to get storage stats for package 'com.google.android.mediaprovider' (1601: Error getting stats: android.content.pm.PackageManager.NameNotFoundException)
05-18 07:29:16.136  1815  1815 W Finsky  : [2] ajwy.b(131): STU: Failed to get storage stats for package 'com.google.android.adbd' (1601: Error getting stats: android.content.pm.PackageManager.NameNotFoundException)
05-18 07:29:16.165  1815  1815 W Finsky  : [2] ajwy.b(131): STU: Failed to get storage stats for package 'com.google.android.resolv' (1601: Error getting stats: android.content.pm.PackageManager.NameNotFoundException)
05-18 07:29:16.179  1815  1815 W Finsky  : [2] ajwy.b(131): STU: Failed to get storage stats for package 'com.google.android.conscrypt' (1601: Error getting stats: android.content.pm.PackageManager.NameNotFoundException)
05-18 07:29:16.179  1815  1815 W Finsky  : [2] ajwy.b(131): STU: Failed to get storage stats for package 'com.google.android.media' (1601: Error getting stats: android.content.pm.PackageManager.NameNotFoundException)
05-18 07:29:16.200  1815  1815 W Finsky  : [2] ajwy.b(131): STU: Failed to get storage stats for package 'com.google.android.neuralnetworks' (1601: Error getting stats: android.content.pm.PackageManager.NameNotFoundException)
05-18 07:29:16.204  1815  1815 W Finsky  : [2] ajwy.b(131): STU: Failed to get storage stats for package 'com.google.android.ipsec' (1601: Error getting stats: android.content.pm.PackageManager.NameNotFoundException)
05-18 07:29:16.224  1815  1815 W Finsky  : [2] ajwy.b(131): STU: Failed to get storage stats for package 'com.google.android.sdkext' (1601: Error getting stats: android.content.pm.PackageManager.NameNotFoundException)
05-18 07:29:16.239  1815  1815 W Finsky  : [2] ajwy.b(131): STU: Failed to get storage stats for package 'com.google.android.tethering' (1601: Error getting stats: android.content.pm.PackageManager.NameNotFoundException)
05-18 07:29:16.247  1815  1815 W Finsky  : [2] ajwy.b(131): STU: Failed to get storage stats for package 'com.google.android.extservices' (1601: Error getting stats: android.content.pm.PackageManager.NameNotFoundException)
05-18 07:29:16.291  1815  1815 W Finsky  : [2] ajwy.b(131): STU: Failed to get storage stats for package 'com.google.android.os.statsd' (1601: Error getting stats: android.content.pm.PackageManager.NameNotFoundException)
05-18 07:29:16.294  1815  1815 W Finsky  : [2] ajwy.b(131): STU: Failed to get storage stats for package 'com.google.android.cellbroadcast' (1601: Error getting stats: android.content.pm.PackageManager.NameNotFoundException)
05-18 07:29:16.321  1815  1815 W Finsky  : [2] ajwy.b(131): STU: Failed to get storage stats for package 'com.google.android.scheduling' (1601: Error getting stats: android.content.pm.PackageManager.NameNotFoundException)
05-18 07:29:16.348  1815  1815 I Finsky  : [2] nqf.a(199): App states replicator found 4 unowned apps
05-18 07:29:16.357  1815  1815 I Finsky  : [2] nqk.b(18): Completed 0 account content syncs with 0 successful.
05-18 07:29:16.362  1815  1815 I Finsky  : [2] ContentSyncJob.a(12): [ContentSync] Installation state replication succeeded.
05-18 07:29:16.362  1815  1815 I Finsky  : [2] aigi.q(56): SCH: jobFinished: 12-1. TimeElapsed: 1039ms.
05-18 07:29:16.383  1815  2259 I Finsky  : [65] sii.accept(58): SCH: Scheduling phonesky job Id: 1-1337, CT: 1747532943899, Constraints: [{ L: 35227003, D: 78427003, C: CHARGING_NONE, I: IDLE_NONE, N: NET_ANY, B: BATTERY_ANY }]
05-18 07:29:16.383  1815  2259 I Finsky  : [65] sii.accept(58): SCH: Scheduling phonesky job Id: 34-9, CT: 1747532948452, Constraints: [{ L: 79199873, D: 1375199873, C: CHARGING_NONE, I: IDLE_NONE, N: NET_ANY, B: BATTERY_ANY }]
05-18 07:29:16.383  1815  2259 I Finsky  : [65] sii.accept(58): SCH: Scheduling phonesky job Id: 34-12, CT: 1747532949674, Constraints: [{ L: 604800000, D: 2591999137, C: CHARGING_NONE, I: IDLE_NONE, N: NET_ANY, B: BATTERY_ANY }]
05-18 07:29:16.388  1815  2209 I Finsky  : [57] nic.apply(251): SCH: Scheduling 1 system job(s)
05-18 07:29:16.388  1815  2209 I Finsky  : [57] aige.b(244): SCH: Scheduling system job Id: 9326, L: 14814514, D: 58014514, C: false, I: false, N: 1
05-18 07:29:16.401  1815  3812 I Finsky  : [461] aihy.a(24): SCH: job service finished with id 9322.
05-18 07:29:16.746  3833  3833 I AccessibilityNodeInfoDumper: Skipping invisible child: android.view.accessibility.AccessibilityNodeInfo@1652d; boundsInParent: Rect(0, 0 - 1080, 2653); boundsInScreen: Rect(0, 63 - 1080, 2274); packageName: net.cozic.joplin; className: android.view.ViewGroup; text: null; error: null; maxTextLength: -1; stateDescription: null; contentDescription: null; tooltipText: null; viewIdResName: null; checkable: false; checked: false; focusable: false; focused: false; selected: false; clickable: false; longClickable: false; contextClickable: false; enabled: true; password: false; scrollable: false; importantForAccessibility: false; visible: false; actions: [AccessibilityAction: ACTION_SELECT - null, AccessibilityAction: ACTION_CLEAR_SELECTION - null, AccessibilityAction: ACTION_ACCESSIBILITY_FOCUS - null, AccessibilityAction: ACTION_SHOW_ON_SCREEN - null]
05-18 07:29:16.746  3833  3833 I AccessibilityNodeInfoDumper: Skipping invisible child: android.view.accessibility.AccessibilityNodeInfo@14ea7; boundsInParent: Rect(0, 0 - 1080, 2211); boundsInScreen: Rect(0, 63 - 1080, 2274); packageName: net.cozic.joplin; className: android.view.ViewGroup; text: null; error: null; maxTextLength: -1; stateDescription: null; contentDescription: null; tooltipText: null; viewIdResName: null; checkable: false; checked: false; focusable: false; focused: false; selected: false; clickable: false; longClickable: false; contextClickable: false; enabled: true; password: false; scrollable: false; importantForAccessibility: false; visible: false; actions: [AccessibilityAction: ACTION_SELECT - null, AccessibilityAction: ACTION_CLEAR_SELECTION - null, AccessibilityAction: ACTION_ACCESSIBILITY_FOCUS - null, AccessibilityAction: ACTION_SHOW_ON_SCREEN - null]
05-18 07:29:16.759  3833  3833 W AccessibilityNodeInfoDumper: Fetch time: 15ms
05-18 07:29:17.835  1263  1474 W MediaProvider: isAppCloneUserPair for user 0: false
05-18 07:29:17.860   178   178 I hwservicemanager: getTransport: Cannot find entry android.hardware.graphics.mapper@4.0::IMapper/default in either framework or device VINTF manifest.
05-18 07:29:17.860  3886  3888 I Gralloc4: mapper 4.x is not supported
05-18 07:29:17.996  1263  2096 I MediaProvider: Begin Intent { act=android.intent.action.MEDIA_SCANNER_SCAN_FILE dat=file:///sdcard/screen_2025-05-18_152917.png flg=0x1400010 cmp=com.google.android.providers.media.module/com.android.providers.media.MediaService }
05-18 07:29:18.001  1263  2096 I MediaProvider: End Intent { act=android.intent.action.MEDIA_SCANNER_SCAN_FILE dat=file:///sdcard/screen_2025-05-18_152917.png flg=0x1400010 cmp=com.google.android.providers.media.module/com.android.providers.media.MediaService }
05-18 07:29:18.064  1263  1635 I MediaProvider: Deleted 0 1 0 0 0 0 0 items on external_primary due to com.android.shell
05-18 07:29:18.065  1126  4494 I UriTaskContentObserver: (REDACTED) Throttling content uri change event for %s
05-18 07:29:18.317   176   176 I servicemanager: Notifying apexservice they have clients: 0
05-18 07:29:18.322   176   176 I BpBinder: onLastStrongRef automatically unlinking death recipients: <uncached descriptor>
05-18 07:29:19.137  3351  3351 I AssistStructure: Flattened final assist data: 3732 bytes, containing 1 windows, 24 views
05-18 07:29:19.364   538   890 I AssistStructure: Flattened final assist data: 2684 bytes, containing 1 windows, 24 views
05-18 07:29:19.412  1126 31234 W ahlp    : Failed to retrieve prediction data. [CONTEXT service_id=177 ]
05-18 07:29:19.412  1126 31234 W ahlp    : java.util.concurrent.ExecutionException: esky: No data was found for the table autofill-domain-predictions-prod-spanner.
05-18 07:29:19.412  1126 31234 W ahlp    : 	at frqs.j(:com.google.android.gms@251333032@25.13.33 (190800-745790146):21)
05-18 07:29:19.412  1126 31234 W ahlp    : 	at frrb.v(:com.google.android.gms@251333032@25.13.33 (190800-745790146):107)
05-18 07:29:19.412  1126 31234 W ahlp    : 	at frqs.get(:com.google.android.gms@251333032@25.13.33 (190800-745790146):2)
05-18 07:29:19.412  1126 31234 W ahlp    : 	at ahlp.e(:com.google.android.gms@251333032@25.13.33 (190800-745790146):81)
05-18 07:29:19.412  1126 31234 W ahlp    : 	at ahlp.a(:com.google.android.gms@251333032@25.13.33 (190800-745790146):124)
05-18 07:29:19.412  1126 31234 W ahlp    : 	at ahjb.call(:com.google.android.gms@251333032@25.13.33 (190800-745790146):5)
05-18 07:29:19.412  1126 31234 W ahlp    : 	at java.util.concurrent.FutureTask.run(FutureTask.java:266)
05-18 07:29:19.412  1126 31234 W ahlp    : 	at ausj.c(:com.google.android.gms@251333032@25.13.33 (190800-745790146):50)
05-18 07:29:19.412  1126 31234 W ahlp    : 	at ausj.run(:com.google.android.gms@251333032@25.13.33 (190800-745790146):70)
05-18 07:29:19.412  1126 31234 W ahlp    : 	at java.util.concurrent.ThreadPoolExecutor.runWorker(ThreadPoolExecutor.java:1167)
05-18 07:29:19.412  1126 31234 W ahlp    : 	at java.util.concurrent.ThreadPoolExecutor$Worker.run(ThreadPoolExecutor.java:641)
05-18 07:29:19.412  1126 31234 W ahlp    : 	at auxx.run(:com.google.android.gms@251333032@25.13.33 (190800-745790146):8)
05-18 07:29:19.412  1126 31234 W ahlp    : 	at java.lang.Thread.run(Thread.java:920)
