--------- beginning of main
05-18 07:28:49.433   407   407 E adbd    : failed to connect to socket 'tcp:7336': Connection refused
05-18 07:28:49.436  2452  2958 W Role    : Cannot get ApplicationInfo for default holder: com.google.android.as
05-18 07:28:49.440  2452  2958 W Role    : Cannot get ApplicationInfo for default holder: com.google.android.as
05-18 07:28:49.480   407   407 E adbd    : failed to connect to socket 'tcp:7336': Connection refused
05-18 07:28:49.531  7281  7281 I GoogleInputMethodService: GoogleInputMethodService.onFinishInput():1961 
05-18 07:28:49.532  7281  7281 I Module  : DeviceLockedStatusModuleProvider$Module.updateDeviceLockedStatus():100 repeatCheckTimes = 0, locked = false
05-18 07:28:49.533   407   407 E adbd    : failed to connect to socket 'tcp:7336': Connection refused
05-18 07:28:49.533  7281  7281 I GoogleInputMethodService: GoogleInputMethodService.onDestroy():889 
05-18 07:28:49.533  7281  7281 I GlobeKeyExtension: GlobeKeyExtension.onDestroyExtension():120 
05-18 07:28:49.534  7281  7281 I ModuleManager: ModuleManager$ModuleInitListener.maybeUnloadModuleOnUnavailable():1350 module jzu is unavailable
05-18 07:28:49.534  7281  7281 I HardKeyTracker: HardKeyTracker.unregisterKeySequence():182 Unregister key sequence lxp{labelResId=2132020224, callback=bwh@e8a99c4, lastModifier=2, keyCodes=[47], actions=[0]}
05-18 07:28:49.534  7281  7281 I ModuleManager: ModuleManager$ModuleInitListener.maybeUnloadModuleOnUnavailable():1350 module dhj is unavailable
05-18 07:28:49.534  7281  7281 I ModuleManager: ModuleManager$ModuleInitListener.maybeUnloadModuleOnUnavailable():1350 module gjn is unavailable
05-18 07:28:49.534  7281  7281 I ModuleManager: ModuleManager$ModuleInitListener.maybeUnloadModuleOnUnavailable():1350 module klz is unavailable
05-18 07:28:49.535  7281  7281 I ModuleManager: ModuleManager$ModuleInitListener.maybeUnloadModuleOnUnavailable():1350 module kmd is unavailable
05-18 07:28:49.535  7281  7281 I ModuleManager: ModuleManager$ModuleInitListener.maybeUnloadModuleOnUnavailable():1350 module kme is unavailable
05-18 07:28:49.535  7281  7281 I ModuleManager: ModuleManager$ModuleInitListener.maybeUnloadModuleOnUnavailable():1350 module kmf is unavailable
05-18 07:28:49.538  7281  7281 I ModuleManager: ModuleManager$ModuleInitListener.maybeUnloadModuleOnUnavailable():1350 module kmg is unavailable
05-18 07:28:49.539  7281  7281 I ModuleManager: ModuleManager$ModuleInitListener.maybeUnloadModuleOnUnavailable():1350 module kyj is unavailable
05-18 07:28:49.539  7281  7281 I HardKeyTracker: HardKeyTracker.unregisterKeySequence():182 Unregister key sequence lxp{labelResId=0, callback=jph@8d0efcf, lastModifier=0, keyCodes=[204], actions=[0]}
05-18 07:28:49.539  7281  7281 I HardKeyTracker: HardKeyTracker.unregisterKeySequence():182 Unregister key sequence lxp{labelResId=2132020222, callback=jph@aecb93a, lastModifier=1, keyCodes=[62, 59], actions=[0, 0]}
05-18 07:28:49.539  7281  7281 I HardKeyTracker: HardKeyTracker.unregisterKeySequence():182 Unregister key sequence lxp{labelResId=0, callback=jph@aecb93a, lastModifier=1, keyCodes=[62, 60], actions=[0, 0]}
05-18 07:28:49.539  7281  7281 I ModuleManager: ModuleManager$ModuleInitListener.maybeUnloadModuleOnUnavailable():1350 module kym is unavailable
05-18 07:28:49.539  7281  7281 I ModuleManager: ModuleManager$ModuleInitListener.maybeUnloadModuleOnUnavailable():1350 module lnf is unavailable
05-18 07:28:49.539  7281  7281 I ModuleManager: ModuleManager$ModuleInitListener.maybeUnloadModuleOnUnavailable():1350 module mbf is unavailable
05-18 07:28:49.544  7281  7281 I ModuleManager: ModuleManager$ModuleInitListener.maybeUnloadModuleOnUnavailable():1350 module jol is unavailable
05-18 07:28:49.550  7281  7281 I ModuleManager: ModuleManager$ModuleInitListener.maybeUnloadModuleOnUnavailable():1350 module gjz is unavailable
05-18 07:28:49.552  7281  7281 I ModuleManager: ModuleManager$ModuleInitListener.maybeUnloadModuleOnUnavailable():1350 module fdy is unavailable
05-18 07:28:49.553  7281  7281 I ModuleManager: ModuleManager$ModuleInitListener.maybeUnloadModuleOnUnavailable():1350 module fza is unavailable
05-18 07:28:49.553  7281  7281 I ModuleManager: ModuleManager$ModuleInitListener.maybeUnloadModuleOnUnavailable():1350 module eki is unavailable
05-18 07:28:49.554  7281  7281 I ModuleManager: ModuleManager$ModuleInitListener.maybeUnloadModuleOnUnavailable():1350 module IGifKeyboardExtension is unavailable
05-18 07:28:49.555  7281  7281 I ModuleManager: ModuleManager$ModuleInitListener.maybeUnloadModuleOnUnavailable():1350 module IStickerExtension is unavailable
05-18 07:28:49.558  7281  7281 I ModuleManager: ModuleManager$ModuleInitListener.maybeUnloadModuleOnUnavailable():1350 module djv is unavailable
05-18 07:28:49.558  7281  7281 I ModuleManager: ModuleManager$ModuleInitListener.maybeUnloadModuleOnUnavailable():1350 module gsb is unavailable
05-18 07:28:49.558  7281  7281 I ModuleManager: ModuleManager$ModuleInitListener.maybeUnloadModuleOnUnavailable():1350 module dlm is unavailable
05-18 07:28:49.559  7281  7281 I ModuleManager: ModuleManager$ModuleInitListener.maybeUnloadModuleOnUnavailable():1350 module dlb is unavailable
05-18 07:28:49.563  7281  7281 I ModuleManager: ModuleManager$ModuleInitListener.maybeUnloadModuleOnUnavailable():1350 module ITranslateUIExtension is unavailable
05-18 07:28:49.563  7281  7281 I ModuleManager: ModuleManager$ModuleInitListener.maybeUnloadModuleOnUnavailable():1350 module gsy is unavailable
05-18 07:28:49.565  7281  7281 I ModuleManager: ModuleManager$ModuleInitListener.maybeUnloadModuleOnUnavailable():1350 module dyn is unavailable
05-18 07:28:49.573  7281  7281 I ModuleManager: ModuleManager$ModuleInitListener.maybeUnloadModuleOnUnavailable():1350 module dyi is unavailable
05-18 07:28:49.574  7281  7281 I ModuleManager: ModuleManager$ModuleInitListener.maybeUnloadModuleOnUnavailable():1350 module dur is unavailable
05-18 07:28:49.576  7281  7281 I ModuleManager: ModuleManager$ModuleInitListener.maybeUnloadModuleOnUnavailable():1350 module dho is unavailable
05-18 07:28:49.576  7281  7281 I ModuleManager: ModuleManager$ModuleInitListener.maybeUnloadModuleOnUnavailable():1350 module goa is unavailable
05-18 07:28:49.576  7281  7281 I ModuleManager: ModuleManager$ModuleInitListener.maybeUnloadModuleOnUnavailable():1350 module gsz is unavailable
05-18 07:28:49.576  7281  7281 I HardKeyTracker: HardKeyTracker.unregisterKeySequence():182 Unregister key sequence lxp{labelResId=2132020217, callback=cct@113ee7e, lastModifier=2, keyCodes=[37], actions=[0]}
05-18 07:28:49.576  7281  7281 I HardKeyTracker: HardKeyTracker.unregisterKeySequence():182 Unregister key sequence lxp{labelResId=2132018698, callback=cct@15b2694, lastModifier=2, keyCodes=[39], actions=[0]}
05-18 07:28:49.576  7281  7281 I HardKeyTracker: HardKeyTracker.unregisterKeySequence():182 Unregister key sequence lxp{labelResId=2132020218, callback=cct@2d6e718, lastModifier=65536, keyCodes=[76], actions=[0]}
05-18 07:28:49.579  7281  7281 I HardKeyTracker: HardKeyTracker.unregisterKeySequence():182 Unregister key sequence lxp{labelResId=2132020219, callback=cct@e4f0ae2, lastModifier=2, keyCodes=[48], actions=[0]}
05-18 07:28:49.582  7281  7281 I HardKeyTracker: HardKeyTracker.unregisterKeySequence():182 Unregister key sequence lxp{labelResId=2132020214, callback=cct@1632bd7, lastModifier=2, keyCodes=[50], actions=[0]}
05-18 07:28:49.582  7281  7281 W NotificationCenter: NotificationCenter.unregisterListener():480 Listener imp@61b8b5d was not registered for notification class ioo
05-18 07:28:49.582  7281  7281 W NotificationCenter: NotificationCenter.unregisterListener():480 Listener imo@51edcd2 was not registered for notification class ioq
05-18 07:28:49.582  7281  7281 I HardKeyTracker: HardKeyTracker.unregisterKeySequence():182 Unregister key sequence lxp{labelResId=2132020223, callback=ffo@89d292b, lastModifier=2, keyCodes=[62], actions=[0]}
05-18 07:28:49.583  7281  7281 I HardKeyTracker: HardKeyTracker.unregisterKeySequence():182 Unregister key sequence lxp{labelResId=2132020221, callback=null, lastModifier=2, keyCodes=[8], actions=[0]}
05-18 07:28:49.583  7281  7281 I ModuleManager: ModuleManager$ModuleInitListener.maybeUnloadModuleOnUnavailable():1350 module imu is unavailable
05-18 07:28:49.583  7281  7281 I ModuleManager: ModuleManager$ModuleInitListener.maybeUnloadModuleOnUnavailable():1350 module lwz is unavailable
05-18 07:28:49.583  7281  7281 I ModuleManager: ModuleManager$ModuleInitListener.maybeUnloadModuleOnUnavailable():1350 module lxa is unavailable
05-18 07:28:49.583  7281  7281 I ModuleManager: ModuleManager$ModuleInitListener.maybeUnloadModuleOnUnavailable():1350 module mdq is unavailable
05-18 07:28:49.584  7281  7281 I ModuleManager: ModuleManager$ModuleInitListener.maybeUnloadModuleOnUnavailable():1350 module gnz is unavailable
05-18 07:28:49.587  7281  7281 I EmojifyExtensionImpl: EmojifyExtensionImpl.onDestroy():605 Destroying Emojify extension ecq@a595c9a.
05-18 07:28:49.587  7281  7281 I ModuleManager: ModuleManager$ModuleInitListener.maybeUnloadModuleOnUnavailable():1350 module ecc is unavailable
05-18 07:28:49.587  7281  7281 I AbstractOpenableExtension: AbstractOpenableExtension.maybeDestroyExistingKeyboardGroupManager():537 Destroy existing keyboard group manager in edp
05-18 07:28:49.587   407   407 E adbd    : failed to connect to socket 'tcp:7336': Connection refused
05-18 07:28:49.595  7281  7281 I ModuleManager: ModuleManager$ModuleInitListener.maybeUnloadModuleOnUnavailable():1350 module IExpressionMomentExtension is unavailable
05-18 07:28:49.595  7281  7281 I AbstractOpenableExtension: AbstractOpenableExtension.maybeDestroyExistingKeyboardGroupManager():537 Destroy existing keyboard group manager in fyk
05-18 07:28:49.595  7281  7281 I ModuleManager: ModuleManager$ModuleInitListener.maybeUnloadModuleOnUnavailable():1350 module FastAccessBarExtension is unavailable
05-18 07:28:49.595  7281  7281 I ModuleManager: ModuleManager$ModuleInitListener.maybeUnloadModuleOnUnavailable():1350 module IBitmojiExtension is unavailable
05-18 07:28:49.599  7281  7281 I ModuleManager: ModuleManager$ModuleInitListener.maybeUnloadModuleOnUnavailable():1350 module ehc is unavailable
05-18 07:28:49.600  7281  7281 I ModuleManager: ModuleManager$ModuleInitListener.maybeUnloadModuleOnUnavailable():1350 module dnu is unavailable
05-18 07:28:49.600  7281  7281 I ModuleManager: ModuleManager$ModuleInitListener.maybeUnloadModuleOnUnavailable():1350 module gjt is unavailable
05-18 07:28:49.602  7281  7281 I ModuleManager: ModuleManager$ModuleInitListener.maybeUnloadModuleOnUnavailable():1350 module ftv is unavailable
05-18 07:28:49.602  7281  7281 I ModuleManager: ModuleManager$ModuleInitListener.maybeUnloadModuleOnUnavailable():1350 module IUniversalMediaExtension is unavailable
05-18 07:28:49.603  7281  7281 I ModuleManager: ModuleManager$ModuleInitListener.maybeUnloadModuleOnUnavailable():1350 module dzn is unavailable
05-18 07:28:49.604  7281  7281 I ModuleManager: ModuleManager$ModuleInitListener.maybeUnloadModuleOnUnavailable():1350 module ebf is unavailable
05-18 07:28:49.604  7281  7281 I ModuleManager: ModuleManager$ModuleInitListener.maybeUnloadModuleOnUnavailable():1350 module epr is unavailable
05-18 07:28:49.604  7281  7281 I ModuleManager: ModuleManager$ModuleInitListener.maybeUnloadModuleOnUnavailable():1350 module etx is unavailable
05-18 07:28:49.604  7281  7281 I ModuleManager: ModuleManager$ModuleInitListener.maybeUnloadModuleOnUnavailable():1350 module evr is unavailable
05-18 07:28:49.604  7281  7281 I ModuleManager: ModuleManager$ModuleInitListener.maybeUnloadModuleOnUnavailable():1350 module fck is unavailable
05-18 07:28:49.605  7281  7281 I ModuleManager: ModuleManager$ModuleInitListener.maybeUnloadModuleOnUnavailable():1350 module fdz is unavailable
05-18 07:28:49.605  7281  7420 I InputActionMetricsProcessor: InputActionMetricsProcessor.onDetached():107 Detached from metrics manager.
05-18 07:28:49.605  7281  7281 I ModuleManager: ModuleManager$ModuleInitListener.maybeUnloadModuleOnUnavailable():1350 module ffc is unavailable
05-18 07:28:49.605  7281  7281 I ModuleManager: ModuleManager$ModuleInitListener.maybeUnloadModuleOnUnavailable():1350 module fgw is unavailable
05-18 07:28:49.606  7281  7281 I JapaneseMozcExtension: JapaneseMozcExtension.onDestroy():52 
05-18 07:28:49.606  7281  7281 I ModuleManager: ModuleManager$ModuleInitListener.maybeUnloadModuleOnUnavailable():1350 module fhj is unavailable
05-18 07:28:49.606  7281  7281 I ModuleManager: ModuleManager$ModuleInitListener.maybeUnloadModuleOnUnavailable():1350 module fpf is unavailable
05-18 07:28:49.606  7281  7281 I ModuleManager: ModuleManager$ModuleInitListener.maybeUnloadModuleOnUnavailable():1350 module fsu is unavailable
05-18 07:28:49.607  7281  7281 I ModuleManager: ModuleManager$ModuleInitListener.maybeUnloadModuleOnUnavailable():1350 module IEmojiOrGifExtension is unavailable
05-18 07:28:49.607  7281  7281 I ModuleManager: ModuleManager$ModuleInitListener.maybeUnloadModuleOnUnavailable():1350 module IEmoticonExtension is unavailable
05-18 07:28:49.607  7281  7281 I ModuleManager: ModuleManager$ModuleInitListener.maybeUnloadModuleOnUnavailable():1350 module fxh is unavailable
05-18 07:28:49.607  7281  7281 I ModuleManager: ModuleManager$ModuleInitListener.maybeUnloadModuleOnUnavailable():1350 module gam is unavailable
05-18 07:28:49.608  7281  7281 I ModuleManager: ModuleManager$ModuleInitListener.maybeUnloadModuleOnUnavailable():1350 module gts is unavailable
05-18 07:28:49.608  7281  7281 I UniversalDictationExtension: UniversalDictationExtension.onDestroyExtension():92 onDestroy [UD]
05-18 07:28:49.608  7281  7281 I ModuleManager: ModuleManager$ModuleInitListener.maybeUnloadModuleOnUnavailable():1350 module gtu is unavailable
05-18 07:28:49.608  7281  7281 I OnDevicePackDownloadModule: OnDevicePackDownloadModule.onDestroy():95 onDestroy()
05-18 07:28:49.609  7281  7281 I ModuleManager: ModuleManager$ModuleInitListener.maybeUnloadModuleOnUnavailable():1350 module gyt is unavailable
05-18 07:28:49.609  7281  7281 I NewS3RecognizerModule: NewS3RecognizerModule.onDestroy():21 onDestroy [news3]
05-18 07:28:49.609  7281  7281 I ModuleManager: ModuleManager$ModuleInitListener.maybeUnloadModuleOnUnavailable():1350 module hau is unavailable
05-18 07:28:49.609  7281  7281 I ModuleManager: ModuleManager$ModuleInitListener.maybeUnloadModuleOnUnavailable():1350 module imw is unavailable
05-18 07:28:49.610  7281  7281 I ModuleManager: ModuleManager$ModuleInitListener.maybeUnloadModuleOnUnavailable():1350 module ipd is unavailable
05-18 07:28:49.610  7281  7281 I ModuleManager: ModuleManager$ModuleInitListener.maybeUnloadModuleOnUnavailable():1350 module jsl is unavailable
05-18 07:28:49.610  7281  7281 I ModuleManager: ModuleManager$ModuleInitListener.maybeUnloadModuleOnUnavailable():1350 module IBannerExtension is unavailable
05-18 07:28:49.610  7281  7281 I ModuleManager: ModuleManager$ModuleInitListener.maybeUnloadModuleOnUnavailable():1350 module mkd is unavailable
05-18 07:28:49.610  7281  7281 I ModuleManager: ModuleManager$ModuleInitListener.maybeUnloadModuleOnUnavailable():1350 module mng is unavailable
05-18 07:28:49.614  7281  7281 I ModuleManager: ModuleManager$ModuleInitListener.maybeUnloadModuleOnUnavailable():1350 module moa is unavailable
05-18 07:28:49.615  7281  7281 I ModuleManager: ModuleManager$ModuleInitListener.maybeUnloadModuleOnUnavailable():1350 module gtf is unavailable
05-18 07:28:49.616  7281  7281 I ModuleManager: ModuleManager$ModuleInitListener.maybeUnloadModuleOnUnavailable():1350 module gtk is unavailable
05-18 07:28:49.618  7281  7281 I ModuleManager: ModuleManager$ModuleInitListener.maybeUnloadModuleOnUnavailable():1350 module etm is unavailable
05-18 07:28:49.619  7281  7281 I ModuleManager: ModuleManager$ModuleInitListener.maybeUnloadModuleOnUnavailable():1350 module etq is unavailable
05-18 07:28:49.626  7281  7281 I ModuleManager: ModuleManager$ModuleInitListener.maybeUnloadModuleOnUnavailable():1350 module mlv is unavailable
05-18 07:28:49.628  7281  7281 I ModuleManager: ModuleManager$ModuleInitListener.maybeUnloadModuleOnUnavailable():1350 module mjm is unavailable
05-18 07:28:49.630  7281  7281 I ModuleManager: ModuleManager$ModuleInitListener.maybeUnloadModuleOnUnavailable():1350 module jnf is unavailable
05-18 07:28:49.633  7281  7281 I ModuleManager: ModuleManager$ModuleInitListener.maybeUnloadModuleOnUnavailable():1350 module fuo is unavailable
05-18 07:28:49.633  7281  7281 I ModuleManager: ModuleManager$ModuleInitListener.maybeUnloadModuleOnUnavailable():1350 module fur is unavailable
05-18 07:28:49.633  7281  7281 I ModuleManager: ModuleManager$ModuleInitListener.maybeUnloadModuleOnUnavailable():1350 module kyf is unavailable
05-18 07:28:49.634   407   407 E adbd    : failed to connect to socket 'tcp:7336': Connection refused
05-18 07:28:49.634  7281  7281 I HardKeyTracker: HardKeyTracker.unregisterKeySequence():182 Unregister key sequence lxp{labelResId=0, callback=ffo@1f0b8c7, lastModifier=0, keyCodes=[57, 57], actions=[1, 0]}
05-18 07:28:49.635  7281  7281 I HardKeyTracker: HardKeyTracker.unregisterKeySequence():182 Unregister key sequence lxp{labelResId=0, callback=ffo@713f092, lastModifier=0, keyCodes=[58, 58], actions=[1, 0]}
05-18 07:28:49.635  7281  7281 I AbstractOpenableExtension: AbstractOpenableExtension.maybeDestroyExistingKeyboardGroupManager():537 Destroy existing keyboard group manager in fvs
05-18 07:28:49.635  7281  7281 I ModuleManager: ModuleManager$ModuleInitListener.maybeUnloadModuleOnUnavailable():1350 module IEmojiSearchExtension is unavailable
05-18 07:28:49.639  7281  7281 W NotificationCenter: NotificationCenter$NotificationQueue.notifyPendingNotificationsOnExecutor():877 Heavy notify work detected on UI thread: [kmv->lmd, kmv->lmd, kmv->lmd, kmv->lmd, kmv->lmd, kmv->lmd, kmv->lmd, kmv->lmd, kmv->lmd, kmv->lmd, kmv->lmd, kmv->lmd, kmv->lmd, kmv->lmd, kmv->lmd, kmv->lmd, kmv->lmd, kmv->lmd, kmv->lmd, kmv->lmd, liq->lip, liq->lip, liq->lip, liq->lip, liq->lip, liq->lip, liq->lip, liq->lip, liq->lip, liq->lip, liq->lip, liq->lip, liq->lip, liq->lip, liq->lip, liq->lip, liq->lip, liq->lip, liq->lip, liq->lip, liq->lip, liq->lip, liq->lip, liq->lip, liq->lip, liq->lip, liq->lip, liq->lip, liq->lip, liq->lip, liq->lip, liq->lip, liq->lip, liq->lip, liq->lip, liq->lip, liq->lip, liq->lip, liq->lip, liq->lip, liq->lip, liq->lip, liq->lip, liq->lip, ips->lmd, ips->lmd, ips->lmd, ips->lmd, ips->lmd, ips->lmd, ips->lmd, ips->lmd, ips->lmd, liq->lip, liq->lip, liq->lip, liq->lip, liq->lip, liq->lip, liq->lip, liq->lip, liq->lip, liq->lip, liq->lip, liq->lip, liq->lip, liq->lip, liq->lip] takes 92ms
05-18 07:28:49.640  7281  7281 I GoogleInputMethodService: GoogleInputMethodService.onDestroy():922 Maybe update OEM display config because of service destruction
05-18 07:28:49.642  7281  7281 I DeviceModeModule: DeviceModeModule.calculateAndNotify():198 Window metrics is not available, fallback to app context.
05-18 07:28:49.642  7281  7281 I DeviceModeModule: DeviceModeModule.calculateAndNotify():225 Device mode 'phone' from display metrics 'DisplayMetrics{density=0.0, width=1080, height=2400, scaledDensity=0.0, xdpi=420.0, ydpi=420.0}' or smallestScreenWidthDp: 411
05-18 07:28:49.643  7281  7281 I GoogleInputMethodService: GoogleInputMethodService.clearInputMethodServiceData():983 clearInputMethodServiceData for onDestroy
05-18 07:28:49.643  7281  7281 I GoogleInputMethodService: GoogleInputMethodService.discardAllKeyboardViewAndInputView():1147 discardAllKeyboardViewAndInputView()
05-18 07:28:49.644  7281  7281 I InputMethodEntryManager: InputMethodEntryManager.notifyCurrentInputMethodEntryOnContextChanged():545 notifyCurrentInputMethodEntryOnContextChanged()
05-18 07:28:49.644  7281  7281 I InputMethodEntryManager: InputMethodEntryManager.notifyCurrentInputMethodEntryOnContextChanged():566 Notify current input method entry changed on context change
05-18 07:28:49.646  7281  7281 I KeyboardThemeProvider: KeyboardThemeProvider.reset():39 Reset keyboard theme
05-18 07:28:49.646  7281  7281 I KeyboardContextProvider: KeyboardContextProvider.setBaseContextAndInvalidKeyboardContextCache():88 setBaseContextAndInvalidKeyboardContextCache(): null
05-18 07:28:49.649   538   824 W InputManager-JNI: Input channel object 'b6ad222 InputMethod (client)' was disposed without first being removed with the input manager!
05-18 07:28:49.654  7281  7281 I AbstractOpenableExtension: AbstractOpenableExtension$3.onSuccess():555 KeyboardGroupManager destroyed in edp.
05-18 07:28:49.654  7281  7281 I AbstractOpenableExtension: AbstractOpenableExtension$3.onSuccess():555 KeyboardGroupManager destroyed in fyk.
05-18 07:28:49.654  7281  7281 I AbstractOpenableExtension: AbstractOpenableExtension$3.onSuccess():555 KeyboardGroupManager destroyed in fvs.
05-18 07:28:49.733  1815  2209 I Finsky  : [57] ndj.run(720): AIM: AppInfoManager-Perf > Destroying AppInfoManager ...
05-18 07:28:49.802  7281  7281 W PackageUtil: PackageUtil.getApplicationInfo():50 Package io.github.ylimit.droidbotapp not found.
05-18 07:28:49.802  7281  7281 W PackageUtil: PackageUtil.getPackageInfo():31 Package io.github.ylimit.droidbotapp not found.
--------- beginning of system
05-18 07:28:49.927   538   559 E RemoteAugmentedAutofillService: Bad service name for flags 1048704: com.google.android.as/com.google.android.apps.miphone.aiai.app.AiAiAugmentedAutofillService
05-18 07:28:50.014  3807  3807 I abb     : StartCommandInProcess(73657474696e67730067657400676c6f settings.get.glo [truncated])
05-18 07:28:50.009   538   538 W Binder:538_4: type=1400 audit(0.0:492): avc: denied { getopt } for scontext=u:r:system_server:s0 tcontext=u:r:shell:s0 tclass=unix_stream_socket permissive=0
05-18 07:28:50.024  3807  3807 I abb     : StartCommandInProcess(7061636b61676500696e7374616c6c00 package.install. [truncated])
05-18 07:28:50.009   538   538 W Binder:538_4: type=1400 audit(0.0:493): avc: denied { getopt } for scontext=u:r:system_server:s0 tcontext=u:r:shell:s0 tclass=unix_stream_socket permissive=0
05-18 07:28:50.009   538   538 W Binder:538_4: type=1400 audit(0.0:494): avc: denied { getopt } for scontext=u:r:system_server:s0 tcontext=u:r:shell:s0 tclass=unix_stream_socket permissive=0
05-18 07:28:50.485   538   538 W Binder:538_4: type=1400 audit(0.0:495): avc: denied { getopt } for scontext=u:r:system_server:s0 tcontext=u:r:shell:s0 tclass=unix_stream_socket permissive=0
05-18 07:28:50.790   538   593 I PackageManager: Integrity check passed for file:///data/app/vmdl1349653504.tmp
05-18 07:28:50.841   538   593 W PackageManager: Skipping provider name net.cozic.joplin.provider (in package net.cozic.joplin): name already used by net.cozic.joplin
05-18 07:28:50.841   538   593 W PackageManager: Skipping provider name net.cozic.joplin.provider (in package net.cozic.joplin): name already used by net.cozic.joplin
05-18 07:28:50.965  1263  6559 I MediaProvider: Invalidating LocalCallingIdentity cache for package net.cozic.joplin. Reason: op android:read_external_storage
05-18 07:28:50.966   538   558 W Looper  : Slow dispatch took 122ms android.fg h=android.os.Handler c=<recycled PooledLambda@4887193> m=0
05-18 07:28:50.967  1263  6559 I MediaProvider: Invalidating LocalCallingIdentity cache for package net.cozic.joplin. Reason: op android:read_external_storage
05-18 07:28:50.967  1263  6559 I MediaProvider: Invalidating LocalCallingIdentity cache for package net.cozic.joplin. Reason: op android:read_external_storage
05-18 07:28:50.972   538   593 I PackageDexOptimizer: Running dexopt (dexoptNeeded=1) on: /data/app/~~LauP0x1ycVoZu_Cm4IJzQg==/net.cozic.joplin-BoqU7ZHMg4kwOT6A7M6ueA==/base.apk pkg=net.cozic.joplin isa=x86_64 dexoptFlags=boot_complete,profile_guided,public,enable_hidden_api_checks targetFilter=speed-profile oatDir=/data/app/~~LauP0x1ycVoZu_Cm4IJzQg==/net.cozic.joplin-BoqU7ZHMg4kwOT6A7M6ueA==/oat classLoaderContext=PCL[]{}
05-18 07:28:51.015  3107  3107 W dex2oat64: Unexpected CPU variant for X86 using defaults: x86_64
05-18 07:28:51.015  3107  3107 W dex2oat64: Mismatch between dex2oat instruction set features to use (ISA: X86_64 Feature string: -ssse3,-sse4.1,-sse4.2,-avx,-avx2,-popcnt) and those from CPP defines (ISA: X86_64 Feature string: ssse3,sse4.1,sse4.2,-avx,-avx2,popcnt) for the command line:
05-18 07:28:51.015  3107  3107 W dex2oat64: /apex/com.android.art/bin/dex2oat64 --zip-fd=7 --zip-location=base.apk --oat-fd=8 --oat-location=/data/app/~~LauP0x1ycVoZu_Cm4IJzQg==/net.cozic.joplin-BoqU7ZHMg4kwOT6A7M6ueA==/oat/x86_64/base.odex --input-vdex-fd=-1 --output-vdex-fd=9 --swap-fd=10 --classpath-dir=/data/app/~~LauP0x1ycVoZu_Cm4IJzQg==/net.cozic.joplin-BoqU7ZHMg4kwOT6A7M6ueA== --class-loader-context=PCL[]{} --compact-dex-level=none --instruction-set=x86_64 --instruction-set-features=default --instruction-set-variant=x86_64 --compiler-filter=speed-profile --compilation-reason=install --max-image-block-size=524288 --resolve-startup-const-strings=true --generate-mini-debug-info --runtime-arg -Xtarget-sdk-version:30 --runtime-arg -Xhidden-api-policy:enabled --runtime-arg -Xms64m --runtime-arg -Xmx512m
05-18 07:28:51.015  3107  3107 I dex2oat64: /apex/com.android.art/bin/dex2oat64 --input-vdex-fd=-1 --output-vdex-fd=9 --classpath-dir=/data/app/~~LauP0x1ycVoZu_Cm4IJzQg==/net.cozic.joplin-BoqU7ZHMg4kwOT6A7M6ueA== --class-loader-context=PCL[]{} --compact-dex-level=none --compiler-filter=speed-profile --compilation-reason=install --max-image-block-size=524288 --resolve-startup-const-strings=true --generate-mini-debug-info
05-18 07:28:51.922  3107  3107 I dex2oat64: dex2oat took 909.497ms (2.522s cpu) (threads: 4) arena alloc=0B (0B) java alloc=9703KB (9936368B) native alloc=2472KB (2532000B) free=1433KB (1468384B)
05-18 07:28:51.938   432   624 E installd: Couldn't opendir /data/app/vmdl1349653504.tmp: No such file or directory
05-18 07:28:51.938   432   624 E installd: Failed to delete /data/app/vmdl1349653504.tmp: No such file or directory
05-18 07:28:51.933   538   538 W Binder:538_4: type=1400 audit(0.0:496): avc: denied { getopt } for scontext=u:r:system_server:s0 tcontext=u:r:shell:s0 tclass=unix_stream_socket permissive=0
05-18 07:28:51.943  1263  1263 I MediaProvider: Invalidating LocalCallingIdentity cache for package net.cozic.joplin. Reason: package android.intent.action.PACKAGE_ADDED
05-18 07:28:51.933   538   538 W Binder:538_4: type=1400 audit(0.0:497): avc: denied { getopt } for scontext=u:r:system_server:s0 tcontext=u:r:shell:s0 tclass=unix_stream_socket permissive=0
05-18 07:28:51.951  2452 29462 I PermissionControllerServiceImpl: Updating user sensitive for uid 10193
05-18 07:28:51.960   538   633 I RoleService: Granting default roles...
05-18 07:28:51.933   538   538 W Binder:538_4: type=1400 audit(0.0:498): avc: denied { getopt } for scontext=u:r:system_server:s0 tcontext=u:r:shell:s0 tclass=unix_stream_socket permissive=0
05-18 07:28:51.965  1265  1265 I fftj    : (REDACTED) O received %s
05-18 07:28:51.966 20551 20551 I Finsky:background: [2] acvs.g(6): acvs - Received: android.intent.action.PACKAGE_ADDED, [9u54qYFF8C10bUPa8bQZn8AGE-GmyECqLYgCRf3aqLQ]
05-18 07:28:51.966  1815  1815 I Finsky  : [2] acwd.g(1): acwd - Received: android.intent.action.PACKAGE_ADDED, [9u54qYFF8C10bUPa8bQZn8AGE-GmyECqLYgCRf3aqLQ]
05-18 07:28:51.968   538   640 I InputReader: Reconfiguring input devices, changes=KEYBOARD_LAYOUTS | 
05-18 07:28:51.972   538   621 W BroadcastQueue: Background execution not allowed: receiving Intent { act=android.intent.action.PACKAGE_ADDED dat=package:net.cozic.joplin flg=0x4000010 (has extras) } to com.google.android.packageinstaller/com.android.packageinstaller.PackageInstalledReceiver
05-18 07:28:51.973   538   572 W BroadcastQueue: Background execution not allowed: receiving Intent { act=android.intent.action.PACKAGE_ADDED dat=package:net.cozic.joplin flg=0x4000010 (has extras) } to com.android.vending/com.google.android.finsky.packagemonitor.impl.PackageMonitorReceiverImpl$RegisteredReceiver
05-18 07:28:51.973   538   572 W BroadcastQueue: Background execution not allowed: receiving Intent { act=android.intent.action.PACKAGE_ADDED dat=package:net.cozic.joplin flg=0x4000010 (has extras) } to com.android.vending/com.google.android.finsky.packagemonitor.backgroundimpl.BackgroundPackageMonitorReceiverImpl$RegisteredReceiver
05-18 07:28:51.974   538   572 W BroadcastQueue: Background execution not allowed: receiving Intent { act=android.intent.action.PACKAGE_ADDED dat=package:net.cozic.joplin flg=0x4000010 (has extras) } to com.google.android.gms/.chimera.GmsIntentOperationService$PersistentTrustedReceiver
05-18 07:28:51.974   538   572 W BroadcastQueue: Background execution not allowed: receiving Intent { act=android.intent.action.PACKAGE_ADDED dat=package:net.cozic.joplin flg=0x4000010 (has extras) } to com.google.android.gms/.games.chimera.GamesSystemBroadcastReceiverProxy
05-18 07:28:51.974   538   572 W BroadcastQueue: Background execution not allowed: receiving Intent { act=android.intent.action.PACKAGE_ADDED dat=package:net.cozic.joplin flg=0x4000010 (has extras) } to com.google.android.gms/.gass.chimera.PackageChangeBroadcastReceiver
05-18 07:28:51.978  2452  2958 W Role    : Cannot get ApplicationInfo for default holder: com.google.android.contacts
05-18 07:28:51.982   538   538 I Telecom : DefaultDialerCache: Refreshing default dialer for user 0: now com.android.dialer: DDC.oR@AQ4
05-18 07:28:51.995 20551  2947 I Finsky:background: [143] rtb.accept(118): Wrote row to frosting DB: 484
05-18 07:28:51.998  2452  2958 W Role    : Cannot get ApplicationInfo for default holder: com.google.android.as
05-18 07:28:52.012 20551  2947 I Finsky:background: [143] rtb.accept(118): Wrote row to frosting DB: 485
05-18 07:28:52.016   538   590 E VerityUtils: Failed to measure fs-verity, errno 1: /data/app/~~LauP0x1ycVoZu_Cm4IJzQg==/net.cozic.joplin-BoqU7ZHMg4kwOT6A7M6ueA==/base.apk
05-18 07:28:52.021   538   571 W PackageManager: Failed registering loading progress callback. Package is fully loaded.
05-18 07:28:52.025  1815  1815 I Finsky  : [2] aspk.c(44): Do not start WearSupportService due to Wear service optimization
05-18 07:28:52.038  1815  1815 I Finsky  : [2] ajtr.f(9): Clearing split related stale data.
05-18 07:28:52.038  1815  1815 I Finsky  : [2] wzu.jr(11): DTU: Received onPackageAdded, replacing: false
05-18 07:28:52.038  1815  1815 I Finsky  : [2] nct.f(7): AIM: AppInfoCacheUpdater -> invalidating apps: [net.cozic.joplin]
05-18 07:28:52.038  1815  1815 I Finsky  : [2] ndh.c(19): AIM: AppInfoManager-Perf > getApps > called for 1 apps
05-18 07:28:52.039  1815  2991 I Finsky  : [452] pnk.kh(215): [ContentSync] finished, scheduled=false
05-18 07:28:52.043  1815  2209 I Finsky  : [57] neq.a(47): AIM: AppInfoManager-Perf > OnDeviceAppInfo > cacheHitCount=0, cacheMissCount=1. Missed  in cache (limit 10) : [net.cozic.joplin]
05-18 07:28:52.053  1126  2976 W GCM     : Unexpected forwarded intent: Intent { act=android.intent.action.PACKAGE_ADDED dat=package:net.cozic.joplin flg=0x4000010 pkg=com.google.android.gms cmp=com.google.android.gms/.chimera.PersistentIntentOperationService (has extras) }
05-18 07:28:52.056  1126  2976 W NetworkScheduler: Unexpected forwarded intent: Intent { act=android.intent.action.PACKAGE_ADDED dat=package:net.cozic.joplin flg=0x4000010 pkg=com.google.android.gms cmp=com.google.android.gms/.chimera.PersistentIntentOperationService (has extras) }
05-18 07:28:52.056  1369  2977 I Auth    : (REDACTED) [SupervisedAccountIntentOperationV2] onHandleIntent: %s
05-18 07:28:52.056  1126  2974 I FontLog : (REDACTED) Package %s has no metadata
05-18 07:28:52.057  1369  2977 I Blockstore: (REDACTED) [DataStoreImpl] Clearing Blockstore Data for package %s
05-18 07:28:52.057  1369  2977 I Blockstore: [DataStoreImpl] Keyless data not found or its IsLastInstallationData = false. [CONTEXT service_id=258 ]
05-18 07:28:52.057  1369  2977 I Dck     : (REDACTED) disableDckSupport: %s
05-18 07:28:52.057  1369  2977 W Dck     : [WirelessCapabilitiesFeatures] wccSysProp: 0 [CONTEXT service_id=289 ]
05-18 07:28:52.057  1369  2977 I Dck     : [WirelessCapabilitiesFeatures] wccMendel: 3 [CONTEXT service_id=289 ]
05-18 07:28:52.057  1369  2977 I Dck     : [WirelessCapabilitiesFeatures] deviceWccOverride: false [CONTEXT service_id=289 ]
05-18 07:28:52.057  1369  2977 I Dck     : [WirelessCapabilitiesFeatures] replaceSupportedWccWithWccOverride: true [CONTEXT service_id=289 ]
05-18 07:28:52.058  1369  2977 I Dck     : [WirelessCapabilitiesFeatures] wccOverride: not set [CONTEXT service_id=289 ]
05-18 07:28:52.058  1369  2977 I Dck     : (REDACTED) [WirelessCapabilitiesFeatures] wcc: %s
05-18 07:28:52.058  1369  2977 I Dck     : Dck module condition - hasWccSupport: false [CONTEXT service_id=289 ]
05-18 07:28:52.058  1369  2977 I Dck     : Dck module condition - downloadAllowed: false [CONTEXT service_id=289 ]
05-18 07:28:52.058  1369  2977 W Dck     : Dck module not eligible for asynchronous downloading [CONTEXT service_id=289 ]
05-18 07:28:52.109  1815  2259 I Finsky  : [65] mhi.apply(1134): AIM: Got app ownership map. App counts: . Unique apps: 0
05-18 07:28:52.109  1815  2259 E Finsky  : [65] agpe.x(47): [Counters] attempted to use a non-positive increment for: 4752
05-18 07:28:52.120  2452  2958 W Role    : Cannot get ApplicationInfo for default holder: com.google.android.as
05-18 07:28:52.126  2452  2958 W Role    : Cannot get ApplicationInfo for default holder: com.google.android.as
05-18 07:28:52.138   538   550 I system_server: Background concurrent copying GC freed 186682(10018KB) AllocSpace objects, 59(2756KB) LOS objects, 49% free, 24MB/48MB, paused 2.107ms,1.329ms total 200.820ms
05-18 07:28:52.140  1815  2259 E Finsky  : [65] agpe.x(47): [Counters] attempted to use a non-positive increment for: 4753
05-18 07:28:52.150   538   552 W System  : A resource failed to call close. 
05-18 07:28:52.165  1815  2259 I Finsky  : [65] nel.a(218): AIM: AppInfoManager-Perf > ItemModel > CacheSize=27, cacheHitCount=0, cacheMissCount=0, total appsWithNoServerDataCount=1. Missed  in cache (limit 10) : []
05-18 07:28:52.189  1815  2172 I Finsky  : [52] lzm.accept(133): AIM: AppInfoManager-Perf > getApps > data collection finished
05-18 07:28:52.189  1815  2172 I Finsky  : [52] ndj.run(909): AIM: AppInfoManager-Perf > maybeDestroyAppInfoManager is called. actives = 0
05-18 07:28:52.193   176   176 I servicemanager: Since 'apexservice' could not be found, trying to start it as a lazy AIDL service
05-18 07:28:52.207  1521  2966 I dqbi    : (REDACTED) Writing data of size=%d bytes with N=%d keys to Geller corpus %s at ts=%d
05-18 07:28:52.209  1521  1698 I akrd    : refreshDeviceAppInfoForAccount done.
05-18 07:28:52.215  2452  2958 W Role    : Cannot get ApplicationInfo for default holder: com.google.android.as
05-18 07:28:52.219  1521  1699 W akrd    : missing version info.
05-18 07:28:52.240  1369  2855 I Icing   : Indexing com.google.android.gms-apps from com.google.android.gms
05-18 07:28:52.245  1369  2855 I Icing   : Indexing done com.google.android.gms-apps
05-18 07:28:52.269  2452  2958 W Role    : Cannot get ApplicationInfo for default holder: com.google.android.as
05-18 07:28:52.274  2452  2958 W Role    : Cannot get ApplicationInfo for default holder: com.google.android.as
05-18 07:28:52.353   538  1986 I ActivityManager: Background started FGS: Allowed [callingPackage: com.google.android.apps.wellbeing; callingUid: 10100; uidState: BTOP; intent: Intent { cmp=com.google.android.apps.wellbeing/com.google.apps.tiktok.concurrent.InternalForegroundService (has extras) }; code:BACKGROUND_ACTIVITY_PERMISSION; tempAllowListReason:<null>; targetSdkVersion:35; callerTargetSdkVersion:35; startForegroundCount:0; bindFromPackage:null]
05-18 07:28:52.354   538   572 I DropBoxManagerService: add tag=system_server_wtf isTagEnabled=true flags=0x2
05-18 07:28:52.484   176   176 I BpBinder: onLastStrongRef automatically unlinking death recipients: <uncached descriptor>
05-18 07:28:52.487   176   176 I servicemanager: Tried to unregister apexservice, but there is about to be a client.
05-18 07:28:52.501  1369  5041 I cn_CronetUrlRequestContext: destroyNativeStreamLocked org.chromium.net.impl.CronetBidirectionalStream@e1fc805
05-18 07:28:52.754  1263  1474 W MediaProvider: isAppCloneUserPair for user 0: false
05-18 07:28:52.780   178   178 I hwservicemanager: getTransport: Cannot find entry android.hardware.graphics.mapper@4.0::IMapper/default in either framework or device VINTF manifest.
05-18 07:28:52.780  3150  3152 I Gralloc4: mapper 4.x is not supported
05-18 07:28:52.800  1126  2873 I NetworkScheduler.Stats: (REDACTED) Task %s/%s started execution. cause:%s exec_start_elapsed_seconds: %s
05-18 07:28:52.805  1126  2989 I NetworkScheduler.Stats: (REDACTED) Task %s/%s finished executing. cause:%s result: %s elapsed_millis: %s uptime_millis: %s exec_start_elapsed_seconds: %s
05-18 07:28:53.316   176   176 I servicemanager: Notifying apexservice they have clients: 1
05-18 07:28:53.334  1126 25896 I NearbyMediums: No BLE Fast/GATT advertisements found in the latest cycle.
05-18 07:28:53.726  1263  2096 I MediaProvider: Begin Intent { act=android.intent.action.MEDIA_SCANNER_SCAN_FILE dat=file:///sdcard/screen_2025-05-18_152852.png flg=0x1400010 cmp=com.google.android.providers.media.module/com.android.providers.media.MediaService }
05-18 07:28:53.740  1263  2096 I MediaProvider: End Intent { act=android.intent.action.MEDIA_SCANNER_SCAN_FILE dat=file:///sdcard/screen_2025-05-18_152852.png flg=0x1400010 cmp=com.google.android.providers.media.module/com.android.providers.media.MediaService }
05-18 07:28:53.836  1126  4494 I UriTaskContentObserver: (REDACTED) Throttling content uri change event for %s
05-18 07:28:53.837  1263  6017 I MediaProvider: Deleted 0 1 0 0 0 0 0 items on external_primary due to com.android.shell
05-18 07:28:54.069   538   621 I ActivityManager: Force stopping net.cozic.joplin appid=10193 user=0: from pid 3182
05-18 07:28:54.107   538   559 I ActivityTaskManager: START u0 {act=android.intent.action.MAIN cat=[android.intent.category.HOME] flg=0x10000100 cmp=com.google.android.apps.nexuslauncher/.NexusLauncherActivity (has extras)} from uid 0
05-18 07:28:54.115   538   621 W ActivityManager: Unable to start service Intent { act=android.service.smartspace.SmartspaceService cmp=com.google.android.as/com.google.android.apps.miphone.aiai.app.AiAiSmartspaceService } U=0: not found
05-18 07:28:54.115   538   621 W RemoteSmartspaceService: could not bind to Intent { act=android.service.smartspace.SmartspaceService cmp=com.google.android.as/com.google.android.apps.miphone.aiai.app.AiAiSmartspaceService } using flags 67112961
05-18 07:28:54.117   538   538 W ActivityManager: Unbind failed: could not find connection for android.app.LoadedApk$ServiceDispatcher$InnerConnection@26df852
05-18 07:28:54.357   538   572 W BroadcastQueue: Background execution not allowed: receiving Intent { act=android.intent.action.DROPBOX_ENTRY_ADDED flg=0x10 (has extras) } to com.google.android.gms/.stats.service.DropBoxEntryAddedReceiver
05-18 07:28:55.319  1263 25315 W MediaProvider: isAppCloneUserPair for user 0: false
05-18 07:28:55.348   178   178 I hwservicemanager: getTransport: Cannot find entry android.hardware.graphics.mapper@4.0::IMapper/default in either framework or device VINTF manifest.
05-18 07:28:55.349  3204  3206 I Gralloc4: mapper 4.x is not supported
05-18 07:28:56.264  1263  2096 I MediaProvider: Begin Intent { act=android.intent.action.MEDIA_SCANNER_SCAN_FILE dat=file:///sdcard/screen_2025-05-18_152855.png flg=0x1400010 cmp=com.google.android.providers.media.module/com.android.providers.media.MediaService }
05-18 07:28:56.280  1263  2096 I MediaProvider: End Intent { act=android.intent.action.MEDIA_SCANNER_SCAN_FILE dat=file:///sdcard/screen_2025-05-18_152855.png flg=0x1400010 cmp=com.google.android.providers.media.module/com.android.providers.media.MediaService }
05-18 07:28:56.369  1263  1635 I MediaProvider: Deleted 0 1 0 0 0 0 0 items on external_primary due to com.android.shell
05-18 07:28:56.371  1126  4494 I UriTaskContentObserver: (REDACTED) Throttling content uri change event for %s
05-18 07:28:56.766  1263  1474 W MediaProvider: isAppCloneUserPair for user 0: false
05-18 07:28:56.790   178   178 I hwservicemanager: getTransport: Cannot find entry android.hardware.graphics.mapper@4.0::IMapper/default in either framework or device VINTF manifest.
05-18 07:28:56.790  3243  3245 I Gralloc4: mapper 4.x is not supported
05-18 07:28:57.645   347   347 E android.hardware.power.stats@1.0-service-mock: Failed to getEnergyData
05-18 07:28:57.705  1263  2096 I MediaProvider: Begin Intent { act=android.intent.action.MEDIA_SCANNER_SCAN_FILE dat=file:///sdcard/screen_2025-05-18_152856.png flg=0x1400010 cmp=com.google.android.providers.media.module/com.android.providers.media.MediaService }
05-18 07:28:57.710  1263  2096 W ExifInterface: Invalid image: ExifInterface got an unsupported image format file(ExifInterface supports JPEG and some RAW image formats only) or a corrupted JPEG file to ExifInterface.
05-18 07:28:57.710  1263  2096 W ExifInterface: java.io.IOException: Encountered corrupt PNG file.
05-18 07:28:57.710  1263  2096 W ExifInterface: 	at android.media.ExifInterface.getPngAttributes(ExifInterface.java:3432)
05-18 07:28:57.710  1263  2096 W ExifInterface: 	at android.media.ExifInterface.loadAttributes(ExifInterface.java:2009)
05-18 07:28:57.710  1263  2096 W ExifInterface: 	at android.media.ExifInterface.<init>(ExifInterface.java:1641)
05-18 07:28:57.710  1263  2096 W ExifInterface: 	at android.media.ExifInterface.<init>(ExifInterface.java:1592)
05-18 07:28:57.710  1263  2096 W ExifInterface: 	at com.android.providers.media.scan.ModernMediaScanner.scanItemImage(ModernMediaScanner.java:1367)
05-18 07:28:57.710  1263  2096 W ExifInterface: 	at com.android.providers.media.scan.ModernMediaScanner.scanItem(ModernMediaScanner.java:1003)
05-18 07:28:57.710  1263  2096 W ExifInterface: 	at com.android.providers.media.scan.ModernMediaScanner.access$1200(ModernMediaScanner.java:146)
05-18 07:28:57.710  1263  2096 W ExifInterface: 	at com.android.providers.media.scan.ModernMediaScanner$Scan.visitFile(ModernMediaScanner.java:801)
05-18 07:28:57.710  1263  2096 W ExifInterface: 	at com.android.providers.media.scan.ModernMediaScanner$Scan.visitFile(ModernMediaScanner.java:320)
05-18 07:28:57.710  1263  2096 W ExifInterface: 	at java.nio.file.Files.walkFileTree(Files.java:2670)
05-18 07:28:57.710  1263  2096 W ExifInterface: 	at java.nio.file.Files.walkFileTree(Files.java:2742)
05-18 07:28:57.710  1263  2096 W ExifInterface: 	at com.android.providers.media.scan.ModernMediaScanner$Scan.walkFileTree(ModernMediaScanner.java:439)
05-18 07:28:57.710  1263  2096 W ExifInterface: 	at com.android.providers.media.scan.ModernMediaScanner$Scan.runInternal(ModernMediaScanner.java:402)
05-18 07:28:57.710  1263  2096 W ExifInterface: 	at com.android.providers.media.scan.ModernMediaScanner$Scan.run(ModernMediaScanner.java:391)
05-18 07:28:57.710  1263  2096 W ExifInterface: 	at com.android.providers.media.scan.ModernMediaScanner.scanFile(ModernMediaScanner.java:263)
05-18 07:28:57.710  1263  2096 W ExifInterface: 	at com.android.providers.media.MediaProvider.scanFile(MediaProvider.java:1273)
05-18 07:28:57.710  1263  2096 W ExifInterface: 	at com.android.providers.media.MediaProvider.scanFile(MediaProvider.java:1269)
05-18 07:28:57.710  1263  2096 W ExifInterface: 	at com.android.providers.media.MediaService.onScanFile(MediaService.java:215)
05-18 07:28:57.710  1263  2096 W ExifInterface: 	at com.android.providers.media.MediaService.onHandleWork(MediaService.java:85)
05-18 07:28:57.710  1263  2096 W ExifInterface: 	at androidx.core.app.JobIntentService$CommandProcessor.doInBackground(JobIntentService.java:396)
05-18 07:28:57.710  1263  2096 W ExifInterface: 	at androidx.core.app.JobIntentService$CommandProcessor.doInBackground(JobIntentService.java:387)
05-18 07:28:57.710  1263  2096 W ExifInterface: 	at android.os.AsyncTask$3.call(AsyncTask.java:394)
05-18 07:28:57.710  1263  2096 W ExifInterface: 	at java.util.concurrent.FutureTask.run(FutureTask.java:266)
05-18 07:28:57.710  1263  2096 W ExifInterface: 	at java.util.concurrent.ThreadPoolExecutor.runWorker(ThreadPoolExecutor.java:1167)
05-18 07:28:57.710  1263  2096 W ExifInterface: 	at java.util.concurrent.ThreadPoolExecutor$Worker.run(ThreadPoolExecutor.java:641)
05-18 07:28:57.710  1263  2096 W ExifInterface: 	at java.lang.Thread.run(Thread.java:920)
05-18 07:28:57.714  1263  2096 I MediaProvider: End Intent { act=android.intent.action.MEDIA_SCANNER_SCAN_FILE dat=file:///sdcard/screen_2025-05-18_152856.png flg=0x1400010 cmp=com.google.android.providers.media.module/com.android.providers.media.MediaService }
05-18 07:28:57.807  1263  1472 I MediaProvider: Deleted 0 1 0 0 0 0 0 items on external_primary due to com.android.shell
05-18 07:28:57.808  1126  4494 I UriTaskContentObserver: (REDACTED) Throttling content uri change event for %s
05-18 07:28:58.064  3271  3271 I AndroidRuntime: Using default boot image
05-18 07:28:58.064  3271  3271 I AndroidRuntime: Leaving lock profiling enabled
05-18 07:28:58.064  3271  3271 W libc    : Access denied finding property "odsign.verification.success"
05-18 07:28:58.061  3271  3271 W app_process: type=1400 audit(0.0:499): avc: denied { read } for name="u:object_r:odsign_prop:s0" dev="tmpfs" ino=203 scontext=u:r:shell:s0 tcontext=u:object_r:odsign_prop:s0 tclass=file permissive=0
05-18 07:28:58.069  3271  3271 W app_process: ART APEX data files are untrusted.
05-18 07:28:58.121  3271  3271 W app_process: Unexpected CPU variant for X86 using defaults: x86_64
05-18 07:28:58.130  3271  3271 W app_process: ClassLoaderContext classpath size mismatch. expected=0, found=1 (PCL[] | PCL[/system/framework/android.test.runner.jar*1585996318])
05-18 07:28:59.168  3271  3271 I AccessibilityNodeInfoDumper: Skipping invisible child: android.view.accessibility.AccessibilityNodeInfo@19d78; boundsInParent: Rect(0, 0 - 0, 49); boundsInScreen: Rect(101, 290 - 101, 339); packageName: com.google.android.apps.nexuslauncher; className: android.widget.TextView; text: null; error: null; maxTextLength: -1; stateDescription: null; contentDescription: null; tooltipText: null; viewIdResName: com.google.android.apps.nexuslauncher:id/subtitle_text; checkable: false; checked: false; focusable: false; focused: false; selected: false; clickable: false; longClickable: false; contextClickable: false; enabled: true; password: false; scrollable: false; importantForAccessibility: true; visible: false; actions: [AccessibilityAction: ACTION_SELECT - null, AccessibilityAction: ACTION_CLEAR_SELECTION - null, AccessibilityAction: ACTION_ACCESSIBILITY_FOCUS - null, AccessibilityAction: ACTION_SHOW_ON_SCREEN - null]
05-18 07:28:59.170  3271  3271 W AccessibilityNodeInfoDumper: Fetch time: 4ms
05-18 07:29:00.242  1263  1635 W MediaProvider: isAppCloneUserPair for user 0: false
05-18 07:29:00.267   178   178 I hwservicemanager: getTransport: Cannot find entry android.hardware.graphics.mapper@4.0::IMapper/default in either framework or device VINTF manifest.
05-18 07:29:00.267  3317  3319 I Gralloc4: mapper 4.x is not supported
05-18 07:29:00.651  1265  1715 I bbhc    : (REDACTED) getHotwordActive::active query: %s, watch: %s, devices connected: %s
05-18 07:29:01.178  1263  2096 I MediaProvider: Begin Intent { act=android.intent.action.MEDIA_SCANNER_SCAN_FILE dat=file:///sdcard/screen_2025-05-18_152900.png flg=0x1400010 cmp=com.google.android.providers.media.module/com.android.providers.media.MediaService }
05-18 07:29:01.190  1263  2096 I MediaProvider: End Intent { act=android.intent.action.MEDIA_SCANNER_SCAN_FILE dat=file:///sdcard/screen_2025-05-18_152900.png flg=0x1400010 cmp=com.google.android.providers.media.module/com.android.providers.media.MediaService }
05-18 07:29:01.282  1263  1472 I MediaProvider: Deleted 0 1 0 0 0 0 0 items on external_primary due to com.android.shell
05-18 07:29:01.283  1126  4494 I UriTaskContentObserver: (REDACTED) Throttling content uri change event for %s
05-18 07:29:01.509   538  1892 I ActivityTaskManager: START u0 {act=android.intent.action.MAIN cat=[android.intent.category.LAUNCHER] flg=0x10000000 cmp=net.cozic.joplin/.MainActivity} from uid 2000
05-18 07:29:01.510   538  1892 W ActivityTaskManager: Can't find TaskDisplayArea to determine support for multi window. Task id=31 attached=false
05-18 07:29:01.538   538   573 I ActivityManager: Start proc 3351:net.cozic.joplin/u0a193 for pre-top-activity {net.cozic.joplin/net.cozic.joplin.MainActivity}
05-18 07:29:01.542  3351  3351 W et.cozic.jopli: Unexpected CPU variant for X86 using defaults: x86_64
05-18 07:29:01.546  3351  3351 E et.cozic.jopli: Not starting debugger since process cannot load the jdwp agent.
05-18 07:29:01.565  3351  3351 I MultiDex: VM with version 2.1.0 has multidex support
05-18 07:29:01.565  3351  3351 I MultiDex: Installing application
05-18 07:29:01.565  3351  3351 I MultiDex: VM has multidex support, MultiDex support library is disabled.
05-18 07:29:01.629  1521  1521 I cnhq    : onPause
05-18 07:29:01.804   538  1892 W ServiceManager: Permission failure: android.permission.HIGH_SAMPLING_RATE_SENSORS from uid=10193 pid=3351
05-18 07:29:01.810   365   437 W ServiceManager: Permission failure: android.permission.ACCESS_SURFACE_FLINGER from uid=10193 pid=3351
