07-29 20:54:37.043  7633 20216 W MediaProvider: Database update failed while renaming /storage/emulated/0/Download/ks.sr0.tmp
07-29 20:54:37.043  7633 20216 W MediaProvider: android.database.sqlite.SQLiteConstraintException: UNIQUE constraint failed: files._data (code 2067 SQLITE_CONSTRAINT_UNIQUE)
07-29 20:54:37.043  7633 20216 W MediaProvider: 	at android.database.sqlite.SQLiteConnection.nativeExecuteForChangedRowCount(Native Method)
07-29 20:54:37.043  7633 20216 W MediaProvider: 	at android.database.sqlite.SQLiteConnection.executeForChangedRowCount(SQLiteConnection.java:926)
07-29 20:54:37.043  7633 20216 W MediaProvider: 	at android.database.sqlite.SQLiteSession.executeForChangedRowCount(SQLiteSession.java:780)
07-29 20:54:37.043  7633 20216 W MediaProvider: 	at android.database.sqlite.SQLiteStatement.executeUpdateDelete(SQLiteStatement.java:67)
07-29 20:54:37.043  7633 20216 W MediaProvider: 	at com.android.providers.media.util.DatabaseUtils.executeUpdateDelete(DatabaseUtils.java:499)
07-29 20:54:37.043  7633 20216 W MediaProvider: 	at com.android.providers.media.util.SQLiteQueryBuilder.update(SQLiteQueryBuilder.java:726)
07-29 20:54:37.043  7633 20216 W MediaProvider: 	at com.android.providers.media.util.SQLiteQueryBuilder.lambda$update$2(SQLiteQueryBuilder.java:648)
07-29 20:54:37.043  7633 20216 W MediaProvider: 	at com.android.providers.media.util.SQLiteQueryBuilder.$r8$lambda$V5i8aaD8hBMOL_-PCdDrUiXRenE(SQLiteQueryBuilder.java:0)
07-29 20:54:37.043  7633 20216 W MediaProvider: 	at com.android.providers.media.util.SQLiteQueryBuilder$$ExternalSyntheticLambda1.apply(R8$$SyntheticClass:0)
07-29 20:54:37.043  7633 20216 W MediaProvider: 	at com.android.providers.media.DatabaseHelper.runWithTransaction(DatabaseHelper.java:890)
07-29 20:54:37.043  7633 20216 W MediaProvider: 	at com.android.providers.media.util.SQLiteQueryBuilder.update(SQLiteQueryBuilder.java:647)
07-29 20:54:37.043  7633 20216 W MediaProvider: 	at com.android.providers.media.MediaProvider.lambda$updateDatabaseForFuseRename$18(MediaProvider.java:3112)
07-29 20:54:37.043  7633 20216 W MediaProvider: 	at com.android.providers.media.MediaProvider.$r8$lambda$SsJLM9omZuZqR6R57GeVw8lP7d0(MediaProvider.java:0)
07-29 20:54:37.043  7633 20216 W MediaProvider: 	at com.android.providers.media.MediaProvider$$ExternalSyntheticLambda38.apply(R8$$SyntheticClass:0)
07-29 20:54:37.043  7633 20216 W MediaProvider: 	at com.android.providers.media.DatabaseHelper.runWithTransaction(DatabaseHelper.java:890)
07-29 20:54:37.043  7633 20216 W MediaProvider: 	at com.android.providers.media.MediaProvider.updateDatabaseForFuseRename(MediaProvider.java:3104)
07-29 20:54:37.043  7633 20216 W MediaProvider: 	at com.android.providers.media.MediaProvider.updateDatabaseForFuseRename(MediaProvider.java:3071)
07-29 20:54:37.043  7633 20216 W MediaProvider: 	at com.android.providers.media.MediaProvider.updateDatabaseForFuseRename(MediaProvider.java:3065)
07-29 20:54:37.043  7633 20216 W MediaProvider: 	at com.android.providers.media.MediaProvider.renameFileForFuse(MediaProvider.java:3436)
07-29 20:54:37.043  7633 20216 W MediaProvider: 	at com.android.providers.media.MediaProvider.renameFileCheckedForFuse(MediaProvider.java:3412)
07-29 20:54:37.043  7633 20216 W MediaProvider: 	at com.android.providers.media.MediaProvider.renameForFuse(MediaProvider.java:3634)
07-29 20:54:37.043  7633 20216 I MediaProvider: Retrying database update after deleting conflicting entry
07-29 20:54:37.046  1918  1918 E QSEECOMPAT: lookupTA(cardapp) returned 23
07-29 20:54:37.047  1918  1918 I DMABUFHEAPS: Using DMA-BUF heap named: qcom,qseecom-ta
07-29 20:54:37.053  1758  4604 I WifiHAL : event received NL80211_CMD_VENDOR, vendor_id = 0x1374, subcmd = 0xcb
07-29 20:54:37.053  2952  2952 I cnss-daemon: nl80211 response handler invoked
07-29 20:54:37.053  2952  2952 I cnss-daemon: nl80211_response_handler: cmd 103, vendorID 4980, subcmd 203  received
07-29 20:54:37.070  1918 20322 E SmcInvoke_MinkDescriptor: mem obj with id :16 not found in list
07-29 20:54:37.070  1918  1918 I DMABUFHEAPS: Using DMA-BUF heap named: qcom,qseecom
07-29 20:54:37.089  2046  2783 I [THP-DAE]: thp_set_doze_mode_func:enable doze mode
07-29 20:54:37.091  1918  1918 E QSEECOMPAT: lookupTA(cardapp) returned 23
07-29 20:54:37.092  1918  1918 I DMABUFHEAPS: Using DMA-BUF heap named: qcom,qseecom-ta
07-29 20:54:37.111  1827  2752 I vendor.qti.hardware.display.composer-service: Sensor: notify citsensorservice to trigger cwb, misForced = 0
07-29 20:54:37.111  3002  4297 I libsensor-parseRGB: request dump start for mRequestDisplayId 0
07-29 20:54:37.112  1918 20327 E SmcInvoke_MinkDescriptor: mem obj with id :16 not found in list
07-29 20:54:37.112  1918  1918 I DMABUFHEAPS: Using DMA-BUF heap named: qcom,qseecom
07-29 20:54:37.135  3002  6353 E libsensor-parseRGB: CWB NotifyCWBBufferDone  error 0
07-29 20:54:37.173  3002  4306 I libsensor-boledalgo: dbv:440,lux:173.0,cct:4157.1,hsv:-1.0,dc:0CWB R:3305.7,G:7186.3,B:3650.9Event C:10484.5,R:5999.3,G:3487.3,B:1658.6Cali C:208.9,R:67.8,G:61.9,B:32.9 
07-29 20:54:37.173  3002  4306 I libsensor-boledalgo: ##### the value of lux: 178.583527, cct: 4346.000000
07-29 20:54:37.173  3002  4306 I libsensor-qshcalapi: value of set_lux: 178.583527, set r: 4346.000000
07-29 20:54:37.209  4553  4553 I MiuiWallpaper-MiuiWallpaperManagerService: receive broadcast action = android.intent.action.PACKAGE_RESTARTED
07-29 20:54:37.209  2463  2530 I SmartPower: com.milink.service:audio/10178(19382): idle->background(3910ms) R(broadcast start Intent { act=android.intent.action.PACKAGE_RESTARTED dat=package: flg=0x4000010 (has extras) }) adj=200.
07-29 20:54:37.279  2463  2530 I SmartPower: com.miui.voiceassist:core/10193(7664): idle->background(4000ms) R(broadcast start Intent { act=android.intent.action.CLOSE_SYSTEM_DIALOGS flg=0x50000010 (has extras) }) adj=100.
07-29 20:54:37.280  7664  7664 I VA_AliveCore:MixMonitor: onReceive: action=android.intent.action.CLOSE_SYSTEM_DIALOGS
07-29 20:54:37.280  7664  7664 I VA_AliveCore:MixMonitor: onReceive: reason=homekey
07-29 20:54:37.281  7664  7664 I VA_AliveCore:MixMonitor: onReceive: action=com.miui.fullscreen_state_change
07-29 20:54:37.281  7664  7664 I VA_AliveCore:MixMonitor: onReceive: action=com.miui.fullscreen_state_change;stateName=toHome
07-29 20:54:37.281  9900 19364 I Market-HomeKeyReceiver: onReceive: action: android.intent.action.CLOSE_SYSTEM_DIALOGS
07-29 20:54:37.281  9900 19364 I Market-HomeKeyReceiver: reason: homekey
07-29 20:54:37.317 19165 19203 I mit.droidbotapp: This is sticky GC, maxfree is 16777216 minfree is 8388608
07-29 20:54:37.358  2463 15424 W ParceledListSlice: Element #14 is 26548 bytes.
07-29 20:54:37.357 12982 12982 W Thread-3905: type=1400 audit(0.0:12798): avc:  denied  { search } for  name="battery" dev="sysfs" ino=165763 scontext=u:r:untrusted_app:s0:c30,c257,c512,c768 tcontext=u:object_r:vendor_sysfs_battery_supply:s0 tclass=dir permissive=0 app=com.xingin.xhs
07-29 20:54:37.357 12982 12982 W Thread-3905: type=1400 audit(0.0:12799): avc:  denied  { search } for  name="battery" dev="sysfs" ino=165763 scontext=u:r:untrusted_app:s0:c30,c257,c512,c768 tcontext=u:object_r:vendor_sysfs_battery_supply:s0 tclass=dir permissive=0 app=com.xingin.xhs
07-29 20:54:37.357 12982 12982 W Thread-3905: type=1400 audit(0.0:12800): avc:  denied  { search } for  name="battery" dev="sysfs" ino=165763 scontext=u:r:untrusted_app:s0:c30,c257,c512,c768 tcontext=u:object_r:vendor_sysfs_battery_supply:s0 tclass=dir permissive=0 app=com.xingin.xhs
07-29 20:54:37.357 12982 12982 W Thread-3905: type=1400 audit(0.0:12801): avc:  denied  { search } for  name="battery" dev="sysfs" ino=165763 scontext=u:r:untrusted_app:s0:c30,c257,c512,c768 tcontext=u:object_r:vendor_sysfs_battery_supply:s0 tclass=dir permissive=0 app=com.xingin.xhs
07-29 20:54:37.357 12982 12982 W Thread-3905: type=1400 audit(0.0:12802): avc:  denied  { search } for  name="battery" dev="sysfs" ino=165763 scontext=u:r:untrusted_app:s0:c30,c257,c512,c768 tcontext=u:object_r:vendor_sysfs_battery_supply:s0 tclass=dir permissive=0 app=com.xingin.xhs
07-29 20:54:37.381  1827  2108 I SDM     : DisplayBase::CommitThread: Received idle timeout, panel: cmd, timeout: 70000 us
07-29 20:54:37.387  2046  2081 I [THP-ALG]: alg_input_report:Touch Down: id: 0, raw flatness 643, base flatness 440
07-29 20:54:37.387  2463  4069 I MIUIInput: [MotionEvent] notifyMotion - eventTime=19515707270000, deviceId=7, source=0x1002, policyFlags=0x0, action=0x0, flags=0x0, downTime=19515707270000
07-29 20:54:37.388  2463  4068 I MIUIInput: [MotionEvent] publisher action=0x0, deviceId=7, 19515707, channel 'fd7851 com.miui.home/com.miui.home.launcher.Launcher (server)'
07-29 20:54:37.388  2463  4068 I MIUIInput: [MotionEvent] publisher action=0x0, deviceId=7, 19515707, channel 'e8438b9 com.miui.miwallpaper.wallpaperservice.ImageWallpaper (server)'
07-29 20:54:37.388  2463  4068 I MIUIInput: [MotionEvent] publisher action=0x0, deviceId=7, 19515707, channel '[Gesture Monitor] miui-gesture (server)'
07-29 20:54:37.389  4497  4497 I MIUIInput: [MotionEvent] ViewRootImpl windowName 'com.miui.home/com.miui.home.launcher.Launcher', { action=ACTION_DOWN, id[0]=0, pointerCount=1, eventTime=19515707, downTime=19515707, phoneEventTime=20:54:37.387 } moveCount:0
07-29 20:54:37.390  4497  4497 I SwipeDetector: setDetectableScrollConditions: 2 false
07-29 20:54:37.390  4497  4497 I SwipeDetector: setDetectableScrollConditions: 1 false
07-29 20:54:37.390  4497  4497 I SwipeDetector: setDetectableScrollConditions: 2 false
07-29 20:54:37.390  2463  4372 I ProcessManager: getRenderThreadTidByPid, caller=2463
07-29 20:54:37.392  3117  3117 I adbd    : in ShellService: ps
07-29 20:54:37.406  2463  4372 I ProcessManager: getRenderThreadTidByPid, caller=2463
07-29 20:54:37.410  1827  2752 I vendor.qti.hardware.display.composer-service: Sensor: notify citsensorservice to trigger cwb, misForced = 0
07-29 20:54:37.411  3002  4297 I libsensor-parseRGB: request dump start for mRequestDisplayId 0
07-29 20:54:37.416  1839  7244 E ANDR-PERF-LM: SAGT_ACTION: UpdateFPSData() 138: update /sys/kernel/sched_penalty/parameters/fps to 120, ret is 0
07-29 20:54:37.434  3002  6353 E libsensor-parseRGB: CWB NotifyCWBBufferDone  error 0
07-29 20:54:37.463  2463  4069 I MIUIInput: [MotionEvent] notifyMotion - eventTime=19515782893000, deviceId=7, source=0x1002, policyFlags=0x0, action=0x1, flags=0x0, downTime=19515707270000
07-29 20:54:37.463  2463  4068 I MIUIInput: [MotionEvent] publisher action=0x1, deviceId=7, 19515782, channel 'fd7851 com.miui.home/com.miui.home.launcher.Launcher (server)'
07-29 20:54:37.464  2463  4068 I MIUIInput: [MotionEvent] publisher action=0x1, deviceId=7, 19515782, channel 'e8438b9 com.miui.miwallpaper.wallpaperservice.ImageWallpaper (server)'
07-29 20:54:37.464  2463  4068 I MIUIInput: [MotionEvent] publisher action=0x1, deviceId=7, 19515782, channel '[Gesture Monitor] miui-gesture (server)'
07-29 20:54:37.464  4497  4497 I MIUIInput: [MotionEvent] ViewRootImpl windowName 'com.miui.home/com.miui.home.launcher.Launcher', { action=ACTION_UP, id[0]=0, pointerCount=1, eventTime=19515782, downTime=19515707, phoneEventTime=20:54:37.462 } moveCount:7
07-29 20:54:37.464  4497  4497 I ScreenView_Workspace: isAllowScrollAnimStart: false
07-29 20:54:37.471  2046  2081 I [THP-HAL]: release_all:force:0
07-29 20:54:37.544 20356 20356 W libc    : Access denied finding property "ro.debuggable"
07-29 20:54:37.544 20356 20356 W libc    : Access denied finding property "ro.debuggable"
07-29 20:54:37.546 20356 20356 W libc    : Access denied finding property "ro.debuggable"
07-29 20:54:37.550 20356 20356 I AndroidRuntime: Using default boot image
07-29 20:54:37.550 20356 20356 I AndroidRuntime: Leaving lock profiling enabled
07-29 20:54:37.550 20356 20356 W libc    : Access denied finding property "odsign.verification.success"
07-29 20:54:37.550 20356 20356 W libc    : Access denied finding property "ro.debuggable"
07-29 20:54:37.552 20356 20356 W app_process64: ART APEX data files are untrusted.
07-29 20:54:37.552 20356 20356 I app_process64: Using CollectorTypeCC GC.
07-29 20:54:37.552 31105 20149 W FA-SVC  : Storing bundle outside of the max uploading time span. appId, now, timestamp: com.xingin.xhs, 1753793677552, 1752310264950
07-29 20:54:37.574 31105 31112 I gle.android.gms: Compiler allocated 4174KB to compile void cpcg.ak(java.lang.String, long)
07-29 20:54:37.592  2463  5177 I NetworkAccelerateSwitchService: EVENT_RSSI_POLL. mRssiPoll=true
07-29 20:54:37.592  2463  5177 I NetworkAccelerateSwitchService: getAverageWifiRssi:65
07-29 20:54:37.618  1827  2752 I vendor.qti.hardware.display.composer-service: Sensor: notify citsensorservice to trigger cwb, misForced = 0
07-29 20:54:37.618  3002  4297 I libsensor-parseRGB: request dump start for mRequestDisplayId 0
07-29 20:54:37.632 20356 20356 W ziparchive: Unable to open '/data/user/0/com.xingin.xhs/app_asserts/fd2x1e4e2x3f1v2b1s.dm': No such file or directory
07-29 20:54:37.641  3002  3081 E libsensor-parseRGB: CWB NotifyCWBBufferDone  error 0
07-29 20:54:37.653 20356 20356 W libc    : Access denied finding property "ro.product.name_for_attestation"
07-29 20:54:37.653 20356 20356 W libc    : Access denied finding property "ro.product.device_for_attestation"
07-29 20:54:37.653 20356 20356 W libc    : Access denied finding property "ro.product.manufacturer_for_attestation"
07-29 20:54:37.653 20356 20356 W libc    : Access denied finding property "ro.product.brand_for_attestation"
07-29 20:54:37.653 20356 20356 W libc    : Access denied finding property "ro.product.model_for_attestation"
07-29 20:54:37.654 20356 20356 W libc    : Access denied finding property "ro.debuggable"
07-29 20:54:37.658 20356 20356 W app_process64: Opening an oat file without a class loader. Are you using the deprecated DexFile APIs?
07-29 20:54:37.658 20356 20356 W app_process64: DexFile /data/user/0/com.xingin.xhs/app_cache/c4d121c215evx1s51d.dex is in boot class path but is not in a known location
07-29 20:54:37.666 20356 20356 W MiuiStubRegistry: Failed to collect stub providers in com.miui.autoui.MIUIAutoUIStub$$: /system_ext/framework/miui-framework.autoui.jar not exist
07-29 20:54:37.666 20356 20356 W MiuiStubRegistry: Failed to collect stub providers in android.hovermode.MiuiHoverModeStub$$: /system_ext/framework/miui-framework.hovermode.jar not exist
07-29 20:54:37.666 20356 20356 W MiuiFrameworkImpl: MiuiFrameworkImpl already collected
07-29 20:54:37.667 20356 20356 W MiuiStubRegistry: Failed to collect stub providers
07-29 20:54:37.667 20356 20356 W MiuiStubRegistry: java.lang.ClassNotFoundException: android.powerconsumption.MiuiDrawableStub$$
07-29 20:54:37.667 20356 20356 W MiuiStubRegistry: 	at java.lang.Class.classForName(Native Method)
07-29 20:54:37.667 20356 20356 W MiuiStubRegistry: 	at java.lang.Class.forName(Class.java:607)
07-29 20:54:37.667 20356 20356 W MiuiStubRegistry: 	at com.miui.base.MiuiStubRegistry.collectStubProviders(MiuiStubRegistry.java:149)
07-29 20:54:37.667 20356 20356 W MiuiStubRegistry: 	at com.miui.base.MiuiStubRegistry.init(MiuiStubRegistry.java:82)
07-29 20:54:37.667 20356 20356 W MiuiStubRegistry: 	at com.miui.base.MiuiStubRegistry.init(MiuiStubRegistry.java:56)
07-29 20:54:37.667 20356 20356 W MiuiStubRegistry: 	at android.powerconsumption.MiuiDrawableStub.<clinit>(MiuiDrawableStub.java:13)
07-29 20:54:37.667 20356 20356 W MiuiStubRegistry: 	at com.miui.base.MiuiFrameworkRouter.init(MiuiFrameworkRouter.java:47)
07-29 20:54:37.667 20356 20356 W MiuiStubRegistry: 	at com.miui.base.MiuiStubRegistry.<clinit>(MiuiStubRegistry.java:52)
07-29 20:54:37.667 20356 20356 W MiuiStubRegistry: 	at com.miui.base.MiuiStubUtil.newInstance(MiuiStubUtil.java:102)
07-29 20:54:37.667 20356 20356 W MiuiStubRegistry: 	at android.os.BinderProxyExtStub.newImpl(BinderProxyExtStub.java:10)
07-29 20:54:37.667 20356 20356 W MiuiStubRegistry: 	at android.os.BinderProxy.<init>(BinderProxy.java:64)
07-29 20:54:37.667 20356 20356 W MiuiStubRegistry: 	at android.os.BinderProxy.getInstance(BinderProxy.java:520)
07-29 20:54:37.667 20356 20356 W MiuiStubRegistry: 	at com.android.internal.os.BinderInternal.getContextObject(Native Method)
07-29 20:54:37.667 20356 20356 W MiuiStubRegistry: 	at android.os.ServiceManager.getIServiceManager(ServiceManager.java:156)
07-29 20:54:37.667 20356 20356 W MiuiStubRegistry: 	at android.os.ServiceManager.rawGetService(ServiceManager.java:428)
07-29 20:54:37.667 20356 20356 W MiuiStubRegistry: 	at android.os.ServiceManager.getService(ServiceManager.java:175)
07-29 20:54:37.667 20356 20356 W MiuiStubRegistry: 	at android.hardware.input.InputManagerGlobal.getInstance(InputManagerGlobal.java:144)
07-29 20:54:37.667 20356 20356 W MiuiStubRegistry: 	at android.view.InputDevice.getDeviceIds(InputDevice.java:823)
07-29 20:54:37.667 20356 20356 W MiuiStubRegistry: 	at java.lang.reflect.Method.invoke(Native Method)
07-29 20:54:37.667 20356 20356 W MiuiStubRegistry: 	at com.xingin.tiny.daemon.u0.b(Unknown Source:1)
07-29 20:54:37.667 20356 20356 W MiuiStubRegistry: 	at com.xingin.tiny.daemon.l.a(Unknown Source:160)
07-29 20:54:37.667 20356 20356 W MiuiStubRegistry: 	at com.xingin.tiny.daemon.e.main(Unknown Source:8)
07-29 20:54:37.667 20356 20356 W MiuiStubRegistry: 	at com.android.internal.os.RuntimeInit.nativeFinishInit(Native Method)
07-29 20:54:37.667 20356 20356 W MiuiStubRegistry: 	at com.android.internal.os.RuntimeInit.main(RuntimeInit.java:382)
07-29 20:54:37.667 20356 20356 W MiuiStubRegistry: Caused by: java.lang.ClassNotFoundException: android.powerconsumption.MiuiDrawableStub$$
07-29 20:54:37.667 20356 20356 W MiuiStubRegistry: 	... 24 more
07-29 20:54:37.669 20356 20356 W libc    : Access denied finding property "ro.debuggable"
07-29 20:54:37.693  9339  9339 I PowerKeeperBackgroundService: onStartCommand()
07-29 20:54:37.693  9339  9339 I PowerKeeperService: onAlarm
07-29 20:54:37.694  1844  1844 I vendor.qti.hardware.servicetrackeraidl-service: bindService is called for service : com.android.providers.media.module/androidx.work.impl.background.systemjob.SystemJobService and for client system
07-29 20:54:37.694  1844  1844 I vendor.qti.hardware.servicetrackeraidl-service: total connections for service : com.android.providers.media.module/androidx.work.impl.background.systemjob.SystemJobServiceare :1
07-29 20:54:37.694  1844  1844 I vendor.qti.hardware.servicetrackeraidl-service: total connections for client : systemare :32
07-29 20:54:37.696  7633 24660 I PSyncWorker: Starting proactive picker sync from sync source: 1
07-29 20:54:37.697  2463  4404 I whetstone.activity: processNotifyEvent1 resId = 256, bundle = Bundle[{startTime=19516016, sourcePkg=com.android.providers.media.module, sourceUid=10249, status=1, jobId=552, batteryName=@androidx.work.systemjobscheduler@com.android.providers.media.module/androidx.work.impl.background.systemjob.SystemJobService, elapsedRealtime=19516016}]
07-29 20:54:37.697  9339 12099 I EventMonitor: notifyEvent resId=256
07-29 20:54:37.697  7633 24660 I PickerSyncController: Executing SyncAdd. isLocal: true. authority: com.android.providers.media.photopicker
07-29 20:54:37.699  7633 24660 I PickerSyncController: Paged sync successful. QueryArgs: Bundle[{android.provider.extra.SYNC_GENERATION=7855, android.provider.extra.PAGE_SIZE=1000}] Total Rows: 0
07-29 20:54:37.699  7633 24660 I PickerSyncController: Executing SyncRemove. isLocal: true. authority: com.android.providers.media.photopicker
07-29 20:54:37.699  7633 24660 E PickerDbFacade: Could not get first date taken millis for media id: 1000000737
07-29 20:54:37.699  7633 24660 W PickerDbFacade: Unable to promote cloud media with localId: 1000000737
07-29 20:54:37.700  7633 24660 I PickerSyncController: Paged sync successful. QueryArgs: Bundle[{android.provider.extra.SYNC_GENERATION=7855, android.provider.extra.PAGE_SIZE=1000}] Total Rows: 0
07-29 20:54:37.700  7633 24660 I PickerSyncTracker: Marked sync future complete for work id: 27cca991-d20d-4241-a272-476e82ffaaa9. Future map: {}
07-29 20:54:37.700  7633 24660 I PSyncWorker: Completed picker proactive sync complete from local provider.
07-29 20:54:37.701  7633  7743 I WM-WorkerWrapper: Worker result SUCCESS for Work [ id=27cca991-d20d-4241-a272-476e82ffaaa9, tags={ com.android.providers.media.photopicker.sync.ProactiveSyncWorker } ]
07-29 20:54:37.703  2463  4404 I whetstone.activity: processNotifyEvent1 resId = 256, bundle = Bundle[{startTime=19516022, sourcePkg=com.android.providers.media.module, sourceUid=10249, status=0, jobId=552, batteryName=@androidx.work.systemjobscheduler@com.android.providers.media.module/androidx.work.impl.background.systemjob.SystemJobService, elapsedRealtime=19516022}]
07-29 20:54:37.703  1844  1844 I vendor.qti.hardware.servicetrackeraidl-service: unbindService is called for service : com.android.providers.media.module/androidx.work.impl.background.systemjob.SystemJobService and for client system
07-29 20:54:37.703  1844  1844 I vendor.qti.hardware.servicetrackeraidl-service: size of service connections for service: com.android.providers.media.module/androidx.work.impl.background.systemjob.SystemJobServiceafter removal is 0
07-29 20:54:37.703  1844  1844 I vendor.qti.hardware.servicetrackeraidl-service: size of client connections for client: systemafter removal is 31
07-29 20:54:37.703  9339 13972 I EventMonitor: notifyEvent resId=256
07-29 20:54:37.704  1844  1844 I vendor.qti.hardware.servicetrackeraidl-service: destroyService is called for service : com.android.providers.media.module/androidx.work.impl.background.systemjob.SystemJobService
07-29 20:54:37.704  2463  5539 W JobScheduler: Job didn't exist in JobStore: 
07-29 20:54:37.705  2463  5539 W SSRU-ResourceUsageProxy: Nonexistent ongoing transaction JDR:552 for u:0 pkg:com.android.providers.media.module ended
07-29 20:54:37.752 20356 20356 I MessageMonitor: Load libmiui_runtime
07-29 20:54:37.753 20356 20356 E app_process64: register_android_view_SurfaceRuntimeShader  
07-29 20:54:37.753 20356 20356 E app_process64: register_android_view_SurfaceRuntimeShader  0
07-29 20:54:37.755 20356 20356 W libc    : Access denied finding property "qemu.sf.lcd_density"
07-29 20:54:37.755 20356 20356 W libc    : Access denied finding property "qemu.sf.lcd_density"
07-29 20:54:37.773 20356 20356 I OverlayConfig: Sorting partitions in the specified order from partitions_order.xml
07-29 20:54:37.775  2046  2081 I [THP-ALG]: alg_input_report:Touch Down: id: 0, raw flatness 644, base flatness 440
07-29 20:54:37.775  2463  4069 I MIUIInput: [MotionEvent] notifyMotion - eventTime=19516094843000, deviceId=7, source=0x1002, policyFlags=0x0, action=0x0, flags=0x0, downTime=19516094843000
07-29 20:54:37.775  2463  4068 I MIUIInput: [MotionEvent] publisher action=0x0, deviceId=7, 19516094, channel 'fd7851 com.miui.home/com.miui.home.launcher.Launcher (server)'
07-29 20:54:37.775  2463  4068 I MIUIInput: [MotionEvent] publisher action=0x0, deviceId=7, 19516094, channel 'e8438b9 com.miui.miwallpaper.wallpaperservice.ImageWallpaper (server)'
07-29 20:54:37.775  2463  4068 I MIUIInput: [MotionEvent] publisher action=0x0, deviceId=7, 19516094, channel '[Gesture Monitor] miui-gesture (server)'
07-29 20:54:37.776  2463  4372 I ProcessManager: getRenderThreadTidByPid, caller=2463
07-29 20:54:37.776  4497  4497 I MIUIInput: [MotionEvent] ViewRootImpl windowName 'com.miui.home/com.miui.home.launcher.Launcher', { action=ACTION_DOWN, id[0]=0, pointerCount=1, eventTime=19516094, downTime=19516094, phoneEventTime=20:54:37.774 } moveCount:0
07-29 20:54:37.779  4497  4497 I Launcher.widget: onInvisible 
07-29 20:54:37.779  4497  4497 I Launcher.widget: onInvisible 
07-29 20:54:37.782  5795  2156 I Wth2:WeatherProvider: getFirstSelectedCity() ret count= 1
07-29 20:54:37.783  5795  2156 E Wth2:WeatherProvider: getFirstSelectedCity() error 
07-29 20:54:37.783  5795  2156 E Wth2:WeatherProvider: java.lang.NumberFormatException: For input string: "33.862_119.318"
07-29 20:54:37.783  5795  2156 E Wth2:WeatherProvider: 	at java.lang.Integer.parseInt(Integer.java:790)
07-29 20:54:37.783  5795  2156 E Wth2:WeatherProvider: 	at java.lang.Integer.parseInt(Integer.java:908)
07-29 20:54:37.783  5795  2156 E Wth2:WeatherProvider: 	at com.miui.weather2.providers.WeatherProvider.g(SourceFile:9)
07-29 20:54:37.783  5795  2156 E Wth2:WeatherProvider: 	at com.miui.weather2.providers.WeatherProvider.e(SourceFile:5)
07-29 20:54:37.783  5795  2156 E Wth2:WeatherProvider: 	at com.miui.weather2.providers.WeatherProvider.query(SourceFile:27)
07-29 20:54:37.783  5795  2156 E Wth2:WeatherProvider: 	at android.content.ContentProvider.query(ContentProvider.java:1633)
07-29 20:54:37.783  5795  2156 E Wth2:WeatherProvider: 	at android.content.ContentProvider.query(ContentProvider.java:1729)
07-29 20:54:37.783  5795  2156 E Wth2:WeatherProvider: 	at android.content.ContentProvider$Transport.query(ContentProvider.java:301)
07-29 20:54:37.783  5795  2156 E Wth2:WeatherProvider: 	at android.content.ContentProviderNative.onTransact(ContentProviderNative.java:110)
07-29 20:54:37.783  5795  2156 E Wth2:WeatherProvider: 	at android.os.Binder.execTransactInternal(Binder.java:1507)
07-29 20:54:37.783  5795  2156 E Wth2:WeatherProvider: 	at android.os.Binder.execTransact(Binder.java:1451)
07-29 20:54:37.783  5795  5814 I Wth2:WeatherProvider: getFirstSelectedCity() ret count= 1
07-29 20:54:37.783  5795  2156 I Wth2:WeatherProvider: getFirstSelectedCity() ret count= 1
07-29 20:54:37.783  5795  2156 E Wth2:WeatherProvider: getFirstSelectedCity() error 
07-29 20:54:37.783  5795  2156 E Wth2:WeatherProvider: java.lang.NumberFormatException: For input string: "33.862_119.318"
07-29 20:54:37.783  5795  2156 E Wth2:WeatherProvider: 	at java.lang.Integer.parseInt(Integer.java:790)
07-29 20:54:37.783  5795  2156 E Wth2:WeatherProvider: 	at java.lang.Integer.parseInt(Integer.java:908)
07-29 20:54:37.783  5795  2156 E Wth2:WeatherProvider: 	at com.miui.weather2.providers.WeatherProvider.g(SourceFile:9)
07-29 20:54:37.783  5795  2156 E Wth2:WeatherProvider: 	at com.miui.weather2.providers.WeatherProvider.I(SourceFile:5)
07-29 20:54:37.783  5795  2156 E Wth2:WeatherProvider: 	at com.miui.weather2.providers.WeatherProvider.e(SourceFile:36)
07-29 20:54:37.783  5795  2156 E Wth2:WeatherProvider: 	at com.miui.weather2.providers.WeatherProvider.query(SourceFile:27)
07-29 20:54:37.783  5795  2156 E Wth2:WeatherProvider: 	at android.content.ContentProvider.query(ContentProvider.java:1633)
07-29 20:54:37.783  5795  2156 E Wth2:WeatherProvider: 	at android.content.ContentProvider.query(ContentProvider.java:1729)
07-29 20:54:37.783  5795  2156 E Wth2:WeatherProvider: 	at android.content.ContentProvider$Transport.query(ContentProvider.java:301)
07-29 20:54:37.783  5795  2156 E Wth2:WeatherProvider: 	at android.content.ContentProviderNative.onTransact(ContentProviderNative.java:110)
07-29 20:54:37.783  5795  2156 E Wth2:WeatherProvider: 	at android.os.Binder.execTransactInternal(Binder.java:1507)
07-29 20:54:37.783  5795  2156 E Wth2:WeatherProvider: 	at android.os.Binder.execTransact(Binder.java:1451)
07-29 20:54:37.783  5795  5814 E Wth2:WeatherProvider: getFirstSelectedCity() error 
07-29 20:54:37.783  5795  5814 E Wth2:WeatherProvider: java.lang.NumberFormatException: For input string: "33.862_119.318"
07-29 20:54:37.783  5795  5814 E Wth2:WeatherProvider: 	at java.lang.Integer.parseInt(Integer.java:790)
07-29 20:54:37.783  5795  5814 E Wth2:WeatherProvider: 	at java.lang.Integer.parseInt(Integer.java:908)
07-29 20:54:37.783  5795  5814 E Wth2:WeatherProvider: 	at com.miui.weather2.providers.WeatherProvider.g(SourceFile:9)
07-29 20:54:37.783  5795  5814 E Wth2:WeatherProvider: 	at com.miui.weather2.providers.WeatherProvider.I(SourceFile:5)
07-29 20:54:37.783  5795  5814 E Wth2:WeatherProvider: 	at com.miui.weather2.providers.WeatherProvider.H(Unknown Source:3)
07-29 20:54:37.783  5795  5814 E Wth2:WeatherProvider: 	at com.miui.weather2.providers.WeatherProvider.query(SourceFile:95)
07-29 20:54:37.783  5795  5814 E Wth2:WeatherProvider: 	at android.content.ContentProvider.query(ContentProvider.java:1633)
07-29 20:54:37.783  5795  5814 E Wth2:WeatherProvider: 	at android.content.ContentProvider.query(ContentProvider.java:1729)
07-29 20:54:37.783  5795  5814 E Wth2:WeatherProvider: 	at android.content.ContentProvider$Transport.query(ContentProvider.java:301)
07-29 20:54:37.783  5795  5814 E Wth2:WeatherProvider: 	at android.content.ContentProviderNative.onTransact(ContentProviderNative.java:110)
07-29 20:54:37.783  5795  5814 E Wth2:WeatherProvider: 	at android.os.Binder.execTransactInternal(Binder.java:1507)
07-29 20:54:37.783  5795  5814 E Wth2:WeatherProvider: 	at android.os.Binder.execTransact(Binder.java:1451)
07-29 20:54:37.793  2463  4372 I ProcessManager: getRenderThreadTidByPid, caller=2463
07-29 20:54:37.818  1839  7244 E ANDR-PERF-LM: SAGT_ACTION: UpdateFPSData() 138: update /sys/kernel/sched_penalty/parameters/fps to 120, ret is 0
07-29 20:54:37.819 20356 20356 W app_process64: unable to execute idmap2: Permission denied
07-29 20:54:37.819 20356 20356 W OverlayConfig: 'idmap2 create-multiple' failed: no mutable="false" overlays targeting "android" will be loaded
07-29 20:54:37.819 20356 20356 I AssetManagerImpl : Load libmiui_runtime
07-29 20:54:37.821 20356 20356 W asset   : unable to execute idmap2: Permission denied
07-29 20:54:37.821 20356 20356 W AssetManagerImpl : 'idmap2 --scan' failed: no static="true" overlays targeting "miui" will be loaded
07-29 20:54:37.822  3117  3117 I adbd    : in ShellService: dumpsys activity activities
07-29 20:54:37.824 20356 20356 W app_process64: ClassLoaderContext parent mismatch.  (PCL[] | PCL[];PCL[/data/user/0/com.xingin.xhs/app_asserts/fd2x1e4e2x3f1v2b1s.dex*1215241684])
07-29 20:54:37.826  1827  2752 I vendor.qti.hardware.display.composer-service: Sensor: notify citsensorservice to trigger cwb, misForced = 0
07-29 20:54:37.827  3002  4297 I libsensor-parseRGB: request dump start for mRequestDisplayId 0
07-29 20:54:37.842  2463  4069 I MIUIInput: [MotionEvent] notifyMotion - eventTime=19516162044000, deviceId=7, source=0x1002, policyFlags=0x0, action=0x1, flags=0x0, downTime=19516094843000
07-29 20:54:37.842  2463  4068 I MIUIInput: [MotionEvent] publisher action=0x1, deviceId=7, 19516162, channel 'fd7851 com.miui.home/com.miui.home.launcher.Launcher (server)'
07-29 20:54:37.843  2463  4068 I MIUIInput: [MotionEvent] publisher action=0x1, deviceId=7, 19516162, channel 'e8438b9 com.miui.miwallpaper.wallpaperservice.ImageWallpaper (server)'
07-29 20:54:37.843  2463  4068 I MIUIInput: [MotionEvent] publisher action=0x1, deviceId=7, 19516162, channel '[Gesture Monitor] miui-gesture (server)'
07-29 20:54:37.843  4497  4497 I MIUIInput: [MotionEvent] ViewRootImpl windowName 'com.miui.home/com.miui.home.launcher.Launcher', { action=ACTION_UP, id[0]=0, pointerCount=1, eventTime=19516162, downTime=19516094, phoneEventTime=20:54:37.842 } moveCount:6
07-29 20:54:37.843  4497  4497 I ScreenView_Workspace: isAllowScrollAnimStart: false
07-29 20:54:37.849  2463  2536 I ExtM    : zram userate is low, no need to flush: 17
07-29 20:54:37.850  3002  3081 E libsensor-parseRGB: CWB NotifyCWBBufferDone  error 0
07-29 20:54:37.850  2046  2081 I [THP-HAL]: release_all:force:0
07-29 20:54:37.855 20356 20356 I JavaheapMonitor: Java heap monitor start.
07-29 20:54:37.855 20356 20356 I JavaheapMonitor: Java heap monitor start in pkg: system_server
07-29 20:54:37.893  3117  3117 I adbd    : in ShellService: dumpsys activity activities
07-29 20:54:37.975  3002  4306 I libsensor-boledalgo: dbv:440,lux:193.5,cct:4261.3,hsv:-1.0,dc:0CWB R:3309.8,G:7188.6,B:3651.2Event C:12270.8,R:7020.8,G:4010.7,B:1951.1Cali C:657.9,R:340.5,G:159.0,B:84.1 
07-29 20:54:37.975  3002  4306 I libsensor-boledalgo: ##### the value of lux: 178.583527, cct: 4241.000000
07-29 20:54:37.975  3002  4306 I libsensor-qshcalapi: value of set_lux: 178.583527, set r: 4241.000000
07-29 20:54:37.980  3117  3117 I adbd    : in ShellService: dumpsys activity activities
07-29 20:54:38.029  2463  5539 I RemoteProvisionSysSvc: getRegistration(android.hardware.security.keymint.IRemotelyProvisionedComponent/default)
07-29 20:54:38.032  1844  1844 I vendor.qti.hardware.servicetrackeraidl-service: bindService is called for service : com.android.rkpdapp/.service.RemoteProvisioningService and for client system
07-29 20:54:38.032  1844  1844 I vendor.qti.hardware.servicetrackeraidl-service: total connections for service : com.android.rkpdapp/.service.RemoteProvisioningServiceare :1
07-29 20:54:38.032  1844  1844 I vendor.qti.hardware.servicetrackeraidl-service: total connections for client : systemare :32
07-29 20:54:38.034  2463  4205 I MiuiNetworkPolicy: updateUidState uid = 10254, uidState = 6
07-29 20:54:38.034  2463  5539 I SmartPower: com.android.rkpdapp/10254(10947): idle->background(8877146ms) R(service create com.android.rkpdapp/.service.RemoteProvisioningService) adj=0.
07-29 20:54:38.038  1827  2752 I vendor.qti.hardware.display.composer-service: Sensor: notify citsensorservice to trigger cwb, misForced = 0
07-29 20:54:38.038  3002  4297 I libsensor-parseRGB: request dump start for mRequestDisplayId 0
07-29 20:54:38.038  2463  2463 I RegistrationProxy: onServiceConnected: com.android.rkpdapp.service.RemoteProvisioningService
07-29 20:54:38.041  2463  5539 I RegistrationProxy: IGetRegistrationCallback.onSuccess
07-29 20:54:38.042  1844  1844 I vendor.qti.hardware.servicetrackeraidl-service: unbindService is called for service : com.android.rkpdapp/.service.RemoteProvisioningService and for client system
07-29 20:54:38.042  1844  1844 I vendor.qti.hardware.servicetrackeraidl-service: size of service connections for service: com.android.rkpdapp/.service.RemoteProvisioningServiceafter removal is 0
07-29 20:54:38.042  1844  1844 I vendor.qti.hardware.servicetrackeraidl-service: size of client connections for client: systemafter removal is 31
07-29 20:54:38.043  1844  1844 I vendor.qti.hardware.servicetrackeraidl-service: destroyService is called for service : com.android.rkpdapp/.service.RemoteProvisioningService
07-29 20:54:38.045  2463  4205 I MiuiNetworkPolicy: updateUidState uid = 10254, uidState = 10
07-29 20:54:38.045  2463  4205 I MiuiNetworkPolicy: updateUidState uid = 10254, uidState = 19
07-29 20:54:38.046  2463  3739 I RemoteProvisionSysSvc: Fetching key 10286 for client 66955538
07-29 20:54:38.046  2463  3739 I RegistrationProxy: getKeyAsync operation started with callback 40937699
07-29 20:54:38.047 10947 20395 I RkpdRegistrationBinder: Key requested for : android.hardware.security.keymint.IRemotelyProvisionedComponent/default, clientUid: 1017, keyId: 10286, callback: 49858524
07-29 20:54:38.048 10947 20395 I RkpdRegistrationBinder: No key assigned, looking for an available key with expiry of 2025-08-01T12:54:38.048211Z
07-29 20:54:38.057  3002  3081 E libsensor-parseRGB: CWB NotifyCWBBufferDone  error 0
07-29 20:54:38.059 10947 20395 I RkpdKeyPoolStats: Sufficient keys are available, no CSR needed.
07-29 20:54:38.060 10947 20395 I RkpdKeyPoolStats: PoolStats{keysInUse=3, idealTotalSignedKeys=15, keysToGenerate=0, keysUnassigned=9}
07-29 20:54:38.062  3117  3117 I adbd    : in ShellService: dumpsys activity services
07-29 20:54:38.067 10947 20395 I RkpdRegistrationBinder: Key successfully assigned to client
07-29 20:54:38.067  2463  2463 I RemoteProvisionSysSvc: Successfully fetched key for client 66955538
07-29 20:54:38.079  1046  1121 E QC-time-services: Receive Passed == base = 13, unit = 1, operation = 2, result = 0
07-29 20:54:38.079  1584  1596 E QC-time-services: Daemon: Time-services: Waiting to acceptconnection
07-29 20:54:38.081  1584  1596 E QC-time-services: Daemon: Time-services: Waiting to acceptconnection
07-29 20:54:38.096 19165 19237 I mit.droidbotapp: ProcessProfilingInfo new_methods=13 is saved saved_to_disk=1 resolve_classes_delay=8000
07-29 20:54:38.145  1256  1256 I OmapiTransport: (sendData) stop the timer
07-29 20:54:38.145  4897 30725 I SecureElement-Terminal-eSE1: isSecureElementPresent()
07-29 20:54:38.146  1746  1746 I android.hardware.secure_element-service.qti: isCardPresent
07-29 20:54:38.146  1746  1746 I android.hardware.secure_element-service.qti: isCardPresent exit, cardPresent: 1
07-29 20:54:38.147  4897 30725 I SecureElement-Terminal-eSE1: openLogicalChannel(): pkg=null Enter
07-29 20:54:38.147  4897 30725 W SecureElement-Terminal-eSE1: Enable access control on logical channel for uid: 2910 UUID: [-1, -1, -1, -1, 99, 111, 109, 46, 110, 120, 112, 46, 115, 101, 99, 117, 114, 105, 116, 121]
07-29 20:54:38.147  4897 30725 I SecureElement-Terminal-eSE1: openLogicalChannel(): pkg=null Enter
07-29 20:54:38.147  1746  1746 I android.hardware.secure_element-service.qti: openLogicalChannel aid: a00000015141434c00 (9) p2 
07-29 20:54:38.147  1746  1746 E GPQeSE-HAL: gpqese_open: enter
07-29 20:54:38.148  1921  8844 E NxpTml  : Read [hdr]EOF
07-29 20:54:38.148  1921  8844 E NxpTml  : PN54X - Error in I2C Read.....
07-29 20:54:38.148  1714  1732 I ssgtzd  : UUID Name 32552B22-89FE-42B4-8A45-A0C4E2DB0326
07-29 20:54:38.148  1714  1732 E ssgtzd  : ReadSplitBinsToBuf buffer->size()=568
07-29 20:54:38.149  1714  1732 I DMABUFHEAPS: Using DMA-BUF heap named: qcom,qseecom-ta
07-29 20:54:38.162  2046  2081 I [THP-ALG]: alg_input_report:Touch Down: id: 0, raw flatness 614, base flatness 441
07-29 20:54:38.163  2463  4069 I MIUIInput: [MotionEvent] notifyMotion - eventTime=19516482695000, deviceId=7, source=0x1002, policyFlags=0x0, action=0x0, flags=0x0, downTime=19516482695000
07-29 20:54:38.163  2463  4068 I MIUIInput: [MotionEvent] publisher action=0x0, deviceId=7, 19516482, channel 'fd7851 com.miui.home/com.miui.home.launcher.Launcher (server)'
07-29 20:54:38.163  2463  4068 I MIUIInput: [MotionEvent] publisher action=0x0, deviceId=7, 19516482, channel 'e8438b9 com.miui.miwallpaper.wallpaperservice.ImageWallpaper (server)'
07-29 20:54:38.163  2463  4068 I MIUIInput: [MotionEvent] publisher action=0x0, deviceId=7, 19516482, channel '[Gesture Monitor] miui-gesture (server)'
07-29 20:54:38.163  4497  4497 I MIUIInput: [MotionEvent] ViewRootImpl windowName 'com.miui.home/com.miui.home.launcher.Launcher', { action=ACTION_DOWN, id[0]=0, pointerCount=1, eventTime=19516482, downTime=19516482, phoneEventTime=20:54:38.162 } moveCount:0
07-29 20:54:38.164  2463  4372 I ProcessManager: getRenderThreadTidByPid, caller=2463
07-29 20:54:38.165  1714  1732 I ssgtzd  : Releasing DMABuf
07-29 20:54:38.172  3002  4306 I libsensor-boledalgo: dbv:440,lux:183.1,cct:4219.7,hsv:-1.0,dc:0CWB R:3305.7,G:7186.3,B:3650.9Event C:11139.9,R:6355.9,G:3700.2,B:1773.8Cali C:230.1,R:87.4,G:69.9,B:34.4 
07-29 20:54:38.177  3117  3117 I adbd    : in ShellService: screencap -p /sdcard/screen_2025-07-29_205439.png
07-29 20:54:38.186  1714  1730 E SmcInvoke_MinkDescriptor: Handle found in qnode, clearing mem obj
07-29 20:54:38.187  1746  1746 E GPQeSE-HAL: gpqese_open: send GPQESE_CMD_OPEN to TA 
07-29 20:54:38.203  1746  1746 E GPQeSE-HAL: gpqese_open: exit, result=0
07-29 20:54:38.203  1746  1746 I DMABUFHEAPS: Using DMA-BUF heap named: qcom,qseecom-ta
07-29 20:54:38.205  2463  4372 I ProcessManager: getRenderThreadTidByPid, caller=2463
07-29 20:54:38.219  1839  7244 E ANDR-PERF-LM: SAGT_ACTION: UpdateFPSData() 138: update /sys/kernel/sched_penalty/parameters/fps to 120, ret is 0
07-29 20:54:38.225  1746  5143 E SmcInvoke_MinkDescriptor: mem obj with id :16 not found in list
07-29 20:54:38.225  1746  1746 I DMABUFHEAPS: Using DMA-BUF heap named: qcom,qseecom-ta
07-29 20:54:38.234  1746  5146 E SmcInvoke_MinkDescriptor: mem obj with id :16 not found in list
07-29 20:54:38.234  1746  1746 I android.hardware.secure_element-service.qti: openLogicalChannel sending response: 6f168409a00000015141434c00a5099f6501ff9f670221019000
07-29 20:54:38.234  1746  1746 I android.hardware.secure_element-service.qti: openLogicalChanneleSE channel : 1
07-29 20:54:38.235  4897 30725 I SecureElement-Terminal-eSE1: OpenLogicalChannel(): success Exit channelNumber is = 1
07-29 20:54:38.235  4897 30725 I SecureElement-Terminal-eSE1: transmit()
07-29 20:54:38.235  1746  1746 I android.hardware.secure_element-service.qti: transmit data: 81cadf2000 (5)
07-29 20:54:38.235  1746  1746 E GPQeSE-HAL: transmit: REE to TEE, tApdu[0,1,2,3]= 81,ca,df,20
07-29 20:54:38.235  1746  1746 E GPQeSE-HAL: gpqese_open: enter
07-29 20:54:38.235  1746  1746 I DMABUFHEAPS: Using DMA-BUF heap named: qcom,qseecom-ta
07-29 20:54:38.240  1746  5144 E SmcInvoke_MinkDescriptor: mem obj with id :16 not found in list
07-29 20:54:38.241  1746  1746 I android.hardware.secure_element-service.qti: transmit response: df20085b6ed4d59f7664739000 (13)
07-29 20:54:38.241  4897 30725 I SecureElement-AraController: Refresh tag unchanged. Using access rules from cache.
07-29 20:54:38.241  1746  1746 I android.hardware.secure_element-service.qti: closeChannel channel number: 1
07-29 20:54:38.241  1746  1746 I DMABUFHEAPS: Using DMA-BUF heap named: qcom,qseecom-ta
07-29 20:54:38.241  1827  2752 I vendor.qti.hardware.display.composer-service: Sensor: notify citsensorservice to trigger cwb, misForced = 0
07-29 20:54:38.241  3002  4297 I libsensor-parseRGB: request dump start for mRequestDisplayId 0
07-29 20:54:38.247  1746  5144 E SmcInvoke_MinkDescriptor: mem obj with id :16 not found in list
07-29 20:54:38.247  1746  1746 E GPQeSE-HAL: do_close: enter
07-29 20:54:38.247  1746  1746 E GPQeSE-HAL: do_close: send GPQESE_CMD_CLOSE to TA 
07-29 20:54:38.250  1746  1746 E GPQeSE-HAL: do_close: exit
07-29 20:54:38.250  1921  8844 E NxpTml  : Read [hdr]EOF
07-29 20:54:38.250  1921  8844 E NxpTml  : PN54X - Error in I2C Read.....
07-29 20:54:38.250  1746  1746 I android.hardware.secure_element-service.qti: openLogicalChannel aid: a000000062 (5) p2 
07-29 20:54:38.250  1746  1746 E GPQeSE-HAL: gpqese_open: enter
07-29 20:54:38.251  1714  1732 I ssgtzd  : UUID Name 32552B22-89FE-42B4-8A45-A0C4E2DB0326
07-29 20:54:38.251  1714  1732 E ssgtzd  : ReadSplitBinsToBuf buffer->size()=568
07-29 20:54:38.254  1714  1732 I DMABUFHEAPS: Using DMA-BUF heap named: qcom,qseecom-ta
07-29 20:54:38.256  1714  1732 I ssgtzd  : Releasing DMABuf
07-29 20:54:38.263  2463  4069 I MIUIInput: [MotionEvent] notifyMotion - eventTime=19516583356000, deviceId=7, source=0x1002, policyFlags=0x0, action=0x1, flags=0x0, downTime=19516482695000
07-29 20:54:38.264  2463  4068 I MIUIInput: [MotionEvent] publisher action=0x1, deviceId=7, 19516583, channel 'fd7851 com.miui.home/com.miui.home.launcher.Launcher (server)'
07-29 20:54:38.264  2463  4068 I MIUIInput: [MotionEvent] publisher action=0x1, deviceId=7, 19516583, channel 'e8438b9 com.miui.miwallpaper.wallpaperservice.ImageWallpaper (server)'
07-29 20:54:38.264  2463  4068 I MIUIInput: [MotionEvent] publisher action=0x1, deviceId=7, 19516583, channel '[Gesture Monitor] miui-gesture (server)'
07-29 20:54:38.264  4497  4497 I MIUIInput: [MotionEvent] ViewRootImpl windowName 'com.miui.home/com.miui.home.launcher.Launcher', { action=ACTION_UP, id[0]=0, pointerCount=1, eventTime=19516583, downTime=19516482, phoneEventTime=20:54:38.264 } moveCount:8
07-29 20:54:38.264  4497  4497 I ScreenView_Workspace: isAllowScrollAnimStart: false
07-29 20:54:38.266  3002  6353 E libsensor-parseRGB: CWB NotifyCWBBufferDone  error 0
07-29 20:54:38.272  2046  2081 I [THP-HAL]: release_all:force:0
07-29 20:54:38.276  1714  1732 E SmcInvoke_MinkDescriptor: Handle found in qnode, clearing mem obj
07-29 20:54:38.277  1746  1746 E GPQeSE-HAL: gpqese_open: send GPQESE_CMD_OPEN to TA 
07-29 20:54:38.290 20405 20405 W BpBinder: Linking to death on android.gui.ISurfaceComposer but there are no threads (yet?) listening to incoming transactions. See ProcessState::startThreadPool and ProcessState::setThreadPoolMaxThreadCount. Generally you should setup the binder threadpool before other initialization steps.
07-29 20:54:38.291 20405 20405 W ProcessState: Extra binder thread started, but 0 threads requested. Do not use *startThreadPool when zero threads are requested.
07-29 20:54:38.293  1746  1746 E GPQeSE-HAL: gpqese_open: exit, result=0
07-29 20:54:38.293  1746  1746 I DMABUFHEAPS: Using DMA-BUF heap named: qcom,qseecom-ta
07-29 20:54:38.314  1746  5144 E SmcInvoke_MinkDescriptor: mem obj with id :16 not found in list
07-29 20:54:38.315  1746  1746 I DMABUFHEAPS: Using DMA-BUF heap named: qcom,qseecom-ta
07-29 20:54:38.322 20405 20410 I AdrenoUtils: <ReadGpuID:357>: Reading chip ID through GSL
07-29 20:54:38.323 20405 20405 W qdgralloc: Failed to load libubwcp.so
07-29 20:54:38.325  7633 30847 W MediaProvider: isAppCloneUserPair for user 0: false
07-29 20:54:38.339  1746  5146 E SmcInvoke_MinkDescriptor: mem obj with id :16 not found in list
07-29 20:54:38.340  1746  1746 I android.hardware.secure_element-service.qti: openLogicalChannel sending response: 901bc00403018880c104ffd80089ca05043f3f3f3f0300071effc7d8009000
07-29 20:54:38.340  1746  1746 I android.hardware.secure_element-service.qti: openLogicalChanneleSE channel : 1
07-29 20:54:38.340  4897 30725 I SecureElement-Terminal-eSE1: OpenLogicalChannel(): success Exit channelNumber is = 1
07-29 20:54:38.340  4897 30725 I SecureElementService: openLogicalChannel() Success. Channel: 1
07-29 20:54:38.341  1256  1256 I OmapiTransport: (internalProtectedTransmitApdu) constructed apdu: { 80296000000043815840EF3D6E2E0347D68758F56DF22BDF06548458CA1CA71439BBD2A0BB92EE8607B3D4DA21A91CAC105BA673A50EAA6F28ED3562BF4C7B410948ED9340E12FEDEDAC0000 }
07-29 20:54:38.341  4897 26467 I SecureElement-Terminal-eSE1: transmit()
07-29 20:54:38.341  1746  1746 I android.hardware.secure_element-service.qti: transmit data: 81296000000043815840ef3d6e2e0347d68758f56df22bdf06548458ca1ca71439bbd2a0bb92ee8607b3d4da21a91cac105ba673a50eaa6f28ed3562bf4c7b410948ed9340e12fededac0000 (76)
07-29 20:54:38.341  1746  1746 E GPQeSE-HAL: transmit: REE to TEE, tApdu[0,1,2,3]= 81,29,60,00
07-29 20:54:38.341  1746  1746 E GPQeSE-HAL: gpqese_open: enter
07-29 20:54:38.341  1746  1746 I DMABUFHEAPS: Using DMA-BUF heap named: qcom,qseecom-ta
07-29 20:54:38.351  1746  5143 E SmcInvoke_MinkDescriptor: mem obj with id :16 not found in list
07-29 20:54:38.352  1746  1746 I android.hardware.secure_element-service.qti: transmit response: 81009000 (4)
07-29 20:54:38.352  1256  1256 I OmapiTransport: (internalProtectedTransmitApdu) Set the timer with timeout 3000 ms
07-29 20:54:38.352  1256  1256 I OmapiTransport: (internalProtectedTransmitApdu) STATUS OF TRNSMIT: 0 Message: 
07-29 20:54:38.423  1844  1844 I vendor.qti.