--------- beginning of main
07-29 20:54:30.362  9900 14427 I Market-RetrofitRequest: HeaderInterceptor : https://app.market.xiaomi.com/apm/statistics/appactive
07-29 20:54:30.363  9900 14427 E Market-Client: isSupportChildMode, error: java.lang.NumberFormatException: For input string: ""
07-29 20:54:30.364  2463  4205 I MiuiNetworkPolicy: updateUidState uid = 10124, uidState = 19
07-29 20:54:30.364  9900 14427 E Market-Client: isSupportChildMode, error: java.lang.NumberFormatException: For input string: ""
07-29 20:54:30.364 29000 29038 I Finsky  : [1751] kwt.a(55): AIM: AppInfoManager-Perf > OnDeviceAppInfo > cacheHitCount=0, cacheMissCount=1. Missed  in cache (limit 10) : [io.github.ylimit.droidbotapp]
07-29 20:54:30.365 29000 29053 I Finsky  : [1762] kwt.a(55): AIM: AppInfoManager-Perf > OnDeviceAppInfo > cacheHitCount=1, cacheMissCount=0. Missed  in cache (limit 10) : []
07-29 20:54:30.365 29000 29053 I Finsky  : [1762] kuq.apply(1378): AIM: Got app ownership map. App counts: . Unique apps: 0
07-29 20:54:30.365 29000 29053 I Finsky  : [1762] kuq.apply(1378): AIM: Got app ownership map. App counts: . Unique apps: 0
07-29 20:54:30.365 20584 21779 I artd    : Dex parent of /data/app/~~yKEbOZsBhpC65Auz8VYIXg==/io.github.ylimit.droidbotapp-5BTkpytsvjV70ABu_aeToA==/base.apk is not writable: Permission denied
07-29 20:54:30.365 20584 21779 I artd    : GetBestInfo checking odex in dalvik-cache (/data/dalvik-cache/arm64/data@app@~~yKEbOZsBhpC65Auz8VYIXg==@io.github.ylimit.droidbotapp-5BTkpytsvjV70ABu_aeToA==@base.apk@classes.dex)
07-29 20:54:30.365 20584 21779 I artd    : Loading /data/dalvik-cache/arm64/data@app@~~yKEbOZsBhpC65Auz8VYIXg==@io.github.ylimit.droidbotapp-5BTkpytsvjV70ABu_aeToA==@base.apk@classes.dex with executable: 0
07-29 20:54:30.365 20584 21779 I artd    : OatFileAssistant test for existing oat file /data/dalvik-cache/arm64/data@app@~~yKEbOZsBhpC65Auz8VYIXg==@io.github.ylimit.droidbotapp-5BTkpytsvjV70ABu_aeToA==@base.apk@classes.dex: File /data/dalvik-cache/arm64/data@app@~~yKEbOZsBhpC65Auz8VYIXg==@io.github.ylimit.droidbotapp-5BTkpytsvjV70ABu_aeToA==@base.apk@classes.vdex does not exist.
07-29 20:54:30.365 20584 21779 I artd    : GetBestInfo checking odex next to the dex file (/data/app/~~yKEbOZsBhpC65Auz8VYIXg==/io.github.ylimit.droidbotapp-5BTkpytsvjV70ABu_aeToA==/oat/arm64/base.odex)
07-29 20:54:30.365 20584 21779 I artd    : Loading /data/app/~~yKEbOZsBhpC65Auz8VYIXg==/io.github.ylimit.droidbotapp-5BTkpytsvjV70ABu_aeToA==/oat/arm64/base.odex with executable: 0
07-29 20:54:30.365 20584 21779 I artd    : OatFileAssistant test for existing oat file /data/app/~~yKEbOZsBhpC65Auz8VYIXg==/io.github.ylimit.droidbotapp-5BTkpytsvjV70ABu_aeToA==/oat/arm64/base.odex: File /data/app/~~yKEbOZsBhpC65Auz8VYIXg==/io.github.ylimit.droidbotapp-5BTkpytsvjV70ABu_aeToA==/oat/arm64/base.vdex does not exist.
07-29 20:54:30.365 20584 21779 I artd    : GetBestInfo checking vdex in dalvik-cache (/data/dalvik-cache/arm64/data@app@~~yKEbOZsBhpC65Auz8VYIXg==@io.github.ylimit.droidbotapp-5BTkpytsvjV70ABu_aeToA==@base.apk@classes.vdex)
07-29 20:54:30.365 20584 21779 I artd    : unable to open vdex file /data/dalvik-cache/arm64/data@app@~~yKEbOZsBhpC65Auz8VYIXg==@io.github.ylimit.droidbotapp-5BTkpytsvjV70ABu_aeToA==@base.apk@classes.vdex: File /data/dalvik-cache/arm64/data@app@~~yKEbOZsBhpC65Auz8VYIXg==@io.github.ylimit.droidbotapp-5BTkpytsvjV70ABu_aeToA==@base.apk@classes.vdex does not exist.
07-29 20:54:30.365 20584 21779 I artd    : OatFileAssistant test for existing oat file /data/dalvik-cache/arm64/data@app@~~yKEbOZsBhpC65Auz8VYIXg==@io.github.ylimit.droidbotapp-5BTkpytsvjV70ABu_aeToA==@base.apk@classes.vdex: File /data/dalvik-cache/arm64/data@app@~~yKEbOZsBhpC65Auz8VYIXg==@io.github.ylimit.droidbotapp-5BTkpytsvjV70ABu_aeToA==@base.apk@classes.vdex does not exist.
07-29 20:54:30.365 20584 21779 I artd    : GetBestInfo checking vdex next to the dex file (/data/app/~~yKEbOZsBhpC65Auz8VYIXg==/io.github.ylimit.droidbotapp-5BTkpytsvjV70ABu_aeToA==/oat/arm64/base.vdex)
07-29 20:54:30.365 20584 21779 I artd    : unable to open vdex file /data/app/~~yKEbOZsBhpC65Auz8VYIXg==/io.github.ylimit.droidbotapp-5BTkpytsvjV70ABu_aeToA==/oat/arm64/base.vdex: File /data/app/~~yKEbOZsBhpC65Auz8VYIXg==/io.github.ylimit.droidbotapp-5BTkpytsvjV70ABu_aeToA==/oat/arm64/base.vdex does not exist.
07-29 20:54:30.365 20584 21779 I artd    : OatFileAssistant test for existing oat file /data/app/~~yKEbOZsBhpC65Auz8VYIXg==/io.github.ylimit.droidbotapp-5BTkpytsvjV70ABu_aeToA==/oat/arm64/base.vdex: File /data/app/~~yKEbOZsBhpC65Auz8VYIXg==/io.github.ylimit.droidbotapp-5BTkpytsvjV70ABu_aeToA==/oat/arm64/base.vdex does not exist.
07-29 20:54:30.365 20584 21779 I artd    : GetBestInfo checking dm (/data/app/~~yKEbOZsBhpC65Auz8VYIXg==/io.github.ylimit.droidbotapp-5BTkpytsvjV70ABu_aeToA==/base.dm)
07-29 20:54:30.365 20584 21779 W ziparchive: Unable to open '/data/app/~~yKEbOZsBhpC65Auz8VYIXg==/io.github.ylimit.droidbotapp-5BTkpytsvjV70ABu_aeToA==/base.dm': No such file or directory
07-29 20:54:30.365 20584 21779 I artd    : OatFileAssistant test for existing oat file /data/app/~~yKEbOZsBhpC65Auz8VYIXg==/io.github.ylimit.droidbotapp-5BTkpytsvjV70ABu_aeToA==/base.dm: I/O error
07-29 20:54:30.365 20584 21779 I artd    : GetBestInfo checking dm (/data/app/~~yKEbOZsBhpC65Auz8VYIXg==/io.github.ylimit.droidbotapp-5BTkpytsvjV70ABu_aeToA==/base.dm)
07-29 20:54:30.365 20584 21779 W ziparchive: Unable to open '/data/app/~~yKEbOZsBhpC65Auz8VYIXg==/io.github.ylimit.droidbotapp-5BTkpytsvjV70ABu_aeToA==/base.dm': No such file or directory
07-29 20:54:30.365 20584 21779 I artd    : OatFileAssistant test for existing oat file /data/app/~~yKEbOZsBhpC65Auz8VYIXg==/io.github.ylimit.droidbotapp-5BTkpytsvjV70ABu_aeToA==/base.dm: I/O error
07-29 20:54:30.365 20584 21779 I artd    : GetBestInfo no usable artifacts
07-29 20:54:30.367 29000 29045 I Finsky  : [1758] jyg.accept(156): AIM: AppInfoManager-Perf > getApps > data collection finished
07-29 20:54:30.367 29000 29045 I Finsky  : [1758] kvo.run(976): AIM: AppInfoManager-Perf > maybeDestroyAppInfoManager is called. actives = 1
07-29 20:54:30.367  2463  4205 I MiuiNetworkPolicy: updateUidState uid = 10266, uidState = 19
07-29 20:54:30.368  1844  1844 I vendor.qti.hardware.servicetrackeraidl-service: bindService is called for service : com.google.android.gms/.icing.service.AppIndexingService and for client com.google.android.gms.persistent
07-29 20:54:30.368  1844  1844 I vendor.qti.hardware.servicetrackeraidl-service: total connections for service : com.google.android.gms/.icing.service.AppIndexingServiceare :2
07-29 20:54:30.368  1844  1844 I vendor.qti.hardware.servicetrackeraidl-service: total connections for client : com.google.android.gms.persistentare :5
07-29 20:54:30.368  8974  9450 I WakePathUpdatePolicy: doUpdate(user 0):responseCode:200
07-29 20:54:30.368  8974  9450 W WakePathUpdatePolicy: doUpdate(user 0): Response stream size=1376
07-29 20:54:30.368  1844  1844 I vendor.qti.hardware.servicetrackeraidl-service: destroyService is called for service : com.xiaomi.market/.service.AppActiveStatService
07-29 20:54:30.370  8974  9450 I WakePathUpdatePolicy: pushWakePathData begin
07-29 20:54:30.370  8974  9450 I com.lbe.security.service.provider.WakePathDatabaseUtil: getWakePathWhiteList: whiteList.size=6
07-29 20:54:30.370  8974  9450 I com.lbe.security.service.provider.WakePathDatabaseUtil: getWakePathRuleList: wakeType=1 wakePathRules.size=3
07-29 20:54:30.370  9900  9900 I Market-ServiceUtils: stop foreground service: AppActiveStatService
07-29 20:54:30.371  1844  1844 I vendor.qti.hardware.servicetrackeraidl-service: bindService is called for service : com.google.android.gms/.icing.service.IndexService and for client com.google.android.gms.persistent
07-29 20:54:30.371  1844  1844 I vendor.qti.hardware.servicetrackeraidl-service: total connections for service : com.google.android.gms/.icing.service.IndexServiceare :2
07-29 20:54:30.371  1844  1844 I vendor.qti.hardware.servicetrackeraidl-service: total connections for client : com.google.android.gms.persistentare :6
07-29 20:54:30.371  8974  9450 I com.lbe.security.service.provider.WakePathDatabaseUtil: getWakePathRuleList: wakeType=8 wakePathRules.size=8
07-29 20:54:30.371 31105 31620 I Icing   : IndexChimeraService.getServiceInterface callingPackage=com.google.android.gms componentName=null serviceId=30
07-29 20:54:30.371  8974  9450 I com.lbe.security.service.provider.WakePathDatabaseUtil: getWakePathRuleList: wakeType=4 wakePathRules.size=4
07-29 20:54:30.371  8974  9450 I com.lbe.security.service.provider.WakePathDatabaseUtil: getWakePathRuleList: wakeType=2 wakePathRules.size=1
07-29 20:54:30.372  8974  9450 I com.lbe.security.service.provider.WakePathDatabaseUtil: getWakePathRuleList: wakeType=17 wakePathRules.size=0
07-29 20:54:30.372  8974  9450 I com.lbe.security.service.provider.WakePathDatabaseUtil: getWakePathRuleList: wakeType=32 wakePathRules.size=1
07-29 20:54:30.373  8974  9450 I com.lbe.security.service.provider.WakePathDatabaseUtil: getWakePathRuleList: wakeType=256 wakePathRules.size=8
07-29 20:54:30.373  8974  9450 I com.lbe.security.service.provider.WakePathDatabaseUtil: getWakePathRuleList: wakeType=128 wakePathRules.size=4
07-29 20:54:30.374  8974  9450 I com.lbe.security.service.provider.WakePathDatabaseUtil: getWakePathRuleList: wakeType=64 wakePathRules.size=2
07-29 20:54:30.374  9900 14427 I Market-RetrofitRequest: dnsStart : https://app.market.xiaomi.com/apm/statistics/appactive
07-29 20:54:30.374  8974  9450 I com.lbe.security.service.provider.WakePathDatabaseUtil: getWakePathRuleList: wakeType=4096 wakePathRules.size=2
07-29 20:54:30.375  8974  9450 I com.lbe.security.service.provider.WakePathDatabaseUtil: getWakePathRuleList: wakeType=32768 wakePathRules.size=1
07-29 20:54:30.375  8974  9450 I com.lbe.security.service.provider.WakePathDatabaseUtil: getWakePathRuleList: wakeType=8192 wakePathRules.size=5
07-29 20:54:30.375  8974  9450 I com.lbe.security.service.provider.WakePathDatabaseUtil: getWakePathRuleList: wakeType=16384 wakePathRules.size=0
07-29 20:54:30.375  4838  4874 I esdk.sysservice: This is sticky GC, maxfree is 16777216 minfree is 8388608
07-29 20:54:30.375  9900 14427 I Market-HttpDns: HttpDns hostname app.market.xiaomi.com address : [app.market.xiaomi.com/111.13.141.202, app.market.xiaomi.com/111.62.122.37, app.market.xiaomi.com/2406:d440:106:5700:1117:9e8e:1ac:de9c, app.market.xiaomi.com/2409:8c00:7821:10::1]
07-29 20:54:30.375  4838  4874 W esdk.sysservice: Reducing the number of considered missed Gc histogram windows from 1184 to 100
07-29 20:54:30.375  8974  9450 I com.lbe.security.service.provider.WakePathDatabaseUtil: getWakePathRuleList: wakeType=22 wakePathRules.size=0
07-29 20:54:30.375  9900 14427 I Market-RetrofitRequest: dnsEnd : https://app.market.xiaomi.com/apm/statistics/appactive
07-29 20:54:30.376  8974  9450 I WakePathUpdatePolicy: pushWakePathData end
07-29 20:54:30.376  8974  9450 I WakePathUpdatePolicy: doUpdate end
07-29 20:54:30.376  9900 14427 I Market-LimitSpeedManager: startLimitSpeedNow() ====== speed = 32768
07-29 20:54:30.376 31105 14407 I Icing   : Usage reports ok 0, Failed Usage reports 0, indexed 0, rejected 0
07-29 20:54:30.379  9900 14427 I Market-DownloadLimitSpeedManager: startLimitSpeed success. Total count 2
07-29 20:54:30.379 29000 29047 I Finsky  : [1760] kwp.a(206): AIM: AppInfoManager-Perf > ItemModel > CacheSize=34, cacheHitCount=0, cacheMissCount=0, total appsWithNoServerDataCount=4. Missed  in cache (limit 10) : []
07-29 20:54:30.379  9900 14427 I Market-RetrofitRequest: HeaderInterceptor : https://app.market.xiaomi.com/apm/statistics/appactive
07-29 20:54:30.379 29000 29047 I Finsky  : [1760] kwp.a(206): AIM: AppInfoManager-Perf > ItemModel > CacheSize=34, cacheHitCount=0, cacheMissCount=0, total appsWithNoServerDataCount=4. Missed  in cache (limit 10) : []
07-29 20:54:30.380 13666 17476 W surfboard: tcp pair replaced, source port 32958 dest port 443
07-29 20:54:30.381 29000 29038 I Finsky  : [1751] jyg.accept(156): AIM: AppInfoManager-Perf > getApps > data collection finished
07-29 20:54:30.382 29000 29038 I Finsky  : [1751] kvo.run(976): AIM: AppInfoManager-Perf > maybeDestroyAppInfoManager is called. actives = 0
07-29 20:54:30.387 31105 14407 I Icing   : Usage reports ok 0, Failed Usage reports 0, indexed 0, rejected 0
07-29 20:54:30.392 31105 14407 I Icing   : Indexing com.google.android.gms-apps from com.google.android.gms
07-29 20:54:30.398 31105 14407 I Icing   : Indexing done com.google.android.gms-apps
07-29 20:54:30.398 31105 14407 I Icing   : Indexing com.google.android.gms-apps from com.google.android.gms
07-29 20:54:30.399 31105 14407 I Icing   : Indexing done com.google.android.gms-apps
07-29 20:54:30.400  1844  1844 I vendor.qti.hardware.servicetrackeraidl-service: destroyService is called for service : com.google.android.gms/.icing.service.IndexWorkerService
07-29 20:54:30.403  1827  2752 I vendor.qti.hardware.display.composer-service: Sensor: notify citsensorservice to trigger cwb, misForced = 1
07-29 20:54:30.404  3002  4297 I libsensor-parseRGB: request dump start for mRequestDisplayId 0
07-29 20:54:30.407  9900 14427 I Market-DownloadLimitSpeedManager: tryStopLimitSpeed 1
07-29 20:54:30.407  9900 14427 I Market-RetrofitRequest: callEnd : https://app.market.xiaomi.com/apm/statistics/appactive
07-29 20:54:30.408  9900 14427 E Market-ReflectUtils: invokeObject com.android.org.bouncycastle.util.encoders.Base64.decode com.xiaomi.market.util.reflect.IllegalArgumentException
07-29 20:54:30.408  9900 14427 E Market-ConnectionRSA: get key exception : java.lang.NullPointerException: decrypt data is null
07-29 20:54:30.425  3002  3081 E libsensor-parseRGB: CWB NotifyCWBBufferDone  error 0
07-29 20:54:30.433  8974  9450 I WakePathUpdatePolicy: doUpdate(user 0):responseCode:200
07-29 20:54:30.433  8974  9450 W WakePathUpdatePolicy: doUpdate(user 0): Response stream size=1376
07-29 20:54:30.434 29000 29047 I Finsky  : [1760] pis.accept(67): SCH: Scheduling phonesky job Id: 12-1, CT: 1753793670327, Constraints: [{ L: 15000, D: 86400000, C: 1, I: 1, N: 1 }]
07-29 20:54:30.435  8974  9450 I WakePathUpdatePolicy: pushWakePathData begin
07-29 20:54:30.435  8974  9450 I com.lbe.security.service.provider.WakePathDatabaseUtil: getWakePathWhiteList: whiteList.size=6
--------- beginning of system
07-29 20:54:30.435  2463  5128 I WakePathChecker: MIUILOG-WAKEPATH pushWakePathWhiteList: userId=0 size=6
07-29 20:54:30.436  8974  9450 I com.lbe.security.service.provider.WakePathDatabaseUtil: getWakePathRuleList: wakeType=1 wakePathRules.size=3
07-29 20:54:30.436  2463  5128 I WakePathChecker: MIUILOG-WAKEPATH pushWakePathRuleInfos: wakeType=1 userId=0 size=3
07-29 20:54:30.436  8974  9450 I com.lbe.security.service.provider.WakePathDatabaseUtil: getWakePathRuleList: wakeType=8 wakePathRules.size=8
07-29 20:54:30.437  2463  5128 I WakePathChecker: MIUILOG-WAKEPATH pushWakePathRuleInfos: wakeType=8 userId=0 size=8
07-29 20:54:30.437  8974  9450 I com.lbe.security.service.provider.WakePathDatabaseUtil: getWakePathRuleList: wakeType=4 wakePathRules.size=4
07-29 20:54:30.437  2463  5129 I WakePathChecker: MIUILOG-WAKEPATH pushWakePathRuleInfos: wakeType=4 userId=0 size=4
07-29 20:54:30.437 29000 29053 I Finsky  : [1762] jyn.apply(28): SCH: Scheduling 1 system job(s)
07-29 20:54:30.437  8974  9450 I com.lbe.security.service.provider.WakePathDatabaseUtil: getWakePathRuleList: wakeType=2 wakePathRules.size=1
07-29 20:54:30.437  2463  5129 I WakePathChecker: MIUILOG-WAKEPATH pushWakePathRuleInfos: wakeType=2 userId=0 size=1
07-29 20:54:30.437 29000 29053 I Finsky  : [1762] aceh.d(88): SCH: Scheduling system job Id: 9773, L: 14890, D: 70085715, C: false, I: false, N: 1
07-29 20:54:30.437  8974  9450 I com.lbe.security.service.provider.WakePathDatabaseUtil: getWakePathRuleList: wakeType=17 wakePathRules.size=0
07-29 20:54:30.437  2463  3739 I WakePathChecker: MIUILOG-WAKEPATH pushWakePathRuleInfos: wakeType=17 userId=0 size=0
07-29 20:54:30.438  8974  9450 I com.lbe.security.service.provider.WakePathDatabaseUtil: getWakePathRuleList: wakeType=32 wakePathRules.size=1
07-29 20:54:30.438  2463  3739 I WakePathChecker: MIUILOG-WAKEPATH pushWakePathRuleInfos: wakeType=32 userId=0 size=1
07-29 20:54:30.438  8974  9450 I com.lbe.security.service.provider.WakePathDatabaseUtil: getWakePathRuleList: wakeType=256 wakePathRules.size=8
07-29 20:54:30.438  2463  3739 I WakePathChecker: MIUILOG-WAKEPATH pushWakePathRuleInfos: wakeType=256 userId=0 size=8
07-29 20:54:30.438  8974  9450 I com.lbe.security.service.provider.WakePathDatabaseUtil: getWakePathRuleList: wakeType=128 wakePathRules.size=4
07-29 20:54:30.438  9900 19318 I Market-LocalAppManager: getUpdateInfoFromServer : middle
07-29 20:54:30.438  2463  3739 I WakePathChecker: MIUILOG-WAKEPATH pushWakePathRuleInfos: wakeType=128 userId=0 size=4
07-29 20:54:30.439  8974  9450 I com.lbe.security.service.provider.WakePathDatabaseUtil: getWakePathRuleList: wakeType=64 wakePathRules.size=2
07-29 20:54:30.439  2463  3739 I WakePathChecker: MIUILOG-WAKEPATH pushWakePathRuleInfos: wakeType=64 userId=0 size=2
07-29 20:54:30.439  9900 19318 E Market-Client: isSupportChildMode, error: java.lang.NumberFormatException: For input string: ""
07-29 20:54:30.439  8974  9450 I com.lbe.security.service.provider.WakePathDatabaseUtil: getWakePathRuleList: wakeType=4096 wakePathRules.size=2
07-29 20:54:30.439  2463  3739 I WakePathChecker: MIUILOG-WAKEPATH pushWakePathRuleInfos: wakeType=4096 userId=0 size=2
07-29 20:54:30.439  8974  9450 I com.lbe.security.service.provider.WakePathDatabaseUtil: getWakePathRuleList: wakeType=32768 wakePathRules.size=1
07-29 20:54:30.439  2463  5129 I WakePathChecker: MIUILOG-WAKEPATH pushWakePathRuleInfos: wakeType=32768 userId=0 size=1
07-29 20:54:30.440  8974  9450 I com.lbe.security.service.provider.WakePathDatabaseUtil: getWakePathRuleList: wakeType=8192 wakePathRules.size=5
07-29 20:54:30.440  2463  3739 I WakePathChecker: MIUILOG-WAKEPATH pushWakePathRuleInfos: wakeType=8192 userId=0 size=5
07-29 20:54:30.440  8974  9450 I com.lbe.security.service.provider.WakePathDatabaseUtil: getWakePathRuleList: wakeType=16384 wakePathRules.size=0
07-29 20:54:30.440  2463  3739 I WakePathChecker: MIUILOG-WAKEPATH pushWakePathRuleInfos: wakeType=16384 userId=0 size=0
07-29 20:54:30.440  8974  9450 I com.lbe.security.service.provider.WakePathDatabaseUtil: getWakePathRuleList: wakeType=22 wakePathRules.size=0
07-29 20:54:30.440  2463  3739 I WakePathChecker: MIUILOG-WAKEPATH pushWakePathRuleInfos: wakeType=22 userId=0 size=0
07-29 20:54:30.440  8974  9450 I WakePathUpdatePolicy: pushWakePathData end
07-29 20:54:30.440  8974  9450 I WakePathUpdatePolicy: doUpdate end
07-29 20:54:30.441  9900 19318 I Market-RetrofitRequest: callStart : https://updateinfo.market.xiaomi.com/apm/updateinfo/v2
07-29 20:54:30.442  9900 19318 I Market-RetrofitRequest: HeaderInterceptor : https://updateinfo.market.xiaomi.com/apm/updateinfo/v2
07-29 20:54:30.442 29000 29036 I Finsky  : [1749] mjw.ajf(151): [ContentSync] finished, scheduled=true
07-29 20:54:30.442  9900 19318 E Market-Client: isSupportChildMode, error: java.lang.NumberFormatException: For input string: ""
07-29 20:54:30.442  9900 19318 E Market-Client: isSupportChildMode, error: java.lang.NumberFormatException: For input string: ""
07-29 20:54:30.446  9900 19318 I Market-LimitSpeedManager: startLimitSpeedNow() ====== speed = 32768
07-29 20:54:30.449  9900 19318 I Market-DownloadLimitSpeedManager: startLimitSpeed success. Total count 2
07-29 20:54:30.449  9900 19318 I Market-RetrofitRequest: HeaderInterceptor : https://updateinfo.market.xiaomi.com/apm/updateinfo/v2
07-29 20:54:30.481  1827  2108 I SDM     : DisplayBase::CommitThread: Received idle timeout, panel: cmd, timeout: 70000 us
07-29 20:54:30.491  3117  3117 I adbd    : in ShellService: export ANDROID_LOG_TAGS="''"; exec logcat '-v' 'threadtime' '*:I'
07-29 20:54:30.499  3117  3117 I adbd    : in ShellService: getevent -lt
07-29 20:54:30.505  3117  3117 I adbd    : in ShellService: ime enable io.github.ylimit.droidbotapp/.DroidBotIME
07-29 20:54:30.509  3117  3117 I adbd    : in ShellService: ps
07-29 20:54:30.529  2463  2463 W NotificationHistory: Attempted to add notif for locked/gone/disabled user 0
07-29 20:54:30.538  4979  4979 E NotifCollection: No notification to remove with key 0|com.xiaomi.market|256009389|null|10167 reason=0:REASON_UNKNOWN
07-29 20:54:30.555  9900 14327 I Market-DownloadLimitSpeedManager: tryStopLimitSpeed 1
07-29 20:54:30.556  9900 14327 I Market-RetrofitRequest: callEnd : https://updateinfo.market.xiaomi.com/apm/updateinfo/v2
07-29 20:54:30.558  9900 14327 I Market-LocalAppManager: getUpdateInfoFromServer : end  , responseCode : OK
07-29 20:54:30.559  9900 14327 I Market-LocalAppManager: checkUpdateFromServer : end
07-29 20:54:30.559  9900 14327 I Market-LocalAppManager: checkUpdateFromServer  data parser : end
07-29 20:54:30.560  9900 14327 I Market-HuanjiManager: condition not satisfied, ignore
07-29 20:54:30.560  9900 14327 I Market-DataParser: [InvalidPackageList] JSON : invalidSystemPackageList list is null
07-29 20:54:30.560  9900 14327 I Market-LocalAppManager: checkUpdateFromServer  filter package : end
07-29 20:54:30.560  9900 14327 I Market-LocalAppManager: checkUpdateFromServer  support64BitPackagesJsonArray : end
07-29 20:54:30.574  3117  3117 I adbd    : in ShellService: ime set io.github.ylimit.droidbotapp/.DroidBotIME
07-29 20:54:30.590  1839  7244 E ANDR-PERF-LM: SAGT_ACTION: UpdateFPSData() 138: update /sys/kernel/sched_penalty/parameters/fps to 60, ret is 0
07-29 20:54:30.591  1839  7244 E ANDR-PERF-LM: SAGT_ACTION: updateAutoPenatly() 161: recovery auto penatly gamefps 60.000000, measured fps is 60.000000, gap is 0.000000 
07-29 20:54:30.602 14622 14622 E BaseInputMethodService: onUnbindInput
07-29 20:54:30.602  2463  4069 I InputReader: Reconfiguring input devices, changes=KEYBOARD_LAYOUTS
07-29 20:54:30.603  4497  4497 I HandWritingStubImpl: refreshLastKeyboardType: 1
07-29 20:54:30.603  4497  4497 I HandWritingStubImpl: getCurrentKeyboardType: 1
07-29 20:54:30.607  9339  9616 I IMECheckManager: getSelectedInputMethod, ime is io.github.ylimit.droidbotapp/.DroidBotIME
07-29 20:54:30.608  9339  9616 I IMECheckManager: InputMethodObserver, userId is 0, ime = io.github.ylimit.droidbotapp/.DroidBotIME
07-29 20:54:30.609  9339  9616 I IMECheckManager: getSelectedInputMethod, ime is io.github.ylimit.droidbotapp/.DroidBotIME
07-29 20:54:30.609  8013  8347 I k1      : input method change: 
07-29 20:54:30.609  9339  9616 I IMECheckManager: updateCurrentIME, userId is 0, ime is io.github.ylimit.droidbotapp/.DroidBotIME, pkg is io.github.ylimit.droidbotapp, uid is 10357
07-29 20:54:30.609  9339  9616 I ActiveStateController: Ime outdated, uid is 10183
07-29 20:54:30.609  9339  9638 I PowerKeeperConfigureManager: userId is 0, Ime outdated, uid is 10183
07-29 20:54:30.611  9339  9616 I ActiveStateController: Ime update, uid is 10357
07-29 20:54:30.612  9339  9638 I PowerKeeperConfigureManager: userId is 0, Ime update, uid is 10357
07-29 20:54:30.613  2463  4108 W InputMethodManagerService: Clear show forced flag.
07-29 20:54:30.613  2463  4108 W SecurityInputMethodSwitcher: first check switch to security ime: false
07-29 20:54:30.613  2463  4108 W SecurityInputMethodSwitcher: double check switch to security ime: false
07-29 20:54:30.613  2463  4108 W SecurityInputMethodSwitcher: switch to other input method from security ime:false mayChangeToMiuiSecurityInputMethod: false current focus window: android.os.BinderProxy@e737978
07-29 20:54:30.613  4497  4497 I HandWritingStubImpl: refreshLastKeyboardType: 1
07-29 20:54:30.613  4497  4497 I HandWritingStubImpl: getCurrentKeyboardType: 1
07-29 20:54:30.614  1844  1844 I vendor.qti.hardware.servicetrackeraidl-service: unbindService is called for service : com.sohu.inputmethod.sogou.xiaomi/.SogouIME and for client system
07-29 20:54:30.615 18384 20861 I auth    : [XMS][Auth] updateAuthInfo in db true
07-29 20:54:30.615  1844  1844 I vendor.qti.hardware.servicetrackeraidl-service: unbindService is called for service : com.sohu.inputmethod.sogou.xiaomi/.SogouIME and for client system
07-29 20:54:30.615  1844  1844 I vendor.qti.hardware.servicetrackeraidl-service: size of service connections for service: com.sohu.inputmethod.sogou.xiaomi/.SogouIMEafter removal is 0
07-29 20:54:30.615  1844  1844 I vendor.qti.hardware.servicetrackeraidl-service: size of client connections for client: systemafter removal is 30
07-29 20:54:30.616  1844  1844 I vendor.qti.hardware.servicetrackeraidl-service: destroyService is called for service : com.sohu.inputmethod.sogou.xiaomi/.SogouIME
07-29 20:54:30.616  2463  4205 I MiuiNetworkPolicy: updateUidState uid = 10183, uidState = 7
07-29 20:54:30.617  2463  4108 W InputManager-JNI: Input channel object '6e7fa4b InputMethod (client)' was disposed without first being removed with the input manager!
07-29 20:54:30.617  2463  4205 I MiuiNetworkPolicy: updateUidState uid = 10183, uidState = 10
07-29 20:54:30.619 18384 22937 I auth    : [XMS][Auth] updateAuthInfo in db true
07-29 20:54:30.621  1844  1844 I vendor.qti.hardware.servicetrackeraidl-service: bindService is called for service : io.github.ylimit.droidbotapp/.DroidBotIME and for client system
07-29 20:54:30.621  1844  1844 I vendor.qti.hardware.servicetrackeraidl-service: total connections for service : io.github.ylimit.droidbotapp/.DroidBotIMEare :1
07-29 20:54:30.621  1844  1844 I vendor.qti.hardware.servicetrackeraidl-service: total connections for client : systemare :31
07-29 20:54:30.622 14622 14622 E BaseInputMethodService: onDestroy
07-29 20:54:30.622 18384 22937 I auth    : [XMS][Auth] updateAuthInfo in db true
07-29 20:54:30.622 14622 14622 W WindowOnBackDispatcher: sendCancelIfRunning: isInProgress=false callback=android.view.ViewRootImpl$$ExternalSyntheticLambda12@616ab04
07-29 20:54:30.624 18384 22937 I auth    : [XMS][Auth] updateAuthInfo in db true
07-29 20:54:30.625  2463  3739 W WindowManager: Failed looking up window session=Session{417d331 14622:u0a10183} callers=com.android.server.wm.WindowManagerService.windowForClientLocked:7019 com.android.server.wm.Session.setOnBackInvokedCallbackInfo:1092 android.view.IWindowSession$Stub.onTransact:1281 
07-29 20:54:30.625  2463  3739 I WindowManager: setOnBackInvokedCallback(): No window state for package:com.sohu.inputmethod.sogou.xiaomi
07-29 20:54:30.625  2463  5442 W WindowManager: Cannot find window which accessibility connection is added to
07-29 20:54:30.625  2463  4108 W InputMethodManagerService: Clear show forced flag.
07-29 20:54:30.625  2463  4108 W SecurityInputMethodSwitcher: first check switch to security ime: false
07-29 20:54:30.626  2105  2105 E DisplayModeController: setDesiredMode : Idle status skip setActiveMode, isDdicIdleMode: 1
07-29 20:54:30.626  2463  5442 I ClipboardServiceI: checkProviderWakePathForClipboard: primaryClip is null
07-29 20:54:30.626  1827  1827 I SDM     : HWCDisplay::SetActiveConfigWithConstraints: display:66-0, config: 3, WxH 1200x2670, fps 120
07-29 20:54:30.627  1827  1827 W SDM     : HWDeviceDRM::GetSupportedBitClkRate: Requested rate not supported: 1150000000
07-29 20:54:30.627  1827  1827 I SDM     : HWDeviceDRM::UpdateMixerAttributes: Mixer WxH 1200x2670-1 for Peripheral
07-29 20:54:30.627  4505  6784 I htmlviewercloudcontrol: isStagingEnv:false param =  InputMethod  uriMatch = 2, cluster: cn, version: 553104, traceId: aa4a7f1732c179f033e45bb6df6285c3, regId: +4z3RS85+e2U9l+sd6caQ/srGmJCsEbKpG1twyPn1K0CrNNyxYT/yAgGVxm5X+yC
07-29 20:54:30.627  1827  1827 I SDM     : HWCDisplay::SubmitDisplayConfig: Active configuration changed from config 1 to 3
07-29 20:54:30.627  1827  1827 I SDM     : HWCDisplay::SubmitDisplayConfig: Active WxH 1200x2670 ,ddic_mode:auto, timing_fps: 120, sf_fps: 120
07-29 20:54:30.628  1827  2752 I vendor.qti.hardware.display.composer-service: Sensor: notify citsensorservice to trigger cwb, misForced = 0
07-29 20:54:30.628  3002  4297 I libsensor-parseRGB: request dump start for mRequestDisplayId 0
07-29 20:54:30.626  2463  4108 W SecurityInputMethodSwitcher: double check switch to security ime: false
07-29 20:54:30.629  2463  4108 W SecurityInputMethodSwitcher: switch to other input method from security ime:false mayChangeToMiuiSecurityInputMethod: false current focus window: android.os.BinderProxy@e737978
07-29 20:54:30.630  2463  5531 W WindowManager: Failed looking up window session=Session{417d331 14622:u0a10183} callers=com.android.server.wm.WindowManagerService.removeClientToken:2442 com.android.server.wm.Session.remove:290 android.view.IWindowSession$Stub.onTransact:741 
07-29 20:54:30.630  4553 14882 W HWUI    : Surface doesn't have any previously queued frames, nothing to readback from
07-29 20:54:30.631  9900 19318 I Market-DownloadLimitSpeedManager: stopLimitSpeed
07-29 20:54:30.631  9900 19318 I Market-LimitSpeedManager: stopLimitSpeedNow() =========== 
07-29 20:54:30.631 18384 22937 I auth    : [XMS][Auth] updateAuthInfo in db true
07-29 20:54:30.632 14622 14622 I IMEBottomManager: disableQuickMoveCursor
07-29 20:54:30.636 18384 22937 I auth    : [XMS][Auth] updateAuthInfo in db true
07-29 20:54:30.639  2463  4205 I MiuiNetworkPolicy: updateUidState uid = 10162, uidState = 10
07-29 20:54:30.639  2463  5539 I ClipboardServiceI: checkProviderWakePathForClipboard: primaryClip is null
07-29 20:54:30.640  2463  5539 I SmartPower: com.miui.phrase/10162(27285): idle->background(59386ms) R(content provider start ContentProviderRecord{e3754c6 u0 com.miui.phrase/com.miui.provider.InputProvider}) adj=0.
07-29 20:54:30.643 18384 22937 I auth    : [XMS][Auth] updateAuthInfo in db true
07-29 20:54:30.646  2463  5129 E InputMethodManagerService: Ignoring com.android.server.inputmethod.InputMethodManagerService.updateStatusIcon:2768 due to an invalid token. uid:10183 token:android.os.Binder@6f0bb25
07-29 20:54:30.646 18384 20861 I auth    : [XMS][Auth] updateAuthInfo in db true
07-29 20:54:30.646  9900 19318 I Market-RetrofitRequest: callEnd : https://updateinfo.market.xiaomi.com/apm/updateinfo/v2
07-29 20:54:30.648 14622 14622 W WindowTokenClientController: Can't find attached WindowTokenClient for android.window.WindowTokenClient@108320e
07-29 20:54:30.648  9900 19318 W Market-Connection: Connection result is cut off as too long
07-29 20:54:30.649 18384 22937 I auth    : [XMS][Auth] updateAuthInfo in db true
07-29 20:54:30.650  2463  4205 I MiuiNetworkPolicy: updateUidState uid = 10183, uidState = 16
07-29 20:54:30.650  2463  4205 I MiuiNetworkPolicy: updateUidState uid = 10162, uidState = 19
07-29 20:54:30.651 18384 22937 I auth    : [XMS][Auth] updateAuthInfo in db true
07-29 20:54:30.653  9900 19318 I Market-LocalAppManager: getUpdateInfoFromServer : end  , responseCode : OK
07-29 20:54:30.653  9900 19318 I Market-LocalAppManager: checkUpdateFromServer : end
07-29 20:54:30.655  9900 19318 I Market-LocalAppManager: checkUpdateFromServer  data parser : end
07-29 20:54:30.655  9900 19318 I Market-HuanjiManager: condition not satisfied, ignore
07-29 20:54:30.656  9900 19318 I Market-DataParser: [InvalidPackageList] JSON : invalidSystemPackageList list is null
07-29 20:54:30.656  9900 19318 I Market-LocalAppManager: checkUpdateFromServer  filter package : end
07-29 20:54:30.656  9900 19318 I Market-LocalAppManager: checkUpdateFromServer  support64BitPackagesJsonArray : end
07-29 20:54:30.656  9900 19318 I Market-LocalAppManager: query update apps from server : finish, 64 / 424 to update
07-29 20:54:30.657 19165 19434 W ziparchive: Unable to open '/system/framework/QXPerformance.dm': No such file or directory
07-29 20:54:30.657 19165 19434 W ziparchive: Unable to open '/system/framework/QXPerformance.dm': No such file or directory
07-29 20:54:30.658  2463  5442 I AppsFilter: interaction: PackageSetting{dd55ac1 io.github.ylimit.droidbotapp/10357} -> PackageSetting{a76cbdd com.miui.screenrecorder/10273} BLOCKED
07-29 20:54:30.658  2463  5442 I AppsFilter: interaction: PackageSetting{dd55ac1 io.github.ylimit.droidbotapp/10357} -> PackageSetting{a05352 com.android.cts.priv.ctsshim/10252} BLOCKED
07-29 20:54:30.658  2463  5442 I AppsFilter: interaction: PackageSetting{dd55ac1 io.github.ylimit.droidbotapp/10357} -> PackageSetting{112a623 com.quark.browser/10328} BLOCKED
07-29 20:54:30.658  2463  5442 I AppsFilter: interaction: PackageSetting{dd55ac1 io.github.ylimit.droidbotapp/10357} -> PackageSetting{5a19720 com.android.uwb.resources/10242} BLOCKED
07-29 20:54:30.658  2463  5442 I AppsFilter: interaction: PackageSetting{dd55ac1 io.github.ylimit.droidbotapp/10357} -> PackageSetting{9adfe9 com.android.internal.display.cutout.emulation.corner/10008} BLOCKED
07-29 20:54:30.658  2463  5442 I AppsFilter: interaction: PackageSetting{dd55ac1 io.github.ylimit.droidbotapp/10357} -> PackageSetting{960846e com.android.internal.display.cutout.emulation.double/10013} BLOCKED
07-29 20:54:30.658  2463  5442 I AppsFilter: interaction: PackageSetting{dd55ac1 io.github.ylimit.droidbotapp/10357} -> PackageSetting{dc43caa io.appium.settings/10274} BLOCKED
07-29 20:54:30.658  2463  5442 I AppsFilter: interaction: PackageSetting{dd55ac1 io.github.ylimit.droidbotapp/10357} -> PackageSetting{49948d9 com.unionpay.tsmservice.mi/10185} BLOCKED
07-29 20:54:30.658  2463  5442 I AppsFilter: interaction: PackageSetting{dd55ac1 io.github.ylimit.droidbotapp/10357} -> PackageSetting{a4c529e com.android.healthconnect.controller/10245} BLOCKED
07-29 20:54:30.658  2463  5442 I AppsFilter: interaction: PackageSetting{dd55ac1 io.github.ylimit.droidbotapp/10357} -> PackageSetting{7df817f com.wuba.zhuanzhuan/10260} BLOCKED
07-29 20:54:30.658  2463  5442 I AppsFilter: interaction: PackageSetting{dd55ac1 io.github.ylimit.droidbotapp/10357} -> PackageSetting{ad9054c com.alibaba.aliexpresshd/10303} BLOCKED
07-29 20:54:30.658  2463  5442 I AppsFilter: interaction: PackageSetting{dd55ac1 io.github.ylimit.droidbotapp/10357} -> PackageSetting{2cc9995 com.google.android.onetimeinitializer/10123} BLOCKED
07-29 20:54:30.658  2463  5442 I AppsFilter: interaction: PackageSetting{dd55ac1 io.github.ylimit.droidbotapp/10357} -> PackageSetting{626faaa com.android.health.connect.backuprestore/10246} BLOCKED
07-29 20:54:30.658  2463  5442 I AppsFilter: interaction: PackageSetting{dd55ac1 io.github.ylimit.droidbotapp/10357} -> PackageSetting{874b69b com.google.android.ext.shared/10150} BLOCKED
07-29 20:54:30.658  2463  5442 I AppsFilter: interaction: PackageSetting{dd55ac1 io.github.ylimit.droidbotapp/10357} -> PackageSetting{372a38 com.android.virtualmachine.res/10237} BLOCKED
07-29 20:54:30.658  2463  5442 I AppsFilter: interaction: PackageSetting{dd55ac1 io.github.ylimit.droidbotapp/10357} -> PackageSetting{66fd907 com.android.providers.telephony.auto_generated_characteristics_rro/10072} BLOCKED
07-29 20:54:30.658  2463  5442 I AppsFilter: interaction: PackageSetting{dd55ac1 io.github.ylimit.droidbotapp/10357} -> PackageSetting{5aa3a11 com.xiaomi.gamecenter.sdk.service/10140} BLOCKED
07-29 20:54:30.658  2463  5442 I AppsFilter: interaction: PackageSetting{dd55ac1 io.github.ylimit.droidbotapp/10357} -> PackageSetting{1521776 com.android.htmlviewer/10092} BLOCKED
07-29 20:54:30.658  2463  5442 I AppsFilter: interaction: PackageSetting{dd55ac1 io.github.ylimit.droidbotapp/10357} -> PackageSetting{e5e2177 com.miui.gallery/10271} BLOCKED
07-29 20:54:30.658  3002  6353 E libsensor-parseRGB: CWB NotifyCWBBufferDone  error 0
07-29 20:54:30.658  2463  5442 I AppsFilter: interaction: PackageSetting{dd55ac1 io.github.ylimit.droidbotapp/10357} -> PackageSetting{550b1e4 com.quicinc.voice.activation/10214} BLOCKED
07-29 20:54:30.658  2463  5442 I AppsFilter: interaction: PackageSetting{dd55ac1 io.github.ylimit.droidbotapp/10357} -> PackageSetting{3e7664d com.google.android.configupdater/10122} BLOCKED
07-29 20:54:30.658  2463  5442 I AppsFilter: interaction: PackageSetting{dd55ac1 io.github.ylimit.droidbotapp/10357} -> PackageSetting{7403502 com.android.soundrecorder/10276} BLOCKED
07-29 20:54:30.658  2463  5442 I AppsFilter: interaction: PackageSetting{dd55ac1 io.github.ylimit.droidbotapp/10357} -> PackageSetting{8095e13 com.suxing.sustream/10338} BLOCKED
07-29 20:54:30.658  2463  5442 I AppsFilter: interaction: PackageSetting{dd55ac1 io.github.ylimit.droidbotapp/10357} -> PackageSetting{c590850 io.appium.uiautomator2.server/10283} BLOCKED
07-29 20:54:30.658  2463  5442 I AppsFilter: interaction: PackageSetting{dd55ac1 io.github.ylimit.droidbotapp/10357} -> PackageSetting{511a49 com.android.safetycenter.resources/10240} BLOCKED
07-29 20:54:30.658  2463  5442 I AppsFilter: interaction: PackageSetting{dd55ac1 io.github.ylimit.droidbotapp/10357} -> PackageSetting{6009f4e org.secuso.privacyfriendlytodolist/10270} BLOCKED
07-29 20:54:30.658  2463  5442 I AppsFilter: interaction: PackageSetting{dd55ac1 io.github.ylimit.droidbotapp/10357} -> PackageSetting{321c86f com.android.providers.downloads.ui/10261} BLOCKED
07-29 20:54:30.658  2463  5442 I AppsFilter: interaction: PackageSetting{dd55ac1 io.github.ylimit.droidbotapp/10357} -> PackageSetting{54e597c com.android.simappdialog/10113} BLOCKED
07-29 20:54:30.659  2463  5442 I AppsFilter: interaction: PackageSetting{dd55ac1 io.github.ylimit.droidbotapp/10357} -> PackageSetting{3881205 com.xingin.xhs/10286} BLOCKED
07-29 20:54:30.659  2463  5442 I AppsFilter: interaction: PackageSetting{dd55ac1 io.github.ylimit.droidbotapp/10357} -> PackageSetting{b4b625a com.android.connectivity.resources/10244} BLOCKED
07-29 20:54:30.659  2463  5442 I AppsFilter: interaction: PackageSetting{dd55ac1 io.github.ylimit.droidbotapp/10357} -> PackageSetting{2ac7c8b com.cnn.mobile.android.phone/10316} BLOCKED
07-29 20:54:30.659  2463  5442 I AppsFilter: interaction: PackageSetting{dd55ac1 io.github.ylimit.droidbotapp/10357} -> PackageSetting{3db11f7 com.android.internal.display.cutout.emulation.hole/10010} BLOCKED
07-29 20:54:30.659  2463  5442 I AppsFilter: interaction: PackageSetting{dd55ac1 io.github.ylimit.droidbotapp/10357} -> PackageSetting{fca1864 com.android.internal.display.cutout.emulation.tall/10011} BLOCKED
07-29 20:54:30.659  2463  5442 I AppsFilter: interaction: PackageSetting{dd55ac1 io.github.ylimit.droidbotapp/10357} -> PackageSetting{fe59168 com.android.modulemetadata/10174} BLOCKED
07-29 20:54:30.659  2463  5442 I AppsFilter: interaction: PackageSetting{dd55ac1 io.github.ylimit.droidbotapp/10357} -> PackageSetting{7b43f82 com.android.internal.systemui.navbar.threebutton/10051} BLOCKED
07-29 20:54:30.659  2463  5442 I AppsFilter: interaction: PackageSetting{dd55ac1 io.github.ylimit.droidbotapp/10357} -> PackageSetting{64d4a26 com.android.wifi.dialog/10211} BLOCKED
07-29 20:54:30.659  2463  5442 I AppsFilter: interaction: PackageSetting{dd55ac1 io.github.ylimit.droidbotapp/10357} -> PackageSetting{ae45667 com.tencent.android.qqdownloader/10324} BLOCKED
07-29 20:54:30.659  2463  5442 I AppsFilter: interaction: PackageSetting{dd55ac1 io.github.ylimit.droidbotapp/10357} -> PackageSetting{365c14 com.android.contacts/10132} BLOCKED
07-29 20:54:30.659  2463  5442 I AppsFilter: interaction: PackageSetting{dd55ac1 io.github.ylimit.droidbotapp/10357} -> PackageSetting{2ab7cbd cn.amazon.mShop.android/10301} BLOCKED
07-29 20:54:30.659  2463  5442 I AppsFilter: interaction: PackageSetting{dd55ac1 io.github.ylimit.droidbotapp/10357} -> PackageSetting{a33e2b2 com.miui.securitymanager/10272} BLOCKED
07-29 20:54:30.659  2463  5442 I AppsFilter: interaction: PackageSetting{dd55ac1 io.github.ylimit.droidbotapp/10357} -> PackageSetting{ed5f203 com.baidu.searchbox/10340} BLOCKED
07-29 20:54:30.659  2463  5442 I AppsFilter: interaction: PackageSetting{dd55ac1 io.github.ylimit.droidbotapp/10357} -> PackageSetting{2272580 com.android.mms/10141} BLOCKED
07-29 20:54:30.659  2463  5442 I AppsFilter: interaction: PackageSetting{dd55ac1 io.github.ylimit.droidbotapp/10357} -> PackageSetting{91827b9 com.jijia.bqwnl/10327} BLOCKED
07-29 20:54:30.659  2463  5442 I AppsFilter: interaction: PackageSetting{dd55ac1 io.github.ylimit.droidbotapp/10357} -> PackageSetting{d7977fe com.yahoo.mobile.client.android.mail/10341} BLOCKED
07-29 20:54:30.659  2463  5442 I AppsFilter: interaction: PackageSetting{dd55ac1 io.github.ylimit.droidbotapp/10357} -> PackageSetting{bbbab5f com.mfashiongallery.emag/10262} BLOCKED
07-29 20:54:30.659  2463  5442 I AppsFilter: interaction: PackageSetting{dd55ac1 io.github.ylimit.droidbotapp/10357} -> PackageSetting{79919ac com.instagram.android/10289} BLOCKED
07-29 20:54:30.659  2463  5442 I AppsFilter: interaction: PackageSetting{dd55ac1 io.github.ylimit.droidbotapp/10357} -> PackageSetting{90a8675 com.google.android.gm/10290} BLOCKED
07-29 20:54:30.659  2463  5442 I AppsFilter: interaction: PackageSetting{dd55ac1 io.github.ylimit.droidbotapp/10357} -> PackageSetting{1f1160a com.android.compos.payload/10243} BLOCKED
07-29 20:54:30.659  2463  5442 I AppsFilter: interaction: PackageSetting{dd55ac1 io.github.ylimit.droidbotapp/10357} -> PackageSetting{e199e7b com.microsoft.emmx/10311} BLOCKED
07-29 20:54:30.659  2463  5442 I AppsFilter: interaction: PackageSetting{dd55ac1 io.github.ylimit.droidbotapp/10357} -> PackageSetting{d542498 com.android.settings.intelligence/10142} BLOCKED
07-29 20:54:30.659  2463  5442 I AppsFilter: interaction: PackageSetting{dd55ac1 io.github.ylimit.droidbotapp/10357} -> PackageSetting{58a14f1 com.android.calendar/10265} BLOCKED
07-29 20:54:30.659  2463  5442 I AppsFilter: interaction: PackageSetting{dd55ac1 io.github.ylimit.droidbotapp/10357} -> PackageSetting{19288d6 com.miui.virtualsim/10277} BLOCKED
07-29 20:54:30.659  2463  5442 I AppsFilter: interaction: PackageSetting{dd55ac1 io.github.ylimit.droidbotapp/10357} -> PackageSetting{c99a757 com.microsoft.office.outlook/10323} BLOCKED
07-29 20:54:30.659  2463  5442 I AppsFilter: interaction: PackageSetting{dd55ac1 io.github.ylimit.droidbotapp/10357} -> PackageSetting{2b2f244 com.miui.compass/10267} BLOCKED
07-29 20:54:30.659  2463  5442 I AppsFilter: interaction: PackageSetting{dd55ac1 io.github.ylimit.droidbotapp/10357} -> PackageSetting{9a0f2d com.android.printspooler/10224} BLOCKED
07-29 20:54:30.659  2463  5442 I AppsFilter: interaction: PackageSetting{dd55ac1 io.github.ylimit.droidbotapp/10357} -> PackageSetting{c065c62 com.android.dreams.basic/10103} BLOCKED
07-29 20:54:30.659  2463  5442 I AppsFilter: interaction: PackageSetting{dd55ac1 io.github.ylimit.droidbotapp/10357} -> PackageSetting{4a761f3 com.android.incallui/10126} BLOCKED
07-29 20:54:30.660  2463  5442 I AppsFilter: interaction: PackageSetting{dd55ac1 io.github.ylimit.droidbotapp/10357} -> PackageSetting{eeeb0 com.musicworx/10320} BLOCKED
07-29 20:54:30.660  2463  5442 I AppsFilter: interaction: PackageSetting{dd55ac1 io.github.ylimit.droidbotapp/10357} -> PackageSetting{f357129 com.android.rkpdapp/10254} BLOCKED
07-29 20:54:30.660  2463  5442 I AppsFilter: interaction: PackageSetting{dd55ac1 io.github.ylimit.droidbotapp/10357} -> PackageSetting{46ec6fb com.newcall.overlay.miui/10041} BLOCKED
07-29 20:54:30.660  2463  5442 I AppsFilter: interaction: PackageSetting{dd55ac1 io.github.ylimit.droidbotapp/10357} -> PackageSetting{f1dcae todolist.scheduleplanner.dailyplanner.todo.reminders/10299} BLOCKED
07-29 20:54:30.660  2463  5442 I AppsFilter: interaction: PackageSetting{dd55ac1 io.github.ylimit.droidbotapp/10357} -> PackageSetting{9d4b171 android.auto_generated_characteristics_rro/10068} BLOCKED
07-29 20:54:30.660  2463  5442 I AppsFilter: interaction: PackageSetting{dd55ac1 io.github.ylimit.droidbotapp/10357} -> PackageSetting{4cc2a4f com.android.musicfx/10094} BLOCKED
07-29 20:54:30.660  2463  5442 I AppsFilter: interaction: PackageSetting{dd55ac1 io.github.ylimit.droidbotapp/10357} -> PackageSetting{7ec45dc com.todoist/10298} BLOCKED
07-29 20:54:30.660  2463  5442 I AppsFilter: interaction: PackageSetting{dd55ac1 io.github.ylimit.droidbotapp/10357} -> PackageSetting{10af6e5 com.google.android.webview/10188} BLOCKED
07-29 20:54:30.660  2463  5442 I AppsFilter: interaction: PackageSetting{dd55ac1 io.github.ylimit.droidbotapp/10357} -> PackageSetting{30315ba com.zhuantech.sijiweather/10337} BLOCKED
07-29 20:54:30.660  2463  5442 I AppsFilter: interaction: PackageSetting{dd55ac1 io.github.ylimit.droidbotapp/10357} -> PackageSetting{cb1c6b com.ss.android.article.news/10325} BLOCKED
07-29 20:54:30.660  2463  5442 I AppsFilter: interaction: PackageSetting{dd55ac1 io.github.ylimit.droidbotapp/10357} -> PackageSetting{a691a73 com.android.phone.auto_generated_characteristics_rro/10060} BLOCKED
07-29 20:54:30.660  3117  3117 I adbd    : in ShellService: getprop ro.build.version.release
07-29 20:54:30.660  2463  5442 I AppsFilter: interaction: PackageSetting{dd55ac1 io.github.ylimit.droidbotapp/10357} -> PackageSetting{ee5e3c8 com.android.chrome/10282} BLOCKED
07-29 20:54:30.660  2463  5442 I AppsFilter: interaction: PackageSetting{dd55ac1 io.github.ylimit.droidbotapp/10357} -> PackageSetting{7f91c61 com.UCMobile/10332} BLOCKED
07-29 20:54:30.660  2463  5442 I AppsFilter: interaction: PackageSetting{dd55ac1 io.github.ylimit.droidbotapp/10357} -> PackageSetting{fbcd386 com.ss.android.ugc.aweme/10322} BLOCKED
07-29 20:54:30.660  2463  5442 I AppsFilter: interaction: PackageSetting{dd55ac1 io.github.ylimit.droidbotapp/10357} -> PackageSetting{b7d1447 com.android.wifi.resources/10258} BLOCKED
07-29 20:54:30.661  2463  5442 I AppsFilter: interaction: PackageSetting{dd55ac1 io.github.ylimit.droidbotapp/10357} -> PackageSetting{6597474 com.skysoft.kkbox.android/10285} BLOCKED
07-29 20:54:30.661  2463  5442 I AppsFilter: interaction: PackageSetting{dd55ac1 io.github.ylimit.droidbotapp/10357} -> PackageSetting{b4a1d9d com.getsurfboard/10279} BLOCKED
07-29 20:54:30.661  2463  5442 I AppsFilter: interaction: PackageSetting{dd55ac1 io.github.ylimit.droidbotapp/10357} -> PackageSetting{802a212 com.netease.newsreader.activity/10313} BLOCKED
07-29 20:54:30.661  2463  5442 I AppsFilter: interaction: PackageSetting{dd55ac1 io.github.ylimit.droidbotapp/10357} -> PackageSetting{4fb64eb com.android.theme.font.notoserifsource/10017} BLOCKED
07-29 20:54:30.661  2463  5442 I AppsFilter: interaction: PackageSetting{dd55ac1 io.github.ylimit.droidbotapp/10357} -> PackageSetting{26cade3 com.kuaishou.nebula/10329} BLOCKED
07-29 20:54:30.661  2463  5442 I AppsFilter: interaction: PackageSetting{dd55ac1 io.github.ylimit.droidbotapp/10357} -> PackageSetting{c63d8e1 com.android.internal.display.cutout.emulation.waterfall/10012} BLOCKED
07-29 20:54:30.661  2463  5442 I AppsFilter: interaction: PackageSetting{dd55ac1 io.github.ylimit.droidbotapp/10357} -> PackageSetting{19e1606 com.android.internal.systemui.navbar.transparent/10063} BLOCKED
07-29 20:54:30.661  2463  5442 I AppsFilter: interaction: PackageSetting{dd55ac1 io.github.ylimit.droidbotapp/10357} -> PackageSetting{5d363e0 com.miui.newhome/10296} BLOCKED
07-29 20:54:30.661  2463  5442 I AppsFilter: interaction: PackageSetting{dd55ac1 io.github.ylimit.droidbotapp/10357} -> PackageSetting{2aff699 com.miui.video/10294} BLOCKED
07-29 20:54:30.661  2463  5442 I AppsFilter: interaction: PackageSetting{dd55ac1 io.github.ylimit.droidbotapp/10357} -> PackageSetting{564cd5e com.google.android.printservice.recommendation/10153} BLOCKED
07-29 20:54:30.661  2463  5442 I AppsFilter: interaction: PackageSetting{dd55ac1 io.github.ylimit.droidbotapp/10357} -> PackageSetting{732453f com.baidu.searchbox.lite/10334} BLOCKED
07-29 20:54:30.661  2463  5442 I AppsFilter: interaction: PackageSetting{dd55ac1 io.github.ylimit.droidbotapp/10357} -> PackageSetting{f3ade0c com.spotify.music/10317} BLOCKED
07-29 20:54:30.661  2463  5442 I AppsFilter: interaction: PackageSetting{dd55ac1 io.github.ylimit.droidbotapp/10357} -> PackageSetting{5006355 com.google.android.documentsui/10100} BLOCKED
07-29 20:54:30.661  2463  5442 I AppsFilter: interaction: PackageSetting{dd55ac1 io.github.ylimit.droidbotapp/10357} -> PackageSetting{82c616a com.google.android.accessibility.switchaccess/10184} BLOCKED
07-29 20:54:30.661  2463  5442 I AppsFilter: interaction: PackageSetting{dd55ac1 io.github.ylimit.droidbotapp/10357} -> PackageSetting{28ff65b com.sohu.inputmethod.sogou.xiaomi/10183} BLOCKED
07-29 20:54:30.661  2463  5442 I AppsFilter: interaction: PackageSetting{dd55ac1 io.github.ylimit.droidbotapp/10357} -> PackageSetting{9bdcef8 cn.ninegame.gamemanager/10330} BLOCKED
07-29 20:54:30.661  2463  5442 I AppsFilter: interaction: PackageSetting{dd55ac1 io.github.ylimit.droidbotapp/10357} -> PackageSetting{e8ff74c io.appium.uiautomator2.server.test/10280} BLOCKED
07-29 20:54:30.661  2463  5442 I AppsFilter: interaction: PackageSetting{dd55ac1 io.github.ylimit.droidbotapp/10357} -> PackageSetting{6b0dfd1 com.baidu.BaiduMap/10331} BLOCKED
07-29 20:54:30.661  2463  5442 I AppsFilter: interaction: PackageSetting{dd55ac1 io.github.ylimit.droidbotapp/10357} -> PackageSetting{a272a36 com.android.providers.partnerbookmarks/10109} BLOCKED
07-29 20:54:30.661  2463  5442 I AppsFilter: interaction: PackageSetting{dd55ac1 io.github.ylimit.droidbotapp/10357} -> PackageSetting{d4d9d37 com.android.smspush/10230} BLOCKED
07-29 20:54:30.661  2463  5442 I AppsFilter: interaction: PackageSetting{dd55ac1 io.github.ylimit.droidbotapp/10357} -> PackageSetting{f7ce2a4 com.miui.calculator/10263} BLOCKED
07-29 20:54:30.661  2463  5442 I AppsFilter: interaction: PackageSetting{dd55ac1 io.github.ylimit.droidbotapp/10357} -> PackageSetting{412a80d de.baumann.browser/10308} BLOCKED
