07-29 20:54:36.597 12982 19940 I filehook: >>>>> hooked. stub: 7d64661ad0, status: 0, caller_path_name: /system/lib64/libxml2.so, sym_name: __open_2, new_func: 7aaac54150, prev_func: 7e0aea1b4c, arg: 0
07-29 20:54:36.597 12982 19940 I filehook: >>>>> hooked. stub: 7d64661ad0, status: 0, caller_path_name: /system_ext/lib64/libhwuiinsptrdl.so, sym_name: __open_2, new_func: 7aaac54150, prev_func: 7e0aea1b4c, arg: 0
07-29 20:54:36.597 12982 19940 I filehook: >>>>> hooked. stub: 7d64661ad0, status: 0, caller_path_name: /system_ext/lib64/libmigui.so, sym_name: __open_2, new_func: 7aaac54150, prev_func: 7e0aea1b4c, arg: 0
07-29 20:54:36.597 12982 19940 I filehook: >>>>> hooked. stub: 7d64661ad0, status: 0, caller_path_name: /system_ext/lib64/libmisight.so, sym_name: __open_2, new_func: 7aaac54150, prev_func: 7e0aea1b4c, arg: 0
07-29 20:54:36.597 12982 19940 I filehook: >>>>> hooked. stub: 7d64661ad0, status: 0, caller_path_name: /system_ext/lib64/libmiui_runtime.so, sym_name: __open_2, new_func: 7aaac54150, prev_func: 7e0aea1b4c, arg: 0
07-29 20:54:36.597  2046  2081 I [THP-HAL]: release_all:force:0
07-29 20:54:36.598 12982 19940 I filehook: >>>>> hooked. stub: 7d64661ad0, status: 0, caller_path_name: /vendor/lib64/libgralloccore.so, sym_name: __open_2, new_func: 7aaac54150, prev_func: 7e0aea1b4c, arg: 0
07-29 20:54:36.598 12982 19940 I filehook: >>>>> hooked. stub: 7d64661ad0, status: 0, caller_path_name: /vendor/lib64/libgsl.so, sym_name: __open_2, new_func: 7aaac54150, prev_func: 7e0aea1b4c, arg: 0
07-29 20:54:36.598 12982 19940 I filehook: >>>>> hooked. stub: 7d64661ad0, status: 0, caller_path_name: /vendor/lib64/libvmmem.so, sym_name: __open_2, new_func: 7aaac54150, prev_func: 7e0aea1b4c, arg: 0
07-29 20:54:36.598 12982 19940 I filehook: >>>>> hooked. stub: 7d64661ec0, status: 0, caller_path_name: /apex/com.android.art/lib64/libart.so, sym_name: mkdir, new_func: 7aaac541bc, prev_func: 7e0aea0d10, arg: 0
07-29 20:54:36.598 12982 19940 I filehook: >>>>> hooked. stub: 7d64661ec0, status: 0, caller_path_name: /apex/com.android.art/lib64/libartbase.so, sym_name: mkdir, new_func: 7aaac541bc, prev_func: 7e0aea0d10, arg: 0
07-29 20:54:36.598 12982 19940 I filehook: >>>>> hooked. stub: 7d64661ec0, status: 0, caller_path_name: /apex/com.android.art/lib64/libc++.so, sym_name: mkdir, new_func: 7aaac541bc, prev_func: 7e0aea0d10, arg: 0
07-29 20:54:36.598 12982 19940 I filehook: >>>>> hooked. stub: 7d64661ec0, status: 0, caller_path_name: /apex/com.android.art/lib64/libjavacore.so, sym_name: mkdir, new_func: 7aaac541bc, prev_func: 7e0aea0d10, arg: 0
07-29 20:54:36.598 12982 19940 I filehook: >>>>> hooked. stub: 7d64661ec0, status: 0, caller_path_name: /apex/com.android.art/lib64/libnativebridge.so, sym_name: mkdir, new_func: 7aaac541bc, prev_func: 7e0aea0d10, arg: 0
07-29 20:54:36.598 12982 19940 I filehook: >>>>> hooked. stub: 7d64661ec0, status: 0, caller_path_name: /apex/com.android.art/lib64/libopenjdk.so, sym_name: mkdir, new_func: 7aaac541bc, prev_func: 7e0aea0d10, arg: 0
07-29 20:54:36.598 12982 19940 I filehook: >>>>> hooked. stub: 7d64661ec0, status: 0, caller_path_name: /apex/com.android.conscrypt/lib64/libc++.so, sym_name: mkdir, new_func: 7aaac541bc, prev_func: 7e0aea0d10, arg: 0
07-29 20:54:36.600 12982 19940 I filehook: >>>>> hooked. stub: 7d64661ec0, status: 0, caller_path_name: /apex/com.android.runtime/lib64/bionic/libc.so, sym_name: mkdir, new_func: 7aaac541bc, prev_func: 7e0aea0d10, arg: 0
07-29 20:54:36.601 12982 19940 I filehook: >>>>> hooked. stub: 7d64661ec0, status: 0, caller_path_name: /apex/com.android.vndk.v34/lib64/libcutils.so, sym_name: mkdir, new_func: 7aaac541bc, prev_func: 7e0aea0d10, arg: 0
07-29 20:54:36.601 12982 19940 I filehook: >>>>> hooked. stub: 7d64661ec0, status: 0, caller_path_name: /data/app/~~naXyFBWev0WaR6iSxCiDUQ==/com.xingin.xhs-lLmsAkZUpbytEgkoEwuLhw==/lib/arm64/libcronet.114.0.5735.38.so, sym_name: mkdir, new_func: 7aaac541bc, prev_func: 7e0aea0d10, arg: 0
07-29 20:54:36.601 12982 19940 I filehook: >>>>> hooked. stub: 7d64661ec0, status: 0, caller_path_name: /data/app/~~naXyFBWev0WaR6iSxCiDUQ==/com.xingin.xhs-lLmsAkZUpbytEgkoEwuLhw==/lib/arm64/libmarsxlog.so, sym_name: mkdir, new_func: 7aaac541bc, prev_func: 7e0aea0d10, arg: 0
07-29 20:54:36.601 12982 19940 I filehook: >>>>> hooked. stub: 7d64661ec0, status: 0, caller_path_name: /data/app/~~naXyFBWev0WaR6iSxCiDUQ==/com.xingin.xhs-lLmsAkZUpbytEgkoEwuLhw==/lib/arm64/libmmkv2.so, sym_name: mkdir, new_func: 7aaac541bc, prev_func: 7e0aea0d10, arg: 0
07-29 20:54:36.601 12982 19940 I filehook: >>>>> hooked. stub: 7d64661ec0, status: 0, caller_path_name: /data/app/~~naXyFBWev0WaR6iSxCiDUQ==/com.xingin.xhs-lLmsAkZUpbytEgkoEwuLhw==/lib/arm64/libopen_hook.so, sym_name: mkdir, new_func: 7aaac541bc, prev_func: 7e0aea0d10, arg: 0
07-29 20:54:36.601 12982 19940 I filehook: >>>>> hooked. stub: 7d64661ec0, status: 0, caller_path_name: /data/app/~~naXyFBWev0WaR6iSxCiDUQ==/com.xingin.xhs-lLmsAkZUpbytEgkoEwuLhw==/lib/arm64/libreddb.so, sym_name: mkdir, new_func: 7aaac541bc, prev_func: 7e0aea0d10, arg: 0
07-29 20:54:36.601 12982 19940 I filehook: >>>>> hooked. stub: 7d64661ec0, status: 0, caller_path_name: /data/app/~~naXyFBWev0WaR6iSxCiDUQ==/com.xingin.xhs-lLmsAkZUpbytEgkoEwuLhw==/lib/arm64/libreddownload.so, sym_name: mkdir, new_func: 7aaac541bc, prev_func: 7e0aea0d10, arg: 0
07-29 20:54:36.601 12982 19940 I filehook: >>>>> hooked. stub: 7d64661ec0, status: 0, caller_path_name: /data/app/~~naXyFBWev0WaR6iSxCiDUQ==/com.xingin.xhs-lLmsAkZUpbytEgkoEwuLhw==/lib/arm64/libredffmpeg.so, sym_name: mkdir, new_func: 7aaac541bc, prev_func: 7e0aea0d10, arg: 0
07-29 20:54:36.601 12982 19940 I filehook: >>>>> hooked. stub: 7d64661ec0, status: 0, caller_path_name: /data/app/~~naXyFBWev0WaR6iSxCiDUQ==/com.xingin.xhs-lLmsAkZUpbytEgkoEwuLhw==/lib/arm64/libsentry.so, sym_name: mkdir, new_func: 7aaac541bc, prev_func: 7e0aea0d10, arg: 0
07-29 20:54:36.601 12982 19940 I filehook: >>>>> hooked. stub: 7d64661ec0, status: 0, caller_path_name: /data/app/~~naXyFBWev0WaR6iSxCiDUQ==/com.xingin.xhs-lLmsAkZUpbytEgkoEwuLhw==/lib/arm64/libtiny.so, sym_name: mkdir, new_func: 7aaac541bc, prev_func: 7e0aea0d10, arg: 0
07-29 20:54:36.601 12982 19940 I filehook: >>>>> hooked. stub: 7d64661ec0, status: 0, caller_path_name: /data/app/~~naXyFBWev0WaR6iSxCiDUQ==/com.xingin.xhs-lLmsAkZUpbytEgkoEwuLhw==/lib/arm64/libxhslonglink.so, sym_name: mkdir, new_func: 7aaac541bc, prev_func: 7e0aea0d10, arg: 0
07-29 20:54:36.601 12982 19940 I filehook: >>>>> hooked. stub: 7d64661ec0, status: 0, caller_path_name: /data/app/~~naXyFBWev0WaR6iSxCiDUQ==/com.xingin.xhs-lLmsAkZUpbytEgkoEwuLhw==/lib/arm64/libxylog.so, sym_name: mkdir, new_func: 7aaac541bc, prev_func: 7e0aea0d10, arg: 0
07-29 20:54:36.601 12982 19940 I filehook: >>>>> hooked. stub: 7d64661ec0, status: 0, caller_path_name: /system/bin/app_process64, sym_name: mkdir, new_func: 7aaac541bc, prev_func: 7e0aea0d10, arg: 0
07-29 20:54:36.602 12982 19940 I filehook: >>>>> hooked. stub: 7d64661ec0, status: 0, caller_path_name: /system/lib64/libartpalette-system.so, sym_name: mkdir, new_func: 7aaac541bc, prev_func: 7e0aea0d10, arg: 0
07-29 20:54:36.602 12982 19940 I filehook: >>>>> hooked. stub: 7d64661ec0, status: 0, caller_path_name: /system/lib64/libbpf_bcc.so, sym_name: mkdir, new_func: 7aaac541bc, prev_func: 7e0aea0d10, arg: 0
07-29 20:54:36.602 12982 19940 I filehook: >>>>> hooked. stub: 7d64661ec0, status: 0, caller_path_name: /system/lib64/libc++.so, sym_name: mkdir, new_func: 7aaac541bc, prev_func: 7e0aea0d10, arg: 0
07-29 20:54:36.602 12982 19940 I filehook: >>>>> hooked. stub: 7d64661ec0, status: 0, caller_path_name: /system/lib64/libclang_rt.ubsan_standalone-aarch64-android.so, sym_name: mkdir, new_func: 7aaac541bc, prev_func: 7e0aea0d10, arg: 0
07-29 20:54:36.603 12982 19940 I filehook: >>>>> hooked. stub: 7d64661ec0, status: 0, caller_path_name: /system/lib64/libcutils.so, sym_name: mkdir, new_func: 7aaac541bc, prev_func: 7e0aea0d10, arg: 0
07-29 20:54:36.603  2463  4644 I SensorAccount: ExecutionCapabilityChanged  pkgName:com.xingin.xhs  canAfford:true mCurrentForegroundUid:10286
07-29 20:54:36.603 12982 19940 I filehook: >>>>> hooked. stub: 7d64661ec0, status: 0, caller_path_name: /system/lib64/libincfs.so, sym_name: mkdir, new_func: 7aaac541bc, prev_func: 7e0aea0d10, arg: 0
07-29 20:54:36.603 12982 19940 I filehook: >>>>> hooked. stub: 7d64661ec0, status: 0, caller_path_name: /system/lib64/libmtp.so, sym_name: mkdir, new_func: 7aaac541bc, prev_func: 7e0aea0d10, arg: 0
07-29 20:54:36.603 12982 19940 I filehook: >>>>> hooked. stub: 7d64661ec0, status: 0, caller_path_name: /system/lib64/libprocessgroup.so, sym_name: mkdir, new_func: 7aaac541bc, prev_func: 7e0aea0d10, arg: 0
07-29 20:54:36.603 12982 19940 I filehook: >>>>> hooked. stub: 7d64661ec0, status: 0, caller_path_name: /system/lib64/libsqlite.so, sym_name: mkdir, new_func: 7aaac541bc, prev_func: 7e0aea0d10, arg: 0
07-29 20:54:36.604 12982 19940 I filehook: >>>>> hooked. stub: 7d64661ec0, status: 0, caller_path_name: /vendor/lib64/libgsl.so, sym_name: mkdir, new_func: 7aaac541bc, prev_func: 7e0aea0d10, arg: 0
07-29 20:54:36.605 20174 20174 I MessageMonitor: Load libmiui_runtime
07-29 20:54:36.611  2463  5129 I SmartPower: com.xiaomi.trustservice/1000(20174): -1->invisible(64ms) R(process start ) adj=-10000.
07-29 20:54:36.612 29000 29013 I android.vending: This is non sticky GC, maxfree is 16777216 minfree is 8388608
07-29 20:54:36.613  1839  7244 E ANDR-PERF-LM: SAGT_ACTION: UpdateFPSData() 138: update /sys/kernel/sched_penalty/parameters/fps to 60, ret is 0
07-29 20:54:36.615 29000 29015 W android.vending: ApkAssets: Deleting an ApkAssets object '<empty> and /data/app/~~yKEbOZsBhpC65Auz8VYIXg==/io.github.ylimit.droidbotapp-5BTkpytsvjV70ABu_aeToA==/base.apk' with 1 weak references
07-29 20:54:36.616 29000 29015 W android.vending: ApkAssets: Deleting an ApkAssets object '<empty> and /data/app/~~NMQPxx9VHX4ltm8cM3w0aQ==/com.duosecurity.duomobile-HDy0CvyMsAQsbbxYgxTABg==/base.apk' with 1 weak references
07-29 20:54:36.618  1844  1844 I vendor.qti.hardware.servicetrackeraidl-service: bindService is called for service : com.google.android.gms/.chimera.PersistentApiService and for client com.google.android.gms
07-29 20:54:36.618  1844  1844 I vendor.qti.hardware.servicetrackeraidl-service: total connections for service : com.google.android.gms/.chimera.PersistentApiServiceare :6
07-29 20:54:36.618  1844  1844 I vendor.qti.hardware.servicetrackeraidl-service: total connections for client : com.google.android.gmsare :7
07-29 20:54:36.621 20174 20174 I JavaheapMonitor: Java heap monitor start.
07-29 20:54:36.622  1844  1844 I vendor.qti.hardware.servicetrackeraidl-service: bindService is called for service : com.google.android.gms/.chimera.PersistentApiService and for client com.google.android.gms
07-29 20:54:36.622  1844  1844 I vendor.qti.hardware.servicetrackeraidl-service: total connections for service : com.google.android.gms/.chimera.PersistentApiServiceare :6
07-29 20:54:36.622  1844  1844 I vendor.qti.hardware.servicetrackeraidl-service: total connections for client : com.google.android.gmsare :7
07-29 20:54:36.623  3117  3117 I adbd    : in ShellService: getprop ro.sf.lcd_density
07-29 20:54:36.624  1844  1844 I vendor.qti.hardware.servicetrackeraidl-service: bindService is called for service : com.google.android.gms/.chimera.PersistentDirectBootAwareApiService and for client com.google.android.gms
07-29 20:54:36.624  1844  1844 I vendor.qti.hardware.servicetrackeraidl-service: total connections for service : com.google.android.gms/.chimera.PersistentDirectBootAwareApiServiceare :2
07-29 20:54:36.624  1844  1844 I vendor.qti.hardware.servicetrackeraidl-service: total connections for client : com.google.android.gmsare :7
07-29 20:54:36.627  7748  7777 W MQSEventManager: occur
07-29 20:54:36.634  2463  4205 I MiuiNetworkPolicy: updateUidState uid = 10092, uidState = 15
07-29 20:54:36.645 19917 19917 W ziparchive: Unable to open '/data/user/0/com.xingin.xhs/app_asserts/fd2x1e4e2x3f1v2b1s.dm': No such file or directory
07-29 20:54:36.647 12982 19990 W AudioCapabilities: Unsupported mime audio/alac
07-29 20:54:36.647 12982 19990 W AudioCapabilities: Unsupported mime audio/x-ape
07-29 20:54:36.647 20174 20174 I Perf    : Connecting to perf service.
07-29 20:54:36.647 12982 19990 W AudioCapabilities: Unsupported mime audio/dsd
07-29 20:54:36.647 12982 19990 W AudioCapabilities: Unsupported mime audio/amr-wb-plus
07-29 20:54:36.648 12982 19990 W AudioCapabilities: Unsupported mime audio/amr-wb+
07-29 20:54:36.648 12982 19990 W AudioCapabilities: Unsupported mime audio/x-ms-wma
07-29 20:54:36.648 12982 19990 W AudioCapabilities: Unsupported mime audio/alac
07-29 20:54:36.648 12982 19990 W AudioCapabilities: Unsupported mime audio/x-ape
07-29 20:54:36.649 12982 19990 W VideoCapabilities: Unsupported mime image/vnd.android.heic
07-29 20:54:36.649 12982 19990 W VideoCapabilities: Unsupported mime image/vnd.android.heic
07-29 20:54:36.649 12982 19990 W VideoCapabilities: Unsupported mime video/dolby-vision
07-29 20:54:36.649 12982 19990 W VideoCapabilities: Unsupported mime video/dolby-vision
07-29 20:54:36.649 12982 19990 W VideoCapabilities: Unsupported mime video/dolby-vision
07-29 20:54:36.652 12982 19990 W s0      : platform method missing - proto runtime falling back to safer methods: java.lang.NoSuchMethodException: sun.misc.Unsafe.copyMemory [class java.lang.Object, long, class java.lang.Object, long, long]
07-29 20:54:36.654 20174 20248 I ActivityThread: TrafficStats init done
07-29 20:54:36.655 20174 20174 I JavaheapMonitor: Java heap monitor start in pkg: com.xiaomi.trustservice
07-29 20:54:36.656 20174 20248 I ForceDarkHelperStubImpl: initialize for com.xiaomi.trustservice , ForceDarkOrigin
07-29 20:54:36.659 20174 20248 I MiuiForceDarkConfig: setConfig density:3.000000, mainRule:0, secondaryRule:0, tertiaryRule:0
07-29 20:54:36.662  3117  3117 I adbd    : in ShellService: am force-stop com.duosecurity.duomobile
07-29 20:54:36.666 20174 20248 I ActivityThread: Miui Feature Init done
07-29 20:54:36.666  2463  3739 I ClipboardServiceI: checkProviderWakePathForClipboard: primaryClip is null
07-29 20:54:36.671 20174 20174 E ANDR-PERF-CLIENT-SYS: death recipent object is fine
07-29 20:54:36.671 20174 20174 W mi.trustservice: AIBinder_linkToDeath is being called with a non-null cookie and no onUnlink callback set. This might not be intended. AIBinder_DeathRecipient_setOnUnlinked should be called first.
07-29 20:54:36.675  8013  8013 I MiTrustManager: onServiceConnected: ComponentInfo{com.xiaomi.trustservice/com.xiaomi.trustservice.MiTrustService}
07-29 20:54:36.679 19917 19917 W libc    : Access denied finding property "ro.product.name_for_attestation"
07-29 20:54:36.680 19917 19917 W libc    : Access denied finding property "ro.product.device_for_attestation"
07-29 20:54:36.680 19917 19917 W libc    : Access denied finding property "ro.product.manufacturer_for_attestation"
07-29 20:54:36.680 19917 19917 W libc    : Access denied finding property "ro.product.brand_for_attestation"
07-29 20:54:36.680 19917 19917 W libc    : Access denied finding property "ro.product.model_for_attestation"
07-29 20:54:36.680 19917 19917 W libc    : Access denied finding property "ro.debuggable"
07-29 20:54:36.684 19917 19917 W app_process64: Opening an oat file without a class loader. Are you using the deprecated DexFile APIs?
07-29 20:54:36.684 19917 19917 W app_process64: DexFile /data/user/0/com.xingin.xhs/app_cache/c4d121c215evx1s51d.dex is in boot class path but is not in a known location
07-29 20:54:36.695  1827  2752 I vendor.qti.hardware.display.composer-service: Sensor: notify citsensorservice to trigger cwb, misForced = 0
07-29 20:54:36.696  3002  4297 I libsensor-parseRGB: request dump start for mRequestDisplayId 0
07-29 20:54:36.698  2463  3739 I ActivityManager: Force stopping com.duosecurity.duomobile appid=10358 user=0: from process:20286
07-29 20:54:36.700  2463  2514 I Location.SSRU: foregroundActivities IS falseUID ID 10286, home is false
07-29 20:54:36.701  2463  3739 E ClipboardServiceI: removeActivePermissionOwnerForPackage: mPrimaryClipPackage is null or get is null
07-29 20:54:36.702  2463  3739 I AppsFilter: interaction: PackageSetting{1b5f43e com.android.microdroid.empty_payload/10236} -> PackageSetting{d8129f com.duosecurity.duomobile/10358} BLOCKED
07-29 20:54:36.702  2463  3739 I AppsFilter: interaction: PackageSetting{7a68fec io.appium.uiautomator2.server.test/10280} -> PackageSetting{d8129f com.duosecurity.duomobile/10358} BLOCKED
07-29 20:54:36.702  2463  3739 I AppsFilter: interaction: PackageSetting{e4d5fb5 io.github.ylimit.droidbotapp/10357} -> PackageSetting{d8129f com.duosecurity.duomobile/10358} BLOCKED
07-29 20:54:36.702  2463  3739 I AppsFilter: interaction: PackageSetting{519164a com.rongcard.eid/10151} -> PackageSetting{d8129f com.duosecurity.duomobile/10358} BLOCKED
07-29 20:54:36.702  2463  3739 I AppsFilter: interaction: PackageSetting{7b539bb io.appium.settings/10274} -> PackageSetting{d8129f com.duosecurity.duomobile/10358} BLOCKED
07-29 20:54:36.702  2463  4205 I MiuiNetworkPolicy: updateUidState uid = 10286, uidState = 19
07-29 20:54:36.704  2463  5459 I SensorService: 	>>> actuating h/w activate handle=0x1000029 enabled=0
07-29 20:54:36.704  1747  1747 I sensors-hal: activate:108, android.sensor.gyroscope/41 en=0
07-29 20:54:36.704  1747  1747 I sensors-hal: send_sync_sensor_request:531, send sync request
07-29 20:54:36.704  1747  1747 I sensors-hal: send_sync_sensor_request:541, send_sync_sensor_request before send_request for sensor_temperature with SUID low=12628096501692248697 high=10895920266077048739
07-29 20:54:36.704  1747  1747 I sensors-hal: send_sync_sensor_request:560, wait for notification of response
07-29 20:54:36.705  2463  2539 I SensorAccount: App unregister sensor noWakeupSensor_10286_0x1000029
07-29 20:54:36.705  3118  3325 E VA_AppStateWatcher: handleMessage: return!
07-29 20:54:36.706  1747 19891 I sensors-hal: qsh_conn_resp_cb:886, resp_value = 0 for sensor_temperature 
07-29 20:54:36.706  1747  1747 I sensors-hal: send_sync_sensor_request:566, takes 1 ms to receive the response with 0
07-29 20:54:36.706  1747  1747 I sensors-hal: register_cb:314, suid(low=12628096501692248697,high=10895920266077048739) is new. register callbacks
07-29 20:54:36.706  1747  1747 E sensors-hal: register_cb:316, all callbacks are null for new suid. no need to register it
07-29 20:54:36.706  1747  1747 I sensors-hal: ~calibration:62, ~calibration: START
07-29 20:54:36.706  1747  1747 I sensors-hal: register_cb:322, suid(low=5638966810278276939,high=16062486808014924442) is alread registered
07-29 20:54:36.706  1747  1747 I sensors-hal: register_cb:327, update callbacks with new one
07-29 20:54:36.707  1747  1747 I sensors-hal: send_req:210, send_req before send_request gyro_cal with SUID low=5638966810278276939 high=16062486808014924442
07-29 20:54:36.707  1747  1747 I sensors-hal: ~calibration:78, sent disable request. wait for response for it
07-29 20:54:36.707  1747  1747 I sensors-hal: operator():81, resp_received = 0 in wait_for
07-29 20:54:36.707  2463  4205 I MiuiNetworkPolicyTrafficLimit: updateWhiteListUidForMobileTraffic uid=10286,add=false
07-29 20:54:36.707  2463  4205 I MiuiNetworkPolicy: updateUidState uid = 10130, uidState = 5
07-29 20:54:36.708  1747 19891 I sensors-hal: handle_resp_cb:220, resp_value = 0 for gyro_cal before acuiring the lock _cal_mutex
07-29 20:54:36.708  1747  1747 I sensors-hal: operator():81, resp_received = 1 in wait_for
07-29 20:54:36.708  1747  1747 I sensors-hal: register_cb:314, suid(low=5638966810278276939,high=16062486808014924442) is new. register callbacks
07-29 20:54:36.708  1747  1747 E sensors-hal: register_cb:316, all callbacks are null for new suid. no need to register it
07-29 20:54:36.708  1747  1747 I sensors-hal: ~calibration:103, ~calibration: END
07-29 20:54:36.708  1747  1747 I sensors-hal: send_sync_sensor_request:531, send sync request
07-29 20:54:36.708  1747  1747 I sensors-hal: send_sync_sensor_request:541, send_sync_sensor_request before send_request for gyro with SUID low=13349102573053088193 high=10940304014280585888
07-29 20:54:36.708  1747  1747 I sensors-hal: send_sync_sensor_request:560, wait for notification of response
07-29 20:54:36.708  1747 19891 I sensors-hal: qsh_conn_resp_cb:886, resp_value = 0 for gyro 
07-29 20:54:36.708  1747  1747 I sensors-hal: send_sync_sensor_request:566, takes 0 ms to receive the response with 0
07-29 20:54:36.709  1714  1806 I minksocket: MinkIPC MESSAGE: ( 1714:1806 ) MinkIPC_QRTR_Service:351 minkipc = 0xb400007134251590 sock = 19, client with node 1 port 497c went down
07-29 20:54:36.709  1714  1828 I minksocket: MinkIPC MESSAGE: ( 1714:1828 ) MinkIPC_QRTR_Service:351 minkipc = 0xb4000071342524b0 sock = 35, client with node 1 port 497c went down
07-29 20:54:36.710  1747  1747 I sensors-hal: ~qsh_qmi:62, ~qsh_qmi
07-29 20:54:36.710  1747  1747 I sensors-hal: activate:119, android.sensor.gyroscope/41 en=0 completed
07-29 20:54:36.713  2463  5459 W ParceledListSlice: Element #8 is 20788 bytes.
07-29 20:54:36.713  2463  5459 W ParceledListSlice: Element #9 is 20768 bytes.
07-29 20:54:36.714  7773  7773 E RegisteredServicesCache: Skipping application component ComponentInfo{com.UCMobile/com.alibaba.ariver.commonability.device.jsapi.nfc.service.TinyAppHostApduService}: it must request the permission android.permission.NFC
07-29 20:54:36.714  7773  7773 E RegisteredServicesCache: Skipping application component ComponentInfo{com.UCMobile/com.alipay.mobile.aompdevice.nfc.service.TinyAppHostApduService}: it must request the permission android.permission.NFC
07-29 20:54:36.714  7773  7773 E RegisteredServicesCache: Skipping application component ComponentInfo{com.autonavi.minimap/com.alibaba.ariver.commonability.device.jsapi.nfc.service.TinyAppHostApduService}: it must request the permission android.permission.NFC
07-29 20:54:36.714  7773  7773 E RegisteredServicesCache: Skipping application component ComponentInfo{com.autonavi.minimap/com.alipay.mobile.aompdevice.nfc.service.TinyAppHostApduService}: it must request the permission android.permission.NFC
07-29 20:54:36.715  7773  7773 I RegisteredServicesCache: current user: 0, is managed profile : false
07-29 20:54:36.716  7773  7773 I RegisteredAidCache: updateRoutingLocked(false): Enter
07-29 20:54:36.716  7773  7773 I AidRoutingManager: configureRouting(false): Enter
07-29 20:54:36.717  7773  7773 E AidRoutingManager: Size of routing table970
07-29 20:54:36.717  7773  7773 I RegisteredAidCache: updateRoutingLocked(false): exit
07-29 20:54:36.717  7773  7773 I libnfc_nci: [INFO:NativeT4tNfcee.cpp(870)] nfcManager_isFwSupportNonStdT4TAid Enter isFwSupport = 1
07-29 20:54:36.718  7773  7773 I libnfc_nci: [INFO:SecureElement.cpp(1487)] SecureElement::getEseHandleFromGenericId: enter; ESE-ID = 0x7F
07-29 20:54:36.718  7773  7773 I libnfc_nci: [INFO:SecureElement.cpp(1528)] SecureElement::getEseHandleFromGenericId: enter; ESE-Handle = 0x410
07-29 20:54:36.718  7773  7773 I libnfc_nci: [INFO:SecureElement.cpp(1487)] SecureElement::getEseHandleFromGenericId: enter; ESE-ID = 0x00
07-29 20:54:36.718  7773  7773 I libnfc_nci: [INFO:SecureElement.cpp(1528)] SecureElement::getEseHandleFromGenericId: enter; ESE-Handle = 0x400
07-29 20:54:36.719  4897 30725 I SecureElement-Terminal-eSE1: isSecureElementPresent()
07-29 20:54:36.719 12982 20292 I DrmUtils: found IDrmFactory. Instance name:[android.hardware.drm.IDrmFactory/clearkey]
07-29 20:54:36.719  3002  6353 E libsensor-parseRGB: CWB NotifyCWBBufferDone  error 0
07-29 20:54:36.719  1746  1746 I android.hardware.secure_element-service.qti: isCardPresent
07-29 20:54:36.719  1746  1746 I android.hardware.secure_element-service.qti: isCardPresent exit, cardPresent: 1
07-29 20:54:36.719 12982 20292 I DrmUtils: found IDrmFactory. Instance name:[android.hardware.drm.IDrmFactory/wfdhdcp]
07-29 20:54:36.720  4897 30725 I SecureElement-Terminal-SIM1: isSecureElementPresent()
07-29 20:54:36.720 12982 20292 I DrmUtils: found IDrmFactory. Instance name:[android.hardware.drm.IDrmFactory/widevine]
07-29 20:54:36.720  4897 30725 I SecureElement-Terminal-SIM1: isNfcEventAllowed: No access rules for checking.
07-29 20:54:36.720  4897 30725 I SecureElement-Terminal-SIM2: isSecureElementPresent()
07-29 20:54:36.722  1022  1022 I hwservicemanager: getTransport: Cannot find entry android.hardware.drm@1.0::ICryptoFactory/default in either framework or device VINTF manifest.
07-29 20:54:36.722 12982 20292 E CryptoHalHidl: Failed to find any crypto factories
07-29 20:54:36.732  2918  2918 W BpBinder: Linking to death on IHDCPFactory but there are no threads (yet?) listening to incoming transactions. See ProcessState::startThreadPool and ProcessState::setThreadPoolMaxThreadCount. Generally you should setup the binder threadpool before other initialization steps.
07-29 20:54:36.732  2918  2918 W HDCPManagerAdapter: HDCPManagerAdapter::isHDCPAvailable 0
07-29 20:54:36.733  2918  2918 E HdcpDrmFactoryAidl: HDCPManager is not available - no support for crypto schemes
07-29 20:54:36.733  2047  2047 I WVCdm   : [cdm_engine.cpp(1089):IsSecurityLevelSupported] level = L1
07-29 20:54:36.739 12982 20292 I DrmHalHidl: No hidl drm factories found
07-29 20:54:36.739  1022  1022 I hwservicemanager: getTransport: Cannot find entry android.hardware.drm@1.0::IDrmFactory/default in either framework or device VINTF manifest.
07-29 20:54:36.740 12982 20292 E DrmHalHidl: Failed to find passthrough drm factories
07-29 20:54:36.741 12982 20292 I DrmUtils: found IDrmFactory. Instance name:[android.hardware.drm.IDrmFactory/clearkey]
07-29 20:54:36.742 12982 20292 I DrmUtils: found IDrmFactory. Instance name:[android.hardware.drm.IDrmFactory/wfdhdcp]
07-29 20:54:36.742 12982 20292 I DrmUtils: found IDrmFactory. Instance name:[android.hardware.drm.IDrmFactory/widevine]
07-29 20:54:36.742  3117  3117 I adbd    : in ShellService: input keyevent HOME
07-29 20:54:36.743  1747 19911 I sensors-hal: qsh_conn_event_cb:817, SCHED_FIFO(10) for qmi_cbk
07-29 20:54:36.744  2047  2047 I WVCdm   : [cdm_engine.cpp(1089):IsSecurityLevelSupported] level = L1
07-29 20:54:36.744  2047  2047 I WVCdm-DrmFactory: [app][com.xingin.xhs] calling virtual ::ndk::ScopedAStatus wvdrm::hardware::drm::widevine::WVDrmFactory::createDrmPlugin(const Uuid &, const string &, std::shared_ptr< ::aidl::android::hardware::drm::IDrmPlugin> *)
07-29 20:54:36.745  2463  5459 I SensorService: 	>>> actuating h/w activate handle=0x1000065 enabled=0
07-29 20:54:36.746  1747  1747 I sensors-hal: activate:108, android.sensor.linear_acceleration/101 en=0
07-29 20:54:36.746  1747  1747 I sensors-hal: send_sync_sensor_request:531, send sync request
07-29 20:54:36.746  1747  1747 I sensors-hal: send_sync_sensor_request:541, send_sync_sensor_request before send_request for gravity with SUID low=12052644982307943726 high=14255117871604606629
07-29 20:54:36.746  1747  1747 I sensors-hal: send_sync_sensor_request:560, wait for notification of response
07-29 20:54:36.746  2047  2047 I QCOM-OEMCrypto: Open session: 1000
07-29 20:54:36.747  1747 19911 I sensors-hal: qsh_conn_resp_cb:886, resp_value = 0 for gravity 
07-29 20:54:36.747  1747  1747 I sensors-hal: send_sync_sensor_request:566, takes 1 ms to receive the response with 0
07-29 20:54:36.747  1747  1747 I sensors-hal: register_cb:314, suid(low=12052644982307943726,high=14255117871604606629) is new. register callbacks
07-29 20:54:36.747  1747  1747 E sensors-hal: register_cb:316, all callbacks are null for new suid. no need to register it
07-29 20:54:36.747  2047  2047 I WVCdm   : [file_utils.cpp(38):Exists] stat failed: ENOENT
07-29 20:54:36.747  1747  1747 I sensors-hal: ~qsh_qmi:62, ~qsh_qmi
07-29 20:54:36.747  1747  1747 I sensors-hal: activate:119, android.sensor.linear_acceleration/101 en=0 completed
07-29 20:54:36.748  1714  1806 I minksocket: MinkIPC MESSAGE: ( 1714:1806 ) MinkIPC_QRTR_Service:351 minkipc = 0xb400007134251590 sock = 19, client with node 1 port 4981 went down
07-29 20:54:36.748  1714  1828 I minksocket: MinkIPC MESSAGE: ( 1714:1828 ) MinkIPC_QRTR_Service:351 minkipc = 0xb4000071342524b0 sock = 35, client with node 1 port 4981 went down
07-29 20:54:36.748  2463  2539 I SensorAccount: App unregister sensor noWakeupSensor_10286_0x1000065
07-29 20:54:36.749  2047  2047 I QCOM-OEMCrypto: Closed session: 1000
07-29 20:54:36.750  2047  2047 E WVCdm   : [wv_content_decryption_module.cpp(563):GetCurrentMetricsInternal] Cdm Identifier not found
07-29 20:54:36.752  2047  2047 E WVCdm   : [wv_content_decryption_module.cpp(646):CloseCdm] Cdm Identifier not found
07-29 20:54:36.752  2047  2047 E WVCdm   : Failed to close cdm. status 12
07-29 20:54:36.760  2463  4596 W MIUIInput: Input event injection from package: null action ACTION_DOWN keycode 3
07-29 20:54:36.760  2463  4596 W MiuiInputKeyEventLog: keyCode:3 down:true eventTime:19515079 downTime:19515079 policyFlags:2b000000 flags:0 metaState:0 deviceId:-1 isScreenOn:true keyguardActive:false repeatCount:0
07-29 20:54:36.762  2463  2528 W ActivityManagerServiceImpl: Sending non-protected broadcast com.miui.fullscreen_state_change from system 2463:system/1000 pkg android. Callers=com.android.server.am.ActivityManagerService.checkBroadcastFromSystem:16255 com.android.server.am.ActivityManagerService.broadcastIntentLockedTraced:17126 com.android.server.am.ActivityManagerService.broadcastIntentLocked:16315 com.android.server.am.ActivityManagerService.broadcastIntentWithFeature:17337 android.app.ContextImpl.sendBroadcastAsUser:1495 
07-29 20:54:36.763  2463  4596 W MIUIInput: Input event injection from package: null action ACTION_UP keycode 3
07-29 20:54:36.763  2463  4596 W MiuiInputKeyEventLog: keyCode:3 down:false eventTime:19515083 downTime:19515079 policyFlags:2b000000 flags:0 metaState:0 deviceId:-1 isScreenOn:true keyguardActive:false repeatCount:0
07-29 20:54:36.764  2463  4068 E MiuiInputKeyEventLog: before go to home
07-29 20:54:36.764  2463  2528 W ActivityManagerServiceImpl: Sending non-protected broadcast com.miui.launch_home_from_hotkey from system 2463:system/1000 pkg android. Callers=com.android.server.am.ActivityManagerService.checkBroadcastFromSystem:16255 com.android.server.am.ActivityManagerService.broadcastIntentLockedTraced:17126 com.android.server.am.ActivityManagerService.broadcastIntentLocked:16315 com.android.server.am.ActivityManagerService.broadcastIntentWithFeature:17337 android.app.ContextImpl.sendBroadcastAsUser:1536 
07-29 20:54:36.766  8013  8013 I VideoToolBoxService: onReceive: android.intent.action.CLOSE_SYSTEM_DIALOGS
07-29 20:54:36.766  8013  8013 I GameBoosterService: onReceive: android.intent.action.CLOSE_SYSTEM_DIALOGS
07-29 20:54:36.766  4979  4979 I ControlCenterExpandController: hide panel true true
07-29 20:54:36.767  4979  4979 I VolumeShowHideAnimator: isRunning: false, mExpanded: false
07-29 20:54:36.767  4979  4979 I VolumeExpandCollapsedAnimator: isRunning: false, mExpanded: false
07-29 20:54:36.767  4979  4979 I VolumePanelViewController_true: dismissH mShowing:false, reason:volume_controller, isAnimating: false, needShowDialog=true, KeyAnimatingStream=-1
07-29 20:54:36.767  2463  4068 W ActivityTaskManager: callingPackage for (uid=-1, pid=0) has no WPC
07-29 20:54:36.767  4979  4979 I VolumeShowHideAnimator: isRunning: false, mExpanded: false
07-29 20:54:36.767  4979  4979 I VolumeExpandCollapsedAnimator: isRunning: false, mExpanded: false
07-29 20:54:36.767  4979  4979 I VolumePanelViewController_false: dismissH mShowing:false, reason:volume_controller, isAnimating: false, needShowDialog=false, KeyAnimatingStream=-1
07-29 20:54:36.768  2463  4068 W OptProp : Cannot read opt property android.window.PROPERTY_COMPAT_ALLOW_ORIENTATION_OVERRIDE
07-29 20:54:36.768  2463  4068 E ActivityTaskManager: Unable to get servicetracker HAL instance
07-29 20:54:36.768  2463  4068 E ActivityTaskManager: Unable to get servicetracker HAL instance
07-29 20:54:36.768  2463  4068 E WindowManager: setClientVisible ActivityRecord{df60ba4 u0 com.miui.home/.launcher.Launcher true
07-29 20:54:36.768  2463  4068 W OptProp : Cannot read opt property android.window.PROPERTY_COMPAT_ALLOW_RESIZEABLE_ACTIVITY_OVERRIDES
07-29 20:54:36.768  2463  4068 W OptProp : Cannot read opt property android.window.PROPERTY_COMPAT_ALLOW_MIN_ASPECT_RATIO_OVERRIDE
07-29 20:54:36.769  2463  4068 I AnimInterruptController: FIS notify Foresee interrupt start:196
07-29 20:54:36.769  2463  4068 I ActivityTaskManager: isKeyguardEditor: false, newTransition: TransitionRecord{68f84c2 id=197 type=OPEN flags=0x0}
07-29 20:54:36.771  2463  4068 I ActivityTaskManager: START u0 {act=android.intent.action.MAIN cat=[android.intent.category.HOME] flg=0x10000100 cmp=com.miui.home/.launcher.Launcher (has extras)} with LAUNCH_SINGLE_TASK from uid 0 from pid 0 callingPackage null callers: com.android.server.wm.RootWindowContainer.lambda$startHomeOnDisplay$11:1607 com.android.server.wm.RootWindowContainer.$r8$lambda$DFaa7QLApF8rlf4uiy_4K0Hxf2Y:0 com.android.server.wm.RootWindowContainer$$ExternalSyntheticLambda50.apply:0 com.android.server.wm.TaskDisplayArea.reduceOnAllTaskDisplayAreas:526  (BAL_ALLOW_ALLOWLISTED_UID) result code=3
07-29 20:54:36.772  3002  4306 I libsensor-boledalgo: dbv:440,lux:178.6,cct:4194.4,hsv:-1.0,dc:0CWB R:3305.7,G:7186.3,B:3650.9Event C:10831.3,R:6176.5,G:3596.8,B:1718.8Cali C:208.9,R:67.8,G:61.9,B:32.9 
07-29 20:54:36.772  4979  5212 I SoScStageCoordinator: Transition requested:TransitionRequestInfo { type = OPEN, triggerTask = TaskInfo{userId=0 taskId=2 displayId=0 isRunning=true baseIntent=Intent { act=android.intent.action.MAIN cat=[android.intent.category.HOME] flg=0x10000100 cmp=com.miui.home/.launcher.Launcher } baseActivity=ComponentInfo{com.miui.home/com.miui.home.launcher.Launcher} topActivity=ComponentInfo{com.miui.home/com.miui.home.launcher.Launcher} origActivity=null realActivity=ComponentInfo{com.miui.home/com.miui.home.launcher.Launcher} numActivities=1 lastActiveTime=19446510 supportsSplitScreenMultiWindow=true supportsMultiWindow=true resizeMode=2 isResizeable=true minWidth=-1 minHeight=-1 defaultMinSize=200 token=WCT{android.window.IWindowContainerToken$Stub$Proxy@1b1ec6d} topActivityType=2 pictureInPictureParams=null shouldDockBigOverlays=false launchIntoPipHostTaskId=-1 lastParentTaskIdBeforePip=-1 displayCutoutSafeInsets=null topActivityInfo=ActivityInfo{81910a2 com.miui.home.launcher.Launcher} launchCookies=[] positionInParent=Point(0, 0) parentTaskId=-1 isFocused=true isVisible=true isVisibleRequested=true isSleeping=false locusId=null displayAreaFeatureId=1 isTopActivityTransparent=false appCompatTaskInfo=AppCompatTaskInfo { topActivityInSizeCompat=false topActivityInMiuiSizeCompat=false topActivityEligibleForLetterboxEducation= falseisLetterboxEducationEnabled= false isLetterboxDoubleTapEnabled= false topActivityEligibleForUserAspectRatioButton= false topActivityBoundsLetterboxed= false isFromLetterboxDoubleTap= false topActivityLetterboxVerticalPosition= -1 topActivityLetterboxHorizontalPosition= -1 topActivityLetterboxWidth=1200 topActivityLetterboxHeight=2670 isUserFullscreenOverrideEnabled=false isSystemFullscreenOverrideEnabled=false cameraCompatTaskInfo=CameraCompatTaskInfo { cameraCompatControlState=hidden freeformCameraCompatMode=inactive}} isImmersive=false mTopActivityRequestOrientation=1 mBehindAppLockPkg=null mOriginatingUid=0 isEmbedded=false shouldBeVisible=true isCreatedByOrganizer=false mIsCastMode=false mTopActivityMediaSize=null mTopActivityRecordName=ActivityRecord{43121b5 u0 com.miui.home/.launcher.Launcher t2} mTopActivityOrientation=1}, pipTask = null, remoteTransition = null, displayChange = null, flags = 0, debugId = 197 } isSoScActive:false triggerTask:TaskInfo{userId=0 taskId=2 displayId=0 isRunning=true baseIntent=Intent { act=android.intent.action.MAIN cat=[android.intent.category.HOME] flg=0x10000100 cmp=com.miui.home/.launcher.Launcher } baseActivity=ComponentInfo{com.miui.home/com.miui.home.launcher.Launcher} topActivity=ComponentInfo{com.miui.home/com.miui.home.launcher.Launcher} origActivity=null realActivity=ComponentInfo{com.miui.home/com.miui.home.launcher.Launcher} numActivities=1 lastActiveTime=19446510 supportsSplitScreenMultiWindow=true supportsMultiWindow=true resizeMode=2 isResizeable=true minWidth=-1 minHeight=-1 defaultMinSize=200 token=WCT{android.window.IWindowContainerToken$Stub$Proxy@1b1ec6d} topActivityType=2 pictureInPictureParams=null shouldDockBigOverlays=false launchIntoPipHostTaskId=-1 lastParentTaskIdBeforePip=-1 displayCutoutSafeInsets=null topActivityInfo=ActivityInfo{81910a2 com.miui.home.launcher.Launcher} launchCookies=[] positionInParent=Point(0, 0) parentTaskId=-1 isFocused=true isVisible=true isVisibleRequested=true isSleeping=false locusId=null displayAreaFeatureId=1 isTopActivityTransparent=false appCompatTaskInfo=AppCompatTaskInfo { topActivityInSizeCompat=false topActivityInMiuiSizeCompat=false topActivityEligibleForLetterboxEducation= falseisLetterboxEducationEnabled= false isLetterboxDoubleTapEnabled= false topActivityEligibleForUserAspectRatioButton= false topActivityBoundsLetterboxed= false isFromLetterboxDoubleTap= false topActivityLetterboxVerticalPosition= -1 topActivityLetterboxHorizontalPosition= -1 topActivityLetterboxWidth=1200 topActivityLetterboxHeight=2670 isUserFullscreenOverrideEnabled=false isSystemFullscreenOverrideEnabled=false cameraCompatTaskInfo=CameraCompatTaskInfo { cameraCompatControlState=hidden freeformCame
07-29 20:54:36.774  2463  2517 I AnimInterruptController: FIS reset Foresee interrupt status
07-29 20:54:36.774  2463  4596 I NotificationService: cancelToast pkg=com.miui.home token=android.os.BinderProxy@b0f7a2f
07-29 20:54:36.774  2463  4596 W NotificationService: Toast already cancelled. pkg=com.miui.home token=android.os.BinderProxy@b0f7a2f
07-29 20:54:36.775  4497  4497 I Launcher: onNewIntent
07-29 20:54:36.775  4497  4497 I ConnectAnimFinishCallbackManager: mNeedShowLauncher = true, waitFrameworkAnimCallback = false
07-29 20:54:36.775  4979  5212 E KeyguardTransitionHandlerImpl: activityCount = 0
07-29 20:54:36.775  4497  4497 E RotationHelper: setCurrentStateRequest: request=0
07-29 20:54:36.776  4497  4497 I Launcher.widget: onVisible 
07-29 20:54:36.777  4497  4497 I Launcher.widget: onVisible 
07-29 20:54:36.777  2105  2755 W VsyncModulator: setTransactionSchedule: Unexpected EarlyEnd
07-29 20:54:36.777  4497  4497 I ScreenView_Workspace: isAllowScrollAnimStart: false
07-29 20:54:36.777  4979  5212 I RemoteTransitionHandlerStubImpl: invokeAndRemoveWctCB transition is null, curWctCB: null
07-29 20:54:36.778  2105  2105 I BpBinder: onLastStrongRef automatically unlinking death recipients: 
07-29 20:54:36.778  4497  4497 W Settings: Setting device_provisioned has moved from android.provider.Settings.Secure to android.provider.Settings.Global.
07-29 20:54:36.778  2463  5065 W UserManagerService: Requested status bar icon for non-badged user 0
07-29 20:54:36.779  2463  5539 I SecurityManagerService: update appwidget of uid: 10278 package: com.miui.weather2 visible: true reason: visible
07-29 20:54:36.779  7989  7989 I LauncherOverlayCallback: handleMessage WHAT_ACTIVITY_STATE_CHANGED what1
07-29 20:54:36.779  7989  7989 I LauncherOverlayCallback: handleMessage WHAT_LAUNCHER_STATE what1
07-29 20:54:36.779  7989  7989 I AssistantOverlayWindow: lockToHideOverlay
07-29 20:54:36.779  4497  4497 E Launcher.application: setClickAppWaitForCallback = false
07-29 20:54:36.780  4497  4497 I Launcher: changeMIUIWidgetEditMode false
07-29 20:54:36.780  7989  7989 I LauncherOverlayCallback: handleMessage WHAT_ACTIVITY_STATE_CHANGED what3
07-29 20:54:36.780  7989  7989 I LauncherOverlayCallback: handleMessage WHAT_LAUNCHER_STATE what3
07-29 20:54:36.781  8013  8013 I VideoToolBoxService: onReceive: android.intent.action.CLOSE_SYSTEM_DIALOGS
07-29 20:54:36.781  8013  8013 I GameBoosterService: onReceive: android.intent.action.CLOSE_SYSTEM_DIALOGS
07-29 20:54:36.783  4497  4497 I Launcher.widget: onVisible 
07-29 20:54:36.783  4497  4497 I Launcher.widget: onVisible 
07-29 20:54:36.785 12982 20236 W libc    : Access denied finding property "net.dns1"
07-29 20:54:36.785 12982 20236 W libc    : Access denied finding property "net.dns2"
07-29 20:54:36.786  4979  4979 I ControlCenterExpandController: hide panel true true
07-29 20:54:36.786  4979  4979 I VolumeShowHideAnimator: isRunning: false, mExpanded: false
07-29 20:54:36.786  4979  4979 I VolumeExpandCollapsedAnimator: isRunning: false, mExpanded: false
07-29 20:54:36.786  4979  4979 I VolumePanelViewController_true: dismissH mShowing:false, reason:volume_controller, isAnimating: false, needShowDialog=true, KeyAnimatingStream=-1
07-29 20:54:36.786  4979  4979 I VolumeShowHideAnimator: isRunning: false, mExpanded: false
07-29 20:54:36.786  4979  4979 I VolumeExpandCollapsedAnimator: isRunning: false, mExpanded: false
07-29 20:54:36.786  4979  4979 I VolumePanelViewController_false: dismissH mShowing:false, reason:volume_controller, isAnimating: false, needShowDialog=false, KeyAnimatingStream=-1
07-29 20:54:36.788  2463  5459 I ClipboardServiceI: checkProviderWakePathForClipboard: primaryClip is null
07-29 20:54:36.788  2463  5459 I SmartPower: com.miui.weather2/10278(5795): idle->background(53421ms) R(content provider start ContentProviderRecord{9f05c96 u0 com.miui.weather2/.providers.WeatherProvider}) adj=0.
07-29 20:54:36.789  2463  4205 I MiuiNetworkPolicy: updateUidState uid = 10278, uidState = 3
07-29 20:54:36.790 13666 17476 W surfboard: tcp pair replaced, source port 60942 dest port 443
07-29 20:54:36.791  2463  2503 I ClipboardServiceI: checkProviderWakePathForClipboard: primaryClip is null
07-29 20:54:36.791  2463  4205 I MiuiNetworkPolicyTrafficLimit: updateWhiteListUidForMobileTraffic uid=10278,add=true
07-29 20:54:36.792  5795  5814 I Wth2:WeatherProvider: getFirstSelectedCity() ret count= 1
07-29 20:54:36.792  5795  5814 E Wth2:WeatherProvider: getFirstSelectedCity() error 
07-29 20:54:36.792  5795  5814 E Wth2:WeatherProvider: java.lang.NumberFormatException: For input string: "33.862_119.318"
07-29 20:54:36.792  5795  5814 E Wth2:WeatherProvider: 	at java.lang.Integer.parseInt(Integer.java:790)
07-29 20:54:36.792  5795  5814 E Wth2:WeatherProvider: 	at java.lang.Integer.parseInt(Integer.java:908)
07-29 20:54:36.792  5795  5814 E Wth2:WeatherProvider: 	at com.miui.weather2.providers.WeatherProvider.g(SourceFile:9)
07-29 20:54:36.792  5795  5814 E Wth2:WeatherProvider: 	at com.miui.weather2.providers.WeatherProvider.h(SourceFile:5)
07-29 20:54:36.792  5795  5814 E Wth2:WeatherProvider: 	at com.miui.weather2.providers.WeatherProvider.query(SourceFile:23)
07-29 20:54:36.792  5795  5814 E Wth2:WeatherProvider: 	at android.content.ContentProvider.query(ContentProvider.java:1633)
07-29 20:54:36.792  5795  5814 E Wth2:WeatherProvider: 	at android.content.ContentProvider.query(ContentProvider.java:1729)
07-29 20:54:36.792  5795  5814 E Wth2:WeatherProvider: 	at android.content.ContentProvider$Transport.query(ContentProvider.java:301)
07-29 20:54:36.792  5795  5814 E Wth2:WeatherProvider: 	at android.content.ContentProviderNative.onTransact(ContentProviderNative.java:110)
07-29 20:54:36.792  5795  5814 E Wth2:WeatherProvider: 	at android.os.Binder.execTransactInternal(Binder.java:1507)
07-29 20:54:36.792  5795  5814 E Wth2:WeatherProvider: 	at android.os.Binder.execTransact(Binder.java:1451)
07-29 20:54:36.792  5795  5814 I Wth2:WeatherProvider: getHourlyData checkCityAt=true tmpCursor.count  4
07-29 20:54:36.793  5795  5814 I Wth2:WeatherProvider: optimiseHourlyData sunrise : 18660000  sunset : 68760000
07-29 20:54:36.793  5795  2156 I Wth2:WeatherProvider: getFirstSelectedCity() ret count= 1
07-29 20:54:36.793  5795  2156 E Wth2:WeatherProvider: getFirstSelectedCity() error 
07-29 20:54:36.793  5795  2156 E Wth2:WeatherProvider: java.lang.NumberFormatException: For input string: "33.862_119.318"
07-29 20:54:36.793  5795  2156 E Wth2:WeatherProvider: 	at java.lang.Integer.parseInt(Integer.java:790)
07-29 20:54:36.793  5795  2156 E Wth2:WeatherProvider: 	at java.lang.Integer.parseInt(Integer.java:908)
07-29 20:54:36.793  5795  2156 E Wth2:WeatherProvider: 	at com.miui.weather2.providers.WeatherProvider.g(SourceFile:9)
07-29 20:54:36.793  5795  2156 E Wth2:WeatherProvider: 	at com.miui.weather2.providers.WeatherProvider.e(SourceFile:5)
07-29 20:54:36.793  5795  2156 E Wth2:WeatherProvider: 	at com.miui.weather2.providers.WeatherProvider.query(SourceFile:21)
07-29 20:54:36.793  5795  2156 E Wth2:WeatherProvider: 	at android.content.ContentProvider.query(ContentProvider.java:1633)
07-29 20:54:36.793  5795  2156 E Wth2:WeatherProvider: 	at android.content.ContentProvider.query(ContentProvider.java:1729)
07-29 20:54:36.793  5795  2156 E Wth2:WeatherProvider: 	at android.content.ContentProvider$Transport.query(ContentProvider.java:301)
07-29 20:54:36.793  5795  2156 E Wth2:WeatherProvider: 	at android.content.ContentProviderNative.onTransact(ContentProviderNative.java:110)
07-29 20:54:36.793  5795  2156 E Wth2:WeatherProvider: 	at android.os.Binder.execTransactInternal(Binder.java:1507)
07-29 20:54:36.793  5795  2156 E Wth2:WeatherProvider: 	at android.os.Binder.execTransact(Binder.java:1451)
07-29 20:54:36.800 12982 19698 I com.xingin.xhs: This is non sticky GC, maxfree is 16777216 minfree is 8388608
07-29 20:54:36.817 13666 17476 W surfboard: Request did not begin with TLS handshake.
07-29 20:54:36.870  1844  1844 I vendor.qti.hardware.servicetrackeraidl-service: bindService is called for service : com.google.android.gms/.ads.identifier.service.AdvertisingIdService and for client com.xingin.xhs
07-29 20:54:36.871  1844  1844 I vendor.qti.hardware.servicetrackeraidl-service: total connections for service : com.google.android.gms/.ads.identifier.service.AdvertisingIdServiceare :2
07-29 20:54:36.871  1844  1844 I vendor.qti.hardware.servicetrackeraidl-service: total connections for client : com.xingin.xhsare :3
07-29 20:54:36.874  1844  1844 I vendor.qti.hardware.servicetrackeraidl-service: unbindService is called for service : com.google.android.gms/.ads.identifier.service.AdvertisingIdService and for client com.xingin.xhs
07-29 20:54:36.874  1844  1844 I vendor.qti.hardware.servicetrackeraidl-service: size of service connections for service: com.google.android.gms/.ads.identifier.service.AdvertisingIdServiceafter removal is 1
07-29 20:54:36.874  1844  1844 I vendor.qti.hardware.servicetrackeraidl-service: size of client connections for client: com.xingin.xhsafter removal is 2
07-29 20:54:36.892 12982 19698 I com.xingin.xhs: This is sticky GC, maxfree is 16777216 minfree is 8388608
07-29 20:54:36.903  1827  2752 I vendor.qti.hardware.display.composer-service: Sensor: notify citsensorservice to trigger cwb, misForced = 0
07-29 20:54:36.903  3002  4297 I libsensor-parseRGB: request dump start for mRequestDisplayId 0
07-29 20:54:36.927  3002  3081 E libsensor-parseRGB: CWB NotifyCWBBufferDone  error 0
07-29 20:54:36.949  1844  1844 I vendor.qti.hardware.servicetrackeraidl-service: bindService is called for service : com.google.android.gms/.gcm.PushMessagingRegistrarProxy and for client com.xingin.xhs
07-29 20:54:36.949  1844  1844 I vendor.qti.hardware.servicetrackeraidl-service: total connections for service : com.google.android.gms/.gcm.PushMessagingRegistrarProxyare :1
07-29 20:54:36.949  1844  1844 I vendor.qti.hardware.servicetrackeraidl-service: total connections for client : com.xingin.xhsare :3
07-29 20:54:36.972  3002  4306 I libsensor-boledalgo: dbv:440,lux:185.4,cct:4100.0,hsv:-1.0,dc:0CWB R:3488.6,G:7291.0,B:3661.3Event C:11345.1,R:6559.7,G:3713.3,B:1765.5Cali C:227.2,R:106.6,G:79.2,B:36.4 
07-29 20:54:36.982  4497  5224 E Launcher.Transfer: transfer is closed
07-29 20:54:36.997  2463  4037 W ActivityManagerServiceImpl: Sending non-protected broadcast miui.intent.action.CYCLE_CHECK from system uid 1000 pkg android. Callers=com.android.server.am.ActivityManagerService.checkBroadcastFromSystem:16255 com.android.server.am.ActivityManagerService.broadcastIntentLockedTraced:17126 com.android.server.am.ActivityManagerService.broadcastIntentLocked:16315 com.android.server.am.ActivityManagerService.broadcastIntentInPackage:17364 com.android.server.am.ActivityManagerService$LocalService.broadcastIntentInPackage:20214 
07-29 20:54:37.007  1895  1895 I vendor.xiaomi.hardware.micharge-service: ReadFilePathValue path = /sys/class/power_supply/battery/temp value = 322
07-29 20:54:37.007  2463  2507 E IMiCharge: MiCharge method 9 val = 322
07-29 20:54:37.008  1895  1895 I vendor.xiaomi.hardware.micharge-service: ReadFilePathValue path = /sys/class/power_supply/battery/charge_control_limit value = 0
07-29 20:54:37.008  2463  2507 E IMiCharge: MiCharge method 10 val = 0
07-29 20:54:37.015  1839  7244 E ANDR-PERF-LM: SAGT_ACTION: UpdateFPSData() 138: update /sys/kernel/sched_penalty/parameters/fps to 120, ret is 0
07-29 20:54:37.027  2463 15424 I ClipboardServiceI: checkProviderWakePathForClipboard: primaryClip is null
07-29 20:54:37.027  2463 15424 I SmartPower: com.miui.guardprovider/10163(8898): idle->background(8968607ms) R(content provider start ContentProviderRecord{ea73f9 u0 com.miui.guardprovider/.GuardProvider}) adj=0.
07-29 20:54:37.037  7633 13399 W MediaProvider: isAppCloneUserPair for user 0: false
07-29 20:54:37.042  8898  1384 I GrayResultDBManager: getAllGrayData
