07-29 20:54:36.055  2105  2105 I RefreshRateSelector: 21 mode changes were performed under the previous policy
07-29 20:54:36.055  4497  4497 I SwipeDetector: setDetectableScrollConditions: 2 false
07-29 20:54:36.057  2463  4414 I DisplayModeDirectorImpl: onDesiredDisplayModeSpecsChanged:baseModeId=0 allowGroupSwitching=false primary=physical: (0.0 Infinity) render:  (0.0 120.0) appRequest=physical: (0.0 Infinity) render:  (0.0 120.0) idleScreenRefreshRateConfig=null noVotes=true
07-29 20:54:36.058  4497  4497 I PreStartUtils: preLaunchProcess intentIntent { act=android.intent.action.MAIN cat=[android.intent.category.LAUNCHER] flg=0x10200000 cmp=com.xingin.xhs/.index.v2.IndexActivityV2 (has extras) } userId=0
07-29 20:54:36.058  2463  2516 I DisplayDeviceRepository: Display device changed: DisplayDeviceInfo{"": uniqueId="local:4630947082089526659", 1200 x 2670, modeId 1, renderFrameRate 120.00001, defaultModeId 1, userPreferredModeId -1, supportedModes [{id=1, width=1200, height=2670, fps=120.00001, vsync=120.00001, synthetic=false, alternativeRefreshRates=[24.000002, 30.000002, 40.0, 60.000004, 60.000004, 90.0], supportedHdrTypes=[1, 2, 3, 4]}, {id=2, width=1200, height=2670, fps=60.000004, vsync=60.000004, synthetic=false, alternativeRefreshRates=[24.000002, 30.000002, 40.0, 90.0, 120.00001, 120.00001, 120.00001, 120.00001, 120.00001], supportedHdrTypes=[1, 2, 3, 4]}, {id=3, width=1200, height=2670, fps=90.0, vsync=90.0, synthetic=false, alternativeRefreshRates=[24.000002, 30.000002, 40.0, 60.000004, 60.000004, 120.00001, 120.00001, 120.00001, 120.00001, 120.00001], supportedHdrTypes=[1, 2, 3, 4]}, {id=4, width=1200, height=2670, fps=40.0, vsync=40.0, synthetic=false, alternativeRefreshRates=[24.000002, 30.000002, 60.000004, 60.000004, 90.0, 120.00001, 120.00001, 120.00001, 120.00001, 120.00001], supportedHdrTypes=[1, 2, 3, 4]}, {id=5, width=1200, height=2670, fps=30.000002, vsync=30.000002, synthetic=false, alternativeRefreshRates=[24.000002, 40.0, 60.000004, 60.000004, 90.0, 120.00001, 120.00001, 120.00001, 120.00001, 120.00001], supportedHdrTypes=[1, 2, 3, 4]}, {id=6, width=1200, height=2670, fps=24.000002, vsync=24.000002, synthetic=false, alternativeRefreshRates=[30.000002, 40.0, 60.000004, 60.000004, 90.0, 120.00001, 120.00001, 120.00001, 120.00001, 120.00001], supportedHdrTypes=[1, 2, 3, 4]}], colorMode 0, supportedColorModes [0, 7, 9], hdrCapabilities HdrCapabilities{mSupportedHdrTypes=[1, 2, 3, 4], mMaxLuminance=1400.0, mMaxAverageLuminance=700.1615, mMinLuminance=0.323}, allmSupported false, gameContentTypeSupported false, density 480, 459.728 x 460.407 dpi, appVsyncOff 1000000, presDeadline 11333333, cutout DisplayCutout{insets=Rect(0, 116 - 0, 0) waterfall=Insets{left=0, top=0, right=0, bottom=0} boundingRect={Bounds=[Rect(0, 0 - 0, 0), Rect(563, 0 - 637, 116), Rect(0, 0 - 0, 0), Rect(0, 0 - 0, 0)]} cutoutPathParserInfo={CutoutPathParserInfo{displayWidth=1200 displayHeight=2670 physicalDisplayWidth=1200 physicalDisplayHeight=2670 density={3.0} cutoutSpec={M 0,0 H -37 V 116 H 37 V 0 H 0 Z} rotation={0} scale={1.0} physicalPixelDisplaySizeRatio={1.0}}} sideOverrides={}}, touch INTERNAL, rotation 0, type INTERNAL, address {port=131, model=0x40446dd5d993f5}, deviceProductInfo DeviceProductInfo{name=, manufacturerPnpId=QCM, productId=1, modelYear=null, manufactureDate=ManufactureDate{week=27, year=2006}, connectionToSinkType=0}, state ON, committedState ON, frameRateOverride , brightnessMinimum 0.0, brightnessMaximum 1.0, brightnessDefault 0.07496032, hdrSdrRatio 1.0, roundedCorners RoundedCorners{[RoundedCorner{position=TopLeft, radius=134, center=Point(134, 134)}, RoundedCorner{position=TopRight, radius=134, center=Point(1066, 134)}, RoundedCorner{position=BottomRight, radius=134, center=Point(1066, 2536)}, RoundedCorner{position=BottomLeft, radius=134, center=Point(134, 2536)}]}, FLAG_ALLOWED_TO_BE_DEFAULT_DISPLAY, FLAG_ROTATES_WITH_CONTENT, FLAG_SECURE, FLAG_SUPPORTS_PROTECTED_BUFFERS, FLAG_TRUSTED, installOrientation 0, displayShape DisplayShape{ spec=1406003047 displayWidth=1200 displayHeight=2670 physicalPixelDisplaySizeRatio=1.0 rotation=0 offsetX=0 offsetY=0 scale=1.0}}
07-29 20:54:36.060  2463 14501 I SmartPower: com.xingin.xhs/10286(0): -1->background(1ms) R(become background) adj=-10000.
07-29 20:54:36.062  1839  1966 E ANDR-PERF-UTIL: ANDR-PERF-UTIL: save_node_val() 366: Failed to read /sys/class/mmc_host/mmc0/clk_scaling/enable
07-29 20:54:36.062  1839  1966 E ANDR-PERF-OPTSHANDLER: ANDR-PERF-OPTSHANDLER: modify_sysfsnode() 1266: Failed to read /sys/class/mmc_host/mmc0/clk_scaling/enable
07-29 20:54:36.062  1839  1966 E ANDR-PERF-RESOURCEQS: ANDR-PERF-RESOURCEQS: AddAndApply() 167: Failed to apply optimization [11, 4]
07-29 20:54:36.063  1827  1827 I SDM     : HWCDisplay::SetActiveConfigWithConstraints: display:66-0, config: 3, WxH 1200x2670, fps 120
07-29 20:54:36.063  1827  1827 W SDM     : HWDeviceDRM::GetSupportedBitClkRate: Requested rate not supported: 1150000000
07-29 20:54:36.063  1827  1827 I SDM     : HWDeviceDRM::UpdateMixerAttributes: Mixer WxH 1200x2670-1 for Peripheral
07-29 20:54:36.064  1827  1827 I SDM     : HWCDisplay::SubmitDisplayConfig: Active configuration changed from config 1 to 3
07-29 20:54:36.064  1827  1827 I SDM     : HWCDisplay::SubmitDisplayConfig: Active WxH 1200x2670 ,ddic_mode:auto, timing_fps: 120, sf_fps: 120
07-29 20:54:36.064  2463  2531 I TurboSchedMonitor: app activity cold start: set dynamic vip, com.xingin.xhs 12982
07-29 20:54:36.065  2463  2531 I ActivityManager: Start proc 12982:com.xingin.xhs/u0a286 for prestart-top-activity {com.xingin.xhs/com.xingin.xhs.index.v2.IndexActivityV2} caller=null
07-29 20:54:36.061  2463  2463 W ActivityManager: type=1400 audit(0.0:12763): avc:  denied  { setsched } for  scontext=u:r:system_server:s0 tcontext=u:r:zygote:s0 tclass=process permissive=0 bug=b/77856826
07-29 20:54:36.066  1827  2752 I vendor.qti.hardware.display.composer-service: Sensor: notify citsensorservice to trigger cwb, misForced = 0
07-29 20:54:36.066  1870  1870 E qspmHal : setAppInfoH atPid = 12982, gpuFname:com.xingin.xhs, gpuFver:89308051
07-29 20:54:36.066  3002  4297 I libsensor-parseRGB: request dump start for mRequestDisplayId 0
07-29 20:54:36.066  4497  4497 E PreStartUtils: preLaunchProcess success infoPackage: com.xingin.xhs
07-29 20:54:36.067 12982 12982 E Zygote  : process_name_ptr:12982 com.xingin.xhs
07-29 20:54:36.067 12982 12982 E Zygote  : SetMemoryProtected process_name_ptr:12982 com.xingin.xhs
07-29 20:54:36.068 12982 12982 I libc    : SetHeapTaggingLevel: tag level set to 0
07-29 20:54:36.068  2463  4372 I ProcessManager: getRenderThreadTidByPid, caller=2463
07-29 20:54:36.072 12982 12982 I com.xingin.xhs: Using CollectorTypeCC GC.
07-29 20:54:36.071  2463  2516 I DisplayDeviceRepository: Display device changed: DisplayDeviceInfo{"": uniqueId="local:4630947082089526659", 1200 x 2670, modeId 1, renderFrameRate 120.00001, defaultModeId 1, userPreferredModeId -1, supportedModes [{id=1, width=1200, height=2670, fps=120.00001, vsync=120.00001, synthetic=false, alternativeRefreshRates=[24.000002, 30.000002, 40.0, 60.000004, 60.000004, 90.0], supportedHdrTypes=[1, 2, 3, 4]}, {id=2, width=1200, height=2670, fps=60.000004, vsync=60.000004, synthetic=false, alternativeRefreshRates=[24.000002, 30.000002, 40.0, 90.0, 120.00001, 120.00001, 120.00001, 120.00001, 120.00001], supportedHdrTypes=[1, 2, 3, 4]}, {id=3, width=1200, height=2670, fps=90.0, vsync=90.0, synthetic=false, alternativeRefreshRates=[24.000002, 30.000002, 40.0, 60.000004, 60.000004, 120.00001, 120.00001, 120.00001, 120.00001, 120.00001], supportedHdrTypes=[1, 2, 3, 4]}, {id=4, width=1200, height=2670, fps=40.0, vsync=40.0, synthetic=false, alternativeRefreshRates=[24.000002, 30.000002, 60.000004, 60.000004, 90.0, 120.00001, 120.00001, 120.00001, 120.00001, 120.00001], supportedHdrTypes=[1, 2, 3, 4]}, {id=5, width=1200, height=2670, fps=30.000002, vsync=30.000002, synthetic=false, alternativeRefreshRates=[24.000002, 40.0, 60.000004, 60.000004, 90.0, 120.00001, 120.00001, 120.00001, 120.00001, 120.00001], supportedHdrTypes=[1, 2, 3, 4]}, {id=6, width=1200, height=2670, fps=24.000002, vsync=24.000002, synthetic=false, alternativeRefreshRates=[30.000002, 40.0, 60.000004, 60.000004, 90.0, 120.00001, 120.00001, 120.00001, 120.00001, 120.00001], supportedHdrTypes=[1, 2, 3, 4]}], colorMode 0, supportedColorModes [0, 7, 9], hdrCapabilities HdrCapabilities{mSupportedHdrTypes=[1, 2, 3, 4], mMaxLuminance=1400.0, mMaxAverageLuminance=700.1615, mMinLuminance=0.323}, allmSupported false, gameContentTypeSupported false, density 480, 459.728 x 460.407 dpi, appVsyncOff 1000000, presDeadline 11333333, cutout DisplayCutout{insets=Rect(0, 116 - 0, 0) waterfall=Insets{left=0, top=0, right=0, bottom=0} boundingRect={Bounds=[Rect(0, 0 - 0, 0), Rect(563, 0 - 637, 116), Rect(0, 0 - 0, 0), Rect(0, 0 - 0, 0)]} cutoutPathParserInfo={CutoutPathParserInfo{displayWidth=1200 displayHeight=2670 physicalDisplayWidth=1200 physicalDisplayHeight=2670 density={3.0} cutoutSpec={M 0,0 H -37 V 116 H 37 V 0 H 0 Z} rotation={0} scale={1.0} physicalPixelDisplaySizeRatio={1.0}}} sideOverrides={}}, touch INTERNAL, rotation 0, type INTERNAL, address {port=131, model=0x40446dd5d993f5}, deviceProductInfo DeviceProductInfo{name=, manufacturerPnpId=QCM, productId=1, modelYear=null, manufactureDate=ManufactureDate{week=27, year=2006}, connectionToSinkType=0}, state ON, committedState ON, frameRateOverride , brightnessMinimum 0.0, brightnessMaximum 1.0, brightnessDefault 0.07496032, hdrSdrRatio 1.0, roundedCorners RoundedCorners{[RoundedCorner{position=TopLeft, radius=134, center=Point(134, 134)}, RoundedCorner{position=TopRight, radius=134, center=Point(1066, 134)}, RoundedCorner{position=BottomRight, radius=134, center=Point(1066, 2536)}, RoundedCorner{position=BottomLeft, radius=134, center=Point(134, 2536)}]}, FLAG_ALLOWED_TO_BE_DEFAULT_DISPLAY, FLAG_ROTATES_WITH_CONTENT, FLAG_SECURE, FLAG_SUPPORTS_PROTECTED_BUFFERS, FLAG_TRUSTED, installOrientation 0, displayShape DisplayShape{ spec=1406003047 displayWidth=1200 displayHeight=2670 physicalPixelDisplaySizeRatio=1.0 rotation=0 offsetX=0 offsetY=0 scale=1.0}}
07-29 20:54:36.076 12982 12982 E com.xingin.xhs: Not starting debugger since process cannot load the jdwp agent.
07-29 20:54:36.080 12982 12982 I MessageMonitor: Load libmiui_runtime
07-29 20:54:36.082 12982 19703 I NativeTurboSchedManager: Load libmiui_runtime
07-29 20:54:36.082 12982 19704 W System  : ClassLoader referenced unknown path: /data/app/~~be8qUeKMcWtJ_E6A2NS4Fw==/com.xingin.xhs-ekQHO0Oejm95cr5d6jCZWw==/base.apk
07-29 20:54:36.082 12982 19704 W System  : ClassLoader referenced unknown path: /data/app/~~be8qUeKMcWtJ_E6A2NS4Fw==/com.xingin.xhs-ekQHO0Oejm95cr5d6jCZWw==/split_config.arm64_v8a.apk
07-29 20:54:36.082 12982 19704 W System  : ClassLoader referenced unknown path: /data/app/~~be8qUeKMcWtJ_E6A2NS4Fw==/com.xingin.xhs-ekQHO0Oejm95cr5d6jCZWw==/split_config.xxhdpi.apk
07-29 20:54:36.083  1839  7237 E ANDR-PERF-LM: MetaMeter: handleAsync() 166: AdaptLaunch Invalid Async
07-29 20:54:36.083 12982 19704 W linker  : Warning: unable to resolve "/data/app/~~be8qUeKMcWtJ_E6A2NS4Fw==/com.xingin.xhs-ekQHO0Oejm95cr5d6jCZWw==/base.apk": No such file or directory (ignoring)
07-29 20:54:36.083 12982 19704 W linker  : Warning: unable to resolve "/data/app/~~be8qUeKMcWtJ_E6A2NS4Fw==/com.xingin.xhs-ekQHO0Oejm95cr5d6jCZWw==/split_config.arm64_v8a.apk": No such file or directory (ignoring)
07-29 20:54:36.083 12982 19704 W linker  : Warning: unable to resolve "/data/app/~~be8qUeKMcWtJ_E6A2NS4Fw==/com.xingin.xhs-ekQHO0Oejm95cr5d6jCZWw==/split_config.xxhdpi.apk": No such file or directory (ignoring)
07-29 20:54:36.086 12982 12982 I JavaheapMonitor: Java heap monitor start.
07-29 20:54:36.086  2463  2514 I Location.SSRU: foregroundActivities IS trueUID ID 10286, home is false
07-29 20:54:36.087  3002  6353 E libsensor-parseRGB: CWB NotifyCWBBufferDone  error 0
07-29 20:54:36.087 12982 19711 I com.xingin.xhs: Perf Metrics reporting thread started.
07-29 20:54:36.089  3118  3325 E VA_AppStateWatcher: handleMessage: return!
07-29 20:54:36.090  2463  4205 I MiuiNetworkPolicy: updateUidState uid = 10286, uidState = 2
07-29 20:54:36.091  1921  8844 I NxpNciR : len =  13 > 6F360A190200A102000000000C
07-29 20:54:36.091  2463  4205 I MiuiNetworkPolicyTrafficLimit: updateWhiteListUidForMobileTraffic uid=10286,add=true
07-29 20:54:36.109  2463  4403 E HyperSentinel: -------------------------------------------------------
07-29 20:54:36.109  2463  4403 E HyperSentinel: Event_ResidentSize
07-29 20:54:36.109  2463  4403 E HyperSentinel: -> audit event by proc 12982 "com.xingin.xhs": RSS increasement, peak 11280kb -> 55924kb
07-29 20:54:36.109  2463  4403 E HyperSentinel: -------------------------------------------------------
07-29 20:54:36.109  2463  4403 E HyperSentinel: Event_ResidentSize
07-29 20:54:36.109  2463  4403 E HyperSentinel: -> audit event by proc 12982 "com.xingin.xhs": RSS increasement, peak 55924kb -> 86132kb
07-29 20:54:36.109  2463  4403 E HyperSentinel: -------------------------------------------------------
07-29 20:54:36.109  2463  4403 E HyperSentinel: Event_ThreadAmount
07-29 20:54:36.109  2463  4403 E HyperSentinel: -> audit event by proc 12982 "com.xingin.xhs": running threads amount, 0 -> 12
07-29 20:54:36.109  2463  4403 E HyperSentinel: -------------------------------------------------------
07-29 20:54:36.109  2463  4403 E HyperSentinel: Event_ResidentSize
07-29 20:54:36.109  2463  4403 E HyperSentinel: -> audit event by proc 12982 "com.xingin.xhs": RSS increasement, peak 86132kb -> 129904kb
07-29 20:54:36.117  2463  4069 I MIUIInput: [MotionEvent] notifyMotion - eventTime=19514436944000, deviceId=7, source=0x1002, policyFlags=0x0, action=0x1, flags=0x0, downTime=19514370314000
07-29 20:54:36.117  2463  4068 I MIUIInput: [MotionEvent] publisher action=0x1, deviceId=7, 19514436, channel 'fd7851 com.miui.home/com.miui.home.launcher.Launcher (server)'
07-29 20:54:36.117  2463  4068 I MIUIInput: [MotionEvent] publisher action=0x1, deviceId=7, 19514436, channel 'e8438b9 com.miui.miwallpaper.wallpaperservice.ImageWallpaper (server)'
07-29 20:54:36.117  2463  4068 I MIUIInput: [MotionEvent] publisher action=0x1, deviceId=7, 19514436, channel '[Gesture Monitor] miui-gesture (server)'
07-29 20:54:36.118  4497  4497 I MIUIInput: [MotionEvent] ViewRootImpl windowName 'com.miui.home/com.miui.home.launcher.Launcher', { action=ACTION_UP, id[0]=0, pointerCount=1, eventTime=19514436, downTime=19514370, phoneEventTime=20:54:36.116 } moveCount:6
07-29 20:54:36.118  4497  4497 I ScreenView_Workspace: isAllowScrollAnimStart: false
07-29 20:54:36.125  2046  2081 I [THP-HAL]: release_all:force:0
07-29 20:54:36.139 12982 12982 W ziparchive: Unable to open '/data/app/~~naXyFBWev0WaR6iSxCiDUQ==/com.xingin.xhs-lLmsAkZUpbytEgkoEwuLhw==/split_config.arm64_v8a.dm': No such file or directory
07-29 20:54:36.139 12982 12982 W ziparchive: Unable to open '/data/app/~~naXyFBWev0WaR6iSxCiDUQ==/com.xingin.xhs-lLmsAkZUpbytEgkoEwuLhw==/split_config.arm64_v8a.dm': No such file or directory
07-29 20:54:36.139 12982 12982 W com.xingin.xhs: Entry not found
07-29 20:54:36.139 12982 12982 W ziparchive: Unable to open '/data/app/~~naXyFBWev0WaR6iSxCiDUQ==/com.xingin.xhs-lLmsAkZUpbytEgkoEwuLhw==/split_config.xxhdpi.dm': No such file or directory
07-29 20:54:36.139 12982 12982 W ziparchive: Unable to open '/data/app/~~naXyFBWev0WaR6iSxCiDUQ==/com.xingin.xhs-lLmsAkZUpbytEgkoEwuLhw==/split_config.xxhdpi.dm': No such file or directory
07-29 20:54:36.139 12982 12982 W com.xingin.xhs: Entry not found
07-29 20:54:36.144 12982 12982 I Perf    : Connecting to perf service.
07-29 20:54:36.147  2463  5459 I ClipboardServiceI: checkProviderWakePathForClipboard: primaryClip is null
07-29 20:54:36.147 12982 19709 I ActivityThread: TrafficStats init done
07-29 20:54:36.150 12982 19709 I ForceDarkHelperStubImpl: initialize for com.xingin.xhs , ForceDarkOrigin
07-29 20:54:36.151 12982 19709 I MiuiForceDarkConfig: setConfig density:3.000000, mainRule:0, secondaryRule:0, tertiaryRule:0
07-29 20:54:36.154 12982 19709 I ActivityThread: Miui Feature Init done
07-29 20:54:36.156  3117  3117 I adbd    : in ShellService: rm /sdcard/screen_2025-07-29_205435.png
07-29 20:54:36.173  3002  4306 I libsensor-boledalgo: dbv:440,lux:232.0,cct:4454.0,hsv:-1.0,dc:0CWB R:3305.7,G:7186.3,B:3650.9Event C:14340.5,R:7987.0,G:4645.2,B:2291.2Cali C:389.8,R:189.1,G:108.3,B:53.6 
07-29 20:54:36.177  7633  6663 I MediaProvider: Deleted paths_hashcode::1389444597/:1389444597/1442737324435.png items on external_primary due to com.android.shell tid=19717
07-29 20:54:36.180  2463  4403 E HyperSentinel: -------------------------------------------------------
07-29 20:54:36.180  2463  4403 E HyperSentinel: Event_ThreadAmount
07-29 20:54:36.180  2463  4403 E HyperSentinel: -> audit event by proc 12982 "com.xingin.xhs": running threads amount, 12 -> 23
07-29 20:54:36.190 12982 12982 I sentry_hook_tag: sentry_crash_record nativeInit /data/user/0/com.xingin.xhs/files/sentry-record/, 8.93.0, 8930805
07-29 20:54:36.191 12982 12982 W bytehook_tag: bytehook init, mode 0, debug 0, return 0
07-29 20:54:36.191 12982 12982 I sentry_hook_tag: arch: arm64
07-29 20:54:36.191 12982 12982 I sentry_hook_tag: set_hook_array idx: 0, name: libsentry.so
07-29 20:54:36.191 12982 12982 I sentry_hook_tag: set_hook_array idx: 1, name: libsgmainso
07-29 20:54:36.191 12982 12982 I sentry_hook_tag: set_hook_array idx: 2, name: libsentry-gwp-asan.so
07-29 20:54:36.191 12982 12982 I sentry_hook_tag: >>>>  so = libsentry.so
07-29 20:54:36.191 12982 12982 I sentry_hook_tag: >>>>  so = libsentry-gwp-asan.so
07-29 20:54:36.192 12982 12982 I sentry_hook_tag: >>>>> monitor_anr pid: 12982, tid: 12982
07-29 20:54:36.192 12982 19720 I sentry_hook_tag: >>>>> bsg_monitor_anrs pid: 12982, tid: 19720
07-29 20:54:36.194 12982 12982 I sentry_hook_tag: allow_filter_for_hook_all hook 0 libsentry.so
07-29 20:54:36.194 12982 12982 I sentry_hook_tag: >>>>> hooked. stub: 7d644d16c0, status: 0, caller_path_name: /data/app/~~naXyFBWev0WaR6iSxCiDUQ==/com.xingin.xhs-lLmsAkZUpbytEgkoEwuLhw==/lib/arm64/libsentry.so, sym_name: sigaction, new_func: 7b694cb724, prev_func: 7e0f3ab56c, arg: 0
07-29 20:54:36.195 12982 12982 I sentry_hook_tag: >>>>   6, new: 0x7fd0ad7ba0, old: 0x7b693b20e8, /data/app/~~naXyFBWev0WaR6iSxCiDUQ==/com.xingin.xhs-lLmsAkZUpbytEgkoEwuLhw==/lib/arm64/libsentry.so
07-29 20:54:36.195 12982 12982 I sentry_hook_tag: >>>> [register_signal] signal = 6
07-29 20:54:36.195 12982 12982 I sentry_hook_tag: >>>> [register_signal]--replace sig = 6, path = /data/app/~~naXyFBWev0WaR6iSxCiDUQ==/com.xingin.xhs-lLmsAkZUpbytEgkoEwuLhw==/lib/arm64/libsentry.so, new = 0x7fd0ad7ba0
07-29 20:54:36.195 12982 12982 I sentry_hook_tag: >>>>   7, new: 0x7fd0ad7ba0, old: 0x7b693b2110, /data/app/~~naXyFBWev0WaR6iSxCiDUQ==/com.xingin.xhs-lLmsAkZUpbytEgkoEwuLhw==/lib/arm64/libsentry.so
07-29 20:54:36.195 12982 12982 I sentry_hook_tag: >>>> [register_signal] signal = 7
07-29 20:54:36.195 12982 12982 I sentry_hook_tag: >>>> [register_signal]--replace sig = 7, path = /data/app/~~naXyFBWev0WaR6iSxCiDUQ==/com.xingin.xhs-lLmsAkZUpbytEgkoEwuLhw==/lib/arm64/libsentry.so, new = 0x7fd0ad7ba0
07-29 20:54:36.195 12982 12982 I sentry_hook_tag: >>>>   8, new: 0x7fd0ad7ba0, old: 0x7b693b2138, /data/app/~~naXyFBWev0WaR6iSxCiDUQ==/com.xingin.xhs-lLmsAkZUpbytEgkoEwuLhw==/lib/arm64/libsentry.so
07-29 20:54:36.195 12982 12982 I sentry_hook_tag: >>>> [register_signal] signal = 8
07-29 20:54:36.195 12982 12982 I sentry_hook_tag: >>>> [register_signal]--replace sig = 8, path = /data/app/~~naXyFBWev0WaR6iSxCiDUQ==/com.xingin.xhs-lLmsAkZUpbytEgkoEwuLhw==/lib/arm64/libsentry.so, new = 0x7fd0ad7ba0
07-29 20:54:36.195 12982 12982 I sentry_hook_tag: >>>>   4, new: 0x7fd0ad7ba0, old: 0x7b693b2160, /data/app/~~naXyFBWev0WaR6iSxCiDUQ==/com.xingin.xhs-lLmsAkZUpbytEgkoEwuLhw==/lib/arm64/libsentry.so
07-29 20:54:36.195 12982 12982 I sentry_hook_tag: >>>> [register_signal] signal = 4
07-29 20:54:36.195 12982 12982 I sentry_hook_tag: >>>> [register_signal]--replace sig = 4, path = /data/app/~~naXyFBWev0WaR6iSxCiDUQ==/com.xingin.xhs-lLmsAkZUpbytEgkoEwuLhw==/lib/arm64/libsentry.so, new = 0x7fd0ad7ba0
07-29 20:54:36.195 12982 12982 I sentry_hook_tag: >>>>   11, new: 0x7fd0ad7ba0, old: 0x7b693b2188, /data/app/~~naXyFBWev0WaR6iSxCiDUQ==/com.xingin.xhs-lLmsAkZUpbytEgkoEwuLhw==/lib/arm64/libsentry.so
07-29 20:54:36.195 12982 12982 I sentry_hook_tag: >>>> [register_signal] signal = 11
07-29 20:54:36.195 12982 12982 I sentry_hook_tag: >>>> [register_signal]--replace sig = 11, path = /data/app/~~naXyFBWev0WaR6iSxCiDUQ==/com.xingin.xhs-lLmsAkZUpbytEgkoEwuLhw==/lib/arm64/libsentry.so, new = 0x7fd0ad7ba0
07-29 20:54:36.195 12982 12982 I sentry_hook_tag: >>>>   5, new: 0x7fd0ad7ba0, old: 0x7b693b21b0, /data/app/~~naXyFBWev0WaR6iSxCiDUQ==/com.xingin.xhs-lLmsAkZUpbytEgkoEwuLhw==/lib/arm64/libsentry.so
07-29 20:54:36.195 12982 12982 I sentry_hook_tag: >>>> [register_signal] signal = 5
07-29 20:54:36.195 12982 12982 I sentry_hook_tag: >>>> [register_signal]--replace sig = 5, path = /data/app/~~naXyFBWev0WaR6iSxCiDUQ==/com.xingin.xhs-lLmsAkZUpbytEgkoEwuLhw==/lib/arm64/libsentry.so, new = 0x7fd0ad7ba0
07-29 20:54:36.195 12982 12982 I sentry_hook_tag: >>>>   31, new: 0x7fd0ad7ba0, old: 0x7b693b21d8, /data/app/~~naXyFBWev0WaR6iSxCiDUQ==/com.xingin.xhs-lLmsAkZUpbytEgkoEwuLhw==/lib/arm64/libsentry.so
07-29 20:54:36.195 12982 12982 I sentry_hook_tag: >>>> r 0, new: 0x7fd0ad7ba0, old: 0x7b693b21d8
07-29 20:54:36.195 12982 12982 I sentry_hook_tag: >>>>   16, new: 0x7fd0ad7ba0, old: 0x7b693b2200, /data/app/~~naXyFBWev0WaR6iSxCiDUQ==/com.xingin.xhs-lLmsAkZUpbytEgkoEwuLhw==/lib/arm64/libsentry.so
07-29 20:54:36.195 12982 12982 I sentry_hook_tag: >>>> r 0, new: 0x7fd0ad7ba0, old: 0x7b693b2200
07-29 20:54:36.195 12982 12982 I sentry_hook_tag: >>>>   3, new: 0x7fd0ad7b70, old: 0x7b693b3738, /data/app/~~naXyFBWev0WaR6iSxCiDUQ==/com.xingin.xhs-lLmsAkZUpbytEgkoEwuLhw==/lib/arm64/libsentry.so
07-29 20:54:36.195 12982 12982 I sentry_hook_tag: >>>> [register_signal_anr] signal anr = 3
07-29 20:54:36.195 12982 12982 I sentry_hook_tag: >>>> [register_signal_anr]--replace sig = 3, path = /data/app/~~naXyFBWev0WaR6iSxCiDUQ==/com.xingin.xhs-lLmsAkZUpbytEgkoEwuLhw==/lib/arm64/libsentry.so, new = 0x7fd0ad7b70
07-29 20:54:36.196 12982 12982 I SentryPlus: 
07-29 20:54:36.202 12982 12982 W com.xingin.xhs: Unsupported class loader
07-29 20:54:36.210  2463  4403 E HyperSentinel: -------------------------------------------------------
07-29 20:54:36.210  2463  4403 E HyperSentinel: Event_ResidentSize
07-29 20:54:36.210  2463  4403 E HyperSentinel: -> audit event by proc 12982 "com.xingin.xhs": RSS increasement, peak 129904kb -> 194992kb
07-29 20:54:36.215 12982 12982 W com.xingin.xhs: Unsupported class loader
07-29 20:54:36.215 12982 12982 W com.xingin.xhs: Unsupported class loader
07-29 20:54:36.219 12982 12982 I MMKV    : Disable checkProcessMode()
07-29 20:54:36.221 12982 12982 I MMKV    : current API level = 35, libc++_shared=0
07-29 20:54:36.221 12982 12982 I MMKV    : <MMKV.cpp:167::initialize> version v1.3.2, page size 4096, arch arm64-v8a
07-29 20:54:36.221 12982 12982 I MMKV    : <MMKV.cpp:178::initialize> armv8 AES instructions is supported
07-29 20:54:36.221 12982 12982 I MMKV    : <MMKV.cpp:186::initialize> armv8 CRC32 instructions is supported
07-29 20:54:36.221 12982 12982 I MMKV    : <MMKV.cpp:226::initializeMMKV> root dir: /data/user/0/com.xingin.xhs/files/mmkv
07-29 20:54:36.226 12982 12982 I FirebaseApp: Device unlocked: initializing all Firebase APIs for app [DEFAULT]
07-29 20:54:36.227 12982 19776 E DynamiteModule: Failed to load module descriptor class: No field MODULE_ID in class Lcom/google/android/gms/dynamite/descriptors/com/google/android/gms/measurement/dynamite/ModuleDescriptor; (declaration of 'com.google.android.gms.dynamite.descriptors.com.google.android.gms.measurement.dynamite.ModuleDescriptor' appears in /data/app/~~naXyFBWev0WaR6iSxCiDUQ==/com.xingin.xhs-lLmsAkZUpbytEgkoEwuLhw==/base.apk!classes2.dex)
07-29 20:54:36.228 12982 12982 I FirebaseInitProvider: FirebaseApp initialization successful
07-29 20:54:36.229 12982 12982 E CardWidget_SEEDLING_SUPPORT_SDK(2000010)_HasInit=false: (main) checkIsAboveOSVersion14 error,Failed resolution of: Lcom/oplus/os/OplusBuild$VERSION;
07-29 20:54:36.230  2463  5539 I ClipboardServiceI: checkProviderWakePathForClipboard: primaryClip is null
07-29 20:54:36.230  2463  4205 I MiuiNetworkPolicy: updateUidState uid = 10130, uidState = 3
07-29 20:54:36.232  2463  5459 W ContentProviderHelper: No provider info for content provider com.oplus.cardservice.repository.provider.CardServiceServerProvider when providerRunning is false, caller is ProcessRecord{5f5bc0f 12982:com.xingin.xhs/u0a286}
07-29 20:54:36.233 12982 19789 E ActivityThread: Failed to find provider info for com.oplus.cardservice.repository.provider.CardServiceServerProvider
07-29 20:54:36.234 12982 12982 W d7.o0   : You haven't set a value for AdvertiserIDCollectionEnabled. Set the flag to TRUE if you want to collect Advertiser ID for better advertising and analytics results. To request user consent before collecting data, set the flag value to FALSE, then change to TRUE once user consent is received. Learn more: https://developers.facebook.com/docs/app-events/getting-started-app-events-android#disable-auto-events.
07-29 20:54:36.236 12982 19776 W com.xingin.xhs: ClassLoaderContext classpath size mismatch. expected=1, found=0 (DLC[];PCL[base.apk*3171152309]{PCL[/system/framework/org.apache.http.legacy.jar*437079508]#PCL[/system/framework/com.android.media.remotedisplay.jar*2042759013]#PCL[/system/framework/com.android.location.provider.jar*3414091812]#PCL[/system_ext/framework/androidx.window.extensions.jar*971238792]#PCL[/system_ext/framework/androidx.window.sidecar.jar*3369076662]} | DLC[];PCL[])
07-29 20:54:36.237 12982 19796 W com.facebook.internal.j0: Apps that target Android API 30+ (Android 11+) cannot call Facebook native apps unless the package visibility needs are declared. Please follow https://developers.facebook.com/docs/android/troubleshooting/#faq_267321845055988 to make the declaration.
07-29 20:54:36.238 12982 12982 I AGConnectProvider: AGConnectInitializeProvider#onCreate
07-29 20:54:36.238 12982 12982 I AGConnectInstance: AGConnectInstance#initialize
07-29 20:54:36.238 12982 12982 W AGC_Instance: agc sdk initialize
07-29 20:54:36.238 12982 12982 I AGC_Registrar: getServices
07-29 20:54:36.238 12982 12982 I AGC_Registrar: services:0
07-29 20:54:36.238 12982 12982 I AGC_Instance: initFinish callback start
07-29 20:54:36.238 12982 12982 I AGC_Instance: AGC SDK initialize end
07-29 20:54:36.239 12982 19776 I DynamiteModule: Considering local module com.google.android.gms.measurement.dynamite:0 and remote module com.google.android.gms.measurement.dynamite:154
07-29 20:54:36.239 12982 19776 I DynamiteModule: Selected remote version of com.google.android.gms.measurement.dynamite, version >= 154
07-29 20:54:36.242 12982 12982 E SENTRY_SESSION: startNewSession sessionId=c63dacb9143c436e8694dcd4b4bc32c8-000
07-29 20:54:36.246 12982 12982 I nativec_ab_c: method initXyExperimentGlobalRef begin
07-29 20:54:36.246 12982 12982 I nativec_ab_c: method initXyExperimentGlobalRef success
07-29 20:54:36.247 12982 12982 I nativec_config_c: method initXyConfigCenterGlobalRef begin
07-29 20:54:36.247 12982 12982 I nativec_config_c: method initXyConfigCenterGlobalRef success
07-29 20:54:36.248 12982 19776 W System  : ClassLoader referenced unknown path: 
07-29 20:54:36.253  3117  3117 I adbd    : in ShellService: ps
07-29 20:54:36.258 12982 19776 W com.xingin.xhs: ClassLoaderContext classpath element checksum mismatch. expected=3171152309, found=4127131501 (DLC[];PCL[base.apk*3171152309]{PCL[/system/framework/org.apache.http.legacy.jar*437079508]#PCL[/system/framework/com.android.media.remotedisplay.jar*2042759013]#PCL[/system/framework/com.android.location.provider.jar*3414091812]#PCL[/system_ext/framework/androidx.window.extensions.jar*971238792]#PCL[/system_ext/framework/androidx.window.sidecar.jar*3369076662]} | DLC[];PCL[/data/app/~~naXyFBWev0WaR6iSxCiDUQ==/com.xingin.xhs-lLmsAkZUpbytEgkoEwuLhw==/base.apk*4127131501]{PCL[/system/framework/org.apache.http.legacy.jar*437079508]#PCL[/system_ext/framework/androidx.window.extensions.jar*971238792]#PCL[/system_ext/framework/androidx.window.sidecar.jar*3369076662]})
07-29 20:54:36.265  2463  4403 E HyperSentinel: -------------------------------------------------------
07-29 20:54:36.265  2463  4403 E HyperSentinel: Event_ThreadAmount
07-29 20:54:36.265  2463  4403 E HyperSentinel: -> audit event by proc 12982 "com.xingin.xhs": running threads amount, 23 -> 45
07-29 20:54:36.268 12982 19776 E DynamiteModule: Failed to load module descriptor class: No field MODULE_ID in class Lcom/google/android/gms/dynamite/descriptors/com/google/android/gms/measurement/dynamite/ModuleDescriptor; (declaration of 'com.google.android.gms.dynamite.descriptors.com.google.android.gms.measurement.dynamite.ModuleDescriptor' appears in /data/app/~~naXyFBWev0WaR6iSxCiDUQ==/com.xingin.xhs-lLmsAkZUpbytEgkoEwuLhw==/base.apk!classes2.dex)
07-29 20:54:36.268 12982 19788 I DynamiteModule: Considering local module com.google.android.gms.ads.dynamite:0 and remote module com.google.android.gms.ads.dynamite:251815204
07-29 20:54:36.269 12982 19788 I DynamiteModule: Selected remote version of com.google.android.gms.ads.dynamite, version >= 251815204
07-29 20:54:36.270 12982 12982 I cr_CronetLibraryLoader: Cronet version: 114.0.5735.38, arch: aarch64
07-29 20:54:36.271 12982 12982 W UnsafeUtil: platform method missing - proto runtime falling back to safer methods: java.lang.NoSuchMethodException: sun.misc.Unsafe.copyMemory [class java.lang.Object, long, class java.lang.Object, long, long]
07-29 20:54:36.271  1827  2752 I vendor.qti.hardware.display.composer-service: Sensor: notify citsensorservice to trigger cwb, misForced = 0
07-29 20:54:36.272 12982 19788 W ziparchive: Unable to open '/data/user_de/0/com.google.android.gms/app_chimera/m/0000001c/dl-AdsFdrDynamite.integ_251815204100000.dm': No such file or directory
07-29 20:54:36.272 12982 19788 W ziparchive: Unable to open '/data/user_de/0/com.google.android.gms/app_chimera/m/0000001c/dl-AdsFdrDynamite.integ_251815204100000.dm': No such file or directory
07-29 20:54:36.273  3002  4297 I libsensor-parseRGB: request dump start for mRequestDisplayId 0
07-29 20:54:36.280  2463  5129 I ClipboardServiceI: checkProviderWakePathForClipboard: primaryClip is null
07-29 20:54:36.285  2463  4403 E HyperSentinel: -------------------------------------------------------
07-29 20:54:36.285  2463  4403 E HyperSentinel: Event_ResidentSize
07-29 20:54:36.286  2463  4403 E HyperSentinel: -> audit event by proc 12982 "com.xingin.xhs": RSS increasement, peak 194992kb -> 294668kb
07-29 20:54:36.286  2463  5539 E MiuiBusinessPreinstallConfig: Error occurs while read preinstalled channels java.io.FileNotFoundException: /cust/cust/cn_chinatelecom/ota_customized_channellist: open failed: ENOENT (No such file or directory)
07-29 20:54:36.286  2463  5539 E MiuiBusinessPreinstallConfig: Error occurs while read preinstalled channels java.io.FileNotFoundException: /cust/cust/cn_chinatelecom/recommended_channellist: open failed: ENOENT (No such file or directory)
07-29 20:54:36.286  2463  5539 E MiuiBusinessPreinstallConfig: Error occurs while read preinstalled channels java.io.FileNotFoundException: /cust/cust/cn_chinatelecom/ota_recommended_channellist: open failed: ENOENT (No such file or directory)
07-29 20:54:36.287 12982 19824 E com.xingin.xhs: No package ID 6a found for resource ID 0x6a0b000f.
07-29 20:54:36.287 12982 19824 I FA      : App measurement initialized, version: 132006
07-29 20:54:36.287 12982 19824 I FA      : To enable debug logging run: adb shell setprop log.tag.FA VERBOSE
07-29 20:54:36.287 12982 19824 I FA      : To enable faster debug mode event logging run:
07-29 20:54:36.287 12982 19824 I FA      :   adb shell setprop debug.firebase.analytics.app com.xingin.xhs
07-29 20:54:36.295  3002  3080 E libsensor-parseRGB: CWB NotifyCWBBufferDone  error 0
07-29 20:54:36.294  2463  4403 E HyperSentinel: -------------------------------------------------------
07-29 20:54:36.295  2463  4403 E HyperSentinel: Event_ThreadAmount
07-29 20:54:36.295  2463  4403 E HyperSentinel: -> audit event by proc 12982 "com.xingin.xhs": running threads amount, 45 -> 78
07-29 20:54:36.297 12982 12982 W com.xingin.xhs: Opening an oat file without a class loader. Are you using the deprecated DexFile APIs?
07-29 20:54:36.297 12982 12982 W com.xingin.xhs: DexFile /data/user/0/com.xingin.xhs/app_cache/c4d121c215evx1s51d.dex is in boot class path but is not in a known location
07-29 20:54:36.297 20584 21778 I artd    : Dex parent of /data/user/0/com.xingin.xhs/app_r1_webview_64/r1_core/classes.dex is not writable: Permission denied
07-29 20:54:36.298  2463  5539 W ServiceManagerCppClient: Permission failure:  from uid=10286 pid=12982
07-29 20:54:36.298 20584 21778 I artd    : GetBestInfo checking odex in dalvik-cache (/data/dalvik-cache/arm64/data@user@0@com.xingin.xhs@app_r1_webview_64@r1_core@classes.dex)
07-29 20:54:36.298 20584 21778 I artd    : Loading /data/dalvik-cache/arm64/data@user@0@com.xingin.xhs@app_r1_webview_64@r1_core@classes.dex with executable: 0
07-29 20:54:36.298 20584 21778 I artd    : OatFileAssistant test for existing oat file /data/dalvik-cache/arm64/data@user@0@com.xingin.xhs@app_r1_webview_64@r1_core@classes.dex: File /data/dalvik-cache/arm64/data@user@0@com.xingin.xhs@app_r1_webview_64@r1_core@classes.vdex does not exist.
07-29 20:54:36.298 20584 21778 I artd    : GetBestInfo checking odex next to the dex file (/data/user/0/com.xingin.xhs/app_r1_webview_64/r1_core/oat/arm64/classes.odex)
07-29 20:54:36.298 20584 21778 I artd    : Loading /data/user/0/com.xingin.xhs/app_r1_webview_64/r1_core/oat/arm64/classes.odex with executable: 0
07-29 20:54:36.298 20584 21778 I artd    : Successfully loaded /data/user/0/com.xingin.xhs/app_r1_webview_64/r1_core/oat/arm64/classes.odex with executable: 0
07-29 20:54:36.299 20584 21778 I artd    : /data/user/0/com.xingin.xhs/app_r1_webview_64/r1_core/oat/arm64/classes.odex is kOatUpToDate with filter verify
07-29 20:54:36.299 20584 21778 I artd    : Should not recompile
07-29 20:54:36.299  2463  4596 I ArtService: Dexopt result: [packageName = com.xingin.xhs] DexContainerFileDexoptResult{dexContainerFile=/data/user/0/com.xingin.xhs/app_r1_webview_64/r1_core/classes.dex, primaryAbi=true, abi=arm64-v8a, actualCompilerFilter=verify, status=SKIPPED, dex2oatWallTimeMillis=0, dex2oatCpuTimeMillis=0, sizeBytes=0, sizeBeforeBytes=0, extendedStatusFlags=[]}
07-29 20:54:36.300 20584 21778 W artd    : Could not get dex checksums for location /data/app/~~6odrkwjy-OlMCHI7XLgXXw==/com.xingin.xhs-6eKWjmmMkK9wOQfpxOueVw==/base.apk, fd=-1
07-29 20:54:36.301  2463  4596 E ArtService: Failed to dexopt [packageName = com.xingin.xhs, dexPath = /data/user/0/com.xingin.xhs/app_xy_robust/8890813/5/X64/8890813-5-patch.apk, isa = arm64, classLoaderContext = PCL[];PCL[/data/app/~~6odrkwjy-OlMCHI7XLgXXw==/com.xingin.xhs-6eKWjmmMkK9wOQfpxOueVw==/base.apk]{PCL[/system/framework/org.apache.http.legacy.jar]#PCL[/system_ext/framework/androidx.window.extensions.jar]#PCL[/system_ext/framework/androidx.window.sidecar.jar]}]
07-29 20:54:36.301  2463  4596 E ArtService: android.os.ServiceSpecificException: Failed to create OatFileAssistant: Failed to load class loader context files for '/data/user/0/com.xingin.xhs/app_xy_robust/8890813/5/X64/8890813-5-patch.apk' with context 'PCL[];PCL[/data/app/~~6odrkwjy-OlMCHI7XLgXXw==/com.xingin.xhs-6eKWjmmMkK9wOQfpxOueVw==/base.apk]{PCL[/system/framework/org.apache.http.legacy.jar]#PCL[/system_ext/framework/androidx.window.extensions.jar]#PCL[/system_ext/framework/androidx.window.sidecar.jar]}' (code 1)
07-29 20:54:36.301  2463  4596 E ArtService: 	at android.os.Parcel.createExceptionOrNull(Parcel.java:3270)
07-29 20:54:36.301  2463  4596 E ArtService: 	at android.os.Parcel.createException(Parcel.java:3240)
07-29 20:54:36.301  2463  4596 E ArtService: 	at android.os.Parcel.readException(Parcel.java:3223)
07-29 20:54:36.301  2463  4596 E ArtService: 	at android.os.Parcel.readException(Parcel.java:3165)
07-29 20:54:36.301  2463  4596 E ArtService: 	at com.android.server.art.IArtd$Stub$Proxy.getDexoptNeeded(IArtd.java:1104)
07-29 20:54:36.301  2463  4596 E ArtService: 	at com.android.server.art.Dexopter.getDexoptNeeded(Dexopter.java:613)
07-29 20:54:36.301  2463  4596 E ArtService: 	at com.android.server.art.Dexopter.dexopt(Dexopter.java:314)
07-29 20:54:36.301  2463  4596 E ArtService: 	at com.android.server.art.DexoptHelper.dexoptPackage(DexoptHelper.java:345)
07-29 20:54:36.301  2463  4596 E ArtService: 	at com.android.server.art.DexoptHelper.lambda$dexoptPackages$2(DexoptHelper.java:234)
07-29 20:54:36.301  2463  4596 E ArtService: 	at com.android.server.art.DexoptHelper.$r8$lambda$uhsaBhFpEmk14_7pnvdkLlS5xtw(DexoptHelper.java:0)
07-29 20:54:36.301  2463  4596 E ArtService: 	at com.android.server.art.DexoptHelper$$ExternalSyntheticLambda2.get(R8$$SyntheticClass:0)
07-29 20:54:36.301  2463  4596 E ArtService: 	at java.util.concurrent.CompletableFuture$AsyncSupply.run(CompletableFuture.java:1744)
07-29 20:54:36.301  2463  4596 E ArtService: 	at com.android.server.art.ArtManagerLocal$$ExternalSyntheticLambda0.execute(R8$$SyntheticClass:0)
07-29 20:54:36.301  2463  4596 E ArtService: 	at java.util.concurrent.CompletableFuture.asyncSupplyStage(CompletableFuture.java:1758)
07-29 20:54:36.301  2463  4596 E ArtService: 	at java.util.concurrent.CompletableFuture.supplyAsync(CompletableFuture.java:1981)
07-29 20:54:36.301  2463  4596 E ArtService: 	at com.android.server.art.DexoptHelper.dexoptPackages(DexoptHelper.java:225)
07-29 20:54:36.301  2463  4596 E ArtService: 	at com.android.server.art.DexoptHelper.dexopt(DexoptHelper.java:135)
07-29 20:54:36.301  2463  4596 E ArtService: 	at com.android.server.art.DexoptHelper.dexopt(DexoptHelper.java:115)
07-29 20:54:36.301  2463  4596 E ArtService: 	at com.android.server.art.ArtManagerLocal.dexoptPackage(ArtManagerLocal.java:419)
07-29 20:54:36.301  2463  4596 E ArtService: 	at com.android.server.art.ArtManagerLocal.dexoptPackage(ArtManagerLocal.java:404)
07-29 20:54:36.301  2463  4596 E ArtService: 	at com.android.server.art.DexUseManagerLocal.notifyDexContainersLoaded(DexUseManagerLocal.java:441)
07-29 20:54:36.301  2463  4596 E ArtService: 	at com.android.server.pm.PackageManagerService$IPackageManagerImpl.notifyDexLoad(PackageManagerService.java:5864)
07-29 20:54:36.301  2463  4596 E ArtService: 	at android.content.pm.IPackageManager$Stub.onTransact(IPackageManager.java:3420)
07-29 20:54:36.301  2463  4596 E ArtService: 	at com.android.server.pm.PackageManagerService$IPackageManagerImpl.onTransact(PackageManagerService.java:6780)
07-29 20:54:36.301  2463  4596 E ArtService: 	at android.os.Binder.execTransactInternal(Binder.java:1512)
07-29 20:54:36.301  2463  4596 E ArtService: 	at android.os.Binder.execTransact(Binder.java:1451)
07-29 20:54:36.301  2463  4596 I ArtService: Dexopt result: [packageName = com.xingin.xhs] DexContainerFileDexoptResult{dexContainerFile=/data/user/0/com.xingin.xhs/app_xy_robust/8890813/5/X64/8890813-5-patch.apk, primaryAbi=true, abi=arm64-v8a, actualCompilerFilter=verify, status=FAILED, dex2oatWallTimeMillis=0, dex2oatCpuTimeMillis=0, sizeBytes=0, sizeBeforeBytes=0, extendedStatusFlags=[]}
07-29 20:54:36.302  1747  1747 I sensors-hal: batch:141, android.sensor.gyroscope/41, period=200000000, max_latency=0
07-29 20:54:36.302  1747  1747 I sensors-hal: set_config:56, sample_period_ns is adjusted to 200000000 based on min/max delay_ns
07-29 20:54:36.302  1747  1747 I sensors-hal: batch:150, android.sensor.gyroscope/41, period=200000000, max_latency=0 request completed
07-29 20:54:36.302  2463  2539 E SensorAccount: it is being prepared but doesn't have a pre-existing accountToSensorUsageMap
07-29 20:54:36.302  2463  2539 I SensorAccount: App register sensor to track it noWakeupSensor_10286_0x1000029
07-29 20:54:36.302 20584 21779 I artd    : Dex parent of /data/user/0/com.xingin.xhs/app_r1_webview_64/r1_core/classes2.dex is not writable: Permission denied
07-29 20:54:36.302 20584 21779 I artd    : GetBestInfo checking odex in dalvik-cache (/data/dalvik-cache/arm64/data@user@0@com.xingin.xhs@app_r1_webview_64@r1_core@classes2.dex)
07-29 20:54:36.302 20584 21779 I artd    : Loading /data/dalvik-cache/arm64/data@user@0@com.xingin.xhs@app_r1_webview_64@r1_core@classes2.dex with executable: 0
07-29 20:54:36.303 20584 21779 I artd    : OatFileAssistant test for existing oat file /data/dalvik-cache/arm64/data@user@0@com.xingin.xhs@app_r1_webview_64@r1_core@classes2.dex: File /data/dalvik-cache/arm64/data@user@0@com.xingin.xhs@app_r1_webview_64@r1_core@classes2.vdex does not exist.
07-29 20:54:36.303 20584 21779 I artd    : GetBestInfo checking odex next to the dex file (/data/user/0/com.xingin.xhs/app_r1_webview_64/r1_core/oat/arm64/classes2.odex)
07-29 20:54:36.303 20584 21779 I artd    : Loading /data/user/0/com.xingin.xhs/app_r1_webview_64/r1_core/oat/arm64/classes2.odex with executable: 0
07-29 20:54:36.303 20584 21779 I artd    : Successfully loaded /data/user/0/com.xingin.xhs/app_r1_webview_64/r1_core/oat/arm64/classes2.odex with executable: 0
07-29 20:54:36.303 20584 21779 I artd    : /data/user/0/com.xingin.xhs/app_r1_webview_64/r1_core/oat/arm64/classes2.odex is kOatUpToDate with filter verify
07-29 20:54:36.304 20584 21779 I artd    : Should not recompile
07-29 20:54:36.305  2463  4596 I ArtService: Dexopt result: [packageName = com.xingin.xhs] DexContainerFileDexoptResult{dexContainerFile=/data/user/0/com.xingin.xhs/app_r1_webview_64/r1_core/classes2.dex, primaryAbi=true, abi=arm64-v8a, actualCompilerFilter=verify, status=SKIPPED, dex2oatWallTimeMillis=0, dex2oatCpuTimeMillis=0, sizeBytes=0, sizeBeforeBytes=0, extendedStatusFlags=[]}
07-29 20:54:36.305  2463  5539 I SensorService: 	>>> actuating h/w activate handle=0x1000029 enabled=1
07-29 20:54:36.306  1747  1747 I sensors-hal: activate:108, android.sensor.gyroscope/41 en=1
07-29 20:54:36.306  1747  1747 I sensors-hal: acquire_qsh_interface:121, acquire_qsh_interface with sensor_id 100 , conn_type 2 
07-29 20:54:36.310  2463  5129 W ActivityManager: Unable to start service Intent { act=com.huawei.hms.core.aidlservice pkg=com.huawei.hwid } U=0: not found
07-29 20:54:36.310  1714  1806 I minksocket: MinkIPC MESSAGE: ( 1714:1806 ) MinkIPC_QRTR_Service:351 minkipc = 0xb400007134251590 sock = 19, client with node 1 port 4978 went down
07-29 20:54:36.311  1844  1844 I vendor.qti.hardware.servicetrackeraidl-service: bindService is called for service : com.google.android.gms/.ads.identifier.service.AdvertisingIdService and for client com.xingin.xhs
07-29 20:54:36.311  1844  1844 I vendor.qti.hardware.servicetrackeraidl-service: total connections for service : com.google.android.gms/.ads.identifier.service.AdvertisingIdServiceare :1
07-29 20:54:36.311  1844  1844 I vendor.qti.hardware.servicetrackeraidl-service: total connections for client : com.xingin.xhsare :1
07-29 20:54:36.311  2463 14501 I SmartPower: com.google.android.gms/10130(31105): idle->background(2976ms) R(service create com.google.android.gms/.ads.identifier.service.AdvertisingIdService) adj=250.
07-29 20:54:36.312  1714  1828 I minksocket: MinkIPC MESSAGE: ( 1714:1828 ) MinkIPC_QRTR_Service:351 minkipc = 0xb4000071342524b0 sock = 35, client with node 1 port 4978 went down
07-29 20:54:36.313  2463  2503 W ActivityManager: Unable to start service Intent { act=com.vivo.intent.action.VMS_RISK_MONITOR_SERVICE pkg=com.vivo.vms } U=0: not found
07-29 20:54:36.313  1714  1806 I minksocket: MinkIPC MESSAGE: ( 1714:1806 ) MinkIPC_QRTR_Service:351 minkipc = 0xb400007134251590 sock = 19, client with node 1 port 4979 went down
07-29 20:54:36.314  1714  1828 I minksocket: MinkIPC MESSAGE: ( 1714:1828 ) MinkIPC_QRTR_Service:351 minkipc = 0xb4000071342524b0 sock = 35, client with node 1 port 4979 went down
07-29 20:54:36.314  2463  2526 I ThermalObserver: Temperature control has been released.
07-29 20:54:36.315  2463  5459 I ClipboardServiceI: checkProviderWakePathForClipboard: primaryClip is null
07-29 20:54:36.316  1844  1844 I vendor.qti.hardware.servicetrackeraidl-service: bindService is called for service : com.google.android.gms/.measurement.service.MeasurementBrokerService and for client com.xingin.xhs
07-29 20:54:36.316  1844  1844 I vendor.qti.hardware.servicetrackeraidl-service: total connections for service : com.google.android.gms/.measurement.service.MeasurementBrokerServiceare :1
07-29 20:54:36.316  1844  1844 I vendor.qti.hardware.servicetrackeraidl-service: total connections for client : com.xingin.xhsare :2
07-29 20:54:36.317  2463 14501 W ActivityManager: Unable to start service Intent { act=com.vivo.intent.action.VMS_DEVICE_CREDIT_SERVICE pkg=com.vivo.vms } U=0: not found
07-29 20:54:36.317  1747  1747 I sensors-hal: qsh_qmi:35, qsh_qmi
07-29 20:54:36.318  2463  4596 W ActivityManager: Unable to start service Intent { act=com.vivo.intent.action.SECURE_FRAUD_DETECT pkg=com.iqoo.secure } U=0: not found
07-29 20:54:36.318  2463  4205 I MiuiNetworkPolicy: updateUidState uid = 10130, uidState = 3
07-29 20:54:36.318  1747  1747 I sensors-hal: register_cb:314, suid(low=13349102573053088193,high=10940304014280585888) is new. register callbacks
07-29 20:54:36.318  1747  1747 I sensors-hal: register_cb:314, suid(low=5638966810278276939,high=16062486808014924442) is new. register callbacks
07-29 20:54:36.318  1747  1747 I sensors-hal: calibration:49, registerd callback for gyro_cal
07-29 20:54:36.318  1747  1747 I sensors-hal: calibration:56, created worker for gyro_cal
07-29 20:54:36.319  1747  1747 I sensors-hal: send_req:210, send_req before send_request gyro_cal with SUID low=5638966810278276939 high=16062486808014924442
07-29 20:54:36.319  1747  1747 I sensors-hal: activate:176, started gyro cal
07-29 20:54:36.319  1747  1747 I sensors-hal: set_config:56, sample_period_ns is adjusted to 1000000000 based on min/max delay_ns
07-29 20:54:36.319  1747  1747 I sensors-hal: acquire_qsh_interface:121, acquire_qsh_interface with sensor_id 100 , conn_type 2 
07-29 20:54:36.319  1747  1747 I sensors-hal: register_cb:314, suid(low=12628096501692248697,high=10895920266077048739) is new. register callbacks
07-29 20:54:36.319  1747  1747 I sensors-hal: send_sync_sensor_request:531, send sync request
07-29 20:54:36.319  1747  1747 I sensors-hal: send_sync_sensor_request:541, send_sync_sensor_request before send_request for sensor_temperature with SUID low=12628096501692248697 high=10895920266077048739
07-29 20:54:36.319  1747  1747 I sensors-hal: send_sync_sensor_request:560, wait for notification of response
07-29 20:54:36.319  1714  1828 I minksocket: MinkIPC MESSAGE: ( 1714:1828 ) MinkIPC_QRTR_Service:351 minkipc = 0xb4000071342524b0 sock = 35, client with node 1 port 497a went down
07-29 20:54:36.319  1714  1828 I minksocket: MinkIPC MESSAGE: ( 1714:1828 ) MinkIPC_QRTR_Service:351 minkipc = 0xb4000071342524b0 sock = 35, client with node 1 port 497b went down
07-29 20:54:36.319  1714  1806 I minksocket: MinkIPC MESSAGE: ( 1714:1806 ) MinkIPC_QRTR_Service:351 minkipc = 0xb400007134251590 sock = 19, client with node 1 port 497a went down
07-29 20:54:36.319  1714  1806 I minksocket: MinkIPC MESSAGE: ( 1714:1806 ) MinkIPC_QRTR_Service:351 minkipc = 0xb400007134251590 sock = 19, client with node 1 port 497b went down
07-29 20:54:36.319  1747 19891 I sensors-hal: handle_resp_cb:220, resp_value = 0 for gyro_cal before acuiring the lock _cal_mutex
07-29 20:54:36.320  1747 19891 I sensors-hal: qsh_conn_resp_cb:886, resp_value = 0 for sensor_temperature 
07-29 20:54:36.320  1747 19891 I sensors-hal: qsh_conn_event_cb:817, SCHED_FIFO(10) for qmi_cbk
07-29 20:54:36.321  1747 19892 I sensors-hal: operator():285, operator() in worker.. sending cal request again
07-29 20:54:36.321  1747 19892 I sensors-hal: send_req:210, send_req before send_request gyro_cal with SUID low=5638966810278276939 high=16062486808014924442
07-29 20:54:36.321  1747  1747 I sensors-hal: send_sync_sensor_request:566, takes 1 ms to receive the response with 0
07-29 20:54:36.321  1747 19891 I sensors-hal: handle_resp_cb:220, resp_value = 0 for gyro_cal before acuiring the lock _cal_mutex
07-29 20:54:36.322  7633 30847 W MediaProvider: isAppCloneUserPair for user 0: false
07-29 20:54:36.322  1844  1844 I vendor.qti.hardware.servicetrackeraidl-service: bindService is called for service : com.miui.securitycenter/com.xiaomi.security.xsof.MiSafetyDetectService and for client com.xingin.xhs
07-29 20:54:36.322  1844  1844 I vendor.qti.hardware.servicetrackeraidl-service: total connections for service : com.miui.securitycenter/com.xiaomi.security.xsof.MiSafetyDetectServiceare :1
07-29 20:54:36.322  1844  1844 I vendor.qti.hardware.servicetrackeraidl-service: total connections for client : com.xingin.xhsare :3
07-29 20:54:36.324  1747  1747 I sensors-hal: send_sensor_config_request:626, resampler is used, set resampler config
07-29 20:54:36.324  1747  1747 I sensors-hal: send_sync_sensor_request:531, send sync request
07-29 20:54:36.324  1747  1747 I sensors-hal: send_sync_sensor_request:541, send_sync_sensor_request before send_request for gyro with SUID low=13349102573053088193 high=10940304014280585888
