10-25 18:44:13.529 13559 22242 I Market-RetrofitRequest: HeaderInterceptor : https://updateinfo.market.xiaomi.com/apm/updateinfo/diffsize
10-25 18:44:13.576  3094  3094 I adbd    : in ShellService: wm size
10-25 18:44:13.669  3094  3094 I adbd    : in ShellService: dumpsys input
10-25 18:44:13.711 13559 22242 I Market-DownloadLimitSpeedManager: stopLimitSpeed
10-25 18:44:13.711 13559 22242 I Market-LimitSpeedManager: stopLimitSpeedNow() =========== 
10-25 18:44:13.715 13559 22242 I Market-RetrofitRequest: callEnd : https://updateinfo.market.xiaomi.com/apm/updateinfo/diffsize
10-25 18:44:13.716 13559 22242 I Market-LocalAppManager: queryDiffSizeFromServer end
10-25 18:44:13.717 13559 22201 I Market-SubScriptManager: updateMarketSubScript forceShow : false
10-25 18:44:13.717 13559 22201 I Market-SubScriptManager: get count 64
10-25 18:44:13.717 13559 22201 I Market-SubScriptManager: get count 64
10-25 18:44:13.719 13559 22242 I Market-WakeLockManager: release wakeLock: CheckUpdateService
10-25 18:44:13.721  1688  1688 I vendor.qti.hardware.servicetrackeraidl-service: destroyService is called for service : com.xiaomi.market/.business_core.update.auto.CheckUpdateService
10-25 18:44:13.721 13559 13559 I Market-ServiceUtils: stop foreground service: CheckUpdateService
10-25 18:44:13.726  2318  3691 I MiuiNetworkPolicy: updateUidState uid = 10261, uidState = 19
10-25 18:44:13.726  2318  3691 I MiuiNetworkPolicy: updateUidState uid = 10167, uidState = 19
10-25 18:44:13.726  2318  3691 I MiuiNetworkPolicy: updateUidState uid = 10158, uidState = 19
10-25 18:44:13.740  3094  3094 I adbd    : in ShellService: getprop ro.sf.lcd_density
10-25 18:44:13.783 13559 13584 I m.xiaomi.market: This is non sticky GC, maxfree is 16777216 minfree is 8388608
10-25 18:44:13.810  3094  3094 I adbd    : in ShellService: input keyevent MENU
10-25 18:44:13.832  7707  7707 I PackageInstallReceiver: action = android.intent.action.PACKAGE_CHANGED packageName = com.miui.cleanmaster
10-25 18:44:13.832  7707  7707 W InstalledPackagesMemoryCache: Unknown action: android.intent.action.PACKAGE_CHANGED
10-25 18:44:13.832  7707  7707 I ServiceDeliveryCapability: onAppChanged:com.miui.cleanmaster action:android.intent.action.PACKAGE_CHANGED
10-25 18:44:13.833  7707  7707 I AppWidgetDelegate: updateAppWidgets for com.miui.cleanmaster
10-25 18:44:13.833  7707  7707 I WidgetController: WidgetController.updateOrRemoveStackWhenPackageChanged: packageName com.miui.cleanmaster
10-25 18:44:13.833  7707  7707 I WidgetBackgroundBlurManager: onAppChanged appPackageName : com.miui.cleanmaster
10-25 18:44:13.833  2318  2451 W BroadcastQueue: Greezer Denial: sending Intent { act=android.intent.action.PACKAGE_CHANGED dat=package: flg=0x45000010 (has extras) }, action: android.intent.action.PACKAGE_CHANGED from null (uid=1000) due to receiver ProcessRecord{34d044b 5797:com.kuaishou.nebula/u0a432} (uid 10432) need cached broadcast
10-25 18:44:13.833  7707  8106 I AppWidgetDelegate: removeAllWidgets com.android.calendar.widget.NearEventAppWidget
10-25 18:44:13.833  7707  8106 I AppWidgetDelegate: removeAllWidgets com.xiaomi.misettings.usagestats.widget.desktop.widget.SimpleUsageStatsWidget
10-25 18:44:13.848  2318  4434 W MIUIInput: Input event injection from package: null action ACTION_DOWN keycode 82
10-25 18:44:13.848  2318  4434 W MiuiInputKeyEventLog: keyCode:82 down:true eventTime:44268074 downTime:44268074 policyFlags:2b000000 flags:0 metaState:0 deviceId:-1 isScreenOn:true keyguardActive:false repeatCount:0
10-25 18:44:13.849  2318  3572 I InputFeature: supportXiaomiHyperXiaoAi is true
10-25 18:44:13.849  2318  3572 I InputFeature: supportXiaomiHyperXiaoAiScreenRecognition support
10-25 18:44:13.849  2318  3572 I InputFeature: supportBlockCombinationKey com.miui.home version: 3
10-25 18:44:13.849  2318  3572 I MiuiInputKeyEventLog: is show menu
10-25 18:44:13.849  2318  3572 I MIUIInput: [KeyEvent] publisher action:0x0,  keyCode:82 , deviceId=-1, 44268074,channel '88fbfb6 com.miui.home/com.miui.home.launcher.Launcher (server)' 
10-25 18:44:13.850  1908  1908 E DisplayModeController: setDesiredMode : Idle status skip setActiveMode, isDdicIdleMode: 1
10-25 18:44:13.850  4299  4299 I MIUIInput: [KeyEvent] ViewRootImpl windowName 'com.miui.home/com.miui.home.launcher.Launcher', KeyEvent { action=ACTION_DOWN, keyCode=KEYCODE_MENU, scanCode=0, metaState=0, flags=0x0, repeatCount=0, eventTime=44268074000000, downTime=44268074000000, deviceId=-1, source=0x0, displayId=-1 }, phoneEventTime=18:44:13.848
10-25 18:44:13.851  2318  4434 W MIUIInput: Input event injection from package: null action ACTION_UP keycode 82
10-25 18:44:13.851  2318  4434 W MiuiInputKeyEventLog: keyCode:82 down:false eventTime:44268077 downTime:44268074 policyFlags:2b000000 flags:0 metaState:0 deviceId:-1 isScreenOn:true keyguardActive:false repeatCount:0
10-25 18:44:13.852  2318  3572 I InputFeature: supportXiaomiHyperXiaoAi is true
10-25 18:44:13.852  2318  3572 I InputFeature: supportXiaomiHyperXiaoAiScreenRecognition support
10-25 18:44:13.852  2318  3572 I InputFeature: supportBlockCombinationKey com.miui.home version: 3
10-25 18:44:13.853  2318  3572 I MiuiInputKeyEventLog: is show menu
10-25 18:44:13.853  2318  3572 I MIUIInput: [KeyEvent] publisher action:0x1,  keyCode:82 , deviceId=-1, 44268077,channel '88fbfb6 com.miui.home/com.miui.home.launcher.Launcher (server)' 
10-25 18:44:13.853  4299  4299 I MIUIInput: [KeyEvent] ViewRootImpl windowName 'com.miui.home/com.miui.home.launcher.Launcher', KeyEvent { action=ACTION_UP, keyCode=KEYCODE_MENU, scanCode=0, metaState=0, flags=0x0, repeatCount=0, eventTime=44268077000000, downTime=44268074000000, deviceId=-1, source=0x0, displayId=-1 }, phoneEventTime=18:44:13.851
10-25 18:44:13.854  4299  4299 I AnimStateManager: IdleState handle event 2006
10-25 18:44:13.854  4299  4299 I AnimStateManager: CommonState handle event 2006
10-25 18:44:13.855  4340  4361 I MiuiWallpaper-MiuiWallpaperManagerService: isMiuiWallpaperComponentUsing: true
10-25 18:44:13.856  4340  4361 I MiuiWallpaper-MiuiWallpaperManagerService: isMiuiWallpaperComponentUsing: true
10-25 18:44:13.856  4299  4890 I HapticFeedbackUtil: rtp:216
10-25 18:44:13.857  4340  4361 I MiuiWallpaper-MiuiWallpaperManagerService: isMiuiWallpaperComponentUsing: true
10-25 18:44:13.857  1656  1656 I SDM     : HWCDisplay::SetActiveConfigWithConstraints: display:66-0, config: 3, WxH 1200x2670, fps 120
10-25 18:44:13.857  1656  1656 W SDM     : HWDeviceDRM::GetSupportedBitClkRate: Requested rate not supported: 1150000000
10-25 18:44:13.857  1656  1656 I SDM     : HWDeviceDRM::UpdateMixerAttributes: Mixer WxH 1200x2670-1 for Peripheral
10-25 18:44:13.857  1656  1656 I SDM     : HWCDisplay::SubmitDisplayConfig: Active configuration changed from config 1 to 3
10-25 18:44:13.857  1656  1656 I SDM     : HWCDisplay::SubmitDisplayConfig: Active WxH 1200x2670 ,ddic_mode:auto, timing_fps: 120, sf_fps: 120
10-25 18:44:13.858  1656  2516 I vendor.qti.hardware.display.composer-service: Sensor: notify citsensorservice to trigger cwb, misForced = 0
10-25 18:44:13.862  3030  3788 I libsensor-parseRGB: request dump start for mRequestDisplayId 0
10-25 18:44:13.865  4299  4299 W PreviewDisappear: set, applyTo for info: com.miui.home.launcher.graphics.DrawableInfo@6178d1f, with icon: null
10-25 18:44:13.873  1596  1596 I sensors-hal: batch:141, android.sensor.accelerometer/11, period=66667000, max_latency=0
10-25 18:44:13.874  1596  1596 I sensors-hal: set_config:56, sample_period_ns is adjusted to 66667000 based on min/max delay_ns
10-25 18:44:13.874  1596  1596 I sensors-hal: batch:150, android.sensor.accelerometer/11, period=66667000, max_latency=0 request completed
10-25 18:44:13.875  2318  5401 I SensorService: 	>>> actuating h/w activate handle=0x100000b enabled=1
10-25 18:44:13.876  1596  1596 I sensors-hal: activate:108, android.sensor.accelerometer/11 en=1
10-25 18:44:13.876  1596  1596 I sensors-hal: acquire_qsh_interface:121, acquire_qsh_interface with sensor_id 104 , conn_type 2 
10-25 18:44:13.877  2318  2460 I SensorAccount: App register sensor to track it noWakeupSensor_10138_0x100000b
10-25 18:44:13.877  1568  1709 I minksocket: MinkIPC MESSAGE: ( 1568:1709 ) MinkIPC_QRTR_Service:351 minkipc = 0xb40000792d0406f0 sock = 19, client with node 1 port 4b83 went down
10-25 18:44:13.877  1568  1723 I minksocket: MinkIPC MESSAGE: ( 1568:1723 ) MinkIPC_QRTR_Service:351 minkipc = 0xb40000792d0435b0 sock = 35, client with node 1 port 4b83 went down
10-25 18:44:13.878  4299  4299 W ScreenView_Workspace: updateChildStaticTransformation error,childW=0.0
10-25 18:44:13.879  1568  1709 I minksocket: MinkIPC MESSAGE: ( 1568:1709 ) MinkIPC_QRTR_Service:351 minkipc = 0xb40000792d0406f0 sock = 19, client with node 1 port 4b84 went down
10-25 18:44:13.879  1568  1723 I minksocket: MinkIPC MESSAGE: ( 1568:1723 ) MinkIPC_QRTR_Service:351 minkipc = 0xb40000792d0435b0 sock = 35, client with node 1 port 4b84 went down
10-25 18:44:13.880  1568  1709 I minksocket: MinkIPC MESSAGE: ( 1568:1709 ) MinkIPC_QRTR_Service:351 minkipc = 0xb40000792d0406f0 sock = 19, client with node 1 port 4b85 went down
10-25 18:44:13.880  1568  1723 I minksocket: MinkIPC MESSAGE: ( 1568:1723 ) MinkIPC_QRTR_Service:351 minkipc = 0xb40000792d0435b0 sock = 35, client with node 1 port 4b85 went down
10-25 18:44:13.881  1596  1596 I sensors-hal: qsh_qmi:35, qsh_qmi
10-25 18:44:13.881  1596  1596 I sensors-hal: register_cb:314, suid(low=11115320498015681092,high=2286538866409242278) is new. register callbacks
10-25 18:44:13.881  1596  1596 I sensors-hal: send_sensor_config_request:626, resampler is used, set resampler config
10-25 18:44:13.881  1596  1596 I sensors-hal: send_sync_sensor_request:531, send sync request
10-25 18:44:13.881  1596  1596 I sensors-hal: send_sync_sensor_request:541, send_sync_sensor_request before send_request for accel with SUID low=11115320498015681092 high=2286538866409242278
10-25 18:44:13.881  1596  1596 I sensors-hal: send_sync_sensor_request:560, wait for notification of response
10-25 18:44:13.882  1568  1709 I minksocket: MinkIPC MESSAGE: ( 1568:1709 ) MinkIPC_QRTR_Service:351 minkipc = 0xb40000792d0406f0 sock = 19, client with node 1 port 4b86 went down
10-25 18:44:13.882  1568  1723 I minksocket: MinkIPC MESSAGE: ( 1568:1723 ) MinkIPC_QRTR_Service:351 minkipc = 0xb40000792d0435b0 sock = 35, client with node 1 port 4b86 went down
10-25 18:44:13.882  1596 22373 I sensors-hal: qsh_conn_resp_cb:886, resp_value = 0 for accel 
10-25 18:44:13.882  1596  1596 I sensors-hal: send_sync_sensor_request:566, takes 1 ms to receive the response with 0
10-25 18:44:13.882  1596  1596 I sensors-hal: activate:119, android.sensor.accelerometer/11 en=1 completed
10-25 18:44:13.883  4299  4890 E Launcher: mFsGestureStatusRefreshRunnable:run usingFsGesture=true   show=true   focus=true   pause=false
10-25 18:44:13.885  4299  4299 W RecentsImpl: updateFsgWindowVisibilityState origin isEnter=true, typeFrom=typefrom_home
10-25 18:44:13.886  4299  4890 W RecentsImpl: updateFsgWindowVisibilityStateInBgThread, isEnter=true, typeFrom=typefrom_home, isOpen=true, isKeyguardLocked=false, mIsInAnotherPro=false, isStatusBarExpansion=false
10-25 18:44:13.887  4299  4968 W GestureStubView_Left: adaptRotation   currentRotation=0   mRotation=0
10-25 18:44:13.887  4299  4968 W GestureStubView_Right: adaptRotation   currentRotation=0   mRotation=0
10-25 18:44:13.888  3030  3112 E libsensor-parseRGB: CWB NotifyCWBBufferDone  error 0
10-25 18:44:13.901  3094  3094 I adbd    : in ShellService: input keyevent BACK
10-25 18:44:13.934  2318  5401 W MIUIInput: Input event injection from package: null action ACTION_DOWN keycode 4
10-25 18:44:13.934  2318  5401 W MiuiInputKeyEventLog: keyCode:4 down:true eventTime:44268160 downTime:44268160 policyFlags:2b000000 flags:0 metaState:0 deviceId:-1 isScreenOn:true keyguardActive:false repeatCount:0
10-25 18:44:13.934  2318  2449 W ActivityManagerServiceImpl: Sending non-protected broadcast miui.intent.KEYCODE_BACK from system 2318:system/1000 pkg android. Callers=com.android.server.am.ActivityManagerService.checkBroadcastFromSystem:16255 com.android.server.am.ActivityManagerService.broadcastIntentLockedTraced:17126 com.android.server.am.ActivityManagerService.broadcastIntentLocked:16315 com.android.server.am.ActivityManagerService.broadcastIntentWithFeature:17337 android.app.ContextImpl.sendBroadcastAsUser:1495 
10-25 18:44:13.935  2318  3572 I MIUIInput: [KeyEvent] publisher action:0x0,  keyCode:4 , deviceId=-1, 44268160,channel '88fbfb6 com.miui.home/com.miui.home.launcher.Launcher (server)' 
10-25 18:44:13.936  4299  4299 I MIUIInput: [KeyEvent] ViewRootImpl windowName 'com.miui.home/com.miui.home.launcher.Launcher', KeyEvent { action=ACTION_DOWN, keyCode=KEYCODE_BACK, scanCode=0, metaState=0, flags=0x0, repeatCount=0, eventTime=44268160000000, downTime=44268160000000, deviceId=-1, source=0x0, displayId=-1 }, phoneEventTime=18:44:13.934
10-25 18:44:13.937  2318  3691 I MiuiNetworkPolicy: updateUidState uid = 10278, uidState = 19
10-25 18:44:13.976  2318  5401 W MIUIInput: Input event injection from package: null action ACTION_UP keycode 4
10-25 18:44:13.976  2318  5401 W MiuiInputKeyEventLog: keyCode:4 down:false eventTime:44268201 downTime:44268160 policyFlags:2b000000 flags:0 metaState:0 deviceId:-1 isScreenOn:true keyguardActive:false repeatCount:0
10-25 18:44:13.977  2318  2449 W ActivityManagerServiceImpl: Sending non-protected broadcast miui.intent.KEYCODE_BACK from system 2318:system/1000 pkg android. Callers=com.android.server.am.ActivityManagerService.checkBroadcastFromSystem:16255 com.android.server.am.ActivityManagerService.broadcastIntentLockedTraced:17126 com.android.server.am.ActivityManagerService.broadcastIntentLocked:16315 com.android.server.am.ActivityManagerService.broadcastIntentWithFeature:17337 android.app.ContextImpl.sendBroadcastAsUser:1495 
10-25 18:44:13.978  2318  3572 I MIUIInput: [KeyEvent] publisher action:0x1,  keyCode:4 , deviceId=-1, 44268201,channel '88fbfb6 com.miui.home/com.miui.home.launcher.Launcher (server)' 
10-25 18:44:13.978  4299  4299 I MIUIInput: [KeyEvent] ViewRootImpl windowName 'com.miui.home/com.miui.home.launcher.Launcher', KeyEvent { action=ACTION_UP, keyCode=KEYCODE_BACK, scanCode=0, metaState=0, flags=0x0, repeatCount=0, eventTime=44268201000000, downTime=44268160000000, deviceId=-1, source=0x0, displayId=-1 }, phoneEventTime=18:44:13.975
10-25 18:44:13.998  4299  4299 W MIUIInput: Back key is intercepted by the app
10-25 18:44:14.000  2318  5401 I SensorService: 	>>> actuating h/w activate handle=0x100000b enabled=0
10-25 18:44:14.002  2318  2460 I SensorAccount: App unregister sensor noWakeupSensor_10138_0x100000b
10-25 18:44:14.003  1596  1596 I sensors-hal: activate:108, android.sensor.accelerometer/11 en=0
10-25 18:44:14.003  1596  1596 I sensors-hal: send_sync_sensor_request:531, send sync request
10-25 18:44:14.003  1596  1596 I sensors-hal: send_sync_sensor_request:541, send_sync_sensor_request before send_request for accel with SUID low=11115320498015681092 high=2286538866409242278
10-25 18:44:14.003  1596  1596 I sensors-hal: send_sync_sensor_request:560, wait for notification of response
10-25 18:44:14.004  1596 22373 I sensors-hal: qsh_conn_resp_cb:886, resp_value = 0 for accel 
10-25 18:44:14.004  1596  1596 I sensors-hal: send_sync_sensor_request:566, takes 1 ms to receive the response with 0
10-25 18:44:14.006  1568  1709 I minksocket: MinkIPC MESSAGE: ( 1568:1709 ) MinkIPC_QRTR_Service:351 minkipc = 0xb40000792d0406f0 sock = 19, client with node 1 port 4b87 went down
10-25 18:44:14.006  1568  1723 I minksocket: MinkIPC MESSAGE: ( 1568:1723 ) MinkIPC_QRTR_Service:351 minkipc = 0xb40000792d0435b0 sock = 35, client with node 1 port 4b87 went down
10-25 18:44:14.006  1596  1596 I sensors-hal: ~qsh_qmi:62, ~qsh_qmi
10-25 18:44:14.006  1596  1596 I sensors-hal: activate:119, android.sensor.accelerometer/11 en=0 completed
10-25 18:44:14.007  4299  4890 E Launcher: mFsGestureStatusRefreshRunnable:run usingFsGesture=true   show=true   focus=true   pause=false
10-25 18:44:14.018  4299  4299 W RecentsImpl: updateFsgWindowVisibilityState origin isEnter=false, typeFrom=typefrom_home
10-25 18:44:14.019  4299  4890 W RecentsImpl: updateFsgWindowVisibilityStateInBgThread, isEnter=false, typeFrom=typefrom_home, isOpen=true, isKeyguardLocked=false, mIsInAnotherPro=false, isStatusBarExpansion=false
10-25 18:44:14.019  4299  4890 W RecentsImpl: getTopActivity from observer.   cn=ComponentInfo{com.miui.home/com.miui.home.launcher.Launcher}
10-25 18:44:14.046  3094  3094 I adbd    : in ShellService: ps
10-25 18:44:14.064  1656  2516 I vendor.qti.hardware.display.composer-service: Sensor: notify citsensorservice to trigger cwb, misForced = 0
10-25 18:44:14.065  3030  3788 I libsensor-parseRGB: request dump start for mRequestDisplayId 0
10-25 18:44:14.088  3030 15012 E libsensor-parseRGB: CWB NotifyCWBBufferDone  error 0
10-25 18:44:14.101  3094  3094 I adbd    : in ShellService: pm list packages -f
10-25 18:44:14.178  2318  4416 I SensorAccount: ExecutionCapabilityChanged  pkgName:com.miui.home  canAfford:true mCurrentForegroundUid:10138
10-25 18:44:14.214 19790 19790 I abb     : StartCommandInProcess(73657474696e67730067657400676c6f settings.get.glo [truncated])
10-25 18:44:14.216  3094  3094 I adbd    : in ShellService: pm list packages -f
10-25 18:44:14.216  2318  2318 W binder:2318_12: type=1400 audit(0.0:55201): avc:  denied  { getopt } for  scontext=u:r:system_server:s0 tcontext=u:r:shell:s0 tclass=unix_stream_socket permissive=0
10-25 18:44:14.216  2318  2318 W binder:2318_12: type=1400 audit(0.0:55202): avc:  denied  { getopt } for  scontext=u:r:system_server:s0 tcontext=u:r:shell:s0 tclass=unix_stream_socket permissive=0
10-25 18:44:14.216  2318  2318 W binder:2318_12: type=1400 audit(0.0:55203): avc:  denied  { getopt } for  scontext=u:r:system_server:s0 tcontext=u:r:shell:s0 tclass=unix_stream_socket permissive=0
10-25 18:44:14.228 19790 19790 I abb     : StartCommandInProcess(7061636b61676500696e7374616c6c00 package.install. [truncated])
10-25 18:44:14.232  2318  5450 I InstallationTiming: beginInstall_sessionId: 99098562
10-25 18:44:14.238  2318  5293 I NetworkAccelerateSwitchService: EVENT_RSSI_POLL. mRssiPoll=true
10-25 18:44:14.238  2318  5293 I NetworkAccelerateSwitchService: getAverageWifiRssi:42
10-25 18:44:14.272  1656  2516 I vendor.qti.hardware.display.composer-service: Sensor: notify citsensorservice to trigger cwb, misForced = 0
10-25 18:44:14.272  3030  3788 I libsensor-parseRGB: request dump start for mRequestDisplayId 0
10-25 18:44:14.296  3030  3112 E libsensor-parseRGB: CWB NotifyCWBBufferDone  error 0
10-25 18:44:14.480  1656  2516 I vendor.qti.hardware.display.composer-service: Sensor: notify citsensorservice to trigger cwb, misForced = 0
10-25 18:44:14.480  3030  3788 I libsensor-parseRGB: request dump start for mRequestDisplayId 0
10-25 18:44:14.504  3030  3112 E libsensor-parseRGB: CWB NotifyCWBBufferDone  error 0
10-25 18:44:14.687  1656  2516 I vendor.qti.hardware.display.composer-service: Sensor: notify citsensorservice to trigger cwb, misForced = 0
10-25 18:44:14.688  3030  3788 I libsensor-parseRGB: request dump start for mRequestDisplayId 0
10-25 18:44:14.711  3030 15012 E libsensor-parseRGB: CWB NotifyCWBBufferDone  error 0
10-25 18:44:14.749  2318  3691 I MiuiNetworkPolicy: bandwidth: 27 KB/s, Max bandwidth: 4239 KB/s
10-25 18:44:14.792  1656  1854 I SDM     : DisplayBase::CommitThread: Received idle timeout, panel: cmd, timeout: 69999 us
10-25 18:44:14.810  2318  4219 I SmartPower: com.miui.cleanmaster/10266(3238): background->idle(3000ms) R(service create com.miui.cleanmaster/com.miui.optimizecenter.service.CleanMasterService) adj=905.
10-25 18:44:14.814  2318  4219 I SmartPower: com.android.packageinstaller/10097(11211): background->idle(3001ms) R(broadcast start Intent { act=android.intent.action.PACKAGE_ADDED dat=package: flg=0x5000010 pkg=com.android.packageinstaller (has extras) }) adj=905.
10-25 18:44:14.828  1656  1656 I SDM     : HWCDisplay::SetActiveConfigWithConstraints: display:66-0, config: 1, WxH 1200x2670, fps 120
10-25 18:44:14.829  1656  1656 W SDM     : HWDeviceDRM::GetSupportedBitClkRate: Requested rate not supported: 1150000000
10-25 18:44:14.829  1656  1656 I SDM     : HWDeviceDRM::UpdateMixerAttributes: Mixer WxH 1200x2670-1 for Peripheral
10-25 18:44:14.829  1656  1656 I SDM     : HWCDisplay::SubmitDisplayConfig: Active configuration changed from config 3 to 1
10-25 18:44:14.829  1656  1656 I SDM     : HWCDisplay::SubmitDisplayConfig: Active WxH 1200x2670 ,ddic_mode:idle, timing_fps: 120, sf_fps: 120
10-25 18:44:14.871  4663  5676 E PhoneAdapter: get ntnphones failed, exception: java.lang.IllegalStateException: Default phones haven't been made yet!
10-25 18:44:14.908  1656  1854 I SDM     : DisplayBase::CommitThread: Received idle timeout, panel: cmd, timeout: 69999 us
10-25 18:44:14.988  1656  2516 I vendor.qti.hardware.display.composer-service: Sensor: notify citsensorservice to trigger cwb, misForced = 1
10-25 18:44:14.988  2318  4219 I SmartPower: com.miui.systemAdSolution/10168(11547): background->idle(3000ms) R(broadcast start Intent { act=android.intent.action.PACKAGE_ADDED dat=package: flg=0x4000010 (has extras) }) adj=100.
10-25 18:44:14.988  3030  3788 I libsensor-parseRGB: request dump start for mRequestDisplayId 0
10-25 18:44:14.990  2318  4219 I SmartPower: com.android.browser/10134(22999): background->idle(3002ms) R(broadcast start Intent { act=miui.intent.action.PACKAGE_FIRST_LAUNCH flg=0x1000010 (has extras) }) adj=905.
10-25 18:44:15.010  3030 15012 E libsensor-parseRGB: CWB NotifyCWBBufferDone  error 0
10-25 18:44:15.068  1656  1854 I SDM     : DisplayBase::CommitThread: Received idle timeout, panel: cmd, timeout: 70000 us
10-25 18:44:15.142  1764  1764 I vendor.xiaomi.hardware.micharge-service: ReadFilePathValue path = /sys/class/power_supply/battery/current_now value = 342000
10-25 18:44:15.142  2318  2427 E IMiCharge: MiCharge method 6 val = 342000
10-25 18:44:15.143  1764  1764 I vendor.xiaomi.hardware.micharge-service: ReadFilePathValue path = /sys/class/qcom-battery/night_charging value = 0
10-25 18:44:15.143  7756  8714 E IMiCharge: MiCharge method 19 val = 0
10-25 18:44:15.143  7756  8714 I ChargeProtectionUtils: getNightChargingState: 0
10-25 18:44:15.173  3094  3094 I adbd    : in ShellService: ps
10-25 18:44:15.290  2318  4219 I SmartPower: com.android.vending/10124(10447): background->idle(3004ms) R(broadcast start Intent { act=android.intent.action.PACKAGE_ADDED dat=package: flg=0x4000010 (has extras) }) adj=250.
10-25 18:44:15.290  2318  4219 I SmartPower: com.android.vending:background/10124(10644): background->idle(3002ms) R(broadcast start Intent { act=android.intent.action.PACKAGE_ADDED dat=package: flg=0x4000010 (has extras) }) adj=905.
10-25 18:44:15.305  2318  4219 I SmartPower: com.mfashiongallery.emag/10262(8010): background->idle(3007ms) R(broadcast start Intent { act=android.intent.action.PACKAGE_ADDED dat=package: flg=0x4000010 (has extras) }) adj=915.
10-25 18:44:15.305  2318  4219 I SmartPower: com.miui.voiceassist:core/10193(7346): background->idle(3003ms) R(broadcast start Intent { act=android.intent.action.PACKAGE_ADDED dat=package: flg=0x4000010 (has extras) }) adj=100.
10-25 18:44:15.305  2318  4219 I SmartPower: android.process.mediaUI/10261(12429): background->idle(3002ms) R(adj below visible) adj=905.
10-25 18:44:15.307  2318  4219 I SmartPower: com.xiaomi.aicr:actionprovider/10127(12470): background->idle(3004ms) R(broadcast start Intent { act=android.intent.action.PACKAGE_ADDED dat=package: flg=0x4000010 (has extras) }) adj=925.
10-25 18:44:15.307  2318  4219 I SmartPower: com.google.android.documentsui/10100(20014): background->idle(3002ms) R(broadcast start Intent { act=android.intent.action.PACKAGE_ADDED dat=package: flg=0x4000010 (has extras) }) adj=925.
10-25 18:44:15.308  2318  4219 I SmartPower: com.milink.service:audio/10178(22090): background->idle(3001ms) R(broadcast start Intent { act=android.intent.action.PACKAGE_ADDED dat=package: flg=0x4000010 (has extras) }) adj=200.
10-25 18:44:15.308  2318  4219 I SmartPower: com.milink.crossdeviceservice/10178(24010): background->idle(3001ms) R(broadcast start Intent { act=android.intent.action.PACKAGE_ADDED dat=package: flg=0x4000010 (has extras) }) adj=925.
10-25 18:44:15.308  2318  4219 I SmartPower: com.android.quicksearchbox/10136(6456): background->idle(3001ms) R(broadcast start Intent { act=android.intent.action.PACKAGE_ADDED dat=package: flg=0x4000010 (has extras) }) adj=905.
10-25 18:44:15.308  2318  4219 I SmartPower: android.process.acore/10083(649): background->idle(3001ms) R(broadcast start Intent { act=android.intent.action.PACKAGE_ADDED dat=package: flg=0x4000010 (has extras) }) adj=800.
10-25 18:44:15.308  2318  4219 I SmartPower: com.miui.gallery/10271(12299): background->idle(3000ms) R(broadcast start Intent { act=android.intent.action.PACKAGE_ADDED dat=package: flg=0x4000010 (has extras) }) adj=905.
10-25 18:44:15.330  2318  4219 I SmartPower: com.xiaomi.market:widgetProvider/10167(17140): background->idle(3001ms) R(broadcast start Intent { act=com.xiaomi.market.APP_STATUS_CHANGED flg=0x30 cmp=com.xiaomi.market/.business_ui.widget.NewGameWidgetProvider (has extras) }) adj=905.
10-25 18:44:15.331  2318  4219 I SmartPower: com.xiaomi.market/10167(13559): background->idle(3034ms) R(broadcast start Intent { act=com.xiaomi.market.APP_STATUS_CHANGED flg=0x30 cmp=com.xiaomi.market/.business_ui.widget.NewGameWidgetProvider (has extras) }) adj=905.
10-25 18:44:15.616 18798 18824 I auth    : [XMS][Auth] updateAuthInfo in db true
10-25 18:44:15.618 18798 28244 I auth    : [XMS][Auth] updateAuthInfo in db true
10-25 18:44:15.621 18798 18824 I auth    : [XMS][Auth] updateAuthInfo in db true
10-25 18:44:15.633 18798 28244 I auth    : [XMS][Auth] updateAuthInfo in db true
10-25 18:44:15.635 18798 28244 I auth    : [XMS][Auth] updateAuthInfo in db true
10-25 18:44:15.636  2318  2451 W BroadcastQueue: Greezer Denial: sending Intent { act=android.intent.action.BATTERY_CHANGED flg=0x60000010 (has extras) }, action: android.intent.action.BATTERY_CHANGED from null (uid=1000) due to receiver ProcessRecord{e5fe639 7676:com.alibaba.aliexpresshd:channel/u0a303} (uid 10303) need cached broadcast
10-25 18:44:15.636 18798 18824 I auth    : [XMS][Auth] updateAuthInfo in db true
10-25 18:44:15.639 18798 28244 I auth    : [XMS][Auth] updateAuthInfo in db true
10-25 18:44:15.640 18798 28244 I auth    : [XMS][Auth] updateAuthInfo in db true
10-25 18:44:15.641 18798 28244 I auth    : [XMS][Auth] updateAuthInfo in db true
10-25 18:44:15.642 18798 18824 I auth    : [XMS][Auth] updateAuthInfo in db true
10-25 18:44:15.644  7756  7756 I PowerSaveService: onReceive: android.intent.action.BATTERY_CHANGED
10-25 18:44:15.645  9264  9444 I ProcAudioPowerManager: onBatteryChanged, onBattery is false
10-25 18:44:15.645 18798 18824 I auth    : [XMS][Auth] updateAuthInfo in db true
10-25 18:44:15.645  7756  7756 I PowerNoticeUI: handleBatteryChanged oldPlugType 2 mPlugType 2 oldBatteryLevel 100 mBatteryLevel 100 temperature 265
10-25 18:44:15.645  7756  7756 I ChargerBatteryIntelligenceReceiver: onBatteryChanged temperature26,plugType:2
10-25 18:44:15.645  7756  7756 I BaseChargeProtect_Navigation: status = 5, level = 100, scale = 100, newPercent = 100, isCharging = true, plugType = 2
10-25 18:44:15.645  7756  7756 I PowerFeatureUtils: getVendorName:qcom
10-25 18:44:15.646  2318  2451 I SmartPower: com.google.android.apps.magazines/10315(13039): idle->background(57009ms) R(broadcast start Intent { act=android.intent.action.BATTERY_CHANGED flg=0x60000010 (has extras) }) adj=975.
10-25 18:44:15.647  1764  1764 I vendor.xiaomi.hardware.micharge-service: ReadFilePathValue path = /sys/class/qcom-battery/real_type value = SDP
10-25 18:44:15.647  7756  7756 E IMiCharge: MiCharge method 4 val = SDP
10-25 18:44:15.647  7756  7756 I IMiChargeUtils: getIMiChargeStringValue method:getBatteryChargeType,value:SDP
10-25 18:44:15.647  7756  7756 I IMiChargeUtils: getBatteryChargeType : SDP
10-25 18:44:15.647  7756  7756 I ChargeTimeUtilsV2: chargeType:SDP
10-25 18:44:15.647  2318  2451 I SmartPower: com.google.android.apps.youtube.music/10318(13213): idle->background(57009ms) R(broadcast start Intent { act=android.intent.action.BATTERY_CHANGED flg=0x60000010 (has extras) }) adj=975.
10-25 18:44:15.648  2318  2451 W BroadcastQueue: Greezer Denial: sending Intent { act=android.intent.action.BATTERY_CHANGED flg=0x60000010 (has extras) }, action: android.intent.action.BATTERY_CHANGED from null (uid=1000) due to receiver ProcessRecord{3fdfc 12838:com.getsurfboard/u0a279} (uid 10279) need cached broadcast
10-25 18:44:15.648  2318  2451 I SmartPower: com.xiaomi.aicr:cognitionService/10127(11885): idle->background(57010ms) R(broadcast start Intent { act=android.intent.action.BATTERY_CHANGED flg=0x60000010 (has extras) }) adj=200.
10-25 18:44:15.648 18798 18824 I auth    : [XMS][Auth] updateAuthInfo in db true
10-25 18:44:15.649  2318  2451 W BroadcastQueue: Greezer Denial: sending Intent { act=android.intent.action.BATTERY_CHANGED flg=0x60000010 (has extras) }, action: android.intent.action.BATTERY_CHANGED from null (uid=1000) due to receiver ProcessRecord{2c33093 17110:com.smile.gifmaker/u0a339} (uid 10339) need cached broadcast
10-25 18:44:15.649  2318  2451 W BroadcastQueue: Greezer Denial: sending Intent { act=android.intent.action.BATTERY_CHANGED flg=0x60000010 (has extras) }, action: android.intent.action.BATTERY_CHANGED from null (uid=1000) due to receiver ProcessRecord{1b82f02 19634:com.instagram.android/u0a289} (uid 10289) need cached broadcast
10-25 18:44:15.649  2318  2451 W BroadcastQueue: Greezer Denial: sending Intent { act=android.intent.action.BATTERY_CHANGED flg=0x60000010 (has extras) }, action: android.intent.action.BATTERY_CHANGED from null (uid=1000) due to receiver ProcessRecord{1b82f02 19634:com.instagram.android/u0a289} (uid 10289) need cached broadcast
10-25 18:44:15.649  2318  2451 W BroadcastQueue: Greezer Denial: sending Intent { act=android.intent.action.BATTERY_CHANGED flg=0x60000010 (has extras) }, action: android.intent.action.BATTERY_CHANGED from null (uid=1000) due to receiver ProcessRecord{ea95214 25661:com.kuaishou.nebula:push_v3/u0a432} (uid 10432) need cached broadcast
10-25 18:44:15.650  2318  2451 W BroadcastQueue: Greezer Denial: sending Intent { act=android.intent.action.BATTERY_CHANGED flg=0x60000010 (has extras) }, action: android.intent.action.BATTERY_CHANGED from null (uid=1000) due to receiver ProcessRecord{1fb5379 25808:com.kuaishou.nebula:messagesdk/u0a432} (uid 10432) need cached broadcast
10-25 18:44:15.650 18798 18824 I auth    : [XMS][Auth] updateAuthInfo in db true
10-25 18:44:15.650 11885 18164 I AIRC_CounterTrack: collect: signal-BatteryChangedPerception
10-25 18:44:15.650  2318  2451 W BroadcastQueue: Greezer Denial: sending Intent { act=android.intent.action.BATTERY_CHANGED flg=0x60000010 (has extras) }, action: android.intent.action.BATTERY_CHANGED from null (uid=1000) due to receiver ProcessRecord{34d044b 5797:com.kuaishou.nebula/u0a432} (uid 10432) need cached broadcast
10-25 18:44:15.651 11885 18164 I MMKV    : <MMKV.cpp:1170::sync> MMKV::sync, SyncFlag = 1
10-25 18:44:16.021  7756  8928 I ThumbnailBlurUtils: loadPrivacyThumbnailBlurMonthly successd{"com.musicworx":-1,"com.baidu.BaiduMap":3,"com.google.android.apps.youtube.music":27,"com.google.android.apps.tasks":5,"com.jijia.jjweather":5,"com.netease.newsreader.activity":11,"com.instagram.android":5,"com.microsoft.emmx":5,"com.getsurfboard":-1,"com.android.fileexplorer":5,"com.miui.compass":5,"com.microsoft.office.outlook":10,"com.jijia.bqwnl":5,"com.autonavi.minimap":3,"com.miui.calculator":5,"org.secuso.privacyfriendlytodolist":-1,"com.android.contacts":5,"com.xiaomi.scanner":5,"com.miui.securitycenter":5,"com.android.vending":5,"com.yahoo.mobile.client.android.mail":5,"com.einnovation.temu":-1,"com.duokan.reader":7,"com.wuba.zhuanzhuan":9,"io.appium.settings":-1,"com.android.chrome":5,"com.xingin.xhs":5,"com.dragon.read":7,"tv.danmaku.bili":27,"com.ebay.mobile":5,"com.miui.gallery":6,"todolist.scheduleplanner.dailyplanner.todo.reminders":5,"com.alibaba.aliexpresshd":9,"com.android.email":10,"com.todoist":5,"com.spotify.music":5,"com.xiaomi.market":5,"com.microsoft.todos":10,"com.skysoft.kkbox.android":27,"com.miui.notes":5,"com.smile.gifmaker":27,"com.xiaomi.gamecenter":5,"com.ss.android.ugc.aweme.lite":6,"com.android.browser":5,"com.anydo":5,"de.baumann.browser":-1,"com.suxing.sustream":-1,"com.miui.virtualsim":5,"com.sina.news":11,"com.miui.weather2":5,"com.miui.video":27,"douzifly.list":-1,"com.google.android.documentsui":-1,"com.ss.android.article.news":11,"com.android.mms":5,"cn.ninegame.gamemanager":5,"com.kuaishou.nebula":27,"com.android.providers.downloads.ui":5,"com.tencent.android.qqdownloader":5,"com.android.camera":6,"com.google.android.gm":5,"cn.amazon.mShop.android":9,"com.google.android.apps.magazines":5,"com.android.calendar":10,"io.github.ylimit.droidbotapp":-1,"ru.mail.mailapp":5,"com.android.settings":-1,"com.zhuantech.sijiweather":-1,"com.cnn.mobile.android.phone":11,"com.android.soundrecorder":5}
10-25 18:44:16.055  2318  4219 I SmartPower: com.miui.phrase/10162(22166): background->idle(3000ms) R(content provider start ContentProviderRecord{3ff3f0e u0 com.miui.phrase/com.miui.provider.InputProvider}) adj=905.
10-25 18:44:16.076  2318  2426 I MiuiNetworkPolicy: label wlan0, uid -1, active false, tsNanos 75217780745021
10-25 18:44:16.335  3094  3094 I adbd    : in ShellService: pm list packages -f
10-25 18:44:16.342  3094  3094 I adbd    : in ShellService: ps
10-25 18:44:17.063  2318  4215 E HyperSentinel: -------------------------------------------------------
10-25 18:44:17.063  2318  4215 E HyperSentinel: Event_ThreadAmount
10-25 18:44:17.063  2318  4215 E HyperSentinel: -> audit event by proc 22110 "io.github.ylimit.droidbotapp": running threads amount, 0 -> 24
10-25 18:44:17.242  2318  5293 I NetworkAccelerateSwitchService: EVENT_RSSI_POLL. mRssiPoll=true
10-25 18:44:17.242  2318  5293 I NetworkAccelerateSwitchService: getAverageWifiRssi:39
10-25 18:44:17.492  3094  3094 I adbd    : in ShellService: ps
10-25 18:44:17.532  2318  2318 W binder:2318_1E: type=1400 audit(0.0:55204): avc:  denied  { getopt } for  scontext=u:r:system_server:s0 tcontext=u:r:shell:s0 tclass=unix_stream_socket permissive=0
10-25 18:44:17.753  2318  3691 I MiuiNetworkPolicy: bandwidth: 5 KB/s, Max bandwidth: 4239 KB/s
10-25 18:44:17.878  1688  1688 I vendor.qti.hardware.servicetrackeraidl-service: unbindService is called for service : com.google.android.gms/.chimera.PersistentApiService and for client com.google.android.gms.persistent
10-25 18:44:17.886  4663  4690 E PhoneAdapter: get ntnphones failed, exception: java.lang.IllegalStateException: Default phones haven't been made yet!
10-25 18:44:17.993  2318  3594 W PackageParsing: No actions in intent-filter at /data/app/vmdl99098562.tmp/base.apk Binary XML file line #-1
10-25 18:44:18.002  2318  3594 W RuleEvaluation: Integrity rule files are not available.
10-25 18:44:18.003  2318  2525 I PackageManager: Integrity check passed for file:///data/app/vmdl99098562.tmp
10-25 18:44:18.025  2318  2525 W PackageParsing: No actions in intent-filter at /data/app/vmdl99098562.tmp/base.apk Binary XML file line #-1
10-25 18:44:18.026  2318  2457 I ExtM    : zram userate is low, no need to flush: 20
10-25 18:44:18.058  2318  2525 W PackageManager: Skipping provider name com.qq.reader.fileprovider (in package com.qq.reader): name already used by com.qq.reader
10-25 18:44:18.075  7688  7688 I UserConsentManager: onPermissionsChanged: 10448
10-25 18:44:18.075  7688  7688 I UserConsentManager: onPermissionsChanged: 10448
10-25 18:44:18.075  7688  7688 I UserConsentManager: onPermissionsChanged: 10448
10-25 18:44:18.097  2318  2426 E AppOps  : Trying to set mode for unknown uid 10448.
10-25 18:44:18.113 16992 16993 I artd    : Merge skipped because there are no existing profiles
10-25 18:44:18.114  2318  2525 I ArtService: Adjusting the compiler filter for 'com.qq.reader' from 'speed-profile' to 'verify' because there is no valid profile
10-25 18:44:18.115 16992 16993 I artd    : Dex parent of /data/app/~~2zlGTZjcxeyP1UXSqTgmlA==/com.qq.reader-hK4blUhGH0XIxd2kpznniA==/base.apk is not writable: Permission denied
10-25 18:44:18.115 16992 16993 I artd    : GetBestInfo checking odex in dalvik-cache (/data/dalvik-cache/arm64/data@app@~~2zlGTZjcxeyP1UXSqTgmlA==@com.qq.reader-hK4blUhGH0XIxd2kpznniA==@base.apk@classes.dex)
10-25 18:44:18.115 16992 16993 I artd    : Loading /data/dalvik-cache/arm64/data@app@~~2zlGTZjcxeyP1UXSqTgmlA==@com.qq.reader-hK4blUhGH0XIxd2kpznniA==@base.apk@classes.dex with executable: 0
10-25 18:44:18.115 16992 16993 I artd    : OatFileAssistant test for existing oat file /data/dalvik-cache/arm64/data@app@~~2zlGTZjcxeyP1UXSqTgmlA==@com.qq.reader-hK4blUhGH0XIxd2kpznniA==@base.apk@classes.dex: File /data/dalvik-cache/arm64/data@app@~~2zlGTZjcxeyP1UXSqTgmlA==@com.qq.reader-hK4blUhGH0XIxd2kpznniA==@base.apk@classes.vdex does not exist.
10-25 18:44:18.115 16992 16993 I artd    : GetBestInfo checking odex next to the dex file (/data/app/~~2zlGTZjcxeyP1UXSqTgmlA==/com.qq.reader-hK4blUhGH0XIxd2kpznniA==/oat/arm64/base.odex)
10-25 18:44:18.115 16992 16993 I artd    : Loading /data/app/~~2zlGTZjcxeyP1UXSqTgmlA==/com.qq.reader-hK4blUhGH0XIxd2kpznniA==/oat/arm64/base.odex with executable: 0
10-25 18:44:18.115 16992 16993 I artd    : OatFileAssistant test for existing oat file /data/app/~~2zlGTZjcxeyP1UXSqTgmlA==/com.qq.reader-hK4blUhGH0XIxd2kpznniA==/oat/arm64/base.odex: File /data/app/~~2zlGTZjcxeyP1UXSqTgmlA==/com.qq.reader-hK4blUhGH0XIxd2kpznniA==/oat/arm64/base.vdex does not exist.
10-25 18:44:18.115 16992 16993 I artd    : GetBestInfo checking vdex in dalvik-cache (/data/dalvik-cache/arm64/data@app@~~2zlGTZjcxeyP1UXSqTgmlA==@com.qq.reader-hK4blUhGH0XIxd2kpznniA==@base.apk@classes.vdex)
10-25 18:44:18.115 16992 16993 I artd    : unable to open vdex file /data/dalvik-cache/arm64/data@app@~~2zlGTZjcxeyP1UXSqTgmlA==@com.qq.reader-hK4blUhGH0XIxd2kpznniA==@base.apk@classes.vdex: File /data/dalvik-cache/arm64/data@app@~~2zlGTZjcxeyP1UXSqTgmlA==@com.qq.reader-hK4blUhGH0XIxd2kpznniA==@base.apk@classes.vdex does not exist.
10-25 18:44:18.115 16992 16993 I artd    : OatFileAssistant test for existing oat file /data/dalvik-cache/arm64/data@app@~~2zlGTZjcxeyP1UXSqTgmlA==@com.qq.reader-hK4blUhGH0XIxd2kpznniA==@base.apk@classes.vdex: File /data/dalvik-cache/arm64/data@app@~~2zlGTZjcxeyP1UXSqTgmlA==@com.qq.reader-hK4blUhGH0XIxd2kpznniA==@base.apk@classes.vdex does not exist.
10-25 18:44:18.115 16992 16993 I artd    : GetBestInfo checking vdex next to the dex file (/data/app/~~2zlGTZjcxeyP1UXSqTgmlA==/com.qq.reader-hK4blUhGH0XIxd2kpznniA==/oat/arm64/base.vdex)
10-25 18:44:18.115 16992 16993 I artd    : unable to open vdex file /data/app/~~2zlGTZjcxeyP1UXSqTgmlA==/com.qq.reader-hK4blUhGH0XIxd2kpznniA==/oat/arm64/base.vdex: File /data/app/~~2zlGTZjcxeyP1UXSqTgmlA==/com.qq.reader-hK4blUhGH0XIxd2kpznniA==/oat/arm64/base.vdex does not exist.
10-25 18:44:18.115 16992 16993 I artd    : OatFileAssistant test for existing oat file /data/app/~~2zlGTZjcxeyP1UXSqTgmlA==/com.qq.reader-hK4blUhGH0XIxd2kpznniA==/oat/arm64/base.vdex: File /data/app/~~2zlGTZjcxeyP1UXSqTgmlA==/com.qq.reader-hK4blUhGH0XIxd2kpznniA==/oat/arm64/base.vdex does not exist.
10-25 18:44:18.115 16992 16993 I artd    : GetBestInfo checking dm (/data/app/~~2zlGTZjcxeyP1UXSqTgmlA==/com.qq.reader-hK4blUhGH0XIxd2kpznniA==/base.dm)
10-25 18:44:18.115 16992 16993 I artd    : GetBestInfo no usable artifacts
10-25 18:44:18.120 16992 16993 I artd    : Running dex2oat: /apex/com.android.art/bin/art_exec --drop-capabilities --set-task-profile=Dex2OatBootComplete --set-priority=background --keep-fds=7:8:9:10:11:12:13 -- /apex/com.android.art/bin/dex2oat64 --zip-fd=7 --zip-location=/data/app/~~2zlGTZjcxeyP1UXSqTgmlA==/com.qq.reader-hK4blUhGH0XIxd2kpznniA==/base.apk --oat-fd=8 --oat-location=/data/app/~~2zlGTZjcxeyP1UXSqTgmlA==/com.qq.reader-hK4blUhGH0XIxd2kpznniA==/oat/arm64/base.odex --output-vdex-fd=9 --swap-fd=10 --class-loader-context-fds=11:12:13 --class-loader-context=PCL[]{PCL[/system/framework/org.apache.http.legacy.jar]#PCL[/system_ext/framework/androidx.window.extensions.jar]#PCL[/system_ext/framework/androidx.window.sidecar.jar]} --classpath-dir=/data/app/~~2zlGTZjcxeyP1UXSqTgmlA==/com.qq.reader-hK4blUhGH0XIxd2kpznniA== --instruction-set=arm64 --instruction-set-features=default --instruction-set-variant=kryo300 --compiler-filter=verify --compilation-reason=install --compact-dex-level=none --max-image-block-size=524288 --resolve-startup-const-strings=true --generate-mini-debug-info --runtime-arg -Xtarget-sdk-version:30 --runtime-arg -Xhidden-api-policy:enabled -j6 --runtime-arg -Xms64m --runtime-arg -Xmx512m --comments=app-name:com.qq.reader,app-version-name:8.3.1.890,app-version-code:395,art-version:352090000
10-25 18:44:18.120 16992 16993 I artd    : Opened FDs: 7:/data/app/~~2zlGTZjcxeyP1UXSqTgmlA==/com.qq.reader-hK4blUhGH0XIxd2kpznniA==/base.apk 8:/data/app/~~2zlGTZjcxeyP1UXSqTgmlA==/com.qq.reader-hK4blUhGH0XIxd2kpznniA==/oat/arm64/base.odex.Pzh9NB.tmp 9:/data/app/~~2zlGTZjcxeyP1UXSqTgmlA==/com.qq.reader-hK4blUhGH0XIxd2kpznniA==/oat/arm64/base.vdex.aMYUYb.tmp 10:/data/app/~~2zlGTZjcxeyP1UXSqTgmlA==/com.qq.reader-hK4blUhGH0XIxd2kpznniA==/oat/arm64/base.odex.swap.2emS0x.tmp 11:/system_ext/framework/androidx.window.sidecar.jar 12:/system_ext/framework/androidx.window.extensions.jar 13:/system/framework/org.apache.http.legacy.jar 
10-25 18:44:18.137 22431 22431 W libprocessgroup: JoinCgroup: controller schedtune is not found
10-25 18:44:18.153 22431 22431 W dex2oat64: Obsolete flag --compact-dex-level ignored
10-25 18:44:18.154 22431 22431 I dex2oat64: /apex/com.android.art/bin/dex2oat64 --output-vdex-fd=9 --class-loader-context-fds=11:12:13 --class-loader-context=PCL[]{PCL[/system/framework/org.apache.http.legacy.jar]#PCL[/system_ext/framework/androidx.window.extensions.jar]#PCL[/system_ext/framework/androidx.window.sidecar.jar]} --classpath-dir=/data/app/~~2zlGTZjcxeyP1UXSqTgmlA==/com.qq.reader-hK4blUhGH0XIxd2kpznniA== --compiler-filter=verify --compilation-reason=install --compact-dex-level=none --max-image-block-size=524288 --resolve-startup-const-strings=true --generate-mini-debug-info -j6 --comments=app-name:com.qq.reader,app-version-name:8.3.1.890,app-version-code:395,art-version:352090000
10-25 18:44:18.455  3094  3094 I adbd    : in ShellService: pm list packages -f
10-25 18:44:18.544  3094  3094 I adbd    : in ShellService: dumpsys package com.qq.reader
10-25 18:44:18.573 16992 21451 I artd    : Dex parent of /data/app/~~2zlGTZjcxeyP1UXSqTgmlA==/com.qq.reader-hK4blUhGH0XIxd2kpznniA==/base.apk is not writable: Permission denied
10-25 18:44:18.573 16992 21451 I artd    : GetBestInfo checking odex in dalvik-cache (/data/dalvik-cache/arm64/data@app@~~2zlGTZjcxeyP1UXSqTgmlA==@com.qq.reader-hK4blUhGH0XIxd2kpznniA==@base.apk@classes.dex)
10-25 18:44:18.573 16992 21451 I artd    : Loading /data/dalvik-cache/arm64/data@app@~~2zlGTZjcxeyP1UXSqTgmlA==@com.qq.reader-hK4blUhGH0XIxd2kpznniA==@base.apk@classes.dex with executable: 0
10-25 18:44:18.573 16992 21451 I artd    : OatFileAssistant test for existing oat file /data/dalvik-cache/arm64/data@app@~~2zlGTZjcxeyP1UXSqTgmlA==@com.qq.reader-hK4blUhGH0XIxd2kpznniA==@base.apk@classes.dex: File /data/dalvik-cache/arm64/data@app@~~2zlGTZjcxeyP1UXSqTgmlA==@com.qq.reader-hK4blUhGH0XIxd2kpznniA==@base.apk@classes.vdex does not exist.
10-25 18:44:18.573 16992 21451 I artd    : GetBestInfo checking odex next to the dex file (/data/app/~~2zlGTZjcxeyP1UXSqTgmlA==/com.qq.reader-hK4blUhGH0XIxd2kpznniA==/oat/arm64/base.odex)
10-25 18:44:18.573 16992 21451 I artd    : Loading /data/app/~~2zlGTZjcxeyP1UXSqTgmlA==/com.qq.reader-hK4blUhGH0XIxd2kpznniA==/oat/arm64/base.odex with executable: 0
10-25 18:44:18.573 16992 21451 I artd    : OatFileAssistant test for existing oat file /data/app/~~2zlGTZjcxeyP1UXSqTgmlA==/com.qq.reader-hK4blUhGH0XIxd2kpznniA==/oat/arm64/base.odex: File /data/app/~~2zlGTZjcxeyP1UXSqTgmlA==/com.qq.reader-hK4blUhGH0XIxd2kpznniA==/oat/arm64/base.vdex does not exist.
10-25 18:44:18.573 16992 21451 I artd    : GetBestInfo checking vdex in dalvik-cache (/data/dalvik-cache/arm64/data@app@~~2zlGTZjcxeyP1UXSqTgmlA==@com.qq.reader-hK4blUhGH0XIxd2kpznniA==@base.apk@classes.vdex)
10-25 18:44:18.573 16992 21451 I artd    : unable to open vdex file /data/dalvik-cache/arm64/data@app@~~2zlGTZjcxeyP1UXSqTgmlA==@com.qq.reader-hK4blUhGH0XIxd2kpznniA==@base.apk@classes.vdex: File /data/dalvik-cache/arm64/data@app@~~2zlGTZjcxeyP1UXSqTgmlA==@com.qq.reader-hK4blUhGH0XIxd2kpznniA==@base.apk@classes.vdex does not exist.
10-25 18:44:18.573 16992 21451 I artd    : OatFileAssistant test for existing oat file /data/dalvik-cache/arm64/data@app@~~2zlGTZjcxeyP1UXSqTgmlA==@com.qq.reader-hK4blUhGH0XIxd2kpznniA==@base.apk@classes.vdex: File /data/dalvik-cache/arm64/data@app@~~2zlGTZjcxeyP1UXSqTgmlA==@com.qq.reader-hK4blUhGH0XIxd2kpznniA==@base.apk@classes.vdex does not exist.
10-25 18:44:18.573 16992 21451 I artd    : GetBestInfo checking vdex next to the dex file (/data/app/~~2zlGTZjcxeyP1UXSqTgmlA==/com.qq.reader-hK4blUhGH0XIxd2kpznniA==/oat/arm64/base.vdex)
10-25 18:44:18.573 16992 21451 I artd    : unable to open vdex file /data/app/~~2zlGTZjcxeyP1UXSqTgmlA==/com.qq.reader-hK4blUhGH0XIxd2kpznniA==/oat/arm64/base.vdex: File /data/app/~~2zlGTZjcxeyP1UXSqTgmlA==/com.qq.reader-hK4blUhGH0XIxd2kpznniA==/oat/arm64/base.vdex does not exist.
10-25 18:44:18.573 16992 21451 I artd    : OatFileAssistant test for existing oat file /data/app/~~2zlGTZjcxeyP1UXSqTgmlA==/com.qq.reader-hK4blUhGH0XIxd2kpznniA==/oat/arm64/base.vdex: File /data/app/~~2zlGTZjcxeyP1UXSqTgmlA==/com.qq.reader-hK4blUhGH0XIxd2kpznniA==/oat/arm64/base.vdex does not exist.
10-25 18:44:18.574 16992 21451 I artd    : GetBestInfo checking dm (/data/app/~~2zlGTZjcxeyP1UXSqTgmlA==/com.qq.reader-hK4blUhGH0XIxd2kpznniA==/base.dm)
10-25 18:44:18.574 16992 21451 W ziparchive: Unable to open '/data/app/~~2zlGTZjcxeyP1UXSqTgmlA==/com.qq.reader-hK4blUhGH0XIxd2kpznniA==/base.dm': No such file or directory
10-25 18:44:18.574 16992 21451 I artd    : OatFileAssistant test for existing oat file /data/app/~~2zlGTZjcxeyP1UXSqTgmlA==/com.qq.reader-hK4blUhGH0XIxd2kpznniA==/base.dm: I/O error
10-25 18:44:18.574 16992 21451 I artd    : GetBestInfo checking dm (/data/app/~~2zlGTZjcxeyP1UXSqTgmlA==/com.qq.reader-hK4blUhGH0XIxd2kpznniA==/base.dm)
10-25 18:44:18.574 16992 21451 W ziparchive: Unable to open '/data/app/~~2zlGTZjcxeyP1UXSqTgmlA==/com.qq.reader-hK4blUhGH0XIxd2kpznniA==/base.dm': No such file or directory
10-25 18:44:18.574 16992 21451 I artd    : OatFileAssistant test for existing oat file /data/app/~~2zlGTZjcxeyP1UXSqTgmlA==/com.qq.reader-hK4blUhGH0XIxd2kpznniA==/base.dm: I/O error
10-25 18:44:18.574 16992 21451 I artd    : GetBestInfo no usable artifacts
10-25 18:44:18.575  2318  5401 W ziparchive: Unable to open '/data/app/~~2zlGTZjcxeyP1UXSqTgmlA==/com.qq.reader-hK4blUhGH0XIxd2kpznniA==/base.dm': No such file or directory
10-25 18:44:18.576  2318  5401 E DexOptHelperImpl: Fail to get art odex vdex with path :/data/app/~~2zlGTZjcxeyP1UXSqTgmlA==/com.qq.reader-hK4blUhGH0XIxd2kpznniA==/base.apk
10-25 18:44:18.638  3094  3094 I adbd    : in ShellService: ps
10-25 18:44:18.646  2318  4219 I SmartPower: com.google.android.apps.magazines/10315(13039): background->idle(3000ms) R(broadcast start Intent { act=android.intent.action.BATTERY_CHANGED flg=0x60000010 (has extras) }) adj=975.
10-25 18:44:18.647  2318  4219 I SmartPower: com.google.android.apps.youtube.music/10318(13213): background->idle(3000ms) R(broadcast start Intent { act=android.intent.action.BATTERY_CHANGED flg=0x60000010 (has extras) }) adj=975.
10-25 18:44:18.648  2318  4219 I SmartPower: com.xiaomi.aicr:cognitionService/10127(11885): background->idle(3000ms) R(broadcast start Intent { act=android.intent.action.BATTERY_CHANGED flg=0x60000010 (has extras) }) adj=200.
10-25 18:44:18.656  3094  3094 I adbd    : in ShellService: dumpsys activity activities
10-25 18:44:18.714 22431 22431 I dex2oat64: Using CollectorTypeCC GC.
10-25 18:44:18.736  3094  3094 I adbd    : in ShellService: dumpsys activity activities
10-25 18:44:18.768 22431 22431 I dex2oat64: Large app, accepted running with swap.
10-25 18:44:18.827  3094  3094 I adbd    : in ShellService: dumpsys activity activities
10-25 18:44:18.878  3094  3094 I adbd    : in ShellService: dumpsys activity services
10-25 18:44:18.986 22431 22431 W dex2oat64: Method com.huawei.hms.framework.network.grs.g.j.d com.huawei.hms.framework.network.grs.g.i.a.a(android.content.Context) failed lock verification and will run slower.
10-25 18:44:18.986 22431 22431 W dex2oat64: Common causes for lock verification issues are non-optimized dex code
10-25 18:44:18.986 22431 22431 W dex2oat64: and incorrect proguard optimizations.
10-25 18:44:18.994 22431 22452 W dex2oat64: Method com.ola.star.aj.c com.ola.star.aj.d.a(java.lang.String) failed lock verification and will run slower.
10-25 18:44:18.995 22431 22453 W dex2oat64: Method boolean com.ola.star.an.e.a(java.util.HashMap, java.lang.String, java.lang.String) failed lock verification and will run slower.
10-25 18:44:19.028  3094  3094 I adbd    : in ShellService: screencap -p /sdcard/screen_2025-10-25_184418.png
