10-25 18:44:19.067  2318  3691 I MiuiNetworkPolicy: updateUidState uid = 10092, uidState = 15
10-25 18:44:19.126 22461 22461 W BpBinder: Linking to death on android.gui.ISurfaceComposer but there are no threads (yet?) listening to incoming transactions. See ProcessState::startThreadPool and ProcessState::setThreadPoolMaxThreadCount. Generally you should setup the binder threadpool before other initialization steps.
10-25 18:44:19.126 22461 22461 W ProcessState: Extra binder thread started, but 0 threads requested. Do not use *startThreadPool when zero threads are requested.
10-25 18:44:19.135  2318  4215 E HyperSentinel: -------------------------------------------------------
10-25 18:44:19.135  2318  4215 E HyperSentinel: Event_OpenFileFDSize
10-25 18:44:19.135  2318  4215 E HyperSentinel: -> audit event by proc 1908 "/system/bin/surfaceflinger": Fd increasement, peak, 719 -> 771
10-25 18:44:19.158 22461 22464 I AdrenoUtils: <ReadGpuID:357>: Reading chip ID through GSL
10-25 18:44:19.159 22461 22461 W qdgralloc: Failed to load libubwcp.so
10-25 18:44:19.156 22461 22461 W screencap: type=1400 audit(0.0:55205): avc:  denied  { read } for  name="libubwcp.so" dev="dm-14" ino=19816057 scontext=u:r:shell:s0 tcontext=u:object_r:vendor_file:s0 tclass=file permissive=0 app=com.kuaishou.nebula
10-25 18:44:19.162  7336 23563 W MediaProvider: isAppCloneUserPair for user 0: false
10-25 18:44:19.248  7756  9189 I VideoBoxUtils: isSupportVideoBox: true
10-25 18:44:19.252  7756  9189 W ContextImpl: Calling a method in the system process without a qualified user: android.app.ContextImpl.sendBroadcast:1275 android.content.ContextWrapper.sendBroadcast:527 d7.e.f:24 d7.e.c:0 d7.e$c$a.run:18 
10-25 18:44:19.253  2318  2423 W ActivityManagerServiceImpl: Sending non-protected broadcast com.miui.gamebooster.UNINSTALLAPP from system 7756:com.miui.securitycenter.remote/1000 pkg com.miui.securitycenter. Callers=
10-25 18:44:19.337  2318  3728 W ContextImpl: Calling a method in the system process without a qualified user: android.app.ContextImpl.sendBroadcast:1260 android.content.ContextWrapper.sendBroadcast:522 com.android.server.wifi.MiuiNetworkMonitor.sendBroadcastForNetwork:675 com.android.server.wifi.MiuiNetworkMonitor.notifyNetworkWarning:627 com.android.server.wifi.MiuiNetworkMonitor.evaluateNetworkQoE:561 
10-25 18:44:19.491  2318  2457 I ExtM    : zram userate is low, no need to flush: 20
10-25 18:44:19.789  3094  3094 I adbd    : in ShellService: ps
10-25 18:44:19.823 22431 22431 I dex2oat64: dex2oat took 1.670s (5.488s cpu) (threads: 6) arena alloc=0B (0B) java alloc=68MB (72140520B) native alloc=9688KB (9921040B) free=2331KB (2387520B) swap=16MB (16777216B)
10-25 18:44:19.846 16992 16993 I artd    : dex2oat returned code 0
10-25 18:44:19.849  2318  2525 I ArtService: Dexopt result: [packageName = com.qq.reader] DexContainerFileDexoptResult{dexContainerFile=/data/app/~~2zlGTZjcxeyP1UXSqTgmlA==/com.qq.reader-hK4blUhGH0XIxd2kpznniA==/base.apk, primaryAbi=true, abi=arm64-v8a, actualCompilerFilter=verify, status=PERFORMED, dex2oatWallTimeMillis=-30945749, dex2oatCpuTimeMillis=5530, sizeBytes=69997204, sizeBeforeBytes=0, extendedStatusFlags=[]}
10-25 18:44:19.849  2318 22662 I Miui32BitTranslateHelper: 32BitPretranslate: skipping APK pre-translation for com.qq.reader
10-25 18:44:19.850  2318  2525 W PackageFreezer: Freeze package com.qq.reader about 1.799 seconds for reason: installPackageLI
10-25 18:44:19.850  2318  2525 I BackupManagerService: [UserID:0] restoreAtInstall pkg=com.qq.reader token=14 restoreSet=0
10-25 18:44:19.851  1688  1688 I vendor.qti.hardware.servicetrackeraidl-service: bindService is called for service : com.google.android.gms/.backup.BackupTransportService and for client system
10-25 18:44:19.852  1688  1688 I vendor.qti.hardware.servicetrackeraidl-service: total connections for service : com.google.android.gms/.backup.BackupTransportServiceare :1
10-25 18:44:19.852  1688  1688 I vendor.qti.hardware.servicetrackeraidl-service: total connections for client : systemare :31
10-25 18:44:19.860  2318  2318 I TransportConnection: BackupTransportService#2731: Notifying [BMS.restoreAtInstall] transport = BackupTransportClient
10-25 18:44:19.863  5787 11090 W AndroidBackupEventsLogg: Flag disabled, logging without sampling [CONTEXT service_id=229 ]
10-25 18:44:19.863  5787 11090 I AndroidBackupEventsLogg: (REDACTED) Logging without sampling %s
10-25 18:44:19.863  5787  5814 W AndroidBackupEventsLogg: Flag disabled, logging without sampling [CONTEXT service_id=229 ]
10-25 18:44:19.863  5787  5814 I AndroidBackupEventsLogg: (REDACTED) Logging without sampling %s
10-25 18:44:19.864  1688  1688 I vendor.qti.hardware.servicetrackeraidl-service: unbindService is called for service : com.google.android.gms/.backup.BackupTransportService and for client system
10-25 18:44:19.864  1688  1688 I vendor.qti.hardware.servicetrackeraidl-service: size of service connections for service: com.google.android.gms/.backup.BackupTransportServiceafter removal is 0
10-25 18:44:19.864  1688  1688 I vendor.qti.hardware.servicetrackeraidl-service: size of client connections for client: systemafter removal is 30
10-25 18:44:19.865  1688  1688 I vendor.qti.hardware.servicetrackeraidl-service: destroyService is called for service : com.google.android.gms/.backup.BackupTransportService
10-25 18:44:19.865  2318  2525 I InstallationTiming: com.qq.reader|null|5633|3307|74|340|0|27|1742
10-25 18:44:19.865  2318  2525 I AppsFilter: interaction: PackageSetting{d0d2521 com.android.microdroid.empty_payload/10236} -> PackageSetting{e1c1880 com.qq.reader/10448} BLOCKED
10-25 18:44:19.865  2318  2525 I AppsFilter: interaction: PackageSetting{7782b07 io.appium.uiautomator2.server.test/10280} -> PackageSetting{e1c1880 com.qq.reader/10448} BLOCKED
10-25 18:44:19.865  2318  2525 I AppsFilter: interaction: PackageSetting{d00d43d io.github.ylimit.droidbotapp/10447} -> PackageSetting{e1c1880 com.qq.reader/10448} BLOCKED
10-25 18:44:19.865  2318  2525 I AppsFilter: interaction: PackageSetting{9b0a434 com.rongcard.eid/10151} -> PackageSetting{e1c1880 com.qq.reader/10448} BLOCKED
10-25 18:44:19.865  2318  2525 I AppsFilter: interaction: PackageSetting{675f25d io.appium.settings/10274} -> PackageSetting{e1c1880 com.qq.reader/10448} BLOCKED
10-25 18:44:19.864  2318  2318 W binder:2318_1E: type=1400 audit(0.0:55206): avc:  denied  { getopt } for  scontext=u:r:system_server:s0 tcontext=u:r:shell:s0 tclass=unix_stream_socket permissive=0
10-25 18:44:19.864  2318  2318 W binder:2318_1E: type=1400 audit(0.0:55207): avc:  denied  { getopt } for  scontext=u:r:system_server:s0 tcontext=u:r:shell:s0 tclass=unix_stream_socket permissive=0
10-25 18:44:19.864  2318  2318 W binder:2318_1E: type=1400 audit(0.0:55208): avc:  denied  { getopt } for  scontext=u:r:system_server:s0 tcontext=u:r:shell:s0 tclass=unix_stream_socket permissive=0
10-25 18:44:19.873  2318  3746 E AppOps  : attributionTag VCN not declared in manifest of android
10-25 18:44:19.874  2318  4251 I SdkSandboxManager: No SDKs used. Skipping SDK data reconcilation for CallingInfo{mUid=10448, mPackageName='com.qq.reader, mAppProcessToken='null'}
10-25 18:44:19.874  2318  2449 I MiuiCompatModePackages: package com.qq.reader updated, removing config
10-25 18:44:19.874  2318  3746 E AppOps  : attributionTag VCN not declared in manifest of android
10-25 18:44:19.879  2318  3363 E AtomicFile: Failed to rename /data/system/install_sessions.xml.new to /data/system/install_sessions.xml
10-25 18:44:19.880  4663  5397 E SmsApplication: com.android.mms lost android:read_cell_broadcasts:  (fixing)
10-25 18:44:19.881  2318  5450 W AppOpService: Ignored setUidMode call for runtime permission app op: uid = 10141, code = READ_CELL_BROADCASTS, mode = allow, callingUid = 1001, oldMode = allow
10-25 18:44:19.882  7756  9013 I MiuiVpnManageService: PackageMonitor. onPackageAdded: packageName =com.qq.reader
10-25 18:44:19.883  7756  8929 I FireWallService: mina mPackageReceiver onReceive
10-25 18:44:19.883  7756  7756 I TrafficManageService: mina mPackageReceiver 0
10-25 18:44:19.883  7756  7756 I InstalledAppMonitor: com.qq.readeronReceive add pkg=com.qq.reader
10-25 18:44:19.883  7756  8929 W FireWallService: is Pre-installed application
10-25 18:44:19.884  7756  9210 I AppPredictManager: predict: recentApps size = 5
10-25 18:44:19.885  2318  5450 I ClipboardServiceI: checkProviderWakePathForClipboard: primaryClip is null
10-25 18:44:19.885  6892  6892 I SafetyLabelChangedBroadcastReceiver: received broadcast packageName: com.qq.reader, current user: UserHandle{0}, packageChangeEvent: NEW_INSTALL, intent user: UserHandle{0}
10-25 18:44:19.886  2318  3691 I MiuiNetworkPolicy: updateUidState uid = 10092, uidState = 5
10-25 18:44:19.886  7756  8461 W ContextImpl: Calling a method in the system process without a qualified user: android.app.ContextImpl.startService:1939 android.content.ContextWrapper.startService:843 b4.k.d:80 q2.j.w:116 q2.j.j:0 
10-25 18:44:19.887  2318  3998 I SmartPower: com.miui.cleanmaster/10266(3238): idle->background(5078ms) R(service create com.miui.cleanmaster/com.miui.optimizecenter.service.CleanMasterService) adj=0.
10-25 18:44:19.887  2318  3691 I MiuiNetworkPolicy: updateUidState uid = 10266, uidState = 10
10-25 18:44:19.888  4305 25786 I htmlviewercloudcontrol: isStagingEnv:false param =  fps_group_config  uriMatch = 2, cluster: cn, version: 617443, traceId: 3d9ee4589440844b19bc5124043f95bb, regId: +4z3RS85+e2U9l+sd6caQ/srGmJCsEbKpG1twyPn1K0CrNNyxYT/yAgGVxm5X+yC
10-25 18:44:19.888  2318  4246 W PackageManager: Failed registering loading progress callback. Package is fully loaded.
10-25 18:44:19.891  7756  7756 I AppPredictPrivacyLaunchManager: updateLauncherApps size: 71
10-25 18:44:19.891  2318  5091 I ActivityManager: Background started FGS: Allowed [callingPackage: com.miui.securitycenter; callingUid: 1000; uidState: PER ; uidBFSL: [BFSL]; intent: Intent { act=com.miui.cleanmaster.GARBAGE_PKG_ADD pkg=com.miui.cleanmaster (has extras) }; code:PROC_STATE_PERSISTENT; tempAllowListReason:<null>; targetSdkVersion:34; callerTargetSdkVersion:34; startForegroundCount:0; bindFromPackage:null: isBindService:false]
10-25 18:44:19.891  2318  3691 I MiuiNetworkPolicy: ACTION_PACKAGE_ADDED uid = 10448
10-25 18:44:19.891  2318  5091 W ForegroundServiceTypeLoggerModule: Foreground service start for UID: 10266 does not have any types
10-25 18:44:19.892  2318  3691 I MiuiNetworkPolicy: updateUidState uid = 10266, uidState = 4
10-25 18:44:19.893  7756  8461 I LocalNotificationMgr: pkg: com.qq.reader mode:0
10-25 18:44:19.894  7756  8461 I GpBinderManager: bindCount : 47
10-25 18:44:19.894  2318  5109 I ActivityManager: Cancel FGS notification userId: 0 definingUid: 10266 packageName: com.miui.cleanmaster processName:com.miui.cleanmaster ChannelId:com.miui.cleanmaster foregroundNotiWhen:1761389059889 Notiflags:64
10-25 18:44:19.894  7043  7043 E PackageInstallHelper: handler start
10-25 18:44:19.894  7043  7043 E PackageInstallHelper: handler end
10-25 18:44:19.894  7043  7043 E PackageInstallHelper: PackageInstallHelper handler real start
10-25 18:44:19.894  2318  5109 W ForegroundServiceTypeLoggerModule: FGS stop call for: 10266 has no types!
10-25 18:44:19.894  4299  4921 E ScreenElementRoot: load error, manifest root is null
10-25 18:44:19.896  4305 25786 I htmlviewercloudcontrol: isStagingEnv:false param =  fps_group_config  uriMatch = 2, cluster: cn, version: 617443, traceId: 3d9ee4589440844b19bc5124043f95bb, regId: +4z3RS85+e2U9l+sd6caQ/srGmJCsEbKpG1twyPn1K0CrNNyxYT/yAgGVxm5X+yC
10-25 18:44:19.897  1688  1688 I vendor.qti.hardware.servicetrackeraidl-service: destroyService is called for service : com.miui.cleanmaster/com.miui.optimizecenter.service.CleanMasterService
10-25 18:44:19.897  2318  2451 I SmartPower: com.android.packageinstaller/10097(11211): idle->background(5083ms) R(broadcast start Intent { act=android.intent.action.PACKAGE_ADDED dat=package: flg=0x5000010 pkg=com.android.packageinstaller (has extras) }) adj=915.
10-25 18:44:19.897  2318  2318 I NetworkDetectInjector: ACTION_PACKAGE_ADDED uid = 10448
10-25 18:44:19.897  2318  4262 E AppScanObserverService: Try to add a invalid package: com.qq.reader | 10448 | 0
10-25 18:44:19.899  2318  2318 I MiuiNetworkPolicyTrafficLimit: ACTION_PACKAGE_ADDED uid = 10448
10-25 18:44:19.899  2318  2318 E SLM-SRV-SLAAppLib: initBroadcastReceivercom.qq.reader
10-25 18:44:19.899  2318  2318 I SLM-SRV-SLAAppLib: ACTION_PACKAGE_ADDED uid = 10448com.qq.reader
10-25 18:44:19.899  2318  2318 I SLM-SRV-SLSAppLib: setSLSGameUidList:null
10-25 18:44:19.899  2318  2318 I SLM-SRV-SLSAppLib: setSLSVoIPUid:0
10-25 18:44:19.899  2318  2318 I NetworkAccelerateSwitchService: setNetworkAccelerateSwitchUidList:null
10-25 18:44:19.899  2318  2318 I NetworkAccelerateSwitchService: setNetworkAccelerateSwitchVoIPUid:0
10-25 18:44:19.899  2318  2318 I SLM-SRV-SLAAppLib: mDoubleWifiUidList = 10090,10261,10286,10324,10325,10339,10430,10167,
10-25 18:44:19.899  2318  2318 I SLM-SRV-SLAAppLib: mDoubleDataUidList = 10090,10261,10286,10325,10339,10430,10431,10432,10167,
10-25 18:44:19.899  2318  5235 I SLM-SRV-SLAAppLib: setUidWhiteListToSlad
10-25 18:44:19.899  2318  2426 I MiuiNetworkPolicy: label wlan0, uid 10446, active true, tsNanos 75221601311634
10-25 18:44:19.899  2318  5235 I SLM-SRV-SLAAppLib: setSLAUidList:10325,10339,10261,10286,10430,10167,10090,
10-25 18:44:19.899  2318  3691 I MiuiNetworkPolicyTrafficLimit: updateWhiteListUidForMobileTraffic uid=10266,add=true
10-25 18:44:19.899  2318  5235 I SLM-SRV-SLSAppLib: setSLAAppWhiteList:10325,10339,10261,10286,10430,10167,
10-25 18:44:19.900  2318  3691 I MiuiNetworkPolicy: updateUidState uid = 10266, uidState = 19
10-25 18:44:19.901  6892  7967 I PermissionControllerServiceImpl: Updating user sensitive for uid 10448
10-25 18:44:19.903  2318  3691 I MiuiNetworkPolicyTrafficLimit: updateWhiteListUidForMobileTraffic uid=10266,add=false
10-25 18:44:19.903  2318  3691 I MiuiNetworkPolicy: updateUidState uid = 10097, uidState = 11
10-25 18:44:19.903  2318  3691 I MiuiNetworkPolicy: updateUidState uid = 10097, uidState = 19
10-25 18:44:19.903  4299  4921 E Launcher.AllAppsList: Can't load postion for packageName: com.qq.reader activityName: com.qq.reader.activity.DefaultAliasActivity
10-25 18:44:19.903  2318  5140 W ParceledListSlice: Element #10 is 43740 bytes.
10-25 18:44:19.904  2318  5453 W ParceledListSlice: Element #17 is 25036 bytes.
10-25 18:44:19.904  2318  2318 I AppsFilter: interaction: PackageSetting{50a0021 com.android.microdroid.empty_payload/10236} -> PackageSetting{bd24c46 com.qq.reader/10448} BLOCKED
10-25 18:44:19.904  2318  2318 I AppsFilter: interaction: PackageSetting{febfe07 io.appium.uiautomator2.server.test/10280} -> PackageSetting{bd24c46 com.qq.reader/10448} BLOCKED
10-25 18:44:19.904  2318  2318 I AppsFilter: interaction: PackageSetting{f4b7b34 io.github.ylimit.droidbotapp/10447} -> PackageSetting{bd24c46 com.qq.reader/10448} BLOCKED
10-25 18:44:19.904  2318  2318 I AppsFilter: interaction: PackageSetting{e57d5d com.rongcard.eid/10151} -> PackageSetting{bd24c46 com.qq.reader/10448} BLOCKED
10-25 18:44:19.904  2318  5453 W ParceledListSlice: Element #24 is 52004 bytes.
10-25 18:44:19.904  2318  5453 W ParceledListSlice: Overly large reply size: 117272
10-25 18:44:19.906  2318  2318 I AppsFilter: interaction: PackageSetting{d6e6d2 io.appium.settings/10274} -> PackageSetting{bd24c46 com.qq.reader/10448} BLOCKED
10-25 18:44:19.906  4299  4931 W PreviewDisappear: getIconDrawable src: null
10-25 18:44:19.906  4299  4931 W PreviewDisappear: getIconDrawable app drawable: null
10-25 18:44:19.906  4299  4931 W PreviewDisappear: getIcon info target: ComponentInfo{com.qq.reader/com.qq.reader.activity.DefaultAliasActivity}
10-25 18:44:19.906  4299  4931 W PreviewDisappear: getIcon info user: UserHandle{0}
10-25 18:44:19.906  4299  4931 W PreviewDisappear: getIcon info intent: Intent { act=android.intent.action.MAIN cat=[android.intent.category.LAUNCHER] flg=0x10200000 cmp=com.qq.reader/.activity.DefaultAliasActivity (has extras) }
10-25 18:44:19.906  4299  4931 W PreviewDisappear: 1 getIcon entry: null
10-25 18:44:19.906  4299  4931 W PreviewDisappear: 2 getIcon entry: com.miui.home.launcher.graphics.DrawableInfo@2e9f629
10-25 18:44:19.906  4299  4931 W PreviewDisappear: applyCacheEntry entry: android.graphics.drawable.BitmapDrawable@3547dae
10-25 18:44:19.906  4299  4931 W PreviewDisappear: getIconDrawable finally drawable: android.graphics.drawable.BitmapDrawable@3547dae
10-25 18:44:19.907  2318  5453 W ParceledListSlice: Element #34 is 205964 bytes.
10-25 18:44:19.907  2318  5453 W ParceledListSlice: Overly large reply size: 238572
10-25 18:44:19.908  2318  5453 W ParceledListSlice: Element #40 is 19708 bytes.
10-25 18:44:19.909  4305 25786 I htmlviewercloudcontrol: isStagingEnv:false param =  fps_group_config  uriMatch = 2, cluster: cn, version: 617443, traceId: 3d9ee4589440844b19bc5124043f95bb, regId: +4z3RS85+e2U9l+sd6caQ/srGmJCsEbKpG1twyPn1K0CrNNyxYT/yAgGVxm5X+yC
10-25 18:44:19.909  2318  5453 W ParceledListSlice: Element #48 is 187940 bytes.
10-25 18:44:19.909  2318  5453 W ParceledListSlice: Overly large reply size: 249300
10-25 18:44:19.910  2318  5411 W ParceledListSlice: Element #52 is 19668 bytes.
10-25 18:44:19.911  4305 25786 I htmlviewercloudcontrol: isStagingEnv:false param =  fps_tp_exclude  uriMatch = 2, cluster: cn, version: 617443, traceId: 3d9ee4589440844b19bc5124043f95bb, regId: +4z3RS85+e2U9l+sd6caQ/srGmJCsEbKpG1twyPn1K0CrNNyxYT/yAgGVxm5X+yC
10-25 18:44:19.913  1908  1908 E DisplayModeController: setDesiredMode : Idle status skip setActiveMode, isDdicIdleMode: 1
10-25 18:44:19.914  4299  4970 W PreviewDisappear: 1 getIcon entry: null
10-25 18:44:19.915  1656  1656 I SDM     : HWCDisplay::SetActiveConfigWithConstraints: display:66-0, config: 3, WxH 1200x2670, fps 120
10-25 18:44:19.916  1656  1656 W SDM     : HWDeviceDRM::GetSupportedBitClkRate: Requested rate not supported: 1150000000
10-25 18:44:19.916  1656  1656 I SDM     : HWDeviceDRM::UpdateMixerAttributes: Mixer WxH 1200x2670-1 for Peripheral
10-25 18:44:19.916  1656  1656 I SDM     : HWCDisplay::SubmitDisplayConfig: Active configuration changed from config 1 to 3
10-25 18:44:19.916  1656  1656 I SDM     : HWCDisplay::SubmitDisplayConfig: Active WxH 1200x2670 ,ddic_mode:auto, timing_fps: 120, sf_fps: 120
10-25 18:44:19.917  1656  2516 I vendor.qti.hardware.display.composer-service: Sensor: notify citsensorservice to trigger cwb, misForced = 0
10-25 18:44:19.918  2318  3691 I MiuiNetworkPolicy: updateUidState uid = 6110, uidState = 11
10-25 18:44:19.918 10367 10367 I VSC-AppInstallReceiver: action: android.intent.action.PACKAGE_CHANGED, packageName: com.qq.reader
10-25 18:44:19.919  7688  7688 I UserConsentManager: onPermissionsChanged: 10448
10-25 18:44:19.919  7756  8710 I ThumbnailBlurUtils: getAllLauncherAppList time: 23
10-25 18:44:19.920  4299  4970 W PreviewDisappear: 2 getIcon entry: com.miui.home.launcher.graphics.DrawableInfo@93a4edc
10-25 18:44:19.920  4299  4970 W PreviewDisappear: applyCacheEntry entry: android.graphics.drawable.BitmapDrawable@c02cbe5
10-25 18:44:19.921  9012  9012 I ##XLogger##: #&^SSQP0GqYcHmLirHh7yVKj3/nMA0bIuhZ9AHSM9XritbUyCkRhxKlr1Y0zhzEyDi3U5nxWFYv40bISGe8h7UtQhh2i5aEqQ8FEcvZlUeA9EeYqh4y76fCAqfInstrpwHDlkJ8tI3M7B+6Hes/wQWuwnIxC9mKgupS0OTCmxeaqis=!!AMXZXu96h9UUxXMImRsqfhAD8UQMG1vCSn+J8fRyOxhJ7bN8Hu8ixNsBCwc4UJBmk5NeQ5JVMhIcFhVuw3FXC1ScNlJb18kARfIyrKTuXVoHm/3onuETYARFl+bgF1h9deTD0nQyV2gFGSeuwiuDYOYHJwUp5SFFU8nGAZr+iKezFLqME+VOMTHjPsqnr4iIqlEersxDIe0iLBmnbe2b6nL8Mo861oHlRRMz2TliyNQ9ihjrCRZJt4P1uvwC7//S7FahJXaB2dSTbMBtvk+BL5Ntun/SzY0sPxDfZexjdJpBPyjNvdzO50snLiobOnNnUiat44UPD3Hz6KyDEOEuYZvCV7ZRddUGttdtrImKTv9z7WuEZHeHsaHBtb5Xx2SqelSfKa1dFlgxkY5YDlzmf025nPhfNjoKAgk+PCD6zdnc8oGk5M8FTk3m3pzVPdF18gup65AQhluwOnvOnq/HeDxj2U4oifUGwUzb52L4d7kWIS9c5z/bddl+gVeexUkFinwM8p2rZ75TSbpT1+jFxFU20nFZupOygZ25l4aKQe+nleZcu9DAGGtrAjhTE/E4k35s3LvWF84+x79mVKmjrlO4dFm4LppYuj9CgVi8qg25iBSOzZGzsPn+OQW+K214tux3gb2M0OMnT5Htp1bqBF0PZWOapmg0vJ2vAtVowOQfaSnmZkKIbqeEXvrVjb+54rGTqF8293xppyhxwtDj8PgfKOajCbe1aZTCzjevL8FY8hsN3t73lOENdZKeI0xCBY9wKCCOSJPqpvR1tyPJxZSD+UuT7CT30vxJkfskWcqany1xR1g9KUXjr/I6Du2ss+zTDR86wdMk3np8H6iX9Co11U24yMnoQ26IrVifJUg=^&#
10-25 18:44:19.921  9012  9012 I ##XLogger##: #&^SSQP0GqYcHmLirHh7yVKj3/nMA0bIuhZ9AHSM9XritbUyCkRhxKlr1Y0zhzEyDi3U5nxWFYv40bISGe8h7UtQhh2i5aEqQ8FEcvZlUeA9EeYqh4y76fCAqfInstrpwHDlkJ8tI3M7B+6Hes/wQWuwnIxC9mKgupS0OTCmxeaqis=!!AMXZXu96h9UUxXMImRsqfhAD8UQMG1vCSn+J8fRyOxho0wUhOJeR8x9t8DpjaseFYexHmc7eOxC8F/skHebiEEETYSWJzaYP38u7hHbBblSqhovbs8otiOOAIyyFqlXs+IfcXW56vn8baloLSbg/DKkSLJ9tIf//tWZHJUa/Pl8ahL2uQfChmEualXNV151PB2018dza478dEjpAFGM/bTZGqWJzkp0SqXgj06yz+fQ0lylpu6Y/FtjvnQv2a/ELUkXzAmU9W88chdsCtq6kpRKvJVcfTTGFeV8YVQoUaJEepe2tNxsMxLN4OnM1iC0rbYpHKCAT2xnclIwUlTBNHXniLJbwnajVLMUjEpL6HcE4E4cbMiFZqxrZkletDZykVIbwHoRPYKeLi+1zvAG0S2mTgL3ybtoeIzdZZH8co0N6y5lhCHFE+TApGoEpR6pkmsaTo+TGJTqIHVSho29fxTS199TgMC3e4SZ7ZfnYXK/7bLSbvd9FkQP7H7z/Xr3Z+J4XlHXlqtNCF/phGieuVFjdfZh/j1cE2XFcWIuVMAtwjKKAIcifY3s/KiYw/cuA+X1LWlg1D00iA9U3EeFfarLplQPcCp5WhgZeD562q/4Gpaup170oQPv7pJRbQZVEFKkjFy58LfjmpC2HyjgNUAr6XruLEWoHSQyQZN+VJDUqwII2L16F3RUne7Mjobqji3SctECfW/044367aDU5pa0hPU0YpssYoBZ9YGylQvUFyvpLjuQX2GzwHFJzWFAMZCv+j80y8K/quAhKAMtWu7FS5zaxBbogh6NxEKBGpHrrynlC9mmoVpCXon0nZ0Bsml/Ve4NoWHlKuj+FeaJnwahUcolET+/Quhd9K1pjTwo=^&#
10-25 18:44:19.921  7688  7688 I UserConsentManager: onPermissionsChanged: 10448
10-25 18:44:19.922  3030  3788 I libsensor-parseRGB: request dump start for mRequestDisplayId 0
10-25 18:44:19.923  4299  4973 W PreviewDisappear: getIconDrawable src: null
10-25 18:44:19.923  4299  4973 W PreviewDisappear: getIconDrawable app drawable: null
10-25 18:44:19.923  4299  4973 W PreviewDisappear: getIcon info target: ComponentInfo{com.qq.reader/com.qq.reader.activity.DefaultAliasActivity}
10-25 18:44:19.923  4299  4973 W PreviewDisappear: getIcon info user: UserHandle{0}
10-25 18:44:19.923  4299  4973 W PreviewDisappear: getIcon info intent: Intent { act=android.intent.action.MAIN cat=[android.intent.category.LAUNCHER] flg=0x10200000 cmp=com.qq.reader/.activity.DefaultAliasActivity (has extras) }
10-25 18:44:19.923  4299  4973 W PreviewDisappear: 1 getIcon entry: null
10-25 18:44:19.923  4299  4973 W PreviewDisappear: 2 getIcon entry: com.miui.home.launcher.graphics.DrawableInfo@f6ec6ba
10-25 18:44:19.923  4299  4973 W PreviewDisappear: applyCacheEntry entry: android.graphics.drawable.BitmapDrawable@93796b
10-25 18:44:19.923  4299  4973 W PreviewDisappear: getIconDrawable finally drawable: android.graphics.drawable.BitmapDrawable@93796b
10-25 18:44:19.924  7688  7688 I UserConsentManager: onPermissionsChanged: 10448
10-25 18:44:19.924  2318  3691 I MiuiNetworkPolicy: updateUidState uid = 6110, uidState = 19
10-25 18:44:19.925  7688  7688 I UserConsentManager: onPermissionsChanged: 10448
10-25 18:44:19.925  2318  3520 I RoleService: Granting default roles...
10-25 18:44:19.926  4305 25786 I htmlviewercloudcontrol: isStagingEnv:false param =  fps_idle_config  uriMatch = 2, cluster: cn, version: 617443, traceId: 3d9ee4589440844b19bc5124043f95bb, regId: +4z3RS85+e2U9l+sd6caQ/srGmJCsEbKpG1twyPn1K0CrNNyxYT/yAgGVxm5X+yC
10-25 18:44:19.929  7756  9189 I GameBoosterNewApp: addAppToGameBox: isGameBoosterOpen=true
10-25 18:44:19.929  7688  7688 I UserConsentManager: onPermissionsChanged: 10448
10-25 18:44:19.930  7688  7688 I UserConsentManager: onPermissionsChanged: 10448
10-25 18:44:19.930  7688  7688 I UserConsentManager: onPermissionsChanged: 10448
10-25 18:44:19.930  7756  9189 I GameBoosterNewApp: com.qq.reader isGameFromJson false
10-25 18:44:19.931  7756  9189 I GameBoosterNewApp: com.qq.reader isGameFromLocal false
10-25 18:44:19.931  2318  2447 W TextServicesManagerService: no available spell checker services found
10-25 18:44:19.932  7688  7688 I UserConsentManager: onPermissionsChanged: 10448
10-25 18:44:19.932  7688  7688 I UserConsentManager: onPermissionsChanged: 10448
10-25 18:44:19.932  7688  7688 I UserConsentManager: onPermissionsChanged: 10448
10-25 18:44:19.933  4305 25786 I htmlviewercloudcontrol: isStagingEnv:false param =  fps_idle_config  uriMatch = 2, cluster: cn, version: 617443, traceId: 3d9ee4589440844b19bc5124043f95bb, regId: +4z3RS85+e2U9l+sd6caQ/srGmJCsEbKpG1twyPn1K0CrNNyxYT/yAgGVxm5X+yC
10-25 18:44:19.933  7688  7688 I UserConsentManager: onPermissionsChanged: 10448
10-25 18:44:19.934  7688  7688 I UserConsentManager: onPermissionsChanged: 10448
10-25 18:44:19.934  7688  7688 I UserConsentManager: onPermissionsChanged: 10448
10-25 18:44:19.934  4305 25786 I htmlviewercloudcontrol: isStagingEnv:false param =  fps_tp_exclude  uriMatch = 2, cluster: cn, version: 617443, traceId: 3d9ee4589440844b19bc5124043f95bb, regId: +4z3RS85+e2U9l+sd6caQ/srGmJCsEbKpG1twyPn1K0CrNNyxYT/yAgGVxm5X+yC
10-25 18:44:19.934  9264  9430 I WakelockPolicyManager: setWakelockPolicy
10-25 18:44:19.936  4305 25786 I htmlviewercloudcontrol: isStagingEnv:false param =  fps_idle_config  uriMatch = 2, cluster: cn, version: 617443, traceId: 3d9ee4589440844b19bc5124043f95bb, regId: +4z3RS85+e2U9l+sd6caQ/srGmJCsEbKpG1twyPn1K0CrNNyxYT/yAgGVxm5X+yC
10-25 18:44:19.936  7688  7688 I UserConsentManager: onPermissionsChanged: 10448
10-25 18:44:19.937  4305 25786 I htmlviewercloudcontrol: isStagingEnv:false param =  display_fps_group  uriMatch = 2, cluster: cn, version: 617443, traceId: 3d9ee4589440844b19bc5124043f95bb, regId: +4z3RS85+e2U9l+sd6caQ/srGmJCsEbKpG1twyPn1K0CrNNyxYT/yAgGVxm5X+yC
10-25 18:44:19.938  4305 25786 I htmlviewercloudcontrol: isStagingEnv:false param =  fps_idle_config  uriMatch = 2, cluster: cn, version: 617443, traceId: 3d9ee4589440844b19bc5124043f95bb, regId: +4z3RS85+e2U9l+sd6caQ/srGmJCsEbKpG1twyPn1K0CrNNyxYT/yAgGVxm5X+yC
10-25 18:44:19.940  4305 25786 I htmlviewercloudcontrol: isStagingEnv:false param =  fps_idle_config  uriMatch = 2, cluster: cn, version: 617443, traceId: 3d9ee4589440844b19bc5124043f95bb, regId: +4z3RS85+e2U9l+sd6caQ/srGmJCsEbKpG1twyPn1K0CrNNyxYT/yAgGVxm5X+yC
10-25 18:44:19.941  4305 25786 I htmlviewercloudcontrol: isStagingEnv:false param =  fps_idle_config  uriMatch = 2, cluster: cn, version: 617443, traceId: 3d9ee4589440844b19bc5124043f95bb, regId: +4z3RS85+e2U9l+sd6caQ/srGmJCsEbKpG1twyPn1K0CrNNyxYT/yAgGVxm5X+yC
10-25 18:44:19.942  4305 25786 I htmlviewercloudcontrol: isStagingEnv:false param =  fps_group_config  uriMatch = 2, cluster: cn, version: 617443, traceId: 3d9ee4589440844b19bc5124043f95bb, regId: +4z3RS85+e2U9l+sd6caQ/srGmJCsEbKpG1twyPn1K0CrNNyxYT/yAgGVxm5X+yC
10-25 18:44:19.943  2318  5411 E AppOps  : Bad call made by uid 1001. Package "com.android.phone" does not belong to uid 1000.
10-25 18:44:19.943  2318  5411 E AppOps  : Cannot noteOperation: non-application UID 1000
10-25 18:44:19.943  4305 25786 I htmlviewercloudcontrol: isStagingEnv:false param =  fps_group_config  uriMatch = 2, cluster: cn, version: 617443, traceId: 3d9ee4589440844b19bc5124043f95bb, regId: +4z3RS85+e2U9l+sd6caQ/srGmJCsEbKpG1twyPn1K0CrNNyxYT/yAgGVxm5X+yC
10-25 18:44:19.944  9264  9760 I DisplayFrameSetting: register
10-25 18:44:19.944  2318  3998 I whetstone.activity: noteVideoFps registVideoFpsCallBack, count is 1
10-25 18:44:19.945  4305 25786 I htmlviewercloudcontrol: isStagingEnv:false param =  fps_idle_config  uriMatch = 2, cluster: cn, version: 617443, traceId: 3d9ee4589440844b19bc5124043f95bb, regId: +4z3RS85+e2U9l+sd6caQ/srGmJCsEbKpG1twyPn1K0CrNNyxYT/yAgGVxm5X+yC
10-25 18:44:19.946  2318  5411 W ParceledListSlice: Element #357 is 25976 bytes.
10-25 18:44:19.947  4305 25786 I htmlviewercloudcontrol: isStagingEnv:false param =  fps_group_config  uriMatch = 2, cluster: cn, version: 617443, traceId: 3d9ee4589440844b19bc5124043f95bb, regId: +4z3RS85+e2U9l+sd6caQ/srGmJCsEbKpG1twyPn1K0CrNNyxYT/yAgGVxm5X+yC
10-25 18:44:19.949  7438  7438 E RegisteredServicesCache: Skipping application component ComponentInfo{com.autonavi.minimap/com.alibaba.ariver.commonability.device.jsapi.nfc.service.TinyAppHostApduService}: it must request the permission android.permission.NFC
10-25 18:44:19.949  7438  7438 E RegisteredServicesCache: Skipping application component ComponentInfo{com.autonavi.minimap/com.alipay.mobile.aompdevice.nfc.service.TinyAppHostApduService}: it must request the permission android.permission.NFC
10-25 18:44:19.950  3030  3112 E libsensor-parseRGB: CWB NotifyCWBBufferDone  error 0
10-25 18:44:19.950  7438  7438 I RegisteredServicesCache: current user: 0, is managed profile : false
10-25 18:44:19.952  7438  7438 I RegisteredAidCache: updateRoutingLocked(false): Enter
10-25 18:44:19.952  7438  7438 I AidRoutingManager: configureRouting(false): Enter
10-25 18:44:19.952  7438  7438 E AidRoutingManager: Size of routing table970
10-25 18:44:19.952  7438  7438 I RegisteredAidCache: updateRoutingLocked(false): exit
10-25 18:44:19.954  2318  5088 W AppOpService: Ignored setUidMode call for runtime permission app op: uid = 1001, code = READ_SMS, mode = allow, callingUid = 1001, oldMode = allow
10-25 18:44:19.956  2318  5110 W AppOpService: Ignored setUidMode call for runtime permission app op: uid = 1001, code = RECEIVE_SMS, mode = allow, callingUid = 1001, oldMode = allow
10-25 18:44:19.957  2318  4476 W AppOpService: Ignored setUidMode call for runtime permission app op: uid = 1001, code = RECEIVE_WAP_PUSH, mode = allow, callingUid = 1001, oldMode = allow
10-25 18:44:19.960  6892 29270 I PermissionControllerServiceImpl: Updating user sensitive for uid 10448
10-25 18:44:19.961  2318  3367 W AppOpService: Ignored setUidMode call for runtime permission app op: uid = 1001, code = SEND_SMS, mode = allow, callingUid = 1001, oldMode = allow
10-25 18:44:19.962  7438  7438 E RegisteredServicesCache: Skipping application component ComponentInfo{com.autonavi.minimap/com.alibaba.ariver.commonability.device.jsapi.nfc.service.TinyAppHostApduService}: it must request the permission android.permission.NFC
10-25 18:44:19.962  7438  7438 E RegisteredServicesCache: Skipping application component ComponentInfo{com.autonavi.minimap/com.alipay.mobile.aompdevice.nfc.service.TinyAppHostApduService}: it must request the permission android.permission.NFC
10-25 18:44:19.962  2318  5437 W AppOpService: Ignored setUidMode call for runtime permission app op: uid = 1001, code = READ_CELL_BROADCASTS, mode = allow, callingUid = 1001, oldMode = allow
10-25 18:44:19.963  2318  2447 W EnhancedConfirmationService: The packageName should not be null.
10-25 18:44:19.964  2318  2423 W ActivityManagerServiceImpl: Sending non-protected broadcast com.miui.action.UPDATE_PREDICT_LIST_EXTERNAL from system 7756:com.miui.securitycenter.remote/1000 pkg com.miui.securitycenter. Callers=
10-25 18:44:19.964  2318  2447 W MagnificationConnectionManager: requestConnection duplicated request: connect=false, mConnectionState=DISCONNECTED
10-25 18:44:19.964  7756  8418 I AppPredictPrivacyLaunchManager: getLauncherHomeAppList size: 71
10-25 18:44:19.964  7756  8418 I AppPredictResultHelper: updatePreferenceStore: size = 41
10-25 18:44:19.964  2318  2447 W TextServicesManagerService: no available spell checker services found
10-25 18:44:19.971  7438  7438 I RegisteredServicesCache: current user: 0, is managed profile : false
10-25 18:44:19.971  4663  5397 E SmsApplication: com.android.mms lost android:read_cell_broadcasts:  (fixing)
10-25 18:44:19.972  2318  5109 W AppOpService: Ignored setUidMode call for runtime permission app op: uid = 10141, code = READ_CELL_BROADCASTS, mode = allow, callingUid = 1001, oldMode = allow
10-25 18:44:19.973  2318  5405 W AppOpService: Ignored setUidMode call for runtime permission app op: uid = 1001, code = READ_SMS, mode = allow, callingUid = 1001, oldMode = allow
10-25 18:44:19.973  2318  5405 W AppOpService: Ignored setUidMode call for runtime permission app op: uid = 1001, code = RECEIVE_SMS, mode = allow, callingUid = 1001, oldMode = allow
10-25 18:44:19.973  2318  5405 W AppOpService: Ignored setUidMode call for runtime permission app op: uid = 1001, code = RECEIVE_WAP_PUSH, mode = allow, callingUid = 1001, oldMode = allow
10-25 18:44:19.973  2318  5405 W AppOpService: Ignored setUidMode call for runtime permission app op: uid = 1001, code = SEND_SMS, mode = allow, callingUid = 1001, oldMode = allow
10-25 18:44:19.973  2318  5405 W AppOpService: Ignored setUidMode call for runtime permission app op: uid = 1001, code = READ_CELL_BROADCASTS, mode = allow, callingUid = 1001, oldMode = allow
10-25 18:44:19.974  2318 19981 E RoleControllerServiceImpl: Default/fallback role holder package doesn't qualify for the role, package: com.android.devicelockcontroller, role: android.app.role.SYSTEM_FINANCED_DEVICE_CONTROLLER
10-25 18:44:19.975  7438  7438 I RegisteredAidCache: updateRoutingLocked(false): Enter
10-25 18:44:19.975  7438  7438 I AidRoutingManager: configureRouting(false): Enter
10-25 18:44:19.975  7438  7438 E AidRoutingManager: Size of routing table970
10-25 18:44:19.975  7438  7438 I RegisteredAidCache: updateRoutingLocked(false): exit
10-25 18:44:19.975  7438  7438 I libnfc_nci: [INFO:NativeT4tNfcee.cpp(870)] nfcManager_isFwSupportNonStdT4TAid Enter isFwSupport = 1
10-25 18:44:19.975  7438  7438 I libnfc_nci: [INFO:SecureElement.cpp(1487)] SecureElement::getEseHandleFromGenericId: enter; ESE-ID = 0x7F
10-25 18:44:19.975  7438  7438 I libnfc_nci: [INFO:SecureElement.cpp(1528)] SecureElement::getEseHandleFromGenericId: enter; ESE-Handle = 0x410
10-25 18:44:19.976  7438  7438 I libnfc_nci: [INFO:SecureElement.cpp(1487)] SecureElement::getEseHandleFromGenericId: enter; ESE-ID = 0x00
10-25 18:44:19.976  7438  7438 I libnfc_nci: [INFO:SecureElement.cpp(1528)] SecureElement::getEseHandleFromGenericId: enter; ESE-Handle = 0x400
10-25 18:44:19.976  2318  2447 W EnhancedConfirmationService: The packageName should not be null.
10-25 18:44:19.976  2318  2447 W MagnificationConnectionManager: requestConnection duplicated request: connect=false, mConnectionState=DISCONNECTED
10-25 18:44:19.977  4610 15432 I SecureElement-Terminal-eSE1: isSecureElementPresent()
10-25 18:44:19.977  1594  1594 I android.hardware.secure_element-service.qti: isCardPresent
10-25 18:44:19.977  1594  1594 I android.hardware.secure_element-service.qti: isCardPresent exit, cardPresent: 1
10-25 18:44:19.980  4610 15432 I SecureElement-Terminal-SIM1: isSecureElementPresent()
10-25 18:44:19.980  4610 15432 I SecureElement-Terminal-SIM1: isNfcEventAllowed: No access rules for checking.
10-25 18:44:19.981  4610 15432 I SecureElement-Terminal-SIM2: isSecureElementPresent()
10-25 18:44:19.983  7438  7438 I libnfc_nci: [INFO:NativeT4tNfcee.cpp(870)] nfcManager_isFwSupportNonStdT4TAid Enter isFwSupport = 1
10-25 18:44:19.983  7438  7438 I libnfc_nci: [INFO:SecureElement.cpp(1487)] SecureElement::getEseHandleFromGenericId: enter; ESE-ID = 0x7F
10-25 18:44:19.983  7438  7438 I libnfc_nci: [INFO:SecureElement.cpp(1528)] SecureElement::getEseHandleFromGenericId: enter; ESE-Handle = 0x410
10-25 18:44:19.984  7438  7438 I libnfc_nci: [INFO:SecureElement.cpp(1487)] SecureElement::getEseHandleFromGenericId: enter; ESE-ID = 0x00
10-25 18:44:19.984  7438  7438 I libnfc_nci: [INFO:SecureElement.cpp(1528)] SecureElement::getEseHandleFromGenericId: enter; ESE-Handle = 0x400
10-25 18:44:19.985  4610 15432 I SecureElement-Terminal-eSE1: isSecureElementPresent()
10-25 18:44:19.985  1594  1594 I android.hardware.secure_element-service.qti: isCardPresent
10-25 18:44:19.985  1594  1594 I android.hardware.secure_element-service.qti: isCardPresent exit, cardPresent: 1
10-25 18:44:19.986  4610 15432 I SecureElement-Terminal-SIM1: isSecureElementPresent()
10-25 18:44:19.987  4610 15432 I SecureElement-Terminal-SIM1: isNfcEventAllowed: No access rules for checking.
10-25 18:44:19.987  4610 15432 I SecureElement-Terminal-SIM2: isSecureElementPresent()
10-25 18:44:20.010  2318  3998 W ParceledListSlice: Element #10 is 26244 bytes.
10-25 18:44:20.014 16432 16646 E ndroid.settings: Invalid resource ID 0x00000000.
10-25 18:44:20.014 16432 16445 I ndroid.settings: This is sticky GC, maxfree is 16777216 minfree is 8388608
10-25 18:44:20.015 16432 16646 E ndroid.settings: Invalid resource ID 0x00000000.
10-25 18:44:20.017 16432 16646 E ndroid.settings: Invalid resource ID 0x00000000.
10-25 18:44:20.018 16432 16646 E ndroid.settings: Invalid resource ID 0x00000000.
10-25 18:44:20.020  2318  5405 W ParceledListSlice: Element #14 is 26548 bytes.
10-25 18:44:20.020 16432 16646 W AccessibilityDisableLis: get accessibility disable list too slow
10-25 18:44:20.021  2318  3998 I ClipboardServiceI: checkProviderWakePathForClipboard: primaryClip is null
10-25 18:44:20.021  4305 25786 I htmlviewercloudcontrol: isStagingEnv:false param =  accessibility_disable  uriMatch = 1, cluster: cn, version: 617443, traceId: 3d9ee4589440844b19bc5124043f95bb, regId: +4z3RS85+e2U9l+sd6caQ/srGmJCsEbKpG1twyPn1K0CrNNyxYT/yAgGVxm5X+yC
10-25 18:44:20.037  2318  4434 W ParceledListSlice: Element #14 is 26548 bytes.
10-25 18:44:20.037 16432 16646 W AccessibilityDisableLis: get accessibility disable list too slow
10-25 18:44:20.038  4305 25786 I htmlviewercloudcontrol: isStagingEnv:false param =  accessibility_disable  uriMatch = 1, cluster: cn, version: 617443, traceId: 3d9ee4589440844b19bc5124043f95bb, regId: +4z3RS85+e2U9l+sd6caQ/srGmJCsEbKpG1twyPn1K0CrNNyxYT/yAgGVxm5X+yC
10-25 18:44:20.040  9264  9444 W WakelockManagerService: uid: 1000 is unblock state
10-25 18:44:20.040  9264  9444 W WakelockManagerService: uid: 1001 is unblock state
10-25 18:44:20.040  9264  9444 W WakelockManagerService: uid: 1002 is unblock state
10-25 18:44:20.040  9264  9444 W WakelockManagerService: uid: 1027 is unblock state
10-25 18:44:20.040  9264  9444 W WakelockManagerService: uid: 1068 is unblock state
10-25 18:44:20.040  9264  9444 W WakelockManagerService: uid: 1073 is unblock state
10-25 18:44:20.040  9264  9444 W WakelockManagerService: uid: 2000 is unblock state
10-25 18:44:20.040  9264  9444 W WakelockManagerService: uid: 6100 is unblock state
10-25 18:44:20.040  9264  9444 W WakelockManagerService: uid: 6101 is unblock state
10-25 18:44:20.040  9264  9444 W WakelockManagerService: uid: 6102 is unblock state
10-25 18:44:20.040  9264  9444 W WakelockManagerService: uid: 6110 is unblock state
10-25 18:44:20.040  9264  9444 W WakelockManagerService: uid: 6120 is unblock state
10-25 18:44:20.040  9264  9444 W WakelockManagerService: uid: 10000 is unblock state
10-25 18:44:20.040  9264  9444 W WakelockManagerService: uid: 10001 is unblock state
10-25 18:44:20.040  9264  9444 W WakelockManagerService: uid: 10002 is unblock state
10-25 18:44:20.040  9264  9444 W WakelockManagerService: uid: 10003 is unblock state
10-25 18:44:20.040  9264  9444 W WakelockManagerService: uid: 10004 is unblock state
10-25 18:44:20.040  9264  9444 W WakelockManagerService: uid: 10005 is unblock state
10-25 18:44:20.040  9264  9444 W WakelockManagerService: uid: 10006 is unblock state
10-25 18:44:20.040  9264  9444 W WakelockManagerService: uid: 10007 is unblock state
10-25 18:44:20.040  9264  9444 W WakelockManagerService: uid: 10008 is unblock state
10-25 18:44:20.040  9264  9444 W WakelockManagerService: uid: 10009 is unblock state
10-25 18:44:20.040  9264  9444 W WakelockManagerService: uid: 10010 is unblock state
10-25 18:44:20.040  9264  9444 W WakelockManagerService: uid: 10011 is unblock state
10-25 18:44:20.040  9264  9444 W WakelockManagerService: uid: 10012 is unblock state
10-25 18:44:20.040  9264  9444 W WakelockManagerService: uid: 10013 is unblock state
10-25 18:44:20.040  9264  9444 W WakelockManagerService: uid: 10014 is unblock state
10-25 18:44:20.040  9264  9444 W WakelockManagerService: uid: 10015 is unblock state
10-25 18:44:20.040  9264  9444 W WakelockManagerService: uid: 10016 is unblock state
10-25 18:44:20.040  9264  9444 W WakelockManagerService: uid: 10017 is unblock state
10-25 18:44:20.040  9264  9444 W WakelockManagerService: uid: 10018 is unblock state
10-25 18:44:20.040  9264  9444 W WakelockManagerService: uid: 10019 is unblock state
10-25 18:44:20.040  9264  9444 W WakelockManagerService: uid: 10020 is unblock state
10-25 18:44:20.040  9264  9444 W WakelockManagerService: uid: 10021 is unblock state
10-25 18:44:20.040  9264  9444 W WakelockManagerService: uid: 10022 is unblock state
10-25 18:44:20.040  9264  9444 W WakelockManagerService: uid: 10023 is unblock state
10-25 18:44:20.040  9264  9444 W WakelockManagerService: uid: 10024 is unblock state
10-25 18:44:20.040  9264  9444 W WakelockManagerService: uid: 10025 is unblock state
10-25 18:44:20.040  9264  9444 W WakelockManagerService: uid: 10026 is unblock state
10-25 18:44:20.040  9264  9444 W WakelockManagerService: uid: 10027 is unblock state
10-25 18:44:20.040  9264  9444 W WakelockManagerService: uid: 10028 is unblock state
10-25 18:44:20.040  9264  9444 W WakelockManagerService: uid: 10029 is unblock state
10-25 18:44:20.040  9264  9444 W WakelockManagerService: uid: 10030 is unblock state
10-25 18:44:20.040  9264  9444 W WakelockManagerService: uid: 10031 is unblock state
10-25 18:44:20.040  9264  9444 W WakelockManagerService: uid: 10032 is unblock state
10-25 18:44:20.040  9264  9444 W WakelockManagerService: uid: 10033 is unblock state
10-25 18:44:20.040  9264  9444 W WakelockManagerService: uid: 10034 is unblock state
10-25 18:44:20.040  9264  9444 W WakelockManagerService: uid: 10035 is unblock state
10-25 18:44:20.040  9264  9444 W WakelockManagerService: uid: 10036 is unblock state
10-25 18:44:20.040  9264  9444 W WakelockManagerService: uid: 10037 is unblock state
10-25 18:44:20.040  9264  9444 W WakelockManagerService: uid: 10038 is unblock state
10-25 18:44:20.040  9264  9444 W WakelockManagerService: uid: 10039 is unblock state
10-25 18:44:20.040  9264  9444 W WakelockManagerService: uid: 10040 is unblock state
10-25 18:44:20.040  9264  9444 W WakelockManagerService: uid: 10041 is unblock state
10-25 18:44:20.040  9264  9444 W WakelockManagerService: uid: 10042 is unblock state
10-25 18:44:20.040  9264  9444 W WakelockManagerService: uid: 10043 is unblock state
10-25 18:44:20.040  9264  9444 W WakelockManagerService: uid: 10044 is unblock state
10-25 18:44:20.040  9264  9444 W WakelockManagerService: uid: 10045 is unblock state
10-25 18:44:20.040  9264  9444 W WakelockManagerService: uid: 10046 is unblock state
10-25 18:44:20.040  9264  9444 W WakelockManagerService: uid: 10047 is unblock state
10-25 18:44:20.040  9264  9444 W WakelockManagerService: uid: 10048 is unblock state
10-25 18:44:20.040  9264  9444 W WakelockManagerService: uid: 10049 is unblock state
10-25 18:44:20.040  9264  9444 W WakelockManagerService: uid: 10050 is unblock state
10-25 18:44:20.040  9264  9444 W WakelockManagerService: uid: 10051 is unblock state
10-25 18:44:20.040  9264  9444 W WakelockManagerService: uid: 10052 is unblock state
10-25 18:44:20.040  9264  9444 W WakelockManagerService: uid: 10053 is unblock state
10-25 18:44:20.040  9264  9444 W WakelockManagerService: uid: 10054 is unblock state
10-25 18:44:20.040  9264  9444 W WakelockManagerService: uid: 10055 is unblock state
10-25 18:44:20.040  9264  9444 W WakelockManagerService: uid: 10056 is unblock state
10-25 18:44:20.040  9264  9444 W WakelockManagerService: uid: 10057 is unblock state
10-25 18:44:20.040  9264  9444 W WakelockManagerService: uid: 10058 is unblock state
10-25 18:44:20.040  9264  9444 W WakelockManagerService: uid: 10059 is unblock state
10-25 18:44:20.040  9264  9444 W WakelockManagerService: uid: 10060 is unblock state
10-25 18:44:20.040  9264  9444 W WakelockManagerService: uid: 10061 is unblock state
10-25 18:44:20.040  9264  9444 W WakelockManagerService: uid: 10062 is unblock state
10-25 18:44:20.040  9264  9444 W WakelockManagerService: uid: 10063 is unblock state
10-25 18:44:20.040  9264  9444 W WakelockManagerService: uid: 10064 is unblock state
10-25 18:44:20.040  9264  9444 W WakelockManagerService: uid: 10065 is unblock state
10-25 18:44:20.040  9264  9444 W WakelockManagerService: uid: 10066 is unblock state
10-25 18:44:20.040  9264  9444 W WakelockManagerService: uid: 10067 is unblock state
10-25 18:44:20.040  9264  9444 W WakelockManagerService: uid: 10068 is unblock state
10-25 18:44:20.040  9264  9444 W WakelockManagerService: uid: 10069 is unblock state
10-25 18:44:20.040  9264  9444 W WakelockManagerService: uid: 10070 is unblock state
10-25 18:44:20.040  9264  9444 W WakelockManagerService: uid: 10071 is unblock state
10-25 18:44:20.040  9264  9444 W WakelockManagerService: uid: 10072 is unblock state
10-25 18:44:20.040  9264  9444 W WakelockManagerService: uid: 10073 is unblock state
10-25 18:44:20.040  9264  9444 W WakelockManagerService: uid: 10074 is unblock state
10-25 18:44:20.040  9264  9444 W WakelockManagerService: uid: 10075 is unblock state
10-25 18:44:20.040  9264  9444 W WakelockManagerService: uid: 10076 is unblock state
10-25 18:44:20.040  9264  9444 W WakelockManagerService: uid: 10077 is unblock state
10-25 18:44:20.040  9264  9444 W WakelockManagerService: uid: 10078 is unblock state
10-25 18:44:20.040  9264  9444 W WakelockManagerService: uid: 10079 is unblock state
10-25 18:44:20.040  9264  9444 W WakelockManagerService: uid: 10080 is unblock state
10-25 18:44:20.040  9264  9444 W WakelockManagerService: uid: 10081 is unblock state
10-25 18:44:20.040  9264  9444 W WakelockManagerService: uid: 10082 is unblock state
10-25 18:44:20.040  9264  9444 W WakelockManagerService: uid: 10083 is unblock state
10-25 18:44:20.040  9264  9444 W WakelockManagerService: uid: 10084 is unblock state
10-25 18:44:20.040  9264  9444 W WakelockManagerService: uid: 10085 is unblock state
10-25 18:44:20.040  9264  9444 W WakelockManagerService: uid: 10086 is unblock state
10-25 18:44:20.040  9264  9444 W WakelockManagerService: uid: 10087 is unblock state
10-25 18:44:20.040  9264  9444 W WakelockManagerService: uid: 10088 is unblock state
10-25 18:44:20.040  9264  9444 W WakelockManagerService: uid: 10089 is unblock state
10-25 18:44:20.040  9264  9444 W WakelockManagerService: uid: 10090 is unblock state
10-25 18:44:20.040  9264  9444 W WakelockManagerService: uid: 10091 is unblock state
10-25 18:44:20.040  9264  9444 W WakelockManagerService: uid: 10092 is unblock state
10-25 18:44:20.040  9264  9444 W WakelockManagerService: uid: 10093 is unblock state
10-25 18:44:20.040  9264  9444 W WakelockManagerService: uid: 10094 is unblock state
10-25 18:44:20.040  9264  9444 W WakelockManagerService: uid: 10095 is unblock state
10-25 18:44:20.040  9264  9444 W WakelockManagerService: uid: 10096 is unblock state
10-25 18:44:20.040  9264  9444 W WakelockManagerService: uid: 10097 is unblock state
10-25 18:44:20.040  9264  9444 W WakelockManagerService: uid: 10098 is unblock state
10-25 18:44:20.040  9264  9444 W WakelockManagerService: uid: 10099 is unblock state
10-25 18:44:20.040  9264  9444 W WakelockManagerService: uid: 10100 is unblock state
10-25 18:44:20.040  9264  9444 W WakelockManagerService: uid: 10101 is unblock state
10-25 18:44:20.040  9264  9444 W WakelockManagerService: uid: 10102 is unblock state
10-25 18:44:20.040  9264  9444 W WakelockManagerService: uid: 10103 is unblock state
10-25 18:44:20.040  9264  9444 W WakelockManagerService: uid: 10104 is unblock state
10-25 18:44:20.040  9264  9444 W WakelockManagerService: uid: 10105 is unblock state
10-25 18:44:20.040  9264  9444 W WakelockManagerService: uid: 10106 is unblock state
10-25 18:44:20.040  9264  9444 W WakelockManagerService: uid: 10107 is unblock state
10-25 18:44:20.040  9264  9444 W WakelockManagerService: uid: 10108 is unblock state
10-25 18:44:20.040  9264  9444 W WakelockManagerService: uid: 10109 is unblock state
10-25 18:44:20.040  9264  9444 W WakelockManagerService: uid: 10110 is unblock state
10-25 18:44:20.040  9264  9444 W WakelockManagerService: uid: 10111 is unblock state
10-25 18:44:20.040  9264  9444 W WakelockManagerService: uid: 10112 is unblock state
10-25 18:44:20.040  9264  9444 W WakelockManagerService: uid: 10113 is unblock state
10-25 18:44:20.040  9264  9444 W WakelockManagerService: uid: 10114 is unblock state
10-25 18:44:20.040  9264  9444 W WakelockManagerService: uid: 10115 is unblock state
10-25 18:44:20.040  9264  9444 W WakelockManagerService: uid: 10116 is unblock state
10-25 18:44:20.040  9264  9444 W WakelockManagerService: uid: 10117 is unblock state
10-25 18:44:20.040  9264  9444 W WakelockManagerService: uid: 10118 is unblock state
10-25 18:44:20.040  9264  9444 W WakelockManagerService: uid: 10119 is unblock state
10-25 18:44:20.040  9264  9444 W WakelockManagerService: uid: 10120 is unblock state
10-25 18:44:20.040  9264  9444 W WakelockManagerService: uid: 10121 is unblock state
10-25 18:44:20.040  9264  9444 W WakelockManagerService: uid: 10122 is unblock state
10-25 18:44:20.040  9264  9444 W WakelockManagerService: uid: 10123 is unblock state
10-25 18:44:20.040  9264  9444 W WakelockManagerService: uid: 10124 is unblock state
10-25 18:44:20.040  9264  9444 W WakelockManagerService: uid: 10125 is unblock state
10-25 18:44:20.040  9264  9444 W WakelockManagerService: uid: 10126 is unblock state
10-25 18:44:20.040  9264  9444 W WakelockManagerService: uid: 10127 is unblock state
10-25 18:44:20.040  9264  9444 W WakelockManagerService: uid: 10128 is unblock state
10-25 18:44:20.040  9264  9444 W WakelockManagerService: uid: 10129 is unblock state
10-25 18:44:20.040  9264  9444 W WakelockManagerService: uid: 10130 is unblock state
10-25 18:44:20.040  9264  9444 W WakelockManagerService: uid: 10131 is unblock state
