10-25 18:44:31.406  7756 14874 I AppPredictPrivacyLaunchManager: getLauncherHomeAppList size: 71
10-25 18:44:31.406 19962 19962 I FileLockLib: [19962]file 127 unlocked. fl.pid=0
10-25 18:44:31.406 19962 19962 I FileLockLib: [19962]file 127 unlocked. fl.pid=0
10-25 18:44:31.407  7756  9206 E SuggestManager: openApp name = com.qq.reader
10-25 18:44:31.407  7756  9206 E SuggestManager: read eye rule size = 0
10-25 18:44:31.407  7756  9206 I NewAutoTaskManager: app use - delay = 9223372036854775807, doRemove = false, doPost = false
10-25 18:44:31.408  7756 14874 I AppPredictService: difTIme = 84032
10-25 18:44:31.408 19962 22801 I ActivityThread: HardwareRenderer preload  done
10-25 18:44:31.412 19962 22868 W libc    : Access denied finding property "vendor.migl.debug"
10-25 18:44:31.412 19962 19962 I MMKV    : <MMKV_IO.cpp:80::loadFromFile> loading [EYECARE_CONFIG] with 0 actual size, file size 4096, InterProcess 1, meta info version:0
10-25 18:44:31.412 19962 19962 I MMKV    : <MMKV_IO.cpp:131::loadFromFile> loaded [EYECARE_CONFIG] with 0 values
10-25 18:44:31.412 19962 22868 I libMiGL : EnableDR: 0
10-25 18:44:31.413 19962 19962 W System.err: java.lang.NoClassDefFoundError: Failed resolution of: Landroidx/appcompat/app/AppCompatDelegateImplN;
10-25 18:44:31.413 19962 19962 W System.err: 	at java.lang.Class.newInstance(Native Method)
10-25 18:44:31.413 19962 19962 W System.err: 	at android.app.AppComponentFactory.instantiateActivity(AppComponentFactory.java:95)
10-25 18:44:31.413 19962 19962 W System.err: 	at androidx.core.app.CoreComponentFactory.instantiateActivity(Unknown Source:0)
10-25 18:44:31.413 19962 19962 W System.err: 	at android.app.Instrumentation.newActivity(Instrumentation.java:1457)
10-25 18:44:31.413 19962 19962 W System.err: 	at android.app.ActivityThread.performLaunchActivity(ActivityThread.java:4300)
10-25 18:44:31.413 19962 19962 W System.err: 	at android.app.ActivityThread.handleLaunchActivity(ActivityThread.java:4631)
10-25 18:44:31.413 19962 19962 W System.err: 	at android.app.servertransaction.LaunchActivityItem.execute(LaunchActivityItem.java:112)
10-25 18:44:31.413 19962 19962 W System.err: 	at android.app.servertransaction.TransactionExecutor.executeNonLifecycleItem(TransactionExecutor.java:186)
10-25 18:44:31.413 19962 19962 W System.err: 	at android.app.servertransaction.TransactionExecutor.executeTransactionItems(TransactionExecutor.java:112)
10-25 18:44:31.413 19962 19962 W System.err: 	at android.app.servertransaction.TransactionExecutor.execute(TransactionExecutor.java:84)
10-25 18:44:31.413 19962 19962 W System.err: 	at android.app.ActivityThread$H.handleMessage(ActivityThread.java:2873)
10-25 18:44:31.413 19962 19962 W System.err: 	at android.os.Handler.dispatchMessage(Handler.java:107)
10-25 18:44:31.413 19962 19962 W System.err: 	at android.os.Looper.loopOnce(Looper.java:249)
10-25 18:44:31.413 19962 19962 W System.err: 	at android.os.Looper.loop(Looper.java:337)
10-25 18:44:31.413 19962 19962 W System.err: 	at android.app.ActivityThread.main(ActivityThread.java:9587)
10-25 18:44:31.413  7756  9225 E b       : insert result = 1920
10-25 18:44:31.413 19962 19962 W System.err: 	at java.lang.reflect.Method.invoke(Native Method)
10-25 18:44:31.413 19962 19962 W System.err: 	at com.android.internal.os.RuntimeInit$MethodAndArgsCaller.run(RuntimeInit.java:593)
10-25 18:44:31.413 19962 19962 W System.err: 	at com.android.internal.os.ZygoteInit.main(ZygoteInit.java:936)
10-25 18:44:31.413 19962 19962 W System.err: Caused by: java.lang.ClassNotFoundException: androidx.appcompat.app.AppCompatDelegateImplN
10-25 18:44:31.413 19962 19962 W System.err: 	... 18 more
10-25 18:44:31.413 19962 22868 I AdrenoGLES-0: QUALCOMM build                   : 0c7c4b37d5, I3988f0db60
10-25 18:44:31.413 19962 22868 I AdrenoGLES-0: Build Date                       : 10/18/24
10-25 18:44:31.413 19962 22868 I AdrenoGLES-0: OpenGL ES Shader Compiler Version: E031.45.02.19
10-25 18:44:31.413 19962 22868 I AdrenoGLES-0: Local Branch                     : 
10-25 18:44:31.413 19962 22868 I AdrenoGLES-0: Remote Branch                    : refs/tags/AU_LINUX_ANDROID_LA.VENDOR.14.3.0.R1.00.00.00.000.168
10-25 18:44:31.413 19962 22868 I AdrenoGLES-0: Remote Branch                    : NONE
10-25 18:44:31.413 19962 22868 I AdrenoGLES-0: Reconstruct Branch               : NOTHING
10-25 18:44:31.413 19962 22868 I AdrenoGLES-0: Build Config                     : S P 16.1.2 AArch64
10-25 18:44:31.413 19962 22868 I AdrenoGLES-0: Driver Path                      : /vendor/lib64/egl/libGLESv2_adreno.so
10-25 18:44:31.413 19962 22868 I AdrenoGLES-0: Driver Version                   : 0762.30
10-25 18:44:31.413 19962 22868 I AdrenoGLES-0: Process Name                     : com.qq.reader
10-25 18:44:31.414 19962 19962 W System.err: java.lang.NoClassDefFoundError: Failed resolution of: Landroidx/appcompat/app/AppCompatDelegateImplN;
10-25 18:44:31.414 19962 19962 W System.err: 	at java.lang.Class.newInstance(Native Method)
10-25 18:44:31.414 19962 19962 W System.err: 	at android.app.AppComponentFactory.instantiateActivity(AppComponentFactory.java:95)
10-25 18:44:31.414 19962 19962 W System.err: 	at androidx.core.app.CoreComponentFactory.instantiateActivity(Unknown Source:0)
10-25 18:44:31.414 19962 19962 W System.err: 	at android.app.Instrumentation.newActivity(Instrumentation.java:1457)
10-25 18:44:31.414 19962 19962 W System.err: 	at android.app.ActivityThread.performLaunchActivity(ActivityThread.java:4300)
10-25 18:44:31.414 19962 19962 W System.err: 	at android.app.ActivityThread.handleLaunchActivity(ActivityThread.java:4631)
10-25 18:44:31.414 19962 19962 W System.err: 	at android.app.servertransaction.LaunchActivityItem.execute(LaunchActivityItem.java:112)
10-25 18:44:31.414 19962 19962 W System.err: 	at android.app.servertransaction.TransactionExecutor.executeNonLifecycleItem(TransactionExecutor.java:186)
10-25 18:44:31.414 19962 19962 W System.err: 	at android.app.servertransaction.TransactionExecutor.executeTransactionItems(TransactionExecutor.java:112)
10-25 18:44:31.414 19962 19962 W System.err: 	at android.app.servertransaction.TransactionExecutor.execute(TransactionExecutor.java:84)
10-25 18:44:31.414 19962 19962 W System.err: 	at android.app.ActivityThread$H.handleMessage(ActivityThread.java:2873)
10-25 18:44:31.414 19962 19962 W System.err: 	at android.os.Handler.dispatchMessage(Handler.java:107)
10-25 18:44:31.414 19962 19962 W System.err: 	at android.os.Looper.loopOnce(Looper.java:249)
10-25 18:44:31.414 19962 19962 W System.err: 	at android.os.Looper.loop(Looper.java:337)
10-25 18:44:31.414 19962 19962 W System.err: 	at android.app.ActivityThread.main(ActivityThread.java:9587)
10-25 18:44:31.414 19962 19962 W System.err: 	at java.lang.reflect.Method.invoke(Native Method)
10-25 18:44:31.414 19962 19962 W System.err: 	at com.android.internal.os.RuntimeInit$MethodAndArgsCaller.run(RuntimeInit.java:593)
10-25 18:44:31.414 19962 19962 W System.err: 	at com.android.internal.os.ZygoteInit.main(ZygoteInit.java:936)
10-25 18:44:31.414 19962 19962 W System.err: Caused by: java.lang.ClassNotFoundException: androidx.appcompat.app.AppCompatDelegateImplN
10-25 18:44:31.414 19962 19962 W System.err: 	... 18 more
10-25 18:44:31.416  1688  1688 I vendor.qti.hardware.servicetrackeraidl-service: unbindService is called for service : com.android.permissioncontroller/.permission.service.PermissionControllerServiceImpl and for client system
10-25 18:44:31.416  1688  1688 I vendor.qti.hardware.servicetrackeraidl-service: size of service connections for service: com.android.permissioncontroller/.permission.service.PermissionControllerServiceImplafter removal is 0
10-25 18:44:31.416  1688  1688 I vendor.qti.hardware.servicetrackeraidl-service: size of client connections for client: systemafter removal is 29
10-25 18:44:31.417 19962 19962 W System.err: java.lang.NoClassDefFoundError: Failed resolution of: Landroidx/appcompat/app/AppCompatDelegateImplN;
10-25 18:44:31.417 19962 19962 W System.err: 	at java.lang.Class.newInstance(Native Method)
10-25 18:44:31.417 19962 19962 W System.err: 	at android.app.AppComponentFactory.instantiateActivity(AppComponentFactory.java:95)
10-25 18:44:31.417 19962 19962 W System.err: 	at androidx.core.app.CoreComponentFactory.instantiateActivity(Unknown Source:0)
10-25 18:44:31.417 19962 19962 W System.err: 	at android.app.Instrumentation.newActivity(Instrumentation.java:1457)
10-25 18:44:31.417 19962 19962 W System.err: 	at android.app.ActivityThread.performLaunchActivity(ActivityThread.java:4300)
10-25 18:44:31.417 19962 19962 W System.err: 	at android.app.ActivityThread.handleLaunchActivity(ActivityThread.java:4631)
10-25 18:44:31.417 19962 19962 W System.err: 	at android.app.servertransaction.LaunchActivityItem.execute(LaunchActivityItem.java:112)
10-25 18:44:31.417 19962 19962 W System.err: 	at android.app.servertransaction.TransactionExecutor.executeNonLifecycleItem(TransactionExecutor.java:186)
10-25 18:44:31.417  1688  1688 I vendor.qti.hardware.servicetrackeraidl-service: destroyService is called for service : com.android.permissioncontroller/.permission.service.PermissionControllerServiceImpl
10-25 18:44:31.417 19962 19962 W System.err: 	at android.app.servertransaction.TransactionExecutor.executeTransactionItems(TransactionExecutor.java:112)
10-25 18:44:31.417 19962 19962 W System.err: 	at android.app.servertransaction.TransactionExecutor.execute(TransactionExecutor.java:84)
10-25 18:44:31.417 19962 19962 W System.err: 	at android.app.ActivityThread$H.handleMessage(ActivityThread.java:2873)
10-25 18:44:31.417 19962 19962 W System.err: 	at android.os.Handler.dispatchMessage(Handler.java:107)
10-25 18:44:31.417 19962 19962 W System.err: 	at android.os.Looper.loopOnce(Looper.java:249)
10-25 18:44:31.417 19962 19962 W System.err: 	at android.os.Looper.loop(Looper.java:337)
10-25 18:44:31.417 19962 19962 W System.err: 	at android.app.ActivityThread.main(ActivityThread.java:9587)
10-25 18:44:31.417 19962 19962 W System.err: 	at java.lang.reflect.Method.invoke(Native Method)
10-25 18:44:31.417 19962 19962 W System.err: 	at com.android.internal.os.RuntimeInit$MethodAndArgsCaller.run(RuntimeInit.java:593)
10-25 18:44:31.417 19962 19962 W System.err: 	at com.android.internal.os.ZygoteInit.main(ZygoteInit.java:936)
10-25 18:44:31.417 19962 19962 W System.err: Caused by: java.lang.ClassNotFoundException: androidx.appcompat.app.AppCompatDelegateImplN
10-25 18:44:31.417 19962 19962 W System.err: 	... 18 more
10-25 18:44:31.417 19962 19962 I FileLockLib: [19962]unlock 127 success.
10-25 18:44:31.417 19962 19962 I FileLockLib: [19962]get 127 lock success
10-25 18:44:31.417  2318  3691 I MiuiNetworkPolicy: updateUidState uid = 10241, uidState = 10
10-25 18:44:31.418  2318  5109 I ClipboardServiceI: checkProviderWakePathForClipboard: primaryClip is null
10-25 18:44:31.419 19962 22868 I AdrenoGLES-0: PFP: 0x01520175, ME: 0x01520023
10-25 18:44:31.420 19962 19962 W System.err: java.lang.NoClassDefFoundError: Failed resolution of: Landroidx/appcompat/app/AppCompatDelegateImplN;
10-25 18:44:31.420 19962 19962 W System.err: 	at java.lang.Class.newInstance(Native Method)
10-25 18:44:31.420 19962 19962 W System.err: 	at android.app.AppComponentFactory.instantiateActivity(AppComponentFactory.java:95)
10-25 18:44:31.420 19962 19962 W System.err: 	at androidx.core.app.CoreComponentFactory.instantiateActivity(Unknown Source:0)
10-25 18:44:31.420 19962 19962 W System.err: 	at android.app.Instrumentation.newActivity(Instrumentation.java:1457)
10-25 18:44:31.420 19962 19962 W System.err: 	at android.app.ActivityThread.performLaunchActivity(ActivityThread.java:4300)
10-25 18:44:31.420 19962 19962 W System.err: 	at android.app.ActivityThread.handleLaunchActivity(ActivityThread.java:4631)
10-25 18:44:31.420 19962 19962 W System.err: 	at android.app.servertransaction.LaunchActivityItem.execute(LaunchActivityItem.java:112)
10-25 18:44:31.420 19962 19962 W System.err: 	at android.app.servertransaction.TransactionExecutor.executeNonLifecycleItem(TransactionExecutor.java:186)
10-25 18:44:31.420 19962 19962 W System.err: 	at android.app.servertransaction.TransactionExecutor.executeTransactionItems(TransactionExecutor.java:112)
10-25 18:44:31.420 19962 19962 W System.err: 	at android.app.servertransaction.TransactionExecutor.execute(TransactionExecutor.java:84)
10-25 18:44:31.420 19962 19962 W System.err: 	at android.app.ActivityThread$H.handleMessage(ActivityThread.java:2873)
10-25 18:44:31.420 19962 19962 W System.err: 	at android.os.Handler.dispatchMessage(Handler.java:107)
10-25 18:44:31.420 19962 19962 W System.err: 	at android.os.Looper.loopOnce(Looper.java:249)
10-25 18:44:31.420 19962 19962 W System.err: 	at android.os.Looper.loop(Looper.java:337)
10-25 18:44:31.420 19962 19962 W System.err: 	at android.app.ActivityThread.main(ActivityThread.java:9587)
10-25 18:44:31.420 19962 19962 W System.err: 	at java.lang.reflect.Method.invoke(Native Method)
10-25 18:44:31.420 19962 19962 W System.err: 	at com.android.internal.os.RuntimeInit$MethodAndArgsCaller.run(RuntimeInit.java:593)
10-25 18:44:31.420 19962 19962 W System.err: 	at com.android.internal.os.ZygoteInit.main(ZygoteInit.java:936)
10-25 18:44:31.420 19962 19962 W System.err: Caused by: java.lang.ClassNotFoundException: androidx.appcompat.app.AppCompatDelegateImplN
10-25 18:44:31.420 19962 19962 W System.err: 	... 18 more
10-25 18:44:31.422 19962 19962 I SkJpegCodec: [mId: 4] skia-debug SkJpegCodec::+SkJpegCodec
10-25 18:44:31.422 19962 19962 I SkJpegCodec: [mId: 4] skia-debug SkJpegCodec::ReadHeader: width = 2500, height = 2726, color = 10
10-25 18:44:31.422 19962 19962 I SkJpegCodec: [mId: 4] skia-debug SkJpegCodec::ReadHeader: progressive_mode = 1, streamType: SkStreamRewindable
10-25 18:44:31.422  2318  3691 I MiuiNetworkPolicy: updateUidState uid = 10241, uidState = 19
10-25 18:44:31.422  7756 14874 W ContextImpl: Calling a method in the system process without a qualified user: android.app.ContextImpl.startService:1939 android.content.ContextWrapper.startService:843 u2.b.f:39 u2.b$c.onForegroundInfoChanged:21 com.miui.gamebooster.mutiwindow.b$a.onForegroundInfoChanged:152 
10-25 18:44:31.423  2318  4468 I SettingsProvider: refresh rate settings changed, name:miui_refresh_rate,value:60,pkg:com.miui.powerkeeper
10-25 18:44:31.423  1736  1736 I qspmHal : enter getGpuProf at: 452480063
10-25 18:44:31.423  1736  1736 I qspmHal : gpuProfName:com.qq.reader-gpu - gpu prof_info.path:/data/vendor/gaming/com.qq.reader-gpu
10-25 18:44:31.424  1736  1736 I qspmHal : PID 19962 from GFX matched.
10-25 18:44:31.424  1736  1736 E qspmHal : GPU profile file NOT found !!
10-25 18:44:31.425 19962 22868 I AdrenoUtils: <ReadGpuID:357>: Reading chip ID through GSL
10-25 18:44:31.426  2318  4175 I PowerManagerServiceImpl: Partial wakeLock:[PARTIAL_WAKE_LOCK                 '*job*/com.android.vending/com.google.android.finsky.scheduler.process.mainimpl.PhoneskyJobServiceMain' ACQ=-1m8s934ms LONG (uid=1000 pid=2318 pkg=android ws=WorkSource{10124 com.android.vending})], disabled: true, procState: 0, reason: greeze
10-25 18:44:31.426  7756 14874 I BeautyService: onForegroundInfoChanged: Cur=com.qq.reader	 last=com.miui.home
10-25 18:44:31.429 19962 19962 I SkJpegCodec: [mId: 4] skia-debug SkJpegCodec::onGetPixels: dstRowBytes = 10000, 
10-25 18:44:31.429 19962 19962 I SkJpegCodec: dstInfo: SkImageInfo: {IsRGB = 1, ColorType = 4, AlphaType = 1, Dimensions.width = 2500, Dimensions.height = 2726};
10-25 18:44:31.435 19962 22866 I QrKvConfig: QrKvDBHelper.getDBFile() -> kvDBRootPath=/data/user/0/com.qq.reader/files/QrKvRootPath/, kvDBName=qr_kv_db_name_theme, path=/data/user/0/com.qq.reader/files/QrKvRootPath/qr_kv_db_name_theme.db
10-25 18:44:31.451 19962 19962 I JpegXmCodec:  skia-debug JpegXmCodec::isSupported returns false for progressive_mode
10-25 18:44:31.459  2318  4215 E HyperSentinel: -------------------------------------------------------
10-25 18:44:31.459  2318  4215 E HyperSentinel: Event_ResidentSize
10-25 18:44:31.459  2318  4215 E HyperSentinel: -> audit event by proc 19962 "<pre-initialized>": RSS increasement, peak 166092kb -> 249208kb
10-25 18:44:31.463  1656  7172 I MiStcImpl: Dispatching command: 3 PCC
10-25 18:44:31.464  2318  4218 W ActivityManager: pid 2318 system sent binder code 31101 with flags 0 to frozen apps and got error -74
10-25 18:44:31.464 19962 19962 I SkJpegCodec: [mId: 4] skia-debug SkJpegCodec::onGetPixels ends with rowsDecodec = 2726
10-25 18:44:31.464 19962 19962 I SkJpegCodec: [mId: 4] skia-debug onGetGainmapInfo returns false
10-25 18:44:31.468 19962 19962 W com.qq.reader: type=1400 audit(0.0:55215): avc:  denied  { ioctl } for  path=2F73746F726167652F656D756C617465642F302F416E64726F69642F646174612F636F6D2E71712E7265616465722F66696C65732F51515265616465722F726F6F6B6965676966742E6462202864656C6574656429 dev="fuse" ino=213328 ioctlcmd=0xf50c scontext=u:r:untrusted_app_30:s0:c192,c257,c512,c768 tcontext=u:object_r:fuse:s0 tclass=file permissive=0 app=com.qq.reader
10-25 18:44:31.474 19962 19962 I QrKvConfig: QrKvDBHelper.getDBFile() -> kvDBRootPath=/data/user/0/com.qq.reader/files/QrKvRootPath/, kvDBName=qr_default_kv_config, path=/data/user/0/com.qq.reader/files/QrKvRootPath/qr_default_kv_config.db
10-25 18:44:31.476 19962 19962 I QrKvConfig: QrKvDBHelper.getDBFile() -> kvDBRootPath=/data/user/0/com.qq.reader/files/QrKvRootPath/, kvDBName=qr_default_kv_config, path=/data/user/0/com.qq.reader/files/QrKvRootPath/qr_default_kv_config.db
10-25 18:44:31.476 19962 19962 I QrKvConfig: QrKvDBHelper.getDBFile() -> kvDBRootPath=/data/user/0/com.qq.reader/files/QrKvRootPath/, kvDBName=qr_default_kv_config, path=/data/user/0/com.qq.reader/files/QrKvRootPath/qr_default_kv_config.db
10-25 18:44:31.472 19962 19962 W com.qq.reader: type=1400 audit(0.0:55216): avc:  denied  { ioctl } for  path=2F73746F726167652F656D756C617465642F302F416E64726F69642F646174612F636F6D2E71712E7265616465722F66696C65732F51515265616465722F6164762E6462202864656C6574656429 dev="fuse" ino=149778 ioctlcmd=0xf50c scontext=u:r:untrusted_app_30:s0:c192,c257,c512,c768 tcontext=u:object_r:fuse:s0 tclass=file permissive=0 app=com.qq.reader
10-25 18:44:31.479 19962 22874 I ContentCatcher: ViewContentFetcher : ViewContentFetcher
10-25 18:44:31.479 19962 19962 W System.err: java.lang.NoClassDefFoundError: Failed resolution of: Landroidx/appcompat/app/AppCompatDelegateImplN;
10-25 18:44:31.479 19962 19962 W System.err: 	at java.lang.Class.newInstance(Native Method)
10-25 18:44:31.479 19962 19962 W System.err: 	at android.app.AppComponentFactory.instantiateActivity(AppComponentFactory.java:95)
10-25 18:44:31.480 19962 19962 W System.err: 	at androidx.core.app.CoreComponentFactory.instantiateActivity(Unknown Source:0)
10-25 18:44:31.480 19962 19962 W System.err: 	at android.app.Instrumentation.newActivity(Instrumentation.java:1457)
10-25 18:44:31.480 19962 19962 W System.err: 	at android.app.ActivityThread.performLaunchActivity(ActivityThread.java:4300)
10-25 18:44:31.480 19962 19962 W System.err: 	at android.app.ActivityThread.handleLaunchActivity(ActivityThread.java:4631)
10-25 18:44:31.480 19962 19962 W System.err: 	at android.app.servertransaction.LaunchActivityItem.execute(LaunchActivityItem.java:112)
10-25 18:44:31.480 19962 19962 W System.err: 	at android.app.servertransaction.TransactionExecutor.executeNonLifecycleItem(TransactionExecutor.java:186)
10-25 18:44:31.480 19962 19962 W System.err: 	at android.app.servertransaction.TransactionExecutor.executeTransactionItems(TransactionExecutor.java:112)
10-25 18:44:31.480 19962 19962 W System.err: 	at android.app.servertransaction.TransactionExecutor.execute(TransactionExecutor.java:84)
10-25 18:44:31.480 19962 19962 W System.err: 	at android.app.ActivityThread$H.handleMessage(ActivityThread.java:2873)
10-25 18:44:31.480 19962 19962 W System.err: 	at android.os.Handler.dispatchMessage(Handler.java:107)
10-25 18:44:31.480 19962 19962 W System.err: 	at android.os.Looper.loopOnce(Looper.java:249)
10-25 18:44:31.480 19962 19962 W System.err: 	at android.os.Looper.loop(Looper.java:337)
10-25 18:44:31.480 19962 19962 W System.err: 	at android.app.ActivityThread.main(ActivityThread.java:9587)
10-25 18:44:31.480 19962 19962 W System.err: 	at java.lang.reflect.Method.invoke(Native Method)
10-25 18:44:31.480 19962 19962 W System.err: 	at com.android.internal.os.RuntimeInit$MethodAndArgsCaller.run(RuntimeInit.java:593)
10-25 18:44:31.480 19962 19962 W System.err: 	at com.android.internal.os.ZygoteInit.main(ZygoteInit.java:936)
10-25 18:44:31.480 19962 19962 W System.err: Caused by: java.lang.ClassNotFoundException: androidx.appcompat.app.AppCompatDelegateImplN
10-25 18:44:31.480 19962 19962 W System.err: 	... 18 more
10-25 18:44:31.480 19962 22874 E ContentCatcherManager: failed to get ContentCatcherService.
10-25 18:44:31.480 19962 22874 E ContentCatcherManager: failed to get ContentCatcherService.
10-25 18:44:31.483 19962 19962 W System.err: java.lang.NoClassDefFoundError: Failed resolution of: Landroidx/appcompat/app/AppCompatDelegateImplN;
10-25 18:44:31.483 19962 19962 W System.err: 	at java.lang.Class.newInstance(Native Method)
10-25 18:44:31.483 19962 19962 W System.err: 	at android.app.AppComponentFactory.instantiateActivity(AppComponentFactory.java:95)
10-25 18:44:31.483 19962 19962 W System.err: 	at androidx.core.app.CoreComponentFactory.instantiateActivity(Unknown Source:0)
10-25 18:44:31.483 19962 19962 W System.err: 	at android.app.Instrumentation.newActivity(Instrumentation.java:1457)
10-25 18:44:31.483 19962 19962 W System.err: 	at android.app.ActivityThread.performLaunchActivity(ActivityThread.java:4300)
10-25 18:44:31.483 19962 19962 W System.err: 	at android.app.ActivityThread.handleLaunchActivity(ActivityThread.java:4631)
10-25 18:44:31.483 19962 19962 W System.err: 	at android.app.servertransaction.LaunchActivityItem.execute(LaunchActivityItem.java:112)
10-25 18:44:31.483 19962 19962 W System.err: 	at android.app.servertransaction.TransactionExecutor.executeNonLifecycleItem(TransactionExecutor.java:186)
10-25 18:44:31.483 19962 19962 W System.err: 	at android.app.servertransaction.TransactionExecutor.executeTransactionItems(TransactionExecutor.java:112)
10-25 18:44:31.483 19962 19962 W System.err: 	at android.app.servertransaction.TransactionExecutor.execute(TransactionExecutor.java:84)
10-25 18:44:31.483 19962 19962 W System.err: 	at android.app.ActivityThread$H.handleMessage(ActivityThread.java:2873)
10-25 18:44:31.483 19962 19962 W System.err: 	at android.os.Handler.dispatchMessage(Handler.java:107)
10-25 18:44:31.483 19962 19962 W System.err: 	at android.os.Looper.loopOnce(Looper.java:249)
10-25 18:44:31.483 19962 19962 W System.err: 	at android.os.Looper.loop(Looper.java:337)
10-25 18:44:31.483 19962 19962 W System.err: 	at android.app.ActivityThread.main(ActivityThread.java:9587)
10-25 18:44:31.483 19962 19962 W System.err: 	at java.lang.reflect.Method.invoke(Native Method)
10-25 18:44:31.483 19962 19962 W System.err: 	at com.android.internal.os.RuntimeInit$MethodAndArgsCaller.run(RuntimeInit.java:593)
10-25 18:44:31.483 19962 19962 W System.err: 	at com.android.internal.os.ZygoteInit.main(ZygoteInit.java:936)
10-25 18:44:31.483 19962 19962 W System.err: Caused by: java.lang.ClassNotFoundException: androidx.appcompat.app.AppCompatDelegateImplN
10-25 18:44:31.483 19962 19962 W System.err: 	... 18 more
10-25 18:44:31.483 19962 19962 W System.err: java.lang.NoClassDefFoundError: Failed resolution of: Landroidx/appcompat/app/AppCompatDelegateImplN;
10-25 18:44:31.483 19962 19962 W System.err: 	at java.lang.Class.newInstance(Native Method)
10-25 18:44:31.483 19962 19962 W System.err: 	at android.app.AppComponentFactory.instantiateActivity(AppComponentFactory.java:95)
10-25 18:44:31.483 19962 19962 W System.err: 	at androidx.core.app.CoreComponentFactory.instantiateActivity(Unknown Source:0)
10-25 18:44:31.483 19962 19962 W System.err: 	at android.app.Instrumentation.newActivity(Instrumentation.java:1457)
10-25 18:44:31.483 19962 19962 W System.err: 	at android.app.ActivityThread.performLaunchActivity(ActivityThread.java:4300)
10-25 18:44:31.483 19962 19962 W System.err: 	at android.app.ActivityThread.handleLaunchActivity(ActivityThread.java:4631)
10-25 18:44:31.483 19962 19962 W System.err: 	at android.app.servertransaction.LaunchActivityItem.execute(LaunchActivityItem.java:112)
10-25 18:44:31.483 19962 19962 W System.err: 	at android.app.servertransaction.TransactionExecutor.executeNonLifecycleItem(TransactionExecutor.java:186)
10-25 18:44:31.483 19962 19962 W System.err: 	at android.app.servertransaction.TransactionExecutor.executeTransactionItems(TransactionExecutor.java:112)
10-25 18:44:31.483 19962 19962 W System.err: 	at android.app.servertransaction.TransactionExecutor.execute(TransactionExecutor.java:84)
10-25 18:44:31.483 19962 19962 W System.err: 	at android.app.ActivityThread$H.handleMessage(ActivityThread.java:2873)
10-25 18:44:31.483 19962 19962 W System.err: 	at android.os.Handler.dispatchMessage(Handler.java:107)
10-25 18:44:31.483 19962 19962 W System.err: 	at android.os.Looper.loopOnce(Looper.java:249)
10-25 18:44:31.483 19962 19962 W System.err: 	at android.os.Looper.loop(Looper.java:337)
10-25 18:44:31.483 19962 19962 W System.err: 	at android.app.ActivityThread.main(ActivityThread.java:9587)
10-25 18:44:31.483 19962 19962 W System.err: 	at java.lang.reflect.Method.invoke(Native Method)
10-25 18:44:31.483 19962 19962 W System.err: 	at com.android.internal.os.RuntimeInit$MethodAndArgsCaller.run(RuntimeInit.java:593)
10-25 18:44:31.483 19962 19962 W System.err: 	at com.android.internal.os.ZygoteInit.main(ZygoteInit.java:936)
10-25 18:44:31.483 19962 19962 W System.err: Caused by: java.lang.ClassNotFoundException: androidx.appcompat.app.AppCompatDelegateImplN
10-25 18:44:31.483 19962 19962 W System.err: 	... 18 more
10-25 18:44:31.483 19962 19962 W System.err: java.lang.NoClassDefFoundError: Failed resolution of: Landroidx/appcompat/app/AppCompatDelegateImplN;
10-25 18:44:31.483 19962 19962 W System.err: 	at java.lang.Class.newInstance(Native Method)
10-25 18:44:31.483 19962 19962 W System.err: 	at android.app.AppComponentFactory.instantiateActivity(AppComponentFactory.java:95)
10-25 18:44:31.483 19962 19962 W System.err: 	at androidx.core.app.CoreComponentFactory.instantiateActivity(Unknown Source:0)
10-25 18:44:31.483 19962 19962 W System.err: 	at android.app.Instrumentation.newActivity(Instrumentation.java:1457)
10-25 18:44:31.483 19962 19962 W System.err: 	at android.app.ActivityThread.performLaunchActivity(ActivityThread.java:4300)
10-25 18:44:31.483 19962 19962 W System.err: 	at android.app.ActivityThread.handleLaunchActivity(ActivityThread.java:4631)
10-25 18:44:31.483 19962 19962 W System.err: 	at android.app.servertransaction.LaunchActivityItem.execute(LaunchActivityItem.java:112)
10-25 18:44:31.483 19962 19962 W System.err: 	at android.app.servertransaction.TransactionExecutor.executeNonLifecycleItem(TransactionExecutor.java:186)
10-25 18:44:31.483 19962 19962 W System.err: 	at android.app.servertransaction.TransactionExecutor.executeTransactionItems(TransactionExecutor.java:112)
10-25 18:44:31.483 19962 19962 W System.err: 	at android.app.servertransaction.TransactionExecutor.execute(TransactionExecutor.java:84)
10-25 18:44:31.483 19962 19962 W System.err: 	at android.app.ActivityThread$H.handleMessage(ActivityThread.java:2873)
10-25 18:44:31.483 19962 19962 W System.err: 	at android.os.Handler.dispatchMessage(Handler.java:107)
10-25 18:44:31.483 19962 19962 W System.err: 	at android.os.Looper.loopOnce(Looper.java:249)
10-25 18:44:31.483 19962 19962 W System.err: 	at android.os.Looper.loop(Looper.java:337)
10-25 18:44:31.483 19962 19962 W System.err: 	at android.app.ActivityThread.main(ActivityThread.java:9587)
10-25 18:44:31.483 19962 19962 W System.err: 	at java.lang.reflect.Method.invoke(Native Method)
10-25 18:44:31.483 19962 19962 W System.err: 	at com.android.internal.os.RuntimeInit$MethodAndArgsCaller.run(RuntimeInit.java:593)
10-25 18:44:31.483 19962 19962 W System.err: 	at com.android.internal.os.ZygoteInit.main(ZygoteInit.java:936)
10-25 18:44:31.483 19962 19962 W System.err: Caused by: java.lang.ClassNotFoundException: androidx.appcompat.app.AppCompatDelegateImplN
10-25 18:44:31.483 19962 19962 W System.err: 	... 18 more
10-25 18:44:31.483 19962 19962 W System.err: java.lang.NoClassDefFoundError: Failed resolution of: Landroidx/appcompat/app/AppCompatDelegateImplN;
10-25 18:44:31.483 19962 19962 W System.err: 	at java.lang.Class.newInstance(Native Method)
10-25 18:44:31.483 19962 19962 W System.err: 	at android.app.AppComponentFactory.instantiateActivity(AppComponentFactory.java:95)
10-25 18:44:31.483 19962 19962 W System.err: 	at androidx.core.app.CoreComponentFactory.instantiateActivity(Unknown Source:0)
10-25 18:44:31.483 19962 19962 W System.err: 	at android.app.Instrumentation.newActivity(Instrumentation.java:1457)
10-25 18:44:31.483 19962 19962 W System.err: 	at android.app.ActivityThread.performLaunchActivity(ActivityThread.java:4300)
10-25 18:44:31.483 19962 19962 W System.err: 	at android.app.ActivityThread.handleLaunchActivity(ActivityThread.java:4631)
10-25 18:44:31.483 19962 19962 W System.err: 	at android.app.servertransaction.LaunchActivityItem.execute(LaunchActivityItem.java:112)
10-25 18:44:31.483 19962 19962 W System.err: 	at android.app.servertransaction.TransactionExecutor.executeNonLifecycleItem(TransactionExecutor.java:186)
10-25 18:44:31.483 19962 19962 W System.err: 	at android.app.servertransaction.TransactionExecutor.executeTransactionItems(TransactionExecutor.java:112)
10-25 18:44:31.483 19962 19962 W System.err: 	at android.app.servertransaction.TransactionExecutor.execute(TransactionExecutor.java:84)
10-25 18:44:31.483 19962 19962 W System.err: 	at android.app.ActivityThread$H.handleMessage(ActivityThread.java:2873)
10-25 18:44:31.483 19962 19962 W System.err: 	at android.os.Handler.dispatchMessage(Handler.java:107)
10-25 18:44:31.483 19962 19962 W System.err: 	at android.os.Looper.loopOnce(Looper.java:249)
10-25 18:44:31.483 19962 19962 W System.err: 	at android.os.Looper.loop(Looper.java:337)
10-25 18:44:31.483 19962 19962 W System.err: 	at android.app.ActivityThread.main(ActivityThread.java:9587)
10-25 18:44:31.483 19962 19962 W System.err: 	at java.lang.reflect.Method.invoke(Native Method)
10-25 18:44:31.483 19962 19962 W System.err: 	at com.android.internal.os.RuntimeInit$MethodAndArgsCaller.run(RuntimeInit.java:593)
10-25 18:44:31.483 19962 19962 W System.err: 	at com.android.internal.os.ZygoteInit.main(ZygoteInit.java:936)
10-25 18:44:31.483 19962 19962 W System.err: Caused by: java.lang.ClassNotFoundException: androidx.appcompat.app.AppCompatDelegateImplN
10-25 18:44:31.483 19962 19962 W System.err: 	... 18 more
10-25 18:44:31.483 19962 19962 W System.err: java.lang.NoClassDefFoundError: Failed resolution of: Landroidx/appcompat/app/AppCompatDelegateImplN;
10-25 18:44:31.483 19962 19962 W System.err: 	at java.lang.Class.newInstance(Native Method)
10-25 18:44:31.483 19962 19962 W System.err: 	at android.app.AppComponentFactory.instantiateActivity(AppComponentFactory.java:95)
10-25 18:44:31.483 19962 19962 W System.err: 	at androidx.core.app.CoreComponentFactory.instantiateActivity(Unknown Source:0)
10-25 18:44:31.483 19962 19962 W System.err: 	at android.app.Instrumentation.newActivity(Instrumentation.java:1457)
10-25 18:44:31.483 19962 19962 W System.err: 	at android.app.ActivityThread.performLaunchActivity(ActivityThread.java:4300)
10-25 18:44:31.483 19962 19962 W System.err: 	at android.app.ActivityThread.handleLaunchActivity(ActivityThread.java:4631)
10-25 18:44:31.483 19962 19962 W System.err: 	at android.app.servertransaction.LaunchActivityItem.execute(LaunchActivityItem.java:112)
10-25 18:44:31.483 19962 19962 W System.err: 	at android.app.servertransaction.TransactionExecutor.executeNonLifecycleItem(TransactionExecutor.java:186)
10-25 18:44:31.483 19962 19962 W System.err: 	at android.app.servertransaction.TransactionExecutor.executeTransactionItems(TransactionExecutor.java:112)
10-25 18:44:31.483 19962 19962 W System.err: 	at android.app.servertransaction.TransactionExecutor.execute(TransactionExecutor.java:84)
10-25 18:44:31.483 19962 19962 W System.err: 	at android.app.ActivityThread$H.handleMessage(ActivityThread.java:2873)
10-25 18:44:31.483 19962 19962 W System.err: 	at android.os.Handler.dispatchMessage(Handler.java:107)
10-25 18:44:31.483 19962 19962 W System.err: 	at android.os.Looper.loopOnce(Looper.java:249)
10-25 18:44:31.483 19962 19962 W System.err: 	at android.os.Looper.loop(Looper.java:337)
10-25 18:44:31.483 19962 19962 W System.err: 	at android.app.ActivityThread.main(ActivityThread.java:9587)
10-25 18:44:31.483 19962 19962 W System.err: 	at java.lang.reflect.Method.invoke(Native Method)
10-25 18:44:31.483 19962 19962 W System.err: 	at com.android.internal.os.RuntimeInit$MethodAndArgsCaller.run(RuntimeInit.java:593)
10-25 18:44:31.483 19962 19962 W System.err: 	at com.android.internal.os.ZygoteInit.main(ZygoteInit.java:936)
10-25 18:44:31.483 19962 19962 W System.err: Caused by: java.lang.ClassNotFoundException: androidx.appcompat.app.AppCompatDelegateImplN
10-25 18:44:31.483 19962 19962 W System.err: 	... 18 more
10-25 18:44:31.483 19962 19962 W System.err: java.lang.NoClassDefFoundError: Failed resolution of: Landroidx/appcompat/app/AppCompatDelegateImplN;
10-25 18:44:31.483 19962 19962 W System.err: 	at java.lang.Class.newInstance(Native Method)
10-25 18:44:31.483 19962 19962 W System.err: 	at android.app.AppComponentFactory.instantiateActivity(AppComponentFactory.java:95)
10-25 18:44:31.483 19962 19962 W System.err: 	at androidx.core.app.CoreComponentFactory.instantiateActivity(Unknown Source:0)
10-25 18:44:31.483 19962 19962 W System.err: 	at android.app.Instrumentation.newActivity(Instrumentation.java:1457)
10-25 18:44:31.483 19962 19962 W System.err: 	at android.app.ActivityThread.performLaunchActivity(ActivityThread.java:4300)
10-25 18:44:31.483 19962 19962 W System.err: 	at android.app.ActivityThread.handleLaunchActivity(ActivityThread.java:4631)
10-25 18:44:31.483 19962 19962 W System.err: 	at android.app.servertransaction.LaunchActivityItem.execute(LaunchActivityItem.java:112)
10-25 18:44:31.483 19962 19962 W System.err: 	at android.app.servertransaction.TransactionExecutor.executeNonLifecycleItem(TransactionExecutor.java:186)
10-25 18:44:31.483 19962 19962 W System.err: 	at android.app.servertransaction.TransactionExecutor.executeTransactionItems(TransactionExecutor.java:112)
10-25 18:44:31.483 19962 19962 W System.err: 	at android.app.servertransaction.TransactionExecutor.execute(TransactionExecutor.java:84)
10-25 18:44:31.483 19962 19962 W System.err: 	at android.app.ActivityThread$H.handleMessage(ActivityThread.java:2873)
10-25 18:44:31.483 19962 19962 W System.err: 	at android.os.Handler.dispatchMessage(Handler.java:107)
10-25 18:44:31.483 19962 19962 W System.err: 	at android.os.Looper.loopOnce(Looper.java:249)
10-25 18:44:31.483 19962 19962 W System.err: 	at android.os.Looper.loop(Looper.java:337)
10-25 18:44:31.483 19962 19962 W System.err: 	at android.app.ActivityThread.main(ActivityThread.java:9587)
10-25 18:44:31.483 19962 19962 W System.err: 	at java.lang.reflect.Method.invoke(Native Method)
10-25 18:44:31.483 19962 19962 W System.err: 	at com.android.internal.os.RuntimeInit$MethodAndArgsCaller.run(RuntimeInit.java:593)
10-25 18:44:31.483 19962 19962 W System.err: 	at com.android.internal.os.ZygoteInit.main(ZygoteInit.java:936)
10-25 18:44:31.483 19962 19962 W System.err: Caused by: java.lang.ClassNotFoundException: androidx.appcompat.app.AppCompatDelegateImplN
10-25 18:44:31.483 19962 19962 W System.err: 	... 18 more
10-25 18:44:31.484 19962 19962 W com.qq.reader: type=1400 audit(0.0:55217): avc:  denied  { read } for  name="u:object_r:vendor_displayfeature_prop:s0" dev="tmpfs" ino=479 scontext=u:r:untrusted_app_30:s0:c192,c257,c512,c768 tcontext=u:object_r:vendor_displayfeature_prop:s0 tclass=file permissive=0 app=com.qq.reader
10-25 18:44:31.486 19962 19962 W libc    : Access denied finding property "ro.vendor.df.effect.conflict"
10-25 18:44:31.487 19962 19962 W libc    : Access denied finding property "ro.vendor.mi_sf.new_dynamic_refresh_rate"
10-25 18:44:31.484 19962 19962 W com.qq.reader: type=1400 audit(0.0:55218): avc:  denied  { read } for  name="u:object_r:vendor_displayfeature_prop:s0" dev="tmpfs" ino=479 scontext=u:r:untrusted_app_30:s0:c192,c257,c512,c768 tcontext=u:object_r:vendor_displayfeature_prop:s0 tclass=file permissive=0 app=com.qq.reader
10-25 18:44:31.491 19962 19962 W System.err: java.lang.NoClassDefFoundError: Failed resolution of: Landroidx/appcompat/app/AppCompatDelegateImplN;
10-25 18:44:31.491 19962 19962 W System.err: 	at java.lang.Class.newInstance(Native Method)
10-25 18:44:31.491 19962 19962 W System.err: 	at android.app.AppComponentFactory.instantiateActivity(AppComponentFactory.java:95)
10-25 18:44:31.491 19962 19962 W System.err: 	at androidx.core.app.CoreComponentFactory.instantiateActivity(Unknown Source:0)
10-25 18:44:31.491 19962 19962 W System.err: 	at android.app.Instrumentation.newActivity(Instrumentation.java:1457)
10-25 18:44:31.491 19962 19962 W System.err: 	at android.app.ActivityThread.performLaunchActivity(ActivityThread.java:4300)
10-25 18:44:31.491 19962 19962 W System.err: 	at android.app.ActivityThread.handleLaunchActivity(ActivityThread.java:4631)
10-25 18:44:31.491 19962 19962 W System.err: 	at android.app.servertransaction.LaunchActivityItem.execute(LaunchActivityItem.java:112)
10-25 18:44:31.491 19962 19962 W System.err: 	at android.app.servertransaction.TransactionExecutor.executeNonLifecycleItem(TransactionExecutor.java:186)
10-25 18:44:31.491 19962 19962 W System.err: 	at android.app.servertransaction.TransactionExecutor.executeTransactionItems(TransactionExecutor.java:112)
10-25 18:44:31.491 19962 19962 W System.err: 	at android.app.servertransaction.TransactionExecutor.execute(TransactionExecutor.java:84)
10-25 18:44:31.491 19962 19962 W System.err: 	at android.app.ActivityThread$H.handleMessage(ActivityThread.java:2873)
10-25 18:44:31.491 19962 19962 W System.err: 	at android.os.Handler.dispatchMessage(Handler.java:107)
10-25 18:44:31.491 19962 19962 W System.err: 	at android.os.Looper.loopOnce(Looper.java:249)
10-25 18:44:31.491 19962 19962 W System.err: 	at android.os.Looper.loop(Looper.java:337)
10-25 18:44:31.491 19962 19962 W System.err: 	at android.app.ActivityThread.main(ActivityThread.java:9587)
10-25 18:44:31.491 19962 22876 I YWAD.AdDBHandler: adPosition = 37
10-25 18:44:31.491 19962 19962 W System.err: 	at java.lang.reflect.Method.invoke(Native Method)
10-25 18:44:31.491 19962 19962 W System.err: 	at com.android.internal.os.RuntimeInit$MethodAndArgsCaller.run(RuntimeInit.java:593)
10-25 18:44:31.491 19962 19962 W System.err: 	at com.android.internal.os.ZygoteInit.main(ZygoteInit.java:936)
10-25 18:44:31.491 19962 19962 W System.err: Caused by: java.lang.ClassNotFoundException: androidx.appcompat.app.AppCompatDelegateImplN
10-25 18:44:31.491 19962 19962 W System.err: 	... 18 more
10-25 18:44:31.491 19962 19962 W System.err: java.lang.NoClassDefFoundError: Failed resolution of: Landroidx/appcompat/app/AppCompatDelegateImplN;
10-25 18:44:31.491 19962 19962 W System.err: 	at java.lang.Class.newInstance(Native Method)
10-25 18:44:31.491 19962 19962 W System.err: 	at android.app.AppComponentFactory.instantiateActivity(AppComponentFactory.java:95)
10-25 18:44:31.491 19962 19962 W System.err: 	at androidx.core.app.CoreComponentFactory.instantiateActivity(Unknown Source:0)
10-25 18:44:31.491 19962 19962 W System.err: 	at android.app.Instrumentation.newActivity(Instrumentation.java:1457)
10-25 18:44:31.491 19962 19962 W System.err: 	at android.app.ActivityThread.performLaunchActivity(ActivityThread.java:4300)
10-25 18:44:31.491 19962 19962 W System.err: 	at android.app.ActivityThread.handleLaunchActivity(ActivityThread.java:4631)
10-25 18:44:31.491 19962 19962 W System.err: 	at android.app.servertransaction.LaunchActivityItem.execute(LaunchActivityItem.java:112)
10-25 18:44:31.491 19962 19962 W System.err: 	at android.app.servertransaction.TransactionExecutor.executeNonLifecycleItem(TransactionExecutor.java:186)
10-25 18:44:31.491 19962 19962 W System.err: 	at android.app.servertransaction.TransactionExecutor.executeTransactionItems(TransactionExecutor.java:112)
10-25 18:44:31.491 19962 19962 W System.err: 	at android.app.servertransaction.TransactionExecutor.execute(TransactionExecutor.java:84)
10-25 18:44:31.491 19962 19962 W System.err: 	at android.app.ActivityThread$H.handleMessage(ActivityThread.java:2873)
10-25 18:44:31.492 19962 19962 W System.err: 	at android.os.Handler.dispatchMessage(Handler.java:107)
10-25 18:44:31.492 19962 19962 W System.err: 	at android.os.Looper.loopOnce(Looper.java:249)
10-25 18:44:31.492 19962 19962 W System.err: 	at android.os.Looper.loop(Looper.java:337)
10-25 18:44:31.492 19962 19962 W System.err: 	at android.app.ActivityThread.main(ActivityThread.java:9587)
10-25 18:44:31.492 19962 19962 W System.err: 	at java.lang.reflect.Method.invoke(Native Method)
10-25 18:44:31.492 19962 19962 W System.err: 	at com.android.internal.os.RuntimeInit$MethodAndArgsCaller.run(RuntimeInit.java:593)
10-25 18:44:31.492 19962 19962 W System.err: 	at com.android.internal.os.ZygoteInit.main(ZygoteInit.java:936)
10-25 18:44:31.492 19962 19962 W System.err: Caused by: java.lang.ClassNotFoundException: androidx.appcompat.app.AppCompatDelegateImplN
10-25 18:44:31.492 19962 19962 W System.err: 	... 18 more
10-25 18:44:31.492 19962 22876 I YWAD.AdDBHandler: createPositionTable() -> start
10-25 18:44:31.492 19962 22876 I YWAD.AdDBHandler: createPositionTable() -> success
10-25 18:44:31.494 19962 22876 I YWAD.AdDBHandler: positionBean = null
10-25 18:44:31.499 19962 19962 I MMKV    : <MMKV_IO.cpp:80::loadFromFile> loading [need_upload_time] with 0 actual size, file size 4096, InterProcess 1, meta info version:0
10-25 18:44:31.499 19962 19962 I MMKV    : <MMKV_IO.cpp:131::loadFromFile> loaded [need_upload_time] with 0 values
10-25 18:44:31.501 19962 19962 I QrKvConfig: QrKvDBHelper.getDBFile() -> kvDBRootPath=/data/user/0/com.qq.reader/files/QrKvRootPath/, kvDBName=qr_default_kv_config, path=/data/user/0/com.qq.reader/files/QrKvRootPath/qr_default_kv_config.db
10-25 18:44:31.501 19962 19962 I QrKvConfig: QrKvDBHelper.getDBFile() -> kvDBRootPath=/data/user/0/com.qq.reader/files/QrKvRootPath/, kvDBName=qr_default_kv_config, path=/data/user/0/com.qq.reader/files/QrKvRootPath/qr_default_kv_config.db
10-25 18:44:31.501 19962 19962 I QrKvConfig: QrKvDBHelper.getDBFile() -> kvDBRootPath=/data/user/0/com.qq.reader/files/QrKvRootPath/, kvDBName=qr_default_kv_config, path=/data/user/0/com.qq.reader/files/QrKvRootPath/qr_default_kv_config.db
10-25 18:44:31.506 19962 19962 W System.err: java.lang.NoClassDefFoundError: Failed resolution of: Landroidx/appcompat/app/AppCompatDelegateImplN;
10-25 18:44:31.506 19962 19962 W System.err: 	at java.lang.Class.newInstance(Native Method)
10-25 18:44:31.506 19962 19962 W System.err: 	at android.app.AppComponentFactory.instantiateActivity(AppComponentFactory.java:95)
10-25 18:44:31.506 19962 19962 W System.err: 	at androidx.core.app.CoreComponentFactory.instantiateActivity(Unknown Source:0)
10-25 18:44:31.506 19962 19962 W System.err: 	at android.app.Instrumentation.newActivity(Instrumentation.java:1457)
10-25 18:44:31.506 19962 19962 W System.err: 	at android.app.ActivityThread.performLaunchActivity(ActivityThread.java:4300)
10-25 18:44:31.506 19962 19962 W System.err: 	at android.app.ActivityThread.handleLaunchActivity(ActivityThread.java:4631)
10-25 18:44:31.506 19962 19962 W System.err: 	at android.app.servertransaction.LaunchActivityItem.execute(LaunchActivityItem.java:112)
10-25 18:44:31.506 19962 19962 W System.err: 	at android.app.servertransaction.TransactionExecutor.executeNonLifecycleItem(TransactionExecutor.java:186)
10-25 18:44:31.506 19962 19962 W System.err: 	at android.app.servertransaction.TransactionExecutor.executeTransactionItems(TransactionExecutor.java:112)
10-25 18:44:31.506 19962 19962 W System.err: 	at android.app.servertransaction.TransactionExecutor.execute(TransactionExecutor.java:84)
10-25 18:44:31.506 19962 19962 W System.err: 	at android.app.ActivityThread$H.handleMessage(ActivityThread.java:2873)
10-25 18:44:31.506 19962 19962 W System.err: 	at android.os.Handler.dispatchMessage(Handler.java:107)
10-25 18:44:31.506 19962 19962 W System.err: 	at android.os.Looper.loopOnce(Looper.java:249)
10-25 18:44:31.506 19962 19962 W System.err: 	at android.os.Looper.loop(Looper.java:337)
10-25 18:44:31.506 19962 19962 W System.err: 	at android.app.ActivityThread.main(ActivityThread.java:9587)
10-25 18:44:31.506 19962 19962 W System.err: 	at java.lang.reflect.Method.invoke(Native Method)
10-25 18:44:31.506 19962 19962 W System.err: 	at com.android.internal.os.RuntimeInit$MethodAndArgsCaller.run(RuntimeInit.java:593)
10-25 18:44:31.506 19962 19962 W System.err: 	at com.android.internal.os.ZygoteInit.main(ZygoteInit.java:936)
10-25 18:44:31.506 19962 19962 W System.err: Caused by: java.lang.ClassNotFoundException: androidx.appcompat.app.AppCompatDelegateImplN
10-25 18:44:31.506 19962 19962 W System.err: 	... 18 more
10-25 18:44:31.507 19962 19962 W System.err: java.lang.NoClassDefFoundError: Failed resolution of: Landroidx/appcompat/app/AppCompatDelegateImplN;
10-25 18:44:31.507 19962 19962 W System.err: 	at java.lang.Class.newInstance(Native Method)
10-25 18:44:31.507 19962 19962 W System.err: 	at android.app.AppComponentFactory.instantiateActivity(AppComponentFactory.java:95)
10-25 18:44:31.507 19962 19962 W System.err: 	at androidx.core.app.CoreComponentFactory.instantiateActivity(Unknown Source:0)
10-25 18:44:31.507 19962 19962 W System.err: 	at android.app.Instrumentation.newActivity(Instrumentation.java:1457)
10-25 18:44:31.507 19962 19962 W System.err: 	at android.app.ActivityThread.performLaunchActivity(ActivityThread.java:4300)
10-25 18:44:31.507 19962 19962 W System.err: 	at android.app.ActivityThread.handleLaunchActivity(ActivityThread.java:4631)
10-25 18:44:31.507 19962 19962 W System.err: 	at android.app.servertransaction.LaunchActivityItem.execute(LaunchActivityItem.java:112)
10-25 18:44:31.507 19962 19962 W System.err: 	at android.app.servertransaction.TransactionExecutor.executeNonLifecycleItem(TransactionExecutor.java:186)
10-25 18:44:31.507 19962 19962 W System.err: 	at android.app.servertransaction.TransactionExecutor.executeTransactionItems(TransactionExecutor.java:112)
10-25 18:44:31.507 19962 19962 W System.err: 	at android.app.servertransaction.TransactionExecutor.execute(TransactionExecutor.java:84)
10-25 18:44:31.507 19962 19962 W System.err: 	at android.app.ActivityThread$H.handleMessage(ActivityThread.java:2873)
10-25 18:44:31.507 19962 19962 W System.err: 	at android.os.Handler.dispatchMessage(Handler.java:107)
10-25 18:44:31.507 19962 19962 W System.err: 	at android.os.Looper.loopOnce(Looper.java:249)
10-25 18:44:31.507 19962 19962 W System.err: 	at android.os.Looper.loop(Looper.java:337)
10-25 18:44:31.507 19962 19962 W System.err: 	at android.app.ActivityThread.main(ActivityThread.java:9587)
10-25 18:44:31.507 19962 19962 W System.err: 	at java.lang.reflect.Method.invoke(Native Method)
10-25 18:44:31.507 19962 19962 W System.err: 	at com.android.internal.os.RuntimeInit$MethodAndArgsCaller.run(RuntimeInit.java:593)
10-25 18:44:31.507 19962 19962 W System.err: 	at com.android.internal.os.ZygoteInit.main(ZygoteInit.java:936)
10-25 18:44:31.507 19962 19962 W System.err: Caused by: java.lang.ClassNotFoundException: androidx.appcompat.app.AppCompatDelegateImplN
10-25 18:44:31.507 19962 19962 W System.err: 	... 18 more
10-25 18:44:31.507 19962 19962 W System.err: java.lang.NoClassDefFoundError: Failed resolution of: Landroidx/appcompat/app/AppCompatDelegateImplN;
10-25 18:44:31.507 19962 19962 W System.err: 	at java.lang.Class.newInstance(Native Method)
10-25 18:44:31.507 19962 19962 W System.err: 	at android.app.AppComponentFactory.instantiateActivity(AppComponentFactory.java:95)
10-25 18:44:31.507 19962 19962 W System.err: 	at androidx.core.app.CoreComponentFactory.instantiateActivity(Unknown Source:0)
10-25 18:44:31.507 19962 19962 W System.err: 	at android.app.Instrumentation.newActivity(Instrumentation.java:1457)
10-25 18:44:31.507 19962 19962 W System.err: 	at android.app.ActivityThread.performLaunchActivity(ActivityThread.java:4300)
10-25 18:44:31.507 19962 19962 W System.err: 	at android.app.ActivityThread.handleLaunchActivity(ActivityThread.java:4631)
10-25 18:44:31.507 19962 19962 W System.err: 	at android.app.servertransaction.LaunchActivityItem.execute(LaunchActivityItem.java:112)
10-25 18:44:31.507 19962 19962 W System.err: 	at android.app.servertransaction.TransactionExecutor.executeNonLifecycleItem(TransactionExecutor.java:186)
10-25 18:44:31.507 19962 19962 W System.err: 	at android.app.servertransaction.TransactionExecutor.executeTransactionItems(TransactionExecutor.java:112)
10-25 18:44:31.507 19962 19962 W System.err: 	at android.app.servertransaction.TransactionExecutor.execute(TransactionExecutor.java:84)
10-25 18:44:31.507 19962 19962 W System.err: 	at android.app.ActivityThread$H.handleMessage(ActivityThread.java:2873)
10-25 18:44:31.507 19962 19962 W System.err: 	at android.os.Handler.dispatchMessage(Handler.java:107)
