10-25 18:44:30.783 19962 19962 I JavaheapMonitor: Java heap monitor start.
10-25 18:44:30.784  2318  3691 I MiuiNetworkPolicy: updateUidState uid = 10448, uidState = 2
10-25 18:44:30.784  2318  3691 I MiuiNetworkPolicy: updateWmmForUidState uid: 10448 state: 2 wmm: 2
10-25 18:44:30.785 13559 17161 I Market-RetrofitRequest: callStart : https://app.market.xiaomi.com/apm/statistics/appactive
10-25 18:44:30.786  2318  3691 I MiuiNetworkPolicyTrafficLimit: updateWhiteListUidForMobileTraffic uid=10448,add=true
10-25 18:44:30.787 13559 17161 I Market-RetrofitRequest: HeaderInterceptor : https://app.market.xiaomi.com/apm/statistics/appactive
10-25 18:44:30.789  2318  4476 I MultiSenceManagerInternalStub: getInstance
10-25 18:44:30.789  2318  5443 I ActivityManager: Cancel FGS notification userId: 0 definingUid: 10167 packageName: com.xiaomi.market processName:com.xiaomi.market ChannelId:com.xiaomi.market_hide foregroundNotiWhen:1761389070753 Notiflags:72
10-25 18:44:30.789  2318  5443 W ForegroundServiceTypeLoggerModule: FGS stop call for: 10167 has no types!
10-25 18:44:30.791  1688  1688 I vendor.qti.hardware.servicetrackeraidl-service: destroyService is called for service : com.xiaomi.market/.service.AppActiveStatService
10-25 18:44:30.791 13559 13559 I Market-ServiceUtils: stop foreground service: AppActiveStatService
10-25 18:44:30.791  4692  4975 W libc    : Access denied finding property "vendor.gpp.create_frc_extension"
10-25 18:44:30.793 19962 19962 I Perf    : Connecting to perf service.
10-25 18:44:30.795  2318  2318 I NotificationService: Cancel FGS notification CallingUid: 10167 CallingPid: 13559 Pkg: com.xiaomi.market Id:61745365 Tag:null UserId:0 MustHaveFlags:0 MustNotHaveFlags:0 Reason:8 foregroundNotiWhen:1761389070753 foregroundNotiFlags:72 foregroundNotiChannelId:com.xiaomi.market_hide
10-25 18:44:30.796  2318  5450 I ClipboardServiceI: checkProviderWakePathForClipboard: primaryClip is null
10-25 18:44:30.795  4692  5047 W qdgralloc: getInterlacedFlag: getMetaData returned 3, defaulting to interlaced_flag = 0
10-25 18:44:30.796 10332 10442 E VA_AppStateWatcher: handleMessage: return!
10-25 18:44:30.798  1824  8475 I NxpNciR : len =  13 > 6F360A190200A602000000000C
10-25 18:44:30.798  2318  3691 I MiuiNetworkPolicy: updateUidState uid = 10261, uidState = 10
10-25 18:44:30.798  2318  3691 I MiuiNetworkPolicyTrafficLimit: updateWhiteListUidForMobileTraffic uid=10261,add=false
10-25 18:44:30.798  2318  3691 I MiuiNetworkPolicy: updateUidState uid = 10203, uidState = 6
10-25 18:44:30.798  2318  3691 I MiuiNetworkPolicy: updateUidState uid = 10167, uidState = 10
10-25 18:44:30.798  2318  3691 I MiuiNetworkPolicyTrafficLimit: updateWhiteListUidForMobileTraffic uid=10167,add=false
10-25 18:44:30.798  2318  3691 I MiuiNetworkPolicy: updateUidState uid = 10158, uidState = 10
10-25 18:44:30.798  4692  4975 I Choreographer: first vsync insert message into MessageQueue Head
10-25 18:44:30.800 19962 22801 I ActivityThread: TrafficStats init done
10-25 18:44:30.800  2318  3691 I MiuiNetworkPolicyTrafficLimit: updateWhiteListUidForMobileTraffic uid=10158,add=false
10-25 18:44:30.801  2318  3691 I MiuiNetworkPolicy: updateUidState uid = 10261, uidState = 19
10-25 18:44:30.801  2318  3691 I MiuiNetworkPolicy: updateUidState uid = 10167, uidState = 19
10-25 18:44:30.801  2318  3691 I MiuiNetworkPolicy: updateUidState uid = 10158, uidState = 19
10-25 18:44:30.802 19962 22801 I ForceDarkHelperStubImpl: initialize for com.qq.reader , ForceDarkOrigin
10-25 18:44:30.803 13559 17161 I Market-RetrofitRequest: dnsStart : https://app.market.xiaomi.com/apm/statistics/appactive
10-25 18:44:30.804 13559 17161 I Market-HttpDns: HttpDns hostname app.market.xiaomi.com address : [app.market.xiaomi.com/124.251.101.62, app.market.xiaomi.com/101.126.91.123, app.market.xiaomi.com/2406:d440:106:5700:1117:9e8e:1ac:de9c, app.market.xiaomi.com/2403:a200:a200:14f1::1f]
10-25 18:44:30.804 13559 17161 I Market-RetrofitRequest: dnsEnd : https://app.market.xiaomi.com/apm/statistics/appactive
10-25 18:44:30.804 13559 17161 I Market-LimitSpeedManager: startLimitSpeedNow() ====== speed = 32768
10-25 18:44:30.806  2318  2439 I WindowManager: wms.showSurfaceRobustly mWin:Window{eaf134e u0 Splash Screen com.qq.reader}
10-25 18:44:30.809 13559 17161 I Market-DownloadLimitSpeedManager: startLimitSpeed success. Total count 1
10-25 18:44:30.810 13559 17161 I Market-RetrofitRequest: HeaderInterceptor : https://app.market.xiaomi.com/apm/statistics/appactive
10-25 18:44:30.812  1656  7172 I MiStcImpl: Dispatching command: 3 PCC
10-25 18:44:30.813  2318  4218 W ActivityManager: pid 2318 system sent binder code 31101 with flags 0 to frozen apps and got error -74
10-25 18:44:30.814  2318  4215 E HyperSentinel: -------------------------------------------------------
10-25 18:44:30.815  2318  4215 E HyperSentinel: Event_ResidentSize
10-25 18:44:30.815  2318  4215 E HyperSentinel: -> audit event by proc 19962 "<pre-initialized>": RSS increasement, peak 72908kb -> 110692kb
10-25 18:44:30.831  1656  1656 I MiClstc : DropLayers erase layer 545
10-25 18:44:30.831  1656  1656 I MiClstc : DropLayers erase layer 549
10-25 18:44:30.831  1656  1656 I MiClstc : DropLayers erase layer 552
10-25 18:44:30.831  1656  1656 I MiClstc : DropLayers erase layer 553
10-25 18:44:30.833  7756  9618 I SCTaskStackListener: onTaskStackChanged! inSplit = false
10-25 18:44:30.834  7756 22495 I SCTaskStackListener: onTaskStackChanged! inSplit = false
10-25 18:44:30.835  4299  5154 W RecentsModel: getRunningTask   taskInfo=TaskInfo{userId=0 taskId=33 displayId=0 isRunning=true baseIntent=Intent { act=android.intent.action.MAIN cat=[android.intent.category.LAUNCHER] flg=0x10000000 cmp=com.qq.reader/.activity.DefaultAliasActivity } baseActivity=ComponentInfo{com.qq.reader/com.qq.reader.activity.launch.DefaultAliasSplashActivity} topActivity=ComponentInfo{com.qq.reader/com.qq.reader.activity.launch.DefaultAliasSplashActivity} origActivity=ComponentInfo{com.qq.reader/com.qq.reader.activity.DefaultAliasActivity} realActivity=ComponentInfo{com.qq.reader/com.qq.reader.activity.launch.DefaultAliasSplashActivity} numActivities=1 lastActiveTime=75232541 supportsSplitScreenMultiWindow=true supportsMultiWindow=true resizeMode=2 isResizeable=true minWidth=-1 minHeight=-1 defaultMinSize=200 token=WCT{android.window.IWindowContainerToken$Stub$Proxy@e777e10} topActivityType=1 pictureInPictureParams=null shouldDockBigOverlays=false launchIntoPipHostTaskId=-1 lastParentTaskIdBeforePip=-1 displayCutoutSafeInsets=null topActivityInfo=ActivityInfo{1a9bd09 com.qq.reader.activity.DefaultAliasActivity} launchCookies=[] positionInParent=Point(0, 0) parentTaskId=-1 isFocused=false isVisible=true isVisibleRequested=true isSleeping=false locusId=null displayAreaFeatureId=1 isTopActivityTransparent=false appCompatTaskInfo=AppCompatTaskInfo { topActivityInSizeCompat=false topActivityInMiuiSizeCompat=false topActivityEligibleForLetterboxEducation= falseisLetterboxEducationEnabled= false isLetterboxDoubleTapEnabled= false topActivityEligibleForUserAspectRatioButton= false topActivityBoundsLetterboxed= false isFromLetterboxDoubleTap= false topActivityLetterboxVerticalPosition= -1 topActivityLetterboxHorizontalPosition= -1 topActivityLetterboxWidth=1200 topActivityLetterboxHeight=2670 isUserFullscreenOverrideEnabled=false isSystemFullscreenOverrideEnabled=false cameraCompatTaskInfo=CameraCompatTaskInfo { cameraCompatControlState=hidden freeformCameraCompatMode=inactive}} isImmersive=false mTopActivityRequestOrientation=1 mBehindAppLockPkg=null mOriginatingUid=0 isEmbedded=false shouldBeVisible=true isCreatedByOrganizer=false mIsCastMode=false mTopActivityMediaSize=null mTopActivityRecordName=ActivityRecord{9c4e4c6 u0 com.qq.reader/.activity.DefaultAliasActivity t33} mTopActivityOrientation=1}
10-25 18:44:30.835  4299  5154 E ActivityManagerWrapper: get all recent tasks force including 33
10-25 18:44:30.836  4299  5154 E ActivityManagerWrapper: getRecentTasksForceIncludingTaskIdIfValid: getRecentTasks: size=3
10-25 18:44:30.836  4299  5154 E ActivityManagerWrapper:  mainTaskId=33   userId=0   windowMode=1   baseIntent=Intent { act=android.intent.action.MAIN flag=268435456 cmp=ComponentInfo{com.qq.reader/com.qq.reader.activity.DefaultAliasActivity} }
10-25 18:44:30.836  4299  5154 E ActivityManagerWrapper:  mainTaskId=11   userId=0   windowMode=1   baseIntent=Intent { act=android.intent.action.MAIN flag=270532608 cmp=ComponentInfo{com.android.settings/com.android.settings.MainSettings} }
10-25 18:44:30.836  4299  5154 E ActivityManagerWrapper:  mainTaskId=18   userId=0   windowMode=1   baseIntent=Intent { act=android.intent.action.MAIN flag=268435456 cmp=ComponentInfo{com.kuaishou.nebula/com.yxcorp.gifshow.HomeActivity} }
10-25 18:44:30.839  4299  5154 W RecentsModel: getRunningTask   taskInfo=TaskInfo{userId=0 taskId=33 displayId=0 isRunning=true baseIntent=Intent { act=android.intent.action.MAIN cat=[android.intent.category.LAUNCHER] flg=0x10000000 cmp=com.qq.reader/.activity.DefaultAliasActivity } baseActivity=ComponentInfo{com.qq.reader/com.qq.reader.activity.launch.DefaultAliasSplashActivity} topActivity=ComponentInfo{com.qq.reader/com.qq.reader.activity.launch.DefaultAliasSplashActivity} origActivity=ComponentInfo{com.qq.reader/com.qq.reader.activity.DefaultAliasActivity} realActivity=ComponentInfo{com.qq.reader/com.qq.reader.activity.launch.DefaultAliasSplashActivity} numActivities=1 lastActiveTime=75232545 supportsSplitScreenMultiWindow=true supportsMultiWindow=true resizeMode=2 isResizeable=true minWidth=-1 minHeight=-1 defaultMinSize=200 token=WCT{android.window.IWindowContainerToken$Stub$Proxy@fe4092f} topActivityType=1 pictureInPictureParams=null shouldDockBigOverlays=false launchIntoPipHostTaskId=-1 lastParentTaskIdBeforePip=-1 displayCutoutSafeInsets=null topActivityInfo=ActivityInfo{83e6b3c com.qq.reader.activity.DefaultAliasActivity} launchCookies=[] positionInParent=Point(0, 0) parentTaskId=-1 isFocused=false isVisible=true isVisibleRequested=true isSleeping=false locusId=null displayAreaFeatureId=1 isTopActivityTransparent=false appCompatTaskInfo=AppCompatTaskInfo { topActivityInSizeCompat=false topActivityInMiuiSizeCompat=false topActivityEligibleForLetterboxEducation= falseisLetterboxEducationEnabled= false isLetterboxDoubleTapEnabled= false topActivityEligibleForUserAspectRatioButton= false topActivityBoundsLetterboxed= false isFromLetterboxDoubleTap= false topActivityLetterboxVerticalPosition= -1 topActivityLetterboxHorizontalPosition= -1 topActivityLetterboxWidth=1200 topActivityLetterboxHeight=2670 isUserFullscreenOverrideEnabled=false isSystemFullscreenOverrideEnabled=false cameraCompatTaskInfo=CameraCompatTaskInfo { cameraCompatControlState=hidden freeformCameraCompatMode=inactive}} isImmersive=false mTopActivityRequestOrientation=1 mBehindAppLockPkg=null mOriginatingUid=0 isEmbedded=false shouldBeVisible=true isCreatedByOrganizer=false mIsCastMode=false mTopActivityMediaSize=null mTopActivityRecordName=ActivityRecord{9c4e4c6 u0 com.qq.reader/.activity.DefaultAliasActivity t33} mTopActivityOrientation=1}
10-25 18:44:30.840  4299  5154 E ActivityManagerWrapper: get all recent tasks force including 33
10-25 18:44:30.841  4299  5154 E ActivityManagerWrapper: getRecentTasksForceIncludingTaskIdIfValid: getRecentTasks: size=3
10-25 18:44:30.841  4299  5154 E ActivityManagerWrapper:  mainTaskId=33   userId=0   windowMode=1   baseIntent=Intent { act=android.intent.action.MAIN flag=268435456 cmp=ComponentInfo{com.qq.reader/com.qq.reader.activity.DefaultAliasActivity} }
10-25 18:44:30.841  4299  5154 E ActivityManagerWrapper:  mainTaskId=11   userId=0   windowMode=1   baseIntent=Intent { act=android.intent.action.MAIN flag=270532608 cmp=ComponentInfo{com.android.settings/com.android.settings.MainSettings} }
10-25 18:44:30.841  4299  5154 E ActivityManagerWrapper:  mainTaskId=18   userId=0   windowMode=1   baseIntent=Intent { act=android.intent.action.MAIN flag=268435456 cmp=ComponentInfo{com.kuaishou.nebula/com.yxcorp.gifshow.HomeActivity} }
10-25 18:44:30.877  1656  7172 I MiStcImpl: Dispatching command: 3 PCC
10-25 18:44:30.878  2318  4218 W ActivityManager: pid 2318 system sent binder code 31101 with flags 0 to frozen apps and got error -74
10-25 18:44:30.892  2318  5450 E WindowManager: setClientVisible ActivityRecord{cc26333 u0 com.miui.home/.launcher.Launcher t2} false
10-25 18:44:30.893  2318  5450 I Transition: finishTransition: updateLastSurfacePosition tf=Task{a9a8752 #33 type=standard A=10448:com.qq.reader}
10-25 18:44:30.893  1908  5025 W VsyncModulator: setTransactionSchedule: Unexpected EarlyEnd
10-25 18:44:30.893  4692  4887 I RemoteTransitionHandlerStubImpl: invokeAndRemoveWctCB transition is null, curWctCB: null
10-25 18:44:30.893  2318  2423 W UserManagerService: Requested status bar icon for non-badged user 0
10-25 18:44:30.894  2318  5443 W UserManagerService: Requested status bar icon for non-badged user 0
10-25 18:44:30.896  2318  2439 E WindowManager: setClientVisible WallpaperWindowToken{25da35f token=android.os.Binder@2084ffe} false
10-25 18:44:30.896  4340  4340 I MiuiWallpaper-ImageWallpaper: onVisibilityChanged, visible = false, ret=true
10-25 18:44:30.897  4692  4887 I MultiTaskingTaskRepository: needSkip: is home task
10-25 18:44:30.898  4299  5154 W RecentsModel: getRunningTask   taskInfo=TaskInfo{userId=0 taskId=33 displayId=0 isRunning=true baseIntent=Intent { act=android.intent.action.MAIN cat=[android.intent.category.LAUNCHER] flg=0x10000000 cmp=com.qq.reader/.activity.DefaultAliasActivity } baseActivity=ComponentInfo{com.qq.reader/com.qq.reader.activity.launch.DefaultAliasSplashActivity} topActivity=ComponentInfo{com.qq.reader/com.qq.reader.activity.launch.DefaultAliasSplashActivity} origActivity=ComponentInfo{com.qq.reader/com.qq.reader.activity.DefaultAliasActivity} realActivity=ComponentInfo{com.qq.reader/com.qq.reader.activity.launch.DefaultAliasSplashActivity} numActivities=1 lastActiveTime=75232606 supportsSplitScreenMultiWindow=true supportsMultiWindow=true resizeMode=2 isResizeable=true minWidth=-1 minHeight=-1 defaultMinSize=200 token=WCT{android.window.IWindowContainerToken$Stub$Proxy@5f02a1a} topActivityType=1 pictureInPictureParams=null shouldDockBigOverlays=false launchIntoPipHostTaskId=-1 lastParentTaskIdBeforePip=-1 displayCutoutSafeInsets=null topActivityInfo=ActivityInfo{e32094b com.qq.reader.activity.DefaultAliasActivity} launchCookies=[] positionInParent=Point(0, 0) parentTaskId=-1 isFocused=false isVisible=true isVisibleRequested=true isSleeping=false locusId=null displayAreaFeatureId=1 isTopActivityTransparent=false appCompatTaskInfo=AppCompatTaskInfo { topActivityInSizeCompat=false topActivityInMiuiSizeCompat=false topActivityEligibleForLetterboxEducation= falseisLetterboxEducationEnabled= false isLetterboxDoubleTapEnabled= false topActivityEligibleForUserAspectRatioButton= false topActivityBoundsLetterboxed= false isFromLetterboxDoubleTap= false topActivityLetterboxVerticalPosition= -1 topActivityLetterboxHorizontalPosition= -1 topActivityLetterboxWidth=1200 topActivityLetterboxHeight=2670 isUserFullscreenOverrideEnabled=false isSystemFullscreenOverrideEnabled=false cameraCompatTaskInfo=CameraCompatTaskInfo { cameraCompatControlState=hidden freeformCameraCompatMode=inactive}} isImmersive=false mTopActivityRequestOrientation=1 mBehindAppLockPkg=null mOriginatingUid=0 isEmbedded=false shouldBeVisible=true isCreatedByOrganizer=false mIsCastMode=false mTopActivityMediaSize=null mTopActivityRecordName=ActivityRecord{9c4e4c6 u0 com.qq.reader/.activity.DefaultAliasActivity t33} mTopActivityOrientation=1}
10-25 18:44:30.898  4299  5154 E ActivityManagerWrapper: get all recent tasks force including 33
10-25 18:44:30.900  4299  5154 E ActivityManagerWrapper: getRecentTasksForceIncludingTaskIdIfValid: getRecentTasks: size=3
10-25 18:44:30.900  4299  5154 E ActivityManagerWrapper:  mainTaskId=33   userId=0   windowMode=1   baseIntent=Intent { act=android.intent.action.MAIN flag=268435456 cmp=ComponentInfo{com.qq.reader/com.qq.reader.activity.DefaultAliasActivity} }
10-25 18:44:30.900  4299  5154 E ActivityManagerWrapper:  mainTaskId=11   userId=0   windowMode=1   baseIntent=Intent { act=android.intent.action.MAIN flag=270532608 cmp=ComponentInfo{com.android.settings/com.android.settings.MainSettings} }
10-25 18:44:30.900  4299  5154 E ActivityManagerWrapper:  mainTaskId=18   userId=0   windowMode=1   baseIntent=Intent { act=android.intent.action.MAIN flag=268435456 cmp=ComponentInfo{com.kuaishou.nebula/com.yxcorp.gifshow.HomeActivity} }
10-25 18:44:30.900  2318  5443 I SmartPower: com.miui.personalassistant/10135(7707): visible->invisible(83546ms) R(become invisible) adj=0.
10-25 18:44:30.900  2318  5443 I SmartPower: com.miui.personalassistant/10135(7707): invisible->background(0ms) R(become background) adj=0.
10-25 18:44:30.901  2318  5450 E WindowManager: setClientVisible WallpaperWindowToken{25da35f token=android.os.Binder@2084ffe} false
10-25 18:44:30.901  1908  2070 I BpBinder: onLastStrongRef automatically unlinking death recipients: 
10-25 18:44:30.904  4299  4983 E com.miui.home: [passBlur-4299] detachFromView: abandoned SurfaceTexture
10-25 18:44:30.904  1908  2070 I BpBinder: onLastStrongRef automatically unlinking death recipients: 
10-25 18:44:30.904  2318  2439 E WindowManager: setClientVisible WallpaperWindowToken{25da35f token=android.os.Binder@2084ffe} false
10-25 18:44:30.921  1656  2516 I vendor.qti.hardware.display.composer-service: Sensor: notify citsensorservice to trigger cwb, misForced = 0
10-25 18:44:30.922  3030  3788 I libsensor-parseRGB: request dump start for mRequestDisplayId 0
10-25 18:44:30.927  4299  4919 E Launcher.Transfer: transfer is closed
10-25 18:44:30.942  1656  7172 I MiStcImpl: Dispatching command: 3 PCC
10-25 18:44:30.943  2318  4218 W ActivityManager: pid 2318 system sent binder code 31101 with flags 0 to frozen apps and got error -74
10-25 18:44:30.945  3030  3108 E libsensor-parseRGB: CWB NotifyCWBBufferDone  error 0
10-25 18:44:30.963  2318  2318 I NotificationService: Cannot find enqueued record for key: 0|com.xiaomi.market|61745365|null|10167
10-25 18:44:31.007  1656  7172 I MiStcImpl: Dispatching command: 3 PCC
10-25 18:44:31.007  2318  4218 W ActivityManager: pid 2318 system sent binder code 31101 with flags 0 to frozen apps and got error -74
10-25 18:44:31.061 13559 17161 I Market-DownloadLimitSpeedManager: stopLimitSpeed
10-25 18:44:31.061 13559 17161 I Market-LimitSpeedManager: stopLimitSpeedNow() =========== 
10-25 18:44:31.064 13559 17161 I Market-RetrofitRequest: callEnd : https://app.market.xiaomi.com/apm/statistics/appactive
10-25 18:44:31.064 13559 17161 E Market-ReflectUtils: invokeObject com.android.org.bouncycastle.util.encoders.Base64.decode com.xiaomi.market.util.reflect.IllegalArgumentException
10-25 18:44:31.064 13559 17161 E Market-ConnectionRSA: get key exception : java.lang.NullPointerException: decrypt data is null
10-25 18:44:31.072  1656  7172 I MiStcImpl: Dispatching command: 3 PCC
10-25 18:44:31.072  2318  4218 W ActivityManager: pid 2318 system sent binder code 31101 with flags 0 to frozen apps and got error -74
10-25 18:44:31.081  2318  4415 I Location.SSRU: location account change uid 10448, foreground is true
10-25 18:44:31.085  3030  3793 I libsensor-boledalgo: dbv:480,lux:402.0,cct:5516.8,hsv:-1.0,dc:0CWB R:125510.1,G:120948.9,B:106098.9Event C:28157.3,R:14757.4,G:10046.7,B:5262.3Cali C:5013.6,R:2944.9,G:1524.8,B:827.5 
10-25 18:44:31.130  1656  2516 I vendor.qti.hardware.display.composer-service: Sensor: notify citsensorservice to trigger cwb, misForced = 0
10-25 18:44:31.130  3030  3788 I libsensor-parseRGB: request dump start for mRequestDisplayId 0
10-25 18:44:31.136  1656  7172 I MiStcImpl: Dispatching command: 3 PCC
10-25 18:44:31.137  2318  4218 W ActivityManager: pid 2318 system sent binder code 31101 with flags 0 to frozen apps and got error -74
10-25 18:44:31.153  3030  3108 E libsensor-parseRGB: CWB NotifyCWBBufferDone  error 0
10-25 18:44:31.201  1656  7172 I MiStcImpl: Dispatching command: 3 PCC
10-25 18:44:31.202  2318  4218 W ActivityManager: pid 2318 system sent binder code 31101 with flags 0 to frozen apps and got error -74
10-25 18:44:31.220 19962 22801 I MiuiForceDarkConfig: setConfig density:3.000000, mainRule:0, secondaryRule:0, tertiaryRule:0
10-25 18:44:31.221 19962 19962 I RFix.PatchLoadEngineBase: tryLoadPatch...
10-25 18:44:31.221 19962 19962 W RFix.PatchLoadEngineBase: tryLoadPatchInternal check patch fail. checkResult=LOAD_RESULT_PATCH_INFO_BLANK
10-25 18:44:31.221 19962 19962 I RFix.PatchLoadEngineBase: tryLoadPatch loadResult=RFixLoadResult{result=LOAD_RESULT_PATCH_INFO_BLANK, subResult=0, timeCost=0, patchInfo=null}
10-25 18:44:31.222 19962 19962 W RFix.RFixProxyApplication: registerActivityLifecycleCallbacks delegateApplication is null? backup it first.
10-25 18:44:31.222 19962 22801 I ActivityThread: Miui Feature Init done
10-25 18:44:31.224 19962 19962 I MultiDex: VM with version 2.1.0 has multidex support
10-25 18:44:31.224 19962 19962 I MultiDex: Installing application
10-25 18:44:31.224 19962 19962 I MultiDex: VM has multidex support, MultiDex support library is disabled.
10-25 18:44:31.224 19962 19962 E System.out: cancel:35 Xiaomi/houji/houji:15/AQ3A.240627.003/OS2.0.211.0.VNCCNXM:user/release-keys
10-25 18:44:31.226 19962 19962 I MMKV    : <native-bridge.cpp:108::JNI_OnLoad> current API level = 35
10-25 18:44:31.226 19962 19962 I MMKV    : <native-bridge.cpp:125::JNI_OnLoad> armv8 AES instructions is supported
10-25 18:44:31.226 19962 19962 I MMKV    : <native-bridge.cpp:130::JNI_OnLoad> armv8 CRC32 instructions is supported
10-25 18:44:31.226 19962 19962 I MMKV    : <MMKV.cpp:144::initialize> version v1.2.1 page size:4096
10-25 18:44:31.226 19962 19962 I MMKV    : <MMKV.cpp:161::initializeMMKV> root dir: /data/user/0/com.qq.reader/files/mmkv
10-25 18:44:31.226 19962 19962 E ReaderApplication: mmkv path:/data/user/0/com.qq.reader/files/mmkv
10-25 18:44:31.227 19962 19962 I curProcessorInfo: currentProcessorName:com.qq.reader, isQQReaderMainProcessor:true, isQQReaderInnerAllProcessor:true
10-25 18:44:31.229 19962 19962 I MMKV    : <MMKV_IO.cpp:80::loadFromFile> loading [SETTING] with 0 actual size, file size 4096, InterProcess 1, meta info version:0
10-25 18:44:31.229 19962 19962 I MMKV    : <MMKV_IO.cpp:131::loadFromFile> loaded [SETTING] with 0 values
10-25 18:44:31.229 19962 22827 I WebViewSafeUtil: clearWebViewFileCacheFolder() -> file dir = /data/user/0/com.qq.reader/files
10-25 18:44:31.229 19962 19962 I ReaderApplication: setSampleBeforeInit: openQaEntrance222
10-25 18:44:31.229 19962 19962 I ReaderApplication: setSampleBeforeInit: openQaEntrance000
10-25 18:44:31.229 19962 22827 I WebViewSafeUtil: clearWebViewFileCacheFolder() -> cache dir = /data/user/0/com.qq.reader/cache
10-25 18:44:31.229 19962 22827 I WebViewSafeUtil: fixWebviewDataDirLock() -> dir = /data/user/0/com.qq.reader
10-25 18:44:31.229 19962 22827 I WebViewSafeUtil: fixWebviewDataDirLock() -> packageName=com.qq.reader,processName=com.qq.reader
10-25 18:44:31.230 19962 19962 I FileLockLib: lock file path=/data/user/0/com.qq.reader/files/Rightly.tds
10-25 18:44:31.230 19962 19962 I FileLockLib: lock file FD=127
10-25 18:44:31.230 19962 19962 I FileLockLib: init fg native, result=127
10-25 18:44:31.230 19962 19962 I FileLockLib: lock file path=/data/user/0/com.qq.reader/files/App.Observer
10-25 18:44:31.230 19962 19962 I FileLockLib: lock file FD=128
10-25 18:44:31.230 19962 19962 I FileLockLib: init fg native, result=128
10-25 18:44:31.230 19962 19962 I FileLockLib: [19962]file 128 unlocked. fl.pid=0
10-25 18:44:31.230 19962 19962 I FileLockLib: [19962]get 128 lock success
10-25 18:44:31.230  2318  4215 E HyperSentinel: -------------------------------------------------------
10-25 18:44:31.230  2318  4215 E HyperSentinel: Event_ThreadAmount
10-25 18:44:31.230  2318  4215 E HyperSentinel: -> audit event by proc 19962 "<pre-initialized>": running threads amount, 12 -> 23
10-25 18:44:31.230  2318  4215 E HyperSentinel: -------------------------------------------------------
10-25 18:44:31.230  2318  4215 E HyperSentinel: Event_ResidentSize
10-25 18:44:31.231  2318  4215 E HyperSentinel: -> audit event by proc 19962 "<pre-initialized>": RSS increasement, peak 110692kb -> 166092kb
10-25 18:44:31.231 19962 19962 I MMKV    : <MMKV.cpp:161::initializeMMKV> root dir: /data/user/0/com.qq.reader/files/mmkv
10-25 18:44:31.232 19962 19962 E PandoraEx.AutoCore: AutoStartMonitor Disable
10-25 18:44:31.232 19962 22831 I PandoraEx.RuleConfig: globalConfigType=NORMAL_NORMAL_NORMAL
10-25 18:44:31.233 19962 22831 I PandoraEx.SampleHelper: lastRate=-1.0, currentRate=0.005, lastSampleStatus=false
10-25 18:44:31.233 19962 22831 I PandoraEx.SampleHelper: getTodaySampleState[new]=false
10-25 18:44:31.233 19962 22831 I PandoraEx.SampleHelper: isOpenReport=false
10-25 18:44:31.233 19962 22831 I PandoraEx.SampleHelper: currentSampleInfo: scene=deny_retry, rate=0.1, maxReport=10
10-25 18:44:31.233 19962 22831 I PandoraEx.SampleHelper: currentSampleInfo: scene=normal, rate=0.1, maxReport=10
10-25 18:44:31.233 19962 22831 I PandoraEx.SampleHelper: currentSampleInfo: scene=before, rate=0.5, maxReport=10
10-25 18:44:31.233 19962 22831 I PandoraEx.SampleHelper: currentSampleInfo: scene=func_app_download, rate=0.001, maxReport=5
10-25 18:44:31.233 19962 22831 I PandoraEx.SampleHelper: currentSampleInfo: scene=func_http_plain_user, rate=0.001, maxReport=30
10-25 18:44:31.233 19962 22831 I PandoraEx.SampleHelper: currentSampleInfo: scene=back, rate=0.2, maxReport=15
10-25 18:44:31.233 19962 22831 I PandoraEx.SampleHelper: currentSampleInfo: scene=global, rate=0.005, maxReport=35
10-25 18:44:31.233 19962 22831 I PandoraEx.SampleHelper: currentSampleInfo: scene=func_http_plain_event, rate=0.01, maxReport=5
10-25 18:44:31.233 19962 22831 I PandoraEx.SampleHelper: currentSampleInfo: scene=func_jump_interrupt, rate=0.005, maxReport=0
10-25 18:44:31.233 19962 22831 I PandoraEx.SampleHelper: currentSampleInfo: scene=func_auto_monitor, rate=0.001, maxReport=5
10-25 18:44:31.233 19962 22831 I PandoraEx.SampleHelper: currentSampleInfo: scene=func_receiver_monitor, rate=0.001, maxReport=2
10-25 18:44:31.233 19962 22831 I PandoraEx.SampleHelper: currentSampleInfo: scene=func_invoke_user, rate=0.001, maxReport=30
10-25 18:44:31.233 19962 22831 I PandoraEx.SampleHelper: currentSampleInfo: scene=func_invoke_api, rate=0.001, maxReport=0
10-25 18:44:31.233 19962 22831 I PandoraEx.SampleHelper: currentSampleInfo: scene=func_traffic_user, rate=0.001, maxReport=30
10-25 18:44:31.233 19962 22831 I PandoraEx.SampleHelper: currentSampleInfo: scene=func_dynamic_resource, rate=0.001, maxReport=0
10-25 18:44:31.233 19962 22831 I PandoraEx.SampleHelper: currentSampleInfo: scene=func_screenshot_monitor, rate=0.001, maxReport=2
10-25 18:44:31.233 19962 22831 I PandoraEx.SampleHelper: currentSampleInfo: scene=func_net_stack_event, rate=0.01, maxReport=5
10-25 18:44:31.233 19962 22831 I PandoraEx.SampleHelper: currentSampleInfo: scene=func_traffic_event, rate=0.01, maxReport=5
10-25 18:44:31.233 19962 22831 I PandoraEx.SampleHelper: currentSampleInfo: scene=mod_no_perm, rate=0.2, maxReport=15
10-25 18:44:31.233 19962 22831 I PandoraEx.SampleHelper: currentSampleInfo: scene=high_freq, rate=0.2, maxReport=15
10-25 18:44:31.233 19962 22831 I PandoraEx.SampleHelper: currentSampleInfo: scene=silence, rate=0.2, maxReport=15
10-25 18:44:31.233 19962 22831 I PandoraEx.SampleHelper: currentSampleInfo: scene=illegal_scene, rate=0.1, maxReport=10
10-25 18:44:31.233 19962 22831 I PandoraEx.SampleHelper: currentSampleInfo: scene=secondary_sample, rate=0.5, maxReport=0
10-25 18:44:31.235 19962 22831 I PandoraEx.SampleHelper: getTodaySampleState[old]=false
10-25 18:44:31.235 19962 22831 I PandoraEx.SampleHelper: lastRate=0.005, currentRate=0.005, lastSampleStatus=false
10-25 18:44:31.235 19962 22831 I PandoraEx.SampleHelper: onConfigUpdate, isOpenReport=false
10-25 18:44:31.235 19962 22831 I PandoraEx.SampleHelper: onConfigUpdate, currentSampleInfo: scene=deny_retry, rate=0.1, maxReport=10
10-25 18:44:31.235 19962 22831 I PandoraEx.SampleHelper: onConfigUpdate, currentSampleInfo: scene=normal, rate=0.1, maxReport=10
10-25 18:44:31.235 19962 22831 I PandoraEx.SampleHelper: onConfigUpdate, currentSampleInfo: scene=before, rate=0.5, maxReport=10
10-25 18:44:31.235 19962 22831 I PandoraEx.SampleHelper: onConfigUpdate, currentSampleInfo: scene=func_app_download, rate=0.001, maxReport=5
10-25 18:44:31.235 19962 22831 I PandoraEx.SampleHelper: onConfigUpdate, currentSampleInfo: scene=func_http_plain_user, rate=0.001, maxReport=30
10-25 18:44:31.235 19962 22831 I PandoraEx.SampleHelper: onConfigUpdate, currentSampleInfo: scene=back, rate=0.2, maxReport=15
10-25 18:44:31.235 19962 22831 I PandoraEx.SampleHelper: onConfigUpdate, currentSampleInfo: scene=global, rate=0.005, maxReport=35
10-25 18:44:31.235 19962 22831 I PandoraEx.SampleHelper: onConfigUpdate, currentSampleInfo: scene=func_http_plain_event, rate=0.01, maxReport=5
10-25 18:44:31.235 19962 22831 I PandoraEx.SampleHelper: onConfigUpdate, currentSampleInfo: scene=func_jump_interrupt, rate=0.005, maxReport=0
10-25 18:44:31.235 19962 22831 I PandoraEx.SampleHelper: onConfigUpdate, currentSampleInfo: scene=func_auto_monitor, rate=0.001, maxReport=5
10-25 18:44:31.235 19962 22831 I PandoraEx.SampleHelper: onConfigUpdate, currentSampleInfo: scene=func_receiver_monitor, rate=0.001, maxReport=2
10-25 18:44:31.235 19962 22831 I PandoraEx.SampleHelper: onConfigUpdate, currentSampleInfo: scene=func_invoke_user, rate=0.001, maxReport=30
10-25 18:44:31.235 19962 22831 I PandoraEx.SampleHelper: onConfigUpdate, currentSampleInfo: scene=func_invoke_api, rate=0.001, maxReport=0
10-25 18:44:31.235 19962 22831 I PandoraEx.SampleHelper: onConfigUpdate, currentSampleInfo: scene=func_traffic_user, rate=0.001, maxReport=30
10-25 18:44:31.235 19962 22831 I PandoraEx.SampleHelper: onConfigUpdate, currentSampleInfo: scene=func_dynamic_resource, rate=0.001, maxReport=0
10-25 18:44:31.235 19962 22831 I PandoraEx.SampleHelper: onConfigUpdate, currentSampleInfo: scene=func_screenshot_monitor, rate=0.001, maxReport=2
10-25 18:44:31.235 19962 22831 I PandoraEx.SampleHelper: onConfigUpdate, currentSampleInfo: scene=func_net_stack_event, rate=0.01, maxReport=5
10-25 18:44:31.235 19962 22831 I PandoraEx.SampleHelper: onConfigUpdate, currentSampleInfo: scene=func_traffic_event, rate=0.01, maxReport=5
10-25 18:44:31.235 19962 22831 I PandoraEx.SampleHelper: onConfigUpdate, currentSampleInfo: scene=mod_no_perm, rate=0.2, maxReport=15
10-25 18:44:31.235 19962 22831 I PandoraEx.SampleHelper: onConfigUpdate, currentSampleInfo: scene=high_freq, rate=0.2, maxReport=15
10-25 18:44:31.235 19962 22831 I PandoraEx.SampleHelper: onConfigUpdate, currentSampleInfo: scene=silence, rate=0.2, maxReport=15
10-25 18:44:31.235 19962 22831 I PandoraEx.SampleHelper: onConfigUpdate, currentSampleInfo: scene=illegal_scene, rate=0.1, maxReport=10
10-25 18:44:31.235 19962 22831 I PandoraEx.SampleHelper: onConfigUpdate, currentSampleInfo: scene=secondary_sample, rate=0.5, maxReport=0
10-25 18:44:31.246 19962 19962 I PandoraEx: Init success! appId=fc897db033
10-25 18:44:31.246 19962 19962 I RFix.RFixProxyApplication: initDelegateApplication time cost: 22
10-25 18:44:31.248 19962 19962 W HMSSDK_PushPreferences: get new sharedPreferences failed,start to get from context. 
10-25 18:44:31.257 19962 19962 I AGConnectProvider: AGConnectInitializeProvider#onCreate
10-25 18:44:31.257 19962 19962 I AGConnectInstance: AGConnectInstance#initialize
10-25 18:44:31.257 19962 19962 W AGC_Instance: agc sdk initialize
10-25 18:44:31.257 19962 19962 I AGC_Registrar: getServices
10-25 18:44:31.259 19962 19962 I AGC_Registrar: services:0
10-25 18:44:31.259 19962 19962 I AGC_Instance: initFinish callback start
10-25 18:44:31.259 19962 19962 I AGC_Instance: AGC SDK initialize end
10-25 18:44:31.266  1656  7172 I MiStcImpl: Dispatching command: 3 PCC
10-25 18:44:31.267  2318  4218 W ActivityManager: pid 2318 system sent binder code 31101 with flags 0 to frozen apps and got error -74
10-25 18:44:31.271 19962 19962 I RFix.RFixProxyApplication: replaceApplication time cost: 0
10-25 18:44:31.273 19962 19962 I WindowExtensionsImpl: Initializing Window Extensions, vendor API level=6, activity embedding enabled=true
10-25 18:44:31.273 19962 19962 I testTime: application oncreate() start,time:1761389071273
10-25 18:44:31.273 19962 19962 I QrKvConfig: initKVRootPath() -> path=/data/user/0/com.qq.reader/files/QrKvRootPath/
10-25 18:44:31.280 19962 19962 I MMKV    : <MMKV.cpp:161::initializeMMKV> root dir: /data/user/0/com.qq.reader/files/mmkv
10-25 18:44:31.283 19962 19962 I ARouter::: ARouter openLog[ ] 
10-25 18:44:31.283 19962 19962 I ARouter::: ARouter openDebug[ ] 
10-25 18:44:31.283 19962 19962 I ARouter::: ARouter init start.[ ] 
10-25 18:44:31.285 19962 19962 I ARouter::: Load router map by arouter-auto-register plugin.[ ] 
10-25 18:44:31.285 19962 19962 I ARouter::: Load root element finished, cost 2 ms.[ ] 
10-25 18:44:31.285 19962 19962 I ARouter::: ARouter init success![ ] 
10-25 18:44:31.285 19962 19962 I ARouter::: Thread production, name is [ARouter task pool No.1, thread No.1][ ] 
10-25 18:44:31.285 19962 19962 I ARouter::: ARouter init over.[ ] 
10-25 18:44:31.295 19962 19962 W System.err: java.lang.NullPointerException: Attempt to invoke virtual method 'int java.lang.String.length()' on a null object reference
10-25 18:44:31.295 19962 19962 W System.err: 	at org.json.JSONTokener.nextCleanInternal(JSONTokener.java:121)
10-25 18:44:31.295 19962 19962 W System.err: 	at org.json.JSONTokener.nextValue(JSONTokener.java:98)
10-25 18:44:31.295 19962 19962 W System.err: 	at org.json.JSONObject.<init>(JSONObject.java:168)
10-25 18:44:31.295 19962 19962 W System.err: 	at org.json.JSONObject.<init>(JSONObject.java:185)
10-25 18:44:31.295 19962 19962 W System.err: 	at com.qq.reader.abtest_sdk.qdab.cihai(Unknown Source:23)
10-25 18:44:31.295 19962 19962 W System.err: 	at com.qq.reader.abtest_sdk.qdab.search(Unknown Source:24)
10-25 18:44:31.295 19962 19962 W System.err: 	at com.qq.reader.ReaderApplication.onCreate(Unknown Source:364)
10-25 18:44:31.295 19962 19962 W System.err: 	at com.tencent.rfix.loader.app.RFixProxyApplication.onCreate(Unknown Source:13)
10-25 18:44:31.295 19962 19962 W System.err: 	at android.app.Instrumentation.callApplicationOnCreate(Instrumentation.java:1393)
10-25 18:44:31.295 19962 19962 W System.err: 	at android.app.ActivityThread.handleBindApplication(ActivityThread.java:8306)
10-25 18:44:31.295 19962 19962 W System.err: 	at android.app.ActivityThread.-$$Nest$mhandleBindApplication(Unknown Source:0)
10-25 18:44:31.295 19962 19962 W System.err: 	at android.app.ActivityThread$H.handleMessage(ActivityThread.java:2653)
10-25 18:44:31.295 19962 19962 W System.err: 	at android.os.Handler.dispatchMessage(Handler.java:107)
10-25 18:44:31.295 19962 19962 W System.err: 	at android.os.Looper.loopOnce(Looper.java:249)
10-25 18:44:31.295  2318  2318 W AccessibilityManagerService:  wait for adding window timeout: 240
10-25 18:44:31.295 19962 19962 W System.err: 	at android.os.Looper.loop(Looper.java:337)
10-25 18:44:31.295 19962 19962 W System.err: 	at android.app.ActivityThread.main(ActivityThread.java:9587)
10-25 18:44:31.295 19962 19962 W System.err: 	at java.lang.reflect.Method.invoke(Native Method)
10-25 18:44:31.295 19962 19962 W System.err: 	at com.android.internal.os.RuntimeInit$MethodAndArgsCaller.run(RuntimeInit.java:593)
10-25 18:44:31.295 19962 19962 W System.err: 	at com.android.internal.os.ZygoteInit.main(ZygoteInit.java:936)
10-25 18:44:31.295 19962 19962 W System.err: java.lang.NullPointerException: Attempt to invoke virtual method 'int java.lang.String.length()' on a null object reference
10-25 18:44:31.295 19962 19962 W System.err: 	at org.json.JSONTokener.nextCleanInternal(JSONTokener.java:121)
10-25 18:44:31.295 19962 19962 W System.err: 	at org.json.JSONTokener.nextValue(JSONTokener.java:98)
10-25 18:44:31.295 19962 19962 W System.err: 	at org.json.JSONArray.<init>(JSONArray.java:94)
10-25 18:44:31.295 19962 19962 W System.err: 	at org.json.JSONArray.<init>(JSONArray.java:110)
10-25 18:44:31.295 19962 19962 W System.err: 	at com.qq.reader.abtest_sdk.qdab.a(Unknown Source:13)
10-25 18:44:31.295 19962 19962 W System.err: 	at com.qq.reader.abtest_sdk.qdab.search(Unknown Source:27)
10-25 18:44:31.295 19962 19962 W System.err: 	at com.qq.reader.ReaderApplication.onCreate(Unknown Source:364)
10-25 18:44:31.295 19962 19962 W System.err: 	at com.tencent.rfix.loader.app.RFixProxyApplication.onCreate(Unknown Source:13)
10-25 18:44:31.295 19962 19962 W System.err: 	at android.app.Instrumentation.callApplicationOnCreate(Instrumentation.java:1393)
10-25 18:44:31.295 19962 19962 W System.err: 	at android.app.ActivityThread.handleBindApplication(ActivityThread.java:8306)
10-25 18:44:31.295 19962 19962 W System.err: 	at android.app.ActivityThread.-$$Nest$mhandleBindApplication(Unknown Source:0)
10-25 18:44:31.295 19962 19962 W System.err: 	at android.app.ActivityThread$H.handleMessage(ActivityThread.java:2653)
10-25 18:44:31.295 19962 19962 W System.err: 	at android.os.Handler.dispatchMessage(Handler.java:107)
10-25 18:44:31.295 19962 19962 W System.err: 	at android.os.Looper.loopOnce(Looper.java:249)
10-25 18:44:31.295 19962 19962 W System.err: 	at android.os.Looper.loop(Looper.java:337)
10-25 18:44:31.295 19962 19962 W System.err: 	at android.app.ActivityThread.main(ActivityThread.java:9587)
10-25 18:44:31.295 19962 19962 W System.err: 	at java.lang.reflect.Method.invoke(Native Method)
10-25 18:44:31.295 19962 19962 W System.err: 	at com.android.internal.os.RuntimeInit$MethodAndArgsCaller.run(RuntimeInit.java:593)
10-25 18:44:31.295 19962 19962 W System.err: 	at com.android.internal.os.ZygoteInit.main(ZygoteInit.java:936)
10-25 18:44:31.307 19962 19962 I MMKV    : <MMKV_IO.cpp:80::loadFromFile> loading [LOGIN_SETTING] with 0 actual size, file size 4096, InterProcess 1, meta info version:0
10-25 18:44:31.307 19962 19962 I MMKV    : <MMKV_IO.cpp:131::loadFromFile> loaded [LOGIN_SETTING] with 0 values
10-25 18:44:31.307 19962 19962 I System.out: Hello YWRouter this is init
10-25 18:44:31.308 19962 19962 I MMKV    : <MMKV_IO.cpp:80::loadFromFile> loading [USER_CONFIG] with 0 actual size, file size 4096, InterProcess 1, meta info version:0
10-25 18:44:31.308 19962 19962 I MMKV    : <MMKV_IO.cpp:131::loadFromFile> loaded [USER_CONFIG] with 0 values
10-25 18:44:31.309 19962 19962 I YWAD.YWMediationAds: false
10-25 18:44:31.309 19962 19962 I YWAD.YWMediationAds: false
10-25 18:44:31.309 19962 19962 I YWAD.YWMediationAds: true
10-25 18:44:31.309 19962 19962 I QrKvConfig: QrKvDBHelper.getDBFile() -> kvDBRootPath=/data/user/0/com.qq.reader/files/QrKvRootPath/, kvDBName=night_mode, path=/data/user/0/com.qq.reader/files/QrKvRootPath/night_mode.db
10-25 18:44:31.313 19962 19962 I MMKV    : <MMKV_IO.cpp:80::loadFromFile> loading [READ_CONFIG] with 0 actual size, file size 4096, InterProcess 1, meta info version:0
10-25 18:44:31.313 19962 19962 I MMKV    : <MMKV_IO.cpp:131::loadFromFile> loaded [READ_CONFIG] with 0 values
10-25 18:44:31.313 19962 19962 I QrKvConfig: QrKvDBHelper.getDBFile() -> kvDBRootPath=/data/user/0/com.qq.reader/files/QrKvRootPath/, kvDBName=night_mode, path=/data/user/0/com.qq.reader/files/QrKvRootPath/night_mode.db
10-25 18:44:31.314 19962 19962 I MMKV    : <MMKV_IO.cpp:80::loadFromFile> loading [SYS_SKIN_CONFIG] with 0 actual size, file size 4096, InterProcess 1, meta info version:0
10-25 18:44:31.314 19962 19962 I MMKV    : <MMKV_IO.cpp:131::loadFromFile> loaded [SYS_SKIN_CONFIG] with 0 values
10-25 18:44:31.316 19962 19962 W com.qq.reader: type=1400 audit(0.0:55212): avc:  denied  { ioctl } for  path=2F73746F726167652F656D756C617465642F302F416E64726F69642F646174612F636F6D2E71712E7265616465722F66696C65732F51515265616465722F64617461626173655F6E616D655F73696E676C655F757569642E6462202864656C6574656429 dev="fuse" ino=53289 ioctlcmd=0xf50c scontext=u:r:untrusted_app_30:s0:c192,c257,c512,c768 tcontext=u:object_r:fuse:s0 tclass=file permissive=0 app=com.qq.reader
10-25 18:44:31.330 19962 19962 I MMKV    : <MMKV_IO.cpp:80::loadFromFile> loading [SYS_CONFIG] with 0 actual size, file size 4096, InterProcess 1, meta info version:0
10-25 18:44:31.330 19962 19962 I MMKV    : <MMKV_IO.cpp:131::loadFromFile> loaded [SYS_CONFIG] with 0 values
10-25 18:44:31.331 19962 19962 I MMKV    : <MMKV_IO.cpp:80::loadFromFile> loading [ENCRYPT_CONFIG] with 0 actual size, file size 4096, InterProcess 1, meta info version:0
10-25 18:44:31.331 19962 19962 I MMKV    : <MMKV_IO.cpp:131::loadFromFile> loaded [ENCRYPT_CONFIG] with 0 values
10-25 18:44:31.328 19962 19962 W com.qq.reader: type=1400 audit(0.0:55213): avc:  denied  { ioctl } for  path=2F73746F726167652F656D756C617465642F302F416E64726F69642F646174612F636F6D2E71712E7265616465722F66696C65732F51515265616465722F64617461626173655F6E616D655F736861646F775F706C7567696E2E6462202864656C6574656429 dev="fuse" ino=39254 ioctlcmd=0xf50c scontext=u:r:untrusted_app_30:s0:c192,c257,c512,c768 tcontext=u:object_r:fuse:s0 tclass=file permissive=0 app=com.qq.reader
10-25 18:44:31.331  1656  7172 I MiStcImpl: Dispatching command: 3 PCC
10-25 18:44:31.331 19962 19962 I AdDBHandler: checkDbUpdate() -> start
10-25 18:44:31.332 19962 19962 I AdDBHandler: checkDbUpdate() -> success
10-25 18:44:31.333 19962 19962 I QrKvConfig: QrKvDBHelper.getDBFile() -> kvDBRootPath=/data/user/0/com.qq.reader/files/QrKvRootPath/, kvDBName=app_first_init_db, path=/data/user/0/com.qq.reader/files/QrKvRootPath/app_first_init_db.db
10-25 18:44:31.333  2318  4218 W ActivityManager: pid 2318 system sent binder code 31101 with flags 0 to frozen apps and got error -74
10-25 18:44:31.337  1656  2516 I vendor.qti.hardware.display.composer-service: Sensor: notify citsensorservice to trigger cwb, misForced = 0
10-25 18:44:31.337  3030  3788 I libsensor-parseRGB: request dump start for mRequestDisplayId 0
10-25 18:44:31.338 19962 22846 I QrKvConfig: QrKvDBHelper.getDBFile() -> kvDBRootPath=/data/user/0/com.qq.reader/files/QrKvRootPath/, kvDBName=skin_selected, path=/data/user/0/com.qq.reader/files/QrKvRootPath/skin_selected.db
10-25 18:44:31.349 19962 22846 I QrKvConfig: QrKvDBHelper.getDBFile() -> kvDBRootPath=/data/user/0/com.qq.reader/files/QrKvRootPath/, kvDBName=skin_selected, path=/data/user/0/com.qq.reader/files/QrKvRootPath/skin_selected.db
10-25 18:44:31.348 19962 19962 W QR-T-H-SHORT:#&: type=1400 audit(0.0:55214): avc:  denied  { ioctl } for  path=2F73746F726167652F656D756C617465642F302F416E64726F69642F646174612F636F6D2E71712E7265616465722F66696C65732F51515265616465722F736B696E2F736B696E6C6973742E6462202864656C6574656429 dev="fuse" ino=50019 ioctlcmd=0xf50c scontext=u:r:untrusted_app_30:s0:c192,c257,c512,c768 tcontext=u:object_r:fuse:s0 tclass=file permissive=0 app=com.qq.reader
10-25 18:44:31.352  3094  3094 I adbd    : in ShellService: ps
10-25 18:44:31.357 19962 22846 E PandoraEx.ReflectMonitor: [onInvoke] invoke replaced method err: 
10-25 18:44:31.357 19962 22846 E PandoraEx.ReflectMonitor: java.lang.ClassNotFoundException: com.qq.reader.qmethod.pandoraex.monitor.DeviceInfoMonitor
10-25 18:44:31.357 19962 22846 E PandoraEx.ReflectMonitor: 	at java.lang.Class.classForName(Native Method)
10-25 18:44:31.357 19962 22846 E PandoraEx.ReflectMonitor: 	at java.lang.Class.forName(Class.java:607)
10-25 18:44:31.357 19962 22846 E PandoraEx.ReflectMonitor: 	at java.lang.Class.forName(Class.java:512)
10-25 18:44:31.357 19962 22846 E PandoraEx.ReflectMonitor: 	at com.qq.reader.qmethod.pandoraex.search.qdcc.search(Unknown Source:67)
10-25 18:44:31.357 19962 22846 E PandoraEx.ReflectMonitor: 	at com.yuewen.skinengine.qdda.search(Unknown Source:33)
10-25 18:44:31.357 19962 22846 E PandoraEx.ReflectMonitor: 	at com.yuewen.skinengine.qdca.search(Unknown Source:190)
10-25 18:44:31.357 19962 22846 E PandoraEx.ReflectMonitor: 	at com.yuewen.skinengine.qdca.search(Unknown Source:12)
10-25 18:44:31.357 19962 22846 E PandoraEx.ReflectMonitor: 	at com.qq.reader.plugin.qddh$qdac.search(Unknown Source:90)
10-25 18:44:31.357 19962 22846 E PandoraEx.ReflectMonitor: 	at com.qq.reader.plugin.qddh$qdac.search(Unknown Source:0)
10-25 18:44:31.357 19962 22846 E PandoraEx.ReflectMonitor: 	at com.qq.reader.plugin.qddh.search(Unknown Source:17)
10-25 18:44:31.357 19962 22846 E PandoraEx.ReflectMonitor: 	at com.qq.reader.ReaderApplication.initSkin(Unknown Source:16)
10-25 18:44:31.357 19962 22846 E PandoraEx.ReflectMonitor: 	at com.qq.reader.ReaderApplication.access$1500(Unknown Source:0)
10-25 18:44:31.357 19962 22846 E PandoraEx.ReflectMonitor: 	at com.qq.reader.ReaderApplication$28.run(Unknown Source:42)
10-25 18:44:31.357 19962 22846 E PandoraEx.ReflectMonitor: 	at android.os.Handler.handleCallback(Handler.java:959)
10-25 18:44:31.357 19962 22846 E PandoraEx.ReflectMonitor: 	at android.os.Handler.dispatchMessage(Handler.java:100)
10-25 18:44:31.357 19962 22846 E PandoraEx.ReflectMonitor: 	at android.os.Looper.loopOnce(Looper.java:249)
10-25 18:44:31.357 19962 22846 E PandoraEx.ReflectMonitor: 	at android.os.Looper.loop(Looper.java:337)
10-25 18:44:31.357 19962 22846 E PandoraEx.ReflectMonitor: 	at android.os.HandlerThread.run(HandlerThread.java:85)
10-25 18:44:31.357 19962 22846 E PandoraEx.ReflectMonitor: Caused by: java.lang.ClassNotFoundException: com.qq.reader.qmethod.pandoraex.monitor.DeviceInfoMonitor
10-25 18:44:31.357 19962 22846 E PandoraEx.ReflectMonitor: 	... 18 more
10-25 18:44:31.358  2318  4215 E HyperSentinel: -------------------------------------------------------
10-25 18:44:31.358  2318  4215 E HyperSentinel: Event_ThreadAmount
10-25 18:44:31.358  2318  4215 E HyperSentinel: -> audit event by proc 19962 "<pre-initialized>": running threads amount, 23 -> 45
10-25 18:44:31.361  3030 15012 E libsensor-parseRGB: CWB NotifyCWBBufferDone  error 0
10-25 18:44:31.365  2318  3728 W ContextImpl: Calling a method in the system process without a qualified user: android.app.ContextImpl.sendBroadcast:1260 android.content.ContextWrapper.sendBroadcast:522 com.android.server.wifi.MiuiNetworkMonitor.sendBroadcastForNetwork:675 com.android.server.wifi.MiuiNetworkMonitor.notifyNetworkWarning:627 com.android.server.wifi.MiuiNetworkMonitor.evaluateNetworkQoE:561 
10-25 18:44:31.366 19962 22846 I QrKvConfig: QrKvDBHelper.getDBFile() -> kvDBRootPath=/data/user/0/com.qq.reader/files/QrKvRootPath/, kvDBName=night_mode, path=/data/user/0/com.qq.reader/files/QrKvRootPath/night_mode.db
10-25 18:44:31.366 19962 22846 I QrKvConfig: QrKvDBHelper.getDBFile() -> kvDBRootPath=/data/user/0/com.qq.reader/files/QrKvRootPath/, kvDBName=skin_selected, path=/data/user/0/com.qq.reader/files/QrKvRootPath/skin_selected.db
10-25 18:44:31.366 19962 22846 I QrKvConfig: QrKvDBHelper.getDBFile() -> kvDBRootPath=/data/user/0/com.qq.reader/files/QrKvRootPath/, kvDBName=qr_kv_db_name_theme, path=/data/user/0/com.qq.reader/files/QrKvRootPath/qr_kv_db_name_theme.db
10-25 18:44:31.372 19962 19962 I QrKvConfig: QrKvDBHelper.getDBFile() -> kvDBRootPath=/data/user/0/com.qq.reader/files/QrKvRootPath/, kvDBName=app_first_init_db, path=/data/user/0/com.qq.reader/files/QrKvRootPath/app_first_init_db.db
10-25 18:44:31.375 19962 19962 I MMKV    : <MMKV_IO.cpp:80::loadFromFile> loading [WORLD_NEWS_CONFIG] with 0 actual size, file size 4096, InterProcess 1, meta info version:0
10-25 18:44:31.375 19962 19962 I MMKV    : <MMKV_IO.cpp:131::loadFromFile> loaded [WORLD_NEWS_CONFIG] with 0 values
10-25 18:44:31.397  1656  7172 I MiStcImpl: Dispatching command: 3 PCC
10-25 18:44:31.397  2318  5443 W MiuiBoosterUtils: enable_miuibooster_launch : false
10-25 18:44:31.398  2318  4218 W ActivityManager: pid 2318 system sent binder code 31101 with flags 0 to frozen apps and got error -74
10-25 18:44:31.399  2318  5443 E ActivityTaskManager: Unable to get servicetracker HAL instance
10-25 18:44:31.399  4692  4887 I MiuiBubbleController: removeBubble: 33 reason=2
10-25 18:44:31.399  4692  4887 I MultiTaskingTaskRepository: onTaskInfoChanged multi list = [], full = [33]
10-25 18:44:31.401  2318  4204 I NetworkBoostStatusManager: onForegroundInfoChanged uid:10448, isColdStart:true
10-25 18:44:31.401  2318  4204 I SLM-SRV-SLAToast: foreground uid:10448, isColdStart:true, isLinkTurboEnable:false
10-25 18:44:31.402  7756 14874 I ProcessMonitor: onForegroundInfoChanged: ForegroundInfo{mForegroundPackageName='com.qq.reader', mForegroundUid=10448, mForegroundPid=19962, mLastForegroundPackageName='com.miui.home', mLastForegroundUid=10138, mLastForegroundPid=4299, mMultiWindowForegroundPackageName='com.qq.reader', mMultiWindowForegroundUid=10448, mFlags=1}
10-25 18:44:31.403  9289 25778 I GST     : forePkg: com.qq.reader, preForePkg: com.miui.home
10-25 18:44:31.403  7756 22495 W MIUISafety-Monitor: screen share ensure fg = com.qq.reader protect = false
10-25 18:44:31.403  2318  4204 I AudioGameEffect: foreground change to com.qq.reader, last foreground is com.miui.home
10-25 18:44:31.402  8364  8519 I AICall_MemoryTrim: binder:8364_2 onAppBackground()
10-25 18:44:31.403 19962 19962 I FileLockLib: [19962]file 127 unlocked. fl.pid=0
10-25 18:44:31.405  7756 14874 I GameBoosterService: onForegroundInfoChanged: Cur=com.qq.reader	 last=com.miui.home
10-25 18:44:31.406  7756 14874 I VideoBoxUtils: isSupportVideoBox: true
10-25 18:44:31.406  7756 14874 I VideoToolBoxService: vtb is closed!!!
