05-31 11:44:15.949  2231  2231 I GsaVoiceInteractionSrv: Handling ACTION_START_HOTWORD
05-31 11:44:15.949  2231  2231 I GsaVoiceInteractionSrv: disregardVoiceMatch: false
05-31 11:44:15.950  2231  2231 I GsaVoiceInteractionSrv: Cannot start hotword, hotword has been explicitly disabled.
05-31 11:44:15.960  5669 12129 I ProvidersCache: Provider returned no roots. Possibly naughty: com.google.android.apps.docs.storage
05-31 11:44:16.432   614   666 I ActivityManager: Killing 8969:com.google.android.configupdater/u0a91 (adj 965): empty #17
05-31 11:44:16.436   614   666 I ActivityManager: Killing 5692:com.android.externalstorage/u0a72 (adj 975): empty #18
05-31 11:44:16.438   614   678 I libprocessgroup: Successfully killed process cgroup uid 10091 pid 8969 in 0ms
05-31 11:44:16.453 10358 10358 I BranchSDK: onActivityStopped, activity = com.geozilla.family.onboarding.power.PowerOnboardingActivity@542b32a
05-31 11:44:16.455   318   318 I Zygote  : Process 8969 exited due to signal 9 (Killed)
05-31 11:44:16.460   318   318 I Zygote  : Process 5692 exited due to signal 9 (Killed)
05-31 11:44:16.468 10358 10358 I BranchSDK: onActivityDestroyed, activity = com.geozilla.family.onboarding.power.PowerOnboardingActivity@542b32a
05-31 11:44:16.472   614   637 W InputManager-JNI: Input channel object 'c7df8b4 com.geozilla.family/com.geozilla.family.onboarding.power.PowerOnboardingActivity (client)' was disposed without first being removed with the input manager!
05-31 11:44:16.476   614   667 W ActivityTaskManager: Can't find TaskDisplayArea to determine support for multi window. Task id=14 attached=false
05-31 11:44:16.476   614   667 W ActivityTaskManager: Can't find TaskDisplayArea to determine support for multi window. Task id=14 attached=false
05-31 11:44:16.484   614   678 I libprocessgroup: Successfully killed process cgroup uid 10072 pid 5692 in 0ms
05-31 11:44:16.827 10358 10448 E u3.f    : Invalid API key, make sure your API key is correct in initialize()
05-31 11:44:17.093  1475  1745 W MediaProvider: isAppCloneUserPair for user 0: false
05-31 11:44:17.110   176   176 I hwservicemanager: getTransport: Cannot find entry android.hardware.graphics.mapper@4.0::IMapper/default in either framework or device VINTF manifest.
05-31 11:44:17.111 12160 12162 I Gralloc4: mapper 4.x is not supported
05-31 11:44:17.404  1475  5109 I MediaProvider: Begin Intent { act=android.intent.action.MEDIA_SCANNER_SCAN_FILE dat=file:///sdcard/screen_2025-05-31_194417.png flg=0x1400010 cmp=com.google.android.providers.media.module/com.android.providers.media.MediaService }
05-31 11:44:17.411  1475  5109 I MediaProvider: End Intent { act=android.intent.action.MEDIA_SCANNER_SCAN_FILE dat=file:///sdcard/screen_2025-05-31_194417.png flg=0x1400010 cmp=com.google.android.providers.media.module/com.android.providers.media.MediaService }
05-31 11:44:17.489  1475  5089 I MediaProvider: Deleted 0 1 0 0 0 0 0 items on external_primary due to com.android.shell
05-31 11:44:17.490  1312  2173 I UriTaskContentObserver: (REDACTED) Throttling content uri change event for %s
05-31 11:44:17.813 10358 10688 I FA      : Application backgrounded at: timestamp_millis: 1748691855796
05-31 11:44:18.028  1475  1745 W MediaProvider: isAppCloneUserPair for user 0: false
05-31 11:44:18.051   176   176 I hwservicemanager: getTransport: Cannot find entry android.hardware.graphics.mapper@4.0::IMapper/default in either framework or device VINTF manifest.
05-31 11:44:18.051 12197 12199 I Gralloc4: mapper 4.x is not supported
05-31 11:44:18.335  1475  5109 I MediaProvider: Begin Intent { act=android.intent.action.MEDIA_SCANNER_SCAN_FILE dat=file:///sdcard/screen_2025-05-31_194418.png flg=0x1400010 cmp=com.google.android.providers.media.module/com.android.providers.media.MediaService }
05-31 11:44:18.347  1475  5109 I MediaProvider: End Intent { act=android.intent.action.MEDIA_SCANNER_SCAN_FILE dat=file:///sdcard/screen_2025-05-31_194418.png flg=0x1400010 cmp=com.google.android.providers.media.module/com.android.providers.media.MediaService }
05-31 11:44:18.426  1475  4300 I MediaProvider: Deleted 0 1 0 0 0 0 0 items on external_primary due to com.android.shell
05-31 11:44:18.427  1312  2173 I UriTaskContentObserver: (REDACTED) Throttling content uri change event for %s
05-31 11:44:18.606  5669 12220 I ProvidersCache: Provider returned no roots. Possibly naughty: com.google.android.apps.docs.storage
05-31 11:44:18.723  1312 10739 I NetworkScheduler.Stats: (REDACTED) Task %s/%s started execution. cause:%s exec_start_elapsed_seconds: %s
05-31 11:44:18.730  1312 10184 I NetworkScheduler.Stats: (REDACTED) Task %s/%s finished executing. cause:%s result: %s elapsed_millis: %s uptime_millis: %s exec_start_elapsed_seconds: %s
05-31 11:44:18.946  5669 12242 I ProvidersCache: Provider returned no roots. Possibly naughty: com.google.android.apps.docs.storage
05-31 11:44:19.102  1475  1745 W MediaProvider: isAppCloneUserPair for user 0: false
05-31 11:44:19.122   176   176 I hwservicemanager: getTransport: Cannot find entry android.hardware.graphics.mapper@4.0::IMapper/default in either framework or device VINTF manifest.
05-31 11:44:19.122 12249 12251 I Gralloc4: mapper 4.x is not supported
05-31 11:44:19.424  1475  5109 I MediaProvider: Begin Intent { act=android.intent.action.MEDIA_SCANNER_SCAN_FILE dat=file:///sdcard/screen_2025-05-31_194419.png flg=0x1400010 cmp=com.google.android.providers.media.module/com.android.providers.media.MediaService }
05-31 11:44:19.433  1475  5109 I MediaProvider: End Intent { act=android.intent.action.MEDIA_SCANNER_SCAN_FILE dat=file:///sdcard/screen_2025-05-31_194419.png flg=0x1400010 cmp=com.google.android.providers.media.module/com.android.providers.media.MediaService }
05-31 11:44:19.524  1475  5089 I MediaProvider: Deleted 0 1 0 0 0 0 0 items on external_primary due to com.android.shell
05-31 11:44:19.526  1312  2173 I UriTaskContentObserver: (REDACTED) Throttling content uri change event for %s
05-31 11:44:19.771  5669 12275 I ProvidersCache: Provider returned no roots. Possibly naughty: com.google.android.apps.docs.storage
05-31 11:44:19.837   614   637 I ActivityTaskManager: START u0 {act=android.intent.action.MAIN cat=[android.intent.category.LAUNCHER] flg=0x10000000 cmp=com.geozilla.family/com.mteam.mfamily.ui.SplashScreenActivity} from uid 2000
05-31 11:44:19.838   614   637 W ActivityTaskManager: Can't find TaskDisplayArea to determine support for multi window. Task id=15 attached=false
05-31 11:44:19.846   614  2398 W ActivityTaskManager: Tried to set launchTime (0) < mLastActivityLaunchTime (1251693)
05-31 11:44:19.861 10358 10358 I BranchSDK: onActivityCreated, activity = com.mteam.mfamily.ui.SplashScreenActivity@882c41e
05-31 11:44:19.931 10358 10358 I BranchSDK: onActivityStarted, activity = com.mteam.mfamily.ui.SplashScreenActivity@882c41e
05-31 11:44:19.950 10358 10358 I BranchSDK: processNextQueueItem, req ServerRequestRegisterOpen
05-31 11:44:19.953 10358 10358 I BranchSDK: onActivityResumed, activity = com.mteam.mfamily.ui.SplashScreenActivity@882c41e
05-31 11:44:19.953 10358 10358 I BranchSDK: processNextQueueItem, req ServerRequestRegisterOpen
05-31 11:44:19.963  2231  2231 I GsaVoiceInteractionSrv: Handling ACTION_STOP_HOTWORD
05-31 11:44:19.963  2231  2231 E HwDetectorWithState: a: 3
05-31 11:44:20.034 10358 10358 I BranchSDK: processNextQueueItem, req ServerRequestRegisterOpen
05-31 11:44:20.037 10358 10438 I BranchSDK: posting to https://api2.branch.io/v1/open
05-31 11:44:20.038 10358 10438 I BranchSDK: Post value = {"randomized_device_token":"1457326028560255764","randomized_bundle_token":"1457326028619306472","hardware_id":"f2826b82-8647-4b9a-8eab-f0540720829c","is_hardware_id_real":false,"brand":"Google","model":"sdk_gphone64_x86_64","screen_dpi":420,"screen_height":2274,"screen_width":1080,"wifi":true,"ui_mode":"UI_MODE_TYPE_NORMAL","os":"Android","os_version":31,"cpu_type":"x86_64","build":"SE1A.211212.001.B1","locale":"en_US","connection_type":"wifi","device_carrier":"T-Mobile","os_version_android":"12","country":"US","language":"en","local_ip":"10.0.2.16","partner_data":{},"app_version":"6.43.28","initial_referrer":"android-app:\/\/com.android.shell","facebook_app_link_checked":false,"debug":false,"update":1,"latest_install_time":1748691816440,"latest_update_time":1748691816440,"first_install_time":1748691816440,"previous_update_time":1748691816440,"environment":"FULL_APP","metadata":{},"advertising_ids":{"aaid":"22be52e5-926c-40c3-968f-e7850ab1501f"},"lat_val":0,"google_advertising_id":"22be52e5-926c-40c3-968f-e7850ab1501f","instrumentation":{"v1\/open-brtt":"578","v1\/open-qwt":"0"},"sdk":"android5.2.0","branch_key":"key_live_bcoPpjCuodvtKX0CZn3Byepmuyn57Y6F"}
05-31 11:44:20.051   614   663 I ActivityTaskManager: Displayed com.geozilla.family/com.mteam.mfamily.ui.SplashScreenActivity: +207ms
05-31 11:44:20.095  5669 12298 I ProvidersCache: Provider returned no roots. Possibly naughty: com.google.android.apps.docs.storage
05-31 11:44:20.096  1705 10760 I AdvertisingIdClient: shouldSendLog 105907
05-31 11:44:20.096  1705 10760 I AdvertisingIdClient: GetInfoInternal elapse 5ms
05-31 11:44:20.217   614  2398 W ActivityManager: Unable to start service Intent { act=android.service.smartspace.SmartspaceService cmp=com.google.android.as/com.google.android.apps.miphone.aiai.app.AiAiSmartspaceService } U=0: not found
05-31 11:44:20.219   614  2398 W RemoteSmartspaceService: could not bind to Intent { act=android.service.smartspace.SmartspaceService cmp=com.google.android.as/com.google.android.apps.miphone.aiai.app.AiAiSmartspaceService } using flags 67112961
05-31 11:44:20.223   614   614 W ActivityManager: Unbind failed: could not find connection for android.app.LoadedApk$ServiceDispatcher$InnerConnection@14c8f4b
05-31 11:44:20.236  1894  1894 I A       : onApplyWindowInsets: systemWindowInsets=Insets{left=0, top=63, right=0, bottom=126}
05-31 11:44:20.237  1894  1894 I A       : onApplyWindowInsets: systemWindowInsets=Insets{left=0, top=63, right=0, bottom=126}
05-31 11:44:20.340   614  2398 W InputManager-JNI: Input channel object '6721a2d Splash Screen com.geozilla.family (client)' was disposed without first being removed with the input manager!
05-31 11:44:20.457 10358 10438 I BranchSDK: Server returned: [6fc71cd9-071b-4035-ba2d-c4bb8c8d4124-2025053111] Status: [200]; Data: {"data":"{\"+clicked_branch_link\":false,\"+is_first_session\":false}","link":"https://bnc.lt/a/key_live_bcoPpjCuodvtKX0CZn3Byepmuyn57Y6F?%24randomized_bundle_token=1457326028619306472","randomized_bundle_token":"1457326028619306472","randomized_device_token":"1457326028560255764","session_id":"1457326171367853254"}
05-31 11:44:20.471   329   329 I WVCdm   : [app][com.geozilla.family] calling virtual Return<void> wvdrm::hardware::drm::V1_4::widevine::WVDrmFactory::createPlugin(const hidl_array<uint8_t, 16> &, const android::hardware::hidl_string &, android::hardware::drm::V1_4::IDrmFactory::createPlugin_cb)
05-31 11:44:20.864  5669 12310 I ProvidersCache: Provider returned no roots. Possibly naughty: com.google.android.apps.docs.storage
05-31 11:44:21.164  5669 12322 I ProvidersCache: Provider returned no roots. Possibly naughty: com.google.android.apps.docs.storage
05-31 11:44:21.208   614  4356 I ActivityTaskManager: START u0 {flg=0x10008000 cmp=com.geozilla.family/.onboarding.power.PowerOnboardingActivity} from uid 10153
05-31 11:44:21.240 10358 10358 I BranchSDK: onActivityPaused, activity = com.mteam.mfamily.ui.SplashScreenActivity@882c41e
05-31 11:44:21.241   614  2398 W ActivityTaskManager: Tried to set launchTime (0) < mLastActivityLaunchTime (1280673)
05-31 11:44:21.255 10358 10358 I BranchSDK: onActivityCreated, activity = com.geozilla.family.onboarding.power.PowerOnboardingActivity@44320f0
05-31 11:44:21.260 10358 10358 I BranchSDK: onActivityStarted, activity = com.geozilla.family.onboarding.power.PowerOnboardingActivity@44320f0
05-31 11:44:21.269 10358 10358 I BranchSDK: onActivityResumed, activity = com.geozilla.family.onboarding.power.PowerOnboardingActivity@44320f0
05-31 11:44:21.339  1475  5089 W MediaProvider: isAppCloneUserPair for user 0: false
05-31 11:44:21.650   176   176 I hwservicemanager: getTransport: Cannot find entry android.hardware.graphics.mapper@4.0::IMapper/default in either framework or device VINTF manifest.
05-31 11:44:21.651 12334 12337 I Gralloc4: mapper 4.x is not supported
05-31 11:44:21.725   859   880 W System  : A resource failed to call close. 
05-31 11:44:21.726   859   880 W System  : A resource failed to call close. 
05-31 11:44:21.726   859   880 W System  : A resource failed to call close. 
05-31 11:44:21.726   859   880 W System  : A resource failed to call release. 
05-31 11:44:21.726   859   880 W System  : A resource failed to call release. 
05-31 11:44:21.806   614   663 I ActivityTaskManager: Displayed com.geozilla.family/.onboarding.power.PowerOnboardingActivity: +592ms
05-31 11:44:21.846  1475  5109 I MediaProvider: Begin Intent { act=android.intent.action.MEDIA_SCANNER_SCAN_FILE dat=file:///sdcard/screen_2025-05-31_194421.png flg=0x1400010 cmp=com.google.android.providers.media.module/com.android.providers.media.MediaService }
05-31 11:44:21.858  1475  5109 I MediaProvider: End Intent { act=android.intent.action.MEDIA_SCANNER_SCAN_FILE dat=file:///sdcard/screen_2025-05-31_194421.png flg=0x1400010 cmp=com.google.android.providers.media.module/com.android.providers.media.MediaService }
05-31 11:44:21.942  1475  1748 I MediaProvider: Deleted 0 1 0 0 0 0 0 items on external_primary due to com.android.shell
05-31 11:44:21.945  1312  2173 I UriTaskContentObserver: (REDACTED) Throttling content uri change event for %s
05-31 11:44:22.033 10358 10448 E u3.f    : Invalid API key, make sure your API key is correct in initialize()
05-31 11:44:22.090   614  4356 W InputManager-JNI: Input channel object 'd4ada04 Splash Screen com.geozilla.family (client)' was disposed without first being removed with the input manager!
05-31 11:44:22.149 10358 10370 W System  : A resource failed to call release. 
05-31 11:44:22.151   329   382 E WVCdm   : [wv_content_decryption_module.cpp(426):GetMetricsInternal] Cdm Identifier not found
05-31 11:44:22.152   329   382 E WVCdm   : [wv_content_decryption_module.cpp(486):CloseCdm] Cdm Identifier not found
05-31 11:44:22.152   329   382 E WVCdm   : Failed to close cdm. status 12
05-31 11:44:22.152 10358 10370 W System  : A resource failed to call release. 
05-31 11:44:22.153   329   382 E WVCdm   : [wv_content_decryption_module.cpp(426):GetMetricsInternal] Cdm Identifier not found
05-31 11:44:22.154   329   382 E WVCdm   : [wv_content_decryption_module.cpp(486):CloseCdm] Cdm Identifier not found
05-31 11:44:22.155   329   382 E WVCdm   : Failed to close cdm. status 12
05-31 11:44:22.155 10358 10370 W System  : A resource failed to call release. 
05-31 11:44:22.156   329   329 E WVCdm   : [wv_content_decryption_module.cpp(426):GetMetricsInternal] Cdm Identifier not found
05-31 11:44:22.157   329   329 E WVCdm   : [wv_content_decryption_module.cpp(486):CloseCdm] Cdm Identifier not found
05-31 11:44:22.157   329   329 E WVCdm   : Failed to close cdm. status 12
05-31 11:44:22.158 10358 10370 W System  : A resource failed to call release. 
05-31 11:44:22.158   329   382 E WVCdm   : [wv_content_decryption_module.cpp(426):GetMetricsInternal] Cdm Identifier not found
05-31 11:44:22.159   329   382 E WVCdm   : [wv_content_decryption_module.cpp(486):CloseCdm] Cdm Identifier not found
05-31 11:44:22.159   329   382 E WVCdm   : Failed to close cdm. status 12
05-31 11:44:22.159 10358 10370 W System  : A resource failed to call release. 
05-31 11:44:22.160   329   382 E WVCdm   : [wv_content_decryption_module.cpp(426):GetMetricsInternal] Cdm Identifier not found
05-31 11:44:22.161   329   382 E WVCdm   : [wv_content_decryption_module.cpp(486):CloseCdm] Cdm Identifier not found
05-31 11:44:22.161   329   382 E WVCdm   : Failed to close cdm. status 12
05-31 11:44:22.162 10358 10370 W System  : A resource failed to call release. 
05-31 11:44:22.162   329   382 E WVCdm   : [wv_content_decryption_module.cpp(426):GetMetricsInternal] Cdm Identifier not found
05-31 11:44:22.164   329   382 E WVCdm   : [wv_content_decryption_module.cpp(486):CloseCdm] Cdm Identifier not found
05-31 11:44:22.164   329   382 E WVCdm   : Failed to close cdm. status 12
05-31 11:44:22.164 10358 10370 W System  : A resource failed to call release. 
05-31 11:44:22.164   329   382 E WVCdm   : [wv_content_decryption_module.cpp(426):GetMetricsInternal] Cdm Identifier not found
05-31 11:44:22.166   329   382 E WVCdm   : [wv_content_decryption_module.cpp(486):CloseCdm] Cdm Identifier not found
05-31 11:44:22.166   329   382 E WVCdm   : Failed to close cdm. status 12
05-31 11:44:22.170   329   382 I WVCdm   : [(0):] L3 Terminate.
