05-31 11:43:51.931   614  4220 I ActivityTaskManager: START u0 {act=android.intent.action.MAIN cat=[android.intent.category.LAUNCHER] flg=0x10000000 cmp=com.geozilla.family/com.mteam.mfamily.ui.SplashScreenActivity} from uid 2000
05-31 11:43:52.316  5669 11068 I ProvidersCache: Provider returned no roots. Possibly naughty: com.google.android.apps.docs.storage
05-31 11:43:52.473  1312 10184 I HeterodyneSyncer: (REDACTED) Removed %d invalid users
05-31 11:43:52.583 10616 11071 I Finsky:background: [93] ppt.d(112): playLoggingServerUrl: https://play.googleapis.com/play/log
05-31 11:43:52.583 10616 11071 I Finsky:background: [93] ppt.d(129): playLoggingServerTimestampUrl: https://play.googleapis.com/play/log/timestamp
05-31 11:43:53.219  5669 11095 I ProvidersCache: Provider returned no roots. Possibly naughty: com.google.android.apps.docs.storage
05-31 11:43:53.362  1475  1748 W MediaProvider: isAppCloneUserPair for user 0: false
05-31 11:43:53.383   176   176 I hwservicemanager: getTransport: Cannot find entry android.hardware.graphics.mapper@4.0::IMapper/default in either framework or device VINTF manifest.
05-31 11:43:53.384 11098 11100 I Gralloc4: mapper 4.x is not supported
05-31 11:43:53.505  1475  5109 I MediaProvider: Begin Intent { act=android.intent.action.MEDIA_SCANNER_SCAN_FILE dat=file:///sdcard/screen_2025-05-31_194353.png flg=0x1400010 cmp=com.google.android.providers.media.module/com.android.providers.media.MediaService }
05-31 11:43:53.512  1475  5109 I MediaProvider: End Intent { act=android.intent.action.MEDIA_SCANNER_SCAN_FILE dat=file:///sdcard/screen_2025-05-31_194353.png flg=0x1400010 cmp=com.google.android.providers.media.module/com.android.providers.media.MediaService }
05-31 11:43:53.636  1475  4300 I MediaProvider: Deleted 0 1 0 0 0 0 0 items on external_primary due to com.android.shell
05-31 11:43:54.189  1475  1748 W MediaProvider: isAppCloneUserPair for user 0: false
05-31 11:43:54.202   176   176 I hwservicemanager: getTransport: Cannot find entry android.hardware.graphics.mapper@4.0::IMapper/default in either framework or device VINTF manifest.
05-31 11:43:54.203 11137 11139 I Gralloc4: mapper 4.x is not supported
05-31 11:43:54.327  1475  5109 I MediaProvider: Begin Intent { act=android.intent.action.MEDIA_SCANNER_SCAN_FILE dat=file:///sdcard/screen_2025-05-31_194354.png flg=0x1400010 cmp=com.google.android.providers.media.module/com.android.providers.media.MediaService }
05-31 11:43:54.339  1475  5109 I MediaProvider: End Intent { act=android.intent.action.MEDIA_SCANNER_SCAN_FILE dat=file:///sdcard/screen_2025-05-31_194354.png flg=0x1400010 cmp=com.google.android.providers.media.module/com.android.providers.media.MediaService }
05-31 11:43:54.402  1475  5089 I MediaProvider: Deleted 0 1 0 0 0 0 0 items on external_primary due to com.android.shell
05-31 11:43:54.403  1312  2173 I UriTaskContentObserver: (REDACTED) Throttling content uri change event for %s
05-31 11:43:54.551 10358 10491 E GoogleApiManager: Failed to get service from broker. 
05-31 11:43:54.551 10358 10491 E GoogleApiManager: java.lang.SecurityException: Unknown calling package name 'com.google.android.gms'.
05-31 11:43:54.551 10358 10491 E GoogleApiManager: 	at android.os.Parcel.createExceptionOrNull(Parcel.java:2425)
05-31 11:43:54.551 10358 10491 E GoogleApiManager: 	at android.os.Parcel.createException(Parcel.java:2409)
05-31 11:43:54.551 10358 10491 E GoogleApiManager: 	at android.os.Parcel.readException(Parcel.java:2392)
05-31 11:43:54.551 10358 10491 E GoogleApiManager: 	at android.os.Parcel.readException(Parcel.java:2334)
05-31 11:43:54.551 10358 10491 E GoogleApiManager: 	at axmv.a(:com.google.android.gms@251933032@25.19.33 (190800-762115751):36)
05-31 11:43:54.551 10358 10491 E GoogleApiManager: 	at axlc.z(:com.google.android.gms@251933032@25.19.33 (190800-762115751):143)
05-31 11:43:54.551 10358 10491 E GoogleApiManager: 	at awsh.run(:com.google.android.gms@251933032@25.19.33 (190800-762115751):42)
05-31 11:43:54.551 10358 10491 E GoogleApiManager: 	at android.os.Handler.handleCallback(Handler.java:938)
05-31 11:43:54.551 10358 10491 E GoogleApiManager: 	at android.os.Handler.dispatchMessage(Handler.java:99)
05-31 11:43:54.551 10358 10491 E GoogleApiManager: 	at cgie.mK(:com.google.android.gms@251933032@25.19.33 (190800-762115751):1)
05-31 11:43:54.551 10358 10491 E GoogleApiManager: 	at cgie.dispatchMessage(:com.google.android.gms@251933032@25.19.33 (190800-762115751):5)
05-31 11:43:54.551 10358 10491 E GoogleApiManager: 	at android.os.Looper.loopOnce(Looper.java:201)
05-31 11:43:54.551 10358 10491 E GoogleApiManager: 	at android.os.Looper.loop(Looper.java:288)
05-31 11:43:54.551 10358 10491 E GoogleApiManager: 	at android.os.HandlerThread.run(HandlerThread.java:67)
05-31 11:43:54.554 10358 10491 E GoogleApiManager: Failed to get service from broker. 
05-31 11:43:54.554 10358 10491 E GoogleApiManager: java.lang.SecurityException: Unknown calling package name 'com.google.android.gms'.
05-31 11:43:54.554 10358 10491 E GoogleApiManager: 	at android.os.Parcel.createExceptionOrNull(Parcel.java:2425)
05-31 11:43:54.554 10358 10491 E GoogleApiManager: 	at android.os.Parcel.createException(Parcel.java:2409)
05-31 11:43:54.554 10358 10491 E GoogleApiManager: 	at android.os.Parcel.readException(Parcel.java:2392)
05-31 11:43:54.554 10358 10491 E GoogleApiManager: 	at android.os.Parcel.readException(Parcel.java:2334)
05-31 11:43:54.554 10358 10491 E GoogleApiManager: 	at axmv.a(:com.google.android.gms@251933032@25.19.33 (190800-762115751):36)
05-31 11:43:54.554 10358 10491 E GoogleApiManager: 	at axlc.z(:com.google.android.gms@251933032@25.19.33 (190800-762115751):143)
05-31 11:43:54.554 10358 10491 E GoogleApiManager: 	at awsh.run(:com.google.android.gms@251933032@25.19.33 (190800-762115751):42)
05-31 11:43:54.554 10358 10491 E GoogleApiManager: 	at android.os.Handler.handleCallback(Handler.java:938)
05-31 11:43:54.554 10358 10491 E GoogleApiManager: 	at android.os.Handler.dispatchMessage(Handler.java:99)
05-31 11:43:54.554 10358 10491 E GoogleApiManager: 	at cgie.mK(:com.google.android.gms@251933032@25.19.33 (190800-762115751):1)
05-31 11:43:54.554 10358 10491 E GoogleApiManager: 	at cgie.dispatchMessage(:com.google.android.gms@251933032@25.19.33 (190800-762115751):5)
05-31 11:43:54.554 10358 10491 E GoogleApiManager: 	at android.os.Looper.loopOnce(Looper.java:201)
05-31 11:43:54.554 10358 10491 E GoogleApiManager: 	at android.os.Looper.loop(Looper.java:288)
05-31 11:43:54.554 10358 10491 E GoogleApiManager: 	at android.os.HandlerThread.run(HandlerThread.java:67)
05-31 11:43:54.824 10446 10512 I Finsky  : [70] mag.run(1185): Initializing the instant apps module.
05-31 11:43:54.831 10446 10535 I Finsky  : [81] rfn.a(863): System was updated or GL extensions were already cached.
05-31 11:43:54.842 10446 10501 I Finsky  : [60] adql.h(12): Triggered update for experiment package com.google.android.finsky.stable.
05-31 11:43:54.852 10446 11042 I PhClient: Unable to retrieve flag snapshot for com.google.android.gms.phenotype, using defaults.
05-31 11:43:54.888 10446 10501 I Finsky  : [60] adql.h(65): Already at the latest configurations for experiment package com.google.android.finsky.stable.
05-31 11:43:54.889 10446 10501 I Finsky  : [60] adql.h(12): Triggered update for experiment package com.google.android.finsky.regular.
05-31 11:43:54.899 10446 10501 I Finsky  : [60] adql.h(65): Already at the latest configurations for experiment package com.google.android.finsky.regular.
05-31 11:43:54.902 10446 10512 I Finsky  : [70] mag.run(722): Component class com.google.android.finsky.wearsupport.WearSupportService disabled via PackageManager.
05-31 11:43:54.903 10446 10512 I Finsky  : [70] mag.run(722): Component class com.google.android.finsky.wearsupport.WearChangeListenerService disabled via PackageManager.
05-31 11:43:54.960 10446 10531 W Finsky  : [77] afth.a(57): PreloadClasses: Unable to load [kotlinx.coroutines.internal.ThreadContextKt$countAll$1, kotlinx.coroutines.internal.ThreadContextKt$findOne$1, kotlinx.coroutines.internal.ThreadContextKt$updateState$1, androidx.compose.runtime.snapshots.SnapshotKt$emptyLambda$1, androidx.compose.runtime.Recomposer$broadcastFrameClock$1, androidx.compose.runtime.Recomposer$recompositionRunner$2$unregisterApplyObserver$1, androidx.compose.runtime.ComposableSingletons$CompositionKt$lambda-1$1, androidx.compose.runtime.ComposableSingletons$CompositionKt$lambda-2$1, androidx.compose.ui.platform.ComposableSingletons$Wrapper_androidKt$lambda-1$1, androidx.compose.runtime.Recomposer$readObserverOf$1, androidx.compose.runtime.Recomposer$writeObserverOf$1, androidx.compose.ui.platform.AndroidCompositionLocals_androidKt$LocalSavedStateRegistryOwner$1, androidx.compose.runtime.saveable.SaveableStateRegistryKt$LocalSaveableStateRegistry$1, androidx.compose.material3.TypographyKt$LocalTypography$1, androidx.compose.material.ColorsKt$LocalColors$1, androidx.compose.material.ShapesKt$LocalShapes$1, androidx.compose.material.ContentAlphaKt$LocalContentAlpha$1, androidx.compose.foundation.IndicationKt$LocalIndication$1, androidx.compose.material.ripple.RippleThemeKt$LocalRippleTheme$1, androidx.compose.foundation.text.selection.TextSelectionColorsKt$LocalTextSelectionColors$1, androidx.compose.material.TextKt$LocalTextStyle$1, androidx.compose.animation.core.InfiniteTransition$run$2, androidx.compose.animation.core.VectorConvertersKt$FloatToVector$1, androidx.compose.animation.core.VectorConvertersKt$FloatToVector$2, androidx.compose.animation.core.VectorConvertersKt$IntToVector$2, androidx.compose.animation.core.VectorConvertersKt$DpToVector$1, androidx.compose.animation.core.VectorConvertersKt$DpToVector$2, androidx.compose.material.ProgressIndicatorKt$CircularProgressIndicator$endAngle$2, androidx.compose.material.ProgressIndicatorKt$CircularProgressIndicator$startAngle$2, androidx.compose.foundation.ProgressSemanticsKt$progressSemantics$2, androidx.compose.material.MaterialThemeKt$MaterialTheme$2, androidx.compose.runtime.BroadcastFrameClock$withFrameNanos$2$1, androidx.compose.foundation.text.selection.SelectionRegistrarKt$LocalSelectionRegistrar$1, androidx.compose.runtime.saveable.SaverKt$AutoSaver$1, androidx.compose.runtime.saveable.SaverKt$AutoSaver$2, androidx.compose.material.ElevationOverlayKt$LocalElevationOverlay$1, androidx.compose.material.ElevationOverlayKt$LocalAbsoluteElevation$1, androidx.compose.material.TextKt$Text$4, androidx.compose.material.TextKt$ProvideTextStyle$1, androidx.compose.material.SurfaceKt$Surface$2, androidx.compose.material.ButtonKt$Button$3, androidx.compose.foundation.gestures.ScrollableStateKt$rememberScrollableState$1$1, androidx.compose.material.TextKt$Text$3, androidx.compose.material3.TextKt$Text$3, androidx.compose.foundation.layout.BoxWithConstraintsKt$BoxWithConstraints$1$1, androidx.compose.runtime.Updater$init$1, androidx.compose.runtime.internal.ComposableLambdaImpl$invoke$2, androidx.compose.ui.text.MultiParagraphIntrinsics$minIntrinsicWidth$2, androidx.compose.ui.text.MultiParagraphIntrinsics$maxIntrinsicWidth$2, androidx.compose.ui.text.platform.extensions.SpannableExtensions_androidKt$setFontAttributes$1, androidx.compose.foundation.layout.PaddingValuesModifier$measure$2, androidx.compose.ui.layout.ComposableSingletons$SubcomposeLayoutKt$lambda-1$1, androidx.compose.runtime.snapshots.SnapshotKt$mergedReadObserver$1, androidx.compose.runtime.snapshots.SnapshotKt$mergedWriteObserver$1, androidx.compose.foundation.lazy.LazyListState$Companion$Saver$1, androidx.compose.foundation.lazy.LazyListState$Companion$Saver$2, androidx.compose.runtime.saveable.ListSaverKt$listSaver$1, androidx.compose.foundation.lazy.LazyListState$scrollableState$1, androidx.compose.runtime.saveable.SaveableStateHolderImpl$Companion$Saver$1, androidx.compose.runtime.saveable.SaveableStateHolderImpl$Companion$Saver$2, androidx.compose.runtime.saveable.SaveableStateHolderKt$rem
05-31 11:43:54.969  1312 10184 I PhenotypeResourceReader: unable to find any Phenotype resource metadata for com.geozilla.family
05-31 11:43:54.972  1312 10184 I HeterodyneSyncScheduler: (REDACTED) Scheduling adaptive one off task with window [%d, %d] in seconds
05-31 11:43:55.029  1475  1748 W MediaProvider: isAppCloneUserPair for user 0: false
05-31 11:43:55.036  1312 10184 I NetworkScheduler.Stats: (REDACTED) Task %s/%s finished executing. cause:%s result: %s elapsed_millis: %s uptime_millis: %s exec_start_elapsed_seconds: %s
05-31 11:43:55.046   176   176 I hwservicemanager: getTransport: Cannot find entry android.hardware.graphics.mapper@4.0::IMapper/default in either framework or device VINTF manifest.
05-31 11:43:55.047 11180 11182 I Gralloc4: mapper 4.x is not supported
05-31 11:43:55.145  5669 11186 I ProvidersCache: Provider returned no roots. Possibly naughty: com.google.android.apps.docs.storage
05-31 11:43:55.248  1475  5109 I MediaProvider: Begin Intent { act=android.intent.action.MEDIA_SCANNER_SCAN_FILE dat=file:///sdcard/screen_2025-05-31_194355.png flg=0x1400010 cmp=com.google.android.providers.media.module/com.android.providers.media.MediaService }
05-31 11:43:55.253  1475  5109 I MediaProvider: End Intent { act=android.intent.action.MEDIA_SCANNER_SCAN_FILE dat=file:///sdcard/screen_2025-05-31_194355.png flg=0x1400010 cmp=com.google.android.providers.media.module/com.android.providers.media.MediaService }
05-31 11:43:55.351  1475  4300 I MediaProvider: Deleted 0 1 0 0 0 0 0 items on external_primary due to com.android.shell
05-31 11:43:55.515  5669 11199 I ProvidersCache: Provider returned no roots. Possibly naughty: com.google.android.apps.docs.storage
05-31 11:43:55.547 10446 10935 I Finsky  : [119] rul.d(1): registerListener
05-31 11:43:55.549 10446 10935 I Finsky  : [119] bdmc.n(6): getDownloads()
05-31 11:43:55.551 10446 10935 I Finsky  : [119] ra.run(51): Initialized AssetModuleDownloader.
05-31 11:43:55.554 10616 10658 I Finsky:background: [71] rqw.j(6): DS: getDownloads()
05-31 11:43:55.566 10446 10446 I Finsky  : [2] ajtt.run(723): setup::RES: shouldRecoverRestoredPackages: flag false, versionCodeSystem 82594910
05-31 11:43:55.569 10446 10446 I Finsky  : [2] ajsf.run(449): Detected restoreservicev2://recovery not needed, will not run
05-31 11:43:55.757   190 10409 I keystore2: keystore2::watchdog: Watchdog thread idle -> terminating. Have a great day.
05-31 11:43:56.042   329   329 I WVCdm   : [app][com.geozilla.family] calling virtual Return<void> wvdrm::hardware::drm::V1_4::widevine::WVDrmFactory::createPlugin(const hidl_array<uint8_t, 16> &, const android::hardware::hidl_string &, android::hardware::drm::V1_4::IDrmFactory::createPlugin_cb)
05-31 11:43:56.043   329   329 I WVCdm   : [oemcrypto_adapter_dynamic.cpp(702):Initialize] Level 3 Build Info (v16): OEMCrypto Level3 Code 22596 May 28 2021 16:59:00
05-31 11:43:56.043   329 11238 I WVCdm   : [(0):] Level3 Library 22596 May 28 2021 16:59:00
05-31 11:43:56.046   329   329 I WVCdm   : [oemcrypto_adapter_dynamic.cpp(716):Initialize] L3 Initialized. Trying L1.
05-31 11:43:56.046   329   329 W WVCdm   : [oemcrypto_adapter_dynamic.cpp(728):Initialize] Could not load liboemcrypto.so. Falling back to L3.  dlopen failed: library "liboemcrypto.so" not found
05-31 11:43:56.047   329   329 I WVCdm   : [usage_table_header.cpp(204):RestoreTable] Found usage table to restore: entry_count = 0
05-31 11:43:56.363   329   329 I WVCdm   : [app][com.geozilla.family] calling virtual Return<void> wvdrm::hardware::drm::V1_4::widevine::WVDrmFactory::createPlugin(const hidl_array<uint8_t, 16> &, const android::hardware::hidl_string &, android::hardware::drm::V1_4::IDrmFactory::createPlugin_cb)
05-31 11:43:56.407  1705 10760 I AdvertisingIdClient: shouldSendLog 105907
05-31 11:43:56.407  1705 10760 I AdvertisingIdClient: GetInfoInternal elapse 1ms
05-31 11:43:56.559  5669 11288 I ProvidersCache: Provider returned no roots. Possibly naughty: com.google.android.apps.docs.storage
05-31 11:43:56.719 10358 10427 I TableUtils: clearing table 'users' with 'DELETE FROM `users`
05-31 11:43:56.730 10358 10427 I TableUtils: clearing table 'locations' with 'DELETE FROM `locations`
05-31 11:43:56.753 10358 10427 I TableUtils: clearing table 'last_updated_time' with 'DELETE FROM `last_updated_time`
05-31 11:43:56.767 10358 10427 I TableUtils: clearing table 'circles' with 'DELETE FROM `circles`
05-31 11:43:56.779 10358 10427 I TableUtils: clearing table 'alerts' with 'DELETE FROM `alerts`
05-31 11:43:56.796 10358 10427 I TableUtils: clearing table 'areas' with 'DELETE FROM `areas`
05-31 11:43:56.807 10358 10427 I TableUtils: clearing table 'invitations' with 'DELETE FROM `invitations`
05-31 11:43:56.825 10358 10427 I TableUtils: clearing table 'transitions' with 'DELETE FROM `transitions`
05-31 11:43:56.835 10358 10427 I TableUtils: clearing table 'notifications' with 'DELETE FROM `notifications`
05-31 11:43:56.844 10358 10427 I TableUtils: clearing table 'chat_message' with 'DELETE FROM `chat_message`
05-31 11:43:56.854 10358 10427 I TableUtils: clearing table 'popular_places' with 'DELETE FROM `popular_places`
05-31 11:43:56.860 10358 10427 I TableUtils: clearing table 'sos_contacts' with 'DELETE FROM `sos_contacts`
05-31 11:43:56.867 10358 10427 I TableUtils: clearing table 'sos_notifications' with 'DELETE FROM `sos_notifications`
05-31 11:43:56.874 10358 10427 I TableUtils: clearing table 'user_history_info' with 'DELETE FROM `user_history_info`
05-31 11:43:56.884 10358 10427 I TableUtils: clearing table 'drives' with 'DELETE FROM `drives`
05-31 11:43:56.891 10358 10427 I TableUtils: clearing table 'drive_events' with 'DELETE FROM `drive_events`
05-31 11:43:56.897 10358 10427 I TableUtils: clearing table 'drive_waypoints' with 'DELETE FROM `drive_waypoints`
05-31 11:43:56.906 10358 10427 I TableUtils: clearing table 'drive_event_waypoints' with 'DELETE FROM `drive_event_waypoints`
05-31 11:43:56.915 10358 10427 I TableUtils: clearing table 'history_loaded_days' with 'DELETE FROM `history_loaded_days`
05-31 11:43:56.924 10358 10427 I TableUtils: clearing table 'history_places' with 'DELETE FROM `history_places`
05-31 11:43:56.932 10358 10427 I TableUtils: clearing table 'history_trips' with 'DELETE FROM `history_trips`
05-31 11:43:56.941 10358 10427 I TableUtils: clearing table 'history_trip_events' with 'DELETE FROM `history_trip_events`
05-31 11:43:56.952 10358 10427 I TableUtils: clearing table 'history_waypoints' with 'DELETE FROM `history_waypoints`
05-31 11:43:56.961 10358 10427 I TableUtils: clearing table 'history_event_waypoints' with 'DELETE FROM `history_event_waypoints`
05-31 11:43:56.971 10358 10427 I TableUtils: clearing table 'history_no_location' with 'DELETE FROM `history_no_location`
05-31 11:43:56.983 10358 10427 I TableUtils: clearing table 'driver_scores' with 'DELETE FROM `driver_scores`
05-31 11:43:56.994 10358 10427 I TableUtils: clearing table 'rate_app_feedback' with 'DELETE FROM `rate_app_feedback`
05-31 11:43:57.005 10358 10427 I TableUtils: clearing table 'purchased_device_orders' with 'DELETE FROM `purchased_device_orders`
05-31 11:43:57.017 10358 10427 I TableUtils: clearing table 'deviceadditionalinfo' with 'DELETE FROM `deviceadditionalinfo`
05-31 11:43:57.024 10358 10427 I TableUtils: clearing table 'user_notification_settings' with 'DELETE FROM `user_notification_settings`
05-31 11:43:57.031 10358 10427 I TableUtils: clearing table 'intent_invites' with 'DELETE FROM `intent_invites`
05-31 11:43:57.039 10358 10427 I TableUtils: clearing table 'contacts' with 'DELETE FROM `contacts`
05-31 11:43:57.046 10358 10430 I TableUtils: clearing table 'devices' with 'DELETE FROM `devices`
05-31 11:43:57.057 10358 10430 I TableUtils: clearing table 'device_terminated' with 'DELETE FROM `device_terminated`
05-31 11:43:57.067 10358 10430 I TableUtils: clearing table 'device_locations' with 'DELETE FROM `device_locations`
05-31 11:43:57.079  1705  1733 W Auth.Api.Credentials: [DeprecationHelper] **************************** WARNING ***************************
05-31 11:43:57.079  1705  1733 W Auth.Api.Credentials: You are using the deprecated SmartLock for Passwords APIs from
05-31 11:43:57.079  1705  1733 W Auth.Api.Credentials: play-services-auth SDK. Starting with play-services-auth:21.0.0,
05-31 11:43:57.079  1705  1733 W Auth.Api.Credentials: these APIs have been removed from the SDK and you will no longer
05-31 11:43:57.079  1705  1733 W Auth.Api.Credentials: be able to build your app with the above SDK or beyond. Please
05-31 11:43:57.079  1705  1733 W Auth.Api.Credentials: migrate to the Credential Manager APIs, see https://goo.gle/4aap5k4.
05-31 11:43:57.079  1705  1733 W Auth.Api.Credentials: ****************************************************************
05-31 11:43:57.079  1705  1733 W Auth.Api.Credentials: [CONTEXT service_id=68 ]
05-31 11:43:57.080 10358 10430 I TableUtils: clearing table 'devices_alerts' with 'DELETE FROM `devices_alerts`
05-31 11:43:57.092 10358 10430 I TableUtils: clearing table 'devices_fitness' with 'DELETE FROM `devices_fitness`
05-31 11:43:57.104 10358 10427 I WebViewFactory: Loading com.google.android.webview version 91.0.4472.114 (code 447211487)
05-31 11:43:57.105 10358 10430 I TableUtils: clearing table 'trackingFrequency' with 'DELETE FROM `trackingFrequency`
05-31 11:43:57.125 10358 10430 I TableUtils: clearing table 'classroomSettings' with 'DELETE FROM `classroomSettings`
05-31 11:43:57.143 10358 10430 I TableUtils: clearing table 'device_approved_contacts' with 'DELETE FROM `device_approved_contacts`
05-31 11:43:57.246  5669 11308 I ProvidersCache: Provider returned no roots. Possibly naughty: com.google.android.apps.docs.storage
05-31 11:43:57.263 10358 10427 I cr_LibraryLoader: Loaded native library version number "91.0.4472.114"
05-31 11:43:57.263 10358 10427 I cr_CachingUmaRecorder: Flushed 6 samples from 6 histograms.
05-31 11:43:57.329  1705  1733 W Auth.Api.SignIn: [Service,SignInChimeraService] **************************** WARNING ***************************
05-31 11:43:57.329  1705  1733 W Auth.Api.SignIn: You are using the deprecated legacy Google Sign-In APIs from
05-31 11:43:57.329  1705  1733 W Auth.Api.SignIn: play-services-auth SDK. Please migrate to the Credential Manager
05-31 11:43:57.329  1705  1733 W Auth.Api.SignIn: APIs, see https://goo.gle/gsi-migration.
05-31 11:43:57.329  1705  1733 W Auth.Api.SignIn: ****************************************************************
05-31 11:43:57.337   614   637 W InputManager-JNI: Input channel object 'aa68961 com.geozilla.family/com.geozilla.family.onboarding.power.PowerOnboardingActivity (client)' was disposed without first being removed with the input manager!
05-31 11:43:58.185  1475  1748 W MediaProvider: isAppCloneUserPair for user 0: false
05-31 11:43:58.218   176   176 I hwservicemanager: getTransport: Cannot find entry android.hardware.graphics.mapper@4.0::IMapper/default in either framework or device VINTF manifest.
05-31 11:43:58.219 11339 11341 I Gralloc4: mapper 4.x is not supported
05-31 11:43:58.345  1475  5109 I MediaProvider: Begin Intent { act=android.intent.action.MEDIA_SCANNER_SCAN_FILE dat=file:///sdcard/screen_2025-05-31_194358.png flg=0x1400010 cmp=com.google.android.providers.media.module/com.android.providers.media.MediaService }
05-31 11:43:58.355  1475  5109 I MediaProvider: End Intent { act=android.intent.action.MEDIA_SCANNER_SCAN_FILE dat=file:///sdcard/screen_2025-05-31_194358.png flg=0x1400010 cmp=com.google.android.providers.media.module/com.android.providers.media.MediaService }
05-31 11:43:58.503  1475  4300 I MediaProvider: Deleted 0 1 0 0 0 0 0 items on external_primary due to com.android.shell
05-31 11:43:58.726  1312 10184 I NetworkScheduler.Stats: (REDACTED) Task %s/%s started execution. cause:%s exec_start_elapsed_seconds: %s
05-31 11:43:58.730  1312 10765 I NetworkScheduler.Stats: (REDACTED) Task %s/%s finished executing. cause:%s result: %s elapsed_millis: %s uptime_millis: %s exec_start_elapsed_seconds: %s
05-31 11:43:58.920  5669 11367 I ProvidersCache: Provider returned no roots. Possibly naughty: com.google.android.apps.docs.storage
05-31 11:43:59.158  1475  1748 W MediaProvider: isAppCloneUserPair for user 0: false
05-31 11:43:59.187   176   176 I hwservicemanager: getTransport: Cannot find entry android.hardware.graphics.mapper@4.0::IMapper/default in either framework or device VINTF manifest.
05-31 11:43:59.188 11382 11384 I Gralloc4: mapper 4.x is not supported
05-31 11:43:59.346  5669 11390 I ProvidersCache: Provider returned no roots. Possibly naughty: com.google.android.apps.docs.storage
05-31 11:43:59.376  1475  5109 I MediaProvider: Begin Intent { act=android.intent.action.MEDIA_SCANNER_SCAN_FILE dat=file:///sdcard/screen_2025-05-31_194359.png flg=0x1400010 cmp=com.google.android.providers.media.module/com.android.providers.media.MediaService }
05-31 11:43:59.380  1475  5109 I MediaProvider: End Intent { act=android.intent.action.MEDIA_SCANNER_SCAN_FILE dat=file:///sdcard/screen_2025-05-31_194359.png flg=0x1400010 cmp=com.google.android.providers.media.module/com.android.providers.media.MediaService }
05-31 11:43:59.450  1475  4300 I MediaProvider: Deleted 0 1 0 0 0 0 0 items on external_primary due to com.android.shell
05-31 11:43:59.452  1312  2173 I UriTaskContentObserver: (REDACTED) Throttling content uri change event for %s
05-31 11:44:00.265  1475  1745 W MediaProvider: isAppCloneUserPair for user 0: false
05-31 11:44:00.296   176   176 I hwservicemanager: getTransport: Cannot find entry android.hardware.graphics.mapper@4.0::IMapper/default in either framework or device VINTF manifest.
05-31 11:44:00.296 11429 11433 I Gralloc4: mapper 4.x is not supported
05-31 11:44:00.441  1475  5109 I MediaProvider: Begin Intent { act=android.intent.action.MEDIA_SCANNER_SCAN_FILE dat=file:///sdcard/screen_2025-05-31_194400.png flg=0x1400010 cmp=com.google.android.providers.media.module/com.android.providers.media.MediaService }
05-31 11:44:00.450  1475  5109 I MediaProvider: End Intent { act=android.intent.action.MEDIA_SCANNER_SCAN_FILE dat=file:///sdcard/screen_2025-05-31_194400.png flg=0x1400010 cmp=com.google.android.providers.media.module/com.android.providers.media.MediaService }
05-31 11:44:00.535  1475  4300 I MediaProvider: Deleted 0 1 0 0 0 0 0 items on external_primary due to com.android.shell
05-31 11:44:00.537  1312  2173 I UriTaskContentObserver: (REDACTED) Throttling content uri change event for %s
05-31 11:44:00.621  5669 11444 I ProvidersCache: Provider returned no roots. Possibly naughty: com.google.android.apps.docs.storage
05-31 11:44:00.843   614   675 I UsageStatsService: User[0] Flushing usage stats to disk
05-31 11:44:01.386  5669 11484 I ProvidersCache: Provider returned no roots. Possibly naughty: com.google.android.apps.docs.storage
05-31 11:44:01.693  5669 11511 I ProvidersCache: Provider returned no roots. Possibly naughty: com.google.android.apps.docs.storage
05-31 11:44:02.177   329   329 I WVCdm   : [app][com.geozilla.family] calling virtual Return<void> wvdrm::hardware::drm::V1_4::widevine::WVDrmFactory::createPlugin(const hidl_array<uint8_t, 16> &, const android::hardware::hidl_string &, android::hardware::drm::V1_4::IDrmFactory::createPlugin_cb)
05-31 11:44:02.709   329   329 I WVCdm   : [app][com.geozilla.family] calling virtual Return<void> wvdrm::hardware::drm::V1_4::widevine::WVDrmFactory::createPlugin(const hidl_array<uint8_t, 16> &, const android::hardware::hidl_string &, android::hardware::drm::V1_4::IDrmFactory::createPlugin_cb)
05-31 11:44:03.112   614  2949 W InputManager-JNI: Input channel object 'e2887ea com.geozilla.family/com.geozilla.family.onboarding.power.PowerOnboardingActivity (client)' was disposed without first being removed with the input manager!
05-31 11:44:03.396  5669 11559 I ProvidersCache: Provider returned no roots. Possibly naughty: com.google.android.apps.docs.storage
05-31 11:44:03.509  1475  1745 W MediaProvider: isAppCloneUserPair for user 0: false
05-31 11:44:03.541   176   176 I hwservicemanager: getTransport: Cannot find entry android.hardware.graphics.mapper@4.0::IMapper/default in either framework or device VINTF manifest.
05-31 11:44:03.542 11563 11565 I Gralloc4: mapper 4.x is not supported
05-31 11:44:03.695  5669 11571 I ProvidersCache: Provider returned no roots. Possibly naughty: com.google.android.apps.docs.storage
05-31 11:44:03.698  1475  5109 I MediaProvider: Begin Intent { act=android.intent.action.MEDIA_SCANNER_SCAN_FILE dat=file:///sdcard/screen_2025-05-31_194403.png flg=0x1400010 cmp=com.google.android.providers.media.module/com.android.providers.media.MediaService }
05-31 11:44:03.704  1475  5109 I MediaProvider: End Intent { act=android.intent.action.MEDIA_SCANNER_SCAN_FILE dat=file:///sdcard/screen_2025-05-31_194403.png flg=0x1400010 cmp=com.google.android.providers.media.module/com.android.providers.media.MediaService }
05-31 11:44:03.782  1475  4300 I MediaProvider: Deleted 0 1 0 0 0 0 0 items on external_primary due to com.android.shell
05-31 11:44:03.784  1312  2173 I UriTaskContentObserver: (REDACTED) Throttling content uri change event for %s
05-31 11:44:04.469  5669 11613 I ProvidersCache: Provider returned no roots. Possibly naughty: com.google.android.apps.docs.storage
05-31 11:44:04.482  1475  1745 W MediaProvider: isAppCloneUserPair for user 0: false
05-31 11:44:04.503   176   176 I hwservicemanager: getTransport: Cannot find entry android.hardware.graphics.mapper@4.0::IMapper/default in either framework or device VINTF manifest.
05-31 11:44:04.503 11608 11616 I Gralloc4: mapper 4.x is not supported
05-31 11:44:04.627  1475  5109 I MediaProvider: Begin Intent { act=android.intent.action.MEDIA_SCANNER_SCAN_FILE dat=file:///sdcard/screen_2025-05-31_194404.png flg=0x1400010 cmp=com.google.android.providers.media.module/com.android.providers.media.MediaService }
05-31 11:44:04.638  1475  5109 I MediaProvider: End Intent { act=android.intent.action.MEDIA_SCANNER_SCAN_FILE dat=file:///sdcard/screen_2025-05-31_194404.png flg=0x1400010 cmp=com.google.android.providers.media.module/com.android.providers.media.MediaService }
05-31 11:44:04.728  1475  4300 I MediaProvider: Deleted 0 1 0 0 0 0 0 items on external_primary due to com.android.shell
05-31 11:44:04.729  1312  2173 I UriTaskContentObserver: (REDACTED) Throttling content uri change event for %s
05-31 11:44:05.422  5669 11655 I ProvidersCache: Provider returned no roots. Possibly naughty: com.google.android.apps.docs.storage
05-31 11:44:05.551  1475  1745 W MediaProvider: isAppCloneUserPair for user 0: false
05-31 11:44:05.577   176   176 I hwservicemanager: getTransport: Cannot find entry android.hardware.graphics.mapper@4.0::IMapper/default in either framework or device VINTF manifest.
05-31 11:44:05.577 11659 11661 I Gralloc4: mapper 4.x is not supported
05-31 11:44:05.717  1475  5109 I MediaProvider: Begin Intent { act=android.intent.action.MEDIA_SCANNER_SCAN_FILE dat=file:///sdcard/screen_2025-05-31_194405.png flg=0x1400010 cmp=com.google.android.providers.media.module/com.android.providers.media.MediaService }
05-31 11:44:05.721  1475  5109 I MediaProvider: End Intent { act=android.intent.action.MEDIA_SCANNER_SCAN_FILE dat=file:///sdcard/screen_2025-05-31_194405.png flg=0x1400010 cmp=com.google.android.providers.media.module/com.android.providers.media.MediaService }
05-31 11:44:05.827  1475  5089 I MediaProvider: Deleted 0 1 0 0 0 0 0 items on external_primary due to com.android.shell
05-31 11:44:07.163   329   329 I WVCdm   : [app][com.geozilla.family] calling virtual Return<void> wvdrm::hardware::drm::V1_4::widevine::WVDrmFactory::createPlugin(const hidl_array<uint8_t, 16> &, const android::hardware::hidl_string &, android::hardware::drm::V1_4::IDrmFactory::createPlugin_cb)
05-31 11:44:07.603   329   329 I WVCdm   : [app][com.geozilla.family] calling virtual Return<void> wvdrm::hardware::drm::V1_4::widevine::WVDrmFactory::createPlugin(const hidl_array<uint8_t, 16> &, const android::hardware::hidl_string &, android::hardware::drm::V1_4::IDrmFactory::createPlugin_cb)
05-31 11:44:07.667  1705 10760 I AdvertisingIdClient: shouldSendLog 105907
05-31 11:44:07.667  1705 10760 I AdvertisingIdClient: GetInfoInternal elapse 6ms
05-31 11:44:07.940   614  4220 W InputManager-JNI: Input channel object '3ef8f5f com.geozilla.family/com.geozilla.family.onboarding.power.PowerOnboardingActivity (client)' was disposed without first being removed with the input manager!
05-31 11:44:08.263  5669 11762 I ProvidersCache: Provider returned no roots. Possibly naughty: com.google.android.apps.docs.storage
05-31 11:44:08.545  1475  1745 W MediaProvider: isAppCloneUserPair for user 0: false
05-31 11:44:08.589   176   176 I hwservicemanager: getTransport: Cannot find entry android.hardware.graphics.mapper@4.0::IMapper/default in either framework or device VINTF manifest.
05-31 11:44:08.589 11776 11779 I Gralloc4: mapper 4.x is not supported
05-31 11:44:08.594  5669 11782 I ProvidersCache: Provider returned no roots. Possibly naughty: com.google.android.apps.docs.storage
05-31 11:44:08.656   614  3282 W UriGrantsManagerService: No permission grants found for com.google.android.apps.photos
05-31 11:44:08.658   614   637 W UriGrantsManagerService: No permission grants found for com.google.android.apps.photos
05-31 11:44:08.688   614  3282 W UriGrantsManagerService: No permission grants found for com.google.android.apps.photos
05-31 11:44:08.689   614  3282 W UriGrantsManagerService: No permission grants found for com.google.android.apps.photos
05-31 11:44:08.712   614  3282 W UriGrantsManagerService: No permission grants found for com.google.android.apps.photos
05-31 11:44:08.713   614  3282 W UriGrantsManagerService: No permission grants found for com.google.android.apps.photos
05-31 11:44:08.726  1705 11789 I GmscoreIpa: Starting mediastore instant index [CONTEXT service_id=255 ]
05-31 11:44:08.732  1475  5109 I MediaProvider: Begin Intent { act=android.intent.action.MEDIA_SCANNER_SCAN_FILE dat=file:///sdcard/screen_2025-05-31_194408.png flg=0x1400010 cmp=com.google.android.providers.media.module/com.android.providers.media.MediaService }
05-31 11:44:08.741  1475  5109 I MediaProvider: End Intent { act=android.intent.action.MEDIA_SCANNER_SCAN_FILE dat=file:///sdcard/screen_2025-05-31_194408.png flg=0x1400010 cmp=com.google.android.providers.media.module/com.android.providers.media.MediaService }
05-31 11:44:08.854  1475  4300 I MediaProvider: Deleted 0 1 0 0 0 0 0 items on external_primary due to com.android.shell
05-31 11:44:09.075   614   785 W BestClock: java.time.DateTimeException: Missing NTP fix
05-31 11:44:09.125   614   785 W BestClock: java.time.DateTimeException: Missing NTP fix
05-31 11:44:09.129   614   786 W BestClock: java.time.DateTimeException: Missing NTP fix
05-31 11:44:09.133   614   786 W BestClock: java.time.DateTimeException: Missing NTP fix
05-31 11:44:09.134   614   786 W BestClock: java.time.DateTimeException: Missing NTP fix
05-31 11:44:09.221  5669 11814 I ProvidersCache: Provider returned no roots. Possibly naughty: com.google.android.apps.docs.storage
05-31 11:44:09.521  5669 11825 I ProvidersCache: Provider returned no roots. Possibly naughty: com.google.android.apps.docs.storage
05-31 11:44:09.695  1475  1745 W MediaProvider: isAppCloneUserPair for user 0: false
05-31 11:44:09.714   176   176 I hwservicemanager: getTransport: Cannot find entry android.hardware.graphics.mapper@4.0::IMapper/default in either framework or device VINTF manifest.
05-31 11:44:09.715 11837 11839 I Gralloc4: mapper 4.x is not supported
05-31 11:44:09.906  1475  5109 I MediaProvider: Begin Intent { act=android.intent.action.MEDIA_SCANNER_SCAN_FILE dat=file:///sdcard/screen_2025-05-31_194410.png flg=0x1400010 cmp=com.google.android.providers.media.module/com.android.providers.media.MediaService }
05-31 11:44:09.913  1475  5109 I MediaProvider: End Intent { act=android.intent.action.MEDIA_SCANNER_SCAN_FILE dat=file:///sdcard/screen_2025-05-31_194410.png flg=0x1400010 cmp=com.google.android.providers.media.module/com.android.providers.media.MediaService }
05-31 11:44:10.008  1475  5089 I MediaProvider: Deleted 0 1 0 0 0 0 0 items on external_primary due to com.android.shell
05-31 11:44:10.009  1312  2173 I UriTaskContentObserver: (REDACTED) Throttling content uri change event for %s
05-31 11:44:10.309  5669 11855 I ProvidersCache: Provider returned no roots. Possibly naughty: com.google.android.apps.docs.storage
05-31 11:44:10.608  5669 11876 I ProvidersCache: Provider returned no roots. Possibly naughty: com.google.android.apps.docs.storage
05-31 11:44:10.825  1475  1745 W MediaProvider: isAppCloneUserPair for user 0: false
05-31 11:44:10.850   176   176 I hwservicemanager: getTransport: Cannot find entry android.hardware.graphics.mapper@4.0::IMapper/default in either framework or device VINTF manifest.
05-31 11:44:10.850 11888 11890 I Gralloc4: mapper 4.x is not supported
05-31 11:44:10.971  1475  5109 I MediaProvider: Begin Intent { act=android.intent.action.MEDIA_SCANNER_SCAN_FILE dat=file:///sdcard/screen_2025-05-31_194411.png flg=0x1400010 cmp=com.google.android.providers.media.module/com.android.providers.media.MediaService }
05-31 11:44:10.978  1475  5109 I MediaProvider: End Intent { act=android.intent.action.MEDIA_SCANNER_SCAN_FILE dat=file:///sdcard/screen_2025-05-31_194411.png flg=0x1400010 cmp=com.google.android.providers.media.module/com.android.providers.media.MediaService }
05-31 11:44:11.060  1475  4300 I MediaProvider: Deleted 0 1 0 0 0 0 0 items on external_primary due to com.android.shell
05-31 11:44:11.061  1312  2173 I UriTaskContentObserver: (REDACTED) Throttling content uri change event for %s
05-31 11:44:11.738  1894  2282 E cr_CronetUrlRequestContext: Exception in upload method
05-31 11:44:11.738  1894  2282 E cr_CronetUrlRequestContext: com.google.android.apps.gsa.shared.q.d: Error code: 262182
05-31 11:44:11.738  1894  2282 E cr_CronetUrlRequestContext: 	at com.google.android.apps.gsa.shared.aa.bq.d(SourceFile:5)
05-31 11:44:11.738  1894  2282 E cr_CronetUrlRequestContext: 	at com.google.android.libraries.gsa.c.a.e.a(SourceFile:4)
05-31 11:44:11.738  1894  2282 E cr_CronetUrlRequestContext: 	at com.google.android.libraries.gsa.c.a.d.fZ(SourceFile:6)
05-31 11:44:11.738  1894  2282 E cr_CronetUrlRequestContext: 	at com.google.common.w.a.bv.run(SourceFile:8)
05-31 11:44:11.738  1894  2282 E cr_CronetUrlRequestContext: 	at com.google.common.w.a.az.execute(SourceFile:1)
05-31 11:44:11.738  1894  2282 E cr_CronetUrlRequestContext: 	at com.google.common.w.a.d.i(SourceFile:1)
05-31 11:44:11.738  1894  2282 E cr_CronetUrlRequestContext: 	at com.google.common.w.a.d.m(SourceFile:12)
05-31 11:44:11.738  1894  2282 E cr_CronetUrlRequestContext: 	at com.google.common.w.a.d.p(SourceFile:3)
05-31 11:44:11.738  1894  2282 E cr_CronetUrlRequestContext: 	at com.google.android.libraries.gsa.c.a.bp.b(SourceFile:3)
05-31 11:44:11.738  1894  2282 E cr_CronetUrlRequestContext: 	at com.google.android.libraries.gsa.c.a.bo.onFailed(SourceFile:13)
05-31 11:44:11.738  1894  2282 E cr_CronetUrlRequestContext: 	at org.chromium.net.impl.ab.run(SourceFile:1)
05-31 11:44:11.738  1894  2282 E cr_CronetUrlRequestContext: 	at com.google.android.libraries.gsa.c.a.ak.run(Unknown Source:2)
05-31 11:44:11.738  1894  2282 E cr_CronetUrlRequestContext: 	at com.google.android.libraries.gsa.k.a.k.run(SourceFile:2)
05-31 11:44:11.738  1894  2282 E cr_CronetUrlRequestContext: 	at com.google.android.apps.gsa.shared.util.c.a.bt.b(SourceFile:1)
05-31 11:44:11.738  1894  2282 E cr_CronetUrlRequestContext: 	at com.google.android.apps.gsa.shared.util.c.a.bw.run(SourceFile:1)
05-31 11:44:11.738  1894  2282 E cr_CronetUrlRequestContext: 	at com.google.android.libraries.g.ab.run(SourceFile:1)
05-31 11:44:11.738  1894  2282 E cr_CronetUrlRequestContext: 	at java.util.concurrent.ThreadPoolExecutor.runWorker(ThreadPoolExecutor.java:1167)
05-31 11:44:11.738  1894  2282 E cr_CronetUrlRequestContext: 	at java.util.concurrent.ThreadPoolExecutor$Worker.run(ThreadPoolExecutor.java:641)
05-31 11:44:11.738  1894  2282 E cr_CronetUrlRequestContext: 	at com.google.android.libraries.g.n.run(SourceFile:2)
05-31 11:44:11.738  1894  2282 E cr_CronetUrlRequestContext: 	at com.google.android.libraries.g.d.run(SourceFile:2)
05-31 11:44:11.738  1894  2282 E cr_CronetUrlRequestContext: 	at java.lang.Thread.run(Thread.java:920)
05-31 11:44:11.738  1894  2273 E cr_CronetUrlRequestContext: Exception in upload method
05-31 11:44:11.738  1894  2273 E cr_CronetUrlRequestContext: com.google.android.apps.gsa.shared.q.d: Error code: 262182
05-31 11:44:11.738  1894  2273 E cr_CronetUrlRequestContext: 	at com.google.android.apps.gsa.shared.aa.bq.d(SourceFile:5)
05-31 11:44:11.738  1894  2273 E cr_CronetUrlRequestContext: 	at com.google.android.libraries.gsa.c.a.e.a(SourceFile:4)
05-31 11:44:11.738  1894  2273 E cr_CronetUrlRequestContext: 	at com.google.android.libraries.gsa.c.a.d.fZ(SourceFile:6)
05-31 11:44:11.738  1894  2273 E cr_CronetUrlRequestContext: 	at com.google.common.w.a.bv.run(SourceFile:8)
05-31 11:44:11.738  1894  2273 E cr_CronetUrlRequestContext: 	at com.google.common.w.a.az.execute(SourceFile:1)
05-31 11:44:11.738  1894  2273 E cr_CronetUrlRequestContext: 	at com.google.common.w.a.d.i(SourceFile:1)
05-31 11:44:11.738  1894  2273 E cr_CronetUrlRequestContext: 	at com.google.common.w.a.d.m(SourceFile:12)
05-31 11:44:11.738  1894  2273 E cr_CronetUrlRequestContext: 	at com.google.common.w.a.d.p(SourceFile:3)
05-31 11:44:11.738  1894  2273 E cr_CronetUrlRequestContext: 	at com.google.android.libraries.gsa.c.a.bp.b(SourceFile:3)
05-31 11:44:11.738  1894  2273 E cr_CronetUrlRequestContext: 	at com.google.android.libraries.gsa.c.a.bo.onFailed(SourceFile:13)
05-31 11:44:11.738  1894  2273 E cr_CronetUrlRequestContext: 	at org.chromium.net.impl.ab.run(SourceFile:1)
05-31 11:44:11.738  1894  2273 E cr_CronetUrlRequestContext: 	at com.google.android.libraries.gsa.c.a.ak.run(Unknown Source:2)
05-31 11:44:11.738  1894  2273 E cr_CronetUrlRequestContext: 	at com.google.android.libraries.gsa.k.a.k.run(SourceFile:2)
05-31 11:44:11.738  1894  2273 E cr_CronetUrlRequestContext: 	at com.google.android.apps.gsa.shared.util.c.a.bt.b(SourceFile:1)
05-31 11:44:11.738  1894  2273 E cr_CronetUrlRequestContext: 	at com.google.android.apps.gsa.shared.util.c.a.bw.run(SourceFile:1)
05-31 11:44:11.738  1894  2273 E cr_CronetUrlRequestContext: 	at com.google.android.libraries.g.ab.run(SourceFile:1)
05-31 11:44:11.738  1894  2273 E cr_CronetUrlRequestContext: 	at java.util.concurrent.ThreadPoolExecutor.runWorker(ThreadPoolExecutor.java:1167)
05-31 11:44:11.738  1894  2273 E cr_CronetUrlRequestContext: 	at java.util.concurrent.ThreadPoolExecutor$Worker.run(ThreadPoolExecutor.java:641)
05-31 11:44:11.738  1894  2273 E cr_CronetUrlRequestContext: 	at com.google.android.libraries.g.n.run(SourceFile:2)
05-31 11:44:11.738  1894  2273 E cr_CronetUrlRequestContext: 	at com.google.android.libraries.g.d.run(SourceFile:2)
05-31 11:44:11.738  1894  2273 E cr_CronetUrlRequestContext: 	at java.lang.Thread.run(Thread.java:920)
05-31 11:44:13.594  5669 11978 I ProvidersCache: Provider returned no roots. Possibly naughty: com.google.android.apps.docs.storage
05-31 11:44:13.723  1475  1745 W MediaProvider: isAppCloneUserPair for user 0: false
05-31 11:44:13.750   176   176 I hwservicemanager: getTransport: Cannot find entry android.hardware.graphics.mapper@4.0::IMapper/default in either framework or device VINTF manifest.
05-31 11:44:13.751 11989 11991 I Gralloc4: mapper 4.x is not supported
05-31 11:44:13.808  5669 11995 I ProvidersCache: Provider returned no roots. Possibly naughty: com.google.android.apps.docs.storage
05-31 11:44:13.904  1475  5109 I MediaProvider: Begin Intent { act=android.intent.action.MEDIA_SCANNER_SCAN_FILE dat=file:///sdcard/screen_2025-05-31_194414.png flg=0x1400010 cmp=com.google.android.providers.media.module/com.android.providers.media.MediaService }
05-31 11:44:13.909  1475  5109 I MediaProvider: End Intent { act=android.intent.action.MEDIA_SCANNER_SCAN_FILE dat=file:///sdcard/screen_2025-05-31_194414.png flg=0x1400010 cmp=com.google.android.providers.media.module/com.android.providers.media.MediaService }
05-31 11:44:13.977  1475  4300 I MediaProvider: Deleted 0 1 0 0 0 0 0 items on external_primary due to com.android.shell
05-31 11:44:13.978  1312  2173 I UriTaskContentObserver: (REDACTED) Throttling content uri change event for %s
05-31 11:44:14.515  1475  1745 W MediaProvider: isAppCloneUserPair for user 0: false
05-31 11:44:14.537  5669 12038 I ProvidersCache: Provider returned no roots. Possibly naughty: com.google.android.apps.docs.storage
05-31 11:44:14.540   176   176 I hwservicemanager: getTransport: Cannot find entry android.hardware.graphics.mapper@4.0::IMapper/default in either framework or device VINTF manifest.
05-31 11:44:14.541 12032 12034 I Gralloc4: mapper 4.x is not supported
05-31 11:44:14.685  1475  5109 I MediaProvider: Begin Intent { act=android.intent.action.MEDIA_SCANNER_SCAN_FILE dat=file:///sdcard/screen_2025-05-31_194414.png flg=0x1400010 cmp=com.google.android.providers.media.module/com.android.providers.media.MediaService }
05-31 11:44:14.696  1475  5109 I MediaProvider: End Intent { act=android.intent.action.MEDIA_SCANNER_SCAN_FILE dat=file:///sdcard/screen_2025-05-31_194414.png flg=0x1400010 cmp=com.google.android.providers.media.module/com.android.providers.media.MediaService }
05-31 11:44:14.771  1475  5089 I MediaProvider: Deleted 0 1 0 0 0 0 0 items on external_primary due to com.android.shell
05-31 11:44:14.772  1312  2173 I UriTaskContentObserver: (REDACTED) Throttling content uri change event for %s
05-31 11:44:14.789  5669 12053 I ProvidersCache: Provider returned no roots. Possibly naughty: com.google.android.apps.docs.storage
05-31 11:44:15.210  1475  1745 W MediaProvider: isAppCloneUserPair for user 0: false
05-31 11:44:15.239   176   176 I hwservicemanager: getTransport: Cannot find entry android.hardware.graphics.mapper@4.0::IMapper/default in either framework or device VINTF manifest.
05-31 11:44:15.240 12083 12085 I Gralloc4: mapper 4.x is not supported
05-31 11:44:15.368  1475  5109 I MediaProvider: Begin Intent { act=android.intent.action.MEDIA_SCANNER_SCAN_FILE dat=file:///sdcard/screen_2025-05-31_194415.png flg=0x1400010 cmp=com.google.android.providers.media.module/com.android.providers.media.MediaService }
05-31 11:44:15.373  1475  5109 I MediaProvider: End Intent { act=android.intent.action.MEDIA_SCANNER_SCAN_FILE dat=file:///sdcard/screen_2025-05-31_194415.png flg=0x1400010 cmp=com.google.android.providers.media.module/com.android.providers.media.MediaService }
05-31 11:44:15.443  1475  5089 I MediaProvider: Deleted 0 1 0 0 0 0 0 items on external_primary due to com.android.shell
05-31 11:44:15.444  1312  2173 I UriTaskContentObserver: (REDACTED) Throttling content uri change event for %s
05-31 11:44:15.612  5669 12104 I ProvidersCache: Provider returned no roots. Possibly naughty: com.google.android.apps.docs.storage
05-31 11:44:15.738   614   664 E RemoteAugmentedAutofillService: Bad service name for flags 1048704: com.google.android.as/com.google.android.apps.miphone.aiai.app.AiAiAugmentedAutofillService
05-31 11:44:15.768 10358 10358 I BranchSDK: onActivityPaused, activity = com.geozilla.family.onboarding.power.PowerOnboardingActivity@542b32a
05-31 11:44:15.794  1894  1894 I A       : onApplyWindowInsets: systemWindowInsets=Insets{left=0, top=63, right=0, bottom=126}
05-31 11:44:15.794  1894  1894 I A       : onApplyWindowInsets: systemWindowInsets=Insets{left=0, top=63, right=0, bottom=126}
05-31 11:44:15.798   614  2398 W ActivityManager: Unable to start service Intent { act=android.service.smartspace.SmartspaceService cmp=com.google.android.as/com.google.android.apps.miphone.aiai.app.AiAiSmartspaceService } U=0: not found
05-31 11:44:15.798   614  2398 W RemoteSmartspaceService: could not bind to Intent { act=android.service.smartspace.SmartspaceService cmp=com.google.android.as/com.google.android.apps.miphone.aiai.app.AiAiSmartspaceService } using flags 67112961
05-31 11:44:15.802   614   614 W ActivityManager: Unbind failed: could not find connection for android.app.LoadedApk$ServiceDispatcher$InnerConnection@c9cd38e
05-31 11:44:15.833   614  2398 W ActivityManager: Unable to start service Intent { act=android.service.smartspace.SmartspaceService cmp=com.google.android.as/com.google.android.apps.miphone.aiai.app.AiAiSmartspaceService } U=0: not found
05-31 11:44:15.833   614  2398 W RemoteSmartspaceService: could not bind to Intent { act=android.service.smartspace.SmartspaceService cmp=com.google.android.as/com.google.android.apps.miphone.aiai.app.AiAiSmartspaceService } using flags 67112961
05-31 11:44:15.833   614   614 W ActivityManager: Unbind failed: could not find connection for android.app.LoadedApk$ServiceDispatcher$InnerConnection@3169a9a
05-31 11:44:15.939  1894  2438 I OpenGLRenderer: Davey! duration=248958ms; Flags=1, FrameTimelineVsyncId=25002, IntendedVsync=1027737075550, Vsync=1027737075550, InputEventId=0, HandleInputStart=1027739771000, AnimationStart=1027739786800, PerformTraversalsStart=1027739842400, DrawStart=1027815379500, FrameDeadline=1027820408880, FrameInterval=1027739759900, FrameStartTime=16666666, SyncQueued=1027861216500, SyncStart=1027875938300, IssueDrawCommandsStart=1027876104900, SwapBuffers=1027882296000, FrameCompleted=1276710081400, DequeueBufferDuration=40800, QueueBufferDuration=609000, GpuCompleted=1276710081400, SwapBuffersCompleted=1027902722000, DisplayPresentTime=0, 
