07-29 17:32:39.954  1827  2108 I SDM     : DisplayBase::CommitThread: Received idle timeout, panel: cmd, timeout: 70000 us
07-29 17:32:39.990  1827  1827 I SDM     : HWCDisplay::SetActiveConfigWithConstraints: display:66-0, config: 1, WxH 1200x2670, fps 120
07-29 17:32:39.992  1827  1827 W SDM     : HWDeviceDRM::GetSupportedBitClkRate: Requested rate not supported: 1150000000
07-29 17:32:39.992  1827  1827 I SDM     : HWDeviceDRM::UpdateMixerAttributes: Mixer WxH 1200x2670-1 for Peripheral
07-29 17:32:39.992  1827  1827 I SDM     : HWCDisplay::SubmitDisplayConfig: Active configuration changed from config 3 to 1
07-29 17:32:39.992  1827  1827 I SDM     : HWCDisplay::SubmitDisplayConfig: Active WxH 1200x2670 ,ddic_mode:idle, timing_fps: 120, sf_fps: 120
07-29 17:32:39.994  1827  2752 I vendor.qti.hardware.display.composer-service: Sensor: notify citsensorservice to trigger cwb, misForced = 0
07-29 17:32:39.995  3002  4297 I libsensor-parseRGB: request dump start for mRequestDisplayId 0
07-29 17:32:40.014  3002  6353 E libsensor-parseRGB: CWB NotifyCWBBufferDone  error 0
07-29 17:32:40.047  1747 14028 E sensors-hal: handle_sns_client_event:58, har: time = 7398365983183 data 5.000000
07-29 17:32:40.048  2463  2463 I NetworkAccelerateSwitchService: onMovementSensorChanged:33171070 State:5
07-29 17:32:40.070  1827  2108 I SDM     : DisplayBase::CommitThread: Received idle timeout, panel: cmd, timeout: 70000 us
07-29 17:32:40.102  8827  8827 W View    : requestLayout() improperly called by android.widget.RelativeLayout{81b845f V.E...... ........ 36,128-1200,262} during second layout pass: posting in next frame
07-29 17:32:40.103  8827  8827 W View    : requestLayout() improperly called by android.widget.TextView{7e305ec VFED..C.. ........ 955,0-1121,134 #7f0b0a44 app:id/search_text_cancel aid=1073741860} during second layout pass: posting in next frame
07-29 17:32:40.103  8827  8827 W View    : requestLayout() improperly called by android.widget.LinearLayout{7ff9db5 V.E...... ........ 0,0-924,134 #7f0b0a32 app:id/search_container aid=1073741861} during second layout pass: posting in next frame
07-29 17:32:40.106  2105  2105 E DisplayModeController: setDesiredMode : Idle status skip setActiveMode, isDdicIdleMode: 1
07-29 17:32:40.107  1827  1827 I SDM     : HWCDisplay::SetActiveConfigWithConstraints: display:66-0, config: 3, WxH 1200x2670, fps 120
07-29 17:32:40.108  1827  1827 W SDM     : HWDeviceDRM::GetSupportedBitClkRate: Requested rate not supported: 1150000000
07-29 17:32:40.108  1827  1827 I SDM     : HWDeviceDRM::UpdateMixerAttributes: Mixer WxH 1200x2670-1 for Peripheral
07-29 17:32:40.108  1827  1827 I SDM     : HWCDisplay::SubmitDisplayConfig: Active configuration changed from config 1 to 3
07-29 17:32:40.108  1827  1827 I SDM     : HWCDisplay::SubmitDisplayConfig: Active WxH 1200x2670 ,ddic_mode:auto, timing_fps: 120, sf_fps: 120
07-29 17:32:40.110  8827  8827 W View    : requestLayout() improperly called by android.widget.RelativeLayout{81b845f V.E...... ......ID 36,128-1200,262} during layout: running second layout pass
07-29 17:32:40.110  8827  8827 W View    : requestLayout() improperly called by android.widget.TextView{7e305ec VFED..C.. ......ID 955,0-1121,134 #7f0b0a44 app:id/search_text_cancel aid=1073741860} during layout: running second layout pass
07-29 17:32:40.110  8827  8827 W View    : requestLayout() improperly called by android.widget.LinearLayout{7ff9db5 V.E...... ......I. 0,0-924,134 #7f0b0a32 app:id/search_container aid=1073741861} during layout: running second layout pass
07-29 17:32:40.195  1827  2108 I SDM     : DisplayBase::CommitThread: Received idle timeout, panel: cmd, timeout: 70000 us
07-29 17:32:40.231  1827  1827 I SDM     : HWCDisplay::SetActiveConfigWithConstraints: display:66-0, config: 1, WxH 1200x2670, fps 120
07-29 17:32:40.232  1827  1827 W SDM     : HWDeviceDRM::GetSupportedBitClkRate: Requested rate not supported: 1150000000
07-29 17:32:40.232  1827  1827 I SDM     : HWDeviceDRM::UpdateMixerAttributes: Mixer WxH 1200x2670-1 for Peripheral
07-29 17:32:40.232  1827  1827 I SDM     : HWCDisplay::SubmitDisplayConfig: Active configuration changed from config 3 to 1
07-29 17:32:40.232  1827  1827 I SDM     : HWCDisplay::SubmitDisplayConfig: Active WxH 1200x2670 ,ddic_mode:idle, timing_fps: 120, sf_fps: 120
07-29 17:32:40.233  1827  2752 I vendor.qti.hardware.display.composer-service: Sensor: notify citsensorservice to trigger cwb, misForced = 0
07-29 17:32:40.234  3002  4297 I libsensor-parseRGB: request dump start for mRequestDisplayId 0
07-29 17:32:40.255  3002  6353 E libsensor-parseRGB: CWB NotifyCWBBufferDone  error 0
07-29 17:32:40.311  1827  2108 I SDM     : DisplayBase::CommitThread: Received idle timeout, panel: cmd, timeout: 70000 us
07-29 17:32:40.391  1827  2752 I vendor.qti.hardware.display.composer-service: Sensor: notify citsensorservice to trigger cwb, misForced = 1
07-29 17:32:40.391  3002  4297 I libsensor-parseRGB: request dump start for mRequestDisplayId 0
07-29 17:32:40.404  2463  5535 I SmartPower: io.github.ylimit.droidbotapp/10312(22804): visible->invisible(1660ms) R(become invisible) adj=200.
07-29 17:32:40.404  2463  5535 I SmartPower: io.github.ylimit.droidbotapp/10312(22804): invisible->background(0ms) R(become background) adj=200.
07-29 17:32:40.406  2105  2105 E DisplayModeController: setDesiredMode : Idle status skip setActiveMode, isDdicIdleMode: 1
07-29 17:32:40.411  2105  2755 I BpBinder: onLastStrongRef automatically unlinking death recipients: 
07-29 17:32:40.413  3002  6353 E libsensor-parseRGB: CWB NotifyCWBBufferDone  error 0
07-29 17:32:40.414  1827  1827 I SDM     : HWCDisplay::SetActiveConfigWithConstraints: display:66-0, config: 3, WxH 1200x2670, fps 120
07-29 17:32:40.414  1827  1827 W SDM     : HWDeviceDRM::GetSupportedBitClkRate: Requested rate not supported: 1150000000
07-29 17:32:40.414  1827  1827 I SDM     : HWDeviceDRM::UpdateMixerAttributes: Mixer WxH 1200x2670-1 for Peripheral
07-29 17:32:40.415  1827  1827 I SDM     : HWCDisplay::SubmitDisplayConfig: Active configuration changed from config 1 to 3
07-29 17:32:40.415  1827  1827 I SDM     : HWCDisplay::SubmitDisplayConfig: Active WxH 1200x2670 ,ddic_mode:auto, timing_fps: 120, sf_fps: 120
07-29 17:32:40.494  1827  2108 I SDM     : DisplayBase::CommitThread: Received idle timeout, panel: cmd, timeout: 70000 us
07-29 17:32:40.539  1827  1827 I SDM     : HWCDisplay::SetActiveConfigWithConstraints: display:66-0, config: 1, WxH 1200x2670, fps 120
07-29 17:32:40.539  1827  1827 W SDM     : HWDeviceDRM::GetSupportedBitClkRate: Requested rate not supported: 1150000000
07-29 17:32:40.539  1827  1827 I SDM     : HWDeviceDRM::UpdateMixerAttributes: Mixer WxH 1200x2670-1 for Peripheral
07-29 17:32:40.539  1827  1827 I SDM     : HWCDisplay::SubmitDisplayConfig: Active configuration changed from config 3 to 1
07-29 17:32:40.539  1827  1827 I SDM     : HWCDisplay::SubmitDisplayConfig: Active WxH 1200x2670 ,ddic_mode:idle, timing_fps: 120, sf_fps: 120
07-29 17:32:40.540  1827  2752 I vendor.qti.hardware.display.composer-service: Sensor: notify citsensorservice to trigger cwb, misForced = 0
07-29 17:32:40.541  3002  4297 I libsensor-parseRGB: request dump start for mRequestDisplayId 0
07-29 17:32:40.551  2463  4412 I SmartPower: com.miui.cleanmaster/10266(21077): background->idle(3001ms) R(service create com.miui.cleanmaster/com.miui.optimizecenter.service.CleanMasterService) adj=905.
07-29 17:32:40.563  3002  3081 E libsensor-parseRGB: CWB NotifyCWBBufferDone  error 0
07-29 17:32:40.565  2463  4412 I SmartPower: com.android.packageinstaller/10097(11835): background->idle(3000ms) R(broadcast start Intent { act=android.intent.action.PACKAGE_ADDED dat=package: flg=0x5000010 pkg=com.android.packageinstaller (has extras) }) adj=905.
07-29 17:32:40.603  8827  8827 W View    : requestLayout() improperly called by android.widget.RelativeLayout{81b845f V.E...... ........ 36,128-1200,262} during second layout pass: posting in next frame
07-29 17:32:40.603  8827  8827 W View    : requestLayout() improperly called by android.widget.TextView{7e305ec VFED..C.. ........ 955,0-1121,134 #7f0b0a44 app:id/search_text_cancel aid=1073741860} during second layout pass: posting in next frame
07-29 17:32:40.603  8827  8827 W View    : requestLayout() improperly called by android.widget.LinearLayout{7ff9db5 V.E...... ........ 0,0-924,134 #7f0b0a32 app:id/search_container aid=1073741861} during second layout pass: posting in next frame
07-29 17:32:40.604  2046  2081 I [THP-APP]: clear_zone_range:clear_zone_range
07-29 17:32:40.605  2046  2081 I [THP-APP]: add_zone_range:add zone 0: type=1, (0, 0, 3500, 266999), orientation is 2
07-29 17:32:40.605  2046  2081 I [THP-APP]: add_zone_range:add zone 1: type=1, (116400, 0, 119999, 266999), orientation is 2
07-29 17:32:40.605  2046  2081 I [THP-APP]: add_zone_range:add zone 0: type=0, (0, 241900, 15000, 266999), orientation is 2
07-29 17:32:40.605  2046  2081 I [THP-APP]: add_zone_range:add zone 1: type=0, (104900, 241900, 119999, 266999), orientation is 2
07-29 17:32:40.605  2046  2081 I [THP-APP]: add_zone_range:add zone 4: type=1, (0, 0, 119999, 2000), orientation is 1
07-29 17:32:40.605  2046  2081 I [THP-APP]: add_zone_range:add zone 5: type=1, (0, 264999, 119999, 266999), orientation is 1
07-29 17:32:40.605  2046  2081 I [THP-APP]: print_zone_range_info:zone type=0, zone = (0, 241900, 15000, 266999)
07-29 17:32:40.605  2046  2081 I [THP-APP]: print_zone_range_info:zone type=0, zone = (104900, 241900, 119999, 266999)
07-29 17:32:40.605  2046  2081 I [THP-APP]: print_zone_range_info:zone type=1, zone = (0, 0, 3500, 266999)
07-29 17:32:40.605  2046  2081 I [THP-APP]: print_zone_range_info:zone type=1, zone = (116400, 0, 119999, 266999)
07-29 17:32:40.605  2046  2081 I [THP-APP]: print_zone_range_info:zone type=1, zone = (0, 0, 119999, 2000)
07-29 17:32:40.605  2046  2081 I [THP-APP]: print_zone_range_info:zone type=1, zone = (0, 264999, 119999, 266999)
07-29 17:32:40.607  2105  2105 E DisplayModeController: setDesiredMode : Idle status skip setActiveMode, isDdicIdleMode: 1
07-29 17:32:40.609  8827  8827 W View    : requestLayout() improperly called by android.widget.RelativeLayout{81b845f V.E...... ......ID 36,128-1200,262} during layout: running second layout pass
07-29 17:32:40.609  8827  8827 W View    : requestLayout() improperly called by android.widget.TextView{7e305ec VFED..C.. ......ID 955,0-1121,134 #7f0b0a44 app:id/search_text_cancel aid=1073741860} during layout: running second layout pass
07-29 17:32:40.609  8827  8827 W View    : requestLayout() improperly called by android.widget.LinearLayout{7ff9db5 V.E...... ......I. 0,0-924,134 #7f0b0a32 app:id/search_container aid=1073741861} during layout: running second layout pass
07-29 17:32:40.614  1827  1827 I SDM     : HWCDisplay::SetActiveConfigWithConstraints: display:66-0, config: 3, WxH 1200x2670, fps 120
07-29 17:32:40.615  1827  1827 W SDM     : HWDeviceDRM::GetSupportedBitClkRate: Requested rate not supported: 1150000000
07-29 17:32:40.615  1827  1827 I SDM     : HWDeviceDRM::UpdateMixerAttributes: Mixer WxH 1200x2670-1 for Peripheral
07-29 17:32:40.615  1827  1827 I SDM     : HWCDisplay::SubmitDisplayConfig: Active configuration changed from config 1 to 3
07-29 17:32:40.615  1827  1827 I SDM     : HWCDisplay::SubmitDisplayConfig: Active WxH 1200x2670 ,ddic_mode:auto, timing_fps: 120, sf_fps: 120
07-29 17:32:40.626  2463  5533 W ContentProviderHelper: No provider info for content provider  when providerRunning is false, caller is ProcessRecord{15056c5 18854:com.android.quicksearchbox:ApplicationsProvider/u0a136}
07-29 17:32:40.627 18854 18878 E ActivityThread: Failed to find provider info for 
07-29 17:32:40.629  2463  4435 W ContentProviderHelper: No provider info for content provider  when providerRunning is false, caller is null
07-29 17:32:40.631  2463  4435 I ClipboardServiceI: checkProviderWakePathForClipboard: com.android.quicksearchboxis not a activePermissionOwner
07-29 17:32:40.634  2463  4435 W ContentProviderHelper: Permission Denial: opening provider com.alibaba.aliexpress.android.search.nav.SearchSuggestionProvider from ProcessRecord{15056c5 18854:com.android.quicksearchbox:ApplicationsProvider/u0a136} (pid=18854, uid=10136) that is not exported from UID 10303
07-29 17:32:40.641  2463  4435 I ClipboardServiceI: checkProviderWakePathForClipboard: com.android.quicksearchboxis not a activePermissionOwner
07-29 17:32:40.642  2463  4205 I MiuiNetworkPolicy: updateUidState uid = 10303, uidState = 6
07-29 17:32:40.642  2463  4205 I MiuiNetworkPolicy: updateUidState uid = 10169, uidState = 6
07-29 17:32:40.646  2463  4205 I MiuiNetworkPolicy: updateUidState uid = 10303, uidState = 19
07-29 17:32:40.646 18854 18878 W ContentResolver: Failed to get type for: content://com.alibaba.aliexpress.android.search.nav.SearchSuggestionProvider/products (Unknown URL content://com.alibaba.aliexpress.android.search.nav.SearchSuggestionProvider/products)
07-29 17:32:40.647  2463  4435 W Bundle  : Failed to parse item error, returning null.
07-29 17:32:40.647  2463  4435 W Bundle  : android.os.BadTypeParcelableException: Parcelable creator android.os.ParcelableException is not a subclass of required class java.lang.String provided in the parameter
07-29 17:32:40.647  2463  4435 W Bundle  : 	at android.os.Parcel.readParcelableCreatorInternal(Parcel.java:5206)
07-29 17:32:40.647  2463  4435 W Bundle  : 	at android.os.Parcel.readParcelableInternal(Parcel.java:5080)
07-29 17:32:40.647  2463  4435 W Bundle  : 	at android.os.Parcel.readValue(Parcel.java:4840)
07-29 17:32:40.647  2463  4435 W Bundle  : 	at android.os.Parcel.readValue(Parcel.java:4609)
07-29 17:32:40.647  2463  4435 W Bundle  : 	at android.os.Parcel.-$$Nest$mreadValue(Unknown Source:0)
07-29 17:32:40.647  2463  4435 W Bundle  : 	at android.os.Parcel$LazyValue.apply(Parcel.java:4707)
07-29 17:32:40.647  2463  4435 W Bundle  : 	at android.os.Parcel$LazyValue.apply(Parcel.java:4666)
07-29 17:32:40.647  2463  4435 W Bundle  : 	at android.os.BaseBundle.unwrapLazyValueFromMapLocked(BaseBundle.java:416)
07-29 17:32:40.647  2463  4435 W Bundle  : 	at android.os.BaseBundle.getValueAt(BaseBundle.java:402)
07-29 17:32:40.647  2463  4435 W Bundle  : 	at android.os.BaseBundle.getPairValue(BaseBundle.java:282)
07-29 17:32:40.647  2463  4435 W Bundle  : 	at com.android.server.am.ContentProviderHelper.lambda$getMimeTypeFilterAsync$1(ContentProviderHelper.java:1212)
07-29 17:32:40.647  2463  4435 W Bundle  : 	at com.android.server.am.ContentProviderHelper.$r8$lambda$JV9jTPlBHAPZLxkKAqq24ds-FLE(Unknown Source:0)
07-29 17:32:40.647  2463  4435 W Bundle  : 	at com.android.server.am.ContentProviderHelper$$ExternalSyntheticLambda1.onResult(D8$$SyntheticClass:0)
07-29 17:32:40.647  2463  4435 W Bundle  : 	at android.os.RemoteCallback.sendResult(RemoteCallback.java:76)
07-29 17:32:40.647  2463  4435 W Bundle  : 	at android.os.RemoteCallback$1.sendResult(RemoteCallback.java:53)
07-29 17:32:40.647  2463  4435 W Bundle  : 	at android.os.IRemoteCallback$Stub.onTransact(IRemoteCallback.java:85)
07-29 17:32:40.647  2463  4435 W Bundle  : 	at android.os.Binder.execTransactInternal(Binder.java:1512)
07-29 17:32:40.647  2463  4435 W Bundle  : 	at android.os.Binder.execTransact(Binder.java:1451)
07-29 17:32:40.647  2463  4205 I MiuiNetworkPolicy: updateUidState uid = 10169, uidState = 17
07-29 17:32:40.694  1827  2108 I SDM     : DisplayBase::CommitThread: Received idle timeout, panel: cmd, timeout: 70000 us
07-29 17:32:40.730  1827  1827 I SDM     : HWCDisplay::SetActiveConfigWithConstraints: display:66-0, config: 1, WxH 1200x2670, fps 120
07-29 17:32:40.730  1827  1827 W SDM     : HWDeviceDRM::GetSupportedBitClkRate: Requested rate not supported: 1150000000
07-29 17:32:40.730  1827  1827 I SDM     : HWDeviceDRM::UpdateMixerAttributes: Mixer WxH 1200x2670-1 for Peripheral
07-29 17:32:40.730  1827  1827 I SDM     : HWCDisplay::SubmitDisplayConfig: Active configuration changed from config 3 to 1
07-29 17:32:40.730  1827  1827 I SDM     : HWCDisplay::SubmitDisplayConfig: Active WxH 1200x2670 ,ddic_mode:idle, timing_fps: 120, sf_fps: 120
07-29 17:32:40.742  2463  4412 I SmartPower: com.android.browser/10134(19009): background->idle(3012ms) R(broadcast end Intent { act=miui.intent.action.PACKAGE_FIRST_LAUNCH flg=0x1000010 (has extras) }) adj=905.
07-29 17:32:40.809  3117  3117 I adbd    : in ShellService: ps
07-29 17:32:40.810  1827  2108 I SDM     : DisplayBase::CommitThread: Received idle timeout, panel: cmd, timeout: 70000 us
07-29 17:32:40.826  2463  4205 I MiuiNetworkPolicy: bandwidth: 29 KB/s, Max bandwidth: 4347 KB/s
07-29 17:32:40.889  1827  2752 I vendor.qti.hardware.display.composer-service: Sensor: notify citsensorservice to trigger cwb, misForced = 1
07-29 17:32:40.890  3002  4297 I libsensor-parseRGB: request dump start for mRequestDisplayId 0
07-29 17:32:40.913  3002  6353 E libsensor-parseRGB: CWB NotifyCWBBufferDone  error 0
07-29 17:32:40.941  2463  5109 I NetworkBoostStatusManager: handle: 102
07-29 17:32:40.942  2463  5109 I NetworkBoostStatusManager: interfaceOnCapabilitiesChanged interface name:wlan0
07-29 17:32:40.943  4916  5923 E PhoneAdapter: get ntnphones failed, exception: java.lang.IllegalStateException: Default phones haven't been made yet!
07-29 17:32:40.953  8724  8724 I NetBusNetworkMonitor: onCapabilitiesChanged isPrimary = true
07-29 17:32:40.954  8724  8724 I NetBusNetworkMonitor: gateway=192.*.*.1
07-29 17:32:40.959  8724  8724 I NetBusNetworkMonitor: addConnectNetworkInterface mediumType:256, detail:NetworkDetailInfo{mIsConnected=false, mIsSupportTdls=true, mNetworkType=0, mIpAddress=192.*.*.11, mIfName=wlan0, mGateway=192.*.*.1, mNetmask=255.*.*.0, mSsid=C**01}
07-29 17:32:40.959  8724  8724 I NetBusNetworkMonitor: onCapabilitiesChanged handle=441492361229, mediumType=256, ifName=wlan0
07-29 17:32:40.962  9744 10038 W Settings: Setting device_provisioned has moved from android.provider.Settings.Secure to android.provider.Settings.Global.
07-29 17:32:40.962  9744 10038 I JoyoseCloudControlManager3: network metered changed, network metered: false, deviceProvisioned: true, scAllowConn: true, try to setNetworkAccessEnabled: true
07-29 17:32:40.967  5045  7289 I NearbyMediums: WifiNetwork defaultNetworkCallback onCapabilitiesChanged network:103 [ WIFI VPN ] isNonBypassable:false
07-29 17:32:40.969  1827  2108 I SDM     : DisplayBase::CommitThread: Received idle timeout, panel: cmd, timeout: 69999 us
07-29 17:32:40.969 19382 19460 I Cir_Miplay_NetworkListenerHelper: onCapabilitiesChanged#network=103
07-29 17:32:40.969 19382 19460 I Cir_Miplay_NetworkListenerHelper: onCapabilitiesChanged network type wifi
07-29 17:32:41.053  2463  4412 I SmartPower: com.android.vending/10124(10569): background->idle(3006ms) R(broadcast start Intent { act=android.intent.action.PACKAGE_ADDED dat=package: flg=0x4000010 (has extras) }) adj=905.
07-29 17:32:41.054  2463  4412 I SmartPower: com.android.vending:background/10124(10805): background->idle(3004ms) R(broadcast start Intent { act=android.intent.action.PACKAGE_ADDED dat=package: flg=0x4000010 (has extras) }) adj=905.
07-29 17:32:41.069  2463  4412 I SmartPower: android.process.acore/10083(6721): background->idle(3006ms) R(broadcast start Intent { act=android.intent.action.PACKAGE_ADDED dat=package: flg=0x4000010 (has extras) }) adj=905.
07-29 17:32:41.069  2463  4412 I SmartPower: com.mfashiongallery.emag/10262(8261): background->idle(3002ms) R(broadcast start Intent { act=android.intent.action.PACKAGE_ADDED dat=package: flg=0x4000010 (has extras) }) adj=905.
07-29 17:32:41.080  2463  4412 I SmartPower: com.miui.personalassistant/10135(7989): background->idle(3001ms) R(broadcast start Intent { act=android.intent.action.PACKAGE_ADDED dat=package: flg=0x4000010 (has extras) }) adj=100.
07-29 17:32:41.080  2463  4412 I SmartPower: com.miui.voiceassist:core/10193(7664): background->idle(3000ms) R(broadcast start Intent { act=android.intent.action.PACKAGE_ADDED dat=package: flg=0x4000010 (has extras) }) adj=100.
07-29 17:32:41.083  2463  4412 I SmartPower: com.xiaomi.aicr:cognitionService/10127(12560): background->idle(5382ms) R(broadcast start Intent { act=android.intent.action.PACKAGE_ADDED dat=package: flg=0x4000010 (has extras) }) adj=200.
07-29 17:32:41.084  2463  4412 I SmartPower: com.xiaomi.aicr:actionprovider/10127(12677): background->idle(3000ms) R(broadcast start Intent { act=android.intent.action.PACKAGE_ADDED dat=package: flg=0x4000010 (has extras) }) adj=925.
07-29 17:32:41.085  2463  4412 I SmartPower: android.process.mediaUI/10261(13434): background->idle(3002ms) R(broadcast start Intent { act=android.intent.action.PACKAGE_ADDED dat=package: flg=0x4000010 (has extras) }) adj=905.
07-29 17:32:41.086  2463  4412 I SmartPower: com.android.quicksearchbox:ApplicationsProvider/10136(18854): background->idle(3001ms) R(broadcast start Intent { act=android.intent.action.PACKAGE_ADDED dat=package: flg=0x4000010 (has extras) }) adj=905.
07-29 17:32:41.086  2463  4412 I SmartPower: com.android.quicksearchbox/10136(18694): background->idle(3002ms) R(broadcast start Intent { act=android.intent.action.PACKAGE_ADDED dat=package: flg=0x4000010 (has extras) }) adj=940.
07-29 17:32:41.088  2463  4412 I SmartPower: com.instagram.android/10289(17509): background->idle(3001ms) R(broadcast start Intent { act=android.intent.action.PACKAGE_ADDED dat=package: flg=0x4000010 (has extras) }) adj=965.
07-29 17:32:41.092  2463  4412 I SmartPower: com.google.android.documentsui/10100(21132): background->idle(3000ms) R(broadcast start Intent { act=android.intent.action.PACKAGE_ADDED dat=package: flg=0x4000010 (has extras) }) adj=905.
07-29 17:32:41.093  2463  4412 I SmartPower: com.milink.service:audio/10178(19382): background->idle(3000ms) R(broadcast start Intent { act=android.intent.action.PACKAGE_ADDED dat=package: flg=0x4000010 (has extras) }) adj=200.
07-29 17:32:41.093  2463  4412 I SmartPower: com.milink.crossdeviceservice/10178(27042): background->idle(3000ms) R(broadcast start Intent { act=android.intent.action.PACKAGE_ADDED dat=package: flg=0x4000010 (has extras) }) adj=925.
07-29 17:32:41.111  8827  8827 W View    : requestLayout() improperly called by android.widget.RelativeLayout{81b845f V.E...... ........ 36,128-1200,262} during second layout pass: posting in next frame
07-29 17:32:41.111  8827  8827 W View    : requestLayout() improperly called by android.widget.TextView{7e305ec VFED..C.. ........ 955,0-1121,134 #7f0b0a44 app:id/search_text_cancel aid=1073741860} during second layout pass: posting in next frame
07-29 17:32:41.111  8827  8827 W View    : requestLayout() improperly called by android.widget.LinearLayout{7ff9db5 V.E...... ........ 0,0-924,134 #7f0b0a32 app:id/search_container aid=1073741861} during second layout pass: posting in next frame
07-29 17:32:41.114  2105  2105 E DisplayModeController: setDesiredMode : Idle status skip setActiveMode, isDdicIdleMode: 1
07-29 17:32:41.118  8827  8827 W View    : requestLayout() improperly called by android.widget.RelativeLayout{81b845f V.E...... ......ID 36,128-1200,262} during layout: running second layout pass
07-29 17:32:41.119  8827  8827 W View    : requestLayout() improperly called by android.widget.TextView{7e305ec VFED..C.. ......ID 955,0-1121,134 #7f0b0a44 app:id/search_text_cancel aid=1073741860} during layout: running second layout pass
07-29 17:32:41.119  8827  8827 W View    : requestLayout() improperly called by android.widget.LinearLayout{7ff9db5 V.E...... ......I. 0,0-924,134 #7f0b0a32 app:id/search_container aid=1073741861} during layout: running second layout pass
07-29 17:32:41.122  1827  1827 I SDM     : HWCDisplay::SetActiveConfigWithConstraints: display:66-0, config: 3, WxH 1200x2670, fps 120
07-29 17:32:41.122  1827  1827 W SDM     : HWDeviceDRM::GetSupportedBitClkRate: Requested rate not supported: 1150000000
07-29 17:32:41.123  1827  1827 I SDM     : HWDeviceDRM::UpdateMixerAttributes: Mixer WxH 1200x2670-1 for Peripheral
07-29 17:32:41.123  1827  1827 I SDM     : HWCDisplay::SubmitDisplayConfig: Active configuration changed from config 1 to 3
07-29 17:32:41.123  1827  1827 I SDM     : HWCDisplay::SubmitDisplayConfig: Active WxH 1200x2670 ,ddic_mode:auto, timing_fps: 120, sf_fps: 120
07-29 17:32:41.124  1827  2752 I vendor.qti.hardware.display.composer-service: Sensor: notify citsensorservice to trigger cwb, misForced = 0
07-29 17:32:41.125  3002  4297 I libsensor-parseRGB: request dump start for mRequestDisplayId 0
07-29 17:32:41.154  3002  3081 E libsensor-parseRGB: CWB NotifyCWBBufferDone  error 0
07-29 17:32:41.210  1827  2108 I SDM     : DisplayBase::CommitThread: Received idle timeout, panel: cmd, timeout: 70000 us
07-29 17:32:41.239  1827  1827 I SDM     : HWCDisplay::SetActiveConfigWithConstraints: display:66-0, config: 1, WxH 1200x2670, fps 120
07-29 17:32:41.239  1827  1827 W SDM     : HWDeviceDRM::GetSupportedBitClkRate: Requested rate not supported: 1150000000
07-29 17:32:41.239  1827  1827 I SDM     : HWDeviceDRM::UpdateMixerAttributes: Mixer WxH 1200x2670-1 for Peripheral
07-29 17:32:41.239  1827  1827 I SDM     : HWCDisplay::SubmitDisplayConfig: Active configuration changed from config 3 to 1
07-29 17:32:41.240  1827  1827 I SDM     : HWCDisplay::SubmitDisplayConfig: Active WxH 1200x2670 ,ddic_mode:idle, timing_fps: 120, sf_fps: 120
07-29 17:32:41.318  1827  2108 I SDM     : DisplayBase::CommitThread: Received idle timeout, panel: cmd, timeout: 70000 us
07-29 17:32:41.397  1827  2752 I vendor.qti.hardware.display.composer-service: Sensor: notify citsensorservice to trigger cwb, misForced = 1
07-29 17:32:41.398  3002  4297 I libsensor-parseRGB: request dump start for mRequestDisplayId 0
07-29 17:32:41.420  3002  3081 E libsensor-parseRGB: CWB NotifyCWBBufferDone  error 0
07-29 17:32:41.477  1827  2108 I SDM     : DisplayBase::CommitThread: Received idle timeout, panel: cmd, timeout: 70000 us
07-29 17:32:41.611  8827  8827 W View    : requestLayout() improperly called by android.widget.RelativeLayout{81b845f V.E...... ........ 36,128-1200,262} during second layout pass: posting in next frame
07-29 17:32:41.611  8827  8827 W View    : requestLayout() improperly called by android.widget.TextView{7e305ec VFED..C.. ........ 955,0-1121,134 #7f0b0a44 app:id/search_text_cancel aid=1073741860} during second layout pass: posting in next frame
07-29 17:32:41.611  8827  8827 W View    : requestLayout() improperly called by android.widget.LinearLayout{7ff9db5 V.E...... ........ 0,0-924,134 #7f0b0a32 app:id/search_container aid=1073741861} during second layout pass: posting in next frame
07-29 17:32:41.613  2046  2090 I [THP-DAE]: thp_daemon_cmd_process:type:0, mode:28, size:1, value[0]:0
07-29 17:32:41.613  2046  2090 I [THP-DAE]: user_cmd_set_cur_value:hand detect result uknow
07-29 17:32:41.613  2046  2090 I [AIDL] TouchFeatureSensor: onEvent: send hand detect result 0
07-29 17:32:41.617  2105  2105 E DisplayModeController: setDesiredMode : Idle status skip setActiveMode, isDdicIdleMode: 1
07-29 17:32:41.617  8827  8827 W View    : requestLayout() improperly called by android.widget.RelativeLayout{81b845f V.E...... ......ID 36,128-1200,262} during layout: running second layout pass
07-29 17:32:41.617  8827  8827 W View    : requestLayout() improperly called by android.widget.TextView{7e305ec VFED..C.. ......ID 955,0-1121,134 #7f0b0a44 app:id/search_text_cancel aid=1073741860} during layout: running second layout pass
07-29 17:32:41.617  8827  8827 W View    : requestLayout() improperly called by android.widget.LinearLayout{7ff9db5 V.E...... ......I. 0,0-924,134 #7f0b0a32 app:id/search_container aid=1073741861} during layout: running second layout pass
07-29 17:32:41.622  2463  4412 I SmartPower: com.miui.phrase/10162(27285): background->idle(3001ms) R(content provider start ContentProviderRecord{e3754c6 u0 com.miui.phrase/com.miui.provider.InputProvider}) adj=905.
07-29 17:32:41.623  1827  1827 I SDM     : HWCDisplay::SetActiveConfigWithConstraints: display:66-0, config: 3, WxH 1200x2670, fps 120
07-29 17:32:41.624  1827  1827 W SDM     : HWDeviceDRM::GetSupportedBitClkRate: Requested rate not supported: 1150000000
07-29 17:32:41.624  1827  1827 I SDM     : HWDeviceDRM::UpdateMixerAttributes: Mixer WxH 1200x2670-1 for Peripheral
07-29 17:32:41.624  1827  1827 I SDM     : HWCDisplay::SubmitDisplayConfig: Active configuration changed from config 1 to 3
07-29 17:32:41.625  1827  1827 I SDM     : HWCDisplay::SubmitDisplayConfig: Active WxH 1200x2670 ,ddic_mode:auto, timing_fps: 120, sf_fps: 120
07-29 17:32:41.626  1827  2752 I vendor.qti.hardware.display.composer-service: Sensor: notify citsensorservice to trigger cwb, misForced = 0
07-29 17:32:41.626  3002  4297 I libsensor-parseRGB: request dump start for mRequestDisplayId 0
07-29 17:32:41.653  3002  3080 E libsensor-parseRGB: CWB NotifyCWBBufferDone  error 0
07-29 17:32:41.679  2463  4412 I SmartPower: com.google.android.gms/10130(6887): background->idle(5001ms) R(service destroy com.google.android.gms/.chimera.GmsIntentOperationService) adj=250.
07-29 17:32:41.700  3117  3117 I adbd    : in ShellService: pm list packages -f
07-29 17:32:41.708  1827  2108 I SDM     : DisplayBase::CommitThread: Received idle timeout, panel: cmd, timeout: 70000 us
07-29 17:32:41.737  1827  1827 I SDM     : HWCDisplay::SetActiveConfigWithConstraints: display:66-0, config: 1, WxH 1200x2670, fps 120
07-29 17:32:41.737  1827  1827 W SDM     : HWDeviceDRM::GetSupportedBitClkRate: Requested rate not supported: 1150000000
07-29 17:32:41.737  1827  1827 I SDM     : HWDeviceDRM::UpdateMixerAttributes: Mixer WxH 1200x2670-1 for Peripheral
07-29 17:32:41.737  1827  1827 I SDM     : HWCDisplay::SubmitDisplayConfig: Active configuration changed from config 3 to 1
07-29 17:32:41.737  1827  1827 I SDM     : HWCDisplay::SubmitDisplayConfig: Active WxH 1200x2670 ,ddic_mode:idle, timing_fps: 120, sf_fps: 120
07-29 17:32:41.817  1827  2108 I SDM     : DisplayBase::CommitThread: Received idle timeout, panel: cmd, timeout: 70000 us
07-29 17:32:41.839  8724 17530 W lyra-mdns-core: _deal_timeout query _lyra-mdns._udp.local[0C] timeout!
07-29 17:32:41.895  1827  2752 I vendor.qti.hardware.display.composer-service: Sensor: notify citsensorservice to trigger cwb, misForced = 1
07-29 17:32:41.896  3002  4297 I libsensor-parseRGB: request dump start for mRequestDisplayId 0
07-29 17:32:41.919  3002  3081 E libsensor-parseRGB: CWB NotifyCWBBufferDone  error 0
07-29 17:32:41.948  3117  3117 I adbd    : in ShellService: ps
07-29 17:32:41.976  1827  2108 I SDM     : DisplayBase::CommitThread: Received idle timeout, panel: cmd, timeout: 70000 us
07-29 17:32:42.117  8827  8827 W View    : requestLayout() improperly called by android.widget.RelativeLayout{81b845f V.E...... ........ 36,128-1200,262} during second layout pass: posting in next frame
07-29 17:32:42.120  8827  8827 W View    : requestLayout() improperly called by android.widget.TextView{7e305ec VFED..C.. ........ 955,0-1121,134 #7f0b0a44 app:id/search_text_cancel aid=1073741860} during second layout pass: posting in next frame
07-29 17:32:42.120  8827  8827 W View    : requestLayout() improperly called by android.widget.LinearLayout{7ff9db5 V.E...... ........ 0,0-924,134 #7f0b0a32 app:id/search_container aid=1073741861} during second layout pass: posting in next frame
07-29 17:32:42.123  2105  2105 E DisplayModeController: setDesiredMode : Idle status skip setActiveMode, isDdicIdleMode: 1
07-29 17:32:42.124  8827  8827 W View    : requestLayout() improperly called by android.widget.RelativeLayout{81b845f V.E...... ......ID 36,128-1200,262} during layout: running second layout pass
07-29 17:32:42.124  8827  8827 W View    : requestLayout() improperly called by android.widget.TextView{7e305ec VFED..C.. ......ID 955,0-1121,134 #7f0b0a44 app:id/search_text_cancel aid=1073741860} during layout: running second layout pass
07-29 17:32:42.124  8827  8827 W View    : requestLayout() improperly called by android.widget.LinearLayout{7ff9db5 V.E...... ......I. 0,0-924,134 #7f0b0a32 app:id/search_container aid=1073741861} during layout: running second layout pass
07-29 17:32:42.130  1827  1827 I SDM     : HWCDisplay::SetActiveConfigWithConstraints: display:66-0, config: 3, WxH 1200x2670, fps 120
07-29 17:32:42.131  1827  1827 W SDM     : HWDeviceDRM::GetSupportedBitClkRate: Requested rate not supported: 1150000000
07-29 17:32:42.131  1827  1827 I SDM     : HWDeviceDRM::UpdateMixerAttributes: Mixer WxH 1200x2670-1 for Peripheral
07-29 17:32:42.131  1827  1827 I SDM     : HWCDisplay::SubmitDisplayConfig: Active configuration changed from config 1 to 3
07-29 17:32:42.131  1827  1827 I SDM     : HWCDisplay::SubmitDisplayConfig: Active WxH 1200x2670 ,ddic_mode:auto, timing_fps: 120, sf_fps: 120
07-29 17:32:42.133  1827  2752 I vendor.qti.hardware.display.composer-service: Sensor: notify citsensorservice to trigger cwb, misForced = 0
07-29 17:32:42.133  3002  4297 I libsensor-parseRGB: request dump start for mRequestDisplayId 0
07-29 17:32:42.161  3002  6353 E libsensor-parseRGB: CWB NotifyCWBBufferDone  error 0
07-29 17:32:42.174  2463  4412 I SmartPower: com.miui.notes/10275(13074): background->idle(3000ms) R(content provider start ContentProviderRecord{c0729a2 u0 com.miui.notes/.provider.NotesProvider}) adj=905.
07-29 17:32:42.186  2463  4412 I SmartPower: com.alibaba.aliexpresshd/10303(18885): background->idle(3005ms) R(adj below visible) adj=905.
07-29 17:32:42.217  1827  2108 I SDM     : DisplayBase::CommitThread: Received idle timeout, panel: cmd, timeout: 70000 us
07-29 17:32:42.245  1827  1827 I SDM     : HWCDisplay::SetActiveConfigWithConstraints: display:66-0, config: 1, WxH 1200x2670, fps 120
07-29 17:32:42.246  1827  1827 W SDM     : HWDeviceDRM::GetSupportedBitClkRate: Requested rate not supported: 1150000000
07-29 17:32:42.246  1827  1827 I SDM     : HWDeviceDRM::UpdateMixerAttributes: Mixer WxH 1200x2670-1 for Peripheral
07-29 17:32:42.246  1827  1827 I SDM     : HWCDisplay::SubmitDisplayConfig: Active configuration changed from config 3 to 1
07-29 17:32:42.246  1827  1827 I SDM     : HWCDisplay::SubmitDisplayConfig: Active WxH 1200x2670 ,ddic_mode:idle, timing_fps: 120, sf_fps: 120
07-29 17:32:42.325  1827  2108 I SDM     : DisplayBase::CommitThread: Received idle timeout, panel: cmd, timeout: 70000 us
07-29 17:32:42.404  1827  2752 I vendor.qti.hardware.display.composer-service: Sensor: notify citsensorservice to trigger cwb, misForced = 1
07-29 17:32:42.405  3002  4297 I libsensor-parseRGB: request dump start for mRequestDisplayId 0
07-29 17:32:42.427  3002  3081 E libsensor-parseRGB: CWB NotifyCWBBufferDone  error 0
07-29 17:32:42.485  1827  2108 I SDM     : DisplayBase::CommitThread: Received idle timeout, panel: cmd, timeout: 70000 us
07-29 17:32:42.617  8827  8827 W View    : requestLayout() improperly called by android.widget.RelativeLayout{81b845f V.E...... ........ 36,128-1200,262} during second layout pass: posting in next frame
07-29 17:32:42.618  8827  8827 W View    : requestLayout() improperly called by android.widget.TextView{7e305ec VFED..C.. ........ 955,0-1121,134 #7f0b0a44 app:id/search_text_cancel aid=1073741860} during second layout pass: posting in next frame
07-29 17:32:42.618  8827  8827 W View    : requestLayout() improperly called by android.widget.LinearLayout{7ff9db5 V.E...... ........ 0,0-924,134 #7f0b0a32 app:id/search_container aid=1073741861} during second layout pass: posting in next frame
07-29 17:32:42.621  2105  2105 E DisplayModeController: setDesiredMode : Idle status skip setActiveMode, isDdicIdleMode: 1
07-29 17:32:42.625  8827  8827 W View    : requestLayout() improperly called by android.widget.RelativeLayout{81b845f V.E...... ......ID 36,128-1200,262} during layout: running second layout pass
07-29 17:32:42.625  8827  8827 W View    : requestLayout() improperly called by android.widget.TextView{7e305ec VFED..C.. ......ID 955,0-1121,134 #7f0b0a44 app:id/search_text_cancel aid=1073741860} during layout: running second layout pass
07-29 17:32:42.625  8827  8827 W View    : requestLayout() improperly called by android.widget.LinearLayout{7ff9db5 V.E...... ......I. 0,0-924,134 #7f0b0a32 app:id/search_container aid=1073741861} during layout: running second layout pass
07-29 17:32:42.629  1827  1827 I SDM     : HWCDisplay::SetActiveConfigWithConstraints: display:66-0, config: 3, WxH 1200x2670, fps 120
07-29 17:32:42.629  1827  1827 W SDM     : HWDeviceDRM::GetSupportedBitClkRate: Requested rate not supported: 1150000000
07-29 17:32:42.629  1827  1827 I SDM     : HWDeviceDRM::UpdateMixerAttributes: Mixer WxH 1200x2670-1 for Peripheral
07-29 17:32:42.630  1827  1827 I SDM     : HWCDisplay::SubmitDisplayConfig: Active configuration changed from config 1 to 3
07-29 17:32:42.630  1827  1827 I SDM     : HWCDisplay::SubmitDisplayConfig: Active WxH 1200x2670 ,ddic_mode:auto, timing_fps: 120, sf_fps: 120
07-29 17:32:42.631  1827  2752 I vendor.qti.hardware.display.composer-service: Sensor: notify citsensorservice to trigger cwb, misForced = 0
07-29 17:32:42.632  3002  4297 I libsensor-parseRGB: request dump start for mRequestDisplayId 0
07-29 17:32:42.659  3002  3080 E libsensor-parseRGB: CWB NotifyCWBBufferDone  error 0
07-29 17:32:42.715  1827  2108 I SDM     : DisplayBase::CommitThread: Received idle timeout, panel: cmd, timeout: 70000 us
07-29 17:32:42.743  1827  1827 I SDM     : HWCDisplay::SetActiveConfigWithConstraints: display:66-0, config: 1, WxH 1200x2670, fps 120
07-29 17:32:42.744  1827  1827 W SDM     : HWDeviceDRM::GetSupportedBitClkRate: Requested rate not supported: 1150000000
07-29 17:32:42.744  1827  1827 I SDM     : HWDeviceDRM::UpdateMixerAttributes: Mixer WxH 1200x2670-1 for Peripheral
07-29 17:32:42.744  1827  1827 I SDM     : HWCDisplay::SubmitDisplayConfig: Active configuration changed from config 3 to 1
07-29 17:32:42.744  1827  1827 I SDM     : HWCDisplay::SubmitDisplayConfig: Active WxH 1200x2670 ,ddic_mode:idle, timing_fps: 120, sf_fps: 120
07-29 17:32:42.753  2463  2463 W binder:2463_3: type=1400 audit(0.0:6923): avc:  denied  { getopt } for  scontext=u:r:system_server:s0 tcontext=u:r:shell:s0 tclass=unix_stream_socket permissive=0
07-29 17:32:42.780  2463  5177 I NetworkAccelerateSwitchService: EVENT_RSSI_POLL. mRssiPoll=true
07-29 17:32:42.780  2463  5177 I NetworkAccelerateSwitchService: getAverageWifiRssi:67
07-29 17:32:42.823  1827  2108 I SDM     : DisplayBase::CommitThread: Received idle timeout, panel: cmd, timeout: 69999 us
07-29 17:32:42.826  2463  4403 E HyperSentinel: -------------------------------------------------------
07-29 17:32:42.827  2463  4403 E HyperSentinel: Event_ThreadAmount
07-29 17:32:42.827  2463  4403 E HyperSentinel: -> audit event by proc 22804 "io.github.ylimit.droidbotapp": running threads amount, 0 -> 28
07-29 17:32:42.904  1827  2752 I vendor.qti.hardware.display.composer-service: Sensor: notify citsensorservice to trigger cwb, misForced = 1
07-29 17:32:42.904  3002  4297 I libsensor-parseRGB: request dump start for mRequestDisplayId 0
07-29 17:32:42.925  3002  3081 E libsensor-parseRGB: CWB NotifyCWBBufferDone  error 0
07-29 17:32:42.929  3002  4306 I libsensor-boledalgo: dbv:419,lux:261.1,cct:5806.9,hsv:-1.0,dc:0CWB R:110502.5,G:109508.3,B:100424.2Event C:21993.8,R:12852.2,G:7419.2,B:4464.6Cali C:4014.4,R:2352.9,G:1226.5,B:675.7 
07-29 17:32:42.982  1827  2108 I SDM     : DisplayBase::CommitThread: Received idle timeout, panel: cmd, timeout: 69999 us
07-29 17:32:43.057  2463  2536 I ExtM    : zram userate is low, no need to flush: 14
07-29 17:32:43.113  8827  8827 W View    : requestLayout() improperly called by android.widget.RelativeLayout{81b845f V.E...... ........ 36,128-1200,262} during second layout pass: posting in next frame
07-29 17:32:43.113  8827  8827 W View    : requestLayout() improperly called by android.widget.TextView{7e305ec VFED..C.. ........ 955,0-1121,134 #7f0b0a44 app:id/search_text_cancel aid=1073741860} during second layout pass: posting in next frame
07-29 17:32:43.113  8827  8827 W View    : requestLayout() improperly called by android.widget.LinearLayout{7ff9db5 V.E...... ........ 0,0-924,134 #7f0b0a32 app:id/search_container aid=1073741861} during second layout pass: posting in next frame
07-29 17:32:43.114  2105  2105 E DisplayModeController: setDesiredMode : Idle status skip setActiveMode, isDdicIdleMode: 1
07-29 17:32:43.117  3117  3117 I adbd    : in ShellService: ps
07-29 17:32:43.118  1827  1827 I SDM     : HWCDisplay::SetActiveConfigWithConstraints: display:66-0, config: 3, WxH 1200x2670, fps 120
07-29 17:32:43.118  1827  1827 W SDM     : HWDeviceDRM::GetSupportedBitClkRate: Requested rate not supported: 1150000000
07-29 17:32:43.119  1827  1827 I SDM     : HWDeviceDRM::UpdateMixerAttributes: Mixer WxH 1200x2670-1 for Peripheral
07-29 17:32:43.119  1827  1827 I SDM     : HWCDisplay::SubmitDisplayConfig: Active configuration changed from config 1 to 3
07-29 17:32:43.119  1827  1827 I SDM     : HWCDisplay::SubmitDisplayConfig: Active WxH 1200x2670 ,ddic_mode:auto, timing_fps: 120, sf_fps: 120
07-29 17:32:43.119  1827  2752 I vendor.qti.hardware.display.composer-service: Sensor: notify citsensorservice to trigger cwb, misForced = 0
07-29 17:32:43.120  3002  4297 I libsensor-parseRGB: request dump start for mRequestDisplayId 0
07-29 17:32:43.120  8827  8827 W View    : requestLayout() improperly called by android.widget.RelativeLayout{81b845f V.E...... ......ID 36,128-1200,262} during layout: running second layout pass
07-29 17:32:43.120  8827  8827 W View    : requestLayout() improperly called by android.widget.TextView{7e305ec VFED..C.. ......ID 955,0-1121,134 #7f0b0a44 app:id/search_text_cancel aid=1073741860} during layout: running second layout pass
07-29 17:32:43.120  8827  8827 W View    : requestLayout() improperly called by android.widget.LinearLayout{7ff9db5 V.E...... ......I. 0,0-924,134 #7f0b0a32 app:id/search_container aid=1073741861} during layout: running second layout pass
07-29 17:32:43.149  3002  3081 E libsensor-parseRGB: CWB NotifyCWBBufferDone  error 0
07-29 17:32:43.205  1827  2108 I SDM     : DisplayBase::CommitThread: Received idle timeout, panel: cmd, timeout: 70000 us
07-29 17:32:43.208  2046  2090 I [THP-DAE]: thp_daemon_cmd_process:type:0, mode:28, size:1, value[0]:1
07-29 17:32:43.208  2046  2090 I [THP-DAE]: user_cmd_set_cur_value:hand detect result v_left
07-29 17:32:43.208  2046  2090 I [AIDL] TouchFeatureSensor: onEvent: send hand detect result 1
07-29 17:32:43.242  1827  1827 I SDM     : HWCDisplay::SetActiveConfigWithConstraints: display:66-0, config: 1, WxH 1200x2670, fps 120
07-29 17:32:43.242  1827  1827 W SDM     : HWDeviceDRM::GetSupportedBitClkRate: Requested rate not supported: 1150000000
07-29 17:32:43.242  1827  1827 I SDM     : HWDeviceDRM::UpdateMixerAttributes: Mixer WxH 1200x2670-1 for Peripheral
07-29 17:32:43.242  1827  1827 I SDM     : HWCDisplay::SubmitDisplayConfig: Active configuration changed from config 3 to 1
07-29 17:32:43.242  1827  1827 I SDM     : HWCDisplay::SubmitDisplayConfig: Active WxH 1200x2670 ,ddic_mode:idle, timing_fps: 120, sf_fps: 120
07-29 17:32:43.322  1827  2108 I SDM     : DisplayBase::CommitThread: Received idle timeout, panel: cmd, timeout: 70000 us
07-29 17:32:43.400  1827  2752 I vendor.qti.hardware.display.composer-service: Sensor: notify citsensorservice to trigger cwb, misForced = 1
07-29 17:32:43.401  3002  4297 I libsensor-parseRGB: request dump start for mRequestDisplayId 0
07-29 17:32:43.424  3002  3081 E libsensor-parseRGB: CWB NotifyCWBBufferDone  error 0
07-29 17:32:43.480  1827  2108 I SDM     : DisplayBase::CommitThread: Received idle timeout, panel: cmd, timeout: 70000 us
07-29 17:32:43.611  2463  4102 W RuleEvaluation: Integrity rule files are not available.
07-29 17:32:43.612  2463  2775 I PackageManager: Integrity check passed for file:///data/app/vmdl1919551030.tmp
07-29 17:32:43.613  8827  8827 W View    : requestLayout() improperly called by android.widget.RelativeLayout{81b845f V.E...... ........ 36,128-1200,262} during second layout pass: posting in next frame
07-29 17:32:43.615  8827  8827 W View    : requestLayout() improperly called by android.widget.TextView{7e305ec VFED..C.. ........ 955,0-1121,134 #7f0b0a44 app:id/search_text_cancel aid=1073741860} during second layout pass: posting in next frame
07-29 17:32:43.615  8827  8827 W View    : requestLayout() improperly called by android.widget.LinearLayout{7ff9db5 V.E...... ........ 0,0-924,134 #7f0b0a32 app:id/search_container aid=1073741861} during second layout pass: posting in next frame
07-29 17:32:43.617  2105  2105 E DisplayModeController: setDesiredMode : Idle status skip setActiveMode, isDdicIdleMode: 1
07-29 17:32:43.620  8827  8827 W View    : requestLayout() improperly called by android.widget.RelativeLayout{81b845f V.E...... ......ID 36,128-1200,262} during layout: running second layout pass
07-29 17:32:43.620  8827  8827 W View    : requestLayout() improperly called by android.widget.TextView{7e305ec VFED..C.. ......ID 955,0-1121,134 #7f0b0a44 app:id/search_text_cancel aid=1073741860} during layout: running second layout pass
07-29 17:32:43.620  8827  8827 W View    : requestLayout() improperly called by android.widget.LinearLayout{7ff9db5 V.E...... ......I. 0,0-924,134 #7f0b0a32 app:id/search_container aid=1073741861} during layout: running second layout pass
07-29 17:32:43.622  2046  2090 I [THP-DAE]: thp_daemon_cmd_process:type:0, mode:28, size:1, value[0]:0
07-29 17:32:43.622  2046  2090 I [THP-DAE]: user_cmd_set_cur_value:hand detect result uknow
07-29 17:32:43.622  2046  2090 I [AIDL] TouchFeatureSensor: onEvent: send hand detect result 0
07-29 17:32:43.625  1827  1827 I SDM     : HWCDisplay::SetActiveConfigWithConstraints: display:66-0, config: 3, WxH 1200x2670, fps 120
07-29 17:32:43.626  1827  1827 W SDM     : HWDeviceDRM::GetSupportedBitClkRate: Requested rate not supported: 1150000000
07-29 17:32:43.626  1827  1827 I SDM     : HWDeviceDRM::UpdateMixerAttributes: Mixer WxH 1200x2670-1 for Peripheral
07-29 17:32:43.626  1827  1827 I SDM     : HWCDisplay::SubmitDisplayConfig: Active configuration changed from config 1 to 3
07-29 17:32:43.626  1827  1827 I SDM     : HWCDisplay::SubmitDisplayConfig: Active WxH 1200x2670 ,ddic_mode:auto, timing_fps: 120, sf_fps: 120
07-29 17:32:43.626  1827  2752 I vendor.qti.hardware.display.composer-service: Sensor: notify citsensorservice to trigger cwb, misForced = 0
07-29 17:32:43.627  3002  4297 I libsensor-parseRGB: request dump start for mRequestDisplayId 0
07-29 17:32:43.652  2463  2775 I PackageManager: New shared user org.mozilla.firefox.sharedID: id=10319
07-29 17:32:43.657  3002  3080 E libsensor-parseRGB: CWB NotifyCWBBufferDone  error 0
07-29 17:32:43.664  7958  7958 I UserConsentManager: onPermissionsChanged: 10319
07-29 17:32:43.664  7958  7958 I UserConsentManager: onPermissionsChanged: 10319
07-29 17:32:43.664  7958  7958 I UserConsentManager: onPermissionsChanged: 10319
07-29 17:32:43.684  2463  2506 E AppOps  : Trying to set mode for unknown uid 10319.
07-29 17:32:43.694 20584 20584 I artd    : Merge skipped because there are no existing profiles
07-29 17:32:43.694  2463  2775 I ArtService: Adjusting the compiler filter for 'org.mozilla.firefox' from 'speed-profile' to 'verify' because there is no valid profile
07-29 17:32:43.694 20584 20584 I artd    : Dex parent of /data/app/~~Hj9kIt9ZymB4H4PMoZloiw==/org.mozilla.firefox-MMDWfaY-Yhjk6SCkP2wJyA==/base.apk is not writable: Permission denied
07-29 17:32:43.694 20584 20584 I artd    : GetBestInfo checking odex in dalvik-cache (/data/dalvik-cache/arm64/data@app@~~Hj9kIt9ZymB4H4PMoZloiw==@org.mozilla.firefox-MMDWfaY-Yhjk6SCkP2wJyA==@base.apk@classes.dex)
07-29 17:32:43.694 20584 20584 I artd    : Loading /data/dalvik-cache/arm64/data@app@~~Hj9kIt9ZymB4H4PMoZloiw==@org.mozilla.firefox-MMDWfaY-Yhjk6SCkP2wJyA==@base.apk@classes.dex with executable: 0
07-29 17:32:43.694 20584 20584 I artd    : OatFileAssistant test for existing oat file /data/dalvik-cache/arm64/data@app@~~Hj9kIt9ZymB4H4PMoZloiw==@org.mozilla.firefox-MMDWfaY-Yhjk6SCkP2wJyA==@base.apk@classes.dex: File /data/dalvik-cache/arm64/data@app@~~Hj9kIt9ZymB4H4PMoZloiw==@org.mozilla.firefox-MMDWfaY-Yhjk6SCkP2wJyA==@base.apk@classes.vdex does not exist.
07-29 17:32:43.694 20584 20584 I artd    : GetBestInfo checking odex next to the dex file (/data/app/~~Hj9kIt9ZymB4H4PMoZloiw==/org.mozilla.firefox-MMDWfaY-Yhjk6SCkP2wJyA==/oat/arm64/base.odex)
07-29 17:32:43.694 20584 20584 I artd    : Loading /data/app/~~Hj9kIt9ZymB4H4PMoZloiw==/org.mozilla.firefox-MMDWfaY-Yhjk6SCkP2wJyA==/oat/arm64/base.odex with executable: 0
07-29 17:32:43.694 20584 20584 I artd    : OatFileAssistant test for existing oat file /data/app/~~Hj9kIt9ZymB4H4PMoZloiw==/org.mozilla.firefox-MMDWfaY-Yhjk6SCkP2wJyA==/oat/arm64/base.odex: File /data/app/~~Hj9kIt9ZymB4H4PMoZloiw==/org.mozilla.firefox-MMDWfaY-Yhjk6SCkP2wJyA==/oat/arm64/base.vdex does not exist.
07-29 17:32:43.694 20584 20584 I artd    : GetBestInfo checking vdex in dalvik-cache (/data/dalvik-cache/arm64/data@app@~~Hj9kIt9ZymB4H4PMoZloiw==@org.mozilla.firefox-MMDWfaY-Yhjk6SCkP2wJyA==@base.apk@classes.vdex)
07-29 17:32:43.694 20584 20584 I artd    : unable to open vdex file /data/dalvik-cache/arm64/data@app@~~Hj9kIt9ZymB4H4PMoZloiw==@org.mozilla.firefox-MMDWfaY-Yhjk6SCkP2wJyA==@base.apk@classes.vdex: File /data/dalvik-cache/arm64/data@app@~~Hj9kIt9ZymB4H4PMoZloiw==@org.mozilla.firefox-MMDWfaY-Yhjk6SCkP2wJyA==@base.apk@classes.vdex does not exist.
