--------- beginning of system
05-18 03:46:34.070   630  1908 I ActivityManager: Background started FGS: Allowed [callingPackage: com.google.android.apps.wellbeing; callingUid: 10100; uidState: BTOP; intent: Intent { cmp=com.google.android.apps.wellbeing/com.google.apps.tiktok.concurrent.InternalForegroundService (has extras) }; code:BACKGROUND_ACTIVITY_PERMISSION; tempAllowListReason:<null>; targetSdkVersion:35; callerTargetSdkVersion:35; startForegroundCount:0; bindFromPackage:null]
05-18 03:46:34.071   630   676 I DropBoxManagerService: add tag=system_server_wtf isTagEnabled=true flags=0x2
--------- beginning of main
05-18 03:46:34.077  1548 22948 I Icing   : Indexing com.google.android.gms-apps from com.google.android.gms
05-18 03:46:34.086   373   373 E adbd    : failed to connect to socket 'tcp:7336': Connection refused
05-18 03:46:34.106  1226 31235 W GmsUrlRequestImpl: Content-Type header is overwritten.
05-18 03:46:34.120  1548 22948 I Icing   : Indexing done com.google.android.gms-apps
05-18 03:46:34.122  1796 23043 W Role    : Cannot get ApplicationInfo for default holder: com.google.android.as
05-18 03:46:34.137   373   373 E adbd    : failed to connect to socket 'tcp:7336': Connection refused
05-18 03:46:34.152  1796 23043 W Role    : Cannot get ApplicationInfo for default holder: com.google.android.as
05-18 03:46:34.186   373   373 E adbd    : failed to connect to socket 'tcp:7336': Connection refused
05-18 03:46:34.201  1226 31235 W GLSUser : [AppCertManager] Exception while requesting key: 
05-18 03:46:34.201  1226 31235 W GLSUser : java.util.concurrent.ExecutionException: cbpu: Parse Proto Exception with response code 400
05-18 03:46:34.201  1226 31235 W GLSUser : 	at frqs.j(:com.google.android.gms@251333032@25.13.33 (190800-745790146):21)
05-18 03:46:34.201  1226 31235 W GLSUser : 	at frrb.u(:com.google.android.gms@251333032@25.13.33 (190800-745790146):71)
05-18 03:46:34.201  1226 31235 W GLSUser : 	at acso.b(:com.google.android.gms@251333032@25.13.33 (190800-745790146):451)
05-18 03:46:34.201  1226 31235 W GLSUser : 	at acsm.a(:com.google.android.gms@251333032@25.13.33 (190800-745790146):69)
05-18 03:46:34.201  1226 31235 W GLSUser : 	at acsi.a(:com.google.android.gms@251333032@25.13.33 (190800-745790146):3)
05-18 03:46:34.201  1226 31235 W GLSUser : 	at acsk.a(:com.google.android.gms@251333032@25.13.33 (190800-745790146):58)
05-18 03:46:34.201  1226 31235 W GLSUser : 	at acsk.b(:com.google.android.gms@251333032@25.13.33 (190800-745790146):21)
05-18 03:46:34.201  1226 31235 W GLSUser : 	at aumf.m(:com.google.android.gms@251333032@25.13.33 (190800-745790146):13)
05-18 03:46:34.201  1226 31235 W GLSUser : 	at aums.f(:com.google.android.gms@251333032@25.13.33 (190800-745790146):10)
05-18 03:46:34.201  1226 31235 W GLSUser : 	at fbsi.a(:com.google.android.gms@251333032@25.13.33 (190800-745790146):45)
05-18 03:46:34.201  1226 31235 W GLSUser : 	at fbsc.b(:com.google.android.gms@251333032@25.13.33 (190800-745790146):279)
05-18 03:46:34.201  1226 31235 W GLSUser : 	at fcuf.f(:com.google.android.gms@251333032@25.13.33 (190800-745790146):232)
05-18 03:46:34.201  1226 31235 W GLSUser : 	at fctx.run(:com.google.android.gms@251333032@25.13.33 (190800-745790146):182)
05-18 03:46:34.201  1226 31235 W GLSUser : 	at ausj.c(:com.google.android.gms@251333032@25.13.33 (190800-745790146):50)
05-18 03:46:34.201  1226 31235 W GLSUser : 	at ausj.run(:com.google.android.gms@251333032@25.13.33 (190800-745790146):70)
05-18 03:46:34.201  1226 31235 W GLSUser : 	at java.util.concurrent.ThreadPoolExecutor.runWorker(ThreadPoolExecutor.java:1167)
05-18 03:46:34.201  1226 31235 W GLSUser : 	at java.util.concurrent.ThreadPoolExecutor$Worker.run(ThreadPoolExecutor.java:641)
05-18 03:46:34.201  1226 31235 W GLSUser : 	at auxx.run(:com.google.android.gms@251333032@25.13.33 (190800-745790146):8)
05-18 03:46:34.201  1226 31235 W GLSUser : 	at java.lang.Thread.run(Thread.java:920)
05-18 03:46:34.201  1226 31235 W GLSUser : Caused by: cbpu: Parse Proto Exception with response code 400
05-18 03:46:34.201  1226 31235 W GLSUser : 	at cbqz.b(:com.google.android.gms@251333032@25.13.33 (190800-745790146):80)
05-18 03:46:34.201  1226 31235 W GLSUser : 	at cbtu.d(:com.google.android.gms@251333032@25.13.33 (190800-745790146):18)
05-18 03:46:34.201  1226 31235 W GLSUser : 	at cbui.onSucceeded(:com.google.android.gms@251333032@25.13.33 (190800-745790146):9)
05-18 03:46:34.201  1226 31235 W GLSUser : 	at m.lj.onSucceeded(:com.google.android.gms.dynamite_cronetdynamite@251333032@25.13.33 (190800-0):3)
05-18 03:46:34.201  1226 31235 W GLSUser : 	at m.kh.run(:com.google.android.gms.dynamite_cronetdynamite@251333032@25.13.33 (190800-0):21)
05-18 03:46:34.201  1226 31235 W GLSUser : 	at m.kb.run(:com.google.android.gms.dynamite_cronetdynamite@251333032@25.13.33 (190800-0):31)
05-18 03:46:34.201  1226 31235 W GLSUser : 	... 6 more
05-18 03:46:34.201  1226 31235 W GLSUser : Caused by: gksr: Protocol message contained an invalid tag (zero).
05-18 03:46:34.201  1226 31235 W GLSUser : 	at gkpn.k(:com.google.android.gms@251333032@25.13.33 (190800-745790146):43)
05-18 03:46:34.201  1226 31235 W GLSUser : 	at gktr.c(:com.google.android.gms@251333032@25.13.33 (190800-745790146):398)
05-18 03:46:34.201  1226 31235 W GLSUser : 	at gktr.i(:com.google.android.gms@251333032@25.13.33 (190800-745790146):8)
05-18 03:46:34.201  1226 31235 W GLSUser : 	at gkrv.y(:com.google.android.gms@251333032@25.13.33 (190800-745790146):23)
05-18 03:46:34.201  1226 31235 W GLSUser : 	at gkrq.g(:com.google.android.gms@251333032@25.13.33 (190800-745790146):3)
05-18 03:46:34.201  1226 31235 W GLSUser : 	at gkpj.e(:com.google.android.gms@251333032@25.13.33 (190800-745790146):1)
05-18 03:46:34.201  1226 31235 W GLSUser : 	at gkpj.d(:com.google.android.gms@251333032@25.13.33 (190800-745790146):3)
05-18 03:46:34.201  1226 31235 W GLSUser : 	at gkpj.p(:com.google.android.gms@251333032@25.13.33 (190800-745790146):1)
05-18 03:46:34.201  1226 31235 W GLSUser : 	at cbqz.g(:com.google.android.gms@251333032@25.13.33 (190800-745790146):69)
05-18 03:46:34.201  1226 31235 W GLSUser : 	at cbqz.b(:com.google.android.gms@251333032@25.13.33 (190800-745790146):11)
05-18 03:46:34.201  1226 31235 W GLSUser : 	... 11 more
05-18 03:46:34.218  1226 31235 W GLSUser : [DeviceKeyStore] Cannot load key: Device key file not found.
05-18 03:46:34.231 19663 19663 I GoogleInputMethodService: GoogleInputMethodService.onFinishInput():1961 
05-18 03:46:34.231 19663 19663 I Module  : DeviceLockedStatusModuleProvider$Module.updateDeviceLockedStatus():100 repeatCheckTimes = 0, locked = false
05-18 03:46:34.232 19663 19663 I GoogleInputMethodService: GoogleInputMethodService.onDestroy():889 
05-18 03:46:34.232 19663 19663 I GlobeKeyExtension: GlobeKeyExtension.onDestroyExtension():120 
05-18 03:46:34.232 19663 19663 I ModuleManager: ModuleManager$ModuleInitListener.maybeUnloadModuleOnUnavailable():1350 module jzu is unavailable
05-18 03:46:34.232 19663 19663 I HardKeyTracker: HardKeyTracker.unregisterKeySequence():182 Unregister key sequence lxp{labelResId=2132020224, callback=bwh@a146116, lastModifier=2, keyCodes=[47], actions=[0]}
05-18 03:46:34.232 19663 19663 I ModuleManager: ModuleManager$ModuleInitListener.maybeUnloadModuleOnUnavailable():1350 module dhj is unavailable
05-18 03:46:34.232 19663 19663 I ModuleManager: ModuleManager$ModuleInitListener.maybeUnloadModuleOnUnavailable():1350 module gjn is unavailable
05-18 03:46:34.233 19663 19663 I ModuleManager: ModuleManager$ModuleInitListener.maybeUnloadModuleOnUnavailable():1350 module klz is unavailable
05-18 03:46:34.233 19663 19663 I ModuleManager: ModuleManager$ModuleInitListener.maybeUnloadModuleOnUnavailable():1350 module kmd is unavailable
05-18 03:46:34.233 19663 19663 I ModuleManager: ModuleManager$ModuleInitListener.maybeUnloadModuleOnUnavailable():1350 module kme is unavailable
05-18 03:46:34.233 19663 19663 I ModuleManager: ModuleManager$ModuleInitListener.maybeUnloadModuleOnUnavailable():1350 module kmf is unavailable
05-18 03:46:34.233 19663 19663 I ModuleManager: ModuleManager$ModuleInitListener.maybeUnloadModuleOnUnavailable():1350 module kmg is unavailable
05-18 03:46:34.233 19663 19663 I ModuleManager: ModuleManager$ModuleInitListener.maybeUnloadModuleOnUnavailable():1350 module kyj is unavailable
05-18 03:46:34.233 19663 19663 I HardKeyTracker: HardKeyTracker.unregisterKeySequence():182 Unregister key sequence lxp{labelResId=0, callback=jph@fc70ac1, lastModifier=0, keyCodes=[204], actions=[0]}
05-18 03:46:34.233 19663 19663 I HardKeyTracker: HardKeyTracker.unregisterKeySequence():182 Unregister key sequence lxp{labelResId=2132020222, callback=jph@ae17e54, lastModifier=1, keyCodes=[62, 59], actions=[0, 0]}
05-18 03:46:34.233 19663 19663 I HardKeyTracker: HardKeyTracker.unregisterKeySequence():182 Unregister key sequence lxp{labelResId=0, callback=jph@ae17e54, lastModifier=1, keyCodes=[62, 60], actions=[0, 0]}
05-18 03:46:34.233 19663 19663 I ModuleManager: ModuleManager$ModuleInitListener.maybeUnloadModuleOnUnavailable():1350 module kym is unavailable
05-18 03:46:34.233 19663 19663 I ModuleManager: ModuleManager$ModuleInitListener.maybeUnloadModuleOnUnavailable():1350 module lnf is unavailable
05-18 03:46:34.233 19663 19663 I ModuleManager: ModuleManager$ModuleInitListener.maybeUnloadModuleOnUnavailable():1350 module mbf is unavailable
05-18 03:46:34.235 19663 19663 I ModuleManager: ModuleManager$ModuleInitListener.maybeUnloadModuleOnUnavailable():1350 module jol is unavailable
05-18 03:46:34.236 19663 19663 I EmojifyExtensionImpl: EmojifyExtensionImpl.onDestroy():605 Destroying Emojify extension ecq@5cad2dd.
05-18 03:46:34.236 19663 19663 I ModuleManager: ModuleManager$ModuleInitListener.maybeUnloadModuleOnUnavailable():1350 module ecc is unavailable
05-18 03:46:34.237 19663 19663 I AbstractOpenableExtension: AbstractOpenableExtension.maybeDestroyExistingKeyboardGroupManager():537 Destroy existing keyboard group manager in edp
05-18 03:46:34.237 19663 19663 I ModuleManager: ModuleManager$ModuleInitListener.maybeUnloadModuleOnUnavailable():1350 module IExpressionMomentExtension is unavailable
05-18 03:46:34.237 19663 19663 I AbstractOpenableExtension: AbstractOpenableExtension.maybeDestroyExistingKeyboardGroupManager():537 Destroy existing keyboard group manager in fyk
05-18 03:46:34.237 19663 19663 I ModuleManager: ModuleManager$ModuleInitListener.maybeUnloadModuleOnUnavailable():1350 module FastAccessBarExtension is unavailable
05-18 03:46:34.237 19663 19663 I ModuleManager: ModuleManager$ModuleInitListener.maybeUnloadModuleOnUnavailable():1350 module IBitmojiExtension is unavailable
05-18 03:46:34.238 19663 19663 I ModuleManager: ModuleManager$ModuleInitListener.maybeUnloadModuleOnUnavailable():1350 module fza is unavailable
05-18 03:46:34.240 19663 19663 I ModuleManager: ModuleManager$ModuleInitListener.maybeUnloadModuleOnUnavailable():1350 module eki is unavailable
05-18 03:46:34.240   373   373 E adbd    : failed to connect to socket 'tcp:7336': Connection refused
05-18 03:46:34.240 19663 19663 I ModuleManager: ModuleManager$ModuleInitListener.maybeUnloadModuleOnUnavailable():1350 module IGifKeyboardExtension is unavailable
05-18 03:46:34.244 19663 19663 I ModuleManager: ModuleManager$ModuleInitListener.maybeUnloadModuleOnUnavailable():1350 module IStickerExtension is unavailable
05-18 03:46:34.247 19663 19663 I ModuleManager: ModuleManager$ModuleInitListener.maybeUnloadModuleOnUnavailable():1350 module gau is unavailable
05-18 03:46:34.248 19663 19663 I AbstractOpenableExtension: AbstractOpenableExtension.maybeDestroyExistingKeyboardGroupManager():537 Destroy existing keyboard group manager in gbl
05-18 03:46:34.248 19663 19663 I ModuleManager: ModuleManager$ModuleInitListener.maybeUnloadModuleOnUnavailable():1350 module IOcrEntryPointOpenableExtension is unavailable
05-18 03:46:34.249 19663 19663 I ModuleManager: ModuleManager$ModuleInitListener.maybeUnloadModuleOnUnavailable():1350 module mlv is unavailable
05-18 03:46:34.249 19663 19663 I ModuleManager: ModuleManager$ModuleInitListener.maybeUnloadModuleOnUnavailable():1350 module epr is unavailable
05-18 03:46:34.251 19663 19663 I ModuleManager: ModuleManager$ModuleInitListener.maybeUnloadModuleOnUnavailable():1350 module mkd is unavailable
05-18 03:46:34.251 19663 19663 I ModuleManager: ModuleManager$ModuleInitListener.maybeUnloadModuleOnUnavailable():1350 module mjm is unavailable
05-18 03:46:34.254 19663 19663 I ModuleManager: ModuleManager$ModuleInitListener.maybeUnloadModuleOnUnavailable():1350 module djv is unavailable
05-18 03:46:34.254 19663 19663 I ModuleManager: ModuleManager$ModuleInitListener.maybeUnloadModuleOnUnavailable():1350 module gsb is unavailable
05-18 03:46:34.256 19663 19663 I ModuleManager: ModuleManager$ModuleInitListener.maybeUnloadModuleOnUnavailable():1350 module dlb is unavailable
05-18 03:46:34.259 19663 19663 I ModuleManager: ModuleManager$ModuleInitListener.maybeUnloadModuleOnUnavailable():1350 module ITranslateUIExtension is unavailable
05-18 03:46:34.260 19663 19663 I ModuleManager: ModuleManager$ModuleInitListener.maybeUnloadModuleOnUnavailable():1350 module dlm is unavailable
05-18 03:46:34.260 19663 19663 I ModuleManager: ModuleManager$ModuleInitListener.maybeUnloadModuleOnUnavailable():1350 module gsy is unavailable
05-18 03:46:34.263 19663 19663 I ModuleManager: ModuleManager$ModuleInitListener.maybeUnloadModuleOnUnavailable():1350 module gjz is unavailable
05-18 03:46:34.265 19663 19663 I ModuleManager: ModuleManager$ModuleInitListener.maybeUnloadModuleOnUnavailable():1350 module dur is unavailable
05-18 03:46:34.266 19663 19663 I ModuleManager: ModuleManager$ModuleInitListener.maybeUnloadModuleOnUnavailable():1350 module ftv is unavailable
05-18 03:46:34.266 19663 19663 I ModuleManager: ModuleManager$ModuleInitListener.maybeUnloadModuleOnUnavailable():1350 module IUniversalMediaExtension is unavailable
05-18 03:46:34.270 19663 19663 I ModuleManager: ModuleManager$ModuleInitListener.maybeUnloadModuleOnUnavailable():1350 module ehc is unavailable
05-18 03:46:34.271 19663 19663 I ModuleManager: ModuleManager$ModuleInitListener.maybeUnloadModuleOnUnavailable():1350 module dnu is unavailable
05-18 03:46:34.271 19663 19663 I ModuleManager: ModuleManager$ModuleInitListener.maybeUnloadModuleOnUnavailable():1350 module gjt is unavailable
05-18 03:46:34.276 19663 19663 I ModuleManager: ModuleManager$ModuleInitListener.maybeUnloadModuleOnUnavailable():1350 module jnf is unavailable
05-18 03:46:34.279 19663 19663 I ModuleManager: ModuleManager$ModuleInitListener.maybeUnloadModuleOnUnavailable():1350 module dyn is unavailable
05-18 03:46:34.283 19663 19663 I ModuleManager: ModuleManager$ModuleInitListener.maybeUnloadModuleOnUnavailable():1350 module dyi is unavailable
05-18 03:46:34.288 19663 19663 I ModuleManager: ModuleManager$ModuleInitListener.maybeUnloadModuleOnUnavailable():1350 module dzn is unavailable
05-18 03:46:34.288 19663 19663 I ModuleManager: ModuleManager$ModuleInitListener.maybeUnloadModuleOnUnavailable():1350 module ebf is unavailable
05-18 03:46:34.289 19663 19663 I ModuleManager: ModuleManager$ModuleInitListener.maybeUnloadModuleOnUnavailable():1350 module etx is unavailable
05-18 03:46:34.289 19663 19663 I ModuleManager: ModuleManager$ModuleInitListener.maybeUnloadModuleOnUnavailable():1350 module evr is unavailable
05-18 03:46:34.289 19663 19663 I ModuleManager: ModuleManager$ModuleInitListener.maybeUnloadModuleOnUnavailable():1350 module fck is unavailable
05-18 03:46:34.290 19663 19663 I ModuleManager: ModuleManager$ModuleInitListener.maybeUnloadModuleOnUnavailable():1350 module fdz is unavailable
05-18 03:46:34.290 19663 19766 I InputActionMetricsProcessor: InputActionMetricsProcessor.onDetached():107 Detached from metrics manager.
05-18 03:46:34.292 19663 19663 I ModuleManager: ModuleManager$ModuleInitListener.maybeUnloadModuleOnUnavailable():1350 module ffc is unavailable
05-18 03:46:34.292 19663 19663 I ModuleManager: ModuleManager$ModuleInitListener.maybeUnloadModuleOnUnavailable():1350 module fgw is unavailable
05-18 03:46:34.292 19663 19663 I JapaneseMozcExtension: JapaneseMozcExtension.onDestroy():52 
05-18 03:46:34.293 19663 19663 I ModuleManager: ModuleManager$ModuleInitListener.maybeUnloadModuleOnUnavailable():1350 module fhj is unavailable
05-18 03:46:34.293 19663 19663 I ModuleManager: ModuleManager$ModuleInitListener.maybeUnloadModuleOnUnavailable():1350 module fpf is unavailable
05-18 03:46:34.294 19663 19663 I ModuleManager: ModuleManager$ModuleInitListener.maybeUnloadModuleOnUnavailable():1350 module fsu is unavailable
05-18 03:46:34.294 19663 19663 I ModuleManager: ModuleManager$ModuleInitListener.maybeUnloadModuleOnUnavailable():1350 module IEmojiOrGifExtension is unavailable
05-18 03:46:34.294 19663 19663 I ModuleManager: ModuleManager$ModuleInitListener.maybeUnloadModuleOnUnavailable():1350 module IEmoticonExtension is unavailable
05-18 03:46:34.294 19663 19663 I ModuleManager: ModuleManager$ModuleInitListener.maybeUnloadModuleOnUnavailable():1350 module fxh is unavailable
05-18 03:46:34.294 19663 19663 I ModuleManager: ModuleManager$ModuleInitListener.maybeUnloadModuleOnUnavailable():1350 module gam is unavailable
05-18 03:46:34.294 19663 19663 I ModuleManager: ModuleManager$ModuleInitListener.maybeUnloadModuleOnUnavailable():1350 module gts is unavailable
05-18 03:46:34.294 19663 19663 I UniversalDictationExtension: UniversalDictationExtension.onDestroyExtension():92 onDestroy [UD]
05-18 03:46:34.294 19663 19663 I ModuleManager: ModuleManager$ModuleInitListener.maybeUnloadModuleOnUnavailable():1350 module gtu is unavailable
05-18 03:46:34.294 19663 19663 I OnDevicePackDownloadModule: OnDevicePackDownloadModule.onDestroy():95 onDestroy()
05-18 03:46:34.294 19663 19663 I ModuleManager: ModuleManager$ModuleInitListener.maybeUnloadModuleOnUnavailable():1350 module gyt is unavailable
05-18 03:46:34.294 19663 19663 I NewS3RecognizerModule: NewS3RecognizerModule.onDestroy():21 onDestroy [news3]
05-18 03:46:34.294 19663 19663 I ModuleManager: ModuleManager$ModuleInitListener.maybeUnloadModuleOnUnavailable():1350 module hau is unavailable
05-18 03:46:34.294 19663 19663 I ModuleManager: ModuleManager$ModuleInitListener.maybeUnloadModuleOnUnavailable():1350 module imw is unavailable
05-18 03:46:34.294 19663 19663 I HardKeyTracker: HardKeyTracker.unregisterKeySequence():182 Unregister key sequence lxp{labelResId=2132018698, callback=cct@2a2819a, lastModifier=2, keyCodes=[39], actions=[0]}
05-18 03:46:34.295 19663 19663 I HardKeyTracker: HardKeyTracker.unregisterKeySequence():182 Unregister key sequence lxp{labelResId=2132020217, callback=cct@bb345d8, lastModifier=2, keyCodes=[37], actions=[0]}
05-18 03:46:34.295 19663 19663 I HardKeyTracker: HardKeyTracker.unregisterKeySequence():182 Unregister key sequence lxp{labelResId=2132020218, callback=cct@6672ab5, lastModifier=65536, keyCodes=[76], actions=[0]}
05-18 03:46:34.295 19663 19663 I HardKeyTracker: HardKeyTracker.unregisterKeySequence():182 Unregister key sequence lxp{labelResId=2132020219, callback=cct@d974843, lastModifier=2, keyCodes=[48], actions=[0]}
05-18 03:46:34.295 19663 19663 I HardKeyTracker: HardKeyTracker.unregisterKeySequence():182 Unregister key sequence lxp{labelResId=2132020214, callback=cct@a928154, lastModifier=2, keyCodes=[50], actions=[0]}
05-18 03:46:34.295 19663 19663 I ModuleManager: ModuleManager$ModuleInitListener.maybeUnloadModuleOnUnavailable():1350 module ipd is unavailable
05-18 03:46:34.295 19663 19663 I ModuleManager: ModuleManager$ModuleInitListener.maybeUnloadModuleOnUnavailable():1350 module jsl is unavailable
05-18 03:46:34.295 19663 19663 I ModuleManager: ModuleManager$ModuleInitListener.maybeUnloadModuleOnUnavailable():1350 module IBannerExtension is unavailable
05-18 03:46:34.295 19663 19663 I ModuleManager: ModuleManager$ModuleInitListener.maybeUnloadModuleOnUnavailable():1350 module mng is unavailable
05-18 03:46:34.296 19663 19663 I ModuleManager: ModuleManager$ModuleInitListener.maybeUnloadModuleOnUnavailable():1350 module gtk is unavailable
05-18 03:46:34.296 19663 19663 I ModuleManager: ModuleManager$ModuleInitListener.maybeUnloadModuleOnUnavailable():1350 module moa is unavailable
05-18 03:46:34.297 19663 19663 I ModuleManager: ModuleManager$ModuleInitListener.maybeUnloadModuleOnUnavailable():1350 module gtf is unavailable
05-18 03:46:34.297 19663 19663 W NotificationCenter: NotificationCenter.unregisterListener():480 Listener jam@8edcfb was not registered for notification class kiv
05-18 03:46:34.297 19663 19663 W NotificationCenter: NotificationCenter.unregisterListener():480 Listener jal@5123e8a was not registered for notification class kin
05-18 03:46:34.297 19663 19663 W NotificationCenter: NotificationCenter.unregisterListener():480 Listener lmd@9cd00f5 was not registered for notification class ips
05-18 03:46:34.297 19663 19663 W NotificationCenter: NotificationCenter.unregisterListener():480 Listener izy@c39b771 was not registered for notification class jmu
05-18 03:46:34.297 19663 19663 W NotificationCenter: NotificationCenter.unregisterListener():480 Listener imp@99f348 was not registered for notification class ioo
05-18 03:46:34.297 19663 19663 W NotificationCenter: NotificationCenter.unregisterListener():480 Listener imo@b5cb5e1 was not registered for notification class ioq
05-18 03:46:34.297 19663 19663 I HardKeyTracker: HardKeyTracker.unregisterKeySequence():182 Unregister key sequence lxp{labelResId=2132020223, callback=ffo@753060, lastModifier=2, keyCodes=[62], actions=[0]}
05-18 03:46:34.297 19663 19663 I HardKeyTracker: HardKeyTracker.unregisterKeySequence():182 Unregister key sequence lxp{labelResId=2132020221, callback=null, lastModifier=2, keyCodes=[8], actions=[0]}
05-18 03:46:34.298 19663 19663 I ModuleManager: ModuleManager$ModuleInitListener.maybeUnloadModuleOnUnavailable():1350 module imu is unavailable
05-18 03:46:34.299 19663 19663 I ModuleManager: ModuleManager$ModuleInitListener.maybeUnloadModuleOnUnavailable():1350 module fdy is unavailable
05-18 03:46:34.300 19663 19663 I ModuleManager: ModuleManager$ModuleInitListener.maybeUnloadModuleOnUnavailable():1350 module dho is unavailable
05-18 03:46:34.300 19663 19663 I ModuleManager: ModuleManager$ModuleInitListener.maybeUnloadModuleOnUnavailable():1350 module goa is unavailable
05-18 03:46:34.300 19663 19663 I ModuleManager: ModuleManager$ModuleInitListener.maybeUnloadModuleOnUnavailable():1350 module gsz is unavailable
05-18 03:46:34.300 19663 19663 I ModuleManager: ModuleManager$ModuleInitListener.maybeUnloadModuleOnUnavailable():1350 module lwz is unavailable
05-18 03:46:34.300 19663 19663 I ModuleManager: ModuleManager$ModuleInitListener.maybeUnloadModuleOnUnavailable():1350 module lxa is unavailable
05-18 03:46:34.300 19663 19663 I ModuleManager: ModuleManager$ModuleInitListener.maybeUnloadModuleOnUnavailable():1350 module mdq is unavailable
05-18 03:46:34.300 19663 19663 I ModuleManager: ModuleManager$ModuleInitListener.maybeUnloadModuleOnUnavailable():1350 module gnz is unavailable
05-18 03:46:34.302 19663 19663 I ModuleManager: ModuleManager$ModuleInitListener.maybeUnloadModuleOnUnavailable():1350 module etm is unavailable
05-18 03:46:34.302 19663 19663 I ModuleManager: ModuleManager$ModuleInitListener.maybeUnloadModuleOnUnavailable():1350 module etq is unavailable
05-18 03:46:34.303   373   373 E adbd    : failed to connect to socket 'tcp:7336': Connection refused
05-18 03:46:34.304  1226 31235 W GmsWeatherProviderContr: Failed to fetch weather tile
05-18 03:46:34.304  1226 31235 W GmsWeatherProviderContr: hdtc: INVALID_ARGUMENT: Request contains an invalid argument.
05-18 03:46:34.304  1226 31235 W GmsWeatherProviderContr: 	at aums.s(:com.google.android.gms@251333032@25.13.33 (190800-745790146):31)
05-18 03:46:34.304  1226 31235 W GmsWeatherProviderContr: 	at aums.f(:com.google.android.gms@251333032@25.13.33 (190800-745790146):92)
05-18 03:46:34.304  1226 31235 W GmsWeatherProviderContr: 	at fbsi.a(:com.google.android.gms@251333032@25.13.33 (190800-745790146):45)
05-18 03:46:34.304  1226 31235 W GmsWeatherProviderContr: 	at fbsc.b(:com.google.android.gms@251333032@25.13.33 (190800-745790146):279)
05-18 03:46:34.304  1226 31235 W GmsWeatherProviderContr: 	at fcuf.f(:com.google.android.gms@251333032@25.13.33 (190800-745790146):232)
05-18 03:46:34.304  1226 31235 W GmsWeatherProviderContr: 	at fctx.run(:com.google.android.gms@251333032@25.13.33 (190800-745790146):182)
05-18 03:46:34.304  1226 31235 W GmsWeatherProviderContr: 	at ausj.c(:com.google.android.gms@251333032@25.13.33 (190800-745790146):50)
05-18 03:46:34.304  1226 31235 W GmsWeatherProviderContr: 	at ausj.run(:com.google.android.gms@251333032@25.13.33 (190800-745790146):70)
05-18 03:46:34.304  1226 31235 W GmsWeatherProviderContr: 	at java.util.concurrent.ThreadPoolExecutor.runWorker(ThreadPoolExecutor.java:1167)
05-18 03:46:34.304  1226 31235 W GmsWeatherProviderContr: 	at java.util.concurrent.ThreadPoolExecutor$Worker.run(ThreadPoolExecutor.java:641)
05-18 03:46:34.304  1226 31235 W GmsWeatherProviderContr: 	at auxx.run(:com.google.android.gms@251333032@25.13.33 (190800-745790146):8)
05-18 03:46:34.304  1226 31235 W GmsWeatherProviderContr: 	at java.lang.Thread.run(Thread.java:920)
05-18 03:46:34.305 19663 19663 I ModuleManager: ModuleManager$ModuleInitListener.maybeUnloadModuleOnUnavailable():1350 module fuo is unavailable
05-18 03:46:34.305 19663 19663 I ModuleManager: ModuleManager$ModuleInitListener.maybeUnloadModuleOnUnavailable():1350 module fur is unavailable
05-18 03:46:34.305 19663 19663 I ModuleManager: ModuleManager$ModuleInitListener.maybeUnloadModuleOnUnavailable():1350 module kyf is unavailable
05-18 03:46:34.308 19663 19663 I HardKeyTracker: HardKeyTracker.unregisterKeySequence():182 Unregister key sequence lxp{labelResId=0, callback=ffo@57ce169, lastModifier=0, keyCodes=[57, 57], actions=[1, 0]}
05-18 03:46:34.308 19663 19663 I HardKeyTracker: HardKeyTracker.unregisterKeySequence():182 Unregister key sequence lxp{labelResId=0, callback=ffo@e1da31c, lastModifier=0, keyCodes=[58, 58], actions=[1, 0]}
05-18 03:46:34.308 19663 19663 I AbstractOpenableExtension: AbstractOpenableExtension.maybeDestroyExistingKeyboardGroupManager():537 Destroy existing keyboard group manager in fvs
05-18 03:46:34.308 19663 19663 I ModuleManager: ModuleManager$ModuleInitListener.maybeUnloadModuleOnUnavailable():1350 module IEmojiSearchExtension is unavailable
05-18 03:46:34.310 19663 19663 W NotificationCenter: NotificationCenter$NotificationQueue.notifyPendingNotificationsOnExecutor():877 Heavy notify work detected on UI thread: [kmv->lmd, kmv->lmd, kmv->lmd, kmv->lmd, kmv->lmd, kmv->lmd, kmv->lmd, kmv->lmd, kmv->lmd, kmv->lmd, kmv->lmd, kmv->lmd, kmv->lmd, kmv->lmd, kmv->lmd, kmv->lmd, kmv->lmd, kmv->lmd, kmv->lmd, kmv->lmd, liq->lip, liq->lip, liq->lip, liq->lip, liq->lip, liq->lip, liq->lip, liq->lip, liq->lip, liq->lip, liq->lip, liq->lip, liq->lip, liq->lip, liq->lip, liq->lip, liq->lip, liq->lip, liq->lip, liq->lip, liq->lip, liq->lip, liq->lip, liq->lip, liq->lip, liq->lip, liq->lip, liq->lip, liq->lip, liq->lip, liq->lip, liq->lip, liq->lip, liq->lip, liq->lip, liq->lip, liq->lip, liq->lip, liq->lip, liq->lip, liq->lip, ips->lmd, ips->lmd, ips->lmd, ips->lmd, ips->lmd, ips->lmd, ips->lmd, ips->lmd, ips->lmd, liq->lip, liq->lip, liq->lip, liq->lip, liq->lip, liq->lip, liq->lip, liq->lip, liq->lip, liq->lip, liq->lip, liq->lip, liq->lip, liq->lip, liq->lip, liq->lip, liq->lip, liq->lip, liq->lip, liq->lip] takes 73ms
05-18 03:46:34.311 19663 19663 I GoogleInputMethodService: GoogleInputMethodService.onDestroy():922 Maybe update OEM display config because of service destruction
05-18 03:46:34.312 19663 19663 I DeviceModeModule: DeviceModeModule.calculateAndNotify():198 Window metrics is not available, fallback to app context.
05-18 03:46:34.312 19663 19663 I DeviceModeModule: DeviceModeModule.calculateAndNotify():225 Device mode 'phone' from display metrics 'DisplayMetrics{density=0.0, width=1080, height=2400, scaledDensity=0.0, xdpi=420.0, ydpi=420.0}' or smallestScreenWidthDp: 411
05-18 03:46:34.312 19663 19663 I GoogleInputMethodService: GoogleInputMethodService.clearInputMethodServiceData():983 clearInputMethodServiceData for onDestroy
05-18 03:46:34.313 19663 19663 I GoogleInputMethodService: GoogleInputMethodService.discardAllKeyboardViewAndInputView():1147 discardAllKeyboardViewAndInputView()
05-18 03:46:34.313 19663 19663 I InputMethodEntryManager: InputMethodEntryManager.notifyCurrentInputMethodEntryOnContextChanged():545 notifyCurrentInputMethodEntryOnContextChanged()
05-18 03:46:34.313 19663 19663 I InputMethodEntryManager: InputMethodEntryManager.notifyCurrentInputMethodEntryOnContextChanged():566 Notify current input method entry changed on context change
05-18 03:46:34.315 19663 19663 I KeyboardThemeProvider: KeyboardThemeProvider.reset():39 Reset keyboard theme
05-18 03:46:34.315 19663 19663 I KeyboardContextProvider: KeyboardContextProvider.setBaseContextAndInvalidKeyboardContextCache():88 setBaseContextAndInvalidKeyboardContextCache(): null
05-18 03:46:34.320   630   962 W InputManager-JNI: Input channel object 'a569190 InputMethod (client)' was disposed without first being removed with the input manager!
05-18 03:46:34.329 19663 19663 I AbstractOpenableExtension: AbstractOpenableExtension$3.onSuccess():555 KeyboardGroupManager destroyed in edp.
05-18 03:46:34.329 19663 19663 I AbstractOpenableExtension: AbstractOpenableExtension$3.onSuccess():555 KeyboardGroupManager destroyed in fyk.
05-18 03:46:34.329 19663 19663 I AbstractOpenableExtension: AbstractOpenableExtension$3.onSuccess():555 KeyboardGroupManager destroyed in gbl.
05-18 03:46:34.329 19663 19663 I AbstractOpenableExtension: AbstractOpenableExtension$3.onSuccess():555 KeyboardGroupManager destroyed in fvs.
05-18 03:46:34.417 19663 19663 W PackageUtil: PackageUtil.getApplicationInfo():50 Package io.github.ylimit.droidbotapp not found.
05-18 03:46:34.418 19663 19663 W PackageUtil: PackageUtil.getPackageInfo():31 Package io.github.ylimit.droidbotapp not found.
05-18 03:46:34.616   630   662 E RemoteAugmentedAutofillService: Bad service name for flags 1048704: com.google.android.as/com.google.android.apps.miphone.aiai.app.AiAiAugmentedAutofillService
05-18 03:46:34.713  8411  8411 I abb     : StartCommandInProcess(73657474696e67730067657400676c6f settings.get.glo [truncated])
05-18 03:46:34.724   630   630 W Binder:630_1B: type=1400 audit(0.0:1357): avc: denied { getopt } for scontext=u:r:system_server:s0 tcontext=u:r:shell:s0 tclass=unix_stream_socket permissive=0
05-18 03:46:34.732  8411  8411 I abb     : StartCommandInProcess(7061636b61676500696e7374616c6c00 package.install. [truncated])
05-18 03:46:34.724   630   630 W Binder:630_1B: type=1400 audit(0.0:1358): avc: denied { getopt } for scontext=u:r:system_server:s0 tcontext=u:r:shell:s0 tclass=unix_stream_socket permissive=0
05-18 03:46:34.724   630   630 W Binder:630_1B: type=1400 audit(0.0:1359): avc: denied { getopt } for scontext=u:r:system_server:s0 tcontext=u:r:shell:s0 tclass=unix_stream_socket permissive=0
05-18 03:46:34.936   630   630 W Binder:630_1B: type=1400 audit(0.0:1360): avc: denied { getopt } for scontext=u:r:system_server:s0 tcontext=u:r:shell:s0 tclass=unix_stream_socket permissive=0
05-18 03:46:35.016   630   762 W PackageParsing: Ignoring duplicate uses-permissions/uses-permissions-sdk-m: com.google.android.gms.permission.AD_ID in package: com.Dominos at: Binary XML file line #25
05-18 03:46:35.020   630   702 I PackageManager: Integrity check passed for file:///data/app/vmdl1236437637.tmp
05-18 03:46:35.024   630   702 W PackageParsing: Ignoring duplicate uses-permissions/uses-permissions-sdk-m: com.google.android.gms.permission.AD_ID in package: com.Dominos at: Binary XML file line #25
05-18 03:46:35.033   630   702 I PackageManager: Permission ownership changed. Updating all permissions.
05-18 03:46:35.078   630   702 I PackageDexOptimizer: Running dexopt (dexoptNeeded=1) on: /data/app/~~-t-w-t3r4erz0K2hQqdjdA==/com.Dominos-Q_mlMyHJnkJnIVothb4kng==/base.apk pkg=com.Dominos isa=x86_64 dexoptFlags=boot_complete,profile_guided,public,enable_hidden_api_checks targetFilter=speed-profile oatDir=/data/app/~~-t-w-t3r4erz0K2hQqdjdA==/com.Dominos-Q_mlMyHJnkJnIVothb4kng==/oat classLoaderContext=PCL[]{PCL[/system/framework/org.apache.http.legacy.jar]#PCL[/system_ext/framework/androidx.window.sidecar.jar]}
05-18 03:46:35.091 16623 16981 I exkh    : (REDACTED) appOpsListener %s %s
05-18 03:46:35.091 16623 16981 I exkh    : (REDACTED) Ignoring irrelevant audio permission changes for package %s
05-18 03:46:35.092  1404  4249 I MediaProvider: Invalidating LocalCallingIdentity cache for package com.Dominos. Reason: op android:read_external_storage
05-18 03:46:35.092  1404  4249 I MediaProvider: Invalidating LocalCallingIdentity cache for package com.Dominos. Reason: op android:read_external_storage
05-18 03:46:35.092  1404  4249 I MediaProvider: Invalidating LocalCallingIdentity cache for package com.Dominos. Reason: op android:read_external_storage
05-18 03:46:35.108 23175 23175 W dex2oat64: Unexpected CPU variant for X86 using defaults: x86_64
05-18 03:46:35.108 23175 23175 W dex2oat64: Mismatch between dex2oat instruction set features to use (ISA: X86_64 Feature string: -ssse3,-sse4.1,-sse4.2,-avx,-avx2,-popcnt) and those from CPP defines (ISA: X86_64 Feature string: ssse3,sse4.1,sse4.2,-avx,-avx2,popcnt) for the command line:
05-18 03:46:35.108 23175 23175 W dex2oat64: /apex/com.android.art/bin/dex2oat64 --zip-fd=7 --zip-location=base.apk --oat-fd=8 --oat-location=/data/app/~~-t-w-t3r4erz0K2hQqdjdA==/com.Dominos-Q_mlMyHJnkJnIVothb4kng==/oat/x86_64/base.odex --input-vdex-fd=-1 --output-vdex-fd=9 --swap-fd=10 --classpath-dir=/data/app/~~-t-w-t3r4erz0K2hQqdjdA==/com.Dominos-Q_mlMyHJnkJnIVothb4kng== --class-loader-context=PCL[]{PCL[/system/framework/org.apache.http.legacy.jar]#PCL[/system_ext/framework/androidx.window.sidecar.jar]} --compact-dex-level=none --instruction-set=x86_64 --instruction-set-features=default --instruction-set-variant=x86_64 --compiler-filter=speed-profile --compilation-reason=install --max-image-block-size=524288 --resolve-startup-const-strings=true --generate-mini-debug-info --runtime-arg -Xtarget-sdk-version:34 --runtime-arg -Xhidden-api-policy:enabled --runtime-arg -Xms64m --runtime-arg -Xmx512m
05-18 03:46:35.109 23175 23175 I dex2oat64: /apex/com.android.art/bin/dex2oat64 --input-vdex-fd=-1 --output-vdex-fd=9 --classpath-dir=/data/app/~~-t-w-t3r4erz0K2hQqdjdA==/com.Dominos-Q_mlMyHJnkJnIVothb4kng== --class-loader-context=PCL[]{PCL[/system/framework/org.apache.http.legacy.jar]#PCL[/system_ext/framework/androidx.window.sidecar.jar]} --compact-dex-level=none --compiler-filter=speed-profile --compilation-reason=install --max-image-block-size=524288 --resolve-startup-const-strings=true --generate-mini-debug-info
05-18 03:46:35.391 23175 23175 I dex2oat64: Large app, accepted running with swap.
05-18 03:46:36.074   630   676 W BroadcastQueue: Background execution not allowed: receiving Intent { act=android.intent.action.DROPBOX_ENTRY_ADDED flg=0x10 (has extras) } to com.google.android.gms/.stats.service.DropBoxEntryAddedReceiver
05-18 03:46:37.676   176   176 I servicemanager: Since 'apexservice' could not be found, trying to start it as a lazy AIDL service
05-18 03:46:37.927   176   176 I BpBinder: onLastStrongRef automatically unlinking death recipients: <uncached descriptor>
05-18 03:46:37.929   176   176 I servicemanager: Tried to unregister apexservice, but there is about to be a client.
05-18 03:46:38.050 23175 23175 I dex2oat64: dex2oat took 2.944s (8.782s cpu) (threads: 4) arena alloc=0B (0B) java alloc=31MB (32637104B) native alloc=6274KB (6425328B) free=1400KB (1433840B) swap=16MB (16777216B)
05-18 03:46:38.104   385   737 E installd: Couldn't opendir /data/app/vmdl1236437637.tmp: No such file or directory
05-18 03:46:38.104   385   737 E installd: Failed to delete /data/app/vmdl1236437637.tmp: No such file or directory
05-18 03:46:38.104   630   630 W Binder:630_1B: type=1400 audit(0.0:1361): avc: denied { getopt } for scontext=u:r:system_server:s0 tcontext=u:r:shell:s0 tclass=unix_stream_socket permissive=0
05-18 03:46:38.116  1404  1404 I MediaProvider: Invalidating LocalCallingIdentity cache for package com.Dominos. Reason: package android.intent.action.PACKAGE_ADDED
05-18 03:46:38.104   630   630 W Binder:630_1B: type=1400 audit(0.0:1362): avc: denied { getopt } for scontext=u:r:system_server:s0 tcontext=u:r:shell:s0 tclass=unix_stream_socket permissive=0
05-18 03:46:38.104   630   630 W Binder:630_1B: type=1400 audit(0.0:1363): avc: denied { getopt } for scontext=u:r:system_server:s0 tcontext=u:r:shell:s0 tclass=unix_stream_socket permissive=0
05-18 03:46:38.122 15248 15248 I Finsky:background: [2] acvs.g(6): acvs - Received: android.intent.action.PACKAGE_ADDED, [4vJEO9m-23stz4Fr7qbHqJCAskrzxm-y5Mj-lrv3fdE]
05-18 03:46:38.124   630   756 I InputReader: Reconfiguring input devices, changes=KEYBOARD_LAYOUTS | 
05-18 03:46:38.126  1548 23034 I AppLinksIntentOperation: Verifying requested domains [CONTEXT service_id=244 ]
05-18 03:46:38.134   630   746 I RoleService: Granting default roles...
05-18 03:46:38.136 15150 15150 I Finsky  : [2] acwd.g(1): acwd - Received: android.intent.action.PACKAGE_ADDED, [4vJEO9m-23stz4Fr7qbHqJCAskrzxm-y5Mj-lrv3fdE]
05-18 03:46:38.143  1548  1548 I IntentFilterVerRcvr: S+ domain verification enabled [CONTEXT service_id=244 ]
05-18 03:46:38.150   630   962 W BroadcastQueue: Background execution not allowed: receiving Intent { act=android.intent.action.PACKAGE_ADDED dat=package:com.Dominos flg=0x4000010 (has extras) } to com.google.android.packageinstaller/com.android.packageinstaller.PackageInstalledReceiver
05-18 03:46:38.150   630   676 W BroadcastQueue: Background execution not allowed: receiving Intent { act=android.intent.action.PACKAGE_ADDED dat=package:com.Dominos flg=0x4000010 (has extras) } to com.android.vending/com.google.android.finsky.packagemonitor.impl.PackageMonitorReceiverImpl$RegisteredReceiver
05-18 03:46:38.150   630   676 W BroadcastQueue: Background execution not allowed: receiving Intent { act=android.intent.action.PACKAGE_ADDED dat=package:com.Dominos flg=0x4000010 (has extras) } to com.android.vending/com.google.android.finsky.packagemonitor.backgroundimpl.BackgroundPackageMonitorReceiverImpl$RegisteredReceiver
05-18 03:46:38.150   630   676 W BroadcastQueue: Background execution not allowed: receiving Intent { act=android.intent.action.PACKAGE_ADDED dat=package:com.Dominos flg=0x4000010 (has extras) } to com.google.android.gms/.chimera.GmsIntentOperationService$PersistentTrustedReceiver
05-18 03:46:38.150   630   676 W BroadcastQueue: Background execution not allowed: receiving Intent { act=android.intent.action.PACKAGE_ADDED dat=package:com.Dominos flg=0x4000010 (has extras) } to com.google.android.gms/.games.chimera.GamesSystemBroadcastReceiverProxy
05-18 03:46:38.151   630   676 W BroadcastQueue: Background execution not allowed: receiving Intent { act=android.intent.action.PACKAGE_ADDED dat=package:com.Dominos flg=0x4000010 (has extras) } to com.google.android.gms/.gass.chimera.PackageChangeBroadcastReceiver
05-18 03:46:38.158  1796 20508 I PermissionControllerServiceImpl: Updating user sensitive for uid 10200
05-18 03:46:38.174   630   630 I Telecom : DefaultDialerCache: Refreshing default dialer for user 0: now com.android.dialer: DDC.oR@AZM
05-18 03:46:38.242  1796 23043 W Role    : Cannot get ApplicationInfo for default holder: com.google.android.contacts
05-18 03:46:38.244  1548 23066 I Auth    : (REDACTED) [SupervisedAccountIntentOperationV2] onHandleIntent: %s
05-18 03:46:38.246  1796 23043 W Role    : Cannot get ApplicationInfo for default holder: com.google.android.as
05-18 03:46:38.247  1548 23067 I Blockstore: (REDACTED) [DataStoreImpl] Clearing Blockstore Data for package %s
05-18 03:46:38.248  1548 23067 I Blockstore: [DataStoreImpl] Keyless data not found or its IsLastInstallationData = false. [CONTEXT service_id=258 ]
05-18 03:46:38.248  1548 23067 I Dck     : (REDACTED) disableDckSupport: %s
05-18 03:46:38.248  1548 23067 W Dck     : [WirelessCapabilitiesFeatures] wccSysProp: 0 [CONTEXT service_id=289 ]
05-18 03:46:38.248  1548 23067 I Dck     : [WirelessCapabilitiesFeatures] wccMendel: 3 [CONTEXT service_id=289 ]
05-18 03:46:38.249  1548 23067 I Dck     : [WirelessCapabilitiesFeatures] deviceWccOverride: false [CONTEXT service_id=289 ]
05-18 03:46:38.249  1548 23067 I Dck     : [WirelessCapabilitiesFeatures] replaceSupportedWccWithWccOverride: true [CONTEXT service_id=289 ]
05-18 03:46:38.249  1548 23067 I Dck     : [WirelessCapabilitiesFeatures] wccOverride: not set [CONTEXT service_id=289 ]
05-18 03:46:38.249  1548 23067 I Dck     : (REDACTED) [WirelessCapabilitiesFeatures] wcc: %s
05-18 03:46:38.249  1548 23067 I Dck     : Dck module condition - hasWccSupport: false [CONTEXT service_id=289 ]
05-18 03:46:38.249  1548 23067 I Dck     : Dck module condition - downloadAllowed: false [CONTEXT service_id=289 ]
05-18 03:46:38.249  1548 23067 W Dck     : Dck module not eligible for asynchronous downloading [CONTEXT service_id=289 ]
05-18 03:46:38.261 15248 23022 I Finsky:background: [168] rtb.accept(118): Wrote row to frosting DB: 484
05-18 03:46:38.265   630   699 E VerityUtils: Failed to measure fs-verity, errno 1: /data/app/~~-t-w-t3r4erz0K2hQqdjdA==/com.Dominos-Q_mlMyHJnkJnIVothb4kng==/base.apk
05-18 03:46:38.270  1226 23060 W GCM     : Unexpected forwarded intent: Intent { act=android.intent.action.PACKAGE_ADDED dat=package:com.Dominos flg=0x4000010 pkg=com.google.android.gms cmp=com.google.android.gms/.chimera.PersistentIntentOperationService (has extras) }
05-18 03:46:38.270  1226 23062 W NetworkScheduler: Unexpected forwarded intent: Intent { act=android.intent.action.PACKAGE_ADDED dat=package:com.Dominos flg=0x4000010 pkg=com.google.android.gms cmp=com.google.android.gms/.chimera.PersistentIntentOperationService (has extras) }
05-18 03:46:38.277 15150 15150 I Finsky  : [2] wzu.jr(11): DTU: Received onPackageAdded, replacing: false
05-18 03:46:38.277 15150 15150 I Finsky  : [2] nct.f(7): AIM: AppInfoCacheUpdater -> invalidating apps: [com.Dominos]
05-18 03:46:38.277 15150 15150 I Finsky  : [2] ndh.c(19): AIM: AppInfoManager-Perf > getApps > called for 1 apps
05-18 03:46:38.282 15150 23024 I Finsky  : [263] pnk.kh(215): [ContentSync] finished, scheduled=false
05-18 03:46:38.282  1548 23034 I AppLinksRequestHandler: (REDACTED) Processing %d input requests
05-18 03:46:38.284 15150 15187 I Finsky  : [120] neq.a(47): AIM: AppInfoManager-Perf > OnDeviceAppInfo > cacheHitCount=0, cacheMissCount=1. Missed  in cache (limit 10) : [com.Dominos]
05-18 03:46:38.285 15150 15197 I Finsky  : [130] mhi.apply(1134): AIM: Got app ownership map. App counts: . Unique apps: 0
05-18 03:46:38.285 15150 15197 E Finsky  : [130] agpe.x(47): [Counters] attempted to use a non-positive increment for: 4752
05-18 03:46:38.285 15150 15197 E Finsky  : [130] agpe.x(47): [Counters] attempted to use a non-positive increment for: 4753
05-18 03:46:38.291  1548 23034 I AppLinksUtilsV1: Legacy cross-profile verification enabled [CONTEXT service_id=244 ]
05-18 03:46:38.297   630   675 W PackageManager: Failed registering loading progress callback. Package is fully loaded.
05-18 03:46:38.312 15150 15150 I Finsky  : [2] ajtr.f(9): Clearing split related stale data.
05-18 03:46:38.320  1404  4235 W MediaProvider: isAppCloneUserPair for user 0: false
05-18 03:46:38.321 15150 15181 I Finsky  : [114] neq.a(47): AIM: AppInfoManager-Perf > OnDeviceAppInfo > cacheHitCount=1, cacheMissCount=0. Missed  in cache (limit 10) : []
05-18 03:46:38.322 15150 15181 I Finsky  : [114] mhi.apply(1134): AIM: Got app ownership map. App counts: . Unique apps: 0
05-18 03:46:38.322 15150 15181 E Finsky  : [114] agpe.x(47): [Counters] attempted to use a non-positive increment for: 4752
05-18 03:46:38.322 15150 15181 E Finsky  : [114] agpe.x(47): [Counters] attempted to use a non-positive increment for: 4753
05-18 03:46:38.323 15248 23022 I Finsky:background: [168] rtb.accept(118): Wrote row to frosting DB: 485
05-18 03:46:38.336 15150 15150 I Finsky  : [2] aspk.c(44): Do not start WearSupportService due to Wear service optimization
05-18 03:46:38.362   178   178 I hwservicemanager: getTransport: Cannot find entry android.hardware.graphics.mapper@4.0::IMapper/default in either framework or device VINTF manifest.
05-18 03:46:38.363 23211 23225 I Gralloc4: mapper 4.x is not supported
05-18 03:46:38.367 15150 15193 I Finsky  : [126] nel.a(218): AIM: AppInfoManager-Perf > ItemModel > CacheSize=27, cacheHitCount=0, cacheMissCount=0, total appsWithNoServerDataCount=1. Missed  in cache (limit 10) : []
05-18 03:46:38.368 15150 15197 I Finsky  : [130] nel.a(218): AIM: AppInfoManager-Perf > ItemModel > CacheSize=27, cacheHitCount=0, cacheMissCount=0, total appsWithNoServerDataCount=1. Missed  in cache (limit 10) : []
05-18 03:46:38.396 15150 15197 I Finsky  : [130] lzm.accept(133): AIM: AppInfoManager-Perf > getApps > data collection finished
05-18 03:46:38.396 15150 15197 I Finsky  : [130] ndj.run(909): AIM: AppInfoManager-Perf > maybeDestroyAppInfoManager is called. actives = 0
05-18 03:46:38.426  1796 23043 W Role    : Cannot get ApplicationInfo for default holder: com.google.android.as
05-18 03:46:38.427  1796 23043 W Role    : Cannot get ApplicationInfo for default holder: com.google.android.as
05-18 03:46:38.431  1548  2253 E heep    : *~*~*~ Previous channel {0} was garbage collected without being shut down! ~*~*~*
05-18 03:46:38.431  1548  2253 E heep    :     Make sure to call shutdown()/shutdownNow()
05-18 03:46:38.431  1548  2253 E heep    : java.lang.RuntimeException: ManagedChannel allocation site
05-18 03:46:38.431  1548  2253 E heep    : 	at heeo.<init>(:com.google.android.gms@251333032@25.13.33 (190800-745790146):21)
05-18 03:46:38.431  1548  2253 E heep    : 	at heep.<init>(:com.google.android.gms@251333032@25.13.33 (190800-745790146):10)
05-18 03:46:38.431  1548  2253 E heep    : 	at heen.a(:com.google.android.gms@251333032@25.13.33 (190800-745790146):244)
05-18 03:46:38.431  1548  2253 E heep    : 	at hdpo.a(:com.google.android.gms@251333032@25.13.33 (190800-745790146):5)
05-18 03:46:38.431  1548  2253 E heep    : 	at aunb.a(:com.google.android.gms@251333032@25.13.33 (190800-745790146):66)
05-18 03:46:38.431  1548  2253 E heep    : 	at aums.u(:com.google.android.gms@251333032@25.13.33 (190800-745790146):119)
05-18 03:46:38.431  1548  2253 E heep    : 	at aums.e(:com.google.android.gms@251333032@25.13.33 (190800-745790146):5)
05-18 03:46:38.431  1548  2253 E heep    : 	at eaks.a(:com.google.android.gms@251333032@25.13.33 (190800-745790146):45)
05-18 03:46:38.431  1548  2253 E heep    : 	at eajx.c(:com.google.android.gms@251333032@25.13.33 (190800-745790146):16)
05-18 03:46:38.431  1548  2253 E heep    : 	at eajx.a(:com.google.android.gms@251333032@25.13.33 (190800-745790146):3)
05-18 03:46:38.431  1548  2253 E heep    : 	at apop.run(:com.google.android.gms@251333032@25.13.33 (190800-745790146):5)
05-18 03:46:38.431  1548  2253 E heep    : 	at ausj.c(:com.google.android.gms@251333032@25.13.33 (190800-745790146):50)
05-18 03:46:38.431  1548  2253 E heep    : 	at ausj.run(:com.google.android.gms@251333032@25.13.33 (190800-745790146):70)
05-18 03:46:38.431  1548  2253 E heep    : 	at java.util.concurrent.ThreadPoolExecutor.runWorker(ThreadPoolExecutor.java:1167)
05-18 03:46:38.431  1548  2253 E heep    : 	at java.util.concurrent.ThreadPoolExecutor$Worker.run(ThreadPoolExecutor.java:641)
05-18 03:46:38.431  1548  2253 E heep    : 	at auxx.run(:com.google.android.gms@251333032@25.13.33 (190800-745790146):8)
05-18 03:46:38.431  1548  2253 E heep    : 	at java.lang.Thread.run(Thread.java:920)
05-18 03:46:38.463 16551 23044 I dqbi    : (REDACTED) Writing data of size=%d bytes with N=%d keys to Geller corpus %s at ts=%d
05-18 03:46:38.480 16551 16609 I akrd    : refreshDeviceAppInfoForAccount done.
05-18 03:46:38.486 16551 16611 W akrd    : missing version info.
05-18 03:46:38.491  1548 23234 I Icing   : Indexing com.google.android.gms-apps from com.google.android.gms
05-18 03:46:38.501  1548 23232 W Conscrypt: Could not set socket write timeout: java.net.SocketException: Socket closed
05-18 03:46:38.501  1548 23232 W Conscrypt: 	at com.google.android.gms.org.conscrypt.Platform.setSocketWriteTimeout(:com.google.android.gms@251333032@25.13.33 (190800-745790146):204)
05-18 03:46:38.501  1548 23232 W Conscrypt: 	at com.google.android.gms.org.conscrypt.ConscryptFileDescriptorSocket.setSoWriteTimeout(:com.google.android.gms@251333032@25.13.33 (190800-745790146):4)
05-18 03:46:38.510   630   643 I system_server: Background concurrent copying GC freed 287685(14MB) AllocSpace objects, 72(3544KB) LOS objects, 49% free, 24MB/48MB, paused 1.211ms,68us total 405.486ms
05-18 03:46:38.511  1548 23234 I Icing   : Indexing done com.google.android.gms-apps
05-18 03:46:38.542  1226 23068 I NetworkScheduler.Stats: (REDACTED) Task %s/%s started execution. cause:%s exec_start_elapsed_seconds: %s
05-18 03:46:38.544   630   645 W System  : A resource failed to call close. 
05-18 03:46:38.549  1226 23120 I NetworkScheduler.Stats: (REDACTED) Task %s/%s finished executing. cause:%s result: %s elapsed_millis: %s uptime_millis: %s exec_start_elapsed_seconds: %s
05-18 03:46:38.559  1796 23043 W Role    : Cannot get ApplicationInfo for default holder: com.google.android.as
