05-18 03:47:24.330 19929 19960 I XmpUtil : XMP parse: only JPEG file is supported
05-18 03:47:24.337  1404  1437 I MediaProvider: Open with lower FS for /storage/emulated/0/screen_2025-04-22_154531.png. Uid: 10126
05-18 03:47:24.346 19929 19960 I XmpUtil : XMP parse: only JPEG file is supported
05-18 03:47:24.352  1404  1437 I MediaProvider: Open with lower FS for /storage/emulated/0/screen_2025-04-22_154537.png. Uid: 10126
05-18 03:47:24.361 19929 19960 I XmpUtil : XMP parse: only JPEG file is supported
05-18 03:47:24.367  1404  1437 I MediaProvider: Open with lower FS for /storage/emulated/0/screen_2025-04-22_154542.png. Uid: 10126
05-18 03:47:24.375 19929 19960 I XmpUtil : XMP parse: only JPEG file is supported
05-18 03:47:24.382  1404  1437 I MediaProvider: Open with lower FS for /storage/emulated/0/screen_2025-04-22_154543.png. Uid: 10126
05-18 03:47:24.393 19929 19960 I XmpUtil : XMP parse: only JPEG file is supported
05-18 03:47:24.402  1404  1437 I MediaProvider: Open with lower FS for /storage/emulated/0/screen_2025-04-22_154548.png. Uid: 10126
05-18 03:47:24.412 19929 19960 I XmpUtil : XMP parse: only JPEG file is supported
05-18 03:47:24.422  1404  1426 I MediaProvider: Open with lower FS for /storage/emulated/0/screen_2025-04-22_154549.png. Uid: 10126
05-18 03:47:24.433 19929 19960 I XmpUtil : XMP parse: only JPEG file is supported
05-18 03:47:24.440  1404  1426 I MediaProvider: Open with lower FS for /storage/emulated/0/screen_2025-04-22_154554.png. Uid: 10126
05-18 03:47:24.450 19929 19960 I XmpUtil : XMP parse: only JPEG file is supported
05-18 03:47:24.455  1404  1426 I MediaProvider: Open with lower FS for /storage/emulated/0/screen_2025-04-22_154600.png. Uid: 10126
05-18 03:47:24.463 19929 19960 I XmpUtil : XMP parse: only JPEG file is supported
05-18 03:47:24.469  1404  1426 I MediaProvider: Open with lower FS for /storage/emulated/0/screen_2025-04-22_154606.png. Uid: 10126
05-18 03:47:24.478 19929 19960 I XmpUtil : XMP parse: only JPEG file is supported
05-18 03:47:24.487  1404  1426 I MediaProvider: Open with lower FS for /storage/emulated/0/screen_2025-04-22_154611.png. Uid: 10126
05-18 03:47:24.498 19929 19960 I XmpUtil : XMP parse: only JPEG file is supported
05-18 03:47:24.505  1404  1426 I MediaProvider: Open with lower FS for /storage/emulated/0/screen_2025-04-22_154612.png. Uid: 10126
05-18 03:47:24.517 19929 19960 I XmpUtil : XMP parse: only JPEG file is supported
05-18 03:47:24.523  1404  1426 I MediaProvider: Open with lower FS for /storage/emulated/0/screen_2025-04-22_154617.png. Uid: 10126
05-18 03:47:24.531 19929 19960 I XmpUtil : XMP parse: only JPEG file is supported
05-18 03:47:24.537  1404  1426 I MediaProvider: Open with lower FS for /storage/emulated/0/screen_2025-04-22_154623.png. Uid: 10126
05-18 03:47:24.546 19929 19960 I XmpUtil : XMP parse: only JPEG file is supported
05-18 03:47:24.554  1404  1426 I MediaProvider: Open with lower FS for /storage/emulated/0/screen_2025-04-22_154629.png. Uid: 10126
05-18 03:47:24.567 19929 19960 I XmpUtil : XMP parse: only JPEG file is supported
05-18 03:47:24.573  1404  1426 I MediaProvider: Open with lower FS for /storage/emulated/0/screen_2025-04-22_154634.png. Uid: 10126
05-18 03:47:24.584 19929 19960 I XmpUtil : XMP parse: only JPEG file is supported
05-18 03:47:24.593  1404  1426 I MediaProvider: Open with lower FS for /storage/emulated/0/screen_2025-04-22_154635.png. Uid: 10126
05-18 03:47:24.603 19929 19960 I XmpUtil : XMP parse: only JPEG file is supported
05-18 03:47:24.611  1404  1426 I MediaProvider: Open with lower FS for /storage/emulated/0/screen_2025-04-22_154640.png. Uid: 10126
05-18 03:47:24.622 19929 19960 I XmpUtil : XMP parse: only JPEG file is supported
05-18 03:47:24.629  1404  1426 I MediaProvider: Open with lower FS for /storage/emulated/0/screen_2025-04-22_154646.png. Uid: 10126
05-18 03:47:24.638 19929 19960 I XmpUtil : XMP parse: only JPEG file is supported
05-18 03:47:24.647  1404  1426 I MediaProvider: Open with lower FS for /storage/emulated/0/screen_2025-05-08_163216.png. Uid: 10126
05-18 03:47:24.656 19929 19960 I XmpUtil : XMP parse: only JPEG file is supported
05-18 03:47:24.664  1404  1426 I MediaProvider: Open with lower FS for /storage/emulated/0/screen_2025-05-08_163222.png. Uid: 10126
05-18 03:47:24.674 19929 19960 I XmpUtil : XMP parse: only JPEG file is supported
05-18 03:47:24.682  1404  1426 I MediaProvider: Open with lower FS for /storage/emulated/0/screen_2025-05-08_163227.png. Uid: 10126
05-18 03:47:24.693 19929 19960 I XmpUtil : XMP parse: only JPEG file is supported
05-18 03:47:24.700  1404  1426 I MediaProvider: Open with lower FS for /storage/emulated/0/screen_2025-05-08_163228.png. Uid: 10126
05-18 03:47:25.182  1404  1510 W MediaProvider: isAppCloneUserPair for user 0: false
05-18 03:47:25.221   178   178 I hwservicemanager: getTransport: Cannot find entry android.hardware.graphics.mapper@4.0::IMapper/default in either framework or device VINTF manifest.
05-18 03:47:25.221 25042 25044 I Gralloc4: mapper 4.x is not supported
05-18 03:47:25.242   191 24611 I keystore2: keystore2::watchdog: Watchdog thread idle -> terminating. Have a great day.
05-18 03:47:25.347  1404  1995 I MediaProvider: Begin Intent { act=android.intent.action.MEDIA_SCANNER_SCAN_FILE dat=file:///sdcard/screen_2025-05-18_114726.png flg=0x1400010 cmp=com.google.android.providers.media.module/com.android.providers.media.MediaService }
05-18 03:47:25.360  1404  1995 I MediaProvider: End Intent { act=android.intent.action.MEDIA_SCANNER_SCAN_FILE dat=file:///sdcard/screen_2025-05-18_114726.png flg=0x1400010 cmp=com.google.android.providers.media.module/com.android.providers.media.MediaService }
05-18 03:47:25.422  1404  1753 I MediaProvider: Deleted 0 1 0 0 0 0 0 items on external_primary due to com.android.shell
05-18 03:47:25.424  1226  2106 I UriTaskContentObserver: (REDACTED) Throttling content uri change event for %s
--------- beginning of crash
05-18 03:47:25.865 23429 23429 E AndroidRuntime: FATAL EXCEPTION: main
05-18 03:47:25.865 23429 23429 E AndroidRuntime: Process: com.Dominos, PID: 23429
05-18 03:47:25.865 23429 23429 E AndroidRuntime: java.lang.ArrayIndexOutOfBoundsException: length=10; index=-1
05-18 03:47:25.865 23429 23429 E AndroidRuntime: 	at java.util.ArrayList.get(ArrayList.java:439)
05-18 03:47:25.865 23429 23429 E AndroidRuntime: 	at com.Dominos.activity.homenextgen.menu.NextGenMenuActivity.J1(NextGenMenuActivity.kt:51)
05-18 03:47:25.865 23429 23429 E AndroidRuntime: 	at com.Dominos.activity.homenextgen.menu.NextGenMenuActivity.onClick(NextGenMenuActivity.kt:53)
05-18 03:47:25.865 23429 23429 E AndroidRuntime: 	at android.view.View.performClick(View.java:7441)
05-18 03:47:25.865 23429 23429 E AndroidRuntime: 	at android.view.View.performClickInternal(View.java:7418)
05-18 03:47:25.865 23429 23429 E AndroidRuntime: 	at android.view.View.access$3700(View.java:835)
05-18 03:47:25.865 23429 23429 E AndroidRuntime: 	at android.view.View$PerformClick.run(View.java:28676)
05-18 03:47:25.865 23429 23429 E AndroidRuntime: 	at android.os.Handler.handleCallback(Handler.java:938)
05-18 03:47:25.865 23429 23429 E AndroidRuntime: 	at android.os.Handler.dispatchMessage(Handler.java:99)
05-18 03:47:25.865 23429 23429 E AndroidRuntime: 	at android.os.Looper.loopOnce(Looper.java:201)
05-18 03:47:25.865 23429 23429 E AndroidRuntime: 	at android.os.Looper.loop(Looper.java:288)
05-18 03:47:25.865 23429 23429 E AndroidRuntime: 	at android.app.ActivityThread.main(ActivityThread.java:7839)
05-18 03:47:25.865 23429 23429 E AndroidRuntime: 	at java.lang.reflect.Method.invoke(Native Method)
05-18 03:47:25.865 23429 23429 E AndroidRuntime: 	at com.android.internal.os.RuntimeInit$MethodAndArgsCaller.run(RuntimeInit.java:548)
05-18 03:47:25.865 23429 23429 E AndroidRuntime: 	at com.android.internal.os.ZygoteInit.main(ZygoteInit.java:1003)
05-18 03:47:25.929 23429 23439 W System  : A resource failed to call close. 
05-18 03:47:25.951 23429 23663 W GoogleTagManager: Event does not have parameter "eventAction" and no default value was defined. Returning "undefined".
05-18 03:47:25.955 23429 23663 W GoogleTagManager: Event does not have parameter "eventAction" and no default value was defined. Returning "undefined".
05-18 03:47:25.957 23429 23663 W GoogleTagManager: Event does not have parameter "eventAction" and no default value was defined. Returning "undefined".
05-18 03:47:25.958 23429 23663 W GoogleTagManager: Event does not have parameter "eventLabel" and no default value was defined. Returning "undefined".
05-18 03:47:25.965 23429 23663 W GoogleTagManager: Event does not have parameter "eventAction" and no default value was defined. Returning "undefined".
05-18 03:47:25.995   630 25109 I DropBoxManagerService: add tag=data_app_crash isTagEnabled=true flags=0x2
05-18 03:47:26.011   630   964 W ActivityTaskManager:   Force finishing activity com.Dominos/.activity.homenextgen.menu.NextGenMenuActivity
05-18 03:47:26.044   630   676 W BroadcastQueue: Background execution not allowed: receiving Intent { act=android.intent.action.DROPBOX_ENTRY_ADDED flg=0x10 (has extras) } to com.google.android.gms/.stats.service.DropBoxEntryAddedReceiver
05-18 03:47:26.045 23429 23429 I Process : Sending signal. PID: 23429 SIG: 9
05-18 03:47:26.138   630   964 I WindowManager: WIN DEATH: Window{891c2b6 u0 com.Dominos/com.Dominos.activity.homenextgen.menu.NextGenMenuActivity}
05-18 03:47:26.143   630   964 W InputManager-JNI: Input channel object '891c2b6 com.Dominos/com.Dominos.activity.homenextgen.menu.NextGenMenuActivity (client)' was disposed without first being removed with the input manager!
05-18 03:47:26.146   630  1905 I ActivityManager: Process com.Dominos (pid 23429) has died: fg  TOP 
05-18 03:47:26.148   320   320 I Zygote  : Process 23429 exited due to signal 9 (Killed)
05-18 03:47:26.178   356   356 E BpTransactionCompletedListener: Failed to transact (-32)
05-18 03:47:26.179   630   678 I libprocessgroup: Successfully killed process cgroup uid 10200 pid 23429 in 3ms
05-18 03:47:26.190   851   869 I ndroid.systemu: NativeAlloc concurrent copying GC freed 45229(2066KB) AllocSpace objects, 17(340KB) LOS objects, 49% free, 10MB/20MB, paused 483us,365us total 146.331ms
05-18 03:47:26.197   851   871 W System  : A resource failed to call close. 
05-18 03:47:26.197   851   871 W System  : A resource failed to call close. 
05-18 03:47:26.197   851   871 W System  : A resource failed to call close. 
05-18 03:47:26.199   630   675 W UsageStatsService: Unexpected activity event reported! (com.Dominos/com.Dominos.activity.homenextgen.NextGenHomeActivity event : 23 instanceId : 258427623)
05-18 03:47:26.201   851   871 W System  : A resource failed to call close. 
05-18 03:47:26.204   630   769 I WindowManager: WIN DEATH: Window{2208d7f u0 com.Dominos/com.Dominos.activity.homenextgen.NextGenHomeActivity}
05-18 03:47:26.205   630   769 W InputManager-JNI: Input channel object '2208d7f com.Dominos/com.Dominos.activity.homenextgen.NextGenHomeActivity (client)' was disposed without first being removed with the input manager!
05-18 03:47:26.213   630   664 W ActivityManager: setHasOverlayUi called on unknown pid: 23429
05-18 03:47:26.218   630   677 I ActivityManager: Start proc 25123:com.Dominos/u0a200 for top-activity {com.Dominos/com.Dominos.activity.homenextgen.NextGenHomeActivity}
05-18 03:47:26.223 25123 25123 W com.Dominos: Unexpected CPU variant for X86 using defaults: x86_64
05-18 03:47:26.231 25123 25123 E com.Dominos: Not starting debugger since process cannot load the jdwp agent.
05-18 03:47:26.279   630  2239 W WindowManager: Attempted to add starting window to token but already cleaned
05-18 03:47:26.282   851  1073 W StartingSurfaceDrawer: android.os.BinderProxy@5b15c8 already running, starting window not displayed. Unable to add window -- window android.view.ViewRootImpl$W@aedd66b has already been added
05-18 03:47:26.282   851  1073 W StartingSurfaceDrawer: view not successfully added to wm, removing view
05-18 03:47:26.319  1173  1184 I s.nexuslaunche: NativeAlloc concurrent copying GC freed 44389(1765KB) AllocSpace objects, 8(752KB) LOS objects, 49% free, 5324KB/10MB, paused 316us,47us total 268.427ms
05-18 03:47:26.348   630   755 I InputDispatcher: Dropping event because there is no touchable window or gesture monitor at (540, 358) in display 0.
05-18 03:47:26.351   630  2239 W InputManager: Input event injection from pid 25146 failed.
05-18 03:47:26.352   630   755 I InputDispatcher: Dropping event because there is no touched foreground window in display 0 or gesture monitor to receive it.
05-18 03:47:26.354   630  2239 W InputManager: Input event injection from pid 25146 failed.
05-18 03:47:26.355   630   755 I InputDispatcher: Dropping event because there is no touched foreground window in display 0 or gesture monitor to receive it.
05-18 03:47:26.355   630  2239 W InputManager: Input event injection from pid 25146 failed.
05-18 03:47:26.356   630   755 I InputDispatcher: Dropping event because there is no touched foreground window in display 0 or gesture monitor to receive it.
05-18 03:47:26.357   630  2239 W InputManager: Input event injection from pid 25146 failed.
05-18 03:47:26.358   630   755 I InputDispatcher: Dropping event because there is no touched foreground window in display 0 or gesture monitor to receive it.
05-18 03:47:26.358   630  2239 W InputManager: Input event injection from pid 25146 failed.
05-18 03:47:26.358   630   755 I InputDispatcher: Dropping event because there is no touched foreground window in display 0 or gesture monitor to receive it.
05-18 03:47:26.358   630  2239 W InputManager: Input event injection from pid 25146 failed.
05-18 03:47:26.359   630   755 I InputDispatcher: Dropping event because there is no touched foreground window in display 0 or gesture monitor to receive it.
05-18 03:47:26.359   630  2239 W InputManager: Input event injection from pid 25146 failed.
05-18 03:47:26.360   630   755 I InputDispatcher: Dropping event because there is no touched foreground window in display 0 or gesture monitor to receive it.
05-18 03:47:26.360   630  2239 W InputManager: Input event injection from pid 25146 failed.
05-18 03:47:26.363   630   755 I InputDispatcher: Dropping event because there is no touched foreground window in display 0 or gesture monitor to receive it.
05-18 03:47:26.363   630  2239 W InputManager: Input event injection from pid 25146 failed.
05-18 03:47:26.366   630   755 I InputDispatcher: Dropping event because there is no touched foreground window in display 0 or gesture monitor to receive it.
05-18 03:47:26.367   630  2239 W InputManager: Input event injection from pid 25146 failed.
05-18 03:47:26.370   630   755 I InputDispatcher: Dropping event because there is no touched foreground window in display 0 or gesture monitor to receive it.
05-18 03:47:26.370   630  2239 W InputManager: Input event injection from pid 25146 failed.
05-18 03:47:26.371   630   755 I InputDispatcher: Dropping event because there is no touched foreground window in display 0 or gesture monitor to receive it.
05-18 03:47:26.371   630  2239 W InputManager: Input event injection from pid 25146 failed.
05-18 03:47:26.371   630   755 I InputDispatcher: Dropping event because there is no touched foreground window in display 0 or gesture monitor to receive it.
05-18 03:47:26.372   630  2239 W InputManager: Input event injection from pid 25146 failed.
05-18 03:47:26.372   630   755 I InputDispatcher: Dropping event because there is no touched foreground window in display 0 or gesture monitor to receive it.
05-18 03:47:26.372   630  2239 W InputManager: Input event injection from pid 25146 failed.
05-18 03:47:26.372   630   755 I InputDispatcher: Dropping event because there is no touched foreground window in display 0 or gesture monitor to receive it.
05-18 03:47:26.373   630  2239 W InputManager: Input event injection from pid 25146 failed.
05-18 03:47:26.373   630   755 I InputDispatcher: Dropping event because there is no touched foreground window in display 0 or gesture monitor to receive it.
05-18 03:47:26.373   630  2239 W InputManager: Input event injection from pid 25146 failed.
05-18 03:47:26.374   630   755 I InputDispatcher: Dropping event because there is no touched foreground window in display 0 or gesture monitor to receive it.
05-18 03:47:26.374   630  2239 W InputManager: Input event injection from pid 25146 failed.
05-18 03:47:26.375   630   755 I InputDispatcher: Dropping event because there is no touched foreground window in display 0 or gesture monitor to receive it.
05-18 03:47:26.375   630  2239 W InputManager: Input event injection from pid 25146 failed.
05-18 03:47:26.375   630   755 I InputDispatcher: Dropping event because there is no touched foreground window in display 0 or gesture monitor to receive it.
05-18 03:47:26.376   630  2239 W InputManager: Input event injection from pid 25146 failed.
05-18 03:47:26.377   630   755 I InputDispatcher: Dropping event because there is no touched foreground window in display 0 or gesture monitor to receive it.
05-18 03:47:26.377   630  2239 W InputManager: Input event injection from pid 25146 failed.
05-18 03:47:26.378   630   755 I InputDispatcher: Dropping event because there is no touched foreground window in display 0 or gesture monitor to receive it.
05-18 03:47:26.378   630  2239 W InputManager: Input event injection from pid 25146 failed.
05-18 03:47:26.378   630   755 I InputDispatcher: Dropping event because there is no touched foreground window in display 0 or gesture monitor to receive it.
05-18 03:47:26.378   630  2239 W InputManager: Input event injection from pid 25146 failed.
05-18 03:47:26.379   630   755 I InputDispatcher: Dropping event because there is no touched foreground window in display 0 or gesture monitor to receive it.
05-18 03:47:26.379   630  2239 W InputManager: Input event injection from pid 25146 failed.
05-18 03:47:26.379   630   755 I InputDispatcher: Dropping event because there is no touched foreground window in display 0 or gesture monitor to receive it.
05-18 03:47:26.379   630  2239 W InputManager: Input event injection from pid 25146 failed.
05-18 03:47:26.380   630   755 I InputDispatcher: Dropping event because there is no touched foreground window in display 0 or gesture monitor to receive it.
05-18 03:47:26.380   630  2239 W InputManager: Input event injection from pid 25146 failed.
05-18 03:47:26.380   630   755 I InputDispatcher: Dropping event because there is no touched foreground window in display 0 or gesture monitor to receive it.
05-18 03:47:26.381   630  2239 W InputManager: Input event injection from pid 25146 failed.
05-18 03:47:26.381   630   755 I InputDispatcher: Dropping event because there is no touched foreground window in display 0 or gesture monitor to receive it.
05-18 03:47:26.381   630  2239 W InputManager: Input event injection from pid 25146 failed.
05-18 03:47:26.382   630   755 I InputDispatcher: Dropping event because there is no touched foreground window in display 0 or gesture monitor to receive it.
05-18 03:47:26.382   630  2239 W InputManager: Input event injection from pid 25146 failed.
05-18 03:47:26.383   630   755 I InputDispatcher: Dropping event because there is no touched foreground window in display 0 or gesture monitor to receive it.
05-18 03:47:26.383   630  2239 W InputManager: Input event injection from pid 25146 failed.
05-18 03:47:26.383   630   755 I InputDispatcher: Dropping event because there is no touched foreground window in display 0 or gesture monitor to receive it.
05-18 03:47:26.384   630  2239 W InputManager: Input event injection from pid 25146 failed.
05-18 03:47:26.384   630   755 I InputDispatcher: Dropping event because there is no touched foreground window in display 0 or gesture monitor to receive it.
05-18 03:47:26.384   630  2239 W InputManager: Input event injection from pid 25146 failed.
05-18 03:47:26.384   630   755 I InputDispatcher: Dropping event because there is no touched foreground window in display 0 or gesture monitor to receive it.
05-18 03:47:26.385   630  2239 W InputManager: Input event injection from pid 25146 failed.
05-18 03:47:26.385   630   755 I InputDispatcher: Dropping event because there is no touched foreground window in display 0 or gesture monitor to receive it.
05-18 03:47:26.385   630  2239 W InputManager: Input event injection from pid 25146 failed.
05-18 03:47:26.385   630   755 I InputDispatcher: Dropping event because there is no touched foreground window in display 0 or gesture monitor to receive it.
05-18 03:47:26.385   630  2239 W InputManager: Input event injection from pid 25146 failed.
05-18 03:47:26.386   630   755 I InputDispatcher: Dropping event because there is no touched foreground window in display 0 or gesture monitor to receive it.
05-18 03:47:26.387   630  2239 W InputManager: Input event injection from pid 25146 failed.
05-18 03:47:26.387   630   755 I InputDispatcher: Dropping event because there is no touched foreground window in display 0 or gesture monitor to receive it.
05-18 03:47:26.387   630  2239 W InputManager: Input event injection from pid 25146 failed.
05-18 03:47:26.388   630   755 I InputDispatcher: Dropping event because there is no touched foreground window in display 0 or gesture monitor to receive it.
05-18 03:47:26.388   630  2239 W InputManager: Input event injection from pid 25146 failed.
05-18 03:47:26.388   630   755 I InputDispatcher: Dropping event because there is no touched foreground window in display 0 or gesture monitor to receive it.
05-18 03:47:26.388   630  2239 W InputManager: Input event injection from pid 25146 failed.
05-18 03:47:26.388   630   755 I InputDispatcher: Dropping event because there is no touched foreground window in display 0 or gesture monitor to receive it.
05-18 03:47:26.388   630  2239 W InputManager: Input event injection from pid 25146 failed.
05-18 03:47:26.389   630   755 I InputDispatcher: Dropping event because there is no touched foreground window in display 0 or gesture monitor to receive it.
05-18 03:47:26.389   630  2239 W InputManager: Input event injection from pid 25146 failed.
05-18 03:47:26.389   630   755 I InputDispatcher: Dropping event because there is no touched foreground window in display 0 or gesture monitor to receive it.
05-18 03:47:26.389   630  2239 W InputManager: Input event injection from pid 25146 failed.
05-18 03:47:26.389   630   755 I InputDispatcher: Dropping event because there is no touched foreground window in display 0 or gesture monitor to receive it.
05-18 03:47:26.389   630  2239 W InputManager: Input event injection from pid 25146 failed.
05-18 03:47:26.389   630   755 I InputDispatcher: Dropping event because there is no touched foreground window in display 0 or gesture monitor to receive it.
05-18 03:47:26.389   630  2239 W InputManager: Input event injection from pid 25146 failed.
05-18 03:47:26.389   630   755 I InputDispatcher: Dropping event because there is no touched foreground window in display 0 or gesture monitor to receive it.
05-18 03:47:26.389   630  2239 W InputManager: Input event injection from pid 25146 failed.
05-18 03:47:26.390   630   755 I InputDispatcher: Dropping event because there is no touched foreground window in display 0 or gesture monitor to receive it.
05-18 03:47:26.390   630  2239 W InputManager: Input event injection from pid 25146 failed.
05-18 03:47:26.390   630   755 I InputDispatcher: Dropping event because there is no touched foreground window in display 0 or gesture monitor to receive it.
05-18 03:47:26.390   630  2239 W InputManager: Input event injection from pid 25146 failed.
05-18 03:47:26.390   630   755 I InputDispatcher: Dropping event because there is no touched foreground window in display 0 or gesture monitor to receive it.
05-18 03:47:26.390   630  2239 W InputManager: Input event injection from pid 25146 failed.
05-18 03:47:26.391   630   755 I InputDispatcher: Dropping event because there is no touched foreground window in display 0 or gesture monitor to receive it.
05-18 03:47:26.391   630  2239 W InputManager: Input event injection from pid 25146 failed.
05-18 03:47:26.392   630   755 I InputDispatcher: Dropping event because there is no touched foreground window in display 0 or gesture monitor to receive it.
05-18 03:47:26.392   630  2239 W InputManager: Input event injection from pid 25146 failed.
05-18 03:47:26.392   630   755 I InputDispatcher: Dropping event because there is no touched foreground window in display 0 or gesture monitor to receive it.
05-18 03:47:26.393   630  2239 W InputManager: Input event injection from pid 25146 failed.
05-18 03:47:26.393   630   755 I InputDispatcher: Dropping event because there is no touched foreground window in display 0 or gesture monitor to receive it.
05-18 03:47:26.393   630  2239 W InputManager: Input event injection from pid 25146 failed.
05-18 03:47:26.393   630   755 I InputDispatcher: Dropping event because there is no touched foreground window in display 0 or gesture monitor to receive it.
05-18 03:47:26.394   630  2239 W InputManager: Input event injection from pid 25146 failed.
05-18 03:47:26.394   630   755 I InputDispatcher: Dropping event because there is no touched foreground window in display 0 or gesture monitor to receive it.
05-18 03:47:26.394   630  2239 W InputManager: Input event injection from pid 25146 failed.
05-18 03:47:26.394   630   755 I InputDispatcher: Dropping event because there is no touched foreground window in display 0 or gesture monitor to receive it.
05-18 03:47:26.394   630  2239 W InputManager: Input event injection from pid 25146 failed.
05-18 03:47:26.395   630   755 I InputDispatcher: Dropping event because there is no touched foreground window in display 0 or gesture monitor to receive it.
05-18 03:47:26.395   630  2239 W InputManager: Input event injection from pid 25146 failed.
05-18 03:47:26.395   630   755 I InputDispatcher: Dropping event because there is no touched foreground window in display 0 or gesture monitor to receive it.
05-18 03:47:26.395   630  2239 W InputManager: Input event injection from pid 25146 failed.
05-18 03:47:26.395   630   755 I InputDispatcher: Dropping event because there is no touched foreground window in display 0 or gesture monitor to receive it.
05-18 03:47:26.395   630  2239 W InputManager: Input event injection from pid 25146 failed.
05-18 03:47:26.396   630   755 I InputDispatcher: Dropping event because there is no touched foreground window in display 0 or gesture monitor to receive it.
05-18 03:47:26.396   630  2239 W InputManager: Input event injection from pid 25146 failed.
05-18 03:47:26.397   630   755 I InputDispatcher: Dropping event because there is no touched foreground window in display 0 or gesture monitor to receive it.
05-18 03:47:26.397   630  2239 W InputManager: Input event injection from pid 25146 failed.
05-18 03:47:26.397   630   755 I InputDispatcher: Dropping event because there is no touched foreground window in display 0 or gesture monitor to receive it.
05-18 03:47:26.398   630  2239 W InputManager: Input event injection from pid 25146 failed.
05-18 03:47:26.398   630   755 I InputDispatcher: Dropping event because there is no touched foreground window in display 0 or gesture monitor to receive it.
05-18 03:47:26.399   630  2239 W InputManager: Input event injection from pid 25146 failed.
05-18 03:47:26.399   630   755 I InputDispatcher: Dropping event because there is no touched foreground window in display 0 or gesture monitor to receive it.
05-18 03:47:26.399   630  2239 W InputManager: Input event injection from pid 25146 failed.
05-18 03:47:26.400   630   755 I InputDispatcher: Dropping event because there is no touched foreground window in display 0 or gesture monitor to receive it.
05-18 03:47:26.400   630  2239 W InputManager: Input event injection from pid 25146 failed.
05-18 03:47:26.401   630   755 I InputDispatcher: Dropping event because there is no touched foreground window in display 0 or gesture monitor to receive it.
05-18 03:47:26.401   630  2239 W InputManager: Input event injection from pid 25146 failed.
05-18 03:47:26.402   630   755 I InputDispatcher: Dropping event because there is no touched foreground window in display 0 or gesture monitor to receive it.
05-18 03:47:26.402   630  2239 W InputManager: Input event injection from pid 25146 failed.
05-18 03:47:26.402   630   755 I InputDispatcher: Dropping event because there is no touched foreground window in display 0 or gesture monitor to receive it.
05-18 03:47:26.403   630  2239 W InputManager: Input event injection from pid 25146 failed.
05-18 03:47:26.403   630   755 I InputDispatcher: Dropping event because there is no touched foreground window in display 0 or gesture monitor to receive it.
05-18 03:47:26.403   630  2239 W InputManager: Input event injection from pid 25146 failed.
05-18 03:47:26.403   630   755 I InputDispatcher: Dropping event because there is no touched foreground window in display 0 or gesture monitor to receive it.
05-18 03:47:26.403   630  2239 W InputManager: Input event injection from pid 25146 failed.
05-18 03:47:26.404   630   755 I InputDispatcher: Dropping event because there is no touched foreground window in display 0 or gesture monitor to receive it.
05-18 03:47:26.404 25123 25123 I FirebaseApp: Device unlocked: initializing all Firebase APIs for app [DEFAULT]
05-18 03:47:26.404   630  2239 W InputManager: Input event injection from pid 25146 failed.
05-18 03:47:26.405   630   755 I InputDispatcher: Dropping event because there is no touched foreground window in display 0 or gesture monitor to receive it.
05-18 03:47:26.405   630  2239 W InputManager: Input event injection from pid 25146 failed.
05-18 03:47:26.405   630   755 I InputDispatcher: Dropping event because there is no touched foreground window in display 0 or gesture monitor to receive it.
05-18 03:47:26.405   630  2239 W InputManager: Input event injection from pid 25146 failed.
05-18 03:47:26.406   630   755 I InputDispatcher: Dropping event because there is no touched foreground window in display 0 or gesture monitor to receive it.
05-18 03:47:26.406   630  2239 W InputManager: Input event injection from pid 25146 failed.
05-18 03:47:26.406   630   755 I InputDispatcher: Dropping event because there is no touched foreground window in display 0 or gesture monitor to receive it.
05-18 03:47:26.406   630  2239 W InputManager: Input event injection from pid 25146 failed.
05-18 03:47:26.406   630   755 I InputDispatcher: Dropping event because there is no touched foreground window in display 0 or gesture monitor to receive it.
05-18 03:47:26.406   630  2239 W InputManager: Input event injection from pid 25146 failed.
05-18 03:47:26.407   630   755 I InputDispatcher: Dropping event because there is no touched foreground window in display 0 or gesture monitor to receive it.
05-18 03:47:26.407 25123 25123 I FirebaseCrashlytics: Initializing Firebase Crashlytics 18.2.13 for com.Dominos
05-18 03:47:26.407   630  2239 W InputManager: Input event injection from pid 25146 failed.
05-18 03:47:26.408   630   755 I InputDispatcher: Dropping event because there is no touched foreground window in display 0 or gesture monitor to receive it.
05-18 03:47:26.408   630  2239 W InputManager: Input event injection from pid 25146 failed.
05-18 03:47:26.408   630   755 I InputDispatcher: Dropping event because there is no touched foreground window in display 0 or gesture monitor to receive it.
05-18 03:47:26.409   630  2239 W InputManager: Input event injection from pid 25146 failed.
05-18 03:47:26.410   630   755 I InputDispatcher: Dropping event because there is no touched foreground window in display 0 or gesture monitor to receive it.
05-18 03:47:26.410   630  2239 W InputManager: Input event injection from pid 25146 failed.
05-18 03:47:26.411   630   755 I InputDispatcher: Dropping event because there is no touched foreground window in display 0 or gesture monitor to receive it.
05-18 03:47:26.411   630  2239 W InputManager: Input event injection from pid 25146 failed.
05-18 03:47:26.412   630   755 I InputDispatcher: Dropping event because there is no touched foreground window in display 0 or gesture monitor to receive it.
05-18 03:47:26.412   630  2239 W InputManager: Input event injection from pid 25146 failed.
05-18 03:47:26.413   630   755 I InputDispatcher: Dropping event because there is no touched foreground window in display 0 or gesture monitor to receive it.
05-18 03:47:26.414   630  2239 W InputManager: Input event injection from pid 25146 failed.
05-18 03:47:26.414   630   755 I InputDispatcher: Dropping event because there is no touched foreground window in display 0 or gesture monitor to receive it.
05-18 03:47:26.414   630  2239 W InputManager: Input event injection from pid 25146 failed.
05-18 03:47:26.415   630   755 I InputDispatcher: Dropping event because there is no touched foreground window in display 0 or gesture monitor to receive it.
05-18 03:47:26.415   630  2239 W InputManager: Input event injection from pid 25146 failed.
05-18 03:47:26.415   630   755 I InputDispatcher: Dropping event because there is no touched foreground window in display 0 or gesture monitor to receive it.
05-18 03:47:26.415   630  2239 W InputManager: Input event injection from pid 25146 failed.
05-18 03:47:26.416   630   755 I InputDispatcher: Dropping event because there is no touched foreground window in display 0 or gesture monitor to receive it.
05-18 03:47:26.416   630  2239 W InputManager: Input event injection from pid 25146 failed.
05-18 03:47:26.417   630   755 I InputDispatcher: Dropping event because there is no touched foreground window in display 0 or gesture monitor to receive it.
05-18 03:47:26.418   630  2239 W InputManager: Input event injection from pid 25146 failed.
05-18 03:47:26.419   630   755 I InputDispatcher: Dropping event because there is no touched foreground window in display 0 or gesture monitor to receive it.
05-18 03:47:26.420   630  2239 W InputManager: Input event injection from pid 25146 failed.
05-18 03:47:26.420   630   755 I InputDispatcher: Dropping event because there is no touched foreground window in display 0 or gesture monitor to receive it.
05-18 03:47:26.420   630  2239 W InputManager: Input event injection from pid 25146 failed.
05-18 03:47:26.422   630   755 I InputDispatcher: Dropping event because there is no touched foreground window in display 0 or gesture monitor to receive it.
05-18 03:47:26.423   630  2239 W InputManager: Input event injection from pid 25146 failed.
05-18 03:47:26.423   630   755 I InputDispatcher: Dropping event because there is no touched foreground window in display 0 or gesture monitor to receive it.
05-18 03:47:26.424   630  2239 W InputManager: Input event injection from pid 25146 failed.
05-18 03:47:26.425   630   755 I InputDispatcher: Dropping event because there is no touched foreground window in display 0 or gesture monitor to receive it.
05-18 03:47:26.425   630  2239 W InputManager: Input event injection from pid 25146 failed.
05-18 03:47:26.426   630   755 I InputDispatcher: Dropping event because there is no touched foreground window in display 0 or gesture monitor to receive it.
05-18 03:47:26.426   630  2239 W InputManager: Input event injection from pid 25146 failed.
05-18 03:47:26.426   630   755 I InputDispatcher: Dropping event because there is no touched foreground window in display 0 or gesture monitor to receive it.
05-18 03:47:26.426   630  2239 W InputManager: Input event injection from pid 25146 failed.
05-18 03:47:26.427   630   755 I InputDispatcher: Dropping event because there is no touched foreground window in display 0 or gesture monitor to receive it.
05-18 03:47:26.427   630  2239 W InputManager: Input event injection from pid 25146 failed.
05-18 03:47:26.427   630   755 I InputDispatcher: Dropping event because there is no touched foreground window in display 0 or gesture monitor to receive it.
05-18 03:47:26.428   630  2239 W InputManager: Input event injection from pid 25146 failed.
05-18 03:47:26.428   630   755 I InputDispatcher: Dropping event because there is no touched foreground window in display 0 or gesture monitor to receive it.
05-18 03:47:26.428   630  2239 W InputManager: Input event injection from pid 25146 failed.
05-18 03:47:26.428   630   755 I InputDispatcher: Dropping event because there is no touched foreground window in display 0 or gesture monitor to receive it.
05-18 03:47:26.429   630  2239 W InputManager: Input event injection from pid 25146 failed.
05-18 03:47:26.429   630   755 I InputDispatcher: Dropping event because there is no touched foreground window in display 0 or gesture monitor to receive it.
05-18 03:47:26.430   630  2239 W InputManager: Input event injection from pid 25146 failed.
05-18 03:47:26.430   630   755 I InputDispatcher: Dropping event because there is no touched foreground window in display 0 or gesture monitor to receive it.
05-18 03:47:26.430   630  2239 W InputManager: Input event injection from pid 25146 failed.
05-18 03:47:26.431   630   755 I InputDispatcher: Dropping event because there is no touched foreground window in display 0 or gesture monitor to receive it.
05-18 03:47:26.431   630  2239 W InputManager: Input event injection from pid 25146 failed.
05-18 03:47:26.431   630   755 I InputDispatcher: Dropping event because there is no touched foreground window in display 0 or gesture monitor to receive it.
05-18 03:47:26.432   630  2239 W InputManager: Input event injection from pid 25146 failed.
05-18 03:47:26.432   630   755 I InputDispatcher: Dropping event because there is no touched foreground window in display 0 or gesture monitor to receive it.
05-18 03:47:26.433   630  2239 W InputManager: Input event injection from pid 25146 failed.
05-18 03:47:26.433   630   755 I InputDispatcher: Dropping event because there is no touched foreground window in display 0 or gesture monitor to receive it.
05-18 03:47:26.433   630  2239 W InputManager: Input event injection from pid 25146 failed.
05-18 03:47:26.435   630   755 I InputDispatcher: Dropping event because there is no touched foreground window in display 0 or gesture monitor to receive it.
05-18 03:47:26.435   630  2239 W InputManager: Input event injection from pid 25146 failed.
05-18 03:47:26.435   630   755 I InputDispatcher: Dropping event because there is no touched foreground window in display 0 or gesture monitor to receive it.
05-18 03:47:26.435   630  2239 W InputManager: Input event injection from pid 25146 failed.
05-18 03:47:26.436   630   755 I InputDispatcher: Dropping event because there is no touched foreground window in display 0 or gesture monitor to receive it.
05-18 03:47:26.438   630  2239 W InputManager: Input event injection from pid 25146 failed.
05-18 03:47:26.438   630   755 I InputDispatcher: Dropping event because there is no touched foreground window in display 0 or gesture monitor to receive it.
05-18 03:47:26.438   630  2239 W InputManager: Input event injection from pid 25146 failed.
05-18 03:47:26.439   630   755 I InputDispatcher: Dropping event because there is no touched foreground window in display 0 or gesture monitor to receive it.
05-18 03:47:26.439   630  2239 W InputManager: Input event injection from pid 25146 failed.
05-18 03:47:26.441   630   755 I InputDispatcher: Dropping event because there is no touched foreground window in display 0 or gesture monitor to receive it.
05-18 03:47:26.442   630  2239 W InputManager: Input event injection from pid 25146 failed.
05-18 03:47:26.442   630   755 I InputDispatcher: Dropping event because there is no touched foreground window in display 0 or gesture monitor to receive it.
05-18 03:47:26.442   630  2239 W InputManager: Input event injection from pid 25146 failed.
05-18 03:47:26.442   630   755 I InputDispatcher: Dropping event because there is no touched foreground window in display 0 or gesture monitor to receive it.
05-18 03:47:26.443   630  2239 W InputManager: Input event injection from pid 25146 failed.
05-18 03:47:26.443   630   755 I InputDispatcher: Dropping event because there is no touched foreground window in display 0 or gesture monitor to receive it.
05-18 03:47:26.443   630  2239 W InputManager: Input event injection from pid 25146 failed.
05-18 03:47:26.444   630   755 I InputDispatcher: Dropping event because there is no touched foreground window in display 0 or gesture monitor to receive it.
05-18 03:47:26.444   630  2239 W InputManager: Input event injection from pid 25146 failed.
05-18 03:47:26.444   630   755 I InputDispatcher: Dropping event because there is no touched foreground window in display 0 or gesture monitor to receive it.
05-18 03:47:26.444   630  2239 W InputManager: Input event injection from pid 25146 failed.
05-18 03:47:26.445   630   755 I InputDispatcher: Dropping event because there is no touched foreground window in display 0 or gesture monitor to receive it.
05-18 03:47:26.445   630  2239 W InputManager: Input event injection from pid 25146 failed.
05-18 03:47:26.445   630   755 I InputDispatcher: Dropping event because there is no touched foreground window in display 0 or gesture monitor to receive it.
05-18 03:47:26.445   630  2239 W InputManager: Input event injection from pid 25146 failed.
05-18 03:47:26.445   630   755 I InputDispatcher: Dropping event because there is no touched foreground window in display 0 or gesture monitor to receive it.
05-18 03:47:26.446   630  2239 W InputManager: Input event injection from pid 25146 failed.
05-18 03:47:26.446   630   755 I InputDispatcher: Dropping event because there is no touched foreground window in display 0 or gesture monitor to receive it.
05-18 03:47:26.446   630  2239 W InputManager: Input event injection from pid 25146 failed.
05-18 03:47:26.446   630   755 I InputDispatcher: Dropping event because there is no touched foreground window in display 0 or gesture monitor to receive it.
05-18 03:47:26.448   630  2239 W InputManager: Input event injection from pid 25146 failed.
05-18 03:47:26.448   630   755 I InputDispatcher: Dropping event because there is no touched foreground window in display 0 or gesture monitor to receive it.
05-18 03:47:26.449   630  2239 W InputManager: Input event injection from pid 25146 failed.
05-18 03:47:26.449 25123 25154 W com.Dominos: ClassLoaderContext classpath size mismatch. expected=13, found=0 (DLC[];PCL[base.apk*1914472534:base.apk!classes2.dex*3304451845:base.apk!classes3.dex*814030735:base.apk!classes4.dex*1701140833:base.apk!classes5.dex*671790505:base.apk!classes6.dex*3453289445:base.apk!classes7.dex*3073107556:base.apk!classes8.dex*2923806363:base.apk!classes9.dex*3566253840:base.apk!classes10.dex*3357887208:base.apk!classes11.dex*1617793128:base.apk!classes12.dex*2938047849:base.apk!classes13.dex*1145982731]{PCL[/system/framework/org.apache.http.legacy.jar*2058259660]#PCL[/system/framework/com.android.media.remotedisplay.jar*3472798122]#PCL[/system/framework/com.android.location.provider.jar*3633238673]#PCL[/system_ext/framework/androidx.window.sidecar.jar*3539530913]#PCL[/system/framework/org.apache.http.legacy.jar*2058259660]} | DLC[];PCL[])
05-18 03:47:26.450   630   755 I InputDispatcher: Dropping event because there is no touched foreground window in display 0 or gesture monitor to receive it.
05-18 03:47:26.450   630  2239 W InputManager: Input event injection from pid 25146 failed.
05-18 03:47:26.451   630   755 I InputDispatcher: Dropping event because there is no touched foreground window in display 0 or gesture monitor to receive it.
05-18 03:47:26.451   630  2239 W InputManager: Input event injection from pid 25146 failed.
05-18 03:47:26.451   630   755 I InputDispatcher: Dropping event because there is no touched foreground window in display 0 or gesture monitor to receive it.
05-18 03:47:26.452   630  2239 W InputManager: Input event injection from pid 25146 failed.
05-18 03:47:26.452   630   755 I InputDispatcher: Dropping event because there is no touched foreground window in display 0 or gesture monitor to receive it.
05-18 03:47:26.452   630  2239 W InputManager: Input event injection from pid 25146 failed.
05-18 03:47:26.453   630   755 I InputDispatcher: Dropping event because there is no touched foreground window in display 0 or gesture monitor to receive it.
05-18 03:47:26.453   630  2239 W InputManager: Input event injection from pid 25146 failed.
05-18 03:47:26.454   630   755 I InputDispatcher: Dropping event because there is no touched foreground window in display 0 or gesture monitor to receive it.
05-18 03:47:26.454   630  2239 W InputManager: Input event injection from pid 25146 failed.
05-18 03:47:26.454   630   755 I InputDispatcher: Dropping event because there is no touched foreground window in display 0 or gesture monitor to receive it.
05-18 03:47:26.455   630  2239 W InputManager: Input event injection from pid 25146 failed.
05-18 03:47:26.455   630   755 I InputDispatcher: Dropping event because there is no touched foreground window in display 0 or gesture monitor to receive it.
05-18 03:47:26.455   630  2239 W InputManager: Input event injection from pid 25146 failed.
05-18 03:47:26.455   630   755 I InputDispatcher: Dropping event because there is no touched foreground window in display 0 or gesture monitor to receive it.
05-18 03:47:26.455   630  2239 W InputManager: Input event injection from pid 25146 failed.
05-18 03:47:26.456   630   755 I InputDispatcher: Dropping event because there is no touched foreground window in display 0 or gesture monitor to receive it.
05-18 03:47:26.456   630  2239 W InputManager: Input event injection from pid 25146 failed.
05-18 03:47:26.457   630   755 I InputDispatcher: Dropping event because there is no touched foreground window in display 0 or gesture monitor to receive it.
05-18 03:47:26.457   630  2239 W InputManager: Input event injection from pid 25146 failed.
05-18 03:47:26.458   630   755 I InputDispatcher: Dropping event because there is no touched foreground window in display 0 or gesture monitor to receive it.
05-18 03:47:26.458   630  2239 W InputManager: Input event injection from pid 25146 failed.
05-18 03:47:26.459   630   755 I InputDispatcher: Dropping event because there is no touched foreground window in display 0 or gesture monitor to receive it.
05-18 03:47:26.459   630  2239 W InputManager: Input event injection from pid 25146 failed.
05-18 03:47:26.459   630   755 I InputDispatcher: Dropping event because there is no touched foreground window in display 0 or gesture monitor to receive it.
05-18 03:47:26.459   630  2239 W InputManager: Input event injection from pid 25146 failed.
05-18 03:47:26.459   630   755 I InputDispatcher: Dropping event because there is no touched foreground window in display 0 or gesture monitor to receive it.
05-18 03:47:26.460   630  2239 W InputManager: Input event injection from pid 25146 failed.
05-18 03:47:26.460   630   755 I InputDispatcher: Dropping event because there is no touched foreground window in display 0 or gesture monitor to receive it.
05-18 03:47:26.460   630  2239 W InputManager: Input event injection from pid 25146 failed.
05-18 03:47:26.460   630   755 I InputDispatcher: Dropping event because there is no touched foreground window in display 0 or gesture monitor to receive it.
05-18 03:47:26.460   630  2239 W InputManager: Input event injection from pid 25146 failed.
05-18 03:47:26.460   630   755 I InputDispatcher: Dropping event because there is no touched foreground window in display 0 or gesture monitor to receive it.
05-18 03:47:26.460   630  2239 W InputManager: Input event injection from pid 25146 failed.
05-18 03:47:26.461   630   755 I InputDispatcher: Dropping event because there is no touched foreground window in display 0 or gesture monitor to receive it.
05-18 03:47:26.461   630  2239 W InputManager: Input event injection from pid 25146 failed.
05-18 03:47:26.461   630   755 I InputDispatcher: Dropping event because there is no touched foreground window in display 0 or gesture monitor to receive it.
05-18 03:47:26.461   630  2239 W InputManager: Input event injection from pid 25146 failed.
05-18 03:47:26.461   630   755 I InputDispatcher: Dropping event because there is no touched foreground window in display 0 or gesture monitor to receive it.
05-18 03:47:26.461   630  2239 W InputManager: Input event injection from pid 25146 failed.
05-18 03:47:26.463   630   755 I InputDispatcher: Dropping event because there is no touched foreground window in display 0 or gesture monitor to receive it.
05-18 03:47:26.463   630  2239 W InputManager: Input event injection from pid 25146 failed.
05-18 03:47:26.463   630   755 I InputDispatcher: Dropping event because there is no touched foreground window in display 0 or gesture monitor to receive it.
05-18 03:47:26.464   630  2239 W InputManager: Input event injection from pid 25146 failed.
05-18 03:47:26.464   630   755 I InputDispatcher: Dropping event because there is no touched foreground window in display 0 or gesture monitor to receive it.
05-18 03:47:26.464   630  2239 W InputManager: Input event injection from pid 25146 failed.
05-18 03:47:26.465   630   755 I InputDispatcher: Dropping event because there is no touched foreground window in display 0 or gesture monitor to receive it.
05-18 03:47:26.465   630  2239 W InputManager: Input event injection from pid 25146 failed.
