05-18 03:47:26.466   630   755 I InputDispatcher: Dropping event because there is no touched foreground window in display 0 or gesture monitor to receive it.
05-18 03:47:26.466   630  2239 W InputManager: Input event injection from pid 25146 failed.
05-18 03:47:26.467   630   755 I InputDispatcher: Dropping event because there is no touched foreground window in display 0 or gesture monitor to receive it.
05-18 03:47:26.467   630  2239 W InputManager: Input event injection from pid 25146 failed.
05-18 03:47:26.467   630   755 I InputDispatcher: Dropping event because there is no touched foreground window in display 0 or gesture monitor to receive it.
05-18 03:47:26.467   630  2239 W InputManager: Input event injection from pid 25146 failed.
05-18 03:47:26.467   630   755 I InputDispatcher: Dropping event because there is no touched foreground window in display 0 or gesture monitor to receive it.
05-18 03:47:26.467   630  2239 W InputManager: Input event injection from pid 25146 failed.
05-18 03:47:26.468   630   755 I InputDispatcher: Dropping event because there is no touched foreground window in display 0 or gesture monitor to receive it.
05-18 03:47:26.468   630  2239 W InputManager: Input event injection from pid 25146 failed.
05-18 03:47:26.468   630   755 I InputDispatcher: Dropping event because there is no touched foreground window in display 0 or gesture monitor to receive it.
05-18 03:47:26.469   630  2239 W InputManager: Input event injection from pid 25146 failed.
05-18 03:47:26.469   630   755 I InputDispatcher: Dropping event because there is no touched foreground window in display 0 or gesture monitor to receive it.
05-18 03:47:26.469   630  2239 W InputManager: Input event injection from pid 25146 failed.
05-18 03:47:26.469   630   755 I InputDispatcher: Dropping event because there is no touched foreground window in display 0 or gesture monitor to receive it.
05-18 03:47:26.470   630  2239 W InputManager: Input event injection from pid 25146 failed.
05-18 03:47:26.471   630   755 I InputDispatcher: Dropping event because there is no touched foreground window in display 0 or gesture monitor to receive it.
05-18 03:47:26.471   630  2239 W InputManager: Input event injection from pid 25146 failed.
05-18 03:47:26.472   630   755 I InputDispatcher: Dropping event because there is no touched foreground window in display 0 or gesture monitor to receive it.
05-18 03:47:26.472   630  2239 W InputManager: Input event injection from pid 25146 failed.
05-18 03:47:26.472   630   755 I InputDispatcher: Dropping event because there is no touched foreground window in display 0 or gesture monitor to receive it.
05-18 03:47:26.474   630  2239 W InputManager: Input event injection from pid 25146 failed.
05-18 03:47:26.474   630   755 I InputDispatcher: Dropping event because there is no touched foreground window in display 0 or gesture monitor to receive it.
05-18 03:47:26.474   630  2239 W InputManager: Input event injection from pid 25146 failed.
05-18 03:47:26.475   630   755 I InputDispatcher: Dropping event because there is no touched foreground window in display 0 or gesture monitor to receive it.
05-18 03:47:26.475   630  2239 W InputManager: Input event injection from pid 25146 failed.
05-18 03:47:26.475   630   755 I InputDispatcher: Dropping event because there is no touched foreground window in display 0 or gesture monitor to receive it.
05-18 03:47:26.475   630  2239 W InputManager: Input event injection from pid 25146 failed.
05-18 03:47:26.475   630   755 I InputDispatcher: Dropping event because there is no touched foreground window in display 0 or gesture monitor to receive it.
05-18 03:47:26.476   630  2239 W InputManager: Input event injection from pid 25146 failed.
05-18 03:47:26.476   630   755 I InputDispatcher: Dropping event because there is no touched foreground window in display 0 or gesture monitor to receive it.
05-18 03:47:26.476   630  2239 W InputManager: Input event injection from pid 25146 failed.
05-18 03:47:26.476   630   755 I InputDispatcher: Dropping event because there is no touched foreground window in display 0 or gesture monitor to receive it.
05-18 03:47:26.476   630  2239 W InputManager: Input event injection from pid 25146 failed.
05-18 03:47:26.477   630   755 I InputDispatcher: Dropping event because there is no touched foreground window in display 0 or gesture monitor to receive it.
05-18 03:47:26.477   630  2239 W InputManager: Input event injection from pid 25146 failed.
05-18 03:47:26.478   630   755 I InputDispatcher: Dropping event because there is no touched foreground window in display 0 or gesture monitor to receive it.
05-18 03:47:26.479   630  2239 W InputManager: Input event injection from pid 25146 failed.
05-18 03:47:26.480   630   755 I InputDispatcher: Dropping event because there is no touched foreground window in display 0 or gesture monitor to receive it.
05-18 03:47:26.481   630  2239 W InputManager: Input event injection from pid 25146 failed.
05-18 03:47:26.481   630   755 I InputDispatcher: Dropping event because there is no touched foreground window in display 0 or gesture monitor to receive it.
05-18 03:47:26.481   630  2239 W InputManager: Input event injection from pid 25146 failed.
05-18 03:47:26.481   630   755 I InputDispatcher: Dropping event because there is no touched foreground window in display 0 or gesture monitor to receive it.
05-18 03:47:26.482   630  2239 W InputManager: Input event injection from pid 25146 failed.
05-18 03:47:26.482   630   755 I InputDispatcher: Dropping event because there is no touched foreground window in display 0 or gesture monitor to receive it.
05-18 03:47:26.482   630  2239 W InputManager: Input event injection from pid 25146 failed.
05-18 03:47:26.482   630   755 I InputDispatcher: Dropping event because there is no touched foreground window in display 0 or gesture monitor to receive it.
05-18 03:47:26.483   630  2239 W InputManager: Input event injection from pid 25146 failed.
05-18 03:47:26.483   630   755 I InputDispatcher: Dropping event because there is no touched foreground window in display 0 or gesture monitor to receive it.
05-18 03:47:26.483   630  2239 W InputManager: Input event injection from pid 25146 failed.
05-18 03:47:26.483   630   755 I InputDispatcher: Dropping event because there is no touched foreground window in display 0 or gesture monitor to receive it.
05-18 03:47:26.483   630  2239 W InputManager: Input event injection from pid 25146 failed.
05-18 03:47:26.484   630   755 I InputDispatcher: Dropping event because there is no touched foreground window in display 0 or gesture monitor to receive it.
05-18 03:47:26.485   630  2239 W InputManager: Input event injection from pid 25146 failed.
05-18 03:47:26.485   630   755 I InputDispatcher: Dropping event because there is no touched foreground window in display 0 or gesture monitor to receive it.
05-18 03:47:26.485   630  2239 W InputManager: Input event injection from pid 25146 failed.
05-18 03:47:26.485   630   755 I InputDispatcher: Dropping event because there is no touched foreground window in display 0 or gesture monitor to receive it.
05-18 03:47:26.486   630  2239 W InputManager: Input event injection from pid 25146 failed.
05-18 03:47:26.486   630   755 I InputDispatcher: Dropping event because there is no touched foreground window in display 0 or gesture monitor to receive it.
05-18 03:47:26.486   630  2239 W InputManager: Input event injection from pid 25146 failed.
05-18 03:47:26.486   630   755 I InputDispatcher: Dropping event because there is no touched foreground window in display 0 or gesture monitor to receive it.
05-18 03:47:26.486   630  2239 W InputManager: Input event injection from pid 25146 failed.
05-18 03:47:26.486   630   755 I InputDispatcher: Dropping event because there is no touched foreground window in display 0 or gesture monitor to receive it.
05-18 03:47:26.486   630  2239 W InputManager: Input event injection from pid 25146 failed.
05-18 03:47:26.487   630   755 I InputDispatcher: Dropping event because there is no touched foreground window in display 0 or gesture monitor to receive it.
05-18 03:47:26.487   630  2239 W InputManager: Input event injection from pid 25146 failed.
05-18 03:47:26.487   630   755 I InputDispatcher: Dropping event because there is no touched foreground window in display 0 or gesture monitor to receive it.
05-18 03:47:26.488   630  2239 W InputManager: Input event injection from pid 25146 failed.
05-18 03:47:26.488   630   755 I InputDispatcher: Dropping event because there is no touched foreground window in display 0 or gesture monitor to receive it.
05-18 03:47:26.488   630  2239 W InputManager: Input event injection from pid 25146 failed.
05-18 03:47:26.488   630   755 I InputDispatcher: Dropping event because there is no touched foreground window in display 0 or gesture monitor to receive it.
05-18 03:47:26.489   630  2239 W InputManager: Input event injection from pid 25146 failed.
05-18 03:47:26.490   630   755 I InputDispatcher: Dropping event because there is no touched foreground window in display 0 or gesture monitor to receive it.
05-18 03:47:26.490   630  2239 W InputManager: Input event injection from pid 25146 failed.
05-18 03:47:26.491   630   755 I InputDispatcher: Dropping event because there is no touched foreground window in display 0 or gesture monitor to receive it.
05-18 03:47:26.491   630  2239 W InputManager: Input event injection from pid 25146 failed.
05-18 03:47:26.491   630   755 I InputDispatcher: Dropping event because there is no touched foreground window in display 0 or gesture monitor to receive it.
05-18 03:47:26.492   630  2239 W InputManager: Input event injection from pid 25146 failed.
05-18 03:47:26.493   630   755 I InputDispatcher: Dropping event because there is no touched foreground window in display 0 or gesture monitor to receive it.
05-18 03:47:26.493   630  2239 W InputManager: Input event injection from pid 25146 failed.
05-18 03:47:26.494   630   755 I InputDispatcher: Dropping event because there is no touched foreground window in display 0 or gesture monitor to receive it.
05-18 03:47:26.494   630  2239 W InputManager: Input event injection from pid 25146 failed.
05-18 03:47:26.495   630   755 I InputDispatcher: Dropping event because there is no touched foreground window in display 0 or gesture monitor to receive it.
05-18 03:47:26.495   630  2239 W InputManager: Input event injection from pid 25146 failed.
05-18 03:47:26.496   630   755 I InputDispatcher: Dropping event because there is no touched foreground window in display 0 or gesture monitor to receive it.
05-18 03:47:26.496   630  2239 W InputManager: Input event injection from pid 25146 failed.
05-18 03:47:26.497   630   755 I InputDispatcher: Dropping event because there is no touched foreground window in display 0 or gesture monitor to receive it.
05-18 03:47:26.497   630  2239 W InputManager: Input event injection from pid 25146 failed.
05-18 03:47:26.497   630   755 I InputDispatcher: Dropping event because there is no touched foreground window in display 0 or gesture monitor to receive it.
05-18 03:47:26.498   630  2239 W InputManager: Input event injection from pid 25146 failed.
05-18 03:47:26.498   630   755 I InputDispatcher: Dropping event because there is no touched foreground window in display 0 or gesture monitor to receive it.
05-18 03:47:26.499   630  2239 W InputManager: Input event injection from pid 25146 failed.
05-18 03:47:26.499   630   755 I InputDispatcher: Dropping event because there is no touched foreground window in display 0 or gesture monitor to receive it.
05-18 03:47:26.501   630  2239 W InputManager: Input event injection from pid 25146 failed.
05-18 03:47:26.501   630   755 I InputDispatcher: Dropping event because there is no touched foreground window in display 0 or gesture monitor to receive it.
05-18 03:47:26.502   630  2239 W InputManager: Input event injection from pid 25146 failed.
05-18 03:47:26.503   630   755 I InputDispatcher: Dropping event because there is no touched foreground window in display 0 or gesture monitor to receive it.
05-18 03:47:26.504   630  2239 W InputManager: Input event injection from pid 25146 failed.
05-18 03:47:26.504   630   755 I InputDispatcher: Dropping event because there is no touched foreground window in display 0 or gesture monitor to receive it.
05-18 03:47:26.505   630  2239 W InputManager: Input event injection from pid 25146 failed.
05-18 03:47:26.505   630   755 I InputDispatcher: Dropping event because there is no touched foreground window in display 0 or gesture monitor to receive it.
05-18 03:47:26.505   630  2239 W InputManager: Input event injection from pid 25146 failed.
05-18 03:47:26.506   630   755 I InputDispatcher: Dropping event because there is no touched foreground window in display 0 or gesture monitor to receive it.
05-18 03:47:26.507   630  2239 W InputManager: Input event injection from pid 25146 failed.
05-18 03:47:26.507   630   755 I InputDispatcher: Dropping event because there is no touched foreground window in display 0 or gesture monitor to receive it.
05-18 03:47:26.507   630  2239 W InputManager: Input event injection from pid 25146 failed.
05-18 03:47:26.507   630   755 I InputDispatcher: Dropping event because there is no touched foreground window in display 0 or gesture monitor to receive it.
05-18 03:47:26.508   630  2239 W InputManager: Input event injection from pid 25146 failed.
05-18 03:47:26.508   630   755 I InputDispatcher: Dropping event because there is no touched foreground window in display 0 or gesture monitor to receive it.
05-18 03:47:26.508   630  2239 W InputManager: Input event injection from pid 25146 failed.
05-18 03:47:26.509   630   755 I InputDispatcher: Dropping event because there is no touched foreground window in display 0 or gesture monitor to receive it.
05-18 03:47:26.510   630  2239 W InputManager: Input event injection from pid 25146 failed.
05-18 03:47:26.511   630   755 I InputDispatcher: Dropping event because there is no touched foreground window in display 0 or gesture monitor to receive it.
05-18 03:47:26.511   630  2239 W InputManager: Input event injection from pid 25146 failed.
05-18 03:47:26.512   630   755 I InputDispatcher: Dropping event because there is no touched foreground window in display 0 or gesture monitor to receive it.
05-18 03:47:26.512   630  2239 W InputManager: Input event injection from pid 25146 failed.
05-18 03:47:26.513   630   755 I InputDispatcher: Dropping event because there is no touched foreground window in display 0 or gesture monitor to receive it.
05-18 03:47:26.513   630  2239 W InputManager: Input event injection from pid 25146 failed.
05-18 03:47:26.514   630   755 I InputDispatcher: Dropping event because there is no touched foreground window in display 0 or gesture monitor to receive it.
05-18 03:47:26.514   630  2239 W InputManager: Input event injection from pid 25146 failed.
05-18 03:47:26.515   630   755 I InputDispatcher: Dropping event because there is no touched foreground window in display 0 or gesture monitor to receive it.
05-18 03:47:26.515   630  2239 W InputManager: Input event injection from pid 25146 failed.
05-18 03:47:26.515 25123 25154 I DynamiteModule: Considering local module com.google.android.gms.measurement.dynamite:83 and remote module com.google.android.gms.measurement.dynamite:142
05-18 03:47:26.516 25123 25154 I DynamiteModule: Selected remote version of com.google.android.gms.measurement.dynamite, version >= 142
05-18 03:47:26.516   630   755 I InputDispatcher: Dropping event because there is no touched foreground window in display 0 or gesture monitor to receive it.
05-18 03:47:26.516   630  2239 W InputManager: Input event injection from pid 25146 failed.
05-18 03:47:26.516   630   755 I InputDispatcher: Dropping event because there is no touched foreground window in display 0 or gesture monitor to receive it.
05-18 03:47:26.516   630  2239 W InputManager: Input event injection from pid 25146 failed.
05-18 03:47:26.516   630   755 I InputDispatcher: Dropping event because there is no touched foreground window in display 0 or gesture monitor to receive it.
05-18 03:47:26.517 25123 25123 I FirebaseInitProvider: FirebaseApp initialization successful
05-18 03:47:26.517   630  2239 W InputManager: Input event injection from pid 25146 failed.
05-18 03:47:26.517   630   755 I InputDispatcher: Dropping event because there is no touched foreground window in display 0 or gesture monitor to receive it.
05-18 03:47:26.517 25123 25123 W DdRumContentProvider: processImportance:100
05-18 03:47:26.518   630  2239 W InputManager: Input event injection from pid 25146 failed.
05-18 03:47:26.518   630   755 I InputDispatcher: Dropping event because there is no touched foreground window in display 0 or gesture monitor to receive it.
05-18 03:47:26.518   630  2239 W InputManager: Input event injection from pid 25146 failed.
05-18 03:47:26.519   630   755 I InputDispatcher: Dropping event because there is no touched foreground window in display 0 or gesture monitor to receive it.
05-18 03:47:26.519   630  2239 W InputManager: Input event injection from pid 25146 failed.
05-18 03:47:26.519   630   755 I InputDispatcher: Dropping event because there is no touched foreground window in display 0 or gesture monitor to receive it.
05-18 03:47:26.520   630  2239 W InputManager: Input event injection from pid 25146 failed.
05-18 03:47:26.520   630   755 I InputDispatcher: Dropping event because there is no touched foreground window in display 0 or gesture monitor to receive it.
05-18 03:47:26.520   630  2239 W InputManager: Input event injection from pid 25146 failed.
05-18 03:47:26.521   630   755 I InputDispatcher: Dropping event because there is no touched foreground window in display 0 or gesture monitor to receive it.
05-18 03:47:26.522   630  2239 W InputManager: Input event injection from pid 25146 failed.
05-18 03:47:26.522 25123 25123 W FirebaseRemoteConfig: An entry in the defaults XML has an invalid key and/or value tag.
05-18 03:47:26.522 25123 25123 W FirebaseRemoteConfig: An entry in the defaults XML has an invalid key and/or value tag.
05-18 03:47:26.522   630   755 I InputDispatcher: Dropping event because there is no touched foreground window in display 0 or gesture monitor to receive it.
05-18 03:47:26.522 25123 25123 W FirebaseRemoteConfig: An entry in the defaults XML has an invalid key and/or value tag.
05-18 03:47:26.522 25123 25123 W FirebaseRemoteConfig: An entry in the defaults XML has an invalid key and/or value tag.
05-18 03:47:26.523   630  2239 W InputManager: Input event injection from pid 25146 failed.
05-18 03:47:26.524   630   755 I InputDispatcher: Dropping event because there is no touched foreground window in display 0 or gesture monitor to receive it.
05-18 03:47:26.524   630  2239 W InputManager: Input event injection from pid 25146 failed.
05-18 03:47:26.524   630   755 I InputDispatcher: Dropping event because there is no touched foreground window in display 0 or gesture monitor to receive it.
05-18 03:47:26.525   630  2239 W InputManager: Input event injection from pid 25146 failed.
05-18 03:47:26.525   630   755 I InputDispatcher: Dropping event because there is no touched foreground window in display 0 or gesture monitor to receive it.
05-18 03:47:26.525   630  2239 W InputManager: Input event injection from pid 25146 failed.
05-18 03:47:26.526   630   755 I InputDispatcher: Dropping event because there is no touched foreground window in display 0 or gesture monitor to receive it.
05-18 03:47:26.526   630  2239 W InputManager: Input event injection from pid 25146 failed.
05-18 03:47:26.527   630   755 I InputDispatcher: Dropping event because there is no touched foreground window in display 0 or gesture monitor to receive it.
05-18 03:47:26.527   630  2239 W InputManager: Input event injection from pid 25146 failed.
05-18 03:47:26.530   630   755 I InputDispatcher: Dropping event because there is no touched foreground window in display 0 or gesture monitor to receive it.
05-18 03:47:26.531   630  2239 W InputManager: Input event injection from pid 25146 failed.
05-18 03:47:26.531   630   755 I InputDispatcher: Dropping event because there is no touched foreground window in display 0 or gesture monitor to receive it.
05-18 03:47:26.532   630  2239 W InputManager: Input event injection from pid 25146 failed.
05-18 03:47:26.532   630   755 I InputDispatcher: Dropping event because there is no touched foreground window in display 0 or gesture monitor to receive it.
05-18 03:47:26.532   630  2239 W InputManager: Input event injection from pid 25146 failed.
05-18 03:47:26.532   630   755 I InputDispatcher: Dropping event because there is no touched foreground window in display 0 or gesture monitor to receive it.
05-18 03:47:26.533   630  2239 W InputManager: Input event injection from pid 25146 failed.
05-18 03:47:26.533   630   755 I InputDispatcher: Dropping event because there is no touched foreground window in display 0 or gesture monitor to receive it.
05-18 03:47:26.533   630  2239 W InputManager: Input event injection from pid 25146 failed.
05-18 03:47:26.534   630   755 I InputDispatcher: Dropping event because there is no touched foreground window in display 0 or gesture monitor to receive it.
05-18 03:47:26.534   630  2239 W InputManager: Input event injection from pid 25146 failed.
05-18 03:47:26.535   630   755 I InputDispatcher: Dropping event because there is no touched foreground window in display 0 or gesture monitor to receive it.
05-18 03:47:26.536   630  2239 W InputManager: Input event injection from pid 25146 failed.
05-18 03:47:26.536   630   755 I InputDispatcher: Dropping event because there is no touched foreground window in display 0 or gesture monitor to receive it.
05-18 03:47:26.536   630  2239 W InputManager: Input event injection from pid 25146 failed.
05-18 03:47:26.537   630   755 I InputDispatcher: Dropping event because there is no touched foreground window in display 0 or gesture monitor to receive it.
05-18 03:47:26.538   630  2239 W InputManager: Input event injection from pid 25146 failed.
05-18 03:47:26.539   630   755 I InputDispatcher: Dropping event because there is no touched foreground window in display 0 or gesture monitor to receive it.
05-18 03:47:26.539   630  2239 W InputManager: Input event injection from pid 25146 failed.
05-18 03:47:26.539   630   755 I InputDispatcher: Dropping event because there is no touched foreground window in display 0 or gesture monitor to receive it.
05-18 03:47:26.540   630  2239 W InputManager: Input event injection from pid 25146 failed.
05-18 03:47:26.540   630   755 I InputDispatcher: Dropping event because there is no touched foreground window in display 0 or gesture monitor to receive it.
05-18 03:47:26.541   630  2239 W InputManager: Input event injection from pid 25146 failed.
05-18 03:47:26.542   630   755 I InputDispatcher: Dropping event because there is no touched foreground window in display 0 or gesture monitor to receive it.
05-18 03:47:26.544   630  2239 W InputManager: Input event injection from pid 25146 failed.
05-18 03:47:26.544 25123 25154 W System  : ClassLoader referenced unknown path: 
05-18 03:47:26.544   630   664 W ActivityTaskManager: Activity top resumed state loss timeout for ActivityRecord{70482eb u0 com.Dominos/.activity.homenextgen.menu.NextGenMenuActivity t-1 f}}
05-18 03:47:26.546   630   755 I InputDispatcher: Dropping event because there is no touched foreground window in display 0 or gesture monitor to receive it.
05-18 03:47:26.547   630  2239 W InputManager: Input event injection from pid 25146 failed.
05-18 03:47:26.549   630   755 I InputDispatcher: Dropping event because there is no touched foreground window in display 0 or gesture monitor to receive it.
05-18 03:47:26.553   630  2239 W InputManager: Input event injection from pid 25146 failed.
05-18 03:47:26.556 25123 25123 W com.facebook.UserSettingsManager: Please set a value for AutoLogAppEventsEnabled. Set the flag to TRUE if you want to collect app install, app launch and in-app purchase events automatically. To request user consent before collecting data, set the flag value to FALSE, then change to TRUE once user consent is received. Learn more: https://developers.facebook.com/docs/app-events/getting-started-app-events-android#disable-auto-events.
05-18 03:47:26.556 25123 25123 W com.facebook.UserSettingsManager: You haven't set a value for AdvertiserIDCollectionEnabled. Set the flag to TRUE if you want to collect Advertiser ID for better advertising and analytics results. To request user consent before collecting data, set the flag value to FALSE, then change to TRUE once user consent is received. Learn more: https://developers.facebook.com/docs/app-events/getting-started-app-events-android#disable-auto-events.
05-18 03:47:26.598 25123 25182 W com.facebook.internal.NativeProtocol: Apps that target Android API 30+ (Android 11+) cannot call Facebook native apps unless the package visibility needs are declared. Please follow https://developers.facebook.com/docs/android/troubleshooting/#faq_267321845055988 to make the declaration.
05-18 03:47:26.609 25123 25123 W System.err: java.lang.NullPointerException: Attempt to read from field 'com.Dominos.models.BaseConfigResponse com.Dominos.MyApplication.n1' on a null object reference
05-18 03:47:26.610 25123 25123 W System.err: 	at com.Dominos.utils.Util.x0(Util.java:10)
05-18 03:47:26.610 25123 25123 W System.err: 	at com.Dominos.fcm.a.c(NotificationUtil.java:1)
05-18 03:47:26.610 25123 25123 W System.err: 	at com.Dominos.MyApplication.K(MyApplication.java:1)
05-18 03:47:26.610 25123 25123 W System.err: 	at com.Dominos.MyApplication.onCreate(MyApplication.java:9)
05-18 03:47:26.610 25123 25123 W System.err: 	at android.app.Instrumentation.callApplicationOnCreate(Instrumentation.java:1211)
05-18 03:47:26.610 25123 25123 W System.err: 	at android.app.ActivityThread.handleBindApplication(ActivityThread.java:6725)
05-18 03:47:26.610 25123 25123 W System.err: 	at android.app.ActivityThread.access$1500(ActivityThread.java:247)
05-18 03:47:26.610 25123 25123 W System.err: 	at android.app.ActivityThread$H.handleMessage(ActivityThread.java:2053)
05-18 03:47:26.610 25123 25123 W System.err: 	at android.os.Handler.dispatchMessage(Handler.java:106)
05-18 03:47:26.610 25123 25123 W System.err: 	at android.os.Looper.loopOnce(Looper.java:201)
05-18 03:47:26.610 25123 25123 W System.err: 	at android.os.Looper.loop(Looper.java:288)
05-18 03:47:26.610 25123 25123 W System.err: 	at android.app.ActivityThread.main(ActivityThread.java:7839)
05-18 03:47:26.610 25123 25123 W System.err: 	at java.lang.reflect.Method.invoke(Native Method)
05-18 03:47:26.610 25123 25123 W System.err: 	at com.android.internal.os.RuntimeInit$MethodAndArgsCaller.run(RuntimeInit.java:548)
05-18 03:47:26.610 25123 25123 W System.err: 	at com.android.internal.os.ZygoteInit.main(ZygoteInit.java:1003)
05-18 03:47:26.620 25123 25123 I MoEngage: 7H8YBFR96GL05OOCI0ZP59G9 Core_InitialisationHandler initialiseSdk() : SDK version : 130502
05-18 03:47:26.629 25123 25123 I MoEngage: 7H8YBFR96GL05OOCI0ZP59G9 Core_InitialisationHandler initialiseSdk() : InitConfig: {"appId":"7H8YBFR96GL05OOCI0ZP59G9","dataCenter":"DATA_CENTER_3","cardConfig":{"cardPlaceHolderImage":-1,"inboxEmptyImage":-1,"cardsDateFormat":"MMM dd, hh:mm a","isSwipeRefreshEnabled":true},"push":{"tokenRetryInterval":20,"meta":{"smallIcon":2131232256,"largeIcon":2131232256,"notificationColor":2131100119,"isMultipleNotificationInDrawerEnabled":true,"isBuildingBackStackEnabled":true,"isLargeIconDisplayEnabled":true},"fcm":{"isRegistrationEnabled":false},"pushKit":{"isRegistrationEnabled":false}},"log":{"level":5,"isEnabledForReleaseBuild":true},"trackingOptOut":{"isCarrierTrackingEnabled":true,"isDeviceAttributeTrackingEnabled":true,"optOutActivities":[],"screenNameTrackingConfig":{"isPackageFilteringEnabled":false,"whitelistedPackages":[]}},"rtt":{"isBackgroundSyncEnabled":true},"inApp":{"optOutActivities":["com.Dominos.activity.language.ChooseLanguageActivity","com.Dominos.activity.SplashActivity","com.Dominos.activity.login.LoginOtpActivity"],"isShowInAppInNewActivityEnabled":false},"dataSync":{"isPeriodicSyncEnabled":true,"periodicSyncInterval":-1,"isBackgroundSyncEnabled":true},"integrationPartner":null,"storageSecurityConfig":{"storageEncryptionConfig":{"isEncryptionEnabled":false}},"networkRequestConfig":{"networkDataSecurityConfig":{"isEncryptionEnabled":false,"encryptionEncodedDebugKey":"","encryptionEncodedReleaseKey":""},"networkAuthorizationConfig":{"isJwtEnabled":false},"shouldCacheConnection":true},"userRegistrationConfig":{"isRegistrationEnabled":false},"environmentConfig":{"environment":"DEFAULT"}}
05-18 03:47:26.630 25123 25123 I MoEngage: 7H8YBFR96GL05OOCI0ZP59G9 Core_InitialisationHandler initialiseSdk(): Is SDK initialised on main thread: true
05-18 03:47:26.631 25123 25187 I MoEngage: 7H8YBFR96GL05OOCI0ZP59G9 Core_InitialisationHandler initialiseSdk() : initialisation started
05-18 03:47:26.667 25123 25154 W com.Dominos: ClassLoaderContext classpath size mismatch. expected=13, found=4 (DLC[];PCL[base.apk*1914472534:base.apk!classes2.dex*3304451845:base.apk!classes3.dex*814030735:base.apk!classes4.dex*1701140833:base.apk!classes5.dex*671790505:base.apk!classes6.dex*3453289445:base.apk!classes7.dex*3073107556:base.apk!classes8.dex*2923806363:base.apk!classes9.dex*3566253840:base.apk!classes10.dex*3357887208:base.apk!classes11.dex*1617793128:base.apk!classes12.dex*2938047849:base.apk!classes13.dex*1145982731]{PCL[/system/framework/org.apache.http.legacy.jar*2058259660]#PCL[/system/framework/com.android.media.remotedisplay.jar*3472798122]#PCL[/system/framework/com.android.location.provider.jar*3633238673]#PCL[/system_ext/framework/androidx.window.sidecar.jar*3539530913]#PCL[/system/framework/org.apache.http.legacy.jar*2058259660]} | DLC[];PCL[/data/app/~~-t-w-t3r4erz0K2hQqdjdA==/com.Dominos-Q_mlMyHJnkJnIVothb4kng==/base.apk*3052490740:/data/app/~~-t-w-t3r4erz0K2hQqdjdA==/com.Dominos-Q_mlMyHJnkJnIVothb4kng==/base.apk!classes2.dex*434676686:/data/app/~~-t-w-t3r4erz0K2hQqdjdA==/com.Dominos-Q_mlMyHJnkJnIVothb4kng==/base.apk!classes3.dex*2096090169:/data/app/~~-t-w-t3r4erz0K2hQqdjdA==/com.Dominos-Q_mlMyHJnkJnIVothb4kng==/base.apk!classes4.dex*12189713]{PCL[/system/framework/org.apache.http.legacy.jar*2058259660]#PCL[/system_ext/framework/androidx.window.sidecar.jar*3539530913]})
05-18 03:47:26.726 25123 25123 E a       : NextGenHomeActivity
05-18 03:47:26.890   178   178 I hwservicemanager: getTransport: Cannot find entry android.hardware.renderscript@1.0::IDevice/default in either framework or device VINTF manifest.
05-18 03:47:26.908 25123 25214 W LOTTIE  : Lottie doesn't support layer effects. If you are using them for  fills, strokes, trim paths etc. then try adding them directly as contents  in your shape. Found: []
05-18 03:47:27.088   630   769 W ServiceManager: Permission failure: android.permission.HIGH_SAMPLING_RATE_SENSORS from uid=10200 pid=25123
05-18 03:47:27.090   630   769 W ServiceManager: Permission failure: android.permission.HIGH_SAMPLING_RATE_SENSORS from uid=10200 pid=25123
05-18 03:47:27.091   630   769 W ServiceManager: Permission failure: android.permission.HIGH_SAMPLING_RATE_SENSORS from uid=10200 pid=25123
05-18 03:47:27.145 25123 25123 I PlayCore: UID: [10200]  PID: [25123] AppUpdateService : requestUpdateInfo(com.Dominos)
05-18 03:47:27.167 25123 25245 I PlayCore: UID: [10200]  PID: [25123] AppUpdateService : Initiate binding to the service.
05-18 03:47:27.171 25123 25123 I PlayCore: UID: [10200]  PID: [25123] AppUpdateService : requestUpdateInfo(com.Dominos)
05-18 03:47:27.173 25123 25123 I PlayCore: UID: [10200]  PID: [25123] AppUpdateListenerRegistry : registerListener
05-18 03:47:27.174 25123 25123 I PlayCore: UID: [10200]  PID: [25123] AppUpdateListenerRegistry : registerListener
05-18 03:47:27.176 25123 25245 I PlayCore: UID: [10200]  PID: [25123] AppUpdateService : Already connected to the service.
05-18 03:47:27.176 25123 25245 I PlayCore: UID: [10200]  PID: [25123] AppUpdateService : Waiting to bind to the service.
05-18 03:47:27.190 25123 25123 I Choreographer: Skipped 39 frames!  The application may be doing too much work on its main thread.
05-18 03:47:27.275   178   178 I hwservicemanager: getTransport: Cannot find entry android.hardware.configstore@1.0::ISurfaceFlingerConfigs/default in either framework or device VINTF manifest.
05-18 03:47:27.276 25123 25196 W OpenGLRenderer: Failed to choose config with EGL_SWAP_BEHAVIOR_PRESERVED, retrying without...
05-18 03:47:27.276 25123 25196 W OpenGLRenderer: Failed to initialize 101010-2 format, error = EGL_SUCCESS
05-18 03:47:27.312 25123 25123 W RecyclerView: No adapter attached; skipping layout
05-18 03:47:27.415   356   474 E HWComposer: getSupportedContentTypes: getSupportedContentTypes failed for display 4619827259835644672: Unsupported (8)
05-18 03:47:27.418   178   178 I hwservicemanager: getTransport: Cannot find entry android.hardware.graphics.mapper@4.0::IMapper/default in either framework or device VINTF manifest.
05-18 03:47:27.418 25123 25196 I Gralloc4: mapper 4.x is not supported
05-18 03:47:27.427   178   178 I hwservicemanager: getTransport: Cannot find entry android.hardware.graphics.allocator@4.0::IAllocator/default in either framework or device VINTF manifest.
05-18 03:47:27.427 25123 25196 W Gralloc4: allocator 4.x is not supported
05-18 03:47:27.739 25123 25138 I OpenGLRenderer: Davey! duration=1168ms; Flags=1, FrameTimelineVsyncId=50109, IntendedVsync=7479406971526, Vsync=7480056971500, InputEventId=0, HandleInputStart=7480057252300, AnimationStart=7480057271600, PerformTraversalsStart=7480057889900, DrawStart=7480338241300, FrameDeadline=7479423638192, FrameInterval=7480057189200, FrameStartTime=16666666, SyncQueued=7480466216200, SyncStart=7480467086300, IssueDrawCommandsStart=7480502737500, SwapBuffers=7480564851100, FrameCompleted=7480575958200, DequeueBufferDuration=33000, QueueBufferDuration=965400, GpuCompleted=7480575958200, SwapBuffersCompleted=7480568438400, DisplayPresentTime=64, 
05-18 03:47:27.755 25123 25210 W Amplitude: Google Play Services not available
05-18 03:47:27.759 25123 25123 I PlayCore: UID: [10200]  PID: [25123] AppUpdateService : ServiceConnectionImpl.onServiceConnected(ComponentInfo{com.android.vending/com.google.android.finsky.installservice.DevTriggeredUpdateService})
05-18 03:47:27.760 25123 25245 I PlayCore: UID: [10200]  PID: [25123] AppUpdateService : linkToDeath
05-18 03:47:27.761 25123 25123 I Choreographer: Skipped 33 frames!  The application may be doing too much work on its main thread.
05-18 03:47:27.767 25123 25138 I PlayCore: UID: [10200]  PID: [25123] OnRequestInstallCallback : onRequestInfo
05-18 03:47:27.767 25123 25141 I PlayCore: UID: [10200]  PID: [25123] OnRequestInstallCallback : onRequestInfo
05-18 03:47:27.802 25123 25245 I PlayCore: UID: [10200]  PID: [25123] AppUpdateService : Leaving the connection open for other ongoing calls.
05-18 03:47:27.810 25123 25245 I PlayCore: UID: [10200]  PID: [25123] AppUpdateService : Unbind from service.
05-18 03:47:27.875  1404  1510 W MediaProvider: isAppCloneUserPair for user 0: false
05-18 03:47:27.934   178   178 I hwservicemanager: getTransport: Cannot find entry android.hardware.graphics.mapper@4.0::IMapper/default in either framework or device VINTF manifest.
05-18 03:47:27.935 25272 25275 I Gralloc4: mapper 4.x is not supported
05-18 03:47:27.947 25123 25274 E com.Dominos: No package ID 76 found for ID 0x760b000f.
05-18 03:47:27.947 25123 25274 I FA      : App measurement initialized, version: 120000
05-18 03:47:27.948 25123 25274 I FA      : To enable debug logging run: adb shell setprop log.tag.FA VERBOSE
05-18 03:47:27.948 25123 25274 I FA      : To enable faster debug mode event logging run:
05-18 03:47:27.948 25123 25274 I FA      :   adb shell setprop debug.firebase.analytics.app com.Dominos
05-18 03:47:27.953 25123 25163 I TRuntime.CctTransportBackend: Making request to: https://crashlyticsreports-pa.googleapis.com/v1/firelog/legacy/batchlog
05-18 03:47:28.000  1226  1659 I FontLog : (REDACTED) Received query %s, URI %s
05-18 03:47:28.000  1226  1659 I FontLog : (REDACTED) Query [%s] resolved to %s
05-18 03:47:28.011 25123 25123 W Glide   : Failed to find GeneratedAppGlideModule. You should include an annotationProcessor compile dependency on com.github.bumptech.glide:compiler in your application and a @GlideModule annotated AppGlideModule implementation or LibraryGlideModules will be silently ignored
05-18 03:47:28.027  1226  1659 I FontLog : (REDACTED) Fetch %s end status %s
05-18 03:47:28.041  1226  1659 I FontLog : (REDACTED) Pulling font file for id = %d, cache size = %d
05-18 03:47:28.054 25123 25138 I OpenGLRenderer: Davey! duration=832ms; Flags=0, FrameTimelineVsyncId=50115, IntendedVsync=7480073638166, Vsync=7480623638144, InputEventId=0, HandleInputStart=7480627918600, AnimationStart=7480627936300, PerformTraversalsStart=7480628074000, DrawStart=7480632349300, FrameDeadline=7480106971498, FrameInterval=7480627529400, FrameStartTime=16666666, SyncQueued=7480734276100, SyncStart=7480734383900, IssueDrawCommandsStart=7480800441300, SwapBuffers=7480881427200, FrameCompleted=7480905892400, DequeueBufferDuration=35300, QueueBufferDuration=1595200, GpuCompleted=7480905892400, SwapBuffersCompleted=7480889380800, DisplayPresentTime=64, 
05-18 03:47:28.058  1226  2768 I FontLog : (REDACTED) Pulling font file for id = %d, cache size = %d
05-18 03:47:28.122 25123 25274 I DynamiteModule: Considering local module com.google.android.gms.tagmanager:217 and remote module com.google.android.gms.tagmanager:218
05-18 03:47:28.123 25123 25274 I DynamiteModule: Selected remote version of com.google.android.gms.tagmanager, version >= 218
05-18 03:47:28.135 25123 25131 I com.Dominos: JIT allocated 73KB for compiled code of com.Dominos.analytics.GeneralEvents com.Dominos.analytics.GeneralEvents.Hk(java.lang.String)
05-18 03:47:28.160  1404  1995 I MediaProvider: Begin Intent { act=android.intent.action.MEDIA_SCANNER_SCAN_FILE dat=file:///sdcard/screen_2025-05-18_114728.png flg=0x1400010 cmp=com.google.android.providers.media.module/com.android.providers.media.MediaService }
05-18 03:47:28.165 25123 25274 W com.Dominos: ClassLoaderContext classpath size mismatch. expected=13, found=4 (DLC[];PCL[base.apk*1914472534:base.apk!classes2.dex*3304451845:base.apk!classes3.dex*814030735:base.apk!classes4.dex*1701140833:base.apk!classes5.dex*671790505:base.apk!classes6.dex*3453289445:base.apk!classes7.dex*3073107556:base.apk!classes8.dex*2923806363:base.apk!classes9.dex*3566253840:base.apk!classes10.dex*3357887208:base.apk!classes11.dex*1617793128:base.apk!classes12.dex*2938047849:base.apk!classes13.dex*1145982731]{PCL[/system/framework/org.apache.http.legacy.jar*2058259660]#PCL[/system/framework/com.android.media.remotedisplay.jar*3472798122]#PCL[/system/framework/com.android.location.provider.jar*3633238673]#PCL[/system_ext/framework/androidx.window.sidecar.jar*3539530913]#PCL[/system/framework/org.apache.http.legacy.jar*2058259660]} | DLC[];PCL[/data/app/~~-t-w-t3r4erz0K2hQqdjdA==/com.Dominos-Q_mlMyHJnkJnIVothb4kng==/base.apk*3052490740:/data/app/~~-t-w-t3r4erz0K2hQqdjdA==/com.Dominos-Q_mlMyHJnkJnIVothb4kng==/base.apk!classes2.dex*434676686:/data/app/~~-t-w-t3r4erz0K2hQqdjdA==/com.Dominos-Q_mlMyHJnkJnIVothb4kng==/base.apk!classes3.dex*2096090169:/data/app/~~-t-w-t3r4erz0K2hQqdjdA==/com.Dominos-Q_mlMyHJnkJnIVothb4kng==/base.apk!classes4.dex*12189713]{PCL[/system/framework/org.apache.http.legacy.jar*2058259660]#PCL[/system_ext/framework/androidx.window.sidecar.jar*3539530913]})
05-18 03:47:28.172  1404  1995 I MediaProvider: End Intent { act=android.intent.action.MEDIA_SCANNER_SCAN_FILE dat=file:///sdcard/screen_2025-05-18_114728.png flg=0x1400010 cmp=com.google.android.providers.media.module/com.android.providers.media.MediaService }
05-18 03:47:28.227 25123 25274 I GoogleTagManager: Loading container GTM-5FG4GQN
05-18 03:47:28.232 25123 25274 I GoogleTagManager: Installing Tag Manager event handler.
05-18 03:47:28.235 25123 25274 I GoogleTagManager: Tag Manager event handler installed.
05-18 03:47:28.236 25123 25274 I GoogleTagManager: Tag Manager initialization took 14ms
05-18 03:47:28.246 25123 25163 I com.Dominos: IncrementDisableThreadFlip blocked for 5.258ms
05-18 03:47:28.253  1404  1510 I MediaProvider: Deleted 0 1 0 0 0 0 0 items on external_primary due to com.android.shell
05-18 03:47:28.256  1226  2106 I UriTaskContentObserver: (REDACTED) Throttling content uri change event for %s
05-18 03:47:28.388 25123 25132 I com.Dominos: Background young concurrent copying GC freed 655485(28MB) AllocSpace objects, 112(6568KB) LOS objects, 56% free, 18MB/42MB, paused 2.663ms,125us total 165.425ms
05-18 03:47:28.392 25123 25133 W JavaBinder: BinderProxy is being destroyed but the application did not call unlinkToDeath to unlink all of its death recipients beforehand.  Releasing leaked death recipient: com.google.android.play.core.appupdate.internal.u
05-18 03:47:28.392 25123 25133 I BpBinder: onLastStrongRef automatically unlinking death recipients: <uncached descriptor>
05-18 03:47:28.418 25123 25134 W System  : A resource failed to call end. 
05-18 03:47:28.418 25123 25134 W System  : A resource failed to call close. 
05-18 03:47:28.418 25123 25134 W System  : A resource failed to call close. 
05-18 03:47:28.418 25123 25134 W System  : A resource failed to call close. 
05-18 03:47:28.419 25123 25134 W System  : A resource failed to call close. 
05-18 03:47:28.419 25123 25134 W System  : A resource failed to call close. 
05-18 03:47:28.731  1548 23667 I AdvertisingIdClient: shouldSendLog 6080595
05-18 03:47:28.731  1548 23667 I AdvertisingIdClient: GetInfoInternal elapse 1ms
05-18 03:47:28.732 25123 25303 W GoogleTagManager: Event does not have parameter "eventAction" and no default value was defined. Returning "undefined".
05-18 03:47:28.815 25123 25303 W GoogleTagManager: Event does not have parameter "eventAction" and no default value was defined. Returning "undefined".
05-18 03:47:28.850 25123 25303 W GoogleTagManager: Event does not have parameter "eventAction" and no default value was defined. Returning "undefined".
05-18 03:47:28.856 25123 25303 W GoogleTagManager: Event does not have parameter "eventLabel" and no default value was defined. Returning "undefined".
05-18 03:47:28.919 25123 25303 W GoogleTagManager: Event does not have parameter "eventAction" and no default value was defined. Returning "undefined".
05-18 03:47:28.968 25123 25303 W GoogleTagManager: Event does not have parameter "eventLabel" and no default value was defined. Returning "undefined".
05-18 03:47:28.977 25123 25337 I AdvertisingIdClient: shouldSendLog -1
05-18 03:47:28.979 25123 25337 I AdvertisingIdClient: GetInfoInternal elapse 212ms
05-18 03:47:28.979 25123 25337 I GoogleTagManager: Obtained fresh AdvertisingId info from GmsCore.
05-18 03:47:28.994 25123 25303 W GoogleTagManager: Event does not have parameter "eventAction" and no default value was defined. Returning "undefined".
05-18 03:47:29.026  1404  4253 W MediaProvider: isAppCloneUserPair for user 0: false
05-18 03:47:29.044 25123 25303 W GoogleTagManager: Event does not have parameter "eventAction" and no default value was defined. Returning "undefined".
05-18 03:47:29.061 25123 25303 W GoogleTagManager: Event does not have parameter "eventAction" and no default value was defined. Returning "undefined".
05-18 03:47:29.063 25123 25303 W GoogleTagManager: Event does not have parameter "eventLabel" and no default value was defined. Returning "undefined".
05-18 03:47:29.088 25123 25303 W GoogleTagManager: Event does not have parameter "eventAction" and no default value was defined. Returning "undefined".
05-18 03:47:29.095   178   178 I hwservicemanager: getTransport: Cannot find entry android.hardware.graphics.mapper@4.0::IMapper/default in either framework or device VINTF manifest.
05-18 03:47:29.098 25353 25356 I Gralloc4: mapper 4.x is not supported
05-18 03:47:29.121 25123 25303 W GoogleTagManager: Event does not have parameter "eventLabel" and no default value was defined. Returning "undefined".
05-18 03:47:29.164 25123 25274 E FA      : Name must consist of letters, digits or _ (underscores). Type, name: event param, Time Stamp
05-18 03:47:29.182 25123 25303 W GoogleTagManager: Event does not have parameter "eventAction" and no default value was defined. Returning "undefined".
05-18 03:47:29.215 25123 25303 W GoogleTagManager: Event does not have parameter "eventAction" and no default value was defined. Returning "undefined".
05-18 03:47:29.248 25123 25303 W GoogleTagManager: Event does not have parameter "eventAction" and no default value was defined. Returning "undefined".
05-18 03:47:29.251 25123 25303 W GoogleTagManager: Event does not have parameter "eventLabel" and no default value was defined. Returning "undefined".
05-18 03:47:29.264 25123 25274 E FA      : Name must consist of letters, digits or _ (underscores). Type, name: event param, Time Stamp
05-18 03:47:29.290  1404  1995 I MediaProvider: Begin Intent { act=android.intent.action.MEDIA_SCANNER_SCAN_FILE dat=file:///sdcard/screen_2025-05-18_114729.png flg=0x1400010 cmp=com.google.android.providers.media.module/com.android.providers.media.MediaService }
05-18 03:47:29.303 25123 25303 W GoogleTagManager: Event does not have parameter "eventAction" and no default value was defined. Returning "undefined".
05-18 03:47:29.304 25123 25303 W GoogleTagManager: Event does not have parameter "cd4" and no default value was defined. Returning "undefined".
05-18 03:47:29.315 25123 25303 W GoogleTagManager: Event does not have parameter "cd5" and no default value was defined. Returning "undefined".
05-18 03:47:29.317 25123 25303 W GoogleTagManager: Event does not have parameter "cd6" and no default value was defined. Returning "undefined".
05-18 03:47:29.324 25123 25303 W GoogleTagManager: Event does not have parameter "cd7" and no default value was defined. Returning "undefined".
05-18 03:47:29.325 25123 25303 W GoogleTagManager: Event does not have parameter "cd8" and no default value was defined. Returning "undefined".
05-18 03:47:29.326 25123 25303 W GoogleTagManager: Event does not have parameter "cd9" and no default value was defined. Returning "undefined".
05-18 03:47:29.327 25123 25303 W GoogleTagManager: Event does not have parameter "cd11" and no default value was defined. Returning "undefined".
05-18 03:47:29.327 25123 25303 W GoogleTagManager: Event does not have parameter "cd11" and no default value was defined. Returning "undefined".
05-18 03:47:29.328 25123 25303 W GoogleTagManager: Event does not have parameter "cd13" and no default value was defined. Returning "undefined".
05-18 03:47:29.328 25123 25303 W GoogleTagManager: Event does not have parameter "cd17" and no default value was defined. Returning "undefined".
05-18 03:47:29.328 25123 25303 W GoogleTagManager: Event does not have parameter "cd18" and no default value was defined. Returning "undefined".
05-18 03:47:29.329 25123 25303 W GoogleTagManager: Event does not have parameter "cd20" and no default value was defined. Returning "undefined".
05-18 03:47:29.329  1404  1995 I MediaProvider: End Intent { act=android.intent.action.MEDIA_SCANNER_SCAN_FILE dat=file:///sdcard/screen_2025-05-18_114729.png flg=0x1400010 cmp=com.google.android.providers.media.module/com.android.providers.media.MediaService }
05-18 03:47:29.329 25123 25303 W GoogleTagManager: Event does not have parameter "cd21" and no default value was defined. Returning "undefined".
05-18 03:47:29.329 25123 25303 W GoogleTagManager: Event does not have parameter "cd22" and no default value was defined. Returning "undefined".
05-18 03:47:29.329 25123 25303 W GoogleTagManager: Event does not have parameter "cd23" and no default value was defined. Returning "undefined".
05-18 03:47:29.329 25123 25303 W GoogleTagManager: Event does not have parameter "cd24" and no default value was defined. Returning "undefined".
05-18 03:47:29.330 25123 25123 I AdvertisingIdClient: getting error as 17: API: ClientTelemetry.API is not available on this device. Connection failed with: wf{statusCode=API_DISABLED_FOR_CONNECTION, resolution=null, message=null}
05-18 03:47:29.330 25123 25303 W GoogleTagManager: Event does not have parameter "cd25" and no default value was defined. Returning "undefined".
05-18 03:47:29.330 25123 25303 W GoogleTagManager: Event does not have parameter "cd26" and no default value was defined. Returning "undefined".
05-18 03:47:29.331 25123 25303 W GoogleTagManager: Event does not have parameter "cd28" and no default value was defined. Returning "undefined".
05-18 03:47:29.331 25123 25303 W GoogleTagManager: Event does not have parameter "cd29" and no default value was defined. Returning "undefined".
05-18 03:47:29.331 25123 25303 W GoogleTagManager: Event does not have parameter "cd30" and no default value was defined. Returning "undefined".
05-18 03:47:29.331 25123 25303 W GoogleTagManager: Event does not have parameter "cd31" and no default value was defined. Returning "undefined".
05-18 03:47:29.332 25123 25303 W GoogleTagManager: Event does not have parameter "cd32" and no default value was defined. Returning "undefined".
05-18 03:47:29.332 25123 25303 W GoogleTagManager: Event does not have parameter "cd33" and no default value was defined. Returning "undefined".
