08-06 16:53:33.038  7890  8057 I MultiTaskingTaskRepository: onTaskInfoChanged multi list = [], full = [264, 257, 254]
08-06 16:53:33.038  7890  8057 I MultiTaskingTaskRepository: needSkip: is home task
08-06 16:53:33.039  7497  7497 I MiuiWallpaper-ImageWallpaper: onVisibilityChanged, visible = false, ret=true
08-06 16:53:33.039  2474  8393 W UserManagerService: Requested status bar icon for non-badged user 0
08-06 16:53:33.042 29896  4711 I ContentCatcher: SettingTrigger : register screen QA status observer com.shutterfly.activity.ShutterflyLauncherActivity
08-06 16:53:33.042  7458  8328 W RecentsModel: getRunningTask   taskInfo=TaskInfo{userId=0 taskId=264 displayId=0 isRunning=true baseIntent=Intent { act=android.intent.action.MAIN cat=[android.intent.category.LAUNCHER] flg=0x10000000 cmp=com.shutterfly/.activity.ShutterflyLauncherActivity } baseActivity=ComponentInfo{com.shutterfly/com.shutterfly.activity.ShutterflyLauncherActivity} topActivity=ComponentInfo{com.shutterfly/com.shutterfly.activity.ShutterflyLauncherActivity} origActivity=null realActivity=ComponentInfo{com.shutterfly/com.shutterfly.activity.ShutterflyLauncherActivity} numActivities=1 lastActiveTime=395037368 supportsSplitScreenMultiWindow=true supportsMultiWindow=true resizeMode=1 isResizeable=true minWidth=-1 minHeight=-1 defaultMinSize=200 token=WCT{android.window.IWindowContainerToken$Stub$Proxy@e8e6c1a} topActivityType=1 pictureInPictureParams=null shouldDockBigOverlays=false launchIntoPipHostTaskId=-1 lastParentTaskIdBeforePip=-1 displayCutoutSafeInsets=null topActivityInfo=ActivityInfo{db0234b com.shutterfly.activity.ShutterflyLauncherActivity} launchCookies=[] positionInParent=Point(0, 0) parentTaskId=-1 isFocused=true isVisible=true isVisibleRequested=true isSleeping=false locusId=null displayAreaFeatureId=1 isTopActivityTransparent=false appCompatTaskInfo=AppCompatTaskInfo { topActivityInSizeCompat=false topActivityInMiuiSizeCompat=false topActivityEligibleForLetterboxEducation= falseisLetterboxEducationEnabled= false isLetterboxDoubleTapEnabled= false topActivityEligibleForUserAspectRatioButton= false topActivityBoundsLetterboxed= false isFromLetterboxDoubleTap= false topActivityLetterboxVerticalPosition= -1 topActivityLetterboxHorizontalPosition= -1 topActivityLetterboxWidth=1200 topActivityLetterboxHeight=2670 isUserFullscreenOverrideEnabled=false isSystemFullscreenOverrideEnabled=false cameraCompatTaskInfo=CameraCompatTaskInfo { cameraCompatControlState=hidden freeformCameraCompatMode=inactive}} isImmersive=false mTopActivityRequestOrientation=1 mBehindAppLockPkg=null mOriginatingUid=0 isEmbedded=false shouldBeVisible=true isCreatedByOrganizer=false mIsCastMode=false mTopActivityMediaSize=null mTopActivityRecordName=ActivityRecord{b72699b u0 com.shutterfly/.activity.ShutterflyLauncherActivity t264} mTopActivityOrientation=1}
08-06 16:53:33.042  7458  8328 E ActivityManagerWrapper: get all recent tasks force including 264
08-06 16:53:33.044  2474 15979 W UserManagerService: Requested status bar icon for non-badged user 0
08-06 16:53:33.046  1865  1865 I vendor.qti.hardware.servicetrackeraidl-service: bindService is called for service : com.shutterfly/androidx.work.impl.background.systemjob.SystemJobService and for client system
08-06 16:53:33.046  1865  1865 I vendor.qti.hardware.servicetrackeraidl-service: total connections for service : com.shutterfly/androidx.work.impl.background.systemjob.SystemJobServiceare :1
08-06 16:53:33.046  1865  1865 I vendor.qti.hardware.servicetrackeraidl-service: total connections for client : systemare :27
08-06 16:53:33.046 29896  4711 I ContentCatcher: SettingTrigger : register global collect status observer com.shutterfly.activity.ShutterflyLauncherActivity
08-06 16:53:33.046  1843  1843 I MiClstc : DropLayers erase layer 366
08-06 16:53:33.047  1843  1843 I MiClstc : DropLayers erase layer 367
08-06 16:53:33.047  1843  1843 I MiClstc : DropLayers erase layer 370
08-06 16:53:33.047  1843  1843 I MiClstc : DropLayers erase layer 371
08-06 16:53:33.050 29896 29896 W libc    : Access denied finding property "vendor.boostfwk.frameprefetcher"
08-06 16:53:33.051 29896  4738 W ziparchive: Unable to open '/system/framework/QXPerformance.dm': No such file or directory
08-06 16:53:33.051 29896  4738 W ziparchive: Unable to open '/system/framework/QXPerformance.dm': No such file or directory
08-06 16:53:33.052  2474  4292 I SmartPower: com.miui.personalassistant/10135(13430): visible->invisible(41399ms) R(become invisible) adj=0.
08-06 16:53:33.052  2474  4292 I SmartPower: com.miui.personalassistant/10135(13430): invisible->background(0ms) R(become background) adj=0.
08-06 16:53:33.053  2474  8393 E WindowManager: setClientVisible WallpaperWindowToken{cfaaaf0 token=android.os.Binder@db76733} false
08-06 16:53:33.054  2036  3495 I BpBinder: onLastStrongRef automatically unlinking death recipients: 
08-06 16:53:33.055  2474  7379 I whetstone.activity: processNotifyEvent1 resId = 256, bundle = Bundle[{startTime=395037375, sourcePkg=com.shutterfly, sourceUid=10345, status=1, jobId=6, batteryName=com.shutterfly/androidx.work.impl.background.systemjob.SystemJobService, elapsedRealtime=395037375}]
08-06 16:53:33.056  7458  8163 E com.miui.home: [passBlur-7458] detachFromView: abandoned SurfaceTexture
08-06 16:53:33.056  2036  2240 I BpBinder: onLastStrongRef automatically unlinking death recipients: 
08-06 16:53:33.058  7458  8328 E ActivityManagerWrapper: getRecentTasksForceIncludingTaskIdIfValid: getRecentTasks: size=3
08-06 16:53:33.058  7458  8328 E ActivityManagerWrapper:  mainTaskId=264   userId=0   windowMode=1   baseIntent=Intent { act=android.intent.action.MAIN flag=268435456 cmp=ComponentInfo{com.shutterfly/com.shutterfly.activity.ShutterflyLauncherActivity} }
08-06 16:53:33.058  7458  8328 E ActivityManagerWrapper:  mainTaskId=257   userId=0   windowMode=1   baseIntent=Intent { act=android.intent.action.VIEW flag=268435456 cmp=ComponentInfo{com.android.vending/com.google.android.finsky.activities.MainActivity} }
08-06 16:53:33.058  7458  8328 E ActivityManagerWrapper:  mainTaskId=254   userId=0   windowMode=1   baseIntent=Intent { act=android.intent.action.MAIN flag=270532608 cmp=ComponentInfo{com.getsurfboard/com.getsurfboard.ui.activity.MainActivity} }
08-06 16:53:33.061 14191 14255 I EventMonitor: notifyEvent resId=256
08-06 16:53:33.064  2474  2655 E WindowManager: setClientVisible WallpaperWindowToken{cfaaaf0 token=android.os.Binder@db76733} false
08-06 16:53:33.064  2474  7610 I Location.SSRU: location account change uid 10345, foreground is true
08-06 16:53:33.066  1909 14095 I NxpNciR : len =  13 > 6F360A1902009F02000000000C
08-06 16:53:33.070 29896  4646 W Get.SNAPPY-DATABASE: ABTests android:app_mbox_new_user_auto_upload: Failed to get a byte array: NotFound: 
08-06 16:53:33.074  2474  8755 W ActivityManager: Permission Denial: getCurrentUser() from pid=29896, uid=10345 requires android.permission.INTERACT_ACROSS_USERS
08-06 16:53:33.074 29896  4739 E FramePredict: registerContentObserver fail
08-06 16:53:33.082 29896 29896 I ViewRootImpl: com.shutterfly/com.shutterfly.activity.ShutterflyLauncherActivity use first frame acceleration
08-06 16:53:33.085 29896 29896 I Choreographer: first vsync insert message into MessageQueue Head
08-06 16:53:33.088 14107  3642 I VA_ActivityStateHelper: activityResumed componentName ComponentInfo{com.shutterfly/com.shutterfly.activity.ShutterflyLauncherActivity}
08-06 16:53:33.088 13430 13459 I ActivityObserverUtil: activityResumed ComponentInfo{com.shutterfly/com.shutterfly.activity.ShutterflyLauncherActivity}
08-06 16:53:33.088 14107  3642 I VA_ActivityStateHelper: activityResumed mAiSkillPush is false
08-06 16:53:33.088 13430 13459 I TopActivityMonitor: send TopActivityChangeEvent=TopActivityChangeEvent(prev=ComponentInfo{com.miui.home/com.miui.home.launcher.Launcher}, current=ComponentInfo{com.shutterfly/com.shutterfly.activity.ShutterflyLauncherActivity},appChanged=true)
08-06 16:53:33.089 13899 16397 I AIRC_CounterTrack: collect: signal-TopActivityPerception
08-06 16:53:33.089 13899 16397 I MMKV    : <MMKV.cpp:1170::sync> MMKV::sync, SyncFlag = 1
08-06 16:53:33.090 13430 13459 I travelService_ActivityObserverUtils: activityResumed ComponentInfo{com.shutterfly/com.shutterfly.activity.ShutterflyLauncherActivity}
08-06 16:53:33.090 13430 13459 I travelService_TopActivityMonitor: appUmeInfoListFromServer is null
08-06 16:53:33.090 13430 13459 I travelService_TopActivityMonitor: user change app but last app packageName out of ume range
08-06 16:53:33.090 13430 13459 I travelService_TopActivityMonitor: appInfoListFromServer is null
08-06 16:53:33.090 13430 13459 I travelService_TopActivityMonitor: user change app but last app packageName out of crgt range
08-06 16:53:33.090  7458  7458 W RecentsImpl: updateStubViewVisibility, className=com.shutterfly.activity.ShutterflyLauncherActivity
08-06 16:53:33.090  7458  8149 W RecentsImpl: disableTouchBySwipeStatusBar    disable=false
08-06 16:53:33.090  7458  8149 W RecentsImpl: disableBackStubWindow    disableTouch=false
08-06 16:53:33.091  7458  8149 W GestureStubView_Left: adaptRotation   currentRotation=0   mRotation=0
08-06 16:53:33.091  7458  8149 W GestureStubView_Right: adaptRotation   currentRotation=0   mRotation=0
08-06 16:53:33.092  2474  8755 I MultiSenceManagerInternalStub: getInstance
08-06 16:53:33.096 29896 29896 W libc    : Access denied finding property "vendor.gpp.create_frc_extension"
08-06 16:53:33.097  2036  2240 W ServiceManagerCppClient: Permission failure: android.permission.ACCESS_SURFACE_FLINGER from uid=10345 pid=29896
08-06 16:53:33.097  2036  2240 W ServiceManagerCppClient: Permission failure: android.permission.ROTATE_SURFACE_FLINGER from uid=10345 pid=29896
08-06 16:53:33.097  2036  2240 W ServiceManagerCppClient: Permission failure: android.permission.INTERNAL_SYSTEM_WINDOW from uid=10345 pid=29896
08-06 16:53:33.097  2036  3495 W ServiceManagerCppClient: Permission failure: android.permission.ACCESS_SURFACE_FLINGER from uid=10345 pid=0
08-06 16:53:33.103 29896  4702 I MiuiProcessManagerImpl: setSchedFifo pid:29896, mode:3
08-06 16:53:33.104   715   715 I hwservicemanager: getTransport: Cannot find entry android.hardware.graphics.allocator@4.0::IAllocator/default in either framework or device VINTF manifest.
08-06 16:53:33.113  1843  3496 I vendor.qti.hardware.display.composer-service: Sensor: notify citsensorservice to trigger cwb, misForced = 0
08-06 16:53:33.113  3050  4554 I libsensor-parseRGB: request dump start for mRequestDisplayId 0
08-06 16:53:33.119 29896  4656 W com.shutterfly: Accessing hidden method Lcom/android/org/conscrypt/ConscryptEngineSocket;->setUseSessionTickets(Z)V (max-target-q,core-platform-api, reflection, denied)
08-06 16:53:33.119 29896  4656 W com.shutterfly: Accessing hidden method Lcom/android/org/conscrypt/OpenSSLSocketImpl;->setUseSessionTickets(Z)V (max-target-q,core-platform-api, reflection, denied)
08-06 16:53:33.119 29896  4656 W com.shutterfly: Accessing hidden method Lcom/android/org/conscrypt/AbstractConscryptSocket;->setUseSessionTickets(Z)V (max-target-q, reflection, denied)
08-06 16:53:33.119 29896  4656 W com.shutterfly: Accessing hidden method Lcom/android/org/conscrypt/ConscryptEngineSocket;->setHostname(Ljava/lang/String;)V (max-target-q,core-platform-api, reflection, denied)
08-06 16:53:33.119 29896  4656 W com.shutterfly: Accessing hidden method Lcom/android/org/conscrypt/OpenSSLSocketImpl;->setHostname(Ljava/lang/String;)V (max-target-q,core-platform-api, reflection, denied)
08-06 16:53:33.119 29896  4656 W com.shutterfly: Accessing hidden method Lcom/android/org/conscrypt/AbstractConscryptSocket;->setHostname(Ljava/lang/String;)V (max-target-q, reflection, denied)
08-06 16:53:33.119 29896  4656 W com.shutterfly: Accessing hidden method Lcom/android/org/conscrypt/OpenSSLSocketImpl;->setAlpnProtocols([B)V (max-target-q,core-platform-api, reflection, denied)
08-06 16:53:33.119 29896  4656 W com.shutterfly: Accessing hidden method Lcom/android/org/conscrypt/AbstractConscryptSocket;->setAlpnProtocols([B)V (max-target-q, reflection, denied)
08-06 16:53:33.116 29896 29896 W RenderThread: type=1400 audit(0.0:14117): avc:  denied  { getattr } for  path="/sys/module/metis/parameters/minor_window_app" dev="sysfs" ino=74686 scontext=u:r:untrusted_app_30:s0:c89,c257,c512,c768 tcontext=u:object_r:sysfs_migt:s0 tclass=file permissive=0 app=com.smile.gifmaker
08-06 16:53:33.122  2474  8820 W ServiceManagerCppClient: Permission failure: android.permission.ACCESS_SURFACE_FLINGER from uid=10345 pid=0
08-06 16:53:33.122  2474  8820 W ServiceManagerCppClient: Permission failure: android.permission.ROTATE_SURFACE_FLINGER from uid=10345 pid=0
08-06 16:53:33.122  2474  8820 W ServiceManagerCppClient: Permission failure: android.permission.INTERNAL_SYSTEM_WINDOW from uid=10345 pid=0
08-06 16:53:33.123  2474  2655 I WindowManager: onFirstWindowDrawn, try to remove startingWindow. this = ActivityRecord{b72699b u0 com.shutterfly/.activity.ShutterflyLauncherActivity t264} associatedTask = null isMainWindow = true mStartingWindow = Window{74260ac u0 Splash Screen com.shutterfly} mStartingData = SplashScreenStartingData{63db402 waitForSyncTransactionCommit=false removeAfterTransaction= 0}
08-06 16:53:33.124  2474  2655 I ATMSImpl: No snapshot since not start by launcher, activity=com.shutterfly/.activity.ShutterflyLauncherActivity
08-06 16:53:33.126  1850  9931 E ANDR-PERF-LM: SAGT_ACTION: UpdateFPSData() 138: update /sys/kernel/sched_penalty/parameters/fps to 0, ret is 0
08-06 16:53:33.126  1865  1865 I vendor.qti.hardware.servicetrackeraidl-service: unbindService is called for service : com.google.android.gms/.ads.identifier.service.AdvertisingIdService and for client com.shutterfly
08-06 16:53:33.127  3050  4560 I libsensor-boledalgo: dbv:406,lux:202.7,cct:6258.4,hsv:17.3,dc:0CWB R:79279.5,G:15807.5,B:4291.3Event C:15147.6,R:8853.2,G:5012.4,B:3079.1Cali C:1580.3,R:1336.0,G:233.5,B:151.0 
08-06 16:53:33.128  2474  2655 I WindowManager: wms.showSurfaceRobustly mWin:Window{97b99f7 u0 com.shutterfly/com.shutterfly.activity.ShutterflyLauncherActivity}
08-06 16:53:33.129  1865  1865 I vendor.qti.hardware.servicetrackeraidl-service: unbindService is called for service : com.google.android.gms/.ads.identifier.service.AdvertisingIdService and for client com.shutterfly
08-06 16:53:33.129  1865  1865 I vendor.qti.hardware.servicetrackeraidl-service: size of service connections for service: com.google.android.gms/.ads.identifier.service.AdvertisingIdServiceafter removal is 0
08-06 16:53:33.129  1865  1865 I vendor.qti.hardware.servicetrackeraidl-service: size of client connections for client: com.shutterflyafter removal is 2
08-06 16:53:33.129  2036  3495 I BpBinder: onLastStrongRef automatically unlinking death recipients: 
08-06 16:53:33.130  1865  1865 I vendor.qti.hardware.servicetrackeraidl-service: destroyService is called for service : com.google.android.gms/.ads.identifier.service.AdvertisingIdService
08-06 16:53:33.131  7890  8159 I Choreographer: first vsync insert message into MessageQueue Head
08-06 16:53:33.133  7890  8266 W qdgralloc: getInterlacedFlag: getMetaData returned 3, defaulting to interlaced_flag = 0
08-06 16:53:33.134 29896  4759 I RemoteAssetManager: Start downloading model android_assets/production/assets/autocrop_a_1.tflite ...
08-06 16:53:33.134 29896  4760 I RemoteAssetManager: Start downloading model android_assets/production/assets/vectors_store_1.json ...
08-06 16:53:33.134 29896  4761 I RemoteAssetManager: Start downloading model android_assets/production/assets/fonts.zip ...
08-06 16:53:33.134 29896  4758 I RemoteAssetManager: Start downloading model android_assets/production/assets/art_filter_list_v2.json ...
08-06 16:53:33.136  2474  8358 E ActivityTaskManager: Unable to get servicetracker HAL instance
08-06 16:53:33.136  2474  8358 E ActivityTaskManager: Unable to get servicetracker HAL instance
08-06 16:53:33.136  2474  2643 I ActivityTaskManager: Displayed com.shutterfly/.activity.ShutterflyLauncherActivity for user 0: +418ms
08-06 16:53:33.136  7823  7889 W DynamicDDSService: appName is not found in cache: com.miui.home
08-06 16:53:33.137  3050  3078 E libsensor-parseRGB: CWB NotifyCWBBufferDone  error 0
08-06 16:53:33.137  1843  1843 I MiClstc : DropLayers erase layer 369
08-06 16:53:33.139 29896 29896 I HandWritingStubImpl: refreshLastKeyboardType: 1
08-06 16:53:33.139 29896 29896 I HandWritingStubImpl: getCurrentKeyboardType: 1
08-06 16:53:33.139  2474  7257 I MiuiNetworkPolicy: updateUidState uid = 10189, uidState = 5
08-06 16:53:33.140  2474  4398 I ImeTracker: com.shutterfly:a618acb8: onRequestHide at ORIGIN_SERVER reason HIDE_UNSPECIFIED_WINDOW fromUser false
08-06 16:53:33.141  2474  4398 I ImeTracker: com.shutterfly:a618acb8: onCancelled at PHASE_SERVER_SHOULD_HIDE
08-06 16:53:33.141  2474  4398 W SecurityInputMethodSwitcher: first check switch to security ime: false
08-06 16:53:33.141  2474  7257 I MiuiNetworkPolicyTrafficLimit: updateWhiteListUidForMobileTraffic uid=10189,add=false
08-06 16:53:33.141  2474  7257 I MiuiNetworkPolicy: updateUidState uid = 10163, uidState = 4
08-06 16:53:33.141  2474  7257 I MiuiNetworkPolicy: updateUidState uid = 10145, uidState = 4
08-06 16:53:33.141  2474  7257 I MiuiNetworkPolicy: updateUidState uid = 10138, uidState = 5
08-06 16:53:33.141  7890  8266 W qdgralloc: getInterlacedFlag: getMetaData returned 3, defaulting to interlaced_flag = 0
08-06 16:53:33.141  2474  4398 W SecurityInputMethodSwitcher: double check switch to security ime: false
08-06 16:53:33.142  2474  7257 I MiuiNetworkPolicyTrafficLimit: updateWhiteListUidForMobileTraffic uid=10138,add=false
08-06 16:53:33.142  2474  7257 I MiuiNetworkPolicy: updateUidState uid = 10135, uidState = 5
08-06 16:53:33.142  2474  4398 W SecurityInputMethodSwitcher: switch to other input method from security ime:false mayChangeToMiuiSecurityInputMethod: false current focus window: android.os.BinderProxy@61021f6
08-06 16:53:33.143  1865  1865 I vendor.qti.hardware.servicetrackeraidl-service: bindService is called for service : com.google.android.gms/.ads.identifier.service.AdvertisingIdService and for client com.google.android.gms
08-06 16:53:33.143  1865  1865 I vendor.qti.hardware.servicetrackeraidl-service: total connections for service : com.google.android.gms/.ads.identifier.service.AdvertisingIdServiceare :1
08-06 16:53:33.143  1865  1865 I vendor.qti.hardware.servicetrackeraidl-service: total connections for client : com.google.android.gmsare :8
08-06 16:53:33.144  2474  7257 I MiuiNetworkPolicyTrafficLimit: updateWhiteListUidForMobileTraffic uid=10135,add=false
08-06 16:53:33.144  7458  7458 E Launcher.application: setClickAppWaitForCallback = false
08-06 16:53:33.145 13430 13430 I LauncherOverlayCallback: handleMessage WHAT_ACTIVITY_STATE_CHANGED what0
08-06 16:53:33.145 13430 13430 I LauncherOverlayCallback: handleMessage WHAT_LAUNCHER_STATE what0
08-06 16:53:33.148  7890  8266 W qdgralloc: getInterlacedFlag: getMetaData returned 3, defaulting to interlaced_flag = 0
08-06 16:53:33.148  2474  7659 E ActivityTaskManager: Unable to get servicetracker HAL instance
08-06 16:53:33.148  2474  7659 E ActivityTaskManager: Unable to get servicetracker HAL instance
08-06 16:53:33.150 29896  4632 W GraphRequest: Starting with v13 of the SDK, a client token must be embedded in your client code before making Graph API calls. Visit https://developers.facebook.com/docs/android/getting-started#client-token to learn how to implement this change.
08-06 16:53:33.150  2474  2646 W SSRU-ResourceUsageProxy: Nonexistent ongoing transaction AW_TOP:140942715 for u:0 pkg:com.miui.home ended
08-06 16:53:33.152 15678 15886 I HeavyPackageIdentify: splitMode: false, splitPackages: null, foregroundPkg: com.shutterfly
08-06 16:53:33.152  2474  2652 I Location.SSRU: foregroundActivities IS falseUID ID 10138, home is true
08-06 16:53:33.156 29896  4761 W com.shutterfly: Accessing hidden method Lcom/android/org/conscrypt/ConscryptEngineSocket;->setUseSessionTickets(Z)V (max-target-q,core-platform-api, reflection, denied)
08-06 16:53:33.156 29896  4761 W com.shutterfly: Accessing hidden method Lcom/android/org/conscrypt/OpenSSLSocketImpl;->setUseSessionTickets(Z)V (max-target-q,core-platform-api, reflection, denied)
08-06 16:53:33.156 29896  4761 W com.shutterfly: Accessing hidden method Lcom/android/org/conscrypt/AbstractConscryptSocket;->setUseSessionTickets(Z)V (max-target-q, reflection, denied)
08-06 16:53:33.156 29896  4758 W com.shutterfly: Accessing hidden method Lcom/android/org/conscrypt/ConscryptEngineSocket;->setUseSessionTickets(Z)V (max-target-q,core-platform-api, reflection, denied)
08-06 16:53:33.156 29896  4758 W com.shutterfly: Accessing hidden method Lcom/android/org/conscrypt/OpenSSLSocketImpl;->setUseSessionTickets(Z)V (max-target-q,core-platform-api, reflection, denied)
08-06 16:53:33.156 29896  4758 W com.shutterfly: Accessing hidden method Lcom/android/org/conscrypt/AbstractConscryptSocket;->setUseSessionTickets(Z)V (max-target-q, reflection, denied)
08-06 16:53:33.157 29896  4758 W com.shutterfly: Accessing hidden method Lcom/android/org/conscrypt/ConscryptEngineSocket;->setHostname(Ljava/lang/String;)V (max-target-q,core-platform-api, reflection, denied)
08-06 16:53:33.157 29896  4758 W com.shutterfly: Accessing hidden method Lcom/android/org/conscrypt/OpenSSLSocketImpl;->setHostname(Ljava/lang/String;)V (max-target-q,core-platform-api, reflection, denied)
08-06 16:53:33.157 29896  4758 W com.shutterfly: Accessing hidden method Lcom/android/org/conscrypt/AbstractConscryptSocket;->setHostname(Ljava/lang/String;)V (max-target-q, reflection, denied)
08-06 16:53:33.157 29896  4758 W com.shutterfly: Accessing hidden method Lcom/android/org/conscrypt/OpenSSLSocketImpl;->setAlpnProtocols([B)V (max-target-q,core-platform-api, reflection, denied)
08-06 16:53:33.157 29896  4758 W com.shutterfly: Accessing hidden method Lcom/android/org/conscrypt/AbstractConscryptSocket;->setAlpnProtocols([B)V (max-target-q, reflection, denied)
08-06 16:53:33.157 29896  4759 W com.shutterfly: Accessing hidden method Lcom/android/org/conscrypt/ConscryptEngineSocket;->setUseSessionTickets(Z)V (max-target-q,core-platform-api, reflection, denied)
08-06 16:53:33.157 29896  4759 W com.shutterfly: Accessing hidden method Lcom/android/org/conscrypt/OpenSSLSocketImpl;->setUseSessionTickets(Z)V (max-target-q,core-platform-api, reflection, denied)
08-06 16:53:33.157 29896  4759 W com.shutterfly: Accessing hidden method Lcom/android/org/conscrypt/AbstractConscryptSocket;->setUseSessionTickets(Z)V (max-target-q, reflection, denied)
08-06 16:53:33.157 29896  4759 W com.shutterfly: Accessing hidden method Lcom/android/org/conscrypt/ConscryptEngineSocket;->setHostname(Ljava/lang/String;)V (max-target-q,core-platform-api, reflection, denied)
08-06 16:53:33.157 29896  4759 W com.shutterfly: Accessing hidden method Lcom/android/org/conscrypt/OpenSSLSocketImpl;->setHostname(Ljava/lang/String;)V (max-target-q,core-platform-api, reflection, denied)
08-06 16:53:33.157 29896  4759 W com.shutterfly: Accessing hidden method Lcom/android/org/conscrypt/AbstractConscryptSocket;->setHostname(Ljava/lang/String;)V (max-target-q, reflection, denied)
08-06 16:53:33.157 29896  4759 W com.shutterfly: Accessing hidden method Lcom/android/org/conscrypt/OpenSSLSocketImpl;->setAlpnProtocols([B)V (max-target-q,core-platform-api, reflection, denied)
08-06 16:53:33.157 29896  4759 W com.shutterfly: Accessing hidden method Lcom/android/org/conscrypt/AbstractConscryptSocket;->setAlpnProtocols([B)V (max-target-q, reflection, denied)
08-06 16:53:33.157 29896  4761 W com.shutterfly: Accessing hidden method Lcom/android/org/conscrypt/ConscryptEngineSocket;->setHostname(Ljava/lang/String;)V (max-target-q,core-platform-api, reflection, denied)
08-06 16:53:33.157 29896  4760 W com.shutterfly: Accessing hidden method Lcom/android/org/conscrypt/ConscryptEngineSocket;->setUseSessionTickets(Z)V (max-target-q,core-platform-api, reflection, denied)
08-06 16:53:33.157 29896  4760 W com.shutterfly: Accessing hidden method Lcom/android/org/conscrypt/OpenSSLSocketImpl;->setUseSessionTickets(Z)V (max-target-q,core-platform-api, reflection, denied)
08-06 16:53:33.157 14107 14107 I VA_ConversationManager: lastQueryOrigin====null;fromCar=false
08-06 16:53:33.157 29896  4760 W com.shutterfly: Accessing hidden method Lcom/android/org/conscrypt/AbstractConscryptSocket;->setUseSessionTickets(Z)V (max-target-q, reflection, denied)
08-06 16:53:33.157 14107 14107 I VA_HybridLifecycleListener: onTopAppChanged: newApp=com.shutterfly from=com.miui.home fromPkg=com.shutterfly
08-06 16:53:33.157 29896  4760 W com.shutterfly: Accessing hidden method Lcom/android/org/conscrypt/ConscryptEngineSocket;->setHostname(Ljava/lang/String;)V (max-target-q,core-platform-api, reflection, denied)
08-06 16:53:33.157 29896  4760 W com.shutterfly: Accessing hidden method Lcom/android/org/conscrypt/OpenSSLSocketImpl;->setHostname(Ljava/lang/String;)V (max-target-q,core-platform-api, reflection, denied)
08-06 16:53:33.157 29896  4760 W com.shutterfly: Accessing hidden method Lcom/android/org/conscrypt/AbstractConscryptSocket;->setHostname(Ljava/lang/String;)V (max-target-q, reflection, denied)
08-06 16:53:33.157 29896  4760 W com.shutterfly: Accessing hidden method Lcom/android/org/conscrypt/OpenSSLSocketImpl;->setAlpnProtocols([B)V (max-target-q,core-platform-api, reflection, denied)
08-06 16:53:33.157 29896  4760 W com.shutterfly: Accessing hidden method Lcom/android/org/conscrypt/AbstractConscryptSocket;->setAlpnProtocols([B)V (max-target-q, reflection, denied)
08-06 16:53:33.158 29896  4761 W com.shutterfly: Accessing hidden method Lcom/android/org/conscrypt/OpenSSLSocketImpl;->setHostname(Ljava/lang/String;)V (max-target-q,core-platform-api, reflection, denied)
08-06 16:53:33.158 29896  4761 W com.shutterfly: Accessing hidden method Lcom/android/org/conscrypt/AbstractConscryptSocket;->setHostname(Ljava/lang/String;)V (max-target-q, reflection, denied)
08-06 16:53:33.158 29896  4761 W com.shutterfly: Accessing hidden method Lcom/android/org/conscrypt/OpenSSLSocketImpl;->setAlpnProtocols([B)V (max-target-q,core-platform-api, reflection, denied)
08-06 16:53:33.158 29896  4761 W com.shutterfly: Accessing hidden method Lcom/android/org/conscrypt/AbstractConscryptSocket;->setAlpnProtocols([B)V (max-target-q, reflection, denied)
08-06 16:53:33.161  2036  2036 E PassBlur: PassBlur.destruct will call disconnectWin(). com.miui.home/com.miui.home.launcher.Launcher#1308
08-06 16:53:33.165  7177  4762 I AdvertisingIdClient: shouldSendLog 394275289
08-06 16:53:33.165  7177  4762 I AdvertisingIdClient: GetInfoInternal elapse 28ms
08-06 16:53:33.168  1865  1865 I vendor.qti.hardware.servicetrackeraidl-service: bindService is called for service : com.android.vending/com.google.android.finsky.externalreferrer.GetInstallReferrerService and for client com.google.android.gms
08-06 16:53:33.168  1865  1865 I vendor.qti.hardware.servicetrackeraidl-service: total connections for service : com.android.vending/com.google.android.finsky.externalreferrer.GetInstallReferrerServiceare :2
08-06 16:53:33.168  1865  1865 I vendor.qti.hardware.servicetrackeraidl-service: total connections for client : com.google.android.gmsare :9
08-06 16:53:33.173 16677 15856 W surfboard: tcp pair replaced, source port 37920 dest port 443
08-06 16:53:33.177 29896  4667 W com.shutterfly: Accessing hidden method Lcom/android/org/conscrypt/ConscryptEngineSocket;->setUseSessionTickets(Z)V (max-target-q,core-platform-api, reflection, denied)
08-06 16:53:33.177 29896  4667 W com.shutterfly: Accessing hidden method Lcom/android/org/conscrypt/OpenSSLSocketImpl;->setUseSessionTickets(Z)V (max-target-q,core-platform-api, reflection, denied)
08-06 16:53:33.177 29896  4667 W com.shutterfly: Accessing hidden method Lcom/android/org/conscrypt/AbstractConscryptSocket;->setUseSessionTickets(Z)V (max-target-q, reflection, denied)
08-06 16:53:33.177 29896  4653 W com.shutterfly: Accessing hidden method Lcom/android/org/conscrypt/ConscryptEngineSocket;->setUseSessionTickets(Z)V (max-target-q,core-platform-api, reflection, denied)
08-06 16:53:33.177 29896  4653 W com.shutterfly: Accessing hidden method Lcom/android/org/conscrypt/OpenSSLSocketImpl;->setUseSessionTickets(Z)V (max-target-q,core-platform-api, reflection, denied)
08-06 16:53:33.177 29896  4653 W com.shutterfly: Accessing hidden method Lcom/android/org/conscrypt/AbstractConscryptSocket;->setUseSessionTickets(Z)V (max-target-q, reflection, denied)
08-06 16:53:33.177 29896  4653 W com.shutterfly: Accessing hidden method Lcom/android/org/conscrypt/ConscryptEngineSocket;->setHostname(Ljava/lang/String;)V (max-target-q,core-platform-api, reflection, denied)
08-06 16:53:33.177 29896  4653 W com.shutterfly: Accessing hidden method Lcom/android/org/conscrypt/OpenSSLSocketImpl;->setHostname(Ljava/lang/String;)V (max-target-q,core-platform-api, reflection, denied)
08-06 16:53:33.177 29896  4653 W com.shutterfly: Accessing hidden method Lcom/android/org/conscrypt/AbstractConscryptSocket;->setHostname(Ljava/lang/String;)V (max-target-q, reflection, denied)
08-06 16:53:33.177 29896  4653 W com.shutterfly: Accessing hidden method Lcom/android/org/conscrypt/OpenSSLSocketImpl;->setAlpnProtocols([B)V (max-target-q,core-platform-api, reflection, denied)
08-06 16:53:33.177 29896  4653 W com.shutterfly: Accessing hidden method Lcom/android/org/conscrypt/AbstractConscryptSocket;->setAlpnProtocols([B)V (max-target-q, reflection, denied)
08-06 16:53:33.177 29896  4667 W com.shutterfly: Accessing hidden method Lcom/android/org/conscrypt/ConscryptEngineSocket;->setHostname(Ljava/lang/String;)V (max-target-q,core-platform-api, reflection, denied)
08-06 16:53:33.177 29896  4667 W com.shutterfly: Accessing hidden method Lcom/android/org/conscrypt/OpenSSLSocketImpl;->setHostname(Ljava/lang/String;)V (max-target-q,core-platform-api, reflection, denied)
08-06 16:53:33.177 29896  4667 W com.shutterfly: Accessing hidden method Lcom/android/org/conscrypt/AbstractConscryptSocket;->setHostname(Ljava/lang/String;)V (max-target-q, reflection, denied)
08-06 16:53:33.177 29896  4667 W com.shutterfly: Accessing hidden method Lcom/android/org/conscrypt/OpenSSLSocketImpl;->setAlpnProtocols([B)V (max-target-q,core-platform-api, reflection, denied)
08-06 16:53:33.177 29896  4667 W com.shutterfly: Accessing hidden method Lcom/android/org/conscrypt/AbstractConscryptSocket;->setAlpnProtocols([B)V (max-target-q, reflection, denied)
08-06 16:53:33.177 29896  4722 W com.shutterfly: Accessing hidden method Lcom/android/org/conscrypt/ConscryptEngineSocket;->setUseSessionTickets(Z)V (max-target-q,core-platform-api, reflection, denied)
08-06 16:53:33.177 29896  4722 W com.shutterfly: Accessing hidden method Lcom/android/org/conscrypt/OpenSSLSocketImpl;->setUseSessionTickets(Z)V (max-target-q,core-platform-api, reflection, denied)
08-06 16:53:33.177 29896  4722 W com.shutterfly: Accessing hidden method Lcom/android/org/conscrypt/AbstractConscryptSocket;->setUseSessionTickets(Z)V (max-target-q, reflection, denied)
08-06 16:53:33.177 29896  4722 W com.shutterfly: Accessing hidden method Lcom/android/org/conscrypt/ConscryptEngineSocket;->setHostname(Ljava/lang/String;)V (max-target-q,core-platform-api, reflection, denied)
08-06 16:53:33.177 29896  4722 W com.shutterfly: Accessing hidden method Lcom/android/org/conscrypt/OpenSSLSocketImpl;->setHostname(Ljava/lang/String;)V (max-target-q,core-platform-api, reflection, denied)
08-06 16:53:33.177 29896  4722 W com.shutterfly: Accessing hidden method Lcom/android/org/conscrypt/AbstractConscryptSocket;->setHostname(Ljava/lang/String;)V (max-target-q, reflection, denied)
08-06 16:53:33.177 29896  4722 W com.shutterfly: Accessing hidden method Lcom/android/org/conscrypt/OpenSSLSocketImpl;->setAlpnProtocols([B)V (max-target-q,core-platform-api, reflection, denied)
08-06 16:53:33.177 29896  4722 W com.shutterfly: Accessing hidden method Lcom/android/org/conscrypt/AbstractConscryptSocket;->setAlpnProtocols([B)V (max-target-q, reflection, denied)
08-06 16:53:33.179 29896  4687 W com.shutterfly: Accessing hidden method Lcom/android/org/conscrypt/ConscryptEngineSocket;->setUseSessionTickets(Z)V (max-target-q,core-platform-api, reflection, denied)
08-06 16:53:33.179 29896  4687 W com.shutterfly: Accessing hidden method Lcom/android/org/conscrypt/OpenSSLSocketImpl;->setUseSessionTickets(Z)V (max-target-q,core-platform-api, reflection, denied)
08-06 16:53:33.179 29896  4687 W com.shutterfly: Accessing hidden method Lcom/android/org/conscrypt/AbstractConscryptSocket;->setUseSessionTickets(Z)V (max-target-q, reflection, denied)
08-06 16:53:33.179 29896  4687 W com.shutterfly: Accessing hidden method Lcom/android/org/conscrypt/ConscryptEngineSocket;->setHostname(Ljava/lang/String;)V (max-target-q,core-platform-api, reflection, denied)
08-06 16:53:33.179  1865  1865 I vendor.qti.hardware.servicetrackeraidl-service: bindService is called for service : com.google.android.gms/.chimera.PersistentApiService and for client com.google.android.gms
08-06 16:53:33.179  1865  1865 I vendor.qti.hardware.servicetrackeraidl-service: total connections for service : com.google.android.gms/.chimera.PersistentApiServiceare :8
08-06 16:53:33.179  1865  1865 I vendor.qti.hardware.servicetrackeraidl-service: total connections for client : com.google.android.gmsare :9
08-06 16:53:33.179 29896  4687 W com.shutterfly: Accessing hidden method Lcom/android/org/conscrypt/OpenSSLSocketImpl;->setHostname(Ljava/lang/String;)V (max-target-q,core-platform-api, reflection, denied)
08-06 16:53:33.179 29896  4687 W com.shutterfly: Accessing hidden method Lcom/android/org/conscrypt/AbstractConscryptSocket;->setHostname(Ljava/lang/String;)V (max-target-q, reflection, denied)
08-06 16:53:33.179 29896  4687 W com.shutterfly: Accessing hidden method Lcom/android/org/conscrypt/OpenSSLSocketImpl;->setAlpnProtocols([B)V (max-target-q,core-platform-api, reflection, denied)
08-06 16:53:33.179 29896  4687 W com.shutterfly: Accessing hidden method Lcom/android/org/conscrypt/AbstractConscryptSocket;->setAlpnProtocols([B)V (max-target-q, reflection, denied)
08-06 16:53:33.179 29896  4688 W com.shutterfly: Accessing hidden method Lcom/android/org/conscrypt/ConscryptEngineSocket;->setUseSessionTickets(Z)V (max-target-q,core-platform-api, reflection, denied)
08-06 16:53:33.179 29896  4688 W com.shutterfly: Accessing hidden method Lcom/android/org/conscrypt/OpenSSLSocketImpl;->setUseSessionTickets(Z)V (max-target-q,core-platform-api, reflection, denied)
08-06 16:53:33.179 29896  4688 W com.shutterfly: Accessing hidden method Lcom/android/org/conscrypt/AbstractConscryptSocket;->setUseSessionTickets(Z)V (max-target-q, reflection, denied)
08-06 16:53:33.179 29896  4688 W com.shutterfly: Accessing hidden method Lcom/android/org/conscrypt/ConscryptEngineSocket;->setHostname(Ljava/lang/String;)V (max-target-q,core-platform-api, reflection, denied)
08-06 16:53:33.179 29896  4688 W com.shutterfly: Accessing hidden method Lcom/android/org/conscrypt/OpenSSLSocketImpl;->setHostname(Ljava/lang/String;)V (max-target-q,core-platform-api, reflection, denied)
08-06 16:53:33.179 29896  4688 W com.shutterfly: Accessing hidden method Lcom/android/org/conscrypt/AbstractConscryptSocket;->setHostname(Ljava/lang/String;)V (max-target-q, reflection, denied)
08-06 16:53:33.179 29896  4688 W com.shutterfly: Accessing hidden method Lcom/android/org/conscrypt/OpenSSLSocketImpl;->setAlpnProtocols([B)V (max-target-q,core-platform-api, reflection, denied)
08-06 16:53:33.179 29896  4688 W com.shutterfly: Accessing hidden method Lcom/android/org/conscrypt/AbstractConscryptSocket;->setAlpnProtocols([B)V (max-target-q, reflection, denied)
08-06 16:53:33.183  1865  1865 I vendor.qti.hardware.servicetrackeraidl-service: bindService is called for service : com.google.android.gms/.chimera.PersistentApiService and for client com.google.android.gms
08-06 16:53:33.183  1865  1865 I vendor.qti.hardware.servicetrackeraidl-service: total connections for service : com.google.android.gms/.chimera.PersistentApiServiceare :8
08-06 16:53:33.183  1865  1865 I vendor.qti.hardware.servicetrackeraidl-service: total connections for client : com.google.android.gmsare :9
08-06 16:53:33.192  1865  1865 I vendor.qti.hardware.servicetrackeraidl-service: bindService is called for service : com.google.android.gms/.chimera.PersistentDirectBootAwareApiService and for client com.google.android.gms
08-06 16:53:33.192  1865  1865 I vendor.qti.hardware.servicetrackeraidl-service: total connections for service : com.google.android.gms/.chimera.PersistentDirectBootAwareApiServiceare :5
08-06 16:53:33.192  1865  1865 I vendor.qti.hardware.servicetrackeraidl-service: total connections for client : com.google.android.gmsare :9
08-06 16:53:33.192 29896 29896 W RenderThread: type=1400 audit(0.0:14118): avc:  denied  { getattr } for  path="/sys/module/metis/parameters/minor_window_app" dev="sysfs" ino=74686 scontext=u:r:untrusted_app_30:s0:c89,c257,c512,c768 tcontext=u:object_r:sysfs_migt:s0 tclass=file permissive=0 app=com.smile.gifmaker
08-06 16:53:33.196 29896 29896 W RenderThread: type=1400 audit(0.0:14119): avc:  denied  { getattr } for  path="/sys/module/metis/parameters/minor_window_app" dev="sysfs" ino=74686 scontext=u:r:untrusted_app_30:s0:c89,c257,c512,c768 tcontext=u:object_r:sysfs_migt:s0 tclass=file permissive=0 app=com.smile.gifmaker
08-06 16:53:33.204 29896 29896 W RenderThread: type=1400 audit(0.0:14120): avc:  denied  { getattr } for  path="/sys/module/metis/parameters/minor_window_app" dev="sysfs" ino=74686 scontext=u:r:untrusted_app_30:s0:c89,c257,c512,c768 tcontext=u:object_r:sysfs_migt:s0 tclass=file permissive=0 app=com.smile.gifmaker
08-06 16:53:33.208  2474  7378 E HyperSentinel: -------------------------------------------------------
08-06 16:53:33.208  2474  7378 E HyperSentinel: Event_ThreadAmount
08-06 16:53:33.208  2474  7378 E HyperSentinel: -> audit event by proc 29896 "usap64": running threads amount, 78 -> 122
08-06 16:53:33.209  2474  7377 E MiuiSentinelMemoryManager: getThreadinfo: usap64#29896
08-06 16:53:33.209 16543 16576 I Finsky  : [615] alel.o(259): Package com.google.android.gms is verified.
08-06 16:53:33.211  7177  4762 W FA-SVC  : Service response is missing Install Referrer install timestamp
08-06 16:53:33.211  1865  1865 I vendor.qti.hardware.servicetrackeraidl-service: unbindService is called for service : com.android.vending/com.google.android.finsky.externalreferrer.GetInstallReferrerService and for client com.google.android.gms
08-06 16:53:33.211  1865  1865 I vendor.qti.hardware.servicetrackeraidl-service: size of service connections for service: com.android.vending/com.google.android.finsky.externalreferrer.GetInstallReferrerServiceafter removal is 1
08-06 16:53:33.211  1865  1865 I vendor.qti.hardware.servicetrackeraidl-service: size of client connections for client: com.google.android.gmsafter removal is 8
08-06 16:53:33.212 29896 29896 W RenderThread: type=1400 audit(0.0:14121): avc:  denied  { getattr } for  path="/sys/module/metis/parameters/minor_window_app" dev="sysfs" ino=74686 scontext=u:r:untrusted_app_30:s0:c89,c257,c512,c768 tcontext=u:object_r:sysfs_migt:s0 tclass=file permissive=0 app=com.smile.gifmaker
08-06 16:53:33.222 29896 29896 I HandWritingStubImpl: getCurrentKeyboardType: 1
08-06 16:53:33.220 29896 29896 W RenderThread: type=1400 audit(0.0:14122): avc:  denied  { getattr } for  path="/sys/module/metis/parameters/minor_window_app" dev="sysfs" ino=74686 scontext=u:r:untrusted_app_30:s0:c89,c257,c512,c768 tcontext=u:object_r:sysfs_migt:s0 tclass=file permissive=0 app=com.smile.gifmaker
08-06 16:53:33.259 14426 15037 W PushService: [Tid:477] Http POST Response Code: 200
08-06 16:53:33.259  2474  2474 W AccessibilityManagerService:  wait for adding window timeout: 174
08-06 16:53:33.320  1843  3496 I vendor.qti.hardware.display.composer-service: Sensor: notify citsensorservice to trigger cwb, misForced = 0
08-06 16:53:33.321  3050  4554 I libsensor-parseRGB: request dump start for mRequestDisplayId 0
08-06 16:53:33.333 29896  4631 W GraphRequest: Starting with v13 of the SDK, a client token must be embedded in your client code before making Graph API calls. Visit https://developers.facebook.com/docs/android/getting-started#client-token to learn how to implement this change.
08-06 16:53:33.335 29896  4627 W GraphRequest: Starting with v13 of the SDK, a client token must be embedded in your client code before making Graph API calls. Visit https://developers.facebook.com/docs/android/getting-started#client-token to learn how to implement this change.
08-06 16:53:33.335  1865  1865 I vendor.qti.hardware.servicetrackeraidl-service: bindService is called for service : com.google.android.gms/.ads.identifier.service.AdvertisingIdService and for client com.shutterfly
08-06 16:53:33.336  1865  1865 I vendor.qti.hardware.servicetrackeraidl-service: total connections for service : com.google.android.gms/.ads.identifier.service.AdvertisingIdServiceare :2
08-06 16:53:33.336  1865  1865 I vendor.qti.hardware.servicetrackeraidl-service: total connections for client : com.shutterflyare :3
08-06 16:53:33.337  1865  1865 I vendor.qti.hardware.servicetrackeraidl-service: unbindService is called for service : com.google.android.gms/.ads.identifier.service.AdvertisingIdService and for client com.shutterfly
08-06 16:53:33.337  1865  1865 I vendor.qti.hardware.servicetrackeraidl-service: size of service connections for service: com.google.android.gms/.ads.identifier.service.AdvertisingIdServiceafter removal is 1
08-06 16:53:33.337  1865  1865 I vendor.qti.hardware.servicetrackeraidl-service: size of client connections for client: com.shutterflyafter removal is 2
08-06 16:53:33.343  3050 25119 E libsensor-parseRGB: CWB NotifyCWBBufferDone  error 0
08-06 16:53:33.359 29896  4758 W com.shutterfly: Accessing hidden method Lcom/android/org/conscrypt/OpenSSLSocketImpl;->getAlpnSelectedProtocol()[B (max-target-q,core-platform-api, reflection, denied)
08-06 16:53:33.359 29896  4758 W com.shutterfly: Accessing hidden method Lcom/android/org/conscrypt/AbstractConscryptSocket;->getAlpnSelectedProtocol()[B (max-target-q, reflection, denied)
08-06 16:53:33.383 29896  4761 W com.shutterfly: Accessing hidden method Lcom/android/org/conscrypt/OpenSSLSocketImpl;->getAlpnSelectedProtocol()[B (max-target-q,core-platform-api, reflection, denied)
08-06 16:53:33.383 29896  4761 W com.shutterfly: Accessing hidden method Lcom/android/org/conscrypt/AbstractConscryptSocket;->getAlpnSelectedProtocol()[B (max-target-q, reflection, denied)
08-06 16:53:33.385 29896  4760 W com.shutterfly: Accessing hidden method Lcom/android/org/conscrypt/OpenSSLSocketImpl;->getAlpnSelectedProtocol()[B (max-target-q,core-platform-api, reflection, denied)
08-06 16:53:33.385 29896  4760 W com.shutterfly: Accessing hidden method Lcom/android/org/conscrypt/AbstractConscryptSocket;->getAlpnSelectedProtocol()[B (max-target-q, reflection, denied)
08-06 16:53:33.386 29896  4759 W com.shutterfly: Accessing hidden method Lcom/android/org/conscrypt/OpenSSLSocketImpl;->getAlpnSelectedProtocol()[B (max-target-q,core-platform-api, reflection, denied)
08-06 16:53:33.386 29896  4759 W com.shutterfly: Accessing hidden method Lcom/android/org/conscrypt/AbstractConscryptSocket;->getAlpnSelectedProtocol()[B (max-target-q, reflection, denied)
08-06 16:53:33.436 29896  4653 W com.shutterfly: Accessing hidden method Lcom/android/org/conscrypt/OpenSSLSocketImpl;->getAlpnSelectedProtocol()[B (max-target-q,core-platform-api, reflection, denied)
08-06 16:53:33.436 29896  4653 W com.shutterfly: Accessing hidden method Lcom/android/org/conscrypt/AbstractConscryptSocket;->getAlpnSelectedProtocol()[B (max-target-q, reflection, denied)
08-06 16:53:33.446 29896  4667 W com.shutterfly: Accessing hidden method Lcom/android/org/conscrypt/OpenSSLSocketImpl;->getAlpnSelectedProtocol()[B (max-target-q,core-platform-api, reflection, denied)
08-06 16:53:33.446 29896  4722 W com.shutterfly: Accessing hidden method Lcom/android/org/conscrypt/OpenSSLSocketImpl;->getAlpnSelectedProtocol()[B (max-target-q,core-platform-api, reflection, denied)
08-06 16:53:33.446 29896  4722 W com.shutterfly: Accessing hidden method Lcom/android/org/conscrypt/AbstractConscryptSocket;->getAlpnSelectedProtocol()[B (max-target-q, reflection, denied)
08-06 16:53:33.446 29896  4667 W com.shutterfly: Accessing hidden method Lcom/android/org/conscrypt/AbstractConscryptSocket;->getAlpnSelectedProtocol()[B (max-target-q, reflection, denied)
08-06 16:53:33.447 29896  4687 W com.shutterfly: Accessing hidden method Lcom/android/org/conscrypt/OpenSSLSocketImpl;->getAlpnSelectedProtocol()[B (max-target-q,core-platform-api, reflection, denied)
08-06 16:53:33.447 29896  4687 W com.shutterfly: Accessing hidden method Lcom/android/org/conscrypt/AbstractConscryptSocket;->getAlpnSelectedProtocol()[B (max-target-q, reflection, denied)
08-06 16:53:33.447 29896  4688 W com.shutterfly: Accessing hidden method Lcom/android/org/conscrypt/OpenSSLSocketImpl;->getAlpnSelectedProtocol()[B (max-target-q,core-platform-api, reflection, denied)
08-06 16:53:33.447 29896  4688 W com.shutterfly: Accessing hidden method Lcom/android/org/conscrypt/AbstractConscryptSocket;->getAlpnSelectedProtocol()[B (max-target-q, reflection, denied)
08-06 16:53:33.447 29896  4688 W com.shutterfly: Reached maximum number of hidden api access warnings.
08-06 16:53:33.452  1843  1843 I MiClstc : DropLayers erase layer 362
08-06 16:53:33.460 29896  4758 I RemoteAssetManager: Start downloading model android_assets/production/assets/cnn_2.tflite ...
08-06 16:53:33.461 29896  4647 I WM-WorkerWrapper: Worker result SUCCESS for Work [ id=8b05a681-1d3a-4866-b313-b703bdbbb459, tags={ com.shutterfly.glidewrapper.storage.worker.LoadModelWorker } ]
08-06 16:53:33.461 29896  4647 I WM-WorkerWrapper: Setting status to enqueued for 3be6453a-33ac-416e-bc7c-1a963403532e
08-06 16:53:33.463  2474  7379 I whetstone.activity: processNotifyEvent1 resId = 256, bundle = Bundle[{startTime=395037786, sourcePkg=com.shutterfly, sourceUid=10345, status=0, jobId=0, batteryName=com.shutterfly/androidx.work.impl.background.systemjob.SystemJobService, elapsedRealtime=395037786}]
08-06 16:53:33.464 14191 14255 I EventMonitor: notifyEvent resId=256
08-06 16:53:33.464  1865  1865 I vendor.qti.hardware.servicetrackeraidl-service: unbindService is called for service : com.shutterfly/androidx.work.impl.background.systemjob.SystemJobService and for client system
08-06 16:53:33.466  1865  1865 I vendor.qti.hardware.servicetrackeraidl-service: bindService is called for service : com.shutterfly/androidx.work.impl.background.systemjob.SystemJobService and for client system
08-06 16:53:33.466  1865  1865 I vendor.qti.hardware.servicetrackeraidl-service: total connections for service : com.shutterfly/androidx.work.impl.background.systemjob.SystemJobServiceare :1
08-06 16:53:33.466  1865  1865 I vendor.qti.hardware.servicetrackeraidl-service: total connections for client : systemare :27
08-06 16:53:33.467  2474  7379 I whetstone.activity: processNotifyEvent1 resId = 256, bundle = Bundle[{startTime=395037790, sourcePkg=com.shutterfly, sourceUid=10345, status=1, jobId=7, batteryName=com.shutterfly/androidx.work.impl.background.systemjob.SystemJobService, elapsedRealtime=395037790}]
08-06 16:53:33.467 14191 14255 I EventMonitor: notifyEvent resId=256
08-06 16:53:33.480 29896  4757 W InteractionJankMonitor: Initializing without READ_DEVICE_CONFIG permission. enabled=false, interval=1, missedFrameThreshold=3, frameTimeThreshold=64, package=com.shutterfly
08-06 16:53:33.483  1865  1865 I vendor.qti.hardware.servicetrackeraidl-service: bindService is called for service : com.android.vending/com.google.android.finsky.externalreferrer.GetInstallReferrerService and for client com.shutterfly
08-06 16:53:33.483  1865  1865 I vendor.qti.hardware.servicetrackeraidl-service: total connections for service : com.android.vending/com.google.android.finsky.externalreferrer.GetInstallReferrerServiceare :1
08-06 16:53:33.483  1865  1865 I vendor.qti.hardware.servicetrackeraidl-service: total connections for client : com.shutterflyare :2
08-06 16:53:33.484 29896  4629 W AnalyticsUserIDStore: initStore should have been called before calling setUserID
08-06 16:53:33.486  7890  8159 W WindowOnBackDispatcher: sendCancelIfRunning: isInProgress=false callback=android.view.ViewRootImpl$$ExternalSyntheticLambda12@bc4949
08-06 16:53:33.486  2036  2240 I BpBinder: onLastStrongRef automatically unlinking death recipients: 
08-06 16:53:33.488  2474  8820 W InputManager-JNI: Input channel object '74260ac Splash Screen com.shutterfly (client)' was disposed without first being removed with the input manager!
08-06 16:53:33.527  3050  4560 I libsensor-boledalgo: dbv:406,lux:199.5,cct:6182.8,hsv:-1.0,dc:0CWB R:94032.8,G:48502.6,B:33360.7Event C:15790.5,R:9160.5,G:5267.0,B:3194.8Cali C:2434.8,R:1712.2,G:558.5,B:319.8 
08-06 16:53:33.528  1850  9931 E ANDR-PERF-LM: SAGT_ACTION: UpdateFPSData() 138: update /sys/kernel/sched_penalty/parameters/fps to 60, ret is 0
08-06 16:53:33.528  1843  3496 I vendor.qti.hardware.display.composer-service: Sensor: notify citsensorservice to trigger cwb, misForced = 0
08-06 16:53:33.528  3050  4554 I libsensor-parseRGB: request dump start for mRequestDisplayId 0
