08-06 16:53:19.419  2474  7414 I SdkSandboxManager: No SDKs used. Skipping SDK data reconcilation for CallingInfo{mUid=10345, mPackageName='com.shutterfly, mAppProcessToken='null'}
08-06 16:53:19.421  2474  7278 E AppOps  : attributionTag VCN not declared in manifest of android
08-06 16:53:19.421  2474  7278 E AppOps  : attributionTag VCN not declared in manifest of android
08-06 16:53:19.422  2474  2474 I NetworkDetectInjector: ACTION_PACKAGE_ADDED uid = 10345
08-06 16:53:19.423  2474  7426 E AppScanObserverService: Try to add a invalid package: com.shutterfly | 10345 | 0
08-06 16:53:19.424  7505  9889 I PermissionControllerServiceImpl: Updating user sensitive for uid 10345
08-06 16:53:19.428 13710 13710 I TrafficManageService: mina mPackageReceiver 0
08-06 16:53:19.428 13710 15134 I FireWallService: mina mPackageReceiver onReceive
08-06 16:53:19.428  7458  8105 E ScreenElementRoot: load error, manifest root is null
08-06 16:53:19.428 13710 15134 W FireWallService: is Pre-installed application
08-06 16:53:19.428 13710 13710 I InstalledAppMonitor: com.shutterflyonReceive add pkg=com.shutterfly
08-06 16:53:19.430 13710 15441 I GameBoosterNewApp: addAppToGameBox: isGameBoosterOpen=true
08-06 16:53:19.430  2474  7257 I MiuiNetworkPolicy: ACTION_PACKAGE_ADDED uid = 10345
08-06 16:53:19.431 13710 15441 I GameBoosterNewApp: com.shutterfly isGameFromJson false
08-06 16:53:19.431  2474  2745 I SmartPower: com.android.packageinstaller/10097(18840): idle->background(3286ms) R(broadcast start Intent { act=android.intent.action.PACKAGE_ADDED dat=package: flg=0x5000010 pkg=com.android.packageinstaller (has extras) }) adj=915.
08-06 16:53:19.431 13710 15441 I GameBoosterNewApp: com.shutterfly isGameFromLocal false
08-06 16:53:19.432 13710 15607 I AppPredictManager: predict: recentApps size = 5
08-06 16:53:19.432  2474 10058 I ClipboardServiceI: checkProviderWakePathForClipboard: primaryClip is null
08-06 16:53:19.433  2474  2474 I MiuiNetworkPolicyTrafficLimit: ACTION_PACKAGE_ADDED uid = 10345
08-06 16:53:19.433  2474  2474 E SLM-SRV-SLAAppLib: initBroadcastReceivercom.shutterfly
08-06 16:53:19.433  2474  2474 I SLM-SRV-SLAAppLib: ACTION_PACKAGE_ADDED uid = 10345com.shutterfly
08-06 16:53:19.433  2474  2474 I SLM-SRV-SLSAppLib: setSLSGameUidList:null
08-06 16:53:19.433  2474  2474 I SLM-SRV-SLSAppLib: setSLSVoIPUid:0
08-06 16:53:19.433  2474  2474 I NetworkAccelerateSwitchService: setNetworkAccelerateSwitchUidList:null
08-06 16:53:19.433  2474  2474 I NetworkAccelerateSwitchService: setNetworkAccelerateSwitchVoIPUid:0
08-06 16:53:19.433  2474  2474 I SLM-SRV-SLAAppLib: mDoubleWifiUidList = 10090,10261,10286,10324,10340,10325,10322,10167,10339,10326,
08-06 16:53:19.433  2474  2474 I SLM-SRV-SLAAppLib: mDoubleDataUidList = 10090,10261,10286,10325,10322,10329,10167,10339,10326,
08-06 16:53:19.433  2474  8196 I SLM-SRV-SLAAppLib: setUidWhiteListToSlad
08-06 16:53:19.433  2474  8196 I SLM-SRV-SLAAppLib: setSLAUidList:10322,10325,10326,10332,10339,10261,10340,10286,10167,10090,
08-06 16:53:19.433  2474  8196 I SLM-SRV-SLSAppLib: setSLAAppWhiteList:10322,10325,10326,10332,10339,10261,10340,10286,10167,
08-06 16:53:19.434  7464  7482 I htmlviewercloudcontrol: isStagingEnv:false param =  fps_group_config  uriMatch = 2, cluster: cn, version: 569290, traceId: edf791a3c2f0f49177c2934c6d2002a2, regId: +4z3RS85+e2U9l+sd6caQ/srGmJCsEbKpG1twyPn1K0CrNNyxYT/yAgGVxm5X+yC
08-06 16:53:19.434 14395 14395 E PackageInstallHelper: handler start
08-06 16:53:19.434 14395 14395 E PackageInstallHelper: handler end
08-06 16:53:19.434 14395 14395 E PackageInstallHelper: PackageInstallHelper handler real start
08-06 16:53:19.435  7505  7505 I SafetyLabelChangedBroadcastReceiver: received broadcast packageName: com.shutterfly, current user: UserHandle{0}, packageChangeEvent: NEW_INSTALL, intent user: UserHandle{0}
08-06 16:53:19.435  2474  4327 I RoleService: Granting default roles...
08-06 16:53:19.435  2474  8332 E AppOps  : Bad call made by uid 1001. Package "com.android.phone" does not belong to uid 1000.
08-06 16:53:19.435  2474  8332 E AppOps  : Cannot noteOperation: non-application UID 1000
08-06 16:53:19.437  2474  7257 I MiuiNetworkPolicy: updateUidState uid = 10097, uidState = 11
08-06 16:53:19.437  2474  7257 I MiuiNetworkPolicy: updateUidState uid = 10097, uidState = 19
08-06 16:53:19.438 14191 14518 I WakelockPolicyManager: setWakelockPolicy
08-06 16:53:19.439  7464  7482 I htmlviewercloudcontrol: isStagingEnv:false param =  fps_group_config  uriMatch = 2, cluster: cn, version: 569290, traceId: edf791a3c2f0f49177c2934c6d2002a2, regId: +4z3RS85+e2U9l+sd6caQ/srGmJCsEbKpG1twyPn1K0CrNNyxYT/yAgGVxm5X+yC
08-06 16:53:19.442 13710 14760 W ContextImpl: Calling a method in the system process without a qualified user: android.app.ContextImpl.startService:1939 android.content.ContextWrapper.startService:843 b4.k.d:80 q2.j.w:116 q2.j.j:0 
08-06 16:53:19.443  2474  2474 I AppsFilter: interaction: PackageSetting{7b3e982 com.android.microdroid.empty_payload/10236} -> PackageSetting{54c3893 com.shutterfly/10345} BLOCKED
08-06 16:53:19.443  2474  2474 I AppsFilter: interaction: PackageSetting{f6310d0 io.appium.uiautomator2.server.test/10280} -> PackageSetting{54c3893 com.shutterfly/10345} BLOCKED
08-06 16:53:19.443  2474  2474 I AppsFilter: interaction: PackageSetting{d2db8c9 io.github.ylimit.droidbotapp/10344} -> PackageSetting{54c3893 com.shutterfly/10345} BLOCKED
08-06 16:53:19.443  2474  2474 I AppsFilter: interaction: PackageSetting{f3b1bce com.rongcard.eid/10151} -> PackageSetting{54c3893 com.shutterfly/10345} BLOCKED
08-06 16:53:19.443  2474  2474 I AppsFilter: interaction: PackageSetting{df7caef io.appium.settings/10274} -> PackageSetting{54c3893 com.shutterfly/10345} BLOCKED
08-06 16:53:19.444  2474 10069 W ParceledListSlice: Element #10 is 43420 bytes.
08-06 16:53:19.444  7464  7482 I htmlviewercloudcontrol: isStagingEnv:false param =  fps_group_config  uriMatch = 2, cluster: cn, version: 569290, traceId: edf791a3c2f0f49177c2934c6d2002a2, regId: +4z3RS85+e2U9l+sd6caQ/srGmJCsEbKpG1twyPn1K0CrNNyxYT/yAgGVxm5X+yC
08-06 16:53:19.444  2474  8336 I SmartPower: com.miui.cleanmaster/10266(17558): idle->background(3319ms) R(service create com.miui.cleanmaster/com.miui.optimizecenter.service.CleanMasterService) adj=0.
08-06 16:53:19.444  2474  7257 I MiuiNetworkPolicy: updateUidState uid = 10266, uidState = 10
08-06 16:53:19.446  7464  7482 I htmlviewercloudcontrol: isStagingEnv:false param =  fps_tp_exclude  uriMatch = 2, cluster: cn, version: 569290, traceId: edf791a3c2f0f49177c2934c6d2002a2, regId: +4z3RS85+e2U9l+sd6caQ/srGmJCsEbKpG1twyPn1K0CrNNyxYT/yAgGVxm5X+yC
08-06 16:53:19.447  2474  7683 E RoleControllerServiceImpl: Default/fallback role holder package doesn't qualify for the role, package: com.android.devicelockcontroller, role: android.app.role.SYSTEM_FINANCED_DEVICE_CONTROLLER
08-06 16:53:19.447  7464  7482 I htmlviewercloudcontrol: isStagingEnv:false param =  fps_idle_config  uriMatch = 2, cluster: cn, version: 569290, traceId: edf791a3c2f0f49177c2934c6d2002a2, regId: +4z3RS85+e2U9l+sd6caQ/srGmJCsEbKpG1twyPn1K0CrNNyxYT/yAgGVxm5X+yC
08-06 16:53:19.448 13306 13306 I UserConsentManager: onPermissionsChanged: 10345
08-06 16:53:19.448 13306 13306 I UserConsentManager: onPermissionsChanged: 10345
08-06 16:53:19.449 13710 14760 I LocalNotificationMgr: pkg: com.shutterfly mode:0
08-06 16:53:19.449  2474 10058 W ParceledListSlice: Element #17 is 25036 bytes.
08-06 16:53:19.449  2474 10058 W ParceledListSlice: Element #24 is 52004 bytes.
08-06 16:53:19.449  2474 10058 W ParceledListSlice: Overly large reply size: 117272
08-06 16:53:19.449 13710 14760 I GpBinderManager: bindCount : 30
08-06 16:53:19.449 13306 13306 I UserConsentManager: onPermissionsChanged: 10345
08-06 16:53:19.449  7464  7482 I htmlviewercloudcontrol: isStagingEnv:false param =  fps_idle_config  uriMatch = 2, cluster: cn, version: 569290, traceId: edf791a3c2f0f49177c2934c6d2002a2, regId: +4z3RS85+e2U9l+sd6caQ/srGmJCsEbKpG1twyPn1K0CrNNyxYT/yAgGVxm5X+yC
08-06 16:53:19.450 13306 13306 I UserConsentManager: onPermissionsChanged: 10345
08-06 16:53:19.450 13306 13306 I UserConsentManager: onPermissionsChanged: 10345
08-06 16:53:19.451  2474 10069 I ActivityManager: Background started FGS: Allowed [callingPackage: com.miui.securitycenter; callingUid: 1000; uidState: PER ; uidBFSL: [BFSL]; intent: Intent { act=com.miui.cleanmaster.GARBAGE_PKG_ADD pkg=com.miui.cleanmaster (has extras) }; code:PROC_STATE_PERSISTENT; tempAllowListReason:<keychain,reasonCode:KEY_CHAIN,duration:30000,callingUid:1000>; targetSdkVersion:34; callerTargetSdkVersion:34; startForegroundCount:0; bindFromPackage:null: isBindService:false]
08-06 16:53:19.451  2474 10069 W ForegroundServiceTypeLoggerModule: Foreground service start for UID: 10266 does not have any types
08-06 16:53:19.451  7464  7482 I htmlviewercloudcontrol: isStagingEnv:false param =  fps_tp_exclude  uriMatch = 2, cluster: cn, version: 569290, traceId: edf791a3c2f0f49177c2934c6d2002a2, regId: +4z3RS85+e2U9l+sd6caQ/srGmJCsEbKpG1twyPn1K0CrNNyxYT/yAgGVxm5X+yC
08-06 16:53:19.452  2474  7657 W ParceledListSlice: Element #34 is 204620 bytes.
08-06 16:53:19.452  2474  7657 W ParceledListSlice: Overly large reply size: 237228
08-06 16:53:19.453  2474  7257 I MiuiNetworkPolicy: updateUidState uid = 10266, uidState = 4
08-06 16:53:19.454  2474  8393 W ParceledListSlice: Element #40 is 19708 bytes.
08-06 16:53:19.455  2474  8393 W ParceledListSlice: Element #48 is 187940 bytes.
08-06 16:53:19.455  2474  8393 W ParceledListSlice: Overly large reply size: 249300
08-06 16:53:19.455  7464  7482 I htmlviewercloudcontrol: isStagingEnv:false param =  fps_idle_config  uriMatch = 2, cluster: cn, version: 569290, traceId: edf791a3c2f0f49177c2934c6d2002a2, regId: +4z3RS85+e2U9l+sd6caQ/srGmJCsEbKpG1twyPn1K0CrNNyxYT/yAgGVxm5X+yC
08-06 16:53:19.455  2474  8755 I ActivityManager: Cancel FGS notification userId: 0 definingUid: 10266 packageName: com.miui.cleanmaster processName:com.miui.cleanmaster ChannelId:com.miui.cleanmaster foregroundNotiWhen:1754470399450 Notiflags:64
08-06 16:53:19.455  2474  8755 W ForegroundServiceTypeLoggerModule: FGS stop call for: 10266 has no types!
08-06 16:53:19.455 13710 13710 I AppPredictPrivacyLaunchManager: updateLauncherApps size: 76
08-06 16:53:19.456  1865  1865 I vendor.qti.hardware.servicetrackeraidl-service: destroyService is called for service : com.miui.cleanmaster/com.miui.optimizecenter.service.CleanMasterService
08-06 16:53:19.456  2474  7257 I MiuiNetworkPolicyTrafficLimit: updateWhiteListUidForMobileTraffic uid=10266,add=true
08-06 16:53:19.456  2474  8336 W ParceledListSlice: Element #52 is 19668 bytes.
08-06 16:53:19.457  7856  8405 E SmsApplication: com.android.mms lost android:read_cell_broadcasts:  (fixing)
08-06 16:53:19.457  2474 10058 W AppOpService: Ignored setUidMode call for runtime permission app op: uid = 10141, code = READ_CELL_BROADCASTS, mode = allow, callingUid = 1001, oldMode = allow
08-06 16:53:19.458  2474  7257 I MiuiNetworkPolicy: updateUidState uid = 10266, uidState = 19
08-06 16:53:19.458  7464  7482 I htmlviewercloudcontrol: isStagingEnv:false param =  display_fps_group  uriMatch = 2, cluster: cn, version: 569290, traceId: edf791a3c2f0f49177c2934c6d2002a2, regId: +4z3RS85+e2U9l+sd6caQ/srGmJCsEbKpG1twyPn1K0CrNNyxYT/yAgGVxm5X+yC
08-06 16:53:19.460  2474  7257 I MiuiNetworkPolicyTrafficLimit: updateWhiteListUidForMobileTraffic uid=10266,add=false
08-06 16:53:19.460  7458  8105 E Launcher.AllAppsList: Can't load postion for packageName: com.shutterfly activityName: com.shutterfly.activity.ShutterflyLauncherActivity
08-06 16:53:19.461  2474  8332 W ParceledListSlice: Element #8 is 20788 bytes.
08-06 16:53:19.461  2474  8332 W ParceledListSlice: Element #9 is 20768 bytes.
08-06 16:53:19.465 13710 14599 I AppPredictPrivacyLaunchManager: getLauncherHomeAppList size: 76
08-06 16:53:19.465 13710 14599 I AppPredictResultHelper: updatePreferenceStore: size = 10
08-06 16:53:19.465 13306 13306 I UserConsentManager: onPermissionsChanged: 10345
08-06 16:53:19.466 13306 13306 I UserConsentManager: onPermissionsChanged: 10345
08-06 16:53:19.466 13306 13306 I UserConsentManager: onPermissionsChanged: 10345
08-06 16:53:19.466 16300 16300 I VSC-AppInstallReceiver: action: android.intent.action.PACKAGE_CHANGED, packageName: com.shutterfly
08-06 16:53:19.467  8885  8885 I ##XLogger##: #&^h6MA9z6URo7duM4pUj12Wl//l20ccJzLLKqNG1Fr2SW/ifeaiznAtzlXZsoqoyCVUvQ9t0EUAsLk9aN5uiS6904G0jLdds9A9Cm8ElqusNMYp/zLDEiKkxo94BZAKdxJP+Yp8M8+bT2pdDC1v9p0XdQ8joJ4eZVVsKKkCzz7oJs=!!FfyD08PDxfmd9HNCoPx2yW8gDWFzFBsZ2CRYKs61VWq5sdZRG4iv+yeWT1OugCOkEu3/ZoMP4z7Bg6s+EfSPd4osTpoEtr7FaaIs1QvIuJC/oWvvUgwzs9D6XSSycoFgCdzTCD3yZ9IhxZIpzvawUQGJM0SAwKThaeRTUzpLTqwsuLpFUJJLg6EmKapl+84FRM9dugjEXnK7GV3+7BVTHkvK1T8SXH6VGdVj7oi8143948KEL81WXdVv5VsFfNThipM/YzqbyylHkE5k3w7Z1M3pfsP1e48nKQB5M9auUdnaL6vpnCk70DPMaFp16iH3m/40tRw9MVyb7Wa4HTaHrvnX18Ur3fkEGnNvXkuqvXZJc+tpXqdTBuQldNoir+MSg4EjjlVJsLh0gaHfDNPTam5PfvqrUtVcTxIaeGosXFC1nYH8G55ELNyVYjlOagjy2MVBebx7Jr9jJSgvR2NgK1UZo0f2U+Sm1KMzrYAijtLG710INuIyQiGjpgF+QfM52i8vHKOkvWAjQWEk/b40Ysir9cfJCo+DnoIUvW4R7vUj9CKq9NcwWiF6lsmFzpRdRMjdakzfg2clDZxwBscTXZRd4HzKczX+y7GaPjitJWtAYfO3e7/0ISs2FHQtn9OStpvH1MclJ+dS33sWshGMb4tJyEAy3HhcJ2a4D9b4CVBJmhIfiDECZLoPUmz9eY8czwYE2m0NNPnAe5rcZVSuwtMX0Yx15xiheSndyeNU16//kPlOqbZPy1+IyGDk/IcNITDy/7d+qfxgO/5QV94mW3QtwYQ//7N4PQHjnR0ehyTMTEWRp9VDI1mvuUoKuIIS9OhyyOn/nMXrigDnpTCnVdAkBYWExsCHZiUHk1+0FRw=^&#
08-06 16:53:19.467  8885  8885 I ##XLogger##: #&^h6MA9z6URo7duM4pUj12Wl//l20ccJzLLKqNG1Fr2SW/ifeaiznAtzlXZsoqoyCVUvQ9t0EUAsLk9aN5uiS6904G0jLdds9A9Cm8ElqusNMYp/zLDEiKkxo94BZAKdxJP+Yp8M8+bT2pdDC1v9p0XdQ8joJ4eZVVsKKkCzz7oJs=!!FfyD08PDxfmd9HNCoPx2yW8gDWFzFBsZ2CRYKs61VWobB5TQWSdRKDa+BDZ37IDpnBI4xyT2FHXhAONPh1Q54JJRIF2aVrMJeD8m6fklEb1CZYMpkjzbVbg70rzWWQHblECB/hVpllVtW3+TaPNMGC/N+BbddeyEYWFFpYFrXJ6M2Q7dKDrmrleRGmNG86ziPGcqWfBuqBfu0AShIWzVA6KuLwKxnha7gWW/QFoMI1JuKHmd418gyxl6HFQ8/6OGmfn7JBQxiRlG1+0J003PPOljNL23m5059Ud6jVLmpClJzBiI+aVeJjQ38/Cg4v7FYwkij5mfQWbGJws548eo5VB/TdND/gvrmi9SvR1MdoiXWClO9g37ilmxNLvI4FmzdOdFQjDgrFPcSZhqsGzPn14UMgxqGiYuW3/shRKUBNIuk2BtJIF6QffRGSyewpdEizO83V3JbqqIvUhkEVo/rkMRnDFRIBq9sB4LAeN8GN2JWm6KrmjdHuECtRsuJhJoVXft2B9JEvoJ2pgpaTHuDQ0SpYPNysiRELUsC8Nb0kUik24HGi8vyCuk2QPyN4RALCzrFbxeKGwC5eNnYlWmfIySPYPPrnqteeGE7X07O+IodXDIuz5oiICXwSGgYwmmsil82V7cDfKaDvidnH6X00/z26uq4Q1aUI6etEH3oILsP13dJ1HORpR62KveBtO+kSD/noXkDX2BU4j7mfVxn6tzGWEvrVd4665Flc7zkOjtZF6RlnJRHE+UwbWtBLQ7dkmj8nBFDWiO068siUZqvObs7BVZVK8gBOB8qiuSDmcsT7Ea3HeYRlHt33tEtetjxlBbY+StNJL0ReiIGC71Pc6QsZKmOLjCl6/3GvHsr5Q=^&#
08-06 16:53:19.468 13710 15162 I ThumbnailBlurUtils: getAllLauncherAppList time: 19
08-06 16:53:19.469 13306 13306 I UserConsentManager: onPermissionsChanged: 10345
08-06 16:53:19.469 13306 13306 I UserConsentManager: onPermissionsChanged: 10345
08-06 16:53:19.469 13053 13053 E RegisteredServicesCache: Skipping application component ComponentInfo{com.UCMobile/com.alibaba.ariver.commonability.device.jsapi.nfc.service.TinyAppHostApduService}: it must request the permission android.permission.NFC
08-06 16:53:19.469 13053 13053 E RegisteredServicesCache: Skipping application component ComponentInfo{com.UCMobile/com.alipay.mobile.aompdevice.nfc.service.TinyAppHostApduService}: it must request the permission android.permission.NFC
08-06 16:53:19.470 13053 13053 E RegisteredServicesCache: Skipping application component ComponentInfo{com.autonavi.minimap/com.alibaba.ariver.commonability.device.jsapi.nfc.service.TinyAppHostApduService}: it must request the permission android.permission.NFC
08-06 16:53:19.470 13306 13306 I UserConsentManager: onPermissionsChanged: 10345
08-06 16:53:19.470 13306 13306 I UserConsentManager: onPermissionsChanged: 10345
08-06 16:53:19.471 13306 13306 I UserConsentManager: onPermissionsChanged: 10345
08-06 16:53:19.471 13053 13053 E RegisteredServicesCache: Skipping application component ComponentInfo{com.autonavi.minimap/com.alipay.mobile.aompdevice.nfc.service.TinyAppHostApduService}: it must request the permission android.permission.NFC
08-06 16:53:19.471 13306 13306 I UserConsentManager: onPermissionsChanged: 10345
08-06 16:53:19.472  7458  8100 W PreviewDisappear: getIconDrawable src: null
08-06 16:53:19.472  7458  8100 W PreviewDisappear: getIconDrawable app drawable: null
08-06 16:53:19.472  7458  8100 W PreviewDisappear: getIcon info target: ComponentInfo{com.shutterfly/com.shutterfly.activity.ShutterflyLauncherActivity}
08-06 16:53:19.472  7458  8100 W PreviewDisappear: getIcon info user: UserHandle{0}
08-06 16:53:19.472  7458  8100 W PreviewDisappear: getIcon info intent: Intent { act=android.intent.action.MAIN cat=[android.intent.category.LAUNCHER] flg=0x10200000 cmp=com.shutterfly/.activity.ShutterflyLauncherActivity (has extras) }
08-06 16:53:19.472  7458  8100 W PreviewDisappear: 1 getIcon entry: null
08-06 16:53:19.473  7458  8100 W PreviewDisappear: 2 getIcon entry: com.miui.home.launcher.graphics.DrawableInfo@c84314f
08-06 16:53:19.473  7458  8100 W PreviewDisappear: applyCacheEntry entry: com.miui.home.launcher.graphics.drawable.LayerAdaptiveIconDrawable@d6940dc
08-06 16:53:19.473  7458  8100 W PreviewDisappear: getIconDrawable finally drawable: com.miui.home.launcher.graphics.drawable.LayerAdaptiveIconDrawable@d6940dc
08-06 16:53:19.473  7458  8150 W PreviewDisappear: 1 getIcon entry: null
08-06 16:53:19.474  2474  7257 I MiuiNetworkPolicy: updateUidState uid = 6110, uidState = 11
08-06 16:53:19.474  2474  2641 W ActivityManagerServiceImpl: Sending non-protected broadcast com.miui.action.UPDATE_PREDICT_LIST_EXTERNAL from system 13710:com.miui.securitycenter.remote/1000 pkg com.miui.securitycenter. Callers=
08-06 16:53:19.475  7458  8150 W PreviewDisappear: 2 getIcon entry: com.miui.home.launcher.graphics.DrawableInfo@84408ba
08-06 16:53:19.475  7458  8150 W PreviewDisappear: applyCacheEntry entry: com.miui.home.launcher.graphics.drawable.LayerAdaptiveIconDrawable@97c936b
08-06 16:53:19.475  7464  7482 I htmlviewercloudcontrol: isStagingEnv:false param =  fps_idle_config  uriMatch = 2, cluster: cn, version: 569290, traceId: edf791a3c2f0f49177c2934c6d2002a2, regId: +4z3RS85+e2U9l+sd6caQ/srGmJCsEbKpG1twyPn1K0CrNNyxYT/yAgGVxm5X+yC
08-06 16:53:19.476 13053 13053 I RegisteredServicesCache: current user: 0, is managed profile : false
08-06 16:53:19.476  2474 10062 W AppOpService: Ignored setUidMode call for runtime permission app op: uid = 1001, code = READ_SMS, mode = allow, callingUid = 1001, oldMode = allow
08-06 16:53:19.476  2474 10062 W AppOpService: Ignored setUidMode call for runtime permission app op: uid = 1001, code = RECEIVE_SMS, mode = allow, callingUid = 1001, oldMode = allow
08-06 16:53:19.477  2474 10062 W AppOpService: Ignored setUidMode call for runtime permission app op: uid = 1001, code = RECEIVE_WAP_PUSH, mode = allow, callingUid = 1001, oldMode = allow
08-06 16:53:19.477  2474 10062 W AppOpService: Ignored setUidMode call for runtime permission app op: uid = 1001, code = SEND_SMS, mode = allow, callingUid = 1001, oldMode = allow
08-06 16:53:19.477  2474 10062 W AppOpService: Ignored setUidMode call for runtime permission app op: uid = 1001, code = READ_CELL_BROADCASTS, mode = allow, callingUid = 1001, oldMode = allow
08-06 16:53:19.479 13053 13053 I RegisteredAidCache: updateRoutingLocked(false): Enter
08-06 16:53:19.479 13053 13053 I AidRoutingManager: configureRouting(false): Enter
08-06 16:53:19.479 13053 13053 E AidRoutingManager: Size of routing table970
08-06 16:53:19.479 13053 13053 I RegisteredAidCache: updateRoutingLocked(false): exit
08-06 16:53:19.479  7464  7482 I htmlviewercloudcontrol: isStagingEnv:false param =  fps_idle_config  uriMatch = 2, cluster: cn, version: 569290, traceId: edf791a3c2f0f49177c2934c6d2002a2, regId: +4z3RS85+e2U9l+sd6caQ/srGmJCsEbKpG1twyPn1K0CrNNyxYT/yAgGVxm5X+yC
08-06 16:53:19.480  2036  2036 E DisplayModeController: setDesiredMode : Idle status skip setActiveMode, isDdicIdleMode: 1
08-06 16:53:19.481  7458  8153 W PreviewDisappear: getIconDrawable src: null
08-06 16:53:19.481  7458  8153 W PreviewDisappear: getIconDrawable app drawable: null
08-06 16:53:19.481  7458  8153 W PreviewDisappear: getIcon info target: ComponentInfo{com.shutterfly/com.shutterfly.activity.ShutterflyLauncherActivity}
08-06 16:53:19.481  7458  8153 W PreviewDisappear: getIcon info user: UserHandle{0}
08-06 16:53:19.481  7458  8153 W PreviewDisappear: getIcon info intent: Intent { act=android.intent.action.MAIN cat=[android.intent.category.LAUNCHER] flg=0x10200000 cmp=com.shutterfly/.activity.ShutterflyLauncherActivity (has extras) }
08-06 16:53:19.481  7458  8153 W PreviewDisappear: 1 getIcon entry: null
08-06 16:53:19.481  7458  8153 W PreviewDisappear: 2 getIcon entry: com.miui.home.launcher.graphics.DrawableInfo@399f686
08-06 16:53:19.481  7458  8153 W PreviewDisappear: applyCacheEntry entry: com.miui.home.launcher.graphics.drawable.LayerAdaptiveIconDrawable@34efb47
08-06 16:53:19.481  7458  8153 W PreviewDisappear: getIconDrawable finally drawable: com.miui.home.launcher.graphics.drawable.LayerAdaptiveIconDrawable@34efb47
08-06 16:53:19.482  2474  7257 I MiuiNetworkPolicy: updateUidState uid = 6110, uidState = 19
08-06 16:53:19.484  7464  7482 I htmlviewercloudcontrol: isStagingEnv:false param =  fps_idle_config  uriMatch = 2, cluster: cn, version: 569290, traceId: edf791a3c2f0f49177c2934c6d2002a2, regId: +4z3RS85+e2U9l+sd6caQ/srGmJCsEbKpG1twyPn1K0CrNNyxYT/yAgGVxm5X+yC
08-06 16:53:19.484  2474 10068 W ParceledListSlice: Element #8 is 20788 bytes.
08-06 16:53:19.484  2474 10068 W ParceledListSlice: Element #9 is 20768 bytes.
08-06 16:53:19.485  1843  1843 I SDM     : HWCDisplay::SetActiveConfigWithConstraints: display:66-0, config: 3, WxH 1200x2670, fps 120
08-06 16:53:19.485  1843  1843 W SDM     : HWDeviceDRM::GetSupportedBitClkRate: Requested rate not supported: 1150000000
08-06 16:53:19.485  1843  1843 I SDM     : HWDeviceDRM::UpdateMixerAttributes: Mixer WxH 1200x2670-1 for Peripheral
08-06 16:53:19.486  1843  1843 I SDM     : HWCDisplay::SubmitDisplayConfig: Active configuration changed from config 1 to 3
08-06 16:53:19.486  1843  1843 I SDM     : HWCDisplay::SubmitDisplayConfig: Active WxH 1200x2670 ,ddic_mode:auto, timing_fps: 120, sf_fps: 120
08-06 16:53:19.486  7464  7482 I htmlviewercloudcontrol: isStagingEnv:false param =  fps_group_config  uriMatch = 2, cluster: cn, version: 569290, traceId: edf791a3c2f0f49177c2934c6d2002a2, regId: +4z3RS85+e2U9l+sd6caQ/srGmJCsEbKpG1twyPn1K0CrNNyxYT/yAgGVxm5X+yC
08-06 16:53:19.486  2474  2664 W EnhancedConfirmationService: The packageName should not be null.
08-06 16:53:19.488 13053 13053 E RegisteredServicesCache: Skipping application component ComponentInfo{com.UCMobile/com.alibaba.ariver.commonability.device.jsapi.nfc.service.TinyAppHostApduService}: it must request the permission android.permission.NFC
08-06 16:53:19.488  1843  3496 I vendor.qti.hardware.display.composer-service: Sensor: notify citsensorservice to trigger cwb, misForced = 0
08-06 16:53:19.488  3050  4554 I libsensor-parseRGB: request dump start for mRequestDisplayId 0
08-06 16:53:19.488  7856  8405 E SmsApplication: com.android.mms lost android:read_cell_broadcasts:  (fixing)
08-06 16:53:19.488  2474 10068 W AppOpService: Ignored setUidMode call for runtime permission app op: uid = 10141, code = READ_CELL_BROADCASTS, mode = allow, callingUid = 1001, oldMode = allow
08-06 16:53:19.489 13053 13053 E RegisteredServicesCache: Skipping application component ComponentInfo{com.UCMobile/com.alipay.mobile.aompdevice.nfc.service.TinyAppHostApduService}: it must request the permission android.permission.NFC
08-06 16:53:19.489 13053 13053 E RegisteredServicesCache: Skipping application component ComponentInfo{com.autonavi.minimap/com.alibaba.ariver.commonability.device.jsapi.nfc.service.TinyAppHostApduService}: it must request the permission android.permission.NFC
08-06 16:53:19.489 13053 13053 E RegisteredServicesCache: Skipping application component ComponentInfo{com.autonavi.minimap/com.alipay.mobile.aompdevice.nfc.service.TinyAppHostApduService}: it must request the permission android.permission.NFC
08-06 16:53:19.491  7505 18065 I PermissionControllerServiceImpl: Updating user sensitive for uid 10345
08-06 16:53:19.491  7464  7482 I htmlviewercloudcontrol: isStagingEnv:false param =  fps_group_config  uriMatch = 2, cluster: cn, version: 569290, traceId: edf791a3c2f0f49177c2934c6d2002a2, regId: +4z3RS85+e2U9l+sd6caQ/srGmJCsEbKpG1twyPn1K0CrNNyxYT/yAgGVxm5X+yC
08-06 16:53:19.492  2474 10062 W AppOpService: Ignored setUidMode call for runtime permission app op: uid = 1001, code = READ_SMS, mode = allow, callingUid = 1001, oldMode = allow
08-06 16:53:19.492  2474 10062 W AppOpService: Ignored setUidMode call for runtime permission app op: uid = 1001, code = RECEIVE_SMS, mode = allow, callingUid = 1001, oldMode = allow
08-06 16:53:19.492  2474 10068 W AppOpService: Ignored setUidMode call for runtime permission app op: uid = 1001, code = RECEIVE_WAP_PUSH, mode = allow, callingUid = 1001, oldMode = allow
08-06 16:53:19.492 13053 13053 I RegisteredServicesCache: current user: 0, is managed profile : false
08-06 16:53:19.493  2474 10068 W AppOpService: Ignored setUidMode call for runtime permission app op: uid = 1001, code = SEND_SMS, mode = allow, callingUid = 1001, oldMode = allow
08-06 16:53:19.493  2474 10068 W AppOpService: Ignored setUidMode call for runtime permission app op: uid = 1001, code = READ_CELL_BROADCASTS, mode = allow, callingUid = 1001, oldMode = allow
08-06 16:53:19.495 13053 13053 I RegisteredAidCache: updateRoutingLocked(false): Enter
08-06 16:53:19.495 13053 13053 I AidRoutingManager: configureRouting(false): Enter
08-06 16:53:19.495 13053 13053 E AidRoutingManager: Size of routing table970
08-06 16:53:19.495 13053 13053 I RegisteredAidCache: updateRoutingLocked(false): exit
08-06 16:53:19.495 14191 15060 I DisplayFrameSetting: register
08-06 16:53:19.495  2474  2664 W MagnificationConnectionManager: requestConnection duplicated request: connect=false, mConnectionState=DISCONNECTED
08-06 16:53:19.496  2474 10062 I whetstone.activity: noteVideoFps registVideoFpsCallBack, count is 1
08-06 16:53:19.496 13053 13053 I libnfc_nci: [INFO:NativeT4tNfcee.cpp(870)] nfcManager_isFwSupportNonStdT4TAid Enter isFwSupport = 1
08-06 16:53:19.496 13053 13053 I libnfc_nci: [INFO:SecureElement.cpp(1487)] SecureElement::getEseHandleFromGenericId: enter; ESE-ID = 0x7F
08-06 16:53:19.496 13053 13053 I libnfc_nci: [INFO:SecureElement.cpp(1528)] SecureElement::getEseHandleFromGenericId: enter; ESE-Handle = 0x410
08-06 16:53:19.496 13053 13053 I libnfc_nci: [INFO:SecureElement.cpp(1487)] SecureElement::getEseHandleFromGenericId: enter; ESE-ID = 0x00
08-06 16:53:19.496 13053 13053 I libnfc_nci: [INFO:SecureElement.cpp(1528)] SecureElement::getEseHandleFromGenericId: enter; ESE-Handle = 0x400
08-06 16:53:19.498  7464  7482 I htmlviewercloudcontrol: isStagingEnv:false param =  fps_idle_config  uriMatch = 2, cluster: cn, version: 569290, traceId: edf791a3c2f0f49177c2934c6d2002a2, regId: +4z3RS85+e2U9l+sd6caQ/srGmJCsEbKpG1twyPn1K0CrNNyxYT/yAgGVxm5X+yC
08-06 16:53:19.500 13710 15441 I VideoBoxUtils: isSupportVideoBox: true
08-06 16:53:19.501  7800 24718 I SecureElement-Terminal-eSE1: isSecureElementPresent()
08-06 16:53:19.502  1774  1774 I android.hardware.secure_element-service.qti: isCardPresent
08-06 16:53:19.502  7464  7482 I htmlviewercloudcontrol: isStagingEnv:false param =  fps_group_config  uriMatch = 2, cluster: cn, version: 569290, traceId: edf791a3c2f0f49177c2934c6d2002a2, regId: +4z3RS85+e2U9l+sd6caQ/srGmJCsEbKpG1twyPn1K0CrNNyxYT/yAgGVxm5X+yC
08-06 16:53:19.502  1774  1774 I android.hardware.secure_element-service.qti: isCardPresent exit, cardPresent: 1
08-06 16:53:19.503  7800 24718 I SecureElement-Terminal-SIM1: isSecureElementPresent()
08-06 16:53:19.504  7800 24718 I SecureElement-Terminal-SIM1: isNfcEventAllowed: No access rules for checking.
08-06 16:53:19.505  7800 24718 I SecureElement-Terminal-SIM2: isSecureElementPresent()
08-06 16:53:19.505  3086  3086 I adbd    : in ShellService: pm list packages -f
08-06 16:53:19.505 13710 15441 W ContextImpl: Calling a method in the system process without a qualified user: android.app.ContextImpl.sendBroadcast:1275 android.content.ContextWrapper.sendBroadcast:527 d7.e.f:24 d7.e.c:0 d7.e$c$a.run:18 
08-06 16:53:19.506  2474  8336 W ActivityManagerServiceImpl: Sending non-protected broadcast com.miui.gamebooster.UNINSTALLAPP from system 13710:com.miui.securitycenter.remote/1000 pkg com.miui.securitycenter. Callers=
08-06 16:53:19.507 13053 13053 I libnfc_nci: [INFO:NativeT4tNfcee.cpp(870)] nfcManager_isFwSupportNonStdT4TAid Enter isFwSupport = 1
08-06 16:53:19.507 13053 13053 I libnfc_nci: [INFO:SecureElement.cpp(1487)] SecureElement::getEseHandleFromGenericId: enter; ESE-ID = 0x7F
08-06 16:53:19.507 13053 13053 I libnfc_nci: [INFO:SecureElement.cpp(1528)] SecureElement::getEseHandleFromGenericId: enter; ESE-Handle = 0x410
08-06 16:53:19.508 13053 13053 I libnfc_nci: [INFO:SecureElement.cpp(1487)] SecureElement::getEseHandleFromGenericId: enter; ESE-ID = 0x00
08-06 16:53:19.508 13053 13053 I libnfc_nci: [INFO:SecureElement.cpp(1528)] SecureElement::getEseHandleFromGenericId: enter; ESE-Handle = 0x400
08-06 16:53:19.508  7800 24718 I SecureElement-Terminal-eSE1: isSecureElementPresent()
08-06 16:53:19.508  1774  1774 I android.hardware.secure_element-service.qti: isCardPresent
08-06 16:53:19.509  1774  1774 I android.hardware.secure_element-service.qti: isCardPresent exit, cardPresent: 1
08-06 16:53:19.509  2474  2664 W TextServicesManagerService: no available spell checker services found
08-06 16:53:19.510  7800 24718 I SecureElement-Terminal-SIM1: isSecureElementPresent()
08-06 16:53:19.510  7800 24718 I SecureElement-Terminal-SIM1: isNfcEventAllowed: No access rules for checking.
08-06 16:53:19.511  7800 24718 I SecureElement-Terminal-SIM2: isSecureElementPresent()
08-06 16:53:19.516  2474  2664 W EnhancedConfirmationService: The packageName should not be null.
08-06 16:53:19.516  2474  2664 W MagnificationConnectionManager: requestConnection duplicated request: connect=false, mConnectionState=DISCONNECTED
08-06 16:53:19.517 13710 15162 I ThumbnailBlurUtils: loadPrivacyThumbnailBlurMonthly successd{"com.ss.android.ugc.aweme":27,"com.musicworx":-1,"com.baidu.BaiduMap":3,"com.google.android.apps.youtube.music":27,"com.google.android.apps.tasks":5,"com.jijia.jjweather":5,"com.netease.newsreader.activity":11,"com.instagram.android":5,"com.microsoft.emmx":5,"com.baidu.searchbox.lite":5,"com.getsurfboard":-1,"com.android.fileexplorer":5,"com.miui.compass":5,"com.microsoft.office.outlook":10,"com.jijia.bqwnl":5,"com.autonavi.minimap":3,"com.miui.calculator":5,"org.secuso.privacyfriendlytodolist":-1,"com.android.contacts":5,"com.xiaomi.scanner":5,"com.miui.securitycenter":5,"com.android.vending":5,"com.yahoo.mobile.client.android.mail":5,"com.einnovation.temu":-1,"com.baidu.searchbox":5,"com.duokan.reader":7,"com.wuba.zhuanzhuan":9,"io.appium.settings":-1,"com.android.chrome":5,"com.xingin.xhs":5,"com.dragon.read":7,"tv.danmaku.bili":27,"com.ebay.mobile":5,"com.miui.gallery":6,"com.UCMobile":5,"todolist.scheduleplanner.dailyplanner.todo.reminders":5,"com.alibaba.aliexpresshd":9,"com.android.email":10,"com.todoist":5,"cool.monkey.android":5,"com.spotify.music":5,"com.xiaomi.market":5,"com.microsoft.todos":10,"com.skysoft.kkbox.android":27,"com.miui.notes":5,"com.smile.gifmaker":27,"com.xiaomi.gamecenter":5,"com.android.browser":5,"com.anydo":5,"de.baumann.browser":-1,"com.suxing.sustream":-1,"com.miui.virtualsim":5,"com.sina.news":11,"com.miui.weather2":5,"com.miui.video":27,"douzifly.list":-1,"com.google.android.documentsui":-1,"com.ss.android.article.news":11,"com.quark.browser":5,"com.android.mms":5,"cn.ninegame.gamemanager":5,"com.kuaishou.nebula":27,"com.android.providers.downloads.ui":5,"com.tencent.android.qqdownloader":5,"com.android.camera":6,"com.google.android.gm":5,"cn.amazon.mShop.android":9,"com.google.android.apps.magazines":5,"com.android.calendar":10,"io.github.ylimit.droidbotapp":-1,"ru.mail.mailapp":5,"com.android.settings":-1,"com.zhuantech.sijiweather":-1,"com.cnn.mobile.android.phone":11,"com.shutterfly":-1,"com.android.soundrecorder":5}
08-06 16:53:19.521  3050  4604 E libsensor-parseRGB: CWB NotifyCWBBufferDone  error 0
08-06 16:53:19.556 14191 14606 W WakelockManagerService: uid: 1000 is unblock state
08-06 16:53:19.557 14191 14606 W WakelockManagerService: uid: 1001 is unblock state
08-06 16:53:19.557 14191 14606 W WakelockManagerService: uid: 1002 is unblock state
08-06 16:53:19.557 14191 14606 W WakelockManagerService: uid: 1027 is unblock state
08-06 16:53:19.557 14191 14606 W WakelockManagerService: uid: 1068 is unblock state
08-06 16:53:19.557 14191 14606 W WakelockManagerService: uid: 1073 is unblock state
08-06 16:53:19.557 14191 14606 W WakelockManagerService: uid: 2000 is unblock state
08-06 16:53:19.557 14191 14606 W WakelockManagerService: uid: 6100 is unblock state
08-06 16:53:19.557 14191 14606 W WakelockManagerService: uid: 6101 is unblock state
08-06 16:53:19.557 14191 14606 W WakelockManagerService: uid: 6102 is unblock state
08-06 16:53:19.557 14191 14606 W WakelockManagerService: uid: 6110 is unblock state
08-06 16:53:19.557 14191 14606 W WakelockManagerService: uid: 6120 is unblock state
08-06 16:53:19.557 14191 14606 W WakelockManagerService: uid: 10000 is unblock state
08-06 16:53:19.557 14191 14606 W WakelockManagerService: uid: 10001 is unblock state
08-06 16:53:19.557 14191 14606 W WakelockManagerService: uid: 10002 is unblock state
08-06 16:53:19.557 14191 14606 W WakelockManagerService: uid: 10003 is unblock state
08-06 16:53:19.557 14191 14606 W WakelockManagerService: uid: 10004 is unblock state
08-06 16:53:19.557 14191 14606 W WakelockManagerService: uid: 10005 is unblock state
08-06 16:53:19.557 14191 14606 W WakelockManagerService: uid: 10006 is unblock state
08-06 16:53:19.557 14191 14606 W WakelockManagerService: uid: 10007 is unblock state
08-06 16:53:19.558 14191 14606 W WakelockManagerService: uid: 10008 is unblock state
08-06 16:53:19.558 14191 14606 W WakelockManagerService: uid: 10009 is unblock state
08-06 16:53:19.558 14191 14606 W WakelockManagerService: uid: 10010 is unblock state
08-06 16:53:19.558 14191 14606 W WakelockManagerService: uid: 10011 is unblock state
08-06 16:53:19.558 14191 14606 W WakelockManagerService: uid: 10012 is unblock state
08-06 16:53:19.558 14191 14606 W WakelockManagerService: uid: 10013 is unblock state
08-06 16:53:19.558 14191 14606 W WakelockManagerService: uid: 10014 is unblock state
08-06 16:53:19.558 14191 14606 W WakelockManagerService: uid: 10015 is unblock state
08-06 16:53:19.558 14191 14606 W WakelockManagerService: uid: 10016 is unblock state
08-06 16:53:19.558 14191 14606 W WakelockManagerService: uid: 10017 is unblock state
08-06 16:53:19.558 14191 14606 W WakelockManagerService: uid: 10018 is unblock state
08-06 16:53:19.558 14191 14606 W WakelockManagerService: uid: 10019 is unblock state
08-06 16:53:19.558 14191 14606 W WakelockManagerService: uid: 10020 is unblock state
08-06 16:53:19.558 14191 14606 W WakelockManagerService: uid: 10021 is unblock state
08-06 16:53:19.558 14191 14606 W WakelockManagerService: uid: 10022 is unblock state
08-06 16:53:19.558 14191 14606 W WakelockManagerService: uid: 10023 is unblock state
08-06 16:53:19.558 14191 14606 W WakelockManagerService: uid: 10024 is unblock state
08-06 16:53:19.558 14191 14606 W WakelockManagerService: uid: 10025 is unblock state
08-06 16:53:19.558 14191 14606 W WakelockManagerService: uid: 10026 is unblock state
08-06 16:53:19.558 14191 14606 W WakelockManagerService: uid: 10027 is unblock state
08-06 16:53:19.558 14191 14606 W WakelockManagerService: uid: 10028 is unblock state
08-06 16:53:19.558 14191 14606 W WakelockManagerService: uid: 10029 is unblock state
08-06 16:53:19.558 14191 14606 W WakelockManagerService: uid: 10030 is unblock state
08-06 16:53:19.558 14191 14606 W WakelockManagerService: uid: 10031 is unblock state
08-06 16:53:19.558 14191 14606 W WakelockManagerService: uid: 10032 is unblock state
08-06 16:53:19.558 14191 14606 W WakelockManagerService: uid: 10033 is unblock state
08-06 16:53:19.558 14191 14606 W WakelockManagerService: uid: 10034 is unblock state
08-06 16:53:19.558 14191 14606 W WakelockManagerService: uid: 10035 is unblock state
08-06 16:53:19.558 14191 14606 W WakelockManagerService: uid: 10036 is unblock state
08-06 16:53:19.558 14191 14606 W WakelockManagerService: uid: 10037 is unblock state
08-06 16:53:19.558 14191 14606 W WakelockManagerService: uid: 10038 is unblock state
08-06 16:53:19.558 14191 14606 W WakelockManagerService: uid: 10039 is unblock state
08-06 16:53:19.558 14191 14606 W WakelockManagerService: uid: 10040 is unblock state
08-06 16:53:19.558 14191 14606 W WakelockManagerService: uid: 10041 is unblock state
08-06 16:53:19.558 14191 14606 W WakelockManagerService: uid: 10042 is unblock state
08-06 16:53:19.558 14191 14606 W WakelockManagerService: uid: 10043 is unblock state
08-06 16:53:19.558 14191 14606 W WakelockManagerService: uid: 10044 is unblock state
08-06 16:53:19.558 14191 14606 W WakelockManagerService: uid: 10045 is unblock state
08-06 16:53:19.558 14191 14606 W WakelockManagerService: uid: 10046 is unblock state
08-06 16:53:19.558 14191 14606 W WakelockManagerService: uid: 10047 is unblock state
08-06 16:53:19.558 14191 14606 W WakelockManagerService: uid: 10048 is unblock state
08-06 16:53:19.558 14191 14606 W WakelockManagerService: uid: 10049 is unblock state
08-06 16:53:19.558 14191 14606 W WakelockManagerService: uid: 10050 is unblock state
08-06 16:53:19.558 14191 14606 W WakelockManagerService: uid: 10051 is unblock state
08-06 16:53:19.558 14191 14606 W WakelockManagerService: uid: 10052 is unblock state
08-06 16:53:19.558 14191 14606 W WakelockManagerService: uid: 10053 is unblock state
08-06 16:53:19.558 14191 14606 W WakelockManagerService: uid: 10054 is unblock state
08-06 16:53:19.558 14191 14606 W WakelockManagerService: uid: 10055 is unblock state
08-06 16:53:19.558 14191 14606 W WakelockManagerService: uid: 10056 is unblock state
08-06 16:53:19.558 14191 14606 W WakelockManagerService: uid: 10057 is unblock state
08-06 16:53:19.558 14191 14606 W WakelockManagerService: uid: 10058 is unblock state
08-06 16:53:19.558 14191 14606 W WakelockManagerService: uid: 10059 is unblock state
08-06 16:53:19.558 14191 14606 W WakelockManagerService: uid: 10060 is unblock state
08-06 16:53:19.558 14191 14606 W WakelockManagerService: uid: 10061 is unblock state
08-06 16:53:19.558 14191 14606 W WakelockManagerService: uid: 10062 is unblock state
08-06 16:53:19.558 14191 14606 W WakelockManagerService: uid: 10063 is unblock state
08-06 16:53:19.558 14191 14606 W WakelockManagerService: uid: 10064 is unblock state
08-06 16:53:19.558 14191 14606 W WakelockManagerService: uid: 10065 is unblock state
08-06 16:53:19.558 14191 14606 W WakelockManagerService: uid: 10066 is unblock state
08-06 16:53:19.558 14191 14606 W WakelockManagerService: uid: 10067 is unblock state
08-06 16:53:19.559 14191 14606 W WakelockManagerService: uid: 10068 is unblock state
08-06 16:53:19.559 14191 14606 W WakelockManagerService: uid: 10069 is unblock state
08-06 16:53:19.559 14191 14606 W WakelockManagerService: uid: 10070 is unblock state
08-06 16:53:19.559 14191 14606 W WakelockManagerService: uid: 10071 is unblock state
08-06 16:53:19.559 14191 14606 W WakelockManagerService: uid: 10072 is unblock state
08-06 16:53:19.559 14191 14606 W WakelockManagerService: uid: 10073 is unblock state
08-06 16:53:19.559 14191 14606 W WakelockManagerService: uid: 10074 is unblock state
08-06 16:53:19.559 14191 14606 W WakelockManagerService: uid: 10075 is unblock state
08-06 16:53:19.559 14191 14606 W WakelockManagerService: uid: 10076 is unblock state
08-06 16:53:19.559 14191 14606 W WakelockManagerService: uid: 10077 is unblock state
08-06 16:53:19.559 14191 14606 W WakelockManagerService: uid: 10078 is unblock state
08-06 16:53:19.559 14191 14606 W WakelockManagerService: uid: 10079 is unblock state
08-06 16:53:19.559 14191 14606 W WakelockManagerService: uid: 10080 is unblock state
08-06 16:53:19.559 14191 14606 W WakelockManagerService: uid: 10081 is unblock state
08-06 16:53:19.559 14191 14606 W WakelockManagerService: uid: 10082 is unblock state
08-06 16:53:19.559 14191 14606 W WakelockManagerService: uid: 10083 is unblock state
08-06 16:53:19.559 14191 14606 W WakelockManagerService: uid: 10084 is unblock state
08-06 16:53:19.559 14191 14606 W WakelockManagerService: uid: 10085 is unblock state
08-06 16:53:19.559 14191 14606 W WakelockManagerService: uid: 10086 is unblock state
08-06 16:53:19.559 14191 14606 W WakelockManagerService: uid: 10087 is unblock state
08-06 16:53:19.559 14191 14606 W WakelockManagerService: uid: 10088 is unblock state
08-06 16:53:19.559 14191 14606 W WakelockManagerService: uid: 10089 is unblock state
08-06 16:53:19.559 14191 14606 W WakelockManagerService: uid: 10090 is unblock state
08-06 16:53:19.559 14191 14606 W WakelockManagerService: uid: 10091 is unblock state
08-06 16:53:19.559 14191 14606 W WakelockManagerService: uid: 10092 is unblock state
08-06 16:53:19.559 14191 14606 W WakelockManagerService: uid: 10093 is unblock state
08-06 16:53:19.559 14191 14606 W WakelockManagerService: uid: 10094 is unblock state
08-06 16:53:19.559 14191 14606 W WakelockManagerService: uid: 10095 is unblock state
08-06 16:53:19.559 14191 14606 W WakelockManagerService: uid: 10096 is unblock state
08-06 16:53:19.559 14191 14606 W WakelockManagerService: uid: 10097 is unblock state
08-06 16:53:19.559 14191 14606 W WakelockManagerService: uid: 10098 is unblock state
08-06 16:53:19.559 14191 14606 W WakelockManagerService: uid: 10099 is unblock state
08-06 16:53:19.559 14191 14606 W WakelockManagerService: uid: 10100 is unblock state
08-06 16:53:19.559 14191 14606 W WakelockManagerService: uid: 10101 is unblock state
08-06 16:53:19.559 14191 14606 W WakelockManagerService: uid: 10102 is unblock state
08-06 16:53:19.559 14191 14606 W WakelockManagerService: uid: 10103 is unblock state
08-06 16:53:19.559 14191 14606 W WakelockManagerService: uid: 10104 is unblock state
08-06 16:53:19.559 14191 14606 W WakelockManagerService: uid: 10105 is unblock state
08-06 16:53:19.559 14191 14606 W WakelockManagerService: uid: 10106 is unblock state
08-06 16:53:19.559 14191 14606 W WakelockManagerService: uid: 10107 is unblock state
08-06 16:53:19.559 14191 14606 W WakelockManagerService: uid: 10108 is unblock state
08-06 16:53:19.559 14191 14606 W WakelockManagerService: uid: 10109 is unblock state
08-06 16:53:19.559 14191 14606 W WakelockManagerService: uid: 10110 is unblock state
08-06 16:53:19.559 14191 14606 W WakelockManagerService: uid: 10111 is unblock state
08-06 16:53:19.559 14191 14606 W WakelockManagerService: uid: 10112 is unblock state
08-06 16:53:19.559 14191 14606 W WakelockManagerService: uid: 10113 is unblock state
08-06 16:53:19.559 14191 14606 W WakelockManagerService: uid: 10114 is unblock state
08-06 16:53:19.559 14191 14606 W WakelockManagerService: uid: 10115 is unblock state
08-06 16:53:19.559 14191 14606 W WakelockManagerService: uid: 10116 is unblock state
08-06 16:53:19.559 14191 14606 W WakelockManagerService: uid: 10117 is unblock state
08-06 16:53:19.559 14191 14606 W WakelockManagerService: uid: 10118 is unblock state
08-06 16:53:19.559 14191 14606 W WakelockManagerService: uid: 10119 is unblock state
08-06 16:53:19.559 14191 14606 W WakelockManagerService: uid: 10120 is unblock state
08-06 16:53:19.559 14191 14606 W WakelockManagerService: uid: 10121 is unblock state
08-06 16:53:19.560 14191 14606 W WakelockManagerService: uid: 10122 is unblock state
08-06 16:53:19.560 14191 14606 W WakelockManagerService: uid: 10123 is unblock state
08-06 16:53:19.560 14191 14606 W WakelockManagerService: uid: 10124 is unblock state
08-06 16:53:19.560 14191 14606 W WakelockManagerService: uid: 10125 is unblock state
08-06 16:53:19.560 14191 14606 W WakelockManagerService: uid: 10126 is unblock state
08-06 16:53:19.560 14191 14606 W WakelockManagerService: uid: 10127 is unblock state
08-06 16:53:19.560 14191 14606 W WakelockManagerService: uid: 10128 is unblock state
08-06 16:53:19.560 14191 14606 W WakelockManagerService: uid: 10129 is unblock state
08-06 16:53:19.560 14191 14606 W WakelockManagerService: uid: 10130 is unblock state
08-06 16:53:19.560 14191 14606 W WakelockManagerService: uid: 10131 is unblock state
08-06 16:53:19.560 14191 14606 W WakelockManagerService: uid: 10132 is unblock state
08-06 16:53:19.560 14191 14606 W WakelockManagerService: uid: 10134 is unblock state
08-06 16:53:19.560 14191 14606 W WakelockManagerService: uid: 10135 is unblock state
08-06 16:53:19.560 14191 14606 W WakelockManagerService: uid: 10136 is unblock state
08-06 16:53:19.560 14191 14606 W WakelockManagerService: uid: 10137 is unblock state
08-06 16:53:19.560 14191 14606 W WakelockManagerService: uid: 10138 is unblock state
08-06 16:53:19.560 14191 14606 W WakelockManagerService: uid: 10139 is unblock state
08-06 16:53:19.560 14191 14606 W WakelockManagerService: uid: 10140 is unblock state
08-06 16:53:19.560 14191 14606 W WakelockManagerService: uid: 10141 is unblock state
08-06 16:53:19.560 14191 14606 W WakelockManagerService: uid: 10142 is unblock state
08-06 16:53:19.560 14191 14606 W WakelockManagerService: uid: 10143 is unblock state
08-06 16:53:19.560 14191 14606 W WakelockManagerService: uid: 10144 is unblock state
08-06 16:53:19.560 14191 14606 W WakelockManagerService: uid: 10145 is unblock state
08-06 16:53:19.560 14191 14606 W WakelockManagerService: uid: 10146 is unblock state
08-06 16:53:19.560 14191 14606 W WakelockManagerService: uid: 10147 is unblock state
08-06 16:53:19.560 14191 14606 W WakelockManagerService: uid: 10148 is unblock state
08-06 16:53:19.560 14191 14606 W WakelockManagerService: uid: 10149 is unblock state
08-06 16:53:19.560 14191 14606 W WakelockManagerService: uid: 10150 is unblock state
08-06 16:53:19.560 14191 14606 W WakelockManagerService: uid: 10151 is unblock state
08-06 16:53:19.560 14191 14606 W WakelockManagerService: uid: 10152 is unblock state
08-06 16:53:19.560 14191 14606 W WakelockManagerService: uid: 10153 is unblock state
08-06 16:53:19.560 14191 14606 W WakelockManagerService: uid: 10154 is unblock state
08-06 16:53:19.560 14191 14606 W WakelockManagerService: uid: 10155 is unblock state
08-06 16:53:19.560 14191 14606 W WakelockManagerService: uid: 10156 is unblock state
08-06 16:53:19.560 14191 14606 W WakelockManagerService: uid: 10157 is unblock state
08-06 16:53:19.560 14191 14606 W WakelockManagerService: uid: 10158 is unblock state
08-06 16:53:19.560 14191 14606 W WakelockManagerService: uid: 10159 is unblock state
08-06 16:53:19.560 14191 14606 W WakelockManagerService: uid: 10160 is unblock state
08-06 16:53:19.560 14191 14606 W WakelockManagerService: uid: 10161 is unblock state
08-06 16:53:19.560 14191 14606 W WakelockManagerService: uid: 10162 is unblock state
08-06 16:53:19.560 14191 14606 W WakelockManagerService: uid: 10163 is unblock state
08-06 16:53:19.560 14191 14606 W WakelockManagerService: uid: 10164 is unblock state
08-06 16:53:19.560 14191 14606 W WakelockManagerService: uid: 10165 is unblock state
08-06 16:53:19.560 14191 14606 W WakelockManagerService: uid: 10166 is unblock state
08-06 16:53:19.560 14191 14606 W WakelockManagerService: uid: 10167 is unblock state
08-06 16:53:19.560 14191 14606 W WakelockManagerService: uid: 10168 is unblock state
08-06 16:53:19.560 14191 14606 W WakelockManagerService: uid: 10169 is unblock state
08-06 16:53:19.560 14191 14606 W WakelockManagerService: uid: 10170 is unblock state
08-06 16:53:19.560 14191 14606 W WakelockManagerService: uid: 10171 is unblock state
08-06 16:53:19.560 14191 14606 W WakelockManagerService: uid: 10172 is unblock state
08-06 16:53:19.560 14191 14606 W WakelockManagerService: uid: 10173 is unblock state
08-06 16:53:19.560 14191 14606 W WakelockManagerService: uid: 10174 is unblock state
08-06 16:53:19.560 14191 14606 W WakelockManagerService: uid: 10175 is unblock state
08-06 16:53:19.560 14191 14606 W WakelockManagerService: uid: 10176 is unblock state
08-06 16:53:19.560 14191 14606 W WakelockManagerService: uid: 10177 is unblock state
08-06 16:53:19.560 14191 14606 W WakelockManagerService: uid: 10178 is unblock state
08-06 16:53:19.560 14191 14606 W WakelockManagerService: uid: 10179 is unblock state
08-06 16:53:19.560 14191 14606 W WakelockManagerService: uid: 10180 is unblock state
08-06 16:53:19.560 14191 14606 W WakelockManagerService: uid: 10181 is unblock state
08-06 16:53:19.560 14191 14606 W WakelockManagerService: uid: 10182 is unblock state
08-06 16:53:19.560 14191 14606 W WakelockManagerService: uid: 10183 is unblock state
08-06 16:53:19.560 14191 14606 W WakelockManagerService: uid: 10184 is unblock state
08-06 16:53:19.560 14191 14606 W WakelockManagerService: uid: 10185 is unblock state
08-06 16:53:19.560 14191 14606 W WakelockManagerService: uid: 10186 is unblock state
08-06 16:53:19.560 14191 14606 W WakelockManagerService: uid: 10187 is unblock state
08-06 16:53:19.560 14191 14606 W WakelockManagerService: uid: 10188 is unblock state
08-06 16:53:19.560 14191 14606 W WakelockManagerService: uid: 10189 is unblock state
08-06 16:53:19.560 14191 14606 W WakelockManagerService: uid: 10190 is unblock state
