08-06 16:53:14.656  2474 10069 W ParceledListSlice: Element #59 is 19684 bytes.
08-06 16:53:14.657  2474 10069 W ParceledListSlice: Element #60 is 19692 bytes.
08-06 16:53:14.657  2474 10069 W ParceledListSlice: Element #61 is 19668 bytes.
08-06 16:53:14.657  2474 10069 W ParceledListSlice: Element #62 is 19680 bytes.
08-06 16:53:14.657  7505  9889 I PermissionControllerServiceImpl: Updating user sensitive for uid 10266
08-06 16:53:14.657  2474  2641 W ParceledListSlice: Element #63 is 19672 bytes.
08-06 16:53:14.657  2474  2641 W ParceledListSlice: Element #64 is 29724 bytes.
08-06 16:53:14.657  2474  2641 W ParceledListSlice: Element #65 is 29744 bytes.
08-06 16:53:14.658  2474 10058 W ParceledListSlice: Element #66 is 29736 bytes.
08-06 16:53:14.658  7856  8879 E PhoneAdapter: get ntnphones failed, exception: java.lang.IllegalStateException: Default phones haven't been made yet!
08-06 16:53:14.659  2474 10058 W ParceledListSlice: Element #8 is 20788 bytes.
08-06 16:53:14.659  2474 10058 W ParceledListSlice: Element #9 is 20768 bytes.
08-06 16:53:14.660  7856  8405 E SmsApplication: com.android.mms lost android:read_cell_broadcasts:  (fixing)
08-06 16:53:14.661  2474  2641 W AppOpService: Ignored setUidMode call for runtime permission app op: uid = 10141, code = READ_CELL_BROADCASTS, mode = allow, callingUid = 1001, oldMode = allow
08-06 16:53:14.662 13053 13053 E RegisteredServicesCache: Skipping application component ComponentInfo{com.UCMobile/com.alibaba.ariver.commonability.device.jsapi.nfc.service.TinyAppHostApduService}: it must request the permission android.permission.NFC
08-06 16:53:14.663 13053 13053 E RegisteredServicesCache: Skipping application component ComponentInfo{com.UCMobile/com.alipay.mobile.aompdevice.nfc.service.TinyAppHostApduService}: it must request the permission android.permission.NFC
08-06 16:53:14.663 13053 13053 E RegisteredServicesCache: Skipping application component ComponentInfo{com.autonavi.minimap/com.alibaba.ariver.commonability.device.jsapi.nfc.service.TinyAppHostApduService}: it must request the permission android.permission.NFC
08-06 16:53:14.663 13053 13053 E RegisteredServicesCache: Skipping application component ComponentInfo{com.autonavi.minimap/com.alipay.mobile.aompdevice.nfc.service.TinyAppHostApduService}: it must request the permission android.permission.NFC
08-06 16:53:14.665 13053 13053 I RegisteredServicesCache: current user: 0, is managed profile : false
08-06 16:53:14.666  2474  8336 W AppOpService: Ignored setUidMode call for runtime permission app op: uid = 1001, code = READ_SMS, mode = allow, callingUid = 1001, oldMode = allow
08-06 16:53:14.666  2474 10068 W AppOpService: Ignored setUidMode call for runtime permission app op: uid = 1001, code = RECEIVE_SMS, mode = allow, callingUid = 1001, oldMode = allow
08-06 16:53:14.667 17757 17991 I Ad      : isPersonalizedAdEnabled getAdSettings: 1
08-06 16:53:14.667  2474 10068 W AppOpService: Ignored setUidMode call for runtime permission app op: uid = 1001, code = RECEIVE_WAP_PUSH, mode = allow, callingUid = 1001, oldMode = allow
08-06 16:53:14.667 13053 13053 I RegisteredAidCache: updateRoutingLocked(false): Enter
08-06 16:53:14.667 13053 13053 I AidRoutingManager: configureRouting(false): Enter
08-06 16:53:14.667 13053 13053 E AidRoutingManager: Size of routing table970
08-06 16:53:14.667 13053 13053 I RegisteredAidCache: updateRoutingLocked(false): exit
08-06 16:53:14.667  2474 10068 W AppOpService: Ignored setUidMode call for runtime permission app op: uid = 1001, code = SEND_SMS, mode = allow, callingUid = 1001, oldMode = allow
08-06 16:53:14.667  2474  2641 W AppOpService: Ignored setUidMode call for runtime permission app op: uid = 1001, code = READ_CELL_BROADCASTS, mode = allow, callingUid = 1001, oldMode = allow
08-06 16:53:14.668 13053 13053 I libnfc_nci: [INFO:NativeT4tNfcee.cpp(870)] nfcManager_isFwSupportNonStdT4TAid Enter isFwSupport = 1
08-06 16:53:14.668 13053 13053 I libnfc_nci: [INFO:SecureElement.cpp(1487)] SecureElement::getEseHandleFromGenericId: enter; ESE-ID = 0x7F
08-06 16:53:14.668 13053 13053 I libnfc_nci: [INFO:SecureElement.cpp(1528)] SecureElement::getEseHandleFromGenericId: enter; ESE-Handle = 0x410
08-06 16:53:14.668 13053 13053 I libnfc_nci: [INFO:SecureElement.cpp(1487)] SecureElement::getEseHandleFromGenericId: enter; ESE-ID = 0x00
08-06 16:53:14.668 13053 13053 I libnfc_nci: [INFO:SecureElement.cpp(1528)] SecureElement::getEseHandleFromGenericId: enter; ESE-Handle = 0x400
08-06 16:53:14.669  7800 24718 I SecureElement-Terminal-eSE1: isSecureElementPresent()
08-06 16:53:14.670  1774  1774 I android.hardware.secure_element-service.qti: isCardPresent
08-06 16:53:14.670  1774  1774 I android.hardware.secure_element-service.qti: isCardPresent exit, cardPresent: 1
08-06 16:53:14.671  2474 10069 W ParceledListSlice: Element #273 is 21068 bytes.
08-06 16:53:14.671  7800 24718 I SecureElement-Terminal-SIM1: isSecureElementPresent()
08-06 16:53:14.671  2474 10069 W ParceledListSlice: Element #274 is 21048 bytes.
08-06 16:53:14.671  2474 10069 W ParceledListSlice: Element #275 is 21056 bytes.
08-06 16:53:14.672  2474 10069 W ParceledListSlice: Element #276 is 21036 bytes.
08-06 16:53:14.672  2474 10069 W ParceledListSlice: Element #277 is 21084 bytes.
08-06 16:53:14.672  2474 10069 W ParceledListSlice: Overly large reply size: 84248
08-06 16:53:14.672  2474 10069 W ParceledListSlice: Element #278 is 21084 bytes.
08-06 16:53:14.672  7800 24718 I SecureElement-Terminal-SIM1: isNfcEventAllowed: No access rules for checking.
08-06 16:53:14.672  2474 10069 W ParceledListSlice: Element #279 is 21096 bytes.
08-06 16:53:14.672  2474 10069 W ParceledListSlice: Element #280 is 21084 bytes.
08-06 16:53:14.672  2474 10069 W ParceledListSlice: Element #281 is 21084 bytes.
08-06 16:53:14.672  2474 10069 W ParceledListSlice: Overly large reply size: 84372
08-06 16:53:14.672  7800 24718 I SecureElement-Terminal-SIM2: isSecureElementPresent()
08-06 16:53:14.672  2474 10069 W ParceledListSlice: Element #282 is 21104 bytes.
08-06 16:53:14.673  2474 10069 W ParceledListSlice: Element #283 is 21092 bytes.
08-06 16:53:14.673  2474 10069 W ParceledListSlice: Element #284 is 21080 bytes.
08-06 16:53:14.685 13430 14006 I RuntimePermissionManager: isRuntimeRequestSupport: true
08-06 16:53:14.685 13430 14006 I InstalledPackagesMemoryCache: getInstallPermissionGranted=true
08-06 16:53:14.685  2474  2664 W EnhancedConfirmationService: The packageName should not be null.
08-06 16:53:14.686  2474  2664 W MagnificationConnectionManager: requestConnection duplicated request: connect=false, mConnectionState=DISCONNECTED
08-06 16:53:14.699  3086  3086 I adbd    : in ShellService: dumpsys input
08-06 16:53:14.718 10308 19301 E PackageUtil: getPackageInfoAsUser failed com.subaru.telematics.app.remote , 999
08-06 16:53:14.719 10308 19301 E PermissionManagerProvider:  getPackageInfo is null packageName : com.subaru.telematics.app.remote
08-06 16:53:14.724 10308 19301 E PackageUtil: getPackageInfoAsUser failed io.github.ylimit.droidbotapp , 999
08-06 16:53:14.771  3086  3086 I adbd    : in ShellService: getprop ro.sf.lcd_density
08-06 16:53:14.855  3086  3086 I adbd    : in ShellService: input keyevent MENU
08-06 16:53:14.898  2474  8755 W MIUIInput: Input event injection from package: null action ACTION_DOWN keycode 82
08-06 16:53:14.898  2474  8755 W MiuiInputKeyEventLog: keyCode:82 down:true eventTime:7844035 downTime:7844035 policyFlags:2b000000 flags:0 metaState:0 deviceId:-1 isScreenOn:true keyguardActive:false repeatCount:0
08-06 16:53:14.900  2036  2036 E DisplayModeController: setDesiredMode : Idle status skip setActiveMode, isDdicIdleMode: 1
08-06 16:53:14.900  2474  4371 I InputFeature: supportXiaomiHyperXiaoAi is true
08-06 16:53:14.900  2474  4371 I InputFeature: supportXiaomiHyperXiaoAiScreenRecognition support
08-06 16:53:14.900  2474  4371 I InputFeature: supportBlockCombinationKey com.miui.home version: 3
08-06 16:53:14.900  2474  4371 I MiuiInputKeyEventLog: is show menu
08-06 16:53:14.901  2474  4371 I MIUIInput: [KeyEvent] publisher action:0x0,  keyCode:82 , deviceId=-1, 7844035,channel '79e08af com.miui.home/com.miui.home.launcher.Launcher (server)' 
08-06 16:53:14.902  7458  7458 I MIUIInput: [KeyEvent] ViewRootImpl windowName 'com.miui.home/com.miui.home.launcher.Launcher', KeyEvent { action=ACTION_DOWN, keyCode=KEYCODE_MENU, scanCode=0, metaState=0, flags=0x0, repeatCount=0, eventTime=7844035000000, downTime=7844035000000, deviceId=-1, source=0x0, displayId=-1 }, phoneEventTime=16:53:14.897
08-06 16:53:14.904  2474  8755 W MIUIInput: Input event injection from package: null action ACTION_UP keycode 82
08-06 16:53:14.904  2474  8755 W MiuiInputKeyEventLog: keyCode:82 down:false eventTime:7844041 downTime:7844035 policyFlags:2b000000 flags:0 metaState:0 deviceId:-1 isScreenOn:true keyguardActive:false repeatCount:0
08-06 16:53:14.905  2474  4371 I InputFeature: supportXiaomiHyperXiaoAi is true
08-06 16:53:14.905  2474  4371 I InputFeature: supportXiaomiHyperXiaoAiScreenRecognition support
08-06 16:53:14.905  2474  4371 I InputFeature: supportBlockCombinationKey com.miui.home version: 3
08-06 16:53:14.905  2474  4371 I MiuiInputKeyEventLog: is show menu
08-06 16:53:14.905  2474  4371 I MIUIInput: [KeyEvent] publisher action:0x1,  keyCode:82 , deviceId=-1, 7844041,channel '79e08af com.miui.home/com.miui.home.launcher.Launcher (server)' 
08-06 16:53:14.906  7458  7458 I MIUIInput: [KeyEvent] ViewRootImpl windowName 'com.miui.home/com.miui.home.launcher.Launcher', KeyEvent { action=ACTION_UP, keyCode=KEYCODE_MENU, scanCode=0, metaState=0, flags=0x0, repeatCount=0, eventTime=7844041000000, downTime=7844035000000, deviceId=-1, source=0x0, displayId=-1 }, phoneEventTime=16:53:14.903
08-06 16:53:14.906  7458  7458 I AnimStateManager: IdleState handle event 2006
08-06 16:53:14.906  7458  7458 I AnimStateManager: CommonState handle event 2006
08-06 16:53:14.908  7497  8404 I MiuiWallpaper-MiuiWallpaperManagerService: isMiuiWallpaperComponentUsing: true
08-06 16:53:14.908  1843  1843 I SDM     : HWCDisplay::SetActiveConfigWithConstraints: display:66-0, config: 3, WxH 1200x2670, fps 120
08-06 16:53:14.909  7497  8404 I MiuiWallpaper-MiuiWallpaperManagerService: isMiuiWallpaperComponentUsing: true
08-06 16:53:14.909  1843  1843 W SDM     : HWDeviceDRM::GetSupportedBitClkRate: Requested rate not supported: 1150000000
08-06 16:53:14.909  1843  1843 I SDM     : HWDeviceDRM::UpdateMixerAttributes: Mixer WxH 1200x2670-1 for Peripheral
08-06 16:53:14.909  1843  1843 I SDM     : HWCDisplay::SubmitDisplayConfig: Active configuration changed from config 1 to 3
08-06 16:53:14.909  1843  1843 I SDM     : HWCDisplay::SubmitDisplayConfig: Active WxH 1200x2670 ,ddic_mode:auto, timing_fps: 120, sf_fps: 120
08-06 16:53:14.909  7458  8091 I HapticFeedbackUtil: rtp:216
08-06 16:53:14.910  7497  8404 I MiuiWallpaper-MiuiWallpaperManagerService: isMiuiWallpaperComponentUsing: true
08-06 16:53:14.915  1843  3496 I vendor.qti.hardware.display.composer-service: Sensor: notify citsensorservice to trigger cwb, misForced = 0
08-06 16:53:14.916  3050  4554 I libsensor-parseRGB: request dump start for mRequestDisplayId 0
08-06 16:53:14.920  7458  7458 W PreviewDisappear: set, applyTo for info: com.miui.home.launcher.graphics.DrawableInfo@f70275d, with icon: null
08-06 16:53:14.922  1775  1775 I sensors-hal: batch:141, android.sensor.accelerometer/11, period=66667000, max_latency=0
08-06 16:53:14.922  1775  1775 I sensors-hal: set_config:56, sample_period_ns is adjusted to 66667000 based on min/max delay_ns
08-06 16:53:14.922  1775  1775 I sensors-hal: batch:150, android.sensor.accelerometer/11, period=66667000, max_latency=0 request completed
08-06 16:53:14.922  1775  1775 E sensors-hal: flush:166, invalid flush request, active=0, oneshot=0
08-06 16:53:14.923  2474  2817 I SensorAccount: App register sensor to track it noWakeupSensor_10138_0x100000b
08-06 16:53:14.923  2474  8820 I SensorService: 	>>> actuating h/w activate handle=0x100000b enabled=1
08-06 16:53:14.923  1775  1775 I sensors-hal: activate:108, android.sensor.accelerometer/11 en=1
08-06 16:53:14.923  1775  1775 I sensors-hal: acquire_qsh_interface:121, acquire_qsh_interface with sensor_id 104 , conn_type 2 
08-06 16:53:14.925  1739  1812 I minksocket: MinkIPC MESSAGE: ( 1739:1812 ) MinkIPC_QRTR_Service:351 minkipc = 0xb4000076c18ba7f0 sock = 19, client with node 1 port 5564 went down
08-06 16:53:14.925  1739  1832 I minksocket: MinkIPC MESSAGE: ( 1739:1832 ) MinkIPC_QRTR_Service:351 minkipc = 0xb4000076c18baed0 sock = 35, client with node 1 port 5564 went down
08-06 16:53:14.925  1739  1832 I minksocket: MinkIPC MESSAGE: ( 1739:1832 ) MinkIPC_QRTR_Service:351 minkipc = 0xb4000076c18baed0 sock = 35, client with node 1 port 5565 went down
08-06 16:53:14.925  1739  1812 I minksocket: MinkIPC MESSAGE: ( 1739:1812 ) MinkIPC_QRTR_Service:351 minkipc = 0xb4000076c18ba7f0 sock = 19, client with node 1 port 5565 went down
08-06 16:53:14.927  1739  1832 I minksocket: MinkIPC MESSAGE: ( 1739:1832 ) MinkIPC_QRTR_Service:351 minkipc = 0xb4000076c18baed0 sock = 35, client with node 1 port 5566 went down
08-06 16:53:14.927  1739  1812 I minksocket: MinkIPC MESSAGE: ( 1739:1812 ) MinkIPC_QRTR_Service:351 minkipc = 0xb4000076c18ba7f0 sock = 19, client with node 1 port 5566 went down
08-06 16:53:14.927  1775  1775 I sensors-hal: qsh_qmi:35, qsh_qmi
08-06 16:53:14.927  1775  1775 I sensors-hal: register_cb:314, suid(low=11115320498015681092,high=2286538866409242278) is new. register callbacks
08-06 16:53:14.928  1775  1775 I sensors-hal: send_sensor_config_request:626, resampler is used, set resampler config
08-06 16:53:14.928  1775  1775 I sensors-hal: send_sync_sensor_request:531, send sync request
08-06 16:53:14.928  1775  1775 I sensors-hal: send_sync_sensor_request:541, send_sync_sensor_request before send_request for accel with SUID low=11115320498015681092 high=2286538866409242278
08-06 16:53:14.928  1775  1775 I sensors-hal: send_sync_sensor_request:560, wait for notification of response
08-06 16:53:14.929  1739  1832 I minksocket: MinkIPC MESSAGE: ( 1739:1832 ) MinkIPC_QRTR_Service:351 minkipc = 0xb4000076c18baed0 sock = 35, client with node 1 port 5567 went down
08-06 16:53:14.929  1739  1812 I minksocket: MinkIPC MESSAGE: ( 1739:1812 ) MinkIPC_QRTR_Service:351 minkipc = 0xb4000076c18ba7f0 sock = 19, client with node 1 port 5567 went down
08-06 16:53:14.930  1775  3967 I sensors-hal: qsh_conn_resp_cb:886, resp_value = 0 for accel 
08-06 16:53:14.930  1775  1775 I sensors-hal: send_sync_sensor_request:566, takes 2 ms to receive the response with 0
08-06 16:53:14.930  1775  1775 I sensors-hal: activate:119, android.sensor.accelerometer/11 en=1 completed
08-06 16:53:14.931  7458  8091 E Launcher: mFsGestureStatusRefreshRunnable:run usingFsGesture=true   show=true   focus=true   pause=false
08-06 16:53:14.937  7458  7458 W RecentsImpl: updateFsgWindowVisibilityState origin isEnter=true, typeFrom=typefrom_home
08-06 16:53:14.938  7458  8091 W RecentsImpl: updateFsgWindowVisibilityStateInBgThread, isEnter=true, typeFrom=typefrom_home, isOpen=true, isKeyguardLocked=false, mIsInAnotherPro=false, isStatusBarExpansion=false
08-06 16:53:14.938  7458  7458 W ScreenView_Workspace: updateChildStaticTransformation error,childW=0.0
08-06 16:53:14.939  7458  8149 W GestureStubView_Left: adaptRotation   currentRotation=0   mRotation=0
08-06 16:53:14.940  3050  4604 E libsensor-parseRGB: CWB NotifyCWBBufferDone  error 0
08-06 16:53:14.943  7458  8149 W GestureStubView_Right: adaptRotation   currentRotation=0   mRotation=0
08-06 16:53:14.973  2474  4311 I MiSensorServiceImpl: user found in check list, getPackageName  android.view.OrientationEventListener
08-06 16:53:14.973  2474  4311 I MiSensorServiceImpl: user found in check list, getPackageName  android.view.OrientationEventListener
08-06 16:53:14.975  3086  3086 I adbd    : in ShellService: input keyevent BACK
08-06 16:53:14.990  2474  2745 W BroadcastQueue: Greezer Denial: sending Intent { act=android.net.wifi.RSSI_CHANGED flg=0x4000010 (has extras) }, action: android.net.wifi.RSSI_CHANGED from android (uid=1000) due to receiver ProcessRecord{3dac57f 16379:com.kuaishou.nebula/u0a329} (uid 10329) need cached broadcast
08-06 16:53:15.018  2474 10058 W MIUIInput: Input event injection from package: null action ACTION_DOWN keycode 4
08-06 16:53:15.018  2474 10058 W MiuiInputKeyEventLog: keyCode:4 down:true eventTime:7844155 downTime:7844155 policyFlags:2b000000 flags:0 metaState:0 deviceId:-1 isScreenOn:true keyguardActive:false repeatCount:0
08-06 16:53:15.019  2474  2680 W ActivityManagerServiceImpl: Sending non-protected broadcast miui.intent.KEYCODE_BACK from system 2474:system/1000 pkg android. Callers=com.android.server.am.ActivityManagerService.checkBroadcastFromSystem:16255 com.android.server.am.ActivityManagerService.broadcastIntentLockedTraced:17126 com.android.server.am.ActivityManagerService.broadcastIntentLocked:16315 com.android.server.am.ActivityManagerService.broadcastIntentWithFeature:17337 android.app.ContextImpl.sendBroadcastAsUser:1495 
08-06 16:53:15.020  2474  4371 I MIUIInput: [KeyEvent] publisher action:0x0,  keyCode:4 , deviceId=-1, 7844155,channel '79e08af com.miui.home/com.miui.home.launcher.Launcher (server)' 
08-06 16:53:15.021  7458  7458 I MIUIInput: [KeyEvent] ViewRootImpl windowName 'com.miui.home/com.miui.home.launcher.Launcher', KeyEvent { action=ACTION_DOWN, keyCode=KEYCODE_BACK, scanCode=0, metaState=0, flags=0x0, repeatCount=0, eventTime=7844155000000, downTime=7844155000000, deviceId=-1, source=0x0, displayId=-1 }, phoneEventTime=16:53:15.018
08-06 16:53:15.031  2474  4311 I MiSensorServiceImpl: user found in check list, getPackageName  android.view.OrientationEventListener
08-06 16:53:15.031  2474  4311 I MiSensorServiceImpl: user found in check list, getPackageName  android.view.OrientationEventListener
08-06 16:53:15.033  2474  7382 I SmartPower: com.google.android.gms.unstable/10130(16438): background->idle(3002ms) R(alarm start) adj=250.
08-06 16:53:15.033  2474  7382 I SmartPower: com.google.android.gms.ui/10130(23893): background->idle(3001ms) R(alarm start) adj=800.
08-06 16:53:15.033  2474  7382 I SmartPower: com.google.android.gms/10130(7177): background->idle(4916ms) R(alarm start) adj=250.
08-06 16:53:15.057  2474 10058 W MIUIInput: Input event injection from package: null action ACTION_UP keycode 4
08-06 16:53:15.058  2474 10058 W MiuiInputKeyEventLog: keyCode:4 down:false eventTime:7844194 downTime:7844155 policyFlags:2b000000 flags:0 metaState:0 deviceId:-1 isScreenOn:true keyguardActive:false repeatCount:0
08-06 16:53:15.060  2474  2680 W ActivityManagerServiceImpl: Sending non-protected broadcast miui.intent.KEYCODE_BACK from system 2474:system/1000 pkg android. Callers=com.android.server.am.ActivityManagerService.checkBroadcastFromSystem:16255 com.android.server.am.ActivityManagerService.broadcastIntentLockedTraced:17126 com.android.server.am.ActivityManagerService.broadcastIntentLocked:16315 com.android.server.am.ActivityManagerService.broadcastIntentWithFeature:17337 android.app.ContextImpl.sendBroadcastAsUser:1495 
08-06 16:53:15.064  2474  4371 I MIUIInput: [KeyEvent] publisher action:0x1,  keyCode:4 , deviceId=-1, 7844194,channel '79e08af com.miui.home/com.miui.home.launcher.Launcher (server)' 
08-06 16:53:15.064  7458  7458 I MIUIInput: [KeyEvent] ViewRootImpl windowName 'com.miui.home/com.miui.home.launcher.Launcher', KeyEvent { action=ACTION_UP, keyCode=KEYCODE_BACK, scanCode=0, metaState=0, flags=0x0, repeatCount=0, eventTime=7844194000000, downTime=7844155000000, deviceId=-1, source=0x0, displayId=-1 }, phoneEventTime=16:53:15.057
08-06 16:53:15.082  7458  7458 W MIUIInput: Back key is intercepted by the app
08-06 16:53:15.083  2474  8755 I SensorService: 	>>> actuating h/w activate handle=0x100000b enabled=0
08-06 16:53:15.084  1775  1775 I sensors-hal: activate:108, android.sensor.accelerometer/11 en=0
08-06 16:53:15.084  1775  1775 I sensors-hal: send_sync_sensor_request:531, send sync request
08-06 16:53:15.084  1775  1775 I sensors-hal: send_sync_sensor_request:541, send_sync_sensor_request before send_request for accel with SUID low=11115320498015681092 high=2286538866409242278
08-06 16:53:15.084  1775  1775 I sensors-hal: send_sync_sensor_request:560, wait for notification of response
08-06 16:53:15.085  1775  3967 I sensors-hal: qsh_conn_resp_cb:886, resp_value = 0 for accel 
08-06 16:53:15.086  1775  1775 I sensors-hal: send_sync_sensor_request:566, takes 1 ms to receive the response with 0
08-06 16:53:15.087  1739  1812 I minksocket: MinkIPC MESSAGE: ( 1739:1812 ) MinkIPC_QRTR_Service:351 minkipc = 0xb4000076c18ba7f0 sock = 19, client with node 1 port 5568 went down
08-06 16:53:15.087  1739  1832 I minksocket: MinkIPC MESSAGE: ( 1739:1832 ) MinkIPC_QRTR_Service:351 minkipc = 0xb4000076c18baed0 sock = 35, client with node 1 port 5568 went down
08-06 16:53:15.087  1775  1775 I sensors-hal: ~qsh_qmi:62, ~qsh_qmi
08-06 16:53:15.087  1775  1775 I sensors-hal: activate:119, android.sensor.accelerometer/11 en=0 completed
08-06 16:53:15.087  2474  2817 I SensorAccount: App unregister sensor noWakeupSensor_10138_0x100000b
08-06 16:53:15.088  7458  8091 E Launcher: mFsGestureStatusRefreshRunnable:run usingFsGesture=true   show=true   focus=true   pause=false
08-06 16:53:15.099  7458  7458 W RecentsImpl: updateFsgWindowVisibilityState origin isEnter=false, typeFrom=typefrom_home
08-06 16:53:15.101  7458  8091 W RecentsImpl: updateFsgWindowVisibilityStateInBgThread, isEnter=false, typeFrom=typefrom_home, isOpen=true, isKeyguardLocked=false, mIsInAnotherPro=false, isStatusBarExpansion=false
08-06 16:53:15.101  7458  8091 W RecentsImpl: getTopActivity from observer.   cn=ComponentInfo{com.miui.home/com.miui.home.launcher.Launcher}
08-06 16:53:15.116  1843  3496 I vendor.qti.hardware.display.composer-service: Sensor: notify citsensorservice to trigger cwb, misForced = 0
08-06 16:53:15.116  3050  4554 I libsensor-parseRGB: request dump start for mRequestDisplayId 0
08-06 16:53:15.140  3050  3078 E libsensor-parseRGB: CWB NotifyCWBBufferDone  error 0
08-06 16:53:15.144 13430 13430 I PackageInstallReceiver: action = android.intent.action.PACKAGE_CHANGED packageName = com.miui.cleanmaster
08-06 16:53:15.144 13430 13430 W InstalledPackagesMemoryCache: Unknown action: android.intent.action.PACKAGE_CHANGED
08-06 16:53:15.144 13430 13430 I ServiceDeliveryCapability: onAppChanged:com.miui.cleanmaster action:android.intent.action.PACKAGE_CHANGED
08-06 16:53:15.145 13430 13430 I AppWidgetDelegate: updateAppWidgets for com.miui.cleanmaster
08-06 16:53:15.145 13430 13430 I WidgetController: WidgetController.updateOrRemoveStackWhenPackageChanged: packageName com.miui.cleanmaster
08-06 16:53:15.145 13430 13430 I WidgetBackgroundBlurManager: onAppChanged appPackageName : com.miui.cleanmaster
08-06 16:53:15.146 13430 14162 I AppWidgetDelegate: removeAllWidgets com.android.calendar.widget.NearEventAppWidget
08-06 16:53:15.146 13430 14162 I AppWidgetDelegate: removeAllWidgets com.xiaomi.misettings.usagestats.widget.desktop.widget.SimpleUsageStatsWidget
08-06 16:53:15.151  3086  3086 I adbd    : in ShellService: ps
08-06 16:53:15.191  3086  3086 I adbd    : in ShellService: pm list packages -f
08-06 16:53:15.225  2474  7611 I SensorAccount: ExecutionCapabilityChanged  pkgName:com.miui.home  canAfford:true mCurrentForegroundUid:10138
08-06 16:53:15.276  9497  9497 I abb     : StartCommandInProcess(73657474696e67730067657400676c6f settings.get.glo [truncated])
08-06 16:53:15.277  3086  3086 I adbd    : in ShellService: pm list packages -f
08-06 16:53:15.276  2474  2474 W binder:2474_18: type=1400 audit(0.0:14104): avc:  denied  { getopt } for  scontext=u:r:system_server:s0 tcontext=u:r:shell:s0 tclass=unix_stream_socket permissive=0
08-06 16:53:15.276  2474  2474 W binder:2474_18: type=1400 audit(0.0:14105): avc:  denied  { getopt } for  scontext=u:r:system_server:s0 tcontext=u:r:shell:s0 tclass=unix_stream_socket permissive=0
08-06 16:53:15.276  2474  2474 W binder:2474_18: type=1400 audit(0.0:14106): avc:  denied  { getopt } for  scontext=u:r:system_server:s0 tcontext=u:r:shell:s0 tclass=unix_stream_socket permissive=0
08-06 16:53:15.296  9497  9497 I abb     : StartCommandInProcess(7061636b61676500696e7374616c6c00 package.install. [truncated])
08-06 16:53:15.307  2474 10068 I InstallationTiming: beginInstall_sessionId: 417361558
08-06 16:53:15.324  1843  3496 I vendor.qti.hardware.display.composer-service: Sensor: notify citsensorservice to trigger cwb, misForced = 0
08-06 16:53:15.324  3050  4554 I libsensor-parseRGB: request dump start for mRequestDisplayId 0
08-06 16:53:15.347  3050  4604 E libsensor-parseRGB: CWB NotifyCWBBufferDone  error 0
08-06 16:53:15.468  1850  9931 E ANDR-PERF-LM: SAGT_ACTION: UpdateFPSData() 138: update /sys/kernel/sched_penalty/parameters/fps to 60, ret is 0
08-06 16:53:15.524  2474  2664 I ThermalObserver: Temperature control has been released.
08-06 16:53:15.532  1843  3496 I vendor.qti.hardware.display.composer-service: Sensor: notify citsensorservice to trigger cwb, misForced = 0
08-06 16:53:15.532  3050  4554 I libsensor-parseRGB: request dump start for mRequestDisplayId 0
08-06 16:53:15.555  3050  3078 E libsensor-parseRGB: CWB NotifyCWBBufferDone  error 0
08-06 16:53:15.740  1843  3496 I vendor.qti.hardware.display.composer-service: Sensor: notify citsensorservice to trigger cwb, misForced = 0
08-06 16:53:15.740  3050  4554 I libsensor-parseRGB: request dump start for mRequestDisplayId 0
08-06 16:53:15.763  3050  3078 E libsensor-parseRGB: CWB NotifyCWBBufferDone  error 0
08-06 16:53:15.869  1850  9931 E ANDR-PERF-LM: SAGT_ACTION: UpdateFPSData() 138: update /sys/kernel/sched_penalty/parameters/fps to 120, ret is 0
08-06 16:53:15.870  1850  9931 E ANDR-PERF-LM: SAGT_ACTION: updateAutoPenatly() 161: recovery auto penatly gamefps 120.000000, measured fps is 119.500000, gap is 0.500000 
08-06 16:53:15.885  2474  8755 I SsruManagerImpl: canResourceBudgetManagerInternal.OperateAccountLocked is com.android.server.ssru.LocationAccount@206983f, locationState is LocationState{mUid=1001, mPackageName='com.android.phone', mListenerId=com.xiaomi.internal.telephony.MELocation$$ExternalSyntheticLambda0@217068815, mLocationProvider = gps, mAttributionTag = null}
08-06 16:53:15.885  2474  8755 I GnssSsruImpl: 10017856gpscom.xiaomi.internal.telephony.MELocation$$ExternalSyntheticLambda0@217068815 onRegister canAffordExpeditedBill...
08-06 16:53:15.886  2474  8755 I GnssSsruImpl: StartTrackingLocation:10017856gpscom.xiaomi.internal.telephony.MELocation$$ExternalSyntheticLambda0@217068815
08-06 16:53:15.886  1843  2051 I SDM     : DisplayBase::CommitThread: Received idle timeout, panel: cmd, timeout: 70000 us
08-06 16:53:15.923  1843  1843 I SDM     : HWCDisplay::SetActiveConfigWithConstraints: display:66-0, config: 1, WxH 1200x2670, fps 120
08-06 16:53:15.923  1843  1843 W SDM     : HWDeviceDRM::GetSupportedBitClkRate: Requested rate not supported: 1150000000
08-06 16:53:15.923  1843  1843 I SDM     : HWDeviceDRM::UpdateMixerAttributes: Mixer WxH 1200x2670-1 for Peripheral
08-06 16:53:15.923  1843  1843 I SDM     : HWCDisplay::SubmitDisplayConfig: Active configuration changed from config 3 to 1
08-06 16:53:15.923  1843  1843 I SDM     : HWCDisplay::SubmitDisplayConfig: Active WxH 1200x2670 ,ddic_mode:idle, timing_fps: 120, sf_fps: 120
08-06 16:53:15.927  3050  4560 I libsensor-boledalgo: dbv:406,lux:201.1,cct:6112.6,hsv:-1.0,dc:0CWB R:3168.5,G:7737.4,B:4934.2Event C:13837.2,R:7790.1,G:4848.5,B:2965.9Cali C:205.4,R:75.4,G:72.7,B:34.2 
08-06 16:53:15.936  2474  7257 I MiuiNetworkPolicy: bandwidth: 32 KB/s, Max bandwidth: 11266 KB/s
08-06 16:53:16.002  1843  2051 I SDM     : DisplayBase::CommitThread: Received idle timeout, panel: cmd, timeout: 70000 us
08-06 16:53:16.081  1843  3496 I vendor.qti.hardware.display.composer-service: Sensor: notify citsensorservice to trigger cwb, misForced = 1
08-06 16:53:16.082  3050  4554 I libsensor-parseRGB: request dump start for mRequestDisplayId 0
08-06 16:53:16.104  3050 25119 E libsensor-parseRGB: CWB NotifyCWBBufferDone  error 0
08-06 16:53:16.125  2474  7382 I SmartPower: com.miui.cleanmaster/10266(17558): background->idle(3001ms) R(service create com.miui.cleanmaster/com.miui.optimizecenter.service.CleanMasterService) adj=905.
08-06 16:53:16.146  2474  7382 I SmartPower: com.android.packageinstaller/10097(18840): background->idle(3000ms) R(broadcast start Intent { act=android.intent.action.PACKAGE_ADDED dat=package: flg=0x5000010 pkg=com.android.packageinstaller (has extras) }) adj=905.
08-06 16:53:16.161  1843  2051 I SDM     : DisplayBase::CommitThread: Received idle timeout, panel: cmd, timeout: 70000 us
08-06 16:53:16.276  2474  7382 I SmartPower: com.miui.systemAdSolution/10168(17757): background->idle(3002ms) R(broadcast start Intent { act=android.intent.action.PACKAGE_ADDED dat=package: flg=0x4000010 (has extras) }) adj=100.
08-06 16:53:16.281  2474  7382 I SmartPower: com.android.browser/10134(9561): background->idle(3008ms) R(broadcast start Intent { act=miui.intent.action.PACKAGE_FIRST_LAUNCH flg=0x1000010 (has extras) }) adj=905.
08-06 16:53:16.287  3086  3086 I adbd    : in ShellService: ps
08-06 16:53:16.327  3050  4560 I libsensor-boledalgo: dbv:406,lux:200.7,cct:6164.1,hsv:-1.0,dc:0CWB R:3168.5,G:7737.4,B:4934.2Event C:13843.0,R:7775.8,G:4842.6,B:2974.8Cali C:205.4,R:75.4,G:72.7,B:34.2 
08-06 16:53:16.401 15038 20629 W lyra-mdns-core: _deal_timeout query _lyra-mdns._udp.local[0C] timeout!
08-06 16:53:16.617  2474  7382 I SmartPower: com.android.vending/10124(16543): background->idle(4573ms) R(broadcast start Intent { act=android.intent.action.PACKAGE_ADDED dat=package: flg=0x4000010 (has extras) }) adj=900.
08-06 16:53:16.618  2474  7382 I SmartPower: com.android.vending:background/10124(17245): background->idle(3003ms) R(broadcast start Intent { act=android.intent.action.PACKAGE_ADDED dat=package: flg=0x4000010 (has extras) }) adj=905.
08-06 16:53:16.635  2474  7382 I SmartPower: com.mfashiongallery.emag/10262(13472): background->idle(3007ms) R(broadcast start Intent { act=android.intent.action.PACKAGE_ADDED dat=package: flg=0x4000010 (has extras) }) adj=905.
08-06 16:53:16.635  2474  7382 I SmartPower: com.miui.voiceassist:core/10193(12995): background->idle(3008ms) R(broadcast start Intent { act=android.intent.action.PACKAGE_ADDED dat=package: flg=0x4000010 (has extras) }) adj=100.
08-06 16:53:16.635  2474  7382 I SmartPower: android.process.mediaUI/10261(15474): background->idle(3007ms) R(broadcast start Intent { act=android.intent.action.PACKAGE_ADDED dat=package: flg=0x4000010 (has extras) }) adj=905.
08-06 16:53:16.635  2474  7382 I SmartPower: android.process.acore/10083(15552): background->idle(3007ms) R(broadcast start Intent { act=android.intent.action.PACKAGE_ADDED dat=package: flg=0x4000010 (has extras) }) adj=800.
08-06 16:53:16.635  2474  7382 I SmartPower: com.xiaomi.aicr:actionprovider/10127(15738): background->idle(3007ms) R(broadcast start Intent { act=android.intent.action.PACKAGE_ADDED dat=package: flg=0x4000010 (has extras) }) adj=905.
08-06 16:53:16.636  2474  7382 I SmartPower: com.google.android.documentsui/10100(14965): background->idle(3007ms) R(broadcast start Intent { act=android.intent.action.PACKAGE_ADDED dat=package: flg=0x4000010 (has extras) }) adj=905.
08-06 16:53:16.636  2474  7382 I SmartPower: com.miui.newhome/10296(22853): background->idle(3006ms) R(broadcast start Intent { act=android.intent.action.PACKAGE_ADDED dat=package: flg=0x4000010 (has extras) }) adj=905.
08-06 16:53:16.636  2474  7382 I SmartPower: com.miui.gallery/10271(27825): background->idle(3006ms) R(broadcast start Intent { act=android.intent.action.PACKAGE_ADDED dat=package: flg=0x4000010 (has extras) }) adj=905.
08-06 16:53:16.636  2474  7382 I SmartPower: com.microsoft.emmx/10311(13465): background->idle(3006ms) R(broadcast start Intent { act=android.intent.action.PACKAGE_ADDED dat=package: flg=0x4000010 (has extras) }) adj=935.
08-06 16:53:16.636  2474  7382 I SmartPower: com.milink.service:audio/10178(18537): background->idle(3007ms) R(broadcast start Intent { act=android.intent.action.PACKAGE_ADDED dat=package: flg=0x4000010 (has extras) }) adj=100.
08-06 16:53:16.636  2474  7382 I SmartPower: com.milink.crossdeviceservice/10178(19278): background->idle(3007ms) R(broadcast start Intent { act=android.intent.action.PACKAGE_ADDED dat=package: flg=0x4000010 (has extras) }) adj=915.
08-06 16:53:16.657  2474  7382 I SmartPower: com.xiaomi.account/10169(14007): background->idle(3007ms) R(service create com.xiaomi.account/.tzservice.SecurityDeviceSignService) adj=905.
08-06 16:53:17.143  1865  1865 I vendor.qti.hardware.servicetrackeraidl-service: unbindService is called for service : com.google.android.gms/.chimera.GmsApiService and for client com.google.android.gms
08-06 16:53:17.144  2474  8755 I SmartPower: com.google.android.gms/10130(7177): idle->background(2110ms) R(service unbind com.google.android.gms/.chimera.GmsApiService) adj=250.
08-06 16:53:17.155  2474  7382 I SmartPower: com.miui.phrase/10162(24218): background->idle(3001ms) R(content provider start ContentProviderRecord{af5fdc5 u0 com.miui.phrase/com.miui.provider.InputProvider}) adj=905.
08-06 16:53:17.157  1865  1865 I vendor.qti.hardware.servicetrackeraidl-service: unbindService is called for service : com.google.android.gms/.auth.GetToken and for client com.google.android.gms
08-06 16:53:17.157  1865  1865 I vendor.qti.hardware.servicetrackeraidl-service: size of service connections for service: com.google.android.gms/.auth.GetTokenafter removal is 0
08-06 16:53:17.157  1865  1865 I vendor.qti.hardware.servicetrackeraidl-service: size of client connections for client: com.google.android.gmsafter removal is 10
08-06 16:53:17.157  1865  1865 I vendor.qti.hardware.servicetrackeraidl-service: destroyService is called for service : com.google.android.gms/.auth.GetToken
08-06 16:53:17.210  2474  7378 E HyperSentinel: -------------------------------------------------------
08-06 16:53:17.211  2474  7378 E HyperSentinel: Event_OpenFileFDSize
08-06 16:53:17.211  2474  7378 E HyperSentinel: -> audit event by proc 2474 "system_server": Fd increasement, peak, 1236 -> 1291
08-06 16:53:17.235  2474  8251 I NetworkAccelerateSwitchService: EVENT_RSSI_POLL. mRssiPoll=true
08-06 16:53:17.235  2474  8251 I NetworkAccelerateSwitchService: getAverageWifiRssi:63
08-06 16:53:17.274  2474  7257 I MiuiNetworkPolicy: getEnableLimitTimeout when thermal mode is:0
08-06 16:53:17.389  3086  3086 I adbd    : in ShellService: pm list packages -f
08-06 16:53:17.463  3086  3086 I adbd    : in ShellService: ps
08-06 16:53:17.519  2474  8186 I NetworkBoostStatusManager: handle: 102
08-06 16:53:17.519  2474  8186 I NetworkBoostStatusManager: interfaceOnCapabilitiesChanged interface name:wlan0
08-06 16:53:17.522  7856  9010 E PhoneAdapter: get ntnphones failed, exception: java.lang.IllegalStateException: Default phones haven't been made yet!
08-06 16:53:17.529  2474  7258 E WifiScoreReportInjector: current network is in roaming environment
08-06 16:53:17.530 15038 15038 I NetBusNetworkMonitor: onCapabilitiesChanged isPrimary = true
08-06 16:53:17.531 15038 15038 I NetBusNetworkMonitor: gateway=192.*.*.1
08-06 16:53:17.534 15038 15038 I NetBusNetworkMonitor: addConnectNetworkInterface mediumType:256, detail:NetworkDetailInfo{mIsConnected=false, mIsSupportTdls=true, mNetworkType=0, mIpAddress=192.*.*.11, mIfName=wlan0, mGateway=192.*.*.1, mNetmask=255.*.*.0, mSsid=C**01}
08-06 16:53:17.535 15038 15038 I NetBusNetworkMonitor: onCapabilitiesChanged handle=445787328525, mediumType=256, ifName=wlan0
08-06 16:53:17.552  1843  3496 I vendor.qti.hardware.display.composer-service: Sensor: notify citsensorservice to trigger cwb, misForced = 0
08-06 16:53:17.552  3050  4554 I libsensor-parseRGB: request dump start for mRequestDisplayId 0
08-06 16:53:17.561  3377  3433 W mit.droidbotapp: Cleared Reference was only reachable from finalizer (only reported once)
08-06 16:53:17.570  3377  3433 I mit.droidbotapp: This is non sticky GC, maxfree is 16777216 minfree is 8388608
08-06 16:53:17.583  3050  3078 E libsensor-parseRGB: CWB NotifyCWBBufferDone  error 0
08-06 16:53:17.587  2474  7378 E HyperSentinel: -------------------------------------------------------
08-06 16:53:17.587  2474  7378 E HyperSentinel: Event_ThreadAmount
08-06 16:53:17.587  2474  7378 E HyperSentinel: -> audit event by proc 3377 "io.github.ylimit.droidbotapp": running threads amount, 0 -> 26
08-06 16:53:17.639  1843  2051 I SDM     : DisplayBase::CommitThread: Received idle timeout, panel: cmd, timeout: 70000 us
08-06 16:53:17.860  2474  2474 W binder:2474_1C: type=1400 audit(0.0:14107): avc:  denied  { getopt } for  scontext=u:r:system_server:s0 tcontext=u:r:shell:s0 tclass=unix_stream_socket permissive=0
08-06 16:53:18.016  2474  2745 W BroadcastQueue: Greezer Denial: sending Intent { act=android.net.wifi.RSSI_CHANGED flg=0x4000010 (has extras) }, action: android.net.wifi.RSSI_CHANGED from android (uid=1000) due to receiver ProcessRecord{3dac57f 16379:com.kuaishou.nebula/u0a329} (uid 10329) need cached broadcast
08-06 16:53:18.162  2474  4395 W RuleEvaluation: Integrity rule files are not available.
08-06 16:53:18.162  2474  3506 I PackageManager: Integrity check passed for file:///data/app/vmdl417361558.tmp
08-06 16:53:18.215 13306 13306 I UserConsentManager: onPermissionsChanged: 10345
08-06 16:53:18.215 13306 13306 I UserConsentManager: onPermissionsChanged: 10345
08-06 16:53:18.215 13306 13306 I UserConsentManager: onPermissionsChanged: 10345
08-06 16:53:18.245  2474  2643 E AppOps  : Trying to set mode for unknown uid 10345.
08-06 16:53:18.249  2474  7257 I MiuiNetworkPolicy: updateUidState uid = 10278, uidState = 19
08-06 16:53:18.261  9014 21897 I artd    : Merge skipped because there are no existing profiles
08-06 16:53:18.262  2474  3506 I ArtService: Adjusting the compiler filter for 'com.shutterfly' from 'speed-profile' to 'verify' because there is no valid profile
08-06 16:53:18.262  9014 21897 I artd    : Dex parent of /data/app/~~zjr7LoB2y5lHBtrPXNCPaw==/com.shutterfly-CcH9c_xXLJSM3e5PrjTwKA==/base.apk is not writable: Permission denied
08-06 16:53:18.263  9014 21897 I artd    : GetBestInfo checking odex in dalvik-cache (/data/dalvik-cache/arm64/data@app@~~zjr7LoB2y5lHBtrPXNCPaw==@com.shutterfly-CcH9c_xXLJSM3e5PrjTwKA==@base.apk@classes.dex)
08-06 16:53:18.263  9014 21897 I artd    : Loading /data/dalvik-cache/arm64/data@app@~~zjr7LoB2y5lHBtrPXNCPaw==@com.shutterfly-CcH9c_xXLJSM3e5PrjTwKA==@base.apk@classes.dex with executable: 0
08-06 16:53:18.263  9014 21897 I artd    : OatFileAssistant test for existing oat file /data/dalvik-cache/arm64/data@app@~~zjr7LoB2y5lHBtrPXNCPaw==@com.shutterfly-CcH9c_xXLJSM3e5PrjTwKA==@base.apk@classes.dex: File /data/dalvik-cache/arm64/data@app@~~zjr7LoB2y5lHBtrPXNCPaw==@com.shutterfly-CcH9c_xXLJSM3e5PrjTwKA==@base.apk@classes.vdex does not exist.
08-06 16:53:18.263  9014 21897 I artd    : GetBestInfo checking odex next to the dex file (/data/app/~~zjr7LoB2y5lHBtrPXNCPaw==/com.shutterfly-CcH9c_xXLJSM3e5PrjTwKA==/oat/arm64/base.odex)
08-06 16:53:18.263  9014 21897 I artd    : Loading /data/app/~~zjr7LoB2y5lHBtrPXNCPaw==/com.shutterfly-CcH9c_xXLJSM3e5PrjTwKA==/oat/arm64/base.odex with executable: 0
08-06 16:53:18.263  9014 21897 I artd    : OatFileAssistant test for existing oat file /data/app/~~zjr7LoB2y5lHBtrPXNCPaw==/com.shutterfly-CcH9c_xXLJSM3e5PrjTwKA==/oat/arm64/base.odex: File /data/app/~~zjr7LoB2y5lHBtrPXNCPaw==/com.shutterfly-CcH9c_xXLJSM3e5PrjTwKA==/oat/arm64/base.vdex does not exist.
08-06 16:53:18.263  9014 21897 I artd    : GetBestInfo checking vdex in dalvik-cache (/data/dalvik-cache/arm64/data@app@~~zjr7LoB2y5lHBtrPXNCPaw==@com.shutterfly-CcH9c_xXLJSM3e5PrjTwKA==@base.apk@classes.vdex)
08-06 16:53:18.263  9014 21897 I artd    : unable to open vdex file /data/dalvik-cache/arm64/data@app@~~zjr7LoB2y5lHBtrPXNCPaw==@com.shutterfly-CcH9c_xXLJSM3e5PrjTwKA==@base.apk@classes.vdex: File /data/dalvik-cache/arm64/data@app@~~zjr7LoB2y5lHBtrPXNCPaw==@com.shutterfly-CcH9c_xXLJSM3e5PrjTwKA==@base.apk@classes.vdex does not exist.
08-06 16:53:18.263  9014 21897 I artd    : OatFileAssistant test for existing oat file /data/dalvik-cache/arm64/data@app@~~zjr7LoB2y5lHBtrPXNCPaw==@com.shutterfly-CcH9c_xXLJSM3e5PrjTwKA==@base.apk@classes.vdex: File /data/dalvik-cache/arm64/data@app@~~zjr7LoB2y5lHBtrPXNCPaw==@com.shutterfly-CcH9c_xXLJSM3e5PrjTwKA==@base.apk@classes.vdex does not exist.
08-06 16:53:18.263  9014 21897 I artd    : GetBestInfo checking vdex next to the dex file (/data/app/~~zjr7LoB2y5lHBtrPXNCPaw==/com.shutterfly-CcH9c_xXLJSM3e5PrjTwKA==/oat/arm64/base.vdex)
08-06 16:53:18.263  9014 21897 I artd    : unable to open vdex file /data/app/~~zjr7LoB2y5lHBtrPXNCPaw==/com.shutterfly-CcH9c_xXLJSM3e5PrjTwKA==/oat/arm64/base.vdex: File /data/app/~~zjr7LoB2y5lHBtrPXNCPaw==/com.shutterfly-CcH9c_xXLJSM3e5PrjTwKA==/oat/arm64/base.vdex does not exist.
08-06 16:53:18.263  9014 21897 I artd    : OatFileAssistant test for existing oat file /data/app/~~zjr7LoB2y5lHBtrPXNCPaw==/com.shutterfly-CcH9c_xXLJSM3e5PrjTwKA==/oat/arm64/base.vdex: File /data/app/~~zjr7LoB2y5lHBtrPXNCPaw==/com.shutterfly-CcH9c_xXLJSM3e5PrjTwKA==/oat/arm64/base.vdex does not exist.
08-06 16:53:18.263  9014 21897 I artd    : GetBestInfo checking dm (/data/app/~~zjr7LoB2y5lHBtrPXNCPaw==/com.shutterfly-CcH9c_xXLJSM3e5PrjTwKA==/base.dm)
08-06 16:53:18.263  9014 21897 I artd    : GetBestInfo no usable artifacts
08-06 16:53:18.273  9014 21897 I artd    : Running dex2oat: /apex/com.android.art/bin/art_exec --drop-capabilities --set-task-profile=Dex2OatBootComplete --set-priority=background --keep-fds=7:8:9:10:11 -- /apex/com.android.art/bin/dex2oat64 --zip-fd=7 --zip-location=/data/app/~~zjr7LoB2y5lHBtrPXNCPaw==/com.shutterfly-CcH9c_xXLJSM3e5PrjTwKA==/base.apk --oat-fd=8 --oat-location=/data/app/~~zjr7LoB2y5lHBtrPXNCPaw==/com.shutterfly-CcH9c_xXLJSM3e5PrjTwKA==/oat/arm64/base.odex --output-vdex-fd=9 --swap-fd=10 --class-loader-context-fds=11 --class-loader-context=PCL[]{PCL[/system/framework/org.apache.http.legacy.jar]} --classpath-dir=/data/app/~~zjr7LoB2y5lHBtrPXNCPaw==/com.shutterfly-CcH9c_xXLJSM3e5PrjTwKA== --instruction-set=arm64 --instruction-set-features=default --instruction-set-variant=kryo300 --compiler-filter=verify --compilation-reason=install --compact-dex-level=none --max-image-block-size=524288 --resolve-startup-const-strings=true --generate-mini-debug-info --runtime-arg -Xtarget-sdk-version:30 --runtime-arg -Xhidden-api-policy:enabled -j6 --runtime-arg -Xms64m --runtime-arg -Xmx512m --comments=app-name:com.shutterfly,app-version-name:9.11.0,app-version-code:59493,art-version:352090000
08-06 16:53:18.273  9014 21897 I artd    : Opened FDs: 7:/data/app/~~zjr7LoB2y5lHBtrPXNCPaw==/com.shutterfly-CcH9c_xXLJSM3e5PrjTwKA==/base.apk 8:/data/app/~~zjr7LoB2y5lHBtrPXNCPaw==/com.shutterfly-CcH9c_xXLJSM3e5PrjTwKA==/oat/arm64/base.odex.rOD0LZ.tmp 9:/data/app/~~zjr7LoB2y5lHBtrPXNCPaw==/com.shutterfly-CcH9c_xXLJSM3e5PrjTwKA==/oat/arm64/base.vdex.MLRKNu.tmp 10:/data/app/~~zjr7LoB2y5lHBtrPXNCPaw==/com.shutterfly-CcH9c_xXLJSM3e5PrjTwKA==/oat/arm64/base.odex.swap.KQEmeR.tmp 11:/system/framework/org.apache.http.legacy.jar 
08-06 16:53:18.288  4156  4156 W libprocessgroup: JoinCgroup: controller schedtune is not found
08-06 16:53:18.305  4156  4156 W dex2oat64: Obsolete flag --compact-dex-level ignored
08-06 16:53:18.307  4156  4156 I dex2oat64: /apex/com.android.art/bin/dex2oat64 --output-vdex-fd=9 --class-loader-context-fds=11 --class-loader-context=PCL[]{PCL[/system/framework/org.apache.http.legacy.jar]} --classpath-dir=/data/app/~~zjr7LoB2y5lHBtrPXNCPaw==/com.shutterfly-CcH9c_xXLJSM3e5PrjTwKA== --compiler-filter=verify --compilation-reason=install --compact-dex-level=none --max-image-block-size=524288 --resolve-startup-const-strings=true --generate-mini-debug-info -j6 --comments=app-name:com.shutterfly,app-version-name:9.11.0,app-version-code:59493,art-version:352090000
08-06 16:53:18.601  3086  3086 I adbd    : in ShellService: ps
08-06 16:53:18.697  4156  4156 I dex2oat64: Using CollectorTypeCC GC.
08-06 16:53:18.763  4156  4156 I dex2oat64: Large app, accepted running with swap.
08-06 16:53:18.939  2474  7257 I MiuiNetworkPolicy: bandwidth: 0 KB/s, Max bandwidth: 11266 KB/s
08-06 16:53:19.357  4156  4156 I dex2oat64: dex2oat took 1.052s (3.353s cpu) (threads: 6) arena alloc=0B (0B) java alloc=37MB (39438176B) native alloc=7524KB (7704736B) free=1403KB (1437520B) swap=16MB (16777216B)
08-06 16:53:19.375  9014 21897 I artd    : dex2oat returned code 0
08-06 16:53:19.384  2474  3506 I ArtService: Dexopt result: [packageName = com.shutterfly] DexContainerFileDexoptResult{dexContainerFile=/data/app/~~zjr7LoB2y5lHBtrPXNCPaw==/com.shutterfly-CcH9c_xXLJSM3e5PrjTwKA==/base.apk, primaryAbi=true, abi=arm64-v8a, actualCompilerFilter=verify, status=PERFORMED, dex2oatWallTimeMillis=-387174078, dex2oatCpuTimeMillis=3390, sizeBytes=46298956, sizeBeforeBytes=0, extendedStatusFlags=[]}
08-06 16:53:19.385  2474 30182 I Miui32BitTranslateHelper: 32BitPretranslate: skipping APK pre-translation for com.shutterfly
08-06 16:53:19.386  2474  3506 W PackageFreezer: Freeze package com.shutterfly about 1.191 seconds for reason: installPackageLI
08-06 16:53:19.386  2474  3506 I BackupManagerService: [UserID:0] restoreAtInstall pkg=com.shutterfly token=12 restoreSet=0
08-06 16:53:19.388  1865  1865 I vendor.qti.hardware.servicetrackeraidl-service: bindService is called for service : com.google.android.gms/.backup.BackupTransportService and for client system
08-06 16:53:19.388  1865  1865 I vendor.qti.hardware.servicetrackeraidl-service: total connections for service : com.google.android.gms/.backup.BackupTransportServiceare :1
08-06 16:53:19.388  1865  1865 I vendor.qti.hardware.servicetrackeraidl-service: total connections for client : systemare :28
08-06 16:53:19.399  2474  2474 I TransportConnection: BackupTransportService#1714: Notifying [BMS.restoreAtInstall] transport = BackupTransportClient
08-06 16:53:19.401  7177  8622 W AndroidBackupEventsLogg: Flag disabled, logging without sampling [CONTEXT service_id=229 ]
08-06 16:53:19.401  7177  8622 I AndroidBackupEventsLogg: (REDACTED) Logging without sampling %s
08-06 16:53:19.402  1865  1865 I vendor.qti.hardware.servicetrackeraidl-service: unbindService is called for service : com.google.android.gms/.backup.BackupTransportService and for client system
08-06 16:53:19.402  1865  1865 I vendor.qti.hardware.servicetrackeraidl-service: size of service connections for service: com.google.android.gms/.backup.BackupTransportServiceafter removal is 0
08-06 16:53:19.402  1865  1865 I vendor.qti.hardware.servicetrackeraidl-service: size of client connections for client: systemafter removal is 27
08-06 16:53:19.402  1865  1865 I vendor.qti.hardware.servicetrackeraidl-service: destroyService is called for service : com.google.android.gms/.backup.BackupTransportService
08-06 16:53:19.403  2474  3506 I InstallationTiming: com.shutterfly|null|4096|2557|52|214|0|17|1128
08-06 16:53:19.403  2474  3506 I AppsFilter: interaction: PackageSetting{9439e07 com.android.microdroid.empty_payload/10236} -> PackageSetting{36189bb com.shutterfly/10345} BLOCKED
08-06 16:53:19.403  2474  3506 I AppsFilter: interaction: PackageSetting{54b06d2 io.appium.uiautomator2.server.test/10280} -> PackageSetting{36189bb com.shutterfly/10345} BLOCKED
08-06 16:53:19.404  2474  3506 I AppsFilter: interaction: PackageSetting{7352751 io.github.ylimit.droidbotapp/10344} -> PackageSetting{36189bb com.shutterfly/10345} BLOCKED
08-06 16:53:19.404  2474  3506 I AppsFilter: interaction: PackageSetting{6a036a0 com.rongcard.eid/10151} -> PackageSetting{36189bb com.shutterfly/10345} BLOCKED
08-06 16:53:19.404  2474  3506 I AppsFilter: interaction: PackageSetting{29c3259 io.appium.settings/10274} -> PackageSetting{36189bb com.shutterfly/10345} BLOCKED
08-06 16:53:19.404  7177  8622 W AndroidBackupEventsLogg: Flag disabled, logging without sampling [CONTEXT service_id=229 ]
08-06 16:53:19.404  7177  8622 I AndroidBackupEventsLogg: (REDACTED) Logging without sampling %s
08-06 16:53:19.404  2474  2474 W binder:2474_1C: type=1400 audit(0.0:14108): avc:  denied  { getopt } for  scontext=u:r:system_server:s0 tcontext=u:r:shell:s0 tclass=unix_stream_socket permissive=0
08-06 16:53:19.404  2474  2474 W binder:2474_1C: type=1400 audit(0.0:14109): avc:  denied  { getopt } for  scontext=u:r:system_server:s0 tcontext=u:r:shell:s0 tclass=unix_stream_socket permissive=0
08-06 16:53:19.404  2474  2474 W binder:2474_1C: type=1400 audit(0.0:14110): avc:  denied  { getopt } for  scontext=u:r:system_server:s0 tcontext=u:r:shell:s0 tclass=unix_stream_socket permissive=0
08-06 16:53:19.411  2474  2664 W TextServicesManagerService: no available spell checker services found
08-06 16:53:19.411  2474  7409 W PackageManager: Failed registering loading progress callback. Package is fully loaded.
08-06 16:53:19.412  2474  4284 E AtomicFile: Failed to rename /data/system/install_sessions.xml.new to /data/system/install_sessions.xml
08-06 16:53:19.412 13710 15240 I MiuiVpnManageService: PackageMonitor. onPackageAdded: packageName =com.shutterfly
08-06 16:53:19.419  2474  2680 I MiuiCompatModePackages: package com.shutterfly updated, removing config
