05-18 07:18:10.231 21151 21181 W support.mvagen: ClassLoaderContext classpath size mismatch. expected=13, found=0 (DLC[];PCL[base.apk*1914472534:base.apk!classes2.dex*3304451845:base.apk!classes3.dex*814030735:base.apk!classes4.dex*1701140833:base.apk!classes5.dex*671790505:base.apk!classes6.dex*3453289445:base.apk!classes7.dex*3073107556:base.apk!classes8.dex*2923806363:base.apk!classes9.dex*3566253840:base.apk!classes10.dex*3357887208:base.apk!classes11.dex*1617793128:base.apk!classes12.dex*2938047849:base.apk!classes13.dex*1145982731]{PCL[/system/framework/org.apache.http.legacy.jar*2058259660]#PCL[/system/framework/com.android.media.remotedisplay.jar*3472798122]#PCL[/system/framework/com.android.location.provider.jar*3633238673]#PCL[/system_ext/framework/androidx.window.sidecar.jar*3539530913]#PCL[/system/framework/org.apache.http.legacy.jar*2058259660]} | DLC[];PCL[])
05-18 07:18:10.234 21151 21181 I DynamiteModule: Considering local module com.google.android.gms.measurement.dynamite:83 and remote module com.google.android.gms.measurement.dynamite:142
05-18 07:18:10.235 21151 21181 I DynamiteModule: Selected remote version of com.google.android.gms.measurement.dynamite, version >= 142
05-18 07:18:10.250 21151 21151 I FirebaseInitProvider: FirebaseApp initialization successful
05-18 07:18:10.325 21151 21181 W System  : ClassLoader referenced unknown path: 
05-18 07:18:10.347 21151 21151 W AdFit3.12.9: Failed to get application package info. [package=com.kakao.adfit.libraryqa][error=android.content.pm.PackageManager$NameNotFoundException: com.kakao.adfit.libraryqa]
05-18 07:18:10.347 21151 21181 W support.mvagen: ClassLoaderContext classpath size mismatch. expected=13, found=5 (DLC[];PCL[base.apk*1914472534:base.apk!classes2.dex*3304451845:base.apk!classes3.dex*814030735:base.apk!classes4.dex*1701140833:base.apk!classes5.dex*671790505:base.apk!classes6.dex*3453289445:base.apk!classes7.dex*3073107556:base.apk!classes8.dex*2923806363:base.apk!classes9.dex*3566253840:base.apk!classes10.dex*3357887208:base.apk!classes11.dex*1617793128:base.apk!classes12.dex*2938047849:base.apk!classes13.dex*1145982731]{PCL[/system/framework/org.apache.http.legacy.jar*2058259660]#PCL[/system/framework/com.android.media.remotedisplay.jar*3472798122]#PCL[/system/framework/com.android.location.provider.jar*3633238673]#PCL[/system_ext/framework/androidx.window.sidecar.jar*3539530913]#PCL[/system/framework/org.apache.http.legacy.jar*2058259660]} | DLC[];PCL[/data/app/~~egckPkitYi4wagvAp1rQOA==/com.rsupport.mvagent-5ops2BW4LX1NCnxpxaFECg==/base.apk*2340562409:/data/app/~~egckPkitYi4wagvAp1rQOA==/com.rsupport.mvagent-5ops2BW4LX1NCnxpxaFECg==/base.apk!classes2.dex*1158781039:/data/app/~~egckPkitYi4wagvAp1rQOA==/com.rsupport.mvagent-5ops2BW4LX1NCnxpxaFECg==/base.apk!classes3.dex*840475663:/data/app/~~egckPkitYi4wagvAp1rQOA==/com.rsupport.mvagent-5ops2BW4LX1NCnxpxaFECg==/base.apk!classes4.dex*331417803:/data/app/~~egckPkitYi4wagvAp1rQOA==/com.rsupport.mvagent-5ops2BW4LX1NCnxpxaFECg==/base.apk!classes5.dex*3245747116]{PCL[/system/framework/org.apache.http.legacy.jar*2058259660]})
05-18 07:18:10.387 21151 21171 I DynamiteModule: Considering local module com.google.android.gms.ads.dynamite:0 and remote module com.google.android.gms.ads.dynamite:250505301
05-18 07:18:10.387 21151 21171 I DynamiteModule: Selected remote version of com.google.android.gms.ads.dynamite, version >= 250505301
05-18 07:18:10.397 21151 21151 W pool-22-thread-: type=1400 audit(0.0:395): avc: denied { read } for name="version" dev="proc" ino=4026532035 scontext=u:r:untrusted_app:s0:c183,c256,c512,c768 tcontext=u:object_r:proc_version:s0 tclass=file permissive=0 app=com.rsupport.mvagent
05-18 07:18:10.444 21151 21210 I GAv4    : Google Analytics 12.4.51 is starting up. To enable debug logging on a device run:
05-18 07:18:10.444 21151 21210 I GAv4    :   adb shell setprop log.tag.GAv4 DEBUG
05-18 07:18:10.444 21151 21210 I GAv4    :   adb logcat -s GAv4
05-18 07:18:10.489 21151 21215 E RsupS   : Source dir should be exists. src=/storage/emulated/0/Mobizen (VersionManager.kt, 3)
05-18 07:18:10.515 21151 21209 W ContentProvider: Normalized content://com.rsupport.mvagent//properties to content://com.rsupport.mvagent/properties to avoid possible security issues
05-18 07:18:10.537 21151 21231 W GAv4    : CampaignTrackingReceiver is not registered, not exported or is disabled. Installation campaign tracking is not possible. See http://goo.gl/8Rd3yj for instructions.
05-18 07:18:10.545 21151 21209 W ContentProvider: Normalized content://com.rsupport.mvagent//properties/resolution to content://com.rsupport.mvagent/properties/resolution to avoid possible security issues
05-18 07:18:10.555 21151 21209 W ContentProvider: Normalized content://com.rsupport.mvagent//properties to content://com.rsupport.mvagent/properties to avoid possible security issues
05-18 07:18:10.614   538   573 I ActivityManager: Start proc 21235:com.rsupport.mvagent:widget/u0a183 for service {com.rsupport.mvagent/com.rsupport.mobizen.core.service.MobizenServcie}
05-18 07:18:10.615 21151 21151 W ContentProvider: Normalized content://com.rsupport.mvagent//properties/coaching_step to content://com.rsupport.mvagent/properties/coaching_step to avoid possible security issues
05-18 07:18:10.618 21151 21151 W ContentProvider: Normalized content://com.rsupport.mvagent//properties/coaching_step to content://com.rsupport.mvagent/properties/coaching_step to avoid possible security issues
05-18 07:18:10.620 21151 21217 E RsupS   : get miui version code error, version :  (DeviceInfoUtils.kt, 5)
05-18 07:18:10.620 21235 21235 W .mvagent:widge: Unexpected CPU variant for X86 using defaults: x86_64
05-18 07:18:10.652 21151 21217 W support.mvagen: Accessing hidden method Lcom/android/org/conscrypt/ConscryptEngineSocket;->setUseSessionTickets(Z)V (max-target-q,core-platform-api, reflection, denied)
05-18 07:18:10.652 21151 21217 W support.mvagen: Accessing hidden method Lcom/android/org/conscrypt/OpenSSLSocketImpl;->setUseSessionTickets(Z)V (max-target-q,core-platform-api, reflection, denied)
05-18 07:18:10.652 21151 21217 W support.mvagen: Accessing hidden method Lcom/android/org/conscrypt/AbstractConscryptSocket;->setUseSessionTickets(Z)V (max-target-q, reflection, denied)
05-18 07:18:10.657 21151 21217 W support.mvagen: Accessing hidden method Lcom/android/org/conscrypt/ConscryptEngineSocket;->setHostname(Ljava/lang/String;)V (max-target-q,core-platform-api, reflection, denied)
05-18 07:18:10.658 21151 21217 W support.mvagen: Accessing hidden method Lcom/android/org/conscrypt/OpenSSLSocketImpl;->setHostname(Ljava/lang/String;)V (max-target-q,core-platform-api, reflection, denied)
05-18 07:18:10.658 21151 21217 W support.mvagen: Accessing hidden method Lcom/android/org/conscrypt/AbstractConscryptSocket;->setHostname(Ljava/lang/String;)V (max-target-q, reflection, denied)
05-18 07:18:10.659 21151 21217 W support.mvagen: Accessing hidden method Lcom/android/org/conscrypt/OpenSSLSocketImpl;->setAlpnProtocols([B)V (max-target-q,core-platform-api, reflection, denied)
05-18 07:18:10.660 21151 21217 W support.mvagen: Accessing hidden method Lcom/android/org/conscrypt/AbstractConscryptSocket;->setAlpnProtocols([B)V (max-target-q, reflection, denied)
05-18 07:18:10.681 20551 20705 I PlayCommon: [113] ayxd.j(213): Preparing logs for uploading
05-18 07:18:10.682 21151 21215 I DynamiteModule: Considering local module com.google.android.gms.ads.dynamite:0 and remote module com.google.android.gms.ads.dynamite:250505301
05-18 07:18:10.686 21151 21215 I DynamiteModule: Selected remote version of com.google.android.gms.ads.dynamite, version >= 250505301
05-18 07:18:10.687 21235 21235 I ndk_translation: Initialized NDK translation (aarch64), version 0.2.3
05-18 07:18:10.698   538  1900 I ActivityTaskManager: START u0 {flg=0x30008000 cmp=com.rsupport.mvagent/com.rsupport.mobizen.ui.support.SupportActivity} from uid 10183
05-18 07:18:10.711   538  1900 W ActivityTaskManager: Duplicate finish request for r=ActivityRecord{fec9d3d u0 com.rsupport.mvagent/.ui.activity.splash.SplashActivity t23 f}}
05-18 07:18:10.722 20551 20705 I PlayCommon: [113] ayxd.j(1398): Connecting to server for timestamp: https://play.googleapis.com/play/log/timestamp
05-18 07:18:10.730   365   509 W ServiceManager: Permission failure: android.permission.ACCESS_SURFACE_FLINGER from uid=10183 pid=21151
05-18 07:18:10.730   365   509 W ServiceManager: Permission failure: android.permission.ROTATE_SURFACE_FLINGER from uid=10183 pid=21151
05-18 07:18:10.751   178   178 I hwservicemanager: getTransport: Cannot find entry android.hardware.configstore@1.0::ISurfaceFlingerConfigs/default in either framework or device VINTF manifest.
05-18 07:18:10.754 21151 21219 W OpenGLRenderer: Failed to choose config with EGL_SWAP_BEHAVIOR_PRESERVED, retrying without...
05-18 07:18:10.757 21151 21219 W OpenGLRenderer: Failed to initialize 101010-2 format, error = EGL_SUCCESS
05-18 07:18:10.780 21151 21245 W support.mvagen: Accessing hidden method Lcom/android/org/conscrypt/ConscryptEngineSocket;->setUseSessionTickets(Z)V (max-target-q,core-platform-api, reflection, denied)
05-18 07:18:10.781 21151 21245 W support.mvagen: Accessing hidden method Lcom/android/org/conscrypt/OpenSSLSocketImpl;->setUseSessionTickets(Z)V (max-target-q,core-platform-api, reflection, denied)
05-18 07:18:10.782 21151 21245 W support.mvagen: Accessing hidden method Lcom/android/org/conscrypt/AbstractConscryptSocket;->setUseSessionTickets(Z)V (max-target-q, reflection, denied)
05-18 07:18:10.782 21151 21245 W support.mvagen: Accessing hidden method Lcom/android/org/conscrypt/ConscryptEngineSocket;->setHostname(Ljava/lang/String;)V (max-target-q,core-platform-api, reflection, denied)
05-18 07:18:10.783 21151 21245 W support.mvagen: Accessing hidden method Lcom/android/org/conscrypt/OpenSSLSocketImpl;->setHostname(Ljava/lang/String;)V (max-target-q,core-platform-api, reflection, denied)
05-18 07:18:10.783 21151 21245 W support.mvagen: Accessing hidden method Lcom/android/org/conscrypt/AbstractConscryptSocket;->setHostname(Ljava/lang/String;)V (max-target-q, reflection, denied)
05-18 07:18:10.784 21151 21245 W support.mvagen: Accessing hidden method Lcom/android/org/conscrypt/OpenSSLSocketImpl;->setAlpnProtocols([B)V (max-target-q,core-platform-api, reflection, denied)
05-18 07:18:10.785 21151 21245 W support.mvagen: Accessing hidden method Lcom/android/org/conscrypt/AbstractConscryptSocket;->setAlpnProtocols([B)V (max-target-q, reflection, denied)
05-18 07:18:10.813   365   508 E HWComposer: getSupportedContentTypes: getSupportedContentTypes failed for display 4619827259835644672: Unsupported (8)
05-18 07:18:10.817   178   178 I hwservicemanager: getTransport: Cannot find entry android.hardware.graphics.mapper@4.0::IMapper/default in either framework or device VINTF manifest.
05-18 07:18:10.817 21151 21219 I Gralloc4: mapper 4.x is not supported
05-18 07:18:10.822   178   178 I hwservicemanager: getTransport: Cannot find entry android.hardware.graphics.allocator@4.0::IAllocator/default in either framework or device VINTF manifest.
05-18 07:18:10.822 21151 21219 W Gralloc4: allocator 4.x is not supported
05-18 07:18:10.945   538   899 W ActivityTaskManager: Tried to set launchTime (0) < mLastActivityLaunchTime (4053172)
05-18 07:18:11.005 21151 21151 W ContentProvider: Normalized content://com.rsupport.mvagent//properties/use_mobi_user_data to content://com.rsupport.mvagent/properties/use_mobi_user_data to avoid possible security issues
05-18 07:18:11.029 21151 21217 W support.mvagen: Accessing hidden method Lcom/android/org/conscrypt/OpenSSLSocketImpl;->getAlpnSelectedProtocol()[B (max-target-q,core-platform-api, reflection, denied)
05-18 07:18:11.029 21151 21217 W support.mvagen: Accessing hidden method Lcom/android/org/conscrypt/AbstractConscryptSocket;->getAlpnSelectedProtocol()[B (max-target-q, reflection, denied)
05-18 07:18:11.048 20551 20705 I PlayCommon: [113] ayxd.j(1856): Connecting to server: https://play.googleapis.com/play/log?format=raw&proto_v2=true
05-18 07:18:11.054 21235 21235 E .mvagent:widge: Not starting debugger since process cannot load the jdwp agent.
05-18 07:18:11.153 21151 21245 W support.mvagen: Accessing hidden method Lcom/android/org/conscrypt/OpenSSLSocketImpl;->getAlpnSelectedProtocol()[B (max-target-q,core-platform-api, reflection, denied)
05-18 07:18:11.153 21151 21245 W support.mvagen: Accessing hidden method Lcom/android/org/conscrypt/AbstractConscryptSocket;->getAlpnSelectedProtocol()[B (max-target-q, reflection, denied)
05-18 07:18:11.199 21235 21235 I MultiDex: VM with version 2.1.0 has multidex support
05-18 07:18:11.199 21235 21235 I MultiDex: Installing application
05-18 07:18:11.199 21235 21235 I MultiDex: VM has multidex support, MultiDex support library is disabled.
05-18 07:18:11.224 20551 20705 I PlayCommon: [113] ayxd.j(2106): Successfully uploaded logs.
05-18 07:18:11.243 21235 21289 I GAv4    : Google Analytics 12.4.51 is starting up. To enable debug logging on a device run:
05-18 07:18:11.243 21235 21289 I GAv4    :   adb shell setprop log.tag.GAv4 DEBUG
05-18 07:18:11.243 21235 21289 I GAv4    :   adb logcat -s GAv4
05-18 07:18:11.244 21151 21165 W ContentProvider: Normalized content://com.rsupport.mvagent//properties to content://com.rsupport.mvagent/properties to avoid possible security issues
05-18 07:18:11.250  1263  1474 W MediaProvider: isAppCloneUserPair for user 0: false
05-18 07:18:11.258 21235 21297 W GAv4    : CampaignTrackingReceiver is not registered, not exported or is disabled. Installation campaign tracking is not possible. See http://goo.gl/8Rd3yj for instructions.
05-18 07:18:11.262 21151 21166 W ContentProvider: Normalized content://com.rsupport.mvagent//properties/audio_mode to content://com.rsupport.mvagent/properties/audio_mode to avoid possible security issues
05-18 07:18:11.263 21151 21166 W ContentProvider: Normalized content://com.rsupport.mvagent//properties/use_clean_mode to content://com.rsupport.mvagent/properties/use_clean_mode to avoid possible security issues
05-18 07:18:11.265 21151 21166 W ContentProvider: Normalized content://com.rsupport.mvagent//properties/widget_visible to content://com.rsupport.mvagent/properties/widget_visible to avoid possible security issues
05-18 07:18:11.275   178   178 I hwservicemanager: getTransport: Cannot find entry android.hardware.graphics.mapper@4.0::IMapper/default in either framework or device VINTF manifest.
05-18 07:18:11.275 21281 21296 I Gralloc4: mapper 4.x is not supported
05-18 07:18:11.304 21151 21166 W ContentProvider: Normalized content://com.rsupport.mvagent//properties/use_mobi_user_data to content://com.rsupport.mvagent/properties/use_mobi_user_data to avoid possible security issues
05-18 07:18:11.352   538   538 W NotificationHistory: Attempted to add notif for locked/gone/disabled user 0
05-18 07:18:11.626   538   558 W system_server: Failed to determine oat file name for dex location /data/app/~~egckPkitYi4wagvAp1rQOA==/com.rsupport.mvagent-5ops2BW4LX1NCnxpxaFECg==/base.apk: Dalvik cache directory does not exist
05-18 07:18:11.644   538   633 I RoleService: Granting default roles...
05-18 07:18:11.653 21151 21151 E RsupS   : mobizenAPI : com.rsupport.mobizen.core.client.api.k@7c3a0d7 < MobizenAPI < RecordAPI[] (WizardTutorialProcessFragment.kt, 1)
05-18 07:18:11.736  2452 20757 W Role    : Cannot get ApplicationInfo for default holder: com.google.android.contacts
05-18 07:18:11.754   538   640 I InputReader: Reconfiguring input devices, changes=KEYBOARD_LAYOUTS | 
05-18 07:18:11.761   538   558 W Looper  : Slow dispatch took 180ms android.fg h=android.os.Handler c=com.android.server.wm.ActivityMetricsLogger$$ExternalSyntheticLambda1@35c8926 m=0
05-18 07:18:11.761   538   558 I ActivityTaskManager: Displayed com.rsupport.mvagent/com.rsupport.mobizen.ui.support.SupportActivity: +1s756ms
05-18 07:18:11.813  2452 20757 W Role    : Cannot get ApplicationInfo for default holder: com.google.android.as
05-18 07:18:11.860   538   538 W Looper  : Slow dispatch took 181ms main h=com.android.server.job.JobSchedulerService$JobHandler c=null m=1
05-18 07:18:11.876 21151 21151 W RsupS   : not found bindListener : com.rsupport.mvagent.ui.activity.splash.SplashActivity$e@2cba753 (MobizenClient.java, 5)
05-18 07:18:11.880   538  1900 W InputManager-JNI: Input channel object 'ce710ae com.rsupport.mvagent/com.rsupport.mvagent.ui.activity.splash.SplashActivity (client)' was disposed without first being removed with the input manager!
05-18 07:18:11.893   538   538 W Looper  : Slow delivery took 208ms main h=android.app.ActivityThread$H c=android.app.LoadedApk$ReceiverDispatcher$Args$$ExternalSyntheticLambda0@63ccac8 m=0
05-18 07:18:11.908   538   538 I Telecom : DefaultDialerCache: Refreshing default dialer for user 0: now com.android.dialer: DDC.oR@AMc
05-18 07:18:11.916  2452 20757 W Role    : Cannot get ApplicationInfo for default holder: com.google.android.as
05-18 07:18:11.940  1815  1815 I Finsky  : [2] aihy.onStartJob(126): SCH: job service start with id 9280.
05-18 07:18:11.946  2452 20757 W Role    : Cannot get ApplicationInfo for default holder: com.google.android.as
05-18 07:18:11.953   538   558 W Looper  : Slow dispatch took 114ms android.fg h=android.os.Handler c=<recycled PooledLambda@2f7289d> m=0
05-18 07:18:11.971  1815 20740 I Finsky  : [273] nib.a(171): SCH: Satisfied jobs for 9280 are: 12-1
05-18 07:18:12.005   538   538 W Looper  : Drained
05-18 07:18:12.011  1815 18734 I Finsky  : [258] wbl.d(275): com.rsupport.mvagent: Account from first account - [0HuC5x-jX_4QBMLKvxR-TmPmEJWgz63BdP58ch2L0hw]
05-18 07:18:12.024  2452  2471 I PermissionControllerServiceImpl: Updating user sensitive for uid 10183
05-18 07:18:12.033  1815  2405 I Finsky  : [98] wbl.d(275): com.rsupport.mvagent: Account from first account - [0HuC5x-jX_4QBMLKvxR-TmPmEJWgz63BdP58ch2L0hw]
05-18 07:18:12.061  2452 20757 W Role    : Cannot get ApplicationInfo for default holder: com.google.android.as
05-18 07:18:12.064  1815 18734 I Finsky  : [258] wbl.d(869): Billing preferred account via installer for com.rsupport.mvagent: [0HuC5x-jX_4QBMLKvxR-TmPmEJWgz63BdP58ch2L0hw]
05-18 07:18:12.064  1815  2405 I Finsky  : [98] wbl.d(869): Billing preferred account via installer for com.rsupport.mvagent: [0HuC5x-jX_4QBMLKvxR-TmPmEJWgz63BdP58ch2L0hw]
05-18 07:18:12.076  1815 18734 W Finsky  : [258] sdw.p(52): Got api version 24 for account: [0HuC5x-jX_4QBMLKvxR-TmPmEJWgz63BdP58ch2L0hw]
05-18 07:18:12.077  1815  2405 W Finsky  : [98] sdw.p(52): Got api version 24 for account: [0HuC5x-jX_4QBMLKvxR-TmPmEJWgz63BdP58ch2L0hw]
05-18 07:18:12.091  1815  2405 I Finsky  : [98] wbl.d(275): com.rsupport.mvagent: Account from first account - [0HuC5x-jX_4QBMLKvxR-TmPmEJWgz63BdP58ch2L0hw]
05-18 07:18:12.092  1815  2405 I Finsky  : [98] wbl.d(869): Billing preferred account via installer for com.rsupport.mvagent: [0HuC5x-jX_4QBMLKvxR-TmPmEJWgz63BdP58ch2L0hw]
05-18 07:18:12.092  1815  2405 W Finsky  : [98] sdw.p(52): Got api version 24 for account: [0HuC5x-jX_4QBMLKvxR-TmPmEJWgz63BdP58ch2L0hw]
05-18 07:18:12.112  1815  3901 I Finsky  : [125] wbl.d(275): com.rsupport.mvagent: Account from first account - [0HuC5x-jX_4QBMLKvxR-TmPmEJWgz63BdP58ch2L0hw]
05-18 07:18:12.112  1815  2298 I Finsky  : [84] wbl.d(275): com.rsupport.mvagent: Account from first account - [0HuC5x-jX_4QBMLKvxR-TmPmEJWgz63BdP58ch2L0hw]
05-18 07:18:12.112  1815  3901 I Finsky  : [125] wbl.d(869): Billing preferred account via installer for com.rsupport.mvagent: [0HuC5x-jX_4QBMLKvxR-TmPmEJWgz63BdP58ch2L0hw]
05-18 07:18:12.113  1815  2405 I Finsky  : [98] wbl.d(275): com.rsupport.mvagent: Account from first account - [0HuC5x-jX_4QBMLKvxR-TmPmEJWgz63BdP58ch2L0hw]
05-18 07:18:12.113  1815  2298 I Finsky  : [84] wbl.d(869): Billing preferred account via installer for com.rsupport.mvagent: [0HuC5x-jX_4QBMLKvxR-TmPmEJWgz63BdP58ch2L0hw]
05-18 07:18:12.113  1815  2405 I Finsky  : [98] wbl.d(869): Billing preferred account via installer for com.rsupport.mvagent: [0HuC5x-jX_4QBMLKvxR-TmPmEJWgz63BdP58ch2L0hw]
05-18 07:18:12.114  1815  3901 W Finsky  : [125] sdw.p(52): Got api version 24 for account: [0HuC5x-jX_4QBMLKvxR-TmPmEJWgz63BdP58ch2L0hw]
05-18 07:18:12.115  1815  2405 W Finsky  : [98] sdw.p(52): Got api version 24 for account: [0HuC5x-jX_4QBMLKvxR-TmPmEJWgz63BdP58ch2L0hw]
05-18 07:18:12.117  1815  2298 W Finsky  : [84] sdw.p(52): Got api version 24 for account: [0HuC5x-jX_4QBMLKvxR-TmPmEJWgz63BdP58ch2L0hw]
05-18 07:18:12.124  1815  2298 I Finsky  : [84] qit.h(661): User is not an active Play Pass subscriber
05-18 07:18:12.128 21151 21335 E RsupS   : inapp - bad response 1-1, msg: (IabHelper.kt, 8)
05-18 07:18:12.136  1815 21326 I Finsky  : [282] aigh.accept(108): SCH: Job 12-1 starting
05-18 07:18:12.139  1815  1815 I Finsky  : [2] ContentSyncJob.i(9): [ContentSync] job started
05-18 07:18:12.140  1815 18190 I Finsky  : [248] wbl.d(275): com.rsupport.mvagent: Account from first account - [0HuC5x-jX_4QBMLKvxR-TmPmEJWgz63BdP58ch2L0hw]
05-18 07:18:12.146  2452 20757 W Role    : Cannot get ApplicationInfo for default holder: com.google.android.as
05-18 07:18:12.157  2452 20757 W Role    : Cannot get ApplicationInfo for default holder: com.google.android.as
05-18 07:18:12.177  1815 18190 I Finsky  : [248] wbl.d(869): Billing preferred account via installer for com.rsupport.mvagent: [0HuC5x-jX_4QBMLKvxR-TmPmEJWgz63BdP58ch2L0hw]
05-18 07:18:12.186  1815  2298 I Finsky  : [84] wbl.d(275): com.rsupport.mvagent: Account from first account - [0HuC5x-jX_4QBMLKvxR-TmPmEJWgz63BdP58ch2L0hw]
05-18 07:18:12.187  1815 18190 W Finsky  : [248] sdw.p(52): Got api version 24 for account: [0HuC5x-jX_4QBMLKvxR-TmPmEJWgz63BdP58ch2L0hw]
05-18 07:18:12.187  1815  2298 I Finsky  : [84] wbl.d(869): Billing preferred account via installer for com.rsupport.mvagent: [0HuC5x-jX_4QBMLKvxR-TmPmEJWgz63BdP58ch2L0hw]
05-18 07:18:12.187  1815  2298 W Finsky  : [84] sdw.p(52): Got api version 24 for account: [0HuC5x-jX_4QBMLKvxR-TmPmEJWgz63BdP58ch2L0hw]
05-18 07:18:12.206 21151 21306 E RsupS   : subs - bad response 1-1, msg: (IabHelper.kt, 8)
05-18 07:18:12.216  1815  1838 I Finsky  : [36] wbl.d(275): com.rsupport.mvagent: Account from first account - [0HuC5x-jX_4QBMLKvxR-TmPmEJWgz63BdP58ch2L0hw]
05-18 07:18:12.224  1815  1838 I Finsky  : [36] wbl.d(869): Billing preferred account via installer for com.rsupport.mvagent: [0HuC5x-jX_4QBMLKvxR-TmPmEJWgz63BdP58ch2L0hw]
05-18 07:18:12.225  1815  1838 W Finsky  : [36] sdw.p(52): Got api version 24 for account: [0HuC5x-jX_4QBMLKvxR-TmPmEJWgz63BdP58ch2L0hw]
05-18 07:18:12.225   538   572 W BroadcastQueue: Permission Denial: broadcasting Intent { act=android.net.conn.CONNECTIVITY_CHANGE flg=0x4200010 (has extras) } from null (pid=-1, uid=-1) requires com.google.android.gms.DYNAMIC_RECEIVER_NOT_EXPORTED_PERMISSION due to registered receiver BroadcastFilter{9af425e 10097/u0 ReceiverList{a771f99 1369 com.google.android.gms/10097/u0 remote:b0990e0}}
05-18 07:18:12.267  1815  2298 I Finsky  : [84] wbl.d(275): com.rsupport.mvagent: Account from first account - [0HuC5x-jX_4QBMLKvxR-TmPmEJWgz63BdP58ch2L0hw]
05-18 07:18:12.274  1815  2298 I Finsky  : [84] wbl.d(869): Billing preferred account via installer for com.rsupport.mvagent: [0HuC5x-jX_4QBMLKvxR-TmPmEJWgz63BdP58ch2L0hw]
05-18 07:18:12.275  1815  2298 W Finsky  : [84] sdw.p(52): Got api version 24 for account: [0HuC5x-jX_4QBMLKvxR-TmPmEJWgz63BdP58ch2L0hw]
05-18 07:18:12.280 21151 21160 I support.mvagen: Background young concurrent copying GC freed 83440(7672KB) AllocSpace objects, 67(13MB) LOS objects, 77% free, 7004KB/30MB, paused 17.887ms,104us total 433.470ms
05-18 07:18:12.304  1815 18734 I Finsky  : [258] wbl.d(275): com.rsupport.mvagent: Account from first account - [0HuC5x-jX_4QBMLKvxR-TmPmEJWgz63BdP58ch2L0hw]
05-18 07:18:12.310  1815 18734 I Finsky  : [258] wbl.d(869): Billing preferred account via installer for com.rsupport.mvagent: [0HuC5x-jX_4QBMLKvxR-TmPmEJWgz63BdP58ch2L0hw]
05-18 07:18:12.311  1815 18734 W Finsky  : [258] sdw.p(52): Got api version 24 for account: [0HuC5x-jX_4QBMLKvxR-TmPmEJWgz63BdP58ch2L0hw]
05-18 07:18:12.334  1815  2298 I Finsky  : [84] wbl.d(275): com.rsupport.mvagent: Account from first account - [0HuC5x-jX_4QBMLKvxR-TmPmEJWgz63BdP58ch2L0hw]
05-18 07:18:12.334  1815  2298 I Finsky  : [84] wbl.d(869): Billing preferred account via installer for com.rsupport.mvagent: [0HuC5x-jX_4QBMLKvxR-TmPmEJWgz63BdP58ch2L0hw]
05-18 07:18:12.335  1815  2298 W Finsky  : [84] sdw.p(52): Got api version 24 for account: [0HuC5x-jX_4QBMLKvxR-TmPmEJWgz63BdP58ch2L0hw]
05-18 07:18:12.342  1815 18734 I Finsky  : [258] wbl.d(275): com.rsupport.mvagent: Account from first account - [0HuC5x-jX_4QBMLKvxR-TmPmEJWgz63BdP58ch2L0hw]
05-18 07:18:12.342  1815 18734 I Finsky  : [258] wbl.d(869): Billing preferred account via installer for com.rsupport.mvagent: [0HuC5x-jX_4QBMLKvxR-TmPmEJWgz63BdP58ch2L0hw]
05-18 07:18:12.342  1815 18734 W Finsky  : [258] sdw.p(52): Got api version 24 for account: [0HuC5x-jX_4QBMLKvxR-TmPmEJWgz63BdP58ch2L0hw]
05-18 07:18:12.366  1815  1838 I Finsky  : [36] wbl.d(275): com.rsupport.mvagent: Account from first account - [0HuC5x-jX_4QBMLKvxR-TmPmEJWgz63BdP58ch2L0hw]
05-18 07:18:12.370  1815  1838 I Finsky  : [36] wbl.d(869): Billing preferred account via installer for com.rsupport.mvagent: [0HuC5x-jX_4QBMLKvxR-TmPmEJWgz63BdP58ch2L0hw]
05-18 07:18:12.370  1815  1838 W Finsky  : [36] sdw.p(52): Got api version 24 for account: [0HuC5x-jX_4QBMLKvxR-TmPmEJWgz63BdP58ch2L0hw]
05-18 07:18:12.379  1815 18190 I Finsky  : [248] wbl.d(275): com.rsupport.mvagent: Account from first account - [0HuC5x-jX_4QBMLKvxR-TmPmEJWgz63BdP58ch2L0hw]
05-18 07:18:12.382  1815 18190 I Finsky  : [248] wbl.d(869): Billing preferred account via installer for com.rsupport.mvagent: [0HuC5x-jX_4QBMLKvxR-TmPmEJWgz63BdP58ch2L0hw]
05-18 07:18:12.383  1815 18190 W Finsky  : [248] sdw.p(52): Got api version 24 for account: [0HuC5x-jX_4QBMLKvxR-TmPmEJWgz63BdP58ch2L0hw]
05-18 07:18:12.386 21151 21350 E RsupS   : subs - bad response 1, msg: (UserToGoogleChecker.kt, 22)
05-18 07:18:12.413  1815  1815 W Finsky  : [2] ajwy.b(131): STU: Failed to get storage stats for package 'com.google.mainline.primary.libs' (1601: Error getting stats: android.content.pm.PackageManager.NameNotFoundException)
05-18 07:18:12.428  1815  1838 I Finsky  : [36] wbl.d(275): com.rsupport.mvagent: Account from first account - [0HuC5x-jX_4QBMLKvxR-TmPmEJWgz63BdP58ch2L0hw]
05-18 07:18:12.430  1815  1838 I Finsky  : [36] wbl.d(869): Billing preferred account via installer for com.rsupport.mvagent: [0HuC5x-jX_4QBMLKvxR-TmPmEJWgz63BdP58ch2L0hw]
05-18 07:18:12.431  1815  1838 W Finsky  : [36] sdw.p(52): Got api version 24 for account: [0HuC5x-jX_4QBMLKvxR-TmPmEJWgz63BdP58ch2L0hw]
05-18 07:18:12.439  1815  1815 W Finsky  : [2] ajwy.b(131): STU: Failed to get storage stats for package 'com.google.android.tzdata3' (1601: Error getting stats: android.content.pm.PackageManager.NameNotFoundException)
05-18 07:18:12.456  1815  1832 I android.vendin: Background young concurrent copying GC freed 84947(4402KB) AllocSpace objects, 0(0B) LOS objects, 8% free, 9653KB/10MB, paused 6.581ms,115us total 265.613ms
05-18 07:18:12.463  1815  1815 W Finsky  : [2] ajwy.b(131): STU: Failed to get storage stats for package 'com.google.android.permission' (1601: Error getting stats: android.content.pm.PackageManager.NameNotFoundException)
05-18 07:18:12.490   538  1988 W InputManager-JNI: Input channel object '9ed22f2 com.rsupport.mvagent/com.rsupport.mobizen.ui.support.SupportActivity (client)' was disposed without first being removed with the input manager!
05-18 07:18:12.512  1815  1815 W Finsky  : [2] ajwy.b(131): STU: Failed to get storage stats for package 'com.google.android.wifi' (1601: Error getting stats: android.content.pm.PackageManager.NameNotFoundException)
05-18 07:18:12.523  1815  2258 I cn_CronetUrlRequestContext: destroyNativeStreamLocked org.chromium.net.impl.CronetBidirectionalStream@a263572
05-18 07:18:12.545  1815  2258 I cn_CronetUrlRequestContext: destroyNativeStreamLocked org.chromium.net.impl.CronetBidirectionalStream@41e36be
05-18 07:18:12.610 21151 21171 W support.mvagen: ClassLoaderContext classpath size mismatch. expected=13, found=5 (DLC[];PCL[base.apk*1914472534:base.apk!classes2.dex*3304451845:base.apk!classes3.dex*814030735:base.apk!classes4.dex*1701140833:base.apk!classes5.dex*671790505:base.apk!classes6.dex*3453289445:base.apk!classes7.dex*3073107556:base.apk!classes8.dex*2923806363:base.apk!classes9.dex*3566253840:base.apk!classes10.dex*3357887208:base.apk!classes11.dex*1617793128:base.apk!classes12.dex*2938047849:base.apk!classes13.dex*1145982731]{PCL[/system/framework/org.apache.http.legacy.jar*2058259660]#PCL[/system/framework/com.android.media.remotedisplay.jar*3472798122]#PCL[/system/framework/com.android.location.provider.jar*3633238673]#PCL[/system_ext/framework/androidx.window.sidecar.jar*3539530913]#PCL[/system/framework/org.apache.http.legacy.jar*2058259660]} | DLC[];PCL[/data/app/~~egckPkitYi4wagvAp1rQOA==/com.rsupport.mvagent-5ops2BW4LX1NCnxpxaFECg==/base.apk*2340562409:/data/app/~~egckPkitYi4wagvAp1rQOA==/com.rsupport.mvagent-5ops2BW4LX1NCnxpxaFECg==/base.apk!classes2.dex*1158781039:/data/app/~~egckPkitYi4wagvAp1rQOA==/com.rsupport.mvagent-5ops2BW4LX1NCnxpxaFECg==/base.apk!classes3.dex*840475663:/data/app/~~egckPkitYi4wagvAp1rQOA==/com.rsupport.mvagent-5ops2BW4LX1NCnxpxaFECg==/base.apk!classes4.dex*331417803:/data/app/~~egckPkitYi4wagvAp1rQOA==/com.rsupport.mvagent-5ops2BW4LX1NCnxpxaFECg==/base.apk!classes5.dex*3245747116]{PCL[/system/framework/org.apache.http.legacy.jar*2058259660]})
05-18 07:18:12.638  1815  2258 I cn_CronetUrlRequestContext: destroyNativeStreamLocked org.chromium.net.impl.CronetBidirectionalStream@60300ca
05-18 07:18:12.704 21151 21353 E support.mvagen: No package ID 76 found for ID 0x760b000f.
05-18 07:18:12.706 21151 21353 I FA      : App measurement initialized, version: 120000
05-18 07:18:12.706 21151 21353 I FA      : To enable debug logging run: adb shell setprop log.tag.FA VERBOSE
05-18 07:18:12.706 21151 21353 I FA      : To enable faster debug mode event logging run:
05-18 07:18:12.706 21151 21353 I FA      :   adb shell setprop debug.firebase.analytics.app com.rsupport.mvagent
05-18 07:18:12.791   538  1988 W ServiceManager: Permission failure: android.permission.HIGH_SAMPLING_RATE_SENSORS from uid=10183 pid=21151
05-18 07:18:12.839 21151 21151 I WebViewFactory: Loading com.google.android.webview version 136.0.7103.60 (code 710306038)
05-18 07:18:12.842 21151 21151 W support.mvagen: Entry not found
05-18 07:18:12.957 21151 21353 I FA      : Tag Manager is not found and thus will not be used
05-18 07:18:12.987  1263  2096 I MediaProvider: Begin Intent { act=android.intent.action.MEDIA_SCANNER_SCAN_FILE dat=file:///sdcard/screen_2025-05-18_151811.png flg=0x1400010 cmp=com.google.android.providers.media.module/com.android.providers.media.MediaService }
05-18 07:18:13.074  1263  2096 I MediaProvider: End Intent { act=android.intent.action.MEDIA_SCANNER_SCAN_FILE dat=file:///sdcard/screen_2025-05-18_151811.png flg=0x1400010 cmp=com.google.android.providers.media.module/com.android.providers.media.MediaService }
05-18 07:18:13.091 21151 21151 I cr_WVCFactoryProvider: version=136.0.7103.60 (710306038) minSdkVersion=29 isBundle=false multiprocess=true packageId=2
05-18 07:18:13.110  1263  5048 I MediaProvider: Deleted 0 1 0 0 0 0 0 items on external_primary due to com.android.shell
05-18 07:18:13.112  1126  4494 I UriTaskContentObserver: (REDACTED) Throttling content uri change event for %s
05-18 07:18:13.149  1815 18266 I Finsky  : [254] oii.run(637): Skipping a request to /bulkAcquire since cache has all the records.
05-18 07:18:13.165  1126 17154 I NearbyMediums: No BLE Fast/GATT advertisements found in the latest cycle.
05-18 07:18:13.175 21151 21391 I chromium: [0518/071813.158515:INFO:android_webview/browser/variations/variations_seed_loader.cc:67] Failed to open file for reading.: No such file or directory (2)
05-18 07:18:13.179 21151 21391 I chromium: [INFO:android_webview/browser/variations/variations_seed_loader.cc:67] Failed to open file for reading.: No such file or directory (2)
05-18 07:18:13.217 21151 21151 I cr_LibraryLoader: Successfully loaded native library
05-18 07:18:13.220 21151 21151 I cr_CachingUmaRecorder: Flushed 7 samples from 7 histograms, 0 samples were dropped.
05-18 07:18:13.242 21151 21151 I cr_CombinedPProvider: #registerProvider() provider:WV.J8@b715e79 isPolicyCacheEnabled:false policyProvidersSize:0
05-18 07:18:13.242 21151 21151 I cr_PolicyProvider: #setManagerAndSource() 0
05-18 07:18:13.259   538   573 I ActivityManager: Start proc 21400:com.google.android.webview:sandboxed_process0:org.chromium.content.app.SandboxedProcessService0:0/u0i5 for  {com.rsupport.mvagent/org.chromium.content.app.SandboxedProcessService0:0}
05-18 07:18:13.262 21400 21400 W ocessService0:: Unexpected CPU variant for X86 using defaults: x86_64
05-18 07:18:13.265 21400 21400 E ocessService0:: Not starting debugger since process cannot load the jdwp agent.
05-18 07:18:13.287 21400 21400 I LoadedApk: No resource references to update in package com.google.android.trichromelibrary
05-18 07:18:13.287 21400 21400 I cr_WebViewApkApp: version=136.0.7103.60 (710306038) minSdkVersion=29 isBundle=false processName=com.google.android.webview:sandboxed_process0:org.chromium.content.app.SandboxedProcessService0:0
05-18 07:18:13.289 21400 21400 I cr_ChildProcessService: Creating new ChildProcessService pid=21400
05-18 07:18:13.291  1815  1815 W Finsky  : [2] ajwy.b(131): STU: Failed to get storage stats for package 'com.google.android.media.swcodec' (1601: Error getting stats: android.content.pm.PackageManager.NameNotFoundException)
05-18 07:18:13.296  1815  1815 W Finsky  : [2] ajwy.b(131): STU: Failed to get storage stats for package 'com.google.android.art' (1601: Error getting stats: android.content.pm.PackageManager.NameNotFoundException)
05-18 07:18:13.329  1815  1815 W Finsky  : [2] ajwy.b(131): STU: Failed to get storage stats for package 'com.google.android.mediaprovider' (1601: Error getting stats: android.content.pm.PackageManager.NameNotFoundException)
05-18 07:18:13.346  1815  1815 W Finsky  : [2] ajwy.b(131): STU: Failed to get storage stats for package 'com.google.android.adbd' (1601: Error getting stats: android.content.pm.PackageManager.NameNotFoundException)
05-18 07:18:13.390 21151 21151 I cr_CombinedPProvider: #linkNativeInternal() 1
05-18 07:18:13.391 21151 21151 I cr_AppResProvider: #getApplicationRestrictionsFromUserManager() Bundle[EMPTY_PARCEL]
05-18 07:18:13.392 21151 21151 I cr_PolicyProvider: #notifySettingsAvailable() 0
05-18 07:18:13.392 21151 21151 I cr_CombinedPProvider: #onSettingsAvailable() 0
05-18 07:18:13.392 21151 21151 I cr_CombinedPProvider: #flushPolicies()
05-18 07:18:13.418  1815  1815 W Finsky  : [2] ajwy.b(131): STU: Failed to get storage stats for package 'com.google.android.resolv' (1601: Error getting stats: android.content.pm.PackageManager.NameNotFoundException)
05-18 07:18:13.439  1815  1815 W Finsky  : [2] ajwy.b(131): STU: Failed to get storage stats for package 'com.google.android.conscrypt' (1601: Error getting stats: android.content.pm.PackageManager.NameNotFoundException)
05-18 07:18:13.440  1815  1815 W Finsky  : [2] ajwy.b(131): STU: Failed to get storage stats for package 'com.google.android.media' (1601: Error getting stats: android.content.pm.PackageManager.NameNotFoundException)
05-18 07:18:13.470  1815  1815 W Finsky  : [2] ajwy.b(131): STU: Failed to get storage stats for package 'com.google.android.neuralnetworks' (1601: Error getting stats: android.content.pm.PackageManager.NameNotFoundException)
05-18 07:18:13.473  1815  1815 W Finsky  : [2] ajwy.b(131): STU: Failed to get storage stats for package 'com.google.android.ipsec' (1601: Error getting stats: android.content.pm.PackageManager.NameNotFoundException)
05-18 07:18:13.509  1815  1815 W Finsky  : [2] ajwy.b(131): STU: Failed to get storage stats for package 'com.google.android.sdkext' (1601: Error getting stats: android.content.pm.PackageManager.NameNotFoundException)
05-18 07:18:13.542  1815  1815 W Finsky  : [2] ajwy.b(131): STU: Failed to get storage stats for package 'com.google.android.tethering' (1601: Error getting stats: android.content.pm.PackageManager.NameNotFoundException)
05-18 07:18:13.566  1815  1815 W Finsky  : [2] ajwy.b(131): STU: Failed to get storage stats for package 'com.google.android.extservices' (1601: Error getting stats: android.content.pm.PackageManager.NameNotFoundException)
05-18 07:18:13.649  1815  1815 W Finsky  : [2] ajwy.b(131): STU: Failed to get storage stats for package 'com.google.android.os.statsd' (1601: Error getting stats: android.content.pm.PackageManager.NameNotFoundException)
05-18 07:18:13.653  1815  1815 W Finsky  : [2] ajwy.b(131): STU: Failed to get storage stats for package 'com.google.android.cellbroadcast' (1601: Error getting stats: android.content.pm.PackageManager.NameNotFoundException)
05-18 07:18:13.689  1815  1815 W Finsky  : [2] ajwy.b(131): STU: Failed to get storage stats for package 'com.google.android.scheduling' (1601: Error getting stats: android.content.pm.PackageManager.NameNotFoundException)
05-18 07:18:13.717  1815  1815 I Finsky  : [2] nqf.a(199): App states replicator found 4 unowned apps
05-18 07:18:13.724  1815  1815 I Finsky  : [2] nqk.b(18): Completed 0 account content syncs with 0 successful.
05-18 07:18:13.730  1815  1815 I Finsky  : [2] ContentSyncJob.a(12): [ContentSync] Installation state replication succeeded.
05-18 07:18:13.731  1815  1815 I Finsky  : [2] aigi.q(56): SCH: jobFinished: 12-1. TimeElapsed: 1594ms.
05-18 07:18:13.772  1815  2246 I Finsky  : [64] sii.accept(58): SCH: Scheduling phonesky job Id: 1-1337, CT: 1747532943899, Constraints: [{ L: 35227003, D: 78427003, C: CHARGING_NONE, I: IDLE_NONE, N: NET_ANY, B: BATTERY_ANY }]
05-18 07:18:13.773  1815  2246 I Finsky  : [64] sii.accept(58): SCH: Scheduling phonesky job Id: 34-9, CT: 1747532948452, Constraints: [{ L: 79199873, D: 1375199873, C: CHARGING_NONE, I: IDLE_NONE, N: NET_ANY, B: BATTERY_ANY }]
05-18 07:18:13.773  1815  2246 I Finsky  : [64] sii.accept(58): SCH: Scheduling phonesky job Id: 34-12, CT: 1747532949674, Constraints: [{ L: 604800000, D: 2591999137, C: CHARGING_NONE, I: IDLE_NONE, N: NET_ANY, B: BATTERY_ANY }]
05-18 07:18:13.779 21151 21151 I Choreographer: Skipped 56 frames!  The application may be doing too much work on its main thread.
05-18 07:18:13.788  1815  2172 I Finsky  : [52] nic.apply(251): SCH: Scheduling 1 system job(s)
05-18 07:18:13.789  1815  2172 I Finsky  : [52] aige.b(244): SCH: Scheduling system job Id: 9284, L: 15477113, D: 58677113, C: false, I: false, N: 1
05-18 07:18:13.802  1815 21326 I Finsky  : [282] aihy.a(24): SCH: job service finished with id 9280.
05-18 07:18:13.813 21151 21460 I CameraManagerGlobal: Connecting to camera service
05-18 07:18:13.819 21151 21166 I OpenGLRenderer: Davey! duration=966ms; Flags=0, FrameTimelineVsyncId=22179, IntendedVsync=4055855692588, Vsync=4056789025884, InputEventId=0, HandleInputStart=4056803001000, AnimationStart=4056803043700, PerformTraversalsStart=4056803512100, DrawStart=4056803570400, FrameDeadline=4055889025920, FrameInterval=4056802901500, FrameStartTime=16666666, SyncQueued=4056803961400, SyncStart=4056804327100, IssueDrawCommandsStart=4056804788300, SwapBuffers=4056817712000, FrameCompleted=4056822884400, DequeueBufferDuration=31700, QueueBufferDuration=1076200, GpuCompleted=4056822705200, SwapBuffersCompleted=4056822884400, DisplayPresentTime=0, 
05-18 07:18:13.833 21151 21438 W cr_media: BLUETOOTH_CONNECT permission is missing.
05-18 07:18:13.836 21151 21438 W cr_media: getBluetoothAdapter() requires BLUETOOTH permission
05-18 07:18:13.836 21151 21438 W cr_media: registerBluetoothIntentsIfNeeded: Requires BLUETOOTH permission
05-18 07:18:13.842  1263  1472 W MediaProvider: isAppCloneUserPair for user 0: false
05-18 07:18:13.858   428   623 W ServiceManager: Permission failure: android.permission.CAMERA_OPEN_CLOSE_LISTENER from uid=10183 pid=21151
05-18 07:18:13.864 21400 21417 I cr_LibraryLoader: Successfully loaded native library
05-18 07:18:13.867 21400 21417 I cr_CachingUmaRecorder: Flushed 2 samples from 2 histograms, 0 samples were dropped.
05-18 07:18:13.868   178   178 I hwservicemanager: getTransport: Cannot find entry android.hardware.graphics.mapper@4.0::IMapper/default in either framework or device VINTF manifest.
05-18 07:18:13.869 21457 21468 I Gralloc4: mapper 4.x is not supported
05-18 07:18:13.887 21400 21417 W SystemServiceRegistry: No service published for: uimode
05-18 07:18:13.946 21400 21417 W chromium: [WARNING:content/child/runtime_features.cc:554] Fenced frames cannot be enabled in this configuration. Use --enable-features=FencedFrames instead.
05-18 07:18:13.947 21400 21417 W chromium: [WARNING:content/child/runtime_features.cc:579] Topics cannot be enabled in this configuration. Use --enable-features=BrowsingTopics in addition.
05-18 07:18:13.947 21400 21417 W chromium: [WARNING:content/child/runtime_features.cc:600] SharedStorage cannot be enabled in this configuration. Use --enable-features=SharedStorageAPI in addition.
05-18 07:18:14.129  1126  1146 I FontLog : (REDACTED) Received query %s, URI %s
05-18 07:18:14.130  1126  1146 I FontLog : (REDACTED) Query [%s] resolved to %s
05-18 07:18:14.199  1369 21482 I AdvertisingIdClient: shouldSendLog 3927519
05-18 07:18:14.210  1369 21482 I AdvertisingIdClient: GetInfoInternal elapse 39ms
05-18 07:18:14.212  1126  1146 I FontLog : (REDACTED) Font PFD returned from cache for %s
05-18 07:18:14.221  1126  1146 I FontLog : (REDACTED) Fetch %s end status %s
05-18 07:18:14.254  1126  1146 I FontLog : (REDACTED) Pulling font file for id = %d, cache size = %d
05-18 07:18:14.274  1126  5695 I FontLog : (REDACTED) Received query %s, URI %s
05-18 07:18:14.281  1126  5695 I FontLog : (REDACTED) Query [%s] resolved to %s
05-18 07:18:14.295  1126  5695 I FontLog : (REDACTED) Fetch %s end status %s
05-18 07:18:14.298  1126  5695 I FontLog : (REDACTED) Pulling font file for id = %d, cache size = %d
05-18 07:18:14.306  1126  5695 I FontLog : (REDACTED) Received query %s, URI %s
05-18 07:18:14.306  1126  5695 I FontLog : (REDACTED) Query [%s] resolved to %s
05-18 07:18:14.308  1126  5695 I FontLog : (REDACTED) Font PFD returned from cache for %s
05-18 07:18:14.309  1126  5695 I FontLog : (REDACTED) Fetch %s end status %s
05-18 07:18:14.327  1126  5695 I FontLog : (REDACTED) Pulling font file for id = %d, cache size = %d
05-18 07:18:14.339  1126  5695 I FontLog : (REDACTED) Received query %s, URI %s
05-18 07:18:14.339  1126  5695 I FontLog : (REDACTED) Query [%s] resolved to %s
05-18 07:18:14.342  1126  5695 I FontLog : (REDACTED) Font PFD returned from cache for %s
05-18 07:18:14.343  1126  5695 I FontLog : (REDACTED) Fetch %s end status %s
05-18 07:18:14.347  1126 21352 I SQLiteConnectionPool: The connection pool for /data/user/0/com.google.android.gms/databases/metadata.db has been closed but there are still 1 connections in use.  They will be closed as they are released back to the pool.
05-18 07:18:14.360  1126  5695 I FontLog : (REDACTED) Pulling font file for id = %d, cache size = %d
05-18 07:18:14.364  1126 20717 W FontLog : Error updating last accessed time for {Google Sans, wdth 100.0, wght 400, ital 0.0, bestEffort false}, isVf false}. [CONTEXT service_id=132 ]
05-18 07:18:14.364  1126 20717 W FontLog : java.lang.IllegalStateException: Cannot perform this operation because the connection pool has been closed.
05-18 07:18:14.364  1126 20717 W FontLog : 	at android.database.sqlite.SQLiteConnectionPool.throwIfClosedLocked(SQLiteConnectionPool.java:1071)
05-18 07:18:14.364  1126 20717 W FontLog : 	at android.database.sqlite.SQLiteConnectionPool.waitForConnection(SQLiteConnectionPool.java:763)
05-18 07:18:14.364  1126 20717 W FontLog : 	at android.database.sqlite.SQLiteConnectionPool.acquireConnection(SQLiteConnectionPool.java:380)
05-18 07:18:14.364  1126 20717 W FontLog : 	at android.database.sqlite.SQLiteSession.acquireConnection(SQLiteSession.java:896)
05-18 07:18:14.364  1126 20717 W FontLog : 	at android.database.sqlite.SQLiteSession.executeForChangedRowCount(SQLiteSession.java:754)
05-18 07:18:14.364  1126 20717 W FontLog : 	at android.database.sqlite.SQLiteStatement.executeUpdateDelete(SQLiteStatement.java:67)
05-18 07:18:14.364  1126 20717 W FontLog : 	at android.database.sqlite.SQLiteDatabase.executeSql(SQLiteDatabase.java:1921)
05-18 07:18:14.364  1126 20717 W FontLog : 	at android.database.sqlite.SQLiteDatabase.execSQL(SQLiteDatabase.java:1898)
05-18 07:18:14.364  1126 20717 W FontLog : 	at bkhs.run(:com.google.android.gms@251333032@25.13.33 (190800-745790146):57)
05-18 07:18:14.364  1126 20717 W FontLog : 	at ausj.c(:com.google.android.gms@251333032@25.13.33 (190800-745790146):50)
05-18 07:18:14.364  1126 20717 W FontLog : 	at ausj.run(:com.google.android.gms@251333032@25.13.33 (190800-745790146):70)
05-18 07:18:14.364  1126 20717 W FontLog : 	at java.util.concurrent.ThreadPoolExecutor.runWorker(ThreadPoolExecutor.java:1167)
05-18 07:18:14.364  1126 20717 W FontLog : 	at java.util.concurrent.ThreadPoolExecutor$Worker.run(ThreadPoolExecutor.java:641)
05-18 07:18:14.364  1126 20717 W FontLog : 	at auxx.run(:com.google.android.gms@251333032@25.13.33 (190800-745790146):8)
05-18 07:18:14.364  1126 20717 W FontLog : 	at java.lang.Thread.run(Thread.java:920)
05-18 07:18:14.369  1126  1146 I FontLog : (REDACTED) Received query %s, URI %s
05-18 07:18:14.370  1126  1146 I FontLog : (REDACTED) Query [%s] resolved to %s
05-18 07:18:14.371  1126  1146 I FontLog : (REDACTED) Font PFD returned from cache for %s
05-18 07:18:14.371  1126  1146 I FontLog : (REDACTED) Fetch %s end status %s
05-18 07:18:14.374  1126  1146 I FontLog : (REDACTED) Pulling font file for id = %d, cache size = %d
05-18 07:18:14.424 21151 21215 W support.mvagen: Accessing hidden method Lcom/android/org/conscrypt/ConscryptEngineSocket;->setUseSessionTickets(Z)V (max-target-q,core-platform-api, reflection, denied)
05-18 07:18:14.424 21151 21215 W support.mvagen: Accessing hidden method Lcom/android/org/conscrypt/OpenSSLSocketImpl;->setUseSessionTickets(Z)V (max-target-q,core-platform-api, reflection, denied)
05-18 07:18:14.425 21151 21215 W support.mvagen: Accessing hidden method Lcom/android/org/conscrypt/AbstractConscryptSocket;->setUseSessionTickets(Z)V (max-target-q, reflection, denied)
05-18 07:18:14.425 21151 21215 W support.mvagen: Accessing hidden method Lcom/android/org/conscrypt/ConscryptEngineSocket;->setHostname(Ljava/lang/String;)V (max-target-q,core-platform-api, reflection, denied)
05-18 07:18:14.425 21151 21215 W support.mvagen: Accessing hidden method Lcom/android/org/conscrypt/OpenSSLSocketImpl;->setHostname(Ljava/lang/String;)V (max-target-q,core-platform-api, reflection, denied)
05-18 07:18:14.425 21151 21215 W support.mvagen: Accessing hidden method Lcom/android/org/conscrypt/AbstractConscryptSocket;->setHostname(Ljava/lang/String;)V (max-target-q, reflection, denied)
05-18 07:18:14.425 21151 21215 W support.mvagen: Accessing hidden method Lcom/android/org/conscrypt/OpenSSLSocketImpl;->setAlpnProtocols([B)V (max-target-q,core-platform-api, reflection, denied)
05-18 07:18:14.425 21151 21215 W support.mvagen: Accessing hidden method Lcom/android/org/conscrypt/AbstractConscryptSocket;->setAlpnProtocols([B)V (max-target-q, reflection, denied)
05-18 07:18:14.461 21151 21217 W support.mvagen: Accessing hidden method Lcom/android/org/conscrypt/ConscryptEngineSocket;->setUseSessionTickets(Z)V (max-target-q,core-platform-api, reflection, denied)
05-18 07:18:14.462 21151 21217 W support.mvagen: Accessing hidden method Lcom/android/org/conscrypt/OpenSSLSocketImpl;->setUseSessionTickets(Z)V (max-target-q,core-platform-api, reflection, denied)
05-18 07:18:14.462 21151 21217 W support.mvagen: Accessing hidden method Lcom/android/org/conscrypt/AbstractConscryptSocket;->setUseSessionTickets(Z)V (max-target-q, reflection, denied)
05-18 07:18:14.464 21151 21217 W support.mvagen: Accessing hidden method Lcom/android/org/conscrypt/ConscryptEngineSocket;->setHostname(Ljava/lang/String;)V (max-target-q,core-platform-api, reflection, denied)
05-18 07:18:14.466 21151 21217 W support.mvagen: Accessing hidden method Lcom/android/org/conscrypt/OpenSSLSocketImpl;->setHostname(Ljava/lang/String;)V (max-target-q,core-platform-api, reflection, denied)
05-18 07:18:14.466 21151 21217 W support.mvagen: Accessing hidden method Lcom/android/org/conscrypt/AbstractConscryptSocket;->setHostname(Ljava/lang/String;)V (max-target-q, reflection, denied)
05-18 07:18:14.466 21151 21217 W support.mvagen: Accessing hidden method Lcom/android/org/conscrypt/OpenSSLSocketImpl;->setAlpnProtocols([B)V (max-target-q,core-platform-api, reflection, denied)
05-18 07:18:14.466 21151 21217 W support.mvagen: Accessing hidden method Lcom/android/org/conscrypt/AbstractConscryptSocket;->setAlpnProtocols([B)V (max-target-q, reflection, denied)
05-18 07:18:14.492  1815  2405 I Finsky  : [98] alyu.v(185): Package com.google.android.gms is verified.
05-18 07:18:14.499  1369 21482 W FA-SVC  : Service response is missing Install Referrer install timestamp
05-18 07:18:14.648  1263  2096 I MediaProvider: Begin Intent { act=android.intent.action.MEDIA_SCANNER_SCAN_FILE dat=file:///sdcard/screen_2025-05-18_151813.png flg=0x1400010 cmp=com.google.android.providers.media.module/com.android.providers.media.MediaService }
