05-18 07:18:41.564  1263  6559 I MediaProvider: Open with lower FS for /storage/emulated/0/screen_2025-04-22_154519.png. Uid: 10126
05-18 07:18:41.572  3198  3243 I XmpUtil : XMP parse: only JPEG file is supported
05-18 07:18:41.578  1263  6559 I MediaProvider: Open with lower FS for /storage/emulated/0/screen_2025-04-22_154514.png. Uid: 10126
05-18 07:18:41.587  3198  3243 I XmpUtil : XMP parse: only JPEG file is supported
05-18 07:18:41.592  1263  6559 I MediaProvider: Open with lower FS for /storage/emulated/0/screen_2025-04-22_154513.png. Uid: 10126
05-18 07:18:41.602  3198  3243 I XmpUtil : XMP parse: only JPEG file is supported
05-18 07:18:41.607  1263  6559 I MediaProvider: Open with lower FS for /storage/emulated/0/screen_2025-04-22_150349.png. Uid: 10126
05-18 07:18:41.622   538   897 W UriGrantsManagerService: No permission grants found for com.google.android.apps.photos
05-18 07:18:41.622   538  1988 W UriGrantsManagerService: No permission grants found for com.google.android.apps.photos
05-18 07:18:41.638  3198  3243 I XmpUtil : XMP parse: only JPEG file is supported
05-18 07:18:41.643  1263  6559 I MediaProvider: Open with lower FS for /storage/emulated/0/screen_2025-05-08_163228.png. Uid: 10126
05-18 07:18:41.650  3198  3243 I XmpUtil : XMP parse: only JPEG file is supported
05-18 07:18:41.655  1263  6559 I MediaProvider: Open with lower FS for /storage/emulated/0/screen_2025-05-08_163227.png. Uid: 10126
05-18 07:18:41.663  3198  3243 I XmpUtil : XMP parse: only JPEG file is supported
05-18 07:18:41.667  1263  6559 I MediaProvider: Open with lower FS for /storage/emulated/0/screen_2025-05-08_163222.png. Uid: 10126
05-18 07:18:41.674  3198  3243 I XmpUtil : XMP parse: only JPEG file is supported
05-18 07:18:41.681  1263  6559 I MediaProvider: Open with lower FS for /storage/emulated/0/screen_2025-05-08_163216.png. Uid: 10126
05-18 07:18:41.707  3198  3243 I XmpUtil : XMP parse: only JPEG file is supported
05-18 07:18:41.713  1263  6559 I MediaProvider: Open with lower FS for /storage/emulated/0/screen_2025-05-08_163228.png. Uid: 10126
05-18 07:18:41.719  3198  3243 I XmpUtil : XMP parse: only JPEG file is supported
05-18 07:18:41.724  1263  6559 I MediaProvider: Open with lower FS for /storage/emulated/0/screen_2025-05-08_163227.png. Uid: 10126
05-18 07:18:41.730  3198  3243 I XmpUtil : XMP parse: only JPEG file is supported
05-18 07:18:41.737  1263  6559 I MediaProvider: Open with lower FS for /storage/emulated/0/screen_2025-05-08_163222.png. Uid: 10126
05-18 07:18:41.745  3198  3243 I XmpUtil : XMP parse: only JPEG file is supported
05-18 07:18:41.750  1263  6559 I MediaProvider: Open with lower FS for /storage/emulated/0/screen_2025-05-08_163216.png. Uid: 10126
05-18 07:18:41.758  3198  3243 I XmpUtil : XMP parse: only JPEG file is supported
05-18 07:18:41.767  1263  6559 I MediaProvider: Open with lower FS for /storage/emulated/0/screen_2025-04-22_154646.png. Uid: 10126
05-18 07:18:41.777  3198  3243 I XmpUtil : XMP parse: only JPEG file is supported
05-18 07:18:41.782  1263  6559 I MediaProvider: Open with lower FS for /storage/emulated/0/screen_2025-04-22_154640.png. Uid: 10126
05-18 07:18:41.792  3198  3243 I XmpUtil : XMP parse: only JPEG file is supported
05-18 07:18:41.798  1263  6559 I MediaProvider: Open with lower FS for /storage/emulated/0/screen_2025-04-22_154635.png. Uid: 10126
05-18 07:18:41.805  3198  3243 I XmpUtil : XMP parse: only JPEG file is supported
05-18 07:18:41.811  1263  6559 I MediaProvider: Open with lower FS for /storage/emulated/0/screen_2025-04-22_154634.png. Uid: 10126
05-18 07:18:41.817  3198  3243 I XmpUtil : XMP parse: only JPEG file is supported
05-18 07:18:41.822  1263  6559 I MediaProvider: Open with lower FS for /storage/emulated/0/screen_2025-04-22_154629.png. Uid: 10126
05-18 07:18:41.829  3198  3243 I XmpUtil : XMP parse: only JPEG file is supported
05-18 07:18:41.834  1263  6559 I MediaProvider: Open with lower FS for /storage/emulated/0/screen_2025-04-22_154623.png. Uid: 10126
05-18 07:18:41.841  3198  3243 I XmpUtil : XMP parse: only JPEG file is supported
05-18 07:18:41.846  1263  6559 I MediaProvider: Open with lower FS for /storage/emulated/0/screen_2025-04-22_154617.png. Uid: 10126
05-18 07:18:41.855  3198  3243 I XmpUtil : XMP parse: only JPEG file is supported
05-18 07:18:41.862  1263  6559 I MediaProvider: Open with lower FS for /storage/emulated/0/screen_2025-04-22_154612.png. Uid: 10126
05-18 07:18:41.872  3198  3243 I XmpUtil : XMP parse: only JPEG file is supported
05-18 07:18:41.879  1263  6559 I MediaProvider: Open with lower FS for /storage/emulated/0/screen_2025-04-22_154611.png. Uid: 10126
05-18 07:18:41.890  3198  3243 I XmpUtil : XMP parse: only JPEG file is supported
05-18 07:18:41.896  1263  6560 I MediaProvider: Open with lower FS for /storage/emulated/0/screen_2025-04-22_154606.png. Uid: 10126
05-18 07:18:41.907  3198  3243 I XmpUtil : XMP parse: only JPEG file is supported
05-18 07:18:41.914  1263  6560 I MediaProvider: Open with lower FS for /storage/emulated/0/screen_2025-04-22_154600.png. Uid: 10126
05-18 07:18:41.926  3198  3243 I XmpUtil : XMP parse: only JPEG file is supported
05-18 07:18:41.931  1263  6560 I MediaProvider: Open with lower FS for /storage/emulated/0/screen_2025-04-22_154554.png. Uid: 10126
05-18 07:18:41.942  3198  3243 I XmpUtil : XMP parse: only JPEG file is supported
05-18 07:18:41.947  1263  6560 I MediaProvider: Open with lower FS for /storage/emulated/0/screen_2025-04-22_154549.png. Uid: 10126
05-18 07:18:41.955  3198  3243 I XmpUtil : XMP parse: only JPEG file is supported
05-18 07:18:41.961  1263  6560 I MediaProvider: Open with lower FS for /storage/emulated/0/screen_2025-04-22_154548.png. Uid: 10126
05-18 07:18:41.968  3198  3243 I XmpUtil : XMP parse: only JPEG file is supported
05-18 07:18:41.974  1263  6560 I MediaProvider: Open with lower FS for /storage/emulated/0/screen_2025-04-22_154543.png. Uid: 10126
05-18 07:18:41.982  3198  3243 I XmpUtil : XMP parse: only JPEG file is supported
05-18 07:18:41.989  1263  6560 I MediaProvider: Open with lower FS for /storage/emulated/0/screen_2025-04-22_154542.png. Uid: 10126
05-18 07:18:41.999  3198  3243 I XmpUtil : XMP parse: only JPEG file is supported
05-18 07:18:42.004  1263  6560 I MediaProvider: Open with lower FS for /storage/emulated/0/screen_2025-04-22_154537.png. Uid: 10126
05-18 07:18:42.014  3198  3243 I XmpUtil : XMP parse: only JPEG file is supported
05-18 07:18:42.018  1263  6560 I MediaProvider: Open with lower FS for /storage/emulated/0/screen_2025-04-22_154531.png. Uid: 10126
05-18 07:18:42.026  3198  3243 I XmpUtil : XMP parse: only JPEG file is supported
05-18 07:18:42.031  1263  6560 I MediaProvider: Open with lower FS for /storage/emulated/0/screen_2025-04-22_154526.png. Uid: 10126
05-18 07:18:42.040  3198  3243 I XmpUtil : XMP parse: only JPEG file is supported
05-18 07:18:42.045  1263  6560 I MediaProvider: Open with lower FS for /storage/emulated/0/screen_2025-04-22_154525.png. Uid: 10126
05-18 07:18:42.053  3198  3243 I XmpUtil : XMP parse: only JPEG file is supported
05-18 07:18:42.060  1263  6560 I MediaProvider: Open with lower FS for /storage/emulated/0/screen_2025-04-22_154520.png. Uid: 10126
05-18 07:18:42.068  3198  3243 I XmpUtil : XMP parse: only JPEG file is supported
05-18 07:18:42.072  1263  6560 I MediaProvider: Open with lower FS for /storage/emulated/0/screen_2025-04-22_154519.png. Uid: 10126
05-18 07:18:42.080  3198  3243 I XmpUtil : XMP parse: only JPEG file is supported
05-18 07:18:42.087  1263  6560 I MediaProvider: Open with lower FS for /storage/emulated/0/screen_2025-04-22_154514.png. Uid: 10126
05-18 07:18:42.097  3198  3243 I XmpUtil : XMP parse: only JPEG file is supported
05-18 07:18:42.103  1263  6560 I MediaProvider: Open with lower FS for /storage/emulated/0/screen_2025-04-22_154513.png. Uid: 10126
05-18 07:18:42.112  3198  3243 I XmpUtil : XMP parse: only JPEG file is supported
05-18 07:18:42.117  1263  6560 I MediaProvider: Open with lower FS for /storage/emulated/0/screen_2025-04-22_150349.png. Uid: 10126
05-18 07:18:42.138  3198  3243 I XmpUtil : XMP parse: only JPEG file is supported
05-18 07:18:42.144  1263  6560 I MediaProvider: Open with lower FS for /storage/emulated/0/screen_2025-04-22_150349.png. Uid: 10126
05-18 07:18:42.154  3198  3243 I XmpUtil : XMP parse: only JPEG file is supported
05-18 07:18:42.159  1263  6560 I MediaProvider: Open with lower FS for /storage/emulated/0/screen_2025-04-22_154513.png. Uid: 10126
05-18 07:18:42.169  3198  3243 I XmpUtil : XMP parse: only JPEG file is supported
05-18 07:18:42.175  1263  6560 I MediaProvider: Open with lower FS for /storage/emulated/0/screen_2025-04-22_154514.png. Uid: 10126
05-18 07:18:42.185  3198  3243 I XmpUtil : XMP parse: only JPEG file is supported
05-18 07:18:42.191  1263  6560 I MediaProvider: Open with lower FS for /storage/emulated/0/screen_2025-04-22_154519.png. Uid: 10126
05-18 07:18:42.199  3198  3243 I XmpUtil : XMP parse: only JPEG file is supported
05-18 07:18:42.205  1263  6560 I MediaProvider: Open with lower FS for /storage/emulated/0/screen_2025-04-22_154520.png. Uid: 10126
05-18 07:18:42.214  3198  3243 I XmpUtil : XMP parse: only JPEG file is supported
05-18 07:18:42.224  1263  6560 I MediaProvider: Open with lower FS for /storage/emulated/0/screen_2025-04-22_154525.png. Uid: 10126
05-18 07:18:42.232  3198  3243 I XmpUtil : XMP parse: only JPEG file is supported
05-18 07:18:42.238  1263  6560 I MediaProvider: Open with lower FS for /storage/emulated/0/screen_2025-04-22_154526.png. Uid: 10126
05-18 07:18:42.247  3198  3243 I XmpUtil : XMP parse: only JPEG file is supported
05-18 07:18:42.252  1263  6560 I MediaProvider: Open with lower FS for /storage/emulated/0/screen_2025-04-22_154531.png. Uid: 10126
05-18 07:18:42.259  3198  3243 I XmpUtil : XMP parse: only JPEG file is supported
05-18 07:18:42.270  1263  6560 I MediaProvider: Open with lower FS for /storage/emulated/0/screen_2025-04-22_154537.png. Uid: 10126
05-18 07:18:42.282  3198  3243 I XmpUtil : XMP parse: only JPEG file is supported
05-18 07:18:42.287  1263  6560 I MediaProvider: Open with lower FS for /storage/emulated/0/screen_2025-04-22_154542.png. Uid: 10126
05-18 07:18:42.297  3198  3243 I XmpUtil : XMP parse: only JPEG file is supported
05-18 07:18:42.302  1263  6560 I MediaProvider: Open with lower FS for /storage/emulated/0/screen_2025-04-22_154543.png. Uid: 10126
05-18 07:18:42.314  3198  3243 I XmpUtil : XMP parse: only JPEG file is supported
05-18 07:18:42.321  1263  6560 I MediaProvider: Open with lower FS for /storage/emulated/0/screen_2025-04-22_154548.png. Uid: 10126
05-18 07:18:42.330  3198  3243 I XmpUtil : XMP parse: only JPEG file is supported
05-18 07:18:42.336  1263  1300 I MediaProvider: Open with lower FS for /storage/emulated/0/screen_2025-04-22_154549.png. Uid: 10126
05-18 07:18:42.345  3198  3243 I XmpUtil : XMP parse: only JPEG file is supported
05-18 07:18:42.350  1263  1300 I MediaProvider: Open with lower FS for /storage/emulated/0/screen_2025-04-22_154554.png. Uid: 10126
05-18 07:18:42.360  3198  3243 I XmpUtil : XMP parse: only JPEG file is supported
05-18 07:18:42.366  1263  1300 I MediaProvider: Open with lower FS for /storage/emulated/0/screen_2025-04-22_154600.png. Uid: 10126
05-18 07:18:42.373  3198  3243 I XmpUtil : XMP parse: only JPEG file is supported
05-18 07:18:42.376  1263  6559 I MediaProvider: Open with lower FS for /storage/emulated/0/screen_2025-04-22_154606.png. Uid: 10126
05-18 07:18:42.385  3198  3243 I XmpUtil : XMP parse: only JPEG file is supported
05-18 07:18:42.390  1263  6559 I MediaProvider: Open with lower FS for /storage/emulated/0/screen_2025-04-22_154611.png. Uid: 10126
05-18 07:18:42.398  3198  3243 I XmpUtil : XMP parse: only JPEG file is supported
05-18 07:18:42.404  1263  6559 I MediaProvider: Open with lower FS for /storage/emulated/0/screen_2025-04-22_154612.png. Uid: 10126
05-18 07:18:42.419  3198  3243 I XmpUtil : XMP parse: only JPEG file is supported
05-18 07:18:42.426  1263  1300 I MediaProvider: Open with lower FS for /storage/emulated/0/screen_2025-04-22_154617.png. Uid: 10126
05-18 07:18:42.435  3198  3243 I XmpUtil : XMP parse: only JPEG file is supported
05-18 07:18:42.442  1263  1300 I MediaProvider: Open with lower FS for /storage/emulated/0/screen_2025-04-22_154623.png. Uid: 10126
05-18 07:18:42.449  3198  3243 I XmpUtil : XMP parse: only JPEG file is supported
05-18 07:18:42.452  1263  1300 I MediaProvider: Open with lower FS for /storage/emulated/0/screen_2025-04-22_154629.png. Uid: 10126
05-18 07:18:42.461  3198  3243 I XmpUtil : XMP parse: only JPEG file is supported
05-18 07:18:42.466  1263  1300 I MediaProvider: Open with lower FS for /storage/emulated/0/screen_2025-04-22_154634.png. Uid: 10126
05-18 07:18:42.480  3198  3243 I XmpUtil : XMP parse: only JPEG file is supported
05-18 07:18:42.485  1263  6559 I MediaProvider: Open with lower FS for /storage/emulated/0/screen_2025-04-22_154635.png. Uid: 10126
05-18 07:18:42.491  1263  1472 W MediaProvider: isAppCloneUserPair for user 0: false
05-18 07:18:42.491  3198  3243 I XmpUtil : XMP parse: only JPEG file is supported
05-18 07:18:42.498  1263  6559 I MediaProvider: Open with lower FS for /storage/emulated/0/screen_2025-04-22_154640.png. Uid: 10126
05-18 07:18:42.506   178   178 I hwservicemanager: getTransport: Cannot find entry android.hardware.graphics.mapper@4.0::IMapper/default in either framework or device VINTF manifest.
05-18 07:18:42.506 22186 22189 I Gralloc4: mapper 4.x is not supported
05-18 07:18:42.512  3198  3243 I XmpUtil : XMP parse: only JPEG file is supported
05-18 07:18:42.518  1263  6560 I MediaProvider: Open with lower FS for /storage/emulated/0/screen_2025-04-22_154646.png. Uid: 10126
05-18 07:18:42.526  3198  3243 I XmpUtil : XMP parse: only JPEG file is supported
05-18 07:18:42.533  1263  6560 I MediaProvider: Open with lower FS for /storage/emulated/0/screen_2025-05-08_163216.png. Uid: 10126
05-18 07:18:42.543  3198  3243 I XmpUtil : XMP parse: only JPEG file is supported
05-18 07:18:42.548  1263  6560 I MediaProvider: Open with lower FS for /storage/emulated/0/screen_2025-05-08_163222.png. Uid: 10126
05-18 07:18:42.558  3198  3243 I XmpUtil : XMP parse: only JPEG file is supported
05-18 07:18:42.561  1263  6560 I MediaProvider: Open with lower FS for /storage/emulated/0/screen_2025-05-08_163227.png. Uid: 10126
05-18 07:18:42.573  3198  3243 I XmpUtil : XMP parse: only JPEG file is supported
05-18 07:18:42.578  1263  6560 I MediaProvider: Open with lower FS for /storage/emulated/0/screen_2025-05-08_163228.png. Uid: 10126
05-18 07:18:42.608  1263  1296 I FuseDaemon: Background young concurrent copying GC freed 33688(2467KB) AllocSpace objects, 0(0B) LOS objects, 47% free, 2795KB/5343KB, paused 8.075ms,162us total 20.703ms
05-18 07:18:43.054  1263  2096 I MediaProvider: Begin Intent { act=android.intent.action.MEDIA_SCANNER_SCAN_FILE dat=file:///sdcard/screen_2025-05-18_151842.png flg=0x1400010 cmp=com.google.android.providers.media.module/com.android.providers.media.MediaService }
05-18 07:18:43.066  1263  2096 I MediaProvider: End Intent { act=android.intent.action.MEDIA_SCANNER_SCAN_FILE dat=file:///sdcard/screen_2025-05-18_151842.png flg=0x1400010 cmp=com.google.android.providers.media.module/com.android.providers.media.MediaService }
05-18 07:18:43.147  1126  4494 I UriTaskContentObserver: (REDACTED) Throttling content uri change event for %s
05-18 07:18:43.147  1263  6017 I MediaProvider: Deleted 0 1 0 0 0 0 0 items on external_primary due to com.android.shell
05-18 07:18:43.181  1126 17154 I NearbyMediums: No BLE Fast/GATT advertisements found in the latest cycle.
05-18 07:18:43.382   538   653 W BestClock: java.time.DateTimeException: Missing NTP fix
05-18 07:18:43.411   538   653 W BestClock: java.time.DateTimeException: Missing NTP fix
05-18 07:18:43.413   538   654 W BestClock: java.time.DateTimeException: Missing NTP fix
05-18 07:18:43.417   538   654 W BestClock: java.time.DateTimeException: Missing NTP fix
05-18 07:18:43.418   538   654 W BestClock: java.time.DateTimeException: Missing NTP fix
05-18 07:18:45.703  1815  2246 I Finsky  : [64] ndj.run(720): AIM: AppInfoManager-Perf > Destroying AppInfoManager ...
05-18 07:18:45.743  1263  5048 W MediaProvider: isAppCloneUserPair for user 0: false
05-18 07:18:45.761   538   653 W BestClock: java.time.DateTimeException: Missing NTP fix
05-18 07:18:45.764   178   178 I hwservicemanager: getTransport: Cannot find entry android.hardware.graphics.mapper@4.0::IMapper/default in either framework or device VINTF manifest.
05-18 07:18:45.765 22317 22319 I Gralloc4: mapper 4.x is not supported
05-18 07:18:45.792   538   653 W BestClock: java.time.DateTimeException: Missing NTP fix
05-18 07:18:45.795   538   654 W BestClock: java.time.DateTimeException: Missing NTP fix
05-18 07:18:45.801   538   654 W BestClock: java.time.DateTimeException: Missing NTP fix
05-18 07:18:45.804   538   654 W BestClock: java.time.DateTimeException: Missing NTP fix
05-18 07:18:46.321  1263  2096 I MediaProvider: Begin Intent { act=android.intent.action.MEDIA_SCANNER_SCAN_FILE dat=file:///sdcard/screen_2025-05-18_151845.png flg=0x1400010 cmp=com.google.android.providers.media.module/com.android.providers.media.MediaService }
05-18 07:18:46.330  1263  2096 I MediaProvider: End Intent { act=android.intent.action.MEDIA_SCANNER_SCAN_FILE dat=file:///sdcard/screen_2025-05-18_151845.png flg=0x1400010 cmp=com.google.android.providers.media.module/com.android.providers.media.MediaService }
05-18 07:18:46.406  1263  5048 I MediaProvider: Deleted 0 1 0 0 0 0 0 items on external_primary due to com.android.shell
05-18 07:18:46.407  1126  4494 I UriTaskContentObserver: (REDACTED) Throttling content uri change event for %s
05-18 07:18:46.975  1263  6017 W MediaProvider: isAppCloneUserPair for user 0: false
05-18 07:18:46.990   178   178 I hwservicemanager: getTransport: Cannot find entry android.hardware.graphics.mapper@4.0::IMapper/default in either framework or device VINTF manifest.
05-18 07:18:46.990 22370 22372 I Gralloc4: mapper 4.x is not supported
05-18 07:18:47.388  1263  2096 I MediaProvider: Begin Intent { act=android.intent.action.MEDIA_SCANNER_SCAN_FILE dat=file:///sdcard/screen_2025-05-18_151846.png flg=0x1400010 cmp=com.google.android.providers.media.module/com.android.providers.media.MediaService }
05-18 07:18:47.400  1263  2096 I MediaProvider: End Intent { act=android.intent.action.MEDIA_SCANNER_SCAN_FILE dat=file:///sdcard/screen_2025-05-18_151846.png flg=0x1400010 cmp=com.google.android.providers.media.module/com.android.providers.media.MediaService }
05-18 07:18:47.469  1263  1635 I MediaProvider: Deleted 0 1 0 0 0 0 0 items on external_primary due to com.android.shell
05-18 07:18:47.470  1126  4494 I UriTaskContentObserver: (REDACTED) Throttling content uri change event for %s
05-18 07:18:47.733 22397 22397 I AndroidRuntime: Using default boot image
05-18 07:18:47.733 22397 22397 I AndroidRuntime: Leaving lock profiling enabled
05-18 07:18:47.737 22397 22397 W libc    : Access denied finding property "odsign.verification.success"
05-18 07:18:47.729 22397 22397 W app_process: type=1400 audit(0.0:398): avc: denied { read } for name="u:object_r:odsign_prop:s0" dev="tmpfs" ino=203 scontext=u:r:shell:s0 tcontext=u:object_r:odsign_prop:s0 tclass=file permissive=0
05-18 07:18:47.739 22397 22397 W app_process: ART APEX data files are untrusted.
05-18 07:18:47.799 22397 22397 W app_process: Unexpected CPU variant for X86 using defaults: x86_64
05-18 07:18:47.802 22397 22397 W app_process: ClassLoaderContext classpath size mismatch. expected=0, found=1 (PCL[] | PCL[/system/framework/android.test.runner.jar*1585996318])
05-18 07:18:48.832 22397 22397 W AccessibilityNodeInfoDumper: Fetch time: 2ms
05-18 07:18:49.993  1263  6017 W MediaProvider: isAppCloneUserPair for user 0: false
05-18 07:18:50.009   178   178 I hwservicemanager: getTransport: Cannot find entry android.hardware.graphics.mapper@4.0::IMapper/default in either framework or device VINTF manifest.
05-18 07:18:50.009 22437 22439 I Gralloc4: mapper 4.x is not supported
05-18 07:18:50.366  1263  2096 I MediaProvider: Begin Intent { act=android.intent.action.MEDIA_SCANNER_SCAN_FILE dat=file:///sdcard/screen_2025-05-18_151849.png flg=0x1400010 cmp=com.google.android.providers.media.module/com.android.providers.media.MediaService }
05-18 07:18:50.388  1263  2096 I MediaProvider: End Intent { act=android.intent.action.MEDIA_SCANNER_SCAN_FILE dat=file:///sdcard/screen_2025-05-18_151849.png flg=0x1400010 cmp=com.google.android.providers.media.module/com.android.providers.media.MediaService }
05-18 07:18:50.454  1263  1635 I MediaProvider: Deleted 0 1 0 0 0 0 0 items on external_primary due to com.android.shell
05-18 07:18:50.454  1126  4494 I UriTaskContentObserver: (REDACTED) Throttling content uri change event for %s
05-18 07:18:51.541   538   835 W InputManager-JNI: Input channel object 'edcbcc8 com.rsupport.mvagent/com.rsupport.mobizen.ui.support.SupportActivity (client)' was disposed without first being removed with the input manager!
05-18 07:18:52.209  1815  2172 I Finsky  : [52] ndj.run(720): AIM: AppInfoManager-Perf > Destroying AppInfoManager ...
05-18 07:18:52.748  1263  5048 W MediaProvider: isAppCloneUserPair for user 0: false
05-18 07:18:52.784   178   178 I hwservicemanager: getTransport: Cannot find entry android.hardware.graphics.mapper@4.0::IMapper/default in either framework or device VINTF manifest.
05-18 07:18:52.784 22548 22551 I Gralloc4: mapper 4.x is not supported
05-18 07:18:53.129   538   653 W BestClock: java.time.DateTimeException: Missing NTP fix
05-18 07:18:53.162   538   653 W BestClock: java.time.DateTimeException: Missing NTP fix
05-18 07:18:53.167   538   654 W BestClock: java.time.DateTimeException: Missing NTP fix
05-18 07:18:53.172   538   654 W BestClock: java.time.DateTimeException: Missing NTP fix
05-18 07:18:53.174   538   654 W BestClock: java.time.DateTimeException: Missing NTP fix
05-18 07:18:53.182  1126 17154 I NearbyMediums: No BLE Fast/GATT advertisements found in the latest cycle.
05-18 07:18:53.320  1263  2096 I MediaProvider: Begin Intent { act=android.intent.action.MEDIA_SCANNER_SCAN_FILE dat=file:///sdcard/screen_2025-05-18_151852.png flg=0x1400010 cmp=com.google.android.providers.media.module/com.android.providers.media.MediaService }
05-18 07:18:53.332  1263  2096 I MediaProvider: End Intent { act=android.intent.action.MEDIA_SCANNER_SCAN_FILE dat=file:///sdcard/screen_2025-05-18_151852.png flg=0x1400010 cmp=com.google.android.providers.media.module/com.android.providers.media.MediaService }
05-18 07:18:53.412  1263  5048 I MediaProvider: Deleted 0 1 0 0 0 0 0 items on external_primary due to com.android.shell
05-18 07:18:53.414  1126  4494 I UriTaskContentObserver: (REDACTED) Throttling content uri change event for %s
05-18 07:18:53.899  1263  1635 W MediaProvider: isAppCloneUserPair for user 0: false
05-18 07:18:53.941   178   178 I hwservicemanager: getTransport: Cannot find entry android.hardware.graphics.mapper@4.0::IMapper/default in either framework or device VINTF manifest.
05-18 07:18:53.942 22607 22613 I Gralloc4: mapper 4.x is not supported
05-18 07:18:54.312  1263  2096 I MediaProvider: Begin Intent { act=android.intent.action.MEDIA_SCANNER_SCAN_FILE dat=file:///sdcard/screen_2025-05-18_151853.png flg=0x1400010 cmp=com.google.android.providers.media.module/com.android.providers.media.MediaService }
05-18 07:18:54.320  1263  2096 I MediaProvider: End Intent { act=android.intent.action.MEDIA_SCANNER_SCAN_FILE dat=file:///sdcard/screen_2025-05-18_151853.png flg=0x1400010 cmp=com.google.android.providers.media.module/com.android.providers.media.MediaService }
05-18 07:18:54.395  1263  1472 I MediaProvider: Deleted 0 1 0 0 0 0 0 items on external_primary due to com.android.shell
05-18 07:18:54.396  1126  4494 I UriTaskContentObserver: (REDACTED) Throttling content uri change event for %s
05-18 07:18:54.671 22636 22636 I AndroidRuntime: Using default boot image
05-18 07:18:54.671 22636 22636 I AndroidRuntime: Leaving lock profiling enabled
05-18 07:18:54.671 22636 22636 W libc    : Access denied finding property "odsign.verification.success"
05-18 07:18:54.673 22636 22636 W app_process: ART APEX data files are untrusted.
05-18 07:18:54.665 22636 22636 W app_process: type=1400 audit(0.0:399): avc: denied { read } for name="u:object_r:odsign_prop:s0" dev="tmpfs" ino=203 scontext=u:r:shell:s0 tcontext=u:object_r:odsign_prop:s0 tclass=file permissive=0
05-18 07:18:54.735 22636 22636 W app_process: Unexpected CPU variant for X86 using defaults: x86_64
05-18 07:18:54.738 22636 22636 W app_process: ClassLoaderContext classpath size mismatch. expected=0, found=1 (PCL[] | PCL[/system/framework/android.test.runner.jar*1585996318])
05-18 07:18:55.766 22636 22636 W AccessibilityNodeInfoDumper: Fetch time: 2ms
05-18 07:18:56.027   538  1988 W InputManager-JNI: Input channel object '4dc98eb com.rsupport.mvagent/com.rsupport.mobizen.ui.support.SupportActivity (client)' was disposed without first being removed with the input manager!
05-18 07:18:56.041   538  1988 I ActivityTaskManager: START u0 {flg=0x10008000 cmp=com.rsupport.mvagent/com.rsupport.mobizen.ui.tutorial.WidgetTutorialCoachActivity} from uid 10183
05-18 07:18:56.084   538   555 W ActivityTaskManager: Duplicate finish request for r=ActivityRecord{ddfe3d1 u0 com.rsupport.mvagent/com.rsupport.mobizen.ui.support.SupportActivity t23 f}}
05-18 07:18:56.099   538  1900 W ActivityTaskManager: Tried to set launchTime (0) < mLastActivityLaunchTime (4053971)
05-18 07:18:56.127 21151 21151 E MBRIDGE_e: key=2000088&state=1
05-18 07:18:56.234   538   558 I ActivityTaskManager: Displayed com.rsupport.mvagent/com.rsupport.mobizen.ui.tutorial.WidgetTutorialCoachActivity: +185ms
05-18 07:18:56.242 21151 21151 W ContentProvider: Normalized content://com.rsupport.mvagent//properties/coaching_step to content://com.rsupport.mvagent/properties/coaching_step to avoid possible security issues
05-18 07:18:56.255 21151 21321 W ContentProvider: Normalized content://com.rsupport.mvagent//properties/coaching_step to content://com.rsupport.mvagent/properties/coaching_step to avoid possible security issues
05-18 07:18:56.262 21151 21151 W ContentProvider: Normalized content://com.rsupport.mvagent//properties/coaching_step to content://com.rsupport.mvagent/properties/coaching_step to avoid possible security issues
05-18 07:18:56.304  1369 22670 I AdvertisingIdClient: shouldSendLog 3927519
05-18 07:18:56.304  1369 22670 I AdvertisingIdClient: GetInfoInternal elapse 12ms
05-18 07:18:56.335   538   572 W BroadcastQueue: Permission Denial: broadcasting Intent { act=android.net.conn.CONNECTIVITY_CHANGE flg=0x4200010 (has extras) } from null (pid=-1, uid=-1) requires com.google.android.gms.DYNAMIC_RECEIVER_NOT_EXPORTED_PERMISSION due to registered receiver BroadcastFilter{ba2aeb2 10097/u0 ReceiverList{4a5f8bd 1369 com.google.android.gms/10097/u0 remote:3dd4814}}
05-18 07:18:56.881 21151 21151 E MBRIDGE_e: key=2000088&state=2
05-18 07:18:56.885  1263  1635 W MediaProvider: isAppCloneUserPair for user 0: false
05-18 07:18:56.920 21151 21151 E RsupS   : onUnbind (WizardTutorialProcessFragment.kt, 1)
05-18 07:18:56.921   178   178 I hwservicemanager: getTransport: Cannot find entry android.hardware.graphics.mapper@4.0::IMapper/default in either framework or device VINTF manifest.
05-18 07:18:56.921 22700 22704 I Gralloc4: mapper 4.x is not supported
05-18 07:18:56.925   538  1900 W InputManager-JNI: Input channel object 'f366d1a com.rsupport.mvagent/com.rsupport.mobizen.ui.support.SupportActivity (client)' was disposed without first being removed with the input manager!
05-18 07:18:57.644   347   347 E android.hardware.power.stats@1.0-service-mock: Failed to getEnergyData
05-18 07:18:57.697  1263  2096 I MediaProvider: Begin Intent { act=android.intent.action.MEDIA_SCANNER_SCAN_FILE dat=file:///sdcard/screen_2025-05-18_151856.png flg=0x1400010 cmp=com.google.android.providers.media.module/com.android.providers.media.MediaService }
05-18 07:18:57.707  1263  2096 I MediaProvider: End Intent { act=android.intent.action.MEDIA_SCANNER_SCAN_FILE dat=file:///sdcard/screen_2025-05-18_151856.png flg=0x1400010 cmp=com.google.android.providers.media.module/com.android.providers.media.MediaService }
05-18 07:18:57.818  1263  1635 I MediaProvider: Deleted 0 1 0 0 0 0 0 items on external_primary due to com.android.shell
05-18 07:18:58.079   538   552 W System  : A resource failed to call close. 
05-18 07:18:58.542 21151 21151 W ContentProvider: Normalized content://com.rsupport.mvagent//properties/coaching_step to content://com.rsupport.mvagent/properties/coaching_step to avoid possible security issues
05-18 07:18:58.542 21151 21151 W ContentProvider: Normalized content://com.rsupport.mvagent//properties/coaching_step to content://com.rsupport.mvagent/properties/coaching_step to avoid possible security issues
05-18 07:18:58.545 21151 21151 W ContentProvider: Normalized content://com.rsupport.mvagent//properties/coaching_step to content://com.rsupport.mvagent/properties/coaching_step to avoid possible security issues
05-18 07:18:58.557 21151 21165 W ContentProvider: Normalized content://com.rsupport.mvagent//properties/coaching_step to content://com.rsupport.mvagent/properties/coaching_step to avoid possible security issues
05-18 07:18:58.560 21151 21151 W ContentProvider: Normalized content://com.rsupport.mvagent//properties/coaching_step to content://com.rsupport.mvagent/properties/coaching_step to avoid possible security issues
05-18 07:18:59.966  1263  1474 W MediaProvider: isAppCloneUserPair for user 0: false
05-18 07:18:59.991   178   178 I hwservicemanager: getTransport: Cannot find entry android.hardware.graphics.mapper@4.0::IMapper/default in either framework or device VINTF manifest.
05-18 07:18:59.992 22804 22806 I Gralloc4: mapper 4.x is not supported
05-18 07:19:00.450  1126 20716 I NetworkScheduler.Stats: (REDACTED) Task %s/%s started execution. cause:%s exec_start_elapsed_seconds: %s
05-18 07:19:00.454  1126 22678 I NetworkScheduler.Stats: (REDACTED) Task %s/%s finished executing. cause:%s result: %s elapsed_millis: %s uptime_millis: %s exec_start_elapsed_seconds: %s
05-18 07:19:00.675  1265  1724 I bbhc    : (REDACTED) getHotwordActive::active query: %s, watch: %s, devices connected: %s
05-18 07:19:00.702  1263  2096 I MediaProvider: Begin Intent { act=android.intent.action.MEDIA_SCANNER_SCAN_FILE dat=file:///sdcard/screen_2025-05-18_151859.png flg=0x1400010 cmp=com.google.android.providers.media.module/com.android.providers.media.MediaService }
05-18 07:19:00.706  1263  2096 W ExifInterface: Invalid image: ExifInterface got an unsupported image format file(ExifInterface supports JPEG and some RAW image formats only) or a corrupted JPEG file to ExifInterface.
05-18 07:19:00.706  1263  2096 W ExifInterface: java.io.IOException: Encountered corrupt PNG file.
05-18 07:19:00.706  1263  2096 W ExifInterface: 	at android.media.ExifInterface.getPngAttributes(ExifInterface.java:3432)
05-18 07:19:00.706  1263  2096 W ExifInterface: 	at android.media.ExifInterface.loadAttributes(ExifInterface.java:2009)
05-18 07:19:00.706  1263  2096 W ExifInterface: 	at android.media.ExifInterface.<init>(ExifInterface.java:1641)
05-18 07:19:00.706  1263  2096 W ExifInterface: 	at android.media.ExifInterface.<init>(ExifInterface.java:1592)
05-18 07:19:00.706  1263  2096 W ExifInterface: 	at com.android.providers.media.scan.ModernMediaScanner.scanItemImage(ModernMediaScanner.java:1367)
05-18 07:19:00.706  1263  2096 W ExifInterface: 	at com.android.providers.media.scan.ModernMediaScanner.scanItem(ModernMediaScanner.java:1003)
05-18 07:19:00.706  1263  2096 W ExifInterface: 	at com.android.providers.media.scan.ModernMediaScanner.access$1200(ModernMediaScanner.java:146)
05-18 07:19:00.706  1263  2096 W ExifInterface: 	at com.android.providers.media.scan.ModernMediaScanner$Scan.visitFile(ModernMediaScanner.java:801)
05-18 07:19:00.706  1263  2096 W ExifInterface: 	at com.android.providers.media.scan.ModernMediaScanner$Scan.visitFile(ModernMediaScanner.java:320)
05-18 07:19:00.706  1263  2096 W ExifInterface: 	at java.nio.file.Files.walkFileTree(Files.java:2670)
05-18 07:19:00.706  1263  2096 W ExifInterface: 	at java.nio.file.Files.walkFileTree(Files.java:2742)
05-18 07:19:00.706  1263  2096 W ExifInterface: 	at com.android.providers.media.scan.ModernMediaScanner$Scan.walkFileTree(ModernMediaScanner.java:439)
05-18 07:19:00.706  1263  2096 W ExifInterface: 	at com.android.providers.media.scan.ModernMediaScanner$Scan.runInternal(ModernMediaScanner.java:402)
05-18 07:19:00.706  1263  2096 W ExifInterface: 	at com.android.providers.media.scan.ModernMediaScanner$Scan.run(ModernMediaScanner.java:391)
05-18 07:19:00.706  1263  2096 W ExifInterface: 	at com.android.providers.media.scan.ModernMediaScanner.scanFile(ModernMediaScanner.java:263)
05-18 07:19:00.706  1263  2096 W ExifInterface: 	at com.android.providers.media.MediaProvider.scanFile(MediaProvider.java:1273)
05-18 07:19:00.706  1263  2096 W ExifInterface: 	at com.android.providers.media.MediaProvider.scanFile(MediaProvider.java:1269)
05-18 07:19:00.706  1263  2096 W ExifInterface: 	at com.android.providers.media.MediaService.onScanFile(MediaService.java:215)
05-18 07:19:00.706  1263  2096 W ExifInterface: 	at com.android.providers.media.MediaService.onHandleWork(MediaService.java:85)
05-18 07:19:00.706  1263  2096 W ExifInterface: 	at androidx.core.app.JobIntentService$CommandProcessor.doInBackground(JobIntentService.java:396)
05-18 07:19:00.706  1263  2096 W ExifInterface: 	at androidx.core.app.JobIntentService$CommandProcessor.doInBackground(JobIntentService.java:387)
05-18 07:19:00.706  1263  2096 W ExifInterface: 	at android.os.AsyncTask$3.call(AsyncTask.java:394)
05-18 07:19:00.706  1263  2096 W ExifInterface: 	at java.util.concurrent.FutureTask.run(FutureTask.java:266)
05-18 07:19:00.706  1263  2096 W ExifInterface: 	at java.util.concurrent.ThreadPoolExecutor.runWorker(ThreadPoolExecutor.java:1167)
05-18 07:19:00.706  1263  2096 W ExifInterface: 	at java.util.concurrent.ThreadPoolExecutor$Worker.run(ThreadPoolExecutor.java:641)
05-18 07:19:00.706  1263  2096 W ExifInterface: 	at java.lang.Thread.run(Thread.java:920)
05-18 07:19:00.716  1263  2096 I MediaProvider: End Intent { act=android.intent.action.MEDIA_SCANNER_SCAN_FILE dat=file:///sdcard/screen_2025-05-18_151859.png flg=0x1400010 cmp=com.google.android.providers.media.module/com.android.providers.media.MediaService }
05-18 07:19:00.795  1263  1474 I MediaProvider: Deleted 0 1 0 0 0 0 0 items on external_primary due to com.android.shell
05-18 07:19:00.796  1126  4494 I UriTaskContentObserver: (REDACTED) Throttling content uri change event for %s
05-18 07:19:01.261  1263  1472 W MediaProvider: isAppCloneUserPair for user 0: false
05-18 07:19:01.275   178   178 I hwservicemanager: getTransport: Cannot find entry android.hardware.graphics.mapper@4.0::IMapper/default in either framework or device VINTF manifest.
05-18 07:19:01.275 22851 22855 I Gralloc4: mapper 4.x is not supported
05-18 07:19:02.021  1263  2096 I MediaProvider: Begin Intent { act=android.intent.action.MEDIA_SCANNER_SCAN_FILE dat=file:///sdcard/screen_2025-05-18_151901.png flg=0x1400010 cmp=com.google.android.providers.media.module/com.android.providers.media.MediaService }
05-18 07:19:02.031  1263  2096 I MediaProvider: End Intent { act=android.intent.action.MEDIA_SCANNER_SCAN_FILE dat=file:///sdcard/screen_2025-05-18_151901.png flg=0x1400010 cmp=com.google.android.providers.media.module/com.android.providers.media.MediaService }
05-18 07:19:02.118  1263  1472 I MediaProvider: Deleted 0 1 0 0 0 0 0 items on external_primary due to com.android.shell
05-18 07:19:02.119  1126  4494 I UriTaskContentObserver: (REDACTED) Throttling content uri change event for %s
05-18 07:19:02.387 22880 22880 I AndroidRuntime: Using default boot image
05-18 07:19:02.387 22880 22880 I AndroidRuntime: Leaving lock profiling enabled
05-18 07:19:02.387 22880 22880 W libc    : Access denied finding property "odsign.verification.success"
05-18 07:19:02.389 22880 22880 W app_process: ART APEX data files are untrusted.
05-18 07:19:02.385 22880 22880 W app_process: type=1400 audit(0.0:400): avc: denied { read } for name="u:object_r:odsign_prop:s0" dev="tmpfs" ino=203 scontext=u:r:shell:s0 tcontext=u:object_r:odsign_prop:s0 tclass=file permissive=0
05-18 07:19:02.448 22880 22880 W app_process: Unexpected CPU variant for X86 using defaults: x86_64
05-18 07:19:02.450 22880 22880 W app_process: ClassLoaderContext classpath size mismatch. expected=0, found=1 (PCL[] | PCL[/system/framework/android.test.runner.jar*1585996318])
05-18 07:19:03.185  1126 17154 I NearbyMediums: No BLE Fast/GATT advertisements found in the latest cycle.
05-18 07:19:03.476 22880 22880 W AccessibilityNodeInfoDumper: Fetch time: 2ms
05-18 07:19:04.562  1263  1472 W MediaProvider: isAppCloneUserPair for user 0: false
05-18 07:19:04.586   178   178 I hwservicemanager: getTransport: Cannot find entry android.hardware.graphics.mapper@4.0::IMapper/default in either framework or device VINTF manifest.
05-18 07:19:04.587 22933 22935 I Gralloc4: mapper 4.x is not supported
05-18 07:19:05.301  1263  2096 I MediaProvider: Begin Intent { act=android.intent.action.MEDIA_SCANNER_SCAN_FILE dat=file:///sdcard/screen_2025-05-18_151904.png flg=0x1400010 cmp=com.google.android.providers.media.module/com.android.providers.media.MediaService }
05-18 07:19:05.309  1263  2096 I MediaProvider: End Intent { act=android.intent.action.MEDIA_SCANNER_SCAN_FILE dat=file:///sdcard/screen_2025-05-18_151904.png flg=0x1400010 cmp=com.google.android.providers.media.module/com.android.providers.media.MediaService }
05-18 07:19:05.397  1263  1472 I MediaProvider: Deleted 0 1 0 0 0 0 0 items on external_primary due to com.android.shell
05-18 07:19:05.397  1126  4494 I UriTaskContentObserver: (REDACTED) Throttling content uri change event for %s
05-18 07:19:06.205 21151 21151 W ContentProvider: Normalized content://com.rsupport.mvagent//properties/coaching_step to content://com.rsupport.mvagent/properties/coaching_step to avoid possible security issues
05-18 07:19:06.206 21151 21151 W ContentProvider: Normalized content://com.rsupport.mvagent//properties/coaching_step to content://com.rsupport.mvagent/properties/coaching_step to avoid possible security issues
05-18 07:19:06.206 21151 21151 W ContentProvider: Normalized content://com.rsupport.mvagent//properties/coaching_step to content://com.rsupport.mvagent/properties/coaching_step to avoid possible security issues
05-18 07:19:06.218 21151 21151 W ContentProvider: Normalized content://com.rsupport.mvagent//properties/coaching_step to content://com.rsupport.mvagent/properties/coaching_step to avoid possible security issues
05-18 07:19:06.220 21151 21165 W ContentProvider: Normalized content://com.rsupport.mvagent//properties/coaching_step to content://com.rsupport.mvagent/properties/coaching_step to avoid possible security issues
05-18 07:19:07.633  1263  5048 W MediaProvider: isAppCloneUserPair for user 0: false
05-18 07:19:07.658   178   178 I hwservicemanager: getTransport: Cannot find entry android.hardware.graphics.mapper@4.0::IMapper/default in either framework or device VINTF manifest.
05-18 07:19:07.658 23028 23030 I Gralloc4: mapper 4.x is not supported
05-18 07:19:08.373  1263  2096 I MediaProvider: Begin Intent { act=android.intent.action.MEDIA_SCANNER_SCAN_FILE dat=file:///sdcard/screen_2025-05-18_151907.png flg=0x1400010 cmp=com.google.android.providers.media.module/com.android.providers.media.MediaService }
05-18 07:19:08.381  1263  2096 I MediaProvider: End Intent { act=android.intent.action.MEDIA_SCANNER_SCAN_FILE dat=file:///sdcard/screen_2025-05-18_151907.png flg=0x1400010 cmp=com.google.android.providers.media.module/com.android.providers.media.MediaService }
05-18 07:19:08.467  1263  5048 I MediaProvider: Deleted 0 1 0 0 0 0 0 items on external_primary due to com.android.shell
05-18 07:19:08.467  1126  4494 I UriTaskContentObserver: (REDACTED) Throttling content uri change event for %s
05-18 07:19:08.924  1263  1635 W MediaProvider: isAppCloneUserPair for user 0: false
05-18 07:19:08.947   178   178 I hwservicemanager: getTransport: Cannot find entry android.hardware.graphics.mapper@4.0::IMapper/default in either framework or device VINTF manifest.
05-18 07:19:08.947 23075 23077 I Gralloc4: mapper 4.x is not supported
05-18 07:19:09.674  1263  2096 I MediaProvider: Begin Intent { act=android.intent.action.MEDIA_SCANNER_SCAN_FILE dat=file:///sdcard/screen_2025-05-18_151908.png flg=0x1400010 cmp=com.google.android.providers.media.module/com.android.providers.media.MediaService }
05-18 07:19:09.683  1263  2096 I MediaProvider: End Intent { act=android.intent.action.MEDIA_SCANNER_SCAN_FILE dat=file:///sdcard/screen_2025-05-18_151908.png flg=0x1400010 cmp=com.google.android.providers.media.module/com.android.providers.media.MediaService }
05-18 07:19:09.769  1263  1635 I MediaProvider: Deleted 0 1 0 0 0 0 0 items on external_primary due to com.android.shell
05-18 07:19:09.771  1126  4494 I UriTaskContentObserver: (REDACTED) Throttling content uri change event for %s
05-18 07:19:10.034 23102 23102 I AndroidRuntime: Using default boot image
05-18 07:19:10.034 23102 23102 I AndroidRuntime: Leaving lock profiling enabled
05-18 07:19:10.034 23102 23102 W libc    : Access denied finding property "odsign.verification.success"
05-18 07:19:10.036 23102 23102 W app_process: ART APEX data files are untrusted.
05-18 07:19:10.029 23102 23102 W app_process: type=1400 audit(0.0:401): avc: denied { read } for name="u:object_r:odsign_prop:s0" dev="tmpfs" ino=203 scontext=u:r:shell:s0 tcontext=u:object_r:odsign_prop:s0 tclass=file permissive=0
05-18 07:19:10.091 23102 23102 W app_process: Unexpected CPU variant for X86 using defaults: x86_64
05-18 07:19:10.092 23102 23102 W app_process: ClassLoaderContext classpath size mismatch. expected=0, found=1 (PCL[] | PCL[/system/framework/android.test.runner.jar*1585996318])
05-18 07:19:10.465  1369 23120 I GmscoreIpa: Starting mediastore instant index [CONTEXT service_id=255 ]
05-18 07:19:11.124 23102 23102 W AccessibilityNodeInfoDumper: Fetch time: 5ms
05-18 07:19:12.198  1263  1635 W MediaProvider: isAppCloneUserPair for user 0: false
05-18 07:19:12.222   178   178 I hwservicemanager: getTransport: Cannot find entry android.hardware.graphics.mapper@4.0::IMapper/default in either framework or device VINTF manifest.
05-18 07:19:12.223 23150 23158 I Gralloc4: mapper 4.x is not supported
05-18 07:19:12.937  1263  2096 I MediaProvider: Begin Intent { act=android.intent.action.MEDIA_SCANNER_SCAN_FILE dat=file:///sdcard/screen_2025-05-18_151912.png flg=0x1400010 cmp=com.google.android.providers.media.module/com.android.providers.media.MediaService }
05-18 07:19:12.945  1263  2096 I MediaProvider: End Intent { act=android.intent.action.MEDIA_SCANNER_SCAN_FILE dat=file:///sdcard/screen_2025-05-18_151912.png flg=0x1400010 cmp=com.google.android.providers.media.module/com.android.providers.media.MediaService }
05-18 07:19:13.026  1263  1635 I MediaProvider: Deleted 0 1 0 0 0 0 0 items on external_primary due to com.android.shell
05-18 07:19:13.027  1126  4494 I UriTaskContentObserver: (REDACTED) Throttling content uri change event for %s
05-18 07:19:13.186  1126 17154 I NearbyMediums: No BLE Fast/GATT advertisements found in the latest cycle.
05-18 07:19:13.265   538   559 E RemoteAugmentedAutofillService: Bad service name for flags 1048704: com.google.android.as/com.google.android.apps.miphone.aiai.app.AiAiAugmentedAutofillService
05-18 07:19:14.500  1263  1472 W MediaProvider: isAppCloneUserPair for user 0: false
05-18 07:19:14.525   178   178 I hwservicemanager: getTransport: Cannot find entry android.hardware.graphics.mapper@4.0::IMapper/default in either framework or device VINTF manifest.
05-18 07:19:14.525 23210 23212 I Gralloc4: mapper 4.x is not supported
05-18 07:19:14.964  1263  2096 I MediaProvider: Begin Intent { act=android.intent.action.MEDIA_SCANNER_SCAN_FILE dat=file:///sdcard/screen_2025-05-18_151914.png flg=0x1400010 cmp=com.google.android.providers.media.module/com.android.providers.media.MediaService }
05-18 07:19:14.980  1263  2096 I MediaProvider: End Intent { act=android.intent.action.MEDIA_SCANNER_SCAN_FILE dat=file:///sdcard/screen_2025-05-18_151914.png flg=0x1400010 cmp=com.google.android.providers.media.module/com.android.providers.media.MediaService }
05-18 07:19:15.066  1263  5048 I MediaProvider: Deleted 0 1 0 0 0 0 0 items on external_primary due to com.android.shell
05-18 07:19:15.070  1126  4494 I UriTaskContentObserver: (REDACTED) Throttling content uri change event for %s
05-18 07:19:15.496  1263  1635 W MediaProvider: isAppCloneUserPair for user 0: false
05-18 07:19:15.526   178   178 I hwservicemanager: getTransport: Cannot find entry android.hardware.graphics.mapper@4.0::IMapper/default in either framework or device VINTF manifest.
05-18 07:19:15.527 23255 23257 I Gralloc4: mapper 4.x is not supported
05-18 07:19:15.995  1263  2096 I MediaProvider: Begin Intent { act=android.intent.action.MEDIA_SCANNER_SCAN_FILE dat=file:///sdcard/screen_2025-05-18_151915.png flg=0x1400010 cmp=com.google.android.providers.media.module/com.android.providers.media.MediaService }
05-18 07:19:16.006  1263  2096 I MediaProvider: End Intent { act=android.intent.action.MEDIA_SCANNER_SCAN_FILE dat=file:///sdcard/screen_2025-05-18_151915.png flg=0x1400010 cmp=com.google.android.providers.media.module/com.android.providers.media.MediaService }
05-18 07:19:16.080  1263  1474 I MediaProvider: Deleted 0 1 0 0 0 0 0 items on external_primary due to com.android.shell
05-18 07:19:16.081  1126  4494 I UriTaskContentObserver: (REDACTED) Throttling content uri change event for %s
05-18 07:19:16.350 23280 23280 I AndroidRuntime: Using default boot image
05-18 07:19:16.350 23280 23280 I AndroidRuntime: Leaving lock profiling enabled
05-18 07:19:16.351 23280 23280 W libc    : Access denied finding property "odsign.verification.success"
05-18 07:19:16.352 23280 23280 W app_process: ART APEX data files are untrusted.
05-18 07:19:16.345 23280 23280 W app_process: type=1400 audit(0.0:402): avc: denied { read } for name="u:object_r:odsign_prop:s0" dev="tmpfs" ino=203 scontext=u:r:shell:s0 tcontext=u:object_r:odsign_prop:s0 tclass=file permissive=0
05-18 07:19:16.410 23280 23280 W app_process: Unexpected CPU variant for X86 using defaults: x86_64
05-18 07:19:16.412 23280 23280 W app_process: ClassLoaderContext classpath size mismatch. expected=0, found=1 (PCL[] | PCL[/system/framework/android.test.runner.jar*1585996318])
05-18 07:19:17.449 23280 23280 W AccessibilityNodeInfoDumper: Fetch time: 10ms
05-18 07:19:18.536  1263  1635 W MediaProvider: isAppCloneUserPair for user 0: false
05-18 07:19:18.560   178   178 I hwservicemanager: getTransport: Cannot find entry android.hardware.graphics.mapper@4.0::IMapper/default in either framework or device VINTF manifest.
05-18 07:19:18.560 23320 23330 I Gralloc4: mapper 4.x is not supported
05-18 07:19:18.986  1263  2096 I MediaProvider: Begin Intent { act=android.intent.action.MEDIA_SCANNER_SCAN_FILE dat=file:///sdcard/screen_2025-05-18_151918.png flg=0x1400010 cmp=com.google.android.providers.media.module/com.android.providers.media.MediaService }
05-18 07:19:18.994  1263  2096 I MediaProvider: End Intent { act=android.intent.action.MEDIA_SCANNER_SCAN_FILE dat=file:///sdcard/screen_2025-05-18_151918.png flg=0x1400010 cmp=com.google.android.providers.media.module/com.android.providers.media.MediaService }
05-18 07:19:19.085  1263  1472 I MediaProvider: Deleted 0 1 0 0 0 0 0 items on external_primary due to com.android.shell
05-18 07:19:19.086  1126  4494 I UriTaskContentObserver: (REDACTED) Throttling content uri change event for %s
05-18 07:19:20.456  1126 22678 I NetworkScheduler.Stats: (REDACTED) Task %s/%s started execution. cause:%s exec_start_elapsed_seconds: %s
05-18 07:19:20.460  1126 23413 I NetworkScheduler.Stats: (REDACTED) Task %s/%s finished executing. cause:%s result: %s elapsed_millis: %s uptime_millis: %s exec_start_elapsed_seconds: %s
05-18 07:19:21.233  1263  6017 W MediaProvider: isAppCloneUserPair for user 0: false
05-18 07:19:21.258   178   178 I hwservicemanager: getTransport: Cannot find entry android.hardware.graphics.mapper@4.0::IMapper/default in either framework or device VINTF manifest.
05-18 07:19:21.258 23429 23431 I Gralloc4: mapper 4.x is not supported
05-18 07:19:21.699  1263  2096 I MediaProvider: Begin Intent { act=android.intent.action.MEDIA_SCANNER_SCAN_FILE dat=file:///sdcard/screen_2025-05-18_151921.png flg=0x1400010 cmp=com.google.android.providers.media.module/com.android.providers.media.MediaService }
05-18 07:19:21.715  1263  2096 I MediaProvider: End Intent { act=android.intent.action.MEDIA_SCANNER_SCAN_FILE dat=file:///sdcard/screen_2025-05-18_151921.png flg=0x1400010 cmp=com.google.android.providers.media.module/com.android.providers.media.MediaService }
05-18 07:19:21.796  1263  5048 I MediaProvider: Deleted 0 1 0 0 0 0 0 items on external_primary due to com.android.shell
05-18 07:19:21.797  1126  4494 I UriTaskContentObserver: (REDACTED) Throttling content uri change event for %s
05-18 07:19:22.230  1263  1474 W MediaProvider: isAppCloneUserPair for user 0: false
