08-06 21:03:28.332  3050  4554 I libsensor-parseRGB: request dump start for mRequestDisplayId 0
08-06 21:03:28.337  3086  3086 I adbd    : in ShellService: getprop ro.debuggable
08-06 21:03:28.346 11840 11861 I mit.droidbotapp: Compiler allocated 5390KB to compile void android.view.ViewRootImpl.performTraversals()
08-06 21:03:28.347 18182 18338 I applog  : getDid: P4TZZE4QGXCFMZDV7GQRPWR7HYGDLYPJXKYONDTEGUQDRK243XYQ01
08-06 21:03:28.354  3050 25119 E libsensor-parseRGB: CWB NotifyCWBBufferDone  error 0
08-06 21:03:28.363 20053 20069 I m.xiaomi.market: This is non sticky GC, maxfree is 16777216 minfree is 8388608
08-06 21:03:28.365 20053 20076 W System  : A resource failed to call close. 
08-06 21:03:28.366 20053 20076 W System  : A resource failed to call close. 
08-06 21:03:28.411  1843  2051 I SDM     : DisplayBase::CommitThread: Received idle timeout, panel: cmd, timeout: 70000 us
08-06 21:03:28.415  3086  3086 I adbd    : in ShellService: dumpsys display
08-06 21:03:28.489  1843  3496 I vendor.qti.hardware.display.composer-service: Sensor: notify citsensorservice to trigger cwb, misForced = 1
08-06 21:03:28.491  3050  4554 I libsensor-parseRGB: request dump start for mRequestDisplayId 0
08-06 21:03:28.512  3050  4604 E libsensor-parseRGB: CWB NotifyCWBBufferDone  error 0
08-06 21:03:28.570  1843  2051 I SDM     : DisplayBase::CommitThread: Received idle timeout, panel: cmd, timeout: 70000 us
08-06 21:03:28.571  3086  3086 I adbd    : in ShellService: wm size
08-06 21:03:28.596  2474  7257 I MiuiNetworkPolicy: bandwidth: 32 KB/s, Max bandwidth: 218 KB/s
08-06 21:03:28.651 13430 13430 I RuntimePermissionManager: isRuntimeRequestSupport: true
08-06 21:03:28.654  2474  3506 I AppsFilter: interaction: PackageSetting{ab379bf com.android.microdroid.empty_payload/10236} -> PackageSetting{700337e com.miui.cleanmaster/10266} BLOCKED
08-06 21:03:28.655  2474  3506 I AppsFilter: interaction: PackageSetting{793ebd5 io.appium.uiautomator2.server.test/10280} -> PackageSetting{700337e com.miui.cleanmaster/10266} BLOCKED
08-06 21:03:28.655  2474  3506 I AppsFilter: interaction: PackageSetting{b5f3aef io.github.ylimit.droidbotapp/10369} -> PackageSetting{700337e com.miui.cleanmaster/10266} BLOCKED
08-06 21:03:28.655  2474  3506 I AppsFilter: interaction: PackageSetting{7947fea com.rongcard.eid/10151} -> PackageSetting{700337e com.miui.cleanmaster/10266} BLOCKED
08-06 21:03:28.656  2474  3506 I AppsFilter: interaction: PackageSetting{22ff2db io.appium.settings/10274} -> PackageSetting{700337e com.miui.cleanmaster/10266} BLOCKED
08-06 21:03:28.669  2474  4292 W ParceledListSlice: Element #8 is 20788 bytes.
08-06 21:03:28.669  2474  4292 W ParceledListSlice: Element #9 is 20768 bytes.
08-06 21:03:28.669  7505 26113 I PermissionControllerServiceImpl: Updating user sensitive for uid 10266
08-06 21:03:28.673 13053 13053 E RegisteredServicesCache: Skipping application component ComponentInfo{com.UCMobile/com.alibaba.ariver.commonability.device.jsapi.nfc.service.TinyAppHostApduService}: it must request the permission android.permission.NFC
08-06 21:03:28.673 13053 13053 E RegisteredServicesCache: Skipping application component ComponentInfo{com.UCMobile/com.alipay.mobile.aompdevice.nfc.service.TinyAppHostApduService}: it must request the permission android.permission.NFC
08-06 21:03:28.673 17757 17774 I ystemAdSolution: This is sticky GC, maxfree is 16777216 minfree is 8388608
08-06 21:03:28.674 13053 13053 E RegisteredServicesCache: Skipping application component ComponentInfo{com.autonavi.minimap/com.alibaba.ariver.commonability.device.jsapi.nfc.service.TinyAppHostApduService}: it must request the permission android.permission.NFC
08-06 21:03:28.674 13053 13053 E RegisteredServicesCache: Skipping application component ComponentInfo{com.autonavi.minimap/com.alipay.mobile.aompdevice.nfc.service.TinyAppHostApduService}: it must request the permission android.permission.NFC
08-06 21:03:28.676  3086  3086 I adbd    : in ShellService: dumpsys input
08-06 21:03:28.678 13053 13053 I RegisteredServicesCache: current user: 0, is managed profile : false
08-06 21:03:28.679  2474  8358 W ParceledListSlice: Element #44 is 26672 bytes.
08-06 21:03:28.679  2474  8358 W ParceledListSlice: Overly large reply size: 82384
08-06 21:03:28.680  7856  8405 E SmsApplication: com.android.mms lost android:read_cell_broadcasts:  (fixing)
08-06 21:03:28.680  2474  8358 W ParceledListSlice: Element #45 is 26676 bytes.
08-06 21:03:28.680  2474  8358 W ParceledListSlice: Element #46 is 26676 bytes.
08-06 21:03:28.680  2474  8358 W ParceledListSlice: Element #47 is 26684 bytes.
08-06 21:03:28.680  2474 15979 W AppOpService: Ignored setUidMode call for runtime permission app op: uid = 10141, code = READ_CELL_BROADCASTS, mode = allow, callingUid = 1001, oldMode = allow
08-06 21:03:28.680 13053 13053 I RegisteredAidCache: updateRoutingLocked(false): Enter
08-06 21:03:28.680 13053 13053 I AidRoutingManager: configureRouting(false): Enter
08-06 21:03:28.680 13053 13053 E AidRoutingManager: Size of routing table970
08-06 21:03:28.680 13053 13053 I RegisteredAidCache: updateRoutingLocked(false): exit
08-06 21:03:28.680  2474 15979 W ParceledListSlice: Element #48 is 26688 bytes.
08-06 21:03:28.680  2474 15979 W ParceledListSlice: Element #54 is 19664 bytes.
08-06 21:03:28.681  2474  4292 W ParceledListSlice: Element #55 is 19652 bytes.
08-06 21:03:28.681  2474  4292 W ParceledListSlice: Element #56 is 19692 bytes.
08-06 21:03:28.681  2474  4292 W ParceledListSlice: Element #57 is 19720 bytes.
08-06 21:03:28.681  2474  4292 W ParceledListSlice: Element #58 is 19720 bytes.
08-06 21:03:28.681 13053 13053 I libnfc_nci: [INFO:NativeT4tNfcee.cpp(870)] nfcManager_isFwSupportNonStdT4TAid Enter isFwSupport = 1
08-06 21:03:28.681  2474 10068 W ParceledListSlice: Element #59 is 19684 bytes.
08-06 21:03:28.681  2474 10068 W ParceledListSlice: Element #60 is 19692 bytes.
08-06 21:03:28.682  2474 10068 W ParceledListSlice: Element #61 is 19668 bytes.
08-06 21:03:28.682  2474 10068 W ParceledListSlice: Element #62 is 19680 bytes.
08-06 21:03:28.682 13053 13053 I libnfc_nci: [INFO:SecureElement.cpp(1487)] SecureElement::getEseHandleFromGenericId: enter; ESE-ID = 0x7F
08-06 21:03:28.682 13053 13053 I libnfc_nci: [INFO:SecureElement.cpp(1528)] SecureElement::getEseHandleFromGenericId: enter; ESE-Handle = 0x410
08-06 21:03:28.682  2474  7633 W ParceledListSlice: Element #63 is 19672 bytes.
08-06 21:03:28.682  2474  7633 W ParceledListSlice: Element #64 is 29724 bytes.
08-06 21:03:28.682  2474  7633 W ParceledListSlice: Element #65 is 29744 bytes.
08-06 21:03:28.682  2474  7633 W ParceledListSlice: Element #66 is 29736 bytes.
08-06 21:03:28.683  2474 15979 W AppOpService: Ignored setUidMode call for runtime permission app op: uid = 1001, code = READ_SMS, mode = allow, callingUid = 1001, oldMode = allow
08-06 21:03:28.683 13053 13053 I libnfc_nci: [INFO:SecureElement.cpp(1487)] SecureElement::getEseHandleFromGenericId: enter; ESE-ID = 0x00
08-06 21:03:28.683 13053 13053 I libnfc_nci: [INFO:SecureElement.cpp(1528)] SecureElement::getEseHandleFromGenericId: enter; ESE-Handle = 0x400
08-06 21:03:28.683  2474  8355 W AppOpService: Ignored setUidMode call for runtime permission app op: uid = 1001, code = RECEIVE_SMS, mode = allow, callingUid = 1001, oldMode = allow
08-06 21:03:28.683  2474  8355 W AppOpService: Ignored setUidMode call for runtime permission app op: uid = 1001, code = RECEIVE_WAP_PUSH, mode = allow, callingUid = 1001, oldMode = allow
08-06 21:03:28.684  2474  8355 W AppOpService: Ignored setUidMode call for runtime permission app op: uid = 1001, code = SEND_SMS, mode = allow, callingUid = 1001, oldMode = allow
08-06 21:03:28.684  2474 10068 W AppOpService: Ignored setUidMode call for runtime permission app op: uid = 1001, code = READ_CELL_BROADCASTS, mode = allow, callingUid = 1001, oldMode = allow
08-06 21:03:28.686 17757 17991 I Ad      : isPersonalizedAdEnabled getAdSettings: 1
08-06 21:03:28.687  7800  7848 I SecureElement-Terminal-eSE1: isSecureElementPresent()
08-06 21:03:28.687  1774  1774 I android.hardware.secure_element-service.qti: isCardPresent
08-06 21:03:28.687  1774  1774 I android.hardware.secure_element-service.qti: isCardPresent exit, cardPresent: 1
08-06 21:03:28.689  7800  7848 I SecureElement-Terminal-SIM1: isSecureElementPresent()
08-06 21:03:28.689  7800  7848 I SecureElement-Terminal-SIM1: isNfcEventAllowed: No access rules for checking.
08-06 21:03:28.690  7800  7848 I SecureElement-Terminal-SIM2: isSecureElementPresent()
08-06 21:03:28.694  2474  8355 W ParceledListSlice: Element #273 is 21068 bytes.
08-06 21:03:28.695  2474  8355 W ParceledListSlice: Element #274 is 21048 bytes.
08-06 21:03:28.695  2474  8355 W ParceledListSlice: Element #275 is 21056 bytes.
08-06 21:03:28.695  2474  8355 W ParceledListSlice: Element #276 is 21036 bytes.
08-06 21:03:28.695  2474  8355 W ParceledListSlice: Element #277 is 21084 bytes.
08-06 21:03:28.695  2474  8355 W ParceledListSlice: Overly large reply size: 84248
08-06 21:03:28.695  2474  4292 W ParceledListSlice: Element #278 is 21084 bytes.
08-06 21:03:28.695  2474  4292 W ParceledListSlice: Element #279 is 21096 bytes.
08-06 21:03:28.695  2474  4292 W ParceledListSlice: Element #280 is 21084 bytes.
08-06 21:03:28.695  2474  4292 W ParceledListSlice: Element #281 is 21084 bytes.
08-06 21:03:28.695  2474  4292 W ParceledListSlice: Overly large reply size: 84372
08-06 21:03:28.696  2474  8355 W ParceledListSlice: Element #282 is 21104 bytes.
08-06 21:03:28.696  2474  8355 W ParceledListSlice: Element #283 is 21092 bytes.
08-06 21:03:28.696  2474  8355 W ParceledListSlice: Element #284 is 21080 bytes.
08-06 21:03:28.707 13430 13948 I RuntimePermissionManager: isRuntimeRequestSupport: true
08-06 21:03:28.707 13430 13948 I InstalledPackagesMemoryCache: getInstallPermissionGranted=true
08-06 21:03:28.728 10308 19301 E PackageUtil: getPackageInfoAsUser failed com.facebook.mlite , 999
08-06 21:03:28.729 10308 19301 E PermissionManagerProvider:  getPackageInfo is null packageName : com.facebook.mlite
08-06 21:03:28.730  3086  3086 I adbd    : in ShellService: getprop ro.sf.lcd_density
08-06 21:03:28.741 10308 19301 E PackageUtil: getPackageInfoAsUser failed io.github.ylimit.droidbotapp , 999
08-06 21:03:28.744  2474  2664 W EnhancedConfirmationService: The packageName should not be null.
08-06 21:03:28.745  2474  2664 W MagnificationConnectionManager: requestConnection duplicated request: connect=false, mConnectionState=DISCONNECTED
08-06 21:03:28.785  3086  3086 I adbd    : in ShellService: input keyevent MENU
08-06 21:03:28.840  2474  9656 W MIUIInput: Input event injection from package: null action ACTION_DOWN keycode 82
08-06 21:03:28.841  2474  9656 W MiuiInputKeyEventLog: keyCode:82 down:true eventTime:22857978 downTime:22857978 policyFlags:2b000000 flags:0 metaState:0 deviceId:-1 isScreenOn:true keyguardActive:false repeatCount:0
08-06 21:03:28.843  2036  2036 E DisplayModeController: setDesiredMode : Idle status skip setActiveMode, isDdicIdleMode: 1
08-06 21:03:28.843  2474  4371 I InputFeature: supportXiaomiHyperXiaoAi is true
08-06 21:03:28.843  2474  4371 I InputFeature: supportXiaomiHyperXiaoAiScreenRecognition support
08-06 21:03:28.844  2474  4371 I InputFeature: supportBlockCombinationKey com.miui.home version: 3
08-06 21:03:28.844  2474  4371 I MiuiInputKeyEventLog: is show menu
08-06 21:03:28.844  2474  4371 I MIUIInput: [KeyEvent] publisher action:0x0,  keyCode:82 , deviceId=-1, 22857978,channel '79e08af com.miui.home/com.miui.home.launcher.Launcher (server)' 
08-06 21:03:28.844  7458  7458 I MIUIInput: [KeyEvent] ViewRootImpl windowName 'com.miui.home/com.miui.home.launcher.Launcher', KeyEvent { action=ACTION_DOWN, keyCode=KEYCODE_MENU, scanCode=0, metaState=0, flags=0x0, repeatCount=0, eventTime=22857978000000, downTime=22857978000000, deviceId=-1, source=0x0, displayId=-1 }, phoneEventTime=21:03:28.840
08-06 21:03:28.847  2474  9656 W MIUIInput: Input event injection from package: null action ACTION_UP keycode 82
08-06 21:03:28.847  2474  9656 W MiuiInputKeyEventLog: keyCode:82 down:false eventTime:22857984 downTime:22857978 policyFlags:2b000000 flags:0 metaState:0 deviceId:-1 isScreenOn:true keyguardActive:false repeatCount:0
08-06 21:03:28.848  2474  4371 I InputFeature: supportXiaomiHyperXiaoAi is true
08-06 21:03:28.848  1843  1843 I SDM     : HWCDisplay::SetActiveConfigWithConstraints: display:66-0, config: 3, WxH 1200x2670, fps 120
08-06 21:03:28.848  2474  4371 I InputFeature: supportXiaomiHyperXiaoAiScreenRecognition support
08-06 21:03:28.848  2474  4371 I InputFeature: supportBlockCombinationKey com.miui.home version: 3
08-06 21:03:28.848  2474  4371 I MiuiInputKeyEventLog: is show menu
08-06 21:03:28.848  2474  4371 I MIUIInput: [KeyEvent] publisher action:0x1,  keyCode:82 , deviceId=-1, 22857984,channel '79e08af com.miui.home/com.miui.home.launcher.Launcher (server)' 
08-06 21:03:28.848  7458  7458 I MIUIInput: [KeyEvent] ViewRootImpl windowName 'com.miui.home/com.miui.home.launcher.Launcher', KeyEvent { action=ACTION_UP, keyCode=KEYCODE_MENU, scanCode=0, metaState=0, flags=0x0, repeatCount=0, eventTime=22857984000000, downTime=22857978000000, deviceId=-1, source=0x0, displayId=-1 }, phoneEventTime=21:03:28.846
08-06 21:03:28.849  1843  1843 W SDM     : HWDeviceDRM::GetSupportedBitClkRate: Requested rate not supported: 1150000000
08-06 21:03:28.849  1843  1843 I SDM     : HWDeviceDRM::UpdateMixerAttributes: Mixer WxH 1200x2670-1 for Peripheral
08-06 21:03:28.849  7458  7458 I AnimStateManager: IdleState handle event 2006
08-06 21:03:28.849  7458  7458 I AnimStateManager: CommonState handle event 2006
08-06 21:03:28.849  1843  1843 I SDM     : HWCDisplay::SubmitDisplayConfig: Active configuration changed from config 1 to 3
08-06 21:03:28.849  1843  1843 I SDM     : HWCDisplay::SubmitDisplayConfig: Active WxH 1200x2670 ,ddic_mode:auto, timing_fps: 120, sf_fps: 120
08-06 21:03:28.850  7497 13038 I MiuiWallpaper-MiuiWallpaperManagerService: isMiuiWallpaperComponentUsing: true
08-06 21:03:28.851  1843  3496 I vendor.qti.hardware.display.composer-service: Sensor: notify citsensorservice to trigger cwb, misForced = 0
08-06 21:03:28.851  7458  8091 I HapticFeedbackUtil: rtp:216
08-06 21:03:28.851  3050  4554 I libsensor-parseRGB: request dump start for mRequestDisplayId 0
08-06 21:03:28.851  7497 13038 I MiuiWallpaper-MiuiWallpaperManagerService: isMiuiWallpaperComponentUsing: true
08-06 21:03:28.852  7497 13038 I MiuiWallpaper-MiuiWallpaperManagerService: isMiuiWallpaperComponentUsing: true
08-06 21:03:28.862  7458  7458 W PreviewDisappear: set, applyTo for info: com.miui.home.launcher.graphics.DrawableInfo@f6efc96, with icon: null
08-06 21:03:28.866  7458  7458 W ScreenView_Workspace: updateChildStaticTransformation error,childW=0.0
08-06 21:03:28.876  2474  2817 I SensorAccount: App register sensor to track it noWakeupSensor_10138_0x100000b
08-06 21:03:28.876  1775  1775 I sensors-hal: batch:141, android.sensor.accelerometer/11, period=66667000, max_latency=0
08-06 21:03:28.876  1775  1775 I sensors-hal: set_config:56, sample_period_ns is adjusted to 66667000 based on min/max delay_ns
08-06 21:03:28.876  1775  1775 I sensors-hal: batch:150, android.sensor.accelerometer/11, period=66667000, max_latency=0 request completed
08-06 21:03:28.877  2474  4292 I SensorService: 	>>> actuating h/w activate handle=0x100000b enabled=1
08-06 21:03:28.877  1775  1775 I sensors-hal: activate:108, android.sensor.accelerometer/11 en=1
08-06 21:03:28.877  1775  1775 I sensors-hal: acquire_qsh_interface:121, acquire_qsh_interface with sensor_id 104 , conn_type 2 
08-06 21:03:28.878  3050 25119 E libsensor-parseRGB: CWB NotifyCWBBufferDone  error 0
08-06 21:03:28.879  1739  1812 I minksocket: MinkIPC MESSAGE: ( 1739:1812 ) MinkIPC_QRTR_Service:351 minkipc = 0xb4000076c18ba7f0 sock = 19, client with node 1 port 5715 went down
08-06 21:03:28.879  1739  1832 I minksocket: MinkIPC MESSAGE: ( 1739:1832 ) MinkIPC_QRTR_Service:351 minkipc = 0xb4000076c18baed0 sock = 35, client with node 1 port 5715 went down
08-06 21:03:28.881  1739  1832 I minksocket: MinkIPC MESSAGE: ( 1739:1832 ) MinkIPC_QRTR_Service:351 minkipc = 0xb4000076c18baed0 sock = 35, client with node 1 port 5716 went down
08-06 21:03:28.881  1739  1812 I minksocket: MinkIPC MESSAGE: ( 1739:1812 ) MinkIPC_QRTR_Service:351 minkipc = 0xb4000076c18ba7f0 sock = 19, client with node 1 port 5716 went down
08-06 21:03:28.882  1739  1832 I minksocket: MinkIPC MESSAGE: ( 1739:1832 ) MinkIPC_QRTR_Service:351 minkipc = 0xb4000076c18baed0 sock = 35, client with node 1 port 5717 went down
08-06 21:03:28.883  1775  1775 I sensors-hal: qsh_qmi:35, qsh_qmi
08-06 21:03:28.883  1739  1812 I minksocket: MinkIPC MESSAGE: ( 1739:1812 ) MinkIPC_QRTR_Service:351 minkipc = 0xb4000076c18ba7f0 sock = 19, client with node 1 port 5717 went down
08-06 21:03:28.883  1775  1775 I sensors-hal: register_cb:314, suid(low=11115320498015681092,high=2286538866409242278) is new. register callbacks
08-06 21:03:28.883  1775  1775 I sensors-hal: send_sensor_config_request:626, resampler is used, set resampler config
08-06 21:03:28.883  1775  1775 I sensors-hal: send_sync_sensor_request:531, send sync request
08-06 21:03:28.883  1775  1775 I sensors-hal: send_sync_sensor_request:541, send_sync_sensor_request before send_request for accel with SUID low=11115320498015681092 high=2286538866409242278
08-06 21:03:28.883  1739  1812 I minksocket: MinkIPC MESSAGE: ( 1739:1812 ) MinkIPC_QRTR_Service:351 minkipc = 0xb4000076c18ba7f0 sock = 19, client with node 1 port 5718 went down
08-06 21:03:28.883  1739  1832 I minksocket: MinkIPC MESSAGE: ( 1739:1832 ) MinkIPC_QRTR_Service:351 minkipc = 0xb4000076c18baed0 sock = 35, client with node 1 port 5718 went down
08-06 21:03:28.884  1775  1775 I sensors-hal: send_sync_sensor_request:560, wait for notification of response
08-06 21:03:28.885  1775 12070 I sensors-hal: qsh_conn_resp_cb:886, resp_value = 0 for accel 
08-06 21:03:28.886  1775  1775 I sensors-hal: send_sync_sensor_request:566, takes 1 ms to receive the response with 0
08-06 21:03:28.886  1775  1775 I sensors-hal: activate:119, android.sensor.accelerometer/11 en=1 completed
08-06 21:03:28.887  7458  8091 E Launcher: mFsGestureStatusRefreshRunnable:run usingFsGesture=true   show=true   focus=true   pause=false
08-06 21:03:28.888  7458  7458 W RecentsImpl: updateFsgWindowVisibilityState origin isEnter=true, typeFrom=typefrom_home
08-06 21:03:28.889  7458  8091 W RecentsImpl: updateFsgWindowVisibilityStateInBgThread, isEnter=true, typeFrom=typefrom_home, isOpen=true, isKeyguardLocked=false, mIsInAnotherPro=false, isStatusBarExpansion=false
08-06 21:03:28.891  7458  8149 W GestureStubView_Left: adaptRotation   currentRotation=0   mRotation=0
08-06 21:03:28.893  7458  8149 W GestureStubView_Right: adaptRotation   currentRotation=0   mRotation=0
08-06 21:03:28.914  3086  3086 I adbd    : in ShellService: input keyevent BACK
08-06 21:03:28.959  2474  7633 W MIUIInput: Input event injection from package: null action ACTION_DOWN keycode 4
08-06 21:03:28.959  2474  7633 W MiuiInputKeyEventLog: keyCode:4 down:true eventTime:22858096 downTime:22858096 policyFlags:2b000000 flags:0 metaState:0 deviceId:-1 isScreenOn:true keyguardActive:false repeatCount:0
08-06 21:03:28.960  2474  2680 W ActivityManagerServiceImpl: Sending non-protected broadcast miui.intent.KEYCODE_BACK from system 2474:system/1000 pkg android. Callers=com.android.server.am.ActivityManagerService.checkBroadcastFromSystem:16255 com.android.server.am.ActivityManagerService.broadcastIntentLockedTraced:17126 com.android.server.am.ActivityManagerService.broadcastIntentLocked:16315 com.android.server.am.ActivityManagerService.broadcastIntentWithFeature:17337 android.app.ContextImpl.sendBroadcastAsUser:1495 
08-06 21:03:28.960  2474  4371 I MIUIInput: [KeyEvent] publisher action:0x0,  keyCode:4 , deviceId=-1, 22858096,channel '79e08af com.miui.home/com.miui.home.launcher.Launcher (server)' 
08-06 21:03:28.961  7458  7458 I MIUIInput: [KeyEvent] ViewRootImpl windowName 'com.miui.home/com.miui.home.launcher.Launcher', KeyEvent { action=ACTION_DOWN, keyCode=KEYCODE_BACK, scanCode=0, metaState=0, flags=0x0, repeatCount=0, eventTime=22858096000000, downTime=22858096000000, deviceId=-1, source=0x0, displayId=-1 }, phoneEventTime=21:03:28.958
08-06 21:03:28.996  2474  7633 W MIUIInput: Input event injection from package: null action ACTION_UP keycode 4
08-06 21:03:28.996  2474  7633 W MiuiInputKeyEventLog: keyCode:4 down:false eventTime:22858134 downTime:22858096 policyFlags:2b000000 flags:0 metaState:0 deviceId:-1 isScreenOn:true keyguardActive:false repeatCount:0
08-06 21:03:28.997  2474  2680 W ActivityManagerServiceImpl: Sending non-protected broadcast miui.intent.KEYCODE_BACK from system 2474:system/1000 pkg android. Callers=com.android.server.am.ActivityManagerService.checkBroadcastFromSystem:16255 com.android.server.am.ActivityManagerService.broadcastIntentLockedTraced:17126 com.android.server.am.ActivityManagerService.broadcastIntentLocked:16315 com.android.server.am.ActivityManagerService.broadcastIntentWithFeature:17337 android.app.ContextImpl.sendBroadcastAsUser:1495 
08-06 21:03:28.998  2474  4371 I MIUIInput: [KeyEvent] publisher action:0x1,  keyCode:4 , deviceId=-1, 22858134,channel '79e08af com.miui.home/com.miui.home.launcher.Launcher (server)' 
08-06 21:03:29.000  7458  7458 I MIUIInput: [KeyEvent] ViewRootImpl windowName 'com.miui.home/com.miui.home.launcher.Launcher', KeyEvent { action=ACTION_UP, keyCode=KEYCODE_BACK, scanCode=0, metaState=0, flags=0x0, repeatCount=0, eventTime=22858134000000, downTime=22858096000000, deviceId=-1, source=0x0, displayId=-1 }, phoneEventTime=21:03:28.996
08-06 21:03:29.010  2474  8251 I NetworkAccelerateSwitchService: EVENT_RSSI_POLL. mRssiPoll=true
08-06 21:03:29.011  2474  8251 I NetworkAccelerateSwitchService: getAverageWifiRssi:40
08-06 21:03:29.021  7458  7458 W MIUIInput: Back key is intercepted by the app
08-06 21:03:29.021  2474  4292 I SensorService: 	>>> actuating h/w activate handle=0x100000b enabled=0
08-06 21:03:29.022  1775  1775 I sensors-hal: activate:108, android.sensor.accelerometer/11 en=0
08-06 21:03:29.022  1775  1775 I sensors-hal: send_sync_sensor_request:531, send sync request
08-06 21:03:29.023  1775  1775 I sensors-hal: send_sync_sensor_request:541, send_sync_sensor_request before send_request for accel with SUID low=11115320498015681092 high=2286538866409242278
08-06 21:03:29.023  1775  1775 I sensors-hal: send_sync_sensor_request:560, wait for notification of response
08-06 21:03:29.024  1775 12070 I sensors-hal: qsh_conn_resp_cb:886, resp_value = 0 for accel 
08-06 21:03:29.025  1775  1775 I sensors-hal: send_sync_sensor_request:566, takes 1 ms to receive the response with 0
08-06 21:03:29.026  1739  1812 I minksocket: MinkIPC MESSAGE: ( 1739:1812 ) MinkIPC_QRTR_Service:351 minkipc = 0xb4000076c18ba7f0 sock = 19, client with node 1 port 5719 went down
08-06 21:03:29.026  1739  1832 I minksocket: MinkIPC MESSAGE: ( 1739:1832 ) MinkIPC_QRTR_Service:351 minkipc = 0xb4000076c18baed0 sock = 35, client with node 1 port 5719 went down
08-06 21:03:29.027  1775  1775 I sensors-hal: ~qsh_qmi:62, ~qsh_qmi
08-06 21:03:29.027  1775  1775 I sensors-hal: activate:119, android.sensor.accelerometer/11 en=0 completed
08-06 21:03:29.027  2474  2817 I SensorAccount: App unregister sensor noWakeupSensor_10138_0x100000b
08-06 21:03:29.028  7458  8091 E Launcher: mFsGestureStatusRefreshRunnable:run usingFsGesture=true   show=true   focus=true   pause=false
08-06 21:03:29.035  7458  7458 W RecentsImpl: updateFsgWindowVisibilityState origin isEnter=false, typeFrom=typefrom_home
08-06 21:03:29.037  7458  8091 W RecentsImpl: updateFsgWindowVisibilityStateInBgThread, isEnter=false, typeFrom=typefrom_home, isOpen=true, isKeyguardLocked=false, mIsInAnotherPro=false, isStatusBarExpansion=false
08-06 21:03:29.037  7458  8091 W RecentsImpl: getTopActivity from observer.   cn=ComponentInfo{com.miui.home/com.miui.home.launcher.Launcher}
08-06 21:03:29.053  1843  3496 I vendor.qti.hardware.display.composer-service: Sensor: notify citsensorservice to trigger cwb, misForced = 0
08-06 21:03:29.054  3050  4554 I libsensor-parseRGB: request dump start for mRequestDisplayId 0
08-06 21:03:29.066  2474  7257 I MiuiNetworkPolicy: getEnableLimitTimeout when thermal mode is:0
08-06 21:03:29.077  3050  3078 E libsensor-parseRGB: CWB NotifyCWBBufferDone  error 0
08-06 21:03:29.103  3086  3086 I adbd    : in ShellService: pm list packages -f
08-06 21:03:29.113  3086  3086 I adbd    : in ShellService: ps
08-06 21:03:29.160 13430 13430 I PackageInstallReceiver: action = android.intent.action.PACKAGE_CHANGED packageName = com.miui.cleanmaster
08-06 21:03:29.160 13430 13430 W InstalledPackagesMemoryCache: Unknown action: android.intent.action.PACKAGE_CHANGED
08-06 21:03:29.160 13430 13430 I ServiceDeliveryCapability: onAppChanged:com.miui.cleanmaster action:android.intent.action.PACKAGE_CHANGED
08-06 21:03:29.161 13430 13430 I AppWidgetDelegate: updateAppWidgets for com.miui.cleanmaster
08-06 21:03:29.161 13430 13430 I WidgetController: WidgetController.updateOrRemoveStackWhenPackageChanged: packageName com.miui.cleanmaster
08-06 21:03:29.161 13430 13430 I WidgetBackgroundBlurManager: onAppChanged appPackageName : com.miui.cleanmaster
08-06 21:03:29.161 13430 14324 I AppWidgetDelegate: removeAllWidgets com.android.calendar.widget.NearEventAppWidget
08-06 21:03:29.161 13430 14324 I AppWidgetDelegate: removeAllWidgets com.xiaomi.misettings.usagestats.widget.desktop.widget.SimpleUsageStatsWidget
08-06 21:03:29.177  2474  7611 I SensorAccount: ExecutionCapabilityChanged  pkgName:com.miui.home  canAfford:true mCurrentForegroundUid:10138
08-06 21:03:29.192  9497  9497 I abb     : StartCommandInProcess(73657474696e67730067657400676c6f settings.get.glo [truncated])
08-06 21:03:29.192  2474  2474 W binder:2474_7: type=1400 audit(0.0:16724): avc:  denied  { getopt } for  scontext=u:r:system_server:s0 tcontext=u:r:shell:s0 tclass=unix_stream_socket permissive=0
08-06 21:03:29.195  3086  3086 I adbd    : in ShellService: pm list packages -f
08-06 21:03:29.196  2474  2474 W binder:2474_7: type=1400 audit(0.0:16725): avc:  denied  { getopt } for  scontext=u:r:system_server:s0 tcontext=u:r:shell:s0 tclass=unix_stream_socket permissive=0
08-06 21:03:29.196  2474  2474 W binder:2474_7: type=1400 audit(0.0:16726): avc:  denied  { getopt } for  scontext=u:r:system_server:s0 tcontext=u:r:shell:s0 tclass=unix_stream_socket permissive=0
08-06 21:03:29.261  1843  3496 I vendor.qti.hardware.display.composer-service: Sensor: notify citsensorservice to trigger cwb, misForced = 0
08-06 21:03:29.261  3050  4554 I libsensor-parseRGB: request dump start for mRequestDisplayId 0
08-06 21:03:29.268  9497  9497 I abb     : StartCommandInProcess(7061636b61676500696e7374616c6c00 package.install. [truncated])
08-06 21:03:29.273  2474  7647 I InstallationTiming: beginInstall_sessionId: 1396770519
08-06 21:03:29.285  3050  3078 E libsensor-parseRGB: CWB NotifyCWBBufferDone  error 0
08-06 21:03:29.405  1850  9931 E ANDR-PERF-LM: SAGT_ACTION: UpdateFPSData() 138: update /sys/kernel/sched_penalty/parameters/fps to 60, ret is 0
08-06 21:03:29.469  1843  3496 I vendor.qti.hardware.display.composer-service: Sensor: notify citsensorservice to trigger cwb, misForced = 0
08-06 21:03:29.469  3050  4554 I libsensor-parseRGB: request dump start for mRequestDisplayId 0
08-06 21:03:29.493  3050 25119 E libsensor-parseRGB: CWB NotifyCWBBufferDone  error 0
08-06 21:03:29.651 11332 11346 I AidlLazyServiceRegistrar: Process has 0 (of 2 available) client(s) in use after notification android.system.virtualizationmaintenance has clients: 0
08-06 21:03:29.652 11332 11346 I AidlLazyServiceRegistrar: Trying to shut down the service. No clients in use for any service in process.
08-06 21:03:29.653 11332 11346 I AidlLazyServiceRegistrar: Unregistered all clients and exiting
08-06 21:03:29.676  1843  3496 I vendor.qti.hardware.display.composer-service: Sensor: notify citsensorservice to trigger cwb, misForced = 0
08-06 21:03:29.677  3050  4554 I libsensor-parseRGB: request dump start for mRequestDisplayId 0
08-06 21:03:29.700  3050  3078 E libsensor-parseRGB: CWB NotifyCWBBufferDone  error 0
08-06 21:03:29.807  1850  9931 E ANDR-PERF-LM: SAGT_ACTION: UpdateFPSData() 138: update /sys/kernel/sched_penalty/parameters/fps to 120, ret is 0
08-06 21:03:29.808  1850  9931 E ANDR-PERF-LM: SAGT_ACTION: updateAutoPenatly() 161: recovery auto penatly gamefps 120.000000, measured fps is 119.500000, gap is 0.500000 
08-06 21:03:29.815  1843  2051 I SDM     : DisplayBase::CommitThread: Received idle timeout, panel: cmd, timeout: 70000 us
08-06 21:03:29.851  1843  1843 I SDM     : HWCDisplay::SetActiveConfigWithConstraints: display:66-0, config: 1, WxH 1200x2670, fps 120
08-06 21:03:29.852  1843  1843 W SDM     : HWDeviceDRM::GetSupportedBitClkRate: Requested rate not supported: 1150000000
08-06 21:03:29.852  1843  1843 I SDM     : HWDeviceDRM::UpdateMixerAttributes: Mixer WxH 1200x2670-1 for Peripheral
08-06 21:03:29.852  1843  1843 I SDM     : HWCDisplay::SubmitDisplayConfig: Active configuration changed from config 3 to 1
08-06 21:03:29.852  1843  1843 I SDM     : HWCDisplay::SubmitDisplayConfig: Active WxH 1200x2670 ,ddic_mode:idle, timing_fps: 120, sf_fps: 120
08-06 21:03:29.908  2474  2474 W binder:2474_7: type=1400 audit(0.0:16727): avc:  denied  { getopt } for  scontext=u:r:system_server:s0 tcontext=u:r:shell:s0 tclass=unix_stream_socket permissive=0
08-06 21:03:29.926  2474  7378 E HyperSentinel: -------------------------------------------------------
08-06 21:03:29.926  2474  7378 E HyperSentinel: Event_OpenFileFDSize
08-06 21:03:29.926  2474  7378 E HyperSentinel: -> audit event by proc 2474 "system_server": Fd increasement, peak, 1160 -> 1261
08-06 21:03:29.931  1843  2051 I SDM     : DisplayBase::CommitThread: Received idle timeout, panel: cmd, timeout: 70000 us
08-06 21:03:30.010  1843  3496 I vendor.qti.hardware.display.composer-service: Sensor: notify citsensorservice to trigger cwb, misForced = 1
08-06 21:03:30.010  3050  4554 I libsensor-parseRGB: request dump start for mRequestDisplayId 0
08-06 21:03:30.032  3050  3078 E libsensor-parseRGB: CWB NotifyCWBBufferDone  error 0
08-06 21:03:30.089  1843  2051 I SDM     : DisplayBase::CommitThread: Received idle timeout, panel: cmd, timeout: 69999 us
08-06 21:03:30.118  2474  7382 I SmartPower: com.google.android.gms/10130(11128): background->idle(3009ms) R(service end com.google.android.gms/.backup.BackupTransportService) adj=250.
08-06 21:03:30.151  2474  7382 I SmartPower: com.android.packageinstaller/10097(18840): background->idle(3002ms) R(broadcast start Intent { act=android.intent.action.PACKAGE_ADDED dat=package: flg=0x5000010 pkg=com.android.packageinstaller (has extras) }) adj=905.
08-06 21:03:30.154  2474  7382 I SmartPower: com.miui.cleanmaster/10266(17558): background->idle(3000ms) R(service create com.miui.cleanmaster/com.miui.optimizecenter.service.CleanMasterService) adj=905.
08-06 21:03:30.187  7856  8715 E PhoneAdapter: get ntnphones failed, exception: java.lang.IllegalStateException: Default phones haven't been made yet!
08-06 21:03:30.225  2474  4395 W RuleEvaluation: Integrity rule files are not available.
08-06 21:03:30.226  2474  3506 I PackageManager: Integrity check passed for file:///data/app/vmdl1396770519.tmp
08-06 21:03:30.281  1843  2051 I SDM     : DisplayBase::CommitThread: Received idle timeout, panel: cmd, timeout: 69999 us
08-06 21:03:30.284 13306 13306 I UserConsentManager: onPermissionsChanged: 10370
08-06 21:03:30.284 13306 13306 I UserConsentManager: onPermissionsChanged: 10370
08-06 21:03:30.284 13306 13306 I UserConsentManager: onPermissionsChanged: 10370
08-06 21:03:30.295  2474  7382 I SmartPower: com.miui.systemAdSolution/10168(17757): background->idle(3002ms) R(broadcast start Intent { act=android.intent.action.PACKAGE_ADDED dat=package: flg=0x4000010 (has extras) }) adj=100.
08-06 21:03:30.303  3086  3086 I adbd    : in ShellService: ps
08-06 21:03:30.307  2474  7382 I SmartPower: com.android.browser/10134(9561): background->idle(3013ms) R(adj below visible) adj=905.
08-06 21:03:30.324  2474  2643 E AppOps  : Trying to set mode for unknown uid 10370.
08-06 21:03:30.332 24010 26376 I artd    : Merge skipped because there are no existing profiles
08-06 21:03:30.332  2474  3506 I ArtService: Adjusting the compiler filter for 'com.facebook.mlite' from 'speed-profile' to 'verify' because there is no valid profile
08-06 21:03:30.333 24010 26376 I artd    : Dex parent of /data/app/~~Y2nr91cvAPkUda7lNUP2OQ==/com.facebook.mlite-uXIY0QCpuJ9JqhnwNAFSzw==/base.apk is not writable: Permission denied
08-06 21:03:30.333 24010 26376 I artd    : GetBestInfo checking odex in dalvik-cache (/data/dalvik-cache/arm64/data@app@~~Y2nr91cvAPkUda7lNUP2OQ==@com.facebook.mlite-uXIY0QCpuJ9JqhnwNAFSzw==@base.apk@classes.dex)
08-06 21:03:30.333 24010 26376 I artd    : Loading /data/dalvik-cache/arm64/data@app@~~Y2nr91cvAPkUda7lNUP2OQ==@com.facebook.mlite-uXIY0QCpuJ9JqhnwNAFSzw==@base.apk@classes.dex with executable: 0
08-06 21:03:30.333 24010 26376 I artd    : OatFileAssistant test for existing oat file /data/dalvik-cache/arm64/data@app@~~Y2nr91cvAPkUda7lNUP2OQ==@com.facebook.mlite-uXIY0QCpuJ9JqhnwNAFSzw==@base.apk@classes.dex: File /data/dalvik-cache/arm64/data@app@~~Y2nr91cvAPkUda7lNUP2OQ==@com.facebook.mlite-uXIY0QCpuJ9JqhnwNAFSzw==@base.apk@classes.vdex does not exist.
08-06 21:03:30.333 24010 26376 I artd    : GetBestInfo checking odex next to the dex file (/data/app/~~Y2nr91cvAPkUda7lNUP2OQ==/com.facebook.mlite-uXIY0QCpuJ9JqhnwNAFSzw==/oat/arm64/base.odex)
08-06 21:03:30.333 24010 26376 I artd    : Loading /data/app/~~Y2nr91cvAPkUda7lNUP2OQ==/com.facebook.mlite-uXIY0QCpuJ9JqhnwNAFSzw==/oat/arm64/base.odex with executable: 0
08-06 21:03:30.333 24010 26376 I artd    : OatFileAssistant test for existing oat file /data/app/~~Y2nr91cvAPkUda7lNUP2OQ==/com.facebook.mlite-uXIY0QCpuJ9JqhnwNAFSzw==/oat/arm64/base.odex: File /data/app/~~Y2nr91cvAPkUda7lNUP2OQ==/com.facebook.mlite-uXIY0QCpuJ9JqhnwNAFSzw==/oat/arm64/base.vdex does not exist.
08-06 21:03:30.333 24010 26376 I artd    : GetBestInfo checking vdex in dalvik-cache (/data/dalvik-cache/arm64/data@app@~~Y2nr91cvAPkUda7lNUP2OQ==@com.facebook.mlite-uXIY0QCpuJ9JqhnwNAFSzw==@base.apk@classes.vdex)
08-06 21:03:30.333 24010 26376 I artd    : unable to open vdex file /data/dalvik-cache/arm64/data@app@~~Y2nr91cvAPkUda7lNUP2OQ==@com.facebook.mlite-uXIY0QCpuJ9JqhnwNAFSzw==@base.apk@classes.vdex: File /data/dalvik-cache/arm64/data@app@~~Y2nr91cvAPkUda7lNUP2OQ==@com.facebook.mlite-uXIY0QCpuJ9JqhnwNAFSzw==@base.apk@classes.vdex does not exist.
08-06 21:03:30.333 24010 26376 I artd    : OatFileAssistant test for existing oat file /data/dalvik-cache/arm64/data@app@~~Y2nr91cvAPkUda7lNUP2OQ==@com.facebook.mlite-uXIY0QCpuJ9JqhnwNAFSzw==@base.apk@classes.vdex: File /data/dalvik-cache/arm64/data@app@~~Y2nr91cvAPkUda7lNUP2OQ==@com.facebook.mlite-uXIY0QCpuJ9JqhnwNAFSzw==@base.apk@classes.vdex does not exist.
08-06 21:03:30.333 24010 26376 I artd    : GetBestInfo checking vdex next to the dex file (/data/app/~~Y2nr91cvAPkUda7lNUP2OQ==/com.facebook.mlite-uXIY0QCpuJ9JqhnwNAFSzw==/oat/arm64/base.vdex)
08-06 21:03:30.333 24010 26376 I artd    : unable to open vdex file /data/app/~~Y2nr91cvAPkUda7lNUP2OQ==/com.facebook.mlite-uXIY0QCpuJ9JqhnwNAFSzw==/oat/arm64/base.vdex: File /data/app/~~Y2nr91cvAPkUda7lNUP2OQ==/com.facebook.mlite-uXIY0QCpuJ9JqhnwNAFSzw==/oat/arm64/base.vdex does not exist.
08-06 21:03:30.333 24010 26376 I artd    : OatFileAssistant test for existing oat file /data/app/~~Y2nr91cvAPkUda7lNUP2OQ==/com.facebook.mlite-uXIY0QCpuJ9JqhnwNAFSzw==/oat/arm64/base.vdex: File /data/app/~~Y2nr91cvAPkUda7lNUP2OQ==/com.facebook.mlite-uXIY0QCpuJ9JqhnwNAFSzw==/oat/arm64/base.vdex does not exist.
08-06 21:03:30.333 24010 26376 I artd    : GetBestInfo checking dm (/data/app/~~Y2nr91cvAPkUda7lNUP2OQ==/com.facebook.mlite-uXIY0QCpuJ9JqhnwNAFSzw==/base.dm)
08-06 21:03:30.333 24010 26376 I artd    : GetBestInfo no usable artifacts
08-06 21:03:30.337 24010 26376 I artd    : Running dex2oat: /apex/com.android.art/bin/art_exec --drop-capabilities --set-task-profile=Dex2OatBootComplete --set-priority=background --keep-fds=7:8:9:10:11 -- /apex/com.android.art/bin/dex2oat64 --zip-fd=7 --zip-location=/data/app/~~Y2nr91cvAPkUda7lNUP2OQ==/com.facebook.mlite-uXIY0QCpuJ9JqhnwNAFSzw==/base.apk --oat-fd=8 --oat-location=/data/app/~~Y2nr91cvAPkUda7lNUP2OQ==/com.facebook.mlite-uXIY0QCpuJ9JqhnwNAFSzw==/oat/arm64/base.odex --output-vdex-fd=9 --swap-fd=10 --class-loader-context-fds=11 --class-loader-context=PCL[]{PCL[/system/framework/org.apache.http.legacy.jar]} --classpath-dir=/data/app/~~Y2nr91cvAPkUda7lNUP2OQ==/com.facebook.mlite-uXIY0QCpuJ9JqhnwNAFSzw== --instruction-set=arm64 --instruction-set-features=default --instruction-set-variant=kryo300 --compiler-filter=verify --compilation-reason=install --compact-dex-level=none --max-image-block-size=524288 --resolve-startup-const-strings=true --generate-mini-debug-info --runtime-arg -Xtarget-sdk-version:31 --runtime-arg -Xhidden-api-policy:enabled -j6 --runtime-arg -Xms64m --runtime-arg -Xmx512m --comments=app-name:com.facebook.mlite,app-version-name:332.0.0.20.108,app-version-code:425824148,art-version:352090000
08-06 21:03:30.337 24010 26376 I artd    : Opened FDs: 7:/data/app/~~Y2nr91cvAPkUda7lNUP2OQ==/com.facebook.mlite-uXIY0QCpuJ9JqhnwNAFSzw==/base.apk 8:/data/app/~~Y2nr91cvAPkUda7lNUP2OQ==/com.facebook.mlite-uXIY0QCpuJ9JqhnwNAFSzw==/oat/arm64/base.odex.aVKHDA.tmp 9:/data/app/~~Y2nr91cvAPkUda7lNUP2OQ==/com.facebook.mlite-uXIY0QCpuJ9JqhnwNAFSzw==/oat/arm64/base.vdex.FidFf1.tmp 10:/data/app/~~Y2nr91cvAPkUda7lNUP2OQ==/com.facebook.mlite-uXIY0QCpuJ9JqhnwNAFSzw==/oat/arm64/base.odex.swap.wuqFRF.tmp 11:/system/framework/org.apache.http.legacy.jar 
08-06 21:03:30.350 12130 12130 W libprocessgroup: JoinCgroup: controller schedtune is not found
08-06 21:03:30.367 12130 12130 W dex2oat64: Obsolete flag --compact-dex-level ignored
08-06 21:03:30.369 12130 12130 I dex2oat64: /apex/com.android.art/bin/dex2oat64 --output-vdex-fd=9 --class-loader-context-fds=11 --class-loader-context=PCL[]{PCL[/system/framework/org.apache.http.legacy.jar]} --classpath-dir=/data/app/~~Y2nr91cvAPkUda7lNUP2OQ==/com.facebook.mlite-uXIY0QCpuJ9JqhnwNAFSzw== --compiler-filter=verify --compilation-reason=install --compact-dex-level=none --max-image-block-size=524288 --resolve-startup-const-strings=true --generate-mini-debug-info -j6 --comments=app-name:com.facebook.mlite,app-version-name:332.0.0.20.108,app-version-code:425824148,art-version:352090000
08-06 21:03:30.440 12130 12130 I dex2oat64: Using CollectorTypeCC GC.
08-06 21:03:30.543 12130 12136 W dex2oat64: Method void X.0NB.uncaughtException(java.lang.Thread, java.lang.Throwable) failed lock verification and will run slower.
08-06 21:03:30.543 12130 12136 W dex2oat64: Common causes for lock verification issues are non-optimized dex code
08-06 21:03:30.543 12130 12136 W dex2oat64: and incorrect proguard optimizations.
08-06 21:03:30.594 12130 12136 W dex2oat64: Accessing hidden method Ljdk/internal/reflect/Reflection;->getCallerClass()Ljava/lang/Class; (blocked, linking, denied)
08-06 21:03:30.594 12130 12136 W dex2oat64: Accessing hidden method Lsun/reflect/Reflection;->getCallerClass()Ljava/lang/Class; (blocked, linking, denied)
08-06 21:03:30.594 12130 12135 W dex2oat64: Accessing hidden method Lsun/reflect/Reflection;->getCallerClass()Ljava/lang/Class; (blocked, linking, denied)
08-06 21:03:30.594 12130 12135 W dex2oat64: Accessing hidden method Ljdk/internal/reflect/Reflection;->getCallerClass()Ljava/lang/Class; (blocked, linking, denied)
08-06 21:03:30.594 12130 12135 W dex2oat64: Accessing hidden method Lsun/reflect/Reflection;->getCallerClass()Ljava/lang/Class; (blocked, linking, denied)
08-06 21:03:30.644  2474  7382 I SmartPower: com.android.vending/10124(11354): background->idle(3001ms) R(broadcast start Intent { act=android.intent.action.PACKAGE_ADDED dat=package: flg=0x4000010 (has extras) }) adj=915.
08-06 21:03:30.644  2474  7382 I SmartPower: com.android.vending:background/10124(17245): background->idle(3014ms) R(broadcast start Intent { act=android.intent.action.PACKAGE_ADDED dat=package: flg=0x4000010 (has extras) }) adj=915.
08-06 21:03:30.649  2474  7382 I SmartPower: com.miui.voiceassist:core/10193(12995): background->idle(3000ms) R(broadcast start Intent { act=android.intent.action.PACKAGE_ADDED dat=package: flg=0x4000010 (has extras) }) adj=100.
08-06 21:03:30.649  2474  7382 I SmartPower: android.process.mediaUI/10261(15474): background->idle(3000ms) R(broadcast start Intent { act=android.intent.action.PACKAGE_ADDED dat=package: flg=0x4000010 (has extras) }) adj=905.
08-06 21:03:30.649  2474  7382 I SmartPower: android.process.acore/10083(15552): background->idle(3000ms) R(broadcast start Intent { act=android.intent.action.PACKAGE_ADDED dat=package: flg=0x4000010 (has extras) }) adj=800.
08-06 21:03:30.654  2474  7382 I SmartPower: com.xiaomi.aicr:actionprovider/10127(15738): background->idle(3004ms) R(broadcast start Intent { act=android.intent.action.PACKAGE_ADDED dat=package: flg=0x4000010 (has extras) }) adj=905.
08-06 21:03:30.654  2474  7382 I SmartPower: com.google.android.documentsui/10100(14965): background->idle(3004ms) R(broadcast start Intent { act=android.intent.action.PACKAGE_ADDED dat=package: flg=0x4000010 (has extras) }) adj=905.
08-06 21:03:30.654  2474  7382 I SmartPower: com.miui.gallery/10271(9872): background->idle(3003ms) R(broadcast start Intent { act=android.intent.action.PACKAGE_ADDED dat=package: flg=0x4000010 (has extras) }) adj=905.
08-06 21:03:30.654  2474  7382 I SmartPower: com.miui.newhome/10296(18182): background->idle(3003ms) R(broadcast start Intent { act=android.intent.action.PACKAGE_ADDED dat=package: flg=0x4000010 (has extras) }) adj=905.
08-06 21:03:30.654  2474  7382 I SmartPower: com.milink.service:audio/10178(18537): background->idle(3003ms) R(broadcast start Intent { act=android.intent.action.PACKAGE_ADDED dat=package: flg=0x4000010 (has extras) }) adj=200.
08-06 21:03:30.654  2474  7382 I SmartPower: com.milink.crossdeviceservice/10178(19278): background->idle(3003ms) R(broadcast start Intent { act=android.intent.action.PACKAGE_ADDED dat=package: flg=0x4000010 (has extras) }) adj=905.
08-06 21:03:30.662  2474  7382 I SmartPower: com.xiaomi.market:widgetProvider/10167(9799): background->idle(3000ms) R(broadcast start Intent { act=com.xiaomi.market.APP_STATUS_CHANGED flg=0x30 cmp=com.xiaomi.market/.business_ui.widget.NewGameWidgetProvider (has extras) }) adj=905.
08-06 21:03:30.662  2474  7382 I SmartPower: com.xiaomi.market/10167(20053): background->idle(3020ms) R(broadcast start Intent { act=com.xiaomi.market.APP_STATUS_CHANGED flg=0x30 cmp=com.xiaomi.market/.business_ui.widget.NewGameWidgetProvider (has extras) }) adj=905.
08-06 21:03:30.669 12130 12130 I dex2oat64: dex2oat took 302.695ms (914.307ms cpu) (threads: 6) arena alloc=0B (0B) java alloc=11MB (11591152B) native alloc=4203KB (4304400B) free=1040KB (1065824B)
08-06 21:03:30.679 24010 26376 I artd    : dex2oat returned code 0
08-06 21:03:30.684  2474  3506 I ArtService: Dexopt result: [packageName = com.facebook.mlite] DexContainerFileDexoptResult{dexContainerFile=/data/app/~~Y2nr91cvAPkUda7lNUP2OQ==/com.facebook.mlite-uXIY0QCpuJ9JqhnwNAFSzw==/base.apk, primaryAbi=true, abi=arm64-v8a, actualCompilerFilter=verify, status=PERFORMED, dex2oatWallTimeMillis=-387174844, dex2oatCpuTimeMillis=940, sizeBytes=8447016, sizeBeforeBytes=0, extendedStatusFlags=[]}
08-06 21:03:30.684  2474 30182 I Miui32BitTranslateHelper: 32BitPretranslate: skipping APK pre-translation for com.facebook.mlite
08-06 21:03:30.685  2474  3506 W PackageFreezer: Freeze package com.facebook.mlite about 0.419 seconds for reason: installPackageLI
08-06 21:03:30.685  2474  3506 I BackupManagerService: [UserID:0] restoreAtInstall pkg=com.facebook.mlite token=38 restoreSet=0
08-06 21:03:30.687  1865  1865 I vendor.qti.hardware.servicetrackeraidl-service: bindService is called for service : com.google.android.gms/.backup.BackupTransportService and for client system
08-06 21:03:30.687  1865  1865 I vendor.qti.hardware.servicetrackeraidl-service: total connections for service : com.google.android.gms/.backup.BackupTransportServiceare :1
08-06 21:03:30.687  1865  1865 I vendor.qti.hardware.servicetrackeraidl-service: total connections for client : systemare :31
08-06 21:03:30.688  2474  7382 I SmartPower: com.google.android.gms/10130(11128): idle->background(570ms) R(add to whitelist) adj=0.
08-06 21:03:30.701  2474  2474 I TransportConnection: BackupTransportService#2324: Notifying [BMS.restoreAtInstall] transport = BackupTransportClient
08-06 21:03:30.703 11128 17520 W AndroidBackupEventsLogg: Flag disabled, logging without sampling [CONTEXT service_id=229 ]
08-06 21:03:30.704 11128 17520 I AndroidBackupEventsLogg: (REDACTED) Logging without sampling %s
08-06 21:03:30.705  1865  1865 I vendor.qti.hardware.servicetrackeraidl-service: unbindService is called for service : com.google.android.gms/.backup.BackupTransportService and for client system
08-06 21:03:30.705 11128 17520 W AndroidBackupEventsLogg: Flag disabled, logging without sampling [CONTEXT service_id=229 ]
08-06 21:03:30.705 11128 17520 I AndroidBackupEventsLogg: (REDACTED) Logging without sampling %s
08-06 21:03:30.705  1865  1865 I vendor.qti.hardware.servicetrackeraidl-service: size of service connections for service: com.google.android.gms/.backup.BackupTransportServiceafter removal is 0
08-06 21:03:30.705  1865  1865 I vendor.qti.hardware.servicetrackeraidl-service: size of client connections for client: systemafter removal is 30
08-06 21:03:30.705  1865  1865 I vendor.qti.hardware.servicetrackeraidl-service: destroyService is called for service : com.google.android.gms/.backup.BackupTransportService
08-06 21:03:30.706  2474  3506 I InstallationTiming: com.facebook.mlite|null|1433|640|23|261|0|12|355
08-06 21:03:30.707  2474  3506 I AppsFilter: interaction: PackageSetting{ab379bf com.android.microdroid.empty_payload/10236} -> PackageSetting{c255fdb com.facebook.mlite/10370} BLOCKED
08-06 21:03:30.707  2474  3506 I AppsFilter: interaction: PackageSetting{793ebd5 io.appium.uiautomator2.server.test/10280} -> PackageSetting{c255fdb com.facebook.mlite/10370} BLOCKED
08-06 21:03:30.707  2474  3506 I AppsFilter: interaction: PackageSetting{b5f3aef io.github.ylimit.droidbotapp/10369} -> PackageSetting{c255fdb com.facebook.mlite/10370} BLOCKED
08-06 21:03:30.707  2474  3506 I AppsFilter: interaction: PackageSetting{7947fea com.rongcard.eid/10151} -> PackageSetting{c255fdb com.facebook.mlite/10370} BLOCKED
08-06 21:03:30.707  2474  3506 I AppsFilter: interaction: PackageSetting{22ff2db io.appium.settings/10274} -> PackageSetting{c255fdb com.facebook.mlite/10370} BLOCKED
08-06 21:03:30.708  2474  2474 W binder:2474_7: type=1400 audit(0.0:16728): avc:  denied  { getopt } for  scontext=u:r:system_server:s0 tcontext=u:r:shell:s0 tclass=unix_stream_socket permissive=0
08-06 21:03:30.708  2474  2474 W binder:2474_7: type=1400 audit(0.0:16729): avc:  denied  { getopt } for  scontext=u:r:system_server:s0 tcontext=u:r:shell:s0 tclass=unix_stream_socket permissive=0
08-06 21:03:30.708  2474  2474 W binder:2474_7: type=1400 audit(0.0:16730): avc:  denied  { getopt } for  scontext=u:r:system_server:s0 tcontext=u:r:shell:s0 tclass=unix_stream_socket permissive=0
08-06 21:03:30.714  2474  2664 W TextServicesManagerService: no available spell checker services found
08-06 21:03:30.717 13710 15240 I MiuiVpnManageService: PackageMonitor. onPackageAdded: packageName =com.facebook.mlite
08-06 21:03:30.724  2474  4284 E AtomicFile: Failed to rename /data/system/install_sessions.xml.new to /data/system/install_sessions.xml
08-06 21:03:30.730  2474  4292 I ClipboardServiceI: checkProviderWakePathForClipboard: primaryClip is null
08-06 21:03:30.731  2474  7414 I SdkSandboxManager: No SDKs used. Skipping SDK data reconcilation for CallingInfo{mUid=10370, mPackageName='com.facebook.mlite, mAppProcessToken='null'}
08-06 21:03:30.731  2474  2680 I MiuiCompatModePackages: package com.facebook.mlite updated, removing config
08-06 21:03:30.731  2474  7409 W PackageManager: Failed registering loading progress callback. Package is fully loaded.
08-06 21:03:30.732  2474  7278 E AppOps  : attributionTag VCN not declared in manifest of android
08-06 21:03:30.733  2474  7278 E AppOps  : attributionTag VCN not declared in manifest of android
08-06 21:03:30.733  7464 11321 I htmlviewercloudcontrol: isStagingEnv:false param =  fps_group_config  uriMatch = 2, cluster: cn, version: 569290, traceId: edf791a3c2f0f49177c2934c6d2002a2, regId: +4z3RS85+e2U9l+sd6caQ/srGmJCsEbKpG1twyPn1K0CrNNyxYT/yAgGVxm5X+yC
08-06 21:03:30.734 13710 13710 I TrafficManageService: mina mPackageReceiver 0
08-06 21:03:30.734 13710 15127 I FireWallService: mina mPackageReceiver onReceive
08-06 21:03:30.734 13710 13710 I InstalledAppMonitor: com.facebook.mliteonReceive add pkg=com.facebook.mlite
08-06 21:03:30.735 14191 14518 I WakelockPolicyManager: setWakelockPolicy
08-06 21:03:30.736 13710 15607 I AppPredictManager: predict: recentApps size = 5
08-06 21:03:30.736  7505  7505 I SafetyLabelChangedBroadcastReceiver: received broadcast packageName: com.facebook.mlite, current user: UserHandle{0}, packageChangeEvent: NEW_INSTALL, intent user: UserHandle{0}
