08-06 21:03:44.667  7458  8328 E ActivityManagerWrapper:  mainTaskId=291   userId=0   windowMode=1   baseIntent=Intent { act=android.intent.action.MAIN flag=268435456 cmp=ComponentInfo{com.facebook.mlite/com.facebook.mlite.coreui.view.MainActivity} }
08-06 21:03:44.667  7458  8328 E ActivityManagerWrapper:  mainTaskId=282   userId=0   windowMode=1   baseIntent=Intent { act=android.intent.action.MAIN flag=270532608 cmp=ComponentInfo{com.android.settings/com.android.settings.MainSettings} }
08-06 21:03:44.667  7458  8328 E ActivityManagerWrapper:  mainTaskId=257   userId=0   windowMode=1   baseIntent=Intent { act=android.intent.action.VIEW flag=268435456 cmp=ComponentInfo{com.android.vending/com.google.android.finsky.activities.MainActivity} }
08-06 21:03:44.667  7458  8328 E ActivityManagerWrapper:  mainTaskId=254   userId=0   windowMode=1   baseIntent=Intent { act=android.intent.action.MAIN flag=270532608 cmp=ComponentInfo{com.getsurfboard/com.getsurfboard.ui.activity.MainActivity} }
08-06 21:03:44.668  2474  7257 I MiuiNetworkPolicy: updateUidState uid = 10261, uidState = 19
08-06 21:03:44.668  2474  7257 I MiuiNetworkPolicy: updateUidState uid = 10158, uidState = 19
08-06 21:03:44.668  7458  8328 W RecentsModel: getRunningTask   taskInfo=TaskInfo{userId=0 taskId=291 displayId=0 isRunning=true baseIntent=Intent { act=android.intent.action.MAIN cat=[android.intent.category.LAUNCHER] flg=0x10000000 cmp=com.facebook.mlite/.coreui.view.MainActivity } baseActivity=ComponentInfo{com.facebook.mlite/com.facebook.mlite.coreui.view.MainActivity} topActivity=ComponentInfo{com.facebook.mlite/com.facebook.mlite.coreui.view.MainActivity} origActivity=null realActivity=ComponentInfo{com.facebook.mlite/com.facebook.mlite.coreui.view.MainActivity} numActivities=1 lastActiveTime=410048995 supportsSplitScreenMultiWindow=true supportsMultiWindow=true resizeMode=1 isResizeable=true minWidth=-1 minHeight=-1 defaultMinSize=200 token=WCT{android.window.IWindowContainerToken$Stub$Proxy@24b9e27} topActivityType=1 pictureInPictureParams=null shouldDockBigOverlays=false launchIntoPipHostTaskId=-1 lastParentTaskIdBeforePip=-1 displayCutoutSafeInsets=Rect(0, 116 - 0, 0) topActivityInfo=ActivityInfo{d8c68d4 com.facebook.mlite.coreui.view.MainActivity} launchCookies=[] positionInParent=Point(0, 0) parentTaskId=-1 isFocused=false isVisible=true isVisibleRequested=true isSleeping=false locusId=null displayAreaFeatureId=1 isTopActivityTransparent=false appCompatTaskInfo=AppCompatTaskInfo { topActivityInSizeCompat=false topActivityInMiuiSizeCompat=false topActivityEligibleForLetterboxEducation= falseisLetterboxEducationEnabled= false isLetterboxDoubleTapEnabled= false topActivityEligibleForUserAspectRatioButton= false topActivityBoundsLetterboxed= false isFromLetterboxDoubleTap= false topActivityLetterboxVerticalPosition= -1 topActivityLetterboxHorizontalPosition= -1 topActivityLetterboxWidth=1200 topActivityLetterboxHeight=2670 isUserFullscreenOverrideEnabled=false isSystemFullscreenOverrideEnabled=false cameraCompatTaskInfo=CameraCompatTaskInfo { cameraCompatControlState=hidden freeformCameraCompatMode=inactive}} isImmersive=false mTopActivityRequestOrientation=-1 mBehindAppLockPkg=null mOriginatingUid=0 isEmbedded=false shouldBeVisible=true isCreatedByOrganizer=false mIsCastMode=false mTopActivityMediaSize=null mTopActivityRecordName=ActivityRecord{a834c69 u0 com.facebook.mlite/.coreui.view.MainActivity t291} mTopActivityOrientation=-1}
08-06 21:03:44.668  7458  8328 E ActivityManagerWrapper: get all recent tasks force including 291
08-06 21:03:44.669 13710 14405 I SCTaskStackListener: onTaskStackChanged! inSplit = false
08-06 21:03:44.669  7458  8328 E ActivityManagerWrapper: getRecentTasksForceIncludingTaskIdIfValid: getRecentTasks: size=4
08-06 21:03:44.669  7458  8328 E ActivityManagerWrapper:  mainTaskId=291   userId=0   windowMode=1   baseIntent=Intent { act=android.intent.action.MAIN flag=268435456 cmp=ComponentInfo{com.facebook.mlite/com.facebook.mlite.coreui.view.MainActivity} }
08-06 21:03:44.669  7458  8328 E ActivityManagerWrapper:  mainTaskId=282   userId=0   windowMode=1   baseIntent=Intent { act=android.intent.action.MAIN flag=270532608 cmp=ComponentInfo{com.android.settings/com.android.settings.MainSettings} }
08-06 21:03:44.669  7458  8328 E ActivityManagerWrapper:  mainTaskId=257   userId=0   windowMode=1   baseIntent=Intent { act=android.intent.action.VIEW flag=268435456 cmp=ComponentInfo{com.android.vending/com.google.android.finsky.activities.MainActivity} }
08-06 21:03:44.669  7458  8328 E ActivityManagerWrapper:  mainTaskId=254   userId=0   windowMode=1   baseIntent=Intent { act=android.intent.action.MAIN flag=270532608 cmp=ComponentInfo{com.getsurfboard/com.getsurfboard.ui.activity.MainActivity} }
08-06 21:03:44.670 20053 27840 I Market-RetrofitRequest: dnsStart : https://app.market.xiaomi.com/apm/statistics/appactive
08-06 21:03:44.670 20053 27840 I Market-HttpDns: HttpDns hostname app.market.xiaomi.com address : [app.market.xiaomi.com/111.13.141.202, app.market.xiaomi.com/111.62.122.37, app.market.xiaomi.com/2409:8c00:7821:10::1, app.market.xiaomi.com/2406:d440:106:5700:1117:9e8e:1ac:de9c]
08-06 21:03:44.670 20053 27840 I Market-RetrofitRequest: dnsEnd : https://app.market.xiaomi.com/apm/statistics/appactive
08-06 21:03:44.670 20053 27840 I Market-LimitSpeedManager: startLimitSpeedNow() ====== speed = 32768
08-06 21:03:44.674 20053 27840 I Market-DownloadLimitSpeedManager: startLimitSpeed success. Total count 1
08-06 21:03:44.674 20053 27840 I Market-RetrofitRequest: HeaderInterceptor : https://app.market.xiaomi.com/apm/statistics/appactive
08-06 21:03:44.692  2474  7378 E HyperSentinel: -------------------------------------------------------
08-06 21:03:44.692  2474  7378 E HyperSentinel: Event_ThreadAmount
08-06 21:03:44.692  2474  7378 E HyperSentinel: -> audit event by proc 32305 "usap64": running threads amount, 12 -> 23
08-06 21:03:44.707 20053 27840 I Market-DownloadLimitSpeedManager: stopLimitSpeed
08-06 21:03:44.707  2474  8755 I ClipboardServiceI: checkProviderWakePathForClipboard: primaryClip is null
08-06 21:03:44.707 20053 27840 I Market-LimitSpeedManager: stopLimitSpeedNow() =========== 
08-06 21:03:44.712 32305 32305 I SimpleFileLogger: init called
08-06 21:03:44.712 32305 32305 I SimpleFileLogger: Sanitizing logs
08-06 21:03:44.712 32305 32305 I SimpleFileLogger: Log sanitizing complete
08-06 21:03:44.712 32305 32305 I SimpleFileLogger: Starting logging to /data/user/0/com.facebook.mlite/files/logs/mlite.log
08-06 21:03:44.715 20053 27840 I Market-RetrofitRequest: callEnd : https://app.market.xiaomi.com/apm/statistics/appactive
08-06 21:03:44.715 20053 27840 E Market-ReflectUtils: invokeObject com.android.org.bouncycastle.util.encoders.Base64.decode com.xiaomi.market.util.reflect.IllegalArgumentException
08-06 21:03:44.715 20053 27840 E Market-ConnectionRSA: get key exception : java.lang.NullPointerException: decrypt data is null
08-06 21:03:44.716  2474  8755 W MiuiBoosterUtils: enable_miuibooster_launch : false
08-06 21:03:44.717  2474  8755 E ActivityTaskManager: Unable to get servicetracker HAL instance
08-06 21:03:44.717  7890  8057 I MiuiBubbleController: removeBubble: 291 reason=2
08-06 21:03:44.717  7890  8057 I MultiTaskingTaskRepository: onTaskInfoChanged multi list = [], full = [291, 282, 257, 254]
08-06 21:03:44.716 32305 32305 W com.facebook.mlite: type=1400 audit(0.0:16736): avc:  denied  { read } for  comm=4261636B67726F756E64207461736B name="anr" dev="dm-78" ino=608 scontext=u:r:untrusted_app_30:s0:c114,c257,c512,c768 tcontext=u:object_r:anr_data_file:s0 tclass=dir permissive=0 app=com.facebook.mlite
08-06 21:03:44.716 32305 32305 W com.facebook.mlite: type=1400 audit(0.0:16737): avc:  denied  { getattr } for  comm=4261636B67726F756E64207461736B path="/data/anr" dev="dm-78" ino=608 scontext=u:r:untrusted_app_30:s0:c114,c257,c512,c768 tcontext=u:object_r:anr_data_file:s0 tclass=dir permissive=0 app=com.facebook.mlite
08-06 21:03:44.716 32305 32305 W com.facebook.mlite: type=1400 audit(0.0:16738): avc:  denied  { getattr } for  comm=4261636B67726F756E64207461736B path="/data/anr" dev="dm-78" ino=608 scontext=u:r:untrusted_app_30:s0:c114,c257,c512,c768 tcontext=u:object_r:anr_data_file:s0 tclass=dir permissive=0 app=com.facebook.mlite
08-06 21:03:44.719 32305 12462 I ActivityThread: HardwareRenderer preload  done
08-06 21:03:44.719  2474  7367 I AudioGameEffect: foreground change to com.facebook.mlite, last foreground is com.miui.home
08-06 21:03:44.721  2474  7367 I NetworkBoostStatusManager: onForegroundInfoChanged uid:10370, isColdStart:true
08-06 21:03:44.721  2474  7367 I SLM-SRV-SLAToast: foreground uid:10370, isColdStart:true, isLinkTurboEnable:false
08-06 21:03:44.722 15896 15937 I AICall_MemoryTrim: binder:15896_2 onAppBackground()
08-06 21:03:44.722 15678 20188 I GST     : forePkg: com.facebook.mlite, preForePkg: com.miui.home
08-06 21:03:44.723 13710 23586 I ProcessMonitor: onForegroundInfoChanged: ForegroundInfo{mForegroundPackageName='com.facebook.mlite', mForegroundUid=10370, mForegroundPid=32305, mLastForegroundPackageName='com.miui.home', mLastForegroundUid=10138, mLastForegroundPid=7458, mMultiWindowForegroundPackageName='com.facebook.mlite', mMultiWindowForegroundUid=10370, mFlags=1}
08-06 21:03:44.724 13710 14405 W MIUISafety-Monitor: screen share ensure fg = com.facebook.mlite protect = false
08-06 21:03:44.725 13710 23586 I GameBoosterService: onForegroundInfoChanged: Cur=com.facebook.mlite	 last=com.miui.home
08-06 21:03:44.726 13710 23586 I VideoBoxUtils: isSupportVideoBox: true
08-06 21:03:44.726 13710 23586 I VideoToolBoxService: vtb is closed!!!
08-06 21:03:44.726 13710 23586 I AppPredictPrivacyLaunchManager: getLauncherHomeAppList size: 76
08-06 21:03:44.727 32305 12499 W libc    : Access denied finding property "vendor.migl.debug"
08-06 21:03:44.727 13710 23586 I AppPredictService: difTIme = 30535
08-06 21:03:44.727 32305 12499 I libMiGL : EnableDR: 0
08-06 21:03:44.727 32305 12499 I AdrenoGLES-0: QUALCOMM build                   : 0c7c4b37d5, I3988f0db60
08-06 21:03:44.727 32305 12499 I AdrenoGLES-0: Build Date                       : 10/18/24
08-06 21:03:44.727 32305 12499 I AdrenoGLES-0: OpenGL ES Shader Compiler Version: E031.45.02.19
08-06 21:03:44.727 32305 12499 I AdrenoGLES-0: Local Branch                     : 
08-06 21:03:44.727 32305 12499 I AdrenoGLES-0: Remote Branch                    : refs/tags/AU_LINUX_ANDROID_LA.VENDOR.14.3.0.R1.00.00.00.000.168
08-06 21:03:44.727 32305 12499 I AdrenoGLES-0: Remote Branch                    : NONE
08-06 21:03:44.727 32305 12499 I AdrenoGLES-0: Reconstruct Branch               : NOTHING
08-06 21:03:44.727 32305 12499 I AdrenoGLES-0: Build Config                     : S P 16.1.2 AArch64
08-06 21:03:44.727 32305 12499 I AdrenoGLES-0: Driver Path                      : /vendor/lib64/egl/libGLESv2_adreno.so
08-06 21:03:44.727 32305 12499 I AdrenoGLES-0: Driver Version                   : 0762.30
08-06 21:03:44.727 32305 12499 I AdrenoGLES-0: Process Name                     : com.facebook.mlite
08-06 21:03:44.729 13710 15593 E SuggestManager: openApp name = com.facebook.mlite
08-06 21:03:44.729 13710 15593 I NewAutoTaskManager: app use - delay = 9223372036854775807, doRemove = false, doPost = false
08-06 21:03:44.731 32305 12499 I AdrenoGLES-0: PFP: 0x01520175, ME: 0x01520023
08-06 21:03:44.731 13710 23586 W ContextImpl: Calling a method in the system process without a qualified user: android.app.ContextImpl.startService:1939 android.content.ContextWrapper.startService:843 u2.b.f:39 u2.b$c.onForegroundInfoChanged:21 com.miui.gamebooster.mutiwindow.b$a.onForegroundInfoChanged:152 
08-06 21:03:44.735 13710 15762 E b       : insert result = 1720
08-06 21:03:44.735 13710 23586 I BeautyService: onForegroundInfoChanged: Cur=com.facebook.mlite	 last=com.miui.home
08-06 21:03:44.736  1843  2428 I MiClstc : DropLayers erase layer 758
08-06 21:03:44.736  1843  2428 I MiClstc : DropLayers erase layer 759
08-06 21:03:44.736  1843  2428 I MiClstc : DropLayers erase layer 765
08-06 21:03:44.736  1843  2428 I MiClstc : DropLayers erase layer 766
08-06 21:03:44.737  1878  1878 I qspmHal : enter getGpuProf at: 2138767969
08-06 21:03:44.737  1878  1878 I qspmHal : gpuProfName:com.facebook.mlite-gpu - gpu prof_info.path:/data/vendor/gaming/com.facebook.mlite-gpu
08-06 21:03:44.737  1878  1878 I qspmHal : PID 32305 from GFX matched.
08-06 21:03:44.737  1878  1878 E qspmHal : GPU profile file NOT found !!
08-06 21:03:44.743  2474  7378 E HyperSentinel: -------------------------------------------------------
08-06 21:03:44.743  2474  7378 E HyperSentinel: Event_ResidentSize
08-06 21:03:44.743  2474  7378 E HyperSentinel: -> audit event by proc 32305 "usap64": RSS increasement, peak 97432kb -> 146328kb
08-06 21:03:44.744 32305 12499 I AdrenoUtils: <ReadGpuID:357>: Reading chip ID through GSL
08-06 21:03:44.744 32305 12491 W JobInfo : Requested backoff 0 for job 2131296688 is too small; raising to +10s0ms
08-06 21:03:44.745  2474  7647 I ClipboardServiceI: checkProviderWakePathForClipboard: primaryClip is null
08-06 21:03:44.750 32305 12492 W JobInfo : Requested backoff 0 for job 2131296688 is too small; raising to +10s0ms
08-06 21:03:44.752  2474  8358 W OptProp : Cannot read opt property android.window.PROPERTY_COMPAT_ALLOW_ORIENTATION_OVERRIDE
08-06 21:03:44.752  2474  8358 E ActivityTaskManager: Unable to get servicetracker HAL instance
08-06 21:03:44.752  2474  8358 E ActivityTaskManager: Unable to get servicetracker HAL instance
08-06 21:03:44.752  2474  8358 E WindowManager: setClientVisible ActivityRecord{a7f3623 u0 com.facebook.mlite/.sso.view.LoginActivity true
08-06 21:03:44.753  2474  8358 W OptProp : Cannot read opt property android.window.PROPERTY_COMPAT_ALLOW_RESIZEABLE_ACTIVITY_OVERRIDES
08-06 21:03:44.753  2474  8358 W OptProp : Cannot read opt property android.window.PROPERTY_COMPAT_ALLOW_MIN_ASPECT_RATIO_OVERRIDE
08-06 21:03:44.753  2474  8358 I AnimInterruptController: FIS notify Foresee interrupt start:225
08-06 21:03:44.753  2474  8358 I ActivityTaskManager: isKeyguardEditor: false, newTransition: TransitionRecord{385117f id=226 type=OPEN flags=0x0}
08-06 21:03:44.754  1843  3496 I vendor.qti.hardware.display.composer-service: Sensor: notify citsensorservice to trigger cwb, misForced = 0
08-06 21:03:44.755  1850  9924 E ANDR-PERF-LM: MetaMeter: handleAsync() 166: AdaptLaunch Invalid Async
08-06 21:03:44.755  3050  4554 I libsensor-parseRGB: request dump start for mRequestDisplayId 0
08-06 21:03:44.756  1850  1933 E ANDR-PERF-UTIL: ANDR-PERF-UTIL: save_node_val() 366: Failed to read /sys/class/mmc_host/mmc0/clk_scaling/enable
08-06 21:03:44.756  1850  1933 E ANDR-PERF-OPTSHANDLER: ANDR-PERF-OPTSHANDLER: modify_sysfsnode() 1266: Failed to read /sys/class/mmc_host/mmc0/clk_scaling/enable
08-06 21:03:44.756  1850  1933 E ANDR-PERF-RESOURCEQS: ANDR-PERF-RESOURCEQS: AddAndApply() 167: Failed to apply optimization [11, 4]
08-06 21:03:44.757  7458  8104 E Launcher.Transfer: transfer is closed
08-06 21:03:44.760  2474  8358 I WindowManager: Try to add startingWindow type = STARTING_WINDOW_TYPE_NONE this = ActivityRecord{a7f3623 u0 com.facebook.mlite/.sso.view.LoginActivity t291} preAllowTaskSnapshot = true afterAllowTaskSnapshot = true newTask = false taskSwitch = false processRunning = true activityCreated = false activityAllDrawn = false isSnapshotCompatible = false resolvedTheme = 2131886090 theme = 2131886090
08-06 21:03:44.760  2474  8358 I MiuiFreezeImpl: reparentPubgGame AR is null or process not exist, return
08-06 21:03:44.760  2474  8358 E WindowManager: setClientVisible ActivityRecord{a7f3623 u0 com.facebook.mlite/.sso.view.LoginActivity t291} true
08-06 21:03:44.761  2474  8358 E ActivityTaskManager: Unable to get servicetracker HAL instance
08-06 21:03:44.762  2474  8358 I ActivityTaskManager: START u0 {act=com.facebook.crudo.login.action.CrudoLoginActivity flg=0x4000000 pkg=com.facebook.mlite cmp=com.facebook.mlite/.sso.view.LoginActivity (has extras)} with LAUNCH_SINGLE_TOP from uid 10370 from pid 32305 callingPackage com.facebook.mlite (BAL_ALLOW_VISIBLE_WINDOW) result code=0
08-06 21:03:44.763  1850  1933 E ANDR-PERF-OPTSHANDLER: ANDR-PERF-OPTSHANDLER: modify_sysfsnode() 1213: Perflock resource /sys/class/devfreq/soc:qcom,cpubw/max_freq not supported
08-06 21:03:44.763  1850  1933 E ANDR-PERF-RESOURCEQS: ANDR-PERF-RESOURCEQS: AddAndApply() 167: Failed to apply optimization [6, 6]
08-06 21:03:44.763  1850  1933 E ANDR-PERF-UTIL: ANDR-PERF-UTIL: save_node_val() 366: Failed to read /sys/class/mmc_host/mmc0/clk_scaling/enable
08-06 21:03:44.763  1850  1933 E ANDR-PERF-OPTSHANDLER: ANDR-PERF-OPTSHANDLER: modify_sysfsnode() 1266: Failed to read /sys/class/mmc_host/mmc0/clk_scaling/enable
08-06 21:03:44.763  1850  1933 E ANDR-PERF-RESOURCEQS: ANDR-PERF-RESOURCEQS: AddAndApply() 167: Failed to apply optimization [11, 4]
08-06 21:03:44.765  7890  8057 I MultiTaskingTaskRepository: needSkip: is home task
08-06 21:03:44.765  7890  8057 I MiuiBubbleController: removeBubble: 291 reason=2
08-06 21:03:44.765  7890  8057 I MultiTaskingTaskRepository: onTaskInfoChanged multi list = [], full = [291, 282, 257, 254]
08-06 21:03:44.766  7890  8057 I SoScStageCoordinator: Transition requested:TransitionRequestInfo { type = OPEN, triggerTask = TaskInfo{userId=0 taskId=291 displayId=0 isRunning=true baseIntent=Intent { act=android.intent.action.MAIN cat=[android.intent.category.LAUNCHER] flg=0x10000000 cmp=com.facebook.mlite/.coreui.view.MainActivity } baseActivity=ComponentInfo{com.facebook.mlite/com.facebook.mlite.coreui.view.MainActivity} topActivity=ComponentInfo{com.facebook.mlite/com.facebook.mlite.sso.view.LoginActivity} origActivity=null realActivity=ComponentInfo{com.facebook.mlite/com.facebook.mlite.coreui.view.MainActivity} numActivities=2 lastActiveTime=410049084 supportsSplitScreenMultiWindow=true supportsMultiWindow=true resizeMode=1 isResizeable=true minWidth=-1 minHeight=-1 defaultMinSize=200 token=WCT{android.window.IWindowContainerToken$Stub$Proxy@8300ab8} topActivityType=1 pictureInPictureParams=null shouldDockBigOverlays=false launchIntoPipHostTaskId=-1 lastParentTaskIdBeforePip=-1 displayCutoutSafeInsets=Rect(0, 116 - 0, 0) topActivityInfo=ActivityInfo{208d091 com.facebook.mlite.sso.view.LoginActivity} launchCookies=[] positionInParent=Point(0, 0) parentTaskId=-1 isFocused=true isVisible=true isVisibleRequested=true isSleeping=false locusId=null displayAreaFeatureId=1 isTopActivityTransparent=false appCompatTaskInfo=AppCompatTaskInfo { topActivityInSizeCompat=false topActivityInMiuiSizeCompat=false topActivityEligibleForLetterboxEducation= falseisLetterboxEducationEnabled= false isLetterboxDoubleTapEnabled= false topActivityEligibleForUserAspectRatioButton= false topActivityBoundsLetterboxed= false isFromLetterboxDoubleTap= false topActivityLetterboxVerticalPosition= -1 topActivityLetterboxHorizontalPosition= -1 topActivityLetterboxWidth=1200 topActivityLetterboxHeight=2670 isUserFullscreenOverrideEnabled=false isSystemFullscreenOverrideEnabled=false cameraCompatTaskInfo=CameraCompatTaskInfo { cameraCompatControlState=hidden freeformCameraCompatMode=inactive}} isImmersive=false mTopActivityRequestOrientation=-1 mBehindAppLockPkg=null mOriginatingUid=0 isEmbedded=false shouldBeVisible=true isCreatedByOrganizer=false mIsCastMode=false mTopActivityMediaSize=null mTopActivityRecordName=ActivityRecord{a7f3623 u0 com.facebook.mlite/.sso.view.LoginActivity t291} mTopActivityOrientation=-1}, pipTask = null, remoteTransition = null, displayChange = null, flags = 0, debugId = 226 } isSoScActive:false triggerTask:TaskInfo{userId=0 taskId=291 displayId=0 isRunning=true baseIntent=Intent { act=android.intent.action.MAIN cat=[android.intent.category.LAUNCHER] flg=0x10000000 cmp=com.facebook.mlite/.coreui.view.MainActivity } baseActivity=ComponentInfo{com.facebook.mlite/com.facebook.mlite.coreui.view.MainActivity} topActivity=ComponentInfo{com.facebook.mlite/com.facebook.mlite.sso.view.LoginActivity} origActivity=null realActivity=ComponentInfo{com.facebook.mlite/com.facebook.mlite.coreui.view.MainActivity} numActivities=2 lastActiveTime=410049084 supportsSplitScreenMultiWindow=true supportsMultiWindow=true resizeMode=1 isResizeable=true minWidth=-1 minHeight=-1 defaultMinSize=200 token=WCT{android.window.IWindowContainerToken$Stub$Proxy@8300ab8} topActivityType=1 pictureInPictureParams=null shouldDockBigOverlays=false launchIntoPipHostTaskId=-1 lastParentTaskIdBeforePip=-1 displayCutoutSafeInsets=Rect(0, 116 - 0, 0) topActivityInfo=ActivityInfo{208d091 com.facebook.mlite.sso.view.LoginActivity} launchCookies=[] positionInParent=Point(0, 0) parentTaskId=-1 isFocused=true isVisible=true isVisibleRequested=true isSleeping=false locusId=null displayAreaFeatureId=1 isTopActivityTransparent=false appCompatTaskInfo=AppCompatTaskInfo { topActivityInSizeCompat=false topActivityInMiuiSizeCompat=false topActivityEligibleForLetterboxEducation= falseisLetterboxEducationEnabled= false isLetterboxDoubleTapEnabled= false topActivityEligibleForUserAspectRatioButton= false topActivityBoundsLetterboxed= false isFromLetterboxDoubleTap= false topActivityLetterboxVerticalPosition= -1 topActivityLetterboxHorizontalPosition= -1 topActivityLetterboxWidth=120
08-06 21:03:44.768 32305 12518 I ContentCatcher: ViewContentFetcher : ViewContentFetcher
08-06 21:03:44.768  1865  1865 I vendor.qti.hardware.servicetrackeraidl-service: bindService is called for service : com.facebook.mlite/.jobscheduler.LiteJobSchedulerJobSchedulerService and for client system
08-06 21:03:44.768  1865  1865 I vendor.qti.hardware.servicetrackeraidl-service: total connections for service : com.facebook.mlite/.jobscheduler.LiteJobSchedulerJobSchedulerServiceare :1
08-06 21:03:44.768  1865  1865 I vendor.qti.hardware.servicetrackeraidl-service: total connections for client : systemare :30
08-06 21:03:44.768 32305 32305 W .facebook.mlite: type=1400 audit(0.0:16739): avc:  denied  { read } for  name="u:object_r:vendor_displayfeature_prop:s0" dev="tmpfs" ino=572 scontext=u:r:untrusted_app_30:s0:c114,c257,c512,c768 tcontext=u:object_r:vendor_displayfeature_prop:s0 tclass=file permissive=0 app=com.facebook.mlite
08-06 21:03:44.769 32305 12518 E ContentCatcherManager: failed to get ContentCatcherService.
08-06 21:03:44.769 32305 12518 E ContentCatcherManager: failed to get ContentCatcherService.
08-06 21:03:44.771 32305 32305 W libc    : Access denied finding property "ro.vendor.df.effect.conflict"
08-06 21:03:44.771  2474  7379 I whetstone.activity: processNotifyEvent1 resId = 256, bundle = Bundle[{startTime=410049093, sourcePkg=com.facebook.mlite, sourceUid=10370, status=1, jobId=2131296688, batteryName=com.facebook.mlite/.jobscheduler.LiteJobSchedulerJobSchedulerService, elapsedRealtime=410049093}]
08-06 21:03:44.772 14191 20380 I EventMonitor: notifyEvent resId=256
08-06 21:03:44.772 32305 32305 W libc    : Access denied finding property "ro.vendor.mi_sf.new_dynamic_refresh_rate"
08-06 21:03:44.768 32305 32305 W .facebook.mlite: type=1400 audit(0.0:16740): avc:  denied  { read } for  name="u:object_r:vendor_displayfeature_prop:s0" dev="tmpfs" ino=572 scontext=u:r:untrusted_app_30:s0:c114,c257,c512,c768 tcontext=u:object_r:vendor_displayfeature_prop:s0 tclass=file permissive=0 app=com.facebook.mlite
08-06 21:03:44.777  3050  4604 E libsensor-parseRGB: CWB NotifyCWBBufferDone  error 0
08-06 21:03:44.778 32305 12518 I ContentCatcher: SettingTrigger : register screen QA status observer com.facebook.mlite.coreui.view.MainActivity
08-06 21:03:44.779 32305 12518 I ContentCatcher: SettingTrigger : register global collect status observer com.facebook.mlite.coreui.view.MainActivity
08-06 21:03:44.781 32305 12530 W ziparchive: Unable to open '/system/framework/QXPerformance.dm': No such file or directory
08-06 21:03:44.781 32305 12530 W ziparchive: Unable to open '/system/framework/QXPerformance.dm': No such file or directory
08-06 21:03:44.783 32305 32305 W libc    : Access denied finding property "vendor.boostfwk.frameprefetcher"
08-06 21:03:44.783  2474  7633 W ActivityManager: Permission Denial: getCurrentUser() from pid=32305, uid=10370 requires android.permission.INTERACT_ACROSS_USERS
08-06 21:03:44.784 32305 12531 E FramePredict: registerContentObserver fail
08-06 21:03:44.785  2474  7323 I PowerManagerServiceImpl: Partial wakeLock:[PARTIAL_WAKE_LOCK                 'NotificationManagerService:post:com.xiaomi.market' ACQ=-191ms (uid=1000 pid=2474 pkg=android ws=WorkSource{10167 com.xiaomi.market})], disabled: true, procState: 0, reason: greeze
08-06 21:03:44.791  2474  2474 W ActivityTaskManager: callingPackage for (uid=1000, pid=2474) is ambiguous: [android, com.android.providers.settings, com.android.server.telecom]
08-06 21:03:44.791 32305 32305 I ViewRootImpl: com.facebook.mlite/com.facebook.mlite.coreui.view.MainActivity use first frame acceleration
08-06 21:03:44.791 16677 15856 W surfboard: tcp pair replaced, source port 43564 dest port 443
08-06 21:03:44.792 32305 12534 W .facebook.mlite: Accessing hidden method Lcom/android/org/conscrypt/ConscryptEngineSocket;->setUseSessionTickets(Z)V (max-target-q,core-platform-api, reflection, denied)
08-06 21:03:44.792 32305 12534 W .facebook.mlite: Accessing hidden method Lcom/android/org/conscrypt/OpenSSLSocketImpl;->setUseSessionTickets(Z)V (max-target-q,core-platform-api, reflection, denied)
08-06 21:03:44.792 32305 12534 W .facebook.mlite: Accessing hidden method Lcom/android/org/conscrypt/AbstractConscryptSocket;->setUseSessionTickets(Z)V (max-target-q, reflection, denied)
08-06 21:03:44.792 32305 12534 W .facebook.mlite: Accessing hidden method Lcom/android/org/conscrypt/ConscryptEngineSocket;->setHostname(Ljava/lang/String;)V (max-target-q,core-platform-api, reflection, denied)
08-06 21:03:44.792 32305 12534 W .facebook.mlite: Accessing hidden method Lcom/android/org/conscrypt/OpenSSLSocketImpl;->setHostname(Ljava/lang/String;)V (max-target-q,core-platform-api, reflection, denied)
08-06 21:03:44.792 32305 12534 W .facebook.mlite: Accessing hidden method Lcom/android/org/conscrypt/AbstractConscryptSocket;->setHostname(Ljava/lang/String;)V (max-target-q, reflection, denied)
08-06 21:03:44.792 32305 12534 W .facebook.mlite: Accessing hidden method Lcom/android/org/conscrypt/OpenSSLSocketImpl;->setAlpnProtocols([B)V (max-target-q,core-platform-api, reflection, denied)
08-06 21:03:44.792 32305 12534 W .facebook.mlite: Accessing hidden method Lcom/android/org/conscrypt/AbstractConscryptSocket;->setAlpnProtocols([B)V (max-target-q, reflection, denied)
08-06 21:03:44.792  2474  2474 W OptProp : Cannot read opt property android.window.PROPERTY_COMPAT_ALLOW_ORIENTATION_OVERRIDE
08-06 21:03:44.792  2474  2474 E ActivityTaskManager: Unable to get servicetracker HAL instance
08-06 21:03:44.792  2474  2474 E ActivityTaskManager: Unable to get servicetracker HAL instance
08-06 21:03:44.792  2474  2474 E WindowManager: setClientVisible ActivityRecord{c1e2c61 u0 com.android.permissioncontroller/.permission.ui.GrantPermissionsActivity true
08-06 21:03:44.792  2474  2474 I ActivityTaskManager: isKeyguardEditor: false, newTransition: null
08-06 21:03:44.792  2474  2474 I SmartPower: com.android.permissioncontroller/10241(7505): idle->invisible(622ms) R(become foreground) adj=905.
08-06 21:03:44.792  2474  7378 E HyperSentinel: -------------------------------------------------------
08-06 21:03:44.792  2474  7378 E HyperSentinel: Event_ThreadAmount
08-06 21:03:44.792  2474  7378 E HyperSentinel: -> audit event by proc 32305 "usap64": running threads amount, 23 -> 45
08-06 21:03:44.793  2474  2474 W OptProp : Cannot read opt property android.window.PROPERTY_COMPAT_ALLOW_RESIZEABLE_ACTIVITY_OVERRIDES
08-06 21:03:44.793  2474  2474 W OptProp : Cannot read opt property android.window.PROPERTY_COMPAT_ALLOW_MIN_ASPECT_RATIO_OVERRIDE
08-06 21:03:44.795  1850  1933 E ANDR-PERF-UTIL: ANDR-PERF-UTIL: save_node_val() 366: Failed to read /sys/class/mmc_host/mmc0/clk_scaling/enable
08-06 21:03:44.795  1850  1933 E ANDR-PERF-OPTSHANDLER: ANDR-PERF-OPTSHANDLER: modify_sysfsnode() 1266: Failed to read /sys/class/mmc_host/mmc0/clk_scaling/enable
08-06 21:03:44.795  1850  1933 E ANDR-PERF-RESOURCEQS: ANDR-PERF-RESOURCEQS: AddAndApply() 167: Failed to apply optimization [11, 4]
08-06 21:03:44.796  2474  2474 I ActivityTaskManager: START u0 {act=android.content.pm.action.REQUEST_PERMISSIONS_FOR_OTHER flg=0x10040000 pkg=com.android.permissioncontroller cmp=com.android.permissioncontroller/.permission.ui.GrantPermissionsActivity (has extras)} with LAUNCH_MULTIPLE from uid 1000 from pid 2474 callingPackage android callers: android.app.ContextImpl.startActivityAsUser:1181 com.android.server.policy.PermissionPolicyService$Internal.launchNotificationPermissionRequestDialog:1376 com.android.server.policy.PermissionPolicyService$Internal.showNotificationPromptIfNeeded:1231 com.android.server.policy.PermissionPolicyService$Internal.showNotificationPromptIfNeeded:1220  (BAL_ALLOW_VISIBLE_WINDOW) result code=0
08-06 21:03:44.796  1850  9924 E ANDR-PERF-LM: MetaMeter: handleAsync() 166: AdaptLaunch Invalid Async
08-06 21:03:44.796 32305 12532 W .facebook.mlite: Accessing hidden method Lcom/android/org/conscrypt/ConscryptEngineSocket;->setUseSessionTickets(Z)V (max-target-q,core-platform-api, reflection, denied)
08-06 21:03:44.796 32305 12532 W .facebook.mlite: Accessing hidden method Lcom/android/org/conscrypt/OpenSSLSocketImpl;->setUseSessionTickets(Z)V (max-target-q,core-platform-api, reflection, denied)
08-06 21:03:44.796 32305 12532 W .facebook.mlite: Accessing hidden method Lcom/android/org/conscrypt/AbstractConscryptSocket;->setUseSessionTickets(Z)V (max-target-q, reflection, denied)
08-06 21:03:44.796 32305 12532 W .facebook.mlite: Accessing hidden method Lcom/android/org/conscrypt/ConscryptEngineSocket;->setHostname(Ljava/lang/String;)V (max-target-q,core-platform-api, reflection, denied)
08-06 21:03:44.796 32305 12532 W .facebook.mlite: Accessing hidden method Lcom/android/org/conscrypt/OpenSSLSocketImpl;->setHostname(Ljava/lang/String;)V (max-target-q,core-platform-api, reflection, denied)
08-06 21:03:44.796 32305 12532 W .facebook.mlite: Accessing hidden method Lcom/android/org/conscrypt/AbstractConscryptSocket;->setHostname(Ljava/lang/String;)V (max-target-q, reflection, denied)
08-06 21:03:44.796 32305 12532 W .facebook.mlite: Accessing hidden method Lcom/android/org/conscrypt/OpenSSLSocketImpl;->setAlpnProtocols([B)V (max-target-q,core-platform-api, reflection, denied)
08-06 21:03:44.796 32305 12532 W .facebook.mlite: Accessing hidden method Lcom/android/org/conscrypt/AbstractConscryptSocket;->setAlpnProtocols([B)V (max-target-q, reflection, denied)
08-06 21:03:44.797  2474  2474 I NotificationService: Cannot find enqueued record for key: 0|com.xiaomi.market|152343678|null|10167
08-06 21:03:44.798 32305 12537 W .facebook.mlite: Accessing hidden method Lcom/android/org/conscrypt/ConscryptEngineSocket;->setUseSessionTickets(Z)V (max-target-q,core-platform-api, reflection, denied)
08-06 21:03:44.798 32305 12537 W .facebook.mlite: Accessing hidden method Lcom/android/org/conscrypt/OpenSSLSocketImpl;->setUseSessionTickets(Z)V (max-target-q,core-platform-api, reflection, denied)
08-06 21:03:44.798 32305 12537 W .facebook.mlite: Accessing hidden method Lcom/android/org/conscrypt/AbstractConscryptSocket;->setUseSessionTickets(Z)V (max-target-q, reflection, denied)
08-06 21:03:44.798 32305 12537 W .facebook.mlite: Accessing hidden method Lcom/android/org/conscrypt/ConscryptEngineSocket;->setHostname(Ljava/lang/String;)V (max-target-q,core-platform-api, reflection, denied)
08-06 21:03:44.798 32305 12537 W .facebook.mlite: Accessing hidden method Lcom/android/org/conscrypt/OpenSSLSocketImpl;->setHostname(Ljava/lang/String;)V (max-target-q,core-platform-api, reflection, denied)
08-06 21:03:44.798  7823  7981 I DynamicDDSService: handleMessage(ACTIVITY_INVOKE{appInfo=com.android.permissioncontroller isFullScreen=}true)
08-06 21:03:44.798 32305 12537 W .facebook.mlite: Accessing hidden method Lcom/android/org/conscrypt/AbstractConscryptSocket;->setHostname(Ljava/lang/String;)V (max-target-q, reflection, denied)
08-06 21:03:44.798 32305 12537 W .facebook.mlite: Accessing hidden method Lcom/android/org/conscrypt/OpenSSLSocketImpl;->setAlpnProtocols([B)V (max-target-q,core-platform-api, reflection, denied)
08-06 21:03:44.798 32305 12537 W .facebook.mlite: Accessing hidden method Lcom/android/org/conscrypt/AbstractConscryptSocket;->setAlpnProtocols([B)V (max-target-q, reflection, denied)
08-06 21:03:44.799  1865  1865 I vendor.qti.hardware.servicetrackeraidl-service: bindService is called for service : com.google.android.gms/.gcm.PushMessagingRegistrarProxy and for client com.facebook.mlite
08-06 21:03:44.799  1865  1865 I vendor.qti.hardware.servicetrackeraidl-service: total connections for service : com.google.android.gms/.gcm.PushMessagingRegistrarProxyare :1
08-06 21:03:44.799  1865  1865 I vendor.qti.hardware.servicetrackeraidl-service: total connections for client : com.facebook.mliteare :1
08-06 21:03:44.800  7458  7458 W RecentsImpl: updateStubViewVisibility, className=com.facebook.mlite.coreui.view.MainActivity
08-06 21:03:44.800 22445 11689 I VA_ActivityStateHelper: activityResumed componentName ComponentInfo{com.facebook.mlite/com.facebook.mlite.coreui.view.MainActivity}
08-06 21:03:44.800 13430 13463 I travelService_ActivityObserverUtils: activityResumed ComponentInfo{com.facebook.mlite/com.facebook.mlite.coreui.view.MainActivity}
08-06 21:03:44.801 13430 13463 I travelService_TopActivityMonitor: appUmeInfoListFromServer is null
08-06 21:03:44.801 22445 11689 I VA_ActivityStateHelper: activityResumed mAiSkillPush is false
08-06 21:03:44.801 13430 13463 I travelService_TopActivityMonitor: user change app but last app packageName out of ume range
08-06 21:03:44.801 13430 13463 I travelService_TopActivityMonitor: appInfoListFromServer is null
08-06 21:03:44.801 13430 13463 I travelService_TopActivityMonitor: user change app but last app packageName out of crgt range
08-06 21:03:44.801  7458  8149 W RecentsImpl: disableTouchBySwipeStatusBar    disable=false
08-06 21:03:44.801  7458  8149 W RecentsImpl: disableBackStubWindow    disableTouch=false
08-06 21:03:44.801 13899 14045 I AIRC_CounterTrack: collect: signal-TopActivityPerception
08-06 21:03:44.801  7458  8149 W GestureStubView_Left: adaptRotation   currentRotation=0   mRotation=0
08-06 21:03:44.801  7458  8149 W GestureStubView_Right: adaptRotation   currentRotation=0   mRotation=0
08-06 21:03:44.801  2474  7257 I MiuiNetworkPolicy: updateUidState uid = 10130, uidState = 3
08-06 21:03:44.802 16677 15856 W surfboard: tcp pair replaced, source port 43564 dest port 443
08-06 21:03:44.802 13899 14045 I MMKV    : <MMKV.cpp:1170::sync> MMKV::sync, SyncFlag = 1
08-06 21:03:44.803  2474  7633 W ActivityManager: Broadcast com.android.launcher.action.INSTALL_SHORTCUT no longer supported. It will not be delivered.
08-06 21:03:44.803  7890  8057 I MiuiBubbleController: removeBubble: 291 reason=2
08-06 21:03:44.803  7890  8057 I MultiTaskingTaskRepository: onTaskInfoChanged multi list = [], full = [291, 282, 257, 254]
08-06 21:03:44.803 13430 13459 I ActivityObserverUtil: activityResumed ComponentInfo{com.facebook.mlite/com.facebook.mlite.coreui.view.MainActivity}
08-06 21:03:44.804 13430 13459 I TopActivityMonitor: send TopActivityChangeEvent=TopActivityChangeEvent(prev=ComponentInfo{com.miui.home/com.miui.home.launcher.Launcher}, current=ComponentInfo{com.facebook.mlite/com.facebook.mlite.coreui.view.MainActivity},appChanged=true)
08-06 21:03:44.805  7890  8057 I MiuiBubbleController: removeBubble: 291 reason=2
08-06 21:03:44.805  7890  8057 I MultiTaskingTaskRepository: onTaskInfoChanged multi list = [], full = [291, 282, 257, 254]
08-06 21:03:44.806  2474  8334 I MultiSenceManagerInternalStub: getInstance
08-06 21:03:44.807 32305 12535 W .facebook.mlite: Accessing hidden method Lcom/android/org/conscrypt/ConscryptEngineSocket;->setUseSessionTickets(Z)V (max-target-q,core-platform-api, reflection, denied)
08-06 21:03:44.807 32305 12535 W .facebook.mlite: Accessing hidden method Lcom/android/org/conscrypt/OpenSSLSocketImpl;->setUseSessionTickets(Z)V (max-target-q,core-platform-api, reflection, denied)
08-06 21:03:44.807 32305 12535 W .facebook.mlite: Accessing hidden method Lcom/android/org/conscrypt/AbstractConscryptSocket;->setUseSessionTickets(Z)V (max-target-q, reflection, denied)
08-06 21:03:44.807 32305 12535 W .facebook.mlite: Accessing hidden method Lcom/android/org/conscrypt/ConscryptEngineSocket;->setHostname(Ljava/lang/String;)V (max-target-q,core-platform-api, reflection, denied)
08-06 21:03:44.807 32305 12535 W .facebook.mlite: Accessing hidden method Lcom/android/org/conscrypt/OpenSSLSocketImpl;->setHostname(Ljava/lang/String;)V (max-target-q,core-platform-api, reflection, denied)
08-06 21:03:44.807 32305 12535 W .facebook.mlite: Accessing hidden method Lcom/android/org/conscrypt/AbstractConscryptSocket;->setHostname(Ljava/lang/String;)V (max-target-q, reflection, denied)
08-06 21:03:44.807 32305 12535 W .facebook.mlite: Accessing hidden method Lcom/android/org/conscrypt/OpenSSLSocketImpl;->setAlpnProtocols([B)V (max-target-q,core-platform-api, reflection, denied)
08-06 21:03:44.808 32305 12535 W .facebook.mlite: Accessing hidden method Lcom/android/org/conscrypt/AbstractConscryptSocket;->setAlpnProtocols([B)V (max-target-q, reflection, denied)
08-06 21:03:44.808 32305 12547 W .facebook.mlite: Accessing hidden method Lcom/android/org/conscrypt/ConscryptEngineSocket;->setUseSessionTickets(Z)V (max-target-q,core-platform-api, reflection, denied)
08-06 21:03:44.808 32305 12547 W .facebook.mlite: Accessing hidden method Lcom/android/org/conscrypt/OpenSSLSocketImpl;->setUseSessionTickets(Z)V (max-target-q,core-platform-api, reflection, denied)
08-06 21:03:44.808 32305 12547 W .facebook.mlite: Accessing hidden method Lcom/android/org/conscrypt/AbstractConscryptSocket;->setUseSessionTickets(Z)V (max-target-q, reflection, denied)
08-06 21:03:44.808 32305 12547 W .facebook.mlite: Accessing hidden method Lcom/android/org/conscrypt/ConscryptEngineSocket;->setHostname(Ljava/lang/String;)V (max-target-q,core-platform-api, reflection, denied)
08-06 21:03:44.808 32305 12547 W .facebook.mlite: Accessing hidden method Lcom/android/org/conscrypt/OpenSSLSocketImpl;->setHostname(Ljava/lang/String;)V (max-target-q,core-platform-api, reflection, denied)
08-06 21:03:44.808 32305 12547 W .facebook.mlite: Accessing hidden method Lcom/android/org/conscrypt/AbstractConscryptSocket;->setHostname(Ljava/lang/String;)V (max-target-q, reflection, denied)
08-06 21:03:44.808 32305 12547 W .facebook.mlite: Accessing hidden method Lcom/android/org/conscrypt/OpenSSLSocketImpl;->setAlpnProtocols([B)V (max-target-q,core-platform-api, reflection, denied)
08-06 21:03:44.808 32305 12547 W .facebook.mlite: Accessing hidden method Lcom/android/org/conscrypt/AbstractConscryptSocket;->setAlpnProtocols([B)V (max-target-q, reflection, denied)
08-06 21:03:44.811 32305 32305 W libc    : Access denied finding property "vendor.gpp.create_frc_extension"
08-06 21:03:44.812  2036  3495 W ServiceManagerCppClient: Permission failure: android.permission.ACCESS_SURFACE_FLINGER from uid=10370 pid=32305
08-06 21:03:44.812  2036  3495 W ServiceManagerCppClient: Permission failure: android.permission.ROTATE_SURFACE_FLINGER from uid=10370 pid=32305
08-06 21:03:44.812  2036  3495 W ServiceManagerCppClient: Permission failure: android.permission.INTERNAL_SYSTEM_WINDOW from uid=10370 pid=32305
08-06 21:03:44.812  2036  2239 W ServiceManagerCppClient: Permission failure: android.permission.ACCESS_SURFACE_FLINGER from uid=10370 pid=0
08-06 21:03:44.815 32305 12499 I MiuiProcessManagerImpl: setSchedFifo pid:32305, mode:3
08-06 21:03:44.816   715   715 I hwservicemanager: getTransport: Cannot find entry android.hardware.graphics.allocator@4.0::IAllocator/default in either framework or device VINTF manifest.
08-06 21:03:44.824 13899 13919 I ognitionService: This is non sticky GC, maxfree is 16777216 minfree is 8388608
08-06 21:03:44.824 32305 32305 W RenderThread: type=1400 audit(0.0:16741): avc:  denied  { getattr } for  path="/sys/module/metis/parameters/minor_window_app" dev="sysfs" ino=74686 scontext=u:r:untrusted_app_30:s0:c114,c257,c512,c768 tcontext=u:object_r:sysfs_migt:s0 tclass=file permissive=0 app=com.facebook.mlite
08-06 21:03:44.827 32305 32305 I Choreographer: first vsync insert message into MessageQueue Head
08-06 21:03:44.827  2474  8334 W ServiceManagerCppClient: Permission failure: android.permission.ACCESS_SURFACE_FLINGER from uid=10370 pid=0
08-06 21:03:44.827  2474  8334 W ServiceManagerCppClient: Permission failure: android.permission.ROTATE_SURFACE_FLINGER from uid=10370 pid=0
08-06 21:03:44.827  2474  8334 W ServiceManagerCppClient: Permission failure: android.permission.INTERNAL_SYSTEM_WINDOW from uid=10370 pid=0
08-06 21:03:44.830 32305 12518 I ContentCatcher: SettingTrigger : unregister status observer com.facebook.mlite.coreui.view.MainActivity
08-06 21:03:44.830  2474  8334 E ActivityTaskManager: Unable to get servicetracker HAL instance
08-06 21:03:44.831  2474  8334 I ActivityTaskManager: The Process com.android.permissioncontroller Already Exists in BG. So sending its PID: 7505
08-06 21:03:44.831  1850  1933 E ANDR-PERF-UTIL: ANDR-PERF-UTIL: save_node_val() 366: Failed to read /sys/class/mmc_host/mmc0/clk_scaling/enable
08-06 21:03:44.831  1850  1933 E ANDR-PERF-OPTSHANDLER: ANDR-PERF-OPTSHANDLER: modify_sysfsnode() 1266: Failed to read /sys/class/mmc_host/mmc0/clk_scaling/enable
08-06 21:03:44.831  1850  1933 E ANDR-PERF-RESOURCEQS: ANDR-PERF-RESOURCEQS: AddAndApply() 167: Failed to apply optimization [11, 4]
08-06 21:03:44.831  2474  8334 E WindowManager: setClientVisible ActivityRecord{c1e2c61 u0 com.android.permissioncontroller/.permission.ui.GrantPermissionsActivity t291} true
08-06 21:03:44.832  2474  8334 I ActivityTaskManager: The Process com.facebook.mlite Already Exists in BG. So sending its PID: 32305
08-06 21:03:44.832  2474  8334 E ActivityTaskManager: Unable to get servicetracker HAL instance
08-06 21:03:44.832  1850  9924 E ANDR-PERF-LM: MetaMeter: handleAsync() 166: AdaptLaunch Invalid Async
08-06 21:03:44.832  7890  8057 I MiuiBubbleController: removeBubble: 291 reason=2
08-06 21:03:44.832  1850  9924 E ANDR-PERF-LM: MetaMeter: handleAsync() 166: AdaptLaunch Invalid Async
08-06 21:03:44.832  7890  8057 I MultiTaskingTaskRepository: onTaskInfoChanged multi list = [], full = [291, 282, 257, 254]
08-06 21:03:44.833  2474  8334 E WindowManager: setClientVisible ActivityRecord{c1e2c61 u0 com.android.permissioncontroller/.permission.ui.GrantPermissionsActivity t291} true
08-06 21:03:44.833  2474  2646 W SSRU-ResourceUsageProxy: Nonexistent ongoing transaction AW_TOP:39102869 for u:0 pkg:com.facebook.mlite ended
08-06 21:03:44.833  7890  8057 I MiuiBubbleController: removeBubble: 291 reason=2
08-06 21:03:44.833  7890  8057 I MultiTaskingTaskRepository: onTaskInfoChanged multi list = [], full = [291, 282, 257, 254]
08-06 21:03:44.833  2474  8334 E ActivityTaskManager: Unable to get servicetracker HAL instance
08-06 21:03:44.834  2474  8334 I MultiSenceManagerInternalStub: getInstance
08-06 21:03:44.834  7505  7545 I ActivityThread: HardwareRenderer preload  done
08-06 21:03:44.835  2474  8334 I BLASTSyncEngine: SyncGroup 226:  Unfinished container:ActivityRecord{c1e2c61 u0 com.android.permissioncontroller/.permission.ui.GrantPermissionsActivity t291}
08-06 21:03:44.835  2474  8334 I BLASTSyncEngine: isActivitySyncFinished isSyncFinished false ActivityRecord{c1e2c61 u0 com.android.permissioncontroller/.permission.ui.GrantPermissionsActivity t291}
08-06 21:03:44.835  2474  2655 I WindowManager: wms.showSurfaceRobustly mWin:Window{4670699 u0 com.facebook.mlite/com.facebook.mlite.coreui.view.MainActivity}
08-06 21:03:44.837  1850  1933 E ANDR-PERF-RESOURCEQS: ANDR-PERF-RESOURCEQS: AddAndApply() 167: Failed to apply optimization [10, 8]
08-06 21:03:44.837  2474  2652 I Location.SSRU: foregroundActivities IS trueUID ID 10241, home is false
08-06 21:03:44.840  2474  7367 I AudioGameEffect: foreground change to com.android.permissioncontroller, last foreground is com.facebook.mlite
08-06 21:03:44.841 32305 12462 I ActivityThread: HardwareRenderer preload  done
08-06 21:03:44.843  2474  7257 I MiuiNetworkPolicy: updateUidState uid = 10241, uidState = 2
08-06 21:03:44.843  2474  7257 I MiuiNetworkPolicy: updateWmmForUidState uid: 10241 state: 2 wmm: 1
08-06 21:03:44.844 32305 12518 I ContentCatcher: ViewContentFetcher : ViewContentFetcher
08-06 21:03:44.845 22445 22445 I VA_HybridLifecycleListener: onTopAppChanged: newApp=com.android.permissioncontroller from=com.miui.home fromPkg=com.android.permissioncontroller
08-06 21:03:44.845 22445 22445 I VA_ConversationManager: lastQueryOrigin====null;fromCar=false
08-06 21:03:44.845 32305 12518 E ContentCatcherManager: failed to get ContentCatcherService.
08-06 21:03:44.847 32305 12518 E ContentCatcherManager: failed to get ContentCatcherService.
08-06 21:03:44.847  7505 12550 I ContentCatcher: ViewContentFetcher : ViewContentFetcher
08-06 21:03:44.847  7505 12550 E ContentCatcherManager: failed to get ContentCatcherService.
08-06 21:03:44.848  7505 12550 E ContentCatcherManager: failed to get ContentCatcherService.
08-06 21:03:44.848  2474  8334 I BroadcastQueue: BOOT_COMPLETED_BROADCAST_COMPLETION_LATENCY_REPORTED action:android.intent.action.BOOT_COMPLETED dispatchLatency:3 completeLatency:226 dispatchRealLatency:3 completeRealLatency:227 receiversSize:3 userId:0 userType:android.os.usertype.full.SYSTEM
08-06 21:03:44.848  2474  7257 I MiuiNetworkPolicyTrafficLimit: updateWhiteListUidForMobileTraffic uid=10241,add=true
08-06 21:03:44.854  2474  7367 I NetworkBoostStatusManager: onForegroundInfoChanged uid:10241, isColdStart:false
08-06 21:03:44.854  2474  7367 I SLM-SRV-SLAToast: foreground uid:10241, isColdStart:false, isLinkTurboEnable:false
08-06 21:03:44.855 15678 20188 I GST     : forePkg: com.android.permissioncontroller, preForePkg: com.facebook.mlite
08-06 21:03:44.856 13710 14405 I ProcessMonitor: onForegroundInfoChanged: ForegroundInfo{mForegroundPackageName='com.android.permissioncontroller', mForegroundUid=10241, mForegroundPid=7505, mLastForegroundPackageName='com.facebook.mlite', mLastForegroundUid=10370, mLastForegroundPid=32305, mMultiWindowForegroundPackageName='com.android.permissioncontroller', mMultiWindowForegroundUid=10241, mFlags=0}
08-06 21:03:44.857 13710 18393 W MIUISafety-Monitor: screen share ensure fg = com.android.permissioncontroller protect = false
08-06 21:03:44.857 15896 15937 I AICall_MemoryTrim: binder:15896_2 onAppBackground()
08-06 21:03:44.857 13710 14405 I GameBoosterService: onForegroundInfoChanged: Cur=com.android.permissioncontroller	 last=com.facebook.mlite
08-06 21:03:44.858 13710 14405 I VideoBoxUtils: isSupportVideoBox: true
08-06 21:03:44.858 13710 14405 I VideoToolBoxService: vtb is closed!!!
08-06 21:03:44.858 13710 14405 I AppPredictPrivacyLaunchManager: getLauncherHomeAppList size: 76
08-06 21:03:44.858 13710 14405 I AppPredictService: difTIme = 127
08-06 21:03:44.858 13710 15593 E SuggestManager: openApp name = com.android.permissioncontroller
08-06 21:03:44.858 13710 15593 I NewAutoTaskManager: app use - delay = 9223372036854775807, doRemove = false, doPost = false
08-06 21:03:44.860 13710 14405 I BeautyService: onForegroundInfoChanged: Cur=com.android.permissioncontroller	 last=com.facebook.mlite
08-06 21:03:44.861  7505 12550 I ContentCatcher: SettingTrigger : register screen QA status observer com.android.permissioncontroller.permission.ui.GrantPermissionsActivity
08-06 21:03:44.863  7505 12550 I ContentCatcher: SettingTrigger : register global collect status observer com.android.permissioncontroller.permission.ui.GrantPermissionsActivity
08-06 21:03:44.864  7505  7505 I ViewRootImpl: com.android.permissioncontroller/com.android.permissioncontroller.permission.ui.GrantPermissionsActivity use first frame acceleration
08-06 21:03:44.864  2474 15979 E WindowManager: setClientVisible ActivityRecord{a1e1103 u0 com.miui.home/.launcher.Launcher t2} false
08-06 21:03:44.865  2474 15979 I Transition: finishTransition: updateLastSurfacePosition tf=Task{47b4625 #291 type=standard A=10370:com.facebook.mlite}
08-06 21:03:44.865  7890  8057 I RemoteTransitionHandlerStubImpl: invokeAndRemoveWctCB transition is null, curWctCB: null
08-06 21:03:44.866 32305 12518 I ContentCatcher: SettingTrigger : register screen QA status observer com.facebook.mlite.sso.view.LoginActivity
08-06 21:03:44.867 32305 12518 I ContentCatcher: SettingTrigger : register global collect status observer com.facebook.mlite.sso.view.LoginActivity
08-06 21:03:44.867  2474  8355 W UserManagerService: Requested status bar icon for non-badged user 0
08-06 21:03:44.868  2474  8355 W UserManagerService: Requested status bar icon for non-badged user 0
08-06 21:03:44.868  2474  7657 W UserManagerService: Requested status bar icon for non-badged user 0
08-06 21:03:44.868  2474  7657 W UserManagerService: Requested status bar icon for non-badged user 0
08-06 21:03:44.869  7890  8057 I MultiTaskingTaskRepository: needSkip: is home task
08-06 21:03:44.869 32305 32305 I ViewRootImpl: com.facebook.mlite/com.facebook.mlite.sso.view.LoginActivity use first frame acceleration
