08-06 21:03:31.120 14191 14606 W WakelockManagerService: uid: 10202 is unblock state
08-06 21:03:31.120 14191 14606 W WakelockManagerService: uid: 10203 is unblock state
08-06 21:03:31.120 14191 14606 W WakelockManagerService: uid: 10204 is unblock state
08-06 21:03:31.120 14191 14606 W WakelockManagerService: uid: 10205 is unblock state
08-06 21:03:31.120 14191 14606 W WakelockManagerService: uid: 10206 is unblock state
08-06 21:03:31.120 14191 14606 W WakelockManagerService: uid: 10207 is unblock state
08-06 21:03:31.120 14191 14606 W WakelockManagerService: uid: 10208 is unblock state
08-06 21:03:31.120 14191 14606 W WakelockManagerService: uid: 10209 is unblock state
08-06 21:03:31.120 14191 14606 W WakelockManagerService: uid: 10210 is unblock state
08-06 21:03:31.120 14191 14606 W WakelockManagerService: uid: 10211 is unblock state
08-06 21:03:31.120 14191 14606 W WakelockManagerService: uid: 10212 is unblock state
08-06 21:03:31.120 14191 14606 W WakelockManagerService: uid: 10213 is unblock state
08-06 21:03:31.120 14191 14606 W WakelockManagerService: uid: 10214 is unblock state
08-06 21:03:31.120 14191 14606 W WakelockManagerService: uid: 10215 is unblock state
08-06 21:03:31.120 14191 14606 W WakelockManagerService: uid: 10216 is unblock state
08-06 21:03:31.120 14191 14606 W WakelockManagerService: uid: 10217 is unblock state
08-06 21:03:31.120 14191 14606 W WakelockManagerService: uid: 10218 is unblock state
08-06 21:03:31.120 14191 14606 W WakelockManagerService: uid: 10219 is unblock state
08-06 21:03:31.120 14191 14606 W WakelockManagerService: uid: 10220 is unblock state
08-06 21:03:31.120 14191 14606 W WakelockManagerService: uid: 10221 is unblock state
08-06 21:03:31.120 14191 14606 W WakelockManagerService: uid: 10222 is unblock state
08-06 21:03:31.120 14191 14606 W WakelockManagerService: uid: 10223 is unblock state
08-06 21:03:31.120 14191 14606 W WakelockManagerService: uid: 10224 is unblock state
08-06 21:03:31.120 14191 14606 W WakelockManagerService: uid: 10225 is unblock state
08-06 21:03:31.120 14191 14606 W WakelockManagerService: uid: 10226 is unblock state
08-06 21:03:31.120 14191 14606 W WakelockManagerService: uid: 10227 is unblock state
08-06 21:03:31.120 14191 14606 W WakelockManagerService: uid: 10228 is unblock state
08-06 21:03:31.120 14191 14606 W WakelockManagerService: uid: 10229 is unblock state
08-06 21:03:31.120 14191 14606 W WakelockManagerService: uid: 10230 is unblock state
08-06 21:03:31.120 14191 14606 W WakelockManagerService: uid: 10231 is unblock state
08-06 21:03:31.120 14191 14606 W WakelockManagerService: uid: 10232 is unblock state
08-06 21:03:31.120 14191 14606 W WakelockManagerService: uid: 10233 is unblock state
08-06 21:03:31.120 14191 14606 W WakelockManagerService: uid: 10234 is unblock state
08-06 21:03:31.120 14191 14606 W WakelockManagerService: uid: 10235 is unblock state
08-06 21:03:31.120 14191 14606 W WakelockManagerService: uid: 10236 is unblock state
08-06 21:03:31.120 14191 14606 W WakelockManagerService: uid: 10237 is unblock state
08-06 21:03:31.120 14191 14606 W WakelockManagerService: uid: 10238 is unblock state
08-06 21:03:31.120 14191 14606 W WakelockManagerService: uid: 10239 is unblock state
08-06 21:03:31.120 14191 14606 W WakelockManagerService: uid: 10240 is unblock state
08-06 21:03:31.120 14191 14606 W WakelockManagerService: uid: 10241 is unblock state
08-06 21:03:31.120 14191 14606 W WakelockManagerService: uid: 10242 is unblock state
08-06 21:03:31.120 14191 14606 W WakelockManagerService: uid: 10243 is unblock state
08-06 21:03:31.120 14191 14606 W WakelockManagerService: uid: 10244 is unblock state
08-06 21:03:31.120 14191 14606 W WakelockManagerService: uid: 10245 is unblock state
08-06 21:03:31.120 14191 14606 W WakelockManagerService: uid: 10246 is unblock state
08-06 21:03:31.120 14191 14606 W WakelockManagerService: uid: 10247 is unblock state
08-06 21:03:31.120 14191 14606 W WakelockManagerService: uid: 10248 is unblock state
08-06 21:03:31.120 14191 14606 W WakelockManagerService: uid: 10249 is unblock state
08-06 21:03:31.120 14191 14606 W WakelockManagerService: uid: 10250 is unblock state
08-06 21:03:31.120 14191 14606 W WakelockManagerService: uid: 10251 is unblock state
08-06 21:03:31.120 14191 14606 W WakelockManagerService: uid: 10252 is unblock state
08-06 21:03:31.120 14191 14606 W WakelockManagerService: uid: 10253 is unblock state
08-06 21:03:31.120 14191 14606 W WakelockManagerService: uid: 10254 is unblock state
08-06 21:03:31.120 14191 14606 W WakelockManagerService: uid: 10255 is unblock state
08-06 21:03:31.120 14191 14606 W WakelockManagerService: uid: 10256 is unblock state
08-06 21:03:31.120 14191 14606 W WakelockManagerService: uid: 10257 is unblock state
08-06 21:03:31.120 14191 14606 W WakelockManagerService: uid: 10258 is unblock state
08-06 21:03:31.120 14191 14606 W WakelockManagerService: uid: 10259 is unblock state
08-06 21:03:31.120 14191 14606 W WakelockManagerService: uid: 10260 is unblock state
08-06 21:03:31.120 14191 14606 W WakelockManagerService: uid: 10261 is unblock state
08-06 21:03:31.120 14191 14606 W WakelockManagerService: uid: 10262 is unblock state
08-06 21:03:31.120 14191 14606 W WakelockManagerService: uid: 10263 is unblock state
08-06 21:03:31.120 14191 14606 W WakelockManagerService: uid: 10265 is unblock state
08-06 21:03:31.120 14191 14606 W WakelockManagerService: uid: 10266 is unblock state
08-06 21:03:31.120 14191 14606 W WakelockManagerService: uid: 10267 is unblock state
08-06 21:03:31.120 14191 14606 W WakelockManagerService: uid: 10268 is unblock state
08-06 21:03:31.120 14191 14606 W WakelockManagerService: uid: 10269 is unblock state
08-06 21:03:31.120 14191 14606 W WakelockManagerService: uid: 10270 is unblock state
08-06 21:03:31.120 14191 14606 W WakelockManagerService: uid: 10271 is unblock state
08-06 21:03:31.120 14191 14606 W WakelockManagerService: uid: 10272 is unblock state
08-06 21:03:31.120 14191 14606 W WakelockManagerService: uid: 10273 is unblock state
08-06 21:03:31.120 14191 14606 W WakelockManagerService: uid: 10274 is unblock state
08-06 21:03:31.120 14191 14606 W WakelockManagerService: uid: 10275 is unblock state
08-06 21:03:31.120 14191 14606 W WakelockManagerService: uid: 10276 is unblock state
08-06 21:03:31.120 14191 14606 W WakelockManagerService: uid: 10277 is unblock state
08-06 21:03:31.120 14191 14606 W WakelockManagerService: uid: 10278 is unblock state
08-06 21:03:31.120 14191 14606 W WakelockManagerService: uid: 10279 is unblock state
08-06 21:03:31.120 14191 14606 W WakelockManagerService: uid: 10280 is unblock state
08-06 21:03:31.120 14191 14606 W WakelockManagerService: uid: 10281 is unblock state
08-06 21:03:31.120 14191 14606 W WakelockManagerService: uid: 10282 is unblock state
08-06 21:03:31.120 14191 14606 W WakelockManagerService: uid: 10283 is unblock state
08-06 21:03:31.120 14191 14606 W WakelockManagerService: uid: 10285 is unblock state
08-06 21:03:31.120 14191 14606 W WakelockManagerService: uid: 10286 is unblock state
08-06 21:03:31.120 14191 14606 W WakelockManagerService: uid: 10287 is unblock state
08-06 21:03:31.120 14191 14606 W WakelockManagerService: uid: 10288 is unblock state
08-06 21:03:31.120 14191 14606 W WakelockManagerService: uid: 10289 is unblock state
08-06 21:03:31.120 14191 14606 W WakelockManagerService: uid: 10290 is unblock state
08-06 21:03:31.120 14191 14606 W WakelockManagerService: uid: 10291 is unblock state
08-06 21:03:31.120 14191 14606 W WakelockManagerService: uid: 10292 is unblock state
08-06 21:03:31.120 14191 14606 W WakelockManagerService: uid: 10293 is unblock state
08-06 21:03:31.120 14191 14606 W WakelockManagerService: uid: 10294 is unblock state
08-06 21:03:31.120 14191 14606 W WakelockManagerService: uid: 10296 is unblock state
08-06 21:03:31.120 14191 14606 W WakelockManagerService: uid: 10298 is unblock state
08-06 21:03:31.120 14191 14606 W WakelockManagerService: uid: 10299 is unblock state
08-06 21:03:31.120 14191 14606 W WakelockManagerService: uid: 10300 is unblock state
08-06 21:03:31.120 14191 14606 W WakelockManagerService: uid: 10301 is unblock state
08-06 21:03:31.120 14191 14606 W WakelockManagerService: uid: 10303 is unblock state
08-06 21:03:31.120 14191 14606 W WakelockManagerService: uid: 10304 is unblock state
08-06 21:03:31.120 14191 14606 W WakelockManagerService: uid: 10307 is unblock state
08-06 21:03:31.120 14191 14606 W WakelockManagerService: uid: 10308 is unblock state
08-06 21:03:31.120 14191 14606 W WakelockManagerService: uid: 10311 is unblock state
08-06 21:03:31.120 14191 14606 W WakelockManagerService: uid: 10313 is unblock state
08-06 21:03:31.120 14191 14606 W WakelockManagerService: uid: 10314 is unblock state
08-06 21:03:31.120 14191 14606 W WakelockManagerService: uid: 10315 is unblock state
08-06 21:03:31.120 14191 14606 W WakelockManagerService: uid: 10316 is unblock state
08-06 21:03:31.120 14191 14606 W WakelockManagerService: uid: 10317 is unblock state
08-06 21:03:31.120 14191 14606 W WakelockManagerService: uid: 10318 is unblock state
08-06 21:03:31.120 14191 14606 W WakelockManagerService: uid: 10320 is unblock state
08-06 21:03:31.120 14191 14606 W WakelockManagerService: uid: 10321 is unblock state
08-06 21:03:31.120 14191 14606 W WakelockManagerService: uid: 10323 is unblock state
08-06 21:03:31.120 14191 14606 W WakelockManagerService: uid: 10324 is unblock state
08-06 21:03:31.120 14191 14606 W WakelockManagerService: uid: 10326 is unblock state
08-06 21:03:31.120 14191 14606 W WakelockManagerService: uid: 10327 is unblock state
08-06 21:03:31.120 14191 14606 W WakelockManagerService: uid: 10328 is unblock state
08-06 21:03:31.120 14191 14606 W WakelockManagerService: uid: 10329 is unblock state
08-06 21:03:31.120 14191 14606 W WakelockManagerService: uid: 10330 is unblock state
08-06 21:03:31.121 14191 14606 W WakelockManagerService: uid: 10331 is unblock state
08-06 21:03:31.121 14191 14606 W WakelockManagerService: uid: 10332 is unblock state
08-06 21:03:31.121 14191 14606 W WakelockManagerService: uid: 10333 is unblock state
08-06 21:03:31.121 14191 14606 W WakelockManagerService: uid: 10334 is unblock state
08-06 21:03:31.121 14191 14606 W WakelockManagerService: uid: 10335 is unblock state
08-06 21:03:31.121 14191 14606 W WakelockManagerService: uid: 10336 is unblock state
08-06 21:03:31.121 14191 14606 W WakelockManagerService: uid: 10337 is unblock state
08-06 21:03:31.121 14191 14606 W WakelockManagerService: uid: 10338 is unblock state
08-06 21:03:31.121 14191 14606 W WakelockManagerService: uid: 10339 is unblock state
08-06 21:03:31.121 14191 14606 W WakelockManagerService: uid: 10340 is unblock state
08-06 21:03:31.121 14191 14606 W WakelockManagerService: uid: 10341 is unblock state
08-06 21:03:31.121 14191 14606 W WakelockManagerService: uid: 10369 is unblock state
08-06 21:03:31.121 14191 14606 W WakelockManagerService: uid: 10370 is unblock state
08-06 21:03:31.121  2474  7382 I SmartPower: com.miui.phrase/10162(24218): background->idle(3003ms) R(content provider start ContentProviderRecord{af5fdc5 u0 com.miui.phrase/com.miui.provider.InputProvider}) adj=905.
08-06 21:03:31.168  1843  2051 I SDM     : DisplayBase::CommitThread: Received idle timeout, panel: cmd, timeout: 69999 us
08-06 21:03:31.204 15038 20629 W lyra-mdns-core: _deal_timeout query _lyra-mdns._udp.local[0C] timeout!
08-06 21:03:31.205  1843  1843 I SDM     : HWCDisplay::SetActiveConfigWithConstraints: display:66-0, config: 1, WxH 1200x2670, fps 120
08-06 21:03:31.206  1843  1843 W SDM     : HWDeviceDRM::GetSupportedBitClkRate: Requested rate not supported: 1150000000
08-06 21:03:31.206  1843  1843 I SDM     : HWDeviceDRM::UpdateMixerAttributes: Mixer WxH 1200x2670-1 for Peripheral
08-06 21:03:31.207  1843  1843 I SDM     : HWCDisplay::SubmitDisplayConfig: Active configuration changed from config 3 to 1
08-06 21:03:31.207  1843  1843 I SDM     : HWCDisplay::SubmitDisplayConfig: Active WxH 1200x2670 ,ddic_mode:idle, timing_fps: 120, sf_fps: 120
08-06 21:03:31.207  1843  3496 I vendor.qti.hardware.display.composer-service: Sensor: notify citsensorservice to trigger cwb, misForced = 0
08-06 21:03:31.209  3050  4554 I libsensor-parseRGB: request dump start for mRequestDisplayId 0
08-06 21:03:31.220  2474 10058 W ParceledListSlice: Element #20 is 29016 bytes.
08-06 21:03:31.221 11354 11354 I Finsky  : [2] yag.g(1): yag - Received: android.intent.action.PACKAGE_ADDED, [BoTiACgAy_DQV8r0nqTM1IZ0vyHUFA8hIUBZPCRxwUQ]
08-06 21:03:31.223 13430 13430 I PackageInstallReceiver: action = android.intent.action.PACKAGE_ADDED packageName = com.facebook.mlite
08-06 21:03:31.224 13430 13430 I PackageInstallReceiver: action = android.intent.action.PACKAGE_CHANGED packageName = com.facebook.mlite
08-06 21:03:31.224  2474  7257 I MiuiNetworkPolicy: updateUidState uid = 10124, uidState = 11
08-06 21:03:31.224 13430 13430 I ServiceDeliveryCapability: onAppChanged:com.facebook.mlite action:android.intent.action.PACKAGE_ADDED
08-06 21:03:31.224 13430 13430 W InstalledPackagesMemoryCache: Unknown action: android.intent.action.PACKAGE_CHANGED
08-06 21:03:31.224 13430 13430 I ServiceDeliveryCapability: onAppChanged:com.facebook.mlite action:android.intent.action.PACKAGE_CHANGED
08-06 21:03:31.224 13430 13430 I AppWidgetDelegate: updateAppWidgets for com.facebook.mlite
08-06 21:03:31.224 13430 13430 I WidgetController: WidgetController.updateOrRemoveStackWhenPackageChanged: packageName com.facebook.mlite
08-06 21:03:31.224 13430 13430 I WidgetBackgroundBlurManager: onAppChanged appPackageName : com.facebook.mlite
08-06 21:03:31.226 13430 13824 I AppWidgetDelegate: removeAllWidgets com.android.calendar.widget.NearEventAppWidget
08-06 21:03:31.226 13430 13824 I AppWidgetDelegate: removeAllWidgets com.xiaomi.misettings.usagestats.widget.desktop.widget.SimpleUsageStatsWidget
08-06 21:03:31.227 17757 17834 I Ad      : isPersonalizedAdEnabled getAdSettings: 1
08-06 21:03:31.230 13588  9959 I auth    : [XMS][Auth] updatePackageInfos in db cnt: 1
08-06 21:03:31.230  3050  3078 E libsensor-parseRGB: CWB NotifyCWBBufferDone  error 0
08-06 21:03:31.232 12995 12995 I VA_AiConn:ApkConstants: isPhoneCarLinkApp packageName=com.facebook.mlite
08-06 21:03:31.232 12995 14768 I VA_AliveCore:AbsCoreManager: msg.what = 1003
08-06 21:03:31.232 12995 14768 E VA_AliveCore:CoreManager: bind thread:id=279;name=CoreAssistInteraction
08-06 21:03:31.232 12995 14768 E VA_AliveCore:CoreManager: not target app
08-06 21:03:31.232 12995 14768 E VA_AliveCore:CoreManager: not target app
08-06 21:03:31.232 12995 14768 I VA_AliveCore:CoreManager: bindAliveServiceApps:com.miui.voicetrigger
08-06 21:03:31.233 11354 11906 I Finsky  : [1990] pcp.accept(129): Wrote row to frosting DB: 1712
08-06 21:03:31.233  2474  7647 W ParceledListSlice: Element #233 is 19012 bytes.
08-06 21:03:31.234 12995 14768 I VA_AliveCore:CoreManager: bindAliveServiceApps: services:[ResolveInfo{6c25260 com.miui.voicetrigger/.VoiceTriggerService m=0x108000 userHandle=null}]
08-06 21:03:31.234 12995 14768 W VA_AliveConnection: startBind
08-06 21:03:31.234 12995 14768 I VA_AliveConnection: begin unregister
08-06 21:03:31.234 12995 14768 I VA_AliveConnection: begin register
08-06 21:03:31.235  2474  2745 W BroadcastQueue: Greezer Denial: sending Intent { act=android.intent.action.PACKAGE_ADDED dat=package: flg=0x4000010 (has extras) }, action: android.intent.action.PACKAGE_ADDED from null (uid=1000) due to receiver ProcessRecord{780c796 21718:com.microsoft.todos/u0a293} (uid 10293) need cached broadcast
08-06 21:03:31.235 12995 14768 I VA_AliveConnection: begin unregister
08-06 21:03:31.236  2474  2745 W BroadcastQueue: Greezer Denial: sending Intent { act=android.intent.action.PACKAGE_ADDED dat=package: flg=0x4000010 (has extras) }, action: android.intent.action.PACKAGE_ADDED from null (uid=1000) due to receiver ProcessRecord{2e3ab12 14660:com.instagram.android/u0a289} (uid 10289) need cached broadcast
08-06 21:03:31.236  2474  2745 W BroadcastQueue: Greezer Denial: sending Intent { act=android.intent.action.PACKAGE_ADDED dat=package: flg=0x4000010 (has extras) }, action: android.intent.action.PACKAGE_ADDED from null (uid=1000) due to receiver ProcessRecord{d5137e3 13072:com.microsoft.emmx/u0a311} (uid 10311) need cached broadcast
08-06 21:03:31.236 12995 14768 I VA_AliveConnection: begin register
08-06 21:03:31.236  2474  2745 W BroadcastQueue: Greezer Denial: sending Intent { act=android.intent.action.PACKAGE_ADDED dat=package: flg=0x4000010 (has extras) }, action: android.intent.action.PACKAGE_ADDED from null (uid=1000) due to receiver ProcessRecord{447ee47 14014:com.microsoft.office.outlook/u0a323} (uid 10323) need cached broadcast
08-06 21:03:31.236 12995 14768 W VA_AliveConnection: voicetrigger process isn't running
08-06 21:03:31.237 20053 20133 I com.xiaomi.market:new_milink:SafeBroadcastReceiver: a perform cost 0
08-06 21:03:31.238 20053 20159 I com.xiaomi.market:new_milink:SafeBroadcastReceiver: a perform cost 0
08-06 21:03:31.239 12995 14768 I VA_AliveCore:AliveReport: saveStatusTimeToReportDB serviceName: com.miui.voicetrigger Time: 1754485411236 BootOn: true settingOn: false appOn: false
08-06 21:03:31.239 20053 11574 I Market-PackageMonitor: [Download/Install] onReceive: android.intent.action.PACKAGE_ADDED, pkg: com.facebook.mlite
08-06 21:03:31.240  2474  8358 W ParceledListSlice: Element #363 is 25752 bytes.
08-06 21:03:31.240 11354 11354 I Finsky  : [2] srb.akj(13): DTU: Received onPackageAdded, replacing: false
08-06 21:03:31.241 11354 11354 I Finsky  : [2] adpc.f(9): Clearing split related stale data.
08-06 21:03:31.241 11354 11396 I Finsky  : [1976] mjw.ajf(151): [ContentSync] finished, scheduled=false
08-06 21:03:31.242 22445 22485 I VA_AliveCore:ContentObserver: onChange uri = [content://com.xiaomi.assist.report/aliveStatus]
08-06 21:03:31.243 19029 19640 I auth    : [XMS][Auth] updatePackageInfos in db cnt: 1
08-06 21:03:31.243 12995 14768 W VA_AliveConnection: service don't need bind
08-06 21:03:31.243 12995 14768 W VA_AliveConnection: unLinkService:ComponentInfo{com.miui.voicetrigger/com.miui.voicetrigger.VoiceTriggerService}
08-06 21:03:31.243 12995 14768 W VA_AliveConnection: service does not bind now. ComponentInfo{com.miui.voicetrigger/com.miui.voicetrigger.VoiceTriggerService}
08-06 21:03:31.244 22445 11689 I VA_AliveCore:AliveStatusUploader: queryAliveItem start ,debug false
08-06 21:03:31.244 22445 11689 I VA_AliveCore:AliveStatusUploader: queryAliveItem end ,too often 
08-06 21:03:31.248 11354 11906 I Finsky  : [1990] pcp.accept(129): Wrote row to frosting DB: 1713
08-06 21:03:31.249 11098 11964 I Fitness : (REDACTED) OnPackageChangedOperation got intent: %s
08-06 21:03:31.249  1865  1865 I vendor.qti.hardware.servicetrackeraidl-service: bindService is called for service : com.miui.cleanmaster/androidx.work.impl.background.systemjob.SystemJobService and for client system
08-06 21:03:31.249  1865  1865 I vendor.qti.hardware.servicetrackeraidl-service: total connections for service : com.miui.cleanmaster/androidx.work.impl.background.systemjob.SystemJobServiceare :1
08-06 21:03:31.249  1865  1865 I vendor.qti.hardware.servicetrackeraidl-service: total connections for client : systemare :31
08-06 21:03:31.249  2474  7257 I MiuiNetworkPolicy: updateUidState uid = 10266, uidState = 8
08-06 21:03:31.253 11354 11354 I Finsky  : [2] kuy.f(9): AIM: AppInfoCacheUpdater -> invalidating apps: [com.facebook.mlite]
08-06 21:03:31.253 11354 11354 I Finsky  : [2] kvn.g(21): AIM: AppInfoManager-Perf > getApps > called for 1 apps
08-06 21:03:31.254 11354 11445 I Finsky  : [1701] kwt.a(55): AIM: AppInfoManager-Perf > OnDeviceAppInfo > cacheHitCount=0, cacheMissCount=1. Missed  in cache (limit 10) : [com.facebook.mlite]
08-06 21:03:31.254  2474  7379 I whetstone.activity: processNotifyEvent1 resId = 256, bundle = Bundle[{startTime=410035577, sourcePkg=com.miui.cleanmaster, sourceUid=10266, status=1, jobId=555, batteryName=com.miui.cleanmaster/androidx.work.impl.background.systemjob.SystemJobService, elapsedRealtime=410035577}]
08-06 21:03:31.255 11354 11445 I Finsky  : [1701] kuq.apply(1378): AIM: Got app ownership map. App counts: . Unique apps: 0
08-06 21:03:31.255 24010 26376 I artd    : Dex parent of /data/app/~~Y2nr91cvAPkUda7lNUP2OQ==/com.facebook.mlite-uXIY0QCpuJ9JqhnwNAFSzw==/base.apk is not writable: Permission denied
08-06 21:03:31.255 24010 26376 I artd    : GetBestInfo checking odex in dalvik-cache (/data/dalvik-cache/arm64/data@app@~~Y2nr91cvAPkUda7lNUP2OQ==@com.facebook.mlite-uXIY0QCpuJ9JqhnwNAFSzw==@base.apk@classes.dex)
08-06 21:03:31.255 24010 26376 I artd    : Loading /data/dalvik-cache/arm64/data@app@~~Y2nr91cvAPkUda7lNUP2OQ==@com.facebook.mlite-uXIY0QCpuJ9JqhnwNAFSzw==@base.apk@classes.dex with executable: 0
08-06 21:03:31.255 24010 26376 I artd    : OatFileAssistant test for existing oat file /data/dalvik-cache/arm64/data@app@~~Y2nr91cvAPkUda7lNUP2OQ==@com.facebook.mlite-uXIY0QCpuJ9JqhnwNAFSzw==@base.apk@classes.dex: File /data/dalvik-cache/arm64/data@app@~~Y2nr91cvAPkUda7lNUP2OQ==@com.facebook.mlite-uXIY0QCpuJ9JqhnwNAFSzw==@base.apk@classes.vdex does not exist.
08-06 21:03:31.255 24010 26376 I artd    : GetBestInfo checking odex next to the dex file (/data/app/~~Y2nr91cvAPkUda7lNUP2OQ==/com.facebook.mlite-uXIY0QCpuJ9JqhnwNAFSzw==/oat/arm64/base.odex)
08-06 21:03:31.255 24010 26376 I artd    : Loading /data/app/~~Y2nr91cvAPkUda7lNUP2OQ==/com.facebook.mlite-uXIY0QCpuJ9JqhnwNAFSzw==/oat/arm64/base.odex with executable: 0
08-06 21:03:31.256 24010 26376 I artd    : Successfully loaded /data/app/~~Y2nr91cvAPkUda7lNUP2OQ==/com.facebook.mlite-uXIY0QCpuJ9JqhnwNAFSzw==/oat/arm64/base.odex with executable: 0
08-06 21:03:31.256 24010 26376 I artd    : /data/app/~~Y2nr91cvAPkUda7lNUP2OQ==/com.facebook.mlite-uXIY0QCpuJ9JqhnwNAFSzw==/oat/arm64/base.odex is kOatUpToDate with filter verify
08-06 21:03:31.255 14191 19651 I EventMonitor: notifyEvent resId=256
08-06 21:03:31.258  1850  9924 E ANDR-PERF-LM: MetaMeter: handleAsync() 166: AdaptLaunch Invalid Async
08-06 21:03:31.258 20053 11574 I Market-LocalAppManager: add package to list: com.facebook.mlite
08-06 21:03:31.262 13223 17910 W SQLiteLog: (28) double-quoted string literal: "com.facebook.mlite"
08-06 21:03:31.262 11354 11445 I Finsky  : [1701] kwp.a(206): AIM: AppInfoManager-Perf > ItemModel > CacheSize=34, cacheHitCount=0, cacheMissCount=0, total appsWithNoServerDataCount=3. Missed  in cache (limit 10) : []
08-06 21:03:31.262 11354 11354 I Finsky  : [2] akwu.c(44): Do not start WearSupportService due to Wear service optimization
08-06 21:03:31.262 11098 11964 I Fitness : (REDACTED) FitCleanupIntentOperation received Intent %s
08-06 21:03:31.263 11354 11445 I Finsky  : [1701] kwt.a(55): AIM: AppInfoManager-Perf > OnDeviceAppInfo > cacheHitCount=1, cacheMissCount=0. Missed  in cache (limit 10) : []
08-06 21:03:31.263 11128 11931 I Auth    : (REDACTED) [SupervisedAccountIntentOperationV2] onHandleIntent: %s
08-06 21:03:31.264 11354 11413 I Finsky  : [1693] kuq.apply(1378): AIM: Got app ownership map. App counts: . Unique apps: 0
08-06 21:03:31.264 11128 11927 I Dck     : (REDACTED) disableDckSupport: %s
08-06 21:03:31.264 11128 11927 I Dck     : [WirelessCapabilitiesFeatures] wccSysProp: 1 [CONTEXT service_id=289 ]
08-06 21:03:31.264 11128 11927 I Dck     : [WirelessCapabilitiesFeatures] wccMendel: 3 [CONTEXT service_id=289 ]
08-06 21:03:31.264 11128 11927 I Dck     : [WirelessCapabilitiesFeatures] deviceWccOverride: false [CONTEXT service_id=289 ]
08-06 21:03:31.264 11128 11927 I Dck     : [WirelessCapabilitiesFeatures] replaceSupportedWccWithWccOverride: true [CONTEXT service_id=289 ]
08-06 21:03:31.264 11128 11927 I Dck     : [WirelessCapabilitiesFeatures] wccOverride: not set [CONTEXT service_id=289 ]
08-06 21:03:31.264 11128 11927 I Dck     : (REDACTED) [WirelessCapabilitiesFeatures] wcc: %s
08-06 21:03:31.265 11128 11927 I Dck     : Dck module condition - downloadAllowed: false [CONTEXT service_id=289 ]
08-06 21:03:31.265 11128 11927 W Dck     : Dck module not eligible for asynchronous downloading [CONTEXT service_id=289 ]
08-06 21:03:31.265 11354 11354 I Finsky  : [2] yag.g(1): yag - Received: android.intent.action.PACKAGE_CHANGED, [BoTiACgAy_DQV8r0nqTM1IZ0vyHUFA8hIUBZPCRxwUQ]
08-06 21:03:31.265 11128 11931 I NearbyDiscovery: (REDACTED) processGrantSlicePermission: %s
08-06 21:03:31.266 11354 11440 I Finsky  : [1700] kwp.a(206): AIM: AppInfoManager-Perf > ItemModel > CacheSize=34, cacheHitCount=0, cacheMissCount=0, total appsWithNoServerDataCount=3. Missed  in cache (limit 10) : []
08-06 21:03:31.266 20053 20814 I Market-LocalAppManager: checkUpdateFromServer : start
08-06 21:03:31.266 20053 20814 I Market-LocalAppManager: getUpdateInfoFromServer : start,isBackground=true
08-06 21:03:31.268 11354 11906 I Finsky  : [1990] pcp.accept(129): Wrote row to frosting DB: 1714
08-06 21:03:31.269  1865  1865 I vendor.qti.hardware.servicetrackeraidl-service: destroyService is called for service : com.google.android.gms/.fitness.service.recording.FitRecordingBroker
08-06 21:03:31.269 24010 26376 I artd    : Dex parent of /data/app/~~Y2nr91cvAPkUda7lNUP2OQ==/com.facebook.mlite-uXIY0QCpuJ9JqhnwNAFSzw==/base.apk is not writable: Permission denied
08-06 21:03:31.269 24010 26376 I artd    : GetBestInfo checking odex in dalvik-cache (/data/dalvik-cache/arm64/data@app@~~Y2nr91cvAPkUda7lNUP2OQ==@com.facebook.mlite-uXIY0QCpuJ9JqhnwNAFSzw==@base.apk@classes.dex)
08-06 21:03:31.269 24010 26376 I artd    : Loading /data/dalvik-cache/arm64/data@app@~~Y2nr91cvAPkUda7lNUP2OQ==@com.facebook.mlite-uXIY0QCpuJ9JqhnwNAFSzw==@base.apk@classes.dex with executable: 0
08-06 21:03:31.269 24010 26376 I artd    : OatFileAssistant test for existing oat file /data/dalvik-cache/arm64/data@app@~~Y2nr91cvAPkUda7lNUP2OQ==@com.facebook.mlite-uXIY0QCpuJ9JqhnwNAFSzw==@base.apk@classes.dex: File /data/dalvik-cache/arm64/data@app@~~Y2nr91cvAPkUda7lNUP2OQ==@com.facebook.mlite-uXIY0QCpuJ9JqhnwNAFSzw==@base.apk@classes.vdex does not exist.
08-06 21:03:31.269 24010 26376 I artd    : GetBestInfo checking odex next to the dex file (/data/app/~~Y2nr91cvAPkUda7lNUP2OQ==/com.facebook.mlite-uXIY0QCpuJ9JqhnwNAFSzw==/oat/arm64/base.odex)
08-06 21:03:31.269 24010 26376 I artd    : Loading /data/app/~~Y2nr91cvAPkUda7lNUP2OQ==/com.facebook.mlite-uXIY0QCpuJ9JqhnwNAFSzw==/oat/arm64/base.odex with executable: 0
08-06 21:03:31.269  9799  9799 I Market-BaseWidgetProvider: BaseWidgetProvider action:com.xiaomi.market.APP_STATUS_CHANGED
08-06 21:03:31.269 24010 26376 I artd    : Successfully loaded /data/app/~~Y2nr91cvAPkUda7lNUP2OQ==/com.facebook.mlite-uXIY0QCpuJ9JqhnwNAFSzw==/oat/arm64/base.odex with executable: 0
08-06 21:03:31.269  9799  9799 I Market-newGameWidgetProvider: newGameWidgetProvider action: com.xiaomi.market.APP_STATUS_CHANGED
08-06 21:03:31.270 24010 26376 I artd    : /data/app/~~Y2nr91cvAPkUda7lNUP2OQ==/com.facebook.mlite-uXIY0QCpuJ9JqhnwNAFSzw==/oat/arm64/base.odex is kOatUpToDate with filter verify
08-06 21:03:31.271 20053 20814 I Market-LocalAppManager: getUpdateInfoFromServer : middle
08-06 21:03:31.271 20053 20814 E Market-Client: isSupportChildMode, error: java.lang.NumberFormatException: For input string: ""
08-06 21:03:31.271 11098 11958 I ProximityAuth: [RecentAppsMediator] Package added: (user=UserHandle{0}) com.facebook.mlite
08-06 21:03:31.272 11098 11960 W GCM     : Unexpected forwarded intent: Intent { act=android.intent.action.PACKAGE_ADDED dat=package: flg=0x4000010 pkg=com.google.android.gms cmp=com.google.android.gms/.chimera.PersistentIntentOperationService (has extras) }
08-06 21:03:31.273 11098 11960 W NetworkScheduler: Unexpected forwarded intent: Intent { act=android.intent.action.PACKAGE_ADDED dat=package: flg=0x4000010 pkg=com.google.android.gms cmp=com.google.android.gms/.chimera.PersistentIntentOperationService (has extras) }
08-06 21:03:31.273 11354 11906 I Finsky  : [1990] pcp.accept(129): Wrote row to frosting DB: 1715
08-06 21:03:31.273 17558 17660 I WM-WorkerWrapper: Worker result SUCCESS for Work [ id=b86beac4-2bb2-4a08-b026-1c0702f6bd2c, tags={ com.miui.optimizecenter.common.appcache.AppCacheManager$Companion$AppChangedReceiverWork } ]
08-06 21:03:31.274 20053 20814 I Market-RetrofitRequest: callStart : https://updateinfo.market.xiaomi.com/apm/updateinfo/v2
08-06 21:03:31.275 20053 20814 I Market-RetrofitRequest: HeaderInterceptor : https://updateinfo.market.xiaomi.com/apm/updateinfo/v2
08-06 21:03:31.276 11354 11354 I Finsky  : [2] kuy.f(9): AIM: AppInfoCacheUpdater -> invalidating apps: [com.facebook.mlite]
08-06 21:03:31.277 11354 11354 I Finsky  : [2] kvn.g(21): AIM: AppInfoManager-Perf > getApps > called for 1 apps
08-06 21:03:31.277 11354 11445 I Finsky  : [1701] kwt.a(55): AIM: AppInfoManager-Perf > OnDeviceAppInfo > cacheHitCount=0, cacheMissCount=1. Missed  in cache (limit 10) : [com.facebook.mlite]
08-06 21:03:31.278 11354 11445 I Finsky  : [1701] kuq.apply(1378): AIM: Got app ownership map. App counts: . Unique apps: 0
08-06 21:03:31.278 11354 11445 I Finsky  : [1701] kwt.a(55): AIM: AppInfoManager-Perf > OnDeviceAppInfo > cacheHitCount=1, cacheMissCount=0. Missed  in cache (limit 10) : []
08-06 21:03:31.278 11354 11437 I Finsky  : [1698] kuq.apply(1378): AIM: Got app ownership map. App counts: . Unique apps: 0
08-06 21:03:31.278 11354 11437 I Finsky  : [1698] jyg.accept(156): AIM: AppInfoManager-Perf > getApps > data collection finished
08-06 21:03:31.279 11354 11437 I Finsky  : [1698] kvo.run(976): AIM: AppInfoManager-Perf > maybeDestroyAppInfoManager is called. actives = 1
08-06 21:03:31.279 24010 26376 I artd    : Dex parent of /data/app/~~Y2nr91cvAPkUda7lNUP2OQ==/com.facebook.mlite-uXIY0QCpuJ9JqhnwNAFSzw==/base.apk is not writable: Permission denied
08-06 21:03:31.279 24010 26376 I artd    : GetBestInfo checking odex in dalvik-cache (/data/dalvik-cache/arm64/data@app@~~Y2nr91cvAPkUda7lNUP2OQ==@com.facebook.mlite-uXIY0QCpuJ9JqhnwNAFSzw==@base.apk@classes.dex)
08-06 21:03:31.279 24010 26376 I artd    : Loading /data/dalvik-cache/arm64/data@app@~~Y2nr91cvAPkUda7lNUP2OQ==@com.facebook.mlite-uXIY0QCpuJ9JqhnwNAFSzw==@base.apk@classes.dex with executable: 0
08-06 21:03:31.279 24010 26376 I artd    : OatFileAssistant test for existing oat file /data/dalvik-cache/arm64/data@app@~~Y2nr91cvAPkUda7lNUP2OQ==@com.facebook.mlite-uXIY0QCpuJ9JqhnwNAFSzw==@base.apk@classes.dex: File /data/dalvik-cache/arm64/data@app@~~Y2nr91cvAPkUda7lNUP2OQ==@com.facebook.mlite-uXIY0QCpuJ9JqhnwNAFSzw==@base.apk@classes.vdex does not exist.
08-06 21:03:31.279 24010 26376 I artd    : GetBestInfo checking odex next to the dex file (/data/app/~~Y2nr91cvAPkUda7lNUP2OQ==/com.facebook.mlite-uXIY0QCpuJ9JqhnwNAFSzw==/oat/arm64/base.odex)
08-06 21:03:31.279 24010 26376 I artd    : Loading /data/app/~~Y2nr91cvAPkUda7lNUP2OQ==/com.facebook.mlite-uXIY0QCpuJ9JqhnwNAFSzw==/oat/arm64/base.odex with executable: 0
08-06 21:03:31.279 24010 26376 I artd    : Successfully loaded /data/app/~~Y2nr91cvAPkUda7lNUP2OQ==/com.facebook.mlite-uXIY0QCpuJ9JqhnwNAFSzw==/oat/arm64/base.odex with executable: 0
08-06 21:03:31.279 24010 26376 I artd    : /data/app/~~Y2nr91cvAPkUda7lNUP2OQ==/com.facebook.mlite-uXIY0QCpuJ9JqhnwNAFSzw==/oat/arm64/base.odex is kOatUpToDate with filter verify
08-06 21:03:31.280  2474  7257 I MiuiNetworkPolicy: updateUidState uid = 10124, uidState = 19
08-06 21:03:31.285 20053 20814 E Market-Client: isSupportChildMode, error: java.lang.NumberFormatException: For input string: ""
08-06 21:03:31.285  1843  2051 I SDM     : DisplayBase::CommitThread: Received idle timeout, panel: cmd, timeout: 70000 us
08-06 21:03:31.285 20053 20814 E Market-Client: isSupportChildMode, error: java.lang.NumberFormatException: For input string: ""
08-06 21:03:31.288  2474  7257 I MiuiNetworkPolicy: updateUidState uid = 10261, uidState = 10
08-06 21:03:31.288  2474  7379 I whetstone.activity: processNotifyEvent1 resId = 256, bundle = Bundle[{startTime=410035611, sourcePkg=com.miui.cleanmaster, sourceUid=10266, status=0, jobId=555, batteryName=com.miui.cleanmaster/androidx.work.impl.background.systemjob.SystemJobService, elapsedRealtime=410035611}]
08-06 21:03:31.288 14191 16614 I EventMonitor: notifyEvent resId=256
08-06 21:03:31.288  2474  7257 I MiuiNetworkPolicy: updateUidState uid = 10158, uidState = 10
08-06 21:03:31.289 11354 11437 I Finsky  : [1698] kwp.a(206): AIM: AppInfoManager-Perf > ItemModel > CacheSize=34, cacheHitCount=0, cacheMissCount=0, total appsWithNoServerDataCount=3. Missed  in cache (limit 10) : []
08-06 21:03:31.289 11354 11437 I Finsky  : [1698] kwp.a(206): AIM: AppInfoManager-Perf > ItemModel > CacheSize=34, cacheHitCount=0, cacheMissCount=0, total appsWithNoServerDataCount=3. Missed  in cache (limit 10) : []
08-06 21:03:31.290 20053 20814 I Market-LimitSpeedManager: startLimitSpeedNow() ====== speed = 32768
08-06 21:03:31.291  1865  1865 I vendor.qti.hardware.servicetrackeraidl-service: unbindService is called for service : com.miui.cleanmaster/androidx.work.impl.background.systemjob.SystemJobService and for client system
08-06 21:03:31.291  1865  1865 I vendor.qti.hardware.servicetrackeraidl-service: size of service connections for service: com.miui.cleanmaster/androidx.work.impl.background.systemjob.SystemJobServiceafter removal is 0
08-06 21:03:31.291  1865  1865 I vendor.qti.hardware.servicetrackeraidl-service: size of client connections for client: systemafter removal is 30
08-06 21:03:31.291  1865  1865 I vendor.qti.hardware.servicetrackeraidl-service: destroyService is called for service : com.miui.cleanmaster/androidx.work.impl.background.systemjob.SystemJobService
08-06 21:03:31.291 20053 20053 I Market-ServiceUtils: startForeground: CheckUpdateService
08-06 21:03:31.292  2474  7257 I MiuiNetworkPolicy: updateUidState uid = 10266, uidState = 10
08-06 21:03:31.292  2474  8334 W JobScheduler: Job didn't exist in JobStore: 
08-06 21:03:31.292  2474  8334 W SSRU-ResourceUsageProxy: Nonexistent ongoing transaction JHR:555 for u:0 pkg:com.miui.cleanmaster ended
08-06 21:03:31.293 11354 11437 I Finsky  : [1698] jyg.accept(156): AIM: AppInfoManager-Perf > getApps > data collection finished
08-06 21:03:31.293 11354 11437 I Finsky  : [1698] kvo.run(976): AIM: AppInfoManager-Perf > maybeDestroyAppInfoManager is called. actives = 0
08-06 21:03:31.294  2474  8755 W ActivityManager: Foreground service started from background can not have location/camera/microphone access: service com.xiaomi.market/.business_core.update.auto.CheckUpdateService
08-06 21:03:31.294  2474  8755 I ActivityManager: Background started FGS: Allowed [callingPackage: com.xiaomi.market; callingUid: 10167; uidState: SVC ; uidBFSL: n/a; intent: Intent { cmp=com.xiaomi.market/.business_core.update.auto.CheckUpdateService (has extras) }; code:SYSTEM_ALERT_WINDOW_PERMISSION; tempAllowListReason:<,reasonCode:SYSTEM_ALLOW_LISTED,duration:9223372036854775807,callingUid:-1>; targetSdkVersion:33; callerTargetSdkVersion:33; startForegroundCount:0; bindFromPackage:null: isBindService:false]
08-06 21:03:31.294 11098 11957 I Fitness : (REDACTED) OnPackageChangedOperation got intent: %s
08-06 21:03:31.294  2474  8755 W ForegroundServiceTypeLoggerModule: Foreground service start for UID: 10167 does not have any types
08-06 21:03:31.299 20053 11573 I Market-WakeLockManager: acquire wakeLock: CheckUpdateService for 30000
08-06 21:03:31.300  2474  7257 I MiuiNetworkPolicy: updateUidState uid = 10261, uidState = 4
08-06 21:03:31.300  2474  7257 I MiuiNetworkPolicyTrafficLimit: updateWhiteListUidForMobileTraffic uid=10261,add=true
08-06 21:03:31.300  2474  7257 I MiuiNetworkPolicy: updateUidState uid = 10203, uidState = 4
08-06 21:03:31.300  2474  7257 I MiuiNetworkPolicy: updateUidState uid = 10169, uidState = 4
08-06 21:03:31.300  2474  7257 I MiuiNetworkPolicyTrafficLimit: updateWhiteListUidForMobileTraffic uid=10169,add=true
08-06 21:03:31.300  2474  7257 I MiuiNetworkPolicy: updateUidState uid = 10167, uidState = 4
08-06 21:03:31.300  2474  7257 I MiuiNetworkPolicyTrafficLimit: updateWhiteListUidForMobileTraffic uid=10167,add=true
08-06 21:03:31.300  2474  7257 I MiuiNetworkPolicy: updateUidState uid = 10158, uidState = 4
08-06 21:03:31.301 20053 20814 I Market-DownloadLimitSpeedManager: startLimitSpeed success. Total count 1
08-06 21:03:31.301 20053 20814 I Market-RetrofitRequest: HeaderInterceptor : https://updateinfo.market.xiaomi.com/apm/updateinfo/v2
08-06 21:03:31.301 20053 11573 I Market-CheckUpdateService: force check Update Apps
08-06 21:03:31.301 20053 11573 I Market-LocalAppManager: query update apps from server : begin
08-06 21:03:31.301 20053 11573 I Market-LocalAppManager: checkUpdateFromServer : start
08-06 21:03:31.301 20053 11573 I Market-LocalAppManager: getUpdateInfoFromServer : start,isBackground=true
08-06 21:03:31.302  2474  7257 I MiuiNetworkPolicyTrafficLimit: updateWhiteListUidForMobileTraffic uid=10158,add=true
08-06 21:03:31.302  2474  7257 I MiuiNetworkPolicy: updateUidState uid = 10090, uidState = 4
08-06 21:03:31.303  2474  7257 I MiuiNetworkPolicy: updateUidState uid = 10266, uidState = 19
08-06 21:03:31.306 11098 11957 I Fitness : (REDACTED) FitCleanupIntentOperation received Intent %s
08-06 21:03:31.307  1865  1865 I vendor.qti.hardware.servicetrackeraidl-service: destroyService is called for service : com.google.android.gms/.fitness.service.recording.FitRecordingBroker
08-06 21:03:31.309 11128 11518 I Icing   : Indexing com.google.android.gms-apps from com.google.android.gms
08-06 21:03:31.313 11128 11518 I Icing   : Indexing done com.google.android.gms-apps
08-06 21:03:31.314 11128 11518 I Icing   : Indexing com.google.android.gms-apps from com.google.android.gms
08-06 21:03:31.314 11128 11518 I Icing   : Indexing done com.google.android.gms-apps
08-06 21:03:31.315  1865  1865 I vendor.qti.hardware.servicetrackeraidl-service: destroyService is called for service : com.google.android.gms/.icing.service.IndexWorkerService
08-06 21:03:31.320  3086  3086 I adbd    : in ShellService: pm list packages -f
08-06 21:03:31.324  1865  1865 I vendor.qti.hardware.servicetrackeraidl-service: destroyService is called for service : com.google.android.gms/.icing.service.IndexWorkerService
08-06 21:03:31.330 10308 13587 I WakePathUpdatePolicy: doUpdate(user 0):responseCode:200
08-06 21:03:31.331 10308 13587 W WakePathUpdatePolicy: doUpdate(user 0): Response stream size=1408
08-06 21:03:31.332 10308 13587 I WakePathUpdatePolicy: pushWakePathData begin
08-06 21:03:31.333 10308 13587 I com.lbe.security.service.provider.WakePathDatabaseUtil: getWakePathWhiteList: whiteList.size=5
08-06 21:03:31.333  2474  7647 I WakePathChecker: MIUILOG-WAKEPATH pushWakePathWhiteList: userId=0 size=5
08-06 21:03:31.333 10308 13587 I com.lbe.security.service.provider.WakePathDatabaseUtil: getWakePathRuleList: wakeType=1 wakePathRules.size=3
08-06 21:03:31.333  2474  7633 I WakePathChecker: MIUILOG-WAKEPATH pushWakePathRuleInfos: wakeType=1 userId=0 size=3
08-06 21:03:31.334 10308 13587 I com.lbe.security.service.provider.WakePathDatabaseUtil: getWakePathRuleList: wakeType=8 wakePathRules.size=8
08-06 21:03:31.334  2474  7633 I WakePathChecker: MIUILOG-WAKEPATH pushWakePathRuleInfos: wakeType=8 userId=0 size=8
08-06 21:03:31.334 10308 13587 I com.lbe.security.service.provider.WakePathDatabaseUtil: getWakePathRuleList: wakeType=4 wakePathRules.size=4
08-06 21:03:31.335  2474  7647 I WakePathChecker: MIUILOG-WAKEPATH pushWakePathRuleInfos: wakeType=4 userId=0 size=4
08-06 21:03:31.335 10308 13587 I com.lbe.security.service.provider.WakePathDatabaseUtil: getWakePathRuleList: wakeType=2 wakePathRules.size=1
08-06 21:03:31.335  2474  7647 I WakePathChecker: MIUILOG-WAKEPATH pushWakePathRuleInfos: wakeType=2 userId=0 size=1
08-06 21:03:31.335 10308 13587 I com.lbe.security.service.provider.WakePathDatabaseUtil: getWakePathRuleList: wakeType=17 wakePathRules.size=0
08-06 21:03:31.335  2474  7647 I WakePathChecker: MIUILOG-WAKEPATH pushWakePathRuleInfos: wakeType=17 userId=0 size=0
08-06 21:03:31.336 10308 13587 I com.lbe.security.service.provider.WakePathDatabaseUtil: getWakePathRuleList: wakeType=32 wakePathRules.size=1
08-06 21:03:31.336  2474  7647 I WakePathChecker: MIUILOG-WAKEPATH pushWakePathRuleInfos: wakeType=32 userId=0 size=1
08-06 21:03:31.336 10308 13587 I com.lbe.security.service.provider.WakePathDatabaseUtil: getWakePathRuleList: wakeType=256 wakePathRules.size=8
08-06 21:03:31.336  2474  7647 I WakePathChecker: MIUILOG-WAKEPATH pushWakePathRuleInfos: wakeType=256 userId=0 size=8
08-06 21:03:31.336 10308 13587 I com.lbe.security.service.provider.WakePathDatabaseUtil: getWakePathRuleList: wakeType=128 wakePathRules.size=4
08-06 21:03:31.337  2474 15979 I WakePathChecker: MIUILOG-WAKEPATH pushWakePathRuleInfos: wakeType=128 userId=0 size=4
08-06 21:03:31.337 10308 13587 I com.lbe.security.service.provider.WakePathDatabaseUtil: getWakePathRuleList: wakeType=64 wakePathRules.size=2
08-06 21:03:31.337  2474  7633 I WakePathChecker: MIUILOG-WAKEPATH pushWakePathRuleInfos: wakeType=64 userId=0 size=2
08-06 21:03:31.338 10308 13587 I com.lbe.security.service.provider.WakePathDatabaseUtil: getWakePathRuleList: wakeType=4096 wakePathRules.size=2
08-06 21:03:31.338  2474  7647 I WakePathChecker: MIUILOG-WAKEPATH pushWakePathRuleInfos: wakeType=4096 userId=0 size=2
08-06 21:03:31.338 10308 13587 I com.lbe.security.service.provider.WakePathDatabaseUtil: getWakePathRuleList: wakeType=32768 wakePathRules.size=1
08-06 21:03:31.338  2474 15979 I WakePathChecker: MIUILOG-WAKEPATH pushWakePathRuleInfos: wakeType=32768 userId=0 size=1
08-06 21:03:31.338 10308 13587 I com.lbe.security.service.provider.WakePathDatabaseUtil: getWakePathRuleList: wakeType=8192 wakePathRules.size=6
08-06 21:03:31.338  2474  7647 I WakePathChecker: MIUILOG-WAKEPATH pushWakePathRuleInfos: wakeType=8192 userId=0 size=6
08-06 21:03:31.339 10308 13587 I com.lbe.security.service.provider.WakePathDatabaseUtil: getWakePathRuleList: wakeType=16384 wakePathRules.size=0
08-06 21:03:31.339  2474  8334 I WakePathChecker: MIUILOG-WAKEPATH pushWakePathRuleInfos: wakeType=16384 userId=0 size=0
08-06 21:03:31.339 10308 13587 I com.lbe.security.service.provider.WakePathDatabaseUtil: getWakePathRuleList: wakeType=22 wakePathRules.size=0
08-06 21:03:31.339  2474  8334 I WakePathChecker: MIUILOG-WAKEPATH pushWakePathRuleInfos: wakeType=22 userId=0 size=0
08-06 21:03:31.339 10308 13587 I WakePathUpdatePolicy: pushWakePathData end
08-06 21:03:31.339 10308 13587 I WakePathUpdatePolicy: doUpdate end
08-06 21:03:31.342  1865  1865 I vendor.qti.hardware.servicetrackeraidl-service: destroyService is called for service : com.google.android.gms/.icing.service.IndexWorkerService
08-06 21:03:31.346 11128 11518 I Icing   : Indexing com.google.android.gms-apps from com.google.android.gms
08-06 21:03:31.348 11128 11518 I Icing   : Indexing done com.google.android.gms-apps
08-06 21:03:31.350  1865  1865 I vendor.qti.hardware.servicetrackeraidl-service: destroyService is called for service : com.google.android.gms/.icing.service.IndexWorkerService
08-06 21:03:31.353 20053 20814 I Market-DownloadLimitSpeedManager: stopLimitSpeed
08-06 21:03:31.353 20053 20814 I Market-LimitSpeedManager: stopLimitSpeedNow() =========== 
08-06 21:03:31.358 20053 20814 I Market-RetrofitRequest: callEnd : https://updateinfo.market.xiaomi.com/apm/updateinfo/v2
08-06 21:03:31.359 20053 20814 I Market-LocalAppManager: getUpdateInfoFromServer : end  , responseCode : OK
08-06 21:03:31.360 20053 20814 I Market-LocalAppManager: checkUpdateFromServer : end
08-06 21:03:31.360 20053 20814 I Market-LocalAppManager: checkUpdateFromServer  data parser : end
08-06 21:03:31.361 20053 20814 I Market-HuanjiManager: condition not satisfied, ignore
08-06 21:03:31.362 20053 20814 I Market-DataParser: [InvalidPackageList] JSON : invalidSystemPackageList list is null
08-06 21:03:31.362 20053 20814 I Market-LocalAppManager: checkUpdateFromServer  filter package : end
08-06 21:03:31.362 20053 20814 I Market-LocalAppManager: checkUpdateFromServer  support64BitPackagesJsonArray : end
08-06 21:03:31.365  1843  3496 I vendor.qti.hardware.display.composer-service: Sensor: notify citsensorservice to trigger cwb, misForced = 1
08-06 21:03:31.366  3050  4554 I libsensor-parseRGB: request dump start for mRequestDisplayId 0
08-06 21:03:31.387  3050 25119 E libsensor-parseRGB: CWB NotifyCWBBufferDone  error 0
08-06 21:03:31.404 20053 11573 I Market-LocalAppManager: getUpdateInfoFromServer : middle
08-06 21:03:31.404 20053 11573 E Market-Client: isSupportChildMode, error: java.lang.NumberFormatException: For input string: ""
08-06 21:03:31.406 20053 11573 I Market-RetrofitRequest: callStart : https://updateinfo.market.xiaomi.com/apm/updateinfo/v2
08-06 21:03:31.407 20053 11573 I Market-RetrofitRequest: HeaderInterceptor : https://updateinfo.market.xiaomi.com/apm/updateinfo/v2
08-06 21:03:31.408 20053 11573 E Market-Client: isSupportChildMode, error: java.lang.NumberFormatException: For input string: ""
08-06 21:03:31.409 20053 11573 E Market-Client: isSupportChildMode, error: java.lang.NumberFormatException: For input string: ""
08-06 21:03:31.413 20053 11573 I Market-LimitSpeedManager: startLimitSpeedNow() ====== speed = 32768
08-06 21:03:31.415  3086  3086 I adbd    : in ShellService: dumpsys package com.facebook.mlite
08-06 21:03:31.416 20053 11573 I Market-DownloadLimitSpeedManager: startLimitSpeed success. Total count 1
08-06 21:03:31.416 20053 11573 I Market-RetrofitRequest: HeaderInterceptor : https://updateinfo.market.xiaomi.com/apm/updateinfo/v2
08-06 21:03:31.420 18182 18512 I ToRequestLog: before toRequest
08-06 21:03:31.421 18182 18512 I ToRequestLog: originalRequest build success.
08-06 21:03:31.426 18182 18512 I LIVE_SDK_COMMON_PARAMS:: _rticket: 1754485411426
08-06 21:03:31.426 18182 18512 I LIVE_SDK_COMMON_PARAMS:: manifest_version_code: 11025
08-06 21:03:31.426 18182 18512 I LIVE_SDK_COMMON_PARAMS:: webcast_gps_access: 2
08-06 21:03:31.426 18182 18512 I LIVE_SDK_COMMON_PARAMS:: ecom_host_appid: 1371
08-06 21:03:31.426 18182 18512 I LIVE_SDK_COMMON_PARAMS:: openlive_personal_recommend: 1
08-06 21:03:31.426 18182 18512 I LIVE_SDK_COMMON_PARAMS:: iid: 2957020095913066
08-06 21:03:31.426 18182 18512 I LIVE_SDK_COMMON_PARAMS:: channel: dk_update
08-06 21:03:31.426 18182 18512 I LIVE_SDK_COMMON_PARAMS:: device_type: 23127PN0CC
08-06 21:03:31.426 18182 18512 I LIVE_SDK_COMMON_PARAMS:: language: zh
08-06 21:03:31.426 18182 18512 I LIVE_SDK_COMMON_PARAMS:: resolution: 1200*2670
08-06 21:03:31.426 18182 18512 I LIVE_SDK_COMMON_PARAMS:: openudid: c627c4a0aa2ca43a
08-06 21:03:31.426 18182 18512 I LIVE_SDK_COMMON_PARAMS:: webcast_app_id: 445848
08-06 21:03:31.426 18182 18512 I LIVE_SDK_COMMON_PARAMS:: update_version_code: 20600300
08-06 21:03:31.426 18182 18512 I LIVE_SDK_COMMON_PARAMS:: cdid: 75790377-1975-45a0-addf-4584f2cfa75f
08-06 21:03:31.426 18182 18512 I LIVE_SDK_COMMON_PARAMS:: os_api: 35
08-06 21:03:31.426 18182 18512 I LIVE_SDK_COMMON_PARAMS:: mac_address: 02:00:00:00:00:00
08-06 21:03:31.426 18182 18512 I LIVE_SDK_COMMON_PARAMS:: webcast_locale: zh_CN
08-06 21:03:31.426 18182 18512 I LIVE_SDK_COMMON_PARAMS:: dpi: 480
08-06 21:03:31.426 18182 18512 I LIVE_SDK_COMMON_PARAMS:: ac: wifi
08-06 21:03:31.426 18182 18512 I LIVE_SDK_COMMON_PARAMS:: mcc_mnc: 46000
08-06 21:03:31.426 18182 18512 I LIVE_SDK_COMMON_PARAMS:: os_version: 15
08-06 21:03:31.426 18182 18512 I LIVE_SDK_COMMON_PARAMS:: version_code: 11025
08-06 21:03:31.426 18182 18512 I LIVE_SDK_COMMON_PARAMS:: bd_did: P4TZZE4QGXCFMZDV7GQRPWR7HYGDLYPJXKYONDTEGUQDRK243XYQ01
08-06 21:03:31.426 18182 18512 I LIVE_SDK_COMMON_PARAMS:: webcast_sdk_version: 2060
08-06 21:03:31.426 18182 18512 I LIVE_SDK_COMMON_PARAMS:: clientudid: 7b7b96b5-a838-40ae-871c-493d175fcb7f
08-06 21:03:31.426 18182 18512 I LIVE_SDK_COMMON_PARAMS:: app_name: 
08-06 21:03:31.426 18182 18512 I LIVE_SDK_COMMON_PARAMS:: carrier: 
08-06 21:03:31.426 18182 18512 I LIVE_SDK_COMMON_PARAMS:: sdk_version_code: 16129889
08-06 21:03:31.426 18182 18512 I LIVE_SDK_COMMON_PARAMS:: version_name: 6.0.10.0825
08-06 21:03:31.426 18182 18512 I LIVE_SDK_COMMON_PARAMS:: device_brand: Xiaomi
08-06 21:03:31.426 18182 18512 I LIVE_SDK_COMMON_PARAMS:: webcast_language: zh
08-06 21:03:31.426 18182 18512 I LIVE_SDK_COMMON_PARAMS:: device_platform: android
08-06 21:03:31.426 18182 18512 I LIVE_SDK_COMMON_PARAMS:: sim_region: cn
08-06 21:03:31.426 18182 18512 I LIVE_SDK_COMMON_PARAMS:: aid: 445324
08-06 21:03:31.428 18182 18512 W System.err: java.lang.NullPointerException: Attempt to invoke virtual method 'boolean java.lang.String.equals(java.lang.Object)' on a null object reference
08-06 21:03:31.429 18182 18512 W System.err: 	at com.bytedance.frameworks.baselib.network.http.impl.PersistentCookieStore.checkDomainsMatch(PersistentCookieStore.java:321)
08-06 21:03:31.429 18182 18512 W System.err: 	at com.bytedance.frameworks.baselib.network.http.impl.PersistentCookieStore.getValidCookies(PersistentCookieStore.java:276)
08-06 21:03:31.429 18182 18512 W System.err: 	at com.bytedance.frameworks.baselib.network.http.impl.PersistentCookieStore.get(PersistentCookieStore.java:257)
08-06 21:03:31.429 18182 18512 W System.err: 	at com.bytedance.frameworks.baselib.network.http.impl.CookieManagerWrap.get(CookieManagerWrap.java:79)
08-06 21:03:31.429 18182 18512 W System.err: 	at com.bytedance.ttnet.config.AppConfig.getShareCookie(AppConfig.java:1359)
