05-18 03:40:05.216 15489 15489 W dex2oat64: Method Lio/branch/referral/e;.i is abstract, but the declaring class is neither abstract nor an interface in dex file base.apk!classes2.dex
05-18 03:40:05.398 15150 15187 I Finsky  : [120] lzn.run(1177): Initializing the instant apps module.
05-18 03:40:05.400 15150 15173 I Finsky  : [106] adjz.h(12): Triggered update for experiment package com.google.android.finsky.stable.
05-18 03:40:05.421 15150 15244 I PhClient: Unable to retrieve flag snapshot for com.google.android.gms.phenotype, using defaults.
05-18 03:40:05.436 15150 15193 I Finsky  : [126] lzn.run(722): Component class com.google.android.finsky.wearsupport.WearSupportService disabled via PackageManager.
05-18 03:40:05.436 15150 15193 I Finsky  : [126] lzn.run(722): Component class com.google.android.finsky.wearsupport.WearChangeListenerService disabled via PackageManager.
05-18 03:40:05.558 15150 15197 W Finsky  : [130] aflt.a(57): PreloadClasses: Unable to load [kotlinx.coroutines.internal.ThreadContextKt$countAll$1, kotlinx.coroutines.internal.ThreadContextKt$findOne$1, kotlinx.coroutines.internal.ThreadContextKt$updateState$1, androidx.compose.runtime.snapshots.SnapshotKt$emptyLambda$1, androidx.compose.runtime.Recomposer$broadcastFrameClock$1, androidx.compose.runtime.Recomposer$recompositionRunner$2$unregisterApplyObserver$1, androidx.compose.runtime.ComposableSingletons$CompositionKt$lambda-1$1, androidx.compose.runtime.ComposableSingletons$CompositionKt$lambda-2$1, androidx.compose.ui.platform.ComposableSingletons$Wrapper_androidKt$lambda-1$1, androidx.compose.runtime.Recomposer$readObserverOf$1, androidx.compose.runtime.Recomposer$writeObserverOf$1, androidx.compose.ui.platform.AndroidCompositionLocals_androidKt$LocalSavedStateRegistryOwner$1, androidx.compose.runtime.saveable.SaveableStateRegistryKt$LocalSaveableStateRegistry$1, androidx.compose.material3.TypographyKt$LocalTypography$1, androidx.compose.material.ColorsKt$LocalColors$1, androidx.compose.material.ShapesKt$LocalShapes$1, androidx.compose.material.ContentAlphaKt$LocalContentAlpha$1, androidx.compose.foundation.IndicationKt$LocalIndication$1, androidx.compose.material.ripple.RippleThemeKt$LocalRippleTheme$1, androidx.compose.foundation.text.selection.TextSelectionColorsKt$LocalTextSelectionColors$1, androidx.compose.material.TextKt$LocalTextStyle$1, androidx.compose.animation.core.InfiniteTransition$run$2, androidx.compose.animation.core.VectorConvertersKt$FloatToVector$1, androidx.compose.animation.core.VectorConvertersKt$FloatToVector$2, androidx.compose.animation.core.VectorConvertersKt$IntToVector$2, androidx.compose.animation.core.VectorConvertersKt$DpToVector$1, androidx.compose.animation.core.VectorConvertersKt$DpToVector$2, androidx.compose.material.ProgressIndicatorKt$CircularProgressIndicator$endAngle$2, androidx.compose.material.ProgressIndicatorKt$CircularProgressIndicator$startAngle$2, androidx.compose.foundation.ProgressSemanticsKt$progressSemantics$2, androidx.compose.material.MaterialThemeKt$MaterialTheme$2, androidx.compose.runtime.BroadcastFrameClock$withFrameNanos$2$1, androidx.compose.foundation.text.selection.SelectionRegistrarKt$LocalSelectionRegistrar$1, androidx.compose.runtime.saveable.SaverKt$AutoSaver$1, androidx.compose.runtime.saveable.SaverKt$AutoSaver$2, androidx.compose.material.ElevationOverlayKt$LocalElevationOverlay$1, androidx.compose.material.ElevationOverlayKt$LocalAbsoluteElevation$1, androidx.compose.material.TextKt$Text$4, androidx.compose.material.TextKt$ProvideTextStyle$1, androidx.compose.material.SurfaceKt$Surface$2, androidx.compose.material.ButtonKt$Button$3, androidx.compose.foundation.gestures.ScrollableStateKt$rememberScrollableState$1$1, androidx.compose.material.TextKt$Text$3, androidx.compose.material3.TextKt$Text$3, androidx.compose.foundation.layout.BoxWithConstraintsKt$BoxWithConstraints$1$1, androidx.compose.runtime.Updater$init$1, androidx.compose.runtime.internal.ComposableLambdaImpl$invoke$2, androidx.compose.ui.text.MultiParagraphIntrinsics$minIntrinsicWidth$2, androidx.compose.ui.text.MultiParagraphIntrinsics$maxIntrinsicWidth$2, androidx.compose.ui.text.platform.extensions.SpannableExtensions_androidKt$setFontAttributes$1, androidx.compose.foundation.layout.PaddingValuesModifier$measure$2, androidx.compose.ui.layout.ComposableSingletons$SubcomposeLayoutKt$lambda-1$1, androidx.compose.runtime.snapshots.SnapshotKt$mergedReadObserver$1, androidx.compose.runtime.snapshots.SnapshotKt$mergedWriteObserver$1, androidx.compose.foundation.lazy.LazyListState$Companion$Saver$1, androidx.compose.foundation.lazy.LazyListState$Companion$Saver$2, androidx.compose.runtime.saveable.ListSaverKt$listSaver$1, androidx.compose.foundation.lazy.LazyListState$scrollableState$1, androidx.compose.runtime.saveable.SaveableStateHolderImpl$Companion$Saver$1, androidx.compose.runtime.saveable.SaveableStateHolderImpl$Companion$Saver$2, androidx.compose.runtime.saveable.SaveableStateHolderKt$re
05-18 03:40:05.562 15150 15172 I RegisterSyncOperation: Register sync called by com.android.vending, syncing since something changed
05-18 03:40:05.571  1226  1226 W SystemServiceRegistry: No service published for: persistent_data_block
05-18 03:40:05.648 15150 15172 I HeterodyneSyncer: Removed 0 invalid users
05-18 03:40:05.704 15150 15172 I Finsky  : [105] axwg.g(9): Sending Heterodyne sync request for package com.google.android.finsky.stable
05-18 03:40:05.838 15150 15150 I Finsky  : [2] ajmi.run(723): setup::RES: shouldRecoverRestoredPackages: flag false, versionCodeSystem 82594910
05-18 03:40:05.839 15150 15150 I Finsky  : [2] ajnl.run(807): Detected restoreservicev2://recovery not needed, will not run
05-18 03:40:05.860 15150 15502 I Finsky  : [179] rtf.d(1): registerListener
05-18 03:40:05.860 15150 15502 I Finsky  : [179] bcyu.n(6): getDownloads()
05-18 03:40:05.862 15150 15502 I Finsky  : [179] qx.run(51): Initialized AssetModuleDownloader.
05-18 03:40:05.863 15248 15281 I Finsky:background: [116] rpq.j(6): DS: getDownloads()
05-18 03:40:05.898 15150 15172 I RequestAddCookies: Cookie store not available in HTTP context
05-18 03:40:05.973 15248 15505 I Finsky:background: [147] asxo.l(30): DS::IDC: updateWith: <50:SUCCEEDED>
05-18 03:40:05.973 15248 15505 I Finsky:background: [147] asxo.l(185): DS::IDC: All invisible downloads are finished.
05-18 03:40:05.974 15248 15505 I Finsky:background: [147] rso.c(6): DS::ISM: Stopping invisible download job
05-18 03:40:05.974 15248 15505 I Finsky:background: [147] asxo.l(30): DS::IDC: updateWith: <51:SUCCEEDED>
05-18 03:40:05.974 15248 15505 I Finsky:background: [147] asxo.l(185): DS::IDC: All invisible downloads are finished.
05-18 03:40:05.974 15248 15505 I Finsky:background: [147] rso.c(6): DS::ISM: Stopping invisible download job
05-18 03:40:05.974 15248 15505 I Finsky:background: [147] asxo.l(30): DS::IDC: updateWith: <52:SUCCEEDED>
05-18 03:40:05.974 15248 15505 I Finsky:background: [147] asxo.l(185): DS::IDC: All invisible downloads are finished.
05-18 03:40:05.974 15248 15505 I Finsky:background: [147] rso.c(6): DS::ISM: Stopping invisible download job
05-18 03:40:05.974 15248 15505 I Finsky:background: [147] asxo.l(30): DS::IDC: updateWith: <53:SUCCEEDED>
05-18 03:40:05.974 15248 15505 I Finsky:background: [147] asxo.l(185): DS::IDC: All invisible downloads are finished.
05-18 03:40:05.974 15248 15505 I Finsky:background: [147] rso.c(6): DS::ISM: Stopping invisible download job
05-18 03:40:05.974 15248 15505 I Finsky:background: [147] asxo.l(30): DS::IDC: updateWith: <54:SUCCEEDED>
05-18 03:40:05.974 15248 15505 I Finsky:background: [147] asxo.l(185): DS::IDC: All invisible downloads are finished.
05-18 03:40:05.974 15248 15505 I Finsky:background: [147] rso.c(6): DS::ISM: Stopping invisible download job
05-18 03:40:05.977 15248 15505 I Finsky:background: [147] asxo.l(30): DS::IDC: updateWith: <55:SUCCEEDED>
05-18 03:40:05.977 15248 15505 I Finsky:background: [147] asxo.l(185): DS::IDC: All invisible downloads are finished.
05-18 03:40:05.977 15248 15505 I Finsky:background: [147] rso.c(6): DS::ISM: Stopping invisible download job
05-18 03:40:05.979 15248 15505 I Finsky:background: [147] asxo.l(30): DS::IDC: updateWith: <56:SUCCEEDED>
05-18 03:40:05.979 15248 15505 I Finsky:background: [147] asxo.l(185): DS::IDC: All invisible downloads are finished.
05-18 03:40:05.980 15248 15505 I Finsky:background: [147] rso.c(6): DS::ISM: Stopping invisible download job
05-18 03:40:05.983 15248 15505 I Finsky:background: [147] asxo.l(30): DS::IDC: updateWith: <57:SUCCEEDED>
05-18 03:40:05.983 15248 15505 I Finsky:background: [147] asxo.l(185): DS::IDC: All invisible downloads are finished.
05-18 03:40:05.983 15248 15505 I Finsky:background: [147] rso.c(6): DS::ISM: Stopping invisible download job
05-18 03:40:05.983 15248 15505 I Finsky:background: [147] asxo.l(30): DS::IDC: updateWith: <58:SUCCEEDED>
05-18 03:40:05.983 15248 15505 I Finsky:background: [147] asxo.l(185): DS::IDC: All invisible downloads are finished.
05-18 03:40:05.983 15248 15505 I Finsky:background: [147] rso.c(6): DS::ISM: Stopping invisible download job
05-18 03:40:05.983 15248 15505 I Finsky:background: [147] asxo.l(30): DS::IDC: updateWith: <59:SUCCEEDED>
05-18 03:40:05.983 15248 15505 I Finsky:background: [147] asxo.l(185): DS::IDC: All invisible downloads are finished.
05-18 03:40:05.983 15248 15505 I Finsky:background: [147] rso.c(6): DS::ISM: Stopping invisible download job
05-18 03:40:05.983 15248 15505 I Finsky:background: [147] asxo.l(30): DS::IDC: updateWith: <60:SUCCEEDED>
05-18 03:40:05.983 15248 15505 I Finsky:background: [147] asxo.l(185): DS::IDC: All invisible downloads are finished.
05-18 03:40:05.983 15248 15505 I Finsky:background: [147] rso.c(6): DS::ISM: Stopping invisible download job
05-18 03:40:05.983 15248 15505 I Finsky:background: [147] asxo.l(30): DS::IDC: updateWith: <61:SUCCEEDED>
05-18 03:40:05.983 15248 15505 I Finsky:background: [147] asxo.l(185): DS::IDC: All invisible downloads are finished.
05-18 03:40:05.983 15248 15505 I Finsky:background: [147] rso.c(6): DS::ISM: Stopping invisible download job
05-18 03:40:05.984 15248 15505 I Finsky:background: [147] asxo.l(30): DS::IDC: updateWith: <62:SUCCEEDED>
05-18 03:40:05.984 15248 15505 I Finsky:background: [147] asxo.l(185): DS::IDC: All invisible downloads are finished.
05-18 03:40:05.984 15248 15505 I Finsky:background: [147] rso.c(6): DS::ISM: Stopping invisible download job
05-18 03:40:05.984 15248 15505 I Finsky:background: [147] asxo.l(30): DS::IDC: updateWith: <63:SUCCEEDED>
05-18 03:40:05.984 15248 15505 I Finsky:background: [147] asxo.l(185): DS::IDC: All invisible downloads are finished.
05-18 03:40:05.984 15248 15505 I Finsky:background: [147] rso.c(6): DS::ISM: Stopping invisible download job
05-18 03:40:05.984 15248 15505 I Finsky:background: [147] asxo.l(30): DS::IDC: updateWith: <64:SUCCEEDED>
05-18 03:40:05.984 15248 15505 I Finsky:background: [147] asxo.l(185): DS::IDC: All invisible downloads are finished.
05-18 03:40:05.984 15248 15505 I Finsky:background: [147] rso.c(6): DS::ISM: Stopping invisible download job
05-18 03:40:05.984 15248 15505 I Finsky:background: [147] asxo.l(30): DS::IDC: updateWith: <65:SUCCEEDED>
05-18 03:40:05.984 15248 15505 I Finsky:background: [147] asxo.l(185): DS::IDC: All invisible downloads are finished.
05-18 03:40:05.984 15248 15505 I Finsky:background: [147] rso.c(6): DS::ISM: Stopping invisible download job
05-18 03:40:05.984 15248 15505 I Finsky:background: [147] asxo.l(30): DS::IDC: updateWith: <66:SUCCEEDED>
05-18 03:40:05.984 15248 15505 I Finsky:background: [147] asxo.l(185): DS::IDC: All invisible downloads are finished.
05-18 03:40:05.984 15248 15505 I Finsky:background: [147] rso.c(6): DS::ISM: Stopping invisible download job
05-18 03:40:05.984 15248 15505 I Finsky:background: [147] asxo.l(30): DS::IDC: updateWith: <67:SUCCEEDED>
05-18 03:40:05.984 15248 15505 I Finsky:background: [147] asxo.l(185): DS::IDC: All invisible downloads are finished.
05-18 03:40:05.984 15248 15505 I Finsky:background: [147] rso.c(6): DS::ISM: Stopping invisible download job
05-18 03:40:05.984 15248 15505 I Finsky:background: [147] asxo.l(30): DS::IDC: updateWith: <68:SUCCEEDED>
05-18 03:40:05.984 15248 15505 I Finsky:background: [147] asxo.l(185): DS::IDC: All invisible downloads are finished.
05-18 03:40:05.984 15248 15505 I Finsky:background: [147] rso.c(6): DS::ISM: Stopping invisible download job
05-18 03:40:05.985 15248 15505 I Finsky:background: [147] asxo.l(30): DS::IDC: updateWith: <69:SUCCEEDED>
05-18 03:40:05.985 15248 15505 I Finsky:background: [147] asxo.l(185): DS::IDC: All invisible downloads are finished.
05-18 03:40:05.985 15248 15505 I Finsky:background: [147] rso.c(6): DS::ISM: Stopping invisible download job
05-18 03:40:05.985 15248 15505 I Finsky:background: [147] asxo.l(30): DS::IDC: updateWith: <70:SUCCEEDED>
05-18 03:40:05.985 15248 15505 I Finsky:background: [147] asxo.l(185): DS::IDC: All invisible downloads are finished.
05-18 03:40:05.985 15248 15505 I Finsky:background: [147] rso.c(6): DS::ISM: Stopping invisible download job
05-18 03:40:05.985 15248 15505 I Finsky:background: [147] asxo.l(30): DS::IDC: updateWith: <71:SUCCEEDED>
05-18 03:40:05.985 15248 15505 I Finsky:background: [147] asxo.l(185): DS::IDC: All invisible downloads are finished.
05-18 03:40:05.985 15248 15505 I Finsky:background: [147] rso.c(6): DS::ISM: Stopping invisible download job
05-18 03:40:05.985 15248 15505 I Finsky:background: [147] asxo.l(30): DS::IDC: updateWith: <72:SUCCEEDED>
05-18 03:40:05.985 15248 15505 I Finsky:background: [147] asxo.l(185): DS::IDC: All invisible downloads are finished.
05-18 03:40:05.985 15248 15505 I Finsky:background: [147] rso.c(6): DS::ISM: Stopping invisible download job
05-18 03:40:05.985 15248 15505 I Finsky:background: [147] asxo.l(30): DS::IDC: updateWith: <73:SUCCEEDED>
05-18 03:40:05.985 15248 15505 I Finsky:background: [147] asxo.l(185): DS::IDC: All invisible downloads are finished.
05-18 03:40:05.985 15248 15505 I Finsky:background: [147] rso.c(6): DS::ISM: Stopping invisible download job
05-18 03:40:05.985 15248 15505 I Finsky:background: [147] asxo.l(30): DS::IDC: updateWith: <74:SUCCEEDED>
05-18 03:40:05.985 15248 15505 I Finsky:background: [147] asxo.l(185): DS::IDC: All invisible downloads are finished.
05-18 03:40:05.985 15248 15505 I Finsky:background: [147] rso.c(6): DS::ISM: Stopping invisible download job
05-18 03:40:05.985 15248 15505 I Finsky:background: [147] asxo.l(30): DS::IDC: updateWith: <75:SUCCEEDED>
05-18 03:40:05.986 15248 15505 I Finsky:background: [147] asxo.l(185): DS::IDC: All invisible downloads are finished.
05-18 03:40:05.986 15248 15505 I Finsky:background: [147] rso.c(6): DS::ISM: Stopping invisible download job
05-18 03:40:06.004 15248 15505 I Finsky:background: [147] asxo.l(30): DS::IDC: updateWith: <76:SUCCEEDED>
05-18 03:40:06.004 15248 15505 I Finsky:background: [147] asxo.l(185): DS::IDC: All invisible downloads are finished.
05-18 03:40:06.004 15248 15505 I Finsky:background: [147] rso.c(6): DS::ISM: Stopping invisible download job
05-18 03:40:06.004 15248 15505 I Finsky:background: [147] asxo.l(30): DS::IDC: updateWith: <77:SUCCEEDED>
05-18 03:40:06.004 15248 15505 I Finsky:background: [147] asxo.l(185): DS::IDC: All invisible downloads are finished.
05-18 03:40:06.005 15248 15505 I Finsky:background: [147] rso.c(6): DS::ISM: Stopping invisible download job
05-18 03:40:06.005 15248 15505 I Finsky:background: [147] asxo.l(30): DS::IDC: updateWith: <78:SUCCEEDED>
05-18 03:40:06.005 15248 15505 I Finsky:background: [147] asxo.l(185): DS::IDC: All invisible downloads are finished.
05-18 03:40:06.005 15248 15505 I Finsky:background: [147] rso.c(6): DS::ISM: Stopping invisible download job
05-18 03:40:06.005 15248 15505 I Finsky:background: [147] asxo.l(30): DS::IDC: updateWith: <79:SUCCEEDED>
05-18 03:40:06.005 15248 15505 I Finsky:background: [147] asxo.l(185): DS::IDC: All invisible downloads are finished.
05-18 03:40:06.005 15248 15505 I Finsky:background: [147] rso.c(6): DS::ISM: Stopping invisible download job
05-18 03:40:06.005 15248 15505 I Finsky:background: [147] asxo.l(30): DS::IDC: updateWith: <80:SUCCEEDED>
05-18 03:40:06.005 15248 15505 I Finsky:background: [147] asxo.l(185): DS::IDC: All invisible downloads are finished.
05-18 03:40:06.005 15248 15505 I Finsky:background: [147] rso.c(6): DS::ISM: Stopping invisible download job
05-18 03:40:06.005 15248 15505 I Finsky:background: [147] asxo.l(30): DS::IDC: updateWith: <81:SUCCEEDED>
05-18 03:40:06.005 15248 15505 I Finsky:background: [147] asxo.l(185): DS::IDC: All invisible downloads are finished.
05-18 03:40:06.005 15248 15505 I Finsky:background: [147] rso.c(6): DS::ISM: Stopping invisible download job
05-18 03:40:06.006 15248 15505 I Finsky:background: [147] asxo.l(30): DS::IDC: updateWith: <82:SUCCEEDED>
05-18 03:40:06.006 15248 15505 I Finsky:background: [147] asxo.l(185): DS::IDC: All invisible downloads are finished.
05-18 03:40:06.006 15248 15505 I Finsky:background: [147] rso.c(6): DS::ISM: Stopping invisible download job
05-18 03:40:06.006 15248 15505 I Finsky:background: [147] asxo.l(30): DS::IDC: updateWith: <83:SUCCEEDED>
05-18 03:40:06.006 15248 15505 I Finsky:background: [147] asxo.l(185): DS::IDC: All invisible downloads are finished.
05-18 03:40:06.006 15248 15505 I Finsky:background: [147] rso.c(6): DS::ISM: Stopping invisible download job
05-18 03:40:06.006 15248 15505 I Finsky:background: [147] asxo.l(30): DS::IDC: updateWith: <84:SUCCEEDED>
05-18 03:40:06.006 15248 15505 I Finsky:background: [147] asxo.l(185): DS::IDC: All invisible downloads are finished.
05-18 03:40:06.006 15248 15505 I Finsky:background: [147] rso.c(6): DS::ISM: Stopping invisible download job
05-18 03:40:06.006 15248 15505 I Finsky:background: [147] asxo.l(30): DS::IDC: updateWith: <85:SUCCEEDED>
05-18 03:40:06.006 15248 15505 I Finsky:background: [147] asxo.l(185): DS::IDC: All invisible downloads are finished.
05-18 03:40:06.006 15248 15505 I Finsky:background: [147] rso.c(6): DS::ISM: Stopping invisible download job
05-18 03:40:06.012 15150 15172 I ResponseProcessCookies: Cookie store not available in HTTP context
05-18 03:40:06.013 15248 15505 I Finsky:background: [147] asxo.l(30): DS::IDC: updateWith: <86:SUCCEEDED>
05-18 03:40:06.013 15248 15505 I Finsky:background: [147] asxo.l(185): DS::IDC: All invisible downloads are finished.
05-18 03:40:06.013 15248 15505 I Finsky:background: [147] rso.c(6): DS::ISM: Stopping invisible download job
05-18 03:40:06.013 15248 15505 I Finsky:background: [147] asxo.l(30): DS::IDC: updateWith: <87:SUCCEEDED>
05-18 03:40:06.013 15248 15505 I Finsky:background: [147] asxo.l(185): DS::IDC: All invisible downloads are finished.
05-18 03:40:06.013 15248 15505 I Finsky:background: [147] rso.c(6): DS::ISM: Stopping invisible download job
05-18 03:40:06.020 15248 15505 I Finsky:background: [147] asxo.l(30): DS::IDC: updateWith: <88:SUCCEEDED>
05-18 03:40:06.020 15248 15505 I Finsky:background: [147] asxo.l(185): DS::IDC: All invisible downloads are finished.
05-18 03:40:06.020 15248 15505 I Finsky:background: [147] rso.c(6): DS::ISM: Stopping invisible download job
05-18 03:40:06.020 15248 15505 I Finsky:background: [147] asxo.l(30): DS::IDC: updateWith: <89:SUCCEEDED>
05-18 03:40:06.020 15248 15505 I Finsky:background: [147] asxo.l(185): DS::IDC: All invisible downloads are finished.
05-18 03:40:06.020 15248 15505 I Finsky:background: [147] rso.c(6): DS::ISM: Stopping invisible download job
05-18 03:40:06.020 15248 15505 I Finsky:background: [147] asxo.l(30): DS::IDC: updateWith: <90:SUCCEEDED>
05-18 03:40:06.020 15248 15505 I Finsky:background: [147] asxo.l(185): DS::IDC: All invisible downloads are finished.
05-18 03:40:06.020 15248 15505 I Finsky:background: [147] rso.c(6): DS::ISM: Stopping invisible download job
05-18 03:40:06.023 15248 15505 I Finsky:background: [147] asxo.l(30): DS::IDC: updateWith: <91:SUCCEEDED>
05-18 03:40:06.024 15248 15505 I Finsky:background: [147] asxo.l(185): DS::IDC: All invisible downloads are finished.
05-18 03:40:06.024 15248 15505 I Finsky:background: [147] rso.c(6): DS::ISM: Stopping invisible download job
05-18 03:40:06.025 15248 15505 I Finsky:background: [147] asxo.l(30): DS::IDC: updateWith: <92:SUCCEEDED>
05-18 03:40:06.025 15248 15505 I Finsky:background: [147] asxo.l(185): DS::IDC: All invisible downloads are finished.
05-18 03:40:06.025 15248 15505 I Finsky:background: [147] rso.c(6): DS::ISM: Stopping invisible download job
05-18 03:40:06.032 15248 15505 I Finsky:background: [147] asxo.l(30): DS::IDC: updateWith: <93:SUCCEEDED>
05-18 03:40:06.032 15248 15505 I Finsky:background: [147] asxo.l(185): DS::IDC: All invisible downloads are finished.
05-18 03:40:06.032 15248 15505 I Finsky:background: [147] rso.c(6): DS::ISM: Stopping invisible download job
05-18 03:40:06.032 15248 15505 I Finsky:background: [147] asxo.l(30): DS::IDC: updateWith: <94:SUCCEEDED>
05-18 03:40:06.033 15248 15505 I Finsky:background: [147] asxo.l(185): DS::IDC: All invisible downloads are finished.
05-18 03:40:06.040 15248 15505 I Finsky:background: [147] rso.c(6): DS::ISM: Stopping invisible download job
05-18 03:40:06.040 15248 15505 I Finsky:background: [147] asxo.l(30): DS::IDC: updateWith: <95:SUCCEEDED>
05-18 03:40:06.040 15248 15505 I Finsky:background: [147] asxo.l(185): DS::IDC: All invisible downloads are finished.
05-18 03:40:06.040 15248 15505 I Finsky:background: [147] rso.c(6): DS::ISM: Stopping invisible download job
05-18 03:40:06.040 15248 15505 I Finsky:background: [147] asxo.l(30): DS::IDC: updateWith: <97:SUCCEEDED>
05-18 03:40:06.040 15248 15505 I Finsky:background: [147] asxo.l(185): DS::IDC: All invisible downloads are finished.
05-18 03:40:06.040 15248 15505 I Finsky:background: [147] rso.c(6): DS::ISM: Stopping invisible download job
05-18 03:40:06.040 15248 15505 I Finsky:background: [147] asxo.l(30): DS::IDC: updateWith: <98:SUCCEEDED>
05-18 03:40:06.040 15248 15505 I Finsky:background: [147] asxo.l(185): DS::IDC: All invisible downloads are finished.
05-18 03:40:06.040 15248 15505 I Finsky:background: [147] rso.c(6): DS::ISM: Stopping invisible download job
05-18 03:40:06.040 15248 15505 I Finsky:background: [147] asxo.l(30): DS::IDC: updateWith: <99:SUCCEEDED>
05-18 03:40:06.041 15248 15505 I Finsky:background: [147] asxo.l(185): DS::IDC: All invisible downloads are finished.
05-18 03:40:06.041 15248 15505 I Finsky:background: [147] rso.c(6): DS::ISM: Stopping invisible download job
05-18 03:40:06.041 15248 15505 I Finsky:background: [147] asxo.l(30): DS::IDC: updateWith: <100:SUCCEEDED>
05-18 03:40:06.041 15248 15505 I Finsky:background: [147] asxo.l(185): DS::IDC: All invisible downloads are finished.
05-18 03:40:06.041 15248 15505 I Finsky:background: [147] rso.c(6): DS::ISM: Stopping invisible download job
05-18 03:40:06.046 15248 15505 I Finsky:background: [147] asxo.l(30): DS::IDC: updateWith: <101:SUCCEEDED>
05-18 03:40:06.047 15248 15505 I Finsky:background: [147] asxo.l(185): DS::IDC: All invisible downloads are finished.
05-18 03:40:06.047 15248 15505 I Finsky:background: [147] rso.c(6): DS::ISM: Stopping invisible download job
05-18 03:40:06.047 15248 15505 I Finsky:background: [147] asxo.l(30): DS::IDC: updateWith: <102:SUCCEEDED>
05-18 03:40:06.047 15248 15505 I Finsky:background: [147] asxo.l(185): DS::IDC: All invisible downloads are finished.
05-18 03:40:06.047 15248 15505 I Finsky:background: [147] rso.c(6): DS::ISM: Stopping invisible download job
05-18 03:40:06.047 15248 15505 I Finsky:background: [147] asxo.l(30): DS::IDC: updateWith: <103:SUCCEEDED>
05-18 03:40:06.047 15248 15505 I Finsky:background: [147] asxo.l(185): DS::IDC: All invisible downloads are finished.
05-18 03:40:06.047 15248 15505 I Finsky:background: [147] rso.c(6): DS::ISM: Stopping invisible download job
05-18 03:40:06.047 15248 15505 I Finsky:background: [147] asxo.l(30): DS::IDC: updateWith: <104:SUCCEEDED>
05-18 03:40:06.048 15248 15505 I Finsky:background: [147] asxo.l(185): DS::IDC: All invisible downloads are finished.
05-18 03:40:06.048 15248 15505 I Finsky:background: [147] rso.c(6): DS::ISM: Stopping invisible download job
05-18 03:40:06.048 15248 15505 I Finsky:background: [147] asxo.l(30): DS::IDC: updateWith: <105:SUCCEEDED>
05-18 03:40:06.048 15248 15505 I Finsky:background: [147] asxo.l(185): DS::IDC: All invisible downloads are finished.
05-18 03:40:06.048 15248 15505 I Finsky:background: [147] rso.c(6): DS::ISM: Stopping invisible download job
05-18 03:40:06.048 15248 15505 I Finsky:background: [147] asxo.l(30): DS::IDC: updateWith: <107:SUCCEEDED>
05-18 03:40:06.048 15248 15505 I Finsky:background: [147] asxo.l(185): DS::IDC: All invisible downloads are finished.
05-18 03:40:06.048 15248 15505 I Finsky:background: [147] rso.c(6): DS::ISM: Stopping invisible download job
05-18 03:40:06.048 15248 15505 I Finsky:background: [147] asxo.l(30): DS::IDC: updateWith: <108:SUCCEEDED>
05-18 03:40:06.048 15248 15505 I Finsky:background: [147] asxo.l(185): DS::IDC: All invisible downloads are finished.
05-18 03:40:06.048 15248 15505 I Finsky:background: [147] rso.c(6): DS::ISM: Stopping invisible download job
05-18 03:40:06.048 15248 15505 I Finsky:background: [147] asxo.l(30): DS::IDC: updateWith: <109:SUCCEEDED>
05-18 03:40:06.048 15248 15505 I Finsky:background: [147] asxo.l(185): DS::IDC: All invisible downloads are finished.
05-18 03:40:06.049 15248 15505 I Finsky:background: [147] rso.c(6): DS::ISM: Stopping invisible download job
05-18 03:40:06.049 15248 15505 I Finsky:background: [147] asxo.l(30): DS::IDC: updateWith: <110:SUCCEEDED>
05-18 03:40:06.049 15248 15505 I Finsky:background: [147] asxo.l(185): DS::IDC: All invisible downloads are finished.
05-18 03:40:06.049 15248 15505 I Finsky:background: [147] rso.c(6): DS::ISM: Stopping invisible download job
05-18 03:40:06.049 15248 15505 I Finsky:background: [147] asxo.l(30): DS::IDC: updateWith: <111:SUCCEEDED>
05-18 03:40:06.049 15248 15505 I Finsky:background: [147] asxo.l(185): DS::IDC: All invisible downloads are finished.
05-18 03:40:06.049 15248 15505 I Finsky:background: [147] rso.c(6): DS::ISM: Stopping invisible download job
05-18 03:40:06.054 15248 15505 I Finsky:background: [147] asxo.l(30): DS::IDC: updateWith: <112:SUCCEEDED>
05-18 03:40:06.054 15248 15505 I Finsky:background: [147] asxo.l(185): DS::IDC: All invisible downloads are finished.
05-18 03:40:06.054 15248 15505 I Finsky:background: [147] rso.c(6): DS::ISM: Stopping invisible download job
05-18 03:40:06.054 15248 15505 I Finsky:background: [147] asxo.l(30): DS::IDC: updateWith: <113:SUCCEEDED>
05-18 03:40:06.054 15248 15505 I Finsky:background: [147] asxo.l(185): DS::IDC: All invisible downloads are finished.
05-18 03:40:06.054 15248 15505 I Finsky:background: [147] rso.c(6): DS::ISM: Stopping invisible download job
05-18 03:40:06.054 15248 15505 I Finsky:background: [147] asxo.l(30): DS::IDC: updateWith: <114:SUCCEEDED>
05-18 03:40:06.054 15248 15505 I Finsky:background: [147] asxo.l(185): DS::IDC: All invisible downloads are finished.
05-18 03:40:06.055 15248 15505 I Finsky:background: [147] rso.c(6): DS::ISM: Stopping invisible download job
05-18 03:40:06.055 15248 15505 I Finsky:background: [147] asxo.l(30): DS::IDC: updateWith: <115:SUCCEEDED>
05-18 03:40:06.055 15248 15505 I Finsky:background: [147] asxo.l(185): DS::IDC: All invisible downloads are finished.
05-18 03:40:06.055 15248 15505 I Finsky:background: [147] rso.c(6): DS::ISM: Stopping invisible download job
05-18 03:40:06.055 15248 15505 I Finsky:background: [147] asxo.l(30): DS::IDC: updateWith: <116:SUCCEEDED>
05-18 03:40:06.055 15248 15505 I Finsky:background: [147] asxo.l(185): DS::IDC: All invisible downloads are finished.
05-18 03:40:06.055 15248 15505 I Finsky:background: [147] rso.c(6): DS::ISM: Stopping invisible download job
05-18 03:40:06.055 15248 15505 I Finsky:background: [147] asxo.l(30): DS::IDC: updateWith: <117:SUCCEEDED>
05-18 03:40:06.055 15248 15505 I Finsky:background: [147] asxo.l(185): DS::IDC: All invisible downloads are finished.
05-18 03:40:06.055 15248 15505 I Finsky:background: [147] rso.c(6): DS::ISM: Stopping invisible download job
05-18 03:40:06.055 15248 15505 I Finsky:background: [147] asxo.l(30): DS::IDC: updateWith: <118:SUCCEEDED>
05-18 03:40:06.055 15248 15505 I Finsky:background: [147] asxo.l(185): DS::IDC: All invisible downloads are finished.
05-18 03:40:06.055 15248 15505 I Finsky:background: [147] rso.c(6): DS::ISM: Stopping invisible download job
05-18 03:40:06.056 15248 15505 I Finsky:background: [147] asxo.l(30): DS::IDC: updateWith: <119:SUCCEEDED>
05-18 03:40:06.056 15248 15505 I Finsky:background: [147] asxo.l(185): DS::IDC: All invisible downloads are finished.
05-18 03:40:06.056 15248 15505 I Finsky:background: [147] rso.c(6): DS::ISM: Stopping invisible download job
05-18 03:40:06.070 15248 15505 I Finsky:background: [147] asxo.l(30): DS::IDC: updateWith: <120:SUCCEEDED>
05-18 03:40:06.070 15248 15505 I Finsky:background: [147] asxo.l(185): DS::IDC: All invisible downloads are finished.
05-18 03:40:06.070 15248 15505 I Finsky:background: [147] rso.c(6): DS::ISM: Stopping invisible download job
05-18 03:40:06.070 15248 15505 I Finsky:background: [147] asxo.l(30): DS::IDC: updateWith: <121:SUCCEEDED>
05-18 03:40:06.070 15248 15505 I Finsky:background: [147] asxo.l(185): DS::IDC: All invisible downloads are finished.
05-18 03:40:06.070 15248 15505 I Finsky:background: [147] rso.c(6): DS::ISM: Stopping invisible download job
05-18 03:40:06.070 15248 15505 I Finsky:background: [147] asxo.l(30): DS::IDC: updateWith: <122:SUCCEEDED>
05-18 03:40:06.070 15248 15505 I Finsky:background: [147] asxo.l(185): DS::IDC: All invisible downloads are finished.
05-18 03:40:06.070 15248 15505 I Finsky:background: [147] rso.c(6): DS::ISM: Stopping invisible download job
05-18 03:40:06.071 15248 15505 I Finsky:background: [147] asxo.l(30): DS::IDC: updateWith: <123:SUCCEEDED>
05-18 03:40:06.071 15248 15505 I Finsky:background: [147] asxo.l(185): DS::IDC: All invisible downloads are finished.
05-18 03:40:06.071 15248 15505 I Finsky:background: [147] rso.c(6): DS::ISM: Stopping invisible download job
05-18 03:40:06.071 15248 15505 I Finsky:background: [147] asxo.l(30): DS::IDC: updateWith: <124:SUCCEEDED>
05-18 03:40:06.071 15248 15505 I Finsky:background: [147] asxo.l(185): DS::IDC: All invisible downloads are finished.
05-18 03:40:06.071 15248 15505 I Finsky:background: [147] rso.c(6): DS::ISM: Stopping invisible download job
05-18 03:40:06.071 15248 15505 I Finsky:background: [147] asxo.l(30): DS::IDC: updateWith: <125:SUCCEEDED>
05-18 03:40:06.071 15248 15505 I Finsky:background: [147] asxo.l(185): DS::IDC: All invisible downloads are finished.
05-18 03:40:06.071 15248 15505 I Finsky:background: [147] rso.c(6): DS::ISM: Stopping invisible download job
05-18 03:40:06.071 15248 15505 I Finsky:background: [147] asxo.l(30): DS::IDC: updateWith: <126:SUCCEEDED>
05-18 03:40:06.071 15248 15505 I Finsky:background: [147] asxo.l(185): DS::IDC: All invisible downloads are finished.
05-18 03:40:06.071 15248 15505 I Finsky:background: [147] rso.c(6): DS::ISM: Stopping invisible download job
05-18 03:40:06.071 15248 15505 I Finsky:background: [147] asxo.l(30): DS::IDC: updateWith: <127:SUCCEEDED>
05-18 03:40:06.071 15248 15505 I Finsky:background: [147] asxo.l(185): DS::IDC: All invisible downloads are finished.
05-18 03:40:06.071 15248 15505 I Finsky:background: [147] rso.c(6): DS::ISM: Stopping invisible download job
05-18 03:40:06.071 15248 15505 I Finsky:background: [147] asxo.l(30): DS::IDC: updateWith: <128:SUCCEEDED>
05-18 03:40:06.071 15248 15505 I Finsky:background: [147] asxo.l(185): DS::IDC: All invisible downloads are finished.
05-18 03:40:06.071 15248 15505 I Finsky:background: [147] rso.c(6): DS::ISM: Stopping invisible download job
05-18 03:40:06.072 15248 15505 I Finsky:background: [147] asxo.l(30): DS::IDC: updateWith: <129:SUCCEEDED>
05-18 03:40:06.072 15248 15505 I Finsky:background: [147] asxo.l(185): DS::IDC: All invisible downloads are finished.
05-18 03:40:06.072 15248 15505 I Finsky:background: [147] rso.c(6): DS::ISM: Stopping invisible download job
05-18 03:40:06.136   630   676 W BroadcastQueue: Background execution not allowed: receiving Intent { act=android.intent.action.DROPBOX_ENTRY_ADDED flg=0x10 (has extras) } to com.google.android.gms/.stats.service.DropBoxEntryAddedReceiver
05-18 03:40:06.140 15150 15172 I Finsky  : [105] adef.w(11): Received Heterodyne sync response. StatusCode=200
05-18 03:40:06.253 15150 15173 I Finsky  : [106] adju.i(61): Writing flags config, size 1.
05-18 03:40:06.254 15150 15173 I Finsky  : [106] adju.i(74): Started writing experiment flags into file [8uKij9Tp4PZyjSvh8NyLyFvuCv94NONrKvkkdzEKIoQ].
05-18 03:40:06.255 15150 15173 I Finsky  : [106] adju.i(398): Finished writing experiment flags into file [8uKij9Tp4PZyjSvh8NyLyFvuCv94NONrKvkkdzEKIoQ], numFlags=2198.
05-18 03:40:06.258 15150 15173 I Finsky  : [106] adjz.g(61): Successfully applied new configurations for package com.google.android.finsky.stable.
05-18 03:40:06.259 15150 15173 I Finsky  : [106] adjz.g(127): [EExp] Exporting experiments for package com.google.android.finsky.stable.
05-18 03:40:06.259 15150 15173 I Finsky  : [106] ajof.G(25): [EExp] Exporting experiments for namespace com.google.android.finsky.stable.
05-18 03:40:06.291 15150 15173 I Finsky  : [106] adjz.g(173): [EExp] Successfully exported experiments for package com.google.android.finsky.stable.
05-18 03:40:06.291 15150 15173 I Finsky  : [106] adjz.h(12): Triggered update for experiment package com.google.android.finsky.regular.
05-18 03:40:06.314 15150 15172 I RegisterSyncOperation: Register sync called by com.android.vending, syncing since something changed
05-18 03:40:06.323 15150 15172 I HeterodyneSyncer: Removed 0 invalid users
05-18 03:40:06.334 15150 15172 I Finsky  : [105] axwg.g(9): Sending Heterodyne sync request for package com.google.android.finsky.regular
05-18 03:40:06.335 15150 15172 I RequestAddCookies: Cookie store not available in HTTP context
05-18 03:40:06.435 15150 15172 I ResponseProcessCookies: Cookie store not available in HTTP context
05-18 03:40:06.435 15150 15172 I Finsky  : [105] adef.w(11): Received Heterodyne sync response. StatusCode=200
05-18 03:40:06.475 15150 15173 I Finsky  : [106] adkh.c(16): Regular flags synced
05-18 03:40:06.475 15150 15173 I Finsky  : [106] adju.i(61): Writing flags config, size 1.
05-18 03:40:06.475 15150 15173 I Finsky  : [106] adju.i(74): Started writing experiment flags into file [uxDY-s4N_DZtUtxDZMDXRd6Yl9AQvsvIMlkcndfwbT8].
05-18 03:40:06.476 15150 15173 I Finsky  : [106] adju.i(398): Finished writing experiment flags into file [uxDY-s4N_DZtUtxDZMDXRd6Yl9AQvsvIMlkcndfwbT8], numFlags=2335.
05-18 03:40:06.479 15150 15173 I Finsky  : [106] adjz.g(61): Successfully applied new configurations for package com.google.android.finsky.regular.
05-18 03:40:06.479 15150 15173 I Finsky  : [106] adjz.g(127): [EExp] Exporting experiments for package com.google.android.finsky.regular.
05-18 03:40:06.479 15150 15173 I Finsky  : [106] ajof.G(25): [EExp] Exporting experiments for namespace com.google.android.finsky.regular.
05-18 03:40:06.481 15150 15173 I Finsky  : [106] adjz.g(173): [EExp] Successfully exported experiments for package com.google.android.finsky.regular.
05-18 03:40:06.482 15150 15173 I Finsky  : [106] adjz.h(12): Triggered update for experiment package com.google.android.finsky.regular.
05-18 03:40:06.499 15150 15173 I Finsky  : [106] adjz.h(65): Already at the latest configurations for experiment package com.google.android.finsky.regular.
05-18 03:40:07.023   176   176 I servicemanager: Since 'apexservice' could not be found, trying to start it as a lazy AIDL service
05-18 03:40:07.064 15489 15489 I dex2oat64: dex2oat took 1.990s (4.794s cpu) (threads: 4) arena alloc=0B (0B) java alloc=17MB (17957392B) native alloc=3028KB (3101488B) free=1462KB (1497664B)
05-18 03:40:07.102   385 20163 E installd: Couldn't opendir /data/app/vmdl1158642120.tmp: No such file or directory
05-18 03:40:07.102   385 20163 E installd: Failed to delete /data/app/vmdl1158642120.tmp: No such file or directory
05-18 03:40:07.111  1404  1404 I MediaProvider: Invalidating LocalCallingIdentity cache for package com.southwestairlines.mobile. Reason: package android.intent.action.PACKAGE_ADDED
05-18 03:40:07.100   630   630 W Binder:630_12: type=1400 audit(0.0:430): avc: denied { getopt } for scontext=u:r:system_server:s0 tcontext=u:r:shell:s0 tclass=unix_stream_socket permissive=0
05-18 03:40:07.121   630   746 I RoleService: Granting default roles...
05-18 03:40:07.123  1548 15406 I AppLinksIntentOperation: Verifying requested domains [CONTEXT service_id=244 ]
05-18 03:40:07.104   630   630 W Binder:630_12: type=1400 audit(0.0:431): avc: denied { getopt } for scontext=u:r:system_server:s0 tcontext=u:r:shell:s0 tclass=unix_stream_socket permissive=0
05-18 03:40:07.137   630   630 I Telecom : DefaultDialerCache: Refreshing default dialer for user 0: now com.android.dialer: DDC.oR@AWs
05-18 03:40:07.139 15150 15150 I Finsky  : [2] acwd.g(1): acwd - Received: android.intent.action.PACKAGE_ADDED, [rROrdbWOzqMzUCPs3JAbdWigk7fgk7Pm4cPR4BiRuPQ]
05-18 03:40:07.139 15248 15248 I Finsky:background: [2] acvs.g(6): acvs - Received: android.intent.action.PACKAGE_ADDED, [rROrdbWOzqMzUCPs3JAbdWigk7fgk7Pm4cPR4BiRuPQ]
05-18 03:40:07.139 16623 16623 I fftj    : (REDACTED) O received %s
05-18 03:40:07.155  1548 15406 I AppLinksRequestHandler: (REDACTED) Processing %d input requests
05-18 03:40:07.157   630   756 I InputReader: Reconfiguring input devices, changes=KEYBOARD_LAYOUTS | 
05-18 03:40:07.166  1796  5899 I PermissionControllerServiceImpl: Updating user sensitive for uid 10194
05-18 03:40:07.176   630   922 W BroadcastQueue: Background execution not allowed: receiving Intent { act=android.intent.action.PACKAGE_ADDED dat=package:com.southwestairlines.mobile flg=0x4000010 (has extras) } to com.google.android.packageinstaller/com.android.packageinstaller.PackageInstalledReceiver
05-18 03:40:07.179   630   676 W BroadcastQueue: Background execution not allowed: receiving Intent { act=android.intent.action.PACKAGE_ADDED dat=package:com.southwestairlines.mobile flg=0x4000010 (has extras) } to com.android.vending/com.google.android.finsky.packagemonitor.impl.PackageMonitorReceiverImpl$RegisteredReceiver
05-18 03:40:07.179  1548 15406 I AppLinksUtilsV1: Legacy cross-profile verification enabled [CONTEXT service_id=244 ]
05-18 03:40:07.179   630   676 W BroadcastQueue: Background execution not allowed: receiving Intent { act=android.intent.action.PACKAGE_ADDED dat=package:com.southwestairlines.mobile flg=0x4000010 (has extras) } to com.android.vending/com.google.android.finsky.packagemonitor.backgroundimpl.BackgroundPackageMonitorReceiverImpl$RegisteredReceiver
05-18 03:40:07.179   630   676 W BroadcastQueue: Background execution not allowed: receiving Intent { act=android.intent.action.PACKAGE_ADDED dat=package:com.southwestairlines.mobile flg=0x4000010 (has extras) } to com.google.android.gms/.chimera.GmsIntentOperationService$PersistentTrustedReceiver
05-18 03:40:07.180   630   676 W BroadcastQueue: Background execution not allowed: receiving Intent { act=android.intent.action.PACKAGE_ADDED dat=package:com.southwestairlines.mobile flg=0x4000010 (has extras) } to com.google.android.gms/.games.chimera.GamesSystemBroadcastReceiverProxy
05-18 03:40:07.180   630   676 W BroadcastQueue: Background execution not allowed: receiving Intent { act=android.intent.action.PACKAGE_ADDED dat=package:com.southwestairlines.mobile flg=0x4000010 (has extras) } to com.google.android.gms/.gass.chimera.PackageChangeBroadcastReceiver
05-18 03:40:07.200  1548  1548 I IntentFilterVerRcvr: S+ domain verification enabled [CONTEXT service_id=244 ]
05-18 03:40:07.104   630   630 W Binder:630_12: type=1400 audit(0.0:432): avc: denied { getopt } for scontext=u:r:system_server:s0 tcontext=u:r:shell:s0 tclass=unix_stream_socket permissive=0
05-18 03:40:07.261 16551 15355 I dqbi    : (REDACTED) Writing data of size=%d bytes with N=%d keys to Geller corpus %s at ts=%d
05-18 03:40:07.261 15150 15150 I Finsky  : [2] wzu.jr(11): DTU: Received onPackageAdded, replacing: false
05-18 03:40:07.261 15150 15150 I Finsky  : [2] nct.f(7): AIM: AppInfoCacheUpdater -> invalidating apps: [com.southwestairlines.mobile]
05-18 03:40:07.261 15150 15150 I Finsky  : [2] ndh.c(19): AIM: AppInfoManager-Perf > getApps > called for 1 apps
05-18 03:40:07.263 15150 15348 I Finsky  : [165] pnk.kh(215): [ContentSync] finished, scheduled=false
05-18 03:40:07.264 15150 15193 I Finsky  : [126] neq.a(47): AIM: AppInfoManager-Perf > OnDeviceAppInfo > cacheHitCount=0, cacheMissCount=1. Missed  in cache (limit 10) : [com.southwestairlines.mobile]
05-18 03:40:07.264 16551 16610 I akrd    : refreshDeviceAppInfoForAccount done.
05-18 03:40:07.273  1226 15397 W GCM     : Unexpected forwarded intent: Intent { act=android.intent.action.PACKAGE_ADDED dat=package:com.southwestairlines.mobile flg=0x4000010 pkg=com.google.android.gms cmp=com.google.android.gms/.chimera.PersistentIntentOperationService (has extras) }
05-18 03:40:07.274 15150 15187 I Finsky  : [120] mhi.apply(1134): AIM: Got app ownership map. App counts: . Unique apps: 0
05-18 03:40:07.274 15150 15197 I Finsky  : [130] neq.a(47): AIM: AppInfoManager-Perf > OnDeviceAppInfo > cacheHitCount=0, cacheMissCount=1. Missed  in cache (limit 10) : [com.southwestairlines.mobile]
05-18 03:40:07.274 15150 15197 I Finsky  : [130] mhi.apply(1134): AIM: Got app ownership map. App counts: . Unique apps: 0
05-18 03:40:07.274 15150 15197 E Finsky  : [130] agpe.x(47): [Counters] attempted to use a non-positive increment for: 4752
05-18 03:40:07.275   630   675 W PackageManager: Failed registering loading progress callback. Package is fully loaded.
05-18 03:40:07.276  1226 15389 W NetworkScheduler: Unexpected forwarded intent: Intent { act=android.intent.action.PACKAGE_ADDED dat=package:com.southwestairlines.mobile flg=0x4000010 pkg=com.google.android.gms cmp=com.google.android.gms/.chimera.PersistentIntentOperationService (has extras) }
05-18 03:40:07.276  1548  2253 E heep    : *~*~*~ Previous channel {0} was garbage collected without being shut down! ~*~*~*
05-18 03:40:07.276  1548  2253 E heep    :     Make sure to call shutdown()/shutdownNow()
05-18 03:40:07.276  1548  2253 E heep    : java.lang.RuntimeException: ManagedChannel allocation site
05-18 03:40:07.276  1548  2253 E heep    : 	at heeo.<init>(:com.google.android.gms@251333032@25.13.33 (190800-745790146):21)
05-18 03:40:07.276  1548  2253 E heep    : 	at heep.<init>(:com.google.android.gms@251333032@25.13.33 (190800-745790146):10)
05-18 03:40:07.276  1548  2253 E heep    : 	at heen.a(:com.google.android.gms@251333032@25.13.33 (190800-745790146):244)
05-18 03:40:07.276  1548  2253 E heep    : 	at hdpo.a(:com.google.android.gms@251333032@25.13.33 (190800-745790146):5)
05-18 03:40:07.276  1548  2253 E heep    : 	at aunb.a(:com.google.android.gms@251333032@25.13.33 (190800-745790146):66)
05-18 03:40:07.276  1548  2253 E heep    : 	at aums.u(:com.google.android.gms@251333032@25.13.33 (190800-745790146):119)
05-18 03:40:07.276  1548  2253 E heep    : 	at aums.e(:com.google.android.gms@251333032@25.13.33 (190800-745790146):5)
05-18 03:40:07.276  1548  2253 E heep    : 	at eaks.a(:com.google.android.gms@251333032@25.13.33 (190800-745790146):45)
05-18 03:40:07.276  1548  2253 E heep    : 	at eajx.c(:com.google.android.gms@251333032@25.13.33 (190800-745790146):16)
05-18 03:40:07.276  1548  2253 E heep    : 	at eajx.a(:com.google.android.gms@251333032@25.13.33 (190800-745790146):3)
05-18 03:40:07.276  1548  2253 E heep    : 	at apop.run(:com.google.android.gms@251333032@25.13.33 (190800-745790146):5)
05-18 03:40:07.276  1548  2253 E heep    : 	at ausj.c(:com.google.android.gms@251333032@25.13.33 (190800-745790146):50)
05-18 03:40:07.276  1548  2253 E heep    : 	at ausj.run(:com.google.android.gms@251333032@25.13.33 (190800-745790146):70)
05-18 03:40:07.276  1548  2253 E heep    : 	at java.util.concurrent.ThreadPoolExecutor.runWorker(ThreadPoolExecutor.java:1167)
05-18 03:40:07.276  1548  2253 E heep    : 	at java.util.concurrent.ThreadPoolExecutor$Worker.run(ThreadPoolExecutor.java:641)
05-18 03:40:07.276  1548  2253 E heep    : 	at auxx.run(:com.google.android.gms@251333032@25.13.33 (190800-745790146):8)
05-18 03:40:07.276  1548  2253 E heep    : 	at java.lang.Thread.run(Thread.java:920)
05-18 03:40:07.282 15150 15181 E Finsky  : [114] agpe.x(47): [Counters] attempted to use a non-positive increment for: 4753
05-18 03:40:07.285 16551 16615 W akrd    : missing version info.
05-18 03:40:07.285 15248 15344 I Finsky:background: [144] rtb.accept(118): Wrote row to frosting DB: 479
05-18 03:40:07.294 15248 15344 I Finsky:background: [144] rtb.accept(118): Wrote row to frosting DB: 480
05-18 03:40:07.296 15150 15187 E Finsky  : [120] agpe.x(47): [Counters] attempted to use a non-positive increment for: 4752
05-18 03:40:07.296 15150 15193 E Finsky  : [126] agpe.x(47): [Counters] attempted to use a non-positive increment for: 4753
05-18 03:40:07.310  1796  1806 I ssioncontrolle: Background young concurrent copying GC freed 13164(919KB) AllocSpace objects, 0(0B) LOS objects, 48% free, 3288KB/6431KB, paused 675us,46us total 143.519ms
05-18 03:40:07.320  1796 15343 W Role    : Cannot get ApplicationInfo for default holder: com.google.android.contacts
05-18 03:40:07.328  1796 15343 W Role    : Cannot get ApplicationInfo for default holder: com.google.android.as
05-18 03:40:07.343 15150 15150 I Finsky  : [2] ajtr.f(9): Clearing split related stale data.
05-18 03:40:07.352  1548 15407 I Auth    : (REDACTED) [SupervisedAccountIntentOperationV2] onHandleIntent: %s
05-18 03:40:07.359  1548 15404 I Dck     : (REDACTED) disableDckSupport: %s
05-18 03:40:07.359  1548 15404 W Dck     : [WirelessCapabilitiesFeatures] wccSysProp: 0 [CONTEXT service_id=289 ]
05-18 03:40:07.359  1548 15404 I Dck     : [WirelessCapabilitiesFeatures] wccMendel: 3 [CONTEXT service_id=289 ]
05-18 03:40:07.359  1548 15404 I Dck     : [WirelessCapabilitiesFeatures] deviceWccOverride: false [CONTEXT service_id=289 ]
05-18 03:40:07.359  1548 15404 I Dck     : [WirelessCapabilitiesFeatures] replaceSupportedWccWithWccOverride: true [CONTEXT service_id=289 ]
05-18 03:40:07.359  1548 15404 I Dck     : [WirelessCapabilitiesFeatures] wccOverride: not set [CONTEXT service_id=289 ]
05-18 03:40:07.360  1548 15404 I Dck     : (REDACTED) [WirelessCapabilitiesFeatures] wcc: %s
05-18 03:40:07.360  1548 15404 I Dck     : Dck module condition - hasWccSupport: false [CONTEXT service_id=289 ]
05-18 03:40:07.360  1548 15404 I Dck     : Dck module condition - downloadAllowed: false [CONTEXT service_id=289 ]
05-18 03:40:07.360  1548 15404 W Dck     : Dck module not eligible for asynchronous downloading [CONTEXT service_id=289 ]
05-18 03:40:07.383 15150 15197 I Finsky  : [130] nel.a(218): AIM: AppInfoManager-Perf > ItemModel > CacheSize=27, cacheHitCount=0, cacheMissCount=0, total appsWithNoServerDataCount=1. Missed  in cache (limit 10) : []
05-18 03:40:07.385  1548 15364 I Blockstore: (REDACTED) [DataStoreImpl] Clearing Blockstore Data for package %s
05-18 03:40:07.385  1548 15364 I Blockstore: [DataStoreImpl] Keyless data not found or its IsLastInstallationData = false. [CONTEXT service_id=258 ]
05-18 03:40:07.398 15150 15197 I Finsky  : [130] nel.a(218): AIM: AppInfoManager-Perf > ItemModel > CacheSize=27, cacheHitCount=0, cacheMissCount=0, total appsWithNoServerDataCount=1. Missed  in cache (limit 10) : []
05-18 03:40:07.410   630   699 E VerityUtils: Failed to measure fs-verity, errno 1: /data/app/~~gomMeP15_ErmK8jam1WbLg==/com.southwestairlines.mobile-NH_xCcoInR_okslqk063Tg==/base.apk
05-18 03:40:07.415  1796 15343 W Role    : Cannot get ApplicationInfo for default holder: com.google.android.as
05-18 03:40:07.417  1796 15343 W Role    : Cannot get ApplicationInfo for default holder: com.google.android.as
05-18 03:40:07.431 15150 15150 I Finsky  : [2] aspk.c(44): Do not start WearSupportService due to Wear service optimization
05-18 03:40:07.458  1548 12694 I Icing   : Indexing com.google.android.gms-apps from com.google.android.gms
05-18 03:40:07.464 15150 15193 I Finsky  : [126] lzm.accept(133): AIM: AppInfoManager-Perf > getApps > data collection finished
05-18 03:40:07.464 15150 15193 I Finsky  : [126] ndj.run(909): AIM: AppInfoManager-Perf > maybeDestroyAppInfoManager is called. actives = 0
05-18 03:40:07.469  1548 12694 I Icing   : Indexing done com.google.android.gms-apps
05-18 03:40:07.485  1548  2558 W chromium: [0518/034007.474955:WARNING:net/spdy/spdy_session.cc:2712] Received RST for invalid stream9
05-18 03:40:07.488  1548  2558 I cn_CronetUrlRequestContext: destroyNativeStreamLocked org.chromium.net.impl.CronetBidirectionalStream@708d0df
05-18 03:40:07.495   176   176 I BpBinder: onLastStrongRef automatically unlinking death recipients: <uncached descriptor>
05-18 03:40:07.498   176   176 I servicemanager: Tried to unregister apexservice, but there is about to be a client.
05-18 03:40:07.549   630   643 I system_server: Background concurrent copying GC freed 190737(10018KB) AllocSpace objects, 58(2516KB) LOS objects, 48% free, 25MB/49MB, paused 845us,71us total 446.929ms
05-18 03:40:07.619  1796 15343 W Role    : Cannot get ApplicationInfo for default holder: com.google.android.as
