07-29 21:21:47.808 14535 14535 W libc    : Access denied finding property "vendor.boostfwk.frameprefetcher"
07-29 21:21:47.809  1844  1844 I vendor.qti.hardware.servicetrackeraidl-service: bindService is called for service : com.google.android.gms/.games.chimera.GamesSyncServiceNotificationProxy and for client system
07-29 21:21:47.809  1844  1844 I vendor.qti.hardware.servicetrackeraidl-service: total connections for service : com.google.android.gms/.games.chimera.GamesSyncServiceNotificationProxyare :1
07-29 21:21:47.809  1844  1844 I vendor.qti.hardware.servicetrackeraidl-service: total connections for client : systemare :33
07-29 21:21:47.809  2463  5535 W ActivityManager: Permission Denial: getCurrentUser() from pid=14535, uid=10380 requires android.permission.INTERACT_ACROSS_USERS
07-29 21:21:47.809  2463  4412 I SmartPower: com.google.android.gms/10130(31105): idle->background(1975ms) R(add to whitelist) adj=0.
07-29 21:21:47.812  2463  2530 I SmartPower: com.xiaomi.aicr/10127(12923): idle->background(1251434ms) R(broadcast start Intent { act=android.accounts.LOGIN_ACCOUNTS_CHANGED flg=0x5000010 }) adj=945.
07-29 21:21:47.812 13666 17476 E surfboard: (0x000011AD) on_tcp_write remote error -32 broken pipe
07-29 21:21:47.814  2463  2531 I ActivityManager: Start proc 28067:com.milink.service:iot/u0a178 for broadcast {com.milink.service/com.xiaomi.iot.spec.account.AccountChangedReceiver} caller=android
07-29 21:21:47.814  1870  1870 E qspmHal : setAppInfoH atPid = 28067, gpuFname:com.milink.service, gpuFver:1600300031
07-29 21:21:47.815 12923 12923 E AccountChangeReceiver: onReceive hmind refresh token
07-29 21:21:47.815 14535 28064 E FramePredict: registerContentObserver fail
07-29 21:21:47.815 31076 31076 I WakefulBroadcastRcvr: Processing wakeful broadcast: android.accounts.LOGIN_ACCOUNTS_CHANGED
07-29 21:21:47.816 28067 28067 E Zygote  : process_name_ptr:28067 com.milink.service:iot
07-29 21:21:47.816 28067 28067 E Zygote  : SetMemoryProtected process_name_ptr:28067 com.milink.service:iot
07-29 21:21:47.817  1844  1844 I vendor.qti.hardware.servicetrackeraidl-service: bindService is called for service : com.android.vending/com.google.android.finsky.billing.iab.InAppBillingService and for client com.cyberlink.youcammakeup
07-29 21:21:47.818  1844  1844 I vendor.qti.hardware.servicetrackeraidl-service: total connections for service : com.android.vending/com.google.android.finsky.billing.iab.InAppBillingServiceare :2
07-29 21:21:47.818  1844  1844 I vendor.qti.hardware.servicetrackeraidl-service: total connections for client : com.cyberlink.youcammakeupare :4
07-29 21:21:47.818  1844  1844 I vendor.qti.hardware.servicetrackeraidl-service: bindService is called for service : com.google.android.gms/.chimera.PersistentDirectBootAwareApiService and for client com.cyberlink.youcammakeup
07-29 21:21:47.818  1844  1844 I vendor.qti.hardware.servicetrackeraidl-service: total connections for service : com.google.android.gms/.chimera.PersistentDirectBootAwareApiServiceare :4
07-29 21:21:47.818  1844  1844 I vendor.qti.hardware.servicetrackeraidl-service: total connections for client : com.cyberlink.youcammakeupare :5
07-29 21:21:47.818  1844  1844 I vendor.qti.hardware.servicetrackeraidl-service: bindService is called for service : com.google.android.gms/.people.sync.PeopleSyncService and for client system
07-29 21:21:47.818  1844  1844 I vendor.qti.hardware.servicetrackeraidl-service: total connections for service : com.google.android.gms/.people.sync.PeopleSyncServiceare :1
07-29 21:21:47.818  1844  1844 I vendor.qti.hardware.servicetrackeraidl-service: total connections for client : systemare :34
07-29 21:21:47.818  1844  1844 I vendor.qti.hardware.servicetrackeraidl-service: bindService is called for service : com.google.android.gms/.games.chimera.GamesSyncServiceMainProxy and for client system
07-29 21:21:47.818  1844  1844 I vendor.qti.hardware.servicetrackeraidl-service: total connections for service : com.google.android.gms/.games.chimera.GamesSyncServiceMainProxyare :1
07-29 21:21:47.818  1844  1844 I vendor.qti.hardware.servicetrackeraidl-service: total connections for client : systemare :35
07-29 21:21:47.818  1844  1844 I vendor.qti.hardware.servicetrackeraidl-service: bindService is called for service : com.google.android.gms/.fitness.sync.FitnessSyncAdapterService and for client system
07-29 21:21:47.818  1844  1844 I vendor.qti.hardware.servicetrackeraidl-service: total connections for service : com.google.android.gms/.fitness.sync.FitnessSyncAdapterServiceare :1
07-29 21:21:47.818  1844  1844 I vendor.qti.hardware.servicetrackeraidl-service: total connections for client : systemare :36
07-29 21:21:47.818  1844  1844 I vendor.qti.hardware.servicetrackeraidl-service: bindService is called for service : com.google.android.gms/.chimera.PersistentApiService and for client com.cyberlink.youcammakeup
07-29 21:21:47.818  1844  1844 I vendor.qti.hardware.servicetrackeraidl-service: total connections for service : com.google.android.gms/.chimera.PersistentApiServiceare :9
07-29 21:21:47.818  1844  1844 I vendor.qti.hardware.servicetrackeraidl-service: total connections for client : com.cyberlink.youcammakeupare :6
07-29 21:21:47.821 12923 12923 E XiaomiAccountManager: PassportLog@A2^6C[c2V0dXAgdHJ1ZQ==]
07-29 21:21:47.823 14535 14535 I ViewRootImpl: com.cyberlink.youcammakeup/com.cyberlink.youcammakeup.activity.SplashActivity use first frame acceleration
07-29 21:21:47.824  2463  5533 W WindowManager: Failed looking up window session=Session{e79e230 14535:u0a10380} callers=com.android.server.wm.WindowManagerService.windowForClientLocked:7019 com.android.server.wm.Session.updateRequestedVisibleTypes:822 android.view.IWindowSession$Stub.onTransact:1160 
07-29 21:21:47.826  2463  2530 I SmartPower: com.miui.phrase/10162(27285): idle->background(15921ms) R(broadcast start Intent { act=android.accounts.LOGIN_ACCOUNTS_CHANGED flg=0x5000010 }) adj=915.
07-29 21:21:47.828  2463  4205 I MiuiNetworkPolicy: updateUidState uid = 10162, uidState = 11
07-29 21:21:47.831  3118 27278 I VA_ActivityStateHelper: activityResumed componentName ComponentInfo{com.cyberlink.youcammakeup/com.cyberlink.youcammakeup.activity.SplashActivity}
07-29 21:21:47.831  3118 27278 I VA_ActivityStateHelper: activityResumed mAiSkillPush is false
07-29 21:21:47.831 14535 28031 I ProviderInstaller: Installed default security provider GmsCore_OpenSSL
07-29 21:21:47.832 28067 28067 I ink.service:iot: Using CollectorTypeCC GC.
07-29 21:21:47.832  7989  8099 I ActivityObserverUtil: activityResumed ComponentInfo{com.cyberlink.youcammakeup/com.cyberlink.youcammakeup.activity.SplashActivity}
07-29 21:21:47.832  7989  8099 I TopActivityMonitor: send TopActivityChangeEvent=TopActivityChangeEvent(prev=ComponentInfo{com.miui.home/com.miui.home.launcher.Launcher}, current=ComponentInfo{com.cyberlink.youcammakeup/com.cyberlink.youcammakeup.activity.SplashActivity},appChanged=true)
07-29 21:21:47.834  7989  8079 I travelService_ActivityObserverUtils: activityResumed ComponentInfo{com.cyberlink.youcammakeup/com.cyberlink.youcammakeup.activity.SplashActivity}
07-29 21:21:47.834  7989  8079 I travelService_TopActivityMonitor: appUmeInfoListFromServer is null
07-29 21:21:47.834  7989  8079 I travelService_TopActivityMonitor: user change app but last app packageName out of ume range
07-29 21:21:47.834  7989  8079 I travelService_TopActivityMonitor: appInfoListFromServer is null
07-29 21:21:47.834  7989  8079 I travelService_TopActivityMonitor: user change app but last app packageName out of crgt range
07-29 21:21:47.835 28067 28067 E ink.service:iot: Not starting debugger since process cannot load the jdwp agent.
07-29 21:21:47.835 12560 12701 I AIRC_CounterTrack: collect: signal-TopActivityPerception
07-29 21:21:47.836  4497  4497 W RecentsImpl: updateStubViewVisibility, className=com.cyberlink.youcammakeup.activity.SplashActivity
07-29 21:21:47.836  4497  5295 W RecentsImpl: disableTouchBySwipeStatusBar    disable=false
07-29 21:21:47.836  2463  4312 E JobScheduler.SSRU: Job is being prepared but doesn't have a pre-existing accountToJobMap
07-29 21:21:47.836  4497  5295 W RecentsImpl: disableBackStubWindow    disableTouch=false
07-29 21:21:47.837  2463  5533 I MultiSenceManagerInternalStub: getInstance
07-29 21:21:47.837 12560 12701 I MMKV    : <MMKV.cpp:1170::sync> MMKV::sync, SyncFlag = 1
07-29 21:21:47.837  2463  4205 I MiuiNetworkPolicy: updateUidState uid = 10162, uidState = 19
07-29 21:21:47.837  4497  5295 W GestureStubView_Left: adaptRotation   currentRotation=0   mRotation=0
07-29 21:21:47.838  4497  5295 W GestureStubView_Right: adaptRotation   currentRotation=0   mRotation=0
07-29 21:21:47.839  1844  1844 I vendor.qti.hardware.servicetrackeraidl-service: bindService is called for service : com.google.android.gms/.auth.GetToken and for client com.google.android.gms.persistent
07-29 21:21:47.839  1844  1844 I vendor.qti.hardware.servicetrackeraidl-service: total connections for service : com.google.android.gms/.auth.GetTokenare :1
07-29 21:21:47.839  1844  1844 I vendor.qti.hardware.servicetrackeraidl-service: total connections for client : com.google.android.gms.persistentare :4
07-29 21:21:47.843 14535 14535 W libc    : Access denied finding property "vendor.gpp.create_frc_extension"
07-29 21:21:47.844  2105  2755 W ServiceManagerCppClient: Permission failure: android.permission.ACCESS_SURFACE_FLINGER from uid=10380 pid=14535
07-29 21:21:47.844  2105  2755 W ServiceManagerCppClient: Permission failure: android.permission.ROTATE_SURFACE_FLINGER from uid=10380 pid=14535
07-29 21:21:47.844  2105  2235 W ServiceManagerCppClient: Permission failure: android.permission.ACCESS_SURFACE_FLINGER from uid=10380 pid=0
07-29 21:21:47.844  2105  2755 W ServiceManagerCppClient: Permission failure: android.permission.INTERNAL_SYSTEM_WINDOW from uid=10380 pid=14535
07-29 21:21:47.844  1844  1844 I vendor.qti.hardware.servicetrackeraidl-service: bindService is called for service : android/com.android.server.content.SyncJobService and for client system
07-29 21:21:47.844  1844  1844 I vendor.qti.hardware.servicetrackeraidl-service: total connections for service : android/com.android.server.content.SyncJobServiceare :1
07-29 21:21:47.844  1844  1844 I vendor.qti.hardware.servicetrackeraidl-service: total connections for client : systemare :37
07-29 21:21:47.846  2463  4403 E HyperSentinel: -------------------------------------------------------
07-29 21:21:47.846  2463  4403 E HyperSentinel: Event_ResidentSize
07-29 21:21:47.846  2463  4403 E HyperSentinel: -> audit event by proc 14535 "usap64": RSS increasement, peak 196872kb -> 296472kb
07-29 21:21:47.846  1844  1844 I vendor.qti.hardware.servicetrackeraidl-service: bindService is called for service : com.google.android.gms/.gcm.PushMessagingRegistrarProxy and for client com.cyberlink.youcammakeup
07-29 21:21:47.846  1844  1844 I vendor.qti.hardware.servicetrackeraidl-service: total connections for service : com.google.android.gms/.gcm.PushMessagingRegistrarProxyare :1
07-29 21:21:47.846  1844  1844 I vendor.qti.hardware.servicetrackeraidl-service: total connections for client : com.cyberlink.youcammakeupare :7
07-29 21:21:47.849 14535 28043 I MiuiProcessManagerImpl: setSchedFifo pid:14535, mode:3
07-29 21:21:47.849  4553 14882 W HWUI    : Surface doesn't have any previously queued frames, nothing to readback from
07-29 21:21:47.850 32194 32194 W ContextImpl: Calling a method in the system process without a qualified user: android.app.ContextImpl.startService:1939 android.content.ContextWrapper.startService:843 android.content.ContextWrapper.startService:843 com.miui.securityspace.receiver.AccountChangeReceiver.onReceive:14 android.app.ActivityThread.handleReceiver:5172 
07-29 21:21:47.854  1022  1022 I hwservicemanager: getTransport: Cannot find entry android.hardware.graphics.allocator@4.0::IAllocator/default in either framework or device VINTF manifest.
07-29 21:21:47.855 12923 12923 E XiaomiAccountManager: PassportLog@A2^6C[Y2FsbGVyIHNpZ25hdHVyZSA9IEFwcFNpZ25hdHVyZUhhc2h7c2hhMT0nN0I2REM3MDc5QzM0NzM5Q0U4MTE1OTcxOUZCNUVCNjFEMkEwMzIyNScsIG1kNT0nNzAxNDc4QTFFM0I0QjdFMzk3OEVBNjk0Njk0MTBGMTMnfQ==]
07-29 21:21:47.855 12923 12923 E XiaomiAccountManager: PassportLog@A2^6C[c3lzIGFjY291bnQgc2lnbmF0dXJlID0gQXBwU2lnbmF0dXJlSGFzaHtzaGExPSc3QjZEQzcwNzlDMzQ3MzlDRTgxMTU5NzE5RkI1RUI2MUQyQTAzMjI1JywgbWQ1PSc3MDE0NzhBMUUzQjRCN0UzOTc4RUE2OTQ2OTQxMEYxMyd9]
07-29 21:21:47.856  2463  2463 W NotificationHistory: Attempted to add notif for locked/gone/disabled user 0
07-29 21:21:47.858  2463  4404 I whetstone.activity: processNotifyEvent1 resId = 256, bundle = Bundle[{startTime=21146177, sourcePkg=com.google.android.gms, sourceUid=10130, status=1, jobId=39, batteryName=@SyncManager@com.google.android.gms.games/com.google:android, elapsedRealtime=21146177}]
07-29 21:21:47.858 12923 12923 E XiaomiAccountManager: PassportLog@A2^6C[aGFzIHN5c3RlbSBhY2NvdW50IGFwcCBhbmQgY3VycmVudCBjb20ueGlhb21pLmFpY3IgaGFzIHNhbWUgc2lnbmF0dXJl]
07-29 21:21:47.859  9339  9399 I EventMonitor: notifyEvent resId=256
07-29 21:21:47.859 12923 12923 E MiJiaAccountManager: init:mIsInitialized=false,CoreService.getAppContext=com.xiaomi.aicr.AiCrApplication@81ccd5c
07-29 21:21:47.861 28067 28067 I MessageMonitor: Load libmiui_runtime
07-29 21:21:47.862  1827  2397 I MiStcImpl: Dispatching command: 3 PCC
07-29 21:21:47.863  1844  1844 I vendor.qti.hardware.servicetrackeraidl-service: bindService is called for service : com.google.android.gms/.backup.BackupAccountManagerService and for client com.google.android.gms
07-29 21:21:47.863  1844  1844 I vendor.qti.hardware.servicetrackeraidl-service: total connections for service : com.google.android.gms/.backup.BackupAccountManagerServiceare :1
07-29 21:21:47.863  1844  1844 I vendor.qti.hardware.servicetrackeraidl-service: total connections for client : com.google.android.gmsare :7
07-29 21:21:47.864  1844  1844 I vendor.qti.hardware.servicetrackeraidl-service: destroyService is called for service : com.google.android.gms/.auth.account.be.accountstate.LoginAccountsChangedIntentService
07-29 21:21:47.867  2463  2530 I SmartPower: com.google.android.apps.magazines/10315(26722): idle->background(9088ms) R(broadcast start Intent { act=android.accounts.LOGIN_ACCOUNTS_CHANGED flg=0x5000010 }) adj=935.
07-29 21:21:47.867  2463  4408 W ActivityManager: pid 2463 system sent binder code 31101 with flags 0 to frozen apps and got error -74
07-29 21:21:47.868  2463  4205 I MiuiNetworkPolicy: updateUidState uid = 10315, uidState = 11
07-29 21:21:47.871  2463  4312 E JobScheduler.SSRU: Job is being prepared but doesn't have a pre-existing accountToJobMap
07-29 21:21:47.872  1844  1844 I vendor.qti.hardware.servicetrackeraidl-service: bindService is called for service : com.google.android.gms/.auth.GetToken and for client com.google.android.gms
07-29 21:21:47.872  1844  1844 I vendor.qti.hardware.servicetrackeraidl-service: total connections for service : com.google.android.gms/.auth.GetTokenare :2
07-29 21:21:47.872  1844  1844 I vendor.qti.hardware.servicetrackeraidl-service: total connections for client : com.google.android.gmsare :8
07-29 21:21:47.876 12923 12923 E LoginMiAccount: SystemTokenUtils onReceiveAccountChange broadcast
07-29 21:21:47.876  1844  1844 I vendor.qti.hardware.servicetrackeraidl-service: bindService is called for service : android/com.android.server.content.SyncJobService and for client system
07-29 21:21:47.876  1844  1844 I vendor.qti.hardware.servicetrackeraidl-service: total connections for service : android/com.android.server.content.SyncJobServiceare :1
07-29 21:21:47.876  1844  1844 I vendor.qti.hardware.servicetrackeraidl-service: total connections for client : systemare :37
07-29 21:21:47.873 14535 14535 W RenderThread: type=1400 audit(0.0:17313): avc:  denied  { getattr } for  path="/sys/module/metis/parameters/minor_window_app" dev="sysfs" ino=74657 scontext=u:r:untrusted_app_27:s0:c124,c257,c512,c768 tcontext=u:object_r:sysfs_migt:s0 tclass=file permissive=0 app=com.cyberlink.youcammakeup
07-29 21:21:47.877 14535 14535 I Choreographer: first vsync insert message into MessageQueue Head
07-29 21:21:47.878  2463  5529 W ServiceManagerCppClient: Permission failure: android.permission.ACCESS_SURFACE_FLINGER from uid=10380 pid=0
07-29 21:21:47.878  2463  5529 W ServiceManagerCppClient: Permission failure: android.permission.ROTATE_SURFACE_FLINGER from uid=10380 pid=0
07-29 21:21:47.878  2463  5529 W ServiceManagerCppClient: Permission failure: android.permission.INTERNAL_SYSTEM_WINDOW from uid=10380 pid=0
07-29 21:21:47.879  2463  2517 I WindowManager: onFirstWindowDrawn, try to remove startingWindow. this = ActivityRecord{5f89b35 u0 com.cyberlink.youcammakeup/.activity.SplashActivity t225} associatedTask = null isMainWindow = true mStartingWindow = Window{86be1e8 u0 Splash Screen com.cyberlink.youcammakeup} mStartingData = SplashScreenStartingData{fd39a04 waitForSyncTransactionCommit=false removeAfterTransaction= 0}
07-29 21:21:47.879  4979  4979 E NotifCollection: No notification to remove with key 0|com.xiaomi.market|210008612|null|10167 reason=0:REASON_UNKNOWN
07-29 21:21:47.879  2463  2530 I SmartPower: com.google.android.gm/10290(31400): idle->background(2302693ms) R(broadcast start Intent { act=android.accounts.LOGIN_ACCOUNTS_CHANGED flg=0x5000010 }) adj=955.
07-29 21:21:47.880  2463  2517 I ATMSImpl: No snapshot since not start by launcher, activity=com.cyberlink.youcammakeup/.activity.SplashActivity
07-29 21:21:47.880  2463  4205 I MiuiNetworkPolicy: updateUidState uid = 10290, uidState = 11
07-29 21:21:47.882  2463  2517 I WindowManager: wms.showSurfaceRobustly mWin:Window{aae82f9 u0 com.cyberlink.youcammakeup/com.cyberlink.youcammakeup.activity.SplashActivity}
07-29 21:21:47.882  2463  5054 E ActivityTaskManager: Unable to get servicetracker HAL instance
07-29 21:21:47.882 14535 28046 I ContentCatcher: SettingTrigger : unregister status observer com.cyberlink.youcammakeup.activity.SplashActivity
07-29 21:21:47.883  2463  5054 I ActivityTaskManager: The Process com.lbe.security.miui:ui Already Exists in BG. So sending its PID: 20449
07-29 21:21:47.883  2463  5054 E WindowManager: setClientVisible ActivityRecord{8ef5785 u0 com.lbe.security.miui/com.android.packageinstaller.permission.ui.GrantPermissionsActivity t225} true
07-29 21:21:47.883  1839  7237 E ANDR-PERF-LM: MetaMeter: handleAsync() 166: AdaptLaunch Invalid Async
07-29 21:21:47.883  2463  5054 E WindowManager: setClientVisible ActivityRecord{8ef5785 u0 com.lbe.security.miui/com.android.packageinstaller.permission.ui.GrantPermissionsActivity t225} true
07-29 21:21:47.884  2463  5054 E ActivityTaskManager: Unable to get servicetracker HAL instance
07-29 21:21:47.884  1839  1966 E ANDR-PERF-UTIL: ANDR-PERF-UTIL: save_node_val() 366: Failed to read /sys/class/mmc_host/mmc0/clk_scaling/enable
07-29 21:21:47.884  1839  1966 E ANDR-PERF-OPTSHANDLER: ANDR-PERF-OPTSHANDLER: modify_sysfsnode() 1266: Failed to read /sys/class/mmc_host/mmc0/clk_scaling/enable
07-29 21:21:47.884  1839  1966 E ANDR-PERF-RESOURCEQS: ANDR-PERF-RESOURCEQS: AddAndApply() 167: Failed to apply optimization [11, 4]
07-29 21:21:47.884  2463  5054 I MultiSenceManagerInternalStub: getInstance
07-29 21:21:47.885  2463  5054 I BLASTSyncEngine: SyncGroup 373:  Unfinished container:ActivityRecord{8ef5785 u0 com.lbe.security.miui/com.android.packageinstaller.permission.ui.GrantPermissionsActivity t225}
07-29 21:21:47.885  2463  5054 I BLASTSyncEngine: isActivitySyncFinished isSyncFinished false ActivityRecord{8ef5785 u0 com.lbe.security.miui/com.android.packageinstaller.permission.ui.GrantPermissionsActivity t225}
07-29 21:21:47.885  2463  5065 I ClipboardServiceI: checkProviderWakePathForClipboard: primaryClip is null
07-29 21:21:47.885 20449 22204 I ActivityThread: HardwareRenderer preload  done
07-29 21:21:47.886 20449 22219 I AdrenoGLES-0: QUALCOMM build                   : 0c7c4b37d5, I3988f0db60
07-29 21:21:47.886 20449 22219 I AdrenoGLES-0: Build Date                       : 10/18/24
07-29 21:21:47.886 20449 22219 I AdrenoGLES-0: OpenGL ES Shader Compiler Version: E031.45.02.19
07-29 21:21:47.886 20449 22219 I AdrenoGLES-0: Local Branch                     : 
07-29 21:21:47.886 20449 22219 I AdrenoGLES-0: Remote Branch                    : refs/tags/AU_LINUX_ANDROID_LA.VENDOR.14.3.0.R1.00.00.00.000.168
07-29 21:21:47.886 20449 22219 I AdrenoGLES-0: Remote Branch                    : NONE
07-29 21:21:47.886 20449 22219 I AdrenoGLES-0: Reconstruct Branch               : NOTHING
07-29 21:21:47.886 20449 22219 I AdrenoGLES-0: Build Config                     : S P 16.1.2 AArch64
07-29 21:21:47.886 20449 22219 I AdrenoGLES-0: Driver Path                      : /vendor/lib64/egl/libGLESv2_adreno.so
07-29 21:21:47.886 20449 22219 I AdrenoGLES-0: Driver Version                   : 0762.30
07-29 21:21:47.886 20449 22219 I AdrenoGLES-0: Process Name                     : com.lbe.security.miui:ui
07-29 21:21:47.886  4979  5212 I MiuiBubbleController: removeBubble: 225 reason=2
07-29 21:21:47.886  4979  5212 I MultiTaskingTaskRepository: onTaskInfoChanged multi list = [], full = [225, 188, 177]
07-29 21:21:47.886 28067 28067 I JavaheapMonitor: Java heap monitor start.
07-29 21:21:47.887  1844  1844 I vendor.qti.hardware.servicetrackeraidl-service: bindService is called for service : com.google.android.gms/.backup.GmsBackupAccountManagerService and for client com.google.android.gms
07-29 21:21:47.887  1844  1844 I vendor.qti.hardware.servicetrackeraidl-service: total connections for service : com.google.android.gms/.backup.GmsBackupAccountManagerServiceare :1
07-29 21:21:47.887  1844  1844 I vendor.qti.hardware.servicetrackeraidl-service: total connections for client : com.google.android.gmsare :9
07-29 21:21:47.887  8510  8615 I AICall_MemoryTrim: binder:8510_1 onAppBackground()
07-29 21:21:47.887  2463  4369 I NetworkBoostStatusManager: onForegroundInfoChanged uid:10207, isColdStart:false
07-29 21:21:47.887  2463  4369 I SLM-SRV-SLAToast: foreground uid:10207, isColdStart:false, isLinkTurboEnable:false
07-29 21:21:47.887  8013 10665 I ProcessMonitor: onForegroundInfoChanged: ForegroundInfo{mForegroundPackageName='com.lbe.security.miui', mForegroundUid=10207, mForegroundPid=20449, mLastForegroundPackageName='com.cyberlink.youcammakeup', mLastForegroundUid=10380, mLastForegroundPid=14535, mMultiWindowForegroundPackageName='com.lbe.security.miui', mMultiWindowForegroundUid=10207, mFlags=0}
07-29 21:21:47.888  9744 32182 I GST     : forePkg: com.lbe.security.miui, preForePkg: com.cyberlink.youcammakeup
07-29 21:21:47.889  2463  4369 I AudioGameEffect: foreground change to com.lbe.security.miui, last foreground is com.cyberlink.youcammakeup
07-29 21:21:47.890  1839  1966 E ANDR-PERF-RESOURCEQS: ANDR-PERF-RESOURCEQS: AddAndApply() 167: Failed to apply optimization [10, 8]
07-29 21:21:47.890  1827  2399 I MiClstc : DropLayers erase layer 1272
07-29 21:21:47.890  8013  8972 W MIUISafety-Monitor: screen share ensure fg = com.lbe.security.miui protect = false
07-29 21:21:47.890  8013 10665 I VideoBoxUtils: isSupportVideoBox: true
07-29 21:21:47.890  8013 10665 I VideoToolBoxService: vtb is closed!!!
07-29 21:21:47.890  8013 10665 I AppPredictService: difTIme = 136
07-29 21:21:47.890  2463  2514 I Location.SSRU: foregroundActivities IS trueUID ID 10207, home is false
07-29 21:21:47.890  2463  4408 I RhythmicEyeCareManager: applyChange, appType=0, minute=1281
07-29 21:21:47.892 14535 14535 I PlayCore: UID: [10380]  PID: [14535] AppUpdateService : ServiceConnectionImpl.onServiceConnected(ComponentInfo{com.android.vending/com.google.android.finsky.installservice.DevTriggeredUpdateService})
07-29 21:21:47.892  8013  9646 E SuggestManager: openApp name = com.lbe.security.miui
07-29 21:21:47.893  8013  9646 I NewAutoTaskManager: app use - delay = 9223372036854775807, doRemove = false, doPost = false
07-29 21:21:47.893 14535 28059 I PlayCore: UID: [10380]  PID: [14535] AppUpdateService : linkToDeath
07-29 21:21:47.894  2463  4205 I MiuiNetworkPolicy: updateUidState uid = 10207, uidState = 2
07-29 21:21:47.894  2463  2517 I BLASTSyncEngine: SyncGroup 373:  Unfinished container:ActivityRecord{8ef5785 u0 com.lbe.security.miui/com.android.packageinstaller.permission.ui.GrantPermissionsActivity t225}
07-29 21:21:47.894  2463  2517 I BLASTSyncEngine: isActivitySyncFinished isSyncFinished false ActivityRecord{8ef5785 u0 com.lbe.security.miui/com.android.packageinstaller.permission.ui.GrantPermissionsActivity t225}
07-29 21:21:47.895 14535 14535 I HandWritingStubImpl: refreshLastKeyboardType: 1
07-29 21:21:47.895 14535 14535 I HandWritingStubImpl: getCurrentKeyboardType: 1
07-29 21:21:47.896  3118  3118 I VA_ConversationManager: lastQueryOrigin====null;fromCar=false
07-29 21:21:47.896  3118  3118 I VA_HybridLifecycleListener: onTopAppChanged: newApp=com.lbe.security.miui from=com.miui.home fromPkg=com.lbe.security.miui
07-29 21:21:47.897  4979  5421 W qdgralloc: getInterlacedFlag: getMetaData returned 3, defaulting to interlaced_flag = 0
07-29 21:21:47.898  1827  2399 I MiClstc : DropLayers erase layer 1269
07-29 21:21:47.898  1827  2399 I MiClstc : DropLayers erase layer 1270
07-29 21:21:47.898  1844  1844 I vendor.qti.hardware.servicetrackeraidl-service: bindService is called for service : com.google.android.gms/.chimera.PersistentApiService and for client com.google.android.gms
07-29 21:21:47.898  1844  1844 I vendor.qti.hardware.servicetrackeraidl-service: total connections for service : com.google.android.gms/.chimera.PersistentApiServiceare :9
07-29 21:21:47.898  1844  1844 I vendor.qti.hardware.servicetrackeraidl-service: total connections for client : com.google.android.gmsare :9
07-29 21:21:47.899  2463  5535 I BLASTSyncEngine: SyncGroup 373:  Unfinished container:ActivityRecord{8ef5785 u0 com.lbe.security.miui/com.android.packageinstaller.permission.ui.GrantPermissionsActivity t225}
07-29 21:21:47.899  2463  5535 I BLASTSyncEngine: isActivitySyncFinished isSyncFinished false ActivityRecord{8ef5785 u0 com.lbe.security.miui/com.android.packageinstaller.permission.ui.GrantPermissionsActivity t225}
07-29 21:21:47.901  1844  1844 I vendor.qti.hardware.servicetrackeraidl-service: unbindService is called for service : com.google.android.gms/.ads.identifier.service.AdvertisingIdService and for client com.cyberlink.youcammakeup
07-29 21:21:47.901 20449 22219 I AdrenoGLES-0: PFP: 0x01520175, ME: 0x01520023
07-29 21:21:47.902  1844  1844 I vendor.qti.hardware.servicetrackeraidl-service: unbindService is called for service : com.google.android.gms/.ads.identifier.service.AdvertisingIdService and for client com.cyberlink.youcammakeup
07-29 21:21:47.902  4979  5421 W qdgralloc: getInterlacedFlag: getMetaData returned 3, defaulting to interlaced_flag = 0
07-29 21:21:47.902 22572 22592 I Finsky  : [2186] myn.b(280): com.cyberlink.youcammakeup: Account from first account - [0HuC5x-jX_4QBMLKvxR-TmPmEJWgz63BdP58ch2L0hw]
07-29 21:21:47.902 22572 22592 I Finsky  : [2186] myn.b(930): Billing preferred account via installer for com.cyberlink.youcammakeup: [0HuC5x-jX_4QBMLKvxR-TmPmEJWgz63BdP58ch2L0hw]
07-29 21:21:47.902 22572 22592 W Finsky  : [2186] adta.A(54): Got api version 22 for account: [0HuC5x-jX_4QBMLKvxR-TmPmEJWgz63BdP58ch2L0hw]
07-29 21:21:47.902  2463  4205 I MiuiNetworkPolicyTrafficLimit: updateWhiteListUidForMobileTraffic uid=10207,add=true
07-29 21:21:47.903 22572 22631 I Finsky  : [2218] myn.b(280): com.cyberlink.youcammakeup: Account from first account - [0HuC5x-jX_4QBMLKvxR-TmPmEJWgz63BdP58ch2L0hw]
07-29 21:21:47.903 22572 22631 I Finsky  : [2218] myn.b(930): Billing preferred account via installer for com.cyberlink.youcammakeup: [0HuC5x-jX_4QBMLKvxR-TmPmEJWgz63BdP58ch2L0hw]
07-29 21:21:47.903 22572 22631 W Finsky  : [2218] adta.A(54): Got api version 22 for account: [0HuC5x-jX_4QBMLKvxR-TmPmEJWgz63BdP58ch2L0hw]
07-29 21:21:47.903  2105  2755 I BpBinder: onLastStrongRef automatically unlinking death recipients: 
07-29 21:21:47.904  2463 15424 E WindowManager: setClientVisible ActivityRecord{43121b5 u0 com.miui.home/.launcher.Launcher t2} false
07-29 21:21:47.904 14535 28066 E GoogleApiManager: Failed to get service from broker. 
07-29 21:21:47.904 14535 28066 E GoogleApiManager: java.lang.SecurityException: Unknown calling package name 'com.google.android.gms'.
07-29 21:21:47.904 14535 28066 E GoogleApiManager: 	at android.os.Parcel.createExceptionOrNull(Parcel.java:3256)
07-29 21:21:47.904 14535 28066 E GoogleApiManager: 	at android.os.Parcel.createException(Parcel.java:3240)
07-29 21:21:47.904 14535 28066 E GoogleApiManager: 	at android.os.Parcel.readException(Parcel.java:3223)
07-29 21:21:47.904 14535 28066 E GoogleApiManager: 	at android.os.Parcel.readException(Parcel.java:3165)
07-29 21:21:47.904 14535 28066 E GoogleApiManager: 	at ayxj.a(:com.google.android.gms@252834035@25.28.34 (260400-787197649):36)
07-29 21:21:47.904 14535 28066 E GoogleApiManager: 	at ayvq.z(:com.google.android.gms@252834035@25.28.34 (260400-787197649):143)
07-29 21:21:47.904 14535 28066 E GoogleApiManager: 	at aycp.run(:com.google.android.gms@252834035@25.28.34 (260400-787197649):42)
07-29 21:21:47.904 14535 28066 E GoogleApiManager: 	at android.os.Handler.handleCallback(Handler.java:959)
07-29 21:21:47.904 14535 28066 E GoogleApiManager: 	at android.os.Handler.dispatchMessage(Handler.java:100)
07-29 21:21:47.904 14535 28066 E GoogleApiManager: 	at civt.mt(:com.google.android.gms@252834035@25.28.34 (260400-787197649):1)
07-29 21:21:47.904 14535 28066 E GoogleApiManager: 	at civt.dispatchMessage(:com.google.android.gms@252834035@25.28.34 (260400-787197649):5)
07-29 21:21:47.904 14535 28066 E GoogleApiManager: 	at android.os.Looper.loopOnce(Looper.java:249)
07-29 21:21:47.904 14535 28066 E GoogleApiManager: 	at android.os.Looper.loop(Looper.java:337)
07-29 21:21:47.904 14535 28066 E GoogleApiManager: 	at android.os.HandlerThread.run(HandlerThread.java:85)
07-29 21:21:47.905  2463 15424 I Transition: finishTransition: updateLastSurfacePosition tf=Task{a24b5b1 #225 type=standard A=10380:com.cyberlink.youcammakeup}
07-29 21:21:47.905  2463  5530 I ClipboardServiceI: checkProviderWakePathForClipboard: primaryClip is null
07-29 21:21:47.905  4979  5212 I RemoteTransitionHandlerStubImpl: invokeAndRemoveWctCB transition is null, curWctCB: null
07-29 21:21:47.906  4979  5212 I MiuiBubbleController: removeBubble: 225 reason=2
07-29 21:21:47.906  4979  5212 I MultiTaskingTaskRepository: onTaskInfoChanged multi list = [], full = [225, 188, 177]
07-29 21:21:47.906  2463  4205 I MiuiNetworkPolicy: updateUidState uid = 10092, uidState = 10
07-29 21:21:47.906 14535 14535 I HandWritingStubImpl: refreshLastKeyboardType: 1
07-29 21:21:47.906 14535 14535 I HandWritingStubImpl: getCurrentKeyboardType: 1
07-29 21:21:47.906  4979  5212 I MultiTaskingTaskRepository: needSkip: is home task
07-29 21:21:47.907  2463  2517 I BLASTSyncEngine: SyncGroup 373:  Unfinished container:ActivityRecord{8ef5785 u0 com.lbe.security.miui/com.android.packageinstaller.permission.ui.GrantPermissionsActivity t225}
07-29 21:21:47.907  2463  2517 I BLASTSyncEngine: isActivitySyncFinished isSyncFinished false ActivityRecord{8ef5785 u0 com.lbe.security.miui/com.android.packageinstaller.permission.ui.GrantPermissionsActivity t225}
07-29 21:21:47.907  1827  2399 I MiClstc : DropLayers erase layer 1267
07-29 21:21:47.907  1827  2399 I MiClstc : DropLayers erase layer 1268
07-29 21:21:47.907  1844  1844 I vendor.qti.hardware.servicetrackeraidl-service: unbindService is called for service : com.google.android.gms/.backup.GmsBackupAccountManagerService and for client com.google.android.gms
07-29 21:21:47.907  1844  1844 I vendor.qti.hardware.servicetrackeraidl-service: size of service connections for service: com.google.android.gms/.backup.GmsBackupAccountManagerServiceafter removal is 0
07-29 21:21:47.907  1844  1844 I vendor.qti.hardware.servicetrackeraidl-service: size of client connections for client: com.google.android.gmsafter removal is 8
07-29 21:21:47.907  1844  1844 I vendor.qti.hardware.servicetrackeraidl-service: destroyService is called for service : com.google.android.gms/.backup.GmsBackupAccountManagerService
07-29 21:21:47.908  2463  5535 W UserManagerService: Requested status bar icon for non-badged user 0
07-29 21:21:47.908  1870  1870 I qspmHal : enter getGpuProf at: 1448651140
07-29 21:21:47.908  1870  1870 I qspmHal : Coudn't match the GFX PID 20449 to AT PID 28067. Checking in local cache.
07-29 21:21:47.908  1870  1870 I qspmHal : Found the GFX PID in cache
07-29 21:21:47.908  1870  1870 I qspmHal : gProfName:com.lbe.security.miui-gpu - gpu prof_info.path:/data/vendor/gaming/com.lbe.security.miui-gpu
07-29 21:21:47.908  1870  1870 I qspmHal : PID 20449 from GFX matched.
07-29 21:21:47.908  1870  1870 E qspmHal : GPU profile file NOT found !!
07-29 21:21:47.909  4497  5505 W RecentsModel: getRunningTask   taskInfo=TaskInfo{userId=0 taskId=225 displayId=0 isRunning=true baseIntent=Intent { act=android.intent.action.MAIN cat=[android.intent.category.LAUNCHER] flg=0x10000000 cmp=com.cyberlink.youcammakeup/.activity.SplashActivity } baseActivity=ComponentInfo{com.cyberlink.youcammakeup/com.cyberlink.youcammakeup.activity.SplashActivity} topActivity=ComponentInfo{com.lbe.security.miui/com.android.packageinstaller.permission.ui.GrantPermissionsActivity} origActivity=null realActivity=ComponentInfo{com.cyberlink.youcammakeup/com.cyberlink.youcammakeup.activity.SplashActivity} numActivities=2 lastActiveTime=21146231 supportsSplitScreenMultiWindow=true supportsMultiWindow=true resizeMode=1 isResizeable=true minWidth=-1 minHeight=-1 defaultMinSize=200 token=WCT{android.window.IWindowContainerToken$Stub$Proxy@9f3b925} topActivityType=1 pictureInPictureParams=null shouldDockBigOverlays=false launchIntoPipHostTaskId=-1 lastParentTaskIdBeforePip=-1 displayCutoutSafeInsets=Rect(0, 116 - 0, 0) topActivityInfo=ActivityInfo{6cd4afa com.android.packageinstaller.permission.ui.GrantPermissionsActivity} launchCookies=[] positionInParent=Point(0, 0) parentTaskId=-1 isFocused=true isVisible=true isVisibleRequested=true isSleeping=false locusId=null displayAreaFeatureId=1 isTopActivityTransparent=true appCompatTaskInfo=AppCompatTaskInfo { topActivityInSizeCompat=false topActivityInMiuiSizeCompat=false topActivityEligibleForLetterboxEducation= falseisLetterboxEducationEnabled= false isLetterboxDoubleTapEnabled= false topActivityEligibleForUserAspectRatioButton= false topActivityBoundsLetterboxed= false isFromLetterboxDoubleTap= false topActivityLetterboxVerticalPosition= -1 topActivityLetterboxHorizontalPosition= -1 topActivityLetterboxWidth=1200 topActivityLetterboxHeight=2670 isUserFullscreenOverrideEnabled=false isSystemFullscreenOverrideEnabled=false cameraCompatTaskInfo=CameraCompatTaskInfo { cameraCompatControlState=hidden freeformCameraCompatMode=inactive}} isImmersive=false mTopActivityRequestOrientation=1 mBehindAppLockPkg=null mOriginatingUid=0 isEmbedded=false shouldBeVisible=true isCreatedByOrganizer=false mIsCastMode=false mTopActivityMediaSize=null mTopActivityRecordName=ActivityRecord{8ef5785 u0 com.lbe.security.miui/com.android.packageinstaller.permission.ui.GrantPermissionsActivity t225} mTopActivityOrientation=-1}
07-29 21:21:47.909  4497  5505 E ActivityManagerWrapper: get all recent tasks force including 225
07-29 21:21:47.909 20449 22223 I ContentCatcher: ViewContentFetcher : ViewContentFetcher
07-29 21:21:47.909  2463  5065 W UserManagerService: Requested status bar icon for non-badged user 0
07-29 21:21:47.910  1844  1844 I vendor.qti.hardware.servicetrackeraidl-service: unbindService is called for service : com.google.android.gms/.backup.BackupAccountManagerService and for client com.google.android.gms
07-29 21:21:47.910  1844  1844 I vendor.qti.hardware.servicetrackeraidl-service: size of service connections for service: com.google.android.gms/.backup.BackupAccountManagerServiceafter removal is 0
07-29 21:21:47.910  1844  1844 I vendor.qti.hardware.servicetrackeraidl-service: size of client connections for client: com.google.android.gmsafter removal is 7
07-29 21:21:47.910  1844  1844 I vendor.qti.hardware.servicetrackeraidl-service: destroyService is called for service : com.google.android.gms/.backup.BackupAccountManagerService
07-29 21:21:47.910  2463  3739 E ActivityTaskManager: Unable to get servicetracker HAL instance
07-29 21:21:47.910  2463  3739 E ActivityTaskManager: Unable to get servicetracker HAL instance
07-29 21:21:47.910  2463  5539 W UserManagerService: Requested status bar icon for non-badged user 0
07-29 21:21:47.910  4905  4986 W DynamicDDSService: appName is not found in cache: com.miui.home
07-29 21:21:47.911  4979  5421 W qdgralloc: getInterlacedFlag: getMetaData returned 3, defaulting to interlaced_flag = 0
07-29 21:21:47.911 20449 22223 E ContentCatcherManager: failed to get ContentCatcherService.
07-29 21:21:47.911  2463  5539 I SmartPower: com.miui.personalassistant/10135(7989): visible->invisible(86199ms) R(become invisible) adj=0.
07-29 21:21:47.911  2463  5539 I SmartPower: com.miui.personalassistant/10135(7989): invisible->background(0ms) R(become background) adj=0.
07-29 21:21:47.913  2463  5539 I BLASTSyncEngine: SyncGroup 373:  Unfinished container:ActivityRecord{8ef5785 u0 com.lbe.security.miui/com.android.packageinstaller.permission.ui.GrantPermissionsActivity t225}
07-29 21:21:47.913  2463  5539 I BLASTSyncEngine: isActivitySyncFinished isSyncFinished false ActivityRecord{8ef5785 u0 com.lbe.security.miui/com.android.packageinstaller.permission.ui.GrantPermissionsActivity t225}
07-29 21:21:47.913 20449 22223 E ContentCatcherManager: failed to get ContentCatcherService.
07-29 21:21:47.914 31105 28112 I GmsCoreXrpcWrapper: (REDACTED) Returning a channel provider with trafficStatsTag=%d trafficStatsUid=%d
07-29 21:21:47.914  2463  5529 E WindowManager: setClientVisible WallpaperWindowToken{386492d token=android.os.Binder@c98d157} false
07-29 21:21:47.915  2463  5529 I BLASTSyncEngine: SyncGroup 373:  Unfinished container:ActivityRecord{8ef5785 u0 com.lbe.security.miui/com.android.packageinstaller.permission.ui.GrantPermissionsActivity t225}
07-29 21:21:47.915  2463  5529 I BLASTSyncEngine: isActivitySyncFinished isSyncFinished false ActivityRecord{8ef5785 u0 com.lbe.security.miui/com.android.packageinstaller.permission.ui.GrantPermissionsActivity t225}
07-29 21:21:47.915  1844  1844 I vendor.qti.hardware.servicetrackeraidl-service: bindService is called for service : com.google.android.gms/.backup.BackupAccountManagerService and for client com.google.android.gms
07-29 21:21:47.915  1844  1844 I vendor.qti.hardware.servicetrackeraidl-service: total connections for service : com.google.android.gms/.backup.BackupAccountManagerServiceare :1
07-29 21:21:47.915  1844  1844 I vendor.qti.hardware.servicetrackeraidl-service: total connections for client : com.google.android.gmsare :8
07-29 21:21:47.916  2463  2517 E WindowManager: setClientVisible WallpaperWindowToken{386492d token=android.os.Binder@c98d157} false
07-29 21:21:47.917  8013 10665 I BeautyService: onForegroundInfoChanged: Cur=com.lbe.security.miui	 last=com.cyberlink.youcammakeup
07-29 21:21:47.917  2463  2517 I BLASTSyncEngine: SyncGroup 373:  Unfinished container:ActivityRecord{8ef5785 u0 com.lbe.security.miui/com.android.packageinstaller.permission.ui.GrantPermissionsActivity t225}
07-29 21:21:47.917  2463  2517 I BLASTSyncEngine: isActivitySyncFinished isSyncFinished false ActivityRecord{8ef5785 u0 com.lbe.security.miui/com.android.packageinstaller.permission.ui.GrantPermissionsActivity t225}
07-29 21:21:47.917  2105  2749 I BpBinder: onLastStrongRef automatically unlinking death recipients: 
07-29 21:21:47.917  2463  4205 I MiuiNetworkPolicy: updateUidState uid = 10189, uidState = 5
07-29 21:21:47.918  4497  5335 E com.miui.home: [passBlur-4497] detachFromView: abandoned SurfaceTexture
07-29 21:21:47.918  2463  4408 W ActivityManager: pid 2463 system sent binder code 31100 with flags 0 to frozen apps and got error -74
07-29 21:21:47.920 22572 22631 I Finsky  : [2218] myn.b(280): com.cyberlink.youcammakeup: Account from first account - [0HuC5x-jX_4QBMLKvxR-TmPmEJWgz63BdP58ch2L0hw]
07-29 21:21:47.920 22572 22631 I Finsky  : [2218] myn.b(930): Billing preferred account via installer for com.cyberlink.youcammakeup: [0HuC5x-jX_4QBMLKvxR-TmPmEJWgz63BdP58ch2L0hw]
07-29 21:21:47.920 22572 22631 W Finsky  : [2218] adta.A(54): Got api version 22 for account: [0HuC5x-jX_4QBMLKvxR-TmPmEJWgz63BdP58ch2L0hw]
07-29 21:21:47.921  4553  4553 I MiuiWallpaper-ImageWallpaper: onVisibilityChanged, visible = false, ret=true
07-29 21:21:47.921  2105  5771 I BpBinder: onLastStrongRef automatically unlinking death recipients: 
07-29 21:21:47.921  2463  4639 I Location.SSRU: location account change uid 10380, foreground is true
07-29 21:21:47.921  1844  1844 I vendor.qti.hardware.servicetrackeraidl-service: bindService is called for service : com.google.android.gms/.auth.be.appcert.AppCertService and for client com.google.android.gms
07-29 21:21:47.921  1844  1844 I vendor.qti.hardware.servicetrackeraidl-service: total connections for service : com.google.android.gms/.auth.be.appcert.AppCertServiceare :1
07-29 21:21:47.921  1844  1844 I vendor.qti.hardware.servicetrackeraidl-service: total connections for client : com.google.android.gmsare :9
07-29 21:21:47.922  4497  5505 E ActivityManagerWrapper: getRecentTasksForceIncludingTaskIdIfValid: getRecentTasks: size=3
07-29 21:21:47.922  4497  5505 E ActivityManagerWrapper:  mainTaskId=225   userId=0   windowMode=1   baseIntent=Intent { act=android.intent.action.MAIN flag=268435456 cmp=ComponentInfo{com.cyberlink.youcammakeup/com.cyberlink.youcammakeup.activity.SplashActivity} }
07-29 21:21:47.922  4497  5505 E ActivityManagerWrapper:  mainTaskId=188   userId=0   windowMode=1   baseIntent=Intent { act=android.intent.action.MAIN flag=270532608 cmp=ComponentInfo{com.android.settings/com.android.settings.MainSettings} }
07-29 21:21:47.922  4497  5505 E ActivityManagerWrapper:  mainTaskId=177   userId=0   windowMode=1   baseIntent=Intent { act=android.intent.action.MAIN flag=270532608 cmp=ComponentInfo{com.getsurfboard/com.getsurfboard.ui.activity.MainActivity} }
07-29 21:21:47.922  4505  5148 I htmlviewercloudcontrol: isStagingEnv:false param =  xspace_guide  uriMatch = 2, cluster: cn, version: 553104, traceId: aa4a7f1732c179f033e45bb6df6285c3, regId: +4z3RS85+e2U9l+sd6caQ/srGmJCsEbKpG1twyPn1K0CrNNyxYT/yAgGVxm5X+yC
07-29 21:21:47.923 14535 28143 W InteractionJankMonitor: Initializing without READ_DEVICE_CONFIG permission. enabled=false, interval=1, missedFrameThreshold=3, frameTimeThreshold=64, package=com.cyberlink.youcammakeup
07-29 21:21:47.923  1827  2399 I MiClstc : DropLayers erase layer 1264
07-29 21:21:47.923  2463  6120 I SmartPower: com.android.quicksearchbox/10136(18694): visible->invisible(86213ms) R(become invisible) adj=910.
07-29 21:21:47.923  2463  6120 I SmartPower: com.android.quicksearchbox:ApplicationsProvider/10136(18854): invisible->background(86213ms) R(become background) adj=905.
07-29 21:21:47.923  2463  6120 I SmartPower: com.android.quicksearchbox/10136(18694): invisible->background(0ms) R(become background) adj=910.
07-29 21:21:47.924  2463  6120 I BLASTSyncEngine: SyncGroup 373:  Unfinished container:ActivityRecord{8ef5785 u0 com.lbe.security.miui/com.android.packageinstaller.permission.ui.GrantPermissionsActivity t225}
07-29 21:21:47.924  2463  6120 I BLASTSyncEngine: isActivitySyncFinished isSyncFinished false ActivityRecord{8ef5785 u0 com.lbe.security.miui/com.android.packageinstaller.permission.ui.GrantPermissionsActivity t225}
07-29 21:21:47.925  4497  5235 W BackgroundTaskLoader: callObjectMethod
07-29 21:21:47.925  4497  5235 W BackgroundTaskLoader: java.lang.IllegalArgumentException: The image dimensions must be positive
07-29 21:21:47.925  4497  5235 W BackgroundTaskLoader: 	at android.media.ImageReader.initializeImageReader(ImageReader.java:320)
07-29 21:21:47.925  4497  5235 W BackgroundTaskLoader: 	at android.media.ImageReader.<init>(ImageReader.java:364)
07-29 21:21:47.925  4497  5235 W BackgroundTaskLoader: 	at android.media.ImageReader.newInstance(ImageReader.java:299)
07-29 21:21:47.925  4497  5235 W BackgroundTaskLoader: 	at com.miui.home.library.rs.RenderEffectImageProcessor$Params.<init>(RenderEffectImageProcessor.kt:68)
07-29 21:21:47.925  4497  5235 W BackgroundTaskLoader: 	at com.miui.home.library.rs.RenderEffectImageProcessor.configureInputAndOutput(RenderEffectImageProcessor.kt:17)
07-29 21:21:47.925  4497  5235 W BackgroundTaskLoader: 	at com.android.systemui.shared.recents.model.BackgroundTaskLoader.blur(RecentsTaskLoader.java:286)
07-29 21:21:47.925  4497  5235 W BackgroundTaskLoader: 	at com.android.systemui.shared.recents.model.BackgroundTaskLoader.getThumbnailData(RecentsTaskLoader.java:269)
07-29 21:21:47.925  4497  5235 W BackgroundTaskLoader: 	at com.android.systemui.shared.recents.model.BackgroundTaskLoader.postNotifyTask(RecentsTaskLoader.java:191)
07-29 21:21:47.925  4497  5235 W BackgroundTaskLoader: 	at com.android.systemui.shared.recents.model.BackgroundTaskLoader.run(RecentsTaskLoader.java:222)
07-29 21:21:47.925  4497  5235 W BackgroundTaskLoader: 	at android.os.Handler.handleCallback(Handler.java:959)
07-29 21:21:47.925  4497  5235 W BackgroundTaskLoader: 	at android.os.Handler.dispatchMessage(Handler.java:100)
07-29 21:21:47.925  4497  5235 W BackgroundTaskLoader: 	at android.os.Looper.loopOnce(Looper.java:249)
07-29 21:21:47.925  4497  5235 W BackgroundTaskLoader: 	at android.os.Looper.loop(Looper.java:337)
07-29 21:21:47.925  4497  5235 W BackgroundTaskLoader: 	at android.os.HandlerThread.run(HandlerThread.java:85)
07-29 21:21:47.925 14535 28065 W FlagRegistrar: Failed to register com.google.android.gms.providerinstaller#com.cyberlink.youcammakeup
07-29 21:21:47.925 14535 28065 W FlagRegistrar: fkve: 17: 17: API: Phenotype.API is not available on this device. Connection failed with: ConnectionResult{statusCode=DEVELOPER_ERROR, resolution=null, message=null}
07-29 21:21:47.925 14535 28065 W FlagRegistrar: 	at fkvg.a(:com.google.android.gms@252834035@25.28.34 (260400-787197649):13)
07-29 21:21:47.925 14535 28065 W FlagRegistrar: 	at ggsi.d(:com.google.android.gms@252834035@25.28.34 (260400-787197649):3)
07-29 21:21:47.925 14535 28065 W FlagRegistrar: 	at ggsk.run(:com.google.android.gms@252834035@25.28.34 (260400-787197649):130)
07-29 21:21:47.925 14535 28065 W FlagRegistrar: 	at ggur.execute(:com.google.android.gms@252834035@25.28.34 (260400-787197649):1)
07-29 21:21:47.925 14535 28065 W FlagRegistrar: 	at ggss.f(:com.google.android.gms@252834035@25.28.34 (260400-787197649):1)
07-29 21:21:47.925 14535 28065 W FlagRegistrar: 	at ggss.m(:com.google.android.gms@252834035@25.28.34 (260400-787197649):99)
07-29 21:21:47.925 14535 28065 W FlagRegistrar: 	at ggss.r(:com.google.android.gms@252834035@25.28.34 (260400-787197649):17)
07-29 21:21:47.925 14535 28065 W FlagRegistrar: 	at fddx.hF(:com.google.android.gms@252834035@25.28.34 (260400-787197649):35)
07-29 21:21:47.925 14535 28065 W FlagRegistrar: 	at erhe.run(:com.google.android.gms@252834035@25.28.34 (260400-787197649):12)
07-29 21:21:47.925 14535 28065 W FlagRegistrar: 	at ggur.execute(:com.google.android.gms@252834035@25.28.34 (260400-787197649):1)
07-29 21:21:47.925 14535 28065 W FlagRegistrar: 	at erhf.b(:com.google.android.gms@252834035@25.28.34 (260400-787197649):18)
07-29 21:21:47.925 1