07-29 21:21:37.354  4979  5212 I RemoteTransitionHandlerStubImpl: invokeAndRemoveWctCB transition is null, curWctCB: null
07-29 21:21:37.354  4497  4497 I Launcher.widget: onVisible 
07-29 21:21:37.354  4497  4497 I Launcher.widget: onVisible 
07-29 21:21:37.355  8013  8013 I VideoToolBoxService: onReceive: android.intent.action.CLOSE_SYSTEM_DIALOGS
07-29 21:21:37.356  8013  8013 I GameBoosterService: onReceive: android.intent.action.CLOSE_SYSTEM_DIALOGS
07-29 21:21:37.356  2463  5065 I SecurityManagerService: update appwidget of uid: 10278 package: com.miui.weather2 visible: true reason: visible
07-29 21:21:37.356  2463  5539 W UserManagerService: Requested status bar icon for non-badged user 0
07-29 21:21:37.357  4979  4979 I ControlCenterExpandController: hide panel true true
07-29 21:21:37.357  4979  4979 I VolumeShowHideAnimator: isRunning: false, mExpanded: false
07-29 21:21:37.357  4979  4979 I VolumeExpandCollapsedAnimator: isRunning: false, mExpanded: false
07-29 21:21:37.357  4979  4979 I VolumePanelViewController_true: dismissH mShowing:false, reason:volume_controller, isAnimating: false, needShowDialog=true, KeyAnimatingStream=-1
07-29 21:21:37.357  4979  4979 I VolumeShowHideAnimator: isRunning: false, mExpanded: false
07-29 21:21:37.357  4979  4979 I VolumeExpandCollapsedAnimator: isRunning: false, mExpanded: false
07-29 21:21:37.357  4979  4979 I VolumePanelViewController_false: dismissH mShowing:false, reason:volume_controller, isAnimating: false, needShowDialog=false, KeyAnimatingStream=-1
07-29 21:21:37.360  2463  5541 I ClipboardServiceI: checkProviderWakePathForClipboard: primaryClip is null
07-29 21:21:37.360  2463  5541 I SmartPower: com.miui.weather2/10278(5795): idle->background(72552ms) R(content provider start ContentProviderRecord{9f05c96 u0 com.miui.weather2/.providers.WeatherProvider}) adj=0.
07-29 21:21:37.360  2105  2105 I BpBinder: onLastStrongRef automatically unlinking death recipients: 
07-29 21:21:37.361  2463  4205 I MiuiNetworkPolicy: updateUidState uid = 10278, uidState = 3
07-29 21:21:37.362  2463  4205 I MiuiNetworkPolicyTrafficLimit: updateWhiteListUidForMobileTraffic uid=10278,add=true
07-29 21:21:37.362  2463  5121 I ClipboardServiceI: checkProviderWakePathForClipboard: primaryClip is null
07-29 21:21:37.362  5795  7486 I Wth2:WeatherProvider: getFirstSelectedCity() ret count= 1
07-29 21:21:37.362  5795  7486 E Wth2:WeatherProvider: getFirstSelectedCity() error 
07-29 21:21:37.362  5795  7486 E Wth2:WeatherProvider: java.lang.NumberFormatException: For input string: "33.862_119.318"
07-29 21:21:37.362  5795  7486 E Wth2:WeatherProvider: 	at java.lang.Integer.parseInt(Integer.java:790)
07-29 21:21:37.362  5795  7486 E Wth2:WeatherProvider: 	at java.lang.Integer.parseInt(Integer.java:908)
07-29 21:21:37.362  5795  7486 E Wth2:WeatherProvider: 	at com.miui.weather2.providers.WeatherProvider.g(SourceFile:9)
07-29 21:21:37.362  5795  7486 E Wth2:WeatherProvider: 	at com.miui.weather2.providers.WeatherProvider.e(SourceFile:5)
07-29 21:21:37.362  5795  7486 E Wth2:WeatherProvider: 	at com.miui.weather2.providers.WeatherProvider.query(SourceFile:21)
07-29 21:21:37.362  5795  7486 E Wth2:WeatherProvider: 	at android.content.ContentProvider.query(ContentProvider.java:1633)
07-29 21:21:37.362  5795  7486 E Wth2:WeatherProvider: 	at android.content.ContentProvider.query(ContentProvider.java:1729)
07-29 21:21:37.362  5795  7486 E Wth2:WeatherProvider: 	at android.content.ContentProvider$Transport.query(ContentProvider.java:301)
07-29 21:21:37.362  5795  7486 E Wth2:WeatherProvider: 	at android.content.ContentProviderNative.onTransact(ContentProviderNative.java:110)
07-29 21:21:37.362  5795  7486 E Wth2:WeatherProvider: 	at android.os.Binder.execTransactInternal(Binder.java:1507)
07-29 21:21:37.362  5795  7486 E Wth2:WeatherProvider: 	at android.os.Binder.execTransact(Binder.java:1451)
07-29 21:21:37.364  2463  5529 I ClipboardServiceI: checkProviderWakePathForClipboard: primaryClip is null
07-29 21:21:37.364  5795 14673 I Wth2:WeatherProvider: getFirstSelectedCity() ret count= 1
07-29 21:21:37.365  5795 14673 E Wth2:WeatherProvider: getFirstSelectedCity() error 
07-29 21:21:37.365  5795 14673 E Wth2:WeatherProvider: java.lang.NumberFormatException: For input string: "33.862_119.318"
07-29 21:21:37.365  5795 14673 E Wth2:WeatherProvider: 	at java.lang.Integer.parseInt(Integer.java:790)
07-29 21:21:37.365  5795 14673 E Wth2:WeatherProvider: 	at java.lang.Integer.parseInt(Integer.java:908)
07-29 21:21:37.365  5795 14673 E Wth2:WeatherProvider: 	at com.miui.weather2.providers.WeatherProvider.g(SourceFile:9)
07-29 21:21:37.365  5795 14673 E Wth2:WeatherProvider: 	at com.miui.weather2.providers.WeatherProvider.h(SourceFile:5)
07-29 21:21:37.365  5795 14673 E Wth2:WeatherProvider: 	at com.miui.weather2.providers.WeatherProvider.query(SourceFile:23)
07-29 21:21:37.365  5795 14673 E Wth2:WeatherProvider: 	at android.content.ContentProvider.query(ContentProvider.java:1633)
07-29 21:21:37.365  5795 14673 E Wth2:WeatherProvider: 	at android.content.ContentProvider.query(ContentProvider.java:1729)
07-29 21:21:37.365  5795 14673 E Wth2:WeatherProvider: 	at android.content.ContentProvider$Transport.query(ContentProvider.java:301)
07-29 21:21:37.365  5795 14673 E Wth2:WeatherProvider: 	at android.content.ContentProviderNative.onTransact(ContentProviderNative.java:110)
07-29 21:21:37.365  5795 14673 E Wth2:WeatherProvider: 	at android.os.Binder.execTransactInternal(Binder.java:1507)
07-29 21:21:37.365  5795 14673 E Wth2:WeatherProvider: 	at android.os.Binder.execTransact(Binder.java:1451)
07-29 21:21:37.365  5795 14673 I Wth2:WeatherProvider: getHourlyData checkCityAt=true tmpCursor.count  4
07-29 21:21:37.366  5795 14673 I Wth2:WeatherProvider: optimiseHourlyData sunrise : 18660000  sunset : 68760000
07-29 21:21:37.368  3002  3080 E libsensor-parseRGB: CWB NotifyCWBBufferDone  error 0
07-29 21:21:37.394  1844  1844 I vendor.qti.hardware.servicetrackeraidl-service: unbindService is called for service : com.google.android.gms/.chimera.PersistentDirectBootAwareApiService and for client com.google.android.apps.magazines
07-29 21:21:37.394  1844  1844 I vendor.qti.hardware.servicetrackeraidl-service: size of service connections for service: com.google.android.gms/.chimera.PersistentDirectBootAwareApiServiceafter removal is 3
07-29 21:21:37.394  1844  1844 I vendor.qti.hardware.servicetrackeraidl-service: size of client connections for client: com.google.android.apps.magazinesafter removal is 1
07-29 21:21:37.482  1827  2108 I SDM     : DisplayBase::CommitThread: Received idle timeout, panel: cmd, timeout: 70000 us
07-29 21:21:37.551  4497  5224 E Launcher.Transfer: transfer is closed
07-29 21:21:37.560  1827  2752 I vendor.qti.hardware.display.composer-service: Sensor: notify citsensorservice to trigger cwb, misForced = 1
07-29 21:21:37.561  3002  4297 I libsensor-parseRGB: request dump start for mRequestDisplayId 0
07-29 21:21:37.584  3002  6353 E libsensor-parseRGB: CWB NotifyCWBBufferDone  error 0
07-29 21:21:37.641  1827  2108 I SDM     : DisplayBase::CommitThread: Received idle timeout, panel: cmd, timeout: 70000 us
07-29 21:21:37.713  4553  4553 I MiuiWallpaper-MiuiWallpaperManagerService: receive broadcast action = android.intent.action.PACKAGE_RESTARTED
07-29 21:21:37.716  2463  2530 W BroadcastQueue: Greezer Denial: sending Intent { act=android.intent.action.PACKAGE_RESTARTED dat=package: flg=0x4000010 (has extras) }, action: android.intent.action.PACKAGE_RESTARTED from null (uid=1000) due to receiver ProcessRecord{ad6adc5 10522:com.skysoft.kkbox.android/u0a285} (uid 10285) need cached broadcast
07-29 21:21:37.757  1839  7244 E ANDR-PERF-LM: SAGT_ACTION: UpdateFPSData() 138: update /sys/kernel/sched_penalty/parameters/fps to 40, ret is 0
07-29 21:21:37.850  7664  7664 I VA_AliveCore:MixMonitor: onReceive: action=android.intent.action.CLOSE_SYSTEM_DIALOGS
07-29 21:21:37.851  7664  7664 I VA_AliveCore:MixMonitor: onReceive: reason=homekey
07-29 21:21:37.851  7664  7664 I VA_AliveCore:MixMonitor: onReceive: action=com.miui.fullscreen_state_change
07-29 21:21:37.851  7664  7664 I VA_AliveCore:MixMonitor: onReceive: action=com.miui.fullscreen_state_change;stateName=toHome
07-29 21:21:37.853  9900 27370 I Market-HomeKeyReceiver: onReceive: action: android.intent.action.CLOSE_SYSTEM_DIALOGS
07-29 21:21:37.853  9900 27370 I Market-HomeKeyReceiver: reason: homekey
07-29 21:21:37.967  3117  3117 I adbd    : in ShellService: ps
07-29 21:21:38.108  2463  4037 W ActivityManagerServiceImpl: Sending non-protected broadcast miui.intent.action.CYCLE_CHECK from system uid 1000 pkg android. Callers=com.android.server.am.ActivityManagerService.checkBroadcastFromSystem:16255 com.android.server.am.ActivityManagerService.broadcastIntentLockedTraced:17126 com.android.server.am.ActivityManagerService.broadcastIntentLocked:16315 com.android.server.am.ActivityManagerService.broadcastIntentInPackage:17364 com.android.server.am.ActivityManagerService$LocalService.broadcastIntentInPackage:20214 
07-29 21:21:38.111 31200 31200 I cr_A11yState: Enabled accessibility services: [io.github.ylimit.droidbotapp/io.github.privacystreams.accessibility.PSAccessibilityService, null]
07-29 21:21:38.111 31200 31200 I cr_A11yState: Running accessibility services: [io.github.ylimit.droidbotapp/io.github.privacystreams.accessibility.PSAccessibilityService]
07-29 21:21:38.111 31200 31200 I cr_A11yState: Will check again after 250 milliseconds.
07-29 21:21:38.120  1895  1895 I vendor.xiaomi.hardware.micharge-service: ReadFilePathValue path = /sys/class/power_supply/battery/temp value = 364
07-29 21:21:38.121  2463  2507 E IMiCharge: MiCharge method 9 val = 364
07-29 21:21:38.122  1895  1895 I vendor.xiaomi.hardware.micharge-service: ReadFilePathValue path = /sys/class/power_supply/battery/charge_control_limit value = 11
07-29 21:21:38.123  2463  2507 E IMiCharge: MiCharge method 10 val = 11
07-29 21:21:38.129  2463  4412 I SmartPower: com.google.android.gms/10130(31105): background->idle(10223ms) R(adj below visible) adj=250.
07-29 21:21:38.188  2463  5121 W ContentProviderHelper: No provider info for content provider  when providerRunning is false, caller is ProcessRecord{15056c5 18854:com.android.quicksearchbox:ApplicationsProvider/u0a136}
07-29 21:21:38.188 18854 18878 E ActivityThread: Failed to find provider info for 
07-29 21:21:38.189  2463  5121 W ContentProviderHelper: No provider info for content provider  when providerRunning is false, caller is null
07-29 21:21:38.195  2463  4412 I SmartPower: com.android.packageinstaller/10097(11835): background->idle(3043ms) R(adj below visible) adj=915.
07-29 21:21:38.195  2463  5541 I ClipboardServiceI: checkProviderWakePathForClipboard: primaryClip is null
07-29 21:21:38.197  2463  4412 I SmartPower: com.miui.cleanmaster/10266(21077): background->idle(3039ms) R(adj below visible) adj=915.
07-29 21:21:38.199  1844  1844 I vendor.qti.hardware.servicetrackeraidl-service: bindService is called for service : com.android.providers.media.module/androidx.work.impl.background.systemjob.SystemJobService and for client system
07-29 21:21:38.199  1844  1844 I vendor.qti.hardware.servicetrackeraidl-service: total connections for service : com.android.providers.media.module/androidx.work.impl.background.systemjob.SystemJobServiceare :1
07-29 21:21:38.199  1844  1844 I vendor.qti.hardware.servicetrackeraidl-service: total connections for client : systemare :32
07-29 21:21:38.200  2463  4404 I whetstone.activity: processNotifyEvent1 resId = 256, bundle = Bundle[{startTime=21136519, sourcePkg=com.android.providers.media.module, sourceUid=10249, status=1, jobId=1141, batteryName=@androidx.work.systemjobscheduler@com.android.providers.media.module/androidx.work.impl.background.systemjob.SystemJobService, elapsedRealtime=21136519}]
07-29 21:21:38.201  9339 13972 I EventMonitor: notifyEvent resId=256
07-29 21:21:38.203  2463  5121 W ContentProviderHelper: Permission Denial: opening provider com.alibaba.aliexpress.android.search.nav.SearchSuggestionProvider from ProcessRecord{15056c5 18854:com.android.quicksearchbox:ApplicationsProvider/u0a136} (pid=18854, uid=10136) that is not exported from UID 10303
07-29 21:21:38.205  7633 23247 I PSyncWorker: Starting proactive picker sync from sync source: 1
07-29 21:21:38.207  7633 23247 I PickerSyncController: Executing SyncAdd. isLocal: true. authority: com.android.providers.media.photopicker
07-29 21:21:38.210  2463  4205 I MiuiNetworkPolicy: updateUidState uid = 10303, uidState = 6
07-29 21:21:38.210  2463  5529 I ClipboardServiceI: checkProviderWakePathForClipboard: primaryClip is null
07-29 21:21:38.211  2463  4205 I MiuiNetworkPolicy: updateUidState uid = 10169, uidState = 6
07-29 21:21:38.211  7633 23247 I PickerSyncController: Paged sync successful. QueryArgs: Bundle[{android.provider.extra.SYNC_GENERATION=10505, android.provider.extra.PAGE_SIZE=1000}] Total Rows: 0
07-29 21:21:38.212  7633 23247 I PickerSyncController: Executing SyncRemove. isLocal: true. authority: com.android.providers.media.photopicker
07-29 21:21:38.213  7633 23247 E PickerDbFacade: Could not get first date taken millis for media id: 1000001034
07-29 21:21:38.213  7633 23247 W PickerDbFacade: Unable to promote cloud media with localId: 1000001034
07-29 21:21:38.214  2463  4205 I MiuiNetworkPolicy: updateUidState uid = 10303, uidState = 19
07-29 21:21:38.214 18854 18878 W ContentResolver: Failed to get type for: content://com.alibaba.aliexpress.android.search.nav.SearchSuggestionProvider/products (Unknown URL content://com.alibaba.aliexpress.android.search.nav.SearchSuggestionProvider/products)
07-29 21:21:38.215  2463  5121 W Bundle  : Failed to parse item error, returning null.
07-29 21:21:38.215  2463  5121 W Bundle  : android.os.BadTypeParcelableException: Parcelable creator android.os.ParcelableException is not a subclass of required class java.lang.String provided in the parameter
07-29 21:21:38.215  2463  5121 W Bundle  : 	at android.os.Parcel.readParcelableCreatorInternal(Parcel.java:5206)
07-29 21:21:38.215  2463  5121 W Bundle  : 	at android.os.Parcel.readParcelableInternal(Parcel.java:5080)
07-29 21:21:38.215  2463  5121 W Bundle  : 	at android.os.Parcel.readValue(Parcel.java:4840)
07-29 21:21:38.215  2463  5121 W Bundle  : 	at android.os.Parcel.readValue(Parcel.java:4609)
07-29 21:21:38.215  2463  5121 W Bundle  : 	at android.os.Parcel.-$$Nest$mreadValue(Unknown Source:0)
07-29 21:21:38.215  2463  5121 W Bundle  : 	at android.os.Parcel$LazyValue.apply(Parcel.java:4707)
07-29 21:21:38.215  2463  5121 W Bundle  : 	at android.os.Parcel$LazyValue.apply(Parcel.java:4666)
07-29 21:21:38.215  2463  5121 W Bundle  : 	at android.os.BaseBundle.unwrapLazyValueFromMapLocked(BaseBundle.java:416)
07-29 21:21:38.215  2463  5121 W Bundle  : 	at android.os.BaseBundle.getValueAt(BaseBundle.java:402)
07-29 21:21:38.215  2463  5121 W Bundle  : 	at android.os.BaseBundle.getPairValue(BaseBundle.java:282)
07-29 21:21:38.215  2463  5121 W Bundle  : 	at com.android.server.am.ContentProviderHelper.lambda$getMimeTypeFilterAsync$1(ContentProviderHelper.java:1212)
07-29 21:21:38.215  2463  5121 W Bundle  : 	at com.android.server.am.ContentProviderHelper.$r8$lambda$JV9jTPlBHAPZLxkKAqq24ds-FLE(Unknown Source:0)
07-29 21:21:38.215  2463  5121 W Bundle  : 	at com.android.server.am.ContentProviderHelper$$ExternalSyntheticLambda1.onResult(D8$$SyntheticClass:0)
07-29 21:21:38.215  2463  5121 W Bundle  : 	at android.os.RemoteCallback.sendResult(RemoteCallback.java:76)
07-29 21:21:38.215  2463  5121 W Bundle  : 	at android.os.RemoteCallback$1.sendResult(RemoteCallback.java:53)
07-29 21:21:38.215  2463  5121 W Bundle  : 	at android.os.IRemoteCallback$Stub.onTransact(IRemoteCallback.java:85)
07-29 21:21:38.215  2463  5121 W Bundle  : 	at android.os.Binder.execTransactInternal(Binder.java:1512)
07-29 21:21:38.215  2463  5121 W Bundle  : 	at android.os.Binder.execTransact(Binder.java:1451)
07-29 21:21:38.216  2463  4205 I MiuiNetworkPolicy: updateUidState uid = 10169, uidState = 10
07-29 21:21:38.216  7633 23247 I PickerSyncController: Paged sync successful. QueryArgs: Bundle[{android.provider.extra.SYNC_GENERATION=10505, android.provider.extra.PAGE_SIZE=1000}] Total Rows: 0
07-29 21:21:38.216  7633 23247 I PickerSyncTracker: Marked sync future complete for work id: 2f901a21-1bd1-4e95-8157-d4448f2186fc. Future map: {}
07-29 21:21:38.216  7633 23247 I PSyncWorker: Completed picker proactive sync complete from local provider.
07-29 21:21:38.217  7633  7743 I WM-WorkerWrapper: Worker result SUCCESS for Work [ id=2f901a21-1bd1-4e95-8157-d4448f2186fc, tags={ com.android.providers.media.photopicker.sync.ProactiveSyncWorker } ]
07-29 21:21:38.220  2463  4404 I whetstone.activity: processNotifyEvent1 resId = 256, bundle = Bundle[{startTime=21136539, sourcePkg=com.android.providers.media.module, sourceUid=10249, status=0, jobId=1141, batteryName=@androidx.work.systemjobscheduler@com.android.providers.media.module/androidx.work.impl.background.systemjob.SystemJobService, elapsedRealtime=21136539}]
07-29 21:21:38.221  9339 13972 I EventMonitor: notifyEvent resId=256
07-29 21:21:38.221  1844  1844 I vendor.qti.hardware.servicetrackeraidl-service: unbindService is called for service : com.android.providers.media.module/androidx.work.impl.background.systemjob.SystemJobService and for client system
07-29 21:21:38.221  1844  1844 I vendor.qti.hardware.servicetrackeraidl-service: size of service connections for service: com.android.providers.media.module/androidx.work.impl.background.systemjob.SystemJobServiceafter removal is 0
07-29 21:21:38.221  1844  1844 I vendor.qti.hardware.servicetrackeraidl-service: size of client connections for client: systemafter removal is 31
07-29 21:21:38.221  1844  1844 I vendor.qti.hardware.servicetrackeraidl-service: destroyService is called for service : com.android.providers.media.module/androidx.work.impl.background.systemjob.SystemJobService
07-29 21:21:38.349  3002  4306 I libsensor-boledalgo: dbv:440,lux:203.2,cct:4221.7,hsv:-1.0,dc:0CWB R:3305.7,G:6950.9,B:3332.0Event C:12334.3,R:7042.9,G:4084.7,B:1966.9Cali C:196.1,R:62.0,G:56.6,B:31.8 
07-29 21:21:38.352  2463  4414 I DisplayModeDirectorImpl: SmartDisplayPolicyEnd
07-29 21:21:38.354  2463  2516 I DisplayModeDirectorImpl: onDesiredDisplayModeSpecsChanged:baseModeId=1 allowGroupSwitching=false primary=physical: (0.0 120.0) render:  (0.0 120.0) appRequest=physical: (0.0 120.0) render:  (0.0 120.0) idleScreenRefreshRateConfig=null noVotes=false
07-29 21:21:38.357  2105  2105 I RefreshRateSelector: Display 4630947082089526659 policy changed
07-29 21:21:38.357  2105  2105 I RefreshRateSelector: Previous: {defaultModeId=0, allowGroupSwitching=false, primaryRanges={physical=[0.00 Hz, inf Hz], render=[0.00 Hz, 120.00 Hz]}, appRequestRanges={physical=[0.00 Hz, inf Hz], render=[0.00 Hz, 120.00 Hz]} idleScreenConfig=nullptr}
07-29 21:21:38.357  2105  2105 I RefreshRateSelector: Current:  DisplayManagerPolicy{defaultModeId=0, allowGroupSwitching=false, primaryRanges={physical=[0.00 Hz, 120.00 Hz], render=[0.00 Hz, 120.00 Hz]}, appRequestRanges={physical=[0.00 Hz, 120.00 Hz], render=[0.00 Hz, 120.00 Hz]} idleScreenConfig=nullptr}
07-29 21:21:38.357  2105  2105 I RefreshRateSelector: 0 mode changes were performed under the previous policy
07-29 21:21:38.364 31200 31200 I cr_A11yState: Enabled accessibility services: [io.github.ylimit.droidbotapp/io.github.privacystreams.accessibility.PSAccessibilityService, null]
07-29 21:21:38.364 31200 31200 I cr_A11yState: Running accessibility services: [io.github.ylimit.droidbotapp/io.github.privacystreams.accessibility.PSAccessibilityService]
07-29 21:21:38.364 31200 31200 I cr_A11yState: Will check again after 500 milliseconds.
07-29 21:21:38.415  3117  3117 I adbd    : in ShellService: dumpsys activity activities
07-29 21:21:38.481  1827  1827 I SDM     : HWCDisplay::SetActiveConfigWithConstraints: display:66-0, config: 1, WxH 1200x2670, fps 120
07-29 21:21:38.483  1827  1827 W SDM     : HWDeviceDRM::GetSupportedBitClkRate: Requested rate not supported: 1150000000
07-29 21:21:38.483  1827  1827 I SDM     : HWDeviceDRM::UpdateMixerAttributes: Mixer WxH 1200x2670-1 for Peripheral
07-29 21:21:38.484  1827  1827 I SDM     : HWCDisplay::SubmitDisplayConfig: Active configuration changed from config 3 to 1
07-29 21:21:38.484  1827  1827 I SDM     : HWCDisplay::SubmitDisplayConfig: Active WxH 1200x2670 ,ddic_mode:idle, timing_fps: 120, sf_fps: 120
07-29 21:21:38.485  1827  2752 I vendor.qti.hardware.display.composer-service: Sensor: notify citsensorservice to trigger cwb, misForced = 0
07-29 21:21:38.486  3002  4297 I libsensor-parseRGB: request dump start for mRequestDisplayId 0
07-29 21:21:38.513  3002  6353 E libsensor-parseRGB: CWB NotifyCWBBufferDone  error 0
07-29 21:21:38.521  3117  3117 I adbd    : in ShellService: dumpsys activity activities
07-29 21:21:38.569  1827  2108 I SDM     : DisplayBase::CommitThread: Received idle timeout, panel: cmd, timeout: 70000 us
07-29 21:21:38.625  3117  3117 I adbd    : in ShellService: dumpsys activity activities
07-29 21:21:38.651  2463  4412 I SmartPower: com.android.vending/10124(22572): background->idle(3013ms) R(broadcast end Intent { act=android.intent.action.PACKAGE_CHANGED dat=package: flg=0x5000010 (has extras) }) adj=915.
07-29 21:21:38.651  2463  4412 I SmartPower: com.android.vending:background/10124(22687): background->idle(3012ms) R(broadcast end Intent { act=android.intent.action.PACKAGE_CHANGED dat=package: flg=0x5000010 (has extras) }) adj=915.
07-29 21:21:38.652  2463  4412 I SmartPower: android.process.acore/10083(6721): background->idle(3003ms) R(broadcast start Intent { act=android.intent.action.PACKAGE_ADDED dat=package: flg=0x4000010 (has extras) }) adj=905.
07-29 21:21:38.652  2463  4412 I SmartPower: com.mfashiongallery.emag/10262(8261): background->idle(3003ms) R(broadcast start Intent { act=android.intent.action.PACKAGE_ADDED dat=package: flg=0x4000010 (has extras) }) adj=905.
07-29 21:21:38.652  2463  4412 I SmartPower: com.miui.voiceassist:core/10193(7664): background->idle(3002ms) R(broadcast start Intent { act=android.intent.action.PACKAGE_ADDED dat=package: flg=0x4000010 (has extras) }) adj=100.
07-29 21:21:38.653  2463  4412 I SmartPower: android.process.mediaUI/10261(13434): background->idle(3001ms) R(broadcast start Intent { act=android.intent.action.PACKAGE_ADDED dat=package: flg=0x4000010 (has extras) }) adj=905.
07-29 21:21:38.658  2463  4412 I SmartPower: com.miui.gallery/10271(13242): background->idle(3006ms) R(broadcast start Intent { act=android.intent.action.PACKAGE_ADDED dat=package: flg=0x4000010 (has extras) }) adj=905.
07-29 21:21:38.659  2463  4412 I SmartPower: com.google.android.documentsui/10100(21132): background->idle(3005ms) R(broadcast start Intent { act=android.intent.action.PACKAGE_ADDED dat=package: flg=0x4000010 (has extras) }) adj=905.
07-29 21:21:38.659  2463  4412 I SmartPower: com.miui.newhome/10296(11730): background->idle(3002ms) R(broadcast start Intent { act=android.intent.action.PACKAGE_ADDED dat=package: flg=0x4000010 (has extras) }) adj=905.
07-29 21:21:38.659  2463  4412 I SmartPower: com.microsoft.office.outlook/10323(23903): background->idle(3002ms) R(broadcast start Intent { act=android.intent.action.PACKAGE_ADDED dat=package: flg=0x4000010 (has extras) }) adj=925.
07-29 21:21:38.659  2463  4412 I SmartPower: com.milink.service:audio/10178(19382): background->idle(3004ms) R(broadcast start Intent { act=android.intent.action.PACKAGE_ADDED dat=package: flg=0x4000010 (has extras) }) adj=200.
07-29 21:21:38.659  2463  4412 I SmartPower: com.milink.crossdeviceservice/10178(27042): background->idle(3005ms) R(broadcast start Intent { act=android.intent.action.PACKAGE_ADDED dat=package: flg=0x4000010 (has extras) }) adj=915.
07-29 21:21:38.722  3117  3117 I adbd    : in ShellService: dumpsys activity services
07-29 21:21:38.775  2463  4412 I SmartPower: com.xiaomi.aicr:cognitionService/10127(12560): background->idle(3001ms) R(broadcast start Intent { act=android.intent.action.BATTERY_CHANGED flg=0x60000010 (has extras) }) adj=200.
07-29 21:21:38.776  2463  4412 I SmartPower: com.xiaomi.aicr:actionprovider/10127(12677): background->idle(3124ms) R(broadcast start Intent { act=android.intent.action.BATTERY_CHANGED flg=0x60000010 (has extras) }) adj=915.
07-29 21:21:38.778  2463  4412 I SmartPower: com.android.chrome/10282(31200): background->idle(3002ms) R(broadcast start Intent { act=android.intent.action.BATTERY_CHANGED flg=0x60000010 (has extras) }) adj=905.
07-29 21:21:38.778  2463  4412 I SmartPower: com.google.android.apps.magazines/10315(26722): background->idle(3003ms) R(broadcast start Intent { act=android.intent.action.BATTERY_CHANGED flg=0x60000010 (has extras) }) adj=935.
07-29 21:21:38.851  3117  3117 I adbd    : in ShellService: screencap -p /sdcard/screen_2025-07-29_212139.png
07-29 21:21:38.867 31200 31200 I cr_A11yState: Enabled accessibility services: [io.github.ylimit.droidbotapp/io.github.privacystreams.accessibility.PSAccessibilityService, null]
07-29 21:21:38.867 31200 31200 I cr_A11yState: Running accessibility services: [io.github.ylimit.droidbotapp/io.github.privacystreams.accessibility.PSAccessibilityService]
07-29 21:21:38.867 31200 31200 I cr_A11yState: Will check again after 1000 milliseconds.
07-29 21:21:38.977 27791 27791 W BpBinder: Linking to death on android.gui.ISurfaceComposer but there are no threads (yet?) listening to incoming transactions. See ProcessState::startThreadPool and ProcessState::setThreadPoolMaxThreadCount. Generally you should setup the binder threadpool before other initialization steps.
07-29 21:21:38.978 27791 27791 W ProcessState: Extra binder thread started, but 0 threads requested. Do not use *startThreadPool when zero threads are requested.
07-29 21:21:39.017 27791 27794 I AdrenoUtils: <ReadGpuID:357>: Reading chip ID through GSL
07-29 21:21:39.017 27791 27791 W qdgralloc: Failed to load libubwcp.so
07-29 21:21:39.013 27791 27791 W screencap: type=1400 audit(0.0:17308): avc:  denied  { read } for  name="libubwcp.so" dev="dm-14" ino=19816057 scontext=u:r:shell:s0 tcontext=u:object_r:vendor_file:s0 tclass=file permissive=0
07-29 21:21:39.021  7633 13399 W MediaProvider: isAppCloneUserPair for user 0: false
07-29 21:21:39.118  3117  3117 I adbd    : in ShellService: ps
07-29 21:21:39.145  3002  4306 I libsensor-boledalgo: dbv:440,lux:215.3,cct:4258.9,hsv:-1.0,dc:0CWB R:3305.7,G:6950.9,B:3332.0Event C:13106.2,R:7465.2,G:4319.4,B:2094.1Cali C:196.1,R:62.0,G:56.6,B:31.8 
07-29 21:21:39.319  8724 17530 W lyra-mdns-core: _deal_timeout query _lyra-mdns._udp.local[0C] timeout!
07-29 21:21:39.361  1839  7244 E ANDR-PERF-LM: SAGT_ACTION: UpdateFPSData() 138: update /sys/kernel/sched_penalty/parameters/fps to 0, ret is 0
07-29 21:21:39.681  2463  4412 I SmartPower: com.miui.notes/10275(13074): background->idle(3001ms) R(content provider start ContentProviderRecord{c0729a2 u0 com.miui.notes/.provider.NotesProvider}) adj=905.
07-29 21:21:39.691  2463  4412 I SmartPower: com.alibaba.aliexpresshd/10303(5685): background->idle(3003ms) R(adj below visible) adj=905.
07-29 21:21:39.691  2463  4412 I SmartPower: com.alibaba.aliexpresshd:channel/10303(6163): background->idle(3930ms) R(adj below visible) adj=905.
07-29 21:21:39.869 31200 31200 I cr_A11yState: Enabled accessibility services: [io.github.ylimit.droidbotapp/io.github.privacystreams.accessibility.PSAccessibilityService, null]
07-29 21:21:39.869 31200 31200 I cr_A11yState: Running accessibility services: [io.github.ylimit.droidbotapp/io.github.privacystreams.accessibility.PSAccessibilityService]
07-29 21:21:39.869 31200 31200 I cr_A11yState: Will check again after 2000 milliseconds.
07-29 21:21:40.013  2463  5177 I NetworkAccelerateSwitchService: EVENT_RSSI_POLL. mRssiPoll=true
07-29 21:21:40.014  2463  5177 I NetworkAccelerateSwitchService: getAverageWifiRssi:64
07-29 21:21:40.278  3117  3117 I adbd    : in ShellService: ps
07-29 21:21:40.291  2463  4205 I MiuiNetworkPolicy: bandwidth: 0 KB/s, Max bandwidth: 1589 KB/s
07-29 21:21:40.364  2463  4412 I SmartPower: com.miui.weather2/10278(5795): background->idle(3004ms) R(content provider start ContentProviderRecord{9f05c96 u0 com.miui.weather2/.providers.WeatherProvider}) adj=0.
07-29 21:21:40.370  2463  5109 I NetworkBoostStatusManager: handle: 102
07-29 21:21:40.370  4916  6296 E PhoneAdapter: get ntnphones failed, exception: java.lang.IllegalStateException: Default phones haven't been made yet!
07-29 21:21:40.371  2463  5109 I NetworkBoostStatusManager: interfaceOnCapabilitiesChanged interface name:wlan0
07-29 21:21:40.379  8724  8724 I NetBusNetworkMonitor: onCapabilitiesChanged isPrimary = true
07-29 21:21:40.380  8724  8724 I NetBusNetworkMonitor: gateway=192.*.*.1
07-29 21:21:40.384  8724  8724 I NetBusNetworkMonitor: addConnectNetworkInterface mediumType:256, detail:NetworkDetailInfo{mIsConnected=false, mIsSupportTdls=true, mNetworkType=0, mIpAddress=192.*.*.11, mIfName=wlan0, mGateway=192.*.*.1, mNetmask=255.*.*.0, mSsid=C**01}
07-29 21:21:40.384  8724  8724 I NetBusNetworkMonitor: onCapabilitiesChanged handle=441492361229, mediumType=256, ifName=wlan0
07-29 21:21:40.407  1827  2752 I vendor.qti.hardware.display.composer-service: Sensor: notify citsensorservice to trigger cwb, misForced = 0
07-29 21:21:40.408  3002  4297 I libsensor-parseRGB: request dump start for mRequestDisplayId 0
07-29 21:21:40.438  3002  6353 E libsensor-parseRGB: CWB NotifyCWBBufferDone  error 0
07-29 21:21:40.494  1827  2108 I SDM     : DisplayBase::CommitThread: Received idle timeout, panel: cmd, timeout: 70000 us
07-29 21:21:40.661  2463  5065 I ActivityManager: Broadcasting: Intent { act=android.intent.action.MEDIA_SCANNER_SCAN_FILE dat=file:///... flg=0x400000 }
07-29 21:21:40.662  2463  5065 I ActivityManager: Enqueued broadcast Intent { act=android.intent.action.MEDIA_SCANNER_SCAN_FILE dat=file:///... flg=0x400000 }: 0
07-29 21:21:40.665 13242 13242 W MiuiGallery2_BaseMediaScannerReceiver: [main] - Broadcast received, action: [android.intent.action.MEDIA_SCANNER_SCAN_FILE], data uri: [file:///sdcard/screen_2025-07-29_212139.png], CTA not allowed
07-29 21:21:40.666  2463  4205 I MiuiNetworkPolicy: updateUidState uid = 10271, uidState = 11
07-29 21:21:40.669  2463  4205 I MiuiNetworkPolicy: updateUidState uid = 10271, uidState = 19
07-29 21:21:40.671  7633  7633 I MediaProvider: receive action = android.intent.action.MEDIA_SCANNER_SCAN_FILE schemeSpecificPart = ///sdcard/screen_2025-07-29_212139.png
07-29 21:21:40.671  2463  5065 W JobInfo : Job 'com.android.providers.media.module/com.android.providers.media.MediaService#-300' has a deadline with no functional constraints. The deadline won't improve job execution latency. Consider removing the deadline.
07-29 21:21:40.674  1844  1844 I vendor.qti.hardware.servicetrackeraidl-service: bindService is called for service : com.android.providers.media.module/com.android.providers.media.MediaService and for client system
07-29 21:21:40.674  1844  1844 I vendor.qti.hardware.servicetrackeraidl-service: total connections for service : com.android.providers.media.module/com.android.providers.media.MediaServiceare :1
07-29 21:21:40.674  1844  1844 I vendor.qti.hardware.servicetrackeraidl-service: total connections for client : systemare :32
07-29 21:21:40.676  2463  4404 I whetstone.activity: processNotifyEvent1 resId = 256, bundle = Bundle[{startTime=21138995, sourcePkg=com.android.providers.media.module, sourceUid=10249, status=1, jobId=-300, batteryName=com.android.providers.media.module/com.android.providers.media.MediaService, elapsedRealtime=21138995}]
07-29 21:21:40.677  9339 13972 I EventMonitor: notifyEvent resId=256
07-29 21:21:40.682  2463  2506 I ActivityManager: Broadcast completed: result=0
07-29 21:21:40.682  7633  8793 I MediaProvider: Begin Intent { act=android.intent.action.MEDIA_SCANNER_SCAN_FILE dat=file:///... flg=0x1400010 cmp=com.android.providers.media.module/com.android.providers.media.MediaService }
07-29 21:21:40.706  7633  8793 I MediaProvider: End Intent { act=android.intent.action.MEDIA_SCANNER_SCAN_FILE dat=file:///... flg=0x1400010 cmp=com.android.providers.media.module/com.android.providers.media.MediaService }
07-29 21:21:40.708  2463  4404 I whetstone.activity: processNotifyEvent1 resId = 256, bundle = Bundle[{startTime=21139027, sourcePkg=com.android.providers.media.module, sourceUid=10249, status=0, jobId=-300, batteryName=com.android.providers.media.module/com.android.providers.media.MediaService, elapsedRealtime=21139027}]
07-29 21:21:40.708  1844  1844 I vendor.qti.hardware.servicetrackeraidl-service: unbindService is called for service : com.android.providers.media.module/com.android.providers.media.MediaService and for client system
07-29 21:21:40.708  9339 13972 I EventMonitor: notifyEvent resId=256
07-29 21:21:40.708  1844  1844 I vendor.qti.hardware.servicetrackeraidl-service: size of service connections for service: com.android.providers.media.module/com.android.providers.media.MediaServiceafter removal is 0
07-29 21:21:40.708  1844  1844 I vendor.qti.hardware.servicetrackeraidl-service: size of client connections for client: systemafter removal is 31
07-29 21:21:40.709  1844  1844 I vendor.qti.hardware.servicetrackeraidl-service: destroyService is called for service : com.android.providers.media.module/com.android.providers.media.MediaService
07-29 21:21:40.863  3117  3117 I adbd    : in ShellService: rm /sdcard/screen_2025-07-29_212139.png
07-29 21:21:40.870  2463  2530 W BroadcastQueue: Greezer Denial: sending Intent { act=android.net.wifi.RSSI_CHANGED flg=0x4000010 (has extras) }, action: android.net.wifi.RSSI_CHANGED from android (uid=1000) due to receiver ProcessRecord{53c2fb1 8536:com.ss.android.ugc.aweme:smp/u0a322} (uid 10322) need cached broadcast
07-29 21:21:40.871  2463  2530 W BroadcastQueue: Greezer Denial: sending Intent { act=android.net.wifi.RSSI_CHANGED flg=0x4000010 (has extras) }, action: android.net.wifi.RSSI_CHANGED from android (uid=1000) due to receiver ProcessRecord{d1daa83 20995:com.smile.gifmaker/u0a339} (uid 10339) need cached broadcast
07-29 21:21:40.872  2463  2530 W BroadcastQueue: Greezer Denial: sending Intent { act=android.net.wifi.RSSI_CHANGED flg=0x4000010 (has extras) }, action: android.net.wifi.RSSI_CHANGED from android (uid=1000) due to receiver ProcessRecord{5f5bc0f 12982:com.xingin.xhs/u0a286} (uid 10286) need cached broadcast
07-29 21:21:40.895  7633 20214 I MediaProvider: Deleted paths_hashcode::1389444597/:1389444597/1442737352139.png items on external_primary due to com.android.shell tid=27808
07-29 21:21:40.967  1839  7244 E ANDR-PERF-LM: SAGT_ACTION: UpdateFPSData() 138: update /sys/kernel/sched_penalty/parameters/fps to 0, ret is 0
07-29 21:21:40.999  3117  3117 I adbd    : in ShellService: dumpsys display
07-29 21:21:41.232  2463  4205 I MiuiNetworkPolicy: updateUidState uid = 10092, uidState = 15
07-29 21:21:41.238  3117  3117 I adbd    : in ShellService: wm size
07-29 21:21:41.336  3117  3117 I adbd    : in ShellService: dumpsys input
07-29 21:21:41.423  3117  3117 I adbd    : in ShellService: getprop ro.sf.lcd_density
07-29 21:21:41.451  3117  3117 I adbd    : in ShellService: ps
07-29 21:21:41.505  3117  3117 I adbd    : in ShellService: dumpsys activity activities
07-29 21:21:41.570  3117  3117 I adbd    : in ShellService: dumpsys activity activities
07-29 21:21:41.665  3117  3117 I adbd    : in ShellService: dumpsys activity activities
07-29 21:21:41.762  3117  3117 I adbd    : in ShellService: dumpsys activity services
07-29 21:21:41.860  3117  3117 I adbd    : in ShellService: screencap -p /sdcard/screen_2025-07-29_212142.png
07-29 21:21:41.875 31200 31200 I cr_A11yState: Enabled accessibility services: [io.github.ylimit.droidbotapp/io.github.privacystreams.accessibility.PSAccessibilityService, null]
07-29 21:21:41.875 31200 31200 I cr_A11yState: Running accessibility services: [io.github.ylimit.droidbotapp/io.github.privacystreams.accessibility.PSAccessibilityService]
07-29 21:21:41.875 31200 31200 I cr_A11yState: Will check again after 4000 milliseconds.
07-29 21:21:41.897  2463  4205 I MiuiNetworkPolicy: getDisableLimitTimeout when thermal mode is:0
07-29 21:21:41.987 27838 27838 W BpBinder: Linking to death on android.gui.ISurfaceComposer but there are no threads (yet?) listening to incoming transactions. See ProcessState::startThreadPool and ProcessState::setThreadPoolMaxThreadCount. Generally you should setup the binder threadpool before other initialization steps.
07-29 21:21:41.987 27838 27838 W ProcessState: Extra binder thread started, but 0 threads requested. Do not use *startThreadPool when zero threads are requested.
07-29 21:21:42.028 27838 27840 I AdrenoUtils: <ReadGpuID:357>: Reading chip ID through GSL
07-29 21:21:42.029 27838 27838 W qdgralloc: Failed to load libubwcp.so
07-29 21:21:42.025 27838 27838 W screencap: type=1400 audit(0.0:17309): avc:  denied  { read } for  name="libubwcp.so" dev="dm-14" ino=19816057 scontext=u:r:shell:s0 tcontext=u:object_r:vendor_file:s0 tclass=file permissive=0
07-29 21:21:42.033  7633  6663 W MediaProvider: isAppCloneUserPair for user 0: false
07-29 21:21:42.414  7633 23611 I PSyncWorker: Starting proactive picker sync from sync source: 1
07-29 21:21:42.417  7633 23611 I PickerSyncController: Executing SyncAdd. isLocal: true. authority: com.android.providers.media.photopicker
07-29 21:21:42.420  7633 23611 I PickerSyncController: Paged sync successful. QueryArgs: Bundle[{android.provider.extra.SYNC_GENERATION=10518, android.provider.extra.PAGE_SIZE=1000}] Total Rows: 0
07-29 21:21:42.421  7633 23611 I PickerSyncController: Executing SyncRemove. isLocal: true. authority: com.android.providers.media.photopicker
07-29 21:21:42.423  7633 23611 E PickerDbFacade: Could not get first date taken millis for media id: 1000001035
07-29 21:21:42.423  7633 23611 W PickerDbFacade: Unable to promote cloud media with localId: 1000001035
07-29 21:21:42.425  7633 23611 I PickerSyncController: Paged sync successful. QueryArgs: Bundle[{android.provider.extra.SYNC_GENERATION=10518, android.provider.extra.PAGE_SIZE=1000}] Total Rows: 0
07-29 21:21:42.425  7633 23611 I PickerSyncTracker: Marked sync future complete for work id: 46923577-81b4-4bec-a3f7-e5a94c29c1a9. Future map: {}
07-29 21:21:42.426  7633 23611 I PSyncWorker: Completed picker proactive sync complete from local provider.
07-29 21:21:42.427  7633  7843 I WM-WorkerWrapper: Worker result SUCCESS for Work [ id=46923577-81b4-4bec-a3f7-e5a94c29c1a9, tags={ com.android.providers.media.photopicker.sync.ProactiveSyncWorker } ]
07-29 21:21:42.622  3117  3117 I adbd    : in ShellService: ps
07-29 21:21:42.831  1844  1844 I vendor.qti.hardware.servicetrackeraidl-service: destroyService is called for service : com.google.android.gms/.chimera.GmsIntentOperationService
07-29 21:21:42.832  2463  5065 I SmartPower: com.google.android.gms/10130(31105): idle->background(4703ms) R(service destroy com.google.android.gms/.chimera.GmsIntentOperationService) adj=250.
07-29 21:21:43.018  2463  5177 I NetworkAccelerateSwitchService: EVENT_RSSI_POLL. mRssiPoll=true
07-29 21:21:43.018  2463  5177 I NetworkAccelerateSwitchService: getAverageWifiRssi:65
07-29 21:21:43.293  2463  4205 I MiuiNetworkPolicy: bandwidth: 0 KB/s, Max bandwidth: 1589 KB/s
07-29 21:21:43.384  2463  4205 I MiuiNetworkPolicy: updateUidState uid = 10278, uidState = 15
07-29 21:21:43.386  2463  4205 I MiuiNetworkPolicyTrafficLimit: updateWhiteListUidForMobileTraffic uid=10278,add=false
07-29 21:21:43.390  4916  6295 E PhoneAdapter: get ntnphones failed, exception: java.lang.IllegalStateException: Default phones haven't been made yet!
07-29 21:21:43.598  1844  1844 I vendor.qti.hardware.servicetrackeraidl-service: unbindService is called for service : com.google.android.gms/.chimera.GmsBoundBrokerService and for client com.google.android.gms
07-29 21:21:43.598  1844  1844 I vendor.qti.hardware.servicetrackeraidl-service: size of service connections for service: com.google.android.gms/.chimera.GmsBoundBrokerServiceafter removal is 1
07-29 21:21:43.598  1844  1844 I vendor.qti.hardware.servicetrackeraidl-service: size of client connections for client: com.google.android.gmsafter removal is 6
07-29 21:21:43.600  1844  1844 I vendor.qti.hardware.servicetrackeraidl-service: unbindService is called for service : com.google.android.gms/.chimera.PersistentApiService and for client com.google.android.gms
07-29 21:21:43.644  1844  1844 I vendor.qti.hardware.servicetrackeraidl-service: unbindService is called for service : com.google.android.gms/.chimera.GmsBoundBrokerService and for client com.google.android.gms.persistent
07-29 21:21:43.644  1844  1844 I vendor.qti.hardware.servicetrackeraidl-service: size of service connections for service: com.google.android.gms/.chimera.GmsBoundBrokerServiceafter removal is 0
07-29 21:21:43.644  1844  1844 I vendor.qti.hardware.servicetrackeraidl-service: size of client connections for client: com.google.android.gms.persistentafter removal is 5
07-29 21:21:43.645  1844  1844 I vendor.qti.hardware.servicetrackeraidl-service: destroyService is called for service : com.google.android.gms/.chimera.GmsBoundBrokerService
07-29 21:21:43.647  1844  1844 I vendor.qti.hardware.servicetrackeraidl-service: unbindService is called for service : com.google.android.gms/.icing.service.AppIndexingService and for client com.google.android.gms.persistent
07-29 21:21:43.648  1844  1844 I vendor.qti.hardware.servicetrackeraidl-service: size of service connections for service: com.google.android.gms/.icing.service.AppIndexingServiceafter removal is 1
07-29 21:21:43.649  1844  1844 I vendor.qti.hardware.servicetrackeraidl-service: size of client connections for client: com.google.android.gms.persistentafter removal is 4
07-29 21:21:43.649  1844  1844 I vendor.qti.hardware.servicetrackeraidl-service: unbindService is called for service : com.google.android.gms/.icing.service.IndexService and for client com.google.android.gms.persistent
07-29 21:21:43.649  1844  1844 I vendor.qti.hardware.servicetrackeraidl-service: size of service connections for service: com.google.android.gms/.icing.service.IndexServiceafter removal is 1
07-29 21:21:43.651  2463  2509 E SSRU-RUS: Don't have packages for uid 99013
07-29 21:21:43.652  2463  4205 I MiuiNetworkPolicy: updateUidState uid = 99013, uidState = 19
07-29 21:21:43.653  1844  1844 I vendor.qti.hardware.servicetrackeraidl-service: size of client connections for client: com.google.android.gms.persistentafter removal is 3
07-29 21:21:43.658  2463  5539 I ActivityManager: Broadcasting: Intent { act=android.intent.action.MEDIA_SCANNER_SCAN_FILE dat=file:///... flg=0x400000 }
07-29 21:21:43.658  2463  5539 I ActivityManager: Enqueued broadcast Intent { act=android.intent.action.MEDIA_SCANNER_SCAN_FILE dat=file:///... flg=0x400000 }: 0
07-29 21:21:43.661  2463  2530 I SmartPower: com.miui.gallery/10271(13242): idle->background(5002ms) R(broadcast start Intent { act=android.intent.action.MEDIA_SCANNER_SCAN_FILE dat=file:///... flg=0x1400010 }) adj=905.
07-29 21:21:43.662 13242 13242 W MiuiGallery2_BaseMediaScannerReceiver: [main] - Broadcast received, action: [android.intent.action.MEDIA_SCANNER_SCAN_FILE], data uri: [file:///sdcard/screen_2025-07-29_212142.png], CTA not allowed
07-29 21:21:43.664  2463  4205 I MiuiNetworkPolicy: updateUidState uid = 10271, uidState = 11
07-29 21:21:43.664  2463  4205 I MiuiNetworkPolicy: updateUidState uid = 10271, uidState = 19
07-29 21:21:43.666  7633  7633 I MediaProvider: receive action = android.intent.action.MEDIA_SCANNER_SCAN_FILE schemeSpecificPart = ///sdcard/screen_2025-07-29_212142.png
07-29 21:21:43.667  2463  5539 W JobInfo : Job 'com.android.providers.media.module/com.android.providers.media.MediaService#-300' has a deadline with no functional constraints. The deadline won't improve job execution latency. Consider removing the deadline.
07-29 21:21:43.671  1844  1844 I vendor.qti.hardware.servicetrackeraidl-service: bindService is called for service : com.android.providers.media.module/com.android.providers.media.MediaService and for client system
07-29 21:21:43.672  1844  1844 I vendor.qti.hardware.servicetrackeraidl-service: total connections for service : com.android.providers.media.module/com.android.providers.media.MediaServiceare :1
07-29 21:21:43.672  1844  1844 I vendor.qti.hardware.servicetrackeraidl-service: total connections for client : systemare :32
07-29 21:21:43.673  2463  4404 I whetstone.activity: processNotifyEvent1 resId = 256, bundle = Bundle[{startTime=21141993, sourcePkg=com.android.providers.media.module, sourceUid=10249, status=1, jobId=-300, batteryName=com.android.providers.media.module/com.android.providers.media.MediaService, elapsedRealtime=21141993}]
07-29 21:21:43.675  9339 13972 I EventMonitor: notifyEvent resId=256
07-29 21:21:43.678  2463  2506 I ActivityManager: Broadcast completed: result=0
07-29 21:21:43.678  7633  8793 I MediaProvider: Begin Intent { act=android.intent.action.MEDIA_SCANNER_SCAN_FILE dat=file:///... flg=0x1400010 cmp=com.android.providers.media.module/com.android.providers.media.MediaService }
07-29 21:21:43.690  7633  8793 I MediaProvider: End Intent { act=android.intent.action.MEDIA_SCANNER_SCAN_FILE dat=file:///... flg=0x1400010 cmp=com.android.providers.media.module/com.android.providers.media.MediaService }
07-29 21:21:43.691  2463  4404 I whetstone.activity: processNotifyEvent1 resId = 256, bundle = Bundle[{startTime=21142010, sourcePkg=com.android.providers.media.module, sourceUid=10249, status=0, jobId=-300, batteryName=com.android.providers.media.module/com.android.providers.media.MediaService, elapsedRealtime=21142010}]
07-29 21:21:43.691  1844  1844 I vendor.qti.hardware.servicetrackeraidl-service: unbindService is called for service : com.android.providers.media.module/com.android.providers.media.MediaService and for client system
07-29 21:21:43.691  1844  1844 I vendor.qti.hardware.servicetrackeraidl-service: size of service connections for service: com.android.providers.media.module/com.android.providers.media.MediaServiceafter removal is 0
07-29 21:21:43.691  1844  1844 I vendor.qti.hardware.servicetrackeraidl-service: size of client connections for client: systemafter removal is 31
07-29 21:21:43.692  1844  1844 I vendor.qti.hardware.servicetrackeraidl-service: destroyService is called for service : com.android.providers.media.module/com.android.providers.media.MediaService
07-29 21:21:43.693  9339 13972 I EventMonitor: notifyEvent resId=256
07-29 21:21:43.770  3117  3117 I adbd    : in ShellService: ps
07-29 21:21:43.868  3117  3117 I adbd    : in ShellService: rm /sdcard/screen_2025-07-29_212142.png
07-29 21:21:43.889  7633 30847 I MediaProvider: Deleted paths_hashcode::1389444597/:1389444597/1442737352142.png items on external_primary due to com.android.shell tid=27851
07-29 21:21:43.895  1045  1045 E KeymasterUtils: IKMHal_sendCmd failed with rsp_header->status: -28
07-29 21:21:43.895  1045  1045 E KeyMasterHalDevice: abort_operation
07-29 21:21:43.895  1045  1045 E KeyMasterHalDevice: ret: -28
07-29 21:21:43.899 23903 27853 E ExceptionStackTrace: The exception is  android_getaddrinfo failed: EAI_NODATA (No address associated with hostname)
07-29 21:21:43.899 23903 27853 E ExceptionStackTrace: libcore.io.Linux.android_getaddrinfo(Native Method)
07-29 21:21:43.899 23903 27853 E ExceptionStackTrace: libcore.io.ForwardingOs.android_getaddrinfo(ForwardingOs.java:133)
07-29 21:21:43.899 23903 27853 E ExceptionStackTrace: libcore.io.BlockGuardOs.android_getaddrinfo(BlockGuardOs.java:222)
07-29 21:21:43.899 23903 27853 E ExceptionStackTrace: libcore.io.ForwardingOs.android_getaddrinfo(ForwardingOs.java:133)
07-29 21:21:43.899 23903 27853 E ExceptionStackTrace: java.net.Inet6AddressImpl.lookupHostByName(Inet6AddressImpl.java:135)
07-29 21:21:43.899 23903 27853 E ExceptionStackTrace: java.net.Inet6AddressImpl.lookupAllHostAddr(Inet6AddressImpl.java:103)
07-29 21:21:43.899 23903 27853 E ExceptionStackTrace: java.net.InetAddress.getAllByName(InetAddress.java:1152)
07-29 21:21:43.899 23903 27853 E ExceptionStackTrace: com.microsoft.office.outlook.http.HttpSortedDns.getAllByName(Unknown Source:0)
07-29 21:21:43.899 23903 27853 E ExceptionStackTrace: com.microsoft.office.outlook.http.HttpSortedDns.lookup(Unknown Source:8)
07-29 21:21:43.899 23903 27853 E ExceptionStackTrace: okhttp3.internal.connection.RouteSelector.resetNextInetSocketAddress(Unknown Source:141)
07-29 21:21:43.899 23903 27853 E ExceptionStackTrace: okhttp3.internal.connection.RouteSelector.nextProxy(Unknown Source:20)
07-29 21:21:43.899 23903 27853 E ExceptionStackTrace: okhttp3.internal.connection.RouteSelector.next(Unknown Source:17)
07-29 21:21:43.899 23903 27853 E ExceptionStackTrace: okhttp3.internal.connection.ExchangeFinder.findConnection(Unknown Source:189)
07-29 21:21:43.899 23903 27853 E ExceptionStackTrace: okhttp3
07-29 21:21:43.899 23903 27853 E ExceptionStackTrace: The exception is  Unable to resolve host "outlook.office365.com": No address associated with hostname
07-29 21:21:43.899 23903 27853 E ExceptionStackTrace: java.net.Inet6AddressImpl.lookupHostByName(Inet6AddressImpl.java:156)
07-29 21:21:43.899 23903 27853 E ExceptionStackTrace: java.net.Inet6AddressImpl.lookupAllHostAddr(Inet6AddressImpl.java:103)
07-29 21:21:43.899 23903 27853 E ExceptionStackTrace: java.net.InetAddress.getAllByName(InetAddress.java:1152)
