07-29 21:21:47.599  1870  1870 E qspmHal : setAppInfoH atPid = 14535, gpuFname:com.cyberlink.youcammakeup, gpuFver:570101
07-29 21:21:47.599  2463  5533 I WindowManager: Add startingWindow, surfaceControl = Surface(name=86be1e8 Splash Screen com.cyberlink.youcammakeup#4410)/@0x2d14ea6 layerId = 4410
07-29 21:21:47.599  2463  4205 I MiuiNetworkPolicy: updateUidState uid = 99004, uidState = 19
07-29 21:21:47.599  2463  4205 I MiuiNetworkPolicy: updateUidState uid = 10134, uidState = 19
07-29 21:21:47.599  2463  4205 I MiuiNetworkPolicy: updateUidState uid = 10261, uidState = 19
07-29 21:21:47.599  2463  4205 I MiuiNetworkPolicy: updateUidState uid = 10158, uidState = 19
07-29 21:21:47.600  2463  2517 I AnimInterruptController: FIS reset Foresee interrupt status
07-29 21:21:47.600  2463  2517 I SmartPower: com.cyberlink.youcammakeup/10380(0): background->visible(20ms) R(become visible) adj=-10000.
07-29 21:21:47.601  2463  2517 E WindowManager: setClientVisible ActivityRecord{5f89b35 u0 com.cyberlink.youcammakeup/.activity.SplashActivity t225} true
07-29 21:21:47.601  2463 27935 W ContextImpl: Calling a method in the system process without a qualified user: android.app.ContextImpl.sendBroadcast:1260 com.qualcomm.qti.Performance$SendGameLaunchBroadcast.run:248 java.lang.Thread.run:1012 <bottom of call stack> <bottom of call stack> 
07-29 21:21:47.601  2463  2517 I Transition: set flag to skip the keyguard Animation
07-29 21:21:47.604  4979  5212 I MultiTaskingTaskRepository: needSkip: is home task
07-29 21:21:47.604  4979  5212 W MultiTaskingTaskRepository: onToBackTransitionReady putOrUpdateTaskInfo skip
07-29 21:21:47.604  2463  4473 I BarFollowAnimation:  getHomeVersion  defaultLauncher = com.miui.home value = 1
07-29 21:21:47.604  2463  4473 I BarFollowAnimation: Execute startStatusBarAnimation for info = {id=372 t=OPEN f=0x4000000 trk=0 r=[0@Point(0, 0)] c=[{WCT{RemoteToken{3a1be39 Task{a24b5b1 #225 type=standard A=10380:com.cyberlink.youcammakeup}}} m=OPEN f=NONE leash=Surface(name=Task=225#4406)/@0xaa5d058 sb=Rect(0, 0 - 1200, 2670) eb=Rect(0, 0 - 1200, 2670) d=0 taskParent=-1 v=true},{WCT{RemoteToken{124f463 Task{a0f1d04 #1 type=home}}} m=TO_BACK f=SHOW_WALLPAPER leash=Surface(name=Task=1#45)/@0x3f4c517 sb=Rect(0, 0 - 1200, 2670) eb=Rect(0, 0 - 1200, 2670) d=0 taskParent=-1 v=false}] mk=[false] noAni=[false] df=[false] oa=[false] sa=[false] ho=[false] iSync=[-1]} mStatusState = -1 mIsFromApp = false isRecent = false
07-29 21:21:47.604  4979  5212 I ShellTransitions: Is abandon offsetY: false
07-29 21:21:47.604  4979  5212 I ShellTransitions: Is abandon offsetY: false
07-29 21:21:47.604  4979  5212 E KeyguardTransitionHandlerImpl: activityCount = 0
07-29 21:21:47.604  4979  5212 E KeyguardTransitionHandlerImpl: activityCount = 0
07-29 21:21:47.606 14535 14535 I MessageMonitor: Load libmiui_runtime
07-29 21:21:47.607  2463  4473 E BarFollowAnimation: isHomeDark = 0 currentDark = 0 isFullGesture = true
07-29 21:21:47.607  2463  4473 E BarFollowAnimation: isHomeDark = 0 currentDark = 0 isFullGesture = true
07-29 21:21:47.608  2463  5539 I MultiSenceManagerInternalStub: getInstance
07-29 21:21:47.608  7910 11395 W SQLiteLog: (28) double-quoted string literal: "com.cyberlink.youcammakeup"
07-29 21:21:47.610  4979  5351 W libc    : Access denied finding property "vendor.gpp.create_frc_extension"
07-29 21:21:47.611 18794 18794 I artd    : Dex parent of /data/app/~~ijk74PmpYwRJ1jS66SinXg==/com.cyberlink.youcammakeup-Ws4g1Ng1GW0Jprcxh0wyQg==/base.apk is not writable: Permission denied
07-29 21:21:47.611 18794 18794 I artd    : GetBestInfo checking odex in dalvik-cache (/data/dalvik-cache/arm64/data@app@~~ijk74PmpYwRJ1jS66SinXg==@com.cyberlink.youcammakeup-Ws4g1Ng1GW0Jprcxh0wyQg==@base.apk@classes.dex)
07-29 21:21:47.611 18794 18794 I artd    : Loading /data/dalvik-cache/arm64/data@app@~~ijk74PmpYwRJ1jS66SinXg==@com.cyberlink.youcammakeup-Ws4g1Ng1GW0Jprcxh0wyQg==@base.apk@classes.dex with executable: 0
07-29 21:21:47.611 18794 18794 I artd    : OatFileAssistant test for existing oat file /data/dalvik-cache/arm64/data@app@~~ijk74PmpYwRJ1jS66SinXg==@com.cyberlink.youcammakeup-Ws4g1Ng1GW0Jprcxh0wyQg==@base.apk@classes.dex: File /data/dalvik-cache/arm64/data@app@~~ijk74PmpYwRJ1jS66SinXg==@com.cyberlink.youcammakeup-Ws4g1Ng1GW0Jprcxh0wyQg==@base.apk@classes.vdex does not exist.
07-29 21:21:47.611 18794 18794 I artd    : GetBestInfo checking odex next to the dex file (/data/app/~~ijk74PmpYwRJ1jS66SinXg==/com.cyberlink.youcammakeup-Ws4g1Ng1GW0Jprcxh0wyQg==/oat/arm64/base.odex)
07-29 21:21:47.611 18794 18794 I artd    : Loading /data/app/~~ijk74PmpYwRJ1jS66SinXg==/com.cyberlink.youcammakeup-Ws4g1Ng1GW0Jprcxh0wyQg==/oat/arm64/base.odex with executable: 0
07-29 21:21:47.611 18794 18794 I artd    : Successfully loaded /data/app/~~ijk74PmpYwRJ1jS66SinXg==/com.cyberlink.youcammakeup-Ws4g1Ng1GW0Jprcxh0wyQg==/oat/arm64/base.odex with executable: 0
07-29 21:21:47.611  2463  5533 W UserManagerService: Requested status bar icon for non-badged user 0
07-29 21:21:47.612 18794 18794 I artd    : /data/app/~~ijk74PmpYwRJ1jS66SinXg==/com.cyberlink.youcammakeup-Ws4g1Ng1GW0Jprcxh0wyQg==/oat/arm64/base.odex is kOatUpToDate with filter verify
07-29 21:21:47.614  3002  6353 E libsensor-parseRGB: CWB NotifyCWBBufferDone  error 0
07-29 21:21:47.615  2463  4205 I MiuiNetworkPolicy: updateUidState uid = 10261, uidState = 10
07-29 21:21:47.615  2463  4205 I MiuiNetworkPolicy: updateUidState uid = 10158, uidState = 10
07-29 21:21:47.615  4979  5421 W qdgralloc: getInterlacedFlag: getMetaData returned 3, defaulting to interlaced_flag = 0
07-29 21:21:47.616  9900  9900 I Market-ServiceUtils: startForeground: AppActiveStatService
07-29 21:21:47.617  1839  7237 E ANDR-PERF-LM: MetaMeter: handleAsync() 166: AdaptLaunch Invalid Async
07-29 21:21:47.617  4979  5351 I Choreographer: first vsync insert message into MessageQueue Head
07-29 21:21:47.618  2463  4403 E HyperSentinel: -------------------------------------------------------
07-29 21:21:47.618  2463  4403 E HyperSentinel: Event_ThreadAmount
07-29 21:21:47.618  2463  4403 E HyperSentinel: -> audit event by proc 14535 "usap64": running threads amount, 0 -> 12
07-29 21:21:47.620  2463  5533 W ActivityManager: Foreground service started from background can not have location/camera/microphone access: service com.xiaomi.market/.service.AppActiveStatService
07-29 21:21:47.620  2463  5533 I ActivityManager: Background started FGS: Allowed [callingPackage: com.xiaomi.market; callingUid: 10167; uidState: SVC ; uidBFSL: n/a; intent: Intent { cmp=com.xiaomi.market/.service.AppActiveStatService (has extras) }; code:SYSTEM_ALERT_WINDOW_PERMISSION; tempAllowListReason:<,reasonCode:SYSTEM_ALLOW_LISTED,duration:9223372036854775807,callingUid:-1>; targetSdkVersion:33; callerTargetSdkVersion:33; startForegroundCount:0; bindFromPackage:null: isBindService:false]
07-29 21:21:47.621  2463  5533 W ForegroundServiceTypeLoggerModule: Foreground service start for UID: 10167 does not have any types
07-29 21:21:47.621  2463  2514 I Location.SSRU: foregroundActivities IS trueUID ID 10380, home is false
07-29 21:21:47.621 14535 14535 I JavaheapMonitor: Java heap monitor start.
07-29 21:21:47.623  3118  3325 E VA_AppStateWatcher: handleMessage: return!
07-29 21:21:47.624  2463  4205 I MiuiNetworkPolicy: updateUidState uid = 10380, uidState = 2
07-29 21:21:47.626  2463  4205 I MiuiNetworkPolicyTrafficLimit: updateWhiteListUidForMobileTraffic uid=10380,add=true
07-29 21:21:47.627  2463  4205 I MiuiNetworkPolicy: updateUidState uid = 10261, uidState = 4
07-29 21:21:47.627  2463  4205 I MiuiNetworkPolicyTrafficLimit: updateWhiteListUidForMobileTraffic uid=10261,add=true
07-29 21:21:47.627  2463  4205 I MiuiNetworkPolicy: updateUidState uid = 10203, uidState = 4
07-29 21:21:47.627  2463  4205 I MiuiNetworkPolicy: updateUidState uid = 10167, uidState = 4
07-29 21:21:47.627  2463  4205 I MiuiNetworkPolicyTrafficLimit: updateWhiteListUidForMobileTraffic uid=10167,add=true
07-29 21:21:47.627  2463  4205 I MiuiNetworkPolicy: updateUidState uid = 10158, uidState = 4
07-29 21:21:47.627  1827  1827 I MiClstc : DropLayers erase layer 1252
07-29 21:21:47.627  1827  1827 I MiClstc : DropLayers erase layer 1253
07-29 21:21:47.628  2463  4205 I MiuiNetworkPolicyTrafficLimit: updateWhiteListUidForMobileTraffic uid=10158,add=true
07-29 21:21:47.630  2463  2517 I WindowManager: wms.showSurfaceRobustly mWin:Window{86be1e8 u0 Splash Screen com.cyberlink.youcammakeup}
07-29 21:21:47.631  2463  5121 I ClipboardServiceI: checkProviderWakePathForClipboard: primaryClip is null
07-29 21:21:47.631 14535 14535 I Perf    : Connecting to perf service.
07-29 21:21:47.635  2463  5121 I ClipboardServiceI: checkProviderWakePathForClipboard: primaryClip is null
07-29 21:21:47.635 14535 27959 I ActivityThread: TrafficStats init done
07-29 21:21:47.637 14535 14535 I LoadedApk: No resource references to update in package com.cyberlink.youcammakeup.dynamic_pfrtc
07-29 21:21:47.639 14535 27959 I ForceDarkHelperStubImpl: initialize for com.cyberlink.youcammakeup , ForceDarkOrigin
07-29 21:21:47.641 14535 27959 I MiuiForceDarkConfig: setConfig density:3.000000, mainRule:0, secondaryRule:0, tertiaryRule:0
07-29 21:21:47.651 14535 27959 I ActivityThread: Miui Feature Init done
07-29 21:21:47.658  1827  2397 I MiStcImpl: Dispatching command: 3 PCC
07-29 21:21:47.660  2463  4408 W ActivityManager: pid 2463 system sent binder code 31101 with flags 0 to frozen apps and got error -74
07-29 21:21:47.661 14535 14535 I FirebaseInitProvider: FirebaseApp initialization successful
07-29 21:21:47.662 14535 14535 I CrashlyticsInitProvider: CrashlyticsInitProvider skipping initialization
07-29 21:21:47.663  2463  4403 E HyperSentinel: -------------------------------------------------------
07-29 21:21:47.663  2463  4403 E HyperSentinel: Event_ResidentSize
07-29 21:21:47.663  2463  4403 E HyperSentinel: -> audit event by proc 14535 "usap64": RSS increasement, peak 86288kb -> 131196kb
07-29 21:21:47.663  2463  4403 E HyperSentinel: -------------------------------------------------------
07-29 21:21:47.663  2463  4403 E HyperSentinel: Event_ThreadAmount
07-29 21:21:47.663  2463  4403 E HyperSentinel: -> audit event by proc 14535 "usap64": running threads amount, 12 -> 23
07-29 21:21:47.671 14535 14535 W com.facebook.UserSettingsManager: Please set a value for AutoLogAppEventsEnabled. Set the flag to TRUE if you want to collect app install, app launch and in-app purchase events automatically. To request user consent before collecting data, set the flag value to FALSE, then change to TRUE once user consent is received. Learn more: https://developers.facebook.com/docs/app-events/getting-started-app-events-android#disable-auto-events.
07-29 21:21:47.678 14535 14535 W com.facebook.UserSettingsManager: You haven't set a value for AdvertiserIDCollectionEnabled. Set the flag to TRUE if you want to collect Advertiser ID for better advertising and analytics results. To request user consent before collecting data, set the flag value to FALSE, then change to TRUE once user consent is received. Learn more: https://developers.facebook.com/docs/app-events/getting-started-app-events-android#disable-auto-events.
07-29 21:21:47.682  2463  4205 I MiuiNetworkPolicy: updateUidState uid = 10130, uidState = 3
07-29 21:21:47.683  2463  5121 I ClipboardServiceI: checkProviderWakePathForClipboard: primaryClip is null
07-29 21:21:47.686  8013  8892 I SCTaskStackListener: onTaskStackChanged! inSplit = false
07-29 21:21:47.687  4497  5505 W RecentsModel: getRunningTask   taskInfo=TaskInfo{userId=0 taskId=225 displayId=0 isRunning=true baseIntent=Intent { act=android.intent.action.MAIN cat=[android.intent.category.LAUNCHER] flg=0x10000000 cmp=com.cyberlink.youcammakeup/.activity.SplashActivity } baseActivity=ComponentInfo{com.cyberlink.youcammakeup/com.cyberlink.youcammakeup.activity.SplashActivity} topActivity=ComponentInfo{com.cyberlink.youcammakeup/com.cyberlink.youcammakeup.activity.SplashActivity} origActivity=null realActivity=ComponentInfo{com.cyberlink.youcammakeup/com.cyberlink.youcammakeup.activity.SplashActivity} numActivities=1 lastActiveTime=21146008 supportsSplitScreenMultiWindow=true supportsMultiWindow=true resizeMode=1 isResizeable=true minWidth=-1 minHeight=-1 defaultMinSize=200 token=WCT{android.window.IWindowContainerToken$Stub$Proxy@28dc96d} topActivityType=1 pictureInPictureParams=null shouldDockBigOverlays=false launchIntoPipHostTaskId=-1 lastParentTaskIdBeforePip=-1 displayCutoutSafeInsets=Rect(0, 116 - 0, 0) topActivityInfo=ActivityInfo{10c29a2 com.cyberlink.youcammakeup.activity.SplashActivity} launchCookies=[] positionInParent=Point(0, 0) parentTaskId=-1 isFocused=false isVisible=true isVisibleRequested=true isSleeping=false locusId=null displayAreaFeatureId=1 isTopActivityTransparent=false appCompatTaskInfo=AppCompatTaskInfo { topActivityInSizeCompat=false topActivityInMiuiSizeCompat=false topActivityEligibleForLetterboxEducation= falseisLetterboxEducationEnabled= false isLetterboxDoubleTapEnabled= false topActivityEligibleForUserAspectRatioButton= false topActivityBoundsLetterboxed= false isFromLetterboxDoubleTap= false topActivityLetterboxVerticalPosition= -1 topActivityLetterboxHorizontalPosition= -1 topActivityLetterboxWidth=1200 topActivityLetterboxHeight=2670 isUserFullscreenOverrideEnabled=false isSystemFullscreenOverrideEnabled=false cameraCompatTaskInfo=CameraCompatTaskInfo { cameraCompatControlState=hidden freeformCameraCompatMode=inactive}} isImmersive=false mTopActivityRequestOrientation=1 mBehindAppLockPkg=null mOriginatingUid=0 isEmbedded=false shouldBeVisible=true isCreatedByOrganizer=false mIsCastMode=false mTopActivityMediaSize=null mTopActivityRecordName=ActivityRecord{5f89b35 u0 com.cyberlink.youcammakeup/.activity.SplashActivity t225} mTopActivityOrientation=1}
07-29 21:21:47.687  4497  5505 E ActivityManagerWrapper: get all recent tasks force including 225
07-29 21:21:47.690  8013 10665 I SCTaskStackListener: onTaskStackChanged! inSplit = false
07-29 21:21:47.690  2463  5441 I ClipboardServiceI: checkProviderWakePathForClipboard: primaryClip is null
07-29 21:21:47.692  4497  5505 E ActivityManagerWrapper: getRecentTasksForceIncludingTaskIdIfValid: getRecentTasks: size=3
07-29 21:21:47.692  4497  5505 E ActivityManagerWrapper:  mainTaskId=225   userId=0   windowMode=1   baseIntent=Intent { act=android.intent.action.MAIN flag=268435456 cmp=ComponentInfo{com.cyberlink.youcammakeup/com.cyberlink.youcammakeup.activity.SplashActivity} }
07-29 21:21:47.692  4497  5505 E ActivityManagerWrapper:  mainTaskId=188   userId=0   windowMode=1   baseIntent=Intent { act=android.intent.action.MAIN flag=270532608 cmp=ComponentInfo{com.android.settings/com.android.settings.MainSettings} }
07-29 21:21:47.692  4497  5505 E ActivityManagerWrapper:  mainTaskId=177   userId=0   windowMode=1   baseIntent=Intent { act=android.intent.action.MAIN flag=270532608 cmp=ComponentInfo{com.getsurfboard/com.getsurfboard.ui.activity.MainActivity} }
07-29 21:21:47.693  1921  8844 I NxpNciR : len =  13 > 6F360A190200A202000000000C
07-29 21:21:47.693  4497  5505 W RecentsModel: getRunningTask   taskInfo=TaskInfo{userId=0 taskId=225 displayId=0 isRunning=true baseIntent=Intent { act=android.intent.action.MAIN cat=[android.intent.category.LAUNCHER] flg=0x10000000 cmp=com.cyberlink.youcammakeup/.activity.SplashActivity } baseActivity=ComponentInfo{com.cyberlink.youcammakeup/com.cyberlink.youcammakeup.activity.SplashActivity} topActivity=ComponentInfo{com.cyberlink.youcammakeup/com.cyberlink.youcammakeup.activity.SplashActivity} origActivity=null realActivity=ComponentInfo{com.cyberlink.youcammakeup/com.cyberlink.youcammakeup.activity.SplashActivity} numActivities=1 lastActiveTime=21146015 supportsSplitScreenMultiWindow=true supportsMultiWindow=true resizeMode=1 isResizeable=true minWidth=-1 minHeight=-1 defaultMinSize=200 token=WCT{android.window.IWindowContainerToken$Stub$Proxy@f689df0} topActivityType=1 pictureInPictureParams=null shouldDockBigOverlays=false launchIntoPipHostTaskId=-1 lastParentTaskIdBeforePip=-1 displayCutoutSafeInsets=Rect(0, 116 - 0, 0) topActivityInfo=ActivityInfo{74a8f69 com.cyberlink.youcammakeup.activity.SplashActivity} launchCookies=[] positionInParent=Point(0, 0) parentTaskId=-1 isFocused=false isVisible=true isVisibleRequested=true isSleeping=false locusId=null displayAreaFeatureId=1 isTopActivityTransparent=false appCompatTaskInfo=AppCompatTaskInfo { topActivityInSizeCompat=false topActivityInMiuiSizeCompat=false topActivityEligibleForLetterboxEducation= falseisLetterboxEducationEnabled= false isLetterboxDoubleTapEnabled= false topActivityEligibleForUserAspectRatioButton= false topActivityBoundsLetterboxed= false isFromLetterboxDoubleTap= false topActivityLetterboxVerticalPosition= -1 topActivityLetterboxHorizontalPosition= -1 topActivityLetterboxWidth=1200 topActivityLetterboxHeight=2670 isUserFullscreenOverrideEnabled=false isSystemFullscreenOverrideEnabled=false cameraCompatTaskInfo=CameraCompatTaskInfo { cameraCompatControlState=hidden freeformCameraCompatMode=inactive}} isImmersive=false mTopActivityRequestOrientation=1 mBehindAppLockPkg=null mOriginatingUid=0 isEmbedded=false shouldBeVisible=true isCreatedByOrganizer=false mIsCastMode=false mTopActivityMediaSize=null mTopActivityRecordName=ActivityRecord{5f89b35 u0 com.cyberlink.youcammakeup/.activity.SplashActivity t225} mTopActivityOrientation=1}
07-29 21:21:47.693  4497  5505 E ActivityManagerWrapper: get all recent tasks force including 225
07-29 21:21:47.696  4497  5505 E ActivityManagerWrapper: getRecentTasksForceIncludingTaskIdIfValid: getRecentTasks: size=3
07-29 21:21:47.696  4497  5505 E ActivityManagerWrapper:  mainTaskId=225   userId=0   windowMode=1   baseIntent=Intent { act=android.intent.action.MAIN flag=268435456 cmp=ComponentInfo{com.cyberlink.youcammakeup/com.cyberlink.youcammakeup.activity.SplashActivity} }
07-29 21:21:47.696  4497  5505 E ActivityManagerWrapper:  mainTaskId=188   userId=0   windowMode=1   baseIntent=Intent { act=android.intent.action.MAIN flag=270532608 cmp=ComponentInfo{com.android.settings/com.android.settings.MainSettings} }
07-29 21:21:47.696  4497  5505 E ActivityManagerWrapper:  mainTaskId=177   userId=0   windowMode=1   baseIntent=Intent { act=android.intent.action.MAIN flag=270532608 cmp=ComponentInfo{com.getsurfboard/com.getsurfboard.ui.activity.MainActivity} }
07-29 21:21:47.697 13666 17476 W surfboard: tcp pair replaced, source port 57256 dest port 443
07-29 21:21:47.697 13666 17476 W surfboard: tcp pair replaced, source port 57240 dest port 443
07-29 21:21:47.697 14535 28001 W FirebaseRemoteConfig: No value of type 'FirebaseRemoteConfigValue' exists for parameter key 'fpr_enabled'.
07-29 21:21:47.702  4497  5235 W BackgroundTaskLoader: callObjectMethod
07-29 21:21:47.702  4497  5235 W BackgroundTaskLoader: java.lang.IllegalArgumentException: The image dimensions must be positive
07-29 21:21:47.702  4497  5235 W BackgroundTaskLoader: 	at android.media.ImageReader.initializeImageReader(ImageReader.java:320)
07-29 21:21:47.702  4497  5235 W BackgroundTaskLoader: 	at android.media.ImageReader.<init>(ImageReader.java:364)
07-29 21:21:47.702  4497  5235 W BackgroundTaskLoader: 	at android.media.ImageReader.newInstance(ImageReader.java:299)
07-29 21:21:47.702  4497  5235 W BackgroundTaskLoader: 	at com.miui.home.library.rs.RenderEffectImageProcessor$Params.<init>(RenderEffectImageProcessor.kt:68)
07-29 21:21:47.702  4497  5235 W BackgroundTaskLoader: 	at com.miui.home.library.rs.RenderEffectImageProcessor.configureInputAndOutput(RenderEffectImageProcessor.kt:17)
07-29 21:21:47.702  4497  5235 W BackgroundTaskLoader: 	at com.android.systemui.shared.recents.model.BackgroundTaskLoader.blur(RecentsTaskLoader.java:286)
07-29 21:21:47.702  4497  5235 W BackgroundTaskLoader: 	at com.android.systemui.shared.recents.model.BackgroundTaskLoader.getThumbnailData(RecentsTaskLoader.java:269)
07-29 21:21:47.702  4497  5235 W BackgroundTaskLoader: 	at com.android.systemui.shared.recents.model.BackgroundTaskLoader.postNotifyTask(RecentsTaskLoader.java:191)
07-29 21:21:47.702  4497  5235 W BackgroundTaskLoader: 	at com.android.systemui.shared.recents.model.BackgroundTaskLoader.run(RecentsTaskLoader.java:222)
07-29 21:21:47.702  4497  5235 W BackgroundTaskLoader: 	at android.os.Handler.handleCallback(Handler.java:959)
07-29 21:21:47.702  4497  5235 W BackgroundTaskLoader: 	at android.os.Handler.dispatchMessage(Handler.java:100)
07-29 21:21:47.702  4497  5235 W BackgroundTaskLoader: 	at android.os.Looper.loopOnce(Looper.java:249)
07-29 21:21:47.702  4497  5235 W BackgroundTaskLoader: 	at android.os.Looper.loop(Looper.java:337)
07-29 21:21:47.702  4497  5235 W BackgroundTaskLoader: 	at android.os.HandlerThread.run(HandlerThread.java:85)
07-29 21:21:47.703 14535 27970 W nk.youcammakeup: Unsupported class loader
07-29 21:21:47.703 14535 27970 W nk.youcammakeup: Unsupported class loader
07-29 21:21:47.703 14535 27970 W nk.youcammakeup: Unsupported class loader
07-29 21:21:47.703  4497  5235 W BackgroundTaskLoader: callObjectMethod
07-29 21:21:47.703  4497  5235 W BackgroundTaskLoader: java.lang.IllegalArgumentException: The image dimensions must be positive
07-29 21:21:47.703  4497  5235 W BackgroundTaskLoader: 	at android.media.ImageReader.initializeImageReader(ImageReader.java:320)
07-29 21:21:47.703  4497  5235 W BackgroundTaskLoader: 	at android.media.ImageReader.<init>(ImageReader.java:364)
07-29 21:21:47.703  4497  5235 W BackgroundTaskLoader: 	at android.media.ImageReader.newInstance(ImageReader.java:299)
07-29 21:21:47.703  4497  5235 W BackgroundTaskLoader: 	at com.miui.home.library.rs.RenderEffectImageProcessor$Params.<init>(RenderEffectImageProcessor.kt:68)
07-29 21:21:47.703  4497  5235 W BackgroundTaskLoader: 	at com.miui.home.library.rs.RenderEffectImageProcessor.configureInputAndOutput(RenderEffectImageProcessor.kt:17)
07-29 21:21:47.703  4497  5235 W BackgroundTaskLoader: 	at com.android.systemui.shared.recents.model.BackgroundTaskLoader.blur(RecentsTaskLoader.java:286)
07-29 21:21:47.703  4497  5235 W BackgroundTaskLoader: 	at com.android.systemui.shared.recents.model.BackgroundTaskLoader.getThumbnailData(RecentsTaskLoader.java:269)
07-29 21:21:47.703  4497  5235 W BackgroundTaskLoader: 	at com.android.systemui.shared.recents.model.BackgroundTaskLoader.postNotifyTask(RecentsTaskLoader.java:191)
07-29 21:21:47.703  4497  5235 W BackgroundTaskLoader: 	at com.android.systemui.shared.recents.model.BackgroundTaskLoader.run(RecentsTaskLoader.java:222)
07-29 21:21:47.703  4497  5235 W BackgroundTaskLoader: 	at android.os.Handler.handleCallback(Handler.java:959)
07-29 21:21:47.703  4497  5235 W BackgroundTaskLoader: 	at android.os.Handler.dispatchMessage(Handler.java:100)
07-29 21:21:47.703  4497  5235 W BackgroundTaskLoader: 	at android.os.Looper.loopOnce(Looper.java:249)
07-29 21:21:47.703  4497  5235 W BackgroundTaskLoader: 	at android.os.Looper.loop(Looper.java:337)
07-29 21:21:47.703  4497  5235 W BackgroundTaskLoader: 	at android.os.HandlerThread.run(HandlerThread.java:85)
07-29 21:21:47.707 14535 14535 I CrashlyticsCore: Initializing Crashlytics Core 2.7.0.33
07-29 21:21:47.709 14535 27970 I DynamiteModule: Considering local module com.google.android.gms.ads.dynamite:0 and remote module com.google.android.gms.ads.dynamite:251815204
07-29 21:21:47.709 14535 27970 I DynamiteModule: Selected remote version of com.google.android.gms.ads.dynamite, version >= 251815204
07-29 21:21:47.712  2463  4403 E HyperSentinel: -------------------------------------------------------
07-29 21:21:47.712  2463  4403 E HyperSentinel: Event_ThreadAmount
07-29 21:21:47.712  2463  4403 E HyperSentinel: -> audit event by proc 14535 "usap64": running threads amount, 23 -> 45
07-29 21:21:47.712  2463  4403 E HyperSentinel: -------------------------------------------------------
07-29 21:21:47.712  2463  4403 E HyperSentinel: Event_ResidentSize
07-29 21:21:47.712  2463  4403 E HyperSentinel: -> audit event by proc 14535 "usap64": RSS increasement, peak 131196kb -> 196872kb
07-29 21:21:47.719 14535 14535 W FirebaseRemoteConfig: No value of type 'String' exists for parameter key 'A_download_connection_timeout'.
07-29 21:21:47.719 14535 14535 W FirebaseRemoteConfig: No value of type 'String' exists for parameter key 'A_download_read_timeout'.
07-29 21:21:47.728  1827  2397 I MiStcImpl: Dispatching command: 3 PCC
07-29 21:21:47.730  2463  4408 W ActivityManager: pid 2463 system sent binder code 31101 with flags 0 to frozen apps and got error -74
07-29 21:21:47.733 14535 28029 I DeviceCapability: Predefined: null
07-29 21:21:47.735  2463  5526 W MiuiBoosterUtils: enable_miuibooster_launch : false
07-29 21:21:47.736  4979  5212 I MiuiBubbleController: removeBubble: 225 reason=2
07-29 21:21:47.737  4979  5212 I MultiTaskingTaskRepository: onTaskInfoChanged multi list = [], full = [225, 188, 177]
07-29 21:21:47.737  2463  5526 E ActivityTaskManager: Unable to get servicetracker HAL instance
07-29 21:21:47.739 14535 27970 W System  : ClassLoader referenced unknown path: 
07-29 21:21:47.739  2463 15424 I AccountManagerService: notifying package=com.xiaomi.account for userId=0, sending broadcast of android.accounts.action.VISIBLE_ACCOUNTS_CHANGED
07-29 21:21:47.740 14535 27959 I ActivityThread: HardwareRenderer preload  done
07-29 21:21:47.741  2463 15424 I AccountManagerService: notifying package=com.milink.service for userId=0, sending broadcast of android.accounts.action.VISIBLE_ACCOUNTS_CHANGED
07-29 21:21:47.741  2463 15424 I AccountManagerService: notifying package=com.android.vending for userId=0, sending broadcast of android.accounts.action.VISIBLE_ACCOUNTS_CHANGED
07-29 21:21:47.742  2463 15424 I AccountManagerService: notifying package=com.xiaomi.mi_connect_service for userId=0, sending broadcast of android.accounts.action.VISIBLE_ACCOUNTS_CHANGED
07-29 21:21:47.743  2463 15424 I AccountManagerService: callingUid=10380, userId=0 added account
07-29 21:21:47.743  2463 15424 I AccountManagerService: the accountType= com.cyberlink.beautycircle changed with useCase=addAccount for userId=0, sending broadcast of android.accounts.LOGIN_ACCOUNTS_CHANGED
07-29 21:21:47.743 14535 27970 W ziparchive: Unable to open '/data/user_de/0/com.google.android.gms/app_chimera/m/0000001c/dl-AdsFdrDynamite.integ_251815204100000.dm': No such file or directory
07-29 21:21:47.743 14535 27970 W ziparchive: Unable to open '/data/user_de/0/com.google.android.gms/app_chimera/m/0000001c/dl-AdsFdrDynamite.integ_251815204100000.dm': No such file or directory
07-29 21:21:47.744  8510  8615 I AICall_MemoryTrim: binder:8510_1 onAppBackground()
07-29 21:21:47.744  9744 32182 I GST     : forePkg: com.cyberlink.youcammakeup, preForePkg: com.miui.home
07-29 21:21:47.744  2463  4369 I NetworkBoostStatusManager: onForegroundInfoChanged uid:10380, isColdStart:true
07-29 21:21:47.744  2463  4369 I SLM-SRV-SLAToast: foreground uid:10380, isColdStart:true, isLinkTurboEnable:false
07-29 21:21:47.745  2463  2509 E SSRU-RUS: Don't have packages for uid 99013
07-29 21:21:47.745  8013 10665 I ProcessMonitor: onForegroundInfoChanged: ForegroundInfo{mForegroundPackageName='com.cyberlink.youcammakeup', mForegroundUid=10380, mForegroundPid=14535, mLastForegroundPackageName='com.miui.home', mLastForegroundUid=10138, mLastForegroundPid=4497, mMultiWindowForegroundPackageName='com.cyberlink.youcammakeup', mMultiWindowForegroundUid=10380, mFlags=1}
07-29 21:21:47.746  2463  4205 I MiuiNetworkPolicy: updateUidState uid = 99013, uidState = 3
07-29 21:21:47.746  2463  4205 I MiuiNetworkPolicy: updateUidState uid = 10130, uidState = 3
07-29 21:21:47.746  1844  1844 I vendor.qti.hardware.servicetrackeraidl-service: bindService is called for service : com.google.android.gms/.ads.identifier.service.AdvertisingIdService and for client com.cyberlink.youcammakeup
07-29 21:21:47.746  1844  1844 I vendor.qti.hardware.servicetrackeraidl-service: total connections for service : com.google.android.gms/.ads.identifier.service.AdvertisingIdServiceare :1
07-29 21:21:47.746  1844  1844 I vendor.qti.hardware.servicetrackeraidl-service: total connections for client : com.cyberlink.youcammakeupare :1
07-29 21:21:47.748  8013 10665 I GameBoosterService: onForegroundInfoChanged: Cur=com.cyberlink.youcammakeup	 last=com.miui.home
07-29 21:21:47.748  8013 10665 I VideoBoxUtils: isSupportVideoBox: true
07-29 21:21:47.748  8013 10665 I VideoToolBoxService: vtb is closed!!!
07-29 21:21:47.748  8013 10665 I AppPredictPrivacyLaunchManager: getLauncherHomeAppList size: 75
07-29 21:21:47.748  8013 10665 I AppPredictService: difTIme = 85958
07-29 21:21:47.748  8013  9646 E SuggestManager: openApp name = com.cyberlink.youcammakeup
07-29 21:21:47.748  8013  9646 I NewAutoTaskManager: app use - delay = 9223372036854775807, doRemove = false, doPost = false
07-29 21:21:47.749  2463  4369 I AudioGameEffect: foreground change to com.cyberlink.youcammakeup, last foreground is com.miui.home
07-29 21:21:47.750  8013  9672 E b       : insert result = 1603
07-29 21:21:47.752  1844  1844 I vendor.qti.hardware.servicetrackeraidl-service: bindService is called for service : com.google.android.gms/.ads.identifier.service.AdvertisingIdService and for client com.cyberlink.youcammakeup
07-29 21:21:47.752  1844  1844 I vendor.qti.hardware.servicetrackeraidl-service: total connections for service : com.google.android.gms/.ads.identifier.service.AdvertisingIdServiceare :1
07-29 21:21:47.752  1844  1844 I vendor.qti.hardware.servicetrackeraidl-service: total connections for client : com.cyberlink.youcammakeupare :1
07-29 21:21:47.753  8013  8972 W MIUISafety-Monitor: screen share ensure fg = com.cyberlink.youcammakeup protect = false
07-29 21:21:47.754  8013 10665 W ContextImpl: Calling a method in the system process without a qualified user: android.app.ContextImpl.startService:1939 android.content.ContextWrapper.startService:843 v2.b.f:39 v2.b$c.onForegroundInfoChanged:21 com.miui.gamebooster.mutiwindow.b$a.onForegroundInfoChanged:152 
07-29 21:21:47.754  1844  1844 I vendor.qti.hardware.servicetrackeraidl-service: bindService is called for service : com.android.vending/com.google.android.finsky.billing.iab.InAppBillingService and for client com.cyberlink.youcammakeup
07-29 21:21:47.754  1844  1844 I vendor.qti.hardware.servicetrackeraidl-service: total connections for service : com.android.vending/com.google.android.finsky.billing.iab.InAppBillingServiceare :2
07-29 21:21:47.754  1844  1844 I vendor.qti.hardware.servicetrackeraidl-service: total connections for client : com.cyberlink.youcammakeupare :2
07-29 21:21:47.759  2463  4205 I MiuiNetworkPolicy: updateUidState uid = 10124, uidState = 3
07-29 21:21:47.759 14535 28043 W libc    : Access denied finding property "vendor.migl.debug"
07-29 21:21:47.759 14535 28043 I libMiGL : EnableDR: 0
07-29 21:21:47.761  8724  8724 I com.xiaomi.dm: onAccountsUpdated
07-29 21:21:47.761  2463  5533 I ClipboardServiceI: checkProviderWakePathForClipboard: primaryClip is null
07-29 21:21:47.761  8724  9572 I com.xiaomi.dm: onOnline, account:Account {name=3085********type=com.xiaomi}
07-29 21:21:47.762  1844  1844 I vendor.qti.hardware.servicetrackeraidl-service: bindService is called for service : com.google.android.gms/.ads.identifier.service.AdvertisingIdService and for client com.cyberlink.youcammakeup
07-29 21:21:47.762  1844  1844 I vendor.qti.hardware.servicetrackeraidl-service: total connections for service : com.google.android.gms/.ads.identifier.service.AdvertisingIdServiceare :1
07-29 21:21:47.762  1844  1844 I vendor.qti.hardware.servicetrackeraidl-service: total connections for client : com.cyberlink.youcammakeupare :2
07-29 21:21:47.762  8013 10665 I BeautyService: onForegroundInfoChanged: Cur=com.cyberlink.youcammakeup	 last=com.miui.home
07-29 21:21:47.762  2463  4205 I MiuiNetworkPolicyTrafficLimit: updateWhiteListUidForMobileTraffic uid=10124,add=true
07-29 21:21:47.763  2463  4403 E HyperSentinel: -------------------------------------------------------
07-29 21:21:47.764  2463  2530 I SmartPower: com.milink.service:iot/10178(0): -1->background(0ms) R(become background) adj=-10000.
07-29 21:21:47.764  2463  4403 E HyperSentinel: Event_ThreadAmount
07-29 21:21:47.764  2463  4403 E HyperSentinel: -> audit event by proc 14535 "usap64": running threads amount, 45 -> 78
07-29 21:21:47.764 14535 28043 I AdrenoGLES-0: QUALCOMM build                   : 0c7c4b37d5, I3988f0db60
07-29 21:21:47.764 14535 28043 I AdrenoGLES-0: Build Date                       : 10/18/24
07-29 21:21:47.764 14535 28043 I AdrenoGLES-0: OpenGL ES Shader Compiler Version: E031.45.02.19
07-29 21:21:47.764 14535 28043 I AdrenoGLES-0: Local Branch                     : 
07-29 21:21:47.764 14535 28043 I AdrenoGLES-0: Remote Branch                    : refs/tags/AU_LINUX_ANDROID_LA.VENDOR.14.3.0.R1.00.00.00.000.168
07-29 21:21:47.764 14535 28043 I AdrenoGLES-0: Remote Branch                    : NONE
07-29 21:21:47.764 14535 28043 I AdrenoGLES-0: Reconstruct Branch               : NOTHING
07-29 21:21:47.764 14535 28043 I AdrenoGLES-0: Build Config                     : S P 16.1.2 AArch64
07-29 21:21:47.764 14535 28043 I AdrenoGLES-0: Driver Path                      : /vendor/lib64/egl/libGLESv2_adreno.so
07-29 21:21:47.764 14535 28043 I AdrenoGLES-0: Driver Version                   : 0762.30
07-29 21:21:47.764 14535 28043 I AdrenoGLES-0: Process Name                     : com.cyberlink.youcammakeup
07-29 21:21:47.765 14535 28031 W DynamiteModule: Local module descriptor class for providerinstaller not found.
07-29 21:21:47.767  2463  2530 I SmartPower: com.miui.micloudsync/10161(8436): idle->background(21037581ms) R(broadcast start Intent { act=android.accounts.LOGIN_ACCOUNTS_CHANGED flg=0x5000010 }) adj=995.
07-29 21:21:47.772  2463  4205 I MiuiNetworkPolicy: updateUidState uid = 10161, uidState = 11
07-29 21:21:47.773 14535 28043 I AdrenoGLES-0: PFP: 0x01520175, ME: 0x01520023
07-29 21:21:47.776 31076  2246 W ProviderHelper: Unknown dynamite feature providerinstaller
07-29 21:21:47.777  2463  5065 W OptProp : Cannot read opt property android.window.PROPERTY_COMPAT_ALLOW_ORIENTATION_OVERRIDE
07-29 21:21:47.778  2463  5065 E ActivityTaskManager: Unable to get servicetracker HAL instance
07-29 21:21:47.778  2463  5065 E ActivityTaskManager: Unable to get servicetracker HAL instance
07-29 21:21:47.778  2463  5065 E WindowManager: setClientVisible ActivityRecord{8ef5785 u0 com.lbe.security.miui/com.android.packageinstaller.permission.ui.GrantPermissionsActivity true
07-29 21:21:47.778  2463  5065 W OptProp : Cannot read opt property android.window.PROPERTY_COMPAT_ALLOW_RESIZEABLE_ACTIVITY_OVERRIDES
07-29 21:21:47.778  2463  5065 W OptProp : Cannot read opt property android.window.PROPERTY_COMPAT_ALLOW_MIN_ASPECT_RATIO_OVERRIDE
07-29 21:21:47.778  2463  5065 I AnimInterruptController: FIS notify Foresee interrupt start:372
07-29 21:21:47.778  2463  5065 I ActivityTaskManager: isKeyguardEditor: false, newTransition: TransitionRecord{873b4e8 id=373 type=OPEN flags=0x0}
07-29 21:21:47.778  2463  5065 I SmartPower: com.lbe.security.miui:ui/10207(20449): background->invisible(589193ms) R(become foreground) adj=945.
07-29 21:21:47.778  2463  5065 I SmartPower: com.lbe.security.miui/10207(8974): background->invisible(589193ms) R(become foreground) adj=200.
07-29 21:21:47.779 14535 28054 I PushListener: 28054: Registration not found.
07-29 21:21:47.780 14535 28001 W FirebaseRemoteConfig: No value of type 'FirebaseRemoteConfigValue' exists for parameter key 'fpr_rl_time_limit_sec'.
07-29 21:21:47.780 14535 28001 W FirebaseRemoteConfig: No value of type 'FirebaseRemoteConfigValue' exists for parameter key 'fpr_rl_trace_event_count_fg'.
07-29 21:21:47.780 14535 28001 W FirebaseRemoteConfig: No value of type 'FirebaseRemoteConfigValue' exists for parameter key 'fpr_rl_time_limit_sec'.
07-29 21:21:47.780 14535 28001 W FirebaseRemoteConfig: No value of type 'FirebaseRemoteConfigValue' exists for parameter key 'fpr_rl_trace_event_count_bg'.
07-29 21:21:47.780 14535 28001 W FirebaseRemoteConfig: No value of type 'FirebaseRemoteConfigValue' exists for parameter key 'fpr_rl_time_limit_sec'.
07-29 21:21:47.780 14535 28001 W FirebaseRemoteConfig: No value of type 'FirebaseRemoteConfigValue' exists for parameter key 'fpr_rl_network_event_count_fg'.
07-29 21:21:47.780 14535 28001 W FirebaseRemoteConfig: No value of type 'FirebaseRemoteConfigValue' exists for parameter key 'fpr_rl_time_limit_sec'.
07-29 21:21:47.780 14535 28001 W FirebaseRemoteConfig: No value of type 'FirebaseRemoteConfigValue' exists for parameter key 'fpr_rl_network_event_count_bg'.
07-29 21:21:47.780 14535 28046 I ContentCatcher: ViewContentFetcher : ViewContentFetcher
07-29 21:21:47.780  4497  5224 E Launcher.Transfer: transfer is closed
07-29 21:21:47.780  1839  1966 E ANDR-PERF-UTIL: ANDR-PERF-UTIL: save_node_val() 366: Failed to read /sys/class/mmc_host/mmc0/clk_scaling/enable
07-29 21:21:47.781  1839  1966 E ANDR-PERF-OPTSHANDLER: ANDR-PERF-OPTSHANDLER: modify_sysfsnode() 1266: Failed to read /sys/class/mmc_host/mmc0/clk_scaling/enable
07-29 21:21:47.781  1839  1966 E ANDR-PERF-RESOURCEQS: ANDR-PERF-RESOURCEQS: AddAndApply() 167: Failed to apply optimization [11, 4]
07-29 21:21:47.781 14535 28001 W FirebaseRemoteConfig: No value of type 'FirebaseRemoteConfigValue' exists for parameter key 'fpr_log_source'.
07-29 21:21:47.781  1844  1844 I vendor.qti.hardware.servicetrackeraidl-service: bindService is called for service : com.cyberlink.youcammakeup/androidx.work.impl.background.systemjob.SystemJobService and for client system
07-29 21:21:47.781  1844  1844 I vendor.qti.hardware.servicetrackeraidl-service: total connections for service : com.cyberlink.youcammakeup/androidx.work.impl.background.systemjob.SystemJobServiceare :1
07-29 21:21:47.781  1844  1844 I vendor.qti.hardware.servicetrackeraidl-service: total connections for client : systemare :31
07-29 21:21:47.782 14535 28046 E ContentCatcherManager: failed to get ContentCatcherService.
07-29 21:21:47.783  1827  2752 I vendor.qti.hardware.display.composer-service: Sensor: notify citsensorservice to trigger cwb, misForced = 0
07-29 21:21:47.783  1839  7237 E ANDR-PERF-LM: MetaMeter: handleAsync() 166: AdaptLaunch Invalid Async
07-29 21:21:47.783  3002  4297 I libsensor-parseRGB: request dump start for mRequestDisplayId 0
07-29 21:21:47.783  2463  5065 I WindowManager: Try to add startingWindow type = STARTING_WINDOW_TYPE_NONE this = ActivityRecord{8ef5785 u0 com.lbe.security.miui/com.android.packageinstaller.permission.ui.GrantPermissionsActivity t225} preAllowTaskSnapshot = true afterAllowTaskSnapshot = true newTask = false taskSwitch = false processRunning = true activityCreated = false activityAllDrawn = false isSnapshotCompatible = false resolvedTheme = 0 theme = 2131821096
07-29 21:21:47.784  4905  5122 I DynamicDDSService: handleMessage(ACTIVITY_INVOKE{appInfo=com.lbe.security.miui isFullScreen=}true)
07-29 21:21:47.784  2463  5065 E ActivityTaskManager: Unable to get servicetracker HAL instance
07-29 21:21:47.784  1839  1966 E ANDR-PERF-UTIL: ANDR-PERF-UTIL: save_node_val() 366: Failed to read /sys/class/mmc_host/mmc0/clk_scaling/enable
07-29 21:21:47.784  1839  1966 E ANDR-PERF-OPTSHANDLER: ANDR-PERF-OPTSHANDLER: modify_sysfsnode() 1266: Failed to read /sys/class/mmc_host/mmc0/clk_scaling/enable
07-29 21:21:47.784  1839  1966 E ANDR-PERF-RESOURCEQS: ANDR-PERF-RESOURCEQS: AddAndApply() 167: Failed to apply optimization [11, 4]
07-29 21:21:47.784  1870  1870 I qspmHal : enter getGpuProf at: 1448651016
07-29 21:21:47.784  1870  1870 I qspmHal : gpuProfName:com.cyberlink.youcammakeup-gpu - gpu prof_info.path:/data/vendor/gaming/com.cyberlink.youcammakeup-gpu
07-29 21:21:47.784  1870  1870 I qspmHal : PID 14535 from GFX matched.
07-29 21:21:47.784  1870  1870 E qspmHal : GPU profile file NOT found !!
07-29 21:21:47.785  2463  5065 I ActivityTaskManager: START u0 {act=android.content.pm.action.REQUEST_PERMISSIONS pkg=com.lbe.security.miui cmp=com.lbe.security.miui/com.android.packageinstaller.permission.ui.GrantPermissionsActivity (has extras)} with LAUNCH_MULTIPLE from uid 10380 from pid 14535 callingPackage com.cyberlink.youcammakeup (BAL_ALLOW_VISIBLE_WINDOW) result code=0
07-29 21:21:47.785  7078  7078 I AccountChangedReceiver: onReceive: android.accounts.LOGIN_ACCOUNTS_CHANGED
07-29 21:21:47.786 14535 28046 E ContentCatcherManager: failed to get ContentCatcherService.
07-29 21:21:47.788 14535 28043 I AdrenoUtils: <ReadGpuID:357>: Reading chip ID through GSL
07-29 21:21:47.788  7078 31971 E SysUtils: cancelNotificationById: 5,showRedDot:-1
07-29 21:21:47.790 14535 14535 I PlayCore: UID: [10380]  PID: [14535] AppUpdateService : requestUpdateInfo(com.cyberlink.youcammakeup)
07-29 21:21:47.789  4979  5212 I MultiTaskingTaskRepository: needSkip: is home task
07-29 21:21:47.791  4979  5212 I SoScStageCoordinator: Transition requested:TransitionRequestInfo { type = OPEN, triggerTask = TaskInfo{userId=0 taskId=225 displayId=0 isRunning=true baseIntent=Intent { act=android.intent.action.MAIN cat=[android.intent.category.LAUNCHER] flg=0x10000000 cmp=com.cyberlink.youcammakeup/.activity.SplashActivity } baseActivity=ComponentInfo{com.cyberlink.youcammakeup/com.cyberlink.youcammakeup.activity.SplashActivity} topActivity=ComponentInfo{com.lbe.security.miui/com.android.packageinstaller.permission.ui.GrantPermissionsActivity} origActivity=null realActivity=ComponentInfo{com.cyberlink.youcammakeup/com.cyberlink.youcammakeup.activity.SplashActivity} numActivities=2 lastActiveTime=21146104 supportsSplitScreenMultiWindow=true supportsMultiWindow=true resizeMode=1 isResizeable=true minWidth=-1 minHeight=-1 defaultMinSize=200 token=WCT{android.window.IWindowContainerToken$Stub$Proxy@424dd79} topActivityType=1 pictureInPictureParams=null shouldDockBigOverlays=false launchIntoPipHostTaskId=-1 lastParentTaskIdBeforePip=-1 displayCutoutSafeInsets=Rect(0, 116 - 0, 0) topActivityInfo=ActivityInfo{3c35abe com.android.packageinstaller.permission.ui.GrantPermissionsActivity} launchCookies=[] positionInParent=Point(0, 0) parentTaskId=-1 isFocused=true isVisible=true isVisibleRequested=true isSleeping=false locusId=null displayAreaFeatureId=1 isTopActivityTransparent=true appCompatTaskInfo=AppCompatTaskInfo { topActivityInSizeCompat=false topActivityInMiuiSizeCompat=false topActivityEligibleForLetterboxEducation= falseisLetterboxEducationEnabled= false isLetterboxDoubleTapEnabled= false topActivityEligibleForUserAspectRatioButton= false topActivityBoundsLetterboxed= false isFromLetterboxDoubleTap= false topActivityLetterboxVerticalPosition= -1 topActivityLetterboxHorizontalPosition= -1 topActivityLetterboxWidth=1200 topActivityLetterboxHeight=2670 isUserFullscreenOverrideEnabled=false isSystemFullscreenOverrideEnabled=false cameraCompatTaskInfo=CameraCompatTaskInfo { cameraCompatControlState=hidden freeformCameraCompatMode=inactive}} isImmersive=false mTopActivityRequestOrientation=1 mBehindAppLockPkg=null mOriginatingUid=0 isEmbedded=false shouldBeVisible=true isCreatedByOrganizer=false mIsCastMode=false mTopActivityMediaSize=null mTopActivityRecordName=ActivityRecord{8ef5785 u0 com.lbe.security.miui/com.android.packageinstaller.permission.ui.GrantPermissionsActivity t225} mTopActivityOrientation=-2}, pipTask = null, remoteTransition = null, displayChange = null, flags = 0, debugId = 373 } isSoScActive:false triggerTask:TaskInfo{userId=0 taskId=225 displayId=0 isRunning=true baseIntent=Intent { act=android.intent.action.MAIN cat=[android.intent.category.LAUNCHER] flg=0x10000000 cmp=com.cyberlink.youcammakeup/.activity.SplashActivity } baseActivity=ComponentInfo{com.cyberlink.youcammakeup/com.cyberlink.youcammakeup.activity.SplashActivity} topActivity=ComponentInfo{com.lbe.security.miui/com.android.packageinstaller.permission.ui.GrantPermissionsActivity} origActivity=null realActivity=ComponentInfo{com.cyberlink.youcammakeup/com.cyberlink.youcammakeup.activity.SplashActivity} numActivities=2 lastActiveTime=21146104 supportsSplitScreenMultiWindow=true supportsMultiWindow=true resizeMode=1 isResizeable=true minWidth=-1 minHeight=-1 defaultMinSize=200 token=WCT{android.window.IWindowContainerToken$Stub$Proxy@424dd79} topActivityType=1 pictureInPictureParams=null shouldDockBigOverlays=false launchIntoPipHostTaskId=-1 lastParentTaskIdBeforePip=-1 displayCutoutSafeInsets=Rect(0, 116 - 0, 0) topActivityInfo=ActivityInfo{3c35abe com.android.packageinstaller.permission.ui.GrantPermissionsActivity} launchCookies=[] positionInParent=Point(0, 0) parentTaskId=-1 isFocused=true isVisible=true isVisibleRequested=true isSleeping=false locusId=null displayAreaFeatureId=1 isTopActivityTransparent=true appCompatTaskInfo=AppCompatTaskInfo { topActivityInSizeCompat=false topActivityInMiuiSizeCompat=false topActivityEligibleForLetterboxEducation= falseisLetterboxEducationEnabled= false isLetterboxDoubleTapEnabled= false topAct
07-29 21:21:47.792  4979  5212 I MiuiBubbleController: removeBubble: 225 reason=2
07-29 21:21:47.792  4979  5212 I MultiTaskingTaskRepository: onTaskInfoChanged multi list = [], full = [225, 188, 177]
07-29 21:21:47.793 14535 28059 I PlayCore: UID: [10380]  PID: [14535] AppUpdateService : Initiate binding to the service.
07-29 21:21:47.793 14535 14535 W libc    : Access denied finding property "ro.vendor.df.effect.conflict"
07-29 21:21:47.789 14535 14535 W nk.youcammakeup: type=1400 audit(0.0:17312): avc:  denied  { read } for  name="u:object_r:vendor_displayfeature_prop:s0" dev="tmpfs" ino=478 scontext=u:r:untrusted_app_27:s0:c124,c257,c512,c768 tcontext=u:object_r:vendor_displayfeature_prop:s0 tclass=file permissive=0 app=com.cyberlink.youcammakeup
07-29 21:21:47.794 14535 28031 I DynamiteModule: Considering local module providerinstaller:0 and remote module providerinstaller:0
07-29 21:21:47.794 14535 28031 W ProviderInstaller: Failed to load providerinstaller module: No acceptable module found. Local version is 0 and remote version is 0.
07-29 21:21:47.796  1827  2397 I MiStcImpl: Dispatching command: 3 PCC
07-29 21:21:47.796  1844  1844 I vendor.qti.hardware.servicetrackeraidl-service: bindService is called for service : com.android.vending/com.google.android.finsky.installservice.DevTriggeredUpdateService and for client com.cyberlink.youcammakeup
07-29 21:21:47.796  1844  1844 I vendor.qti.hardware.servicetrackeraidl-service: total connections for service : com.android.vending/com.google.android.finsky.installservice.DevTriggeredUpdateServiceare :1
07-29 21:21:47.796  1844  1844 I vendor.qti.hardware.servicetrackeraidl-service: total connections for client : com.cyberlink.youcammakeupare :3
07-29 21:21:47.798  2463  4404 I whetstone.activity: processNotifyEvent1 resId = 256, bundle = Bundle[{startTime=21146117, sourcePkg=com.cyberlink.youcammakeup, sourceUid=10380, status=1, jobId=0, batteryName=com.cyberlink.youcammakeup/androidx.work.impl.background.systemjob.SystemJobService, elapsedRealtime=21146117}]
07-29 21:21:47.799  9339  9399 I EventMonitor: notifyEvent resId=256
07-29 21:21:47.799 14535 28063 W ziparchive: Unable to open '/system/framework/QXPerformance.dm': No such file or directory
07-29 21:21:47.799 14535 28063 W ziparchive: Unable to open '/system/framework/QXPerformance.dm': No such file or directory
07-29 21:21:47.799 14535 28046 I ContentCatcher: SettingTrigger : register screen QA status observer com.cyberlink.youcammakeup.activity.SplashActivity
07-29 21:21:47.800  2463  4563 I ClipboardServiceI: checkProviderWakePathForClipboard: primaryClip is null
07-29 21:21:47.800  1839  7244 E ANDR-PERF-LM: SAGT_ACTION: UpdateFPSData() 138: update /sys/kernel/sched_penalty/parameters/fps to 0, ret is 0
07-29 21:21:47.801 14535 28046 I ContentCatcher: SettingTrigger : register global collect status observer com.cyberlink.youcammakeup.activity.SplashActivity
07-29 21:21:47.802  2463  4205 I MiuiNetworkPolicy: updateUidState uid = 10161, uidState = 19
07-29 21:21:47.804  1844  1844 I vendor.qti.hardware.servicetrackeraidl-service: bindService is called for service : com.google.android.gms/.chimera.GmsBoundBrokerService and for client com.cyberlink.youcammakeup
07-29 21:21:47.804  1844  1844 I vendor.qti.hardware.servicetrackeraidl-service: total connections for service : com.google.android.gms/.chimera.GmsBoundBrokerServiceare :1
07-29 21:21:47.804  1844  1844 I vendor.qti.hardware.servicetrackeraidl-service: total connections for client : com.cyberlink.youcammakeupare :4
07-29 21:21:47.804  1844  1844 I vendor.qti.hardware.servicetrackeraidl-service: bindService is called for service : com.ss.android.ugc.aweme/com.bytedance.sdk.account.sync.AuthenticatorService and for client system
07-29 21:21:47.804  1844  1844 I vendor.qti.hardware.servicetrackeraidl-service: total connections for service : com.ss.android.ugc.aweme/com.bytedance.sdk.account.sync.AuthenticatorServiceare :1
07-29 21:21:47.804  1844  1844 I vendor.qti.hardware.servicetrackeraidl-service: total connections for client : systemare :32
07-29 21:21:47.805  2463  8437 I SmartPower: com.ss.android.ugc.aweme:smp/10322(8536): idle->background(12859605ms) R(service create com.ss.android.ugc.aweme/com.bytedance.sdk.account.sync.AuthenticatorService) adj=0.
07-29 21:21:47.806  2463  4408 W ActivityManager: pid 2463 system sent binder code 31101 with flags 0 to frozen apps and got error -74
07-29 21:21:47.806  2463  4205 I MiuiNetworkPolicy: updateUidState uid = 10322, uidState = 6
07-29 21:21:47.807  3002  3080 E libsensor-parseRGB: CWB NotifyCWBBufferDone  error 0
