07-29 21:21:30.986  2463 15424 W ContentProviderHelper: Permission Denial: opening provider com.alibaba.aliexpress.android.search.nav.SearchSuggestionProvider from ProcessRecord{15056c5 18854:com.android.quicksearchbox:ApplicationsProvider/u0a136} (pid=18854, uid=10136) that is not exported from UID 10303
07-29 21:21:30.991  2463  5065 I ClipboardServiceI: checkProviderWakePathForClipboard: primaryClip is null
07-29 21:21:30.991  2463  4205 I MiuiNetworkPolicy: updateUidState uid = 10303, uidState = 6
07-29 21:21:30.993  2463  4205 I MiuiNetworkPolicy: updateUidState uid = 10169, uidState = 6
07-29 21:21:30.995  2463  5065 W Bundle  : Failed to parse item error, returning null.
07-29 21:21:30.995  2463  5065 W Bundle  : android.os.BadTypeParcelableException: Parcelable creator android.os.ParcelableException is not a subclass of required class java.lang.String provided in the parameter
07-29 21:21:30.995  2463  5065 W Bundle  : 	at android.os.Parcel.readParcelableCreatorInternal(Parcel.java:5206)
07-29 21:21:30.995  2463  5065 W Bundle  : 	at android.os.Parcel.readParcelableInternal(Parcel.java:5080)
07-29 21:21:30.995  2463  5065 W Bundle  : 	at android.os.Parcel.readValue(Parcel.java:4840)
07-29 21:21:30.995  2463  5065 W Bundle  : 	at android.os.Parcel.readValue(Parcel.java:4609)
07-29 21:21:30.995  2463  5065 W Bundle  : 	at android.os.Parcel.-$$Nest$mreadValue(Unknown Source:0)
07-29 21:21:30.995  2463  5065 W Bundle  : 	at android.os.Parcel$LazyValue.apply(Parcel.java:4707)
07-29 21:21:30.995  2463  5065 W Bundle  : 	at android.os.Parcel$LazyValue.apply(Parcel.java:4666)
07-29 21:21:30.995  2463  5065 W Bundle  : 	at android.os.BaseBundle.unwrapLazyValueFromMapLocked(BaseBundle.java:416)
07-29 21:21:30.995  2463  5065 W Bundle  : 	at android.os.BaseBundle.getValueAt(BaseBundle.java:402)
07-29 21:21:30.995  2463  5065 W Bundle  : 	at android.os.BaseBundle.getPairValue(BaseBundle.java:282)
07-29 21:21:30.995  2463  5065 W Bundle  : 	at com.android.server.am.ContentProviderHelper.lambda$getMimeTypeFilterAsync$1(ContentProviderHelper.java:1212)
07-29 21:21:30.995  2463  5065 W Bundle  : 	at com.android.server.am.ContentProviderHelper.$r8$lambda$JV9jTPlBHAPZLxkKAqq24ds-FLE(Unknown Source:0)
07-29 21:21:30.995  2463  5065 W Bundle  : 	at com.android.server.am.ContentProviderHelper$$ExternalSyntheticLambda1.onResult(D8$$SyntheticClass:0)
07-29 21:21:30.995  2463  5065 W Bundle  : 	at android.os.RemoteCallback.sendResult(RemoteCallback.java:76)
07-29 21:21:30.995  2463  5065 W Bundle  : 	at android.os.RemoteCallback$1.sendResult(RemoteCallback.java:53)
07-29 21:21:30.995  2463  5065 W Bundle  : 	at android.os.IRemoteCallback$Stub.onTransact(IRemoteCallback.java:85)
07-29 21:21:30.995  2463  5065 W Bundle  : 	at android.os.Binder.execTransactInternal(Binder.java:1512)
07-29 21:21:30.995  2463  5065 W Bundle  : 	at android.os.Binder.execTransact(Binder.java:1451)
07-29 21:21:30.996 18854 18878 W ContentResolver: Failed to get type for: content://com.alibaba.aliexpress.android.search.nav.SearchSuggestionProvider/products (Unknown URL content://com.alibaba.aliexpress.android.search.nav.SearchSuggestionProvider/products)
07-29 21:21:30.997  2463  4205 I MiuiNetworkPolicy: updateUidState uid = 10303, uidState = 19
07-29 21:21:30.997  2463  4205 I MiuiNetworkPolicy: updateUidState uid = 10169, uidState = 10
07-29 21:21:31.000  2463  5177 I NetworkAccelerateSwitchService: EVENT_RSSI_POLL. mRssiPoll=true
07-29 21:21:31.000  2463  5177 I NetworkAccelerateSwitchService: getAverageWifiRssi:64
07-29 21:21:31.091  3117  3117 I adbd    : in ShellService: ps
07-29 21:21:31.119  2463  4412 I SmartPower: com.android.browser/10134(19009): background->idle(3010ms) R(broadcast start Intent { act=miui.intent.action.PACKAGE_FIRST_LAUNCH flg=0x1000010 (has extras) }) adj=905.
07-29 21:21:31.280  2463  4205 I MiuiNetworkPolicy: bandwidth: 29 KB/s, Max bandwidth: 1589 KB/s
07-29 21:21:31.299  4916  5932 E PhoneAdapter: get ntnphones failed, exception: java.lang.IllegalStateException: Default phones haven't been made yet!
07-29 21:21:31.299  2463  5109 I NetworkBoostStatusManager: handle: 102
07-29 21:21:31.300  2463  5109 I NetworkBoostStatusManager: interfaceOnCapabilitiesChanged interface name:wlan0
07-29 21:21:31.307  8724  8724 I NetBusNetworkMonitor: onCapabilitiesChanged isPrimary = true
07-29 21:21:31.308  8724  8724 I NetBusNetworkMonitor: gateway=192.*.*.1
07-29 21:21:31.312  8724  8724 I NetBusNetworkMonitor: addConnectNetworkInterface mediumType:256, detail:NetworkDetailInfo{mIsConnected=false, mIsSupportTdls=true, mNetworkType=0, mIpAddress=192.*.*.11, mIfName=wlan0, mGateway=192.*.*.1, mNetmask=255.*.*.0, mSsid=C**01}
07-29 21:21:31.312  8724  8724 I NetBusNetworkMonitor: onCapabilitiesChanged handle=441492361229, mediumType=256, ifName=wlan0
07-29 21:21:31.455  2463  4412 I SmartPower: android.process.mediaUI/10261(13434): background->idle(3008ms) R(adj below visible) adj=905.
07-29 21:21:31.456  2463  4412 I SmartPower: com.android.vending/10124(22572): background->idle(3018ms) R(adj below visible) adj=905.
07-29 21:21:31.456  2463  4412 I SmartPower: com.android.vending:background/10124(22687): background->idle(3010ms) R(adj below visible) adj=905.
07-29 21:21:31.456  2463  4412 I SmartPower: android.process.acore/10083(6721): background->idle(3010ms) R(broadcast start Intent { act=android.intent.action.PACKAGE_ADDED dat=package: flg=0x4000010 (has extras) }) adj=915.
07-29 21:21:31.456  2463  4412 I SmartPower: com.mfashiongallery.emag/10262(8261): background->idle(3009ms) R(broadcast start Intent { act=android.intent.action.PACKAGE_ADDED dat=package: flg=0x4000010 (has extras) }) adj=915.
07-29 21:21:31.456  2463  4412 I SmartPower: com.miui.voiceassist:core/10193(7664): background->idle(3009ms) R(broadcast start Intent { act=android.intent.action.PACKAGE_ADDED dat=package: flg=0x4000010 (has extras) }) adj=100.
07-29 21:21:31.456  2463  4412 I SmartPower: com.xiaomi.aicr:actionprovider/10127(12677): background->idle(3009ms) R(broadcast start Intent { act=android.intent.action.PACKAGE_ADDED dat=package: flg=0x4000010 (has extras) }) adj=925.
07-29 21:21:31.456  2463  4412 I SmartPower: com.miui.gallery/10271(13242): background->idle(3008ms) R(broadcast start Intent { act=android.intent.action.PACKAGE_ADDED dat=package: flg=0x4000010 (has extras) }) adj=905.
07-29 21:21:31.456  2463  4412 I SmartPower: com.google.android.documentsui/10100(21132): background->idle(3001ms) R(broadcast start Intent { act=android.intent.action.PACKAGE_ADDED dat=package: flg=0x4000010 (has extras) }) adj=905.
07-29 21:21:31.460  2463  4412 I SmartPower: com.milink.service:audio/10178(19382): background->idle(3003ms) R(broadcast start Intent { act=android.intent.action.PACKAGE_ADDED dat=package: flg=0x4000010 (has extras) }) adj=200.
07-29 21:21:31.460  2463  4412 I SmartPower: com.milink.crossdeviceservice/10178(27042): background->idle(3004ms) R(broadcast start Intent { act=android.intent.action.PACKAGE_ADDED dat=package: flg=0x4000010 (has extras) }) adj=925.
07-29 21:21:31.469  2463  4412 I SmartPower: com.miui.newhome/10296(11730): background->idle(3001ms) R(broadcast start Intent { act=android.intent.action.PACKAGE_ADDED dat=package: flg=0x4000010 (has extras) }) adj=905.
07-29 21:21:31.477  2463  4412 I SmartPower: com.microsoft.office.outlook/10323(23903): background->idle(3002ms) R(broadcast start Intent { act=android.intent.action.PACKAGE_ADDED dat=package: flg=0x4000010 (has extras) }) adj=915.
07-29 21:21:31.906  2463  4412 I SmartPower: com.miui.phrase/10162(27285): background->idle(3002ms) R(content provider start ContentProviderRecord{e3754c6 u0 com.miui.phrase/com.miui.provider.InputProvider}) adj=905.
07-29 21:21:31.989  3117  3117 I adbd    : in ShellService: pm list packages -f
07-29 21:21:32.259  3117  3117 I adbd    : in ShellService: ps
07-29 21:21:32.521  2463  4412 I SmartPower: com.miui.notes/10275(13074): background->idle(3002ms) R(content provider start ContentProviderRecord{c0729a2 u0 com.miui.notes/.provider.NotesProvider}) adj=905.
07-29 21:21:32.532  2463  4412 I SmartPower: com.alibaba.aliexpresshd/10303(5685): background->idle(3002ms) R(content provider start ContentProviderRecord{716322c u0 com.alibaba.aliexpresshd/com.alibaba.aliexpress.android.search.nav.SearchSuggestionProvider}) adj=905.
07-29 21:21:33.162  2463  4403 E HyperSentinel: -------------------------------------------------------
07-29 21:21:33.163  2463  4403 E HyperSentinel: Event_ThreadAmount
07-29 21:21:33.163  2463  4403 E HyperSentinel: -> audit event by proc 27168 "io.github.ylimit.droidbotapp": running threads amount, 0 -> 23
07-29 21:21:33.433  3117  3117 I adbd    : in ShellService: ps
07-29 21:21:33.617  2463  2463 W binder:2463_F: type=1400 audit(0.0:17303): avc:  denied  { getopt } for  scontext=u:r:system_server:s0 tcontext=u:r:shell:s0 tclass=unix_stream_socket permissive=0
07-29 21:21:33.990  2463  4102 W RuleEvaluation: Integrity rule files are not available.
07-29 21:21:33.991  2463  2775 I PackageManager: Integrity check passed for file:///data/app/vmdl228407713.tmp
07-29 21:21:34.004  2463  5177 I NetworkAccelerateSwitchService: EVENT_RSSI_POLL. mRssiPoll=true
07-29 21:21:34.004  2463  5177 I NetworkAccelerateSwitchService: getAverageWifiRssi:64
07-29 21:21:34.047  7958  7958 I UserConsentManager: onPermissionsChanged: 10380
07-29 21:21:34.047  7958  7958 I UserConsentManager: onPermissionsChanged: 10380
07-29 21:21:34.047  7958  7958 I UserConsentManager: onPermissionsChanged: 10380
07-29 21:21:34.069  2463  2506 E AppOps  : Trying to set mode for unknown uid 10380.
07-29 21:21:34.080 18794 18794 I artd    : Merge skipped because there are no existing profiles
07-29 21:21:34.080  2463  2775 I ArtService: Adjusting the compiler filter for 'com.cyberlink.youcammakeup' from 'speed-profile' to 'verify' because there is no valid profile
07-29 21:21:34.080 18794 18794 I artd    : Dex parent of /data/app/~~ijk74PmpYwRJ1jS66SinXg==/com.cyberlink.youcammakeup-Ws4g1Ng1GW0Jprcxh0wyQg==/base.apk is not writable: Permission denied
07-29 21:21:34.081 18794 18794 I artd    : GetBestInfo checking odex in dalvik-cache (/data/dalvik-cache/arm64/data@app@~~ijk74PmpYwRJ1jS66SinXg==@com.cyberlink.youcammakeup-Ws4g1Ng1GW0Jprcxh0wyQg==@base.apk@classes.dex)
07-29 21:21:34.081 18794 18794 I artd    : Loading /data/dalvik-cache/arm64/data@app@~~ijk74PmpYwRJ1jS66SinXg==@com.cyberlink.youcammakeup-Ws4g1Ng1GW0Jprcxh0wyQg==@base.apk@classes.dex with executable: 0
07-29 21:21:34.081 18794 18794 I artd    : OatFileAssistant test for existing oat file /data/dalvik-cache/arm64/data@app@~~ijk74PmpYwRJ1jS66SinXg==@com.cyberlink.youcammakeup-Ws4g1Ng1GW0Jprcxh0wyQg==@base.apk@classes.dex: File /data/dalvik-cache/arm64/data@app@~~ijk74PmpYwRJ1jS66SinXg==@com.cyberlink.youcammakeup-Ws4g1Ng1GW0Jprcxh0wyQg==@base.apk@classes.vdex does not exist.
07-29 21:21:34.081 18794 18794 I artd    : GetBestInfo checking odex next to the dex file (/data/app/~~ijk74PmpYwRJ1jS66SinXg==/com.cyberlink.youcammakeup-Ws4g1Ng1GW0Jprcxh0wyQg==/oat/arm64/base.odex)
07-29 21:21:34.081 18794 18794 I artd    : Loading /data/app/~~ijk74PmpYwRJ1jS66SinXg==/com.cyberlink.youcammakeup-Ws4g1Ng1GW0Jprcxh0wyQg==/oat/arm64/base.odex with executable: 0
07-29 21:21:34.081 18794 18794 I artd    : OatFileAssistant test for existing oat file /data/app/~~ijk74PmpYwRJ1jS66SinXg==/com.cyberlink.youcammakeup-Ws4g1Ng1GW0Jprcxh0wyQg==/oat/arm64/base.odex: File /data/app/~~ijk74PmpYwRJ1jS66SinXg==/com.cyberlink.youcammakeup-Ws4g1Ng1GW0Jprcxh0wyQg==/oat/arm64/base.vdex does not exist.
07-29 21:21:34.081 18794 18794 I artd    : GetBestInfo checking vdex in dalvik-cache (/data/dalvik-cache/arm64/data@app@~~ijk74PmpYwRJ1jS66SinXg==@com.cyberlink.youcammakeup-Ws4g1Ng1GW0Jprcxh0wyQg==@base.apk@classes.vdex)
07-29 21:21:34.081 18794 18794 I artd    : unable to open vdex file /data/dalvik-cache/arm64/data@app@~~ijk74PmpYwRJ1jS66SinXg==@com.cyberlink.youcammakeup-Ws4g1Ng1GW0Jprcxh0wyQg==@base.apk@classes.vdex: File /data/dalvik-cache/arm64/data@app@~~ijk74PmpYwRJ1jS66SinXg==@com.cyberlink.youcammakeup-Ws4g1Ng1GW0Jprcxh0wyQg==@base.apk@classes.vdex does not exist.
07-29 21:21:34.081 18794 18794 I artd    : OatFileAssistant test for existing oat file /data/dalvik-cache/arm64/data@app@~~ijk74PmpYwRJ1jS66SinXg==@com.cyberlink.youcammakeup-Ws4g1Ng1GW0Jprcxh0wyQg==@base.apk@classes.vdex: File /data/dalvik-cache/arm64/data@app@~~ijk74PmpYwRJ1jS66SinXg==@com.cyberlink.youcammakeup-Ws4g1Ng1GW0Jprcxh0wyQg==@base.apk@classes.vdex does not exist.
07-29 21:21:34.081 18794 18794 I artd    : GetBestInfo checking vdex next to the dex file (/data/app/~~ijk74PmpYwRJ1jS66SinXg==/com.cyberlink.youcammakeup-Ws4g1Ng1GW0Jprcxh0wyQg==/oat/arm64/base.vdex)
07-29 21:21:34.081 18794 18794 I artd    : unable to open vdex file /data/app/~~ijk74PmpYwRJ1jS66SinXg==/com.cyberlink.youcammakeup-Ws4g1Ng1GW0Jprcxh0wyQg==/oat/arm64/base.vdex: File /data/app/~~ijk74PmpYwRJ1jS66SinXg==/com.cyberlink.youcammakeup-Ws4g1Ng1GW0Jprcxh0wyQg==/oat/arm64/base.vdex does not exist.
07-29 21:21:34.081 18794 18794 I artd    : OatFileAssistant test for existing oat file /data/app/~~ijk74PmpYwRJ1jS66SinXg==/com.cyberlink.youcammakeup-Ws4g1Ng1GW0Jprcxh0wyQg==/oat/arm64/base.vdex: File /data/app/~~ijk74PmpYwRJ1jS66SinXg==/com.cyberlink.youcammakeup-Ws4g1Ng1GW0Jprcxh0wyQg==/oat/arm64/base.vdex does not exist.
07-29 21:21:34.081 18794 18794 I artd    : GetBestInfo checking dm (/data/app/~~ijk74PmpYwRJ1jS66SinXg==/com.cyberlink.youcammakeup-Ws4g1Ng1GW0Jprcxh0wyQg==/base.dm)
07-29 21:21:34.081 18794 18794 I artd    : GetBestInfo no usable artifacts
07-29 21:21:34.086  3117  3117 I adbd    : in ShellService: pm list packages -f
07-29 21:21:34.086 18794 18794 I artd    : Running dex2oat: /apex/com.android.art/bin/art_exec --drop-capabilities --set-task-profile=Dex2OatBootComplete --set-priority=background --keep-fds=7:8:9:10:11:12 -- /apex/com.android.art/bin/dex2oat64 --zip-fd=7 --zip-location=/data/app/~~ijk74PmpYwRJ1jS66SinXg==/com.cyberlink.youcammakeup-Ws4g1Ng1GW0Jprcxh0wyQg==/base.apk --oat-fd=8 --oat-location=/data/app/~~ijk74PmpYwRJ1jS66SinXg==/com.cyberlink.youcammakeup-Ws4g1Ng1GW0Jprcxh0wyQg==/oat/arm64/base.odex --output-vdex-fd=9 --swap-fd=10 --class-loader-context-fds=11:12 --class-loader-context=PCL[]{PCL[/system/framework/android.test.base.jar]#PCL[/system/framework/org.apache.http.legacy.jar]} --classpath-dir=/data/app/~~ijk74PmpYwRJ1jS66SinXg==/com.cyberlink.youcammakeup-Ws4g1Ng1GW0Jprcxh0wyQg== --instruction-set=arm64 --instruction-set-features=default --instruction-set-variant=kryo300 --compiler-filter=verify --compilation-reason=install --compact-dex-level=none --max-image-block-size=524288 --resolve-startup-const-strings=true --generate-mini-debug-info --runtime-arg -Xtarget-sdk-version:28 --runtime-arg -Xhidden-api-policy:enabled -j6 --runtime-arg -Xms64m --runtime-arg -Xmx512m --comments=app-name:com.cyberlink.youcammakeup,app-version-name:5.70.1,app-version-code:57010,art-version:352090000
07-29 21:21:34.086 18794 18794 I artd    : Opened FDs: 7:/data/app/~~ijk74PmpYwRJ1jS66SinXg==/com.cyberlink.youcammakeup-Ws4g1Ng1GW0Jprcxh0wyQg==/base.apk 8:/data/app/~~ijk74PmpYwRJ1jS66SinXg==/com.cyberlink.youcammakeup-Ws4g1Ng1GW0Jprcxh0wyQg==/oat/arm64/base.odex.cQV5Hh.tmp 9:/data/app/~~ijk74PmpYwRJ1jS66SinXg==/com.cyberlink.youcammakeup-Ws4g1Ng1GW0Jprcxh0wyQg==/oat/arm64/base.vdex.vOOPDI.tmp 10:/data/app/~~ijk74PmpYwRJ1jS66SinXg==/com.cyberlink.youcammakeup-Ws4g1Ng1GW0Jprcxh0wyQg==/oat/arm64/base.odex.swap.gewXZi.tmp 11:/system/framework/org.apache.http.legacy.jar 12:/system/framework/android.test.base.jar 
07-29 21:21:34.104 27580 27580 W libprocessgroup: JoinCgroup: controller schedtune is not found
07-29 21:21:34.122 27580 27580 W dex2oat64: Obsolete flag --compact-dex-level ignored
07-29 21:21:34.124 27580 27580 I dex2oat64: /apex/com.android.art/bin/dex2oat64 --output-vdex-fd=9 --class-loader-context-fds=11:12 --class-loader-context=PCL[]{PCL[/system/framework/android.test.base.jar]#PCL[/system/framework/org.apache.http.legacy.jar]} --classpath-dir=/data/app/~~ijk74PmpYwRJ1jS66SinXg==/com.cyberlink.youcammakeup-Ws4g1Ng1GW0Jprcxh0wyQg== --compiler-filter=verify --compilation-reason=install --compact-dex-level=none --max-image-block-size=524288 --resolve-startup-const-strings=true --generate-mini-debug-info -j6 --comments=app-name:com.cyberlink.youcammakeup,app-version-name:5.70.1,app-version-code:57010,art-version:352090000
07-29 21:21:34.166  3117  3117 I adbd    : in ShellService: dumpsys package com.cyberlink.youcammakeup
07-29 21:21:34.202 18794 19624 I artd    : Dex parent of /data/app/~~ijk74PmpYwRJ1jS66SinXg==/com.cyberlink.youcammakeup-Ws4g1Ng1GW0Jprcxh0wyQg==/base.apk is not writable: Permission denied
07-29 21:21:34.202 18794 19624 I artd    : GetBestInfo checking odex in dalvik-cache (/data/dalvik-cache/arm64/data@app@~~ijk74PmpYwRJ1jS66SinXg==@com.cyberlink.youcammakeup-Ws4g1Ng1GW0Jprcxh0wyQg==@base.apk@classes.dex)
07-29 21:21:34.202 18794 19624 I artd    : Loading /data/dalvik-cache/arm64/data@app@~~ijk74PmpYwRJ1jS66SinXg==@com.cyberlink.youcammakeup-Ws4g1Ng1GW0Jprcxh0wyQg==@base.apk@classes.dex with executable: 0
07-29 21:21:34.202 18794 19624 I artd    : OatFileAssistant test for existing oat file /data/dalvik-cache/arm64/data@app@~~ijk74PmpYwRJ1jS66SinXg==@com.cyberlink.youcammakeup-Ws4g1Ng1GW0Jprcxh0wyQg==@base.apk@classes.dex: File /data/dalvik-cache/arm64/data@app@~~ijk74PmpYwRJ1jS66SinXg==@com.cyberlink.youcammakeup-Ws4g1Ng1GW0Jprcxh0wyQg==@base.apk@classes.vdex does not exist.
07-29 21:21:34.202 18794 19624 I artd    : GetBestInfo checking odex next to the dex file (/data/app/~~ijk74PmpYwRJ1jS66SinXg==/com.cyberlink.youcammakeup-Ws4g1Ng1GW0Jprcxh0wyQg==/oat/arm64/base.odex)
07-29 21:21:34.203 18794 19624 I artd    : Loading /data/app/~~ijk74PmpYwRJ1jS66SinXg==/com.cyberlink.youcammakeup-Ws4g1Ng1GW0Jprcxh0wyQg==/oat/arm64/base.odex with executable: 0
07-29 21:21:34.203 18794 19624 I artd    : OatFileAssistant test for existing oat file /data/app/~~ijk74PmpYwRJ1jS66SinXg==/com.cyberlink.youcammakeup-Ws4g1Ng1GW0Jprcxh0wyQg==/oat/arm64/base.odex: File /data/app/~~ijk74PmpYwRJ1jS66SinXg==/com.cyberlink.youcammakeup-Ws4g1Ng1GW0Jprcxh0wyQg==/oat/arm64/base.vdex does not exist.
07-29 21:21:34.203 18794 19624 I artd    : GetBestInfo checking vdex in dalvik-cache (/data/dalvik-cache/arm64/data@app@~~ijk74PmpYwRJ1jS66SinXg==@com.cyberlink.youcammakeup-Ws4g1Ng1GW0Jprcxh0wyQg==@base.apk@classes.vdex)
07-29 21:21:34.203 18794 19624 I artd    : unable to open vdex file /data/dalvik-cache/arm64/data@app@~~ijk74PmpYwRJ1jS66SinXg==@com.cyberlink.youcammakeup-Ws4g1Ng1GW0Jprcxh0wyQg==@base.apk@classes.vdex: File /data/dalvik-cache/arm64/data@app@~~ijk74PmpYwRJ1jS66SinXg==@com.cyberlink.youcammakeup-Ws4g1Ng1GW0Jprcxh0wyQg==@base.apk@classes.vdex does not exist.
07-29 21:21:34.203 18794 19624 I artd    : OatFileAssistant test for existing oat file /data/dalvik-cache/arm64/data@app@~~ijk74PmpYwRJ1jS66SinXg==@com.cyberlink.youcammakeup-Ws4g1Ng1GW0Jprcxh0wyQg==@base.apk@classes.vdex: File /data/dalvik-cache/arm64/data@app@~~ijk74PmpYwRJ1jS66SinXg==@com.cyberlink.youcammakeup-Ws4g1Ng1GW0Jprcxh0wyQg==@base.apk@classes.vdex does not exist.
07-29 21:21:34.203 18794 19624 I artd    : GetBestInfo checking vdex next to the dex file (/data/app/~~ijk74PmpYwRJ1jS66SinXg==/com.cyberlink.youcammakeup-Ws4g1Ng1GW0Jprcxh0wyQg==/oat/arm64/base.vdex)
07-29 21:21:34.203 18794 19624 I artd    : unable to open vdex file /data/app/~~ijk74PmpYwRJ1jS66SinXg==/com.cyberlink.youcammakeup-Ws4g1Ng1GW0Jprcxh0wyQg==/oat/arm64/base.vdex: File /data/app/~~ijk74PmpYwRJ1jS66SinXg==/com.cyberlink.youcammakeup-Ws4g1Ng1GW0Jprcxh0wyQg==/oat/arm64/base.vdex does not exist.
07-29 21:21:34.203 18794 19624 I artd    : OatFileAssistant test for existing oat file /data/app/~~ijk74PmpYwRJ1jS66SinXg==/com.cyberlink.youcammakeup-Ws4g1Ng1GW0Jprcxh0wyQg==/oat/arm64/base.vdex: File /data/app/~~ijk74PmpYwRJ1jS66SinXg==/com.cyberlink.youcammakeup-Ws4g1Ng1GW0Jprcxh0wyQg==/oat/arm64/base.vdex does not exist.
07-29 21:21:34.203 18794 19624 I artd    : GetBestInfo checking dm (/data/app/~~ijk74PmpYwRJ1jS66SinXg==/com.cyberlink.youcammakeup-Ws4g1Ng1GW0Jprcxh0wyQg==/base.dm)
07-29 21:21:34.203 18794 19624 W ziparchive: Unable to open '/data/app/~~ijk74PmpYwRJ1jS66SinXg==/com.cyberlink.youcammakeup-Ws4g1Ng1GW0Jprcxh0wyQg==/base.dm': No such file or directory
07-29 21:21:34.203 18794 19624 I artd    : OatFileAssistant test for existing oat file /data/app/~~ijk74PmpYwRJ1jS66SinXg==/com.cyberlink.youcammakeup-Ws4g1Ng1GW0Jprcxh0wyQg==/base.dm: I/O error
07-29 21:21:34.203 18794 19624 I artd    : GetBestInfo checking dm (/data/app/~~ijk74PmpYwRJ1jS66SinXg==/com.cyberlink.youcammakeup-Ws4g1Ng1GW0Jprcxh0wyQg==/base.dm)
07-29 21:21:34.203 18794 19624 W ziparchive: Unable to open '/data/app/~~ijk74PmpYwRJ1jS66SinXg==/com.cyberlink.youcammakeup-Ws4g1Ng1GW0Jprcxh0wyQg==/base.dm': No such file or directory
07-29 21:21:34.203 18794 19624 I artd    : OatFileAssistant test for existing oat file /data/app/~~ijk74PmpYwRJ1jS66SinXg==/com.cyberlink.youcammakeup-Ws4g1Ng1GW0Jprcxh0wyQg==/base.dm: I/O error
07-29 21:21:34.203 18794 19624 I artd    : GetBestInfo no usable artifacts
07-29 21:21:34.206  2463  5065 W ziparchive: Unable to open '/data/app/~~ijk74PmpYwRJ1jS66SinXg==/com.cyberlink.youcammakeup-Ws4g1Ng1GW0Jprcxh0wyQg==/base.dm': No such file or directory
07-29 21:21:34.206  2463  5065 E DexOptHelperImpl: Fail to get art odex vdex with path :/data/app/~~ijk74PmpYwRJ1jS66SinXg==/com.cyberlink.youcammakeup-Ws4g1Ng1GW0Jprcxh0wyQg==/base.apk
07-29 21:21:34.236  3117  3117 I adbd    : in ShellService: dumpsys activity activities
07-29 21:21:34.284  2463  4205 I MiuiNetworkPolicy: bandwidth: 0 KB/s, Max bandwidth: 1589 KB/s
07-29 21:21:34.302  3117  3117 I adbd    : in ShellService: dumpsys activity activities
07-29 21:21:34.317  4916  5923 E PhoneAdapter: get ntnphones failed, exception: java.lang.IllegalStateException: Default phones haven't been made yet!
07-29 21:21:34.374  3117  3117 I adbd    : in ShellService: dumpsys activity activities
07-29 21:21:34.438 27580 27580 I dex2oat64: Using CollectorTypeCC GC.
07-29 21:21:34.457  3117  3117 I adbd    : in ShellService: dumpsys activity services
07-29 21:21:34.508 27580 27580 I dex2oat64: Large app, accepted running with swap.
07-29 21:21:34.568  3117  3117 I adbd    : in ShellService: screencap -p /sdcard/screen_2025-07-29_212135.png
07-29 21:21:34.579  3117  3117 I adbd    : in ShellService: ps
07-29 21:21:34.682 27631 27631 W BpBinder: Linking to death on android.gui.ISurfaceComposer but there are no threads (yet?) listening to incoming transactions. See ProcessState::startThreadPool and ProcessState::setThreadPoolMaxThreadCount. Generally you should setup the binder threadpool before other initialization steps.
07-29 21:21:34.683 27631 27631 W ProcessState: Extra binder thread started, but 0 threads requested. Do not use *startThreadPool when zero threads are requested.
07-29 21:21:34.716 27631 27638 I AdrenoUtils: <ReadGpuID:357>: Reading chip ID through GSL
07-29 21:21:34.717 27631 27631 W qdgralloc: Failed to load libubwcp.so
07-29 21:21:34.713 27631 27631 W screencap: type=1400 audit(0.0:17304): avc:  denied  { read } for  name="libubwcp.so" dev="dm-14" ino=19816057 scontext=u:r:shell:s0 tcontext=u:object_r:vendor_file:s0 tclass=file permissive=0
07-29 21:21:34.721  7633 20216 W MediaProvider: isAppCloneUserPair for user 0: false
07-29 21:21:34.918  2463  4205 I MiuiNetworkPolicy: updateUidState uid = 10092, uidState = 15
07-29 21:21:35.087 27580 27580 I dex2oat64: dex2oat took 966.033ms (3.159s cpu) (threads: 6) arena alloc=0B (0B) java alloc=33MB (34774752B) native alloc=6546KB (6703216B) free=1363KB (1396224B) swap=16MB (16777216B)
07-29 21:21:35.102 18794 18794 I artd    : dex2oat returned code 0
07-29 21:21:35.106  2463  2775 I ArtService: Dexopt result: [packageName = com.cyberlink.youcammakeup] DexContainerFileDexoptResult{dexContainerFile=/data/app/~~ijk74PmpYwRJ1jS66SinXg==/com.cyberlink.youcammakeup-Ws4g1Ng1GW0Jprcxh0wyQg==/base.apk, primaryAbi=true, abi=arm64-v8a, actualCompilerFilter=verify, status=PERFORMED, dex2oatWallTimeMillis=1021, dex2oatCpuTimeMillis=3190, sizeBytes=35042308, sizeBeforeBytes=0, extendedStatusFlags=[]}
07-29 21:21:35.106  2463 20589 I Miui32BitTranslateHelper: 32BitPretranslate: skipping APK pre-translation for com.cyberlink.youcammakeup
07-29 21:21:35.107  2463  2775 W PackageFreezer: Freeze package com.cyberlink.youcammakeup about 1.077 seconds for reason: installPackageLI
07-29 21:21:35.107  2463  2775 I BackupManagerService: [UserID:0] restoreAtInstall pkg=com.cyberlink.youcammakeup token=41 restoreSet=0
07-29 21:21:35.108  1844  1844 I vendor.qti.hardware.servicetrackeraidl-service: bindService is called for service : com.google.android.gms/.backup.BackupTransportService and for client system
07-29 21:21:35.109  1844  1844 I vendor.qti.hardware.servicetrackeraidl-service: total connections for service : com.google.android.gms/.backup.BackupTransportServiceare :1
07-29 21:21:35.109  1844  1844 I vendor.qti.hardware.servicetrackeraidl-service: total connections for client : systemare :32
07-29 21:21:35.119  2463  2463 I TransportConnection: BackupTransportService#1471: Notifying [BMS.restoreAtInstall] transport = BackupTransportClient
07-29 21:21:35.122 31105 32081 W AndroidBackupEventsLogg: Flag disabled, logging without sampling [CONTEXT service_id=229 ]
07-29 21:21:35.123 31105 32081 I AndroidBackupEventsLogg: (REDACTED) Logging without sampling %s
07-29 21:21:35.123 31105 32081 W AndroidBackupEventsLogg: Flag disabled, logging without sampling [CONTEXT service_id=229 ]
07-29 21:21:35.124 31105 32081 I AndroidBackupEventsLogg: (REDACTED) Logging without sampling %s
07-29 21:21:35.127  2463  2775 I InstallationTiming: com.cyberlink.youcammakeup|null|5266|3763|83|242|0|23|1031
07-29 21:21:35.128  1844  1844 I vendor.qti.hardware.servicetrackeraidl-service: unbindService is called for service : com.google.android.gms/.backup.BackupTransportService and for client system
07-29 21:21:35.128  1844  1844 I vendor.qti.hardware.servicetrackeraidl-service: size of service connections for service: com.google.android.gms/.backup.BackupTransportServiceafter removal is 0
07-29 21:21:35.128  1844  1844 I vendor.qti.hardware.servicetrackeraidl-service: size of client connections for client: systemafter removal is 31
07-29 21:21:35.128  1844  1844 I vendor.qti.hardware.servicetrackeraidl-service: destroyService is called for service : com.google.android.gms/.backup.BackupTransportService
07-29 21:21:35.128  2463  2775 I AppsFilter: interaction: PackageSetting{9f7903e com.android.microdroid.empty_payload/10236} -> PackageSetting{9b798c6 com.cyberlink.youcammakeup/10380} BLOCKED
07-29 21:21:35.128  2463  2775 I AppsFilter: interaction: PackageSetting{a678bec io.appium.uiautomator2.server.test/10280} -> PackageSetting{9b798c6 com.cyberlink.youcammakeup/10380} BLOCKED
07-29 21:21:35.128  2463  2775 I AppsFilter: interaction: PackageSetting{53c5a1d io.github.ylimit.droidbotapp/10379} -> PackageSetting{9b798c6 com.cyberlink.youcammakeup/10380} BLOCKED
07-29 21:21:35.128  2463  2775 I AppsFilter: interaction: PackageSetting{f40abb5 com.rongcard.eid/10151} -> PackageSetting{9b798c6 com.cyberlink.youcammakeup/10380} BLOCKED
07-29 21:21:35.128  2463  2775 I AppsFilter: interaction: PackageSetting{5d8724a io.appium.settings/10274} -> PackageSetting{9b798c6 com.cyberlink.youcammakeup/10380} BLOCKED
07-29 21:21:35.136  2463  4442 W PackageManager: Failed registering loading progress callback. Package is fully loaded.
07-29 21:21:35.136  8013  9423 I MiuiVpnManageService: PackageMonitor. onPackageAdded: packageName =com.cyberlink.youcammakeup
07-29 21:21:35.138  2463  3733 E AtomicFile: Failed to rename /data/system/install_sessions.xml.new to /data/system/install_sessions.xml
07-29 21:21:35.133  2463  2463 W binder:2463_F: type=1400 audit(0.0:17305): avc:  denied  { getopt } for  scontext=u:r:system_server:s0 tcontext=u:r:shell:s0 tclass=unix_stream_socket permissive=0
07-29 21:21:35.133  2463  2463 W binder:2463_F: type=1400 audit(0.0:17306): avc:  denied  { getopt } for  scontext=u:r:system_server:s0 tcontext=u:r:shell:s0 tclass=unix_stream_socket permissive=0
07-29 21:21:35.133  2463  2463 W binder:2463_F: type=1400 audit(0.0:17307): avc:  denied  { getopt } for  scontext=u:r:system_server:s0 tcontext=u:r:shell:s0 tclass=unix_stream_socket permissive=0
07-29 21:21:35.141  2463  2526 W TextServicesManagerService: no available spell checker services found
07-29 21:21:35.146  2463  5535 I ClipboardServiceI: checkProviderWakePathForClipboard: primaryClip is null
07-29 21:21:35.147  2463  4205 I MiuiNetworkPolicy: updateUidState uid = 10092, uidState = 5
07-29 21:21:35.147  8013  8013 I TrafficManageService: mina mPackageReceiver 0
07-29 21:21:35.147  8013  8013 I InstalledAppMonitor: com.cyberlink.youcammakeuponReceive add pkg=com.cyberlink.youcammakeup
07-29 21:21:35.148  8013  9356 I FireWallService: mina mPackageReceiver onReceive
07-29 21:21:35.149  8013  9628 I GameBoosterNewApp: addAppToGameBox: isGameBoosterOpen=true
07-29 21:21:35.149  8013  9653 I AppPredictManager: predict: recentApps size = 5
07-29 21:21:35.150  8013  9249 W ContextImpl: Calling a method in the system process without a qualified user: android.app.ContextImpl.startService:1939 android.content.ContextWrapper.startService:843 c4.k.d:80 r2.j.w:116 r2.j.j:0 
07-29 21:21:35.151  8013  9628 I GameBoosterNewApp: com.cyberlink.youcammakeup isGameFromJson false
07-29 21:21:35.151  8013  9628 I GameBoosterNewApp: com.cyberlink.youcammakeup isGameFromLocal false
07-29 21:21:35.152  4497  5226 E ScreenElementRoot: load error, manifest root is null
07-29 21:21:35.152  4505  4543 I htmlviewercloudcontrol: isStagingEnv:false param =  fps_group_config  uriMatch = 2, cluster: cn, version: 553104, traceId: aa4a7f1732c179f033e45bb6df6285c3, regId: +4z3RS85+e2U9l+sd6caQ/srGmJCsEbKpG1twyPn1K0CrNNyxYT/yAgGVxm5X+yC
07-29 21:21:35.153  2463  2530 I SmartPower: com.android.packageinstaller/10097(11835): idle->background(4194ms) R(broadcast start Intent { act=android.intent.action.PACKAGE_ADDED dat=package: flg=0x5000010 pkg=com.android.packageinstaller (has extras) }) adj=915.
07-29 21:21:35.153  9339  9616 I WakelockPolicyManager: setWakelockPolicy
07-29 21:21:35.154  8013  8013 I AppPredictPrivacyLaunchManager: updateLauncherApps size: 75
07-29 21:21:35.157  8013  9356 W FireWallService: is Pre-installed application
07-29 21:21:35.157  7368  7368 I SafetyLabelChangedBroadcastReceiver: received broadcast packageName: com.cyberlink.youcammakeup, current user: UserHandle{0}, packageChangeEvent: NEW_INSTALL, intent user: UserHandle{0}
07-29 21:21:35.157  2463  4563 I SmartPower: com.miui.cleanmaster/10266(21077): idle->background(4198ms) R(service create com.miui.cleanmaster/com.miui.optimizecenter.service.CleanMasterService) adj=0.
07-29 21:21:35.159  2463  2528 I MiuiCompatModePackages: package com.cyberlink.youcammakeup updated, removing config
07-29 21:21:35.159  2463  4448 I SdkSandboxManager: No SDKs used. Skipping SDK data reconcilation for CallingInfo{mUid=10380, mPackageName='com.cyberlink.youcammakeup, mAppProcessToken='null'}
07-29 21:21:35.159  2463  4301 E AppOps  : attributionTag VCN not declared in manifest of android
07-29 21:21:35.162  8013  9249 I LocalNotificationMgr: pkg: com.cyberlink.youcammakeup mode:0
07-29 21:21:35.162  9523  9523 E PackageInstallHelper: handler start
07-29 21:21:35.162  9523  9523 E PackageInstallHelper: handler end
07-29 21:21:35.162  9523  9523 E PackageInstallHelper: PackageInstallHelper handler real start
07-29 21:21:35.162  8013  9249 I GpBinderManager: bindCount : 150
07-29 21:21:35.163  7368  7385 I PermissionControllerServiceImpl: Updating user sensitive for uid 10380
07-29 21:21:35.164  4505  4543 I htmlviewercloudcontrol: isStagingEnv:false param =  fps_group_config  uriMatch = 2, cluster: cn, version: 553104, traceId: aa4a7f1732c179f033e45bb6df6285c3, regId: +4z3RS85+e2U9l+sd6caQ/srGmJCsEbKpG1twyPn1K0CrNNyxYT/yAgGVxm5X+yC
07-29 21:21:35.165  4497  5226 I SkJpegCodec: [mId: 372] skia-debug SkJpegCodec::+SkJpegCodec
07-29 21:21:35.165  4497  5226 I SkJpegCodec: [mId: 372] skia-debug SkJpegCodec::ReadHeader: width = 324, height = 324, color = 10
07-29 21:21:35.165  4497  5226 I SkJpegCodec: [mId: 372] skia-debug SkJpegCodec::ReadHeader: progressive_mode = 0, streamType: SkStreamRewindable
07-29 21:21:35.165  4497  5226 I SkJpegCodec: [mId: 372] skia-debug SkJpegCodec::onGetPixels: dstRowBytes = 1296, 
07-29 21:21:35.165  4497  5226 I SkJpegCodec: dstInfo: SkImageInfo: {IsRGB = 1, ColorType = 4, AlphaType = 1, Dimensions.width = 324, Dimensions.height = 324};
07-29 21:21:35.165  4916  5777 E SmsApplication: com.android.mms lost android:read_cell_broadcasts:  (fixing)
07-29 21:21:35.165  4497  5226 I JpegXmCodec:  skia-debug JpegXmCodec::isSupported returns false for small resolution
07-29 21:21:35.167  4497  5226 I SkJpegCodec: [mId: 372] skia-debug SkJpegCodec::onGetPixels ends with rowsDecodec = 324
07-29 21:21:35.167  4497  5226 I SkJpegCodec: [mId: 372] skia-debug onGetGainmapInfo returns false
07-29 21:21:35.169  8013  9357 I ThumbnailBlurUtils: getAllLauncherAppList time: 6
07-29 21:21:35.169  2463  4030 I RoleService: Granting default roles...
07-29 21:21:35.169  2463  4301 E AppOps  : attributionTag VCN not declared in manifest of android
07-29 21:21:35.170  2463  5128 E AppOps  : Bad call made by uid 1001. Package "com.android.phone" does not belong to uid 1000.
07-29 21:21:35.170  2463  5128 E AppOps  : Cannot noteOperation: non-application UID 1000
07-29 21:21:35.170  2463  4205 I MiuiNetworkPolicy: updateUidState uid = 10097, uidState = 11
07-29 21:21:35.170  2463  4205 I MiuiNetworkPolicy: updateUidState uid = 10266, uidState = 10
07-29 21:21:35.170  2463  4205 I MiuiNetworkPolicy: updateUidState uid = 10097, uidState = 19
07-29 21:21:35.170  2463  4205 I MiuiNetworkPolicy: ACTION_PACKAGE_ADDED uid = 10380
07-29 21:21:35.170  2463  5535 W AppOpService: Ignored setUidMode call for runtime permission app op: uid = 10141, code = READ_CELL_BROADCASTS, mode = allow, callingUid = 1001, oldMode = allow
07-29 21:21:35.171  2463  2463 I NetworkDetectInjector: ACTION_PACKAGE_ADDED uid = 10380
07-29 21:21:35.171  2463  4463 E AppScanObserverService: Try to add a invalid package: com.cyberlink.youcammakeup | 10380 | 0
07-29 21:21:35.171  2463  2504 I ActivityManager: Background started FGS: Allowed [callingPackage: com.miui.securitycenter; callingUid: 1000; uidState: PER ; uidBFSL: [BFSL]; intent: Intent { act=com.miui.cleanmaster.GARBAGE_PKG_ADD pkg=com.miui.cleanmaster (has extras) }; code:PROC_STATE_PERSISTENT; tempAllowListReason:<null>; targetSdkVersion:34; callerTargetSdkVersion:34; startForegroundCount:0; bindFromPackage:null: isBindService:false]
07-29 21:21:35.171  2463  2504 W ForegroundServiceTypeLoggerModule: Foreground service start for UID: 10266 does not have any types
07-29 21:21:35.172  4505  4543 I htmlviewercloudcontrol: isStagingEnv:false param =  fps_group_config  uriMatch = 2, cluster: cn, version: 553104, traceId: aa4a7f1732c179f033e45bb6df6285c3, regId: +4z3RS85+e2U9l+sd6caQ/srGmJCsEbKpG1twyPn1K0CrNNyxYT/yAgGVxm5X+yC
07-29 21:21:35.173  2463  5128 I ActivityManager: Cancel FGS notification userId: 0 definingUid: 10266 packageName: com.miui.cleanmaster processName:com.miui.cleanmaster ChannelId:com.miui.cleanmaster foregroundNotiWhen:1753795295160 Notiflags:64
07-29 21:21:35.173  1844  1844 I vendor.qti.hardware.servicetrackeraidl-service: destroyService is called for service : com.miui.cleanmaster/com.miui.optimizecenter.service.CleanMasterService
07-29 21:21:35.173  2463  5128 W ForegroundServiceTypeLoggerModule: FGS stop call for: 10266 has no types!
07-29 21:21:35.175  2463  4205 I MiuiNetworkPolicy: updateUidState uid = 10266, uidState = 4
07-29 21:21:35.175  4505  4543 I htmlviewercloudcontrol: isStagingEnv:false param =  fps_tp_exclude  uriMatch = 2, cluster: cn, version: 553104, traceId: aa4a7f1732c179f033e45bb6df6285c3, regId: +4z3RS85+e2U9l+sd6caQ/srGmJCsEbKpG1twyPn1K0CrNNyxYT/yAgGVxm5X+yC
07-29 21:21:35.178  2463  2463 I MiuiNetworkPolicyTrafficLimit: ACTION_PACKAGE_ADDED uid = 10380
07-29 21:21:35.178  2463  2463 E SLM-SRV-SLAAppLib: initBroadcastReceivercom.cyberlink.youcammakeup
07-29 21:21:35.178  2463  2463 I SLM-SRV-SLAAppLib: ACTION_PACKAGE_ADDED uid = 10380com.cyberlink.youcammakeup
07-29 21:21:35.178  2463  2463 I SLM-SRV-SLSAppLib: setSLSGameUidList:null
07-29 21:21:35.178  2463  5141 I SLM-SRV-SLAAppLib: setUidWhiteListToSlad
07-29 21:21:35.178  4505  4543 I htmlviewercloudcontrol: isStagingEnv:false param =  fps_idle_config  uriMatch = 2, cluster: cn, version: 553104, traceId: aa4a7f1732c179f033e45bb6df6285c3, regId: +4z3RS85+e2U9l+sd6caQ/srGmJCsEbKpG1twyPn1K0CrNNyxYT/yAgGVxm5X+yC
07-29 21:21:35.178  2463  5141 I SLM-SRV-SLAAppLib: setSLAUidList:10322,10325,10326,10332,10339,10261,10340,10286,10167,10090,
07-29 21:21:35.178  2463  5141 I SLM-SRV-SLSAppLib: setSLAAppWhiteList:10322,10325,10326,10332,10339,10261,10340,10286,10167,
07-29 21:21:35.178  2463  2463 I SLM-SRV-SLSAppLib: setSLSVoIPUid:0
07-29 21:21:35.178  2463  2463 I NetworkAccelerateSwitchService: setNetworkAccelerateSwitchUidList:null
07-29 21:21:35.178  2463  2463 I NetworkAccelerateSwitchService: setNetworkAccelerateSwitchVoIPUid:0
07-29 21:21:35.178  2463  2463 I SLM-SRV-SLAAppLib: mDoubleWifiUidList = 10090,10261,10324,10340,10325,10322,10339,10326,10286,10167,
07-29 21:21:35.178  2463  2463 I SLM-SRV-SLAAppLib: mDoubleDataUidList = 10090,10261,10325,10322,10329,10339,10326,10286,10167,
07-29 21:21:35.179  2463  5535 W ParceledListSlice: Element #10 is 43420 bytes.
07-29 21:21:35.179  2463  5541 W ParceledListSlice: Element #17 is 24996 bytes.
07-29 21:21:35.179  4505  4543 I htmlviewercloudcontrol: isStagingEnv:false param =  fps_idle_config  uriMatch = 2, cluster: cn, version: 553104, traceId: aa4a7f1732c179f033e45bb6df6285c3, regId: +4z3RS85+e2U9l+sd6caQ/srGmJCsEbKpG1twyPn1K0CrNNyxYT/yAgGVxm5X+yC
07-29 21:21:35.180  2463  5541 W ParceledListSlice: Element #24 is 52004 bytes.
07-29 21:21:35.180  2463  5541 W ParceledListSlice: Overly large reply size: 117232
07-29 21:21:35.181  2463  4205 I MiuiNetworkPolicyTrafficLimit: updateWhiteListUidForMobileTraffic uid=10266,add=true
07-29 21:21:35.181  4505  4543 I htmlviewercloudcontrol: isStagingEnv:false param =  fps_tp_exclude  uriMatch = 2, cluster: cn, version: 553104, traceId: aa4a7f1732c179f033e45bb6df6285c3, regId: +4z3RS85+e2U9l+sd6caQ/srGmJCsEbKpG1twyPn1K0CrNNyxYT/yAgGVxm5X+yC
07-29 21:21:35.181  2463  4205 I MiuiNetworkPolicy: updateUidState uid = 10266, uidState = 19
07-29 21:21:35.181  2463  6120 W ParceledListSlice: Element #34 is 204620 bytes.
07-29 21:21:35.181  2463  6120 W ParceledListSlice: Overly large reply size: 237228
07-29 21:21:35.183  4505  4543 I htmlviewercloudcontrol: isStagingEnv:false param =  fps_idle_config  uriMatch = 2, cluster: cn, version: 553104, traceId: aa4a7f1732c179f033e45bb6df6285c3, regId: +4z3RS85+e2U9l+sd6caQ/srGmJCsEbKpG1twyPn1K0CrNNyxYT/yAgGVxm5X+yC
07-29 21:21:35.183  2463  6120 W ParceledListSlice: Element #40 is 19708 bytes.
07-29 21:21:35.184  2463  6120 W ParceledListSlice: Element #48 is 187940 bytes.
07-29 21:21:35.184  2463  6120 W ParceledListSlice: Overly large reply size: 249300
07-29 21:21:35.184  7958  7958 I UserConsentManager: onPermissionsChanged: 10380
07-29 21:21:35.184  7958  7958 I UserConsentManager: onPermissionsChanged: 10380
07-29 21:21:35.185  4505  4543 I htmlviewercloudcontrol: isStagingEnv:false param =  display_fps_group  uriMatch = 2, cluster: cn, version: 553104, traceId: aa4a7f1732c179f033e45bb6df6285c3, regId: +4z3RS85+e2U9l+sd6caQ/srGmJCsEbKpG1twyPn1K0CrNNyxYT/yAgGVxm5X+yC
07-29 21:21:35.185  2463  4205 I MiuiNetworkPolicyTrafficLimit: updateWhiteListUidForMobileTraffic uid=10266,add=false
07-29 21:21:35.186  2463  6120 W ParceledListSlice: Element #52 is 19668 bytes.
07-29 21:21:35.187  4505  4543 I htmlviewercloudcontrol: isStagingEnv:false param =  fps_idle_config  uriMatch = 2, cluster: cn, version: 553104, traceId: aa4a7f1732c179f033e45bb6df6285c3, regId: +4z3RS85+e2U9l+sd6caQ/srGmJCsEbKpG1twyPn1K0CrNNyxYT/yAgGVxm5X+yC
07-29 21:21:35.188  4497  5226 E Launcher.AllAppsList: Can't load postion for packageName: com.cyberlink.youcammakeup activityName: com.cyberlink.youcammakeup.activity.SplashActivity
07-29 21:21:35.188  7958  7958 I UserConsentManager: onPermissionsChanged: 10380
07-29 21:21:35.188  7958  7958 I UserConsentManager: onPermissionsChanged: 10380
07-29 21:21:35.188  7958  7958 I UserConsentManager: onPermissionsChanged: 10380
07-29 21:21:35.188  7958  7958 I UserConsentManager: onPermissionsChanged: 10380
07-29 21:21:35.188  7958  7958 I UserConsentManager: onPermissionsChanged: 10380
07-29 21:21:35.189  7958  7958 I UserConsentManager: onPermissionsChanged: 10380
07-29 21:21:35.190  4505  4543 I htmlviewercloudcontrol: isStagingEnv:false param =  fps_idle_config  uriMatch = 2, cluster: cn, version: 553104, traceId: aa4a7f1732c179f033e45bb6df6285c3, regId: +4z3RS85+e2U9l+sd6caQ/srGmJCsEbKpG1twyPn1K0CrNNyxYT/yAgGVxm5X+yC
07-29 21:21:35.190  4497  5298 W PreviewDisappear: getIconDrawable src: null
07-29 21:21:35.190  4497  5298 W PreviewDisappear: getIconDrawable app drawable: null
07-29 21:21:35.190  4497  5298 W PreviewDisappear: getIcon info target: ComponentInfo{com.cyberlink.youcammakeup/com.cyberlink.youcammakeup.activity.SplashActivity}
07-29 21:21:35.190  4497  5298 W PreviewDisappear: getIcon info user: UserHandle{0}
07-29 21:21:35.190  4497  5298 W PreviewDisappear: getIcon info intent: Intent { act=android.intent.action.MAIN cat=[android.intent.category.LAUNCHER] flg=0x10200000 cmp=com.cyberlink.youcammakeup/.activity.SplashActivity (has extras) }
07-29 21:21:35.190  4497  5298 W PreviewDisappear: 1 getIcon entry: null
07-29 21:21:35.191  2463  5535 W ParceledListSlice: Element #8 is 20788 bytes.
07-29 21:21:35.191  2463  5535 W ParceledListSlice: Element #9 is 20768 bytes.
07-29 21:21:35.192  7958  7958 I UserConsentManager: onPermissionsChanged: 10380
07-29 21:21:35.192  7958  7958 I UserConsentManager: onPermissionsChanged: 10380
07-29 21:21:35.192  7958  7958 I UserConsentManager: onPermissionsChanged: 10380
07-29 21:21:35.192  7958  7958 I UserConsentManager: onPermissionsChanged: 10380
07-29 21:21:35.193  4497  5298 W PreviewDisappear: 2 getIcon entry: com.miui.home.launcher.graphics.DrawableInfo@c92b051
07-29 21:21:35.193  4497  5298 W PreviewDisappear: applyCacheEntry entry: com.miui.home.launcher.graphics.drawable.LayerAdaptiveIconDrawable@bd3f0b6
07-29 21:21:35.193  4497  5298 W PreviewDisappear: getIconDrawable finally drawable: com.miui.home.launcher.graphics.drawable.LayerAdaptiveIconDrawable@bd3f0b6
07-29 21:21:35.193  4505  4543 I htmlviewercloudcontrol: isStagingEnv:false param =  fps_idle_config  uriMatch = 2, cluster: cn, version: 553104, traceId: aa4a7f1732c179f033e45bb6df6285c3, regId: +4z3RS85+e2U9l+sd6caQ/srGmJCsEbKpG1twyPn1K0CrNNyxYT/yAgGVxm5X+yC
07-29 21:21:35.195  4505  4543 I htmlviewercloudcontrol: isStagingEnv:false param =  fps_group_config  uriMatch = 2, cluster: cn, version: 553104, traceId: aa4a7f1732c179f033e45bb6df6285c3, regId: +4z3RS85+e2U9l+sd6caQ/srGmJCsEbKpG1twyPn1K0CrNNyxYT/yAgGVxm5X+yC
07-29 21:21:35.196  7773  7773 E RegisteredServicesCache: Skipping application component ComponentInfo{com.UCMobile/com.alibaba.ariver.commonability.device.jsapi.nfc.service.TinyAppHostApduService}: it must request the permission android.permission.NFC
07-29 21:21:35.196  7773  7773 E RegisteredServicesCache: Skipping application component ComponentInfo{com.UCMobile/com.alipay.mobile.aompdevice.nfc.service.TinyAppHostApduService}: it must request the permission android.permission.NFC
07-29 21:21:35.196  7773  7773 E RegisteredServicesCache: Skipping application component ComponentInfo{com.autonavi.minimap/com.alibaba.ariver.commonability.device.jsapi.nfc.service.TinyAppHostApduService}: it must request the permission android.permission.NFC
07-29 21:21:35.197  7773  7773 E RegisteredServicesCache: Skipping application component ComponentInfo{com.autonavi.minimap/com.alipay.mobile.aompdevice.nfc.service.TinyAppHostApduService}: it must request the permission android.permission.NFC
07-29 21:21:35.197  4505  4543 I htmlviewercloudcontrol: isStagingEnv:false param =  fps_group_config  uriMatch = 2, cluster: cn, version: 553104, traceId: aa4a7f1732c179f033e45bb6df6285c3, regId: +4z3RS85+e2U9l+sd6caQ/srGmJCsEbKpG1twyPn1K0CrNNyxYT/yAgGVxm5X+yC
07-29 21:21:35.198  2105  2105 E DisplayModeController: setDesiredMode : Idle status skip setActiveMode, isDdicIdleMode: 1
07-29 21:21:35.198  9339 10199 I DisplayFrameSetting: register
07-29 21:21:35.199  2463  6120 I whetstone.activity: noteVideoFps registVideoFpsCallBack, count is 1
07-29 21:21:35.199  7773  7773 I RegisteredServicesCache: current user: 0, is managed profile : false
07-29 21:21:35.199  1827  1827 I SDM     : HWCDisplay::SetActiveConfigWithConstraints: display:66-0, config: 3, WxH 1200x2670, fps 120
07-29 21:21:35.200  2463  2463 I AppsFilter: interaction: PackageSetting{a21f98 com.android.microdroid.empty_payload/10236} -> PackageSetting{237f3f1 com.cyberlink.youcammakeup/10380} BLOCKED
07-29 21:21:35.200  2463  2463 I AppsFilter: interaction: PackageSetting{b8c7bd6 io.appium.uiautomator2.server.test/10280} -> PackageSetting{237f3f1 com.cyberlink.youcammakeup/10380} BLOCKED
07-29 21:21:35.200  2463  2463 I AppsFilter: interaction: PackageSetting{6101e57 io.github.ylimit.droidbotapp/10379} -> PackageSetting{237f3f1 com.cyberlink.youcammakeup/10380} BLOCKED
07-29 21:21:35.200  2463  2463 I AppsFilter: interaction: PackageSetting{c659d44 com.rongcard.eid/10151} -> PackageSetting{237f3f1 com.cyberlink.youcammakeup/10380} BLOCKED
07-29 21:21:35.200  2463  2463 I AppsFilter: interaction: PackageSetting{3c6de2d io.appium.settings/10274} -> PackageSetting{237f3f1 com.cyberlink.youcammakeup/10380} BLOCKED
07-29 21:21:35.200  1827  1827 W SDM     : HWDeviceDRM::GetSupportedBitClkRate: Requested rate not supported: 1150000000
07-29 21:21:35.200  1827  1827 I SDM     : HWDeviceDRM::UpdateMixerAttributes: Mixer WxH 1200x2670-1 for Peripheral
07-29 21:21:35.200  1827  1827 I SDM     : HWCDisplay::SubmitDisplayConfig: Active configuration changed from config 1 to 3
07-29 21:21:35.200  1827  1827 I SDM     : HWCDisplay::SubmitDisplayConfig: Active WxH 1200x2670 ,ddic_mode:auto, timing_fps: 120, sf_fps: 120
07-29 21:21:35.200  7958  7958 I UserConsentManager: onPermissionsChanged: 10380
07-29 21:21:35.202  1827  2752 I vendor.qti.hardware.display.composer-service: Sensor: notify citsensorservice to trigger cwb, misForced = 0
07-29 21:21:35.202  3002  4297 I libsensor-parseRGB: request dump start for mRequestDisplayId 0
07-29 21:21:35.204  4505  4543 I htmlviewercloudcontrol: isStagingEnv:false param =  fps_idle_config  uriMatch = 2, cluster: cn, version: 553104, traceId: aa4a7f1732c179f033e45bb6df6285c3, regId: +4z3RS85+e2U9l+sd6caQ/srGmJCsEbKpG1twyPn1K0CrNNyxYT/yAgGVxm5X+yC
07-29 21:21:35.207  4497  5264 W PreviewDisappear: 1 getIcon entry: null
07-29 21:21:35.207  7773  7773 I RegisteredAidCache: updateRoutingLocked(false): Enter
07-29 21:21:35.207  7773  7773 I AidRoutingManager: configureRouting(false): Enter
07-29 21:21:35.208  7773  7773 E AidRoutingManager: Size of routing table970
07-29 21:21:35.208  7773  7773 I RegisteredAidCache: updateRoutingLocked(false): exit
07-29 21:21:35.208  4497  5264 W PreviewDisappear: 2 getIcon entry: com.miui.home.launcher.graphics.DrawableInfo@c266242
07-29 21:21:35.208  4497  5264 W PreviewDisappear: applyCacheEntry entry: com.miui.home.launcher.graphics.drawable.LayerAdaptiveIconDrawable@f542253
07-29 21:21:35.211  9839  9839 I VSC-AppInstallReceiver: action: android.intent.action.PACKAGE_CHANGED, packageName: com.cyberlink.youcammakeup
07-29 21:21:35.211   323   323 I ##XLogger##: #&^OZQCjsew0hWbp1bc02EHDtnzcg7Fz6DLfbbmrYw7hpCWpyMivsO/5k3603YUYRcOPwCzs0qSBZpUIagOfw7OEkFf1ZzqbnUzML2Po/yD4hGMuQXTVz3nvrCLMK5K0WqGlt94dsBzFfAKPPI6sPCnuPW093T2l1clELHoUEug4Ic=!!HlE+gotlAAiobmPhQOu2bxNwQybj43Q8xvPYX+/MmvmKyTpRfmL9Ek9jdqF+vtvvToFoo+3iLNkpEO0fg1/AEerZvMdhcuF0mRIifRWvAdwyTB37qGSn4ye15TAZKrWpfex3GPo6oIV+mUnnA2qp1U97c2d2UThToPqCc+imgbsla5yZoGgqOZdGDcPdYW9+8aJilF8/nhj3O+PLo8SKAY1TzBlGYtiTsOwgUlTT3z3lVqNZSxdCo6tHbYnpRJLc7VkAeG71gGOp47JM2Isgb/huB3Jh3dH1kcQhmlLlauo7zqK0943tsyInK19wl51LFmh1H2sz+UpeDK06jx+iKpZOtVyaXYRE4imkStzpGCxCkjcErzex0e5n+66CpruR6GqjIGW6loCWWpQDAErsFIGwgNp2uHHTJjNbq921Xwyf5eMjUhVX8+rypPnzs5fv213+jF2ArJa38MCrbX9ScjBhdkr7uCyyeRRtbICvR8i4fE0MgXC5FqO27um8GyBxe5z6dSNLU37q9j4/nXCAUk/IwpxNykL1w4exyYqH+Rl8rwJ1e7rzUh0ApszMfmy/fusfgKVneSsktH03R/75VzL5bxo7sKloSxk4gYgMo9AYV29puQlfhjiLAVi6vgD1gl5aaDXIqcatmHX/+Z8msQRlRJKWrnen8AIp5TlgZuzEtI9Cc7HPPjpYi2qu+jwfq7yJY+X3JcoP1EIj4Cs74i/OAm4QnSgvJa2b/+syTi0kdn/EUG8ZFOrTb6QWvNWrGUPmIUDXAC/7+0BC4J59fP1S9t3PaFPZFkGfl4/Xidy5cF/gLgDL6SQ3MoAQKXNN3K4oLFXqzwUds12PDiyHm6u7gcKPFi4MV85W5qg/SOE=^&#
