10-25 09:58:03.350  2318  4476 W ParceledListSlice: Element #54 is 29724 bytes.
10-25 09:58:03.350  2318  4476 W ParceledListSlice: Overly large reply size: 82972
10-25 09:58:03.350  2318  5445 W ParceledListSlice: Element #55 is 29744 bytes.
10-25 09:58:03.351  2318  5445 W ParceledListSlice: Element #56 is 29736 bytes.
10-25 09:58:03.355  4663  5397 E SmsApplication: com.android.mms lost android:read_cell_broadcasts:  (fixing)
10-25 09:58:03.355  2318  5401 W AppOpService: Ignored setUidMode call for runtime permission app op: uid = 10141, code = READ_CELL_BROADCASTS, mode = allow, callingUid = 1001, oldMode = allow
10-25 09:58:03.357  7438  7438 E RegisteredServicesCache: Skipping application component ComponentInfo{com.autonavi.minimap/com.alibaba.ariver.commonability.device.jsapi.nfc.service.TinyAppHostApduService}: it must request the permission android.permission.NFC
10-25 09:58:03.357  7438  7438 E RegisteredServicesCache: Skipping application component ComponentInfo{com.autonavi.minimap/com.alipay.mobile.aompdevice.nfc.service.TinyAppHostApduService}: it must request the permission android.permission.NFC
10-25 09:58:03.359  2318  5445 W AppOpService: Ignored setUidMode call for runtime permission app op: uid = 1001, code = READ_SMS, mode = allow, callingUid = 1001, oldMode = allow
10-25 09:58:03.359  7438  7438 I RegisteredServicesCache: current user: 0, is managed profile : false
10-25 09:58:03.360  2318  5401 W AppOpService: Ignored setUidMode call for runtime permission app op: uid = 1001, code = RECEIVE_SMS, mode = allow, callingUid = 1001, oldMode = allow
10-25 09:58:03.360  2318  5453 W AppOpService: Ignored setUidMode call for runtime permission app op: uid = 1001, code = RECEIVE_WAP_PUSH, mode = allow, callingUid = 1001, oldMode = allow
10-25 09:58:03.360  7438  7438 I RegisteredAidCache: updateRoutingLocked(false): Enter
10-25 09:58:03.360  7438  7438 I AidRoutingManager: configureRouting(false): Enter
10-25 09:58:03.360  7438  7438 E AidRoutingManager: Size of routing table970
10-25 09:58:03.360  7438  7438 I RegisteredAidCache: updateRoutingLocked(false): exit
10-25 09:58:03.360  2318  5445 W AppOpService: Ignored setUidMode call for runtime permission app op: uid = 1001, code = SEND_SMS, mode = allow, callingUid = 1001, oldMode = allow
10-25 09:58:03.361  2318  4476 W AppOpService: Ignored setUidMode call for runtime permission app op: uid = 1001, code = READ_CELL_BROADCASTS, mode = allow, callingUid = 1001, oldMode = allow
10-25 09:58:03.361  7438  7438 I libnfc_nci: [INFO:NativeT4tNfcee.cpp(870)] nfcManager_isFwSupportNonStdT4TAid Enter isFwSupport = 1
10-25 09:58:03.361  7438  7438 I libnfc_nci: [INFO:SecureElement.cpp(1487)] SecureElement::getEseHandleFromGenericId: enter; ESE-ID = 0x7F
10-25 09:58:03.361  7438  7438 I libnfc_nci: [INFO:SecureElement.cpp(1528)] SecureElement::getEseHandleFromGenericId: enter; ESE-Handle = 0x410
10-25 09:58:03.362  7438  7438 I libnfc_nci: [INFO:SecureElement.cpp(1487)] SecureElement::getEseHandleFromGenericId: enter; ESE-ID = 0x00
10-25 09:58:03.362  7438  7438 I libnfc_nci: [INFO:SecureElement.cpp(1528)] SecureElement::getEseHandleFromGenericId: enter; ESE-Handle = 0x400
10-25 09:58:03.362  6892  6909 I PermissionControllerServiceImpl: Updating user sensitive for uid 10266
10-25 09:58:03.363  4610  4660 I SecureElement-Terminal-eSE1: isSecureElementPresent()
10-25 09:58:03.363  1594  1594 I android.hardware.secure_element-service.qti: isCardPresent
10-25 09:58:03.364  1594  1594 I android.hardware.secure_element-service.qti: isCardPresent exit, cardPresent: 1
10-25 09:58:03.365  4610  4660 I SecureElement-Terminal-SIM1: isSecureElementPresent()
10-25 09:58:03.365  4610  4660 I SecureElement-Terminal-SIM1: isNfcEventAllowed: No access rules for checking.
10-25 09:58:03.365  4610  4660 I SecureElement-Terminal-SIM2: isSecureElementPresent()
10-25 09:58:03.367  7707  8104 I RuntimePermissionManager: isRuntimeRequestSupport: true
10-25 09:58:03.367  7707  8104 I InstalledPackagesMemoryCache: getInstallPermissionGranted=true
10-25 09:58:03.385  2318  2447 W EnhancedConfirmationService: The packageName should not be null.
10-25 09:58:03.386  2318  2447 W MagnificationConnectionManager: requestConnection duplicated request: connect=false, mConnectionState=DISCONNECTED
10-25 09:58:03.393  1656  1854 I SDM     : DisplayBase::CommitThread: Received idle timeout, panel: cmd, timeout: 70000 us
10-25 09:58:03.411  3094  3094 I adbd    : in ShellService: wm size
10-25 09:58:03.435  2318  2451 W BroadcastQueue: Greezer Denial: sending Intent { act=android.intent.action.INPUT_METHOD_CHANGED flg=0x20000010 (has extras) }, action: android.intent.action.INPUT_METHOD_CHANGED from android (uid=1000) due to receiver ProcessRecord{3fdfc 12838:com.getsurfboard/u0a279} (uid 10279) need cached broadcast
10-25 09:58:03.503 12107 32573 I Market-DownloadLimitSpeedManager: stopLimitSpeed
10-25 09:58:03.503 12107 32573 I Market-LimitSpeedManager: stopLimitSpeedNow() =========== 
10-25 09:58:03.506  8429 28926 E PackageUtil: getPackageInfoAsUser failed com.baidu.searchbox.lite , 999
10-25 09:58:03.508 12107 32573 I Market-RetrofitRequest: callEnd : https://updateinfo.market.xiaomi.com/apm/updateinfo/diffsize
10-25 09:58:03.508  8429 28926 E PermissionManagerProvider:  getPackageInfo is null packageName : com.baidu.searchbox.lite
10-25 09:58:03.508 12107 32573 I Market-LocalAppManager: queryDiffSizeFromServer end
10-25 09:58:03.509 12107 31960 I Market-SubScriptManager: updateMarketSubScript forceShow : false
10-25 09:58:03.509 12107 31960 I Market-SubScriptManager: get count 65
10-25 09:58:03.510 12107 31960 I Market-SubScriptManager: get count 65
10-25 09:58:03.511 12107 32573 I Market-WakeLockManager: release wakeLock: CheckUpdateService
10-25 09:58:03.511  8429 28926 E PackageUtil: getPackageInfoAsUser failed com.tencent.qqmusic , 999
10-25 09:58:03.512  8429 28926 E PermissionManagerProvider:  getPackageInfo is null packageName : com.tencent.qqmusic
10-25 09:58:03.513  2318  3998 I ActivityManager: Cancel FGS notification userId: 0 definingUid: 10167 packageName: com.xiaomi.market processName:com.xiaomi.market ChannelId:com.xiaomi.market_hide foregroundNotiWhen:1761357482372 Notiflags:104
10-25 09:58:03.513  1688  1688 I vendor.qti.hardware.servicetrackeraidl-service: destroyService is called for service : com.xiaomi.market/.business_core.update.auto.CheckUpdateService
10-25 09:58:03.513  2318  3998 W ForegroundServiceTypeLoggerModule: FGS stop call for: 10167 has no types!
10-25 09:58:03.513  8429 28926 E PackageUtil: getPackageInfoAsUser failed io.github.ylimit.droidbotapp , 999
10-25 09:58:03.513  2318  2318 I NotificationService: Cancel FGS notification CallingUid: 10167 CallingPid: 12107 Pkg: com.xiaomi.market Id:137558623 Tag:null UserId:0 MustHaveFlags:0 MustNotHaveFlags:0 Reason:8 foregroundNotiWhen:1761357482372 foregroundNotiFlags:104 foregroundNotiChannelId:com.xiaomi.market_hide
10-25 09:58:03.515 18798 28240 I auth    : [XMS][Auth] updateAuthInfo in db true
10-25 09:58:03.515 12107 12107 I Market-ServiceUtils: stop foreground service: CheckUpdateService
10-25 09:58:03.516  8429 28926 E PackageUtil: getPackageInfoAsUser failed com.quark.browser , 999
10-25 09:58:03.516  8429 28926 E PermissionManagerProvider:  getPackageInfo is null packageName : com.quark.browser
10-25 09:58:03.520  8429 28926 E PackageUtil: getPackageInfoAsUser failed com.baidu.searchbox , 999
10-25 09:58:03.520  4692  4692 E NotifCollection: No notification to remove with key 0|com.xiaomi.market|137558623|null|10167 reason=8:REASON_APP_CANCEL
10-25 09:58:03.520  8429 28926 E PermissionManagerProvider:  getPackageInfo is null packageName : com.baidu.searchbox
10-25 09:58:03.521  2318  3691 I MiuiNetworkPolicy: updateUidState uid = 10261, uidState = 19
10-25 09:58:03.521  2318  3691 I MiuiNetworkPolicyTrafficLimit: updateWhiteListUidForMobileTraffic uid=10261,add=false
10-25 09:58:03.521  2318  3691 I MiuiNetworkPolicy: updateUidState uid = 10203, uidState = 6
10-25 09:58:03.521  2318  3691 I MiuiNetworkPolicy: updateUidState uid = 10167, uidState = 19
10-25 09:58:03.521  2318  3691 I MiuiNetworkPolicyTrafficLimit: updateWhiteListUidForMobileTraffic uid=10167,add=false
10-25 09:58:03.521  2318  3691 I MiuiNetworkPolicy: updateUidState uid = 10158, uidState = 19
10-25 09:58:03.522  2318  3691 I MiuiNetworkPolicyTrafficLimit: updateWhiteListUidForMobileTraffic uid=10158,add=false
10-25 09:58:03.523 18798 18823 I auth    : [XMS][Auth] updateAuthInfo in db true
10-25 09:58:03.526 18798 28240 I auth    : [XMS][Auth] updateAuthInfo in db true
10-25 09:58:03.529  3094  3094 I adbd    : in ShellService: dumpsys input
10-25 09:58:03.535  8429 28926 E PackageUtil: getPackageInfoAsUser failed com.UCMobile , 999
10-25 09:58:03.536 18798 18823 I auth    : [XMS][Auth] updateAuthInfo in db true
10-25 09:58:03.536  8429 28926 E PermissionManagerProvider:  getPackageInfo is null packageName : com.UCMobile
10-25 09:58:03.540 18798 18823 I auth    : [XMS][Auth] updateAuthInfo in db true
10-25 09:58:03.542 18798 18823 I auth    : [XMS][Auth] updateAuthInfo in db true
10-25 09:58:03.545 18798 28240 I auth    : [XMS][Auth] updateAuthInfo in db true
10-25 09:58:03.548 18798 18823 I auth    : [XMS][Auth] updateAuthInfo in db true
10-25 09:58:03.550 18798 28240 I auth    : [XMS][Auth] updateAuthInfo in db true
10-25 09:58:03.552 18798 18823 I auth    : [XMS][Auth] updateAuthInfo in db true
10-25 09:58:03.555 18798 28240 I auth    : [XMS][Auth] updateAuthInfo in db true
10-25 09:58:03.558 18798 28240 I auth    : [XMS][Auth] updateAuthInfo in db true
10-25 09:58:03.559 18798 28240 I auth    : [XMS][Auth] updateAuthInfo in db true
10-25 09:58:03.563 12107 12129 I m.xiaomi.market: This is non sticky GC, maxfree is 16777216 minfree is 8388608
10-25 09:58:03.568 12107 12131 W System  : A resource failed to call close. 
10-25 09:58:03.568 12107 12131 W System  : A resource failed to call close. 
10-25 09:58:03.571 12107 12131 W m.xiaomi.market: ApkAssets: Deleting an ApkAssets object '<empty> and /product/priv-app/MiuiHome/MiuiHome.apk' with 1 weak references
10-25 09:58:03.572 12107 12131 W System  : A resource failed to call close. 
10-25 09:58:03.572 12107 12131 W System  : A resource failed to call close. 
10-25 09:58:03.631  3094  3094 I adbd    : in ShellService: getprop ro.sf.lcd_density
10-25 09:58:03.701  3030  3793 I libsensor-boledalgo: dbv:395,lux:54.6,cct:7153.5,hsv:-1.0,dc:0CWB R:3159.1,G:7712.0,B:4918.8Event C:4473.7,R:2274.0,G:1559.7,B:932.6Cali C:1016.3,R:533.3,G:233.5,B:120.0 
10-25 09:58:03.736  3094  3094 I adbd    : in ShellService: input keyevent MENU
10-25 09:58:03.791  2318  4476 W MIUIInput: Input event injection from package: null action ACTION_DOWN keycode 82
10-25 09:58:03.792  2318  4476 W MiuiInputKeyEventLog: keyCode:82 down:true eventTime:12698017 downTime:12698017 policyFlags:2b000000 flags:0 metaState:0 deviceId:-1 isScreenOn:true keyguardActive:false repeatCount:0
10-25 09:58:03.794  1908  1908 E DisplayModeController: setDesiredMode : Idle status skip setActiveMode, isDdicIdleMode: 1
10-25 09:58:03.794  2318  3572 I InputFeature: supportXiaomiHyperXiaoAi is true
10-25 09:58:03.794  2318  3572 I InputFeature: supportXiaomiHyperXiaoAiScreenRecognition support
10-25 09:58:03.794  2318  3572 I InputFeature: supportBlockCombinationKey com.miui.home version: 3
10-25 09:58:03.794  2318  3572 I MiuiInputKeyEventLog: is show menu
10-25 09:58:03.795  2318  3572 I MIUIInput: [KeyEvent] publisher action:0x0,  keyCode:82 , deviceId=-1, 12698017,channel '88fbfb6 com.miui.home/com.miui.home.launcher.Launcher (server)' 
10-25 09:58:03.796  1656  1656 I SDM     : HWCDisplay::SetActiveConfigWithConstraints: display:66-0, config: 3, WxH 1200x2670, fps 120
10-25 09:58:03.797  1656  1656 W SDM     : HWDeviceDRM::GetSupportedBitClkRate: Requested rate not supported: 1150000000
10-25 09:58:03.797  1656  1656 I SDM     : HWDeviceDRM::UpdateMixerAttributes: Mixer WxH 1200x2670-1 for Peripheral
10-25 09:58:03.797  4299  4299 I MIUIInput: [KeyEvent] ViewRootImpl windowName 'com.miui.home/com.miui.home.launcher.Launcher', KeyEvent { action=ACTION_DOWN, keyCode=KEYCODE_MENU, scanCode=0, metaState=0, flags=0x0, repeatCount=0, eventTime=12698017000000, downTime=12698017000000, deviceId=-1, source=0x0, displayId=-1 }, phoneEventTime=09:58:03.791
10-25 09:58:03.797  1656  1656 I SDM     : HWCDisplay::SubmitDisplayConfig: Active configuration changed from config 1 to 3
10-25 09:58:03.797  1656  1656 I SDM     : HWCDisplay::SubmitDisplayConfig: Active WxH 1200x2670 ,ddic_mode:auto, timing_fps: 120, sf_fps: 120
10-25 09:58:03.798  1656  2516 I vendor.qti.hardware.display.composer-service: Sensor: notify citsensorservice to trigger cwb, misForced = 0
10-25 09:58:03.799  3030  3788 I libsensor-parseRGB: request dump start for mRequestDisplayId 0
10-25 09:58:03.805  2318  4476 W MIUIInput: Input event injection from package: null action ACTION_UP keycode 82
10-25 09:58:03.806  2318  4476 W MiuiInputKeyEventLog: keyCode:82 down:false eventTime:12698031 downTime:12698017 policyFlags:2b000000 flags:0 metaState:0 deviceId:-1 isScreenOn:true keyguardActive:false repeatCount:0
10-25 09:58:03.806  2318  3572 I InputFeature: supportXiaomiHyperXiaoAi is true
10-25 09:58:03.807  2318  3572 I InputFeature: supportXiaomiHyperXiaoAiScreenRecognition support
10-25 09:58:03.807  2318  3572 I InputFeature: supportBlockCombinationKey com.miui.home version: 3
10-25 09:58:03.807  2318  3572 I MiuiInputKeyEventLog: is show menu
10-25 09:58:03.807  2318  3572 I MIUIInput: [KeyEvent] publisher action:0x1,  keyCode:82 , deviceId=-1, 12698031,channel '88fbfb6 com.miui.home/com.miui.home.launcher.Launcher (server)' 
10-25 09:58:03.807  4299  4299 I MIUIInput: [KeyEvent] ViewRootImpl windowName 'com.miui.home/com.miui.home.launcher.Launcher', KeyEvent { action=ACTION_UP, keyCode=KEYCODE_MENU, scanCode=0, metaState=0, flags=0x0, repeatCount=0, eventTime=12698031000000, downTime=12698017000000, deviceId=-1, source=0x0, displayId=-1 }, phoneEventTime=09:58:03.805
10-25 09:58:03.808  4299  4299 I AnimStateManager: IdleState handle event 2006
10-25 09:58:03.808  4299  4299 I AnimStateManager: CommonState handle event 2006
10-25 09:58:03.811  4299  4890 I HapticFeedbackUtil: rtp:216
10-25 09:58:03.820  4340  4362 I MiuiWallpaper-MiuiWallpaperManagerService: isMiuiWallpaperComponentUsing: true
10-25 09:58:03.824  4340  4362 I MiuiWallpaper-MiuiWallpaperManagerService: isMiuiWallpaperComponentUsing: true
10-25 09:58:03.825  4340  4362 I MiuiWallpaper-MiuiWallpaperManagerService: isMiuiWallpaperComponentUsing: true
10-25 09:58:03.825  4340  4362 I MiuiWallpaper-MiuiWallpaperManagerService: isMiuiWallpaperComponentUsing: true
10-25 09:58:03.827  3030  3112 E libsensor-parseRGB: CWB NotifyCWBBufferDone  error 0
10-25 09:58:03.832  2318  4476 W ServiceManagerCppClient: Permission failure:  from uid=10138 pid=4299
10-25 09:58:03.836  1596  1596 I sensors-hal: batch:141, android.sensor.accelerometer/11, period=66667000, max_latency=0
10-25 09:58:03.836  1596  1596 I sensors-hal: set_config:56, sample_period_ns is adjusted to 66667000 based on min/max delay_ns
10-25 09:58:03.836  1596  1596 I sensors-hal: batch:150, android.sensor.accelerometer/11, period=66667000, max_latency=0 request completed
10-25 09:58:03.837  2318  4476 I SensorService: 	>>> actuating h/w activate handle=0x100000b enabled=1
10-25 09:58:03.837  1596  1596 I sensors-hal: activate:108, android.sensor.accelerometer/11 en=1
10-25 09:58:03.837  1596  1596 I sensors-hal: acquire_qsh_interface:121, acquire_qsh_interface with sensor_id 104 , conn_type 2 
10-25 09:58:03.838  2318  2460 E SensorAccount: it is being prepared but doesn't have a pre-existing accountToSensorUsageMap
10-25 09:58:03.839  2318  2460 I SensorAccount: App register sensor to track it noWakeupSensor_10138_0x100000b
10-25 09:58:03.839  1568  1723 I minksocket: MinkIPC MESSAGE: ( 1568:1723 ) MinkIPC_QRTR_Service:351 minkipc = 0xb40000792d0435b0 sock = 35, client with node 1 port 49e0 went down
10-25 09:58:03.839  4299  4299 W PreviewDisappear: set, applyTo for info: com.miui.home.launcher.graphics.DrawableInfo@d95fcaf, with icon: null
10-25 09:58:03.839  1568  1709 I minksocket: MinkIPC MESSAGE: ( 1568:1709 ) MinkIPC_QRTR_Service:351 minkipc = 0xb40000792d0406f0 sock = 19, client with node 1 port 49e0 went down
10-25 09:58:03.840  1568  1723 I minksocket: MinkIPC MESSAGE: ( 1568:1723 ) MinkIPC_QRTR_Service:351 minkipc = 0xb40000792d0435b0 sock = 35, client with node 1 port 49e1 went down
10-25 09:58:03.840  1568  1709 I minksocket: MinkIPC MESSAGE: ( 1568:1709 ) MinkIPC_QRTR_Service:351 minkipc = 0xb40000792d0406f0 sock = 19, client with node 1 port 49e1 went down
10-25 09:58:03.841  1568  1723 I minksocket: MinkIPC MESSAGE: ( 1568:1723 ) MinkIPC_QRTR_Service:351 minkipc = 0xb40000792d0435b0 sock = 35, client with node 1 port 49e2 went down
10-25 09:58:03.841  1568  1709 I minksocket: MinkIPC MESSAGE: ( 1568:1709 ) MinkIPC_QRTR_Service:351 minkipc = 0xb40000792d0406f0 sock = 19, client with node 1 port 49e2 went down
10-25 09:58:03.841  1596  1596 I sensors-hal: qsh_qmi:35, qsh_qmi
10-25 09:58:03.842  1596  1596 I sensors-hal: register_cb:314, suid(low=11115320498015681092,high=2286538866409242278) is new. register callbacks
10-25 09:58:03.842  1596  1596 I sensors-hal: send_sensor_config_request:626, resampler is used, set resampler config
10-25 09:58:03.842  1596  1596 I sensors-hal: send_sync_sensor_request:531, send sync request
10-25 09:58:03.842  1596  1596 I sensors-hal: send_sync_sensor_request:541, send_sync_sensor_request before send_request for accel with SUID low=11115320498015681092 high=2286538866409242278
10-25 09:58:03.842  1568  1723 I minksocket: MinkIPC MESSAGE: ( 1568:1723 ) MinkIPC_QRTR_Service:351 minkipc = 0xb40000792d0435b0 sock = 35, client with node 1 port 49e3 went down
10-25 09:58:03.842  1568  1709 I minksocket: MinkIPC MESSAGE: ( 1568:1709 ) MinkIPC_QRTR_Service:351 minkipc = 0xb40000792d0406f0 sock = 19, client with node 1 port 49e3 went down
10-25 09:58:03.842  1596  1596 I sensors-hal: send_sync_sensor_request:560, wait for notification of response
10-25 09:58:03.843  4299  4299 W ScreenView_Workspace: updateChildStaticTransformation error,childW=0.0
10-25 09:58:03.844  1596  9757 I sensors-hal: qsh_conn_resp_cb:886, resp_value = 0 for accel 
10-25 09:58:03.844  1596  1596 I sensors-hal: send_sync_sensor_request:566, takes 1 ms to receive the response with 0
10-25 09:58:03.844  1596  1596 I sensors-hal: activate:119, android.sensor.accelerometer/11 en=1 completed
10-25 09:58:03.845  4299  4890 E Launcher: mFsGestureStatusRefreshRunnable:run usingFsGesture=true   show=true   focus=true   pause=false
10-25 09:58:03.847  7707  7707 I PackageInstallReceiver: action = android.intent.action.PACKAGE_CHANGED packageName = com.miui.cleanmaster
10-25 09:58:03.847  7707  7707 W InstalledPackagesMemoryCache: Unknown action: android.intent.action.PACKAGE_CHANGED
10-25 09:58:03.847  7707  7707 I ServiceDeliveryCapability: onAppChanged:com.miui.cleanmaster action:android.intent.action.PACKAGE_CHANGED
10-25 09:58:03.847  7707  7707 I AppWidgetDelegate: updateAppWidgets for com.miui.cleanmaster
10-25 09:58:03.847  7707  7707 I WidgetController: WidgetController.updateOrRemoveStackWhenPackageChanged: packageName com.miui.cleanmaster
10-25 09:58:03.847  7707  7707 I WidgetBackgroundBlurManager: onAppChanged appPackageName : com.miui.cleanmaster
10-25 09:58:03.847  7707  8397 I AppWidgetDelegate: removeAllWidgets com.android.calendar.widget.NearEventAppWidget
10-25 09:58:03.847  7707  8397 I AppWidgetDelegate: removeAllWidgets com.xiaomi.misettings.usagestats.widget.desktop.widget.SimpleUsageStatsWidget
10-25 09:58:03.854  4299  4299 W RecentsImpl: updateFsgWindowVisibilityState origin isEnter=true, typeFrom=typefrom_home
10-25 09:58:03.857  4299  4890 W RecentsImpl: updateFsgWindowVisibilityStateInBgThread, isEnter=true, typeFrom=typefrom_home, isOpen=true, isKeyguardLocked=false, mIsInAnotherPro=false, isStatusBarExpansion=false
10-25 09:58:03.857  4299  4968 W GestureStubView_Left: adaptRotation   currentRotation=0   mRotation=0
10-25 09:58:03.857  4299  4968 W GestureStubView_Right: adaptRotation   currentRotation=0   mRotation=0
10-25 09:58:03.899  3030  3793 I libsensor-boledalgo: dbv:395,lux:55.0,cct:7083.6,hsv:-1.0,dc:0CWB R:3159.1,G:7712.0,B:4918.8Event C:4481.4,R:2278.5,G:1568.0,B:932.0Cali C:1016.3,R:533.3,G:233.5,B:120.0 
10-25 09:58:03.913  3094  3094 I adbd    : in ShellService: input keyevent BACK
10-25 09:58:03.940  3094  3094 I adbd    : in ShellService: ps
10-25 09:58:03.940  2318  2422 W MIUIInput: Input event injection from package: null action ACTION_DOWN keycode 4
10-25 09:58:03.941  2318  2422 W MiuiInputKeyEventLog: keyCode:4 down:true eventTime:12698166 downTime:12698166 policyFlags:2b000000 flags:0 metaState:0 deviceId:-1 isScreenOn:true keyguardActive:false repeatCount:0
10-25 09:58:03.941  2318  2449 W ActivityManagerServiceImpl: Sending non-protected broadcast miui.intent.KEYCODE_BACK from system 2318:system/1000 pkg android. Callers=com.android.server.am.ActivityManagerService.checkBroadcastFromSystem:16255 com.android.server.am.ActivityManagerService.broadcastIntentLockedTraced:17126 com.android.server.am.ActivityManagerService.broadcastIntentLocked:16315 com.android.server.am.ActivityManagerService.broadcastIntentWithFeature:17337 android.app.ContextImpl.sendBroadcastAsUser:1495 
10-25 09:58:03.942  2318  3572 I MIUIInput: [KeyEvent] publisher action:0x0,  keyCode:4 , deviceId=-1, 12698166,channel '88fbfb6 com.miui.home/com.miui.home.launcher.Launcher (server)' 
10-25 09:58:03.943  4299  4299 I MIUIInput: [KeyEvent] ViewRootImpl windowName 'com.miui.home/com.miui.home.launcher.Launcher', KeyEvent { action=ACTION_DOWN, keyCode=KEYCODE_BACK, scanCode=0, metaState=0, flags=0x0, repeatCount=0, eventTime=12698166000000, downTime=12698166000000, deviceId=-1, source=0x0, displayId=-1 }, phoneEventTime=09:58:03.940
10-25 09:58:03.959  2318  2422 W MIUIInput: Input event injection from package: null action ACTION_UP keycode 4
10-25 09:58:03.959  2318  2422 W MiuiInputKeyEventLog: keyCode:4 down:false eventTime:12698185 downTime:12698166 policyFlags:2b000000 flags:0 metaState:0 deviceId:-1 isScreenOn:true keyguardActive:false repeatCount:0
10-25 09:58:03.960  2318  3572 I MIUIInput: [KeyEvent] publisher action:0x1,  keyCode:4 , deviceId=-1, 12698185,channel '88fbfb6 com.miui.home/com.miui.home.launcher.Launcher (server)' 
10-25 09:58:03.960  2318  2449 W ActivityManagerServiceImpl: Sending non-protected broadcast miui.intent.KEYCODE_BACK from system 2318:system/1000 pkg android. Callers=com.android.server.am.ActivityManagerService.checkBroadcastFromSystem:16255 com.android.server.am.ActivityManagerService.broadcastIntentLockedTraced:17126 com.android.server.am.ActivityManagerService.broadcastIntentLocked:16315 com.android.server.am.ActivityManagerService.broadcastIntentWithFeature:17337 android.app.ContextImpl.sendBroadcastAsUser:1495 
10-25 09:58:03.960  4299  4299 I MIUIInput: [KeyEvent] ViewRootImpl windowName 'com.miui.home/com.miui.home.launcher.Launcher', KeyEvent { action=ACTION_UP, keyCode=KEYCODE_BACK, scanCode=0, metaState=0, flags=0x0, repeatCount=0, eventTime=12698185000000, downTime=12698166000000, deviceId=-1, source=0x0, displayId=-1 }, phoneEventTime=09:58:03.959
10-25 09:58:04.003  1656  2516 I vendor.qti.hardware.display.composer-service: Sensor: notify citsensorservice to trigger cwb, misForced = 0
10-25 09:58:04.004  3030  3788 I libsensor-parseRGB: request dump start for mRequestDisplayId 0
10-25 09:58:04.026  3030  3112 E libsensor-parseRGB: CWB NotifyCWBBufferDone  error 0
10-25 09:58:04.044  4299  4299 W MIUIInput: Back key is intercepted by the app
10-25 09:58:04.045  2318  5453 I SensorService: 	>>> actuating h/w activate handle=0x100000b enabled=0
10-25 09:58:04.045  1596  1596 I sensors-hal: activate:108, android.sensor.accelerometer/11 en=0
10-25 09:58:04.046  1596  1596 I sensors-hal: send_sync_sensor_request:531, send sync request
10-25 09:58:04.046  1596  1596 I sensors-hal: send_sync_sensor_request:541, send_sync_sensor_request before send_request for accel with SUID low=11115320498015681092 high=2286538866409242278
10-25 09:58:04.046  1596  1596 I sensors-hal: send_sync_sensor_request:560, wait for notification of response
10-25 09:58:04.047  2318  2460 I SensorAccount: App unregister sensor noWakeupSensor_10138_0x100000b
10-25 09:58:04.047  1596  9757 I sensors-hal: qsh_conn_resp_cb:886, resp_value = 0 for accel 
10-25 09:58:04.048  1596  1596 I sensors-hal: send_sync_sensor_request:566, takes 0 ms to receive the response with 0
10-25 09:58:04.048  1596  1596 I sensors-hal: ~qsh_qmi:62, ~qsh_qmi
10-25 09:58:04.048  1596  1596 I sensors-hal: activate:119, android.sensor.accelerometer/11 en=0 completed
10-25 09:58:04.049  1568  1709 I minksocket: MinkIPC MESSAGE: ( 1568:1709 ) MinkIPC_QRTR_Service:351 minkipc = 0xb40000792d0406f0 sock = 19, client with node 1 port 49e4 went down
10-25 09:58:04.049  1568  1723 I minksocket: MinkIPC MESSAGE: ( 1568:1723 ) MinkIPC_QRTR_Service:351 minkipc = 0xb40000792d0435b0 sock = 35, client with node 1 port 49e4 went down
10-25 09:58:04.049  4299  4890 E Launcher: mFsGestureStatusRefreshRunnable:run usingFsGesture=true   show=true   focus=true   pause=false
10-25 09:58:04.052  4299  4299 W RecentsImpl: updateFsgWindowVisibilityState origin isEnter=false, typeFrom=typefrom_home
10-25 09:58:04.055  4299  4890 W RecentsImpl: updateFsgWindowVisibilityStateInBgThread, isEnter=false, typeFrom=typefrom_home, isOpen=true, isKeyguardLocked=false, mIsInAnotherPro=false, isStatusBarExpansion=false
10-25 09:58:04.055  4299  4890 W RecentsImpl: getTopActivity from observer.   cn=ComponentInfo{com.miui.home/com.miui.home.launcher.Launcher}
10-25 09:58:04.100  3030  3793 I libsensor-boledalgo: dbv:395,lux:59.3,cct:6816.7,hsv:-1.0,dc:0CWB R:1956.2,G:4802.2,B:3047.8Event C:3812.5,R:1950.9,G:1446.1,B:873.0Cali C:55.1,R:19.8,G:24.2,B:15.0 
10-25 09:58:04.129  2318  2447 W NotificationHistory: Attempted to remove conversation for locked/gone/disabled user 0
10-25 09:58:04.141  2318  4416 I SensorAccount: ExecutionCapabilityChanged  pkgName:com.miui.home  canAfford:true mCurrentForegroundUid:10328
10-25 09:58:04.147  3094  3094 I adbd    : in ShellService: pm list packages -f
10-25 09:58:04.212  1656  2516 I vendor.qti.hardware.display.composer-service: Sensor: notify citsensorservice to trigger cwb, misForced = 0
10-25 09:58:04.213  3030  3788 I libsensor-parseRGB: request dump start for mRequestDisplayId 0
10-25 09:58:04.234  3030  3108 E libsensor-parseRGB: CWB NotifyCWBBufferDone  error 0
10-25 09:58:04.251  4692  4692 I ViewRootImpl: Toast use first frame acceleration
10-25 09:58:04.257  4692  4692 I Choreographer: first vsync insert message into MessageQueue Head
10-25 09:58:04.257 19790 19790 I abb     : StartCommandInProcess(73657474696e67730067657400676c6f settings.get.glo [truncated])
10-25 09:58:04.256  2318  2318 W binder:2318_1: type=1400 audit(0.0:13057): avc:  denied  { getopt } for  scontext=u:r:system_server:s0 tcontext=u:r:shell:s0 tclass=unix_stream_socket permissive=0
10-25 09:58:04.256  2318  2318 W binder:2318_1: type=1400 audit(0.0:13058): avc:  denied  { getopt } for  scontext=u:r:system_server:s0 tcontext=u:r:shell:s0 tclass=unix_stream_socket permissive=0
10-25 09:58:04.256  2318  2318 W binder:2318_1: type=1400 audit(0.0:13059): avc:  denied  { getopt } for  scontext=u:r:system_server:s0 tcontext=u:r:shell:s0 tclass=unix_stream_socket permissive=0
10-25 09:58:04.265  3094  3094 I adbd    : in ShellService: pm list packages -f
10-25 09:58:04.266  4692  4692 W libc    : Access denied finding property "vendor.gpp.create_frc_extension"
10-25 09:58:04.270 19790 19790 I abb     : StartCommandInProcess(7061636b61676500696e7374616c6c00 package.install. [truncated])
10-25 09:58:04.272  4692  5047 W qdgralloc: getInterlacedFlag: getMetaData returned 3, defaulting to interlaced_flag = 0
10-25 09:58:04.275  2318  2422 I InstallationTiming: beginInstall_sessionId: 485589996
10-25 09:58:04.275  2318  2439 I PowerManagerServiceImpl: Acquire wakelock: SCREEN_BRIGHT_WAKE_LOCK           'WindowManager/displayId:0' ON_AFTER_RELEASE (uid=1000 pid=2318 pkg=android ws=WorkSource{1000 com.android.systemui})
10-25 09:58:04.277  2318  2439 I WindowManager: wms.showSurfaceRobustly mWin:Window{f4a6526 u0 Toast}
10-25 09:58:04.278  4692  5047 W qdgralloc: getInterlacedFlag: getMetaData returned 3, defaulting to interlaced_flag = 0
10-25 09:58:04.280  4692  5047 W qdgralloc: getInterlacedFlag: getMetaData returned 3, defaulting to interlaced_flag = 0
10-25 09:58:04.286  1656  1656 I MiClstc : StageLayers No adding layer_name[FramebufferSurface], layer_id 1
10-25 09:58:04.286  1656  1656 I MiClstc : DropLayers erase layer 382
10-25 09:58:04.286  1656  1656 I MiClstc : DropLayers erase layer 383
10-25 09:58:04.286  1656  1656 I MiClstc : RetrieveConfig Unknown layer 1, skip
10-25 09:58:04.288  1908  1908 I MI-SF   : surfaceflinger setAffinity mode=1
10-25 09:58:04.289  1908  1908 E MI-SF   : surfaceflinger setAffinity success
10-25 09:58:04.289  1908  1908 I MI-SF   : surfaceflinger setreAffinity reTid=2078
10-25 09:58:04.289  4692  5047 W qdgralloc: getInterlacedFlag: getMetaData returned 3, defaulting to interlaced_flag = 0
10-25 09:58:04.289  1908  1908 E MI-SF   : surfaceflinger setAffinity success
10-25 09:58:04.299  3030  3793 I libsensor-boledalgo: dbv:395,lux:57.8,cct:6874.7,hsv:-1.0,dc:0CWB R:3159.1,G:7712.0,B:4918.8Event C:3893.5,R:1990.0,G:1470.8,B:883.0Cali C:209.2,R:90.5,G:74.5,B:34.6 
10-25 09:58:04.379  4299  5402 E FrameEvents: addRelease: Did not find frame.
10-25 09:58:04.419  1656  2516 I vendor.qti.hardware.display.composer-service: Sensor: notify citsensorservice to trigger cwb, misForced = 0
10-25 09:58:04.419  3030  3788 I libsensor-parseRGB: request dump start for mRequestDisplayId 0
10-25 09:58:04.451  3030  3108 E libsensor-parseRGB: CWB NotifyCWBBufferDone  error 0
10-25 09:58:04.499  3030  3793 I libsensor-boledalgo: dbv:395,lux:55.6,cct:7015.4,hsv:-1.0,dc:0CWB R:3125.8,G:7645.3,B:4956.5Event C:4377.0,R:2219.9,G:1553.5,B:923.4Cali C:889.1,R:460.2,G:204.6,B:107.8 
10-25 09:58:04.549  1688  1688 I vendor.qti.hardware.servicetrackeraidl-service: unbindService is called for service : com.google.android.gms/.auth.GetToken and for client com.google.android.apps.tasks
10-25 09:58:04.549  1688  1688 I vendor.qti.hardware.servicetrackeraidl-service: size of service connections for service: com.google.android.gms/.auth.GetTokenafter removal is 4
10-25 09:58:04.549  1688  1688 I vendor.qti.hardware.servicetrackeraidl-service: size of client connections for client: com.google.android.apps.tasksafter removal is 3
10-25 09:58:04.578  2318  4476 I ClipboardServiceI: checkProviderWakePathForClipboard: primaryClip is null
10-25 09:58:04.626  1656  2516 I vendor.qti.hardware.display.composer-service: Sensor: notify citsensorservice to trigger cwb, misForced = 0
10-25 09:58:04.626  3030  3788 I libsensor-parseRGB: request dump start for mRequestDisplayId 0
10-25 09:58:04.658  3030  3108 E libsensor-parseRGB: CWB NotifyCWBBufferDone  error 0
10-25 09:58:04.699  3030  3793 I libsensor-boledalgo: dbv:395,lux:54.6,cct:7072.7,hsv:-1.0,dc:0CWB R:3125.8,G:7645.3,B:4956.5Event C:4460.1,R:2275.5,G:1564.6,B:930.9Cali C:1010.8,R:530.0,G:232.4,B:119.5 
10-25 09:58:04.727  2318  4476 I ClipboardServiceI: checkProviderWakePathForClipboard: primaryClip is null
10-25 09:58:04.798  2318  4215 E HyperSentinel: -------------------------------------------------------
10-25 09:58:04.798  2318  4215 E HyperSentinel: Event_ResidentSize
10-25 09:58:04.798  2318  4215 E HyperSentinel: -> audit event by proc 3094 "/apex/com.android.adbd/bin/adbd": RSS increasement, peak 15748kb -> 23828kb
10-25 09:58:04.829  2318  4219 I SmartPower: com.miui.cleanmaster/10266(19987): background->idle(3000ms) R(service create com.miui.cleanmaster/com.miui.optimizecenter.service.CleanMasterService) adj=905.
10-25 09:58:04.832  2318  4219 I SmartPower: com.android.packageinstaller/10097(11211): background->idle(3000ms) R(broadcast start Intent { act=android.intent.action.PACKAGE_ADDED dat=package: flg=0x5000010 pkg=com.android.packageinstaller (has extras) }) adj=905.
10-25 09:58:04.856  1656  1854 I SDM     : DisplayBase::CommitThread: Received idle timeout, panel: cmd, timeout: 70000 us
10-25 09:58:04.892  1656  2244 I SDM     : HWCDisplay::SetActiveConfigWithConstraints: display:66-0, config: 1, WxH 1200x2670, fps 120
10-25 09:58:04.892  1656  2244 W SDM     : HWDeviceDRM::GetSupportedBitClkRate: Requested rate not supported: 1150000000
10-25 09:58:04.892  1656  2244 I SDM     : HWDeviceDRM::UpdateMixerAttributes: Mixer WxH 1200x2670-1 for Peripheral
10-25 09:58:04.893  1656  2244 I SDM     : HWCDisplay::SubmitDisplayConfig: Active configuration changed from config 3 to 1
10-25 09:58:04.893  1656  2244 I SDM     : HWCDisplay::SubmitDisplayConfig: Active WxH 1200x2670 ,ddic_mode:idle, timing_fps: 120, sf_fps: 120
10-25 09:58:04.895  1656  2516 I vendor.qti.hardware.display.composer-service: Sensor: notify citsensorservice to trigger cwb, misForced = 0
10-25 09:58:04.896  3030  3788 I libsensor-parseRGB: request dump start for mRequestDisplayId 0
10-25 09:58:04.932  3030 15012 E libsensor-parseRGB: CWB NotifyCWBBufferDone  error 0
10-25 09:58:04.989  1656  1854 I SDM     : DisplayBase::CommitThread: Received idle timeout, panel: cmd, timeout: 69999 us
10-25 09:58:05.051  2318  4219 I SmartPower: com.android.browser/10134(22999): background->idle(3001ms) R(broadcast start Intent { act=miui.intent.action.PACKAGE_FIRST_LAUNCH flg=0x1000010 (has extras) }) adj=905.
10-25 09:58:05.067  1656  2516 I vendor.qti.hardware.display.composer-service: Sensor: notify citsensorservice to trigger cwb, misForced = 1
10-25 09:58:05.069  3030  3788 I libsensor-parseRGB: request dump start for mRequestDisplayId 0
10-25 09:58:05.091  3030  3108 E libsensor-parseRGB: CWB NotifyCWBBufferDone  error 0
10-25 09:58:05.094  2318  3691 I MiuiNetworkPolicy: bandwidth: 30 KB/s, Max bandwidth: 572 KB/s
10-25 09:58:05.100  3030  3793 I libsensor-boledalgo: dbv:395,lux:54.6,cct:7122.9,hsv:-1.0,dc:0CWB R:3125.8,G:7645.3,B:4956.5Event C:4465.4,R:2273.7,G:1563.6,B:932.9Cali C:1015.4,R:532.8,G:233.2,B:119.9 
10-25 09:58:05.101  3094  3094 I adbd    : in ShellService: ps
10-25 09:58:05.147  1656  1854 I SDM     : DisplayBase::CommitThread: Received idle timeout, panel: cmd, timeout: 70000 us
10-25 09:58:05.243  2318  5293 I NetworkAccelerateSwitchService: EVENT_RSSI_POLL. mRssiPoll=true
10-25 09:58:05.244  2318  5293 I NetworkAccelerateSwitchService: getAverageWifiRssi:36
10-25 09:58:05.301  3030  3793 I libsensor-boledalgo: dbv:395,lux:54.4,cct:7069.4,hsv:-1.0,dc:0CWB R:3125.8,G:7645.3,B:4956.5Event C:4443.0,R:2265.6,G:1557.4,B:925.7Cali C:1015.4,R:532.8,G:233.2,B:119.9 
10-25 09:58:05.302  3030  3793 I libsensor-boledalgo: dbv:395,lux:54.4,cct:7157.6,hsv:-1.0,dc:0CWB R:3125.8,G:7645.3,B:4956.5Event C:4456.6,R:2264.6,G:1561.4,B:932.6Cali C:1015.4,R:532.8,G:233.2,B:119.9 
10-25 09:58:05.320  2318  4219 I SmartPower: com.android.vending/10124(10447): background->idle(3004ms) R(broadcast start Intent { act=android.intent.action.PACKAGE_ADDED dat=package: flg=0x4000010 (has extras) }) adj=250.
10-25 09:58:05.320  2318  4219 I SmartPower: com.android.vending:background/10124(10644): background->idle(3002ms) R(broadcast start Intent { act=android.intent.action.PACKAGE_ADDED dat=package: flg=0x4000010 (has extras) }) adj=250.
10-25 09:58:05.330  2318  4219 I SmartPower: com.mfashiongallery.emag/10262(8010): background->idle(3001ms) R(broadcast start Intent { act=android.intent.action.PACKAGE_ADDED dat=package: flg=0x4000010 (has extras) }) adj=915.
10-25 09:58:05.332  2318  4219 I SmartPower: com.miui.voiceassist:core/10193(7346): background->idle(3002ms) R(broadcast start Intent { act=android.intent.action.PACKAGE_ADDED dat=package: flg=0x4000010 (has extras) }) adj=100.
10-25 09:58:05.332  2318  4219 I SmartPower: android.process.mediaUI/10261(12429): background->idle(3001ms) R(broadcast start Intent { act=android.intent.action.PACKAGE_ADDED dat=package: flg=0x4000010 (has extras) }) adj=905.
10-25 09:58:05.335  2318  4219 I SmartPower: com.xiaomi.aicr:actionprovider/10127(12470): background->idle(3001ms) R(broadcast start Intent { act=android.intent.action.PACKAGE_ADDED dat=package: flg=0x4000010 (has extras) }) adj=925.
10-25 09:58:05.336  2318  4219 I SmartPower: com.google.android.documentsui/10100(20014): background->idle(3000ms) R(broadcast start Intent { act=android.intent.action.PACKAGE_ADDED dat=package: flg=0x4000010 (has extras) }) adj=925.
10-25 09:58:05.338  2318  4219 I SmartPower: com.milink.service:audio/10178(22090): background->idle(3001ms) R(broadcast start Intent { act=android.intent.action.PACKAGE_ADDED dat=package: flg=0x4000010 (has extras) }) adj=200.
10-25 09:58:05.338  2318  4219 I SmartPower: com.milink.crossdeviceservice/10178(24010): background->idle(3001ms) R(broadcast start Intent { act=android.intent.action.PACKAGE_ADDED dat=package: flg=0x4000010 (has extras) }) adj=925.
10-25 09:58:05.338  2318  4219 I SmartPower: com.android.quicksearchbox/10136(6456): background->idle(3001ms) R(broadcast start Intent { act=android.intent.action.PACKAGE_ADDED dat=package: flg=0x4000010 (has extras) }) adj=905.
10-25 09:58:05.338  2318  4219 I SmartPower: android.process.acore/10083(649): background->idle(3000ms) R(broadcast start Intent { act=android.intent.action.PACKAGE_ADDED dat=package: flg=0x4000010 (has extras) }) adj=700.
10-25 09:58:05.339  2318  4219 I SmartPower: com.miui.gallery/10271(31449): background->idle(3000ms) R(broadcast start Intent { act=android.intent.action.PACKAGE_ADDED dat=package: flg=0x4000010 (has extras) }) adj=905.
10-25 09:58:05.339  2318  4219 I SmartPower: com.kuaishou.nebula:messagesdk/10432(25808): background->idle(4835ms) R(broadcast start Intent { act=android.intent.action.PACKAGE_ADDED dat=package: flg=0x4000010 (has extras) }) adj=800.
10-25 09:58:05.339  2318  4219 I SmartPower: com.kuaishou.nebula/10432(5797): background->idle(3001ms) R(broadcast start Intent { act=android.intent.action.PACKAGE_ADDED dat=package: flg=0x4000010 (has extras) }) adj=250.
10-25 09:58:05.339  2318  4219 I SmartPower: com.xiaomi.market:widgetProvider/10167(20280): background->idle(3000ms) R(broadcast start Intent { act=com.xiaomi.market.APP_STATUS_CHANGED flg=0x30 cmp=com.xiaomi.market/.business_ui.widget.NewGameWidgetProvider (has extras) }) adj=905.
10-25 09:58:05.339  2318  4219 I SmartPower: com.xiaomi.market/10167(12107): background->idle(3014ms) R(broadcast start Intent { act=com.xiaomi.market.APP_STATUS_CHANGED flg=0x30 cmp=com.xiaomi.market/.business_ui.widget.NewGameWidgetProvider (has extras) }) adj=905.
10-25 09:58:05.353  4663  5755 E PhoneAdapter: get ntnphones failed, exception: java.lang.IllegalStateException: Default phones haven't been made yet!
10-25 09:58:05.502  3030  3793 I libsensor-boledalgo: dbv:395,lux:54.4,cct:7041.6,hsv:-1.0,dc:0CWB R:3125.8,G:7645.3,B:4956.5Event C:4447.3,R:2270.1,G:1553.0,B:922.6Cali C:1015.4,R:532.8,G:233.2,B:119.9 
10-25 09:58:05.701  3030  3793 I libsensor-boledalgo: dbv:395,lux:54.2,cct:7134.2,hsv:-1.0,dc:0CWB R:3125.8,G:7645.3,B:4956.5Event C:4441.2,R:2259.5,G:1555.5,B:928.0Cali C:1015.4,R:532.8,G:233.2,B:119.9 
10-25 09:58:05.805  7756  9189 I VideoBoxUtils: isSupportVideoBox: true
10-25 09:58:05.809  7756  9189 W ContextImpl: Calling a method in the system process without a qualified user: android.app.ContextImpl.sendBroadcast:1275 android.content.ContextWrapper.sendBroadcast:527 d7.e.f:24 d7.e.c:0 d7.e$c$a.run:18 
10-25 09:58:05.810  2318  5401 W ActivityManagerServiceImpl: Sending non-protected broadcast com.miui.gamebooster.UNINSTALLAPP from system 7756:com.miui.securitycenter.remote/1000 pkg com.miui.securitycenter. Callers=
10-25 09:58:05.967  2318  4219 I SmartPower: com.miui.phrase/10162(22166): background->idle(3000ms) R(content provider start ContentProviderRecord{3ff3f0e u0 com.miui.phrase/com.miui.provider.InputProvider}) adj=905.
10-25 09:58:06.100  3030  3793 I libsensor-boledalgo: dbv:395,lux:54.2,cct:7076.6,hsv:-1.0,dc:0CWB R:3125.8,G:7645.3,B:4956.5Event C:4437.7,R:2264.6,G:1553.5,B:924.6Cali C:1015.4,R:532.8,G:233.2,B:119.9 
10-25 09:58:06.102  3030  3793 I libsensor-boledalgo: dbv:395,lux:54.3,cct:7132.8,hsv:-1.0,dc:0CWB R:3125.8,G:7645.3,B:4956.5Event C:4445.2,R:2261.5,G:1560.1,B:930.3Cali C:1015.4,R:532.8,G:233.2,B:119.9 
10-25 09:58:06.279  3094  3094 I adbd    : in ShellService: ps
10-25 09:58:06.369  1688  1688 I vendor.qti.hardware.servicetrackeraidl-service: unbindService is called for service : com.google.android.gms/.chimera.PersistentApiService and for client com.google.android.gms
10-25 09:58:06.371  3094  3094 I adbd    : in ShellService: pm list packages -f
10-25 09:58:06.500  3030  3793 I libsensor-boledalgo: dbv:395,lux:54.7,cct:7082.4,hsv:-1.0,dc:0CWB R:3125.8,G:7645.3,B:4956.5Event C:4467.0,R:2277.0,G:1563.4,B:930.6Cali C:1015.4,R:532.8,G:233.2,B:119.9 
10-25 09:58:06.579  1908  1908 E DisplayModeController: setDesiredMode : Idle status skip setActiveMode, isDdicIdleMode: 1
10-25 09:58:06.585  1656  2244 I SDM     : HWCDisplay::SetActiveConfigWithConstraints: display:66-0, config: 3, WxH 1200x2670, fps 120
10-25 09:58:06.585  1656  2244 W SDM     : HWDeviceDRM::GetSupportedBitClkRate: Requested rate not supported: 1150000000
10-25 09:58:06.585  1656  2244 I SDM     : HWDeviceDRM::UpdateMixerAttributes: Mixer WxH 1200x2670-1 for Peripheral
10-25 09:58:06.586  1656  2244 I SDM     : HWCDisplay::SubmitDisplayConfig: Active configuration changed from config 1 to 3
10-25 09:58:06.586  1656  2244 I SDM     : HWCDisplay::SubmitDisplayConfig: Active WxH 1200x2670 ,ddic_mode:auto, timing_fps: 120, sf_fps: 120
10-25 09:58:06.589  1656  2516 I vendor.qti.hardware.display.composer-service: Sensor: notify citsensorservice to trigger cwb, misForced = 0
10-25 09:58:06.590  3030  3788 I libsensor-parseRGB: request dump start for mRequestDisplayId 0
10-25 09:58:06.607  9380  9407 W mit.droidbotapp: Cleared Reference was only reachable from finalizer (only reported once)
10-25 09:58:06.615  9380  9407 I mit.droidbotapp: This is non sticky GC, maxfree is 16777216 minfree is 8388608
10-25 09:58:06.617  3030 15012 E libsensor-parseRGB: CWB NotifyCWBBufferDone  error 0
10-25 09:58:06.667  2318  2426 I MiuiNetworkPolicy: label wlan0, uid -1, active false, tsNanos 43648372583210
10-25 09:58:06.699  3030  3793 I libsensor-boledalgo: dbv:395,lux:55.1,cct:7019.3,hsv:-1.0,dc:0CWB R:3125.8,G:7645.3,B:4956.5Event C:4481.6,R:2285.1,G:1568.0,B:929.1Cali C:1015.4,R:532.8,G:233.2,B:119.9 
10-25 09:58:06.701  2318  5453 W InputManager-JNI: Input channel object 'f4a6526 Toast (client)' was disposed without first being removed with the input manager!
10-25 09:58:06.703  2318  5453 I PowerManagerServiceImpl: Release wakelock: SCREEN_BRIGHT_WAKE_LOCK           'WindowManager/displayId:0' ON_AFTER_RELEASE DISABLED ACQ=-2s427ms (uid=1000 pid=2318 pkg=android ws=WorkSource{1000 com.android.systemui})
10-25 09:58:06.704  1908  3556 I BpBinder: onLastStrongRef automatically unlinking death recipients: 
10-25 09:58:06.706  2318  5453 W NotificationService: Toast already killed. pkg=com.miui.home token=android.os.BinderProxy@431fd99
10-25 09:58:06.719  1656  2244 I MiClstc : simplifyLayerName Unknown layer 1, skip
10-25 09:58:06.719  1656  2244 I MiClstc : DropLayers erase layer 1
10-25 09:58:06.720  1908  1908 I MI-SF   : surfaceflinger setAffinity mode=0
10-25 09:58:06.721  1908  1908 E MI-SF   : surfaceflinger setAffinity success
10-25 09:58:06.797  1656  1854 I SDM     : DisplayBase::CommitThread: Received idle timeout, panel: cmd, timeout: 70000 us
10-25 09:58:06.834  1656  2244 I SDM     : HWCDisplay::SetActiveConfigWithConstraints: display:66-0, config: 1, WxH 1200x2670, fps 120
10-25 09:58:06.834  1656  2244 W SDM     : HWDeviceDRM::GetSupportedBitClkRate: Requested rate not supported: 1150000000
10-25 09:58:06.835  1656  2244 I SDM     : HWDeviceDRM::UpdateMixerAttributes: Mixer WxH 1200x2670-1 for Peripheral
10-25 09:58:06.835  1656  2244 I SDM     : HWCDisplay::SubmitDisplayConfig: Active configuration changed from config 3 to 1
10-25 09:58:06.835  1656  2244 I SDM     : HWCDisplay::SubmitDisplayConfig: Active WxH 1200x2670 ,ddic_mode:idle, timing_fps: 120, sf_fps: 120
10-25 09:58:06.836  1656  2516 I vendor.qti.hardware.display.composer-service: Sensor: notify citsensorservice to trigger cwb, misForced = 0
10-25 09:58:06.836  3030  3788 I libsensor-parseRGB: request dump start for mRequestDisplayId 0
10-25 09:58:06.858  3030 15012 E libsensor-parseRGB: CWB NotifyCWBBufferDone  error 0
10-25 09:58:06.899  3030  3793 I libsensor-boledalgo: dbv:395,lux:54.4,cct:7135.4,hsv:-1.0,dc:0CWB R:3159.1,G:7712.0,B:4918.8Event C:4464.3,R:2271.4,G:1557.4,B:930.3Cali C:1016.3,R:533.3,G:233.5,B:120.0 
10-25 09:58:06.914  1656  1854 I SDM     : DisplayBase::CommitThread: Received idle timeout, panel: cmd, timeout: 70000 us
