07-29 21:24:20.384  1844  1844 I vendor.qti.hardware.servicetrackeraidl-service: bindService is called for service : com.google.android.gms/.backup.BackupTransportService and for client system
07-29 21:24:20.384  1844  1844 I vendor.qti.hardware.servicetrackeraidl-service: total connections for service : com.google.android.gms/.backup.BackupTransportServiceare :1
07-29 21:24:20.384  1844  1844 I vendor.qti.hardware.servicetrackeraidl-service: total connections for client : systemare :32
07-29 21:24:20.395  2463  2463 I TransportConnection: BackupTransportService#1473: Notifying [BMS.restoreAtInstall] transport = BackupTransportClient
07-29 21:24:20.401  3656  3656 E tango_pretranslator: Pretranslating /data/app/~~FbWe1SoW8X8N4bWCryLRsA==/com.sec.android.app.sbrowser-U_mgP-1Te5rRdq8gGVlZnw==/base.apk ...
07-29 21:24:20.401  1844  1844 I vendor.qti.hardware.servicetrackeraidl-service: unbindService is called for service : com.google.android.gms/.backup.BackupTransportService and for client system
07-29 21:24:20.401  1844  1844 I vendor.qti.hardware.servicetrackeraidl-service: size of service connections for service: com.google.android.gms/.backup.BackupTransportServiceafter removal is 0
07-29 21:24:20.401  1844  1844 I vendor.qti.hardware.servicetrackeraidl-service: size of client connections for client: systemafter removal is 31
07-29 21:24:20.402  1844  1844 I vendor.qti.hardware.servicetrackeraidl-service: destroyService is called for service : com.google.android.gms/.backup.BackupTransportService
07-29 21:24:20.404 31105 31402 W AndroidBackupEventsLogg: Flag disabled, logging without sampling [CONTEXT service_id=229 ]
07-29 21:24:20.405 31105 31402 I AndroidBackupEventsLogg: (REDACTED) Logging without sampling %s
07-29 21:24:20.405 31105 31402 W AndroidBackupEventsLogg: Flag disabled, logging without sampling [CONTEXT service_id=229 ]
07-29 21:24:20.405 31105 31402 I AndroidBackupEventsLogg: (REDACTED) Logging without sampling %s
07-29 21:24:20.405  2463  2775 I InstallationTiming: com.sec.android.app.sbrowser|null|7992|5017|107|1075|0|21|1617
07-29 21:24:20.406  2463  2775 I AppsFilter: interaction: PackageSetting{5c04655 com.android.microdroid.empty_payload/10236} -> PackageSetting{85effb8 com.sec.android.app.sbrowser/10382} BLOCKED
07-29 21:24:20.406  2463  2775 I AppsFilter: interaction: PackageSetting{5d2115b io.appium.uiautomator2.server.test/10280} -> PackageSetting{85effb8 com.sec.android.app.sbrowser/10382} BLOCKED
07-29 21:24:20.406  2463  2775 I AppsFilter: interaction: PackageSetting{7cd283f io.github.ylimit.droidbotapp/10381} -> PackageSetting{85effb8 com.sec.android.app.sbrowser/10382} BLOCKED
07-29 21:24:20.406  2463  2775 I AppsFilter: interaction: PackageSetting{31d4df8 com.rongcard.eid/10151} -> PackageSetting{85effb8 com.sec.android.app.sbrowser/10382} BLOCKED
07-29 21:24:20.406  2463  2775 I AppsFilter: interaction: PackageSetting{70bf2d1 io.appium.settings/10274} -> PackageSetting{85effb8 com.sec.android.app.sbrowser/10382} BLOCKED
07-29 21:24:20.408 31200 31200 I cr_A11yState: Enabled accessibility services: [io.github.ylimit.droidbotapp/io.github.privacystreams.accessibility.PSAccessibilityService, null]
07-29 21:24:20.408 31200 31200 I cr_A11yState: Running accessibility services: [io.github.ylimit.droidbotapp/io.github.privacystreams.accessibility.PSAccessibilityService]
07-29 21:24:20.408 31200 31200 I cr_A11yState: Will check again after 250 milliseconds.
07-29 21:24:20.405  2463  2463 W binder:2463_20: type=1400 audit(0.0:17567): avc:  denied  { getopt } for  scontext=u:r:system_server:s0 tcontext=u:r:shell:s0 tclass=unix_stream_socket permissive=0
07-29 21:24:20.405  2463  2463 W binder:2463_20: type=1400 audit(0.0:17568): avc:  denied  { getopt } for  scontext=u:r:system_server:s0 tcontext=u:r:shell:s0 tclass=unix_stream_socket permissive=0
07-29 21:24:20.405  2463  2463 W binder:2463_20: type=1400 audit(0.0:17569): avc:  denied  { getopt } for  scontext=u:r:system_server:s0 tcontext=u:r:shell:s0 tclass=unix_stream_socket permissive=0
07-29 21:24:20.414  2463  4442 W PackageManager: Failed registering loading progress callback. Package is fully loaded.
07-29 21:24:20.414  8013  9423 I MiuiVpnManageService: PackageMonitor. onPackageAdded: packageName =com.sec.android.app.sbrowser
07-29 21:24:20.416  2463  2526 W TextServicesManagerService: no available spell checker services found
07-29 21:24:20.417  4497  5226 E ScreenElementRoot: load error, manifest root is null
07-29 21:24:20.420  2463  2528 I MiuiCompatModePackages: package com.sec.android.app.sbrowser updated, removing config
07-29 21:24:20.421  2463  4448 I SdkSandboxManager: No SDKs used. Skipping SDK data reconcilation for CallingInfo{mUid=10382, mPackageName='com.sec.android.app.sbrowser, mAppProcessToken='null'}
07-29 21:24:20.423  2463  4205 I MiuiNetworkPolicy: ACTION_PACKAGE_ADDED uid = 10382
07-29 21:24:20.424  9339  9616 I WakelockPolicyManager: setWakelockPolicy
07-29 21:24:20.427  2463  4441 E system_server: No package ID 7f found for resource ID 0x7f080252.
07-29 21:24:20.427  2463  4441 E system_server: No package ID 7f found for resource ID 0x7f1208ea.
07-29 21:24:20.427  2463  4441 E system_server: No package ID 7f found for resource ID 0x7f080251.
07-29 21:24:20.427  2463  4441 E system_server: No package ID 7f found for resource ID 0x7f1208e9.
07-29 21:24:20.427  2463  4441 E system_server: No package ID 7f found for resource ID 0x7f080253.
07-29 21:24:20.427  2463  4441 E system_server: No package ID 7f found for resource ID 0x7f1208eb.
07-29 21:24:20.427  2463  4441 E system_server: No package ID 7f found for resource ID 0x7f080254.
07-29 21:24:20.427  2463  4441 E system_server: No package ID 7f found for resource ID 0x7f1208ec.
07-29 21:24:20.430  2463  2463 I NetworkDetectInjector: ACTION_PACKAGE_ADDED uid = 10382
07-29 21:24:20.430  2463  4463 E AppScanObserverService: Try to add a invalid package: com.sec.android.app.sbrowser | 10382 | 0
07-29 21:24:20.430  2463  2463 I MiuiNetworkPolicyTrafficLimit: ACTION_PACKAGE_ADDED uid = 10382
07-29 21:24:20.430  2463  2463 E SLM-SRV-SLAAppLib: initBroadcastReceivercom.sec.android.app.sbrowser
07-29 21:24:20.430  2463  2463 I SLM-SRV-SLAAppLib: ACTION_PACKAGE_ADDED uid = 10382com.sec.android.app.sbrowser
07-29 21:24:20.430  2463  2463 I SLM-SRV-SLSAppLib: setSLSGameUidList:null
07-29 21:24:20.430  2463  2463 I SLM-SRV-SLSAppLib: setSLSVoIPUid:0
07-29 21:24:20.430  2463  2463 I NetworkAccelerateSwitchService: setNetworkAccelerateSwitchUidList:null
07-29 21:24:20.430  2463  2463 I NetworkAccelerateSwitchService: setNetworkAccelerateSwitchVoIPUid:0
07-29 21:24:20.430  2463  2463 I SLM-SRV-SLAAppLib: mDoubleWifiUidList = 10090,10261,10324,10340,10325,10322,10339,10326,10286,10167,
07-29 21:24:20.430  2463  2463 I SLM-SRV-SLAAppLib: mDoubleDataUidList = 10090,10261,10325,10322,10329,10339,10326,10286,10167,
07-29 21:24:20.430  2463  5141 I SLM-SRV-SLAAppLib: setUidWhiteListToSlad
07-29 21:24:20.430  2463  5141 I SLM-SRV-SLAAppLib: setSLAUidList:10322,10325,10326,10332,10339,10261,10340,10286,10167,10090,
07-29 21:24:20.431  2463  4030 I RoleService: Granting default roles...
07-29 21:24:20.431  2463  5141 I SLM-SRV-SLSAppLib: setSLAAppWhiteList:10322,10325,10326,10332,10339,10261,10340,10286,10167,
07-29 21:24:20.429  3656  3656 W tango_pretransl: type=1400 audit(0.0:17570): avc:  denied  { ioctl } for  path="/data/app/~~FbWe1SoW8X8N4bWCryLRsA==/com.sec.android.app.sbrowser-U_mgP-1Te5rRdq8gGVlZnw==/base.apk.tango.vtrYAi.tmp" dev="dm-55" ino=161855 ioctlcmd=0x5413 scontext=u:r:tango_pretranslator:s0 tcontext=u:object_r:apk_data_file:s0 tclass=file permissive=0
07-29 21:24:20.436  2463  4301 E AppOps  : attributionTag VCN not declared in manifest of android
07-29 21:24:20.436  2463 15445 I ClipboardServiceI: checkProviderWakePathForClipboard: primaryClip is null
07-29 21:24:20.437  2463  4205 I MiuiNetworkPolicy: updateUidState uid = 10092, uidState = 5
07-29 21:24:20.437  4916  5777 E SmsApplication: com.android.mms lost android:read_cell_broadcasts:  (fixing)
07-29 21:24:20.437  2463  5535 W AppOpService: Ignored setUidMode call for runtime permission app op: uid = 10141, code = READ_CELL_BROADCASTS, mode = allow, callingUid = 1001, oldMode = allow
07-29 21:24:20.437  2463  4301 E AppOps  : attributionTag VCN not declared in manifest of android
07-29 21:24:20.438  2463  2463 I AppsFilter: interaction: PackageSetting{aaa13ff com.android.microdroid.empty_payload/10236} -> PackageSetting{2bc65cc com.sec.android.app.sbrowser/10382} BLOCKED
07-29 21:24:20.438  2463  2463 I AppsFilter: interaction: PackageSetting{a7680d0 io.appium.uiautomator2.server.test/10280} -> PackageSetting{2bc65cc com.sec.android.app.sbrowser/10382} BLOCKED
07-29 21:24:20.438  2463  2463 I AppsFilter: interaction: PackageSetting{9468c9 io.github.ylimit.droidbotapp/10381} -> PackageSetting{2bc65cc com.sec.android.app.sbrowser/10382} BLOCKED
07-29 21:24:20.438  2463  2463 I AppsFilter: interaction: PackageSetting{b940bce com.rongcard.eid/10151} -> PackageSetting{2bc65cc com.sec.android.app.sbrowser/10382} BLOCKED
07-29 21:24:20.438  2463  2463 I AppsFilter: interaction: PackageSetting{8f5faef io.appium.settings/10274} -> PackageSetting{2bc65cc com.sec.android.app.sbrowser/10382} BLOCKED
07-29 21:24:20.439  2463  2530 I SmartPower: com.android.packageinstaller/10097(11835): idle->background(7166ms) R(broadcast start Intent { act=android.intent.action.PACKAGE_ADDED dat=package: flg=0x5000010 pkg=com.android.packageinstaller (has extras) }) adj=915.
07-29 21:24:20.439  7368 17610 I PermissionControllerServiceImpl: Updating user sensitive for uid 10382
07-29 21:24:20.440  2463  4205 I MiuiNetworkPolicy: updateUidState uid = 10097, uidState = 11
07-29 21:24:20.442  2463  5528 W ParceledListSlice: Element #10 is 43420 bytes.
07-29 21:24:20.443  2463  2504 W AppOpService: Ignored setUidMode call for runtime permission app op: uid = 1001, code = READ_SMS, mode = allow, callingUid = 1001, oldMode = allow
07-29 21:24:20.444  9839  9839 I VSC-AppInstallReceiver: action: android.intent.action.PACKAGE_CHANGED, packageName: com.sec.android.app.sbrowser
07-29 21:24:20.444  2463  3740 W AppOpService: Ignored setUidMode call for runtime permission app op: uid = 1001, code = RECEIVE_SMS, mode = allow, callingUid = 1001, oldMode = allow
07-29 21:24:20.444  2463  3740 W AppOpService: Ignored setUidMode call for runtime permission app op: uid = 1001, code = RECEIVE_WAP_PUSH, mode = allow, callingUid = 1001, oldMode = allow
07-29 21:24:20.444  2463  3740 W AppOpService: Ignored setUidMode call for runtime permission app op: uid = 1001, code = SEND_SMS, mode = allow, callingUid = 1001, oldMode = allow
07-29 21:24:20.445  2463  2504 W AppOpService: Ignored setUidMode call for runtime permission app op: uid = 1001, code = READ_CELL_BROADCASTS, mode = allow, callingUid = 1001, oldMode = allow
07-29 21:24:20.446  9523  9523 E PackageInstallHelper: handler start
07-29 21:24:20.446  9523  9523 E PackageInstallHelper: handler end
07-29 21:24:20.446  9523  9523 E PackageInstallHelper: PackageInstallHelper handler real start
07-29 21:24:20.447  3657  3657 E tango_pretranslator: Pretranslating /data/app/~~FbWe1SoW8X8N4bWCryLRsA==/com.sec.android.app.sbrowser-U_mgP-1Te5rRdq8gGVlZnw==/lib/arm/libRSSupport.so ...
07-29 21:24:20.447  4505  5148 I htmlviewercloudcontrol: isStagingEnv:false param =  fps_group_config  uriMatch = 2, cluster: cn, version: 553104, traceId: aa4a7f1732c179f033e45bb6df6285c3, regId: +4z3RS85+e2U9l+sd6caQ/srGmJCsEbKpG1twyPn1K0CrNNyxYT/yAgGVxm5X+yC
07-29 21:24:20.449  7368 17610 I PermissionControllerServiceImpl: Updating user sensitive for uid 10382
07-29 21:24:20.450  4505  5148 I htmlviewercloudcontrol: isStagingEnv:false param =  fps_group_config  uriMatch = 2, cluster: cn, version: 553104, traceId: aa4a7f1732c179f033e45bb6df6285c3, regId: +4z3RS85+e2U9l+sd6caQ/srGmJCsEbKpG1twyPn1K0CrNNyxYT/yAgGVxm5X+yC
07-29 21:24:20.451  2463  4205 I MiuiNetworkPolicy: updateUidState uid = 10097, uidState = 19
07-29 21:24:20.453  2463  5121 W ParceledListSlice: Element #17 is 24996 bytes.
07-29 21:24:20.453  2463  5121 W ParceledListSlice: Element #24 is 52004 bytes.
07-29 21:24:20.453  2463  5121 W ParceledListSlice: Overly large reply size: 117232
07-29 21:24:20.453  4505  5148 I htmlviewercloudcontrol: isStagingEnv:false param =  fps_group_config  uriMatch = 2, cluster: cn, version: 553104, traceId: aa4a7f1732c179f033e45bb6df6285c3, regId: +4z3RS85+e2U9l+sd6caQ/srGmJCsEbKpG1twyPn1K0CrNNyxYT/yAgGVxm5X+yC
07-29 21:24:20.454  2463 15445 W ParceledListSlice: Element #20 is 29740 bytes.
07-29 21:24:20.454  7368  7368 I SafetyLabelChangedBroadcastReceiver: received broadcast packageName: com.sec.android.app.sbrowser, current user: UserHandle{0}, packageChangeEvent: NEW_INSTALL, intent user: UserHandle{0}
07-29 21:24:20.454  2463  4205 I MiuiNetworkPolicy: updateUidState uid = 6110, uidState = 11
07-29 21:24:20.454   323   323 I ##XLogger##: #&^OZQCjsew0hWbp1bc02EHDtnzcg7Fz6DLfbbmrYw7hpCWpyMivsO/5k3603YUYRcOPwCzs0qSBZpUIagOfw7OEkFf1ZzqbnUzML2Po/yD4hGMuQXTVz3nvrCLMK5K0WqGlt94dsBzFfAKPPI6sPCnuPW093T2l1clELHoUEug4Ic=!!HlE+gotlAAiobmPhQOu2bxNwQybj43Q8xvPYX+/MmvmKyTpRfmL9Ek9jdqF+vtvvToFoo+3iLNkpEO0fg1/AEerZvMdhcuF0mRIifRWvAdwyTB37qGSn4ye15TAZKrWpfex3GPo6oIV+mUnnA2qp1U97c2d2UThToPqCc+imgbsla5yZoGgqOZdGDcPdYW9+8aJilF8/nhj3O+PLo8SKAY1TzBlGYtiTsOwgUlTT3z3lVqNZSxdCo6tHbYnpRJLc7VkAeG71gGOp47JM2Isgb/huB3Jh3dH1kcQhmlLlauo7zqK0943tsyInK19wl51LFmh1H2sz+UpeDK06jx+iKpZOtVyaXYRE4imkStzpGCxCkjcErzex0e5n+66CpruR6GqjIGW6loCWWpQDAErsFIGwgNp2uHHTJjNbq921Xwyf5eMjUhVX8+rypPnzs5fvyN9mNfkrhuKCMp4hPh7MdFMZQ8Z4DwUW1fnCY9+m7ABQ3ANLq/9LNN3/1DDOM0teazf5VQPnnlgre39CY/QvSsNRzabdXQfkDfBwwliCnCsOeMMbJNg+d9TQRk5sfNSCtPTQPWRz9l7MBg4YmumR+c+7fPRh/6BphceL1ej2HAfEhPofq0Ba32nmrCPFVJjzLvWDIVsqjY5bPasobI6mNgYzid9JEl/D//RHLsshd7yLm/Es3kn2lU1dko+73Ib5Y4FpFzSwHh7ZplxkzKSU2g6go4VbqpBIvlnaWYwKyIWejYsYhgCmenoZpS/okh9afvICQROOuiNX5erczqfPq0+aqqQqgevMbJuOjxC0e3wv8Jz6bpQlpodSAsBXVemOfJdgIpqA/JpYlOBGPIogHZEhouDtph4Ao0zuZcg/HsFvncctjpcPvEUQhCdf1ew+^&#
07-29 21:24:20.454  4497  5226 E Launcher.AllAppsList: Can't load postion for packageName: com.sec.android.app.sbrowser activityName: com.sec.android.app.sbrowser.SBrowserMainActivity
07-29 21:24:20.455   323   323 I ##XLogger##: #&^OZQCjsew0hWbp1bc02EHDtnzcg7Fz6DLfbbmrYw7hpCWpyMivsO/5k3603YUYRcOPwCzs0qSBZpUIagOfw7OEkFf1ZzqbnUzML2Po/yD4hGMuQXTVz3nvrCLMK5K0WqGlt94dsBzFfAKPPI6sPCnuPW093T2l1clELHoUEug4Ic=!!HlE+gotlAAiobmPhQOu2bxNwQybj43Q8xvPYX+/MmvnzHX2xYxJocqdkneQcY3GdQT7z7vp7gCHurvURdr3Bn/nIuu4LrXgtbGtp4I+qvE1b9yFDBDaPeCVgc4XN4nlPWAKIuvJ9Ot1umLXuN3lIdHyUf6jvzQglbdSyY5u7U6lBy6wIAxIULnJ7tF8ErKp+lDZYKs5LIQ4DOw3PdCDkzvfwiy2YPTNlpwJ5pUc41D+blW+Cl5ueLe+nJ/pIkfK7cHP6a27cSV2J9+XMTNBRZXyhA1k5J/KfzGzfWbhYR0U5CZQw2ArufC3v+ECiwzhFNAPygAedYo2uluTCSOHG8YHXFYp3sCYUC7lr8uBKQS/B/OGmksBWEieHgeXbkYLCzYWVXR5k/kWCPYTuTxw/oAVEjX27xV4z1mEk9kfJHYFPxiDgjL4KuDbMXbvXQX1ig6PJj3Po/lVYVVRIRfX4hvRBwpl3vevd9EEee3OqNqSqhT1/ub+r7j7c6CCMXhX8tP9hIpTlmCfLQLNedDFnux6wpBuKaGv1UBXwlE46GVU2aFhW255EDmcVAdLRcIrW/eAoAgbSbEge+LAbg0ZLeqDaTuw0GWmtQF7Qy1Erd3uT+awCNtHc/MZcmYPp74qn5FSBWkgKrjS80hr0GRHJcGXci0MN4GnH5U4V2PxRpnhwOMidsamqkfrO3CC6kUbsQ94XNpPz8h3IMzIIQSErq/LZ1gBbwNSxVgM542PMSxTK6BHltjJVnzPHVUIe2MHqpiItTfK4h1AJe3Ym9AkwtaLd+2AG8vaCyC+I/xOUs6sQ38zjCZCzX8VYjLzi4SNvtuKHOdsrxHPcn6nR3BgguRzafojzpe4ENhglsDopnu6DnIURVm5zzy8Fee2hFe/L^&#
07-29 21:24:20.456  4505  5148 I htmlviewercloudcontrol: isStagingEnv:false param =  fps_tp_exclude  uriMatch = 2, cluster: cn, version: 553104, traceId: aa4a7f1732c179f033e45bb6df6285c3, regId: +4z3RS85+e2U9l+sd6caQ/srGmJCsEbKpG1twyPn1K0CrNNyxYT/yAgGVxm5X+yC
07-29 21:24:20.457  2463  5128 W ParceledListSlice: Element #34 is 204620 bytes.
07-29 21:24:20.458  2463  5128 W ParceledListSlice: Overly large reply size: 237228
07-29 21:24:20.458  4497  5264 W PreviewDisappear: 1 getIcon entry: null
07-29 21:24:20.459  4505  5148 I htmlviewercloudcontrol: isStagingEnv:false param =  fps_idle_config  uriMatch = 2, cluster: cn, version: 553104, traceId: aa4a7f1732c179f033e45bb6df6285c3, regId: +4z3RS85+e2U9l+sd6caQ/srGmJCsEbKpG1twyPn1K0CrNNyxYT/yAgGVxm5X+yC
07-29 21:24:20.459  4497  5264 W PreviewDisappear: 2 getIcon entry: com.miui.home.launcher.graphics.DrawableInfo@ac76d65
07-29 21:24:20.459  4497  5264 W PreviewDisappear: applyCacheEntry entry: com.miui.home.launcher.graphics.drawable.LayerAdaptiveIconDrawable@b5c8a3a
07-29 21:24:20.459  4497  5264 W PreviewDisappear: getIconDrawable src: null
07-29 21:24:20.459  4497  5264 W PreviewDisappear: getIconDrawable app drawable: null
07-29 21:24:20.459  4497  5264 W PreviewDisappear: getIcon info target: ComponentInfo{com.sec.android.app.sbrowser/com.sec.android.app.sbrowser.SBrowserMainActivity}
07-29 21:24:20.459  4497  5264 W PreviewDisappear: getIcon info user: UserHandle{0}
07-29 21:24:20.459  4497  5264 W PreviewDisappear: getIcon info intent: Intent { act=android.intent.action.MAIN cat=[android.intent.category.LAUNCHER] flg=0x10200000 cmp=com.sec.android.app.sbrowser/.SBrowserMainActivity (has extras) }
07-29 21:24:20.459  4497  5264 W PreviewDisappear: 1 getIcon entry: null
07-29 21:24:20.460  4497  5264 W PreviewDisappear: 2 getIcon entry: com.miui.home.launcher.graphics.DrawableInfo@b60b6eb
07-29 21:24:20.460  4497  5264 W PreviewDisappear: applyCacheEntry entry: com.miui.home.launcher.graphics.drawable.LayerAdaptiveIconDrawable@4abac48
07-29 21:24:20.460  4497  5264 W PreviewDisappear: getIconDrawable finally drawable: com.miui.home.launcher.graphics.drawable.LayerAdaptiveIconDrawable@4abac48
07-29 21:24:20.460  4916  5777 E SmsApplication: com.android.mms lost android:read_cell_broadcasts:  (fixing)
07-29 21:24:20.460  2463  5128 W AppOpService: Ignored setUidMode call for runtime permission app op: uid = 10141, code = READ_CELL_BROADCASTS, mode = allow, callingUid = 1001, oldMode = allow
07-29 21:24:20.461  4505  5148 I htmlviewercloudcontrol: isStagingEnv:false param =  fps_idle_config  uriMatch = 2, cluster: cn, version: 553104, traceId: aa4a7f1732c179f033e45bb6df6285c3, regId: +4z3RS85+e2U9l+sd6caQ/srGmJCsEbKpG1twyPn1K0CrNNyxYT/yAgGVxm5X+yC
07-29 21:24:20.461  3117  3117 I adbd    : in ShellService: ps
07-29 21:24:20.461  2463  4441 E system_server: No package ID 7f found for resource ID 0x7f080252.
07-29 21:24:20.461  2463  4441 E system_server: No package ID 7f found for resource ID 0x7f1208ea.
07-29 21:24:20.461  2463  4441 E system_server: No package ID 7f found for resource ID 0x7f080251.
07-29 21:24:20.462  2463 15445 W ParceledListSlice: Element #40 is 19708 bytes.
07-29 21:24:20.463  4505  5148 I htmlviewercloudcontrol: isStagingEnv:false param =  fps_tp_exclude  uriMatch = 2, cluster: cn, version: 553104, traceId: aa4a7f1732c179f033e45bb6df6285c3, regId: +4z3RS85+e2U9l+sd6caQ/srGmJCsEbKpG1twyPn1K0CrNNyxYT/yAgGVxm5X+yC
07-29 21:24:20.463  2463 15445 W ParceledListSlice: Element #48 is 187940 bytes.
07-29 21:24:20.463  2463 15445 W ParceledListSlice: Overly large reply size: 249300
07-29 21:24:20.463  2463 15445 W AppOpService: Ignored setUidMode call for runtime permission app op: uid = 1001, code = READ_SMS, mode = allow, callingUid = 1001, oldMode = allow
07-29 21:24:20.464  2463  5528 W AppOpService: Ignored setUidMode call for runtime permission app op: uid = 1001, code = RECEIVE_SMS, mode = allow, callingUid = 1001, oldMode = allow
07-29 21:24:20.464  2463 15445 W AppOpService: Ignored setUidMode call for runtime permission app op: uid = 1001, code = RECEIVE_WAP_PUSH, mode = allow, callingUid = 1001, oldMode = allow
07-29 21:24:20.464  2463  5528 W ParceledListSlice: Element #52 is 19668 bytes.
07-29 21:24:20.464  2463 15445 W AppOpService: Ignored setUidMode call for runtime permission app op: uid = 1001, code = SEND_SMS, mode = allow, callingUid = 1001, oldMode = allow
07-29 21:24:20.464  2463  5528 W AppOpService: Ignored setUidMode call for runtime permission app op: uid = 1001, code = READ_CELL_BROADCASTS, mode = allow, callingUid = 1001, oldMode = allow
07-29 21:24:20.464  4505  5148 I htmlviewercloudcontrol: isStagingEnv:false param =  fps_idle_config  uriMatch = 2, cluster: cn, version: 553104, traceId: aa4a7f1732c179f033e45bb6df6285c3, regId: +4z3RS85+e2U9l+sd6caQ/srGmJCsEbKpG1twyPn1K0CrNNyxYT/yAgGVxm5X+yC
07-29 21:24:20.465  2105  2105 E DisplayModeController: setDesiredMode : Idle status skip setActiveMode, isDdicIdleMode: 1
07-29 21:24:20.465  2463  4205 I MiuiNetworkPolicy: updateUidState uid = 6110, uidState = 19
07-29 21:24:20.468  2463  5442 W ParceledListSlice: Element #8 is 20788 bytes.
07-29 21:24:20.468  2463  5442 W ParceledListSlice: Element #9 is 20768 bytes.
07-29 21:24:20.468  2463  4441 E system_server: No package ID 7f found for resource ID 0x7f1208e9.
07-29 21:24:20.469  9339  9638 W WakelockManagerService: uid: 1000 is unblock state
07-29 21:24:20.469  9339  9638 W WakelockManagerService: uid: 1001 is unblock state
07-29 21:24:20.469  9339  9638 W WakelockManagerService: uid: 1002 is unblock state
07-29 21:24:20.469  9339  9638 W WakelockManagerService: uid: 1027 is unblock state
07-29 21:24:20.469  9339  9638 W WakelockManagerService: uid: 1068 is unblock state
07-29 21:24:20.469  9339  9638 W WakelockManagerService: uid: 1073 is unblock state
07-29 21:24:20.469  9339  9638 W WakelockManagerService: uid: 2000 is unblock state
07-29 21:24:20.469  9339  9638 W WakelockManagerService: uid: 6100 is unblock state
07-29 21:24:20.469  9339  9638 W WakelockManagerService: uid: 6101 is unblock state
07-29 21:24:20.469  9339  9638 W WakelockManagerService: uid: 6102 is unblock state
07-29 21:24:20.469  9339  9638 W WakelockManagerService: uid: 6110 is unblock state
07-29 21:24:20.469  9339  9638 W WakelockManagerService: uid: 6120 is unblock state
07-29 21:24:20.469  9339  9638 W WakelockManagerService: uid: 10000 is unblock state
07-29 21:24:20.469  9339  9638 W WakelockManagerService: uid: 10001 is unblock state
07-29 21:24:20.469  9339  9638 W WakelockManagerService: uid: 10002 is unblock state
07-29 21:24:20.469  9339  9638 W WakelockManagerService: uid: 10003 is unblock state
07-29 21:24:20.469  9339  9638 W WakelockManagerService: uid: 10004 is unblock state
07-29 21:24:20.469  9339  9638 W WakelockManagerService: uid: 10005 is unblock state
07-29 21:24:20.469  9339  9638 W WakelockManagerService: uid: 10006 is unblock state
07-29 21:24:20.469  9339  9638 W WakelockManagerService: uid: 10007 is unblock state
07-29 21:24:20.469  9339  9638 W WakelockManagerService: uid: 10008 is unblock state
07-29 21:24:20.469  9339  9638 W WakelockManagerService: uid: 10009 is unblock state
07-29 21:24:20.469  9339  9638 W WakelockManagerService: uid: 10010 is unblock state
07-29 21:24:20.469  9339  9638 W WakelockManagerService: uid: 10011 is unblock state
07-29 21:24:20.469  9339  9638 W WakelockManagerService: uid: 10012 is unblock state
07-29 21:24:20.469  9339  9638 W WakelockManagerService: uid: 10013 is unblock state
07-29 21:24:20.469  9339  9638 W WakelockManagerService: uid: 10014 is unblock state
07-29 21:24:20.469  9339  9638 W WakelockManagerService: uid: 10015 is unblock state
07-29 21:24:20.469  9339  9638 W WakelockManagerService: uid: 10016 is unblock state
07-29 21:24:20.469  9339  9638 W WakelockManagerService: uid: 10017 is unblock state
07-29 21:24:20.469  9339  9638 W WakelockManagerService: uid: 10018 is unblock state
07-29 21:24:20.469  9339  9638 W WakelockManagerService: uid: 10019 is unblock state
07-29 21:24:20.469  9339  9638 W WakelockManagerService: uid: 10020 is unblock state
07-29 21:24:20.469  9339  9638 W WakelockManagerService: uid: 10021 is unblock state
07-29 21:24:20.469  9339  9638 W WakelockManagerService: uid: 10022 is unblock state
07-29 21:24:20.469  9339  9638 W WakelockManagerService: uid: 10023 is unblock state
07-29 21:24:20.469  9339  9638 W WakelockManagerService: uid: 10024 is unblock state
07-29 21:24:20.469  9339  9638 W WakelockManagerService: uid: 10025 is unblock state
07-29 21:24:20.469  9339  9638 W WakelockManagerService: uid: 10026 is unblock state
07-29 21:24:20.469  9339  9638 W WakelockManagerService: uid: 10027 is unblock state
07-29 21:24:20.469  9339  9638 W WakelockManagerService: uid: 10028 is unblock state
07-29 21:24:20.469  9339  9638 W WakelockManagerService: uid: 10029 is unblock state
07-29 21:24:20.469  9339  9638 W WakelockManagerService: uid: 10030 is unblock state
07-29 21:24:20.469  9339  9638 W WakelockManagerService: uid: 10031 is unblock state
07-29 21:24:20.469  9339  9638 W WakelockManagerService: uid: 10032 is unblock state
07-29 21:24:20.469  9339  9638 W WakelockManagerService: uid: 10033 is unblock state
07-29 21:24:20.469  9339  9638 W WakelockManagerService: uid: 10034 is unblock state
07-29 21:24:20.469  9339  9638 W WakelockManagerService: uid: 10035 is unblock state
07-29 21:24:20.469  9339  9638 W WakelockManagerService: uid: 10036 is unblock state
07-29 21:24:20.469  9339  9638 W WakelockManagerService: uid: 10037 is unblock state
07-29 21:24:20.469  9339  9638 W WakelockManagerService: uid: 10038 is unblock state
07-29 21:24:20.469  9339  9638 W WakelockManagerService: uid: 10039 is unblock state
07-29 21:24:20.469  9339  9638 W WakelockManagerService: uid: 10040 is unblock state
07-29 21:24:20.469  9339  9638 W WakelockManagerService: uid: 10041 is unblock state
07-29 21:24:20.469  9339  9638 W WakelockManagerService: uid: 10042 is unblock state
07-29 21:24:20.469  9339  9638 W WakelockManagerService: uid: 10043 is unblock state
07-29 21:24:20.469  1827  2399 I SDM     : HWCDisplay::SetActiveConfigWithConstraints: display:66-0, config: 3, WxH 1200x2670, fps 120
07-29 21:24:20.469  9339  9638 W WakelockManagerService: uid: 10044 is unblock state
07-29 21:24:20.469  9339  9638 W WakelockManagerService: uid: 10045 is unblock state
07-29 21:24:20.469  9339  9638 W WakelockManagerService: uid: 10046 is unblock state
07-29 21:24:20.469  9339  9638 W WakelockManagerService: uid: 10047 is unblock state
07-29 21:24:20.469  9339  9638 W WakelockManagerService: uid: 10048 is unblock state
07-29 21:24:20.469  9339  9638 W WakelockManagerService: uid: 10049 is unblock state
07-29 21:24:20.469  9339  9638 W WakelockManagerService: uid: 10050 is unblock state
07-29 21:24:20.469  9339  9638 W WakelockManagerService: uid: 10051 is unblock state
07-29 21:24:20.469  9339  9638 W WakelockManagerService: uid: 10052 is unblock state
07-29 21:24:20.469  9339  9638 W WakelockManagerService: uid: 10053 is unblock state
07-29 21:24:20.469  9339  9638 W WakelockManagerService: uid: 10054 is unblock state
07-29 21:24:20.469  9339  9638 W WakelockManagerService: uid: 10055 is unblock state
07-29 21:24:20.469  9339  9638 W WakelockManagerService: uid: 10056 is unblock state
07-29 21:24:20.469  9339  9638 W WakelockManagerService: uid: 10057 is unblock state
07-29 21:24:20.469  9339  9638 W WakelockManagerService: uid: 10058 is unblock state
07-29 21:24:20.469  9339  9638 W WakelockManagerService: uid: 10059 is unblock state
07-29 21:24:20.469  9339  9638 W WakelockManagerService: uid: 10060 is unblock state
07-29 21:24:20.469  9339  9638 W WakelockManagerService: uid: 10061 is unblock state
07-29 21:24:20.469  9339  9638 W WakelockManagerService: uid: 10062 is unblock state
07-29 21:24:20.469  9339  9638 W WakelockManagerService: uid: 10063 is unblock state
07-29 21:24:20.469  9339  9638 W WakelockManagerService: uid: 10064 is unblock state
07-29 21:24:20.469  9339  9638 W WakelockManagerService: uid: 10065 is unblock state
07-29 21:24:20.469  9339  9638 W WakelockManagerService: uid: 10066 is unblock state
07-29 21:24:20.469  9339  9638 W WakelockManagerService: uid: 10067 is unblock state
07-29 21:24:20.469  9339  9638 W WakelockManagerService: uid: 10068 is unblock state
07-29 21:24:20.469  9339  9638 W WakelockManagerService: uid: 10069 is unblock state
07-29 21:24:20.469  9339  9638 W WakelockManagerService: uid: 10070 is unblock state
07-29 21:24:20.469  9339  9638 W WakelockManagerService: uid: 10071 is unblock state
07-29 21:24:20.469  9339  9638 W WakelockManagerService: uid: 10072 is unblock state
07-29 21:24:20.469  9339  9638 W WakelockManagerService: uid: 10073 is unblock state
07-29 21:24:20.469  9339  9638 W WakelockManagerService: uid: 10074 is unblock state
07-29 21:24:20.469  9339  9638 W WakelockManagerService: uid: 10075 is unblock state
07-29 21:24:20.469  9339  9638 W WakelockManagerService: uid: 10076 is unblock state
07-29 21:24:20.469  9339  9638 W WakelockManagerService: uid: 10077 is unblock state
07-29 21:24:20.469  9339  9638 W WakelockManagerService: uid: 10078 is unblock state
07-29 21:24:20.469  9339  9638 W WakelockManagerService: uid: 10079 is unblock state
07-29 21:24:20.469  9339  9638 W WakelockManagerService: uid: 10080 is unblock state
07-29 21:24:20.469  9339  9638 W WakelockManagerService: uid: 10081 is unblock state
07-29 21:24:20.469  9339  9638 W WakelockManagerService: uid: 10082 is unblock state
07-29 21:24:20.470  9339  9638 W WakelockManagerService: uid: 10083 is unblock state
07-29 21:24:20.470  9339  9638 W WakelockManagerService: uid: 10084 is unblock state
07-29 21:24:20.470  9339  9638 W WakelockManagerService: uid: 10085 is unblock state
07-29 21:24:20.470  9339  9638 W WakelockManagerService: uid: 10086 is unblock state
07-29 21:24:20.470  9339  9638 W WakelockManagerService: uid: 10087 is unblock state
07-29 21:24:20.470  9339  9638 W WakelockManagerService: uid: 10088 is unblock state
07-29 21:24:20.470  9339  9638 W WakelockManagerService: uid: 10089 is unblock state
07-29 21:24:20.470  9339  9638 W WakelockManagerService: uid: 10090 is unblock state
07-29 21:24:20.470  9339  9638 W WakelockManagerService: uid: 10091 is unblock state
07-29 21:24:20.470  9339  9638 W WakelockManagerService: uid: 10092 is unblock state
07-29 21:24:20.470  9339  9638 W WakelockManagerService: uid: 10093 is unblock state
07-29 21:24:20.470  9339  9638 W WakelockManagerService: uid: 10094 is unblock state
07-29 21:24:20.470  9339  9638 W WakelockManagerService: uid: 10095 is unblock state
07-29 21:24:20.470  9339  9638 W WakelockManagerService: uid: 10096 is unblock state
07-29 21:24:20.470  9339  9638 W WakelockManagerService: uid: 10097 is unblock state
07-29 21:24:20.470  9339  9638 W WakelockManagerService: uid: 10098 is unblock state
07-29 21:24:20.470  9339  9638 W WakelockManagerService: uid: 10099 is unblock state
07-29 21:24:20.470  9339  9638 W WakelockManagerService: uid: 10100 is unblock state
07-29 21:24:20.470  9339  9638 W WakelockManagerService: uid: 10101 is unblock state
07-29 21:24:20.470  9339  9638 W WakelockManagerService: uid: 10102 is unblock state
07-29 21:24:20.470  9339  9638 W WakelockManagerService: uid: 10103 is unblock state
07-29 21:24:20.470  9339  9638 W WakelockManagerService: uid: 10104 is unblock state
07-29 21:24:20.470  9339  9638 W WakelockManagerService: uid: 10105 is unblock state
07-29 21:24:20.470  9339  9638 W WakelockManagerService: uid: 10106 is unblock state
07-29 21:24:20.470  9339  9638 W WakelockManagerService: uid: 10107 is unblock state
07-29 21:24:20.470  9339  9638 W WakelockManagerService: uid: 10108 is unblock state
07-29 21:24:20.470  9339  9638 W WakelockManagerService: uid: 10109 is unblock state
07-29 21:24:20.470  9339  9638 W WakelockManagerService: uid: 10110 is unblock state
07-29 21:24:20.470  9339  9638 W WakelockManagerService: uid: 10111 is unblock state
07-29 21:24:20.470  9339  9638 W WakelockManagerService: uid: 10112 is unblock state
07-29 21:24:20.470  9339  9638 W WakelockManagerService: uid: 10113 is unblock state
07-29 21:24:20.470  9339  9638 W WakelockManagerService: uid: 10114 is unblock state
07-29 21:24:20.470  9339  9638 W WakelockManagerService: uid: 10115 is unblock state
07-29 21:24:20.470  9339  9638 W WakelockManagerService: uid: 10116 is unblock state
07-29 21:24:20.470  9339  9638 W WakelockManagerService: uid: 10117 is unblock state
07-29 21:24:20.470  9339  9638 W WakelockManagerService: uid: 10118 is unblock state
07-29 21:24:20.470  9339  9638 W WakelockManagerService: uid: 10119 is unblock state
07-29 21:24:20.470  9339  9638 W WakelockManagerService: uid: 10120 is unblock state
07-29 21:24:20.470  9339  9638 W WakelockManagerService: uid: 10121 is unblock state
07-29 21:24:20.470  9339  9638 W WakelockManagerService: uid: 10122 is unblock state
07-29 21:24:20.470  9339  9638 W WakelockManagerService: uid: 10123 is unblock state
07-29 21:24:20.470  9339  9638 W WakelockManagerService: uid: 10124 is unblock state
07-29 21:24:20.470  9339  9638 W WakelockManagerService: uid: 10125 is unblock state
07-29 21:24:20.470  9339  9638 W WakelockManagerService: uid: 10126 is unblock state
07-29 21:24:20.470  9339  9638 W WakelockManagerService: uid: 10127 is unblock state
07-29 21:24:20.470  9339  9638 W WakelockManagerService: uid: 10128 is unblock state
07-29 21:24:20.470  9339  9638 W WakelockManagerService: uid: 10129 is unblock state
07-29 21:24:20.470  9339  9638 W WakelockManagerService: uid: 10130 is unblock state
07-29 21:24:20.470  9339  9638 W WakelockManagerService: uid: 10131 is unblock state
07-29 21:24:20.470  9339  9638 W WakelockManagerService: uid: 10132 is unblock state
07-29 21:24:20.470  9339  9638 W WakelockManagerService: uid: 10134 is unblock state
07-29 21:24:20.470  9339  9638 W WakelockManagerService: uid: 10135 is unblock state
07-29 21:24:20.470  9339  9638 W WakelockManagerService: uid: 10136 is unblock state
07-29 21:24:20.470  9339  9638 W WakelockManagerService: uid: 10137 is unblock state
07-29 21:24:20.470  9339  9638 W WakelockManagerService: uid: 10138 is unblock state
07-29 21:24:20.470  9339  9638 W WakelockManagerService: uid: 10139 is unblock state
07-29 21:24:20.470  9339  9638 W WakelockManagerService: uid: 10140 is unblock state
07-29 21:24:20.470  9339  9638 W WakelockManagerService: uid: 10141 is unblock state
07-29 21:24:20.470  9339  9638 W WakelockManagerService: uid: 10142 is unblock state
07-29 21:24:20.470  9339  9638 W WakelockManagerService: uid: 10143 is unblock state
07-29 21:24:20.470  9339  9638 W WakelockManagerService: uid: 10144 is unblock state
07-29 21:24:20.470  9339  9638 W WakelockManagerService: uid: 10145 is unblock state
07-29 21:24:20.470  9339  9638 W WakelockManagerService: uid: 10146 is unblock state
07-29 21:24:20.470  9339  9638 W WakelockManagerService: uid: 10147 is unblock state
07-29 21:24:20.470  9339  9638 W WakelockManagerService: uid: 10148 is unblock state
07-29 21:24:20.470  9339  9638 W WakelockManagerService: uid: 10149 is unblock state
07-29 21:24:20.470  1827  2399 W SDM     : HWDeviceDRM::GetSupportedBitClkRate: Requested rate not supported: 1150000000
07-29 21:24:20.470  9339  9638 W WakelockManagerService: uid: 10150 is unblock state
07-29 21:24:20.470  9339  9638 W WakelockManagerService: uid: 10151 is unblock state
07-29 21:24:20.470  9339  9638 W WakelockManagerService: uid: 10152 is unblock state
07-29 21:24:20.470  9339  9638 W WakelockManagerService: uid: 10153 is unblock state
07-29 21:24:20.470  9339  9638 W WakelockManagerService: uid: 10154 is unblock state
07-29 21:24:20.470  1827  2399 I SDM     : HWDeviceDRM::UpdateMixerAttributes: Mixer WxH 1200x2670-1 for Peripheral
07-29 21:24:20.470  9339  9638 W WakelockManagerService: uid: 10155 is unblock state
07-29 21:24:20.470  2463  5442 W ParceledListSlice: Element #232 is 19228 bytes.
07-29 21:24:20.470  9339  9638 W WakelockManagerService: uid: 10156 is unblock state
07-29 21:24:20.470  9339  9638 W WakelockManagerService: uid: 10157 is unblock state
07-29 21:24:20.470  9339  9638 W WakelockManagerService: uid: 10158 is unblock state
07-29 21:24:20.470  9339  9638 W WakelockManagerService: uid: 10159 is unblock state
07-29 21:24:20.470  9339  9638 W WakelockManagerService: uid: 10160 is unblock state
07-29 21:24:20.470  9339  9638 W WakelockManagerService: uid: 10161 is unblock state
07-29 21:24:20.470  9339  9638 W WakelockManagerService: uid: 10162 is unblock state
07-29 21:24:20.470  9339  9638 W WakelockManagerService: uid: 10163 is unblock state
07-29 21:24:20.470  9339  9638 W WakelockManagerService: uid: 10164 is unblock state
07-29 21:24:20.470  9339  9638 W WakelockManagerService: uid: 10165 is unblock state
07-29 21:24:20.470  9339  9638 W WakelockManagerService: uid: 10166 is unblock state
07-29 21:24:20.470  9339  9638 W WakelockManagerService: uid: 10167 is unblock state
07-29 21:24:20.470  9339  9638 W WakelockManagerService: uid: 10168 is unblock state
07-29 21:24:20.470  9339  9638 W WakelockManagerService: uid: 10169 is unblock state
07-29 21:24:20.470  9339  9638 W WakelockManagerService: uid: 10170 is unblock state
07-29 21:24:20.470  9339  9638 W WakelockManagerService: uid: 10171 is unblock state
07-29 21:24:20.470  9339  9638 W WakelockManagerService: uid: 10172 is unblock state
07-29 21:24:20.470  9339  9638 W WakelockManagerService: uid: 10173 is unblock state
07-29 21:24:20.470  9339  9638 W WakelockManagerService: uid: 10174 is unblock state
07-29 21:24:20.470  9339  9638 W WakelockManagerService: uid: 10175 is unblock state
07-29 21:24:20.470  9339  9638 W WakelockManagerService: uid: 10176 is unblock state
07-29 21:24:20.470  9339  9638 W WakelockManagerService: uid: 10177 is unblock state
07-29 21:24:20.470  9339  9638 W WakelockManagerService: uid: 10178 is unblock state
07-29 21:24:20.470  9339  9638 W WakelockManagerService: uid: 10179 is unblock state
07-29 21:24:20.470  9339  9638 W WakelockManagerService: uid: 10180 is unblock state
07-29 21:24:20.470  9339  9638 W WakelockManagerService: uid: 10181 is unblock state
07-29 21:24:20.470  9339  9638 W WakelockManagerService: uid: 10182 is unblock state
07-29 21:24:20.470  9339  9638 W WakelockManagerService: uid: 10183 is unblock state
07-29 21:24:20.470  9339  9638 W WakelockManagerService: uid: 10184 is unblock state
07-29 21:24:20.470  9339  9638 W WakelockManagerService: uid: 10185 is unblock state
07-29 21:24:20.470  9339  9638 W WakelockManagerService: uid: 10186 is unblock state
07-29 21:24:20.470  9339  9638 W WakelockManagerService: uid: 10187 is unblock state
07-29 21:24:20.470  9339  9638 W WakelockManagerService: uid: 10188 is unblock state
07-29 21:24:20.470  9339  9638 W WakelockManagerService: uid: 10189 is unblock state
07-29 21:24:20.470  9339  9638 W WakelockManagerService: uid: 10190 is unblock state
07-29 21:24:20.470  9339  9638 W WakelockManagerService: uid: 10191 is unblock state
07-29 21:24:20.470  9339  9638 W WakelockManagerService: uid: 10192 is unblock state
07-29 21:24:20.470  9339  9638 W WakelockManagerService: uid: 10193 is unblock state
07-29 21:24:20.470  9339  9638 W WakelockManagerService: uid: 10194 is unblock state
07-29 21:24:20.470  9339  9638 W WakelockManagerService: uid: 10195 is unblock state
07-29 21:24:20.470  9339  9638 W WakelockManagerService: uid: 10196 is unblock state
07-29 21:24:20.470  9339  9638 W WakelockManagerService: uid: 10197 is unblock state
07-29 21:24:20.470  9339  9638 W WakelockManagerService: uid: 10198 is unblock state
07-29 21:24:20.470  9339  9638 W WakelockManagerService: uid: 10199 is unblock state
07-29 21:24:20.470  9339  9638 W WakelockManagerService: uid: 10200 is unblock state
07-29 21:24:20.470  9339  9638 W WakelockManagerService: uid: 10201 is unblock state
07-29 21:24:20.470  9339  9638 W WakelockManagerService: uid: 10202 is unblock state
07-29 21:24:20.470  9339  9638 W WakelockManagerService: uid: 10203 is unblock state
07-29 21:24:20.470  9339  9638 W WakelockManagerService: uid: 10204 is unblock state
07-29 21:24:20.470  9339  9638 W WakelockManagerService: uid: 10205 is unblock state
07-29 21:24:20.470  9339  9638 W WakelockManagerService: uid: 10206 is unblock state
07-29 21:24:20.470  9339  9638 W WakelockManagerService: uid: 10207 is unblock state
07-29 21:24:20.470  9339  9638 W WakelockManagerService: uid: 10208 is unblock state
07-29 21:24:20.470  9339  9638 W WakelockManagerService: uid: 10209 is unblock state
07-29 21:24:20.470  9339  9638 W WakelockManagerService: uid: 10210 is unblock state
07-29 21:24:20.470  9339  9638 W WakelockManagerService: uid: 10211 is unblock state
07-29 21:24:20.470  9339  9638 W WakelockManagerService: uid: 10212 is unblock state
07-29 21:24:20.470  9339  9638 W WakelockManagerService: uid: 10213 is unblock state
07-29 21:24:20.470  1827  2399 I SDM     : HWCDisplay::SubmitDisplayConfig: Active configuration changed from config 1 to 3
07-29 21:24:20.470  9339  9638 W WakelockManagerService: uid: 10214 is unblock state
07-29 21:24:20.470  9339  9638 W WakelockManagerService: uid: 10215 is unblock state
07-29 21:24:20.470  9339  9638 W WakelockManagerService: uid: 10216 is unblock state
07-29 21:24:20.470  1827  2399 I SDM     : HWCDisplay::SubmitDisplayConfig: Active WxH 1200x2670 ,ddic_mode:auto, timing_fps: 120, sf_fps: 120
07-29 21:24:20.470  9339  9638 W WakelockManagerService: uid: 10217 is unblock state
07-29 21:24:20.470  9339  9638 W WakelockManagerService: uid: 10218 is unblock state
07-29 21:24:20.470  9339  9638 W WakelockManagerService: uid: 10219 is unblock state
07-29 21:24:20.470  9339  9638 W WakelockManagerService: uid: 10220 is unblock state
07-29 21:24:20.470  9339  9638 W WakelockManagerService: uid: 10221 is unblock state
07-29 21:24:20.470  9339  9638 W WakelockManagerService: uid: 10222 is unblock state
07-29 21:24:20.470  9339  9638 W WakelockManagerService: uid: 10223 is unblock state
07-29 21:24:20.470  9339  9638 W WakelockManagerService: uid: 10224 is unblock state
07-29 21:24:20.470  9339  9638 W WakelockManagerService: uid: 10225 is unblock state
07-29 21:24:20.470  9339  9638 W WakelockManagerService: uid: 10226 is unblock state
07-29 21:24:20.470  9339  9638 W WakelockManagerService: uid: 10227 is unblock state
07-29 21:24:20.470  9339  9638 W WakelockManagerService: uid: 10228 is unblock state
07-29 21:24:20.470  9339  9638 W WakelockManagerService: uid: 10229 is unblock state
07-29 21:24:20.470  9339  9638 W WakelockManagerService: uid: 10230 is unblock state
07-29 21:24:20.470  9339  9638 W WakelockManagerService: uid: 10231 is unblock state
07-29 21:24:20.470  9339  9638 W WakelockManagerService: uid: 10232 is unblock state
07-29 21:24:20.470  9339  9638 W WakelockManagerService: uid: 10233 is unblock state
07-29 21:24:20.470  9339  9638 W WakelockManagerService: uid: 10234 is unblock state
07-29 21:24:20.470  9339  9638 W WakelockManagerService: uid: 10235 is unblock state
07-29 21:24:20.470  9339  9638 W WakelockManagerService: uid: 10236 is unblock state
07-29 21:24:20.470  9339  9638 W WakelockManagerService: uid: 10237 is unblock state
07-29 21:24:20.470  9339  9638 W WakelockManagerService: uid: 10238 is unblock state
07-29 21:24:20.470  9339  9638 W WakelockManagerService: uid: 10239 is unblock state
07-29 21:24:20.470  9339  9638 W WakelockManagerService: uid: 10240 is unblock state
07-29 21:24:20.470  9339  9638 W WakelockManagerService: uid: 10241 is unblock state
07-29 21:24:20.470  9339  9638 W WakelockManagerService: uid: 10242 is unblock state
07-29 21:24:20.470  9339  9638 W WakelockManagerService: uid: 10243 is unblock state
07-29 21:24:20.470  9339  9638 W WakelockManagerService: uid: 10244 is unblock state
07-29 21:24:20.470  9339  9638 W WakelockManagerService: uid: 10245 is unblock state
07-29 21:24:20.470  9339  9638 W WakelockManagerService: uid: 10246 is unblock state
07-29 21:24:20.470  9339  9638 W WakelockManagerService: uid: 10247 is unblock state
07-29 21:24:20.470  9339  9638 W WakelockManagerService: uid: 10248 is unblock state
07-29 21:24:20.470  9339  9638 W WakelockManagerService: uid: 10249 is unblock state
07-29 21:24:20.470  9339  9638 W WakelockManagerService: uid: 10250 is unblock state
07-29 21:24:20.470  9339  9638 W WakelockManagerService: uid: 10251 is unblock state
07-29 21:24:20.470  9339  9638 W WakelockManagerService: uid: 10252 is unblock state
07-29 21:24:20.470  9339  9638 W WakelockManagerService: uid: 10253 is unblock state
07-29 21:24:20.470  9339  9638 W WakelockManagerService: uid: 10254 is unblock state
07-29 21:24:20.470  9339  9638 W WakelockManagerService: uid: 10255 is unblock state
07-29 21:24:20.470  9339  9638 W WakelockManagerService: uid: 10256 is unblock state
07-29 21:24:20.470  9339  9638 W WakelockManagerService: uid: 10257 is unblock state
07-29 21:24:20.470  9339  9638 W WakelockManagerService: uid: 10258 is unblock state
07-29 21:24:20.470  9339  9638 W WakelockManagerService: uid: 10259 is unblock state
07-29 21:24:20.470  9339  9638 W WakelockManagerService: uid: 10260 is unblock state
07-29 21:24:20.470  9339  9638 W WakelockManagerService: uid: 10261 is unblock state
07-29 21:24:20.470  9339  9638 W WakelockManagerService: uid: 10262 is unblock state
07-29 21:24:20.470  9339  9638 W WakelockManagerService: uid: 10263 is unblock state
07-29 21:24:20.470  9339  9638 W WakelockManagerService: uid: 10265 is unblock state
07-29 21:24:20.470  9339  9638 W WakelockManagerService: uid: 10266 is unblock state
07-29 21:24:20.470  9339  9638 W WakelockManagerService: uid: 10267 is unblock state
07-29 21:24:20.470  9339  9638 W WakelockManagerService: uid: 10268 is unblock state
07-29 21:24:20.470  9339  9638 W WakelockManagerService: uid: 10269 is unblock state
07-29 21:24:20.470  9339  9638 W WakelockManagerService: uid: 10270 is unblock state
07-29 21:24:20.470  9339  9638 W WakelockManagerService: uid: 10271 is unblock state
07-29 21:24:20.470  9339  9638 W WakelockManagerService: uid: 10272 is unblock state
07-29 21:24:20.470  9339  9638 W WakelockManagerService: uid: 10273 is unblock state
07-29 21:24:20.470  9339  9638 W WakelockManagerService: uid: 10274 is unblock state
07-29 21:24:20.470  9339  9638 W WakelockManagerService: uid: 10275 is unblock state
07-29 21:24:20.470  9339  9638 W WakelockManagerService: uid: 10276 is unblock state
07-29 21:24:20.470  9339  9638 W WakelockManagerService: uid: 10277 is unblock state
07-29 21:24:20.470  9339  9638 W WakelockManagerService: uid: 10278 is unblock state
07-29 21:24:20.470  9339  9638 W WakelockManagerService: uid: 10279 is unblock state
07-29 21:24:20.470  9339  9638 W WakelockManagerService: uid: 10280 is unblock state
07-29 21:24:20.471  9339  9638 W WakelockManagerService: uid: 10281 is unblock state
07-29 21:24:20.471  9339  9638 W WakelockManagerService: uid: 10282 is unblock state
07-29 21:24:20.471  9339  9638 W WakelockManagerService: uid: 10283 is unblock state
07-29 21:24:20.471  9339  9638 W WakelockManagerService: uid: 10285 is unblock state
07-29 21:24:20.471  9339  9638 W WakelockManagerService: uid: 10286 is unblock state
07-29 21:24:20.471  9339  9638 W WakelockManagerService: uid: 10287 is unblock state
07-29 21:24:20.471  9339  9638 W WakelockManagerService: uid: 10288 is unblock state
07-29 21:24:20.471  9339  9638 W WakelockManagerService: uid: 10289 is unblock state
07-29 21:24:20.471  9339  9638 W WakelockManagerService: uid: 10290 is unblock state
07-29 21:24:20.471  9339  9638 W WakelockManagerService: uid: 10291 is unblock state
07-29 21:24:20.471  9339  9638 W WakelockManagerService: uid: 10292 is unblock state
07-29 21:24:20.471  9339  9638 W WakelockManagerService: uid: 10293 is unblock state
07-29 21:24:20.471  9339  9638 W WakelockManagerService: uid: 10294 is unblock state
07-29 21:24:20.471  9339  9638 W WakelockManagerService: uid: 10296 is unblock state
07-29 21:24:20.471  9339  9638 W WakelockManagerService: uid: 10298 is unblock state
07-29 21:24:20.471  9339  9638 W WakelockManagerService: uid: 10299 is unblock state
07-29 21:24:20.471  9339  9638 W WakelockManagerService: uid: 10300 is unblock state
07-29 21:24:20.471  9339  9638 W WakelockManagerService: uid: 10301 is unblock state
07-29 21:24:20.471  9339  9638 W WakelockManagerService: uid: 10303 is unblock state
07-29 21:24:20.471  9339  9638 W WakelockManagerService: uid: 10304 is unblock state
07-29 21:24:20.471  9339  9638 W WakelockManagerService: uid: 10308 is unblock state
07-29 21:24:20.471  9339  9638 W WakelockManagerService: uid: 10311 is unblock state
07-29 21:24:20.471  9339  9638 W WakelockManagerService: uid: 10313 is unblock state
07-29 21:24:20.471  9339  9638 W WakelockManagerService: uid: 10314 is unblock state
07-29 21:24:20.471  9339  9638 W WakelockManagerService: uid: 10315 is unblock state
07-29 21:24:20.471  9339  9638 W WakelockManagerService: uid: 10316 is unblock state
07-29 21:24:20.471  9339  9638 W WakelockManagerService: uid: 10317 is unblock state
07-29 21:24:20.471  9339  9638 W WakelockManagerService: uid: 10318 is unblock state
07-29 21:24:20.471  9339  9638 W WakelockManagerService: uid: 10320 is unblock state
07-29 21:24:20.471  9339  9638 W WakelockManagerService: uid: 10321 is unblock state
07-29 21:24:20.471  9339  9638 W WakelockManagerService: uid: 10323 is unblock state
07-29 21:24:20.471  9339  9638 W WakelockManagerService: uid: 10324 is unblock state
07-29 21:24:20.471  9339  9638 W WakelockManagerService: uid: 10326 is unblock state
07-29 21:24:20.471  9339  9638 W WakelockManagerService: uid: 10327 is unblock state
07-29 21:24:20.471  9339  9638 W WakelockManagerService: uid: 10328 is unblock state
07-29 21:24:20.471  9339  9638 W WakelockManagerService: uid: 10329 is unblock state
07-29 21:24:20.471  9339  9638 W WakelockManagerService: uid: 10330 is unblock state
07-29 21:24:20.471  9339  9638 W WakelockManagerService: uid: 10331 is unblock state
07-29 21:24:20.471  9339  9638 W WakelockManagerService: uid: 10332 is unblock state
