07-29 21:24:21.962  2463 10061 W ParceledListSlice: Element #65 is 29744 bytes.
07-29 21:24:21.962  2463  5121 W ParceledListSlice: Element #66 is 29736 bytes.
07-29 21:24:21.962  7773  7773 E RegisteredServicesCache: Skipping application component ComponentInfo{com.autonavi.minimap/com.alibaba.ariver.commonability.device.jsapi.nfc.service.TinyAppHostApduService}: it must request the permission android.permission.NFC
07-29 21:24:21.962  7773  7773 E RegisteredServicesCache: Skipping application component ComponentInfo{com.autonavi.minimap/com.alipay.mobile.aompdevice.nfc.service.TinyAppHostApduService}: it must request the permission android.permission.NFC
07-29 21:24:21.966  7773  7773 I RegisteredServicesCache: current user: 0, is managed profile : false
07-29 21:24:21.967  4916  5777 E SmsApplication: com.android.mms lost android:read_cell_broadcasts:  (fixing)
07-29 21:24:21.968  7773  7773 I RegisteredAidCache: updateRoutingLocked(false): Enter
07-29 21:24:21.968  7773  7773 I AidRoutingManager: configureRouting(false): Enter
07-29 21:24:21.968  7773  7773 E AidRoutingManager: Size of routing table970
07-29 21:24:21.968  2463 10061 W AppOpService: Ignored setUidMode call for runtime permission app op: uid = 10141, code = READ_CELL_BROADCASTS, mode = allow, callingUid = 1001, oldMode = allow
07-29 21:24:21.968  7773  7773 I RegisteredAidCache: updateRoutingLocked(false): exit
07-29 21:24:21.972  2463  5530 W ParceledListSlice: Element #8 is 20788 bytes.
07-29 21:24:21.972  2463  5530 W ParceledListSlice: Element #9 is 20768 bytes.
07-29 21:24:21.972  2463  5121 W AppOpService: Ignored setUidMode call for runtime permission app op: uid = 1001, code = READ_SMS, mode = allow, callingUid = 1001, oldMode = allow
07-29 21:24:21.973  2463  4435 W AppOpService: Ignored setUidMode call for runtime permission app op: uid = 1001, code = RECEIVE_SMS, mode = allow, callingUid = 1001, oldMode = allow
07-29 21:24:21.973  2463  4435 W AppOpService: Ignored setUidMode call for runtime permission app op: uid = 1001, code = RECEIVE_WAP_PUSH, mode = allow, callingUid = 1001, oldMode = allow
07-29 21:24:21.973  7773  7773 E RegisteredServicesCache: Skipping application component ComponentInfo{com.UCMobile/com.alibaba.ariver.commonability.device.jsapi.nfc.service.TinyAppHostApduService}: it must request the permission android.permission.NFC
07-29 21:24:21.973  7773  7773 E RegisteredServicesCache: Skipping application component ComponentInfo{com.UCMobile/com.alipay.mobile.aompdevice.nfc.service.TinyAppHostApduService}: it must request the permission android.permission.NFC
07-29 21:24:21.973  2463  5121 W AppOpService: Ignored setUidMode call for runtime permission app op: uid = 1001, code = SEND_SMS, mode = allow, callingUid = 1001, oldMode = allow
07-29 21:24:21.973  7773  7773 E RegisteredServicesCache: Skipping application component ComponentInfo{com.autonavi.minimap/com.alibaba.ariver.commonability.device.jsapi.nfc.service.TinyAppHostApduService}: it must request the permission android.permission.NFC
07-29 21:24:21.973  7773  7773 E RegisteredServicesCache: Skipping application component ComponentInfo{com.autonavi.minimap/com.alipay.mobile.aompdevice.nfc.service.TinyAppHostApduService}: it must request the permission android.permission.NFC
07-29 21:24:21.973  2463  5121 W AppOpService: Ignored setUidMode call for runtime permission app op: uid = 1001, code = READ_CELL_BROADCASTS, mode = allow, callingUid = 1001, oldMode = allow
07-29 21:24:21.974  7773  7773 I RegisteredServicesCache: current user: 0, is managed profile : false
07-29 21:24:21.976  4979  4979 E StackScroller: updateSidePadding: viewWidth is zero
07-29 21:24:21.976 12230 12394 I Ad      : isPersonalizedAdEnabled getAdSettings: 1
07-29 21:24:21.977  2463  4596 W ParceledListSlice: Element #273 is 21068 bytes.
07-29 21:24:21.977  7773  7773 I RegisteredAidCache: updateRoutingLocked(false): Enter
07-29 21:24:21.977  7773  7773 I AidRoutingManager: configureRouting(false): Enter
07-29 21:24:21.977  7773  7773 E AidRoutingManager: Size of routing table970
07-29 21:24:21.977  7773  7773 I RegisteredAidCache: updateRoutingLocked(false): exit
07-29 21:24:21.977  2463  5530 W ParceledListSlice: Element #274 is 21048 bytes.
07-29 21:24:21.977  2463  5530 W ParceledListSlice: Element #275 is 21056 bytes.
07-29 21:24:21.977  2463  5530 W ParceledListSlice: Element #276 is 21036 bytes.
07-29 21:24:21.977  2463  5530 W ParceledListSlice: Element #277 is 21084 bytes.
07-29 21:24:21.977  2463  5530 W ParceledListSlice: Overly large reply size: 84248
07-29 21:24:21.978  2463  5442 W ParceledListSlice: Element #278 is 21084 bytes.
07-29 21:24:21.978  2463  5442 W ParceledListSlice: Element #279 is 21096 bytes.
07-29 21:24:21.978  2463  5442 W ParceledListSlice: Element #280 is 21084 bytes.
07-29 21:24:21.978  2463  5442 W ParceledListSlice: Element #281 is 21084 bytes.
07-29 21:24:21.978  2463  5442 W ParceledListSlice: Overly large reply size: 84372
07-29 21:24:21.978  7773  7773 I libnfc_nci: [INFO:NativeT4tNfcee.cpp(870)] nfcManager_isFwSupportNonStdT4TAid Enter isFwSupport = 1
07-29 21:24:21.978  7773  7773 I libnfc_nci: [INFO:SecureElement.cpp(1487)] SecureElement::getEseHandleFromGenericId: enter; ESE-ID = 0x7F
07-29 21:24:21.978  7773  7773 I libnfc_nci: [INFO:SecureElement.cpp(1528)] SecureElement::getEseHandleFromGenericId: enter; ESE-Handle = 0x410
07-29 21:24:21.978  2463  5121 W ParceledListSlice: Element #282 is 21104 bytes.
07-29 21:24:21.978  7773  7773 I libnfc_nci: [INFO:SecureElement.cpp(1487)] SecureElement::getEseHandleFromGenericId: enter; ESE-ID = 0x00
07-29 21:24:21.978  7773  7773 I libnfc_nci: [INFO:SecureElement.cpp(1528)] SecureElement::getEseHandleFromGenericId: enter; ESE-Handle = 0x400
07-29 21:24:21.978  2463  5121 W ParceledListSlice: Element #283 is 21092 bytes.
07-29 21:24:21.978  2463  5121 W ParceledListSlice: Element #284 is 21080 bytes.
07-29 21:24:21.982  4897  5133 I SecureElement-Terminal-eSE1: isSecureElementPresent()
07-29 21:24:21.982  1746  1746 I android.hardware.secure_element-service.qti: isCardPresent
07-29 21:24:21.982  1746  1746 I android.hardware.secure_element-service.qti: isCardPresent exit, cardPresent: 1
07-29 21:24:21.985  4897  5133 I SecureElement-Terminal-SIM1: isSecureElementPresent()
07-29 21:24:21.985  4897  5133 I SecureElement-Terminal-SIM1: isNfcEventAllowed: No access rules for checking.
07-29 21:24:21.985  1827  2752 I vendor.qti.hardware.display.composer-service: Sensor: notify citsensorservice to trigger cwb, misForced = 1
07-29 21:24:21.985  4897  5133 I SecureElement-Terminal-SIM2: isSecureElementPresent()
07-29 21:24:21.985  3002  4297 I libsensor-parseRGB: request dump start for mRequestDisplayId 0
07-29 21:24:21.987  7773  7773 I libnfc_nci: [INFO:NativeT4tNfcee.cpp(870)] nfcManager_isFwSupportNonStdT4TAid Enter isFwSupport = 1
07-29 21:24:21.987  7773  7773 I libnfc_nci: [INFO:SecureElement.cpp(1487)] SecureElement::getEseHandleFromGenericId: enter; ESE-ID = 0x7F
07-29 21:24:21.987  7773  7773 I libnfc_nci: [INFO:SecureElement.cpp(1528)] SecureElement::getEseHandleFromGenericId: enter; ESE-Handle = 0x410
07-29 21:24:21.988  7773  7773 I libnfc_nci: [INFO:SecureElement.cpp(1487)] SecureElement::getEseHandleFromGenericId: enter; ESE-ID = 0x00
07-29 21:24:21.988  7773  7773 I libnfc_nci: [INFO:SecureElement.cpp(1528)] SecureElement::getEseHandleFromGenericId: enter; ESE-Handle = 0x400
07-29 21:24:21.988  4897  5133 I SecureElement-Terminal-eSE1: isSecureElementPresent()
07-29 21:24:21.988  1746  1746 I android.hardware.secure_element-service.qti: isCardPresent
07-29 21:24:21.989  1746  1746 I android.hardware.secure_element-service.qti: isCardPresent exit, cardPresent: 1
07-29 21:24:21.989  4897  5133 I SecureElement-Terminal-SIM1: isSecureElementPresent()
07-29 21:24:21.990  4897  5133 I SecureElement-Terminal-SIM1: isNfcEventAllowed: No access rules for checking.
07-29 21:24:21.990  4897  5133 I SecureElement-Terminal-SIM2: isSecureElementPresent()
07-29 21:24:21.992  7989  8778 I RuntimePermissionManager: isRuntimeRequestSupport: true
07-29 21:24:21.992  7989  8778 I InstalledPackagesMemoryCache: getInstallPermissionGranted=true
07-29 21:24:21.996  3117  3117 I adbd    : in ShellService: input keyevent HOME
07-29 21:24:22.003  2463  5065 W SearchableInfo: Invalid searchable metadata for tv.danmaku.bili/com.bilibili.bililive.room.ui.roomv3.LiveRoomActivityV3: Search label must be a resource reference.
07-29 21:24:22.003  2463  5065 W SearchableInfo: Invalid searchable metadata for tv.danmaku.bili/com.bilibili.bililive.room.ui.roomv3.LiveRoomTranslucentActivity: Search label must be a resource reference.
07-29 21:24:22.005  2463  5065 W SearchableInfo: Invalid searchable metadata for tv.danmaku.bili/com.bilibili.bililive.videoliveplayer.ui.live.LiveAllActivity: Search label must be a resource reference.
07-29 21:24:22.005  3002  3081 E libsensor-parseRGB: CWB NotifyCWBBufferDone  error 0
07-29 21:24:22.005  2463  5065 W SearchableInfo: Invalid searchable metadata for tv.danmaku.bili/com.bilibili.bililive.videoliveplayer.ui.live.area.LiveAreaVideoListActivity: Search label must be a resource reference.
07-29 21:24:22.005  2463  5065 W SearchableInfo: Invalid searchable metadata for tv.danmaku.bili/com.bilibili.bililive.videoliveplayer.ui.live.search.LiveSearchActivity: Search label must be a resource reference.
07-29 21:24:22.011  2463  5065 W ContentProviderHelper: No provider info for content provider  when providerRunning is false, caller is ProcessRecord{15056c5 18854:com.android.quicksearchbox:ApplicationsProvider/u0a136}
07-29 21:24:22.011 18854 18878 E ActivityThread: Failed to find provider info for 
07-29 21:24:22.011  2463  5065 W ContentProviderHelper: No provider info for content provider  when providerRunning is false, caller is null
07-29 21:24:22.017  2463  5065 I ClipboardServiceI: checkProviderWakePathForClipboard: primaryClip is null
07-29 21:24:22.017  2463  5065 I SmartPower: com.miui.notes/10275(13074): idle->background(7172ms) R(content provider start ContentProviderRecord{c0729a2 u0 com.miui.notes/.provider.NotesProvider}) adj=905.
07-29 21:24:22.024  2463  5442 W ContentProviderHelper: Permission Denial: opening provider com.alibaba.aliexpress.android.search.nav.SearchSuggestionProvider from ProcessRecord{15056c5 18854:com.android.quicksearchbox:ApplicationsProvider/u0a136} (pid=18854, uid=10136) that is not exported from UID 10303
07-29 21:24:22.030  2463  5121 I ClipboardServiceI: checkProviderWakePathForClipboard: primaryClip is null
07-29 21:24:22.030  2463  4205 I MiuiNetworkPolicy: updateUidState uid = 10303, uidState = 6
07-29 21:24:22.030  2463  4205 I MiuiNetworkPolicy: updateUidState uid = 10169, uidState = 6
07-29 21:24:22.032  2463  5121 I SmartPower: com.alibaba.aliexpresshd/10303(5685): idle->background(7179ms) R(content provider start ContentProviderRecord{716322c u0 com.alibaba.aliexpresshd/com.alibaba.aliexpress.android.search.nav.SearchSuggestionProvider}) adj=0.
07-29 21:24:22.035  2463  4205 I MiuiNetworkPolicy: updateUidState uid = 10303, uidState = 19
07-29 21:24:22.036  2463  5065 W Bundle  : Failed to parse item error, returning null.
07-29 21:24:22.036  2463  5065 W Bundle  : android.os.BadTypeParcelableException: Parcelable creator android.os.ParcelableException is not a subclass of required class java.lang.String provided in the parameter
07-29 21:24:22.036  2463  5065 W Bundle  : 	at android.os.Parcel.readParcelableCreatorInternal(Parcel.java:5206)
07-29 21:24:22.036  2463  5065 W Bundle  : 	at android.os.Parcel.readParcelableInternal(Parcel.java:5080)
07-29 21:24:22.036  2463  5065 W Bundle  : 	at android.os.Parcel.readValue(Parcel.java:4840)
07-29 21:24:22.036  2463  5065 W Bundle  : 	at android.os.Parcel.readValue(Parcel.java:4609)
07-29 21:24:22.036  2463  5065 W Bundle  : 	at android.os.Parcel.-$$Nest$mreadValue(Unknown Source:0)
07-29 21:24:22.036  2463  5065 W Bundle  : 	at android.os.Parcel$LazyValue.apply(Parcel.java:4707)
07-29 21:24:22.036  2463  5065 W Bundle  : 	at android.os.Parcel$LazyValue.apply(Parcel.java:4666)
07-29 21:24:22.036  2463  5065 W Bundle  : 	at android.os.BaseBundle.unwrapLazyValueFromMapLocked(BaseBundle.java:416)
07-29 21:24:22.036  2463  5065 W Bundle  : 	at android.os.BaseBundle.getValueAt(BaseBundle.java:402)
07-29 21:24:22.036  2463  5065 W Bundle  : 	at android.os.BaseBundle.getPairValue(BaseBundle.java:282)
07-29 21:24:22.036  2463  5065 W Bundle  : 	at com.android.server.am.ContentProviderHelper.lambda$getMimeTypeFilterAsync$1(ContentProviderHelper.java:1212)
07-29 21:24:22.036  2463  5065 W Bundle  : 	at com.android.server.am.ContentProviderHelper.$r8$lambda$JV9jTPlBHAPZLxkKAqq24ds-FLE(Unknown Source:0)
07-29 21:24:22.036  2463  5065 W Bundle  : 	at com.android.server.am.ContentProviderHelper$$ExternalSyntheticLambda1.onResult(D8$$SyntheticClass:0)
07-29 21:24:22.036  2463  5065 W Bundle  : 	at android.os.RemoteCallback.sendResult(RemoteCallback.java:76)
07-29 21:24:22.036  2463  5065 W Bundle  : 	at android.os.RemoteCallback$1.sendResult(RemoteCallback.java:53)
07-29 21:24:22.036  2463  5065 W Bundle  : 	at android.os.IRemoteCallback$Stub.onTransact(IRemoteCallback.java:85)
07-29 21:24:22.036  2463  5065 W Bundle  : 	at android.os.Binder.execTransactInternal(Binder.java:1512)
07-29 21:24:22.036  2463  5065 W Bundle  : 	at android.os.Binder.execTransact(Binder.java:1451)
07-29 21:24:22.037  2463  4205 I MiuiNetworkPolicy: updateUidState uid = 10169, uidState = 10
07-29 21:24:22.037 18854 18878 W ContentResolver: Failed to get type for: content://com.alibaba.aliexpress.android.search.nav.SearchSuggestionProvider/products (Unknown URL content://com.alibaba.aliexpress.android.search.nav.SearchSuggestionProvider/products)
07-29 21:24:22.037  2463  5121 W MIUIInput: Input event injection from package: null action ACTION_DOWN keycode 3
07-29 21:24:22.038  2463  5121 W MiuiInputKeyEventLog: keyCode:3 down:true eventTime:21300356 downTime:21300356 policyFlags:2b000000 flags:0 metaState:0 deviceId:-1 isScreenOn:true keyguardActive:false repeatCount:0
07-29 21:24:22.039  2105  2105 E DisplayModeController: setDesiredMode : Idle status skip setActiveMode, isDdicIdleMode: 1
07-29 21:24:22.040  2463  2528 W ActivityManagerServiceImpl: Sending non-protected broadcast com.miui.fullscreen_state_change from system 2463:system/1000 pkg android. Callers=com.android.server.am.ActivityManagerService.checkBroadcastFromSystem:16255 com.android.server.am.ActivityManagerService.broadcastIntentLockedTraced:17126 com.android.server.am.ActivityManagerService.broadcastIntentLocked:16315 com.android.server.am.ActivityManagerService.broadcastIntentWithFeature:17337 android.app.ContextImpl.sendBroadcastAsUser:1495 
07-29 21:24:22.041  2463  5121 W MIUIInput: Input event injection from package: null action ACTION_UP keycode 3
07-29 21:24:22.041  2463  5121 W MiuiInputKeyEventLog: keyCode:3 down:false eventTime:21300361 downTime:21300356 policyFlags:2b000000 flags:0 metaState:0 deviceId:-1 isScreenOn:true keyguardActive:false repeatCount:0
07-29 21:24:22.041  2463  5065 W ContentProviderHelper: No provider info for content provider  when providerRunning is false, caller is ProcessRecord{15056c5 18854:com.android.quicksearchbox:ApplicationsProvider/u0a136}
07-29 21:24:22.042  2463  4068 E MiuiInputKeyEventLog: before go to home
07-29 21:24:22.042 18854 18878 E ActivityThread: Failed to find provider info for 
07-29 21:24:22.042  2463  5065 W ContentProviderHelper: No provider info for content provider  when providerRunning is false, caller is null
07-29 21:24:22.042  8974  3056 E PackageUtil: getPackageInfoAsUser failed com.sec.android.app.sbrowser , 999
07-29 21:24:22.042  2463  2528 W ActivityManagerServiceImpl: Sending non-protected broadcast com.miui.launch_home_from_hotkey from system 2463:system/1000 pkg android. Callers=com.android.server.am.ActivityManagerService.checkBroadcastFromSystem:16255 com.android.server.am.ActivityManagerService.broadcastIntentLockedTraced:17126 com.android.server.am.ActivityManagerService.broadcastIntentLocked:16315 com.android.server.am.ActivityManagerService.broadcastIntentWithFeature:17337 android.app.ContextImpl.sendBroadcastAsUser:1536 
07-29 21:24:22.045  8013  8013 I VideoToolBoxService: onReceive: android.intent.action.CLOSE_SYSTEM_DIALOGS
07-29 21:24:22.046  8013  8013 I GameBoosterService: onReceive: android.intent.action.CLOSE_SYSTEM_DIALOGS
07-29 21:24:22.046  4979  4979 I ControlCenterExpandController: hide panel true true
07-29 21:24:22.047  1827  2399 I SDM     : HWCDisplay::SetActiveConfigWithConstraints: display:66-0, config: 3, WxH 1200x2670, fps 120
07-29 21:24:22.047  1827  2399 W SDM     : HWDeviceDRM::GetSupportedBitClkRate: Requested rate not supported: 1150000000
07-29 21:24:22.047  1827  2399 I SDM     : HWDeviceDRM::UpdateMixerAttributes: Mixer WxH 1200x2670-1 for Peripheral
07-29 21:24:22.047  1827  2399 I SDM     : HWCDisplay::SubmitDisplayConfig: Active configuration changed from config 1 to 3
07-29 21:24:22.047  1827  2399 I SDM     : HWCDisplay::SubmitDisplayConfig: Active WxH 1200x2670 ,ddic_mode:auto, timing_fps: 120, sf_fps: 120
07-29 21:24:22.048  2463  4068 W ActivityTaskManager: callingPackage for (uid=-1, pid=0) has no WPC
07-29 21:24:22.048  2463  5540 W ContentProviderHelper: Permission Denial: opening provider com.alibaba.aliexpress.android.search.nav.SearchSuggestionProvider from ProcessRecord{15056c5 18854:com.android.quicksearchbox:ApplicationsProvider/u0a136} (pid=18854, uid=10136) that is not exported from UID 10303
07-29 21:24:22.049  2463  4068 W OptProp : Cannot read opt property android.window.PROPERTY_COMPAT_ALLOW_ORIENTATION_OVERRIDE
07-29 21:24:22.049  4979  4979 I VolumeShowHideAnimator: isRunning: false, mExpanded: false
07-29 21:24:22.050  2463  4068 E ActivityTaskManager: Unable to get servicetracker HAL instance
07-29 21:24:22.050  2463  4068 E ActivityTaskManager: Unable to get servicetracker HAL instance
07-29 21:24:22.050  2463  4068 E WindowManager: setClientVisible ActivityRecord{8685b75 u0 com.miui.home/.launcher.Launcher true
07-29 21:24:22.051  2463  4068 W OptProp : Cannot read opt property android.window.PROPERTY_COMPAT_ALLOW_RESIZEABLE_ACTIVITY_OVERRIDES
07-29 21:24:22.051  2463  4068 W OptProp : Cannot read opt property android.window.PROPERTY_COMPAT_ALLOW_MIN_ASPECT_RATIO_OVERRIDE
07-29 21:24:22.051  2463  4068 I AnimInterruptController: FIS notify Foresee interrupt start:382
07-29 21:24:22.052  2463  4068 I ActivityTaskManager: isKeyguardEditor: false, newTransition: TransitionRecord{7b7fb7b id=383 type=OPEN flags=0x0}
07-29 21:24:22.052  4979  4979 I VolumeExpandCollapsedAnimator: isRunning: false, mExpanded: false
07-29 21:24:22.052  4979  4979 I VolumePanelViewController_true: dismissH mShowing:false, reason:volume_controller, isAnimating: false, needShowDialog=true, KeyAnimatingStream=-1
07-29 21:24:22.053  4979  4979 I VolumeShowHideAnimator: isRunning: false, mExpanded: false
07-29 21:24:22.053  4979  4979 I VolumeExpandCollapsedAnimator: isRunning: false, mExpanded: false
07-29 21:24:22.053  4979  4979 I VolumePanelViewController_false: dismissH mShowing:false, reason:volume_controller, isAnimating: false, needShowDialog=false, KeyAnimatingStream=-1
07-29 21:24:22.054  2463  4205 I MiuiNetworkPolicy: updateUidState uid = 10303, uidState = 6
07-29 21:24:22.054  2463  4205 I MiuiNetworkPolicy: updateUidState uid = 10169, uidState = 6
07-29 21:24:22.054  2463  4068 I ActivityTaskManager: START u0 {act=android.intent.action.MAIN cat=[android.intent.category.HOME] flg=0x10000100 cmp=com.miui.home/.launcher.Launcher (has extras)} with LAUNCH_SINGLE_TASK from uid 0 from pid 0 callingPackage null callers: com.android.server.wm.RootWindowContainer.lambda$startHomeOnDisplay$11:1607 com.android.server.wm.RootWindowContainer.$r8$lambda$DFaa7QLApF8rlf4uiy_4K0Hxf2Y:0 com.android.server.wm.RootWindowContainer$$ExternalSyntheticLambda50.apply:0 com.android.server.wm.TaskDisplayArea.reduceOnAllTaskDisplayAreas:526  (BAL_ALLOW_ALLOWLISTED_UID) result code=3
07-29 21:24:22.054  2463  2526 W EnhancedConfirmationService: The packageName should not be null.
07-29 21:24:22.054  2463  5540 I ClipboardServiceI: checkProviderWakePathForClipboard: primaryClip is null
07-29 21:24:22.055  4979  5212 I SoScStageCoordinator: Transition requested:TransitionRequestInfo { type = OPEN, triggerTask = TaskInfo{userId=0 taskId=2 displayId=0 isRunning=true baseIntent=Intent { act=android.intent.action.MAIN cat=[android.intent.category.HOME] flg=0x10000100 cmp=com.miui.home/.launcher.Launcher } baseActivity=ComponentInfo{com.miui.home/com.miui.home.launcher.Launcher} topActivity=ComponentInfo{com.miui.home/com.miui.home.launcher.Launcher} origActivity=null realActivity=ComponentInfo{com.miui.home/com.miui.home.launcher.Launcher} numActivities=1 lastActiveTime=21216879 supportsSplitScreenMultiWindow=true supportsMultiWindow=true resizeMode=2 isResizeable=true minWidth=-1 minHeight=-1 defaultMinSize=200 token=WCT{android.window.IWindowContainerToken$Stub$Proxy@4982b2a} topActivityType=2 pictureInPictureParams=null shouldDockBigOverlays=false launchIntoPipHostTaskId=-1 lastParentTaskIdBeforePip=-1 displayCutoutSafeInsets=null topActivityInfo=ActivityInfo{e6d5d1b com.miui.home.launcher.Launcher} launchCookies=[] positionInParent=Point(0, 0) parentTaskId=-1 isFocused=true isVisible=true isVisibleRequested=true isSleeping=false locusId=null displayAreaFeatureId=1 isTopActivityTransparent=false appCompatTaskInfo=AppCompatTaskInfo { topActivityInSizeCompat=false topActivityInMiuiSizeCompat=false topActivityEligibleForLetterboxEducation= falseisLetterboxEducationEnabled= false isLetterboxDoubleTapEnabled= false topActivityEligibleForUserAspectRatioButton= false topActivityBoundsLetterboxed= false isFromLetterboxDoubleTap= false topActivityLetterboxVerticalPosition= -1 topActivityLetterboxHorizontalPosition= -1 topActivityLetterboxWidth=1200 topActivityLetterboxHeight=2670 isUserFullscreenOverrideEnabled=false isSystemFullscreenOverrideEnabled=false cameraCompatTaskInfo=CameraCompatTaskInfo { cameraCompatControlState=hidden freeformCameraCompatMode=inactive}} isImmersive=false mTopActivityRequestOrientation=1 mBehindAppLockPkg=null mOriginatingUid=0 isEmbedded=false shouldBeVisible=true isCreatedByOrganizer=false mIsCastMode=false mTopActivityMediaSize=null mTopActivityRecordName=ActivityRecord{43121b5 u0 com.miui.home/.launcher.Launcher t2} mTopActivityOrientation=1}, pipTask = null, remoteTransition = null, displayChange = null, flags = 0, debugId = 383 } isSoScActive:false triggerTask:TaskInfo{userId=0 taskId=2 displayId=0 isRunning=true baseIntent=Intent { act=android.intent.action.MAIN cat=[android.intent.category.HOME] flg=0x10000100 cmp=com.miui.home/.launcher.Launcher } baseActivity=ComponentInfo{com.miui.home/com.miui.home.launcher.Launcher} topActivity=ComponentInfo{com.miui.home/com.miui.home.launcher.Launcher} origActivity=null realActivity=ComponentInfo{com.miui.home/com.miui.home.launcher.Launcher} numActivities=1 lastActiveTime=21216879 supportsSplitScreenMultiWindow=true supportsMultiWindow=true resizeMode=2 isResizeable=true minWidth=-1 minHeight=-1 defaultMinSize=200 token=WCT{android.window.IWindowContainerToken$Stub$Proxy@4982b2a} topActivityType=2 pictureInPictureParams=null shouldDockBigOverlays=false launchIntoPipHostTaskId=-1 lastParentTaskIdBeforePip=-1 displayCutoutSafeInsets=null topActivityInfo=ActivityInfo{e6d5d1b com.miui.home.launcher.Launcher} launchCookies=[] positionInParent=Point(0, 0) parentTaskId=-1 isFocused=true isVisible=true isVisibleRequested=true isSleeping=false locusId=null displayAreaFeatureId=1 isTopActivityTransparent=false appCompatTaskInfo=AppCompatTaskInfo { topActivityInSizeCompat=false topActivityInMiuiSizeCompat=false topActivityEligibleForLetterboxEducation= falseisLetterboxEducationEnabled= false isLetterboxDoubleTapEnabled= false topActivityEligibleForUserAspectRatioButton= false topActivityBoundsLetterboxed= false isFromLetterboxDoubleTap= false topActivityLetterboxVerticalPosition= -1 topActivityLetterboxHorizontalPosition= -1 topActivityLetterboxWidth=1200 topActivityLetterboxHeight=2670 isUserFullscreenOverrideEnabled=false isSystemFullscreenOverrideEnabled=false cameraCompatTaskInfo=CameraCompatTaskInfo { cameraCompatControlState=hidden freeformCame
07-29 21:24:22.055  2463  2526 W MagnificationConnectionManager: requestConnection duplicated request: connect=false, mConnectionState=DISCONNECTED
07-29 21:24:22.057  7989  7989 I LauncherOverlayCallback: handleMessage WHAT_ACTIVITY_STATE_CHANGED what1
07-29 21:24:22.057  4497  4497 I Launcher.widget: onInvisible 
07-29 21:24:22.057  4497  4497 I Launcher.widget: onInvisible 
07-29 21:24:22.057  7989  7989 I LauncherOverlayCallback: handleMessage WHAT_LAUNCHER_STATE what1
07-29 21:24:22.057  4497  4497 I Launcher: onNewIntent
07-29 21:24:22.057  4497  4497 I ConnectAnimFinishCallbackManager: mNeedShowLauncher = true, waitFrameworkAnimCallback = false
07-29 21:24:22.057  2463  4414 I DisplayModeDirectorImpl: setSmartDisplayUpRefreshRatePolicy [0.0,120.0]
07-29 21:24:22.057  4497  4497 E RotationHelper: setCurrentStateRequest: request=0
07-29 21:24:22.057  7989  7989 I AssistantOverlayWindow: lockToHideOverlay
07-29 21:24:22.058  2105  2105 I RefreshRateSelector: Display 4630947082089526659 policy changed
07-29 21:24:22.058  2105  2105 I RefreshRateSelector: Previous: {defaultModeId=0, allowGroupSwitching=false, primaryRanges={physical=[0.00 Hz, 120.00 Hz], render=[0.00 Hz, 120.00 Hz]}, appRequestRanges={physical=[0.00 Hz, 120.00 Hz], render=[0.00 Hz, 120.00 Hz]} idleScreenConfig=nullptr}
07-29 21:24:22.058  2105  2105 I RefreshRateSelector: Current:  DisplayManagerPolicy{defaultModeId=0, allowGroupSwitching=false, primaryRanges={physical=[0.00 Hz, inf Hz], render=[0.00 Hz, 120.00 Hz]}, appRequestRanges={physical=[0.00 Hz, inf Hz], render=[0.00 Hz, 120.00 Hz]} idleScreenConfig=nullptr}
07-29 21:24:22.058  2105  2105 I RefreshRateSelector: 18 mode changes were performed under the previous policy
07-29 21:24:22.058  2463  2517 I AnimInterruptController: FIS reset Foresee interrupt status
07-29 21:24:22.058  2463  4414 I DisplayModeDirectorImpl: onDesiredDisplayModeSpecsChanged:baseModeId=0 allowGroupSwitching=false primary=physical: (0.0 Infinity) render:  (0.0 120.0) appRequest=physical: (0.0 Infinity) render:  (0.0 120.0) idleScreenRefreshRateConfig=null noVotes=true
07-29 21:24:22.058  4497  4497 W Settings: Setting device_provisioned has moved from android.provider.Settings.Secure to android.provider.Settings.Global.
07-29 21:24:22.058  4979  5212 E KeyguardTransitionHandlerImpl: activityCount = 0
07-29 21:24:22.059  4497  4497 E Launcher.application: setClickAppWaitForCallback = false
07-29 21:24:22.060  4497  4497 I Launcher: changeMIUIWidgetEditMode false
07-29 21:24:22.060  7989  7989 I LauncherOverlayCallback: handleMessage WHAT_ACTIVITY_STATE_CHANGED what3
07-29 21:24:22.060  7989  7989 I LauncherOverlayCallback: handleMessage WHAT_LAUNCHER_STATE what3
07-29 21:24:22.062  4497  4497 I Launcher.widget: onVisible 
07-29 21:24:22.062  4497  4497 I Launcher.widget: onVisible 
07-29 21:24:22.063  2105  2749 W VsyncModulator: setTransactionSchedule: Unexpected EarlyEnd
07-29 21:24:22.063  4979  5212 I RemoteTransitionHandlerStubImpl: invokeAndRemoveWctCB transition is null, curWctCB: null
07-29 21:24:22.063  2105  2105 I BpBinder: onLastStrongRef automatically unlinking death recipients: 
07-29 21:24:22.065  2463  4596 W UserManagerService: Requested status bar icon for non-badged user 0
07-29 21:24:22.066  8013  8013 I VideoToolBoxService: onReceive: android.intent.action.CLOSE_SYSTEM_DIALOGS
07-29 21:24:22.066  8013  8013 I GameBoosterService: onReceive: android.intent.action.CLOSE_SYSTEM_DIALOGS
07-29 21:24:22.066  4979  4979 I ControlCenterExpandController: hide panel true true
07-29 21:24:22.066  4979  4979 I VolumeShowHideAnimator: isRunning: false, mExpanded: false
07-29 21:24:22.066  4979  4979 I VolumeExpandCollapsedAnimator: isRunning: false, mExpanded: false
07-29 21:24:22.066  4979  4979 I VolumePanelViewController_true: dismissH mShowing:false, reason:volume_controller, isAnimating: false, needShowDialog=true, KeyAnimatingStream=-1
07-29 21:24:22.066  2463  4596 I SecurityManagerService: update appwidget of uid: 10278 package: com.miui.weather2 visible: true reason: visible
07-29 21:24:22.066  4979  4979 I VolumeShowHideAnimator: isRunning: false, mExpanded: false
07-29 21:24:22.066  4979  4979 I VolumeExpandCollapsedAnimator: isRunning: false, mExpanded: false
07-29 21:24:22.066  4979  4979 I VolumePanelViewController_false: dismissH mShowing:false, reason:volume_controller, isAnimating: false, needShowDialog=false, KeyAnimatingStream=-1
07-29 21:24:22.067  2463  4205 I MiuiNetworkPolicy: updateUidState uid = 10303, uidState = 19
07-29 21:24:22.069  2463  4205 I MiuiNetworkPolicy: updateUidState uid = 10169, uidState = 10
07-29 21:24:22.069 18854 18878 W ContentResolver: Failed to get type for: content://com.alibaba.aliexpress.android.search.nav.SearchSuggestionProvider/products (Unknown URL content://com.alibaba.aliexpress.android.search.nav.SearchSuggestionProvider/products)
07-29 21:24:22.071  2463  4596 I ClipboardServiceI: checkProviderWakePathForClipboard: primaryClip is null
07-29 21:24:22.071  2463  4596 I SmartPower: com.miui.weather2/10278(5795): idle->background(80400ms) R(content provider start ContentProviderRecord{9f05c96 u0 com.miui.weather2/.providers.WeatherProvider}) adj=0.
07-29 21:24:22.071  2463  4205 I MiuiNetworkPolicy: updateUidState uid = 10278, uidState = 3
07-29 21:24:22.071  2463  5540 W Bundle  : Failed to parse item error, returning null.
07-29 21:24:22.071  2463  5540 W Bundle  : android.os.BadTypeParcelableException: Parcelable creator android.os.ParcelableException is not a subclass of required class java.lang.String provided in the parameter
07-29 21:24:22.071  2463  5540 W Bundle  : 	at android.os.Parcel.readParcelableCreatorInternal(Parcel.java:5206)
07-29 21:24:22.071  2463  5540 W Bundle  : 	at android.os.Parcel.readParcelableInternal(Parcel.java:5080)
07-29 21:24:22.071  2463  5540 W Bundle  : 	at android.os.Parcel.readValue(Parcel.java:4840)
07-29 21:24:22.071  2463  5540 W Bundle  : 	at android.os.Parcel.readValue(Parcel.java:4609)
07-29 21:24:22.071  2463  5540 W Bundle  : 	at android.os.Parcel.-$$Nest$mreadValue(Unknown Source:0)
07-29 21:24:22.071  2463  5540 W Bundle  : 	at android.os.Parcel$LazyValue.apply(Parcel.java:4707)
07-29 21:24:22.071  2463  5540 W Bundle  : 	at android.os.Parcel$LazyValue.apply(Parcel.java:4666)
07-29 21:24:22.071  2463  5540 W Bundle  : 	at android.os.BaseBundle.unwrapLazyValueFromMapLocked(BaseBundle.java:416)
07-29 21:24:22.071  2463  5540 W Bundle  : 	at android.os.BaseBundle.getValueAt(BaseBundle.java:402)
07-29 21:24:22.071  2463  5540 W Bundle  : 	at android.os.BaseBundle.getPairValue(BaseBundle.java:282)
07-29 21:24:22.071  2463  5540 W Bundle  : 	at com.android.server.am.ContentProviderHelper.lambda$getMimeTypeFilterAsync$1(ContentProviderHelper.java:1212)
07-29 21:24:22.071  2463  5540 W Bundle  : 	at com.android.server.am.ContentProviderHelper.$r8$lambda$JV9jTPlBHAPZLxkKAqq24ds-FLE(Unknown Source:0)
07-29 21:24:22.071  2463  5540 W Bundle  : 	at com.android.server.am.ContentProviderHelper$$ExternalSyntheticLambda1.onResult(D8$$SyntheticClass:0)
07-29 21:24:22.071  2463  5540 W Bundle  : 	at android.os.RemoteCallback.sendResult(RemoteCallback.java:76)
07-29 21:24:22.071  2463  5540 W Bundle  : 	at android.os.RemoteCallback$1.sendResult(RemoteCallback.java:53)
07-29 21:24:22.071  2463  5540 W Bundle  : 	at android.os.IRemoteCallback$Stub.onTransact(IRemoteCallback.java:85)
07-29 21:24:22.071  2463  5540 W Bundle  : 	at android.os.Binder.execTransactInternal(Binder.java:1512)
07-29 21:24:22.071  2463  5540 W Bundle  : 	at android.os.Binder.execTransact(Binder.java:1451)
07-29 21:24:22.073  5795 16832 I Wth2:WeatherProvider: getFirstSelectedCity() ret count= 1
07-29 21:24:22.074  5795 16832 E Wth2:WeatherProvider: getFirstSelectedCity() error 
07-29 21:24:22.074  5795 16832 E Wth2:WeatherProvider: java.lang.NumberFormatException: For input string: "33.862_119.318"
07-29 21:24:22.074  5795 16832 E Wth2:WeatherProvider: 	at java.lang.Integer.parseInt(Integer.java:790)
07-29 21:24:22.074  5795 16832 E Wth2:WeatherProvider: 	at java.lang.Integer.parseInt(Integer.java:908)
07-29 21:24:22.074  5795 16832 E Wth2:WeatherProvider: 	at com.miui.weather2.providers.WeatherProvider.g(SourceFile:9)
07-29 21:24:22.074  5795 16832 E Wth2:WeatherProvider: 	at com.miui.weather2.providers.WeatherProvider.h(SourceFile:5)
07-29 21:24:22.074  5795 16832 E Wth2:WeatherProvider: 	at com.miui.weather2.providers.WeatherProvider.query(SourceFile:23)
07-29 21:24:22.074  5795 16832 E Wth2:WeatherProvider: 	at android.content.ContentProvider.query(ContentProvider.java:1633)
07-29 21:24:22.074  5795 16832 E Wth2:WeatherProvider: 	at android.content.ContentProvider.query(ContentProvider.java:1729)
07-29 21:24:22.074  5795 16832 E Wth2:WeatherProvider: 	at android.content.ContentProvider$Transport.query(ContentProvider.java:301)
07-29 21:24:22.074  5795 16832 E Wth2:WeatherProvider: 	at android.content.ContentProviderNative.onTransact(ContentProviderNative.java:110)
07-29 21:24:22.074  5795 16832 E Wth2:WeatherProvider: 	at android.os.Binder.execTransactInternal(Binder.java:1507)
07-29 21:24:22.074  5795 16832 E Wth2:WeatherProvider: 	at android.os.Binder.execTransact(Binder.java:1451)
07-29 21:24:22.074  5795 16832 I Wth2:WeatherProvider: getHourlyData checkCityAt=true tmpCursor.count  4
07-29 21:24:22.075  2463  4205 I MiuiNetworkPolicyTrafficLimit: updateWhiteListUidForMobileTraffic uid=10278,add=true
07-29 21:24:22.075  5795  3269 I Wth2:WeatherProvider: getFirstSelectedCity() ret count= 1
07-29 21:24:22.075  5795  3269 E Wth2:WeatherProvider: getFirstSelectedCity() error 
07-29 21:24:22.075  5795  3269 E Wth2:WeatherProvider: java.lang.NumberFormatException: For input string: "33.862_119.318"
07-29 21:24:22.075  5795  3269 E Wth2:WeatherProvider: 	at java.lang.Integer.parseInt(Integer.java:790)
07-29 21:24:22.075  5795  3269 E Wth2:WeatherProvider: 	at java.lang.Integer.parseInt(Integer.java:908)
07-29 21:24:22.075  5795  3269 E Wth2:WeatherProvider: 	at com.miui.weather2.providers.WeatherProvider.g(SourceFile:9)
07-29 21:24:22.075  5795  3269 E Wth2:WeatherProvider: 	at com.miui.weather2.providers.WeatherProvider.e(SourceFile:5)
07-29 21:24:22.075  5795  3269 E Wth2:WeatherProvider: 	at com.miui.weather2.providers.WeatherProvider.query(SourceFile:21)
07-29 21:24:22.075  5795  3269 E Wth2:WeatherProvider: 	at android.content.ContentProvider.query(ContentProvider.java:1633)
07-29 21:24:22.075  5795  3269 E Wth2:WeatherProvider: 	at android.content.ContentProvider.query(ContentProvider.java:1729)
07-29 21:24:22.075  5795  3269 E Wth2:WeatherProvider: 	at android.content.ContentProvider$Transport.query(ContentProvider.java:301)
07-29 21:24:22.075  5795  3269 E Wth2:WeatherProvider: 	at android.content.ContentProviderNative.onTransact(ContentProviderNative.java:110)
07-29 21:24:22.075  5795  3269 E Wth2:WeatherProvider: 	at android.os.Binder.execTransactInternal(Binder.java:1507)
07-29 21:24:22.075  5795  3269 E Wth2:WeatherProvider: 	at android.os.Binder.execTransact(Binder.java:1451)
07-29 21:24:22.077  5795 16832 I Wth2:WeatherProvider: getWeatherNetAndUpdateLocalV2 requestLocation
07-29 21:24:22.078  5795  3269 I Wth2:WeatherProvider: getWeatherNetAndUpdateLocalV1 requestLocation
07-29 21:24:22.081  5795  6309 I Wth2:WeatherProvider: requestLocation() request location : false
07-29 21:24:22.097  8974  4079 E PackageUtil: getPackageInfoAsUser failed com.sec.android.app.sbrowser , 999
07-29 21:24:22.139  1839  7244 E ANDR-PERF-LM: SAGT_ACTION: UpdateFPSData() 138: update /sys/kernel/sched_penalty/parameters/fps to 30, ret is 0
07-29 21:24:22.165 31200 31200 I cr_A11yState: Enabled accessibility services: [io.github.ylimit.droidbotapp/io.github.privacystreams.accessibility.PSAccessibilityService, null]
07-29 21:24:22.165 31200 31200 I cr_A11yState: Running accessibility services: [io.github.ylimit.droidbotapp/io.github.privacystreams.accessibility.PSAccessibilityService]
07-29 21:24:22.165 31200 31200 I cr_A11yState: Will check again after 2000 milliseconds.
07-29 21:24:22.185  1827  2108 I SDM     : DisplayBase::CommitThread: Received idle timeout, panel: cmd, timeout: 70000 us
07-29 21:24:22.256  2463  5177 I NetworkAccelerateSwitchService: EVENT_RSSI_POLL. mRssiPoll=true
07-29 21:24:22.257  2463  5177 I NetworkAccelerateSwitchService: getAverageWifiRssi:65
07-29 21:24:22.260  4497  5224 E Launcher.Transfer: transfer is closed
07-29 21:24:22.264  1827  2752 I vendor.qti.hardware.display.composer-service: Sensor: notify citsensorservice to trigger cwb, misForced = 1
07-29 21:24:22.264  3002  4297 I libsensor-parseRGB: request dump start for mRequestDisplayId 0
07-29 21:24:22.287  3002  3080 E libsensor-parseRGB: CWB NotifyCWBBufferDone  error 0
07-29 21:24:22.339  5795 16832 I Wth2:WeatherProvider: request net success , return raw table data
07-29 21:24:22.341  5795 16832 I Wth2:WeatherProvider: optimiseHourlyData sunrise : 18660000  sunset : 68760000
07-29 21:24:22.344  1827  2108 I SDM     : DisplayBase::CommitThread: Received idle timeout, panel: cmd, timeout: 70000 us
07-29 21:24:22.351  5795 16832 I Wth2:WeatherProvider: getFirstSelectedCity() ret count= 1
07-29 21:24:22.351  5795  7293 I Wth2:WeatherProvider: getFirstSelectedCity() ret count= 1
07-29 21:24:22.351  5795  7293 E Wth2:WeatherProvider: getFirstSelectedCity() error 
07-29 21:24:22.351  5795  7293 E Wth2:WeatherProvider: java.lang.NumberFormatException: For input string: "33.862_119.318"
07-29 21:24:22.351  5795  7293 E Wth2:WeatherProvider: 	at java.lang.Integer.parseInt(Integer.java:790)
07-29 21:24:22.351  5795  7293 E Wth2:WeatherProvider: 	at java.lang.Integer.parseInt(Integer.java:908)
07-29 21:24:22.351  5795  7293 E Wth2:WeatherProvider: 	at com.miui.weather2.providers.WeatherProvider.g(SourceFile:9)
07-29 21:24:22.351  5795  7293 E Wth2:WeatherProvider: 	at com.miui.weather2.providers.WeatherProvider.e(SourceFile:5)
07-29 21:24:22.351  5795  7293 E Wth2:WeatherProvider: 	at com.miui.weather2.providers.WeatherProvider.query(SourceFile:27)
07-29 21:24:22.351  5795  7293 E Wth2:WeatherProvider: 	at android.content.ContentProvider.query(ContentProvider.java:1633)
07-29 21:24:22.351  5795  7293 E Wth2:WeatherProvider: 	at android.content.ContentProvider.query(ContentProvider.java:1729)
07-29 21:24:22.351  5795  7293 E Wth2:WeatherProvider: 	at android.content.ContentProvider$Transport.query(ContentProvider.java:301)
07-29 21:24:22.351  5795  7293 E Wth2:WeatherProvider: 	at android.content.ContentProviderNative.onTransact(ContentProviderNative.java:110)
07-29 21:24:22.351  5795  7293 E Wth2:WeatherProvider: 	at android.os.Binder.execTransactInternal(Binder.java:1507)
07-29 21:24:22.351  5795  7293 E Wth2:WeatherProvider: 	at android.os.Binder.execTransact(Binder.java:1451)
07-29 21:24:22.351  5795 16832 E Wth2:WeatherProvider: getFirstSelectedCity() error 
07-29 21:24:22.351  5795 16832 E Wth2:WeatherProvider: java.lang.NumberFormatException: For input string: "33.862_119.318"
07-29 21:24:22.351  5795 16832 E Wth2:WeatherProvider: 	at java.lang.Integer.parseInt(Integer.java:790)
07-29 21:24:22.351  5795 16832 E Wth2:WeatherProvider: 	at java.lang.Integer.parseInt(Integer.java:908)
07-29 21:24:22.351  5795 16832 E Wth2:WeatherProvider: 	at com.miui.weather2.providers.WeatherProvider.g(SourceFile:9)
07-29 21:24:22.351  5795 16832 E Wth2:WeatherProvider: 	at com.miui.weather2.providers.WeatherProvider.I(SourceFile:5)
07-29 21:24:22.351  5795 16832 E Wth2:WeatherProvider: 	at com.miui.weather2.providers.WeatherProvider.H(Unknown Source:3)
07-29 21:24:22.351  5795 16832 E Wth2:WeatherProvider: 	at com.miui.weather2.providers.WeatherProvider.query(SourceFile:95)
07-29 21:24:22.351  5795 16832 E Wth2:WeatherProvider: 	at android.content.ContentProvider.query(ContentProvider.java:1633)
07-29 21:24:22.351  5795 16832 E Wth2:WeatherProvider: 	at android.content.ContentProvider.query(ContentProvider.java:1729)
07-29 21:24:22.351  5795 16832 E Wth2:WeatherProvider: 	at android.content.ContentProvider$Transport.query(ContentProvider.java:301)
07-29 21:24:22.351  5795 16832 E Wth2:WeatherProvider: 	at android.content.ContentProviderNative.onTransact(ContentProviderNative.java:110)
07-29 21:24:22.351  5795 16832 E Wth2:WeatherProvider: 	at android.os.Binder.execTransactInternal(Binder.java:1507)
07-29 21:24:22.351  5795 16832 E Wth2:WeatherProvider: 	at android.os.Binder.execTransact(Binder.java:1451)
07-29 21:24:22.356  5795  7293 I Wth2:WeatherProvider: getFirstSelectedCity() ret count= 1
07-29 21:24:22.356  5795  7293 E Wth2:WeatherProvider: getFirstSelectedCity() error 
07-29 21:24:22.356  5795  7293 E Wth2:WeatherProvider: java.lang.NumberFormatException: For input string: "33.862_119.318"
07-29 21:24:22.356  5795  7293 E Wth2:WeatherProvider: 	at java.lang.Integer.parseInt(Integer.java:790)
07-29 21:24:22.356  5795  7293 E Wth2:WeatherProvider: 	at java.lang.Integer.parseInt(Integer.java:908)
07-29 21:24:22.356  5795  7293 E Wth2:WeatherProvider: 	at com.miui.weather2.providers.WeatherProvider.g(SourceFile:9)
07-29 21:24:22.356  5795  7293 E Wth2:WeatherProvider: 	at com.miui.weather2.providers.WeatherProvider.I(SourceFile:5)
07-29 21:24:22.356  5795  7293 E Wth2:WeatherProvider: 	at com.miui.weather2.providers.WeatherProvider.e(SourceFile:36)
07-29 21:24:22.356  5795  7293 E Wth2:WeatherProvider: 	at com.miui.weather2.providers.WeatherProvider.query(SourceFile:27)
07-29 21:24:22.356  5795  7293 E Wth2:WeatherProvider: 	at android.content.ContentProvider.query(ContentProvider.java:1633)
07-29 21:24:22.356  5795  7293 E Wth2:WeatherProvider: 	at android.content.ContentProvider.query(ContentProvider.java:1729)
07-29 21:24:22.356  5795  7293 E Wth2:WeatherProvider: 	at android.content.ContentProvider$Transport.query(ContentProvider.java:301)
07-29 21:24:22.356  5795  7293 E Wth2:WeatherProvider: 	at android.content.ContentProviderNative.onTransact(ContentProviderNative.java:110)
07-29 21:24:22.356  5795  7293 E Wth2:WeatherProvider: 	at android.os.Binder.execTransactInternal(Binder.java:1507)
07-29 21:24:22.356  5795  7293 E Wth2:WeatherProvider: 	at android.os.Binder.execTransact(Binder.java:1451)
07-29 21:24:22.358  8607  8607 W PushService: [Tid:2] [XMPushService] onStart() with intent.Action = com.xiaomi.mipush.CLEAR_NOTIFICATION, chid = null, pkg = com.miui.weather2|com.miui.weather2
07-29 21:24:22.359  8607  9400 W PushService: [Tid:444] [Job] Handle intent action = com.xiaomi.mipush.CLEAR_NOTIFICATION
07-29 21:24:22.361  5795  5867 I Wth2:WeatherProvider: getFirstSelectedCity() ret count= 1
07-29 21:24:22.361  5795  5867 E Wth2:WeatherProvider: getFirstSelectedCity() error 
07-29 21:24:22.361  5795  5867 E Wth2:WeatherProvider: java.lang.NumberFormatException: For input string: "33.862_119.318"
07-29 21:24:22.361  5795  5867 E Wth2:WeatherProvider: 	at java.lang.Integer.parseInt(Integer.java:790)
07-29 21:24:22.361  5795  5867 E Wth2:WeatherProvider: 	at java.lang.Integer.parseInt(Integer.java:908)
07-29 21:24:22.361  5795  5867 E Wth2:WeatherProvider: 	at com.miui.weather2.providers.WeatherProvider.g(SourceFile:9)
07-29 21:24:22.361  5795  5867 E Wth2:WeatherProvider: 	at com.miui.weather2.providers.WeatherProvider.v(SourceFile:2)
07-29 21:24:22.361  5795  5867 E Wth2:WeatherProvider: 	at com.miui.weather2.providers.WeatherProvider.a(Unknown Source:0)
07-29 21:24:22.361  5795  5867 E Wth2:WeatherProvider: 	at c4.a.run(Unknown Source:10)
07-29 21:24:22.361  5795  5867 E Wth2:WeatherProvider: 	at java.util.concurrent.ThreadPoolExecutor.runWorker(ThreadPoolExecutor.java:1251)
07-29 21:24:22.361  5795  5867 E Wth2:WeatherProvider: 	at java.util.concurrent.ThreadPoolExecutor$Worker.run(ThreadPoolExecutor.java:668)
07-29 21:24:22.361  5795  5867 E Wth2:WeatherProvider: 	at java.lang.Thread.run(Thread.java:1012)
07-29 21:24:22.376  8607  8607 W PushService: [Tid:2] [XMPushService] onStart() with intent.Action = com.xiaomi.mipush.CLEAR_NOTIFICATION, chid = null, pkg = com.miui.weather2|com.miui.weather2
07-29 21:24:22.377  8607  9400 W PushService: [Tid:444] [Job] Handle intent action = com.xiaomi.mipush.CLEAR_NOTIFICATION
07-29 21:24:22.379  5795  5867 I Wth2:WeatherProvider: getFirstSelectedCity() ret count= 1
07-29 21:24:22.379  5795  5867 E Wth2:WeatherProvider: getFirstSelectedCity() error 
07-29 21:24:22.379  5795  5867 E Wth2:WeatherProvider: java.lang.NumberFormatException: For input string: "33.862_119.318"
07-29 21:24:22.379  5795  5867 E Wth2:WeatherProvider: 	at java.lang.Integer.parseInt(Integer.java:790)
07-29 21:24:22.379  5795  5867 E Wth2:WeatherProvider: 	at java.lang.Integer.parseInt(Integer.java:908)
07-29 21:24:22.379  5795  5867 E Wth2:WeatherProvider: 	at com.miui.weather2.providers.WeatherProvider.g(SourceFile:9)
07-29 21:24:22.379  5795  5867 E Wth2:WeatherProvider: 	at com.miui.weather2.providers.WeatherProvider.v(SourceFile:2)
07-29 21:24:22.379  5795  5867 E Wth2:WeatherProvider: 	at com.miui.weather2.providers.WeatherProvider.a(Unknown Source:0)
07-29 21:24:22.379  5795  5867 E Wth2:WeatherProvider: 	at c4.a.run(Unknown Source:10)
07-29 21:24:22.379  5795  5867 E Wth2:WeatherProvider: 	at java.util.concurrent.ThreadPoolExecutor.runWorker(ThreadPoolExecutor.java:1251)
07-29 21:24:22.379  5795  5867 E Wth2:WeatherProvider: 	at java.util.concurrent.ThreadPoolExecutor$Worker.run(ThreadPoolExecutor.java:668)
07-29 21:24:22.379  5795  5867 E Wth2:WeatherProvider: 	at java.lang.Thread.run(Thread.java:1012)
07-29 21:24:22.379  5795  3269 I Wth2:WeatherProvider: getFirstSelectedCity() ret count= 1
07-29 21:24:22.380  5795  3269 E Wth2:WeatherProvider: getFirstSelectedCity() error 
07-29 21:24:22.380  5795  3269 E Wth2:WeatherProvider: java.lang.NumberFormatException: For input string: "33.862_119.318"
07-29 21:24:22.380  5795  3269 E Wth2:WeatherProvider: 	at java.lang.Integer.parseInt(Integer.java:790)
07-29 21:24:22.380  5795  3269 E Wth2:WeatherProvider: 	at java.lang.Integer.parseInt(Integer.java:908)
07-29 21:24:22.380  5795  3269 E Wth2:WeatherProvider: 	at com.miui.weather2.providers.WeatherProvider.g(SourceFile:9)
07-29 21:24:22.380  5795  3269 E Wth2:WeatherProvider: 	at com.miui.weather2.providers.WeatherProvider.e(SourceFile:5)
07-29 21:24:22.380  5795  3269 E Wth2:WeatherProvider: 	at com.miui.weather2.providers.WeatherProvider.query(SourceFile:27)
07-29 21:24:22.380  5795  3269 E Wth2:WeatherProvider: 	at android.content.ContentProvider.query(ContentProvider.java:1633)
07-29 21:24:22.380  5795  3269 E Wth2:WeatherProvider: 	at android.content.ContentProvider.query(ContentProvider.java:1729)
07-29 21:24:22.380  5795  3269 E Wth2:WeatherProvider: 	at android.content.ContentProvider$Transport.query(ContentProvider.java:301)
07-29 21:24:22.380  5795  3269 E Wth2:WeatherProvider: 	at android.content.ContentProviderNative.onTransact(ContentProviderNative.java:110)
07-29 21:24:22.380  5795  3269 E Wth2:WeatherProvider: 	at android.os.Binder.execTransactInternal(Binder.java:1507)
07-29 21:24:22.380  5795  3269 E Wth2:WeatherProvider: 	at android.os.Binder.execTransact(Binder.java:1451)
07-29 21:24:22.380  5795  3269 I Wth2:WeatherProvider: getFirstSelectedCity() ret count= 1
07-29 21:24:22.380  5795  3269 E Wth2:WeatherProvider: getFirstSelectedCity() error 
07-29 21:24:22.380  5795  3269 E Wth2:WeatherProvider: java.lang.NumberFormatException: For input string: "33.862_119.318"
07-29 21:24:22.380  5795  3269 E Wth2:WeatherProvider: 	at java.lang.Integer.parseInt(Integer.java:790)
07-29 21:24:22.380  5795  3269 E Wth2:WeatherProvider: 	at java.lang.Integer.parseInt(Integer.java:908)
07-29 21:24:22.380  5795  3269 E Wth2:WeatherProvider: 	at com.miui.weather2.providers.WeatherProvider.g(SourceFile:9)
07-29 21:24:22.380  5795  3269 E Wth2:WeatherProvider: 	at com.miui.weather2.providers.WeatherProvider.I(SourceFile:5)
07-29 21:24:22.380  5795  3269 E Wth2:WeatherProvider: 	at com.miui.weather2.providers.WeatherProvider.e(SourceFile:36)
07-29 21:24:22.380  5795  3269 E Wth2:WeatherProvider: 	at com.miui.weather2.providers.WeatherProvider.query(SourceFile:27)
07-29 21:24:22.380  5795  3269 E Wth2:WeatherProvider: 	at android.content.ContentProvider.query(ContentProvider.java:1633)
07-29 21:24:22.380  5795  3269 E Wth2:WeatherProvider: 	at android.content.ContentProvider.query(ContentProvider.java:1729)
07-29 21:24:22.380  5795  3269 E Wth2:WeatherProvider: 	at android.content.ContentProvider$Transport.query(ContentProvider.java:301)
07-29 21:24:22.380  5795  3269 E Wth2:WeatherProvider: 	at android.content.ContentProviderNative.onTransact(ContentProviderNative.java:110)
07-29 21:24:22.380  5795  3269 E Wth2:WeatherProvider: 	at android.os.Binder.execTransactInternal(Binder.java:1507)
07-29 21:24:22.380  5795  3269 E Wth2:WeatherProvider: 	at android.os.Binder.execTransact(Binder.java:1451)
07-29 21:24:22.382  5795  7293 I Wth2:WeatherProvider: getFirstSelectedCity() ret count= 1
07-29 21:24:22.382  5795  7293 E Wth2:WeatherProvider: getFirstSelectedCity() error 
07-29 21:24:22.382  5795  7293 E Wth2:WeatherProvider: java.lang.NumberFormatException: For input string: "33.862_119.318"
07-29 21:24:22.382  5795  7293 E Wth2:WeatherProvider: 	at java.lang.Integer.parseInt(Integer.java:790)
