07-29 21:24:20.471  9339  9638 W WakelockManagerService: uid: 10333 is unblock state
07-29 21:24:20.471  9339  9638 W WakelockManagerService: uid: 10334 is unblock state
07-29 21:24:20.471  9339  9638 W WakelockManagerService: uid: 10335 is unblock state
07-29 21:24:20.471  9339  9638 W WakelockManagerService: uid: 10336 is unblock state
07-29 21:24:20.471  9339  9638 W WakelockManagerService: uid: 10337 is unblock state
07-29 21:24:20.471  9339  9638 W WakelockManagerService: uid: 10338 is unblock state
07-29 21:24:20.471  9339  9638 W WakelockManagerService: uid: 10339 is unblock state
07-29 21:24:20.471  9339  9638 W WakelockManagerService: uid: 10340 is unblock state
07-29 21:24:20.471  9339  9638 W WakelockManagerService: uid: 10341 is unblock state
07-29 21:24:20.471  9339  9638 W WakelockManagerService: uid: 10381 is unblock state
07-29 21:24:20.471  9339  9638 W WakelockManagerService: uid: 10382 is unblock state
07-29 21:24:20.471  2463  7160 E RoleControllerServiceImpl: Default/fallback role holder package doesn't qualify for the role, package: com.android.devicelockcontroller, role: android.app.role.SYSTEM_FINANCED_DEVICE_CONTROLLER
07-29 21:24:20.471  4505  5148 I htmlviewercloudcontrol: isStagingEnv:false param =  display_fps_group  uriMatch = 2, cluster: cn, version: 553104, traceId: aa4a7f1732c179f033e45bb6df6285c3, regId: +4z3RS85+e2U9l+sd6caQ/srGmJCsEbKpG1twyPn1K0CrNNyxYT/yAgGVxm5X+yC
07-29 21:24:20.473  2463  4441 E system_server: No package ID 7f found for resource ID 0x7f080253.
07-29 21:24:20.473  2463  4441 E system_server: No package ID 7f found for resource ID 0x7f1208eb.
07-29 21:24:20.473  2463  4441 E system_server: No package ID 7f found for resource ID 0x7f080254.
07-29 21:24:20.473  2463  4441 E system_server: No package ID 7f found for resource ID 0x7f1208ec.
07-29 21:24:20.474  4505  5148 I htmlviewercloudcontrol: isStagingEnv:false param =  fps_idle_config  uriMatch = 2, cluster: cn, version: 553104, traceId: aa4a7f1732c179f033e45bb6df6285c3, regId: +4z3RS85+e2U9l+sd6caQ/srGmJCsEbKpG1twyPn1K0CrNNyxYT/yAgGVxm5X+yC
07-29 21:24:20.476  2463  5528 W ParceledListSlice: Element #362 is 25976 bytes.
07-29 21:24:20.477  8013  8013 I TrafficManageService: mina mPackageReceiver 0
07-29 21:24:20.477  8013  9631 I FireWallService: mina mPackageReceiver onReceive
07-29 21:24:20.478  8013  9631 W FireWallService: is Pre-installed application
07-29 21:24:20.479  8013  8013 I InstalledAppMonitor: com.sec.android.app.sbrowseronReceive add pkg=com.sec.android.app.sbrowser
07-29 21:24:20.479  1827  2752 I vendor.qti.hardware.display.composer-service: Sensor: notify citsensorservice to trigger cwb, misForced = 0
07-29 21:24:20.479  4497  5298 W PreviewDisappear: getIconDrawable src: null
07-29 21:24:20.479  4497  5298 W PreviewDisappear: getIconDrawable app drawable: null
07-29 21:24:20.479  4497  5298 W PreviewDisappear: getIcon info target: ComponentInfo{com.sec.android.app.sbrowser/com.sec.android.app.sbrowser.SBrowserMainActivity}
07-29 21:24:20.479  4497  5298 W PreviewDisappear: getIcon info user: UserHandle{0}
07-29 21:24:20.479  4497  5298 W PreviewDisappear: getIcon info intent: Intent { act=android.intent.action.MAIN cat=[android.intent.category.LAUNCHER] flg=0x10200000 cmp=com.sec.android.app.sbrowser/.SBrowserMainActivity (has extras) }
07-29 21:24:20.479  4497  5298 W PreviewDisappear: 1 getIcon entry: null
07-29 21:24:20.479  8013  9102 W ContextImpl: Calling a method in the system process without a qualified user: android.app.ContextImpl.startService:1939 android.content.ContextWrapper.startService:843 c4.k.d:80 r2.j.w:116 r2.j.j:0 
07-29 21:24:20.480  8013  9653 I AppPredictManager: predict: recentApps size = 5
07-29 21:24:20.480  2463  2526 W EnhancedConfirmationService: The packageName should not be null.
07-29 21:24:20.480  3002  4297 I libsensor-parseRGB: request dump start for mRequestDisplayId 0
07-29 21:24:20.482  2463  5535 I SmartPower: com.miui.cleanmaster/10266(21077): idle->background(7240ms) R(service create com.miui.cleanmaster/com.miui.optimizecenter.service.CleanMasterService) adj=0.
07-29 21:24:20.483  2463  2526 W MagnificationConnectionManager: requestConnection duplicated request: connect=false, mConnectionState=DISCONNECTED
07-29 21:24:20.484  2463  4205 I MiuiNetworkPolicy: updateUidState uid = 10266, uidState = 10
07-29 21:24:20.484 10733 10751 I ndroid.settings: This is non sticky GC, maxfree is 16777216 minfree is 8388608
07-29 21:24:20.484  8013  9102 I LocalNotificationMgr: pkg: com.sec.android.app.sbrowser mode:0
07-29 21:24:20.484  4497  5298 W PreviewDisappear: 2 getIcon entry: com.miui.home.launcher.graphics.DrawableInfo@9f344f4
07-29 21:24:20.484  4497  5298 W PreviewDisappear: applyCacheEntry entry: com.miui.home.launcher.graphics.drawable.LayerAdaptiveIconDrawable@44ee41d
07-29 21:24:20.484  4497  5298 W PreviewDisappear: getIconDrawable finally drawable: com.miui.home.launcher.graphics.drawable.LayerAdaptiveIconDrawable@44ee41d
07-29 21:24:20.484  8013  9102 I GpBinderManager: bindCount : 154
07-29 21:24:20.486  8013  9628 I GameBoosterNewApp: addAppToGameBox: isGameBoosterOpen=true
07-29 21:24:20.487  8013  9628 I GameBoosterNewApp: com.sec.android.app.sbrowser isGameFromJson false
07-29 21:24:20.488  8013  9628 I GameBoosterNewApp: com.sec.android.app.sbrowser isGameFromLocal false
07-29 21:24:20.488  7773  7773 E RegisteredServicesCache: Skipping application component ComponentInfo{com.UCMobile/com.alibaba.ariver.commonability.device.jsapi.nfc.service.TinyAppHostApduService}: it must request the permission android.permission.NFC
07-29 21:24:20.488  7773  7773 E RegisteredServicesCache: Skipping application component ComponentInfo{com.UCMobile/com.alipay.mobile.aompdevice.nfc.service.TinyAppHostApduService}: it must request the permission android.permission.NFC
07-29 21:24:20.489  7773  7773 E RegisteredServicesCache: Skipping application component ComponentInfo{com.autonavi.minimap/com.alibaba.ariver.commonability.device.jsapi.nfc.service.TinyAppHostApduService}: it must request the permission android.permission.NFC
07-29 21:24:20.489  7773  7773 E RegisteredServicesCache: Skipping application component ComponentInfo{com.autonavi.minimap/com.alipay.mobile.aompdevice.nfc.service.TinyAppHostApduService}: it must request the permission android.permission.NFC
07-29 21:24:20.490  4505  4524 I htmlviewercloudcontrol: isStagingEnv:false param =  fps_idle_config  uriMatch = 2, cluster: cn, version: 553104, traceId: aa4a7f1732c179f033e45bb6df6285c3, regId: +4z3RS85+e2U9l+sd6caQ/srGmJCsEbKpG1twyPn1K0CrNNyxYT/yAgGVxm5X+yC
07-29 21:24:20.491  7773  7773 I RegisteredServicesCache: current user: 0, is managed profile : false
07-29 21:24:20.493  7773  7773 I RegisteredAidCache: updateRoutingLocked(false): Enter
07-29 21:24:20.493  7773  7773 I AidRoutingManager: configureRouting(false): Enter
07-29 21:24:20.493  7773  7773 E AidRoutingManager: Size of routing table970
07-29 21:24:20.493  7773  7773 I RegisteredAidCache: updateRoutingLocked(false): exit
07-29 21:24:20.494  7958  7958 I UserConsentManager: onPermissionsChanged: 10382
07-29 21:24:20.494  7958  7958 I UserConsentManager: onPermissionsChanged: 10382
07-29 21:24:20.494  2463  5442 I ActivityManager: Background started FGS: Allowed [callingPackage: com.miui.securitycenter; callingUid: 1000; uidState: PER ; uidBFSL: [BFSL]; intent: Intent { act=com.miui.cleanmaster.GARBAGE_PKG_ADD pkg=com.miui.cleanmaster (has extras) }; code:PROC_STATE_PERSISTENT; tempAllowListReason:<null>; targetSdkVersion:34; callerTargetSdkVersion:34; startForegroundCount:0; bindFromPackage:null: isBindService:false]
07-29 21:24:20.495  2463  5442 W ForegroundServiceTypeLoggerModule: Foreground service start for UID: 10266 does not have any types
07-29 21:24:20.498  8013  8013 I AppPredictPrivacyLaunchManager: updateLauncherApps size: 75
07-29 21:24:20.499  4505  4524 I htmlviewercloudcontrol: isStagingEnv:false param =  fps_idle_config  uriMatch = 2, cluster: cn, version: 553104, traceId: aa4a7f1732c179f033e45bb6df6285c3, regId: +4z3RS85+e2U9l+sd6caQ/srGmJCsEbKpG1twyPn1K0CrNNyxYT/yAgGVxm5X+yC
07-29 21:24:20.499  2463  5535 W ParceledListSlice: Element #8 is 20788 bytes.
07-29 21:24:20.499  2463  5535 W ParceledListSlice: Element #9 is 20768 bytes.
07-29 21:24:20.501  4505  5148 I htmlviewercloudcontrol: isStagingEnv:false param =  fps_group_config  uriMatch = 2, cluster: cn, version: 553104, traceId: aa4a7f1732c179f033e45bb6df6285c3, regId: +4z3RS85+e2U9l+sd6caQ/srGmJCsEbKpG1twyPn1K0CrNNyxYT/yAgGVxm5X+yC
07-29 21:24:20.501  3002  3081 E libsensor-parseRGB: CWB NotifyCWBBufferDone  error 0
07-29 21:24:20.504  7958  7958 I UserConsentManager: onPermissionsChanged: 10382
07-29 21:24:20.504  7958  7958 I UserConsentManager: onPermissionsChanged: 10382
07-29 21:24:20.504  2463  4205 I MiuiNetworkPolicy: updateUidState uid = 10266, uidState = 4
07-29 21:24:20.506  2463  4435 I ActivityManager: Cancel FGS notification userId: 0 definingUid: 10266 packageName: com.miui.cleanmaster processName:com.miui.cleanmaster ChannelId:com.miui.cleanmaster foregroundNotiWhen:1753795460493 Notiflags:64
07-29 21:24:20.506  1844  1844 I vendor.qti.hardware.servicetrackeraidl-service: destroyService is called for service : com.miui.cleanmaster/com.miui.optimizecenter.service.CleanMasterService
07-29 21:24:20.506  2463  4435 W ForegroundServiceTypeLoggerModule: FGS stop call for: 10266 has no types!
07-29 21:24:20.507  2463  4205 I MiuiNetworkPolicyTrafficLimit: updateWhiteListUidForMobileTraffic uid=10266,add=true
07-29 21:24:20.509  7958  7958 I UserConsentManager: onPermissionsChanged: 10382
07-29 21:24:20.509  7958  7958 I UserConsentManager: onPermissionsChanged: 10382
07-29 21:24:20.509  7958  7958 I UserConsentManager: onPermissionsChanged: 10382
07-29 21:24:20.509  7958  7958 I UserConsentManager: onPermissionsChanged: 10382
07-29 21:24:20.509  7958  7958 I UserConsentManager: onPermissionsChanged: 10382
07-29 21:24:20.510  7958  7958 I UserConsentManager: onPermissionsChanged: 10382
07-29 21:24:20.513  2463  5531 E AppOps  : Bad call made by uid 1001. Package "com.android.phone" does not belong to uid 1000.
07-29 21:24:20.513  2463  4205 I MiuiNetworkPolicy: updateUidState uid = 10266, uidState = 19
07-29 21:24:20.513  2463  5531 E AppOps  : Cannot noteOperation: non-application UID 1000
07-29 21:24:20.517  4505  5148 I htmlviewercloudcontrol: isStagingEnv:false param =  fps_group_config  uriMatch = 2, cluster: cn, version: 553104, traceId: aa4a7f1732c179f033e45bb6df6285c3, regId: +4z3RS85+e2U9l+sd6caQ/srGmJCsEbKpG1twyPn1K0CrNNyxYT/yAgGVxm5X+yC
07-29 21:24:20.518  9339 10199 I DisplayFrameSetting: register
07-29 21:24:20.518  2463  3740 I whetstone.activity: noteVideoFps registVideoFpsCallBack, count is 1
07-29 21:24:20.518  8013  9511 I ThumbnailBlurUtils: getAllLauncherAppList time: 33
07-29 21:24:20.520  2463  4205 I MiuiNetworkPolicyTrafficLimit: updateWhiteListUidForMobileTraffic uid=10266,add=false
07-29 21:24:20.521  7773  7773 E RegisteredServicesCache: Skipping application component ComponentInfo{com.UCMobile/com.alibaba.ariver.commonability.device.jsapi.nfc.service.TinyAppHostApduService}: it must request the permission android.permission.NFC
07-29 21:24:20.521  7773  7773 E RegisteredServicesCache: Skipping application component ComponentInfo{com.UCMobile/com.alipay.mobile.aompdevice.nfc.service.TinyAppHostApduService}: it must request the permission android.permission.NFC
07-29 21:24:20.521  7773  7773 E RegisteredServicesCache: Skipping application component ComponentInfo{com.autonavi.minimap/com.alibaba.ariver.commonability.device.jsapi.nfc.service.TinyAppHostApduService}: it must request the permission android.permission.NFC
07-29 21:24:20.521  7773  7773 E RegisteredServicesCache: Skipping application component ComponentInfo{com.autonavi.minimap/com.alipay.mobile.aompdevice.nfc.service.TinyAppHostApduService}: it must request the permission android.permission.NFC
07-29 21:24:20.521  7958  7958 I UserConsentManager: onPermissionsChanged: 10382
07-29 21:24:20.521  7958  7958 I UserConsentManager: onPermissionsChanged: 10382
07-29 21:24:20.521  7958  7958 I UserConsentManager: onPermissionsChanged: 10382
07-29 21:24:20.521  7958  7958 I UserConsentManager: onPermissionsChanged: 10382
07-29 21:24:20.523  7773  7773 I RegisteredServicesCache: current user: 0, is managed profile : false
07-29 21:24:20.525  7773  7773 I RegisteredAidCache: updateRoutingLocked(false): Enter
07-29 21:24:20.525  7773  7773 I AidRoutingManager: configureRouting(false): Enter
07-29 21:24:20.525  7773  7773 E AidRoutingManager: Size of routing table970
07-29 21:24:20.525  7773  7773 I RegisteredAidCache: updateRoutingLocked(false): exit
07-29 21:24:20.525  4505  5148 I htmlviewercloudcontrol: isStagingEnv:false param =  fps_idle_config  uriMatch = 2, cluster: cn, version: 553104, traceId: aa4a7f1732c179f033e45bb6df6285c3, regId: +4z3RS85+e2U9l+sd6caQ/srGmJCsEbKpG1twyPn1K0CrNNyxYT/yAgGVxm5X+yC
07-29 21:24:20.526  7773  7773 I libnfc_nci: [INFO:NativeT4tNfcee.cpp(870)] nfcManager_isFwSupportNonStdT4TAid Enter isFwSupport = 1
07-29 21:24:20.526  7773  7773 I libnfc_nci: [INFO:SecureElement.cpp(1487)] SecureElement::getEseHandleFromGenericId: enter; ESE-ID = 0x7F
07-29 21:24:20.526  7773  7773 I libnfc_nci: [INFO:SecureElement.cpp(1528)] SecureElement::getEseHandleFromGenericId: enter; ESE-Handle = 0x410
07-29 21:24:20.527  4505  5148 I htmlviewercloudcontrol: isStagingEnv:false param =  fps_group_config  uriMatch = 2, cluster: cn, version: 553104, traceId: aa4a7f1732c179f033e45bb6df6285c3, regId: +4z3RS85+e2U9l+sd6caQ/srGmJCsEbKpG1twyPn1K0CrNNyxYT/yAgGVxm5X+yC
07-29 21:24:20.535  7773  7773 I libnfc_nci: [INFO:SecureElement.cpp(1487)] SecureElement::getEseHandleFromGenericId: enter; ESE-ID = 0x00
07-29 21:24:20.535  7773  7773 I libnfc_nci: [INFO:SecureElement.cpp(1528)] SecureElement::getEseHandleFromGenericId: enter; ESE-Handle = 0x400
07-29 21:24:20.536  8013  8874 I AppPredictPrivacyLaunchManager: getLauncherHomeAppList size: 75
07-29 21:24:20.536  8013  8874 I AppPredictResultHelper: updatePreferenceStore: size = 9
07-29 21:24:20.541  4897  5133 I SecureElement-Terminal-eSE1: isSecureElementPresent()
07-29 21:24:20.542  2463 15424 W ActivityManagerServiceImpl: Sending non-protected broadcast com.miui.action.UPDATE_PREDICT_LIST from system 8013:com.miui.securitycenter.remote/1000 pkg com.miui.securitycenter. Callers=
07-29 21:24:20.542  1746  1746 I android.hardware.secure_element-service.qti: isCardPresent
07-29 21:24:20.542  1746  1746 I android.hardware.secure_element-service.qti: isCardPresent exit, cardPresent: 1
07-29 21:24:20.544  4897  5133 I SecureElement-Terminal-SIM1: isSecureElementPresent()
07-29 21:24:20.545  4897  5133 I SecureElement-Terminal-SIM1: isNfcEventAllowed: No access rules for checking.
07-29 21:24:20.546  4897  5133 I SecureElement-Terminal-SIM2: isSecureElementPresent()
07-29 21:24:20.547  2463  3740 W ActivityManagerServiceImpl: Sending non-protected broadcast com.miui.action.UPDATE_PREDICT_LIST_EXTERNAL from system 8013:com.miui.securitycenter.remote/1000 pkg com.miui.securitycenter. Callers=
07-29 21:24:20.548  7773  7773 I libnfc_nci: [INFO:NativeT4tNfcee.cpp(870)] nfcManager_isFwSupportNonStdT4TAid Enter isFwSupport = 1
07-29 21:24:20.548  7773  7773 I libnfc_nci: [INFO:SecureElement.cpp(1487)] SecureElement::getEseHandleFromGenericId: enter; ESE-ID = 0x7F
07-29 21:24:20.548  7773  7773 I libnfc_nci: [INFO:SecureElement.cpp(1528)] SecureElement::getEseHandleFromGenericId: enter; ESE-Handle = 0x410
07-29 21:24:20.548  7773  7773 I libnfc_nci: [INFO:SecureElement.cpp(1487)] SecureElement::getEseHandleFromGenericId: enter; ESE-ID = 0x00
07-29 21:24:20.548  7773  7773 I libnfc_nci: [INFO:SecureElement.cpp(1528)] SecureElement::getEseHandleFromGenericId: enter; ESE-Handle = 0x400
07-29 21:24:20.549  4897  5133 I SecureElement-Terminal-eSE1: isSecureElementPresent()
07-29 21:24:20.549  1746  1746 I android.hardware.secure_element-service.qti: isCardPresent
07-29 21:24:20.549  1746  1746 I android.hardware.secure_element-service.qti: isCardPresent exit, cardPresent: 1
07-29 21:24:20.550  4897  5133 I SecureElement-Terminal-SIM1: isSecureElementPresent()
07-29 21:24:20.551  4897  5133 I SecureElement-Terminal-SIM1: isNfcEventAllowed: No access rules for checking.
07-29 21:24:20.551  4897  5133 I SecureElement-Terminal-SIM2: isSecureElementPresent()
07-29 21:24:20.566  2463  5535 W ParceledListSlice: Element #10 is 26244 bytes.
07-29 21:24:20.572 10733 20123 E ndroid.settings: Invalid resource ID 0x00000000.
07-29 21:24:20.573 10733 20123 E ndroid.settings: Invalid resource ID 0x00000000.
07-29 21:24:20.575 10733 20123 E ndroid.settings: Invalid resource ID 0x00000000.
07-29 21:24:20.575  8013  9628 I VideoBoxUtils: isSupportVideoBox: true
07-29 21:24:20.576 10733 20123 E ndroid.settings: Invalid resource ID 0x00000000.
07-29 21:24:20.576  8013  9628 W ContextImpl: Calling a method in the system process without a qualified user: android.app.ContextImpl.sendBroadcast:1275 android.content.ContextWrapper.sendBroadcast:527 f7.e.f:24 f7.e.c:0 f7.e$c$a.run:18 
07-29 21:24:20.576  2463 10061 W ActivityManagerServiceImpl: Sending non-protected broadcast com.miui.gamebooster.UNINSTALLAPP from system 8013:com.miui.securitycenter.remote/1000 pkg com.miui.securitycenter. Callers=
07-29 21:24:20.578  8013  9511 I ThumbnailBlurUtils: loadPrivacyThumbnailBlurMonthly successd{"com.ss.android.ugc.aweme":27,"com.musicworx":-1,"com.baidu.BaiduMap":3,"com.google.android.apps.youtube.music":27,"com.google.android.apps.tasks":5,"com.jijia.jjweather":5,"com.netease.newsreader.activity":11,"com.instagram.android":5,"com.microsoft.emmx":5,"com.baidu.searchbox.lite":5,"com.getsurfboard":-1,"com.android.fileexplorer":5,"com.miui.compass":5,"com.microsoft.office.outlook":10,"com.jijia.bqwnl":5,"com.autonavi.minimap":3,"com.miui.calculator":5,"org.secuso.privacyfriendlytodolist":-1,"com.android.contacts":5,"com.xiaomi.scanner":5,"com.miui.securitycenter":5,"com.android.vending":5,"com.yahoo.mobile.client.android.mail":5,"com.einnovation.temu":-1,"com.baidu.searchbox":5,"com.duokan.reader":7,"com.wuba.zhuanzhuan":9,"io.appium.settings":-1,"com.android.chrome":5,"com.xingin.xhs":5,"com.dragon.read":7,"tv.danmaku.bili":27,"com.ebay.mobile":5,"com.miui.gallery":6,"com.UCMobile":5,"todolist.scheduleplanner.dailyplanner.todo.reminders":5,"com.alibaba.aliexpresshd":9,"com.android.email":10,"com.todoist":5,"com.spotify.music":5,"com.xiaomi.market":5,"com.microsoft.todos":10,"com.skysoft.kkbox.android":27,"com.miui.notes":5,"com.smile.gifmaker":27,"com.xiaomi.gamecenter":5,"com.sec.android.app.sbrowser":5,"com.android.browser":5,"com.anydo":5,"de.baumann.browser":-1,"com.suxing.sustream":-1,"com.miui.virtualsim":5,"com.sina.news":11,"com.miui.weather2":5,"com.miui.video":27,"douzifly.list":-1,"com.google.android.documentsui":-1,"com.ss.android.article.news":11,"com.quark.browser":5,"com.android.mms":5,"cn.ninegame.gamemanager":5,"com.kuaishou.nebula":27,"com.android.providers.downloads.ui":5,"com.tencent.android.qqdownloader":5,"com.android.camera":6,"com.google.android.gm":5,"cn.amazon.mShop.android":9,"com.google.android.apps.magazines":5,"com.android.calendar":10,"io.github.ylimit.droidbotapp":-1,"ru.mail.mailapp":5,"com.android.settings":-1,"com.zhuantech.sijiweather":-1,"com.cnn.mobile.android.phone":11,"com.android.soundrecorder":5}
07-29 21:24:20.580  2463 15424 W ParceledListSlice: Element #14 is 26548 bytes.
07-29 21:24:20.580 10733 20123 W AccessibilityDisableLis: get accessibility disable list too slow
07-29 21:24:20.581  2463  5540 I ClipboardServiceI: checkProviderWakePathForClipboard: primaryClip is null
07-29 21:24:20.583  4505  5148 I htmlviewercloudcontrol: isStagingEnv:false param =  accessibility_disable  uriMatch = 1, cluster: cn, version: 553104, traceId: aa4a7f1732c179f033e45bb6df6285c3, regId: +4z3RS85+e2U9l+sd6caQ/srGmJCsEbKpG1twyPn1K0CrNNyxYT/yAgGVxm5X+yC
07-29 21:24:20.586  2463  2526 W TextServicesManagerService: no available spell checker services found
07-29 21:24:20.596  2463  2526 W EnhancedConfirmationService: The packageName should not be null.
07-29 21:24:20.597  2463  2526 W MagnificationConnectionManager: requestConnection duplicated request: connect=false, mConnectionState=DISCONNECTED
07-29 21:24:20.611  2463  5528 W ParceledListSlice: Element #14 is 26548 bytes.
07-29 21:24:20.612 10733 20123 W AccessibilityDisableLis: get accessibility disable list too slow
07-29 21:24:20.613  4505  5148 I htmlviewercloudcontrol: isStagingEnv:false param =  accessibility_disable  uriMatch = 1, cluster: cn, version: 553104, traceId: aa4a7f1732c179f033e45bb6df6285c3, regId: +4z3RS85+e2U9l+sd6caQ/srGmJCsEbKpG1twyPn1K0CrNNyxYT/yAgGVxm5X+yC
07-29 21:24:20.621 10733 20123 E ndroid.settings: Invalid resource ID 0x00000000.
07-29 21:24:20.621 10733 20123 E ndroid.settings: Invalid resource ID 0x00000000.
07-29 21:24:20.622 10733 20123 E ndroid.settings: Invalid resource ID 0x00000000.
07-29 21:24:20.622 10733 20123 E ndroid.settings: Invalid resource ID 0x00000000.
07-29 21:24:20.623 10733 20123 E ndroid.settings: Invalid resource ID 0x00000000.
07-29 21:24:20.624 10733 20123 E ndroid.settings: Invalid resource ID 0x00000000.
07-29 21:24:20.627 10733 20123 E ndroid.settings: Invalid resource ID 0x00000000.
07-29 21:24:20.628 10733 20123 E ndroid.settings: Invalid resource ID 0x00000000.
07-29 21:24:20.628 10733 20123 E ndroid.settings: Invalid resource ID 0x00000000.
07-29 21:24:20.629 10733 20123 E ndroid.settings: Invalid resource ID 0x00000000.
07-29 21:24:20.629 10733 20123 E ndroid.settings: Invalid resource ID 0x00000000.
07-29 21:24:20.630 10733 20123 E ndroid.settings: Invalid resource ID 0x00000000.
07-29 21:24:20.659 31200 31200 I cr_A11yState: Enabled accessibility services: [io.github.ylimit.droidbotapp/io.github.privacystreams.accessibility.PSAccessibilityService, null]
07-29 21:24:20.660 31200 31200 I cr_A11yState: Running accessibility services: [io.github.ylimit.droidbotapp/io.github.privacystreams.accessibility.PSAccessibilityService]
07-29 21:24:20.660 31200 31200 I cr_A11yState: Will check again after 500 milliseconds.
07-29 21:24:20.660  9339  9368 I iui.powerkeeper: This is sticky GC, maxfree is 16777216 minfree is 8388608
07-29 21:24:20.677  1827  2752 I vendor.qti.hardware.display.composer-service: Sensor: notify citsensorservice to trigger cwb, misForced = 0
07-29 21:24:20.678  3002  4297 I libsensor-parseRGB: request dump start for mRequestDisplayId 0
07-29 21:24:20.683 10733 20123 E ndroid.settings: Invalid resource ID 0x00000000.
07-29 21:24:20.684 10733 20123 E ndroid.settings: Invalid resource ID 0x00000000.
07-29 21:24:20.686 10733 20123 E ndroid.settings: Invalid resource ID 0x00000000.
07-29 21:24:20.687 10733 20123 E ndroid.settings: Invalid resource ID 0x00000000.
07-29 21:24:20.689  2463 14501 W ParceledListSlice: Element #14 is 26548 bytes.
07-29 21:24:20.690 10733 20123 W AccessibilityDisableLis: get accessibility disable list too slow
07-29 21:24:20.690  4505 27208 I htmlviewercloudcontrol: isStagingEnv:false param =  accessibility_disable  uriMatch = 1, cluster: cn, version: 553104, traceId: aa4a7f1732c179f033e45bb6df6285c3, regId: +4z3RS85+e2U9l+sd6caQ/srGmJCsEbKpG1twyPn1K0CrNNyxYT/yAgGVxm5X+yC
07-29 21:24:20.695  2463  5534 W ParceledListSlice: Element #14 is 26548 bytes.
07-29 21:24:20.695 10733 20123 W AccessibilityDisableLis: get accessibility disable list too slow
07-29 21:24:20.696  4505 27208 I htmlviewercloudcontrol: isStagingEnv:false param =  accessibility_disable  uriMatch = 1, cluster: cn, version: 553104, traceId: aa4a7f1732c179f033e45bb6df6285c3, regId: +4z3RS85+e2U9l+sd6caQ/srGmJCsEbKpG1twyPn1K0CrNNyxYT/yAgGVxm5X+yC
07-29 21:24:20.700  3002  6353 E libsensor-parseRGB: CWB NotifyCWBBufferDone  error 0
07-29 21:24:20.703 10733 20123 E ndroid.settings: Invalid resource ID 0x00000000.
07-29 21:24:20.703 10733 20123 E ndroid.settings: Invalid resource ID 0x00000000.
07-29 21:24:20.704 10733 20123 E ndroid.settings: Invalid resource ID 0x00000000.
07-29 21:24:20.705 10733 20123 E ndroid.settings: Invalid resource ID 0x00000000.
07-29 21:24:20.705 10733 20123 E ndroid.settings: Invalid resource ID 0x00000000.
07-29 21:24:20.706 10733 20123 E ndroid.settings: Invalid resource ID 0x00000000.
07-29 21:24:20.709 10733 20123 E ndroid.settings: Invalid resource ID 0x00000000.
07-29 21:24:20.710 10733 20123 E ndroid.settings: Invalid resource ID 0x00000000.
07-29 21:24:20.711 10733 20123 E ndroid.settings: Invalid resource ID 0x00000000.
07-29 21:24:20.711 10733 20123 E ndroid.settings: Invalid resource ID 0x00000000.
07-29 21:24:20.712 10733 20123 E ndroid.settings: Invalid resource ID 0x00000000.
07-29 21:24:20.713 10733 20123 E ndroid.settings: Invalid resource ID 0x00000000.
07-29 21:24:20.732 10733 10751 I ndroid.settings: This is sticky GC, maxfree is 16777216 minfree is 8388608
07-29 21:24:20.770  9339  9368 I iui.powerkeeper: This is non sticky GC, maxfree is 16777216 minfree is 8388608
07-29 21:24:20.775  2463  2498 I system_server: This is non sticky GC, maxfree is 16777216 minfree is 8388608
07-29 21:24:20.775  2463  2498 I system_server: Background concurrent copying GC freed 57MB AllocSpace bytes, 154(3912KB) LOS objects, 33% free, 96MB/144MB, paused 83us,133us total 367.660ms
07-29 21:24:20.787  2463  2500 W System  : A resource failed to call close. 
07-29 21:24:20.825  4916  5928 E PhoneAdapter: get ntnphones failed, exception: java.lang.IllegalStateException: Default phones haven't been made yet!
07-29 21:24:20.827  2463  5109 I NetworkBoostStatusManager: handle: 102
07-29 21:24:20.828  2463  5109 I NetworkBoostStatusManager: interfaceOnCapabilitiesChanged interface name:wlan0
07-29 21:24:20.837  8724  8724 I NetBusNetworkMonitor: onCapabilitiesChanged isPrimary = true
07-29 21:24:20.839  8724  8724 I NetBusNetworkMonitor: gateway=192.*.*.1
07-29 21:24:20.842  8724  8724 I NetBusNetworkMonitor: addConnectNetworkInterface mediumType:256, detail:NetworkDetailInfo{mIsConnected=false, mIsSupportTdls=true, mNetworkType=0, mIpAddress=192.*.*.11, mIfName=wlan0, mGateway=192.*.*.1, mNetmask=255.*.*.0, mSsid=C**01}
07-29 21:24:20.843  8724  8724 I NetBusNetworkMonitor: onCapabilitiesChanged handle=441492361229, mediumType=256, ifName=wlan0
07-29 21:24:20.848  1827  2108 I SDM     : DisplayBase::CommitThread: Received idle timeout, panel: cmd, timeout: 70000 us
07-29 21:24:20.884  1827  2399 I SDM     : HWCDisplay::SetActiveConfigWithConstraints: display:66-0, config: 1, WxH 1200x2670, fps 120
07-29 21:24:20.884  1827  2399 W SDM     : HWDeviceDRM::GetSupportedBitClkRate: Requested rate not supported: 1150000000
07-29 21:24:20.884  1827  2399 I SDM     : HWDeviceDRM::UpdateMixerAttributes: Mixer WxH 1200x2670-1 for Peripheral
07-29 21:24:20.885  1827  2399 I SDM     : HWCDisplay::SubmitDisplayConfig: Active configuration changed from config 3 to 1
07-29 21:24:20.885  1827  2399 I SDM     : HWCDisplay::SubmitDisplayConfig: Active WxH 1200x2670 ,ddic_mode:idle, timing_fps: 120, sf_fps: 120
07-29 21:24:20.885  1827  2752 I vendor.qti.hardware.display.composer-service: Sensor: notify citsensorservice to trigger cwb, misForced = 0
07-29 21:24:20.886  3002  4297 I libsensor-parseRGB: request dump start for mRequestDisplayId 0
07-29 21:24:20.908  3002  3081 E libsensor-parseRGB: CWB NotifyCWBBufferDone  error 0
07-29 21:24:20.917  2463  2530 I SmartPower: com.android.vending/10124(22572): idle->background(7182ms) R(broadcast start Intent { act=android.intent.action.PACKAGE_ADDED dat=package: flg=0x4000010 (has extras) }) adj=915.
07-29 21:24:20.918  2463  2530 I SmartPower: com.android.vending:background/10124(22687): idle->background(7183ms) R(broadcast start Intent { act=android.intent.action.PACKAGE_ADDED dat=package: flg=0x4000010 (has extras) }) adj=915.
07-29 21:24:20.922 22572 22572 I Finsky  : [2] yag.g(1): yag - Received: android.intent.action.PACKAGE_ADDED, [C9kaOyqPqhusqu9elj2wo72UZubCjWc1_ZmdjPayKt8]
07-29 21:24:20.922  2463  4205 I MiuiNetworkPolicy: updateUidState uid = 10124, uidState = 11
07-29 21:24:20.927  2463  5534 W ParceledListSlice: Element #20 is 29016 bytes.
07-29 21:24:20.929  2463  2530 I SmartPower: android.process.acore/10083(6721): idle->background(7160ms) R(broadcast start Intent { act=android.intent.action.PACKAGE_ADDED dat=package: flg=0x4000010 (has extras) }) adj=905.
07-29 21:24:20.930 12230 12348 I Ad      : isPersonalizedAdEnabled getAdSettings: 1
07-29 21:24:20.930  2463  2530 I SmartPower: com.mfashiongallery.emag/10262(8261): idle->background(7159ms) R(broadcast start Intent { act=android.intent.action.PACKAGE_ADDED dat=package: flg=0x4000010 (has extras) }) adj=905.
07-29 21:24:20.931  2463  2530 I SmartPower: com.miui.voiceassist:core/10193(7664): idle->background(7161ms) R(broadcast start Intent { act=android.intent.action.PACKAGE_ADDED dat=package: flg=0x4000010 (has extras) }) adj=100.
07-29 21:24:20.931  7989  7989 I PackageInstallReceiver: action = android.intent.action.PACKAGE_ADDED packageName = com.sec.android.app.sbrowser
07-29 21:24:20.931  7989  7989 I PackageInstallReceiver: action = android.intent.action.PACKAGE_CHANGED packageName = com.sec.android.app.sbrowser
07-29 21:24:20.931  7989  7989 I ServiceDeliveryCapability: onAppChanged:com.sec.android.app.sbrowser action:android.intent.action.PACKAGE_ADDED
07-29 21:24:20.932  7989  7989 W InstalledPackagesMemoryCache: Unknown action: android.intent.action.PACKAGE_CHANGED
07-29 21:24:20.932  7989  7989 I ServiceDeliveryCapability: onAppChanged:com.sec.android.app.sbrowser action:android.intent.action.PACKAGE_CHANGED
07-29 21:24:20.932  7989  7989 I AppWidgetDelegate: updateAppWidgets for com.sec.android.app.sbrowser
07-29 21:24:20.932  7989  7989 I WidgetController: WidgetController.updateOrRemoveStackWhenPackageChanged: packageName com.sec.android.app.sbrowser
07-29 21:24:20.932  7989  7989 I WidgetBackgroundBlurManager: onAppChanged appPackageName : com.sec.android.app.sbrowser
07-29 21:24:20.935  2463  4596 W ParceledListSlice: Element #232 is 19012 bytes.
07-29 21:24:20.936 22572  2488 I Finsky  : [2365] pcp.accept(129): Wrote row to frosting DB: 1489
07-29 21:24:20.937  2463  2530 I SmartPower: com.xiaomi.aicr:actionprovider/10127(12677): idle->background(7166ms) R(broadcast start Intent { act=android.intent.action.PACKAGE_ADDED dat=package: flg=0x4000010 (has extras) }) adj=915.
07-29 21:24:20.937  2463  2530 I SmartPower: android.process.mediaUI/10261(13434): idle->background(7167ms) R(broadcast start Intent { act=android.intent.action.PACKAGE_ADDED dat=package: flg=0x4000010 (has extras) }) adj=905.
07-29 21:24:20.938  2463  2530 I SmartPower: com.miui.gallery/10271(13242): idle->background(7167ms) R(broadcast start Intent { act=android.intent.action.PACKAGE_ADDED dat=package: flg=0x4000010 (has extras) }) adj=915.
07-29 21:24:20.938  7989  8582 I AppWidgetDelegate: removeAllWidgets com.xiaomi.misettings.usagestats.widget.desktop.widget.SimpleUsageStatsWidget
07-29 21:24:20.938  7989  8582 I AppWidgetDelegate: removeAllWidgets com.android.calendar.widget.NearEventAppWidget
07-29 21:24:20.939  2463  2530 I SmartPower: com.google.android.documentsui/10100(21132): idle->background(7165ms) R(broadcast start Intent { act=android.intent.action.PACKAGE_ADDED dat=package: flg=0x4000010 (has extras) }) adj=905.
07-29 21:24:20.939  2463  2530 I SmartPower: com.milink.crossdeviceservice/10178(27042): idle->background(7166ms) R(broadcast start Intent { act=android.intent.action.PACKAGE_ADDED dat=package: flg=0x4000010 (has extras) }) adj=915.
07-29 21:24:20.940  2463  2530 I SmartPower: com.milink.service:audio/10178(19382): idle->background(7166ms) R(broadcast start Intent { act=android.intent.action.PACKAGE_ADDED dat=package: flg=0x4000010 (has extras) }) adj=200.
07-29 21:24:20.940  2463  2530 W BroadcastQueue: Greezer Denial: sending Intent { act=android.intent.action.PACKAGE_ADDED dat=package: flg=0x4000010 (has extras) }, action: android.intent.action.PACKAGE_ADDED from null (uid=1000) due to receiver ProcessRecord{f2b2383 7919:com.instagram.android/u0a289} (uid 10289) need cached broadcast
07-29 21:24:20.940  2463  2530 W BroadcastQueue: Greezer Denial: sending Intent { act=android.intent.action.PACKAGE_ADDED dat=package: flg=0x4000010 (has extras) }, action: android.intent.action.PACKAGE_ADDED from null (uid=1000) due to receiver ProcessRecord{ad6adc5 10522:com.skysoft.kkbox.android/u0a285} (uid 10285) need cached broadcast
07-29 21:24:20.940  2463  2530 W BroadcastQueue: Greezer Denial: sending Intent { act=android.intent.action.PACKAGE_CHANGED dat=package: flg=0x5000010 (has extras) }, action: android.intent.action.PACKAGE_CHANGED from null (uid=1000) due to receiver ProcessRecord{ad6adc5 10522:com.skysoft.kkbox.android/u0a285} (uid 10285) need cached broadcast
07-29 21:24:20.941  2463  2530 W BroadcastQueue: Greezer Denial: sending Intent { act=android.intent.action.PACKAGE_ADDED dat=package: flg=0x4000010 (has extras) }, action: android.intent.action.PACKAGE_ADDED from null (uid=1000) due to receiver ProcessRecord{34cbe8f 25865:com.microsoft.emmx/u0a311} (uid 10311) need cached broadcast
07-29 21:24:20.941  2463  2530 I SmartPower: com.miui.newhome/10296(11730): idle->background(7161ms) R(broadcast start Intent { act=android.intent.action.PACKAGE_ADDED dat=package: flg=0x4000010 (has extras) }) adj=905.
07-29 21:24:20.941  9900 10025 I com.xiaomi.market:new_milink:SafeBroadcastReceiver: a perform cost 0
07-29 21:24:20.941  2463  2530 W BroadcastQueue: Greezer Denial: sending Intent { act=android.intent.action.PACKAGE_ADDED dat=package: flg=0x4000010 (has extras) }, action: android.intent.action.PACKAGE_ADDED from null (uid=1000) due to receiver ProcessRecord{f883931 23939:com.microsoft.todos/u0a293} (uid 10293) need cached broadcast
07-29 21:24:20.941  9900 10064 I com.xiaomi.market:new_milink:SafeBroadcastReceiver: a perform cost 0
07-29 21:24:20.942  2463  5541 W ParceledListSlice: Element #362 is 25752 bytes.
07-29 21:24:20.942  2463  2530 W BroadcastQueue: Greezer Denial: sending Intent { act=android.intent.action.PACKAGE_ADDED dat=package: flg=0x4000010 (has extras) }, action: android.intent.action.PACKAGE_ADDED from null (uid=1000) due to receiver ProcessRecord{3cc6689 23903:com.microsoft.office.outlook/u0a323} (uid 10323) need cached broadcast
07-29 21:24:20.943  7664  7664 I VA_AiConn:ApkConstants: isPhoneCarLinkApp packageName=com.sec.android.app.sbrowser
07-29 21:24:20.944  7664  8670 I VA_AliveCore:AbsCoreManager: msg.what = 1003
07-29 21:24:20.944  7664  8670 E VA_AliveCore:CoreManager: bind thread:id=281;name=CoreAssistInteraction
07-29 21:24:20.944  7664  8670 E VA_AliveCore:CoreManager: not target app
07-29 21:24:20.944  7664  8670 E VA_AliveCore:CoreManager: not target app
07-29 21:24:20.944  7664  8670 I VA_AliveCore:CoreManager: bindAliveServiceApps:com.miui.voicetrigger
07-29 21:24:20.945 18384 20861 I auth    : [XMS][Auth] updatePackageInfos in db cnt: 1
07-29 21:24:20.946  9900  2877 I Market-PackageMonitor: [Download/Install] onReceive: android.intent.action.PACKAGE_ADDED, pkg: com.sec.android.app.sbrowser
07-29 21:24:20.950  9900  2877 I Market-LocalAppManager: add package to list: com.sec.android.app.sbrowser
07-29 21:24:20.954  9900 14327 I Market-LocalAppManager: checkUpdateFromServer : start
07-29 21:24:20.954  9900 14327 I Market-LocalAppManager: getUpdateInfoFromServer : start,isBackground=true
07-29 21:24:20.955  7664  8670 I VA_AliveCore:CoreManager: bindAliveServiceApps: services:[ResolveInfo{24e2e78 com.miui.voicetrigger/.VoiceTriggerService m=0x108000 userHandle=null}]
07-29 21:24:20.955  7664  8670 W VA_AliveConnection: startBind
07-29 21:24:20.955  7664  8670 I VA_AliveConnection: begin unregister
07-29 21:24:20.955  7664  8670 I VA_AliveConnection: begin register
07-29 21:24:20.956  7664  8670 I VA_AliveConnection: begin unregister
07-29 21:24:20.956  7664  8670 I VA_AliveConnection: begin register
07-29 21:24:20.957  7664  8670 W VA_AliveConnection: voicetrigger process isn't running
07-29 21:24:20.963  7664  8670 I VA_AliveCore:AliveReport: saveStatusTimeToReportDB serviceName: com.miui.voicetrigger Time: 1753795460957 BootOn: true settingOn: false appOn: false
07-29 21:24:20.964  3118  3260 I VA_AliveCore:ContentObserver: onChange uri = [content://com.xiaomi.assist.report/aliveStatus]
07-29 21:24:20.964  9900 14327 I Market-LocalAppManager: getUpdateInfoFromServer : middle
07-29 21:24:20.965  9900 14327 E Market-Client: isSupportChildMode, error: java.lang.NumberFormatException: For input string: ""
07-29 21:24:20.965  1827  2108 I SDM     : DisplayBase::CommitThread: Received idle timeout, panel: cmd, timeout: 69999 us
07-29 21:24:20.965  3118  2832 I VA_AliveCore:AliveStatusUploader: queryAliveItem start ,debug false
07-29 21:24:20.965  3118  2832 I VA_AliveCore:AliveStatusUploader: queryAliveItem end ,too often 
07-29 21:24:20.966 22572 22572 I Finsky  : [2] akwu.c(44): Do not start WearSupportService due to Wear service optimization
07-29 21:24:20.966 22572 22572 I Finsky  : [2] adpc.f(9): Clearing split related stale data.
07-29 21:24:20.966 22572 22572 I Finsky  : [2] kuy.f(9): AIM: AppInfoCacheUpdater -> invalidating apps: [com.sec.android.app.sbrowser]
07-29 21:24:20.966 22572 22572 I Finsky  : [2] kvn.g(21): AIM: AppInfoManager-Perf > getApps > called for 1 apps
07-29 21:24:20.966 14346 14346 I Market-BaseWidgetProvider: BaseWidgetProvider action:com.xiaomi.market.APP_STATUS_CHANGED
07-29 21:24:20.967 22572 22572 I Finsky  : [2] srb.akj(13): DTU: Received onPackageAdded, replacing: false
07-29 21:24:20.967 14346 14346 I Market-newGameWidgetProvider: newGameWidgetProvider action: com.xiaomi.market.APP_STATUS_CHANGED
07-29 21:24:20.967 22572 22638 I Finsky  : [2221] kwt.a(55): AIM: AppInfoManager-Perf > OnDeviceAppInfo > cacheHitCount=0, cacheMissCount=1. Missed  in cache (limit 10) : [com.sec.android.app.sbrowser]
07-29 21:24:20.967 22572 22635 I Finsky  : [2217] kuq.apply(1378): AIM: Got app ownership map. App counts: . Unique apps: 0
07-29 21:24:20.968  7664  8670 W VA_AliveConnection: service don't need bind
07-29 21:24:20.968  7664  8670 W VA_AliveConnection: unLinkService:ComponentInfo{com.miui.voicetrigger/com.miui.voicetrigger.VoiceTriggerService}
07-29 21:24:20.968  7664  8670 W VA_AliveConnection: service does not bind now. ComponentInfo{com.miui.voicetrigger/com.miui.voicetrigger.VoiceTriggerService}
07-29 21:24:20.968  1844  1844 I vendor.qti.hardware.servicetrackeraidl-service: bindService is called for service : com.miui.cleanmaster/androidx.work.impl.background.systemjob.SystemJobService and for client system
07-29 21:24:20.968  1844  1844 I vendor.qti.hardware.servicetrackeraidl-service: total connections for service : com.miui.cleanmaster/androidx.work.impl.background.systemjob.SystemJobServiceare :1
07-29 21:24:20.968  1844  1844 I vendor.qti.hardware.servicetrackeraidl-service: total connections for client : systemare :32
07-29 21:24:20.969  2463  4205 I MiuiNetworkPolicy: updateUidState uid = 10266, uidState = 8
07-29 21:24:20.972 18794 18798 I artd    : Dex parent of /data/app/~~FbWe1SoW8X8N4bWCryLRsA==/com.sec.android.app.sbrowser-U_mgP-1Te5rRdq8gGVlZnw==/base.apk is not writable: Permission denied
07-29 21:24:20.972 18794 18798 I artd    : GetBestInfo checking odex in dalvik-cache (/data/dalvik-cache/arm64/data@app@~~FbWe1SoW8X8N4bWCryLRsA==@com.sec.android.app.sbrowser-U_mgP-1Te5rRdq8gGVlZnw==@base.apk@classes.dex)
07-29 21:24:20.972 18794 18798 I artd    : Loading /data/dalvik-cache/arm64/data@app@~~FbWe1SoW8X8N4bWCryLRsA==@com.sec.android.app.sbrowser-U_mgP-1Te5rRdq8gGVlZnw==@base.apk@classes.dex with executable: 0
07-29 21:24:20.972 18794 18798 I artd    : OatFileAssistant test for existing oat file /data/dalvik-cache/arm64/data@app@~~FbWe1SoW8X8N4bWCryLRsA==@com.sec.android.app.sbrowser-U_mgP-1Te5rRdq8gGVlZnw==@base.apk@classes.dex: File /data/dalvik-cache/arm64/data@app@~~FbWe1SoW8X8N4bWCryLRsA==@com.sec.android.app.sbrowser-U_mgP-1Te5rRdq8gGVlZnw==@base.apk@classes.vdex does not exist.
07-29 21:24:20.972 18794 18798 I artd    : GetBestInfo checking odex next to the dex file (/data/app/~~FbWe1SoW8X8N4bWCryLRsA==/com.sec.android.app.sbrowser-U_mgP-1Te5rRdq8gGVlZnw==/oat/arm64/base.odex)
07-29 21:24:20.972 18794 18798 I artd    : Loading /data/app/~~FbWe1SoW8X8N4bWCryLRsA==/com.sec.android.app.sbrowser-U_mgP-1Te5rRdq8gGVlZnw==/oat/arm64/base.odex with executable: 0
07-29 21:24:20.977 22572  2488 I Finsky  : [2365] pcp.accept(129): Wrote row to frosting DB: 1490
07-29 21:24:20.977  9900 14327 I Market-RetrofitRequest: callStart : https://updateinfo.market.xiaomi.com/apm/updateinfo/v2
07-29 21:24:20.978  9900 14327 I Market-RetrofitRequest: HeaderInterceptor : https://updateinfo.market.xiaomi.com/apm/updateinfo/v2
07-29 21:24:20.979 31076  3778 I Fitness : (REDACTED) OnPackageChangedOperation got intent: %s
07-29 21:24:20.979  9900 14327 E Market-Client: isSupportChildMode, error: java.lang.NumberFormatException: For input string: ""
07-29 21:24:20.980  9900 14327 E Market-Client: isSupportChildMode, error: java.lang.NumberFormatException: For input string: ""
07-29 21:24:20.981 18794 18798 I artd    : Successfully loaded /data/app/~~FbWe1SoW8X8N4bWCryLRsA==/com.sec.android.app.sbrowser-U_mgP-1Te5rRdq8gGVlZnw==/oat/arm64/base.odex with executable: 0
07-29 21:24:20.982 18794 18798 I artd    : /data/app/~~FbWe1SoW8X8N4bWCryLRsA==/com.sec.android.app.sbrowser-U_mgP-1Te5rRdq8gGVlZnw==/oat/arm64/base.odex is kOatUpToDate with filter verify
07-29 21:24:20.984  9900 14327 I Market-LimitSpeedManager: startLimitSpeedNow() ====== speed = 32768
07-29 21:24:20.986  2463  4404 I whetstone.activity: processNotifyEvent1 resId = 256, bundle = Bundle[{startTime=21299304, sourcePkg=com.miui.cleanmaster, sourceUid=10266, status=1, jobId=378, batteryName=com.miui.cleanmaster/androidx.work.impl.background.systemjob.SystemJobService, elapsedRealtime=21299304}]
07-29 21:24:20.986  2463  4205 I MiuiNetworkPolicy: updateUidState uid = 10261, uidState = 10
07-29 21:24:20.987  2463  4205 I MiuiNetworkPolicy: updateUidState uid = 10158, uidState = 10
07-29 21:24:20.987  9339 12105 I EventMonitor: notifyEvent resId=256
07-29 21:24:20.989 21077 21155 I WM-WorkerWrapper: Worker result SUCCESS for Work [ id=8c37539c-00c4-4f8e-b68d-ad15fea99ebb, tags={ com.miui.optimizecenter.common.appcache.AppCacheManager$Companion$AppChangedReceiverWork } ]
07-29 21:24:20.990 18794 18798 I artd    : Dex parent of /data/app/~~FbWe1SoW8X8N4bWCryLRsA==/com.sec.android.app.sbrowser-U_mgP-1Te5rRdq8gGVlZnw==/base.apk is not writable: Permission denied
07-29 21:24:20.990 18794 18798 I artd    : GetBestInfo checking odex in dalvik-cache (/data/dalvik-cache/arm/data@app@~~FbWe1SoW8X8N4bWCryLRsA==@com.sec.android.app.sbrowser-U_mgP-1Te5rRdq8gGVlZnw==@base.apk@classes.dex)
07-29 21:24:20.990 18794 18798 I artd    : Loading /data/dalvik-cache/arm/data@app@~~FbWe1SoW8X8N4bWCryLRsA==@com.sec.android.app.sbrowser-U_mgP-1Te5rRdq8gGVlZnw==@base.apk@classes.dex with executable: 0
07-29 21:24:20.990 18794 18798 I artd    : OatFileAssistant test for existing oat file /data/dalvik-cache/arm/data@app@~~FbWe1SoW8X8N4bWCryLRsA==@com.sec.android.app.sbrowser-U_mgP-1Te5rRdq8gGVlZnw==@base.apk@classes.dex: File /data/dalvik-cache/arm/data@app@~~FbWe1SoW8X8N4bWCryLRsA==@com.sec.android.app.sbrowser-U_mgP-1Te5rRdq8gGVlZnw==@base.apk@classes.vdex does not exist.
07-29 21:24:20.990 18794 18798 I artd    : GetBestInfo checking odex next to the dex file (/data/app/~~FbWe1SoW8X8N4bWCryLRsA==/com.sec.android.app.sbrowser-U_mgP-1Te5rRdq8gGVlZnw==/oat/arm/base.odex)
07-29 21:24:20.990 18794 18798 I artd    : Loading /data/app/~~FbWe1SoW8X8N4bWCryLRsA==/com.sec.android.app.sbrowser-U_mgP-1Te5rRdq8gGVlZnw==/oat/arm/base.odex with executable: 0
07-29 21:24:20.991 18794 18798 I artd    : Successfully loaded /data/app/~~FbWe1SoW8X8N4bWCryLRsA==/com.sec.android.app.sbrowser-U_mgP-1Te5rRdq8gGVlZnw==/oat/arm/base.odex with executable: 0
07-29 21:24:20.992  9900 14327 I Market-DownloadLimitSpeedManager: startLimitSpeed success. Total count 1
07-29 21:24:20.992  9900 14327 I Market-RetrofitRequest: HeaderInterceptor : https://updateinfo.market.xiaomi.com/apm/updateinfo/v2
07-29 21:24:20.994 22572 22572 I Finsky  : [2] yag.g(1): yag - Received: android.intent.action.PACKAGE_CHANGED, [C9kaOyqPqhusqu9elj2wo72UZubCjWc1_ZmdjPayKt8]
07-29 21:24:20.994 22572  2737 I Finsky  : [2372] mjw.ajf(151): [ContentSync] finished, scheduled=false
07-29 21:24:20.997 31076  3822 I Fitness : (REDACTED) FitCleanupIntentOperation received Intent %s
07-29 21:24:21.001 22572 22619 I Finsky  : [2207] kwt.a(55): AIM: AppInfoManager-Perf > OnDeviceAppInfo > cacheHitCount=1, cacheMissCount=0. Missed  in cache (limit 10) : []
07-29 21:24:21.001 22572 22619 I Finsky  : [2207] kuq.apply(1378): AIM: Got app ownership map. App counts: . Unique apps: 0
07-29 21:24:21.001 22572  2488 I Finsky  : [2365] pcp.accept(129): Wrote row to frosting DB: 1491
07-29 21:24:21.001 22572 22635 I Finsky  : [2217] kwp.a(206): AIM: AppInfoManager-Perf > ItemModel > CacheSize=34, cacheHitCount=0, cacheMissCount=0, total appsWithNoServerDataCount=4. Missed  in cache (limit 10) : []
07-29 21:24:21.003 22572 22625 I Finsky  : [2210] kwp.a(206): AIM: AppInfoManager-Perf > ItemModel > CacheSize=34, cacheHitCount=0, cacheMissCount=0, total appsWithNoServerDataCount=4. Missed  in cache (limit 10) : []
07-29 21:24:21.006  2463  4205 I MiuiNetworkPolicy: updateUidState uid = 10266, uidState = 10
07-29 21:24:21.006  2463  5541 W JobScheduler: Job didn't exist in JobStore: 
07-29 21:24:21.006  2463  5541 W SSRU-ResourceUsageProxy: Nonexistent ongoing transaction JHR:378 for u:0 pkg:com.miui.cleanmaster ended
07-29 21:24:21.006  2463  4404 I whetstone.activity: processNotifyEvent1 resId = 256, bundle = Bundle[{startTime=21299325, sourcePkg=com.miui.cleanmaster, sourceUid=10266, status=0, jobId=378, batteryName=com.miui.cleanmaster/androidx.work.impl.background.systemjob.SystemJobService, elapsedRealtime=21299325}]
07-29 21:24:21.007  9339 12105 I EventMonitor: notifyEvent resId=256
07-29 21:24:21.007 31105  3780 I Auth    : (REDACTED) [SupervisedAccountIntentOperationV2] onHandleIntent: %s
07-29 21:24:21.008  1844  1844 I vendor.qti.hardware.servicetrackeraidl-service: destroyService is called for service : com.google.android.gms/.fitness.service.recording.FitRecordingBroker
07-29 21:24:21.008  1844  1844 I vendor.qti.hardware.servicetrackeraidl-service: unbindService is called for service : com.miui.cleanmaster/androidx.work.impl.background.systemjob.SystemJobService and for client system
07-29 21:24:21.008  1844  1844 I vendor.qti.hardware.servicetrackeraidl-service: size of service connections for service: com.miui.cleanmaster/androidx.work.impl.background.systemjob.SystemJobServiceafter removal is 0
07-29 21:24:21.008  1844  1844 I vendor.qti.hardware.servicetrackeraidl-service: size of client connections for client: systemafter removal is 31
07-29 21:24:21.008  1844  1844 I vendor.qti.hardware.servicetrackeraidl-service: destroyService is called for service : com.miui.cleanmaster/androidx.work.impl.background.systemjob.SystemJobService
07-29 21:24:21.008 31105  3807 I Dck     : (REDACTED) disableDckSupport: %s
07-29 21:24:21.009 31105  3807 I Dck     : [WirelessCapabilitiesFeatures] wccSysProp: 1 [CONTEXT service_id=289 ]
07-29 21:24:21.009 31105  3807 I Dck     : [WirelessCapabilitiesFeatures] wccMendel: 3 [CONTEXT service_id=289 ]
07-29 21:24:21.009 31105  3807 I Dck     : [WirelessCapabilitiesFeatures] deviceWccOverride: false [CONTEXT service_id=289 ]
07-29 21:24:21.009 31105  3807 I Dck     : [WirelessCapabilitiesFeatures] replaceSupportedWccWithWccOverride: true [CONTEXT service_id=289 ]
07-29 21:24:21.009 31105  3807 I Dck     : [WirelessCapabilitiesFeatures] wccOverride: not set [CONTEXT service_id=289 ]
07-29 21:24:21.009 31105  3807 I Dck     : (REDACTED) [WirelessCapabilitiesFeatures] wcc: %s
07-29 21:24:21.009 31105  3807 I Dck     : Dck module condition - downloadAllowed: false [CONTEXT service_id=289 ]
07-29 21:24:21.009 31105  3807 W Dck     : Dck module not eligible for asynchronous downloading [CONTEXT service_id=289 ]
07-29 21:24:21.009 22572 22572 I Finsky  : [2] kuy.f(9): AIM: AppInfoCacheUpdater -> invalidating apps: [com.sec.android.app.sbrowser]
07-29 21:24:21.009 22572 22572 I Finsky  : [2] kvn.g(21): AIM: AppInfoManager-Perf > getApps > called for 1 apps
07-29 21:24:21.010 22572 22619 I Finsky  : [2207] kwt.a(55): AIM: AppInfoManager-Perf > OnDeviceAppInfo > cacheHitCount=0, cacheMissCount=1. Missed  in cache (limit 10) : [com.sec.android.app.sbrowser]
07-29 21:24:21.011 22572 22625 I Finsky  : [2210] kuq.apply(1378): AIM: Got app ownership map. App counts: . Unique apps: 0
07-29 21:24:21.011 31076  3797 I ProximityAuth: [RecentAppsMediator] Package added: (user=UserHandle{0}) com.sec.android.app.sbrowser
07-29 21:24:21.011 31076  3778 I Fitness : (REDACTED) OnPackageChangedOperation got intent: %s
07-29 21:24:21.013  2463  4205 I MiuiNetworkPolicy: updateUidState uid = 10266, uidState = 19
07-29 21:24:21.013  9900  9900 I Market-ServiceUtils: startForeground: CheckUpdateService
07-29 21:24:21.014 31076  3778 W GCM     : Unexpected forwarded intent: Intent { act=android.intent.action.PACKAGE_ADDED dat=package: flg=0x4000010 pkg=com.google.android.gms cmp=com.google.android.gms/.chimera.PersistentIntentOperationService (has extras) }
