07-30 16:31:45.337  9339  9638 W WakelockManagerService: uid: 10186 is unblock state
07-30 16:31:45.337  9339  9638 W WakelockManagerService: uid: 10187 is unblock state
07-30 16:31:45.337  9339  9638 W WakelockManagerService: uid: 10188 is unblock state
07-30 16:31:45.337  9339  9638 W WakelockManagerService: uid: 10189 is unblock state
07-30 16:31:45.337  9339  9638 W WakelockManagerService: uid: 10190 is unblock state
07-30 16:31:45.337  9339  9638 W WakelockManagerService: uid: 10191 is unblock state
07-30 16:31:45.337  9339  9638 W WakelockManagerService: uid: 10192 is unblock state
07-30 16:31:45.337  9339  9638 W WakelockManagerService: uid: 10193 is unblock state
07-30 16:31:45.337  9339  9638 W WakelockManagerService: uid: 10194 is unblock state
07-30 16:31:45.337  9339  9638 W WakelockManagerService: uid: 10195 is unblock state
07-30 16:31:45.337  9339  9638 W WakelockManagerService: uid: 10196 is unblock state
07-30 16:31:45.337  9339  9638 W WakelockManagerService: uid: 10197 is unblock state
07-30 16:31:45.337  9339  9638 W WakelockManagerService: uid: 10198 is unblock state
07-30 16:31:45.337  9339  9638 W WakelockManagerService: uid: 10199 is unblock state
07-30 16:31:45.337  9339  9638 W WakelockManagerService: uid: 10200 is unblock state
07-30 16:31:45.337  9339  9638 W WakelockManagerService: uid: 10201 is unblock state
07-30 16:31:45.337  9339  9638 W WakelockManagerService: uid: 10202 is unblock state
07-30 16:31:45.337  9339  9638 W WakelockManagerService: uid: 10203 is unblock state
07-30 16:31:45.337  9339  9638 W WakelockManagerService: uid: 10204 is unblock state
07-30 16:31:45.337  9339  9638 W WakelockManagerService: uid: 10205 is unblock state
07-30 16:31:45.337  9339  9638 W WakelockManagerService: uid: 10206 is unblock state
07-30 16:31:45.337  9339  9638 W WakelockManagerService: uid: 10207 is unblock state
07-30 16:31:45.337  9339  9638 W WakelockManagerService: uid: 10208 is unblock state
07-30 16:31:45.337  9339  9638 W WakelockManagerService: uid: 10209 is unblock state
07-30 16:31:45.337  9339  9638 W WakelockManagerService: uid: 10210 is unblock state
07-30 16:31:45.337  9339  9638 W WakelockManagerService: uid: 10211 is unblock state
07-30 16:31:45.337  9339  9638 W WakelockManagerService: uid: 10212 is unblock state
07-30 16:31:45.337  9339  9638 W WakelockManagerService: uid: 10213 is unblock state
07-30 16:31:45.337  9339  9638 W WakelockManagerService: uid: 10214 is unblock state
07-30 16:31:45.337  9339  9638 W WakelockManagerService: uid: 10215 is unblock state
07-30 16:31:45.337  9339  9638 W WakelockManagerService: uid: 10216 is unblock state
07-30 16:31:45.337  9339  9638 W WakelockManagerService: uid: 10217 is unblock state
07-30 16:31:45.337  9339  9638 W WakelockManagerService: uid: 10218 is unblock state
07-30 16:31:45.337  9339  9638 W WakelockManagerService: uid: 10219 is unblock state
07-30 16:31:45.337  9339  9638 W WakelockManagerService: uid: 10220 is unblock state
07-30 16:31:45.337  9339  9638 W WakelockManagerService: uid: 10221 is unblock state
07-30 16:31:45.337  9339  9638 W WakelockManagerService: uid: 10222 is unblock state
07-30 16:31:45.337  9339  9638 W WakelockManagerService: uid: 10223 is unblock state
07-30 16:31:45.337  9339  9638 W WakelockManagerService: uid: 10224 is unblock state
07-30 16:31:45.337  9339  9638 W WakelockManagerService: uid: 10225 is unblock state
07-30 16:31:45.337  9339  9638 W WakelockManagerService: uid: 10226 is unblock state
07-30 16:31:45.337  9339  9638 W WakelockManagerService: uid: 10227 is unblock state
07-30 16:31:45.337  9339  9638 W WakelockManagerService: uid: 10228 is unblock state
07-30 16:31:45.337  9339  9638 W WakelockManagerService: uid: 10229 is unblock state
07-30 16:31:45.337  9339  9638 W WakelockManagerService: uid: 10230 is unblock state
07-30 16:31:45.337  9339  9638 W WakelockManagerService: uid: 10231 is unblock state
07-30 16:31:45.337  9339  9638 W WakelockManagerService: uid: 10232 is unblock state
07-30 16:31:45.337  9339  9638 W WakelockManagerService: uid: 10233 is unblock state
07-30 16:31:45.337  9339  9638 W WakelockManagerService: uid: 10234 is unblock state
07-30 16:31:45.337  9339  9638 W WakelockManagerService: uid: 10235 is unblock state
07-30 16:31:45.337  9339  9638 W WakelockManagerService: uid: 10236 is unblock state
07-30 16:31:45.337  9339  9638 W WakelockManagerService: uid: 10237 is unblock state
07-30 16:31:45.337  9339  9638 W WakelockManagerService: uid: 10238 is unblock state
07-30 16:31:45.337  9339  9638 W WakelockManagerService: uid: 10239 is unblock state
07-30 16:31:45.337  9339  9638 W WakelockManagerService: uid: 10240 is unblock state
07-30 16:31:45.337  9339  9638 W WakelockManagerService: uid: 10241 is unblock state
07-30 16:31:45.337  9339  9638 W WakelockManagerService: uid: 10242 is unblock state
07-30 16:31:45.337  9339  9638 W WakelockManagerService: uid: 10243 is unblock state
07-30 16:31:45.337  9339  9638 W WakelockManagerService: uid: 10244 is unblock state
07-30 16:31:45.337  9339  9638 W WakelockManagerService: uid: 10245 is unblock state
07-30 16:31:45.337  9339  9638 W WakelockManagerService: uid: 10246 is unblock state
07-30 16:31:45.337  9339  9638 W WakelockManagerService: uid: 10247 is unblock state
07-30 16:31:45.337  9339  9638 W WakelockManagerService: uid: 10248 is unblock state
07-30 16:31:45.337  9339  9638 W WakelockManagerService: uid: 10249 is unblock state
07-30 16:31:45.337  9339  9638 W WakelockManagerService: uid: 10250 is unblock state
07-30 16:31:45.337  9339  9638 W WakelockManagerService: uid: 10251 is unblock state
07-30 16:31:45.337  9339  9638 W WakelockManagerService: uid: 10252 is unblock state
07-30 16:31:45.337  9339  9638 W WakelockManagerService: uid: 10253 is unblock state
07-30 16:31:45.337  9339  9638 W WakelockManagerService: uid: 10254 is unblock state
07-30 16:31:45.337  9339  9638 W WakelockManagerService: uid: 10255 is unblock state
07-30 16:31:45.337  9339  9638 W WakelockManagerService: uid: 10256 is unblock state
07-30 16:31:45.337  9339  9638 W WakelockManagerService: uid: 10257 is unblock state
07-30 16:31:45.337  9339  9638 W WakelockManagerService: uid: 10258 is unblock state
07-30 16:31:45.337  9339  9638 W WakelockManagerService: uid: 10259 is unblock state
07-30 16:31:45.337  9339  9638 W WakelockManagerService: uid: 10260 is unblock state
07-30 16:31:45.337  9339  9638 W WakelockManagerService: uid: 10261 is unblock state
07-30 16:31:45.337  9339  9638 W WakelockManagerService: uid: 10262 is unblock state
07-30 16:31:45.337  9339  9638 W WakelockManagerService: uid: 10263 is unblock state
07-30 16:31:45.337  9339  9638 W WakelockManagerService: uid: 10265 is unblock state
07-30 16:31:45.337  9339  9638 W WakelockManagerService: uid: 10266 is unblock state
07-30 16:31:45.337  9339  9638 W WakelockManagerService: uid: 10267 is unblock state
07-30 16:31:45.337  9339  9638 W WakelockManagerService: uid: 10268 is unblock state
07-30 16:31:45.337  9339  9638 W WakelockManagerService: uid: 10269 is unblock state
07-30 16:31:45.337  9339  9638 W WakelockManagerService: uid: 10270 is unblock state
07-30 16:31:45.337  9339  9638 W WakelockManagerService: uid: 10271 is unblock state
07-30 16:31:45.337  9339  9638 W WakelockManagerService: uid: 10272 is unblock state
07-30 16:31:45.337  9339  9638 W WakelockManagerService: uid: 10273 is unblock state
07-30 16:31:45.337  9339  9638 W WakelockManagerService: uid: 10274 is unblock state
07-30 16:31:45.337  9339  9638 W WakelockManagerService: uid: 10275 is unblock state
07-30 16:31:45.337  9339  9638 W WakelockManagerService: uid: 10276 is unblock state
07-30 16:31:45.337  9339  9638 W WakelockManagerService: uid: 10277 is unblock state
07-30 16:31:45.337  9339  9638 W WakelockManagerService: uid: 10278 is unblock state
07-30 16:31:45.337  9339  9638 W WakelockManagerService: uid: 10279 is unblock state
07-30 16:31:45.337  9339  9638 W WakelockManagerService: uid: 10280 is unblock state
07-30 16:31:45.337  9339  9638 W WakelockManagerService: uid: 10281 is unblock state
07-30 16:31:45.337  9339  9638 W WakelockManagerService: uid: 10282 is unblock state
07-30 16:31:45.337  9339  9638 W WakelockManagerService: uid: 10283 is unblock state
07-30 16:31:45.337  9339  9638 W WakelockManagerService: uid: 10285 is unblock state
07-30 16:31:45.337  9339  9638 W WakelockManagerService: uid: 10286 is unblock state
07-30 16:31:45.337  9339  9638 W WakelockManagerService: uid: 10287 is unblock state
07-30 16:31:45.337  9339  9638 W WakelockManagerService: uid: 10288 is unblock state
07-30 16:31:45.337  9339  9638 W WakelockManagerService: uid: 10289 is unblock state
07-30 16:31:45.337  9339  9638 W WakelockManagerService: uid: 10290 is unblock state
07-30 16:31:45.337  9339  9638 W WakelockManagerService: uid: 10291 is unblock state
07-30 16:31:45.337  9339  9638 W WakelockManagerService: uid: 10292 is unblock state
07-30 16:31:45.337  9339  9638 W WakelockManagerService: uid: 10293 is unblock state
07-30 16:31:45.337  9339  9638 W WakelockManagerService: uid: 10294 is unblock state
07-30 16:31:45.337  9339  9638 W WakelockManagerService: uid: 10296 is unblock state
07-30 16:31:45.337  9339  9638 W WakelockManagerService: uid: 10298 is unblock state
07-30 16:31:45.337  9339  9638 W WakelockManagerService: uid: 10299 is unblock state
07-30 16:31:45.337  9339  9638 W WakelockManagerService: uid: 10300 is unblock state
07-30 16:31:45.337  9339  9638 W WakelockManagerService: uid: 10301 is unblock state
07-30 16:31:45.337  9339  9638 W WakelockManagerService: uid: 10303 is unblock state
07-30 16:31:45.337  9339  9638 W WakelockManagerService: uid: 10304 is unblock state
07-30 16:31:45.337  9339  9638 W WakelockManagerService: uid: 10308 is unblock state
07-30 16:31:45.337  9339  9638 W WakelockManagerService: uid: 10311 is unblock state
07-30 16:31:45.337  9339  9638 W WakelockManagerService: uid: 10313 is unblock state
07-30 16:31:45.337  9339  9638 W WakelockManagerService: uid: 10314 is unblock state
07-30 16:31:45.337  9339  9638 W WakelockManagerService: uid: 10315 is unblock state
07-30 16:31:45.337  9339  9638 W WakelockManagerService: uid: 10316 is unblock state
07-30 16:31:45.337  9339  9638 W WakelockManagerService: uid: 10317 is unblock state
07-30 16:31:45.337  9339  9638 W WakelockManagerService: uid: 10318 is unblock state
07-30 16:31:45.337  9339  9638 W WakelockManagerService: uid: 10320 is unblock state
07-30 16:31:45.337  9339  9638 W WakelockManagerService: uid: 10321 is unblock state
07-30 16:31:45.338  9339  9638 W WakelockManagerService: uid: 10323 is unblock state
07-30 16:31:45.338  9339  9638 W WakelockManagerService: uid: 10324 is unblock state
07-30 16:31:45.338  9339  9638 W WakelockManagerService: uid: 10326 is unblock state
07-30 16:31:45.338  9339  9638 W WakelockManagerService: uid: 10327 is unblock state
07-30 16:31:45.338  9339  9638 W WakelockManagerService: uid: 10328 is unblock state
07-30 16:31:45.338  9339  9638 W WakelockManagerService: uid: 10329 is unblock state
07-30 16:31:45.338  9339  9638 W WakelockManagerService: uid: 10330 is unblock state
07-30 16:31:45.338  9339  9638 W WakelockManagerService: uid: 10331 is unblock state
07-30 16:31:45.338  9339  9638 W WakelockManagerService: uid: 10332 is unblock state
07-30 16:31:45.338  9339  9638 W WakelockManagerService: uid: 10333 is unblock state
07-30 16:31:45.338  9339  9638 W WakelockManagerService: uid: 10334 is unblock state
07-30 16:31:45.338  9339  9638 W WakelockManagerService: uid: 10335 is unblock state
07-30 16:31:45.338  9339  9638 W WakelockManagerService: uid: 10336 is unblock state
07-30 16:31:45.338  9339  9638 W WakelockManagerService: uid: 10337 is unblock state
07-30 16:31:45.338  9339  9638 W WakelockManagerService: uid: 10338 is unblock state
07-30 16:31:45.338  9339  9638 W WakelockManagerService: uid: 10339 is unblock state
07-30 16:31:45.338  9339  9638 W WakelockManagerService: uid: 10340 is unblock state
07-30 16:31:45.338  9339  9638 W WakelockManagerService: uid: 10341 is unblock state
07-30 16:31:45.338  9339  9638 W WakelockManagerService: uid: 10397 is unblock state
07-30 16:31:45.338  9339  9638 W WakelockManagerService: uid: 10398 is unblock state
07-30 16:31:45.345  3117  3117 I adbd    : in ShellService: dumpsys activity services
07-30 16:31:45.368  3117  3117 I adbd    : in ShellService: ps
07-30 16:31:45.384  1827  2108 I SDM     : DisplayBase::CommitThread: Received idle timeout, panel: cmd, timeout: 69999 us
07-30 16:31:45.402 31105  7745 W Conscrypt: Could not set socket write timeout: java.net.SocketException: Socket closed
07-30 16:31:45.403 31105  7745 W Conscrypt: 	at com.google.android.gms.org.conscrypt.Platform.setSocketWriteTimeout(:com.google.android.gms@252834035@25.28.34 (260400-787197649):204)
07-30 16:31:45.403 31105  7745 W Conscrypt: 	at com.google.android.gms.org.conscrypt.ConscryptFileDescriptorSocket.setSoWriteTimeout(:com.google.android.gms@252834035@25.28.34 (260400-787197649):4)
07-30 16:31:45.420  1827  2399 I SDM     : HWCDisplay::SetActiveConfigWithConstraints: display:66-0, config: 1, WxH 1200x2670, fps 120
07-30 16:31:45.421  1827  2399 W SDM     : HWDeviceDRM::GetSupportedBitClkRate: Requested rate not supported: 1150000000
07-30 16:31:45.421  1827  2399 I SDM     : HWDeviceDRM::UpdateMixerAttributes: Mixer WxH 1200x2670-1 for Peripheral
07-30 16:31:45.421  1827  2399 I SDM     : HWCDisplay::SubmitDisplayConfig: Active configuration changed from config 3 to 1
07-30 16:31:45.421  1827  2399 I SDM     : HWCDisplay::SubmitDisplayConfig: Active WxH 1200x2670 ,ddic_mode:idle, timing_fps: 120, sf_fps: 120
07-30 16:31:45.422  1827  2752 I vendor.qti.hardware.display.composer-service: Sensor: notify citsensorservice to trigger cwb, misForced = 0
07-30 16:31:45.423  3002  4297 I libsensor-parseRGB: request dump start for mRequestDisplayId 0
07-30 16:31:45.439  2463  2530 I SmartPower: com.milink.service:audio/10178(19382): idle->background(11343ms) R(broadcast start Intent { act=android.intent.action.PACKAGE_RESTARTED dat=package: flg=0x4000010 (has extras) }) adj=100.
07-30 16:31:45.439  4553  4553 I MiuiWallpaper-MiuiWallpaperManagerService: receive broadcast action = android.intent.action.PACKAGE_RESTARTED
07-30 16:31:45.444  3002  3080 E libsensor-parseRGB: CWB NotifyCWBBufferDone  error 0
07-30 16:31:45.449  2463  2530 I SmartPower: com.android.vending/10124(7968): idle->background(11370ms) R(broadcast start Intent { act=android.intent.action.PACKAGE_ADDED dat=package: flg=0x4000010 (has extras) }) adj=905.
07-30 16:31:45.450  2463  2530 I SmartPower: com.android.vending:background/10124(8538): idle->background(11370ms) R(broadcast start Intent { act=android.intent.action.PACKAGE_ADDED dat=package: flg=0x4000010 (has extras) }) adj=915.
07-30 16:31:45.450  7968  7968 I Finsky  : [2] yag.g(1): yag - Received: android.intent.action.PACKAGE_ADDED, [bfO9j9ve4MgOIwbOYqLIqpYnQx2pGcHqJmlKAR77Zlo]
07-30 16:31:45.450  2463  3739 W ParceledListSlice: Element #21 is 29016 bytes.
07-30 16:31:45.452  2463  2530 I SmartPower: android.process.acore/10083(6721): idle->background(11357ms) R(broadcast start Intent { act=android.intent.action.PACKAGE_ADDED dat=package: flg=0x4000010 (has extras) }) adj=905.
07-30 16:31:45.452  2463  4205 I MiuiNetworkPolicy: updateUidState uid = 10124, uidState = 11
07-30 16:31:45.453  2463  2530 I SmartPower: com.mfashiongallery.emag/10262(8261): idle->background(11358ms) R(broadcast start Intent { act=android.intent.action.PACKAGE_ADDED dat=package: flg=0x4000010 (has extras) }) adj=905.
07-30 16:31:45.454  7989  7989 I PackageInstallReceiver: action = android.intent.action.PACKAGE_ADDED packageName = com.agoda.mobile.consumer
07-30 16:31:45.454  7989  7989 I ServiceDeliveryCapability: onAppChanged:com.agoda.mobile.consumer action:android.intent.action.PACKAGE_ADDED
07-30 16:31:45.454  7989  7989 I PackageInstallReceiver: action = android.intent.action.PACKAGE_CHANGED packageName = com.agoda.mobile.consumer
07-30 16:31:45.454  7989  7989 W InstalledPackagesMemoryCache: Unknown action: android.intent.action.PACKAGE_CHANGED
07-30 16:31:45.454  2463  2530 I SmartPower: com.xiaomi.aicr:actionprovider/10127(12677): idle->background(11359ms) R(broadcast start Intent { act=android.intent.action.PACKAGE_ADDED dat=package: flg=0x4000010 (has extras) }) adj=915.
07-30 16:31:45.454  7989  7989 I ServiceDeliveryCapability: onAppChanged:com.agoda.mobile.consumer action:android.intent.action.PACKAGE_CHANGED
07-30 16:31:45.454  7989  7989 I AppWidgetDelegate: updateAppWidgets for com.agoda.mobile.consumer
07-30 16:31:45.454  7989  7989 I WidgetController: WidgetController.updateOrRemoveStackWhenPackageChanged: packageName com.agoda.mobile.consumer
07-30 16:31:45.454  7989  7989 I WidgetBackgroundBlurManager: onAppChanged appPackageName : com.agoda.mobile.consumer
07-30 16:31:45.454  2463  2530 I SmartPower: android.process.mediaUI/10261(13434): idle->background(11360ms) R(broadcast start Intent { act=android.intent.action.PACKAGE_ADDED dat=package: flg=0x4000010 (has extras) }) adj=905.
07-30 16:31:45.455  2463  2530 I SmartPower: com.google.android.documentsui/10100(21132): idle->background(11359ms) R(broadcast start Intent { act=android.intent.action.PACKAGE_ADDED dat=package: flg=0x4000010 (has extras) }) adj=905.
07-30 16:31:45.455  7664  7664 I VA_AiConn:ApkConstants: isPhoneCarLinkApp packageName=com.agoda.mobile.consumer
07-30 16:31:45.455  2463  2530 I SmartPower: com.milink.crossdeviceservice/10178(27042): idle->background(11359ms) R(broadcast start Intent { act=android.intent.action.PACKAGE_ADDED dat=package: flg=0x4000010 (has extras) }) adj=915.
07-30 16:31:45.456 12230 12348 I Ad      : isPersonalizedAdEnabled getAdSettings: 1
07-30 16:31:45.456  7664  8670 I VA_AliveCore:AbsCoreManager: msg.what = 1003
07-30 16:31:45.456  7664  8670 E VA_AliveCore:CoreManager: bind thread:id=281;name=CoreAssistInteraction
07-30 16:31:45.456  7664  8670 E VA_AliveCore:CoreManager: not target app
07-30 16:31:45.456  7664  8670 E VA_AliveCore:CoreManager: not target app
07-30 16:31:45.456  7664  8670 I VA_AliveCore:CoreManager: bindAliveServiceApps:com.miui.voicetrigger
07-30 16:31:45.457  2463  2530 W BroadcastQueue: Greezer Denial: sending Intent { act=android.intent.action.PACKAGE_ADDED dat=package: flg=0x4000010 (has extras) }, action: android.intent.action.PACKAGE_ADDED from null (uid=1000) due to receiver ProcessRecord{3cc6689 23903:com.microsoft.office.outlook/u0a323} (uid 10323) need cached broadcast
07-30 16:31:45.458  9900 10025 I com.xiaomi.market:new_milink:SafeBroadcastReceiver: a perform cost 0
07-30 16:31:45.458  9900 10064 I com.xiaomi.market:new_milink:SafeBroadcastReceiver: a perform cost 0
07-30 16:31:45.459  7664  8670 I VA_AliveCore:CoreManager: bindAliveServiceApps: services:[ResolveInfo{125d4f2 com.miui.voicetrigger/.VoiceTriggerService m=0x108000 userHandle=null}]
07-30 16:31:45.459  7664  8670 W VA_AliveConnection: startBind
07-30 16:31:45.459  7664  8670 I VA_AliveConnection: begin unregister
07-30 16:31:45.460  7989  8783 I AppWidgetDelegate: removeAllWidgets com.xiaomi.misettings.usagestats.widget.desktop.widget.SimpleUsageStatsWidget
07-30 16:31:45.460  7989  8783 I AppWidgetDelegate: removeAllWidgets com.android.calendar.widget.NearEventAppWidget
07-30 16:31:45.461  7968  8229 I Finsky  : [2485] kwt.a(55): AIM: AppInfoManager-Perf > OnDeviceAppInfo > cacheHitCount=0, cacheMissCount=1. Missed  in cache (limit 10) : [com.agoda.mobile.consumer]
07-30 16:31:45.461  7664  8670 I VA_AliveConnection: begin register
07-30 16:31:45.461  7968  8229 I Finsky  : [2485] kuq.apply(1378): AIM: Got app ownership map. App counts: . Unique apps: 0
07-30 16:31:45.461  9900 29076 I Market-PackageMonitor: [Download/Install] onReceive: android.intent.action.PACKAGE_ADDED, pkg: com.agoda.mobile.consumer
07-30 16:31:45.461  3117  3117 I adbd    : in ShellService: screencap -p /sdcard/screen_2025-07-30_163146.png
07-30 16:31:45.462 18384 20854 I auth    : [XMS][Auth] updatePackageInfos in db cnt: 1
07-30 16:31:45.463  7968 10382 I Finsky  : [2539] pcp.accept(129): Wrote row to frosting DB: 1507
07-30 16:31:45.464  7664  8670 I VA_AliveConnection: begin unregister
07-30 16:31:45.464  7968  7968 I Finsky  : [2] kuy.f(9): AIM: AppInfoCacheUpdater -> invalidating apps: [com.agoda.mobile.consumer]
07-30 16:31:45.464  7968  7968 I Finsky  : [2] kvn.g(21): AIM: AppInfoManager-Perf > getApps > called for 1 apps
07-30 16:31:45.465  7664  8670 I VA_AliveConnection: begin register
07-30 16:31:45.466  7664  8670 W VA_AliveConnection: voicetrigger process isn't running
07-30 16:31:45.467  7968  8174 I Finsky  : [2475] kwt.a(55): AIM: AppInfoManager-Perf > OnDeviceAppInfo > cacheHitCount=0, cacheMissCount=1. Missed  in cache (limit 10) : [com.agoda.mobile.consumer]
07-30 16:31:45.468 28879 28882 I artd    : Dex parent of /data/app/~~2deKXWdOE6QyEBpWn30f6Q==/com.agoda.mobile.consumer-rkvj7VwBFnZ-IWD4GKig9w==/base.apk is not writable: Permission denied
07-30 16:31:45.468 28879 28882 I artd    : GetBestInfo checking odex in dalvik-cache (/data/dalvik-cache/arm64/data@app@~~2deKXWdOE6QyEBpWn30f6Q==@com.agoda.mobile.consumer-rkvj7VwBFnZ-IWD4GKig9w==@base.apk@classes.dex)
07-30 16:31:45.468 28879 28882 I artd    : Loading /data/dalvik-cache/arm64/data@app@~~2deKXWdOE6QyEBpWn30f6Q==@com.agoda.mobile.consumer-rkvj7VwBFnZ-IWD4GKig9w==@base.apk@classes.dex with executable: 0
07-30 16:31:45.468 28879 28882 I artd    : OatFileAssistant test for existing oat file /data/dalvik-cache/arm64/data@app@~~2deKXWdOE6QyEBpWn30f6Q==@com.agoda.mobile.consumer-rkvj7VwBFnZ-IWD4GKig9w==@base.apk@classes.dex: File /data/dalvik-cache/arm64/data@app@~~2deKXWdOE6QyEBpWn30f6Q==@com.agoda.mobile.consumer-rkvj7VwBFnZ-IWD4GKig9w==@base.apk@classes.vdex does not exist.
07-30 16:31:45.468 28879 28882 I artd    : GetBestInfo checking odex next to the dex file (/data/app/~~2deKXWdOE6QyEBpWn30f6Q==/com.agoda.mobile.consumer-rkvj7VwBFnZ-IWD4GKig9w==/oat/arm64/base.odex)
07-30 16:31:45.468 28879 28882 I artd    : Loading /data/app/~~2deKXWdOE6QyEBpWn30f6Q==/com.agoda.mobile.consumer-rkvj7VwBFnZ-IWD4GKig9w==/oat/arm64/base.odex with executable: 0
07-30 16:31:45.469 28879 28882 I artd    : Successfully loaded /data/app/~~2deKXWdOE6QyEBpWn30f6Q==/com.agoda.mobile.consumer-rkvj7VwBFnZ-IWD4GKig9w==/oat/arm64/base.odex with executable: 0
07-30 16:31:45.471 28879 28882 I artd    : /data/app/~~2deKXWdOE6QyEBpWn30f6Q==/com.agoda.mobile.consumer-rkvj7VwBFnZ-IWD4GKig9w==/oat/arm64/base.odex is kOatUpToDate with filter verify
07-30 16:31:45.472  7968  8174 I Finsky  : [2475] kuq.apply(1378): AIM: Got app ownership map. App counts: . Unique apps: 0
07-30 16:31:45.472 31076 10909 I Fitness : (REDACTED) OnPackageChangedOperation got intent: %s
07-30 16:31:45.472  9900 29076 I Market-LocalAppManager: add package to list: com.agoda.mobile.consumer
07-30 16:31:45.474  2463  6119 W ParceledListSlice: Element #233 is 19012 bytes.
07-30 16:31:45.474  7968 10382 I Finsky  : [2539] pcp.accept(129): Wrote row to frosting DB: 1508
07-30 16:31:45.475  7664  8670 I VA_AliveCore:AliveReport: saveStatusTimeToReportDB serviceName: com.miui.voicetrigger Time: 1753864305466 BootOn: true settingOn: false appOn: false
07-30 16:31:45.476  2463  4205 I MiuiNetworkPolicy: updateUidState uid = 10266, uidState = 8
07-30 16:31:45.477  1844  1844 I vendor.qti.hardware.servicetrackeraidl-service: bindService is called for service : com.miui.cleanmaster/androidx.work.impl.background.systemjob.SystemJobService and for client system
07-30 16:31:45.477  1844  1844 I vendor.qti.hardware.servicetrackeraidl-service: total connections for service : com.miui.cleanmaster/androidx.work.impl.background.systemjob.SystemJobServiceare :1
07-30 16:31:45.477  1844  1844 I vendor.qti.hardware.servicetrackeraidl-service: total connections for client : systemare :32
07-30 16:31:45.478  3118  3260 I VA_AliveCore:ContentObserver: onChange uri = [content://com.xiaomi.assist.report/aliveStatus]
07-30 16:31:45.478  3118 10447 I VA_AliveCore:AliveStatusUploader: queryAliveItem start ,debug false
07-30 16:31:45.478  3118 10447 I VA_AliveCore:AliveStatusUploader: queryAliveItem end ,too often 
07-30 16:31:45.478  7664  8670 W VA_AliveConnection: service don't need bind
07-30 16:31:45.478  7664  8670 W VA_AliveConnection: unLinkService:ComponentInfo{com.miui.voicetrigger/com.miui.voicetrigger.VoiceTriggerService}
07-30 16:31:45.479  7664  8670 W VA_AliveConnection: service does not bind now. ComponentInfo{com.miui.voicetrigger/com.miui.voicetrigger.VoiceTriggerService}
07-30 16:31:45.480  2463  4404 I whetstone.activity: processNotifyEvent1 resId = 256, bundle = Bundle[{startTime=90143799, sourcePkg=com.miui.cleanmaster, sourceUid=10266, status=1, jobId=410, batteryName=com.miui.cleanmaster/androidx.work.impl.background.systemjob.SystemJobService, elapsedRealtime=90143799}]
07-30 16:31:45.481  1844  1844 I vendor.qti.hardware.servicetrackeraidl-service: destroyService is called for service : com.google.android.gms/.fitness.service.recording.FitRecordingBroker
07-30 16:31:45.482  9339  2808 I EventMonitor: notifyEvent resId=256
07-30 16:31:45.486  7968  8229 I Finsky  : [2485] kwp.a(206): AIM: AppInfoManager-Perf > ItemModel > CacheSize=34, cacheHitCount=0, cacheMissCount=0, total appsWithNoServerDataCount=4. Missed  in cache (limit 10) : []
07-30 16:31:45.487 31076 10908 I Fitness : (REDACTED) FitCleanupIntentOperation received Intent %s
07-30 16:31:45.487 21077 20660 I WM-WorkerWrapper: Worker result SUCCESS for Work [ id=fde1e752-d882-4c7a-b424-a0a946649eb1, tags={ com.miui.optimizecenter.common.appcache.AppCacheManager$Companion$AppChangedReceiverWork } ]
07-30 16:31:45.488  2463  5065 I ClipboardServiceI: checkProviderWakePathForClipboard: primaryClip is null
07-30 16:31:45.489  9900 14327 I Market-LocalAppManager: checkUpdateFromServer : start
07-30 16:31:45.489  9900 14327 I Market-LocalAppManager: getUpdateInfoFromServer : start,isBackground=true
07-30 16:31:45.493 31105 10902 I Auth    : (REDACTED) [SupervisedAccountIntentOperationV2] onHandleIntent: %s
07-30 16:31:45.493 31076 10908 W GCM     : Unexpected forwarded intent: Intent { act=android.intent.action.PACKAGE_ADDED dat=package: flg=0x4000010 pkg=com.google.android.gms cmp=com.google.android.gms/.chimera.PersistentIntentOperationService (has extras) }
07-30 16:31:45.493 31076 10913 W NetworkScheduler: Unexpected forwarded intent: Intent { act=android.intent.action.PACKAGE_ADDED dat=package: flg=0x4000010 pkg=com.google.android.gms cmp=com.google.android.gms/.chimera.PersistentIntentOperationService (has extras) }
07-30 16:31:45.494 14346 14346 I Market-BaseWidgetProvider: BaseWidgetProvider action:com.xiaomi.market.APP_STATUS_CHANGED
07-30 16:31:45.494 14346 14346 I Market-newGameWidgetProvider: newGameWidgetProvider action: com.xiaomi.market.APP_STATUS_CHANGED
07-30 16:31:45.495 31076 10906 I ProximityAuth: [RecentAppsMediator] Package added: (user=UserHandle{0}) com.agoda.mobile.consumer
07-30 16:31:45.495  7968  8229 I Finsky  : [2485] kwp.a(206): AIM: AppInfoManager-Perf > ItemModel > CacheSize=34, cacheHitCount=0, cacheMissCount=0, total appsWithNoServerDataCount=4. Missed  in cache (limit 10) : []
07-30 16:31:45.496 31105 10845 I Dck     : (REDACTED) disableDckSupport: %s
07-30 16:31:45.496 31105 10845 I Dck     : [WirelessCapabilitiesFeatures] wccSysProp: 1 [CONTEXT service_id=289 ]
07-30 16:31:45.496 31105 10845 I Dck     : [WirelessCapabilitiesFeatures] wccMendel: 3 [CONTEXT service_id=289 ]
07-30 16:31:45.496 31105 10845 I Dck     : [WirelessCapabilitiesFeatures] deviceWccOverride: false [CONTEXT service_id=289 ]
07-30 16:31:45.496 31105 10845 I Dck     : [WirelessCapabilitiesFeatures] replaceSupportedWccWithWccOverride: true [CONTEXT service_id=289 ]
07-30 16:31:45.496 31105 10845 I Dck     : [WirelessCapabilitiesFeatures] wccOverride: not set [CONTEXT service_id=289 ]
07-30 16:31:45.496 31105 10845 I Dck     : (REDACTED) [WirelessCapabilitiesFeatures] wcc: %s
07-30 16:31:45.496 31105 10845 I Dck     : Dck module condition - downloadAllowed: false [CONTEXT service_id=289 ]
07-30 16:31:45.496 31105 10845 W Dck     : Dck module not eligible for asynchronous downloading [CONTEXT service_id=289 ]
07-30 16:31:45.496  9900 14327 I Market-LocalAppManager: getUpdateInfoFromServer : middle
07-30 16:31:45.496  9900 14327 E Market-Client: isSupportChildMode, error: java.lang.NumberFormatException: For input string: ""
07-30 16:31:45.497  2463  4205 I MiuiNetworkPolicy: updateUidState uid = 10261, uidState = 10
07-30 16:31:45.497  2463  4205 I MiuiNetworkPolicy: updateUidState uid = 10158, uidState = 10
07-30 16:31:45.499  2463  5128 W ParceledListSlice: Element #362 is 25752 bytes.
07-30 16:31:45.499  9900  9900 I Market-ServiceUtils: startForeground: CheckUpdateService
07-30 16:31:45.501  1827  2108 I SDM     : DisplayBase::CommitThread: Received idle timeout, panel: cmd, timeout: 70000 us
07-30 16:31:45.501 31105 31112 W gle.android.gms: Missing inline cache for java.lang.Object fmmj.apply(java.lang.Object)
07-30 16:31:45.502  2463  5121 W ActivityManager: Foreground service started from background can not have location/camera/microphone access: service com.xiaomi.market/.business_core.update.auto.CheckUpdateService
07-30 16:31:45.502  2463  5121 I ActivityManager: Background started FGS: Allowed [callingPackage: com.xiaomi.market; callingUid: 10167; uidState: SVC ; uidBFSL: n/a; intent: Intent { cmp=com.xiaomi.market/.business_core.update.auto.CheckUpdateService (has extras) }; code:SYSTEM_ALERT_WINDOW_PERMISSION; tempAllowListReason:<,reasonCode:SYSTEM_ALLOW_LISTED,duration:9223372036854775807,callingUid:-1>; targetSdkVersion:33; callerTargetSdkVersion:33; startForegroundCount:0; bindFromPackage:null: isBindService:false]
07-30 16:31:45.502  2463  5121 W ForegroundServiceTypeLoggerModule: Foreground service start for UID: 10167 does not have any types
07-30 16:31:45.505  2463  4205 I MiuiNetworkPolicy: updateUidState uid = 10261, uidState = 4
07-30 16:31:45.505  2463  4205 I MiuiNetworkPolicyTrafficLimit: updateWhiteListUidForMobileTraffic uid=10261,add=true
07-30 16:31:45.505  2463  4205 I MiuiNetworkPolicy: updateUidState uid = 10203, uidState = 4
07-30 16:31:45.505  2463  4205 I MiuiNetworkPolicy: updateUidState uid = 10167, uidState = 4
07-30 16:31:45.505  2463  4205 I MiuiNetworkPolicyTrafficLimit: updateWhiteListUidForMobileTraffic uid=10167,add=true
07-30 16:31:45.505  2463  4205 I MiuiNetworkPolicy: updateUidState uid = 10158, uidState = 4
07-30 16:31:45.508  9900 29075 I Market-WakeLockManager: acquire wakeLock: CheckUpdateService for 30000
07-30 16:31:45.508  2463  4205 I MiuiNetworkPolicyTrafficLimit: updateWhiteListUidForMobileTraffic uid=10158,add=true
07-30 16:31:45.508  9900 14327 I Market-RetrofitRequest: callStart : https://updateinfo.market.xiaomi.com/apm/updateinfo/v2
07-30 16:31:45.509  9900 29075 I Market-CheckUpdateService: force check Update Apps
07-30 16:31:45.509  9900 29075 I Market-LocalAppManager: query update apps from server : begin
07-30 16:31:45.509  9900 29075 I Market-LocalAppManager: checkUpdateFromServer : start
07-30 16:31:45.509  9900 29075 I Market-LocalAppManager: getUpdateInfoFromServer : start,isBackground=true
07-30 16:31:45.510  9900 14327 I Market-RetrofitRequest: HeaderInterceptor : https://updateinfo.market.xiaomi.com/apm/updateinfo/v2
07-30 16:31:45.510 31076 10930 I Fitness : (REDACTED) OnPackageChangedOperation got intent: %s
07-30 16:31:45.510  9900 14327 E Market-Client: isSupportChildMode, error: java.lang.NumberFormatException: For input string: ""
07-30 16:31:45.511  9900 14327 E Market-Client: isSupportChildMode, error: java.lang.NumberFormatException: For input string: ""
07-30 16:31:45.514  2463  4404 I whetstone.activity: processNotifyEvent1 resId = 256, bundle = Bundle[{startTime=90143833, sourcePkg=com.miui.cleanmaster, sourceUid=10266, status=0, jobId=410, batteryName=com.miui.cleanmaster/androidx.work.impl.background.systemjob.SystemJobService, elapsedRealtime=90143833}]
07-30 16:31:45.514  7968  7968 I Finsky  : [2] akwu.c(44): Do not start WearSupportService due to Wear service optimization
07-30 16:31:45.514  1844  1844 I vendor.qti.hardware.servicetrackeraidl-service: unbindService is called for service : com.miui.cleanmaster/androidx.work.impl.background.systemjob.SystemJobService and for client system
07-30 16:31:45.514  1844  1844 I vendor.qti.hardware.servicetrackeraidl-service: size of service connections for service: com.miui.cleanmaster/androidx.work.impl.background.systemjob.SystemJobServiceafter removal is 0
07-30 16:31:45.514  1844  1844 I vendor.qti.hardware.servicetrackeraidl-service: size of client connections for client: systemafter removal is 31
07-30 16:31:45.514  7968  7968 I Finsky  : [2] srb.akj(13): DTU: Received onPackageAdded, replacing: false
07-30 16:31:45.514  1844  1844 I vendor.qti.hardware.servicetrackeraidl-service: destroyService is called for service : com.miui.cleanmaster/androidx.work.impl.background.systemjob.SystemJobService
07-30 16:31:45.514  7968  7968 I Finsky  : [2] adpc.f(9): Clearing split related stale data.
07-30 16:31:45.514  9339  2797 I EventMonitor: notifyEvent resId=256
07-30 16:31:45.515  7968  7968 I Finsky  : [2] yag.g(1): yag - Received: android.intent.action.PACKAGE_CHANGED, [bfO9j9ve4MgOIwbOYqLIqpYnQx2pGcHqJmlKAR77Zlo]
07-30 16:31:45.515  7968 10492 I Finsky  : [2545] mjw.ajf(151): [ContentSync] finished, scheduled=false
07-30 16:31:45.515  2463  4205 I MiuiNetworkPolicy: updateUidState uid = 10266, uidState = 10
07-30 16:31:45.515  1844  1844 I vendor.qti.hardware.servicetrackeraidl-service: destroyService is called for service : com.google.android.gms/.fitness.service.recording.FitRecordingBroker
07-30 16:31:45.516 31076 10909 I Fitness : (REDACTED) FitCleanupIntentOperation received Intent %s
07-30 16:31:45.517  2463  4205 I MiuiNetworkPolicy: updateUidState uid = 10266, uidState = 19
07-30 16:31:45.518  9900 14327 I Market-LimitSpeedManager: startLimitSpeedNow() ====== speed = 32768
07-30 16:31:45.519  7968 10382 I Finsky  : [2539] pcp.accept(129): Wrote row to frosting DB: 1509
07-30 16:31:45.520  7968  7968 I Finsky  : [2] kuy.f(9): AIM: AppInfoCacheUpdater -> invalidating apps: [com.agoda.mobile.consumer]
07-30 16:31:45.520  7968  7968 I Finsky  : [2] kvn.g(21): AIM: AppInfoManager-Perf > getApps > called for 1 apps
07-30 16:31:45.520  7968  8188 I Finsky  : [2482] kwt.a(55): AIM: AppInfoManager-Perf > OnDeviceAppInfo > cacheHitCount=1, cacheMissCount=0. Missed  in cache (limit 10) : []
07-30 16:31:45.520  7968  8188 I Finsky  : [2482] kwt.a(55): AIM: AppInfoManager-Perf > OnDeviceAppInfo > cacheHitCount=0, cacheMissCount=1. Missed  in cache (limit 10) : [com.agoda.mobile.consumer]
07-30 16:31:45.520  7968  8188 I Finsky  : [2482] kuq.apply(1378): AIM: Got app ownership map. App counts: . Unique apps: 0
07-30 16:31:45.522  9900 14327 I Market-DownloadLimitSpeedManager: startLimitSpeed success. Total count 1
07-30 16:31:45.522  9900 14327 I Market-RetrofitRequest: HeaderInterceptor : https://updateinfo.market.xiaomi.com/apm/updateinfo/v2
07-30 16:31:45.522  7968  8170 I Finsky  : [2471] kuq.apply(1378): AIM: Got app ownership map. App counts: . Unique apps: 0
07-30 16:31:45.522  7968 10382 I Finsky  : [2539] pcp.accept(129): Wrote row to frosting DB: 1510
07-30 16:31:45.524  7968  8170 I Finsky  : [2471] kwp.a(206): AIM: AppInfoManager-Perf > ItemModel > CacheSize=34, cacheHitCount=0, cacheMissCount=0, total appsWithNoServerDataCount=4. Missed  in cache (limit 10) : []
07-30 16:31:45.527 28879 28882 I artd    : Dex parent of /data/app/~~2deKXWdOE6QyEBpWn30f6Q==/com.agoda.mobile.consumer-rkvj7VwBFnZ-IWD4GKig9w==/base.apk is not writable: Permission denied
07-30 16:31:45.527 28879 28882 I artd    : GetBestInfo checking odex in dalvik-cache (/data/dalvik-cache/arm64/data@app@~~2deKXWdOE6QyEBpWn30f6Q==@com.agoda.mobile.consumer-rkvj7VwBFnZ-IWD4GKig9w==@base.apk@classes.dex)
07-30 16:31:45.527 28879 28882 I artd    : Loading /data/dalvik-cache/arm64/data@app@~~2deKXWdOE6QyEBpWn30f6Q==@com.agoda.mobile.consumer-rkvj7VwBFnZ-IWD4GKig9w==@base.apk@classes.dex with executable: 0
07-30 16:31:45.527 28879 28882 I artd    : OatFileAssistant test for existing oat file /data/dalvik-cache/arm64/data@app@~~2deKXWdOE6QyEBpWn30f6Q==@com.agoda.mobile.consumer-rkvj7VwBFnZ-IWD4GKig9w==@base.apk@classes.dex: File /data/dalvik-cache/arm64/data@app@~~2deKXWdOE6QyEBpWn30f6Q==@com.agoda.mobile.consumer-rkvj7VwBFnZ-IWD4GKig9w==@base.apk@classes.vdex does not exist.
07-30 16:31:45.527 28879 28882 I artd    : GetBestInfo checking odex next to the dex file (/data/app/~~2deKXWdOE6QyEBpWn30f6Q==/com.agoda.mobile.consumer-rkvj7VwBFnZ-IWD4GKig9w==/oat/arm64/base.odex)
07-30 16:31:45.527 28879 28882 I artd    : Loading /data/app/~~2deKXWdOE6QyEBpWn30f6Q==/com.agoda.mobile.consumer-rkvj7VwBFnZ-IWD4GKig9w==/oat/arm64/base.odex with executable: 0
07-30 16:31:45.528  7968  8188 I Finsky  : [2482] jyg.accept(156): AIM: AppInfoManager-Perf > getApps > data collection finished
07-30 16:31:45.529  7968  8188 I Finsky  : [2482] kvo.run(976): AIM: AppInfoManager-Perf > maybeDestroyAppInfoManager is called. actives = 1
07-30 16:31:45.529  7968  8188 I Finsky  : [2482] kwp.a(206): AIM: AppInfoManager-Perf > ItemModel > CacheSize=34, cacheHitCount=0, cacheMissCount=0, total appsWithNoServerDataCount=4. Missed  in cache (limit 10) : []
07-30 16:31:45.529  2463  4205 I MiuiNetworkPolicy: updateUidState uid = 10124, uidState = 19
07-30 16:31:45.530 31105  6300 I Icing   : IndexChimeraService.getServiceInterface callingPackage=com.google.android.gms componentName=AppsCorpus serviceId=36
07-30 16:31:45.531 28879 28882 I artd    : Successfully loaded /data/app/~~2deKXWdOE6QyEBpWn30f6Q==/com.agoda.mobile.consumer-rkvj7VwBFnZ-IWD4GKig9w==/oat/arm64/base.odex with executable: 0
07-30 16:31:45.533 28879 28882 I artd    : /data/app/~~2deKXWdOE6QyEBpWn30f6Q==/com.agoda.mobile.consumer-rkvj7VwBFnZ-IWD4GKig9w==/oat/arm64/base.odex is kOatUpToDate with filter verify
07-30 16:31:45.542  7968  8188 I Finsky  : [2482] jyg.accept(156): AIM: AppInfoManager-Perf > getApps > data collection finished
07-30 16:31:45.542  7968  8188 I Finsky  : [2482] kvo.run(976): AIM: AppInfoManager-Perf > maybeDestroyAppInfoManager is called. actives = 0
07-30 16:31:45.544  8974  9450 I WakePathUpdatePolicy: doUpdate(user 0):responseCode:200
07-30 16:31:45.544  8974  9450 W WakePathUpdatePolicy: doUpdate(user 0): Response stream size=1408
07-30 16:31:45.549  8974  9450 I WakePathUpdatePolicy: pushWakePathData begin
07-30 16:31:45.549 31105  5286 I Icing   : IndexChimeraService.getServiceInterface callingPackage=com.google.android.gms componentName=null serviceId=30
07-30 16:31:45.549  8974  9450 I com.lbe.security.service.provider.WakePathDatabaseUtil: getWakePathWhiteList: whiteList.size=6
07-30 16:31:45.549  2463  5535 I WakePathChecker: MIUILOG-WAKEPATH pushWakePathWhiteList: userId=0 size=6
07-30 16:31:45.549  8974  9450 I com.lbe.security.service.provider.WakePathDatabaseUtil: getWakePathRuleList: wakeType=1 wakePathRules.size=3
07-30 16:31:45.549  2463  6119 I WakePathChecker: MIUILOG-WAKEPATH pushWakePathRuleInfos: wakeType=1 userId=0 size=3
07-30 16:31:45.550  8974  9450 I com.lbe.security.service.provider.WakePathDatabaseUtil: getWakePathRuleList: wakeType=8 wakePathRules.size=8
07-30 16:31:45.550  2463  5535 I WakePathChecker: MIUILOG-WAKEPATH pushWakePathRuleInfos: wakeType=8 userId=0 size=8
07-30 16:31:45.550  8974  9450 I com.lbe.security.service.provider.WakePathDatabaseUtil: getWakePathRuleList: wakeType=4 wakePathRules.size=4
07-30 16:31:45.550  2463  6119 I WakePathChecker: MIUILOG-WAKEPATH pushWakePathRuleInfos: wakeType=4 userId=0 size=4
07-30 16:31:45.550  8974  9450 I com.lbe.security.service.provider.WakePathDatabaseUtil: getWakePathRuleList: wakeType=2 wakePathRules.size=1
07-30 16:31:45.550  2463  5441 I WakePathChecker: MIUILOG-WAKEPATH pushWakePathRuleInfos: wakeType=2 userId=0 size=1
07-30 16:31:45.550  8974  9450 I com.lbe.security.service.provider.WakePathDatabaseUtil: getWakePathRuleList: wakeType=17 wakePathRules.size=0
07-30 16:31:45.550  2463  5441 I WakePathChecker: MIUILOG-WAKEPATH pushWakePathRuleInfos: wakeType=17 userId=0 size=0
07-30 16:31:45.551  8974  9450 I com.lbe.security.service.provider.WakePathDatabaseUtil: getWakePathRuleList: wakeType=32 wakePathRules.size=1
07-30 16:31:45.551  2463  6119 I WakePathChecker: MIUILOG-WAKEPATH pushWakePathRuleInfos: wakeType=32 userId=0 size=1
07-30 16:31:45.551  8974  9450 I com.lbe.security.service.provider.WakePathDatabaseUtil: getWakePathRuleList: wakeType=256 wakePathRules.size=8
07-30 16:31:45.551  2463  5441 I WakePathChecker: MIUILOG-WAKEPATH pushWakePathRuleInfos: wakeType=256 userId=0 size=8
07-30 16:31:45.551  8974  9450 I com.lbe.security.service.provider.WakePathDatabaseUtil: getWakePathRuleList: wakeType=128 wakePathRules.size=4
07-30 16:31:45.552  2463  5535 I WakePathChecker: MIUILOG-WAKEPATH pushWakePathRuleInfos: wakeType=128 userId=0 size=4
07-30 16:31:45.552  8974  9450 I com.lbe.security.service.provider.WakePathDatabaseUtil: getWakePathRuleList: wakeType=64 wakePathRules.size=2
07-30 16:31:45.552  2463  6119 I WakePathChecker: MIUILOG-WAKEPATH pushWakePathRuleInfos: wakeType=64 userId=0 size=2
07-30 16:31:45.552  8974  9450 I com.lbe.security.service.provider.WakePathDatabaseUtil: getWakePathRuleList: wakeType=4096 wakePathRules.size=2
07-30 16:31:45.552  2463  6119 I WakePathChecker: MIUILOG-WAKEPATH pushWakePathRuleInfos: wakeType=4096 userId=0 size=2
07-30 16:31:45.553  8974  9450 I com.lbe.security.service.provider.WakePathDatabaseUtil: getWakePathRuleList: wakeType=32768 wakePathRules.size=1
07-30 16:31:45.553  2463  6119 I WakePathChecker: MIUILOG-WAKEPATH pushWakePathRuleInfos: wakeType=32768 userId=0 size=1
07-30 16:31:45.553  8974  9450 I com.lbe.security.service.provider.WakePathDatabaseUtil: getWakePathRuleList: wakeType=8192 wakePathRules.size=5
07-30 16:31:45.553  2463  5535 I WakePathChecker: MIUILOG-WAKEPATH pushWakePathRuleInfos: wakeType=8192 userId=0 size=5
07-30 16:31:45.553  8974  9450 I com.lbe.security.service.provider.WakePathDatabaseUtil: getWakePathRuleList: wakeType=16384 wakePathRules.size=0
07-30 16:31:45.553  2463  6119 I WakePathChecker: MIUILOG-WAKEPATH pushWakePathRuleInfos: wakeType=16384 userId=0 size=0
07-30 16:31:45.553  8974  9450 I com.lbe.security.service.provider.WakePathDatabaseUtil: getWakePathRuleList: wakeType=22 wakePathRules.size=0
07-30 16:31:45.554  2463  6119 I WakePathChecker: MIUILOG-WAKEPATH pushWakePathRuleInfos: wakeType=22 userId=0 size=0
07-30 16:31:45.554  8974  9450 I WakePathUpdatePolicy: pushWakePathData end
07-30 16:31:45.554  8974  9450 I WakePathUpdatePolicy: doUpdate end
07-30 16:31:45.566 31105 10421 I Icing   : Usage reports ok 0, Failed Usage reports 0, indexed 0, rejected 0
07-30 16:31:45.566  7968  8041 I android.vending: This is non sticky GC, maxfree is 16777216 minfree is 8388608
07-30 16:31:45.568  7968  8043 W android.vending: ApkAssets: Deleting an ApkAssets object '<empty> and /data/app/~~OMew7d3bJR2ESYeNb5y4iQ==/io.github.ylimit.droidbotapp-2Ibxzn92UrniGzI4ebVWDA==/base.apk' with 1 weak references
07-30 16:31:45.568  7968  8043 W android.vending: ApkAssets: Deleting an ApkAssets object '<empty> and /data/app/~~2deKXWdOE6QyEBpWn30f6Q==/com.agoda.mobile.consumer-rkvj7VwBFnZ-IWD4GKig9w==/base.apk' with 1 weak references
07-30 16:31:45.574 31105 10421 I Icing   : Usage reports ok 0, Failed Usage reports 0, indexed 0, rejected 0
07-30 16:31:45.574  9900 14327 I Market-DownloadLimitSpeedManager: stopLimitSpeed
07-30 16:31:45.575  9900 14327 I Market-LimitSpeedManager: stopLimitSpeedNow() =========== 
07-30 16:31:45.577  9900 14327 I Market-RetrofitRequest: callEnd : https://updateinfo.market.xiaomi.com/apm/updateinfo/v2
07-30 16:31:45.577  9900 14327 I Market-LocalAppManager: getUpdateInfoFromServer : end  , responseCode : OK
07-30 16:31:45.577  9900 14327 I Market-LocalAppManager: checkUpdateFromServer : end
07-30 16:31:45.577  9900 14327 I Market-LocalAppManager: checkUpdateFromServer  data parser : end
07-30 16:31:45.577  9900 14327 I Market-HuanjiManager: condition not satisfied, ignore
07-30 16:31:45.577  9900 14327 I Market-DataParser: [InvalidPackageList] JSON : invalidSystemPackageList list is null
07-30 16:31:45.577  9900 14327 I Market-LocalAppManager: checkUpdateFromServer  filter package : end
07-30 16:31:45.578  9900 14327 I Market-LocalAppManager: checkUpdateFromServer  support64BitPackagesJsonArray : end
07-30 16:31:45.578  9900 14327 I Market-SystemSettingsManager: extraSettingsSecureGetInt key: com.xiaomi.market.need_update_game_count, value: 0
07-30 16:31:45.579  9900 14327 I Market-UpdateAppList: notify update appList changed: pkg (62) = com.ss.android.ugc.aweme,com.milink.service,com.miui.hybrid,com.baidu.BaiduMap,com.netease.newsreader.activity,com.baidu.searchbox.lite,com.android.fileexplorer,com.xiaomi.aiasst.vision,com.microsoft.office.outlook,com.miui.newhome,com.autonavi.minimap,com.miui.calculator,com.miui.mishare.connectivity,com.android.contacts,com.unionpay.tsmservice.mi,com.miui.voiceassist,com.miui.thirdappassistant,com.xiaomi.scanner,com.miui.securitycenter,com.duokan.reader,com.baidu.searchbox,com.wuba.zhuanzhuan,com.xingin.xhs,com.miui.touchassistant,tv.danmaku.bili,com.dragon.read,com.miui.gallery,com.miui.cloudservice,com.UCMobile,com.mfashiongallery.emag,com.miui.carlink,com.miui.notes,com.xiaomi.payment,com.miui.home,com.miui.tsmclient,com.xiaomi.gamecenter,com.smile.gifmaker,com.android.browser,com.suxing.sustream,com.xiaomi.mis,com.miui.virtualsim,com.android.quicksearchbox,com.sina.news,com.miui.video,com.miui.weather2,com.ss.android.article.news,com.agoda.mobile.consumer,com.quark.browser,com.xiaomi.mi_connect_service,com.miui.personalassistant,com.android.mms,com.xiaomi.gamecenter.sdk.service,com.kuaishou.nebula,com.android.thememanager,com.miui.bugreport,com.xiaomi.digitalkey,com.android.calendar,com.xiaomi.aicr,com.xiaomi.xmsf,com.xiaomi.mirror,com.miui.yellowpage,com.android.soundrecorder
07-30 16:31:45.579  9900 14327 I Market-SystemSettingsManager: extraSettingsSecureGetInt key: com.xiaomi.market.need_update_app_count, value: 61
07-30 16:31:45.579  1827  2752 I vendor.qti.hardware.display.composer-service: Sensor: notify citsensorservice to trigger cwb, misForced = 1
07-30 16:31:45.580  9900 14327 I Market-SystemSettingsManager: extraSettingsSecurePutInt key: com.xiaomi.market.need_update_app_count, value: 62
07-30 16:31:45.580  3002  4297 I libsensor-parseRGB: request dump start for mRequestDisplayId 0
07-30 16:31:45.582  9900 29079 I Market-SubScriptManager: updateMarketSubScript forceShow : false
07-30 16:31:45.582  9900 29079 I Market-SubScriptManager: get count 61
07-30 16:31:45.582  9900 29079 I Market-SubScriptManager: get count 61
07-30 16:31:45.584 31105 25346 I AppLinksAsyncVerifierV2: (REDACTED) Verification result: checking for a statement with source %s, relation delegate_permission/common.handle_all_urls, and target %s --> %b.
07-30 16:31:45.586 31105 10842 I AppLinksHostsVerifierV2: (REDACTED) Verification %s complete. Successful hosts: %s. Failed hosts: %s. Error hosts: %s.
07-30 16:31:45.590  9900 29079 I Market-SubScriptManager: set count 62
07-30 16:31:45.591 31105 10842 I WebApkHostsVerifierV2: (REDACTED) Processing %d input requests
07-30 16:31:45.592 31105 10842 I AppLinksUtilsV1: Legacy cross-profile verification enabled [CONTEXT service_id=244 ]
07-30 16:31:45.593 31105 10842 I WebApkHostsVerifierV2: (REDACTED) Returning %d non-WebAPK requests
07-30 16:31:45.600  8974  9450 I WakePathUpdatePolicy: doUpdate(user 0):responseCode:200
07-30 16:31:45.600  8974  9450 W WakePathUpdatePolicy: doUpdate(user 0): Response stream size=1408
07-30 16:31:45.602  2105  2105 E DisplayModeController: setDesiredMode : Idle status skip setActiveMode, isDdicIdleMode: 1
07-30 16:31:45.602  8974  9450 I WakePathUpdatePolicy: pushWakePathData begin
07-30 16:31:45.603  3002  6353 E libsensor-parseRGB: CWB NotifyCWBBufferDone  error 0
07-30 16:31:45.603  8974  9450 I com.lbe.security.service.provider.WakePathDatabaseUtil: getWakePathWhiteList: whiteList.size=6
07-30 16:31:45.603  9900 29075 I Market-LocalAppManager: getUpdateInfoFromServer : middle
07-30 16:31:45.604  9900 29075 E Market-Client: isSupportChildMode, error: java.lang.NumberFormatException: For input string: ""
07-30 16:31:45.604  1827  2399 I SDM     : HWCDisplay::SetActiveConfigWithConstraints: display:66-0, config: 3, WxH 1200x2670, fps 120
07-30 16:31:45.604  2463  6119 I WakePathChecker: MIUILOG-WAKEPATH pushWakePathWhiteList: userId=0 size=6
07-30 16:31:45.605  8974  9450 I com.lbe.security.service.provider.WakePathDatabaseUtil: getWakePathRuleList: wakeType=1 wakePathRules.size=3
07-30 16:31:45.605  2463  5065 I WakePathChecker: MIUILOG-WAKEPATH pushWakePathRuleInfos: wakeType=1 userId=0 size=3
07-30 16:31:45.605  1827  2399 W SDM     : HWDeviceDRM::GetSupportedBitClkRate: Requested rate not supported: 1150000000
07-30 16:31:45.605  1827  2399 I SDM     : HWDeviceDRM::UpdateMixerAttributes: Mixer WxH 1200x2670-1 for Peripheral
07-30 16:31:45.605  8974  9450 I com.lbe.security.service.provider.WakePathDatabaseUtil: getWakePathRuleList: wakeType=8 wakePathRules.size=8
07-30 16:31:45.605  2463  5065 I WakePathChecker: MIUILOG-WAKEPATH pushWakePathRuleInfos: wakeType=8 userId=0 size=8
