07-30 16:31:54.155 11730 12096 I MMKV    : <MemoryFile.cpp:103::close> closing fd[0x76], /data/user/0/com.miui.newhome/files/mmkv/NewHome
07-30 16:31:54.155 11730 12096 I MMKV    : <MemoryFile.cpp:97::open> open fd[0x76], /data/user/0/com.miui.newhome/files/mmkv/NewHome
07-30 16:31:54.155 11730 12096 I MMKV    : <MMKV_IO.cpp:81::loadFromFile> loading [NewHome] with 90391 actual size, file size 262144, InterProcess 1, meta info version:3
07-30 16:31:54.155 11730 12096 I MMKV    : <MMKV_IO.cpp:86::loadFromFile> loading [NewHome] with crc 197869254 sequence 5 version 3
07-30 16:31:54.155 11730 12096 I MMKV    : <MMKV_IO.cpp:130::loadFromFile> loaded [NewHome] with 81 key-values
07-30 16:31:54.156 32628 32628 I Choreographer: Skipped 53 frames!  The application may be doing too much work on its main thread.
07-30 16:31:54.156  8013 24478 I ProcessMonitor: onForegroundInfoChanged: ForegroundInfo{mForegroundPackageName='com.agoda.mobile.consumer', mForegroundUid=10398, mForegroundPid=32628, mLastForegroundPackageName='com.miui.home', mLastForegroundUid=10138, mLastForegroundPid=4497, mMultiWindowForegroundPackageName='com.agoda.mobile.consumer', mMultiWindowForegroundUid=10398, mFlags=1}
07-30 16:31:54.158  2912  3069 E misight_perf:  [902001001, com.agoda.mobile.consumer, 32628, long running]
07-30 16:31:54.159  2912  3062 I misight : OnEvent EventPrivacyCompliance event=902001001
07-30 16:31:54.159  2912  3062 I misight : OnEvent EventStorageManager event=902001001,2
07-30 16:31:54.161  1844  1844 I vendor.qti.hardware.servicetrackeraidl-service: unbindService is called for service : com.google.android.webview/org.chromium.android_webview.services.VariationsSeedServer and for client com.agoda.mobile.consumer
07-30 16:31:54.161  1844  1844 I vendor.qti.hardware.servicetrackeraidl-service: size of service connections for service: com.google.android.webview/org.chromium.android_webview.services.VariationsSeedServerafter removal is 0
07-30 16:31:54.161  1844  1844 I vendor.qti.hardware.servicetrackeraidl-service: size of client connections for client: com.agoda.mobile.consumerafter removal is 5
07-30 16:31:54.161  1844  1844 I vendor.qti.hardware.servicetrackeraidl-service: destroyService is called for service : com.google.android.webview/org.chromium.android_webview.services.VariationsSeedServer
07-30 16:31:54.161  2912  3069 E misight_perf:  [902001003, com.agoda.mobile.consumer, 32628, doframe latency due to msg]
07-30 16:31:54.164  1844  1844 I vendor.qti.hardware.servicetrackeraidl-service: unbindService is called for service : com.google.android.gms/.ads.identifier.service.AdvertisingIdService and for client com.agoda.mobile.consumer
07-30 16:31:54.166  1844  1844 I vendor.qti.hardware.servicetrackeraidl-service: unbindService is called for service : com.google.android.gms/.ads.identifier.service.AdvertisingIdService and for client com.agoda.mobile.consumer
07-30 16:31:54.166  1844  1844 I vendor.qti.hardware.servicetrackeraidl-service: size of service connections for service: com.google.android.gms/.ads.identifier.service.AdvertisingIdServiceafter removal is 0
07-30 16:31:54.166  1844  1844 I vendor.qti.hardware.servicetrackeraidl-service: size of client connections for client: com.agoda.mobile.consumerafter removal is 4
07-30 16:31:54.166  1844  1844 I vendor.qti.hardware.servicetrackeraidl-service: destroyService is called for service : com.google.android.gms/.ads.identifier.service.AdvertisingIdService
07-30 16:31:54.170 32628 11288 W GraphRequest: Starting with v13 of the SDK, a client token must be embedded in your client code before making Graph API calls. Visit https://developers.facebook.com/docs/android/getting-started#client-token to learn how to implement this change.
07-30 16:31:54.172  1844  1844 I vendor.qti.hardware.servicetrackeraidl-service: unbindService is called for service : com.google.android.webview/org.chromium.android_webview.services.MetricsBridgeService and for client com.agoda.mobile.consumer
07-30 16:31:54.172  1844  1844 I vendor.qti.hardware.servicetrackeraidl-service: size of service connections for service: com.google.android.webview/org.chromium.android_webview.services.MetricsBridgeServiceafter removal is 2
07-30 16:31:54.172  1844  1844 I vendor.qti.hardware.servicetrackeraidl-service: size of client connections for client: com.agoda.mobile.consumerafter removal is 3
07-30 16:31:54.172  8013 24478 I GameBoosterService: onForegroundInfoChanged: Cur=com.agoda.mobile.consumer	 last=com.miui.home
07-30 16:31:54.174  2463  4205 I MiuiNetworkPolicy: updateUidState uid = 10188, uidState = 19
07-30 16:31:54.176  8013 30694 W MIUISafety-Monitor: screen share ensure fg = com.agoda.mobile.consumer protect = false
07-30 16:31:54.176  2463  4205 I MiuiNetworkPolicyTrafficLimit: updateWhiteListUidForMobileTraffic uid=10188,add=false
07-30 16:31:54.176  2912  3062 I misight : OnEvent EventInfoPack event 902001001
07-30 16:31:54.176  8013 24478 I VideoBoxUtils: isSupportVideoBox: true
07-30 16:31:54.176  8013 24478 I VideoToolBoxService: vtb is closed!!!
07-30 16:31:54.177  8013 24478 I AppPredictPrivacyLaunchManager: getLauncherHomeAppList size: 75
07-30 16:31:54.177  8013  9646 E SuggestManager: openApp name = com.agoda.mobile.consumer
07-30 16:31:54.177  8013  9646 I NewAutoTaskManager: app use - delay = 9223372036854775807, doRemove = false, doPost = false
07-30 16:31:54.177  2912  3062 I misight : OnEvent EventPrivacyCompliance event=902001003
07-30 16:31:54.177  2912  3062 I misight : OnEvent EventStorageManager event=902001003,2
07-30 16:31:54.178 32628 32628 I System.out: AppSettings: MigrationBootable isMigrationRequired: true
07-30 16:31:54.178  8013  9672 E b       : insert result = 1629
07-30 16:31:54.179  2463  5065 I ClipboardServiceI: checkProviderWakePathForClipboard: primaryClip is null
07-30 16:31:54.180  8013 24478 I AppPredictService: difTIme = 68062
07-30 16:31:54.181  2912  3062 I misight : OnEvent EventInfoPack event 902001003
07-30 16:31:54.181 32628 11291 W GraphRequest: Starting with v13 of the SDK, a client token must be embedded in your client code before making Graph API calls. Visit https://developers.facebook.com/docs/android/getting-started#client-token to learn how to implement this change.
07-30 16:31:54.182  8013 24478 W ContextImpl: Calling a method in the system process without a qualified user: android.app.ContextImpl.startService:1939 android.content.ContextWrapper.startService:843 v2.b.f:39 v2.b$c.onForegroundInfoChanged:21 com.miui.gamebooster.mutiwindow.b$a.onForegroundInfoChanged:152 
07-30 16:31:54.182  1844  1844 I vendor.qti.hardware.servicetrackeraidl-service: bindService is called for service : com.agoda.mobile.consumer/com.agoda.mobile.analytics.AnalyticsService and for client com.agoda.mobile.consumer
07-30 16:31:54.182  1844  1844 I vendor.qti.hardware.servicetrackeraidl-service: total connections for service : com.agoda.mobile.consumer/com.agoda.mobile.analytics.AnalyticsServiceare :1
07-30 16:31:54.182  1844  1844 I vendor.qti.hardware.servicetrackeraidl-service: total connections for client : com.agoda.mobile.consumerare :3
07-30 16:31:54.182  8013 24478 I BeautyService: onForegroundInfoChanged: Cur=com.agoda.mobile.consumer	 last=com.miui.home
07-30 16:31:54.187  1844  1844 I vendor.qti.hardware.servicetrackeraidl-service: bindService is called for service : com.agoda.mobile.consumer/com.agoda.mobile.analytics.AnalyticsService and for client com.agoda.mobile.consumer
07-30 16:31:54.187  1844  1844 I vendor.qti.hardware.servicetrackeraidl-service: total connections for service : com.agoda.mobile.consumer/com.agoda.mobile.analytics.AnalyticsServiceare :1
07-30 16:31:54.187  1844  1844 I vendor.qti.hardware.servicetrackeraidl-service: total connections for client : com.agoda.mobile.consumerare :3
07-30 16:31:54.187  1844  1844 I vendor.qti.hardware.servicetrackeraidl-service: bindService is called for service : com.agoda.mobile.consumer/com.agoda.mobile.analytics.AnalyticsService and for client com.agoda.mobile.consumer
07-30 16:31:54.187  1844  1844 I vendor.qti.hardware.servicetrackeraidl-service: total connections for service : com.agoda.mobile.consumer/com.agoda.mobile.analytics.AnalyticsServiceare :1
07-30 16:31:54.187  1844  1844 I vendor.qti.hardware.servicetrackeraidl-service: total connections for client : com.agoda.mobile.consumerare :3
07-30 16:31:54.190  1844  1844 I vendor.qti.hardware.servicetrackeraidl-service: bindService is called for service : com.agoda.mobile.consumer/com.agoda.mobile.analytics.AnalyticsService and for client com.agoda.mobile.consumer
07-30 16:31:54.190  1844  1844 I vendor.qti.hardware.servicetrackeraidl-service: total connections for service : com.agoda.mobile.consumer/com.agoda.mobile.analytics.AnalyticsServiceare :1
07-30 16:31:54.190  1844  1844 I vendor.qti.hardware.servicetrackeraidl-service: total connections for client : com.agoda.mobile.consumerare :3
07-30 16:31:54.190  1844  1844 I vendor.qti.hardware.servicetrackeraidl-service: bindService is called for service : com.agoda.mobile.consumer/com.agoda.mobile.analytics.AnalyticsService and for client com.agoda.mobile.consumer
07-30 16:31:54.190  1844  1844 I vendor.qti.hardware.servicetrackeraidl-service: total connections for service : com.agoda.mobile.consumer/com.agoda.mobile.analytics.AnalyticsServiceare :1
07-30 16:31:54.190  1844  1844 I vendor.qti.hardware.servicetrackeraidl-service: total connections for client : com.agoda.mobile.consumerare :3
07-30 16:31:54.191  2463  4403 E HyperSentinel: -------------------------------------------------------
07-30 16:31:54.191  2463  4403 E HyperSentinel: Event_ThreadAmount
07-30 16:31:54.191  2463  4403 E HyperSentinel: -> audit event by proc 32628 "<pre-initialized>": running threads amount, 45 -> 78
07-30 16:31:54.191  2463  4402 E MiuiSentinelMemoryManager: getThreadinfo: <pre-initialized>#32628
07-30 16:31:54.200  1844  1844 I vendor.qti.hardware.servicetrackeraidl-service: bindService is called for service : com.agoda.mobile.consumer/com.agoda.mobile.analytics.AnalyticsService and for client com.agoda.mobile.consumer
07-30 16:31:54.200  1844  1844 I vendor.qti.hardware.servicetrackeraidl-service: total connections for service : com.agoda.mobile.consumer/com.agoda.mobile.analytics.AnalyticsServiceare :1
07-30 16:31:54.200  1844  1844 I vendor.qti.hardware.servicetrackeraidl-service: total connections for client : com.agoda.mobile.consumerare :3
07-30 16:31:54.202 13666 14007 I om.getsurfboard: This is sticky GC, maxfree is 16777216 minfree is 8388608
07-30 16:31:54.208  1844  1844 I vendor.qti.hardware.servicetrackeraidl-service: bindService is called for service : com.agoda.mobile.consumer/com.agoda.mobile.analytics.AnalyticsService and for client com.agoda.mobile.consumer
07-30 16:31:54.208  1844  1844 I vendor.qti.hardware.servicetrackeraidl-service: total connections for service : com.agoda.mobile.consumer/com.agoda.mobile.analytics.AnalyticsServiceare :1
07-30 16:31:54.208  1844  1844 I vendor.qti.hardware.servicetrackeraidl-service: total connections for client : com.agoda.mobile.consumerare :3
07-30 16:31:54.208  1844  1844 I vendor.qti.hardware.servicetrackeraidl-service: bindService is called for service : com.agoda.mobile.consumer/com.agoda.mobile.analytics.AnalyticsService and for client com.agoda.mobile.consumer
07-30 16:31:54.208  1844  1844 I vendor.qti.hardware.servicetrackeraidl-service: total connections for service : com.agoda.mobile.consumer/com.agoda.mobile.analytics.AnalyticsServiceare :1
07-30 16:31:54.208  1844  1844 I vendor.qti.hardware.servicetrackeraidl-service: total connections for client : com.agoda.mobile.consumerare :3
07-30 16:31:54.210 32628 11220 I ActivityThread: HardwareRenderer preload  done
07-30 16:31:54.212 32628 11492 W libc    : Access denied finding property "vendor.migl.debug"
07-30 16:31:54.212 32628 11492 I libMiGL : EnableDR: 0
07-30 16:31:54.212 32628 11492 I AdrenoGLES-0: QUALCOMM build                   : 0c7c4b37d5, I3988f0db60
07-30 16:31:54.212 32628 11492 I AdrenoGLES-0: Build Date                       : 10/18/24
07-30 16:31:54.212 32628 11492 I AdrenoGLES-0: OpenGL ES Shader Compiler Version: E031.45.02.19
07-30 16:31:54.212 32628 11492 I AdrenoGLES-0: Local Branch                     : 
07-30 16:31:54.212 32628 11492 I AdrenoGLES-0: Remote Branch                    : refs/tags/AU_LINUX_ANDROID_LA.VENDOR.14.3.0.R1.00.00.00.000.168
07-30 16:31:54.212 32628 11492 I AdrenoGLES-0: Remote Branch                    : NONE
07-30 16:31:54.212 32628 11492 I AdrenoGLES-0: Reconstruct Branch               : NOTHING
07-30 16:31:54.212 32628 11492 I AdrenoGLES-0: Build Config                     : S P 16.1.2 AArch64
07-30 16:31:54.212 32628 11492 I AdrenoGLES-0: Driver Path                      : /vendor/lib64/egl/libGLESv2_adreno.so
07-30 16:31:54.212 32628 11492 I AdrenoGLES-0: Driver Version                   : 0762.30
07-30 16:31:54.212 32628 11492 I AdrenoGLES-0: Process Name                     : com.agoda.mobile.consumer
07-30 16:31:54.215 32628 11492 I AdrenoGLES-0: PFP: 0x01520175, ME: 0x01520023
07-30 16:31:54.217  1870  1870 I qspmHal : enter getGpuProf at: 1517657449
07-30 16:31:54.217  1870  1870 I qspmHal : gpuProfName:com.agoda.mobile.consumer-gpu - gpu prof_info.path:/data/vendor/gaming/com.agoda.mobile.consumer-gpu
07-30 16:31:54.217  1870  1870 I qspmHal : PID 32628 from GFX matched.
07-30 16:31:54.217  1870  1870 E qspmHal : GPU profile file NOT found !!
07-30 16:31:54.218 32628 11492 I AdrenoUtils: <ReadGpuID:357>: Reading chip ID through GSL
07-30 16:31:54.224  2463  4349 W Process : Unable to open /proc/9868/status
07-30 16:31:54.234  1827  2752 I vendor.qti.hardware.display.composer-service: Sensor: notify citsensorservice to trigger cwb, misForced = 1
07-30 16:31:54.234  3002  4297 I libsensor-parseRGB: request dump start for mRequestDisplayId 0
07-30 16:31:54.238 32628 11372 I Braze v13.1.2 .bo.app.k1: New session created with ID: cc88c6ea-c7ed-404c-984d-5500f938e9c2
07-30 16:31:54.239 32628 11372 I Braze v13.1.2 .bo.app.h1: Did not request single location update. Location collection is disabled.
07-30 16:31:54.241  1844  1844 I vendor.qti.hardware.servicetrackeraidl-service: bindService is called for service : com.agoda.mobile.consumer/com.agoda.mobile.analytics.AnalyticsService and for client com.agoda.mobile.consumer
07-30 16:31:54.241  1844  1844 I vendor.qti.hardware.servicetrackeraidl-service: total connections for service : com.agoda.mobile.consumer/com.agoda.mobile.analytics.AnalyticsServiceare :1
07-30 16:31:54.241  1844  1844 I vendor.qti.hardware.servicetrackeraidl-service: total connections for client : com.agoda.mobile.consumerare :3
07-30 16:31:54.242 32628 11372 I Braze v13.1.2 .bo.app.x: Event was published, but no subscribers were found. Saving event for later publishing to a matching subscriber. Event class: class com.appboy.events.SessionStateChangedEvent
07-30 16:31:54.244 32628 11494 I ContentCatcher: ViewContentFetcher : ViewContentFetcher
07-30 16:31:54.245 32628 11494 E ContentCatcherManager: failed to get ContentCatcherService.
07-30 16:31:54.245 32628 11372 I Braze v13.1.2 .bo.app.i1: Completed the openSession call. Starting or continuing session cc88c6ea-c7ed-404c-984d-5500f938e9c2
07-30 16:31:54.245 32628 11494 E ContentCatcherManager: failed to get ContentCatcherService.
07-30 16:31:54.245 32628 32628 W libc    : Access denied finding property "ro.vendor.df.effect.conflict"
07-30 16:31:54.240 32628 32628 W mobile.consumer: type=1400 audit(0.0:22456): avc:  denied  { read } for  name="u:object_r:vendor_displayfeature_prop:s0" dev="tmpfs" ino=478 scontext=u:r:untrusted_app_30:s0:c142,c257,c512,c768 tcontext=u:object_r:vendor_displayfeature_prop:s0 tclass=file permissive=0 app=com.agoda.mobile.consumer
07-30 16:31:54.249 32628 11494 I ContentCatcher: SettingTrigger : register screen QA status observer com.agoda.mobile.consumer.screens.splash.AppLauncherActivity
07-30 16:31:54.250 32628 11494 I ContentCatcher: SettingTrigger : register global collect status observer com.agoda.mobile.consumer.screens.splash.AppLauncherActivity
07-30 16:31:54.250  2463  5441 W ActivityManager: Permission Denial: getCurrentUser() from pid=32628, uid=10398 requires android.permission.INTERACT_ACROSS_USERS
07-30 16:31:54.250 32628 11505 E FramePredict: registerContentObserver fail
07-30 16:31:54.257  3002  6353 E libsensor-parseRGB: CWB NotifyCWBBufferDone  error 0
07-30 16:31:54.258 32628 32628 I ViewRootImpl: com.agoda.mobile.consumer/com.agoda.mobile.consumer.screens.splash.AppLauncherActivity use first frame acceleration
07-30 16:31:54.259  2463  5534 W WindowManager: Failed looking up window session=Session{d9c5a6d 32628:u0a10398} callers=com.android.server.wm.WindowManagerService.windowForClientLocked:7019 com.android.server.wm.Session.updateRequestedVisibleTypes:822 android.view.IWindowSession$Stub.onTransact:1160 
07-30 16:31:54.262  3118 10447 I VA_ActivityStateHelper: activityResumed componentName ComponentInfo{com.agoda.mobile.consumer/com.agoda.mobile.consumer.screens.splash.AppLauncherActivity}
07-30 16:31:54.262  3118 10447 I VA_ActivityStateHelper: activityResumed mAiSkillPush is false
07-30 16:31:54.262  7989  8649 I ActivityObserverUtil: activityResumed ComponentInfo{com.agoda.mobile.consumer/com.agoda.mobile.consumer.screens.splash.AppLauncherActivity}
07-30 16:31:54.263  4497  4497 W RecentsImpl: updateStubViewVisibility, className=com.agoda.mobile.consumer.screens.splash.AppLauncherActivity
07-30 16:31:54.263  7989  8649 I TopActivityMonitor: send TopActivityChangeEvent=TopActivityChangeEvent(prev=ComponentInfo{com.miui.home/com.miui.home.launcher.Launcher}, current=ComponentInfo{com.agoda.mobile.consumer/com.agoda.mobile.consumer.screens.splash.AppLauncherActivity},appChanged=true)
07-30 16:31:54.263  4497  5295 W RecentsImpl: disableTouchBySwipeStatusBar    disable=false
07-30 16:31:54.263  7989  8079 I travelService_ActivityObserverUtils: activityResumed ComponentInfo{com.agoda.mobile.consumer/com.agoda.mobile.consumer.screens.splash.AppLauncherActivity}
07-30 16:31:54.263  7989  8079 I travelService_TopActivityMonitor: appUmeInfoListFromServer is null
07-30 16:31:54.263  7989  8079 I travelService_TopActivityMonitor: user change app but last app packageName out of ume range
07-30 16:31:54.263  7989  8079 I travelService_TopActivityMonitor: appInfoListFromServer is null
07-30 16:31:54.263  7989  8079 I travelService_TopActivityMonitor: user change app but last app packageName out of crgt range
07-30 16:31:54.263 12560 12700 I AIRC_CounterTrack: collect: signal-TopActivityPerception
07-30 16:31:54.264 12560 12700 I MMKV    : <MMKV.cpp:1170::sync> MMKV::sync, SyncFlag = 1
07-30 16:31:54.268  2463  5441 I MultiSenceManagerInternalStub: getInstance
07-30 16:31:54.268  4979  5212 I MultiTaskingTaskRepository: needSkip: is home task
07-30 16:31:54.269  4979  5212 I MiuiBubbleController: removeBubble: 239 reason=2
07-30 16:31:54.269  4979  5212 I MultiTaskingTaskRepository: onTaskInfoChanged multi list = [], full = [239, 177]
07-30 16:31:54.270  4497  5295 W RecentsImpl: disableBackStubWindow    disableTouch=false
07-30 16:31:54.270  4497  5295 W GestureStubView_Left: adaptRotation   currentRotation=0   mRotation=0
07-30 16:31:54.270  4497  5295 W GestureStubView_Right: adaptRotation   currentRotation=0   mRotation=0
07-30 16:31:54.272 32628 32628 W libc    : Access denied finding property "vendor.gpp.create_frc_extension"
07-30 16:31:54.273  2105  2749 W ServiceManagerCppClient: Permission failure: android.permission.ACCESS_SURFACE_FLINGER from uid=10398 pid=0
07-30 16:31:54.273  2105  2749 W ServiceManagerCppClient: Permission failure: android.permission.ROTATE_SURFACE_FLINGER from uid=10398 pid=0
07-30 16:31:54.273  2105  5771 W ServiceManagerCppClient: Permission failure: android.permission.ROTATE_SURFACE_FLINGER from uid=10398 pid=32628
07-30 16:31:54.273  2105  5771 W ServiceManagerCppClient: Permission failure: android.permission.INTERNAL_SYSTEM_WINDOW from uid=10398 pid=32628
07-30 16:31:54.273  2105  2749 W ServiceManagerCppClient: Permission failure: android.permission.INTERNAL_SYSTEM_WINDOW from uid=10398 pid=0
07-30 16:31:54.277 32628 11492 I MiuiProcessManagerImpl: setSchedFifo pid:32628, mode:3
07-30 16:31:54.277  1022  1022 I hwservicemanager: getTransport: Cannot find entry android.hardware.graphics.allocator@4.0::IAllocator/default in either framework or device VINTF manifest.
07-30 16:31:54.284 12560 12622 I ognitionService: This is non sticky GC, maxfree is 16777216 minfree is 8388608
07-30 16:31:54.284 32628 32628 W RenderThread: type=1400 audit(0.0:22457): avc:  denied  { getattr } for  path="/sys/module/metis/parameters/minor_window_app" dev="sysfs" ino=74657 scontext=u:r:untrusted_app_30:s0:c142,c257,c512,c768 tcontext=u:object_r:sysfs_migt:s0 tclass=file permissive=0 app=com.agoda.mobile.consumer
07-30 16:31:54.291 32628 32628 I Choreographer: first vsync insert message into MessageQueue Head
07-30 16:31:54.291  2463  6120 W ServiceManagerCppClient: Permission failure: android.permission.ACCESS_SURFACE_FLINGER from uid=10398 pid=0
07-30 16:31:54.291  2463  6120 W ServiceManagerCppClient: Permission failure: android.permission.ROTATE_SURFACE_FLINGER from uid=10398 pid=0
07-30 16:31:54.291  2463  6120 W ServiceManagerCppClient: Permission failure: android.permission.INTERNAL_SYSTEM_WINDOW from uid=10398 pid=0
07-30 16:31:54.292  2463  2517 I WindowManager: onFirstWindowDrawn, try to remove startingWindow. this = ActivityRecord{39d8479 u0 com.agoda.mobile.consumer/.screens.splash.AppLauncherActivity t239} associatedTask = null isMainWindow = true mStartingWindow = Window{dce2582 u0 Splash Screen com.agoda.mobile.consumer} mStartingData = SplashScreenStartingData{2c13458 waitForSyncTransactionCommit=false removeAfterTransaction= 0}
07-30 16:31:54.293  2463  2517 I ATMSImpl: No snapshot since not start by launcher, activity=com.agoda.mobile.consumer/.screens.splash.AppLauncherActivity
07-30 16:31:54.296 32628 11290 W GraphRequest: Starting with v13 of the SDK, a client token must be embedded in your client code before making Graph API calls. Visit https://developers.facebook.com/docs/android/getting-started#client-token to learn how to implement this change.
07-30 16:31:54.296  2463  4403 E HyperSentinel: -------------------------------------------------------
07-30 16:31:54.296  2463  4403 E HyperSentinel: Event_ResidentSize
07-30 16:31:54.296  2463  4403 E HyperSentinel: -> audit event by proc 32628 "<pre-initialized>": RSS increasement, peak 287668kb -> 431804kb
07-30 16:31:54.296  2463  4402 E MiuiSentinelMemoryManager: getRSSinfo: <pre-initialized>#32628
07-30 16:31:54.296  2463  4402 W MiuiSentinelMemoryManager: The current process type does not meet reporting requirements
07-30 16:31:54.297  1844  1844 I vendor.qti.hardware.servicetrackeraidl-service: bindService is called for service : com.agoda.mobile.consumer/com.agoda.mobile.analytics.AnalyticsService and for client com.agoda.mobile.consumer
07-30 16:31:54.297  1844  1844 I vendor.qti.hardware.servicetrackeraidl-service: total connections for service : com.agoda.mobile.consumer/com.agoda.mobile.analytics.AnalyticsServiceare :1
07-30 16:31:54.297  1844  1844 I vendor.qti.hardware.servicetrackeraidl-service: total connections for client : com.agoda.mobile.consumerare :3
07-30 16:31:54.298  1844  1844 I vendor.qti.hardware.servicetrackeraidl-service: bindService is called for service : com.agoda.mobile.consumer/com.agoda.mobile.analytics.AnalyticsService and for client com.agoda.mobile.consumer
07-30 16:31:54.298  1844  1844 I vendor.qti.hardware.servicetrackeraidl-service: total connections for service : com.agoda.mobile.consumer/com.agoda.mobile.analytics.AnalyticsServiceare :1
07-30 16:31:54.298  1844  1844 I vendor.qti.hardware.servicetrackeraidl-service: total connections for client : com.agoda.mobile.consumerare :3
07-30 16:31:54.298  1844  1844 I vendor.qti.hardware.servicetrackeraidl-service: bindService is called for service : com.agoda.mobile.consumer/com.agoda.mobile.analytics.AnalyticsService and for client com.agoda.mobile.consumer
07-30 16:31:54.298  1844  1844 I vendor.qti.hardware.servicetrackeraidl-service: total connections for service : com.agoda.mobile.consumer/com.agoda.mobile.analytics.AnalyticsServiceare :1
07-30 16:31:54.298  1844  1844 I vendor.qti.hardware.servicetrackeraidl-service: total connections for client : com.agoda.mobile.consumerare :3
07-30 16:31:54.300  2463  2517 I WindowManager: wms.showSurfaceRobustly mWin:Window{86fed87 u0 com.agoda.mobile.consumer/com.agoda.mobile.consumer.screens.splash.AppLauncherActivity}
07-30 16:31:54.300  2105  5771 I BpBinder: onLastStrongRef automatically unlinking death recipients: 
07-30 16:31:54.303  2463  2506 I ActivityTaskManager: Displayed com.agoda.mobile.consumer/.screens.splash.AppLauncherActivity for user 0: +706ms
07-30 16:31:54.303  1844  1844 I vendor.qti.hardware.servicetrackeraidl-service: bindService is called for service : com.google.android.gms/.ads.identifier.service.AdvertisingIdService and for client com.agoda.mobile.consumer
07-30 16:31:54.303  1844  1844 I vendor.qti.hardware.servicetrackeraidl-service: total connections for service : com.google.android.gms/.ads.identifier.service.AdvertisingIdServiceare :1
07-30 16:31:54.303  1844  1844 I vendor.qti.hardware.servicetrackeraidl-service: total connections for client : com.agoda.mobile.consumerare :4
07-30 16:31:54.304  4979  5421 W qdgralloc: getInterlacedFlag: getMetaData returned 3, defaulting to interlaced_flag = 0
07-30 16:31:54.305  2463  4435 E ActivityTaskManager: Unable to get servicetracker HAL instance
07-30 16:31:54.305  2463  4435 E ActivityTaskManager: Unable to get servicetracker HAL instance
07-30 16:31:54.305  4905  5132 W DynamicDDSService: appName is not found in cache: com.miui.home
07-30 16:31:54.308 32628 11565 W GraphRequest: Starting with v13 of the SDK, a client token must be embedded in your client code before making Graph API calls. Visit https://developers.facebook.com/docs/android/getting-started#client-token to learn how to implement this change.
07-30 16:31:54.310  1827  2399 I MiClstc : DropLayers erase layer 1565
07-30 16:31:54.310  4497  4497 E Launcher.application: setClickAppWaitForCallback = false
07-30 16:31:54.311  7989  7989 I LauncherOverlayCallback: handleMessage WHAT_ACTIVITY_STATE_CHANGED what0
07-30 16:31:54.311  7989  7989 I LauncherOverlayCallback: handleMessage WHAT_LAUNCHER_STATE what0
07-30 16:31:54.311 32628 32628 I HandWritingStubImpl: refreshLastKeyboardType: 1
07-30 16:31:54.311 32628 32628 I HandWritingStubImpl: getCurrentKeyboardType: 1
07-30 16:31:54.312  4979  5421 W qdgralloc: getInterlacedFlag: getMetaData returned 3, defaulting to interlaced_flag = 0
07-30 16:31:54.312  2463  4108 I ImeTracker: com.agoda.mobile.consumer:e61665cb: onRequestHide at ORIGIN_SERVER reason HIDE_UNSPECIFIED_WINDOW fromUser false
07-30 16:31:54.312  2463  4108 I ImeTracker: com.agoda.mobile.consumer:e61665cb: onCancelled at PHASE_SERVER_SHOULD_HIDE
07-30 16:31:54.312  2463  4108 W SecurityInputMethodSwitcher: first check switch to security ime: false
07-30 16:31:54.313  2463  5177 I NetworkAccelerateSwitchService: EVENT_RSSI_POLL. mRssiPoll=true
07-30 16:31:54.313  2463  5065 E ActivityTaskManager: Unable to get servicetracker HAL instance
07-30 16:31:54.313  2463  5065 E ActivityTaskManager: Unable to get servicetracker HAL instance
07-30 16:31:54.313  2463  4108 W SecurityInputMethodSwitcher: double check switch to security ime: false
07-30 16:31:54.313  2463  5177 I NetworkAccelerateSwitchService: getAverageWifiRssi:66
07-30 16:31:54.314  1844  1844 I vendor.qti.hardware.servicetrackeraidl-service: bindService is called for service : com.google.android.gms/.ads.identifier.service.AdvertisingIdService and for client com.google.android.gms
07-30 16:31:54.314  1844  1844 I vendor.qti.hardware.servicetrackeraidl-service: total connections for service : com.google.android.gms/.ads.identifier.service.AdvertisingIdServiceare :2
07-30 16:31:54.314  1844  1844 I vendor.qti.hardware.servicetrackeraidl-service: total connections for client : com.google.android.gmsare :8
07-30 16:31:54.314  1844  1844 I vendor.qti.hardware.servicetrackeraidl-service: unbindService is called for service : com.google.android.gms/.ads.identifier.service.AdvertisingIdService and for client com.agoda.mobile.consumer
07-30 16:31:54.314  1844  1844 I vendor.qti.hardware.servicetrackeraidl-service: size of service connections for service: com.google.android.gms/.ads.identifier.service.AdvertisingIdServiceafter removal is 1
07-30 16:31:54.314  1844  1844 I vendor.qti.hardware.servicetrackeraidl-service: size of client connections for client: com.agoda.mobile.consumerafter removal is 3
07-30 16:31:54.315  2463  4205 I MiuiNetworkPolicy: updateUidState uid = 10296, uidState = 5
07-30 16:31:54.316 32628 11282 W GraphRequest: Starting with v13 of the SDK, a client token must be embedded in your client code before making Graph API calls. Visit https://developers.facebook.com/docs/android/getting-started#client-token to learn how to implement this change.
07-30 16:31:54.317  2463  4108 W SecurityInputMethodSwitcher: switch to other input method from security ime:false mayChangeToMiuiSecurityInputMethod: false current focus window: android.os.BinderProxy@83a49c6
07-30 16:31:54.318  2463  2509 W SSRU-ResourceUsageProxy: Nonexistent ongoing transaction AW_TOP:185781428 for u:0 pkg:com.miui.home ended
07-30 16:31:54.320  2463  4205 I MiuiNetworkPolicyTrafficLimit: updateWhiteListUidForMobileTraffic uid=10296,add=false
07-30 16:31:54.320  1844  1844 I vendor.qti.hardware.servicetrackeraidl-service: bindService is called for service : com.google.android.gms/.ads.identifier.service.AdvertisingIdService and for client com.agoda.mobile.consumer
07-30 16:31:54.320  2463  4205 I MiuiNetworkPolicy: updateUidState uid = 10189, uidState = 5
07-30 16:31:54.320  1844  1844 I vendor.qti.hardware.servicetrackeraidl-service: total connections for service : com.google.android.gms/.ads.identifier.service.AdvertisingIdServiceare :2
07-30 16:31:54.320  1844  1844 I vendor.qti.hardware.servicetrackeraidl-service: total connections for client : com.agoda.mobile.consumerare :4
07-30 16:31:54.321  4979  5421 W qdgralloc: getInterlacedFlag: getMetaData returned 3, defaulting to interlaced_flag = 0
07-30 16:31:54.321  2463  2514 I Location.SSRU: foregroundActivities IS falseUID ID 10138, home is true
07-30 16:31:54.323  2463  4205 I MiuiNetworkPolicyTrafficLimit: updateWhiteListUidForMobileTraffic uid=10189,add=false
07-30 16:31:54.323  2463  4205 I MiuiNetworkPolicy: updateUidState uid = 10163, uidState = 4
07-30 16:31:54.323  2463  4205 I MiuiNetworkPolicy: updateUidState uid = 10145, uidState = 4
07-30 16:31:54.323  2463  4205 I MiuiNetworkPolicy: updateUidState uid = 10138, uidState = 5
07-30 16:31:54.323  3118  3118 I VA_ConversationManager: lastQueryOrigin====null;fromCar=false
07-30 16:31:54.323  3118  3118 I VA_HybridLifecycleListener: onTopAppChanged: newApp=com.agoda.mobile.consumer from=com.miui.home fromPkg=com.agoda.mobile.consumer
07-30 16:31:54.324 31105 11553 I AdvertisingIdClient: shouldSendLog 89930417
07-30 16:31:54.324 31105 11553 I AdvertisingIdClient: GetInfoInternal elapse 18ms
07-30 16:31:54.324  1844  1844 I vendor.qti.hardware.servicetrackeraidl-service: unbindService is called for service : com.google.android.gms/.ads.identifier.service.AdvertisingIdService and for client com.agoda.mobile.consumer
07-30 16:31:54.324  1844  1844 I vendor.qti.hardware.servicetrackeraidl-service: size of service connections for service: com.google.android.gms/.ads.identifier.service.AdvertisingIdServiceafter removal is 1
07-30 16:31:54.324  1844  1844 I vendor.qti.hardware.servicetrackeraidl-service: size of client connections for client: com.agoda.mobile.consumerafter removal is 3
07-30 16:31:54.325  2463  4205 I MiuiNetworkPolicyTrafficLimit: updateWhiteListUidForMobileTraffic uid=10138,add=false
07-30 16:31:54.325  2463  4205 I MiuiNetworkPolicy: updateUidState uid = 10135, uidState = 5
07-30 16:31:54.325  2105  2105 E PassBlur: PassBlur.destruct will call disconnectWin(). com.miui.home/com.miui.home.launcher.Launcher#5455
07-30 16:31:54.326  2463  4205 I MiuiNetworkPolicyTrafficLimit: updateWhiteListUidForMobileTraffic uid=10135,add=false
07-30 16:31:54.326  1844  1844 I vendor.qti.hardware.servicetrackeraidl-service: bindService is called for service : com.android.vending/com.google.android.finsky.externalreferrer.GetInstallReferrerService and for client com.google.android.gms
07-30 16:31:54.326  1844  1844 I vendor.qti.hardware.servicetrackeraidl-service: total connections for service : com.android.vending/com.google.android.finsky.externalreferrer.GetInstallReferrerServiceare :1
07-30 16:31:54.326  1844  1844 I vendor.qti.hardware.servicetrackeraidl-service: total connections for client : com.google.android.gmsare :9
07-30 16:31:54.327  2463  5441 I SmartPower: com.android.vending/10124(7968): idle->background(5863ms) R(service create com.android.vending/com.google.android.finsky.externalreferrer.GetInstallReferrerService) adj=0.
07-30 16:31:54.331  2463  4205 I MiuiNetworkPolicy: updateUidState uid = 10124, uidState = 3
07-30 16:31:54.332  2463  4205 I MiuiNetworkPolicyTrafficLimit: updateWhiteListUidForMobileTraffic uid=10124,add=true
07-30 16:31:54.333  1844  1844 I vendor.qti.hardware.servicetrackeraidl-service: bindService is called for service : com.google.android.gms/.chimera.PersistentApiService and for client com.google.android.gms
07-30 16:31:54.333  1844  1844 I vendor.qti.hardware.servicetrackeraidl-service: total connections for service : com.google.android.gms/.chimera.PersistentApiServiceare :8
07-30 16:31:54.333  1844  1844 I vendor.qti.hardware.servicetrackeraidl-service: total connections for client : com.google.android.gmsare :9
07-30 16:31:54.334  1844  1844 I vendor.qti.hardware.servicetrackeraidl-service: bindService is called for service : com.google.android.gms/.chimera.PersistentApiService and for client com.google.android.gms
07-30 16:31:54.334  1844  1844 I vendor.qti.hardware.servicetrackeraidl-service: total connections for service : com.google.android.gms/.chimera.PersistentApiServiceare :8
07-30 16:31:54.334  1844  1844 I vendor.qti.hardware.servicetrackeraidl-service: total connections for client : com.google.android.gmsare :9
07-30 16:31:54.338  1844  1844 I vendor.qti.hardware.servicetrackeraidl-service: bindService is called for service : com.google.android.gms/.chimera.PersistentDirectBootAwareApiService and for client com.google.android.gms
07-30 16:31:54.338  1844  1844 I vendor.qti.hardware.servicetrackeraidl-service: total connections for service : com.google.android.gms/.chimera.PersistentDirectBootAwareApiServiceare :3
07-30 16:31:54.338  1844  1844 I vendor.qti.hardware.servicetrackeraidl-service: total connections for client : com.google.android.gmsare :9
07-30 16:31:54.339 32628 32628 I HandWritingStubImpl: getCurrentKeyboardType: 1
07-30 16:31:54.341 31076 21552 I NetworkScheduler: (REDACTED) Error inserting %s
07-30 16:31:54.346 31076  7640 I NetworkScheduler: (REDACTED) Error inserting %s
07-30 16:31:54.346 31076  7640 I NetworkScheduler: (REDACTED) Error inserting %s
07-30 16:31:54.355  9744 10033 I HeavyPackageIdentify: splitMode: false, splitPackages: null, foregroundPkg: com.agoda.mobile.consumer
07-30 16:31:54.362  9319  9743 W PushService: [Tid:490] Http POST Response Code: 200
07-30 16:31:54.367  7633 23247 I PSyncWorker: Starting proactive picker sync from sync source: 1
07-30 16:31:54.368  7633 23247 I PickerSyncController: Executing SyncAdd. isLocal: true. authority: com.android.providers.media.photopicker
07-30 16:31:54.369  7633 23247 I PickerSyncController: Paged sync successful. QueryArgs: Bundle[{android.provider.extra.SYNC_GENERATION=12218, android.provider.extra.PAGE_SIZE=1000}] Total Rows: 0
07-30 16:31:54.369  7633 23247 I PickerSyncController: Executing SyncRemove. isLocal: true. authority: com.android.providers.media.photopicker
07-30 16:31:54.369  7633 23247 E PickerDbFacade: Could not get first date taken millis for media id: 1000001223
07-30 16:31:54.369  7633 23247 W PickerDbFacade: Unable to promote cloud media with localId: 1000001223
07-30 16:31:54.369  7633 23247 I PickerSyncController: Paged sync successful. QueryArgs: Bundle[{android.provider.extra.SYNC_GENERATION=12218, android.provider.extra.PAGE_SIZE=1000}] Total Rows: 0
07-30 16:31:54.370  7633 23247 I PickerSyncTracker: Marked sync future complete for work id: 9b089b9d-d4ae-41e5-ae8e-41e2ab897683. Future map: {}
07-30 16:31:54.370  7633 23247 I PSyncWorker: Completed picker proactive sync complete from local provider.
07-30 16:31:54.370  7633  7831 I WM-WorkerWrapper: Worker result SUCCESS for Work [ id=9b089b9d-d4ae-41e5-ae8e-41e2ab897683, tags={ com.android.providers.media.photopicker.sync.ProactiveSyncWorker } ]
07-30 16:31:54.390  3002  4306 I libsensor-boledalgo: dbv:385,lux:158.1,cct:6574.4,hsv:-1.0,dc:0CWB R:117942.9,G:116677.0,B:107824.0Event C:14452.3,R:8007.3,G:4963.3,B:2984.0Cali C:3963.5,R:2358.3,G:1222.9,B:673.7 
07-30 16:31:54.442  1827  2752 I vendor.qti.hardware.display.composer-service: Sensor: notify citsensorservice to trigger cwb, misForced = 0
07-30 16:31:54.442  3002  4297 I libsensor-parseRGB: request dump start for mRequestDisplayId 0
07-30 16:31:54.465  3002  6353 E libsensor-parseRGB: CWB NotifyCWBBufferDone  error 0
07-30 16:31:54.515  1839  7244 E ANDR-PERF-LM: SAGT_ACTION: UpdateFPSData() 138: update /sys/kernel/sched_penalty/parameters/fps to 90, ret is 0
07-30 16:31:54.516  1839  7244 E ANDR-PERF-LM: SAGT_ACTION: updateAutoPenatly() 161: recovery auto penatly gamefps 90.000000, measured fps is 95.000000, gap is -5.000000 
07-30 16:31:54.528  3117  3117 I adbd    : in ShellService: ps
07-30 16:31:54.534  1844  1844 I vendor.qti.hardware.servicetrackeraidl-service: bindService is called for service : com.google.android.gms/.ads.identifier.service.AdvertisingIdService and for client com.agoda.mobile.consumer
07-30 16:31:54.534  1844  1844 I vendor.qti.hardware.servicetrackeraidl-service: total connections for service : com.google.android.gms/.ads.identifier.service.AdvertisingIdServiceare :2
07-30 16:31:54.534  1844  1844 I vendor.qti.hardware.servicetrackeraidl-service: total connections for client : com.agoda.mobile.consumerare :4
07-30 16:31:54.537  1844  1844 I vendor.qti.hardware.servicetrackeraidl-service: unbindService is called for service : com.google.android.gms/.ads.identifier.service.AdvertisingIdService and for client com.agoda.mobile.consumer
07-30 16:31:54.537  1844  1844 I vendor.qti.hardware.servicetrackeraidl-service: size of service connections for service: com.google.android.gms/.ads.identifier.service.AdvertisingIdServiceafter removal is 1
07-30 16:31:54.537  1844  1844 I vendor.qti.hardware.servicetrackeraidl-service: size of client connections for client: com.agoda.mobile.consumerafter removal is 3
07-30 16:31:54.538 32628 11285 W GraphRequest: Starting with v13 of the SDK, a client token must be embedded in your client code before making Graph API calls. Visit https://developers.facebook.com/docs/android/getting-started#client-token to learn how to implement this change.
07-30 16:31:54.570  2463  4403 E HyperSentinel: -------------------------------------------------------
07-30 16:31:54.571  2463  4403 E HyperSentinel: Event_ThreadAmount
07-30 16:31:54.571  2463  4403 E HyperSentinel: -> audit event by proc 32628 "<pre-initialized>": running threads amount, 78 -> 122
07-30 16:31:54.571  2463  4402 E MiuiSentinelMemoryManager: getThreadinfo: <pre-initialized>#32628
07-30 16:31:54.607 32628 32628 I cr_CombinedPProvider: #registerProvider() provider:WV.d9@af74fad isPolicyCacheEnabled:false policyProvidersSize:0
07-30 16:31:54.607 32628 32628 I cr_PolicyProvider: #setManagerAndSource() 0
07-30 16:31:54.608  1827  2399 I MiClstc : DropLayers erase layer 1563
07-30 16:31:54.612 32628 32628 I cr_CombinedPProvider: #linkNativeInternal() 1
07-30 16:31:54.612 32628 32628 I cr_AppResProvider: #getApplicationRestrictionsFromUserManager() Bundle[EMPTY_PARCEL]
07-30 16:31:54.612 32628 32628 I cr_PolicyProvider: #notifySettingsAvailable() 0
07-30 16:31:54.612 32628 32628 I cr_CombinedPProvider: #onSettingsAvailable() 0
07-30 16:31:54.612 32628 32628 I cr_CombinedPProvider: #flushPolicies()
07-30 16:31:54.616  1844  1844 I vendor.qti.hardware.servicetrackeraidl-service: bindService is called for service : com.google.android.gms/.ads.identifier.service.AdvertisingIdService and for client com.agoda.mobile.consumer
07-30 16:31:54.616  1844  1844 I vendor.qti.hardware.servicetrackeraidl-service: total connections for service : com.google.android.gms/.ads.identifier.service.AdvertisingIdServiceare :2
07-30 16:31:54.616  1844  1844 I vendor.qti.hardware.servicetrackeraidl-service: total connections for client : com.agoda.mobile.consumerare :4
07-30 16:31:54.617 32628 11372 I Braze v13.1.2 .com.appboy.Appboy: Changing anonymous user to beb8f3cf-545f-4d64-8300-a0c482ff9dca
07-30 16:31:54.619 32628 11372 I Braze v13.1.2 .bo.app.x: Event was published, but no subscribers were found. Saving event for later publishing to a matching subscriber. Event class: class com.appboy.events.SessionStateChangedEvent
07-30 16:31:54.620  1844  1844 I vendor.qti.hardware.servicetrackeraidl-service: bindService is called for service : com.android.vending/com.google.android.finsky.externalreferrer.GetInstallReferrerService and for client com.agoda.mobile.consumer
07-30 16:31:54.620  1844  1844 I vendor.qti.hardware.servicetrackeraidl-service: total connections for service : com.android.vending/com.google.android.finsky.externalreferrer.GetInstallReferrerServiceare :2
07-30 16:31:54.620  1844  1844 I vendor.qti.hardware.servicetrackeraidl-service: total connections for client : com.agoda.mobile.consumerare :5
07-30 16:31:54.624  2463  4435 I SmartPower: com.google.android.webview:sandboxed_process0:org.chromium.content.app.SandboxedPr-1->background(0ms) R(become background) adj=-10000.
07-30 16:31:54.624  1844  1844 I vendor.qti.hardware.servicetrackeraidl-service: bindService is called for service : com.agoda.mobile.consumer/org.chromium.content.app.SandboxedProcessService0:0 and for client com.agoda.mobile.consumer
07-30 16:31:54.624  1844  1844 I vendor.qti.hardware.servicetrackeraidl-service: total connections for service : com.agoda.mobile.consumer/org.chromium.content.app.SandboxedProcessService0:0are :1
07-30 16:31:54.624  1844  1844 I vendor.qti.hardware.servicetrackeraidl-service: total connections for client : com.agoda.mobile.consumerare :6
07-30 16:31:54.625  1844  1844 I vendor.qti.hardware.servicetrackeraidl-service: bindService is called for service : com.google.android.gms/.ads.identifier.service.AdvertisingIdService and for client com.agoda.mobile.consumer
07-30 16:31:54.625  1844  1844 I vendor.qti.hardware.servicetrackeraidl-service: total connections for service : com.google.android.gms/.ads.identifier.service.AdvertisingIdServiceare :2
07-30 16:31:54.625  1844  1844 I vendor.qti.hardware.servicetrackeraidl-service: total connections for client : com.agoda.mobile.consumerare :6
07-30 16:31:54.626  1844  1844 I vendor.qti.hardware.servicetrackeraidl-service: bindService is called for service : com.google.android.gms/.chimera.GmsBoundBrokerService and for client com.agoda.mobile.consumer
07-30 16:31:54.626  1844  1844 I vendor.qti.hardware.servicetrackeraidl-service: total connections for service : com.google.android.gms/.chimera.GmsBoundBrokerServiceare :3
07-30 16:31:54.626  1844  1844 I vendor.qti.hardware.servicetrackeraidl-service: total connections for client : com.agoda.mobile.consumerare :7
07-30 16:31:54.630  1844  1844 I vendor.qti.hardware.servicetrackeraidl-service: bindService is called for service : com.agoda.mobile.consumer/org.chromium.content.app.SandboxedProcessService0:0 and for client com.agoda.mobile.consumer
07-30 16:31:54.630  1844  1844 I vendor.qti.hardware.servicetrackeraidl-service: total connections for service : com.agoda.mobile.consumer/org.chromium.content.app.SandboxedProcessService0:0are :1
07-30 16:31:54.630  1844  1844 I vendor.qti.hardware.servicetrackeraidl-service: total connections for client : com.agoda.mobile.consumerare :7
07-30 16:31:54.631  2463  4414 I DisplayModeDirectorImpl: SmartDisplayPolicyEnd
07-30 16:31:54.631  2463  2516 I DisplayModeDirectorImpl: onDesiredDisplayModeSpecsChanged:baseModeId=1 allowGroupSwitching=false primary=physical: (0.0 120.0) render:  (0.0 120.0) appRequest=physical: (0.0 120.0) render:  (0.0 120.0) idleScreenRefreshRateConfig=null noVotes=false
07-30 16:31:54.634  2105  2105 I RefreshRateSelector: Display 4630947082089526659 policy changed
07-30 16:31:54.634  2105  2105 I RefreshRateSelector: Previous: {defaultModeId=0, allowGroupSwitching=false, primaryRanges={physical=[0.00 Hz, inf Hz], render=[0.00 Hz, 120.00 Hz]}, appRequestRanges={physical=[0.00 Hz, inf Hz], render=[0.00 Hz, 120.00 Hz]} idleScreenConfig=nullptr}
07-30 16:31:54.634  2105  2105 I RefreshRateSelector: Current:  DisplayManagerPolicy{defaultModeId=0, allowGroupSwitching=false, primaryRanges={physical=[0.00 Hz, 120.00 Hz], render=[0.00 Hz, 120.00 Hz]}, appRequestRanges={physical=[0.00 Hz, 120.00 Hz], render=[0.00 Hz, 120.00 Hz]} idleScreenConfig=nullptr}
07-30 16:31:54.634  2105  2105 I RefreshRateSelector: 0 mode changes were performed under the previous policy
07-30 16:31:54.641  2463  2531 I ActivityManager: Start proc 11696:com.google.android.webview:sandboxed_process0:org.chromium.content.app.SandboxedProcessService0:0/u0i32 for  {com.agoda.mobile.consumer/org.chromium.content.app.SandboxedProcessService0:0} caller=com.agoda.mobile.consumer
07-30 16:31:54.641  1870  1870 E qspmHal : setAppInfoH atPid = 11696, gpuFname:com.agoda.mobile.consumer, gpuFver:7204168331
07-30 16:31:54.642 32628 11372 I Braze v13.1.2 .bo.app.g4: Geofences implicitly disabled via server configuration.
07-30 16:31:54.643  1844  1844 I vendor.qti.hardware.servicetrackeraidl-service: bindService is called for service : com.android.vending/com.google.android.finsky.externalreferrer.GetInstallReferrerService and for client com.agoda.mobile.consumer
07-30 16:31:54.643  1844  1844 I vendor.qti.hardware.servicetrackeraidl-service: total connections for service : com.android.vending/com.google.android.finsky.externalreferrer.GetInstallReferrerServiceare :2
07-30 16:31:54.643  1844  1844 I