--------- beginning of main
07-30 16:31:31.271  9900 14327 I Market-RetrofitRequest: connectEnd : https://updateinfo.market.xiaomi.com/apm/updateinfo/v2, IP = 111.13.141.202
07-30 16:31:31.271  9900 14327 I Market-LimitSpeedManager: startLimitSpeedNow() ====== speed = 32768
07-30 16:31:31.272  3002  6353 E libsensor-parseRGB: CWB NotifyCWBBufferDone  error 0
07-30 16:31:31.276  9900 14327 I Market-DownloadLimitSpeedManager: startLimitSpeed success. Total count 1
07-30 16:31:31.277  9900 14327 I Market-RetrofitRequest: HeaderInterceptor : https://updateinfo.market.xiaomi.com/apm/updateinfo/v2
07-30 16:31:31.280  9900  4498 I Market-LocalAppManager: getUpdateInfoFromServer : middle
07-30 16:31:31.280  9900  4498 E Market-Client: isSupportChildMode, error: java.lang.NumberFormatException: For input string: ""
07-30 16:31:31.282  9900  4498 I Market-RetrofitRequest: callStart : https://updateinfo.market.xiaomi.com/apm/updateinfo/v2
07-30 16:31:31.283  9900  4498 I Market-RetrofitRequest: HeaderInterceptor : https://updateinfo.market.xiaomi.com/apm/updateinfo/v2
07-30 16:31:31.283  9900  4498 E Market-Client: isSupportChildMode, error: java.lang.NumberFormatException: For input string: ""
07-30 16:31:31.284  9900  4498 E Market-Client: isSupportChildMode, error: java.lang.NumberFormatException: For input string: ""
07-30 16:31:31.286  9900  4498 I Market-LimitSpeedManager: startLimitSpeedNow() ====== speed = 32768
07-30 16:31:31.289  9900  4498 I Market-DownloadLimitSpeedManager: startLimitSpeed success. Total count 2
07-30 16:31:31.289  9900  4498 I Market-RetrofitRequest: HeaderInterceptor : https://updateinfo.market.xiaomi.com/apm/updateinfo/v2
--------- beginning of system
07-30 16:31:31.317  2463  2463 I NotificationService: Cannot find enqueued record for key: 0|com.xiaomi.market|157630984|null|10167
07-30 16:31:31.319  9900 14427 I Market-RetrofitRequest: connectEnd : https://app.market.xiaomi.com/apm/statistics/appactive, IP = 111.13.141.202
07-30 16:31:31.324  9900 14427 I Market-LimitSpeedManager: startLimitSpeedNow() ====== speed = 32768
07-30 16:31:31.327  9900 14427 I Market-DownloadLimitSpeedManager: startLimitSpeed success. Total count 3
07-30 16:31:31.327  9900 14427 I Market-RetrofitRequest: HeaderInterceptor : https://app.market.xiaomi.com/apm/statistics/appactive
07-30 16:31:31.329  1827  2108 I SDM     : DisplayBase::CommitThread: Received idle timeout, panel: cmd, timeout: 70000 us
07-30 16:31:31.340  8974  9450 I WakePathUpdatePolicy: doUpdate(user 0):responseCode:200
07-30 16:31:31.340  8974  9450 W WakePathUpdatePolicy: doUpdate(user 0): Response stream size=1408
07-30 16:31:31.353  8974  9450 I WakePathUpdatePolicy: pushWakePathData begin
07-30 16:31:31.353  8974  9450 I com.lbe.security.service.provider.WakePathDatabaseUtil: getWakePathWhiteList: whiteList.size=6
07-30 16:31:31.354  2463  5528 I WakePathChecker: MIUILOG-WAKEPATH pushWakePathWhiteList: userId=0 size=6
07-30 16:31:31.355  8974  9450 I com.lbe.security.service.provider.WakePathDatabaseUtil: getWakePathRuleList: wakeType=1 wakePathRules.size=3
07-30 16:31:31.355  2463  5528 I WakePathChecker: MIUILOG-WAKEPATH pushWakePathRuleInfos: wakeType=1 userId=0 size=3
07-30 16:31:31.356  8974  9450 I com.lbe.security.service.provider.WakePathDatabaseUtil: getWakePathRuleList: wakeType=8 wakePathRules.size=8
07-30 16:31:31.356  2463  5528 I WakePathChecker: MIUILOG-WAKEPATH pushWakePathRuleInfos: wakeType=8 userId=0 size=8
07-30 16:31:31.356  8974  9450 I com.lbe.security.service.provider.WakePathDatabaseUtil: getWakePathRuleList: wakeType=4 wakePathRules.size=4
07-30 16:31:31.357  2463  5528 I WakePathChecker: MIUILOG-WAKEPATH pushWakePathRuleInfos: wakeType=4 userId=0 size=4
07-30 16:31:31.357  8974  9450 I com.lbe.security.service.provider.WakePathDatabaseUtil: getWakePathRuleList: wakeType=2 wakePathRules.size=1
07-30 16:31:31.357  2463  5528 I WakePathChecker: MIUILOG-WAKEPATH pushWakePathRuleInfos: wakeType=2 userId=0 size=1
07-30 16:31:31.358  8974  9450 I com.lbe.security.service.provider.WakePathDatabaseUtil: getWakePathRuleList: wakeType=17 wakePathRules.size=0
07-30 16:31:31.358  2463  5528 I WakePathChecker: MIUILOG-WAKEPATH pushWakePathRuleInfos: wakeType=17 userId=0 size=0
07-30 16:31:31.358  8974  9450 I com.lbe.security.service.provider.WakePathDatabaseUtil: getWakePathRuleList: wakeType=32 wakePathRules.size=1
07-30 16:31:31.359  2463  5528 I WakePathChecker: MIUILOG-WAKEPATH pushWakePathRuleInfos: wakeType=32 userId=0 size=1
07-30 16:31:31.359  8974  9450 I com.lbe.security.service.provider.WakePathDatabaseUtil: getWakePathRuleList: wakeType=256 wakePathRules.size=8
07-30 16:31:31.359  2463  5528 I WakePathChecker: MIUILOG-WAKEPATH pushWakePathRuleInfos: wakeType=256 userId=0 size=8
07-30 16:31:31.360  8974  9450 I com.lbe.security.service.provider.WakePathDatabaseUtil: getWakePathRuleList: wakeType=128 wakePathRules.size=4
07-30 16:31:31.360  2463  5528 I WakePathChecker: MIUILOG-WAKEPATH pushWakePathRuleInfos: wakeType=128 userId=0 size=4
07-30 16:31:31.361  8974  9450 I com.lbe.security.service.provider.WakePathDatabaseUtil: getWakePathRuleList: wakeType=64 wakePathRules.size=2
07-30 16:31:31.361  2463  5528 I WakePathChecker: MIUILOG-WAKEPATH pushWakePathRuleInfos: wakeType=64 userId=0 size=2
07-30 16:31:31.361  8974  9450 I com.lbe.security.service.provider.WakePathDatabaseUtil: getWakePathRuleList: wakeType=4096 wakePathRules.size=2
07-30 16:31:31.361  2463  5528 I WakePathChecker: MIUILOG-WAKEPATH pushWakePathRuleInfos: wakeType=4096 userId=0 size=2
07-30 16:31:31.362  8974  9450 I com.lbe.security.service.provider.WakePathDatabaseUtil: getWakePathRuleList: wakeType=32768 wakePathRules.size=1
07-30 16:31:31.362  2463  5528 I WakePathChecker: MIUILOG-WAKEPATH pushWakePathRuleInfos: wakeType=32768 userId=0 size=1
07-30 16:31:31.362  8974  9450 I com.lbe.security.service.provider.WakePathDatabaseUtil: getWakePathRuleList: wakeType=8192 wakePathRules.size=5
07-30 16:31:31.363  2463  5528 I WakePathChecker: MIUILOG-WAKEPATH pushWakePathRuleInfos: wakeType=8192 userId=0 size=5
07-30 16:31:31.363  8974  9450 I com.lbe.security.service.provider.WakePathDatabaseUtil: getWakePathRuleList: wakeType=16384 wakePathRules.size=0
07-30 16:31:31.363  2463  5528 I WakePathChecker: MIUILOG-WAKEPATH pushWakePathRuleInfos: wakeType=16384 userId=0 size=0
07-30 16:31:31.364  8974  9450 I com.lbe.security.service.provider.WakePathDatabaseUtil: getWakePathRuleList: wakeType=22 wakePathRules.size=0
07-30 16:31:31.364  2463  5528 I WakePathChecker: MIUILOG-WAKEPATH pushWakePathRuleInfos: wakeType=22 userId=0 size=0
07-30 16:31:31.364  8974  9450 I WakePathUpdatePolicy: pushWakePathData end
07-30 16:31:31.364  8974  9450 I WakePathUpdatePolicy: doUpdate end
07-30 16:31:31.382  9900 14327 I Market-DownloadLimitSpeedManager: tryStopLimitSpeed 2
07-30 16:31:31.383  9900 14427 I Market-DownloadLimitSpeedManager: tryStopLimitSpeed 1
07-30 16:31:31.384  9900 14427 I Market-RetrofitRequest: callEnd : https://app.market.xiaomi.com/apm/statistics/appactive
07-30 16:31:31.384  9900 14327 I Market-RetrofitRequest: callEnd : https://updateinfo.market.xiaomi.com/apm/updateinfo/v2
07-30 16:31:31.384  9900 14327 I Market-LocalAppManager: getUpdateInfoFromServer : end  , responseCode : OK
07-30 16:31:31.384  9900 14327 I Market-LocalAppManager: checkUpdateFromServer : end
07-30 16:31:31.384  9900 14427 E Market-ReflectUtils: invokeObject com.android.org.bouncycastle.util.encoders.Base64.decode com.xiaomi.market.util.reflect.IllegalArgumentException
07-30 16:31:31.385  9900 14427 E Market-ConnectionRSA: get key exception : java.lang.NullPointerException: decrypt data is null
07-30 16:31:31.385  9900 14327 I Market-LocalAppManager: checkUpdateFromServer  data parser : end
07-30 16:31:31.385  9900 14327 I Market-HuanjiManager: condition not satisfied, ignore
07-30 16:31:31.385  9900 14327 I Market-DataParser: [InvalidPackageList] JSON : invalidSystemPackageList list is null
07-30 16:31:31.385  9900 14327 I Market-LocalAppManager: checkUpdateFromServer  filter package : end
07-30 16:31:31.385  9900 14327 I Market-LocalAppManager: checkUpdateFromServer  support64BitPackagesJsonArray : end
07-30 16:31:31.435 18384 20854 I auth    : [XMS][Auth] updateAuthInfo in db true
07-30 16:31:31.436 18384 20854 I auth    : [XMS][Auth] updateAuthInfo in db true
07-30 16:31:31.438  3117  3117 I adbd    : in ShellService: export ANDROID_LOG_TAGS="''"; exec logcat '-v' 'threadtime' '*:I'
07-30 16:31:31.440 18384 20854 I auth    : [XMS][Auth] updateAuthInfo in db true
07-30 16:31:31.440  9900  4498 I Market-DownloadLimitSpeedManager: stopLimitSpeed
07-30 16:31:31.440  9900  4498 I Market-LimitSpeedManager: stopLimitSpeedNow() =========== 
07-30 16:31:31.443 18384 20854 I auth    : [XMS][Auth] updateAuthInfo in db true
07-30 16:31:31.444  8974  9450 I WakePathUpdatePolicy: doUpdate(user 0):responseCode:200
07-30 16:31:31.445  8974  9450 W WakePathUpdatePolicy: doUpdate(user 0): Response stream size=1376
07-30 16:31:31.447 18384 22937 I auth    : [XMS][Auth] updateAuthInfo in db true
07-30 16:31:31.447 18384 20854 I auth    : [XMS][Auth] updateAuthInfo in db true
07-30 16:31:31.450 18384 22937 I auth    : [XMS][Auth] updateAuthInfo in db true
07-30 16:31:31.450  3117  3117 I adbd    : in ShellService: getevent -lt
07-30 16:31:31.451 18384 22937 I auth    : [XMS][Auth] updateAuthInfo in db true
07-30 16:31:31.452 18384 20854 I auth    : [XMS][Auth] updateAuthInfo in db true
07-30 16:31:31.453  8974  9450 I WakePathUpdatePolicy: pushWakePathData begin
07-30 16:31:31.453  8974  9450 I com.lbe.security.service.provider.WakePathDatabaseUtil: getWakePathWhiteList: whiteList.size=6
07-30 16:31:31.453  2463  5441 I WakePathChecker: MIUILOG-WAKEPATH pushWakePathWhiteList: userId=0 size=6
07-30 16:31:31.454  8974  9450 I com.lbe.security.service.provider.WakePathDatabaseUtil: getWakePathRuleList: wakeType=1 wakePathRules.size=3
07-30 16:31:31.454  2463  5441 I WakePathChecker: MIUILOG-WAKEPATH pushWakePathRuleInfos: wakeType=1 userId=0 size=3
07-30 16:31:31.454  8974  9450 I com.lbe.security.service.provider.WakePathDatabaseUtil: getWakePathRuleList: wakeType=8 wakePathRules.size=8
07-30 16:31:31.454  2463  5441 I WakePathChecker: MIUILOG-WAKEPATH pushWakePathRuleInfos: wakeType=8 userId=0 size=8
07-30 16:31:31.455  8974  9450 I com.lbe.security.service.provider.WakePathDatabaseUtil: getWakePathRuleList: wakeType=4 wakePathRules.size=4
07-30 16:31:31.455  2463  5441 I WakePathChecker: MIUILOG-WAKEPATH pushWakePathRuleInfos: wakeType=4 userId=0 size=4
07-30 16:31:31.455  8974  9450 I com.lbe.security.service.provider.WakePathDatabaseUtil: getWakePathRuleList: wakeType=2 wakePathRules.size=1
07-30 16:31:31.455  2463  5441 I WakePathChecker: MIUILOG-WAKEPATH pushWakePathRuleInfos: wakeType=2 userId=0 size=1
07-30 16:31:31.455  8974  9450 I com.lbe.security.service.provider.WakePathDatabaseUtil: getWakePathRuleList: wakeType=17 wakePathRules.size=0
07-30 16:31:31.455  2463  5441 I WakePathChecker: MIUILOG-WAKEPATH pushWakePathRuleInfos: wakeType=17 userId=0 size=0
07-30 16:31:31.456  8974  9450 I com.lbe.security.service.provider.WakePathDatabaseUtil: getWakePathRuleList: wakeType=32 wakePathRules.size=1
07-30 16:31:31.456  2463  5441 I WakePathChecker: MIUILOG-WAKEPATH pushWakePathRuleInfos: wakeType=32 userId=0 size=1
07-30 16:31:31.456  8974  9450 I com.lbe.security.service.provider.WakePathDatabaseUtil: getWakePathRuleList: wakeType=256 wakePathRules.size=8
07-30 16:31:31.456  2463  5441 I WakePathChecker: MIUILOG-WAKEPATH pushWakePathRuleInfos: wakeType=256 userId=0 size=8
07-30 16:31:31.456  8974  9450 I com.lbe.security.service.provider.WakePathDatabaseUtil: getWakePathRuleList: wakeType=128 wakePathRules.size=4
07-30 16:31:31.456  2463  5441 I WakePathChecker: MIUILOG-WAKEPATH pushWakePathRuleInfos: wakeType=128 userId=0 size=4
07-30 16:31:31.457  8974  9450 I com.lbe.security.service.provider.WakePathDatabaseUtil: getWakePathRuleList: wakeType=64 wakePathRules.size=2
07-30 16:31:31.457  2463  5441 I WakePathChecker: MIUILOG-WAKEPATH pushWakePathRuleInfos: wakeType=64 userId=0 size=2
07-30 16:31:31.457  8974  9450 I com.lbe.security.service.provider.WakePathDatabaseUtil: getWakePathRuleList: wakeType=4096 wakePathRules.size=2
07-30 16:31:31.457  2463  5441 I WakePathChecker: MIUILOG-WAKEPATH pushWakePathRuleInfos: wakeType=4096 userId=0 size=2
07-30 16:31:31.457  8974  9450 I com.lbe.security.service.provider.WakePathDatabaseUtil: getWakePathRuleList: wakeType=32768 wakePathRules.size=1
07-30 16:31:31.457  2463  5441 I WakePathChecker: MIUILOG-WAKEPATH pushWakePathRuleInfos: wakeType=32768 userId=0 size=1
07-30 16:31:31.457  8974  9450 I com.lbe.security.service.provider.WakePathDatabaseUtil: getWakePathRuleList: wakeType=8192 wakePathRules.size=5
07-30 16:31:31.458  2463  5441 I WakePathChecker: MIUILOG-WAKEPATH pushWakePathRuleInfos: wakeType=8192 userId=0 size=5
07-30 16:31:31.458  8974  9450 I com.lbe.security.service.provider.WakePathDatabaseUtil: getWakePathRuleList: wakeType=16384 wakePathRules.size=0
07-30 16:31:31.458  2463  5441 I WakePathChecker: MIUILOG-WAKEPATH pushWakePathRuleInfos: wakeType=16384 userId=0 size=0
07-30 16:31:31.458  8974  9450 I com.lbe.security.service.provider.WakePathDatabaseUtil: getWakePathRuleList: wakeType=22 wakePathRules.size=0
07-30 16:31:31.458  2463  5441 I WakePathChecker: MIUILOG-WAKEPATH pushWakePathRuleInfos: wakeType=22 userId=0 size=0
07-30 16:31:31.458  8974  9450 I WakePathUpdatePolicy: pushWakePathData end
07-30 16:31:31.458  8974  9450 I WakePathUpdatePolicy: doUpdate end
07-30 16:31:31.460 18384 20854 I auth    : [XMS][Auth] updateAuthInfo in db true
07-30 16:31:31.461  3117  3117 I adbd    : in ShellService: ps
07-30 16:31:31.467  3117  3117 I adbd    : in ShellService: ime enable io.github.ylimit.droidbotapp/.DroidBotIME
07-30 16:31:31.524  9900  4498 I Market-RetrofitRequest: callEnd : https://updateinfo.market.xiaomi.com/apm/updateinfo/v2
07-30 16:31:31.531  9900  4498 W Market-Connection: Connection result is cut off as too long
07-30 16:31:31.545  9900  4498 I Market-LocalAppManager: getUpdateInfoFromServer : end  , responseCode : OK
07-30 16:31:31.545  9900  4498 I Market-LocalAppManager: checkUpdateFromServer : end
07-30 16:31:31.546  9900  4498 I Market-LocalAppManager: checkUpdateFromServer  data parser : end
07-30 16:31:31.546  9900  4498 I Market-HuanjiManager: condition not satisfied, ignore
07-30 16:31:31.546  9900  4498 I Market-DataParser: [InvalidPackageList] JSON : invalidSystemPackageList list is null
07-30 16:31:31.546  9900  4498 I Market-LocalAppManager: checkUpdateFromServer  filter package : end
07-30 16:31:31.547  9900  4498 I Market-LocalAppManager: checkUpdateFromServer  support64BitPackagesJsonArray : end
07-30 16:31:31.547  9900  4498 I Market-LocalAppManager: query update apps from server : finish, 64 / 424 to update
07-30 16:31:31.549  3117  3117 I adbd    : in ShellService: ime set io.github.ylimit.droidbotapp/.DroidBotIME
07-30 16:31:31.556  9900  4498 I Market-RetrofitRequest: callStart : https://updateinfo.market.xiaomi.com/apm/updateinfo/priority
07-30 16:31:31.557  9900  4498 I Market-RetrofitRequest: HeaderInterceptor : https://updateinfo.market.xiaomi.com/apm/updateinfo/priority
07-30 16:31:31.557  7968  8170 I Finsky  : [2471] pis.accept(67): SCH: Scheduling phonesky job Id: 12-1, CT: 1753864291175, Constraints: [{ L: 15000, D: 86400000, C: 1, I: 1, N: 1 }]
07-30 16:31:31.557  9900  4498 E Market-Client: isSupportChildMode, error: java.lang.NumberFormatException: For input string: ""
07-30 16:31:31.558  9900  4498 E Market-Client: isSupportChildMode, error: java.lang.NumberFormatException: For input string: ""
07-30 16:31:31.559  9900  4498 I Market-LimitSpeedManager: startLimitSpeedNow() ====== speed = 32768
07-30 16:31:31.560  7968  8188 I Finsky  : [2482] jyn.apply(28): SCH: Scheduling 1 system job(s)
07-30 16:31:31.560  7968  8188 I Finsky  : [2482] aceh.d(88): SCH: Scheduling system job Id: 9386, L: 14615, D: 85864590, C: false, I: false, N: 1
07-30 16:31:31.562  9900  4498 I Market-DownloadLimitSpeedManager: startLimitSpeed success. Total count 1
07-30 16:31:31.562  9900  4498 I Market-RetrofitRequest: HeaderInterceptor : https://updateinfo.market.xiaomi.com/apm/updateinfo/priority
07-30 16:31:31.564  2463  2530 W BroadcastQueue: Greezer Denial: sending Intent { act=android.net.wifi.RSSI_CHANGED flg=0x4000010 (has extras) }, action: android.net.wifi.RSSI_CHANGED from android (uid=1000) due to receiver ProcessRecord{53c2fb1 8536:com.ss.android.ugc.aweme:smp/u0a322} (uid 10322) need cached broadcast
07-30 16:31:31.564  2463  2530 W BroadcastQueue: Greezer Denial: sending Intent { act=android.net.wifi.RSSI_CHANGED flg=0x4000010 (has extras) }, action: android.net.wifi.RSSI_CHANGED from android (uid=1000) due to receiver ProcessRecord{d1daa83 20995:com.smile.gifmaker/u0a339} (uid 10339) need cached broadcast
07-30 16:31:31.573 14622 14622 E BaseInputMethodService: onUnbindInput
07-30 16:31:31.574  2463  4069 I InputReader: Reconfiguring input devices, changes=KEYBOARD_LAYOUTS
07-30 16:31:31.574  4497  4497 I HandWritingStubImpl: refreshLastKeyboardType: 1
07-30 16:31:31.574  4497  4497 I HandWritingStubImpl: getCurrentKeyboardType: 1
07-30 16:31:31.575  2463  4108 W InputMethodManagerService: Clear show forced flag.
07-30 16:31:31.575  2463  4108 W SecurityInputMethodSwitcher: first check switch to security ime: false
07-30 16:31:31.576  2463  4108 W SecurityInputMethodSwitcher: double check switch to security ime: false
07-30 16:31:31.576  2463  4108 W SecurityInputMethodSwitcher: switch to other input method from security ime:false mayChangeToMiuiSecurityInputMethod: false current focus window: android.os.BinderProxy@e737978
07-30 16:31:31.576  9339  9616 I IMECheckManager: getSelectedInputMethod, ime is io.github.ylimit.droidbotapp/.DroidBotIME
07-30 16:31:31.576  8013  8347 I k1      : input method change: 
07-30 16:31:31.576  9339  9616 I IMECheckManager: InputMethodObserver, userId is 0, ime = io.github.ylimit.droidbotapp/.DroidBotIME
07-30 16:31:31.577  4497  4497 I HandWritingStubImpl: refreshLastKeyboardType: 1
07-30 16:31:31.577  4497  4497 I HandWritingStubImpl: getCurrentKeyboardType: 1
07-30 16:31:31.579  1844  1844 I vendor.qti.hardware.servicetrackeraidl-service: unbindService is called for service : com.sohu.inputmethod.sogou.xiaomi/.SogouIME and for client system
07-30 16:31:31.579  1844  1844 I vendor.qti.hardware.servicetrackeraidl-service: size of service connections for service: com.sohu.inputmethod.sogou.xiaomi/.SogouIMEafter removal is 0
07-30 16:31:31.579  1844  1844 I vendor.qti.hardware.servicetrackeraidl-service: size of client connections for client: systemafter removal is 30
07-30 16:31:31.579  1844  1844 I vendor.qti.hardware.servicetrackeraidl-service: destroyService is called for service : com.sohu.inputmethod.sogou.xiaomi/.SogouIME
07-30 16:31:31.580  7968  8156 I Finsky  : [2470] mjw.ajf(151): [ContentSync] finished, scheduled=true
07-30 16:31:31.581  2463  4108 W InputManager-JNI: Input channel object '5e12468 InputMethod (client)' was disposed without first being removed with the input manager!
07-30 16:31:31.585  1844  1844 I vendor.qti.hardware.servicetrackeraidl-service: bindService is called for service : io.github.ylimit.droidbotapp/.DroidBotIME and for client system
07-30 16:31:31.585  1844  1844 I vendor.qti.hardware.servicetrackeraidl-service: total connections for service : io.github.ylimit.droidbotapp/.DroidBotIMEare :1
07-30 16:31:31.585  1844  1844 I vendor.qti.hardware.servicetrackeraidl-service: total connections for client : systemare :31
07-30 16:31:31.586  2105  2105 E DisplayModeController: setDesiredMode : Idle status skip setActiveMode, isDdicIdleMode: 1
07-30 16:31:31.586  2463  4108 W InputMethodManagerService: Clear show forced flag.
07-30 16:31:31.586  2463  4108 W SecurityInputMethodSwitcher: first check switch to security ime: false
07-30 16:31:31.586  2463  4108 W SecurityInputMethodSwitcher: double check switch to security ime: false
07-30 16:31:31.586  2463  4108 W SecurityInputMethodSwitcher: switch to other input method from security ime:false mayChangeToMiuiSecurityInputMethod: false current focus window: android.os.BinderProxy@e737978
07-30 16:31:31.587 14622 14622 E BaseInputMethodService: onDestroy
07-30 16:31:31.587  9339  9616 I IMECheckManager: getSelectedInputMethod, ime is io.github.ylimit.droidbotapp/.DroidBotIME
07-30 16:31:31.587  9339  9616 I IMECheckManager: updateCurrentIME, userId is 0, ime is io.github.ylimit.droidbotapp/.DroidBotIME, pkg is io.github.ylimit.droidbotapp, uid is 10397
07-30 16:31:31.588 14622 14622 W WindowOnBackDispatcher: sendCancelIfRunning: isInProgress=false callback=android.view.ViewRootImpl$$ExternalSyntheticLambda12@92115f3
07-30 16:31:31.588  9339  9616 I ActiveStateController: Ime outdated, uid is 10183
07-30 16:31:31.588  2463  5526 W WindowManager: Failed looking up window session=Session{417d331 14622:u0a10183} callers=com.android.server.wm.WindowManagerService.windowForClientLocked:7019 com.android.server.wm.Session.setOnBackInvokedCallbackInfo:1092 android.view.IWindowSession$Stub.onTransact:1281 
07-30 16:31:31.588  2463  5526 I WindowManager: setOnBackInvokedCallback(): No window state for package:com.sohu.inputmethod.sogou.xiaomi
07-30 16:31:31.588  9339  9638 I PowerKeeperConfigureManager: userId is 0, Ime outdated, uid is 10183
07-30 16:31:31.588  2463  5526 W WindowManager: Cannot find window which accessibility connection is added to
07-30 16:31:31.589  2463  3739 W WindowManager: Failed looking up window session=Session{417d331 14622:u0a10183} callers=com.android.server.wm.WindowManagerService.removeClientToken:2442 com.android.server.wm.Session.remove:290 android.view.IWindowSession$Stub.onTransact:741 
07-30 16:31:31.590 14622 14622 I IMEBottomManager: disableQuickMoveCursor
07-30 16:31:31.590  9339  9616 I ActiveStateController: Ime update, uid is 10397
07-30 16:31:31.591  1827  2399 I SDM     : HWCDisplay::SetActiveConfigWithConstraints: display:66-0, config: 3, WxH 1200x2670, fps 120
07-30 16:31:31.591  1827  2399 W SDM     : HWDeviceDRM::GetSupportedBitClkRate: Requested rate not supported: 1150000000
07-30 16:31:31.591  1827  2399 I SDM     : HWDeviceDRM::UpdateMixerAttributes: Mixer WxH 1200x2670-1 for Peripheral
07-30 16:31:31.591  1827  2399 I SDM     : HWCDisplay::SubmitDisplayConfig: Active configuration changed from config 1 to 3
07-30 16:31:31.592  1827  2399 I SDM     : HWCDisplay::SubmitDisplayConfig: Active WxH 1200x2670 ,ddic_mode:auto, timing_fps: 120, sf_fps: 120
07-30 16:31:31.592  9339  9638 I PowerKeeperConfigureManager: userId is 0, Ime update, uid is 10397
07-30 16:31:31.593  2463  6119 I ClipboardServiceI: checkProviderWakePathForClipboard: primaryClip is null
07-30 16:31:31.593  1827  2752 I vendor.qti.hardware.display.composer-service: Sensor: notify citsensorservice to trigger cwb, misForced = 0
07-30 16:31:31.593  2463  6119 I SmartPower: com.miui.phrase/10162(27285): idle->background(92914ms) R(content provider start ContentProviderRecord{e3754c6 u0 com.miui.phrase/com.miui.provider.InputProvider}) adj=0.
07-30 16:31:31.594  3002  4297 I libsensor-parseRGB: request dump start for mRequestDisplayId 0
07-30 16:31:31.596  2463  5529 I ClipboardServiceI: checkProviderWakePathForClipboard: primaryClip is null
07-30 16:31:31.597  4505  6786 I htmlviewercloudcontrol: isStagingEnv:false param =  InputMethod  uriMatch = 2, cluster: cn, version: 564062, traceId: 4658f1ef464dccbe8804f4eb820aec54, regId: +4z3RS85+e2U9l+sd6caQ/srGmJCsEbKpG1twyPn1K0CrNNyxYT/yAgGVxm5X+yC
07-30 16:31:31.599  2463  4205 I MiuiNetworkPolicy: updateUidState uid = 10183, uidState = 10
07-30 16:31:31.599  2463  4205 I MiuiNetworkPolicy: updateUidState uid = 10162, uidState = 10
07-30 16:31:31.603  2463  3739 E InputMethodManagerService: Ignoring com.android.server.inputmethod.InputMethodManagerService.updateStatusIcon:2768 due to an invalid token. uid:10183 token:android.os.Binder@60d2bc7
07-30 16:31:31.609 14622 14622 W WindowTokenClientController: Can't find attached WindowTokenClient for android.window.WindowTokenClient@f7a2605
07-30 16:31:31.611  2463  4205 I MiuiNetworkPolicy: updateUidState uid = 10183, uidState = 16
07-30 16:31:31.611  2463  4205 I MiuiNetworkPolicy: updateUidState uid = 10162, uidState = 19
07-30 16:31:31.617  3117  3117 I adbd    : in ShellService: getprop ro.build.version.release
07-30 16:31:31.620  9900  4498 I Market-DownloadLimitSpeedManager: stopLimitSpeed
07-30 16:31:31.620  9900  4498 I Market-LimitSpeedManager: stopLimitSpeedNow() =========== 
07-30 16:31:31.622  1839  7244 E ANDR-PERF-LM: SAGT_ACTION: UpdateFPSData() 138: update /sys/kernel/sched_penalty/parameters/fps to 30, ret is 0
07-30 16:31:31.622 10239 10565 W ziparchive: Unable to open '/system/framework/QXPerformance.dm': No such file or directory
07-30 16:31:31.622 10239 10565 W ziparchive: Unable to open '/system/framework/QXPerformance.dm': No such file or directory
07-30 16:31:31.623  1839  7244 E ANDR-PERF-LM: SAGT_ACTION: updateAutoPenatly() 161: recovery auto penatly gamefps 30.000000, measured fps is 30.000000, gap is 0.000000 
07-30 16:31:31.623  3002  3081 E libsensor-parseRGB: CWB NotifyCWBBufferDone  error 0
07-30 16:31:31.628  2463  6119 I AppsFilter: interaction: PackageSetting{5f74c68 io.github.ylimit.droidbotapp/10397} -> PackageSetting{3e1a515 com.miui.screenrecorder/10273} BLOCKED
07-30 16:31:31.629  2463  6119 I AppsFilter: interaction: PackageSetting{5f74c68 io.github.ylimit.droidbotapp/10397} -> PackageSetting{a9de02a com.android.cts.priv.ctsshim/10252} BLOCKED
07-30 16:31:31.629  2463  6119 I AppsFilter: interaction: PackageSetting{5f74c68 io.github.ylimit.droidbotapp/10397} -> PackageSetting{a016e1b com.quark.browser/10328} BLOCKED
07-30 16:31:31.629  2463  6119 I AppsFilter: interaction: PackageSetting{5f74c68 io.github.ylimit.droidbotapp/10397} -> PackageSetting{60a4bb8 com.android.uwb.resources/10242} BLOCKED
07-30 16:31:31.629  2463  6119 I AppsFilter: interaction: PackageSetting{5f74c68 io.github.ylimit.droidbotapp/10397} -> PackageSetting{9adfe9 com.android.internal.display.cutout.emulation.corner/10008} BLOCKED
07-30 16:31:31.629  2463  6119 I AppsFilter: interaction: PackageSetting{5f74c68 io.github.ylimit.droidbotapp/10397} -> PackageSetting{960846e com.android.internal.display.cutout.emulation.double/10013} BLOCKED
07-30 16:31:31.629  2463  6119 I AppsFilter: interaction: PackageSetting{5f74c68 io.github.ylimit.droidbotapp/10397} -> PackageSetting{4097a71 io.appium.settings/10274} BLOCKED
07-30 16:31:31.629  2463  6119 I AppsFilter: interaction: PackageSetting{5f74c68 io.github.ylimit.droidbotapp/10397} -> PackageSetting{dc47d91 com.unionpay.tsmservice.mi/10185} BLOCKED
07-30 16:31:31.629  2463  6119 I AppsFilter: interaction: PackageSetting{5f74c68 io.github.ylimit.droidbotapp/10397} -> PackageSetting{a11d4f6 com.android.healthconnect.controller/10245} BLOCKED
07-30 16:31:31.629  2463  6119 I AppsFilter: interaction: PackageSetting{5f74c68 io.github.ylimit.droidbotapp/10397} -> PackageSetting{4bed0f7 com.wuba.zhuanzhuan/10260} BLOCKED
07-30 16:31:31.629  2463  6119 I AppsFilter: interaction: PackageSetting{5f74c68 io.github.ylimit.droidbotapp/10397} -> PackageSetting{ef46b64 com.alibaba.aliexpresshd/10303} BLOCKED
07-30 16:31:31.629  2463  6119 I AppsFilter: interaction: PackageSetting{5f74c68 io.github.ylimit.droidbotapp/10397} -> PackageSetting{a2261cd com.google.android.onetimeinitializer/10123} BLOCKED
07-30 16:31:31.629  2463  6119 I AppsFilter: interaction: PackageSetting{5f74c68 io.github.ylimit.droidbotapp/10397} -> PackageSetting{bfe4a82 com.android.health.connect.backuprestore/10246} BLOCKED
07-30 16:31:31.629  2463  6119 I AppsFilter: interaction: PackageSetting{5f74c68 io.github.ylimit.droidbotapp/10397} -> PackageSetting{8858593 com.google.android.ext.shared/10150} BLOCKED
07-30 16:31:31.629  2463  6119 I AppsFilter: interaction: PackageSetting{5f74c68 io.github.ylimit.droidbotapp/10397} -> PackageSetting{23ed9d0 com.android.virtualmachine.res/10237} BLOCKED
07-30 16:31:31.629  2463  6119 I AppsFilter: interaction: PackageSetting{5f74c68 io.github.ylimit.droidbotapp/10397} -> PackageSetting{66fd907 com.android.providers.telephony.auto_generated_characteristics_rro/10072} BLOCKED
07-30 16:31:31.629  2463  6119 I AppsFilter: interaction: PackageSetting{5f74c68 io.github.ylimit.droidbotapp/10397} -> PackageSetting{2004dc9 com.xiaomi.gamecenter.sdk.service/10140} BLOCKED
07-30 16:31:31.629  2463  6119 I AppsFilter: interaction: PackageSetting{5f74c68 io.github.ylimit.droidbotapp/10397} -> PackageSetting{44a8cce com.android.htmlviewer/10092} BLOCKED
07-30 16:31:31.629  2463  6119 I AppsFilter: interaction: PackageSetting{5f74c68 io.github.ylimit.droidbotapp/10397} -> PackageSetting{ff8e7ef com.miui.gallery/10271} BLOCKED
07-30 16:31:31.629  2463  6119 I AppsFilter: interaction: PackageSetting{5f74c68 io.github.ylimit.droidbotapp/10397} -> PackageSetting{57fc2fc com.quicinc.voice.activation/10214} BLOCKED
07-30 16:31:31.629  2463  6119 I AppsFilter: interaction: PackageSetting{5f74c68 io.github.ylimit.droidbotapp/10397} -> PackageSetting{fb6fd85 com.google.android.configupdater/10122} BLOCKED
07-30 16:31:31.629  2463  6119 I AppsFilter: interaction: PackageSetting{5f74c68 io.github.ylimit.droidbotapp/10397} -> PackageSetting{c06a7da com.android.soundrecorder/10276} BLOCKED
07-30 16:31:31.629  2463  6119 I AppsFilter: interaction: PackageSetting{5f74c68 io.github.ylimit.droidbotapp/10397} -> PackageSetting{296140b com.suxing.sustream/10338} BLOCKED
07-30 16:31:31.629  2463  6119 I AppsFilter: interaction: PackageSetting{5f74c68 io.github.ylimit.droidbotapp/10397} -> PackageSetting{f8412e8 io.appium.uiautomator2.server/10283} BLOCKED
07-30 16:31:31.629  2463  6119 I AppsFilter: interaction: PackageSetting{5f74c68 io.github.ylimit.droidbotapp/10397} -> PackageSetting{6eed01 com.android.safetycenter.resources/10240} BLOCKED
07-30 16:31:31.629  2463  6119 I AppsFilter: interaction: PackageSetting{5f74c68 io.github.ylimit.droidbotapp/10397} -> PackageSetting{b3767a6 org.secuso.privacyfriendlytodolist/10270} BLOCKED
07-30 16:31:31.629  2463  6119 I AppsFilter: interaction: PackageSetting{5f74c68 io.github.ylimit.droidbotapp/10397} -> PackageSetting{88fe5e7 com.android.providers.downloads.ui/10261} BLOCKED
07-30 16:31:31.629  2463  6119 I AppsFilter: interaction: PackageSetting{5f74c68 io.github.ylimit.droidbotapp/10397} -> PackageSetting{4fb7594 com.android.simappdialog/10113} BLOCKED
07-30 16:31:31.629  2463  6119 I AppsFilter: interaction: PackageSetting{5f74c68 io.github.ylimit.droidbotapp/10397} -> PackageSetting{15c583d com.xingin.xhs/10286} BLOCKED
07-30 16:31:31.629  2463  6119 I AppsFilter: interaction: PackageSetting{5f74c68 io.github.ylimit.droidbotapp/10397} -> PackageSetting{3625832 com.android.connectivity.resources/10244} BLOCKED
07-30 16:31:31.629  2463  6119 I AppsFilter: interaction: PackageSetting{5f74c68 io.github.ylimit.droidbotapp/10397} -> PackageSetting{6af983 com.cnn.mobile.android.phone/10316} BLOCKED
07-30 16:31:31.629  9900  4498 I Market-RetrofitRequest: callEnd : https://updateinfo.market.xiaomi.com/apm/updateinfo/priority
07-30 16:31:31.629  2463  6119 I AppsFilter: interaction: PackageSetting{5f74c68 io.github.ylimit.droidbotapp/10397} -> PackageSetting{3db11f7 com.android.internal.display.cutout.emulation.hole/10010} BLOCKED
07-30 16:31:31.629  2463  6119 I AppsFilter: interaction: PackageSetting{5f74c68 io.github.ylimit.droidbotapp/10397} -> PackageSetting{fca1864 com.android.internal.display.cutout.emulation.tall/10011} BLOCKED
07-30 16:31:31.629  2463  6119 I AppsFilter: interaction: PackageSetting{5f74c68 io.github.ylimit.droidbotapp/10397} -> PackageSetting{3e45700 com.android.modulemetadata/10174} BLOCKED
07-30 16:31:31.629  2463  6119 I AppsFilter: interaction: PackageSetting{5f74c68 io.github.ylimit.droidbotapp/10397} -> PackageSetting{7b43f82 com.android.internal.systemui.navbar.threebutton/10051} BLOCKED
07-30 16:31:31.629  2463  6119 I AppsFilter: interaction: PackageSetting{5f74c68 io.github.ylimit.droidbotapp/10397} -> PackageSetting{4bb3b39 com.android.wifi.dialog/10211} BLOCKED
07-30 16:31:31.629  2463  6119 I AppsFilter: interaction: PackageSetting{5f74c68 io.github.ylimit.droidbotapp/10397} -> PackageSetting{6d9c57e com.tencent.android.qqdownloader/10324} BLOCKED
07-30 16:31:31.629  2463  6119 I AppsFilter: interaction: PackageSetting{5f74c68 io.github.ylimit.droidbotapp/10397} -> PackageSetting{259aadf com.android.contacts/10132} BLOCKED
07-30 16:31:31.629  2463  6119 I AppsFilter: interaction: PackageSetting{5f74c68 io.github.ylimit.droidbotapp/10397} -> PackageSetting{9b7e32c cn.amazon.mShop.android/10301} BLOCKED
07-30 16:31:31.629  2463  6119 I AppsFilter: interaction: PackageSetting{5f74c68 io.github.ylimit.droidbotapp/10397} -> PackageSetting{a8b51f5 com.miui.securitymanager/10272} BLOCKED
07-30 16:31:31.629  2463  6119 I AppsFilter: interaction: PackageSetting{5f74c68 io.github.ylimit.droidbotapp/10397} -> PackageSetting{8c8bb8a com.baidu.searchbox/10340} BLOCKED
07-30 16:31:31.629  2463  6119 I AppsFilter: interaction: PackageSetting{5f74c68 io.github.ylimit.droidbotapp/10397} -> PackageSetting{d5815fb com.android.mms/10141} BLOCKED
07-30 16:31:31.629  2463  6119 I AppsFilter: interaction: PackageSetting{5f74c68 io.github.ylimit.droidbotapp/10397} -> PackageSetting{560618 com.jijia.bqwnl/10327} BLOCKED
07-30 16:31:31.629  2463  6119 I AppsFilter: interaction: PackageSetting{5f74c68 io.github.ylimit.droidbotapp/10397} -> PackageSetting{90c1871 com.yahoo.mobile.client.android.mail/10341} BLOCKED
07-30 16:31:31.629  2463  6119 I AppsFilter: interaction: PackageSetting{5f74c68 io.github.ylimit.droidbotapp/10397} -> PackageSetting{1ff0656 com.mfashiongallery.emag/10262} BLOCKED
07-30 16:31:31.629  2463  6119 I AppsFilter: interaction: PackageSetting{5f74c68 io.github.ylimit.droidbotapp/10397} -> PackageSetting{a0816d7 com.instagram.android/10289} BLOCKED
07-30 16:31:31.629  2463  6119 I AppsFilter: interaction: PackageSetting{5f74c68 io.github.ylimit.droidbotapp/10397} -> PackageSetting{db16bc4 com.google.android.gm/10290} BLOCKED
07-30 16:31:31.629  2463  6119 I AppsFilter: interaction: PackageSetting{5f74c68 io.github.ylimit.droidbotapp/10397} -> PackageSetting{f8caad com.android.compos.payload/10243} BLOCKED
07-30 16:31:31.629  2463  6119 I AppsFilter: interaction: PackageSetting{5f74c68 io.github.ylimit.droidbotapp/10397} -> PackageSetting{67d31e2 com.microsoft.emmx/10311} BLOCKED
07-30 16:31:31.629  2463  6119 I AppsFilter: interaction: PackageSetting{5f74c68 io.github.ylimit.droidbotapp/10397} -> PackageSetting{f4d4973 com.android.settings.intelligence/10142} BLOCKED
07-30 16:31:31.629  2463  6119 I AppsFilter: interaction: PackageSetting{5f74c68 io.github.ylimit.droidbotapp/10397} -> PackageSetting{23b8030 com.android.calendar/10265} BLOCKED
07-30 16:31:31.629  2463  6119 I AppsFilter: interaction: PackageSetting{5f74c68 io.github.ylimit.droidbotapp/10397} -> PackageSetting{98464a9 com.miui.virtualsim/10277} BLOCKED
07-30 16:31:31.629  2463  6119 I AppsFilter: interaction: PackageSetting{5f74c68 io.github.ylimit.droidbotapp/10397} -> PackageSetting{7c08a2e com.microsoft.office.outlook/10323} BLOCKED
07-30 16:31:31.629  2463  6119 I AppsFilter: interaction: PackageSetting{5f74c68 io.github.ylimit.droidbotapp/10397} -> PackageSetting{4a909cf com.miui.compass/10267} BLOCKED
07-30 16:31:31.629  2463  6119 I AppsFilter: interaction: PackageSetting{5f74c68 io.github.ylimit.droidbotapp/10397} -> PackageSetting{2106f5c com.android.printspooler/10224} BLOCKED
07-30 16:31:31.629  2463  6119 I AppsFilter: interaction: PackageSetting{5f74c68 io.github.ylimit.droidbotapp/10397} -> PackageSetting{15a265 com.android.dreams.basic/10103} BLOCKED
07-30 16:31:31.629  2463  6119 I AppsFilter: interaction: PackageSetting{5f74c68 io.github.ylimit.droidbotapp/10397} -> PackageSetting{fcf1b3a com.android.incallui/10126} BLOCKED
07-30 16:31:31.629  2463  6119 I AppsFilter: interaction: PackageSetting{5f74c68 io.github.ylimit.droidbotapp/10397} -> PackageSetting{e5673eb com.musicworx/10320} BLOCKED
07-30 16:31:31.629  2463  6119 I AppsFilter: interaction: PackageSetting{5f74c68 io.github.ylimit.droidbotapp/10397} -> PackageSetting{4e32548 com.android.rkpdapp/10254} BLOCKED
07-30 16:31:31.629  2463  6119 I AppsFilter: interaction: PackageSetting{5f74c68 io.github.ylimit.droidbotapp/10397} -> PackageSetting{46ec6fb com.newcall.overlay.miui/10041} BLOCKED
07-30 16:31:31.630  2463  6119 I AppsFilter: interaction: PackageSetting{5f74c68 io.github.ylimit.droidbotapp/10397} -> PackageSetting{7c2ffe1 todolist.scheduleplanner.dailyplanner.todo.reminders/10299} BLOCKED
07-30 16:31:31.630  2463  6119 I AppsFilter: interaction: PackageSetting{5f74c68 io.github.ylimit.droidbotapp/10397} -> PackageSetting{9d4b171 android.auto_generated_characteristics_rro/10068} BLOCKED
07-30 16:31:31.630  2463  6119 I AppsFilter: interaction: PackageSetting{5f74c68 io.github.ylimit.droidbotapp/10397} -> PackageSetting{103b106 com.android.musicfx/10094} BLOCKED
07-30 16:31:31.630  2463  6119 I AppsFilter: interaction: PackageSetting{5f74c68 io.github.ylimit.droidbotapp/10397} -> PackageSetting{f2663c7 com.todoist/10298} BLOCKED
07-30 16:31:31.630  2463  6119 I AppsFilter: interaction: PackageSetting{5f74c68 io.github.ylimit.droidbotapp/10397} -> PackageSetting{8a94df4 com.google.android.webview/10188} BLOCKED
07-30 16:31:31.630  2463  6119 I AppsFilter: interaction: PackageSetting{5f74c68 io.github.ylimit.droidbotapp/10397} -> PackageSetting{48eb91d com.zhuantech.sijiweather/10337} BLOCKED
07-30 16:31:31.630  2463  6119 I AppsFilter: interaction: PackageSetting{5f74c68 io.github.ylimit.droidbotapp/10397} -> PackageSetting{699d792 com.ss.android.article.news/10325} BLOCKED
07-30 16:31:31.630  2463  6119 I AppsFilter: interaction: PackageSetting{5f74c68 io.github.ylimit.droidbotapp/10397} -> PackageSetting{a691a73 com.android.phone.auto_generated_characteristics_rro/10060} BLOCKED
07-30 16:31:31.630  2463  6119 I AppsFilter: interaction: PackageSetting{5f74c68 io.github.ylimit.droidbotapp/10397} -> PackageSetting{c1b7563 com.android.chrome/10282} BLOCKED
07-30 16:31:31.630  2463  6119 I AppsFilter: interaction: PackageSetting{5f74c68 io.github.ylimit.droidbotapp/10397} -> PackageSetting{3075560 com.UCMobile/10332} BLOCKED
07-30 16:31:31.630  2463  6119 I AppsFilter: interaction: PackageSetting{5f74c68 io.github.ylimit.droidbotapp/10397} -> PackageSetting{e62ca19 com.ss.android.ugc.aweme/10322} BLOCKED
07-30 16:31:31.630  2463  6119 I AppsFilter: interaction: PackageSetting{5f74c68 io.github.ylimit.droidbotapp/10397} -> PackageSetting{1f9dade com.android.wifi.resources/10258} BLOCKED
07-30 16:31:31.630  2463  6119 I AppsFilter: interaction: PackageSetting{5f74c68 io.github.ylimit.droidbotapp/10397} -> PackageSetting{dc604bf com.skysoft.kkbox.android/10285} BLOCKED
07-30 16:31:31.630  2463  6119 I AppsFilter: interaction: PackageSetting{5f74c68 io.github.ylimit.droidbotapp/10397} -> PackageSetting{d7c678c com.getsurfboard/10279} BLOCKED
07-30 16:31:31.630  2463  6119 I AppsFilter: interaction: PackageSetting{5f74c68 io.github.ylimit.droidbotapp/10397} -> PackageSetting{7cceed5 com.netease.newsreader.activity/10313} BLOCKED
07-30 16:31:31.630  2463  6119 I AppsFilter: interaction: PackageSetting{5f74c68 io.github.ylimit.droidbotapp/10397} -> PackageSetting{4fb64eb com.android.theme.font.notoserifsource/10017} BLOCKED
07-30 16:31:31.630  2463  6119 I AppsFilter: interaction: PackageSetting{5f74c68 io.github.ylimit.droidbotapp/10397} -> PackageSetting{c4c6ea com.kuaishou.nebula/10329} BLOCKED
07-30 16:31:31.630  2463  6119 I AppsFilter: interaction: PackageSetting{5f74c68 io.github.ylimit.droidbotapp/10397} -> PackageSetting{c63d8e1 com.android.internal.display.cutout.emulation.waterfall/10012} BLOCKED
07-30 16:31:31.630  2463  6119 I AppsFilter: interaction: PackageSetting{5f74c68 io.github.ylimit.droidbotapp/10397} -> PackageSetting{19e1606 com.android.internal.systemui.navbar.transparent/10063} BLOCKED
07-30 16:31:31.630  2463  6119 I AppsFilter: interaction: PackageSetting{5f74c68 io.github.ylimit.droidbotapp/10397} -> PackageSetting{b602ddb com.miui.newhome/10296} BLOCKED
07-30 16:31:31.630  2463  6119 I AppsFilter: interaction: PackageSetting{5f74c68 io.github.ylimit.droidbotapp/10397} -> PackageSetting{84e7078 com.miui.video/10294} BLOCKED
07-30 16:31:31.630  2463  6119 I AppsFilter: interaction: PackageSetting{5f74c68 io.github.ylimit.droidbotapp/10397} -> PackageSetting{47aa351 com.google.android.printservice.recommendation/10153} BLOCKED
07-30 16:31:31.630  2463  6119 I AppsFilter: interaction: PackageSetting{5f74c68 io.github.ylimit.droidbotapp/10397} -> PackageSetting{7a067b6 com.baidu.searchbox.lite/10334} BLOCKED
07-30 16:31:31.630  2463  6119 I AppsFilter: interaction: PackageSetting{5f74c68 io.github.ylimit.droidbotapp/10397} -> PackageSetting{ba9ccb7 com.spotify.music/10317} BLOCKED
07-30 16:31:31.630  2463  6119 I AppsFilter: interaction: PackageSetting{5f74c68 io.github.ylimit.droidbotapp/10397} -> PackageSetting{361c24 com.google.android.documentsui/10100} BLOCKED
07-30 16:31:31.630  2463  6119 I AppsFilter: interaction: PackageSetting{5f74c68 io.github.ylimit.droidbotapp/10397} -> PackageSetting{b75238d com.google.android.accessibility.switchaccess/10184} BLOCKED
07-30 16:31:31.630  2463  6119 I AppsFilter: interaction: PackageSetting{5f74c68 io.github.ylimit.droidbotapp/10397} -> PackageSetting{dc34942 com.sohu.inputmethod.sogou.xiaomi/10183} BLOCKED
07-30 16:31:31.630  2463  6119 I AppsFilter: interaction: PackageSetting{5f74c68 io.github.ylimit.droidbotapp/10397} -> PackageSetting{7847d53 cn.ninegame.gamemanager/10330} BLOCKED
07-30 16:31:31.630  2463  6119 I AppsFilter: interaction: PackageSetting{5f74c68 io.github.ylimit.droidbotapp/10397} -> PackageSetting{e2fd58a io.appium.uiautomator2.server.test/10280} BLOCKED
07-30 16:31:31.630  2463  6119 I AppsFilter: interaction: PackageSetting{5f74c68 io.github.ylimit.droidbotapp/10397} -> PackageSetting{2cad690 com.baidu.BaiduMap/10331} BLOCKED
07-30 16:31:31.630  2463  6119 I AppsFilter: interaction: PackageSetting{5f74c68 io.github.ylimit.droidbotapp/10397} -> PackageSetting{11d6b89 com.android.providers.partnerbookmarks/10109} BLOCKED
07-30 16:31:31.630  2463  6119 I AppsFilter: interaction: PackageSetting{5f74c68 io.github.ylimit.droidbotapp/10397} -> PackageSetting{540b78e com.android.smspush/10230} BLOCKED
07-30 16:31:31.630  2463  6119 I AppsFilter: interaction: PackageSetting{5f74c68 io.github.ylimit.droidbotapp/10397} -> PackageSetting{a4f9baf com.miui.calculator/10263} BLOCKED
07-30 16:31:31.630  2463  6119 I AppsFilter: interaction: PackageSetting{5f74c68 io.github.ylimit.droidbotapp/10397} -> PackageSetting{daecbbc de.baumann.browser/10308} BLOCKED
07-30 16:31:31.630  2463  6119 I AppsFilter: interaction: PackageSetting{5f74c68 io.github.ylimit.droidbotapp/10397} -> PackageSetting{4e83745 com.android.wallpaper.livepicker/10091} BLOCKED
07-30 16:31:31.630  2463  6119 I AppsFilter: interaction: PackageSetting{5f74c68 io.github.ylimit.droidbotapp/10397} -> PackageSetting{c14be9a com.android.cellbroadcastreceiver.module/10255} BLOCKED
07-30 16:31:31.630  2463  6119 I AppsFilter: interaction: PackageSetting{5f74c68 io.github.ylimit.droidbotapp/10397} -> PackageSetting{c0443cb com.android.apps.tag/10098} BLOCKED
07-30 16:31:31.630  2463  6119 I AppsFilter: interaction: PackageSetting{5f74c68 io.github.ylimit.droidbotapp/10397} -> PackageSetting{47ae7a8 com.android.imsserviceentitlement/10125} BLOCKED
07-30 16:31:31.630  2463  6119 I AppsFilter: interaction: PackageSetting{5f74c68 io.github.ylimit.droidbotapp/10397} -> PackageSetting{eda02c1 com.xiaomi.gamecenter/10288} BLOCKED
07-30 16:31:31.630  2463  6119 I AppsFilter: interaction: PackageSetting{5f74c68 io.github.ylimit.droidbotapp/10397} -> PackageSetting{1f02a66 com.android.appsearch.apk/10257} BLOCKED
07-30 16:31:31.630  2463  6119 I AppsFilter: interaction: PackageSetting{5f74c68 io.github.ylimit.droidbotapp/10397} -> PackageSetting{11151a7 com.dragon.read/10335} BLOCKED
07-30 16:31:31.630  2463  6119 I AppsFilter: interaction: PackageSetting{5f74c68 io.github.ylimit.droidbotapp/10397} -> PackageSetting{fb38e8c com.anydo/10292} BLOCKED
07-30 16:31:31.630  2463  6119 I AppsFilter: interaction: PackageSetting{5f74c68 io.github.ylimit.droidbotapp/10397} -> PackageSetting{96ad654 com.miui.cleanmaster/10266} BLOCKED
07-30 16:31:31.630  2463  6119 I AppsFilter: interaction: PackageSetting{5f74c68 io.github.ylimit.droidbotapp/10397} -> PackageSetting{8c309fd com.miui.weather2/10278} BLOCKED
07-30 16:31:31.630  2463  6119 I AppsFilter: interaction: PackageSetting{5f74c68 io.github.ylimit.droidbotapp/10397} -> PackageSetting{ec486f2 com.autonavi.minimap/10333} BLOCKED
07-30 16:31:31.630  2463  6119 I AppsFilter: interaction: PackageSetting{5f74c68 io.github.ylimit.droidbotapp/10397} -> PackageSetting{bf76143 com.xiaomi.scanner/10281} BLOCKED
07-30 16:31:31.630  2463  6119 I AppsFilter: interaction: PackageSetting{5f74c68 io.github.ylimit.droidbotapp/10397} -> PackageSetting{4c903c0 com.google.android.apps.tasks/10300} BLOCKED
07-30 16:31:31.630  2463  6119 I AppsFilter: interaction: PackageSetting{5f74c68 io.github.ylimit.droidbotapp/10397} -> PackageSetting{f3b48f9 com.duokan.reader/10287} BLOCKED
07-30 16:31:31.630  2463  6119 I AppsFilter: interaction: PackageSetting{5f74c68 io.github.ylimit.droidbotapp/10397} -> PackageSetting{384287b com.android.cts.ctsshim/10253} BLOCKED
07-30 16:31:31.630  2463  6119 I AppsFilter: interaction: PackageSetting{5f74c68 io.github.ylimit.droidbotapp/10397} -> PackageSetting{610203e douzifly.list/10182} BLOCKED
07-30 16:31:31.630  2463  6119 I AppsFilter: interaction: PackageSetting{5f74c68 io.github.ylimit.droidbotapp/10397} -> PackageSetting{ca4ce9f com.miui.yellowpage/10137} BLOCKED
07-30 16:31:31.630  2463  6119 I AppsFilter: interaction: PackageSetting{5f74c68 io.github.ylimit.droidbotapp/10397} -> PackageSetting{71a9bec com.einnovation.temu/10304} BLOCKED
07-30 16:31:31.630  2463  6119 I AppsFilter: interaction: PackageSetting{5f74c68 io.github.ylimit.droidbotapp/10397} -> PackageSetting{83eed2c com.android.microdroid.empty_payload/10236} BLOCKED
07-30 16:31:31.630  2463  6119 I AppsFilter: interaction: PackageSetting{5f74c68 io.github.ylimit.droidbotapp/10397} -> PackageSetting{65e7bb5 com.android.email/10268} BLOCKED
07-30 16:31:31.630  2463  6119 I AppsFilter: interaction: PackageSetting{5f74c68 io.github.ylimit.droidbotapp/10397} -> PackageSetting{2ea024a com.android.music/10175} BLOCKED
07-30 16:31:31.630  2463  6119 I AppsFilter: interaction: PackageSetting{5f74c68 io.github.ylimit.droidbotapp/10397} -> PackageSetting{991b5bb com.android.hotspot2.osulogin/10259} BLOCKED
07-30 16:31:31.630  2463  6119 I AppsFilter: interaction: PackageSetting{5f74c68 io.github.ylimit.droidbotapp/10397} -> PackageSetting{728d2a7 com.android.companiondevicemanager.auto_generated_characteristics_rro/10006} BLOCKED
07-30 16:31:31.630  2463  6119 I AppsFilter: interaction: PackageSetting{5f74c68 io.github.ylimit.droidbotapp/10397} -> PackageSetting{20b8ad8 com.google.android.gms.location.history/10152} BLOCKED
07-30 16:31:31.630  2463  6119 I AppsFilter: interaction: PackageSetting{5f74c68 io.github.ylimit.droidbotapp/10397} -> PackageSetting{e481e31 com.smile.gifmaker/10339} BLOCKED
07-30 16:31:31.630  2463  6119 I AppsFilter: interaction: PackageSetting{5f74c68 io.github.ylimit.droidbotapp/10397} -> PackageSetting{d1ebbf2 com.android.internal.systemui.navbar.gestural/10052} BLOCKED
07-30 16:31:31.630  2463  6119 I AppsFilter: interaction: PackageSetting{5f74c68 io.github.ylimit.droidbotapp/10397} -> PackageSetting{8cdf916 ru.mail.mailapp/10321} BLOCKED
07-30 16:31:31.630  2463  6119 I AppsFilter: interaction: PackageSetting{5f74c68 io.github.ylimit.droidbotapp/10397} -> PackageSetting{e9bf297 com.google.android.apps.youtube.music/10318} BLOCKED
07-30 16:31:31.630  2463  6119 I AppsFilter: interaction: PackageSetting{5f74c68 io.github.ylimit.droidbotapp/10397} -> PackageSetting{41a7c84 com.android.bluetoothmidiservice/10104} BLOCKED
07-30 16:31:31.630  2463  6119 I AppsFilter: interaction: PackageSetting{5f74c68 io.github.ylimit.droidbotapp/10397} -> PackageSetting{34f6c6d com.jijia.jjweather/10336} BLOCKED
07-30 16:31:31.630  2463  6119 I AppsFilter: interaction: PackageSetting{5f74c68 io.github.ylimit.droidbotapp/10397} -> PackageSetting{52890a2 com.ebay.mobile/10291} BLOCKED
07-30 16:31:31.630  2463  6119 I AppsFilter: interaction: PackageSetting{5f74c68 io.github.ylimit.droidbotapp/10397} -> PackageSetting{da32133 com.google.android.apps.magazines/10315} BLOCKED
07-30 16:31:31.630  2463  6119 I AppsFilter: interaction: PackageSetting{5f74c68 io.github.ylimit.droidbotapp/10397} -> PackageSetting{65084b5 com.qualcomm.qti.server.wigig.tethering.rro/10229} BLOCKED
07-30 16:31:31.630  2463  6119 I AppsFilter: interaction: PackageSetting{5f74c68 io.github.ylimit.droidbotapp/10397} -> PackageSetting{304dcf0 com.sina.news/10314} BLOCKED
07-30 16:31:31.630  2463  6119 I AppsFilter: interaction: PackageSetting{5f74c68 io.github.ylimit.droidbotapp/10397} -> PackageSetting{6036269 tv.danmaku.bili/10326} BLOCKED
07-30 16:31:31.630  2463  6119 I AppsFilter: interaction: PackageSetting{5f74c68 io.github.ylimit.droidbotapp/10397} -> PackageSetting{da314ee com.android.captiveportallogin/10106} BLOCKED
