07-30 16:31:47.866  3117  3117 I adbd    : in ShellService: dumpsys activity activities
07-30 16:31:47.966  2463  4412 I SmartPower: com.miui.cleanmaster/10266(21077): background->idle(3000ms) R(service create com.miui.cleanmaster/com.miui.optimizecenter.service.CleanMasterService) adj=905.
07-30 16:31:47.978  2463  4412 I SmartPower: com.android.packageinstaller/10097(11835): background->idle(3002ms) R(broadcast start Intent { act=android.intent.action.PACKAGE_ADDED dat=package: flg=0x5000010 pkg=com.android.packageinstaller (has extras) }) adj=905.
07-30 16:31:47.983  3117  3117 I adbd    : in ShellService: dumpsys activity activities
07-30 16:31:47.984  2463  5121 W ContentProviderHelper: No provider info for content provider  when providerRunning is false, caller is ProcessRecord{15056c5 18854:com.android.quicksearchbox:ApplicationsProvider/u0a136}
07-30 16:31:47.990 18854 18878 E ActivityThread: Failed to find provider info for 
07-30 16:31:47.993  2463  5121 W ContentProviderHelper: No provider info for content provider  when providerRunning is false, caller is null
07-30 16:31:47.997  2463  5121 I ClipboardServiceI: checkProviderWakePathForClipboard: primaryClip is null
07-30 16:31:48.002  2463  5121 W ContentProviderHelper: Permission Denial: opening provider com.alibaba.aliexpress.android.search.nav.SearchSuggestionProvider from ProcessRecord{15056c5 18854:com.android.quicksearchbox:ApplicationsProvider/u0a136} (pid=18854, uid=10136) that is not exported from UID 10303
07-30 16:31:48.006  2463  5121 I ClipboardServiceI: checkProviderWakePathForClipboard: primaryClip is null
07-30 16:31:48.006  2463  4205 I MiuiNetworkPolicy: updateUidState uid = 10303, uidState = 6
07-30 16:31:48.007  2463  4205 I MiuiNetworkPolicy: updateUidState uid = 10169, uidState = 6
07-30 16:31:48.009  2463  2503 W Bundle  : Failed to parse item error, returning null.
07-30 16:31:48.009  2463  2503 W Bundle  : android.os.BadTypeParcelableException: Parcelable creator android.os.ParcelableException is not a subclass of required class java.lang.String provided in the parameter
07-30 16:31:48.009  2463  2503 W Bundle  : 	at android.os.Parcel.readParcelableCreatorInternal(Parcel.java:5206)
07-30 16:31:48.009  2463  2503 W Bundle  : 	at android.os.Parcel.readParcelableInternal(Parcel.java:5080)
07-30 16:31:48.009  2463  2503 W Bundle  : 	at android.os.Parcel.readValue(Parcel.java:4840)
07-30 16:31:48.009  2463  2503 W Bundle  : 	at android.os.Parcel.readValue(Parcel.java:4609)
07-30 16:31:48.009  2463  2503 W Bundle  : 	at android.os.Parcel.-$$Nest$mreadValue(Unknown Source:0)
07-30 16:31:48.009  2463  2503 W Bundle  : 	at android.os.Parcel$LazyValue.apply(Parcel.java:4707)
07-30 16:31:48.009  2463  2503 W Bundle  : 	at android.os.Parcel$LazyValue.apply(Parcel.java:4666)
07-30 16:31:48.009  2463  2503 W Bundle  : 	at android.os.BaseBundle.unwrapLazyValueFromMapLocked(BaseBundle.java:416)
07-30 16:31:48.009  2463  2503 W Bundle  : 	at android.os.BaseBundle.getValueAt(BaseBundle.java:402)
07-30 16:31:48.009  2463  2503 W Bundle  : 	at android.os.BaseBundle.getPairValue(BaseBundle.java:282)
07-30 16:31:48.009  2463  2503 W Bundle  : 	at com.android.server.am.ContentProviderHelper.lambda$getMimeTypeFilterAsync$1(ContentProviderHelper.java:1212)
07-30 16:31:48.009  2463  2503 W Bundle  : 	at com.android.server.am.ContentProviderHelper.$r8$lambda$JV9jTPlBHAPZLxkKAqq24ds-FLE(Unknown Source:0)
07-30 16:31:48.009  2463  2503 W Bundle  : 	at com.android.server.am.ContentProviderHelper$$ExternalSyntheticLambda1.onResult(D8$$SyntheticClass:0)
07-30 16:31:48.009  2463  2503 W Bundle  : 	at android.os.RemoteCallback.sendResult(RemoteCallback.java:76)
07-30 16:31:48.009  2463  2503 W Bundle  : 	at android.os.RemoteCallback$1.sendResult(RemoteCallback.java:53)
07-30 16:31:48.009  2463  2503 W Bundle  : 	at android.os.IRemoteCallback$Stub.onTransact(IRemoteCallback.java:85)
07-30 16:31:48.009  2463  2503 W Bundle  : 	at android.os.Binder.execTransactInternal(Binder.java:1512)
07-30 16:31:48.009  2463  2503 W Bundle  : 	at android.os.Binder.execTransact(Binder.java:1451)
07-30 16:31:48.009  2463  4205 I MiuiNetworkPolicy: updateUidState uid = 10303, uidState = 19
07-30 16:31:48.009 18854 18878 W ContentResolver: Failed to get type for: content://com.alibaba.aliexpress.android.search.nav.SearchSuggestionProvider/products (Unknown URL content://com.alibaba.aliexpress.android.search.nav.SearchSuggestionProvider/products)
07-30 16:31:48.010  2463  4205 I MiuiNetworkPolicy: updateUidState uid = 10169, uidState = 10
07-30 16:31:48.049  3117  3117 I adbd    : in ShellService: dumpsys activity activities
07-30 16:31:48.134  3117  3117 I adbd    : in ShellService: dumpsys activity services
07-30 16:31:48.279  3117  3117 I adbd    : in ShellService: screencap -p /sdcard/screen_2025-07-30_163149.png
07-30 16:31:48.304  2463  5177 I NetworkAccelerateSwitchService: EVENT_RSSI_POLL. mRssiPoll=true
07-30 16:31:48.304  2463  5177 I NetworkAccelerateSwitchService: getAverageWifiRssi:66
07-30 16:31:48.401 11066 11066 W BpBinder: Linking to death on android.gui.ISurfaceComposer but there are no threads (yet?) listening to incoming transactions. See ProcessState::startThreadPool and ProcessState::setThreadPoolMaxThreadCount. Generally you should setup the binder threadpool before other initialization steps.
07-30 16:31:48.402 11066 11066 W ProcessState: Extra binder thread started, but 0 threads requested. Do not use *startThreadPool when zero threads are requested.
07-30 16:31:48.436 11066 11068 I AdrenoUtils: <ReadGpuID:357>: Reading chip ID through GSL
07-30 16:31:48.437 11066 11066 W qdgralloc: Failed to load libubwcp.so
07-30 16:31:48.432 11066 11066 W screencap: type=1400 audit(0.0:22453): avc:  denied  { read } for  name="libubwcp.so" dev="dm-14" ino=19816057 scontext=u:r:shell:s0 tcontext=u:object_r:vendor_file:s0 tclass=file permissive=0
07-30 16:31:48.440  7633 20216 W MediaProvider: isAppCloneUserPair for user 0: false
07-30 16:31:48.464  2463  4412 I SmartPower: com.android.vending/10124(7968): background->idle(3015ms) R(adj below visible) adj=905.
07-30 16:31:48.464  2463  4412 I SmartPower: com.android.vending:background/10124(8538): background->idle(3014ms) R(adj below visible) adj=905.
07-30 16:31:48.464  2463  4412 I SmartPower: android.process.acore/10083(6721): background->idle(3012ms) R(broadcast start Intent { act=android.intent.action.PACKAGE_ADDED dat=package: flg=0x4000010 (has extras) }) adj=905.
07-30 16:31:48.464  2463  4412 I SmartPower: com.mfashiongallery.emag/10262(8261): background->idle(3011ms) R(broadcast start Intent { act=android.intent.action.PACKAGE_ADDED dat=package: flg=0x4000010 (has extras) }) adj=905.
07-30 16:31:48.464  2463  4412 I SmartPower: com.xiaomi.aicr:actionprovider/10127(12677): background->idle(3011ms) R(broadcast start Intent { act=android.intent.action.PACKAGE_ADDED dat=package: flg=0x4000010 (has extras) }) adj=915.
07-30 16:31:48.465  2463  4412 I SmartPower: android.process.mediaUI/10261(13434): background->idle(3010ms) R(broadcast start Intent { act=android.intent.action.PACKAGE_ADDED dat=package: flg=0x4000010 (has extras) }) adj=905.
07-30 16:31:48.465  2463  4412 I SmartPower: com.google.android.documentsui/10100(21132): background->idle(3010ms) R(broadcast start Intent { act=android.intent.action.PACKAGE_ADDED dat=package: flg=0x4000010 (has extras) }) adj=905.
07-30 16:31:48.465  2463  4412 I SmartPower: com.milink.service:audio/10178(19382): background->idle(3026ms) R(broadcast start Intent { act=android.intent.action.PACKAGE_ADDED dat=package: flg=0x4000010 (has extras) }) adj=100.
07-30 16:31:48.465  2463  4412 I SmartPower: com.milink.crossdeviceservice/10178(27042): background->idle(3010ms) R(broadcast start Intent { act=android.intent.action.PACKAGE_ADDED dat=package: flg=0x4000010 (has extras) }) adj=915.
07-30 16:31:48.483 31200 31200 I cr_A11yState: Enabled accessibility services: [io.github.ylimit.droidbotapp/io.github.privacystreams.accessibility.PSAccessibilityService, null]
07-30 16:31:48.483 31200 31200 I cr_A11yState: Running accessibility services: [io.github.ylimit.droidbotapp/io.github.privacystreams.accessibility.PSAccessibilityService]
07-30 16:31:48.483 31200 31200 I cr_A11yState: Max delay reached. Send information as is.
07-30 16:31:48.483 31200 31200 I cr_A11yState: Informing listeners of changes.
07-30 16:31:48.483 31200 31200 I cr_A11yState: New AccessibilityState: State{isComplexUserInteractionServiceEnabled=true, isTouchExplorationEnabled=false, isPerformGesturesEnabled=false, isAnyAccessibilityServiceEnabled=true, isAccessibilityToolPresent=false, isTextShowPasswordEnabled=true, isOnlyAutofillRunning=false, isOnlyPasswordManagersEnabled=false, isKnownScreenReaderEnabled=false}
07-30 16:31:48.755  3117  3117 I adbd    : in ShellService: ps
07-30 16:31:48.791  7633 24315 I PSyncWorker: Starting proactive picker sync from sync source: 1
07-30 16:31:48.794  7633 24315 I PickerSyncController: Executing SyncAdd. isLocal: true. authority: com.android.providers.media.photopicker
07-30 16:31:48.797  7633 24315 I PickerSyncController: Paged sync successful. QueryArgs: Bundle[{android.provider.extra.SYNC_GENERATION=12198, android.provider.extra.PAGE_SIZE=1000}] Total Rows: 0
07-30 16:31:48.797  7633 24315 I PickerSyncController: Executing SyncRemove. isLocal: true. authority: com.android.providers.media.photopicker
07-30 16:31:48.798  7633 24315 E PickerDbFacade: Could not get first date taken millis for media id: 1000001221
07-30 16:31:48.798  7633 24315 W PickerDbFacade: Unable to promote cloud media with localId: 1000001221
07-30 16:31:48.799  7633 24315 I PickerSyncController: Paged sync successful. QueryArgs: Bundle[{android.provider.extra.SYNC_GENERATION=12198, android.provider.extra.PAGE_SIZE=1000}] Total Rows: 0
07-30 16:31:48.800  7633 24315 I PickerSyncTracker: Marked sync future complete for work id: 91c04527-2ce7-4e7c-824b-13759776bdb0. Future map: {}
07-30 16:31:48.800  7633 24315 I PSyncWorker: Completed picker proactive sync complete from local provider.
07-30 16:31:48.801  7633  7845 I WM-WorkerWrapper: Worker result SUCCESS for Work [ id=91c04527-2ce7-4e7c-824b-13759776bdb0, tags={ com.android.providers.media.photopicker.sync.ProactiveSyncWorker } ]
07-30 16:31:48.964  2463  4205 I MiuiNetworkPolicy: bandwidth: 1 KB/s, Max bandwidth: 1886 KB/s
07-30 16:31:49.233  2463  5109 I NetworkBoostStatusManager: handle: 102
07-30 16:31:49.234  4916  6347 E PhoneAdapter: get ntnphones failed, exception: java.lang.IllegalStateException: Default phones haven't been made yet!
07-30 16:31:49.239  8724  8724 I NetBusNetworkMonitor: onCapabilitiesChanged isPrimary = true
07-30 16:31:49.241  2463  4211 E WifiScoreReportInjector: current network is in roaming environment
07-30 16:31:49.241  2463  5109 I NetworkBoostStatusManager: interfaceOnCapabilitiesChanged interface name:wlan0
07-30 16:31:49.243  8724  8724 I NetBusNetworkMonitor: gateway=192.*.*.1
07-30 16:31:49.247  9744 10038 W Settings: Setting device_provisioned has moved from android.provider.Settings.Secure to android.provider.Settings.Global.
07-30 16:31:49.247  9744 10038 I JoyoseCloudControlManager3: network metered changed, network metered: false, deviceProvisioned: true, scAllowConn: true, try to setNetworkAccessEnabled: true
07-30 16:31:49.248  8724  8724 I NetBusNetworkMonitor: addConnectNetworkInterface mediumType:256, detail:NetworkDetailInfo{mIsConnected=false, mIsSupportTdls=true, mNetworkType=0, mIpAddress=192.*.*.11, mIfName=wlan0, mGateway=192.*.*.1, mNetmask=255.*.*.0, mSsid=C**01}
07-30 16:31:49.248  8724  8724 I NetBusNetworkMonitor: onCapabilitiesChanged handle=450082295821, mediumType=256, ifName=wlan0
07-30 16:31:49.252 31076 31441 I NearbyMediums: WifiNetwork defaultNetworkCallback onCapabilitiesChanged network:105 [ WIFI VPN ] isNonBypassable:false
07-30 16:31:49.255 19382 19460 I Cir_Miplay_NetworkListenerHelper: onCapabilitiesChanged#network=105
07-30 16:31:49.256 19382 19460 I Cir_Miplay_NetworkListenerHelper: onCapabilitiesChanged network type wifi
07-30 16:31:49.483  2463  4412 I SmartPower: com.miui.notes/10275(13074): background->idle(3003ms) R(content provider start ContentProviderRecord{c0729a2 u0 com.miui.notes/.provider.NotesProvider}) adj=905.
07-30 16:31:49.497  2463  4412 I SmartPower: com.alibaba.aliexpresshd/10303(5685): background->idle(3000ms) R(content provider start ContentProviderRecord{716322c u0 com.alibaba.aliexpresshd/com.alibaba.aliexpress.android.search.nav.SearchSuggestionProvider}) adj=905.
07-30 16:31:49.796  2463  2503 I ActivityManager: Broadcasting: Intent { act=android.intent.action.MEDIA_SCANNER_SCAN_FILE dat=file:///... flg=0x400000 }
07-30 16:31:49.797  2463  2503 I ActivityManager: Enqueued broadcast Intent { act=android.intent.action.MEDIA_SCANNER_SCAN_FILE dat=file:///... flg=0x400000 }: 0
07-30 16:31:49.797  2463  2530 I SmartPower: com.miui.gallery/10271(13242): idle->background(3677ms) R(broadcast start Intent { act=android.intent.action.MEDIA_SCANNER_SCAN_FILE dat=file:///... flg=0x1400010 }) adj=905.
07-30 16:31:49.798 13242 13242 W MiuiGallery2_BaseMediaScannerReceiver: [main] - Broadcast received, action: [android.intent.action.MEDIA_SCANNER_SCAN_FILE], data uri: [file:///sdcard/screen_2025-07-30_163149.png], CTA not allowed
07-30 16:31:49.801  2463  4205 I MiuiNetworkPolicy: updateUidState uid = 10271, uidState = 11
07-30 16:31:49.801  2463  4205 I MiuiNetworkPolicy: updateUidState uid = 10271, uidState = 19
07-30 16:31:49.803  7633  7633 I MediaProvider: receive action = android.intent.action.MEDIA_SCANNER_SCAN_FILE schemeSpecificPart = ///sdcard/screen_2025-07-30_163149.png
07-30 16:31:49.804  2463  2503 W JobInfo : Job 'com.android.providers.media.module/com.android.providers.media.MediaService#-300' has a deadline with no functional constraints. The deadline won't improve job execution latency. Consider removing the deadline.
07-30 16:31:49.810  1844  1844 I vendor.qti.hardware.servicetrackeraidl-service: bindService is called for service : com.android.providers.media.module/com.android.providers.media.MediaService and for client system
07-30 16:31:49.810  1844  1844 I vendor.qti.hardware.servicetrackeraidl-service: total connections for service : com.android.providers.media.module/com.android.providers.media.MediaServiceare :1
07-30 16:31:49.811  1844  1844 I vendor.qti.hardware.servicetrackeraidl-service: total connections for client : systemare :32
07-30 16:31:49.812  2463  4404 I whetstone.activity: processNotifyEvent1 resId = 256, bundle = Bundle[{startTime=90148131, sourcePkg=com.android.providers.media.module, sourceUid=10249, status=1, jobId=-300, batteryName=com.android.providers.media.module/com.android.providers.media.MediaService, elapsedRealtime=90148131}]
07-30 16:31:49.813  9339  2808 I EventMonitor: notifyEvent resId=256
07-30 16:31:49.814  7633  8793 I MediaProvider: Begin Intent { act=android.intent.action.MEDIA_SCANNER_SCAN_FILE dat=file:///... flg=0x1400010 cmp=com.android.providers.media.module/com.android.providers.media.MediaService }
07-30 16:31:49.817  2463  2506 I ActivityManager: Broadcast completed: result=0
07-30 16:31:49.823  7633  8793 I MediaProvider: End Intent { act=android.intent.action.MEDIA_SCANNER_SCAN_FILE dat=file:///... flg=0x1400010 cmp=com.android.providers.media.module/com.android.providers.media.MediaService }
07-30 16:31:49.824  2463  4404 I whetstone.activity: processNotifyEvent1 resId = 256, bundle = Bundle[{startTime=90148143, sourcePkg=com.android.providers.media.module, sourceUid=10249, status=0, jobId=-300, batteryName=com.android.providers.media.module/com.android.providers.media.MediaService, elapsedRealtime=90148143}]
07-30 16:31:49.824  1844  1844 I vendor.qti.hardware.servicetrackeraidl-service: unbindService is called for service : com.android.providers.media.module/com.android.providers.media.MediaService and for client system
07-30 16:31:49.825  1844  1844 I vendor.qti.hardware.servicetrackeraidl-service: size of service connections for service: com.android.providers.media.module/com.android.providers.media.MediaServiceafter removal is 0
07-30 16:31:49.825  1844  1844 I vendor.qti.hardware.servicetrackeraidl-service: size of client connections for client: systemafter removal is 31
07-30 16:31:49.825  1844  1844 I vendor.qti.hardware.servicetrackeraidl-service: destroyService is called for service : com.android.providers.media.module/com.android.providers.media.MediaService
07-30 16:31:49.825  9339  2808 I EventMonitor: notifyEvent resId=256
07-30 16:31:49.907  3117  3117 I adbd    : in ShellService: ps
07-30 16:31:50.037  3117  3117 I adbd    : in ShellService: rm /sdcard/screen_2025-07-30_163149.png
07-30 16:31:50.066  7633 20214 I MediaProvider: Deleted paths_hashcode::1389444597/:1389444597/1463054009149.png items on external_primary due to com.android.shell tid=11079
07-30 16:31:50.087  2463  4205 I MiuiNetworkPolicy: updateUidState uid = 10278, uidState = 15
07-30 16:31:50.090  2463  4205 I MiuiNetworkPolicyTrafficLimit: updateWhiteListUidForMobileTraffic uid=10278,add=false
07-30 16:31:50.224  3117  3117 I adbd    : in ShellService: dumpsys display
07-30 16:31:50.394  3117  3117 I adbd    : in ShellService: wm size
07-30 16:31:50.492  3117  3117 I adbd    : in ShellService: dumpsys input
07-30 16:31:50.534  8724 17530 W lyra-mdns-core: _deal_timeout query _lyra-mdns._udp.local[0C] timeout!
07-30 16:31:50.564  3117  3117 I adbd    : in ShellService: getprop ro.sf.lcd_density
07-30 16:31:50.569  1871  1871 E SLM-HAL-SladSocketClient: connect failed:-1, socket:193, error:No such file or directory
07-30 16:31:50.571  1871  1871 I SLM-HAL : setSLAUidList 10322,10325,10326,10332,10339,10261,10340,10286,10167,10090,
07-30 16:31:50.571  1871  1871 I SLM-HAL-SladSocketClient: createSocket
07-30 16:31:50.572  1871  1871 I SLM-HAL-SladSocketClient: connectServer /dev/socket/slad
07-30 16:31:50.637  3117  3117 I adbd    : in ShellService: dumpsys activity activities
07-30 16:31:50.724  3117  3117 I adbd    : in ShellService: dumpsys activity activities
07-30 16:31:50.776  2463  4205 I MiuiNetworkPolicy: updateUidState uid = 10141, uidState = 19
07-30 16:31:50.836  3117  3117 I adbd    : in ShellService: dumpsys activity activities
07-30 16:31:50.920  3117  3117 I adbd    : in ShellService: dumpsys activity services
07-30 16:31:51.024  2463  4205 I MiuiNetworkPolicy: updateUidState uid = 10092, uidState = 15
07-30 16:31:51.079  3117  3117 I adbd    : in ShellService: screencap -p /sdcard/screen_2025-07-30_163152.png
07-30 16:31:51.089  3117  3117 I adbd    : in ShellService: ps
07-30 16:31:51.188  2463  5109 I NetworkBoostStatusManager: handle: 107
07-30 16:31:51.190  4916  5350 E PhoneAdapter: get ntnphones failed, exception: java.lang.IllegalStateException: Default phones haven't been made yet!
07-30 16:31:51.190 11132 11132 W BpBinder: Linking to death on android.gui.ISurfaceComposer but there are no threads (yet?) listening to incoming transactions. See ProcessState::startThreadPool and ProcessState::setThreadPoolMaxThreadCount. Generally you should setup the binder threadpool before other initialization steps.
07-30 16:31:51.191 11132 11132 W ProcessState: Extra binder thread started, but 0 threads requested. Do not use *startThreadPool when zero threads are requested.
07-30 16:31:51.227 11132 11141 I AdrenoUtils: <ReadGpuID:357>: Reading chip ID through GSL
07-30 16:31:51.228 11132 11132 W qdgralloc: Failed to load libubwcp.so
07-30 16:31:51.224 11132 11132 W screencap: type=1400 audit(0.0:22454): avc:  denied  { read } for  name="libubwcp.so" dev="dm-14" ino=19816057 scontext=u:r:shell:s0 tcontext=u:object_r:vendor_file:s0 tclass=file permissive=0
07-30 16:31:51.230  7633 30847 W MediaProvider: isAppCloneUserPair for user 0: false
07-30 16:31:51.231  2463  4403 E HyperSentinel: -------------------------------------------------------
07-30 16:31:51.232  2463  4403 E HyperSentinel: Event_OpenFileFDSize
07-30 16:31:51.232  2463  4403 E HyperSentinel: -> audit event by proc 2105 "/system/bin/surfaceflinger": Fd increasement, peak, 911 -> 760
07-30 16:31:51.308  2463  5177 I NetworkAccelerateSwitchService: EVENT_RSSI_POLL. mRssiPoll=true
07-30 16:31:51.308  2463  5177 I NetworkAccelerateSwitchService: getAverageWifiRssi:66
07-30 16:31:51.587  7633 24660 I PSyncWorker: Starting proactive picker sync from sync source: 1
07-30 16:31:51.593  7633 24660 I PickerSyncController: Executing SyncAdd. isLocal: true. authority: com.android.providers.media.photopicker
07-30 16:31:51.596  7633 24660 I PickerSyncController: Paged sync successful. QueryArgs: Bundle[{android.provider.extra.SYNC_GENERATION=12208, android.provider.extra.PAGE_SIZE=1000}] Total Rows: 0
07-30 16:31:51.596  7633 24660 I PickerSyncController: Executing SyncRemove. isLocal: true. authority: com.android.providers.media.photopicker
07-30 16:31:51.598  7633 24660 E PickerDbFacade: Could not get first date taken millis for media id: 1000001222
07-30 16:31:51.598  7633 24660 W PickerDbFacade: Unable to promote cloud media with localId: 1000001222
07-30 16:31:51.600  7633 24660 I PickerSyncController: Paged sync successful. QueryArgs: Bundle[{android.provider.extra.SYNC_GENERATION=12208, android.provider.extra.PAGE_SIZE=1000}] Total Rows: 0
07-30 16:31:51.600  7633 24660 I PickerSyncTracker: Marked sync future complete for work id: 8e9b259b-e1de-417c-b442-86872d60920f. Future map: {}
07-30 16:31:51.600  7633 24660 I PSyncWorker: Completed picker proactive sync complete from local provider.
07-30 16:31:51.601  7633  7843 I WM-WorkerWrapper: Worker result SUCCESS for Work [ id=8e9b259b-e1de-417c-b442-86872d60920f, tags={ com.android.providers.media.photopicker.sync.ProactiveSyncWorker } ]
07-30 16:31:51.968  2463  4205 I MiuiNetworkPolicy: bandwidth: 0 KB/s, Max bandwidth: 1886 KB/s
07-30 16:31:52.221  3117  3117 I adbd    : in ShellService: ps
07-30 16:31:52.257  4916  6295 E PhoneAdapter: get ntnphones failed, exception: java.lang.IllegalStateException: Default phones haven't been made yet!
07-30 16:31:52.259  2463  5109 I NetworkBoostStatusManager: handle: 102
07-30 16:31:52.260  2463  4211 E WifiScoreReportInjector: current network is in roaming environment
07-30 16:31:52.261  2463  5109 I NetworkBoostStatusManager: interfaceOnCapabilitiesChanged interface name:wlan0
07-30 16:31:52.266  8724  8724 I NetBusNetworkMonitor: onCapabilitiesChanged isPrimary = true
07-30 16:31:52.268  8724  8724 I NetBusNetworkMonitor: gateway=192.*.*.1
07-30 16:31:52.274  9744 10038 W Settings: Setting device_provisioned has moved from android.provider.Settings.Secure to android.provider.Settings.Global.
07-30 16:31:52.274  9744 10038 I JoyoseCloudControlManager3: network metered changed, network metered: false, deviceProvisioned: true, scAllowConn: true, try to setNetworkAccessEnabled: true
07-30 16:31:52.276  8724  8724 I NetBusNetworkMonitor: addConnectNetworkInterface mediumType:256, detail:NetworkDetailInfo{mIsConnected=false, mIsSupportTdls=true, mNetworkType=0, mIpAddress=192.*.*.11, mIfName=wlan0, mGateway=192.*.*.1, mNetmask=255.*.*.0, mSsid=C**01}
07-30 16:31:52.276  8724  8724 I NetBusNetworkMonitor: onCapabilitiesChanged handle=450082295821, mediumType=256, ifName=wlan0
07-30 16:31:52.280 31076 31441 I NearbyMediums: WifiNetwork defaultNetworkCallback onCapabilitiesChanged network:105 [ WIFI VPN ] isNonBypassable:false
07-30 16:31:52.285 19382 19460 I Cir_Miplay_NetworkListenerHelper: onCapabilitiesChanged#network=105
07-30 16:31:52.285 19382 19460 I Cir_Miplay_NetworkListenerHelper: onCapabilitiesChanged network type wifi
07-30 16:31:52.596  2463  2503 I ActivityManager: Broadcasting: Intent { act=android.intent.action.MEDIA_SCANNER_SCAN_FILE dat=file:///... flg=0x400000 }
07-30 16:31:52.597  2463  2503 I ActivityManager: Enqueued broadcast Intent { act=android.intent.action.MEDIA_SCANNER_SCAN_FILE dat=file:///... flg=0x400000 }: 0
07-30 16:31:52.602 13242 13242 W MiuiGallery2_BaseMediaScannerReceiver: [main] - Broadcast received, action: [android.intent.action.MEDIA_SCANNER_SCAN_FILE], data uri: [file:///sdcard/screen_2025-07-30_163152.png], CTA not allowed
07-30 16:31:52.604  2463  4205 I MiuiNetworkPolicy: updateUidState uid = 10271, uidState = 11
07-30 16:31:52.606  2463  4205 I MiuiNetworkPolicy: updateUidState uid = 10271, uidState = 19
07-30 16:31:52.607  7633  7633 I MediaProvider: receive action = android.intent.action.MEDIA_SCANNER_SCAN_FILE schemeSpecificPart = ///sdcard/screen_2025-07-30_163152.png
07-30 16:31:52.608  2463  2503 W JobInfo : Job 'com.android.providers.media.module/com.android.providers.media.MediaService#-300' has a deadline with no functional constraints. The deadline won't improve job execution latency. Consider removing the deadline.
07-30 16:31:52.612  1844  1844 I vendor.qti.hardware.servicetrackeraidl-service: bindService is called for service : com.android.providers.media.module/com.android.providers.media.MediaService and for client system
07-30 16:31:52.613  1844  1844 I vendor.qti.hardware.servicetrackeraidl-service: total connections for service : com.android.providers.media.module/com.android.providers.media.MediaServiceare :1
07-30 16:31:52.613  1844  1844 I vendor.qti.hardware.servicetrackeraidl-service: total connections for client : systemare :32
07-30 16:31:52.614  2463  4404 I whetstone.activity: processNotifyEvent1 resId = 256, bundle = Bundle[{startTime=90150933, sourcePkg=com.android.providers.media.module, sourceUid=10249, status=1, jobId=-300, batteryName=com.android.providers.media.module/com.android.providers.media.MediaService, elapsedRealtime=90150933}]
07-30 16:31:52.615  9339  2808 I EventMonitor: notifyEvent resId=256
07-30 16:31:52.621  7633  8793 I MediaProvider: Begin Intent { act=android.intent.action.MEDIA_SCANNER_SCAN_FILE dat=file:///... flg=0x1400010 cmp=com.android.providers.media.module/com.android.providers.media.MediaService }
07-30 16:31:52.621  2463  2506 I ActivityManager: Broadcast completed: result=0
07-30 16:31:52.629  7633  8793 I MediaProvider: End Intent { act=android.intent.action.MEDIA_SCANNER_SCAN_FILE dat=file:///... flg=0x1400010 cmp=com.android.providers.media.module/com.android.providers.media.MediaService }
07-30 16:31:52.630  2463  4404 I whetstone.activity: processNotifyEvent1 resId = 256, bundle = Bundle[{startTime=90150949, sourcePkg=com.android.providers.media.module, sourceUid=10249, status=0, jobId=-300, batteryName=com.android.providers.media.module/com.android.providers.media.MediaService, elapsedRealtime=90150949}]
07-30 16:31:52.630  9339  2808 I EventMonitor: notifyEvent resId=256
07-30 16:31:52.631  1844  1844 I vendor.qti.hardware.servicetrackeraidl-service: unbindService is called for service : com.android.providers.media.module/com.android.providers.media.MediaService and for client system
07-30 16:31:52.631  1844  1844 I vendor.qti.hardware.servicetrackeraidl-service: size of service connections for service: com.android.providers.media.module/com.android.providers.media.MediaServiceafter removal is 0
07-30 16:31:52.631  1844  1844 I vendor.qti.hardware.servicetrackeraidl-service: size of client connections for client: systemafter removal is 31
07-30 16:31:52.631  1844  1844 I vendor.qti.hardware.servicetrackeraidl-service: destroyService is called for service : com.android.providers.media.module/com.android.providers.media.MediaService
07-30 16:31:52.643  7633  7652 I FuseDaemon: This is non sticky GC, maxfree is 16777216 minfree is 8388608
07-30 16:31:52.697  1844  1844 I vendor.qti.hardware.servicetrackeraidl-service: destroyService is called for service : com.google.android.gms/.chimera.GmsIntentOperationService
07-30 16:31:52.799  2463  4412 I SmartPower: com.miui.gallery/10271(13242): background->idle(3002ms) R(broadcast start Intent { act=android.intent.action.MEDIA_SCANNER_SCAN_FILE dat=file:///... flg=0x1400010 }) adj=905.
07-30 16:31:52.830  3117  3117 I adbd    : in ShellService: rm /sdcard/screen_2025-07-30_163152.png
07-30 16:31:52.855  7633  7865 I MediaProvider: Deleted paths_hashcode::1389444597/:1389444597/1463054009152.png items on external_primary due to com.android.shell tid=11149
07-30 16:31:52.992  3117  3117 I adbd    : in ShellService: dumpsys display
07-30 16:31:53.332  3117  3117 I adbd    : in ShellService: wm size
07-30 16:31:53.355  2463  3739 I ClipboardServiceI: checkProviderWakePathForClipboard: primaryClip is null
07-30 16:31:53.371  3117  3117 I adbd    : in ShellService: ps
07-30 16:31:53.396  3117  3117 I adbd    : in ShellService: dumpsys input
07-30 16:31:53.471  3117  3117 I adbd    : in ShellService: getprop ro.sf.lcd_density
07-30 16:31:53.539  3117  3117 I adbd    : in ShellService: am start com.agoda.mobile.consumer/com.agoda.mobile.consumer.screens.splash.AppLauncherActivity
07-30 16:31:53.589  2463  2503 W ActivityTaskManager: callingPackage for (uid=2000, pid=11181) has no WPC
07-30 16:31:53.590  2463  2503 W OptProp : Cannot read opt property android.window.PROPERTY_COMPAT_ALLOW_ORIENTATION_OVERRIDE
07-30 16:31:53.594  2463  2503 E ActivityTaskManager: Unable to get servicetracker HAL instance
07-30 16:31:53.594  2463  2503 E ActivityTaskManager: Unable to get servicetracker HAL instance
07-30 16:31:53.594  2463  2503 E WindowManager: setClientVisible ActivityRecord{39d8479 u0 com.agoda.mobile.consumer/.screens.splash.AppLauncherActivity true
07-30 16:31:53.595  2463  2503 W OptProp : Cannot read opt property android.window.PROPERTY_COMPAT_ALLOW_RESIZEABLE_ACTIVITY_OVERRIDES
07-30 16:31:53.595  2463  2503 W OptProp : Cannot read opt property android.window.PROPERTY_COMPAT_ALLOW_MIN_ASPECT_RATIO_OVERRIDE
07-30 16:31:53.595  2463  2503 I AnimInterruptController: FIS notify Foresee interrupt start:456
07-30 16:31:53.596  2463  2503 I ActivityTaskManager: isKeyguardEditor: false, newTransition: TransitionRecord{7ba361f id=457 type=OPEN flags=0x0}
07-30 16:31:53.598  2463  2503 I WindowManager: When perf version exceed 2.3, MiGTStub result: false, gameType: 1, packageName: com.agoda.mobile.consumer
07-30 16:31:53.598  1839  1966 E ANDR-PERF-UTIL: ANDR-PERF-UTIL: save_node_val() 366: Failed to read /sys/class/mmc_host/mmc0/clk_scaling/enable
07-30 16:31:53.599  1839  1966 E ANDR-PERF-OPTSHANDLER: ANDR-PERF-OPTSHANDLER: modify_sysfsnode() 1266: Failed to read /sys/class/mmc_host/mmc0/clk_scaling/enable
07-30 16:31:53.599  1839  1966 E ANDR-PERF-RESOURCEQS: ANDR-PERF-RESOURCEQS: AddAndApply() 167: Failed to apply optimization [11, 4]
07-30 16:31:53.600  2105  2105 E DisplayModeController: setDesiredMode : Idle status skip setActiveMode, isDdicIdleMode: 1
07-30 16:31:53.600  1839  7237 E ANDR-PERF-LM: MetaMeter: handleAsync() 166: AdaptLaunch Invalid Async
07-30 16:31:53.600  1839  7237 E ANDR-PERF-LM: MetaMeter: handleAsync() 166: AdaptLaunch Invalid Async
07-30 16:31:53.601  1839  1966 E ANDR-PERF-UTIL: ANDR-PERF-UTIL: save_node_val() 366: Failed to read /sys/class/mmc_host/mmc0/clk_scaling/enable
07-30 16:31:53.601  1839  1966 E ANDR-PERF-OPTSHANDLER: ANDR-PERF-OPTSHANDLER: modify_sysfsnode() 1266: Failed to read /sys/class/mmc_host/mmc0/clk_scaling/enable
07-30 16:31:53.601  1839  1966 E ANDR-PERF-RESOURCEQS: ANDR-PERF-RESOURCEQS: AddAndApply() 167: Failed to apply optimization [11, 4]
07-30 16:31:53.601  1839  7237 E ANDR-PERF-LM: MetaMeter: handleAsync() 166: AdaptLaunch Invalid Async
07-30 16:31:53.603  4905  5122 I DynamicDDSService: handleMessage(ACTIVITY_INVOKE{appInfo=com.agoda.mobile.consumer isFullScreen=}true)
07-30 16:31:53.603  2463  2503 I WindowManager: Try to add startingWindow type = STARTING_WINDOW_TYPE_SPLASH_SCREEN this = ActivityRecord{39d8479 u0 com.agoda.mobile.consumer/.screens.splash.AppLauncherActivity t239} preAllowTaskSnapshot = true afterAllowTaskSnapshot = true newTask = true taskSwitch = true processRunning = false activityCreated = false activityAllDrawn = false isSnapshotCompatible = false resolvedTheme = 2132018042 theme = 2132018042
07-30 16:31:53.604  2463  2503 E ActivityTaskManager: Unable to get servicetracker HAL instance
07-30 16:31:53.605  4905  5132 W DynamicDDSService: appName is running in background.com.miui.home
07-30 16:31:53.606  1827  2399 I SDM     : HWCDisplay::SetActiveConfigWithConstraints: display:66-0, config: 3, WxH 1200x2670, fps 120
07-30 16:31:53.606  2463  2503 I ActivityTaskManager: START u0 {act=android.intent.action.MAIN cat=[android.intent.category.LAUNCHER] flg=0x10000000 cmp=com.agoda.mobile.consumer/.screens.splash.AppLauncherActivity} with LAUNCH_MULTIPLE from uid 2000 from pid 11181 callingPackage com.android.shell (BAL_ALLOW_PERMISSION) result code=0
07-30 16:31:53.606  1827  2399 W SDM     : HWDeviceDRM::GetSupportedBitClkRate: Requested rate not supported: 1150000000
07-30 16:31:53.606  1827  2399 I SDM     : HWDeviceDRM::UpdateMixerAttributes: Mixer WxH 1200x2670-1 for Peripheral
07-30 16:31:53.606  1827  2399 I SDM     : HWCDisplay::SubmitDisplayConfig: Active configuration changed from config 1 to 3
07-30 16:31:53.606  1827  2399 I SDM     : HWCDisplay::SubmitDisplayConfig: Active WxH 1200x2670 ,ddic_mode:auto, timing_fps: 120, sf_fps: 120
07-30 16:31:53.607  2463  2516 I SmartPower: com.agoda.mobile.consumer/10398(0): -1->background(0ms) R(become background) adj=-10000.
07-30 16:31:53.610  7989  7989 I LauncherOverlayCallback: handleMessage WHAT_ACTIVITY_STATE_CHANGED what1
07-30 16:31:53.610  7989  7989 I LauncherOverlayCallback: handleMessage WHAT_LAUNCHER_STATE what1
07-30 16:31:53.610  7989  7989 I AssistantOverlayWindow: lockToHideOverlay
07-30 16:31:53.611  4497  4497 I Launcher.widget: onInvisible 
07-30 16:31:53.611  4497  4497 I Launcher.widget: onInvisible 
07-30 16:31:53.611  4979  4979 I FocusedNotifPromptContr: onTopActivityMayChanged: isSupportPip false, isFocus false
07-30 16:31:53.611  4979  4979 I FocusedNotifPromptContr: onTopActivityMayChanged: topActivity=com.agoda.mobile.consumer
07-30 16:31:53.611  4979  4979 I PromptViewAnimState: topActivityMayChanged: topActivity=com.miui.home --> com.agoda.mobile.consumer
07-30 16:31:53.612  2463  2503 E ActivityTaskManager: Unable to get servicetracker HAL instance
07-30 16:31:53.612  2463  2775 I SettingsImpl: notify first launch
07-30 16:31:53.613  2463  2775 W ActivityManagerServiceImpl: Sending non-protected broadcast miui.intent.action.PACKAGE_FIRST_LAUNCH from system uid 1000 pkg null. Callers=com.android.server.am.ActivityManagerService.checkBroadcastFromSystem:16255 com.android.server.am.ActivityManagerService.broadcastIntentLockedTraced:17126 com.android.server.am.ActivityManagerService.broadcastIntentLocked:16315 com.android.server.am.ActivityManagerService.broadcastIntentWithFeature:17337 com.android.server.pm.SettingsImpl.lambda$noftifyFirstLaunch$0:122 
07-30 16:31:53.613  2463  2503 I AppsFilter: interaction: PackageSetting{2a561f6 com.android.microdroid.empty_payload/10236} -> PackageSetting{4966388 com.agoda.mobile.consumer/10398} BLOCKED
07-30 16:31:53.613  2463  2503 I AppsFilter: interaction: PackageSetting{4b4064 io.appium.uiautomator2.server.test/10280} -> PackageSetting{4966388 com.agoda.mobile.consumer/10398} BLOCKED
07-30 16:31:53.613  2463  2503 I AppsFilter: interaction: PackageSetting{f0112cd io.github.ylimit.droidbotapp/10397} -> PackageSetting{4966388 com.agoda.mobile.consumer/10398} BLOCKED
07-30 16:31:53.613  2463  2503 I AppsFilter: interaction: PackageSetting{ebda782 com.rongcard.eid/10151} -> PackageSetting{4966388 com.agoda.mobile.consumer/10398} BLOCKED
07-30 16:31:53.613  2463  2503 I AppsFilter: interaction: PackageSetting{561e93 io.appium.settings/10274} -> PackageSetting{4966388 com.agoda.mobile.consumer/10398} BLOCKED
07-30 16:31:53.614  1827  2752 I vendor.qti.hardware.display.composer-service: Sensor: notify citsensorservice to trigger cwb, misForced = 0
07-30 16:31:53.614  2463  2530 I SmartPower: com.android.browser/10134(19009): idle->background(19884ms) R(broadcast start Intent { act=miui.intent.action.PACKAGE_FIRST_LAUNCH flg=0x1000010 (has extras) }) adj=915.
07-30 16:31:53.614 32628 32628 E Zygote  : process_name_ptr:32628 com.agoda.mobile.consumer
07-30 16:31:53.614 32628 32628 E Zygote  : SetMemoryProtected process_name_ptr:32628 com.agoda.mobile.consumer
07-30 16:31:53.615  2463  2503 E WindowManager: setClientVisible ActivityRecord{39d8479 u0 com.agoda.mobile.consumer/.screens.splash.AppLauncherActivity t239} true
07-30 16:31:53.615  2463  2530 I SmartPower: com.miui.systemAdSolution/10168(12230): idle->background(6091ms) R(broadcast start Intent { act=miui.intent.action.PACKAGE_FIRST_LAUNCH flg=0x1000010 (has extras) }) adj=100.
07-30 16:31:53.616  2463  4054 W libc    : Access denied finding property "vendor.gpp.create_frc_extension"
07-30 16:31:53.612  2463  2463 W pre_starting: type=1400 audit(0.0:22455): avc:  denied  { read } for  name="u:object_r:vendor_default_prop:s0" dev="tmpfs" ino=472 scontext=u:r:system_server:s0 tcontext=u:object_r:vendor_default_prop:s0 tclass=file permissive=0
07-30 16:31:53.617  9900 28965 I Market-AppActiveReceiver: use miui action receive app active broadcast for: AppActiveStatRecord{packageName='com.agoda.mobile.consumer', installer='null', miuiActiveId='17538643136121', miuiActiveTime=1753864313612, activeTime=1753864313617, activeType=1, userId=0, activationSource='null', reportSource='null'}
07-30 16:31:53.618  2463  2509 E SSRU-RUS: Don't have packages for uid 99004
07-30 16:31:53.619 32628 32628 I mobile.consumer: Using CollectorTypeCC GC.
07-30 16:31:53.618  2463  4205 I MiuiNetworkPolicy: updateUidState uid = 99004, uidState = 11
07-30 16:31:53.620  2463  4205 I MiuiNetworkPolicy: updateUidState uid = 10261, uidState = 11
07-30 16:31:53.620  2463  4205 I MiuiNetworkPolicy: updateUidState uid = 10158, uidState = 11
07-30 16:31:53.620  2463  4205 I MiuiNetworkPolicy: updateUidState uid = 10134, uidState = 11
07-30 16:31:53.621  2463  4205 I MiuiNetworkPolicy: updateUidState uid = 99004, uidState = 19
07-30 16:31:53.621  2463  4205 I MiuiNetworkPolicy: updateUidState uid = 10134, uidState = 19
07-30 16:31:53.621  2463  2509 E SSRU-RUS: Don't have packages for uid 99004
07-30 16:31:53.621 32628 32628 E mobile.consumer: Not starting debugger since process cannot load the jdwp agent.
07-30 16:31:53.622  4497  5505 W MiBridge: Permission not granted !!
07-30 16:31:53.623  2463  4205 I MiuiNetworkPolicy: updateUidState uid = 10261, uidState = 10
07-30 16:31:53.623  2463  4205 I MiuiNetworkPolicy: updateUidState uid = 10158, uidState = 10
07-30 16:31:53.624 32628 32628 I MessageMonitor: Load libmiui_runtime
07-30 16:31:53.625  9900  9900 I Market-ServiceUtils: startForeground: AppActiveStatService
07-30 16:31:53.625  2463  4403 E HyperSentinel: -------------------------------------------------------
07-30 16:31:53.625  2463  4403 E HyperSentinel: Event_ResidentSize
07-30 16:31:53.625  2463  4403 E HyperSentinel: -> audit event by proc 32628 "<pre-initialized>": RSS increasement, peak 11300kb -> 56164kb
07-30 16:31:53.625  2463  4403 E HyperSentinel: -------------------------------------------------------
07-30 16:31:53.625  2463  4403 E HyperSentinel: Event_ResidentSize
07-30 16:31:53.625  2463  4403 E HyperSentinel: -> audit event by proc 32628 "<pre-initialized>": RSS increasement, peak 56164kb -> 84364kb
07-30 16:31:53.625  3002  4297 I libsensor-parseRGB: request dump start for mRequestDisplayId 0
07-30 16:31:53.626  4979  5351 I ViewRootImpl: Splash Screen com.agoda.mobile.consumer use first frame acceleration
07-30 16:31:53.627  2463  5441 I WindowManager: Add startingWindow, surfaceControl = Surface(name=dce2582 Splash Screen com.agoda.mobile.consumer#5481)/@0x3dacd0 layerId = 5481
07-30 16:31:53.627  4979  5212 I SoScStageCoordinator: Transition requested:TransitionRequestInfo { type = OPEN, triggerTask = TaskInfo{userId=0 taskId=239 displayId=0 isRunning=true baseIntent=Intent { act=android.intent.action.MAIN cat=[android.intent.category.LAUNCHER] flg=0x10000000 cmp=com.agoda.mobile.consumer/.screens.splash.AppLauncherActivity } baseActivity=ComponentInfo{com.agoda.mobile.consumer/com.agoda.mobile.consumer.screens.splash.AppLauncherActivity} topActivity=ComponentInfo{com.agoda.mobile.consumer/com.agoda.mobile.consumer.screens.splash.AppLauncherActivity} origActivity=ComponentInfo{com.agoda.mobile.consumer/com.agoda.mobile.consumer.screens.splash.AppLauncherActivity} realActivity=ComponentInfo{com.agoda.mobile.consumer/com.agoda.mobile.consumer.screens.splash.AppLauncherActivity} numActivities=1 lastActiveTime=90151925 supportsSplitScreenMultiWindow=true supportsMultiWindow=true resizeMode=2 isResizeable=true minWidth=-1 minHeight=-1 defaultMinSize=200 token=WCT{android.window.IWindowContainerToken$Stub$Proxy@da6a187} topActivityType=1 pictureInPictureParams=null shouldDockBigOverlays=false launchIntoPipHostTaskId=-1 lastParentTaskIdBeforePip=-1 displayCutoutSafeInsets=Rect(0, 116 - 0, 0) topActivityInfo=ActivityInfo{a9418b4 com.agoda.mobile.consumer.screens.splash.AppLauncherActivity} launchCookies=[] positionInParent=Point(0, 0) parentTaskId=-1 isFocused=false isVisible=false isVisibleRequested=false isSleeping=false locusId=null displayAreaFeatureId=1 isTopActivityTransparent=false appCompatTaskInfo=AppCompatTaskInfo { topActivityInSizeCompat=false topActivityInMiuiSizeCompat=false topActivityEligibleForLetterboxEducation= falseisLetterboxEducationEnabled= false isLetterboxDoubleTapEnabled= false topActivityEligibleForUserAspectRatioButton= false topActivityBoundsLetterboxed= false isFromLetterboxDoubleTap= false topActivityLetterboxVerticalPosition= -1 topActivityLetterboxHorizontalPosition= -1 topActivityLetterboxWidth=1200 topActivityLetterboxHeight=2670 isUserFullscreenOverrideEnabled=false isSystemFullscreenOverrideEnabled=false cameraCompatTaskInfo=CameraCompatTaskInfo { cameraCompatControlState=hidden freeformCameraCompatMode=inactive}} isImmersive=false mTopActivityRequestOrientation=-2 mBehindAppLockPkg=null mOriginatingUid=0 isEmbedded=false shouldBeVisible=true isCreatedByOrganizer=false mIsCastMode=false mTopActivityMediaSize=null mTopActivityRecordName=ActivityRecord{39d8479 u0 com.agoda.mobile.consumer/.screens.splash.AppLauncherActivity t239} mTopActivityOrientation=-2}, pipTask = null, remoteTransition = null, displayChange = null, flags = 0, debugId = 457 } isSoScActive:false triggerTask:TaskInfo{userId=0 taskId=239 displayId=0 isRunning=true baseIntent=Intent { act=android.intent.action.MAIN cat=[android.intent.category.LAUNCHER] flg=0x10000000 cmp=com.agoda.mobile.consumer/.screens.splash.AppLauncherActivity } baseActivity=ComponentInfo{com.agoda.mobile.consumer/com.agoda.mobile.consumer.screens.splash.AppLauncherActivity} topActivity=ComponentInfo{com.agoda.mobile.consumer/com.agoda.mobile.consumer.screens.splash.AppLauncherActivity} origActivity=ComponentInfo{com.agoda.mobile.consumer/com.agoda.mobile.consumer.screens.splash.AppLauncherActivity} realActivity=ComponentInfo{com.agoda.mobile.consumer/com.agoda.mobile.consumer.screens.splash.AppLauncherActivity} numActivities=1 lastActiveTime=90151925 supportsSplitScreenMultiWindow=true supportsMultiWindow=true resizeMode=2 isResizeable=true minWidth=-1 minHeight=-1 defaultMinSize=200 token=WCT{android.window.IWindowContainerToken$Stub$Proxy@da6a187} topActivityType=1 pictureInPictureParams=null shouldDockBigOverlays=false launchIntoPipHostTaskId=-1 lastParentTaskIdBeforePip=-1 displayCutoutSafeInsets=Rect(0, 116 - 0, 0) topActivityInfo=ActivityInfo{a9418b4 com.agoda.mobile.consumer.screens.splash.AppLauncherActivity} launchCookies=[] positionInParent=Point(0, 0) parentTaskId=-1 isFocused=false isVisible=false isVisibleRequested=false isSleeping=false locusId=null displayAreaFeatureId=1 isTopActivityTransparent=false appCompatTaskI
07-30 16:31:53.629  2463  2517 I AnimInterruptController: FIS reset Foresee interrupt status
07-30 16:31:53.629  2463  2517 I SmartPower: com.agoda.mobile.consumer/10398(0): background->visible(22ms) R(become visible) adj=-10000.
07-30 16:31:53.629  2463  2517 E WindowManager: setClientVisible ActivityRecord{39d8479 u0 com.agoda.mobile.consumer/.screens.splash.AppLauncherActivity t239} true
07-30 16:31:53.629  2463  4414 I DisplayModeDirectorImpl: setSmartDisplayUpRefreshRatePolicy [0.0,120.0]
07-30 16:31:53.629  2105  2105 I RefreshRateSelector: Display 4630947082089526659 policy changed
07-30 16:31:53.629  2105  2105 I RefreshRateSelector: Previous: {defaultModeId=0, allowGroupSwitching=false, primaryRanges={physical=[0.00 Hz, 120.00 Hz], render=[0.00 Hz, 120.00 Hz]}, appRequestRanges={physical=[0.00 Hz, 120.00 Hz], render=[0.00 Hz, 120.00 Hz]} idleScreenConfig=nullptr}
07-30 16:31:53.629  2105  2105 I RefreshRateSelector: Current:  DisplayManagerPolicy{defaultModeId=0, allowGroupSwitching=false, primaryRanges={physical=[0.00 Hz, inf Hz], render=[0.00 Hz, 120.00 Hz]}, appRequestRanges={physical=[0.00 Hz, inf Hz], render=[0.00 Hz, 120.00 Hz]} idleScreenConfig=nullptr}
07-30 16:31:53.629  2105  2105 I RefreshRateSelector: 4 mode changes were performed under the previous policy
07-30 16:31:53.630  2463  4414 I DisplayModeDirectorImpl: onDesiredDisplayModeSpecsChanged:baseModeId=0 allowGroupSwitching=false primary=physical: (0.0 Infinity) render:  (0.0 120.0) appRequest=physical: (0.0 Infinity) render:  (0.0 120.0) idleScreenRefreshRateConfig=null noVotes=true
07-30 16:31:53.630  2463  2517 I Transition: set flag to skip the keyguard Animation
07-30 16:31:53.630  2463  4473 I BarFollowAnimation:  getHomeVersion  defaultLauncher = com.miui.home value = 1
07-30 16:31:53.631  2463  4473 I BarFollowAnimation: Execute startStatusBarAnimation for info = {id=457 t=OPEN f=0x4000000 trk=0 r=[0@Point(0, 0)] c=[{WCT{RemoteToken{f1816ef Task{168ef35 #239 type=standard A=10398:com.agoda.mobile.consumer}}} m=OPEN f=NONE leash=Surface(name=Task=239#5477)/@0x1c0ad6c sb=Rect(0, 0 - 1200, 2670) eb=Rect(0, 0 - 1200, 2670) d=0 taskParent=-1 v=true},{WCT{RemoteToken{124f463 Task{a0f1d04 #1 type=home}}} m=TO_BACK f=SHOW_WALLPAPER leash=Surface(name=Task=1#45)/@0x3f4c517 sb=Rect(0, 0 - 1200, 2670) eb=Rect(0, 0 - 1200, 2670) d=0 taskParent=-1 v=false}] mk=[false] noAni=[false] df=[false] oa=[false] sa=[false] ho=[false] iSync=[-1]} mStatusState = -1 mIsFromApp = false isRecent = false
07-30 16:31:53.631  2463 11194 W ContextImpl: Calling a method in the system process without a qualified user: android.app.ContextImpl.sendBroadcast:1260 com.qualcomm.qti.Performance$SendGameLaunchBroadcast.run:248 java.lang.Thread.run:1012 <bottom of call stack> <bottom of call stack> 
07-30 16:31:53.631  2463  5054 I ActivityManager: Start proc 32628:com.agoda.mobile.consumer/u0a398 for next-top-activity {com.agoda.mobile.consumer/com.agoda.mobile.consumer.screens.splash.AppLauncherActivity} caller=com.android.shell
07-30 16:31:53.632  4979  5212 I MultiTaskingTaskRepository: needSkip: is home task
07-30 16:31:53.632  4979  5212 W MultiTaskingTaskRepository: onToBackTransitionReady putOrUpdateTaskInfo skip
07-30 16:31:53.632  4979  5212 I ShellTransitions: Is abandon offsetY: false
07-30 16:31:53.632  4979  5212 I ShellTransitions: Is abandon offsetY: false
07-30 16:31:53.632  4979  5212 E KeyguardTransitionHandlerImpl: activityCount = 0
07-30 16:31:53.632  4979  5212 E KeyguardTransitionHandlerImpl: activityCount = 0
07-30 16:31:53.633  1870  1870 E qspmHal : setAppInfoH atPid = 32628, gpuFname:com.agoda.mobile.consumer, gpuFver:1256021
07-30 16:31:53.633  2463  3739 W UserManagerService: Requested status bar icon for non-badged user 0
07-30 16:31:53.634  2463  2514 I Location.SSRU: foregroundActivities IS trueUID ID 10398, home is false
07-30 16:31:53.634  2463  4205 I MiuiNetworkPolicy: updateUidState uid = 10398, uidState = 19
07-30 16:31:53.635  2105  2105 I BpBinder: onLastStrongRef automatically unlinking death recipients: 
07-30 16:31:53.636  2463  5128 W ActivityManager: Foreground service started from background can not have location/camera/microphone access: service com.xiaomi.market/.service.AppActiveStatService
07-30 16:31:53.636 32628 32628 I JavaheapMonitor: Java heap monitor start.
07-30 16:31:53.636  2463  5128 I ActivityManager: Background started FGS: Allowed [callingPackage: com.xiaomi.market; callingUid: 10167; uidState: SVC ; uidBFSL: n/a; intent: Intent { cmp=com.xiaomi.market/.service.AppActiveStatService (has extras) }; code:SYSTEM_ALERT_WINDOW_PERMISSION; tempAllowListReason:<,reasonCode:SYSTEM_ALLOW_LISTED,duration:9223372036854775807,callingUid:-1>; targetSdkVersion:33; callerTargetSdkVersion:33; startForegroundCount:0; bindFromPackage:null: isBindService:false]
07-30 16:31:53.636  2463  5128 W ForegroundServiceTypeLoggerModule: Foreground service start for UID: 10167 does not have any types
07-30 16:31:53.637  2463  5065 I MultiSenceManagerInternalStub: getInstance
07-30 16:31:53.638  1839  7237 E ANDR-PERF-LM: MetaMeter: handleAsync() 166: AdaptLaunch Invalid Async
07-30 16:31:53.638  2463  4205 I MiuiNetworkPolicy: updateUidState uid = 10398, uidState = 2
07-30 16:31:53.639  4979  5351 W libc    : Access denied finding property "vendor.gpp.create_frc_extension"
07-30 16:31:53.639  2463  4473 E BarFollowAnimation: isHomeDark = 0 currentDark = 1 isFullGesture = true
07-30 16:31:53.639  2463  4473 E BarFollowAnimation: isHomeDark = 0 currentDark = 1 isFullGesture = true
07-30 16:31:53.640  2463  4205 I MiuiNetworkPolicyTrafficLimit: updateWhiteListUidForMobileTraffic uid=10398,add=true
07-30 16:31:53.640  2463  4205 I MiuiNetworkPolicy: updateUidState uid = 10261, uidState = 4
07-30 16:31:53.640  2463  4205 I MiuiNetworkPolicyTrafficLimit: updateWhiteListUidForMobileTraffic uid=10261,add=true
