05-31 11:58:47.219   614   767 I InputDispatcher: Dropping event because there is no touched foreground window in display 0 or gesture monitor to receive it.
05-31 11:58:47.219   614  2833 W InputManager: Input event injection from pid 30003 failed.
05-31 11:58:47.220   614   767 I InputDispatcher: Dropping event because there is no touched foreground window in display 0 or gesture monitor to receive it.
05-31 11:58:47.220   614  2833 W InputManager: Input event injection from pid 30003 failed.
05-31 11:58:47.220   614   767 I InputDispatcher: Dropping event because there is no touched foreground window in display 0 or gesture monitor to receive it.
05-31 11:58:47.221   614  2833 W InputManager: Input event injection from pid 30003 failed.
05-31 11:58:47.221   614   767 I InputDispatcher: Dropping event because there is no touched foreground window in display 0 or gesture monitor to receive it.
05-31 11:58:47.221   614  2833 W InputManager: Input event injection from pid 30003 failed.
05-31 11:58:47.221   614   767 I InputDispatcher: Dropping event because there is no touched foreground window in display 0 or gesture monitor to receive it.
05-31 11:58:47.222   614  2833 W InputManager: Input event injection from pid 30003 failed.
05-31 11:58:47.222   614   767 I InputDispatcher: Dropping event because there is no touched foreground window in display 0 or gesture monitor to receive it.
05-31 11:58:47.222   614  2833 W InputManager: Input event injection from pid 30003 failed.
05-31 11:58:47.222   614   767 I InputDispatcher: Dropping event because there is no touched foreground window in display 0 or gesture monitor to receive it.
05-31 11:58:47.223   614  2833 W InputManager: Input event injection from pid 30003 failed.
05-31 11:58:47.223   614   767 I InputDispatcher: Dropping event because there is no touched foreground window in display 0 or gesture monitor to receive it.
05-31 11:58:47.223   614  2833 W InputManager: Input event injection from pid 30003 failed.
05-31 11:58:47.223   614   767 I InputDispatcher: Dropping event because there is no touched foreground window in display 0 or gesture monitor to receive it.
05-31 11:58:47.223   614  2833 W InputManager: Input event injection from pid 30003 failed.
05-31 11:58:47.223   614   767 I InputDispatcher: Dropping event because there is no touched foreground window in display 0 or gesture monitor to receive it.
05-31 11:58:47.223   614  2833 W InputManager: Input event injection from pid 30003 failed.
05-31 11:58:47.224   614   767 I InputDispatcher: Dropping event because there is no touched foreground window in display 0 or gesture monitor to receive it.
05-31 11:58:47.224   614  2833 W InputManager: Input event injection from pid 30003 failed.
05-31 11:58:47.224   614   767 I InputDispatcher: Dropping event because there is no touched foreground window in display 0 or gesture monitor to receive it.
05-31 11:58:47.224   614  2833 W InputManager: Input event injection from pid 30003 failed.
05-31 11:58:47.224   614   767 I InputDispatcher: Dropping event because there is no touched foreground window in display 0 or gesture monitor to receive it.
05-31 11:58:47.225   614  2833 W InputManager: Input event injection from pid 30003 failed.
05-31 11:58:47.225   614   767 I InputDispatcher: Dropping event because there is no touched foreground window in display 0 or gesture monitor to receive it.
05-31 11:58:47.225   614  2833 W InputManager: Input event injection from pid 30003 failed.
05-31 11:58:47.225   614   767 I InputDispatcher: Dropping event because there is no touched foreground window in display 0 or gesture monitor to receive it.
05-31 11:58:47.225   614  2833 W InputManager: Input event injection from pid 30003 failed.
05-31 11:58:47.225   614   767 I InputDispatcher: Dropping event because there is no touched foreground window in display 0 or gesture monitor to receive it.
05-31 11:58:47.225   614  2833 W InputManager: Input event injection from pid 30003 failed.
05-31 11:58:47.226   614   767 I InputDispatcher: Dropping event because there is no touched foreground window in display 0 or gesture monitor to receive it.
05-31 11:58:47.226   614  2833 W InputManager: Input event injection from pid 30003 failed.
05-31 11:58:47.226   614   767 I InputDispatcher: Dropping event because there is no touched foreground window in display 0 or gesture monitor to receive it.
05-31 11:58:47.226   614  2833 W InputManager: Input event injection from pid 30003 failed.
05-31 11:58:47.226   614   767 I InputDispatcher: Dropping event because there is no touched foreground window in display 0 or gesture monitor to receive it.
05-31 11:58:47.226   614  2833 W InputManager: Input event injection from pid 30003 failed.
05-31 11:58:47.226   614   767 I InputDispatcher: Dropping event because there is no touched foreground window in display 0 or gesture monitor to receive it.
05-31 11:58:47.226   614  2833 W InputManager: Input event injection from pid 30003 failed.
05-31 11:58:47.227   614   767 I InputDispatcher: Dropping event because there is no touched foreground window in display 0 or gesture monitor to receive it.
05-31 11:58:47.227   614  2833 W InputManager: Input event injection from pid 30003 failed.
05-31 11:58:47.227   614   767 I InputDispatcher: Dropping event because there is no touched foreground window in display 0 or gesture monitor to receive it.
05-31 11:58:47.227   614  2833 W InputManager: Input event injection from pid 30003 failed.
05-31 11:58:47.227   614   767 I InputDispatcher: Dropping event because there is no touched foreground window in display 0 or gesture monitor to receive it.
05-31 11:58:47.227   614  2833 W InputManager: Input event injection from pid 30003 failed.
05-31 11:58:47.228   614   767 I InputDispatcher: Dropping event because there is no touched foreground window in display 0 or gesture monitor to receive it.
05-31 11:58:47.228   614  2833 W InputManager: Input event injection from pid 30003 failed.
05-31 11:58:47.229   614   767 I InputDispatcher: Dropping event because there is no touched foreground window in display 0 or gesture monitor to receive it.
05-31 11:58:47.229   614  2833 W InputManager: Input event injection from pid 30003 failed.
05-31 11:58:47.229   614   767 I InputDispatcher: Dropping event because there is no touched foreground window in display 0 or gesture monitor to receive it.
05-31 11:58:47.229   614  2833 W InputManager: Input event injection from pid 30003 failed.
05-31 11:58:47.229   614   767 I InputDispatcher: Dropping event because there is no touched foreground window in display 0 or gesture monitor to receive it.
05-31 11:58:47.230   614  2833 W InputManager: Input event injection from pid 30003 failed.
05-31 11:58:47.230   614   767 I InputDispatcher: Dropping event because there is no touched foreground window in display 0 or gesture monitor to receive it.
05-31 11:58:47.230   614  2833 W InputManager: Input event injection from pid 30003 failed.
05-31 11:58:47.230   614   767 I InputDispatcher: Dropping event because there is no touched foreground window in display 0 or gesture monitor to receive it.
05-31 11:58:47.230   614  2833 W InputManager: Input event injection from pid 30003 failed.
05-31 11:58:47.231   614   767 I InputDispatcher: Dropping event because there is no touched foreground window in display 0 or gesture monitor to receive it.
05-31 11:58:47.231   614  2833 W InputManager: Input event injection from pid 30003 failed.
05-31 11:58:47.231   614   767 I InputDispatcher: Dropping event because there is no touched foreground window in display 0 or gesture monitor to receive it.
05-31 11:58:47.231   614  2833 W InputManager: Input event injection from pid 30003 failed.
05-31 11:58:47.232   614   767 I InputDispatcher: Dropping event because there is no touched foreground window in display 0 or gesture monitor to receive it.
05-31 11:58:47.232   614  2833 W InputManager: Input event injection from pid 30003 failed.
05-31 11:58:47.232   614   767 I InputDispatcher: Dropping event because there is no touched foreground window in display 0 or gesture monitor to receive it.
05-31 11:58:47.233   614  2833 W InputManager: Input event injection from pid 30003 failed.
05-31 11:58:47.233   614   767 I InputDispatcher: Dropping event because there is no touched foreground window in display 0 or gesture monitor to receive it.
05-31 11:58:47.233   614  2833 W InputManager: Input event injection from pid 30003 failed.
05-31 11:58:47.234   614   767 I InputDispatcher: Dropping event because there is no touched foreground window in display 0 or gesture monitor to receive it.
05-31 11:58:47.234   614  2833 W InputManager: Input event injection from pid 30003 failed.
05-31 11:58:47.234   614   767 I InputDispatcher: Dropping event because there is no touched foreground window in display 0 or gesture monitor to receive it.
05-31 11:58:47.234   614  2833 W InputManager: Input event injection from pid 30003 failed.
05-31 11:58:47.234   614   767 I InputDispatcher: Dropping event because there is no touched foreground window in display 0 or gesture monitor to receive it.
05-31 11:58:47.235   614  2833 W InputManager: Input event injection from pid 30003 failed.
05-31 11:58:47.235   614   767 I InputDispatcher: Dropping event because there is no touched foreground window in display 0 or gesture monitor to receive it.
05-31 11:58:47.235   614  2833 W InputManager: Input event injection from pid 30003 failed.
05-31 11:58:47.235   614   767 I InputDispatcher: Dropping event because there is no touched foreground window in display 0 or gesture monitor to receive it.
05-31 11:58:47.235   614  2833 W InputManager: Input event injection from pid 30003 failed.
05-31 11:58:47.235   614   767 I InputDispatcher: Dropping event because there is no touched foreground window in display 0 or gesture monitor to receive it.
05-31 11:58:47.236   614  2833 W InputManager: Input event injection from pid 30003 failed.
05-31 11:58:47.236   614   767 I InputDispatcher: Dropping event because there is no touched foreground window in display 0 or gesture monitor to receive it.
05-31 11:58:47.236   614  2833 W InputManager: Input event injection from pid 30003 failed.
05-31 11:58:47.236   614   767 I InputDispatcher: Dropping event because there is no touched foreground window in display 0 or gesture monitor to receive it.
05-31 11:58:47.236   614  2833 W InputManager: Input event injection from pid 30003 failed.
05-31 11:58:47.237   614   767 I InputDispatcher: Dropping event because there is no touched foreground window in display 0 or gesture monitor to receive it.
05-31 11:58:47.237   614  2833 W InputManager: Input event injection from pid 30003 failed.
05-31 11:58:47.237   614   767 I InputDispatcher: Dropping event because there is no touched foreground window in display 0 or gesture monitor to receive it.
05-31 11:58:47.237   614  2833 W InputManager: Input event injection from pid 30003 failed.
05-31 11:58:47.237   614   767 I InputDispatcher: Dropping event because there is no touched foreground window in display 0 or gesture monitor to receive it.
05-31 11:58:47.237   614  2833 W InputManager: Input event injection from pid 30003 failed.
05-31 11:58:47.238   614   767 I InputDispatcher: Dropping event because there is no touched foreground window in display 0 or gesture monitor to receive it.
05-31 11:58:47.238   614  2833 W InputManager: Input event injection from pid 30003 failed.
05-31 11:58:47.238   614   767 I InputDispatcher: Dropping event because there is no touched foreground window in display 0 or gesture monitor to receive it.
05-31 11:58:47.239   614  2833 W InputManager: Input event injection from pid 30003 failed.
05-31 11:58:47.239   614   767 I InputDispatcher: Dropping event because there is no touched foreground window in display 0 or gesture monitor to receive it.
05-31 11:58:47.239   614  2833 W InputManager: Input event injection from pid 30003 failed.
05-31 11:58:47.239   614   767 I InputDispatcher: Dropping event because there is no touched foreground window in display 0 or gesture monitor to receive it.
05-31 11:58:47.239   614  2833 W InputManager: Input event injection from pid 30003 failed.
05-31 11:58:47.240   614   767 I InputDispatcher: Dropping event because there is no touched foreground window in display 0 or gesture monitor to receive it.
05-31 11:58:47.240   614  2833 W InputManager: Input event injection from pid 30003 failed.
05-31 11:58:47.240   614   767 I InputDispatcher: Dropping event because there is no touched foreground window in display 0 or gesture monitor to receive it.
05-31 11:58:47.241   614  2833 W InputManager: Input event injection from pid 30003 failed.
05-31 11:58:47.241   614   767 I InputDispatcher: Dropping event because there is no touched foreground window in display 0 or gesture monitor to receive it.
05-31 11:58:47.241   614  2833 W InputManager: Input event injection from pid 30003 failed.
05-31 11:58:47.241   614   767 I InputDispatcher: Dropping event because there is no touched foreground window in display 0 or gesture monitor to receive it.
05-31 11:58:47.241   614  2833 W InputManager: Input event injection from pid 30003 failed.
05-31 11:58:47.241   614   767 I InputDispatcher: Dropping event because there is no touched foreground window in display 0 or gesture monitor to receive it.
05-31 11:58:47.242   614  2833 W InputManager: Input event injection from pid 30003 failed.
05-31 11:58:47.242   614   767 I InputDispatcher: Dropping event because there is no touched foreground window in display 0 or gesture monitor to receive it.
05-31 11:58:47.242   614  2833 W InputManager: Input event injection from pid 30003 failed.
05-31 11:58:47.242   614   767 I InputDispatcher: Dropping event because there is no touched foreground window in display 0 or gesture monitor to receive it.
05-31 11:58:47.242   614  2833 W InputManager: Input event injection from pid 30003 failed.
05-31 11:58:47.243   614   767 I InputDispatcher: Dropping event because there is no touched foreground window in display 0 or gesture monitor to receive it.
05-31 11:58:47.243   614  2833 W InputManager: Input event injection from pid 30003 failed.
05-31 11:58:47.243   614   767 I InputDispatcher: Dropping event because there is no touched foreground window in display 0 or gesture monitor to receive it.
05-31 11:58:47.243   614  2833 W InputManager: Input event injection from pid 30003 failed.
05-31 11:58:47.244   614   767 I InputDispatcher: Dropping event because there is no touched foreground window in display 0 or gesture monitor to receive it.
05-31 11:58:47.244   614  2833 W InputManager: Input event injection from pid 30003 failed.
05-31 11:58:47.244   614   767 I InputDispatcher: Dropping event because there is no touched foreground window in display 0 or gesture monitor to receive it.
05-31 11:58:47.244   614  2833 W InputManager: Input event injection from pid 30003 failed.
05-31 11:58:47.244   614   767 I InputDispatcher: Dropping event because there is no touched foreground window in display 0 or gesture monitor to receive it.
05-31 11:58:47.244   614  2833 W InputManager: Input event injection from pid 30003 failed.
05-31 11:58:47.245   614   767 I InputDispatcher: Dropping event because there is no touched foreground window in display 0 or gesture monitor to receive it.
05-31 11:58:47.245   614  2833 W InputManager: Input event injection from pid 30003 failed.
05-31 11:58:47.245   614   767 I InputDispatcher: Dropping event because there is no touched foreground window in display 0 or gesture monitor to receive it.
05-31 11:58:47.245   614  2833 W InputManager: Input event injection from pid 30003 failed.
05-31 11:58:47.245   614   767 I InputDispatcher: Dropping event because there is no touched foreground window in display 0 or gesture monitor to receive it.
05-31 11:58:47.245   614  2833 W InputManager: Input event injection from pid 30003 failed.
05-31 11:58:47.246   614   767 I InputDispatcher: Dropping event because there is no touched foreground window in display 0 or gesture monitor to receive it.
05-31 11:58:47.246   614  2833 W InputManager: Input event injection from pid 30003 failed.
05-31 11:58:47.246   614   767 I InputDispatcher: Dropping event because there is no touched foreground window in display 0 or gesture monitor to receive it.
05-31 11:58:47.246   614  2833 W InputManager: Input event injection from pid 30003 failed.
05-31 11:58:47.247   614   767 I InputDispatcher: Dropping event because there is no touched foreground window in display 0 or gesture monitor to receive it.
05-31 11:58:47.247   614  2833 W InputManager: Input event injection from pid 30003 failed.
05-31 11:58:47.247   614   767 I InputDispatcher: Dropping event because there is no touched foreground window in display 0 or gesture monitor to receive it.
05-31 11:58:47.248   614  2833 W InputManager: Input event injection from pid 30003 failed.
05-31 11:58:47.248   614   767 I InputDispatcher: Dropping event because there is no touched foreground window in display 0 or gesture monitor to receive it.
05-31 11:58:47.249   614  2833 W InputManager: Input event injection from pid 30003 failed.
05-31 11:58:47.249   614   767 I InputDispatcher: Dropping event because there is no touched foreground window in display 0 or gesture monitor to receive it.
05-31 11:58:47.249   614  2833 W InputManager: Input event injection from pid 30003 failed.
05-31 11:58:47.250   614   767 I InputDispatcher: Dropping event because there is no touched foreground window in display 0 or gesture monitor to receive it.
05-31 11:58:47.250   614  2833 W InputManager: Input event injection from pid 30003 failed.
05-31 11:58:47.250   614   767 I InputDispatcher: Dropping event because there is no touched foreground window in display 0 or gesture monitor to receive it.
05-31 11:58:47.250   614  2833 W InputManager: Input event injection from pid 30003 failed.
05-31 11:58:47.250   614   767 I InputDispatcher: Dropping event because there is no touched foreground window in display 0 or gesture monitor to receive it.
05-31 11:58:47.250   614  2833 W InputManager: Input event injection from pid 30003 failed.
05-31 11:58:47.251   614   767 I InputDispatcher: Dropping event because there is no touched foreground window in display 0 or gesture monitor to receive it.
05-31 11:58:47.251   614  2833 W InputManager: Input event injection from pid 30003 failed.
05-31 11:58:47.251   614   767 I InputDispatcher: Dropping event because there is no touched foreground window in display 0 or gesture monitor to receive it.
05-31 11:58:47.251   614  2833 W InputManager: Input event injection from pid 30003 failed.
05-31 11:58:47.251   614   767 I InputDispatcher: Dropping event because there is no touched foreground window in display 0 or gesture monitor to receive it.
05-31 11:58:47.251   614  2833 W InputManager: Input event injection from pid 30003 failed.
05-31 11:58:47.252   614   767 I InputDispatcher: Dropping event because there is no touched foreground window in display 0 or gesture monitor to receive it.
05-31 11:58:47.252   614  2833 W InputManager: Input event injection from pid 30003 failed.
05-31 11:58:47.252   614   767 I InputDispatcher: Dropping event because there is no touched foreground window in display 0 or gesture monitor to receive it.
05-31 11:58:47.253   614  2833 W InputManager: Input event injection from pid 30003 failed.
05-31 11:58:47.253   614   767 I InputDispatcher: Dropping event because there is no touched foreground window in display 0 or gesture monitor to receive it.
05-31 11:58:47.253   614  2833 W InputManager: Input event injection from pid 30003 failed.
05-31 11:58:47.253   614   767 I InputDispatcher: Dropping event because there is no touched foreground window in display 0 or gesture monitor to receive it.
05-31 11:58:47.254   614  2833 W InputManager: Input event injection from pid 30003 failed.
05-31 11:58:47.254 29114 29937 I okhttp.OkHttpClient: <-- 401 Unauthorized https://vivintsky.com/platform-settings-api/v1/platformsettings/vtcontactsserviceurl (965ms)
05-31 11:58:47.254   614   767 I InputDispatcher: Dropping event because there is no touched foreground window in display 0 or gesture monitor to receive it.
05-31 11:58:47.254 29114 29937 I okhttp.OkHttpClient: Date: Sat, 31 May 2025 11:58:48 GMT
05-31 11:58:47.254 29114 29937 I okhttp.OkHttpClient: Content-Type: text/html
05-31 11:58:47.254 29114 29937 I okhttp.OkHttpClient: Content-Length: 172
05-31 11:58:47.255   614  2833 W InputManager: Input event injection from pid 30003 failed.
05-31 11:58:47.255 29114 29937 I okhttp.OkHttpClient: Connection: keep-alive
05-31 11:58:47.255 29114 29937 I okhttp.OkHttpClient: Www-Authenticate: Bearer scope="openid email",redirect_uri="https://vivintsky.com/api/oauth-redirect/f3c18e1668a748b7838bcef74fdeb3f6",realm="vivintsky",response_type="code",state="7163bbe5-2187-46e8-95e3-947a47247ac7",client_id="f3c18e1668a748b7838bcef74fdeb3f6"
05-31 11:58:47.255 29114 29937 I okhttp.OkHttpClient: cf-cache-status: DYNAMIC
05-31 11:58:47.255 29114 29937 I okhttp.OkHttpClient: Server: cloudflare
05-31 11:58:47.255 29114 29937 I okhttp.OkHttpClient: CF-RAY: 94864d305f0b2b9e-LAX
05-31 11:58:47.256   614   767 I InputDispatcher: Dropping event because there is no touched foreground window in display 0 or gesture monitor to receive it.
05-31 11:58:47.256   614  2833 W InputManager: Input event injection from pid 30003 failed.
05-31 11:58:47.256 29114 29937 I okhttp.OkHttpClient: <html>
05-31 11:58:47.256 29114 29937 I okhttp.OkHttpClient: <head><title>401 Authorization Required</title></head>
05-31 11:58:47.256 29114 29937 I okhttp.OkHttpClient: <body>
05-31 11:58:47.256   614   767 I InputDispatcher: Dropping event because there is no touched foreground window in display 0 or gesture monitor to receive it.
05-31 11:58:47.256 29114 29937 I okhttp.OkHttpClient: <center><h1>401 Authorization Required</h1></center>
05-31 11:58:47.257 29114 29937 I okhttp.OkHttpClient: <hr><center>nginx</center>
05-31 11:58:47.257 29114 29937 I okhttp.OkHttpClient: </body>
05-31 11:58:47.257 29114 29937 I okhttp.OkHttpClient: </html>
05-31 11:58:47.257 29114 29937 I okhttp.OkHttpClient: <-- END HTTP (172-byte body)
05-31 11:58:47.258   614  2833 W InputManager: Input event injection from pid 30003 failed.
05-31 11:58:47.258   614   767 I InputDispatcher: Dropping event because there is no touched foreground window in display 0 or gesture monitor to receive it.
05-31 11:58:47.258   614  2833 W InputManager: Input event injection from pid 30003 failed.
05-31 11:58:47.258   614   767 I InputDispatcher: Dropping event because there is no touched foreground window in display 0 or gesture monitor to receive it.
05-31 11:58:47.259   614  2833 W InputManager: Input event injection from pid 30003 failed.
05-31 11:58:47.259   614   767 I InputDispatcher: Dropping event because there is no touched foreground window in display 0 or gesture monitor to receive it.
05-31 11:58:47.259   614  2833 W InputManager: Input event injection from pid 30003 failed.
05-31 11:58:47.259   614   767 I InputDispatcher: Dropping event because there is no touched foreground window in display 0 or gesture monitor to receive it.
05-31 11:58:47.259   614  2833 W InputManager: Input event injection from pid 30003 failed.
05-31 11:58:47.259   614   767 I InputDispatcher: Dropping event because there is no touched foreground window in display 0 or gesture monitor to receive it.
05-31 11:58:47.259   614  2833 W InputManager: Input event injection from pid 30003 failed.
05-31 11:58:47.260   614   767 I InputDispatcher: Dropping event because there is no touched foreground window in display 0 or gesture monitor to receive it.
05-31 11:58:47.260   614  2833 W InputManager: Input event injection from pid 30003 failed.
05-31 11:58:47.260   614   767 I InputDispatcher: Dropping event because there is no touched foreground window in display 0 or gesture monitor to receive it.
05-31 11:58:47.261   614  2833 W InputManager: Input event injection from pid 30003 failed.
05-31 11:58:47.261   614   767 I InputDispatcher: Dropping event because there is no touched foreground window in display 0 or gesture monitor to receive it.
05-31 11:58:47.262   614  2833 W InputManager: Input event injection from pid 30003 failed.
05-31 11:58:47.263   614   767 I InputDispatcher: Dropping event because there is no touched foreground window in display 0 or gesture monitor to receive it.
05-31 11:58:47.263   614  2833 W InputManager: Input event injection from pid 30003 failed.
05-31 11:58:47.263   614   767 I InputDispatcher: Dropping event because there is no touched foreground window in display 0 or gesture monitor to receive it.
05-31 11:58:47.264   614  2833 W InputManager: Input event injection from pid 30003 failed.
05-31 11:58:47.264   614   767 I InputDispatcher: Dropping event because there is no touched foreground window in display 0 or gesture monitor to receive it.
05-31 11:58:47.264   614  2833 W InputManager: Input event injection from pid 30003 failed.
05-31 11:58:47.264   614   767 I InputDispatcher: Dropping event because there is no touched foreground window in display 0 or gesture monitor to receive it.
05-31 11:58:47.264   614  2833 W InputManager: Input event injection from pid 30003 failed.
05-31 11:58:47.265   614   767 I InputDispatcher: Dropping event because there is no touched foreground window in display 0 or gesture monitor to receive it.
05-31 11:58:47.265   614  2833 W InputManager: Input event injection from pid 30003 failed.
05-31 11:58:47.265   614   767 I InputDispatcher: Dropping event because there is no touched foreground window in display 0 or gesture monitor to receive it.
05-31 11:58:47.266   614  2833 W InputManager: Input event injection from pid 30003 failed.
05-31 11:58:47.266   614   767 I InputDispatcher: Dropping event because there is no touched foreground window in display 0 or gesture monitor to receive it.
05-31 11:58:47.266   614  2833 W InputManager: Input event injection from pid 30003 failed.
05-31 11:58:47.266   614   767 I InputDispatcher: Dropping event because there is no touched foreground window in display 0 or gesture monitor to receive it.
05-31 11:58:47.267   614  2833 W InputManager: Input event injection from pid 30003 failed.
05-31 11:58:47.267   614   767 I InputDispatcher: Dropping event because there is no touched foreground window in display 0 or gesture monitor to receive it.
05-31 11:58:47.267   614  2833 W InputManager: Input event injection from pid 30003 failed.
05-31 11:58:47.267   614   767 I InputDispatcher: Dropping event because there is no touched foreground window in display 0 or gesture monitor to receive it.
05-31 11:58:47.268   614  2833 W InputManager: Input event injection from pid 30003 failed.
05-31 11:58:47.268   614   767 I InputDispatcher: Dropping event because there is no touched foreground window in display 0 or gesture monitor to receive it.
05-31 11:58:47.268   614  2833 W InputManager: Input event injection from pid 30003 failed.
05-31 11:58:47.268   614   767 I InputDispatcher: Dropping event because there is no touched foreground window in display 0 or gesture monitor to receive it.
05-31 11:58:47.268   614  2833 W InputManager: Input event injection from pid 30003 failed.
05-31 11:58:47.269   614   767 I InputDispatcher: Dropping event because there is no touched foreground window in display 0 or gesture monitor to receive it.
05-31 11:58:47.269   614  2833 W InputManager: Input event injection from pid 30003 failed.
05-31 11:58:47.269   614   767 I InputDispatcher: Dropping event because there is no touched foreground window in display 0 or gesture monitor to receive it.
05-31 11:58:47.269   614  2833 W InputManager: Input event injection from pid 30003 failed.
05-31 11:58:47.269   614   767 I InputDispatcher: Dropping event because there is no touched foreground window in display 0 or gesture monitor to receive it.
05-31 11:58:47.270   614  2833 W InputManager: Input event injection from pid 30003 failed.
05-31 11:58:47.270   614   767 I InputDispatcher: Dropping event because there is no touched foreground window in display 0 or gesture monitor to receive it.
05-31 11:58:47.270   614  2833 W InputManager: Input event injection from pid 30003 failed.
05-31 11:58:47.270   614   767 I InputDispatcher: Dropping event because there is no touched foreground window in display 0 or gesture monitor to receive it.
05-31 11:58:47.270   614  2833 W InputManager: Input event injection from pid 30003 failed.
05-31 11:58:47.271   614   767 I InputDispatcher: Dropping event because there is no touched foreground window in display 0 or gesture monitor to receive it.
05-31 11:58:47.271   614  2833 W InputManager: Input event injection from pid 30003 failed.
05-31 11:58:47.271   614   767 I InputDispatcher: Dropping event because there is no touched foreground window in display 0 or gesture monitor to receive it.
05-31 11:58:47.271   614  2833 W InputManager: Input event injection from pid 30003 failed.
05-31 11:58:47.271   614   767 I InputDispatcher: Dropping event because there is no touched foreground window in display 0 or gesture monitor to receive it.
05-31 11:58:47.272   614  2833 W InputManager: Input event injection from pid 30003 failed.
05-31 11:58:47.272   614   767 I InputDispatcher: Dropping event because there is no touched foreground window in display 0 or gesture monitor to receive it.
05-31 11:58:47.272   614  2833 W InputManager: Input event injection from pid 30003 failed.
05-31 11:58:47.272   614   767 I InputDispatcher: Dropping event because there is no touched foreground window in display 0 or gesture monitor to receive it.
05-31 11:58:47.273   614  2833 W InputManager: Input event injection from pid 30003 failed.
05-31 11:58:47.273   614   767 I InputDispatcher: Dropping event because there is no touched foreground window in display 0 or gesture monitor to receive it.
05-31 11:58:47.273   614  2833 W InputManager: Input event injection from pid 30003 failed.
05-31 11:58:47.273   614   767 I InputDispatcher: Dropping event because there is no touched foreground window in display 0 or gesture monitor to receive it.
05-31 11:58:47.273   614  2833 W InputManager: Input event injection from pid 30003 failed.
05-31 11:58:47.274   614   767 I InputDispatcher: Dropping event because there is no touched foreground window in display 0 or gesture monitor to receive it.
05-31 11:58:47.274   614  2833 W InputManager: Input event injection from pid 30003 failed.
05-31 11:58:47.274   614   767 I InputDispatcher: Dropping event because there is no touched foreground window in display 0 or gesture monitor to receive it.
05-31 11:58:47.274   614  2833 W InputManager: Input event injection from pid 30003 failed.
05-31 11:58:47.274   614   767 I InputDispatcher: Dropping event because there is no touched foreground window in display 0 or gesture monitor to receive it.
05-31 11:58:47.275   614  2833 W InputManager: Input event injection from pid 30003 failed.
05-31 11:58:47.275   614   767 I InputDispatcher: Dropping event because there is no touched foreground window in display 0 or gesture monitor to receive it.
05-31 11:58:47.275   614  2833 W InputManager: Input event injection from pid 30003 failed.
05-31 11:58:47.275   614   767 I InputDispatcher: Dropping event because there is no touched foreground window in display 0 or gesture monitor to receive it.
05-31 11:58:47.276   614  2833 W InputManager: Input event injection from pid 30003 failed.
05-31 11:58:47.276   614   767 I InputDispatcher: Dropping event because there is no touched foreground window in display 0 or gesture monitor to receive it.
05-31 11:58:47.276   614  2833 W InputManager: Input event injection from pid 30003 failed.
05-31 11:58:47.276   614   767 I InputDispatcher: Dropping event because there is no touched foreground window in display 0 or gesture monitor to receive it.
05-31 11:58:47.277   614  2833 W InputManager: Input event injection from pid 30003 failed.
05-31 11:58:47.277   614   767 I InputDispatcher: Dropping event because there is no touched foreground window in display 0 or gesture monitor to receive it.
05-31 11:58:47.277   614  2833 W InputManager: Input event injection from pid 30003 failed.
05-31 11:58:47.277   614   767 I InputDispatcher: Dropping event because there is no touched foreground window in display 0 or gesture monitor to receive it.
05-31 11:58:47.277   614  2833 W InputManager: Input event injection from pid 30003 failed.
05-31 11:58:47.278   614   767 I InputDispatcher: Dropping event because there is no touched foreground window in display 0 or gesture monitor to receive it.
05-31 11:58:47.278   614  2833 W InputManager: Input event injection from pid 30003 failed.
05-31 11:58:47.278   614   767 I InputDispatcher: Dropping event because there is no touched foreground window in display 0 or gesture monitor to receive it.
05-31 11:58:47.278   614  2833 W InputManager: Input event injection from pid 30003 failed.
05-31 11:58:47.279   614   767 I InputDispatcher: Dropping event because there is no touched foreground window in display 0 or gesture monitor to receive it.
05-31 11:58:47.279   614  2833 W InputManager: Input event injection from pid 30003 failed.
05-31 11:58:47.279   614   767 I InputDispatcher: Dropping event because there is no touched foreground window in display 0 or gesture monitor to receive it.
05-31 11:58:47.279   614  2833 W InputManager: Input event injection from pid 30003 failed.
05-31 11:58:47.280   614   767 I InputDispatcher: Dropping event because there is no touched foreground window in display 0 or gesture monitor to receive it.
05-31 11:58:47.280   614  2833 W InputManager: Input event injection from pid 30003 failed.
05-31 11:58:47.280   614   767 I InputDispatcher: Dropping event because there is no touched foreground window in display 0 or gesture monitor to receive it.
05-31 11:58:47.280   614  2833 W InputManager: Input event injection from pid 30003 failed.
05-31 11:58:47.281   614   767 I InputDispatcher: Dropping event because there is no touched foreground window in display 0 or gesture monitor to receive it.
05-31 11:58:47.281   614  2833 W InputManager: Input event injection from pid 30003 failed.
05-31 11:58:47.281   614   767 I InputDispatcher: Dropping event because there is no touched foreground window in display 0 or gesture monitor to receive it.
05-31 11:58:47.282   614  2833 W InputManager: Input event injection from pid 30003 failed.
05-31 11:58:47.282   614   767 I InputDispatcher: Dropping event because there is no touched foreground window in display 0 or gesture monitor to receive it.
05-31 11:58:47.282   614  2833 W InputManager: Input event injection from pid 30003 failed.
05-31 11:58:47.282   614   767 I InputDispatcher: Dropping event because there is no touched foreground window in display 0 or gesture monitor to receive it.
05-31 11:58:47.282   614  2833 W InputManager: Input event injection from pid 30003 failed.
05-31 11:58:47.283   614   767 I InputDispatcher: Dropping event because there is no touched foreground window in display 0 or gesture monitor to receive it.
05-31 11:58:47.283   614  2833 W InputManager: Input event injection from pid 30003 failed.
05-31 11:58:47.283   614   767 I InputDispatcher: Dropping event because there is no touched foreground window in display 0 or gesture monitor to receive it.
05-31 11:58:47.284   614  2833 W InputManager: Input event injection from pid 30003 failed.
05-31 11:58:47.284   614   767 I InputDispatcher: Dropping event because there is no touched foreground window in display 0 or gesture monitor to receive it.
05-31 11:58:47.285   614  2833 W InputManager: Input event injection from pid 30003 failed.
05-31 11:58:47.285   614   767 I InputDispatcher: Dropping event because there is no touched foreground window in display 0 or gesture monitor to receive it.
05-31 11:58:47.286   614  2833 W InputManager: Input event injection from pid 30003 failed.
05-31 11:58:47.286   614   767 I InputDispatcher: Dropping event because there is no touched foreground window in display 0 or gesture monitor to receive it.
05-31 11:58:47.286   614  2833 W InputManager: Input event injection from pid 30003 failed.
05-31 11:58:47.286   614   767 I InputDispatcher: Dropping event because there is no touched foreground window in display 0 or gesture monitor to receive it.
05-31 11:58:47.287   614  2833 W InputManager: Input event injection from pid 30003 failed.
05-31 11:58:47.287   614   767 I InputDispatcher: Dropping event because there is no touched foreground window in display 0 or gesture monitor to receive it.
05-31 11:58:47.288   614  2833 W InputManager: Input event injection from pid 30003 failed.
05-31 11:58:47.289   614   767 I InputDispatcher: Dropping event because there is no touched foreground window in display 0 or gesture monitor to receive it.
05-31 11:58:47.290   614  2833 W InputManager: Input event injection from pid 30003 failed.
05-31 11:58:47.290   614   767 I InputDispatcher: Dropping event because there is no touched foreground window in display 0 or gesture monitor to receive it.
05-31 11:58:47.290   614  2833 W InputManager: Input event injection from pid 30003 failed.
05-31 11:58:47.290   614   767 I InputDispatcher: Dropping event because there is no touched foreground window in display 0 or gesture monitor to receive it.
05-31 11:58:47.290   614  2833 W InputManager: Input event injection from pid 30003 failed.
05-31 11:58:47.290   614   767 I InputDispatcher: Dropping event because there is no touched foreground window in display 0 or gesture monitor to receive it.
05-31 11:58:47.290   614  2833 W InputManager: Input event injection from pid 30003 failed.
05-31 11:58:47.290   614   767 I InputDispatcher: Dropping event because there is no touched foreground window in display 0 or gesture monitor to receive it.
05-31 11:58:47.291   614  2833 W InputManager: Input event injection from pid 30003 failed.
05-31 11:58:47.291   614   767 I InputDispatcher: Dropping event because there is no touched foreground window in display 0 or gesture monitor to receive it.
05-31 11:58:47.291   614  2833 W InputManager: Input event injection from pid 30003 failed.
05-31 11:58:47.291   614   767 I InputDispatcher: Dropping event because there is no touched foreground window in display 0 or gesture monitor to receive it.
05-31 11:58:47.291   614  2833 W InputManager: Input event injection from pid 30003 failed.
05-31 11:58:47.292   614   767 I InputDispatcher: Dropping event because there is no touched foreground window in display 0 or gesture monitor to receive it.
05-31 11:58:47.292   614  2833 W InputManager: Input event injection from pid 30003 failed.
05-31 11:58:47.292   614   767 I InputDispatcher: Dropping event because there is no touched foreground window in display 0 or gesture monitor to receive it.
05-31 11:58:47.293   614  2833 W InputManager: Input event injection from pid 30003 failed.
05-31 11:58:47.293   614   767 I InputDispatcher: Dropping event because there is no touched foreground window in display 0 or gesture monitor to receive it.
05-31 11:58:47.294   614  2833 W InputManager: Input event injection from pid 30003 failed.
05-31 11:58:47.294   614   767 I InputDispatcher: Dropping event because there is no touched foreground window in display 0 or gesture monitor to receive it.
05-31 11:58:47.294   614  2833 W InputManager: Input event injection from pid 30003 failed.
05-31 11:58:47.294   614   767 I InputDispatcher: Dropping event because there is no touched foreground window in display 0 or gesture monitor to receive it.
05-31 11:58:47.295   614  2833 W InputManager: Input event injection from pid 30003 failed.
05-31 11:58:47.295   614   767 I InputDispatcher: Dropping event because there is no touched foreground window in display 0 or gesture monitor to receive it.
05-31 11:58:47.295   614  2833 W InputManager: Input event injection from pid 30003 failed.
05-31 11:58:47.296   614   767 I InputDispatcher: Dropping event because there is no touched foreground window in display 0 or gesture monitor to receive it.
05-31 11:58:47.296   614  2833 W InputManager: Input event injection from pid 30003 failed.
05-31 11:58:47.297   614   767 I InputDispatcher: Dropping event because there is no touched foreground window in display 0 or gesture monitor to receive it.
05-31 11:58:47.297   614  2833 W InputManager: Input event injection from pid 30003 failed.
05-31 11:58:47.297   614   767 I InputDispatcher: Dropping event because there is no touched foreground window in display 0 or gesture monitor to receive it.
05-31 11:58:47.298   614  2833 W InputManager: Input event injection from pid 30003 failed.
05-31 11:58:47.298   614   767 I InputDispatcher: Dropping event because there is no touched foreground window in display 0 or gesture monitor to receive it.
05-31 11:58:47.299   614  2833 W InputManager: Input event injection from pid 30003 failed.
05-31 11:58:47.299   614   767 I InputDispatcher: Dropping event because there is no touched foreground window in display 0 or gesture monitor to receive it.
05-31 11:58:47.299   614  2833 W InputManager: Input event injection from pid 30003 failed.
05-31 11:58:47.299   614   767 I InputDispatcher: Dropping event because there is no touched foreground window in display 0 or gesture monitor to receive it.
05-31 11:58:47.299   614  2833 W InputManager: Input event injection from pid 30003 failed.
05-31 11:58:47.300   614   767 I InputDispatcher: Dropping event because there is no touched foreground window in display 0 or gesture monitor to receive it.
05-31 11:58:47.301   614  2833 W InputManager: Input event injection from pid 30003 failed.
05-31 11:58:47.301   614   767 I InputDispatcher: Dropping event because there is no touched foreground window in display 0 or gesture monitor to receive it.
05-31 11:58:47.302   614  2833 W InputManager: Input event injection from pid 30003 failed.
05-31 11:58:47.302   614   767 I InputDispatcher: Dropping event because there is no touched foreground window in display 0 or gesture monitor to receive it.
05-31 11:58:47.302   614  2833 W InputManager: Input event injection from pid 30003 failed.
05-31 11:58:47.302   614   767 I InputDispatcher: Dropping event because there is no touched foreground window in display 0 or gesture monitor to receive it.
05-31 11:58:47.303   614  2833 W InputManager: Input event injection from pid 30003 failed.
05-31 11:58:47.303   614   767 I InputDispatcher: Dropping event because there is no touched foreground window in display 0 or gesture monitor to receive it.
05-31 11:58:47.304   614  2833 W InputManager: Input event injection from pid 30003 failed.
05-31 11:58:47.304   614   767 I InputDispatcher: Dropping event because there is no touched foreground window in display 0 or gesture monitor to receive it.
05-31 11:58:47.305   614  2833 W InputManager: Input event injection from pid 30003 failed.
05-31 11:58:47.305   614   767 I InputDispatcher: Dropping event because there is no touched foreground window in display 0 or gesture monitor to receive it.
05-31 11:58:47.306   614  2833 W InputManager: Input event injection from pid 30003 failed.
05-31 11:58:47.306   614   767 I InputDispatcher: Dropping event because there is no touched foreground window in display 0 or gesture monitor to receive it.
05-31 11:58:47.307 29114 30011 I okhttp.OkHttpClient: <-- 401 Unauthorized https://vivintsky.com/platform-settings-api/v1/platformsettings/vtcontactsserviceurl (999ms)
05-31 11:58:47.307 29114 30011 I okhttp.OkHttpClient: Date: Sat, 31 May 2025 11:58:48 GMT
05-31 11:58:47.307 29114 30011 I okhttp.OkHttpClient: Content-Type: text/html
05-31 11:58:47.307 29114 30011 I okhttp.OkHttpClient: Content-Length: 172
05-31 11:58:47.308 29114 30011 I okhttp.OkHttpClient: Connection: keep-alive
05-31 11:58:47.308 29114 30011 I okhttp.OkHttpClient: Www-Authenticate: Bearer scope="openid email",redirect_uri="https://vivintsky.com/api/oauth-redirect/f3c18e1668a748b7838bcef74fdeb3f6",realm="vivintsky",response_type="code",state="a4636171-8a83-4372-ab58-f535f3b5939d",client_id="f3c18e1668a748b7838bcef74fdeb3f6"
05-31 11:58:47.308 29114 30011 I okhttp.OkHttpClient: cf-cache-status: DYNAMIC
05-31 11:58:47.308 29114 30011 I okhttp.OkHttpClient: Server: cloudflare
05-31 11:58:47.308 29114 30011 I okhttp.OkHttpClient: CF-RAY: 94864d30adba2ec3-LAX
05-31 11:58:47.308 29114 30011 I okhttp.OkHttpClient: <html>
05-31 11:58:47.308 29114 30011 I okhttp.OkHttpClient: <head><title>401 Authorization Required</title></head>
05-31 11:58:47.308 29114 30011 I okhttp.OkHttpClient: <body>
05-31 11:58:47.308 29114 30011 I okhttp.OkHttpClient: <center><h1>401 Authorization Required</h1></center>
05-31 11:58:47.308 29114 30011 I okhttp.OkHttpClient: <hr><center>nginx</center>
05-31 11:58:47.308 29114 30011 I okhttp.OkHttpClient: </body>
05-31 11:58:47.308 29114 30011 I okhttp.OkHttpClient: </html>
05-31 11:58:47.308 29114 30011 I okhttp.OkHttpClient: <-- END HTTP (172-byte body)
05-31 11:58:47.309   614  2833 W InputManager: Input event injection from pid 30003 failed.
05-31 11:58:47.310   614   767 I InputDispatcher: Dropping event because there is no touched foreground window in display 0 or gesture monitor to receive it.
05-31 11:58:47.310   614  2833 W InputManager: Input event injection from pid 30003 failed.
05-31 11:58:47.310   614   767 I InputDispatcher: Dropping event because there is no touched foreground window in display 0 or gesture monitor to receive it.
05-31 11:58:47.311   614  2833 W InputManager: Input event injection from pid 30003 failed.
05-31 11:58:47.311   614   767 I InputDispatcher: Dropping event because there is no touched foreground window in display 0 or gesture monitor to receive it.
05-31 11:58:47.311   614  2833 W InputManager: Input event injection from pid 30003 failed.
05-31 11:58:47.312   614   767 I InputDispatcher: Dropping event because there is no touched foreground window in display 0 or gesture monitor to receive it.
05-31 11:58:47.312   614  2833 W InputManager: Input event injection from pid 30003 failed.
05-31 11:58:47.313   614   767 I InputDispatcher: Dropping event because there is no touched foreground window in display 0 or gesture monitor to receive it.
05-31 11:58:47.313   614  2833 W InputManager: Input event injection from pid 30003 failed.
05-31 11:58:47.313   614   767 I InputDispatcher: Dropping event because there is no touched foreground window in display 0 or gesture monitor to receive it.
05-31 11:58:47.314   614  2833 W InputManager: Input event injection from pid 30003 failed.
05-31 11:58:47.314   614   767 I InputDispatcher: Dropping event because there is no touched foreground window in display 0 or gesture monitor to receive it.
05-31 11:58:47.315   614  2833 W InputManager: Input event injection from pid 30003 failed.
05-31 11:58:47.315   614   767 I InputDispatcher: Dropping event because there is no touched foreground window in display 0 or gesture monitor to receive it.
05-31 11:58:47.315   614  2833 W InputManager: Input event injection from pid 30003 failed.
05-31 11:58:47.316   614   767 I InputDispatcher: Dropping event because there is no touched foreground window in display 0 or gesture monitor to receive it.
05-31 11:58:47.316   614  2833 W InputManager: Input event injection from pid 30003 failed.
05-31 11:58:47.317   614   767 I InputDispatcher: Dropping event because there is no touched foreground window in display 0 or gesture monitor to receive it.
05-31 11:58:47.317   614  2833 W InputManager: Input event injection from pid 30003 failed.
05-31 11:58:47.317   614   767 I InputDispatcher: Dropping event because there is no touched foreground window in display 0 or gesture monitor to receive it.
05-31 11:58:47.317   614  2833 W InputManager: Input event injection from pid 30003 failed.
05-31 11:58:47.318   614   767 I InputDispatcher: Dropping event because there is no touched foreground window in display 0 or gesture monitor to receive it.
05-31 11:58:47.318   614  2833 W InputManager: Input event injection from pid 30003 failed.
05-31 11:58:47.318   614   767 I InputDispatcher: Dropping event because there is no touched foreground window in display 0 or gesture monitor to receive it.
05-31 11:58:47.318   614  2833 W InputManager: Input event injection from pid 30003 failed.
05-31 11:58:47.319   614   767 I InputDispatcher: Dropping event because there is no touched foreground window in display 0 or gesture monitor to receive it.
05-31 11:58:47.319   614  2833 W InputManager: Input event injection from pid 30003 failed.
05-31 11:58:47.319   614   767 I InputDispatcher: Dropping event because there is no touched foreground window in display 0 or gesture monitor to receive it.
05-31 11:58:47.320   614  2833 W InputManager: Input event injection from pid 30003 failed.
05-31 11:58:47.320   614   767 I InputDispatcher: Dropping event because there is no touched foreground window in display 0 or gesture monitor to receive it.
05-31 11:58:47.320   614  2833 W InputManager: Input event injection from pid 30003 failed.
05-31 11:58:47.320   614   767 I InputDispatcher: Dropping event because there is no touched foreground window in display 0 or gesture monitor to receive it.
05-31 11:58:47.321   614  2833 W InputManager: Input event injection from pid 30003 failed.
