--------- beginning of main
05-31 11:58:17.447  1410  1410 I GoogleInputMethodService: GoogleInputMethodService.onFinishInput():3420 
05-31 11:58:17.451   614  5113 W InputManager-JNI: Input channel object 'c9279f1 InputMethod (client)' was disposed without first being removed with the input manager!
05-31 11:58:17.454  1410  1410 I NormalModeController: NormalModeController.getKeyboardBodyViewHolderPaddingBottom():109 currentPrimeKeyboardType:SOFT systemPaddingBottom:-1
05-31 11:58:17.457  1410  1410 I AbstractOpenableExtension: AbstractOpenableExtension.maybeDestroyExistingKeyboardGroupManager():514 Destroy existing keyboard group manager in fau
05-31 11:58:17.458  1410  1410 I KeyboardViewController: KeyboardViewController.clearSubViewControllerInternal():411 Clears keyboard sub view controller for keyboardType: null, viewType: HEADER, viewId: 2131428269(#0x7f0b03ad),which has not been set.
05-31 11:58:17.465  1410  1410 I AbstractOpenableExtension: AbstractOpenableExtension.maybeDestroyExistingKeyboardGroupManager():514 Destroy existing keyboard group manager in fci
05-31 11:58:17.465  1410  1410 I AbstractOpenableExtension: AbstractOpenableExtension.maybeDestroyExistingKeyboardGroupManager():514 Destroy existing keyboard group manager in eyj
05-31 11:58:17.466  1410 10058 I JapaneseMozcExtension: JapaneseMozcExtension.onDestroyServiceInternal():81 onDestroyServiceInternal()
05-31 11:58:17.468  1410  1410 I AbstractOpenableExtension: AbstractOpenableExtension$3.onSuccess():527 KeyboardGroupManager destroyed in fau.
05-31 11:58:17.473  1410  1410 I AbstractOpenableExtension: AbstractOpenableExtension$3.onSuccess():527 KeyboardGroupManager destroyed in fci.
05-31 11:58:17.473  1410  1410 I AbstractOpenableExtension: AbstractOpenableExtension$3.onSuccess():527 KeyboardGroupManager destroyed in eyj.
--------- beginning of system
05-31 11:58:17.862   614   664 E RemoteAugmentedAutofillService: Bad service name for flags 1048704: com.google.android.as/com.google.android.apps.miphone.aiai.app.AiAiAugmentedAutofillService
05-31 11:58:18.015  5467  5467 I abb     : StartCommandInProcess(73657474696e67730067657400676c6f settings.get.glo [truncated])
05-31 11:58:18.016   614   614 W Binder:614_4: type=1400 audit(0.0:541): avc: denied { getopt } for scontext=u:r:system_server:s0 tcontext=u:r:shell:s0 tclass=unix_stream_socket permissive=0
05-31 11:58:18.016   614   614 W Binder:614_4: type=1400 audit(0.0:542): avc: denied { getopt } for scontext=u:r:system_server:s0 tcontext=u:r:shell:s0 tclass=unix_stream_socket permissive=0
05-31 11:58:18.025  5467  5467 I abb     : StartCommandInProcess(7061636b61676500696e7374616c6c00 package.install. [truncated])
05-31 11:58:18.016   614   614 W Binder:614_4: type=1400 audit(0.0:543): avc: denied { getopt } for scontext=u:r:system_server:s0 tcontext=u:r:shell:s0 tclass=unix_stream_socket permissive=0
05-31 11:58:19.153   614   785 W BestClock: java.time.DateTimeException: Missing NTP fix
05-31 11:58:19.207   614   785 W BestClock: java.time.DateTimeException: Missing NTP fix
05-31 11:58:19.221   614   786 W BestClock: java.time.DateTimeException: Missing NTP fix
05-31 11:58:19.238   614   786 W BestClock: java.time.DateTimeException: Missing NTP fix
05-31 11:58:19.241   614   786 W BestClock: java.time.DateTimeException: Missing NTP fix
05-31 11:58:22.060   614   614 W Binder:614_4: type=1400 audit(0.0:544): avc: denied { getopt } for scontext=u:r:system_server:s0 tcontext=u:r:shell:s0 tclass=unix_stream_socket permissive=0
05-31 11:58:22.553   614   776 W PackageParsing: No actions in intent-filter at /data/app/vmdl1070856063.tmp/base.apk Binary XML file line #299
05-31 11:58:22.557   614   701 I PackageManager: Integrity check passed for file:///data/app/vmdl1070856063.tmp
05-31 11:58:22.561   614   701 W PackageParsing: No actions in intent-filter at /data/app/vmdl1070856063.tmp/base.apk Binary XML file line #299
05-31 11:58:22.593  1475  4960 I MediaProvider: Invalidating LocalCallingIdentity cache for package com.vivint.vivintsky. Reason: op android:read_external_storage
05-31 11:58:22.596  1475  4960 I MediaProvider: Invalidating LocalCallingIdentity cache for package com.vivint.vivintsky. Reason: op android:read_external_storage
05-31 11:58:22.616   614   701 I PackageDexOptimizer: Running dexopt (dexoptNeeded=1) on: /data/app/~~u3_EuQykXLfvpUUXeSqcYw==/com.vivint.vivintsky-zssAmKlc6CC90HLi_zD_sw==/base.apk pkg=com.vivint.vivintsky isa=x86_64 dexoptFlags=boot_complete,profile_guided,public,enable_hidden_api_checks targetFilter=speed-profile oatDir=/data/app/~~u3_EuQykXLfvpUUXeSqcYw==/com.vivint.vivintsky-zssAmKlc6CC90HLi_zD_sw==/oat classLoaderContext=PCL[]{PCL[/system/framework/org.apache.http.legacy.jar]}
05-31 11:58:22.684 28884 28884 W dex2oat64: Unexpected CPU variant for X86 using defaults: x86_64
05-31 11:58:22.684 28884 28884 W dex2oat64: Mismatch between dex2oat instruction set features to use (ISA: X86_64 Feature string: -ssse3,-sse4.1,-sse4.2,-avx,-avx2,-popcnt) and those from CPP defines (ISA: X86_64 Feature string: ssse3,sse4.1,sse4.2,-avx,-avx2,popcnt) for the command line:
05-31 11:58:22.684 28884 28884 W dex2oat64: /apex/com.android.art/bin/dex2oat64 --zip-fd=7 --zip-location=base.apk --oat-fd=8 --oat-location=/data/app/~~u3_EuQykXLfvpUUXeSqcYw==/com.vivint.vivintsky-zssAmKlc6CC90HLi_zD_sw==/oat/x86_64/base.odex --input-vdex-fd=-1 --output-vdex-fd=9 --swap-fd=10 --classpath-dir=/data/app/~~u3_EuQykXLfvpUUXeSqcYw==/com.vivint.vivintsky-zssAmKlc6CC90HLi_zD_sw== --class-loader-context=PCL[]{PCL[/system/framework/org.apache.http.legacy.jar]} --compact-dex-level=none --instruction-set=x86_64 --instruction-set-features=default --instruction-set-variant=x86_64 --compiler-filter=speed-profile --compilation-reason=install --max-image-block-size=524288 --resolve-startup-const-strings=true --generate-mini-debug-info --runtime-arg -Xtarget-sdk-version:31 --runtime-arg -Xhidden-api-policy:enabled --runtime-arg -Xms64m --runtime-arg -Xmx512m
05-31 11:58:22.684 28884 28884 I dex2oat64: /apex/com.android.art/bin/dex2oat64 --input-vdex-fd=-1 --output-vdex-fd=9 --classpath-dir=/data/app/~~u3_EuQykXLfvpUUXeSqcYw==/com.vivint.vivintsky-zssAmKlc6CC90HLi_zD_sw== --class-loader-context=PCL[]{PCL[/system/framework/org.apache.http.legacy.jar]} --compact-dex-level=none --compiler-filter=speed-profile --compilation-reason=install --max-image-block-size=524288 --resolve-startup-const-strings=true --generate-mini-debug-info
05-31 11:58:23.629   340   340 E android.hardware.power.stats@1.0-service-mock: Failed to getEnergyData
05-31 11:58:23.653 28884 28884 I dex2oat64: Large app, accepted running with swap.
05-31 11:58:24.959   175   175 I servicemanager: Since 'apexservice' could not be found, trying to start it as a lazy AIDL service
05-31 11:58:25.206   175   175 I BpBinder: onLastStrongRef automatically unlinking death recipients: <uncached descriptor>
05-31 11:58:25.209   175   175 I servicemanager: Tried to unregister apexservice, but there is about to be a client.
05-31 11:58:25.464  1475  4300 W MediaProvider: isAppCloneUserPair for user 0: false
05-31 11:58:25.498   176   176 I hwservicemanager: getTransport: Cannot find entry android.hardware.graphics.mapper@4.0::IMapper/default in either framework or device VINTF manifest.
05-31 11:58:25.499 28919 28921 I Gralloc4: mapper 4.x is not supported
05-31 11:58:25.543  1312 28611 I NetworkScheduler.Stats: (REDACTED) Task %s/%s started execution. cause:%s exec_start_elapsed_seconds: %s
05-31 11:58:25.549  1312 28922 I NetworkScheduler.Stats: (REDACTED) Task %s/%s finished executing. cause:%s result: %s elapsed_millis: %s uptime_millis: %s exec_start_elapsed_seconds: %s
05-31 11:58:25.794  1475  5109 I MediaProvider: Begin Intent { act=android.intent.action.MEDIA_SCANNER_SCAN_FILE dat=file:///sdcard/screen_2025-05-31_195825.png flg=0x1400010 cmp=com.google.android.providers.media.module/com.android.providers.media.MediaService }
05-31 11:58:25.830  1475  5109 I MediaProvider: End Intent { act=android.intent.action.MEDIA_SCANNER_SCAN_FILE dat=file:///sdcard/screen_2025-05-31_195825.png flg=0x1400010 cmp=com.google.android.providers.media.module/com.android.providers.media.MediaService }
05-31 11:58:25.883  1475  5089 I MediaProvider: Deleted 0 1 0 0 0 0 0 items on external_primary due to com.android.shell
05-31 11:58:25.884  1312  2173 I UriTaskContentObserver: (REDACTED) Throttling content uri change event for %s
05-31 11:58:26.179   614  5113 I ActivityManager: Force stopping com.vivint.vivintsky appid=10170 user=0: from pid 28949
05-31 11:58:26.233   614   664 I ActivityTaskManager: START u0 {act=android.intent.action.MAIN cat=[android.intent.category.HOME] flg=0x10000100 cmp=com.google.android.apps.nexuslauncher/.NexusLauncherActivity (has extras)} from uid 0
05-31 11:58:26.244   614  2916 W ActivityManager: Unable to start service Intent { act=android.service.smartspace.SmartspaceService cmp=com.google.android.as/com.google.android.apps.miphone.aiai.app.AiAiSmartspaceService } U=0: not found
05-31 11:58:26.244   614  2916 W RemoteSmartspaceService: could not bind to Intent { act=android.service.smartspace.SmartspaceService cmp=com.google.android.as/com.google.android.apps.miphone.aiai.app.AiAiSmartspaceService } using flags 67112961
05-31 11:58:26.244   614   614 W ActivityManager: Unbind failed: could not find connection for android.app.LoadedApk$ServiceDispatcher$InnerConnection@e251728
05-31 11:58:26.872   175   175 I servicemanager: Notifying apexservice they have clients: 1
05-31 11:58:27.454  1475  1748 W MediaProvider: isAppCloneUserPair for user 0: false
05-31 11:58:27.482   176   176 I hwservicemanager: getTransport: Cannot find entry android.hardware.graphics.mapper@4.0::IMapper/default in either framework or device VINTF manifest.
05-31 11:58:27.482 28973 28975 I Gralloc4: mapper 4.x is not supported
05-31 11:58:27.766  1475  5109 I MediaProvider: Begin Intent { act=android.intent.action.MEDIA_SCANNER_SCAN_FILE dat=file:///sdcard/screen_2025-05-31_195827.png flg=0x1400010 cmp=com.google.android.providers.media.module/com.android.providers.media.MediaService }
05-31 11:58:27.777  1475  5109 I MediaProvider: End Intent { act=android.intent.action.MEDIA_SCANNER_SCAN_FILE dat=file:///sdcard/screen_2025-05-31_195827.png flg=0x1400010 cmp=com.google.android.providers.media.module/com.android.providers.media.MediaService }
05-31 11:58:27.851  1475  1745 I MediaProvider: Deleted 0 1 0 0 0 0 0 items on external_primary due to com.android.shell
05-31 11:58:27.851  1312  2173 I UriTaskContentObserver: (REDACTED) Throttling content uri change event for %s
05-31 11:58:28.350  1475  5089 W MediaProvider: isAppCloneUserPair for user 0: false
05-31 11:58:28.374   176   176 I hwservicemanager: getTransport: Cannot find entry android.hardware.graphics.mapper@4.0::IMapper/default in either framework or device VINTF manifest.
05-31 11:58:28.374 29010 29012 I Gralloc4: mapper 4.x is not supported
05-31 11:58:28.752  1475  5109 I MediaProvider: Begin Intent { act=android.intent.action.MEDIA_SCANNER_SCAN_FILE dat=file:///sdcard/screen_2025-05-31_195828.png flg=0x1400010 cmp=com.google.android.providers.media.module/com.android.providers.media.MediaService }
05-31 11:58:28.759  1475  5109 I MediaProvider: End Intent { act=android.intent.action.MEDIA_SCANNER_SCAN_FILE dat=file:///sdcard/screen_2025-05-31_195828.png flg=0x1400010 cmp=com.google.android.providers.media.module/com.android.providers.media.MediaService }
05-31 11:58:28.844  1312  2173 I UriTaskContentObserver: (REDACTED) Throttling content uri change event for %s
05-31 11:58:28.850  1475  1745 I MediaProvider: Deleted 0 1 0 0 0 0 0 items on external_primary due to com.android.shell
05-31 11:58:29.022 28884 28884 I dex2oat64: dex2oat took 6.341s (16.898s cpu) (threads: 4) arena alloc=0B (0B) java alloc=66MB (70068832B) native alloc=10MB (10846736B) free=1759KB (1802144B) swap=16MB (16777216B)
05-31 11:58:29.119   384   384 E installd: Couldn't opendir /data/app/vmdl1070856063.tmp: No such file or directory
05-31 11:58:29.119   384   384 E installd: Failed to delete /data/app/vmdl1070856063.tmp: No such file or directory
05-31 11:58:29.127  1475  1475 I MediaProvider: Invalidating LocalCallingIdentity cache for package com.vivint.vivintsky. Reason: package android.intent.action.PACKAGE_ADDED
05-31 11:58:29.136  2231  2231 I GsaVoiceInteractionSrv: O received Intent { act=android.intent.action.PACKAGE_ADDED dat=package:com.vivint.vivintsky flg=0x4000010 (has extras) }
05-31 11:58:29.142   614   768 I InputReader: Reconfiguring input devices, changes=KEYBOARD_LAYOUTS | 
05-31 11:58:29.145 10616 10616 I Finsky:background: [2] adch.g(6): adch - Received: android.intent.action.PACKAGE_ADDED, [1kHiaP9NWY9p3ETSYdvbiIB-arY53SZhRMeuAMXP2ag]
05-31 11:58:29.146 10446 10446 I Finsky  : [2] adcs.g(1): adcs - Received: android.intent.action.PACKAGE_ADDED, [1kHiaP9NWY9p3ETSYdvbiIB-arY53SZhRMeuAMXP2ag]
05-31 11:58:29.158  1705  1705 I IntentFilterVerRcvr: S+ domain verification enabled [CONTEXT service_id=244 ]
05-31 11:58:29.160  1705 29041 I AppLinksIntentOperation: Verifying requested domains [CONTEXT service_id=244 ]
05-31 11:58:29.120   614   614 W Binder:614_4: type=1400 audit(0.0:545): avc: denied { getopt } for scontext=u:r:system_server:s0 tcontext=u:r:shell:s0 tclass=unix_stream_socket permissive=0
05-31 11:58:29.152   614   614 W Binder:614_4: type=1400 audit(0.0:546): avc: denied { getopt } for scontext=u:r:system_server:s0 tcontext=u:r:shell:s0 tclass=unix_stream_socket permissive=0
05-31 11:58:29.171   614  5038 W BroadcastQueue: Background execution not allowed: receiving Intent { act=android.intent.action.PACKAGE_ADDED dat=package:com.vivint.vivintsky flg=0x4000010 (has extras) } to com.google.android.packageinstaller/com.android.packageinstaller.PackageInstalledReceiver
05-31 11:58:29.173  2404  2423 I PermissionControllerServiceImpl: Updating user sensitive for uid 10170
05-31 11:58:29.176   614   755 I RoleService: Granting default roles...
05-31 11:58:29.156   614   614 W Binder:614_4: type=1400 audit(0.0:547): avc: denied { getopt } for scontext=u:r:system_server:s0 tcontext=u:r:shell:s0 tclass=unix_stream_socket permissive=0
05-31 11:58:29.209  2404 28720 W Role    : Cannot get ApplicationInfo for default holder: com.google.android.contacts
05-31 11:58:29.211   614   698 E VerityUtils: Failed to measure fs-verity, errno 1: /data/app/~~u3_EuQykXLfvpUUXeSqcYw==/com.vivint.vivintsky-zssAmKlc6CC90HLi_zD_sw==/base.apk
05-31 11:58:29.215 10616 28724 I Finsky:background: [150] ruh.accept(120): Wrote row to frosting DB: 250
05-31 11:58:29.225   614   614 I Telecom : DefaultDialerCache: Refreshing default dialer for user 0: now com.android.dialer: DDC.oR@ARM
05-31 11:58:29.238 10446 10446 I Finsky  : [2] akbb.f(9): Clearing split related stale data.
05-31 11:58:29.242   614   676 W BroadcastQueue: Background execution not allowed: receiving Intent { act=android.intent.action.PACKAGE_ADDED dat=package:com.vivint.vivintsky flg=0x4000010 (has extras) } to com.android.vending/com.google.android.finsky.packagemonitor.impl.PackageMonitorReceiverImpl$RegisteredReceiver
05-31 11:58:29.242   614   676 W BroadcastQueue: Background execution not allowed: receiving Intent { act=android.intent.action.PACKAGE_ADDED dat=package:com.vivint.vivintsky flg=0x4000010 (has extras) } to com.android.vending/com.google.android.finsky.packagemonitor.backgroundimpl.BackgroundPackageMonitorReceiverImpl$RegisteredReceiver
05-31 11:58:29.243   614   676 W BroadcastQueue: Background execution not allowed: receiving Intent { act=android.intent.action.PACKAGE_ADDED dat=package:com.vivint.vivintsky flg=0x4000010 (has extras) } to com.google.android.gms/.chimera.GmsIntentOperationService$PersistentTrustedReceiver
05-31 11:58:29.243   614   676 W BroadcastQueue: Background execution not allowed: receiving Intent { act=android.intent.action.PACKAGE_ADDED dat=package:com.vivint.vivintsky flg=0x4000010 (has extras) } to com.google.android.gms/.games.chimera.GamesSystemBroadcastReceiverProxy
05-31 11:58:29.243   614   676 W BroadcastQueue: Background execution not allowed: receiving Intent { act=android.intent.action.PACKAGE_ADDED dat=package:com.vivint.vivintsky flg=0x4000010 (has extras) } to com.google.android.gms/.gass.chimera.PackageChangeBroadcastReceiver
05-31 11:58:29.243   614   676 W BroadcastQueue: Background execution not allowed: receiving Intent { act=android.intent.action.PACKAGE_ADDED dat=package:com.vivint.vivintsky flg=0x4000010 (has extras) } to com.google.android.googlequicksearchbox/com.google.android.apps.gsa.googlequicksearchbox.GelStubAppWatcher
05-31 11:58:29.247  2404 28720 W Role    : Cannot get ApplicationInfo for default holder: com.google.android.as
05-31 11:58:29.249  5669 29046 I ProvidersCache: Provider returned no roots. Possibly naughty: com.google.android.apps.docs.storage
05-31 11:58:29.265 10616 28724 I Finsky:background: [150] ruh.accept(120): Wrote row to frosting DB: 251
05-31 11:58:29.278  1705 29041 I AppLinksRequestHandler: (REDACTED) Processing %d input requests
05-31 11:58:29.280  1312 29055 W GCM     : Unexpected forwarded intent: Intent { act=android.intent.action.PACKAGE_ADDED dat=package:com.vivint.vivintsky flg=0x4000010 pkg=com.google.android.gms cmp=com.google.android.gms/.chimera.PersistentIntentOperationService (has extras) }
05-31 11:58:29.281  1312 29055 W NetworkScheduler: Unexpected forwarded intent: Intent { act=android.intent.action.PACKAGE_ADDED dat=package:com.vivint.vivintsky flg=0x4000010 pkg=com.google.android.gms cmp=com.google.android.gms/.chimera.PersistentIntentOperationService (has extras) }
05-31 11:58:29.287 10446 10446 I Finsky  : [2] atbs.c(44): Do not start WearSupportService due to Wear service optimization
05-31 11:58:29.287 10446 10446 I Finsky  : [2] xem.jr(11): DTU: Received onPackageAdded, replacing: false
05-31 11:58:29.292 10446 28695 I Finsky  : [306] poo.kh(210): [ContentSync] finished, scheduled=false
05-31 11:58:29.306  1705 29041 I AppLinksUtilsV1: Legacy cross-profile verification enabled [CONTEXT service_id=244 ]
05-31 11:58:29.319  1705 29053 I Auth    : (REDACTED) [SupervisedAccountIntentOperationV2] onHandleIntent: %s
05-31 11:58:29.329  1705 29053 I Blockstore: (REDACTED) [DataStoreImpl] Clearing Blockstore Data for package %s
05-31 11:58:29.330  1705 29053 I Blockstore: [DataStoreImpl] Keyless data not found or its IsLastInstallationData = false. [CONTEXT service_id=258 ]
05-31 11:58:29.352  1705 29075 I Dck     : (REDACTED) disableDckSupport: %s
05-31 11:58:29.352  1705 29075 W Dck     : [WirelessCapabilitiesFeatures] wccSysProp: 0 [CONTEXT service_id=289 ]
05-31 11:58:29.352  1705 29075 I Dck     : [WirelessCapabilitiesFeatures] wccMendel: 3 [CONTEXT service_id=289 ]
05-31 11:58:29.353  1705 29075 I Dck     : [WirelessCapabilitiesFeatures] deviceWccOverride: false [CONTEXT service_id=289 ]
05-31 11:58:29.353  1705 29075 I Dck     : [WirelessCapabilitiesFeatures] replaceSupportedWccWithWccOverride: true [CONTEXT service_id=289 ]
05-31 11:58:29.353  1705 29075 I Dck     : [WirelessCapabilitiesFeatures] wccOverride: not set [CONTEXT service_id=289 ]
05-31 11:58:29.353  1705 29075 I Dck     : (REDACTED) [WirelessCapabilitiesFeatures] wcc: %s
05-31 11:58:29.353  1705 29075 I Dck     : Dck module condition - hasWccSupport: false [CONTEXT service_id=289 ]
05-31 11:58:29.353  1705 29075 I Dck     : Dck module condition - downloadAllowed: false [CONTEXT service_id=289 ]
05-31 11:58:29.353  1705 29075 W Dck     : Dck module not eligible for asynchronous downloading [CONTEXT service_id=289 ]
05-31 11:58:29.373  2404 28720 W Role    : Cannot get ApplicationInfo for default holder: com.google.android.as
05-31 11:58:29.373  2404 28720 W Role    : Cannot get ApplicationInfo for default holder: com.google.android.as
05-31 11:58:29.397   614   675 W PackageManager: Failed registering loading progress callback. Package is fully loaded.
05-31 11:58:29.403  1705  6122 I Icing   : IndexChimeraService.getServiceInterface callingPackage=com.google.android.gms componentName=AppsCorpus serviceId=36
05-31 11:58:29.430  1705 29067 I GmsDebugLogger: [101] +vision.barcode:-1
05-31 11:58:29.459  1475  5089 W MediaProvider: isAppCloneUserPair for user 0: false
05-31 11:58:29.483   176   176 I hwservicemanager: getTransport: Cannot find entry android.hardware.graphics.mapper@4.0::IMapper/default in either framework or device VINTF manifest.
05-31 11:58:29.483 29077 29082 I Gralloc4: mapper 4.x is not supported
05-31 11:58:29.497  2404 28720 W Role    : Cannot get ApplicationInfo for default holder: com.google.android.as
05-31 11:58:29.505  1705 29079 I Icing   : IndexChimeraService.getServiceInterface callingPackage=com.google.android.gms componentName=null serviceId=30
05-31 11:58:29.527  1705  9970 I Icing   : Usage reports ok 0, Failed Usage reports 0, indexed 0, rejected 0
05-31 11:58:29.556  2404 28720 W Role    : Cannot get ApplicationInfo for default holder: com.google.android.as
05-31 11:58:29.558  2404 28720 W Role    : Cannot get ApplicationInfo for default holder: com.google.android.as
05-31 11:58:29.564  1705  4204 E hngh    : *~*~*~ Previous channel {0} was garbage collected without being shut down! ~*~*~*
05-31 11:58:29.564  1705  4204 E hngh    :     Make sure to call shutdown()/shutdownNow()
05-31 11:58:29.564  1705  4204 E hngh    : java.lang.RuntimeException: ManagedChannel allocation site
05-31 11:58:29.564  1705  4204 E hngh    : 	at hngg.<init>(:com.google.android.gms@251933032@25.19.33 (190800-762115751):21)
05-31 11:58:29.564  1705  4204 E hngh    : 	at hngh.<init>(:com.google.android.gms@251933032@25.19.33 (190800-762115751):10)
05-31 11:58:29.564  1705  4204 E hngh    : 	at hngf.a(:com.google.android.gms@251933032@25.19.33 (190800-762115751):250)
05-31 11:58:29.564  1705  4204 E hngh    : 	at hmrh.a(:com.google.android.gms@251933032@25.19.33 (190800-762115751):5)
05-31 11:58:29.564  1705  4204 E hngh    : 	at chle.h(:com.google.android.gms@251933032@25.19.33 (190800-762115751):81)
05-31 11:58:29.564  1705  4204 E hngh    : 	at gddt.a(:com.google.android.gms@251933032@25.19.33 (190800-762115751):182)
05-31 11:58:29.564  1705  4204 E hngh    : 	at frtu.a(:com.google.android.gms@251933032@25.19.33 (190800-762115751):13)
05-31 11:58:29.564  1705  4204 E hngh    : 	at fzvl.a(:com.google.android.gms@251933032@25.19.33 (190800-762115751):3)
05-31 11:58:29.564  1705  4204 E hngh    : 	at fzum.run(:com.google.android.gms@251933032@25.19.33 (190800-762115751):19)
05-31 11:58:29.564  1705  4204 E hngh    : 	at fzvn.run(:com.google.android.gms@251933032@25.19.33 (190800-762115751):5)
05-31 11:58:29.564  1705  4204 E hngh    : 	at ayfn.c(:com.google.android.gms@251933032@25.19.33 (190800-762115751):50)
05-31 11:58:29.564  1705  4204 E hngh    : 	at ayfn.run(:com.google.android.gms@251933032@25.19.33 (190800-762115751):70)
05-31 11:58:29.564  1705  4204 E hngh    : 	at java.util.concurrent.ThreadPoolExecutor.runWorker(ThreadPoolExecutor.java:1167)
05-31 11:58:29.564  1705  4204 E hngh    : 	at java.util.concurrent.ThreadPoolExecutor$Worker.run(ThreadPoolExecutor.java:641)
05-31 11:58:29.564  1705  4204 E hngh    : 	at aylc.run(:com.google.android.gms@251933032@25.19.33 (190800-762115751):8)
05-31 11:58:29.564  1705  4204 E hngh    : 	at java.lang.Thread.run(Thread.java:920)
05-31 11:58:29.583  1705  9970 I Icing   : Usage reports ok 0, Failed Usage reports 0, indexed 0, rejected 0
05-31 11:58:29.584  1705  9970 I Icing   : Indexing com.google.android.gms-apps from com.google.android.gms
05-31 11:58:29.587  1705  9970 I Icing   : Indexing done com.google.android.gms-apps
05-31 11:58:29.629   614   633 I system_server: Background concurrent copying GC freed 310637(17MB) AllocSpace objects, 92(3528KB) LOS objects, 50% free, 20MB/40MB, paused 287us,70us total 507.560ms
05-31 11:58:29.642  1705  9970 W Conscrypt: Could not set socket write timeout: java.net.SocketException: Socket closed
05-31 11:58:29.643  1705  9970 W Conscrypt: 	at com.google.android.gms.org.conscrypt.Platform.setSocketWriteTimeout(:com.google.android.gms@251933032@25.19.33 (190800-762115751):204)
05-31 11:58:29.643  1705  9970 W Conscrypt: 	at com.google.android.gms.org.conscrypt.ConscryptFileDescriptorSocket.setSoWriteTimeout(:com.google.android.gms@251933032@25.19.33 (190800-762115751):4)
05-31 11:58:29.652   614   635 W System  : A resource failed to call close. 
05-31 11:58:29.784  1705  4316 I cn_CronetUrlRequestContext: destroyNativeStreamLocked org.chromium.net.impl.CronetBidirectionalStream@3c77fba
05-31 11:58:29.821  1475  5109 I MediaProvider: Begin Intent { act=android.intent.action.MEDIA_SCANNER_SCAN_FILE dat=file:///sdcard/screen_2025-05-31_195829.png flg=0x1400010 cmp=com.google.android.providers.media.module/com.android.providers.media.MediaService }
05-31 11:58:29.829  1475  5109 I MediaProvider: End Intent { act=android.intent.action.MEDIA_SCANNER_SCAN_FILE dat=file:///sdcard/screen_2025-05-31_195829.png flg=0x1400010 cmp=com.google.android.providers.media.module/com.android.providers.media.MediaService }
05-31 11:58:29.838   614  2833 W AppOps  : Noting op not finished: uid 10098 pkg com.google.android.gms code 113 startTime of in progress event=1748690680218
05-31 11:58:29.849   614  4356 W AppOps  : Noting op not finished: uid 10098 pkg com.google.android.gms code 79 startTime of in progress event=1748690750810
05-31 11:58:29.860   614  2623 W AppOps  : Noting op not finished: uid 10098 pkg com.google.android.gms code 113 startTime of in progress event=1748690680218
05-31 11:58:29.877  1312  1994 I ActivityScheduler: nextTriggerTime: 2368797, in 238096ms, detectorType: 39, FULL_TYPE alarmWindowMillis: 80000
05-31 11:58:29.909  1475  1745 I MediaProvider: Deleted 0 1 0 0 0 0 0 items on external_primary due to com.android.shell
05-31 11:58:29.910  1312  2173 I UriTaskContentObserver: (REDACTED) Throttling content uri change event for %s
05-31 11:58:30.170   614  4356 I ActivityTaskManager: START u0 {act=android.intent.action.MAIN cat=[android.intent.category.LAUNCHER] flg=0x10000000 cmp=com.vivint.vivintsky/.ui.SplashActivity} from uid 2000
05-31 11:58:30.179   614  4356 W ActivityTaskManager: Can't find TaskDisplayArea to determine support for multi window. Task id=26 attached=false
05-31 11:58:30.217   614   677 I ActivityManager: Start proc 29114:com.vivint.vivintsky/u0a170 for pre-top-activity {com.vivint.vivintsky/com.vivint.vivintsky.ui.SplashActivity}
05-31 11:58:30.226 29114 29114 W ivint.vivintsk: Unexpected CPU variant for X86 using defaults: x86_64
05-31 11:58:30.234   370   459 I adbd    : jdwp connection from 29114
05-31 11:58:30.250  1705  9970 W Conscrypt: Could not set socket write timeout: java.net.SocketException: Socket closed
05-31 11:58:30.250  1705  9970 W Conscrypt: 	at com.google.android.gms.org.conscrypt.Platform.setSocketWriteTimeout(:com.google.android.gms@251933032@25.19.33 (190800-762115751):204)
05-31 11:58:30.250  1705  9970 W Conscrypt: 	at com.google.android.gms.org.conscrypt.ConscryptFileDescriptorSocket.setSoWriteTimeout(:com.google.android.gms@251933032@25.19.33 (190800-762115751):4)
05-31 11:58:30.306   614  4356 W ActivityManager: Slow operation: 67ms so far, now at attachApplicationLocked: after mServices.attachApplicationLocked
05-31 11:58:30.330  2231  2231 I GsaVoiceInteractionSrv: Handling ACTION_STOP_HOTWORD
05-31 11:58:30.343  2231  2231 E HwDetectorWithState: a: 3
05-31 11:58:30.420 29114 29141 W ivint.vivintsk: ClassLoaderContext classpath size mismatch. expected=14, found=0 (DLC[];PCL[base.apk*3123361869:base.apk!classes2.dex*4121727785:base.apk!classes3.dex*577902322:base.apk!classes4.dex*1511137955:base.apk!classes5.dex*3994326502:base.apk!classes6.dex*3899113914:base.apk!classes7.dex*1848497157:base.apk!classes8.dex*1194602846:base.apk!classes9.dex*3560893588:base.apk!classes10.dex*515437853:base.apk!classes11.dex*2917733953:base.apk!classes12.dex*685421462:base.apk!classes13.dex*4084823322:base.apk!classes14.dex*1339497593]{PCL[/system/framework/org.apache.http.legacy.jar*2058259660]#PCL[/system/framework/com.android.media.remotedisplay.jar*3472798122]#PCL[/system/framework/com.android.location.provider.jar*3633238673]#PCL[/system_ext/framework/androidx.window.sidecar.jar*3539530913]#PCL[/system/framework/org.apache.http.legacy.jar*2058259660]} | DLC[];PCL[])
05-31 11:58:30.451 29114 29141 W System  : ClassLoader referenced unknown path: 
05-31 11:58:30.488 29114 29141 W ivint.vivintsk: ClassLoaderContext classpath size mismatch. expected=14, found=10 (DLC[];PCL[base.apk*3123361869:base.apk!classes2.dex*4121727785:base.apk!classes3.dex*577902322:base.apk!classes4.dex*1511137955:base.apk!classes5.dex*3994326502:base.apk!classes6.dex*3899113914:base.apk!classes7.dex*1848497157:base.apk!classes8.dex*1194602846:base.apk!classes9.dex*3560893588:base.apk!classes10.dex*515437853:base.apk!classes11.dex*2917733953:base.apk!classes12.dex*685421462:base.apk!classes13.dex*4084823322:base.apk!classes14.dex*1339497593]{PCL[/system/framework/org.apache.http.legacy.jar*2058259660]#PCL[/system/framework/com.android.media.remotedisplay.jar*3472798122]#PCL[/system/framework/com.android.location.provider.jar*3633238673]#PCL[/system_ext/framework/androidx.window.sidecar.jar*3539530913]#PCL[/system/framework/org.apache.http.legacy.jar*2058259660]} | DLC[];PCL[/data/app/~~u3_EuQykXLfvpUUXeSqcYw==/com.vivint.vivintsky-zssAmKlc6CC90HLi_zD_sw==/base.apk*3776128004:/data/app/~~u3_EuQykXLfvpUUXeSqcYw==/com.vivint.vivintsky-zssAmKlc6CC90HLi_zD_sw==/base.apk!classes2.dex*1320844725:/data/app/~~u3_EuQykXLfvpUUXeSqcYw==/com.vivint.vivintsky-zssAmKlc6CC90HLi_zD_sw==/base.apk!classes3.dex*3338961545:/data/app/~~u3_EuQykXLfvpUUXeSqcYw==/com.vivint.vivintsky-zssAmKlc6CC90HLi_zD_sw==/base.apk!classes4.dex*3146254404:/data/app/~~u3_EuQykXLfvpUUXeSqcYw==/com.vivint.vivintsky-zssAmKlc6CC90HLi_zD_sw==/base.apk!classes5.dex*1339775464:/data/app/~~u3_EuQykXLfvpUUXeSqcYw==/com.vivint.vivintsky-zssAmKlc6CC90HLi_zD_sw==/base.apk!classes6.dex*414720048:/data/app/~~u3_EuQykXLfvpUUXeSqcYw==/com.vivint.vivintsky-zssAmKlc6CC90HLi_zD_sw==/base.apk!classes7.dex*695944176:/data/app/~~u3_EuQykXLfvpUUXeSqcYw==/com.vivint.vivintsky-zssAmKlc6CC90HLi_zD_sw==/base.apk!classes8.dex*110333230:/data/app/~~u3_EuQykXLfvpUUXeSqcYw==/com.vivint.vivintsky-zssAmKlc6CC90HLi_zD_sw==/base.apk!classes9.dex*826691721:/data/app/~~u3_EuQykXLfvpUUXeSqcYw==/com.vivint.vivintsky-zssAmKlc6CC90HLi_zD_sw==/base.apk!classes10.dex*1141690456]{PCL[/system/framework/org.apache.http.legacy.jar*2058259660]})
05-31 11:58:30.616 29114 29114 I org.webrtc.Logging: NativeLibrary: Loading native library: jingle_peerconnection_so
05-31 11:58:30.616 29114 29114 I org.webrtc.Logging: NativeLibrary: Loading library: jingle_peerconnection_so
05-31 11:58:30.636 29114 29114 I org.webrtc.Logging: PeerConnectionFactory: PeerConnectionFactory was initialized without an injected Loggable. Any existing Loggable will be deleted.
05-31 11:58:30.659   614  2623 W ActivityManager: Unable to start service Intent { act=android.service.smartspace.SmartspaceService cmp=com.google.android.as/com.google.android.apps.miphone.aiai.app.AiAiSmartspaceService } U=0: not found
05-31 11:58:30.659   614  2623 W RemoteSmartspaceService: could not bind to Intent { act=android.service.smartspace.SmartspaceService cmp=com.google.android.as/com.google.android.apps.miphone.aiai.app.AiAiSmartspaceService } using flags 67112961
05-31 11:58:30.659   614   614 W ActivityManager: Unbind failed: could not find connection for android.app.LoadedApk$ServiceDispatcher$InnerConnection@af92546
05-31 11:58:30.755  1705  4204 I AppLinksAsyncVerifierV2: (REDACTED) Verification result: checking for a statement with source %s, relation delegate_permission/common.handle_all_urls, and target %s --> %b.
05-31 11:58:30.779   614  2623 E ClipboardService: Denying clipboard access to com.vivint.vivintsky, application is not in focus nor is it a system service for user 0
05-31 11:58:30.789  1705 29080 I AppLinksAsyncVerifierV2: (REDACTED) Verification result: checking for a statement with source %s, relation delegate_permission/common.handle_all_urls, and target %s --> %b.
05-31 11:58:30.805   614  2623 I ActivityTaskManager: START u0 {cmp=com.vivint.vivintsky/.ui.login.SignInActivity (has extras)} from uid 10170
05-31 11:58:30.842   614  2833 W ActivityTaskManager: Tried to set launchTime (0) < mLastActivityLaunchTime (2131086)
05-31 11:58:30.979   614  2833 W ServiceManager: Permission failure: android.permission.HIGH_SAMPLING_RATE_SENSORS from uid=10170 pid=29114
05-31 11:58:30.987   614  2833 W ServiceManager: Permission failure: android.permission.HIGH_SAMPLING_RATE_SENSORS from uid=10170 pid=29114
05-31 11:58:30.987   614  2833 W ServiceManager: Permission failure: android.permission.HIGH_SAMPLING_RATE_SENSORS from uid=10170 pid=29114
05-31 11:58:31.003 29114 29247 I okhttp.OkHttpClient: --> GET https://vivintsky.com/api/authuser
05-31 11:58:31.003 29114 29247 I okhttp.OkHttpClient: --> END GET
05-31 11:58:31.045   357   467 W ServiceManager: Permission failure: android.permission.ACCESS_SURFACE_FLINGER from uid=10170 pid=29114
05-31 11:58:31.045   357   467 W ServiceManager: Permission failure: android.permission.ROTATE_SURFACE_FLINGER from uid=10170 pid=29114
05-31 11:58:31.068   176   176 I hwservicemanager: getTransport: Cannot find entry android.hardware.configstore@1.0::ISurfaceFlingerConfigs/default in either framework or device VINTF manifest.
05-31 11:58:31.072 29114 29218 W OpenGLRenderer: Failed to choose config with EGL_SWAP_BEHAVIOR_PRESERVED, retrying without...
05-31 11:58:31.073 29114 29218 W OpenGLRenderer: Failed to initialize 101010-2 format, error = EGL_SUCCESS
05-31 11:58:31.086  1705  7612 I AppLinksAsyncVerifierV2: (REDACTED) Verification result: checking for a statement with source %s, relation delegate_permission/common.handle_all_urls, and target %s --> %b.
05-31 11:58:31.089  1705 29041 I AppLinksHostsVerifierV2: (REDACTED) Verification %s complete. Successful hosts: %s. Failed hosts: %s. Error hosts: %s.
05-31 11:58:31.097  1705 29041 I WebApkHostsVerifierV2: (REDACTED) Processing %d input requests
05-31 11:58:31.097  1705 29041 I AppLinksUtilsV1: Legacy cross-profile verification enabled [CONTEXT service_id=244 ]
05-31 11:58:31.101  1705 29041 I WebApkHostsVerifierV2: (REDACTED) Returning %d non-WebAPK requests
05-31 11:58:31.155   357  1078 E HWComposer: getSupportedContentTypes: getSupportedContentTypes failed for display 4619827259835644672: Unsupported (8)
05-31 11:58:31.156   176   176 I hwservicemanager: getTransport: Cannot find entry android.hardware.graphics.mapper@4.0::IMapper/default in either framework or device VINTF manifest.
05-31 11:58:31.156 29114 29218 I Gralloc4: mapper 4.x is not supported
05-31 11:58:31.158   176   176 I hwservicemanager: getTransport: Cannot find entry android.hardware.graphics.allocator@4.0::IAllocator/default in either framework or device VINTF manifest.
05-31 11:58:31.158 29114 29218 W Gralloc4: allocator 4.x is not supported
05-31 11:58:31.393   614   663 W Looper  : Slow dispatch took 120ms android.fg h=android.os.Handler c=com.android.server.wm.ActivityMetricsLogger$$ExternalSyntheticLambda1@a9034cf m=0
05-31 11:58:31.393   614   663 I ActivityTaskManager: Displayed com.vivint.vivintsky/.ui.login.SignInActivity: +1s97ms
05-31 11:58:31.507  1475  5089 W MediaProvider: isAppCloneUserPair for user 0: false
05-31 11:58:31.508   614   614 I Telecom : DefaultDialerCache: Refreshing default dialer for user 0: now com.android.dialer: DDC.oR@ARY
05-31 11:58:31.509   614   755 I RoleService: Granting default roles...
05-31 11:58:31.510   614   768 I InputReader: Reconfiguring input devices, changes=KEYBOARD_LAYOUTS | 
05-31 11:58:31.530  2404 28720 W Role    : Cannot get ApplicationInfo for default holder: com.google.android.contacts
05-31 11:58:31.531  2404 28720 W Role    : Cannot get ApplicationInfo for default holder: com.google.android.as
05-31 11:58:31.538  2404  2423 I PermissionControllerServiceImpl: Updating user sensitive for uid 10170
05-31 11:58:31.548   176   176 I hwservicemanager: getTransport: Cannot find entry android.hardware.graphics.mapper@4.0::IMapper/default in either framework or device VINTF manifest.
05-31 11:58:31.548 29271 29273 I Gralloc4: mapper 4.x is not supported
05-31 11:58:31.558  2404 28720 W Role    : Cannot get ApplicationInfo for default holder: com.google.android.as
05-31 11:58:31.559  2404 28720 W Role    : Cannot get ApplicationInfo for default holder: com.google.android.as
05-31 11:58:31.598  5669 29277 I ProvidersCache: Provider returned no roots. Possibly naughty: com.google.android.apps.docs.storage
05-31 11:58:31.630   614  2949 W InputManager-JNI: Input channel object '15d7e55 Splash Screen com.vivint.vivintsky (client)' was disposed without first being removed with the input manager!
05-31 11:58:31.654  2404 28720 W Role    : Cannot get ApplicationInfo for default holder: com.google.android.as
05-31 11:58:31.692  2404 28720 W Role    : Cannot get ApplicationInfo for default holder: com.google.android.as
05-31 11:58:31.694  2404 28720 W Role    : Cannot get ApplicationInfo for default holder: com.google.android.as
05-31 11:58:31.765  1475  5109 I MediaProvider: Begin Intent { act=android.intent.action.MEDIA_SCANNER_SCAN_FILE dat=file:///sdcard/screen_2025-05-31_195831.png flg=0x1400010 cmp=com.google.android.providers.media.module/com.android.providers.media.MediaService }
05-31 11:58:31.790  1475  5109 I MediaProvider: End Intent { act=android.intent.action.MEDIA_SCANNER_SCAN_FILE dat=file:///sdcard/screen_2025-05-31_195831.png flg=0x1400010 cmp=com.google.android.providers.media.module/com.android.providers.media.MediaService }
05-31 11:58:31.870   175   175 I servicemanager: Notifying apexservice they have clients: 0
05-31 11:58:31.880  1475  1745 I MediaProvider: Deleted 0 1 0 0 0 0 0 items on external_primary due to com.android.shell
05-31 11:58:31.882   175   175 I BpBinder: onLastStrongRef automatically unlinking death recipients: <uncached descriptor>
05-31 11:58:32.153 29114 29304 E ivint.vivintsk: No package ID 6d found for ID 0x6d0b000f.
05-31 11:58:32.154 29114 29304 I FA      : App measurement initialized, version: 126000
05-31 11:58:32.154 29114 29304 I FA      : To enable debug logging run: adb shell setprop log.tag.FA VERBOSE
05-31 11:58:32.154 29114 29304 I FA      : To enable faster debug mode event logging run:
05-31 11:58:32.154 29114 29304 I FA      :   adb shell setprop debug.firebase.analytics.app com.vivint.vivintsky
05-31 11:58:32.261 29114 29247 I WebViewFactory: Loading com.google.android.webview version 91.0.4472.114 (code 447211487)
05-31 11:58:32.286 29114 29304 I FA      : Tag Manager is not found and thus will not be used
05-31 11:58:32.350 29114 29123 I ivint.vivintsk: Background young concurrent copying GC freed 678093(24MB) AllocSpace objects, 88(9512KB) LOS objects, 54% free, 20MB/44MB, paused 604us,196us total 124.070ms
05-31 11:58:32.406  1705 29327 I AdvertisingIdClient: shouldSendLog 1907810
05-31 11:58:32.407  1705 29327 I AdvertisingIdClient: GetInfoInternal elapse 7ms
05-31 11:58:32.516  1475  4300 W MediaProvider: isAppCloneUserPair for user 0: false
05-31 11:58:32.530 10446 11676 I Finsky  : [129] atms.ar(184): Package com.google.android.gms is verified.
05-31 11:58:32.531  1705 29327 W FA-SVC  : Service response is missing Install Referrer install timestamp
05-31 11:58:32.555   176   176 I hwservicemanager: getTransport: Cannot find entry android.hardware.graphics.mapper@4.0::IMapper/default in either framework or device VINTF manifest.
05-31 11:58:32.555 29325 29330 I Gralloc4: mapper 4.x is not supported
05-31 11:58:32.714 10446 10446 I Finsky  : [2] aipn.onStartJob(126): SCH: job service start with id 9336.
05-31 11:58:32.723 10446 28695 I Finsky  : [306] nje.a(184): SCH: Satisfied jobs for 9336 are: 12-1
05-31 11:58:32.728  1475  5109 I MediaProvider: Begin Intent { act=android.intent.action.MEDIA_SCANNER_SCAN_FILE dat=file:///sdcard/screen_2025-05-31_195832.png flg=0x1400010 cmp=com.google.android.providers.media.module/com.android.providers.media.MediaService }
05-31 11:58:32.736 10446 29354 I Finsky  : [319] aioi.accept(105): SCH: Job 12-1 starting
05-31 11:58:32.739 10446 10446 I Finsky  : [2] ContentSyncJob.i(9): [ContentSync] job started
05-31 11:58:32.754  1475  5109 I MediaProvider: End Intent { act=android.intent.action.MEDIA_SCANNER_SCAN_FILE dat=file:///sdcard/screen_2025-05-31_195832.png flg=0x1400010 cmp=com.google.android.providers.media.module/com.android.providers.media.MediaService }
05-31 11:58:32.766 29114 29247 I cr_LibraryLoader: Loaded native library version number "91.0.4472.114"
05-31 11:58:32.777 29114 29247 I cr_CachingUmaRecorder: Flushed 8 samples from 8 histograms.
05-31 11:58:32.817  1475  1748 I MediaProvider: Deleted 0 1 0 0 0 0 0 items on external_primary due to com.android.shell
05-31 11:58:32.821  1312  2173 I UriTaskContentObserver: (REDACTED) Throttling content uri change event for %s
05-31 11:58:32.881 10446 29357 I Finsky  : [320] nrn.a(199): App states replicator found 7 unowned apps
05-31 11:58:32.890 10446 29357 I Finsky  : [320] nrs.b(18): Completed 0 account content syncs with 0 successful.
05-31 11:58:32.891 10446 10446 I Finsky  : [2] ContentSyncJob.a(12): [ContentSync] Installation state replication succeeded.
05-31 11:58:32.892 10446 10446 I Finsky  : [2] ainv.q(56): SCH: jobFinished: 12-1. TimeElapsed: 153ms.
05-31 11:58:32.917 10446 10533 I Finsky  : [79] sju.accept(58): SCH: Scheduling phonesky job Id: 1-1337, CT: 1748678741643, Constraints: [{ L: 14399997, D: 47407351, C: CHARGING_NONE, I: IDLE_NONE, N: NET_ANY, B: BATTERY_ANY }]
05-31 11:58:32.925 10446 10531 I Finsky  : [77] njf.apply(251): SCH: Scheduling 1 system job(s)
05-31 11:58:32.925 10446 10531 I Finsky  : [77] ains.b(244): SCH: Scheduling system job Id: 9338, L: 428715, D: 33436069, C: false, I: false, N: 1
05-31 11:58:32.932 10446 29354 I Finsky  : [319] aipn.a(24): SCH: job service finished with id 9336.
05-31 11:58:32.959 29114 29247 I okhttp.OkHttpClient: <-- 401 Unauthorized https://vivintsky.com/api/authuser (1955ms)
05-31 11:58:32.959 29114 29247 I okhttp.OkHttpClient: Date: Sat, 31 May 2025 11:58:33 GMT
05-31 11:58:32.959 29114 29247 I okhttp.OkHttpClient: Content-Type: text/html
05-31 11:58:32.959 29114 29247 I okhttp.OkHttpClient: Content-Length: 172
05-31 11:58:32.959 29114 29247 I okhttp.OkHttpClient: Connection: keep-alive
05-31 11:58:32.959 29114 29247 I okhttp.OkHttpClient: Www-Authenticate: Bearer scope="openid email",redirect_uri="https://vivintsky.com/api/oauth-redirect/f3c18e1668a748b7838bcef74fdeb3f6",realm="vivintsky",response_type="code",state="1f4b2d82-eeff-4693-bcbf-5f110bcdba93",client_id="f3c18e1668a748b7838bcef74fdeb3f6"
05-31 11:58:32.959 29114 29247 I okhttp.OkHttpClient: cf-cache-status: DYNAMIC
05-31 11:58:32.959 29114 29247 I okhttp.OkHttpClient: Set-Cookie: __cf_bm=O7Vx3T9hUGpTNvr_7FioP0jYErrv0m3TWddeQLMlbCY-1748692713-1.0.1.1-ZPWlpOYbb9qd3FHBJXOBFSWsO5gs7Kmj_5pH7DrZRJ4SeHBcaM_HWAI_Zv694NmbmykvI_YjRXAMB_EdUqDJ1fXfyaXFadmMCnuzKDPjbuI; path=/; expires=Sat, 31-May-25 12:28:33 GMT; domain=.vivintsky.com; HttpOnly; Secure; SameSite=None
05-31 11:58:32.959 29114 29247 I okhttp.OkHttpClient: Server: cloudflare
05-31 11:58:32.959 29114 29247 I okhttp.OkHttpClient: CF-RAY: 94864cd25f50840c-LAX
05-31 11:58:32.960 29114 29247 I okhttp.OkHttpClient: <html>
05-31 11:58:32.960 29114 29247 I okhttp.OkHttpClient: <head><title>401 Authorization Required</title></head>
05-31 11:58:32.960 29114 29247 I okhttp.OkHttpClient: <body>
05-31 11:58:32.960 29114 29247 I okhttp.OkHttpClient: <center><h1>401 Authorization Required</h1></center>
05-31 11:58:32.960 29114 29247 I okhttp.OkHttpClient: <hr><center>nginx</center>
05-31 11:58:32.960 29114 29247 I okhttp.OkHttpClient: </body>
05-31 11:58:32.960 29114 29247 I okhttp.OkHttpClient: </html>
05-31 11:58:32.960 29114 29247 I okhttp.OkHttpClient: <-- END HTTP (172-byte body)
05-31 11:58:33.347  1475  4300 W MediaProvider: isAppCloneUserPair for user 0: false
05-31 11:58:33.392   176   176 I hwservicemanager: getTransport: Cannot find entry android.hardware.graphics.mapper@4.0::IMapper/default in either framework or device VINTF manifest.
05-31 11:58:33.392 29398 29400 I Gralloc4: mapper 4.x is not supported
05-31 11:58:33.496 29114 29114 W View    : couldn't find view with id 2131365269
05-31 11:58:33.496 29114 29114 W View    : couldn't find view with id 2131365269
05-31 11:58:33.522  1475  5109 I MediaProvider: Begin Intent { act=android.intent.action.MEDIA_SCANNER_SCAN_FILE dat=file:///sdcard/screen_2025-05-31_195833.png flg=0x1400010 cmp=com.google.android.providers.media.module/com.android.providers.media.MediaService }
05-31 11:58:33.528  1475  5109 I MediaProvider: End Intent { act=android.intent.action.MEDIA_SCANNER_SCAN_FILE dat=file:///sdcard/screen_2025-05-31_195833.png flg=0x1400010 cmp=com.google.android.providers.media.module/com.android.providers.media.MediaService }
05-31 11:58:33.604 29114 29114 W View    : couldn't find view with id 2131365269
05-31 11:58:33.604 29114 29114 W View    : couldn't find view with id 2131365269
05-31 11:58:33.605 29114 29114 W View    : couldn't find view with id 2131365269
05-31 11:58:33.605 29114 29114 W View    : couldn't find view with id 2131365269
05-31 11:58:33.622  1475  1745 I MediaProvider: Deleted 0 1 0 0 0 0 0 items on external_primary due to com.android.shell
05-31 11:58:33.623  1312  2173 I UriTaskContentObserver: (REDACTED) Throttling content uri change event for %s
05-31 11:58:33.698 29114 29114 W View    : couldn't find view with id 2131365269
05-31 11:58:33.699 29114 29114 W View    : couldn't find view with id 2131365269
05-31 11:58:33.701   614   755 I RoleService: Granting default roles...
05-31 11:58:33.707 29114 29114 W View    : couldn't find view with id 2131365269
05-31 11:58:33.708 29114 29114 W View    : couldn't find view with id 2131365269
05-31 11:58:33.718   614   768 I InputReader: Reconfiguring input devices, changes=KEYBOARD_LAYOUTS | 
05-31 11:58:33.722   614   614 I Telecom : DefaultDialerCache: Refreshing default dialer for user 0: now com.android.dialer: DDC.oR@ARc
05-31 11:58:33.723  2404  2423 I PermissionControllerServiceImpl: Updating user sensitive for uid 10170
05-31 11:58:33.748  2404 28720 W Role    : Cannot get ApplicationInfo for default holder: com.google.android.contacts
05-31 11:58:33.751  2404 28720 W Role    : Cannot get ApplicationInfo for default holder: com.google.android.as
05-31 11:58:33.769  5669 29415 I ProvidersCache: Provider returned no roots. Possibly naughty: com.google.android.apps.docs.storage
05-31 11:58:33.802 29114 29114 W View    : couldn't find view with id 2131365269
05-31 11:58:33.803 29114 29114 W View    : couldn't find view with id 2131365269
05-31 11:58:33.807 29114 29114 W View    : couldn't find view with id 2131365269
05-31 11:58:33.807 29114 29114 W View    : couldn't find view with id 2131365269
05-31 11:58:33.811  2404 28720 W Role    : Cannot get ApplicationInfo for default holder: com.google.android.as
05-31 11:58:33.813  2404 28720 W Role    : Cannot get ApplicationInfo for default holder: com.google.android.as
05-31 11:58:33.904 29114 29114 W View    : couldn't find view with id 2131365269
05-31 11:58:33.904 29114 29114 W View    : couldn't find view with id 2131365269
05-31 11:58:33.909  2404 28720 W Role    : Cannot get ApplicationInfo for default holder: com.google.android.as
05-31 11:58:33.984  2404 28720 W Role    : Cannot get ApplicationInfo for default holder: com.google.android.as
05-31 11:58:33.989  2404 28720 W Role    : Cannot get ApplicationInfo for default holder: com.google.android.as
05-31 11:58:34.003 29114 29114 W View    : couldn't find view with id 2131365269
05-31 11:58:34.003 29114 29114 W View    : couldn't find view with id 2131365269
05-31 11:58:34.005 29114 29114 W View    : couldn't find view with id 2131365269
05-31 11:58:34.006 29114 29114 W View    : couldn't find view with id 2131365269
05-31 11:58:34.111 29114 29114 W View    : couldn't find view with id 2131365269
05-31 11:58:34.111 29114 29114 W View    : couldn't find view with id 2131365269
05-31 11:58:34.254 29114 29114 W View    : couldn't find view with id 2131365269
05-31 11:58:34.291 29114 29114 W View    : couldn't find view with id 2131365269
05-31 11:58:34.295 29114 29123 I ivint.vivintsk: Background young concurrent copying GC freed 386106(12MB) AllocSpace objects, 3(124KB) LOS objects, 9% free, 25MB/28MB, paused 5.074ms,48us total 93.093ms
05-31 11:58:34.296 29114 29114 W View    : couldn't find view with id 2131365269
05-31 11:58:34.312 29114 29114 W View    : couldn't find view with id 2131365269
05-31 11:58:34.313 29114 29114 W View    : couldn't find view with id 2131365269
05-31 11:58:34.320 29114 29114 W View    : couldn't find view with id 2131365269
05-31 11:58:34.320 29114 29114 W View    : couldn't find view with id 2131365269
05-31 11:58:34.410 29114 29114 W View    : couldn't find view with id 2131365269
05-31 11:58:34.411 29114 29114 W View    : couldn't find view with id 2131365269
05-31 11:58:34.413 29114 29114 W View    : couldn't find view with id 2131365269
05-31 11:58:34.413 29114 29114 W View    : couldn't find view with id 2131365269
05-31 11:58:34.511 29114 29114 W View    : couldn't find view with id 2131365269
05-31 11:58:34.511 29114 29114 W View    : couldn't find view with id 2131365269
