--------- beginning of main
07-29 17:44:52.816  1827  2108 I SDM     : DisplayBase::CommitThread: Received idle timeout, panel: cmd, timeout: 70000 us
07-29 17:44:52.833  2463  5177 I NetworkAccelerateSwitchService: EVENT_RSSI_POLL. mRssiPoll=true
07-29 17:44:52.834  2463  5177 I NetworkAccelerateSwitchService: getAverageWifiRssi:63
07-29 17:44:52.836  8974  9450 I WakePathUpdatePolicy: doUpdate(user 0):responseCode:200
07-29 17:44:52.836  8974  9450 W WakePathUpdatePolicy: doUpdate(user 0): Response stream size=1376
07-29 17:44:52.851  8974  9450 I WakePathUpdatePolicy: pushWakePathData begin
07-29 17:44:52.852  8974  9450 I com.lbe.security.service.provider.WakePathDatabaseUtil: getWakePathWhiteList: whiteList.size=6
--------- beginning of system
07-29 17:44:52.853  2463  6119 I WakePathChecker: MIUILOG-WAKEPATH pushWakePathWhiteList: userId=0 size=6
07-29 17:44:52.853  8974  9450 I com.lbe.security.service.provider.WakePathDatabaseUtil: getWakePathRuleList: wakeType=1 wakePathRules.size=3
07-29 17:44:52.854  2463  5541 I WakePathChecker: MIUILOG-WAKEPATH pushWakePathRuleInfos: wakeType=1 userId=0 size=3
07-29 17:44:52.854  8974  9450 I com.lbe.security.service.provider.WakePathDatabaseUtil: getWakePathRuleList: wakeType=8 wakePathRules.size=8
07-29 17:44:52.854  2463  5541 I WakePathChecker: MIUILOG-WAKEPATH pushWakePathRuleInfos: wakeType=8 userId=0 size=8
07-29 17:44:52.854  8974  9450 I com.lbe.security.service.provider.WakePathDatabaseUtil: getWakePathRuleList: wakeType=4 wakePathRules.size=4
07-29 17:44:52.855  2463  6119 I WakePathChecker: MIUILOG-WAKEPATH pushWakePathRuleInfos: wakeType=4 userId=0 size=4
07-29 17:44:52.855  8974  9450 I com.lbe.security.service.provider.WakePathDatabaseUtil: getWakePathRuleList: wakeType=2 wakePathRules.size=1
07-29 17:44:52.855  2463  5541 I WakePathChecker: MIUILOG-WAKEPATH pushWakePathRuleInfos: wakeType=2 userId=0 size=1
07-29 17:44:52.855  8974  9450 I com.lbe.security.service.provider.WakePathDatabaseUtil: getWakePathRuleList: wakeType=17 wakePathRules.size=0
07-29 17:44:52.855  2463  6119 I WakePathChecker: MIUILOG-WAKEPATH pushWakePathRuleInfos: wakeType=17 userId=0 size=0
07-29 17:44:52.856  8974  9450 I com.lbe.security.service.provider.WakePathDatabaseUtil: getWakePathRuleList: wakeType=32 wakePathRules.size=1
07-29 17:44:52.856  2463  5541 I WakePathChecker: MIUILOG-WAKEPATH pushWakePathRuleInfos: wakeType=32 userId=0 size=1
07-29 17:44:52.856  8974  9450 I com.lbe.security.service.provider.WakePathDatabaseUtil: getWakePathRuleList: wakeType=256 wakePathRules.size=8
07-29 17:44:52.856  2463  5541 I WakePathChecker: MIUILOG-WAKEPATH pushWakePathRuleInfos: wakeType=256 userId=0 size=8
07-29 17:44:52.857  8974  9450 I com.lbe.security.service.provider.WakePathDatabaseUtil: getWakePathRuleList: wakeType=128 wakePathRules.size=4
07-29 17:44:52.857  2463  6119 I WakePathChecker: MIUILOG-WAKEPATH pushWakePathRuleInfos: wakeType=128 userId=0 size=4
07-29 17:44:52.857  8974  9450 I com.lbe.security.service.provider.WakePathDatabaseUtil: getWakePathRuleList: wakeType=64 wakePathRules.size=2
07-29 17:44:52.857  2463  5541 I WakePathChecker: MIUILOG-WAKEPATH pushWakePathRuleInfos: wakeType=64 userId=0 size=2
07-29 17:44:52.857  8974  9450 I com.lbe.security.service.provider.WakePathDatabaseUtil: getWakePathRuleList: wakeType=4096 wakePathRules.size=2
07-29 17:44:52.858  2463  5541 I WakePathChecker: MIUILOG-WAKEPATH pushWakePathRuleInfos: wakeType=4096 userId=0 size=2
07-29 17:44:52.858  8974  9450 I com.lbe.security.service.provider.WakePathDatabaseUtil: getWakePathRuleList: wakeType=32768 wakePathRules.size=1
07-29 17:44:52.858  2463  5541 I WakePathChecker: MIUILOG-WAKEPATH pushWakePathRuleInfos: wakeType=32768 userId=0 size=1
07-29 17:44:52.858  8974  9450 I com.lbe.security.service.provider.WakePathDatabaseUtil: getWakePathRuleList: wakeType=8192 wakePathRules.size=5
07-29 17:44:52.858  2463  5541 I WakePathChecker: MIUILOG-WAKEPATH pushWakePathRuleInfos: wakeType=8192 userId=0 size=5
07-29 17:44:52.859  8974  9450 I com.lbe.security.service.provider.WakePathDatabaseUtil: getWakePathRuleList: wakeType=16384 wakePathRules.size=0
07-29 17:44:52.859  2463  5541 I WakePathChecker: MIUILOG-WAKEPATH pushWakePathRuleInfos: wakeType=16384 userId=0 size=0
07-29 17:44:52.859  8974  9450 I com.lbe.security.service.provider.WakePathDatabaseUtil: getWakePathRuleList: wakeType=22 wakePathRules.size=0
07-29 17:44:52.859  2463  5541 I WakePathChecker: MIUILOG-WAKEPATH pushWakePathRuleInfos: wakeType=22 userId=0 size=0
07-29 17:44:52.859  8974  9450 I WakePathUpdatePolicy: pushWakePathData end
07-29 17:44:52.859  8974  9450 I WakePathUpdatePolicy: doUpdate end
07-29 17:44:52.874  2463  2463 W NotificationHistory: Attempted to add notif for locked/gone/disabled user 0
07-29 17:44:52.879 18384 22937 I auth    : [XMS][Auth] updateAuthInfo in db true
07-29 17:44:52.882 18384 18411 I auth    : [XMS][Auth] updateAuthInfo in db true
07-29 17:44:52.883  4979  4979 E NotifCollection: No notification to remove with key 0|com.xiaomi.market|20255952|null|10167 reason=0:REASON_UNKNOWN
07-29 17:44:52.884 18384 22937 I auth    : [XMS][Auth] updateAuthInfo in db true
07-29 17:44:52.886 18384 22937 I auth    : [XMS][Auth] updateAuthInfo in db true
07-29 17:44:52.888 18384 18411 I auth    : [XMS][Auth] updateAuthInfo in db true
07-29 17:44:52.890 18384 22937 I auth    : [XMS][Auth] updateAuthInfo in db true
07-29 17:44:52.892 18384 22937 I auth    : [XMS][Auth] updateAuthInfo in db true
07-29 17:44:52.893 18384 18411 I auth    : [XMS][Auth] updateAuthInfo in db true
07-29 17:44:52.894 18384 18411 I auth    : [XMS][Auth] updateAuthInfo in db true
07-29 17:44:52.896 18384 18411 I auth    : [XMS][Auth] updateAuthInfo in db true
07-29 17:44:52.917  8974  9450 I WakePathUpdatePolicy: doUpdate(user 0):responseCode:200
07-29 17:44:52.917  8974  9450 W WakePathUpdatePolicy: doUpdate(user 0): Response stream size=1408
07-29 17:44:52.920  8974  9450 I WakePathUpdatePolicy: pushWakePathData begin
07-29 17:44:52.920  8974  9450 I com.lbe.security.service.provider.WakePathDatabaseUtil: getWakePathWhiteList: whiteList.size=6
07-29 17:44:52.921  2463  5529 I WakePathChecker: MIUILOG-WAKEPATH pushWakePathWhiteList: userId=0 size=6
07-29 17:44:52.921  8974  9450 I com.lbe.security.service.provider.WakePathDatabaseUtil: getWakePathRuleList: wakeType=1 wakePathRules.size=3
07-29 17:44:52.922  2463  5529 I WakePathChecker: MIUILOG-WAKEPATH pushWakePathRuleInfos: wakeType=1 userId=0 size=3
07-29 17:44:52.922  8974  9450 I com.lbe.security.service.provider.WakePathDatabaseUtil: getWakePathRuleList: wakeType=8 wakePathRules.size=8
07-29 17:44:52.922  2463  5529 I WakePathChecker: MIUILOG-WAKEPATH pushWakePathRuleInfos: wakeType=8 userId=0 size=8
07-29 17:44:52.923  8974  9450 I com.lbe.security.service.provider.WakePathDatabaseUtil: getWakePathRuleList: wakeType=4 wakePathRules.size=4
07-29 17:44:52.923  2463  5529 I WakePathChecker: MIUILOG-WAKEPATH pushWakePathRuleInfos: wakeType=4 userId=0 size=4
07-29 17:44:52.923  8974  9450 I com.lbe.security.service.provider.WakePathDatabaseUtil: getWakePathRuleList: wakeType=2 wakePathRules.size=1
07-29 17:44:52.923  2463  5529 I WakePathChecker: MIUILOG-WAKEPATH pushWakePathRuleInfos: wakeType=2 userId=0 size=1
07-29 17:44:52.924  8974  9450 I com.lbe.security.service.provider.WakePathDatabaseUtil: getWakePathRuleList: wakeType=17 wakePathRules.size=0
07-29 17:44:52.924  2463  5529 I WakePathChecker: MIUILOG-WAKEPATH pushWakePathRuleInfos: wakeType=17 userId=0 size=0
07-29 17:44:52.924  8974  9450 I com.lbe.security.service.provider.WakePathDatabaseUtil: getWakePathRuleList: wakeType=32 wakePathRules.size=1
07-29 17:44:52.924  2463  5529 I WakePathChecker: MIUILOG-WAKEPATH pushWakePathRuleInfos: wakeType=32 userId=0 size=1
07-29 17:44:52.925  8974  9450 I com.lbe.security.service.provider.WakePathDatabaseUtil: getWakePathRuleList: wakeType=256 wakePathRules.size=8
07-29 17:44:52.925  2463  5529 I WakePathChecker: MIUILOG-WAKEPATH pushWakePathRuleInfos: wakeType=256 userId=0 size=8
07-29 17:44:52.925  8974  9450 I com.lbe.security.service.provider.WakePathDatabaseUtil: getWakePathRuleList: wakeType=128 wakePathRules.size=4
07-29 17:44:52.925  2463  5529 I WakePathChecker: MIUILOG-WAKEPATH pushWakePathRuleInfos: wakeType=128 userId=0 size=4
07-29 17:44:52.926  8974  9450 I com.lbe.security.service.provider.WakePathDatabaseUtil: getWakePathRuleList: wakeType=64 wakePathRules.size=2
07-29 17:44:52.926  2463  5529 I WakePathChecker: MIUILOG-WAKEPATH pushWakePathRuleInfos: wakeType=64 userId=0 size=2
07-29 17:44:52.926  8974  9450 I com.lbe.security.service.provider.WakePathDatabaseUtil: getWakePathRuleList: wakeType=4096 wakePathRules.size=2
07-29 17:44:52.926  2463  5529 I WakePathChecker: MIUILOG-WAKEPATH pushWakePathRuleInfos: wakeType=4096 userId=0 size=2
07-29 17:44:52.927  8974  9450 I com.lbe.security.service.provider.WakePathDatabaseUtil: getWakePathRuleList: wakeType=32768 wakePathRules.size=1
07-29 17:44:52.927  2463  5529 I WakePathChecker: MIUILOG-WAKEPATH pushWakePathRuleInfos: wakeType=32768 userId=0 size=1
07-29 17:44:52.927  8974  9450 I com.lbe.security.service.provider.WakePathDatabaseUtil: getWakePathRuleList: wakeType=8192 wakePathRules.size=5
07-29 17:44:52.927  2463  5529 I WakePathChecker: MIUILOG-WAKEPATH pushWakePathRuleInfos: wakeType=8192 userId=0 size=5
07-29 17:44:52.928  8974  9450 I com.lbe.security.service.provider.WakePathDatabaseUtil: getWakePathRuleList: wakeType=16384 wakePathRules.size=0
07-29 17:44:52.928  2463  5529 I WakePathChecker: MIUILOG-WAKEPATH pushWakePathRuleInfos: wakeType=16384 userId=0 size=0
07-29 17:44:52.928  8974  9450 I com.lbe.security.service.provider.WakePathDatabaseUtil: getWakePathRuleList: wakeType=22 wakePathRules.size=0
07-29 17:44:52.928  2463  5529 I WakePathChecker: MIUILOG-WAKEPATH pushWakePathRuleInfos: wakeType=22 userId=0 size=0
07-29 17:44:52.929  8974  9450 I WakePathUpdatePolicy: pushWakePathData end
07-29 17:44:52.929  8974  9450 I WakePathUpdatePolicy: doUpdate end
07-29 17:44:52.939  2740 20942 I Market-DownloadLimitSpeedManager: stopLimitSpeed
07-29 17:44:52.940  2740 20942 I Market-LimitSpeedManager: stopLimitSpeedNow() =========== 
07-29 17:44:52.941  3117  3117 I adbd    : in ShellService: export ANDROID_LOG_TAGS="''"; exec logcat '-v' 'threadtime' '*:I'
07-29 17:44:52.949  3117  3117 I adbd    : in ShellService: getevent -lt
07-29 17:44:52.953  3117  3117 I adbd    : in ShellService: ime enable io.github.ylimit.droidbotapp/.DroidBotIME
07-29 17:44:52.956  3117  3117 I adbd    : in ShellService: ps
07-29 17:44:52.978  2740 20942 I Market-RetrofitRequest: callEnd : https://updateinfo.market.xiaomi.com/apm/updateinfo/v2
07-29 17:44:52.980  2740 20942 W Market-Connection: Connection result is cut off as too long
07-29 17:44:52.985  2740 20942 I Market-LocalAppManager: getUpdateInfoFromServer : end  , responseCode : OK
07-29 17:44:52.985  2740 20942 I Market-LocalAppManager: checkUpdateFromServer : end
07-29 17:44:52.987  2740 20942 I Market-LocalAppManager: checkUpdateFromServer  data parser : end
07-29 17:44:52.987  2740 20942 I Market-HuanjiManager: condition not satisfied, ignore
07-29 17:44:52.987  2740 20942 I Market-DataParser: [InvalidPackageList] JSON : invalidSystemPackageList list is null
07-29 17:44:52.987  2740 20942 I Market-LocalAppManager: checkUpdateFromServer  filter package : end
07-29 17:44:52.988  2740 20942 I Market-LocalAppManager: checkUpdateFromServer  support64BitPackagesJsonArray : end
07-29 17:44:52.988  2740 20942 I Market-LocalAppManager: query update apps from server : finish, 66 / 424 to update
07-29 17:44:52.998  2740 20942 I Market-RetrofitRequest: callStart : https://updateinfo.market.xiaomi.com/apm/updateinfo/priority
07-29 17:44:52.998  2740 20942 I Market-RetrofitRequest: HeaderInterceptor : https://updateinfo.market.xiaomi.com/apm/updateinfo/priority
07-29 17:44:52.999  2740 20942 E Market-Client: isSupportChildMode, error: java.lang.NumberFormatException: For input string: ""
07-29 17:44:52.999  2740 20942 E Market-Client: isSupportChildMode, error: java.lang.NumberFormatException: For input string: ""
07-29 17:44:53.001  2740 20942 I Market-LimitSpeedManager: startLimitSpeedNow() ====== speed = 32768
07-29 17:44:53.004  2740 20942 I Market-DownloadLimitSpeedManager: startLimitSpeed success. Total count 1
07-29 17:44:53.004  2740 20942 I Market-RetrofitRequest: HeaderInterceptor : https://updateinfo.market.xiaomi.com/apm/updateinfo/priority
07-29 17:44:53.021  3117  3117 I adbd    : in ShellService: ime set io.github.ylimit.droidbotapp/.DroidBotIME
07-29 17:44:53.027  8974  8989 I e.security.miui: This is sticky GC, maxfree is 16777216 minfree is 8388608
07-29 17:44:53.054  2463  4069 I InputReader: Reconfiguring input devices, changes=KEYBOARD_LAYOUTS
07-29 17:44:53.054 14622 14622 E BaseInputMethodService: onUnbindInput
07-29 17:44:53.055  4497  4497 I HandWritingStubImpl: refreshLastKeyboardType: 1
07-29 17:44:53.055  4497  4497 I HandWritingStubImpl: getCurrentKeyboardType: 1
07-29 17:44:53.056  2463  4108 W InputMethodManagerService: Clear show forced flag.
07-29 17:44:53.057  2463  4108 W SecurityInputMethodSwitcher: first check switch to security ime: false
07-29 17:44:53.057  2463  4108 W SecurityInputMethodSwitcher: double check switch to security ime: false
07-29 17:44:53.057  2463  4108 W SecurityInputMethodSwitcher: switch to other input method from security ime:false mayChangeToMiuiSecurityInputMethod: false current focus window: android.os.BinderProxy@e737978
07-29 17:44:53.059  2463  4108 W InputManager-JNI: Input channel object '5c663d3 InputMethod (client)' was disposed without first being removed with the input manager!
07-29 17:44:53.059  1844  1844 I vendor.qti.hardware.servicetrackeraidl-service: unbindService is called for service : com.sohu.inputmethod.sogou.xiaomi/.SogouIME and for client system
07-29 17:44:53.059  1844  1844 I vendor.qti.hardware.servicetrackeraidl-service: size of service connections for service: com.sohu.inputmethod.sogou.xiaomi/.SogouIMEafter removal is 0
07-29 17:44:53.060  1844  1844 I vendor.qti.hardware.servicetrackeraidl-service: size of client connections for client: systemafter removal is 30
07-29 17:44:53.060  1844  1844 I vendor.qti.hardware.servicetrackeraidl-service: destroyService is called for service : com.sohu.inputmethod.sogou.xiaomi/.SogouIME
07-29 17:44:53.061  4497  4497 I HandWritingStubImpl: refreshLastKeyboardType: 1
07-29 17:44:53.061  4497  4497 I HandWritingStubImpl: getCurrentKeyboardType: 1
07-29 17:44:53.065  9339  9616 I IMECheckManager: getSelectedInputMethod, ime is io.github.ylimit.droidbotapp/.DroidBotIME
07-29 17:44:53.065  1844  1844 I vendor.qti.hardware.servicetrackeraidl-service: bindService is called for service : io.github.ylimit.droidbotapp/.DroidBotIME and for client system
07-29 17:44:53.065  9339  9616 I IMECheckManager: InputMethodObserver, userId is 0, ime = io.github.ylimit.droidbotapp/.DroidBotIME
07-29 17:44:53.065  1844  1844 I vendor.qti.hardware.servicetrackeraidl-service: total connections for service : io.github.ylimit.droidbotapp/.DroidBotIMEare :1
07-29 17:44:53.065  1844  1844 I vendor.qti.hardware.servicetrackeraidl-service: total connections for client : systemare :31
07-29 17:44:53.066 14622 14622 E BaseInputMethodService: onDestroy
07-29 17:44:53.066  8013  8347 I k1      : input method change: 
07-29 17:44:53.067  2463  4205 I MiuiNetworkPolicy: updateUidState uid = 10183, uidState = 10
07-29 17:44:53.068  2105  2105 E DisplayModeController: setDesiredMode : Idle status skip setActiveMode, isDdicIdleMode: 1
07-29 17:44:53.068 14622 14622 W WindowOnBackDispatcher: sendCancelIfRunning: isInProgress=false callback=android.view.ViewRootImpl$$ExternalSyntheticLambda12@2e683f6
07-29 17:44:53.069  9339  9616 I IMECheckManager: getSelectedInputMethod, ime is io.github.ylimit.droidbotapp/.DroidBotIME
07-29 17:44:53.069  2463  5529 W WindowManager: Cannot find window which accessibility connection is added to
07-29 17:44:53.069  2463  5539 W WindowManager: Failed looking up window session=Session{417d331 14622:u0a10183} callers=com.android.server.wm.WindowManagerService.windowForClientLocked:7019 com.android.server.wm.Session.setOnBackInvokedCallbackInfo:1092 android.view.IWindowSession$Stub.onTransact:1281 
07-29 17:44:53.069  1827  1827 I SDM     : HWCDisplay::SetActiveConfigWithConstraints: display:66-0, config: 3, WxH 1200x2670, fps 120
07-29 17:44:53.069  2463  5539 I WindowManager: setOnBackInvokedCallback(): No window state for package:com.sohu.inputmethod.sogou.xiaomi
07-29 17:44:53.069  2463  4108 W InputMethodManagerService: Clear show forced flag.
07-29 17:44:53.069  2463  4108 W SecurityInputMethodSwitcher: first check switch to security ime: false
07-29 17:44:53.069  2463  4108 W SecurityInputMethodSwitcher: double check switch to security ime: false
07-29 17:44:53.069  2463  4108 W SecurityInputMethodSwitcher: switch to other input method from security ime:false mayChangeToMiuiSecurityInputMethod: false current focus window: android.os.BinderProxy@e737978
07-29 17:44:53.070  1827  1827 W SDM     : HWDeviceDRM::GetSupportedBitClkRate: Requested rate not supported: 1150000000
07-29 17:44:53.070  1827  1827 I SDM     : HWDeviceDRM::UpdateMixerAttributes: Mixer WxH 1200x2670-1 for Peripheral
07-29 17:44:53.070  1827  1827 I SDM     : HWCDisplay::SubmitDisplayConfig: Active configuration changed from config 1 to 3
07-29 17:44:53.070  1827  1827 I SDM     : HWCDisplay::SubmitDisplayConfig: Active WxH 1200x2670 ,ddic_mode:auto, timing_fps: 120, sf_fps: 120
07-29 17:44:53.070  9339  9616 I IMECheckManager: updateCurrentIME, userId is 0, ime is io.github.ylimit.droidbotapp/.DroidBotIME, pkg is io.github.ylimit.droidbotapp, uid is 10351
07-29 17:44:53.070  9339  9616 I ActiveStateController: Ime outdated, uid is 10183
07-29 17:44:53.070  9339  9638 I PowerKeeperConfigureManager: userId is 0, Ime outdated, uid is 10183
07-29 17:44:53.071  1827  2752 I vendor.qti.hardware.display.composer-service: Sensor: notify citsensorservice to trigger cwb, misForced = 0
07-29 17:44:53.072  9339  9616 I ActiveStateController: Ime update, uid is 10351
07-29 17:44:53.072  2463  6119 W WindowManager: Failed looking up window session=Session{417d331 14622:u0a10183} callers=com.android.server.wm.WindowManagerService.removeClientToken:2442 com.android.server.wm.Session.remove:290 android.view.IWindowSession$Stub.onTransact:741 
07-29 17:44:53.073  3002  4297 I libsensor-parseRGB: request dump start for mRequestDisplayId 0
07-29 17:44:53.073 14622 14622 I IMEBottomManager: disableQuickMoveCursor
07-29 17:44:53.076  2463  6119 I ClipboardServiceI: checkProviderWakePathForClipboard: Package com.miui.phrase is not in the white list
07-29 17:44:53.076  2463  6119 I SmartPower: com.miui.phrase/10162(27285): idle->background(154952ms) R(content provider start ContentProviderRecord{e3754c6 u0 com.miui.phrase/com.miui.provider.InputProvider}) adj=0.
07-29 17:44:53.077  2463  2504 I ClipboardServiceI: checkProviderWakePathForClipboard: com.miui.securitycenteris not a activePermissionOwner
07-29 17:44:53.079  4505  6786 I htmlviewercloudcontrol: isStagingEnv:false param =  InputMethod  uriMatch = 2, cluster: cn, version: 553104, traceId: aa4a7f1732c179f033e45bb6df6285c3, regId: +4z3RS85+e2U9l+sd6caQ/srGmJCsEbKpG1twyPn1K0CrNNyxYT/yAgGVxm5X+yC
07-29 17:44:53.079  2463  4205 I MiuiNetworkPolicy: updateUidState uid = 10162, uidState = 10
07-29 17:44:53.081  2740 20942 I Market-DownloadLimitSpeedManager: stopLimitSpeed
07-29 17:44:53.081  2740 20942 I Market-LimitSpeedManager: stopLimitSpeedNow() =========== 
07-29 17:44:53.082  9339  9638 I PowerKeeperConfigureManager: userId is 0, Ime update, uid is 10351
07-29 17:44:53.087  2740 20942 I Market-RetrofitRequest: callEnd : https://updateinfo.market.xiaomi.com/apm/updateinfo/priority
07-29 17:44:53.091  2463  5539 E InputMethodManagerService: Ignoring com.android.server.inputmethod.InputMethodManagerService.updateStatusIcon:2768 due to an invalid token. uid:10183 token:android.os.Binder@4a5448f
07-29 17:44:53.091  2740 20942 I Market-SystemSettingsManager: extraSettingsSecureGetInt key: com.xiaomi.market.need_update_game_count, value: 0
07-29 17:44:53.091  2740 20942 I Market-UpdateAppList: update app list do not change, don't notify: pkg (63) = com.ss.android.ugc.aweme,com.milink.service,com.miui.hybrid,com.baidu.BaiduMap,com.netease.newsreader.activity,com.microsoft.emmx,com.baidu.searchbox.lite,com.android.fileexplorer,com.xiaomi.aiasst.vision,com.microsoft.office.outlook,com.miui.newhome,com.autonavi.minimap,com.miui.calculator,com.miui.mishare.connectivity,com.android.contacts,com.unionpay.tsmservice.mi,com.miui.voiceassist,com.miui.thirdappassistant,com.xiaomi.scanner,com.miui.securitycenter,com.duokan.reader,com.baidu.searchbox,com.wuba.zhuanzhuan,com.xingin.xhs,com.miui.touchassistant,tv.danmaku.bili,com.dragon.read,com.miui.gallery,com.miui.cloudservice,com.UCMobile,com.mfashiongallery.emag,com.xiaomi.market,com.miui.carlink,com.miui.notes,com.xiaomi.payment,com.miui.home,com.miui.tsmclient,com.xiaomi.gamecenter,com.smile.gifmaker,com.android.browser,com.suxing.sustream,com.xiaomi.mis,com.miui.virtualsim,com.android.quicksearchbox,com.sina.news,com.miui.video,com.miui.weather2,com.ss.android.article.news,com.quark.browser,com.xiaomi.mi_connect_service,com.miui.personalassistant,com.android.mms,com.xiaomi.gamecenter.sdk.service,com.kuaishou.nebula,com.android.thememanager,com.miui.bugreport,com.xiaomi.digitalkey,com.android.calendar,com.xiaomi.aicr,com.xiaomi.xmsf,com.xiaomi.mirror,com.miui.yellowpage,com.android.soundrecorder
07-29 17:44:53.092  2740 20752 I Market-SubScriptManager: updateMarketSubScript forceShow : false
07-29 17:44:53.093  2740 20752 I Market-SubScriptManager: get count 63
07-29 17:44:53.093  2740 20752 I Market-SubScriptManager: get count 63
07-29 17:44:53.094 14622 14622 W WindowTokenClientController: Can't find attached WindowTokenClient for android.window.WindowTokenClient@6bf1858
07-29 17:44:53.095  2740 20942 I Market-LocalAppManager: queryDiffSizeFromServer start
07-29 17:44:53.095  3117  3117 I adbd    : in ShellService: getprop ro.build.version.release
07-29 17:44:53.097  2463  4205 I MiuiNetworkPolicy: updateUidState uid = 10183, uidState = 16
07-29 17:44:53.097  2740 20942 I Market-RetrofitRequest: callStart : https://updateinfo.market.xiaomi.com/apm/updateinfo/diffsize
07-29 17:44:53.097  2463  4205 I MiuiNetworkPolicy: updateUidState uid = 10162, uidState = 19
07-29 17:44:53.098  2740 20942 I Market-RetrofitRequest: HeaderInterceptor : https://updateinfo.market.xiaomi.com/apm/updateinfo/diffsize
07-29 17:44:53.098  2740 20942 E Market-Client: isSupportChildMode, error: java.lang.NumberFormatException: For input string: ""
07-29 17:44:53.099  2740 20942 E Market-Client: isSupportChildMode, error: java.lang.NumberFormatException: For input string: ""
07-29 17:44:53.100  2740 20942 I Market-LimitSpeedManager: startLimitSpeedNow() ====== speed = 32768
07-29 17:44:53.101  3002  3081 E libsensor-parseRGB: CWB NotifyCWBBufferDone  error 0
07-29 17:44:53.103  2740 20942 I Market-DownloadLimitSpeedManager: startLimitSpeed success. Total count 1
07-29 17:44:53.104  2740 20942 I Market-RetrofitRequest: HeaderInterceptor : https://updateinfo.market.xiaomi.com/apm/updateinfo/diffsize
07-29 17:44:53.107 20805 20993 W ziparchive: Unable to open '/system/framework/QXPerformance.dm': No such file or directory
07-29 17:44:53.107 20805 20993 W ziparchive: Unable to open '/system/framework/QXPerformance.dm': No such file or directory
07-29 17:44:53.108  2463  5121 I AppsFilter: interaction: PackageSetting{289a593 io.github.ylimit.droidbotapp/10351} -> PackageSetting{666f3aa com.miui.screenrecorder/10273} BLOCKED
07-29 17:44:53.108  2463  5121 I AppsFilter: interaction: PackageSetting{289a593 io.github.ylimit.droidbotapp/10351} -> PackageSetting{78fbb9b com.android.cts.priv.ctsshim/10252} BLOCKED
07-29 17:44:53.108  2463  5121 I AppsFilter: interaction: PackageSetting{289a593 io.github.ylimit.droidbotapp/10351} -> PackageSetting{83e4b38 com.quark.browser/10328} BLOCKED
07-29 17:44:53.108  2463  5121 I AppsFilter: interaction: PackageSetting{289a593 io.github.ylimit.droidbotapp/10351} -> PackageSetting{2c14711 com.android.uwb.resources/10242} BLOCKED
07-29 17:44:53.108  2463  5121 I AppsFilter: interaction: PackageSetting{289a593 io.github.ylimit.droidbotapp/10351} -> PackageSetting{9adfe9 com.android.internal.display.cutout.emulation.corner/10008} BLOCKED
07-29 17:44:53.108  2463  5121 I AppsFilter: interaction: PackageSetting{289a593 io.github.ylimit.droidbotapp/10351} -> PackageSetting{960846e com.android.internal.display.cutout.emulation.double/10013} BLOCKED
07-29 17:44:53.108  2463  5121 I AppsFilter: interaction: PackageSetting{289a593 io.github.ylimit.droidbotapp/10351} -> PackageSetting{b3c01f8 io.appium.settings/10274} BLOCKED
07-29 17:44:53.108  2463  5121 I AppsFilter: interaction: PackageSetting{289a593 io.github.ylimit.droidbotapp/10351} -> PackageSetting{818a076 com.unionpay.tsmservice.mi/10185} BLOCKED
07-29 17:44:53.108  2463  5121 I AppsFilter: interaction: PackageSetting{289a593 io.github.ylimit.droidbotapp/10351} -> PackageSetting{4a47677 com.android.healthconnect.controller/10245} BLOCKED
07-29 17:44:53.108  2463  5121 I AppsFilter: interaction: PackageSetting{289a593 io.github.ylimit.droidbotapp/10351} -> PackageSetting{d28e2e4 com.wuba.zhuanzhuan/10260} BLOCKED
07-29 17:44:53.108  2463  5121 I AppsFilter: interaction: PackageSetting{289a593 io.github.ylimit.droidbotapp/10351} -> PackageSetting{fe2434d com.alibaba.aliexpresshd/10303} BLOCKED
07-29 17:44:53.108  2463  5121 I AppsFilter: interaction: PackageSetting{289a593 io.github.ylimit.droidbotapp/10351} -> PackageSetting{e664e02 com.google.android.onetimeinitializer/10123} BLOCKED
07-29 17:44:53.108  2463  5121 I AppsFilter: interaction: PackageSetting{289a593 io.github.ylimit.droidbotapp/10351} -> PackageSetting{4e00313 com.android.health.connect.backuprestore/10246} BLOCKED
07-29 17:44:53.108  2463  5121 I AppsFilter: interaction: PackageSetting{289a593 io.github.ylimit.droidbotapp/10351} -> PackageSetting{8034950 com.google.android.ext.shared/10150} BLOCKED
07-29 17:44:53.108  2463  5121 I AppsFilter: interaction: PackageSetting{289a593 io.github.ylimit.droidbotapp/10351} -> PackageSetting{d9cc749 com.android.virtualmachine.res/10237} BLOCKED
07-29 17:44:53.108  2463  5121 I AppsFilter: interaction: PackageSetting{289a593 io.github.ylimit.droidbotapp/10351} -> PackageSetting{66fd907 com.android.providers.telephony.auto_generated_characteristics_rro/10072} BLOCKED
07-29 17:44:53.108  2463  5121 I AppsFilter: interaction: PackageSetting{289a593 io.github.ylimit.droidbotapp/10351} -> PackageSetting{bef484e com.xiaomi.gamecenter.sdk.service/10140} BLOCKED
07-29 17:44:53.108  2463  5121 I AppsFilter: interaction: PackageSetting{289a593 io.github.ylimit.droidbotapp/10351} -> PackageSetting{73dbd6f com.android.htmlviewer/10092} BLOCKED
07-29 17:44:53.108  2463  5121 I AppsFilter: interaction: PackageSetting{289a593 io.github.ylimit.droidbotapp/10351} -> PackageSetting{7dbaa7c com.miui.gallery/10271} BLOCKED
07-29 17:44:53.108  2463  5121 I AppsFilter: interaction: PackageSetting{289a593 io.github.ylimit.droidbotapp/10351} -> PackageSetting{e618f05 com.quicinc.voice.activation/10214} BLOCKED
07-29 17:44:53.108  2463  5121 I AppsFilter: interaction: PackageSetting{289a593 io.github.ylimit.droidbotapp/10351} -> PackageSetting{bfb9b5a com.google.android.configupdater/10122} BLOCKED
07-29 17:44:53.108  2463  5121 I AppsFilter: interaction: PackageSetting{289a593 io.github.ylimit.droidbotapp/10351} -> PackageSetting{512c18b com.android.soundrecorder/10276} BLOCKED
07-29 17:44:53.108  2463  5121 I AppsFilter: interaction: PackageSetting{289a593 io.github.ylimit.droidbotapp/10351} -> PackageSetting{c76f268 com.suxing.sustream/10338} BLOCKED
07-29 17:44:53.108  2463  5121 I AppsFilter: interaction: PackageSetting{289a593 io.github.ylimit.droidbotapp/10351} -> PackageSetting{f11681 io.appium.uiautomator2.server/10283} BLOCKED
07-29 17:44:53.108  2463  5121 I AppsFilter: interaction: PackageSetting{289a593 io.github.ylimit.droidbotapp/10351} -> PackageSetting{4481326 com.android.safetycenter.resources/10240} BLOCKED
07-29 17:44:53.108  2463  5121 I AppsFilter: interaction: PackageSetting{289a593 io.github.ylimit.droidbotapp/10351} -> PackageSetting{de9eb67 org.secuso.privacyfriendlytodolist/10270} BLOCKED
07-29 17:44:53.108  2463  5121 I AppsFilter: interaction: PackageSetting{289a593 io.github.ylimit.droidbotapp/10351} -> PackageSetting{afccd14 com.android.providers.downloads.ui/10261} BLOCKED
07-29 17:44:53.108  2463  5121 I AppsFilter: interaction: PackageSetting{289a593 io.github.ylimit.droidbotapp/10351} -> PackageSetting{59799bd com.android.simappdialog/10113} BLOCKED
07-29 17:44:53.108  2463  5121 I AppsFilter: interaction: PackageSetting{289a593 io.github.ylimit.droidbotapp/10351} -> PackageSetting{7923bb2 com.xingin.xhs/10286} BLOCKED
07-29 17:44:53.108  2463  5121 I AppsFilter: interaction: PackageSetting{289a593 io.github.ylimit.droidbotapp/10351} -> PackageSetting{51fd703 com.android.connectivity.resources/10244} BLOCKED
07-29 17:44:53.108  2463  5121 I AppsFilter: interaction: PackageSetting{289a593 io.github.ylimit.droidbotapp/10351} -> PackageSetting{163a680 com.cnn.mobile.android.phone/10316} BLOCKED
07-29 17:44:53.108  2463  5121 I AppsFilter: interaction: PackageSetting{289a593 io.github.ylimit.droidbotapp/10351} -> PackageSetting{3db11f7 com.android.internal.display.cutout.emulation.hole/10010} BLOCKED
07-29 17:44:53.108  2463  5121 I AppsFilter: interaction: PackageSetting{289a593 io.github.ylimit.droidbotapp/10351} -> PackageSetting{fca1864 com.android.internal.display.cutout.emulation.tall/10011} BLOCKED
07-29 17:44:53.108  2463  5121 I AppsFilter: interaction: PackageSetting{289a593 io.github.ylimit.droidbotapp/10351} -> PackageSetting{b2914b9 com.android.modulemetadata/10174} BLOCKED
07-29 17:44:53.108  2463  5121 I AppsFilter: interaction: PackageSetting{289a593 io.github.ylimit.droidbotapp/10351} -> PackageSetting{7b43f82 com.android.internal.systemui.navbar.threebutton/10051} BLOCKED
07-29 17:44:53.108  2463  5121 I AppsFilter: interaction: PackageSetting{289a593 io.github.ylimit.droidbotapp/10351} -> PackageSetting{4e460fe com.android.wifi.dialog/10211} BLOCKED
07-29 17:44:53.108  2463  5121 I AppsFilter: interaction: PackageSetting{289a593 io.github.ylimit.droidbotapp/10351} -> PackageSetting{d3ee05f com.tencent.android.qqdownloader/10324} BLOCKED
07-29 17:44:53.108  2463  5121 I AppsFilter: interaction: PackageSetting{289a593 io.github.ylimit.droidbotapp/10351} -> PackageSetting{49caaac com.android.contacts/10132} BLOCKED
07-29 17:44:53.108  2463  5121 I AppsFilter: interaction: PackageSetting{289a593 io.github.ylimit.droidbotapp/10351} -> PackageSetting{fbd4375 cn.amazon.mShop.android/10301} BLOCKED
07-29 17:44:53.108  2463  5121 I AppsFilter: interaction: PackageSetting{289a593 io.github.ylimit.droidbotapp/10351} -> PackageSetting{fa18f0a com.miui.securitymanager/10272} BLOCKED
07-29 17:44:53.108  2463  5121 I AppsFilter: interaction: PackageSetting{289a593 io.github.ylimit.droidbotapp/10351} -> PackageSetting{d1b237b com.baidu.searchbox/10340} BLOCKED
07-29 17:44:53.108  2463  5121 I AppsFilter: interaction: PackageSetting{289a593 io.github.ylimit.droidbotapp/10351} -> PackageSetting{57fc598 com.android.mms/10141} BLOCKED
07-29 17:44:53.108  2463  5121 I AppsFilter: interaction: PackageSetting{289a593 io.github.ylimit.droidbotapp/10351} -> PackageSetting{12ba1f1 com.jijia.bqwnl/10327} BLOCKED
07-29 17:44:53.108  2463  5121 I AppsFilter: interaction: PackageSetting{289a593 io.github.ylimit.droidbotapp/10351} -> PackageSetting{c5191d6 com.yahoo.mobile.client.android.mail/10341} BLOCKED
07-29 17:44:53.108  2463  5121 I AppsFilter: interaction: PackageSetting{289a593 io.github.ylimit.droidbotapp/10351} -> PackageSetting{aae7c57 com.mfashiongallery.emag/10262} BLOCKED
07-29 17:44:53.108  2463  5121 I AppsFilter: interaction: PackageSetting{289a593 io.github.ylimit.droidbotapp/10351} -> PackageSetting{877a344 com.instagram.android/10289} BLOCKED
07-29 17:44:53.108  2463  5121 I AppsFilter: interaction: PackageSetting{289a593 io.github.ylimit.droidbotapp/10351} -> PackageSetting{9476c2d com.google.android.gm/10290} BLOCKED
07-29 17:44:53.108  2463  5121 I AppsFilter: interaction: PackageSetting{289a593 io.github.ylimit.droidbotapp/10351} -> PackageSetting{e2cf562 com.android.compos.payload/10243} BLOCKED
07-29 17:44:53.108  2463  5121 I AppsFilter: interaction: PackageSetting{289a593 io.github.ylimit.droidbotapp/10351} -> PackageSetting{7b486f3 com.microsoft.emmx/10311} BLOCKED
07-29 17:44:53.108  2463  5121 I AppsFilter: interaction: PackageSetting{289a593 io.github.ylimit.droidbotapp/10351} -> PackageSetting{bedafb0 com.android.settings.intelligence/10142} BLOCKED
07-29 17:44:53.108  2463  5121 I AppsFilter: interaction: PackageSetting{289a593 io.github.ylimit.droidbotapp/10351} -> PackageSetting{1db9e29 com.android.calendar/10265} BLOCKED
07-29 17:44:53.108  2463  5121 I AppsFilter: interaction: PackageSetting{289a593 io.github.ylimit.droidbotapp/10351} -> PackageSetting{16905ae com.miui.virtualsim/10277} BLOCKED
07-29 17:44:53.108  2463  5121 I AppsFilter: interaction: PackageSetting{289a593 io.github.ylimit.droidbotapp/10351} -> PackageSetting{c069f4f com.microsoft.office.outlook/10323} BLOCKED
07-29 17:44:53.108  2463  5121 I AppsFilter: interaction: PackageSetting{289a593 io.github.ylimit.droidbotapp/10351} -> PackageSetting{97616dc com.miui.compass/10267} BLOCKED
07-29 17:44:53.108  2463  5121 I AppsFilter: interaction: PackageSetting{289a593 io.github.ylimit.droidbotapp/10351} -> PackageSetting{c66f3e5 com.android.printspooler/10224} BLOCKED
07-29 17:44:53.108  2463  5121 I AppsFilter: interaction: PackageSetting{289a593 io.github.ylimit.droidbotapp/10351} -> PackageSetting{e43ceba com.android.dreams.basic/10103} BLOCKED
07-29 17:44:53.108  2463  5121 I AppsFilter: interaction: PackageSetting{289a593 io.github.ylimit.droidbotapp/10351} -> PackageSetting{9b7e16b com.android.incallui/10126} BLOCKED
07-29 17:44:53.108  2463  5121 I AppsFilter: interaction: PackageSetting{289a593 io.github.ylimit.droidbotapp/10351} -> PackageSetting{dbbc4c8 com.musicworx/10320} BLOCKED
07-29 17:44:53.108  2463  5121 I AppsFilter: interaction: PackageSetting{289a593 io.github.ylimit.droidbotapp/10351} -> PackageSetting{997e961 com.android.rkpdapp/10254} BLOCKED
07-29 17:44:53.108  2463  5121 I AppsFilter: interaction: PackageSetting{289a593 io.github.ylimit.droidbotapp/10351} -> PackageSetting{46ec6fb com.newcall.overlay.miui/10041} BLOCKED
07-29 17:44:53.108  2463  5121 I AppsFilter: interaction: PackageSetting{289a593 io.github.ylimit.droidbotapp/10351} -> PackageSetting{d01c86 todolist.scheduleplanner.dailyplanner.todo.reminders/10299} BLOCKED
07-29 17:44:53.108  2463  5121 I AppsFilter: interaction: PackageSetting{289a593 io.github.ylimit.droidbotapp/10351} -> PackageSetting{9d4b171 android.auto_generated_characteristics_rro/10068} BLOCKED
07-29 17:44:53.108  2463  5121 I AppsFilter: interaction: PackageSetting{289a593 io.github.ylimit.droidbotapp/10351} -> PackageSetting{6f12947 com.android.musicfx/10094} BLOCKED
07-29 17:44:53.108  2463  5121 I AppsFilter: interaction: PackageSetting{289a593 io.github.ylimit.droidbotapp/10351} -> PackageSetting{32c6574 com.todoist/10298} BLOCKED
07-29 17:44:53.108  2463  5121 I AppsFilter: interaction: PackageSetting{289a593 io.github.ylimit.droidbotapp/10351} -> PackageSetting{c88ba9d com.google.android.webview/10188} BLOCKED
07-29 17:44:53.108  2463  5121 I AppsFilter: interaction: PackageSetting{289a593 io.github.ylimit.droidbotapp/10351} -> PackageSetting{1817b12 com.zhuantech.sijiweather/10337} BLOCKED
07-29 17:44:53.108  2463  5121 I AppsFilter: interaction: PackageSetting{289a593 io.github.ylimit.droidbotapp/10351} -> PackageSetting{98d12e3 com.ss.android.article.news/10325} BLOCKED
07-29 17:44:53.108  2463  5121 I AppsFilter: interaction: PackageSetting{289a593 io.github.ylimit.droidbotapp/10351} -> PackageSetting{a691a73 com.android.phone.auto_generated_characteristics_rro/10060} BLOCKED
07-29 17:44:53.108  2463  5121 I AppsFilter: interaction: PackageSetting{289a593 io.github.ylimit.droidbotapp/10351} -> PackageSetting{b6464e0 com.android.chrome/10282} BLOCKED
07-29 17:44:53.108  2463  5121 I AppsFilter: interaction: PackageSetting{289a593 io.github.ylimit.droidbotapp/10351} -> PackageSetting{5bb6399 com.UCMobile/10332} BLOCKED
07-29 17:44:53.108  2463  5121 I AppsFilter: interaction: PackageSetting{289a593 io.github.ylimit.droidbotapp/10351} -> PackageSetting{a78365e com.ss.android.ugc.aweme/10322} BLOCKED
07-29 17:44:53.108  2463  5121 I AppsFilter: interaction: PackageSetting{289a593 io.github.ylimit.droidbotapp/10351} -> PackageSetting{73fa3f com.android.wifi.resources/10258} BLOCKED
07-29 17:44:53.108  2463  5121 I AppsFilter: interaction: PackageSetting{289a593 io.github.ylimit.droidbotapp/10351} -> PackageSetting{35aef0c com.skysoft.kkbox.android/10285} BLOCKED
07-29 17:44:53.108  2463  5121 I AppsFilter: interaction: PackageSetting{289a593 io.github.ylimit.droidbotapp/10351} -> PackageSetting{1d5a055 com.getsurfboard/10279} BLOCKED
07-29 17:44:53.108  2463  5121 I AppsFilter: interaction: PackageSetting{289a593 io.github.ylimit.droidbotapp/10351} -> PackageSetting{58d5a6a com.netease.newsreader.activity/10313} BLOCKED
07-29 17:44:53.108  2463  5121 I AppsFilter: interaction: PackageSetting{289a593 io.github.ylimit.droidbotapp/10351} -> PackageSetting{4fb64eb com.android.theme.font.notoserifsource/10017} BLOCKED
07-29 17:44:53.108  2463  5121 I AppsFilter: interaction: PackageSetting{289a593 io.github.ylimit.droidbotapp/10351} -> PackageSetting{6b7fb5b com.kuaishou.nebula/10329} BLOCKED
07-29 17:44:53.109  2463  5121 I AppsFilter: interaction: PackageSetting{289a593 io.github.ylimit.droidbotapp/10351} -> PackageSetting{c63d8e1 com.android.internal.display.cutout.emulation.waterfall/10012} BLOCKED
07-29 17:44:53.109  2463  5121 I AppsFilter: interaction: PackageSetting{289a593 io.github.ylimit.droidbotapp/10351} -> PackageSetting{19e1606 com.android.internal.systemui.navbar.transparent/10063} BLOCKED
07-29 17:44:53.109  2463  5121 I AppsFilter: interaction: PackageSetting{289a593 io.github.ylimit.droidbotapp/10351} -> PackageSetting{e4deff8 com.miui.newhome/10296} BLOCKED
07-29 17:44:53.109  2463  5121 I AppsFilter: interaction: PackageSetting{289a593 io.github.ylimit.droidbotapp/10351} -> PackageSetting{81cecd1 com.miui.video/10294} BLOCKED
07-29 17:44:53.109  2463  5121 I AppsFilter: interaction: PackageSetting{289a593 io.github.ylimit.droidbotapp/10351} -> PackageSetting{f1eb336 com.google.android.printservice.recommendation/10153} BLOCKED
07-29 17:44:53.109  2463  5121 I AppsFilter: interaction: PackageSetting{289a593 io.github.ylimit.droidbotapp/10351} -> PackageSetting{c70f237 com.baidu.searchbox.lite/10334} BLOCKED
07-29 17:44:53.109  2463  5121 I AppsFilter: interaction: PackageSetting{289a593 io.github.ylimit.droidbotapp/10351} -> PackageSetting{36e13a4 com.spotify.music/10317} BLOCKED
07-29 17:44:53.109  2463  5121 I AppsFilter: interaction: PackageSetting{289a593 io.github.ylimit.droidbotapp/10351} -> PackageSetting{4b2850d com.google.android.documentsui/10100} BLOCKED
07-29 17:44:53.109  2463  5121 I AppsFilter: interaction: PackageSetting{289a593 io.github.ylimit.droidbotapp/10351} -> PackageSetting{99accc2 com.google.android.accessibility.switchaccess/10184} BLOCKED
07-29 17:44:53.109  2463  5121 I AppsFilter: interaction: PackageSetting{289a593 io.github.ylimit.droidbotapp/10351} -> PackageSetting{1587ad3 com.sohu.inputmethod.sogou.xiaomi/10183} BLOCKED
07-29 17:44:53.109  2463  5121 I AppsFilter: interaction: PackageSetting{289a593 io.github.ylimit.droidbotapp/10351} -> PackageSetting{a4ac610 cn.ninegame.gamemanager/10330} BLOCKED
07-29 17:44:53.109  2463  5121 I AppsFilter: interaction: PackageSetting{289a593 io.github.ylimit.droidbotapp/10351} -> PackageSetting{3d49c6a io.appium.uiautomator2.server.test/10280} BLOCKED
07-29 17:44:53.109  2463  5121 I AppsFilter: interaction: PackageSetting{289a593 io.github.ylimit.droidbotapp/10351} -> PackageSetting{a8f6509 com.baidu.BaiduMap/10331} BLOCKED
07-29 17:44:53.109  2463  5121 I AppsFilter: interaction: PackageSetting{289a593 io.github.ylimit.droidbotapp/10351} -> PackageSetting{dccf30e com.android.providers.partnerbookmarks/10109} BLOCKED
07-29 17:44:53.109  2463  5121 I AppsFilter: interaction: PackageSetting{289a593 io.github.ylimit.droidbotapp/10351} -> PackageSetting{d25f12f com.android.smspush/10230} BLOCKED
07-29 17:44:53.109  2463  5121 I AppsFilter: interaction: PackageSetting{289a593 io.github.ylimit.droidbotapp/10351} -> PackageSetting{1fe333c com.miui.calculator/10263} BLOCKED
07-29 17:44:53.109  2463  5121 I AppsFilter: interaction: PackageSetting{289a593 io.github.ylimit.droidbotapp/10351} -> PackageSetting{94048c5 de.baumann.browser/10308} BLOCKED
07-29 17:44:53.109  2463  5121 I AppsFilter: interaction: PackageSetting{289a593 io.github.ylimit.droidbotapp/10351} -> PackageSetting{3e9321a com.android.wallpaper.livepicker/10091} BLOCKED
07-29 17:44:53.109  2463  5121 I AppsFilter: interaction: PackageSetting{289a593 io.github.ylimit.droidbotapp/10351} -> PackageSetting{1aa714b com.android.cellbroadcastreceiver.module/10255} BLOCKED
07-29 17:44:53.109  2463  5121 I AppsFilter: interaction: PackageSetting{289a593 io.github.ylimit.droidbotapp/10351} -> PackageSetting{f194728 com.android.apps.tag/10098} BLOCKED
07-29 17:44:53.109  2463  5121 I AppsFilter: interaction: PackageSetting{289a593 io.github.ylimit.droidbotapp/10351} -> PackageSetting{261ac41 com.android.imsserviceentitlement/10125} BLOCKED
07-29 17:44:53.109  2463  5121 I AppsFilter: interaction: PackageSetting{289a593 io.github.ylimit.droidbotapp/10351} -> PackageSetting{15855e6 com.xiaomi.gamecenter/10288} BLOCKED
07-29 17:44:53.109  2463  5121 I AppsFilter: interaction: PackageSetting{289a593 io.github.ylimit.droidbotapp/10351} -> PackageSetting{2acd727 com.android.appsearch.apk/10257} BLOCKED
07-29 17:44:53.109  2463  5121 I AppsFilter: interaction: PackageSetting{289a593 io.github.ylimit.droidbotapp/10351} -> PackageSetting{c4fadd4 com.dragon.read/10335} BLOCKED
07-29 17:44:53.109  2463  5121 I AppsFilter: interaction: PackageSetting{289a593 io.github.ylimit.droidbotapp/10351} -> PackageSetting{143c0b com.anydo/10292} BLOCKED
07-29 17:44:53.109  2463  5121 I AppsFilter: interaction: PackageSetting{289a593 io.github.ylimit.droidbotapp/10351} -> PackageSetting{adbcb7d com.miui.cleanmaster/10266} BLOCKED
07-29 17:44:53.109  2463  5121 I AppsFilter: interaction: PackageSetting{289a593 io.github.ylimit.droidbotapp/10351} -> PackageSetting{743ea72 com.miui.weather2/10278} BLOCKED
07-29 17:44:53.109  2463  5121 I AppsFilter: interaction: PackageSetting{289a593 io.github.ylimit.droidbotapp/10351} -> PackageSetting{f85bec3 com.autonavi.minimap/10333} BLOCKED
07-29 17:44:53.109  2463  5121 I AppsFilter: interaction: PackageSetting{289a593 io.github.ylimit.droidbotapp/10351} -> PackageSetting{9e3d340 com.xiaomi.scanner/10281} BLOCKED
07-29 17:44:53.109  2463  5121 I AppsFilter: interaction: PackageSetting{289a593 io.github.ylimit.droidbotapp/10351} -> PackageSetting{3dea279 com.google.android.apps.tasks/10300} BLOCKED
07-29 17:44:53.109  2463  5121 I AppsFilter: interaction: PackageSetting{289a593 io.github.ylimit.droidbotapp/10351} -> PackageSetting{de23bbe com.duokan.reader/10287} BLOCKED
07-29 17:44:53.109  2463  5121 I AppsFilter: interaction: PackageSetting{289a593 io.github.ylimit.droidbotapp/10351} -> PackageSetting{3b31bc6 com.android.cts.ctsshim/10253} BLOCKED
07-29 17:44:53.109  2463  5121 I AppsFilter: interaction: PackageSetting{289a593 io.github.ylimit.droidbotapp/10351} -> PackageSetting{a7b841f douzifly.list/10182} BLOCKED
07-29 17:44:53.109  2463  5121 I AppsFilter: interaction: PackageSetting{289a593 io.github.ylimit.droidbotapp/10351} -> PackageSetting{7d2e36c com.miui.yellowpage/10137} BLOCKED
07-29 17:44:53.109  2463  5121 I AppsFilter: interaction: PackageSetting{289a593 io.github.ylimit.droidbotapp/10351} -> PackageSetting{79ded35 com.einnovation.temu/10304} BLOCKED
07-29 17:44:53.109  2463  5121 I AppsFilter: interaction: PackageSetting{289a593 io.github.ylimit.droidbotapp/10351} -> PackageSetting{f2be10c com.android.microdroid.empty_payload/10236} BLOCKED
07-29 17:44:53.109  2463  5121 I AppsFilter: interaction: PackageSetting{289a593 io.github.ylimit.droidbotapp/10351} -> PackageSetting{9de433b com.android.email/10268} BLOCKED
07-29 17:44:53.109  2463  5121 I AppsFilter: interaction: PackageSetting{289a593 io.github.ylimit.droidbotapp/10351} -> PackageSetting{6c0ca58 com.android.music/10175} BLOCKED
07-29 17:44:53.109  2463  5121 I AppsFilter: interaction: PackageSetting{289a593 io.github.ylimit.droidbotapp/10351} -> PackageSetting{5cd27b1 com.android.hotspot2.osulogin/10259} BLOCKED
07-29 17:44:53.109  2463  5121 I AppsFilter: interaction: PackageSetting{289a593 io.github.ylimit.droidbotapp/10351} -> PackageSetting{728d2a7 com.android.companiondevicemanager.auto_generated_characteristics_rro/10006} BLOCKED
07-29 17:44:53.109  2463  5121 I AppsFilter: interaction: PackageSetting{289a593 io.github.ylimit.droidbotapp/10351} -> PackageSetting{e580496 com.google.android.gms.location.history/10152} BLOCKED
07-29 17:44:53.109  2463  5121 I AppsFilter: interaction: PackageSetting{289a593 io.github.ylimit.droidbotapp/10351} -> PackageSetting{ee3d817 com.smile.gifmaker/10339} BLOCKED
07-29 17:44:53.109  2463  5121 I AppsFilter: interaction: PackageSetting{289a593 io.github.ylimit.droidbotapp/10351} -> PackageSetting{d1ebbf2 com.android.internal.systemui.navbar.gestural/10052} BLOCKED
07-29 17:44:53.109  2463  5121 I AppsFilter: interaction: PackageSetting{289a593 io.github.ylimit.droidbotapp/10351} -> PackageSetting{ba43404 ru.mail.mailapp/10321} BLOCKED
07-29 17:44:53.109  2463  5121 I AppsFilter: interaction: PackageSetting{289a593 io.github.ylimit.droidbotapp/10351} -> PackageSetting{bdb8ded com.google.android.apps.youtube.music/10318} BLOCKED
07-29 17:44:53.109  2463  5121 I AppsFilter: interaction: PackageSetting{289a593 io.github.ylimit.droidbotapp/10351} -> PackageSetting{407d422 com.android.bluetoothmidiservice/10104} BLOCKED
07-29 17:44:53.109  2463  5121 I AppsFilter: interaction: PackageSetting{289a593 io.github.ylimit.droidbotapp/10351} -> PackageSetting{e43deb3 com.jijia.jjweather/10336} BLOCKED
07-29 17:44:53.109  2463  5121 I AppsFilter: interaction: PackageSetting{289a593 io.github.ylimit.droidbotapp/10351} -> PackageSetting{2328c70 com.ebay.mobile/10291} BLOCKED
07-29 17:44:53.109  2463  5121 I AppsFilter: interaction: PackageSetting{289a593 io.github.ylimit.droidbotapp/10351} -> PackageSetting{4f01be9 com.google.android.apps.magazines/10315} BLOCKED
07-29 17:44:53.109  2463  5121 I AppsFilter: interaction: PackageSetting{289a593 io.github.ylimit.droidbotapp/10351} -> PackageSetting{65084b5 com.qualcomm.qti.server.wigig.tethering.rro/10229} BLOCKED
07-29 17:44:53.109  2463  5121 I AppsFilter: interaction: PackageSetting{289a593 io.github.ylimit.droidbotapp/10351} -> PackageSetting{1f3106e com.sina.news/10314} BLOCKED
07-29 17:44:53.109  2463  5121 I AppsFilter: interaction: PackageSetting{289a593 io.github.ylimit.droidbotapp/10351} -> PackageSetting{693b30f tv.danmaku.bili/10326} BLOCKED
07-29 17:44:53.109  2463  5121 I AppsFilter: interaction: PackageSetting{289a593 io.github.ylimit.droidbotapp/10351} -> PackageSetting{a0bff9c com.android.captiveportallogin/10106} BLOCKED
07-29 17:44:53.109  2463  5121 I AppsFilter: interaction: PackageSetting{289a593 io.github.ylimit.droidbotapp/10351} -> PackageSetting{da58da5 com.microsoft.todos/10293} BLOCKED
07-29 17:44:53.109  2463  5121 I AppsFilter: interaction: PackageSetting{289a593 io.github.ylimit.droidbotapp/10351} -> PackageSetting{343c57a com.miui.core/10194} BLOCKED
07-29 17:44:53.113  2463  6119 W ActivityManager: Permission Denial: getCurrentUser() from pid=20805, uid=10351 requires android.permission.INTERACT_ACROSS_USERS
07-29 17:44:53.114 20805 20805 W libc    : Access denied finding property "vendor.boostfwk.frameprefetcher"
07-29 17:44:53.114 20805 20994 E FramePredict: registerContentObserver fail
07-29 17:44:53.114 20805 20805 W libc    : Access denied finding property "ro.vendor.df.effect.conflict"
07-29 17:44:53.109 20805 20805 W mit.droidbotapp: type=1400 audit(0.0:11042): avc:  denied  { read } for  name="u:object_r:vendor_displayfeature_prop:s0" dev="tmpfs" ino=478 scontext=u:r:untrusted_app_32:s0:c95,c257,c512,c768 tcontext=u:object_r:vendor_displayfeature_prop:s0 tclass=file permissive=0 app=io.github.ylimit.droidbotapp
07-29 17:44:53.132 20805 20805 I ViewRootImpl: InputMethod use first frame acceleration
07-29 17:44:53.134  3117  3117 I adbd    : in ShellService: getprop ro.secure
07-29 17:44:53.135  2463  5121 I SmartPower: io.github.ylimit.droidbotapp/10351(20805): background->visible(891ms) R(become visible) adj=200.
07-29 17:44:53.154 20805 20805 I Choreographer: first vsync insert message into MessageQueue Head
07-29 17:44:53.162  4497  4497 I HandWritingStubImpl: getCurrentKeyboardType: 1
07-29 17:44:53.169  2740 20942 I Market-DownloadLimitSpeedManager: stopLimitSpeed
07-29 17:44:53.169  2740 20942 I Market-LimitSpeedManager: stopLimitSpeedNow() =========== 
