07-29 17:44:57.737  2463  2530 I SmartPower: android.process.acore/10083(6721): idle->background(2137ms) R(broadcast start Intent { act=android.intent.action.PACKAGE_ADDED dat=package: flg=0x4000010 (has extras) }) adj=905.
07-29 17:44:57.739  2463  2530 I SmartPower: com.mfashiongallery.emag/10262(8261): idle->background(2139ms) R(broadcast start Intent { act=android.intent.action.PACKAGE_ADDED dat=package: flg=0x4000010 (has extras) }) adj=905.
07-29 17:44:57.740 12230 12348 I Ad      : isPersonalizedAdEnabled getAdSettings: 1
07-29 17:44:57.741  7989  7989 I PackageInstallReceiver: action = android.intent.action.PACKAGE_ADDED packageName = co.feeld
07-29 17:44:57.741  7989  7989 I PackageInstallReceiver: action = android.intent.action.PACKAGE_CHANGED packageName = co.feeld
07-29 17:44:57.741  7989  7989 I ServiceDeliveryCapability: onAppChanged:co.feeld action:android.intent.action.PACKAGE_ADDED
07-29 17:44:57.741  7989  7989 W InstalledPackagesMemoryCache: Unknown action: android.intent.action.PACKAGE_CHANGED
07-29 17:44:57.741  7989  7989 I ServiceDeliveryCapability: onAppChanged:co.feeld action:android.intent.action.PACKAGE_CHANGED
07-29 17:44:57.742  7989  7989 I AppWidgetDelegate: updateAppWidgets for co.feeld
07-29 17:44:57.742  7989  7989 I WidgetController: WidgetController.updateOrRemoveStackWhenPackageChanged: packageName co.feeld
07-29 17:44:57.742  7989  7989 I WidgetBackgroundBlurManager: onAppChanged appPackageName : co.feeld
07-29 17:44:57.742  2463  2530 I SmartPower: com.miui.voiceassist:core/10193(7664): idle->background(2141ms) R(broadcast start Intent { act=android.intent.action.PACKAGE_ADDED dat=package: flg=0x4000010 (has extras) }) adj=100.
07-29 17:44:57.743  7989  8659 I AppWidgetDelegate: removeAllWidgets com.xiaomi.misettings.usagestats.widget.desktop.widget.SimpleUsageStatsWidget
07-29 17:44:57.743  7989  8659 I AppWidgetDelegate: removeAllWidgets com.android.calendar.widget.NearEventAppWidget
07-29 17:44:57.743  7664  7664 I VA_AiConn:ApkConstants: isPhoneCarLinkApp packageName=co.feeld
07-29 17:44:57.743  7664  8670 I VA_AliveCore:AbsCoreManager: msg.what = 1003
07-29 17:44:57.744  2463  5529 W ParceledListSlice: Element #232 is 19012 bytes.
07-29 17:44:57.745 29672 20866 I Finsky  : [1717] pcp.accept(129): Wrote row to frosting DB: 1293
07-29 17:44:57.745  7664  8670 E VA_AliveCore:CoreManager: bind thread:id=281;name=CoreAssistInteraction
07-29 17:44:57.745  7664  8670 E VA_AliveCore:CoreManager: not target app
07-29 17:44:57.746  7664  8670 E VA_AliveCore:CoreManager: not target app
07-29 17:44:57.746  7664  8670 I VA_AliveCore:CoreManager: bindAliveServiceApps:com.miui.voicetrigger
07-29 17:44:57.746 29672 29672 I Finsky  : [2] adpc.f(9): Clearing split related stale data.
07-29 17:44:57.747  7664  8670 I VA_AliveCore:CoreManager: bindAliveServiceApps: services:[ResolveInfo{48d3ace com.miui.voicetrigger/.VoiceTriggerService m=0x108000 userHandle=null}]
07-29 17:44:57.748  7664  8670 W VA_AliveConnection: startBind
07-29 17:44:57.748  7664  8670 I VA_AliveConnection: begin unregister
07-29 17:44:57.748  7664  8670 I VA_AliveConnection: begin register
07-29 17:44:57.750  2463  2530 I SmartPower: com.xiaomi.aicr:actionprovider/10127(12677): idle->background(2149ms) R(broadcast start Intent { act=android.intent.action.PACKAGE_ADDED dat=package: flg=0x4000010 (has extras) }) adj=915.
07-29 17:44:57.750  2463  2530 I SmartPower: android.process.mediaUI/10261(13434): idle->background(2148ms) R(broadcast start Intent { act=android.intent.action.PACKAGE_ADDED dat=package: flg=0x4000010 (has extras) }) adj=905.
07-29 17:44:57.750  7664  8670 I VA_AliveConnection: begin unregister
07-29 17:44:57.750  2463  2530 I SmartPower: com.miui.gallery/10271(13242): idle->background(2149ms) R(broadcast start Intent { act=android.intent.action.PACKAGE_ADDED dat=package: flg=0x4000010 (has extras) }) adj=905.
07-29 17:44:57.751  7664  8670 I VA_AliveConnection: begin register
07-29 17:44:57.751 29672 29672 I Finsky  : [2] akwu.c(44): Do not start WearSupportService due to Wear service optimization
07-29 17:44:57.751 29672 29672 I Finsky  : [2] srb.akj(13): DTU: Received onPackageAdded, replacing: false
07-29 17:44:57.752  2463 15445 W ParceledListSlice: Element #361 is 25752 bytes.
07-29 17:44:57.752 29672 29672 I Finsky  : [2] kuy.f(9): AIM: AppInfoCacheUpdater -> invalidating apps: [co.feeld]
07-29 17:44:57.752  7664  8670 W VA_AliveConnection: voicetrigger process isn't running
07-29 17:44:57.752 29672 29672 I Finsky  : [2] kvn.g(21): AIM: AppInfoManager-Perf > getApps > called for 1 apps
07-29 17:44:57.752  2463  2530 I SmartPower: com.google.android.documentsui/10100(21132): idle->background(2150ms) R(broadcast start Intent { act=android.intent.action.PACKAGE_ADDED dat=package: flg=0x4000010 (has extras) }) adj=905.
07-29 17:44:57.752  2463  2530 I SmartPower: com.microsoft.emmx/10311(21222): idle->background(2151ms) R(broadcast start Intent { act=android.intent.action.PACKAGE_ADDED dat=package: flg=0x4000010 (has extras) }) adj=975.
07-29 17:44:57.752  2463  2530 I SmartPower: com.milink.crossdeviceservice/10178(27042): idle->background(2150ms) R(broadcast start Intent { act=android.intent.action.PACKAGE_ADDED dat=package: flg=0x4000010 (has extras) }) adj=905.
07-29 17:44:57.752 29672 29717 I Finsky  : [1507] kwt.a(55): AIM: AppInfoManager-Perf > OnDeviceAppInfo > cacheHitCount=0, cacheMissCount=1. Missed  in cache (limit 10) : [co.feeld]
07-29 17:44:57.753  2463  2530 I SmartPower: com.milink.service:audio/10178(19382): idle->background(2150ms) R(broadcast start Intent { act=android.intent.action.PACKAGE_ADDED dat=package: flg=0x4000010 (has extras) }) adj=200.
07-29 17:44:57.753  2463  2530 I SmartPower: com.xiaomi.market/10167(2740): idle->background(2150ms) R(broadcast start Intent { act=android.intent.action.PACKAGE_ADDED dat=package: flg=0x4000010 (has extras) }) adj=905.
07-29 17:44:57.753  2463  2530 W BroadcastQueue: Greezer Denial: sending Intent { act=android.intent.action.PACKAGE_ADDED dat=package: flg=0x4000010 (has extras) }, action: android.intent.action.PACKAGE_ADDED from null (uid=1000) due to receiver ProcessRecord{f2b2383 7919:com.instagram.android/u0a289} (uid 10289) need cached broadcast
07-29 17:44:57.753 29672 29721 I Finsky  : [1511] kuq.apply(1378): AIM: Got app ownership map. App counts: . Unique apps: 0
07-29 17:44:57.754  2740  2988 I com.xiaomi.market:new_milink:SafeBroadcastReceiver: a perform cost 0
07-29 17:44:57.754  2740  3018 I com.xiaomi.market:new_milink:SafeBroadcastReceiver: a perform cost 0
07-29 17:44:57.754 20584 21777 I artd    : Dex parent of /data/app/~~TshCAqDwQDuqcofT_IvrRw==/co.feeld-xRx9JREIJ3AUwZRjxO3aiw==/base.apk is not writable: Permission denied
07-29 17:44:57.754 20584 21777 I artd    : GetBestInfo checking odex in dalvik-cache (/data/dalvik-cache/arm64/data@app@~~TshCAqDwQDuqcofT_IvrRw==@co.feeld-xRx9JREIJ3AUwZRjxO3aiw==@base.apk@classes.dex)
07-29 17:44:57.754 20584 21777 I artd    : Loading /data/dalvik-cache/arm64/data@app@~~TshCAqDwQDuqcofT_IvrRw==@co.feeld-xRx9JREIJ3AUwZRjxO3aiw==@base.apk@classes.dex with executable: 0
07-29 17:44:57.754 20584 21777 I artd    : OatFileAssistant test for existing oat file /data/dalvik-cache/arm64/data@app@~~TshCAqDwQDuqcofT_IvrRw==@co.feeld-xRx9JREIJ3AUwZRjxO3aiw==@base.apk@classes.dex: File /data/dalvik-cache/arm64/data@app@~~TshCAqDwQDuqcofT_IvrRw==@co.feeld-xRx9JREIJ3AUwZRjxO3aiw==@base.apk@classes.vdex does not exist.
07-29 17:44:57.754 20584 21777 I artd    : GetBestInfo checking odex next to the dex file (/data/app/~~TshCAqDwQDuqcofT_IvrRw==/co.feeld-xRx9JREIJ3AUwZRjxO3aiw==/oat/arm64/base.odex)
07-29 17:44:57.754 20584 21777 I artd    : Loading /data/app/~~TshCAqDwQDuqcofT_IvrRw==/co.feeld-xRx9JREIJ3AUwZRjxO3aiw==/oat/arm64/base.odex with executable: 0
07-29 17:44:57.754  2740 20948 I Market-PackageMonitor: [Download/Install] onReceive: android.intent.action.PACKAGE_ADDED, pkg: co.feeld
07-29 17:44:57.755 20584 21777 I artd    : Successfully loaded /data/app/~~TshCAqDwQDuqcofT_IvrRw==/co.feeld-xRx9JREIJ3AUwZRjxO3aiw==/oat/arm64/base.odex with executable: 0
07-29 17:44:57.755  7664  8670 I VA_AliveCore:AliveReport: saveStatusTimeToReportDB serviceName: com.miui.voicetrigger Time: 1753782297752 BootOn: true settingOn: false appOn: false
07-29 17:44:57.755 20584 21777 I artd    : /data/app/~~TshCAqDwQDuqcofT_IvrRw==/co.feeld-xRx9JREIJ3AUwZRjxO3aiw==/oat/arm64/base.odex is kOatUpToDate with filter verify
07-29 17:44:57.756  2740 20948 I Market-LocalAppManager: add package to list: co.feeld
07-29 17:44:57.757 31076 20896 I Fitness : (REDACTED) OnPackageChangedOperation got intent: %s
07-29 17:44:57.758 29672 29721 I Finsky  : [1511] kwt.a(55): AIM: AppInfoManager-Perf > OnDeviceAppInfo > cacheHitCount=0, cacheMissCount=1. Missed  in cache (limit 10) : [co.feeld]
07-29 17:44:57.758 29672 29721 I Finsky  : [1511] kuq.apply(1378): AIM: Got app ownership map. App counts: . Unique apps: 0
07-29 17:44:57.758 29672 20925 I Finsky  : [1724] mjw.ajf(151): [ContentSync] finished, scheduled=false
07-29 17:44:57.759 18384 18411 I auth    : [XMS][Auth] updatePackageInfos in db cnt: 1
07-29 17:44:57.760 29672 20866 I Finsky  : [1717] pcp.accept(129): Wrote row to frosting DB: 1294
07-29 17:44:57.762  2740  7876 I Market-LocalAppManager: checkUpdateFromServer : start
07-29 17:44:57.762  2740  7876 I Market-LocalAppManager: getUpdateInfoFromServer : start,isBackground=true
07-29 17:44:57.765 29672 29717 I Finsky  : [1507] kwp.a(206): AIM: AppInfoManager-Perf > ItemModel > CacheSize=34, cacheHitCount=0, cacheMissCount=0, total appsWithNoServerDataCount=4. Missed  in cache (limit 10) : []
07-29 17:44:57.766  2740  7876 I Market-LocalAppManager: getUpdateInfoFromServer : middle
07-29 17:44:57.766  2740  7876 E Market-Client: isSupportChildMode, error: java.lang.NumberFormatException: For input string: ""
07-29 17:44:57.768 29672 29672 I Finsky  : [2] yag.g(1): yag - Received: android.intent.action.PACKAGE_CHANGED, [G2q4ovKb_nEVH1is03Zn1uZ2CnjLz9tJUwK4_Bk8fJs]
07-29 17:44:57.770  2463  2530 I SmartPower: com.xiaomi.market:widgetProvider/10167(21353): idle->background(2168ms) R(broadcast start Intent { act=com.xiaomi.market.APP_STATUS_CHANGED flg=0x30 cmp=com.xiaomi.market/.business_ui.widget.NewGameWidgetProvider (has extras) }) adj=905.
07-29 17:44:57.770 29672 29721 I Finsky  : [1511] kwp.a(206): AIM: AppInfoManager-Perf > ItemModel > CacheSize=34, cacheHitCount=0, cacheMissCount=0, total appsWithNoServerDataCount=4. Missed  in cache (limit 10) : []
07-29 17:44:57.771  3118  3260 I VA_AliveCore:ContentObserver: onChange uri = [content://com.xiaomi.assist.report/aliveStatus]
07-29 17:44:57.771  3118 20889 I VA_AliveCore:AliveStatusUploader: queryAliveItem start ,debug false
07-29 17:44:57.771  3118 20889 I VA_AliveCore:AliveStatusUploader: queryAliveItem end ,too often 
07-29 17:44:57.772 21353 21353 I Market-BaseWidgetProvider: BaseWidgetProvider action:com.xiaomi.market.APP_STATUS_CHANGED
07-29 17:44:57.772 21353 21353 I Market-newGameWidgetProvider: newGameWidgetProvider action: com.xiaomi.market.APP_STATUS_CHANGED
07-29 17:44:57.773 29672 20866 I Finsky  : [1717] pcp.accept(129): Wrote row to frosting DB: 1295
07-29 17:44:57.774  2463  4205 I MiuiNetworkPolicy: updateUidState uid = 10261, uidState = 10
07-29 17:44:57.774  2463  4205 I MiuiNetworkPolicy: updateUidState uid = 10158, uidState = 10
07-29 17:44:57.774  7664  8670 W VA_AliveConnection: service don't need bind
07-29 17:44:57.775  7664  8670 W VA_AliveConnection: unLinkService:ComponentInfo{com.miui.voicetrigger/com.miui.voicetrigger.VoiceTriggerService}
07-29 17:44:57.775  7664  8670 W VA_AliveConnection: service does not bind now. ComponentInfo{com.miui.voicetrigger/com.miui.voicetrigger.VoiceTriggerService}
07-29 17:44:57.776  2740  7876 I Market-RetrofitRequest: callStart : https://updateinfo.market.xiaomi.com/apm/updateinfo/v2
07-29 17:44:57.777  2740  2740 I Market-ServiceUtils: startForeground: CheckUpdateService
07-29 17:44:57.779 29672 29672 I Finsky  : [2] kuy.f(9): AIM: AppInfoCacheUpdater -> invalidating apps: [co.feeld]
07-29 17:44:57.779 29672 29672 I Finsky  : [2] kvn.g(21): AIM: AppInfoManager-Perf > getApps > called for 1 apps
07-29 17:44:57.780 29672 29721 I Finsky  : [1511] kwt.a(55): AIM: AppInfoManager-Perf > OnDeviceAppInfo > cacheHitCount=0, cacheMissCount=1. Missed  in cache (limit 10) : [co.feeld]
07-29 17:44:57.781  7910 11395 W SQLiteLog: (28) double-quoted string literal: "co.feeld"
07-29 17:44:57.781 29672 29731 I Finsky  : [1519] kuq.apply(1378): AIM: Got app ownership map. App counts: . Unique apps: 0
07-29 17:44:57.782 29672 29731 I Finsky  : [1519] kwt.a(55): AIM: AppInfoManager-Perf > OnDeviceAppInfo > cacheHitCount=1, cacheMissCount=0. Missed  in cache (limit 10) : []
07-29 17:44:57.782 31076 21288 I ProximityAuth: [RecentAppsMediator] Package added: (user=UserHandle{0}) co.feeld
07-29 17:44:57.782  2463  5065 W ActivityManager: Foreground service started from background can not have location/camera/microphone access: service com.xiaomi.market/.business_core.update.auto.CheckUpdateService
07-29 17:44:57.782  2463  5065 I ActivityManager: Background started FGS: Allowed [callingPackage: com.xiaomi.market; callingUid: 10167; uidState: SVC ; uidBFSL: n/a; intent: Intent { cmp=com.xiaomi.market/.business_core.update.auto.CheckUpdateService (has extras) }; code:SYSTEM_ALERT_WINDOW_PERMISSION; tempAllowListReason:<,reasonCode:SYSTEM_ALLOW_LISTED,duration:9223372036854775807,callingUid:-1>; targetSdkVersion:33; callerTargetSdkVersion:33; startForegroundCount:0; bindFromPackage:null: isBindService:false]
07-29 17:44:57.782 20584 21777 I artd    : Dex parent of /data/app/~~TshCAqDwQDuqcofT_IvrRw==/co.feeld-xRx9JREIJ3AUwZRjxO3aiw==/base.apk is not writable: Permission denied
07-29 17:44:57.782 20584 21777 I artd    : GetBestInfo checking odex in dalvik-cache (/data/dalvik-cache/arm64/data@app@~~TshCAqDwQDuqcofT_IvrRw==@co.feeld-xRx9JREIJ3AUwZRjxO3aiw==@base.apk@classes.dex)
07-29 17:44:57.782 20584 21777 I artd    : Loading /data/dalvik-cache/arm64/data@app@~~TshCAqDwQDuqcofT_IvrRw==@co.feeld-xRx9JREIJ3AUwZRjxO3aiw==@base.apk@classes.dex with executable: 0
07-29 17:44:57.782 20584 21777 I artd    : OatFileAssistant test for existing oat file /data/dalvik-cache/arm64/data@app@~~TshCAqDwQDuqcofT_IvrRw==@co.feeld-xRx9JREIJ3AUwZRjxO3aiw==@base.apk@classes.dex: File /data/dalvik-cache/arm64/data@app@~~TshCAqDwQDuqcofT_IvrRw==@co.feeld-xRx9JREIJ3AUwZRjxO3aiw==@base.apk@classes.vdex does not exist.
07-29 17:44:57.782 20584 21777 I artd    : GetBestInfo checking odex next to the dex file (/data/app/~~TshCAqDwQDuqcofT_IvrRw==/co.feeld-xRx9JREIJ3AUwZRjxO3aiw==/oat/arm64/base.odex)
07-29 17:44:57.782 20584 21777 I artd    : Loading /data/app/~~TshCAqDwQDuqcofT_IvrRw==/co.feeld-xRx9JREIJ3AUwZRjxO3aiw==/oat/arm64/base.odex with executable: 0
07-29 17:44:57.783 29672 29735 I Finsky  : [1522] kuq.apply(1378): AIM: Got app ownership map. App counts: . Unique apps: 0
07-29 17:44:57.783  2463  5065 W ForegroundServiceTypeLoggerModule: Foreground service start for UID: 10167 does not have any types
07-29 17:44:57.783 31076 21243 W GCM     : Unexpected forwarded intent: Intent { act=android.intent.action.PACKAGE_ADDED dat=package: flg=0x4000010 pkg=com.google.android.gms cmp=com.google.android.gms/.chimera.PersistentIntentOperationService (has extras) }
07-29 17:44:57.782  1839  7237 E ANDR-PERF-LM: MetaMeter: handleAsync() 166: AdaptLaunch Invalid Async
07-29 17:44:57.783 20584 21777 I artd    : Successfully loaded /data/app/~~TshCAqDwQDuqcofT_IvrRw==/co.feeld-xRx9JREIJ3AUwZRjxO3aiw==/oat/arm64/base.odex with executable: 0
07-29 17:44:57.783  1827  2108 I SDM     : DisplayBase::CommitThread: Received idle timeout, panel: cmd, timeout: 70000 us
07-29 17:44:57.783 20584 21777 I artd    : /data/app/~~TshCAqDwQDuqcofT_IvrRw==/co.feeld-xRx9JREIJ3AUwZRjxO3aiw==/oat/arm64/base.odex is kOatUpToDate with filter verify
07-29 17:44:57.784 31105  9363 W Conscrypt: Could not set socket write timeout: java.net.SocketException: Socket closed
07-29 17:44:57.784 31105  9363 W Conscrypt: 	at com.google.android.gms.org.conscrypt.Platform.setSocketWriteTimeout(:com.google.android.gms@252834035@25.28.34 (260400-787197649):204)
07-29 17:44:57.784 31105  9363 W Conscrypt: 	at com.google.android.gms.org.conscrypt.ConscryptFileDescriptorSocket.setSoWriteTimeout(:com.google.android.gms@252834035@25.28.34 (260400-787197649):4)
07-29 17:44:57.785  2463  4205 I MiuiNetworkPolicy: updateUidState uid = 10261, uidState = 4
07-29 17:44:57.785 31076 21243 W NetworkScheduler: Unexpected forwarded intent: Intent { act=android.intent.action.PACKAGE_ADDED dat=package: flg=0x4000010 pkg=com.google.android.gms cmp=com.google.android.gms/.chimera.PersistentIntentOperationService (has extras) }
07-29 17:44:57.786  2463  4205 I MiuiNetworkPolicyTrafficLimit: updateWhiteListUidForMobileTraffic uid=10261,add=true
07-29 17:44:57.786  2463  4205 I MiuiNetworkPolicy: updateUidState uid = 10203, uidState = 4
07-29 17:44:57.786  2463  4205 I MiuiNetworkPolicy: updateUidState uid = 10167, uidState = 4
07-29 17:44:57.786  2463  4205 I MiuiNetworkPolicyTrafficLimit: updateWhiteListUidForMobileTraffic uid=10167,add=true
07-29 17:44:57.786  2463  4205 I MiuiNetworkPolicy: updateUidState uid = 10158, uidState = 4
07-29 17:44:57.787  2463  4205 I MiuiNetworkPolicyTrafficLimit: updateWhiteListUidForMobileTraffic uid=10158,add=true
07-29 17:44:57.787 20584 31242 I artd    : Dex parent of /data/app/~~TshCAqDwQDuqcofT_IvrRw==/co.feeld-xRx9JREIJ3AUwZRjxO3aiw==/base.apk is not writable: Permission denied
07-29 17:44:57.787 20584 31242 I artd    : GetBestInfo checking odex in dalvik-cache (/data/dalvik-cache/arm64/data@app@~~TshCAqDwQDuqcofT_IvrRw==@co.feeld-xRx9JREIJ3AUwZRjxO3aiw==@base.apk@classes.dex)
07-29 17:44:57.787 20584 31242 I artd    : Loading /data/dalvik-cache/arm64/data@app@~~TshCAqDwQDuqcofT_IvrRw==@co.feeld-xRx9JREIJ3AUwZRjxO3aiw==@base.apk@classes.dex with executable: 0
07-29 17:44:57.787 20584 31242 I artd    : OatFileAssistant test for existing oat file /data/dalvik-cache/arm64/data@app@~~TshCAqDwQDuqcofT_IvrRw==@co.feeld-xRx9JREIJ3AUwZRjxO3aiw==@base.apk@classes.dex: File /data/dalvik-cache/arm64/data@app@~~TshCAqDwQDuqcofT_IvrRw==@co.feeld-xRx9JREIJ3AUwZRjxO3aiw==@base.apk@classes.vdex does not exist.
07-29 17:44:57.787 20584 31242 I artd    : GetBestInfo checking odex next to the dex file (/data/app/~~TshCAqDwQDuqcofT_IvrRw==/co.feeld-xRx9JREIJ3AUwZRjxO3aiw==/oat/arm64/base.odex)
07-29 17:44:57.787 20584 31242 I artd    : Loading /data/app/~~TshCAqDwQDuqcofT_IvrRw==/co.feeld-xRx9JREIJ3AUwZRjxO3aiw==/oat/arm64/base.odex with executable: 0
07-29 17:44:57.788 20584 31242 I artd    : Successfully loaded /data/app/~~TshCAqDwQDuqcofT_IvrRw==/co.feeld-xRx9JREIJ3AUwZRjxO3aiw==/oat/arm64/base.odex with executable: 0
07-29 17:44:57.788 20584 31242 I artd    : /data/app/~~TshCAqDwQDuqcofT_IvrRw==/co.feeld-xRx9JREIJ3AUwZRjxO3aiw==/oat/arm64/base.odex is kOatUpToDate with filter verify
07-29 17:44:57.789 29672 20866 I Finsky  : [1717] pcp.accept(129): Wrote row to frosting DB: 1296
07-29 17:44:57.790  2740  7876 I Market-RetrofitRequest: HeaderInterceptor : https://updateinfo.market.xiaomi.com/apm/updateinfo/v2
07-29 17:44:57.791  2740  7876 E Market-Client: isSupportChildMode, error: java.lang.NumberFormatException: For input string: ""
07-29 17:44:57.791  2740  7876 E Market-Client: isSupportChildMode, error: java.lang.NumberFormatException: For input string: ""
07-29 17:44:57.792 31105 21283 I Auth    : (REDACTED) [SupervisedAccountIntentOperationV2] onHandleIntent: %s
07-29 17:44:57.793 31105 21281 I Dck     : (REDACTED) disableDckSupport: %s
07-29 17:44:57.793 31105 21281 I Dck     : [WirelessCapabilitiesFeatures] wccSysProp: 1 [CONTEXT service_id=289 ]
07-29 17:44:57.794 31105 21281 I Dck     : [WirelessCapabilitiesFeatures] wccMendel: 3 [CONTEXT service_id=289 ]
07-29 17:44:57.794 31105 21281 I Dck     : [WirelessCapabilitiesFeatures] deviceWccOverride: false [CONTEXT service_id=289 ]
07-29 17:44:57.794 31105 21281 I Dck     : [WirelessCapabilitiesFeatures] replaceSupportedWccWithWccOverride: true [CONTEXT service_id=289 ]
07-29 17:44:57.794 31105 21281 I Dck     : [WirelessCapabilitiesFeatures] wccOverride: not set [CONTEXT service_id=289 ]
07-29 17:44:57.794 31105 21281 I Dck     : (REDACTED) [WirelessCapabilitiesFeatures] wcc: %s
07-29 17:44:57.794 31105 21281 I Dck     : Dck module condition - downloadAllowed: false [CONTEXT service_id=289 ]
07-29 17:44:57.794 31105 21281 W Dck     : Dck module not eligible for asynchronous downloading [CONTEXT service_id=289 ]
07-29 17:44:57.794  2740 20947 I Market-WakeLockManager: acquire wakeLock: CheckUpdateService for 30000
07-29 17:44:57.797  2740  7876 I Market-LimitSpeedManager: startLimitSpeedNow() ====== speed = 32768
07-29 17:44:57.797 29672 29731 I Finsky  : [1519] jyg.accept(156): AIM: AppInfoManager-Perf > getApps > data collection finished
07-29 17:44:57.797 29672 29731 I Finsky  : [1519] kvo.run(976): AIM: AppInfoManager-Perf > maybeDestroyAppInfoManager is called. actives = 1
07-29 17:44:57.797 29672 29731 I Finsky  : [1519] kwp.a(206): AIM: AppInfoManager-Perf > ItemModel > CacheSize=34, cacheHitCount=0, cacheMissCount=0, total appsWithNoServerDataCount=4. Missed  in cache (limit 10) : []
07-29 17:44:57.798 29672 29731 I Finsky  : [1519] kwp.a(206): AIM: AppInfoManager-Perf > ItemModel > CacheSize=34, cacheHitCount=0, cacheMissCount=0, total appsWithNoServerDataCount=4. Missed  in cache (limit 10) : []
07-29 17:44:57.800  2740 20947 I Market-CheckUpdateService: force check Update Apps
07-29 17:44:57.800  2740 20947 I Market-LocalAppManager: query update apps from server : begin
07-29 17:44:57.800  2740 20947 I Market-LocalAppManager: checkUpdateFromServer : start
07-29 17:44:57.800  2740 20947 I Market-LocalAppManager: getUpdateInfoFromServer : start,isBackground=true
07-29 17:44:57.801 31076 21242 I Fitness : (REDACTED) FitCleanupIntentOperation received Intent %s
07-29 17:44:57.803 31105  9363 I Icing   : Indexing com.google.android.gms-apps from com.google.android.gms
07-29 17:44:57.804  2740  7876 I Market-DownloadLimitSpeedManager: startLimitSpeed success. Total count 1
07-29 17:44:57.804  2740  7876 I Market-RetrofitRequest: HeaderInterceptor : https://updateinfo.market.xiaomi.com/apm/updateinfo/v2
07-29 17:44:57.805  1844  1844 I vendor.qti.hardware.servicetrackeraidl-service: bindService is called for service : com.miui.cleanmaster/androidx.work.impl.background.systemjob.SystemJobService and for client system
07-29 17:44:57.805  1844  1844 I vendor.qti.hardware.servicetrackeraidl-service: total connections for service : com.miui.cleanmaster/androidx.work.impl.background.systemjob.SystemJobServiceare :1
07-29 17:44:57.805  1844  1844 I vendor.qti.hardware.servicetrackeraidl-service: total connections for client : systemare :32
07-29 17:44:57.805  2463  4205 I MiuiNetworkPolicy: updateUidState uid = 10266, uidState = 8
07-29 17:44:57.808 29672 29731 I Finsky  : [1519] jyg.accept(156): AIM: AppInfoManager-Perf > getApps > data collection finished
07-29 17:44:57.808  2463  4404 I whetstone.activity: processNotifyEvent1 resId = 256, bundle = Bundle[{startTime=8136127, sourcePkg=com.miui.cleanmaster, sourceUid=10266, status=1, jobId=258, batteryName=com.miui.cleanmaster/androidx.work.impl.background.systemjob.SystemJobService, elapsedRealtime=8136127}]
07-29 17:44:57.808 29672 29731 I Finsky  : [1519] kvo.run(976): AIM: AppInfoManager-Perf > maybeDestroyAppInfoManager is called. actives = 0
07-29 17:44:57.809  9339  2808 I EventMonitor: notifyEvent resId=256
07-29 17:44:57.814 31105  9363 I Icing   : Indexing done com.google.android.gms-apps
07-29 17:44:57.815 31105  9363 I Icing   : Indexing com.google.android.gms-apps from com.google.android.gms
07-29 17:44:57.815 31105  9363 I Icing   : Indexing done com.google.android.gms-apps
07-29 17:44:57.817 21077 20660 I WM-WorkerWrapper: Worker result SUCCESS for Work [ id=38d8712a-8e46-41f2-8d37-5566c26d3c00, tags={ com.miui.optimizecenter.common.appcache.AppCacheManager$Companion$AppChangedReceiverWork } ]
07-29 17:44:57.817  1844  1844 I vendor.qti.hardware.servicetrackeraidl-service: destroyService is called for service : com.google.android.gms/.icing.service.IndexWorkerService
07-29 17:44:57.819  1844  1844 I vendor.qti.hardware.servicetrackeraidl-service: destroyService is called for service : com.google.android.gms/.fitness.service.recording.FitRecordingBroker
07-29 17:44:57.821 31076 21288 I Fitness : (REDACTED) OnPackageChangedOperation got intent: %s
07-29 17:44:57.823  2463  4404 I whetstone.activity: processNotifyEvent1 resId = 256, bundle = Bundle[{startTime=8136142, sourcePkg=com.miui.cleanmaster, sourceUid=10266, status=0, jobId=258, batteryName=com.miui.cleanmaster/androidx.work.impl.background.systemjob.SystemJobService, elapsedRealtime=8136142}]
07-29 17:44:57.824  9339  2808 I EventMonitor: notifyEvent resId=256
07-29 17:44:57.825  1844  1844 I vendor.qti.hardware.servicetrackeraidl-service: unbindService is called for service : com.miui.cleanmaster/androidx.work.impl.background.systemjob.SystemJobService and for client system
07-29 17:44:57.825  1844  1844 I vendor.qti.hardware.servicetrackeraidl-service: size of service connections for service: com.miui.cleanmaster/androidx.work.impl.background.systemjob.SystemJobServiceafter removal is 0
07-29 17:44:57.825  1844  1844 I vendor.qti.hardware.servicetrackeraidl-service: size of client connections for client: systemafter removal is 31
07-29 17:44:57.826  1844  1844 I vendor.qti.hardware.servicetrackeraidl-service: destroyService is called for service : com.miui.cleanmaster/androidx.work.impl.background.systemjob.SystemJobService
07-29 17:44:57.826  2463  4205 I MiuiNetworkPolicy: updateUidState uid = 10266, uidState = 10
07-29 17:44:57.827  2463  5459 W JobScheduler: Job didn't exist in JobStore: 
07-29 17:44:57.827  2463  5459 W SSRU-ResourceUsageProxy: Nonexistent ongoing transaction JHR:258 for u:0 pkg:com.miui.cleanmaster ended
07-29 17:44:57.829  2463  4205 I MiuiNetworkPolicy: updateUidState uid = 10266, uidState = 19
07-29 17:44:57.829  1844  1844 I vendor.qti.hardware.servicetrackeraidl-service: destroyService is called for service : com.google.android.gms/.fitness.service.recording.FitRecordingBroker
07-29 17:44:57.831 31076 20911 I Fitness : (REDACTED) FitCleanupIntentOperation received Intent %s
07-29 17:44:57.833 31105 20941 I Icing   : Indexing com.google.android.gms-apps from com.google.android.gms
07-29 17:44:57.839 31105 20941 I Icing   : Indexing done com.google.android.gms-apps
07-29 17:44:57.841  1844  1844 I vendor.qti.hardware.servicetrackeraidl-service: destroyService is called for service : com.google.android.gms/.icing.service.IndexWorkerService
07-29 17:44:57.842  8974  9450 I WakePathUpdatePolicy: doUpdate(user 0):responseCode:200
07-29 17:44:57.842  8974  9450 W WakePathUpdatePolicy: doUpdate(user 0): Response stream size=1408
07-29 17:44:57.844  8974  9450 I WakePathUpdatePolicy: pushWakePathData begin
07-29 17:44:57.845  8974  9450 I com.lbe.security.service.provider.WakePathDatabaseUtil: getWakePathWhiteList: whiteList.size=6
07-29 17:44:57.845  2463  5121 I WakePathChecker: MIUILOG-WAKEPATH pushWakePathWhiteList: userId=0 size=6
07-29 17:44:57.845  8974  9450 I com.lbe.security.service.provider.WakePathDatabaseUtil: getWakePathRuleList: wakeType=1 wakePathRules.size=3
07-29 17:44:57.846  2463 15445 I WakePathChecker: MIUILOG-WAKEPATH pushWakePathRuleInfos: wakeType=1 userId=0 size=3
07-29 17:44:57.846  8974  9450 I com.lbe.security.service.provider.WakePathDatabaseUtil: getWakePathRuleList: wakeType=8 wakePathRules.size=8
07-29 17:44:57.846  2463  5121 I WakePathChecker: MIUILOG-WAKEPATH pushWakePathRuleInfos: wakeType=8 userId=0 size=8
07-29 17:44:57.847  8974  9450 I com.lbe.security.service.provider.WakePathDatabaseUtil: getWakePathRuleList: wakeType=4 wakePathRules.size=4
07-29 17:44:57.847  2463  5121 I WakePathChecker: MIUILOG-WAKEPATH pushWakePathRuleInfos: wakeType=4 userId=0 size=4
07-29 17:44:57.847  8974  9450 I com.lbe.security.service.provider.WakePathDatabaseUtil: getWakePathRuleList: wakeType=2 wakePathRules.size=1
07-29 17:44:57.847  2463  5121 I WakePathChecker: MIUILOG-WAKEPATH pushWakePathRuleInfos: wakeType=2 userId=0 size=1
07-29 17:44:57.847  8974  9450 I com.lbe.security.service.provider.WakePathDatabaseUtil: getWakePathRuleList: wakeType=17 wakePathRules.size=0
07-29 17:44:57.848  2463  5121 I WakePathChecker: MIUILOG-WAKEPATH pushWakePathRuleInfos: wakeType=17 userId=0 size=0
07-29 17:44:57.848  8974  9450 I com.lbe.security.service.provider.WakePathDatabaseUtil: getWakePathRuleList: wakeType=32 wakePathRules.size=1
07-29 17:44:57.848  2463  5121 I WakePathChecker: MIUILOG-WAKEPATH pushWakePathRuleInfos: wakeType=32 userId=0 size=1
07-29 17:44:57.848  8974  9450 I com.lbe.security.service.provider.WakePathDatabaseUtil: getWakePathRuleList: wakeType=256 wakePathRules.size=8
07-29 17:44:57.848  2463  5065 I WakePathChecker: MIUILOG-WAKEPATH pushWakePathRuleInfos: wakeType=256 userId=0 size=8
07-29 17:44:57.849  8974  9450 I com.lbe.security.service.provider.WakePathDatabaseUtil: getWakePathRuleList: wakeType=128 wakePathRules.size=4
07-29 17:44:57.849  2463  5121 I WakePathChecker: MIUILOG-WAKEPATH pushWakePathRuleInfos: wakeType=128 userId=0 size=4
07-29 17:44:57.849  8974  9450 I com.lbe.security.service.provider.WakePathDatabaseUtil: getWakePathRuleList: wakeType=64 wakePathRules.size=2
07-29 17:44:57.849  2463  5121 I WakePathChecker: MIUILOG-WAKEPATH pushWakePathRuleInfos: wakeType=64 userId=0 size=2
07-29 17:44:57.849  8974  9450 I com.lbe.security.service.provider.WakePathDatabaseUtil: getWakePathRuleList: wakeType=4096 wakePathRules.size=2
07-29 17:44:57.850  2463  5121 I WakePathChecker: MIUILOG-WAKEPATH pushWakePathRuleInfos: wakeType=4096 userId=0 size=2
07-29 17:44:57.850  8974  9450 I com.lbe.security.service.provider.WakePathDatabaseUtil: getWakePathRuleList: wakeType=32768 wakePathRules.size=1
07-29 17:44:57.850  2463  5065 I WakePathChecker: MIUILOG-WAKEPATH pushWakePathRuleInfos: wakeType=32768 userId=0 size=1
07-29 17:44:57.850  8974  9450 I com.lbe.security.service.provider.WakePathDatabaseUtil: getWakePathRuleList: wakeType=8192 wakePathRules.size=5
07-29 17:44:57.850  2463  5065 I WakePathChecker: MIUILOG-WAKEPATH pushWakePathRuleInfos: wakeType=8192 userId=0 size=5
07-29 17:44:57.851  8974  9450 I com.lbe.security.service.provider.WakePathDatabaseUtil: getWakePathRuleList: wakeType=16384 wakePathRules.size=0
07-29 17:44:57.851  2463  5121 I WakePathChecker: MIUILOG-WAKEPATH pushWakePathRuleInfos: wakeType=16384 userId=0 size=0
07-29 17:44:57.851  8974  9450 I com.lbe.security.service.provider.WakePathDatabaseUtil: getWakePathRuleList: wakeType=22 wakePathRules.size=0
07-29 17:44:57.851  2463  5065 I WakePathChecker: MIUILOG-WAKEPATH pushWakePathRuleInfos: wakeType=22 userId=0 size=0
07-29 17:44:57.851  8974  9450 I WakePathUpdatePolicy: pushWakePathData end
07-29 17:44:57.852  8974  9450 I WakePathUpdatePolicy: doUpdate end
07-29 17:44:57.860  2740  7876 I Market-DownloadLimitSpeedManager: stopLimitSpeed
07-29 17:44:57.861  2740  7876 I Market-LimitSpeedManager: stopLimitSpeedNow() =========== 
07-29 17:44:57.862  1827  2752 I vendor.qti.hardware.display.composer-service: Sensor: notify citsensorservice to trigger cwb, misForced = 1
07-29 17:44:57.862  3002  4297 I libsensor-parseRGB: request dump start for mRequestDisplayId 0
07-29 17:44:57.866  2740  7876 I Market-RetrofitRequest: callEnd : https://updateinfo.market.xiaomi.com/apm/updateinfo/v2
07-29 17:44:57.867  2740  7876 I Market-LocalAppManager: getUpdateInfoFromServer : end  , responseCode : OK
07-29 17:44:57.867  2740  7876 I Market-LocalAppManager: checkUpdateFromServer : end
07-29 17:44:57.868  2740  7876 I Market-LocalAppManager: checkUpdateFromServer  data parser : end
07-29 17:44:57.869  2740  7876 I Market-HuanjiManager: condition not satisfied, ignore
07-29 17:44:57.870  2740  7876 I Market-DataParser: [InvalidPackageList] JSON : invalidSystemPackageList list is null
07-29 17:44:57.871  2740  7876 I Market-LocalAppManager: checkUpdateFromServer  filter package : end
07-29 17:44:57.871  2740  7876 I Market-LocalAppManager: checkUpdateFromServer  support64BitPackagesJsonArray : end
07-29 17:44:57.885  3002  6353 E libsensor-parseRGB: CWB NotifyCWBBufferDone  error 0
07-29 17:44:57.909  8974  9450 I WakePathUpdatePolicy: doUpdate(user 0):responseCode:200
07-29 17:44:57.909  8974  9450 W WakePathUpdatePolicy: doUpdate(user 0): Response stream size=1376
07-29 17:44:57.910  2740 20947 I Market-LocalAppManager: getUpdateInfoFromServer : middle
07-29 17:44:57.911  2740 20947 E Market-Client: isSupportChildMode, error: java.lang.NumberFormatException: For input string: ""
07-29 17:44:57.911  8974  9450 I WakePathUpdatePolicy: pushWakePathData begin
07-29 17:44:57.911  8974  9450 I com.lbe.security.service.provider.WakePathDatabaseUtil: getWakePathWhiteList: whiteList.size=6
07-29 17:44:57.912  2463  5121 I WakePathChecker: MIUILOG-WAKEPATH pushWakePathWhiteList: userId=0 size=6
07-29 17:44:57.912  2740 20947 I Market-RetrofitRequest: callStart : https://updateinfo.market.xiaomi.com/apm/updateinfo/v2
07-29 17:44:57.912  8974  9450 I com.lbe.security.service.provider.WakePathDatabaseUtil: getWakePathRuleList: wakeType=1 wakePathRules.size=3
07-29 17:44:57.912  2463  5121 I WakePathChecker: MIUILOG-WAKEPATH pushWakePathRuleInfos: wakeType=1 userId=0 size=3
07-29 17:44:57.913  8974  9450 I com.lbe.security.service.provider.WakePathDatabaseUtil: getWakePathRuleList: wakeType=8 wakePathRules.size=8
07-29 17:44:57.913  2740 20947 I Market-RetrofitRequest: HeaderInterceptor : https://updateinfo.market.xiaomi.com/apm/updateinfo/v2
07-29 17:44:57.913  2463  5121 I WakePathChecker: MIUILOG-WAKEPATH pushWakePathRuleInfos: wakeType=8 userId=0 size=8
07-29 17:44:57.913  8974  9450 I com.lbe.security.service.provider.WakePathDatabaseUtil: getWakePathRuleList: wakeType=4 wakePathRules.size=4
07-29 17:44:57.913  2463 15445 I WakePathChecker: MIUILOG-WAKEPATH pushWakePathRuleInfos: wakeType=4 userId=0 size=4
07-29 17:44:57.913  2740 20947 E Market-Client: isSupportChildMode, error: java.lang.NumberFormatException: For input string: ""
07-29 17:44:57.913  8974  9450 I com.lbe.security.service.provider.WakePathDatabaseUtil: getWakePathRuleList: wakeType=2 wakePathRules.size=1
07-29 17:44:57.914  2740 20947 E Market-Client: isSupportChildMode, error: java.lang.NumberFormatException: For input string: ""
07-29 17:44:57.914  2463 15445 I WakePathChecker: MIUILOG-WAKEPATH pushWakePathRuleInfos: wakeType=2 userId=0 size=1
07-29 17:44:57.914  8974  9450 I com.lbe.security.service.provider.WakePathDatabaseUtil: getWakePathRuleList: wakeType=17 wakePathRules.size=0
07-29 17:44:57.914  2463  5121 I WakePathChecker: MIUILOG-WAKEPATH pushWakePathRuleInfos: wakeType=17 userId=0 size=0
07-29 17:44:57.914  8974  9450 I com.lbe.security.service.provider.WakePathDatabaseUtil: getWakePathRuleList: wakeType=32 wakePathRules.size=1
07-29 17:44:57.915  2463  5121 I WakePathChecker: MIUILOG-WAKEPATH pushWakePathRuleInfos: wakeType=32 userId=0 size=1
07-29 17:44:57.915  8974  9450 I com.lbe.security.service.provider.WakePathDatabaseUtil: getWakePathRuleList: wakeType=256 wakePathRules.size=8
07-29 17:44:57.915  2463  5121 I WakePathChecker: MIUILOG-WAKEPATH pushWakePathRuleInfos: wakeType=256 userId=0 size=8
07-29 17:44:57.916  8974  9450 I com.lbe.security.service.provider.WakePathDatabaseUtil: getWakePathRuleList: wakeType=128 wakePathRules.size=4
07-29 17:44:57.916  2463  5121 I WakePathChecker: MIUILOG-WAKEPATH pushWakePathRuleInfos: wakeType=128 userId=0 size=4
07-29 17:44:57.916  8974  9450 I com.lbe.security.service.provider.WakePathDatabaseUtil: getWakePathRuleList: wakeType=64 wakePathRules.size=2
07-29 17:44:57.917  2463  5121 I WakePathChecker: MIUILOG-WAKEPATH pushWakePathRuleInfos: wakeType=64 userId=0 size=2
07-29 17:44:57.917  2740 20947 I Market-LimitSpeedManager: startLimitSpeedNow() ====== speed = 32768
07-29 17:44:57.917  8974  9450 I com.lbe.security.service.provider.WakePathDatabaseUtil: getWakePathRuleList: wakeType=4096 wakePathRules.size=2
07-29 17:44:57.917  2463  5121 I WakePathChecker: MIUILOG-WAKEPATH pushWakePathRuleInfos: wakeType=4096 userId=0 size=2
07-29 17:44:57.917  8974  9450 I com.lbe.security.service.provider.WakePathDatabaseUtil: getWakePathRuleList: wakeType=32768 wakePathRules.size=1
07-29 17:44:57.918  2463  5121 I WakePathChecker: MIUILOG-WAKEPATH pushWakePathRuleInfos: wakeType=32768 userId=0 size=1
07-29 17:44:57.918  8974  9450 I com.lbe.security.service.provider.WakePathDatabaseUtil: getWakePathRuleList: wakeType=8192 wakePathRules.size=5
07-29 17:44:57.918  2463 15445 I WakePathChecker: MIUILOG-WAKEPATH pushWakePathRuleInfos: wakeType=8192 userId=0 size=5
07-29 17:44:57.919  8974  9450 I com.lbe.security.service.provider.WakePathDatabaseUtil: getWakePathRuleList: wakeType=16384 wakePathRules.size=0
07-29 17:44:57.919  2463  5121 I WakePathChecker: MIUILOG-WAKEPATH pushWakePathRuleInfos: wakeType=16384 userId=0 size=0
07-29 17:44:57.919  8974  9450 I com.lbe.security.service.provider.WakePathDatabaseUtil: getWakePathRuleList: wakeType=22 wakePathRules.size=0
07-29 17:44:57.919  2463  5121 I WakePathChecker: MIUILOG-WAKEPATH pushWakePathRuleInfos: wakeType=22 userId=0 size=0
07-29 17:44:57.919  8974  9450 I WakePathUpdatePolicy: pushWakePathData end
07-29 17:44:57.920  8974  9450 I WakePathUpdatePolicy: doUpdate end
07-29 17:44:57.920  2740 20947 I Market-DownloadLimitSpeedManager: startLimitSpeed success. Total count 1
07-29 17:44:57.920  2740 20947 I Market-RetrofitRequest: HeaderInterceptor : https://updateinfo.market.xiaomi.com/apm/updateinfo/v2
07-29 17:44:57.931 31105 31673 I cn_CronetUrlRequestContext: destroyNativeStreamLocked org.chromium.net.impl.CronetBidirectionalStream@e4231a3
07-29 17:44:57.941  1827  2108 I SDM     : DisplayBase::CommitThread: Received idle timeout, panel: cmd, timeout: 70000 us
07-29 17:44:58.018  2463  2463 W NotificationHistory: Attempted to add notif for locked/gone/disabled user 0
07-29 17:44:58.025  4979  4979 E NotifCollection: No notification to remove with key 0|com.xiaomi.market|167452976|null|10167 reason=0:REASON_UNKNOWN
07-29 17:44:58.071  2740 20947 I Market-DownloadLimitSpeedManager: stopLimitSpeed
07-29 17:44:58.071  2740 20947 I Market-LimitSpeedManager: stopLimitSpeedNow() =========== 
07-29 17:44:58.112  2740 20947 I Market-RetrofitRequest: callEnd : https://updateinfo.market.xiaomi.com/apm/updateinfo/v2
07-29 17:44:58.115  2740 20947 W Market-Connection: Connection result is cut off as too long
07-29 17:44:58.122  2740 20947 I Market-LocalAppManager: getUpdateInfoFromServer : end  , responseCode : OK
07-29 17:44:58.122  2740 20947 I Market-LocalAppManager: checkUpdateFromServer : end
07-29 17:44:58.124  2740 20947 I Market-LocalAppManager: checkUpdateFromServer  data parser : end
07-29 17:44:58.124  2740 20947 I Market-HuanjiManager: condition not satisfied, ignore
07-29 17:44:58.125  2740 20947 I Market-DataParser: [InvalidPackageList] JSON : invalidSystemPackageList list is null
07-29 17:44:58.125  2740 20947 I Market-LocalAppManager: checkUpdateFromServer  filter package : end
07-29 17:44:58.125  2740 20947 I Market-LocalAppManager: checkUpdateFromServer  support64BitPackagesJsonArray : end
07-29 17:44:58.125  2740 20947 I Market-LocalAppManager: query update apps from server : finish, 66 / 425 to update
07-29 17:44:58.138  2740 20947 I Market-RetrofitRequest: callStart : https://updateinfo.market.xiaomi.com/apm/updateinfo/priority
07-29 17:44:58.139  2740 20947 I Market-RetrofitRequest: HeaderInterceptor : https://updateinfo.market.xiaomi.com/apm/updateinfo/priority
07-29 17:44:58.140  2740 20947 E Market-Client: isSupportChildMode, error: java.lang.NumberFormatException: For input string: ""
07-29 17:44:58.140  2740 20947 E Market-Client: isSupportChildMode, error: java.lang.NumberFormatException: For input string: ""
07-29 17:44:58.142  2740 20947 I Market-LimitSpeedManager: startLimitSpeedNow() ====== speed = 32768
07-29 17:44:58.145  2740 20947 I Market-DownloadLimitSpeedManager: startLimitSpeed success. Total count 1
07-29 17:44:58.145  2740 20947 I Market-RetrofitRequest: HeaderInterceptor : https://updateinfo.market.xiaomi.com/apm/updateinfo/priority
07-29 17:44:58.171  2105  2105 E DisplayModeController: setDesiredMode : Idle status skip setActiveMode, isDdicIdleMode: 1
07-29 17:44:58.178  1827  2399 I SDM     : HWCDisplay::SetActiveConfigWithConstraints: display:66-0, config: 3, WxH 1200x2670, fps 120
07-29 17:44:58.178  1827  2399 W SDM     : HWDeviceDRM::GetSupportedBitClkRate: Requested rate not supported: 1150000000
07-29 17:44:58.178  1827  2399 I SDM     : HWDeviceDRM::UpdateMixerAttributes: Mixer WxH 1200x2670-1 for Peripheral
07-29 17:44:58.178  1827  2399 I SDM     : HWCDisplay::SubmitDisplayConfig: Active configuration changed from config 1 to 3
07-29 17:44:58.178  1827  2399 I SDM     : HWCDisplay::SubmitDisplayConfig: Active WxH 1200x2670 ,ddic_mode:auto, timing_fps: 120, sf_fps: 120
07-29 17:44:58.180  1827  2752 I vendor.qti.hardware.display.composer-service: Sensor: notify citsensorservice to trigger cwb, misForced = 0
07-29 17:44:58.180  3002  4297 I libsensor-parseRGB: request dump start for mRequestDisplayId 0
07-29 17:44:58.209  3002  3081 E libsensor-parseRGB: CWB NotifyCWBBufferDone  error 0
07-29 17:44:58.238  2740 20947 I Market-DownloadLimitSpeedManager: stopLimitSpeed
07-29 17:44:58.238  2740 20947 I Market-LimitSpeedManager: stopLimitSpeedNow() =========== 
07-29 17:44:58.245  2740 20947 I Market-RetrofitRequest: callEnd : https://updateinfo.market.xiaomi.com/apm/updateinfo/priority
07-29 17:44:58.250  2740 20947 I Market-SystemSettingsManager: extraSettingsSecureGetInt key: com.xiaomi.market.need_update_game_count, value: 0
07-29 17:44:58.250  2740 20947 I Market-UpdateAppList: update app list do not change, don't notify: pkg (63) = com.ss.android.ugc.aweme,com.milink.service,com.miui.hybrid,com.baidu.BaiduMap,com.netease.newsreader.activity,com.microsoft.emmx,com.baidu.searchbox.lite,com.android.fileexplorer,com.xiaomi.aiasst.vision,com.microsoft.office.outlook,com.miui.newhome,com.autonavi.minimap,com.miui.calculator,com.miui.mishare.connectivity,com.android.contacts,com.unionpay.tsmservice.mi,com.miui.voiceassist,com.miui.thirdappassistant,com.xiaomi.scanner,com.miui.securitycenter,com.duokan.reader,com.baidu.searchbox,com.wuba.zhuanzhuan,com.xingin.xhs,com.miui.touchassistant,tv.danmaku.bili,com.dragon.read,com.miui.gallery,com.miui.cloudservice,com.UCMobile,com.mfashiongallery.emag,com.xiaomi.market,com.miui.carlink,com.miui.notes,com.xiaomi.payment,com.miui.home,com.miui.tsmclient,com.xiaomi.gamecenter,com.smile.gifmaker,com.android.browser,com.suxing.sustream,com.xiaomi.mis,com.miui.virtualsim,com.android.quicksearchbox,com.sina.news,com.miui.video,com.miui.weather2,com.ss.android.article.news,com.quark.browser,com.xiaomi.mi_connect_service,com.miui.personalassistant,com.android.mms,com.xiaomi.gamecenter.sdk.service,com.kuaishou.nebula,com.android.thememanager,com.miui.bugreport,com.xiaomi.digitalkey,com.android.calendar,com.xiaomi.aicr,com.xiaomi.xmsf,com.xiaomi.mirror,com.miui.yellowpage,com.android.soundrecorder
07-29 17:44:58.251  2740 20760 I Market-SubScriptManager: updateMarketSubScript forceShow : false
07-29 17:44:58.251  2740 20760 I Market-SubScriptManager: get count 63
07-29 17:44:58.251  2740 20760 I Market-SubScriptManager: get count 63
07-29 17:44:58.255  2740 20947 I Market-LocalAppManager: queryDiffSizeFromServer start
07-29 17:44:58.256  2740 20947 I Market-RetrofitRequest: callStart : https://updateinfo.market.xiaomi.com/apm/updateinfo/diffsize
07-29 17:44:58.257  2740 20947 I Market-RetrofitRequest: HeaderInterceptor : https://updateinfo.market.xiaomi.com/apm/updateinfo/diffsize
07-29 17:44:58.257  2740 20947 E Market-Client: isSupportChildMode, error: java.lang.NumberFormatException: For input string: ""
07-29 17:44:58.258  2740 20947 E Market-Client: isSupportChildMode, error: java.lang.NumberFormatException: For input string: ""
07-29 17:44:58.259  2740 20947 I Market-LimitSpeedManager: startLimitSpeedNow() ====== speed = 32768
07-29 17:44:58.264  2740 20947 I Market-DownloadLimitSpeedManager: startLimitSpeed success. Total count 1
07-29 17:44:58.264  2740 20947 I Market-RetrofitRequest: HeaderInterceptor : https://updateinfo.market.xiaomi.com/apm/updateinfo/diffsize
07-29 17:44:58.266  1827  2108 I SDM     : DisplayBase::CommitThread: Received idle timeout, panel: cmd, timeout: 70000 us
07-29 17:44:58.274 31105 31619 I AppLinksAsyncVerifierV2: (REDACTED) Verification result: checking for a statement with source %s, relation delegate_permission/common.handle_all_urls, and target %s --> %b.
07-29 17:44:58.275 31105 20894 I AppLinksHostsVerifierV2: (REDACTED) Verification %s complete. Successful hosts: %s. Failed hosts: %s. Error hosts: %s.
07-29 17:44:58.278 31105 20894 I WebApkHostsVerifierV2: (REDACTED) Processing %d input requests
07-29 17:44:58.278 31105 20894 I AppLinksUtilsV1: Legacy cross-profile verification enabled [CONTEXT service_id=244 ]
07-29 17:44:58.279 31105 20894 I WebApkHostsVerifierV2: (REDACTED) Returning %d non-WebAPK requests
07-29 17:44:58.286  1827  2399 I SDM     : HWCDisplay::SetActiveConfigWithConstraints: display:66-0, config: 1, WxH 1200x2670, fps 120
07-29 17:44:58.286  1827  2399 W SDM     : HWDeviceDRM::GetSupportedBitClkRate: Requested rate not supported: 1150000000
07-29 17:44:58.286  1827  2399 I SDM     : HWDeviceDRM::UpdateMixerAttributes: Mixer WxH 1200x2670-1 for Peripheral
07-29 17:44:58.286  1827  2399 I SDM     : HWCDisplay::SubmitDisplayConfig: Active configuration changed from config 3 to 1
07-29 17:44:58.286  1827  2399 I SDM     : HWCDisplay::SubmitDisplayConfig: Active WxH 1200x2670 ,ddic_mode:idle, timing_fps: 120, sf_fps: 120
07-29 17:44:58.286  3117  3117 I adbd    : in ShellService: pm list packages -f
07-29 17:44:58.337  2740 20947 I Market-DownloadLimitSpeedManager: stopLimitSpeed
07-29 17:44:58.337  2740 20947 I Market-LimitSpeedManager: stopLimitSpeedNow() =========== 
07-29 17:44:58.339  2740 20947 I Market-RetrofitRequest: callEnd : https://updateinfo.market.xiaomi.com/apm/updateinfo/diffsize
07-29 17:44:58.340  2740 20947 I Market-LocalAppManager: queryDiffSizeFromServer end
07-29 17:44:58.340  2740 20869 I Market-SubScriptManager: updateMarketSubScript forceShow : false
07-29 17:44:58.340  2740 20869 I Market-SubScriptManager: get count 63
07-29 17:44:58.340  2740 20869 I Market-SubScriptManager: get count 63
07-29 17:44:58.341  2740 20947 I Market-WakeLockManager: release wakeLock: CheckUpdateService
07-29 17:44:58.343  2463  5065 I ActivityManager: Cancel FGS notification userId: 0 definingUid: 10167 packageName: com.xiaomi.market processName:com.xiaomi.market ChannelId:com.xiaomi.market_hide foregroundNotiWhen:1753782297778 Notiflags:104
07-29 17:44:58.343  1844  1844 I vendor.qti.hardware.servicetrackeraidl-service: destroyService is called for service : com.xiaomi.market/.business_core.update.auto.CheckUpdateService
07-29 17:44:58.344  2463  5065 W ForegroundServiceTypeLoggerModule: FGS stop call for: 10167 has no types!
07-29 17:44:58.345  2740  2740 I Market-ServiceUtils: stop foreground service: CheckUpdateService
07-29 17:44:58.346  2463  2463 I NotificationService: Cancel FGS notification CallingUid: 10167 CallingPid: 2740 Pkg: com.xiaomi.market Id:167452976 Tag:null UserId:0 MustHaveFlags:0 MustNotHaveFlags:0 Reason:8 foregroundNotiWhen:1753782297778 foregroundNotiFlags:104 foregroundNotiChannelId:com.xiaomi.market_hide
07-29 17:44:58.350  2463  4205 I MiuiNetworkPolicy: updateUidState uid = 10261, uidState = 10
07-29 17:44:58.350  2463  4205 I MiuiNetworkPolicyTrafficLimit: updateWhiteListUidForMobileTraffic uid=10261,add=false
07-29 17:44:58.350  2463  4205 I MiuiNetworkPolicy: updateUidState uid = 10203, uidState = 6
07-29 17:44:58.350  2463  4205 I MiuiNetworkPolicy: updateUidState uid = 10167, uidState = 10
07-29 17:44:58.350  2463  4205 I MiuiNetworkPolicyTrafficLimit: updateWhiteListUidForMobileTraffic uid=10167,add=false
07-29 17:44:58.350  2463  4205 I MiuiNetworkPolicy: updateUidState uid = 10158, uidState = 10
07-29 17:44:58.353  2463  4205 I MiuiNetworkPolicyTrafficLimit: updateWhiteListUidForMobileTraffic uid=10158,add=false
07-29 17:44:58.353  2463  4205 I MiuiNetworkPolicy: updateUidState uid = 10261, uidState = 19
07-29 17:44:58.353  2463  4205 I MiuiNetworkPolicy: updateUidState uid = 10158, uidState = 19
07-29 17:44:58.357  4979  4979 E NotifCollection: No notification to remove with key 0|com.xiaomi.market|167452976|null|10167 reason=8:REASON_APP_CANCEL
07-29 17:44:58.366  1827  2108 I SDM     : DisplayBase::CommitThread: Received idle timeout, panel: cmd, timeout: 70000 us
07-29 17:44:58.390  3117  3117 I adbd    : in ShellService: dumpsys package co.feeld
07-29 17:44:58.397  2740  2817 I m.xiaomi.market: This is non sticky GC, maxfree is 16777216 minfree is 8388608
07-29 17:44:58.445  1827  2752 I vendor.qti.hardware.display.composer-service: Sensor: notify citsensorservice to trigger cwb, misForced = 1
07-29 17:44:58.445  3002  4297 I libsensor-parseRGB: request dump start for mRequestDisplayId 0
