07-29 17:44:58.446 20584 21777 I artd    : Dex parent of /data/app/~~TshCAqDwQDuqcofT_IvrRw==/co.feeld-xRx9JREIJ3AUwZRjxO3aiw==/base.apk is not writable: Permission denied
07-29 17:44:58.447 20584 21777 I artd    : GetBestInfo checking odex in dalvik-cache (/data/dalvik-cache/arm64/data@app@~~TshCAqDwQDuqcofT_IvrRw==@co.feeld-xRx9JREIJ3AUwZRjxO3aiw==@base.apk@classes.dex)
07-29 17:44:58.447 20584 21777 I artd    : Loading /data/dalvik-cache/arm64/data@app@~~TshCAqDwQDuqcofT_IvrRw==@co.feeld-xRx9JREIJ3AUwZRjxO3aiw==@base.apk@classes.dex with executable: 0
07-29 17:44:58.447 20584 21777 I artd    : OatFileAssistant test for existing oat file /data/dalvik-cache/arm64/data@app@~~TshCAqDwQDuqcofT_IvrRw==@co.feeld-xRx9JREIJ3AUwZRjxO3aiw==@base.apk@classes.dex: File /data/dalvik-cache/arm64/data@app@~~TshCAqDwQDuqcofT_IvrRw==@co.feeld-xRx9JREIJ3AUwZRjxO3aiw==@base.apk@classes.vdex does not exist.
07-29 17:44:58.447 20584 21777 I artd    : GetBestInfo checking odex next to the dex file (/data/app/~~TshCAqDwQDuqcofT_IvrRw==/co.feeld-xRx9JREIJ3AUwZRjxO3aiw==/oat/arm64/base.odex)
07-29 17:44:58.447 20584 21777 I artd    : Loading /data/app/~~TshCAqDwQDuqcofT_IvrRw==/co.feeld-xRx9JREIJ3AUwZRjxO3aiw==/oat/arm64/base.odex with executable: 0
07-29 17:44:58.447 20584 21777 I artd    : Successfully loaded /data/app/~~TshCAqDwQDuqcofT_IvrRw==/co.feeld-xRx9JREIJ3AUwZRjxO3aiw==/oat/arm64/base.odex with executable: 0
07-29 17:44:58.447 20584 21777 I artd    : /data/app/~~TshCAqDwQDuqcofT_IvrRw==/co.feeld-xRx9JREIJ3AUwZRjxO3aiw==/oat/arm64/base.odex is kOatUpToDate with filter verify
07-29 17:44:58.467  3002  3080 E libsensor-parseRGB: CWB NotifyCWBBufferDone  error 0
07-29 17:44:58.486  3117  3117 I adbd    : in ShellService: dumpsys activity activities
07-29 17:44:58.524  1827  2108 I SDM     : DisplayBase::CommitThread: Received idle timeout, panel: cmd, timeout: 69999 us
07-29 17:44:58.542  3117  3117 I adbd    : in ShellService: dumpsys activity activities
07-29 17:44:58.641  3117  3117 I adbd    : in ShellService: dumpsys activity activities
07-29 17:44:58.719  3117  3117 I adbd    : in ShellService: dumpsys activity services
07-29 17:44:58.731  3117  3117 I adbd    : in ShellService: ps
07-29 17:44:58.742  7989  7989 I RuntimePermissionManager: isRuntimeRequestSupport: true
07-29 17:44:58.761  2463  2775 I AppsFilter: interaction: PackageSetting{d4d21c1 com.android.microdroid.empty_payload/10236} -> PackageSetting{496de5f com.miui.cleanmaster/10266} BLOCKED
07-29 17:44:58.762  2463  2775 I AppsFilter: interaction: PackageSetting{cef08a7 io.appium.uiautomator2.server.test/10280} -> PackageSetting{496de5f com.miui.cleanmaster/10266} BLOCKED
07-29 17:44:58.762  2463  2775 I AppsFilter: interaction: PackageSetting{e93c154 io.github.ylimit.droidbotapp/10351} -> PackageSetting{496de5f com.miui.cleanmaster/10266} BLOCKED
07-29 17:44:58.762  2463  2775 I AppsFilter: interaction: PackageSetting{4c918fd com.rongcard.eid/10151} -> PackageSetting{496de5f com.miui.cleanmaster/10266} BLOCKED
07-29 17:44:58.762  2463  2775 I AppsFilter: interaction: PackageSetting{d798843 io.appium.settings/10274} -> PackageSetting{496de5f com.miui.cleanmaster/10266} BLOCKED
07-29 17:44:58.763  2463  5054 W ParceledListSlice: Element #44 is 26672 bytes.
07-29 17:44:58.763  2463  5054 W ParceledListSlice: Overly large reply size: 82204
07-29 17:44:58.763  2463  5530 W ParceledListSlice: Element #45 is 26676 bytes.
07-29 17:44:58.763  2463  5530 W ParceledListSlice: Element #46 is 26676 bytes.
07-29 17:44:58.763  2463  5530 W ParceledListSlice: Element #47 is 26684 bytes.
07-29 17:44:58.764  2463  5129 W ParceledListSlice: Element #48 is 26688 bytes.
07-29 17:44:58.764  2463  5129 W ParceledListSlice: Element #54 is 19664 bytes.
07-29 17:44:58.764  2463  5533 W ParceledListSlice: Element #55 is 19652 bytes.
07-29 17:44:58.764  2463  5533 W ParceledListSlice: Element #56 is 19692 bytes.
07-29 17:44:58.764  2463  5533 W ParceledListSlice: Element #57 is 19720 bytes.
07-29 17:44:58.764  2463  5533 W ParceledListSlice: Element #58 is 19720 bytes.
07-29 17:44:58.765  2463  5459 W ParceledListSlice: Element #59 is 19684 bytes.
07-29 17:44:58.765  2463  5459 W ParceledListSlice: Element #60 is 19692 bytes.
07-29 17:44:58.765  2463  5459 W ParceledListSlice: Element #61 is 19668 bytes.
07-29 17:44:58.765  2463  5459 W ParceledListSlice: Element #62 is 19680 bytes.
07-29 17:44:58.765 12230 12394 I Ad      : isPersonalizedAdEnabled getAdSettings: 1
07-29 17:44:58.765  2463  5540 W ParceledListSlice: Element #63 is 19672 bytes.
07-29 17:44:58.765  2463  5540 W ParceledListSlice: Element #64 is 29432 bytes.
07-29 17:44:58.766  2463  5540 W ParceledListSlice: Element #65 is 29452 bytes.
07-29 17:44:58.766  2463  6120 W ParceledListSlice: Element #66 is 29444 bytes.
07-29 17:44:58.779  2463  5535 W ParceledListSlice: Element #273 is 21068 bytes.
07-29 17:44:58.780  2463 15424 W ParceledListSlice: Element #274 is 21048 bytes.
07-29 17:44:58.780  2463 15424 W ParceledListSlice: Element #275 is 21056 bytes.
07-29 17:44:58.780  2463 15424 W ParceledListSlice: Element #276 is 21036 bytes.
07-29 17:44:58.780  2463 15424 W ParceledListSlice: Element #277 is 21084 bytes.
07-29 17:44:58.780  2463 15424 W ParceledListSlice: Overly large reply size: 84248
07-29 17:44:58.780  2463  5535 W ParceledListSlice: Element #278 is 21084 bytes.
07-29 17:44:58.780  2463  5535 W ParceledListSlice: Element #279 is 21096 bytes.
07-29 17:44:58.780  2463  5535 W ParceledListSlice: Element #280 is 21084 bytes.
07-29 17:44:58.780  2463  5535 W ParceledListSlice: Element #281 is 21084 bytes.
07-29 17:44:58.780  2463  5535 W ParceledListSlice: Overly large reply size: 84372
07-29 17:44:58.781  2463  5459 W ParceledListSlice: Element #282 is 21104 bytes.
07-29 17:44:58.781  2463  5459 W ParceledListSlice: Element #283 is 21092 bytes.
07-29 17:44:58.781  2463  5459 W ParceledListSlice: Element #284 is 21080 bytes.
07-29 17:44:58.785  2463  5121 W ContentProviderHelper: No provider info for content provider  when providerRunning is false, caller is ProcessRecord{15056c5 18854:com.android.quicksearchbox:ApplicationsProvider/u0a136}
07-29 17:44:58.785 18854 18878 E ActivityThread: Failed to find provider info for 
07-29 17:44:58.785  2463  5065 W ContentProviderHelper: No provider info for content provider  when providerRunning is false, caller is null
07-29 17:44:58.795  7989  8783 I RuntimePermissionManager: isRuntimeRequestSupport: true
07-29 17:44:58.795  7989  8783 I InstalledPackagesMemoryCache: getInstallPermissionGranted=true
07-29 17:44:58.796  2463  6120 I ClipboardServiceI: checkProviderWakePathForClipboard: com.android.quicksearchboxis not a activePermissionOwner
07-29 17:44:58.796  2463  6120 I SmartPower: com.miui.notes/10275(13074): idle->background(2109ms) R(content provider start ContentProviderRecord{c0729a2 u0 com.miui.notes/.provider.NotesProvider}) adj=905.
07-29 17:44:58.798  4916  5777 E SmsApplication: com.android.mms lost android:read_cell_broadcasts:  (fixing)
07-29 17:44:58.799  2463  6120 W AppOpService: Ignored setUidMode call for runtime permission app op: uid = 10141, code = READ_CELL_BROADCASTS, mode = allow, callingUid = 1001, oldMode = allow
07-29 17:44:58.801  2463  5065 W ContentProviderHelper: Permission Denial: opening provider com.alibaba.aliexpress.android.search.nav.SearchSuggestionProvider from ProcessRecord{15056c5 18854:com.android.quicksearchbox:ApplicationsProvider/u0a136} (pid=18854, uid=10136) that is not exported from UID 10303
07-29 17:44:58.801  2463  5129 W ParceledListSlice: Element #8 is 20788 bytes.
07-29 17:44:58.801  2463  5129 W ParceledListSlice: Element #9 is 20768 bytes.
07-29 17:44:58.802  7368  7386 I PermissionControllerServiceImpl: Updating user sensitive for uid 10266
07-29 17:44:58.804  7773  7773 E RegisteredServicesCache: Skipping application component ComponentInfo{com.UCMobile/com.alibaba.ariver.commonability.device.jsapi.nfc.service.TinyAppHostApduService}: it must request the permission android.permission.NFC
07-29 17:44:58.804  2463  6120 W AppOpService: Ignored setUidMode call for runtime permission app op: uid = 1001, code = READ_SMS, mode = allow, callingUid = 1001, oldMode = allow
07-29 17:44:58.804  7773  7773 E RegisteredServicesCache: Skipping application component ComponentInfo{com.UCMobile/com.alipay.mobile.aompdevice.nfc.service.TinyAppHostApduService}: it must request the permission android.permission.NFC
07-29 17:44:58.805  2463  4205 I MiuiNetworkPolicy: updateUidState uid = 10303, uidState = 6
07-29 17:44:58.805  7773  7773 E RegisteredServicesCache: Skipping application component ComponentInfo{com.autonavi.minimap/com.alibaba.ariver.commonability.device.jsapi.nfc.service.TinyAppHostApduService}: it must request the permission android.permission.NFC
07-29 17:44:58.805  7773  7773 E RegisteredServicesCache: Skipping application component ComponentInfo{com.autonavi.minimap/com.alipay.mobile.aompdevice.nfc.service.TinyAppHostApduService}: it must request the permission android.permission.NFC
07-29 17:44:58.806  2463  5065 I ClipboardServiceI: checkProviderWakePathForClipboard: com.android.quicksearchboxis not a activePermissionOwner
07-29 17:44:58.806  2463  4205 I MiuiNetworkPolicy: updateUidState uid = 10169, uidState = 6
07-29 17:44:58.807  2463  5065 I SmartPower: com.alibaba.aliexpresshd/10303(1614): idle->background(2108ms) R(content provider start ContentProviderRecord{bff7854 u0 com.alibaba.aliexpresshd/com.alibaba.aliexpress.android.search.nav.SearchSuggestionProvider}) adj=0.
07-29 17:44:58.807  2463  5065 W AppOpService: Ignored setUidMode call for runtime permission app op: uid = 1001, code = RECEIVE_SMS, mode = allow, callingUid = 1001, oldMode = allow
07-29 17:44:58.807  2463  5129 W AppOpService: Ignored setUidMode call for runtime permission app op: uid = 1001, code = RECEIVE_WAP_PUSH, mode = allow, callingUid = 1001, oldMode = allow
07-29 17:44:58.807  2463  5129 W AppOpService: Ignored setUidMode call for runtime permission app op: uid = 1001, code = SEND_SMS, mode = allow, callingUid = 1001, oldMode = allow
07-29 17:44:58.808  2463  5065 W AppOpService: Ignored setUidMode call for runtime permission app op: uid = 1001, code = READ_CELL_BROADCASTS, mode = allow, callingUid = 1001, oldMode = allow
07-29 17:44:58.808  7773  7773 I RegisteredServicesCache: current user: 0, is managed profile : false
07-29 17:44:58.809  2463  5129 W Bundle  : Failed to parse item error, returning null.
07-29 17:44:58.809  2463  5129 W Bundle  : android.os.BadTypeParcelableException: Parcelable creator android.os.ParcelableException is not a subclass of required class java.lang.String provided in the parameter
07-29 17:44:58.809  2463  5129 W Bundle  : 	at android.os.Parcel.readParcelableCreatorInternal(Parcel.java:5206)
07-29 17:44:58.809  2463  5129 W Bundle  : 	at android.os.Parcel.readParcelableInternal(Parcel.java:5080)
07-29 17:44:58.809  2463  5129 W Bundle  : 	at android.os.Parcel.readValue(Parcel.java:4840)
07-29 17:44:58.809  2463  5129 W Bundle  : 	at android.os.Parcel.readValue(Parcel.java:4609)
07-29 17:44:58.809  2463  5129 W Bundle  : 	at android.os.Parcel.-$$Nest$mreadValue(Unknown Source:0)
07-29 17:44:58.809  2463  5129 W Bundle  : 	at android.os.Parcel$LazyValue.apply(Parcel.java:4707)
07-29 17:44:58.809  2463  5129 W Bundle  : 	at android.os.Parcel$LazyValue.apply(Parcel.java:4666)
07-29 17:44:58.809  2463  5129 W Bundle  : 	at android.os.BaseBundle.unwrapLazyValueFromMapLocked(BaseBundle.java:416)
07-29 17:44:58.809  2463  5129 W Bundle  : 	at android.os.BaseBundle.getValueAt(BaseBundle.java:402)
07-29 17:44:58.809  2463  5129 W Bundle  : 	at android.os.BaseBundle.getPairValue(BaseBundle.java:282)
07-29 17:44:58.809  2463  5129 W Bundle  : 	at com.android.server.am.ContentProviderHelper.lambda$getMimeTypeFilterAsync$1(ContentProviderHelper.java:1212)
07-29 17:44:58.809  2463  5129 W Bundle  : 	at com.android.server.am.ContentProviderHelper.$r8$lambda$JV9jTPlBHAPZLxkKAqq24ds-FLE(Unknown Source:0)
07-29 17:44:58.809  2463  5129 W Bundle  : 	at com.android.server.am.ContentProviderHelper$$ExternalSyntheticLambda1.onResult(D8$$SyntheticClass:0)
07-29 17:44:58.809  2463  5129 W Bundle  : 	at android.os.RemoteCallback.sendResult(RemoteCallback.java:76)
07-29 17:44:58.809  2463  5129 W Bundle  : 	at android.os.RemoteCallback$1.sendResult(RemoteCallback.java:53)
07-29 17:44:58.809  2463  5129 W Bundle  : 	at android.os.IRemoteCallback$Stub.onTransact(IRemoteCallback.java:85)
07-29 17:44:58.809  2463  5129 W Bundle  : 	at android.os.Binder.execTransactInternal(Binder.java:1512)
07-29 17:44:58.809  2463  5129 W Bundle  : 	at android.os.Binder.execTransact(Binder.java:1451)
07-29 17:44:58.809  2463  4205 I MiuiNetworkPolicy: updateUidState uid = 10303, uidState = 19
07-29 17:44:58.810  2463  4205 I MiuiNetworkPolicy: updateUidState uid = 10169, uidState = 15
07-29 17:44:58.811  7773  7773 I RegisteredAidCache: updateRoutingLocked(false): Enter
07-29 17:44:58.811  7773  7773 I AidRoutingManager: configureRouting(false): Enter
07-29 17:44:58.812  7773  7773 E AidRoutingManager: Size of routing table970
07-29 17:44:58.812  7773  7773 I RegisteredAidCache: updateRoutingLocked(false): exit
07-29 17:44:58.811 18854 18878 W ContentResolver: Failed to get type for: content://com.alibaba.aliexpress.android.search.nav.SearchSuggestionProvider/products (Unknown URL content://com.alibaba.aliexpress.android.search.nav.SearchSuggestionProvider/products)
07-29 17:44:58.813  7773  7773 I libnfc_nci: [INFO:NativeT4tNfcee.cpp(870)] nfcManager_isFwSupportNonStdT4TAid Enter isFwSupport = 1
07-29 17:44:58.813  7773  7773 I libnfc_nci: [INFO:SecureElement.cpp(1487)] SecureElement::getEseHandleFromGenericId: enter; ESE-ID = 0x7F
07-29 17:44:58.813  7773  7773 I libnfc_nci: [INFO:SecureElement.cpp(1528)] SecureElement::getEseHandleFromGenericId: enter; ESE-Handle = 0x410
07-29 17:44:58.814  7773  7773 I libnfc_nci: [INFO:SecureElement.cpp(1487)] SecureElement::getEseHandleFromGenericId: enter; ESE-ID = 0x00
07-29 17:44:58.814  7773  7773 I libnfc_nci: [INFO:SecureElement.cpp(1528)] SecureElement::getEseHandleFromGenericId: enter; ESE-Handle = 0x400
07-29 17:44:58.816  4897 30714 I SecureElement-Terminal-eSE1: isSecureElementPresent()
07-29 17:44:58.816  2463  5065 W ContentProviderHelper: No provider info for content provider  when providerRunning is false, caller is ProcessRecord{15056c5 18854:com.android.quicksearchbox:ApplicationsProvider/u0a136}
07-29 17:44:58.816  1746  1746 I android.hardware.secure_element-service.qti: isCardPresent
07-29 17:44:58.816 18854 18878 E ActivityThread: Failed to find provider info for 
07-29 17:44:58.816  1746  1746 I android.hardware.secure_element-service.qti: isCardPresent exit, cardPresent: 1
07-29 17:44:58.817  2463  5065 W ContentProviderHelper: No provider info for content provider  when providerRunning is false, caller is null
07-29 17:44:58.817  8974 21017 E PackageUtil: getPackageInfoAsUser failed co.feeld , 999
07-29 17:44:58.819  4897 30714 I SecureElement-Terminal-SIM1: isSecureElementPresent()
07-29 17:44:58.819  4897 30714 I SecureElement-Terminal-SIM1: isNfcEventAllowed: No access rules for checking.
07-29 17:44:58.820  4897 30714 I SecureElement-Terminal-SIM2: isSecureElementPresent()
07-29 17:44:58.820  8974 21339 E PackageUtil: getPackageInfoAsUser failed co.feeld , 999
07-29 17:44:58.823  2463  5129 W ContentProviderHelper: Permission Denial: opening provider com.alibaba.aliexpress.android.search.nav.SearchSuggestionProvider from ProcessRecord{15056c5 18854:com.android.quicksearchbox:ApplicationsProvider/u0a136} (pid=18854, uid=10136) that is not exported from UID 10303
07-29 17:44:58.825  2463  5129 I ClipboardServiceI: checkProviderWakePathForClipboard: com.android.quicksearchboxis not a activePermissionOwner
07-29 17:44:58.825  2463  4205 I MiuiNetworkPolicy: updateUidState uid = 10303, uidState = 6
07-29 17:44:58.826  2463  4205 I MiuiNetworkPolicy: updateUidState uid = 10169, uidState = 6
07-29 17:44:58.827  2463  5129 W Bundle  : Failed to parse item error, returning null.
07-29 17:44:58.827  2463  5129 W Bundle  : android.os.BadTypeParcelableException: Parcelable creator android.os.ParcelableException is not a subclass of required class java.lang.String provided in the parameter
07-29 17:44:58.827  2463  5129 W Bundle  : 	at android.os.Parcel.readParcelableCreatorInternal(Parcel.java:5206)
07-29 17:44:58.827  2463  5129 W Bundle  : 	at android.os.Parcel.readParcelableInternal(Parcel.java:5080)
07-29 17:44:58.827  2463  5129 W Bundle  : 	at android.os.Parcel.readValue(Parcel.java:4840)
07-29 17:44:58.827  2463  5129 W Bundle  : 	at android.os.Parcel.readValue(Parcel.java:4609)
07-29 17:44:58.827  2463  5129 W Bundle  : 	at android.os.Parcel.-$$Nest$mreadValue(Unknown Source:0)
07-29 17:44:58.827  2463  5129 W Bundle  : 	at android.os.Parcel$LazyValue.apply(Parcel.java:4707)
07-29 17:44:58.827  2463  5129 W Bundle  : 	at android.os.Parcel$LazyValue.apply(Parcel.java:4666)
07-29 17:44:58.827  2463  5129 W Bundle  : 	at android.os.BaseBundle.unwrapLazyValueFromMapLocked(BaseBundle.java:416)
07-29 17:44:58.827  2463  5129 W Bundle  : 	at android.os.BaseBundle.getValueAt(BaseBundle.java:402)
07-29 17:44:58.827  2463  5129 W Bundle  : 	at android.os.BaseBundle.getPairValue(BaseBundle.java:282)
07-29 17:44:58.827  2463  5129 W Bundle  : 	at com.android.server.am.ContentProviderHelper.lambda$getMimeTypeFilterAsync$1(ContentProviderHelper.java:1212)
07-29 17:44:58.827  2463  5129 W Bundle  : 	at com.android.server.am.ContentProviderHelper.$r8$lambda$JV9jTPlBHAPZLxkKAqq24ds-FLE(Unknown Source:0)
07-29 17:44:58.827  2463  5129 W Bundle  : 	at com.android.server.am.ContentProviderHelper$$ExternalSyntheticLambda1.onResult(D8$$SyntheticClass:0)
07-29 17:44:58.827  2463  5129 W Bundle  : 	at android.os.RemoteCallback.sendResult(RemoteCallback.java:76)
07-29 17:44:58.827  2463  5129 W Bundle  : 	at android.os.RemoteCallback$1.sendResult(RemoteCallback.java:53)
07-29 17:44:58.827  2463  5129 W Bundle  : 	at android.os.IRemoteCallback$Stub.onTransact(IRemoteCallback.java:85)
07-29 17:44:58.827  2463  5129 W Bundle  : 	at android.os.Binder.execTransactInternal(Binder.java:1512)
07-29 17:44:58.827  2463  5129 W Bundle  : 	at android.os.Binder.execTransact(Binder.java:1451)
07-29 17:44:58.827 18854 18878 W ContentResolver: Failed to get type for: content://com.alibaba.aliexpress.android.search.nav.SearchSuggestionProvider/products (Unknown URL content://com.alibaba.aliexpress.android.search.nav.SearchSuggestionProvider/products)
07-29 17:44:58.828  2463  4205 I MiuiNetworkPolicy: updateUidState uid = 10303, uidState = 19
07-29 17:44:58.828  2463  4205 I MiuiNetworkPolicy: updateUidState uid = 10169, uidState = 15
07-29 17:44:58.841  2463  5177 I NetworkAccelerateSwitchService: EVENT_RSSI_POLL. mRssiPoll=true
07-29 17:44:58.841  2463  5177 I NetworkAccelerateSwitchService: getAverageWifiRssi:63
07-29 17:44:58.872  3117  3117 I adbd    : in ShellService: screencap -p /sdcard/screen_2025-07-29_174459.png
07-29 17:44:58.896  2463  2526 W EnhancedConfirmationService: The packageName should not be null.
07-29 17:44:58.897  2463  2526 W MagnificationConnectionManager: requestConnection duplicated request: connect=false, mConnectionState=DISCONNECTED
07-29 17:44:58.991 21340 21340 W BpBinder: Linking to death on android.gui.ISurfaceComposer but there are no threads (yet?) listening to incoming transactions. See ProcessState::startThreadPool and ProcessState::setThreadPoolMaxThreadCount. Generally you should setup the binder threadpool before other initialization steps.
07-29 17:44:58.991 21340 21340 W ProcessState: Extra binder thread started, but 0 threads requested. Do not use *startThreadPool when zero threads are requested.
07-29 17:44:59.033 21340 21343 I AdrenoUtils: <ReadGpuID:357>: Reading chip ID through GSL
07-29 17:44:59.034 21340 21340 W qdgralloc: Failed to load libubwcp.so
07-29 17:44:59.029 21340 21340 W screencap: type=1400 audit(0.0:11050): avc:  denied  { read } for  name="libubwcp.so" dev="dm-14" ino=19816057 scontext=u:r:shell:s0 tcontext=u:object_r:vendor_file:s0 tclass=file permissive=0
07-29 17:44:59.038  7633 20216 W MediaProvider: isAppCloneUserPair for user 0: false
07-29 17:44:59.209  2463  4403 E HyperSentinel: -------------------------------------------------------
07-29 17:44:59.209  2463  4403 E HyperSentinel: Event_OpenFileFDSize
07-29 17:44:59.209  2463  4403 E HyperSentinel: -> audit event by proc 2463 "system_server": Fd increasement, peak, 1347 -> 1295
07-29 17:44:59.285  7989  7989 I PackageInstallReceiver: action = android.intent.action.PACKAGE_CHANGED packageName = com.miui.cleanmaster
07-29 17:44:59.285  7989  7989 W InstalledPackagesMemoryCache: Unknown action: android.intent.action.PACKAGE_CHANGED
07-29 17:44:59.285  7989  7989 I ServiceDeliveryCapability: onAppChanged:com.miui.cleanmaster action:android.intent.action.PACKAGE_CHANGED
07-29 17:44:59.286  7989  7989 I AppWidgetDelegate: updateAppWidgets for com.miui.cleanmaster
07-29 17:44:59.286  7989  7989 I WidgetController: WidgetController.updateOrRemoveStackWhenPackageChanged: packageName com.miui.cleanmaster
07-29 17:44:59.286  7989  7989 I WidgetBackgroundBlurManager: onAppChanged appPackageName : com.miui.cleanmaster
07-29 17:44:59.286  7989  8582 I AppWidgetDelegate: removeAllWidgets com.xiaomi.misettings.usagestats.widget.desktop.widget.SimpleUsageStatsWidget
07-29 17:44:59.286  7989  8582 I AppWidgetDelegate: removeAllWidgets com.android.calendar.widget.NearEventAppWidget
07-29 17:44:59.414  2463  5109 I NetworkBoostStatusManager: handle: 102
07-29 17:44:59.416  2463  5109 I NetworkBoostStatusManager: interfaceOnCapabilitiesChanged interface name:wlan0
07-29 17:44:59.421  4916  5931 E PhoneAdapter: get ntnphones failed, exception: java.lang.IllegalStateException: Default phones haven't been made yet!
07-29 17:44:59.423  8724  8724 I NetBusNetworkMonitor: onCapabilitiesChanged isPrimary = true
07-29 17:44:59.426  8724  8724 I NetBusNetworkMonitor: gateway=192.*.*.1
07-29 17:44:59.430  8724  8724 I NetBusNetworkMonitor: addConnectNetworkInterface mediumType:256, detail:NetworkDetailInfo{mIsConnected=false, mIsSupportTdls=true, mNetworkType=0, mIpAddress=192.*.*.11, mIfName=wlan0, mGateway=192.*.*.1, mNetmask=255.*.*.0, mSsid=C**01}
07-29 17:44:59.430  8724  8724 I NetBusNetworkMonitor: onCapabilitiesChanged handle=441492361229, mediumType=256, ifName=wlan0
07-29 17:44:59.627  2463  4205 I MiuiNetworkPolicy: bandwidth: 26 KB/s, Max bandwidth: 7577 KB/s
07-29 17:44:59.730  3002  4306 I libsensor-boledalgo: dbv:419,lux:171.0,cct:6386.3,hsv:-1.0,dc:0CWB R:3179.6,G:7767.6,B:4952.5Event C:12306.0,R:7410.4,G:4195.0,B:2570.0Cali C:211.6,R:77.8,G:75.0,B:35.3 
07-29 17:44:59.839  2463  4037 W ActivityManagerServiceImpl: Sending non-protected broadcast miui.intent.action.CYCLE_CHECK from system uid 1000 pkg android. Callers=com.android.server.am.ActivityManagerService.checkBroadcastFromSystem:16255 com.android.server.am.ActivityManagerService.broadcastIntentLockedTraced:17126 com.android.server.am.ActivityManagerService.broadcastIntentLocked:16315 com.android.server.am.ActivityManagerService.broadcastIntentInPackage:17364 com.android.server.am.ActivityManagerService$LocalService.broadcastIntentInPackage:20214 
07-29 17:44:59.846  1839  1966 E ANDR-PERF-RESOURCEQS: ANDR-PERF-RESOURCEQS: AddAndApply() 167: Failed to apply optimization [10, 9]
07-29 17:44:59.849  1895  1895 I vendor.xiaomi.hardware.micharge-service: ReadFilePathValue path = /sys/class/power_supply/battery/temp value = 368
07-29 17:44:59.850  2463  2507 E IMiCharge: MiCharge method 9 val = 368
07-29 17:44:59.851  1895  1895 I vendor.xiaomi.hardware.micharge-service: ReadFilePathValue path = /sys/class/power_supply/battery/charge_control_limit value = 11
07-29 17:44:59.851  2463  2507 E IMiCharge: MiCharge method 10 val = 11
07-29 17:44:59.885  3117  3117 I adbd    : in ShellService: ps
07-29 17:44:59.929  3002  4306 I libsensor-boledalgo: dbv:419,lux:171.5,cct:5568.1,hsv:-1.0,dc:0CWB R:3179.6,G:7767.6,B:4952.5Event C:12321.7,R:7396.4,G:4193.1,B:2568.2Cali C:211.6,R:77.8,G:75.0,B:35.3 
07-29 17:44:59.947  2463  4205 I MiuiNetworkPolicy: updateUidState uid = 10124, uidState = 8
07-29 17:45:00.008  4979  4979 E AnimationHelper: updateTime mToAod:false mHasNotification: true, mClockType: classic
07-29 17:45:00.014  2105  2105 E DisplayModeController: setDesiredMode : Idle status skip setActiveMode, isDdicIdleMode: 1
07-29 17:45:00.017  4979  4979 E StackScroller: updateSidePadding: viewWidth is zero
07-29 17:45:00.022  1827  2399 I SDM     : HWCDisplay::SetActiveConfigWithConstraints: display:66-0, config: 3, WxH 1200x2670, fps 120
07-29 17:45:00.023  1827  2399 W SDM     : HWDeviceDRM::GetSupportedBitClkRate: Requested rate not supported: 1150000000
07-29 17:45:00.023  1827  2399 I SDM     : HWDeviceDRM::UpdateMixerAttributes: Mixer WxH 1200x2670-1 for Peripheral
07-29 17:45:00.023  1827  2399 I SDM     : HWCDisplay::SubmitDisplayConfig: Active configuration changed from config 1 to 3
07-29 17:45:00.023  1827  2399 I SDM     : HWCDisplay::SubmitDisplayConfig: Active WxH 1200x2670 ,ddic_mode:auto, timing_fps: 120, sf_fps: 120
07-29 17:45:00.026  1827  2752 I vendor.qti.hardware.display.composer-service: Sensor: notify citsensorservice to trigger cwb, misForced = 0
07-29 17:45:00.026  3002  4297 I libsensor-parseRGB: request dump start for mRequestDisplayId 0
07-29 17:45:00.054  3002  6353 E libsensor-parseRGB: CWB NotifyCWBBufferDone  error 0
07-29 17:45:00.110  1827  2108 I SDM     : DisplayBase::CommitThread: Received idle timeout, panel: cmd, timeout: 70000 us
07-29 17:45:00.130  1827  2399 I SDM     : HWCDisplay::SetActiveConfigWithConstraints: display:66-0, config: 1, WxH 1200x2670, fps 120
07-29 17:45:00.130  1827  2399 W SDM     : HWDeviceDRM::GetSupportedBitClkRate: Requested rate not supported: 1150000000
07-29 17:45:00.131  1827  2399 I SDM     : HWDeviceDRM::UpdateMixerAttributes: Mixer WxH 1200x2670-1 for Peripheral
07-29 17:45:00.131  1827  2399 I SDM     : HWCDisplay::SubmitDisplayConfig: Active configuration changed from config 3 to 1
07-29 17:45:00.131  1827  2399 I SDM     : HWCDisplay::SubmitDisplayConfig: Active WxH 1200x2670 ,ddic_mode:idle, timing_fps: 120, sf_fps: 120
07-29 17:45:00.210  1827  2108 I SDM     : DisplayBase::CommitThread: Received idle timeout, panel: cmd, timeout: 69999 us
07-29 17:45:00.247  2463  4412 I SmartPower: com.miui.cleanmaster/10266(21077): background->idle(3002ms) R(service create com.miui.cleanmaster/com.miui.optimizecenter.service.CleanMasterService) adj=905.
07-29 17:45:00.268  2463  4412 I SmartPower: com.android.packageinstaller/10097(11835): background->idle(3000ms) R(broadcast start Intent { act=android.intent.action.PACKAGE_ADDED dat=package: flg=0x5000010 pkg=com.android.packageinstaller (has extras) }) adj=905.
07-29 17:45:00.289  1827  2752 I vendor.qti.hardware.display.composer-service: Sensor: notify citsensorservice to trigger cwb, misForced = 1
07-29 17:45:00.289  3002  4297 I libsensor-parseRGB: request dump start for mRequestDisplayId 0
07-29 17:45:00.295  2463  5533 W ContentProviderHelper: No provider info for content provider  when providerRunning is false, caller is ProcessRecord{15056c5 18854:com.android.quicksearchbox:ApplicationsProvider/u0a136}
07-29 17:45:00.295 18854 18878 E ActivityThread: Failed to find provider info for 
07-29 17:45:00.296  2463  5533 W ContentProviderHelper: No provider info for content provider  when providerRunning is false, caller is null
07-29 17:45:00.299  2463  5533 I ClipboardServiceI: checkProviderWakePathForClipboard: com.android.quicksearchboxis not a activePermissionOwner
07-29 17:45:00.302  2463  5533 W ContentProviderHelper: Permission Denial: opening provider com.alibaba.aliexpress.android.search.nav.SearchSuggestionProvider from ProcessRecord{15056c5 18854:com.android.quicksearchbox:ApplicationsProvider/u0a136} (pid=18854, uid=10136) that is not exported from UID 10303
07-29 17:45:00.309  2463  5533 I ClipboardServiceI: checkProviderWakePathForClipboard: com.android.quicksearchboxis not a activePermissionOwner
07-29 17:45:00.309  2463  4205 I MiuiNetworkPolicy: updateUidState uid = 10303, uidState = 6
07-29 17:45:00.309  2463  4205 I MiuiNetworkPolicy: updateUidState uid = 10169, uidState = 6
07-29 17:45:00.311  3002  3081 E libsensor-parseRGB: CWB NotifyCWBBufferDone  error 0
07-29 17:45:00.313  2463  5533 W Bundle  : Failed to parse item error, returning null.
07-29 17:45:00.313  2463  5533 W Bundle  : android.os.BadTypeParcelableException: Parcelable creator android.os.ParcelableException is not a subclass of required class java.lang.String provided in the parameter
07-29 17:45:00.313  2463  5533 W Bundle  : 	at android.os.Parcel.readParcelableCreatorInternal(Parcel.java:5206)
07-29 17:45:00.313  2463  5533 W Bundle  : 	at android.os.Parcel.readParcelableInternal(Parcel.java:5080)
07-29 17:45:00.313  2463  5533 W Bundle  : 	at android.os.Parcel.readValue(Parcel.java:4840)
07-29 17:45:00.313  2463  5533 W Bundle  : 	at android.os.Parcel.readValue(Parcel.java:4609)
07-29 17:45:00.313  2463  5533 W Bundle  : 	at android.os.Parcel.-$$Nest$mreadValue(Unknown Source:0)
07-29 17:45:00.313  2463  5533 W Bundle  : 	at android.os.Parcel$LazyValue.apply(Parcel.java:4707)
07-29 17:45:00.313  2463  5533 W Bundle  : 	at android.os.Parcel$LazyValue.apply(Parcel.java:4666)
07-29 17:45:00.313  2463  5533 W Bundle  : 	at android.os.BaseBundle.unwrapLazyValueFromMapLocked(BaseBundle.java:416)
07-29 17:45:00.313  2463  5533 W Bundle  : 	at android.os.BaseBundle.getValueAt(BaseBundle.java:402)
07-29 17:45:00.313  2463  5533 W Bundle  : 	at android.os.BaseBundle.getPairValue(BaseBundle.java:282)
07-29 17:45:00.313  2463  5533 W Bundle  : 	at com.android.server.am.ContentProviderHelper.lambda$getMimeTypeFilterAsync$1(ContentProviderHelper.java:1212)
07-29 17:45:00.313  2463  5533 W Bundle  : 	at com.android.server.am.ContentProviderHelper.$r8$lambda$JV9jTPlBHAPZLxkKAqq24ds-FLE(Unknown Source:0)
07-29 17:45:00.313  2463  5533 W Bundle  : 	at com.android.server.am.ContentProviderHelper$$ExternalSyntheticLambda1.onResult(D8$$SyntheticClass:0)
07-29 17:45:00.313  2463  5533 W Bundle  : 	at android.os.RemoteCallback.sendResult(RemoteCallback.java:76)
07-29 17:45:00.313  2463  5533 W Bundle  : 	at android.os.RemoteCallback$1.sendResult(RemoteCallback.java:53)
07-29 17:45:00.313  2463  5533 W Bundle  : 	at android.os.IRemoteCallback$Stub.onTransact(IRemoteCallback.java:85)
07-29 17:45:00.313  2463  5533 W Bundle  : 	at android.os.Binder.execTransactInternal(Binder.java:1512)
07-29 17:45:00.313  2463  5533 W Bundle  : 	at android.os.Binder.execTransact(Binder.java:1451)
07-29 17:45:00.314 18854 18878 W ContentResolver: Failed to get type for: content://com.alibaba.aliexpress.android.search.nav.SearchSuggestionProvider/products (Unknown URL content://com.alibaba.aliexpress.android.search.nav.SearchSuggestionProvider/products)
07-29 17:45:00.314  2463  4205 I MiuiNetworkPolicy: updateUidState uid = 10303, uidState = 19
07-29 17:45:00.314  2463  4205 I MiuiNetworkPolicy: updateUidState uid = 10169, uidState = 15
07-29 17:45:00.368  1827  2108 I SDM     : DisplayBase::CommitThread: Received idle timeout, panel: cmd, timeout: 70000 us
07-29 17:45:00.430 20805 20845 I mit.droidbotapp: ProcessProfilingInfo new_methods=5 is saved saved_to_disk=1 resolve_classes_delay=8000
07-29 17:45:00.695  2463  5533 I ActivityManager: Broadcasting: Intent { act=android.intent.action.MEDIA_SCANNER_SCAN_FILE dat=file:///... flg=0x400000 }
07-29 17:45:00.697  2463  5533 I ActivityManager: Enqueued broadcast Intent { act=android.intent.action.MEDIA_SCANNER_SCAN_FILE dat=file:///... flg=0x400000 }: 0
07-29 17:45:00.699 13242 13242 W MiuiGallery2_BaseMediaScannerReceiver: [main] - Broadcast received, action: [android.intent.action.MEDIA_SCANNER_SCAN_FILE], data uri: [file:///sdcard/screen_2025-07-29_174459.png], CTA not allowed
07-29 17:45:00.701  2463  4205 I MiuiNetworkPolicy: updateUidState uid = 10271, uidState = 11
07-29 17:45:00.703  2463  4205 I MiuiNetworkPolicy: updateUidState uid = 10271, uidState = 19
07-29 17:45:00.705  7633  7633 I MediaProvider: receive action = android.intent.action.MEDIA_SCANNER_SCAN_FILE schemeSpecificPart = ///sdcard/screen_2025-07-29_174459.png
07-29 17:45:00.706  2463  5533 W JobInfo : Job 'com.android.providers.media.module/com.android.providers.media.MediaService#-300' has a deadline with no functional constraints. The deadline won't improve job execution latency. Consider removing the deadline.
07-29 17:45:00.708  8724 17530 W lyra-mdns-core: _deal_timeout query _lyra-mdns._udp.local[0C] timeout!
07-29 17:45:00.708  1844  1844 I vendor.qti.hardware.servicetrackeraidl-service: bindService is called for service : com.android.providers.media.module/com.android.providers.media.MediaService and for client system
07-29 17:45:00.708  1844  1844 I vendor.qti.hardware.servicetrackeraidl-service: total connections for service : com.android.providers.media.module/com.android.providers.media.MediaServiceare :1
07-29 17:45:00.708  1844  1844 I vendor.qti.hardware.servicetrackeraidl-service: total connections for client : systemare :32
07-29 17:45:00.709  2463  4404 I whetstone.activity: processNotifyEvent1 resId = 256, bundle = Bundle[{startTime=8139029, sourcePkg=com.android.providers.media.module, sourceUid=10249, status=1, jobId=-300, batteryName=com.android.providers.media.module/com.android.providers.media.MediaService, elapsedRealtime=8139028}]
07-29 17:45:00.710  9339  2808 I EventMonitor: notifyEvent resId=256
07-29 17:45:00.714  2463  2506 I ActivityManager: Broadcast completed: result=0
07-29 17:45:00.714  7633  8793 I MediaProvider: Begin Intent { act=android.intent.action.MEDIA_SCANNER_SCAN_FILE dat=file:///... flg=0x1400010 cmp=com.android.providers.media.module/com.android.providers.media.MediaService }
07-29 17:45:00.724  7633  8793 I MediaProvider: End Intent { act=android.intent.action.MEDIA_SCANNER_SCAN_FILE dat=file:///... flg=0x1400010 cmp=com.android.providers.media.module/com.android.providers.media.MediaService }
07-29 17:45:00.726  1844  1844 I vendor.qti.hardware.servicetrackeraidl-service: unbindService is called for service : com.android.providers.media.module/com.android.providers.media.MediaService and for client system
07-29 17:45:00.726  1844  1844 I vendor.qti.hardware.servicetrackeraidl-service: size of service connections for service: com.android.providers.media.module/com.android.providers.media.MediaServiceafter removal is 0
07-29 17:45:00.726  1844  1844 I vendor.qti.hardware.servicetrackeraidl-service: size of client connections for client: systemafter removal is 31
07-29 17:45:00.726  1844  1844 I vendor.qti.hardware.servicetrackeraidl-service: destroyService is called for service : com.android.providers.media.module/com.android.providers.media.MediaService
07-29 17:45:00.726  2463  4404 I whetstone.activity: processNotifyEvent1 resId = 256, bundle = Bundle[{startTime=8139044, sourcePkg=com.android.providers.media.module, sourceUid=10249, status=0, jobId=-300, batteryName=com.android.providers.media.module/com.android.providers.media.MediaService, elapsedRealtime=8139044}]
07-29 17:45:00.727  9339  2808 I EventMonitor: notifyEvent resId=256
07-29 17:45:00.733  2463  4412 I SmartPower: com.android.vending/10124(29672): background->idle(3002ms) R(broadcast start Intent { act=android.intent.action.PACKAGE_ADDED dat=package: flg=0x4000010 (has extras) }) adj=100.
07-29 17:45:00.733  2463  4412 I SmartPower: com.android.vending:background/10124(29792): background->idle(3001ms) R(broadcast start Intent { act=android.intent.action.PACKAGE_ADDED dat=package: flg=0x4000010 (has extras) }) adj=905.
07-29 17:45:00.737  2463  4412 I SmartPower: android.process.acore/10083(6721): background->idle(3000ms) R(broadcast start Intent { act=android.intent.action.PACKAGE_ADDED dat=package: flg=0x4000010 (has extras) }) adj=905.
07-29 17:45:00.739  2463  4412 I SmartPower: com.mfashiongallery.emag/10262(8261): background->idle(3000ms) R(broadcast start Intent { act=android.intent.action.PACKAGE_ADDED dat=package: flg=0x4000010 (has extras) }) adj=905.
07-29 17:45:00.745  2463  4412 I SmartPower: com.miui.voiceassist:core/10193(7664): background->idle(3003ms) R(broadcast start Intent { act=android.intent.action.PACKAGE_ADDED dat=package: flg=0x4000010 (has extras) }) adj=100.
07-29 17:45:00.751  2463  4412 I SmartPower: com.xiaomi.aicr:actionprovider/10127(12677): background->idle(3002ms) R(broadcast start Intent { act=android.intent.action.PACKAGE_ADDED dat=package: flg=0x4000010 (has extras) }) adj=915.
07-29 17:45:00.751  2463  4412 I SmartPower: android.process.mediaUI/10261(13434): background->idle(3002ms) R(broadcast start Intent { act=android.intent.action.PACKAGE_ADDED dat=package: flg=0x4000010 (has extras) }) adj=905.
07-29 17:45:00.752  2463  4412 I SmartPower: com.miui.gallery/10271(13242): background->idle(3001ms) R(broadcast start Intent { act=android.intent.action.PACKAGE_ADDED dat=package: flg=0x4000010 (has extras) }) adj=905.
07-29 17:45:00.754  2463  4412 I SmartPower: com.google.android.documentsui/10100(21132): background->idle(3002ms) R(broadcast start Intent { act=android.intent.action.PACKAGE_ADDED dat=package: flg=0x4000010 (has extras) }) adj=905.
07-29 17:45:00.754  2463  4412 I SmartPower: com.microsoft.emmx/10311(21222): background->idle(3002ms) R(broadcast start Intent { act=android.intent.action.PACKAGE_ADDED dat=package: flg=0x4000010 (has extras) }) adj=975.
07-29 17:45:00.754  2463  4412 I SmartPower: com.milink.service:audio/10178(19382): background->idle(3002ms) R(broadcast start Intent { act=android.intent.action.PACKAGE_ADDED dat=package: flg=0x4000010 (has extras) }) adj=200.
07-29 17:45:00.754  2463  4412 I SmartPower: com.milink.crossdeviceservice/10178(27042): background->idle(3002ms) R(broadcast start Intent { act=android.intent.action.PACKAGE_ADDED dat=package: flg=0x4000010 (has extras) }) adj=905.
07-29 17:45:00.775  2463  4412 I SmartPower: com.xiaomi.market:widgetProvider/10167(21353): background->idle(3005ms) R(broadcast start Intent { act=com.xiaomi.market.APP_STATUS_CHANGED flg=0x30 cmp=com.xiaomi.market/.business_ui.widget.NewGameWidgetProvider (has extras) }) adj=905.
07-29 17:45:00.776  2463  4412 I SmartPower: com.xiaomi.market/10167(2740): background->idle(3023ms) R(broadcast start Intent { act=com.xiaomi.market.APP_STATUS_CHANGED flg=0x30 cmp=com.xiaomi.market/.business_ui.widget.NewGameWidgetProvider (has extras) }) adj=905.
07-29 17:45:00.914  3117  3117 I adbd    : in ShellService: rm /sdcard/screen_2025-07-29_174459.png
07-29 17:45:00.950  7633 20214 I MediaProvider: Deleted paths_hashcode::1389444597/:1389444597/1442736579459.png items on external_primary due to com.android.shell tid=21381
07-29 17:45:01.031  3117  3117 I adbd    : in ShellService: ps
07-29 17:45:01.084  3117  3117 I adbd    : in ShellService: dumpsys display
07-29 17:45:01.249  3117  3117 I adbd    : in ShellService: wm size
07-29 17:45:01.347  3117  3117 I adbd    : in ShellService: dumpsys input
07-29 17:45:01.428  3117  3117 I adbd    : in ShellService: getprop ro.sf.lcd_density
07-29 17:45:01.513  3117  3117 I adbd    : in ShellService: am force-stop co.feeld
07-29 17:45:01.561  2463  5065 I ActivityManager: Force stopping co.feeld appid=10352 user=0: from process:21409
07-29 17:45:01.565  2463  5065 I ClipboardServiceI: removeActivePermissionOwnerForPackage: paste client  clear self pkg = co.feeld
07-29 17:45:01.566  2463  5065 I AppsFilter: interaction: PackageSetting{d4d21c1 com.android.microdroid.empty_payload/10236} -> PackageSetting{6665d66 co.feeld/10352} BLOCKED
07-29 17:45:01.567  2463  5065 I AppsFilter: interaction: PackageSetting{cef08a7 io.appium.uiautomator2.server.test/10280} -> PackageSetting{6665d66 co.feeld/10352} BLOCKED
07-29 17:45:01.567  2463  5065 I AppsFilter: interaction: PackageSetting{e93c154 io.github.ylimit.droidbotapp/10351} -> PackageSetting{6665d66 co.feeld/10352} BLOCKED
07-29 17:45:01.567  2463  5065 I AppsFilter: interaction: PackageSetting{4c918fd com.rongcard.eid/10151} -> PackageSetting{6665d66 co.feeld/10352} BLOCKED
07-29 17:45:01.567  2463  5065 I AppsFilter: interaction: PackageSetting{d798843 io.appium.settings/10274} -> PackageSetting{6665d66 co.feeld/10352} BLOCKED
07-29 17:45:01.577  2463  5065 W ParceledListSlice: Element #8 is 20788 bytes.
07-29 17:45:01.577  2463  5065 W ParceledListSlice: Element #9 is 20768 bytes.
07-29 17:45:01.580  7773  7773 E RegisteredServicesCache: Skipping application component ComponentInfo{com.UCMobile/com.alibaba.ariver.commonability.device.jsapi.nfc.service.TinyAppHostApduService}: it must request the permission android.permission.NFC
07-29 17:45:01.580  7773  7773 E RegisteredServicesCache: Skipping application component ComponentInfo{com.UCMobile/com.alipay.mobile.aompdevice.nfc.service.TinyAppHostApduService}: it must request the permission android.permission.NFC
07-29 17:45:01.580  7773  7773 E RegisteredServicesCache: Skipping application component ComponentInfo{com.autonavi.minimap/com.alibaba.ariver.commonability.device.jsapi.nfc.service.TinyAppHostApduService}: it must request the permission android.permission.NFC
07-29 17:45:01.580  7773  7773 E RegisteredServicesCache: Skipping application component ComponentInfo{com.autonavi.minimap/com.alipay.mobile.aompdevice.nfc.service.TinyAppHostApduService}: it must request the permission android.permission.NFC
07-29 17:45:01.582  7773  7773 I RegisteredServicesCache: current user: 0, is managed profile : false
07-29 17:45:01.583  7773  7773 I RegisteredAidCache: updateRoutingLocked(false): Enter
07-29 17:45:01.583  7773  7773 I AidRoutingManager: configureRouting(false): Enter
07-29 17:45:01.583  7773  7773 E AidRoutingManager: Size of routing table970
07-29 17:45:01.583  7773  7773 I RegisteredAidCache: updateRoutingLocked(false): exit
07-29 17:45:01.584  7773  7773 I libnfc_nci: [INFO:NativeT4tNfcee.cpp(870)] nfcManager_isFwSupportNonStdT4TAid Enter isFwSupport = 1
07-29 17:45:01.584  7773  7773 I libnfc_nci: [INFO:SecureElement.cpp(1487)] SecureElement::getEseHandleFromGenericId: enter; ESE-ID = 0x7F
07-29 17:45:01.584  7773  7773 I libnfc_nci: [INFO:SecureElement.cpp(1528)] SecureElement::getEseHandleFromGenericId: enter; ESE-Handle = 0x410
07-29 17:45:01.585  7773  7773 I libnfc_nci: [INFO:SecureElement.cpp(1487)] SecureElement::getEseHandleFromGenericId: enter; ESE-ID = 0x00
07-29 17:45:01.585  7773  7773 I libnfc_nci: [INFO:SecureElement.cpp(1528)] SecureElement::getEseHandleFromGenericId: enter; ESE-Handle = 0x400
07-29 17:45:01.586  4897 30714 I SecureElement-Terminal-eSE1: isSecureElementPresent()
07-29 17:45:01.586  1746  1746 I android.hardware.secure_element-service.qti: isCardPresent
07-29 17:45:01.586  1746  1746 I android.hardware.secure_element-service.qti: isCardPresent exit, cardPresent: 1
07-29 17:45:01.587  4897 30714 I SecureElement-Terminal-SIM1: isSecureElementPresent()
07-29 17:45:01.588  4897 30714 I SecureElement-Terminal-SIM1: isNfcEventAllowed: No access rules for checking.
07-29 17:45:01.588  4897 30714 I SecureElement-Terminal-SIM2: isSecureElementPresent()
07-29 17:45:01.637  3117  3117 I adbd    : in ShellService: input keyevent HOME
07-29 17:45:01.692  2463  5530 W MIUIInput: Input event injection from package: null action ACTION_DOWN keycode 3
07-29 17:45:01.692  2463  5530 W MiuiInputKeyEventLog: keyCode:3 down:true eventTime:8140011 downTime:8140011 policyFlags:2b000000 flags:0 metaState:0 deviceId:-1 isScreenOn:true keyguardActive:false repeatCount:0
07-29 17:45:01.695  2105  2105 E DisplayModeController: setDesiredMode : Idle status skip setActiveMode, isDdicIdleMode: 1
07-29 17:45:01.696  2463  2528 W ActivityManagerServiceImpl: Sending non-protected broadcast com.miui.fullscreen_state_change from system 2463:system/1000 pkg android. Callers=com.android.server.am.ActivityManagerService.checkBroadcastFromSystem:16255 com.android.server.am.ActivityManagerService.broadcastIntentLockedTraced:17126 com.android.server.am.ActivityManagerService.broadcastIntentLocked:16315 com.android.server.am.ActivityManagerService.broadcastIntentWithFeature:17337 android.app.ContextImpl.sendBroadcastAsUser:1495 
07-29 17:45:01.697  2463  5530 W MIUIInput: Input event injection from package: null action ACTION_UP keycode 3
07-29 17:45:01.697  2463  5530 W MiuiInputKeyEventLog: keyCode:3 down:false eventTime:8140015 downTime:8140011 policyFlags:2b000000 flags:0 metaState:0 deviceId:-1 isScreenOn:true keyguardActive:false repeatCount:0
07-29 17:45:01.697  2463  4068 E MiuiInputKeyEventLog: before go to home
07-29 17:45:01.700  2463  2528 W ActivityManagerServiceImpl: Sending non-protected broadcast com.miui.launch_home_from_hotkey from system 2463:system/1000 pkg android. Callers=com.android.server.am.ActivityManagerService.checkBroadcastFromSystem:16255 com.android.server.am.ActivityManagerService.broadcastIntentLockedTraced:17126 com.android.server.am.ActivityManagerService.broadcastIntentLocked:16315 com.android.server.am.ActivityManagerService.broadcastIntentWithFeature:17337 android.app.ContextImpl.sendBroadcastAsUser:1536 
07-29 17:45:01.700  1827  2399 I SDM     : HWCDisplay::SetActiveConfigWithConstraints: display:66-0, config: 3, WxH 1200x2670, fps 120
07-29 17:45:01.701  1827  2399 W SDM     : HWDeviceDRM::GetSupportedBitClkRate: Requested rate not supported: 1150000000
07-29 17:45:01.701  1827  2399 I SDM     : HWDeviceDRM::UpdateMixerAttributes: Mixer WxH 1200x2670-1 for Peripheral
07-29 17:45:01.701  1827  2399 I SDM     : HWCDisplay::SubmitDisplayConfig: Active configuration changed from config 1 to 3
07-29 17:45:01.701  1827  2399 I SDM     : HWCDisplay::SubmitDisplayConfig: Active WxH 1200x2670 ,ddic_mode:auto, timing_fps: 120, sf_fps: 120
07-29 17:45:01.706  8013  8013 I VideoToolBoxService: onReceive: android.intent.action.CLOSE_SYSTEM_DIALOGS
07-29 17:45:01.706  8013  8013 I GameBoosterService: onReceive: android.intent.action.CLOSE_SYSTEM_DIALOGS
07-29 17:45:01.706  4979  4979 I ControlCenterExpandController: hide panel true true
07-29 17:45:01.707  1827  2752 I vendor.qti.hardware.display.composer-service: Sensor: notify citsensorservice to trigger cwb, misForced = 0
07-29 17:45:01.707  2463  4068 W ActivityTaskManager: callingPackage for (uid=-1, pid=0) has no WPC
07-29 17:45:01.708  4979  4979 I VolumeShowHideAnimator: isRunning: false, mExpanded: false
07-29 17:45:01.708  4979  4979 I VolumeExpandCollapsedAnimator: isRunning: false, mExpanded: false
07-29 17:45:01.708  4979  4979 I VolumePanelViewController_true: dismissH mShowing:false, reason:volume_controller, isAnimating: false, needShowDialog=true, KeyAnimatingStream=-1
07-29 17:45:01.708  4979  4979 I VolumeShowHideAnimator: isRunning: false, mExpanded: false
07-29 17:45:01.708  4979  4979 I VolumeExpandCollapsedAnimator: isRunning: false, mExpanded: false
07-29 17:45:01.708  3002  4297 I libsensor-parseRGB: request dump start for mRequestDisplayId 0
07-29 17:45:01.708  4979  4979 I VolumePanelViewController_false: dismissH mShowing:false, reason:volume_controller, isAnimating: false, needShowDialog=false, KeyAnimatingStream=-1
07-29 17:45:01.708  2463  4068 W OptProp : Cannot read opt property android.window.PROPERTY_COMPAT_ALLOW_ORIENTATION_OVERRIDE
07-29 17:45:01.709  2463  4068 E ActivityTaskManager: Unable to get servicetracker HAL instance
07-29 17:45:01.709  2463  4068 E ActivityTaskManager: Unable to get servicetracker HAL instance
07-29 17:45:01.709  2463  4068 E WindowManager: setClientVisible ActivityRecord{5f71831 u0 com.miui.home/.launcher.Launcher true
07-29 17:45:01.709  2463  4068 W OptProp : Cannot read opt property android.window.PROPERTY_COMPAT_ALLOW_RESIZEABLE_ACTIVITY_OVERRIDES
07-29 17:45:01.709  2463  4068 W OptProp : Cannot read opt property android.window.PROPERTY_COMPAT_ALLOW_MIN_ASPECT_RATIO_OVERRIDE
07-29 17:45:01.710  2463  4068 I AnimInterruptController: FIS notify Foresee interrupt start:163
07-29 17:45:01.711  2463  4068 I ActivityTaskManager: isKeyguardEditor: false, newTransition: TransitionRecord{bc47c97 id=164 type=OPEN flags=0x0}
07-29 17:45:01.714  2463  4068 I ActivityTaskManager: START u0 {act=android.intent.action.MAIN cat=[android.intent.category.HOME] flg=0x10000100 cmp=com.miui.home/.launcher.Launcher (has extras)} with LAUNCH_SINGLE_TASK from uid 0 from pid 0 callingPackage null callers: com.android.server.wm.RootWindowContainer.lambda$startHomeOnDisplay$11:1607 com.android.server.wm.RootWindowContainer.$r8$lambda$DFaa7QLApF8rlf4uiy_4K0Hxf2Y:0 com.android.server.wm.RootWindowContainer$$ExternalSyntheticLambda50.apply:0 com.android.server.wm.TaskDisplayArea.reduceOnAllTaskDisplayAreas:526  (BAL_ALLOW_ALLOWLISTED_UID) result code=3
