07-29 17:45:12.244 11373 21721 I CCodecBufferChannel: }
07-29 17:45:12.245  2949 12472 E Codec2-ComponentInterface: We have a failed config
07-29 17:45:12.245 11373 21720 I CCodecBufferChannel: [c2.android.mp3.decoder#852] Created output block pool with allocatorID 16 => poolID 68 - OK
07-29 17:45:12.245  1857  3485 I QC2CompStore: Setting heap usage to system
07-29 17:45:12.245 11373 21720 I CCodecBufferChannel: [mId: 0] [audio-debug-dec] start: outputFormat: AMessage(what = 0x00000000) = {
07-29 17:45:12.245 11373 21720 I CCodecBufferChannel:   int32_t buffer-batch-max-output-size = 0
07-29 17:45:12.245 11373 21720 I CCodecBufferChannel:   int32_t buffer-batch-threshold-output-size = 0
07-29 17:45:12.245 11373 21720 I CCodecBufferChannel:   int32_t channel-count = 1
07-29 17:45:12.245 11373 21720 I CCodecBufferChannel:   string mime = "audio/raw"
07-29 17:45:12.245 11373 21720 I CCodecBufferChannel:   int32_t sample-rate = 11025
07-29 17:45:12.245 11373 21720 I CCodecBufferChannel:   int32_t encoder-delay = 528
07-29 17:45:12.245 11373 21720 I CCodecBufferChannel:   int32_t encoder-padding = 1584
07-29 17:45:12.245 11373 21720 I CCodecBufferChannel:   int32_t android._config-pcm-encoding = 2
07-29 17:45:12.245 11373 21720 I CCodecBufferChannel: }
07-29 17:45:12.245 11373 21721 I DMABUFHEAPS: Using DMA-BUF heap named: system
07-29 17:45:12.246  2949  3368 E Codec2-ComponentInterface: We have a failed config
07-29 17:45:12.247 11373 11373 I ViewRootImpl: co.feeld/co.feeld.Default use first frame acceleration
07-29 17:45:12.247 11373 21720 I MediaCodec: [mId: 0] [audio-debug-dec] setState: STARTED
07-29 17:45:12.248 11373 21721 I MediaCodec: [mId: 1] [audio-debug-dec] setState: STARTED
07-29 17:45:12.250  7989  8099 I ActivityObserverUtil: activityResumed ComponentInfo{co.feeld/co.feeld.MainActivity}
07-29 17:45:12.250  3118 20889 I VA_ActivityStateHelper: activityResumed componentName ComponentInfo{co.feeld/co.feeld.MainActivity}
07-29 17:45:12.251  3118 20889 I VA_ActivityStateHelper: activityResumed mAiSkillPush is false
07-29 17:45:12.251  7989  8099 I TopActivityMonitor: send TopActivityChangeEvent=TopActivityChangeEvent(prev=ComponentInfo{com.miui.home/com.miui.home.launcher.Launcher}, current=ComponentInfo{co.feeld/co.feeld.MainActivity},appChanged=true)
07-29 17:45:12.252 11373 21712 I MediaCodec: [mId: 0] [audio-debug-dec] queueInputBuffer: index: 0 pts: 0 timediff: 0
07-29 17:45:12.254  2949 21762 I C2SoftMp3Dec: Reconfiguring decoder: 0->11025 Hz, 0->1 channels
07-29 17:45:12.253  4979  5212 I MultiTaskingTaskRepository: needSkip: is home task
07-29 17:45:12.254  2463  5441 I MultiSenceManagerInternalStub: getInstance
07-29 17:45:12.254  4979  5212 I MiuiBubbleController: removeBubble: 199 reason=2
07-29 17:45:12.254  4979  5212 I MultiTaskingTaskRepository: onTaskInfoChanged multi list = [], full = [199, 188, 177]
07-29 17:45:12.256  7989  8099 I travelService_ActivityObserverUtils: activityResumed ComponentInfo{co.feeld/co.feeld.MainActivity}
07-29 17:45:12.256  7989  8099 I travelService_TopActivityMonitor: appUmeInfoListFromServer is null
07-29 17:45:12.256  7989  8099 I travelService_TopActivityMonitor: user change app but last app packageName out of ume range
07-29 17:45:12.256  7989  8099 I travelService_TopActivityMonitor: appInfoListFromServer is null
07-29 17:45:12.256  7989  8099 I travelService_TopActivityMonitor: user change app but last app packageName out of crgt range
07-29 17:45:12.256 11373 21713 I MediaCodec: [mId: 1] [audio-debug-dec] queueInputBuffer: index: 0 pts: 0 timediff: 0
07-29 17:45:12.257 11373 21712 I MediaCodec: [mId: 0] [audio-debug-dec] queueInputBuffer: index: 1 pts: 52244 timediff: 6
07-29 17:45:12.257 12560 17903 I AIRC_CounterTrack: collect: signal-TopActivityPerception
07-29 17:45:12.257 12560 17903 I MMKV    : <MMKV.cpp:1170::sync> MMKV::sync, SyncFlag = 1
07-29 17:45:12.258 11373 11373 W libc    : Access denied finding property "vendor.gpp.create_frc_extension"
07-29 17:45:12.258  2105  2749 W ServiceManagerCppClient: Permission failure: android.permission.ACCESS_SURFACE_FLINGER from uid=10352 pid=11373
07-29 17:45:12.258  2105  2235 W ServiceManagerCppClient: Permission failure: android.permission.ACCESS_SURFACE_FLINGER from uid=10352 pid=0
07-29 17:45:12.258  2105  2749 W ServiceManagerCppClient: Permission failure: android.permission.ROTATE_SURFACE_FLINGER from uid=10352 pid=11373
07-29 17:45:12.258  2105  2749 W ServiceManagerCppClient: Permission failure: android.permission.INTERNAL_SYSTEM_WINDOW from uid=10352 pid=11373
07-29 17:45:12.258  2105  2235 W ServiceManagerCppClient: Permission failure: android.permission.ROTATE_SURFACE_FLINGER from uid=10352 pid=0
07-29 17:45:12.258  4497  4497 W RecentsImpl: updateStubViewVisibility, className=co.feeld.MainActivity
07-29 17:45:12.258  4497  5295 W RecentsImpl: disableTouchBySwipeStatusBar    disable=false
07-29 17:45:12.259 11373 21712 I MediaCodec: [mId: 0] [audio-debug-dec] queueInputBuffer: index: 2 pts: 104489 timediff: 1
07-29 17:45:12.259  4497  5295 W RecentsImpl: disableBackStubWindow    disableTouch=false
07-29 17:45:12.260  4497  5295 W GestureStubView_Left: adaptRotation   currentRotation=0   mRotation=0
07-29 17:45:12.261  4497  5295 W GestureStubView_Right: adaptRotation   currentRotation=0   mRotation=0
07-29 17:45:12.262 11373 21719 I MiuiProcessManagerImpl: setSchedFifo pid:11373, mode:3
07-29 17:45:12.262  2949 21763 I C2SoftMp3Dec: Reconfiguring decoder: 0->11025 Hz, 0->1 channels
07-29 17:45:12.263 11373 21713 I MediaCodec: [mId: 1] [audio-debug-dec] queueInputBuffer: index: 1 pts: 52244 timediff: 6
07-29 17:45:12.264  1022  1022 I hwservicemanager: getTransport: Cannot find entry android.hardware.graphics.allocator@4.0::IAllocator/default in either framework or device VINTF manifest.
07-29 17:45:12.264 11373 21713 I MediaCodec: [mId: 1] [audio-debug-dec] queueInputBuffer: index: 2 pts: 104489 timediff: 2
07-29 17:45:12.269 11373 11373 W RenderThread: type=1400 audit(0.0:11056): avc:  denied  { getattr } for  path="/sys/module/metis/parameters/minor_window_app" dev="sysfs" ino=74657 scontext=u:r:untrusted_app_30:s0:c96,c257,c512,c768 tcontext=u:object_r:sysfs_migt:s0 tclass=file permissive=0 app=co.feeld
07-29 17:45:12.277  2463  5121 W ServiceManagerCppClient: Permission failure: android.permission.ACCESS_SURFACE_FLINGER from uid=10352 pid=0
07-29 17:45:12.277  2463  5121 W ServiceManagerCppClient: Permission failure: android.permission.ROTATE_SURFACE_FLINGER from uid=10352 pid=0
07-29 17:45:12.277  2463  5121 W ServiceManagerCppClient: Permission failure: android.permission.INTERNAL_SYSTEM_WINDOW from uid=10352 pid=0
07-29 17:45:12.278  2463  2517 I WindowManager: onFirstWindowDrawn, try to remove startingWindow. this = ActivityRecord{36232be u0 co.feeld/.Default t199} associatedTask = null isMainWindow = true mStartingWindow = Window{d50d0a0 u0 Splash Screen co.feeld} mStartingData = SplashScreenStartingData{161fab1 waitForSyncTransactionCommit=false removeAfterTransaction= 0}
07-29 17:45:12.279  2463  2517 I ATMSImpl: No snapshot since not start by launcher, activity=co.feeld/.MainActivity
07-29 17:45:12.284  2463  2506 I ActivityTaskManager: Displayed co.feeld/.Default for user 0: +323ms
07-29 17:45:12.285  1844  1844 I vendor.qti.hardware.servicetrackeraidl-service: bindService is called for service : com.android.vending/com.google.android.finsky.externalreferrer.GetInstallReferrerService and for client co.feeld
07-29 17:45:12.285  2463  2517 I WindowManager: wms.showSurfaceRobustly mWin:Window{9cb4dde u0 co.feeld/co.feeld.Default}
07-29 17:45:12.285  1844  1844 I vendor.qti.hardware.servicetrackeraidl-service: total connections for service : com.android.vending/com.google.android.finsky.externalreferrer.GetInstallReferrerServiceare :1
07-29 17:45:12.285  1844  1844 I vendor.qti.hardware.servicetrackeraidl-service: total connections for client : co.feeldare :2
07-29 17:45:12.287  1844  1844 I vendor.qti.hardware.servicetrackeraidl-service: unbindService is called for service : com.android.vending/com.google.android.finsky.externalreferrer.GetInstallReferrerService and for client co.feeld
07-29 17:45:12.288 11373 21753 W unknown:ReactContext: initializeMessageQueueThreads() is called.
07-29 17:45:12.288 11373 21753 W [REANIMATED]: Since 2.5.0, Reanimated autoinstalls on Android - you can remove getJSIModulePackage() override in MainApplication.java.
07-29 17:45:12.290  4979  5421 W qdgralloc: getInterlacedFlag: getMetaData returned 3, defaulting to interlaced_flag = 0
07-29 17:45:12.294  1827  2399 I MiClstc : DropLayers erase layer 639
07-29 17:45:12.297  1844  1844 I vendor.qti.hardware.servicetrackeraidl-service: bindService is called for service : com.google.android.gms/.ads.identifier.service.AdvertisingIdService and for client com.google.android.gms
07-29 17:45:12.297  1844  1844 I vendor.qti.hardware.servicetrackeraidl-service: total connections for service : com.google.android.gms/.ads.identifier.service.AdvertisingIdServiceare :1
07-29 17:45:12.297  1844  1844 I vendor.qti.hardware.servicetrackeraidl-service: total connections for client : com.google.android.gmsare :6
07-29 17:45:12.298 11373 11373 I HandWritingStubImpl: refreshLastKeyboardType: 1
07-29 17:45:12.298 11373 11373 I HandWritingStubImpl: getCurrentKeyboardType: 1
07-29 17:45:12.300  4979  5421 W qdgralloc: getInterlacedFlag: getMetaData returned 3, defaulting to interlaced_flag = 0
07-29 17:45:12.300  2463  4108 I ImeTracker: co.feeld:dd23f7c: onRequestHide at ORIGIN_SERVER reason HIDE_UNSPECIFIED_WINDOW fromUser false
07-29 17:45:12.302  2463  4108 I ImeTracker: co.feeld:dd23f7c: onCancelled at PHASE_SERVER_SHOULD_HIDE
07-29 17:45:12.302  2463  4108 W SecurityInputMethodSwitcher: first check switch to security ime: false
07-29 17:45:12.302  1827  2399 I MiClstc : DropLayers erase layer 634
07-29 17:45:12.303  2463  4108 W SecurityInputMethodSwitcher: double check switch to security ime: false
07-29 17:45:12.303  2463  4108 W SecurityInputMethodSwitcher: switch to other input method from security ime:false mayChangeToMiuiSecurityInputMethod: false current focus window: android.os.BinderProxy@3962919
07-29 17:45:12.306  2105  2749 I BpBinder: onLastStrongRef automatically unlinking death recipients: 
07-29 17:45:12.306  2463  5540 E WindowManager: setClientVisible ActivityRecord{43121b5 u0 com.miui.home/.launcher.Launcher t2} false
07-29 17:45:12.308  2463  5540 I Transition: finishTransition: updateLastSurfacePosition tf=Task{b8abcca #199 type=standard A=10352:co.feeld}
07-29 17:45:12.308  2105  2749 W VsyncModulator: setTransactionSchedule: Unexpected EarlyEnd
07-29 17:45:12.308  4979  5212 I RemoteTransitionHandlerStubImpl: invokeAndRemoveWctCB transition is null, curWctCB: null
07-29 17:45:12.308  2463  2516 E ActivityTaskManager: Unable to get servicetracker HAL instance
07-29 17:45:12.308  2463  2516 E ActivityTaskManager: Unable to get servicetracker HAL instance
07-29 17:45:12.308  4979  5421 W qdgralloc: getInterlacedFlag: getMetaData returned 3, defaulting to interlaced_flag = 0
07-29 17:45:12.309  4905  5132 W DynamicDDSService: appName is not found in cache: com.miui.home
07-29 17:45:12.310  2463  2517 E WindowManager: setClientVisible WallpaperWindowToken{386492d token=android.os.Binder@c98d157} false
07-29 17:45:12.312  4979  5212 I MultiTaskingTaskRepository: needSkip: is home task
07-29 17:45:12.313 11373 21712 I MediaCodec: [mId: 0] [audio-debug-dec] stop
07-29 17:45:12.313 11373 21720 I MediaCodec: [mId: 0] [audio-debug-dec] Stats over last 71ms:
07-29 17:45:12.313 11373 21720 I MediaCodec: [mId: 0] [audio-debug-dec] ClientName: co.feeld ComponentName: c2.android.mp3.decoder
07-29 17:45:12.313 11373 21720 I MediaCodec: [mId: 0] [audio-debug-dec] Qinput: 20, DQinput: 20 success out of 20 tries
07-29 17:45:12.313 11373 21720 I MediaCodec: [mId: 0] [audio-debug-dec] Render: 0, Drop: 20, DQoutput: 20 success out of 23 tries
07-29 17:45:12.313 11373 21720 I MediaCodec: [mId: 0] [audio-debug-dec] setState: STOPPING
07-29 17:45:12.314  4497  5505 W RecentsModel: getRunningTask   taskInfo=TaskInfo{userId=0 taskId=199 displayId=0 isRunning=true baseIntent=Intent { act=android.intent.action.MAIN cat=[android.intent.category.LAUNCHER] flg=0x10000000 cmp=co.feeld/.Default } baseActivity=ComponentInfo{co.feeld/co.feeld.MainActivity} topActivity=ComponentInfo{co.feeld/co.feeld.MainActivity} origActivity=ComponentInfo{co.feeld/co.feeld.Default} realActivity=ComponentInfo{co.feeld/co.feeld.MainActivity} numActivities=1 lastActiveTime=8150637 supportsSplitScreenMultiWindow=true supportsMultiWindow=true resizeMode=1 isResizeable=true minWidth=-1 minHeight=-1 defaultMinSize=200 token=WCT{android.window.IWindowContainerToken$Stub$Proxy@2fd277c} topActivityType=1 pictureInPictureParams=null shouldDockBigOverlays=false launchIntoPipHostTaskId=-1 lastParentTaskIdBeforePip=-1 displayCutoutSafeInsets=Rect(0, 116 - 0, 0) topActivityInfo=ActivityInfo{db9c805 co.feeld.Default} launchCookies=[] positionInParent=Point(0, 0) parentTaskId=-1 isFocused=true isVisible=true isVisibleRequested=true isSleeping=false locusId=null displayAreaFeatureId=1 isTopActivityTransparent=false appCompatTaskInfo=AppCompatTaskInfo { topActivityInSizeCompat=false topActivityInMiuiSizeCompat=false topActivityEligibleForLetterboxEducation= falseisLetterboxEducationEnabled= false isLetterboxDoubleTapEnabled= false topActivityEligibleForUserAspectRatioButton= false topActivityBoundsLetterboxed= false isFromLetterboxDoubleTap= false topActivityLetterboxVerticalPosition= -1 topActivityLetterboxHorizontalPosition= -1 topActivityLetterboxWidth=1200 topActivityLetterboxHeight=2670 isUserFullscreenOverrideEnabled=false isSystemFullscreenOverrideEnabled=false cameraCompatTaskInfo=CameraCompatTaskInfo { cameraCompatControlState=hidden freeformCameraCompatMode=inactive}} isImmersive=false mTopActivityRequestOrientation=1 mBehindAppLockPkg=null mOriginatingUid=0 isEmbedded=false shouldBeVisible=true isCreatedByOrganizer=false mIsCastMode=false mTopActivityMediaSize=null mTopActivityRecordName=ActivityRecord{36232be u0 co.feeld/.Default t199} mTopActivityOrientation=1}
07-29 17:45:12.314  2463  4205 I MiuiNetworkPolicy: updateUidState uid = 10189, uidState = 5
07-29 17:45:12.314  2463  5459 W UserManagerService: Requested status bar icon for non-badged user 0
07-29 17:45:12.314  4497  5505 E ActivityManagerWrapper: get all recent tasks force including 199
07-29 17:45:12.316  2463  4205 I MiuiNetworkPolicyTrafficLimit: updateWhiteListUidForMobileTraffic uid=10189,add=false
07-29 17:45:12.317 11373 21720 I MediaCodec: [mId: 0] [audio-debug-dec] setState: INITIALIZED
07-29 17:45:12.317  2463  4403 E HyperSentinel: -------------------------------------------------------
07-29 17:45:12.317  2463  4403 E HyperSentinel: Event_ResidentSize
07-29 17:45:12.317  2463  4403 E HyperSentinel: -> audit event by proc 11373 "usap64": RSS increasement, peak 165256kb -> 247932kb
07-29 17:45:12.317  2463  2504 I SmartPower: com.android.quicksearchbox/10136(18694): visible->invisible(85728ms) R(become invisible) adj=920.
07-29 17:45:12.317  2463  2504 I SmartPower: com.android.quicksearchbox:ApplicationsProvider/10136(18854): invisible->background(85728ms) R(become background) adj=905.
07-29 17:45:12.317 11373 21720 I MediaCodec: [mId: 0] [audio-debug-dec] setState: RELEASING
07-29 17:45:12.317  2463  2504 I SmartPower: com.android.quicksearchbox/10136(18694): invisible->background(0ms) R(become background) adj=920.
07-29 17:45:12.317  2463  4205 I MiuiNetworkPolicy: updateUidState uid = 10163, uidState = 4
07-29 17:45:12.317  2463  4205 I MiuiNetworkPolicy: updateUidState uid = 10145, uidState = 4
07-29 17:45:12.317  2463  4205 I MiuiNetworkPolicy: updateUidState uid = 10138, uidState = 5
07-29 17:45:12.318  2463  4639 I Location.SSRU: location account change uid 10352, foreground is true
07-29 17:45:12.318  2463  5129 W UserManagerService: Requested status bar icon for non-badged user 0
07-29 17:45:12.318 11373 21720 I hw-BpHwBinder: onLastStrongRef automatically unlinking death recipients
07-29 17:45:12.318  2949  3368 I hw-BpHwBinder: onLastStrongRef automatically unlinking death recipients
07-29 17:45:12.319 11373 21720 I MediaCodec: [mId: 0] [audio-debug-dec] setState: UNINITIALIZED
07-29 17:45:12.319  1827  2399 I MiClstc : DropLayers erase layer 630
07-29 17:45:12.319  1827  2399 I MiClstc : DropLayers erase layer 635
07-29 17:45:12.319  2105  2749 I BpBinder: onLastStrongRef automatically unlinking death recipients: 
07-29 17:45:12.319 11373 21720 I MediaCodec: MediaStub sendHdrInfo/sendFrameRateFloatCal/updateFrcAieAisState
07-29 17:45:12.320  4497  5505 E ActivityManagerWrapper: getRecentTasksForceIncludingTaskIdIfValid: getRecentTasks: size=3
07-29 17:45:12.320  4497  5505 E ActivityManagerWrapper:  mainTaskId=199   userId=0   windowMode=1   baseIntent=Intent { act=android.intent.action.MAIN flag=268435456 cmp=ComponentInfo{co.feeld/co.feeld.Default} }
07-29 17:45:12.320  4497  5505 E ActivityManagerWrapper:  mainTaskId=188   userId=0   windowMode=1   baseIntent=Intent { act=android.intent.action.MAIN flag=270532608 cmp=ComponentInfo{com.android.settings/com.android.settings.MainSettings} }
07-29 17:45:12.320  4497  5505 E ActivityManagerWrapper:  mainTaskId=177   userId=0   windowMode=1   baseIntent=Intent { act=android.intent.action.MAIN flag=270532608 cmp=ComponentInfo{com.getsurfboard/com.getsurfboard.ui.activity.MainActivity} }
07-29 17:45:12.321  4553  4553 I MiuiWallpaper-ImageWallpaper: onVisibilityChanged, visible = false, ret=true
07-29 17:45:12.323 31105 21810 I AdvertisingIdClient: shouldSendLog 7632868
07-29 17:45:12.323 31105 21810 I AdvertisingIdClient: GetInfoInternal elapse 31ms
07-29 17:45:12.324  2463  4205 I MiuiNetworkPolicyTrafficLimit: updateWhiteListUidForMobileTraffic uid=10138,add=false
07-29 17:45:12.324  2463  4205 I MiuiNetworkPolicy: updateUidState uid = 10135, uidState = 5
07-29 17:45:12.325  2463  5054 E WindowManager: setClientVisible WallpaperWindowToken{386492d token=android.os.Binder@c98d157} false
07-29 17:45:12.329  3002  4306 I libsensor-boledalgo: dbv:419,lux:167.3,cct:5738.0,hsv:-1.0,dc:0CWB R:115147.5,G:113785.6,B:104583.7Event C:15870.7,R:9394.0,G:5267.0,B:3165.0Cali C:4147.4,R:2438.9,G:1271.2,B:698.9 
07-29 17:45:12.330  2463  2517 E WindowManager: setClientVisible WallpaperWindowToken{386492d token=android.os.Binder@c98d157} false
07-29 17:45:12.330  2105  2749 I BpBinder: onLastStrongRef automatically unlinking death recipients: 
07-29 17:45:12.330  4497  5335 E com.miui.home: [passBlur-4497] detachFromView: abandoned SurfaceTexture
07-29 17:45:12.331  2463  4205 I MiuiNetworkPolicyTrafficLimit: updateWhiteListUidForMobileTraffic uid=10135,add=false
07-29 17:45:12.332  1844  1844 I vendor.qti.hardware.servicetrackeraidl-service: bindService is called for service : com.android.vending/com.google.android.finsky.externalreferrer.GetInstallReferrerService and for client com.google.android.gms
07-29 17:45:12.332  1844  1844 I vendor.qti.hardware.servicetrackeraidl-service: total connections for service : com.android.vending/com.google.android.finsky.externalreferrer.GetInstallReferrerServiceare :2
07-29 17:45:12.332  1844  1844 I vendor.qti.hardware.servicetrackeraidl-service: total connections for client : com.google.android.gmsare :7
07-29 17:45:12.332 11373 21713 I MediaCodec: [mId: 1] [audio-debug-dec] stop
07-29 17:45:12.332 11373 21721 I MediaCodec: [mId: 1] [audio-debug-dec] Stats over last 93ms:
07-29 17:45:12.332 11373 21721 I MediaCodec: [mId: 1] [audio-debug-dec] ClientName: co.feeld ComponentName: c2.android.mp3.decoder
07-29 17:45:12.332 11373 21721 I MediaCodec: [mId: 1] [audio-debug-dec] Qinput: 24, DQinput: 24 success out of 25 tries
07-29 17:45:12.332 11373 21721 I MediaCodec: [mId: 1] [audio-debug-dec] Render: 0, Drop: 24, DQoutput: 24 success out of 28 tries
07-29 17:45:12.332 11373 21721 I MediaCodec: [mId: 1] [audio-debug-dec] setState: STOPPING
07-29 17:45:12.334  2463  5129 I SmartPower: com.miui.personalassistant/10135(7989): visible->invisible(85791ms) R(become invisible) adj=100.
07-29 17:45:12.334  2463  5129 I SmartPower: com.miui.personalassistant/10135(7989): invisible->background(0ms) R(become background) adj=100.
07-29 17:45:12.335 11373 21721 I MediaCodec: [mId: 1] [audio-debug-dec] setState: INITIALIZED
07-29 17:45:12.335 11373 21721 I MediaCodec: [mId: 1] [audio-debug-dec] setState: RELEASING
07-29 17:45:12.336  1827  2399 I MiClstc : DropLayers erase layer 629
07-29 17:45:12.336  4497  4497 E Launcher.application: setClickAppWaitForCallback = false
07-29 17:45:12.337  2105  2235 I BpBinder: onLastStrongRef automatically unlinking death recipients: 
07-29 17:45:12.338 11373 21721 I hw-BpHwBinder: onLastStrongRef automatically unlinking death recipients
07-29 17:45:12.339  2949  3368 I hw-BpHwBinder: onLastStrongRef automatically unlinking death recipients
07-29 17:45:12.339  7989  7989 I LauncherOverlayCallback: handleMessage WHAT_ACTIVITY_STATE_CHANGED what0
07-29 17:45:12.339  7989  7989 I LauncherOverlayCallback: handleMessage WHAT_LAUNCHER_STATE what0
07-29 17:45:12.339 11373 21721 I MediaCodec: [mId: 1] [audio-debug-dec] setState: UNINITIALIZED
07-29 17:45:12.339  2949  3368 I hw-BpHwBinder: onLastStrongRef automatically unlinking death recipients
07-29 17:45:12.339 11373 21721 I MediaCodec: MediaStub sendHdrInfo/sendFrameRateFloatCal/updateFrcAieAisState
07-29 17:45:12.340  2463  6120 E ActivityTaskManager: Unable to get servicetracker HAL instance
07-29 17:45:12.340  2463  6120 E ActivityTaskManager: Unable to get servicetracker HAL instance
07-29 17:45:12.341 11373 21712 I MediaCodec: The process name is co.feeld
07-29 17:45:12.341  2463  2509 W SSRU-ResourceUsageProxy: Nonexistent ongoing transaction AW_TOP:185781428 for u:0 pkg:com.miui.home ended
07-29 17:45:12.342 11373 21712 I VideoBox: VideoBox::VideoBox
07-29 17:45:12.342 11373 21712 I VideoBox: [mId: 2] video-debug initVideobox: return false for videobox is not enabled
07-29 17:45:12.342 11373 21712 I MediaCodec: init video box disabled for init not supported
07-29 17:45:12.342 11373 21712 I VideoBox: VideoBox::~VideoBox
07-29 17:45:12.342 11373 21825 I MediaCodec: [mId: 2] [audio-debug-dec] setState: INITIALIZING
07-29 17:45:12.343  2463  2514 I Location.SSRU: foregroundActivities IS falseUID ID 10138, home is true
07-29 17:45:12.344 11373 21713 I MediaCodec: The process name is co.feeld
07-29 17:45:12.345 11373 21825 I CCodec  : setting up 'default' as default (vendor) store
07-29 17:45:12.345 11373 21713 I VideoBox: VideoBox::VideoBox
07-29 17:45:12.345 11373 21713 I VideoBox: [mId: 3] video-debug initVideobox: return false for videobox is not enabled
07-29 17:45:12.345 11373 21713 I MediaCodec: init video box disabled for init not supported
07-29 17:45:12.345 11373 21713 I VideoBox: VideoBox::~VideoBox
07-29 17:45:12.345  3118  3118 I VA_ConversationManager: lastQueryOrigin====null;fromCar=false
07-29 17:45:12.345  3118  3118 I VA_HybridLifecycleListener: onTopAppChanged: newApp=co.feeld from=com.miui.home fromPkg=co.feeld
07-29 17:45:12.345 11373 21828 I MediaCodec: [mId: 3] [audio-debug-dec] setState: INITIALIZING
07-29 17:45:12.345  1844  1844 I vendor.qti.hardware.servicetrackeraidl-service: bindService is called for service : com.google.android.gms/.chimera.PersistentDirectBootAwareApiService and for client com.google.android.gms
07-29 17:45:12.345  1844  1844 I vendor.qti.hardware.servicetrackeraidl-service: total connections for service : com.google.android.gms/.chimera.PersistentDirectBootAwareApiServiceare :2
07-29 17:45:12.346  1844  1844 I vendor.qti.hardware.servicetrackeraidl-service: total connections for client : com.google.android.gmsare :7
07-29 17:45:12.346 11373 21825 I CCodec  : Created component [c2.android.mp3.decoder]
07-29 17:45:12.347 11373 21828 I CCodec  : setting up 'default' as default (vendor) store
07-29 17:45:12.348 11373 21825 I CCodecConfig: query failed after returning 8 values (BAD_INDEX)
07-29 17:45:12.348 11373 21825 I MediaCodec: [mId: 2] [audio-debug-dec] setState: INITIALIZED
07-29 17:45:12.349 11373 21813 W unknown:ViewManagerPropertyUpdater: Could not find generated setter for class com.facebook.react.views.drawer.ReactDrawerLayoutManager
07-29 17:45:12.349  9744 10033 I HeavyPackageIdentify: splitMode: false, splitPackages: null, foregroundPkg: co.feeld
07-29 17:45:12.349 11373 21712 I MediaCodec: [mId: 2] [audio-debug-dec] configure: ClientName: co.feeld ComponentName: c2.android.mp3.decoder
07-29 17:45:12.349 11373 21712 I MediaCodec: [mId: 2] [audio-debug-dec] configure: ClientFormat: AMessage(what = 0x00000000) = {
07-29 17:45:12.349 11373 21712 I MediaCodec:   string mime = "audio/mpeg"
07-29 17:45:12.349 11373 21712 I MediaCodec:   int64_t durationUs = 260625
07-29 17:45:12.349 11373 21712 I MediaCodec:   int32_t track-id = 1
07-29 17:45:12.349 11373 21712 I MediaCodec:   int32_t bitrate = 64000
07-29 17:45:12.349 11373 21712 I MediaCodec:   int32_t channel-count = 1
07-29 17:45:12.349 11373 21712 I MediaCodec:   int32_t sample-rate = 11025
07-29 17:45:12.349 11373 21712 I MediaCodec:   int32_t encoder-delay = 528
07-29 17:45:12.349 11373 21712 I MediaCodec:   int32_t encoder-padding = 1437
07-29 17:45:12.349 11373 21712 I MediaCodec: }
07-29 17:45:12.349 11373 21712 I MediaCodec: MediaStub sendDolbyVision
07-29 17:45:12.349 11373 21712 I MediaCodec: MediaStub sendPackageName
07-29 17:45:12.349 11373 21712 I MediaCodec: MediaStub sendMine
07-29 17:45:12.349 11373 21825 I MediaCodec: [mId: 2] [audio-debug-dec] setState: CONFIGURING
07-29 17:45:12.350 11373 21828 I CCodec  : Created component [c2.android.mp3.decoder]
07-29 17:45:12.350 11373 21813 W unknown:ViewManagerPropertyUpdater: Could not find generated setter for class com.facebook.react.uimanager.j
07-29 17:45:12.351 11373 21825 W Codec2Client: query -- param skipped: index = 1107298332.
07-29 17:45:12.351 11373 21813 W unknown:ViewManagerPropertyUpdater: Could not find generated setter for class com.facebook.react.views.scroll.ReactHorizontalScrollViewManager
07-29 17:45:12.351 11373 21825 I CCodecConfig: query failed after returning 8 values (BAD_INDEX)
07-29 17:45:12.351 11373 21825 I MediaCodec: [mId: 2] [audio-debug-dec] setState: CONFIGURED
07-29 17:45:12.351 11373 21825 I MediaCodec: [mId: 2] [audio-debug-dec] setState: STARTING
07-29 17:45:12.351 11373 21813 W unknown:ViewManagerPropertyUpdater: Could not find generated setter for class com.facebook.react.views.scroll.ReactHorizontalScrollContainerViewManager
07-29 17:45:12.352 11373 21813 W unknown:ViewManagerPropertyUpdater: Could not find generated setter for class com.facebook.react.views.progressbar.ReactProgressBarViewManager
07-29 17:45:12.352 11373 21813 W unknown:ViewManagerPropertyUpdater: Could not find generated setter for class com.facebook.react.views.progressbar.b
07-29 17:45:12.352 11373 21813 W unknown:ViewManagerPropertyUpdater: Could not find generated setter for class com.facebook.react.views.scroll.ReactScrollViewManager
07-29 17:45:12.353 11373 21813 W unknown:ViewManagerPropertyUpdater: Could not find generated setter for class com.facebook.react.views.slider.ReactSliderManager
07-29 17:45:12.353 11373 21825 W Codec2Client: query -- param skipped: index = 1342179345.
07-29 17:45:12.353 11373 21825 W Codec2Client: query -- param skipped: index = 2415921170.
07-29 17:45:12.353 11373 21813 W unknown:ViewManagerPropertyUpdater: Could not find generated setter for class com.facebook.react.views.slider.ReactSliderManager$c
07-29 17:45:12.353 11373 21813 W unknown:ViewManagerPropertyUpdater: Could not find generated setter for class com.facebook.react.views.switchview.ReactSwitchManager
07-29 17:45:12.353  2105  2105 E PassBlur: PassBlur.destruct will call disconnectWin(). com.miui.home/com.miui.home.launcher.Launcher#2014
07-29 17:45:12.354 11373 21813 W unknown:ViewManagerPropertyUpdater: Could not find generated setter for class com.facebook.react.views.switchview.ReactSwitchManager$b
07-29 17:45:12.354 11373 21813 W unknown:ViewManagerPropertyUpdater: Could not find generated setter for class com.facebook.react.views.swiperefresh.SwipeRefreshLayoutManager
07-29 17:45:12.354 11373 21825 I CCodecBufferChannel: [mId: 2] [audio-debug-dec] start: inputFormat: AMessage(what = 0x00000000) = {
07-29 17:45:12.354 11373 21825 I CCodecBufferChannel:   int32_t bitrate = 64000
07-29 17:45:12.354 11373 21825 I CCodecBufferChannel:   int32_t channel-count = 1
07-29 17:45:12.354 11373 21825 I CCodecBufferChannel:   int32_t max-input-size = 8192
07-29 17:45:12.354 11373 21825 I CCodecBufferChannel:   string mime = "audio/mpeg"
07-29 17:45:12.354 11373 21825 I CCodecBufferChannel:   int32_t sample-rate = 11025
07-29 17:45:12.354 11373 21825 I CCodecBufferChannel: }
07-29 17:45:12.355 11373 21813 W unknown:ViewManagerPropertyUpdater: Could not find generated setter for class com.facebook.react.views.text.frescosupport.FrescoBasedReactTextInlineImageViewManager
07-29 17:45:12.355 11373 21825 I CCodecBufferChannel: [c2.android.mp3.decoder#693] Created output block pool with allocatorID 16 => poolID 71 - OK
07-29 17:45:12.355 11373 21813 W unknown:ViewManagerPropertyUpdater: Could not find generated setter for class ec.a
07-29 17:45:12.355 11373 11373 I HandWritingStubImpl: getCurrentKeyboardType: 1
07-29 17:45:12.355 11373 21825 I CCodecBufferChannel: [mId: 2] [audio-debug-dec] start: outputFormat: AMessage(what = 0x00000000) = {
07-29 17:45:12.355 11373 21825 I CCodecBufferChannel:   int32_t buffer-batch-max-output-size = 0
07-29 17:45:12.355 11373 21825 I CCodecBufferChannel:   int32_t buffer-batch-threshold-output-size = 0
07-29 17:45:12.355 11373 21825 I CCodecBufferChannel:   int32_t channel-count = 1
07-29 17:45:12.355 11373 21825 I CCodecBufferChannel:   string mime = "audio/raw"
07-29 17:45:12.355 11373 21825 I CCodecBufferChannel:   int32_t sample-rate = 11025
07-29 17:45:12.355 11373 21825 I CCodecBufferChannel:   int32_t encoder-delay = 528
07-29 17:45:12.355 11373 21825 I CCodecBufferChannel:   int32_t encoder-padding = 1437
07-29 17:45:12.355 11373 21825 I CCodecBufferChannel:   int32_t android._config-pcm-encoding = 2
07-29 17:45:12.355 11373 21825 I CCodecBufferChannel: }
07-29 17:45:12.355 11373 21813 W unknown:ViewManagerPropertyUpdater: Could not find generated setter for class com.facebook.react.views.image.ReactImageManager
07-29 17:45:12.355  2949  4694 E Codec2-ComponentInterface: We have a failed config
07-29 17:45:12.355  1857  3485 I QC2CompStore: Setting heap usage to system
07-29 17:45:12.355 11373 21813 W unknown:ViewManagerPropertyUpdater: Could not find generated setter for class com.facebook.react.views.modal.ReactModalHostManager
07-29 17:45:12.355 11373 21828 I CCodecConfig: query failed after returning 8 values (BAD_INDEX)
07-29 17:45:12.356 11373 21813 W unknown:ViewManagerPropertyUpdater: Could not find generated setter for class com.facebook.react.views.modal.b
07-29 17:45:12.356 11373 21828 I MediaCodec: [mId: 3] [audio-debug-dec] setState: INITIALIZED
07-29 17:45:12.356 11373 21813 W unknown:ViewManagerPropertyUpdater: Could not find generated setter for class com.facebook.react.views.text.ReactRawTextManager
07-29 17:45:12.356 11373 21825 I MediaCodec: [mId: 2] [audio-debug-dec] setState: STARTED
07-29 17:45:12.356 11373 21813 W unknown:ViewManagerPropertyUpdater: Could not find generated setter for class com.facebook.react.views.text.l
07-29 17:45:12.356 11373 21813 W unknown:ViewManagerPropertyUpdater: Could not find generated setter for class com.facebook.react.views.textinput.ReactTextInputManager
07-29 17:45:12.357 11373 21813 W unknown:ViewManagerPropertyUpdater: Could not find generated setter for class com.facebook.react.views.textinput.m
07-29 17:45:12.357 11373 21813 W unknown:ViewManagerPropertyUpdater: Could not find generated setter for class com.facebook.react.views.text.ReactTextViewManager
07-29 17:45:12.358 11373 21813 W unknown:ViewManagerPropertyUpdater: Could not find generated setter for class com.facebook.react.views.text.q
07-29 17:45:12.358 11373 21813 W unknown:ViewManagerPropertyUpdater: Could not find generated setter for class com.facebook.react.views.view.ReactViewManager
07-29 17:45:12.358 11373 21813 W unknown:ViewManagerPropertyUpdater: Could not find generated setter for class com.facebook.react.views.text.ReactVirtualTextViewManager
07-29 17:45:12.358 11373 21813 W unknown:ViewManagerPropertyUpdater: Could not find generated setter for class com.facebook.react.views.text.w
07-29 17:45:12.358 11373 21813 W unknown:ViewManagerPropertyUpdater: Could not find generated setter for class com.facebook.react.views.unimplementedview.ReactUnimplementedViewManager
07-29 17:45:12.358 11373 21813 W unknown:ViewManagerPropertyUpdater: Could not find generated setter for class com.reactnativecommunity.blurview.BlurViewManager
07-29 17:45:12.358 29672 16376 I Finsky  : [1699] alel.o(259): Package com.google.android.gms is verified.
07-29 17:45:12.359 11373 21813 W unknown:ViewManagerPropertyUpdater: Could not find generated setter for class expo.modules.kotlin.views.SimpleViewManagerWrapper
07-29 17:45:12.359 11373 21713 I MediaCodec: [mId: 3] [audio-debug-dec] configure: ClientName: co.feeld ComponentName: c2.android.mp3.decoder
07-29 17:45:12.359 11373 21713 I MediaCodec: [mId: 3] [audio-debug-dec] configure: ClientFormat: AMessage(what = 0x00000000) = {
07-29 17:45:12.359 11373 21713 I MediaCodec:   string mime = "audio/mpeg"
07-29 17:45:12.359 11373 21713 I MediaCodec:   int64_t durationUs = 1253877
07-29 17:45:12.359 11373 21713 I MediaCodec:   int32_t track-id = 1
07-29 17:45:12.359 11373 21713 I MediaCodec:   int32_t bitrate = 32000
07-29 17:45:12.359 11373 21713 I MediaCodec:   int32_t channel-count = 1
07-29 17:45:12.359 11373 21713 I MediaCodec:   int32_t sample-rate = 11025
07-29 17:45:12.359 11373 21713 I MediaCodec:   int32_t encoder-delay = 528
07-29 17:45:12.359 11373 21713 I MediaCodec:   int32_t encoder-padding = 1695
07-29 17:45:12.359 11373 21713 I MediaCodec: }
07-29 17:45:12.359 11373 21713 I MediaCodec: MediaStub sendDolbyVision
07-29 17:45:12.359 11373 21713 I MediaCodec: MediaStub sendPackageName
07-29 17:45:12.359 11373 21813 W unknown:ViewManagerPropertyUpdater: Could not find generated setter for class com.airbnb.android.react.lottie.LottieAnimationViewManager
07-29 17:45:12.359  9319  9743 W PushService: [Tid:490] Http POST Response Code: 200
07-29 17:45:12.359 11373 21713 I MediaCodec: MediaStub sendMine
07-29 17:45:12.359 11373 21828 I MediaCodec: [mId: 3] [audio-debug-dec] setState: CONFIGURING
07-29 17:45:12.359 11373 21813 W unknown:ViewManagerPropertyUpdater: Could not find generated setter for class com.lwansbrough.RCTCamera.RCTCameraViewManager
07-29 17:45:12.360 31105 21810 W FA-SVC  : Service response is missing Install Referrer install timestamp
07-29 17:45:12.360 11373 21813 W unknown:ViewManagerPropertyUpdater: Could not find generated setter for class org.reactnative.camera.CameraViewManager
07-29 17:45:12.360 11373 21712 I MediaCodec: [mId: 2] [audio-debug-dec] queueInputBuffer: index: 0 pts: 0 timediff: 0
07-29 17:45:12.360 11373 21828 W Codec2Client: query -- param skipped: index = 1107298332.
07-29 17:45:12.360 11373 21828 I CCodecConfig: query failed after returning 8 values (BAD_INDEX)
07-29 17:45:12.360 11373 21828 I MediaCodec: [mId: 3] [audio-debug-dec] setState: CONFIGURED
07-29 17:45:12.360  1844  1844 I vendor.qti.hardware.servicetrackeraidl-service: unbindService is called for service : com.android.vending/com.google.android.finsky.externalreferrer.GetInstallReferrerService and for client com.google.android.gms
07-29 17:45:12.360  1844  1844 I vendor.qti.hardware.servicetrackeraidl-service: size of service connections for service: com.android.vending/com.google.android.finsky.externalreferrer.GetInstallReferrerServiceafter removal is 1
07-29 17:45:12.360  1844  1844 I vendor.qti.hardware.servicetrackeraidl-service: size of client connections for client: com.google.android.gmsafter removal is 6
07-29 17:45:12.360 11373 21813 W unknown:ViewManagerPropertyUpdater: Could not find generated setter for class com.dylanvann.fastimage.FastImageViewManager
07-29 17:45:12.361 11373 21828 I MediaCodec: [mId: 3] [audio-debug-dec] setState: STARTING
07-29 17:45:12.361 11373 21813 W unknown:ViewManagerPropertyUpdater: Could not find generated setter for class com.facebook.reactnative.androidsdk.FBLoginButtonManager
07-29 17:45:12.361 11373 21813 W unknown:ViewManagerPropertyUpdater: Could not find generated setter for class com.facebook.reactnative.androidsdk.FBSendButtonManager
07-29 17:45:12.361 11373 21828 W Codec2Client: query -- param skipped: index = 1342179345.
07-29 17:45:12.361 11373 21828 W Codec2Client: query -- param skipped: index = 2415921170.
07-29 17:45:12.361 11373 21813 W unknown:ViewManagerPropertyUpdater: Could not find generated setter for class com.facebook.reactnative.androidsdk.FBShareButtonManager
07-29 17:45:12.361  2949 21830 I C2SoftMp3Dec: Reconfiguring decoder: 0->11025 Hz, 0->1 channels
07-29 17:45:12.362 11373 21828 I CCodecBufferChannel: [mId: 3] [audio-debug-dec] start: inputFormat: AMessage(what = 0x00000000) = {
07-29 17:45:12.362 11373 21828 I CCodecBufferChannel:   int32_t bitrate = 32000
07-29 17:45:12.362 11373 21828 I CCodecBufferChannel:   int32_t channel-count = 1
07-29 17:45:12.362 11373 21828 I CCodecBufferChannel:   int32_t max-input-size = 8192
07-29 17:45:12.362 11373 21828 I CCodecBufferChannel:   string mime = "audio/mpeg"
07-29 17:45:12.362 11373 21828 I CCodecBufferChannel:   int32_t sample-rate = 11025
07-29 17:45:12.362 11373 21828 I CCodecBufferChannel: }
07-29 17:45:12.362 11373 21813 W unknown:ViewManagerPropertyUpdater: Could not find generated setter for class com.swmansion.gesturehandler.react.RNGestureHandlerRootViewManager
07-29 17:45:12.362 11373 21712 I MediaCodec: [mId: 2] [audio-debug-dec] queueInputBuffer: index: 1 pts: 52244 timediff: 1
07-29 17:45:12.362 11373 21813 W unknown:ViewManagerPropertyUpdater: Could not find generated setter for class com.swmansion.gesturehandler.react.RNGestureHandlerButtonViewManager
07-29 17:45:12.362 11373 21828 I CCodecBufferChannel: [c2.android.mp3.decoder#26] Created output block pool with allocatorID 16 => poolID 72 - OK
07-29 17:45:12.362 11373 21828 I CCodecBufferChannel: [mId: 3] [audio-debug-dec] start: outputFormat: AMessage(what = 0x00000000) = {
07-29 17:45:12.362 11373 21828 I CCodecBufferChannel:   int32_t buffer-batch-max-output-size = 0
07-29 17:45:12.362 11373 21828 I CCodecBufferChannel:   int32_t buffer-batch-threshold-output-size = 0
07-29 17:45:12.362 11373 21828 I CCodecBufferChannel:   int32_t channel-count = 1
07-29 17:45:12.362 11373 21828 I CCodecBufferChannel:   string mime = "audio/raw"
07-29 17:45:12.362 11373 21828 I CCodecBufferChannel:   int32_t sample-rate = 11025
07-29 17:45:12.362 11373 21828 I CCodecBufferChannel:   int32_t encoder-delay = 528
07-29 17:45:12.362 11373 21828 I CCodecBufferChannel:   int32_t encoder-padding = 1695
07-29 17:45:12.362 11373 21828 I CCodecBufferChannel:   int32_t android._config-pcm-encoding = 2
07-29 17:45:12.362 11373 21828 I CCodecBufferChannel: }
07-29 17:45:12.362  2949  3654 E Codec2-ComponentInterface: We have a failed config
07-29 17:45:12.362 11373 21813 W unknown:ViewManagerPropertyUpdater: Could not find generated setter for class com.th3rdwave.safeareacontext.SafeAreaProviderManager
07-29 17:45:12.362  1857  3485 I QC2CompStore: Setting heap usage to system
07-29 17:45:12.362 11373 21813 W unknown:ViewManagerPropertyUpdater: Could not find generated setter for class com.th3rdwave.safeareacontext.SafeAreaViewManager
07-29 17:45:12.362 11373 21712 I MediaCodec: [mId: 2] [audio-debug-dec] queueInputBuffer: index: 2 pts: 104489 timediff: 1
07-29 17:45:12.363 11373 21813 W unknown:ViewManagerPropertyUpdater: Could not find generated setter for class com.th3rdwave.safeareacontext.p
07-29 17:45:12.363 11373 21813 W unknown:ViewManagerPropertyUpdater: Could not find generated setter for class com.swmansion.rnscreens.ScreenContainerViewManager
07-29 17:45:12.363 11373 21828 I MediaCodec: [mId: 3] [audio-debug-dec] setState: STARTED
07-29 17:45:12.363 11373 21813 W unknown:ViewManagerPropertyUpdater: Could not find generated setter for class com.swmansion.rnscreens.ScreenViewManager
07-29 17:45:12.363 11373 21813 W unknown:ViewManagerPropertyUpdater: Could not find generated setter for class com.swmansion.rnscreens.ScreenStackViewManager
07-29 17:45:12.363 11373 21813 W unknown:ViewManagerPropertyUpdater: Could not find generated setter for class com.swmansion.rnscreens.ScreenStackHeaderConfigViewManager
07-29 17:45:12.364 11373 21813 W unknown:ViewManagerPropertyUpdater: Could not find generated setter for class com.swmansion.rnscreens.ScreenStackHeaderSubviewManager
07-29 17:45:12.364 11373 21813 W unknown:ViewManagerPropertyUpdater: Could not find generated setter for class com.swmansion.rnscreens.SearchBarManager
07-29 17:45:12.364 11373 21813 W unknown:ViewManagerPropertyUpdater: Could not find generated setter for class com.horcrux.svg.RenderableViewManager$GroupViewManager
07-29 17:45:12.365 11373 21713 I MediaCodec: [mId: 3] [audio-debug-dec] queueInputBuffer: index: 0 pts: 0 timediff: 0
07-29 17:45:12.365 11373 21813 W unknown:ViewManagerPropertyUpdater: Could not find generated setter for class com.horcrux.svg.RenderableViewManager$d
07-29 17:45:12.365 11373 21813 W unknown:ViewManagerPropertyUpdater: Could not find generated setter for class com.horcrux.svg.RenderableViewManager$PathViewManager
07-29 17:45:12.365 11373 21813 W unknown:ViewManagerPropertyUpdater: Could not find generated setter for class com.horcrux.svg.RenderableViewManager$CircleViewManager
07-29 17:45:12.366 11373 21813 W unknown:ViewManagerPropertyUpdater: Could not find generated setter for class com.horcrux.svg.RenderableViewManager$EllipseViewManager
07-29 17:45:12.366 11373 21813 W unknown:ViewManagerPropertyUpdater: Could not find generated setter for class com.horcrux.svg.RenderableViewManager$LineViewManager
07-29 17:45:12.366 11373 21813 W unknown:ViewManagerPropertyUpdater: Could not find generated setter for class com.horcrux.svg.RenderableViewManager$RectViewManager
07-29 17:45:12.366 11373 21813 W unknown:ViewManagerPropertyUpdater: Could not find generated setter for class com.horcrux.svg.RenderableViewManager$TextViewManager
07-29 17:45:12.367  2949 21836 I C2SoftMp3Dec: Reconfiguring decoder: 0->11025 Hz, 0->1 channels
07-29 17:45:12.367 11373 21813 W unknown:ViewManagerPropertyUpdater: Could not find generated setter for class com.horcrux.svg.RenderableViewManager$TSpanViewManager
07-29 17:45:12.367 11373 21813 W unknown:ViewManagerPropertyUpdater: Could not find generated setter for class com.horcrux.svg.RenderableViewManager$TextPathViewManager
07-29 17:45:12.367 11373 21713 I MediaCodec: [mId: 3] [audio-debug-dec] queueInputBuffer: index: 1 pts: 52244 timediff: 3
07-29 17:45:12.367 11373 21813 W unknown:ViewManagerPropertyUpdater: Could not find generated setter for class com.horcrux.svg.RenderableViewManager$ImageViewManager
07-29 17:45:12.367 11373 21813 W unknown:ViewManagerPropertyUpdater: Could not find generated setter for class com.horcrux.svg.RenderableViewManager$ClipPathViewManager
07-29 17:45:12.367 11373 21813 W unknown:ViewManagerPropertyUpdater: Could not find generated setter for class com.horcrux.svg.RenderableViewManager$DefsViewManager
07-29 17:45:12.368 11373 21813 W unknown:ViewManagerPropertyUpdater: Could not find generated setter for class com.horcrux.svg.RenderableViewManager$UseViewManager
07-29 17:45:12.368 11373 21813 W unknown:ViewManagerPropertyUpdater: Could not find generated setter for class com.horcrux.svg.RenderableViewManager$SymbolManager
07-29 17:45:12.368 11373 21813 W unknown:ViewManagerPropertyUpdater: Could not find generated setter for class com.horcrux.svg.RenderableViewManager$LinearGradientManager
07-29 17:45:12.368 11373 21813 W unknown:ViewManagerPropertyUpdater: Could not find generated setter for class com.horcrux.svg.RenderableViewManager$RadialGradientManager
07-29 17:45:12.368 11373 21813 W unknown:ViewManagerPropertyUpdater: Could not find generated setter for class com.horcrux.svg.RenderableViewManager$PatternManager
07-29 17:45:12.368 11373 21813 W unknown:ViewManagerPropertyUpdater: Could not find generated setter for class com.horcrux.svg.RenderableViewManager$MaskManager
07-29 17:45:12.369 11373 21813 W unknown:ViewManagerPropertyUpdater: Could not find generated setter for class com.horcrux.svg.RenderableViewManager$ForeignObjectManager
07-29 17:45:12.369 11373 21813 W unknown:ViewManagerPropertyUpdater: Could not find generated setter for class com.horcrux.svg.RenderableViewManager$MarkerManager
07-29 17:45:12.369 11373 21813 W unknown:ViewManagerPropertyUpdater: Could not find generated setter for class com.horcrux.svg.SvgViewManager
07-29 17:45:12.370 11373 21713 I MediaCodec: [mId: 3] [audio-debug-dec] queueInputBuffer: index: 2 pts: 104489 timediff: 2
07-29 17:45:12.370 11373 21813 W unknown:ViewManagerPropertyUpdater: Could not find generated setter for class com.brentvatne.react.ReactVideoViewManager
07-29 17:45:12.370 11373 21813 W unknown:ViewManagerPropertyUpdater: Could not find generated setter for class com.reactnativecommunity.webview.RNCWebViewManager
07-29 17:45:12.371 11373 21813 W unknown:ReactContext: initializeMessageQueueThreads() is called.
07-29 17:45:12.376  1844  1844 I vendor.qti.hardware.servicetrackeraidl-service: bindService is called for service : com.google.android.gms/.ads.identifier.service.AdvertisingIdService and for client co.feeld
07-29 17:45:12.376  1844  1844 I vendor.qti.hardware.servicetrackeraidl-service: total connections for service : com.google.android.gms/.ads.identifier.service.AdvertisingIdServiceare :2
07-29 17:45:12.376  1844  1844 I vendor.qti.hardware.servicetrackeraidl-service: total connections for client : co.feeldare :3
07-29 17:45:12.379 11373 11373 I Choreographer: first vsync insert message into MessageQueue Head
07-29 17:45:12.380  1844  1844 I vendor.qti.hardware.servicetrackeraidl-service: unbindService is called for service : com.google.android.gms/.ads.identifier.service.AdvertisingIdService and for client co.feeld
07-29 17:45:12.380  1844  1844 I vendor.qti.hardware.servicetrackeraidl-service: size of service connections for service: com.google.android.gms/.ads.identifier.service.AdvertisingIdServiceafter removal is 1
07-29 17:45:12.380  1844  1844 I vendor.qti.hardware.servicetrackeraidl-service: size of client connections for client: co.feeldafter removal is 2
07-29 17:45:12.382 11373 21712 I MediaCodec: [mId: 2] [audio-debug-dec] stop
07-29 17:45:12.383 11373 21825 I MediaCodec: [mId: 2] [audio-debug-dec] Stats over last 31ms:
07-29 17:45:12.383 11373 21825 I MediaCodec: [mId: 2] [audio-debug-dec] ClientName: co.feeld ComponentName: c2.android.mp3.decoder
07-29 17:45:12.383 11373 21825 I MediaCodec: [mId: 2] [audio-debug-dec] Qinput: 9, DQinput: 9 success out of 10 tries
07-29 17:45:12.383 11373 21825 I MediaCodec: [mId: 2] [audio-debug-dec] Render: 0, Drop: 9, DQoutput: 9 success out of 13 tries
07-29 17:45:12.383 11373 21825 I MediaCodec: [mId: 2] [audio-debug-dec] setState: STOPPING
07-29 17:45:12.384 11373 21825 I MediaCodec: [mId: 2] [audio-debug-dec] setState: INITIALIZED
07-29 17:45:12.385  1844  1844 I vendor.qti.hardware.servicetrackeraidl-service: bindService is called for service : com.google.android.gms/com.google.android.location.internal.