10-25 10:00:48.162  5646 11790 W Auth    : [GetToken] GetToken failed with status code: NetworkError  [CONTEXT service_id=343 ]
10-25 10:00:48.163  5646 11790 W GLSActivity: [GmsAccountAuthenticatorImpl] error status while fetching token:NetworkError
10-25 10:00:48.163  5646 11790 W .gms.persistent: PerfMonitor async binderTransact :  time=30020ms interface=android.accounts.IAccountAuthenticator code=3
10-25 10:00:48.165  1688  1688 I vendor.qti.hardware.servicetrackeraidl-service: unbindService is called for service : com.google.android.gms/.auth.account.authenticator.GoogleAccountAuthenticatorService and for client system
10-25 10:00:48.168 10644 16679 E PlayCommon: [610] aqji.l(58): Failed to get auth token: java.io.IOException: NetworkError
10-25 10:00:48.168 10644 16679 W PlayCommon: [610] aqji.j(241): Deferring log upload because couldn't retrieve auth token
10-25 10:00:48.179 10644 10644 I Finsky:background: [2] klk.ajf(52): [AUC]: Logs flushed for account: [0HuC5x-jX_4QBMLKvxR-TmPmEJWgz63BdP58ch2L0hw]
10-25 10:00:48.180  3030  3793 I libsensor-boledalgo: dbv:395,lux:51.7,cct:7005.5,hsv:-1.0,dc:0CWB R:3159.1,G:7712.0,B:4918.8Event C:3544.2,R:1829.6,G:1371.9,B:836.6Cali C:200.5,R:73.5,G:70.7,B:33.3 
10-25 10:00:48.180 10644 10644 I Finsky:background: [2] khz.ajf(626): [AUC]: Finished flush job
10-25 10:00:48.181 10644 10644 I Finsky:background: [2] acem.r(83): SCH: jobFinished: 47-30. TimeElapsed: 201662ms.
10-25 10:00:48.184  3094  3094 I adbd    : in ShellService: ps
10-25 10:00:48.187 10644 10846 I Finsky:background: [603] acef.a(15): SCH: no pending jobs to schedule.
10-25 10:00:48.188 10644 17031 I Finsky:background: [672] acgh.a(26): SCH: job service finished with id 10786.
10-25 10:00:48.192  2318  4216 I whetstone.activity: processNotifyEvent1 resId = 256, bundle = Bundle[{startTime=43809898, sourcePkg=com.android.vending, sourceUid=10124, status=0, jobId=10786, batteryName=com.android.vending/com.google.android.finsky.scheduler.process.backgroundimpl.PhoneskyJobServiceBackground, elapsedRealtime=43809898}]
10-25 10:00:48.196  1688  1688 I vendor.qti.hardware.servicetrackeraidl-service: unbindService is called for service : com.android.vending/com.google.android.finsky.scheduler.process.backgroundimpl.PhoneskyJobServiceBackground and for client system
10-25 10:00:48.196  1688  1688 I vendor.qti.hardware.servicetrackeraidl-service: size of service connections for service: com.android.vending/com.google.android.finsky.scheduler.process.backgroundimpl.PhoneskyJobServiceBackgroundafter removal is 0
10-25 10:00:48.196  1688  1688 I vendor.qti.hardware.servicetrackeraidl-service: size of client connections for client: systemafter removal is 33
10-25 10:00:48.197  1688  1688 I vendor.qti.hardware.servicetrackeraidl-service: destroyService is called for service : com.android.vending/com.google.android.finsky.scheduler.process.backgroundimpl.PhoneskyJobServiceBackground
10-25 10:00:48.197  9264 11315 I EventMonitor: notifyEvent resId=256
10-25 10:00:48.199  2760  2805 W misight_perf:  [902001300, com.android.vending, 10644, service oncreate latency]
10-25 10:00:48.200  2760  2788 I misight : OnEvent EventPrivacyCompliance event=902001300
10-25 10:00:48.200  2760  2805 W misight_perf:  erased for overtime
10-25 10:00:48.200  2760  2788 I misight : OnEvent EventStorageManager event=902001300,2
10-25 10:00:48.200  2760  2788 I misight : DetectDropEvent event 902001300 over hour cnt drop it, hourCnt=6 halfCnt=4, maxCnt=200 punishSecond=556,space=295lu
10-25 10:00:48.206  2760  2788 I misight : OnEvent EventInfoPack event 902001300
10-25 10:00:48.280  2318  3489 I MiSensorServiceImpl: LightFovOptimizationSensor::screen_angle: 0.093918 0.329013 9.753145 -nan 52.122253 0.000000 0 52.122253 0 52.122253
10-25 10:00:48.323  7995  8425 W PushService: [Tid:393] [Job] check the ping-pong.1761357638322
10-25 10:00:48.381  3030  3793 I libsensor-boledalgo: dbv:395,lux:51.7,cct:6948.3,hsv:-1.0,dc:0CWB R:3159.1,G:7712.0,B:4918.8Event C:3531.2,R:1823.0,G:1368.6,B:830.3Cali C:200.5,R:73.5,G:70.7,B:33.3 
10-25 10:00:48.431  3030  3793 I libsensor-boledalgo: dbv:395,lux:51.5,cct:9360.2,hsv:-1.0,dc:0CWB R:3159.1,G:7712.0,B:4918.8Event C:3541.6,R:1831.1,G:1371.9,B:838.6Cali C:200.5,R:73.5,G:70.7,B:33.3 
10-25 10:00:48.431  3030  3793 I libsensor-boledalgo: dbv:395,lux:52.2,cct:6919.2,hsv:-1.0,dc:0CWB R:3159.1,G:7712.0,B:4918.8Event C:3552.5,R:1829.1,G:1373.3,B:830.3Cali C:200.5,R:73.5,G:70.7,B:33.3 
10-25 10:00:48.480  2318  3489 I MiSensorServiceImpl: LightFovOptimizationSensor::screen_angle: 0.100499 0.324227 9.759128 -nan 52.122253 0.000000 0 52.122253 0 52.122253
10-25 10:00:48.532  3030  3793 I libsensor-boledalgo: dbv:395,lux:51.3,cct:7018.9,hsv:-1.0,dc:0CWB R:3159.1,G:7712.0,B:4918.8Event C:3539.7,R:1831.8,G:1362.0,B:834.0Cali C:200.5,R:73.5,G:70.7,B:33.3 
10-25 10:00:48.631  3030  3793 I libsensor-boledalgo: dbv:395,lux:51.6,cct:6934.3,hsv:-1.0,dc:0CWB R:3159.1,G:7712.0,B:4918.8Event C:3528.8,R:1825.8,G:1366.9,B:829.4Cali C:200.5,R:73.5,G:70.7,B:33.3 
10-25 10:00:48.680  2318  3489 I MiSensorServiceImpl: LightFovOptimizationSensor::screen_angle: 0.100499 0.324826 9.759128 -nan 52.122253 0.000000 0 52.122253 0 52.122253
10-25 10:00:48.715  2318  2426 I MiuiNetworkPolicy: label wlan0, uid -1, active false, tsNanos 43810420592679
10-25 10:00:48.731  3030  3793 I libsensor-boledalgo: dbv:395,lux:51.3,cct:7032.5,hsv:-1.0,dc:0CWB R:3159.1,G:7712.0,B:4918.8Event C:3539.7,R:1829.3,G:1362.0,B:834.3Cali C:200.5,R:73.5,G:70.7,B:33.3 
10-25 10:00:48.766  4663  5755 E PhoneAdapter: get ntnphones failed, exception: java.lang.IllegalStateException: Default phones haven't been made yet!
10-25 10:00:48.781  3030  3793 I libsensor-boledalgo: dbv:395,lux:51.9,cct:6930.6,hsv:-1.0,dc:0CWB R:3159.1,G:7712.0,B:4918.8Event C:3548.0,R:1835.1,G:1372.8,B:832.9Cali C:200.5,R:73.5,G:70.7,B:33.3 
10-25 10:00:48.831  3030  3793 I libsensor-boledalgo: dbv:395,lux:51.7,cct:7007.4,hsv:-1.0,dc:0CWB R:3159.1,G:7712.0,B:4918.8Event C:3546.6,R:1831.6,G:1370.1,B:836.3Cali C:200.5,R:73.5,G:70.7,B:33.3 
10-25 10:00:48.831  3030  3793 I libsensor-boledalgo: dbv:395,lux:51.6,cct:6957.2,hsv:-1.0,dc:0CWB R:3159.1,G:7712.0,B:4918.8Event C:3533.6,R:1828.6,G:1368.2,B:832.0Cali C:200.5,R:73.5,G:70.7,B:33.3 
10-25 10:00:48.880  2318  3489 I MiSensorServiceImpl: LightFovOptimizationSensor::screen_angle: 0.099302 0.332004 9.755538 -nan 52.122253 0.000000 0 52.122253 0 52.122253
10-25 10:00:48.906  2318  2447 I ThermalObserver: Temperature control has been released.
10-25 10:00:48.932  3030  3793 I libsensor-boledalgo: dbv:395,lux:51.2,cct:7047.8,hsv:-1.0,dc:0CWB R:3159.1,G:7712.0,B:4918.8Event C:3532.3,R:1827.3,G:1364.0,B:836.3Cali C:200.5,R:73.5,G:70.7,B:33.3 
10-25 10:00:48.981  3030  3793 I libsensor-boledalgo: dbv:395,lux:51.6,cct:6967.7,hsv:-1.0,dc:0CWB R:3159.1,G:7712.0,B:4918.8Event C:3542.9,R:1835.4,G:1365.9,B:832.9Cali C:200.5,R:73.5,G:70.7,B:33.3 
10-25 10:00:49.031  3030  3793 I libsensor-boledalgo: dbv:395,lux:51.7,cct:9322.7,hsv:-1.0,dc:0CWB R:3159.1,G:7712.0,B:4918.8Event C:3540.2,R:1832.9,G:1373.8,B:836.3Cali C:200.5,R:73.5,G:70.7,B:33.3 
10-25 10:00:49.080  2318  3489 I MiSensorServiceImpl: LightFovOptimizationSensor::screen_angle: 0.105284 0.327817 9.757333 -nan 52.122253 0.000000 0 52.122253 0 52.122253
10-25 10:00:49.081  3030  3793 I libsensor-boledalgo: dbv:395,lux:51.8,cct:6917.9,hsv:-1.0,dc:0CWB R:3159.1,G:7712.0,B:4918.8Event C:3527.5,R:1823.7,G:1369.9,B:829.1Cali C:200.5,R:73.5,G:70.7,B:33.3 
10-25 10:00:49.131  3030  3793 I libsensor-boledalgo: dbv:395,lux:51.6,cct:6976.6,hsv:-1.0,dc:0CWB R:3159.1,G:7712.0,B:4918.8Event C:3539.4,R:1831.6,G:1366.2,B:832.9Cali C:200.5,R:73.5,G:70.7,B:33.3 
10-25 10:00:49.150  2318  4215 E HyperSentinel: -------------------------------------------------------
10-25 10:00:49.150  2318  4215 E HyperSentinel: Event_ThreadAmount
10-25 10:00:49.150  2318  4215 E HyperSentinel: -> audit event by proc 16668 "io.github.ylimit.droidbotapp": running threads amount, 0 -> 24
10-25 10:00:49.182  3030  3793 I libsensor-boledalgo: dbv:395,lux:51.7,cct:6922.7,hsv:-1.0,dc:0CWB R:3159.1,G:7712.0,B:4918.8Event C:3535.2,R:1829.1,G:1367.9,B:829.4Cali C:200.5,R:73.5,G:70.7,B:33.3 
10-25 10:00:49.233  3030  3793 I libsensor-boledalgo: dbv:395,lux:51.3,cct:7050.3,hsv:-1.0,dc:0CWB R:3159.1,G:7712.0,B:4918.8Event C:3533.1,R:1823.5,G:1365.9,B:836.3Cali C:200.5,R:73.5,G:70.7,B:33.3 
10-25 10:00:49.280  2318  3489 I MiSensorServiceImpl: LightFovOptimizationSensor::screen_angle: 0.099302 0.324227 9.757931 -nan 52.122253 0.000000 0 52.122253 0 52.122253
10-25 10:00:49.281  3030  3793 I libsensor-boledalgo: dbv:395,lux:51.9,cct:6976.8,hsv:-1.0,dc:0CWB R:3159.1,G:7712.0,B:4918.8Event C:3543.7,R:1829.3,G:1375.8,B:836.3Cali C:200.5,R:73.5,G:70.7,B:33.3 
10-25 10:00:49.348  3094  3094 I adbd    : in ShellService: ps
10-25 10:00:49.381  3030  3793 I libsensor-boledalgo: dbv:395,lux:51.6,cct:9312.8,hsv:-1.0,dc:0CWB R:3159.1,G:7712.0,B:4918.8Event C:3548.2,R:1838.4,G:1371.9,B:838.6Cali C:200.5,R:73.5,G:70.7,B:33.3 
10-25 10:00:49.381  3030  3793 I libsensor-boledalgo: dbv:395,lux:51.7,cct:6966.8,hsv:-1.0,dc:0CWB R:3159.1,G:7712.0,B:4918.8Event C:3536.0,R:1826.0,G:1367.9,B:831.7Cali C:200.5,R:73.5,G:70.7,B:33.3 
10-25 10:00:49.430  3030  3793 I libsensor-boledalgo: dbv:395,lux:51.4,cct:7049.7,hsv:-1.0,dc:0CWB R:3159.1,G:7712.0,B:4918.8Event C:3541.0,R:1826.8,G:1365.4,B:836.3Cali C:200.5,R:73.5,G:70.7,B:33.3 
10-25 10:00:49.480  2318  3489 I MiSensorServiceImpl: LightFovOptimizationSensor::screen_angle: 0.102293 0.332602 9.757931 -nan 52.122253 0.000000 0 52.122253 0 52.122253
10-25 10:00:49.530  3030  3793 I libsensor-boledalgo: dbv:395,lux:51.4,cct:9307.9,hsv:-1.0,dc:0CWB R:3159.1,G:7712.0,B:4918.8Event C:3527.2,R:1827.3,G:1367.2,B:832.6Cali C:200.5,R:73.5,G:70.7,B:33.3 
10-25 10:00:49.582  3030  3793 I libsensor-boledalgo: dbv:395,lux:51.9,cct:6941.9,hsv:-1.0,dc:0CWB R:3159.1,G:7712.0,B:4918.8Event C:3543.7,R:1829.3,G:1371.9,B:832.0Cali C:200.5,R:73.5,G:70.7,B:33.3 
10-25 10:00:49.681  2318  3489 I MiSensorServiceImpl: LightFovOptimizationSensor::screen_angle: 0.093918 0.332004 9.757333 -nan 52.122253 0.000000 0 52.122253 0 52.122253
10-25 10:00:49.731  3030  3793 I libsensor-boledalgo: dbv:395,lux:51.6,cct:7062.2,hsv:-1.0,dc:0CWB R:3159.1,G:7712.0,B:4918.8Event C:3548.0,R:1822.0,G:1363.7,B:834.6Cali C:200.5,R:73.5,G:70.7,B:33.3 
10-25 10:00:49.732  3030  3793 I libsensor-boledalgo: dbv:395,lux:51.7,cct:7011.8,hsv:-1.0,dc:0CWB R:3159.1,G:7712.0,B:4918.8Event C:3545.0,R:1829.3,G:1369.9,B:836.0Cali C:200.5,R:73.5,G:70.7,B:33.3 
10-25 10:00:49.742 10447 10447 E Finsky  : [2] lkc.a(118): [PLUS] Request failed for account: [2fKVkThB4QBVOwc88U06EJ4S6Yyqenathz2XlaLEUMg]
10-25 10:00:49.742 10447 10447 E Finsky  : network time: 31590, HTTP status code: na, exception com.android.volley.NoConnectionError: org.chromium.net.impl.NetworkExceptionImpl: Exception in CronetUrlRequest: net::ERR_CONNECTION_TIMED_OUT, ErrorCode=6, InternalErrorCode=-118, Retryable=true
10-25 10:00:49.742 10447 10447 E Finsky  : 	at xhd.afI(PG:30)
10-25 10:00:49.742 10447 10447 E Finsky  : 	at jft.j(PG:9)
10-25 10:00:49.742 10447 10447 E Finsky  : 	at kem.j(PG:22)
10-25 10:00:49.742 10447 10447 E Finsky  : 	at jfo.run(PG:85)
10-25 10:00:49.742 10447 10447 E Finsky  : 	at android.os.Handler.handleCallback(Handler.java:959)
10-25 10:00:49.742 10447 10447 E Finsky  : 	at android.os.Handler.dispatchMessage(Handler.java:100)
10-25 10:00:49.742 10447 10447 E Finsky  : 	at android.os.Looper.loopOnce(Looper.java:249)
10-25 10:00:49.742 10447 10447 E Finsky  : 	at android.os.Looper.loop(Looper.java:337)
10-25 10:00:49.742 10447 10447 E Finsky  : 	at android.app.ActivityThread.main(ActivityThread.java:9587)
10-25 10:00:49.742 10447 10447 E Finsky  : 	at java.lang.reflect.Method.invoke(Native Method)
10-25 10:00:49.742 10447 10447 E Finsky  : 	at com.android.internal.os.RuntimeInit$MethodAndArgsCaller.run(RuntimeInit.java:593)
10-25 10:00:49.742 10447 10447 E Finsky  : 	at com.android.internal.os.ZygoteInit.main(ZygoteInit.java:936)
10-25 10:00:49.742 10447 10447 E Finsky  : Caused by: com.android.volley.NoConnectionError: org.chromium.net.impl.NetworkExceptionImpl: Exception in CronetUrlRequest: net::ERR_CONNECTION_TIMED_OUT, ErrorCode=6, InternalErrorCode=-118, Retryable=true
10-25 10:00:49.742 10447 10447 E Finsky  : 	at jfr.a(PG:818)
10-25 10:00:49.742 10447 10447 E Finsky  : 	at jfr.run(PG:6)
10-25 10:00:49.742 10447 10447 E Finsky  : Caused by: org.chromium.net.impl.NetworkExceptionImpl: Exception in CronetUrlRequest: net::ERR_CONNECTION_TIMED_OUT, ErrorCode=6, InternalErrorCode=-118, Retryable=true
10-25 10:00:49.742 10447 10447 E Finsky  : 	at org.chromium.net.impl.CronetUrlRequest.onError(PG:78)
10-25 10:00:49.743 10447 10529 I Finsky  : [581] adqb.a(558): [PLUS] Sync complete, number synced: 0, number failed: 2
10-25 10:00:49.743 10447 10533 W Finsky  : [585] paw.a(70): [DAS] Falling back to syncing all accounts due to current account auth failure
10-25 10:00:49.743 10447 10533 W Finsky  : [585] paw.a(70): [DAS] Falling back to syncing all accounts due to current account auth failure
10-25 10:00:49.743 10447 10529 E Finsky  : [581] adgr.a(261): [PLUS] Failed to trigger NOW_EXCLUSIVE urgency sync
10-25 10:00:49.743 10447 10529 E Finsky  : com.google.android.finsky.unifiedsync.SyncExceptions$SyncCompositeException: CompositeException occurred containing 2 exception(s), unique errors: [Sync failed for account: [0HuC5x-jX_4QBMLKvxR-TmPmEJWgz63BdP58ch2L0hw], payloads: [7, 9, 8, 10, 11, 12, 13, 14, 15, 16, 17, 18, 19, 20, 24, 21], and cause: Error while retrieving auth token, Sync failed for account: null, payloads: [9, 8, 10, 11, 12, 13, 14, 15, 16, 17, 18, 19, 20, 21, 24], and cause: org.chromium.net.impl.NetworkExceptionImpl: Exception in CronetUrlRequest: net::ERR_CONNECTION_TIMED_OUT, ErrorCode=6, InternalErrorCode=-118, Retryable=true]
10-25 10:00:49.743 10447 10529 E Finsky  : 	at ajac.a(PG:1706)
10-25 10:00:49.743 10447 10529 E Finsky  : 	at atfw.d(PG:3)
10-25 10:00:49.743 10447 10529 E Finsky  : 	at atfy.run(PG:42)
10-25 10:00:49.743 10447 10529 E Finsky  : 	at qm.execute(PG:8)
10-25 10:00:49.743 10447 10529 E Finsky  : 	at audi.execute(PG:7)
10-25 10:00:49.743 10447 10529 E Finsky  : 	at atfu.g(PG:1)
10-25 10:00:49.743 10447 10529 E Finsky  : 	at atfu.ajy(PG:41)
10-25 10:00:49.743 10447 10529 E Finsky  : 	at atfy.g(PG:13)
10-25 10:00:49.743 10447 10529 E Finsky  : 	at adqb.a(PG:634)
10-25 10:00:49.743 10447 10529 E Finsky  : 	at atfw.d(PG:3)
10-25 10:00:49.743 10447 10529 E Finsky  : 	at atfy.run(PG:42)
10-25 10:00:49.743 10447 10529 E Finsky  : 	at java.util.concurrent.ThreadPoolExecutor.runWorker(ThreadPoolExecutor.java:1251)
10-25 10:00:49.743 10447 10529 E Finsky  : 	at java.util.concurrent.ThreadPoolExecutor$Worker.run(ThreadPoolExecutor.java:668)
10-25 10:00:49.743 10447 10529 E Finsky  : 	at nhf.run(PG:327)
10-25 10:00:49.743 10447 10529 E Finsky  : 	at java.lang.Thread.run(Thread.java:1012)
10-25 10:00:49.743 10447 10529 E Finsky  : Caused by: com.google.android.finsky.unifiedsync.SyncExceptions$WrappedSyncException: Sync failed for account: [0HuC5x-jX_4QBMLKvxR-TmPmEJWgz63BdP58ch2L0hw], payloads: [7, 9, 8, 10, 11, 12, 13, 14, 15, 16, 17, 18, 19, 20, 24, 21], and cause: Error while retrieving auth token
10-25 10:00:49.743 10447 10529 E Finsky  : 	at ajac.a(PG:1428)
10-25 10:00:49.743 10447 10529 E Finsky  : 	at atfe.d(PG:3)
10-25 10:00:49.743 10447 10529 E Finsky  : 	at atfg.run(PG:130)
10-25 10:00:49.743 10447 10529 E Finsky  : 	at qm.execute(PG:8)
10-25 10:00:49.743 10447 10529 E Finsky  : 	at audi.execute(PG:7)
10-25 10:00:49.743 10447 10529 E Finsky  : 	at atfu.g(PG:1)
10-25 10:00:49.743 10447 10529 E Finsky  : 	at atfu.j(PG:95)
10-25 10:00:49.743 10447 10529 E Finsky  : 	at atfu.n(PG:19)
10-25 10:00:49.743 10447 10529 E Finsky  : 	at atfy.run(PG:81)
10-25 10:00:49.743 10447 10529 E Finsky  : 	... 4 more
10-25 10:00:49.743 10447 10529 E Finsky  : Caused by: network time: 49798, HTTP status code: na, exception com.android.volley.AuthFailureError: Error while retrieving auth token
10-25 10:00:49.743 10447 10529 E Finsky  : 	at xhd.afI(PG:30)
10-25 10:00:49.743 10447 10529 E Finsky  : 	at jft.j(PG:9)
10-25 10:00:49.743 10447 10529 E Finsky  : 	at kem.j(PG:22)
10-25 10:00:49.743 10447 10529 E Finsky  : 	at jfo.run(PG:85)
10-25 10:00:49.743 10447 10529 E Finsky  : 	at android.os.Handler.handleCallback(Handler.java:959)
10-25 10:00:49.743 10447 10529 E Finsky  : 	at android.os.Handler.dispatchMessage(Handler.java:100)
10-25 10:00:49.743 10447 10529 E Finsky  : 	at android.os.Looper.loopOnce(Looper.java:249)
10-25 10:00:49.743 10447 10529 E Finsky  : 	at android.os.Looper.loop(Looper.java:337)
10-25 10:00:49.743 10447 10529 E Finsky  : 	at android.app.ActivityThread.main(ActivityThread.java:9587)
10-25 10:00:49.743 10447 10529 E Finsky  : 	at java.lang.reflect.Method.invoke(Native Method)
10-25 10:00:49.743 10447 10529 E Finsky  : 	at com.android.internal.os.RuntimeInit$MethodAndArgsCaller.run(RuntimeInit.java:593)
10-25 10:00:49.743 10447 10529 E Finsky  : 	at com.android.internal.os.ZygoteInit.main(ZygoteInit.java:936)
10-25 10:00:49.743 10447 10529 E Finsky  : Caused by: com.android.volley.AuthFailureError: Error while retrieving auth token
10-25 10:00:49.743 10447 10529 E Finsky  : 	at jge.a(PG:86)
10-25 10:00:49.743 10447 10529 E Finsky  : 	at abep.c(PG:5)
10-25 10:00:49.743 10447 10529 E Finsky  : 	at kfq.a(PG:23)
10-25 10:00:49.743 10447 10529 E Finsky  : 	at kem.g(PG:17)
10-25 10:00:49.743 10447 10529 E Finsky  : 	at xgf.b(PG:25)
10-25 10:00:49.743 10447 10529 E Finsky  : 	at jgd.a(PG:3)
10-25 10:00:49.743 10447 10529 E Finsky  : 	at jfr.a(PG:108)
10-25 10:00:49.743 10447 10529 E Finsky  : 	at jfr.run(PG:6)
10-25 10:00:49.743 10447 10529 E Finsky  : Caused by: java.io.IOException: NetworkError
10-25 10:00:49.743 10447 10529 E Finsky  : 	at android.accounts.AccountManager.convertErrorToException(AccountManager.java:2643)
10-25 10:00:49.743 10447 10529 E Finsky  : 	at android.accounts.AccountManager.-$$Nest$mconvertErrorToException(Unknown Source:0)
10-25 10:00:49.743 10447 10529 E Finsky  : 	at android.accounts.AccountManager$AmsTask$Response.onError(AccountManager.java:2494)
10-25 10:00:49.743 10447 10529 E Finsky  : 	at android.accounts.IAccountManagerResponse$Stub.onTransact(IAccountManagerResponse.java:105)
10-25 10:00:49.743 10447 10529 E Finsky  : 	at android.os.Binder.execTransactInternal(Binder.java:1512)
10-25 10:00:49.743 10447 10529 E Finsky  : 	at android.os.Binder.execTransact(Binder.java:1451)
10-25 10:00:49.744 10447 10533 W Finsky  : [585] paw.a(70): [DAS] Falling back to syncing all accounts due to current account auth failure
10-25 10:00:49.744 10447 10529 E Finsky  : [581] kfm.a(30): [DeviceConfig] failed to update device attribute payloads
10-25 10:00:49.744 10447 10529 E Finsky  : com.google.android.finsky.unifiedsync.SyncExceptions$SyncCompositeException: CompositeException occurred containing 2 exception(s), unique errors: [Sync failed for account: [0HuC5x-jX_4QBMLKvxR-TmPmEJWgz63BdP58ch2L0hw], payloads: [7, 9, 8, 10, 11, 12, 13, 14, 15, 16, 17, 18, 19, 20, 24, 21], and cause: Error while retrieving auth token, Sync failed for account: null, payloads: [9, 8, 10, 11, 12, 13, 14, 15, 16, 17, 18, 19, 20, 21, 24], and cause: org.chromium.net.impl.NetworkExceptionImpl: Exception in CronetUrlRequest: net::ERR_CONNECTION_TIMED_OUT, ErrorCode=6, InternalErrorCode=-118, Retryable=true]
10-25 10:00:49.744 10447 10529 E Finsky  : 	at ajac.a(PG:1706)
10-25 10:00:49.744 10447 10529 E Finsky  : 	at atfw.d(PG:3)
10-25 10:00:49.744 10447 10529 E Finsky  : 	at atfy.run(PG:42)
10-25 10:00:49.744 10447 10529 E Finsky  : 	at qm.execute(PG:8)
10-25 10:00:49.744 10447 10529 E Finsky  : 	at audi.execute(PG:7)
10-25 10:00:49.744 10447 10529 E Finsky  : 	at atfu.g(PG:1)
10-25 10:00:49.744 10447 10529 E Finsky  : 	at atfu.ajy(PG:41)
10-25 10:00:49.744 10447 10529 E Finsky  : 	at atfy.g(PG:13)
10-25 10:00:49.744 10447 10529 E Finsky  : 	at adqb.a(PG:634)
10-25 10:00:49.744 10447 10529 E Finsky  : 	at atfw.d(PG:3)
10-25 10:00:49.744 10447 10529 E Finsky  : 	at atfy.run(PG:42)
10-25 10:00:49.744 10447 10529 E Finsky  : 	at java.util.concurrent.ThreadPoolExecutor.runWorker(ThreadPoolExecutor.java:1251)
10-25 10:00:49.744 10447 10529 E Finsky  : 	at java.util.concurrent.ThreadPoolExecutor$Worker.run(ThreadPoolExecutor.java:668)
10-25 10:00:49.744 10447 10529 E Finsky  : 	at nhf.run(PG:327)
10-25 10:00:49.744 10447 10529 E Finsky  : 	at java.lang.Thread.run(Thread.java:1012)
10-25 10:00:49.744 10447 10529 E Finsky  : Caused by: com.google.android.finsky.unifiedsync.SyncExceptions$WrappedSyncException: Sync failed for account: [0HuC5x-jX_4QBMLKvxR-TmPmEJWgz63BdP58ch2L0hw], payloads: [7, 9, 8, 10, 11, 12, 13, 14, 15, 16, 17, 18, 19, 20, 24, 21], and cause: Error while retrieving auth token
10-25 10:00:49.744 10447 10529 E Finsky  : 	at ajac.a(PG:1428)
10-25 10:00:49.744 10447 10529 E Finsky  : 	at atfe.d(PG:3)
10-25 10:00:49.744 10447 10529 E Finsky  : 	at atfg.run(PG:130)
10-25 10:00:49.744 10447 10529 E Finsky  : 	at qm.execute(PG:8)
10-25 10:00:49.744 10447 10529 E Finsky  : 	at audi.execute(PG:7)
10-25 10:00:49.744 10447 10529 E Finsky  : 	at atfu.g(PG:1)
10-25 10:00:49.744 10447 10529 E Finsky  : 	at atfu.j(PG:95)
10-25 10:00:49.744 10447 10529 E Finsky  : 	at atfu.n(PG:19)
10-25 10:00:49.744 10447 10529 E Finsky  : 	at atfy.run(PG:81)
10-25 10:00:49.744 10447 10529 E Finsky  : 	... 4 more
10-25 10:00:49.744 10447 10529 E Finsky  : Caused by: network time: 49798, HTTP status code: na, exception com.android.volley.AuthFailureError: Error while retrieving auth token
10-25 10:00:49.744 10447 10529 E Finsky  : 	at xhd.afI(PG:30)
10-25 10:00:49.744 10447 10529 E Finsky  : 	at jft.j(PG:9)
10-25 10:00:49.744 10447 10529 E Finsky  : 	at kem.j(PG:22)
10-25 10:00:49.744 10447 10529 E Finsky  : 	at jfo.run(PG:85)
10-25 10:00:49.744 10447 10529 E Finsky  : 	at android.os.Handler.handleCallback(Handler.java:959)
10-25 10:00:49.744 10447 10529 E Finsky  : 	at android.os.Handler.dispatchMessage(Handler.java:100)
10-25 10:00:49.744 10447 10529 E Finsky  : 	at android.os.Looper.loopOnce(Looper.java:249)
10-25 10:00:49.744 10447 10529 E Finsky  : 	at android.os.Looper.loop(Looper.java:337)
10-25 10:00:49.744 10447 10529 E Finsky  : 	at android.app.ActivityThread.main(ActivityThread.java:9587)
10-25 10:00:49.744 10447 10529 E Finsky  : 	at java.lang.reflect.Method.invoke(Native Method)
10-25 10:00:49.744 10447 10529 E Finsky  : 	at com.android.internal.os.RuntimeInit$MethodAndArgsCaller.run(RuntimeInit.java:593)
10-25 10:00:49.744 10447 10529 E Finsky  : 	at com.android.internal.os.ZygoteInit.main(ZygoteInit.java:936)
10-25 10:00:49.744 10447 10529 E Finsky  : Caused by: com.android.volley.AuthFailureError: Error while retrieving auth token
10-25 10:00:49.744 10447 10529 E Finsky  : 	at jge.a(PG:86)
10-25 10:00:49.744 10447 10529 E Finsky  : 	at abep.c(PG:5)
10-25 10:00:49.744 10447 10529 E Finsky  : 	at kfq.a(PG:23)
10-25 10:00:49.744 10447 10529 E Finsky  : 	at kem.g(PG:17)
10-25 10:00:49.744 10447 10529 E Finsky  : 	at xgf.b(PG:25)
10-25 10:00:49.744 10447 10529 E Finsky  : 	at jgd.a(PG:3)
10-25 10:00:49.744 10447 10529 E Finsky  : 	at jfr.a(PG:108)
10-25 10:00:49.744 10447 10529 E Finsky  : 	at jfr.run(PG:6)
10-25 10:00:49.744 10447 10529 E Finsky  : Caused by: java.io.IOException: NetworkError
10-25 10:00:49.744 10447 10529 E Finsky  : 	at android.accounts.AccountManager.convertErrorToException(AccountManager.java:2643)
10-25 10:00:49.744 10447 10529 E Finsky  : 	at android.accounts.AccountManager.-$$Nest$mconvertErrorToException(Unknown Source:0)
10-25 10:00:49.744 10447 10529 E Finsky  : 	at android.accounts.AccountManager$AmsTask$Response.onError(AccountManager.java:2494)
10-25 10:00:49.744 10447 10529 E Finsky  : 	at android.accounts.IAccountManagerResponse$Stub.onTransact(IAccountManagerResponse.java:105)
10-25 10:00:49.744 10447 10529 E Finsky  : 	at android.os.Binder.execTransactInternal(Binder.java:1512)
10-25 10:00:49.744 10447 10529 E Finsky  : 	at android.os.Binder.execTransact(Binder.java:1451)
10-25 10:00:49.744 10447 10533 W Finsky  : [585] paw.a(70): [DAS] Falling back to syncing all accounts due to current account auth failure
10-25 10:00:49.744 10447 10539 E Finsky  : [591] adgr.a(202): [PLUS] Sync failed
10-25 10:00:49.744 10447 10539 E Finsky  : com.google.android.finsky.unifiedsync.SyncExceptions$SyncCompositeException: CompositeException occurred containing 2 exception(s), unique errors: [Sync failed for account: [0HuC5x-jX_4QBMLKvxR-TmPmEJWgz63BdP58ch2L0hw], payloads: [7, 9, 8, 10, 11, 12, 13, 14, 15, 16, 17, 18, 19, 20, 24, 21], and cause: Error while retrieving auth token, Sync failed for account: null, payloads: [9, 8, 10, 11, 12, 13, 14, 15, 16, 17, 18, 19, 20, 21, 24], and cause: org.chromium.net.impl.NetworkExceptionImpl: Exception in CronetUrlRequest: net::ERR_CONNECTION_TIMED_OUT, ErrorCode=6, InternalErrorCode=-118, Retryable=true]
10-25 10:00:49.744 10447 10539 E Finsky  : 	at ajac.a(PG:1706)
10-25 10:00:49.744 10447 10539 E Finsky  : 	at atfw.d(PG:3)
10-25 10:00:49.744 10447 10539 E Finsky  : 	at atfy.run(PG:42)
10-25 10:00:49.744 10447 10539 E Finsky  : 	at qm.execute(PG:8)
10-25 10:00:49.744 10447 10539 E Finsky  : 	at audi.execute(PG:7)
10-25 10:00:49.744 10447 10539 E Finsky  : 	at atfu.g(PG:1)
10-25 10:00:49.744 10447 10539 E Finsky  : 	at atfu.ajy(PG:41)
10-25 10:00:49.744 10447 10539 E Finsky  : 	at atfy.g(PG:13)
10-25 10:00:49.744 10447 10539 E Finsky  : 	at adqb.a(PG:634)
10-25 10:00:49.744 10447 10539 E Finsky  : 	at atfw.d(PG:3)
10-25 10:00:49.744 10447 10539 E Finsky  : 	at atfy.run(PG:42)
10-25 10:00:49.744 10447 10539 E Finsky  : 	at java.util.concurrent.ThreadPoolExecutor.runWorker(ThreadPoolExecutor.java:1251)
10-25 10:00:49.744 10447 10539 E Finsky  : 	at java.util.concurrent.ThreadPoolExecutor$Worker.run(ThreadPoolExecutor.java:668)
10-25 10:00:49.744 10447 10539 E Finsky  : 	at nhf.run(PG:327)
10-25 10:00:49.744 10447 10539 E Finsky  : 	at java.lang.Thread.run(Thread.java:1012)
10-25 10:00:49.744 10447 10539 E Finsky  : Caused by: com.google.android.finsky.unifiedsync.SyncExceptions$WrappedSyncException: Sync failed for account: [0HuC5x-jX_4QBMLKvxR-TmPmEJWgz63BdP58ch2L0hw], payloads: [7, 9, 8, 10, 11, 12, 13, 14, 15, 16, 17, 18, 19, 20, 24, 21], and cause: Error while retrieving auth token
10-25 10:00:49.744 10447 10539 E Finsky  : 	at ajac.a(PG:1428)
10-25 10:00:49.744 10447 10539 E Finsky  : 	at atfe.d(PG:3)
10-25 10:00:49.744 10447 10539 E Finsky  : 	at atfg.run(PG:130)
10-25 10:00:49.744 10447 10539 E Finsky  : 	at qm.execute(PG:8)
10-25 10:00:49.744 10447 10539 E Finsky  : 	at audi.execute(PG:7)
10-25 10:00:49.744 10447 10539 E Finsky  : 	at atfu.g(PG:1)
10-25 10:00:49.744 10447 10539 E Finsky  : 	at atfu.j(PG:95)
10-25 10:00:49.744 10447 10539 E Finsky  : 	at atfu.n(PG:19)
10-25 10:00:49.744 10447 10539 E Finsky  : 	at atfy.run(PG:81)
10-25 10:00:49.744 10447 10539 E Finsky  : 	... 4 more
10-25 10:00:49.744 10447 10539 E Finsky  : Caused by: network time: 49798, HTTP status code: na, exception com.android.volley.AuthFailureError: Error while retrieving auth token
10-25 10:00:49.744 10447 10539 E Finsky  : 	at xhd.afI(PG:30)
10-25 10:00:49.744 10447 10539 E Finsky  : 	at jft.j(PG:9)
10-25 10:00:49.744 10447 10539 E Finsky  : 	at kem.j(PG:22)
10-25 10:00:49.744 10447 10539 E Finsky  : 	at jfo.run(PG:85)
10-25 10:00:49.744 10447 10539 E Finsky  : 	at android.os.Handler.handleCallback(Handler.java:959)
10-25 10:00:49.744 10447 10539 E Finsky  : 	at android.os.Handler.dispatchMessage(Handler.java:100)
10-25 10:00:49.744 10447 10539 E Finsky  : 	at android.os.Looper.loopOnce(Looper.java:249)
10-25 10:00:49.744 10447 10539 E Finsky  : 	at android.os.Looper.loop(Looper.java:337)
10-25 10:00:49.744 10447 10539 E Finsky  : 	at android.app.ActivityThread.main(ActivityThread.java:9587)
10-25 10:00:49.744 10447 10539 E Finsky  : 	at java.lang.reflect.Method.invoke(Native Method)
10-25 10:00:49.744 10447 10539 E Finsky  : 	at com.android.internal.os.RuntimeInit$MethodAndArgsCaller.run(RuntimeInit.java:593)
10-25 10:00:49.744 10447 10539 E Finsky  : 	at com.android.internal.os.ZygoteInit.main(ZygoteInit.java:936)
10-25 10:00:49.744 10447 10539 E Finsky  : Caused by: com.android.volley.AuthFailureError: Error while retrieving auth token
10-25 10:00:49.744 10447 10539 E Finsky  : 	at jge.a(PG:86)
10-25 10:00:49.744 10447 10539 E Finsky  : 	at abep.c(PG:5)
10-25 10:00:49.744 10447 10539 E Finsky  : 	at kfq.a(PG:23)
10-25 10:00:49.744 10447 10539 E Finsky  : 	at kem.g(PG:17)
10-25 10:00:49.744 10447 10539 E Finsky  : 	at xgf.b(PG:25)
10-25 10:00:49.744 10447 10539 E Finsky  : 	at jgd.a(PG:3)
10-25 10:00:49.744 10447 10539 E Finsky  : 	at jfr.a(PG:108)
10-25 10:00:49.744 10447 10539 E Finsky  : 	at jfr.run(PG:6)
10-25 10:00:49.744 10447 10539 E Finsky  : Caused by: java.io.IOException: NetworkError
10-25 10:00:49.744 10447 10539 E Finsky  : 	at android.accounts.AccountManager.convertErrorToException(AccountManager.java:2643)
10-25 10:00:49.744 10447 10539 E Finsky  : 	at android.accounts.AccountManager.-$$Nest$mconvertErrorToException(Unknown Source:0)
10-25 10:00:49.744 10447 10539 E Finsky  : 	at android.accounts.AccountManager$AmsTask$Response.onError(AccountManager.java:2494)
10-25 10:00:49.744 10447 10539 E Finsky  : 	at android.accounts.IAccountManagerResponse$Stub.onTransact(IAccountManagerResponse.java:105)
10-25 10:00:49.744 10447 10539 E Finsky  : 	at android.os.Binder.execTransactInternal(Binder.java:1512)
10-25 10:00:49.744 10447 10539 E Finsky  : 	at android.os.Binder.execTransact(Binder.java:1451)
10-25 10:00:49.744 10447 10447 W Finsky  : [2] acud.a(11): SUH: Upload device configuration failed - try selfupdate anyway
10-25 10:00:49.745 10447 10533 W Finsky  : [585] paw.a(70): [DAS] Falling back to syncing all accounts due to current account auth failure
10-25 10:00:49.746 10447 10533 W Finsky  : [585] paw.a(70): [DAS] Falling back to syncing all accounts due to current account auth failure
10-25 10:00:49.746 10447 10533 W Finsky  : [585] paw.a(70): [DAS] Falling back to syncing all accounts due to current account auth failure
10-25 10:00:49.746 10447 10533 W Finsky  : [585] paw.a(70): [DAS] Falling back to syncing all accounts due to current account auth failure
10-25 10:00:49.746 10447 10533 W Finsky  : [585] paw.a(70): [DAS] Falling back to syncing all accounts due to current account auth failure
10-25 10:00:49.747 10447 10533 W Finsky  : [585] paw.a(70): [DAS] Falling back to syncing all accounts due to current account auth failure
10-25 10:00:49.747 10447 10533 W Finsky  : [585] paw.a(70): [DAS] Falling back to syncing all accounts due to current account auth failure
10-25 10:00:49.747 10447 10533 W Finsky  : [585] paw.a(70): [DAS] Falling back to syncing all accounts due to current account auth failure
10-25 10:00:49.748 10447 10533 W Finsky  : [585] paw.a(70): [DAS] Falling back to syncing all accounts due to current account auth failure
10-25 10:00:49.748 10447 10533 W Finsky  : [585] paw.a(70): [DAS] Falling back to syncing all accounts due to current account auth failure
10-25 10:00:49.748 10447 10533 W Finsky  : [585] paw.a(70): [DAS] Falling back to syncing all accounts due to current account auth failure
10-25 10:00:49.748 10447 10533 W Finsky  : [585] paw.a(70): [DAS] Falling back to syncing all accounts due to current account auth failure
10-25 10:00:49.748 10447 10533 W Finsky  : [585] paw.a(70): [DAS] Falling back to syncing all accounts due to current account auth failure
10-25 10:00:49.748 10447 10533 W Finsky  : [585] paw.a(70): [DAS] Falling back to syncing all accounts due to current account auth failure
10-25 10:00:49.749 10447 10533 W Finsky  : [585] paw.a(70): [DAS] Falling back to syncing all accounts due to current account auth failure
10-25 10:00:49.749 10447 10533 W Finsky  : [585] paw.a(70): [DAS] Falling back to syncing all accounts due to current account auth failure
10-25 10:00:49.749 10447 10533 W Finsky  : [585] paw.a(70): [DAS] Falling back to syncing all accounts due to current account auth failure
10-25 10:00:49.749 10447 10533 W Finsky  : [585] paw.a(70): [DAS] Falling back to syncing all accounts due to current account auth failure
10-25 10:00:49.749 10447 10533 W Finsky  : [585] paw.a(70): [DAS] Falling back to syncing all accounts due to current account auth failure
10-25 10:00:49.749 10447 10533 W Finsky  : [585] paw.a(70): [DAS] Falling back to syncing all accounts due to current account auth failure
10-25 10:00:49.750 10447 10533 W Finsky  : [585] paw.a(70): [DAS] Falling back to syncing all accounts due to current account auth failure
10-25 10:00:49.750 10447 10533 W Finsky  : [585] paw.a(70): [DAS] Falling back to syncing all accounts due to current account auth failure
10-25 10:00:49.751 10447 10533 W Finsky  : [585] paw.a(70): [DAS] Falling back to syncing all accounts due to current account auth failure
10-25 10:00:49.751 10447 10533 W Finsky  : [585] paw.a(70): [DAS] Falling back to syncing all accounts due to current account auth failure
10-25 10:00:49.751 10447 10533 W Finsky  : [585] paw.a(70): [DAS] Falling back to syncing all accounts due to current account auth failure
10-25 10:00:49.751 10447 10533 W Finsky  : [585] paw.a(70): [DAS] Falling back to syncing all accounts due to current account auth failure
10-25 10:00:49.752 10447 16747 I Finsky  : [1179] pcp.accept(129): Wrote row to frosting DB: 1855
10-25 10:00:49.752 10447 10533 I Finsky  : [585] ajac.a(1121): [PLUS] Syncing 2 train(s)
10-25 10:00:49.752 10447 10529 I Finsky  : [581] apvv.a(29): [PLUS] Sending payloads for account: [0HuC5x-jX_4QBMLKvxR-TmPmEJWgz63BdP58ch2L0hw]
10-25 10:00:49.754  1688  1688 I vendor.qti.hardware.servicetrackeraidl-service: bindService is called for service : com.google.android.gms/.auth.account.authenticator.GoogleAccountAuthenticatorService and for client system
10-25 10:00:49.754  1688  1688 I vendor.qti.hardware.servicetrackeraidl-service: total connections for service : com.google.android.gms/.auth.account.authenticator.GoogleAccountAuthenticatorServiceare :1
10-25 10:00:49.754  1688  1688 I vendor.qti.hardware.servicetrackeraidl-service: total connections for client : systemare :33
10-25 10:00:49.754  1688  1688 I vendor.qti.hardware.servicetrackeraidl-service: bindService is called for service : com.google.android.gms/.auth.account.authenticator.GoogleAccountAuthenticatorService and for client system
10-25 10:00:49.755  1688  1688 I vendor.qti.hardware.servicetrackeraidl-service: total connections for service : com.google.android.gms/.auth.account.authenticator.GoogleAccountAuthenticatorServiceare :1
10-25 10:00:49.755  1688  1688 I vendor.qti.hardware.servicetrackeraidl-service: total connections for client : systemare :33
10-25 10:00:49.831  3030  3793 I libsensor-boledalgo: dbv:395,lux:51.5,cct:9298.7,hsv:-1.0,dc:0CWB R:3159.1,G:7712.0,B:4918.8Event C:3540.2,R:1834.9,G:1371.9,B:838.0Cali C:200.5,R:73.5,G:70.7,B:33.3 
10-25 10:00:49.880  2318  3489 I MiSensorServiceImpl: LightFovOptimizationSensor::screen_angle: 0.097508 0.337388 9.754341 -nan 52.122253 0.000000 0 52.122253 0 52.122253
10-25 10:00:49.881  3030  3793 I libsensor-boledalgo: dbv:395,lux:51.5,cct:7002.2,hsv:-1.0,dc:0CWB R:3159.1,G:7712.0,B:4918.8Event C:3541.6,R:1833.1,G:1366.7,B:835.2Cali C:200.5,R:73.5,G:70.7,B:33.3 
10-25 10:00:49.882  3030  3793 I libsensor-boledalgo: dbv:395,lux:51.6,cct:6950.7,hsv:-1.0,dc:0CWB R:3159.1,G:7712.0,B:4918.8Event C:3541.6,R:1835.1,G:1367.9,B:832.6Cali C:200.5,R:73.5,G:70.7,B:33.3 
10-25 10:00:50.080  2318  3489 I MiSensorServiceImpl: LightFovOptimizationSensor::screen_angle: 0.100499 0.332004 9.757931 -nan 52.122253 0.000000 0 52.122253 0 52.122253
10-25 10:00:50.131  3030  3793 I libsensor-boledalgo: dbv:395,lux:51.5,cct:7015.1,hsv:-1.0,dc:0CWB R:3159.1,G:7712.0,B:4918.8Event C:3543.7,R:1830.8,G:1363.2,B:833.7Cali C:200.5,R:73.5,G:70.7,B:33.3 
10-25 10:00:50.265  3094  3094 I adbd    : in ShellService: pm list packages -f
10-25 10:00:50.279  2318  3489 I MiSensorServiceImpl: LightFovOptimizationSensor::screen_angle: 0.105284 0.334397 9.760921 -nan 52.122253 0.000000 0 52.122253 0 52.122253
10-25 10:00:50.287  2318  3691 I MiuiNetworkPolicy: bandwidth: 4 KB/s, Max bandwidth: 8699 KB/s
10-25 10:00:50.381  3030  3793 I libsensor-boledalgo: dbv:395,lux:51.8,cct:6958.5,hsv:-1.0,dc:0CWB R:3159.1,G:7712.0,B:4918.8Event C:3543.7,R:1828.3,G:1367.9,B:831.2Cali C:200.5,R:73.5,G:70.7,B:33.3 
10-25 10:00:50.384  2318  2318 W binder:2318_1: type=1400 audit(0.0:13594): avc:  denied  { getopt } for  scontext=u:r:system_server:s0 tcontext=u:r:shell:s0 tclass=unix_stream_socket permissive=0
10-25 10:00:50.430  3030  3793 I libsensor-boledalgo: dbv:395,lux:51.4,cct:9290.6,hsv:-1.0,dc:0CWB R:3159.1,G:7712.0,B:4918.8Event C:3528.8,R:1829.1,G:1370.6,B:835.5Cali C:200.5,R:73.5,G:70.7,B:33.3 
10-25 10:00:50.431  3030  3793 I libsensor-boledalgo: dbv:395,lux:51.7,cct:6977.4,hsv:-1.0,dc:0CWB R:3159.1,G:7712.0,B:4918.8Event C:3548.5,R:1837.2,G:1370.6,B:835.7Cali C:200.5,R:73.5,G:70.7,B:33.3 
10-25 10:00:50.474  2318  5293 I NetworkAccelerateSwitchService: EVENT_RSSI_POLL. mRssiPoll=true
10-25 10:00:50.474  2318  5293 I NetworkAccelerateSwitchService: getAverageWifiRssi:36
10-25 10:00:50.479  2318  3489 I MiSensorServiceImpl: LightFovOptimizationSensor::screen_angle: 0.099302 0.332004 9.755538 -nan 52.122253 0.000000 0 52.122253 0 52.122253
10-25 10:00:50.479  3030  3793 I libsensor-boledalgo: dbv:395,lux:51.4,cct:7070.7,hsv:-1.0,dc:0CWB R:3159.1,G:7712.0,B:4918.8Event C:3535.2,R:1823.5,G:1368.2,B:838.6Cali C:200.5,R:73.5,G:70.7,B:33.3 
10-25 10:00:50.480  3030  3793 I libsensor-boledalgo: dbv:395,lux:51.5,cct:6990.4,hsv:-1.0,dc:0CWB R:3159.1,G:7712.0,B:4918.8Event C:3537.3,R:1830.3,G:1366.9,B:834.0Cali C:200.5,R:73.5,G:70.7,B:33.3 
10-25 10:00:50.506  3094  3094 I adbd    : in ShellService: ps
10-25 10:00:50.630  3030  3793 I libsensor-boledalgo: dbv:395,lux:51.3,cct:7042.2,hsv:-1.0,dc:0CWB R:3159.1,G:7712.0,B:4918.8Event C:3537.3,R:1826.3,G:1361.2,B:834.0Cali C:200.5,R:73.5,G:70.7,B:33.3 
10-25 10:00:50.680  2318  3489 I MiSensorServiceImpl: LightFovOptimizationSensor::screen_angle: 0.101097 0.329611 9.754341 -nan 52.122253 0.000000 0 52.122253 0 52.122253
10-25 10:00:50.681  3030  3793 I libsensor-boledalgo: dbv:395,lux:51.5,cct:9299.2,hsv:-1.0,dc:0CWB R:3159.1,G:7712.0,B:4918.8Event C:3548.2,R:1839.2,G:1373.8,B:840.9Cali C:200.5,R:73.5,G:70.7,B:33.3 
10-25 10:00:50.681  3030  3793 I libsensor-boledalgo: dbv:395,lux:51.6,cct:6998.6,hsv:-1.0,dc:0CWB R:3159.1,G:7712.0,B:4918.8Event C:3536.8,R:1827.0,G:1369.4,B:834.9Cali C:200.5,R:73.5,G:70.7,B:33.3 
10-25 10:00:50.729  3030  3793 I libsensor-boledalgo: dbv:395,lux:51.9,cct:6947.0,hsv:-1.0,dc:0CWB R:3159.1,G:7712.0,B:4918.8Event C:3537.8,R:1826.3,G:1371.9,B:832.0Cali C:200.5,R:73.5,G:70.7,B:33.3 
10-25 10:00:50.780  3030  3793 I libsensor-boledalgo: dbv:395,lux:51.7,cct:7005.4,hsv:-1.0,dc:0CWB R:3159.1,G:7712.0,B:4918.8Event C:3550.6,R:1832.9,G:1370.4,B:836.3Cali C:200.5,R:73.5,G:70.7,B:33.3 
10-25 10:00:50.780  3030  3793 I libsensor-boledalgo: dbv:395,lux:51.7,cct:6927.6,hsv:-1.0,dc:0CWB R:3159.1,G:7712.0,B:4918.8Event C:3537.3,R:1833.1,G:1368.9,B:831.2Cali C:200.5,R:73.5,G:70.7,B:33.3 
10-25 10:00:50.830  3030  3793 I libsensor-boledalgo: dbv:395,lux:51.8,cct:7031.9,hsv:-1.0,dc:0CWB R:3159.1,G:7712.0,B:4918.8Event C:3554.4,R:1830.8,G:1373.1,B:838.6Cali C:200.5,R:73.5,G:70.7,B:33.3 
10-25 10:00:50.879  2318  3489 I MiSensorServiceImpl: LightFovOptimizationSensor::screen_angle: 0.098704 0.333799 9.756136 -nan 52.122253 0.000000 0 52.122253 0 52.122253
10-25 10:00:50.894  2318  3691 I MiuiNetworkPolicy: updateUidState uid = 10092, uidState = 15
10-25 10:00:50.929  3030  3793 I libsensor-boledalgo: dbv:395,lux:51.5,cct:6969.7,hsv:-1.0,dc:0CWB R:3159.1,G:7712.0,B:4918.8Event C:3532.3,R:1828.8,G:1366.4,B:832.3Cali C:200.5,R:73.5,G:70.7,B:33.3 
10-25 10:00:51.030  3030  3793 I libsensor-boledalgo: dbv:395,lux:51.5,cct:7023.0,hsv:-1.0,dc:0CWB R:3159.1,G:7712.0,B:4918.8Event C:3545.8,R:1833.1,G:1366.7,B:836.3Cali C:200.5,R:73.5,G:70.7,B:33.3 
10-25 10:00:51.079  2318  3489 I MiSensorServiceImpl: LightFovOptimizationSensor::screen_angle: 0.098704 0.334397 9.751350 -nan 52.122253 0.000000 0 52.122253 0 52.122253
10-25 10:00:51.280  2318  3489 I MiSensorServiceImpl: LightFovOptimizationSensor::screen_angle: 0.104088 0.329013 9.757333 -nan 52.122253 0.000000 0 52.122253 0 52.122253
10-25 10:00:51.330  3030  3793 I libsensor-boledalgo: dbv:395,lux:51.6,cct:6951.4,hsv:-1.0,dc:0CWB R:3159.1,G:7712.0,B:4918.8Event C:3528.5,R:1826.0,G:1367.2,B:830.9Cali C:200.5,R:73.5,G:70.7,B:33.3 
10-25 10:00:51.330  3030  3793 I libsensor-boledalgo: dbv:395,lux:51.4,cct:9390.8,hsv:-1.0,dc:0CWB R:3159.1,G:7712.0,B:4918.8Event C:3534.9,R:1825.3,G:1369.9,B:838.6Cali C:200.5,R:73.5,G:70.7,B:33.3 
10-25 10:00:51.413  2318  5455 W system_server: Long monitor contention with owner PackageInstaller (3363) at void com.android.server.pm.PackageInstallerSession.parseApkAndExtractNativeLibraries()(PackageInstallerSession.java:3267) waiters=0 in android.content.pm.PackageInstaller$SessionInfo com.android.server.pm.PackageInstallerSession.generateInfoInternal(boolean, boolean) for 881ms
10-25 10:00:51.430  3030  3793 I libsensor-boledalgo: dbv:395,lux:51.6,cct:6972.7,hsv:-1.0,dc:0CWB R:3159.1,G:7712.0,B:4918.8Event C:3533.9,R:1825.0,G:1365.9,B:831.2Cali C:200.5,R:73.5,G:70.7,B:33.3 
10-25 10:00:51.430  2318  3594 W PackageParsing: Unknown element under <manifest>: meta-data at /data/app/vmdl634891034.tmp/base.apk Binary XML file line #141
10-25 10:00:51.430  3030  3793 I libsensor-boledalgo: dbv:395,lux:51.2,cct:7071.7,hsv:-1.0,dc:0CWB R:3159.1,G:7712.0,B:4918.8Event C:3542.4,R:1829.8,G:1360.5,B:836.3Cali C:200.5,R:73.5,G:70.7,B:33.3 
10-25 10:00:51.453  2318  3594 W RuleEvaluation: Integrity rule files are not available.
10-25 10:00:51.453  2318  2525 I PackageManager: Integrity check passed for file:///data/app/vmdl634891034.tmp
10-25 10:00:51.464  2318  2525 W PackageParsing: Unknown element under <manifest>: meta-data at /data/app/vmdl634891034.tmp/base.apk Binary XML file line #141
10-25 10:00:51.466 25808 26027 I Klink   : NetInfo::available: false.
10-25 10:00:51.466 25808 26027 I Klink   : NetInfo::network_type: 0.
10-25 10:00:51.466 25808 26027 I Klink   : NetInfo::apn_name: unknown.
10-25 10:00:51.479  2318  3489 I MiSensorServiceImpl: LightFovOptimizationSensor::screen_angle: 0.103490 0.337388 9.751350 -nan 52.122253 0.000000 0 52.122253 0 52.122253
10-25 10:00:51.480  3030  3793 I libsensor-boledalgo: dbv:395,lux:51.6,cct:7003.8,hsv:-1.0,dc:0CWB R:3159.1,G:7712.0,B:4918.8Event C:3541.6,R:1826.5,G:1362.7,B:831.7Cali C:200.5,R:73.5,G:70.7,B:33.3 
10-25 10:00:51.484  1688  1688 I vendor.qti.hardware.servicetrackeraidl-service: destroyService is called for service : com.google.android.gms/.chimera.GmsIntentOperationService
10-25 10:00:51.527  2318  2525 W PackageManager: Skipping provider name com.tencent.mtt.fileProvider (in package com.tencent.mtt): name already used by com.tencent.mtt
10-25 10:00:51.527  2318  2525 W PackageManager: Skipping provider name com.tencent.mtt.fileprovider (in package com.tencent.mtt): name already used by com.tencent.mtt
10-25 10:00:51.539  7688  7688 I UserConsentManager: onPermissionsChanged: 10440
10-25 10:00:51.541  7688  7688 I UserConsentManager: onPermissionsChanged: 10440
10-25 10:00:51.541  7688  7688 I UserConsentManager: onPermissionsChanged: 10440
10-25 10:00:51.554  2318  2426 E AppOps  : Trying to set mode for unknown uid 10440.
10-25 10:00:51.568 31439 16265 I artd    : Merge skipped because there are no existing profiles
10-25 10:00:51.568  2318  2525 I ArtService: Adjusting the compiler filter for 'com.tencent.mtt' from 'speed-profile' to 'verify' because there is no valid profile
10-25 10:00:51.569 31439 16265 I artd    : Dex parent of /data/app/~~OmtiJNBWx0qcqdRM9tGomQ==/com.tencent.mtt-2FoLjaI8laQv4ApESjo3EQ==/base.apk is not writable: Permission denied
10-25 10:00:51.569 31439 16265 I artd    : GetBestInfo checking odex in dalvik-cache (/data/dalvik-cache/arm64/data@app@~~OmtiJNBWx0qcqdRM9tGomQ==@com.tencent.mtt-2FoLjaI8laQv4ApESjo3EQ==@base.apk@classes.dex)
10-25 10:00:51.569 31439 16265 I artd    : Loading /data/dalvik-cache/arm64/data@app@~~OmtiJNBWx0qcqdRM9tGomQ==@com.tencent.mtt-2FoLjaI8laQv4ApESjo3EQ==@base.apk@classes.dex with executable: 0
10-25 10:00:51.570 31439 16265 I artd    : OatFileAssistant test for existing oat file /data/dalvik-cache/arm64/data@app@~~OmtiJNBWx0qcqdRM9tGomQ==@com.tencent.mtt-2FoLjaI8laQv4ApESjo3EQ==@base.apk@classes.dex: File /data/dalvik-cache/arm64/data@app@~~OmtiJNBWx0qcqdRM9tGomQ==@com.tencent.mtt-2FoLjaI8laQv4ApESjo3EQ==@base.apk@classes.vdex does not exist.
10-25 10:00:51.570 31439 16265 I artd    : GetBestInfo checking odex next to the dex file (/data/app/~~OmtiJNBWx0qcqdRM9tGomQ==/com.tencent.mtt-2FoLjaI8laQv4ApESjo3EQ==/oat/arm64/base.odex)
10-25 10:00:51.570 31439 16265 I artd    : Loading /data/app/~~OmtiJNBWx0qcqdRM9tGomQ==/com.tencent.mtt-2FoLjaI8laQv4ApESjo3EQ==/oat/arm64/base.odex with executable: 0
10-25 10:00:51.570 31439 16265 I artd    : OatFileAssistant test for existing oat file /data/app/~~OmtiJNBWx0qcqdRM9tGomQ==/com.tencent.mtt-2FoLjaI8laQv4ApESjo3EQ==/oat/arm64/base.odex: File /data/app/~~OmtiJNBWx0qcqdRM9tGomQ==/com.tencent.mtt-2FoLjaI8laQv4ApESjo3EQ==/oat/arm64/base.vdex does not exist.
10-25 10:00:51.570 31439 16265 I artd    : GetBestInfo checking vdex in dalvik-cache (/data/dalvik-cache/arm64/data@app@~~OmtiJNBWx0qcqdRM9tGomQ==@com.tencent.mtt-2FoLjaI8laQv4ApESjo3EQ==@base.apk@classes.vdex)
10-25 10:00:51.570 31439 16265 I artd    : unable to open vdex file /data/dalvik-cache/arm64/data@app@~~OmtiJNBWx0qcqdRM9tGomQ==@com.tencent.mtt-2FoLjaI8laQv4ApESjo3EQ==@base.apk@classes.vdex: File /data/dalvik-cache/arm64/data@app@~~OmtiJNBWx0qcqdRM9tGomQ==@com.tencent.mtt-2FoLjaI8laQv4ApESjo3EQ==@base.apk@classes.vdex does not exist.
10-25 10:00:51.570 31439 16265 I artd    : OatFileAssistant test for existing oat file /data/dalvik-cache/arm64/data@app@~~OmtiJNBWx0qcqdRM9tGomQ==@com.tencent.mtt-2FoLjaI8laQv4ApESjo3EQ==@base.apk@classes.vdex: File /data/dalvik-cache/arm64/data@app@~~OmtiJNBWx0qcqdRM9tGomQ==@com.tencent.mtt-2FoLjaI8laQv4ApESjo3EQ==@base.apk@classes.vdex does not exist.
10-25 10:00:51.570 31439 16265 I artd    : GetBestInfo checking vdex next to the dex file (/data/app/~~OmtiJNBWx0qcqdRM9tGomQ==/com.tencent.mtt-2FoLjaI8laQv4ApESjo3EQ==/oat/arm64/base.vdex)
10-25 10:00:51.570 31439 16265 I artd    : unable to open vdex file /data/app/~~OmtiJNBWx0qcqdRM9tGomQ==/com.tencent.mtt-2FoLjaI8laQv4ApESjo3EQ==/oat/arm64/base.vdex: File /data/app/~~OmtiJNBWx0qcqdRM9tGomQ==/com.tencent.mtt-2FoLjaI8laQv4ApESjo3EQ==/oat/arm64/base.vdex does not exist.
10-25 10:00:51.570 31439 16265 I artd    : OatFileAssistant test for existing oat file /data/app/~~OmtiJNBWx0qcqdRM9tGomQ==/com.tencent.mtt-2FoLjaI8laQv4ApESjo3EQ==/oat/arm64/base.vdex: File /data/app/~~OmtiJNBWx0qcqdRM9tGomQ==/com.tencent.mtt-2FoLjaI8laQv4ApESjo3EQ==/oat/arm64/base.vdex does not exist.
10-25 10:00:51.570 31439 16265 I artd    : GetBestInfo checking dm (/data/app/~~OmtiJNBWx0qcqdRM9tGomQ==/com.tencent.mtt-2FoLjaI8laQv4ApESjo3EQ==/base.dm)
10-25 10:00:51.570 31439 16265 I artd    : GetBestInfo no usable artifacts
10-25 10:00:51.574 31439 16265 I artd    : Running dex2oat: /apex/com.android.art/bin/art_exec --drop-capabilities --set-task-profile=Dex2OatBootComplete --set-priority=background --keep-fds=7:8:9:10:11:12 -- /apex/com.android.art/bin/dex2oat64 --zip-fd=7 --zip-location=/data/app/~~OmtiJNBWx0qcqdRM9tGomQ==/com.tencent.mtt-2FoLjaI8laQv4ApESjo3EQ==/base.apk --oat-fd=8 --oat-location=/data/app/~~OmtiJNBWx0qcqdRM9tGomQ==/com.tencent.mtt-2FoLjaI8laQv4ApESjo3EQ==/oat/arm64/base.odex --output-vdex-fd=9 --swap-fd=10 --class-loader-context-fds=11:12 --class-loader-context=PCL[]{PCL[/system/framework/android.test.base.jar]#PCL[/system/framework/org.apache.http.legacy.jar]} --classpath-dir=/data/app/~~OmtiJNBWx0qcqdRM9tGomQ==/com.tencent.mtt-2FoLjaI8laQv4ApESjo3EQ== --instruction-set=arm64 --instruction-set-features=default --instruction-set-variant=kryo300 --compiler-filter=verify --compilation-reason=install --compact-dex-level=none --max-image-block-size=524288 --resolve-startup-const-strings=true --generate-mini-debug-info --runtime-arg -Xtarget-sdk-version:29 --runtime-arg -Xhidden-api-policy:enabled -j6 --runtime-arg -Xms64m --runtime-arg -Xmx512m --comments=app-name:com.tencent.mtt,app-version-name:14.2.1.1031,app-version-code:14200500,art-version:352090000
10-25 10:00:51.574 31439 16265 I artd    : Opened FDs: 7:/data/app/~~OmtiJNBWx0qcqdRM9tGomQ==/com.tencent.mtt-2FoLjaI8laQv4ApESjo3EQ==/base.apk 8:/data/app/~~OmtiJNBWx0qcqdRM9tGomQ==/com.tencent.mtt-2FoLjaI8laQv4ApESjo3EQ==/oat/arm64/base.odex.foSh4X.tmp 9:/data/app/~~OmtiJNBWx0qcqdRM9tGomQ==/com.tencent.mtt-2FoLjaI8laQv4ApESjo3EQ==/oat/arm64/base.vdex.ONPP6X.tmp 10:/data/app/~~OmtiJNBWx0qcqdRM9tGomQ==/com.tencent.mtt-2FoLjaI8laQv4ApESjo3EQ==/oat/arm64/base.odex.swap.9kun6N.tmp 11:/system/framework/org.apache.http.legacy.jar 12:/system/framework/android.test.base.jar 
10-25 10:00:51.587 17045 17045 W libprocessgroup: JoinCgroup: controller schedtune is not found
10-25 10:00:51.603 17045 17045 W dex2oat64: Obsolete flag --compact-dex-level ignored
