10-25 10:00:56.355  4299  5326 W PreviewDisappear: getIcon info target: ComponentInfo{com.miui.weather2/com.miui.weather2.ActivityWeatherMain}
10-25 10:00:56.355  4299  5326 W PreviewDisappear: getIcon info user: UserHandle{0}
10-25 10:00:56.355  4299  5326 W PreviewDisappear: getIcon info intent: Intent { act=android.intent.action.MAIN cat=[android.intent.category.LAUNCHER] flg=0x10200000 cmp=com.miui.weather2/.ActivityWeatherMain (has extras) }
10-25 10:00:56.355  4299  5326 W PreviewDisappear: 1 getIcon entry: null
10-25 10:00:56.355  4299  4299 W PreviewDisappear: 2x2 set icon for: com.miui.virtualsim preview drawable: android.graphics.drawable.BitmapDrawable@d84bb02
10-25 10:00:56.355  4299  4299 W PreviewDisappear: 2x2 drawable alpha: 255
10-25 10:00:56.356  4299  4299 W PreviewDisappear: 2x2 image view alpha: 1.0
10-25 10:00:56.356  4299  4299 W PreviewDisappear: 2x2 set icon for: com.miui.compass preview drawable: android.graphics.drawable.BitmapDrawable@36b3117
10-25 10:00:56.356  4299  4299 W PreviewDisappear: 2x2 drawable alpha: 255
10-25 10:00:56.356  4299  4299 W PreviewDisappear: 2x2 image view alpha: 1.0
10-25 10:00:56.356  4299  4299 W PreviewDisappear: 2x2 set icon for: com.android.email preview drawable: android.graphics.drawable.BitmapDrawable@30ffe50
10-25 10:00:56.356  4299  4299 W PreviewDisappear: 2x2 drawable alpha: 255
10-25 10:00:56.356  4299  4299 W PreviewDisappear: 2x2 image view alpha: 1.0
10-25 10:00:56.356  4299  4904 W PreviewDisappear: 2 getIcon entry: com.miui.home.launcher.graphics.DrawableInfo@58a6819
10-25 10:00:56.356  4299  4904 W PreviewDisappear: applyCacheEntry entry: com.miui.home.launcher.graphics.drawable.LayerAdaptiveIconDrawable@e11d2bf
10-25 10:00:56.356  4299  4299 W PreviewDisappear: 2x2 set icon for: com.android.contacts preview drawable: android.graphics.drawable.BitmapDrawable@667c7b3
10-25 10:00:56.356  4299  4299 W PreviewDisappear: 2x2 drawable alpha: 255
10-25 10:00:56.356  4299  4299 W PreviewDisappear: 2x2 image view alpha: 1.0
10-25 10:00:56.356  6892 29270 I PermissionControllerServiceImpl: Updating user sensitive for uid 10266
10-25 10:00:56.356  4299  4970 W PreviewDisappear: 2 getIcon entry: com.miui.home.launcher.graphics.DrawableInfo@cd06cd5
10-25 10:00:56.356  4299  4970 W PreviewDisappear: applyCacheEntry entry: com.miui.home.launcher.graphics.drawable.LayerAdaptiveIconDrawable@7a56cea
10-25 10:00:56.356  4299  4970 W PreviewDisappear: getIconDrawable finally drawable: com.miui.home.launcher.graphics.drawable.LayerAdaptiveIconDrawable@7a56cea
10-25 10:00:56.356  7438  7438 E RegisteredServicesCache: Skipping application component ComponentInfo{com.autonavi.minimap/com.alibaba.ariver.commonability.device.jsapi.nfc.service.TinyAppHostApduService}: it must request the permission android.permission.NFC
10-25 10:00:56.357  7438  7438 E RegisteredServicesCache: Skipping application component ComponentInfo{com.autonavi.minimap/com.alipay.mobile.aompdevice.nfc.service.TinyAppHostApduService}: it must request the permission android.permission.NFC
10-25 10:00:56.357  4299  5326 W PreviewDisappear: 2 getIcon entry: com.miui.home.launcher.graphics.DrawableInfo@2e56db6
10-25 10:00:56.357  4299  5326 W PreviewDisappear: applyCacheEntry entry: com.miui.home.launcher.graphics.drawable.LayerAdaptiveIconDrawable@3e15ab7
10-25 10:00:56.357  4299  5326 W PreviewDisappear: getIconDrawable finally drawable: com.miui.home.launcher.graphics.drawable.LayerAdaptiveIconDrawable@3e15ab7
10-25 10:00:56.357  4299  5326 W PreviewDisappear: 2X2 got icon for: com.miui.weather2 drawable: com.miui.home.launcher.graphics.drawable.LayerAdaptiveIconDrawable@3e15ab7
10-25 10:00:56.357  4299  5326 W PreviewDisappear: getIconDrawable src: android.graphics.drawable.BitmapDrawable@3328257
10-25 10:00:56.357  4299  5326 W PreviewDisappear: getIconDrawable app drawable: android.graphics.drawable.BitmapDrawable@78d2c0f
10-25 10:00:56.357  4299  5326 W PreviewDisappear: getIconDrawable finally drawable: android.graphics.drawable.BitmapDrawable@78d2c0f
10-25 10:00:56.357  4299  5326 W PreviewDisappear: 2X2 got icon for: com.wuba.zhuanzhuan drawable: android.graphics.drawable.BitmapDrawable@78d2c0f
10-25 10:00:56.358  7438  7438 I RegisteredServicesCache: current user: 0, is managed profile : false
10-25 10:00:56.358 12107 16562 I Market-DownloadLimitSpeedManager: stopLimitSpeed
10-25 10:00:56.358 12107 16562 I Market-LimitSpeedManager: stopLimitSpeedNow() =========== 
10-25 10:00:56.358 31858 32419 I Wth2:WeatherProvider: getFirstSelectedCity() ret count= 1
10-25 10:00:56.358  4663  5397 E SmsApplication: com.android.mms lost android:read_cell_broadcasts:  (fixing)
10-25 10:00:56.358 31858 32419 E Wth2:WeatherProvider: getFirstSelectedCity() error 
10-25 10:00:56.358 31858 32419 E Wth2:WeatherProvider: java.lang.NumberFormatException: For input string: "32.066_118.77"
10-25 10:00:56.358 31858 32419 E Wth2:WeatherProvider: 	at java.lang.Integer.parseInt(Integer.java:790)
10-25 10:00:56.358 31858 32419 E Wth2:WeatherProvider: 	at java.lang.Integer.parseInt(Integer.java:908)
10-25 10:00:56.358 31858 32419 E Wth2:WeatherProvider: 	at com.miui.weather2.providers.WeatherProvider.g(SourceFile:9)
10-25 10:00:56.358 31858 32419 E Wth2:WeatherProvider: 	at com.miui.weather2.providers.WeatherProvider.J(SourceFile:5)
10-25 10:00:56.358 31858 32419 E Wth2:WeatherProvider: 	at com.miui.weather2.providers.WeatherProvider.I(Unknown Source:3)
10-25 10:00:56.358 31858 32419 E Wth2:WeatherProvider: 	at com.miui.weather2.providers.WeatherProvider.query(SourceFile:97)
10-25 10:00:56.358 31858 32419 E Wth2:WeatherProvider: 	at android.content.ContentProvider.query(ContentProvider.java:1633)
10-25 10:00:56.358 31858 32419 E Wth2:WeatherProvider: 	at android.content.ContentProvider.query(ContentProvider.java:1729)
10-25 10:00:56.358 31858 32419 E Wth2:WeatherProvider: 	at android.content.ContentProvider$Transport.query(ContentProvider.java:301)
10-25 10:00:56.358 31858 32419 E Wth2:WeatherProvider: 	at android.content.ContentProviderNative.onTransact(ContentProviderNative.java:110)
10-25 10:00:56.358 31858 32419 E Wth2:WeatherProvider: 	at android.os.Binder.execTransactInternal(Binder.java:1507)
10-25 10:00:56.358 31858 32419 E Wth2:WeatherProvider: 	at android.os.Binder.execTransact(Binder.java:1451)
10-25 10:00:56.358  2318  3999 W AppOpService: Ignored setUidMode call for runtime permission app op: uid = 10141, code = READ_CELL_BROADCASTS, mode = allow, callingUid = 1001, oldMode = allow
10-25 10:00:56.359  7438  7438 I RegisteredAidCache: updateRoutingLocked(false): Enter
10-25 10:00:56.359  7438  7438 I AidRoutingManager: configureRouting(false): Enter
10-25 10:00:56.359  7438  7438 E AidRoutingManager: Size of routing table970
10-25 10:00:56.359  7438  7438 I RegisteredAidCache: updateRoutingLocked(false): exit
10-25 10:00:56.359  7438  7438 I libnfc_nci: [INFO:NativeT4tNfcee.cpp(870)] nfcManager_isFwSupportNonStdT4TAid Enter isFwSupport = 1
10-25 10:00:56.359 31858   641 I Wth2:WeatherProvider: getFirstSelectedCity() ret count= 1
10-25 10:00:56.359  7438  7438 I libnfc_nci: [INFO:SecureElement.cpp(1487)] SecureElement::getEseHandleFromGenericId: enter; ESE-ID = 0x7F
10-25 10:00:56.359  7438  7438 I libnfc_nci: [INFO:SecureElement.cpp(1528)] SecureElement::getEseHandleFromGenericId: enter; ESE-Handle = 0x410
10-25 10:00:56.359 31858   641 E Wth2:WeatherProvider: getFirstSelectedCity() error 
10-25 10:00:56.359 31858   641 E Wth2:WeatherProvider: java.lang.NumberFormatException: For input string: "32.066_118.77"
10-25 10:00:56.359 31858   641 E Wth2:WeatherProvider: 	at java.lang.Integer.parseInt(Integer.java:790)
10-25 10:00:56.359 31858   641 E Wth2:WeatherProvider: 	at java.lang.Integer.parseInt(Integer.java:908)
10-25 10:00:56.359 31858   641 E Wth2:WeatherProvider: 	at com.miui.weather2.providers.WeatherProvider.g(SourceFile:9)
10-25 10:00:56.359 31858   641 E Wth2:WeatherProvider: 	at com.miui.weather2.providers.WeatherProvider.e(SourceFile:5)
10-25 10:00:56.359 31858   641 E Wth2:WeatherProvider: 	at com.miui.weather2.providers.WeatherProvider.query(SourceFile:29)
10-25 10:00:56.359 31858   641 E Wth2:WeatherProvider: 	at android.content.ContentProvider.query(ContentProvider.java:1633)
10-25 10:00:56.359 31858   641 E Wth2:WeatherProvider: 	at android.content.ContentProvider.query(ContentProvider.java:1729)
10-25 10:00:56.359 31858   641 E Wth2:WeatherProvider: 	at android.content.ContentProvider$Transport.query(ContentProvider.java:301)
10-25 10:00:56.359 31858   641 E Wth2:WeatherProvider: 	at android.content.ContentProviderNative.onTransact(ContentProviderNative.java:110)
10-25 10:00:56.359 31858   641 E Wth2:WeatherProvider: 	at android.os.Binder.execTransactInternal(Binder.java:1507)
10-25 10:00:56.359 31858   641 E Wth2:WeatherProvider: 	at android.os.Binder.execTransact(Binder.java:1451)
10-25 10:00:56.360 31858   641 I Wth2:WeatherProvider: getFirstSelectedCity() ret count= 1
10-25 10:00:56.360 31858   641 E Wth2:WeatherProvider: getFirstSelectedCity() error 
10-25 10:00:56.360 31858   641 E Wth2:WeatherProvider: java.lang.NumberFormatException: For input string: "32.066_118.77"
10-25 10:00:56.360 31858   641 E Wth2:WeatherProvider: 	at java.lang.Integer.parseInt(Integer.java:790)
10-25 10:00:56.360 31858   641 E Wth2:WeatherProvider: 	at java.lang.Integer.parseInt(Integer.java:908)
10-25 10:00:56.360 31858   641 E Wth2:WeatherProvider: 	at com.miui.weather2.providers.WeatherProvider.g(SourceFile:9)
10-25 10:00:56.360 31858   641 E Wth2:WeatherProvider: 	at com.miui.weather2.providers.WeatherProvider.J(SourceFile:5)
10-25 10:00:56.360 31858   641 E Wth2:WeatherProvider: 	at com.miui.weather2.providers.WeatherProvider.e(SourceFile:36)
10-25 10:00:56.360 31858   641 E Wth2:WeatherProvider: 	at com.miui.weather2.providers.WeatherProvider.query(SourceFile:29)
10-25 10:00:56.360 31858   641 E Wth2:WeatherProvider: 	at android.content.ContentProvider.query(ContentProvider.java:1633)
10-25 10:00:56.360 31858   641 E Wth2:WeatherProvider: 	at android.content.ContentProvider.query(ContentProvider.java:1729)
10-25 10:00:56.360 31858   641 E Wth2:WeatherProvider: 	at android.content.ContentProvider$Transport.query(ContentProvider.java:301)
10-25 10:00:56.360 31858   641 E Wth2:WeatherProvider: 	at android.content.ContentProviderNative.onTransact(ContentProviderNative.java:110)
10-25 10:00:56.360 31858   641 E Wth2:WeatherProvider: 	at android.os.Binder.execTransactInternal(Binder.java:1507)
10-25 10:00:56.360 31858   641 E Wth2:WeatherProvider: 	at android.os.Binder.execTransact(Binder.java:1451)
10-25 10:00:56.360  2318  4468 W AppOpService: Ignored setUidMode call for runtime permission app op: uid = 1001, code = READ_SMS, mode = allow, callingUid = 1001, oldMode = allow
10-25 10:00:56.360  2318  3999 W AppOpService: Ignored setUidMode call for runtime permission app op: uid = 1001, code = RECEIVE_SMS, mode = allow, callingUid = 1001, oldMode = allow
10-25 10:00:56.361  2318  3999 W AppOpService: Ignored setUidMode call for runtime permission app op: uid = 1001, code = RECEIVE_WAP_PUSH, mode = allow, callingUid = 1001, oldMode = allow
10-25 10:00:56.361  2318  3999 W AppOpService: Ignored setUidMode call for runtime permission app op: uid = 1001, code = SEND_SMS, mode = allow, callingUid = 1001, oldMode = allow
10-25 10:00:56.361  2318  5438 W AppOpService: Ignored setUidMode call for runtime permission app op: uid = 1001, code = READ_CELL_BROADCASTS, mode = allow, callingUid = 1001, oldMode = allow
10-25 10:00:56.362  7438  7438 I libnfc_nci: [INFO:SecureElement.cpp(1487)] SecureElement::getEseHandleFromGenericId: enter; ESE-ID = 0x00
10-25 10:00:56.362  7438  7438 I libnfc_nci: [INFO:SecureElement.cpp(1528)] SecureElement::getEseHandleFromGenericId: enter; ESE-Handle = 0x400
10-25 10:00:56.363  6892 29270 I PermissionControllerServiceImpl: Updating user sensitive for uid 10278
10-25 10:00:56.364  4610 23262 I SecureElement-Terminal-eSE1: isSecureElementPresent()
10-25 10:00:56.364  1594  1594 I android.hardware.secure_element-service.qti: isCardPresent
10-25 10:00:56.364  1594  1594 I android.hardware.secure_element-service.qti: isCardPresent exit, cardPresent: 1
10-25 10:00:56.364  4299  4299 W PreviewDisappear: 2x2 set icon for: com.miui.weather2 preview drawable: com.miui.home.launcher.graphics.drawable.LayerAdaptiveIconDrawable@3e15ab7
10-25 10:00:56.364  4299  4299 W PreviewDisappear: 2x2 drawable alpha: 255
10-25 10:00:56.364  4299  4299 W PreviewDisappear: 2x2 image view alpha: 1.0
10-25 10:00:56.366  4299  4299 W PreviewDisappear: 2x2 set icon for: com.wuba.zhuanzhuan preview drawable: android.graphics.drawable.BitmapDrawable@78d2c0f
10-25 10:00:56.366  4299  4299 W PreviewDisappear: 2x2 drawable alpha: 255
10-25 10:00:56.366  4299  4299 W PreviewDisappear: 2x2 image view alpha: 1.0
10-25 10:00:56.367 12107 16562 I Market-RetrofitRequest: callEnd : https://updateinfo.market.xiaomi.com/apm/updateinfo/v2
10-25 10:00:56.369 12107 16562 W Market-Connection: Connection result is cut off as too long
10-25 10:00:56.369  4610 23262 I SecureElement-Terminal-SIM1: isSecureElementPresent()
10-25 10:00:56.370  4610 23262 I SecureElement-Terminal-SIM1: isNfcEventAllowed: No access rules for checking.
10-25 10:00:56.370  4610 23262 I SecureElement-Terminal-SIM2: isSecureElementPresent()
10-25 10:00:56.372  7438  7438 I libnfc_nci: [INFO:NativeT4tNfcee.cpp(870)] nfcManager_isFwSupportNonStdT4TAid Enter isFwSupport = 1
10-25 10:00:56.372  7438  7438 I libnfc_nci: [INFO:SecureElement.cpp(1487)] SecureElement::getEseHandleFromGenericId: enter; ESE-ID = 0x7F
10-25 10:00:56.372  7438  7438 I libnfc_nci: [INFO:SecureElement.cpp(1528)] SecureElement::getEseHandleFromGenericId: enter; ESE-Handle = 0x410
10-25 10:00:56.372  7438  7438 I libnfc_nci: [INFO:SecureElement.cpp(1487)] SecureElement::getEseHandleFromGenericId: enter; ESE-ID = 0x00
10-25 10:00:56.372  7438  7438 I libnfc_nci: [INFO:SecureElement.cpp(1528)] SecureElement::getEseHandleFromGenericId: enter; ESE-Handle = 0x400
10-25 10:00:56.373  4610 23262 I SecureElement-Terminal-eSE1: isSecureElementPresent()
10-25 10:00:56.374 12107 16562 I Market-LocalAppManager: getUpdateInfoFromServer : end  , responseCode : OK
10-25 10:00:56.374 12107 16562 I Market-LocalAppManager: checkUpdateFromServer : end
10-25 10:00:56.375 12107 16562 I Market-LocalAppManager: checkUpdateFromServer  data parser : end
10-25 10:00:56.375 12107 16562 I Market-HuanjiManager: condition not satisfied, ignore
10-25 10:00:56.376 12107 16562 I Market-DataParser: [InvalidPackageList] JSON : invalidSystemPackageList list is null
10-25 10:00:56.376 12107 16562 I Market-LocalAppManager: checkUpdateFromServer  filter package : end
10-25 10:00:56.376 12107 16562 I Market-LocalAppManager: checkUpdateFromServer  support64BitPackagesJsonArray : end
10-25 10:00:56.376 12107 16562 I Market-LocalAppManager: query update apps from server : finish, 68 / 421 to update
10-25 10:00:56.376  1594  1594 I android.hardware.secure_element-service.qti: isCardPresent
10-25 10:00:56.376  1594  1594 I android.hardware.secure_element-service.qti: isCardPresent exit, cardPresent: 1
10-25 10:00:56.377  4610 23262 I SecureElement-Terminal-SIM1: isSecureElementPresent()
10-25 10:00:56.378  4610 23262 I SecureElement-Terminal-SIM1: isNfcEventAllowed: No access rules for checking.
10-25 10:00:56.378  4610 23262 I SecureElement-Terminal-SIM2: isSecureElementPresent()
10-25 10:00:56.386 12107 16562 I Market-RetrofitRequest: callStart : https://updateinfo.market.xiaomi.com/apm/updateinfo/priority
10-25 10:00:56.387 12107 16562 I Market-RetrofitRequest: HeaderInterceptor : https://updateinfo.market.xiaomi.com/apm/updateinfo/priority
10-25 10:00:56.389  2318  2447 W EnhancedConfirmationService: The packageName should not be null.
10-25 10:00:56.390 12107 16562 I Market-RetrofitRequest: dnsStart : https://updateinfo.market.xiaomi.com/apm/updateinfo/priority
10-25 10:00:56.390  2318  2447 W MagnificationConnectionManager: requestConnection duplicated request: connect=false, mConnectionState=DISCONNECTED
10-25 10:00:56.390 12107 16562 I Market-HttpDns: HttpDns hostname updateinfo.market.xiaomi.com address : [updateinfo.market.xiaomi.com/124.251.101.62, updateinfo.market.xiaomi.com/101.126.91.123, updateinfo.market.xiaomi.com/2406:d440:106:5700:1117:9e8e:1ac:de9c, updateinfo.market.xiaomi.com/240e:83:201:74f0::6, updateinfo.market.xiaomi.com/2403:a200:a200:14f1::1f]
10-25 10:00:56.390 12107 16562 I Market-RetrofitRequest: dnsEnd : https://updateinfo.market.xiaomi.com/apm/updateinfo/priority
10-25 10:00:56.390 12107 16562 I Market-LimitSpeedManager: startLimitSpeedNow() ====== speed = 32768
10-25 10:00:56.390  3094  3094 I adbd    : in ShellService: dumpsys activity activities
10-25 10:00:56.393 12107 16562 I Market-DownloadLimitSpeedManager: startLimitSpeed success. Total count 1
10-25 10:00:56.393 12107 16562 I Market-RetrofitRequest: HeaderInterceptor : https://updateinfo.market.xiaomi.com/apm/updateinfo/priority
10-25 10:00:56.454  2318  2447 W EnhancedConfirmationService: The packageName should not be null.
10-25 10:00:56.455  2318  2447 W MagnificationConnectionManager: requestConnection duplicated request: connect=false, mConnectionState=DISCONNECTED
10-25 10:00:56.459  5646 16056 E AuthPII : [RequestTokenManager] getToken() -> NETWORK_ERROR. App: com.google.android.apps.youtube.music, Service: oauth2:https://www.googleapis.com/auth/youtube.force-ssl https://www.googleapis.com/auth/youtube https://www.googleapis.com/auth/identity.lateimpersonation
10-25 10:00:56.459  5646 16056 E AuthPII : ayye: Error when calling server using GmsNetworkStack.
10-25 10:00:56.459  5646 16056 E AuthPII : 	at acpw.b(:com.google.android.gms@253031035@25.30.31 (260400-786424874):164)
10-25 10:00:56.459  5646 16056 E AuthPII : 	at acpu.a(:com.google.android.gms@253031035@25.30.31 (260400-786424874):552)
10-25 10:00:56.459  5646 16056 E AuthPII : 	at acpt.b(:com.google.android.gms@253031035@25.30.31 (260400-786424874):115)
10-25 10:00:56.459  5646 16056 E AuthPII : 	at vwm.h(:com.google.android.gms@253031035@25.30.31 (260400-786424874):497)
10-25 10:00:56.459  5646 16056 E AuthPII : 	at vwm.d(:com.google.android.gms@253031035@25.30.31 (260400-786424874):140)
10-25 10:00:56.459  5646 16056 E AuthPII : 	at vwm.fl(:com.google.android.gms@253031035@25.30.31 (260400-786424874):153)
10-25 10:00:56.459  5646 16056 E AuthPII : 	at ves.onTransact(:com.google.android.gms@253031035@25.30.31 (260400-786424874):97)
10-25 10:00:56.459  5646 16056 E AuthPII : 	at android.os.Binder.transact(Binder.java:1352)
10-25 10:00:56.459  5646 16056 E AuthPII : 	at caxx.onTransact(:com.google.android.gms@253031035@25.30.31 (260400-786424874):10)
10-25 10:00:56.459  5646 16056 E AuthPII : 	at android.os.Binder.transact(Binder.java:1352)
10-25 10:00:56.459  5646 16056 E AuthPII : 	at bqmm.onTransact(:com.google.android.gms@253031035@25.30.31 (260400-786424874):157)
10-25 10:00:56.459  5646 16056 E AuthPII : 	at android.os.Binder.execTransactInternal(Binder.java:1507)
10-25 10:00:56.459  5646 16056 E AuthPII : 	at android.os.Binder.execTransact(Binder.java:1451)
10-25 10:00:56.459  5646 16056 E AuthPII : Caused by: ayye: Error requesting token.
10-25 10:00:56.459  5646 16056 E AuthPII : 	at acpw.d(:com.google.android.gms@253031035@25.30.31 (260400-786424874):212)
10-25 10:00:56.459  5646 16056 E AuthPII : 	at acpw.b(:com.google.android.gms@253031035@25.30.31 (260400-786424874):8)
10-25 10:00:56.459  5646 16056 E AuthPII : 	... 12 more
10-25 10:00:56.459  5646 16056 E AuthPII : Caused by: java.util.concurrent.TimeoutException: Waited 30 seconds (plus 89780 nanoseconds delay) for gios@9b4ba2d[status=PENDING, info=[inputFuture=[gios@e7b2b62[status=PENDING, info=[inputFuture=[jfp@17584f3[status=PENDING, info=[tag=[GmsUrlRequestImpl.startWithFuture()]]]], function=[abvs@47dd5b0]]]], function=[acpv@6cfcc29]]]
10-25 10:00:56.459  5646 16056 E AuthPII : 	at giop.v(:com.google.android.gms@253031035@25.30.31 (260400-786424874):371)
10-25 10:00:56.459  5646 16056 E AuthPII : 	at acpw.d(:com.google.android.gms@253031035@25.30.31 (260400-786424874):197)
10-25 10:00:56.459  5646 16056 E AuthPII : 	... 13 more
10-25 10:00:56.459  5646 16056 E AuthPII : Message is Error when calling server using GmsNetworkStack.
10-25 10:00:56.459  5646 16056 E AuthPII : ayye: Error when calling server using GmsNetworkStack.
10-25 10:00:56.459  5646 16056 E AuthPII : 	at acpw.b(:com.google.android.gms@253031035@25.30.31 (260400-786424874):164)
10-25 10:00:56.459  5646 16056 E AuthPII : 	at acpu.a(:com.google.android.gms@253031035@25.30.31 (260400-786424874):552)
10-25 10:00:56.459  5646 16056 E AuthPII : 	at acpt.b(:com.google.android.gms@253031035@25.30.31 (260400-786424874):115)
10-25 10:00:56.459  5646 16056 E AuthPII : 	at vwm.h(:com.google.android.gms@253031035@25.30.31 (260400-786424874):497)
10-25 10:00:56.459  5646 16056 E AuthPII : 	at vwm.d(:com.google.android.gms@253031035@25.30.31 (260400-786424874):140)
10-25 10:00:56.459  5646 16056 E AuthPII : 	at vwm.fl(:com.google.android.gms@253031035@25.30.31 (260400-786424874):153)
10-25 10:00:56.459  5646 16056 E AuthPII : 	at ves.onTransact(:com.google.android.gms@253031035@25.30.31 (260400-786424874):97)
10-25 10:00:56.459  5646 16056 E AuthPII : 	at android.os.Binder.transact(Binder.java:1352)
10-25 10:00:56.459  5646 16056 E AuthPII : 	at caxx.onTransact(:com.google.android.gms@253031035@25.30.31 (260400-786424874):10)
10-25 10:00:56.459  5646 16056 E AuthPII : 	at android.os.Binder.transact(Binder.java:1352)
10-25 10:00:56.459  5646 16056 E AuthPII : 	at bqmm.onTransact(:com.google.android.gms@253031035@25.30.31 (260400-786424874):157)
10-25 10:00:56.459  5646 16056 E AuthPII : 	at android.os.Binder.execTransactInternal(Binder.java:1507)
10-25 10:00:56.459  5646 16056 E AuthPII : 	at android.os.Binder.execTransact(Binder.java:1451)
10-25 10:00:56.459  5646 16056 E AuthPII : Caused by: ayye: Error requesting token.
10-25 10:00:56.459  5646 16056 E AuthPII : 	at acpw.d(:com.google.android.gms@253031035@25.30.31 (260400-786424874):212)
10-25 10:00:56.459  5646 16056 E AuthPII : 	at acpw.b(:com.google.android.gms@253031035@25.30.31 (260400-786424874):8)
10-25 10:00:56.459  5646 16056 E AuthPII : 	... 12 more
10-25 10:00:56.459  5646 16056 E AuthPII : Caused by: java.util.concurrent.TimeoutException: Waited 30 seconds (plus 89780 nanoseconds delay) for gios@9b4ba2d[status=PENDING, info=[inputFuture=[gios@e7b2b62[status=PENDING, info=[inputFuture=[jfp@17584f3[status=PENDING, info=[tag=[GmsUrlRequestImpl.startWithFuture()]]]], function=[abvs@47dd5b0]]]], function=[acpv@6cfcc29]]]
10-25 10:00:56.459  5646 16056 E AuthPII : 	at giop.v(:com.google.android.gms@253031035@25.30.31 (260400-786424874):371)
10-25 10:00:56.459  5646 16056 E AuthPII : 	at acpw.d(:com.google.android.gms@253031035@25.30.31 (260400-786424874):197)
10-25 10:00:56.459  5646 16056 E AuthPII : 	... 13 more
10-25 10:00:56.459  5646 16056 W Auth    : [GetToken] GetToken failed with status code: NetworkError  [CONTEXT service_id=343 ]
10-25 10:00:56.460 13213 13364 W Auth    : [GoogleAuthUtil] [GoogleAuthUtil] error status:NETWORK_ERROR with method:getTokenWithDetails
10-25 10:00:56.460 13213 13364 W YouTubeMusic: ECatcher disabled: level: ERROR, category: account, message: GMScore OAuth Token fetching API Exception
10-25 10:00:56.460 13213 13364 W YouTubeMusic: java.io.IOException: NetworkError
10-25 10:00:56.460 13213 13364 W YouTubeMusic: 	at rpq.a(PG:536)
10-25 10:00:56.460 13213 13364 W YouTubeMusic: 	at rpu.f(PG:47)
10-25 10:00:56.460 13213 13364 W YouTubeMusic: 	at rpu.b(PG:50)
10-25 10:00:56.460 13213 13364 W YouTubeMusic: 	at rrr.a(PG:15)
10-25 10:00:56.460 13213 13364 W YouTubeMusic: 	at ahat.a(PG:8)
10-25 10:00:56.460 13213 13364 W YouTubeMusic: 	at adzs.f(PG:32)
10-25 10:00:56.460 13213 13364 W YouTubeMusic: 	at adzm.e(PG:17)
10-25 10:00:56.460 13213 13364 W YouTubeMusic: 	at adzs.d(PG:73)
10-25 10:00:56.460 13213 13364 W YouTubeMusic: 	at adzs.a(PG:3)
10-25 10:00:56.460 13213 13364 W YouTubeMusic: 	at asvh.b(PG:33)
10-25 10:00:56.460 13213 13364 W YouTubeMusic: 	at aneb.ab(PG:143)
10-25 10:00:56.460 13213 13364 W YouTubeMusic: 	at aneb.q(PG:19)
10-25 10:00:56.460 13213 13364 W YouTubeMusic: 	at ahly.d(PG:74)
10-25 10:00:56.460 13213 13364 W YouTubeMusic: 	at ahlu.e(PG:61)
10-25 10:00:56.460 13213 13364 W YouTubeMusic: 	at ahlu.e(PG:186)
10-25 10:00:56.460 13213 13364 W YouTubeMusic: 	at ahln.run(PG:213)
10-25 10:00:56.460 13213 13364 W YouTubeMusic: 	at bdqc.run(PG:21)
10-25 10:00:56.460 13213 13364 W YouTubeMusic: 	at vnr.run(PG:7)
10-25 10:00:56.460 13213 13364 W YouTubeMusic: 	at beys.run(PG:44)
10-25 10:00:56.460 13213 13364 W YouTubeMusic: 	at vmy.run(PG:89)
10-25 10:00:56.460 13213 13364 W YouTubeMusic: 	at java.lang.Thread.run(Thread.java:1012)
10-25 10:00:56.460 13213 13364 W YouTubeMusic: 	at vpd.run(PG:61)
10-25 10:00:56.460 13213 13371 W s.youtube.music: Long monitor contention with owner BG Thread #7 (13364) at asth adzm.e(android.accounts.Account, android.os.Bundle, boolean, bbnx, boolean, java.lang.String)(PG:80) waiters=0 in asth adzs.d(adyu) for 30.029s
10-25 10:00:56.462 13213 13373 E YouTubeMusic: Scheduled config refresh failed.
10-25 10:00:56.462 13213 13373 E YouTubeMusic: angq: ahmx: 
10-25 10:00:56.462 13213 13373 E YouTubeMusic: 	at angg.apply(PG:5)
10-25 10:00:56.462 13213 13373 E YouTubeMusic: 	at agxm.s(PG:15)
10-25 10:00:56.462 13213 13373 E YouTubeMusic: 	at agxm.b(PG:11)
10-25 10:00:56.462 13213 13373 E YouTubeMusic: 	at angi.d(PG:17)
10-25 10:00:56.462 13213 13373 E YouTubeMusic: 	at anly.b(PG:3)
10-25 10:00:56.462 13213 13373 E YouTubeMusic: 	at anlt.a(PG:19)
10-25 10:00:56.462 13213 13373 E YouTubeMusic: 	at anlu.a(PG:9)
10-25 10:00:56.462 13213 13373 E YouTubeMusic: 	at agsf.a(PG:53)
10-25 10:00:56.462 13213 13373 E YouTubeMusic: 	at agsl.call(PG:87)
10-25 10:00:56.462 13213 13373 E YouTubeMusic: 	at bdpv.call(PG:13)
10-25 10:00:56.462 13213 13373 E YouTubeMusic: 	at bfjk.a(PG:3)
10-25 10:00:56.462 13213 13373 E YouTubeMusic: 	at bfih.run(PG:19)
10-25 10:00:56.462 13213 13373 E YouTubeMusic: 	at bfjl.run(PG:5)
10-25 10:00:56.462 13213 13373 E YouTubeMusic: 	at beys.run(PG:44)
10-25 10:00:56.462 13213 13373 E YouTubeMusic: 	at vmy.run(PG:89)
10-25 10:00:56.462 13213 13373 E YouTubeMusic: 	at java.lang.Thread.run(Thread.java:1012)
10-25 10:00:56.462 13213 13373 E YouTubeMusic: 	at vpd.run(PG:61)
10-25 10:00:56.462 13213 13373 E YouTubeMusic: Caused by: ahmx: 
10-25 10:00:56.462 13213 13373 E YouTubeMusic: 	at asvh.b(PG:157)
10-25 10:00:56.462 13213 13373 E YouTubeMusic: 	at aneb.ab(PG:143)
10-25 10:00:56.462 13213 13373 E YouTubeMusic: 	at aneb.q(PG:19)
10-25 10:00:56.462 13213 13373 E YouTubeMusic: 	at ahly.d(PG:74)
10-25 10:00:56.462 13213 13373 E YouTubeMusic: 	at ahlu.e(PG:61)
10-25 10:00:56.462 13213 13373 E YouTubeMusic: 	at ahlu.e(PG:186)
10-25 10:00:56.462 13213 13373 E YouTubeMusic: 	at ahln.run(PG:213)
10-25 10:00:56.462 13213 13373 E YouTubeMusic: 	at bdqc.run(PG:21)
10-25 10:00:56.462 13213 13373 E YouTubeMusic: 	at vnr.run(PG:7)
10-25 10:00:56.462 13213 13373 E YouTubeMusic: 	... 4 more
10-25 10:00:56.462 13213 13373 E YouTubeMusic: Caused by: java.io.IOException: NetworkError
10-25 10:00:56.462 13213 13373 E YouTubeMusic: 	at rpq.a(PG:536)
10-25 10:00:56.462 13213 13373 E YouTubeMusic: 	at rpu.f(PG:47)
10-25 10:00:56.462 13213 13373 E YouTubeMusic: 	at rpu.b(PG:50)
10-25 10:00:56.462 13213 13373 E YouTubeMusic: 	at rrr.a(PG:15)
10-25 10:00:56.462 13213 13373 E YouTubeMusic: 	at ahat.a(PG:8)
10-25 10:00:56.462 13213 13373 E YouTubeMusic: 	at adzs.f(PG:32)
10-25 10:00:56.462 13213 13373 E YouTubeMusic: 	at adzm.e(PG:17)
10-25 10:00:56.462 13213 13373 E YouTubeMusic: 	at adzs.d(PG:73)
10-25 10:00:56.462 13213 13373 E YouTubeMusic: 	at adzs.a(PG:3)
10-25 10:00:56.462 13213 13373 E YouTubeMusic: 	at asvh.b(PG:33)
10-25 10:00:56.462 13213 13373 E YouTubeMusic: 	... 12 more
10-25 10:00:56.463  2318  3999 I ClipboardServiceI: checkProviderWakePathForClipboard: primaryClip is null
10-25 10:00:56.463  1656  1854 I SDM     : DisplayBase::CommitThread: Received idle timeout, panel: cmd, timeout: 70000 us
10-25 10:00:56.467  3094  3094 I adbd    : in ShellService: dumpsys activity activities
10-25 10:00:56.468  1688  1688 I vendor.qti.hardware.servicetrackeraidl-service: bindService is called for service : com.google.android.gms/.chimera.PersistentApiService and for client com.google.android.apps.youtube.music
10-25 10:00:56.468  1688  1688 I vendor.qti.hardware.servicetrackeraidl-service: total connections for service : com.google.android.gms/.chimera.PersistentApiServiceare :8
10-25 10:00:56.468  1688  1688 I vendor.qti.hardware.servicetrackeraidl-service: total connections for client : com.google.android.apps.youtube.musicare :2
10-25 10:00:56.472 13213 13213 E GEL_DELAYED_EVENT_DEBUG: Volley request failed for type bnfk
10-25 10:00:56.472 13213 13213 E GEL_DELAYED_EVENT_DEBUG: ahol: cety: Exception in CronetUrlRequest: net::ERR_NAME_NOT_RESOLVED, ErrorCode=1, InternalErrorCode=-105, Retryable=false
10-25 10:00:56.472 13213 13213 E GEL_DELAYED_EVENT_DEBUG: 	at ahkl.run(PG:75)
10-25 10:00:56.472 13213 13213 E GEL_DELAYED_EVENT_DEBUG: 	at bdqc.run(PG:21)
10-25 10:00:56.472 13213 13213 E GEL_DELAYED_EVENT_DEBUG: 	at vnr.run(PG:7)
10-25 10:00:56.472 13213 13213 E GEL_DELAYED_EVENT_DEBUG: 	at beys.run(PG:44)
10-25 10:00:56.472 13213 13213 E GEL_DELAYED_EVENT_DEBUG: 	at vmy.run(PG:89)
10-25 10:00:56.472 13213 13213 E GEL_DELAYED_EVENT_DEBUG: 	at java.lang.Thread.run(Thread.java:1012)
10-25 10:00:56.472 13213 13213 E GEL_DELAYED_EVENT_DEBUG: 	at vpd.run(PG:61)
10-25 10:00:56.472 13213 13213 E GEL_DELAYED_EVENT_DEBUG: Caused by: cety: Exception in CronetUrlRequest: net::ERR_NAME_NOT_RESOLVED, ErrorCode=1, InternalErrorCode=-105, Retryable=false
10-25 10:00:56.472 13213 13213 E GEL_DELAYED_EVENT_DEBUG: 	at org.chromium.net.impl.CronetUrlRequest.onError(PG:66)
10-25 10:00:56.480  2318  3489 I MiSensorServiceImpl: LightFovOptimizationSensor::screen_angle: 0.105284 0.324826 9.757931 -nan 52.122253 0.000000 0 52.122253 0 52.122253
10-25 10:00:56.481  2318  5293 I NetworkAccelerateSwitchService: EVENT_RSSI_POLL. mRssiPoll=true
10-25 10:00:56.481  2318  5293 I NetworkAccelerateSwitchService: getAverageWifiRssi:37
10-25 10:00:56.499  1656  2244 I SDM     : HWCDisplay::SetActiveConfigWithConstraints: display:66-0, config: 1, WxH 1200x2670, fps 120
10-25 10:00:56.500  1656  2244 W SDM     : HWDeviceDRM::GetSupportedBitClkRate: Requested rate not supported: 1150000000
10-25 10:00:56.500  1656  2244 I SDM     : HWDeviceDRM::UpdateMixerAttributes: Mixer WxH 1200x2670-1 for Peripheral
10-25 10:00:56.500  1656  2244 I SDM     : HWCDisplay::SubmitDisplayConfig: Active configuration changed from config 3 to 1
10-25 10:00:56.500  1656  2244 I SDM     : HWCDisplay::SubmitDisplayConfig: Active WxH 1200x2670 ,ddic_mode:idle, timing_fps: 120, sf_fps: 120
10-25 10:00:56.501  1656  2516 I vendor.qti.hardware.display.composer-service: Sensor: notify citsensorservice to trigger cwb, misForced = 0
10-25 10:00:56.502  3030  3788 I libsensor-parseRGB: request dump start for mRequestDisplayId 0
10-25 10:00:56.524  3030  3108 E libsensor-parseRGB: CWB NotifyCWBBufferDone  error 0
10-25 10:00:56.546  3094  3094 I adbd    : in ShellService: dumpsys activity activities
10-25 10:00:56.580  1656  1854 I SDM     : DisplayBase::CommitThread: Received idle timeout, panel: cmd, timeout: 70000 us
10-25 10:00:56.606 12107 16562 I Market-DownloadLimitSpeedManager: stopLimitSpeed
10-25 10:00:56.606 12107 16562 I Market-LimitSpeedManager: stopLimitSpeedNow() =========== 
10-25 10:00:56.612 12107 16562 I Market-RetrofitRequest: callEnd : https://updateinfo.market.xiaomi.com/apm/updateinfo/priority
10-25 10:00:56.618 12107 16562 I Market-SystemSettingsManager: extraSettingsSecureGetInt key: com.xiaomi.market.need_update_game_count, value: 0
10-25 10:00:56.618 12107 16562 I Market-UpdateAppList: update app list do not change, don't notify: pkg (66) = com.milink.service,com.miui.hybrid,com.baidu.BaiduMap,com.miui.cleanmaster,com.netease.newsreader.activity,com.microsoft.emmx,com.android.fileexplorer,com.xiaomi.aiasst.vision,com.microsoft.office.outlook,com.miui.newhome,com.autonavi.minimap,com.miui.mishare.connectivity,com.android.contacts,com.unionpay.tsmservice.mi,com.miui.greenguard,com.miui.voiceassist,com.miui.thirdappassistant,com.xiaomi.scanner,com.miui.securitycenter,com.einnovation.temu,com.duokan.reader,com.wuba.zhuanzhuan,com.xingin.xhs,com.android.updater,com.miui.touchassistant,tv.danmaku.bili,com.dragon.read,com.miui.gallery,com.miui.cloudservice,com.miui.screenrecorder,com.alibaba.aliexpresshd,com.tencent.mtt,com.mfashiongallery.emag,com.xiaomi.market,com.miui.carlink,com.miui.notes,com.xiaomi.payment,com.miui.home,com.xiaomi.gamecenter,com.smile.gifmaker,com.miui.analytics,com.ss.android.ugc.aweme.lite,com.android.browser,com.xiaomi.account,com.suxing.sustream,com.xiaomi.mis,com.miui.virtualsim,com.android.quicksearchbox,com.sina.news,com.miui.video,com.ss.android.article.news,com.miui.miwallpaper,com.xiaomi.mi_connect_service,com.miui.personalassistant,com.miui.securityadd,com.kuaishou.nebula,com.xiaomi.gamecenter.sdk.service,com.xiaomi.simactivate.service,com.miui.bugreport,cn.amazon.mShop.android,com.xiaomi.digitalkey,com.android.calendar,com.xiaomi.aicr,com.xiaomi.xmsf,com.xiaomi.mirror,com.android.soundrecorder
10-25 10:00:56.619 12107 16754 I Market-SubScriptManager: updateMarketSubScript forceShow : false
10-25 10:00:56.620 12107 16754 I Market-SubScriptManager: get count 66
10-25 10:00:56.620 12107 16754 I Market-SubScriptManager: get count 66
10-25 10:00:56.622 12107 16562 I Market-LocalAppManager: queryDiffSizeFromServer start
10-25 10:00:56.659  1656  2516 I vendor.qti.hardware.display.composer-service: Sensor: notify citsensorservice to trigger cwb, misForced = 1
10-25 10:00:56.659  3030  3788 I libsensor-parseRGB: request dump start for mRequestDisplayId 0
10-25 10:00:56.665  3094  3094 I adbd    : in ShellService: dumpsys activity services
10-25 10:00:56.680  2318  3489 I MiSensorServiceImpl: LightFovOptimizationSensor::screen_angle: 0.100499 0.332004 9.765707 -nan 52.122253 0.000000 0 52.122253 0 52.122253
10-25 10:00:56.681  3030 15012 E libsensor-parseRGB: CWB NotifyCWBBufferDone  error 0
10-25 10:00:56.731  3030  3793 I libsensor-boledalgo: dbv:395,lux:50.9,cct:9222.2,hsv:-1.0,dc:0CWB R:3159.1,G:7712.0,B:4918.8Event C:3518.9,R:1829.1,G:1365.9,B:838.6Cali C:200.5,R:73.5,G:70.7,B:33.3 
10-25 10:00:56.739  1656  1854 I SDM     : DisplayBase::CommitThread: Received idle timeout, panel: cmd, timeout: 70000 us
10-25 10:00:56.780  3030  3793 I libsensor-boledalgo: dbv:395,lux:51.4,cct:6986.6,hsv:-1.0,dc:0CWB R:3159.1,G:7712.0,B:4918.8Event C:3522.1,R:1819.7,G:1361.7,B:829.7Cali C:200.5,R:73.5,G:70.7,B:33.3 
10-25 10:00:56.781  3030  3793 I libsensor-boledalgo: dbv:395,lux:51.5,cct:9305.8,hsv:-1.0,dc:0CWB R:3159.1,G:7712.0,B:4918.8Event C:3512.5,R:1818.9,G:1367.9,B:828.6Cali C:200.5,R:73.5,G:70.7,B:33.3 
10-25 10:00:56.797  3094  3094 I adbd    : in ShellService: screencap -p /sdcard/screen_2025-10-25_100056.png
10-25 10:00:56.821  7707  7707 I RuntimePermissionManager: isRuntimeRequestSupport: true
10-25 10:00:56.830  3030  3793 I libsensor-boledalgo: dbv:395,lux:51.6,cct:6974.4,hsv:-1.0,dc:0CWB R:3159.1,G:7712.0,B:4918.8Event C:3531.2,R:1822.7,G:1365.9,B:830.9Cali C:200.5,R:73.5,G:70.7,B:33.3 
10-25 10:00:56.835  7707  7707 I PackageInstallReceiver: action = android.intent.action.PACKAGE_CHANGED packageName = com.miui.cleanmaster
10-25 10:00:56.835  7707  7707 W InstalledPackagesMemoryCache: Unknown action: android.intent.action.PACKAGE_CHANGED
10-25 10:00:56.835  7707  7707 I ServiceDeliveryCapability: onAppChanged:com.miui.cleanmaster action:android.intent.action.PACKAGE_CHANGED
10-25 10:00:56.835  7707  7707 I AppWidgetDelegate: updateAppWidgets for com.miui.cleanmaster
10-25 10:00:56.835  7707  7707 I WidgetController: WidgetController.updateOrRemoveStackWhenPackageChanged: packageName com.miui.cleanmaster
10-25 10:00:56.835  7707  7707 I WidgetBackgroundBlurManager: onAppChanged appPackageName : com.miui.cleanmaster
10-25 10:00:56.835  7707  7707 I PackageInstallReceiver: action = android.intent.action.PACKAGE_CHANGED packageName = com.miui.weather2
10-25 10:00:56.835  7707  7707 W InstalledPackagesMemoryCache: Unknown action: android.intent.action.PACKAGE_CHANGED
10-25 10:00:56.835  7707  7707 I ServiceDeliveryCapability: onAppChanged:com.miui.weather2 action:android.intent.action.PACKAGE_CHANGED
10-25 10:00:56.835  7707  7707 I AppWidgetDelegate: updateAppWidgets for com.miui.weather2
10-25 10:00:56.835  7707  7707 I WidgetController: WidgetController.updateOrRemoveStackWhenPackageChanged: packageName com.miui.weather2
10-25 10:00:56.835  7707  7707 I WidgetBackgroundBlurManager: onAppChanged appPackageName : com.miui.weather2
10-25 10:00:56.835  7707  8164 I AppWidgetDelegate: removeAllWidgets com.android.calendar.widget.NearEventAppWidget
10-25 10:00:56.835  7707  8164 I AppWidgetDelegate: removeAllWidgets com.xiaomi.misettings.usagestats.widget.desktop.widget.SimpleUsageStatsWidget
10-25 10:00:56.836  7707  8164 I AppWidgetDelegate: removeAllWidgets com.android.calendar.widget.NearEventAppWidget
10-25 10:00:56.836  7707  8164 I AppWidgetDelegate: removeAllWidgets com.xiaomi.misettings.usagestats.widget.desktop.widget.SimpleUsageStatsWidget
10-25 10:00:56.838  2318  4434 W ParceledListSlice: Element #44 is 26672 bytes.
10-25 10:00:56.838  2318  4434 W ParceledListSlice: Overly large reply size: 82384
10-25 10:00:56.838  2318  3999 W ParceledListSlice: Element #45 is 26676 bytes.
10-25 10:00:56.838  2318  3999 W ParceledListSlice: Element #46 is 26676 bytes.
10-25 10:00:56.838  2318  3999 W ParceledListSlice: Element #47 is 26684 bytes.
10-25 10:00:56.839  2318  5140 W ParceledListSlice: Element #48 is 26688 bytes.
10-25 10:00:56.840  2318  5140 W ParceledListSlice: Element #54 is 29724 bytes.
10-25 10:00:56.840  2318  5140 W ParceledListSlice: Overly large reply size: 82972
10-25 10:00:56.840  2318  4468 W ParceledListSlice: Element #55 is 29744 bytes.
10-25 10:00:56.840  2318  4468 W ParceledListSlice: Element #56 is 29736 bytes.
10-25 10:00:56.845 11547 11678 I Ad      : isPersonalizedAdEnabled getAdSettings: 1
10-25 10:00:56.857  7707  8400 I RuntimePermissionManager: isRuntimeRequestSupport: true
10-25 10:00:56.857  7707  8400 I InstalledPackagesMemoryCache: getInstallPermissionGranted=true
10-25 10:00:56.880  2318  3489 I MiSensorServiceImpl: LightFovOptimizationSensor::screen_angle: 0.103490 0.332004 9.763913 -nan 52.122253 0.000000 0 52.122253 0 52.122253
10-25 10:00:56.888 17266 17266 W BpBinder: Linking to death on android.gui.ISurfaceComposer but there are no threads (yet?) listening to incoming transactions. See ProcessState::startThreadPool and ProcessState::setThreadPoolMaxThreadCount. Generally you should setup the binder threadpool before other initialization steps.
10-25 10:00:56.888 17266 17266 W ProcessState: Extra binder thread started, but 0 threads requested. Do not use *startThreadPool when zero threads are requested.
10-25 10:00:56.904 12107 16562 I Market-RetrofitRequest: callStart : https://updateinfo.market.xiaomi.com/apm/updateinfo/diffsize
10-25 10:00:56.904 12107 16562 I Market-RetrofitRequest: HeaderInterceptor : https://updateinfo.market.xiaomi.com/apm/updateinfo/diffsize
10-25 10:00:56.905 12107 16562 I Market-RetrofitRequest: dnsStart : https://updateinfo.market.xiaomi.com/apm/updateinfo/diffsize
10-25 10:00:56.905 12107 16562 I Market-HttpDns: HttpDns hostname updateinfo.market.xiaomi.com address : [updateinfo.market.xiaomi.com/124.251.101.62, updateinfo.market.xiaomi.com/101.126.91.123, updateinfo.market.xiaomi.com/2406:d440:106:5700:1117:9e8e:1ac:de9c, updateinfo.market.xiaomi.com/240e:83:201:74f0::6, updateinfo.market.xiaomi.com/2403:a200:a200:14f1::1f]
10-25 10:00:56.905 12107 16562 I Market-RetrofitRequest: dnsEnd : https://updateinfo.market.xiaomi.com/apm/updateinfo/diffsize
10-25 10:00:56.906 12107 16562 I Market-LimitSpeedManager: startLimitSpeedNow() ====== speed = 32768
10-25 10:00:56.909 12107 16562 I Market-DownloadLimitSpeedManager: startLimitSpeed success. Total count 1
10-25 10:00:56.909 12107 16562 I Market-RetrofitRequest: HeaderInterceptor : https://updateinfo.market.xiaomi.com/apm/updateinfo/diffsize
10-25 10:00:56.923 17266 17275 I AdrenoUtils: <ReadGpuID:357>: Reading chip ID through GSL
10-25 10:00:56.924 17266 17266 W qdgralloc: Failed to load libubwcp.so
10-25 10:00:56.920 17266 17266 W screencap: type=1400 audit(0.0:13599): avc:  denied  { read } for  name="libubwcp.so" dev="dm-14" ino=19816057 scontext=u:r:shell:s0 tcontext=u:object_r:vendor_file:s0 tclass=file permissive=0
10-25 10:00:56.927  7336  7794 W MediaProvider: isAppCloneUserPair for user 0: false
10-25 10:00:56.930  3030  3793 I libsensor-boledalgo: dbv:395,lux:50.8,cct:7053.2,hsv:-1.0,dc:0CWB R:3159.1,G:7712.0,B:4918.8Event C:3516.0,R:1818.9,G:1350.9,B:829.7Cali C:200.5,R:73.5,G:70.7,B:33.3 
10-25 10:00:56.931  3030  3793 I libsensor-boledalgo: dbv:395,lux:51.1,cct:6977.3,hsv:-1.0,dc:0CWB R:3159.1,G:7712.0,B:4918.8Event C:3511.7,R:1818.4,G:1359.0,B:828.3Cali C:200.5,R:73.5,G:70.7,B:33.3 
10-25 10:00:57.071 12107 16562 I Market-DownloadLimitSpeedManager: stopLimitSpeed
10-25 10:00:57.071 12107 16562 I Market-LimitSpeedManager: stopLimitSpeedNow() =========== 
10-25 10:00:57.074 12107 16562 I Market-RetrofitRequest: callEnd : https://updateinfo.market.xiaomi.com/apm/updateinfo/diffsize
10-25 10:00:57.075 12107 16562 I Market-LocalAppManager: queryDiffSizeFromServer end
10-25 10:00:57.075 12107 16846 I Market-SubScriptManager: updateMarketSubScript forceShow : false
10-25 10:00:57.076 12107 16562 I Market-WakeLockManager: release wakeLock: CheckUpdateService
10-25 10:00:57.077 12107 16846 I Market-SubScriptManager: get count 66
10-25 10:00:57.077 12107 16846 I Market-SubScriptManager: get count 66
10-25 10:00:57.078 12107 16562 I Market-PendingUpdateNotification: Pending update notification not shown because of time limit
10-25 10:00:57.078  2318  5437 I ActivityManager: Cancel FGS notification userId: 0 definingUid: 10167 packageName: com.xiaomi.market processName:com.xiaomi.market ChannelId:com.xiaomi.market_hide foregroundNotiWhen:1761357655869 Notiflags:104
10-25 10:00:57.078  1688  1688 I vendor.qti.hardware.servicetrackeraidl-service: destroyService is called for service : com.xiaomi.market/.business_core.update.auto.CheckUpdateService
10-25 10:00:57.079  2318  5437 W ForegroundServiceTypeLoggerModule: FGS stop call for: 10167 has no types!
10-25 10:00:57.079  2318  2318 I NotificationService: Cancel FGS notification CallingUid: 10167 CallingPid: 12107 Pkg: com.xiaomi.market Id:226900960 Tag:null UserId:0 MustHaveFlags:0 MustNotHaveFlags:0 Reason:8 foregroundNotiWhen:1761357655869 foregroundNotiFlags:104 foregroundNotiChannelId:com.xiaomi.market_hide
10-25 10:00:57.079  2318  3489 I MiSensorServiceImpl: LightFovOptimizationSensor::screen_angle: 0.105882 0.324826 9.765109 -nan 52.122253 0.000000 0 52.122253 0 52.122253
10-25 10:00:57.080 12107 12107 I Market-ServiceUtils: stop foreground service: CheckUpdateService
10-25 10:00:57.082  2318  3691 I MiuiNetworkPolicy: updateUidState uid = 10261, uidState = 10
10-25 10:00:57.083  2318  3691 I MiuiNetworkPolicyTrafficLimit: updateWhiteListUidForMobileTraffic uid=10261,add=false
10-25 10:00:57.086  4692  4692 E NotifCollection: No notification to remove with key 0|com.xiaomi.market|226900960|null|10167 reason=8:REASON_APP_CANCEL
10-25 10:00:57.087  2318  3691 I MiuiNetworkPolicy: updateUidState uid = 10203, uidState = 6
10-25 10:00:57.087  2318  3691 I MiuiNetworkPolicy: updateUidState uid = 10167, uidState = 10
10-25 10:00:57.087  2318  3691 I MiuiNetworkPolicyTrafficLimit: updateWhiteListUidForMobileTraffic uid=10167,add=false
10-25 10:00:57.087  2318  3691 I MiuiNetworkPolicy: updateUidState uid = 10158, uidState = 10
10-25 10:00:57.088  2318  3691 I MiuiNetworkPolicyTrafficLimit: updateWhiteListUidForMobileTraffic uid=10158,add=false
10-25 10:00:57.088  2318  3691 I MiuiNetworkPolicy: updateUidState uid = 10261, uidState = 19
10-25 10:00:57.088  2318  3691 I MiuiNetworkPolicy: updateUidState uid = 10167, uidState = 19
10-25 10:00:57.088  2318  3691 I MiuiNetworkPolicy: updateUidState uid = 10158, uidState = 19
10-25 10:00:57.121 12107 12129 I m.xiaomi.market: This is non sticky GC, maxfree is 16777216 minfree is 8388608
10-25 10:00:57.122 12107 12131 W System  : A resource failed to call close. 
10-25 10:00:57.123 12107 12131 W System  : A resource failed to call close. 
10-25 10:00:57.124 12107 12131 W m.xiaomi.market: ApkAssets: Deleting an ApkAssets object '<empty> and /product/priv-app/MiuiHome/MiuiHome.apk' with 1 weak references
10-25 10:00:57.144  5797  5797 W PWZ-Video-threa: type=1400 audit(0.0:13600): avc:  denied  { read } for  name="u:object_r:userdebug_or_eng_prop:s0" dev="tmpfs" ino=418 scontext=u:r:untrusted_app_30:s0:c176,c257,c512,c768 tcontext=u:object_r:userdebug_or_eng_prop:s0 tclass=file permissive=0 app=com.kuaishou.nebula
10-25 10:00:57.146  5797 17276 W libc    : Access denied finding property "ro.secure"
10-25 10:00:57.144  5797  5797 W PWZ-Video-threa: type=1400 audit(0.0:13601): avc:  denied  { read } for  name="u:object_r:userdebug_or_eng_prop:s0" dev="tmpfs" ino=418 scontext=u:r:untrusted_app_30:s0:c176,c257,c512,c768 tcontext=u:object_r:userdebug_or_eng_prop:s0 tclass=file permissive=0 app=com.kuaishou.nebula
10-25 10:00:57.147  5797 17276 W libc    : Access denied finding property "ro.debuggable"
10-25 10:00:57.172 17277 17277 W ps      : type=1400 audit(0.0:13602): avc:  denied  { read } for  name="pid_max" dev="proc" ino=1632120 scontext=u:r:untrusted_app_30:s0:c176,c257,c512,c768 tcontext=u:object_r:proc_pid_max:s0 tclass=file permissive=0 app=com.kuaishou.nebula
10-25 10:00:57.176  5797  5797 W PWZ-Video-threa: type=1400 audit(0.0:13603): avc:  denied  { read } for  name="tcp" dev="proc" ino=4026532034 scontext=u:r:untrusted_app_30:s0:c176,c257,c512,c768 tcontext=u:object_r:proc_net_tcp_udp:s0 tclass=file permissive=0 app=com.kuaishou.nebula
10-25 10:00:57.176  5797  5797 W PWZ-Video-threa: type=1400 audit(0.0:13604): avc:  denied  { read } for  name="cache" dev="dm-10" ino=104 scontext=u:r:untrusted_app_30:s0:c176,c257,c512,c768 tcontext=u:object_r:cache_file:s0 tclass=lnk_file permissive=0 app=com.kuaishou.nebula
10-25 10:00:57.180  5797 17276 W libc    : Access denied finding property "qemu.sf.lcd_density"
10-25 10:00:57.198  5797 17276 W Settings: Setting adb_enabled has moved from android.provider.Settings.Secure to android.provider.Settings.Global.
10-25 10:00:57.206  5797 17276 W libc    : Access denied finding property "ro.secure"
10-25 10:00:57.207  5797 17276 W libc    : Access denied finding property "ro.debuggable"
10-25 10:00:57.280  2318  3489 I MiSensorServiceImpl: LightFovOptimizationSensor::screen_angle: 0.103490 0.333799 9.765109 -nan 52.122253 0.000000 0 52.122253 0 52.122253
10-25 10:00:57.281  3030  3793 I libsensor-boledalgo: dbv:395,lux:51.7,cct:6874.3,hsv:-1.0,dc:0CWB R:3159.1,G:7712.0,B:4918.8Event C:3526.7,R:1829.1,G:1365.9,B:825.7Cali C:200.5,R:73.5,G:70.7,B:33.3 
10-25 10:00:57.332  3030  3793 I libsensor-boledalgo: dbv:395,lux:51.2,cct:7017.7,hsv:-1.0,dc:0CWB R:3159.1,G:7712.0,B:4918.8Event C:3520.3,R:1819.7,G:1361.0,B:831.7Cali C:200.5,R:73.5,G:70.7,B:33.3 
10-25 10:00:57.354  3094  3094 I adbd    : in ShellService: ps
10-25 10:00:57.380  2318  4219 I SmartPower: com.miui.gallery/10271(31449): background->idle(3002ms) R(broadcast start Intent { act=android.intent.action.MEDIA_SCANNER_SCAN_FILE dat=file:///... flg=0x1400010 }) adj=905.
10-25 10:00:57.430  3030  3793 I libsensor-boledalgo: dbv:395,lux:51.4,cct:9302.0,hsv:-1.0,dc:0CWB R:3159.1,G:7712.0,B:4918.8Event C:3518.1,R:1823.0,G:1363.5,B:828.6Cali C:200.5,R:73.5,G:70.7,B:33.3 
10-25 10:00:57.430  3030  3793 I libsensor-boledalgo: dbv:395,lux:51.5,cct:6991.6,hsv:-1.0,dc:0CWB R:3159.1,G:7712.0,B:4918.8Event C:3533.3,R:1826.8,G:1368.2,B:834.0Cali C:200.5,R:73.5,G:70.7,B:33.3 
10-25 10:00:57.479  2318  3489 I MiSensorServiceImpl: LightFovOptimizationSensor::screen_angle: 0.103490 0.327219 9.768699 -nan 52.122253 0.000000 0 52.122253 0 52.122253
10-25 10:00:57.580  3030  3793 I libsensor-boledalgo: dbv:395,lux:51.4,cct:9332.8,hsv:-1.0,dc:0CWB R:3159.1,G:7712.0,B:4918.8Event C:3531.7,R:1828.0,G:1367.2,B:834.0Cali C:200.5,R:73.5,G:70.7,B:33.3 
10-25 10:00:57.630  3030  3793 I libsensor-boledalgo: dbv:395,lux:51.1,cct:7019.1,hsv:-1.0,dc:0CWB R:3159.1,G:7712.0,B:4918.8Event C:3523.2,R:1824.0,G:1360.0,B:832.3Cali C:200.5,R:73.5,G:70.7,B:33.3 
10-25 10:00:57.679  2318  3489 I MiSensorServiceImpl: LightFovOptimizationSensor::screen_angle: 0.103490 0.332004 9.765707 -nan 52.122253 0.000000 0 52.122253 0 52.122253
10-25 10:00:57.730  3030  3793 I libsensor-boledalgo: dbv:395,lux:51.4,cct:9287.0,hsv:-1.0,dc:0CWB R:3159.1,G:7712.0,B:4918.8Event C:3530.4,R:1830.6,G:1367.9,B:834.9Cali C:200.5,R:73.5,G:70.7,B:33.3 
10-25 10:00:57.780  3030  3793 I libsensor-boledalgo: dbv:395,lux:51.4,cct:7053.0,hsv:-1.0,dc:0CWB R:3159.1,G:7712.0,B:4918.8Event C:3537.3,R:1824.0,G:1365.9,B:836.3Cali C:200.5,R:73.5,G:70.7,B:33.3 
