10-25 10:01:02.280  3030  3793 I libsensor-boledalgo: dbv:395,lux:50.8,cct:7022.3,hsv:-1.0,dc:0CWB R:3159.1,G:7712.0,B:4918.8Event C:3494.7,R:1803.7,G:1350.9,B:825.1Cali C:200.5,R:73.5,G:70.7,B:33.3 
10-25 10:01:02.298  2318  3691 I MiuiNetworkPolicy: bandwidth: 0 KB/s, Max bandwidth: 8699 KB/s
10-25 10:01:02.360 17374 17374 W BpBinder: Linking to death on android.gui.ISurfaceComposer but there are no threads (yet?) listening to incoming transactions. See ProcessState::startThreadPool and ProcessState::setThreadPoolMaxThreadCount. Generally you should setup the binder threadpool before other initialization steps.
10-25 10:01:02.360 17374 17374 W ProcessState: Extra binder thread started, but 0 threads requested. Do not use *startThreadPool when zero threads are requested.
10-25 10:01:02.377  2318  3691 I MiuiNetworkPolicy: updateUidState uid = 10278, uidState = 15
10-25 10:01:02.381  2318  2426 I MiuiNetworkPolicy: label wlan0, uid 10438, active true, tsNanos 43824085801684
10-25 10:01:02.381  2318  3691 I MiuiNetworkPolicyTrafficLimit: updateWhiteListUidForMobileTraffic uid=10278,add=false
10-25 10:01:02.382  3030  3793 I libsensor-boledalgo: dbv:395,lux:50.8,cct:9314.0,hsv:-1.0,dc:0CWB R:3159.1,G:7712.0,B:4918.8Event C:3491.8,R:1808.5,G:1350.6,B:824.0Cali C:200.5,R:73.5,G:70.7,B:33.3 
10-25 10:01:02.399 17374 17376 I AdrenoUtils: <ReadGpuID:357>: Reading chip ID through GSL
10-25 10:01:02.400 17374 17374 W qdgralloc: Failed to load libubwcp.so
10-25 10:01:02.396 17374 17374 W screencap: type=1400 audit(0.0:13628): avc:  denied  { read } for  name="libubwcp.so" dev="dm-14" ino=19816057 scontext=u:r:shell:s0 tcontext=u:object_r:vendor_file:s0 tclass=file permissive=0
10-25 10:01:02.402  7336  7798 W MediaProvider: isAppCloneUserPair for user 0: false
10-25 10:01:02.431  3030  3793 I libsensor-boledalgo: dbv:395,lux:51.2,cct:9263.2,hsv:-1.0,dc:0CWB R:3159.1,G:7712.0,B:4918.8Event C:3492.6,R:1811.5,G:1360.0,B:823.4Cali C:200.5,R:73.5,G:70.7,B:33.3 
10-25 10:01:02.431  3030  3793 I libsensor-boledalgo: dbv:395,lux:51.1,cct:7015.4,hsv:-1.0,dc:0CWB R:3159.1,G:7712.0,B:4918.8Event C:3507.5,R:1807.7,G:1353.6,B:826.0Cali C:200.5,R:73.5,G:70.7,B:33.3 
10-25 10:01:02.480  2318  3489 I MiSensorServiceImpl: LightFovOptimizationSensor::screen_angle: 0.099302 0.332602 9.747761 -nan 52.122253 0.000000 0 52.122253 0 52.122253
10-25 10:01:02.487  2318  5293 I NetworkAccelerateSwitchService: EVENT_RSSI_POLL. mRssiPoll=true
10-25 10:01:02.487  2318  5293 I NetworkAccelerateSwitchService: getAverageWifiRssi:37
10-25 10:01:02.530  3030  3793 I libsensor-boledalgo: dbv:395,lux:50.9,cct:9304.1,hsv:-1.0,dc:0CWB R:3159.1,G:7712.0,B:4918.8Event C:3497.1,R:1811.8,G:1354.6,B:825.4Cali C:200.5,R:73.5,G:70.7,B:33.3 
10-25 10:01:02.580  3030  3793 I libsensor-boledalgo: dbv:395,lux:51.1,cct:7030.9,hsv:-1.0,dc:0CWB R:3159.1,G:7712.0,B:4918.8Event C:3509.1,R:1808.5,G:1356.1,B:828.3Cali C:200.5,R:73.5,G:70.7,B:33.3 
10-25 10:01:02.630  3030  3793 I libsensor-boledalgo: dbv:395,lux:51.0,cct:6928.7,hsv:-1.0,dc:0CWB R:3159.1,G:7712.0,B:4918.8Event C:3491.8,R:1807.2,G:1352.1,B:820.3Cali C:200.5,R:73.5,G:70.7,B:33.3 
10-25 10:01:02.679  2318  3489 I MiSensorServiceImpl: LightFovOptimizationSensor::screen_angle: 0.102293 0.336790 9.745967 -nan 52.122253 0.000000 0 52.122253 0 52.122253
10-25 10:01:02.680  3030  3793 I libsensor-boledalgo: dbv:395,lux:50.7,cct:7012.6,hsv:-1.0,dc:0CWB R:3159.1,G:7712.0,B:4918.8Event C:3492.8,R:1806.7,G:1349.6,B:824.9Cali C:200.5,R:73.5,G:70.7,B:33.3 
10-25 10:01:02.704  7336 10474 I PSyncWorker: Starting proactive picker sync from sync source: 1
10-25 10:01:02.711  7336 10474 I PickerSyncController: Executing SyncAdd. isLocal: true. authority: com.android.providers.media.photopicker
10-25 10:01:02.713  7336 10474 I PickerSyncController: Paged sync successful. QueryArgs: Bundle[{android.provider.extra.SYNC_GENERATION=27348, android.provider.extra.PAGE_SIZE=1000}] Total Rows: 0
10-25 10:01:02.714  7336 10474 I PickerSyncController: Executing SyncRemove. isLocal: true. authority: com.android.providers.media.photopicker
10-25 10:01:02.715  7336 10474 E PickerDbFacade: Could not get first date taken millis for media id: 1000002953
10-25 10:01:02.716  7336 10474 W PickerDbFacade: Unable to promote cloud media with localId: 1000002953
10-25 10:01:02.717  7336 10474 I PickerSyncController: Paged sync successful. QueryArgs: Bundle[{android.provider.extra.SYNC_GENERATION=27348, android.provider.extra.PAGE_SIZE=1000}] Total Rows: 0
10-25 10:01:02.718  7336 10474 I PickerSyncTracker: Marked sync future complete for work id: 7bd86b1a-9740-4555-a0c0-793a4909c767. Future map: {}
10-25 10:01:02.718  7336 10474 I PSyncWorker: Completed picker proactive sync complete from local provider.
10-25 10:01:02.719  7336  7729 I WM-WorkerWrapper: Worker result SUCCESS for Work [ id=7bd86b1a-9740-4555-a0c0-793a4909c767, tags={ com.android.providers.media.photopicker.sync.ProactiveSyncWorker } ]
10-25 10:01:02.730  3030  3793 I libsensor-boledalgo: dbv:395,lux:50.9,cct:9332.7,hsv:-1.0,dc:0CWB R:3159.1,G:7712.0,B:4918.8Event C:3499.8,R:1811.3,G:1354.1,B:827.1Cali C:200.5,R:73.5,G:70.7,B:33.3 
10-25 10:01:02.780  3030  3793 I libsensor-boledalgo: dbv:395,lux:50.7,cct:7036.6,hsv:-1.0,dc:0CWB R:3159.1,G:7712.0,B:4918.8Event C:3499.8,R:1807.2,G:1346.2,B:824.6Cali C:200.5,R:73.5,G:70.7,B:33.3 
10-25 10:01:02.879  2318  3489 I MiSensorServiceImpl: LightFovOptimizationSensor::screen_angle: 0.096311 0.336790 9.746565 -nan 52.122253 0.000000 0 52.122253 0 52.122253
10-25 10:01:02.930  3030  3793 I libsensor-boledalgo: dbv:395,lux:50.6,cct:9303.1,hsv:-1.0,dc:0CWB R:3159.1,G:7712.0,B:4918.8Event C:3494.7,R:1811.0,G:1350.1,B:827.1Cali C:200.5,R:73.5,G:70.7,B:33.3 
10-25 10:01:02.980  3030  3793 I libsensor-boledalgo: dbv:395,lux:51.1,cct:6985.4,hsv:-1.0,dc:0CWB R:3159.1,G:7712.0,B:4918.8Event C:3499.5,R:1806.0,G:1356.1,B:825.1Cali C:200.5,R:73.5,G:70.7,B:33.3 
10-25 10:01:02.981  3030  3793 I libsensor-boledalgo: dbv:395,lux:50.6,cct:9313.8,hsv:-1.0,dc:0CWB R:3159.1,G:7712.0,B:4918.8Event C:3488.6,R:1807.0,G:1348.2,B:824.9Cali C:200.5,R:73.5,G:70.7,B:33.3 
10-25 10:01:03.030  3030  3793 I libsensor-boledalgo: dbv:395,lux:51.2,cct:6985.7,hsv:-1.0,dc:0CWB R:3159.1,G:7712.0,B:4918.8Event C:3503.2,R:1805.5,G:1356.3,B:824.9Cali C:200.5,R:73.5,G:70.7,B:33.3 
10-25 10:01:03.079  2318  3489 I MiSensorServiceImpl: LightFovOptimizationSensor::screen_angle: 0.100499 0.327817 9.748360 -nan 52.122253 0.000000 0 52.122253 0 52.122253
10-25 10:01:03.080  3030  3793 I libsensor-boledalgo: dbv:395,lux:50.6,cct:9343.3,hsv:-1.0,dc:0CWB R:3159.1,G:7712.0,B:4918.8Event C:3488.8,R:1804.7,G:1350.4,B:827.1Cali C:200.5,R:73.5,G:70.7,B:33.3 
10-25 10:01:03.082  5787  2358 W AppLinksAsyncVerifierV2: Error performing check:  [CONTEXT service_id=244 ]
10-25 10:01:03.082  5787  2358 W AppLinksAsyncVerifierV2: hxai: DEADLINE_EXCEEDED: CallOptions deadline exceeded after 4.877157657s. Name resolution delay 3.103424478 seconds. [closed=[], open=[[buffered_nanos=4877297029, waiting_for_connection]]]
10-25 10:01:03.082  5787  2358 W AppLinksAsyncVerifierV2: 	at azxf.s(:com.google.android.gms@253031035@25.30.31 (260400-786424874):31)
10-25 10:01:03.082  5787  2358 W AppLinksAsyncVerifierV2: 	at azxf.e(:com.google.android.gms@253031035@25.30.31 (260400-786424874):55)
10-25 10:01:03.082  5787  2358 W AppLinksAsyncVerifierV2: 	at ephq.a(:com.google.android.gms@253031035@25.30.31 (260400-786424874):45)
10-25 10:01:03.082  5787  2358 W AppLinksAsyncVerifierV2: 	at epgv.c(:com.google.android.gms@253031035@25.30.31 (260400-786424874):20)
10-25 10:01:03.082  5787  2358 W AppLinksAsyncVerifierV2: 	at epgv.a(:com.google.android.gms@253031035@25.30.31 (260400-786424874):3)
10-25 10:01:03.082  5787  2358 W AppLinksAsyncVerifierV2: 	at aush.run(:com.google.android.gms@253031035@25.30.31 (260400-786424874):5)
10-25 10:01:03.082  5787  2358 W AppLinksAsyncVerifierV2: 	at badp.c(:com.google.android.gms@253031035@25.30.31 (260400-786424874):50)
10-25 10:01:03.082  5787  2358 W AppLinksAsyncVerifierV2: 	at badp.run(:com.google.android.gms@253031035@25.30.31 (260400-786424874):70)
10-25 10:01:03.082  5787  2358 W AppLinksAsyncVerifierV2: 	at java.util.concurrent.ThreadPoolExecutor.runWorker(ThreadPoolExecutor.java:1251)
10-25 10:01:03.082  5787  2358 W AppLinksAsyncVerifierV2: 	at java.util.concurrent.ThreadPoolExecutor$Worker.run(ThreadPoolExecutor.java:668)
10-25 10:01:03.082  5787  2358 W AppLinksAsyncVerifierV2: 	at bajh.run(:com.google.android.gms@253031035@25.30.31 (260400-786424874):8)
10-25 10:01:03.082  5787  2358 W AppLinksAsyncVerifierV2: 	at java.lang.Thread.run(Thread.java:1012)
10-25 10:01:03.083  5787  1703 W AppLinksAsyncVerifierV2: Error performing check:  [CONTEXT service_id=244 ]
10-25 10:01:03.083  5787  1703 W AppLinksAsyncVerifierV2: hxai: DEADLINE_EXCEEDED: CallOptions deadline exceeded after 4.876155418s. Name resolution delay 3.103757134 seconds. [closed=[], open=[[buffered_nanos=4876593384, waiting_for_connection]]]
10-25 10:01:03.083  5787  1703 W AppLinksAsyncVerifierV2: 	at azxf.s(:com.google.android.gms@253031035@25.30.31 (260400-786424874):31)
10-25 10:01:03.083  5787  1703 W AppLinksAsyncVerifierV2: 	at azxf.e(:com.google.android.gms@253031035@25.30.31 (260400-786424874):55)
10-25 10:01:03.083  5787  1703 W AppLinksAsyncVerifierV2: 	at ephq.a(:com.google.android.gms@253031035@25.30.31 (260400-786424874):45)
10-25 10:01:03.083  5787  1703 W AppLinksAsyncVerifierV2: 	at epgv.c(:com.google.android.gms@253031035@25.30.31 (260400-786424874):20)
10-25 10:01:03.083  5787  1703 W AppLinksAsyncVerifierV2: 	at epgv.a(:com.google.android.gms@253031035@25.30.31 (260400-786424874):3)
10-25 10:01:03.083  5787  1703 W AppLinksAsyncVerifierV2: 	at aush.run(:com.google.android.gms@253031035@25.30.31 (260400-786424874):5)
10-25 10:01:03.083  5787  1703 W AppLinksAsyncVerifierV2: 	at badp.c(:com.google.android.gms@253031035@25.30.31 (260400-786424874):50)
10-25 10:01:03.083  5787  1703 W AppLinksAsyncVerifierV2: 	at badp.run(:com.google.android.gms@253031035@25.30.31 (260400-786424874):70)
10-25 10:01:03.083  5787  1703 W AppLinksAsyncVerifierV2: 	at java.util.concurrent.ThreadPoolExecutor.runWorker(ThreadPoolExecutor.java:1251)
10-25 10:01:03.083  5787  1703 W AppLinksAsyncVerifierV2: 	at java.util.concurrent.ThreadPoolExecutor$Worker.run(ThreadPoolExecutor.java:668)
10-25 10:01:03.083  5787  1703 W AppLinksAsyncVerifierV2: 	at bajh.run(:com.google.android.gms@253031035@25.30.31 (260400-786424874):8)
10-25 10:01:03.083  5787  1703 W AppLinksAsyncVerifierV2: 	at java.lang.Thread.run(Thread.java:1012)
10-25 10:01:03.088  3094  3094 I adbd    : in ShellService: ps
10-25 10:01:03.130  3030  3793 I libsensor-boledalgo: dbv:395,lux:51.0,cct:7000.5,hsv:-1.0,dc:0CWB R:3159.1,G:7712.0,B:4918.8Event C:3501.1,R:1809.0,G:1354.1,B:826.0Cali C:200.5,R:73.5,G:70.7,B:33.3 
10-25 10:01:03.182  3030  3793 I libsensor-boledalgo: dbv:395,lux:50.9,cct:9272.1,hsv:-1.0,dc:0CWB R:3159.1,G:7712.0,B:4918.8Event C:3499.8,R:1815.6,G:1355.3,B:826.3Cali C:200.5,R:73.5,G:70.7,B:33.3 
10-25 10:01:03.279  2318  3489 I MiSensorServiceImpl: LightFovOptimizationSensor::screen_angle: 0.105882 0.330808 9.739985 -nan 52.122253 0.000000 0 52.122253 0 52.122253
10-25 10:01:03.280  3030  3793 I libsensor-boledalgo: dbv:395,lux:50.9,cct:7000.7,hsv:-1.0,dc:0CWB R:3159.1,G:7712.0,B:4918.8Event C:3490.7,R:1802.9,G:1353.3,B:824.9Cali C:200.5,R:73.5,G:70.7,B:33.3 
10-25 10:01:03.380  3030  3793 I libsensor-boledalgo: dbv:395,lux:50.9,cct:9406.6,hsv:-1.0,dc:0CWB R:3159.1,G:7712.0,B:4918.8Event C:3505.6,R:1808.8,G:1358.0,B:831.7Cali C:200.5,R:73.5,G:70.7,B:33.3 
10-25 10:01:03.381  3030  3793 I libsensor-boledalgo: dbv:395,lux:51.0,cct:9297.5,hsv:-1.0,dc:0CWB R:3159.1,G:7712.0,B:4918.8Event C:3487.8,R:1807.0,G:1354.1,B:822.0Cali C:200.5,R:73.5,G:70.7,B:33.3 
10-25 10:01:03.430  3030  3793 I libsensor-boledalgo: dbv:395,lux:50.9,cct:6985.8,hsv:-1.0,dc:0CWB R:3159.1,G:7712.0,B:4918.8Event C:3489.9,R:1804.2,G:1351.6,B:823.4Cali C:200.5,R:73.5,G:70.7,B:33.3 
10-25 10:01:03.431  3030  3793 I libsensor-boledalgo: dbv:395,lux:50.7,cct:9326.5,hsv:-1.0,dc:0CWB R:3159.1,G:7712.0,B:4918.8Event C:3492.0,R:1807.5,G:1352.6,B:826.9Cali C:200.5,R:73.5,G:70.7,B:33.3 
10-25 10:01:03.444  9660 22264 W lyra-mdns-core: _deal_timeout query _lyra-mdns._udp.local[0C] timeout!
10-25 10:01:03.479  2318  3489 I MiSensorServiceImpl: LightFovOptimizationSensor::screen_angle: 0.098704 0.332602 9.744770 -nan 52.122253 0.000000 0 52.122253 0 52.122253
10-25 10:01:03.480  3030  3793 I libsensor-boledalgo: dbv:395,lux:50.7,cct:9215.5,hsv:-1.0,dc:0CWB R:3159.1,G:7712.0,B:4918.8Event C:3491.0,R:1815.1,G:1352.4,B:824.6Cali C:200.5,R:73.5,G:70.7,B:33.3 
10-25 10:01:03.481  3030  3793 I libsensor-boledalgo: dbv:395,lux:50.4,cct:9379.7,hsv:-1.0,dc:0CWB R:3159.1,G:7712.0,B:4918.8Event C:3492.6,R:1804.4,G:1348.4,B:831.7Cali C:200.5,R:73.5,G:70.7,B:33.3 
10-25 10:01:03.530  3030  3793 I libsensor-boledalgo: dbv:395,lux:51.0,cct:9264.1,hsv:-1.0,dc:0CWB R:3159.1,G:7712.0,B:4918.8Event C:3501.1,R:1816.9,G:1356.1,B:825.4Cali C:200.5,R:73.5,G:70.7,B:33.3 
10-25 10:01:03.580  3030  3793 I libsensor-boledalgo: dbv:395,lux:50.9,cct:6997.3,hsv:-1.0,dc:0CWB R:3159.1,G:7712.0,B:4918.8Event C:3494.7,R:1804.7,G:1351.6,B:824.0Cali C:200.5,R:73.5,G:70.7,B:33.3 
10-25 10:01:03.673  2318  5438 I ActivityManager: Broadcasting: Intent { act=android.intent.action.MEDIA_SCANNER_SCAN_FILE dat=file:///... flg=0x400000 }
10-25 10:01:03.674  2318  5438 I ActivityManager: Enqueued broadcast Intent { act=android.intent.action.MEDIA_SCANNER_SCAN_FILE dat=file:///... flg=0x400000 }: 0
10-25 10:01:03.679  2318  3489 I MiSensorServiceImpl: LightFovOptimizationSensor::screen_angle: 0.103490 0.329611 9.745967 -nan 52.122253 0.000000 0 52.122253 0 52.122253
10-25 10:01:03.681  2318  3691 I MiuiNetworkPolicy: updateUidState uid = 10271, uidState = 11
10-25 10:01:03.681 31449 31449 W MiuiGallery2_BaseMediaScannerReceiver: [main] - Broadcast received, action: [android.intent.action.MEDIA_SCANNER_SCAN_FILE], data uri: [file:///sdcard/screen_2025-10-25_100101.png], CTA not allowed
10-25 10:01:03.683  2318  3691 I MiuiNetworkPolicy: updateUidState uid = 10271, uidState = 19
10-25 10:01:03.685  7336  7336 I MediaProvider: receive action = android.intent.action.MEDIA_SCANNER_SCAN_FILE schemeSpecificPart = ///sdcard/screen_2025-10-25_100101.png
10-25 10:01:03.686  2318  5438 W JobInfo : Job 'com.android.providers.media.module/com.android.providers.media.MediaService#-300' has a deadline with no functional constraints. The deadline won't improve job execution latency. Consider removing the deadline.
10-25 10:01:03.689  1688  1688 I vendor.qti.hardware.servicetrackeraidl-service: bindService is called for service : com.android.providers.media.module/com.android.providers.media.MediaService and for client system
10-25 10:01:03.689  1688  1688 I vendor.qti.hardware.servicetrackeraidl-service: total connections for service : com.android.providers.media.module/com.android.providers.media.MediaServiceare :1
10-25 10:01:03.690  1688  1688 I vendor.qti.hardware.servicetrackeraidl-service: total connections for client : systemare :34
10-25 10:01:03.691  2318  4216 I whetstone.activity: processNotifyEvent1 resId = 256, bundle = Bundle[{startTime=43825397, sourcePkg=com.android.providers.media.module, sourceUid=10249, status=1, jobId=-300, batteryName=com.android.providers.media.module/com.android.providers.media.MediaService, elapsedRealtime=43825397}]
10-25 10:01:03.692  9264 11317 I EventMonitor: notifyEvent resId=256
10-25 10:01:03.699  7336  8311 I MediaProvider: Begin Intent { act=android.intent.action.MEDIA_SCANNER_SCAN_FILE dat=file:///... flg=0x1400010 cmp=com.android.providers.media.module/com.android.providers.media.MediaService }
10-25 10:01:03.701  2318  2426 I ActivityManager: Broadcast completed: result=0
10-25 10:01:03.709  7336  8311 I MediaProvider: End Intent { act=android.intent.action.MEDIA_SCANNER_SCAN_FILE dat=file:///... flg=0x1400010 cmp=com.android.providers.media.module/com.android.providers.media.MediaService }
10-25 10:01:03.710  2318  4216 I whetstone.activity: processNotifyEvent1 resId = 256, bundle = Bundle[{startTime=43825416, sourcePkg=com.android.providers.media.module, sourceUid=10249, status=0, jobId=-300, batteryName=com.android.providers.media.module/com.android.providers.media.MediaService, elapsedRealtime=43825416}]
10-25 10:01:03.710  1688  1688 I vendor.qti.hardware.servicetrackeraidl-service: unbindService is called for service : com.android.providers.media.module/com.android.providers.media.MediaService and for client system
10-25 10:01:03.710  1688  1688 I vendor.qti.hardware.servicetrackeraidl-service: size of service connections for service: com.android.providers.media.module/com.android.providers.media.MediaServiceafter removal is 0
10-25 10:01:03.710  1688  1688 I vendor.qti.hardware.servicetrackeraidl-service: size of client connections for client: systemafter removal is 33
10-25 10:01:03.710  1688  1688 I vendor.qti.hardware.servicetrackeraidl-service: destroyService is called for service : com.android.providers.media.module/com.android.providers.media.MediaService
10-25 10:01:03.711  9264 11317 I EventMonitor: notifyEvent resId=256
10-25 10:01:03.722  7336  7362 I FuseDaemon: This is non sticky GC, maxfree is 16777216 minfree is 8388608
10-25 10:01:03.730  3030  3793 I libsensor-boledalgo: dbv:395,lux:51.1,cct:6938.3,hsv:-1.0,dc:0CWB R:3159.1,G:7712.0,B:4918.8Event C:3490.4,R:1804.2,G:1354.1,B:821.1Cali C:200.5,R:73.5,G:70.7,B:33.3 
10-25 10:01:03.731  3030  3793 I libsensor-boledalgo: dbv:395,lux:51.1,cct:9257.6,hsv:-1.0,dc:0CWB R:3159.1,G:7712.0,B:4918.8Event C:3501.1,R:1816.9,G:1360.0,B:826.0Cali C:200.5,R:73.5,G:70.7,B:33.3 
10-25 10:01:03.780  3030  3793 I libsensor-boledalgo: dbv:395,lux:50.6,cct:9340.9,hsv:-1.0,dc:0CWB R:3159.1,G:7712.0,B:4918.8Event C:3479.8,R:1799.9,G:1348.7,B:824.0Cali C:200.5,R:73.5,G:70.7,B:33.3 
10-25 10:01:03.831  3030  3793 I libsensor-boledalgo: dbv:395,lux:51.2,cct:6965.4,hsv:-1.0,dc:0CWB R:3159.1,G:7712.0,B:4918.8Event C:3496.8,R:1803.7,G:1357.5,B:824.0Cali C:200.5,R:73.5,G:70.7,B:33.3 
10-25 10:01:03.853  1688  1688 I vendor.qti.hardware.servicetrackeraidl-service: destroyService is called for service : com.google.android.gms/.chimera.PersistentIntentOperationService
10-25 10:01:03.864  2318  4918 W ContextImpl: Calling a method in the system process without a qualified user: android.app.ContextImpl.sendBroadcast:1260 android.content.ContextWrapper.sendBroadcast:522 com.android.server.wifi.MiuiNetworkMonitor.sendBroadcastForNetwork:675 com.android.server.wifi.MiuiNetworkMonitor.notifyNetworkEmergency:642 com.android.server.wifi.MiuiNetworkMonitor.evaluateNetworkQoE:585 
10-25 10:01:03.867  4663  4954 E PhoneAdapter: get ntnphones failed, exception: java.lang.IllegalStateException: Default phones haven't been made yet!
10-25 10:01:03.880  2318  3489 I MiSensorServiceImpl: LightFovOptimizationSensor::screen_angle: 0.104088 0.333799 9.742975 -nan 52.122253 0.000000 0 52.122253 0 52.122253
10-25 10:01:03.881  3030  3793 I libsensor-boledalgo: dbv:395,lux:50.9,cct:7033.6,hsv:-1.0,dc:0CWB R:3159.1,G:7712.0,B:4918.8Event C:3497.1,R:1800.9,G:1348.7,B:824.0Cali C:200.5,R:73.5,G:70.7,B:33.3 
10-25 10:01:03.882  3030  3793 I libsensor-boledalgo: dbv:395,lux:51.3,cct:6931.1,hsv:-1.0,dc:0CWB R:3159.1,G:7712.0,B:4918.8Event C:3504.3,R:1813.1,G:1358.0,B:823.7Cali C:200.5,R:73.5,G:70.7,B:33.3 
10-25 10:01:03.888  1739  1739 E SLM-HAL-SladSocketClient: connect failed:-1, socket:32, error:No such file or directory
10-25 10:01:03.889  1739  1739 I SLM-HAL : setSLAUidList 10325,10339,10261,10286,10167,10430,10090,
10-25 10:01:03.889  1739  1739 I SLM-HAL-SladSocketClient: createSocket
10-25 10:01:03.889  1739  1739 I SLM-HAL-SladSocketClient: connectServer /dev/socket/slad
10-25 10:01:03.889  1656  2516 I vendor.qti.hardware.display.composer-service: Sensor: notify citsensorservice to trigger cwb, misForced = 0
10-25 10:01:03.890  3030  3788 I libsensor-parseRGB: request dump start for mRequestDisplayId 0
10-25 10:01:03.920  3030 15012 E libsensor-parseRGB: CWB NotifyCWBBufferDone  error 0
10-25 10:01:03.923  2318  4219 I SmartPower: com.miui.gallery/10271(31449): background->idle(3001ms) R(broadcast start Intent { act=android.intent.action.MEDIA_SCANNER_SCAN_FILE dat=file:///... flg=0x1400010 }) adj=905.
10-25 10:01:03.940  3094  3094 I adbd    : in ShellService: rm /sdcard/screen_2025-10-25_100101.png
10-25 10:01:03.976  1656  1854 I SDM     : DisplayBase::CommitThread: Received idle timeout, panel: cmd, timeout: 70000 us
10-25 10:01:03.978  7336 26101 I MediaProvider: Deleted paths_hashcode::1389444597/:1389444597/316817354101.png items on external_primary due to com.android.shell tid=17385
10-25 10:01:04.080  2318  3489 I MiSensorServiceImpl: LightFovOptimizationSensor::screen_angle: 0.101097 0.329611 9.749556 -nan 52.122253 0.000000 0 52.122253 0 52.122253
10-25 10:01:04.102  3094  3094 I adbd    : in ShellService: dumpsys display
10-25 10:01:04.280  2318  3489 I MiSensorServiceImpl: LightFovOptimizationSensor::screen_angle: 0.101097 0.327817 9.738190 -nan 52.122253 0.000000 0 52.122253 0 52.122253
10-25 10:01:04.286  3094  3094 I adbd    : in ShellService: ps
10-25 10:01:04.295  3094  3094 I adbd    : in ShellService: wm size
10-25 10:01:04.393  3094  3094 I adbd    : in ShellService: dumpsys input
10-25 10:01:04.459  3094  3094 I adbd    : in ShellService: getprop ro.sf.lcd_density
10-25 10:01:04.480  2318  3489 I MiSensorServiceImpl: LightFovOptimizationSensor::screen_angle: 0.098704 0.324826 9.738789 -nan 52.122253 0.000000 0 52.122253 0 52.122253
10-25 10:01:04.531  3030  3793 I libsensor-boledalgo: dbv:395,lux:52.1,cct:6982.7,hsv:-1.0,dc:0CWB R:3159.1,G:7712.0,B:4918.8Event C:3572.5,R:1849.6,G:1383.0,B:843.2Cali C:200.5,R:73.5,G:70.7,B:33.3 
10-25 10:01:04.546  3094  3094 I adbd    : in ShellService: am start com.tencent.mtt/com.tencent.mtt.SplashActivity
10-25 10:01:04.599  2318  5453 W ActivityTaskManager: callingPackage for (uid=2000, pid=17405) has no WPC
10-25 10:01:04.601  2318  5453 W OptProp : Cannot read opt property android.window.PROPERTY_COMPAT_ALLOW_ORIENTATION_OVERRIDE
10-25 10:01:04.601  2318  5453 W ActivityTaskManager: Requested orientation  SCREEN_ORIENTATION_UNSET for ActivityRecord{fdd8b7c u0 com.tencent.mtt/.SplashActivity is overridden to SCREEN_ORIENTATION_PORTRAIT
10-25 10:01:04.602  2318  5453 E ActivityTaskManager: Unable to get servicetracker HAL instance
10-25 10:01:04.602  2318  5453 E ActivityTaskManager: Unable to get servicetracker HAL instance
10-25 10:01:04.602  2318  5453 E WindowManager: setClientVisible ActivityRecord{fdd8b7c u0 com.tencent.mtt/.SplashActivity t-1} true
10-25 10:01:04.603  2318  5453 W OptProp : Cannot read opt property android.window.PROPERTY_COMPAT_ALLOW_RESIZEABLE_ACTIVITY_OVERRIDES
10-25 10:01:04.603  2318  5453 W OptProp : Cannot read opt property android.window.PROPERTY_COMPAT_ALLOW_MIN_ASPECT_RATIO_OVERRIDE
10-25 10:01:04.604  2318  5453 I AnimInterruptController: FIS notify Foresee interrupt start:114
10-25 10:01:04.604  2318  5453 I ActivityTaskManager: isKeyguardEditor: false, newTransition: TransitionRecord{ca2d68b id=115 type=OPEN flags=0x0}
10-25 10:01:04.606  2318  5453 I WindowManager: When perf version exceed 2.3, MiGTStub result: false, gameType: 3, packageName: com.tencent.mtt
10-25 10:01:04.606  1672  1746 E ANDR-PERF-UTIL: ANDR-PERF-UTIL: save_node_val() 366: Failed to read /sys/class/mmc_host/mmc0/clk_scaling/enable
10-25 10:01:04.606  1672  1746 E ANDR-PERF-OPTSHANDLER: ANDR-PERF-OPTSHANDLER: modify_sysfsnode() 1266: Failed to read /sys/class/mmc_host/mmc0/clk_scaling/enable
10-25 10:01:04.606  1672  1746 E ANDR-PERF-RESOURCEQS: ANDR-PERF-RESOURCEQS: AddAndApply() 167: Failed to apply optimization [11, 4]
10-25 10:01:04.607  1672  6635 E ANDR-PERF-LM: MetaMeter: handleAsync() 166: AdaptLaunch Invalid Async
10-25 10:01:04.607  1672  6635 E ANDR-PERF-LM: MetaMeter: handleAsync() 166: AdaptLaunch Invalid Async
10-25 10:01:04.608  1908  1908 E DisplayModeController: setDesiredMode : Idle status skip setActiveMode, isDdicIdleMode: 1
10-25 10:01:04.609  1672  6635 E ANDR-PERF-LM: MetaMeter: handleAsync() 166: AdaptLaunch Invalid Async
10-25 10:01:04.609  2318  5453 W ActivityTaskManager: Requested orientation  SCREEN_ORIENTATION_UNSET for ActivityRecord{fdd8b7c u0 com.tencent.mtt/.SplashActivity t25} is overridden to SCREEN_ORIENTATION_PORTRAIT
10-25 10:01:04.609  2318  5453 W ActivityTaskManager: Requested orientation  SCREEN_ORIENTATION_UNSET for ActivityRecord{fdd8b7c u0 com.tencent.mtt/.SplashActivity t25} is overridden to SCREEN_ORIENTATION_PORTRAIT
10-25 10:01:04.609  1672  1746 E ANDR-PERF-UTIL: ANDR-PERF-UTIL: save_node_val() 366: Failed to read /sys/class/mmc_host/mmc0/clk_scaling/enable
10-25 10:01:04.609  1672  1746 E ANDR-PERF-OPTSHANDLER: ANDR-PERF-OPTSHANDLER: modify_sysfsnode() 1266: Failed to read /sys/class/mmc_host/mmc0/clk_scaling/enable
10-25 10:01:04.609  1672  1746 E ANDR-PERF-RESOURCEQS: ANDR-PERF-RESOURCEQS: AddAndApply() 167: Failed to apply optimization [11, 4]
10-25 10:01:04.610  2318  5453 W ActivityTaskManager: Requested orientation  SCREEN_ORIENTATION_UNSET for ActivityRecord{fdd8b7c u0 com.tencent.mtt/.SplashActivity t25} is overridden to SCREEN_ORIENTATION_PORTRAIT
10-25 10:01:04.610  2318  5453 W ActivityTaskManager: Requested orientation  SCREEN_ORIENTATION_UNSET for ActivityRecord{fdd8b7c u0 com.tencent.mtt/.SplashActivity t25} is overridden to SCREEN_ORIENTATION_PORTRAIT
10-25 10:01:04.611  4628  4799 I DynamicDDSService: handleMessage(ACTIVITY_INVOKE{appInfo=com.tencent.mtt isFullScreen=}true)
10-25 10:01:04.611  2318  5453 I WindowManager: Try to add startingWindow type = STARTING_WINDOW_TYPE_SPLASH_SCREEN this = ActivityRecord{fdd8b7c u0 com.tencent.mtt/.SplashActivity t25} preAllowTaskSnapshot = true afterAllowTaskSnapshot = true newTask = true taskSwitch = true processRunning = false activityCreated = false activityAllDrawn = false isSnapshotCompatible = false resolvedTheme = 2131886508 theme = 2131886508
10-25 10:01:04.612  2318  5453 W ActivityTaskManager: Requested orientation  SCREEN_ORIENTATION_UNSET for ActivityRecord{fdd8b7c u0 com.tencent.mtt/.SplashActivity t25} is overridden to SCREEN_ORIENTATION_PORTRAIT
10-25 10:01:04.612  2318  3549 W ActivityTaskManager: Requested orientation  SCREEN_ORIENTATION_UNSET for ActivityRecord{fdd8b7c u0 com.tencent.mtt/.SplashActivity t25} is overridden to SCREEN_ORIENTATION_PORTRAIT
10-25 10:01:04.612  2318  3549 W ActivityTaskManager: Requested orientation  SCREEN_ORIENTATION_UNSET for ActivityRecord{fdd8b7c u0 com.tencent.mtt/.SplashActivity t25} is overridden to SCREEN_ORIENTATION_PORTRAIT
10-25 10:01:04.613  2318  5453 E ActivityTaskManager: Unable to get servicetracker HAL instance
10-25 10:01:04.613  1656  2244 I SDM     : HWCDisplay::SetActiveConfigWithConstraints: display:66-0, config: 3, WxH 1200x2670, fps 120
10-25 10:01:04.613  1656  2244 W SDM     : HWDeviceDRM::GetSupportedBitClkRate: Requested rate not supported: 1150000000
10-25 10:01:04.613  1656  2244 I SDM     : HWDeviceDRM::UpdateMixerAttributes: Mixer WxH 1200x2670-1 for Peripheral
10-25 10:01:04.613  4628  4698 W DynamicDDSService: appName is running in background.com.miui.home
10-25 10:01:04.613  1656  2244 I SDM     : HWCDisplay::SubmitDisplayConfig: Active configuration changed from config 1 to 3
10-25 10:01:04.613  1656  2244 I SDM     : HWCDisplay::SubmitDisplayConfig: Active WxH 1200x2670 ,ddic_mode:auto, timing_fps: 120, sf_fps: 120
10-25 10:01:04.613  2318  5453 W ActivityTaskManager: Requested orientation  SCREEN_ORIENTATION_UNSET for ActivityRecord{fdd8b7c u0 com.tencent.mtt/.SplashActivity t25} is overridden to SCREEN_ORIENTATION_PORTRAIT
10-25 10:01:04.614  2318  5453 W ActivityTaskManager: Requested orientation  SCREEN_ORIENTATION_UNSET for ActivityRecord{fdd8b7c u0 com.tencent.mtt/.SplashActivity t25} is overridden to SCREEN_ORIENTATION_PORTRAIT
10-25 10:01:04.614  2318  5453 I ActivityTaskManager: START u0 {act=android.intent.action.MAIN cat=[android.intent.category.LAUNCHER] flg=0x10000000 cmp=com.tencent.mtt/.SplashActivity} with LAUNCH_MULTIPLE from uid 2000 from pid 17405 callingPackage com.android.shell (BAL_ALLOW_PERMISSION) result code=0
10-25 10:01:04.615  1656  2516 I vendor.qti.hardware.display.composer-service: Sensor: notify citsensorservice to trigger cwb, misForced = 0
10-25 10:01:04.615  4692  4887 I SoScStageCoordinator: Transition requested:TransitionRequestInfo { type = OPEN, triggerTask = TaskInfo{userId=0 taskId=25 displayId=0 isRunning=true baseIntent=Intent { act=android.intent.action.MAIN cat=[android.intent.category.LAUNCHER] flg=0x10000000 cmp=com.tencent.mtt/.SplashActivity } baseActivity=ComponentInfo{com.tencent.mtt/com.tencent.mtt.SplashActivity} topActivity=ComponentInfo{com.tencent.mtt/com.tencent.mtt.SplashActivity} origActivity=null realActivity=ComponentInfo{com.tencent.mtt/com.tencent.mtt.SplashActivity} numActivities=1 lastActiveTime=43826319 supportsSplitScreenMultiWindow=true supportsMultiWindow=true resizeMode=1 isResizeable=true minWidth=-1 minHeight=-1 defaultMinSize=200 token=WCT{android.window.IWindowContainerToken$Stub$Proxy@7e43dce} topActivityType=1 pictureInPictureParams=null shouldDockBigOverlays=false launchIntoPipHostTaskId=-1 lastParentTaskIdBeforePip=-1 displayCutoutSafeInsets=Rect(0, 116 - 0, 0) topActivityInfo=ActivityInfo{25744ef com.tencent.mtt.SplashActivity} launchCookies=[] positionInParent=Point(0, 0) parentTaskId=-1 isFocused=false isVisible=false isVisibleRequested=false isSleeping=false locusId=null displayAreaFeatureId=1 isTopActivityTransparent=false appCompatTaskInfo=AppCompatTaskInfo { topActivityInSizeCompat=false topActivityInMiuiSizeCompat=false topActivityEligibleForLetterboxEducation= falseisLetterboxEducationEnabled= false isLetterboxDoubleTapEnabled= false topActivityEligibleForUserAspectRatioButton= false topActivityBoundsLetterboxed= false isFromLetterboxDoubleTap= false topActivityLetterboxVerticalPosition= -1 topActivityLetterboxHorizontalPosition= -1 topActivityLetterboxWidth=1200 topActivityLetterboxHeight=2670 isUserFullscreenOverrideEnabled=false isSystemFullscreenOverrideEnabled=false cameraCompatTaskInfo=CameraCompatTaskInfo { cameraCompatControlState=hidden freeformCameraCompatMode=inactive}} isImmersive=false mTopActivityRequestOrientation=-2 mBehindAppLockPkg=null mOriginatingUid=0 isEmbedded=false shouldBeVisible=true isCreatedByOrganizer=false mIsCastMode=false mTopActivityMediaSize=null mTopActivityRecordName=ActivityRecord{fdd8b7c u0 com.tencent.mtt/.SplashActivity t25} mTopActivityOrientation=-2}, pipTask = null, remoteTransition = null, displayChange = null, flags = 0, debugId = 115 } isSoScActive:false triggerTask:TaskInfo{userId=0 taskId=25 displayId=0 isRunning=true baseIntent=Intent { act=android.intent.action.MAIN cat=[android.intent.category.LAUNCHER] flg=0x10000000 cmp=com.tencent.mtt/.SplashActivity } baseActivity=ComponentInfo{com.tencent.mtt/com.tencent.mtt.SplashActivity} topActivity=ComponentInfo{com.tencent.mtt/com.tencent.mtt.SplashActivity} origActivity=null realActivity=ComponentInfo{com.tencent.mtt/com.tencent.mtt.SplashActivity} numActivities=1 lastActiveTime=43826319 supportsSplitScreenMultiWindow=true supportsMultiWindow=true resizeMode=1 isResizeable=true minWidth=-1 minHeight=-1 defaultMinSize=200 token=WCT{android.window.IWindowContainerToken$Stub$Proxy@7e43dce} topActivityType=1 pictureInPictureParams=null shouldDockBigOverlays=false launchIntoPipHostTaskId=-1 lastParentTaskIdBeforePip=-1 displayCutoutSafeInsets=Rect(0, 116 - 0, 0) topActivityInfo=ActivityInfo{25744ef com.tencent.mtt.SplashActivity} launchCookies=[] positionInParent=Point(0, 0) parentTaskId=-1 isFocused=false isVisible=false isVisibleRequested=false isSleeping=false locusId=null displayAreaFeatureId=1 isTopActivityTransparent=false appCompatTaskInfo=AppCompatTaskInfo { topActivityInSizeCompat=false topActivityInMiuiSizeCompat=false topActivityEligibleForLetterboxEducation= falseisLetterboxEducationEnabled= false isLetterboxDoubleTapEnabled= false topActivityEligibleForUserAspectRatioButton= false topActivityBoundsLetterboxed= false isFromLetterboxDoubleTap= false topActivityLetterboxVerticalPosition= -1 topActivityLetterboxHorizontalPosition= -1 topActivityLetterboxWidth=1200 topActivityLetterboxHeight=2670 isUserFullscreenOverrideEnabled=false isSystemFullscreenOverrideEnabled=false cameraCompatTaskInfo=CameraCompatTaskI
10-25 10:01:04.615  3030  3788 I libsensor-parseRGB: request dump start for mRequestDisplayId 0
10-25 10:01:04.617  2318  4221 I DisplayModeDirectorImpl: setSmartDisplayUpRefreshRatePolicy [0.0,120.0]
10-25 10:01:04.617  1908  1908 I RefreshRateSelector: Display 4630947082089526659 policy changed
10-25 10:01:04.617  1908  1908 I RefreshRateSelector: Previous: {defaultModeId=0, allowGroupSwitching=false, primaryRanges={physical=[0.00 Hz, 120.00 Hz], render=[0.00 Hz, 120.00 Hz]}, appRequestRanges={physical=[0.00 Hz, 120.00 Hz], render=[0.00 Hz, 120.00 Hz]} idleScreenConfig=nullptr}
10-25 10:01:04.617  1908  1908 I RefreshRateSelector: Current:  DisplayManagerPolicy{defaultModeId=0, allowGroupSwitching=false, primaryRanges={physical=[0.00 Hz, inf Hz], render=[0.00 Hz, 120.00 Hz]}, appRequestRanges={physical=[0.00 Hz, inf Hz], render=[0.00 Hz, 120.00 Hz]} idleScreenConfig=nullptr}
10-25 10:01:04.617  1908  1908 I RefreshRateSelector: 4 mode changes were performed under the previous policy
10-25 10:01:04.617  2318  4221 I DisplayModeDirectorImpl: onDesiredDisplayModeSpecsChanged:baseModeId=0 allowGroupSwitching=false primary=physical: (0.0 Infinity) render:  (0.0 120.0) appRequest=physical: (0.0 Infinity) render:  (0.0 120.0) idleScreenRefreshRateConfig=null noVotes=true
10-25 10:01:04.617  7707  7707 I LauncherOverlayCallback: handleMessage WHAT_ACTIVITY_STATE_CHANGED what1
10-25 10:01:04.617  4299  4299 I Launcher.widget: onInvisible 
10-25 10:01:04.617  7707  7707 I LauncherOverlayCallback: handleMessage WHAT_LAUNCHER_STATE what1
10-25 10:01:04.617  4299  4299 I Launcher.widget: onInvisible 
10-25 10:01:04.617  7707  7707 I AssistantOverlayWindow: lockToHideOverlay
10-25 10:01:04.618  2318  3999 E ActivityTaskManager: Unable to get servicetracker HAL instance
10-25 10:01:04.619  2318  2525 I SettingsImpl: notify first launch
10-25 10:01:04.619  2318  2525 W ActivityManagerServiceImpl: Sending non-protected broadcast miui.intent.action.PACKAGE_FIRST_LAUNCH from system uid 1000 pkg null. Callers=com.android.server.am.ActivityManagerService.checkBroadcastFromSystem:16255 com.android.server.am.ActivityManagerService.broadcastIntentLockedTraced:17126 com.android.server.am.ActivityManagerService.broadcastIntentLocked:16315 com.android.server.am.ActivityManagerService.broadcastIntentWithFeature:17337 com.android.server.pm.SettingsImpl.lambda$noftifyFirstLaunch$0:122 
10-25 10:01:04.619  1908  1908 I BpBinder: onLastStrongRef automatically unlinking death recipients: 
10-25 10:01:04.620  2318  2318 W pre_starting: type=1400 audit(0.0:13629): avc:  denied  { read } for  name="u:object_r:vendor_default_prop:s0" dev="tmpfs" ino=473 scontext=u:r:system_server:s0 tcontext=u:object_r:vendor_default_prop:s0 tclass=file permissive=0
10-25 10:01:04.622  2318  3999 I AppsFilter: interaction: PackageSetting{a17564f com.android.microdroid.empty_payload/10236} -> PackageSetting{5fc77dc com.tencent.mtt/10440} BLOCKED
10-25 10:01:04.622  2318  3999 I AppsFilter: interaction: PackageSetting{17931ba io.appium.uiautomator2.server.test/10280} -> PackageSetting{5fc77dc com.tencent.mtt/10440} BLOCKED
10-25 10:01:04.622  2318  3999 I AppsFilter: interaction: PackageSetting{22f5fc8 io.github.ylimit.droidbotapp/10439} -> PackageSetting{5fc77dc com.tencent.mtt/10440} BLOCKED
10-25 10:01:04.622  2318  3999 I AppsFilter: interaction: PackageSetting{a0ae861 com.rongcard.eid/10151} -> PackageSetting{5fc77dc com.tencent.mtt/10440} BLOCKED
10-25 10:01:04.622  2318  3999 I AppsFilter: interaction: PackageSetting{181c047 io.appium.settings/10274} -> PackageSetting{5fc77dc com.tencent.mtt/10440} BLOCKED
10-25 10:01:04.622  2318  3549 W libc    : Access denied finding property "vendor.gpp.create_frc_extension"
10-25 10:01:04.624  2318  3999 E WindowManager: setClientVisible ActivityRecord{fdd8b7c u0 com.tencent.mtt/.SplashActivity t25} true
10-25 10:01:04.626  4692  4975 I ViewRootImpl: Splash Screen com.tencent.mtt use first frame acceleration
10-25 10:01:04.626  4692  4692 I FocusedNotifPromptContr: onTopActivityMayChanged: isSupportPip false, isFocus false
10-25 10:01:04.626  4692  4692 I FocusedNotifPromptContr: onTopActivityMayChanged: topActivity=com.tencent.mtt
10-25 10:01:04.626  4692  4692 I PromptViewAnimState: topActivityMayChanged: topActivity=com.miui.home --> com.tencent.mtt
10-25 10:01:04.627  2318  5450 I ClipboardServiceI: checkProviderWakePathForClipboard: primaryClip is null
10-25 10:01:04.628  2318  5449 W ActivityTaskManager: Requested orientation  SCREEN_ORIENTATION_UNSET for ActivityRecord{fdd8b7c u0 com.tencent.mtt/.SplashActivity t25} is overridden to SCREEN_ORIENTATION_PORTRAIT
10-25 10:01:04.628  2318  5449 W ActivityTaskManager: Requested orientation  SCREEN_ORIENTATION_UNSET for ActivityRecord{fdd8b7c u0 com.tencent.mtt/.SplashActivity t25} is overridden to SCREEN_ORIENTATION_PORTRAIT
10-25 10:01:04.628  2318  5449 W ActivityTaskManager: Requested orientation  SCREEN_ORIENTATION_UNSET for ActivityRecord{fdd8b7c u0 com.tencent.mtt/.SplashActivity t25} is overridden to SCREEN_ORIENTATION_PORTRAIT
10-25 10:01:04.628  2318  5449 I WindowManager: Add startingWindow, surfaceControl = Surface(name=bfde674 Splash Screen com.tencent.mtt#1722)/@0x9096412 layerId = 1722
10-25 10:01:04.629  2318  5449 W ActivityTaskManager: Requested orientation  SCREEN_ORIENTATION_UNSET for ActivityRecord{fdd8b7c u0 com.tencent.mtt/.SplashActivity t25} is overridden to SCREEN_ORIENTATION_PORTRAIT
10-25 10:01:04.629  2318  5449 W ActivityTaskManager: Requested orientation  SCREEN_ORIENTATION_UNSET for ActivityRecord{fdd8b7c u0 com.tencent.mtt/.SplashActivity t25} is overridden to SCREEN_ORIENTATION_PORTRAIT
10-25 10:01:04.629  2318  5449 W ActivityTaskManager: Requested orientation  SCREEN_ORIENTATION_UNSET for ActivityRecord{fdd8b7c u0 com.tencent.mtt/.SplashActivity t25} is overridden to SCREEN_ORIENTATION_PORTRAIT
10-25 10:01:04.630  2318  2451 I SmartPower: com.android.browser/10134(22999): idle->background(17554ms) R(broadcast start Intent { act=miui.intent.action.PACKAGE_FIRST_LAUNCH flg=0x1000010 (has extras) }) adj=925.
10-25 10:01:04.630  2318  2439 I AnimInterruptController: FIS reset Foresee interrupt status
10-25 10:01:04.630  2318  2439 E WindowManager: setClientVisible ActivityRecord{fdd8b7c u0 com.tencent.mtt/.SplashActivity t25} true
10-25 10:01:04.631  2318  2451 I SmartPower: com.xiaomi.market/10167(12107): idle->background(5776ms) R(broadcast start Intent { act=miui.intent.action.PACKAGE_FIRST_LAUNCH flg=0x1000010 (has extras) }) adj=905.
10-25 10:01:04.631  2318  2439 W ActivityTaskManager: Requested orientation  SCREEN_ORIENTATION_UNSET for ActivityRecord{fdd8b7c u0 com.tencent.mtt/.SplashActivity t25} is overridden to SCREEN_ORIENTATION_PORTRAIT
10-25 10:01:04.631  2318  2439 W ActivityTaskManager: Requested orientation  SCREEN_ORIENTATION_UNSET for ActivityRecord{fdd8b7c u0 com.tencent.mtt/.SplashActivity t25} is overridden to SCREEN_ORIENTATION_PORTRAIT
10-25 10:01:04.631  2318  2439 W ActivityTaskManager: Requested orientation  SCREEN_ORIENTATION_UNSET for ActivityRecord{fdd8b7c u0 com.tencent.mtt/.SplashActivity t25} is overridden to SCREEN_ORIENTATION_PORTRAIT
10-25 10:01:04.631  2318  2439 I Transition: set flag to skip the keyguard Animation
10-25 10:01:04.632  2318  4277 I BarFollowAnimation:  getHomeVersion  defaultLauncher = com.miui.home value = 1
10-25 10:01:04.632  2318  4277 I BarFollowAnimation: Execute startStatusBarAnimation for info = {id=115 t=OPEN f=0x4000000 trk=0 r=[0@Point(0, 0)] c=[{WCT{RemoteToken{cef2099 Task{1abb381 #25 type=standard A=10440:com.tencent.mtt}}} m=OPEN f=NONE leash=Surface(name=Task=25#1718)/@0x935e368 sb=Rect(0, 0 - 1200, 2670) eb=Rect(0, 0 - 1200, 2670) d=0 taskParent=-1 v=true},{WCT{RemoteToken{d0339a3 Task{934b406 #1 type=home}}} m=TO_BACK f=SHOW_WALLPAPER leash=Surface(name=Task=1#45)/@0xbda2ee1 sb=Rect(0, 0 - 1200, 2670) eb=Rect(0, 0 - 1200, 2670) d=0 taskParent=-1 v=false}] mk=[false] noAni=[false] df=[false] oa=[false] sa=[false] ho=[false] iSync=[-1]} mStatusState = -1 mIsFromApp = false isRecent = false
10-25 10:01:04.632 12107 16755 I Market-AppActiveReceiver: use miui action receive app active broadcast for: AppActiveStatRecord{packageName='com.tencent.mtt', installer='null', miuiActiveId='17613576646191', miuiActiveTime=1761357664619, activeTime=1761357664632, activeType=1, userId=0, activationSource='null', reportSource='null'}
10-25 10:01:04.632  2318  2438 I SmartPower: com.tencent.mtt/10440(0): -1->background(0ms) R(become background) adj=-10000.
10-25 10:01:04.632  2318  3691 I MiuiNetworkPolicy: updateUidState uid = 99001, uidState = 11
10-25 10:01:04.632  2318  3691 I MiuiNetworkPolicy: updateUidState uid = 10261, uidState = 11
10-25 10:01:04.632  2318  3691 I MiuiNetworkPolicy: updateUidState uid = 10167, uidState = 11
10-25 10:01:04.632  2318  3691 I MiuiNetworkPolicy: updateUidState uid = 10158, uidState = 11
10-25 10:01:04.632  2318  3691 I MiuiNetworkPolicy: updateUidState uid = 10134, uidState = 11
10-25 10:01:04.632  2318  2429 E SSRU-RUS: Don't have packages for uid 99001
10-25 10:01:04.633  4692  4887 I MultiTaskingTaskRepository: needSkip: is home task
10-25 10:01:04.633  4692  4887 W MultiTaskingTaskRepository: onToBackTransitionReady putOrUpdateTaskInfo skip
10-25 10:01:04.633  4692  4887 I ShellTransitions: Is abandon offsetY: false
10-25 10:01:04.633  4692  4887 I ShellTransitions: Is abandon offsetY: false
10-25 10:01:04.633  4692  4887 E KeyguardTransitionHandlerImpl: activityCount = 0
10-25 10:01:04.633  4692  4887 E KeyguardTransitionHandlerImpl: activityCount = 0
10-25 10:01:04.633  2318  2438 I DisplayDeviceRepository: Display device changed: DisplayDeviceInfo{"": uniqueId="local:4630947082089526659", 1200 x 2670, modeId 1, renderFrameRate 120.00001, defaultModeId 1, userPreferredModeId -1, supportedModes [{id=1, width=1200, height=2670, fps=120.00001, vsync=120.00001, synthetic=false, alternativeRefreshRates=[24.000002, 30.000002, 40.0, 60.000004, 60.000004, 90.0], supportedHdrTypes=[1, 2, 3, 4]}, {id=2, width=1200, height=2670, fps=60.000004, vsync=60.000004, synthetic=false, alternativeRefreshRates=[24.000002, 30.000002, 40.0, 90.0, 120.00001, 120.00001, 120.00001, 120.00001, 120.00001], supportedHdrTypes=[1, 2, 3, 4]}, {id=3, width=1200, height=2670, fps=90.0, vsync=90.0, synthetic=false, alternativeRefreshRates=[24.000002, 30.000002, 40.0, 60.000004, 60.000004, 120.00001, 120.00001, 120.00001, 120.00001, 120.00001], supportedHdrTypes=[1, 2, 3, 4]}, {id=4, width=1200, height=2670, fps=40.0, vsync=40.0, synthetic=false, alternativeRefreshRates=[24.000002, 30.000002, 60.000004, 60.000004, 90.0, 120.00001, 120.00001, 120.00001, 120.00001, 120.00001], supportedHdrTypes=[1, 2, 3, 4]}, {id=5, width=1200, height=2670, fps=30.000002, vsync=30.000002, synthetic=false, alternativeRefreshRates=[24.000002, 40.0, 60.000004, 60.000004, 90.0, 120.00001, 120.00001, 120.00001, 120.00001, 120.00001], supportedHdrTypes=[1, 2, 3, 4]}, {id=6, width=1200, height=2670, fps=24.000002, vsync=24.000002, synthetic=false, alternativeRefreshRates=[30.000002, 40.0, 60.000004, 60.000004, 90.0, 120.00001, 120.00001, 120.00001, 120.00001, 120.00001], supportedHdrTypes=[1, 2, 3, 4]}], colorMode 0, supportedColorModes [0, 7, 9], hdrCapabilities HdrCapabilities{mSupportedHdrTypes=[1, 2, 3, 4], mMaxLuminance=1400.0, mMaxAverageLuminance=700.1615, mMinLuminance=0.323}, allmSupported false, gameContentTypeSupported false, density 480, 459.728 x 460.407 dpi, appVsyncOff 1000000, presDeadline 11333333, cutout DisplayCutout{insets=Rect(0, 116 - 0, 0) waterfall=Insets{left=0, top=0, right=0, bottom=0} boundingRect={Bounds=[Rect(0, 0 - 0, 0), Rect(563, 0 - 637, 116), Rect(0, 0 - 0, 0), Rect(0, 0 - 0, 0)]} cutoutPathParserInfo={CutoutPathParserInfo{displayWidth=1200 displayHeight=2670 physicalDisplayWidth=1200 physicalDisplayHeight=2670 density={3.0} cutoutSpec={M 0,0 H -37 V 116 H 37 V 0 H 0 Z} rotation={0} scale={1.0} physicalPixelDisplaySizeRatio={1.0}}} sideOverrides={}}, touch INTERNAL, rotation 0, type INTERNAL, address {port=131, model=0x40446dd5d993f5}, deviceProductInfo DeviceProductInfo{name=, manufacturerPnpId=QCM, productId=1, modelYear=null, manufactureDate=ManufactureDate{week=27, year=2006}, connectionToSinkType=0}, state ON, committedState ON, frameRateOverride , brightnessMinimum 0.0, brightnessMaximum 1.0, brightnessDefault 0.07496032, hdrSdrRatio 1.0, roundedCorners RoundedCorners{[RoundedCorner{position=TopLeft, radius=134, center=Point(134, 134)}, RoundedCorner{position=TopRight, radius=134, center=Point(1066, 134)}, RoundedCorner{position=BottomRight, radius=134, center=Point(1066, 2536)}, RoundedCorner{position=BottomLeft, radius=134, center=Point(134, 2536)}]}, FLAG_ALLOWED_TO_BE_DEFAULT_DISPLAY, FLAG_ROTATES_WITH_CONTENT, FLAG_SECURE, FLAG_SUPPORTS_PROTECTED_BUFFERS, FLAG_TRUSTED, installOrientation 0, displayShape DisplayShape{ spec=1406003047 displayWidth=1200 displayHeight=2670 physicalPixelDisplaySizeRatio=1.0 rotation=0 offsetX=0 offsetY=0 scale=1.0}}
10-25 10:01:04.634  2318  2438 I DisplayDeviceRepository: Display device changed: DisplayDeviceInfo{"": uniqueId="local:4630947082089526659", 1200 x 2670, modeId 1, renderFrameRate 120.00001, defaultModeId 1, userPreferredModeId -1, supportedModes [{id=1, width=1200, height=2670, fps=120.00001, vsync=120.00001, synthetic=false, alternativeRefreshRates=[24.000002, 30.000002, 40.0, 60.000004, 60.000004, 90.0], supportedHdrTypes=[1, 2, 3, 4]}, {id=2, width=1200, height=2670, fps=60.000004, vsync=60.000004, synthetic=false, alternativeRefreshRates=[24.000002, 30.000002, 40.0, 90.0, 120.00001, 120.00001, 120.00001, 120.00001, 120.00001], supportedHdrTypes=[1, 2, 3, 4]}, {id=3, width=1200, height=2670, fps=90.0, vsync=90.0, synthetic=false, alternativeRefreshRates=[24.000002, 30.000002, 40.0, 60.000004, 60.000004, 120.00001, 120.00001, 120.00001, 120.00001, 120.00001], supportedHdrTypes=[1, 2, 3, 4]}, {id=4, width=1200, height=2670, fps=40.0, vsync=40.0, synthetic=false, alternativeRefreshRates=[24.000002, 30.000002, 60.000004, 60.000004, 90.0, 120.00001, 120.00001, 120.00001, 120.00001, 120.00001], supportedHdrTypes=[1, 2, 3, 4]}, {id=5, width=1200, height=2670, fps=30.000002, vsync=30.000002, synthetic=false, alternativeRefreshRates=[24.000002, 40.0, 60.000004, 60.000004, 90.0, 120.00001, 120.00001, 120.00001, 120.00001, 120.00001], supportedHdrTypes=[1, 2, 3