10-25 18:56:37.781  4692  4692 E MiuiShortcut-ViewUtils: 	at com.miui.keyguard.shortcuts.utils.ViewUtils.getViewRootImplSurfaceControl(ViewUtils.kt:143)
10-25 18:56:37.781  4692  4692 E MiuiShortcut-ViewUtils: 	at com.miui.keyguard.shortcuts.manager.ShortcutWindowManager.getViewRootImplSurfaceControl(ShortcutWindowManager.kt:143)
10-25 18:56:37.781  4692  4692 E MiuiShortcut-ViewUtils: 	at com.miui.keyguard.shortcuts.controller.BaseShortcutAnimController.applyBlurRatio(BaseShortcutAnimController.kt:104)
10-25 18:56:37.781  4692  4692 E MiuiShortcut-ViewUtils: 	at com.miui.keyguard.shortcuts.controller.BaseShortcutAnimController.updateBlurRatio(BaseShortcutAnimController.kt:96)
10-25 18:56:37.781  4692  4692 E MiuiShortcut-ViewUtils: 	at com.miui.keyguard.shortcuts.controller.ShortcutOccludedAnimController$dismissShortcutAnimView$1$1.onUpdate(ShortcutOccludedAnimController.kt:294)
10-25 18:56:37.781  4692  4692 E MiuiShortcut-ViewUtils: 	at miuix.animation.listener.ListenerNotifier$UpdateNotifier.doNotify(ListenerNotifier.java:64)
10-25 18:56:37.781  4692  4692 E MiuiShortcut-ViewUtils: 	at miuix.animation.listener.ListenerNotifier.notifyListenerSet(ListenerNotifier.java:156)
10-25 18:56:37.781  4692  4692 E MiuiShortcut-ViewUtils: 	at miuix.animation.listener.ListenerNotifier.notify(ListenerNotifier.java:145)
10-25 18:56:37.781  4692  4692 E MiuiShortcut-ViewUtils: 	at miuix.animation.listener.ListenerNotifier.notifyUpdate(ListenerNotifier.java:130)
10-25 18:56:37.781  4692  4692 E MiuiShortcut-ViewUtils: 	at miuix.animation.internal.AnimManager.doNotifyUpdate(AnimManager.java:675)
10-25 18:56:37.781  4692  4692 E MiuiShortcut-ViewUtils: 	at miuix.animation.internal.AnimManager.onUpdate(AnimManager.java:668)
10-25 18:56:37.781  4692  4692 E MiuiShortcut-ViewUtils: 	at miuix.animation.internal.AnimManager.notifyTransitionUpdate(AnimManager.java:459)
10-25 18:56:37.781  4692  4692 E MiuiShortcut-ViewUtils: 	at miuix.animation.internal.AnimScheduler.updateTransInfo(AnimScheduler.java:822)
10-25 18:56:37.781  4692  4692 E MiuiShortcut-ViewUtils: 	at miuix.animation.internal.AnimScheduler.updateTarget(AnimScheduler.java:712)
10-25 18:56:37.781  4692  4692 E MiuiShortcut-ViewUtils: 	at miuix.animation.internal.AnimScheduler.update(AnimScheduler.java:564)
10-25 18:56:37.781  4692  4692 E MiuiShortcut-ViewUtils: 	at miuix.animation.internal.AnimScheduler.executeUpdate(AnimScheduler.java:310)
10-25 18:56:37.781  4692  4692 E MiuiShortcut-ViewUtils: 	at miuix.animation.internal.AnimTask.run(AnimTask.java:135)
10-25 18:56:37.781  4692  4692 E MiuiShortcut-ViewUtils: 	at miuix.animation.internal.AnimTask.start(AnimTask.java:63)
10-25 18:56:37.781  4692  4692 E MiuiShortcut-ViewUtils: 	at miuix.animation.internal.AnimScheduler.runAnimTaskOnFrame(AnimScheduler.java:527)
10-25 18:56:37.781  4692  4692 E MiuiShortcut-ViewUtils: 	at miuix.animation.internal.AnimScheduler.doAnimationFrame(AnimScheduler.java:454)
10-25 18:56:37.781  4692  4692 E MiuiShortcut-ViewUtils: 	at miuix.animation.internal.AnimScheduler.executeDoAnimOnFrame(AnimScheduler.java:272)
10-25 18:56:37.781  4692  4692 E MiuiShortcut-ViewUtils: 	at miuix.animation.internal.FolmeEngine.doAnimOnFrame(FolmeEngine.java:143)
10-25 18:56:37.781  4692  4692 E MiuiShortcut-ViewUtils: 	at miuix.animation.internal.FolmeEngine.doAnimationFrame(FolmeEngine.java:75)
10-25 18:56:37.781  4692  4692 E MiuiShortcut-ViewUtils: 	at miuix.animation.physics.AnimationHandler.doAnimationFrame(AnimationHandler.java:190)
10-25 18:56:37.781  4692  4692 E MiuiShortcut-ViewUtils: 	at miuix.animation.physics.AnimationHandler.access$000(AnimationHandler.java:44)
10-25 18:56:37.781  4692  4692 E MiuiShortcut-ViewUtils: 	at miuix.animation.physics.AnimationHandler$AnimationCallbackDispatcher.dispatchAnimationFrame(AnimationHandler.java:64)
10-25 18:56:37.781  4692  4692 E MiuiShortcut-ViewUtils: 	at miuix.animation.physics.AnimationHandler$FrameCallbackProvider33$2.doFrame(AnimationHandler.java:258)
10-25 18:56:37.781  4692  4692 E MiuiShortcut-ViewUtils: 	at android.view.Choreographer$CallbackRecord.run(Choreographer.java:1715)
10-25 18:56:37.781  4692  4692 E MiuiShortcut-ViewUtils: 	at android.view.Choreographer$CallbackRecord.run(Choreographer.java:1726)
10-25 18:56:37.781  4692  4692 E MiuiShortcut-ViewUtils: 	at android.view.Choreographer.doCallbacks(Choreographer.java:1240)
10-25 18:56:37.781  4692  4692 E MiuiShortcut-ViewUtils: 	at android.view.Choreographer.doFrame(Choreographer.java:1139)
10-25 18:56:37.781  4692  4692 E MiuiShortcut-ViewUtils: 	at android.view.Choreographer$FrameDisplayEventReceiver.run(Choreographer.java:1680)
10-25 18:56:37.781  4692  4692 E MiuiShortcut-ViewUtils: 	at android.os.Handler.handleCallback(Handler.java:959)
10-25 18:56:37.781  4692  4692 E MiuiShortcut-ViewUtils: 	at android.os.Handler.dispatchMessage(Handler.java:100)
10-25 18:56:37.781  4692  4692 E MiuiShortcut-ViewUtils: 	at android.os.Looper.loopOnce(Looper.java:249)
10-25 18:56:37.781  4692  4692 E MiuiShortcut-ViewUtils: 	at android.os.Looper.loop(Looper.java:337)
10-25 18:56:37.781  4692  4692 E MiuiShortcut-ViewUtils: 	at android.app.ActivityThread.main(ActivityThread.java:9587)
10-25 18:56:37.781  4692  4692 E MiuiShortcut-ViewUtils: 	at java.lang.reflect.Method.invoke(Native Method)
10-25 18:56:37.781  4692  4692 E MiuiShortcut-ViewUtils: 	at com.android.internal.os.RuntimeInit$MethodAndArgsCaller.run(RuntimeInit.java:593)
10-25 18:56:37.781  4692  4692 E MiuiShortcut-ViewUtils: 	at com.android.internal.os.ZygoteInit.main(ZygoteInit.java:936)
10-25 18:56:37.781  4340  4362 I MiuiWallpaper-WallpaperEventManager: updateKeyguardWallpaperRatio: ratio = 0.9449268, duration = 0
10-25 18:56:37.782 13559  5870 I Market-LocalAppManager: queryDiffSizeFromServer end
10-25 18:56:37.782  4340  4340 I MiuiWallpaper-BitmapSampleSignature: equals: true, pixel same
10-25 18:56:37.782  4340  4340 I MiuiWallpaper-ImageWallpaper: onUpdateBlurAnim0.9449268
10-25 18:56:37.783  4340  4340 I MiuiWallpaper-ImageWallpaper: onUpdateBlendAnim0.9449268
10-25 18:56:37.783 13559  6297 I Market-SubScriptManager: updateMarketSubScript forceShow : false
10-25 18:56:37.783 13559  6297 I Market-SubScriptManager: get count 63
10-25 18:56:37.783 13559  6297 I Market-SubScriptManager: get count 63
10-25 18:56:37.783 13559  5870 I Market-WakeLockManager: release wakeLock: CheckUpdateService
10-25 18:56:37.783  4340  4340 I DesktopImageEngineImpl: updateKeyguardWallpaperRatio, mSwipeRatio = 0.9449268
10-25 18:56:37.785  2318  3883 W MIUIInput: Input event injection from package: null action ACTION_DOWN keycode 4
10-25 18:56:37.785  2318  3883 W MiuiInputKeyEventLog: keyCode:4 down:true eventTime:45012011 downTime:45012011 policyFlags:2b000000 flags:0 metaState:0 deviceId:-1 isScreenOn:true keyguardActive:true repeatCount:0
10-25 18:56:37.785  1688  1688 I vendor.qti.hardware.servicetrackeraidl-service: destroyService is called for service : com.xiaomi.market/.business_core.update.auto.CheckUpdateService
10-25 18:56:37.786  2318  3572 I MIUIInput: [KeyEvent] publisher action:0x0,  keyCode:4 , deviceId=-1, 45012011,channel '1ccab94 NotificationShade (server)' 
10-25 18:56:37.786  4692  4692 I MIUIInput: [KeyEvent] ViewRootImpl windowName 'NotificationShade', KeyEvent { action=ACTION_DOWN, keyCode=KEYCODE_BACK, scanCode=0, metaState=0, flags=0x0, repeatCount=0, eventTime=45012011000000, downTime=45012011000000, deviceId=-1, source=0x0, displayId=-1 }, phoneEventTime=18:56:37.785
10-25 18:56:37.786  2318  2449 W ActivityManagerServiceImpl: Sending non-protected broadcast miui.intent.KEYCODE_BACK from system 2318:system/1000 pkg android. Callers=com.android.server.am.ActivityManagerService.checkBroadcastFromSystem:16255 com.android.server.am.ActivityManagerService.broadcastIntentLockedTraced:17126 com.android.server.am.ActivityManagerService.broadcastIntentLocked:16315 com.android.server.am.ActivityManagerService.broadcastIntentWithFeature:17337 android.app.ContextImpl.sendBroadcastAsUser:1495 
10-25 18:56:37.786  4692  4692 I MIUIInput: OnBackInvokedCallback is enabled, drop Back Key Event
10-25 18:56:37.787  2318  3883 W MIUIInput: Input event injection from package: null action ACTION_UP keycode 4
10-25 18:56:37.787  2318  3883 W MiuiInputKeyEventLog: keyCode:4 down:false eventTime:45012012 downTime:45012011 policyFlags:2b000000 flags:0 metaState:0 deviceId:-1 isScreenOn:true keyguardActive:true repeatCount:0
10-25 18:56:37.787  2318  3572 I MIUIInput: [KeyEvent] publisher action:0x1,  keyCode:4 , deviceId=-1, 45012012,channel '1ccab94 NotificationShade (server)' 
10-25 18:56:37.788  4692  4692 I MIUIInput: [KeyEvent] ViewRootImpl windowName 'NotificationShade', KeyEvent { action=ACTION_UP, keyCode=KEYCODE_BACK, scanCode=0, metaState=0, flags=0x0, repeatCount=0, eventTime=45012012000000, downTime=45012011000000, deviceId=-1, source=0x0, displayId=-1 }, phoneEventTime=18:56:37.787
10-25 18:56:37.788  2318  2449 W ActivityManagerServiceImpl: Sending non-protected broadcast miui.intent.KEYCODE_BACK from system 2318:system/1000 pkg android. Callers=com.android.server.am.ActivityManagerService.checkBroadcastFromSystem:16255 com.android.server.am.ActivityManagerService.broadcastIntentLockedTraced:17126 com.android.server.am.ActivityManagerService.broadcastIntentLocked:16315 com.android.server.am.ActivityManagerService.broadcastIntentWithFeature:17337 android.app.ContextImpl.sendBroadcastAsUser:1495 
10-25 18:56:37.788  4692  4692 I MIUIInput: OnBackInvokedCallback is enabled, drop Back Key Event
10-25 18:56:37.788  4692  4692 E LockScreenMagazinePreView: getFullScreenLayout()  mRemoteFullScreenView:null
10-25 18:56:37.788  4692  4692 E LockScreenMagazinePreView: getFullScreenLayout()  mRemoteFullScreenView:null
10-25 18:56:37.789 13559 13559 I Market-ServiceUtils: stop foreground service: CheckUpdateService
10-25 18:56:37.792  4692  4692 I NotificationPanelView: doBlurAndDim: ratio = 1.0
10-25 18:56:37.792  4340  4362 I MiuiWallpaper-WallpaperEventManager: updateKeyguardWallpaperRatio: ratio = 1.0, duration = 0
10-25 18:56:37.793  2318  3691 I MiuiNetworkPolicy: updateUidState uid = 10261, uidState = 19
10-25 18:56:37.793  4340  4340 I MiuiWallpaper-BitmapSampleSignature: equals: true, pixel same
10-25 18:56:37.793  2318  3691 I MiuiNetworkPolicy: updateUidState uid = 10167, uidState = 19
10-25 18:56:37.793  2318  3691 I MiuiNetworkPolicy: updateUidState uid = 10158, uidState = 19
10-25 18:56:37.794  4340  4340 I MiuiWallpaper-ImageWallpaper: onUpdateBlurAnim1.0
10-25 18:56:37.794  4340  4340 I MiuiWallpaper-ImageWallpaper: onUpdateBlendAnim1.0
10-25 18:56:37.795  4340  4340 I DesktopImageEngineImpl: updateKeyguardWallpaperRatio, mSwipeRatio = 1.0
10-25 18:56:37.803  4692  4692 I QS      : setListening true
10-25 18:56:37.808  4692  4692 E adTracker: Value ranker_group of type java.lang.String cannot be converted to JSONObject
10-25 18:56:37.809  4692  4692 E MiuiShortcut-ViewUtils: reflect get surface control err
10-25 18:56:37.809  4692  4692 E MiuiShortcut-ViewUtils: java.lang.NullPointerException: null receiver
10-25 18:56:37.809  4692  4692 E MiuiShortcut-ViewUtils: 	at java.lang.reflect.Field.get(Native Method)
10-25 18:56:37.809  4692  4692 E MiuiShortcut-ViewUtils: 	at com.miui.keyguard.shortcuts.utils.ViewUtils.getViewRootImplSurfaceControl(ViewUtils.kt:143)
10-25 18:56:37.809  4692  4692 E MiuiShortcut-ViewUtils: 	at com.miui.keyguard.shortcuts.manager.ShortcutWindowManager.getViewRootImplSurfaceControl(ShortcutWindowManager.kt:143)
10-25 18:56:37.809  4692  4692 E MiuiShortcut-ViewUtils: 	at com.miui.keyguard.shortcuts.controller.BaseShortcutAnimController.applyBlurRatio(BaseShortcutAnimController.kt:104)
10-25 18:56:37.809  4692  4692 E MiuiShortcut-ViewUtils: 	at com.miui.keyguard.shortcuts.controller.BaseShortcutAnimController.updateBlurRatio(BaseShortcutAnimController.kt:96)
10-25 18:56:37.809  4692  4692 E MiuiShortcut-ViewUtils: 	at com.miui.keyguard.shortcuts.controller.ShortcutOccludedAnimController$dismissShortcutAnimView$1$1.onUpdate(ShortcutOccludedAnimController.kt:294)
10-25 18:56:37.809  4692  4692 E MiuiShortcut-ViewUtils: 	at miuix.animation.listener.ListenerNotifier$UpdateNotifier.doNotify(ListenerNotifier.java:64)
10-25 18:56:37.809  4692  4692 E MiuiShortcut-ViewUtils: 	at miuix.animation.listener.ListenerNotifier.notifyListenerSet(ListenerNotifier.java:156)
10-25 18:56:37.809  4692  4692 E MiuiShortcut-ViewUtils: 	at miuix.animation.listener.ListenerNotifier.notify(ListenerNotifier.java:145)
10-25 18:56:37.809  4692  4692 E MiuiShortcut-ViewUtils: 	at miuix.animation.listener.ListenerNotifier.notifyUpdate(ListenerNotifier.java:130)
10-25 18:56:37.809  4692  4692 E MiuiShortcut-ViewUtils: 	at miuix.animation.internal.AnimManager.doNotifyUpdate(AnimManager.java:675)
10-25 18:56:37.809  4692  4692 E MiuiShortcut-ViewUtils: 	at miuix.animation.internal.AnimManager.onUpdate(AnimManager.java:668)
10-25 18:56:37.809  4692  4692 E MiuiShortcut-ViewUtils: 	at miuix.animation.internal.AnimManager.notifyTransitionUpdate(AnimManager.java:459)
10-25 18:56:37.809  4692  4692 E MiuiShortcut-ViewUtils: 	at miuix.animation.internal.AnimScheduler.updateTransInfo(AnimScheduler.java:822)
10-25 18:56:37.809  4692  4692 E MiuiShortcut-ViewUtils: 	at miuix.animation.internal.AnimScheduler.updateTarget(AnimScheduler.java:712)
10-25 18:56:37.809  4692  4692 E MiuiShortcut-ViewUtils: 	at miuix.animation.internal.AnimScheduler.update(AnimScheduler.java:564)
10-25 18:56:37.809  4692  4692 E MiuiShortcut-ViewUtils: 	at miuix.animation.internal.AnimScheduler.executeUpdate(AnimScheduler.java:310)
10-25 18:56:37.809  4692  4692 E MiuiShortcut-ViewUtils: 	at miuix.animation.internal.AnimTask.run(AnimTask.java:135)
10-25 18:56:37.809  4692  4692 E MiuiShortcut-ViewUtils: 	at miuix.animation.internal.AnimTask.start(AnimTask.java:63)
10-25 18:56:37.809  4692  4692 E MiuiShortcut-ViewUtils: 	at miuix.animation.internal.AnimScheduler.runAnimTaskOnFrame(AnimScheduler.java:527)
10-25 18:56:37.809  4692  4692 E MiuiShortcut-ViewUtils: 	at miuix.animation.internal.AnimScheduler.doAnimationFrame(AnimScheduler.java:454)
10-25 18:56:37.809  4692  4692 E MiuiShortcut-ViewUtils: 	at miuix.animation.internal.AnimScheduler.executeDoAnimOnFrame(AnimScheduler.java:272)
10-25 18:56:37.809  4692  4692 E MiuiShortcut-ViewUtils: 	at miuix.animation.internal.FolmeEngine.doAnimOnFrame(FolmeEngine.java:143)
10-25 18:56:37.809  4692  4692 E MiuiShortcut-ViewUtils: 	at miuix.animation.internal.FolmeEngine.doAnimationFrame(FolmeEngine.java:75)
10-25 18:56:37.809  4692  4692 E MiuiShortcut-ViewUtils: 	at miuix.animation.physics.AnimationHandler.doAnimationFrame(AnimationHandler.java:190)
10-25 18:56:37.809  4692  4692 E MiuiShortcut-ViewUtils: 	at miuix.animation.physics.AnimationHandler.access$000(AnimationHandler.java:44)
10-25 18:56:37.809  4692  4692 E MiuiShortcut-ViewUtils: 	at miuix.animation.physics.AnimationHandler$AnimationCallbackDispatcher.dispatchAnimationFrame(AnimationHandler.java:64)
10-25 18:56:37.809  4692  4692 E MiuiShortcut-ViewUtils: 	at miuix.animation.physics.AnimationHandler$FrameCallbackProvider33$2.doFrame(AnimationHandler.java:258)
10-25 18:56:37.809  4692  4692 E MiuiShortcut-ViewUtils: 	at android.view.Choreographer$CallbackRecord.run(Choreographer.java:1715)
10-25 18:56:37.809  4692  4692 E MiuiShortcut-ViewUtils: 	at android.view.Choreographer$CallbackRecord.run(Choreographer.java:1726)
10-25 18:56:37.809  4692  4692 E MiuiShortcut-ViewUtils: 	at android.view.Choreographer.doCallbacks(Choreographer.java:1240)
10-25 18:56:37.809  4692  4692 E MiuiShortcut-ViewUtils: 	at android.view.Choreographer.doFrame(Choreographer.java:1139)
10-25 18:56:37.809  4692  4692 E MiuiShortcut-ViewUtils: 	at android.view.Choreographer$FrameDisplayEventReceiver.run(Choreographer.java:1680)
10-25 18:56:37.809  4692  4692 E MiuiShortcut-ViewUtils: 	at android.os.Handler.handleCallback(Handler.java:959)
10-25 18:56:37.809  4692  4692 E MiuiShortcut-ViewUtils: 	at android.os.Handler.dispatchMessage(Handler.java:100)
10-25 18:56:37.809  4692  4692 E MiuiShortcut-ViewUtils: 	at android.os.Looper.loopOnce(Looper.java:249)
10-25 18:56:37.809  4692  4692 E MiuiShortcut-ViewUtils: 	at android.os.Looper.loop(Looper.java:337)
10-25 18:56:37.809  4692  4692 E MiuiShortcut-ViewUtils: 	at android.app.ActivityThread.main(ActivityThread.java:9587)
10-25 18:56:37.809  4692  4692 E MiuiShortcut-ViewUtils: 	at java.lang.reflect.Method.invoke(Native Method)
10-25 18:56:37.809  4692  4692 E MiuiShortcut-ViewUtils: 	at com.android.internal.os.RuntimeInit$MethodAndArgsCaller.run(RuntimeInit.java:593)
10-25 18:56:37.809  4692  4692 E MiuiShortcut-ViewUtils: 	at com.android.internal.os.ZygoteInit.main(ZygoteInit.java:936)
10-25 18:56:37.809  4692  4692 E AnimationHelper: com.android.keyguard.clock.animation.AnimationHelper@9694f05 doAnimationToNotification hasNotification: true, fromKeyguard: true, mHasNotification: true, mToAod: false
10-25 18:56:37.809  4692  4692 E AnimationHelper: com.android.keyguard.clock.animation.AnimationHelper@9694f05 doAnimationToNotification hasNotification: true, fromKeyguard: true, mHasNotification: true, mToAod: false
10-25 18:56:37.813  4692  4692 I NotificationPanelView: doBlurAndDim: ratio = 0.99
10-25 18:56:37.813  4692  4692 I DozeServiceHost: updateScreenOffNeedLinkageAnimStateInternal:mKeyguardShowing->true,mKeyguardOccluded->false
10-25 18:56:37.814  4340  4362 I MiuiWallpaper-WallpaperEventManager: updateKeyguardWallpaperRatio: ratio = 0.99, duration = 0
10-25 18:56:37.814  4340  4340 I MiuiWallpaper-BitmapSampleSignature: equals: true, pixel same
10-25 18:56:37.814  4340  4340 I MiuiWallpaper-ImageWallpaper: onUpdateBlurAnim0.99
10-25 18:56:37.814  4340  4340 I MiuiWallpaper-ImageWallpaper: onUpdateBlendAnim0.99
10-25 18:56:37.815  4340  4340 I DesktopImageEngineImpl: updateKeyguardWallpaperRatio, mSwipeRatio = 0.99
10-25 18:56:37.815  4692  5352 I MiuiGxzwAnimManager: getFingerIconResource: mKeyguardAuthen = true, mLightWallpaperGxzw = false, mEnrolling = false, mLightIcon = false
10-25 18:56:37.815  4692  5352 I MiuiGxzwFrameAnimation: draw: res = 2131234235, anim = false, scale = 1.0
10-25 18:56:37.820  4692  4692 E MiuiShortcut-ViewUtils: reflect get surface control err
10-25 18:56:37.820  4692  4692 E MiuiShortcut-ViewUtils: java.lang.NullPointerException: null receiver
10-25 18:56:37.820  4692  4692 E MiuiShortcut-ViewUtils: 	at java.lang.reflect.Field.get(Native Method)
10-25 18:56:37.820  4692  4692 E MiuiShortcut-ViewUtils: 	at com.miui.keyguard.shortcuts.utils.ViewUtils.getViewRootImplSurfaceControl(ViewUtils.kt:143)
10-25 18:56:37.820  4692  4692 E MiuiShortcut-ViewUtils: 	at com.miui.keyguard.shortcuts.manager.ShortcutWindowManager.getViewRootImplSurfaceControl(ShortcutWindowManager.kt:143)
10-25 18:56:37.820  4692  4692 E MiuiShortcut-ViewUtils: 	at com.miui.keyguard.shortcuts.controller.BaseShortcutAnimController.applyBlurRatio(BaseShortcutAnimController.kt:104)
10-25 18:56:37.820  4692  4692 E MiuiShortcut-ViewUtils: 	at com.miui.keyguard.shortcuts.controller.BaseShortcutAnimController.updateBlurRatio(BaseShortcutAnimController.kt:96)
10-25 18:56:37.820  4692  4692 E MiuiShortcut-ViewUtils: 	at com.miui.keyguard.shortcuts.controller.ShortcutOccludedAnimController$dismissShortcutAnimView$1$1.onUpdate(ShortcutOccludedAnimController.kt:294)
10-25 18:56:37.820  4692  4692 E MiuiShortcut-ViewUtils: 	at miuix.animation.listener.ListenerNotifier$UpdateNotifier.doNotify(ListenerNotifier.java:64)
10-25 18:56:37.820  4692  4692 E MiuiShortcut-ViewUtils: 	at miuix.animation.listener.ListenerNotifier.notifyListenerSet(ListenerNotifier.java:156)
10-25 18:56:37.820  4692  4692 E MiuiShortcut-ViewUtils: 	at miuix.animation.listener.ListenerNotifier.notify(ListenerNotifier.java:145)
10-25 18:56:37.820  4692  4692 E MiuiShortcut-ViewUtils: 	at miuix.animation.listener.ListenerNotifier.notifyUpdate(ListenerNotifier.java:130)
10-25 18:56:37.820  4692  4692 E MiuiShortcut-ViewUtils: 	at miuix.animation.internal.AnimManager.doNotifyUpdate(AnimManager.java:675)
10-25 18:56:37.820  4692  4692 E MiuiShortcut-ViewUtils: 	at miuix.animation.internal.AnimManager.onUpdate(AnimManager.java:668)
10-25 18:56:37.820  4692  4692 E MiuiShortcut-ViewUtils: 	at miuix.animation.internal.AnimManager.notifyTransitionUpdate(AnimManager.java:459)
10-25 18:56:37.820  4692  4692 E MiuiShortcut-ViewUtils: 	at miuix.animation.internal.AnimScheduler.updateTransInfo(AnimScheduler.java:822)
10-25 18:56:37.820  4692  4692 E MiuiShortcut-ViewUtils: 	at miuix.animation.internal.AnimScheduler.updateTarget(AnimScheduler.java:712)
10-25 18:56:37.820  4692  4692 E MiuiShortcut-ViewUtils: 	at miuix.animation.internal.AnimScheduler.update(AnimScheduler.java:564)
10-25 18:56:37.820  4692  4692 E MiuiShortcut-ViewUtils: 	at miuix.animation.internal.AnimScheduler.executeUpdate(AnimScheduler.java:310)
10-25 18:56:37.820  4692  4692 E MiuiShortcut-ViewUtils: 	at miuix.animation.internal.AnimTask.run(AnimTask.java:135)
10-25 18:56:37.820  4692  4692 E MiuiShortcut-ViewUtils: 	at miuix.animation.internal.AnimTask.start(AnimTask.java:63)
10-25 18:56:37.820  4692  4692 E MiuiShortcut-ViewUtils: 	at miuix.animation.internal.AnimScheduler.runAnimTaskOnFrame(AnimScheduler.java:527)
10-25 18:56:37.820  4692  4692 E MiuiShortcut-ViewUtils: 	at miuix.animation.internal.AnimScheduler.doAnimationFrame(AnimScheduler.java:454)
10-25 18:56:37.820  4692  4692 E MiuiShortcut-ViewUtils: 	at miuix.animation.internal.AnimScheduler.executeDoAnimOnFrame(AnimScheduler.java:272)
10-25 18:56:37.820  4692  4692 E MiuiShortcut-ViewUtils: 	at miuix.animation.internal.FolmeEngine.doAnimOnFrame(FolmeEngine.java:143)
10-25 18:56:37.820  4692  4692 E MiuiShortcut-ViewUtils: 	at miuix.animation.internal.FolmeEngine.doAnimationFrame(FolmeEngine.java:75)
10-25 18:56:37.820  4692  4692 E MiuiShortcut-ViewUtils: 	at miuix.animation.physics.AnimationHandler.doAnimationFrame(AnimationHandler.java:190)
10-25 18:56:37.820  4692  4692 E MiuiShortcut-ViewUtils: 	at miuix.animation.physics.AnimationHandler.access$000(AnimationHandler.java:44)
10-25 18:56:37.820  4692  4692 E MiuiShortcut-ViewUtils: 	at miuix.animation.physics.AnimationHandler$AnimationCallbackDispatcher.dispatchAnimationFrame(AnimationHandler.java:64)
10-25 18:56:37.820  4692  4692 E MiuiShortcut-ViewUtils: 	at miuix.animation.physics.AnimationHandler$FrameCallbackProvider33$2.doFrame(AnimationHandler.java:258)
10-25 18:56:37.820  4692  4692 E MiuiShortcut-ViewUtils: 	at android.view.Choreographer$CallbackRecord.run(Choreographer.java:1715)
10-25 18:56:37.820  4692  4692 E MiuiShortcut-ViewUtils: 	at android.view.Choreographer$CallbackRecord.run(Choreographer.java:1726)
10-25 18:56:37.820  4692  4692 E MiuiShortcut-ViewUtils: 	at android.view.Choreographer.doCallbacks(Choreographer.java:1240)
10-25 18:56:37.820  4692  4692 E MiuiShortcut-ViewUtils: 	at android.view.Choreographer.doFrame(Choreographer.java:1139)
10-25 18:56:37.820  4692  4692 E MiuiShortcut-ViewUtils: 	at android.view.Choreographer$FrameDisplayEventReceiver.run(Choreographer.java:1680)
10-25 18:56:37.820  4692  4692 E MiuiShortcut-ViewUtils: 	at android.os.Handler.handleCallback(Handler.java:959)
10-25 18:56:37.820  4692  4692 E MiuiShortcut-ViewUtils: 	at android.os.Handler.dispatchMessage(Handler.java:100)
10-25 18:56:37.820  4692  4692 E MiuiShortcut-ViewUtils: 	at android.os.Looper.loopOnce(Looper.java:249)
10-25 18:56:37.820  4692  4692 E MiuiShortcut-ViewUtils: 	at android.os.Looper.loop(Looper.java:337)
10-25 18:56:37.820  4692  4692 E MiuiShortcut-ViewUtils: 	at android.app.ActivityThread.main(ActivityThread.java:9587)
10-25 18:56:37.820  4692  4692 E MiuiShortcut-ViewUtils: 	at java.lang.reflect.Method.invoke(Native Method)
10-25 18:56:37.820  4692  4692 E MiuiShortcut-ViewUtils: 	at com.android.internal.os.RuntimeInit$MethodAndArgsCaller.run(RuntimeInit.java:593)
10-25 18:56:37.820  4692  4692 E MiuiShortcut-ViewUtils: 	at com.android.internal.os.ZygoteInit.main(ZygoteInit.java:936)
10-25 18:56:37.820  2318  5443 W ActivityManagerServiceImpl: Sending non-protected broadcast com.android.systemui.fsgesture from system 4692:com.android.systemui/1000 pkg com.android.systemui. Callers=
10-25 18:56:37.823  4692  4692 I KeyguardTransitionRepository: STARTED transition: TransitionStep(from=PRIMARY_BOUNCER, to=LOCKSCREEN, value=0.0, transitionState=STARTED, ownerName=FromPrimaryBouncerTransitionInteractor)
10-25 18:56:37.823  4299  4299 W RecentsImpl: mFsgReceiver  mFsgReceiverSender=com.android.systemui, action=com.android.systemui.fsgesture
10-25 18:56:37.823  4299  4299 W RecentsImpl: updateFsgWindowVisibilityState origin isEnter=true, typeFrom=typefrom_keyguard
10-25 18:56:37.823  4692  4692 I NotificationPanelView: doBlurAndDim: ratio = 0.7526977
10-25 18:56:37.824  4340  4362 I MiuiWallpaper-WallpaperEventManager: updateKeyguardWallpaperRatio: ratio = 0.7526977, duration = 0
10-25 18:56:37.824  4692  4692 E MiuiShortcut-ViewUtils: reflect get surface control err
10-25 18:56:37.824  4692  4692 E MiuiShortcut-ViewUtils: java.lang.NullPointerException: null receiver
10-25 18:56:37.824  4692  4692 E MiuiShortcut-ViewUtils: 	at java.lang.reflect.Field.get(Native Method)
10-25 18:56:37.824  4692  4692 E MiuiShortcut-ViewUtils: 	at com.miui.keyguard.shortcuts.utils.ViewUtils.getViewRootImplSurfaceControl(ViewUtils.kt:143)
10-25 18:56:37.824  4692  4692 E MiuiShortcut-ViewUtils: 	at com.miui.keyguard.shortcuts.manager.ShortcutWindowManager.getViewRootImplSurfaceControl(ShortcutWindowManager.kt:143)
10-25 18:56:37.824  4692  4692 E MiuiShortcut-ViewUtils: 	at com.miui.keyguard.shortcuts.controller.BaseShortcutAnimController.applyBlurRatio(BaseShortcutAnimController.kt:104)
10-25 18:56:37.824  4692  4692 E MiuiShortcut-ViewUtils: 	at com.miui.keyguard.shortcuts.controller.BaseShortcutAnimController.updateBlurRatio(BaseShortcutAnimController.kt:96)
10-25 18:56:37.824  4692  4692 E MiuiShortcut-ViewUtils: 	at com.miui.keyguard.shortcuts.controller.ShortcutOccludedAnimController$dismissShortcutAnimView$1$1.onUpdate(ShortcutOccludedAnimController.kt:294)
10-25 18:56:37.824  4692  4692 E MiuiShortcut-ViewUtils: 	at miuix.animation.listener.ListenerNotifier$UpdateNotifier.doNotify(ListenerNotifier.java:64)
10-25 18:56:37.824  4692  4692 E MiuiShortcut-ViewUtils: 	at miuix.animation.listener.ListenerNotifier.notifyListenerSet(ListenerNotifier.java:156)
10-25 18:56:37.824  4692  4692 E MiuiShortcut-ViewUtils: 	at miuix.animation.listener.ListenerNotifier.notify(ListenerNotifier.java:145)
10-25 18:56:37.824  4692  4692 E MiuiShortcut-ViewUtils: 	at miuix.animation.listener.ListenerNotifier.notifyUpdate(ListenerNotifier.java:130)
10-25 18:56:37.824  4692  4692 E MiuiShortcut-ViewUtils: 	at miuix.animation.internal.AnimManager.doNotifyUpdate(AnimManager.java:675)
10-25 18:56:37.824  4692  4692 E MiuiShortcut-ViewUtils: 	at miuix.animation.internal.AnimManager.onUpdate(AnimManager.java:668)
10-25 18:56:37.824  4692  4692 E MiuiShortcut-ViewUtils: 	at miuix.animation.internal.AnimManager.notifyTransitionUpdate(AnimManager.java:459)
10-25 18:56:37.824  4692  4692 E MiuiShortcut-ViewUtils: 	at miuix.animation.internal.AnimScheduler.updateTransInfo(AnimScheduler.java:822)
10-25 18:56:37.824  4692  4692 E MiuiShortcut-ViewUtils: 	at miuix.animation.internal.AnimScheduler.updateTarget(AnimScheduler.java:712)
10-25 18:56:37.824  4692  4692 E MiuiShortcut-ViewUtils: 	at miuix.animation.internal.AnimScheduler.update(AnimScheduler.java:564)
10-25 18:56:37.824  4692  4692 E MiuiShortcut-ViewUtils: 	at miuix.animation.internal.AnimScheduler.executeUpdate(AnimScheduler.java:310)
10-25 18:56:37.824  4692  4692 E MiuiShortcut-ViewUtils: 	at miuix.animation.internal.AnimTask.run(AnimTask.java:135)
10-25 18:56:37.824  4692  4692 E MiuiShortcut-ViewUtils: 	at miuix.animation.internal.AnimTask.start(AnimTask.java:63)
10-25 18:56:37.824  4692  4692 E MiuiShortcut-ViewUtils: 	at miuix.animation.internal.AnimScheduler.runAnimTaskOnFrame(AnimScheduler.java:527)
10-25 18:56:37.824  4692  4692 E MiuiShortcut-ViewUtils: 	at miuix.animation.internal.AnimScheduler.doAnimationFrame(AnimScheduler.java:454)
10-25 18:56:37.824  4692  4692 E MiuiShortcut-ViewUtils: 	at miuix.animation.internal.AnimScheduler.executeDoAnimOnFrame(AnimScheduler.java:272)
10-25 18:56:37.824  4692  4692 E MiuiShortcut-ViewUtils: 	at miuix.animation.internal.FolmeEngine.doAnimOnFrame(FolmeEngine.java:143)
10-25 18:56:37.824  4692  4692 E MiuiShortcut-ViewUtils: 	at miuix.animation.internal.FolmeEngine.doAnimationFrame(FolmeEngine.java:75)
10-25 18:56:37.824  4692  4692 E MiuiShortcut-ViewUtils: 	at miuix.animation.physics.AnimationHandler.doAnimationFrame(AnimationHandler.java:190)
10-25 18:56:37.824  4692  4692 E MiuiShortcut-ViewUtils: 	at miuix.animation.physics.AnimationHandler.access$000(AnimationHandler.java:44)
10-25 18:56:37.824  4692  4692 E MiuiShortcut-ViewUtils: 	at miuix.animation.physics.AnimationHandler$AnimationCallbackDispatcher.dispatchAnimationFrame(AnimationHandler.java:64)
10-25 18:56:37.824  4692  4692 E MiuiShortcut-ViewUtils: 	at miuix.animation.physics.AnimationHandler$FrameCallbackProvider33$2.doFrame(AnimationHandler.java:258)
10-25 18:56:37.824  4692  4692 E MiuiShortcut-ViewUtils: 	at android.view.Choreographer$CallbackRecord.run(Choreographer.java:1715)
10-25 18:56:37.824  4692  4692 E MiuiShortcut-ViewUtils: 	at android.view.Choreographer$CallbackRecord.run(Choreographer.java:1726)
10-25 18:56:37.824  4692  4692 E MiuiShortcut-ViewUtils: 	at android.view.Choreographer.doCallbacks(Choreographer.java:1240)
10-25 18:56:37.824  4692  4692 E MiuiShortcut-ViewUtils: 	at android.view.Choreographer.doFrame(Choreographer.java:1139)
10-25 18:56:37.824  4692  4692 E MiuiShortcut-ViewUtils: 	at android.view.Choreographer$FrameDisplayEventReceiver.run(Choreographer.java:1680)
10-25 18:56:37.824  4692  4692 E MiuiShortcut-ViewUtils: 	at android.os.Handler.handleCallback(Handler.java:959)
10-25 18:56:37.824  4692  4692 E MiuiShortcut-ViewUtils: 	at android.os.Handler.dispatchMessage(Handler.java:100)
10-25 18:56:37.824  4692  4692 E MiuiShortcut-ViewUtils: 	at android.os.Looper.loopOnce(Looper.java:249)
10-25 18:56:37.824  4692  4692 E MiuiShortcut-ViewUtils: 	at android.os.Looper.loop(Looper.java:337)
10-25 18:56:37.824  4692  4692 E MiuiShortcut-ViewUtils: 	at android.app.ActivityThread.main(ActivityThread.java:9587)
10-25 18:56:37.824  4692  4692 E MiuiShortcut-ViewUtils: 	at java.lang.reflect.Method.invoke(Native Method)
10-25 18:56:37.824  4692  4692 E MiuiShortcut-ViewUtils: 	at com.android.internal.os.RuntimeInit$MethodAndArgsCaller.run(RuntimeInit.java:593)
10-25 18:56:37.824  4692  4692 E MiuiShortcut-ViewUtils: 	at com.android.internal.os.ZygoteInit.main(ZygoteInit.java:936)
10-25 18:56:37.824  4299  4890 W RecentsImpl: updateFsgWindowVisibilityStateInBgThread, isEnter=true, typeFrom=typefrom_keyguard, isOpen=true, isKeyguardLocked=true, mIsInAnotherPro=false, isStatusBarExpansion=false
10-25 18:56:37.824  4692  5047 W qdgralloc: getInterlacedFlag: getMetaData returned 3, defaulting to interlaced_flag = 0
10-25 18:56:37.825  4340  4340 I MiuiWallpaper-BitmapSampleSignature: equals: true, pixel same
10-25 18:56:37.825  4340  4340 I MiuiWallpaper-ImageWallpaper: onUpdateBlurAnim0.7526977
10-25 18:56:37.826  4340  4340 I MiuiWallpaper-ImageWallpaper: onUpdateBlendAnim0.7526977
10-25 18:56:37.830  4692  4692 I NotificationPanelView: doBlurAndDim: ratio = 0.56325215
10-25 18:56:37.830  4340  4340 I DesktopImageEngineImpl: updateKeyguardWallpaperRatio, mSwipeRatio = 0.7526977
10-25 18:56:37.830  4340  4362 I MiuiWallpaper-WallpaperEventManager: updateKeyguardWallpaperRatio: ratio = 0.56325215, duration = 0
10-25 18:56:37.830  4340  4340 I MiuiWallpaper-BitmapSampleSignature: equals: true, pixel same
10-25 18:56:37.830  4340  4340 I MiuiWallpaper-ImageWallpaper: onUpdateBlurAnim0.56325215
10-25 18:56:37.831  4692  4692 E MiuiShortcut-ViewUtils: reflect get surface control err
10-25 18:56:37.831  4692  4692 E MiuiShortcut-ViewUtils: java.lang.NullPointerException: null receiver
10-25 18:56:37.831  4692  4692 E MiuiShortcut-ViewUtils: 	at java.lang.reflect.Field.get(Native Method)
10-25 18:56:37.831  4692  4692 E MiuiShortcut-ViewUtils: 	at com.miui.keyguard.shortcuts.utils.ViewUtils.getViewRootImplSurfaceControl(ViewUtils.kt:143)
10-25 18:56:37.831  4692  4692 E MiuiShortcut-ViewUtils: 	at com.miui.keyguard.shortcuts.manager.ShortcutWindowManager.getViewRootImplSurfaceControl(ShortcutWindowManager.kt:143)
10-25 18:56:37.831  4692  4692 E MiuiShortcut-ViewUtils: 	at com.miui.keyguard.shortcuts.controller.BaseShortcutAnimController.applyBlurRatio(BaseShortcutAnimController.kt:104)
10-25 18:56:37.831  4692  4692 E MiuiShortcut-ViewUtils: 	at com.miui.keyguard.shortcuts.controller.BaseShortcutAnimController.updateBlurRatio(BaseShortcutAnimController.kt:96)
10-25 18:56:37.831  4692  4692 E MiuiShortcut-ViewUtils: 	at com.miui.keyguard.shortcuts.controller.ShortcutOccludedAnimController$dismissShortcutAnimView$1$1.onUpdate(ShortcutOccludedAnimController.kt:294)
10-25 18:56:37.831  4692  4692 E MiuiShortcut-ViewUtils: 	at miuix.animation.listener.ListenerNotifier$UpdateNotifier.doNotify(ListenerNotifier.java:64)
10-25 18:56:37.831  4692  4692 E MiuiShortcut-ViewUtils: 	at miuix.animation.listener.ListenerNotifier.notifyListenerSet(ListenerNotifier.java:156)
10-25 18:56:37.831  4692  4692 E MiuiShortcut-ViewUtils: 	at miuix.animation.listener.ListenerNotifier.notify(ListenerNotifier.java:145)
10-25 18:56:37.831  4692  4692 E MiuiShortcut-ViewUtils: 	at miuix.animation.listener.ListenerNotifier.notifyUpdate(ListenerNotifier.java:130)
10-25 18:56:37.831  4692  4692 E MiuiShortcut-ViewUtils: 	at miuix.animation.internal.AnimManager.doNotifyUpdate(AnimManager.java:675)
10-25 18:56:37.831  4692  4692 E MiuiShortcut-ViewUtils: 	at miuix.animation.internal.AnimManager.onUpdate(AnimManager.java:668)
10-25 18:56:37.831  4692  4692 E MiuiShortcut-ViewUtils: 	at miuix.animation.internal.AnimManager.notifyTransitionUpdate(AnimManager.java:459)
10-25 18:56:37.831  4692  4692 E MiuiShortcut-ViewUtils: 	at miuix.animation.internal.AnimScheduler.updateTransInfo(AnimScheduler.java:822)
10-25 18:56:37.831  4692  4692 E MiuiShortcut-ViewUtils: 	at miuix.animation.internal.AnimScheduler.updateTarget(AnimScheduler.java:712)
10-25 18:56:37.831  4692  4692 E MiuiShortcut-ViewUtils: 	at miuix.animation.internal.AnimScheduler.update(AnimScheduler.java:564)
10-25 18:56:37.831  4692  4692 E MiuiShortcut-ViewUtils: 	at miuix.animation.internal.AnimScheduler.executeUpdate(AnimScheduler.java:310)
10-25 18:56:37.831  4692  4692 E MiuiShortcut-ViewUtils: 	at miuix.animation.internal.AnimTask.run(AnimTask.java:135)
10-25 18:56:37.831  4692  4692 E MiuiShortcut-ViewUtils: 	at miuix.animation.internal.AnimTask.start(AnimTask.java:63)
10-25 18:56:37.831  4692  4692 E MiuiShortcut-ViewUtils: 	at miuix.animation.internal.AnimScheduler.runAnimTaskOnFrame(AnimScheduler.java:527)
10-25 18:56:37.831  4692  4692 E MiuiShortcut-ViewUtils: 	at miuix.animation.internal.AnimScheduler.doAnimationFrame(AnimScheduler.java:454)
10-25 18:56:37.831  4692  4692 E MiuiShortcut-ViewUtils: 	at miuix.animation.internal.AnimScheduler.executeDoAnimOnFrame(AnimScheduler.java:272)
10-25 18:56:37.831  4692  4692 E MiuiShortcut-ViewUtils: 	at miuix.animation.internal.FolmeEngine.doAnimOnFrame(FolmeEngine.java:143)
10-25 18:56:37.831  4692  4692 E MiuiShortcut-ViewUtils: 	at miuix.animation.internal.FolmeEngine.doAnimationFrame(FolmeEngine.java:75)
10-25 18:56:37.831  4692  4692 E MiuiShortcut-ViewUtils: 	at miuix.animation.physics.AnimationHandler.doAnimationFrame(AnimationHandler.java:190)
10-25 18:56:37.831  4692  4692 E MiuiShortcut-ViewUtils: 	at miuix.animation.physics.AnimationHandler.access$000(AnimationHandler.java:44)
10-25 18:56:37.831  4692  4692 E MiuiShortcut-ViewUtils: 	at miuix.animation.physics.AnimationHandler$AnimationCallbackDispatcher.dispatchAnimationFrame(AnimationHandler.java:64)
10-25 18:56:37.831  4692  4692 E MiuiShortcut-ViewUtils: 	at miuix.animation.physics.AnimationHandler$FrameCallbackProvider33$2.doFrame(AnimationHandler.java:258)
10-25 18:56:37.831  4692  4692 E MiuiShortcut-ViewUtils: 	at android.view.Choreographer$CallbackRecord.run(Choreographer.java:1715)
10-25 18:56:37.831  4692  4692 E MiuiShortcut-ViewUtils: 	at android.view.Choreographer$CallbackRecord.run(Choreographer.java:1726)
10-25 18:56:37.831  4692  4692 E MiuiShortcut-ViewUtils: 	at android.view.Choreographer.doCallbacks(Choreographer.java:1240)
10-25 18:56:37.831  4692  4692 E MiuiShortcut-ViewUtils: 	at android.view.Choreographer.doFrame(Choreographer.java:1139)
10-25 18:56:37.831  4692  4692 E MiuiShortcut-ViewUtils: 	at android.view.Choreographer$FrameDisplayEventReceiver.run(Choreographer.java:1680)
10-25 18:56:37.831  4692  4692 E MiuiShortcut-ViewUtils: 	at android.os.Handler.handleCallback(Handler.java:959)
10-25 18:56:37.831  4692  4692 E MiuiShortcut-ViewUtils: 	at android.os.Handler.dispatchMessage(Handler.java:100)
10-25 18:56:37.831  4692  4692 E MiuiShortcut-ViewUtils: 	at android.os.Looper.loopOnce(Looper.java:249)
10-25 18:56:37.831  4692  4692 E MiuiShortcut-ViewUtils: 	at android.os.Looper.loop(Looper.java:337)
10-25 18:56:37.831  4692  4692 E MiuiShortcut-ViewUtils: 	at android.app.ActivityThread.main(ActivityThread.java:9587)
10-25 18:56:37.831  4692  4692 E MiuiShortcut-ViewUtils: 	at java.lang.reflect.Method.invoke(Native Method)
10-25 18:56:37.831  4692  4692 E MiuiShortcut-ViewUtils: 	at com.android.internal.os.RuntimeInit$MethodAndArgsCaller.run(RuntimeInit.java:593)
10-25 18:56:37.831  4692  4692 E MiuiShortcut-ViewUtils: 	at com.android.internal.os.ZygoteInit.main(ZygoteInit.java:936)
10-25 18:56:37.831  4340  4340 I MiuiWallpaper-ImageWallpaper: onUpdateBlendAnim0.56325215
10-25 18:56:37.832  4340  4340 I DesktopImageEngineImpl: updateKeyguardWallpaperRatio, mSwipeRatio = 0.56325215
10-25 18:56:37.838  4692  4692 I NotificationPanelView: doBlurAndDim: ratio = 0.39785874
10-25 18:56:37.838  4692  4692 E MiuiShortcut-ViewUtils: reflect get surface control err
10-25 18:56:37.838  4692  4692 E MiuiShortcut-ViewUtils: java.lang.NullPointerException: null receiver
10-25 18:56:37.838  4692  4692 E MiuiShortcut-ViewUtils: 	at java.lang.reflect.Field.get(Native Method)
10-25 18:56:37.838  4692  4692 E MiuiShortcut-ViewUtils: 	at com.miui.keyguard.shortcuts.utils.ViewUtils.getViewRootImplSurfaceControl(ViewUtils.kt:143)
10-25 18:56:37.838  4692  4692 E MiuiShortcut-ViewUtils: 	at com.miui.keyguard.shortcuts.manager.ShortcutWindowManager.getViewRootImplSurfaceControl(ShortcutWindowManager.kt:143)
10-25 18:56:37.838  4692  4692 E MiuiShortcut-ViewUtils: 	at com.miui.keyguard.shortcuts.controller.BaseShortcutAnimController.applyBlurRatio(BaseShortcutAnimController.kt:104)
10-25 18:56:37.838  4692  4692 E MiuiShortcut-ViewUtils: 	at com.miui.keyguard.shortcuts.controller.BaseShortcutAnimController.updateBlurRatio(BaseShortcutAnimController.kt:96)
10-25 18:56:37.838  4692  4692 E MiuiShortcut-ViewUtils: 	at com.miui.keyguard.shortcuts.controller.ShortcutOccludedAnimController$dismissShortcutAnimView$1$1.onUpdate(ShortcutOccludedAnimController.kt:294)
10-25 18:56:37.838  4692  4692 E MiuiShortcut-ViewUtils: 	at miuix.animation.listener.ListenerNotifier$UpdateNotifier.doNotify(ListenerNotifier.java:64)
10-25 18:56:37.838  4692  4692 E MiuiShortcut-ViewUtils: 	at miuix.animation.listener.ListenerNotifier.notifyListenerSet(ListenerNotifier.java:156)
10-25 18:56:37.838  4692  4692 E MiuiShortcut-ViewUtils: 	at miuix.animation.listener.ListenerNotifier.notify(ListenerNotifier.java:145)
10-25 18:56:37.838  4692  4692 E MiuiShortcut-ViewUtils: 	at miuix.animation.listener.ListenerNotifier.notifyUpdate(ListenerNotifier.java:130)
10-25 18:56:37.838  4692  4692 E MiuiShortcut-ViewUtils: 	at miuix.animation.internal.AnimManager.doNotifyUpdate(AnimManager.java:675)
10-25 18:56:37.838  4692  4692 E MiuiShortcut-ViewUtils: 	at miuix.animation.internal.AnimManager.onUpdate(AnimManager.java:668)
10-25 18:56:37.838  4692  4692 E MiuiShortcut-ViewUtils: 	at miuix.animation.internal.AnimManager.notifyTransitionUpdate(AnimManager.java:459)
10-25 18:56:37.838  4692  4692 E MiuiShortcut-ViewUtils: 	at miuix.animation.internal.AnimScheduler.updateTransInfo(AnimScheduler.java:822)
10-25 18:56:37.838  4692  4692 E MiuiShortcut-ViewUtils: 	at miuix.animation.internal.AnimScheduler.updateTarget(AnimScheduler.java:712)
10-25 18:56:37.838  4692  4692 E MiuiShortcut-ViewUtils: 	at miuix.animation.internal.AnimScheduler.update(AnimScheduler.java:564)
10-25 18:56:37.838  4692  4692 E MiuiShortcut-ViewUtils: 	at miuix.animation.internal.AnimScheduler.executeUpdate(AnimScheduler.java:310)
10-25 18:56:37.838  4692  4692 E MiuiShortcut-ViewUtils: 	at miuix.animation.internal.AnimTask.run(AnimTask.java:135)
10-25 18:56:37.838  4692  4692 E MiuiShortcut-ViewUtils: 	at miuix.animation.internal.AnimTask.start(AnimTask.java:63)
10-25 18:56:37.838  4692  4692 E MiuiShortcut-ViewUtils: 	at miuix.animation.internal.AnimScheduler.runAnimTaskOnFrame(AnimScheduler.java:527)
10-25 18:56:37.838  4692  4692 E MiuiShortcut-ViewUtils: 	at miuix.animation.internal.AnimScheduler.doAnimationFrame(AnimScheduler.java:454)
10-25 18:56:37.838  4692  4692 E MiuiShortcut-ViewUtils: 	at miuix.animation.internal.AnimScheduler.executeDoAnimOnFrame(AnimScheduler.java:272)
10-25 18:56:37.838  4692  4692 E MiuiShortcut-ViewUtils: 	at miuix.animation.internal.FolmeEngine.doAnimOnFrame(FolmeEngine.java:143)
10-25 18:56:37.838  4692  4692 E MiuiShortcut-ViewUtils: 	at miuix.animation.internal.FolmeEngine.doAnimationFrame(FolmeEngine.java:75)
10-25 18:56:37.838  4692  4692 E MiuiShortcut-ViewUtils: 	at miuix.animation.physics.AnimationHandler.doAnimationFrame(AnimationHandler.java:190)
10-25 18:56:37.838  4692  4692 E MiuiShortcut-ViewUtils: 	at miuix.animation.physics.AnimationHandler.access$000(AnimationHandler.java:44)
10-25 18:56:37.838  4692  4692 E MiuiShortcut-ViewUtils: 	at miuix.animation.physics.AnimationHandler$AnimationCallbackDispatcher.dispatchAnimationFrame(AnimationHandler.java:64)
10-25 18:56:37.838  4692  4692 E MiuiShortcut-ViewUtils: 	at miuix.animation.physics.AnimationHandler$FrameCallbackProvider33$2.doFrame(AnimationHandler.java:258)
10-25 18:56:37.838  4692  4692 E MiuiShortcut-ViewUtils: 	at android.view.Choreographer$CallbackRecord.run(Choreographer.java:1715)
10-25 18:56:37.838  4692  4692 E MiuiShortcut-ViewUtils: 	at android.view.Choreographer$CallbackRecord.run(Choreographer.java:1726)
10-25 18:56:37.838  4692  4692 E MiuiShortcut-ViewUtils: 	at android.view.Choreographer.doCallbacks(Choreographer.java:1240)
10-25 18:56:37.838  4692  4692 E MiuiShortcut-ViewUtils: 	at android.view.Choreographer.doFrame(Choreographer.java:1139)
10-25 18:56:37.838  4692  4692 E MiuiShortcut-ViewUtils: 	at android.view.Choreographer$FrameDisplayEventReceiver.run(Choreographer.java:1680)
10-25 18:56:37.838  4692  4692 E MiuiShortcut-ViewUtils: 	at android.os.Handler.handleCallback(Handler.java:959)
10-25 18:56:37.838  4692  4692 E MiuiShortcut-ViewUtils: 	at android.os.Handler.dispatchMessage(Handler.java:100)
10-25 18:56:37.838  4692  4692 E MiuiShortcut-ViewUtils: 	at android.os.Looper.loopOnce(Looper.java:249)
10-25 18:56:37.838  4692  4692 E MiuiShortcut-ViewUtils: 	at android.os.Looper.loop(Looper.java:337)
10-25 18:56:37.838  4692  4692 E MiuiShortcut-ViewUtils: 	at android.app.ActivityThread.main(ActivityThread.java:9587)
10-25 18:56:37.838  4692  4692 E MiuiShortcut-ViewUtils: 	at java.lang.reflect.Method.invoke(Native Method)
10-25 18:56:37.838  4692  4692 E MiuiShortcut-ViewUtils: 	at com.android.internal.os.RuntimeInit$MethodAndArgsCaller.run(RuntimeInit.java:593)
10-25 18:56:37.838  4692  4692 E MiuiShortcut-ViewUtils: 	at com.android.internal.os.ZygoteInit.main(ZygoteInit.java:936)
10-25 18:56:37.839  4340  4362 I MiuiWallpaper-WallpaperEventManager: updateKeyguardWallpaperRatio: ratio = 0.39785874, duration = 0
10-25 18:56:37.839  4340  4340 I MiuiWallpaper-BitmapSampleSignature: equals: true, pixel same
10-25 18:56:37.839  4340  4340 I MiuiWallpaper-ImageWallpaper: onUpdateBlurAnim0.39785874
10-25 18:56:37.840  4340  4340 I MiuiWallpaper-ImageWallpaper: onUpdateBlendAnim0.39785874
10-25 18:56:37.841  4340  4340 I DesktopImageEngineImpl: updateKeyguardWallpaperRatio, mSwipeRatio = 0.39785874
10-25 18:56:37.846  4692  4692 I NotificationPanelView: doBlurAndDim: ratio = 0.2858302
10-25 18:56:37.847  4340  4362 I MiuiWallpaper-WallpaperEventManager: updateKeyguardWallpaperRatio: ratio = 0.2858302, duration = 0
10-25 18:56:37.847  4692  4692 E MiuiShortcut-ViewUtils: reflect get surface control err
10-25 18:56:37.847  4692  4692 E MiuiShortcut-ViewUtils: java.lang.NullPointerException: null receiver
10-25 18:56:37.847  4692  4692 E MiuiShortcut-ViewUtils: 	at java.lang.reflect.Field.get(Native Method)
10-25 18:56:37.847  4692  4692 E MiuiShortcut-ViewUtils: 	at com.miui.keyguard.shortcuts.utils.ViewUtils.getViewRootImplSurfaceControl(ViewUtils.kt:143)
10-25 18:56:37.847  4692  4692 E MiuiShortcut-ViewUtils: 	at com.miui.keyguard.shortcuts.manager.ShortcutWindowManager.getViewRootImplSurfaceControl(ShortcutWindowManager.kt:143)
10-25 18:56:37.847  4692  4692 E MiuiShortcut-ViewUtils: 	at com.miui.keyguard.shortcuts.controller.BaseShortcutAnimController.applyBlurRatio(BaseShortcutAnimController.kt:104)
10-25 18:56:37.847  4692  4692 E MiuiShortcut-ViewUtils: 	at com.miui.keyguard.shortcuts.controller.BaseShortcutAnimController.updateBlurRatio(BaseShortcutAnimController.kt:96)
10-25 18:56:37.847  4692  4692 E MiuiShortcut-ViewUtils: 	at com.miui.keyguard.shortcuts.controller.ShortcutOccludedAnimController$dismissShortcutAnimView$1$1.onUpdate(ShortcutOccludedAnimController.kt:294)
10-25 18:56:37.847  4692  4692 E MiuiShortcut-ViewUtils: 	at miuix.animation.listener.ListenerNotifier$UpdateNotifier.doNotify(ListenerNotifier.java:64)
10-25 18:56:37.847  4692  4692 E MiuiShortcut-ViewUtils: 	at miuix.animation.listener.ListenerNotifier.notifyListenerSet(ListenerNotifier.java:156)
10-25 18:56:37.847  4692  4692 E MiuiShortcut-ViewUtils: 	at miuix.animation.listener.ListenerNotifier.notify(ListenerNotifier.java:145)
10-25 18:56:37.847  4692  4692 E MiuiShortcut-ViewUtils: 	at miuix.animation.listener.ListenerNotifier.notifyUpdate(ListenerNotifier.java:130)
10-25 18:56:37.847  4692  4692 E MiuiShortcut-ViewUtils: 	at miuix.animation.internal.AnimManager.doNotifyUpdate(AnimManager.java:675)
10-25 18:56:37.847  4692  4692 E MiuiShortcut-ViewUtils: 	at miuix.animation.internal.AnimManager.onUpdate(AnimManager.java:668)
10-25 18:56:37.847  4692  4692 E MiuiShortcut-ViewUtils: 	at miuix.animation.internal.AnimManager.notifyTransitionUpdate(AnimManager.java:459)
10-25 18:56:37.847  4692  4692 E MiuiShortcut-ViewUtils: 	at miuix.animation.internal.AnimScheduler.updateTransInfo(AnimScheduler.java:822)
10-25 18:56:37.847  4692  4692 E MiuiShortcut-ViewUtils: 	at miuix.animation.internal.AnimScheduler.updateTarget(AnimScheduler.java:712)
10-25 18:56:37.847  4692  4692 E MiuiShortcut-ViewUtils: 	at miuix.animation.internal.AnimScheduler.update(AnimScheduler.java:564)
10-25 18:56:37.847  4692  4692 E MiuiShortcut-ViewUtils: 	at miuix.animation.internal.AnimScheduler.executeUpdate(AnimScheduler.java:310)
10-25 18:56:37.847  4692  4692 E MiuiShortcut-ViewUtils: 	at miuix.animation.internal.AnimTask.run(AnimTask.java:135)
10-25 18:56:37.847  4692  4692 E MiuiShortcut-ViewUtils: 	at miuix.animation.internal.AnimTask.start(AnimTask.java:63)
10-25 18:56:37.847  4692  4692 E MiuiShortcut-ViewUtils: 	at miuix.animation.internal.AnimScheduler.runAnimTaskOnFrame(AnimScheduler.java:527)
10-25 18:56:37.847  4692  4692 E MiuiShortcut-ViewUtils: 	at miuix.animation.internal.AnimScheduler.doAnimationFrame(AnimScheduler.java:454)
10-25 18:56:37.847  4692  4692 E MiuiShortcut-ViewUtils: 	at miuix.animation.internal.AnimScheduler.executeDoAnimOnFrame(AnimScheduler.java:272)
10-25 18:56:37.847  4692  4692 E MiuiShortcut-ViewUtils: 	at miuix.animation.internal.FolmeEngine.doAnimOnFrame(FolmeEngine.java:143)
10-25 18:56:37.847  4692  4692 E MiuiShortcut-ViewUtils: 	at miuix.animation.internal.FolmeEngine.doAnimationFrame(FolmeEngine.java:75)
10-25 18:56:37.847  4692  4692 E MiuiShortcut-ViewUtils: 	at miuix.animation.physics.AnimationHandler.doAnimationFrame(AnimationHandler.java:190)
10-25 18:56:37.847  4692  4692 E MiuiShortcut-ViewUtils: 	at miuix.animation.physics.AnimationHandler.access$000(AnimationHandler.java:44)
10-25 18:56:37.847  4692  4692 E MiuiShortcut-ViewUtils: 	at miuix.animation.physics.AnimationHandler$AnimationCallbackDispatcher.dispatchAnimationFrame(AnimationHandler.java:64)
10-25 18:56:37.847  4692  4692 E MiuiShortcut-ViewUtils: 	at miuix.animation.physics.AnimationHandler$FrameCallbackProvider33$2.doFrame(AnimationHandler.java:258)
10-25 18:56:37.847  4692  4692 E MiuiShortcut-ViewUtils: 	at android.view.Choreographer$CallbackRecord.run(Choreographer.java:1715)
10-25 18:56:37.847  4692  4692 E MiuiShortcut-ViewUtils: 	at android.view.Choreographer$CallbackRecord.run(Choreographer.java:1726)
10-25 18:56:37.847  4692  4692 E MiuiShortcut-ViewUtils: 	at android.view.Choreographer.doCallbacks(Choreographer.java:1240)
10-25 18:56:37.847  4692  4692 E MiuiShortcut-ViewUtils: 	at android.view.Choreographer.doFrame(Choreographer.java:1139)
