10-25 18:56:38.096 18798 28244 I auth    : [XMS][Auth] updateAuthInfo in db true
10-25 18:56:38.099 18798 28244 I auth    : [XMS][Auth] updateAuthInfo in db true
10-25 18:56:38.102 18798 28244 I auth    : [XMS][Auth] updateAuthInfo in db true
10-25 18:56:38.103 18798 28240 I auth    : [XMS][Auth] updateAuthInfo in db true
10-25 18:56:38.117  1863  2668 I [THP-DAE]: thp_set_doze_mode_func:enable doze mode
10-25 18:56:38.126  3094  3094 I adbd    : in ShellService: dumpsys activity activities
10-25 18:56:38.129  1863  1894 I [THP-ALG]: alg_input_report:Touch Down: id: 0, raw flatness 740, base flatness 326
10-25 18:56:38.130  1863  1894 I [THP-APP]: fod_write_downup:write fod 1
10-25 18:56:38.130  3027  3695 I [GF_HAL]: [goodix_extCmd]receive MIUI cmd=2, param=901
10-25 18:56:38.130  3027  3695 I [GF_HAL]: [goodix_extCmd]receive MIUI cmd=3, param=1436
10-25 18:56:38.130  2318  3573 I MIUIInput: [MotionEvent] notifyMotion - eventTime=45012356235000, deviceId=7, source=0x1002, policyFlags=0x0, action=0x0, flags=0x0, downTime=45012356235000
10-25 18:56:38.130  3027  3694 I [GF_HAL]: [goodix_extCmd]receive MIUI cmd=1, param=1
10-25 18:56:38.131  2318  3572 I MIUIInput: [MotionEvent] publisher action=0x0, deviceId=7, 45012356, channel '98914f2 gxzw_touch (server)'
10-25 18:56:38.131  2318  3572 I MIUIInput: [MotionEvent] publisher action=0x0, deviceId=7, 45012356, channel '[Gesture Monitor] miui-touch-fod (server)'
10-25 18:56:38.131  2318  3572 I MIUIInput: [MotionEvent] publisher action=0x0, deviceId=7, 45012356, channel '[Gesture Monitor] miui-gesture (server)'
10-25 18:56:38.132  2318  4205 I ProcessManager: getRenderThreadTidByPid, caller=2318
10-25 18:56:38.132  3027  3695 W mfp-daemon: AIBinder_linkToDeath is being called with a non-null cookie and no onUnlink callback set. This might not be intended. AIBinder_DeathRecipient_setOnUnlinked should be called first.
10-25 18:56:38.132  4692  4692 I MIUIInput: [MotionEvent] ViewRootImpl windowName 'gxzw_touch', { action=ACTION_DOWN, id[0]=0, pointerCount=1, eventTime=45012356, downTime=45012356, phoneEventTime=18:56:38.130 } moveCount:0
10-25 18:56:38.132  1863  1863 I [THP-DAE]: thp_daemon_cmd_process:type:1, mode:1015, size:0, value[0]:0
10-25 18:56:38.132  3027  3695 I [GF_HAL]: [goodix_extCmd]receive MIUI cmd=15, param=0
10-25 18:56:38.133  3027  3694 I [GF_HAL]: [goodix_extCmd] sysnode touch panel detected finger down
10-25 18:56:38.133  3027  3694 W [AIDL] mfp_service: onAcquired(7) (22)
10-25 18:56:38.133  3027  3664 E [GF_HAL][XIAOMI_FOD_BOOST]: set_process_priority:setscheduler prio to SCHED_FIFO
10-25 18:56:38.133  3027  3664 E QSEECOMPAT: invalid fd:0
10-25 18:56:38.133  3027  3664 E QSEECOMPAT: invalid fd:0
10-25 18:56:38.133  3027  3664 E QSEECOMPAT: invalid fd:0
10-25 18:56:38.133  2318  5109 W FingerprintServiceInjectorStubImpl: recordAcquiredInfo, acquiredInfo:6, vendorCode:22
10-25 18:56:38.133  2318  5109 W FingerprintServiceInjectorStubImpl: updataScreenStatus, state: 2, mScreenStatus: 1
10-25 18:56:38.133  2318  5109 W FingerprintAuthTimeData: handleAcquiredInfo
10-25 18:56:38.134  2318  2427 W FingerprintFailReasonData: calculateFailReasonCnt, acquiredInfo: 6 ,vendorCode : 22,screenStatus: 1
10-25 18:56:38.134  1672  1746 E ANDR-PERF-UTIL: ANDR-PERF-UTIL: save_node_val() 366: Failed to read /sys/class/mmc_host/mmc0/clk_scaling/enable
10-25 18:56:38.134  1672  1746 E ANDR-PERF-OPTSHANDLER: ANDR-PERF-OPTSHANDLER: modify_sysfsnode() 1266: Failed to read /sys/class/mmc_host/mmc0/clk_scaling/enable
10-25 18:56:38.134  1672  1746 E ANDR-PERF-RESOURCEQS: ANDR-PERF-RESOURCEQS: AddAndApply() 167: Failed to apply optimization [11, 4]
10-25 18:56:38.136  4692  4692 I MiuiGxzwViewIcon: onTouchDown
10-25 18:56:38.136  4692  4692 I MiuiGxzwViewIcon: turnOnScreen mDozing=false;state=2, mTurnOnScreenFired=false
10-25 18:56:38.137  4692  5352 I MiuiGxzwAnimView: startRecognizingAnim
10-25 18:56:38.137  4692  5352 I BoostHelper: boost: add myTid: 5352
10-25 18:56:38.137  4692  5352 I BoostHelper: boost: add mRenderThreadTid: 5047
10-25 18:56:38.137  4692  5352 I BoostHelper: boostThread sched thread [5352, 5047] is run,mod=1
10-25 18:56:38.137  4692  5352 I MiuiGxzwAnimManager: getFingerIconResource: mKeyguardAuthen = true, mLightWallpaperGxzw = false, mEnrolling = false, mLightIcon = false
10-25 18:56:38.145  3027  3206 E SmcInvoke_MinkDescriptor: mem obj with id :24 not found in list
10-25 18:56:38.148  4692  5352 I MiuiGxzwAnimView: onStart
10-25 18:56:38.167  3027  3696 I [GF_HAL]: [goodix_extCmd]receive MIUI cmd=2, param=619
10-25 18:56:38.167  3027  3696 I [GF_HAL]: [goodix_extCmd]receive MIUI cmd=3, param=2427
10-25 18:56:38.167  3027  3696 I [GF_HAL]: [goodix_extCmd]receive MIUI cmd=10, param=1
10-25 18:56:38.167  3027  3696 I [GF_HAL]: [goodix_extCmd] HBM and Green spot ready
10-25 18:56:38.167  3027  3664 E QSEECOMPAT: invalid fd:0
10-25 18:56:38.167  3027  3664 E QSEECOMPAT: invalid fd:0
10-25 18:56:38.167  3027  3664 E QSEECOMPAT: invalid fd:0
10-25 18:56:38.169  3027  3696 I [HAL][HalUtils]: [postSem]sem value = 0
10-25 18:56:38.169  3027  3696 W [AIDL] mfp_service: onAcquired(7) (20)
10-25 18:56:38.169  3027  3207 E SmcInvoke_MinkDescriptor: mem obj with id :24 not found in list
10-25 18:56:38.169  2318  3883 W FingerprintServiceInjectorStubImpl: recordAcquiredInfo, acquiredInfo:6, vendorCode:20
10-25 18:56:38.169  2318  3883 W FingerprintAuthTimeData: handleAcquiredInfo
10-25 18:56:38.169  3027  3664 E QSEECOMPAT: invalid fd:0
10-25 18:56:38.169  3027  3664 E QSEECOMPAT: invalid fd:0
10-25 18:56:38.169  3027  3664 E QSEECOMPAT: invalid fd:0
10-25 18:56:38.169  2318  2427 W FingerprintFailReasonData: calculateFailReasonCnt, acquiredInfo: 6 ,vendorCode : 20,screenStatus: 1
10-25 18:56:38.183  3094  3094 I adbd    : in ShellService: dumpsys activity activities
10-25 18:56:38.190  2318  3691 I MiuiNetworkPolicy: getDisableLimitTimeout when thermal mode is:0
10-25 18:56:38.217  3027  3207 E SmcInvoke_MinkDescriptor: mem obj with id :24 not found in list
10-25 18:56:38.217  3027  3664 E QSEECOMPAT: invalid fd:0
10-25 18:56:38.217  3027  3664 E QSEECOMPAT: invalid fd:0
10-25 18:56:38.217  3027  3664 E QSEECOMPAT: invalid fd:0
10-25 18:56:38.247  3027  3206 E SmcInvoke_MinkDescriptor: mem obj with id :24 not found in list
10-25 18:56:38.247  3027  3664 E QSEECOMPAT: invalid fd:0
10-25 18:56:38.247  3027  3664 E QSEECOMPAT: invalid fd:0
10-25 18:56:38.247  3027  3664 E QSEECOMPAT: invalid fd:0
10-25 18:56:38.248  3027  3206 E SmcInvoke_MinkDescriptor: mem obj with id :24 not found in list
10-25 18:56:38.248  3027  3664 I [GF_HAL][ShenzhenAlgo]: [printResultInfo] operation=2 encoded_line_count=64
10-25 18:56:38.248  3027  3664 I [GF_HAL][ShenzhenAlgo]: [printResultInfo] 0x174c92be,0xfad859ea,0x947f2a94,0xb744b92c,0x09f34ade
10-25 18:56:38.248  3027  3664 I [GF_HAL][ShenzhenAlgo]: [printResultInfo] 0xb6420e6d,0xf7f66313,0x6f7eb872,0xf8119e99,0xb13f49ff
10-25 18:56:38.248  3027  3664 I [GF_HAL][ShenzhenAlgo]: [printResultInfo] 0xc7abf438,0x17d6d5da,0x2ef4eff3,0xe6659be0,0x88949973
10-25 18:56:38.248  3027  3664 I [GF_HAL][ShenzhenAlgo]: [printResultInfo] 0x8d513a8f,0x9eac8e2a,0xe77cfa73,0x52512ea9,0x1a37e4f3
10-25 18:56:38.248  3027  3664 I [GF_HAL][ShenzhenAlgo]: [printResultInfo] 0x8f428a44,0xa09da29e,0x8fe9bb71,0x3f4a9949,0xb3644c15
10-25 18:56:38.248  3027  3664 I [GF_HAL][ShenzhenAlgo]: [printResultInfo] 0x39abdfa8,0xc0085853,0xb7d2fad3,0xa6b07300,0x6d2fb283
10-25 18:56:38.248  3027  3664 I [GF_HAL][ShenzhenAlgo]: [printResultInfo] 0x2507b057,0x32fea359,0x72a95032,0xcc5f0b82,0x2027b85e
10-25 18:56:38.249  3027  3664 I [GF_HAL][ShenzhenAlgo]: [printResultInfo] 0x97cd17a1,0xc46b1faa,0x98dc5702,0xc0f515ec,0x6a418779
10-25 18:56:38.249  3027  3664 I [GF_HAL][ShenzhenAlgo]: [printResultInfo] 0x88acf058,0xec1bea04,0x0ec90f2e,0xb983782b,0xce92dddd
10-25 18:56:38.249  3027  3664 I [GF_HAL][ShenzhenAlgo]: [printResultInfo] 0x82a795e5,0x0f3b2e41,0xf967002f,0xd9d132e3,0x162f58a0
10-25 18:56:38.249  3027  3664 I [GF_HAL][ShenzhenAlgo]: [printResultInfo] 0x6165d3ad,0xd96d59c7,0x06485244,0x0ff515c2,0xba1193ca
10-25 18:56:38.249  3027  3664 I [GF_HAL][ShenzhenAlgo]: [printResultInfo] 0xd62cfd9f,0x2add2ba7,0x4fb8b700,0x4cd62324,0x56a88148
10-25 18:56:38.249  3027  3664 I [GF_HAL][ShenzhenAlgo]: [printResultInfo] 0xef4f3c85,0x88ecf918,0x5740db93,0xe8710008,0x684105dd
10-25 18:56:38.249  3027  3664 I [GF_HAL][ShenzhenAlgo]: [printResultInfo] 0x2350680e,0xcd9f7cdd,0xe8b075e1,0xa8add358,0xf0750d35
10-25 18:56:38.249  3027  3664 I [GF_HAL][ShenzhenAlgo]: [printResultInfo] 0xdeb2a3e2,0xd53db3c0,0x884f519c,0x235f3524,0x16e58f59
10-25 18:56:38.249  3027  3664 I [GF_HAL][ShenzhenAlgo]: [printResultInfo] 0xb2970f43,0x0959c16d,0xe2c073a2,0xdaef8ee6,0x51ec521c
10-25 18:56:38.249  3027  3664 I [GF_HAL][ShenzhenAlgo]: [printResultInfo] 0x4ab7d59a,0x73224791,0xfc28b4bc,0x01f7ca76,0x004f3ada
10-25 18:56:38.249  3027  3664 I [GF_HAL][ShenzhenAlgo]: [printResultInfo] 0x866b5e52,0xfdf2516c,0x1610f9a0,0x35a03660,0xf06f35b5
10-25 18:56:38.249  3027  3664 I [GF_HAL][ShenzhenAlgo]: [printResultInfo] 0xa0c05d0a,0x75b49b57,0x9af1b875,0xbea5f164,0xbbf03c0a
10-25 18:56:38.249  3027  3664 I [GF_HAL][ShenzhenAlgo]: [printResultInfo] 0xa20e8960,0x066622b1,0x215a4ae9,0x5770d32d,0xcd42fc69
10-25 18:56:38.249  3027  3664 I [GF_HAL][ShenzhenAlgo]: [printResultInfo] 0xb503e808,0x0054e853,0xd4ff7136,0xf1eb5b34,0x2dd5d1fb
10-25 18:56:38.249  3027  3664 I [GF_HAL][ShenzhenAlgo]: [printResultInfo] 0x4c6af5d1,0x8ad0506a,0x74b60496,0xe67d6e43,0x5d99440c
10-25 18:56:38.249  3027  3664 I [GF_HAL][ShenzhenAlgo]: [printResultInfo] 0xc596c5ad,0x146cf2ff,0x7712013a,0x98400719,0x812a9f5f
10-25 18:56:38.249  3027  3664 I [GF_HAL][ShenzhenAlgo]: [printResultInfo] 0xd7296510,0xe225d119,0x52e5be2d,0x1255ae2e,0xffe89cc6
10-25 18:56:38.249  3027  3664 I [GF_HAL][ShenzhenAlgo]: [printResultInfo] 0xaf8e48b6,0xcb1a83af,0x31f8b09b,0x5db933bc,0x058791a8
10-25 18:56:38.249  3027  3664 I [GF_HAL][ShenzhenAlgo]: [printResultInfo] 0x4e423359,0xfccc0332,0x8adee195,0x2be5ffe2,0x44370c6d
10-25 18:56:38.249  3027  3664 I [GF_HAL][ShenzhenAlgo]: [printResultInfo] 0xa3f43784,0xede50426,0x67ace065,0x48f219fe,0xa48eef13
10-25 18:56:38.249  3027  3664 I [GF_HAL][ShenzhenAlgo]: [printResultInfo] 0xc1d6ed92,0xcdd3810f,0xfebe0c12,0xb7645996,0x4861fa60
10-25 18:56:38.249  3027  3664 I [GF_HAL][ShenzhenAlgo]: [printResultInfo] 0x79705908,0xc6eca2f4,0xa74bde34,0x2b7c37d3,0xf10758ad
10-25 18:56:38.249  3027  3664 I [GF_HAL][ShenzhenAlgo]: [printResultInfo] 0x514014e3,0xa7ef9b22,0x320a4ade,0x67375b64,0xbdb3a051
10-25 18:56:38.249  3027  3664 I [GF_HAL][ShenzhenAlgo]: [printResultInfo] 0x5ff4ff3b,0x3dc08127,0x9ce8145a,0x91b47106,0x2fda7674
10-25 18:56:38.249  3027  3664 I [GF_HAL][ShenzhenAlgo]: [printResultInfo] 0x4c5c1ac6,0x5425d2d8,0x87d8eaec,0x8d569193,0x633dd756
10-25 18:56:38.249  3027  3664 I [GF_HAL][ShenzhenAlgo]: [printResultInfo] 0x3b873adc,0xd13724d8,0x4d19962b,0xe888fdaa,0x98e869c2
10-25 18:56:38.249  3027  3664 I [GF_HAL][ShenzhenAlgo]: [printResultInfo] 0xd2fdd980,0x83c248fb,0x9346be83,0xad67c4d0,0x4953bd25
10-25 18:56:38.249  3094  3094 I adbd    : in ShellService: dumpsys activity activities
10-25 18:56:38.249  3027  3664 I [GF_HAL][ShenzhenAlgo]: [printResultInfo] 0x4e080fbf,0xe72d7e93,0x5a9a7253,0x2d292d2e,0x173e101f
10-25 18:56:38.249  3027  3664 I [GF_HAL][ShenzhenAlgo]: [printResultInfo] 0x788cd6bb,0xb51bd9ab,0x6f9899a6,0x74105f0b,0xd70d0536
10-25 18:56:38.249  3027  3664 I [GF_HAL][ShenzhenAlgo]: [printResultInfo] 0xe70c099a,0xf83c9783,0x9f1ca08c,0x51ef998d,0xada19693
10-25 18:56:38.249  3027  3664 I [GF_HAL][ShenzhenAlgo]: [printResultInfo] 0x5755f822,0x323b008b,0x86899c7e,0x0e2b7ee7,0x9d00ee40
10-25 18:56:38.249  3027  3664 I [GF_HAL][ShenzhenAlgo]: [printResultInfo] 0xcff48296,0x1d252768,0xe893698e,0x48d20755,0xec01c340
10-25 18:56:38.249  3027  3664 I [GF_HAL][ShenzhenAlgo]: [printResultInfo] 0xf667d0c8,0x9662f48a,0x74443f7e,0xc6695e24,0xb50a5319
10-25 18:56:38.249  3027  3664 I [GF_HAL][ShenzhenAlgo]: [printResultInfo] 0xee66d885,0x773d250c,0x2e57bcf3,0x08698d9e,0x038c0d01
10-25 18:56:38.249  3027  3664 I [GF_HAL][ShenzhenAlgo]: [printResultInfo] 0xcadfedf3,0xeb76fb7c,0x3f256a29,0x54af21be,0x7b7b3ada
10-25 18:56:38.249  3027  3664 I [GF_HAL][ShenzhenAlgo]: [printResultInfo] 0x51ec2f54,0x8106ba92,0x1fb0732e,0x5eec9910,0x35d55af6
10-25 18:56:38.249  3027  3664 I [GF_HAL][ShenzhenAlgo]: [printResultInfo] 0xee7d6168,0x57b303d7,0xddd15a1b,0xb1afd505,0xd57db921
10-25 18:56:38.249  3027  3664 I [GF_HAL][ShenzhenAlgo]: [printResultInfo] 0x756b10b0,0xb4644ea4,0xafb4619c,0x33153f9a,0xf35c2064
10-25 18:56:38.249  3027  3664 I [GF_HAL][ShenzhenAlgo]: [printResultInfo] 0x79a6a1b7,0xf93bd313,0x26ba6a3b,0x366521ee,0x07f005e8
10-25 18:56:38.249  3027  3664 I [GF_HAL][ShenzhenAlgo]: [printResultInfo] 0xf79c07f6,0xfad58280,0x49a52fbe,0xe2d4a223,0xeadfbb7a
10-25 18:56:38.249  3027  3664 I [GF_HAL][ShenzhenAlgo]: [printResultInfo] 0x9adf5e02,0x5587a9b9,0xf8d49c10,0xfad6eedc,0xcdd7dc7f
10-25 18:56:38.249  3027  3664 I [GF_HAL][ShenzhenAlgo]: [printResultInfo] 0x44dd88fc,0x388cd711,0xf04a5b70,0xe7d63c9d,0x5685adab
10-25 18:56:38.249  3027  3664 I [GF_HAL][ShenzhenAlgo]: [printResultInfo] 0x463485f8,0xba59102f,0x3a3480fc,0x2b730177,0xed27c0d9
10-25 18:56:38.249  3027  3664 I [GF_HAL][ShenzhenAlgo]: [printResultInfo] 0x2a06db63,0xf12fe767,0xad399072,0xbcf566b9,0x15a2e7e4
10-25 18:56:38.249  3027  3664 I [GF_HAL][ShenzhenAlgo]: [printResultInfo] 0xe2fbaa7b,0xc0640cd0,0x91d81bd8,0xc249ee22,0xa1ba9ca0
10-25 18:56:38.249  3027  3664 I [GF_HAL][ShenzhenAlgo]: [printResultInfo] 0x4fbaf808,0x2c807e4a,0x4706ff10,0xb8b459d8,0xd697b78c
10-25 18:56:38.249  3027  3664 I [GF_HAL][ShenzhenAlgo]: [printResultInfo] 0x44831329,0x3b34ec85,0xf6be56ca,0xf45e6914,0xdabf6de7
10-25 18:56:38.249  3027  3664 I [GF_HAL][ShenzhenAlgo]: [printResultInfo] 0x58e9bfee,0x883d9ff0,0xa31b2ad2,0xc5799ba3,0xebaee1e5
10-25 18:56:38.249  3027  3664 I [GF_HAL][ShenzhenAlgo]: [printResultInfo] 0x5260bc92,0x1d58b5fb,0x3bc30925,0x582ecc59,0xf8c54446
10-25 18:56:38.249  3027  3664 I [GF_HAL][ShenzhenAlgo]: [printResultInfo] 0xc11deb6f,0xa4522a1d,0x516a09dc,0x6070ead3,0x33751d22
10-25 18:56:38.249  3027  3664 I [GF_HAL][ShenzhenAlgo]: [printResultInfo] 0x5d5a409d,0x24888167,0xf8b1ef0a,0x4cef0509,0x04976a5b
10-25 18:56:38.249  3027  3664 I [GF_HAL][ShenzhenAlgo]: [printResultInfo] 0x280f315d,0x5ec440eb,0xf1680ded,0x3e413d97,0x2523003e
10-25 18:56:38.249  3027  3664 I [GF_HAL][ShenzhenAlgo]: [printResultInfo] 0xadf7d1d9,0x43e15482,0x55132479,0x7c50fece,0x31b060cc
10-25 18:56:38.249  3027  3664 I [GF_HAL][ShenzhenAlgo]: [printResultInfo] 0x4c2f240e,0xd39a34ba,0x3ebd3cff,0xae4eec11,0x217ddb9a
10-25 18:56:38.249  3027  3664 I [GF_HAL][ShenzhenAlgo]: [printResultInfo] 0x47b42497,0x552fd177,0xe8d77ebb,0xdd58ae4e,0xdd342206
10-25 18:56:38.249  3027  3664 I [GF_HAL][ShenzhenAlgo]: [printResultInfo] 0x29250255,0xa56b9611,0x45313c25,0xc9c47c9b,0xcc65fad1
10-25 18:56:38.249  3027  3664 I [GF_HAL][ShenzhenAlgo]: [printResultInfo] 0xf9f3af18,0xea018813,0xf43d6016,0xfba23265,0xa7c5d1f1
10-25 18:56:38.249  3027  3664 W [AIDL] mfp_service: onAcquired(1) (0)
10-25 18:56:38.249  2318  3883 W FingerprintServiceInjectorStubImpl: recordAcquiredInfo, acquiredInfo:0, vendorCode:0
10-25 18:56:38.249  2318  3883 W FingerprintAuthTimeData: handleAcquiredInfo
10-25 18:56:38.249  3027  3664 W [AIDL] mfp_service: onAuthenticated(fid=1569370370)
10-25 18:56:38.249  2318  2427 W FingerprintFailReasonData: calculateFailReasonCnt, acquiredInfo: 0 ,vendorCode : 0,screenStatus: 1
10-25 18:56:38.249  3027  3664 E QSEECOMPAT: invalid fd:0
10-25 18:56:38.249  3027  3664 E QSEECOMPAT: invalid fd:0
10-25 18:56:38.249  3027  3664 E QSEECOMPAT: invalid fd:0
10-25 18:56:38.250  2318  4240 W BiometricFrameworkStatsLogger: found a negative latency : -1
10-25 18:56:38.250  2318  4240 W Biometrics/AuthenticationClient: Allowing background authentication, this is allowed only for platform or test invocations
10-25 18:56:38.250  3027  3206 E SmcInvoke_MinkDescriptor: mem obj with id :24 not found in list
10-25 18:56:38.251  3027  3664 I [GF_HAL][SZFingerprintCore]: [notifyAuthSuccess]     retry=0
10-25 18:56:38.251  3027  3664 I [GF_HAL][SZFingerprintCore]: [notifyAuthSuccess]     img_quality_retry0_h=23
10-25 18:56:38.251  3027  3664 I [GF_HAL][SZFingerprintCore]: [notifyAuthSuccess]     image_quality=23
10-25 18:56:38.251  3027  3664 I [GF_HAL][SZFingerprintCore]: [notifyAuthSuccess]     valid_area=100
10-25 18:56:38.251  3027  3664 I [GF_HAL][SZFingerprintCore]: [notifyAuthSuccess]     key_point_num=380
10-25 18:56:38.251  3027  3664 I [GF_HAL][SZFingerprintCore]: [notifyAuthSuccess]     get_raw_data_time=41ms
10-25 18:56:38.251  3027  3664 I [GF_HAL][SZFingerprintCore]: [notifyAuthSuccess]     preprocess_time=5ms
10-25 18:56:38.251  3027  3664 I [GF_HAL][SZFingerprintCore]: [notifyAuthSuccess]     fast_get_feature_time=14ms
10-25 18:56:38.251  3027  3664 I [GF_HAL][SZFingerprintCore]: [notifyAuthSuccess]     cache_get_feature_time=0ms
10-25 18:56:38.251  3027  3664 I [GF_HAL][SZFingerprintCore]: [notifyAuthSuccess]     study flag =0
10-25 18:56:38.251  3027  3664 I [GF_HAL][SZFingerprintCore]: [notifyAuthSuccess]     match_score=80
10-25 18:56:38.251  3027  3664 I [GF_HAL][SZFingerprintCore]: [notifyAuthSuccess]     authenticate_time=4ms
10-25 18:56:38.251  3027  3664 I [GF_HAL][SZFingerprintCore]: [notifyAuthSuccess]     second_authenticate_time=0ms
10-25 18:56:38.251  3027  3664 I [GF_HAL][SZFingerprintCore]: [notifyAuthSuccess]     fake_detect_time=9ms
10-25 18:56:38.251  3027  3664 I [GF_HAL][SZFingerprintCore]: [notifyAuthSuccess]     KPI time(get_raw_data_time + preprocess+get_feature_time+authenticate)=73ms
10-25 18:56:38.251  3027  3664 I [GF_HAL][SZFingerprintCore]: [notifyAuthSuccess]    total time=115ms
10-25 18:56:38.251  3027  3664 E [GF_HAL][XIAOMI_FOD_BOOST]: set_process_priority:setscheduler prio to SCHED_OTHER
10-25 18:56:38.251  3027  3664 E QSEECOMPAT: invalid fd:0
10-25 18:56:38.251  3027  3664 E QSEECOMPAT: invalid fd:0
10-25 18:56:38.251  3027  3664 E QSEECOMPAT: invalid fd:0
10-25 18:56:38.251  1204  1241 I keystore2: system/security/keystore2/src/authorization.rs:114 - add_auth_token(challenge=0, userId=6789024383430547957, authId=-7206491978292884164, authType=0x2, timestamp=75964143ms)
10-25 18:56:38.252  6110  6110 I miface-session: Try resetLockout
10-25 18:56:38.252  6110  6110 I miface-session: Check and Change session state to OTHER
10-25 18:56:38.253  1596  1596 I sensors-hal: batch:141, android.sensor.light/51, period=1000000, max_latency=0
10-25 18:56:38.253  1596  1596 I sensors-hal: set_config:60, no need to adjust sample_period_ns due to reporting_mode = 2
10-25 18:56:38.253  1596  1596 I sensors-hal: batch:150, android.sensor.light/51, period=1000000, max_latency=0 request completed
10-25 18:56:38.254  4340  4362 I MiuiWallpaper-WallpaperEventManager: updateKeyguardWallpaperStateAnim: show=false anim=false mode=1 block=false cb=null
10-25 18:56:38.254  4340  4362 I MiuiWallpaper-WallpaperEventManager: setKeyguardLocked = false
10-25 18:56:38.254  3027  3697 I mfp-daemon: fingerprintConditionUpdate notify LHBM_TARGET_BRIGHTNESS_OFF_AUTH_STOP
10-25 18:56:38.254  4340  4362 I MiuiWallpaper-WallpaperEventManager: setScreenOn = true
10-25 18:56:38.254  4692  5396 I KeyguardViewMediator: call fw keyguardGoingAway: flags = 50
10-25 18:56:38.254  4340  4405 I KeyguardWallpaperHelper: check desktopGalleryNeedUpdate onUserUnLock type = image carousel = true
10-25 18:56:38.254  4340  4405 I KeyguardWallpaperHelper: on open keyguard and desktop gallery isDesktopOpen = false, isKeyguardOpen = false
10-25 18:56:38.254  1908  5025 I IPCThreadState: oneway function results for code 78 on binder at 0xb4000071993fedf0 will be dropped but finished with status 1 (Unknown error -1)
10-25 18:56:38.254  4692  4692 W miui_keyguard: unlock keyguard by fp
10-25 18:56:38.255  3027  3696 I [GF_HAL]: [goodix_extCmd]receive MIUI cmd=2, param=619
10-25 18:56:38.255  3027  3696 I [GF_HAL]: [goodix_extCmd]receive MIUI cmd=3, param=2427
10-25 18:56:38.255  3027  3696 I [GF_HAL]: [goodix_extCmd]receive MIUI cmd=10, param=0
10-25 18:56:38.255  3027  3696 I [GF_HAL]: [goodix_extCmd]HBM or Green Spot vanished
10-25 18:56:38.255  3027  3696 I [HAL][HalUtils]: [postSem]sem value = 0
10-25 18:56:38.255  4692  4692 I MiuiChargeController: dismissChargeAnimation: dismiss_for_biometric_success
10-25 18:56:38.256  1204  1241 I keystore2: system/security/keystore2/src/authorization.rs:128 - on_device_unlocked(user_id=0, password.is_some()=false)
10-25 18:56:38.258  4692  4692 E AnimationHelper: com.android.keyguard.clock.animation.AnimationHelper@9694f05 doAnimationToNotification hasNotification: true, fromKeyguard: true, mHasNotification: true, mToAod: false
10-25 18:56:38.258  4692  4692 E AnimationHelper: com.android.keyguard.clock.animation.AnimationHelper@9694f05 doAnimationToNotification hasNotification: true, fromKeyguard: true, mHasNotification: true, mToAod: false
10-25 18:56:38.259  1672  1746 E ANDR-PERF-UTIL: ANDR-PERF-UTIL: save_node_val() 366: Failed to read /sys/class/mmc_host/mmc0/clk_scaling/enable
10-25 18:56:38.259  1672  1746 E ANDR-PERF-OPTSHANDLER: ANDR-PERF-OPTSHANDLER: modify_sysfsnode() 1266: Failed to read /sys/class/mmc_host/mmc0/clk_scaling/enable
10-25 18:56:38.259  1672  1746 E ANDR-PERF-RESOURCEQS: ANDR-PERF-RESOURCEQS: AddAndApply() 167: Failed to apply optimization [11, 4]
10-25 18:56:38.259  4692  4692 E KeyguardViewMediator: mHideAnimationFinishedRunnable#run, mHideAnimationRunning=true, mHideAnimationRun=true
10-25 18:56:38.260  2318  5109 E WindowManager: setClientVisible ActivityRecord{cc26333 u0 com.miui.home/.launcher.Launcher t2} true
10-25 18:56:38.260  4692  4692 I DozeServiceHost: updateScreenOffNeedLinkageAnimStateInternal:mKeyguardShowing->true,mKeyguardOccluded->false
10-25 18:56:38.260  4692  4692 I MiuiChargeController: dismissChargeAnimation: dismiss_for_keyguard_hide
10-25 18:56:38.261  4692  4692 I MiuiGxzwManager: dismissGxzwView: mShowed = true
10-25 18:56:38.261  4692  4692 I MiuiGxzwViewIcon: onTouchUp
10-25 18:56:38.261  4692  5352 I MiuiGxzwFrameAnimation: stopDecodeBitmap
10-25 18:56:38.261  4692  4887 I SoScStageCoordinator: Transition requested:TransitionRequestInfo { type = TO_BACK, triggerTask = null, pipTask = null, remoteTransition = null, displayChange = null, flags = 770, debugId = 194 } isSoScActive:false triggerTask:null
10-25 18:56:38.262  2318  5109 E ActivityTaskManager: Unable to get servicetracker HAL instance
10-25 18:56:38.262  4692  4692 I HapticFeedbackUtil: rtp:210
10-25 18:56:38.263  4340  4340 I MiuiWallpaper-BitmapSampleSignature: equals: true, pixel same
10-25 18:56:38.263  4340  4340 I MiuiWallpaper-ImageWallpaper: onUpdateBlurAnim0.0
10-25 18:56:38.263  4340  4340 I MiuiWallpaper-ImageWallpaper: onUpdateBlendAnim0.0
10-25 18:56:38.264  4340  4340 I DesktopImageEngineImpl: updateKeyguardWallpaperRatio, mSwipeRatio = 0.0
10-25 18:56:38.264  3027  3697 W mfp-daemon: AIBinder_linkToDeath is being called with a non-null cookie and no onUnlink callback set. This might not be intended. AIBinder_DeathRecipient_setOnUnlinked should be called first.
10-25 18:56:38.265  2318  5109 I WindowManager: Try to add startingWindow type = STARTING_WINDOW_TYPE_NONE this = ActivityRecord{cc26333 u0 com.miui.home/.launcher.Launcher t2} preAllowTaskSnapshot = true afterAllowTaskSnapshot = false newTask = false taskSwitch = true processRunning = true activityCreated = true activityAllDrawn = false isSnapshotCompatible = false resolvedTheme = 0 theme = 2131820794
10-25 18:56:38.265  2318  5109 E WindowManager: setClientVisible WallpaperWindowToken{25da35f token=android.os.Binder@2084ffe} true
10-25 18:56:38.265  4340  4340 I DesktopImageEngineImpl: no need showWallpaperUnlockAnim, hide keyguard wallpaper
10-25 18:56:38.265  4340  4340 I MiuiWallpaper-WallpaperEventManager: setKeyguardLocked = false
10-25 18:56:38.266  1863  1863 I [THP-DAE]: thp_daemon_cmd_process:type:0, mode:10, size:1, value[0]:0
10-25 18:56:38.266  1863  1863 I [THP-DAE]: user_cmd_set_cur_value:support fod:0
10-25 18:56:38.266  1863  1863 I [AIDL] TouchFeatureDevice: mode 10, data 0
10-25 18:56:38.267  2318  3608 I BLASTSyncEngine: SyncGroup 194:  Unfinished container:ActivityRecord{cc26333 u0 com.miui.home/.launcher.Launcher t2}
10-25 18:56:38.267  2318  3608 I BLASTSyncEngine: isActivitySyncFinished isSyncFinished false ActivityRecord{cc26333 u0 com.miui.home/.launcher.Launcher t2}
10-25 18:56:38.267  4692  4692 I NotificationPanelView: doBlurAndDim: ratio = 0.22131196
10-25 18:56:38.267  4692  4692 E AnimationHelper: com.android.keyguard.clock.animation.AnimationHelper@9694f05 doAnimationToNotification hasNotification: true, fromKeyguard: true, mHasNotification: true, mToAod: false
10-25 18:56:38.267  4692  4692 E AnimationHelper: com.android.keyguard.clock.animation.AnimationHelper@9694f05 doAnimationToNotification hasNotification: true, fromKeyguard: true, mHasNotification: true, mToAod: false
10-25 18:56:38.268  1908  1908 I BpBinder: onLastStrongRef automatically unlinking death recipients: 
10-25 18:56:38.269  4692  4692 I KeyguardTransitionRepository: STARTED transition: TransitionStep(from=LOCKSCREEN, to=GONE, value=0.0, transitionState=STARTED, ownerName=FromLockscreenTransitionInteractor)
10-25 18:56:38.269  1656  2516 I vendor.qti.hardware.display.composer-service: Sensor: notify citsensorservice to trigger cwb, misForced = 0
10-25 18:56:38.270  2318  3691 I MiuiNetworkPolicy: updateUidState uid = 10189, uidState = 3
10-25 18:56:38.270  4692  4692 I NotificationPanelView: doBlurAndDim: ratio = 0.42821303
10-25 18:56:38.271  2318  5450 I SmartPower: com.miui.personalassistant/10135(7707): idle->visible(11511ms) R(become visible) adj=0.
10-25 18:56:38.271  2318  4240 I FingerprintServiceStub: [JAVA] startExtCmd cmd: 4 param: 4 result:0
10-25 18:56:38.271  4299  4299 W Settings: Setting device_provisioned has moved from android.provider.Settings.Secure to android.provider.Settings.Global.
10-25 18:56:38.271  3030  3788 I libsensor-parseRGB: request dump start for mRequestDisplayId 0
10-25 18:56:38.272  2318  5450 E WindowManager: setClientVisible WallpaperWindowToken{25da35f token=android.os.Binder@2084ffe} true
10-25 18:56:38.272  2318  5450 I BLASTSyncEngine: SyncGroup 194:  Unfinished container:ActivityRecord{cc26333 u0 com.miui.home/.launcher.Launcher t2}
10-25 18:56:38.272  2318  5450 I BLASTSyncEngine: isActivitySyncFinished isSyncFinished false ActivityRecord{cc26333 u0 com.miui.home/.launcher.Launcher t2}
10-25 18:56:38.273  4299  4299 E Launcher.application: setClickAppWaitForCallback = false
10-25 18:56:38.273  4299  4299 I Launcher_UnlockAnimationStateMachine: showAnimation:onResume
10-25 18:56:38.274  4299  4299 E Launcher.Boost: boost failed
10-25 18:56:38.274  4299  4299 E Launcher.Boost: java.lang.NoSuchMethodError: No static method setThreadPriority(IILjava/lang/String;)V in class Landroid/os/MiuiProcess; or its super classes (declaration of 'android.os.MiuiProcess' appears in /system_ext/framework/miui-framework.jar)
10-25 18:56:38.274  4299  4299 E Launcher.Boost: 	at com.miui.launcher.utils.BoostHelper.boost(BoostHelper.java:83)
10-25 18:56:38.274  4299  4299 E Launcher.Boost: 	at com.miui.home.launcher.Launcher.showPresent(Launcher.java:4991)
10-25 18:56:38.274  4299  4299 E Launcher.Boost: 	at com.miui.home.launcher.common.UnlockAnimationStateMachine.showAnimation(UnlockAnimationStateMachine.java:171)
10-25 18:56:38.274  4299  4299 E Launcher.Boost: 	at com.miui.home.launcher.common.UnlockAnimationStateMachine.onResume(UnlockAnimationStateMachine.java:183)
10-25 18:56:38.274  4299  4299 E Launcher.Boost: 	at com.miui.home.launcher.Launcher.onResume(Launcher.java:1998)
10-25 18:56:38.274  4299  4299 E Launcher.Boost: 	at android.app.Instrumentation.callActivityOnResume(Instrumentation.java:1734)
10-25 18:56:38.274  4299  4299 E Launcher.Boost: 	at android.app.Activity.performResume(Activity.java:9397)
10-25 18:56:38.274  4299  4299 E Launcher.Boost: 	at android.app.ActivityThread.performResumeActivity(ActivityThread.java:5725)
10-25 18:56:38.274  4299  4299 E Launcher.Boost: 	at android.app.ActivityThread.handleResumeActivity(ActivityThread.java:5770)
10-25 18:56:38.274  4299  4299 E Launcher.Boost: 	at android.app.servertransaction.ResumeActivityItem.execute(ResumeActivityItem.java:57)
10-25 18:56:38.274  4299  4299 E Launcher.Boost: 	at android.app.servertransaction.ActivityTransactionItem.execute(ActivityTransactionItem.java:60)
10-25 18:56:38.274  4299  4299 E Launcher.Boost: 	at android.app.servertransaction.TransactionExecutor.executeLifecycleItem(TransactionExecutor.java:237)
10-25 18:56:38.274  4299  4299 E Launcher.Boost: 	at android.app.servertransaction.TransactionExecutor.executeTransactionItems(TransactionExecutor.java:110)
10-25 18:56:38.274  4299  4299 E Launcher.Boost: 	at android.app.servertransaction.TransactionExecutor.execute(TransactionExecutor.java:84)
10-25 18:56:38.274  4299  4299 E Launcher.Boost: 	at android.app.ActivityThread$H.handleMessage(ActivityThread.java:2873)
10-25 18:56:38.274  4299  4299 E Launcher.Boost: 	at android.os.Handler.dispatchMessage(Handler.java:107)
10-25 18:56:38.274  4299  4299 E Launcher.Boost: 	at android.os.Looper.loopOnce(Looper.java:249)
10-25 18:56:38.274  4299  4299 E Launcher.Boost: 	at android.os.Looper.loop(Looper.java:337)
10-25 18:56:38.274  4299  4299 E Launcher.Boost: 	at android.app.ActivityThread.main(ActivityThread.java:9587)
10-25 18:56:38.274  4299  4299 E Launcher.Boost: 	at java.lang.reflect.Method.invoke(Native Method)
10-25 18:56:38.274  4299  4299 E Launcher.Boost: 	at com.android.internal.os.RuntimeInit$MethodAndArgsCaller.run(RuntimeInit.java:593)
10-25 18:56:38.274  4299  4299 E Launcher.Boost: 	at com.android.internal.os.ZygoteInit.main(ZygoteInit.java:936)
10-25 18:56:38.274  4299  4299 I Launcher: changeMIUIWidgetEditMode false
10-25 18:56:38.275  2318  3691 I MiuiNetworkPolicyTrafficLimit: updateWhiteListUidForMobileTraffic uid=10189,add=true
10-25 18:56:38.275  2318  3691 I MiuiNetworkPolicy: updateUidState uid = 10163, uidState = 3
10-25 18:56:38.275  2318  3691 I MiuiNetworkPolicy: updateUidState uid = 10145, uidState = 3
10-25 18:56:38.275  2318  3691 I MiuiNetworkPolicy: updateUidState uid = 10138, uidState = 2
10-25 18:56:38.275  2318  3691 I MiuiNetworkPolicy: updateWmmForUidState uid: 10138 state: 2 wmm: 1
10-25 18:56:38.275  7707  7744 I ActivityObserverUtil: activityResumed ComponentInfo{com.miui.home/com.miui.home.launcher.Launcher}
10-25 18:56:38.276  7707  7744 I TopActivityMonitor: send TopActivityChangeEvent=TopActivityChangeEvent(prev=null, current=ComponentInfo{com.miui.home/com.miui.home.launcher.Launcher},appChanged=true)
10-25 18:56:38.276  7707  7765 I travelService_ActivityObserverUtils: activityResumed ComponentInfo{com.miui.home/com.miui.home.launcher.Launcher}
10-25 18:56:38.276 10332  8240 I VA_ActivityStateHelper: activityResumed componentName ComponentInfo{com.miui.home/com.miui.home.launcher.Launcher}
10-25 18:56:38.276 10332  8240 I VA_ActivityStateHelper: activityResumed mAiSkillPush is false
10-25 18:56:38.276  4628  4799 I DynamicDDSService: handleMessage(ACTIVITY_INVOKE{appInfo=com.miui.home isFullScreen=}true)
10-25 18:56:38.276 11885 24610 I AIRC_CounterTrack: collect: signal-TopActivityPerception
10-25 18:56:38.277  1656  2244 I MiClstc : simplifyLayerName Unknown layer 1, skip
10-25 18:56:38.277  2318  4476 I BLASTSyncEngine: SyncGroup 194:  Unfinished container:ActivityRecord{cc26333 u0 com.miui.home/.launcher.Launcher t2}
10-25 18:56:38.277  2318  4476 I BLASTSyncEngine: isActivitySyncFinished isSyncFinished false ActivityRecord{cc26333 u0 com.miui.home/.launcher.Launcher t2}
10-25 18:56:38.277  1656  2244 I MiClstc : DropLayers erase layer 1
10-25 18:56:38.277  1908  1908 I MI-SF   : surfaceflinger setAffinity mode=0
10-25 18:56:38.278  1908  1908 E MI-SF   : surfaceflinger setAffinity success
10-25 18:56:38.278  1688  1688 I vendor.qti.hardware.servicetrackeraidl-service: bindService is called for service : com.miui.analytics/.onetrack.OneTrackService and for client com.miui.home
10-25 18:56:38.278  1688  1688 I vendor.qti.hardware.servicetrackeraidl-service: total connections for service : com.miui.analytics/.onetrack.OneTrackServiceare :74
10-25 18:56:38.278  1688  1688 I vendor.qti.hardware.servicetrackeraidl-service: total connections for client : com.miui.homeare :4
10-25 18:56:38.279  4692  4692 I NotificationPanelView: doBlurAndDim: ratio = 0.578125
10-25 18:56:38.280  4299  4299 W libc    : Access denied finding property "vendor.gpp.create_frc_extension"
10-25 18:56:38.281  4299  4299 W libc    : Access denied finding property "vendor.gpp.create_frc_extension"
10-25 18:56:38.281  7707  7707 W libc    : Access denied finding property "vendor.gpp.create_frc_extension"
10-25 18:56:38.283  2318  4240 I FingerprintServiceStub: [JAVA] startExtCmd cmd: 7 param: 0 result:0
10-25 18:56:38.285  1908  1908 E PassBlur: PassBlur.construct com.miui.home/com.miui.home.launcher.Launcher#2814
10-25 18:56:38.285  1908  1908 W libc    : Access denied finding property "vendor.gpp.create_frc_extension"
10-25 18:56:38.285 11885 24610 I MMKV    : <MMKV.cpp:1170::sync> MMKV::sync, SyncFlag = 1
10-25 18:56:38.287  3027  3209 E SmcInvoke_MinkDescriptor: mem obj with id :24 not found in list
10-25 18:56:38.287  2318  2439 E WindowManager: setClientVisible WallpaperWindowToken{25da35f token=android.os.Binder@2084ffe} true
10-25 18:56:38.287  7707  7707 I LauncherOverlayCallback: handleMessage WHAT_LAUNCHER_STATE what1
10-25 18:56:38.287  7707  7707 I LauncherOverlayCallback: handleMessage WHAT_ACTIVITY_STATE_CHANGED what3
10-25 18:56:38.287  7707  7707 I LauncherOverlayCallback: handleMessage WHAT_LAUNCHER_STATE what3
10-25 18:56:38.287  4692  4692 I NotificationPanelView: doBlurAndDim: ratio = 0.69923705
10-25 18:56:38.287  2318  2439 I BLASTSyncEngine: SyncGroup 194:  Unfinished container:ActivityRecord{cc26333 u0 com.miui.home/.launcher.Launcher t2}
10-25 18:56:38.287  2318  2439 I BLASTSyncEngine: isActivitySyncFinished isSyncFinished false ActivityRecord{cc26333 u0 com.miui.home/.launcher.Launcher t2}
10-25 18:56:38.289  2318  2439 I BLASTSyncEngine: SyncGroup 194:  Unfinished container:ActivityRecord{cc26333 u0 com.miui.home/.launcher.Launcher t2}
10-25 18:56:38.289  2318  2439 I BLASTSyncEngine: isActivitySyncFinished isSyncFinished false ActivityRecord{cc26333 u0 com.miui.home/.launcher.Launcher t2}
10-25 18:56:38.289  1908  1908 I RefreshRateSelector: Display 4630947082089526659 policy changed
10-25 18:56:38.289  1908  1908 I RefreshRateSelector: Previous: {defaultModeId=0, allowGroupSwitching=false, primaryRanges={physical=[120.00 Hz, 120.00 Hz], render=[120.00 Hz, 120.00 Hz]}, appRequestRanges={physical=[120.00 Hz, 120.00 Hz], render=[120.00 Hz, 120.00 Hz]} idleScreenConfig=nullptr}
10-25 18:56:38.289  1908  1908 I RefreshRateSelector: Current:  DisplayManagerPolicy{defaultModeId=0, allowGroupSwitching=false, primaryRanges={physical=[0.00 Hz, 120.00 Hz], render=[0.00 Hz, 120.00 Hz]}, appRequestRanges={physical=[0.00 Hz, 120.00 Hz], render=[0.00 Hz, 120.00 Hz]} idleScreenConfig=nullptr}
10-25 18:56:38.289  1908  1908 I RefreshRateSelector: 1 mode changes were performed under the previous policy
10-25 18:56:38.290  2318  4240 I [FingerprintService]FodFingerprintServiceStubImpl: notifySurfaceFlinger msg: 31111, value: 4, packageType: 0
10-25 18:56:38.290  4692  5708 I MiuiGxzwManager: dealCallback, cmd: 3 param: 1569370370
10-25 18:56:38.290  2318  4218 W ActivityManager: pid 2318 system sent binder code 31100 with flags 0 to frozen apps and got error -74
10-25 18:56:38.290  4692  5708 I MiuiGxzwManager: onAuthenticated:start to unlock
10-25 18:56:38.290  2318  4240 I [FingerprintService]FodFingerprintServiceStubImpl: fodCallBack cmd: CMD_VENDOR_AUTHENTICATED , 1569370370 , com.android.systemui backRes:1 cmdSendToTouch:0 cmdSendToSf:4 writeRes:false
10-25 18:56:38.290  2318  4240 W FingerprintServiceInjectorStubImpl: recordAuthResult, packName: com.android.systemui, authen1
10-25 18:56:38.290  2318  4240 W FingerprintAuthTimeData: calculateAuthTime, authen: 1, screenState: 1
10-25 18:56:38.291  2318  4240 W FingerprintLocalStatisticsData: updataLocalStatistics, target:  auth_time_info
10-25 18:56:38.291  2318  4240 W FingerprintAuthTimeData: updateAuthTimeJson
10-25 18:56:38.291  2318  4240 E FingerprintLocalStatisticsData: updataLocalStatistics, auth_time_info : {"auth_fail_time":{"screen_off_auth_time":{"hight_light_auth_time":{"total_auth_count":0,"total_auth_time":0,"total_down_to_capture_time":0,"total_capture_to_result_time":0,"avg_auth_time":0,"avg_down_to_capture_time":0,"avg_capture_to_result_time":0},"low_light_auth_time":{"total_auth_count":0,"total_auth_time":0,"total_down_to_capture_time":0,"total_capture_to_result_time":0,"avg_auth_time":0,"avg_down_to_capture_time":0,"avg_capture_to_result_time":0}},"screen_on_auth_time":{"hight_light_auth_time":{"total_auth_count":0,"total_auth_time":0,"total_down_to_capture_time":0,"total_capture_to_result_time":0,"avg_auth_time":0,"avg_down_to_capture_time":0,"avg_capture_to_result_time":0},"low_light_auth_time":{"total_auth_count":0,"total_auth_time":0,"total_down_to_capture_time":0,"total_capture_to_result_time":0,"avg_auth_time":0,"avg_down_to_capture_time":0,"avg_capture_to_result_time":0}},"screen_doze_auth_time":{"hight_light_auth_time":{"total_auth_count":0,"total_auth_time":0,"total_down_to_capture_time":0,"total_capture_to_result_time":0,"avg_auth_time":0,"avg_down_to_capture_time":0,"avg_capture_to_result_time":0},"low_light_auth_time":{"total_auth_count":0,"total_auth_time":0,"total_down_to_capture_time":0,"total_capture_to_result_time":0,"avg_auth_time":0,"avg_down_to_capture_time":0,"avg_capture_to_result_time":0}}},"auth_success_time":{"screen_off_auth_time":{"hight_light_auth_time":{"total_auth_count":0,"total_auth_time":0,"total_down_to_capture_time":0,"total_capture_to_result_time":0,"avg_auth_time":0,"avg_down_to_capture_time":0,"avg_capture_to_result_time":0},"low_light_auth_time":{"total_auth_count":0,"total_auth_time":0,"total_down_to_capture_time":0,"total_capture_to_result_time":0,"avg_auth_time":0,"avg_down_to_capture_time":0,"avg_capture_to_result_time":0}},"screen_on_auth_time":{"hight_light_auth_time":{"total_auth_count":4,"total_auth_time":568,"total_down_to_capture_time":138,"total_capture_to_result_time":430,"avg_auth_time":142,"avg_down_to_capture_time":34,"avg_capture_to_result_time":107},"low_light_auth_time":{"total_auth_count":0,"total_auth_time":0,"total_down_to_capture_time":0,"total_capture_to_result_time":0,"avg_auth_time":0,"avg_down_to_capture_time":0,"avg_capture_to_result_time":0}},"screen_doze_auth_time":{"hight_light_auth_time":{"total_auth_count":1,"total_auth_time":154,"total_down_to_capture_time":35,"total_capture_to_result_time":119,"avg_auth_time":154,"avg_down_to_capture_time":35,"avg_capture_to_result_time":119},"low_light_auth_time":{"total_auth_count":0,"total_auth_time":0,"total_down_to_capture_time":0,"total_capture_to_result_time":0,"avg_auth_time":0,"avg_down_to_capture_time":0,"avg_capture_to_result_time":0}}}}
10-25 18:56:38.291  2318  3691 I MiuiNetworkPolicyTrafficLimit: updateWhiteListUidForMobileTraffic uid=10138,add=true
10-25 18:56:38.291  2318  3691 I MiuiNetworkPolicy: updateUidState uid = 10135, uidState = 3
10-25 18:56:38.291  2318  2427 W FingerprintLocalStatisticsData: updataLocalStatistics, target:  unlock_rate_info
10-25 18:56:38.291  2318  2427 I FingerprintUnlockRateData: updateDataToJson
10-25 18:56:38.291  2318  2427 E FingerprintLocalStatisticsData: updataLocalStatistics, unlock_rate_info : {"total_auth_cnt":5,"total_auth_succ_cnt":5,"app_unlock_rate":[{"app_name":"com.android.systemui","auth_count":5,"auth_success_count":5,"screen_on_status":{"auth_count":1,"auth_success_count":1,"high_light_status":{"auth_count":1,"auth_success_count":1},"low_light_status":{"auth_count":0,"auth_success_count":0}},"screen_off_status":{"auth_count":4,"auth_success_count":4,"high_light_status":{"auth_count":4,"auth_success_count":4},"low_light_status":{"auth_count":0,"auth_success_count":0}},"high_light_status":{"auth_count":5,"auth_success_count":5},"low_light_status":{"auth_count":0,"auth_success_count":0}},{"app_name":"com.miui.securitycenter","auth_count":0,"auth_success_count":0},{"app_name":"com.tencent.mm","auth_count":0,"auth_success_count":0},{"app_name":"com.eg.android.AlipayGphone","auth_count":0,"auth_success_count":0}],"lux_systemui_count_array":[5,0,0,0,0,0,0,0,0],"lux_systemui_succ_count_array":[5,0,0,0,0,0,0,0,0],"lux_otherapp_count_array":[0,0,0,0,0,0,0,0,0],"lux_otherapp_succ_count_array":[0,0,0,0,0,0,0,0,0]}
10-25 18:56:38.291  2318  2427 I FingerprintLocalStatisticsData: startLocalStatisticsOneTrackUpload
10-25 18:56:38.292  3030  3108 E libsensor-parseRGB: CWB NotifyCWBBufferDone  error 0
10-25 18:56:38.292  2318  3691 I MiuiNetworkPolicyTrafficLimit: updateWhiteListUidForMobileTraffic uid=10135,add=true
10-25 18:56:38.292  4340 19955 W HWUI    : Surface doesn't have any previously queued frames, nothing to readback from
10-25 18:56:38.293  6110  6110 I miface-session: Restore state
10-25 18:56:38.293  4692  4692 I MiuiGxzwManager: dismissGxzwView: mShowed = false
10-25 18:56:38.295  4299  4299 I Launcher.widget: onInvisible 
10-25 18:56:38.295  4299  4299 I Launcher.widget: onInvisible 
10-25 18:56:38.295  2318  2439 E WindowManager: setClientVisible WallpaperWindowToken{25da35f token=android.os.Binder@2084ffe} true
10-25 18:56:38.296  2318  2439 I AnimInterruptController: FIS reset Foresee interrupt status
10-25 18:56:38.296  2318  2439 E WindowManager: setClientVisible ActivityRecord{cc26333 u0 com.miui.home/.launcher.Launcher t2} true
10-25 18:56:38.296  2318  2439 I WindowManager: wms.showSurfaceRobustly mWin:Window{e6179df u0 LauncherOverlayWindow:com.miui.personalassistant}
10-25 18:56:38.296  2318  2439 I WindowManager: wms.showSurfaceRobustly mWin:Window{88fbfb6 u0 com.miui.home/com.miui.home.launcher.Launcher}
10-25 18:56:38.296  2318  2439 I Transition: forceAddToTransition ActivityRecord{cc26333 u0 com.miui.home/.launcher.Launcher t2}
10-25 18:56:38.296  2318  2439 I Transition: forceAddToTransition Task{be247a1 #2 type=home I=com.miui.home/.launcher.Launcher}
10-25 18:56:38.296  2318  2439 I Transition: forceAddToTransition Task{934b406 #1 type=home}
10-25 18:56:38.298  4692  4692 I NotificationPanelView: doBlurAndDim: ratio = 0.80488795
10-25 18:56:38.299  2318  2439 I WindowManager: Window{88fbfb6 u0 com.miui.home/com.miui.home.launcher.Launcher} playingTransition keep home visible
10-25 18:56:38.299  2318  2439 E WindowManager: setClientVisible WallpaperWindowToken{25da35f token=android.os.Binder@2084ffe} true
10-25 18:56:38.299  2318  2439 I WindowManager: Window{e6179df u0 LauncherOverlayWindow:com.miui.personalassistant} playingTransition keep home visible
10-25 18:56:38.299  2318  2439 I WindowManager: Window{88fbfb6 u0 com.miui.home/com.miui.home.launcher.Launcher} playingTransition keep home visible
10-25 18:56:38.299  4692  4887 I MultiTaskingTaskRepository: needSkip: is home task
10-25 18:56:38.299  4692  4887 W MultiTaskingTaskRepository: putOrUpdateTaskInfo skip
10-25 18:56:38.299  4692  4887 I MultiTaskingTaskRepository: needSkip: is home task
10-25 18:56:38.299  4692  4887 W MultiTaskingTaskRepository: onToBackTransitionReady putOrUpdateTaskInfo skip
10-25 18:56:38.299  4692  4887 I ShellTransitions: Is abandon offsetY: false
10-25 18:56:38.299  4692  4887 E KeyguardTransitionHandlerImpl: activityCount = 0
10-25 18:56:38.299  4692  4887 E KeyguardTransitionHandlerImpl: activityCount = 0
10-25 18:56:38.300  4692  4887 I MultiTaskingTaskRepository: needSkip: is home task
10-25 18:56:38.300  4692  4887 I RemoteTransitionHandlerStubImpl: putCallback return, transition or wctCB is null.
10-25 18:56:38.301  4299  5154 W MiBridge: Permission not granted !!
10-25 18:56:38.301  2318  2439 I WindowManager: Window{88fbfb6 u0 com.miui.home/com.miui.home.launcher.Launcher} playingTransition keep home visible
10-25 18:56:38.301  2318  2439 I WindowManager: Window{e6179df u0 LauncherOverlayWindow:com.miui.personalassistant} playingTransition keep home visible
10-25 18:56:38.302  1908  2068 W VsyncModulator: setTransactionSchedule: Unexpected EarlyEnd
10-25 18:56:38.303  4692  4887 I RemoteTransitionHandlerStubImpl: invokeAndRemoveWctCB transition is null, curWctCB: null
10-25 18:56:38.303  1908  2068 I IPCThreadState: oneway function results for code 78 on binder at 0xb4000071993fedf0 will be dropped but finished with status 1 (Unknown error -1)
10-25 18:56:38.303  4692  4692 W NotificationPanelView: resetInterceptInvisible: to false
10-25 18:56:38.304  3027  3664 E QSEECOMPAT: invalid fd:0
10-25 18:56:38.304  3027  3664 E QSEECOMPAT: invalid fd:0
10-25 18:56:38.304  3027  3664 E QSEECOMPAT: invalid fd:0
10-25 18:56:38.306  1908  1908 I MI-SF   : surfaceflinger setAffinity mode=1
10-25 18:56:38.306  1908  1908 E MI-SF   : surfaceflinger setAffinity success
10-25 18:56:38.306  1908  1908 I MI-SF   : surfaceflinger setreAffinity reTid=2078
10-25 18:56:38.306  1908  1908 E MI-SF   : surfaceflinger setAffinity success
10-25 18:56:38.307  2318  3367 I WindowManager: setWallpaperAsTarget asTarget=false
10-25 18:56:38.307  4299  4299 W RecentsImpl: updateStubViewVisibility, className=com.miui.home.launcher.Launcher
10-25 18:56:38.307  2318  3367 E WindowManager: setClientVisible WallpaperWindowToken{25da35f token=android.os.Binder@2084ffe} true
10-25 18:56:38.307  4299  4299 W RecentsImpl: updateStubViewVisibility, return. mNavStubView=com.miui.home.recents.NavStubView{5eb30df V.E...... ........ 0,0-1200,76}, mGestureStubLeft=com.miui.home.recents.GestureStubView{2d782e6 V.E...... ........ 0,0-62,2670}, mGestureStubRight=com.miui.home.recents.GestureStubView{1378e3d V.E...... ........ 0,0-62,2670}, isNotUpdateByKeyguard=true, mIsStatusBarExpansion=false, mIsInAnotherPro=false, mSecuritySpaceGuideShown=false
10-25 18:56:38.307  4299  4299 E RotationHelper: setCurrentTransitionRequest: request=0
10-25 18:56:38.308  3027  3209 E SmcInvoke_MinkDescriptor: mem obj with id :22 not found in list
10-25 18:56:38.309  4299  5154 W RecentsModel: getRunningTask   taskInfo=TaskInfo{userId=0 taskId=41 displayId=0 isRunning=true baseIntent=Intent { act=android.intent.action.MAIN cat=[android.intent.category.LAUNCHER] flg=0x10200000 cmp=com.tencent.weread/.LauncherActivity } baseActivity=ComponentInfo{com.tencent.weread/com.tencent.weread.WeReadFragmentActivity} topActivity=ComponentInfo{com.tencent.weread/com.tencent.weread.WeReadFragmentActivity} origActivity=null realActivity=ComponentInfo{com.tencent.weread/com.tencent.weread.LauncherActivity} numActivities=4 lastActiveTime=75945007 supportsSplitScreenMultiWindow=true supportsMultiWindow=true resizeMode=1 isResizeable=true minWidth=-1 minHeight=-1 defaultMinSize=200 token=WCT{android.window.IWindowContainerToken$Stub$Proxy@95aefe4} topActivityType=1 pictureInPictureParams=null shouldDockBigOverlays=false launchIntoPipHostTaskId=-1 lastParentTaskIdBeforePip=-1 displayCutoutSafeInsets=Rect(0, 116 - 0, 0) topActivityInfo=ActivityInfo{f27cc4d com.tencent.weread.WeReadFragmentActivity} launchCookies=[] positionInParent=Point(0, 0) parentTaskId=-1 isFocused=false isVisible=false isVisibleRequested=false isSleeping=false locusId=null displayAreaFeatureId=1 isTopActivityTransparent=false appCompatTaskInfo=AppCompatTaskInfo { topActivityInSizeCompat=false topActivityInMiuiSizeCompat=false topActivityEligibleForLetterboxEducation= falseisLetterboxEducationEnabled= false isLetterboxDoubleTapEnabled= false topActivityEligibleForUserAspectRatioButton= false topActivityBoundsLetterboxed= false isFromLetterboxDoubleTap= false topActivityLetterboxVerticalPosition= -1 topActivityLetterboxHorizontalPosition= -1 topActivityLetterboxWidth=1200 topActivityLetterboxHeight=2670 isUserFullscreenOverrideEnabled=false isSystemFullscreenOverrideEnabled=false cameraCompatTaskInfo=CameraCompatTaskInfo { cameraCompatControlState=hidden freeformCameraCompatMode=inactive}} isImmersive=false mTopActivityRequestOrientation=-2 mBehindAppLockPkg=null mOriginatingUid=0 isEmbedded=false shouldBeVisible=false isCreatedByOrganizer=false mIsCastMode=false mTopActivityMediaSize=null mTopActivityRecordName=ActivityRecord{1f6d25e u0 com.tencent.weread/.WeReadFragmentActivity t41} mTopActivityOrientation=-2}
10-25 18:56:38.309  1011  1011 E KeymasterUtils: IKMHal_sendCmd failed with rsp_header->status: -28
10-25 18:56:38.309  1011  1011 E KeyMasterHalDevice: abort_operation
10-25 18:56:38.309  1011  1011 E KeyMasterHalDevice: ret: -28
10-25 18:56:38.309  4299  5154 E ActivityManagerWrapper: get all recent tasks force including 41
10-25 18:56:38.309  2318  5450 W UserManagerService: Requested status bar icon for non-badged user 0
10-25 18:56:38.309  3027  3664 E QSEECOMPAT: invalid fd:0
10-25 18:56:38.309  3027  3664 E QSEECOMPAT: invalid fd:0
10-25 18:56:38.309  3027  3664 E QSEECOMPAT: invalid fd:0
10-25 18:56:38.310  4692  4692 I NotificationPanelView: doBlurAndDim: ratio = 0.875
10-25 18:56:38.312  4299  5154 E ActivityManagerWrapper: getRecentTasksForceIncludingTaskIdIfValid: getRecentTasks: size=2
