10-25 18:56:38.906  8505 32729 W System.err: 	at android.app.ApplicationPackageManager.getPackageInfoAsUser(ApplicationPackageManager.java:276)
10-25 18:56:38.906  8505 32729 W System.err: 	at android.app.ApplicationPackageManager.getPackageInfo(ApplicationPackageManager.java:236)
10-25 18:56:38.906  8505 32729 W System.err: 	at android.app.ApplicationPackageManager.getPackageInfo(ApplicationPackageManager.java:230)
10-25 18:56:38.906  8505 32729 W System.err: 	at r6.b.a(Unknown Source:9)
10-25 18:56:38.906 11885 11975 I MMKV    : <MMKV.cpp:1170::sync> MMKV::sync, SyncFlag = 1
10-25 18:56:38.906  8505 32729 W System.err: 	at r6.a.run(Unknown Source:4)
10-25 18:56:38.906  8505 32729 W System.err: 	at i6.b.run(Unknown Source:2)
10-25 18:56:38.906  8505 32729 W System.err: 	at java.util.concurrent.Executors$RunnableAdapter.call(Executors.java:487)
10-25 18:56:38.906  8505 32729 W System.err: 	at java.util.concurrent.FutureTask.run(FutureTask.java:264)
10-25 18:56:38.906  8505 32729 W System.err: 	at java.util.concurrent.ScheduledThreadPoolExecutor$ScheduledFutureTask.run(ScheduledThreadPoolExecutor.java:307)
10-25 18:56:38.906  8505 32729 W System.err: 	at java.util.concurrent.ThreadPoolExecutor.runWorker(ThreadPoolExecutor.java:1251)
10-25 18:56:38.906  8505 32729 W System.err: 	at java.util.concurrent.ThreadPoolExecutor$Worker.run(ThreadPoolExecutor.java:668)
10-25 18:56:38.906  8505 32729 W System.err: 	at java.lang.Thread.run(Thread.java:1012)
10-25 18:56:38.907 11885 17992 I AiCrEngine_I_.permissionUtils.checkCTASwitch: guidance isAgreed: true agreedTime: 1746598228744 agreedVersion: v20240428
10-25 18:56:38.907 11885 17992 I AiCrEngine_OpenCapabilityProvider: call checkCtaAgreed =true
10-25 18:56:38.907 11885 17992 I AiCrEngine_OpenCapabilityCaller: checkCtaAgreed checkCTASwitch=true
10-25 18:56:38.907 11885 17992 I AIRC_[Geek]_GeekHelper: isGeekTotalTimeValid totalCount:11, dayMaxCount:3000
10-25 18:56:38.907 11885 17992 I AIRC_[Geek]_GeekHelper: isGeekTimeValid result:true
10-25 18:56:38.907 11885 17992 I AIRC_[Geek]_GeekHelper: actualStartGeek geek is already running
10-25 18:56:38.908 11885 17992 I AIRC_PerceptionEventBus: event=ScreenLockEvent,traceId=ScreenLockPerception send result=true
10-25 18:56:38.908 11885 17994 I AIRC_Cognition_CognitionTriggerManager: dispatchEvent event=ScreenLockEvent, traceId=ScreenLockPerception
10-25 18:56:38.908 11885 17994 I AIRC_CognitionEnableManager: LocationChange enable: true
10-25 18:56:38.909 11885 17994 I AIRC_CognitionEnableManager: FrequentLocationCognition enable: true
10-25 18:56:38.909 11885 17994 I AIRC_CognitionEnableManager: MetroCodeCognition enable: true
10-25 18:56:38.909 11885 17994 I AIRC_CognitionEnableManager: TravelCognition enable: true
10-25 18:56:38.909 11885 17994 I AIRC_CognitionEnableManager: ScanCodeCognition enable: true
10-25 18:56:38.910 11885 17994 I AIRC_CognitionEnableManager: GeekCognition enable: true
10-25 18:56:38.910 11885 17994 I AIRC_CognitionEnableManager: AudioCognition enable: true
10-25 18:56:38.910 11885 17994 I AIRC_CognitionEnableManager: BatteryCognition enable: true
10-25 18:56:38.910 11885 17994 I AIRC_LocationChange: dispatchEvent needHandle:false, event:ScreenLockEvent
10-25 18:56:38.911 11885 17994 I AIRC_FrequentLocationCognition: dispatchEvent needHandle:false, event:ScreenLockEvent
10-25 18:56:38.911 11885 17994 I AIRC_MetroCodeCognition: dispatchEvent needHandle:false, event:ScreenLockEvent
10-25 18:56:38.911 11885 17994 I AIRC_TravelCognition: dispatchEvent needHandle:false, event:ScreenLockEvent
10-25 18:56:38.911 11885 17994 I AIRC_ScanCodeCognition: dispatchEvent needHandle:false, event:ScreenLockEvent
10-25 18:56:38.911 11885 17994 I AIRC_GeekCognition: dispatchEvent needHandle:false, event:ScreenLockEvent
10-25 18:56:38.911 11885 17994 I AIRC_AudioCognition: dispatchEvent needHandle:false, event:ScreenLockEvent
10-25 18:56:38.911 11885 17994 I AIRC_BatteryCognition: dispatchEvent needHandle:false, event:ScreenLockEvent
10-25 18:56:38.911 11885 11975 I AIRC_Cognition_CognitionTriggerManager: not in test mode
10-25 18:56:38.915  3030  3112 E libsensor-parseRGB: CWB NotifyCWBBufferDone  error 0
10-25 18:56:38.917  5787  9280 I PersonalSafety: ConnectivityProtectionLockingIntentOperation: cancelled task [CONTEXT service_id=310 ]
10-25 18:56:38.924  5646  9279 I NearbyMediums: ModuleInitializer handles incoming intent android.intent.action.USER_PRESENT
10-25 18:56:38.925  1688  1688 I vendor.qti.hardware.servicetrackeraidl-service: bindService is called for service : com.google.android.gms/.chimera.PersistentApiService and for client com.google.android.gms.persistent
10-25 18:56:38.925  1688  1688 I vendor.qti.hardware.servicetrackeraidl-service: total connections for service : com.google.android.gms/.chimera.PersistentApiServiceare :8
10-25 18:56:38.925  1688  1688 I vendor.qti.hardware.servicetrackeraidl-service: total connections for client : com.google.android.gms.persistentare :7
10-25 18:56:38.927  5646 25689 I Nearby  : (REDACTED) Beginning attempt #%d out of %d for %s...
10-25 18:56:38.928  1688  1688 I vendor.qti.hardware.servicetrackeraidl-service: bindService is called for service : com.google.android.gms/.chimera.GmsApiService and for client com.google.android.gms.persistent
10-25 18:56:38.928  1688  1688 I vendor.qti.hardware.servicetrackeraidl-service: total connections for service : com.google.android.gms/.chimera.GmsApiServiceare :1
10-25 18:56:38.928  1688  1688 I vendor.qti.hardware.servicetrackeraidl-service: total connections for client : com.google.android.gms.persistentare :8
10-25 18:56:38.928  5646 25689 I NearbyMediums: BluetoothAdapter's name was not set by Nearby Connections, ignoring call to restore default scan mode.
10-25 18:56:38.929  5646 25689 I NearbyMediums: BluetoothAdapter's name was not set by Nearby Connections, ignoring call to restore device name
10-25 18:56:38.932  5646  5646 I RCNIntentOperation: RCN is disabled on this network.
10-25 18:56:38.944  2318  4219 I SmartPower: com.miui.systemAdSolution/10168(11547): background->idle(3000ms) R(broadcast start Intent { act=android.intent.action.PACKAGE_ADDED dat=package: flg=0x4000010 (has extras) }) adj=100.
10-25 18:56:38.945  2318  4219 I SmartPower: com.android.browser/10134(22999): background->idle(3001ms) R(broadcast start Intent { act=miui.intent.action.PACKAGE_FIRST_LAUNCH flg=0x1000010 (has extras) }) adj=925.
10-25 18:56:38.958  1863  2668 I [THP-DAE]: thp_set_doze_mode_func:enable doze mode
10-25 18:56:38.982  3094  3094 I adbd    : in ShellService: ps
10-25 18:56:38.987 11885 18157 I AIRC_[Geek]_GeekSdkManager: handleOnCallback doGeekSdkInit event=120
10-25 18:56:38.987 11885 18157 I AIRC_[Geek]_GeekSdkManager: triggerInitSdk event=120
10-25 18:56:38.987 11885 18157 I AIRC_[Geek]_GeekResultHandler: handleGeekEvent event=120, geekSwitch=true
10-25 18:56:38.987 11885 18157 I MMKV    : <MMKV.cpp:1170::sync> MMKV::sync, SyncFlag = 1
10-25 18:56:38.994 11885 18157 I MMKV    : <MMKV.cpp:1170::sync> MMKV::sync, SyncFlag = 1
10-25 18:56:38.994 11885 18157 I AIRC_[Geek]_GeekResultHandler: handleSdkEvent
10-25 18:56:38.994 11885 18157 I AIRC_[Geek]_GeekResultHandler: handleSdkEvent sdkEventData=GeekSdkEventData{eventId=15, eventName='requestCellInfoUpdate'}
10-25 18:56:38.996  2318  4215 E HyperSentinel: -------------------------------------------------------
10-25 18:56:38.996  2318  4215 E HyperSentinel: Event_ThreadAmount
10-25 18:56:38.997  2318  4215 E HyperSentinel: -> audit event by proc 9161 "io.github.ylimit.droidbotapp": running threads amount, 0 -> 25
10-25 18:56:39.008 11885 18157 I AIRC_[Geek]_GeekSdkManager: handleOnCallback doGeekSdkInit event=112
10-25 18:56:39.008 11885 18157 I AIRC_[Geek]_GeekSdkManager: triggerInitSdk event=112
10-25 18:56:39.008 11885 18157 I AIRC_[Geek]_GeekResultHandler: handleGeekEvent event=112, geekSwitch=true
10-25 18:56:39.008 11885 18157 I AIRC_[Geek]_GeekResultHandler: actualHandleGeekEvent not handle event=112
10-25 18:56:39.101  1656  2516 I vendor.qti.hardware.display.composer-service: Sensor: notify citsensorservice to trigger cwb, misForced = 0
10-25 18:56:39.102  3030  3788 I libsensor-parseRGB: request dump start for mRequestDisplayId 0
10-25 18:56:39.119  4692  4692 I MiuiBubbleSettings: com.android.systemui 0isAppEnableBubbleNotification: false
10-25 18:56:39.120  4692  4692 E StackScroller: updateSidePadding: viewWidth is zero
10-25 18:56:39.121  4692  5345 W PackageManager: Failure retrieving resources for com.android.systemui: Drawable com.android.systemui:drawable/android15_patch_adaptive with resource ID #0x7f080c0e
10-25 18:56:39.123  3030  3108 E libsensor-parseRGB: CWB NotifyCWBBufferDone  error 0
10-25 18:56:39.127  4692  4692 E StackScroller: updateSidePadding: viewWidth is zero
10-25 18:56:39.172  9161  9209 I mit.droidbotapp: This is non sticky GC, maxfree is 16777216 minfree is 8388608
10-25 18:56:39.221  2318  4219 I SmartPower: com.android.vending/10124(10447): background->idle(3004ms) R(broadcast start Intent { act=android.intent.action.PACKAGE_ADDED dat=package: flg=0x4000010 (has extras) }) adj=915.
10-25 18:56:39.221  2318  4219 I SmartPower: com.android.vending:background/10124(10644): background->idle(3003ms) R(broadcast start Intent { act=android.intent.action.PACKAGE_ADDED dat=package: flg=0x4000010 (has extras) }) adj=915.
10-25 18:56:39.239  2318  4219 I SmartPower: com.mfashiongallery.emag/10262(8010): background->idle(3002ms) R(broadcast start Intent { act=android.intent.action.PACKAGE_ADDED dat=package: flg=0x4000010 (has extras) }) adj=905.
10-25 18:56:39.240  2318  4219 I SmartPower: android.process.mediaUI/10261(12429): background->idle(66815ms) R(broadcast start Intent { act=android.intent.action.PACKAGE_ADDED dat=package: flg=0x4000010 (has extras) }) adj=905.
10-25 18:56:39.241  2318  4219 I SmartPower: com.google.android.documentsui/10100(20014): background->idle(3002ms) R(broadcast start Intent { act=android.intent.action.PACKAGE_ADDED dat=package: flg=0x4000010 (has extras) }) adj=905.
10-25 18:56:39.241  2318  4219 I SmartPower: com.android.quicksearchbox/10136(6456): background->idle(3001ms) R(broadcast start Intent { act=android.intent.action.PACKAGE_ADDED dat=package: flg=0x4000010 (has extras) }) adj=905.
10-25 18:56:39.242  2318  4219 I SmartPower: android.process.acore/10083(649): background->idle(3002ms) R(broadcast start Intent { act=android.intent.action.PACKAGE_ADDED dat=package: flg=0x4000010 (has extras) }) adj=800.
10-25 18:56:39.243  2318  4219 I SmartPower: com.miui.gallery/10271(12299): background->idle(3002ms) R(broadcast start Intent { act=android.intent.action.PACKAGE_ADDED dat=package: flg=0x4000010 (has extras) }) adj=700.
10-25 18:56:39.243  2318  4219 I SmartPower: com.milink.service:audio/10178(22090): background->idle(3003ms) R(broadcast start Intent { act=android.intent.action.PACKAGE_ADDED dat=package: flg=0x4000010 (has extras) }) adj=200.
10-25 18:56:39.244  2318  4219 I SmartPower: com.milink.crossdeviceservice/10178(24010): background->idle(3004ms) R(broadcast start Intent { act=android.intent.action.PACKAGE_ADDED dat=package: flg=0x4000010 (has extras) }) adj=915.
10-25 18:56:39.254  2318  4219 I SmartPower: com.xiaomi.market:widgetProvider/10167(17140): background->idle(3000ms) R(broadcast start Intent { act=com.xiaomi.market.APP_STATUS_CHANGED flg=0x30 cmp=com.xiaomi.market/.business_ui.widget.NewGameWidgetProvider (has extras) }) adj=915.
10-25 18:56:39.254  2318  4219 I SmartPower: com.xiaomi.market/10167(13559): background->idle(3023ms) R(broadcast start Intent { act=com.xiaomi.market.APP_STATUS_CHANGED flg=0x30 cmp=com.xiaomi.market/.business_ui.widget.NewGameWidgetProvider (has extras) }) adj=905.
10-25 18:56:39.266  2318  4219 I SmartPower: com.miui.weather2/10278(16441): background->idle(3001ms) R(content provider start ContentProviderRecord{c85f4e9 u0 com.miui.weather2/.providers.WeatherProvider}) adj=0.
10-25 18:56:39.275  4299  4299 E Launcher.Boost: boost failed
10-25 18:56:39.275  4299  4299 E Launcher.Boost: java.lang.NoSuchMethodError: No static method setThreadPriority(IILjava/lang/String;)V in class Landroid/os/MiuiProcess; or its super classes (declaration of 'android.os.MiuiProcess' appears in /system_ext/framework/miui-framework.jar)
10-25 18:56:39.275  4299  4299 E Launcher.Boost: 	at com.miui.launcher.utils.BoostHelper.boost(BoostHelper.java:87)
10-25 18:56:39.275  4299  4299 E Launcher.Boost: 	at com.miui.home.launcher.Launcher$64.run(Launcher.java:8391)
10-25 18:56:39.275  4299  4299 E Launcher.Boost: 	at android.os.Handler.handleCallback(Handler.java:959)
10-25 18:56:39.275  4299  4299 E Launcher.Boost: 	at android.os.Handler.dispatchMessage(Handler.java:100)
10-25 18:56:39.275  4299  4299 E Launcher.Boost: 	at android.os.Looper.loopOnce(Looper.java:249)
10-25 18:56:39.275  4299  4299 E Launcher.Boost: 	at android.os.Looper.loop(Looper.java:337)
10-25 18:56:39.275  4299  4299 E Launcher.Boost: 	at android.app.ActivityThread.main(ActivityThread.java:9587)
10-25 18:56:39.275  4299  4299 E Launcher.Boost: 	at java.lang.reflect.Method.invoke(Native Method)
10-25 18:56:39.275  4299  4299 E Launcher.Boost: 	at com.android.internal.os.RuntimeInit$MethodAndArgsCaller.run(RuntimeInit.java:593)
10-25 18:56:39.275  4299  4299 E Launcher.Boost: 	at com.android.internal.os.ZygoteInit.main(ZygoteInit.java:936)
10-25 18:56:39.275  1672  6622 E ANDR-PERF-LM: VmRssMeter:: start() 359: Could not find pid, can not collect vmrss data
10-25 18:56:39.275  1672  6622 E ANDR-PERF-LM: AdaptiveLaunch: writeToDataBase() 64: Meter aborted or could not get meter data for this run
10-25 18:56:39.276  1672  6621 E ANDR-PERF-LM: VmRssMeter:: start() 359: Could not find pid, can not collect vmrss data
10-25 18:56:39.341  3030  3793 I libsensor-boledalgo: dbv:480,lux:406.6,cct:5558.5,hsv:-1.0,dc:0CWB R:3315.9,G:7863.7,B:4687.0Event C:23706.7,R:11909.6,G:8538.4,B:4448.6Cali C:238.9,R:89.8,G:85.1,B:39.2 
10-25 18:56:39.362  1656  1854 I SDM     : DisplayBase::CommitThread: Received idle timeout, panel: cmd, timeout: 70000 us
10-25 18:56:39.375  2318  3525 W ActivityManagerServiceImpl: Sending non-protected broadcast miui.intent.action.CYCLE_CHECK from system uid 1000 pkg android. Callers=com.android.server.am.ActivityManagerService.checkBroadcastFromSystem:16255 com.android.server.am.ActivityManagerService.broadcastIntentLockedTraced:17126 com.android.server.am.ActivityManagerService.broadcastIntentLocked:16315 com.android.server.am.ActivityManagerService.broadcastIntentInPackage:17364 com.android.server.am.ActivityManagerService$LocalService.broadcastIntentInPackage:20214 
10-25 18:56:39.377  2318  5293 I NetworkAccelerateSwitchService: EVENT_RSSI_POLL. mRssiPoll=true
10-25 18:56:39.378  2318  5293 I NetworkAccelerateSwitchService: getAverageWifiRssi:35
10-25 18:56:39.384  1764  1764 I vendor.xiaomi.hardware.micharge-service: ReadFilePathValue path = /sys/class/power_supply/battery/temp value = 296
10-25 18:56:39.385  2318  2427 E IMiCharge: MiCharge method 9 val = 296
10-25 18:56:39.386  1764  1764 I vendor.xiaomi.hardware.micharge-service: ReadFilePathValue path = /sys/class/power_supply/battery/charge_control_limit value = 0
10-25 18:56:39.386  2318  2427 E IMiCharge: MiCharge method 10 val = 0
10-25 18:56:39.416  2318  4219 I SmartPower: com.miui.video/10294(6393): background->idle(3001ms) R(broadcast start Intent { act=android.intent.action.SCREEN_ON flg=0x50200010 }) adj=915.
10-25 18:56:39.441  1656  2516 I vendor.qti.hardware.display.composer-service: Sensor: notify citsensorservice to trigger cwb, misForced = 1
10-25 18:56:39.441  3030  3788 I libsensor-parseRGB: request dump start for mRequestDisplayId 0
10-25 18:56:39.451  2318  4221 I DisplayModeDirectorImpl: SmartDisplayPolicyEnd
10-25 18:56:39.452  2318  2438 I DisplayModeDirectorImpl: onDesiredDisplayModeSpecsChanged:baseModeId=1 allowGroupSwitching=false primary=physical: (0.0 120.0) render:  (0.0 120.0) appRequest=physical: (0.0 120.0) render:  (0.0 120.0) idleScreenRefreshRateConfig=null noVotes=false
10-25 18:56:39.463  2318  4219 I SmartPower: com.android.mms:mms_service/10141(10131): background->idle(3001ms) R(broadcast start Intent { act=android.intent.action.SCREEN_ON flg=0x50200010 pkg=com.alibaba.aliexpresshd:channel }) adj=800.
10-25 18:56:39.465  3030  3112 E libsensor-parseRGB: CWB NotifyCWBBufferDone  error 0
10-25 18:56:39.469  2318  4219 I SmartPower: com.xiaomi.aicr:cognitionService/10127(11885): background->idle(3000ms) R(broadcast start Intent { act=android.intent.action.SCREEN_ON flg=0x50200010 pkg=com.alibaba.aliexpresshd:channel }) adj=200.
10-25 18:56:39.470  2318  4219 I SmartPower: com.xiaomi.aicr:actionprovider/10127(12470): background->idle(67044ms) R(broadcast start Intent { act=android.intent.action.SCREEN_ON flg=0x50200010 pkg=com.alibaba.aliexpresshd:channel }) adj=915.
10-25 18:56:39.472  2318  4219 I SmartPower: com.google.android.apps.youtube.music/10318(13213): background->idle(3000ms) R(broadcast start Intent { act=android.intent.action.SCREEN_ON flg=0x50200010 pkg=com.alibaba.aliexpresshd:channel }) adj=965.
10-25 18:56:39.475  2318  4219 I SmartPower: com.miui.calculator/10263(14231): background->idle(3000ms) R(broadcast start Intent { act=android.intent.action.SCREEN_ON flg=0x50200010 pkg=com.getsurfboard }) adj=975.
10-25 18:56:39.479  2318  4219 I SmartPower: com.miui.screenrecorder/10273(23940): background->idle(3001ms) R(broadcast start Intent { act=android.intent.action.SCREEN_ON flg=0x50200010 pkg=com.sina.news }) adj=915.
10-25 18:56:39.481  2318  4219 I SmartPower: com.miui.securityadd/10166(27872): background->idle(3001ms) R(broadcast start Intent { act=android.intent.action.SCREEN_ON flg=0x50200010 pkg=com.sina.news }) adj=915.
10-25 18:56:39.487  2318  4219 I SmartPower: com.miui.voiceassist/10193(10332): background->idle(3000ms) R(broadcast start Intent { act=android.intent.action.SCREEN_ON flg=0x50200010 pkg=com.alibaba.aliexpresshd }) adj=905.
10-25 18:56:39.487  2318  4219 I SmartPower: com.miui.voiceassist:core/10193(7346): background->idle(3249ms) R(broadcast start Intent { act=android.intent.action.SCREEN_ON flg=0x50200010 pkg=com.alibaba.aliexpresshd }) adj=100.
10-25 18:56:39.494  2318  4219 I SmartPower: com.tencent.weread/10451(31641): background->idle(3001ms) R(broadcast start Intent { act=android.intent.action.SCREEN_ON flg=0x50200010 pkg=com.alibaba.aliexpresshd }) adj=700.
10-25 18:56:39.515  4663  4954 E PhoneAdapter: get ntnphones failed, exception: java.lang.IllegalStateException: Default phones haven't been made yet!
10-25 18:56:39.521  1656  1854 I SDM     : DisplayBase::CommitThread: Received idle timeout, panel: cmd, timeout: 70000 us
10-25 18:56:39.534  9161  9209 I mit.droidbotapp: This is sticky GC, maxfree is 16777216 minfree is 8388608
10-25 18:56:39.541  3030  3793 I libsensor-boledalgo: dbv:480,lux:409.8,cct:5495.4,hsv:-1.0,dc:0CWB R:3315.9,G:7863.7,B:4687.0Event C:23942.3,R:12159.5,G:8654.9,B:4501.3Cali C:238.9,R:89.8,G:85.1,B:39.2 
10-25 18:56:39.541  3030  3793 I libsensor-boledalgo: ##### the value of lux: 406.550385, cct: 5446.000000
10-25 18:56:39.541  3030  3793 I libsensor-qshcalapi: value of set_lux: 406.550385, set r: 5446.000000
10-25 18:56:39.573  1656  2244 I SDM     : HWCDisplay::SetActiveConfigWithConstraints: display:66-0, config: 1, WxH 1200x2670, fps 120
10-25 18:56:39.573  1656  2244 W SDM     : HWDeviceDRM::GetSupportedBitClkRate: Requested rate not supported: 1150000000
10-25 18:56:39.573  1656  2244 I SDM     : HWDeviceDRM::UpdateMixerAttributes: Mixer WxH 1200x2670-1 for Peripheral
10-25 18:56:39.573  1656  2244 I SDM     : HWCDisplay::SubmitDisplayConfig: Active configuration changed from config 3 to 1
10-25 18:56:39.574  1656  2244 I SDM     : HWCDisplay::SubmitDisplayConfig: Active WxH 1200x2670 ,ddic_mode:idle, timing_fps: 120, sf_fps: 120
10-25 18:56:39.654  1656  1854 I SDM     : DisplayBase::CommitThread: Received idle timeout, panel: cmd, timeout: 70000 us
10-25 18:56:39.818  2318  3691 I MiuiNetworkPolicy: bandwidth: 425 KB/s, Max bandwidth: 8511 KB/s
10-25 18:56:39.930  2318  3367 I ActivityManager: Broadcasting: Intent { act=android.intent.action.MEDIA_SCANNER_SCAN_FILE dat=file:///... flg=0x400000 }
10-25 18:56:39.931  2318  3367 I ActivityManager: Enqueued broadcast Intent { act=android.intent.action.MEDIA_SCANNER_SCAN_FILE dat=file:///... flg=0x400000 }: 0
10-25 18:56:39.935 12299 12299 W MiuiGallery2_BaseMediaScannerReceiver: [main] - Broadcast received, action: [android.intent.action.MEDIA_SCANNER_SCAN_FILE], data uri: [file:///sdcard/screen_2025-10-25_185637.png], CTA not allowed
10-25 18:56:39.937  2318  3691 I MiuiNetworkPolicy: updateUidState uid = 10271, uidState = 11
10-25 18:56:39.941  2318  3691 I MiuiNetworkPolicy: updateUidState uid = 10271, uidState = 15
10-25 18:56:39.942  3030  3793 I libsensor-boledalgo: dbv:480,lux:388.3,cct:5463.6,hsv:-1.0,dc:0CWB R:3315.9,G:7863.7,B:4687.0Event C:22795.7,R:11639.5,G:8194.9,B:4267.5Cali C:238.9,R:89.8,G:85.1,B:39.2 
10-25 18:56:39.943  7336  7336 I MediaProvider: receive action = android.intent.action.MEDIA_SCANNER_SCAN_FILE schemeSpecificPart = ///sdcard/screen_2025-10-25_185637.png
10-25 18:56:39.943  2318  3367 W JobInfo : Job 'com.android.providers.media.module/com.android.providers.media.MediaService#-300' has a deadline with no functional constraints. The deadline won't improve job execution latency. Consider removing the deadline.
10-25 18:56:39.946  1688  1688 I vendor.qti.hardware.servicetrackeraidl-service: bindService is called for service : com.android.providers.media.module/com.android.providers.media.MediaService and for client system
10-25 18:56:39.946  1688  1688 I vendor.qti.hardware.servicetrackeraidl-service: total connections for service : com.android.providers.media.module/com.android.providers.media.MediaServiceare :1
10-25 18:56:39.946  1688  1688 I vendor.qti.hardware.servicetrackeraidl-service: total connections for client : systemare :29
10-25 18:56:39.947  2318  4216 I whetstone.activity: processNotifyEvent1 resId = 256, bundle = Bundle[{startTime=75961653, sourcePkg=com.android.providers.media.module, sourceUid=10249, status=1, jobId=-300, batteryName=com.android.providers.media.module/com.android.providers.media.MediaService, elapsedRealtime=75961653}]
10-25 18:56:39.949  9264 11318 I EventMonitor: notifyEvent resId=256
10-25 18:56:39.951  2318  2426 I ActivityManager: Broadcast completed: result=0
10-25 18:56:39.954  7336  8311 I MediaProvider: Begin Intent { act=android.intent.action.MEDIA_SCANNER_SCAN_FILE dat=file:///... flg=0x1400010 cmp=com.android.providers.media.module/com.android.providers.media.MediaService }
10-25 18:56:39.970  7336  8311 I MediaProvider: End Intent { act=android.intent.action.MEDIA_SCANNER_SCAN_FILE dat=file:///... flg=0x1400010 cmp=com.android.providers.media.module/com.android.providers.media.MediaService }
10-25 18:56:39.971  2318  4216 I whetstone.activity: processNotifyEvent1 resId = 256, bundle = Bundle[{startTime=75961677, sourcePkg=com.android.providers.media.module, sourceUid=10249, status=0, jobId=-300, batteryName=com.android.providers.media.module/com.android.providers.media.MediaService, elapsedRealtime=75961677}]
10-25 18:56:39.971  1688  1688 I vendor.qti.hardware.servicetrackeraidl-service: unbindService is called for service : com.android.providers.media.module/com.android.providers.media.MediaService and for client system
10-25 18:56:39.971  1688  1688 I vendor.qti.hardware.servicetrackeraidl-service: size of service connections for service: com.android.providers.media.module/com.android.providers.media.MediaServiceafter removal is 0
10-25 18:56:39.971  1688  1688 I vendor.qti.hardware.servicetrackeraidl-service: size of client connections for client: systemafter removal is 28
10-25 18:56:39.972  1688  1688 I vendor.qti.hardware.servicetrackeraidl-service: destroyService is called for service : com.android.providers.media.module/com.android.providers.media.MediaService
10-25 18:56:39.972  9264 11318 I EventMonitor: notifyEvent resId=256
10-25 18:56:40.084  9161  9209 I mit.droidbotapp: This is non sticky GC, maxfree is 16777216 minfree is 8388608
10-25 18:56:40.152  3094  3094 I adbd    : in ShellService: ps
10-25 18:56:40.172  3094  3094 I adbd    : in ShellService: rm /sdcard/screen_2025-10-25_185637.png
10-25 18:56:40.199  7336 27484 I MediaProvider: Deleted paths_hashcode::1389444597/:1389444597/316817607637.png items on external_primary due to com.android.shell tid=10023
10-25 18:56:40.295  4340 19955 W HWUI    : Surface doesn't have any previously queued frames, nothing to readback from
10-25 18:56:40.335  3094  3094 I adbd    : in ShellService: dumpsys display
10-25 18:56:40.346  3030  3793 I libsensor-boledalgo: dbv:480,lux:401.2,cct:5514.5,hsv:-1.0,dc:0CWB R:3315.9,G:7863.7,B:4687.0Event C:23412.8,R:11873.3,G:8497.2,B:4421.4Cali C:238.9,R:89.8,G:85.1,B:39.2 
10-25 18:56:40.349  4520  4520 I QcrilOemhookMsgTunnel: [0]invokeOemRilRequestRaw: serial=1153 length=40
10-25 18:56:40.355  4520  5505 I QtiOemHookAidl: oemHookRawResponse: serial no: 1153 error: 0length=4
10-25 18:56:40.492  3094  3094 I adbd    : in ShellService: wm size
10-25 18:56:40.580  2318  4215 E HyperSentinel: -------------------------------------------------------
10-25 18:56:40.581  2318  4215 E HyperSentinel: Event_OpenFileFDSize
10-25 18:56:40.581  2318  4215 E HyperSentinel: -> audit event by proc 2318 "system_server": Fd increasement, peak, 857 -> 1287
10-25 18:56:40.584  3094  3094 I adbd    : in ShellService: dumpsys input
10-25 18:56:40.606  2318  4219 I SmartPower: com.sohu.inputmethod.status/10183(9543): background->idle(3177ms) R(service end com.sohu.inputmethod.sogou.xiaomi/com.sohu.inputmethod.settings.status.SogouStatusService) adj=500.
10-25 18:56:40.616  9161  9209 I mit.droidbotapp: This is sticky GC, maxfree is 16777216 minfree is 8388608
10-25 18:56:40.677  3094  3094 I adbd    : in ShellService: getprop ro.sf.lcd_density
10-25 18:56:40.743  3094  3094 I adbd    : in ShellService: am force-stop com.tencent.weread
10-25 18:56:40.783  2318  4476 I ActivityManager: Force stopping com.tencent.weread appid=10451 user=0: from process:10082
10-25 18:56:40.783  2318  4476 I WindowManager:   Force removing ActivityRecord{7f01547 u0 com.tencent.weread/.WeReadFragmentActivity t41}
10-25 18:56:40.783  2318  4476 E ActivityTaskManager: Unable to get servicetracker HAL instance
10-25 18:56:40.783  2318  4476 E ActivityTaskManager: Unable to get servicetracker HAL instance
10-25 18:56:40.784  1908  1908 E DisplayModeController: setDesiredMode : Idle status skip setActiveMode, isDdicIdleMode: 1
10-25 18:56:40.786  2318  3494 W UsageStatsService: Unexpected activity event reported! (com.tencent.weread/com.tencent.weread.WeReadFragmentActivity event : 23 instanceId : 118458013)
10-25 18:56:40.787  2318  4476 I WindowManager:   Force removing ActivityRecord{4b332f3 u0 com.tencent.weread/.WeReadFragmentActivity t41}
10-25 18:56:40.787  2318  4476 E ActivityTaskManager: Unable to get servicetracker HAL instance
10-25 18:56:40.787  2318  4476 E ActivityTaskManager: Unable to get servicetracker HAL instance
10-25 18:56:40.787  2318  3494 W UsageStatsService: Unexpected activity event reported! (com.tencent.weread/com.tencent.weread.WeReadFragmentActivity event : 23 instanceId : 29895209)
10-25 18:56:40.788  2318  4476 I WindowManager:   Force removing ActivityRecord{550e44e u0 com.tencent.weread/.WeReadFragmentActivity t41}
10-25 18:56:40.788  2318  4476 E ActivityTaskManager: Unable to get servicetracker HAL instance
10-25 18:56:40.788  2318  4476 E ActivityTaskManager: Unable to get servicetracker HAL instance
10-25 18:56:40.789  2318  3494 W UsageStatsService: Unexpected activity event reported! (com.tencent.weread/com.tencent.weread.WeReadFragmentActivity event : 23 instanceId : 266008410)
10-25 18:56:40.791  1656  2244 I SDM     : HWCDisplay::SetActiveConfigWithConstraints: display:66-0, config: 3, WxH 1200x2670, fps 120
10-25 18:56:40.791  1656  2244 W SDM     : HWDeviceDRM::GetSupportedBitClkRate: Requested rate not supported: 1150000000
10-25 18:56:40.791  1656  2244 I SDM     : HWDeviceDRM::UpdateMixerAttributes: Mixer WxH 1200x2670-1 for Peripheral
10-25 18:56:40.791  1656  2244 I SDM     : HWCDisplay::SubmitDisplayConfig: Active configuration changed from config 1 to 3
10-25 18:56:40.791  1656  2244 I SDM     : HWCDisplay::SubmitDisplayConfig: Active WxH 1200x2670 ,ddic_mode:auto, timing_fps: 120, sf_fps: 120
10-25 18:56:40.794  1656  2516 I vendor.qti.hardware.display.composer-service: Sensor: notify citsensorservice to trigger cwb, misForced = 0
10-25 18:56:40.794  3030  3788 I libsensor-parseRGB: request dump start for mRequestDisplayId 0
10-25 18:56:40.797  2318  4476 I ActivityManager: Killing 31641:com.tencent.weread/u0a451 (adj 700): stop com.tencent.weread due to from process:10082
10-25 18:56:40.797  1736  1736 E qspmHal : setAppInfoH atPid = 31641, gpuFname:com.tencent.weread, gpuFver:101669070
10-25 18:56:40.798  2318  3691 I MiuiNetworkPolicy: removeUidState uid = 10451
10-25 18:56:40.798  7410 10428 I MiuiPerfServiceClient: begin killProcessRecord
10-25 18:56:40.800  2318  2436 I NetworkBoostStatusManager: onUidGone uid: 10451
10-25 18:56:40.800  2318  5217 I SLM-SRV-SLSAppLib: SLM_Ai_Mode EVENT_CHECK_GMAE_AI_MODE_STATUS
10-25 18:56:40.800  2318  5217 I SLM-SRV-SLSAppLib: SLM_Ai_Mode checkGameAiModeStatus mGameAiModeCloudControl:false mLinkTurboAiModeSwitch:false mGameAiModeInterfaceReady:false mGameStartBattle:false powerMgrGameUid:0
10-25 18:56:40.800  2318  4476 I SmartPower: com.google.android.webview:sandboxed_process0:org.chromium.content.app.SandboxedPridle->background(12622ms) R(service unbind com.tencent.weread/org.chromium.content.app.SandboxedProcessService0:1) adj=700.
10-25 18:56:40.801  7756 14869 I MIUISafety-Monitor: onUid 10451 gone
10-25 18:56:40.801  2318  4476 W ActivityTaskManager: Force removing ActivityRecord{1f6d25e u0 com.tencent.weread/.WeReadFragmentActivity t41 f}}: app died, no saved state
10-25 18:56:40.801  7016  7016 I cr_ChildProcessService: Destroying ChildProcessService pid=7016
10-25 18:56:40.802  7016  7016 I ocessService0:1: System.exit called, status: 0
10-25 18:56:40.802  7016  7016 I AndroidRuntime: VM exiting with result code 0, cleanup skipped.
10-25 18:56:40.802  1688  1688 I vendor.qti.hardware.servicetrackeraidl-service: killProcess is called for pid : 31641
10-25 18:56:40.802  1688  1688 I vendor.qti.hardware.servicetrackeraidl-service: process with pid 31641 is service
10-25 18:56:40.802  1688  1688 I vendor.qti.hardware.servicetrackeraidl-service: process with pid 31641 is client
10-25 18:56:40.802  1688  1688 I vendor.qti.hardware.servicetrackeraidl-service: removing client with pid 31641process namecom.tencent.weread
10-25 18:56:40.802  1688  1688 I vendor.qti.hardware.servicetrackeraidl-service: destroyService is called for service : com.tencent.weread/org.chromium.content.app.SandboxedProcessService0:1
10-25 18:56:40.802  1688  1688 I vendor.qti.hardware.servicetrackeraidl-service: destroyService is called for service : com.tencent.weread/.util.lightness.LightnessService
10-25 18:56:40.804  2318  4476 E ActivityTaskManager: Unable to get servicetracker HAL instance
10-25 18:56:40.804  2318  4476 E ActivityTaskManager: Unable to get servicetracker HAL instance
10-25 18:56:40.804  2318  4476 E ActivityTaskManager: Unable to get servicetracker HAL instance
10-25 18:56:40.804  2318  4476 W InputManager-JNI: Input channel object 'bc2e79 com.tencent.weread/com.tencent.weread.WeReadFragmentActivity (client)' was disposed without first being removed with the input manager!
10-25 18:56:40.806  4692  4887 I MultiTaskingTaskRepository: no MULTI_WINDOW, but base activity is null
10-25 18:56:40.808  2318  4476 I ActivityManager: Killing 7016:com.google.android.webview:sandboxed_process0:org.chromium.content.app.SandboxedProcessService0:1/u0a451i19 (adj 0): isolated not needed
10-25 18:56:40.809  2318  2439 W ActivityTaskManager: Can't find TaskDisplayArea to determine support for multi window. Task id=41 attached=false
10-25 18:56:40.810  2318  3494 W UsageStatsService: Unexpected activity event reported! (com.tencent.weread/com.tencent.weread.WeReadFragmentActivity event : 23 instanceId : 103413969)
10-25 18:56:40.810  2318  4476 E ClipboardServiceI: removeActivePermissionOwnerForPackage: mPrimaryClipPackage is null or get is null
10-25 18:56:40.811  4692  4887 I MiuiBubbleController: removeBubble: 41 reason=2
10-25 18:56:40.811  4692  4887 I MultiTaskingTaskInfo: before call clearMaskControl task id = 41, CoverLayerController = null, callers=com.android.wm.shell.multitasking.taskmanager.MultiTaskingTaskListener.onTaskVanished:148 com.android.wm.shell.ShellTaskOrganizer.onTaskVanished:141 android.window.TaskOrganizer$1.lambda$onTaskVanished$5:310 android.window.TaskOrganizer$1.$r8$lambda$BfZljSLvbOxLl9lAmxVzXFoCjYU:0 android.window.TaskOrganizer$1$$ExternalSyntheticLambda0.run:0 
10-25 18:56:40.811  4692  4887 I MultiTaskingTaskRepository: onTaskVanish multi list = [], full = []
10-25 18:56:40.812  2318  4476 I AppsFilter: interaction: PackageSetting{3a62da4 com.android.microdroid.empty_payload/10236} -> PackageSetting{7a62d17 com.tencent.weread/10451} BLOCKED
10-25 18:56:40.812  2318  4476 I AppsFilter: interaction: PackageSetting{44176c2 io.appium.uiautomator2.server.test/10280} -> PackageSetting{7a62d17 com.tencent.weread/10451} BLOCKED
10-25 18:56:40.812  2318  4476 I AppsFilter: interaction: PackageSetting{fa9d132 io.github.ylimit.droidbotapp/10452} -> PackageSetting{7a62d17 com.tencent.weread/10451} BLOCKED
10-25 18:56:40.812  2318  4476 I AppsFilter: interaction: PackageSetting{e1adcd3 com.rongcard.eid/10151} -> PackageSetting{7a62d17 com.tencent.weread/10451} BLOCKED
10-25 18:56:40.812  2318  4476 I AppsFilter: interaction: PackageSetting{eea8010 io.appium.settings/10274} -> PackageSetting{7a62d17 com.tencent.weread/10451} BLOCKED
10-25 18:56:40.812  4299  5154 W MiBridge: Permission not granted !!
10-25 18:56:40.814  2318  3691 I MiuiNetworkPolicy: updateUidState uid = 99019, uidState = 19
10-25 18:56:40.814  2318  2429 E SSRU-RUS: Don't have packages for uid 99019
10-25 18:56:40.814  4299  5154 E ActivityManagerWrapper: get all recent tasks force including -1
10-25 18:56:40.815  3030  3108 E libsensor-parseRGB: CWB NotifyCWBBufferDone  error 0
10-25 18:56:40.816  4299  5154 E ActivityManagerWrapper: getRecentTasksForceIncludingTaskIdIfValid: getRecentTasks: size=2
10-25 18:56:40.816  4299  5154 E ActivityManagerWrapper:  mainTaskId=41   userId=0   windowMode=1   baseIntent=Intent { act=android.intent.action.MAIN flag=270532608 cmp=ComponentInfo{com.tencent.weread/com.tencent.weread.LauncherActivity} }
10-25 18:56:40.816  4299  5154 E ActivityManagerWrapper:  mainTaskId=11   userId=0   windowMode=1   baseIntent=Intent { act=android.intent.action.MAIN flag=270532608 cmp=ComponentInfo{com.android.settings/com.android.settings.MainSettings} }
10-25 18:56:40.821  7438  7438 E RegisteredServicesCache: Skipping application component ComponentInfo{com.autonavi.minimap/com.alibaba.ariver.commonability.device.jsapi.nfc.service.TinyAppHostApduService}: it must request the permission android.permission.NFC
10-25 18:56:40.821  7438  7438 E RegisteredServicesCache: Skipping application component ComponentInfo{com.autonavi.minimap/com.alipay.mobile.aompdevice.nfc.service.TinyAppHostApduService}: it must request the permission android.permission.NFC
10-25 18:56:40.823  7438  7438 I RegisteredServicesCache: current user: 0, is managed profile : false
10-25 18:56:40.825  7438  7438 I RegisteredAidCache: updateRoutingLocked(false): Enter
10-25 18:56:40.825  7438  7438 I AidRoutingManager: configureRouting(false): Enter
10-25 18:56:40.825  7438  7438 E AidRoutingManager: Size of routing table970
10-25 18:56:40.825  7438  7438 I RegisteredAidCache: updateRoutingLocked(false): exit
10-25 18:56:40.827  7438  7438 I libnfc_nci: [INFO:NativeT4tNfcee.cpp(870)] nfcManager_isFwSupportNonStdT4TAid Enter isFwSupport = 1
10-25 18:56:40.827  7438  7438 I libnfc_nci: [INFO:SecureElement.cpp(1487)] SecureElement::getEseHandleFromGenericId: enter; ESE-ID = 0x7F
10-25 18:56:40.827  7438  7438 I libnfc_nci: [INFO:SecureElement.cpp(1528)] SecureElement::getEseHandleFromGenericId: enter; ESE-Handle = 0x410
10-25 18:56:40.827  7438  7438 I libnfc_nci: [INFO:SecureElement.cpp(1487)] SecureElement::getEseHandleFromGenericId: enter; ESE-ID = 0x00
10-25 18:56:40.827  7438  7438 I libnfc_nci: [INFO:SecureElement.cpp(1528)] SecureElement::getEseHandleFromGenericId: enter; ESE-Handle = 0x400
10-25 18:56:40.827  4427  4427 I Zygote  : Process 7016 exited cleanly (0)
10-25 18:56:40.828  4610  4658 I SecureElement-Terminal-eSE1: isSecureElementPresent()
10-25 18:56:40.828  1594  1594 I android.hardware.secure_element-service.qti: isCardPresent
10-25 18:56:40.828  1594  1594 I android.hardware.secure_element-service.qti: isCardPresent exit, cardPresent: 1
10-25 18:56:40.830  1688  1688 I vendor.qti.hardware.servicetrackeraidl-service: killProcess is called for pid : 7016
10-25 18:56:40.830  4610  4658 I SecureElement-Terminal-SIM1: isSecureElementPresent()
10-25 18:56:40.831  1736  1736 E qspmHal : setAppInfoH atPid = 7016, gpuFname:com.tencent.weread, gpuFver:7204179330
10-25 18:56:40.831  4610  4658 I SecureElement-Terminal-SIM1: isNfcEventAllowed: No access rules for checking.
10-25 18:56:40.831  4610  4658 I SecureElement-Terminal-SIM2: isSecureElementPresent()
10-25 18:56:40.833  2318  3691 I MiuiNetworkPolicy: removeUidState uid = 99019
10-25 18:56:40.833  2318  2436 I NetworkBoostStatusManager: onUidGone uid: 99019
10-25 18:56:40.834  2318  5217 I SLM-SRV-SLSAppLib: SLM_Ai_Mode EVENT_CHECK_GMAE_AI_MODE_STATUS
10-25 18:56:40.834  2318  5217 I SLM-SRV-SLSAppLib: SLM_Ai_Mode checkGameAiModeStatus mGameAiModeCloudControl:false mLinkTurboAiModeSwitch:false mGameAiModeInterfaceReady:false mGameStartBattle:false powerMgrGameUid:0
10-25 18:56:40.834  7756  7898 I MIUISafety-Monitor: onUid 99019 gone
10-25 18:56:40.834  2318  2429 E SSRU-RUS: Don't have packages for uid 99019
10-25 18:56:40.835  7756 14869 W Binder  : Caught a RuntimeException from the binder stub implementation.
10-25 18:56:40.835  7756 14869 W Binder  : java.lang.NullPointerException
10-25 18:56:40.835  7756 14869 W Binder  : 	at java.util.Objects.requireNonNull(Objects.java:207)
10-25 18:56:40.835  7756 14869 W Binder  : 	at com.miui.ai.service.OperationListCollectService$h.invoke(Unknown Source:29)
10-25 18:56:40.835  7756 14869 W Binder  : 	at java.lang.reflect.Proxy.invoke(Proxy.java:1006)
10-25 18:56:40.835  7756 14869 W Binder  : 	at $Proxy7.onUidImportance(Unknown Source)
10-25 18:56:40.835  7756 14869 W Binder  : 	at android.app.ActivityManager$MyUidObserver.onUidGone(ActivityManager.java:225)
10-25 18:56:40.835  7756 14869 W Binder  : 	at android.app.IUidObserver$Stub.onTransact(IUidObserver.java:159)
10-25 18:56:40.835  7756 14869 W Binder  : 	at android.os.Binder.execTransactInternal(Binder.java:1512)
10-25 18:56:40.835  7756 14869 W Binder  : 	at android.os.Binder.execTransact(Binder.java:1451)
10-25 18:56:40.863  3094  3094 I adbd    : in ShellService: input keyevent HOME
10-25 18:56:40.889  2318  2453 I libprocessgroup: Removed cgroup /sys/fs/cgroup/uid_10451/pid_31641
10-25 18:56:40.889  1483  1483 I Zygote  : Process 31641 exited due to signal 9 (Killed)
10-25 18:56:40.890  2318  5109 W WindowManager: Cannot find window which accessibility connection is added to
10-25 18:56:40.890  2318  2438 W ActivityManager: setHasOverlayUi called on unknown pid: 31641
10-25 18:56:40.891  2318  2453 I libprocessgroup: Removed cgroup /sys/fs/cgroup/uid_99019/pid_7016
10-25 18:56:40.897  1656  1854 I SDM     : DisplayBase::CommitThread: Received idle timeout, panel: cmd, timeout: 70000 us
10-25 18:56:40.913  2318  5024 W MIUIInput: Input event injection from package: null action ACTION_DOWN keycode 3
10-25 18:56:40.914  2318  5024 W MiuiInputKeyEventLog: keyCode:3 down:true eventTime:45015139 downTime:45015139 policyFlags:2b000000 flags:0 metaState:0 deviceId:-1 isScreenOn:true keyguardActive:false repeatCount:0
10-25 18:56:40.915  2318  2449 W ActivityManagerServiceImpl: Sending non-protected broadcast com.miui.fullscreen_state_change from system 2318:system/1000 pkg android. Callers=com.android.server.am.ActivityManagerService.checkBroadcastFromSystem:16255 com.android.server.am.ActivityManagerService.broadcastIntentLockedTraced:17126 com.android.server.am.ActivityManagerService.broadcastIntentLocked:16315 com.android.server.am.ActivityManagerService.broadcastIntentWithFeature:17337 android.app.ContextImpl.sendBroadcastAsUser:1495 
10-25 18:56:40.915  2318  5024 W MIUIInput: Input event injection from package: null action ACTION_UP keycode 3
10-25 18:56:40.915  2318  5024 W MiuiInputKeyEventLog: keyCode:3 down:false eventTime:45015141 downTime:45015139 policyFlags:2b000000 flags:0 metaState:0 deviceId:-1 isScreenOn:true keyguardActive:false repeatCount:0
10-25 18:56:40.916  2318  3572 E MiuiInputKeyEventLog: before go to home
10-25 18:56:40.917  2318  2449 W ActivityManagerServiceImpl: Sending non-protected broadcast com.miui.launch_home_from_hotkey from system 2318:system/1000 pkg android. Callers=com.android.server.am.ActivityManagerService.checkBroadcastFromSystem:16255 com.android.server.am.ActivityManagerService.broadcastIntentLockedTraced:17126 com.android.server.am.ActivityManagerService.broadcastIntentLocked:16315 com.android.server.am.ActivityManagerService.broadcastIntentWithFeature:17337 android.app.ContextImpl.sendBroadcastAsUser:1536 
10-25 18:56:40.920  4692  4692 I ControlCenterExpandController: hide panel true true
10-25 18:56:40.921  7756  7756 I VideoToolBoxService: onReceive: android.intent.action.CLOSE_SYSTEM_DIALOGS
10-25 18:56:40.922  4692  4692 I VolumeShowHideAnimator: isRunning: false, mExpanded: false
10-25 18:56:40.922  4692  4692 I VolumeExpandCollapsedAnimator: isRunning: false, mExpanded: false
10-25 18:56:40.922  4692  4692 I VolumePanelViewController_false: dismissH mShowing:false, reason:volume_controller, isAnimating: false, needShowDialog=false, KeyAnimatingStream=-1
10-25 18:56:40.922  4692  4692 I VolumeShowHideAnimator: isRunning: false, mExpanded: false
10-25 18:56:40.922  4692  4692 I VolumeExpandCollapsedAnimator: isRunning: false, mExpanded: false
10-25 18:56:40.922  4692  4692 I VolumePanelViewController_true: dismissH mShowing:false, reason:volume_controller, isAnimating: false, needShowDialog=true, KeyAnimatingStream=-1
10-25 18:56:40.922  4520  4520 I QcrilOemhookMsgTunnel: [0]invokeOemRilRequestRaw: serial=1154 length=52
10-25 18:56:40.923  2318  3572 W ActivityTaskManager: callingPackage for (uid=-1, pid=0) has no WPC
10-25 18:56:40.923  7756  7756 I GameBoosterService: onReceive: android.intent.action.CLOSE_SYSTEM_DIALOGS
10-25 18:56:40.925  2318  3572 W OptProp : Cannot read opt property android.window.PROPERTY_COMPAT_ALLOW_ORIENTATION_OVERRIDE
10-25 18:56:40.925  2318  3572 E ActivityTaskManager: Unable to get servicetracker HAL instance
10-25 18:56:40.925  2318  3572 E ActivityTaskManager: Unable to get servicetracker HAL instance
10-25 18:56:40.925  2318  3572 E WindowManager: setClientVisible ActivityRecord{7c3801b u0 com.miui.home/.launcher.Launcher true
10-25 18:56:40.926  2318  3572 W OptProp : Cannot read opt property android.window.PROPERTY_COMPAT_ALLOW_RESIZEABLE_ACTIVITY_OVERRIDES
10-25 18:56:40.927  2318  3572 W OptProp : Cannot read opt property android.window.PROPERTY_COMPAT_ALLOW_MIN_ASPECT_RATIO_OVERRIDE
10-25 18:56:40.928  4520  5505 I QtiOemHookAidl: oemHookRawResponse: serial no: 1154 error: 0length=84
10-25 18:56:40.928  2318  3572 I AnimInterruptController: FIS notify Foresee interrupt start:194
10-25 18:56:40.929  2318  3572 I ActivityTaskManager: isKeyguardEditor: false, newTransition: TransitionRecord{531df91 id=195 type=OPEN flags=0x0}
10-25 18:56:40.935  2318  3572 I ActivityTaskManager: START u0 {act=android.intent.action.MAIN cat=[android.intent.category.HOME] flg=0x10000100 cmp=com.miui.home/.launcher.Launcher (has extras)} with LAUNCH_SINGLE_TASK from uid 0 from pid 0 callingPackage null callers: com.android.server.wm.RootWindowContainer.lambda$startHomeOnDisplay$11:1607 com.android.server.wm.RootWindowContainer.$r8$lambda$DFaa7QLApF8rlf4uiy_4K0Hxf2Y:0 com.android.server.wm.RootWindowContainer$$ExternalSyntheticLambda50.apply:0 com.android.server.wm.TaskDisplayArea.reduceOnAllTaskDisplayAreas:526  (BAL_ALLOW_ALLOWLISTED_UID) result code=3
10-25 18:56:40.935  4299  4299 I Launcher: onNewIntent
10-25 18:56:40.935  4299  4299 I ConnectAnimFinishCallbackManager: mNeedShowLauncher = true, waitFrameworkAnimCallback = false
10-25 18:56:40.936  4299  4299 E RotationHelper: setCurrentStateRequest: request=0
10-25 18:56:40.937  4299  4299 I ScreenView_Workspace: isAllowScrollAnimStart: false
10-25 18:56:40.937  4692  4887 I SoScStageCoordinator: Transition requested:TransitionRequestInfo { type = OPEN, triggerTask = TaskInfo{userId=0 taskId=2 displayId=0 isRunning=true baseIntent=Intent { act=android.intent.action.MAIN cat=[android.intent.category.HOME] flg=0x10000100 cmp=com.miui.home/.launcher.Launcher } baseActivity=ComponentInfo{com.miui.home/com.miui.home.launcher.Launcher} topActivity=ComponentInfo{com.miui.home/com.miui.home.launcher.Launcher} origActivity=null realActivity=ComponentInfo{com.miui.home/com.miui.home.launcher.Launcher} numActivities=1 lastActiveTime=75959968 supportsSplitScreenMultiWindow=true supportsMultiWindow=true resizeMode=2 isResizeable=true minWidth=-1 minHeight=-1 defaultMinSize=200 token=WCT{android.window.IWindowContainerToken$Stub$Proxy@5a1f613} topActivityType=2 pictureInPictureParams=null shouldDockBigOverlays=false launchIntoPipHostTaskId=-1 lastParentTaskIdBeforePip=-1 displayCutoutSafeInsets=null topActivityInfo=ActivityInfo{4a1c050 com.miui.home.launcher.Launcher} launchCookies=[] positionInParent=Point(0, 0) parentTaskId=-1 isFocused=true isVisible=true isVisibleRequested=true isSleeping=false locusId=null displayAreaFeatureId=1 isTopActivityTransparent=false appCompatTaskInfo=AppCompatTaskInfo { topActivityInSizeCompat=false topActivityInMiuiSizeCompat=false topActivityEligibleForLetterboxEducation= falseisLetterboxEducationEnabled= false isLetterboxDoubleTapEnabled= false topActivityEligibleForUserAspectRatioButton= false topActivityBoundsLetterboxed= false isFromLetterboxDoubleTap= false topActivityLetterboxVerticalPosition= -1 topActivityLetterboxHorizontalPosition= -1 topActivityLetterboxWidth=1200 topActivityLetterboxHeight=2670 isUserFullscreenOverrideEnabled=false isSystemFullscreenOverrideEnabled=false cameraCompatTaskInfo=CameraCompatTaskInfo { cameraCompatControlState=hidden freeformCameraCompatMode=inactive}} isImmersive=false mTopActivityRequestOrientation=1 mBehindAppLockPkg=null mOriginatingUid=0 isEmbedded=false shouldBeVisible=true isCreatedByOrganizer=false mIsCastMode=false mTopActivityMediaSize=null mTopActivityRecordName=ActivityRecord{cc26333 u0 com.miui.home/.launcher.Launcher t2} mTopActivityOrientation=1}, pipTask = null, remoteTransition = null, displayChange = null, flags = 0, debugId = 195 } isSoScActive:false triggerTask:TaskInfo{userId=0 taskId=2 displayId=0 isRunning=true baseIntent=Intent { act=android.intent.action.MAIN cat=[android.intent.category.HOME] flg=0x10000100 cmp=com.miui.home/.launcher.Launcher } baseActivity=ComponentInfo{com.miui.home/com.miui.home.launcher.Launcher} topActivity=ComponentInfo{com.miui.home/com.miui.home.launcher.Launcher} origActivity=null realActivity=ComponentInfo{com.miui.home/com.miui.home.launcher.Launcher} numActivities=1 lastActiveTime=75959968 supportsSplitScreenMultiWindow=true supportsMultiWindow=true resizeMode=2 isResizeable=true minWidth=-1 minHeight=-1 defaultMinSize=200 token=WCT{android.window.IWindowContainerToken$Stub$Proxy@5a1f613} topActivityType=2 pictureInPictureParams=null shouldDockBigOverlays=false launchIntoPipHostTaskId=-1 lastParentTaskIdBeforePip=-1 displayCutoutSafeInsets=null topActivityInfo=ActivityInfo{4a1c050 com.miui.home.launcher.Launcher} launchCookies=[] positionInParent=Point(0, 0) parentTaskId=-1 isFocused=true isVisible=true isVisibleRequested=true isSleeping=false locusId=null displayAreaFeatureId=1 isTopActivityTransparent=false appCompatTaskInfo=AppCompatTaskInfo { topActivityInSizeCompat=false topActivityInMiuiSizeCompat=false topActivityEligibleForLetterboxEducation= falseisLetterboxEducationEnabled= false isLetterboxDoubleTapEnabled= false topActivityEligibleForUserAspectRatioButton= false topActivityBoundsLetterboxed= false isFromLetterboxDoubleTap= false topActivityLetterboxVerticalPosition= -1 topActivityLetterboxHorizontalPosition= -1 topActivityLetterboxWidth=1200 topActivityLetterboxHeight=2670 isUserFullscreenOverrideEnabled=false isSystemFullscreenOverrideEnabled=false cameraCompatTaskInfo=CameraCompatTaskInfo { cameraCompatControlState=hidden freeformCame
10-25 18:56:40.939  2318  2439 I AnimInterruptController: FIS reset Foresee interrupt status
10-25 18:56:40.939  4299  4299 W Settings: Setting device_provisioned has moved from android.provider.Settings.Secure to android.provider.Settings.Global.
10-25 18:56:40.939  2318  4221 I DisplayModeDirectorImpl: setSmartDisplayUpRefreshRatePolicy [0.0,120.0]
10-25 18:56:40.940  1908  1908 I RefreshRateSelector: Display 4630947082089526659 policy changed
