05-08 08:21:00.704  5664  5674 W System  : A resource failed to call close. 
05-08 08:21:00.704  5664  5674 W System  : A resource failed to call close. 
05-08 08:21:00.704  5664  5674 W System  : A resource failed to call close. 
05-08 08:21:00.704  5664  5674 W System  : A resource failed to call close. 
05-08 08:21:00.704  5664  5674 W System  : A resource failed to call close. 
05-08 08:21:00.704  5664  5674 W System  : A resource failed to call close. 
05-08 08:21:00.704  5664  5674 W System  : A resource failed to call close. 
05-08 08:21:00.704  5664  5674 W System  : A resource failed to call close. 
05-08 08:21:00.705  5664  5674 W System  : A resource failed to call close. 
05-08 08:21:00.705  5664  5674 W System  : A resource failed to call close. 
05-08 08:21:00.705  5664  5674 W System  : A resource failed to call close. 
05-08 08:21:00.705  5664  5674 W System  : A resource failed to call close. 
05-08 08:21:00.705  5664  5674 W System  : A resource failed to call close. 
05-08 08:21:00.705  5664  5674 W System  : A resource failed to call close. 
05-08 08:21:00.705  5664  5674 W System  : A resource failed to call close. 
05-08 08:21:00.705  5664  5674 W System  : A resource failed to call close. 
05-08 08:21:00.705  5664  5674 W System  : A resource failed to call close. 
05-08 08:21:00.705  5664  5674 W System  : A resource failed to call close. 
05-08 08:21:00.705  5664  5674 W System  : A resource failed to call close. 
05-08 08:21:00.705  5664  5674 W System  : A resource failed to call close. 
05-08 08:21:00.705  5664  5674 W System  : A resource failed to call close. 
05-08 08:21:00.705  5664  5674 W System  : A resource failed to call close. 
05-08 08:21:00.706  5664  5674 W System  : A resource failed to call close. 
05-08 08:21:00.706  5664  5674 W System  : A resource failed to call close. 
05-08 08:21:00.706  5664  5674 W System  : A resource failed to call close. 
05-08 08:21:00.706  5664  5674 W System  : A resource failed to call close. 
05-08 08:21:00.706  5664  5674 W System  : A resource failed to call close. 
05-08 08:21:00.706  5664  5674 W System  : A resource failed to call close. 
05-08 08:21:00.706  5664  5674 W System  : A resource failed to call close. 
05-08 08:21:00.706  5664  5674 W System  : A resource failed to call close. 
05-08 08:21:00.706  5664  5674 W System  : A resource failed to call close. 
05-08 08:21:00.706  5664  5674 W System  : A resource failed to call close. 
05-08 08:21:00.706  5664  5674 W System  : A resource failed to call close. 
05-08 08:21:00.706  5664  5674 W System  : A resource failed to call close. 
05-08 08:21:00.706  5664  5674 W System  : A resource failed to call close. 
05-08 08:21:00.706  5664  5674 W System  : A resource failed to call close. 
05-08 08:21:00.706  5664  5674 W System  : A resource failed to call close. 
05-08 08:21:00.706  5664  5674 W System  : A resource failed to call close. 
05-08 08:21:00.706  5664  5674 W System  : A resource failed to call close. 
05-08 08:21:00.706  5664  5674 W System  : A resource failed to call close. 
05-08 08:21:00.706  5664  5674 W System  : A resource failed to call close. 
05-08 08:21:00.706  5664  5674 W System  : A resource failed to call close. 
05-08 08:21:00.706  5664  5674 W System  : A resource failed to call close. 
05-08 08:21:00.706  5664  5674 W System  : A resource failed to call close. 
05-08 08:21:00.706  5664  5674 W System  : A resource failed to call close. 
05-08 08:21:00.706  5664  5674 W System  : A resource failed to call close. 
05-08 08:21:00.706  5664  5674 W System  : A resource failed to call close. 
05-08 08:21:00.706  5664  5674 W System  : A resource failed to call close. 
05-08 08:21:00.706  5664  5674 W System  : A resource failed to call close. 
05-08 08:21:00.706  5664  5674 W System  : A resource failed to call close. 
05-08 08:21:00.706  5664  5674 W System  : A resource failed to call close. 
05-08 08:21:00.706  5664  5674 W System  : A resource failed to call close. 
05-08 08:21:00.706  5664  5674 W System  : A resource failed to call close. 
05-08 08:21:00.707  5664  5674 W System  : A resource failed to call close. 
05-08 08:21:00.707  5664  5674 W System  : A resource failed to call close. 
05-08 08:21:00.707  5664  5674 W System  : A resource failed to call close. 
05-08 08:21:00.707  5664  5674 W System  : A resource failed to call close. 
05-08 08:21:00.707  5664  5674 W System  : A resource failed to call close. 
05-08 08:21:00.707  5664  5674 W System  : A resource failed to call close. 
05-08 08:21:00.707  5664  5674 W System  : A resource failed to call close. 
05-08 08:21:00.707  5664  5674 W System  : A resource failed to call close. 
05-08 08:21:00.707  5664  5674 W System  : A resource failed to call close. 
05-08 08:21:00.707  5664  5674 W System  : A resource failed to call close. 
05-08 08:21:00.707  5664  5674 W System  : A resource failed to call close. 
05-08 08:21:00.707  5664  5674 W System  : A resource failed to call close. 
05-08 08:21:00.707  5664  5674 W System  : A resource failed to call close. 
05-08 08:21:00.707  5664  5674 W System  : A resource failed to call close. 
05-08 08:21:00.707  5664  5674 W System  : A resource failed to call close. 
05-08 08:21:00.707  5664  5674 W System  : A resource failed to call close. 
05-08 08:21:00.707  5664  5674 W System  : A resource failed to call close. 
05-08 08:21:00.707  5664  5674 W System  : A resource failed to call close. 
05-08 08:21:00.707  5664  5674 W System  : A resource failed to call close. 
05-08 08:21:00.707  5664  5674 W System  : A resource failed to call close. 
05-08 08:21:00.707  5664  5674 W System  : A resource failed to call close. 
05-08 08:21:00.707  5664  5674 W System  : A resource failed to call close. 
05-08 08:21:00.708  5664  5674 W System  : A resource failed to call close. 
05-08 08:21:00.708  5664  5674 W System  : A resource failed to call close. 
05-08 08:21:00.708  5664  5674 W System  : A resource failed to call close. 
05-08 08:21:00.708  5664  5674 W System  : A resource failed to call close. 
05-08 08:21:00.708  5664  5674 W System  : A resource failed to call close. 
05-08 08:21:00.708  5664  5674 W System  : A resource failed to call close. 
05-08 08:21:00.708  5664  5674 W System  : A resource failed to call close. 
05-08 08:21:00.708  5664  5674 W System  : A resource failed to call close. 
05-08 08:21:00.708  5664  5674 W System  : A resource failed to call close. 
05-08 08:21:00.708  5664  5674 W System  : A resource failed to call close. 
05-08 08:21:00.708  5664  5674 W System  : A resource failed to call close. 
05-08 08:21:00.708  5664  5674 W System  : A resource failed to call close. 
05-08 08:21:00.708  5664  5674 W System  : A resource failed to call close. 
05-08 08:21:00.708  5664  5674 W System  : A resource failed to call close. 
05-08 08:21:00.708  5664  5674 W System  : A resource failed to call close. 
05-08 08:21:00.708  5664  5674 W System  : A resource failed to call close. 
05-08 08:21:00.708  5664  5674 W System  : A resource failed to call close. 
05-08 08:21:00.708  5664  5674 W System  : A resource failed to call close. 
05-08 08:21:00.709  5664  5674 W System  : A resource failed to call close. 
05-08 08:21:00.709  5664  5674 W System  : A resource failed to call close. 
05-08 08:21:00.709  5664  5674 W System  : A resource failed to call close. 
05-08 08:21:00.709  5664  5674 W System  : A resource failed to call close. 
05-08 08:21:00.709  5664  5674 W System  : A resource failed to call close. 
05-08 08:21:00.709  5664  5674 W System  : A resource failed to call close. 
05-08 08:21:00.709  5664  5674 W System  : A resource failed to call close. 
05-08 08:21:00.709  5664  5674 W System  : A resource failed to call close. 
05-08 08:21:00.709  5664  5674 W System  : A resource failed to call close. 
05-08 08:21:00.709  5664  5674 W System  : A resource failed to call close. 
05-08 08:21:00.709  5664  5674 W System  : A resource failed to call close. 
05-08 08:21:00.709  5664  5674 W System  : A resource failed to call close. 
05-08 08:21:00.709  5664  5674 W System  : A resource failed to call close. 
05-08 08:21:00.709  5664  5674 W System  : A resource failed to call close. 
05-08 08:21:00.709  5664  5674 W System  : A resource failed to call close. 
05-08 08:21:00.709  5664  5674 W System  : A resource failed to call close. 
05-08 08:21:00.709  5664  5674 W System  : A resource failed to call close. 
05-08 08:21:00.710  5664  5674 W System  : A resource failed to call close. 
05-08 08:21:00.710  5664  5674 W System  : A resource failed to call close. 
05-08 08:21:00.710  5664  5674 W System  : A resource failed to call close. 
05-08 08:21:00.710  5664  5674 W System  : A resource failed to call close. 
05-08 08:21:00.710  5664  5674 W System  : A resource failed to call close. 
05-08 08:21:00.710  5664  5674 W System  : A resource failed to call close. 
05-08 08:21:00.710  5664  5674 W System  : A resource failed to call close. 
05-08 08:21:00.710  5664  5674 W System  : A resource failed to call close. 
05-08 08:21:00.710  5664  5674 W System  : A resource failed to call close. 
05-08 08:21:00.710  5664  5674 W System  : A resource failed to call close. 
05-08 08:21:00.710  5664  5674 W System  : A resource failed to call close. 
05-08 08:21:00.710  5664  5674 W System  : A resource failed to call close. 
05-08 08:21:00.710  5664  5674 W System  : A resource failed to call close. 
05-08 08:21:00.710  5664  5674 W System  : A resource failed to call close. 
05-08 08:21:00.710  5664  5674 W System  : A resource failed to call close. 
05-08 08:21:00.710  5664  5674 W System  : A resource failed to call close. 
05-08 08:21:00.710  5664  5674 W System  : A resource failed to call close. 
05-08 08:21:00.710  5664  5674 W System  : A resource failed to call close. 
05-08 08:21:00.710  5664  5674 W System  : A resource failed to call close. 
05-08 08:21:00.710  5664  5674 W System  : A resource failed to call close. 
05-08 08:21:00.710  5664  5674 W System  : A resource failed to call close. 
05-08 08:21:00.711  5664  5674 W System  : A resource failed to call close. 
05-08 08:21:00.711  5664  5674 W System  : A resource failed to call close. 
05-08 08:21:00.711  5664  5674 W System  : A resource failed to call close. 
05-08 08:21:00.711  5664  5674 W System  : A resource failed to call close. 
05-08 08:21:00.711  5664  5674 W System  : A resource failed to call close. 
05-08 08:21:00.711  5664  5674 W System  : A resource failed to call close. 
05-08 08:21:00.711  5664  5674 W System  : A resource failed to call close. 
05-08 08:21:00.711  5664  5674 W System  : A resource failed to call close. 
05-08 08:21:00.711  5664  5674 W System  : A resource failed to call close. 
05-08 08:21:00.711  5664  5674 W System  : A resource failed to call close. 
05-08 08:21:00.711  5664  5674 W System  : A resource failed to call close. 
05-08 08:21:00.711  5664  5674 W System  : A resource failed to call close. 
05-08 08:21:00.711  5664  5674 W System  : A resource failed to call close. 
05-08 08:21:00.711  5664  5674 W System  : A resource failed to call close. 
05-08 08:21:00.711  5664  5674 W System  : A resource failed to call close. 
05-08 08:21:00.711  5664  5674 W System  : A resource failed to call close. 
05-08 08:21:00.711  5664  5674 W System  : A resource failed to call close. 
05-08 08:21:00.711  5664  5674 W System  : A resource failed to call close. 
05-08 08:21:00.711  5664  5674 W System  : A resource failed to call close. 
05-08 08:21:00.711  5664  5674 W System  : A resource failed to call close. 
05-08 08:21:00.711  5664  5674 W System  : A resource failed to call close. 
05-08 08:21:00.711  5664  5674 W System  : A resource failed to call close. 
05-08 08:21:00.711  5664  5674 W System  : A resource failed to call close. 
05-08 08:21:00.711  5664  5674 W System  : A resource failed to call close. 
05-08 08:21:00.711  5664  5674 W System  : A resource failed to call close. 
05-08 08:21:00.711  5664  5674 W System  : A resource failed to call close. 
05-08 08:21:00.711  5664  5674 W System  : A resource failed to call close. 
05-08 08:21:00.711  5664  5674 W System  : A resource failed to call close. 
05-08 08:21:00.711  5664  5674 W System  : A resource failed to call close. 
05-08 08:21:00.711  5664  5674 W System  : A resource failed to call close. 
05-08 08:21:00.711  5664  5674 W System  : A resource failed to call close. 
05-08 08:21:00.711  5664  5674 W System  : A resource failed to call close. 
05-08 08:21:00.711  5664  5674 W System  : A resource failed to call close. 
05-08 08:21:00.711  5664  5674 W System  : A resource failed to call close. 
05-08 08:21:00.711  5664  5674 W System  : A resource failed to call close. 
05-08 08:21:00.711  5664  5674 W System  : A resource failed to call close. 
05-08 08:21:00.711  5664  5674 W System  : A resource failed to call close. 
05-08 08:21:00.711  5664  5674 W System  : A resource failed to call close. 
05-08 08:21:00.711  5664  5674 W System  : A resource failed to call close. 
05-08 08:21:00.712  5664  5674 W System  : A resource failed to call close. 
05-08 08:21:00.712  5664  5674 W System  : A resource failed to call close. 
05-08 08:21:00.712  5664  5674 W System  : A resource failed to call close. 
05-08 08:21:00.712  5664  5674 W System  : A resource failed to call close. 
05-08 08:21:00.712  5664  5674 W System  : A resource failed to call close. 
05-08 08:21:00.712  5664  5674 W System  : A resource failed to call close. 
05-08 08:21:00.712  5664  5674 W System  : A resource failed to call close. 
05-08 08:21:00.712  5664  5674 W System  : A resource failed to call close. 
05-08 08:21:00.712  5664  5674 W System  : A resource failed to call close. 
05-08 08:21:00.712  5664  5674 W System  : A resource failed to call close. 
05-08 08:21:00.712  5664  5674 W System  : A resource failed to call close. 
05-08 08:21:00.712  5664  5674 W System  : A resource failed to call close. 
05-08 08:21:00.712  5664  5674 W System  : A resource failed to call close. 
05-08 08:21:00.712  5664  5674 W System  : A resource failed to call close. 
05-08 08:21:00.712  5664  5674 W System  : A resource failed to call close. 
05-08 08:21:00.712  5664  5674 W System  : A resource failed to call close. 
05-08 08:21:00.712  5664  5674 W System  : A resource failed to call close. 
05-08 08:21:00.712  5664  5674 W System  : A resource failed to call close. 
05-08 08:21:00.712  5664  5674 W System  : A resource failed to call close. 
05-08 08:21:00.712  5664  5674 W System  : A resource failed to call close. 
05-08 08:21:00.787  5664  5664 I ExoPlayerImpl: Init 845562d [ExoPlayerLib/2.17.0] [emulator64_x86_64_arm64, sdk_gphone64_x86_64, Google, 31]
05-08 08:21:00.969  5664  5664 I ViewTarget: Glide treats LayoutParams.WRAP_CONTENT as a request for an image the size of this device's screen dimensions. If you want to load the original image and are ok with the corresponding memory cost and OOMs (depending on the input size), use override(Target.SIZE_ORIGINAL). Otherwise, use LayoutParams.MATCH_PARENT, set layout_width and layout_height to fixed dimension, or use .override() with fixed dimensions.
05-08 08:21:00.969  5664  5664 I ViewTarget: Glide treats LayoutParams.WRAP_CONTENT as a request for an image the size of this device's screen dimensions. If you want to load the original image and are ok with the corresponding memory cost and OOMs (depending on the input size), use override(Target.SIZE_ORIGINAL). Otherwise, use LayoutParams.MATCH_PARENT, set layout_width and layout_height to fixed dimension, or use .override() with fixed dimensions.
05-08 08:21:00.969  5664  5664 I ViewTarget: Glide treats LayoutParams.WRAP_CONTENT as a request for an image the size of this device's screen dimensions. If you want to load the original image and are ok with the corresponding memory cost and OOMs (depending on the input size), use override(Target.SIZE_ORIGINAL). Otherwise, use LayoutParams.MATCH_PARENT, set layout_width and layout_height to fixed dimension, or use .override() with fixed dimensions.
05-08 08:21:00.969  5664  5664 I ViewTarget: Glide treats LayoutParams.WRAP_CONTENT as a request for an image the size of this device's screen dimensions. If you want to load the original image and are ok with the corresponding memory cost and OOMs (depending on the input size), use override(Target.SIZE_ORIGINAL). Otherwise, use LayoutParams.MATCH_PARENT, set layout_width and layout_height to fixed dimension, or use .override() with fixed dimensions.
05-08 08:21:00.969  5664  5664 I ViewTarget: Glide treats LayoutParams.WRAP_CONTENT as a request for an image the size of this device's screen dimensions. If you want to load the original image and are ok with the corresponding memory cost and OOMs (depending on the input size), use override(Target.SIZE_ORIGINAL). Otherwise, use LayoutParams.MATCH_PARENT, set layout_width and layout_height to fixed dimension, or use .override() with fixed dimensions.
05-08 08:21:01.969  5664  5664 I AppCompatDelegate: The Activity's LayoutInflater already has a Factory installed so we can not install AppCompat's
05-08 08:21:02.479  5203  5213 I mit.droidbotap: Background concurrent copying GC freed 63316(2563KB) AllocSpace objects, 77(3324KB) LOS objects, 49% free, 2218KB/4436KB, paused 20.327ms,38us total 53.793ms
05-08 08:21:02.852  5664  5672 I com.Dominos: NativeAlloc concurrent copying GC freed 264859(12MB) AllocSpace objects, 103(4308KB) LOS objects, 42% free, 32MB/56MB, paused 493us,448us total 148.324ms
05-08 08:21:02.863  5664  5674 W System  : A resource failed to call close. 
05-08 08:21:02.863  5664  5674 W System  : A resource failed to call close. 
05-08 08:21:02.864  5664  5674 W System  : A resource failed to call close. 
05-08 08:21:02.864  5664  5674 W System  : A resource failed to call close. 
05-08 08:21:02.864  5664  5674 W System  : A resource failed to call close. 
05-08 08:21:02.864  5664  5674 W System  : A resource failed to call close. 
05-08 08:21:02.864  5664  5674 W System  : A resource failed to call close. 
05-08 08:21:02.864  5664  5674 W System  : A resource failed to call close. 
05-08 08:21:02.865  5664  5674 W System  : A resource failed to call close. 
05-08 08:21:02.865  5664  5674 W System  : A resource failed to call close. 
05-08 08:21:02.865  5664  5674 W System  : A resource failed to call close. 
05-08 08:21:02.865  5664  5674 W System  : A resource failed to call close. 
05-08 08:21:02.865  5664  5674 W System  : A resource failed to call close. 
05-08 08:21:02.865  5664  5674 W System  : A resource failed to call close. 
05-08 08:21:02.865  5664  5674 W System  : A resource failed to call close. 
05-08 08:21:02.865  5664  5674 W System  : A resource failed to call close. 
05-08 08:21:02.866  5664  5674 W System  : A resource failed to call close. 
05-08 08:21:02.866  5664  5674 W System  : A resource failed to call close. 
05-08 08:21:03.200  1349  7526 W MediaProvider: isAppCloneUserPair for user 0: false
05-08 08:21:03.241   176   176 I hwservicemanager: getTransport: Cannot find entry android.hardware.graphics.mapper@4.0::IMapper/default in either framework or device VINTF manifest.
05-08 08:21:03.242  8776  8780 I Gralloc4: mapper 4.x is not supported
05-08 08:21:03.424  5664  5707 I WM-WorkerWrapper: Worker result SUCCESS for Work [ id=cf0c5507-a803-45d3-be77-73d0509bcbd0, tags={ com.Dominos.utils.caching.PreCachingWork } ]
05-08 08:21:04.121  1349  1860 I MediaProvider: Begin Intent { act=android.intent.action.MEDIA_SCANNER_SCAN_FILE dat=file:///sdcard/screen_2025-05-08_162103.png flg=0x1400010 cmp=com.google.android.providers.media.module/com.android.providers.media.MediaService }
05-08 08:21:04.137  1349  1860 I MediaProvider: End Intent { act=android.intent.action.MEDIA_SCANNER_SCAN_FILE dat=file:///sdcard/screen_2025-05-08_162103.png flg=0x1400010 cmp=com.google.android.providers.media.module/com.android.providers.media.MediaService }
05-08 08:21:04.247  1349  5273 I MediaProvider: Deleted 0 1 0 0 0 0 0 items on external_primary due to com.android.shell
05-08 08:21:04.804  1349  1683 W MediaProvider: isAppCloneUserPair for user 0: false
05-08 08:21:04.842   176   176 I hwservicemanager: getTransport: Cannot find entry android.hardware.graphics.mapper@4.0::IMapper/default in either framework or device VINTF manifest.
05-08 08:21:04.842  8817  8819 I Gralloc4: mapper 4.x is not supported
05-08 08:21:05.709  1349  1860 I MediaProvider: Begin Intent { act=android.intent.action.MEDIA_SCANNER_SCAN_FILE dat=file:///sdcard/screen_2025-05-08_162105.png flg=0x1400010 cmp=com.google.android.providers.media.module/com.android.providers.media.MediaService }
05-08 08:21:05.716  1349  1860 W ExifInterface: Invalid image: ExifInterface got an unsupported image format file(ExifInterface supports JPEG and some RAW image formats only) or a corrupted JPEG file to ExifInterface.
05-08 08:21:05.716  1349  1860 W ExifInterface: java.io.IOException: Encountered corrupt PNG file.
05-08 08:21:05.716  1349  1860 W ExifInterface: 	at android.media.ExifInterface.getPngAttributes(ExifInterface.java:3432)
05-08 08:21:05.716  1349  1860 W ExifInterface: 	at android.media.ExifInterface.loadAttributes(ExifInterface.java:2009)
05-08 08:21:05.716  1349  1860 W ExifInterface: 	at android.media.ExifInterface.<init>(ExifInterface.java:1641)
05-08 08:21:05.716  1349  1860 W ExifInterface: 	at android.media.ExifInterface.<init>(ExifInterface.java:1592)
05-08 08:21:05.716  1349  1860 W ExifInterface: 	at com.android.providers.media.scan.ModernMediaScanner.scanItemImage(ModernMediaScanner.java:1367)
05-08 08:21:05.716  1349  1860 W ExifInterface: 	at com.android.providers.media.scan.ModernMediaScanner.scanItem(ModernMediaScanner.java:1003)
05-08 08:21:05.716  1349  1860 W ExifInterface: 	at com.android.providers.media.scan.ModernMediaScanner.access$1200(ModernMediaScanner.java:146)
05-08 08:21:05.716  1349  1860 W ExifInterface: 	at com.android.providers.media.scan.ModernMediaScanner$Scan.visitFile(ModernMediaScanner.java:801)
05-08 08:21:05.716  1349  1860 W ExifInterface: 	at com.android.providers.media.scan.ModernMediaScanner$Scan.visitFile(ModernMediaScanner.java:320)
05-08 08:21:05.716  1349  1860 W ExifInterface: 	at java.nio.file.Files.walkFileTree(Files.java:2670)
05-08 08:21:05.716  1349  1860 W ExifInterface: 	at java.nio.file.Files.walkFileTree(Files.java:2742)
05-08 08:21:05.716  1349  1860 W ExifInterface: 	at com.android.providers.media.scan.ModernMediaScanner$Scan.walkFileTree(ModernMediaScanner.java:439)
05-08 08:21:05.716  1349  1860 W ExifInterface: 	at com.android.providers.media.scan.ModernMediaScanner$Scan.runInternal(ModernMediaScanner.java:402)
05-08 08:21:05.716  1349  1860 W ExifInterface: 	at com.android.providers.media.scan.ModernMediaScanner$Scan.run(ModernMediaScanner.java:391)
05-08 08:21:05.716  1349  1860 W ExifInterface: 	at com.android.providers.media.scan.ModernMediaScanner.scanFile(ModernMediaScanner.java:263)
05-08 08:21:05.716  1349  1860 W ExifInterface: 	at com.android.providers.media.MediaProvider.scanFile(MediaProvider.java:1273)
05-08 08:21:05.716  1349  1860 W ExifInterface: 	at com.android.providers.media.MediaProvider.scanFile(MediaProvider.java:1269)
05-08 08:21:05.716  1349  1860 W ExifInterface: 	at com.android.providers.media.MediaService.onScanFile(MediaService.java:215)
05-08 08:21:05.716  1349  1860 W ExifInterface: 	at com.android.providers.media.MediaService.onHandleWork(MediaService.java:85)
05-08 08:21:05.716  1349  1860 W ExifInterface: 	at androidx.core.app.JobIntentService$CommandProcessor.doInBackground(JobIntentService.java:396)
05-08 08:21:05.716  1349  1860 W ExifInterface: 	at androidx.core.app.JobIntentService$CommandProcessor.doInBackground(JobIntentService.java:387)
05-08 08:21:05.716  1349  1860 W ExifInterface: 	at android.os.AsyncTask$3.call(AsyncTask.java:394)
05-08 08:21:05.716  1349  1860 W ExifInterface: 	at java.util.concurrent.FutureTask.run(FutureTask.java:266)
05-08 08:21:05.716  1349  1860 W ExifInterface: 	at java.util.concurrent.ThreadPoolExecutor.runWorker(ThreadPoolExecutor.java:1167)
05-08 08:21:05.716  1349  1860 W ExifInterface: 	at java.util.concurrent.ThreadPoolExecutor$Worker.run(ThreadPoolExecutor.java:641)
05-08 08:21:05.716  1349  1860 W ExifInterface: 	at java.lang.Thread.run(Thread.java:920)
05-08 08:21:05.734  1349  1860 I MediaProvider: End Intent { act=android.intent.action.MEDIA_SCANNER_SCAN_FILE dat=file:///sdcard/screen_2025-05-08_162105.png flg=0x1400010 cmp=com.google.android.providers.media.module/com.android.providers.media.MediaService }
05-08 08:21:05.863  1349  5273 I MediaProvider: Deleted 0 1 0 0 0 0 0 items on external_primary due to com.android.shell
05-08 08:21:06.162  8845  8845 I AndroidRuntime: Using default boot image
05-08 08:21:06.162  8845  8845 I AndroidRuntime: Leaving lock profiling enabled
05-08 08:21:06.162  8845  8845 W libc    : Access denied finding property "odsign.verification.success"
05-08 08:21:06.164  8845  8845 W app_process: ART APEX data files are untrusted.
05-08 08:21:06.156  8845  8845 W app_process: type=1400 audit(0.0:48): avc: denied { read } for name="u:object_r:odsign_prop:s0" dev="tmpfs" ino=203 scontext=u:r:shell:s0 tcontext=u:object_r:odsign_prop:s0 tclass=file permissive=0
05-08 08:21:06.227  8845  8845 W app_process: Unexpected CPU variant for X86 using defaults: x86_64
05-08 08:21:06.229  8845  8845 W app_process: ClassLoaderContext classpath size mismatch. expected=0, found=1 (PCL[] | PCL[/system/framework/android.test.runner.jar*1585996318])
05-08 08:21:06.376  1172  1986 I NearbyMediums: No BLE Fast/GATT advertisements found in the latest cycle.
05-08 08:21:07.260  8845  8845 W AccessibilityNodeInfoDumper: Fetch time: 2ms
05-08 08:21:08.400  1349  7526 W MediaProvider: isAppCloneUserPair for user 0: false
05-08 08:21:08.426   176   176 I hwservicemanager: getTransport: Cannot find entry android.hardware.graphics.mapper@4.0::IMapper/default in either framework or device VINTF manifest.
05-08 08:21:08.427  8885  8887 I Gralloc4: mapper 4.x is not supported
05-08 08:21:09.319  1349  1860 I MediaProvider: Begin Intent { act=android.intent.action.MEDIA_SCANNER_SCAN_FILE dat=file:///sdcard/screen_2025-05-08_162108.png flg=0x1400010 cmp=com.google.android.providers.media.module/com.android.providers.media.MediaService }
05-08 08:21:09.323  1349  1860 W ExifInterface: Invalid image: ExifInterface got an unsupported image format file(ExifInterface supports JPEG and some RAW image formats only) or a corrupted JPEG file to ExifInterface.
05-08 08:21:09.323  1349  1860 W ExifInterface: java.io.IOException: Encountered corrupt PNG file.
05-08 08:21:09.323  1349  1860 W ExifInterface: 	at android.media.ExifInterface.getPngAttributes(ExifInterface.java:3432)
05-08 08:21:09.323  1349  1860 W ExifInterface: 	at android.media.ExifInterface.loadAttributes(ExifInterface.java:2009)
05-08 08:21:09.323  1349  1860 W ExifInterface: 	at android.media.ExifInterface.<init>(ExifInterface.java:1641)
05-08 08:21:09.323  1349  1860 W ExifInterface: 	at android.media.ExifInterface.<init>(ExifInterface.java:1592)
05-08 08:21:09.323  1349  1860 W ExifInterface: 	at com.android.providers.media.scan.ModernMediaScanner.scanItemImage(ModernMediaScanner.java:1367)
05-08 08:21:09.323  1349  1860 W ExifInterface: 	at com.android.providers.media.scan.ModernMediaScanner.scanItem(ModernMediaScanner.java:1003)
05-08 08:21:09.323  1349  1860 W ExifInterface: 	at com.android.providers.media.scan.ModernMediaScanner.access$1200(ModernMediaScanner.java:146)
05-08 08:21:09.323  1349  1860 W ExifInterface: 	at com.android.providers.media.scan.ModernMediaScanner$Scan.visitFile(ModernMediaScanner.java:801)
05-08 08:21:09.323  1349  1860 W ExifInterface: 	at com.android.providers.media.scan.ModernMediaScanner$Scan.visitFile(ModernMediaScanner.java:320)
05-08 08:21:09.323  1349  1860 W ExifInterface: 	at java.nio.file.Files.walkFileTree(Files.java:2670)
05-08 08:21:09.323  1349  1860 W ExifInterface: 	at java.nio.file.Files.walkFileTree(Files.java:2742)
05-08 08:21:09.323  1349  1860 W ExifInterface: 	at com.android.providers.media.scan.ModernMediaScanner$Scan.walkFileTree(ModernMediaScanner.java:439)
05-08 08:21:09.323  1349  1860 W ExifInterface: 	at com.android.providers.media.scan.ModernMediaScanner$Scan.runInternal(ModernMediaScanner.java:402)
05-08 08:21:09.323  1349  1860 W ExifInterface: 	at com.android.providers.media.scan.ModernMediaScanner$Scan.run(ModernMediaScanner.java:391)
05-08 08:21:09.323  1349  1860 W ExifInterface: 	at com.android.providers.media.scan.ModernMediaScanner.scanFile(ModernMediaScanner.java:263)
05-08 08:21:09.323  1349  1860 W ExifInterface: 	at com.android.providers.media.MediaProvider.scanFile(MediaProvider.java:1273)
05-08 08:21:09.323  1349  1860 W ExifInterface: 	at com.android.providers.media.MediaProvider.scanFile(MediaProvider.java:1269)
05-08 08:21:09.323  1349  1860 W ExifInterface: 	at com.android.providers.media.MediaService.onScanFile(MediaService.java:215)
05-08 08:21:09.323  1349  1860 W ExifInterface: 	at com.android.providers.media.MediaService.onHandleWork(MediaService.java:85)
05-08 08:21:09.323  1349  1860 W ExifInterface: 	at androidx.core.app.JobIntentService$CommandProcessor.doInBackground(JobIntentService.java:396)
05-08 08:21:09.323  1349  1860 W ExifInterface: 	at androidx.core.app.JobIntentService$CommandProcessor.doInBackground(JobIntentService.java:387)
05-08 08:21:09.323  1349  1860 W ExifInterface: 	at android.os.AsyncTask$3.call(AsyncTask.java:394)
05-08 08:21:09.323  1349  1860 W ExifInterface: 	at java.util.concurrent.FutureTask.run(FutureTask.java:266)
05-08 08:21:09.323  1349  1860 W ExifInterface: 	at java.util.concurrent.ThreadPoolExecutor.runWorker(ThreadPoolExecutor.java:1167)
05-08 08:21:09.323  1349  1860 W ExifInterface: 	at java.util.concurrent.ThreadPoolExecutor$Worker.run(ThreadPoolExecutor.java:641)
05-08 08:21:09.323  1349  1860 W ExifInterface: 	at java.lang.Thread.run(Thread.java:920)
05-08 08:21:09.337  1349  1860 I MediaProvider: End Intent { act=android.intent.action.MEDIA_SCANNER_SCAN_FILE dat=file:///sdcard/screen_2025-05-08_162108.png flg=0x1400010 cmp=com.google.android.providers.media.module/com.android.providers.media.MediaService }
05-08 08:21:09.423  1349  1504 I MediaProvider: Deleted 0 1 0 0 0 0 0 items on external_primary due to com.android.shell
05-08 08:21:09.423  1172  2228 I UriTaskContentObserver: (REDACTED) Throttling content uri change event for %s
05-08 08:21:10.448  5664  5686 I TRuntime.CctTransportBackend: Making request to: https://firebaselogging-pa.googleapis.com/v1/firelog/legacy/batchlog
05-08 08:21:10.800  6443  6623 W YouTube : Empty persistent device token received from InnerTube.
05-08 08:21:11.875  1349  5273 W MediaProvider: isAppCloneUserPair for user 0: false
05-08 08:21:11.920   176   176 I hwservicemanager: getTransport: Cannot find entry android.hardware.graphics.mapper@4.0::IMapper/default in either framework or device VINTF manifest.
05-08 08:21:11.920  8980  8982 I Gralloc4: mapper 4.x is not supported
05-08 08:21:11.966   538  3808 W UriGrantsManagerService: No permission grants found for com.google.android.apps.photos
05-08 08:21:11.967   538  3808 W UriGrantsManagerService: No permission grants found for com.google.android.apps.photos
05-08 08:21:12.020   538  3808 W UriGrantsManagerService: No permission grants found for com.google.android.apps.photos
05-08 08:21:12.042   538  3808 W UriGrantsManagerService: No permission grants found for com.google.android.apps.photos
05-08 08:21:12.074  7436  8986 I XmpUtil : XMP parse: only JPEG file is supported
05-08 08:21:12.089  7436  8987 I XmpUtil : XMP parse: only JPEG file is supported
05-08 08:21:12.096  1349  7566 I MediaProvider: Open with lower FS for /storage/emulated/0/screen_2025-04-22_150349.png. Uid: 10126
05-08 08:21:12.112  1349  7568 I MediaProvider: Open with lower FS for /storage/emulated/0/screen_2025-04-22_154513.png. Uid: 10126
05-08 08:21:12.119  7436  8988 I XmpUtil : XMP parse: only JPEG file is supported
05-08 08:21:12.122  7436  8986 I XmpUtil : XMP parse: only JPEG file is supported
05-08 08:21:12.134  1349  7568 I MediaProvider: Open with lower FS for /storage/emulated/0/screen_2025-04-22_154514.png. Uid: 10126
05-08 08:21:12.138  1349  7566 I MediaProvider: Open with lower FS for /storage/emulated/0/screen_2025-04-22_154519.png. Uid: 10126
05-08 08:21:12.143  7436  8987 I XmpUtil : XMP parse: only JPEG file is supported
05-08 08:21:12.144  7436  8988 I XmpUtil : XMP parse: only JPEG file is supported
05-08 08:21:12.156  1349  7566 I MediaProvider: Open with lower FS for /storage/emulated/0/screen_2025-04-22_154520.png. Uid: 10126
05-08 08:21:12.161  7436  8986 I XmpUtil : XMP parse: only JPEG file is supported
05-08 08:21:12.161  1349  7568 I MediaProvider: Open with lower FS for /storage/emulated/0/screen_2025-04-22_154525.png. Uid: 10126
05-08 08:21:12.169  1349  7568 I MediaProvider: Open with lower FS for /storage/emulated/0/screen_2025-04-22_154526.png. Uid: 10126
05-08 08:21:12.173  7436  8987 I XmpUtil : XMP parse: only JPEG file is supported
05-08 08:21:12.176  7436  8988 I XmpUtil : XMP parse: only JPEG file is supported
05-08 08:21:12.186  1349  7566 I MediaProvider: Open with lower FS for /storage/emulated/0/screen_2025-04-22_154537.png. Uid: 10126
05-08 08:21:12.189  1349  7568 I MediaProvider: Open with lower FS for /storage/emulated/0/screen_2025-04-22_154531.png. Uid: 10126
05-08 08:21:12.192  7436  8986 I XmpUtil : XMP parse: only JPEG file is supported
05-08 08:21:12.195  7436  8988 I XmpUtil : XMP parse: only JPEG file is supported
05-08 08:21:12.206  1349  7568 I MediaProvider: Open with lower FS for /storage/emulated/0/screen_2025-04-22_154542.png. Uid: 10126
05-08 08:21:12.209  7436  8987 I XmpUtil : XMP parse: only JPEG file is supported
05-08 08:21:12.209  1349  7568 I MediaProvider: Open with lower FS for /storage/emulated/0/screen_2025-04-22_154543.png. Uid: 10126
05-08 08:21:12.213  7436  8986 I XmpUtil : XMP parse: only JPEG file is supported
05-08 08:21:12.224  1349  7568 I MediaProvider: Open with lower FS for /storage/emulated/0/screen_2025-04-22_154548.png. Uid: 10126
05-08 08:21:12.225  1349  7566 I MediaProvider: Open with lower FS for /storage/emulated/0/screen_2025-04-22_154549.png. Uid: 10126
05-08 08:21:12.227  7436  8988 I XmpUtil : XMP parse: only JPEG file is supported
05-08 08:21:12.230  7436  8987 I XmpUtil : XMP parse: only JPEG file is supported
05-08 08:21:12.234  1349  7566 I MediaProvider: Open with lower FS for /storage/emulated/0/screen_2025-04-22_154554.png. Uid: 10126
05-08 08:21:12.236  1349  7568 I MediaProvider: Open with lower FS for /storage/emulated/0/screen_2025-04-22_154600.png. Uid: 10126
05-08 08:21:12.249  7436  8986 I XmpUtil : XMP parse: only JPEG file is supported
05-08 08:21:12.262  7436  8989 I XmpUtil : XMP parse: only JPEG file is supported
05-08 08:21:12.268  1349  7566 I MediaProvider: Open with lower FS for /storage/emulated/0/screen_2025-04-22_154606.png. Uid: 10126
05-08 08:21:12.277  7436  8988 I XmpUtil : XMP parse: only JPEG file is supported
05-08 08:21:12.281  1349  7566 I MediaProvider: Open with lower FS for /storage/emulated/0/screen_2025-04-22_154611.png. Uid: 10126
05-08 08:21:12.283  1349  7568 I MediaProvider: Open with lower FS for /storage/emulated/0/screen_2025-04-22_154612.png. Uid: 10126
05-08 08:21:12.292  7436  8988 I XmpUtil : XMP parse: only JPEG file is supported
05-08 08:21:12.293  7436  8986 I XmpUtil : XMP parse: only JPEG file is supported
05-08 08:21:12.306  1349  7568 I MediaProvider: Open with lower FS for /storage/emulated/0/screen_2025-04-22_154623.png. Uid: 10126
05-08 08:21:12.310  1349  7566 I MediaProvider: Open with lower FS for /storage/emulated/0/screen_2025-04-22_154617.png. Uid: 10126
05-08 08:21:12.311  7436  8989 I XmpUtil : XMP parse: only JPEG file is supported
05-08 08:21:12.324  7436  8988 I XmpUtil : XMP parse: only JPEG file is supported
05-08 08:21:12.326  1349  7566 I MediaProvider: Open with lower FS for /storage/emulated/0/screen_2025-04-22_154629.png. Uid: 10126
05-08 08:21:12.339  7436  8986 I XmpUtil : XMP parse: only JPEG file is supported
05-08 08:21:12.340  1349  7566 I MediaProvider: Open with lower FS for /storage/emulated/0/screen_2025-04-22_154634.png. Uid: 10126
05-08 08:21:12.348  1349  7566 I MediaProvider: Open with lower FS for /storage/emulated/0/screen_2025-04-22_154635.png. Uid: 10126
05-08 08:21:12.348  7436  8989 I XmpUtil : XMP parse: only JPEG file is supported
05-08 08:21:12.354  7436  8988 I XmpUtil : XMP parse: only JPEG file is supported
05-08 08:21:12.357  1349  7566 I MediaProvider: Open with lower FS for /storage/emulated/0/screen_2025-04-22_154640.png. Uid: 10126
05-08 08:21:12.364  1349  7566 I MediaProvider: Open with lower FS for /storage/emulated/0/screen_2025-04-22_154646.png. Uid: 10126
05-08 08:21:12.369   538  2557 W UriGrantsManagerService: No permission grants found for com.google.android.apps.photos
05-08 08:21:12.373   538  3808 W UriGrantsManagerService: No permission grants found for com.google.android.apps.photos
05-08 08:21:12.406  7436  7501 I XmpUtil : XMP parse: only JPEG file is supported
05-08 08:21:12.416  1349  7566 I MediaProvider: Open with lower FS for /storage/emulated/0/screen_2025-04-22_154646.png. Uid: 10126
05-08 08:21:12.438  7436  7501 I XmpUtil : XMP parse: only JPEG file is supported
05-08 08:21:12.446  1349  7566 I MediaProvider: Open with lower FS for /storage/emulated/0/screen_2025-04-22_154640.png. Uid: 10126
05-08 08:21:12.456  7436  7501 I XmpUtil : XMP parse: only JPEG file is supported
05-08 08:21:12.465  1349  7566 I MediaProvider: Open with lower FS for /storage/emulated/0/screen_2025-04-22_154635.png. Uid: 10126
05-08 08:21:12.474  7436  7501 I XmpUtil : XMP parse: only JPEG file is supported
05-08 08:21:12.482  1349  7566 I MediaProvider: Open with lower FS for /storage/emulated/0/screen_2025-04-22_154634.png. Uid: 10126
05-08 08:21:12.493  7436  7501 I XmpUtil : XMP parse: only JPEG file is supported
05-08 08:21:12.500  1349  7566 I MediaProvider: Open with lower FS for /storage/emulated/0/screen_2025-04-22_154629.png. Uid: 10126
05-08 08:21:12.510  7436  7501 I XmpUtil : XMP parse: only JPEG file is supported
05-08 08:21:12.517  1349  7566 I MediaProvider: Open with lower FS for /storage/emulated/0/screen_2025-04-22_154623.png. Uid: 10126
05-08 08:21:12.528  7436  7501 I XmpUtil : XMP parse: only JPEG file is supported
05-08 08:21:12.538  1349  7566 I MediaProvider: Open with lower FS for /storage/emulated/0/screen_2025-04-22_154617.png. Uid: 10126
05-08 08:21:12.555  7436  7501 I XmpUtil : XMP parse: only JPEG file is supported
05-08 08:21:12.562  1349  7566 I MediaProvider: Open with lower FS for /storage/emulated/0/screen_2025-04-22_154612.png. Uid: 10126
05-08 08:21:12.573  7436  7501 I XmpUtil : XMP parse: only JPEG file is supported
05-08 08:21:12.590  1349  7566 I MediaProvider: Open with lower FS for /storage/emulated/0/screen_2025-04-22_154611.png. Uid: 10126
05-08 08:21:12.602  7436  7501 I XmpUtil : XMP parse: only JPEG file is supported
05-08 08:21:12.611  1349  7566 I MediaProvider: Open with lower FS for /storage/emulated/0/screen_2025-04-22_154606.png. Uid: 10126
05-08 08:21:12.623  7436  7501 I XmpUtil : XMP parse: only JPEG file is supported
05-08 08:21:12.633  1349  7566 I MediaProvider: Open with lower FS for /storage/emulated/0/screen_2025-04-22_154600.png. Uid: 10126
05-08 08:21:12.644  7436  7501 I XmpUtil : XMP parse: only JPEG file is supported
05-08 08:21:12.657  1349  7566 I MediaProvider: Open with lower FS for /storage/emulated/0/screen_2025-04-22_154554.png. Uid: 10126
05-08 08:21:12.677  7436  7501 I XmpUtil : XMP parse: only JPEG file is supported
05-08 08:21:12.692  1349  7566 I MediaProvider: Open with lower FS for /storage/emulated/0/screen_2025-04-22_154549.png. Uid: 10126
05-08 08:21:12.710  7436  7501 I XmpUtil : XMP parse: only JPEG file is supported
05-08 08:21:12.724  1349  7566 I MediaProvider: Open with lower FS for /storage/emulated/0/screen_2025-04-22_154548.png. Uid: 10126
05-08 08:21:12.741  7436  7501 I XmpUtil : XMP parse: only JPEG file is supported
05-08 08:21:12.750  1349  7566 I MediaProvider: Open with lower FS for /storage/emulated/0/screen_2025-04-22_154543.png. Uid: 10126
05-08 08:21:12.766  7436  7501 I XmpUtil : XMP parse: only JPEG file is supported
05-08 08:21:12.777  1349  7566 I MediaProvider: Open with lower FS for /storage/emulated/0/screen_2025-04-22_154542.png. Uid: 10126
05-08 08:21:12.790  7436  7501 I XmpUtil : XMP parse: only JPEG file is supported
05-08 08:21:12.798  1349  7566 I MediaProvider: Open with lower FS for /storage/emulated/0/screen_2025-04-22_154537.png. Uid: 10126
05-08 08:21:12.800  1349  1860 I MediaProvider: Begin Intent { act=android.intent.action.MEDIA_SCANNER_SCAN_FILE dat=file:///sdcard/screen_2025-05-08_162112.png flg=0x1400010 cmp=com.google.android.providers.media.module/com.android.providers.media.MediaService }
05-08 08:21:12.819  7436  7501 I XmpUtil : XMP parse: only JPEG file is supported
05-08 08:21:12.831  1349  7566 I MediaProvider: Open with lower FS for /storage/emulated/0/screen_2025-04-22_154531.png. Uid: 10126
05-08 08:21:12.836  1349  1860 I MediaProvider: End Intent { act=android.intent.action.MEDIA_SCANNER_SCAN_FILE dat=file:///sdcard/screen_2025-05-08_162112.png flg=0x1400010 cmp=com.google.android.providers.media.module/com.android.providers.media.MediaService }
05-08 08:21:12.854  7436  7501 I XmpUtil : XMP parse: only JPEG file is supported
05-08 08:21:12.880  1349  7568 I MediaProvider: Open with lower FS for /storage/emulated/0/screen_2025-04-22_154526.png. Uid: 10126
05-08 08:21:12.891  7436  7501 I XmpUtil : XMP parse: only JPEG file is supported
05-08 08:21:12.902  1349  7568 I MediaProvider: Open with lower FS for /storage/emulated/0/screen_2025-04-22_154525.png. Uid: 10126
05-08 08:21:12.914  7436  7501 I XmpUtil : XMP parse: only JPEG file is supported
05-08 08:21:12.915  1349  7526 I MediaProvider: Deleted 0 1 0 0 0 0 0 items on external_primary due to com.android.shell
05-08 08:21:12.917  1172  2228 I UriTaskContentObserver: (REDACTED) Throttling content uri change event for %s
05-08 08:21:12.928  1349  7568 I MediaProvider: Open with lower FS for /storage/emulated/0/screen_2025-04-22_154520.png. Uid: 10126
05-08 08:21:12.939  7436  7501 I XmpUtil : XMP parse: only JPEG file is supported
05-08 08:21:12.947  1349  7568 I MediaProvider: Open with lower FS for /storage/emulated/0/screen_2025-04-22_154519.png. Uid: 10126
05-08 08:21:12.958  7436  7501 I XmpUtil : XMP parse: only JPEG file is supported
05-08 08:21:12.967  1349  7568 I MediaProvider: Open with lower FS for /storage/emulated/0/screen_2025-04-22_154514.png. Uid: 10126
05-08 08:21:12.979  7436  7501 I XmpUtil : XMP parse: only JPEG file is supported
05-08 08:21:12.992  1349  7568 I MediaProvider: Open with lower FS for /storage/emulated/0/screen_2025-04-22_154513.png. Uid: 10126
05-08 08:21:13.008  7436  7501 I XmpUtil : XMP parse: only JPEG file is supported
05-08 08:21:13.017  1349  7568 I MediaProvider: Open with lower FS for /storage/emulated/0/screen_2025-04-22_150349.png. Uid: 10126
05-08 08:21:13.044   538   704 W UriGrantsManagerService: No permission grants found for com.google.android.apps.photos
05-08 08:21:13.044   538   704 W UriGrantsManagerService: No permission grants found for com.google.android.apps.photos
05-08 08:21:13.076  7436  7501 I XmpUtil : XMP parse: only JPEG file is supported
05-08 08:21:13.087  1349  7568 I MediaProvider: Open with lower FS for /storage/emulated/0/screen_2025-04-22_154646.png. Uid: 10126
05-08 08:21:13.099  7436  7501 I XmpUtil : XMP parse: only JPEG file is supported
05-08 08:21:13.113  1349  7568 I MediaProvider: Open with lower FS for /storage/emulated/0/screen_2025-04-22_154640.png. Uid: 10126
05-08 08:21:13.124  7436  7501 I XmpUtil : XMP parse: only JPEG file is supported
05-08 08:21:13.134  1349  7568 I MediaProvider: Open with lower FS for /storage/emulated/0/screen_2025-04-22_154635.png. Uid: 10126
05-08 08:21:13.145  7436  7501 I XmpUtil : XMP parse: only JPEG file is supported
05-08 08:21:13.156  1349  7568 I MediaProvider: Open with lower FS for /storage/emulated/0/screen_2025-04-22_154634.png. Uid: 10126
05-08 08:21:13.170  7436  7501 I XmpUtil : XMP parse: only JPEG file is supported
05-08 08:21:13.182  1349  1857 I MediaProvider: Open with lower FS for /storage/emulated/0/screen_2025-04-22_154629.png. Uid: 10126
05-08 08:21:13.207  7436  7501 I XmpUtil : XMP parse: only JPEG file is supported
05-08 08:21:13.222  1349  1857 I MediaProvider: Open with lower FS for /storage/emulated/0/screen_2025-04-22_154623.png. Uid: 10126
05-08 08:21:13.235  7436  7501 I XmpUtil : XMP parse: only JPEG file is supported
05-08 08:21:13.242  1349  1857 I MediaProvider: Open with lower FS for /storage/emulated/0/screen_2025-04-22_154617.png. Uid: 10126
05-08 08:21:13.256  7436  7501 I XmpUtil : XMP parse: only JPEG file is supported
05-08 08:21:13.264  1349  1857 I MediaProvider: Open with lower FS for /storage/emulated/0/screen_2025-04-22_154612.png. Uid: 10126
05-08 08:21:13.283  7436  7501 I XmpUtil : XMP parse: only JPEG file is supported
05-08 08:21:13.286  5664  5686 I TRuntime.CctTransportBackend: Status Code: 200
05-08 08:21:13.292  1349  1857 I MediaProvider: Open with lower FS for /storage/emulated/0/screen_2025-04-22_154611.png. Uid: 10126
05-08 08:21:13.305  7436  7501 I XmpUtil : XMP parse: only JPEG file is supported
05-08 08:21:13.316  1349  1857 I MediaProvider: Open with lower FS for /storage/emulated/0/screen_2025-04-22_154606.png. Uid: 10126
05-08 08:21:13.327  7436  7501 I XmpUtil : XMP parse: only JPEG file is supported
05-08 08:21:13.335  1349  1857 I MediaProvider: Open with lower FS for /storage/emulated/0/screen_2025-04-22_154600.png. Uid: 10126
05-08 08:21:13.346  7436  7501 I XmpUtil : XMP parse: only JPEG file is supported
05-08 08:21:13.355  1349  1857 I MediaProvider: Open with lower FS for /storage/emulated/0/screen_2025-04-22_154554.png. Uid: 10126
05-08 08:21:13.364  7436  7501 I XmpUtil : XMP parse: only JPEG file is supported
05-08 08:21:13.380  1349  1857 I MediaProvider: Open with lower FS for /storage/emulated/0/screen_2025-04-22_154549.png. Uid: 10126
05-08 08:21:13.394  7436  7501 I XmpUtil : XMP parse: only JPEG file is supported
05-08 08:21:13.403  1349  1857 I MediaProvider: Open with lower FS for /storage/emulated/0/screen_2025-04-22_154548.png. Uid: 10126
05-08 08:21:13.418  7436  7501 I XmpUtil : XMP parse: only JPEG file is supported
05-08 08:21:13.428  1349  7566 I MediaProvider: Open with lower FS for /storage/emulated/0/screen_2025-04-22_154543.png. Uid: 10126
05-08 08:21:13.442  7436  7501 I XmpUtil : XMP parse: only JPEG file is supported
05-08 08:21:1