05-08 08:19:49.569   176   176 I hwservicemanager: getTransport: Cannot find entry android.hardware.graphics.mapper@4.0::IMapper/default in either framework or device VINTF manifest.
05-08 08:19:49.569  5810  5840 I Gralloc4: mapper 4.x is not supported
05-08 08:19:49.575  1734  5053 W Role    : Cannot get ApplicationInfo for default holder: com.google.android.as
05-08 08:19:49.591  1734  5053 W Role    : Cannot get ApplicationInfo for default holder: com.google.android.as
05-08 08:19:49.771  1412  1427 I gle.android.gm: Compiler allocated 4454KB to compile void chtt.am(com.google.android.gms.measurement.internal.EventParcel, com.google.android.gms.measurement.internal.AppMetadata)
05-08 08:19:49.816  1349  1860 I MediaProvider: Begin Intent { act=android.intent.action.MEDIA_SCANNER_SCAN_FILE dat=file:///sdcard/screen_2025-05-08_161949.png flg=0x1400010 cmp=com.google.android.providers.media.module/com.android.providers.media.MediaService }
05-08 08:19:49.825  1349  1860 I MediaProvider: End Intent { act=android.intent.action.MEDIA_SCANNER_SCAN_FILE dat=file:///sdcard/screen_2025-05-08_161949.png flg=0x1400010 cmp=com.google.android.providers.media.module/com.android.providers.media.MediaService }
05-08 08:19:49.837  2885  5834 I Finsky  : [142] ahtk.accept(108): SCH: Job 12-1 starting
05-08 08:19:49.840  2885  2885 I Finsky  : [2] ContentSyncJob.i(9): [ContentSync] job started
05-08 08:19:49.870  5664  5757 E ActivityThread: Failed to find provider info for com.facebook.katana.provider.AttributionIdProvider
05-08 08:19:49.878  5664  5757 E ActivityThread: Failed to find provider info for com.singular.preinstall
05-08 08:19:49.901  1349  1504 I MediaProvider: Deleted 0 1 0 0 0 0 0 items on external_primary due to com.android.shell
05-08 08:19:49.902  1172  2228 I UriTaskContentObserver: (REDACTED) Throttling content uri change event for %s
05-08 08:19:49.997  2885  5849 W Finsky  : [143] aclz.d(28): SLM: no metadata property com.android.vending.derived.apk.id found for shared library com.google.android.trichromelibrary_447211487:
05-08 08:19:49.997  2885  5849 W Finsky  : [143] aclz.d(28): SLM: no metadata property com.android.vending.sdk.version.patch found for shared library com.google.android.trichromelibrary_447211487:
05-08 08:19:50.002  2885  5849 W Finsky  : [143] aclz.d(28): SLM: no metadata property com.android.vending.derived.apk.id found for shared library com.google.android.trichromelibrary_710306038:
05-08 08:19:50.002  2885  5849 W Finsky  : [143] aclz.d(28): SLM: no metadata property com.android.vending.sdk.version.patch found for shared library com.google.android.trichromelibrary_710306038:
05-08 08:19:50.062  5664  5674 W System  : A resource failed to call close. 
05-08 08:19:50.067  5664  5674 W System  : A resource failed to call close. 
05-08 08:19:50.068  5664  5674 W System  : A resource failed to call end. 
05-08 08:19:50.087  2885  2899 I Finsky  : [45] ashj.K(185): Package com.google.android.gms is verified.
05-08 08:19:50.101  1412  2249 W FA-SVC  : Service response is missing Install Referrer install timestamp
05-08 08:19:50.120  5664  5687 W System  : Ignoring header If-None-Match because its value was null.
05-08 08:19:50.274  5664  5671 I com.Dominos: JIT allocated 73KB for compiled code of com.Dominos.analytics.GeneralEvents com.Dominos.analytics.GeneralEvents.Hk(java.lang.String)
05-08 08:19:50.296  5664  5674 W System  : A resource failed to call close. 
05-08 08:19:50.296  5664  5674 W System  : A resource failed to call close. 
05-08 08:19:50.325  2885  5849 W Finsky  : [143] acly.t(1116): Package com.android.apex.cts.shim not installed
05-08 08:19:50.327  2885  5849 W Finsky  : [143] acly.t(1116): Package com.google.android.appsearch not installed
05-08 08:19:50.329  2885  5849 W Finsky  : [143] acly.t(1116): Package com.android.i18n not installed
05-08 08:19:50.342  2885  5849 W Finsky  : [143] acly.t(1116): Package com.google.android.runtime not installed
05-08 08:19:50.345  2885  5849 W Finsky  : [143] acly.t(1116): Package com.google.android.telephony not installed
05-08 08:19:50.346  2885  5849 W Finsky  : [143] acly.t(1116): Package com.google.android.vndk.v31 not installed
05-08 08:19:50.373  5664  5753 W GoogleTagManager: Event does not have parameter "eventAction" and no default value was defined. Returning "undefined".
05-08 08:19:50.393  5664  5753 W GoogleTagManager: Event does not have parameter "eventAction" and no default value was defined. Returning "undefined".
05-08 08:19:50.405  5664  5753 W GoogleTagManager: Event does not have parameter "eventAction" and no default value was defined. Returning "undefined".
05-08 08:19:50.408  5664  5753 W GoogleTagManager: Event does not have parameter "eventLabel" and no default value was defined. Returning "undefined".
05-08 08:19:50.408  5664  5882 I AdvertisingIdClient: shouldSendLog -1
05-08 08:19:50.410  5664  5882 I AdvertisingIdClient: GetInfoInternal elapse 17ms
05-08 08:19:50.410  5664  5882 I GoogleTagManager: Obtained fresh AdvertisingId info from GmsCore.
05-08 08:19:50.434  5664  5753 W GoogleTagManager: Event does not have parameter "eventAction" and no default value was defined. Returning "undefined".
05-08 08:19:50.437  5664  5753 W GoogleTagManager: Event does not have parameter "eventAction" and no default value was defined. Returning "undefined".
05-08 08:19:50.452  5664  5753 W GoogleTagManager: Event does not have parameter "eventAction" and no default value was defined. Returning "undefined".
05-08 08:19:50.453  5664  5664 I AdvertisingIdClient: getting error as 17: API: ClientTelemetry.API is not available on this device. Connection failed with: wf{statusCode=API_DISABLED_FOR_CONNECTION, resolution=null, message=null}
05-08 08:19:50.466  5664  5753 W GoogleTagManager: Event does not have parameter "eventAction" and no default value was defined. Returning "undefined".
05-08 08:19:50.467  5664  5753 W GoogleTagManager: Event does not have parameter "eventLabel" and no default value was defined. Returning "undefined".
05-08 08:19:50.482  5664  5753 W GoogleTagManager: Event does not have parameter "eventAction" and no default value was defined. Returning "undefined".
05-08 08:19:50.490  5664  5753 W GoogleTagManager: Event does not have parameter "eventLabel" and no default value was defined. Returning "undefined".
05-08 08:19:50.499  5664  5733 E FA      : Name must consist of letters, digits or _ (underscores). Type, name: event param, Time Stamp
05-08 08:19:50.504  5664  5753 W GoogleTagManager: Event does not have parameter "eventAction" and no default value was defined. Returning "undefined".
05-08 08:19:50.508  5664  5753 W GoogleTagManager: Event does not have parameter "eventAction" and no default value was defined. Returning "undefined".
05-08 08:19:50.512  5664  5753 W GoogleTagManager: Event does not have parameter "eventAction" and no default value was defined. Returning "undefined".
05-08 08:19:50.513  5664  5753 W GoogleTagManager: Event does not have parameter "eventLabel" and no default value was defined. Returning "undefined".
05-08 08:19:50.523  5664  5753 W GoogleTagManager: Event does not have parameter "eventAction" and no default value was defined. Returning "undefined".
05-08 08:19:50.535  5664  5753 W GoogleTagManager: Event does not have parameter "eventLabel" and no default value was defined. Returning "undefined".
05-08 08:19:50.559  5664  5753 W GoogleTagManager: Event does not have parameter "eventAction" and no default value was defined. Returning "undefined".
05-08 08:19:50.567  5664  5753 W GoogleTagManager: Event does not have parameter "eventAction" and no default value was defined. Returning "undefined".
05-08 08:19:50.570  5664  5753 W GoogleTagManager: Event does not have parameter "eventAction" and no default value was defined. Returning "undefined".
05-08 08:19:50.571  5664  5753 W GoogleTagManager: Event does not have parameter "eventLabel" and no default value was defined. Returning "undefined".
05-08 08:19:50.579  5664  5674 W System  : A resource failed to call close. 
05-08 08:19:50.581  5664  5753 W GoogleTagManager: Event does not have parameter "eventAction" and no default value was defined. Returning "undefined".
05-08 08:19:50.582  5664  5753 W GoogleTagManager: Event does not have parameter "cd4" and no default value was defined. Returning "undefined".
05-08 08:19:50.583  5664  5753 W GoogleTagManager: Event does not have parameter "cd5" and no default value was defined. Returning "undefined".
05-08 08:19:50.583  5664  5753 W GoogleTagManager: Event does not have parameter "cd6" and no default value was defined. Returning "undefined".
05-08 08:19:50.583  5664  5753 W GoogleTagManager: Event does not have parameter "cd7" and no default value was defined. Returning "undefined".
05-08 08:19:50.583  5664  5753 W GoogleTagManager: Event does not have parameter "cd8" and no default value was defined. Returning "undefined".
05-08 08:19:50.583  5664  5753 W GoogleTagManager: Event does not have parameter "cd9" and no default value was defined. Returning "undefined".
05-08 08:19:50.583  5664  5753 W GoogleTagManager: Event does not have parameter "cd11" and no default value was defined. Returning "undefined".
05-08 08:19:50.584  5664  5753 W GoogleTagManager: Event does not have parameter "cd11" and no default value was defined. Returning "undefined".
05-08 08:19:50.584  5664  5753 W GoogleTagManager: Event does not have parameter "cd13" and no default value was defined. Returning "undefined".
05-08 08:19:50.584  5664  5753 W GoogleTagManager: Event does not have parameter "cd17" and no default value was defined. Returning "undefined".
05-08 08:19:50.584  5664  5753 W GoogleTagManager: Event does not have parameter "cd18" and no default value was defined. Returning "undefined".
05-08 08:19:50.584  5664  5753 W GoogleTagManager: Event does not have parameter "cd20" and no default value was defined. Returning "undefined".
05-08 08:19:50.584  5664  5753 W GoogleTagManager: Event does not have parameter "cd21" and no default value was defined. Returning "undefined".
05-08 08:19:50.584  5664  5753 W GoogleTagManager: Event does not have parameter "cd22" and no default value was defined. Returning "undefined".
05-08 08:19:50.584  5664  5753 W GoogleTagManager: Event does not have parameter "cd23" and no default value was defined. Returning "undefined".
05-08 08:19:50.584  5664  5753 W GoogleTagManager: Event does not have parameter "cd24" and no default value was defined. Returning "undefined".
05-08 08:19:50.585  5664  5753 W GoogleTagManager: Event does not have parameter "cd25" and no default value was defined. Returning "undefined".
05-08 08:19:50.585  5664  5753 W GoogleTagManager: Event does not have parameter "cd26" and no default value was defined. Returning "undefined".
05-08 08:19:50.585  5664  5753 W GoogleTagManager: Event does not have parameter "cd28" and no default value was defined. Returning "undefined".
05-08 08:19:50.585  5664  5753 W GoogleTagManager: Event does not have parameter "cd29" and no default value was defined. Returning "undefined".
05-08 08:19:50.585  5664  5753 W GoogleTagManager: Event does not have parameter "cd30" and no default value was defined. Returning "undefined".
05-08 08:19:50.586  5664  5753 W GoogleTagManager: Event does not have parameter "cd31" and no default value was defined. Returning "undefined".
05-08 08:19:50.586  5664  5753 W GoogleTagManager: Event does not have parameter "cd32" and no default value was defined. Returning "undefined".
05-08 08:19:50.586  5664  5753 W GoogleTagManager: Event does not have parameter "cd33" and no default value was defined. Returning "undefined".
05-08 08:19:50.586  5664  5753 W GoogleTagManager: Event does not have parameter "cd34" and no default value was defined. Returning "undefined".
05-08 08:19:50.586  5664  5753 W GoogleTagManager: Event does not have parameter "cd35" and no default value was defined. Returning "undefined".
05-08 08:19:50.586  5664  5753 W GoogleTagManager: Event does not have parameter "cd36" and no default value was defined. Returning "undefined".
05-08 08:19:50.587  5664  5753 W GoogleTagManager: Event does not have parameter "cd37" and no default value was defined. Returning "undefined".
05-08 08:19:50.587  5664  5753 W GoogleTagManager: Event does not have parameter "cd38" and no default value was defined. Returning "undefined".
05-08 08:19:50.587  5664  5753 W GoogleTagManager: Event does not have parameter "cd39" and no default value was defined. Returning "undefined".
05-08 08:19:50.587  5664  5753 W GoogleTagManager: Event does not have parameter "cd40" and no default value was defined. Returning "undefined".
05-08 08:19:50.587  5664  5753 W GoogleTagManager: Event does not have parameter "cd41" and no default value was defined. Returning "undefined".
05-08 08:19:50.588  5664  5753 W GoogleTagManager: Event does not have parameter "cd42" and no default value was defined. Returning "undefined".
05-08 08:19:50.588  5664  5753 W GoogleTagManager: Event does not have parameter "cd43" and no default value was defined. Returning "undefined".
05-08 08:19:50.588  5664  5753 W GoogleTagManager: Event does not have parameter "cd44" and no default value was defined. Returning "undefined".
05-08 08:19:50.588  5664  5753 W GoogleTagManager: Event does not have parameter "cd45" and no default value was defined. Returning "undefined".
05-08 08:19:50.588  5664  5753 W GoogleTagManager: Event does not have parameter "cd46" and no default value was defined. Returning "undefined".
05-08 08:19:50.589  5664  5753 W GoogleTagManager: Event does not have parameter "cd47" and no default value was defined. Returning "undefined".
05-08 08:19:50.589  5664  5753 W GoogleTagManager: Event does not have parameter "cd49" and no default value was defined. Returning "undefined".
05-08 08:19:50.589  5664  5753 W GoogleTagManager: Event does not have parameter "cd50" and no default value was defined. Returning "undefined".
05-08 08:19:50.590  5664  5753 W GoogleTagManager: Event does not have parameter "cd51" and no default value was defined. Returning "undefined".
05-08 08:19:50.590  5664  5753 W GoogleTagManager: Event does not have parameter "cd52" and no default value was defined. Returning "undefined".
05-08 08:19:50.601  5664  5753 E GoogleTagManager: Internal error - Function call: __md_main
05-08 08:19:50.601  5664  5753 E GoogleTagManager: Apply TypeError: object has no indexOf property
05-08 08:19:50.601  5664  5753 E GoogleTagManager: Internal error - Function call: __md_main
05-08 08:19:50.601  5664  5753 E GoogleTagManager: Apply TypeError: object has no indexOf property
05-08 08:19:50.608  1349  1504 W MediaProvider: isAppCloneUserPair for user 0: false
05-08 08:19:50.623  5664  5753 W GoogleTagManager: UniversalAnalyticsTag has been decommissioned.
05-08 08:19:50.640   176   176 I hwservicemanager: getTransport: Cannot find entry android.hardware.graphics.mapper@4.0::IMapper/default in either framework or device VINTF manifest.
05-08 08:19:50.640  5897  5899 I Gralloc4: mapper 4.x is not supported
05-08 08:19:50.654  5664  5733 E FA      : Name must consist of letters, digits or _ (underscores). Type, name: event param, Time Stamp
05-08 08:19:50.688  5664  5724 I SQLiteConnectionPool: The connection pool for /data/user/0/com.Dominos/databases/MOEInteractions has been closed but there are still 1 connections in use.  They will be closed as they are released back to the pool.
05-08 08:19:50.693  5664  5803 E MoEngage: 7H8YBFR96GL05OOCI0ZP59G9 InApp_8.7.1_LocalRepositoryImpl selfHandledCampaigns() : 
05-08 08:19:50.693  5664  5803 E MoEngage: java.lang.IllegalStateException: Cannot perform this operation because the connection pool has been closed.
05-08 08:19:50.693  5664  5803 E MoEngage: 	at android.database.sqlite.SQLiteConnectionPool.throwIfClosedLocked(SQLiteConnectionPool.java:1071)
05-08 08:19:50.693  5664  5803 E MoEngage: 	at android.database.sqlite.SQLiteConnectionPool.waitForConnection(SQLiteConnectionPool.java:763)
05-08 08:19:50.693  5664  5803 E MoEngage: 	at android.database.sqlite.SQLiteConnectionPool.acquireConnection(SQLiteConnectionPool.java:380)
05-08 08:19:50.693  5664  5803 E MoEngage: 	at android.database.sqlite.SQLiteSession.acquireConnection(SQLiteSession.java:896)
05-08 08:19:50.693  5664  5803 E MoEngage: 	at android.database.sqlite.SQLiteSession.executeForCursorWindow(SQLiteSession.java:836)
05-08 08:19:50.693  5664  5803 E MoEngage: 	at android.database.sqlite.SQLiteQuery.fillWindow(SQLiteQuery.java:62)
05-08 08:19:50.693  5664  5803 E MoEngage: 	at android.database.sqlite.SQLiteCursor.fillWindow(SQLiteCursor.java:145)
05-08 08:19:50.693  5664  5803 E MoEngage: 	at android.database.sqlite.SQLiteCursor.getCount(SQLiteCursor.java:132)
05-08 08:19:50.693  5664  5803 E MoEngage: 	at android.database.AbstractCursor.moveToPosition(AbstractCursor.java:238)
05-08 08:19:50.693  5664  5803 E MoEngage: 	at android.database.AbstractCursor.moveToFirst(AbstractCursor.java:277)
05-08 08:19:50.693  5664  5803 E MoEngage: 	at com.moengage.inapp.internal.repository.local.d.g(Marshaller.kt:3)
05-08 08:19:50.693  5664  5803 E MoEngage: 	at com.moengage.inapp.internal.repository.local.c.l(LocalRepositoryImpl.kt:59)
05-08 08:19:50.693  5664  5803 E MoEngage: 	at com.moengage.inapp.internal.repository.e.l(InAppRepository.kt:3)
05-08 08:19:50.693  5664  5803 E MoEngage: 	at com.moengage.inapp.internal.repository.InAppCache.G(InAppCache.kt:31)
05-08 08:19:50.693  5664  5803 E MoEngage: 	at com.moengage.inapp.internal.repository.e.h0(InAppRepository.kt:26)
05-08 08:19:50.693  5664  5803 E MoEngage: 	at com.moengage.inapp.internal.d0.Z(InAppController.kt:105)
05-08 08:19:50.693  5664  5803 E MoEngage: 	at com.moengage.inapp.internal.tasks.a.c(AppOpenHandler.kt:61)
05-08 08:19:50.693  5664  5803 E MoEngage: 	at com.moengage.inapp.internal.w.p(InAppBuilder.kt:16)
05-08 08:19:50.693  5664  5803 E MoEngage: 	at com.moengage.inapp.internal.w.j(InAppBuilder.kt:1)
05-08 08:19:50.693  5664  5803 E MoEngage: 	at com.moengage.inapp.internal.v.run(R8$$SyntheticClass:5)
05-08 08:19:50.693  5664  5803 E MoEngage: 	at com.moengage.core.internal.executor.AsyncHandler.f(AsyncHandler.kt:15)
05-08 08:19:50.693  5664  5803 E MoEngage: 	at com.moengage.core.internal.executor.AsyncHandler.b(AsyncHandler.kt:1)
05-08 08:19:50.693  5664  5803 E MoEngage: 	at com.moengage.core.internal.executor.b.run(R8$$SyntheticClass:5)
05-08 08:19:50.693  5664  5803 E MoEngage: 	at java.util.concurrent.ThreadPoolExecutor.runWorker(ThreadPoolExecutor.java:1167)
05-08 08:19:50.693  5664  5803 E MoEngage: 	at java.util.concurrent.ThreadPoolExecutor$Worker.run(ThreadPoolExecutor.java:641)
05-08 08:19:50.693  5664  5803 E MoEngage: 	at java.lang.Thread.run(Thread.java:920)
05-08 08:19:50.708  5664  5733 E FA      : Name must consist of letters, digits or _ (underscores). Type, name: event param, Time Stamp
05-08 08:19:50.786  2885  2885 W Finsky  : [2] ajjp.b(131): STU: Failed to get storage stats for package 'com.google.mainline.primary.libs' (1601: Error getting stats: android.content.pm.PackageManager.NameNotFoundException)
05-08 08:19:50.818   190  5447 I keystore2: keystore2::watchdog: Watchdog thread idle -> terminating. Have a great day.
05-08 08:19:50.825  1349  1860 I MediaProvider: Begin Intent { act=android.intent.action.MEDIA_SCANNER_SCAN_FILE dat=file:///sdcard/screen_2025-05-08_161950.png flg=0x1400010 cmp=com.google.android.providers.media.module/com.android.providers.media.MediaService }
05-08 08:19:50.845  1349  1860 I MediaProvider: End Intent { act=android.intent.action.MEDIA_SCANNER_SCAN_FILE dat=file:///sdcard/screen_2025-05-08_161950.png flg=0x1400010 cmp=com.google.android.providers.media.module/com.android.providers.media.MediaService }
05-08 08:19:50.886  2885  2885 W Finsky  : [2] ajjp.b(131): STU: Failed to get storage stats for package 'com.google.android.tzdata3' (1601: Error getting stats: android.content.pm.PackageManager.NameNotFoundException)
05-08 08:19:50.930  1349  1505 I MediaProvider: Deleted 0 1 0 0 0 0 0 items on external_primary due to com.android.shell
05-08 08:19:50.931  1172  2228 I UriTaskContentObserver: (REDACTED) Throttling content uri change event for %s
05-08 08:19:50.970  2885  2885 W Finsky  : [2] ajjp.b(131): STU: Failed to get storage stats for package 'com.google.android.permission' (1601: Error getting stats: android.content.pm.PackageManager.NameNotFoundException)
05-08 08:19:51.170  2885  2885 W Finsky  : [2] ajjp.b(131): STU: Failed to get storage stats for package 'com.google.android.wifi' (1601: Error getting stats: android.content.pm.PackageManager.NameNotFoundException)
05-08 08:19:51.182  5664  5753 W GoogleTagManager: Event does not have parameter "eventLabel" and no default value was defined. Returning "undefined".
05-08 08:19:51.190  5664  5733 E FA      : Name must consist of letters, digits or _ (underscores). Type, name: event param, Time Stamp
05-08 08:19:51.377  5664  5672 I com.Dominos: Background young concurrent copying GC freed 342702(14MB) AllocSpace objects, 35(1332KB) LOS objects, 57% free, 11MB/27MB, paused 1.079ms,81us total 140.258ms
05-08 08:19:51.411  5933  5933 I AndroidRuntime: Using default boot image
05-08 08:19:51.411  5933  5933 I AndroidRuntime: Leaving lock profiling enabled
05-08 08:19:51.411  5933  5933 W libc    : Access denied finding property "odsign.verification.success"
05-08 08:19:51.412  5933  5933 W app_process: ART APEX data files are untrusted.
05-08 08:19:51.408  5933  5933 W app_process: type=1400 audit(0.0:41): avc: denied { read } for name="u:object_r:odsign_prop:s0" dev="tmpfs" ino=203 scontext=u:r:shell:s0 tcontext=u:object_r:odsign_prop:s0 tclass=file permissive=0
05-08 08:19:51.534  5933  5933 W app_process: Unexpected CPU variant for X86 using defaults: x86_64
05-08 08:19:51.544  5933  5933 W app_process: ClassLoaderContext classpath size mismatch. expected=0, found=1 (PCL[] | PCL[/system/framework/android.test.runner.jar*1585996318])
05-08 08:19:52.391  5664  5961 W LOTTIE  : Animation contains merge paths. Merge paths are only supported on KitKat+ and must be manually enabled by calling enableMergePathsForKitKatAndAbove().
05-08 08:19:52.392  5664  5961 W LOTTIE  : Lottie doesn't support layer effects. If you are using them for  fills, strokes, trim paths etc. then try adding them directly as contents  in your shape. Found: []
05-08 08:19:52.404  5664  5961 W LOTTIE  : You have 5 images. Lottie should primarily be used with shapes. If you are using Adobe Illustrator, convert the Illustrator layers to shape layers.
05-08 08:19:52.405  5664  5961 W LOTTIE  : You have 6 images. Lottie should primarily be used with shapes. If you are using Adobe Illustrator, convert the Illustrator layers to shape layers.
05-08 08:19:52.408  5664  5664 W LOTTIE  : Animation contains merge paths but they are disabled.
05-08 08:19:52.410  1533  1533 I BgTaskExecutorImpl: Starting EXCLUSIVE background task FETCH_OPT_IN_STATUSES.
05-08 08:19:52.443  1172  2144 I FacsCacheGmsModule: (REDACTED) Receiving API connection to FACS API from package '%s'...
05-08 08:19:52.445  1172  2144 I FacsCacheGmsModule: API connection successful!
05-08 08:19:52.457  1412  1440 I FacsCacheGmsModule: Receiving API connection to internal FACS API...
05-08 08:19:52.459  1412  1440 I FacsCacheGmsModule: API connection successful!
05-08 08:19:52.494  1172  2144 I FacsCacheGmsModule: (REDACTED) Received 'getActivityControlsSettings' request from package '%s', instance id '%s', version '%d'...
05-08 08:19:52.527  1172  2144 I FacsCacheGmsModule: Operation 'getActivityControlsSettings' dispatched!
05-08 08:19:52.527  1172  3890 I FacsCacheGmsModule: (REDACTED) Executing operation '%s'...
05-08 08:19:52.544   538   554 W System  : A resource failed to call release. 
05-08 08:19:52.569  1533  1533 I BgTaskExecutorImpl: Starting EXCLUSIVE background task NOW_UPDATE_GCM_REGISTRATION.
05-08 08:19:52.598  1533  1875 I A       : Falling back to non-UDC sources
05-08 08:19:52.598  1533  1875 I A       : Setting = NOW_CARDS, optedInt = false
05-08 08:19:52.624  1172  3890 I FacsCacheGmsModule: (REDACTED) Operation '%s' successful!
05-08 08:19:52.872  2885  2885 W Finsky  : [2] ajjp.b(131): STU: Failed to get storage stats for package 'com.google.android.media.swcodec' (1601: Error getting stats: android.content.pm.PackageManager.NameNotFoundException)
05-08 08:19:52.873  2885  2885 W Finsky  : [2] ajjp.b(131): STU: Failed to get storage stats for package 'com.google.android.art' (1601: Error getting stats: android.content.pm.PackageManager.NameNotFoundException)
05-08 08:19:52.958  2885  2885 W Finsky  : [2] ajjp.b(131): STU: Failed to get storage stats for package 'com.google.android.mediaprovider' (1601: Error getting stats: android.content.pm.PackageManager.NameNotFoundException)
05-08 08:19:52.984  2885  2885 W Finsky  : [2] ajjp.b(131): STU: Failed to get storage stats for package 'com.google.android.adbd' (1601: Error getting stats: android.content.pm.PackageManager.NameNotFoundException)
05-08 08:19:52.985  2885  2885 W Finsky  : [2] ajjp.b(131): STU: Failed to get storage stats for package 'com.google.android.resolv' (1601: Error getting stats: android.content.pm.PackageManager.NameNotFoundException)
05-08 08:19:53.044  2885  2885 W Finsky  : [2] ajjp.b(131): STU: Failed to get storage stats for package 'com.google.android.conscrypt' (1601: Error getting stats: android.content.pm.PackageManager.NameNotFoundException)
05-08 08:19:53.044  2885  2885 W Finsky  : [2] ajjp.b(131): STU: Failed to get storage stats for package 'com.google.android.media' (1601: Error getting stats: android.content.pm.PackageManager.NameNotFoundException)
05-08 08:19:53.096  2885  2885 W Finsky  : [2] ajjp.b(131): STU: Failed to get storage stats for package 'com.google.android.neuralnetworks' (1601: Error getting stats: android.content.pm.PackageManager.NameNotFoundException)
05-08 08:19:53.103  2885  2885 W Finsky  : [2] ajjp.b(131): STU: Failed to get storage stats for package 'com.google.android.ipsec' (1601: Error getting stats: android.content.pm.PackageManager.NameNotFoundException)
05-08 08:19:53.187  2885  2885 W Finsky  : [2] ajjp.b(131): STU: Failed to get storage stats for package 'com.google.android.sdkext' (1601: Error getting stats: android.content.pm.PackageManager.NameNotFoundException)
05-08 08:19:53.237  2885  2885 W Finsky  : [2] ajjp.b(131): STU: Failed to get storage stats for package 'com.google.android.tethering' (1601: Error getting stats: android.content.pm.PackageManager.NameNotFoundException)
05-08 08:19:53.271  2885  2885 W Finsky  : [2] ajjp.b(131): STU: Failed to get storage stats for package 'com.google.android.extservices' (1601: Error getting stats: android.content.pm.PackageManager.NameNotFoundException)
05-08 08:19:53.366  2885  2885 W Finsky  : [2] ajjp.b(131): STU: Failed to get storage stats for package 'com.google.android.os.statsd' (1601: Error getting stats: android.content.pm.PackageManager.NameNotFoundException)
05-08 08:19:53.369  2885  2885 W Finsky  : [2] ajjp.b(131): STU: Failed to get storage stats for package 'com.google.android.cellbroadcast' (1601: Error getting stats: android.content.pm.PackageManager.NameNotFoundException)
05-08 08:19:53.432  2885  2885 W Finsky  : [2] ajjp.b(131): STU: Failed to get storage stats for package 'com.google.android.scheduling' (1601: Error getting stats: android.content.pm.PackageManager.NameNotFoundException)
05-08 08:19:53.469  2885  2885 I Finsky  : [2] nmx.a(199): App states replicator found 4 unowned apps
05-08 08:19:53.487  5933  5933 I AccessibilityNodeInfoDumper: Skipping invisible child: android.view.accessibility.AccessibilityNodeInfo@a155; boundsInParent: Rect(0, 0 - 0, 2274); boundsInScreen: Rect(212, 0 - 212, 2274); packageName: com.Dominos; className: android.view.View; text: null; error: null; maxTextLength: -1; stateDescription: null; contentDescription: null; tooltipText: null; viewIdResName: com.Dominos:id/start_guideline; checkable: false; checked: false; focusable: false; focused: false; selected: false; clickable: false; longClickable: false; contextClickable: false; enabled: true; password: false; scrollable: false; importantForAccessibility: false; visible: false; actions: [AccessibilityAction: ACTION_SELECT - null, AccessibilityAction: ACTION_CLEAR_SELECTION - null, AccessibilityAction: ACTION_ACCESSIBILITY_FOCUS - null, AccessibilityAction: ACTION_SHOW_ON_SCREEN - null]
05-08 08:19:53.487  5933  5933 I AccessibilityNodeInfoDumper: Skipping invisible child: android.view.accessibility.AccessibilityNodeInfo@a8d7; boundsInParent: Rect(0, 0 - 0, 2274); boundsInScreen: Rect(868, 0 - 868, 2274); packageName: com.Dominos; className: android.view.View; text: null; error: null; maxTextLength: -1; stateDescription: null; contentDescription: null; tooltipText: null; viewIdResName: com.Dominos:id/end_guideline; checkable: false; checked: false; focusable: false; focused: false; selected: false; clickable: false; longClickable: false; contextClickable: false; enabled: true; password: false; scrollable: false; importantForAccessibility: false; visible: false; actions: [AccessibilityAction: ACTION_SELECT - null, AccessibilityAction: ACTION_CLEAR_SELECTION - null, AccessibilityAction: ACTION_ACCESSIBILITY_FOCUS - null, AccessibilityAction: ACTION_SHOW_ON_SCREEN - null]
05-08 08:19:53.493  5933  5933 W AccessibilityNodeInfoDumper: Fetch time: 7ms
05-08 08:19:53.548  2885  2915 I Finsky  : [60] nnc.b(18): Completed 0 account content syncs with 0 successful.
05-08 08:19:53.554  2885  2885 I Finsky  : [2] ContentSyncJob.a(12): [ContentSync] Installation state replication succeeded.
05-08 08:19:53.556  2885  2885 I Finsky  : [2] ahtl.q(56): SCH: jobFinished: 12-1. TimeElapsed: 3718ms.
05-08 08:19:53.579  2885  2930 I Finsky  : [75] sdg.accept(58): SCH: Scheduling phonesky job Id: 1-1337, CT: 1746686215050, Constraints: [{ L: 17955879, D: 61155879, C: CHARGING_NONE, I: IDLE_NONE, N: NET_ANY, B: BATTERY_ANY }]
05-08 08:19:53.579  2885  2930 I Finsky  : [75] sdg.accept(58): SCH: Scheduling phonesky job Id: 34-5, CT: 1746686238405, Constraints: [{ L: 79199736, D: 1375199736, C: CHARGING_NONE, I: IDLE_NONE, N: NET_ANY, B: BATTERY_ANY }]
05-08 08:19:53.579  2885  2930 I Finsky  : [75] sdg.accept(58): SCH: Scheduling phonesky job Id: 34-8, CT: 1746686240281, Constraints: [{ L: 604800000, D: 2591998868, C: CHARGING_NONE, I: IDLE_NONE, N: NET_ANY, B: BATTERY_ANY }]
05-08 08:19:53.589  2885  2917 I Finsky  : [62] nev.apply(251): SCH: Scheduling 1 system job(s)
05-08 08:19:53.589  2885  2917 I Finsky  : [62] ahth.b(244): SCH: Scheduling system job Id: 9519, L: 11777340, D: 54977340, C: false, I: false, N: 1
05-08 08:19:53.601  2885  5834 I Finsky  : [142] ahvd.a(24): SCH: job service finished with id 9515.
05-08 08:19:54.424  5664  5674 W SQLiteConnectionPool: A SQLiteConnection object for database '/data/user/0/com.Dominos/databases/MOEInteractions' was leaked!  Please fix your application to end transactions in progress properly and to close the database when it is no longer needed.
05-08 08:19:54.424  5664  5674 W System  : A resource failed to call close. 
05-08 08:19:54.425  5664  5674 W System  : A resource failed to call end. 
05-08 08:19:54.425  5664  5674 W System  : A resource failed to call close. 
05-08 08:19:54.635   538   918 I ActivityTaskManager: START u0 {cmp=com.Dominos/.activity.login.LoginOtpActivity (has extras)} from uid 10148
05-08 08:19:54.660   538  1849 W ActivityTaskManager: Tried to set launchTime (0) < mLastActivityLaunchTime (100802)
05-08 08:19:54.674   538   581 I ActivityManager: Killing 4652:com.android.externalstorage/u0a72 (adj 985): empty #17
05-08 08:19:54.675   538   594 I libprocessgroup: Successfully killed process cgroup uid 10072 pid 4652 in 0ms
05-08 08:19:54.680   365   365 I BpBinder: onLastStrongRef automatically unlinking death recipients: <uncached descriptor>
05-08 08:19:54.687   321   321 I Zygote  : Process 4652 exited due to signal 9 (Killed)
05-08 08:19:54.690  5664  5664 E a       : LoginOtpActivity
05-08 08:19:54.736  1349  1504 W MediaProvider: isAppCloneUserPair for user 0: false
05-08 08:19:54.766  5664  5753 W GoogleTagManager: Event does not have parameter "eventAction" and no default value was defined. Returning "undefined".
05-08 08:19:54.767   176   176 I hwservicemanager: getTransport: Cannot find entry android.hardware.graphics.mapper@4.0::IMapper/default in either framework or device VINTF manifest.
05-08 08:19:54.768  5996  5999 I Gralloc4: mapper 4.x is not supported
05-08 08:19:54.774  5664  5753 W GoogleTagManager: Event does not have parameter "eventAction" and no default value was defined. Returning "undefined".
05-08 08:19:54.779  5664  5753 W GoogleTagManager: Event does not have parameter "eventAction" and no default value was defined. Returning "undefined".
05-08 08:19:54.780  5664  5753 W GoogleTagManager: Event does not have parameter "eventLabel" and no default value was defined. Returning "undefined".
05-08 08:19:54.805  5664  5753 W GoogleTagManager: Event does not have parameter "eventAction" and no default value was defined. Returning "undefined".
05-08 08:19:54.858  5664  5733 E FA      : Name must consist of letters, digits or _ (underscores). Type, name: event param, Time Stamp
05-08 08:19:54.861   538  2386 W ServiceManager: Permission failure: android.permission.HIGH_SAMPLING_RATE_SENSORS from uid=10148 pid=5664
05-08 08:19:54.863   538  2386 W ServiceManager: Permission failure: android.permission.HIGH_SAMPLING_RATE_SENSORS from uid=10148 pid=5664
05-08 08:19:54.863   538  2386 W ServiceManager: Permission failure: android.permission.HIGH_SAMPLING_RATE_SENSORS from uid=10148 pid=5664
05-08 08:19:54.872  5664  5727 E MoEngage: 7H8YBFR96GL05OOCI0ZP59G9 InApp_8.7.1_ViewBuilder showGeneralInApp() : No suitable campaign found
05-08 08:19:54.875   538  1849 W ServiceManager: Permission failure: android.permission.HIGH_SAMPLING_RATE_SENSORS from uid=10148 pid=5664
05-08 08:19:54.876   538  2386 W ServiceManager: Permission failure: android.permission.HIGH_SAMPLING_RATE_SENSORS from uid=10148 pid=5664
05-08 08:19:54.879   538  2386 W ServiceManager: Permission failure: android.permission.HIGH_SAMPLING_RATE_SENSORS from uid=10148 pid=5664
05-08 08:19:55.059   538   577 I ActivityTaskManager: Displayed com.Dominos/.activity.login.LoginOtpActivity: +421ms
05-08 08:19:55.090   538  2880 E InputMethodManagerService: SOFT_INPUT_STATE_VISIBLE is ignored because there is no focused view that also returns true from View#onCheckIsTextEditor()
05-08 08:19:55.107  5664  5753 W GoogleTagManager: Event does not have parameter "eventAction" and no default value was defined. Returning "undefined".
05-08 08:19:55.110  5664  5733 E FA      : Name must consist of letters, digits or _ (underscores). Type, name: event param, Time Stamp
05-08 08:19:55.139  5664  5753 W GoogleTagManager: Event does not have parameter "eventAction" and no default value was defined. Returning "undefined".
05-08 08:19:55.143  5664  5753 W GoogleTagManager: Event does not have parameter "eventAction" and no default value was defined. Returning "undefined".
05-08 08:19:55.150  5664  5753 W GoogleTagManager: Event does not have parameter "eventLabel" and no default value was defined. Returning "undefined".
05-08 08:19:55.160  5664  5753 W GoogleTagManager: Event does not have parameter "eventAction" and no default value was defined. Returning "undefined".
05-08 08:19:55.204  1412  2671 I Auth.Api.Credentials: [GetPhoneNumberHintIntentOperation] Operation started. [CONTEXT service_id=212 ]
05-08 08:19:55.255  1412  5172 I ChimeraPrvdrProxy: Shutting down chimera ContentProvider com.google.android.gms.reminders.provider.RemindersChimeraProvider
05-08 08:19:55.261  1412  6007 I Auth.Api.Credentials: (REDACTED) [GetPhoneNumberHintIntentOperation] Operation succeeded with result: %s.
05-08 08:19:55.267   538  2386 I ActivityTaskManager: START u0 {act=com.google.android.gms.auth.api.credentials.PHONE_NUMBER_HINT pkg=com.google.android.gms cmp=com.google.android.gms/.auth.api.credentials.assistedsignin.ui.PhoneNumberHintActivity (has extras)} from uid 10097
05-08 08:19:55.292   538   593 I ActivityManager: Start proc 6011:com.google.android.gms.ui/u0a97 for pre-top-activity {com.google.android.gms/com.google.android.gms.auth.api.credentials.assistedsignin.ui.PhoneNumberHintActivity}
05-08 08:19:55.298  6011  6011 W .android.gms.u: Unexpected CPU variant for X86 using defaults: x86_64
05-08 08:19:55.302  6011  6011 E .android.gms.u: Not starting debugger since process cannot load the jdwp agent.
05-08 08:19:55.337  5664  5753 W GoogleTagManager: Event does not have parameter "eventAction" and no default value was defined. Returning "undefined".
05-08 08:19:55.344  5664  5753 W GoogleTagManager: Event does not have parameter "eventAction" and no default value was defined. Returning "undefined".
05-08 08:19:55.354  5664  5733 E FA      : Name must consist of letters, digits or _ (underscores). Type, name: event param, Time Stamp
05-08 08:19:55.357  5664  5753 W GoogleTagManager: Event does not have parameter "eventAction" and no default value was defined. Returning "undefined".
05-08 08:19:55.361  5664  5753 W GoogleTagManager: Event does not have parameter "eventLabel" and no default value was defined. Returning "undefined".
05-08 08:19:55.388  5664  5753 W GoogleTagManager: Event does not have parameter "eventAction" and no default value was defined. Returning "undefined".
05-08 08:19:55.422  6011  6011 W .android.gms.u: JIT profile information will not be recorded: profile file does not exist.
05-08 08:19:55.422  6011  6011 W .android.gms.u: JIT profile information will not be recorded: profile file does not exist.
05-08 08:19:55.672  1172  1986 W GmsWeatherProviderContr: Failed to fetch weather tile
05-08 08:19:55.672  1172  1986 W GmsWeatherProviderContr: hdtc: DEADLINE_EXCEEDED: CallOptions deadline exceeded after 29.956783300s. Name resolution delay 0.000000000 seconds. [closed=[], open=[[buffered_nanos=29959233300, waiting_for_connection]]]
05-08 08:19:55.672  1172  1986 W GmsWeatherProviderContr: 	at aums.s(:com.google.android.gms@251333032@25.13.33 (190800-745790146):31)
05-08 08:19:55.672  1172  1986 W GmsWeatherProviderContr: 	at aums.f(:com.google.android.gms@251333032@25.13.33 (190800-745790146):92)
05-08 08:19:55.672  1172  1986 W GmsWeatherProviderContr: 	at fbsi.a(:com.google.android.gms@251333032@25.13.33 (190800-745790146):45)
05-08 08:19:55.672  1172  1986 W GmsWeatherProviderContr: 	at fbsc.b(:com.google.android.gms@251333032@25.13.33 (190800-745790146):279)
05-08 08:19:55.672  1172  1986 W GmsWeatherProviderContr: 	at fcuf.f(:com.google.android.gms@251333032@25.13.33 (190800-745790146):232)
05-08 08:19:55.672  1172  1986 W GmsWeatherProviderContr: 	at fctx.run(:com.google.android.gms@251333032@25.13.33 (190800-745790146):182)
05-08 08:19:55.672  1172  1986 W GmsWeatherProviderContr: 	at ausj.c(:com.google.android.gms@251333032@25.13.33 (190800-745790146):50)
05-08 08:19:55.672  1172  1986 W GmsWeatherProviderContr: 	at ausj.run(:com.google.android.gms@251333032@25.13.33 (190800-745790146):89)
05-08 08:19:55.672  1172  1986 W GmsWeatherProviderContr: 	at java.util.concurrent.ThreadPoolExecutor.runWorker(ThreadPoolExecutor.java:1167)
05-08 08:19:55.672  1172  1986 W GmsWeatherProviderContr: 	at java.util.concurrent.ThreadPoolExecutor$Worker.run(ThreadPoolExecutor.java:641)
05-08 08:19:55.672  1172  1986 W GmsWeatherProviderContr: 	at auxx.run(:com.google.android.gms@251333032@25.13.33 (190800-745790146):8)
05-08 08:19:55.672  1172  1986 W GmsWeatherProviderContr: 	at java.lang.Thread.run(Thread.java:920)
05-08 08:19:55.701  1172  1986 W GLSUser : [DeviceKeyStore] Cannot load key: Device key file not found.
05-08 08:19:55.705  1172  1986 W GLSUser : [DeviceKeyStore] Cannot load key: Device key file not found.
05-08 08:19:55.718  6011  6011 W ProviderHelper: Unknown dynamite feature providerinstaller.dynamite
05-08 08:19:55.719  6011  6011 I DynamiteModule: Considering local module com.google.android.gms.providerinstaller.dynamite:1 and remote module com.google.android.gms.providerinstaller.dynamite:0
05-08 08:19:55.719  6011  6011 I DynamiteModule: Selected local version of com.google.android.gms.providerinstaller.dynamite
05-08 08:19:55.786  6011  6011 I ProviderInstaller: Installed default security provider GmsCore_OpenSSL
05-08 08:19:55.808  6011  6042 I GMS_MM_Logger: (REDACTED) Start time: %s
05-08 08:19:55.826  5664  5753 W GoogleTagManager: Event does not have parameter "eventAction" and no default value was defined. Returning "undefined".
05-08 08:19:55.830  5664  5753 W GoogleTagManager: Event does not have parameter "eventAction" and no default value was defined. Returning "undefined".
05-08 08:19:55.835  6011  6042 I GMS_MM_Logger: Started.
05-08 08:19:55.836  5664  5753 W GoogleTagManager: Event does not have parameter "eventAction" and no default value was defined. Returning "undefined".
05-08 08:19:55.844  5664  5753 W GoogleTagManager: Event does not have parameter "eventLabel" and no default value was defined. Returning "undefined".
05-08 08:19:55.857  5664  5753 W GoogleTagManager: Event does not have parameter "eventAction" and no default value was defined. Returning "undefined".
05-08 08:19:55.858  5664  5753 W GoogleTagManager: Event does not have parameter "cd4" and no default value was defined. Returning "undefined".
05-08 08:19:55.858  5664  5753 W GoogleTagManager: Event does not have parameter "cd5" and no default value was defined. Returning "undefined".
05-08 08:19:55.858  5664  5753 W GoogleTagManager: Event does not have parameter "cd6" and no default value was defined. Returning "undefined".
05-08 08:19:55.858  5664  5753 W GoogleTagManager: Event does not have parameter "cd7" and no default value was defined. Returning "undefined".
05-08 08:19:55.859  5664  5753 W GoogleTagManager: Event does not have parameter "cd8" and no default value was defined. Returning "undefined".
05-08 08:19:55.859  5664  5753 W GoogleTagManager: Event does not have parameter "cd9" and no default value was defined. Returning "undefined".
05-08 08:19:55.859  5664  5753 W GoogleTagManager: Event does not have parameter "cd11" and no default value was defined. Returning "undefined".
05-08 08:19:55.859  5664  5753 W GoogleTagManager: Event does not have parameter "cd11" and no default value was defined. Returning "undefined".
05-08 08:19:55.859  5664  5753 W GoogleTagManager: Event does not have parameter "cd13" and no default value was defined. Returning "undefined".
05-08 08:19:55.859  5664  5753 W GoogleTagManager: Event does not have parameter "cd17" and no default value was defined. Returning "undefined".
05-08 08:19:55.860  5664  5753 W GoogleTagManager: Event does not have parameter "cd18" and no default value was defined. Returning "undefined".
05-08 08:19:55.860  5664  5753 W GoogleTagManager: Event does not have parameter "cd20" and no default value was defined. Returning "undefined".
05-08 08:19:55.860  5664  5753 W GoogleTagManager: Event does not have parameter "cd21" and no default value was defined. Returning "undefined".
05-08 08:19:55.860  5664  5753 W GoogleTagManager: Event does not have parameter "cd22" and no default value was defined. Returning "undefined".
05-08 08:19:55.860  5664  5753 W GoogleTagManager: Event does not have parameter "cd23" and no default value was defined. Returning "undefined".
05-08 08:19:55.860  5664  5753 W GoogleTagManager: Event does not have parameter "cd24" and no default value was defined. Returning "undefined".
05-08 08:19:55.860  5664  5753 W GoogleTagManager: Event does not have parameter "cd25" and no default value was defined. Returning "undefined".
05-08 08:19:55.861  5664  5753 W GoogleTagManager: Event does not have parameter "cd26" and no default value was defined. Returning "undefined".
05-08 08:19:55.861  5664  5753 W GoogleTagManager: Event does not have parameter "cd28" and no default value was defined. Returning "undefined".
05-08 08:19:55.861  5664  5753 W GoogleTagManager: Event does not have parameter "cd29" and no default value was defined. Returning "undefined".
05-08 08:19:55.862  5664  5753 W GoogleTagManager: Event does not have parameter "cd31" and no default value was defined. Returning "undefined".
05-08 08:19:55.862  5664  5753 W GoogleTagManager: Event does not have parameter "cd32" and no default value was defined. Returning "undefined".
05-08 08:19:55.862  5664  5753 W GoogleTagManager: Event does not have parameter "cd33" and no default value was defined. Returning "undefined".
05-08 08:19:55.862  5664  5753 W GoogleTagManager: Event does not have parameter "cd34" and no default value was defined. Returning "undefined".
05-08 08:19:55.862  5664  5753 W GoogleTagManager: Event does not have parameter "cd35" and no default value was defined. Returning "undefined".
05-08 08:19:55.862  5664  5753 W GoogleTagManager: Event does not have parameter "cd36" and no default value was defined. Returning "undefined".
05-08 08:19:55.863  5664  5753 W GoogleTagManager: Event does not have parameter "cd37" and no default value was defined. Returning "undefined".
05-08 08:19:55.863  5664  5753 W GoogleTagManager: Event does not have parameter "cd38" and no default value was defined. Returning "undefined".
05-08 08:19:55.863  5664  5753 W GoogleTagManager: Event does not have parameter "cd39" and no default value was defined. Returning "undefined".
05-08 08:19:55.863  5664  5753 W GoogleTagManager: Event does not have parameter "cd40" and no default value was defined. Returning "undefined".
05-08 08:19:55.863  5664  5753 W GoogleTagManager: Event does not have parameter "cd41" and no default value was defined. Returning "undefined".
05-08 08:19:55.863  5664  5753 W GoogleTagManager: Event does not have parameter "cd42" and no default value was defined. Returning "undefined".
05-08 08:19:55.863  5664  5753 W GoogleTagManager: Event does not have parameter "cd43" and no default value was defined. Returning "undefined".
05-08 08:19:55.863  5664  5753 W GoogleTagManager: Event does not have parameter "cd44" and no default value was defined. Returning "undefined".
05-08 08:19:55.864  5664  5753 W GoogleTagManager: Event does not have parameter "cd45" and no default value was defined. Returning "undefined".
05-08 08:19:55.864  5664  5753 W GoogleTagManager: Event does not have parameter "cd46" and no default value was defined. Returning "undefined".
05-08 08:19:55.864  5664  5753 W GoogleTagManager: Event does not have parameter "cd47" and no default value was defined. Returning "undefined".
05-08 08:19:55.864  5664  5753 W GoogleTagManager: Event does not have parameter "cd49" and no default value was defined. Returning "undefined".
05-08 08:19:55.864  5664  5753 W GoogleTagManager: Event does not have parameter "cd50" and no default value was defined. Returning "undefined".
05-08 08:19:55.864  5664  5753 W GoogleTagManager: Event does not have parameter "cd51" and no default value was defined. Returning "undefined".
05-08 08:19:55.864  5664  5753 W GoogleTagManager: Event does not have parameter "cd52" and no default value was defined. Returning "undefined".
05-08 08:19:55.879  5664  5753 E GoogleTagManager: Internal error - Function call: __md_main
05-08 08:19:55.879  5664  5753 E GoogleTagManager: Apply TypeError: object has no indexOf property
05-08 08:19:55.880  5664  5753 E GoogleTagManager: Internal error - Function call: __md_main
05-08 08:19:55.880  5664  5753 E GoogleTagManager: Apply TypeError: object has no indexOf property
05-08 08:19:55.904  5664  5753 W GoogleTagManager: UniversalAnalyticsTag has been decommissioned.
05-08 08:19:55.905  5664  5753 W GoogleTagManager: Event does not have parameter "eventAction" and no default value was defined. Returning "undefined".
05-08 08:19:55.910  5664  5733 E FA      : Name must consist of letters, digits or _ (underscores). Type, name: event param, Time Stamp
05-08 08:19:55.912  5664  5753 W GoogleTagManager: Event does not have parameter "eventAction" and no default value was defined. Returning "undefined".
05-08 08:19:55.917  5664  5753 W GoogleTagManager: Event does not have parameter "eventAction" and no default value was defined. Returning "undefined".
05-08 08:19:55.918  5664  5753 W GoogleTagManager: Event does not have parameter "eventLabel" and no default value was defined. Returning "undefined".
05-08 08:19:55.923  1349  1860 I MediaProvider: Begin Intent { act=android.intent.action.MEDIA_SCANNER_SCAN_FILE dat=file:///sdcard/screen_2025-05-08_161955.png flg=0x1400010 cmp=com.google.android.providers.media.module/com.android.providers.media.MediaService }
05-08 08:19:55.931  5664  5753 W GoogleTagManager: Event does not have parameter "eventAction" and no default value was defined. Returning "undefined".
05-08 08:19:55.934  5664  5753 W GoogleTagManager: Event does not have parameter "cd4" and no default value was defined. Returning "undefined".
05-08 08:19:55.935  5664  5753 W GoogleTagManager: Event does not have parameter "cd5" and no default value was defined. Returning "undefined".
05-08 08:19:55.935  5664  5753 W GoogleTagManager: Event does not have parameter "cd6" and no default value was defined. Returning "undefined".
05-08 08:19:55.935  5664  5753 W GoogleTagManager: Event does not have parameter "cd7" and no default value was defined. Returning "undefined".
