05-08 08:20:50.799  8315  8315 I AccessibilityNodeInfoDumper: Skipping invisible child: android.view.accessibility.AccessibilityNodeInfo@7f64e; boundsInParent: Rect(0, 0 - 173, 39); boundsInScreen: Rect(95, 2300 - 268, 2022); packageName: com.Dominos; className: android.widget.TextView; text: Big Big Pizza; error: null; maxTextLength: -1; stateDescription: null; contentDescription: null; tooltipText: null; viewIdResName: com.Dominos:id/tvCategory; checkable: false; checked: false; focusable: false; focused: false; selected: false; clickable: false; longClickable: false; contextClickable: false; enabled: true; password: false; scrollable: false; importantForAccessibility: true; visible: false; actions: [AccessibilityAction: ACTION_SELECT - null, AccessibilityAction: ACTION_CLEAR_SELECTION - null, AccessibilityAction: ACTION_ACCESSIBILITY_FOCUS - null, AccessibilityAction: ACTION_NEXT_AT_MOVEMENT_GRANULARITY - null, AccessibilityAction: ACTION_PREVIOUS_AT_MOVEMENT_GRANULARITY - null, AccessibilityAction: ACTION_SET_SELECTION - null, AccessibilityAction: ACTION_SHOW_ON_SCREEN - null]
05-08 08:20:50.852  8315  8315 I AccessibilityNodeInfoDumper: Skipping invisible child: android.view.accessibility.AccessibilityNodeInfo@80552; boundsInParent: Rect(0, 0 - 252, 39); boundsInScreen: Rect(414, 2300 - 666, 2022); packageName: com.Dominos; className: android.widget.TextView; text: Cheese Burst Pizza; error: null; maxTextLength: -1; stateDescription: null; contentDescription: null; tooltipText: null; viewIdResName: com.Dominos:id/tvCategory; checkable: false; checked: false; focusable: false; focused: false; selected: false; clickable: false; longClickable: false; contextClickable: false; enabled: true; password: false; scrollable: false; importantForAccessibility: true; visible: false; actions: [AccessibilityAction: ACTION_SELECT - null, AccessibilityAction: ACTION_CLEAR_SELECTION - null, AccessibilityAction: ACTION_ACCESSIBILITY_FOCUS - null, AccessibilityAction: ACTION_NEXT_AT_MOVEMENT_GRANULARITY - null, AccessibilityAction: ACTION_PREVIOUS_AT_MOVEMENT_GRANULARITY - null, AccessibilityAction: ACTION_SET_SELECTION - null, AccessibilityAction: ACTION_SHOW_ON_SCREEN - null]
05-08 08:20:50.901  8315  8315 I AccessibilityNodeInfoDumper: Skipping invisible child: android.view.accessibility.AccessibilityNodeInfo@81456; boundsInParent: Rect(0, 0 - 186, 39); boundsInScreen: Rect(806, 2300 - 992, 2022); packageName: com.Dominos; className: android.widget.TextView; text: 5 Course Meal; error: null; maxTextLength: -1; stateDescription: null; contentDescription: null; tooltipText: null; viewIdResName: com.Dominos:id/tvCategory; checkable: false; checked: false; focusable: false; focused: false; selected: false; clickable: false; longClickable: false; contextClickable: false; enabled: true; password: false; scrollable: false; importantForAccessibility: true; visible: false; actions: [AccessibilityAction: ACTION_SELECT - null, AccessibilityAction: ACTION_CLEAR_SELECTION - null, AccessibilityAction: ACTION_ACCESSIBILITY_FOCUS - null, AccessibilityAction: ACTION_NEXT_AT_MOVEMENT_GRANULARITY - null, AccessibilityAction: ACTION_PREVIOUS_AT_MOVEMENT_GRANULARITY - null, AccessibilityAction: ACTION_SET_SELECTION - null, AccessibilityAction: ACTION_SHOW_ON_SCREEN - null]
05-08 08:20:50.901  8315  8315 I AccessibilityNodeInfoDumper: Skipping invisible child: android.view.accessibility.AccessibilityNodeInfo@81817; boundsInParent: Rect(0, 0 - 296, 356); boundsInScreen: Rect(33, 2381 - 329, 2022); packageName: com.Dominos; className: android.view.ViewGroup; text: null; error: null; maxTextLength: -1; stateDescription: null; contentDescription: null; tooltipText: null; viewIdResName: null; checkable: false; checked: false; focusable: false; focused: false; selected: false; clickable: false; longClickable: false; contextClickable: false; enabled: true; password: false; scrollable: false; importantForAccessibility: true; visible: false; actions: [AccessibilityAction: ACTION_SELECT - null, AccessibilityAction: ACTION_CLEAR_SELECTION - null, AccessibilityAction: ACTION_ACCESSIBILITY_FOCUS - null, AccessibilityAction: ACTION_SHOW_ON_SCREEN - null]
05-08 08:20:50.901  8315  8315 I AccessibilityNodeInfoDumper: Skipping invisible child: android.view.accessibility.AccessibilityNodeInfo@8271b; boundsInParent: Rect(0, 0 - 296, 356); boundsInScreen: Rect(392, 2381 - 688, 2022); packageName: com.Dominos; className: android.view.ViewGroup; text: null; error: null; maxTextLength: -1; stateDescription: null; contentDescription: null; tooltipText: null; viewIdResName: null; checkable: false; checked: false; focusable: false; focused: false; selected: false; clickable: false; longClickable: false; contextClickable: false; enabled: true; password: false; scrollable: false; importantForAccessibility: true; visible: false; actions: [AccessibilityAction: ACTION_SELECT - null, AccessibilityAction: ACTION_CLEAR_SELECTION - null, AccessibilityAction: ACTION_ACCESSIBILITY_FOCUS - null, AccessibilityAction: ACTION_SHOW_ON_SCREEN - null]
05-08 08:20:50.901  8315  8315 I AccessibilityNodeInfoDumper: Skipping invisible child: android.view.accessibility.AccessibilityNodeInfo@8361f; boundsInParent: Rect(0, 0 - 296, 356); boundsInScreen: Rect(751, 2381 - 1047, 2022); packageName: com.Dominos; className: android.view.ViewGroup; text: null; error: null; maxTextLength: -1; stateDescription: null; contentDescription: null; tooltipText: null; viewIdResName: null; checkable: false; checked: false; focusable: false; focused: false; selected: false; clickable: false; longClickable: false; contextClickable: false; enabled: true; password: false; scrollable: false; importantForAccessibility: true; visible: false; actions: [AccessibilityAction: ACTION_SELECT - null, AccessibilityAction: ACTION_CLEAR_SELECTION - null, AccessibilityAction: ACTION_ACCESSIBILITY_FOCUS - null, AccessibilityAction: ACTION_SHOW_ON_SCREEN - null]
05-08 08:20:50.901  8315  8315 I AccessibilityNodeInfoDumper: Skipping invisible child: android.view.accessibility.AccessibilityNodeInfo@84523; boundsInParent: Rect(0, 0 - 296, 356); boundsInScreen: Rect(33, 2779 - 329, 2022); packageName: com.Dominos; className: android.view.ViewGroup; text: null; error: null; maxTextLength: -1; stateDescription: null; contentDescription: null; tooltipText: null; viewIdResName: null; checkable: false; checked: false; focusable: false; focused: false; selected: false; clickable: false; longClickable: false; contextClickable: false; enabled: true; password: false; scrollable: false; importantForAccessibility: true; visible: false; actions: [AccessibilityAction: ACTION_SELECT - null, AccessibilityAction: ACTION_CLEAR_SELECTION - null, AccessibilityAction: ACTION_ACCESSIBILITY_FOCUS - null, AccessibilityAction: ACTION_SHOW_ON_SCREEN - null]
05-08 08:20:50.901  8315  8315 I AccessibilityNodeInfoDumper: Skipping invisible child: android.view.accessibility.AccessibilityNodeInfo@85427; boundsInParent: Rect(0, 0 - 296, 356); boundsInScreen: Rect(392, 2779 - 688, 2022); packageName: com.Dominos; className: android.view.ViewGroup; text: null; error: null; maxTextLength: -1; stateDescription: null; contentDescription: null; tooltipText: null; viewIdResName: null; checkable: false; checked: false; focusable: false; focused: false; selected: false; clickable: false; longClickable: false; contextClickable: false; enabled: true; password: false; scrollable: false; importantForAccessibility: true; visible: false; actions: [AccessibilityAction: ACTION_SELECT - null, AccessibilityAction: ACTION_CLEAR_SELECTION - null, AccessibilityAction: ACTION_ACCESSIBILITY_FOCUS - null, AccessibilityAction: ACTION_SHOW_ON_SCREEN - null]
05-08 08:20:50.901  8315  8315 I AccessibilityNodeInfoDumper: Skipping invisible child: android.view.accessibility.AccessibilityNodeInfo@8632b; boundsInParent: Rect(0, 0 - 296, 356); boundsInScreen: Rect(751, 2779 - 1047, 2022); packageName: com.Dominos; className: android.view.ViewGroup; text: null; error: null; maxTextLength: -1; stateDescription: null; contentDescription: null; tooltipText: null; viewIdResName: null; checkable: false; checked: false; focusable: false; focused: false; selected: false; clickable: false; longClickable: false; contextClickable: false; enabled: true; password: false; scrollable: false; importantForAccessibility: true; visible: false; actions: [AccessibilityAction: ACTION_SELECT - null, AccessibilityAction: ACTION_CLEAR_SELECTION - null, AccessibilityAction: ACTION_ACCESSIBILITY_FOCUS - null, AccessibilityAction: ACTION_SHOW_ON_SCREEN - null]
05-08 08:20:50.903  8315  8315 W AccessibilityNodeInfoDumper: Fetch time: 242ms
05-08 08:20:51.999   538   554 W System  : A resource failed to call close. 
05-08 08:20:52.109  1349  1505 W MediaProvider: isAppCloneUserPair for user 0: false
05-08 08:20:52.142   176   176 I hwservicemanager: getTransport: Cannot find entry android.hardware.graphics.mapper@4.0::IMapper/default in either framework or device VINTF manifest.
05-08 08:20:52.142  8417  8420 I Gralloc4: mapper 4.x is not supported
05-08 08:20:52.527  1349  1860 I MediaProvider: Begin Intent { act=android.intent.action.MEDIA_SCANNER_SCAN_FILE dat=file:///sdcard/screen_2025-05-08_162052.png flg=0x1400010 cmp=com.google.android.providers.media.module/com.android.providers.media.MediaService }
05-08 08:20:52.564  1349  1860 W ExifInterface: Invalid image: ExifInterface got an unsupported image format file(ExifInterface supports JPEG and some RAW image formats only) or a corrupted JPEG file to ExifInterface.
05-08 08:20:52.564  1349  1860 W ExifInterface: java.io.IOException: Encountered corrupt PNG file.
05-08 08:20:52.564  1349  1860 W ExifInterface: 	at android.media.ExifInterface.getPngAttributes(ExifInterface.java:3432)
05-08 08:20:52.564  1349  1860 W ExifInterface: 	at android.media.ExifInterface.loadAttributes(ExifInterface.java:2009)
05-08 08:20:52.564  1349  1860 W ExifInterface: 	at android.media.ExifInterface.<init>(ExifInterface.java:1641)
05-08 08:20:52.564  1349  1860 W ExifInterface: 	at android.media.ExifInterface.<init>(ExifInterface.java:1592)
05-08 08:20:52.564  1349  1860 W ExifInterface: 	at com.android.providers.media.scan.ModernMediaScanner.scanItemImage(ModernMediaScanner.java:1367)
05-08 08:20:52.564  1349  1860 W ExifInterface: 	at com.android.providers.media.scan.ModernMediaScanner.scanItem(ModernMediaScanner.java:1003)
05-08 08:20:52.564  1349  1860 W ExifInterface: 	at com.android.providers.media.scan.ModernMediaScanner.access$1200(ModernMediaScanner.java:146)
05-08 08:20:52.564  1349  1860 W ExifInterface: 	at com.android.providers.media.scan.ModernMediaScanner$Scan.visitFile(ModernMediaScanner.java:801)
05-08 08:20:52.564  1349  1860 W ExifInterface: 	at com.android.providers.media.scan.ModernMediaScanner$Scan.visitFile(ModernMediaScanner.java:320)
05-08 08:20:52.564  1349  1860 W ExifInterface: 	at java.nio.file.Files.walkFileTree(Files.java:2670)
05-08 08:20:52.564  1349  1860 W ExifInterface: 	at java.nio.file.Files.walkFileTree(Files.java:2742)
05-08 08:20:52.564  1349  1860 W ExifInterface: 	at com.android.providers.media.scan.ModernMediaScanner$Scan.walkFileTree(ModernMediaScanner.java:439)
05-08 08:20:52.564  1349  1860 W ExifInterface: 	at com.android.providers.media.scan.ModernMediaScanner$Scan.runInternal(ModernMediaScanner.java:402)
05-08 08:20:52.564  1349  1860 W ExifInterface: 	at com.android.providers.media.scan.ModernMediaScanner$Scan.run(ModernMediaScanner.java:391)
05-08 08:20:52.564  1349  1860 W ExifInterface: 	at com.android.providers.media.scan.ModernMediaScanner.scanFile(ModernMediaScanner.java:263)
05-08 08:20:52.564  1349  1860 W ExifInterface: 	at com.android.providers.media.MediaProvider.scanFile(MediaProvider.java:1273)
05-08 08:20:52.564  1349  1860 W ExifInterface: 	at com.android.providers.media.MediaProvider.scanFile(MediaProvider.java:1269)
05-08 08:20:52.564  1349  1860 W ExifInterface: 	at com.android.providers.media.MediaService.onScanFile(MediaService.java:215)
05-08 08:20:52.564  1349  1860 W ExifInterface: 	at com.android.providers.media.MediaService.onHandleWork(MediaService.java:85)
05-08 08:20:52.564  1349  1860 W ExifInterface: 	at androidx.core.app.JobIntentService$CommandProcessor.doInBackground(JobIntentService.java:396)
05-08 08:20:52.564  1349  1860 W ExifInterface: 	at androidx.core.app.JobIntentService$CommandProcessor.doInBackground(JobIntentService.java:387)
05-08 08:20:52.564  1349  1860 W ExifInterface: 	at android.os.AsyncTask$3.call(AsyncTask.java:394)
05-08 08:20:52.564  1349  1860 W ExifInterface: 	at java.util.concurrent.FutureTask.run(FutureTask.java:266)
05-08 08:20:52.564  1349  1860 W ExifInterface: 	at java.util.concurrent.ThreadPoolExecutor.runWorker(ThreadPoolExecutor.java:1167)
05-08 08:20:52.564  1349  1860 W ExifInterface: 	at java.util.concurrent.ThreadPoolExecutor$Worker.run(ThreadPoolExecutor.java:641)
05-08 08:20:52.564  1349  1860 W ExifInterface: 	at java.lang.Thread.run(Thread.java:920)
05-08 08:20:52.594  1349  1860 I MediaProvider: End Intent { act=android.intent.action.MEDIA_SCANNER_SCAN_FILE dat=file:///sdcard/screen_2025-05-08_162052.png flg=0x1400010 cmp=com.google.android.providers.media.module/com.android.providers.media.MediaService }
05-08 08:20:52.633  1349  1683 I MediaProvider: Deleted 0 1 0 0 0 0 0 items on external_primary due to com.android.shell
05-08 08:20:52.634  1172  2228 I UriTaskContentObserver: (REDACTED) Throttling content uri change event for %s
05-08 08:20:53.861   538   858 I ActivityTaskManager: START u0 {cmp=com.Dominos/.activity.homenextgen.menu.NextGenMenuActivity (has extras)} from uid 10148
05-08 08:20:53.875   538  4647 W ActivityTaskManager: Tried to set launchTime (0) < mLastActivityLaunchTime (151633)
05-08 08:20:53.885   538   581 I ActivityManager: Killing 5180:com.google.android.packageinstaller/u0a66 (adj 985): empty #17
05-08 08:20:53.887   538   581 I ActivityManager: Killing 5023:com.google.android.calendar/u0a124 (adj 985): empty #18
05-08 08:20:53.888   538   594 I libprocessgroup: Successfully killed process cgroup uid 10066 pid 5180 in 0ms
05-08 08:20:53.892   538   581 I ActivityManager: Killing 5151:com.google.android.apps.wellbeing/u0a100 (adj 995): empty #19
05-08 08:20:53.893  5664  5664 E a       : NextGenMenuActivity
05-08 08:20:53.895  5664  5753 W GoogleTagManager: Event does not have parameter "eventAction" and no default value was defined. Returning "undefined".
05-08 08:20:53.896   365   365 I BpBinder: onLastStrongRef automatically unlinking death recipients: <uncached descriptor>
05-08 08:20:53.896   321   321 I Zygote  : Process 5180 exited due to signal 9 (Killed)
05-08 08:20:53.904  5664  5753 W GoogleTagManager: Event does not have parameter "eventAction" and no default value was defined. Returning "undefined".
05-08 08:20:53.907  5664  5753 W GoogleTagManager: Event does not have parameter "eventAction" and no default value was defined. Returning "undefined".
05-08 08:20:53.908   321   321 I Zygote  : Process 5023 exited due to signal 9 (Killed)
05-08 08:20:53.909   321   321 I Zygote  : Process 5151 exited due to signal 9 (Killed)
05-08 08:20:53.911  5664  5753 W GoogleTagManager: Event does not have parameter "eventLabel" and no default value was defined. Returning "undefined".
05-08 08:20:53.922  5664  5664 W TabLayout: MODE_SCROLLABLE + GRAVITY_FILL is not supported, GRAVITY_START will be used instead
05-08 08:20:53.924  5664  5753 W GoogleTagManager: Event does not have parameter "eventAction" and no default value was defined. Returning "undefined".
05-08 08:20:53.928   538   594 I libprocessgroup: Successfully killed process cgroup uid 10124 pid 5023 in 0ms
05-08 08:20:53.928   538   594 I libprocessgroup: Successfully killed process cgroup uid 10100 pid 5151 in 0ms
05-08 08:20:53.969   538  2557 W ServiceManager: Permission failure: android.permission.HIGH_SAMPLING_RATE_SENSORS from uid=10148 pid=5664
05-08 08:20:53.971   538  2867 W ServiceManager: Permission failure: android.permission.HIGH_SAMPLING_RATE_SENSORS from uid=10148 pid=5664
05-08 08:20:53.981  5664  5725 E MoEngage: 7H8YBFR96GL05OOCI0ZP59G9 InApp_8.7.1_ViewBuilder showGeneralInApp() : No suitable campaign found
05-08 08:20:53.987  5664  5753 W GoogleTagManager: Event does not have parameter "eventAction" and no default value was defined. Returning "undefined".
05-08 08:20:53.991  5664  5753 W GoogleTagManager: Event does not have parameter "eventAction" and no default value was defined. Returning "undefined".
05-08 08:20:53.995  5664  5753 W GoogleTagManager: Event does not have parameter "eventAction" and no default value was defined. Returning "undefined".
05-08 08:20:53.996  5664  5753 W GoogleTagManager: Event does not have parameter "eventLabel" and no default value was defined. Returning "undefined".
05-08 08:20:54.005  5664  5753 W GoogleTagManager: Event does not have parameter "eventAction" and no default value was defined. Returning "undefined".
05-08 08:20:54.017  5664  5664 W RecyclerView: No adapter attached; skipping layout
05-08 08:20:54.076   190  8276 I keystore2: keystore2::watchdog: Watchdog thread idle -> terminating. Have a great day.
05-08 08:20:54.103   538   577 I ActivityTaskManager: Displayed com.Dominos/.activity.homenextgen.menu.NextGenMenuActivity: +241ms
05-08 08:20:54.132  1412  2249 I AdvertisingIdClient: shouldSendLog 49724
05-08 08:20:54.170  1412  2249 I AdvertisingIdClient: GetInfoInternal elapse 5ms
05-08 08:20:54.248  5664  5672 I com.Dominos: NativeAlloc concurrent copying GC freed 357971(18MB) AllocSpace objects, 46(8008KB) LOS objects, 47% free, 26MB/50MB, paused 678us,754us total 138.713ms
05-08 08:20:54.259  5664  5674 W System  : A resource failed to call close. 
05-08 08:20:54.260  5664  5674 W System  : A resource failed to call close. 
05-08 08:20:54.974  5664  5753 W GoogleTagManager: Event does not have parameter "eventAction" and no default value was defined. Returning "undefined".
05-08 08:20:54.984  5664  5753 W GoogleTagManager: Event does not have parameter "eventAction" and no default value was defined. Returning "undefined".
05-08 08:20:54.988  5664  5753 W GoogleTagManager: Event does not have parameter "eventAction" and no default value was defined. Returning "undefined".
05-08 08:20:54.989  5664  5753 W GoogleTagManager: Event does not have parameter "eventLabel" and no default value was defined. Returning "undefined".
05-08 08:20:55.008  5664  5753 W GoogleTagManager: Event does not have parameter "eventAction" and no default value was defined. Returning "undefined".
05-08 08:20:55.020  5664  5753 W GoogleTagManager: Event does not have parameter "cd4" and no default value was defined. Returning "undefined".
05-08 08:20:55.022  5664  5753 W GoogleTagManager: Event does not have parameter "cd5" and no default value was defined. Returning "undefined".
05-08 08:20:55.024  5664  5753 W GoogleTagManager: Event does not have parameter "cd6" and no default value was defined. Returning "undefined".
05-08 08:20:55.025  5664  5753 W GoogleTagManager: Event does not have parameter "cd7" and no default value was defined. Returning "undefined".
05-08 08:20:55.025  5664  5753 W GoogleTagManager: Event does not have parameter "cd8" and no default value was defined. Returning "undefined".
05-08 08:20:55.026  5664  5753 W GoogleTagManager: Event does not have parameter "cd9" and no default value was defined. Returning "undefined".
05-08 08:20:55.026  5664  5753 W GoogleTagManager: Event does not have parameter "cd11" and no default value was defined. Returning "undefined".
05-08 08:20:55.028  5664  5753 W GoogleTagManager: Event does not have parameter "cd11" and no default value was defined. Returning "undefined".
05-08 08:20:55.028  5664  5753 W GoogleTagManager: Event does not have parameter "cd13" and no default value was defined. Returning "undefined".
05-08 08:20:55.034  5664  5753 W GoogleTagManager: Event does not have parameter "cd17" and no default value was defined. Returning "undefined".
05-08 08:20:55.034  5664  5753 W GoogleTagManager: Event does not have parameter "cd18" and no default value was defined. Returning "undefined".
05-08 08:20:55.035  5664  5753 W GoogleTagManager: Event does not have parameter "cd20" and no default value was defined. Returning "undefined".
05-08 08:20:55.035  5664  5753 W GoogleTagManager: Event does not have parameter "cd21" and no default value was defined. Returning "undefined".
05-08 08:20:55.035  5664  5753 W GoogleTagManager: Event does not have parameter "cd22" and no default value was defined. Returning "undefined".
05-08 08:20:55.036  5664  5753 W GoogleTagManager: Event does not have parameter "cd23" and no default value was defined. Returning "undefined".
05-08 08:20:55.036  5664  5753 W GoogleTagManager: Event does not have parameter "cd24" and no default value was defined. Returning "undefined".
05-08 08:20:55.036  5664  5753 W GoogleTagManager: Event does not have parameter "cd25" and no default value was defined. Returning "undefined".
05-08 08:20:55.036  5664  5753 W GoogleTagManager: Event does not have parameter "cd26" and no default value was defined. Returning "undefined".
05-08 08:20:55.036  5664  5753 W GoogleTagManager: Event does not have parameter "cd28" and no default value was defined. Returning "undefined".
05-08 08:20:55.037  5664  5753 W GoogleTagManager: Event does not have parameter "cd29" and no default value was defined. Returning "undefined".
05-08 08:20:55.037  5664  5753 W GoogleTagManager: Event does not have parameter "cd31" and no default value was defined. Returning "undefined".
05-08 08:20:55.038  5664  5753 W GoogleTagManager: Event does not have parameter "cd32" and no default value was defined. Returning "undefined".
05-08 08:20:55.043  5664  5753 W GoogleTagManager: Event does not have parameter "cd33" and no default value was defined. Returning "undefined".
05-08 08:20:55.044  5664  5753 W GoogleTagManager: Event does not have parameter "cd34" and no default value was defined. Returning "undefined".
05-08 08:20:55.044  5664  5753 W GoogleTagManager: Event does not have parameter "cd35" and no default value was defined. Returning "undefined".
05-08 08:20:55.049  5664  5753 W GoogleTagManager: Event does not have parameter "cd36" and no default value was defined. Returning "undefined".
05-08 08:20:55.050  5664  5753 W GoogleTagManager: Event does not have parameter "cd37" and no default value was defined. Returning "undefined".
05-08 08:20:55.050  5664  5753 W GoogleTagManager: Event does not have parameter "cd38" and no default value was defined. Returning "undefined".
05-08 08:20:55.050  5664  5753 W GoogleTagManager: Event does not have parameter "cd39" and no default value was defined. Returning "undefined".
05-08 08:20:55.050  5664  5753 W GoogleTagManager: Event does not have parameter "cd40" and no default value was defined. Returning "undefined".
05-08 08:20:55.050  5664  5753 W GoogleTagManager: Event does not have parameter "cd41" and no default value was defined. Returning "undefined".
05-08 08:20:55.050  5664  5753 W GoogleTagManager: Event does not have parameter "cd42" and no default value was defined. Returning "undefined".
05-08 08:20:55.050  5664  5753 W GoogleTagManager: Event does not have parameter "cd43" and no default value was defined. Returning "undefined".
05-08 08:20:55.050  5664  5753 W GoogleTagManager: Event does not have parameter "cd44" and no default value was defined. Returning "undefined".
05-08 08:20:55.050  5664  5753 W GoogleTagManager: Event does not have parameter "cd45" and no default value was defined. Returning "undefined".
05-08 08:20:55.050  5664  5753 W GoogleTagManager: Event does not have parameter "cd46" and no default value was defined. Returning "undefined".
05-08 08:20:55.051  5664  5753 W GoogleTagManager: Event does not have parameter "cd47" and no default value was defined. Returning "undefined".
05-08 08:20:55.051  5664  5753 W GoogleTagManager: Event does not have parameter "cd49" and no default value was defined. Returning "undefined".
05-08 08:20:55.051  5664  5753 W GoogleTagManager: Event does not have parameter "cd50" and no default value was defined. Returning "undefined".
05-08 08:20:55.051  5664  5753 W GoogleTagManager: Event does not have parameter "cd51" and no default value was defined. Returning "undefined".
05-08 08:20:55.051  5664  5753 W GoogleTagManager: Event does not have parameter "cd52" and no default value was defined. Returning "undefined".
05-08 08:20:55.064  5664  5753 E GoogleTagManager: Internal error - Function call: __md_main
05-08 08:20:55.064  5664  5753 E GoogleTagManager: Apply TypeError: object has no indexOf property
05-08 08:20:55.064  5664  5753 E GoogleTagManager: Internal error - Function call: __md_main
05-08 08:20:55.064  5664  5753 E GoogleTagManager: Apply TypeError: object has no indexOf property
05-08 08:20:55.082  5664  5753 W GoogleTagManager: UniversalAnalyticsTag has been decommissioned.
05-08 08:20:55.085  5664  5733 E FA      : Name must consist of letters, digits or _ (underscores). Type, name: event param, Time Stamp
05-08 08:20:55.093  5664  5753 W GoogleTagManager: Event does not have parameter "eventAction" and no default value was defined. Returning "undefined".
05-08 08:20:55.112  5664  5753 W GoogleTagManager: Event does not have parameter "eventAction" and no default value was defined. Returning "undefined".
05-08 08:20:55.126  5664  5753 W GoogleTagManager: Event does not have parameter "eventAction" and no default value was defined. Returning "undefined".
05-08 08:20:55.128  5664  5753 W GoogleTagManager: Event does not have parameter "eventLabel" and no default value was defined. Returning "undefined".
05-08 08:20:55.146  5664  5753 W GoogleTagManager: Event does not have parameter "eventAction" and no default value was defined. Returning "undefined".
05-08 08:20:55.147  5664  5753 W GoogleTagManager: Event does not have parameter "cd4" and no default value was defined. Returning "undefined".
05-08 08:20:55.155  5664  5753 W GoogleTagManager: Event does not have parameter "cd5" and no default value was defined. Returning "undefined".
05-08 08:20:55.155  5664  5753 W GoogleTagManager: Event does not have parameter "cd6" and no default value was defined. Returning "undefined".
05-08 08:20:55.155  5664  5753 W GoogleTagManager: Event does not have parameter "cd7" and no default value was defined. Returning "undefined".
05-08 08:20:55.156  5664  5753 W GoogleTagManager: Event does not have parameter "cd8" and no default value was defined. Returning "undefined".
05-08 08:20:55.156  5664  5753 W GoogleTagManager: Event does not have parameter "cd9" and no default value was defined. Returning "undefined".
05-08 08:20:55.156  5664  5753 W GoogleTagManager: Event does not have parameter "cd11" and no default value was defined. Returning "undefined".
05-08 08:20:55.156  5664  5753 W GoogleTagManager: Event does not have parameter "cd11" and no default value was defined. Returning "undefined".
05-08 08:20:55.156  5664  5753 W GoogleTagManager: Event does not have parameter "cd13" and no default value was defined. Returning "undefined".
05-08 08:20:55.157  5664  5753 W GoogleTagManager: Event does not have parameter "cd17" and no default value was defined. Returning "undefined".
05-08 08:20:55.157  5664  5753 W GoogleTagManager: Event does not have parameter "cd18" and no default value was defined. Returning "undefined".
05-08 08:20:55.157  5664  5753 W GoogleTagManager: Event does not have parameter "cd20" and no default value was defined. Returning "undefined".
05-08 08:20:55.158  5664  5753 W GoogleTagManager: Event does not have parameter "cd21" and no default value was defined. Returning "undefined".
05-08 08:20:55.158  5664  5753 W GoogleTagManager: Event does not have parameter "cd22" and no default value was defined. Returning "undefined".
05-08 08:20:55.158  5664  5753 W GoogleTagManager: Event does not have parameter "cd23" and no default value was defined. Returning "undefined".
05-08 08:20:55.159  5664  5753 W GoogleTagManager: Event does not have parameter "cd24" and no default value was defined. Returning "undefined".
05-08 08:20:55.171  5664  5753 W GoogleTagManager: Event does not have parameter "cd25" and no default value was defined. Returning "undefined".
05-08 08:20:55.171  5664  5753 W GoogleTagManager: Event does not have parameter "cd26" and no default value was defined. Returning "undefined".
05-08 08:20:55.171  5664  5753 W GoogleTagManager: Event does not have parameter "cd28" and no default value was defined. Returning "undefined".
05-08 08:20:55.171  5664  5753 W GoogleTagManager: Event does not have parameter "cd29" and no default value was defined. Returning "undefined".
05-08 08:20:55.172  5664  5753 W GoogleTagManager: Event does not have parameter "cd31" and no default value was defined. Returning "undefined".
05-08 08:20:55.172  5664  5753 W GoogleTagManager: Event does not have parameter "cd32" and no default value was defined. Returning "undefined".
05-08 08:20:55.172  5664  5753 W GoogleTagManager: Event does not have parameter "cd33" and no default value was defined. Returning "undefined".
05-08 08:20:55.172  5664  5753 W GoogleTagManager: Event does not have parameter "cd34" and no default value was defined. Returning "undefined".
05-08 08:20:55.172  5664  5753 W GoogleTagManager: Event does not have parameter "cd35" and no default value was defined. Returning "undefined".
05-08 08:20:55.173  5664  5753 W GoogleTagManager: Event does not have parameter "cd36" and no default value was defined. Returning "undefined".
05-08 08:20:55.174  5664  5753 W GoogleTagManager: Event does not have parameter "cd37" and no default value was defined. Returning "undefined".
05-08 08:20:55.174  5664  5753 W GoogleTagManager: Event does not have parameter "cd38" and no default value was defined. Returning "undefined".
05-08 08:20:55.174  5664  5753 W GoogleTagManager: Event does not have parameter "cd39" and no default value was defined. Returning "undefined".
05-08 08:20:55.175  5664  5753 W GoogleTagManager: Event does not have parameter "cd40" and no default value was defined. Returning "undefined".
05-08 08:20:55.175  5664  5753 W GoogleTagManager: Event does not have parameter "cd41" and no default value was defined. Returning "undefined".
05-08 08:20:55.175  5664  5753 W GoogleTagManager: Event does not have parameter "cd42" and no default value was defined. Returning "undefined".
05-08 08:20:55.176  5664  5753 W GoogleTagManager: Event does not have parameter "cd43" and no default value was defined. Returning "undefined".
05-08 08:20:55.176  5664  5753 W GoogleTagManager: Event does not have parameter "cd44" and no default value was defined. Returning "undefined".
05-08 08:20:55.177  5664  5753 W GoogleTagManager: Event does not have parameter "cd45" and no default value was defined. Returning "undefined".
05-08 08:20:55.178  5664  5753 W GoogleTagManager: Event does not have parameter "cd46" and no default value was defined. Returning "undefined".
05-08 08:20:55.178  5664  5753 W GoogleTagManager: Event does not have parameter "cd47" and no default value was defined. Returning "undefined".
05-08 08:20:55.179  5664  5753 W GoogleTagManager: Event does not have parameter "cd49" and no default value was defined. Returning "undefined".
05-08 08:20:55.179  5664  5753 W GoogleTagManager: Event does not have parameter "cd50" and no default value was defined. Returning "undefined".
05-08 08:20:55.183  5664  5753 W GoogleTagManager: Event does not have parameter "cd51" and no default value was defined. Returning "undefined".
05-08 08:20:55.184  5664  5753 W GoogleTagManager: Event does not have parameter "cd52" and no default value was defined. Returning "undefined".
05-08 08:20:55.200  5664  5753 E GoogleTagManager: Internal error - Function call: __md_main
05-08 08:20:55.200  5664  5753 E GoogleTagManager: Apply TypeError: object has no indexOf property
05-08 08:20:55.201  5664  5753 E GoogleTagManager: Internal error - Function call: __md_main
05-08 08:20:55.201  5664  5753 E GoogleTagManager: Apply TypeError: object has no indexOf property
05-08 08:20:55.212  5664  5753 W GoogleTagManager: UniversalAnalyticsTag has been decommissioned.
05-08 08:20:55.213  5664  5733 E FA      : Name must consist of letters, digits or _ (underscores). Type, name: event param, Time Stamp
05-08 08:20:55.264  1349  1505 W MediaProvider: isAppCloneUserPair for user 0: false
05-08 08:20:55.283   176   176 I hwservicemanager: getTransport: Cannot find entry android.hardware.graphics.mapper@4.0::IMapper/default in either framework or device VINTF manifest.
05-08 08:20:55.284  8529  8533 I Gralloc4: mapper 4.x is not supported
05-08 08:20:55.404  1349  1860 I MediaProvider: Begin Intent { act=android.intent.action.MEDIA_SCANNER_SCAN_FILE dat=file:///sdcard/screen_2025-05-08_162055.png flg=0x1400010 cmp=com.google.android.providers.media.module/com.android.providers.media.MediaService }
05-08 08:20:55.414  1349  1860 I MediaProvider: End Intent { act=android.intent.action.MEDIA_SCANNER_SCAN_FILE dat=file:///sdcard/screen_2025-05-08_162055.png flg=0x1400010 cmp=com.google.android.providers.media.module/com.android.providers.media.MediaService }
05-08 08:20:55.578  1349  1683 I MediaProvider: Deleted 0 1 0 0 0 0 0 items on external_primary due to com.android.shell
05-08 08:20:56.370  1172  1986 I NearbyMediums: No BLE Fast/GATT advertisements found in the latest cycle.
05-08 08:20:56.494  1349  1505 W MediaProvider: isAppCloneUserPair for user 0: false
05-08 08:20:56.519   176   176 I hwservicemanager: getTransport: Cannot find entry android.hardware.graphics.mapper@4.0::IMapper/default in either framework or device VINTF manifest.
05-08 08:20:56.520  8574  8576 I Gralloc4: mapper 4.x is not supported
05-08 08:20:56.697  1349  1860 I MediaProvider: Begin Intent { act=android.intent.action.MEDIA_SCANNER_SCAN_FILE dat=file:///sdcard/screen_2025-05-08_162056.png flg=0x1400010 cmp=com.google.android.providers.media.module/com.android.providers.media.MediaService }
05-08 08:20:56.729  1349  1860 I MediaProvider: End Intent { act=android.intent.action.MEDIA_SCANNER_SCAN_FILE dat=file:///sdcard/screen_2025-05-08_162056.png flg=0x1400010 cmp=com.google.android.providers.media.module/com.android.providers.media.MediaService }
05-08 08:20:56.869  1349  7520 I MediaProvider: Deleted 0 1 0 0 0 0 0 items on external_primary due to com.android.shell
05-08 08:20:57.420  8599  8599 I AndroidRuntime: Using default boot image
05-08 08:20:57.421  8599  8599 I AndroidRuntime: Leaving lock profiling enabled
05-08 08:20:57.420  8599  8599 W app_process: type=1400 audit(0.0:47): avc: denied { read } for name="u:object_r:odsign_prop:s0" dev="tmpfs" ino=203 scontext=u:r:shell:s0 tcontext=u:object_r:odsign_prop:s0 tclass=file permissive=0
05-08 08:20:57.427  8599  8599 W libc    : Access denied finding property "odsign.verification.success"
05-08 08:20:57.430  8599  8599 W app_process: ART APEX data files are untrusted.
05-08 08:20:57.545  8599  8599 W app_process: Unexpected CPU variant for X86 using defaults: x86_64
05-08 08:20:57.552  8599  8599 W app_process: ClassLoaderContext classpath size mismatch. expected=0, found=1 (PCL[] | PCL[/system/framework/android.test.runner.jar*1585996318])
05-08 08:20:58.703  8599  8599 I AccessibilityNodeInfoDumper: Skipping invisible child: android.view.accessibility.AccessibilityNodeInfo@8df0f; boundsInParent: Rect(0, 0 - 0, 72); boundsInScreen: Rect(0, 95 - 0, 167); packageName: com.Dominos; className: android.widget.TextView; text: Domino's; error: null; maxTextLength: -1; stateDescription: null; contentDescription: null; tooltipText: null; viewIdResName: null; checkable: false; checked: false; focusable: false; focused: false; selected: false; clickable: false; longClickable: false; contextClickable: false; enabled: true; password: false; scrollable: false; importantForAccessibility: true; visible: false; actions: [AccessibilityAction: ACTION_SELECT - null, AccessibilityAction: ACTION_CLEAR_SELECTION - null, AccessibilityAction: ACTION_ACCESSIBILITY_FOCUS - null, AccessibilityAction: ACTION_NEXT_AT_MOVEMENT_GRANULARITY - null, AccessibilityAction: ACTION_PREVIOUS_AT_MOVEMENT_GRANULARITY - null, AccessibilityAction: ACTION_SET_SELECTION - null, AccessibilityAction: ACTION_SHOW_ON_SCREEN - null]
05-08 08:20:58.703  8599  8599 I AccessibilityNodeInfoDumper: Skipping invisible child: android.view.accessibility.AccessibilityNodeInfo@b6ffe; boundsInParent: Rect(0, 0 - 0, 137); boundsInScreen: Rect(1080, 63 - 1080, 200); packageName: com.Dominos; className: android.view.View; text: null; error: null; maxTextLength: -1; stateDescription: null; contentDescription: null; tooltipText: null; viewIdResName: null; checkable: false; checked: false; focusable: false; focused: false; selected: false; clickable: false; longClickable: false; contextClickable: false; enabled: true; password: false; scrollable: false; importantForAccessibility: false; visible: false; actions: [AccessibilityAction: ACTION_SELECT - null, AccessibilityAction: ACTION_CLEAR_SELECTION - null, AccessibilityAction: ACTION_ACCESSIBILITY_FOCUS - null, AccessibilityAction: ACTION_SHOW_ON_SCREEN - null]
05-08 08:20:58.703  8599  8599 I AccessibilityNodeInfoDumper: Skipping invisible child: android.view.accessibility.AccessibilityNodeInfo@b73bf; boundsInParent: Rect(0, 0 - 0, 137); boundsInScreen: Rect(1080, 63 - 1080, 200); packageName: com.Dominos; className: androidx.appcompat.widget.LinearLayoutCompat; text: null; error: null; maxTextLength: -1; stateDescription: null; contentDescription: null; tooltipText: null; viewIdResName: null; checkable: false; checked: false; focusable: false; focused: false; selected: false; clickable: false; longClickable: false; contextClickable: false; enabled: true; password: false; scrollable: false; importantForAccessibility: false; visible: false; actions: [AccessibilityAction: ACTION_SELECT - null, AccessibilityAction: ACTION_CLEAR_SELECTION - null, AccessibilityAction: ACTION_ACCESSIBILITY_FOCUS - null, AccessibilityAction: ACTION_SHOW_ON_SCREEN - null]
05-08 08:20:59.092  8599  8599 I AccessibilityNodeInfoDumper: Skipping invisible child: android.view.accessibility.AccessibilityNodeInfo@9536e; boundsInParent: Rect(0, 0 - 131, 39); boundsInScreen: Rect(32, 2410 - 163, 2274); packageName: com.Dominos; className: android.view.View; text: null; error: null; maxTextLength: -1; stateDescription: null; contentDescription: null; tooltipText: null; viewIdResName: com.Dominos:id/placeholder_3; checkable: false; checked: false; focusable: false; focused: false; selected: false; clickable: false; longClickable: false; contextClickable: false; enabled: true; password: false; scrollable: false; importantForAccessibility: false; visible: false; actions: [AccessibilityAction: ACTION_SELECT - null, AccessibilityAction: ACTION_CLEAR_SELECTION - null, AccessibilityAction: ACTION_ACCESSIBILITY_FOCUS - null, AccessibilityAction: ACTION_SHOW_ON_SCREEN - null]
05-08 08:20:59.092  8599  8599 I AccessibilityNodeInfoDumper: Skipping invisible child: android.view.accessibility.AccessibilityNodeInfo@9572f; boundsInParent: Rect(0, 0 - 131, 39); boundsInScreen: Rect(195, 2410 - 326, 2274); packageName: com.Dominos; className: android.view.View; text: null; error: null; maxTextLength: -1; stateDescription: null; contentDescription: null; tooltipText: null; viewIdResName: com.Dominos:id/placeholder_4; checkable: false; checked: false; focusable: false; focused: false; selected: false; clickable: false; longClickable: false; contextClickable: false; enabled: true; password: false; scrollable: false; importantForAccessibility: false; visible: false; actions: [AccessibilityAction: ACTION_SELECT - null, AccessibilityAction: ACTION_CLEAR_SELECTION - null, AccessibilityAction: ACTION_ACCESSIBILITY_FOCUS - null, AccessibilityAction: ACTION_SHOW_ON_SCREEN - null]
05-08 08:20:59.092  8599  8599 I AccessibilityNodeInfoDumper: Skipping invisible child: android.view.accessibility.AccessibilityNodeInfo@96272; boundsInParent: Rect(0, 0 - 131, 47); boundsInScreen: Rect(32, 2477 - 163, 2274); packageName: com.Dominos; className: android.view.View; text: null; error: null; maxTextLength: -1; stateDescription: null; contentDescription: null; tooltipText: null; viewIdResName: com.Dominos:id/placeholder_9; checkable: false; checked: false; focusable: false; focused: false; selected: false; clickable: false; longClickable: false; contextClickable: false; enabled: true; password: false; scrollable: false; importantForAccessibility: false; visible: false; actions: [AccessibilityAction: ACTION_SELECT - null, AccessibilityAction: ACTION_CLEAR_SELECTION - null, AccessibilityAction: ACTION_ACCESSIBILITY_FOCUS - null, AccessibilityAction: ACTION_SHOW_ON_SCREEN - null]
05-08 08:20:59.093  8599  8599 I AccessibilityNodeInfoDumper: Skipping invisible child: android.view.accessibility.AccessibilityNodeInfo@95eb1; boundsInParent: Rect(0, 0 - 622, 32); boundsInScreen: Rect(32, 2535 - 654, 2274); packageName: com.Dominos; className: android.view.View; text: null; error: null; maxTextLength: -1; stateDescription: null; contentDescription: null; tooltipText: null; viewIdResName: com.Dominos:id/placeholder_8; checkable: false; checked: false; focusable: false; focused: false; selected: false; clickable: false; longClickable: false; contextClickable: false; enabled: true; password: false; scrollable: false; importantForAccessibility: false; visible: false; actions: [AccessibilityAction: ACTION_SELECT - null, AccessibilityAction: ACTION_CLEAR_SELECTION - null, AccessibilityAction: ACTION_ACCESSIBILITY_FOCUS - null, AccessibilityAction: ACTION_SHOW_ON_SCREEN - null]
05-08 08:20:59.093  8599  8599 I AccessibilityNodeInfoDumper: Skipping invisible child: android.view.accessibility.AccessibilityNodeInfo@95af0; boundsInParent: Rect(0, 0 - 210, 79); boundsInScreen: Rect(838, 2488 - 1048, 2274); packageName: com.Dominos; className: android.view.View; text: null; error: null; maxTextLength: -1; stateDescription: null; contentDescription: null; tooltipText: null; viewIdResName: com.Dominos:id/placeholder_7; checkable: false; checked: false; focusable: false; focused: false; selected: false; clickable: false; longClickable: false; contextClickable: false; enabled: true; password: false; scrollable: false; importantForAccessibility: false; visible: false; actions: [AccessibilityAction: ACTION_SELECT - null, AccessibilityAction: ACTION_CLEAR_SELECTION - null, AccessibilityAction: ACTION_ACCESSIBILITY_FOCUS - null, AccessibilityAction: ACTION_SHOW_ON_SCREEN - null]
05-08 08:20:59.093  8599  8599 I AccessibilityNodeInfoDumper: Skipping invisible child: android.view.accessibility.AccessibilityNodeInfo@96633; boundsInParent: Rect(0, 0 - 1080, 668); boundsInScreen: Rect(0, 2645 - 1080, 2274); packageName: com.Dominos; className: android.view.ViewGroup; text: null; error: null; maxTextLength: -1; stateDescription: null; contentDescription: null; tooltipText: null; viewIdResName: com.Dominos:id/l4large; checkable: false; checked: false; focusable: true; focused: false; selected: false; clickable: true; longClickable: false; contextClickable: false; enabled: true; password: false; scrollable: false; importantForAccessibility: true; visible: false; actions: [AccessibilityAction: ACTION_FOCUS - null, AccessibilityAction: ACTION_SELECT - null, AccessibilityAction: ACTION_CLEAR_SELECTION - null, AccessibilityAction: ACTION_CLICK - null, AccessibilityAction: ACTION_ACCESSIBILITY_FOCUS - null, AccessibilityAction: ACTION_SHOW_ON_SCREEN - null]
05-08 08:20:59.093  8599  8599 I AccessibilityNodeInfoDumper: Skipping invisible child: android.view.accessibility.AccessibilityNodeInfo@9807a; boundsInParent: Rect(0, 0 - 1080, 668); boundsInScreen: Rect(0, 3352 - 1080, 2274); packageName: com.Dominos; className: android.view.ViewGroup; text: null; error: null; maxTextLength: -1; stateDescription: null; contentDescription: null; tooltipText: null; viewIdResName: com.Dominos:id/l5large; checkable: false; checked: false; focusable: true; focused: false; selected: false; clickable: true; longClickable: false; contextClickable: false; enabled: true; password: false; scrollable: false; importantForAccessibility: true; visible: false; actions: [AccessibilityAction: ACTION_FOCUS - null, AccessibilityAction: ACTION_SELECT - null, AccessibilityAction: ACTION_CLEAR_SELECTION - null, AccessibilityAction: ACTION_CLICK - null, AccessibilityAction: ACTION_ACCESSIBILITY_FOCUS - null, AccessibilityAction: ACTION_SHOW_ON_SCREEN - null]
05-08 08:20:59.094  8599  8599 I AccessibilityNodeInfoDumper: Skipping invisible child: android.view.accessibility.AccessibilityNodeInfo@a7bfd; boundsInParent: Rect(0, 0 - 1080, 0); boundsInScreen: Rect(0, 332 - 1080, 332); packageName: com.Dominos; className: android.widget.FrameLayout; text: null; error: null; maxTextLength: -1; stateDescription: null; contentDescription: null; tooltipText: null; viewIdResName: com.Dominos:id/fl_bpg_product; checkable: false; checked: false; focusable: false; focused: false; selected: false; clickable: false; longClickable: false; contextClickable: false; enabled: true; password: false; scrollable: false; importantForAccessibility: false; visible: false; actions: [AccessibilityAction: ACTION_SELECT - null, AccessibilityAction: ACTION_CLEAR_SELECTION - null, AccessibilityAction: ACTION_ACCESSIBILITY_FOCUS - null, AccessibilityAction: ACTION_SHOW_ON_SCREEN - null]
05-08 08:20:59.095  8599  8599 W AccessibilityNodeInfoDumper: Fetch time: 448ms
05-08 08:20:59.134  1172  8062 I NetworkScheduler.Stats: (REDACTED) Task %s/%s started execution. cause:%s exec_start_elapsed_seconds: %s
05-08 08:20:59.138  1172  8066 I NetworkScheduler.Stats: (REDACTED) Task %s/%s finished executing. cause:%s result: %s elapsed_millis: %s uptime_millis: %s exec_start_elapsed_seconds: %s
05-08 08:21:00.402  1349  7526 W MediaProvider: isAppCloneUserPair for user 0: false
05-08 08:21:00.415   176   176 I hwservicemanager: getTransport: Cannot find entry android.hardware.graphics.mapper@4.0::IMapper/default in either framework or device VINTF manifest.
05-08 08:21:00.415  8643  8645 I Gralloc4: mapper 4.x is not supported
05-08 08:21:00.540  1349  1860 I MediaProvider: Begin Intent { act=android.intent.action.MEDIA_SCANNER_SCAN_FILE dat=file:///sdcard/screen_2025-05-08_162100.png flg=0x1400010 cmp=com.google.android.providers.media.module/com.android.providers.media.MediaService }
05-08 08:21:00.548  1349  1860 I MediaProvider: End Intent { act=android.intent.action.MEDIA_SCANNER_SCAN_FILE dat=file:///sdcard/screen_2025-05-08_162100.png flg=0x1400010 cmp=com.google.android.providers.media.module/com.android.providers.media.MediaService }
05-08 08:21:00.576  5664  5671 I com.Dominos: Compiler allocated 4340KB to compile void com.Dominos.activity.homenextgen.menu.NextGenMenuViewModel.N0(com.Dominos.models.next_gen_home.HomeResponseV2)
05-08 08:21:00.650  1349  1504 I MediaProvider: Deleted 0 1 0 0 0 0 0 items on external_primary due to com.android.shell
05-08 08:21:00.702  5664  5674 W System  : A resource failed to call close. 
05-08 08:21:00.703  5664  5674 W System  : A resource failed to call close. 
05-08 08:21:00.703  5664  5674 W System  : A resource failed to call close. 
05-08 08:21:00.703  5664  5674 W System  : A resource failed to call close. 
05-08 08:21:00.703  5664  5674 W System  : A resource failed to call close. 
05-08 08:21:00.703  5664  5674 W System  : A resource failed to call close. 
05-08 08:21:00.703  5664  5674 W System  : A resource failed to call close. 
05-08 08:21:00.703  5664  5674 W System  : A resource failed to call close. 
05-08 08:21:00.703  5664  5674 W System  : A resource failed to call close. 
05-08 08:21:00.703  5664  5674 W System  : A resource failed to call close. 
05-08 08:21:00.703  5664  5674 W System  : A resource failed to call close. 
05-08 08:21:00.703  5664  5674 W System  : A resource failed to call close. 
05-08 08:21:00.703  5664  5674 W System  : A resource failed to call close. 
05-08 08:21:00.703  5664  5674 W System  : A resource failed to call close. 
05-08 08:21:00.703  5664  5674 W System  : A resource failed to call close. 
05-08 08:21:00.703  5664  5674 W System  : A resource failed to call close. 
05-08 08:21:00.703  5664  5674 W System  : A resource failed to call close. 
05-08 08:21:00.703  5664  5674 W System  : A resource failed to call close. 
05-08 08:21:00.703  5664  5674 W System  : A resource failed to call close. 
05-08 08:21:00.703  5664  5674 W System  : A resource failed to call close. 
05-08 08:21:00.704  5664  5674 W System  : A resource failed to call close. 
05-08 08:21:00.704  5664  5674 W System  : A resource failed to call close. 
05-08 08:21:00.704  5664  5674 W System  : A resource failed to call close. 
05-08 08:21:00.704  5664  5674 W System  : A resource failed to call close. 
05-08 08:21:00.704  5664  5674 W System  : A resource failed to call close. 
05-08 08:21:00.704  5664  5674 W System  : A resource failed to call close. 
05-08 08:21:00.704  5664  5674 W System  : A resource failed to call close. 
05-08 08:21:00.704  5664  5674 W System  : A resource failed to call close. 
05-08 08:21:00.704  5664  5674 W System  : A resource failed to call close. 
05-08 08:21:00.704  5664  5674 W System  : A resource failed to call close. 
05-08 08:21:00.704  5664  5674 W System  : A resource failed to call close. 
05-08 08:21:00.704  5664  5674 W System  : A resource failed to call close. 
