05-08 08:19:55.935  5664  5753 W GoogleTagManager: Event does not have parameter "cd8" and no default value was defined. Returning "undefined".
05-08 08:19:55.935  5664  5753 W GoogleTagManager: Event does not have parameter "cd9" and no default value was defined. Returning "undefined".
05-08 08:19:55.935  5664  5753 W GoogleTagManager: Event does not have parameter "cd11" and no default value was defined. Returning "undefined".
05-08 08:19:55.935  5664  5753 W GoogleTagManager: Event does not have parameter "cd11" and no default value was defined. Returning "undefined".
05-08 08:19:55.936  5664  5753 W GoogleTagManager: Event does not have parameter "cd13" and no default value was defined. Returning "undefined".
05-08 08:19:55.936  5664  5753 W GoogleTagManager: Event does not have parameter "cd17" and no default value was defined. Returning "undefined".
05-08 08:19:55.936  5664  5753 W GoogleTagManager: Event does not have parameter "cd18" and no default value was defined. Returning "undefined".
05-08 08:19:55.936  5664  5753 W GoogleTagManager: Event does not have parameter "cd20" and no default value was defined. Returning "undefined".
05-08 08:19:55.936  5664  5753 W GoogleTagManager: Event does not have parameter "cd21" and no default value was defined. Returning "undefined".
05-08 08:19:55.936  5664  5753 W GoogleTagManager: Event does not have parameter "cd22" and no default value was defined. Returning "undefined".
05-08 08:19:55.936  5664  5753 W GoogleTagManager: Event does not have parameter "cd23" and no default value was defined. Returning "undefined".
05-08 08:19:55.937  5664  5753 W GoogleTagManager: Event does not have parameter "cd24" and no default value was defined. Returning "undefined".
05-08 08:19:55.937  5664  5753 W GoogleTagManager: Event does not have parameter "cd25" and no default value was defined. Returning "undefined".
05-08 08:19:55.937  5664  5753 W GoogleTagManager: Event does not have parameter "cd26" and no default value was defined. Returning "undefined".
05-08 08:19:55.937  5664  5753 W GoogleTagManager: Event does not have parameter "cd28" and no default value was defined. Returning "undefined".
05-08 08:19:55.938  5664  5753 W GoogleTagManager: Event does not have parameter "cd29" and no default value was defined. Returning "undefined".
05-08 08:19:55.938  5664  5753 W GoogleTagManager: Event does not have parameter "cd31" and no default value was defined. Returning "undefined".
05-08 08:19:55.938  5664  5753 W GoogleTagManager: Event does not have parameter "cd32" and no default value was defined. Returning "undefined".
05-08 08:19:55.938  5664  5753 W GoogleTagManager: Event does not have parameter "cd33" and no default value was defined. Returning "undefined".
05-08 08:19:55.939  5664  5753 W GoogleTagManager: Event does not have parameter "cd34" and no default value was defined. Returning "undefined".
05-08 08:19:55.939  5664  5753 W GoogleTagManager: Event does not have parameter "cd35" and no default value was defined. Returning "undefined".
05-08 08:19:55.939  5664  5753 W GoogleTagManager: Event does not have parameter "cd36" and no default value was defined. Returning "undefined".
05-08 08:19:55.939  5664  5753 W GoogleTagManager: Event does not have parameter "cd37" and no default value was defined. Returning "undefined".
05-08 08:19:55.939  5664  5753 W GoogleTagManager: Event does not have parameter "cd38" and no default value was defined. Returning "undefined".
05-08 08:19:55.939  5664  5753 W GoogleTagManager: Event does not have parameter "cd39" and no default value was defined. Returning "undefined".
05-08 08:19:55.940  5664  5753 W GoogleTagManager: Event does not have parameter "cd40" and no default value was defined. Returning "undefined".
05-08 08:19:55.940  5664  5753 W GoogleTagManager: Event does not have parameter "cd41" and no default value was defined. Returning "undefined".
05-08 08:19:55.940  5664  5753 W GoogleTagManager: Event does not have parameter "cd42" and no default value was defined. Returning "undefined".
05-08 08:19:55.940  5664  5753 W GoogleTagManager: Event does not have parameter "cd43" and no default value was defined. Returning "undefined".
05-08 08:19:55.940  5664  5753 W GoogleTagManager: Event does not have parameter "cd44" and no default value was defined. Returning "undefined".
05-08 08:19:55.941  5664  5753 W GoogleTagManager: Event does not have parameter "cd45" and no default value was defined. Returning "undefined".
05-08 08:19:55.941  5664  5753 W GoogleTagManager: Event does not have parameter "cd46" and no default value was defined. Returning "undefined".
05-08 08:19:55.941  5664  5753 W GoogleTagManager: Event does not have parameter "cd47" and no default value was defined. Returning "undefined".
05-08 08:19:55.941  5664  5753 W GoogleTagManager: Event does not have parameter "cd49" and no default value was defined. Returning "undefined".
05-08 08:19:55.942  5664  5753 W GoogleTagManager: Event does not have parameter "cd50" and no default value was defined. Returning "undefined".
05-08 08:19:55.942  5664  5753 W GoogleTagManager: Event does not have parameter "cd51" and no default value was defined. Returning "undefined".
05-08 08:19:55.942  5664  5753 W GoogleTagManager: Event does not have parameter "cd52" and no default value was defined. Returning "undefined".
05-08 08:19:55.975  5664  5753 E GoogleTagManager: Internal error - Function call: __md_main
05-08 08:19:55.975  5664  5753 E GoogleTagManager: Apply TypeError: object has no indexOf property
05-08 08:19:55.976  5664  5753 E GoogleTagManager: Internal error - Function call: __md_main
05-08 08:19:55.976  5664  5753 E GoogleTagManager: Apply TypeError: object has no indexOf property
05-08 08:19:55.995  5664  5753 W GoogleTagManager: UniversalAnalyticsTag has been decommissioned.
05-08 08:19:56.042  1349  1860 I MediaProvider: End Intent { act=android.intent.action.MEDIA_SCANNER_SCAN_FILE dat=file:///sdcard/screen_2025-05-08_161955.png flg=0x1400010 cmp=com.google.android.providers.media.module/com.android.providers.media.MediaService }
05-08 08:19:56.113  5664  5672 I com.Dominos: Background concurrent copying GC freed 462533(15MB) AllocSpace objects, 23(812KB) LOS objects, 49% free, 13MB/26MB, paused 440us,89us total 188.805ms
05-08 08:19:56.118  1172  3864 I NearbySharing: Network state changed: NetworkState(isRestricted=false, isOnline=true, isCongested=false, isMetered=false, isWifiConnected=true)
05-08 08:19:56.131  5664  5733 E FA      : Name must consist of letters, digits or _ (underscores). Type, name: event param, Time Stamp
05-08 08:19:56.157  1349  1505 I MediaProvider: Deleted 0 1 0 0 0 0 0 items on external_primary due to com.android.shell
05-08 08:19:56.216  1172  4357 I FontLog : (REDACTED) Received query %s, URI %s
05-08 08:19:56.216  1172  4357 I FontLog : (REDACTED) Query [%s] resolved to %s
05-08 08:19:56.219  1172  4357 I FontLog : (REDACTED) Font PFD returned from cache for %s
05-08 08:19:56.219  1172  4357 I FontLog : (REDACTED) Fetch %s end status %s
05-08 08:19:56.222  1172  4357 I FontLog : (REDACTED) Pulling font file for id = %d, cache size = %d
05-08 08:19:56.236  1172  4357 I FontLog : (REDACTED) Received query %s, URI %s
05-08 08:19:56.238  1172  4357 I FontLog : (REDACTED) Query [%s] resolved to %s
05-08 08:19:56.242  1172  4357 I FontLog : (REDACTED) Font PFD returned from cache for %s
05-08 08:19:56.242  1172  4357 I FontLog : (REDACTED) Fetch %s end status %s
05-08 08:19:56.250  1172  4357 I FontLog : (REDACTED) Pulling font file for id = %d, cache size = %d
05-08 08:19:56.261  1172  3864 I NearbyMediums: No BLE Fast/GATT advertisements found in the latest cycle.
05-08 08:19:56.273  1172  4357 I FontLog : (REDACTED) Received query %s, URI %s
05-08 08:19:56.274  1172  4357 I FontLog : (REDACTED) Query [%s] resolved to %s
05-08 08:19:56.274  1172  4357 I FontLog : (REDACTED) Font PFD returned from cache for %s
05-08 08:19:56.274  1172  4357 I FontLog : (REDACTED) Fetch %s end status %s
05-08 08:19:56.278  1172  4357 I FontLog : (REDACTED) Pulling font file for id = %d, cache size = %d
05-08 08:19:56.337   365   443 W ServiceManager: Permission failure: android.permission.ACCESS_SURFACE_FLINGER from uid=10097 pid=6011
05-08 08:19:56.338   365   443 W ServiceManager: Permission failure: android.permission.ROTATE_SURFACE_FLINGER from uid=10097 pid=6011
05-08 08:19:56.348   176   176 I hwservicemanager: getTransport: Cannot find entry android.hardware.configstore@1.0::ISurfaceFlingerConfigs/default in either framework or device VINTF manifest.
05-08 08:19:56.348  6011  6044 W OpenGLRenderer: Failed to choose config with EGL_SWAP_BEHAVIOR_PRESERVED, retrying without...
05-08 08:19:56.349  6011  6044 W OpenGLRenderer: Failed to initialize 101010-2 format, error = EGL_SUCCESS
05-08 08:19:56.392   365   442 E HWComposer: getSupportedContentTypes: getSupportedContentTypes failed for display 4619827259835644672: Unsupported (8)
05-08 08:19:56.393   176   176 I hwservicemanager: getTransport: Cannot find entry android.hardware.graphics.mapper@4.0::IMapper/default in either framework or device VINTF manifest.
05-08 08:19:56.394  6011  6044 I Gralloc4: mapper 4.x is not supported
05-08 08:19:56.396   176   176 I hwservicemanager: getTransport: Cannot find entry android.hardware.graphics.allocator@4.0::IAllocator/default in either framework or device VINTF manifest.
05-08 08:19:56.396  6011  6044 W Gralloc4: allocator 4.x is not supported
05-08 08:19:56.661   538   577 I ActivityTaskManager: Displayed com.google.android.gms/.auth.api.credentials.assistedsignin.ui.PhoneNumberHintActivity: +1s323ms
05-08 08:19:57.354  5664  5733 I FA      : Application backgrounded at: timestamp_millis: 1746692395354
05-08 08:19:58.139   538  2867 W ActivityManager: Unable to start service Intent { act=android.service.smartspace.SmartspaceService cmp=com.google.android.as/com.google.android.apps.miphone.aiai.app.AiAiSmartspaceService } U=0: not found
05-08 08:19:58.139   538  2867 W RemoteSmartspaceService: could not bind to Intent { act=android.service.smartspace.SmartspaceService cmp=com.google.android.as/com.google.android.apps.miphone.aiai.app.AiAiSmartspaceService } using flags 67112961
05-08 08:19:58.163   538   538 W ActivityManager: Unbind failed: could not find connection for android.app.LoadedApk$ServiceDispatcher$InnerConnection@315b7bf
05-08 08:19:58.173   538  4234 W InputManager-JNI: Input channel object '45fc61 com.Dominos/com.Dominos.activity.alias.LauncherDefaultAlias (client)' was disposed without first being removed with the input manager!
05-08 08:19:58.915  1349  5273 W MediaProvider: isAppCloneUserPair for user 0: false
05-08 08:19:58.945   176   176 I hwservicemanager: getTransport: Cannot find entry android.hardware.graphics.mapper@4.0::IMapper/default in either framework or device VINTF manifest.
05-08 08:19:58.945  6159  6161 I Gralloc4: mapper 4.x is not supported
05-08 08:19:59.110  1172  5384 I NetworkScheduler.Stats: (REDACTED) Task %s/%s started execution. cause:%s exec_start_elapsed_seconds: %s
05-08 08:19:59.114  1172  2634 I NetworkScheduler.Stats: (REDACTED) Task %s/%s finished executing. cause:%s result: %s elapsed_millis: %s uptime_millis: %s exec_start_elapsed_seconds: %s
05-08 08:19:59.124  1349  1860 I MediaProvider: Begin Intent { act=android.intent.action.MEDIA_SCANNER_SCAN_FILE dat=file:///sdcard/screen_2025-05-08_161959.png flg=0x1400010 cmp=com.google.android.providers.media.module/com.android.providers.media.MediaService }
05-08 08:19:59.146  1349  1860 I MediaProvider: End Intent { act=android.intent.action.MEDIA_SCANNER_SCAN_FILE dat=file:///sdcard/screen_2025-05-08_161959.png flg=0x1400010 cmp=com.google.android.providers.media.module/com.android.providers.media.MediaService }
05-08 08:19:59.273  1349  1683 I MediaProvider: Deleted 0 1 0 0 0 0 0 items on external_primary due to com.android.shell
05-08 08:20:00.028  1412  1427 I gle.android.gm: Compiler allocated 5189KB to compile java.util.List chez.b(java.lang.String, java.util.List, java.util.List, java.lang.Long, boolean)
05-08 08:20:00.055  1412  1427 I gle.android.gm: Compiler allocated 5626KB to compile boolean chtt.aC(java.lang.String, long)
05-08 08:20:00.186  1349  5273 W MediaProvider: isAppCloneUserPair for user 0: false
05-08 08:20:00.210   176   176 I hwservicemanager: getTransport: Cannot find entry android.hardware.graphics.mapper@4.0::IMapper/default in either framework or device VINTF manifest.
05-08 08:20:00.211  6200  6203 I Gralloc4: mapper 4.x is not supported
05-08 08:20:00.387  1349  1860 I MediaProvider: Begin Intent { act=android.intent.action.MEDIA_SCANNER_SCAN_FILE dat=file:///sdcard/screen_2025-05-08_162000.png flg=0x1400010 cmp=com.google.android.providers.media.module/com.android.providers.media.MediaService }
05-08 08:20:00.442  1349  1860 I MediaProvider: End Intent { act=android.intent.action.MEDIA_SCANNER_SCAN_FILE dat=file:///sdcard/screen_2025-05-08_162000.png flg=0x1400010 cmp=com.google.android.providers.media.module/com.android.providers.media.MediaService }
05-08 08:20:00.524  1349  1505 I MediaProvider: Deleted 0 1 0 0 0 0 0 items on external_primary due to com.android.shell
05-08 08:20:00.526  1172  2228 I UriTaskContentObserver: (REDACTED) Throttling content uri change event for %s
05-08 08:20:00.912  6228  6228 I AndroidRuntime: Using default boot image
05-08 08:20:00.912  6228  6228 I AndroidRuntime: Leaving lock profiling enabled
05-08 08:20:00.912  6228  6228 W libc    : Access denied finding property "odsign.verification.success"
05-08 08:20:00.915  6228  6228 W app_process: ART APEX data files are untrusted.
05-08 08:20:00.908  6228  6228 W app_process: type=1400 audit(0.0:42): avc: denied { read } for name="u:object_r:odsign_prop:s0" dev="tmpfs" ino=203 scontext=u:r:shell:s0 tcontext=u:object_r:odsign_prop:s0 tclass=file permissive=0
05-08 08:20:00.990  6228  6228 W app_process: Unexpected CPU variant for X86 using defaults: x86_64
05-08 08:20:00.992  6228  6228 W app_process: ClassLoaderContext classpath size mismatch. expected=0, found=1 (PCL[] | PCL[/system/framework/android.test.runner.jar*1585996318])
05-08 08:20:02.033  6228  6228 I AccessibilityNodeInfoDumper: Skipping invisible child: android.view.accessibility.AccessibilityNodeInfo@a157; boundsInParent: Rect(0, 0 - 828, 0); boundsInScreen: Rect(126, 1518 - 954, 1518); packageName: com.google.android.gms; className: android.view.View; text: null; error: null; maxTextLength: -1; stateDescription: null; contentDescription: null; tooltipText: null; viewIdResName: null; checkable: false; checked: false; focusable: false; focused: false; selected: false; clickable: false; longClickable: false; contextClickable: false; enabled: true; password: false; scrollable: false; importantForAccessibility: false; visible: false; actions: [AccessibilityAction: ACTION_SELECT - null, AccessibilityAction: ACTION_CLEAR_SELECTION - null, AccessibilityAction: ACTION_ACCESSIBILITY_FOCUS - null, AccessibilityAction: ACTION_SHOW_ON_SCREEN - null]
05-08 08:20:02.038  6228  6228 W AccessibilityNodeInfoDumper: Fetch time: 12ms
05-08 08:20:02.061  2885  2904 I Finsky  : [49] nhh.run(63): Stats for Executor: BlockingExecutor sdu@b8a888[Running, pool size = 4, active threads = 0, queued tasks = 0, completed tasks = 32]
05-08 08:20:02.062  2885  2904 I Finsky  : [49] nhh.run(63): Stats for Executor: LightweightExecutor sdu@3296221[Running, pool size = 3, active threads = 0, queued tasks = 0, completed tasks = 213]
05-08 08:20:02.063  2885  2904 I Finsky  : [49] nhh.run(63): Stats for Executor: bgExecutor sdu@b0b0646[Running, pool size = 4, active threads = 0, queued tasks = 0, completed tasks = 304]
05-08 08:20:02.320  2885  2904 I Finsky  : [49] nhh.run(63): Stats for Executor: GrpcBackgroundExecutor sdu@52200a0[Running, pool size = 1, active threads = 0, queued tasks = 0, completed tasks = 1]
05-08 08:20:02.418  2981  3003 I Finsky:background: [51] nhh.run(63): Stats for Executor: bgExecutor sdu@3acfbec[Running, pool size = 4, active threads = 0, queued tasks = 0, completed tasks = 81]
05-08 08:20:02.419  2981  3003 I Finsky:background: [51] nhh.run(63): Stats for Executor: LightweightExecutor sdu@9f15bb5[Running, pool size = 3, active threads = 0, queued tasks = 0, completed tasks = 19]
05-08 08:20:02.426  2981  3003 I Finsky:background: [51] nhh.run(63): Stats for Executor: BlockingExecutor sdu@8b3624a[Running, pool size = 3, active threads = 0, queued tasks = 0, completed tasks = 15]
05-08 08:20:02.955  2981  3133 I PlayCommon: [93] aybv.j(213): Preparing logs for uploading
05-08 08:20:02.969  2981  3133 I PlayCommon: [93] aybv.j(1398): Connecting to server for timestamp: https://play.googleapis.com/play/log/timestamp
05-08 08:20:03.079  2981  2989 I ding:backgroun: Background young concurrent copying GC freed 6608(502KB) AllocSpace objects, 15(800KB) LOS objects, 48% free, 4317KB/8390KB, paused 312us,61us total 113.784ms
05-08 08:20:03.179  1349  1505 W MediaProvider: isAppCloneUserPair for user 0: false
05-08 08:20:03.208   176   176 I hwservicemanager: getTransport: Cannot find entry android.hardware.graphics.mapper@4.0::IMapper/default in either framework or device VINTF manifest.
05-08 08:20:03.208  6268  6270 I Gralloc4: mapper 4.x is not supported
05-08 08:20:03.354  1349  1860 I MediaProvider: Begin Intent { act=android.intent.action.MEDIA_SCANNER_SCAN_FILE dat=file:///sdcard/screen_2025-05-08_162003.png flg=0x1400010 cmp=com.google.android.providers.media.module/com.android.providers.media.MediaService }
05-08 08:20:03.361  1349  1860 I MediaProvider: End Intent { act=android.intent.action.MEDIA_SCANNER_SCAN_FILE dat=file:///sdcard/screen_2025-05-08_162003.png flg=0x1400010 cmp=com.google.android.providers.media.module/com.android.providers.media.MediaService }
05-08 08:20:03.439  1349  1504 I MediaProvider: Deleted 0 1 0 0 0 0 0 items on external_primary due to com.android.shell
05-08 08:20:03.440  1172  2228 I UriTaskContentObserver: (REDACTED) Throttling content uri change event for %s
05-08 08:20:03.853  2981  3133 I PlayCommon: [93] aybv.j(1856): Connecting to server: https://play.googleapis.com/play/log?format=raw&proto_v2=true
05-08 08:20:04.163  2981  3133 I PlayCommon: [93] aybv.j(2106): Successfully uploaded logs.
05-08 08:20:04.604  6011  6011 I Auth.Api.Credentials: [PhoneNumberHintChimeraActivity] Activity finished successfully. [CONTEXT service_id=363 ]
05-08 08:20:04.607  6011  6348 W GmsStrictMode: DISK_READ [CONTEXT service_id=256 ]
05-08 08:20:04.607  6011  6348 W GmsStrictMode: android.os.strictmode.DiskReadViolation
05-08 08:20:04.607  6011  6348 W GmsStrictMode: 	at android.os.StrictMode$AndroidBlockGuardPolicy.onReadFromDisk(StrictMode.java:1659)
05-08 08:20:04.607  6011  6348 W GmsStrictMode: 	at libcore.io.BlockGuardOs.access(BlockGuardOs.java:74)
05-08 08:20:04.607  6011  6348 W GmsStrictMode: 	at libcore.io.ForwardingOs.access(ForwardingOs.java:131)
05-08 08:20:04.607  6011  6348 W GmsStrictMode: 	at android.app.ActivityThread$AndroidOs.access(ActivityThread.java:7716)
05-08 08:20:04.607  6011  6348 W GmsStrictMode: 	at java.io.UnixFileSystem.checkAccess(UnixFileSystem.java:281)
05-08 08:20:04.607  6011  6348 W GmsStrictMode: 	at java.io.File.exists(File.java:813)
05-08 08:20:04.607  6011  6348 W GmsStrictMode: 	at android.app.ContextImpl.getDataDir(ContextImpl.java:2887)
05-08 08:20:04.607  6011  6348 W GmsStrictMode: 	at android.app.ContextImpl.getDir(ContextImpl.java:2906)
05-08 08:20:04.607  6011  6348 W GmsStrictMode: 	at android.content.ContextWrapper.getDir(ContextWrapper.java:326)
05-08 08:20:04.607  6011  6348 W GmsStrictMode: 	at android.content.ContextWrapper.getDir(ContextWrapper.java:326)
05-08 08:20:04.607  6011  6348 W GmsStrictMode: 	at busr.b(:com.google.android.gms@251333032@25.13.33 (190800-745790146):14)
05-08 08:20:04.607  6011  6348 W GmsStrictMode: 	at buso.a(:com.google.android.gms@251333032@25.13.33 (190800-745790146):1)
05-08 08:20:04.607  6011  6348 W GmsStrictMode: 	at flyi.a(:com.google.android.gms@251333032@25.13.33 (190800-745790146):16)
05-08 08:20:04.607  6011  6348 W GmsStrictMode: 	at busr.a(:com.google.android.gms@251333032@25.13.33 (190800-745790146):31)
05-08 08:20:04.607  6011  6348 W GmsStrictMode: 	at buhg.q(:com.google.android.gms@251333032@25.13.33 (190800-745790146):18)
05-08 08:20:04.607  6011  6348 W GmsStrictMode: 	at buhg.i(:com.google.android.gms@251333032@25.13.33 (190800-745790146):281)
05-08 08:20:04.607  6011  6348 W GmsStrictMode: 	at buhg.g(:com.google.android.gms@251333032@25.13.33 (190800-745790146):9)
05-08 08:20:04.607  6011  6348 W GmsStrictMode: 	at buhg.p(:com.google.android.gms@251333032@25.13.33 (190800-745790146):2)
05-08 08:20:04.607  6011  6348 W GmsStrictMode: 	at buml.g(:com.google.android.gms@251333032@25.13.33 (190800-745790146):91)
05-08 08:20:04.607  6011  6348 W GmsStrictMode: 	at buml.n(:com.google.android.gms@251333032@25.13.33 (190800-745790146):3)
05-08 08:20:04.607  6011  6348 W GmsStrictMode: 	at buml.j(:com.google.android.gms@251333032@25.13.33 (190800-745790146):27)
05-08 08:20:04.607  6011  6348 W GmsStrictMode: 	at buml.i(:com.google.android.gms@251333032@25.13.33 (190800-745790146):2)
05-08 08:20:04.607  6011  6348 W GmsStrictMode: 	at bpkt.a(:com.google.android.gms@251333032@25.13.33 (190800-745790146):48)
05-08 08:20:04.607  6011  6348 W GmsStrictMode: 	at aazf.e(:com.google.android.gms@251333032@25.13.33 (190800-745790146):129)
05-08 08:20:04.607  6011  6348 W GmsStrictMode: 	at aazf.d(:com.google.android.gms@251333032@25.13.33 (190800-745790146):61)
05-08 08:20:04.607  6011  6348 W GmsStrictMode: 	at yzs.onClick(:com.google.android.gms@251333032@25.13.33 (190800-745790146):19)
05-08 08:20:04.607  6011  6348 W GmsStrictMode: 	at android.view.View.performClick(View.java:7441)
05-08 08:20:04.607  6011  6348 W GmsStrictMode: 	at android.view.View.performClickInternal(View.java:7418)
05-08 08:20:04.607  6011  6348 W GmsStrictMode: 	at android.view.View.access$3700(View.java:835)
05-08 08:20:04.607  6011  6348 W GmsStrictMode: 	at android.view.View$PerformClick.run(View.java:28676)
05-08 08:20:04.607  6011  6348 W GmsStrictMode: 	at android.os.Handler.handleCallback(Handler.java:938)
05-08 08:20:04.607  6011  6348 W GmsStrictMode: 	at android.os.Handler.dispatchMessage(Handler.java:99)
05-08 08:20:04.607  6011  6348 W GmsStrictMode: 	at android.os.Looper.loopOnce(Looper.java:201)
05-08 08:20:04.607  6011  6348 W GmsStrictMode: 	at android.os.Looper.loop(Looper.java:288)
05-08 08:20:04.607  6011  6348 W GmsStrictMode: 	at android.app.ActivityThread.main(ActivityThread.java:7839)
05-08 08:20:04.607  6011  6348 W GmsStrictMode: 	at java.lang.reflect.Method.invoke(Native Method)
05-08 08:20:04.607  6011  6348 W GmsStrictMode: 	at com.android.internal.os.RuntimeInit$MethodAndArgsCaller.run(RuntimeInit.java:548)
05-08 08:20:04.607  6011  6348 W GmsStrictMode: 	at com.android.internal.os.ZygoteInit.main(ZygoteInit.java:1003)
05-08 08:20:04.608  6011  6348 W GmsStrictMode: DISK_READ [CONTEXT service_id=256 ]
05-08 08:20:04.608  6011  6348 W GmsStrictMode: android.os.strictmode.DiskReadViolation
05-08 08:20:04.608  6011  6348 W GmsStrictMode: 	at android.os.StrictMode$AndroidBlockGuardPolicy.onReadFromDisk(StrictMode.java:1659)
05-08 08:20:04.608  6011  6348 W GmsStrictMode: 	at libcore.io.BlockGuardOs.access(BlockGuardOs.java:74)
05-08 08:20:04.608  6011  6348 W GmsStrictMode: 	at libcore.io.ForwardingOs.access(ForwardingOs.java:131)
05-08 08:20:04.608  6011  6348 W GmsStrictMode: 	at android.app.ActivityThread$AndroidOs.access(ActivityThread.java:7716)
05-08 08:20:04.608  6011  6348 W GmsStrictMode: 	at java.io.UnixFileSystem.checkAccess(UnixFileSystem.java:281)
05-08 08:20:04.608  6011  6348 W GmsStrictMode: 	at java.io.File.exists(File.java:813)
05-08 08:20:04.608  6011  6348 W GmsStrictMode: 	at android.app.ContextImpl.getDir(ContextImpl.java:2907)
05-08 08:20:04.608  6011  6348 W GmsStrictMode: 	at android.content.ContextWrapper.getDir(ContextWrapper.java:326)
05-08 08:20:04.608  6011  6348 W GmsStrictMode: 	at android.content.ContextWrapper.getDir(ContextWrapper.java:326)
05-08 08:20:04.608  6011  6348 W GmsStrictMode: 	at busr.b(:com.google.android.gms@251333032@25.13.33 (190800-745790146):14)
05-08 08:20:04.608  6011  6348 W GmsStrictMode: 	at buso.a(:com.google.android.gms@251333032@25.13.33 (190800-745790146):1)
05-08 08:20:04.608  6011  6348 W GmsStrictMode: 	at flyi.a(:com.google.android.gms@251333032@25.13.33 (190800-745790146):16)
05-08 08:20:04.608  6011  6348 W GmsStrictMode: 	at busr.a(:com.google.android.gms@251333032@25.13.33 (190800-745790146):31)
05-08 08:20:04.608  6011  6348 W GmsStrictMode: 	at buhg.q(:com.google.android.gms@251333032@25.13.33 (190800-745790146):18)
05-08 08:20:04.608  6011  6348 W GmsStrictMode: 	at buhg.i(:com.google.android.gms@251333032@25.13.33 (190800-745790146):281)
05-08 08:20:04.608  6011  6348 W GmsStrictMode: 	at buhg.g(:com.google.android.gms@251333032@25.13.33 (190800-745790146):9)
05-08 08:20:04.608  6011  6348 W GmsStrictMode: 	at buhg.p(:com.google.android.gms@251333032@25.13.33 (190800-745790146):2)
05-08 08:20:04.608  6011  6348 W GmsStrictMode: 	at buml.g(:com.google.android.gms@251333032@25.13.33 (190800-745790146):91)
05-08 08:20:04.608  6011  6348 W GmsStrictMode: 	at buml.n(:com.google.android.gms@251333032@25.13.33 (190800-745790146):3)
05-08 08:20:04.608  6011  6348 W GmsStrictMode: 	at buml.j(:com.google.android.gms@251333032@25.13.33 (190800-745790146):27)
05-08 08:20:04.608  6011  6348 W GmsStrictMode: 	at buml.i(:com.google.android.gms@251333032@25.13.33 (190800-745790146):2)
05-08 08:20:04.608  6011  6348 W GmsStrictMode: 	at bpkt.a(:com.google.android.gms@251333032@25.13.33 (190800-745790146):48)
05-08 08:20:04.608  6011  6348 W GmsStrictMode: 	at aazf.e(:com.google.android.gms@251333032@25.13.33 (190800-745790146):129)
05-08 08:20:04.608  6011  6348 W GmsStrictMode: 	at aazf.d(:com.google.android.gms@251333032@25.13.33 (190800-745790146):61)
05-08 08:20:04.608  6011  6348 W GmsStrictMode: 	at yzs.onClick(:com.google.android.gms@251333032@25.13.33 (190800-745790146):19)
05-08 08:20:04.608  6011  6348 W GmsStrictMode: 	at android.view.View.performClick(View.java:7441)
05-08 08:20:04.608  6011  6348 W GmsStrictMode: 	at android.view.View.performClickInternal(View.java:7418)
05-08 08:20:04.608  6011  6348 W GmsStrictMode: 	at android.view.View.access$3700(View.java:835)
05-08 08:20:04.608  6011  6348 W GmsStrictMode: 	at android.view.View$PerformClick.run(View.java:28676)
05-08 08:20:04.608  6011  6348 W GmsStrictMode: 	at android.os.Handler.handleCallback(Handler.java:938)
05-08 08:20:04.608  6011  6348 W GmsStrictMode: 	at android.os.Handler.dispatchMessage(Handler.java:99)
05-08 08:20:04.608  6011  6348 W GmsStrictMode: 	at android.os.Looper.loopOnce(Looper.java:201)
05-08 08:20:04.608  6011  6348 W GmsStrictMode: 	at android.os.Looper.loop(Looper.java:288)
05-08 08:20:04.608  6011  6348 W GmsStrictMode: 	at android.app.ActivityThread.main(ActivityThread.java:7839)
05-08 08:20:04.608  6011  6348 W GmsStrictMode: 	at java.lang.reflect.Method.invoke(Native Method)
05-08 08:20:04.608  6011  6348 W GmsStrictMode: 	at com.android.internal.os.RuntimeInit$MethodAndArgsCaller.run(RuntimeInit.java:548)
05-08 08:20:04.608  6011  6348 W GmsStrictMode: 	at com.android.internal.os.ZygoteInit.main(ZygoteInit.java:1003)
05-08 08:20:04.608  6011  6348 W GmsStrictMode: DISK_READ [CONTEXT service_id=256 ]
05-08 08:20:04.608  6011  6348 W GmsStrictMode: android.os.strictmode.DiskReadViolation
05-08 08:20:04.608  6011  6348 W GmsStrictMode: 	at android.os.StrictMode$AndroidBlockGuardPolicy.onReadFromDisk(StrictMode.java:1659)
05-08 08:20:04.608  6011  6348 W GmsStrictMode: 	at libcore.io.BlockGuardOs.access(BlockGuardOs.java:74)
05-08 08:20:04.608  6011  6348 W GmsStrictMode: 	at libcore.io.ForwardingOs.access(ForwardingOs.java:131)
05-08 08:20:04.608  6011  6348 W GmsStrictMode: 	at android.app.ActivityThread$AndroidOs.access(ActivityThread.java:7716)
05-08 08:20:04.608  6011  6348 W GmsStrictMode: 	at java.io.UnixFileSystem.checkAccess(UnixFileSystem.java:281)
05-08 08:20:04.608  6011  6348 W GmsStrictMode: 	at java.io.File.exists(File.java:813)
05-08 08:20:04.608  6011  6348 W GmsStrictMode: 	at buso.a(:com.google.android.gms@251333032@25.13.33 (190800-745790146):5)
05-08 08:20:04.608  6011  6348 W GmsStrictMode: 	at flyi.a(:com.google.android.gms@251333032@25.13.33 (190800-745790146):16)
05-08 08:20:04.608  6011  6348 W GmsStrictMode: 	at busr.a(:com.google.android.gms@251333032@25.13.33 (190800-745790146):31)
05-08 08:20:04.608  6011  6348 W GmsStrictMode: 	at buhg.q(:com.google.android.gms@251333032@25.13.33 (190800-745790146):18)
05-08 08:20:04.608  6011  6348 W GmsStrictMode: 	at buhg.i(:com.google.android.gms@251333032@25.13.33 (190800-745790146):281)
05-08 08:20:04.608  6011  6348 W GmsStrictMode: 	at buhg.g(:com.google.android.gms@251333032@25.13.33 (190800-745790146):9)
05-08 08:20:04.608  6011  6348 W GmsStrictMode: 	at buhg.p(:com.google.android.gms@251333032@25.13.33 (190800-745790146):2)
05-08 08:20:04.608  6011  6348 W GmsStrictMode: 	at buml.g(:com.google.android.gms@251333032@25.13.33 (190800-745790146):91)
05-08 08:20:04.608  6011  6348 W GmsStrictMode: 	at buml.n(:com.google.android.gms@251333032@25.13.33 (190800-745790146):3)
05-08 08:20:04.608  6011  6348 W GmsStrictMode: 	at buml.j(:com.google.android.gms@251333032@25.13.33 (190800-745790146):27)
05-08 08:20:04.608  6011  6348 W GmsStrictMode: 	at buml.i(:com.google.android.gms@251333032@25.13.33 (190800-745790146):2)
05-08 08:20:04.608  6011  6348 W GmsStrictMode: 	at bpkt.a(:com.google.android.gms@251333032@25.13.33 (190800-745790146):48)
05-08 08:20:04.608  6011  6348 W GmsStrictMode: 	at aazf.e(:com.google.android.gms@251333032@25.13.33 (190800-745790146):129)
05-08 08:20:04.608  6011  6348 W GmsStrictMode: 	at aazf.d(:com.google.android.gms@251333032@25.13.33 (190800-745790146):61)
05-08 08:20:04.608  6011  6348 W GmsStrictMode: 	at yzs.onClick(:com.google.android.gms@251333032@25.13.33 (190800-745790146):19)
05-08 08:20:04.608  6011  6348 W GmsStrictMode: 	at android.view.View.performClick(View.java:7441)
05-08 08:20:04.608  6011  6348 W GmsStrictMode: 	at android.view.View.performClickInternal(View.java:7418)
05-08 08:20:04.608  6011  6348 W GmsStrictMode: 	at android.view.View.access$3700(View.java:835)
05-08 08:20:04.608  6011  6348 W GmsStrictMode: 	at android.view.View$PerformClick.run(View.java:28676)
05-08 08:20:04.608  6011  6348 W GmsStrictMode: 	at android.os.Handler.handleCallback(Handler.java:938)
05-08 08:20:04.608  6011  6348 W GmsStrictMode: 	at android.os.Handler.dispatchMessage(Handler.java:99)
05-08 08:20:04.608  6011  6348 W GmsStrictMode: 	at android.os.Looper.loopOnce(Looper.java:201)
05-08 08:20:04.608  6011  6348 W GmsStrictMode: 	at android.os.Looper.loop(Looper.java:288)
05-08 08:20:04.608  6011  6348 W GmsStrictMode: 	at android.app.ActivityThread.main(ActivityThread.java:7839)
05-08 08:20:04.608  6011  6348 W GmsStrictMode: 	at java.lang.reflect.Method.invoke(Native Method)
05-08 08:20:04.608  6011  6348 W GmsStrictMode: 	at com.android.internal.os.RuntimeInit$MethodAndArgsCaller.run(RuntimeInit.java:548)
05-08 08:20:04.608  6011  6348 W GmsStrictMode: 	at com.android.internal.os.ZygoteInit.main(ZygoteInit.java:1003)
05-08 08:20:04.608  6011  6348 W GmsStrictMode: DISK_READ [CONTEXT service_id=256 ]
05-08 08:20:04.608  6011  6348 W GmsStrictMode: android.os.strictmode.DiskReadViolation
05-08 08:20:04.608  6011  6348 W GmsStrictMode: 	at android.os.StrictMode$AndroidBlockGuardPolicy.onReadFromDisk(StrictMode.java:1659)
05-08 08:20:04.608  6011  6348 W GmsStrictMode: 	at libcore.io.BlockGuardOs.open(BlockGuardOs.java:268)
05-08 08:20:04.608  6011  6348 W GmsStrictMode: 	at libcore.io.ForwardingOs.open(ForwardingOs.java:567)
05-08 08:20:04.608  6011  6348 W GmsStrictMode: 	at android.app.ActivityThread$AndroidOs.open(ActivityThread.java:7725)
05-08 08:20:04.608  6011  6348 W GmsStrictMode: 	at libcore.io.IoBridge.open(IoBridge.java:561)
05-08 08:20:04.608  6011  6348 W GmsStrictMode: 	at java.io.FileInputStream.<init>(FileInputStream.java:160)
05-08 08:20:04.608  6011  6348 W GmsStrictMode: 	at buso.a(:com.google.android.gms@251333032@25.13.33 (190800-745790146):129)
05-08 08:20:04.608  6011  6348 W GmsStrictMode: 	at flyi.a(:com.google.android.gms@251333032@25.13.33 (190800-745790146):16)
05-08 08:20:04.608  6011  6348 W GmsStrictMode: 	at busr.a(:com.google.android.gms@251333032@25.13.33 (190800-745790146):31)
05-08 08:20:04.608  6011  6348 W GmsStrictMode: 	at buhg.q(:com.google.android.gms@251333032@25.13.33 (190800-745790146):18)
05-08 08:20:04.608  6011  6348 W GmsStrictMode: 	at buhg.i(:com.google.android.gms@251333032@25.13.33 (190800-745790146):281)
05-08 08:20:04.608  6011  6348 W GmsStrictMode: 	at buhg.g(:com.google.android.gms@251333032@25.13.33 (190800-745790146):9)
05-08 08:20:04.608  6011  6348 W GmsStrictMode: 	at buhg.p(:com.google.android.gms@251333032@25.13.33 (190800-745790146):2)
05-08 08:20:04.608  6011  6348 W GmsStrictMode: 	at buml.g(:com.google.android.gms@251333032@25.13.33 (190800-745790146):91)
05-08 08:20:04.608  6011  6348 W GmsStrictMode: 	at buml.n(:com.google.android.gms@251333032@25.13.33 (190800-745790146):3)
05-08 08:20:04.608  6011  6348 W GmsStrictMode: 	at buml.j(:com.google.android.gms@251333032@25.13.33 (190800-745790146):27)
05-08 08:20:04.608  6011  6348 W GmsStrictMode: 	at buml.i(:com.google.android.gms@251333032@25.13.33 (190800-745790146):2)
05-08 08:20:04.608  6011  6348 W GmsStrictMode: 	at bpkt.a(:com.google.android.gms@251333032@25.13.33 (190800-745790146):48)
05-08 08:20:04.608  6011  6348 W GmsStrictMode: 	at aazf.e(:com.google.android.gms@251333032@25.13.33 (190800-745790146):129)
05-08 08:20:04.608  6011  6348 W GmsStrictMode: 	at aazf.d(:com.google.android.gms@251333032@25.13.33 (190800-745790146):61)
05-08 08:20:04.608  6011  6348 W GmsStrictMode: 	at yzs.onClick(:com.google.android.gms@251333032@25.13.33 (190800-745790146):19)
05-08 08:20:04.608  6011  6348 W GmsStrictMode: 	at android.view.View.performClick(View.java:7441)
05-08 08:20:04.608  6011  6348 W GmsStrictMode: 	at android.view.View.performClickInternal(View.java:7418)
05-08 08:20:04.608  6011  6348 W GmsStrictMode: 	at android.view.View.access$3700(View.java:835)
05-08 08:20:04.608  6011  6348 W GmsStrictMode: 	at android.view.View$PerformClick.run(View.java:28676)
05-08 08:20:04.608  6011  6348 W GmsStrictMode: 	at android.os.Handler.handleCallback(Handler.java:938)
05-08 08:20:04.608  6011  6348 W GmsStrictMode: 	at android.os.Handler.dispatchMessage(Handler.java:99)
05-08 08:20:04.608  6011  6348 W GmsStrictMode: 	at android.os.Looper.loopOnce(Looper.java:201)
05-08 08:20:04.608  6011  6348 W GmsStrictMode: 	at android.os.Looper.loop(Looper.java:288)
05-08 08:20:04.608  6011  6348 W GmsStrictMode: 	at android.app.ActivityThread.main(ActivityThread.java:7839)
05-08 08:20:04.608  6011  6348 W GmsStrictMode: 	at java.lang.reflect.Method.invoke(Native Method)
05-08 08:20:04.608  6011  6348 W GmsStrictMode: 	at com.android.internal.os.RuntimeInit$MethodAndArgsCaller.run(RuntimeInit.java:548)
05-08 08:20:04.608  6011  6348 W GmsStrictMode: 	at com.android.internal.os.ZygoteInit.main(ZygoteInit.java:1003)
05-08 08:20:04.609  6011  6348 W GmsStrictMode: DISK_READ [CONTEXT service_id=256 ]
05-08 08:20:04.609  6011  6348 W GmsStrictMode: android.os.strictmode.DiskReadViolation
05-08 08:20:04.609  6011  6348 W GmsStrictMode: 	at android.os.StrictMode$AndroidBlockGuardPolicy.onReadFromDisk(StrictMode.java:1659)
05-08 08:20:04.609  6011  6348 W GmsStrictMode: 	at libcore.io.BlockGuardOs.fstat(BlockGuardOs.java:193)
05-08 08:20:04.609  6011  6348 W GmsStrictMode: 	at libcore.io.ForwardingOs.fstat(ForwardingOs.java:264)
05-08 08:20:04.609  6011  6348 W GmsStrictMode: 	at libcore.io.IoBridge.open(IoBridge.java:564)
05-08 08:20:04.609  6011  6348 W GmsStrictMode: 	at java.io.FileInputStream.<init>(FileInputStream.java:160)
05-08 08:20:04.609  6011  6348 W GmsStrictMode: 	at buso.a(:com.google.android.gms@251333032@25.13.33 (190800-745790146):129)
05-08 08:20:04.609  6011  6348 W GmsStrictMode: 	at flyi.a(:com.google.android.gms@251333032@25.13.33 (190800-745790146):16)
05-08 08:20:04.609  6011  6348 W GmsStrictMode: 	at busr.a(:com.google.android.gms@251333032@25.13.33 (190800-745790146):31)
05-08 08:20:04.609  6011  6348 W GmsStrictMode: 	at buhg.q(:com.google.android.gms@251333032@25.13.33 (190800-745790146):18)
05-08 08:20:04.609  6011  6348 W GmsStrictMode: 	at buhg.i(:com.google.android.gms@251333032@25.13.33 (190800-745790146):281)
05-08 08:20:04.609  6011  6348 W GmsStrictMode: 	at buhg.g(:com.google.android.gms@251333032@25.13.33 (190800-745790146):9)
05-08 08:20:04.609  6011  6348 W GmsStrictMode: 	at buhg.p(:com.google.android.gms@251333032@25.13.33 (190800-745790146):2)
05-08 08:20:04.609  6011  6348 W GmsStrictMode: 	at buml.g(:com.google.android.gms@251333032@25.13.33 (190800-745790146):91)
05-08 08:20:04.609  6011  6348 W GmsStrictMode: 	at buml.n(:com.google.android.gms@251333032@25.13.33 (190800-745790146):3)
05-08 08:20:04.609  6011  6348 W GmsStrictMode: 	at buml.j(:com.google.android.gms@251333032@25.13.33 (190800-745790146):27)
05-08 08:20:04.609  6011  6348 W GmsStrictMode: 	at buml.i(:com.google.android.gms@251333032@25.13.33 (190800-745790146):2)
05-08 08:20:04.609  6011  6348 W GmsStrictMode: 	at bpkt.a(:com.google.android.gms@251333032@25.13.33 (190800-745790146):48)
05-08 08:20:04.609  6011  6348 W GmsStrictMode: 	at aazf.e(:com.google.android.gms@251333032@25.13.33 (190800-745790146):129)
05-08 08:20:04.609  6011  6348 W GmsStrictMode: 	at aazf.d(:com.google.android.gms@251333032@25.13.33 (190800-745790146):61)
05-08 08:20:04.609  6011  6348 W GmsStrictMode: 	at yzs.onClick(:com.google.android.gms@251333032@25.13.33 (190800-745790146):19)
05-08 08:20:04.609  6011  6348 W GmsStrictMode: 	at android.view.View.performClick(View.java:7441)
05-08 08:20:04.609  6011  6348 W GmsStrictMode: 	at android.view.View.performClickInternal(View.java:7418)
05-08 08:20:04.609  6011  6348 W GmsStrictMode: 	at android.view.View.access$3700(View.java:835)
05-08 08:20:04.609  6011  6348 W GmsStrictMode: 	at android.view.View$PerformClick.run(View.java:28676)
05-08 08:20:04.609  6011  6348 W GmsStrictMode: 	at android.os.Handler.handleCallback(Handler.java:938)
05-08 08:20:04.609  6011  6348 W GmsStrictMode: 	at android.os.Handler.dispatchMessage(Handler.java:99)
05-08 08:20:04.609  6011  6348 W GmsStrictMode: 	at android.os.Looper.loopOnce(Looper.java:201)
05-08 08:20:04.609  6011  6348 W GmsStrictMode: 	at android.os.Looper.loop(Looper.java:288)
05-08 08:20:04.609  6011  6348 W GmsStrictMode: 	at android.app.ActivityThread.main(ActivityThread.java:7839)
05-08 08:20:04.609  6011  6348 W GmsStrictMode: 	at java.lang.reflect.Method.invoke(Native Method)
05-08 08:20:04.609  6011  6348 W GmsStrictMode: 	at com.android.internal.os.RuntimeInit$MethodAndArgsCaller.run(RuntimeInit.java:548)
05-08 08:20:04.609  6011  6348 W GmsStrictMode: 	at com.android.internal.os.ZygoteInit.main(ZygoteInit.java:1003)
05-08 08:20:04.609  6011  6348 W GmsStrictMode: DISK_READ [CONTEXT service_id=256 ]
05-08 08:20:04.609  6011  6348 W GmsStrictMode: android.os.strictmode.DiskReadViolation
05-08 08:20:04.609  6011  6348 W GmsStrictMode: 	at android.os.StrictMode$AndroidBlockGuardPolicy.onReadFromDisk(StrictMode.java:1659)
05-08 08:20:04.609  6011  6348 W GmsStrictMode: 	at libcore.io.BlockGuardOs.read(BlockGuardOs.java:323)
05-08 08:20:04.609  6011  6348 W GmsStrictMode: 	at libcore.io.ForwardingOs.read(ForwardingOs.java:617)
05-08 08:20:04.609  6011  6348 W GmsStrictMode: 	at libcore.io.IoBridge.read(IoBridge.java:606)
05-08 08:20:04.609  6011  6348 W GmsStrictMode: 	at java.io.FileInputStream.read(FileInputStream.java:323)
05-08 08:20:04.609  6011  6348 W GmsStrictMode: 	at gkqh.Y(:com.google.android.gms@251333032@25.13.33 (190800-745790146):1)
05-08 08:20:04.609  6011  6348 W GmsStrictMode: 	at gkqh.ac(:com.google.android.gms@251333032@25.13.33 (190800-745790146):66)
05-08 08:20:04.609  6011  6348 W GmsStrictMode: 	at gkqh.D(:com.google.android.gms@251333032@25.13.33 (190800-745790146):8)
05-08 08:20:04.609  6011  6348 W GmsStrictMode: 	at buso.a(:com.google.android.gms@251333032@25.13.33 (190800-745790146):136)
05-08 08:20:04.609  6011  6348 W GmsStrictMode: 	at flyi.a(:com.google.android.gms@251333032@25.13.33 (190800-745790146):16)
05-08 08:20:04.609  6011  6348 W GmsStrictMode: 	at busr.a(:com.google.android.gms@251333032@25.13.33 (190800-745790146):31)
05-08 08:20:04.609  6011  6348 W GmsStrictMode: 	at buhg.q(:com.google.android.gms@251333032@25.13.33 (190800-745790146):18)
05-08 08:20:04.609  6011  6348 W GmsStrictMode: 	at buhg.i(:com.google.android.gms@251333032@25.13.33 (190800-745790146):281)
05-08 08:20:04.609  6011  6348 W GmsStrictMode: 	at buhg.g(:com.google.android.gms@251333032@25.13.33 (190800-745790146):9)
05-08 08:20:04.609  6011  6348 W GmsStrictMode: 	at buhg.p(:com.google.android.gms@251333032@25.13.33 (190800-745790146):2)
05-08 08:20:04.609  6011  6348 W GmsStrictMode: 	at buml.g(:com.google.android.gms@251333032@25.13.33 (190800-745790146):91)
05-08 08:20:04.609  6011  6348 W GmsStrictMode: 	at buml.n(:com.google.android.gms@251333032@25.13.33 (190800-745790146):3)
05-08 08:20:04.609  6011  6348 W GmsStrictMode: 	at buml.j(:com.google.android.gms@251333032@25.13.33 (190800-745790146):27)
05-08 08:20:04.609  6011  6348 W GmsStrictMode: 	at buml.i(:com.google.android.gms@251333032@25.13.33 (190800-745790146):2)
05-08 08:20:04.609  6011  6348 W GmsStrictMode: 	at bpkt.a(:com.google.android.gms@251333032@25.13.33 (190800-745790146):48)
05-08 08:20:04.609  6011  6348 W GmsStrictMode: 	at aazf.e(:com.google.android.gms@251333032@25.13.33 (190800-745790146):129)
05-08 08:20:04.609  6011  6348 W GmsStrictMode: 	at aazf.d(:com.google.android.gms@251333032@25.13.33 (190800-745790146):61)
05-08 08:20:04.609  6011  6348 W GmsStrictMode: 	at yzs.onClick(:com.google.android.gms@251333032@25.13.33 (190800-745790146):19)
05-08 08:20:04.609  6011  6348 W GmsStrictMode: 	at android.view.View.performClick(View.java:7441)
05-08 08:20:04.609  6011  6348 W GmsStrictMode: 	at android.view.View.performClickInternal(View.java:7418)
05-08 08:20:04.609  6011  6348 W GmsStrictMode: 	at android.view.View.access$3700(View.java:835)
05-08 08:20:04.609  6011  6348 W GmsStrictMode: 	at android.view.View$PerformClick.run(View.java:28676)
05-08 08:20:04.609  6011  6348 W GmsStrictMode: 	at android.os.Handler.handleCallback(Handler.java:938)
05-08 08:20:04.609  6011  6348 W GmsStrictMode: 	at android.os.Handler.dispatchMessage(Handler.java:99)
05-08 08:20:04.609  6011  6348 W GmsStrictMode: 	at android.os.Looper.loopOnce(Looper.java:201)
05-08 08:20:04.609  6011  6348 W GmsStrictMode: 	at android.os.Looper.loop(Looper.java:288)
05-08 08:20:04.609  6011  6348 W GmsStrictMode: 	at android.app.ActivityThread.main(ActivityThread.java:7839)
05-08 08:20:04.609  6011  6348 W GmsStrictMode: 	at java.lang.reflect.Method.invoke(Native Method)
05-08 08:20:04.609  6011  6348 W GmsStrictMode: 	at com.android.internal.os.RuntimeInit$MethodAndArgsCaller.run(RuntimeInit.java:548)
05-08 08:20:04.609  6011  6348 W GmsStrictMode: 	at com.android.internal.os.ZygoteInit.main(ZygoteInit.java:1003)
05-08 08:20:04.622   538  2867 I ActivityManager: Killing 4465:com.cnn.mobile.android.phone/u0a168 (adj 985): empty #17
05-08 08:20:04.643   176   176 I hwservicemanager: getTransport: Cannot find entry android.hardware.graphics.mapper@4.0::IMapper/default in either framework or device VINTF manifest.
05-08 08:20:04.644   321   321 I Zygote  : Process 4465 exited due to signal 9 (Killed)
05-08 08:20:04.645   538  2867 I Gralloc4: mapper 4.x is not supported
05-08 08:20:04.663   365   365 I BpBinder: onLastStrongRef automatically unlinking death recipients: <uncached descriptor>
05-08 08:20:04.664   360   708 W AudioFlinger: createTrack_l(): mismatch between requested flags (00000004) and output flags (00000002)
05-08 08:20:04.669   538   594 I libprocessgroup: Successfully killed process cgroup uid 10168 pid 4465 in 44ms
05-08 08:20:04.709   538  4234 W ServiceManager: Permission failure: android.permission.HIGH_SAMPLING_RATE_SENSORS from uid=10148 pid=5664
05-08 08:20:04.711   538   922 W ServiceManager: Permission failure: android.permission.HIGH_SAMPLING_RATE_SENSORS from uid=10148 pid=5664
05-08 08:20:04.713   538  4234 W ServiceManager: Permission failure: android.permission.HIGH_SAMPLING_RATE_SENSORS from uid=10148 pid=5664
05-08 08:20:04.721   176   176 I hwservicemanager: getTransport: Cannot find entry android.hardware.configstore@1.0::ISurfaceFlingerConfigs/default in either framework or device VINTF manifest.
05-08 08:20:04.722   538  6351 W OpenGLRenderer: Failed to choose config with EGL_SWAP_BEHAVIOR_PRESERVED, retrying without...
05-08 08:20:04.723   538  6351 W OpenGLRenderer: Failed to initialize 101010-2 format, error = EGL_SUCCESS
05-08 08:20:04.766  5664  5733 E FA      : Name must consist of letters, digits or _ (underscores). Type, name: event param, Time Stamp
05-08 08:20:04.796  5664  5664 I CameraManagerGlobal: Connecting to camera service
05-08 08:20:04.809   432   640 W ServiceManager: Permission failure: android.permission.CAMERA_OPEN_CLOSE_LISTENER from uid=10148 pid=5664
05-08 08:20:04.816   432   640 W ServiceManager: Permission failure: android.permission.CAMERA from uid=10148 pid=5664
05-08 08:20:04.828   432   640 W ServiceManager: Permission failure: android.permission.CAMERA from uid=10148 pid=5664
05-08 08:20:04.840   538  3808 W ServiceManager: Permission failure: android.permission.HIGH_SAMPLING_RATE_SENSORS from uid=10148 pid=5664
05-08 08:20:04.842   538  2386 W ServiceManager: Permission failure: android.permission.HIGH_SAMPLING_RATE_SENSORS from uid=10148 pid=5664
05-08 08:20:04.870  5664  5725 E MoEngage: 7H8YBFR96GL05OOCI0ZP59G9 InApp_8.7.1_ViewBuilder showGeneralInApp() : No suitable campaign found
05-08 08:20:04.873  5664  5733 E FA      : Name must consist of letters, digits or _ (underscores). Type, name: event param, Time Stamp
05-08 08:20:04.901   538   918 E InputMethodManagerService: SOFT_INPUT_STATE_VISIBLE is ignored because there is no focused view that also returns true from View#onCheckIsTextEditor()
05-08 08:20:04.941   538   581 I ActivityManager: Killing 2121:com.google.android.apps.messaging/u0a98 (adj 985): empty #17
05-08 08:20:04.944   538  4234 W InputManager-JNI: Input channel object 'a5d1015 com.google.android.gms/com.google.android.gms.auth.api.credentials.assistedsignin.ui.PhoneNumberHintActivity (client)' was disposed without first being removed with the input manager!
05-08 08:20:04.950   538   594 I libprocessgroup: Successfully killed process cgroup uid 10098 pid 2121 in 0ms
05-08 08:20:04.960   538  4234 W InputManager-JNI: Input channel object '987b982 com.google.android.gms/com.google.android.gms.auth.api.credentials.assistedsignin.ui.PhoneNumberHintActivity (client)' was disposed without first being removed with the input manager!
05-08 08:20:04.962   321   321 I Zygote  : Process 2121 exited due to signal 9 (Killed)
05-08 08:20:04.970  1412  2249 I AdvertisingIdClient: shouldSendLog 49724
05-08 08:20:04.970  1412  2249 I AdvertisingIdClient: GetInfoInternal elapse 2ms
05-08 08:20:05.039  5664  5687 W System  : Ignoring header If-None-Match because its value was null.
05-08 08:20:05.862  5664  5753 W GoogleTagManager: Event does not have parameter "eventAction" and no default value was defined. Returning "undefined".
05-08 08:20:05.869  5664  5753 W GoogleTagManager: Event does not have parameter "eventAction" and no default value was defined. Returning "undefined".
05-08 08:20:05.879  5664  5753 W GoogleTagManager: Event does not have parameter "eventAction" and no default value was defined. Returning "undefined".
05-08 08:20:05.880  5664  5753 W GoogleTagManager: Event does not have parameter "eventLabel" and no default value was defined. Returning "undefined".
05-08 08:20:05.883  1349  1505 W MediaProvider: isAppCloneUserPair for user 0: false
05-08 08:20:05.892  5664  5753 W GoogleTagManager: Event does not have parameter "eventAction" and no default value was defined. Returning "undefined".
05-08 08:20:05.893  5664  5753 W GoogleTagManager: Event does not have parameter "cd4" and no default value was defined. Returning "undefined".
05-08 08:20:05.893  5664  5753 W GoogleTagManager: Event does not have parameter "cd5" and no default value was defined. Returning "undefined".
05-08 08:20:05.893  5664  5753 W GoogleTagManager: Event does not have parameter "cd6" and no default value was defined. Returning "undefined".
05-08 08:20:05.896  5664  5753 W GoogleTagManager: Event does not have parameter "cd7" and no default value was defined. Returning "undefined".
05-08 08:20:05.896  5664  5753 W GoogleTagManager: Event does not have parameter "cd8" and no default value was defined. Returning "undefined".
05-08 08:20:05.896  5664  5753 W GoogleTagManager: Event does not have parameter "cd9" and no default value was defined. Returning "undefined".
05-08 08:20:05.896  5664  5753 W GoogleTagManager: Event does not have parameter "cd11" and no default value was defined. Returning "undefined".
