05-18 06:11:29.187  1126  1163 W MobStoreFlagStore: 	at java.util.concurrent.ThreadPoolExecutor$Worker.run(ThreadPoolExecutor.java:641)
05-18 06:11:29.187  1126  1163 W MobStoreFlagStore: 	at atkn.run(:com.google.android.gms@251333032@25.13.33 (190800-745790146):10)
05-18 06:11:29.187  1126  1163 W MobStoreFlagStore: 	at java.lang.Thread.run(Thread.java:920)
05-18 06:11:29.187  1126  1163 W MobStoreFlagStore: Caused by: exah: 17: 17: API: Phenotype.API is not available on this device. Connection failed with: ConnectionResult{statusCode=API_UNAVAILABLE, resolution=null, message=null}
05-18 06:11:29.187  1126  1163 W MobStoreFlagStore: 	at exaj.a(:com.google.android.gms@251333032@25.13.33 (190800-745790146):13)
05-18 06:11:29.187  1126  1163 W MobStoreFlagStore: 	at frqi.d(:com.google.android.gms@251333032@25.13.33 (190800-745790146):3)
05-18 06:11:29.187  1126  1163 W MobStoreFlagStore: 	at frqk.run(:com.google.android.gms@251333032@25.13.33 (190800-745790146):130)
05-18 06:11:29.187  1126  1163 W MobStoreFlagStore: 	at frsr.execute(:com.google.android.gms@251333032@25.13.33 (190800-745790146):1)
05-18 06:11:29.187  1126  1163 W MobStoreFlagStore: 	at frqs.f(:com.google.android.gms@251333032@25.13.33 (190800-745790146):1)
05-18 06:11:29.187  1126  1163 W MobStoreFlagStore: 	at frqs.m(:com.google.android.gms@251333032@25.13.33 (190800-745790146):99)
05-18 06:11:29.187  1126  1163 W MobStoreFlagStore: 	at frqs.r(:com.google.android.gms@251333032@25.13.33 (190800-745790146):17)
05-18 06:11:29.187  1126  1163 W MobStoreFlagStore: 	at epoq.hC(:com.google.android.gms@251333032@25.13.33 (190800-745790146):35)
05-18 06:11:29.187  1126  1163 W MobStoreFlagStore: 	at edxu.run(:com.google.android.gms@251333032@25.13.33 (190800-745790146):12)
05-18 06:11:29.187  1126  1163 W MobStoreFlagStore: 	at frsr.execute(:com.google.android.gms@251333032@25.13.33 (190800-745790146):1)
05-18 06:11:29.187  1126  1163 W MobStoreFlagStore: 	at edxv.b(:com.google.android.gms@251333032@25.13.33 (190800-745790146):18)
05-18 06:11:29.187  1126  1163 W MobStoreFlagStore: 	at edyk.b(:com.google.android.gms@251333032@25.13.33 (190800-745790146):36)
05-18 06:11:29.187  1126  1163 W MobStoreFlagStore: 	at edym.d(:com.google.android.gms@251333032@25.13.33 (190800-745790146):25)
05-18 06:11:29.187  1126  1163 W MobStoreFlagStore: 	at atef.c(:com.google.android.gms@251333032@25.13.33 (190800-745790146):8)
05-18 06:11:29.187  1126  1163 W MobStoreFlagStore: 	at atgy.q(:com.google.android.gms@251333032@25.13.33 (190800-745790146):48)
05-18 06:11:29.187  1126  1163 W MobStoreFlagStore: 	at atgy.d(:com.google.android.gms@251333032@25.13.33 (190800-745790146):10)
05-18 06:11:29.187  1126  1163 W MobStoreFlagStore: 	at atgy.g(:com.google.android.gms@251333032@25.13.33 (190800-745790146):185)
05-18 06:11:29.187  1126  1163 W MobStoreFlagStore: 	at atgy.onConnectionFailed(:com.google.android.gms@251333032@25.13.33 (190800-745790146):2)
05-18 06:11:29.187  1126  1163 W MobStoreFlagStore: 	at atha.run(:com.google.android.gms@251333032@25.13.33 (190800-745790146):80)
05-18 06:11:29.187  1126  1163 W MobStoreFlagStore: 	at android.os.Handler.handleCallback(Handler.java:938)
05-18 06:11:29.187  1126  1163 W MobStoreFlagStore: 	at android.os.Handler.dispatchMessage(Handler.java:99)
05-18 06:11:29.187  1126  1163 W MobStoreFlagStore: 	at cbvt.mk(:com.google.android.gms@251333032@25.13.33 (190800-745790146):1)
05-18 06:11:29.187  1126  1163 W MobStoreFlagStore: 	at cbvt.dispatchMessage(:com.google.android.gms@251333032@25.13.33 (190800-745790146):5)
05-18 06:11:29.187  1126  1163 W MobStoreFlagStore: 	at android.os.Looper.loopOnce(Looper.java:201)
05-18 06:11:29.187  1126  1163 W MobStoreFlagStore: 	at android.os.Looper.loop(Looper.java:288)
05-18 06:11:29.187  1126  1163 W MobStoreFlagStore: 	at android.os.HandlerThread.run(HandlerThread.java:67)
05-18 06:11:29.187  1126  1163 W MobStoreFlagStore: Caused by: atcx: 17: API: Phenotype.API is not available on this device. Connection failed with: ConnectionResult{statusCode=API_UNAVAILABLE, resolution=null, message=null}
05-18 06:11:29.187  1126  1163 W MobStoreFlagStore: 	at atef.c(:com.google.android.gms@251333032@25.13.33 (190800-745790146):3)
05-18 06:11:29.187  1126  1163 W MobStoreFlagStore: 	... 12 more
05-18 06:11:29.113   538   538 W Binder:538_12: type=1400 audit(0.0:23): avc: denied { getopt } for scontext=u:r:system_server:s0 tcontext=u:r:shell:s0 tclass=unix_stream_socket permissive=0
05-18 06:11:29.113   538   538 W Binder:538_12: type=1400 audit(0.0:24): avc: denied { getopt } for scontext=u:r:system_server:s0 tcontext=u:r:shell:s0 tclass=unix_stream_socket permissive=0
05-18 06:11:29.203   538   573 I ActivityManager: Start proc 4234:com.google.android.gms.unstable/u0a97 for service {com.google.android.gms/com.google.android.gms.droidguard.DroidGuardService}
05-18 06:11:29.210   538  1983 I ActivityManager: Killing 3290:com.google.android.apps.youtube.music/u0a113 (adj 955): empty #17
05-18 06:11:29.214   538  1983 I ActivityManager: Killing 3269:com.google.android.apps.wallpaper/u0a134 (adj 975): empty #18
05-18 06:11:29.216  4234  4234 W id.gms.unstabl: Unexpected CPU variant for X86 using defaults: x86_64
05-18 06:11:29.219  1126  1126 W ChimeraUtils: Module com.google.android.gms.crisisalerts missing resource crisisalerts_module_name(0)
05-18 06:11:29.221  4234  4234 E id.gms.unstabl: Not starting debugger since process cannot load the jdwp agent.
05-18 06:11:29.222  1369  3997 I EsimModuleInit: (REDACTED) onHandleIntent action: %s
05-18 06:11:29.238  4117  4117 W YT.MDX.aesq: CastAppId for type 0 not found. Defaulting to mainCastAppId.
05-18 06:11:29.243   320   320 I Zygote  : Process 3269 exited due to signal 9 (Killed)
05-18 06:11:29.245  1369  2541 W CryptauthV2: [ClientAppMetadataHelper] Skipping display calculation since didn't have access to a visual context
05-18 06:11:29.256   538   574 I libprocessgroup: Successfully killed process cgroup uid 10113 pid 3290 in 42ms
05-18 06:11:29.259  1369  1677 I Checkin : [CheckinApiChimeraService] onGetService
05-18 06:11:29.298  1369  3670 I Fido    : [FidoInitIntentOperation] Initializing Fido module, InitRuntimeState=2
05-18 06:11:29.320  1126  1126 I Fido    : [AuthenticatorChimeraService] Unregistered the broadcast receiver [CONTEXT service_id=287 ]
05-18 06:11:29.334  1369  4247 I EsimPhSyncer: Network available: syncing esim transfer p/h flags. [CONTEXT service_id=333 ]
05-18 06:11:29.345   320   320 I Zygote  : Process 3290 exited due to signal 9 (Killed)
05-18 06:11:29.349   538   574 I libprocessgroup: Successfully killed process cgroup uid 10134 pid 3269 in 0ms
05-18 06:11:29.366  1369  3671 I constellation: [intent_handler] on init with intent Intent { act=android.intent.action.BOOT_COMPLETED flg=0x89000010 pkg=com.google.android.gms cmp=com.google.android.gms/.chimera.GmsIntentOperationService (has extras) }
05-18 06:11:29.373  1126  1163 W MobStoreFlagStore: Failed to register flag update listener on flag read for: com.google.android.gms.fitness which may lead to stale flags.
05-18 06:11:29.373  1126  1163 W MobStoreFlagStore: java.util.concurrent.ExecutionException: exah: 17: 17: API: Phenotype.API is not available on this device. Connection failed with: ConnectionResult{statusCode=API_UNAVAILABLE, resolution=null, message=null}
05-18 06:11:29.373  1126  1163 W MobStoreFlagStore: 	at frqs.j(:com.google.android.gms@251333032@25.13.33 (190800-745790146):21)
05-18 06:11:29.373  1126  1163 W MobStoreFlagStore: 	at frrb.u(:com.google.android.gms@251333032@25.13.33 (190800-745790146):23)
05-18 06:11:29.373  1126  1163 W MobStoreFlagStore: 	at frqs.get(:com.google.android.gms@251333032@25.13.33 (190800-745790146):1)
05-18 06:11:29.373  1126  1163 W MobStoreFlagStore: 	at frvg.a(:com.google.android.gms@251333032@25.13.33 (190800-745790146):2)
05-18 06:11:29.373  1126  1163 W MobStoreFlagStore: 	at frtw.r(:com.google.android.gms@251333032@25.13.33 (190800-745790146):10)
05-18 06:11:29.373  1126  1163 W MobStoreFlagStore: 	at exdl.run(:com.google.android.gms@251333032@25.13.33 (190800-745790146):3)
05-18 06:11:29.373  1126  1163 W MobStoreFlagStore: 	at java.util.concurrent.Executors$RunnableAdapter.call(Executors.java:462)
05-18 06:11:29.373  1126  1163 W MobStoreFlagStore: 	at java.util.concurrent.FutureTask.run(FutureTask.java:266)
05-18 06:11:29.373  1126  1163 W MobStoreFlagStore: 	at java.util.concurrent.ScheduledThreadPoolExecutor$ScheduledFutureTask.run(ScheduledThreadPoolExecutor.java:301)
05-18 06:11:29.373  1126  1163 W MobStoreFlagStore: 	at java.util.concurrent.ThreadPoolExecutor.runWorker(ThreadPoolExecutor.java:1167)
05-18 06:11:29.373  1126  1163 W MobStoreFlagStore: 	at java.util.concurrent.ThreadPoolExecutor$Worker.run(ThreadPoolExecutor.java:641)
05-18 06:11:29.373  1126  1163 W MobStoreFlagStore: 	at atkn.run(:com.google.android.gms@251333032@25.13.33 (190800-745790146):10)
05-18 06:11:29.373  1126  1163 W MobStoreFlagStore: 	at java.lang.Thread.run(Thread.java:920)
05-18 06:11:29.373  1126  1163 W MobStoreFlagStore: Caused by: exah: 17: 17: API: Phenotype.API is not available on this device. Connection failed with: ConnectionResult{statusCode=API_UNAVAILABLE, resolution=null, message=null}
05-18 06:11:29.373  1126  1163 W MobStoreFlagStore: 	at exaj.a(:com.google.android.gms@251333032@25.13.33 (190800-745790146):13)
05-18 06:11:29.373  1126  1163 W MobStoreFlagStore: 	at frqi.d(:com.google.android.gms@251333032@25.13.33 (190800-745790146):3)
05-18 06:11:29.373  1126  1163 W MobStoreFlagStore: 	at frqk.run(:com.google.android.gms@251333032@25.13.33 (190800-745790146):130)
05-18 06:11:29.373  1126  1163 W MobStoreFlagStore: 	at frsr.execute(:com.google.android.gms@251333032@25.13.33 (190800-745790146):1)
05-18 06:11:29.373  1126  1163 W MobStoreFlagStore: 	at frqs.f(:com.google.android.gms@251333032@25.13.33 (190800-745790146):1)
05-18 06:11:29.373  1126  1163 W MobStoreFlagStore: 	at frqs.m(:com.google.android.gms@251333032@25.13.33 (190800-745790146):99)
05-18 06:11:29.373  1126  1163 W MobStoreFlagStore: 	at frqs.r(:com.google.android.gms@251333032@25.13.33 (190800-745790146):17)
05-18 06:11:29.373  1126  1163 W MobStoreFlagStore: 	at epoq.hC(:com.google.android.gms@251333032@25.13.33 (190800-745790146):35)
05-18 06:11:29.373  1126  1163 W MobStoreFlagStore: 	at edxu.run(:com.google.android.gms@251333032@25.13.33 (190800-745790146):12)
05-18 06:11:29.373  1126  1163 W MobStoreFlagStore: 	at frsr.execute(:com.google.android.gms@251333032@25.13.33 (190800-745790146):1)
05-18 06:11:29.373  1126  1163 W MobStoreFlagStore: 	at edxv.b(:com.google.android.gms@251333032@25.13.33 (190800-745790146):18)
05-18 06:11:29.373  1126  1163 W MobStoreFlagStore: 	at edyk.b(:com.google.android.gms@251333032@25.13.33 (190800-745790146):36)
05-18 06:11:29.373  1126  1163 W MobStoreFlagStore: 	at edym.d(:com.google.android.gms@251333032@25.13.33 (190800-745790146):25)
05-18 06:11:29.373  1126  1163 W MobStoreFlagStore: 	at atef.c(:com.google.android.gms@251333032@25.13.33 (190800-745790146):8)
05-18 06:11:29.373  1126  1163 W MobStoreFlagStore: 	at atgy.q(:com.google.android.gms@251333032@25.13.33 (190800-745790146):48)
05-18 06:11:29.373  1126  1163 W MobStoreFlagStore: 	at atgy.d(:com.google.android.gms@251333032@25.13.33 (190800-745790146):10)
05-18 06:11:29.373  1126  1163 W MobStoreFlagStore: 	at atgy.g(:com.google.android.gms@251333032@25.13.33 (190800-745790146):185)
05-18 06:11:29.373  1126  1163 W MobStoreFlagStore: 	at atgy.onConnectionFailed(:com.google.android.gms@251333032@25.13.33 (190800-745790146):2)
05-18 06:11:29.373  1126  1163 W MobStoreFlagStore: 	at atha.run(:com.google.android.gms@251333032@25.13.33 (190800-745790146):80)
05-18 06:11:29.373  1126  1163 W MobStoreFlagStore: 	at android.os.Handler.handleCallback(Handler.java:938)
05-18 06:11:29.373  1126  1163 W MobStoreFlagStore: 	at android.os.Handler.dispatchMessage(Handler.java:99)
05-18 06:11:29.373  1126  1163 W MobStoreFlagStore: 	at cbvt.mk(:com.google.android.gms@251333032@25.13.33 (190800-745790146):1)
05-18 06:11:29.373  1126  1163 W MobStoreFlagStore: 	at cbvt.dispatchMessage(:com.google.android.gms@251333032@25.13.33 (190800-745790146):5)
05-18 06:11:29.373  1126  1163 W MobStoreFlagStore: 	at android.os.Looper.loopOnce(Looper.java:201)
05-18 06:11:29.373  1126  1163 W MobStoreFlagStore: 	at android.os.Looper.loop(Looper.java:288)
05-18 06:11:29.373  1126  1163 W MobStoreFlagStore: 	at android.os.HandlerThread.run(HandlerThread.java:67)
05-18 06:11:29.373  1126  1163 W MobStoreFlagStore: Caused by: atcx: 17: API: Phenotype.API is not available on this device. Connection failed with: ConnectionResult{statusCode=API_UNAVAILABLE, resolution=null, message=null}
05-18 06:11:29.373  1126  1163 W MobStoreFlagStore: 	at atef.c(:com.google.android.gms@251333032@25.13.33 (190800-745790146):3)
05-18 06:11:29.373  1126  1163 W MobStoreFlagStore: 	... 12 more
05-18 06:11:29.378  1126  1202 W drnv    : Phenotype API error. Event: # gpzy@88ec1861, EventCode: COMMIT_CONFIG [CONTEXT service_id=51 ]
05-18 06:11:29.378  1126  1202 W drnv    : drmd: 29537: Stale snapshot for com.google.android.gms.fitness(new configuration available)
05-18 06:11:29.378  1126  1202 W drnv    : 	at droa.c(:com.google.android.gms@251333032@25.13.33 (190800-745790146):466)
05-18 06:11:29.378  1126  1202 W drnv    : 	at droa.b(:com.google.android.gms@251333032@25.13.33 (190800-745790146):60)
05-18 06:11:29.378  1126  1202 W drnv    : 	at drnz.i(:com.google.android.gms@251333032@25.13.33 (190800-745790146):3)
05-18 06:11:29.378  1126  1202 W drnv    : 	at drnv.h(:com.google.android.gms@251333032@25.13.33 (190800-745790146):35)
05-18 06:11:29.378  1126  1202 W drnv    : 	at drnv.f(:com.google.android.gms@251333032@25.13.33 (190800-745790146):11)
05-18 06:11:29.378  1126  1202 W drnv    : 	at cajc.fE(:com.google.android.gms@251333032@25.13.33 (190800-745790146):1)
05-18 06:11:29.378  1126  1202 W drnv    : 	at cajm.run(:com.google.android.gms@251333032@25.13.33 (190800-745790146):54)
05-18 06:11:29.378  1126  1202 W drnv    : 	at fjvz.run(:com.google.android.gms@251333032@25.13.33 (190800-745790146):21)
05-18 06:11:29.378  1126  1202 W drnv    : 	at ausj.c(:com.google.android.gms@251333032@25.13.33 (190800-745790146):50)
05-18 06:11:29.378  1126  1202 W drnv    : 	at ausj.run(:com.google.android.gms@251333032@25.13.33 (190800-745790146):70)
05-18 06:11:29.378  1126  1202 W drnv    : 	at java.util.concurrent.ThreadPoolExecutor.runWorker(ThreadPoolExecutor.java:1167)
05-18 06:11:29.378  1126  1202 W drnv    : 	at java.util.concurrent.ThreadPoolExecutor$Worker.run(ThreadPoolExecutor.java:641)
05-18 06:11:29.378  1126  1202 W drnv    : 	at auxx.run(:com.google.android.gms@251333032@25.13.33 (190800-745790146):8)
05-18 06:11:29.378  1126  1202 W drnv    : 	at java.lang.Thread.run(Thread.java:920)
05-18 06:11:29.380  1126  1202 W AsyncOperation: operation=CommitToConfigurationOperationCall, opStatusCode=29537 [CONTEXT service_id=51 ]
05-18 06:11:29.380  1126  1202 W AsyncOperation: OperationException[Status{statusCode=Stale snapshot for com.google.android.gms.fitness(new configuration available), resolution=null}]
05-18 06:11:29.380  1126  1202 W AsyncOperation: 	at drnv.h(:com.google.android.gms@251333032@25.13.33 (190800-745790146):65)
05-18 06:11:29.380  1126  1202 W AsyncOperation: 	at drnv.f(:com.google.android.gms@251333032@25.13.33 (190800-745790146):11)
05-18 06:11:29.380  1126  1202 W AsyncOperation: 	at cajc.fE(:com.google.android.gms@251333032@25.13.33 (190800-745790146):1)
05-18 06:11:29.380  1126  1202 W AsyncOperation: 	at cajm.run(:com.google.android.gms@251333032@25.13.33 (190800-745790146):54)
05-18 06:11:29.380  1126  1202 W AsyncOperation: 	at fjvz.run(:com.google.android.gms@251333032@25.13.33 (190800-745790146):21)
05-18 06:11:29.380  1126  1202 W AsyncOperation: 	at ausj.c(:com.google.android.gms@251333032@25.13.33 (190800-745790146):50)
05-18 06:11:29.380  1126  1202 W AsyncOperation: 	at ausj.run(:com.google.android.gms@251333032@25.13.33 (190800-745790146):70)
05-18 06:11:29.380  1126  1202 W AsyncOperation: 	at java.util.concurrent.ThreadPoolExecutor.runWorker(ThreadPoolExecutor.java:1167)
05-18 06:11:29.380  1126  1202 W AsyncOperation: 	at java.util.concurrent.ThreadPoolExecutor$Worker.run(ThreadPoolExecutor.java:641)
05-18 06:11:29.380  1126  1202 W AsyncOperation: 	at auxx.run(:com.google.android.gms@251333032@25.13.33 (190800-745790146):8)
05-18 06:11:29.380  1126  1202 W AsyncOperation: 	at java.lang.Thread.run(Thread.java:920)
05-18 06:11:29.384  1369  3671 W ChimeraUtils: Module com.google.android.gms.growth missing resource growth_module_display_name(0)
05-18 06:11:29.392  1369  3671 W ChimeraUtils: Module com.google.android.gms.growth missing resource growth_module_display_name(0)
05-18 06:11:29.470  1126  3921 I AlarmManager: setExactAndAllowWhileIdle [name: GCM_CONN_ALARM type: 2 triggerAtMillis: 59494]
05-18 06:11:29.477  1369  3670 I Fido    : [FidoV2EnrollmentController] Execute registerFor API
05-18 06:11:29.481  1369  4000 I NewModuleOp: Schedule LanguageProfileGcmTaskChimeraService tasks. [CONTEXT service_id=167 ]
05-18 06:11:29.483  1369  4000 I LPGcmTaskChimeraService: Scheduling sync task. [CONTEXT service_id=167 ]
05-18 06:11:29.484  1369  4000 I GmsSyncPolicyEngine: (REDACTED) Periodic sync %d disabled by policy, cancelled.
05-18 06:11:29.488  1369  4000 I GmsSyncPolicyEngine: (REDACTED) Periodic sync %d disabled
05-18 06:11:29.526  4234  4234 W id.gms.unstabl: JIT profile information will not be recorded: profile file does not exist.
05-18 06:11:29.526  4234  4234 W id.gms.unstabl: JIT profile information will not be recorded: profile file does not exist.
05-18 06:11:29.553  1126  4276 I MagicTether: [TetherService] starting runnable [CONTEXT service_id=276 ]
05-18 06:11:29.558  1126  4276 I MagicTether: [TetherService] Registering Bluetooth state change receiver [CONTEXT service_id=276 ]
05-18 06:11:29.559  1369  3671 I Google Maps Android API: Validating conditions for requesting maps_core feature. [CONTEXT service_id=71 ]
05-18 06:11:29.559  1369  3671 I Google Maps Android API: maps_core feature already installed. [CONTEXT service_id=71 ]
05-18 06:11:29.574  1369  3671 I MS_Utils: version of com.google.android.apps.maps = 1068053620
05-18 06:11:29.578  1126  4276 I MagicTether: [TetherService] Starting Instant Hotspot feature. [CONTEXT service_id=276 ]
05-18 06:11:29.581  1369  3999 I LSRModuleInit: (REDACTED) Attempting to change container components state to enabled: %s
05-18 06:11:29.598  4117  4202 W GooglePlayServicesUtil: Google Play services out of date for com.google.android.youtube.  Requires 251605000 but found 251333032
05-18 06:11:29.613  1369  1369 I EsimPhSyncer: Esim transfer p/h flags synced successfully. [CONTEXT service_id=333 ]
05-18 06:11:29.619  1369  4247 W ConnectivityManager.CallbackHandler: callback not found for CALLBACK_AVAILABLE message
05-18 06:11:29.623  1126  4277 I MagicTether: [WifiSyncService] Disabled for all users, clearing cache and stopping service. [CONTEXT service_id=276 ]
05-18 06:11:29.646   538   590 E VerityUtils: Failed to measure fs-verity, errno 1: /data/app/~~CnPqoV0BXILGniqoKLCTPA==/com.google.android.youtube-ffq85U4nWQeVbCpC-OPlKg==/base.apk
05-18 06:11:29.694  4117  4117 W YT.MDX.aesq: CastAppId for type 0 not found. Defaulting to mainCastAppId.
05-18 06:11:29.694  4117  4117 W YT.MDX.aesq: CastAppId for type 0 not found. Defaulting to mainCastAppId.
05-18 06:11:29.708   428   753 W ServiceManager: Permission failure: android.permission.SYSTEM_CAMERA from uid=10121 pid=4117
05-18 06:11:29.710   428   753 W ServiceManager: Permission failure: android.permission.SYSTEM_CAMERA from uid=10121 pid=4117
05-18 06:11:29.713  1369  1400 W SQLiteLog: (28) double-quoted string literal: "1747375889712"
05-18 06:11:29.713  1369  1400 W SQLiteLog: (28) double-quoted string literal: "1"
05-18 06:11:29.723  1126  3530 I LSR     : Handling LSR module init in persistent process [CONTEXT service_id=277 ]
05-18 06:11:29.723  1126  1163 W MobStoreFlagStore: Failed to register flag update listener on flag read for: com.google.android.gms.locationsharingreporter which may lead to stale flags.
05-18 06:11:29.723  1126  1163 W MobStoreFlagStore: java.util.concurrent.ExecutionException: exah: 17: 17: API: Phenotype.API is not available on this device. Connection failed with: ConnectionResult{statusCode=API_UNAVAILABLE, resolution=null, message=null}
05-18 06:11:29.723  1126  1163 W MobStoreFlagStore: 	at frqs.j(:com.google.android.gms@251333032@25.13.33 (190800-745790146):21)
05-18 06:11:29.723  1126  1163 W MobStoreFlagStore: 	at frrb.u(:com.google.android.gms@251333032@25.13.33 (190800-745790146):23)
05-18 06:11:29.723  1126  1163 W MobStoreFlagStore: 	at frqs.get(:com.google.android.gms@251333032@25.13.33 (190800-745790146):1)
05-18 06:11:29.723  1126  1163 W MobStoreFlagStore: 	at frvg.a(:com.google.android.gms@251333032@25.13.33 (190800-745790146):2)
05-18 06:11:29.723  1126  1163 W MobStoreFlagStore: 	at frtw.r(:com.google.android.gms@251333032@25.13.33 (190800-745790146):10)
05-18 06:11:29.723  1126  1163 W MobStoreFlagStore: 	at exdl.run(:com.google.android.gms@251333032@25.13.33 (190800-745790146):3)
05-18 06:11:29.723  1126  1163 W MobStoreFlagStore: 	at java.util.concurrent.Executors$RunnableAdapter.call(Executors.java:462)
05-18 06:11:29.723  1126  1163 W MobStoreFlagStore: 	at java.util.concurrent.FutureTask.run(FutureTask.java:266)
05-18 06:11:29.723  1126  1163 W MobStoreFlagStore: 	at java.util.concurrent.ScheduledThreadPoolExecutor$ScheduledFutureTask.run(ScheduledThreadPoolExecutor.java:301)
05-18 06:11:29.723  1126  1163 W MobStoreFlagStore: 	at java.util.concurrent.ThreadPoolExecutor.runWorker(ThreadPoolExecutor.java:1167)
05-18 06:11:29.723  1126  1163 W MobStoreFlagStore: 	at java.util.concurrent.ThreadPoolExecutor$Worker.run(ThreadPoolExecutor.java:641)
05-18 06:11:29.723  1126  1163 W MobStoreFlagStore: 	at atkn.run(:com.google.android.gms@251333032@25.13.33 (190800-745790146):10)
05-18 06:11:29.723  1126  1163 W MobStoreFlagStore: 	at java.lang.Thread.run(Thread.java:920)
05-18 06:11:29.723  1126  1163 W MobStoreFlagStore: Caused by: exah: 17: 17: API: Phenotype.API is not available on this device. Connection failed with: ConnectionResult{statusCode=API_UNAVAILABLE, resolution=null, message=null}
05-18 06:11:29.723  1126  1163 W MobStoreFlagStore: 	at exaj.a(:com.google.android.gms@251333032@25.13.33 (190800-745790146):13)
05-18 06:11:29.723  1126  1163 W MobStoreFlagStore: 	at frqi.d(:com.google.android.gms@251333032@25.13.33 (190800-745790146):3)
05-18 06:11:29.723  1126  1163 W MobStoreFlagStore: 	at frqk.run(:com.google.android.gms@251333032@25.13.33 (190800-745790146):130)
05-18 06:11:29.723  1126  1163 W MobStoreFlagStore: 	at frsr.execute(:com.google.android.gms@251333032@25.13.33 (190800-745790146):1)
05-18 06:11:29.723  1126  1163 W MobStoreFlagStore: 	at frqs.f(:com.google.android.gms@251333032@25.13.33 (190800-745790146):1)
05-18 06:11:29.723  1126  1163 W MobStoreFlagStore: 	at frqs.m(:com.google.android.gms@251333032@25.13.33 (190800-745790146):99)
05-18 06:11:29.723  1126  1163 W MobStoreFlagStore: 	at frqs.r(:com.google.android.gms@251333032@25.13.33 (190800-745790146):17)
05-18 06:11:29.723  1126  1163 W MobStoreFlagStore: 	at epoq.hC(:com.google.android.gms@251333032@25.13.33 (190800-745790146):35)
05-18 06:11:29.723  1126  1163 W MobStoreFlagStore: 	at edxu.run(:com.google.android.gms@251333032@25.13.33 (190800-745790146):12)
05-18 06:11:29.723  1126  1163 W MobStoreFlagStore: 	at frsr.execute(:com.google.android.gms@251333032@25.13.33 (190800-745790146):1)
05-18 06:11:29.723  1126  1163 W MobStoreFlagStore: 	at edxv.b(:com.google.android.gms@251333032@25.13.33 (190800-745790146):18)
05-18 06:11:29.723  1126  1163 W MobStoreFlagStore: 	at edyk.b(:com.google.android.gms@251333032@25.13.33 (190800-745790146):36)
05-18 06:11:29.723  1126  1163 W MobStoreFlagStore: 	at edym.d(:com.google.android.gms@251333032@25.13.33 (190800-745790146):25)
05-18 06:11:29.723  1126  1163 W MobStoreFlagStore: 	at atef.c(:com.google.android.gms@251333032@25.13.33 (190800-745790146):8)
05-18 06:11:29.723  1126  1163 W MobStoreFlagStore: 	at atgy.q(:com.google.android.gms@251333032@25.13.33 (190800-745790146):48)
05-18 06:11:29.723  1126  1163 W MobStoreFlagStore: 	at atgy.d(:com.google.android.gms@251333032@25.13.33 (190800-745790146):10)
05-18 06:11:29.723  1126  1163 W MobStoreFlagStore: 	at atgy.g(:com.google.android.gms@251333032@25.13.33 (190800-745790146):185)
05-18 06:11:29.723  1126  1163 W MobStoreFlagStore: 	at atgy.onConnectionFailed(:com.google.android.gms@251333032@25.13.33 (190800-745790146):2)
05-18 06:11:29.723  1126  1163 W MobStoreFlagStore: 	at atha.run(:com.google.android.gms@251333032@25.13.33 (190800-745790146):80)
05-18 06:11:29.723  1126  1163 W MobStoreFlagStore: 	at android.os.Handler.handleCallback(Handler.java:938)
05-18 06:11:29.723  1126  1163 W MobStoreFlagStore: 	at android.os.Handler.dispatchMessage(Handler.java:99)
05-18 06:11:29.723  1126  1163 W MobStoreFlagStore: 	at cbvt.mk(:com.google.android.gms@251333032@25.13.33 (190800-745790146):1)
05-18 06:11:29.723  1126  1163 W MobStoreFlagStore: 	at cbvt.dispatchMessage(:com.google.android.gms@251333032@25.13.33 (190800-745790146):5)
05-18 06:11:29.723  1126  1163 W MobStoreFlagStore: 	at android.os.Looper.loopOnce(Looper.java:201)
05-18 06:11:29.723  1126  1163 W MobStoreFlagStore: 	at android.os.Looper.loop(Looper.java:288)
05-18 06:11:29.723  1126  1163 W MobStoreFlagStore: 	at android.os.HandlerThread.run(HandlerThread.java:67)
05-18 06:11:29.723  1126  1163 W MobStoreFlagStore: Caused by: atcx: 17: API: Phenotype.API is not available on this device. Connection failed with: ConnectionResult{statusCode=API_UNAVAILABLE, resolution=null, message=null}
05-18 06:11:29.723  1126  1163 W MobStoreFlagStore: 	at atef.c(:com.google.android.gms@251333032@25.13.33 (190800-745790146):3)
05-18 06:11:29.723  1126  1163 W MobStoreFlagStore: 	... 12 more
05-18 06:11:29.727   428   753 W ServiceManager: Permission failure: android.permission.SYSTEM_CAMERA from uid=10121 pid=4117
05-18 06:11:29.728   428   753 W ServiceManager: Permission failure: android.permission.SYSTEM_CAMERA from uid=10121 pid=4117
05-18 06:11:29.738   428   753 W ServiceManager: Permission failure: android.permission.SYSTEM_CAMERA from uid=10121 pid=4117
05-18 06:11:29.738   428   753 W ServiceManager: Permission failure: android.permission.SYSTEM_CAMERA from uid=10121 pid=4117
05-18 06:11:29.738   428   753 W ServiceManager: Permission failure: android.permission.SYSTEM_CAMERA from uid=10121 pid=4117
05-18 06:11:29.739  1126  3530 I LSR     : No periodic upload requests, periodic reporting should be disabled [CONTEXT service_id=277 ]
05-18 06:11:29.744  1369  3999 I MdiSyncModule: initializing module...
05-18 06:11:29.747  1126  4110 I LSR     : Centralized reporting is disabled for all accounts [CONTEXT service_id=277 ]
05-18 06:11:29.760  4328  4328 W oogle.pixel.ex: Unexpected CPU variant for X86 using defaults: x86_64
05-18 06:11:29.759   538   573 I ActivityManager: Start proc 4328:com.google.pixel.exo/u0a137 for broadcast {com.google.pixel.exo/com.google.pixel.exo.core.StateRefreshReceiver}
05-18 06:11:29.764  1126  3530 I LSR     : Refreshing periodic location reporting state [CONTEXT service_id=277 ]
05-18 06:11:29.767  1369  3999 I MdiSyncModule: module initialization completed
05-18 06:11:29.769  4328  4328 E oogle.pixel.ex: Not starting debugger since process cannot load the jdwp agent.
05-18 06:11:29.794   538   572 W BroadcastQueue: Permission Denial: broadcasting Intent { act=android.net.conn.CONNECTIVITY_CHANGE flg=0x4200010 (has extras) } from null (pid=-1, uid=-1) requires com.google.android.youtube.DYNAMIC_RECEIVER_NOT_EXPORTED_PERMISSION due to registered receiver BroadcastFilter{f6df51e 10121/u0 ReceiverList{989e559 4117 com.google.android.youtube/10121/u0 remote:b8d5a0}}
05-18 06:11:29.804  1126  4110 I LSR     : No periodic upload requests, periodic reporting should be disabled [CONTEXT service_id=277 ]
05-18 06:11:29.804  1126  4272 I LSR     : Centralized reporting is disabled for all accounts [CONTEXT service_id=277 ]
05-18 06:11:29.804  1126  4272 I LSR     : (REDACTED) Reporting should be enabled: %s
05-18 06:11:29.804  1126  4272 I LSR     : Stopping periodic location reporting [CONTEXT service_id=277 ]
05-18 06:11:29.843  1369  3997 W MDM     : [126] cgtm.d: Q+ devices does not need device admin.
05-18 06:11:29.872  1369  3997 I MlBenchmarkInstaller: (REDACTED) Intent: %s
05-18 06:11:29.872  1369  3997 I MlBenchmarkInstaller: (REDACTED) onInitRuntimeState(), intent action=%s
05-18 06:11:29.873  1815  3901 I Finsky  : [125] lfh.a(63): Received content filters request from sharedUserId=com.google.uid.shared:10097
05-18 06:11:29.888  1369  3997 W libc    : Access denied finding property "ro.hardware.chipname"
05-18 06:11:29.896  1126  4276 I MagicTether: (REDACTED) [LaunchUtils] Instant Wifi for status account: name: %s | type: %s | isLaunched: %s
05-18 06:11:29.899  1126  1262 W drnv    : Phenotype API error. Event: # gpzy@c29ca85e, EventCode: COMMIT_CONFIG [CONTEXT service_id=51 ]
05-18 06:11:29.899  1126  1262 W drnv    : drmd: 29537: Stale snapshot for com.google.android.gms.lockbox(new configuration available)
05-18 06:11:29.899  1126  1262 W drnv    : 	at droa.c(:com.google.android.gms@251333032@25.13.33 (190800-745790146):466)
05-18 06:11:29.899  1126  1262 W drnv    : 	at droa.b(:com.google.android.gms@251333032@25.13.33 (190800-745790146):60)
05-18 06:11:29.899  1126  1262 W drnv    : 	at drnz.i(:com.google.android.gms@251333032@25.13.33 (190800-745790146):3)
05-18 06:11:29.899  1126  1262 W drnv    : 	at drnv.h(:com.google.android.gms@251333032@25.13.33 (190800-745790146):35)
05-18 06:11:29.899  1126  1262 W drnv    : 	at drnv.f(:com.google.android.gms@251333032@25.13.33 (190800-745790146):11)
05-18 06:11:29.899  1126  1262 W drnv    : 	at cajc.fE(:com.google.android.gms@251333032@25.13.33 (190800-745790146):1)
05-18 06:11:29.899  1126  1262 W drnv    : 	at cajm.run(:com.google.android.gms@251333032@25.13.33 (190800-745790146):54)
05-18 06:11:29.899  1126  1262 W drnv    : 	at fjvz.run(:com.google.android.gms@251333032@25.13.33 (190800-745790146):21)
05-18 06:11:29.899  1126  1262 W drnv    : 	at ausj.c(:com.google.android.gms@251333032@25.13.33 (190800-745790146):50)
05-18 06:11:29.899  1126  1262 W drnv    : 	at ausj.run(:com.google.android.gms@251333032@25.13.33 (190800-745790146):89)
05-18 06:11:29.899  1126  1262 W drnv    : 	at java.util.concurrent.ThreadPoolExecutor.runWorker(ThreadPoolExecutor.java:1167)
05-18 06:11:29.899  1126  1262 W drnv    : 	at java.util.concurrent.ThreadPoolExecutor$Worker.run(ThreadPoolExecutor.java:641)
05-18 06:11:29.899  1126  1262 W drnv    : 	at auxx.run(:com.google.android.gms@251333032@25.13.33 (190800-745790146):8)
05-18 06:11:29.899  1126  1262 W drnv    : 	at java.lang.Thread.run(Thread.java:920)
05-18 06:11:29.899  1126  1262 W AsyncOperation: operation=CommitToConfigurationOperationCall, opStatusCode=29537 [CONTEXT service_id=51 ]
05-18 06:11:29.899  1126  1262 W AsyncOperation: OperationException[Status{statusCode=Stale snapshot for com.google.android.gms.lockbox(new configuration available), resolution=null}]
05-18 06:11:29.899  1126  1262 W AsyncOperation: 	at drnv.h(:com.google.android.gms@251333032@25.13.33 (190800-745790146):65)
05-18 06:11:29.899  1126  1262 W AsyncOperation: 	at drnv.f(:com.google.android.gms@251333032@25.13.33 (190800-745790146):11)
05-18 06:11:29.899  1126  1262 W AsyncOperation: 	at cajc.fE(:com.google.android.gms@251333032@25.13.33 (190800-745790146):1)
05-18 06:11:29.899  1126  1262 W AsyncOperation: 	at cajm.run(:com.google.android.gms@251333032@25.13.33 (190800-745790146):54)
05-18 06:11:29.899  1126  1262 W AsyncOperation: 	at fjvz.run(:com.google.android.gms@251333032@25.13.33 (190800-745790146):21)
05-18 06:11:29.899  1126  1262 W AsyncOperation: 	at ausj.c(:com.google.android.gms@251333032@25.13.33 (190800-745790146):50)
05-18 06:11:29.899  1126  1262 W AsyncOperation: 	at ausj.run(:com.google.android.gms@251333032@25.13.33 (190800-745790146):89)
05-18 06:11:29.899  1126  1262 W AsyncOperation: 	at java.util.concurrent.ThreadPoolExecutor.runWorker(ThreadPoolExecutor.java:1167)
05-18 06:11:29.899  1126  1262 W AsyncOperation: 	at java.util.concurrent.ThreadPoolExecutor$Worker.run(ThreadPoolExecutor.java:641)
05-18 06:11:29.899  1126  1262 W AsyncOperation: 	at auxx.run(:com.google.android.gms@251333032@25.13.33 (190800-745790146):8)
05-18 06:11:29.899  1126  1262 W AsyncOperation: 	at java.lang.Thread.run(Thread.java:920)
05-18 06:11:29.901  1126  4276 I MagicTether: [WifiConnectionHandler] WifiConnectionHandler created [CONTEXT service_id=276 ]
05-18 06:11:29.902  1126  4271 I LSR     : Unregistering for activity transition updates. [CONTEXT service_id=277 ]
05-18 06:11:29.909  4234  4234 W ProviderHelper: Unknown dynamite feature providerinstaller.dynamite
05-18 06:11:29.909  4234  4234 I DynamiteModule: Considering local module com.google.android.gms.providerinstaller.dynamite:1 and remote module com.google.android.gms.providerinstaller.dynamite:0
05-18 06:11:29.909  4234  4234 I DynamiteModule: Selected local version of com.google.android.gms.providerinstaller.dynamite
05-18 06:11:29.919  1126  4269 I LSR     : Cancelling periodic location reporting maintenance task [CONTEXT service_id=277 ]
05-18 06:11:29.927  1126  4276 I MagicTether: [ClientNearbyCoordinator] ClientNearbyCoordinator.initialize [CONTEXT service_id=276 ]
05-18 06:11:29.933  1369  1369 I MdmInitializer: Updated FMD enabled state successfully. [CONTEXT service_id=247 ]
05-18 06:11:29.945  1369  1369 W ProviderHelper: Unknown dynamite feature providerinstaller.dynamite
05-18 06:11:29.945  1369  1369 I DynamiteModule: Considering local module com.google.android.gms.providerinstaller.dynamite:1 and remote module com.google.android.gms.providerinstaller.dynamite:0
05-18 06:11:29.945  1369  1369 I DynamiteModule: Selected local version of com.google.android.gms.providerinstaller.dynamite
05-18 06:11:29.949   538  1982 I ActivityManager: Finished processing BOOT_COMPLETED for u0
05-18 06:11:29.951   538   620 W ActivityManager: Unable to start service Intent { act=com.google.pixel.exo.WIRECUTTER pkg=com.google.pixel.exo.bootstrapping } U=0: not found
05-18 06:11:29.951  4328  4328 W Exo     : PersistentService: Unable to bind to wirecutter
05-18 06:11:29.957  1369  3997 W ChipsetHelper: Unknown chipset! [CONTEXT service_id=301 ]
05-18 06:11:29.960   904   904 I VvmSimStateTracker: android.intent.action.SIM_STATE_CHANGED
05-18 06:11:29.985  1369  3671 W ChimeraUtils: Module com.google.android.gms.mobiledataplan missing resource null(0)
05-18 06:11:30.022  1369  3671 W Glide   : Failed to find GeneratedAppGlideModule. You should include an annotationProcessor compile dependency on com.github.bumptech.glide:compiler in your application and a @GlideModule annotated AppGlideModule implementation or LibraryGlideModules will be silently ignored
05-18 06:11:30.035   538  1336 I ActivityManager: Killing 2913:com.android.providers.calendar/u0a71 (adj 965): empty #17
05-18 06:11:30.041  1369  4176 I ChangeFmdSettings: FMD on [CONTEXT service_id=284 ]
05-18 06:11:29.959  1126  4276 I MagicTether: [ClientOrchestrator] ClientOrchestrator.initialize [CONTEXT service_id=276 ]
05-18 06:11:30.059  1126  4276 I MagicTether: [ClientNearbyManager] ClientNearbyManager.initialize [CONTEXT service_id=276 ]
05-18 06:11:30.061  1126  3940 W GLSUser : [DeviceKeyStore] Cannot load key: Device key file not found.
05-18 06:11:30.061  1126  3940 W GLSUser : [DeviceKeyStore] Cannot load key: Device key file not found.
05-18 06:11:30.061  1369  1369 I WakefulBroadcastRcvr: Processing wakeful broadcast: com.google.android.gms.checkin.CHECKIN_START_ACTION
05-18 06:11:30.074  1126  3783 I ProximityAuth: [SimStateChangedIntentOperation] Handling intent Intent { act=android.intent.action.SIM_STATE_CHANGED flg=0x5000010 pkg=com.google.android.gms cmp=com.google.android.gms/.chimera.PersistentIntentOperationService (has extras) }
05-18 06:11:30.076  1126  3530 I EsimCloudBackupReceiver: (REDACTED) onHandleIntent: %s 
05-18 06:11:30.076  1126  3530 I EsimCloudBackupReceiver: Cloud eSIM discovery is not enabled. [CONTEXT service_id=333 ]
05-18 06:11:30.078  1369  4000 I constellation: [sim_state_checker] Handling intent Intent { act=android.intent.action.SIM_STATE_CHANGED flg=0x5000010 pkg=com.google.android.gms cmp=com.google.android.gms/.chimera.GmsIntentOperationService (has extras) }
05-18 06:11:30.079  1369  3999 I 43-ServiceEntitlementIn: (REDACTED) [%s] onCreate
05-18 06:11:30.082   538   574 I libprocessgroup: Successfully killed process cgroup uid 10071 pid 2913 in 45ms
05-18 06:11:30.083  1369  3999 I 43-ServiceEntitlementIn: (REDACTED) [%s] Unavailable Open Gateway Interfaces (OGI) for 3P
05-18 06:11:30.083  1369  3999 I 43-ServiceEntitlementIn: (REDACTED) [%s] onDestroy
05-18 06:11:30.084   320   320 I Zygote  : Process 2913 exited due to signal 9 (Killed)
05-18 06:11:30.087  1126  4276 I MagicTether: [ClientNearbyCoordinator] registerDiscoveryCallback [CONTEXT service_id=276 ]
05-18 06:11:30.098  1126  3843 I MagicTether: [ClientOrchestrator] No previously connected network. [CONTEXT service_id=276 ]
05-18 06:11:30.133  1126  4276 I MagicTether: (REDACTED) [LaunchUtils] Instant Wifi for status account: name: %s | type: %s | isLaunched: %s
05-18 06:11:30.143  1815  1815 I Finsky  : [2] LauncherConfigurationReceiver.b(12): Handling launcher configuration broadcast Intent { act=com.android.launcher3.action.FIRST_SCREEN_ACTIVE_INSTALLS flg=0x10 pkg=com.android.vending cmp=com.android.vending/com.google.android.finsky.setup.LauncherConfigurationReceiver (has extras) }
05-18 06:11:30.152   178   178 I hwservicemanager: getTransport: Cannot find entry android.hardware.configstore@1.0::ISurfaceFlingerConfigs/default in either framework or device VINTF manifest.
05-18 06:11:30.166  1815  1815 I Finsky  : [2] LauncherConfigurationReceiver.b(180): Received launcher configuration broadcast items:
05-18 06:11:30.166  1815  1815 I Finsky  : [2] LauncherConfigurationReceiver.b(189): 	hotseat: []
05-18 06:11:30.166  1815  1815 I Finsky  : [2] LauncherConfigurationReceiver.b(198): 	widgets: []
05-18 06:11:30.166  1815  1815 I Finsky  : [2] LauncherConfigurationReceiver.b(207): 	shortcuts: []
05-18 06:11:30.166  1815  1815 I Finsky  : [2] LauncherConfigurationReceiver.b(216): 	folder shortcuts: []
05-18 06:11:30.166  1815  1815 I Finsky  : [2] LauncherConfigurationReceiver.b(225): 	hotseat installed: []
05-18 06:11:30.166  1815  1815 I Finsky  : [2] LauncherConfigurationReceiver.b(234): 	widgets installed: []
05-18 06:11:30.166  1815  1815 I Finsky  : [2] LauncherConfigurationReceiver.b(243): 	shortcuts installed: []
05-18 06:11:30.166  1815  1815 I Finsky  : [2] LauncherConfigurationReceiver.b(252): 	folder shortcuts installed: []
05-18 06:11:30.173  1126  1190 I NearbyConnections: Client 76158382 requested setting downloads directory to null.
05-18 06:11:30.173  1126  1190 I NearbyConnections: Client 76158382 with package name 0p:com.google.android.gms.magictether.nearby and sdk version 251333000 has connected, downloads dir is set to null.
05-18 06:11:30.184  1126  4276 I MagicTether: (REDACTED) [LaunchUtils] Instant Wifi for status account: name: %s | type: %s | isLaunched: %s
05-18 06:11:30.186  1126  4276 I TetheringManager: registerTetheringEventCallback:com.google.android.gms
05-18 06:11:30.196  1369  3671 I motion_sickness: (REDACTED) [DataStore] Set feature enabled state: %b 
05-18 06:11:30.211  1369  3671 I motion_sickness: (REDACTED) [Initializer] onInitRuntimeState, isMinSdk=%s, isFeatureFlagEnabled=%s, isDrivingDetectionEnabled=%s
05-18 06:11:30.212  4234  4234 I ProviderInstaller: Installed default security provider GmsCore_OpenSSL
05-18 06:11:30.213  1369  3671 I motion_sickness: [Initializer] Feature flag disabled. Exiting [CONTEXT service_id=398 ]
05-18 06:11:30.213  1815  2016 I Finsky  : [40] mml.g(167): RECEIVER_LAUNCHER_CONFIGURATION#logWorkEndAndFinishGoAsync: SUCCESS
05-18 06:11:30.213  1369  2086 I motion_sickness: [DataStore] Datastore save successful, sending settings changed broadcast [CONTEXT service_id=398 ]
05-18 06:11:30.214  1369  1390 I gle.android.gm: Background young concurrent copying GC freed 105642(7440KB) AllocSpace objects, 99(3148KB) LOS objects, 35% free, 17MB/26MB, paused 23.821ms,49us total 400.808ms
05-18 06:11:30.214  1126  1318 W WearableService: onGetService: Wear is not available on this device.
05-18 06:11:30.216  1369  2539 I GmsCoreXrpcWrapper: (REDACTED) Returning a channel provider with trafficStatsTag=%d trafficStatsUid=%d
05-18 06:11:30.246   538   573 I ActivityManager: Start proc 4383:com.android.settings/1000 for broadcast {com.android.settings/com.android.settings.sim.SimSelectNotification}
05-18 06:11:30.253  1369  3997 I MlBenchmarkInstallerSch: ML Benchmark installer scheduler periodic task was set up. [CONTEXT service_id=340 ]
05-18 06:11:30.253  1369  3997 I MlBenchmarkInstaller: Device sampled out, skipping. [CONTEXT service_id=340 ]
05-18 06:11:30.257  1369  1369 I MlBenchmarkInstaller: (REDACTED) Feature unrequest success = %b
05-18 06:11:30.261  4383  4383 W ndroid.setting: Unexpected CPU variant for X86 using defaults: x86_64
05-18 06:11:30.262  4383  4383 E ndroid.setting: Not starting debugger since process cannot load the jdwp agent.
05-18 06:11:30.265  1369  3671 I Multidevice: [MultideviceModuleInitIntentOperation] Running data migration for feature settings [CONTEXT service_id=348 ]
05-18 06:11:30.276  1369  4000 I Nearby  : (REDACTED) is blocked device type %s, isAuto=%s, isIot=%s, isLatchsky=%s, isChinaWearable=%s, isTv=%s, isWearable=%s (supportWearOs=%s), isChromeOsDevice=%s (supportChromeOs=%s)
05-18 06:11:30.282  1369  4006 I NearbyFastPair: (REDACTED) onInitRuntimeState isEnableWearableListener: %s
05-18 06:11:30.287  1369  4000 I NearbyDiscovery: Trigger rescan contextual cards [CONTEXT service_id=265 ]
05-18 06:11:30.366  1403  1403 I SetupWizard: [bvz] Pausing wifi scanner.
05-18 06:11:30.414  1369  4000 I NearbyDiscovery: (REDACTED) FastPair: HeadsetPieceImage, grant permission files:%d
05-18 06:11:30.414  1126  1126 I NearbyDiscovery: (REDACTED) DiscoveryService onStartCommand action: %s
05-18 06:11:30.431  4234  4397 I Watchcat: Started
05-18 06:11:30.435  4234  4397 I GMS_MM_Logger: (REDACTED) Start time: %s
05-18 06:11:30.437  4234  4397 I GMS_MM_Logger: Started.
05-18 06:11:30.513  1369  4006 I NearbyFastPair: FastPairInitIntentOperation: check the Footprints sync tasks. [CONTEXT service_id=265 ]
05-18 06:11:30.515  1369  4006 I NearbyFastPair: (REDACTED) TaskSchedulerUtils cancelTask %s success.
05-18 06:11:30.515  1369  4006 I NearbyFastPair: TSS scheduleFootprintsOneOffSync: not enable [CONTEXT service_id=265 ]
05-18 06:11:30.523  4383  4383 W ContextImpl: Calling a method in the system process without a qualified user: android.app.ContextImpl.startActivity:1055 android.content.ContextWrapper.startActivity:411 android.content.ContextWrapper.startActivity:411 com.android.settings.sim.SimSelectNotification.startSimSelectDialogIfNeeded:171 com.android.settings.sim.SimSelectNotification.onPrimarySubscriptionListChanged:151 
05-18 06:11:30.523  4383  4383 W ContextImpl: Calling a method in the system process without a qualified user: android.app.ContextImpl.startActivity:1067 android.app.ContextImpl.startActivity:1056 android.content.ContextWrapper.startActivity:411 android.content.ContextWrapper.startActivity:411 com.android.settings.sim.SimSelectNotification.startSimSelectDialogIfNeeded:171 
05-18 06:11:30.542  1369  4006 W libc    : Access denied finding property "ro.hardware.chipname"
05-18 06:11:30.543  1369  4006 W ChipsetHelper: Unknown chipset! [CONTEXT service_id=301 ]
05-18 06:11:30.543  1369  4006 I NnApiDriverManager: (REDACTED) Registering application with chipset '%s'
05-18 06:11:30.554  1126  4272 I Nearby  : (REDACTED) is blocked device type %s, isAuto=%s, isIot=%s, isLatchsky=%s, isChinaWearable=%s, isTv=%s, isWearable=%s (supportWearOs=%s), isChromeOsDevice=%s (supportChromeOs=%s)
05-18 06:11:30.559  1126  2010 I Nearby  : (REDACTED) is blocked device type %s, isAuto=%s, isIot=%s, isLatchsky=%s, isChinaWearable=%s, isTv=%s, isWearable=%s (supportWearOs=%s), isChromeOsDevice=%s (supportChromeOs=%s)
05-18 06:11:30.565  1521  1785 I afjy    : (REDACTED) Assistant special experience changed to %s.
05-18 06:11:30.566   538   554 I ActivityTaskManager: START u0 {flg=0x10000000 cmp=com.android.settings/.sim.SimDialogActivity (has extras)} from uid 1000
05-18 06:11:30.576  1369  4000 I NearbySharing: onBindSlice failed since shareTargets is empty
05-18 06:11:30.593  1369  4006 I NnApiDriverManager: (REDACTED) Registering application with GPU '%s' by '%s'
05-18 06:11:30.604  1126  2010 I NearbyDiscovery: (REDACTED) DiscoveryController, showNotification, itemSize=%s
05-18 06:11:30.608  1369  3671 I Pay     : (REDACTED) Pay module init: %s / %s / %s
05-18 06:11:30.613  1126  2010 I NearbyDiscovery: (REDACTED) Show notifications: %d total, no changes since last shown, no-op.
05-18 06:11:30.619  1126  1163 W MobStoreFlagStore: Failed to register flag update listener on flag read for: com.google.android.gms.notifications which may lead to stale flags.
05-18 06:11:30.619  1126  1163 W MobStoreFlagStore: java.util.concurrent.ExecutionException: exah: 17: 17: API: Phenotype.API is not available on this device. Connection failed with: ConnectionResult{statusCode=API_UNAVAILABLE, resolution=null, message=null}
05-18 06:11:30.619  1126  1163 W MobStoreFlagStore: 	at frqs.j(:com.google.android.gms@251333032@25.13.33 (190800-745790146):21)
05-18 06:11:30.619  1126  1163 W MobStoreFlagStore: 	at frrb.u(:com.google.android.gms@251333032@25.13.33 (190800-745790146):23)
05-18 06:11:30.619  1126  1163 W MobStoreFlagStore: 	at frqs.get(:com.google.android.gms@251333032@25.13.33 (190800-745790146):1)
05-18 06:11:30.619  1126  1163 W MobStoreFlagStore: 	at frvg.a(:com.google.android.gms@251333032@25.13.33 (190800-745790146):2)
05-18 06:11:30.619  1126  1163 W MobStoreFlagStore: 	at frtw.r(:com.google.android.gms@251333032@25.13.33 (190800-745790146):10)
05-18 06:11:30.619  1126  1163 W MobStoreFlagStore: 	at exdl.run(:com.google.android.gms@251333032@25.13.33 (190800-745790146):3)
05-18 06:11:30.619  1126  1163 W MobStoreFlagStore: 	at java.util.concurrent.Executors$RunnableAdapter.call(Executors.java:462)
05-18 06:11:30.619  1126  1163 W MobStoreFlagStore: 	at java.util.concurrent.FutureTask.run(FutureTask.java:266)
05-18 06:11:30.619  1126  1163 W MobStoreFlagStore: 	at java.util.concurrent.ScheduledThreadPoolExecutor$ScheduledFutureTask.run(ScheduledThreadPoolExecutor.java:301)
05-18 06:11:30.619  1126  1163 W MobStoreFlagStore: 	at java.util.concurrent.ThreadPoolExecutor.runWorker(ThreadPoolExecutor.java:1167)
05-18 06:11:30.619  1126  1163 W MobStoreFlagStore: 	at java.util.concurrent.ThreadPoolExecutor$Worker.run(ThreadPoolExecutor.java:641)
05-18 06:11:30.619  1126  1163 W MobStoreFlagStore: 	at atkn.run(:com.google.android.gms@251333032@25.13.33 (190800-745790146):10)
05-18 06:11:30.619  1126  1163 W MobStoreFlagStore: 	at java.lang.Thread.run(Thread.java:920)
05-18 06:11:30.619  1126  1163 W MobStoreFlagStore: Caused by: exah: 17: 17: API: Phenotype.API is not available on this device. Connection failed with: ConnectionResult{statusCode=API_UNAVAILABLE, resolution=null, message=null}
05-18 06:11:30.619  1126  1163 W MobStoreFlagStore: 	at exaj.a(:com.google.android.gms@251333032@25.13.33 (190800-745790146):13)
05-18 06:11:30.619  1126  1163 W MobStoreFlagStore: 	at frqi.d(:com.google.android.gms@251333032@25.13.33 (190800-745790146):3)
05-18 06:11:30.619  1126  1163 W MobStoreFlagStore: 	at frqk.run(:com.google.android.gms@251333032@25.13.33 (190800-745790146):130)
05-18 06:11:30.619  1126  1163 W MobStoreFlagStore: 	at frsr.execute(:com.google.android.gms@251333032@25.13.33 (190800-745790146):1)
05-18 06:11:30.619  1126  1163 W MobStoreFlagStore: 	at frqs.f(:com.google.android.gms@251333032@25.13.33 (190800-745790146):1)
05-18 06:11:30.619  1126  1163 W MobStoreFlagStore: 	at frqs.m(:com.google.android.gms@251333032@25.13.33 (190800-745790146):99)
05-18 06:11:30.619  1126  1163 W MobStoreFlagStore: 	at frqs.r(:com.google.android.gms@251333032@25.13.33 (190800-745790146):17)
05-18 06:11:30.619  1126  1163 W MobStoreFlagStore: 	at epoq.hC(:com.google.android.gms@251333032@25.13.33 (190800-745790146):35)
05-18 06:11:30.619  1126  1163 W MobStoreFlagStore: 	at edxu.run(:com.google.android.gms@251333032@25.13.33 (190800-745790146):12)
05-18 06:11:30.619  1126  1163 W MobStoreFlagStore: 	at frsr.execute(:com.google.android.gms@251333032@25.13.33 (190800-745790146):1)
05-18 06:11:30.619  1126  1163 W MobStoreFlagStore: 	at edxv.b(:com.google.android.gms@251333032@25.13.33 (190800-745790146):18)
05-18 06:11:30.619  1126  1163 W MobStoreFlagStore: 	at edyk.b(:com.google.android.gms@251333032@25.13.33 (190800-745790146):36)
05-18 06:11:30.619  1126  1163 W MobStoreFlagStore: 	at edym.d(:com.google.android.gms@251333032@25.13.33 (190800-745790146):25)
05-18 06:11:30.619  1126  1163 W MobStoreFlagStore: 	at atef.c(:com.google.android.gms@251333032@25.13.33 (190800-745790146):8)
