05-18 06:11:54.044  5198  5273 W GraphRequest: Starting with v13 of the SDK, a client token must be embedded in your client code before making Graph API calls. Visit https://developers.facebook.com/docs/android/getting-started#client-token to learn how to implement this change.
05-18 06:11:54.055   365   508 W ServiceManager: Permission failure: android.permission.ACCESS_SURFACE_FLINGER from uid=10148 pid=5198
05-18 06:11:54.057   365   508 W ServiceManager: Permission failure: android.permission.ROTATE_SURFACE_FLINGER from uid=10148 pid=5198
05-18 06:11:54.079  5198  5324 E GoogleApiManager: Failed to get service from broker. 
05-18 06:11:54.079  5198  5324 E GoogleApiManager: java.lang.SecurityException: Unknown calling package name 'com.google.android.gms'.
05-18 06:11:54.079  5198  5324 E GoogleApiManager: 	at android.os.Parcel.createExceptionOrNull(Parcel.java:2425)
05-18 06:11:54.079  5198  5324 E GoogleApiManager: 	at android.os.Parcel.createException(Parcel.java:2409)
05-18 06:11:54.079  5198  5324 E GoogleApiManager: 	at android.os.Parcel.readException(Parcel.java:2392)
05-18 06:11:54.079  5198  5324 E GoogleApiManager: 	at android.os.Parcel.readException(Parcel.java:2334)
05-18 06:11:54.079  5198  5324 E GoogleApiManager: 	at aubk.a(:com.google.android.gms@251333032@25.13.33 (190800-745790146):36)
05-18 06:11:54.079  5198  5324 E GoogleApiManager: 	at atzr.z(:com.google.android.gms@251333032@25.13.33 (190800-745790146):143)
05-18 06:11:54.079  5198  5324 E GoogleApiManager: 	at atha.run(:com.google.android.gms@251333032@25.13.33 (190800-745790146):42)
05-18 06:11:54.079  5198  5324 E GoogleApiManager: 	at android.os.Handler.handleCallback(Handler.java:938)
05-18 06:11:54.079  5198  5324 E GoogleApiManager: 	at android.os.Handler.dispatchMessage(Handler.java:99)
05-18 06:11:54.079  5198  5324 E GoogleApiManager: 	at cbvt.mk(:com.google.android.gms@251333032@25.13.33 (190800-745790146):1)
05-18 06:11:54.079  5198  5324 E GoogleApiManager: 	at cbvt.dispatchMessage(:com.google.android.gms@251333032@25.13.33 (190800-745790146):5)
05-18 06:11:54.079  5198  5324 E GoogleApiManager: 	at android.os.Looper.loopOnce(Looper.java:201)
05-18 06:11:54.079  5198  5324 E GoogleApiManager: 	at android.os.Looper.loop(Looper.java:288)
05-18 06:11:54.079  5198  5324 E GoogleApiManager: 	at android.os.HandlerThread.run(HandlerThread.java:67)
05-18 06:11:54.080  5198  5292 W com.amplitude.api.DeviceInfo: Google Play Services SDK not found for app set id!
05-18 06:11:54.081   178   178 I hwservicemanager: getTransport: Cannot find entry android.hardware.configstore@1.0::ISurfaceFlingerConfigs/default in either framework or device VINTF manifest.
05-18 06:11:54.081  5198  5304 W OpenGLRenderer: Failed to choose config with EGL_SWAP_BEHAVIOR_PRESERVED, retrying without...
05-18 06:11:54.084  5198  5304 W OpenGLRenderer: Failed to initialize 101010-2 format, error = EGL_SUCCESS
05-18 06:11:54.096  5198  5308 W FlagRegistrar: Failed to register com.google.android.gms.providerinstaller#com.airasia.mobile
05-18 06:11:54.096  5198  5308 W FlagRegistrar: exah: 17: 17: API: Phenotype.API is not available on this device. Connection failed with: ConnectionResult{statusCode=DEVELOPER_ERROR, resolution=null, message=null}
05-18 06:11:54.096  5198  5308 W FlagRegistrar: 	at exaj.a(:com.google.android.gms@251333032@25.13.33 (190800-745790146):13)
05-18 06:11:54.096  5198  5308 W FlagRegistrar: 	at frqi.d(:com.google.android.gms@251333032@25.13.33 (190800-745790146):3)
05-18 06:11:54.096  5198  5308 W FlagRegistrar: 	at frqk.run(:com.google.android.gms@251333032@25.13.33 (190800-745790146):130)
05-18 06:11:54.096  5198  5308 W FlagRegistrar: 	at frsr.execute(:com.google.android.gms@251333032@25.13.33 (190800-745790146):1)
05-18 06:11:54.096  5198  5308 W FlagRegistrar: 	at frqs.f(:com.google.android.gms@251333032@25.13.33 (190800-745790146):1)
05-18 06:11:54.096  5198  5308 W FlagRegistrar: 	at frqs.m(:com.google.android.gms@251333032@25.13.33 (190800-745790146):99)
05-18 06:11:54.096  5198  5308 W FlagRegistrar: 	at frqs.r(:com.google.android.gms@251333032@25.13.33 (190800-745790146):17)
05-18 06:11:54.096  5198  5308 W FlagRegistrar: 	at epoq.hC(:com.google.android.gms@251333032@25.13.33 (190800-745790146):35)
05-18 06:11:54.096  5198  5308 W FlagRegistrar: 	at edxu.run(:com.google.android.gms@251333032@25.13.33 (190800-745790146):12)
05-18 06:11:54.096  5198  5308 W FlagRegistrar: 	at frsr.execute(:com.google.android.gms@251333032@25.13.33 (190800-745790146):1)
05-18 06:11:54.096  5198  5308 W FlagRegistrar: 	at edxv.b(:com.google.android.gms@251333032@25.13.33 (190800-745790146):18)
05-18 06:11:54.096  5198  5308 W FlagRegistrar: 	at edyk.b(:com.google.android.gms@251333032@25.13.33 (190800-745790146):36)
05-18 06:11:54.096  5198  5308 W FlagRegistrar: 	at edym.d(:com.google.android.gms@251333032@25.13.33 (190800-745790146):25)
05-18 06:11:54.096  5198  5308 W FlagRegistrar: 	at atei.c(:com.google.android.gms@251333032@25.13.33 (190800-745790146):9)
05-18 06:11:54.096  5198  5308 W FlagRegistrar: 	at atgy.q(:com.google.android.gms@251333032@25.13.33 (190800-745790146):48)
05-18 06:11:54.096  5198  5308 W FlagRegistrar: 	at atgy.d(:com.google.android.gms@251333032@25.13.33 (190800-745790146):10)
05-18 06:11:54.096  5198  5308 W FlagRegistrar: 	at atgy.g(:com.google.android.gms@251333032@25.13.33 (190800-745790146):185)
05-18 06:11:54.096  5198  5308 W FlagRegistrar: 	at atgy.onConnectionFailed(:com.google.android.gms@251333032@25.13.33 (190800-745790146):2)
05-18 06:11:54.096  5198  5308 W FlagRegistrar: 	at atha.run(:com.google.android.gms@251333032@25.13.33 (190800-745790146):70)
05-18 06:11:54.096  5198  5308 W FlagRegistrar: 	at android.os.Handler.handleCallback(Handler.java:938)
05-18 06:11:54.096  5198  5308 W FlagRegistrar: 	at android.os.Handler.dispatchMessage(Handler.java:99)
05-18 06:11:54.096  5198  5308 W FlagRegistrar: 	at cbvt.mk(:com.google.android.gms@251333032@25.13.33 (190800-745790146):1)
05-18 06:11:54.096  5198  5308 W FlagRegistrar: 	at cbvt.dispatchMessage(:com.google.android.gms@251333032@25.13.33 (190800-745790146):5)
05-18 06:11:54.096  5198  5308 W FlagRegistrar: 	at android.os.Looper.loopOnce(Looper.java:201)
05-18 06:11:54.096  5198  5308 W FlagRegistrar: 	at android.os.Looper.loop(Looper.java:288)
05-18 06:11:54.096  5198  5308 W FlagRegistrar: 	at android.os.HandlerThread.run(HandlerThread.java:67)
05-18 06:11:54.096  5198  5308 W FlagRegistrar: Caused by: atcx: 17: API: Phenotype.API is not available on this device. Connection failed with: ConnectionResult{statusCode=DEVELOPER_ERROR, resolution=null, message=null}
05-18 06:11:54.096  5198  5308 W FlagRegistrar: 	at atzd.a(:com.google.android.gms@251333032@25.13.33 (190800-745790146):15)
05-18 06:11:54.096  5198  5308 W FlagRegistrar: 	at atel.a(:com.google.android.gms@251333032@25.13.33 (190800-745790146):1)
05-18 06:11:54.096  5198  5308 W FlagRegistrar: 	at atei.c(:com.google.android.gms@251333032@25.13.33 (190800-745790146):5)
05-18 06:11:54.096  5198  5308 W FlagRegistrar: 	... 12 more
05-18 06:11:54.154   365   508 E HWComposer: getSupportedContentTypes: getSupportedContentTypes failed for display 4619827259835644672: Unsupported (8)
05-18 06:11:54.161   178   178 I hwservicemanager: getTransport: Cannot find entry android.hardware.graphics.mapper@4.0::IMapper/default in either framework or device VINTF manifest.
05-18 06:11:54.162  5198  5304 I Gralloc4: mapper 4.x is not supported
05-18 06:11:54.181   178   178 I hwservicemanager: getTransport: Cannot find entry android.hardware.graphics.allocator@4.0::IAllocator/default in either framework or device VINTF manifest.
05-18 06:11:54.182  5198  5304 W Gralloc4: allocator 4.x is not supported
05-18 06:11:54.200  2452  3794 W Role    : Cannot get ApplicationInfo for default holder: com.google.android.as
05-18 06:11:54.203  2452  3794 W Role    : Cannot get ApplicationInfo for default holder: com.google.android.as
05-18 06:11:54.399  5198  5206 I .airasia.mobil: Background young concurrent copying GC freed 310811(18MB) AllocSpace objects, 104(12MB) LOS objects, 65% free, 12MB/36MB, paused 435us,186us total 204.595ms
05-18 06:11:54.423  1263  1635 W MediaProvider: isAppCloneUserPair for user 0: false
05-18 06:11:54.511   538  1975 W ServiceManager: Permission failure: android.permission.HIGH_SAMPLING_RATE_SENSORS from uid=10148 pid=5198
05-18 06:11:54.513   538   621 W ServiceManager: Permission failure: android.permission.HIGH_SAMPLING_RATE_SENSORS from uid=10148 pid=5198
05-18 06:11:54.520   178   178 I hwservicemanager: getTransport: Cannot find entry android.hardware.graphics.mapper@4.0::IMapper/default in either framework or device VINTF manifest.
05-18 06:11:54.521  5426  5429 I Gralloc4: mapper 4.x is not supported
05-18 06:11:54.538   538   621 W ServiceManager: Permission failure: android.permission.HIGH_SAMPLING_RATE_SENSORS from uid=10148 pid=5198
05-18 06:11:54.541   538   621 W ServiceManager: Permission failure: android.permission.HIGH_SAMPLING_RATE_SENSORS from uid=10148 pid=5198
05-18 06:11:54.546   538  1983 W ServiceManager: Permission failure: android.permission.HIGH_SAMPLING_RATE_SENSORS from uid=10148 pid=5198
05-18 06:11:54.547   538   835 W ServiceManager: Permission failure: android.permission.HIGH_SAMPLING_RATE_SENSORS from uid=10148 pid=5198
05-18 06:11:54.633  5198  5198 I fb-UnpackingSoSource: extracting DSO libentryexpro.so
05-18 06:11:54.635  5198  5198 I fb-UnpackingSoSource: extracting DSO libuptsmaddon.so
05-18 06:11:54.678   538   558 I ActivityTaskManager: Displayed com.airasia.mobile/.SplashScreenActivity: +2s485ms
05-18 06:11:54.806  1263  2096 I MediaProvider: Begin Intent { act=android.intent.action.MEDIA_SCANNER_SCAN_FILE dat=file:///sdcard/screen_2025-05-18_141154.png flg=0x1400010 cmp=com.google.android.providers.media.module/com.android.providers.media.MediaService }
05-18 06:11:54.827  5198  5198 I Choreographer: Skipped 46 frames!  The application may be doing too much work on its main thread.
05-18 06:11:54.839  1263  2096 I MediaProvider: End Intent { act=android.intent.action.MEDIA_SCANNER_SCAN_FILE dat=file:///sdcard/screen_2025-05-18_141154.png flg=0x1400010 cmp=com.google.android.providers.media.module/com.android.providers.media.MediaService }
05-18 06:11:54.863  5198  5210 I OpenGLRenderer: Davey! duration=798ms; Flags=0, FrameTimelineVsyncId=1968, IntendedVsync=77072518406, Vsync=77839185042, InputEventId=0, HandleInputStart=77851583000, AnimationStart=77851600300, PerformTraversalsStart=77851951700, DrawStart=77852260800, FrameDeadline=77105851738, FrameInterval=77851531800, FrameStartTime=16666666, SyncQueued=77852411000, SyncStart=77855546200, IssueDrawCommandsStart=77855610600, SwapBuffers=77856730200, FrameCompleted=77873782700, DequeueBufferDuration=21100, QueueBufferDuration=574000, GpuCompleted=77873782700, SwapBuffersCompleted=77857911500, DisplayPresentTime=64, 
05-18 06:11:54.925  1369  2341 I AdvertisingIdClient: shouldSendLog 29522
05-18 06:11:54.925  1369  2341 I AdvertisingIdClient: GetInfoInternal elapse 1ms
05-18 06:11:54.930  1126  4494 I UriTaskContentObserver: (REDACTED) Throttling content uri change event for %s
05-18 06:11:54.937   538  1986 W InputManager-JNI: Input channel object '575cd2c Splash Screen com.airasia.mobile (client)' was disposed without first being removed with the input manager!
05-18 06:11:54.953  1521  1521 I cnhq    : onStop
05-18 06:11:54.957  1263  1635 I MediaProvider: Deleted 0 1 0 0 0 0 0 items on external_primary due to com.android.shell
05-18 06:11:55.092  1126  1163 W MobStoreFlagStore: Failed to register flag update listener on flag read for: com.google.android.gms.presencemanager which may lead to stale flags.
05-18 06:11:55.092  1126  1163 W MobStoreFlagStore: java.util.concurrent.ExecutionException: exah: 17: 17: API: Phenotype.API is not available on this device. Connection failed with: ConnectionResult{statusCode=API_UNAVAILABLE, resolution=null, message=null}
05-18 06:11:55.092  1126  1163 W MobStoreFlagStore: 	at frqs.j(:com.google.android.gms@251333032@25.13.33 (190800-745790146):21)
05-18 06:11:55.092  1126  1163 W MobStoreFlagStore: 	at frrb.u(:com.google.android.gms@251333032@25.13.33 (190800-745790146):23)
05-18 06:11:55.092  1126  1163 W MobStoreFlagStore: 	at frqs.get(:com.google.android.gms@251333032@25.13.33 (190800-745790146):1)
05-18 06:11:55.092  1126  1163 W MobStoreFlagStore: 	at frvg.a(:com.google.android.gms@251333032@25.13.33 (190800-745790146):2)
05-18 06:11:55.092  1126  1163 W MobStoreFlagStore: 	at frtw.r(:com.google.android.gms@251333032@25.13.33 (190800-745790146):10)
05-18 06:11:55.092  1126  1163 W MobStoreFlagStore: 	at exdl.run(:com.google.android.gms@251333032@25.13.33 (190800-745790146):3)
05-18 06:11:55.092  1126  1163 W MobStoreFlagStore: 	at java.util.concurrent.Executors$RunnableAdapter.call(Executors.java:462)
05-18 06:11:55.092  1126  1163 W MobStoreFlagStore: 	at java.util.concurrent.FutureTask.run(FutureTask.java:266)
05-18 06:11:55.092  1126  1163 W MobStoreFlagStore: 	at java.util.concurrent.ScheduledThreadPoolExecutor$ScheduledFutureTask.run(ScheduledThreadPoolExecutor.java:301)
05-18 06:11:55.092  1126  1163 W MobStoreFlagStore: 	at java.util.concurrent.ThreadPoolExecutor.runWorker(ThreadPoolExecutor.java:1167)
05-18 06:11:55.092  1126  1163 W MobStoreFlagStore: 	at java.util.concurrent.ThreadPoolExecutor$Worker.run(ThreadPoolExecutor.java:641)
05-18 06:11:55.092  1126  1163 W MobStoreFlagStore: 	at atkn.run(:com.google.android.gms@251333032@25.13.33 (190800-745790146):10)
05-18 06:11:55.092  1126  1163 W MobStoreFlagStore: 	at java.lang.Thread.run(Thread.java:920)
05-18 06:11:55.092  1126  1163 W MobStoreFlagStore: Caused by: exah: 17: 17: API: Phenotype.API is not available on this device. Connection failed with: ConnectionResult{statusCode=API_UNAVAILABLE, resolution=null, message=null}
05-18 06:11:55.092  1126  1163 W MobStoreFlagStore: 	at exaj.a(:com.google.android.gms@251333032@25.13.33 (190800-745790146):13)
05-18 06:11:55.092  1126  1163 W MobStoreFlagStore: 	at frqi.d(:com.google.android.gms@251333032@25.13.33 (190800-745790146):3)
05-18 06:11:55.092  1126  1163 W MobStoreFlagStore: 	at frqk.run(:com.google.android.gms@251333032@25.13.33 (190800-745790146):130)
05-18 06:11:55.092  1126  1163 W MobStoreFlagStore: 	at frsr.execute(:com.google.android.gms@251333032@25.13.33 (190800-745790146):1)
05-18 06:11:55.092  1126  1163 W MobStoreFlagStore: 	at frqs.f(:com.google.android.gms@251333032@25.13.33 (190800-745790146):1)
05-18 06:11:55.092  1126  1163 W MobStoreFlagStore: 	at frqs.m(:com.google.android.gms@251333032@25.13.33 (190800-745790146):99)
05-18 06:11:55.092  1126  1163 W MobStoreFlagStore: 	at frqs.r(:com.google.android.gms@251333032@25.13.33 (190800-745790146):17)
05-18 06:11:55.092  1126  1163 W MobStoreFlagStore: 	at epoq.hC(:com.google.android.gms@251333032@25.13.33 (190800-745790146):35)
05-18 06:11:55.092  1126  1163 W MobStoreFlagStore: 	at edxu.run(:com.google.android.gms@251333032@25.13.33 (190800-745790146):12)
05-18 06:11:55.092  1126  1163 W MobStoreFlagStore: 	at frsr.execute(:com.google.android.gms@251333032@25.13.33 (190800-745790146):1)
05-18 06:11:55.092  1126  1163 W MobStoreFlagStore: 	at edxv.b(:com.google.android.gms@251333032@25.13.33 (190800-745790146):18)
05-18 06:11:55.092  1126  1163 W MobStoreFlagStore: 	at edyk.b(:com.google.android.gms@251333032@25.13.33 (190800-745790146):36)
05-18 06:11:55.092  1126  1163 W MobStoreFlagStore: 	at edym.d(:com.google.android.gms@251333032@25.13.33 (190800-745790146):25)
05-18 06:11:55.092  1126  1163 W MobStoreFlagStore: 	at atef.c(:com.google.android.gms@251333032@25.13.33 (190800-745790146):8)
05-18 06:11:55.092  1126  1163 W MobStoreFlagStore: 	at atgy.q(:com.google.android.gms@251333032@25.13.33 (190800-745790146):48)
05-18 06:11:55.092  1126  1163 W MobStoreFlagStore: 	at atgy.d(:com.google.android.gms@251333032@25.13.33 (190800-745790146):10)
05-18 06:11:55.092  1126  1163 W MobStoreFlagStore: 	at atgy.g(:com.google.android.gms@251333032@25.13.33 (190800-745790146):185)
05-18 06:11:55.092  1126  1163 W MobStoreFlagStore: 	at atgy.onConnectionFailed(:com.google.android.gms@251333032@25.13.33 (190800-745790146):2)
05-18 06:11:55.092  1126  1163 W MobStoreFlagStore: 	at atha.run(:com.google.android.gms@251333032@25.13.33 (190800-745790146):80)
05-18 06:11:55.092  1126  1163 W MobStoreFlagStore: 	at android.os.Handler.handleCallback(Handler.java:938)
05-18 06:11:55.092  1126  1163 W MobStoreFlagStore: 	at android.os.Handler.dispatchMessage(Handler.java:99)
05-18 06:11:55.092  1126  1163 W MobStoreFlagStore: 	at cbvt.mk(:com.google.android.gms@251333032@25.13.33 (190800-745790146):1)
05-18 06:11:55.092  1126  1163 W MobStoreFlagStore: 	at cbvt.dispatchMessage(:com.google.android.gms@251333032@25.13.33 (190800-745790146):5)
05-18 06:11:55.092  1126  1163 W MobStoreFlagStore: 	at android.os.Looper.loopOnce(Looper.java:201)
05-18 06:11:55.092  1126  1163 W MobStoreFlagStore: 	at android.os.Looper.loop(Looper.java:288)
05-18 06:11:55.092  1126  1163 W MobStoreFlagStore: 	at android.os.HandlerThread.run(HandlerThread.java:67)
05-18 06:11:55.092  1126  1163 W MobStoreFlagStore: Caused by: atcx: 17: API: Phenotype.API is not available on this device. Connection failed with: ConnectionResult{statusCode=API_UNAVAILABLE, resolution=null, message=null}
05-18 06:11:55.092  1126  1163 W MobStoreFlagStore: 	at atef.c(:com.google.android.gms@251333032@25.13.33 (190800-745790146):3)
05-18 06:11:55.092  1126  1163 W MobStoreFlagStore: 	... 12 more
05-18 06:11:55.152  5198  5437 E unknown:ReactNative: ReactInstanceManager.createReactContext: mJSIModulePackage null
05-18 06:11:55.172  5198  5456 E ReactNativeJNI: logMarker CREATE_REACT_CONTEXT_END
05-18 06:11:55.203   191  4994 I keystore2: keystore2::watchdog: Watchdog thread idle -> terminating. Have a great day.
05-18 06:11:55.257  1521  2044 I adbp    : dispose()
05-18 06:11:55.308  5198  5456 E ReactNativeJNI: logMarker RUN_JS_BUNDLE_START
05-18 06:11:55.355  5198  5457 W unknown:ViewManagerPropertyUpdater: Could not find generated setter for class com.facebook.react.views.art.ARTGroupViewManager
05-18 06:11:55.357  5198  5457 W unknown:ViewManagerPropertyUpdater: Could not find generated setter for class com.facebook.react.views.art.ARTGroupShadowNode
05-18 06:11:55.359  5198  5457 W unknown:ViewManagerPropertyUpdater: Could not find generated setter for class com.facebook.react.views.art.ARTShapeViewManager
05-18 06:11:55.359  5198  5457 W unknown:ViewManagerPropertyUpdater: Could not find generated setter for class com.facebook.react.views.art.ARTShapeShadowNode
05-18 06:11:55.359  5198  5457 W unknown:ViewManagerPropertyUpdater: Could not find generated setter for class com.facebook.react.views.art.ARTTextViewManager
05-18 06:11:55.359  5198  5457 W unknown:ViewManagerPropertyUpdater: Could not find generated setter for class com.facebook.react.views.art.ARTTextShadowNode
05-18 06:11:55.359  5198  5457 W unknown:ViewManagerPropertyUpdater: Could not find generated setter for class com.facebook.react.views.checkbox.ReactCheckBoxManager
05-18 06:11:55.363  5198  5457 W unknown:ViewManagerPropertyUpdater: Could not find generated setter for class com.facebook.react.uimanager.LayoutShadowNode
05-18 06:11:55.363  5198  5457 W unknown:ViewManagerPropertyUpdater: Could not find generated setter for class com.facebook.react.views.picker.ReactDialogPickerManager
05-18 06:11:55.364  5198  5457 W unknown:ViewManagerPropertyUpdater: Could not find generated setter for class com.facebook.react.views.drawer.ReactDrawerLayoutManager
05-18 06:11:55.365  5198  5457 W unknown:ViewManagerPropertyUpdater: Could not find generated setter for class com.facebook.react.views.picker.ReactDropdownPickerManager
05-18 06:11:55.365  5198  5457 W unknown:ViewManagerPropertyUpdater: Could not find generated setter for class com.facebook.react.views.scroll.ReactHorizontalScrollViewManager
05-18 06:11:55.367  5198  5457 W unknown:ViewManagerPropertyUpdater: Could not find generated setter for class com.facebook.react.views.scroll.ReactHorizontalScrollContainerViewManager
05-18 06:11:55.368  5198  5457 W unknown:ViewManagerPropertyUpdater: Could not find generated setter for class com.facebook.react.views.progressbar.ReactProgressBarViewManager
05-18 06:11:55.368  5198  5457 W unknown:ViewManagerPropertyUpdater: Could not find generated setter for class com.facebook.react.views.progressbar.ProgressBarShadowNode
05-18 06:11:55.369  5198  5457 W unknown:ViewManagerPropertyUpdater: Could not find generated setter for class com.facebook.react.views.scroll.ReactScrollViewManager
05-18 06:11:55.370  5198  5457 W unknown:ViewManagerPropertyUpdater: Could not find generated setter for class com.facebook.react.views.slider.ReactSliderManager
05-18 06:11:55.371  5198  5457 W unknown:ViewManagerPropertyUpdater: Could not find generated setter for class com.facebook.react.views.slider.ReactSliderManager$ReactSliderShadowNode
05-18 06:11:55.371  5198  5457 W unknown:ViewManagerPropertyUpdater: Could not find generated setter for class com.facebook.react.views.switchview.ReactSwitchManager
05-18 06:11:55.371  5198  5457 W unknown:ViewManagerPropertyUpdater: Could not find generated setter for class com.facebook.react.views.switchview.ReactSwitchManager$ReactSwitchShadowNode
05-18 06:11:55.372  5198  5457 W unknown:ViewManagerPropertyUpdater: Could not find generated setter for class com.facebook.react.views.swiperefresh.SwipeRefreshLayoutManager
05-18 06:11:55.372  5198  5457 W unknown:ViewManagerPropertyUpdater: Could not find generated setter for class com.facebook.react.views.art.ARTSurfaceViewManager
05-18 06:11:55.373  5198  5457 W unknown:ViewManagerPropertyUpdater: Could not find generated setter for class com.facebook.react.views.art.ARTSurfaceViewShadowNode
05-18 06:11:55.373  5198  5457 W unknown:ViewManagerPropertyUpdater: Could not find generated setter for class com.facebook.react.views.text.frescosupport.FrescoBasedReactTextInlineImageViewManager
05-18 06:11:55.373  5198  5457 W unknown:ViewManagerPropertyUpdater: Could not find generated setter for class com.facebook.react.views.text.frescosupport.FrescoBasedReactTextInlineImageShadowNode
05-18 06:11:55.374  5198  5457 W unknown:ViewManagerPropertyUpdater: Could not find generated setter for class com.facebook.react.views.image.ReactImageManager
05-18 06:11:55.374  5198  5457 W unknown:ViewManagerPropertyUpdater: Could not find generated setter for class com.facebook.react.views.modal.ReactModalHostManager
05-18 06:11:55.374  5198  5457 W unknown:ViewManagerPropertyUpdater: Could not find generated setter for class com.facebook.react.views.modal.ModalHostShadowNode
05-18 06:11:55.375  5198  5457 W unknown:ViewManagerPropertyUpdater: Could not find generated setter for class com.facebook.react.views.text.ReactRawTextManager
05-18 06:11:55.375  5198  5457 W unknown:ViewManagerPropertyUpdater: Could not find generated setter for class com.facebook.react.views.text.ReactRawTextShadowNode
05-18 06:11:55.375  5198  5457 W unknown:ViewManagerPropertyUpdater: Could not find generated setter for class com.facebook.react.views.textinput.ReactTextInputManager
05-18 06:11:55.377  5198  5457 W unknown:ViewManagerPropertyUpdater: Could not find generated setter for class com.facebook.react.views.textinput.ReactTextInputShadowNode
05-18 06:11:55.378  5198  5457 W unknown:ViewManagerPropertyUpdater: Could not find generated setter for class com.facebook.react.views.text.ReactTextViewManager
05-18 06:11:55.378  5198  5457 W unknown:ViewManagerPropertyUpdater: Could not find generated setter for class com.facebook.react.views.text.ReactTextShadowNode
05-18 06:11:55.379  5198  5457 W unknown:ViewManagerPropertyUpdater: Could not find generated setter for class com.facebook.react.views.view.ReactViewManager
05-18 06:11:55.379  5198  5457 W unknown:ViewManagerPropertyUpdater: Could not find generated setter for class com.facebook.react.views.viewpager.ReactViewPagerManager
05-18 06:11:55.379  5198  5457 W unknown:ViewManagerPropertyUpdater: Could not find generated setter for class com.facebook.react.views.text.ReactVirtualTextViewManager
05-18 06:11:55.380  5198  5457 W unknown:ViewManagerPropertyUpdater: Could not find generated setter for class com.facebook.react.views.text.ReactVirtualTextShadowNode
05-18 06:11:55.381  5198  5457 W unknown:ViewManagerPropertyUpdater: Could not find generated setter for class com.swmansion.gesturehandler.react.RNGestureHandlerRootViewManager
05-18 06:11:55.382  5198  5457 W unknown:ViewManagerPropertyUpdater: Could not find generated setter for class com.swmansion.gesturehandler.react.RNGestureHandlerButtonViewManager
05-18 06:11:55.382  5198  5457 W unknown:ViewManagerPropertyUpdater: Could not find generated setter for class com.th3rdwave.safeareacontext.SafeAreaProviderManager
05-18 06:11:55.382  5198  5457 W unknown:ViewManagerPropertyUpdater: Could not find generated setter for class com.th3rdwave.safeareacontext.SafeAreaViewManager
05-18 06:11:55.383  5198  5457 W unknown:ViewManagerPropertyUpdater: Could not find generated setter for class com.th3rdwave.safeareacontext.SafeAreaViewShadowNode
05-18 06:11:55.383  5198  5457 W unknown:ViewManagerPropertyUpdater: Could not find generated setter for class com.reactnativecommunity.webview.RNCWebViewManager
05-18 06:11:55.385  5198  5457 W unknown:ViewManagerPropertyUpdater: Could not find generated setter for class com.horcrux.svg.RenderableViewManager$GroupViewManager
05-18 06:11:55.390  5198  5457 W unknown:ViewManagerPropertyUpdater: Could not find generated setter for class com.horcrux.svg.RenderableViewManager$RenderableShadowNode
05-18 06:11:55.391  5198  5457 W unknown:ViewManagerPropertyUpdater: Could not find generated setter for class com.horcrux.svg.RenderableViewManager$PathViewManager
05-18 06:11:55.391  5198  5457 W unknown:ViewManagerPropertyUpdater: Could not find generated setter for class com.horcrux.svg.RenderableViewManager$CircleViewManager
05-18 06:11:55.391  5198  5457 W unknown:ViewManagerPropertyUpdater: Could not find generated setter for class com.horcrux.svg.RenderableViewManager$EllipseViewManager
05-18 06:11:55.392  5198  5457 W unknown:ViewManagerPropertyUpdater: Could not find generated setter for class com.horcrux.svg.RenderableViewManager$LineViewManager
05-18 06:11:55.392  5198  5457 W unknown:ViewManagerPropertyUpdater: Could not find generated setter for class com.horcrux.svg.RenderableViewManager$RectViewManager
05-18 06:11:55.392  5198  5457 W unknown:ViewManagerPropertyUpdater: Could not find generated setter for class com.horcrux.svg.RenderableViewManager$TextViewManager
05-18 06:11:55.393  5198  5457 W unknown:ViewManagerPropertyUpdater: Could not find generated setter for class com.horcrux.svg.RenderableViewManager$TSpanViewManager
05-18 06:11:55.393  5198  5457 W unknown:ViewManagerPropertyUpdater: Could not find generated setter for class com.horcrux.svg.RenderableViewManager$TextPathViewManager
05-18 06:11:55.393  5198  5457 W unknown:ViewManagerPropertyUpdater: Could not find generated setter for class com.horcrux.svg.RenderableViewManager$ImageViewManager
05-18 06:11:55.393  5198  5457 W unknown:ViewManagerPropertyUpdater: Could not find generated setter for class com.horcrux.svg.RenderableViewManager$ClipPathViewManager
05-18 06:11:55.394  5198  5457 W unknown:ViewManagerPropertyUpdater: Could not find generated setter for class com.horcrux.svg.RenderableViewManager$DefsViewManager
05-18 06:11:55.394  5198  5457 W unknown:ViewManagerPropertyUpdater: Could not find generated setter for class com.horcrux.svg.RenderableViewManager$UseViewManager
05-18 06:11:55.394  5198  5457 W unknown:ViewManagerPropertyUpdater: Could not find generated setter for class com.horcrux.svg.RenderableViewManager$SymbolManager
05-18 06:11:55.394  5198  5457 W unknown:ViewManagerPropertyUpdater: Could not find generated setter for class com.horcrux.svg.RenderableViewManager$LinearGradientManager
05-18 06:11:55.394  5198  5457 W unknown:ViewManagerPropertyUpdater: Could not find generated setter for class com.horcrux.svg.RenderableViewManager$RadialGradientManager
05-18 06:11:55.395  5198  5457 W unknown:ViewManagerPropertyUpdater: Could not find generated setter for class com.horcrux.svg.RenderableViewManager$PatternManager
05-18 06:11:55.395  5198  5457 W unknown:ViewManagerPropertyUpdater: Could not find generated setter for class com.horcrux.svg.RenderableViewManager$MaskManager
05-18 06:11:55.395  5198  5457 W unknown:ViewManagerPropertyUpdater: Could not find generated setter for class com.horcrux.svg.RenderableViewManager$ForeignObjectManager
05-18 06:11:55.396  5198  5457 W unknown:ViewManagerPropertyUpdater: Could not find generated setter for class com.horcrux.svg.RenderableViewManager$MarkerManager
05-18 06:11:55.397  5198  5457 W unknown:ViewManagerPropertyUpdater: Could not find generated setter for class com.horcrux.svg.SvgViewManager
05-18 06:11:55.398  5198  5457 W unknown:ViewManagerPropertyUpdater: Could not find generated setter for class com.dylanvann.fastimage.FastImageViewManager
05-18 06:11:55.398  5198  5457 W unknown:ViewManagerPropertyUpdater: Could not find generated setter for class com.airbnb.android.react.lottie.LottieAnimationViewManager
05-18 06:11:55.398  5198  5457 W unknown:ViewManagerPropertyUpdater: Could not find generated setter for class com.BV.LinearGradient.LinearGradientManager
05-18 06:11:55.400  5198  5457 W unknown:ViewManagerPropertyUpdater: Could not find generated setter for class com.airbnb.android.react.maps.AirMapCalloutManager
05-18 06:11:55.400  5198  5457 W unknown:ViewManagerPropertyUpdater: Could not find generated setter for class com.airbnb.android.react.maps.AirMapMarkerManager
05-18 06:11:55.405  5198  5457 W unknown:ViewManagerPropertyUpdater: Could not find generated setter for class com.airbnb.android.react.maps.AirMapPolylineManager
05-18 06:11:55.405  5198  5457 W unknown:ViewManagerPropertyUpdater: Could not find generated setter for class com.airbnb.android.react.maps.AirMapGradientPolylineManager
05-18 06:11:55.405  5198  5457 W unknown:ViewManagerPropertyUpdater: Could not find generated setter for class com.airbnb.android.react.maps.AirMapPolygonManager
05-18 06:11:55.406  5198  5457 W unknown:ViewManagerPropertyUpdater: Could not find generated setter for class com.airbnb.android.react.maps.AirMapCircleManager
05-18 06:11:55.406  5198  5457 W unknown:ViewManagerPropertyUpdater: Could not find generated setter for class com.airbnb.android.react.maps.AirMapManager
05-18 06:11:55.407  5198  5457 W unknown:ViewManagerPropertyUpdater: Could not find generated setter for class com.airbnb.android.react.maps.AirMapLiteManager
05-18 06:11:55.410  5198  5457 W unknown:ViewManagerPropertyUpdater: Could not find generated setter for class com.airbnb.android.react.maps.AirMapUrlTileManager
05-18 06:11:55.415  5198  5457 W unknown:ViewManagerPropertyUpdater: Could not find generated setter for class com.airbnb.android.react.maps.AirMapWMSTileManager
05-18 06:11:55.417  5198  5457 W unknown:ViewManagerPropertyUpdater: Could not find generated setter for class com.airbnb.android.react.maps.AirMapLocalTileManager
05-18 06:11:55.417  5198  5457 W unknown:ViewManagerPropertyUpdater: Could not find generated setter for class com.airbnb.android.react.maps.AirMapOverlayManager
05-18 06:11:55.418  5198  5457 W unknown:ViewManagerPropertyUpdater: Could not find generated setter for class com.airbnb.android.react.maps.AirMapHeatmapManager
05-18 06:11:55.419  5198  5457 W unknown:ViewManagerPropertyUpdater: Could not find generated setter for class com.lwansbrough.RCTCamera.RCTCameraViewManager
05-18 06:11:55.419  5198  5457 W unknown:ViewManagerPropertyUpdater: Could not find generated setter for class org.reactnative.camera.CameraViewManager
05-18 06:11:55.420  5198  5457 W unknown:ViewManagerPropertyUpdater: Could not find generated setter for class com.quantummetric.reactnative.QuantumViewManager
05-18 06:11:55.505  1815  3901 I Finsky  : [125] alyu.v(185): Package com.google.android.gms is verified.
05-18 06:11:55.507  1369  2341 W FA-SVC  : Service response is missing Install Referrer install timestamp
05-18 06:11:55.648  1369  1389 I gle.android.gm: Compiler allocated 4457KB to compile void chtt.am(com.google.android.gms.measurement.internal.EventParcel, com.google.android.gms.measurement.internal.AppMetadata)
05-18 06:11:55.775  1263  1474 W MediaProvider: isAppCloneUserPair for user 0: false
05-18 06:11:55.781  1369  1389 I gle.android.gm: Compiler allocated 6277KB to compile void chtt.am(com.google.android.gms.measurement.internal.EventParcel, com.google.android.gms.measurement.internal.AppMetadata)
05-18 06:11:55.805   178   178 I hwservicemanager: getTransport: Cannot find entry android.hardware.graphics.mapper@4.0::IMapper/default in either framework or device VINTF manifest.
05-18 06:11:55.808  5505  5508 I Gralloc4: mapper 4.x is not supported
05-18 06:11:55.942  1369  5041 I cn_CronetUrlRequestContext: destroyNativeStreamLocked org.chromium.net.impl.CronetBidirectionalStream@476ccc3
05-18 06:11:55.996  1263  2096 I MediaProvider: Begin Intent { act=android.intent.action.MEDIA_SCANNER_SCAN_FILE dat=file:///sdcard/screen_2025-05-18_141155.png flg=0x1400010 cmp=com.google.android.providers.media.module/com.android.providers.media.MediaService }
05-18 06:11:56.047  1263  2096 I MediaProvider: End Intent { act=android.intent.action.MEDIA_SCANNER_SCAN_FILE dat=file:///sdcard/screen_2025-05-18_141155.png flg=0x1400010 cmp=com.google.android.providers.media.module/com.android.providers.media.MediaService }
05-18 06:11:56.096  1263  1472 I MediaProvider: Deleted 0 1 0 0 0 0 0 items on external_primary due to com.android.shell
05-18 06:11:56.096  1126  4494 I UriTaskContentObserver: (REDACTED) Throttling content uri change event for %s
05-18 06:11:56.124  5198  5206 I .airasia.mobil: NativeAlloc concurrent copying GC freed 180756(11MB) AllocSpace objects, 43(1716KB) LOS objects, 49% free, 14MB/28MB, paused 567us,111us total 155.262ms
05-18 06:11:56.162  1521  1540 I earchbox:searc: Background concurrent copying GC freed 238954(10MB) AllocSpace objects, 30(2724KB) LOS objects, 50% free, 17MB/35MB, paused 1.234ms,56us total 648.278ms
05-18 06:11:56.224  1521  1542 E DataBuffer: Internal data leak within a DataBuffer object detected!  Be sure to explicitly call release() on all DataBuffer extending objects when you are done with them. (internal object: com.google.android.gms.common.data.DataHolder@85df7c0)
05-18 06:11:56.259  1369  1369 I NearbySharing: SharingTileService destroyed
05-18 06:11:56.408  5198  5198 E unknown:ReactNative: Unable to launch logbox because react was unable to create the root view
05-18 06:11:56.432  1126  2102 W NearbySharing: 'listPublicCertificates' failed for parent: users/me/devices/X3IU14CBJP with error: 4 [CONTEXT service_id=194 ]
05-18 06:11:56.432  1126  2102 W NearbySharing: hdtc: DEADLINE_EXCEEDED: CallOptions deadline exceeded after 7.506830700s. Name resolution delay 0.000000000 seconds. [closed=[], open=[[buffered_nanos=7508045100, waiting_for_connection]]]
05-18 06:11:56.432  1126  2102 W NearbySharing: 	at aums.s(:com.google.android.gms@251333032@25.13.33 (190800-745790146):31)
05-18 06:11:56.432  1126  2102 W NearbySharing: 	at aums.f(:com.google.android.gms@251333032@25.13.33 (190800-745790146):92)
05-18 06:11:56.432  1126  2102 W NearbySharing: 	at cupf.c(:com.google.android.gms@251333032@25.13.33 (190800-745790146):44)
05-18 06:11:56.432  1126  2102 W NearbySharing: 	at cupu.c(:com.google.android.gms@251333032@25.13.33 (190800-745790146):229)
05-18 06:11:56.432  1126  2102 W NearbySharing: 	at csxr.run(:com.google.android.gms@251333032@25.13.33 (190800-745790146):16)
05-18 06:11:56.432  1126  2102 W NearbySharing: 	at ausj.c(:com.google.android.gms@251333032@25.13.33 (190800-745790146):50)
05-18 06:11:56.432  1126  2102 W NearbySharing: 	at ausj.run(:com.google.android.gms@251333032@25.13.33 (190800-745790146):70)
05-18 06:11:56.432  1126  2102 W NearbySharing: 	at java.util.concurrent.ThreadPoolExecutor.runWorker(ThreadPoolExecutor.java:1167)
05-18 06:11:56.432  1126  2102 W NearbySharing: 	at java.util.concurrent.ThreadPoolExecutor$Worker.run(ThreadPoolExecutor.java:641)
05-18 06:11:56.432  1126  2102 W NearbySharing: 	at auxx.run(:com.google.android.gms@251333032@25.13.33 (190800-745790146):8)
05-18 06:11:56.432  1126  2102 W NearbySharing: 	at java.lang.Thread.run(Thread.java:920)
05-18 06:11:56.442  1126  5124 I NearbySharing: Failed to log FAST_SHARE_SERVER_RESPONSE, due to clearcutLogger is null.
05-18 06:11:56.453  1126  1250 I NearbySharing: (REDACTED) Incremented the RateLimitThrottler(%s) count to %d.
05-18 06:11:56.493  1126  1250 W GLSUser : [DeviceKeyStore] Cannot load key: Device key file not found.
05-18 06:11:56.497  1126  1250 W GLSUser : [DeviceKeyStore] Cannot load key: Device key file not found.
05-18 06:11:57.493  5198  5456 W ReactNativeJS: [SECURITY] node-uuid: crypto not usable, falling back to insecure Math.random()
05-18 06:11:58.244   538   639 I InputDispatcher: Dropping move event because a pointer for a different device is already active in display 0
05-18 06:11:58.244   538   639 W InputDispatcher: Permission denied, dropping the motion (isPointer=true)
05-18 06:11:58.246   538  1975 W InputManager: Input event injection from pid 5595 permission denied.
05-18 06:11:58.433   178   178 I hwservicemanager: getTransport: Cannot find entry android.hardware.graphics.mapper@4.0::IMapper/default in either framework or device VINTF manifest.
05-18 06:11:58.433   538  1983 I Gralloc4: mapper 4.x is not supported
05-18 06:11:58.445   358  3308 W AudioFlinger: createTrack_l(): mismatch between requested flags (00000004) and output flags (00000002)
05-18 06:11:58.507   538  1337 W InputManager-JNI: Input channel object 'a59da03 com.airasia.mobile/com.airasia.mobile.SplashScreenActivity (client)' was disposed without first being removed with the input manager!
05-18 06:11:58.516   365   365 I BpBinder: onLastStrongRef automatically unlinking death recipients: <uncached descriptor>
05-18 06:11:58.541   178   178 I hwservicemanager: getTransport: Cannot find entry android.hardware.configstore@1.0::ISurfaceFlingerConfigs/default in either framework or device VINTF manifest.
05-18 06:11:58.542   538  5614 W OpenGLRenderer: Failed to choose config with EGL_SWAP_BEHAVIOR_PRESERVED, retrying without...
05-18 06:11:58.542   538  5614 W OpenGLRenderer: Failed to initialize 101010-2 format, error = EGL_SUCCESS
05-18 06:11:58.595  5198  5307 W GraphRequest: Starting with v13 of the SDK, a client token must be embedded in your client code before making Graph API calls. Visit https://developers.facebook.com/docs/android/getting-started#client-token to learn how to implement this change.
05-18 06:11:58.694  1263  1472 W MediaProvider: isAppCloneUserPair for user 0: false
05-18 06:11:58.755   178   178 I hwservicemanager: getTransport: Cannot find entry android.hardware.graphics.mapper@4.0::IMapper/default in either framework or device VINTF manifest.
05-18 06:11:58.755  5619  5623 I Gralloc4: mapper 4.x is not supported
05-18 06:11:58.781   538  1975 W ActivityManager: Unable to start service Intent { act=android.service.smartspace.SmartspaceService cmp=com.google.android.as/com.google.android.apps.miphone.aiai.app.AiAiSmartspaceService } U=0: not found
05-18 06:11:58.781   538  1975 W RemoteSmartspaceService: could not bind to Intent { act=android.service.smartspace.SmartspaceService cmp=com.google.android.as/com.google.android.apps.miphone.aiai.app.AiAiSmartspaceService } using flags 67112961
05-18 06:11:58.784   538   538 W ActivityManager: Unbind failed: could not find connection for android.app.LoadedApk$ServiceDispatcher$InnerConnection@ae4fd6c
05-18 06:11:59.463   538   562 I Choreographer: Skipped 40 frames!  The application may be doing too much work on its main thread.
05-18 06:11:59.473   358   495 W AudioFlinger: write blocked for 703 msecs, 1 delayed writes, thread 13
05-18 06:11:59.485   991  1012 I OpenGLRenderer: Davey! duration=747ms; Flags=1, FrameTimelineVsyncId=2492, IntendedVsync=81755851552, Vsync=81755851552, InputEventId=0, HandleInputStart=81762516400, AnimationStart=81762532200, PerformTraversalsStart=81762555200, DrawStart=81797463700, FrameDeadline=81772518218, FrameInterval=81762501900, FrameStartTime=16666666, SyncQueued=82498411000, SyncStart=82499670100, IssueDrawCommandsStart=82499938000, SwapBuffers=82501422900, FrameCompleted=82504728400, DequeueBufferDuration=22400, QueueBufferDuration=714700, GpuCompleted=82504661700, SwapBuffersCompleted=82504728400, DisplayPresentTime=0, 
05-18 06:11:59.520   538   558 W Looper  : Slow delivery took 750ms android.fg h=android.os.Handler c=com.android.server.power.hint.HintManagerService$UidObserver$$ExternalSyntheticLambda1@2c2a53b m=0
05-18 06:11:59.527  1369  5008 E WakeLock: CryptauthEnroller ** IS FORCE-RELEASED ON TIMEOUT **
05-18 06:11:59.656   538  1337 W ActivityManager: Unable to start service Intent { act=android.service.smartspace.SmartspaceService cmp=com.google.android.as/com.google.android.apps.miphone.aiai.app.AiAiSmartspaceService } U=0: not found
05-18 06:11:59.665   538  1337 W RemoteSmartspaceService: could not bind to Intent { act=android.service.smartspace.SmartspaceService cmp=com.google.android.as/com.google.android.apps.miphone.aiai.app.AiAiSmartspaceService } using flags 67112961
05-18 06:11:59.665   538   538 W ActivityManager: Unbind failed: could not find connection for android.app.LoadedApk$ServiceDispatcher$InnerConnection@79f8e04
05-18 06:11:59.674  5198  5456 E ReactNativeJNI: logMarker RUN_JS_BUNDLE_END
05-18 06:11:59.683  5198  5456 I ReactNativeJNI: Memory warning (pressure level: TRIM_MEMORY_UI_HIDDEN) received by JS VM, ignoring because it's non-severe
05-18 06:11:59.707  1521  1521 I cnhq    : onStart
05-18 06:11:59.720  1521  2691 I OpenGLRenderer: Davey! duration=1005ms; Flags=1, FrameTimelineVsyncId=2487, IntendedVsync=81722518220, Vsync=81722518220, InputEventId=0, HandleInputStart=81723616100, AnimationStart=81723631000, PerformTraversalsStart=81723682500, DrawStart=82662295300, FrameDeadline=81739184886, FrameInterval=81723608900, FrameStartTime=16666666, SyncQueued=82724861000, SyncStart=82726396200, IssueDrawCommandsStart=82726920200, SwapBuffers=82728355700, FrameCompleted=82729944900, DequeueBufferDuration=19000, QueueBufferDuration=544100, GpuCompleted=82729862200, SwapBuffersCompleted=82729944900, DisplayPresentTime=0, 
05-18 06:11:59.770  1263  2096 I MediaProvider: Begin Intent { act=android.intent.action.MEDIA_SCANNER_SCAN_FILE dat=file:///sdcard/screen_2025-05-18_141158.png flg=0x1400010 cmp=com.google.android.providers.media.module/com.android.providers.media.MediaService }
05-18 06:11:59.803  1521  1521 I clii    : (REDACTED) [%s] onStart()
05-18 06:11:59.809  1521  1521 I clkj    : Reloading theme data
05-18 06:11:59.814  1263  2096 W ExifInterface: Invalid image: ExifInterface got an unsupported image format file(ExifInterface supports JPEG and some RAW image formats only) or a corrupted JPEG file to ExifInterface.
05-18 06:11:59.814  1263  2096 W ExifInterface: java.io.EOFException
05-18 06:11:59.814  1263  2096 W ExifInterface: 	at android.media.ExifInterface$ByteOrderedDataInputStream.readShort(ExifInterface.java:4995)
05-18 06:11:59.814  1263  2096 W ExifInterface: 	at android.media.ExifInterface.readByteOrder(ExifInterface.java:3977)
05-18 06:11:59.814  1263  2096 W ExifInterface: 	at android.media.ExifInterface.parseTiffHeaders(ExifInterface.java:3997)
05-18 06:11:59.814  1263  2096 W ExifInterface: 	at android.media.ExifInterface.getRawAttributes(ExifInterface.java:2963)
05-18 06:11:59.814  1263  2096 W ExifInterface: 	at android.media.ExifInterface.loadAttributes(ExifInterface.java:2024)
05-18 06:11:59.814  1263  2096 W ExifInterface: 	at android.media.ExifInterface.<init>(ExifInterface.java:1641)
05-18 06:11:59.814  1263  2096 W ExifInterface: 	at android.media.ExifInterface.<init>(ExifInterface.java:1592)
05-18 06:11:59.814  1263  2096 W ExifInterface: 	at com.android.providers.media.scan.ModernMediaScanner.scanItemImage(ModernMediaScanner.java:1367)
05-18 06:11:59.814  1263  2096 W ExifInterface: 	at com.android.providers.media.scan.ModernMediaScanner.scanItem(ModernMediaScanner.java:1003)
05-18 06:11:59.814  1263  2096 W ExifInterface: 	at com.android.providers.media.scan.ModernMediaScanner.access$1200(ModernMediaScanner.java:146)
05-18 06:11:59.814  1263  2096 W ExifInterface: 	at com.android.providers.media.scan.ModernMediaScanner$Scan.visitFile(ModernMediaScanner.java:801)
05-18 06:11:59.814  1263  2096 W ExifInterface: 	at com.android.providers.media.scan.ModernMediaScanner$Scan.visitFile(ModernMediaScanner.java:320)
05-18 06:11:59.814  1263  2096 W ExifInterface: 	at java.nio.file.Files.walkFileTree(Files.java:2670)
05-18 06:11:59.814  1263  2096 W ExifInterface: 	at java.nio.file.Files.walkFileTree(Files.java:2742)
05-18 06:11:59.814  1263  2096 W ExifInterface: 	at com.android.providers.media.scan.ModernMediaScanner$Scan.walkFileTree(ModernMediaScanner.java:439)
05-18 06:11:59.814  1263  2096 W ExifInterface: 	at com.android.providers.media.scan.ModernMediaScanner$Scan.runInternal(ModernMediaScanner.java:402)
05-18 06:11:59.814  1263  2096 W ExifInterface: 	at com.android.providers.media.scan.ModernMediaScanner$Scan.run(ModernMediaScanner.java:391)
05-18 06:11:59.814  1263  2096 W ExifInterface: 	at com.android.providers.media.scan.ModernMediaScanner.scanFile(ModernMediaScanner.java:263)
05-18 06:11:59.814  1263  2096 W ExifInterface: 	at com.android.providers.media.MediaProvider.scanFile(MediaProvider.java:1273)
05-18 06:11:59.814  1263  2096 W ExifInterface: 	at com.android.providers.media.MediaProvider.scanFile(MediaProvider.java:1269)
05-18 06:11:59.814  1263  2096 W ExifInterface: 	at com.android.providers.media.MediaService.onScanFile(MediaService.java:215)
05-18 06:11:59.814  1263  2096 W ExifInterface: 	at com.android.providers.media.MediaService.onHandleWork(MediaService.java:85)
05-18 06:11:59.814  1263  2096 W ExifInterface: 	at androidx.core.app.JobIntentService$CommandProcessor.doInBackground(JobIntentService.java:396)
05-18 06:11:59.814  1263  2096 W ExifInterface: 	at androidx.core.app.JobIntentService$CommandProcessor.doInBackground(JobIntentService.java:387)
05-18 06:11:59.814  1263  2096 W ExifInterface: 	at android.os.AsyncTask$3.call(AsyncTask.java:394)
05-18 06:11:59.814  1263  2096 W ExifInterface: 	at java.util.concurrent.FutureTask.run(FutureTask.java:266)
05-18 06:11:59.814  1263  2096 W ExifInterface: 	at java.util.concurrent.ThreadPoolExecutor.runWorker(ThreadPoolExecutor.java:1167)
05-18 06:11:59.814  1263  2096 W ExifInterface: 	at java.util.concurrent.ThreadPoolExecutor$Worker.run(ThreadPoolExecutor.java:641)
05-18 06:11:59.814  1263  2096 W ExifInterface: 	at java.lang.Thread.run(Thread.java:920)
05-18 06:11:59.833  1263  2096 I MediaProvider: End Intent { act=android.intent.action.MEDIA_SCANNER_SCAN_FILE dat=file:///sdcard/screen_2025-05-18_141158.png flg=0x1400010 cmp=com.google.android.providers.media.module/com.android.providers.media.MediaService }
05-18 06:11:59.890  1521  1521 I cnhq    : onResume
05-18 06:11:59.904  1126  4494 I UriTaskContentObserver: (REDACTED) Throttling content uri change event for %s
05-18 06:11:59.906  1263  5048 I MediaProvider: Deleted 0 1 0 0 0 0 0 items on external_primary due to com.android.shell
05-18 06:12:00.248   538  1337 W InputManager-JNI: Input channel object '5eab6b0 com.airasia.mobile/com.airasia.mobile.SplashScreenActivity (client)' was disposed without first being removed with the input manager!
05-18 06:12:00.258  4234  4982 E DGFRR   : FR error [CONTEXT service_id=25 ]
05-18 06:12:00.258  4234  4982 E DGFRR   : java.io.IOException: Couldn't fetch response.
05-18 06:12:00.258  4234  4982 E DGFRR   : 	at bamk.a(:com.google.android.gms@251333032@25.13.33 (190800-745790146):149)
05-18 06:12:00.258  4234  4982 E DGFRR   : 	at bain.c(:com.google.android.gms@251333032@25.13.33 (190800-745790146):41)
05-18 06:12:00.258  4234  4982 E DGFRR   : 	at bain.b(:com.google.android.gms@251333032@25.13.33 (190800-745790146):2)
05-18 06:12:00.258  4234  4982 E DGFRR   : 	at bajq.a(:com.google.android.gms@251333032@25.13.33 (190800-745790146):156)
05-18 06:12:00.258  4234  4982 E DGFRR   : 	at bajq.b(:com.google.android.gms@251333032@25.13.33 (190800-745790146):66)
05-18 06:12:00.258  4234  4982 E DGFRR   : 	at com.google.android.gms.droidguard.DroidGuardFastRefreshGmsTaskBoundService.a(:com.google.android.gms@251333032@25.13.33 (190800-745790146):265)
05-18 06:12:00.258  4234  4982 E DGFRR   : 	at cbxs.call(:com.google.android.gms@251333032@25.13.33 (190800-745790146):30)
05-18 06:12:00.258  4234  4982 E DGFRR   : 	at java.util.concurrent.FutureTask.run(FutureTask.java:266)
05-18 06:12:00.258  4234  4982 E DGFRR   : 	at ausj.c(:com.google.android.gms@251333032@25.13.33 (190800-745790146):50)
05-18 06:12:00.258  4234  4982 E DGFRR   : 	at ausj.run(:com.google.android.gms@251333032@25.13.33 (190800-745790146):70)
05-18 06:12:00.258  4234  4982 E DGFRR   : 	at java.util.concurrent.ThreadPoolExecutor.runWorker(ThreadPoolExecutor.java:1167)
05-18 06:12:00.258  4234  4982 E DGFRR   : 	at java.util.concurrent.ThreadPoolExecutor$Worker.run(ThreadPoolExecutor.java:641)
