--------- beginning of main
05-18 06:11:27.423  1126  3941 I AppDoctorManager: Updating appdoctor Uri Permissions. [CONTEXT service_id=256 ]
05-18 06:11:27.429  1369  3768 I SchedulingUtil: (REDACTED) Scheduling %s.
05-18 06:11:27.429  1369  3768 I SchedulingUtil: (REDACTED) Scheduling %s.
05-18 06:11:27.458  4046  4046 W gle.android.tt: Entry not found
05-18 06:11:27.458  4046  4046 W gle.android.tt: Entry not found
05-18 06:11:27.458  4046  4046 W gle.android.tt: Entry not found
05-18 06:11:27.471  4046  4046 W gle.android.tt: JIT profile information will not be recorded: profile file does not exist.
05-18 06:11:27.471  4046  4046 W gle.android.tt: JIT profile information will not be recorded: profile file does not exist.
05-18 06:11:27.471  4046  4046 W gle.android.tt: JIT profile information will not be recorded: profile file does not exist.
--------- beginning of system
05-18 06:11:27.503   538  1968 I ActivityManager: Killing 3170:com.google.android.apps.maps:server_recovery_process/u0a114 (adj 975): empty #17
05-18 06:11:27.508   538   574 I libprocessgroup: Successfully killed process cgroup uid 10114 pid 3170 in 1ms
05-18 06:11:27.517  1369  1654 I SchedulingUtil: (REDACTED) Scheduling %s.
05-18 06:11:27.524  4046  4046 I MultiDex: VM with version 2.1.0 has multidex support
05-18 06:11:27.529  4046  4046 I MultiDex: Installing application
05-18 06:11:27.529  4046  4046 I MultiDex: VM has multidex support, MultiDex support library is disabled.
05-18 06:11:27.529  4046  4046 I MultiDex: Installing application
05-18 06:11:27.529  4046  4046 I MultiDex: VM has multidex support, MultiDex support library is disabled.
05-18 06:11:27.535   320   320 I Zygote  : Process 3170 exited due to signal 9 (Killed)
05-18 06:11:27.546  4046  4087 I carui   : CarUi plugin is disabled
05-18 06:11:27.591  1126  2092 W WearableService: onGetService: Wear is not available on this device.
05-18 06:11:27.599  1369  1677 I FinderWearable: [WearableDeviceProvisioningManagerImpl] Wearable API is unavailable. [CONTEXT service_id=284 ]
05-18 06:11:27.629  4046  4046 I Analytics: Running on TYPE_PHONE
05-18 06:11:27.633  4046  4046 I gcu     : SslGuard completed installation.
05-18 06:11:27.635  4046  4046 I NativeLibraryLoader: Beginning load of google_speech_sbg_tts_jni...
05-18 06:11:27.647  4046  4046 I DefaultProcessValidator: Validating WorkManager process
05-18 06:11:27.660  1369  3671 I SystemUpdate: [Installation,ReceiverIntentOperation] Received intent: Intent { act=com.google.android.gms.update.BASE_MODULE_INIT cat=[targeted_intent_op_prefix:.update.control.ReceiverIntentOperation] cmp=com.google.android.gms/.chimera.GmsIntentOperationService }.
05-18 06:11:27.677  4046  4097 I DefaultProcessValidator: Processes: NONE, true, com.google.android.tts, com.google.android.tts
05-18 06:11:27.710  1369  3768 I Auth    : [WorkAccount] update authenticator enabled for boot or update
05-18 06:11:27.725  1369  3670 W SystemServiceRegistry: No service published for: persistent_data_block
05-18 06:11:27.747  1369  4000 I FRP     : (REDACTED) [FrpUpdateIntentOperation] Intent received: %s
05-18 06:11:27.749  1369  4000 W FRP     : [FrpUpdateIntentOperation] FRP is not supported for this device / user [CONTEXT service_id=341 ]
05-18 06:11:27.776  1126  3896 I Auth    : [WorkAccountServiceImpl] init work authenticator
05-18 06:11:27.782  1215  1215 I GoogleInputMethodService: GoogleInputMethodService.onFinishInput():1961 
05-18 06:11:27.805  1215  1215 I Module  : DeviceLockedStatusModuleProvider$Module.updateDeviceLockedStatus():100 repeatCheckTimes = 0, locked = false
05-18 06:11:27.814  1215  1215 I GoogleInputMethodService: GoogleInputMethodService.onDestroy():889 
05-18 06:11:27.817  1369  4008 I SystemUpdate: [Execution,InstallationEventIntentOperation] Handling event of type 1.
05-18 06:11:27.848  1215  1215 I GlobeKeyExtension: GlobeKeyExtension.onDestroyExtension():120 
05-18 06:11:27.849  1369  4008 I SystemUpdate: [Execution,InstallationIntentOperation] Received intent: Intent { act=com.google.android.gms.update.INSTALL_UPDATE cat=[targeted_intent_op_prefix:.update.execution.InstallationIntentOperation] cmp=com.google.android.gms/.chimera.GmsIntentOperationService (has extras) }.
05-18 06:11:27.857  1369  4008 I SystemUpdate: [Execution,ExecutionManager] Start action execution: finished-execution
05-18 06:11:27.857  1369  4008 I SystemUpdate: [Execution,ExecutionManager] Action finished-execution executed for 0.00 seconds.
05-18 06:11:27.862  1369  3768 I Auth    : [GoogleAccountDataTaskService] There is GoogleAccountData so GmsCore data probably was not cleared. Skip snapshotting accounts. [CONTEXT service_id=343 ]
05-18 06:11:27.862  1369  3768 I Auth    : [GoogleAccountDataTaskService] Scheduling periodic task to migrate LSTs to app data. [CONTEXT service_id=343 ]
05-18 06:11:27.862  1215  1215 I ModuleManager: ModuleManager$ModuleInitListener.maybeUnloadModuleOnUnavailable():1350 module jzu is unavailable
05-18 06:11:27.865  1215  1215 I HardKeyTracker: HardKeyTracker.unregisterKeySequence():182 Unregister key sequence lxp{labelResId=2132020224, callback=bwh@e7a6965, lastModifier=2, keyCodes=[47], actions=[0]}
05-18 06:11:27.865  1215  1215 I ModuleManager: ModuleManager$ModuleInitListener.maybeUnloadModuleOnUnavailable():1350 module dhj is unavailable
05-18 06:11:27.870  1215  1215 I ModuleManager: ModuleManager$ModuleInitListener.maybeUnloadModuleOnUnavailable():1350 module gjn is unavailable
05-18 06:11:27.872  1215  1215 I ModuleManager: ModuleManager$ModuleInitListener.maybeUnloadModuleOnUnavailable():1350 module klz is unavailable
05-18 06:11:27.874  1215  1215 I ModuleManager: ModuleManager$ModuleInitListener.maybeUnloadModuleOnUnavailable():1350 module kmd is unavailable
05-18 06:11:27.874  1215  1215 I ModuleManager: ModuleManager$ModuleInitListener.maybeUnloadModuleOnUnavailable():1350 module kme is unavailable
05-18 06:11:27.874  1215  1215 I ModuleManager: ModuleManager$ModuleInitListener.maybeUnloadModuleOnUnavailable():1350 module kmf is unavailable
05-18 06:11:27.874  1215  1215 I ModuleManager: ModuleManager$ModuleInitListener.maybeUnloadModuleOnUnavailable():1350 module kmg is unavailable
05-18 06:11:27.874  1215  1215 I ModuleManager: ModuleManager$ModuleInitListener.maybeUnloadModuleOnUnavailable():1350 module kyj is unavailable
05-18 06:11:27.877  1215  1215 I HardKeyTracker: HardKeyTracker.unregisterKeySequence():182 Unregister key sequence lxp{labelResId=0, callback=jph@52d36e1, lastModifier=0, keyCodes=[204], actions=[0]}
05-18 06:11:27.877  1215  1215 I HardKeyTracker: HardKeyTracker.unregisterKeySequence():182 Unregister key sequence lxp{labelResId=2132020222, callback=jph@2630f4, lastModifier=1, keyCodes=[62, 59], actions=[0, 0]}
05-18 06:11:27.877  1215  1215 I HardKeyTracker: HardKeyTracker.unregisterKeySequence():182 Unregister key sequence lxp{labelResId=0, callback=jph@2630f4, lastModifier=1, keyCodes=[62, 60], actions=[0, 0]}
05-18 06:11:27.877  1215  1215 I ModuleManager: ModuleManager$ModuleInitListener.maybeUnloadModuleOnUnavailable():1350 module kym is unavailable
05-18 06:11:27.877  1215  1215 I ModuleManager: ModuleManager$ModuleInitListener.maybeUnloadModuleOnUnavailable():1350 module lnf is unavailable
05-18 06:11:27.877  1215  1215 I ModuleManager: ModuleManager$ModuleInitListener.maybeUnloadModuleOnUnavailable():1350 module mbf is unavailable
05-18 06:11:27.880  1369  3670 I adservices: Register privacy sandbox mendel properties by handle intent
05-18 06:11:27.890  1215  1215 I ModuleManager: ModuleManager$ModuleInitListener.maybeUnloadModuleOnUnavailable():1350 module jol is unavailable
05-18 06:11:27.892  1215  1215 W NotificationCenter: NotificationCenter$NotificationQueue.notifyPendingNotificationsOnExecutor():877 Heavy notify work detected on UI thread: [kms->lmd, kms->lmd, kms->lmd, kms->lmd, liq->lip, liq->lip, liq->lip, liq->lip, liq->lip, liq->lip, liq->lip, liq->lip, liq->lip, liq->lip, liq->lip] takes 71ms
05-18 06:11:27.892  1215  1215 I ModuleManager: ModuleManager$ModuleInitListener.maybeUnloadModuleOnUnavailable():1350 module dzn is unavailable
05-18 06:11:27.898  1215  1215 I ModuleManager: ModuleManager$ModuleInitListener.maybeUnloadModuleOnUnavailable():1350 module ebf is unavailable
05-18 06:11:27.898  1215  1215 I ModuleManager: ModuleManager$ModuleInitListener.maybeUnloadModuleOnUnavailable():1350 module epr is unavailable
05-18 06:11:27.908  1215  1215 I ModuleManager: ModuleManager$ModuleInitListener.maybeUnloadModuleOnUnavailable():1350 module etx is unavailable
05-18 06:11:27.913  1215  1215 I ModuleManager: ModuleManager$ModuleInitListener.maybeUnloadModuleOnUnavailable():1350 module evr is unavailable
05-18 06:11:27.913  1215  1215 I ModuleManager: ModuleManager$ModuleInitListener.maybeUnloadModuleOnUnavailable():1350 module fck is unavailable
05-18 06:11:27.914  1215  1215 I ModuleManager: ModuleManager$ModuleInitListener.maybeUnloadModuleOnUnavailable():1350 module fdz is unavailable
05-18 06:11:27.917  1215  1774 I InputActionMetricsProcessor: InputActionMetricsProcessor.onDetached():107 Detached from metrics manager.
05-18 06:11:27.939  1369  3670 I adservices: Schedule privacy sandbox mendel properties daily job
05-18 06:11:27.943  1215  1215 I ModuleManager: ModuleManager$ModuleInitListener.maybeUnloadModuleOnUnavailable():1350 module ffc is unavailable
05-18 06:11:27.943  1215  1215 I ModuleManager: ModuleManager$ModuleInitListener.maybeUnloadModuleOnUnavailable():1350 module fgw is unavailable
05-18 06:11:27.943  1215  1215 I JapaneseMozcExtension: JapaneseMozcExtension.onDestroy():52 
05-18 06:11:27.943  1215  1215 I ModuleManager: ModuleManager$ModuleInitListener.maybeUnloadModuleOnUnavailable():1350 module fhj is unavailable
05-18 06:11:27.946  1215  1215 I ModuleManager: ModuleManager$ModuleInitListener.maybeUnloadModuleOnUnavailable():1350 module fpf is unavailable
05-18 06:11:27.948  1215  1215 I ModuleManager: ModuleManager$ModuleInitListener.maybeUnloadModuleOnUnavailable():1350 module fsu is unavailable
05-18 06:11:27.948  1215  1215 I ModuleManager: ModuleManager$ModuleInitListener.maybeUnloadModuleOnUnavailable():1350 module IEmojiOrGifExtension is unavailable
05-18 06:11:27.949  1215  1215 I ModuleManager: ModuleManager$ModuleInitListener.maybeUnloadModuleOnUnavailable():1350 module IEmoticonExtension is unavailable
05-18 06:11:27.953  1215  1215 I ModuleManager: ModuleManager$ModuleInitListener.maybeUnloadModuleOnUnavailable():1350 module fxh is unavailable
05-18 06:11:27.953  1215  1215 I ModuleManager: ModuleManager$ModuleInitListener.maybeUnloadModuleOnUnavailable():1350 module gam is unavailable
05-18 06:11:27.956  1215  1215 I ModuleManager: ModuleManager$ModuleInitListener.maybeUnloadModuleOnUnavailable():1350 module gts is unavailable
05-18 06:11:27.956  1215  1215 I UniversalDictationExtension: UniversalDictationExtension.onDestroyExtension():92 onDestroy [UD]
05-18 06:11:27.956  1215  1215 I ModuleManager: ModuleManager$ModuleInitListener.maybeUnloadModuleOnUnavailable():1350 module gtu is unavailable
05-18 06:11:27.961  1215  1215 I OnDevicePackDownloadModule: OnDevicePackDownloadModule.onDestroy():95 onDestroy()
05-18 06:11:27.961  1215  1215 I ModuleManager: ModuleManager$ModuleInitListener.maybeUnloadModuleOnUnavailable():1350 module gyt is unavailable
05-18 06:11:27.961  1215  1215 I NewS3RecognizerModule: NewS3RecognizerModule.onDestroy():21 onDestroy [news3]
05-18 06:11:27.961  1215  1215 I ModuleManager: ModuleManager$ModuleInitListener.maybeUnloadModuleOnUnavailable():1350 module hau is unavailable
05-18 06:11:27.961  1215  1215 I ModuleManager: ModuleManager$ModuleInitListener.maybeUnloadModuleOnUnavailable():1350 module imw is unavailable
05-18 06:11:27.962  1215  1215 I HardKeyTracker: HardKeyTracker.unregisterKeySequence():182 Unregister key sequence lxp{labelResId=2132020217, callback=cct@b76c4c, lastModifier=2, keyCodes=[37], actions=[0]}
05-18 06:11:27.962  1215  1215 I HardKeyTracker: HardKeyTracker.unregisterKeySequence():182 Unregister key sequence lxp{labelResId=2132018698, callback=cct@c7646dd, lastModifier=2, keyCodes=[39], actions=[0]}
05-18 06:11:27.963  3924  3924 I GooglePartnerSetup: Phenotype client.register successes
05-18 06:11:27.963  1215  1215 I HardKeyTracker: HardKeyTracker.unregisterKeySequence():182 Unregister key sequence lxp{labelResId=2132020218, callback=cct@fa54676, lastModifier=65536, keyCodes=[76], actions=[0]}
05-18 06:11:27.963  1215  1215 I HardKeyTracker: HardKeyTracker.unregisterKeySequence():182 Unregister key sequence lxp{labelResId=2132020219, callback=cct@9a87483, lastModifier=2, keyCodes=[48], actions=[0]}
05-18 06:11:27.963  1215  1215 I HardKeyTracker: HardKeyTracker.unregisterKeySequence():182 Unregister key sequence lxp{labelResId=2132020214, callback=cct@4a5bc7e, lastModifier=2, keyCodes=[50], actions=[0]}
05-18 06:11:27.967  1215  1215 I ModuleManager: ModuleManager$ModuleInitListener.maybeUnloadModuleOnUnavailable():1350 module ipd is unavailable
05-18 06:11:27.967  1215  1215 I ModuleManager: ModuleManager$ModuleInitListener.maybeUnloadModuleOnUnavailable():1350 module jsl is unavailable
05-18 06:11:27.967  1215  1215 I ModuleManager: ModuleManager$ModuleInitListener.maybeUnloadModuleOnUnavailable():1350 module IBannerExtension is unavailable
05-18 06:11:27.967  1215  1215 I ModuleManager: ModuleManager$ModuleInitListener.maybeUnloadModuleOnUnavailable():1350 module mkd is unavailable
05-18 06:11:27.973  1215  1215 I ModuleManager: ModuleManager$ModuleInitListener.maybeUnloadModuleOnUnavailable():1350 module mng is unavailable
05-18 06:11:27.973  1215  1215 I ModuleManager: ModuleManager$ModuleInitListener.maybeUnloadModuleOnUnavailable():1350 module gtf is unavailable
05-18 06:11:27.974  1215  1215 I ModuleManager: ModuleManager$ModuleInitListener.maybeUnloadModuleOnUnavailable():1350 module moa is unavailable
05-18 06:11:27.974  1215  1215 I ModuleManager: ModuleManager$ModuleInitListener.maybeUnloadModuleOnUnavailable():1350 module gtk is unavailable
05-18 06:11:27.976   538   897 I ActivityManager: Killing 3079:com.google.android.apps.maps/u0a114 (adj 955): empty #17
05-18 06:11:27.978  1215  1215 W NotificationCenter: NotificationCenter.unregisterListener():480 Listener jam@5c7d17e was not registered for notification class kiv
05-18 06:11:27.978  1215  1215 W NotificationCenter: NotificationCenter.unregisterListener():480 Listener jal@9a9f739 was not registered for notification class kin
05-18 06:11:27.978  1215  1215 W NotificationCenter: NotificationCenter.unregisterListener():480 Listener lmd@8a88300 was not registered for notification class ips
05-18 06:11:27.978  1215  1215 W NotificationCenter: NotificationCenter.unregisterListener():480 Listener izy@492cf2c was not registered for notification class jmu
05-18 06:11:27.983   538   573 I ActivityManager: Start proc 4117:com.google.android.youtube/u0a121 for broadcast {com.google.android.youtube/com.google.android.libraries.notifications.platform.entrypoints.restart.RestartReceiver}
05-18 06:11:27.985  1215  1215 W NotificationCenter: NotificationCenter.unregisterListener():480 Listener imp@99a0ca8 was not registered for notification class ioo
05-18 06:11:27.986  1215  1215 W NotificationCenter: NotificationCenter.unregisterListener():480 Listener imo@1f85766 was not registered for notification class ioq
05-18 06:11:27.986  1215  1215 I HardKeyTracker: HardKeyTracker.unregisterKeySequence():182 Unregister key sequence lxp{labelResId=2132020223, callback=ffo@1820ee, lastModifier=2, keyCodes=[62], actions=[0]}
05-18 06:11:27.986  1215  1215 I HardKeyTracker: HardKeyTracker.unregisterKeySequence():182 Unregister key sequence lxp{labelResId=2132020221, callback=null, lastModifier=2, keyCodes=[8], actions=[0]}
05-18 06:11:27.986  1215  1215 I ModuleManager: ModuleManager$ModuleInitListener.maybeUnloadModuleOnUnavailable():1350 module imu is unavailable
05-18 06:11:27.989  1215  1215 I ModuleManager: ModuleManager$ModuleInitListener.maybeUnloadModuleOnUnavailable():1350 module mlv is unavailable
05-18 06:11:27.991  1215  1215 I ModuleManager: ModuleManager$ModuleInitListener.maybeUnloadModuleOnUnavailable():1350 module mjm is unavailable
05-18 06:11:27.998  1215  1215 I ModuleManager: ModuleManager$ModuleInitListener.maybeUnloadModuleOnUnavailable():1350 module djv is unavailable
05-18 06:11:27.999  1215  1215 I ModuleManager: ModuleManager$ModuleInitListener.maybeUnloadModuleOnUnavailable():1350 module gsb is unavailable
05-18 06:11:28.001  4117  4117 W android.youtub: Unexpected CPU variant for X86 using defaults: x86_64
05-18 06:11:28.010  4117  4117 E android.youtub: Not starting debugger since process cannot load the jdwp agent.
05-18 06:11:28.021   538   574 I libprocessgroup: Successfully killed process cgroup uid 10114 pid 3079 in 44ms
05-18 06:11:28.026  1215  1215 I ModuleManager: ModuleManager$ModuleInitListener.maybeUnloadModuleOnUnavailable():1350 module dlb is unavailable
05-18 06:11:28.026  1215  1215 W NotificationCenter: NotificationCenter$NotificationQueue.notifyPendingNotificationsOnExecutor():877 Heavy notify work detected on UI thread: [lia->liv] takes 27ms
05-18 06:11:28.026  1215  1215 I ModuleManager: ModuleManager$ModuleInitListener.maybeUnloadModuleOnUnavailable():1350 module ITranslateUIExtension is unavailable
05-18 06:11:28.027  1215  1215 I ModuleManager: ModuleManager$ModuleInitListener.maybeUnloadModuleOnUnavailable():1350 module dlm is unavailable
05-18 06:11:28.027  1215  1215 I ModuleManager: ModuleManager$ModuleInitListener.maybeUnloadModuleOnUnavailable():1350 module gsy is unavailable
05-18 06:11:28.030  1215  1215 I ModuleManager: ModuleManager$ModuleInitListener.maybeUnloadModuleOnUnavailable():1350 module dho is unavailable
05-18 06:11:28.030  1215  1215 I ModuleManager: ModuleManager$ModuleInitListener.maybeUnloadModuleOnUnavailable():1350 module goa is unavailable
05-18 06:11:28.030  1215  1215 I ModuleManager: ModuleManager$ModuleInitListener.maybeUnloadModuleOnUnavailable():1350 module gsz is unavailable
05-18 06:11:28.030  1215  1215 I ModuleManager: ModuleManager$ModuleInitListener.maybeUnloadModuleOnUnavailable():1350 module lwz is unavailable
05-18 06:11:28.030  1215  1215 I ModuleManager: ModuleManager$ModuleInitListener.maybeUnloadModuleOnUnavailable():1350 module lxa is unavailable
05-18 06:11:28.030  1215  1215 I ModuleManager: ModuleManager$ModuleInitListener.maybeUnloadModuleOnUnavailable():1350 module mdq is unavailable
05-18 06:11:28.031  1215  1215 I ModuleManager: ModuleManager$ModuleInitListener.maybeUnloadModuleOnUnavailable():1350 module gnz is unavailable
05-18 06:11:28.034  1215  1215 I ModuleManager: ModuleManager$ModuleInitListener.maybeUnloadModuleOnUnavailable():1350 module dnu is unavailable
05-18 06:11:28.036   320   320 I Zygote  : Process 3079 exited due to signal 9 (Killed)
05-18 06:11:28.038  1215  1215 I ModuleManager: ModuleManager$ModuleInitListener.maybeUnloadModuleOnUnavailable():1350 module gjt is unavailable
05-18 06:11:28.039  1215  1215 I ModuleManager: ModuleManager$ModuleInitListener.maybeUnloadModuleOnUnavailable():1350 module jnf is unavailable
05-18 06:11:28.043  1215  1215 I ModuleManager: ModuleManager$ModuleInitListener.maybeUnloadModuleOnUnavailable():1350 module dur is unavailable
05-18 06:11:28.047  1215  1215 I ModuleManager: ModuleManager$ModuleInitListener.maybeUnloadModuleOnUnavailable():1350 module ehc is unavailable
05-18 06:11:28.048  1215  1215 I ModuleManager: ModuleManager$ModuleInitListener.maybeUnloadModuleOnUnavailable():1350 module dyn is unavailable
05-18 06:11:28.083  1126  3844 I SelfLocationFetcher: Starting self-location fetching naive strategy. [CONTEXT service_id=284 ]
05-18 06:11:28.093  1369  3768 I Ads     : Parental control value is stale. Refreshing.
05-18 06:11:28.118  1369  4000 I Auth    : (REDACTED) [SupervisedAccountIntentOperationV2] onHandleIntent: %s
05-18 06:11:28.129  4046  4095 I NativeLibraryLoader: google_speech_sbg_tts_jni (null) was loaded normally!
05-18 06:11:28.138  1369  3670 W Auth    : [PubsubPeriodicSyncherRuntimeInit] Initializing periodic tasks, IntentAction=android.intent.action.BOOT_COMPLETED, InitRuntimeState=2
05-18 06:11:28.141  1215  1215 I ModuleManager: ModuleManager$ModuleInitListener.maybeUnloadModuleOnUnavailable():1350 module dyi is unavailable
05-18 06:11:28.141  1215  1215 W NotificationCenter: NotificationCenter$NotificationQueue.notifyPendingNotificationsOnExecutor():877 Heavy notify work detected on UI thread: [lia->liv] takes 84ms
05-18 06:11:28.142  1215  1215 I EmojifyExtensionImpl: EmojifyExtensionImpl.onDestroy():605 Destroying Emojify extension ecq@21ceb71.
05-18 06:11:28.142  1215  1215 I ModuleManager: ModuleManager$ModuleInitListener.maybeUnloadModuleOnUnavailable():1350 module ecc is unavailable
05-18 06:11:28.143  1215  1215 I AbstractOpenableExtension: AbstractOpenableExtension.maybeDestroyExistingKeyboardGroupManager():537 Destroy existing keyboard group manager in edp
05-18 06:11:28.143  1215  1215 I ModuleManager: ModuleManager$ModuleInitListener.maybeUnloadModuleOnUnavailable():1350 module IExpressionMomentExtension is unavailable
05-18 06:11:28.143  1215  1215 I AbstractOpenableExtension: AbstractOpenableExtension.maybeDestroyExistingKeyboardGroupManager():537 Destroy existing keyboard group manager in fyk
05-18 06:11:28.143  1215  1215 I ModuleManager: ModuleManager$ModuleInitListener.maybeUnloadModuleOnUnavailable():1350 module FastAccessBarExtension is unavailable
05-18 06:11:28.143  1215  1215 I ModuleManager: ModuleManager$ModuleInitListener.maybeUnloadModuleOnUnavailable():1350 module IBitmojiExtension is unavailable
05-18 06:11:28.144  1215  1215 I ModuleManager: ModuleManager$ModuleInitListener.maybeUnloadModuleOnUnavailable():1350 module ftv is unavailable
05-18 06:11:28.144  1215  1215 I ModuleManager: ModuleManager$ModuleInitListener.maybeUnloadModuleOnUnavailable():1350 module IUniversalMediaExtension is unavailable
05-18 06:11:28.145  1215  1215 I ModuleManager: ModuleManager$ModuleInitListener.maybeUnloadModuleOnUnavailable():1350 module etm is unavailable
05-18 06:11:28.146  1215  1215 I ModuleManager: ModuleManager$ModuleInitListener.maybeUnloadModuleOnUnavailable():1350 module etq is unavailable
05-18 06:11:28.148  1215  1215 I ModuleManager: ModuleManager$ModuleInitListener.maybeUnloadModuleOnUnavailable():1350 module gjz is unavailable
05-18 06:11:28.150   538  1988 I ActivityManager: Killing 3244:com.google.android.apps.restore/u0a102 (adj 955): empty #17
05-18 06:11:28.151  1369  3768 I Ads     : Initialized AdMob in container 25.13.33 (190800-745790146)
05-18 06:11:28.151  1215  1245 W JavaBinder: BinderProxy is being destroyed but the application did not call unlinkToDeath to unlink all of its death recipients beforehand.  Releasing leaked death recipient: puy
05-18 06:11:28.151  1215  1245 I BpBinder: onLastStrongRef automatically unlinking death recipients: <uncached descriptor>
05-18 06:11:28.153  1215  1215 I ModuleManager: ModuleManager$ModuleInitListener.maybeUnloadModuleOnUnavailable():1350 module fdy is unavailable
05-18 06:11:28.153  1215  1215 I ModuleManager: ModuleManager$ModuleInitListener.maybeUnloadModuleOnUnavailable():1350 module fza is unavailable
05-18 06:11:28.153  1215  1215 I ModuleManager: ModuleManager$ModuleInitListener.maybeUnloadModuleOnUnavailable():1350 module eki is unavailable
05-18 06:11:28.154  1215  1215 I ModuleManager: ModuleManager$ModuleInitListener.maybeUnloadModuleOnUnavailable():1350 module IStickerExtension is unavailable
05-18 06:11:28.154  1215  1215 I ModuleManager: ModuleManager$ModuleInitListener.maybeUnloadModuleOnUnavailable():1350 module IGifKeyboardExtension is unavailable
05-18 06:11:28.155  1215  1215 I ModuleManager: ModuleManager$ModuleInitListener.maybeUnloadModuleOnUnavailable():1350 module fuo is unavailable
05-18 06:11:28.155  1215  1215 I ModuleManager: ModuleManager$ModuleInitListener.maybeUnloadModuleOnUnavailable():1350 module fur is unavailable
05-18 06:11:28.155  1215  1215 I ModuleManager: ModuleManager$ModuleInitListener.maybeUnloadModuleOnUnavailable():1350 module kyf is unavailable
05-18 06:11:28.155  1215  1215 I HardKeyTracker: HardKeyTracker.unregisterKeySequence():182 Unregister key sequence lxp{labelResId=0, callback=ffo@13bfcb2, lastModifier=0, keyCodes=[57, 57], actions=[1, 0]}
05-18 06:11:28.155  1215  1215 I HardKeyTracker: HardKeyTracker.unregisterKeySequence():182 Unregister key sequence lxp{labelResId=0, callback=ffo@6ea89b9, lastModifier=0, keyCodes=[58, 58], actions=[1, 0]}
05-18 06:11:28.156  1215  1215 I AbstractOpenableExtension: AbstractOpenableExtension.maybeDestroyExistingKeyboardGroupManager():537 Destroy existing keyboard group manager in fvs
05-18 06:11:28.156  1215  1215 I ModuleManager: ModuleManager$ModuleInitListener.maybeUnloadModuleOnUnavailable():1350 module IEmojiSearchExtension is unavailable
05-18 06:11:28.157  1215  1215 W NotificationCenter: NotificationCenter$NotificationQueue.notifyPendingNotificationsOnExecutor():877 Heavy notify work detected on UI thread: [kmv->lmd, kmv->lmd, kmv->lmd, kmv->lmd, kmv->lmd, kmv->lmd, kmv->lmd, kmv->lmd, kmv->lmd, kmv->lmd, kmv->lmd, kmv->lmd, kmv->lmd, kmv->lmd, kmv->lmd, kmv->lmd, kmv->lmd, kmv->lmd, kmv->lmd, kmv->lmd, liq->lip, liq->lip, liq->lip, liq->lip, liq->lip, liq->lip, liq->lip, liq->lip, liq->lip, liq->lip, liq->lip, liq->lip, liq->lip, liq->lip, liq->lip, liq->lip, liq->lip, liq->lip, ips->lmd, ips->lmd, ips->lmd, ips->lmd, ips->lmd, ips->lmd, ips->lmd, ips->lmd, ips->lmd, liq->lip, liq->lip, liq->lip, liq->lip, liq->lip, liq->lip, liq->lip, liq->lip, liq->lip, liq->lip, liq->lip, liq->lip, liq->lip, liq->lip, liq->lip, liq->lip, liq->lip, liq->lip, liq->lip, liq->lip, liq->lip, liq->lip, liq->lip, liq->lip, liq->lip, liq->lip, liq->lip, liq->lip, liq->lip, liq->lip, liq->lip, liq->lip, liq->lip, liq->lip, liq->lip, liq->lip, liq->lip, liq->lip, liq->lip, liq->lip, liq->lip] takes 265ms
05-18 06:11:28.158  1215  1215 I GoogleInputMethodService: GoogleInputMethodService.onDestroy():922 Maybe update OEM display config because of service destruction
05-18 06:11:28.163  1215  1215 I DeviceModeModule: DeviceModeModule.calculateAndNotify():198 Window metrics is not available, fallback to app context.
05-18 06:11:28.165  1215  1215 I DeviceModeModule: DeviceModeModule.calculateAndNotify():225 Device mode 'phone' from display metrics 'DisplayMetrics{density=0.0, width=1080, height=2400, scaledDensity=0.0, xdpi=420.0, ydpi=420.0}' or smallestScreenWidthDp: 411
05-18 06:11:28.167  1215  1215 I GoogleInputMethodService: GoogleInputMethodService.clearInputMethodServiceData():983 clearInputMethodServiceData for onDestroy
05-18 06:11:28.168  1369  3670 I RecoverableKeyStoreGms: [RecoverableKeyStoreGmsInitOperation] Initializing auth_folsom
05-18 06:11:28.169  1215  1215 I GoogleInputMethodService: GoogleInputMethodService.discardAllKeyboardViewAndInputView():1147 discardAllKeyboardViewAndInputView()
05-18 06:11:28.171  1369  3670 I RecoverableKeyStoreGms: [RecoverableKeyStoreGmsInitOperation] com.google.android.gms.auth.folsom.service.FolsomPublicKeyUpdateService is already enabled. Ignore.
05-18 06:11:28.171  1369  3670 I RecoverableKeyStoreGms: [RecoverableKeyStoreGmsInitOperation] com.google.android.gms.auth.folsom.service.GcmReceiverService is already enabled. Ignore.
05-18 06:11:28.173  1215  1215 I InputMethodEntryManager: InputMethodEntryManager.notifyCurrentInputMethodEntryOnContextChanged():545 notifyCurrentInputMethodEntryOnContextChanged()
05-18 06:11:28.173  1215  1215 I InputMethodEntryManager: InputMethodEntryManager.notifyCurrentInputMethodEntryOnContextChanged():566 Notify current input method entry changed on context change
05-18 06:11:28.174  1215  1215 I KeyboardThemeProvider: KeyboardThemeProvider.reset():39 Reset keyboard theme
05-18 06:11:28.174  1215  1215 I KeyboardContextProvider: KeyboardContextProvider.setBaseContextAndInvalidKeyboardContextCache():88 setBaseContextAndInvalidKeyboardContextCache(): null
05-18 06:11:28.175  1126  2005 W WearableService: onGetService: Wear is not available on this device.
05-18 06:11:28.196   538   574 I libprocessgroup: Successfully killed process cgroup uid 10102 pid 3244 in 45ms
05-18 06:11:28.206   538  1900 W InputManager-JNI: Input channel object '5ff8e4a InputMethod (client)' was disposed without first being removed with the input manager!
05-18 06:11:28.220  1369  3670 I RecoverableKeyStoreGms: [RecoverableKeyStoreGmsInitOperation] Setting vault handle
05-18 06:11:28.227  1215  1215 I AbstractOpenableExtension: AbstractOpenableExtension$3.onSuccess():555 KeyboardGroupManager destroyed in edp.
05-18 06:11:28.227  1215  1215 I AbstractOpenableExtension: AbstractOpenableExtension$3.onSuccess():555 KeyboardGroupManager destroyed in fyk.
05-18 06:11:28.227  1215  1215 I AbstractOpenableExtension: AbstractOpenableExtension$3.onSuccess():555 KeyboardGroupManager destroyed in fvs.
05-18 06:11:28.228   538  1892 I RecoverySnapshotLstnrs: Registered listener for agent with uid 10097
05-18 06:11:28.229  1369  3768 I Auth    : [AuthManaged, PasswordComplexityHelperImpl] Updating password complexity components state.
05-18 06:11:28.229  1369  3768 I Auth    : [AuthManaged, PasswordComplexityHelperImpl] Disabling com.google.android.gms.auth.managed.admin.DeviceAdminReceiver
05-18 06:11:28.229  1369  3768 I Auth    : [AuthManaged, PasswordComplexityHelperImpl] Disabling com.google.android.gms.auth.managed.ui.SetNewPasswordActivity
05-18 06:11:28.250  1369  4144 W ChimeraUtils: Module com.google.android.gms.auth_authzen__phone missing resource null(0)
05-18 06:11:28.258  1369  4000 I ProximityAuth: [FeatureLoader] auth_easyunlock module load status: 2
05-18 06:11:28.260  1126  1126 I ProximityAuth: [PhoneHubService] Handling intent for PhoneHubChimeraService.
05-18 06:11:28.274   320   320 I Zygote  : Process 3244 exited due to signal 9 (Killed)
05-18 06:11:28.305  1369  3670 W ActivityThread: ClassLoader.getResources: The class loader returned by Thread.getContextClassLoader() may fail for processes that host multiple applications. You should explicitly specify a context class loader. For example: Thread.setContextClassLoader(getClass().getClassLoader());
05-18 06:11:28.325  1369  4144 I Authzen : [AuthZenEventHandler] Handling event: android.intent.action.BOOT_COMPLETED
05-18 06:11:28.326  1369  4144 I Authzen : [SyncManager] Sync requested for event 0, account <ELLIDED:2082862153>, and components 3, with reason 1
05-18 06:11:28.326  1369  4144 I Authzen : [SyncManager] Triggering AuthZen registration check...
05-18 06:11:28.339  1126  1190 W WearableService: onGetService: Wear is not available on this device.
05-18 06:11:28.407  1369  4144 I Authzen : [acwh] Opening database auth.proximity.permit_store...
05-18 06:11:28.418  1369  3768 I Auth    : [AuthManaged, AuthManagedModuleInitIntentOperation] enabling com.google.android.gms.auth.managed.ui.EmmActivity
05-18 06:11:28.428  1369  2541 I CryptauthV2: [HaveKeyWithKeyNameOperation] Have key with key name operation is called.
05-18 06:11:28.439  4117  4117 W android.youtub: Entry not found
05-18 06:11:28.439  4117  4117 W android.youtub: Entry not found
05-18 06:11:28.439  4117  4117 W android.youtub: Entry not found
05-18 06:11:28.454  1369  3768 I Auth    : [AuthManaged, AuthManagedModuleInitIntentOperation] enabling com.google.android.gms.auth.managed.ui.PhoneskyDpcInstallActivity
05-18 06:11:28.459  1369  3768 W Auth    : [AuthManaged, SettingsSecurityDeviceOwnerChimeraActivity] device owner: n/a
05-18 06:11:28.459  1369  3768 I Auth    : [AuthManaged, AuthManagedModuleInitIntentOperation] disabling com.google.android.gms.auth.managed.ui.SettingsSecurityDeviceOwnerActivity
05-18 06:11:28.466  1369  3768 I Auth    : [AuthManaged, PasswordComplexityHelperImpl] Updating password complexity components state.
05-18 06:11:28.466  1369  3768 I Auth    : [AuthManaged, PasswordComplexityHelperImpl] Disabling com.google.android.gms.auth.managed.admin.DeviceAdminReceiver
05-18 06:11:28.466  1369  3768 I Auth    : [AuthManaged, PasswordComplexityHelperImpl] Disabling com.google.android.gms.auth.managed.ui.SetNewPasswordActivity
05-18 06:11:28.468  1815  1838 I Finsky  : [36] lfh.a(63): Received content filters request from sharedUserId=com.google.uid.shared:10097
05-18 06:11:28.471  4117  4117 W android.youtub: JIT profile information will not be recorded: profile file does not exist.
05-18 06:11:28.471  4117  4117 W android.youtub: JIT profile information will not be recorded: profile file does not exist.
05-18 06:11:28.471  4117  4117 W android.youtub: JIT profile information will not be recorded: profile file does not exist.
05-18 06:11:28.475  1126  3783 I MagicTether: (REDACTED) [LaunchUtils] Instant Wifi for status account: name: %s | type: %s | isLaunched: %s
05-18 06:11:28.492  1126  3783 I TetheringManager: registerTetheringEventCallback:com.google.android.gms
05-18 06:11:28.510  1126  1188 I ProximityAuth: [PhoneHubService] No enabled account, stopping service
05-18 06:11:28.523  1369  4000 W ProximityAuth: [GetSyncedDevices] Attestation: No devices out of 0 passed verification.
05-18 06:11:28.523   538  1892 W InputDispatcher: Excessive delay in interceptKeyBeforeQueueing; took 86 ms
05-18 06:11:28.540  1126  1126 I ProximityAuth: [PhoneHubService] Destroying PhoneHubChimeraService.
05-18 06:11:28.541  1126  1126 W ProximityAuth: [PhoneHubNotificationProcessor] shutdown(): context is null.
05-18 06:11:28.541  1126  1126 I ProximityAuth: [PhoneHubService] All devices have disconnected. Performing cleanup...
05-18 06:11:28.541  1126  1126 W ChimeraUtils: Module com.google.android.gms.auth_proximity missing resource null(0)
05-18 06:11:28.542  1369  3671 W ChimeraUtils: Module com.google.android.gms.backup_g1 missing resource null(0)
05-18 06:11:28.544  1126  3783 I ProximityAuth: (REDACTED) [BetterTogetherFeatureSupportIntentOperation] batchSetFeatureSupported finished with status [%s].
05-18 06:11:28.566  1369  3671 W ChimeraUtils: Module com.google.android.gms.backup_g1 missing resource null(0)
05-18 06:11:28.573  1369  3671 W ChimeraUtils: Module com.google.android.gms.backup_g1 missing resource null(0)
05-18 06:11:28.578  1369  3768 I GmsCoreXrpcWrapper: (REDACTED) Returning a channel provider with trafficStatsTag=%d trafficStatsUid=%d
05-18 06:11:28.595  1369  3671 I Backup  : [GmsBackupAccountManager] Backup account not found in gmscore.
05-18 06:11:28.602  1126  3770 W ChimeraUtils: Module com.google.android.gms.backup_base missing resource null(0)
05-18 06:11:28.608  1369  3671 I BackupNotificationsSche: Scheduled backup notifications task successfully. [CONTEXT service_id=229 ]
05-18 06:11:28.638  1369  3670 I RecoverableKeyStoreGms: [EnrollmentManager] Returning certificates list from cache [CONTEXT service_id=172 ]
05-18 06:11:28.639  1369  3768 I AutofillModuleInitInten: (REDACTED) AutofillModuleInitIntentOperation onInitRuntimeState(%s)
05-18 06:11:28.641  1369  3671 I Backup  : [GmsBackupAccountManager] Backup account not found in gmscore.
05-18 06:11:28.647  1369  2541 I CryptauthV2: [EnrollKeyName] ClientName calling Cryptauth is ForceRegistration
05-18 06:11:28.649  1126  3783 W ChimeraUtils: Module com.google.android.gms.backup_base missing resource null(0)
05-18 06:11:28.658  1126  3938 W SystemServiceRegistry: No service published for: wifirtt
05-18 06:11:28.664  1369  3768 I GmsCoreXrpcWrapper: (REDACTED) Returning a channel provider with trafficStatsTag=%d trafficStatsUid=%d
05-18 06:11:28.725  1369  3671 I Backup  : [GmsBackupAccountManager] Backup account not found in gmscore.
05-18 06:11:28.730  1126  3770 W ChimeraUtils: Module com.google.android.gms.backup_base missing resource null(0)
05-18 06:11:28.745  1369  1954 I GmsSyncPolicyEngine: (REDACTED) Periodic sync %d disabled by policy, cancelled.
05-18 06:11:28.748  1369  4000 I Backup  : [TargetEnabler] Setting target components to enabled = false
05-18 06:11:28.753  1369  4000 I Backup  : [TargetEnabler] Enabling D2dMigrateHelperService on non-Pixel on P+
05-18 06:11:28.759  1369  4000 I Backup  : [SourceEnabler] Setting source components to enabled = true
05-18 06:11:28.760   538   559 E RemoteAugmentedAutofillService: Bad service name for flags 1048704: com.google.android.as/com.google.android.apps.miphone.aiai.app.AiAiAugmentedAutofillService
05-18 06:11:28.774   538  1983 I RecoverableKeyStoreMgr: The cert file serial number is the same, so skip updating.
05-18 06:11:28.774  1369  3670 I RecoverableKeyStoreGms: [EnrollmentManager] Recovery service is initialized. [CONTEXT service_id=172 ]
05-18 06:11:28.809  1369  4000 W Backup  : [ComponentEnablerUtil] Unable to set component 'com.google.android.gms.backup.component.RestoreSessionV0Service' to enabled=true
05-18 06:11:28.822  1369  4000 W Backup  : [ComponentEnablerUtil] Unable to set component 'com.google.android.gms.backup.component.CloudRestoreFlowActivity' to enabled=true
05-18 06:11:28.823  1369  4000 W Backup  : [ComponentEnablerUtil] Unable to set component 'com.google.android.gms.backup.component.D2dMigrateFlowActivity' to enabled=false
05-18 06:11:28.825   538  1972 E RecoverySnapshotStorage: Error reading snapshot for 10097 from disk
05-18 06:11:28.825   538  1972 E RecoverySnapshotStorage: java.io.FileNotFoundException: /data/system/recoverablekeystore/snapshots/10097.xml: open failed: ENOENT (No such file or directory)
05-18 06:11:28.825   538  1972 E RecoverySnapshotStorage: 	at libcore.io.IoBridge.open(IoBridge.java:575)
05-18 06:11:28.825   538  1972 E RecoverySnapshotStorage: 	at java.io.FileInputStream.<init>(FileInputStream.java:160)
05-18 06:11:28.825   538  1972 E RecoverySnapshotStorage: 	at com.android.server.locksettings.recoverablekeystore.storage.RecoverySnapshotStorage.readFromDisk(RecoverySnapshotStorage.java:152)
05-18 06:11:28.825   538  1972 E RecoverySnapshotStorage: 	at com.android.server.locksettings.recoverablekeystore.storage.RecoverySnapshotStorage.get(RecoverySnapshotStorage.java:104)
05-18 06:11:28.825   538  1972 E RecoverySnapshotStorage: 	at com.android.server.locksettings.recoverablekeystore.RecoverableKeyStoreManager.getKeyChainSnapshot(RecoverableKeyStoreManager.java:342)
05-18 06:11:28.825   538  1972 E RecoverySnapshotStorage: 	at com.android.server.locksettings.LockSettingsService.getKeyChainSnapshot(LockSettingsService.java:2598)
05-18 06:11:28.825   538  1972 E RecoverySnapshotStorage: 	at com.android.internal.widget.ILockSettings$Stub.onTransact(ILockSettings.java:821)
05-18 06:11:28.825   538  1972 E RecoverySnapshotStorage: 	at android.os.Binder.execTransactInternal(Binder.java:1179)
05-18 06:11:28.825   538  1972 E RecoverySnapshotStorage: 	at android.os.Binder.execTransact(Binder.java:1143)
05-18 06:11:28.825   538  1972 E RecoverySnapshotStorage: Caused by: android.system.ErrnoException: open failed: ENOENT (No such file or directory)
05-18 06:11:28.825   538  1972 E RecoverySnapshotStorage: 	at libcore.io.Linux.open(Native Method)
05-18 06:11:28.825   538  1972 E RecoverySnapshotStorage: 	at libcore.io.ForwardingOs.open(ForwardingOs.java:567)
05-18 06:11:28.825   538  1972 E RecoverySnapshotStorage: 	at libcore.io.BlockGuardOs.open(BlockGuardOs.java:273)
05-18 06:11:28.825   538  1972 E RecoverySnapshotStorage: 	at libcore.io.IoBridge.open(IoBridge.java:561)
05-18 06:11:28.825   538  1972 E RecoverySnapshotStorage: 	... 8 more
05-18 06:11:28.865  1369  2486 I Ads     : Successfully received play store parental controls the result.
05-18 06:11:28.909   538  1972 W PlatformKeyManager: Platform generation ID was 0 but no entry was present in AndroidKeyStore. Generating fresh key.
05-18 06:11:28.909  1369  3768 E CastAuth: [CastAuthModuleInitIntent] Feature is not available, reason = CastAuth feature is disabled on this 1p device.. [CONTEXT service_id=360 ]
05-18 06:11:28.914   191   191 E keystore2: keystore2::error: In import_key.
05-18 06:11:28.914   191   191 E keystore2: 
05-18 06:11:28.914   191   191 E keystore2: Caused by:
05-18 06:11:28.914   191   191 E keystore2:     0: In store_new_key.
05-18 06:11:28.914   191   191 E keystore2:     1: In store_new_key. Failed to handle super encryption.
05-18 06:11:28.914   191   191 E keystore2:     2: In handle_super_encryption_on_key_init: User ECDH key missing.
05-18 06:11:28.914   191   191 E keystore2:     3: Error::Rc(ResponseCode(4))
05-18 06:11:28.926  1369  3670 W RecoverableKeyStoreGms: [WrappingKeyManager] InternalRecoveryServiceException during wrapping key generation [CONTEXT service_id=172 ]
05-18 06:11:28.926  1369  3670 W RecoverableKeyStoreGms: android.security.keystore.recovery.InternalRecoveryServiceException: Failed to import secret key.
05-18 06:11:28.926  1369  3670 W RecoverableKeyStoreGms: 	at android.security.keystore.recovery.RecoveryController.wrapUnexpectedServiceSpecificException(RecoveryController.java:773)
05-18 06:11:28.926  1369  3670 W RecoverableKeyStoreGms: 	at android.security.keystore.recovery.RecoveryController.generateKey(RecoveryController.java:562)
05-18 06:11:28.926  1369  3670 W RecoverableKeyStoreGms: 	at aelv.h(:com.google.android.gms@251333032@25.13.33 (190800-745790146):47)
05-18 06:11:28.926  1369  3670 W RecoverableKeyStoreGms: 	at aelv.g(:com.google.android.gms@251333032@25.13.33 (190800-745790146):85)
05-18 06:11:28.926  1369  3670 W RecoverableKeyStoreGms: 	at aelv.f(:com.google.android.gms@251333032@25.13.33 (190800-745790146):2)
05-18 06:11:28.926  1369  3670 W RecoverableKeyStoreGms: 	at aeha.e(:com.google.android.gms@251333032@25.13.33 (190800-745790146):446)
05-18 06:11:28.926  1369  3670 W RecoverableKeyStoreGms: 	at com.google.android.gms.auth.folsom.operation.FolsomModuleInitIntentOperation.b(:com.google.android.gms@251333032@25.13.33 (190800-745790146):27)
05-18 06:11:28.926  1369  3670 W RecoverableKeyStoreGms: 	at appf.onHandleIntent(:com.google.android.gms@251333032@25.13.33 (190800-745790146):136)
05-18 06:11:28.926  1369  3670 W RecoverableKeyStoreGms: 	at com.google.android.chimera.IntentOperation.onHandleIntent(:com.google.android.gms@251333032@25.13.33 (190800-745790146):2)
05-18 06:11:28.926  1369  3670 W RecoverableKeyStoreGms: 	at apvc.onHandleIntent(:com.google.android.gms@251333032@25.13.33 (190800-745790146):8)
05-18 06:11:28.926  1369  3670 W RecoverableKeyStoreGms: 	at suq.run(:com.google.android.gms@251333032@25.13.33 (190800-745790146):64)
05-18 06:11:28.926  1369  3670 W RecoverableKeyStoreGms: 	at sup.run(:com.google.android.gms@251333032@25.13.33 (190800-745790146):132)
05-18 06:11:28.926  1369  3670 W RecoverableKeyStoreGms: 	at fjvz.run(:com.google.android.gms@251333032@25.13.33 (190800-745790146):21)
05-18 06:11:28.926  1369  3670 W RecoverableKeyStoreGms: 	at java.util.concurrent.ThreadPoolExecutor.runWorker(ThreadPoolExecutor.java:1167)
05-18 06:11:28.926  1369  3670 W RecoverableKeyStoreGms: 	at java.util.concurrent.ThreadPoolExecutor$Worker.run(ThreadPoolExecutor.java:641)
05-18 06:11:28.926  1369  3670 W RecoverableKeyStoreGms: 	at java.lang.Thread.run(Thread.java:920)
05-18 06:11:28.926  1369  3670 W RecoverableKeyStoreGms: Caused by: android.os.ServiceSpecificException: Failed to import secret key. (code 22)
05-18 06:11:28.926  1369  3670 W RecoverableKeyStoreGms: 	at android.os.Parcel.createExceptionOrNull(Parcel.java:2439)
05-18 06:11:28.926  1369  3670 W RecoverableKeyStoreGms: 	at android.os.Parcel.createException(Parcel.java:2409)
05-18 06:11:28.926  1369  3670 W RecoverableKeyStoreGms: 	at android.os.Parcel.readException(Parcel.java:2392)
05-18 06:11:28.926  1369  3670 W RecoverableKeyStoreGms: 	at android.os.Parcel.readException(Parcel.java:2334)
05-18 06:11:28.926  1369  3670 W RecoverableKeyStoreGms: 	at com.android.internal.widget.ILockSettings$Stub$Proxy.generateKey(ILockSettings.java:1815)
05-18 06:11:28.926  1369  3670 W RecoverableKeyStoreGms: 	at android.security.keystore.recovery.RecoveryController.generateKey(RecoveryController.java:549)
05-18 06:11:28.926  1369  3670 W RecoverableKeyStoreGms: 	... 14 more
05-18 06:11:28.965  1369  3768 E JavaBinder: !!! FAILED BINDER TRANSACTION !!!  (parcel size = 1056768)
05-18 06:11:28.983  1369  3768 I SyncIntentOperation: (REDACTED) Handling the intent: %s.
05-18 06:11:28.999  1369  3768 I SyncManager: Executing syncInBackground [CONTEXT service_id=80 ]
05-18 06:11:29.055  1369  3997 I WakefulBroadcastRcvr: Processing wakeful broadcast: com.google.android.gms.checkin.CHECKIN_START_ACTION
05-18 06:11:29.057  1369  3768 I Checkin : [CheckinIntentOperation] onHandleIntent, Intent { act=com.google.android.gms.checkin.CHECKIN_START_ACTION cat=[targeted_intent_op_prefix:.checkin.CheckinIntentOperation] cmp=com.google.android.gms/.chimera.GmsIntentOperationService (has extras) }
05-18 06:11:29.058  1369  3671 I CobaltLoggerImpl: (REDACTED) CobaltModuleInitIntentOperation: %s
05-18 06:11:29.062  1369  3671 I CobaltObservationGenera: (REDACTED) Scheduling Cobalt Observation Generation task to run every %s hours
05-18 06:11:29.075  1369  3768 W GmsTaskScheduler: ScheduledCheckinGmsTaskService is not available. This may cause the task to be lost.
05-18 06:11:29.076  1369  3671 I constellation: [intent_handler] Received onBootCompleted intent
05-18 06:11:29.076  1369  3671 I constellation: [reboot_checker] Reboot checker check status.
05-18 06:11:29.077  1369  4000 I TosInit : disabling AutomotiveWebViewActivity activity in GSF [CONTEXT service_id=231 ]
05-18 06:11:29.094  1369  3671 I constellation: [reboot_checker] Reboot Sync didn't run.
05-18 06:11:29.104  3807  3807 I abb     : StartCommandInProcess(73657474696e67730067657400676c6f settings.get.glo [truncated])
05-18 06:11:29.112  1369  4000 W ChimeraUtils: Module com.google.android.gms.dck_stub missing resource null(0)
05-18 06:11:29.121  3807  3807 I abb     : StartCommandInProcess(7061636b61676500696e7374616c6c00 package.install. [truncated])
05-18 06:11:29.113   538   538 W Binder:538_12: type=1400 audit(0.0:22): avc: denied { getopt } for scontext=u:r:system_server:s0 tcontext=u:r:shell:s0 tclass=unix_stream_socket permissive=0
05-18 06:11:29.130  1369  4000 I DckStubModuleInit: Loading stub module components [CONTEXT service_id=289 ]
05-18 06:11:29.130  1369  4000 I Dck     : (REDACTED) disableDckSupport: %s
05-18 06:11:29.130  1369  4000 W Dck     : [WirelessCapabilitiesFeatures] wccSysProp: 0 [CONTEXT service_id=289 ]
05-18 06:11:29.130  1369  4000 I Dck     : [WirelessCapabilitiesFeatures] wccMendel: 3 [CONTEXT service_id=289 ]
05-18 06:11:29.130  1369  4000 I Dck     : [WirelessCapabilitiesFeatures] deviceWccOverride: false [CONTEXT service_id=289 ]
05-18 06:11:29.130  1369  4000 I Dck     : [WirelessCapabilitiesFeatures] replaceSupportedWccWithWccOverride: true [CONTEXT service_id=289 ]
05-18 06:11:29.130  1369  4000 I Dck     : [WirelessCapabilitiesFeatures] wccOverride: not set [CONTEXT service_id=289 ]
05-18 06:11:29.130  1369  4000 I Dck     : (REDACTED) [WirelessCapabilitiesFeatures] wcc: %s
05-18 06:11:29.130  1369  4000 I Dck     : Dck module condition - hasWccSupport: false [CONTEXT service_id=289 ]
05-18 06:11:29.131  1369  4000 I Dck     : Dck module condition - downloadAllowed: false [CONTEXT service_id=289 ]
05-18 06:11:29.131  1369  4000 W Dck     : Dck module not eligible for asynchronous downloading [CONTEXT service_id=289 ]
05-18 06:11:29.173  1126  1126 W ChimeraUtils: Module com.google.android.gms.crisisalerts missing resource crisisalerts_module_name(0)
05-18 06:11:29.176  3924  3975 I GooglePartnerSetup: Phenotype commit successes
05-18 06:11:29.177  1369  4000 I EnterpriseLoader: [ConditionsChecker] ZT config not present. [CONTEXT service_id=225 ]
05-18 06:11:29.187  1126  1163 W MobStoreFlagStore: Failed to register flag update listener on flag read for: com.google.android.gms.crisisalerts#com.google.android.gms which may lead to stale flags.
05-18 06:11:29.187  1126  1163 W MobStoreFlagStore: java.util.concurrent.ExecutionException: exah: 17: 17: API: Phenotype.API is not available on this device. Connection failed with: ConnectionResult{statusCode=API_UNAVAILABLE, resolution=null, message=null}
05-18 06:11:29.187  1126  1163 W MobStoreFlagStore: 	at frqs.j(:com.google.android.gms@251333032@25.13.33 (190800-745790146):21)
05-18 06:11:29.187  1126  1163 W MobStoreFlagStore: 	at frrb.u(:com.google.android.gms@251333032@25.13.33 (190800-745790146):23)
05-18 06:11:29.187  1126  1163 W MobStoreFlagStore: 	at frqs.get(:com.google.android.gms@251333032@25.13.33 (190800-745790146):1)
05-18 06:11:29.187  1126  1163 W MobStoreFlagStore: 	at frvg.a(:com.google.android.gms@251333032@25.13.33 (190800-745790146):2)
05-18 06:11:29.187  1126  1163 W MobStoreFlagStore: 	at frtw.r(:com.google.android.gms@251333032@25.13.33 (190800-745790146):10)
05-18 06:11:29.187  1126  1163 W MobStoreFlagStore: 	at exdl.run(:com.google.android.gms@251333032@25.13.33 (190800-745790146):3)
05-18 06:11:29.187  1126  1163 W MobStoreFlagStore: 	at java.util.concurrent.Executors$RunnableAdapter.call(Executors.java:462)
05-18 06:11:29.187  1126  1163 W MobStoreFlagStore: 	at java.util.concurrent.FutureTask.run(FutureTask.java:266)
05-18 06:11:29.187  1126  1163 W MobStoreFlagStore: 	at java.util.concurrent.ScheduledThreadPoolExecutor$ScheduledFutureTask.run(ScheduledThreadPoolExecutor.java:301)
05-18 06:11:29.187  1126  1163 W MobStoreFlagStore: 	at java.util.concurrent.ThreadPoolExecutor.runWorker(ThreadPoolExecutor.java:1167)
