05-18 07:37:09.423   538   562 W ActivityTaskManager: Can't find TaskDisplayArea to determine support for multi window. Task id=40 attached=false
05-18 07:37:09.526  1369  5630 I AppLinksAsyncVerifierV2: (REDACTED) Verification result: checking for a statement with source %s, relation delegate_permission/common.handle_all_urls, and target %s --> %b.
05-18 07:37:09.725  1369 12144 I AppLinksAsyncVerifierV2: (REDACTED) Verification result: checking for a statement with source %s, relation delegate_permission/common.handle_all_urls, and target %s --> %b.
05-18 07:37:09.737  1369 12410 I AppLinksAsyncVerifierV2: (REDACTED) Verification result: checking for a statement with source %s, relation delegate_permission/common.handle_all_urls, and target %s --> %b.
05-18 07:37:09.766  1369 12416 I AppLinksAsyncVerifierV2: (REDACTED) Verification result: checking for a statement with source %s, relation delegate_permission/common.handle_all_urls, and target %s --> %b.
05-18 07:37:09.782  1369 12426 I AppLinksAsyncVerifierV2: (REDACTED) Verification result: checking for a statement with source %s, relation delegate_permission/common.handle_all_urls, and target %s --> %b.
05-18 07:37:09.783  1369 12277 I AppLinksHostsVerifierV2: (REDACTED) Verification %s complete. Successful hosts: %s. Failed hosts: %s. Error hosts: %s.
05-18 07:37:09.788  1369 12277 I AppLinksUtilsV1: Legacy cross-profile verification enabled [CONTEXT service_id=244 ]
05-18 07:37:09.949   538   552 W System  : A resource failed to call close. 
05-18 07:37:09.951   538   552 W System  : A resource failed to call release. 
05-18 07:37:10.004  1263  5048 W MediaProvider: isAppCloneUserPair for user 0: false
05-18 07:37:10.031   178   178 I hwservicemanager: getTransport: Cannot find entry android.hardware.graphics.mapper@4.0::IMapper/default in either framework or device VINTF manifest.
05-18 07:37:10.031 13065 13067 I Gralloc4: mapper 4.x is not supported
05-18 07:37:10.109  1369 12144 I AppLinksAsyncVerifierV2: (REDACTED) Verification result: checking for a statement with source %s, relation delegate_permission/common.handle_all_urls, and target %s --> %b.
05-18 07:37:10.111  1369 12657 I AppLinksAsyncVerifierV2: (REDACTED) Verification result: checking for a statement with source %s, relation delegate_permission/common.handle_all_urls, and target %s --> %b.
05-18 07:37:10.118  1369 12426 I AppLinksAsyncVerifierV2: (REDACTED) Verification result: checking for a statement with source %s, relation delegate_permission/common.handle_all_urls, and target %s --> %b.
05-18 07:37:10.130  1369 12416 I AppLinksAsyncVerifierV2: (REDACTED) Verification result: checking for a statement with source %s, relation delegate_permission/common.handle_all_urls, and target %s --> %b.
05-18 07:37:10.144  1369 12410 I AppLinksAsyncVerifierV2: (REDACTED) Verification result: checking for a statement with source %s, relation delegate_permission/common.handle_all_urls, and target %s --> %b.
05-18 07:37:10.144  1369 12277 I AppLinksHostsVerifierV2: (REDACTED) Verification %s complete. Successful hosts: %s. Failed hosts: %s. Error hosts: %s.
05-18 07:37:10.149  1369 12277 I AppLinksUtilsV1: Legacy cross-profile verification enabled [CONTEXT service_id=244 ]
05-18 07:37:10.263  1369 12657 I AppLinksAsyncVerifierV2: (REDACTED) Verification result: checking for a statement with source %s, relation delegate_permission/common.handle_all_urls, and target %s --> %b.
05-18 07:37:10.470  1369 12416 I AppLinksAsyncVerifierV2: (REDACTED) Verification result: checking for a statement with source %s, relation delegate_permission/common.handle_all_urls, and target %s --> %b.
05-18 07:37:10.473  1369 12144 I AppLinksAsyncVerifierV2: (REDACTED) Verification result: checking for a statement with source %s, relation delegate_permission/common.handle_all_urls, and target %s --> %b.
05-18 07:37:10.482  1369 12426 I AppLinksAsyncVerifierV2: (REDACTED) Verification result: checking for a statement with source %s, relation delegate_permission/common.handle_all_urls, and target %s --> %b.
05-18 07:37:10.497  1369 12410 I AppLinksAsyncVerifierV2: (REDACTED) Verification result: checking for a statement with source %s, relation delegate_permission/common.handle_all_urls, and target %s --> %b.
05-18 07:37:10.497  1369 12277 I AppLinksHostsVerifierV2: (REDACTED) Verification %s complete. Successful hosts: %s. Failed hosts: %s. Error hosts: %s.
05-18 07:37:10.502  1369 12277 I AppLinksUtilsV1: Legacy cross-profile verification enabled [CONTEXT service_id=244 ]
05-18 07:37:10.819  1369 12410 I AppLinksAsyncVerifierV2: (REDACTED) Verification result: checking for a statement with source %s, relation delegate_permission/common.handle_all_urls, and target %s --> %b.
05-18 07:37:10.825  1369 12657 I AppLinksAsyncVerifierV2: (REDACTED) Verification result: checking for a statement with source %s, relation delegate_permission/common.handle_all_urls, and target %s --> %b.
05-18 07:37:10.826  1369 12426 I AppLinksAsyncVerifierV2: (REDACTED) Verification result: checking for a statement with source %s, relation delegate_permission/common.handle_all_urls, and target %s --> %b.
05-18 07:37:10.847  1369 12416 I AppLinksAsyncVerifierV2: (REDACTED) Verification result: checking for a statement with source %s, relation delegate_permission/common.handle_all_urls, and target %s --> %b.
05-18 07:37:10.898  1369 12144 I AppLinksAsyncVerifierV2: (REDACTED) Verification result: checking for a statement with source %s, relation delegate_permission/common.handle_all_urls, and target %s --> %b.
05-18 07:37:10.899  1369 12277 I AppLinksHostsVerifierV2: (REDACTED) Verification %s complete. Successful hosts: %s. Failed hosts: %s. Error hosts: %s.
05-18 07:37:10.903  1369 12277 I AppLinksUtilsV1: Legacy cross-profile verification enabled [CONTEXT service_id=244 ]
05-18 07:37:10.908 12628 12707 I FA      : Application backgrounded at: timestamp_millis: 1747553828865
05-18 07:37:10.963  1263  2096 I MediaProvider: Begin Intent { act=android.intent.action.MEDIA_SCANNER_SCAN_FILE dat=file:///sdcard/screen_2025-05-18_153709.png flg=0x1400010 cmp=com.google.android.providers.media.module/com.android.providers.media.MediaService }
05-18 07:37:10.981  1263  2096 I MediaProvider: End Intent { act=android.intent.action.MEDIA_SCANNER_SCAN_FILE dat=file:///sdcard/screen_2025-05-18_153709.png flg=0x1400010 cmp=com.google.android.providers.media.module/com.android.providers.media.MediaService }
05-18 07:37:11.067  1263 25315 I MediaProvider: Deleted 0 1 0 0 0 0 0 items on external_primary due to com.android.shell
05-18 07:37:11.068  1126  4494 I UriTaskContentObserver: (REDACTED) Throttling content uri change event for %s
05-18 07:37:11.228  1369  5630 I AppLinksAsyncVerifierV2: (REDACTED) Verification result: checking for a statement with source %s, relation delegate_permission/common.handle_all_urls, and target %s --> %b.
05-18 07:37:11.235  1369 12144 I AppLinksAsyncVerifierV2: (REDACTED) Verification result: checking for a statement with source %s, relation delegate_permission/common.handle_all_urls, and target %s --> %b.
05-18 07:37:11.237  1369 12416 I AppLinksAsyncVerifierV2: (REDACTED) Verification result: checking for a statement with source %s, relation delegate_permission/common.handle_all_urls, and target %s --> %b.
05-18 07:37:11.237  1369 12410 I AppLinksAsyncVerifierV2: (REDACTED) Verification result: checking for a statement with source %s, relation delegate_permission/common.handle_all_urls, and target %s --> %b.
05-18 07:37:11.244  1369 12426 I AppLinksAsyncVerifierV2: (REDACTED) Verification result: checking for a statement with source %s, relation delegate_permission/common.handle_all_urls, and target %s --> %b.
05-18 07:37:11.244  1369 12277 I AppLinksHostsVerifierV2: (REDACTED) Verification %s complete. Successful hosts: %s. Failed hosts: %s. Error hosts: %s.
05-18 07:37:11.249  1369 12277 I AppLinksUtilsV1: Legacy cross-profile verification enabled [CONTEXT service_id=244 ]
05-18 07:37:11.468  1263  1635 W MediaProvider: isAppCloneUserPair for user 0: false
05-18 07:37:11.488   178   178 I hwservicemanager: getTransport: Cannot find entry android.hardware.graphics.mapper@4.0::IMapper/default in either framework or device VINTF manifest.
05-18 07:37:11.488 13104 13106 I Gralloc4: mapper 4.x is not supported
05-18 07:37:11.576  1369 12416 I AppLinksAsyncVerifierV2: (REDACTED) Verification result: checking for a statement with source %s, relation delegate_permission/common.handle_all_urls, and target %s --> %b.
05-18 07:37:11.579  1369  5630 I AppLinksAsyncVerifierV2: (REDACTED) Verification result: checking for a statement with source %s, relation delegate_permission/common.handle_all_urls, and target %s --> %b.
05-18 07:37:11.583  1369 12144 I AppLinksAsyncVerifierV2: (REDACTED) Verification result: checking for a statement with source %s, relation delegate_permission/common.handle_all_urls, and target %s --> %b.
05-18 07:37:11.585  1369 12426 I AppLinksAsyncVerifierV2: (REDACTED) Verification result: checking for a statement with source %s, relation delegate_permission/common.handle_all_urls, and target %s --> %b.
05-18 07:37:11.611  1369 12410 I AppLinksAsyncVerifierV2: (REDACTED) Verification result: checking for a statement with source %s, relation delegate_permission/common.handle_all_urls, and target %s --> %b.
05-18 07:37:11.612  1369 12277 I AppLinksHostsVerifierV2: (REDACTED) Verification %s complete. Successful hosts: %s. Failed hosts: %s. Error hosts: %s.
05-18 07:37:11.616  1369 12277 I AppLinksUtilsV1: Legacy cross-profile verification enabled [CONTEXT service_id=244 ]
05-18 07:37:11.737  1369 12657 I AppLinksAsyncVerifierV2: (REDACTED) Verification result: checking for a statement with source %s, relation delegate_permission/common.handle_all_urls, and target %s --> %b.
05-18 07:37:11.942  1369 12144 I AppLinksAsyncVerifierV2: (REDACTED) Verification result: checking for a statement with source %s, relation delegate_permission/common.handle_all_urls, and target %s --> %b.
05-18 07:37:11.946  1369 12416 I AppLinksAsyncVerifierV2: (REDACTED) Verification result: checking for a statement with source %s, relation delegate_permission/common.handle_all_urls, and target %s --> %b.
05-18 07:37:11.958  1369 12410 I AppLinksAsyncVerifierV2: (REDACTED) Verification result: checking for a statement with source %s, relation delegate_permission/common.handle_all_urls, and target %s --> %b.
05-18 07:37:12.039  1369 12426 I AppLinksAsyncVerifierV2: (REDACTED) Verification result: checking for a statement with source %s, relation delegate_permission/common.handle_all_urls, and target %s --> %b.
05-18 07:37:12.039  1369 12277 I AppLinksHostsVerifierV2: (REDACTED) Verification %s complete. Successful hosts: %s. Failed hosts: %s. Error hosts: %s.
05-18 07:37:12.044  1369 12277 I AppLinksUtilsV1: Legacy cross-profile verification enabled [CONTEXT service_id=244 ]
05-18 07:37:12.331  1369  8038 I AppLinksAsyncVerifierV2: (REDACTED) Verification result: checking for a statement with source %s, relation delegate_permission/common.handle_all_urls, and target %s --> %b.
05-18 07:37:12.366  1369 12410 I AppLinksAsyncVerifierV2: (REDACTED) Verification result: checking for a statement with source %s, relation delegate_permission/common.handle_all_urls, and target %s --> %b.
05-18 07:37:12.370  1369 12144 I AppLinksAsyncVerifierV2: (REDACTED) Verification result: checking for a statement with source %s, relation delegate_permission/common.handle_all_urls, and target %s --> %b.
05-18 07:37:12.373  1369 12426 I AppLinksAsyncVerifierV2: (REDACTED) Verification result: checking for a statement with source %s, relation delegate_permission/common.handle_all_urls, and target %s --> %b.
05-18 07:37:12.382  1369 12416 I AppLinksAsyncVerifierV2: (REDACTED) Verification result: checking for a statement with source %s, relation delegate_permission/common.handle_all_urls, and target %s --> %b.
05-18 07:37:12.382  1369 12277 I AppLinksHostsVerifierV2: (REDACTED) Verification %s complete. Successful hosts: %s. Failed hosts: %s. Error hosts: %s.
05-18 07:37:12.386  1369 12277 I AppLinksUtilsV1: Legacy cross-profile verification enabled [CONTEXT service_id=244 ]
05-18 07:37:12.436  1263  2096 I MediaProvider: Begin Intent { act=android.intent.action.MEDIA_SCANNER_SCAN_FILE dat=file:///sdcard/screen_2025-05-18_153711.png flg=0x1400010 cmp=com.google.android.providers.media.module/com.android.providers.media.MediaService }
05-18 07:37:12.453  1263  2096 I MediaProvider: End Intent { act=android.intent.action.MEDIA_SCANNER_SCAN_FILE dat=file:///sdcard/screen_2025-05-18_153711.png flg=0x1400010 cmp=com.google.android.providers.media.module/com.android.providers.media.MediaService }
05-18 07:37:12.540  1263  6017 I MediaProvider: Deleted 0 1 0 0 0 0 0 items on external_primary due to com.android.shell
05-18 07:37:12.541  1126  4494 I UriTaskContentObserver: (REDACTED) Throttling content uri change event for %s
05-18 07:37:12.703  1369 12426 I AppLinksAsyncVerifierV2: (REDACTED) Verification result: checking for a statement with source %s, relation delegate_permission/common.handle_all_urls, and target %s --> %b.
05-18 07:37:12.707  1369 12416 I AppLinksAsyncVerifierV2: (REDACTED) Verification result: checking for a statement with source %s, relation delegate_permission/common.handle_all_urls, and target %s --> %b.
05-18 07:37:12.714  1369 12410 I AppLinksAsyncVerifierV2: (REDACTED) Verification result: checking for a statement with source %s, relation delegate_permission/common.handle_all_urls, and target %s --> %b.
05-18 07:37:12.714  1369 12144 I AppLinksAsyncVerifierV2: (REDACTED) Verification result: checking for a statement with source %s, relation delegate_permission/common.handle_all_urls, and target %s --> %b.
05-18 07:37:12.720  1369  8038 I AppLinksAsyncVerifierV2: (REDACTED) Verification result: checking for a statement with source %s, relation delegate_permission/common.handle_all_urls, and target %s --> %b.
05-18 07:37:12.721  1369 12277 I AppLinksHostsVerifierV2: (REDACTED) Verification %s complete. Successful hosts: %s. Failed hosts: %s. Error hosts: %s.
05-18 07:37:12.725  1369 12277 I AppLinksUtilsV1: Legacy cross-profile verification enabled [CONTEXT service_id=244 ]
05-18 07:37:12.842  1369 12657 I AppLinksAsyncVerifierV2: (REDACTED) Verification result: checking for a statement with source %s, relation delegate_permission/common.handle_all_urls, and target %s --> %b.
05-18 07:37:12.949  1263  1472 W MediaProvider: isAppCloneUserPair for user 0: false
05-18 07:37:12.974   178   178 I hwservicemanager: getTransport: Cannot find entry android.hardware.graphics.mapper@4.0::IMapper/default in either framework or device VINTF manifest.
05-18 07:37:12.974 13152 13154 I Gralloc4: mapper 4.x is not supported
05-18 07:37:13.050  1369  8038 I AppLinksAsyncVerifierV2: (REDACTED) Verification result: checking for a statement with source %s, relation delegate_permission/common.handle_all_urls, and target %s --> %b.
05-18 07:37:13.054  1369 12416 I AppLinksAsyncVerifierV2: (REDACTED) Verification result: checking for a statement with source %s, relation delegate_permission/common.handle_all_urls, and target %s --> %b.
05-18 07:37:13.058  1369 12144 I AppLinksAsyncVerifierV2: (REDACTED) Verification result: checking for a statement with source %s, relation delegate_permission/common.handle_all_urls, and target %s --> %b.
05-18 07:37:13.063  1369 12410 I AppLinksAsyncVerifierV2: (REDACTED) Verification result: checking for a statement with source %s, relation delegate_permission/common.handle_all_urls, and target %s --> %b.
05-18 07:37:13.063  1369 12277 I AppLinksHostsVerifierV2: (REDACTED) Verification %s complete. Successful hosts: %s. Failed hosts: %s. Error hosts: %s.
05-18 07:37:13.068  1369 12277 I AppLinksUtilsV1: Legacy cross-profile verification enabled [CONTEXT service_id=244 ]
05-18 07:37:13.106  1126 12855 I NetworkScheduler.Stats: (REDACTED) Task %s/%s started execution. cause:%s exec_start_elapsed_seconds: %s
05-18 07:37:13.109  1126 12291 I NetworkScheduler.Stats: (REDACTED) Task %s/%s finished executing. cause:%s result: %s elapsed_millis: %s uptime_millis: %s exec_start_elapsed_seconds: %s
05-18 07:37:13.183  1369 12426 I AppLinksAsyncVerifierV2: (REDACTED) Verification result: checking for a statement with source %s, relation delegate_permission/common.handle_all_urls, and target %s --> %b.
05-18 07:37:13.391  1369 12144 I AppLinksAsyncVerifierV2: (REDACTED) Verification result: checking for a statement with source %s, relation delegate_permission/common.handle_all_urls, and target %s --> %b.
05-18 07:37:13.392  1369 12416 I AppLinksAsyncVerifierV2: (REDACTED) Verification result: checking for a statement with source %s, relation delegate_permission/common.handle_all_urls, and target %s --> %b.
05-18 07:37:13.395  1369 12657 I AppLinksAsyncVerifierV2: (REDACTED) Verification result: checking for a statement with source %s, relation delegate_permission/common.handle_all_urls, and target %s --> %b.
05-18 07:37:13.397  1369 12410 I AppLinksAsyncVerifierV2: (REDACTED) Verification result: checking for a statement with source %s, relation delegate_permission/common.handle_all_urls, and target %s --> %b.
05-18 07:37:13.398  1369 12277 I AppLinksHostsVerifierV2: (REDACTED) Verification %s complete. Successful hosts: %s. Failed hosts: %s. Error hosts: %s.
05-18 07:37:13.403  1369 12277 I AppLinksUtilsV1: Legacy cross-profile verification enabled [CONTEXT service_id=244 ]
05-18 07:37:13.467  1126  3984 I NearbyMediums: No BLE Fast/GATT advertisements found in the latest cycle.
05-18 07:37:13.727  1369 12410 I AppLinksAsyncVerifierV2: (REDACTED) Verification result: checking for a statement with source %s, relation delegate_permission/common.handle_all_urls, and target %s --> %b.
05-18 07:37:13.732  1369 12416 I AppLinksAsyncVerifierV2: (REDACTED) Verification result: checking for a statement with source %s, relation delegate_permission/common.handle_all_urls, and target %s --> %b.
05-18 07:37:13.732  1369 12144 I AppLinksAsyncVerifierV2: (REDACTED) Verification result: checking for a statement with source %s, relation delegate_permission/common.handle_all_urls, and target %s --> %b.
05-18 07:37:13.733  1369 12426 I AppLinksAsyncVerifierV2: (REDACTED) Verification result: checking for a statement with source %s, relation delegate_permission/common.handle_all_urls, and target %s --> %b.
05-18 07:37:13.734  1369 12657 I AppLinksAsyncVerifierV2: (REDACTED) Verification result: checking for a statement with source %s, relation delegate_permission/common.handle_all_urls, and target %s --> %b.
05-18 07:37:13.735  1369 12277 I AppLinksHostsVerifierV2: (REDACTED) Verification %s complete. Successful hosts: %s. Failed hosts: %s. Error hosts: %s.
05-18 07:37:13.740  1369 12277 I AppLinksUtilsV1: Legacy cross-profile verification enabled [CONTEXT service_id=244 ]
05-18 07:37:13.806 12628 12637 W JavaBinder: BinderProxy is being destroyed but the application did not call unlinkToDeath to unlink all of its death recipients beforehand.  Releasing leaked death recipient: com.google.android.play.core.internal.ai
05-18 07:37:13.807 12628 12637 I BpBinder: onLastStrongRef automatically unlinking death recipients: <uncached descriptor>
05-18 07:37:13.853  1369 12657 I AppLinksAsyncVerifierV2: (REDACTED) Verification result: checking for a statement with source %s, relation delegate_permission/common.handle_all_urls, and target %s --> %b.
05-18 07:37:13.933  1263  2096 I MediaProvider: Begin Intent { act=android.intent.action.MEDIA_SCANNER_SCAN_FILE dat=file:///sdcard/screen_2025-05-18_153712.png flg=0x1400010 cmp=com.google.android.providers.media.module/com.android.providers.media.MediaService }
05-18 07:37:13.944  1815  2246 I Finsky  : [64] ndj.run(720): AIM: AppInfoManager-Perf > Destroying AppInfoManager ...
05-18 07:37:13.977  1263  2096 I MediaProvider: End Intent { act=android.intent.action.MEDIA_SCANNER_SCAN_FILE dat=file:///sdcard/screen_2025-05-18_153712.png flg=0x1400010 cmp=com.google.android.providers.media.module/com.android.providers.media.MediaService }
05-18 07:37:14.063  1369 12842 I AppLinksAsyncVerifierV2: (REDACTED) Verification result: checking for a statement with source %s, relation delegate_permission/common.handle_all_urls, and target %s --> %b.
05-18 07:37:14.063  1263  1635 I MediaProvider: Deleted 0 1 0 0 0 0 0 items on external_primary due to com.android.shell
05-18 07:37:14.064  1126  4494 I UriTaskContentObserver: (REDACTED) Throttling content uri change event for %s
05-18 07:37:14.064  1369 12426 I AppLinksAsyncVerifierV2: (REDACTED) Verification result: checking for a statement with source %s, relation delegate_permission/common.handle_all_urls, and target %s --> %b.
05-18 07:37:14.104  1369 12410 I AppLinksAsyncVerifierV2: (REDACTED) Verification result: checking for a statement with source %s, relation delegate_permission/common.handle_all_urls, and target %s --> %b.
05-18 07:37:14.157  1369 12144 I AppLinksAsyncVerifierV2: (REDACTED) Verification result: checking for a statement with source %s, relation delegate_permission/common.handle_all_urls, and target %s --> %b.
05-18 07:37:14.158  1369 12277 I AppLinksHostsVerifierV2: (REDACTED) Verification %s complete. Successful hosts: %s. Failed hosts: %s. Error hosts: %s.
05-18 07:37:14.163  1369 12277 I AppLinksUtilsV1: Legacy cross-profile verification enabled [CONTEXT service_id=244 ]
05-18 07:37:14.331   538  1337 I ActivityTaskManager: START u0 {act=android.intent.action.MAIN cat=[android.intent.category.LAUNCHER] flg=0x10000000 cmp=com.fandom.app/.splash.SplashActivity} from uid 2000
05-18 07:37:14.331   538  1337 W ActivityTaskManager: Can't find TaskDisplayArea to determine support for multi window. Task id=41 attached=false
05-18 07:37:14.356   538   554 W ActivityTaskManager: Tried to set launchTime (0) < mLastActivityLaunchTime (5189002)
05-18 07:37:14.368 12628 12628 I PlayCore: UID: [10201]  PID: [12628] AppUpdateService : requestUpdateInfo(com.fandom.app)
05-18 07:37:14.368 12628 12808 I PlayCore: UID: [10201]  PID: [12628] AppUpdateService : Initiate binding to the service.
05-18 07:37:14.457  1815  2259 I Finsky  : [65] ndj.run(720): AIM: AppInfoManager-Perf > Destroying AppInfoManager ...
05-18 07:37:14.466  1521  1521 I cnhq    : onPause
05-18 07:37:14.519  1369 12410 I AppLinksAsyncVerifierV2: (REDACTED) Verification result: checking for a statement with source %s, relation delegate_permission/common.handle_all_urls, and target %s --> %b.
05-18 07:37:14.530  1369 12842 I AppLinksAsyncVerifierV2: (REDACTED) Verification result: checking for a statement with source %s, relation delegate_permission/common.handle_all_urls, and target %s --> %b.
05-18 07:37:14.531  1369 12657 I AppLinksAsyncVerifierV2: (REDACTED) Verification result: checking for a statement with source %s, relation delegate_permission/common.handle_all_urls, and target %s --> %b.
05-18 07:37:14.545  1369 12426 I AppLinksAsyncVerifierV2: (REDACTED) Verification result: checking for a statement with source %s, relation delegate_permission/common.handle_all_urls, and target %s --> %b.
05-18 07:37:14.556 12628 12628 I PlayCore: UID: [10201]  PID: [12628] AppUpdateService : ServiceConnectionImpl.onServiceConnected(ComponentInfo{com.android.vending/com.google.android.finsky.installservice.DevTriggeredUpdateService})
05-18 07:37:14.557 12628 12808 I PlayCore: UID: [10201]  PID: [12628] AppUpdateService : linkToDeath
05-18 07:37:14.559 12628 12628 W FirebaseRemoteConfig: No value of type 'String' exists for parameter key 'global_search_layout_variant'.
05-18 07:37:14.577   538   558 I ActivityTaskManager: Displayed com.fandom.app/.splash.SplashActivity: +233ms
05-18 07:37:14.589  1126 12291 W NetworkScheduler.ATC: Called cancelTask for already completed task com.google.android.gms/.measurement.PackageMeasurementTaskService{u=0 tag="Measurement.PackageMeasurementTaskService.UPLOAD_TASK_TAG" trigger=window{start=0s,end=1s,earliest=-117s,latest=-116s} requirements=[NET_CONNECTED,PREFERRED_NET_UNMETERED,PREFERRED_CHARGING] attributes=[PERSISTED] scheduled=-117s last_run=-117s exec_window_multiplier=1.0000 jid=N/A status=ACTIVE retries=0 client_lib=GMS_TASK_SCHEDULER-251333000} :1 [CONTEXT service_id=218 ]
05-18 07:37:14.594  1369 12144 I AppLinksAsyncVerifierV2: (REDACTED) Verification result: checking for a statement with source %s, relation delegate_permission/common.handle_all_urls, and target %s --> %b.
05-18 07:37:14.609  1369 12277 I AppLinksHostsVerifierV2: (REDACTED) Verification %s complete. Successful hosts: %s. Failed hosts: %s. Error hosts: %s.
05-18 07:37:14.619  1369 12277 I AppLinksUtilsV1: Legacy cross-profile verification enabled [CONTEXT service_id=244 ]
05-18 07:37:14.624  1815 13195 I Finsky  : [572] wzv.a(225): Prepare dev-triggered update flow...
05-18 07:37:14.632  1815 13195 I Finsky  : [572] aspj.m(189): ICalc: estimated size required for installing : 39127606 bytes
05-18 07:37:14.639  1815 12930 I Finsky  : [564] aspj.l(74): ICalc: Partition available space: 2339811328, install size: 39127606, min free: 312033280, additional needed: 0
05-18 07:37:14.648 12628 13063 I PlayCore: UID: [10201]  PID: [12628] OnRequestInstallCallback : onRequestInfo
05-18 07:37:14.648 12628 12808 I PlayCore: UID: [10201]  PID: [12628] AppUpdateService : Unbind from service.
05-18 07:37:14.674   538   554 I ActivityTaskManager: START u0 {typ=blocking.intent cmp=com.android.vending/com.google.android.finsky.playcoreacquisition.PlayCoreAcquisitionActivity (has extras)} from uid 10103
05-18 07:37:14.690   538   621 W ActivityTaskManager: Tried to set launchTime (0) < mLastActivityLaunchTime (4363198)
05-18 07:37:14.742  1369 12426 I AppLinksAsyncVerifierV2: (REDACTED) Verification result: checking for a statement with source %s, relation delegate_permission/common.handle_all_urls, and target %s --> %b.
05-18 07:37:14.747  1369 12657 I AppLinksAsyncVerifierV2: (REDACTED) Verification result: checking for a statement with source %s, relation delegate_permission/common.handle_all_urls, and target %s --> %b.
05-18 07:37:14.784   538   554 W ActivityManager: Unable to start service Intent { act=android.service.smartspace.SmartspaceService cmp=com.google.android.as/com.google.android.apps.miphone.aiai.app.AiAiSmartspaceService } U=0: not found
05-18 07:37:14.784   538   554 W RemoteSmartspaceService: could not bind to Intent { act=android.service.smartspace.SmartspaceService cmp=com.google.android.as/com.google.android.apps.miphone.aiai.app.AiAiSmartspaceService } using flags 67112961
05-18 07:37:14.784   538   538 W ActivityManager: Unbind failed: could not find connection for android.app.LoadedApk$ServiceDispatcher$InnerConnection@a68fea
05-18 07:37:14.806  1521  1521 I cnbo    : (REDACTED) onApplyWindowInsets: systemWindowInsets=%s
05-18 07:37:14.806  1521  1521 I cnbo    : (REDACTED) onApplyWindowInsets: systemWindowInsets=%s
05-18 07:37:14.846  1815  1815 I Finsky  : [2] PlayCoreAcquisitionActivity.D(170): Starting Immediate Flow.
05-18 07:37:14.878   538  1974 W InputManager-JNI: Input channel object 'fbbb0da Splash Screen com.fandom.app (client)' was disposed without first being removed with the input manager!
05-18 07:37:14.891  1815  1815 I Finsky  : [2] aety.K(6): Showing immediate In-app Update dialog.
05-18 07:37:14.953  1126  5695 I FontLog : (REDACTED) Received query %s, URI %s
05-18 07:37:14.953  1126  5695 I FontLog : (REDACTED) Query [%s] resolved to %s
05-18 07:37:14.954  1126  5695 I FontLog : (REDACTED) Font PFD returned from cache for %s
05-18 07:37:14.955  1126  5695 I FontLog : (REDACTED) Fetch %s end status %s
05-18 07:37:14.956  1126  5695 I FontLog : (REDACTED) Pulling font file for id = %d, cache size = %d
05-18 07:37:14.961  1369 12842 I AppLinksAsyncVerifierV2: (REDACTED) Verification result: checking for a statement with source %s, relation delegate_permission/common.handle_all_urls, and target %s --> %b.
05-18 07:37:14.963  1369  8038 I AppLinksAsyncVerifierV2: (REDACTED) Verification result: checking for a statement with source %s, relation delegate_permission/common.handle_all_urls, and target %s --> %b.
05-18 07:37:14.965  1126  5695 I FontLog : (REDACTED) Received query %s, URI %s
05-18 07:37:14.965  1126  5695 I FontLog : (REDACTED) Query [%s] resolved to %s
05-18 07:37:14.967  1126  5695 I FontLog : (REDACTED) Font PFD returned from cache for %s
05-18 07:37:14.967  1126  5695 I FontLog : (REDACTED) Fetch %s end status %s
05-18 07:37:14.968  1126  2092 I FontLog : (REDACTED) Pulling font file for id = %d, cache size = %d
05-18 07:37:14.973  1369 12144 I AppLinksAsyncVerifierV2: (REDACTED) Verification result: checking for a statement with source %s, relation delegate_permission/common.handle_all_urls, and target %s --> %b.
05-18 07:37:14.974  1369 12277 I AppLinksHostsVerifierV2: (REDACTED) Verification %s complete. Successful hosts: %s. Failed hosts: %s. Error hosts: %s.
05-18 07:37:14.980  1126  2092 I FontLog : (REDACTED) Received query %s, URI %s
05-18 07:37:14.980  1369 12277 I AppLinksUtilsV1: Legacy cross-profile verification enabled [CONTEXT service_id=244 ]
05-18 07:37:14.981  1126  2092 I FontLog : (REDACTED) Query [%s] resolved to %s
05-18 07:37:14.989  1126  2092 I FontLog : (REDACTED) Font PFD returned from cache for %s
05-18 07:37:14.990  1126  2092 I FontLog : (REDACTED) Fetch %s end status %s
05-18 07:37:14.991  1126  2092 I FontLog : (REDACTED) Pulling font file for id = %d, cache size = %d
05-18 07:37:15.038  1815  1815 W FontsContract: Platform version of downloadable fonts is deprecated. Please use androidx version instead.
05-18 07:37:15.042  1126  2092 I FontLog : (REDACTED) Received query %s, URI %s
05-18 07:37:15.042  1126  2092 I FontLog : (REDACTED) Query [%s] resolved to %s
05-18 07:37:15.043  1126  2092 I FontLog : (REDACTED) Font PFD returned from cache for %s
05-18 07:37:15.043  1126  2092 I FontLog : (REDACTED) Fetch %s end status %s
05-18 07:37:15.047  1126  2092 I FontLog : (REDACTED) Pulling font file for id = %d, cache size = %d
05-18 07:37:15.154  1815  2016 I Finsky  : [40] zmz.a(106): Verifying app locale consistency (current locale = English (United States))
05-18 07:37:15.154  1815  2016 I Finsky  : [40] zmz.a(125): Language Split Installed = true
05-18 07:37:15.155  1815  2016 I Finsky  : [40] zmz.a(150): Has Inconsistent Persistent Cache = false (cache has locale(s) = [en-US])
05-18 07:37:15.156  1815  2016 I Finsky  : [40] zmz.a(177): Has Inconsistent Memory Cache = false (initial locale = English (United States))
05-18 07:37:15.279   538   558 I ActivityTaskManager: Displayed com.android.vending/com.google.android.finsky.playcoreacquisition.PlayCoreAcquisitionActivity: +589ms
05-18 07:37:15.281  1521  1521 I cnhq    : onStop
05-18 07:37:15.307  1369 12657 I AppLinksAsyncVerifierV2: (REDACTED) Verification result: checking for a statement with source %s, relation delegate_permission/common.handle_all_urls, and target %s --> %b.
05-18 07:37:15.307  1369 12426 I AppLinksAsyncVerifierV2: (REDACTED) Verification result: checking for a statement with source %s, relation delegate_permission/common.handle_all_urls, and target %s --> %b.
05-18 07:37:15.315  1369  8038 I AppLinksAsyncVerifierV2: (REDACTED) Verification result: checking for a statement with source %s, relation delegate_permission/common.handle_all_urls, and target %s --> %b.
05-18 07:37:15.324  1369 12842 I AppLinksAsyncVerifierV2: (REDACTED) Verification result: checking for a statement with source %s, relation delegate_permission/common.handle_all_urls, and target %s --> %b.
05-18 07:37:15.380  1369 12144 I AppLinksAsyncVerifierV2: (REDACTED) Verification result: checking for a statement with source %s, relation delegate_permission/common.handle_all_urls, and target %s --> %b.
05-18 07:37:15.380  1369 12277 I AppLinksHostsVerifierV2: (REDACTED) Verification %s complete. Successful hosts: %s. Failed hosts: %s. Error hosts: %s.
05-18 07:37:15.395  1369 12277 I AppLinksUtilsV1: Legacy cross-profile verification enabled [CONTEXT service_id=244 ]
05-18 07:37:15.627  1263 25315 W MediaProvider: isAppCloneUserPair for user 0: false
05-18 07:37:15.667   178   178 I hwservicemanager: getTransport: Cannot find entry android.hardware.graphics.mapper@4.0::IMapper/default in either framework or device VINTF manifest.
05-18 07:37:15.667 13234 13238 I Gralloc4: mapper 4.x is not supported
05-18 07:37:15.727  1369 12144 I AppLinksAsyncVerifierV2: (REDACTED) Verification result: checking for a statement with source %s, relation delegate_permission/common.handle_all_urls, and target %s --> %b.
05-18 07:37:15.730  1369 12842 I AppLinksAsyncVerifierV2: (REDACTED) Verification result: checking for a statement with source %s, relation delegate_permission/common.handle_all_urls, and target %s --> %b.
05-18 07:37:15.741  1369 12426 I AppLinksAsyncVerifierV2: (REDACTED) Verification result: checking for a statement with source %s, relation delegate_permission/common.handle_all_urls, and target %s --> %b.
05-18 07:37:15.745  1369 12657 I AppLinksAsyncVerifierV2: (REDACTED) Verification result: checking for a statement with source %s, relation delegate_permission/common.handle_all_urls, and target %s --> %b.
05-18 07:37:15.789  1369  8038 I AppLinksAsyncVerifierV2: (REDACTED) Verification result: checking for a statement with source %s, relation delegate_permission/common.handle_all_urls, and target %s --> %b.
05-18 07:37:15.790  1369 12277 I AppLinksHostsVerifierV2: (REDACTED) Verification %s complete. Successful hosts: %s. Failed hosts: %s. Error hosts: %s.
05-18 07:37:15.796  1369 12277 I AppLinksUtilsV1: Legacy cross-profile verification enabled [CONTEXT service_id=244 ]
05-18 07:37:15.823  1263  2096 I MediaProvider: Begin Intent { act=android.intent.action.MEDIA_SCANNER_SCAN_FILE dat=file:///sdcard/screen_2025-05-18_153715.png flg=0x1400010 cmp=com.google.android.providers.media.module/com.android.providers.media.MediaService }
05-18 07:37:15.831  1263  2096 I MediaProvider: End Intent { act=android.intent.action.MEDIA_SCANNER_SCAN_FILE dat=file:///sdcard/screen_2025-05-18_153715.png flg=0x1400010 cmp=com.google.android.providers.media.module/com.android.providers.media.MediaService }
05-18 07:37:15.902  1263  1474 I MediaProvider: Deleted 0 1 0 0 0 0 0 items on external_primary due to com.android.shell
05-18 07:37:15.902  1126  4494 I UriTaskContentObserver: (REDACTED) Throttling content uri change event for %s
05-18 07:37:16.121  1369  8038 I AppLinksAsyncVerifierV2: (REDACTED) Verification result: checking for a statement with source %s, relation delegate_permission/common.handle_all_urls, and target %s --> %b.
05-18 07:37:16.126  1369 12426 I AppLinksAsyncVerifierV2: (REDACTED) Verification result: checking for a statement with source %s, relation delegate_permission/common.handle_all_urls, and target %s --> %b.
05-18 07:37:16.127  1369 12410 I AppLinksAsyncVerifierV2: (REDACTED) Verification result: checking for a statement with source %s, relation delegate_permission/common.handle_all_urls, and target %s --> %b.
05-18 07:37:16.142  1369 12657 I AppLinksAsyncVerifierV2: (REDACTED) Verification result: checking for a statement with source %s, relation delegate_permission/common.handle_all_urls, and target %s --> %b.
05-18 07:37:16.158  1369 12842 I AppLinksAsyncVerifierV2: (REDACTED) Verification result: checking for a statement with source %s, relation delegate_permission/common.handle_all_urls, and target %s --> %b.
05-18 07:37:16.158  1369 12277 I AppLinksHostsVerifierV2: (REDACTED) Verification %s complete. Successful hosts: %s. Failed hosts: %s. Error hosts: %s.
05-18 07:37:16.167  1369 12277 I AppLinksUtilsV1: Legacy cross-profile verification enabled [CONTEXT service_id=244 ]
05-18 07:37:16.208  1126 12851 W NetworkScheduler.ATC: Called cancelTask for already completed task com.google.android.gms/.measurement.PackageMeasurementTaskService{u=0 tag="Measurement.PackageMeasurementTaskService.UPLOAD_TASK_TAG" trigger=window{start=0s,end=1s,earliest=-118s,latest=-117s} requirements=[NET_CONNECTED,PREFERRED_NET_UNMETERED,PREFERRED_CHARGING] attributes=[PERSISTED] scheduled=-118s last_run=-118s exec_window_multiplier=1.0000 jid=N/A status=ACTIVE retries=0 client_lib=GMS_TASK_SCHEDULER-251333000} :1 [CONTEXT service_id=218 ]
05-18 07:37:16.326  1263 25315 W MediaProvider: isAppCloneUserPair for user 0: false
05-18 07:37:16.353   178   178 I hwservicemanager: getTransport: Cannot find entry android.hardware.graphics.mapper@4.0::IMapper/default in either framework or device VINTF manifest.
05-18 07:37:16.353 13278 13280 I Gralloc4: mapper 4.x is not supported
05-18 07:37:16.488  1263  2096 I MediaProvider: Begin Intent { act=android.intent.action.MEDIA_SCANNER_SCAN_FILE dat=file:///sdcard/screen_2025-05-18_153716.png flg=0x1400010 cmp=com.google.android.providers.media.module/com.android.providers.media.MediaService }
05-18 07:37:16.494  1263  2096 I MediaProvider: End Intent { act=android.intent.action.MEDIA_SCANNER_SCAN_FILE dat=file:///sdcard/screen_2025-05-18_153716.png flg=0x1400010 cmp=com.google.android.providers.media.module/com.android.providers.media.MediaService }
05-18 07:37:16.498  1369 12842 I AppLinksAsyncVerifierV2: (REDACTED) Verification result: checking for a statement with source %s, relation delegate_permission/common.handle_all_urls, and target %s --> %b.
05-18 07:37:16.498  1369 12657 I AppLinksAsyncVerifierV2: (REDACTED) Verification result: checking for a statement with source %s, relation delegate_permission/common.handle_all_urls, and target %s --> %b.
05-18 07:37:16.513  1369 12410 I AppLinksAsyncVerifierV2: (REDACTED) Verification result: checking for a statement with source %s, relation delegate_permission/common.handle_all_urls, and target %s --> %b.
05-18 07:37:16.546  1126 12886 W NetworkScheduler.ATC: Called cancelTask for already completed task com.google.android.gms/.measurement.PackageMeasurementTaskService{u=0 tag="Measurement.PackageMeasurementTaskService.UPLOAD_TASK_TAG" trigger=window{start=0s,end=1s,earliest=-119s,latest=-118s} requirements=[NET_CONNECTED,PREFERRED_NET_UNMETERED,PREFERRED_CHARGING] attributes=[PERSISTED] scheduled=-119s last_run=-119s exec_window_multiplier=1.0000 jid=N/A status=ACTIVE retries=0 client_lib=GMS_TASK_SCHEDULER-251333000} :1 [CONTEXT service_id=218 ]
05-18 07:37:16.562  1126 12851 W NetworkScheduler.ATC: Called cancelTask for already completed task com.google.android.gms/.measurement.PackageMeasurementTaskService{u=0 tag="Measurement.PackageMeasurementTaskService.UPLOAD_TASK_TAG" trigger=window{start=0s,end=1s,earliest=-119s,latest=-118s} requirements=[NET_CONNECTED,PREFERRED_NET_UNMETERED,PREFERRED_CHARGING] attributes=[PERSISTED] scheduled=-119s last_run=-119s exec_window_multiplier=1.0000 jid=N/A status=ACTIVE retries=0 client_lib=GMS_TASK_SCHEDULER-251333000} :1 [CONTEXT service_id=218 ]
05-18 07:37:16.573  1126  4494 I UriTaskContentObserver: (REDACTED) Throttling content uri change event for %s
05-18 07:37:16.575  1263  1474 I MediaProvider: Deleted 0 1 0 0 0 0 0 items on external_primary due to com.android.shell
05-18 07:37:16.580  1369 12426 I AppLinksAsyncVerifierV2: (REDACTED) Verification result: checking for a statement with source %s, relation delegate_permission/common.handle_all_urls, and target %s --> %b.
05-18 07:37:16.697 12628 12707 I FA      : Application backgrounded at: timestamp_millis: 1747553834694
05-18 07:37:16.875 13305 13305 I AndroidRuntime: Using default boot image
05-18 07:37:16.875 13305 13305 I AndroidRuntime: Leaving lock profiling enabled
05-18 07:37:16.875 13305 13305 W libc    : Access denied finding property "odsign.verification.success"
05-18 07:37:16.877 13305 13305 W app_process: ART APEX data files are untrusted.
05-18 07:37:16.869 13305 13305 W app_process: type=1400 audit(0.0:1233): avc: denied { read } for name="u:object_r:odsign_prop:s0" dev="tmpfs" ino=203 scontext=u:r:shell:s0 tcontext=u:object_r:odsign_prop:s0 tclass=file permissive=0
05-18 07:37:16.943 13305 13305 W app_process: Unexpected CPU variant for X86 using defaults: x86_64
05-18 07:37:16.945 13305 13305 W app_process: ClassLoaderContext classpath size mismatch. expected=0, found=1 (PCL[] | PCL[/system/framework/android.test.runner.jar*1585996318])
05-18 07:37:17.077  1369 12416 I AppLinksAsyncVerifierV2: (REDACTED) Verification result: checking for a statement with source %s, relation delegate_permission/common.handle_all_urls, and target %s --> %b.
05-18 07:37:17.078  1369 12277 I AppLinksHostsVerifierV2: (REDACTED) Verification %s complete. Successful hosts: %s. Failed hosts: %s. Error hosts: %s.
05-18 07:37:17.085  1369 12277 I AppLinksUtilsV1: Legacy cross-profile verification enabled [CONTEXT service_id=244 ]
05-18 07:37:17.406  1369 12416 I AppLinksAsyncVerifierV2: (REDACTED) Verification result: checking for a statement with source %s, relation delegate_permission/common.handle_all_urls, and target %s --> %b.
05-18 07:37:17.408  1369 12842 I AppLinksAsyncVerifierV2: (REDACTED) Verification result: checking for a statement with source %s, relation delegate_permission/common.handle_all_urls, and target %s --> %b.
05-18 07:37:17.412  1369 12426 I AppLinksAsyncVerifierV2: (REDACTED) Verification result: checking for a statement with source %s, relation delegate_permission/common.handle_all_urls, and target %s --> %b.
05-18 07:37:17.414  1369 12410 I AppLinksAsyncVerifierV2: (REDACTED) Verification result: checking for a statement with source %s, relation delegate_permission/common.handle_all_urls, and target %s --> %b.
05-18 07:37:17.425  1369 12657 I AppLinksAsyncVerifierV2: (REDACTED) Verification result: checking for a statement with source %s, relation delegate_permission/common.handle_all_urls, and target %s --> %b.
05-18 07:37:17.425  1369 12277 I AppLinksHostsVerifierV2: (REDACTED) Verification %s complete. Successful hosts: %s. Failed hosts: %s. Error hosts: %s.
05-18 07:37:17.432  1369 12277 I AppLinksUtilsV1: Legacy cross-profile verification enabled [CONTEXT service_id=244 ]
05-18 07:37:17.742  1369 12657 I AppLinksAsyncVerifierV2: (REDACTED) Verification result: checking for a statement with source %s, relation delegate_permission/common.handle_all_urls, and target %s --> %b.
05-18 07:37:17.755  1369 12426 I AppLinksAsyncVerifierV2: (REDACTED) Verification result: checking for a statement with source %s, relation delegate_permission/common.handle_all_urls, and target %s --> %b.
05-18 07:37:17.755  1369 12416 I AppLinksAsyncVerifierV2: (REDACTED) Verification result: checking for a statement with source %s, relation delegate_permission/common.handle_all_urls, and target %s --> %b.
05-18 07:37:17.759  1369 12410 I AppLinksAsyncVerifierV2: (REDACTED) Verification result: checking for a statement with source %s, relation delegate_permission/common.handle_all_urls, and target %s --> %b.
05-18 07:37:17.782  1369 12842 I AppLinksAsyncVerifierV2: (REDACTED) Verification result: checking for a statement with source %s, relation delegate_permission/common.handle_all_urls, and target %s --> %b.
05-18 07:37:17.782  1369 12277 I AppLinksHostsVerifierV2: (REDACTED) Verification %s complete. Successful hosts: %s. Failed hosts: %s. Error hosts: %s.
05-18 07:37:17.789  1369 12277 I AppLinksUtilsV1: Legacy cross-profile verification enabled [CONTEXT service_id=244 ]
05-18 07:37:17.976 13305 13305 W AccessibilityNodeInfoDumper: Fetch time: 2ms
05-18 07:37:18.111  1369 12426 I AppLinksAsyncVerifierV2: (REDACTED) Verification result: checking for a statement with source %s, relation delegate_permission/common.handle_all_urls, and target %s --> %b.
05-18 07:37:18.113  1369 12657 I AppLinksAsyncVerifierV2: (REDACTED) Verification result: checking for a statement with source %s, relation delegate_permission/common.handle_all_urls, and target %s --> %b.
05-18 07:37:18.117  1369 12842 I AppLinksAsyncVerifierV2: (REDACTED) Verification result: checking for a statement with source %s, relation delegate_permission/common.handle_all_urls, and target %s --> %b.
05-18 07:37:18.120  1369 12416 I AppLinksAsyncVerifierV2: (REDACTED) Verification result: checking for a statement with source %s, relation delegate_permission/common.handle_all_urls, and target %s --> %b.
05-18 07:37:18.121  1369 12410 I AppLinksAsyncVerifierV2: (REDACTED) Verification result: checking for a statement with source %s, relation delegate_permission/common.handle_all_urls, and target %s --> %b.
05-18 07:37:18.122  1369 12277 I AppLinksHostsVerifierV2: (REDACTED) Verification %s complete. Successful hosts: %s. Failed hosts: %s. Error hosts: %s.
05-18 07:37:18.128  1369 12277 I AppLinksUtilsV1: Legacy cross-profile verification enabled [CONTEXT service_id=244 ]
05-18 07:37:18.251  1369 12842 I AppLinksAsyncVerifierV2: (REDACTED) Verification result: checking for a statement with source %s, relation delegate_permission/common.handle_all_urls, and target %s --> %b.
05-18 07:37:18.450  1369 12416 I AppLinksAsyncVerifierV2: (REDACTED) Verification result: checking for a statement with source %s, relation delegate_permission/common.handle_all_urls, and target %s --> %b.
05-18 07:37:18.457  1369 12410 I AppLinksAsyncVerifierV2: (REDACTED) Verification result: checking for a statement with source %s, relation delegate_permission/common.handle_all_urls, and target %s --> %b.
05-18 07:37:18.459  1369 12657 I AppLinksAsyncVerifierV2: (REDACTED) Verification result: checking for a statement with source %s, relation delegate_permission/common.handle_all_urls, and target %s --> %b.
05-18 07:37:18.496  1369 12426 I AppLinksAsyncVerifierV2: (REDACTED) Verification result: checking for a statement with source %s, relation delegate_permission/common.handle_all_urls, and target %s --> %b.
05-18 07:37:18.496  1369 12277 I AppLinksHostsVerifierV2: (REDACTED) Verification %s complete. Successful hosts: %s. Failed hosts: %s. Error hosts: %s.
05-18 07:37:18.503  1369 12277 I AppLinksUtilsV1: Legacy cross-profile verification enabled [CONTEXT service_id=244 ]
05-18 07:37:18.620  1369 12410 I AppLinksAsyncVerifierV2: (REDACTED) Verification result: checking for a statement with source %s, relation delegate_permission/common.handle_all_urls, and target %s --> %b.
05-18 07:37:18.837  1369 12416 I AppLinksAsyncVerifierV2: (REDACTED) Verification result: checking for a statement with source %s, relation delegate_permission/common.handle_all_urls, and target %s --> %b.
05-18 07:37:18.843  1369 12426 I AppLinksAsyncVerifierV2: (REDACTED) Verification result: checking for a statement with source %s, relation delegate_permission/common.handle_all_urls, and target %s --> %b.
05-18 07:37:18.846  1369 12842 I AppLinksAsyncVerifierV2: (REDACTED) Verification result: checking for a statement with source %s, relation delegate_permission/common.handle_all_urls, and target %s --> %b.
05-18 07:37:19.050  1263  1635 W MediaProvider: isAppCloneUserPair for user 0: false
05-18 07:37:19.074   178   178 I hwservicemanager: getTransport: Cannot find entry android.hardware.graphics.mapper@4.0::IMapper/default in either framework or device VINTF manifest.
05-18 07:37:19.074 13350 13352 I Gralloc4: mapper 4.x is not supported
05-18 07:37:19.079  1369 12657 I AppLinksAsyncVerifierV2: (REDACTED) Verification result: checking for a statement with source %s, relation delegate_permission/common.handle_all_urls, and target %s --> %b.
05-18 07:37:19.079  1369 12277 I AppLinksHostsVerifierV2: (REDACTED) Verification %s complete. Successful hosts: %s. Failed hosts: %s. Error hosts: %s.
05-18 07:37:19.090  1369 12277 I AppLinksUtilsV1: Legacy cross-profile verification enabled [CONTEXT service_id=244 ]
05-18 07:37:19.222  1263  2096 I MediaProvider: Begin Intent { act=android.intent.action.MEDIA_SCANNER_SCAN_FILE dat=file:///sdcard/screen_2025-05-18_153718.png flg=0x1400010 cmp=com.google.android.providers.media.module/com.android.providers.media.MediaService }
05-18 07:37:19.226  1263  2096 I MediaProvider: End Intent { act=android.intent.action.MEDIA_SCANNER_SCAN_FILE dat=file:///sdcard/screen_2025-05-18_153718.png flg=0x1400010 cmp=com.google.android.providers.media.module/com.android.providers.media.MediaService }
05-18 07:37:19.291  1263  6017 I MediaProvider: Deleted 0 1 0 0 0 0 0 items on external_primary due to com.android.shell
05-18 07:37:19.292  1126  4494 I UriTaskContentObserver: (REDACTED) Throttling content uri change event for %s
05-18 07:37:19.395  1369 12416 I AppLinksAsyncVerifierV2: (REDACTED) Verification result: checking for a statement with source %s, relation delegate_permission/common.handle_all_urls, and target %s --> %b.
05-18 07:37:19.450  1369 12657 I AppLinksAsyncVerifierV2: (REDACTED) Verification result: checking for a statement with source %s, relation delegate_permission/common.handle_all_urls, and target %s --> %b.
05-18 07:37:19.450  1369 12842 I AppLinksAsyncVerifierV2: (REDACTED) Verification result: checking for a statement with source %s, relation delegate_permission/common.handle_all_urls, and target %s --> %b.
05-18 07:37:19.450  1369 12426 I AppLinksAsyncVerifierV2: (REDACTED) Verification result: checking for a statement with source %s, relation delegate_permission/common.handle_all_urls, and target %s --> %b.
05-18 07:37:19.471  1369 12410 I AppLinksAsyncVerifierV2: (REDACTED) Verification result: checking for a statement with source %s, relation delegate_permission/common.handle_all_urls, and target %s --> %b.
