05-18 07:37:19.471  1369 12277 I AppLinksHostsVerifierV2: (REDACTED) Verification %s complete. Successful hosts: %s. Failed hosts: %s. Error hosts: %s.
05-18 07:37:19.479  1369 12277 I AppLinksUtilsV1: Legacy cross-profile verification enabled [CONTEXT service_id=244 ]
05-18 07:37:19.773  1369 12842 I AppLinksAsyncVerifierV2: (REDACTED) Verification result: checking for a statement with source %s, relation delegate_permission/common.handle_all_urls, and target %s --> %b.
05-18 07:37:19.806  1369 12410 I AppLinksAsyncVerifierV2: (REDACTED) Verification result: checking for a statement with source %s, relation delegate_permission/common.handle_all_urls, and target %s --> %b.
05-18 07:37:19.806  1369 12426 I AppLinksAsyncVerifierV2: (REDACTED) Verification result: checking for a statement with source %s, relation delegate_permission/common.handle_all_urls, and target %s --> %b.
05-18 07:37:19.808  1369 12416 I AppLinksAsyncVerifierV2: (REDACTED) Verification result: checking for a statement with source %s, relation delegate_permission/common.handle_all_urls, and target %s --> %b.
05-18 07:37:19.809  1369 12657 I AppLinksAsyncVerifierV2: (REDACTED) Verification result: checking for a statement with source %s, relation delegate_permission/common.handle_all_urls, and target %s --> %b.
05-18 07:37:19.809  1369 12277 I AppLinksHostsVerifierV2: (REDACTED) Verification %s complete. Successful hosts: %s. Failed hosts: %s. Error hosts: %s.
05-18 07:37:19.815  1369 12277 I AppLinksUtilsV1: Legacy cross-profile verification enabled [CONTEXT service_id=244 ]
05-18 07:37:20.141  1369 12842 I AppLinksAsyncVerifierV2: (REDACTED) Verification result: checking for a statement with source %s, relation delegate_permission/common.handle_all_urls, and target %s --> %b.
05-18 07:37:20.142  1369 12426 I AppLinksAsyncVerifierV2: (REDACTED) Verification result: checking for a statement with source %s, relation delegate_permission/common.handle_all_urls, and target %s --> %b.
05-18 07:37:20.142  1369 12416 I AppLinksAsyncVerifierV2: (REDACTED) Verification result: checking for a statement with source %s, relation delegate_permission/common.handle_all_urls, and target %s --> %b.
05-18 07:37:20.142  1369 12657 I AppLinksAsyncVerifierV2: (REDACTED) Verification result: checking for a statement with source %s, relation delegate_permission/common.handle_all_urls, and target %s --> %b.
05-18 07:37:20.151  1369 12410 I AppLinksAsyncVerifierV2: (REDACTED) Verification result: checking for a statement with source %s, relation delegate_permission/common.handle_all_urls, and target %s --> %b.
05-18 07:37:20.151  1369 12277 I AppLinksHostsVerifierV2: (REDACTED) Verification %s complete. Successful hosts: %s. Failed hosts: %s. Error hosts: %s.
05-18 07:37:20.159  1369 12277 I AppLinksUtilsV1: Legacy cross-profile verification enabled [CONTEXT service_id=244 ]
05-18 07:37:20.249  1815  1815 W Finsky  : [2] men.e(28): No LoggingContext in the bundle, which breaks event chain!. Creating a new logging context.
05-18 07:37:20.249  1815  1815 I Finsky  : [2] wzk.a(9): Connecting Listener to InstallQueue updates...
05-18 07:37:20.272  1815  1815 I Finsky  : [2] wzk.a(9): Connecting Listener to InstallQueue updates...
05-18 07:37:20.278  1369 12144 I AppLinksAsyncVerifierV2: (REDACTED) Verification result: checking for a statement with source %s, relation delegate_permission/common.handle_all_urls, and target %s --> %b.
05-18 07:37:20.286  1369 12842 I AppLinksAsyncVerifierV2: (REDACTED) Verification result: checking for a statement with source %s, relation delegate_permission/common.handle_all_urls, and target %s --> %b.
05-18 07:37:20.483  1369 12410 I AppLinksAsyncVerifierV2: (REDACTED) Verification result: checking for a statement with source %s, relation delegate_permission/common.handle_all_urls, and target %s --> %b.
05-18 07:37:20.510  1369 12657 I AppLinksAsyncVerifierV2: (REDACTED) Verification result: checking for a statement with source %s, relation delegate_permission/common.handle_all_urls, and target %s --> %b.
05-18 07:37:20.522  1369 12416 I AppLinksAsyncVerifierV2: (REDACTED) Verification result: checking for a statement with source %s, relation delegate_permission/common.handle_all_urls, and target %s --> %b.
05-18 07:37:20.522  1369 12277 I AppLinksHostsVerifierV2: (REDACTED) Verification %s complete. Successful hosts: %s. Failed hosts: %s. Error hosts: %s.
05-18 07:37:20.529  1369 12277 I AppLinksUtilsV1: Legacy cross-profile verification enabled [CONTEXT service_id=244 ]
05-18 07:37:20.657  1369 12842 I AppLinksAsyncVerifierV2: (REDACTED) Verification result: checking for a statement with source %s, relation delegate_permission/common.handle_all_urls, and target %s --> %b.
05-18 07:37:20.860  1369 12657 I AppLinksAsyncVerifierV2: (REDACTED) Verification result: checking for a statement with source %s, relation delegate_permission/common.handle_all_urls, and target %s --> %b.
05-18 07:37:20.860  1369 12416 I AppLinksAsyncVerifierV2: (REDACTED) Verification result: checking for a statement with source %s, relation delegate_permission/common.handle_all_urls, and target %s --> %b.
05-18 07:37:20.867  1369 12410 I AppLinksAsyncVerifierV2: (REDACTED) Verification result: checking for a statement with source %s, relation delegate_permission/common.handle_all_urls, and target %s --> %b.
05-18 07:37:20.875  1369 12144 I AppLinksAsyncVerifierV2: (REDACTED) Verification result: checking for a statement with source %s, relation delegate_permission/common.handle_all_urls, and target %s --> %b.
05-18 07:37:20.875  1369 12277 I AppLinksHostsVerifierV2: (REDACTED) Verification %s complete. Successful hosts: %s. Failed hosts: %s. Error hosts: %s.
05-18 07:37:20.883  1369 12277 I AppLinksUtilsV1: Legacy cross-profile verification enabled [CONTEXT service_id=244 ]
05-18 07:37:21.011  1815  1815 I Finsky  : [2] ycf.a(2482): Applying library update: account=[0HuC5x-jX_4QBMLKvxR-TmPmEJWgz63BdP58ch2L0hw]
05-18 07:37:21.030  1815  1815 I Finsky  : [2] afbp.a(23): [ContentSync] App library has changed, requesting content sync.
05-18 07:37:21.031  1815 12227 I Finsky  : [551] bahn.e(39): SCH: Received scheduling request: Id: 12-1, Constraints: [{ L: 15000, D: 86400000, C: CHARGING_NONE, I: IDLE_NONE, N: NET_ANY, B: BATTERY_ANY }]
05-18 07:37:21.031  1815  1815 I Finsky  : [2] aeue.b(6): In-app Acquisition successful, starting update.
05-18 07:37:21.034  1815  1815 I Finsky  : [2] xdx.d(7): Starting dev-triggered update of: com.fandom.app
05-18 07:37:21.040  1369 12426 I AppLinksAsyncVerifierV2: (REDACTED) Verification result: checking for a statement with source %s, relation delegate_permission/common.handle_all_urls, and target %s --> %b.
05-18 07:37:21.069 20551 20551 I Endpoint: Created gRPC endpoint for service class com.google.frameworks.client.data.android.server.play.BackgroundProcessEndpointService
05-18 07:37:21.100  1815  2209 I Finsky  : [57] sii.accept(58): SCH: Scheduling phonesky job Id: 12-1, CT: 1747553841031, Constraints: [{ L: 15000, D: 86400000, C: CHARGING_NONE, I: IDLE_NONE, N: NET_ANY, B: BATTERY_ANY }]
05-18 07:37:21.106  1815  2172 I Finsky  : [52] nic.apply(251): SCH: Scheduling 1 system job(s)
05-18 07:37:21.106  1815  2172 I Finsky  : [52] aige.b(244): SCH: Scheduling system job Id: 9358, L: 14925, D: 57529796, C: false, I: false, N: 1
05-18 07:37:21.120  1815  2070 I Finsky  : [46] pnk.kh(215): [ContentSync] finished, scheduled=true
05-18 07:37:21.125 20551 20603 I Finsky:background: [75] wxy.<init>(15): IQ: Preprocessor for install holdoff enabled.
05-18 07:37:21.125 20551 20603 I Finsky:background: [75] wxy.<init>(17): IQ: Preprocessor for backup ready constraint enabled.
05-18 07:37:21.126 20551 20603 I Finsky:background: [75] vpc.accept(71): IQ: Attempting to validate incoming request. [Package:com.fandom.app, isid:PFwAOeSvQ6ul7lxudKX0JA]
05-18 07:37:21.127 20551 20603 I Finsky:background: [75] wyf.a(233): IQ::SLP: Process requests [Package:com.fandom.app, isid:PFwAOeSvQ6ul7lxudKX0JA].
05-18 07:37:21.133 20551 20603 I Finsky:background: [75] wyh.a(112): IQ-PP-SC: Could not perform AutoArchiving due to not supported install reason.
05-18 07:37:21.135 20551 20603 I Finsky:background: [75] wwk.apply(713): IQ::IHP: [Package:com.fandom.app, isid:PFwAOeSvQ6ul7lxudKX0JA] is not applicable for install holdoff, modifying constraint.
05-18 07:37:21.137 20551 20603 I Finsky:background: [75] wwx.l(68): IQ: Scheduling install request package_name=com.fandom.app, pm_package_name=com.fandom.app, version=15217, priority=2, reason=developer_triggered_update, account_name=[0HuC5x-jX_4QBMLKvxR-TmPmEJWgz63BdP58ch2L0hw], type=0, isid=PFwAOeSvQ6ul7lxudKX0JA, redirect=/data/user/0/com.android.vending/files/devtriggeredapks/com.fandom.app, constraints=((IGNORE_HOLDOFF=true, NETWORK=ANY, PROVISIONING_STATE=PROVISIONED, BACKUP_MANAGER_STATE=BACKUP_READY, ALLOWED_DURING_ENTERPRISE_SETUP, PROCESS_IMPORTANCE_THRESHOLD=125),)
05-18 07:37:21.149 20551 13448 I Finsky:background: [166] wwx.Q(41): IQ: Notifying installation update. [Package:com.fandom.app, isid:PFwAOeSvQ6ul7lxudKX0JA], status=SCHEDULED, status_code=0, reason=developer_triggered_update, tsc=PT0.104S, attempt=0
05-18 07:37:21.200  1815  1815 I Endpoint: Created gRPC endpoint for service class com.google.frameworks.client.data.android.server.play.MainProcessEndpointService
05-18 07:37:21.200 20551 20551 I Finsky:background: [2] afol.jb(51): PIM: Ignore install package event for: com.fandom.app, isid: PFwAOeSvQ6ul7lxudKX0JA
05-18 07:37:21.200 20551 13448 I Finsky:background: [166] wwk.apply(1332): IQ: Creating job 211, for (IGNORE_HOLDOFF=true, NETWORK=ANY, PROVISIONING_STATE=PROVISIONED, BACKUP_MANAGER_STATE=BACKUP_READY, ALLOWED_DURING_ENTERPRISE_SETUP, PROCESS_IMPORTANCE_THRESHOLD=125)
05-18 07:37:21.204 20551 13448 I Finsky:background: [166] wwx.G(314): IQ: Bulk scheduling created jobs
05-18 07:37:21.205 20551 13448 I Finsky:background: [166] bahn.f(49): SCH: Received scheduling request: Id: 3-211, Constraints: [{ L: 0, D: 86400000, C: CHARGING_NONE, I: IDLE_NONE, N: NET_ANY, B: BATTERY_ANY }]
05-18 07:37:21.227 12628 12685 W AnalyticsUserIDStore: initStore should have been called before calling setUserID
05-18 07:37:21.275  1815  1815 I Finsky  : [2] aqoq.e(257): DL: Data loader session turned off due to Incremental install not requested: com.fandom.app
05-18 07:37:21.279  1815  1815 I Finsky  : [2] ajgr.a(839): IQ::HLD: previousAllInstallsDone is Optional.empty, allInstallationsDone is Optional[true]
05-18 07:37:21.279  1815  1815 I Finsky  : [2] ajgr.a(865): IQ::HLD: Updating installations status false cross profiles
05-18 07:37:21.279  1815  1815 I Finsky  : [2] psn.d(34): XPF:Binding for 100813823
05-18 07:37:21.285  1815  1815 I Finsky  : [2] ProfileStateService.onCreate(6): XPF:creating profileStateService
05-18 07:37:21.292  1815  1815 I Finsky  : [2] psj.b(37): XPF:Registering listener 32860856 for user u0.
05-18 07:37:21.293  1815  1815 I Finsky  : [2] psj.d(54): XPF:User 0 finished enterprise setup, removing profile.
05-18 07:37:21.294  1815  1815 I Finsky  : [2] psj.e(44): XPF:User 0 is not in installation anymore, removing profile.
05-18 07:37:21.294  1815  1815 I Finsky  : [2] psj.e(91): XPF:Notifying user u0 that all installs are finished
05-18 07:37:21.446 20551 20609 I Finsky:background: [77] sii.accept(58): SCH: Scheduling phonesky job Id: 3-211, CT: 1747553841205, Constraints: [{ L: 0, D: 86400000, C: CHARGING_NONE, I: IDLE_NONE, N: NET_ANY, B: BATTERY_ANY }, { L: 0, D: 0, C: CHARGING_NONE, I: IDLE_NONE, N: NET_NONE, B: BATTERY_ANY }]
05-18 07:37:21.456 20551 20601 I Finsky:background: [74] nic.apply(251): SCH: Scheduling 2 system job(s)
05-18 07:37:21.457 20551 20601 I Finsky:background: [74] aige.b(244): SCH: Scheduling system job Id: 10929, L: 0, D: 86399748, C: false, I: false, N: 1
05-18 07:37:21.460 20551 20601 I Finsky:background: [74] nic.apply(412): SCH: Scheduling expedited system job 10930
05-18 07:37:21.479 20551 20594 I Finsky:background: [72] wwx.Y(21): IQ: start evaluating install requests.
05-18 07:37:21.479 20551 20594 I Finsky:background: [72] wwx.Y(50): IQ: no jobs active. Skipping
05-18 07:37:21.481 20551 20594 I Finsky:background: [72] wwu.accept(1202): IQ: Checking expedited install constraint for com.fandom.app.
05-18 07:37:21.483  1263  6017 W MediaProvider: isAppCloneUserPair for user 0: false
05-18 07:37:21.489 20551 20594 I Finsky:background: [72] wuu.test(782): IQ: Expedited install constraint check success.
05-18 07:37:21.489 20551 20551 I Finsky:background: [2] aihy.onStartJob(126): SCH: job service start with id 10929.
05-18 07:37:21.489 20551 20594 I Finsky:background: [72] wwx.Y(506): IQ: 1 scheduled install statuses found to proceed. 
05-18 07:37:21.489 20551 20551 I Finsky:background: [2] aihy.onStartJob(126): SCH: job service start with id 10930.
05-18 07:37:21.514 20551 13450 I Finsky:background: [168] nib.a(171): SCH: Satisfied jobs for 10929 are: 3-211
05-18 07:37:21.518 20551 13471 I Finsky:background: [171] aigh.accept(108): SCH: Job 3-211 starting
05-18 07:37:21.520 20551 20608 I Finsky:background: [76] wwl.a(738): IQ: proceed install request for [Package:com.fandom.app, isid:PFwAOeSvQ6ul7lxudKX0JA].
05-18 07:37:21.521 20551 20608 I Finsky:background: [76] wwx.ab(41): IQ: Notifying installation update. [Package:com.fandom.app, isid:PFwAOeSvQ6ul7lxudKX0JA], status=DOWNLOAD_PENDING, status_code=0, reason=developer_triggered_update, tsc=PT0.476S, attempt=0
05-18 07:37:21.521   178   178 I hwservicemanager: getTransport: Cannot find entry android.hardware.graphics.mapper@4.0::IMapper/default in either framework or device VINTF manifest.
05-18 07:37:21.521 13468 13470 I Gralloc4: mapper 4.x is not supported
05-18 07:37:21.526 20551 20551 I Finsky:background: [2] InstallQueuePhoneskyJob.e(136): IQ::IQPJ: Start job 211
05-18 07:37:21.531 20551 13450 I Finsky:background: [168] nib.a(171): SCH: Satisfied jobs for 10930 are: 3-211
05-18 07:37:21.543 20551 20609 I Finsky:background: [77] wwn.a(242): IQ: Requesting install request=package_name=com.fandom.app, pm_package_name=com.fandom.app, version=15217, priority=2, reason=developer_triggered_update, account_name=[0HuC5x-jX_4QBMLKvxR-TmPmEJWgz63BdP58ch2L0hw], type=0, isid=PFwAOeSvQ6ul7lxudKX0JA, redirect=/data/user/0/com.android.vending/files/devtriggeredapks/com.fandom.app, constraints=((IGNORE_HOLDOFF=true, NETWORK=ANY, PROVISIONING_STATE=PROVISIONED, BACKUP_MANAGER_STATE=BACKUP_READY, ALLOWED_DURING_ENTERPRISE_SETUP, PROCESS_IMPORTANCE_THRESHOLD=125),) using installer.
05-18 07:37:21.543 20551 20609 I Finsky:background: [77] aqoq.e(257): DL: Data loader session turned off due to Incremental install not requested: com.fandom.app
05-18 07:37:21.543 20551 20609 I Finsky:background: [77] wwn.a(789): DLIF: createIncrementalConfig with useIncrementalSessionWithReason: INCREMENTAL_DISABLED_IN_INSTALL_REQUEST , streamingVerdictWithReason: STREAMING_DISABLE_BY_UNKNOWN_REASON
05-18 07:37:21.549 20551 20551 I Finsky:background: [2] afol.jb(51): PIM: Ignore install package event for: com.fandom.app, isid: PFwAOeSvQ6ul7lxudKX0JA
05-18 07:37:21.553  1815  1815 I Finsky  : [2] xae.a(37): Send broadcast to the requesting package com.fandom.app on install state: 0
05-18 07:37:21.556 20551 13472 I Finsky:background: [172] wsy.a(81): IV2::EIU: Existing install found for update [Package:com.fandom.app, isid:PFwAOeSvQ6ul7lxudKX0JA].
05-18 07:37:21.556 20551 13472 I Finsky:background: [172] wsz.a(80): IV2::FGCV: Foreground check passed for com.fandom.app
05-18 07:37:21.586 20551 20594 I Finsky:background: [72] wro.a(193): IV2::DRV: install for [Package:com.fandom.app, isid:PFwAOeSvQ6ul7lxudKX0JA] not tracked by installer.
05-18 07:37:21.586  1815  1815 I Finsky  : [2] aqoq.e(257): DL: Data loader session turned off due to Incremental install not requested: com.fandom.app
05-18 07:37:21.615 20551 13472 I Finsky:background: [172] nvn.a(605): IV2: adding timeout to install 29
05-18 07:37:21.626 20551 13472 I Finsky:background: [172] wrz.p(39): IV2: skipped session creation for [Package:com.fandom.app, isid:PFwAOeSvQ6ul7lxudKX0JA]
05-18 07:37:21.637  1369 12410 I AppLinksAsyncVerifierV2: (REDACTED) Verification result: checking for a statement with source %s, relation delegate_permission/common.handle_all_urls, and target %s --> %b.
05-18 07:37:21.648 20551 20594 I Finsky:background: [72] wrp.apply(450): IV2::TV: allowMeteredNetwork=true for [Package=com.fandom.app, isid=PFwAOeSvQ6ul7lxudKX0JA]
05-18 07:37:21.648 20551 20594 I Finsky:background: [72] wro.a(219): IV2::TM: Task added. com.fandom.app[iid:29] [isid:PFwAOeSvQ6ul7lxudKX0JA] [tid: 1000000035]
05-18 07:37:21.654  1369 12144 I AppLinksAsyncVerifierV2: (REDACTED) Verification result: checking for a statement with source %s, relation delegate_permission/common.handle_all_urls, and target %s --> %b.
05-18 07:37:21.654  1369 12657 I AppLinksAsyncVerifierV2: (REDACTED) Verification result: checking for a statement with source %s, relation delegate_permission/common.handle_all_urls, and target %s --> %b.
05-18 07:37:21.682 20551 20601 I Finsky:background: [74] wso.a(304): IV2::TM: starting: 1000000035
05-18 07:37:21.682 20551 20594 I Finsky:background: [72] wwx.Y(21): IQ: start evaluating install requests.
05-18 07:37:21.683 20551 20594 I Finsky:background: [72] wwx.Y(218): IQ: There are 0 installs pending for job 211: []
05-18 07:37:21.683 20551 20594 I Finsky:background: [72] wwx.Y(241): IQ: Finishing job 211
05-18 07:37:21.683 20551 20594 I Finsky:background: [72] aigi.q(56): SCH: jobFinished: 3-211. TimeElapsed: 164ms.
05-18 07:37:21.683 20551 20594 I Finsky:background: [72] wwx.Y(321): IQ: No matching installs to run for jobs: [211]
05-18 07:37:21.685 20551 20594 I Finsky:background: [72] wwx.Y(506): IQ: 0 scheduled install statuses found to proceed. 
05-18 07:37:21.690 20551 20594 I Finsky:background: [72] wsn.a(37): IV2::TM: Starting task: com.fandom.app[iid:29] [isid:PFwAOeSvQ6ul7lxudKX0JA] [tid: 1000000035]
05-18 07:37:21.698 20551 20594 I Finsky:background: [72] wsj.d(11): IV2::TD starting task. com.fandom.app[iid:29] [isid:PFwAOeSvQ6ul7lxudKX0JA] [tid: 1000000035]
05-18 07:37:21.699 20551 13472 I Finsky:background: [172] wro.a(499): IV2::TD: Fetching metadata start. com.fandom.app[iid:29] [isid:PFwAOeSvQ6ul7lxudKX0JA] [tid: 1000000035]
05-18 07:37:21.708 20551 20609 I Finsky:background: [77] aigb.a(15): SCH: no pending jobs to schedule.
05-18 07:37:21.709 20551 13471 I Finsky:background: [171] aihy.a(24): SCH: job service finished with id 10930.
05-18 07:37:21.711 20551 20594 I Finsky:background: [72] aajn.a(27): Attempt creation of cached APK for com.fandom.app
05-18 07:37:21.716 20551 20608 I Finsky:background: [76] aigb.a(15): SCH: no pending jobs to schedule.
05-18 07:37:21.722 20551 20594 I Finsky:background: [72] aajn.a(1360): Preloads directory was not found.
05-18 07:37:21.730 20551 13471 I Finsky:background: [171] aihy.a(24): SCH: job service finished with id 10929.
05-18 07:37:21.734 20551 20609 I Finsky:background: [77] lmn.call(91): File-by-File compatibility check result: true
05-18 07:37:21.755 20551 20609 W Finsky:background: [77] qja.a(611): IU: Account  from AppState for update of com.fandom.app no longer exists.
05-18 07:37:21.758  1263  2096 I MediaProvider: Begin Intent { act=android.intent.action.MEDIA_SCANNER_SCAN_FILE dat=file:///sdcard/screen_2025-05-18_153721.png flg=0x1400010 cmp=com.google.android.providers.media.module/com.android.providers.media.MediaService }
05-18 07:37:21.776  1263  2096 I MediaProvider: End Intent { act=android.intent.action.MEDIA_SCANNER_SCAN_FILE dat=file:///sdcard/screen_2025-05-18_153721.png flg=0x1400010 cmp=com.google.android.providers.media.module/com.android.providers.media.MediaService }
05-18 07:37:21.802   538   573 I ActivityManager: Start proc 13491:com.google.process.gapps/u0a97 for content provider {com.google.android.gsf/com.google.android.gsf.settings.GoogleSettingsProvider}
05-18 07:37:21.807 13491 13491 W e.process.gapp: Unexpected CPU variant for X86 using defaults: x86_64
05-18 07:37:21.811 13491 13491 E e.process.gapp: Not starting debugger since process cannot load the jdwp agent.
05-18 07:37:21.816  1126  4494 I UriTaskContentObserver: (REDACTED) Throttling content uri change event for %s
05-18 07:37:21.818  1263  1472 I MediaProvider: Deleted 0 1 0 0 0 0 0 items on external_primary due to com.android.shell
05-18 07:37:21.905 13491 13491 I GoogleHttpClient: GMS http client unavailable, use old client
05-18 07:37:21.916 13491 13491 I CarUiInstaller: CarUiInstaller started for com.google.android.gsf
05-18 07:37:21.938  1369 12416 I AppLinksAsyncVerifierV2: (REDACTED) Verification result: checking for a statement with source %s, relation delegate_permission/common.handle_all_urls, and target %s --> %b.
05-18 07:37:21.939  1369 12277 I AppLinksHostsVerifierV2: (REDACTED) Verification %s complete. Successful hosts: %s. Failed hosts: %s. Error hosts: %s.
05-18 07:37:21.953  1369 12277 I AppLinksUtilsV1: Legacy cross-profile verification enabled [CONTEXT service_id=244 ]
05-18 07:37:22.126  1369 12657 I AppLinksAsyncVerifierV2: (REDACTED) Verification result: checking for a statement with source %s, relation delegate_permission/common.handle_all_urls, and target %s --> %b.
05-18 07:37:22.272  1369 12410 I AppLinksAsyncVerifierV2: (REDACTED) Verification result: checking for a statement with source %s, relation delegate_permission/common.handle_all_urls, and target %s --> %b.
05-18 07:37:22.280  1369 12416 I AppLinksAsyncVerifierV2: (REDACTED) Verification result: checking for a statement with source %s, relation delegate_permission/common.handle_all_urls, and target %s --> %b.
05-18 07:37:22.290  1369 12144 I AppLinksAsyncVerifierV2: (REDACTED) Verification result: checking for a statement with source %s, relation delegate_permission/common.handle_all_urls, and target %s --> %b.
05-18 07:37:22.309  1369 12842 I AppLinksAsyncVerifierV2: (REDACTED) Verification result: checking for a statement with source %s, relation delegate_permission/common.handle_all_urls, and target %s --> %b.
05-18 07:37:22.310  1369 12277 I AppLinksHostsVerifierV2: (REDACTED) Verification %s complete. Successful hosts: %s. Failed hosts: %s. Error hosts: %s.
05-18 07:37:22.320  1369 12277 I AppLinksUtilsV1: Legacy cross-profile verification enabled [CONTEXT service_id=244 ]
05-18 07:37:22.354  1263  6017 W MediaProvider: isAppCloneUserPair for user 0: false
05-18 07:37:22.398   178   178 I hwservicemanager: getTransport: Cannot find entry android.hardware.graphics.mapper@4.0::IMapper/default in either framework or device VINTF manifest.
05-18 07:37:22.400 13543 13545 I Gralloc4: mapper 4.x is not supported
05-18 07:37:22.420 20551 13472 I Finsky:background: [172] wrp.apply(166): IV2::TD: Fetching metadata done. com.fandom.app[iid:29] [isid:PFwAOeSvQ6ul7lxudKX0JA] [tid: 1000000035]
05-18 07:37:22.426 20551 12220 I Finsky:background: [162] aspj.l(74): ICalc: Partition available space: 2339774464, install size: 39938901, min free: 312033280, additional needed: 0
05-18 07:37:22.427 20551 20594 I Finsky:background: [72] wnp.a(70): AV::DSC: sufficient disk space space available for com.fandom.app[iid:29] [isid:PFwAOeSvQ6ul7lxudKX0JA] [tid: 1000000035]: 39938901
05-18 07:37:22.441 20551 20609 W Finsky:background: [77] wns.apply(81): AV::PV: Can't download patch for package com.fandom.app, artifact com.fandom.app.apk, because didn't receive one in delivery response.
05-18 07:37:22.444 20551 20609 W Finsky:background: [77] wns.apply(81): AV::PV: Can't download patch for package com.fandom.app, artifact config.xxhdpi, because didn't receive one in delivery response.
05-18 07:37:22.445 20551 20609 W Finsky:background: [77] wns.apply(81): AV::PV: Can't download patch for package com.fandom.app, artifact config.en, because didn't receive one in delivery response.
05-18 07:37:22.454 20551 20609 W Finsky:background: [77] wns.apply(81): AV::PV: Can't download patch for package com.fandom.app, artifact config.x86_64, because didn't receive one in delivery response.
05-18 07:37:22.455 20551 13472 I Finsky:background: [172] wro.a(408): IV2::TD: Resource fetch start. com.fandom.app[iid:29] [isid:PFwAOeSvQ6ul7lxudKX0JA] [tid: 1000000035]
05-18 07:37:22.462 20551 20594 I Finsky:background: [72] agqo.a(61): RF: No TaskData found for a new request.
05-18 07:37:22.463 20551 13472 I Finsky:background: [172] mjd.accept(58): IV2: onTaskProgress com.fandom.app[iid:29] [isid:PFwAOeSvQ6ul7lxudKX0JA] status:RESOURCE_FETCH_START, size: 0/0
05-18 07:37:22.471 20551 13448 I Finsky:background: [166] wwx.Q(41): IQ: Notifying installation update. [Package:com.fandom.app, isid:PFwAOeSvQ6ul7lxudKX0JA], status=DOWNLOADING, status_code=0, reason=developer_triggered_update, tsc=PT1.426S, attempt=0
05-18 07:37:22.474 20551 20608 I Finsky:background: [76] agqj.a(9): RF: RowId of the upserted row is 1000000035.
05-18 07:37:22.498 20551 20594 I Finsky:background: [72] agtd.p(25): RM: create resource request id 198a000e-bc49-4c91-b0de-6e90370f22f2 for request config.x86_64 reason: developer_triggered_update isid: PFwAOeSvQ6ul7lxudKX0JA
05-18 07:37:22.504 20551 20551 I Finsky:background: [2] afol.jb(51): PIM: Ignore install package event for: com.fandom.app, isid: PFwAOeSvQ6ul7lxudKX0JA
05-18 07:37:22.507  1815  1815 I Finsky  : [2] xae.a(37): Send broadcast to the requesting package com.fandom.app on install state: 1
05-18 07:37:22.510  1815  1815 I Finsky  : [2] aqoq.e(257): DL: Data loader session turned off due to Incremental install not requested: com.fandom.app
05-18 07:37:22.519 20551 20601 I Finsky:background: [74] agtd.p(25): RM: create resource request id 795d2584-460d-4f28-9478-b3105d70f1cc for request com.fandom.app.dm reason: developer_triggered_update isid: PFwAOeSvQ6ul7lxudKX0JA
05-18 07:37:22.539 20551 20594 I Finsky:background: [72] agtd.p(25): RM: create resource request id 85776e89-caf6-4d1f-9faf-85fcd5adaacb for request config.xxhdpi reason: developer_triggered_update isid: PFwAOeSvQ6ul7lxudKX0JA
05-18 07:37:22.554  1263  2096 I MediaProvider: Begin Intent { act=android.intent.action.MEDIA_SCANNER_SCAN_FILE dat=file:///sdcard/screen_2025-05-18_153722.png flg=0x1400010 cmp=com.google.android.providers.media.module/com.android.providers.media.MediaService }
05-18 07:37:22.563 20551 20609 I Finsky:background: [77] agtd.p(25): RM: create resource request id bba68f6b-da16-40d0-bcb5-c6685025685e for request config.en reason: developer_triggered_update isid: PFwAOeSvQ6ul7lxudKX0JA
05-18 07:37:22.568  1263  2096 I MediaProvider: End Intent { act=android.intent.action.MEDIA_SCANNER_SCAN_FILE dat=file:///sdcard/screen_2025-05-18_153722.png flg=0x1400010 cmp=com.google.android.providers.media.module/com.android.providers.media.MediaService }
05-18 07:37:22.591 20551 20601 I Finsky:background: [74] agtd.p(25): RM: create resource request id 818965db-1ac6-4f4c-8b9b-509ec4a11372 for request com.fandom.app.apk reason: developer_triggered_update isid: PFwAOeSvQ6ul7lxudKX0JA
05-18 07:37:22.640  1263  5048 I MediaProvider: Deleted 0 1 0 0 0 0 0 items on external_primary due to com.android.shell
05-18 07:37:22.642  1126  4494 I UriTaskContentObserver: (REDACTED) Throttling content uri change event for %s
05-18 07:37:22.649  1369 12657 I AppLinksAsyncVerifierV2: (REDACTED) Verification result: checking for a statement with source %s, relation delegate_permission/common.handle_all_urls, and target %s --> %b.
05-18 07:37:22.662  1369 12416 I AppLinksAsyncVerifierV2: (REDACTED) Verification result: checking for a statement with source %s, relation delegate_permission/common.handle_all_urls, and target %s --> %b.
05-18 07:37:22.665  1369 12842 I AppLinksAsyncVerifierV2: (REDACTED) Verification result: checking for a statement with source %s, relation delegate_permission/common.handle_all_urls, and target %s --> %b.
05-18 07:37:22.681  1369 12144 I AppLinksAsyncVerifierV2: (REDACTED) Verification result: checking for a statement with source %s, relation delegate_permission/common.handle_all_urls, and target %s --> %b.
05-18 07:37:22.685 20551 20603 I Finsky:background: [75] bcyu.l(6): DSC: enqueue()
05-18 07:37:22.687 20551 20615 I Finsky:background: [81] bcyu.l(6): DSC: enqueue()
05-18 07:37:22.698  1369 12410 I AppLinksAsyncVerifierV2: (REDACTED) Verification result: checking for a statement with source %s, relation delegate_permission/common.handle_all_urls, and target %s --> %b.
05-18 07:37:22.707  1369 12277 I AppLinksHostsVerifierV2: (REDACTED) Verification %s complete. Successful hosts: %s. Failed hosts: %s. Error hosts: %s.
05-18 07:37:22.728 20551 13566 I Finsky:background: [188] rhp.call(995): DS: request_id=130 generated with shared preferences
05-18 07:37:22.728 20551 13566 I Finsky:background: [188] rhp.call(1016): DS: enqueue(request_id=130, files_to_download=[com.fandom.app.dm(size:811295)], context[group_id=com.fandom.app:PFwAOeSvQ6ul7lxudKX0JA], display_data[invisible=false, title=FANDOM], network_restrictions=ANY_NETWORK
05-18 07:37:22.742 20551 20616 I Finsky:background: [82] bcyu.l(6): DSC: enqueue()
05-18 07:37:22.749 20551 13566 I Finsky:background: [188] rhp.call(995): DS: request_id=131 generated with shared preferences
05-18 07:37:22.749 20551 13566 I Finsky:background: [188] rhp.call(1016): DS: enqueue(request_id=131, files_to_download=[config.x86_64(size:2356672)], context[group_id=com.fandom.app:PFwAOeSvQ6ul7lxudKX0JA], display_data[invisible=false, title=FANDOM], network_restrictions=ANY_NETWORK
05-18 07:37:22.756 20551 13566 I Finsky:background: [188] rhp.call(995): DS: request_id=132 generated with shared preferences
05-18 07:37:22.756 20551 13566 I Finsky:background: [188] rhp.call(1016): DS: enqueue(request_id=132, files_to_download=[config.xxhdpi(size:455671)], context[group_id=com.fandom.app:PFwAOeSvQ6ul7lxudKX0JA], display_data[invisible=false, title=FANDOM], network_restrictions=ANY_NETWORK
05-18 07:37:22.759  1369 12277 I AppLinksUtilsV1: Legacy cross-profile verification enabled [CONTEXT service_id=244 ]
05-18 07:37:22.784 20551 13566 I Finsky:background: [188] rrt.b(11): DS::CD: download(130)
05-18 07:37:22.786 20551 13566 I Finsky:background: [188] rtc.c(106): DSC::L: Update all listeners for download <130:QUEUED with WAITING_FOR_START:0%[0%]> in group com.fandom.app:PFwAOeSvQ6ul7lxudKX0JA
05-18 07:37:22.787 20551 13566 I Finsky:background: [188] rtc.c(146): DSC::L: Updating listener DownloadServiceManagerListener::agro@d483769 for download <130:QUEUED with WAITING_FOR_START:0%[0%]>
05-18 07:37:22.787 20551 13566 I Finsky:background: [188] rtc.c(146): DSC::L: Updating listener rne@3feaf97 for download <130:QUEUED with WAITING_FOR_START:0%[0%]>
05-18 07:37:22.787 20551 13566 I Finsky:background: [188] rtc.c(146): DSC::L: Updating listener DownloadServiceManagerListener::qcv@1418a16 for download <130:QUEUED with WAITING_FOR_START:0%[0%]>
05-18 07:37:22.796 20551 20603 I Finsky:background: [75] bcyu.l(6): DSC: enqueue()
05-18 07:37:22.813 20551 20615 I Finsky:background: [81] bcyu.l(6): DSC: enqueue()
05-18 07:37:22.838 20551 13566 I Finsky:background: [188] rhp.call(995): DS: request_id=133 generated with shared preferences
05-18 07:37:22.838 20551 13566 I Finsky:background: [188] rhp.call(1016): DS: enqueue(request_id=133, files_to_download=[com.fandom.app.apk(size:13445931)], context[group_id=com.fandom.app:PFwAOeSvQ6ul7lxudKX0JA], display_data[invisible=false, title=FANDOM], network_restrictions=ANY_NETWORK
05-18 07:37:22.838 20551 13566 I Finsky:background: [188] rhp.call(995): DS: request_id=134 generated with shared preferences
05-18 07:37:22.838 20551 13566 I Finsky:background: [188] rhp.call(1016): DS: enqueue(request_id=134, files_to_download=[config.en(size:16461)], context[group_id=com.fandom.app:PFwAOeSvQ6ul7lxudKX0JA], display_data[invisible=false, title=FANDOM], network_restrictions=ANY_NETWORK
05-18 07:37:22.838 20551 13566 I Finsky:background: [188] rtc.c(106): DSC::L: Update all listeners for download <131:QUEUED with WAITING_FOR_START:0%[0%]> in group com.fandom.app:PFwAOeSvQ6ul7lxudKX0JA
05-18 07:37:22.838 20551 13566 I Finsky:background: [188] rtc.c(146): DSC::L: Updating listener DownloadServiceManagerListener::agro@d483769 for download <131:QUEUED with WAITING_FOR_START:0%[0%]>
05-18 07:37:22.838 20551 13566 I Finsky:background: [188] rtc.c(146): DSC::L: Updating listener rne@3feaf97 for download <131:QUEUED with WAITING_FOR_START:0%[0%]>
05-18 07:37:22.838 20551 13566 I Finsky:background: [188] rtc.c(146): DSC::L: Updating listener DownloadServiceManagerListener::qcv@1418a16 for download <131:QUEUED with WAITING_FOR_START:0%[0%]>
05-18 07:37:22.840   538   538 W NotificationHistory: Attempted to add notif for locked/gone/disabled user 0
05-18 07:37:22.861 20551 20551 I Finsky:background: [2] DownloadService.onStartCommand(25): DS: DownloadService is getting started sticky with notification.
05-18 07:37:22.873 20551 13566 I Finsky:background: [188] rtc.c(106): DSC::L: Update all listeners for download <132:QUEUED with WAITING_FOR_START:0%[0%]> in group com.fandom.app:PFwAOeSvQ6ul7lxudKX0JA
05-18 07:37:22.873 20551 13566 I Finsky:background: [188] rtc.c(146): DSC::L: Updating listener DownloadServiceManagerListener::agro@d483769 for download <132:QUEUED with WAITING_FOR_START:0%[0%]>
05-18 07:37:22.873 20551 13566 I Finsky:background: [188] rtc.c(146): DSC::L: Updating listener rne@3feaf97 for download <132:QUEUED with WAITING_FOR_START:0%[0%]>
05-18 07:37:22.874 20551 13566 I Finsky:background: [188] rtc.c(146): DSC::L: Updating listener DownloadServiceManagerListener::qcv@1418a16 for download <132:QUEUED with WAITING_FOR_START:0%[0%]>
05-18 07:37:22.914 20551 20615 I Finsky:background: [81] bcyu.m(11): DSC: getDownload(130)
05-18 07:37:22.914 20551 20603 I Finsky:background: [75] bcyu.m(11): DSC: getDownload(131)
05-18 07:37:22.922 20551 20603 I Finsky:background: [75] rpq.i(13): DS: getDownload(request_id=131)
05-18 07:37:22.923 20551 20615 I Finsky:background: [81] rpq.i(13): DS: getDownload(request_id=130)
05-18 07:37:22.931  1815  1815 W Finsky  : [2] men.e(28): No LoggingContext in the bundle, which breaks event chain!. Creating a new logging context.
05-18 07:37:22.946 20551 13566 I Finsky:background: [188] rtc.c(106): DSC::L: Update all listeners for download <130:RUNNING:0%[0%]> in group com.fandom.app:PFwAOeSvQ6ul7lxudKX0JA
05-18 07:37:22.946 20551 13566 I Finsky:background: [188] rtc.c(146): DSC::L: Updating listener DownloadServiceManagerListener::agro@d483769 for download <130:RUNNING:0%[0%]>
05-18 07:37:22.948 20551 13566 I Finsky:background: [188] agro.f(13): DS: Received onProgress request_id=130
05-18 07:37:22.951 20551 13566 I Finsky:background: [188] bowy.j(45): RM: receive resource status onStart com.fandom.app.dm reason: developer_triggered_update isid: PFwAOeSvQ6ul7lxudKX0JA, 2, 192, size: 0/811295
05-18 07:37:22.951 20551 13566 I Finsky:background: [188] bowy.i(61): RM: receive resource status onProgress download_request_id=130, group_id=com.fandom.app.dm reason: developer_triggered_update isid: PFwAOeSvQ6ul7lxudKX0JA, status_code=RESOURCE_STATUS_IN_PROGRESS, legacy_status_code=192, size: 0/811295
05-18 07:37:22.951 20551 13566 I Finsky:background: [188] rtc.c(146): DSC::L: Updating listener rne@3feaf97 for download <130:RUNNING:0%[0%]>
05-18 07:37:22.952 20551 13566 I Finsky:background: [188] rtc.c(146): DSC::L: Updating listener DownloadServiceManagerListener::qcv@1418a16 for download <130:RUNNING:0%[0%]>
05-18 07:37:22.957  1815  2017 I Finsky  : [41] mml.g(167): RECEIVER_NOTIFICATION#logWorkEndAndFinishGoAsync: SUCCESS
05-18 07:37:22.958 20551 20603 I Finsky:background: [75] bcyu.m(11): DSC: getDownload(130)
05-18 07:37:22.959 20551 20603 I Finsky:background: [75] rpq.i(13): DS: getDownload(request_id=130)
05-18 07:37:22.959 20551 20616 I Finsky:background: [82] bcyu.m(11): DSC: getDownload(130)
05-18 07:37:22.960 20551 20616 I Finsky:background: [82] rpq.i(13): DS: getDownload(request_id=130)
05-18 07:37:22.961 20551 20615 I Finsky:background: [81] bcyu.m(11): DSC: getDownload(132)
05-18 07:37:22.962 20551 20615 I Finsky:background: [81] rpq.i(13): DS: getDownload(request_id=132)
05-18 07:37:22.992 20551 13566 I Finsky:background: [188] rpq.h(316): DS: onGetDownload(request_id=131, files_to_download=[config.x86_64(size:2356672)], context[group_id=com.fandom.app:PFwAOeSvQ6ul7lxudKX0JA], display_data[invisible=false, title=FANDOM], network_restrictions=ANY_NETWORK status=queued[1], bytes_downloaded=0, total_bytes=2356672, retry[count=0, next_retry=n/a])
05-18 07:37:22.993 20551 13566 I Finsky:background: [188] rpq.h(316): DS: onGetDownload(request_id=130, files_to_download=[com.fandom.app.dm(size:811295)], context[group_id=com.fandom.app:PFwAOeSvQ6ul7lxudKX0JA], display_data[invisible=false, title=FANDOM], network_restrictions=ANY_NETWORK status=running, bytes_downloaded=0, total_bytes=811295, retry[count=0, next_retry=n/a])
05-18 07:37:22.994 20551 13566 I Finsky:background: [188] rpq.h(316): DS: onGetDownload(request_id=130, files_to_download=[com.fandom.app.dm(size:811295)], context[group_id=com.fandom.app:PFwAOeSvQ6ul7lxudKX0JA], display_data[invisible=false, title=FANDOM], network_restrictions=ANY_NETWORK status=running, bytes_downloaded=0, total_bytes=811295, retry[count=0, next_retry=n/a])
05-18 07:37:22.994 20551 13566 I Finsky:background: [188] rpq.h(316): DS: onGetDownload(request_id=130, files_to_download=[com.fandom.app.dm(size:811295)], context[group_id=com.fandom.app:PFwAOeSvQ6ul7lxudKX0JA], display_data[invisible=false, title=FANDOM], network_restrictions=ANY_NETWORK status=running, bytes_downloaded=0, total_bytes=811295, retry[count=0, next_retry=n/a])
05-18 07:37:22.994 20551 13566 I Finsky:background: [188] rpq.h(316): DS: onGetDownload(request_id=132, files_to_download=[config.xxhdpi(size:455671)], context[group_id=com.fandom.app:PFwAOeSvQ6ul7lxudKX0JA], display_data[invisible=false, title=FANDOM], network_restrictions=ANY_NETWORK status=queued[1], bytes_downloaded=0, total_bytes=455671, retry[count=0, next_retry=n/a])
05-18 07:37:22.998 20551 20551 I Finsky:background: [2] afop.run(67): RF: onStart 130
05-18 07:37:23.011 13584 13584 I AndroidRuntime: Using default boot image
05-18 07:37:23.011 20551 20551 I Finsky:background: [2] agqu.l(70): bytesCompleted/bytesTotal/ratio = 0 / 17086030 / 0.000000
05-18 07:37:23.011 13584 13584 I AndroidRuntime: Leaving lock profiling enabled
05-18 07:37:23.011 20551 20551 I Finsky:background: [2] agqs.a(38): RF: onProgress 130
05-18 07:37:23.011 20551 20551 I Finsky:background: [2] agqs.a(202): RF: onProgress 130
05-18 07:37:23.012 20551 20551 I Finsky:background: [2] agqu.l(70): bytesCompleted/bytesTotal/ratio = 0 / 17086030 / 0.000000
05-18 07:37:23.013 13584 13584 W libc    : Access denied finding property "odsign.verification.success"
05-18 07:37:23.015 20551 13472 I Finsky:background: [172] mjd.accept(58): IV2: onTaskProgress com.fandom.app[iid:29] [isid:PFwAOeSvQ6ul7lxudKX0JA] status:RESOURCE_FETCH_PROGRESS, size: 0/17086030
05-18 07:37:23.018 13584 13584 W app_process: ART APEX data files are untrusted.
05-18 07:37:23.018 20551 13472 I Finsky:background: [172] mjd.accept(58): IV2: onTaskProgress com.fandom.app[iid:29] [isid:PFwAOeSvQ6ul7lxudKX0JA] status:RESOURCE_FETCH_PROGRESS, size: 0/17086030
05-18 07:37:23.020 20551 13448 I Finsky:background: [166] wwx.Q(41): IQ: Notifying installation update. [Package:com.fandom.app, isid:PFwAOeSvQ6ul7lxudKX0JA], status=DOWNLOADING, status_code=0, reason=developer_triggered_update, tsc=PT1.975S, attempt=0
05-18 07:37:23.009 13584 13584 W app_process: type=1400 audit(0.0:1234): avc: denied { read } for name="u:object_r:odsign_prop:s0" dev="tmpfs" ino=203 scontext=u:r:shell:s0 tcontext=u:object_r:odsign_prop:s0 tclass=file permissive=0
05-18 07:37:23.032 20551 13566 I Finsky:background: [188] rtc.c(106): DSC::L: Update all listeners for download <133:QUEUED with WAITING_FOR_START:0%[0%]> in group com.fandom.app:PFwAOeSvQ6ul7lxudKX0JA
05-18 07:37:23.032 20551 13566 I Finsky:background: [188] rtc.c(146): DSC::L: Updating listener DownloadServiceManagerListener::agro@d483769 for download <133:QUEUED with WAITING_FOR_START:0%[0%]>
05-18 07:37:23.032 20551 13566 I Finsky:background: [188] rtc.c(146): DSC::L: Updating listener rne@3feaf97 for download <133:QUEUED with WAITING_FOR_START:0%[0%]>
05-18 07:37:23.032 20551 13566 I Finsky:background: [188] rtc.c(146): DSC::L: Updating listener DownloadServiceManagerListener::qcv@1418a16 for download <133:QUEUED with WAITING_FOR_START:0%[0%]>
05-18 07:37:23.069 20551 13566 I Finsky:background: [188] rtc.c(106): DSC::L: Update all listeners for download <134:QUEUED with WAITING_FOR_START:0%[0%]> in group com.fandom.app:PFwAOeSvQ6ul7lxudKX0JA
05-18 07:37:23.069 20551 13566 I Finsky:background: [188] rtc.c(146): DSC::L: Updating listener DownloadServiceManagerListener::agro@d483769 for download <134:QUEUED with WAITING_FOR_START:0%[0%]>
05-18 07:37:23.069 20551 13566 I Finsky:background: [188] rtc.c(146): DSC::L: Updating listener rne@3feaf97 for download <134:QUEUED with WAITING_FOR_START:0%[0%]>
05-18 07:37:23.069 20551 13566 I Finsky:background: [188] rtc.c(146): DSC::L: Updating listener DownloadServiceManagerListener::qcv@1418a16 for download <134:QUEUED with WAITING_FOR_START:0%[0%]>
05-18 07:37:23.082  1369 12842 I AppLinksAsyncVerifierV2: (REDACTED) Verification result: checking for a statement with source %s, relation delegate_permission/common.handle_all_urls, and target %s --> %b.
05-18 07:37:23.094  1369 12410 I AppLinksAsyncVerifierV2: (REDACTED) Verification result: checking for a statement with source %s, relation delegate_permission/common.handle_all_urls, and target %s --> %b.
05-18 07:37:23.096 13584 13584 W app_process: Unexpected CPU variant for X86 using defaults: x86_64
05-18 07:37:23.098 13584 13584 W app_process: ClassLoaderContext classpath size mismatch. expected=0, found=1 (PCL[] | PCL[/system/framework/android.test.runner.jar*1585996318])
05-18 07:37:23.098  1369 12144 I AppLinksAsyncVerifierV2: (REDACTED) Verification result: checking for a statement with source %s, relation delegate_permission/common.handle_all_urls, and target %s --> %b.
05-18 07:37:23.105 20551 20603 I Finsky:background: [75] bcyu.m(11): DSC: getDownload(133)
05-18 07:37:23.106 20551 20603 I Finsky:background: [75] rpq.i(13): DS: getDownload(request_id=133)
05-18 07:37:23.112  1369 12416 I AppLinksAsyncVerifierV2: (REDACTED) Verification result: checking for a statement with source %s, relation delegate_permission/common.handle_all_urls, and target %s --> %b.
05-18 07:37:23.122  1369 12657 I AppLinksAsyncVerifierV2: (REDACTED) Verification result: checking for a statement with source %s, relation delegate_permission/common.handle_all_urls, and target %s --> %b.
05-18 07:37:23.122  1369 12277 I AppLinksHostsVerifierV2: (REDACTED) Verification %s complete. Successful hosts: %s. Failed hosts: %s. Error hosts: %s.
05-18 07:37:23.124 20551 20616 I Finsky:background: [82] bcyu.m(11): DSC: getDownload(134)
05-18 07:37:23.131  1369 12277 I AppLinksUtilsV1: Legacy cross-profile verification enabled [CONTEXT service_id=244 ]
05-18 07:37:23.133 20551 20616 I Finsky:background: [82] rpq.i(13): DS: getDownload(request_id=134)
05-18 07:37:23.134 20551 13566 I Finsky:background: [188] rpq.h(316): DS: onGetDownload(request_id=133, files_to_download=[com.fandom.app.apk(size:13445931)], context[group_id=com.fandom.app:PFwAOeSvQ6ul7lxudKX0JA], display_data[invisible=false, title=FANDOM], network_restrictions=ANY_NETWORK status=queued[1], bytes_downloaded=0, total_bytes=13445931, retry[count=0, next_retry=n/a])
05-18 07:37:23.141  1815  1815 I Finsky  : [2] xae.a(37): Send broadcast to the requesting package com.fandom.app on install state: 1
05-18 07:37:23.142 20551 20551 I Finsky:background: [2] afol.jb(51): PIM: Ignore install package event for: com.fandom.app, isid: PFwAOeSvQ6ul7lxudKX0JA
05-18 07:37:23.143  1815  1815 I Finsky  : [2] aqoq.e(257): DL: Data loader session turned off due to Incremental install not requested: com.fandom.app
05-18 07:37:23.150 20551 13566 I Finsky:background: [188] rpq.h(316): DS: onGetDownload(request_id=134, files_to_download=[config.en(size:16461)], context[group_id=com.fandom.app:PFwAOeSvQ6ul7lxudKX0JA], display_data[invisible=false, title=FANDOM], network_restrictions=ANY_NETWORK status=queued[1], bytes_downloaded=0, total_bytes=16461, retry[count=0, next_retry=n/a])
05-18 07:37:23.151 20551 13448 I Finsky:background: [166] wwx.Q(41): IQ: Notifying installation update. [Package:com.fandom.app, isid:PFwAOeSvQ6ul7lxudKX0JA], status=DOWNLOADING, status_code=0, reason=developer_triggered_update, tsc=PT2.106S, attempt=0
05-18 07:37:23.165  1369 13604 I GmscoreIpa: Starting mediastore instant index [CONTEXT service_id=255 ]
05-18 07:37:23.170 20551 20551 I Finsky:background: [2] afol.jb(51): PIM: Ignore install package event for: com.fandom.app, isid: PFwAOeSvQ6ul7lxudKX0JA
05-18 07:37:23.179  1815  1815 I Finsky  : [2] xae.a(37): Send broadcast to the requesting package com.fandom.app on install state: 1
05-18 07:37:23.183  1815  1815 I Finsky  : [2] aqoq.e(257): DL: Data loader session turned off due to Incremental install not requested: com.fandom.app
05-18 07:37:23.357 20551 13587 I Finsky:background: [191] rru.d(6): CronetDownloader: onRedirectReceived
05-18 07:37:23.469  1126  3984 I NearbyMediums: No BLE Fast/GATT advertisements found in the latest cycle.
05-18 07:37:23.477  1369 12410 I AppLinksAsyncVerifierV2: (REDACTED) Verification result: checking for a statement with source %s, relation delegate_permission/common.handle_all_urls, and target %s --> %b.
05-18 07:37:23.477  1369 12657 I AppLinksAsyncVerifierV2: (REDACTED) Verification result: checking for a statement with source %s, relation delegate_permission/common.handle_all_urls, and target %s --> %b.
05-18 07:37:23.480  1369 12416 I AppLinksAsyncVerifierV2: (REDACTED) Verification result: checking for a statement with source %s, relation delegate_permission/common.handle_all_urls, and target %s --> %b.
05-18 07:37:23.480  1369 12842 I AppLinksAsyncVerifierV2: (REDACTED) Verification result: checking for a statement with source %s, relation delegate_permission/common.handle_all_urls, and target %s --> %b.
05-18 07:37:23.489  1369 12144 I AppLinksAsyncVerifierV2: (REDACTED) Verification result: checking for a statement with source %s, relation delegate_permission/common.handle_all_urls, and target %s --> %b.
05-18 07:37:23.490  1369 12277 I AppLinksHostsVerifierV2: (REDACTED) Verification %s complete. Successful hosts: %s. Failed hosts: %s. Error hosts: %s.
05-18 07:37:23.496  1369 12277 I AppLinksUtilsV1: Legacy cross-profile verification enabled [CONTEXT service_id=244 ]
05-18 07:37:23.615  1369 12144 I AppLinksAsyncVerifierV2: (REDACTED) Verification result: checking for a statement with source %s, relation delegate_permission/common.handle_all_urls, and target %s --> %b.
05-18 07:37:23.661  1369 12416 I AppLinksAsyncVerifierV2: (REDACTED) Verification result: checking for a statement with source %s, relation delegate_permission/common.handle_all_urls, and target %s --> %b.
05-18 07:37:23.827  1369 12410 I AppLinksAsyncVerifierV2: (REDACTED) Verification result: checking for a statement with source %s, relation delegate_permission/common.handle_all_urls, and target %s --> %b.
05-18 07:37:23.829  1369 12842 I AppLinksAsyncVerifierV2: (REDACTED) Verification result: checking for a statement with source %s, relation delegate_permission/common.handle_all_urls, and target %s --> %b.
05-18 07:37:23.858  1369 12657 I AppLinksAsyncVerifierV2: (REDACTED) Verification result: checking for a statement with source %s, relation delegate_permission/common.handle_all_urls, and target %s --> %b.
05-18 07:37:23.859  1369 12277 I AppLinksHostsVerifierV2: (REDACTED) Verification %s complete. Successful hosts: %s. Failed hosts: %s. Error hosts: %s.
05-18 07:37:23.868  1369 12277 I AppLinksUtilsV1: Legacy cross-profile verification enabled [CONTEXT service_id=244 ]
05-18 07:37:24.179 20551 13587 I Finsky:background: [191] rru.d(6): CronetDownloader: onRedirectReceived
05-18 07:37:24.196  1369 12410 I AppLinksAsyncVerifierV2: (REDACTED) Verification result: checking for a statement with source %s, relation delegate_permission/common.handle_all_urls, and target %s --> %b.
05-18 07:37:24.201  1369 12416 I AppLinksAsyncVerifierV2: (REDACTED) Verification result: checking for a statement with source %s, relation delegate_permission/common.handle_all_urls, and target %s --> %b.
05-18 07:37:24.207  1369 12657 I AppLinksAsyncVerifierV2: (REDACTED) Verification result: checking for a statement with source %s, relation delegate_permission/common.handle_all_urls, and target %s --> %b.
05-18 07:37:24.225  1369 12842 I AppLinksAsyncVerifierV2: (REDACTED) Verification result: checking for a statement with source %s, relation delegate_permission/common.handle_all_urls, and target %s --> %b.
