05-31 14:57:27.562  3193  3241 I XmpUtil : XMP parse: only JPEG file is supported
05-31 14:57:27.585  1360  6402 I MediaProvider: Open with lower FS for /storage/emulated/0/screen_2025-05-31_200347.png. Uid: 10126
05-31 14:57:27.599  3193  3241 I XmpUtil : XMP parse: only JPEG file is supported
05-31 14:57:27.616  1360  6402 I MediaProvider: Open with lower FS for /storage/emulated/0/screen_2025-05-31_200346.png. Uid: 10126
05-31 14:57:27.636 13087 13087 E cariapp.mercar: Invalid ID 0x0000013f.
05-31 14:57:27.637  3193  3241 I XmpUtil : XMP parse: only JPEG file is supported
05-31 14:57:27.659  1360  6402 I MediaProvider: Open with lower FS for /storage/emulated/0/screen_2025-05-31_200341.png. Uid: 10126
05-31 14:57:27.679  3193  3241 I XmpUtil : XMP parse: only JPEG file is supported
05-31 14:57:27.715  1360  6402 I MediaProvider: Open with lower FS for /storage/emulated/0/screen_2025-05-31_200335.png. Uid: 10126
05-31 14:57:27.724  3193  3241 I XmpUtil : XMP parse: only JPEG file is supported
05-31 14:57:27.732  1360  6402 I MediaProvider: Open with lower FS for /storage/emulated/0/screen_2025-05-31_200330.png. Uid: 10126
05-31 14:57:27.748  3193  3241 I XmpUtil : XMP parse: only JPEG file is supported
05-31 14:57:27.756  1360  6402 I MediaProvider: Open with lower FS for /storage/emulated/0/screen_2025-05-31_200329.png. Uid: 10126
05-31 14:57:27.765  3193  3241 I XmpUtil : XMP parse: only JPEG file is supported
05-31 14:57:27.775  1360  6402 I MediaProvider: Open with lower FS for /storage/emulated/0/screen_2025-05-31_200324.png. Uid: 10126
05-31 14:57:27.784  3193  3241 I XmpUtil : XMP parse: only JPEG file is supported
05-31 14:57:27.793  1360  6402 I MediaProvider: Open with lower FS for /storage/emulated/0/screen_2025-05-31_200318.png. Uid: 10126
05-31 14:57:27.801  3193  3241 I XmpUtil : XMP parse: only JPEG file is supported
05-31 14:57:27.809  1360  6402 I MediaProvider: Open with lower FS for /storage/emulated/0/screen_2025-05-31_200313.png. Uid: 10126
05-31 14:57:27.818  3193  3241 I XmpUtil : XMP parse: only JPEG file is supported
05-31 14:57:27.826  1360  6402 I MediaProvider: Open with lower FS for /storage/emulated/0/screen_2025-05-31_200312.png. Uid: 10126
05-31 14:57:27.835  3193  3241 I XmpUtil : XMP parse: only JPEG file is supported
05-31 14:57:27.844  1360  6402 I MediaProvider: Open with lower FS for /storage/emulated/0/screen_2025-05-31_200307.png. Uid: 10126
05-31 14:57:27.853  3193  3241 I XmpUtil : XMP parse: only JPEG file is supported
05-31 14:57:27.864  1360  6402 I MediaProvider: Open with lower FS for /storage/emulated/0/screen_2025-05-31_200306.png. Uid: 10126
05-31 14:57:27.872  3193  3241 I XmpUtil : XMP parse: only JPEG file is supported
05-31 14:57:27.881  1360  6402 I MediaProvider: Open with lower FS for /storage/emulated/0/screen_2025-05-31_200301.png. Uid: 10126
05-31 14:57:27.890  3193  3241 I XmpUtil : XMP parse: only JPEG file is supported
05-31 14:57:27.899  1360  6402 I MediaProvider: Open with lower FS for /storage/emulated/0/screen_2025-05-31_200255.png. Uid: 10126
05-31 14:57:27.907  3193  3241 I XmpUtil : XMP parse: only JPEG file is supported
05-31 14:57:27.916  1360  6402 I MediaProvider: Open with lower FS for /storage/emulated/0/screen_2025-05-31_200250.png. Uid: 10126
05-31 14:57:27.925  3193  3241 I XmpUtil : XMP parse: only JPEG file is supported
05-31 14:57:27.935  1360  6402 I MediaProvider: Open with lower FS for /storage/emulated/0/screen_2025-05-31_200249.png. Uid: 10126
05-31 14:57:27.945  3193  3241 I XmpUtil : XMP parse: only JPEG file is supported
05-31 14:57:27.956  1360  6402 I MediaProvider: Open with lower FS for /storage/emulated/0/screen_2025-05-31_200244.png. Uid: 10126
05-31 14:57:27.964  3193  3241 I XmpUtil : XMP parse: only JPEG file is supported
05-31 14:57:27.973  1360  6402 I MediaProvider: Open with lower FS for /storage/emulated/0/screen_2025-05-31_200238.png. Uid: 10126
05-31 14:57:27.982  3193  3241 I XmpUtil : XMP parse: only JPEG file is supported
05-31 14:57:27.992  1360  6402 I MediaProvider: Open with lower FS for /storage/emulated/0/screen_2025-05-31_194810.png. Uid: 10126
05-31 14:57:28.001  3193  3241 I XmpUtil : XMP parse: only JPEG file is supported
05-31 14:57:28.009  1360  6402 I MediaProvider: Open with lower FS for /storage/emulated/0/screen_2025-05-31_194805.png. Uid: 10126
05-31 14:57:28.019  3193  3241 I XmpUtil : XMP parse: only JPEG file is supported
05-31 14:57:28.027  1360  6402 I MediaProvider: Open with lower FS for /storage/emulated/0/screen_2025-05-31_194804.png. Uid: 10126
05-31 14:57:28.036  3193  3241 I XmpUtil : XMP parse: only JPEG file is supported
05-31 14:57:28.045  1360  1388 I MediaProvider: Open with lower FS for /storage/emulated/0/screen_2025-05-31_194759.png. Uid: 10126
05-31 14:57:28.057  3193  3241 I XmpUtil : XMP parse: only JPEG file is supported
05-31 14:57:28.069  1360  1388 I MediaProvider: Open with lower FS for /storage/emulated/0/screen_2025-05-31_194732.png. Uid: 10126
05-31 14:57:28.082  3193  3241 I XmpUtil : XMP parse: only JPEG file is supported
05-31 14:57:28.094  1360  1388 I MediaProvider: Open with lower FS for /storage/emulated/0/screen_2025-05-31_194727.png. Uid: 10126
05-31 14:57:28.107  3193  3241 I XmpUtil : XMP parse: only JPEG file is supported
05-31 14:57:28.125  1360  1388 I MediaProvider: Open with lower FS for /storage/emulated/0/screen_2025-05-31_194726.png. Uid: 10126
05-31 14:57:28.140  3193  3241 I XmpUtil : XMP parse: only JPEG file is supported
05-31 14:57:28.153  1360  1388 I MediaProvider: Open with lower FS for /storage/emulated/0/screen_2025-05-31_194721.png. Uid: 10126
05-31 14:57:28.160  3193  3241 I XmpUtil : XMP parse: only JPEG file is supported
05-31 14:57:28.169  1360  1369 I FuseDaemon: Background young concurrent copying GC freed 34702(2541KB) AllocSpace objects, 0(0B) LOS objects, 43% free, 3100KB/5492KB, paused 6.489ms,54us total 26.670ms
05-31 14:57:28.169  1360  1388 I MediaProvider: Open with lower FS for /storage/emulated/0/screen_2025-05-31_194715.png. Uid: 10126
05-31 14:57:28.184  3193  3241 I XmpUtil : XMP parse: only JPEG file is supported
05-31 14:57:28.193  1360  1388 I MediaProvider: Open with lower FS for /storage/emulated/0/screen_2025-05-31_194709.png. Uid: 10126
05-31 14:57:28.206  3193  3241 I XmpUtil : XMP parse: only JPEG file is supported
05-31 14:57:28.223  1360  1388 I MediaProvider: Open with lower FS for /storage/emulated/0/screen_2025-05-31_194704.png. Uid: 10126
05-31 14:57:28.239  3193  3241 I XmpUtil : XMP parse: only JPEG file is supported
05-31 14:57:28.254  1360  1388 I MediaProvider: Open with lower FS for /storage/emulated/0/screen_2025-05-31_194658.png. Uid: 10126
05-31 14:57:28.263  3193  3241 I XmpUtil : XMP parse: only JPEG file is supported
05-31 14:57:28.277  1360  1388 I MediaProvider: Open with lower FS for /storage/emulated/0/screen_2025-05-31_194653.png. Uid: 10126
05-31 14:57:28.316   590   861 W UriGrantsManagerService: No permission grants found for com.google.android.apps.photos
05-31 14:57:28.317   590   861 W UriGrantsManagerService: No permission grants found for com.google.android.apps.photos
05-31 14:57:28.340  3193  3241 I XmpUtil : XMP parse: only JPEG file is supported
05-31 14:57:28.366  1360  6521 I MediaProvider: Open with lower FS for /storage/emulated/0/screen_2025-05-31_200917.png. Uid: 10126
05-31 14:57:28.377  3193  3241 I XmpUtil : XMP parse: only JPEG file is supported
05-31 14:57:28.390  1360  6521 I MediaProvider: Open with lower FS for /storage/emulated/0/screen_2025-05-31_200912.png. Uid: 10126
05-31 14:57:28.405  3193  3241 I XmpUtil : XMP parse: only JPEG file is supported
05-31 14:57:28.415  1360  6521 I MediaProvider: Open with lower FS for /storage/emulated/0/screen_2025-05-31_200906.png. Uid: 10126
05-31 14:57:28.428  3193  3241 I XmpUtil : XMP parse: only JPEG file is supported
05-31 14:57:28.444  1360  6521 I MediaProvider: Open with lower FS for /storage/emulated/0/screen_2025-05-31_200901.png. Uid: 10126
05-31 14:57:28.457  3193  3241 I XmpUtil : XMP parse: only JPEG file is supported
05-31 14:57:28.469  1360  6521 I MediaProvider: Open with lower FS for /storage/emulated/0/screen_2025-05-31_200855.png. Uid: 10126
05-31 14:57:28.483  3193  3241 I XmpUtil : XMP parse: only JPEG file is supported
05-31 14:57:28.489  1360  6521 I MediaProvider: Open with lower FS for /storage/emulated/0/screen_2025-05-31_200850.png. Uid: 10126
05-31 14:57:28.507  3193  3241 I XmpUtil : XMP parse: only JPEG file is supported
05-31 14:57:28.519  1360  6521 I MediaProvider: Open with lower FS for /storage/emulated/0/screen_2025-05-31_200849.png. Uid: 10126
05-31 14:57:28.540  3193  3241 I XmpUtil : XMP parse: only JPEG file is supported
05-31 14:57:28.559  1360  6539 I MediaProvider: Open with lower FS for /storage/emulated/0/screen_2025-05-31_200844.png. Uid: 10126
05-31 14:57:28.572  3193  3241 I XmpUtil : XMP parse: only JPEG file is supported
05-31 14:57:28.586  1360  6539 I MediaProvider: Open with lower FS for /storage/emulated/0/screen_2025-05-31_200838.png. Uid: 10126
05-31 14:57:28.598  3193  3241 I XmpUtil : XMP parse: only JPEG file is supported
05-31 14:57:28.608  1360  6539 I MediaProvider: Open with lower FS for /storage/emulated/0/screen_2025-05-31_200833.png. Uid: 10126
05-31 14:57:28.620  3193  3241 I XmpUtil : XMP parse: only JPEG file is supported
05-31 14:57:28.639  1360  6539 I MediaProvider: Open with lower FS for /storage/emulated/0/screen_2025-05-31_200827.png. Uid: 10126
05-31 14:57:28.650  3193  3241 I XmpUtil : XMP parse: only JPEG file is supported
05-31 14:57:28.659  1360  6539 I MediaProvider: Open with lower FS for /storage/emulated/0/screen_2025-05-31_200822.png. Uid: 10126
05-31 14:57:28.674  3193  3241 I XmpUtil : XMP parse: only JPEG file is supported
05-31 14:57:28.695  1360  6575 I MediaProvider: Open with lower FS for /storage/emulated/0/screen_2025-05-31_200821.png. Uid: 10126
05-31 14:57:28.714  3193  3241 I XmpUtil : XMP parse: only JPEG file is supported
05-31 14:57:28.727  1360  6575 I MediaProvider: Open with lower FS for /storage/emulated/0/screen_2025-05-31_200816.png. Uid: 10126
05-31 14:57:28.738  3193  3241 I XmpUtil : XMP parse: only JPEG file is supported
05-31 14:57:28.749  1360  6575 I MediaProvider: Open with lower FS for /storage/emulated/0/screen_2025-05-31_200810.png. Uid: 10126
05-31 14:57:28.761  3193  3241 I XmpUtil : XMP parse: only JPEG file is supported
05-31 14:57:28.771  1360  6575 I MediaProvider: Open with lower FS for /storage/emulated/0/screen_2025-05-31_200545.png. Uid: 10126
05-31 14:57:28.795  3193  3241 I XmpUtil : XMP parse: only JPEG file is supported
05-31 14:57:28.810  1360  6575 I MediaProvider: Open with lower FS for /storage/emulated/0/screen_2025-05-31_200539.png. Uid: 10126
05-31 14:57:28.828  3193  3241 I XmpUtil : XMP parse: only JPEG file is supported
05-31 14:57:28.836  1360  6767 I MediaProvider: Open with lower FS for /storage/emulated/0/screen_2025-05-31_200534.png. Uid: 10126
05-31 14:57:28.851  3193  3241 I XmpUtil : XMP parse: only JPEG file is supported
05-31 14:57:28.871  1360  6767 I MediaProvider: Open with lower FS for /storage/emulated/0/screen_2025-05-31_200528.png. Uid: 10126
05-31 14:57:28.884  3193  3241 I XmpUtil : XMP parse: only JPEG file is supported
05-31 14:57:28.893  1360  6767 I MediaProvider: Open with lower FS for /storage/emulated/0/screen_2025-05-31_200523.png. Uid: 10126
05-31 14:57:28.910  3193  3241 I XmpUtil : XMP parse: only JPEG file is supported
05-31 14:57:28.932  1360  6575 I MediaProvider: Open with lower FS for /storage/emulated/0/screen_2025-05-31_200522.png. Uid: 10126
05-31 14:57:28.958  3193  3241 I XmpUtil : XMP parse: only JPEG file is supported
05-31 14:57:28.974  1360  6575 I MediaProvider: Open with lower FS for /storage/emulated/0/screen_2025-05-31_200517.png. Uid: 10126
05-31 14:57:28.988  3193  3241 I XmpUtil : XMP parse: only JPEG file is supported
05-31 14:57:29.009  1360  6405 W MediaProvider: isAppCloneUserPair for user 0: false
05-31 14:57:29.016  1360  6575 I MediaProvider: Open with lower FS for /storage/emulated/0/screen_2025-05-31_200511.png. Uid: 10126
05-31 14:57:29.026  3193  3241 I XmpUtil : XMP parse: only JPEG file is supported
05-31 14:57:29.041   181   181 I hwservicemanager: getTransport: Cannot find entry android.hardware.graphics.mapper@4.0::IMapper/default in either framework or device VINTF manifest.
05-31 14:57:29.042 14719 14721 I Gralloc4: mapper 4.x is not supported
05-31 14:57:29.057 13087 13095 I cariapp.mercar: NativeAlloc concurrent copying GC freed 2732(190KB) AllocSpace objects, 0(0B) LOS objects, 49% free, 11MB/22MB, paused 538us,67us total 102.096ms
05-31 14:57:29.058  1360  6575 I MediaProvider: Open with lower FS for /storage/emulated/0/screen_2025-05-31_200506.png. Uid: 10126
05-31 14:57:29.070  3193  3241 I XmpUtil : XMP parse: only JPEG file is supported
05-31 14:57:29.078  1360  6575 I MediaProvider: Open with lower FS for /storage/emulated/0/screen_2025-05-31_200505.png. Uid: 10126
05-31 14:57:29.089  3193  3241 I XmpUtil : XMP parse: only JPEG file is supported
05-31 14:57:29.103  1360  6575 I MediaProvider: Open with lower FS for /storage/emulated/0/screen_2025-05-31_200500.png. Uid: 10126
05-31 14:57:29.124  3193  3241 I XmpUtil : XMP parse: only JPEG file is supported
05-31 14:57:29.134  1360  6767 I MediaProvider: Open with lower FS for /storage/emulated/0/screen_2025-05-31_200454.png. Uid: 10126
05-31 14:57:29.151  3193  3241 I XmpUtil : XMP parse: only JPEG file is supported
05-31 14:57:29.159  1360  6767 I MediaProvider: Open with lower FS for /storage/emulated/0/screen_2025-05-31_200449.png. Uid: 10126
05-31 14:57:29.172  3193  3241 I XmpUtil : XMP parse: only JPEG file is supported
05-31 14:57:29.188  1360  1926 I MediaProvider: Begin Intent { act=android.intent.action.MEDIA_SCANNER_SCAN_FILE dat=file:///sdcard/screen_2025-05-31_225729.png flg=0x1400010 cmp=com.google.android.providers.media.module/com.android.providers.media.MediaService }
05-31 14:57:29.189  1360  6767 I MediaProvider: Open with lower FS for /storage/emulated/0/screen_2025-05-31_200448.png. Uid: 10126
05-31 14:57:29.212  1360  1926 I MediaProvider: End Intent { act=android.intent.action.MEDIA_SCANNER_SCAN_FILE dat=file:///sdcard/screen_2025-05-31_225729.png flg=0x1400010 cmp=com.google.android.providers.media.module/com.android.providers.media.MediaService }
05-31 14:57:29.222  3193  3241 I XmpUtil : XMP parse: only JPEG file is supported
05-31 14:57:29.238  1360  6575 I MediaProvider: Open with lower FS for /storage/emulated/0/screen_2025-05-31_200443.png. Uid: 10126
05-31 14:57:29.259  3193  3241 I XmpUtil : XMP parse: only JPEG file is supported
05-31 14:57:29.263  1360  1692 I MediaProvider: Deleted 0 1 0 0 0 0 0 items on external_primary due to com.android.shell
05-31 14:57:29.270  1166  2130 I UriTaskContentObserver: (REDACTED) Throttling content uri change event for %s
05-31 14:57:29.274  1360  6575 I MediaProvider: Open with lower FS for /storage/emulated/0/screen_2025-05-31_200437.png. Uid: 10126
05-31 14:57:29.289  3193  3241 I XmpUtil : XMP parse: only JPEG file is supported
05-31 14:57:29.299  1360  6575 I MediaProvider: Open with lower FS for /storage/emulated/0/screen_2025-05-31_200352.png. Uid: 10126
05-31 14:57:29.306  3193  3241 I XmpUtil : XMP parse: only JPEG file is supported
05-31 14:57:29.315  1360  6575 I MediaProvider: Open with lower FS for /storage/emulated/0/screen_2025-05-31_200347.png. Uid: 10126
05-31 14:57:29.324  3193  3241 I XmpUtil : XMP parse: only JPEG file is supported
05-31 14:57:29.335  1360  6575 I MediaProvider: Open with lower FS for /storage/emulated/0/screen_2025-05-31_200346.png. Uid: 10126
05-31 14:57:29.345  3193  3241 I XmpUtil : XMP parse: only JPEG file is supported
05-31 14:57:29.356  1360  6575 I MediaProvider: Open with lower FS for /storage/emulated/0/screen_2025-05-31_200341.png. Uid: 10126
05-31 14:57:29.365  3193  3241 I XmpUtil : XMP parse: only JPEG file is supported
05-31 14:57:29.375  1360  6575 I MediaProvider: Open with lower FS for /storage/emulated/0/screen_2025-05-31_200335.png. Uid: 10126
05-31 14:57:29.383  3193  3241 I XmpUtil : XMP parse: only JPEG file is supported
05-31 14:57:29.392  1360  6575 I MediaProvider: Open with lower FS for /storage/emulated/0/screen_2025-05-31_200330.png. Uid: 10126
05-31 14:57:29.405  3193  3241 I XmpUtil : XMP parse: only JPEG file is supported
05-31 14:57:29.411  1360  6575 I MediaProvider: Open with lower FS for /storage/emulated/0/screen_2025-05-31_200329.png. Uid: 10126
05-31 14:57:29.421  3193  3241 I XmpUtil : XMP parse: only JPEG file is supported
05-31 14:57:29.431  1360  6575 I MediaProvider: Open with lower FS for /storage/emulated/0/screen_2025-05-31_200324.png. Uid: 10126
05-31 14:57:29.440  3193  3241 I XmpUtil : XMP parse: only JPEG file is supported
05-31 14:57:29.451  1360  6575 I MediaProvider: Open with lower FS for /storage/emulated/0/screen_2025-05-31_200318.png. Uid: 10126
05-31 14:57:29.462  3193  3241 I XmpUtil : XMP parse: only JPEG file is supported
05-31 14:57:29.476  1360  5800 I MediaProvider: Open with lower FS for /storage/emulated/0/screen_2025-05-31_200313.png. Uid: 10126
05-31 14:57:29.490  3193  3241 I XmpUtil : XMP parse: only JPEG file is supported
05-31 14:57:29.504  1360  5800 I MediaProvider: Open with lower FS for /storage/emulated/0/screen_2025-05-31_200312.png. Uid: 10126
05-31 14:57:29.511  3193  3241 I XmpUtil : XMP parse: only JPEG file is supported
05-31 14:57:29.521  1360  5800 I MediaProvider: Open with lower FS for /storage/emulated/0/screen_2025-05-31_200307.png. Uid: 10126
05-31 14:57:29.529  3193  3241 I XmpUtil : XMP parse: only JPEG file is supported
05-31 14:57:29.537  1360  5800 I MediaProvider: Open with lower FS for /storage/emulated/0/screen_2025-05-31_200306.png. Uid: 10126
05-31 14:57:29.546  3193  3241 I XmpUtil : XMP parse: only JPEG file is supported
05-31 14:57:29.556  1360  5800 I MediaProvider: Open with lower FS for /storage/emulated/0/screen_2025-05-31_200301.png. Uid: 10126
05-31 14:57:29.566  3193  3241 I XmpUtil : XMP parse: only JPEG file is supported
05-31 14:57:29.576  1360  5800 I MediaProvider: Open with lower FS for /storage/emulated/0/screen_2025-05-31_200255.png. Uid: 10126
05-31 14:57:29.588  3193  3241 I XmpUtil : XMP parse: only JPEG file is supported
05-31 14:57:29.604  1360  5800 I MediaProvider: Open with lower FS for /storage/emulated/0/screen_2025-05-31_200250.png. Uid: 10126
05-31 14:57:29.616  3193  3241 I XmpUtil : XMP parse: only JPEG file is supported
05-31 14:57:29.642  1360  5800 I MediaProvider: Open with lower FS for /storage/emulated/0/screen_2025-05-31_200249.png. Uid: 10126
05-31 14:57:29.653  3193  3241 I XmpUtil : XMP parse: only JPEG file is supported
05-31 14:57:29.673  1360  5800 I MediaProvider: Open with lower FS for /storage/emulated/0/screen_2025-05-31_200244.png. Uid: 10126
05-31 14:57:29.681  3193  3241 I XmpUtil : XMP parse: only JPEG file is supported
05-31 14:57:29.692  1360  6575 I MediaProvider: Open with lower FS for /storage/emulated/0/screen_2025-05-31_200238.png. Uid: 10126
05-31 14:57:29.702  3193  3241 I XmpUtil : XMP parse: only JPEG file is supported
05-31 14:57:29.719  1360  6575 I MediaProvider: Open with lower FS for /storage/emulated/0/screen_2025-05-31_194810.png. Uid: 10126
05-31 14:57:29.739  3193  3241 I XmpUtil : XMP parse: only JPEG file is supported
05-31 14:57:29.749  1360  6575 I MediaProvider: Open with lower FS for /storage/emulated/0/screen_2025-05-31_194805.png. Uid: 10126
05-31 14:57:29.780  3193  3241 I XmpUtil : XMP parse: only JPEG file is supported
05-31 14:57:29.802  1360  6575 I MediaProvider: Open with lower FS for /storage/emulated/0/screen_2025-05-31_194804.png. Uid: 10126
05-31 14:57:29.823  3193  3241 I XmpUtil : XMP parse: only JPEG file is supported
05-31 14:57:29.849  1360  6405 W MediaProvider: isAppCloneUserPair for user 0: false
05-31 14:57:29.851  1360  6575 I MediaProvider: Open with lower FS for /storage/emulated/0/screen_2025-05-31_194759.png. Uid: 10126
05-31 14:57:29.875  3193  3241 I XmpUtil : XMP parse: only JPEG file is supported
05-31 14:57:29.875   181   181 I hwservicemanager: getTransport: Cannot find entry android.hardware.graphics.mapper@4.0::IMapper/default in either framework or device VINTF manifest.
05-31 14:57:29.876 14758 14760 I Gralloc4: mapper 4.x is not supported
05-31 14:57:29.902  1360  9052 I MediaProvider: Open with lower FS for /storage/emulated/0/screen_2025-05-31_194732.png. Uid: 10126
05-31 14:57:29.912  3193  3241 I XmpUtil : XMP parse: only JPEG file is supported
05-31 14:57:29.919  1360  5800 I MediaProvider: Open with lower FS for /storage/emulated/0/screen_2025-05-31_194727.png. Uid: 10126
05-31 14:57:29.929  3193  3241 I XmpUtil : XMP parse: only JPEG file is supported
05-31 14:57:29.940  1360  6575 I MediaProvider: Open with lower FS for /storage/emulated/0/screen_2025-05-31_194726.png. Uid: 10126
05-31 14:57:29.954  3193  3241 I XmpUtil : XMP parse: only JPEG file is supported
05-31 14:57:29.964  1360  9052 I MediaProvider: Open with lower FS for /storage/emulated/0/screen_2025-05-31_194721.png. Uid: 10126
05-31 14:57:29.980  3193  3241 I XmpUtil : XMP parse: only JPEG file is supported
05-31 14:57:29.989  1360  9052 I MediaProvider: Open with lower FS for /storage/emulated/0/screen_2025-05-31_194715.png. Uid: 10126
05-31 14:57:29.999  3193  3241 I XmpUtil : XMP parse: only JPEG file is supported
05-31 14:57:30.005  1360  9052 I MediaProvider: Open with lower FS for /storage/emulated/0/screen_2025-05-31_194709.png. Uid: 10126
05-31 14:57:30.016  3193  3241 I XmpUtil : XMP parse: only JPEG file is supported
05-31 14:57:30.023  1360  9052 I MediaProvider: Open with lower FS for /storage/emulated/0/screen_2025-05-31_194704.png. Uid: 10126
05-31 14:57:30.028  1360  1926 I MediaProvider: Begin Intent { act=android.intent.action.MEDIA_SCANNER_SCAN_FILE dat=file:///sdcard/screen_2025-05-31_225730.png flg=0x1400010 cmp=com.google.android.providers.media.module/com.android.providers.media.MediaService }
05-31 14:57:30.030  3193  3241 I XmpUtil : XMP parse: only JPEG file is supported
05-31 14:57:30.039  1360  1926 I MediaProvider: End Intent { act=android.intent.action.MEDIA_SCANNER_SCAN_FILE dat=file:///sdcard/screen_2025-05-31_225730.png flg=0x1400010 cmp=com.google.android.providers.media.module/com.android.providers.media.MediaService }
05-31 14:57:30.040  1360  6575 I MediaProvider: Open with lower FS for /storage/emulated/0/screen_2025-05-31_194658.png. Uid: 10126
05-31 14:57:30.049  3193  3241 I XmpUtil : XMP parse: only JPEG file is supported
05-31 14:57:30.073  1360  6575 I MediaProvider: Open with lower FS for /storage/emulated/0/screen_2025-05-31_194653.png. Uid: 10126
05-31 14:57:30.127  3193  3241 I XmpUtil : XMP parse: only JPEG file is supported
05-31 14:57:30.140  1360  6409 I MediaProvider: Deleted 0 1 0 0 0 0 0 items on external_primary due to com.android.shell
05-31 14:57:30.174  3193  3241 I XmpUtil : XMP parse: only JPEG file is supported
05-31 14:57:30.201  1360  6575 I MediaProvider: Open with lower FS for /storage/emulated/0/screen_2025-05-31_200917.png. Uid: 10126
05-31 14:57:30.220  3193  3241 I XmpUtil : XMP parse: only JPEG file is supported
05-31 14:57:30.229  1360  6575 I MediaProvider: Open with lower FS for /storage/emulated/0/screen_2025-05-31_200912.png. Uid: 10126
05-31 14:57:30.238  3193  3241 I XmpUtil : XMP parse: only JPEG file is supported
05-31 14:57:30.253  1360  5800 I MediaProvider: Open with lower FS for /storage/emulated/0/screen_2025-05-31_200906.png. Uid: 10126
05-31 14:57:30.260  3193  3241 I XmpUtil : XMP parse: only JPEG file is supported
05-31 14:57:30.270  7079 14774 I ProvidersCache: Provider returned no roots. Possibly naughty: com.google.android.apps.docs.storage
05-31 14:57:30.280  1360  6575 I MediaProvider: Open with lower FS for /storage/emulated/0/screen_2025-05-31_200901.png. Uid: 10126
05-31 14:57:30.295  3193  3241 I XmpUtil : XMP parse: only JPEG file is supported
05-31 14:57:30.313  1360  6575 I MediaProvider: Open with lower FS for /storage/emulated/0/screen_2025-05-31_200855.png. Uid: 10126
05-31 14:57:30.336  3193  3241 I XmpUtil : XMP parse: only JPEG file is supported
05-31 14:57:30.355  1360  6575 I MediaProvider: Open with lower FS for /storage/emulated/0/screen_2025-05-31_200850.png. Uid: 10126
05-31 14:57:30.363  3193  3241 I XmpUtil : XMP parse: only JPEG file is supported
05-31 14:57:30.403  1360  6575 I MediaProvider: Open with lower FS for /storage/emulated/0/screen_2025-05-31_200849.png. Uid: 10126
05-31 14:57:30.413  3193  3241 I XmpUtil : XMP parse: only JPEG file is supported
05-31 14:57:30.425  1360  6575 I MediaProvider: Open with lower FS for /storage/emulated/0/screen_2025-05-31_200844.png. Uid: 10126
05-31 14:57:30.439  3193  3241 I XmpUtil : XMP parse: only JPEG file is supported
05-31 14:57:30.457  1360  6575 I MediaProvider: Open with lower FS for /storage/emulated/0/screen_2025-05-31_200838.png. Uid: 10126
05-31 14:57:30.480  3193  3241 I XmpUtil : XMP parse: only JPEG file is supported
05-31 14:57:30.495  1360  6575 I MediaProvider: Open with lower FS for /storage/emulated/0/screen_2025-05-31_200833.png. Uid: 10126
05-31 14:57:30.513  3193  3241 I XmpUtil : XMP parse: only JPEG file is supported
05-31 14:57:30.523  1360  6575 I MediaProvider: Open with lower FS for /storage/emulated/0/screen_2025-05-31_200827.png. Uid: 10126
05-31 14:57:30.546  3193  3241 I XmpUtil : XMP parse: only JPEG file is supported
05-31 14:57:30.567  1360  6575 I MediaProvider: Open with lower FS for /storage/emulated/0/screen_2025-05-31_200822.png. Uid: 10126
05-31 14:57:30.581  3193  3241 I XmpUtil : XMP parse: only JPEG file is supported
05-31 14:57:30.593  1360  5800 I MediaProvider: Open with lower FS for /storage/emulated/0/screen_2025-05-31_200821.png. Uid: 10126
05-31 14:57:30.604  3193  3241 I XmpUtil : XMP parse: only JPEG file is supported
05-31 14:57:30.630  1360  5800 I MediaProvider: Open with lower FS for /storage/emulated/0/screen_2025-05-31_200816.png. Uid: 10126
05-31 14:57:30.652  3193  3241 I XmpUtil : XMP parse: only JPEG file is supported
05-31 14:57:30.667  1360  5800 I MediaProvider: Open with lower FS for /storage/emulated/0/screen_2025-05-31_200810.png. Uid: 10126
05-31 14:57:30.676  3193  3241 I XmpUtil : XMP parse: only JPEG file is supported
05-31 14:57:30.694  1360  5800 I MediaProvider: Open with lower FS for /storage/emulated/0/screen_2025-05-31_200545.png. Uid: 10126
05-31 14:57:30.708  3193  3241 I XmpUtil : XMP parse: only JPEG file is supported
05-31 14:57:30.731  1360  1472 W MediaProvider: isAppCloneUserPair for user 0: false
05-31 14:57:30.756  1360  6757 I MediaProvider: Open with lower FS for /storage/emulated/0/screen_2025-05-31_200539.png. Uid: 10126
05-31 14:57:30.760   181   181 I hwservicemanager: getTransport: Cannot find entry android.hardware.graphics.mapper@4.0::IMapper/default in either framework or device VINTF manifest.
05-31 14:57:30.760 14803 14805 I Gralloc4: mapper 4.x is not supported
05-31 14:57:30.820  3193  3241 I XmpUtil : XMP parse: only JPEG file is supported
05-31 14:57:30.833  1360  6757 I MediaProvider: Open with lower FS for /storage/emulated/0/screen_2025-05-31_200534.png. Uid: 10126
05-31 14:57:30.844  3193  3241 I XmpUtil : XMP parse: only JPEG file is supported
05-31 14:57:30.855  1360  6757 I MediaProvider: Open with lower FS for /storage/emulated/0/screen_2025-05-31_200528.png. Uid: 10126
05-31 14:57:30.863  3193  3241 I XmpUtil : XMP parse: only JPEG file is supported
05-31 14:57:30.871  1360  6757 I MediaProvider: Open with lower FS for /storage/emulated/0/screen_2025-05-31_200523.png. Uid: 10126
05-31 14:57:30.878  3193  3241 I XmpUtil : XMP parse: only JPEG file is supported
05-31 14:57:30.887  1360  6757 I MediaProvider: Open with lower FS for /storage/emulated/0/screen_2025-05-31_200522.png. Uid: 10126
05-31 14:57:30.895  3193  3241 I XmpUtil : XMP parse: only JPEG file is supported
05-31 14:57:30.902  1360  1926 I MediaProvider: Begin Intent { act=android.intent.action.MEDIA_SCANNER_SCAN_FILE dat=file:///sdcard/screen_2025-05-31_225730.png flg=0x1400010 cmp=com.google.android.providers.media.module/com.android.providers.media.MediaService }
05-31 14:57:30.906  1360  1926 I MediaProvider: End Intent { act=android.intent.action.MEDIA_SCANNER_SCAN_FILE dat=file:///sdcard/screen_2025-05-31_225730.png flg=0x1400010 cmp=com.google.android.providers.media.module/com.android.providers.media.MediaService }
05-31 14:57:30.908  1360  6408 I MediaProvider: Open with lower FS for /storage/emulated/0/screen_2025-05-31_200517.png. Uid: 10126
05-31 14:57:30.919  3193  3241 I XmpUtil : XMP parse: only JPEG file is supported
05-31 14:57:30.928  1360  6408 I MediaProvider: Open with lower FS for /storage/emulated/0/screen_2025-05-31_200511.png. Uid: 10126
05-31 14:57:30.940  3193  3241 I XmpUtil : XMP parse: only JPEG file is supported
05-31 14:57:30.951  1360  6408 I MediaProvider: Open with lower FS for /storage/emulated/0/screen_2025-05-31_200506.png. Uid: 10126
05-31 14:57:30.962  3193  3241 I XmpUtil : XMP parse: only JPEG file is supported
05-31 14:57:30.972  1360  6408 I MediaProvider: Open with lower FS for /storage/emulated/0/screen_2025-05-31_200505.png. Uid: 10126
05-31 14:57:30.974  1360  6405 I MediaProvider: Deleted 0 1 0 0 0 0 0 items on external_primary due to com.android.shell
05-31 14:57:30.976  1166  2130 I UriTaskContentObserver: (REDACTED) Throttling content uri change event for %s
05-31 14:57:30.981  3193  3241 I XmpUtil : XMP parse: only JPEG file is supported
05-31 14:57:30.991  1360  6408 I MediaProvider: Open with lower FS for /storage/emulated/0/screen_2025-05-31_200500.png. Uid: 10126
05-31 14:57:31.000  3193  3241 I XmpUtil : XMP parse: only JPEG file is supported
05-31 14:57:31.011  1360  6408 I MediaProvider: Open with lower FS for /storage/emulated/0/screen_2025-05-31_200454.png. Uid: 10126
05-31 14:57:31.021  3193  3241 I XmpUtil : XMP parse: only JPEG file is supported
05-31 14:57:31.030  1360  6408 I MediaProvider: Open with lower FS for /storage/emulated/0/screen_2025-05-31_200449.png. Uid: 10126
05-31 14:57:31.039  3193  3241 I XmpUtil : XMP parse: only JPEG file is supported
05-31 14:57:31.050  1360  6408 I MediaProvider: Open with lower FS for /storage/emulated/0/screen_2025-05-31_200448.png. Uid: 10126
05-31 14:57:31.059  3193  3241 I XmpUtil : XMP parse: only JPEG file is supported
05-31 14:57:31.070  1360  6408 I MediaProvider: Open with lower FS for /storage/emulated/0/screen_2025-05-31_200443.png. Uid: 10126
05-31 14:57:31.078  3193  3241 I XmpUtil : XMP parse: only JPEG file is supported
05-31 14:57:31.087  1360  6408 I MediaProvider: Open with lower FS for /storage/emulated/0/screen_2025-05-31_200437.png. Uid: 10126
05-31 14:57:31.097  3193  3241 I XmpUtil : XMP parse: only JPEG file is supported
05-31 14:57:31.106  1360  6408 I MediaProvider: Open with lower FS for /storage/emulated/0/screen_2025-05-31_200352.png. Uid: 10126
05-31 14:57:31.115  3193  3241 I XmpUtil : XMP parse: only JPEG file is supported
05-31 14:57:31.125  1360  6408 I MediaProvider: Open with lower FS for /storage/emulated/0/screen_2025-05-31_200347.png. Uid: 10126
05-31 14:57:31.135  3193  3241 I XmpUtil : XMP parse: only JPEG file is supported
05-31 14:57:31.144  1360  6408 I MediaProvider: Open with lower FS for /storage/emulated/0/screen_2025-05-31_200346.png. Uid: 10126
05-31 14:57:31.157  3193  3241 I XmpUtil : XMP parse: only JPEG file is supported
05-31 14:57:31.171  1360  6408 I MediaProvider: Open with lower FS for /storage/emulated/0/screen_2025-05-31_200341.png. Uid: 10126
05-31 14:57:31.182  3193  3241 I XmpUtil : XMP parse: only JPEG file is supported
05-31 14:57:31.204  1360  6408 I MediaProvider: Open with lower FS for /storage/emulated/0/screen_2025-05-31_200335.png. Uid: 10126
05-31 14:57:31.217  3193  3241 I XmpUtil : XMP parse: only JPEG file is supported
05-31 14:57:31.225  1360  6408 I MediaProvider: Open with lower FS for /storage/emulated/0/screen_2025-05-31_200330.png. Uid: 10126
05-31 14:57:31.243  7079 14831 I ProvidersCache: Provider returned no roots. Possibly naughty: com.google.android.apps.docs.storage
05-31 14:57:31.276  3193  3241 I XmpUtil : XMP parse: only JPEG file is supported
05-31 14:57:31.290  1360  6402 I MediaProvider: Open with lower FS for /storage/emulated/0/screen_2025-05-31_200329.png. Uid: 10126
05-31 14:57:31.301  3193  3241 I XmpUtil : XMP parse: only JPEG file is supported
05-31 14:57:31.316  1360  6402 I MediaProvider: Open with lower FS for /storage/emulated/0/screen_2025-05-31_200324.png. Uid: 10126
05-31 14:57:31.336  3193  3241 I XmpUtil : XMP parse: only JPEG file is supported
05-31 14:57:31.358  1360  6402 I MediaProvider: Open with lower FS for /storage/emulated/0/screen_2025-05-31_200318.png. Uid: 10126
05-31 14:57:31.375  3193  3241 I XmpUtil : XMP parse: only JPEG file is supported
05-31 14:57:31.392  1360  6402 I MediaProvider: Open with lower FS for /storage/emulated/0/screen_2025-05-31_200313.png. Uid: 10126
05-31 14:57:31.408  3193  3241 I XmpUtil : XMP parse: only JPEG file is supported
05-31 14:57:31.422  1360  6402 I MediaProvider: Open with lower FS for /storage/emulated/0/screen_2025-05-31_200312.png. Uid: 10126
05-31 14:57:31.435  3193  3241 I XmpUtil : XMP parse: only JPEG file is supported
05-31 14:57:31.462  1360  6408 I MediaProvider: Open with lower FS for /storage/emulated/0/screen_2025-05-31_200307.png. Uid: 10126
05-31 14:57:31.481  3193  3241 I XmpUtil : XMP parse: only JPEG file is supported
05-31 14:57:31.501  1360  6408 I MediaProvider: Open with lower FS for /storage/emulated/0/screen_2025-05-31_200306.png. Uid: 10126
05-31 14:57:31.516  3193  3241 I XmpUtil : XMP parse: only JPEG file is supported
05-31 14:57:31.534  1360  6408 I MediaProvider: Open with lower FS for /storage/emulated/0/screen_2025-05-31_200301.png. Uid: 10126
05-31 14:57:31.550  3193  3241 I XmpUtil : XMP parse: only JPEG file is supported
05-31 14:57:31.559  1360  6408 I MediaProvider: Open with lower FS for /storage/emulated/0/screen_2025-05-31_200255.png. Uid: 10126
05-31 14:57:31.574  3193  3241 I XmpUtil : XMP parse: only JPEG file is supported
05-31 14:57:31.588  1360  6408 I MediaProvider: Open with lower FS for /storage/emulated/0/screen_2025-05-31_200250.png. Uid: 10126
05-31 14:57:31.596  3193  3241 I XmpUtil : XMP parse: only JPEG file is supported
05-31 14:57:31.607  1360  6408 I MediaProvider: Open with lower FS for /storage/emulated/0/screen_2025-05-31_200249.png. Uid: 10126
05-31 14:57:31.621  3193  3241 I XmpUtil : XMP parse: only JPEG file is supported
05-31 14:57:31.633  1360  6402 I MediaProvider: Open with lower FS for /storage/emulated/0/screen_2025-05-31_200244.png. Uid: 10126
05-31 14:57:31.639  3193  3241 I XmpUtil : XMP parse: only JPEG file is supported
05-31 14:57:31.654  1360  6402 I MediaProvider: Open with lower FS for /storage/emulated/0/screen_2025-05-31_200238.png. Uid: 10126
05-31 14:57:31.671  3193  3241 I XmpUtil : XMP parse: only JPEG file is supported
05-31 14:57:31.685  1360  6408 I MediaProvider: Open with lower FS for /storage/emulated/0/screen_2025-05-31_194810.png. Uid: 10126
05-31 14:57:31.704  3193  3241 I XmpUtil : XMP parse: only JPEG file is supported
05-31 14:57:31.738  1360  6402 I MediaProvider: Open with lower FS for /storage/emulated/0/screen_2025-05-31_194805.png. Uid: 10126
05-31 14:57:31.751  3193  3241 I XmpUtil : XMP parse: only JPEG file is supported
05-31 14:57:31.772  1360  6402 I MediaProvider: Open with lower FS for /storage/emulated/0/screen_2025-05-31_194804.png. Uid: 10126
05-31 14:57:31.790  3193  3241 I XmpUtil : XMP parse: only JPEG file is supported
05-31 14:57:31.804  1360  6402 I MediaProvider: Open with lower FS for /storage/emulated/0/screen_2025-05-31_194759.png. Uid: 10126
05-31 14:57:31.822  3193  3241 I XmpUtil : XMP parse: only JPEG file is supported
05-31 14:57:31.839  1360  6402 I MediaProvider: Open with lower FS for /storage/emulated/0/screen_2025-05-31_194732.png. Uid: 10126
05-31 14:57:31.851  3193  3241 I XmpUtil : XMP parse: only JPEG file is supported
05-31 14:57:31.869  1360  6402 I MediaProvider: Open with lower FS for /storage/emulated/0/screen_2025-05-31_194727.png. Uid: 10126
05-31 14:57:31.884  3193  3241 I XmpUtil : XMP parse: only JPEG file is supported
05-31 14:57:31.911  1360  6402 I MediaProvider: Open with lower FS for /storage/emulated/0/screen_2025-05-31_194726.png. Uid: 10126
05-31 14:57:31.936  3193  3241 I XmpUtil : XMP parse: only JPEG file is supported
05-31 14:57:31.949  1360  6402 I MediaProvider: Open with lower FS for /storage/emulated/0/screen_2025-05-31_194721.png. Uid: 10126
05-31 14:57:31.963  3193  3241 I XmpUtil : XMP parse: only JPEG file is supported
05-31 14:57:31.976  1360  6402 I MediaProvider: Open with lower FS for /storage/emulated/0/screen_2025-05-31_194715.png. Uid: 10126
05-31 14:57:31.983  3193  3241 I XmpUtil : XMP parse: only JPEG file is supported
05-31 14:57:31.984  7079 14887 I ProvidersCache: Provider returned no roots. Possibly naughty: com.google.android.apps.docs.storage
05-31 14:57:32.001  1360  6402 I MediaProvider: Open with lower FS for /storage/emulated/0/screen_2025-05-31_194709.png. Uid: 10126
05-31 14:57:32.010  3193  3241 I XmpUtil : XMP parse: only JPEG file is supported
05-31 14:57:32.021  1360  6402 I MediaProvider: Open with lower FS for /storage/emulated/0/screen_2025-05-31_194704.png. Uid: 10126
05-31 14:57:32.041  3193  3241 I XmpUtil : XMP parse: only JPEG file is supported
05-31 14:57:32.059  1360  6402 I MediaProvider: Open with lower FS for /storage/emulated/0/screen_2025-05-31_194658.png. Uid: 10126
05-31 14:57:32.072  3193  3241 I XmpUtil : XMP parse: only JPEG file is supported
05-31 14:57:32.087  1360  6402 I MediaProvider: Open with lower FS for /storage/emulated/0/screen_2025-05-31_194653.png. Uid: 10126
05-31 14:57:32.123  3193  3241 I XmpUtil : XMP parse: only JPEG file is supported
05-31 14:57:32.140  1360  6402 I MediaProvider: Open with lower FS for /storage/emulated/0/screen_2025-05-31_194653.png. Uid: 10126
05-31 14:57:32.158  3193  3241 I XmpUtil : XMP parse: only JPEG file is supported
05-31 14:57:32.180  1360  6402 I MediaProvider: Open with lower FS for /storage/emulated/0/screen_2025-05-31_194658.png. Uid: 10126
05-31 14:57:32.190  3193  3241 I XmpUtil : XMP parse: only JPEG file is supported
05-31 14:57:32.203  1360  6402 I MediaProvider: Open with lower FS for /storage/emulated/0/screen_2025-05-31_194704.png. Uid: 10126
05-31 14:57:32.213  3193  3241 I XmpUtil : XMP parse: only JPEG file is supported
05-31 14:57:32.222 13087 13087 E cariapp.mercar: Invalid ID 0x00000025.
05-31 14:57:32.224  1360  6402 I MediaProvider: Open with lower FS for /storage/emulated/0/screen_2025-05-31_194709.png. Uid: 10126
05-31 14:57:32.238  3193  3241 I XmpUtil : XMP parse: only JPEG file is supported
05-31 14:57:32.258  1360  6402 I MediaProvider: Open with lower FS for /storage/emulated/0/screen_2025-05-31_194715.png. Uid: 10126
05-31 14:57:32.275  3193  3241 I XmpUtil : XMP parse: only JPEG file is supported
05-31 14:57:32.287  1360  6402 I MediaProvider: Open with lower FS for /storage/emulated/0/screen_2025-05-31_194721.png. Uid: 10126
05-31 14:57:32.297  3193  3241 I XmpUtil : XMP parse: only JPEG file is supported
05-31 14:57:32.312  1360  6402 I MediaProvider: Open with lower FS for /storage/emulated/0/screen_2025-05-31_194726.png. Uid: 10126
05-31 14:57:32.324  3193  3241 I XmpUtil : XMP parse: only JPEG file is supported
05-31 14:57:32.335  1360  6402 I MediaProvider: Open with lower FS for /storage/emulated/0/screen_2025-05-31_194727.png. Uid: 10126
05-31 14:57:32.346  3193  3241 I XmpUtil : XMP parse: only JPEG file is supported
05-31 14:57:32.368  1360  9052 I MediaProvider: Open with lower FS for /storage/emulated/0/screen_2025-05-31_194732.png. Uid: 10126
05-31 14:57:32.385  3193  3241 I XmpUtil : XMP parse: only JPEG file is supported
05-31 14:57:32.393  1360  9052 I MediaProvider: Open with lower FS for /storage/emulated/0/screen_2025-05-31_194759.png. Uid: 10126
05-31 14:57:32.406  3193  3241 I XmpUtil : XMP parse: only JPEG file is supported
05-31 14:57:32.416  1360  9052 I MediaProvider: Open with lower FS for /storage/emulated/0/screen_2025-05-31_194804.png. Uid: 10126
05-31 14:57:32.424  3193  3241 I XmpUtil : XMP parse: only JPEG file is supported
05-31 14:57:32.433  1360  9052 I MediaProvider: Open with lower FS for /storage/emulated/0/screen_2025-05-31_194805.png. Uid: 10126
05-31 14:57:32.441  3193  3241 I XmpUtil : XMP parse: only JPEG file is supported
05-31 14:57:32.449  1360  9052 I MediaProvider: Open with lower FS for /storage/emulated/0/screen_2025-05-31_194810.png. Uid: 10126
05-31 14:57:32.457  3193  3241 I XmpUtil : XMP parse: only JPEG file is supported
05-31 14:57:32.471  1360  9052 I MediaProvider: Open with lower FS for /storage/emulated/0/screen_2025-05-31_200238.png. Uid: 10126
05-31 14:57:32.479  3193  3241 I XmpUtil : XMP parse: only JPEG file is supported
05-31 14:57:32.487  1360  9052 I MediaProvider: Open with lower FS for /storage/emulated/0/screen_2025-05-31_200244.png. Uid: 10126
05-31 14:57:32.494  3193  3241 I XmpUtil : XMP parse: only JPEG file is supported
05-31 14:57:32.502  1360  9052 I MediaProvider: Open with lower FS for /storage/emulated/0/screen_2025-05-31_200249.png. Uid: 10126
05-31 14:57:32.510  3193  3241 I XmpUtil : XMP parse: only JPEG file is supported
05-31 14:57:32.519  1360  9052 I MediaProvider: Open with lower FS for /storage/emulated/0/screen_2025-05-31_200250.png. Uid: 10126
05-31 14:57:32.528  3193  3241 I XmpUtil : XMP parse: only JPEG file is supported
05-31 14:57:32.538  1360  9052 I MediaProvider: Open with lower FS for /storage/emulated/0/screen_2025-05-31_200255.png. Uid: 10126
05-31 14:57:32.546  3193  3241 I XmpUtil : XMP parse: only JPEG file is supported
05-31 14:57:32.554  1360  9052 I MediaProvider: Open with lower FS for /storage/emulated/0/screen_2025-05-31_200301.png. Uid: 10126
05-31 14:57:32.563  3193  3241 I XmpUtil : XMP parse: only JPEG file is supported
05-31 14:57:32.572  1360  9052 I MediaProvider: Open with lower FS for /storage/emulated/0/screen_2025-05-31_200306.png. Uid: 10126
05-31 14:57:32.579  3193  3241 I XmpUtil : XMP parse: only JPEG file is supported
05-31 14:57:32.588  1360  9052 I MediaProvider: Open with lower FS for /storage/emulated/0/screen_2025-05-31_200307.png. Uid: 10126
05-31 14:57:32.595  3193  3241 I XmpUtil : XMP parse: only JPEG file is supported
05-31 14:57:32.606  1360  9052 I MediaProvider: Open with lower FS for /storage/emulated/0/screen_2025-05-31_200312.png. Uid: 10126
05-31 14:57:32.614  3193  3241 I XmpUtil : XMP parse: only JPEG file is supported
05-31 14:57:32.624  1360  9052 I MediaProvider: Open with lower FS for /storage/emulated/0/screen_2025-05-31_200313.png. Uid: 10126
05-31 14:57:32.633  3193  3241 I XmpUtil : XMP parse: only JPEG file is supported
05-31 14:57:32.642  1360  9052 I MediaProvider: Open with lower FS for /storage/emulated/0/screen_2025-05-31_200318.png. Uid: 10126
05-31 14:57:32.651  3193  3241 I XmpUtil : XMP parse: only JPEG file is supported
05-31 14:57:32.659  1360  9052 I MediaProvider: Open with lower FS for /storage/emulated/0/screen_2025-05-31_200324.png. Uid: 10126
05-31 14:57:32.672  3193  3241 I XmpUtil : XMP parse: only JPEG file is supported
05-31 14:57:32.676  1360  9052 I MediaProvider: Open with lower FS for /storage/emulated/0/screen_2025-05-31_200329.png. Uid: 10126
05-31 14:57:32.684  3193  3241 I XmpUtil : XMP parse: only JPEG file is supported
05-31 14:57:32.694  1360  9052 I MediaProvider: Open with lower FS for /storage/emulated/0/screen_2025-05-31_200330.png. Uid: 10126
05-31 14:57:32.706  3193  3241 I XmpUtil : XMP parse: only JPEG file is supported
05-31 14:57:32.727  1360  9052 I MediaProvider: Open with lower FS for /storage/emulated/0/screen_2025-05-31_200335.png. Uid: 10126
05-31 14:57:32.759  3193  3241 I XmpUtil : XMP parse: only JPEG file is supported
05-31 14:57:32.779  1360  9052 I MediaProvider: Open with lower FS for /storage/emulated/0/screen_2025-05-31_200341.png. Uid: 10126
05-31 14:57:32.796  3193  3241 I XmpUtil : XMP parse: only JPEG file is supported
05-31 14:57:32.813  1360  9052 I MediaProvider: Open with lower FS for /storage/emulated/0/screen_2025-05-31_200346.png. Uid: 10126
05-31 14:57:32.838  3193  3241 I XmpUtil : XMP parse: only JPEG file is supported
05-31 14:57:32.845  1360  9052 I MediaProvider: Open with lower FS for /storage/emulated/0/screen_2025-05-31_200347.png. Uid: 10126
05-31 14:57:32.867  3193  3241 I XmpUtil : XMP parse: only JPEG file is supported
05-31 14:57:32.886  1360  9052 I MediaProvider: Open with lower FS for /storage/emulated/0/screen_2025-05-31_200352.png. Uid: 10126
05-31 14:57:32.894 13087 13095 I cariapp.mercar: NativeAlloc concurrent copying GC freed 4375(283KB) AllocSpace objects, 0(0B) LOS objects, 49% free, 11MB/22MB, paused 1.594ms,105us total 100.396ms
05-31 14:57:32.900  3193  3241 I XmpUtil : XMP parse: only JPEG file is supported
05-31 14:57:32.921  1360  9052 I MediaProvider: Open with lower FS for /storage/emulated/0/screen_2025-05-31_200437.png. Uid: 10126
05-31 14:57:32.939  3193  3241 I XmpUtil : XMP parse: only JPEG file is supported
05-31 14:57:32.955  1360  9052 I MediaProvider: Open with lower FS for /storage/emulated/0/screen_2025-05-31_200443.png. Uid: 10126
05-31 14:57:32.966  3193  3241 I XmpUtil : XMP parse: only JPEG file is supported
05-31 14:57:32.981  1360  9052 I MediaProvider: Open with lower FS for /storage/emulated/0/screen_2025-05-31_200448.png. Uid: 10126
05-31 14:57:32.994  3193  3241 I XmpUtil : XMP parse: only JPEG file is supported
05-31 14:57:33.008  1360  9052 I MediaProvider: Open with lower FS for /storage/emulated/0/screen_2025-05-31_200449.png. Uid: 10126
05-31 14:57:33.024  3193  3241 I XmpUtil : XMP parse: only JPEG file is supported
05-31 14:57:33.038  1360  9052 I MediaProvider: Open with lower FS for /storage/emulated/0/screen_2025-05-31_200454.png. Uid: 10126
05-31 14:57:33.049  3193  3241 I XmpUtil : XMP parse: only JPEG file is supported
05-31 14:57:33.057  1360  6514 I MediaProvider: Open with lower FS for /storage/emulated/0/screen_2025-05-31_200500.png. Uid: 10126
05-31 14:57:33.080  3193  3241 I XmpUtil : XMP parse: only JPEG file is supported
05-31 14:57:33.091  1360  6514 I MediaProvider: Open with lower FS for /storage/emulated/0/screen_2025-05-31_200505.png. Uid: 10126
05-31 14:57:33.109  3193  3241 I XmpUtil : XMP parse: only JPEG file is supported
05-31 14:57:33.131  1360  6514 I MediaProvider: Open with lower FS for /storage/emulated/0/screen_2025-05-31_200506.png. Uid: 10126
05-31 14:57:33.146  3193  3241 I XmpUtil : XMP parse: only JPEG file is supported
05-31 14:57:33.172  1360  6514 I MediaProvider: Open with lower FS for /storage/emulated/0/screen_2025-05-31_200511.png. Uid: 10126
05-31 14:57:33.183  3193  3241 I XmpUtil : XMP parse: only JPEG file is supported
05-31 14:57:33.198  1360  6514 I MediaProvider: Open with lower FS for /storage/emulated/0/screen_2025-05-31_200517.png. Uid: 10126
05-31 14:57:33.206  3193  3241 I XmpUtil : XMP parse: only JPEG file is supported
05-31 14:57:33.215  1360  6514 I MediaProvider: Open with lower FS for /storage/emulated/0/screen_2025-05-31_200522.png. Uid: 10126
05-31 14:57:33.236  3193  3241 I XmpUtil : XMP parse: only JPEG file is supported
05-31 14:57:33.247  1360  9052 I MediaProvider: Open with lower FS for /storage/emulated/0/screen_2025-05-31_200523.png. Uid: 10126
05-31 14:57:33.258  3193  3241 I XmpUtil : XMP parse: only JPEG file is supported
05-31 14:57:33.270  1360  9052 I MediaProvider: Open with lower FS for /storage/emulated/0/screen_2025-05-31_200528.png. Uid: 10126
05-31 14:57:33.277  3193  3241 I XmpUtil : XMP parse: only JPEG file is supported
05-31 14:57:33.291  1360  9052 I MediaProvider: Open with lower FS for /storage/emulated/0/screen_2025-05-31_200534.png. Uid: 10126
05-31 14:57:33.308  3193  3241 I XmpUtil : XMP parse: only JPEG file is supported
05-31 14:57:33.338  1360  9052 I MediaProvider: Open with lower FS for /storage/emulated/0/screen_2025-05-31_200539.png. Uid: 10126
05-31 14:57:33.353  3193  3241 I XmpUtil : XMP parse: only JPEG file is supported
05-31 14:57:33.376  1360  9052 I MediaProvider: Open with lower FS for /storage/emulated/0/screen_2025-05-31_200545.png. Uid: 10126
05-31 14:57:33.394  3193  3241 I XmpUtil : XMP parse: only JPEG file is supported
05-31 14:57:33.405  1360  9052 I MediaProvider: Open with lower FS for /storage/emulated/0/screen_2025-05-31_200810.png. Uid: 10126
05-31 14:57:33.414  3193  3241 I XmpUtil : XMP parse: only JPEG file is supported
05-31 14:57:33.428  1360  1388 I MediaProvider: Open with lower FS for /storage/emulated/0/screen_2025-05-31_200816.png. Uid: 10126
05-31 14:57:33.435  3193  3241 I XmpUtil : XMP parse: only JPEG file is supported
05-31 14:57:33.442  1360  1388 I MediaProvider: Open with lower FS for /storage/emulated/0/screen_2025-05-31_200821.png. Uid: 10126
05-31 14:57:33.455  3193  3241 I XmpUtil : XMP parse: only JPEG file is supported
05-31 14:57:33.474  1360  1388 I MediaProvider: Open with lower FS for /storage/emulated/0/screen_2025-05-31_200822.png. Uid: 10126
05-31 14:57:33.503  3193  3241 I XmpUtil : XMP parse: only JPEG file is supported
