05-18 06:18:29.725 14272 14393 W unknown:ViewManagerPropertyUpdater: Could not find generated setter for class com.horcrux.svg.RenderableViewManager$TextPathViewManager
05-18 06:18:29.726 14272 14393 W unknown:ViewManagerPropertyUpdater: Could not find generated setter for class com.horcrux.svg.RenderableViewManager$ImageViewManager
05-18 06:18:29.727 14272 14393 W unknown:ViewManagerPropertyUpdater: Could not find generated setter for class com.horcrux.svg.RenderableViewManager$ClipPathViewManager
05-18 06:18:29.727 14272 14393 W unknown:ViewManagerPropertyUpdater: Could not find generated setter for class com.horcrux.svg.RenderableViewManager$DefsViewManager
05-18 06:18:29.727 14272 14393 W unknown:ViewManagerPropertyUpdater: Could not find generated setter for class com.horcrux.svg.RenderableViewManager$UseViewManager
05-18 06:18:29.728 14272 14393 W unknown:ViewManagerPropertyUpdater: Could not find generated setter for class com.horcrux.svg.RenderableViewManager$SymbolManager
05-18 06:18:29.728 14272 14393 W unknown:ViewManagerPropertyUpdater: Could not find generated setter for class com.horcrux.svg.RenderableViewManager$LinearGradientManager
05-18 06:18:29.729 14272 14393 W unknown:ViewManagerPropertyUpdater: Could not find generated setter for class com.horcrux.svg.RenderableViewManager$RadialGradientManager
05-18 06:18:29.730 14272 14393 W unknown:ViewManagerPropertyUpdater: Could not find generated setter for class com.horcrux.svg.RenderableViewManager$PatternManager
05-18 06:18:29.731 14272 14393 W unknown:ViewManagerPropertyUpdater: Could not find generated setter for class com.horcrux.svg.RenderableViewManager$MaskManager
05-18 06:18:29.735 14272 14393 W unknown:ViewManagerPropertyUpdater: Could not find generated setter for class com.horcrux.svg.RenderableViewManager$ForeignObjectManager
05-18 06:18:29.735 14272 14393 W unknown:ViewManagerPropertyUpdater: Could not find generated setter for class com.horcrux.svg.RenderableViewManager$MarkerManager
05-18 06:18:29.736 14272 14393 W unknown:ViewManagerPropertyUpdater: Could not find generated setter for class com.horcrux.svg.SvgViewManager
05-18 06:18:29.743 14272 14272 I NetworkRequestHandler: SDK api version not overridden, using SDK version = 6.33.0
05-18 06:18:29.746 14272 14272 I NetworkRequestHandler: Requesting OTT data from : https://mobile-data.onetrust.io/bannersdk/v2/applicationdata
05-18 06:18:29.748 14272 14272 I NetworkRequestHandler:  OTT data Download : Download OTT data started
05-18 06:18:29.754 14272 14415 I NetworkRequestHandler: OT Profile Sync params not set, sending syncProfile false.
05-18 06:18:29.754 14272 14272 I OTSPUtils: customGroup Value not set.
05-18 06:18:29.756 14272 14272 I OTSPUtils: customGroup Value not set.
05-18 06:18:29.760 14272 14272 I OTSPUtils: customGroup Value not set.
05-18 06:18:29.761 14272 14272 I OTSPUtils: customGroup Value not set.
05-18 06:18:29.761 14272 14272 I OTSPUtils: customGroup Value not set.
05-18 06:18:29.761 14272 14272 I OTSPUtils: customGroup Value not set.
05-18 06:18:29.761 14272 14272 I OTSPUtils: customGroup Value not set.
05-18 06:18:29.761 14272 14272 I OTSPUtils: customGroup Value not set.
05-18 06:18:29.761 14272 14272 I OTSPUtils: customGroup Value not set.
05-18 06:18:29.762 14272 14272 I OTSPUtils: customGroup Value not set.
05-18 06:18:29.762 14272 14272 I OTSPUtils: customGroup Value not set.
05-18 06:18:29.762 14272 14272 I OTSPUtils: customGroup Value not set.
05-18 06:18:29.762 14272 14272 I OTSPUtils: customGroup Value not set.
05-18 06:18:29.762 14272 14272 I OTSPUtils: customGroup Value not set.
05-18 06:18:29.762 14272 14272 I OTSPUtils: customGroup Value not set.
05-18 06:18:29.762 14272 14272 I OTSPUtils: customGroup Value not set.
05-18 06:18:29.762 14272 14272 I OTSPUtils: customGroup Value not set.
05-18 06:18:29.762 14272 14272 I OTSPUtils: customGroup Value not set.
05-18 06:18:29.762 14272 14272 I OTSPUtils: customGroup Value not set.
05-18 06:18:29.762 14272 14272 I OTSPUtils: customGroup Value not set.
05-18 06:18:29.762 14272 14272 I OTSPUtils: customGroup Value not set.
05-18 06:18:29.778   538   571 E system_server: No package ID 7f found for ID 0x7f0802a6.
05-18 06:18:29.778   538   571 E system_server: No package ID 7f found for ID 0x7f120086.
05-18 06:18:29.778   538   571 E system_server: No package ID 7f found for ID 0x7f120086.
05-18 06:18:29.788   538   633 I RoleService: Granting default roles...
05-18 06:18:29.806  1263  1472 W MediaProvider: isAppCloneUserPair for user 0: false
05-18 06:18:29.860  2452 13825 W Role    : Cannot get ApplicationInfo for default holder: com.google.android.contacts
05-18 06:18:29.861 14272 14272 E unknown:ReactNative: Unable to launch logbox because react was unable to create the root view
05-18 06:18:29.863   178   178 I hwservicemanager: getTransport: Cannot find entry android.hardware.graphics.mapper@4.0::IMapper/default in either framework or device VINTF manifest.
05-18 06:18:29.865 14272 14325 W q       : Starting with v13 of the SDK, a client token must be embedded in your client code before making Graph API calls. Visit https://developers.facebook.com/docs/android/getting-started#client-token to learn how to implement this change.
05-18 06:18:29.868 14272 14325 E com.facebook.t: GraphRequest can't be used when Facebook SDK isn't fully initialized
05-18 06:18:29.870 14407 14425 I Gralloc4: mapper 4.x is not supported
05-18 06:18:29.894   538   538 I Telecom : DefaultDialerCache: Refreshing default dialer for user 0: now com.android.dialer: DDC.oR@AKU
05-18 06:18:29.896   538   640 I InputReader: Reconfiguring input devices, changes=KEYBOARD_LAYOUTS | 
05-18 06:18:29.898 14272 14325 W q       : Starting with v13 of the SDK, a client token must be embedded in your client code before making Graph API calls. Visit https://developers.facebook.com/docs/android/getting-started#client-token to learn how to implement this change.
05-18 06:18:29.900 14272 14325 E com.facebook.t: GraphRequest can't be used when Facebook SDK isn't fully initialized
05-18 06:18:29.910 14272 14325 W q       : Starting with v13 of the SDK, a client token must be embedded in your client code before making Graph API calls. Visit https://developers.facebook.com/docs/android/getting-started#client-token to learn how to implement this change.
05-18 06:18:29.913 14272 14325 E com.facebook.t: GraphRequest can't be used when Facebook SDK isn't fully initialized
05-18 06:18:29.958 14272 14325 W q       : Starting with v13 of the SDK, a client token must be embedded in your client code before making Graph API calls. Visit https://developers.facebook.com/docs/android/getting-started#client-token to learn how to implement this change.
05-18 06:18:29.970  1369  4620 W Auth.Api.SignIn: [Service,SignInChimeraService] **************************** WARNING ***************************
05-18 06:18:29.970  1369  4620 W Auth.Api.SignIn: You are using the deprecated legacy Google Sign-In APIs from
05-18 06:18:29.970  1369  4620 W Auth.Api.SignIn: play-services-auth SDK. Please migrate to the Credential Manager
05-18 06:18:29.970  1369  4620 W Auth.Api.SignIn: APIs, see https://goo.gle/gsi-migration.
05-18 06:18:29.970  1369  4620 W Auth.Api.SignIn: ****************************************************************
05-18 06:18:29.981  1521  1521 I cnhq    : onStop
05-18 06:18:29.999 14272 14325 E com.facebook.t: GraphRequest can't be used when Facebook SDK isn't fully initialized
05-18 06:18:30.023  1126  1142 I FontLog : (REDACTED) Received query %s, URI %s
05-18 06:18:30.023  1126  1142 I FontLog : (REDACTED) Query [%s] resolved to %s
05-18 06:18:30.025 14272 14325 W q       : Starting with v13 of the SDK, a client token must be embedded in your client code before making Graph API calls. Visit https://developers.facebook.com/docs/android/getting-started#client-token to learn how to implement this change.
05-18 06:18:30.027 14272 14325 E com.facebook.t: GraphRequest can't be used when Facebook SDK isn't fully initialized
05-18 06:18:30.045   538   558 W Looper  : Slow dispatch took 330ms android.fg h=android.os.Handler c=com.android.server.wm.ActivityMetricsLogger$$ExternalSyntheticLambda1@6010b2b m=0
05-18 06:18:30.045   538   558 I ActivityTaskManager: Displayed com.babbel.mobile.android.en/com.babbel.mobile.android.core.presentation.mainactivity.screens.MainActivity: +1s366ms
05-18 06:18:30.045   538   558 W Looper  : Slow delivery took 334ms android.fg h=android.os.Handler c=com.android.server.wm.ActivityMetricsLogger$$ExternalSyntheticLambda2@e1b0b88 m=0
05-18 06:18:30.075  1126  1142 I FontLog : (REDACTED) Fetch %s end status %s
05-18 06:18:30.077   538   558 W Looper  : Drained
05-18 06:18:30.086  2452  4990 I PermissionControllerServiceImpl: Updating user sensitive for uid 10179
05-18 06:18:30.094   538   538 W Looper  : Slow dispatch took 105ms main h=com.android.server.job.controllers.QuotaController$QcHandler c=null m=3
05-18 06:18:30.110  2452 13825 W Role    : Cannot get ApplicationInfo for default holder: com.google.android.as
05-18 06:18:30.145  1126  2092 I FontLog : (REDACTED) Pulling font file for id = %d, cache size = %d
05-18 06:18:30.151  1815  1815 I Finsky  : [2] aihy.onStartJob(126): SCH: job service start with id 9264.
05-18 06:18:30.172   538  2002 W InputManager-JNI: Input channel object 'c6ac1 Splash Screen com.babbel.mobile.android.en (client)' was disposed without first being removed with the input manager!
05-18 06:18:30.188  1815  1838 I Finsky  : [36] wbl.d(275): com.babbel.mobile.android.en: Account from first account - [0HuC5x-jX_4QBMLKvxR-TmPmEJWgz63BdP58ch2L0hw]
05-18 06:18:30.244  1126  1142 I FontLog : (REDACTED) Pulling font file for id = %d, cache size = %d
05-18 06:18:30.282  1263  2096 I MediaProvider: Begin Intent { act=android.intent.action.MEDIA_SCANNER_SCAN_FILE dat=file:///sdcard/screen_2025-05-18_141829.png flg=0x1400010 cmp=com.google.android.providers.media.module/com.android.providers.media.MediaService }
05-18 06:18:30.286  1815 13427 I Finsky  : [197] nib.a(171): SCH: Satisfied jobs for 9264 are: 12-1
05-18 06:18:30.305  1815  1838 I Finsky  : [36] wbl.d(869): Billing preferred account via installer for com.babbel.mobile.android.en: [0HuC5x-jX_4QBMLKvxR-TmPmEJWgz63BdP58ch2L0hw]
05-18 06:18:30.333  1815 13726 I Finsky  : [209] aigh.accept(108): SCH: Job 12-1 starting
05-18 06:18:30.354  1815  1815 I Finsky  : [2] ContentSyncJob.i(9): [ContentSync] job started
05-18 06:18:30.368  1815  1838 W Finsky  : [36] sdw.p(52): Got api version 24 for account: [0HuC5x-jX_4QBMLKvxR-TmPmEJWgz63BdP58ch2L0hw]
05-18 06:18:30.377  2452 13825 W Role    : Cannot get ApplicationInfo for default holder: com.google.android.as
05-18 06:18:30.379  2452 13825 W Role    : Cannot get ApplicationInfo for default holder: com.google.android.as
05-18 06:18:30.412  1815  1838 I Finsky  : [36] wbl.d(275): com.babbel.mobile.android.en: Account from first account - [0HuC5x-jX_4QBMLKvxR-TmPmEJWgz63BdP58ch2L0hw]
05-18 06:18:30.419  1815  1838 I Finsky  : [36] wbl.d(869): Billing preferred account via installer for com.babbel.mobile.android.en: [0HuC5x-jX_4QBMLKvxR-TmPmEJWgz63BdP58ch2L0hw]
05-18 06:18:30.419  1815  1838 W Finsky  : [36] sdw.p(52): Got api version 24 for account: [0HuC5x-jX_4QBMLKvxR-TmPmEJWgz63BdP58ch2L0hw]
05-18 06:18:30.423  1263  1635 I MediaProvider: Deleted 0 1 0 0 0 0 0 items on external_primary due to com.android.shell
05-18 06:18:30.427  1263  2096 W ModernMediaScanner: Failed to visit /storage/emulated/0/screen_2025-05-18_141829.png: java.nio.file.NoSuchFileException: /storage/emulated/0/screen_2025-05-18_141829.png
05-18 06:18:30.440 14272 14280 W bile.android.e: Suspending all threads took: 5.679ms
05-18 06:18:30.452 14272 14280 I bile.android.e: Background young concurrent copying GC freed 219614(13MB) AllocSpace objects, 77(3204KB) LOS objects, 58% free, 17MB/41MB, paused 6.046ms,6.132ms total 75.237ms
05-18 06:18:30.482  1263  2096 I MediaProvider: Scanned external_primary due to REASON_DEMAND, found 0 items in 55ms, 0 inserts 0 updates 0 deletes
05-18 06:18:30.482  1263  2096 I MediaProvider: End Intent { act=android.intent.action.MEDIA_SCANNER_SCAN_FILE dat=file:///sdcard/screen_2025-05-18_141829.png flg=0x1400010 cmp=com.google.android.providers.media.module/com.android.providers.media.MediaService }
05-18 06:18:30.548  1815  1838 I Finsky  : [36] wbl.d(275): com.babbel.mobile.android.en: Account from first account - [0HuC5x-jX_4QBMLKvxR-TmPmEJWgz63BdP58ch2L0hw]
05-18 06:18:30.553  1815  1838 I Finsky  : [36] wbl.d(869): Billing preferred account via installer for com.babbel.mobile.android.en: [0HuC5x-jX_4QBMLKvxR-TmPmEJWgz63BdP58ch2L0hw]
05-18 06:18:30.557  1815  1838 W Finsky  : [36] sdw.p(52): Got api version 24 for account: [0HuC5x-jX_4QBMLKvxR-TmPmEJWgz63BdP58ch2L0hw]
05-18 06:18:30.604 14272 14453 E bile.android.e: No package ID 76 found for ID 0x760b000f.
05-18 06:18:30.701 14272 14272 W mqt_js  : type=1400 audit(0.0:340): avc: granted { execute } for path="/data/data/com.babbel.mobile.android.en/lib-main/libreactnativeblob.so" dev="dm-5" ino=148548 scontext=u:r:untrusted_app:s0:c179,c256,c512,c768 tcontext=u:object_r:app_data_file:s0:c179,c256,c512,c768 tclass=file app=com.babbel.mobile.android.en
05-18 06:18:30.725  1815  1832 I android.vendin: Background young concurrent copying GC freed 81187(4031KB) AllocSpace objects, 0(0B) LOS objects, 47% free, 7512KB/14MB, paused 12.062ms,134us total 197.983ms
05-18 06:18:30.738 14272 14374 W System.err: retrofit2.adapter.rxjava3.HttpException: HTTP 403 
05-18 06:18:30.738 14272 14374 W System.err: 	at retrofit2.adapter.rxjava3.BodyObservable$BodyObserver.onNext(SourceFile:5)
05-18 06:18:30.738 14272 14374 W System.err: 	at retrofit2.adapter.rxjava3.BodyObservable$BodyObserver.onNext(SourceFile:1)
05-18 06:18:30.738 14272 14374 W System.err: 	at retrofit2.adapter.rxjava3.CallEnqueueObservable$CallCallback.onResponse(SourceFile:2)
05-18 06:18:30.738 14272 14374 W System.err: 	at retrofit2.OkHttpCall$1.onResponse(SourceFile:2)
05-18 06:18:30.738 14272 14374 W System.err: 	at com.google.firebase.perf.network.g.onResponse(SourceFile:3)
05-18 06:18:30.738 14272 14374 W System.err: 	at okhttp3.RealCall$AsyncCall.run(SourceFile:7)
05-18 06:18:30.738 14272 14374 W System.err: 	at java.util.concurrent.ThreadPoolExecutor.runWorker(ThreadPoolExecutor.java:1167)
05-18 06:18:30.738 14272 14374 W System.err: 	at java.util.concurrent.ThreadPoolExecutor$Worker.run(ThreadPoolExecutor.java:641)
05-18 06:18:30.738 14272 14374 W System.err: 	at java.lang.Thread.run(Thread.java:920)
05-18 06:18:30.826  1815  1815 W Finsky  : [2] ajwy.b(131): STU: Failed to get storage stats for package 'com.google.mainline.primary.libs' (1601: Error getting stats: android.content.pm.PackageManager.NameNotFoundException)
05-18 06:18:30.834 14272 14453 I FA      : App measurement initialized, version: 120000
05-18 06:18:30.834  2452 13825 W Role    : Cannot get ApplicationInfo for default holder: com.google.android.as
05-18 06:18:30.834 14272 14453 I FA      : To enable debug logging run: adb shell setprop log.tag.FA VERBOSE
05-18 06:18:30.834 14272 14453 I FA      : To enable faster debug mode event logging run:
05-18 06:18:30.834 14272 14453 I FA      :   adb shell setprop debug.firebase.analytics.app com.babbel.mobile.android.en
05-18 06:18:30.841  1815  1815 W Finsky  : [2] ajwy.b(131): STU: Failed to get storage stats for package 'com.google.android.tzdata3' (1601: Error getting stats: android.content.pm.PackageManager.NameNotFoundException)
05-18 06:18:30.879  1815  1815 W Finsky  : [2] ajwy.b(131): STU: Failed to get storage stats for package 'com.google.android.permission' (1601: Error getting stats: android.content.pm.PackageManager.NameNotFoundException)
05-18 06:18:30.957  1815  1815 W Finsky  : [2] ajwy.b(131): STU: Failed to get storage stats for package 'com.google.android.wifi' (1601: Error getting stats: android.content.pm.PackageManager.NameNotFoundException)
05-18 06:18:30.982  2452 13825 W Role    : Cannot get ApplicationInfo for default holder: com.google.android.as
05-18 06:18:30.991  2452 13825 W Role    : Cannot get ApplicationInfo for default holder: com.google.android.as
05-18 06:18:31.108 14272 14453 I FA      : Tag Manager is not found and thus will not be used
05-18 06:18:31.114  1263  6017 W MediaProvider: isAppCloneUserPair for user 0: false
05-18 06:18:31.144   178   178 I hwservicemanager: getTransport: Cannot find entry android.hardware.graphics.mapper@4.0::IMapper/default in either framework or device VINTF manifest.
05-18 06:18:31.146 14495 14497 I Gralloc4: mapper 4.x is not supported
05-18 06:18:31.245  1369 12391 I AdvertisingIdClient: shouldSendLog 29522
05-18 06:18:31.248  1369 12391 I AdvertisingIdClient: GetInfoInternal elapse 4ms
05-18 06:18:31.313  1263  2096 I MediaProvider: Begin Intent { act=android.intent.action.MEDIA_SCANNER_SCAN_FILE dat=file:///sdcard/screen_2025-05-18_141831.png flg=0x1400010 cmp=com.google.android.providers.media.module/com.android.providers.media.MediaService }
05-18 06:18:31.319  4502  4502 I cr_A11yState: Enabled accessibility services: [io.github.ylimit.droidbotapp/io.github.privacystreams.accessibility.PSAccessibilityService, null]
05-18 06:18:31.319  4502  4502 I cr_A11yState: Running accessibility services: [io.github.ylimit.droidbotapp/io.github.privacystreams.accessibility.PSAccessibilityService]
05-18 06:18:31.319  4502  4502 I cr_A11yState: Max delay reached. Send information as is.
05-18 06:18:31.326  1263  2096 I MediaProvider: End Intent { act=android.intent.action.MEDIA_SCANNER_SCAN_FILE dat=file:///sdcard/screen_2025-05-18_141831.png flg=0x1400010 cmp=com.google.android.providers.media.module/com.android.providers.media.MediaService }
05-18 06:18:31.326  4502  4502 I cr_A11yState: Informing listeners of changes.
05-18 06:18:31.329  4502  4502 I cr_A11yState: New AccessibilityState: State{isScreenReaderEnabled=true, isTouchExplorationEnabled=false, isPerformGesturesEnabled=false, isAnyAccessibilityServiceEnabled=true, isAccessibilityToolPresent=false, isSpokenFeedbackServicePresent=true, isTextShowPasswordEnabled=true, isOnlyPasswordManagersEnabled=false}
05-18 06:18:31.407  1263  1474 I MediaProvider: Deleted 0 1 0 0 0 0 0 items on external_primary due to com.android.shell
05-18 06:18:31.409  1126  4494 I UriTaskContentObserver: (REDACTED) Throttling content uri change event for %s
05-18 06:18:31.538 14272 14272 I NetworkRequestHandler:  OTT response? = {"status":{"application":{"code":200,"msg":"success"},"profile":{"code":204,"msg":"No content"}},"info":{"lastLaunch":{"date":"2025-05-18T06:18:32.644Z","isFirstLaunch":false},"encodedRequest":"N4IghgDhA2CWDGYAusD2A7EAuUkYOTXQEkATbEANgDMAjATjAFYAmABgFpSB2egRg4AWepQCmHMGBaUuo6mz5hRTMINHcQAGhABXAM6iATgBkw6AOYVRmbXtIBrAGpG9RCpQB0AZi8e2WkHh9JFQAWwBhVB10JEMAT2x0HWhobSC9ENCAJVFzNywklLTgsKzk0UTk1JBoVEQUDAp4UnQPeFRUe1hRaDAAdw9UQ0s06mIISOjYuPDyLBAACQBpAL0uiYwDGIAFQzkAVQhSZFE9SqKasAzTaPgAC3Pq+GocvIxZigDqUSR7gBU4hAKvMAILbbYAfQAIiC-iCIQB5AByxgAmiAAL5pTbWJDYUBkXGwajdQyPbQgnRIO5DWAAL0IjQKVW0EEMqBJ0FEAGU4uh4ABRP5gSzMlIYjFAA","encodedRequestJSON":{"application":{"applicationId":"6fb9a520-d791-496e-aa26-def01ae5a4e7","userLang":"en","sdkVersion":"6.33.0","customCountry":null,"customRegion":null,"customRule":null,"location":"cdn.cookielaw.org","cfIpCountryCd":"HK","skipConsentPrefUpdates":null,"lastLaunch":null,"cfRegionCd":"","fetchType":"APP_DATA_ONLY"},"consent":{"Identifier":null,"Authorization":null,"profileSyncETag":null}}},"domain":{"CookieSPAEnabled":false,"UseV2":true,"MobileSDK":true,"SkipGeolocation":false,"ScriptType":"PRODUCTION","ScriptVersion":"6.34.1","PublishVersion":"6.33.0","OptanonDataJSON":"6fb9a520-d791-496e-aa26-def01ae5a4e7","GeolocationUrl":"https://geolocation.onetrust.com/cookieconsentpub/v1/geo/location","RuleSet":[{"Id":"a069bc2a-b4a2-4dc8-8fe2-f8c529f1a7b9","Name":"Mobile GDPR Template with reject button","Countries":["de","it","ie","fr"],"States":{},"LanguageSwitcherPlaceholder":{"de":"de","default":"en","sv":"sv","pt":"pt","uk":"uk","it":"it","pl":"pl","fr":"fr","es":"es"},"BannerPushesDown":false,"Default":false,"Global":false,"Type":"GDPR"},{"Id":"628a68ba-47b9-4bbf-be64-e812ba4e17a1","Name":"Mobile USA - No Show","Countries":["us"],"States":{},"LanguageSwitcherPlaceholder":{"de":"de","default":"en","sv":"sv","pt":"pt","uk":"uk","it":"it","pl":"pl","fr":"fr","es":"es"},"BannerPushesDown":false,"Default":false,"Global":false,"Type":"GDPR"},{"Id":"1b1eb9d3-9d2b-45c3-ac7b-97bf2facce4a","Name":"Mobile Global","Countries":["pr","ps","pw","py","qa","ad","ae","af","ag","ai","al","am","ao","aq","ar","as","au","aw","az","ba","bb","rs","bd","ru","bf","rw","bh","bi","bj","bl","bm","bn","bo","sa","sb","bq","br","sc","sd","bs","bt","bv","sg","sh","bw","sj","by","bz","sl","sn","so","ca","sr","ss","cc","cd","st","sv","cf","cg","sx","ch","sy","ci","sz","ck","cl","cm","cn","co","cr","tc","td","tf","cu","cv","tg","cw","th","cx","tj","tk","tl","tm","tn","to","tr","tt","tv","tw","dj","tz","dm","do","ua","ug","dz","um","ec","eg","eh","uy","uz","va","vc","er","et","ve","vg","vi","vn","vu","fj","fk","fm","fo","wf","ga","gb","ws","gd","ge","gg","gh","gi","gl","gm","gn","gq","gs","gt","gu","gw","gy","hk","hm","hn","ht","ye","id","il","im","in","io","za","iq","ir","zm","je","zw","jm","jo","jp","ke","kg","kh","ki","km","kn","kp","kr","kw","ky","kz","la","lb","lc","lk","lr","ls","ly","ma","md","me","mg","mh","mk","ml","mm","mn","mo","mp","mr","ms","mu","mv","mw","mx","my","mz","na","nc","ne","nf","ng","ni","np","nr","nu","nz","om","pa","pe","pf","pg","ph","pk","pm","pn"],"States":{},"LanguageSwitcherPlaceholder":{"de":"de","default":"en","sv":"sv","pt":"pt","uk":"uk","it":"it","pl":"pl","fr":"fr","es":"es"},"BannerPushesDown":false,"Default":true,"Global":true,"Type":"GDPR"}],"IabData":{"cookieVersion":"1","createdTime":"2022-04-25T12:20:58.332635","updatedTime":"2022-04-25T12:20:58.332641","cmpId":"28","cmpVersion":"1","consentScreen":"1","consentLanguage":null,"vendorListVersion":0,"maxVendorId":0,"encodingType":"0","globalVendorListUrl":"https://cdn.cookielaw.org/vendorlist/iabData.json"},"IabV2Data":{"cookieVersion":"1","createdTime":"2022-04-25T12:20:58.382506","updatedTime":"2022-04-25T12:20:58.382512","cmpId":"28","cmpVersion":"1","consentScreen":"1","consentLanguage":null,"vendorListVersion":0,"maxVendorId":0,"encodingType":"0","globalVendorListUrl":"https://cdn.cookielaw.org/vendorlist/iab2Data.json"},"ScriptDynamicLoadEnabled":false,"TenantFeatures":{"Coo
05-18 06:18:31.547 14272 14512 I NetworkRequestHandler: parsing appdata in BG thread
05-18 06:18:31.551 14272 14512 I ShowBanner: Initializing the last re-consent date to - 1639581165163
05-18 06:18:31.566 14272 14512 I OTSPUtils: parent groups : {"C0003":["C0005"]}
05-18 06:18:31.566 14272 14512 I OTSPUtils: parent map = {"C0003":"","C0004":"","C0001":"","C0002":"","C0005":"C0003"}
05-18 06:18:31.566 14272 14512 I OTPublishersHeadlessSDK: Saved General Vendors : {}
05-18 06:18:31.566 14272 14512 I OTSPUtils: customGroup Value not set.
05-18 06:18:31.566 14272 14512 I OTSPUtils: customGroup Value not set.
05-18 06:18:31.566 14272 14512 I SdkListHelper: Saving SDK Status map = {"2f00e85f-1144-4b36-904a-5774a5784b60":2,"c8f3c3ec-5989-448d-b385-f92f6156ac25":2,"1c7e010e-7bcf-4a3a-8a5a-38d4e4c0e6b4":2,"40828565-8cfe-47f3-bcad-d6e05efdc27f":2,"98e8dd6c-aba9-4cc2-81ef-9f8bb70d33e8":2,"1602f850-0b52-42d7-b6af-4d2f78572016":2,"ebcd6b9c-cd8b-478a-97ea-89bbddf1dc55":2,"26212308-e103-4899-9269-68ac4890854a":2,"c42b6004-b0a6-4e74-993b-a7cc98e56f4f":2,"864c546a-ee41-4f5e-969f-cea4f2a72b9d":2,"1a18e66c-97b2-44c3-90b0-9d322953fcb0":2,"dcc351bd-5280-4219-b3b2-f42fd89363bd":2,"0213dc55-1842-426d-b7f3-3c5ef1bd57b4":2}
05-18 06:18:31.566 14272 14512 I SdkListHelper: SDK Status Object - {"2f00e85f-1144-4b36-904a-5774a5784b60":2,"c8f3c3ec-5989-448d-b385-f92f6156ac25":2,"1c7e010e-7bcf-4a3a-8a5a-38d4e4c0e6b4":2,"40828565-8cfe-47f3-bcad-d6e05efdc27f":2,"98e8dd6c-aba9-4cc2-81ef-9f8bb70d33e8":2,"1602f850-0b52-42d7-b6af-4d2f78572016":2,"ebcd6b9c-cd8b-478a-97ea-89bbddf1dc55":2,"26212308-e103-4899-9269-68ac4890854a":2,"c42b6004-b0a6-4e74-993b-a7cc98e56f4f":2,"864c546a-ee41-4f5e-969f-cea4f2a72b9d":2,"1a18e66c-97b2-44c3-90b0-9d322953fcb0":2,"dcc351bd-5280-4219-b3b2-f42fd89363bd":2,"0213dc55-1842-426d-b7f3-3c5ef1bd57b4":2}
05-18 06:18:31.566 14272 14512 I SdkListHelper: Invalid SDK_ID passed - 7095a631-8c07-4a08-9f18-5fa07f156148
05-18 06:18:31.566 14272 14512 I SdkListHelper: SDK Status Object - {"2f00e85f-1144-4b36-904a-5774a5784b60":2,"c8f3c3ec-5989-448d-b385-f92f6156ac25":2,"1c7e010e-7bcf-4a3a-8a5a-38d4e4c0e6b4":2,"40828565-8cfe-47f3-bcad-d6e05efdc27f":2,"98e8dd6c-aba9-4cc2-81ef-9f8bb70d33e8":2,"1602f850-0b52-42d7-b6af-4d2f78572016":2,"ebcd6b9c-cd8b-478a-97ea-89bbddf1dc55":2,"26212308-e103-4899-9269-68ac4890854a":2,"c42b6004-b0a6-4e74-993b-a7cc98e56f4f":2,"864c546a-ee41-4f5e-969f-cea4f2a72b9d":2,"1a18e66c-97b2-44c3-90b0-9d322953fcb0":2,"dcc351bd-5280-4219-b3b2-f42fd89363bd":2,"0213dc55-1842-426d-b7f3-3c5ef1bd57b4":2}
05-18 06:18:31.566 14272 14512 I SdkListHelper: Invalid SDK_ID passed - 3351389a-0a0a-4de7-85a2-271549dd8a1f
05-18 06:18:31.566 14272 14512 I SdkListHelper: SDK Status Object - {"2f00e85f-1144-4b36-904a-5774a5784b60":2,"c8f3c3ec-5989-448d-b385-f92f6156ac25":2,"1c7e010e-7bcf-4a3a-8a5a-38d4e4c0e6b4":2,"40828565-8cfe-47f3-bcad-d6e05efdc27f":2,"98e8dd6c-aba9-4cc2-81ef-9f8bb70d33e8":2,"1602f850-0b52-42d7-b6af-4d2f78572016":2,"ebcd6b9c-cd8b-478a-97ea-89bbddf1dc55":2,"26212308-e103-4899-9269-68ac4890854a":2,"c42b6004-b0a6-4e74-993b-a7cc98e56f4f":2,"864c546a-ee41-4f5e-969f-cea4f2a72b9d":2,"1a18e66c-97b2-44c3-90b0-9d322953fcb0":2,"dcc351bd-5280-4219-b3b2-f42fd89363bd":2,"0213dc55-1842-426d-b7f3-3c5ef1bd57b4":2}
05-18 06:18:31.566 14272 14512 I SdkListHelper: Invalid SDK_ID passed - 15488236-400b-4007-8de8-8e9f25bff9f8
05-18 06:18:31.567 14272 14512 I SdkListHelper: SDK Status Object - {"2f00e85f-1144-4b36-904a-5774a5784b60":2,"c8f3c3ec-5989-448d-b385-f92f6156ac25":2,"1c7e010e-7bcf-4a3a-8a5a-38d4e4c0e6b4":2,"40828565-8cfe-47f3-bcad-d6e05efdc27f":2,"98e8dd6c-aba9-4cc2-81ef-9f8bb70d33e8":2,"1602f850-0b52-42d7-b6af-4d2f78572016":2,"ebcd6b9c-cd8b-478a-97ea-89bbddf1dc55":2,"26212308-e103-4899-9269-68ac4890854a":2,"c42b6004-b0a6-4e74-993b-a7cc98e56f4f":2,"864c546a-ee41-4f5e-969f-cea4f2a72b9d":2,"1a18e66c-97b2-44c3-90b0-9d322953fcb0":2,"dcc351bd-5280-4219-b3b2-f42fd89363bd":2,"0213dc55-1842-426d-b7f3-3c5ef1bd57b4":2}
05-18 06:18:31.567 14272 14512 I SdkListHelper: Invalid SDK_ID passed - 088a7401-9847-4819-b63d-2113d55b3a2d
05-18 06:18:31.567 14272 14512 I SdkListHelper: SDK Status Object - {"2f00e85f-1144-4b36-904a-5774a5784b60":2,"c8f3c3ec-5989-448d-b385-f92f6156ac25":2,"1c7e010e-7bcf-4a3a-8a5a-38d4e4c0e6b4":2,"40828565-8cfe-47f3-bcad-d6e05efdc27f":2,"98e8dd6c-aba9-4cc2-81ef-9f8bb70d33e8":2,"1602f850-0b52-42d7-b6af-4d2f78572016":2,"ebcd6b9c-cd8b-478a-97ea-89bbddf1dc55":2,"26212308-e103-4899-9269-68ac4890854a":2,"c42b6004-b0a6-4e74-993b-a7cc98e56f4f":2,"864c546a-ee41-4f5e-969f-cea4f2a72b9d":2,"1a18e66c-97b2-44c3-90b0-9d322953fcb0":2,"dcc351bd-5280-4219-b3b2-f42fd89363bd":2,"0213dc55-1842-426d-b7f3-3c5ef1bd57b4":2}
05-18 06:18:31.567 14272 14512 I SdkListHelper: Invalid SDK_ID passed - 051c0654-b012-468b-b18a-6c415215790e
05-18 06:18:31.571 14272 14512 I SdkListHelper: Saving SDK Status map = {"2f00e85f-1144-4b36-904a-5774a5784b60":2,"c8f3c3ec-5989-448d-b385-f92f6156ac25":2,"1c7e010e-7bcf-4a3a-8a5a-38d4e4c0e6b4":2,"40828565-8cfe-47f3-bcad-d6e05efdc27f":2,"98e8dd6c-aba9-4cc2-81ef-9f8bb70d33e8":2,"1602f850-0b52-42d7-b6af-4d2f78572016":2,"ebcd6b9c-cd8b-478a-97ea-89bbddf1dc55":2,"26212308-e103-4899-9269-68ac4890854a":2,"c42b6004-b0a6-4e74-993b-a7cc98e56f4f":2,"864c546a-ee41-4f5e-969f-cea4f2a72b9d":2,"1a18e66c-97b2-44c3-90b0-9d322953fcb0":2,"dcc351bd-5280-4219-b3b2-f42fd89363bd":2,"0213dc55-1842-426d-b7f3-3c5ef1bd57b4":2,"7095a631-8c07-4a08-9f18-5fa07f156148":0,"3351389a-0a0a-4de7-85a2-271549dd8a1f":0,"15488236-400b-4007-8de8-8e9f25bff9f8":0,"088a7401-9847-4819-b63d-2113d55b3a2d":0,"051c0654-b012-468b-b18a-6c415215790e":0}
05-18 06:18:31.571 14272 14512 I SdkListHelper: SDK Status Object - {"2f00e85f-1144-4b36-904a-5774a5784b60":2,"c8f3c3ec-5989-448d-b385-f92f6156ac25":2,"1c7e010e-7bcf-4a3a-8a5a-38d4e4c0e6b4":2,"40828565-8cfe-47f3-bcad-d6e05efdc27f":2,"98e8dd6c-aba9-4cc2-81ef-9f8bb70d33e8":2,"1602f850-0b52-42d7-b6af-4d2f78572016":2,"ebcd6b9c-cd8b-478a-97ea-89bbddf1dc55":2,"26212308-e103-4899-9269-68ac4890854a":2,"c42b6004-b0a6-4e74-993b-a7cc98e56f4f":2,"864c546a-ee41-4f5e-969f-cea4f2a72b9d":2,"1a18e66c-97b2-44c3-90b0-9d322953fcb0":2,"dcc351bd-5280-4219-b3b2-f42fd89363bd":2,"0213dc55-1842-426d-b7f3-3c5ef1bd57b4":2,"7095a631-8c07-4a08-9f18-5fa07f156148":0,"3351389a-0a0a-4de7-85a2-271549dd8a1f":0,"15488236-400b-4007-8de8-8e9f25bff9f8":0,"088a7401-9847-4819-b63d-2113d55b3a2d":0,"051c0654-b012-468b-b18a-6c415215790e":0}
05-18 06:18:31.571 14272 14512 I SdkListHelper: Invalid SDK_ID passed - 0f3ec1eb-e773-4607-b915-b7fe376b5e55
05-18 06:18:31.571 14272 14512 I SdkListHelper: SDK Status Object - {"2f00e85f-1144-4b36-904a-5774a5784b60":2,"c8f3c3ec-5989-448d-b385-f92f6156ac25":2,"1c7e010e-7bcf-4a3a-8a5a-38d4e4c0e6b4":2,"40828565-8cfe-47f3-bcad-d6e05efdc27f":2,"98e8dd6c-aba9-4cc2-81ef-9f8bb70d33e8":2,"1602f850-0b52-42d7-b6af-4d2f78572016":2,"ebcd6b9c-cd8b-478a-97ea-89bbddf1dc55":2,"26212308-e103-4899-9269-68ac4890854a":2,"c42b6004-b0a6-4e74-993b-a7cc98e56f4f":2,"864c546a-ee41-4f5e-969f-cea4f2a72b9d":2,"1a18e66c-97b2-44c3-90b0-9d322953fcb0":2,"dcc351bd-5280-4219-b3b2-f42fd89363bd":2,"0213dc55-1842-426d-b7f3-3c5ef1bd57b4":2,"7095a631-8c07-4a08-9f18-5fa07f156148":0,"3351389a-0a0a-4de7-85a2-271549dd8a1f":0,"15488236-400b-4007-8de8-8e9f25bff9f8":0,"088a7401-9847-4819-b63d-2113d55b3a2d":0,"051c0654-b012-468b-b18a-6c415215790e":0}
05-18 06:18:31.576 14272 14512 I SdkListHelper: Invalid SDK_ID passed - d61d42ec-083e-4721-a3db-023c09d6e9e7
05-18 06:18:31.576 14272 14512 I SdkListHelper: Saving SDK Status map = {"2f00e85f-1144-4b36-904a-5774a5784b60":2,"c8f3c3ec-5989-448d-b385-f92f6156ac25":2,"1c7e010e-7bcf-4a3a-8a5a-38d4e4c0e6b4":2,"40828565-8cfe-47f3-bcad-d6e05efdc27f":2,"98e8dd6c-aba9-4cc2-81ef-9f8bb70d33e8":2,"1602f850-0b52-42d7-b6af-4d2f78572016":2,"ebcd6b9c-cd8b-478a-97ea-89bbddf1dc55":2,"26212308-e103-4899-9269-68ac4890854a":2,"c42b6004-b0a6-4e74-993b-a7cc98e56f4f":2,"864c546a-ee41-4f5e-969f-cea4f2a72b9d":2,"1a18e66c-97b2-44c3-90b0-9d322953fcb0":2,"dcc351bd-5280-4219-b3b2-f42fd89363bd":2,"0213dc55-1842-426d-b7f3-3c5ef1bd57b4":2,"7095a631-8c07-4a08-9f18-5fa07f156148":0,"3351389a-0a0a-4de7-85a2-271549dd8a1f":0,"15488236-400b-4007-8de8-8e9f25bff9f8":0,"088a7401-9847-4819-b63d-2113d55b3a2d":0,"051c0654-b012-468b-b18a-6c415215790e":0,"0f3ec1eb-e773-4607-b915-b7fe376b5e55":0,"d61d42ec-083e-4721-a3db-023c09d6e9e7":0}
05-18 06:18:31.590 14272 14512 I OTConsentChanges: Sending C0003 broadcast, value = 0
05-18 06:18:31.590 14272 14512 I OTConsentChanges: Sending C0004 broadcast, value = 0
05-18 06:18:31.596 14272 14512 I OTConsentChanges: Sending 2f00e85f-1144-4b36-904a-5774a5784b60 broadcast, value = 1
05-18 06:18:31.597 14272 14512 I OTConsentChanges: Sending c8f3c3ec-5989-448d-b385-f92f6156ac25 broadcast, value = 1
05-18 06:18:31.600 14272 14512 I OTConsentChanges: Sending 1c7e010e-7bcf-4a3a-8a5a-38d4e4c0e6b4 broadcast, value = 1
05-18 06:18:31.602 14272 14512 I OTConsentChanges: Sending 40828565-8cfe-47f3-bcad-d6e05efdc27f broadcast, value = 1
05-18 06:18:31.603 14272 14512 I OTConsentChanges: Sending 98e8dd6c-aba9-4cc2-81ef-9f8bb70d33e8 broadcast, value = 1
05-18 06:18:31.604 14272 14512 I OTConsentChanges: Sending 1602f850-0b52-42d7-b6af-4d2f78572016 broadcast, value = 1
05-18 06:18:31.604 14272 14512 I OTConsentChanges: Sending ebcd6b9c-cd8b-478a-97ea-89bbddf1dc55 broadcast, value = 1
05-18 06:18:31.605  1815  1836 I Finsky  : [35] alyu.v(185): Package com.google.android.gms is verified.
05-18 06:18:31.605 14272 14512 I OTConsentChanges: Sending 26212308-e103-4899-9269-68ac4890854a broadcast, value = 1
05-18 06:18:31.605 14272 14512 I OTConsentChanges: Sending c42b6004-b0a6-4e74-993b-a7cc98e56f4f broadcast, value = 1
05-18 06:18:31.605 14272 14512 I OTConsentChanges: Sending 864c546a-ee41-4f5e-969f-cea4f2a72b9d broadcast, value = 1
05-18 06:18:31.607  1369 12391 W FA-SVC  : Service response is missing Install Referrer install timestamp
05-18 06:18:31.613 14272 14512 I OTConsentChanges: Sending 1a18e66c-97b2-44c3-90b0-9d322953fcb0 broadcast, value = 1
05-18 06:18:31.613 14272 14512 I OTConsentChanges: Sending dcc351bd-5280-4219-b3b2-f42fd89363bd broadcast, value = 1
05-18 06:18:31.613 14272 14512 I OTConsentChanges: Sending 0213dc55-1842-426d-b7f3-3c5ef1bd57b4 broadcast, value = 1
05-18 06:18:31.614 14272 14512 I OTConsentChanges: Sending 7095a631-8c07-4a08-9f18-5fa07f156148 broadcast, value = 0
05-18 06:18:31.614 14272 14512 I OTConsentChanges: Sending 3351389a-0a0a-4de7-85a2-271549dd8a1f broadcast, value = 0
05-18 06:18:31.614 14272 14512 I OTConsentChanges: Sending 15488236-400b-4007-8de8-8e9f25bff9f8 broadcast, value = 0
05-18 06:18:31.615 14272 14512 I OTConsentChanges: Sending 088a7401-9847-4819-b63d-2113d55b3a2d broadcast, value = 0
05-18 06:18:31.615 14272 14512 I OTConsentChanges: Sending 051c0654-b012-468b-b18a-6c415215790e broadcast, value = 0
05-18 06:18:31.615 14272 14512 I OTConsentChanges: Sending 0f3ec1eb-e773-4607-b915-b7fe376b5e55 broadcast, value = 0
05-18 06:18:31.615 14272 14512 I OTConsentChanges: Sending d61d42ec-083e-4721-a3db-023c09d6e9e7 broadcast, value = 0
05-18 06:18:31.616 14272 14512 I OneTrust: Geolocation - country: HK , region: 
05-18 06:18:31.616 14272 14512 I IABCCPA_Consent: Resetting CCPA String on template change
05-18 06:18:31.616 14272 14512 W OneTrust: Compute CCPA disabled for this template from OneTrust UI
05-18 06:18:31.629 14272 14272 I ShowBanner: Geolocation Status: Show Banner is enabled for current geolocation rule.
05-18 06:18:31.629 14272 14272 I ShowBanner: Saved allPurposesUpdatedAfterSync = false
05-18 06:18:31.637 14272 14272 I ShowBanner: Geolocation Status: Show Banner is enabled for current geolocation rule.
05-18 06:18:31.637 14272 14272 I ShowBanner: Saved allPurposesUpdatedAfterSync = false
05-18 06:18:31.639 14272 14272 I OneTrust: ui type 102
05-18 06:18:31.640 14272 14272 I OneTrust: Showing Banner
05-18 06:18:31.640 14272 14272 I EventListenerSetter: Sending oneTrustDataEventListener callback. oneTrustEventListener size = 1
05-18 06:18:31.679 14272 14272 I OTPublishersHeadlessSDK: Saved General Vendors : {}
05-18 06:18:31.705 14272 14272 W MaterialButton: MaterialButton manages its own background to control elevation, shape, color and states. Consider using backgroundTint, shapeAppearance and other attributes where available. A custom background will ignore these attributes and you should consider handling interaction states such as pressed, focused and disabled
05-18 06:18:31.755  1815  1815 W Finsky  : [2] ajwy.b(131): STU: Failed to get storage stats for package 'com.google.android.media.swcodec' (1601: Error getting stats: android.content.pm.PackageManager.NameNotFoundException)
05-18 06:18:31.755  1815  1815 W Finsky  : [2] ajwy.b(131): STU: Failed to get storage stats for package 'com.google.android.art' (1601: Error getting stats: android.content.pm.PackageManager.NameNotFoundException)
05-18 06:18:31.803  1815  1815 W Finsky  : [2] ajwy.b(131): STU: Failed to get storage stats for package 'com.google.android.mediaprovider' (1601: Error getting stats: android.content.pm.PackageManager.NameNotFoundException)
05-18 06:18:31.815  1815  1815 W Finsky  : [2] ajwy.b(131): STU: Failed to get storage stats for package 'com.google.android.adbd' (1601: Error getting stats: android.content.pm.PackageManager.NameNotFoundException)
05-18 06:18:31.842 14527 14527 I AndroidRuntime: Using default boot image
05-18 06:18:31.842 14527 14527 I AndroidRuntime: Leaving lock profiling enabled
05-18 06:18:31.848 14527 14527 W libc    : Access denied finding property "odsign.verification.success"
05-18 06:18:31.837 14527 14527 W app_process: type=1400 audit(0.0:341): avc: denied { read } for name="u:object_r:odsign_prop:s0" dev="tmpfs" ino=203 scontext=u:r:shell:s0 tcontext=u:object_r:odsign_prop:s0 tclass=file permissive=0
05-18 06:18:31.849  1815  1815 W Finsky  : [2] ajwy.b(131): STU: Failed to get storage stats for package 'com.google.android.resolv' (1601: Error getting stats: android.content.pm.PackageManager.NameNotFoundException)
05-18 06:18:31.851 14527 14527 W app_process: ART APEX data files are untrusted.
05-18 06:18:31.893  1815  1815 W Finsky  : [2] ajwy.b(131): STU: Failed to get storage stats for package 'com.google.android.conscrypt' (1601: Error getting stats: android.content.pm.PackageManager.NameNotFoundException)
05-18 06:18:31.894  1815  1815 W Finsky  : [2] ajwy.b(131): STU: Failed to get storage stats for package 'com.google.android.media' (1601: Error getting stats: android.content.pm.PackageManager.NameNotFoundException)
05-18 06:18:31.991  1815  1815 W Finsky  : [2] ajwy.b(131): STU: Failed to get storage stats for package 'com.google.android.neuralnetworks' (1601: Error getting stats: android.content.pm.PackageManager.NameNotFoundException)
05-18 06:18:32.013  1815  1815 W Finsky  : [2] ajwy.b(131): STU: Failed to get storage stats for package 'com.google.android.ipsec' (1601: Error getting stats: android.content.pm.PackageManager.NameNotFoundException)
05-18 06:18:32.083  1815  1815 W Finsky  : [2] ajwy.b(131): STU: Failed to get storage stats for package 'com.google.android.sdkext' (1601: Error getting stats: android.content.pm.PackageManager.NameNotFoundException)
05-18 06:18:32.109  1815  1815 W Finsky  : [2] ajwy.b(131): STU: Failed to get storage stats for package 'com.google.android.tethering' (1601: Error getting stats: android.content.pm.PackageManager.NameNotFoundException)
05-18 06:18:32.110 14527 14527 W app_process: Unexpected CPU variant for X86 using defaults: x86_64
05-18 06:18:32.118 14527 14527 W app_process: ClassLoaderContext classpath size mismatch. expected=0, found=1 (PCL[] | PCL[/system/framework/android.test.runner.jar*1585996318])
05-18 06:18:32.122  1815  1815 W Finsky  : [2] ajwy.b(131): STU: Failed to get storage stats for package 'com.google.android.extservices' (1601: Error getting stats: android.content.pm.PackageManager.NameNotFoundException)
05-18 06:18:32.177  1815  1815 W Finsky  : [2] ajwy.b(131): STU: Failed to get storage stats for package 'com.google.android.os.statsd' (1601: Error getting stats: android.content.pm.PackageManager.NameNotFoundException)
05-18 06:18:32.183  1815  1815 W Finsky  : [2] ajwy.b(131): STU: Failed to get storage stats for package 'com.google.android.cellbroadcast' (1601: Error getting stats: android.content.pm.PackageManager.NameNotFoundException)
05-18 06:18:32.221  1815  1815 W Finsky  : [2] ajwy.b(131): STU: Failed to get storage stats for package 'com.google.android.scheduling' (1601: Error getting stats: android.content.pm.PackageManager.NameNotFoundException)
05-18 06:18:32.246  1815  1815 I Finsky  : [2] nqf.a(199): App states replicator found 4 unowned apps
05-18 06:18:32.252  1815  1815 I Finsky  : [2] nqk.b(18): Completed 0 account content syncs with 0 successful.
05-18 06:18:32.255  1815  1815 I Finsky  : [2] ContentSyncJob.a(12): [ContentSync] Installation state replication succeeded.
05-18 06:18:32.255  1815  1815 I Finsky  : [2] aigi.q(56): SCH: jobFinished: 12-1. TimeElapsed: 1913ms.
05-18 06:18:32.271  1815  2259 I Finsky  : [65] sii.accept(58): SCH: Scheduling phonesky job Id: 1-1337, CT: 1747532943899, Constraints: [{ L: 35227003, D: 78427003, C: CHARGING_NONE, I: IDLE_NONE, N: NET_ANY, B: BATTERY_ANY }]
05-18 06:18:32.271  1815  2259 I Finsky  : [65] sii.accept(58): SCH: Scheduling phonesky job Id: 34-9, CT: 1747532948452, Constraints: [{ L: 79199873, D: 1375199873, C: CHARGING_NONE, I: IDLE_NONE, N: NET_ANY, B: BATTERY_ANY }]
05-18 06:18:32.271  1815  2259 I Finsky  : [65] sii.accept(58): SCH: Scheduling phonesky job Id: 34-12, CT: 1747532949674, Constraints: [{ L: 604800000, D: 2591999137, C: CHARGING_NONE, I: IDLE_NONE, N: NET_ANY, B: BATTERY_ANY }]
05-18 06:18:32.278  1815  2209 I Finsky  : [57] nic.apply(251): SCH: Scheduling 1 system job(s)
05-18 06:18:32.279  1815  2209 I Finsky  : [57] aige.b(244): SCH: Scheduling system job Id: 9268, L: 19058623, D: 62258623, C: false, I: false, N: 1
05-18 06:18:32.289  1815 13726 I Finsky  : [209] aihy.a(24): SCH: job service finished with id 9264.
05-18 06:18:32.343  1126  5124 I NearbyMediums: No BLE Fast/GATT advertisements found in the latest cycle.
05-18 06:18:33.190 14527 14527 W AccessibilityNodeInfoDumper: Fetch time: 4ms
05-18 06:18:33.771 14272 14272 I CustomGroupDetails: Group ID doesn't exist/not allowed to update status for C0001 groupId.
05-18 06:18:33.771 14272 14272 I GeneralVendors: General Vendors consent not saved : Vendor Opt-out disabled from admin settings
05-18 06:18:33.771 14272 14272 I CustomGroupDetails: Setting IABTCF_gdprApplies to 0.
05-18 06:18:33.773 14272 14272 I SdkListHelper: Updated SDK status for  - 7095a631-8c07-4a08-9f18-5fa07f156148 To 1
05-18 06:18:33.773 14272 14272 I SdkListHelper: Updated SDK status for  - 3351389a-0a0a-4de7-85a2-271549dd8a1f To 1
05-18 06:18:33.774 14272 14272 I SdkListHelper: Updated SDK status for  - 15488236-400b-4007-8de8-8e9f25bff9f8 To 1
05-18 06:18:33.774 14272 14272 I SdkListHelper: Updated SDK status for  - 088a7401-9847-4819-b63d-2113d55b3a2d To 1
05-18 06:18:33.774 14272 14272 I SdkListHelper: Updated SDK status for  - 051c0654-b012-468b-b18a-6c415215790e To 1
05-18 06:18:33.774 14272 14272 I SdkListHelper: Updated SDK status for  - 0f3ec1eb-e773-4607-b915-b7fe376b5e55 To 1
05-18 06:18:33.774 14272 14272 I SdkListHelper: Updated SDK status for  - d61d42ec-083e-4721-a3db-023c09d6e9e7 To 1
05-18 06:18:33.774 14272 14272 I OTConsentChanges: Sending 7095a631-8c07-4a08-9f18-5fa07f156148 broadcast, value = 1
05-18 06:18:33.774 14272 14272 I OTConsentChanges: Sending 3351389a-0a0a-4de7-85a2-271549dd8a1f broadcast, value = 1
05-18 06:18:33.775 14272 14272 I OTConsentChanges: Sending 15488236-400b-4007-8de8-8e9f25bff9f8 broadcast, value = 1
05-18 06:18:33.775 14272 14272 I OTConsentChanges: Sending 088a7401-9847-4819-b63d-2113d55b3a2d broadcast, value = 1
05-18 06:18:33.776 14272 14272 I OTConsentChanges: Sending 051c0654-b012-468b-b18a-6c415215790e broadcast, value = 1
05-18 06:18:33.776 14272 14272 I OTConsentChanges: Sending 0f3ec1eb-e773-4607-b915-b7fe376b5e55 broadcast, value = 1
05-18 06:18:33.777 14272 14272 I OTConsentChanges: Sending d61d42ec-083e-4721-a3db-023c09d6e9e7 broadcast, value = 1
05-18 06:18:33.778 14272 14272 I CustomGroupDetails: consent values saved as  {"C0003":1,"C0004":1}
05-18 06:18:33.779 14272 14272 I ConsentLogging: payloadObj{"identifier":"5628d2d1-d82d-4da1-8f4a-a20a6720da98","purposes":[{"Id":"AB546A62-70E8-4C81-8562-2316590582A2","TransactionType":"NO_CHOICE"},{"Id":"2C6F8944-B75B-47AB-8191-DD13A2880AE1","TransactionType":"CONFIRMED"},{"Id":"A2F27309-4B76-4287-AE3B-865E1FAD1820","TransactionType":"CONFIRMED"}],"requestInformation":"eyJhbGciOiJSUzUxMiJ9.eyJvdEp3dFZlcnNpb24iOjEsInByb2Nlc3NJZCI6IjZjYTllNWM0LThhNjEtNGQyZS05NTZmLTA4ODMxN2UxNzU3ZiIsInByb2Nlc3NWZXJzaW9uIjoxNSwiaWF0IjoiMjAyMS0wMy0xMVQwODowMTozOS4wODciLCJtb2MiOiJDT09LSUUiLCJwb2xpY3lfdXJpIjoiQmFiYmVsIGZvciBBbmRyb2lkIiwic3ViIjoiQ29va2llIFVuaXF1ZSBJZCIsImlzcyI6bnVsbCwidGVuYW50SWQiOiIxNTY0YWY0Yi0wZmE4LTQ3MDItYmVmZS1hNmViMmE4NjgxNjciLCJkZXNjcmlwdGlvbiI6IlRoaXMgY29sbGVjdGlvbiBwb2ludCBjYXB0dXJlcyB0aGUgY3VycmVudCBzaXRlIHZpc2l0b3IgY29uc2VudCBwcmVmZXJlbmNlcyBmb3IgdGhlIGFwcGxpY2F0aW9uOiBCYWJiZWwgZm9yIEFuZHJvaWQtZW4gc3BlY2lmaWVkLiIsImNvbnNlbnRUeXBlIjoiQ09PS0lFQkFOTkVSIiwiYWxsb3dOb3RHaXZlbkNvbnNlbnRzIjpmYWxzZSwiZG91YmxlT3B0SW4iOmZhbHNlLCJwdXJwb3NlcyI6W3siaWQiOiI1N2MxYTZiYy1hZWNlLTRmMWUtOTRhMi1hOGE4MDEwZmQyNGIiLCJ2ZXJzaW9uIjoxLCJwYXJlbnRJZCI6bnVsbCwidG9waWNzIjpbXSwiY3VzdG9tUHJlZmVyZW5jZXMiOltdLCJlbmFibGVHZW9sb2NhdGlvbiI6ZmFsc2V9LHsiaWQiOiI4ZTVmZDRjYS05MzQxLTRiNjEtYmE5MC03ZWRjYzlkZjBlN2UiLCJ2ZXJzaW9uIjoxLCJwYXJlbnRJZCI6bnVsbCwidG9waWNzIjpbXSwiY3VzdG9tUHJlZmVyZW5jZXMiOltdLCJlbmFibGVHZW9sb2NhdGlvbiI6ZmFsc2V9LHsiaWQiOiIzMmNhYTgwNC01ODU0LTQ3NzMtYmI2Zi1hMTVhZGFkYzI5ZDYiLCJ2ZXJzaW9uIjoxLCJwYXJlbnRJZCI6bnVsbCwidG9waWNzIjpbXSwiY3VzdG9tUHJlZmVyZW5jZXMiOltdLCJlbmFibGVHZW9sb2NhdGlvbiI6ZmFsc2V9LHsiaWQiOiIyMzc5MDQ4MC05MjNkLTRhNGMtOTA5OS05YTZlMzY2ZmNlOTUiLCJ2ZXJzaW9uIjoxLCJwYXJlbnRJZCI6bnVsbCwidG9waWNzIjpbXSwiY3VzdG9tUHJlZmVyZW5jZXMiOltdLCJlbmFibGVHZW9sb2NhdGlvbiI6ZmFsc2V9LHsiaWQiOiJhZTdkNzUzNC03YWE1LTRhYjctYjI2Ni04YzhjYWFmMDMyY2IiLCJ2ZXJzaW9uIjoxLCJwYXJlbnRJZCI6bnVsbCwidG9waWNzIjpbXSwiY3VzdG9tUHJlZmVyZW5jZXMiOltdLCJlbmFibGVHZW9sb2NhdGlvbiI6ZmFsc2V9LHsiaWQiOiI3ZTMwYzQ5Ni1jYzE5LTRlYTItYjE5Mi1mNTZkNmNmNjgyOTQiLCJ2ZXJzaW9uIjoxLCJwYXJlbnRJZCI6bnVsbCwidG9waWNzIjpbXSwiY3VzdG9tUHJlZmVyZW5jZXMiOltdLCJlbmFibGVHZW9sb2NhdGlvbiI6ZmFsc2V9LHsiaWQiOiJhODg3MzZjNi1mMThlLTQzYzYtODJmMy1hYjRlYTAwNzIwNGUiLCJ2ZXJzaW9uIjoxLCJwYXJlbnRJZCI6bnVsbCwidG9waWNzIjpbXSwiY3VzdG9tUHJlZmVyZW5jZXMiOltdLCJlbmFibGVHZW9sb2NhdGlvbiI6ZmFsc2V9LHsiaWQiOiJhYjU0NmE2Mi03MGU4LTRjODEtODU2Mi0yMzE2NTkwNTgyYTIiLCJ2ZXJzaW9uIjoxLCJwYXJlbnRJZCI6bnVsbCwidG9waWNzIjpbXSwiY3VzdG9tUHJlZmVyZW5jZXMiOltdLCJlbmFibGVHZW9sb2NhdGlvbiI6ZmFsc2V9LHsiaWQiOiIyODAxOTI2ZC0wOTIyLTQ4Y2UtYmZhZC1mMGM2N2E4NjYxODQiLCJ2ZXJzaW9uIjoxLCJwYXJlbnRJZCI6bnVsbCwidG9waWNzIjpbXSwiY3VzdG9tUHJlZmVyZW5jZXMiOltdLCJlbmFibGVHZW9sb2NhdGlvbiI6ZmFsc2V9LHsiaWQiOiJmNDM2YWZlNS0yNzAwLTQ0NTktODE5ZS1hMTNmZGZiM2VjZTUiLCJ2ZXJzaW9uIjoxLCJwYXJlbnRJZCI6bnVsbCwidG9waWNzIjpbXSwiY3VzdG9tUHJlZmVyZW5jZXMiOltdLCJlbmFibGVHZW9sb2NhdGlvbiI6ZmFsc2V9LHsiaWQiOiJhMmYyNzMwOS00Yjc2LTQyODctYWUzYi04NjVlMWZhZDE4MjAiLCJ2ZXJzaW9uIjoxLCJwYXJlbnRJZCI6bnVsbCwidG9waWNzIjpbXSwiY3VzdG9tUHJlZmVyZW5jZXMiOltdLCJlbmFibGVHZW9sb2NhdGlvbiI6ZmFsc2V9LHsiaWQiOiJjOTU4YTg0MC0wZmM0LTQwOTEtYjlmYS01Mjc0NGM3OWI4NDEiLCJ2ZXJzaW9uIjoxLCJwYXJlbnRJZCI6bnVsbCwidG9waWNzIjpbXSwiY3VzdG9tUHJlZmVyZW5jZXMiOltdLCJlbmFibGVHZW9sb2NhdGlvbiI6ZmFsc2V9LHsiaWQiOiI2MjkzYjQxNi0xZmY0LTQ3ZTItYjI4YS04YzZlZjA4MGJiN2QiLCJ2ZXJzaW9uIjoxLCJwYXJlbnRJZCI6bnVsbCwidG9waWNzIjpbXSwiY3VzdG9tUHJlZmVyZW5jZXMiOltdLCJlbmFibGVHZW9sb2NhdGlvbiI6ZmFsc2V9LHsiaWQiOiI0ZDZkMWFjZi1iMjk2LTQxOTctODA2NS1mODQzOWYyYjBkY2MiLCJ2ZXJzaW9uIjoxLCJwYXJlbnRJZCI6bnVsbCwidG9waWNzIjpbXSwiY3VzdG9tUHJlZmVyZW5jZXMiOltdLCJlbmFibGVHZW9sb2NhdGlvbiI6ZmFsc2V9LHsiaWQiOiJjYjc0ODRlNS1mNzllLTRjMzYtYWUwMS00NjQwYTU5N2NiMGMiLCJ2ZXJzaW9uIjoxLCJwYXJlbnRJZCI6bnVsbCwidG9waWNzIjpbXSwiY3VzdG9tUHJlZmVyZW5jZXMiOltdLCJlbmFibGVHZW9sb2NhdGlvbiI6ZmFsc2V9LHsiaWQiOiJjOGE2Yzg1ZS1jMDdjLTRiNmItYTU0My1hM2Y5YzJjN2Q5YzYiLCJ2ZXJzaW9uIjoxLCJwYXJlbnRJZCI6bnVsbCwidG9waWNzIjpbXSwiY3VzdG9tUHJlZmVyZW5jZXMiOltdLCJlbmFibGVHZW9sb2NhdGlvbiI6ZmFsc2V9LHsiaWQiOiJjZjk1YmNjYi1iYjQyLTRlMTEtOTM4ZS02NjYyMDdmNTJlMjciLCJ2ZXJzaW9uIjoxLCJwYXJlbnRJZCI6bnVsbCwidG9waWNzIjpbXSwiY3VzdG9tUHJlZmVyZW5jZXMiOltdLCJlbmFibGVHZW9sb2NhdGlv
