--------- beginning of main
05-18 06:18:13.851   407   407 E adbd    : failed to connect to socket 'tcp:7336': Connection refused
05-18 06:18:13.873 13677 13900 I FA      : App measurement initialized, version: 122001
05-18 06:18:13.873 13677 13900 I FA      : To enable debug logging run: adb shell setprop log.tag.FA VERBOSE
05-18 06:18:13.873 13677 13900 I FA      : To enable faster debug mode event logging run:
05-18 06:18:13.873 13677 13900 I FA      :   adb shell setprop debug.firebase.analytics.app com.google.android.youtube
--------- beginning of system
05-18 06:18:13.897   538   572 I DropBoxManagerService: add tag=system_server_wtf isTagEnabled=true flags=0x2
05-18 06:18:13.897   538   554 I ActivityManager: Background started FGS: Allowed [callingPackage: com.google.android.apps.wellbeing; callingUid: 10100; uidState: BTOP; intent: Intent { cmp=com.google.android.apps.wellbeing/com.google.apps.tiktok.concurrent.InternalForegroundService (has extras) }; code:BACKGROUND_ACTIVITY_PERMISSION; tempAllowListReason:<null>; targetSdkVersion:35; callerTargetSdkVersion:35; startForegroundCount:0; bindFromPackage:null]
05-18 06:18:13.903   407   407 E adbd    : failed to connect to socket 'tcp:7336': Connection refused
05-18 06:18:13.938  1369 13831 I Icing   : Usage reports ok 0, Failed Usage reports 0, indexed 0, rejected 0
05-18 06:18:13.950   407   407 E adbd    : failed to connect to socket 'tcp:7336': Connection refused
05-18 06:18:13.997   407   407 E adbd    : failed to connect to socket 'tcp:7336': Connection refused
05-18 06:18:14.018   538   538 W Looper  : Slow dispatch took 105ms main h=com.android.providers.settings.SettingsProvider$SettingsRegistry$MyHandler c=null m=2
05-18 06:18:14.019  1126  1145 I FontLog : (REDACTED) Received query %s, URI %s
05-18 06:18:14.029  1369 13831 I Icing   : Indexing com.google.android.gms-apps from com.google.android.gms
05-18 06:18:14.046   407   407 E adbd    : failed to connect to socket 'tcp:7336': Connection refused
05-18 06:18:14.068  1369 13831 I Icing   : Indexing done com.google.android.gms-apps
05-18 06:18:14.093   407   407 E adbd    : failed to connect to socket 'tcp:7336': Connection refused
05-18 06:18:14.101  1369 12391 I AdvertisingIdClient: shouldSendLog 29522
05-18 06:18:14.101  1369 12391 I AdvertisingIdClient: GetInfoInternal elapse 18ms
05-18 06:18:14.109  1126  1145 I FontLog : (REDACTED) Query [%s] resolved to %s
05-18 06:18:14.137  7281  7281 I GoogleInputMethodService: GoogleInputMethodService.onFinishInput():1961 
05-18 06:18:14.141   407   407 E adbd    : failed to connect to socket 'tcp:7336': Connection refused
05-18 06:18:14.143  1126  2092 I FacsCacheGmsModule: (REDACTED) Receiving API connection to FACS API from package '%s'...
05-18 06:18:14.176  1126  2092 I FacsCacheGmsModule: API connection successful!
05-18 06:18:14.186  1126  2092 I FacsCacheGmsModule: (REDACTED) Received 'getActivityControlsSettings' request from package '%s', instance id '%s', version '%d'...
05-18 06:18:14.185   538   538 W Looper  : Slow dispatch took 123ms main h=android.app.ActivityThread$H c=android.app.LoadedApk$ServiceDispatcher$RunConnection@25df15a m=0
05-18 06:18:14.187   407   407 E adbd    : failed to connect to socket 'tcp:7336': Connection refused
05-18 06:18:14.191  1126  1145 I FontLog : (REDACTED) Fetch %s end status %s
05-18 06:18:14.198  1126  2092 I FacsCacheGmsModule: Operation 'getActivityControlsSettings' dispatched!
05-18 06:18:14.199  7281  7281 I Module  : DeviceLockedStatusModuleProvider$Module.updateDeviceLockedStatus():100 repeatCheckTimes = 0, locked = false
05-18 06:18:14.202  7281  7281 W NotificationCenter: NotificationCenter$NotificationQueue.notifyPendingNotificationsOnExecutor():877 Heavy notify work detected on UI thread: [knc->jsk, knc->irk, knc->kly, knc->kmc, knc->iqc, knc->iqc, knc->iqc, knc->iqc, knc->iqc, knc->iqc, knc->iqc, knc->iqc, knc->iqc, knc->iqc, knc->iqc, knc->fus, knc->iqc, knc->ffa, knc->kyl, knc->iqc, knc->mnj, knc->fhe] takes 23ms
05-18 06:18:14.217  1126  5124 I FacsCacheGmsModule: (REDACTED) Executing operation '%s'...
05-18 06:18:14.221  1126  2092 I FontLog : (REDACTED) Pulling font file for id = %d, cache size = %d
05-18 06:18:14.225  7281  7281 I GoogleInputMethodService: GoogleInputMethodService.onDestroy():889 
05-18 06:18:14.231  1369  4620 I FacsCacheGmsModule: Receiving API connection to internal FACS API...
05-18 06:18:14.235  1126  5511 I FontLog : (REDACTED) Pulling font file for id = %d, cache size = %d
05-18 06:18:14.238   407   407 E adbd    : failed to connect to socket 'tcp:7336': Connection refused
05-18 06:18:14.242  1369  4620 I FacsCacheGmsModule: API connection successful!
05-18 06:18:14.250  7281  7281 I GlobeKeyExtension: GlobeKeyExtension.onDestroyExtension():120 
05-18 06:18:14.269  7281  7281 I ModuleManager: ModuleManager$ModuleInitListener.maybeUnloadModuleOnUnavailable():1350 module jzu is unavailable
05-18 06:18:14.276  7281  7281 I HardKeyTracker: HardKeyTracker.unregisterKeySequence():182 Unregister key sequence lxp{labelResId=2132020224, callback=bwh@2b24cd7, lastModifier=2, keyCodes=[47], actions=[0]}
05-18 06:18:14.276  7281  7281 I ModuleManager: ModuleManager$ModuleInitListener.maybeUnloadModuleOnUnavailable():1350 module dhj is unavailable
05-18 06:18:14.277  7281  7281 I ModuleManager: ModuleManager$ModuleInitListener.maybeUnloadModuleOnUnavailable():1350 module gjn is unavailable
05-18 06:18:14.281   407   407 E adbd    : failed to connect to socket 'tcp:7336': Connection refused
05-18 06:18:14.286  7281  7281 I ModuleManager: ModuleManager$ModuleInitListener.maybeUnloadModuleOnUnavailable():1350 module klz is unavailable
05-18 06:18:14.286  7281  7281 I ModuleManager: ModuleManager$ModuleInitListener.maybeUnloadModuleOnUnavailable():1350 module kmd is unavailable
05-18 06:18:14.287  1126  5124 I FacsCacheGmsModule: (REDACTED) Operation '%s' successful!
05-18 06:18:14.287  7281  7281 I ModuleManager: ModuleManager$ModuleInitListener.maybeUnloadModuleOnUnavailable():1350 module kme is unavailable
05-18 06:18:14.287  7281  7281 I ModuleManager: ModuleManager$ModuleInitListener.maybeUnloadModuleOnUnavailable():1350 module kmf is unavailable
05-18 06:18:14.287  7281  7281 I ModuleManager: ModuleManager$ModuleInitListener.maybeUnloadModuleOnUnavailable():1350 module kmg is unavailable
05-18 06:18:14.287  7281  7281 I ModuleManager: ModuleManager$ModuleInitListener.maybeUnloadModuleOnUnavailable():1350 module kyj is unavailable
05-18 06:18:14.289  7281  7281 I HardKeyTracker: HardKeyTracker.unregisterKeySequence():182 Unregister key sequence lxp{labelResId=0, callback=jph@95982e, lastModifier=0, keyCodes=[204], actions=[0]}
05-18 06:18:14.289  7281  7281 I HardKeyTracker: HardKeyTracker.unregisterKeySequence():182 Unregister key sequence lxp{labelResId=2132020222, callback=jph@b008865, lastModifier=1, keyCodes=[62, 59], actions=[0, 0]}
05-18 06:18:14.294  7281  7281 I HardKeyTracker: HardKeyTracker.unregisterKeySequence():182 Unregister key sequence lxp{labelResId=0, callback=jph@b008865, lastModifier=1, keyCodes=[62, 60], actions=[0, 0]}
05-18 06:18:14.295  7281  7281 I ModuleManager: ModuleManager$ModuleInitListener.maybeUnloadModuleOnUnavailable():1350 module kym is unavailable
05-18 06:18:14.295  7281  7281 I ModuleManager: ModuleManager$ModuleInitListener.maybeUnloadModuleOnUnavailable():1350 module lnf is unavailable
05-18 06:18:14.296  7281  7281 I ModuleManager: ModuleManager$ModuleInitListener.maybeUnloadModuleOnUnavailable():1350 module mbf is unavailable
05-18 06:18:14.320  7281  7281 I ModuleManager: ModuleManager$ModuleInitListener.maybeUnloadModuleOnUnavailable():1350 module jol is unavailable
05-18 06:18:14.323  7281  7281 W NotificationCenter: NotificationCenter$NotificationQueue.notifyPendingNotificationsOnExecutor():877 Heavy notify work detected on UI thread: [kms->lmd, kms->lmd, kms->lmd, kms->lmd, liq->lip, liq->lip, liq->lip, liq->lip, liq->lip, liq->lip, liq->lip, liq->lip, liq->lip, liq->lip, liq->lip] takes 78ms
05-18 06:18:14.327   407   407 E adbd    : failed to connect to socket 'tcp:7336': Connection refused
05-18 06:18:14.333  7281  7281 I ModuleManager: ModuleManager$ModuleInitListener.maybeUnloadModuleOnUnavailable():1350 module gjz is unavailable
05-18 06:18:14.337  7281  7281 I ModuleManager: ModuleManager$ModuleInitListener.maybeUnloadModuleOnUnavailable():1350 module fdy is unavailable
05-18 06:18:14.345  7281  7281 I ModuleManager: ModuleManager$ModuleInitListener.maybeUnloadModuleOnUnavailable():1350 module fza is unavailable
05-18 06:18:14.345  7281  7281 I ModuleManager: ModuleManager$ModuleInitListener.maybeUnloadModuleOnUnavailable():1350 module eki is unavailable
05-18 06:18:14.346  7281  7281 I ModuleManager: ModuleManager$ModuleInitListener.maybeUnloadModuleOnUnavailable():1350 module IGifKeyboardExtension is unavailable
05-18 06:18:14.351  7281  7281 I ModuleManager: ModuleManager$ModuleInitListener.maybeUnloadModuleOnUnavailable():1350 module IStickerExtension is unavailable
05-18 06:18:14.354  7281  7281 I ModuleManager: ModuleManager$ModuleInitListener.maybeUnloadModuleOnUnavailable():1350 module djv is unavailable
05-18 06:18:14.371   407   407 E adbd    : failed to connect to socket 'tcp:7336': Connection refused
05-18 06:18:14.396  7281  7281 I ModuleManager: ModuleManager$ModuleInitListener.maybeUnloadModuleOnUnavailable():1350 module gsb is unavailable
05-18 06:18:14.398  7281  7281 I ModuleManager: ModuleManager$ModuleInitListener.maybeUnloadModuleOnUnavailable():1350 module dlm is unavailable
05-18 06:18:14.413  7281  7281 I ModuleManager: ModuleManager$ModuleInitListener.maybeUnloadModuleOnUnavailable():1350 module dlb is unavailable
05-18 06:18:14.414  7281  7281 I ModuleManager: ModuleManager$ModuleInitListener.maybeUnloadModuleOnUnavailable():1350 module ITranslateUIExtension is unavailable
05-18 06:18:14.414  7281  7281 I ModuleManager: ModuleManager$ModuleInitListener.maybeUnloadModuleOnUnavailable():1350 module gsy is unavailable
05-18 06:18:14.418  7281  7281 I ModuleManager: ModuleManager$ModuleInitListener.maybeUnloadModuleOnUnavailable():1350 module dyn is unavailable
05-18 06:18:14.491  7281  7281 I ModuleManager: ModuleManager$ModuleInitListener.maybeUnloadModuleOnUnavailable():1350 module dyi is unavailable
05-18 06:18:14.491  7281  7281 W NotificationCenter: NotificationCenter$NotificationQueue.notifyPendingNotificationsOnExecutor():877 Heavy notify work detected on UI thread: [lia->liv] takes 70ms
05-18 06:18:14.493  7281  7281 I ModuleManager: ModuleManager$ModuleInitListener.maybeUnloadModuleOnUnavailable():1350 module dur is unavailable
05-18 06:18:14.495  7281  7281 I ModuleManager: ModuleManager$ModuleInitListener.maybeUnloadModuleOnUnavailable():1350 module dho is unavailable
05-18 06:18:14.495  7281  7281 I ModuleManager: ModuleManager$ModuleInitListener.maybeUnloadModuleOnUnavailable():1350 module goa is unavailable
05-18 06:18:14.495  7281  7281 I ModuleManager: ModuleManager$ModuleInitListener.maybeUnloadModuleOnUnavailable():1350 module gsz is unavailable
05-18 06:18:14.496  7281  7281 I HardKeyTracker: HardKeyTracker.unregisterKeySequence():182 Unregister key sequence lxp{labelResId=2132020217, callback=cct@784f839, lastModifier=2, keyCodes=[37], actions=[0]}
05-18 06:18:14.496  7281  7281 I HardKeyTracker: HardKeyTracker.unregisterKeySequence():182 Unregister key sequence lxp{labelResId=2132018698, callback=cct@768cae7, lastModifier=2, keyCodes=[39], actions=[0]}
05-18 06:18:14.496  7281  7281 I HardKeyTracker: HardKeyTracker.unregisterKeySequence():182 Unregister key sequence lxp{labelResId=2132020218, callback=cct@ecbeafb, lastModifier=65536, keyCodes=[76], actions=[0]}
05-18 06:18:14.496  7281  7281 I HardKeyTracker: HardKeyTracker.unregisterKeySequence():182 Unregister key sequence lxp{labelResId=2132020219, callback=cct@405f7ad, lastModifier=2, keyCodes=[48], actions=[0]}
05-18 06:18:14.496  7281  7281 I HardKeyTracker: HardKeyTracker.unregisterKeySequence():182 Unregister key sequence lxp{labelResId=2132020214, callback=cct@a509f56, lastModifier=2, keyCodes=[50], actions=[0]}
05-18 06:18:14.501  7281  7281 W NotificationCenter: NotificationCenter.unregisterListener():480 Listener imp@924f82b was not registered for notification class ioo
05-18 06:18:14.504  7281  7281 W NotificationCenter: NotificationCenter.unregisterListener():480 Listener imo@49cf488 was not registered for notification class ioq
05-18 06:18:14.504  7281  7281 I HardKeyTracker: HardKeyTracker.unregisterKeySequence():182 Unregister key sequence lxp{labelResId=2132020223, callback=ffo@ae515a5, lastModifier=2, keyCodes=[62], actions=[0]}
05-18 06:18:14.504  7281  7281 I HardKeyTracker: HardKeyTracker.unregisterKeySequence():182 Unregister key sequence lxp{labelResId=2132020221, callback=null, lastModifier=2, keyCodes=[8], actions=[0]}
05-18 06:18:14.505  7281  7281 I ModuleManager: ModuleManager$ModuleInitListener.maybeUnloadModuleOnUnavailable():1350 module imu is unavailable
05-18 06:18:14.506  7281  7281 I ModuleManager: ModuleManager$ModuleInitListener.maybeUnloadModuleOnUnavailable():1350 module lwz is unavailable
05-18 06:18:14.506  7281  7281 I ModuleManager: ModuleManager$ModuleInitListener.maybeUnloadModuleOnUnavailable():1350 module lxa is unavailable
05-18 06:18:14.506  7281  7281 I ModuleManager: ModuleManager$ModuleInitListener.maybeUnloadModuleOnUnavailable():1350 module mdq is unavailable
05-18 06:18:14.507  7281  7281 I ModuleManager: ModuleManager$ModuleInitListener.maybeUnloadModuleOnUnavailable():1350 module gnz is unavailable
05-18 06:18:14.511  7281  7281 I EmojifyExtensionImpl: EmojifyExtensionImpl.onDestroy():605 Destroying Emojify extension ecq@5b489bc.
05-18 06:18:14.511  7281  7281 I ModuleManager: ModuleManager$ModuleInitListener.maybeUnloadModuleOnUnavailable():1350 module ecc is unavailable
05-18 06:18:14.511  7281  7281 I AbstractOpenableExtension: AbstractOpenableExtension.maybeDestroyExistingKeyboardGroupManager():537 Destroy existing keyboard group manager in edp
05-18 06:18:14.511  7281  7281 I ModuleManager: ModuleManager$ModuleInitListener.maybeUnloadModuleOnUnavailable():1350 module IExpressionMomentExtension is unavailable
05-18 06:18:14.511  7281  7281 I AbstractOpenableExtension: AbstractOpenableExtension.maybeDestroyExistingKeyboardGroupManager():537 Destroy existing keyboard group manager in fyk
05-18 06:18:14.512  7281  7281 I ModuleManager: ModuleManager$ModuleInitListener.maybeUnloadModuleOnUnavailable():1350 module FastAccessBarExtension is unavailable
05-18 06:18:14.512  7281  7281 I ModuleManager: ModuleManager$ModuleInitListener.maybeUnloadModuleOnUnavailable():1350 module IBitmojiExtension is unavailable
05-18 06:18:14.513  7281  7281 I ModuleManager: ModuleManager$ModuleInitListener.maybeUnloadModuleOnUnavailable():1350 module ehc is unavailable
05-18 06:18:14.514  7281  7281 I ModuleManager: ModuleManager$ModuleInitListener.maybeUnloadModuleOnUnavailable():1350 module dnu is unavailable
05-18 06:18:14.514  7281  7281 I ModuleManager: ModuleManager$ModuleInitListener.maybeUnloadModuleOnUnavailable():1350 module gjt is unavailable
05-18 06:18:14.517  7281  7281 I ModuleManager: ModuleManager$ModuleInitListener.maybeUnloadModuleOnUnavailable():1350 module ftv is unavailable
05-18 06:18:14.517  7281  7281 I ModuleManager: ModuleManager$ModuleInitListener.maybeUnloadModuleOnUnavailable():1350 module IUniversalMediaExtension is unavailable
05-18 06:18:14.519  7281  7281 I ModuleManager: ModuleManager$ModuleInitListener.maybeUnloadModuleOnUnavailable():1350 module dzn is unavailable
05-18 06:18:14.520  7281  7281 I ModuleManager: ModuleManager$ModuleInitListener.maybeUnloadModuleOnUnavailable():1350 module ebf is unavailable
05-18 06:18:14.520  7281  7281 I ModuleManager: ModuleManager$ModuleInitListener.maybeUnloadModuleOnUnavailable():1350 module epr is unavailable
05-18 06:18:14.520  7281  7281 I ModuleManager: ModuleManager$ModuleInitListener.maybeUnloadModuleOnUnavailable():1350 module etx is unavailable
05-18 06:18:14.520  7281  7281 I ModuleManager: ModuleManager$ModuleInitListener.maybeUnloadModuleOnUnavailable():1350 module evr is unavailable
05-18 06:18:14.524  7281  7281 I ModuleManager: ModuleManager$ModuleInitListener.maybeUnloadModuleOnUnavailable():1350 module fck is unavailable
05-18 06:18:14.524  7281  7281 I ModuleManager: ModuleManager$ModuleInitListener.maybeUnloadModuleOnUnavailable():1350 module fdz is unavailable
05-18 06:18:14.526  7281  7420 I InputActionMetricsProcessor: InputActionMetricsProcessor.onDetached():107 Detached from metrics manager.
05-18 06:18:14.529  7281  7281 I ModuleManager: ModuleManager$ModuleInitListener.maybeUnloadModuleOnUnavailable():1350 module ffc is unavailable
05-18 06:18:14.529  7281  7281 I ModuleManager: ModuleManager$ModuleInitListener.maybeUnloadModuleOnUnavailable():1350 module fgw is unavailable
05-18 06:18:14.529  7281  7281 I JapaneseMozcExtension: JapaneseMozcExtension.onDestroy():52 
05-18 06:18:14.529  7281  7281 I ModuleManager: ModuleManager$ModuleInitListener.maybeUnloadModuleOnUnavailable():1350 module fhj is unavailable
05-18 06:18:14.529  7281  7281 I ModuleManager: ModuleManager$ModuleInitListener.maybeUnloadModuleOnUnavailable():1350 module fpf is unavailable
05-18 06:18:14.530  7281  7281 I ModuleManager: ModuleManager$ModuleInitListener.maybeUnloadModuleOnUnavailable():1350 module fsu is unavailable
05-18 06:18:14.530  7281  7281 I ModuleManager: ModuleManager$ModuleInitListener.maybeUnloadModuleOnUnavailable():1350 module IEmojiOrGifExtension is unavailable
05-18 06:18:14.530  7281  7281 I ModuleManager: ModuleManager$ModuleInitListener.maybeUnloadModuleOnUnavailable():1350 module IEmoticonExtension is unavailable
05-18 06:18:14.541  7281  7281 I ModuleManager: ModuleManager$ModuleInitListener.maybeUnloadModuleOnUnavailable():1350 module fxh is unavailable
05-18 06:18:14.541  7281  7281 I ModuleManager: ModuleManager$ModuleInitListener.maybeUnloadModuleOnUnavailable():1350 module gam is unavailable
05-18 06:18:14.541  7281  7281 I ModuleManager: ModuleManager$ModuleInitListener.maybeUnloadModuleOnUnavailable():1350 module gts is unavailable
05-18 06:18:14.542  7281  7281 I UniversalDictationExtension: UniversalDictationExtension.onDestroyExtension():92 onDestroy [UD]
05-18 06:18:14.542  7281  7281 I ModuleManager: ModuleManager$ModuleInitListener.maybeUnloadModuleOnUnavailable():1350 module gtu is unavailable
05-18 06:18:14.542  7281  7281 I OnDevicePackDownloadModule: OnDevicePackDownloadModule.onDestroy():95 onDestroy()
05-18 06:18:14.542  7281  7281 I ModuleManager: ModuleManager$ModuleInitListener.maybeUnloadModuleOnUnavailable():1350 module gyt is unavailable
05-18 06:18:14.543  7281  7281 I NewS3RecognizerModule: NewS3RecognizerModule.onDestroy():21 onDestroy [news3]
05-18 06:18:14.543  7281  7281 I ModuleManager: ModuleManager$ModuleInitListener.maybeUnloadModuleOnUnavailable():1350 module hau is unavailable
05-18 06:18:14.543  7281  7281 I ModuleManager: ModuleManager$ModuleInitListener.maybeUnloadModuleOnUnavailable():1350 module imw is unavailable
05-18 06:18:14.546  7281  7281 I ModuleManager: ModuleManager$ModuleInitListener.maybeUnloadModuleOnUnavailable():1350 module ipd is unavailable
05-18 06:18:14.546  7281  7281 I ModuleManager: ModuleManager$ModuleInitListener.maybeUnloadModuleOnUnavailable():1350 module jsl is unavailable
05-18 06:18:14.546  7281  7281 I ModuleManager: ModuleManager$ModuleInitListener.maybeUnloadModuleOnUnavailable():1350 module IBannerExtension is unavailable
05-18 06:18:14.546  7281  7281 I ModuleManager: ModuleManager$ModuleInitListener.maybeUnloadModuleOnUnavailable():1350 module mkd is unavailable
05-18 06:18:14.546  7281  7281 I ModuleManager: ModuleManager$ModuleInitListener.maybeUnloadModuleOnUnavailable():1350 module mng is unavailable
05-18 06:18:14.547  7281  7281 I ModuleManager: ModuleManager$ModuleInitListener.maybeUnloadModuleOnUnavailable():1350 module moa is unavailable
05-18 06:18:14.547  7281  7281 I ModuleManager: ModuleManager$ModuleInitListener.maybeUnloadModuleOnUnavailable():1350 module gtf is unavailable
05-18 06:18:14.548  7281  7281 I ModuleManager: ModuleManager$ModuleInitListener.maybeUnloadModuleOnUnavailable():1350 module gtk is unavailable
05-18 06:18:14.551  7281  7281 I ModuleManager: ModuleManager$ModuleInitListener.maybeUnloadModuleOnUnavailable():1350 module etm is unavailable
05-18 06:18:14.553  7281  7281 I ModuleManager: ModuleManager$ModuleInitListener.maybeUnloadModuleOnUnavailable():1350 module etq is unavailable
05-18 06:18:14.556  7281  7281 I ModuleManager: ModuleManager$ModuleInitListener.maybeUnloadModuleOnUnavailable():1350 module mlv is unavailable
05-18 06:18:14.556  7281  7281 I ModuleManager: ModuleManager$ModuleInitListener.maybeUnloadModuleOnUnavailable():1350 module mjm is unavailable
05-18 06:18:14.558  7281  7281 I ModuleManager: ModuleManager$ModuleInitListener.maybeUnloadModuleOnUnavailable():1350 module jnf is unavailable
05-18 06:18:14.559  7281  7281 I ModuleManager: ModuleManager$ModuleInitListener.maybeUnloadModuleOnUnavailable():1350 module fuo is unavailable
05-18 06:18:14.559  7281  7281 I ModuleManager: ModuleManager$ModuleInitListener.maybeUnloadModuleOnUnavailable():1350 module fur is unavailable
05-18 06:18:14.559  7281  7281 I ModuleManager: ModuleManager$ModuleInitListener.maybeUnloadModuleOnUnavailable():1350 module kyf is unavailable
05-18 06:18:14.560  7281  7281 I HardKeyTracker: HardKeyTracker.unregisterKeySequence():182 Unregister key sequence lxp{labelResId=0, callback=ffo@5e91648, lastModifier=0, keyCodes=[57, 57], actions=[1, 0]}
05-18 06:18:14.560  7281  7281 I HardKeyTracker: HardKeyTracker.unregisterKeySequence():182 Unregister key sequence lxp{labelResId=0, callback=ffo@255c8c7, lastModifier=0, keyCodes=[58, 58], actions=[1, 0]}
05-18 06:18:14.560  7281  7281 I AbstractOpenableExtension: AbstractOpenableExtension.maybeDestroyExistingKeyboardGroupManager():537 Destroy existing keyboard group manager in fvs
05-18 06:18:14.560  7281  7281 I ModuleManager: ModuleManager$ModuleInitListener.maybeUnloadModuleOnUnavailable():1350 module IEmojiSearchExtension is unavailable
05-18 06:18:14.564  7281  7281 W NotificationCenter: NotificationCenter$NotificationQueue.notifyPendingNotificationsOnExecutor():877 Heavy notify work detected on UI thread: [kmv->lmd, kmv->lmd, kmv->lmd, kmv->lmd, kmv->lmd, kmv->lmd, kmv->lmd, kmv->lmd, kmv->lmd, kmv->lmd, kmv->lmd, kmv->lmd, kmv->lmd, kmv->lmd, kmv->lmd, kmv->lmd, kmv->lmd, kmv->lmd, kmv->lmd, kmv->lmd, liq->lip, liq->lip, liq->lip, liq->lip, liq->lip, liq->lip, liq->lip, liq->lip, liq->lip, liq->lip, liq->lip, liq->lip, liq->lip, liq->lip, liq->lip, liq->lip, liq->lip, liq->lip, liq->lip, liq->lip, liq->lip, liq->lip, liq->lip, liq->lip, liq->lip, liq->lip, liq->lip, liq->lip, liq->lip, liq->lip, liq->lip, liq->lip, liq->lip, liq->lip, liq->lip, liq->lip, liq->lip, liq->lip, liq->lip, liq->lip, liq->lip, liq->lip, liq->lip, liq->lip, ips->lmd, ips->lmd, ips->lmd, ips->lmd, ips->lmd, ips->lmd, ips->lmd, ips->lmd, ips->lmd, liq->lip, liq->lip, liq->lip, liq->lip, liq->lip, liq->lip, liq->lip, liq->lip, liq->lip, liq->lip, liq->lip, liq->lip, liq->lip, liq->lip, liq->lip] takes 240ms
05-18 06:18:14.567  7281  7281 I GoogleInputMethodService: GoogleInputMethodService.onDestroy():922 Maybe update OEM display config because of service destruction
05-18 06:18:14.572  7281  7281 I DeviceModeModule: DeviceModeModule.calculateAndNotify():198 Window metrics is not available, fallback to app context.
05-18 06:18:14.573  7281  7281 I DeviceModeModule: DeviceModeModule.calculateAndNotify():225 Device mode 'phone' from display metrics 'DisplayMetrics{density=0.0, width=1080, height=2400, scaledDensity=0.0, xdpi=420.0, ydpi=420.0}' or smallestScreenWidthDp: 411
05-18 06:18:14.575   538   559 E RemoteAugmentedAutofillService: Bad service name for flags 1048704: com.google.android.as/com.google.android.apps.miphone.aiai.app.AiAiAugmentedAutofillService
05-18 06:18:14.575  7281  7281 I GoogleInputMethodService: GoogleInputMethodService.clearInputMethodServiceData():983 clearInputMethodServiceData for onDestroy
05-18 06:18:14.577  7281  7281 I GoogleInputMethodService: GoogleInputMethodService.discardAllKeyboardViewAndInputView():1147 discardAllKeyboardViewAndInputView()
05-18 06:18:14.578  7281  7281 I InputMethodEntryManager: InputMethodEntryManager.notifyCurrentInputMethodEntryOnContextChanged():545 notifyCurrentInputMethodEntryOnContextChanged()
05-18 06:18:14.578  7281  7281 I InputMethodEntryManager: InputMethodEntryManager.notifyCurrentInputMethodEntryOnContextChanged():566 Notify current input method entry changed on context change
05-18 06:18:14.579  7281  7281 I KeyboardThemeProvider: KeyboardThemeProvider.reset():39 Reset keyboard theme
05-18 06:18:14.579  7281  7281 I KeyboardContextProvider: KeyboardContextProvider.setBaseContextAndInvalidKeyboardContextCache():88 setBaseContextAndInvalidKeyboardContextCache(): null
05-18 06:18:14.584   538   823 W InputManager-JNI: Input channel object '35f710 InputMethod (client)' was disposed without first being removed with the input manager!
05-18 06:18:14.594  7281  7281 W PackageUtil: PackageUtil.getApplicationInfo():50 Package io.github.ylimit.droidbotapp not found.
05-18 06:18:14.595  7281  7281 W PackageUtil: PackageUtil.getPackageInfo():31 Package io.github.ylimit.droidbotapp not found.
05-18 06:18:14.599  7281  7281 I AbstractOpenableExtension: AbstractOpenableExtension$3.onSuccess():555 KeyboardGroupManager destroyed in edp.
05-18 06:18:14.599  7281  7281 I AbstractOpenableExtension: AbstractOpenableExtension$3.onSuccess():555 KeyboardGroupManager destroyed in fyk.
05-18 06:18:14.599  7281  7281 I AbstractOpenableExtension: AbstractOpenableExtension$3.onSuccess():555 KeyboardGroupManager destroyed in fvs.
05-18 06:18:14.694  3807  3807 I abb     : StartCommandInProcess(73657474696e67730067657400676c6f settings.get.glo [truncated])
05-18 06:18:14.693   538   538 W Binder:538_1B: type=1400 audit(0.0:321): avc: denied { getopt } for scontext=u:r:system_server:s0 tcontext=u:r:shell:s0 tclass=unix_stream_socket permissive=0
05-18 06:18:14.704  3807  3807 I abb     : StartCommandInProcess(7061636b61676500696e7374616c6c00 package.install. [truncated])
05-18 06:18:14.693   538   538 W Binder:538_1B: type=1400 audit(0.0:322): avc: denied { getopt } for scontext=u:r:system_server:s0 tcontext=u:r:shell:s0 tclass=unix_stream_socket permissive=0
05-18 06:18:14.693   538   538 W Binder:538_1B: type=1400 audit(0.0:323): avc: denied { getopt } for scontext=u:r:system_server:s0 tcontext=u:r:shell:s0 tclass=unix_stream_socket permissive=0
05-18 06:18:15.705   538   538 W Binder:538_7: type=1400 audit(0.0:324): avc: denied { getopt } for scontext=u:r:system_server:s0 tcontext=u:r:shell:s0 tclass=unix_stream_socket permissive=0
05-18 06:18:15.908   538   572 W BroadcastQueue: Background execution not allowed: receiving Intent { act=android.intent.action.DROPBOX_ENTRY_ADDED flg=0x10 (has extras) } to com.google.android.gms/.stats.service.DropBoxEntryAddedReceiver
05-18 06:18:16.005   538   593 I PackageManager: Integrity check passed for file:///data/app/vmdl1186985154.tmp
05-18 06:18:16.041  1265  1291 I exkh    : (REDACTED) appOpsListener %s %s
05-18 06:18:16.042  1265  1291 I exkh    : (REDACTED) Ignoring irrelevant audio permission changes for package %s
05-18 06:18:16.042  1263  6592 I MediaProvider: Invalidating LocalCallingIdentity cache for package com.babbel.mobile.android.en. Reason: op android:read_external_storage
05-18 06:18:16.044  1263  6592 I MediaProvider: Invalidating LocalCallingIdentity cache for package com.babbel.mobile.android.en. Reason: op android:read_external_storage
05-18 06:18:16.044   538   593 I PackageDexOptimizer: Running dexopt (dexoptNeeded=1) on: /data/app/~~C9AZ4K0bKrlospngqHNATA==/com.babbel.mobile.android.en-uUQk_gNoPtFjq4BmS-dhew==/base.apk pkg=com.babbel.mobile.android.en isa=x86_64 dexoptFlags=boot_complete,profile_guided,public,enable_hidden_api_checks targetFilter=speed-profile oatDir=/data/app/~~C9AZ4K0bKrlospngqHNATA==/com.babbel.mobile.android.en-uUQk_gNoPtFjq4BmS-dhew==/oat classLoaderContext=PCL[]{}
05-18 06:18:16.153 13990 13990 W dex2oat64: Unexpected CPU variant for X86 using defaults: x86_64
05-18 06:18:16.153 13990 13990 W dex2oat64: Mismatch between dex2oat instruction set features to use (ISA: X86_64 Feature string: -ssse3,-sse4.1,-sse4.2,-avx,-avx2,-popcnt) and those from CPP defines (ISA: X86_64 Feature string: ssse3,sse4.1,sse4.2,-avx,-avx2,popcnt) for the command line:
05-18 06:18:16.153 13990 13990 W dex2oat64: /apex/com.android.art/bin/dex2oat64 --zip-fd=7 --zip-location=base.apk --oat-fd=8 --oat-location=/data/app/~~C9AZ4K0bKrlospngqHNATA==/com.babbel.mobile.android.en-uUQk_gNoPtFjq4BmS-dhew==/oat/x86_64/base.odex --input-vdex-fd=-1 --output-vdex-fd=9 --swap-fd=10 --classpath-dir=/data/app/~~C9AZ4K0bKrlospngqHNATA==/com.babbel.mobile.android.en-uUQk_gNoPtFjq4BmS-dhew== --class-loader-context=PCL[]{} --compact-dex-level=none --instruction-set=x86_64 --instruction-set-features=default --instruction-set-variant=x86_64 --compiler-filter=speed-profile --compilation-reason=install --max-image-block-size=524288 --resolve-startup-const-strings=true --generate-mini-debug-info --runtime-arg -Xtarget-sdk-version:30 --runtime-arg -Xhidden-api-policy:enabled --runtime-arg -Xms64m --runtime-arg -Xmx512m
05-18 06:18:16.153 13990 13990 I dex2oat64: /apex/com.android.art/bin/dex2oat64 --input-vdex-fd=-1 --output-vdex-fd=9 --classpath-dir=/data/app/~~C9AZ4K0bKrlospngqHNATA==/com.babbel.mobile.android.en-uUQk_gNoPtFjq4BmS-dhew== --class-loader-context=PCL[]{} --compact-dex-level=none --compiler-filter=speed-profile --compilation-reason=install --max-image-block-size=524288 --resolve-startup-const-strings=true --generate-mini-debug-info
05-18 06:18:16.525 13990 13990 I dex2oat64: Large app, accepted running with swap.
05-18 06:18:17.403   176   176 I servicemanager: Since 'apexservice' could not be found, trying to start it as a lazy AIDL service
05-18 06:18:17.661   176   176 I BpBinder: onLastStrongRef automatically unlinking death recipients: <uncached descriptor>
05-18 06:18:17.663   176   176 I servicemanager: Tried to unregister apexservice, but there is about to be a client.
05-18 06:18:17.898  1521  1760 I earchbox:searc: oneway function results for code 2 on binder at 0x795c0a339fd0 will be dropped but finished with status UNKNOWN_TRANSACTION
05-18 06:18:18.114  1263  6017 W MediaProvider: isAppCloneUserPair for user 0: false
05-18 06:18:18.231   178   178 I hwservicemanager: getTransport: Cannot find entry android.hardware.graphics.mapper@4.0::IMapper/default in either framework or device VINTF manifest.
05-18 06:18:18.232 14023 14025 I Gralloc4: mapper 4.x is not supported
05-18 06:18:18.273  1126 13723 I NetworkScheduler.Stats: (REDACTED) Task %s/%s started execution. cause:%s exec_start_elapsed_seconds: %s
05-18 06:18:18.293  1126 13676 I NetworkScheduler.Stats: (REDACTED) Task %s/%s finished executing. cause:%s result: %s elapsed_millis: %s uptime_millis: %s exec_start_elapsed_seconds: %s
05-18 06:18:18.316   176   176 I servicemanager: Notifying apexservice they have clients: 1
05-18 06:18:19.131 13990 13990 I dex2oat64: dex2oat took 2.980s (7.563s cpu) (threads: 4) arena alloc=0B (0B) java alloc=30MB (31510544B) native alloc=4847KB (4963344B) free=1556KB (1594336B) swap=16MB (16777216B)
05-18 06:18:19.193   432   441 E installd: Couldn't opendir /data/app/vmdl1186985154.tmp: No such file or directory
05-18 06:18:19.193   432   441 E installd: Failed to delete /data/app/vmdl1186985154.tmp: No such file or directory
05-18 06:18:19.193   538   538 W Binder:538_7: type=1400 audit(0.0:325): avc: denied { getopt } for scontext=u:r:system_server:s0 tcontext=u:r:shell:s0 tclass=unix_stream_socket permissive=0
05-18 06:18:19.206  1263  1263 I MediaProvider: Invalidating LocalCallingIdentity cache for package com.babbel.mobile.android.en. Reason: package android.intent.action.PACKAGE_ADDED
05-18 06:18:19.208   538   571 E system_server: No package ID 7f found for ID 0x7f0802a6.
05-18 06:18:19.208   538   571 E system_server: No package ID 7f found for ID 0x7f120086.
05-18 06:18:19.208   538   571 E system_server: No package ID 7f found for ID 0x7f120086.
05-18 06:18:19.193   538   538 W Binder:538_7: type=1400 audit(0.0:326): avc: denied { getopt } for scontext=u:r:system_server:s0 tcontext=u:r:shell:s0 tclass=unix_stream_socket permissive=0
05-18 06:18:19.217  1265  1265 I fftj    : (REDACTED) O received %s
05-18 06:18:19.219  1815  1815 I Finsky  : [2] acwd.g(1): acwd - Received: android.intent.action.PACKAGE_ADDED, [cyB_5huoSr8hz4ak1IMDEc6FJjy_KT2rLK895k4-id0]
05-18 06:18:19.220  1369  1369 I IntentFilterVerRcvr: S+ domain verification enabled [CONTEXT service_id=244 ]
05-18 06:18:19.221  2354  2354 I Finsky:background: [2] acvs.g(6): acvs - Received: android.intent.action.PACKAGE_ADDED, [cyB_5huoSr8hz4ak1IMDEc6FJjy_KT2rLK895k4-id0]
05-18 06:18:19.224   538   633 I RoleService: Granting default roles...
05-18 06:18:19.227  1369 13870 I AppLinksIntentOperation: Verifying requested domains [CONTEXT service_id=244 ]
05-18 06:18:19.193   538   538 W Binder:538_7: type=1400 audit(0.0:327): avc: denied { getopt } for scontext=u:r:system_server:s0 tcontext=u:r:shell:s0 tclass=unix_stream_socket permissive=0
05-18 06:18:19.277   538   640 I InputReader: Reconfiguring input devices, changes=KEYBOARD_LAYOUTS | 
05-18 06:18:19.297  2452  2470 I PermissionControllerServiceImpl: Updating user sensitive for uid 10179
05-18 06:18:19.307   538   538 I Telecom : DefaultDialerCache: Refreshing default dialer for user 0: now com.android.dialer: DDC.oR@AKI
05-18 06:18:19.315   538  1976 W BroadcastQueue: Background execution not allowed: receiving Intent { act=android.intent.action.PACKAGE_ADDED dat=package:com.babbel.mobile.android.en flg=0x4000010 (has extras) } to com.google.android.packageinstaller/com.android.packageinstaller.PackageInstalledReceiver
05-18 06:18:19.315   538   572 W BroadcastQueue: Background execution not allowed: receiving Intent { act=android.intent.action.PACKAGE_ADDED dat=package:com.babbel.mobile.android.en flg=0x4000010 (has extras) } to com.android.vending/com.google.android.finsky.packagemonitor.impl.PackageMonitorReceiverImpl$RegisteredReceiver
05-18 06:18:19.320   538   572 W BroadcastQueue: Background execution not allowed: receiving Intent { act=android.intent.action.PACKAGE_ADDED dat=package:com.babbel.mobile.android.en flg=0x4000010 (has extras) } to com.android.vending/com.google.android.finsky.packagemonitor.backgroundimpl.BackgroundPackageMonitorReceiverImpl$RegisteredReceiver
05-18 06:18:19.320   538   572 W BroadcastQueue: Background execution not allowed: receiving Intent { act=android.intent.action.PACKAGE_ADDED dat=package:com.babbel.mobile.android.en flg=0x4000010 (has extras) } to com.google.android.gms/.chimera.GmsIntentOperationService$PersistentTrustedReceiver
05-18 06:18:19.321   538   572 W BroadcastQueue: Background execution not allowed: receiving Intent { act=android.intent.action.PACKAGE_ADDED dat=package:com.babbel.mobile.android.en flg=0x4000010 (has extras) } to com.google.android.gms/.games.chimera.GamesSystemBroadcastReceiverProxy
05-18 06:18:19.321   538   572 W BroadcastQueue: Background execution not allowed: receiving Intent { act=android.intent.action.PACKAGE_ADDED dat=package:com.babbel.mobile.android.en flg=0x4000010 (has extras) } to com.google.android.gms/.gass.chimera.PackageChangeBroadcastReceiver
05-18 06:18:19.336  2452 13825 W Role    : Cannot get ApplicationInfo for default holder: com.google.android.contacts
05-18 06:18:19.350  1815  1815 I Finsky  : [2] aspk.c(44): Do not start WearSupportService due to Wear service optimization
05-18 06:18:19.355  1815  1815 I Finsky  : [2] ajtr.f(9): Clearing split related stale data.
05-18 06:18:19.355  1815  1815 I Finsky  : [2] wzu.jr(11): DTU: Received onPackageAdded, replacing: false
05-18 06:18:19.355  1815  1815 I Finsky  : [2] nct.f(7): AIM: AppInfoCacheUpdater -> invalidating apps: [com.babbel.mobile.android.en]
05-18 06:18:19.356  1815  1815 I Finsky  : [2] ndh.c(19): AIM: AppInfoManager-Perf > getApps > called for 1 apps
05-18 06:18:19.356  1815  2259 I Finsky  : [65] neq.a(47): AIM: AppInfoManager-Perf > OnDeviceAppInfo > cacheHitCount=0, cacheMissCount=1. Missed  in cache (limit 10) : [com.babbel.mobile.android.en]
05-18 06:18:19.357  1815  2209 I Finsky  : [57] mhi.apply(1134): AIM: Got app ownership map. App counts: . Unique apps: 0
05-18 06:18:19.357  1815  2209 E Finsky  : [57] agpe.x(47): [Counters] attempted to use a non-positive increment for: 4752
05-18 06:18:19.357  1815  2209 I Finsky  : [57] neq.a(47): AIM: AppInfoManager-Perf > OnDeviceAppInfo > cacheHitCount=0, cacheMissCount=1. Missed  in cache (limit 10) : [com.babbel.mobile.android.en]
05-18 06:18:19.358  1815 13427 I Finsky  : [197] pnk.kh(215): [ContentSync] finished, scheduled=false
05-18 06:18:19.358  1815  2209 E Finsky  : [57] agpe.x(47): [Counters] attempted to use a non-positive increment for: 4753
05-18 06:18:19.358  1815  2209 I Finsky  : [57] mhi.apply(1134): AIM: Got app ownership map. App counts: . Unique apps: 0
05-18 06:18:19.358  1815  2209 E Finsky  : [57] agpe.x(47): [Counters] attempted to use a non-positive increment for: 4752
05-18 06:18:19.358  1815  2209 E Finsky  : [57] agpe.x(47): [Counters] attempted to use a non-positive increment for: 4753
05-18 06:18:19.385  2452 13825 W Role    : Cannot get ApplicationInfo for default holder: com.google.android.as
05-18 06:18:19.395  1369 13870 I AppLinksRequestHandler: (REDACTED) Processing %d input requests
05-18 06:18:19.436  1369 13870 I AppLinksUtilsV1: Legacy cross-profile verification enabled [CONTEXT service_id=244 ]
05-18 06:18:19.463  2354 13408 I Finsky:background: [114] rtb.accept(118): Wrote row to frosting DB: 484
05-18 06:18:19.502  1815  2209 I Finsky  : [57] nel.a(218): AIM: AppInfoManager-Perf > ItemModel > CacheSize=27, cacheHitCount=0, cacheMissCount=0, total appsWithNoServerDataCount=1. Missed  in cache (limit 10) : []
05-18 06:18:19.509  1815  2172 I Finsky  : [52] nel.a(218): AIM: AppInfoManager-Perf > ItemModel > CacheSize=27, cacheHitCount=0, cacheMissCount=0, total appsWithNoServerDataCount=1. Missed  in cache (limit 10) : []
05-18 06:18:19.513  1369 14037 I Auth    : (REDACTED) [SupervisedAccountIntentOperationV2] onHandleIntent: %s
05-18 06:18:19.523  1815  2172 I Finsky  : [52] lzm.accept(133): AIM: AppInfoManager-Perf > getApps > data collection finished
05-18 06:18:19.523  1815  2172 I Finsky  : [52] ndj.run(909): AIM: AppInfoManager-Perf > maybeDestroyAppInfoManager is called. actives = 0
05-18 06:18:19.550  1369 14051 E heep    : *~*~*~ Previous channel {0} was garbage collected without being shut down! ~*~*~*
05-18 06:18:19.550  1369 14051 E heep    :     Make sure to call shutdown()/shutdownNow()
05-18 06:18:19.550  1369 14051 E heep    : java.lang.RuntimeException: ManagedChannel allocation site
05-18 06:18:19.550  1369 14051 E heep    : 	at heeo.<init>(:com.google.android.gms@251333032@25.13.33 (190800-745790146):21)
05-18 06:18:19.550  1369 14051 E heep    : 	at heep.<init>(:com.google.android.gms@251333032@25.13.33 (190800-745790146):10)
05-18 06:18:19.550  1369 14051 E heep    : 	at heen.a(:com.google.android.gms@251333032@25.13.33 (190800-745790146):244)
05-18 06:18:19.550  1369 14051 E heep    : 	at hdpo.a(:com.google.android.gms@251333032@25.13.33 (190800-745790146):5)
05-18 06:18:19.550  1369 14051 E heep    : 	at aunb.a(:com.google.android.gms@251333032@25.13.33 (190800-745790146):66)
05-18 06:18:19.550  1369 14051 E heep    : 	at aums.u(:com.google.android.gms@251333032@25.13.33 (190800-745790146):119)
05-18 06:18:19.550  1369 14051 E heep    : 	at aums.e(:com.google.android.gms@251333032@25.13.33 (190800-745790146):5)
05-18 06:18:19.550  1369 14051 E heep    : 	at eaks.a(:com.google.android.gms@251333032@25.13.33 (190800-745790146):45)
05-18 06:18:19.550  1369 14051 E heep    : 	at eajx.c(:com.google.android.gms@251333032@25.13.33 (190800-745790146):16)
05-18 06:18:19.550  1369 14051 E heep    : 	at eajx.a(:com.google.android.gms@251333032@25.13.33 (190800-745790146):3)
05-18 06:18:19.550  1369 14051 E heep    : 	at apop.run(:com.google.android.gms@251333032@25.13.33 (190800-745790146):5)
05-18 06:18:19.550  1369 14051 E heep    : 	at ausj.c(:com.google.android.gms@251333032@25.13.33 (190800-745790146):50)
05-18 06:18:19.550  1369 14051 E heep    : 	at ausj.run(:com.google.android.gms@251333032@25.13.33 (190800-745790146):70)
05-18 06:18:19.550  1369 14051 E heep    : 	at java.util.concurrent.ThreadPoolExecutor.runWorker(ThreadPoolExecutor.java:1167)
05-18 06:18:19.550  1369 14051 E heep    : 	at java.util.concurrent.ThreadPoolExecutor$Worker.run(ThreadPoolExecutor.java:641)
05-18 06:18:19.550  1369 14051 E heep    : 	at auxx.run(:com.google.android.gms@251333032@25.13.33 (190800-745790146):8)
05-18 06:18:19.550  1369 14051 E heep    : 	at java.lang.Thread.run(Thread.java:920)
05-18 06:18:19.596  1369 14037 I Blockstore: (REDACTED) [DataStoreImpl] Clearing Blockstore Data for package %s
05-18 06:18:19.609  2354 13408 I Finsky:background: [114] rtb.accept(118): Wrote row to frosting DB: 485
05-18 06:18:19.616   538   590 E VerityUtils: Failed to measure fs-verity, errno 1: /data/app/~~C9AZ4K0bKrlospngqHNATA==/com.babbel.mobile.android.en-uUQk_gNoPtFjq4BmS-dhew==/base.apk
05-18 06:18:19.619  1263  2096 I MediaProvider: Begin Intent { act=android.intent.action.MEDIA_SCANNER_SCAN_FILE dat=file:///sdcard/screen_2025-05-18_141817.png flg=0x1400010 cmp=com.google.android.providers.media.module/com.android.providers.media.MediaService }
05-18 06:18:19.626  1521 12432 I dqbi    : (REDACTED) Writing data of size=%d bytes with N=%d keys to Geller corpus %s at ts=%d
05-18 06:18:19.628  1521  1697 I akrd    : refreshDeviceAppInfoForAccount done.
05-18 06:18:19.639  1263  2096 W ExifInterface: Invalid image: ExifInterface got an unsupported image format file(ExifInterface supports JPEG and some RAW image formats only) or a corrupted JPEG file to ExifInterface.
05-18 06:18:19.639  1263  2096 W ExifInterface: java.io.IOException: Encountered corrupt PNG file.
05-18 06:18:19.639  1263  2096 W ExifInterface: 	at android.media.ExifInterface.getPngAttributes(ExifInterface.java:3432)
05-18 06:18:19.639  1263  2096 W ExifInterface: 	at android.media.ExifInterface.loadAttributes(ExifInterface.java:2009)
05-18 06:18:19.639  1263  2096 W ExifInterface: 	at android.media.ExifInterface.<init>(ExifInterface.java:1641)
05-18 06:18:19.639  1263  2096 W ExifInterface: 	at android.media.ExifInterface.<init>(ExifInterface.java:1592)
05-18 06:18:19.639  1263  2096 W ExifInterface: 	at com.android.providers.media.scan.ModernMediaScanner.scanItemImage(ModernMediaScanner.java:1367)
05-18 06:18:19.639  1263  2096 W ExifInterface: 	at com.android.providers.media.scan.ModernMediaScanner.scanItem(ModernMediaScanner.java:1003)
05-18 06:18:19.639  1263  2096 W ExifInterface: 	at com.android.providers.media.scan.ModernMediaScanner.access$1200(ModernMediaScanner.java:146)
05-18 06:18:19.639  1263  2096 W ExifInterface: 	at com.android.providers.media.scan.ModernMediaScanner$Scan.visitFile(ModernMediaScanner.java:801)
05-18 06:18:19.639  1263  2096 W ExifInterface: 	at com.android.providers.media.scan.ModernMediaScanner$Scan.visitFile(ModernMediaScanner.java:320)
05-18 06:18:19.639  1263  2096 W ExifInterface: 	at java.nio.file.Files.walkFileTree(Files.java:2670)
05-18 06:18:19.639  1263  2096 W ExifInterface: 	at java.nio.file.Files.walkFileTree(Files.java:2742)
05-18 06:18:19.639  1263  2096 W ExifInterface: 	at com.android.providers.media.scan.ModernMediaScanner$Scan.walkFileTree(ModernMediaScanner.java:439)
05-18 06:18:19.639  1263  2096 W ExifInterface: 	at com.android.providers.media.scan.ModernMediaScanner$Scan.runInternal(ModernMediaScanner.java:402)
05-18 06:18:19.639  1263  2096 W ExifInterface: 	at com.android.providers.media.scan.ModernMediaScanner$Scan.run(ModernMediaScanner.java:391)
05-18 06:18:19.639  1263  2096 W ExifInterface: 	at com.android.providers.media.scan.ModernMediaScanner.scanFile(ModernMediaScanner.java:263)
05-18 06:18:19.639  1263  2096 W ExifInterface: 	at com.android.providers.media.MediaProvider.scanFile(MediaProvider.java:1273)
05-18 06:18:19.639  1263  2096 W ExifInterface: 	at com.android.providers.media.MediaProvider.scanFile(MediaProvider.java:1269)
05-18 06:18:19.639  1263  2096 W ExifInterface: 	at com.android.providers.media.MediaService.onScanFile(MediaService.java:215)
05-18 06:18:19.639  1263  2096 W ExifInterface: 	at com.android.providers.media.MediaService.onHandleWork(MediaService.java:85)
05-18 06:18:19.639  1263  2096 W ExifInterface: 	at androidx.core.app.JobIntentService$CommandProcessor.doInBackground(JobIntentService.java:396)
05-18 06:18:19.639  1263  2096 W ExifInterface: 	at androidx.core.app.JobIntentService$CommandProcessor.doInBackground(JobIntentService.java:387)
05-18 06:18:19.639  1263  2096 W ExifInterface: 	at android.os.AsyncTask$3.call(AsyncTask.java:394)
05-18 06:18:19.639  1263  2096 W ExifInterface: 	at java.util.concurrent.FutureTask.run(FutureTask.java:266)
05-18 06:18:19.639  1263  2096 W ExifInterface: 	at java.util.concurrent.ThreadPoolExecutor.runWorker(ThreadPoolExecutor.java:1167)
05-18 06:18:19.639  1263  2096 W ExifInterface: 	at java.util.concurrent.ThreadPoolExecutor$Worker.run(ThreadPoolExecutor.java:641)
05-18 06:18:19.639  1263  2096 W ExifInterface: 	at java.lang.Thread.run(Thread.java:920)
05-18 06:18:19.641  1369 14037 I Blockstore: [DataStoreImpl] Keyless data not found or its IsLastInstallationData = false. [CONTEXT service_id=258 ]
05-18 06:18:19.641  1369 14049 I Dck     : (REDACTED) disableDckSupport: %s
05-18 06:18:19.642  1369 14049 W Dck     : [WirelessCapabilitiesFeatures] wccSysProp: 0 [CONTEXT service_id=289 ]
05-18 06:18:19.642  1369 14049 I Dck     : [WirelessCapabilitiesFeatures] wccMendel: 3 [CONTEXT service_id=289 ]
05-18 06:18:19.642  1369 14049 I Dck     : [WirelessCapabilitiesFeatures] deviceWccOverride: false [CONTEXT service_id=289 ]
05-18 06:18:19.642  1369 14049 I Dck     : [WirelessCapabilitiesFeatures] replaceSupportedWccWithWccOverride: true [CONTEXT service_id=289 ]
05-18 06:18:19.643  1369 14049 I Dck     : [WirelessCapabilitiesFeatures] wccOverride: not set [CONTEXT service_id=289 ]
05-18 06:18:19.643  1369 14049 I Dck     : (REDACTED) [WirelessCapabilitiesFeatures] wcc: %s
05-18 06:18:19.643  1369 14049 I Dck     : Dck module condition - hasWccSupport: false [CONTEXT service_id=289 ]
05-18 06:18:19.643  1369 14049 I Dck     : Dck module condition - downloadAllowed: false [CONTEXT service_id=289 ]
05-18 06:18:19.643  1369 14049 W Dck     : Dck module not eligible for asynchronous downloading [CONTEXT service_id=289 ]
05-18 06:18:19.654  1521  1699 W akrd    : missing version info.
05-18 06:18:19.669  1126 14038 W GCM     : Unexpected forwarded intent: Intent { act=android.intent.action.PACKAGE_ADDED dat=package:com.babbel.mobile.android.en flg=0x4000010 pkg=com.google.android.gms cmp=com.google.android.gms/.chimera.PersistentIntentOperationService (has extras) }
05-18 06:18:19.670  1126 14062 W NetworkScheduler: Unexpected forwarded intent: Intent { act=android.intent.action.PACKAGE_ADDED dat=package:com.babbel.mobile.android.en flg=0x4000010 pkg=com.google.android.gms cmp=com.google.android.gms/.chimera.PersistentIntentOperationService (has extras) }
05-18 06:18:19.682  2452 13825 W Role    : Cannot get ApplicationInfo for default holder: com.google.android.as
05-18 06:18:19.684  2452 13825 W Role    : Cannot get ApplicationInfo for default holder: com.google.android.as
05-18 06:18:19.791   538   550 I system_server: Background concurrent copying GC freed 216170(11MB) AllocSpace objects, 59(2400KB) LOS objects, 49% free, 24MB/48MB, paused 19.845ms,74us total 597.945ms
05-18 06:18:19.803   538   552 W System  : A resource failed to call close. 
05-18 06:18:19.823  1263  1296 I FuseDaemon: Background concurrent copying GC freed 25612(1708KB) AllocSpace objects, 10(4516KB) LOS objects, 49% free, 2568KB/5136KB, paused 316us,103us total 188.239ms
05-18 06:18:19.837  2452 13825 W Role    : Cannot get ApplicationInfo for default holder: com.google.android.as
05-18 06:18:19.854  1263  2096 I MediaProvider: End Intent { act=android.intent.action.MEDIA_SCANNER_SCAN_FILE dat=file:///sdcard/screen_2025-05-18_141817.png flg=0x1400010 cmp=com.google.android.providers.media.module/com.android.providers.media.MediaService }
05-18 06:18:19.869  1263  1474 I MediaProvider: Deleted 0 1 0 0 0 0 0 items on external_primary due to com.android.shell
05-18 06:18:19.869  1126  4494 I UriTaskContentObserver: (REDACTED) Throttling content uri change event for %s
05-18 06:18:19.901  1369 14060 I Icing   : Indexing com.google.android.gms-apps from com.google.android.gms
05-18 06:18:19.931  2452 13825 W Role    : Cannot get ApplicationInfo for default holder: com.google.android.as
05-18 06:18:19.935  2452 13825 W Role    : Cannot get ApplicationInfo for default holder: com.google.android.as
05-18 06:18:19.954 13109 13109 W asie    : Failed to find local clusters.
05-18 06:18:19.970  1369 13831 W Conscrypt: Could not set socket write timeout: java.net.SocketException: Socket closed
05-18 06:18:19.970  1369 14060 I Icing   : Indexing done com.google.android.gms-apps
