08-06 20:59:35.679  2474  7379 I whetstone.activity: processNotifyEvent1 resId = 128, bundle = Bundle[{startTime=409800002, sourcePkg=com.xiaomi.xmsf, type=ELAPSED_WAKEUP, statsTag=*walarm*:com.xiaomi.push.PING_TIMER, creatorUid=10203, elapsedRealtime=409800000}]
08-06 20:59:35.680 14191 17583 I EventMonitor: notifyEvent resId=128
08-06 20:59:35.685 13588 13588 W PushService: [Tid:2] [XMPushService] onStart() with intent.Action = com.xiaomi.push.timer, chid = null, pkg = null|null
08-06 20:59:35.685 13588 14524 W PushService: [Tid:398] [Job] Handle intent action = com.xiaomi.push.timer
08-06 20:59:35.685 13588 14524 W PushService: [Tid:398] [Alarm] Service called on timer
08-06 20:59:35.685 13588 14524 W PushService: [Tid:398] [HwKaMgr] update fall down state: false
08-06 20:59:35.685 13588 14524 W PushService: [Tid:398] [Alarm] register alarm. (false)
08-06 20:59:35.685 13588 14524 W PushService: [Tid:398] [HwKaMgr] [Available] MdKa is Unavailable. reason: not supported
08-06 20:59:35.685 13588 14524 W PushService: [Tid:398] [HB] ping interval:600000
08-06 20:59:35.685 13588 14524 W PushService: [Tid:398] registerPing, firstPing=false, interval=600000, nextTime=410400000
08-06 20:59:35.686 13588 14524 W PushService: [Tid:398] [HwKaMgr] [ping] start ping action
08-06 20:59:35.687 13588 14524 W PushService: [Tid:398] [Slim] SND ping id=0
08-06 20:59:35.687 13588 14524 W PushService: [Tid:398] [HwKaMgr] [socket] send message
08-06 20:59:35.688 13588 14524 W PushService: [Tid:398] [HwKaMgr] [Available] MdKa is Unavailable. reason: not supported
08-06 20:59:35.688 13588 14501 W PushService: [Tid:396] [Alarm] heartbeat alarm finish in 5
08-06 20:59:35.698 15678 15886 I HeavyPackageIdentify: splitMode: false, splitPackages: null, foregroundPkg: com.facebook.orca
08-06 20:59:35.708  1843  3496 I vendor.qti.hardware.display.composer-service: Sensor: notify citsensorservice to trigger cwb, misForced = 0
08-06 20:59:35.708  3050  4554 I libsensor-parseRGB: request dump start for mRequestDisplayId 0
08-06 20:59:35.715 14426 15037 W PushService: [Tid:477] Http POST Response Code: 200
08-06 20:59:35.718 13588 31025 W PushService: [Tid:983] [HwKaMgr] [socket] receive message
08-06 20:59:35.718 13588 31025 W PushService: [Tid:983] [Slim] RCV ping id=0
08-06 20:59:35.719 13588 14524 W PushService: [Tid:398] stats key not found
08-06 20:59:35.719 13588 14524 W PushService: [Tid:398] -->onPong()
08-06 20:59:35.719 13588 14524 W PushService: [Tid:398] [HwKaMgr] [Available] MdKa is Unavailable. reason: not supported
08-06 20:59:35.731  3050  3078 E libsensor-parseRGB: CWB NotifyCWBBufferDone  error 0
08-06 20:59:35.783  3086  3086 I adbd    : in ShellService: rm /sdcard/screen_2025-08-06_205935.png
08-06 20:59:35.793 12965 14974 I MediaProvider: Deleted paths_hashcode::1389444597/:1389444597/-1169448502935.png items on external_primary due to com.android.shell tid=2808
08-06 20:59:35.862  3086  3086 I adbd    : in ShellService: dumpsys display
08-06 20:59:35.905  1850  1933 E ANDR-PERF-OPTSHANDLER: ANDR-PERF-OPTSHANDLER: modify_sysfsnode() 1213: Perflock resource /sys/class/devfreq/soc:qcom,cpubw/max_freq not supported
08-06 20:59:35.905  1850  1933 E ANDR-PERF-RESOURCEQS: ANDR-PERF-RESOURCEQS: RemoveAndApply() 292: Failed to reset optimization here [6, 6]
08-06 20:59:35.915  1843  3496 I vendor.qti.hardware.display.composer-service: Sensor: notify citsensorservice to trigger cwb, misForced = 0
08-06 20:59:35.915  3050  4554 I libsensor-parseRGB: request dump start for mRequestDisplayId 0
08-06 20:59:35.920  1850  1933 E ANDR-PERF-OPTSHANDLER: ANDR-PERF-OPTSHANDLER: modify_sysfsnode() 1213: Perflock resource /sys/class/devfreq/soc:qcom,cpubw/max_freq not supported
08-06 20:59:35.920  1850  1933 E ANDR-PERF-RESOURCEQS: ANDR-PERF-RESOURCEQS: RemoveAndApply() 292: Failed to reset optimization here [6, 6]
08-06 20:59:35.936  1850  1933 E ANDR-PERF-OPTSHANDLER: ANDR-PERF-OPTSHANDLER: modify_sysfsnode() 1213: Perflock resource /sys/class/devfreq/soc:qcom,cpubw/max_freq not supported
08-06 20:59:35.936  1850  1933 E ANDR-PERF-RESOURCEQS: ANDR-PERF-RESOURCEQS: RemoveAndApply() 292: Failed to reset optimization here [6, 6]
08-06 20:59:35.938  3050  4604 E libsensor-parseRGB: CWB NotifyCWBBufferDone  error 0
08-06 20:59:35.942  1850  1933 E ANDR-PERF-OPTSHANDLER: ANDR-PERF-OPTSHANDLER: modify_sysfsnode() 1213: Perflock resource /sys/class/devfreq/soc:qcom,cpubw/max_freq not supported
08-06 20:59:35.942  1850  1933 E ANDR-PERF-RESOURCEQS: ANDR-PERF-RESOURCEQS: RemoveAndApply() 292: Failed to reset optimization here [6, 6]
08-06 20:59:35.980  7890  8159 W WindowOnBackDispatcher: sendCancelIfRunning: isInProgress=false callback=android.view.ViewRootImpl$$ExternalSyntheticLambda12@6c49464
08-06 20:59:35.981  2474  7659 W InputManager-JNI: Input channel object '6d408f9 Splash Screen com.facebook.orca (client)' was disposed without first being removed with the input manager!
08-06 20:59:35.983  3086  3086 I adbd    : in ShellService: wm size
08-06 20:59:35.984  2036  7449 I BpBinder: onLastStrongRef automatically unlinking death recipients: 
08-06 20:59:36.038  3086  3086 I adbd    : in ShellService: dumpsys input
08-06 20:59:36.091  2474  7382 I SmartPower: com.miui.gallery/10271(9872): background->idle(3002ms) R(broadcast start Intent { act=android.intent.action.MEDIA_SCANNER_SCAN_FILE dat=file:///... flg=0x1400010 }) adj=905.
08-06 20:59:36.091  3086  3086 I adbd    : in ShellService: getprop ro.sf.lcd_density
08-06 20:59:36.123  1843  3496 I vendor.qti.hardware.display.composer-service: Sensor: notify citsensorservice to trigger cwb, misForced = 0
08-06 20:59:36.124  3050  4554 I libsensor-parseRGB: request dump start for mRequestDisplayId 0
08-06 20:59:36.140  2474  2655 I WindowManager: StartingWindow exit animation finished, win = Window{6d408f9 u0 Splash Screen com.facebook.orca EXITING} remove = true
08-06 20:59:36.147  3050  4604 E libsensor-parseRGB: CWB NotifyCWBBufferDone  error 0
08-06 20:59:36.148  1843  1843 I MiClstc : DropLayers erase layer 677
08-06 20:59:36.161  3086  3086 I adbd    : in ShellService: dumpsys activity activities
08-06 20:59:36.176 29818 29818 W RenderThread: type=1400 audit(0.0:16320): avc:  denied  { getattr } for  path="/sys/module/metis/parameters/minor_window_app" dev="sysfs" ino=74686 scontext=u:r:untrusted_app_29:s0:c110,c257,c512,c768 tcontext=u:object_r:sysfs_migt:s0 tclass=file permissive=0 app=com.facebook.orca
08-06 20:59:36.184 29818 29818 W RenderThread: type=1400 audit(0.0:16321): avc:  denied  { getattr } for  path="/sys/module/metis/parameters/minor_window_app" dev="sysfs" ino=74686 scontext=u:r:untrusted_app_29:s0:c110,c257,c512,c768 tcontext=u:object_r:sysfs_migt:s0 tclass=file permissive=0 app=com.facebook.orca
08-06 20:59:36.192 29818 29818 W RenderThread: type=1400 audit(0.0:16322): avc:  denied  { getattr } for  path="/sys/module/metis/parameters/minor_window_app" dev="sysfs" ino=74686 scontext=u:r:untrusted_app_29:s0:c110,c257,c512,c768 tcontext=u:object_r:sysfs_migt:s0 tclass=file permissive=0 app=com.facebook.orca
08-06 20:59:36.200 29818 29818 W RenderThread: type=1400 audit(0.0:16323): avc:  denied  { getattr } for  path="/sys/module/metis/parameters/minor_window_app" dev="sysfs" ino=74686 scontext=u:r:untrusted_app_29:s0:c110,c257,c512,c768 tcontext=u:object_r:sysfs_migt:s0 tclass=file permissive=0 app=com.facebook.orca
08-06 20:59:36.209  2474  9656 I SmartPower: io.github.ylimit.droidbotapp/10365(1398): visible->invisible(20490ms) R(become invisible) adj=200.
08-06 20:59:36.209  2474  9656 I SmartPower: io.github.ylimit.droidbotapp/10365(1398): invisible->background(0ms) R(become background) adj=200.
08-06 20:59:36.208 29818 29818 W RenderThread: type=1400 audit(0.0:16324): avc:  denied  { getattr } for  path="/sys/module/metis/parameters/minor_window_app" dev="sysfs" ino=74686 scontext=u:r:untrusted_app_29:s0:c110,c257,c512,c768 tcontext=u:object_r:sysfs_migt:s0 tclass=file permissive=0 app=com.facebook.orca
08-06 20:59:36.229  3086  3086 I adbd    : in ShellService: dumpsys activity activities
08-06 20:59:36.237  2474  3506 I AppsFilter: interaction: PackageSetting{1909bc5 com.android.microdroid.empty_payload/10236} -> PackageSetting{36e8b85 com.facebook.orca/10366} BLOCKED
08-06 20:59:36.237  2474  3506 I AppsFilter: interaction: PackageSetting{28a7c4b io.appium.uiautomator2.server.test/10280} -> PackageSetting{36e8b85 com.facebook.orca/10366} BLOCKED
08-06 20:59:36.238  2474  3506 I AppsFilter: interaction: PackageSetting{ae42f41 com.rongcard.eid/10151} -> PackageSetting{36e8b85 com.facebook.orca/10366} BLOCKED
08-06 20:59:36.238  2474  3506 I AppsFilter: interaction: PackageSetting{6d41ce6 io.appium.settings/10274} -> PackageSetting{36e8b85 com.facebook.orca/10366} BLOCKED
08-06 20:59:36.241  1850  9931 E ANDR-PERF-LM: SAGT_ACTION: UpdateFPSData() 138: update /sys/kernel/sched_penalty/parameters/fps to 90, ret is 0
08-06 20:59:36.253  7458  8153 W PreviewDisappear: 1 getIcon entry: null
08-06 20:59:36.254  2474  9656 W ParceledListSlice: Element #8 is 20788 bytes.
08-06 20:59:36.254  7458  8153 W PreviewDisappear: 2 getIcon entry: com.miui.home.launcher.graphics.DrawableInfo@ef1dbf
08-06 20:59:36.254  7458  8153 W PreviewDisappear: applyCacheEntry entry: com.miui.home.launcher.graphics.drawable.LayerAdaptiveIconDrawable@19a0c8c
08-06 20:59:36.255  2474  9656 W ParceledListSlice: Element #9 is 20768 bytes.
08-06 20:59:36.255  7856  8405 E SmsApplication: com.android.mms lost android:read_cell_broadcasts:  (fixing)
08-06 20:59:36.256  2474 10061 W AppOpService: Ignored setUidMode call for runtime permission app op: uid = 10141, code = READ_CELL_BROADCASTS, mode = allow, callingUid = 1001, oldMode = allow
08-06 20:59:36.258  7458  8150 W PreviewDisappear: getIconDrawable src: null
08-06 20:59:36.258  7458  8150 W PreviewDisappear: getIconDrawable app drawable: null
08-06 20:59:36.258  7458  8150 W PreviewDisappear: getIcon info target: ComponentInfo{com.facebook.orca/com.facebook.orca.auth.StartScreenActivity}
08-06 20:59:36.258  7458  8150 W PreviewDisappear: getIcon info user: UserHandle{0}
08-06 20:59:36.258  7458  8150 W PreviewDisappear: getIcon info intent: Intent { act=android.intent.action.MAIN cat=[android.intent.category.LAUNCHER] flg=0x10200000 cmp=com.facebook.orca/.auth.StartScreenActivity (has extras) }
08-06 20:59:36.258  7458  8150 W PreviewDisappear: 1 getIcon entry: null
08-06 20:59:36.259  7458  8150 W PreviewDisappear: 2 getIcon entry: com.miui.home.launcher.graphics.DrawableInfo@eb22fd5
08-06 20:59:36.259  7458  8150 W PreviewDisappear: applyCacheEntry entry: com.miui.home.launcher.graphics.drawable.LayerAdaptiveIconDrawable@2f73ea
08-06 20:59:36.259  7458  8150 W PreviewDisappear: getIconDrawable finally drawable: com.miui.home.launcher.graphics.drawable.LayerAdaptiveIconDrawable@2f73ea
08-06 20:59:36.259  2474  4327 I RoleService: Granting default roles...
08-06 20:59:36.259 13053 13053 E RegisteredServicesCache: Skipping application component ComponentInfo{com.UCMobile/com.alibaba.ariver.commonability.device.jsapi.nfc.service.TinyAppHostApduService}: it must request the permission android.permission.NFC
08-06 20:59:36.259 13053 13053 E RegisteredServicesCache: Skipping application component ComponentInfo{com.UCMobile/com.alipay.mobile.aompdevice.nfc.service.TinyAppHostApduService}: it must request the permission android.permission.NFC
08-06 20:59:36.259 13053 13053 E RegisteredServicesCache: Skipping application component ComponentInfo{com.autonavi.minimap/com.alibaba.ariver.commonability.device.jsapi.nfc.service.TinyAppHostApduService}: it must request the permission android.permission.NFC
08-06 20:59:36.259 13053 13053 E RegisteredServicesCache: Skipping application component ComponentInfo{com.autonavi.minimap/com.alipay.mobile.aompdevice.nfc.service.TinyAppHostApduService}: it must request the permission android.permission.NFC
08-06 20:59:36.261 13053 13053 I RegisteredServicesCache: current user: 0, is managed profile : false
08-06 20:59:36.262  2474  4292 W AppOpService: Ignored setUidMode call for runtime permission app op: uid = 1001, code = READ_SMS, mode = allow, callingUid = 1001, oldMode = allow
08-06 20:59:36.262  2474 10067 W AppOpService: Ignored setUidMode call for runtime permission app op: uid = 1001, code = RECEIVE_SMS, mode = allow, callingUid = 1001, oldMode = allow
08-06 20:59:36.262  2474  4292 W AppOpService: Ignored setUidMode call for runtime permission app op: uid = 1001, code = RECEIVE_WAP_PUSH, mode = allow, callingUid = 1001, oldMode = allow
08-06 20:59:36.263  2474 10067 W AppOpService: Ignored setUidMode call for runtime permission app op: uid = 1001, code = SEND_SMS, mode = allow, callingUid = 1001, oldMode = allow
08-06 20:59:36.263 13053 13053 I RegisteredAidCache: updateRoutingLocked(false): Enter
08-06 20:59:36.263 13053 13053 I AidRoutingManager: configureRouting(false): Enter
08-06 20:59:36.263 13053 13053 E AidRoutingManager: Size of routing table970
08-06 20:59:36.263 13053 13053 I RegisteredAidCache: updateRoutingLocked(false): exit
08-06 20:59:36.263  2474 10067 W AppOpService: Ignored setUidMode call for runtime permission app op: uid = 1001, code = READ_CELL_BROADCASTS, mode = allow, callingUid = 1001, oldMode = allow
08-06 20:59:36.264  2474  7442 I SmartPower: com.android.permissioncontroller/10241(7505): idle->background(2483ms) R(service create com.android.permissioncontroller/.permission.service.PermissionControllerServiceImpl) adj=0.
08-06 20:59:36.265  2474  7257 I MiuiNetworkPolicy: updateUidState uid = 10241, uidState = 6
08-06 20:59:36.265  1865  1865 I vendor.qti.hardware.servicetrackeraidl-service: bindService is called for service : com.android.permissioncontroller/.permission.service.PermissionControllerServiceImpl and for client system
08-06 20:59:36.265  1865  1865 I vendor.qti.hardware.servicetrackeraidl-service: total connections for service : com.android.permissioncontroller/.permission.service.PermissionControllerServiceImplare :1
08-06 20:59:36.265  1865  1865 I vendor.qti.hardware.servicetrackeraidl-service: total connections for client : systemare :29
08-06 20:59:36.265 13053 13053 I libnfc_nci: [INFO:NativeT4tNfcee.cpp(870)] nfcManager_isFwSupportNonStdT4TAid Enter isFwSupport = 1
08-06 20:59:36.265 13053 13053 I libnfc_nci: [INFO:SecureElement.cpp(1487)] SecureElement::getEseHandleFromGenericId: enter; ESE-ID = 0x7F
08-06 20:59:36.265 13053 13053 I libnfc_nci: [INFO:SecureElement.cpp(1528)] SecureElement::getEseHandleFromGenericId: enter; ESE-Handle = 0x410
08-06 20:59:36.266 13053 13053 I libnfc_nci: [INFO:SecureElement.cpp(1487)] SecureElement::getEseHandleFromGenericId: enter; ESE-ID = 0x00
08-06 20:59:36.266 13053 13053 I libnfc_nci: [INFO:SecureElement.cpp(1528)] SecureElement::getEseHandleFromGenericId: enter; ESE-Handle = 0x400
08-06 20:59:36.268  7505 30417 I PermissionControllerServiceImpl: Updating user sensitive for uid 10366
08-06 20:59:36.268  7800  1367 I SecureElement-Terminal-eSE1: isSecureElementPresent()
08-06 20:59:36.269  1774  1774 I android.hardware.secure_element-service.qti: isCardPresent
08-06 20:59:36.269  1774  1774 I android.hardware.secure_element-service.qti: isCardPresent exit, cardPresent: 1
08-06 20:59:36.271  7800  1367 I SecureElement-Terminal-SIM1: isSecureElementPresent()
08-06 20:59:36.271  7800  1367 I SecureElement-Terminal-SIM1: isNfcEventAllowed: No access rules for checking.
08-06 20:59:36.272  7800  1367 I SecureElement-Terminal-SIM2: isSecureElementPresent()
08-06 20:59:36.276  2474  7683 E RoleControllerServiceImpl: Default/fallback role holder package doesn't qualify for the role, package: com.android.devicelockcontroller, role: android.app.role.SYSTEM_FINANCED_DEVICE_CONTROLLER
08-06 20:59:36.287  1865  1865 I vendor.qti.hardware.servicetrackeraidl-service: unbindService is called for service : com.google.android.gms/.chimera.PersistentDirectBootAwareApiService and for client com.google.android.gms
08-06 20:59:36.293  3086  3086 I adbd    : in ShellService: ps
08-06 20:59:36.301  3086  3086 I adbd    : in ShellService: dumpsys activity activities
08-06 20:59:36.328  2474  4383 E JobScheduler.SSRU: Job is being prepared but doesn't have a pre-existing accountToJobMap
08-06 20:59:36.330  1865  1865 I vendor.qti.hardware.servicetrackeraidl-service: bindService is called for service : android/com.android.server.content.SyncJobService and for client system
08-06 20:59:36.330  1865  1865 I vendor.qti.hardware.servicetrackeraidl-service: total connections for service : android/com.android.server.content.SyncJobServiceare :1
08-06 20:59:36.330  1865  1865 I vendor.qti.hardware.servicetrackeraidl-service: total connections for client : systemare :30
08-06 20:59:36.331  1843  3496 I vendor.qti.hardware.display.composer-service: Sensor: notify citsensorservice to trigger cwb, misForced = 0
08-06 20:59:36.332  3050  4554 I libsensor-parseRGB: request dump start for mRequestDisplayId 0
08-06 20:59:36.332  2474  7379 I whetstone.activity: processNotifyEvent1 resId = 256, bundle = Bundle[{startTime=409800655, sourcePkg=com.google.android.gms, sourceUid=10130, status=1, jobId=9, batteryName=@SyncManager@com.android.contacts/com.google:android, elapsedRealtime=409800655}]
08-06 20:59:36.332 14191 17583 I EventMonitor: notifyEvent resId=256
08-06 20:59:36.335  1865  1865 I vendor.qti.hardware.servicetrackeraidl-service: bindService is called for service : com.google.android.gms/.people.sync.focus.ContactsSyncAdapterService and for client system
08-06 20:59:36.337  2474  4383 I SmartPower: com.google.android.gms/10130(11128): idle->background(4677ms) R(service create com.google.android.gms/.people.sync.focus.ContactsSyncAdapterService) adj=0.
08-06 20:59:36.339  1865  1865 I vendor.qti.hardware.servicetrackeraidl-service: total connections for service : com.google.android.gms/.people.sync.focus.ContactsSyncAdapterServiceare :1
08-06 20:59:36.339  1865  1865 I vendor.qti.hardware.servicetrackeraidl-service: total connections for client : systemare :31
08-06 20:59:36.345  1865  1865 I vendor.qti.hardware.servicetrackeraidl-service: unbindService is called for service : com.google.android.gms/.icing.service.AppIndexingService and for client com.google.android.gms
08-06 20:59:36.345  1865  1865 I vendor.qti.hardware.servicetrackeraidl-service: size of service connections for service: com.google.android.gms/.icing.service.AppIndexingServiceafter removal is 0
08-06 20:59:36.345  1865  1865 I vendor.qti.hardware.servicetrackeraidl-service: size of client connections for client: com.google.android.gmsafter removal is 4
08-06 20:59:36.345  1865  1865 I vendor.qti.hardware.servicetrackeraidl-service: destroyService is called for service : com.google.android.gms/.icing.service.AppIndexingService
08-06 20:59:36.348  3086  3086 I adbd    : in ShellService: dumpsys activity services
08-06 20:59:36.348  2474  2664 W EnhancedConfirmationService: The packageName should not be null.
08-06 20:59:36.348  2474  2664 W MagnificationConnectionManager: requestConnection duplicated request: connect=false, mConnectionState=DISCONNECTED
08-06 20:59:36.355  3050  3078 E libsensor-parseRGB: CWB NotifyCWBBufferDone  error 0
08-06 20:59:36.358  2474  7647 I ClipboardServiceI: checkProviderWakePathForClipboard: primaryClip is null
08-06 20:59:36.359  2474  7647 I SmartPower: android.process.acore/10083(15552): idle->background(12148ms) R(content provider start ContentProviderRecord{1cc351 u0 com.android.providers.contacts/.ContactsProvider2}) adj=100.
08-06 20:59:36.359  2474  7257 I MiuiNetworkPolicy: updateUidState uid = 10083, uidState = 8
08-06 20:59:36.359 11128  2868 I ActivityThread: installProviderAuthoritiesLocked allowBlocking com.android.contacts
08-06 20:59:36.360 11128  2868 I FSA2_GmsContactsSyncAdapter: @onPerformSync
08-06 20:59:36.361  1865  1865 I vendor.qti.hardware.servicetrackeraidl-service: unbindService is called for service : com.google.android.gms/.icing.service.IndexService and for client com.google.android.gms
08-06 20:59:36.361  1865  1865 I vendor.qti.hardware.servicetrackeraidl-service: size of service connections for service: com.google.android.gms/.icing.service.IndexServiceafter removal is 0
08-06 20:59:36.361  1865  1865 I vendor.qti.hardware.servicetrackeraidl-service: size of client connections for client: com.google.android.gmsafter removal is 3
08-06 20:59:36.361  1865  1865 I vendor.qti.hardware.servicetrackeraidl-service: destroyService is called for service : com.google.android.gms/.icing.service.IndexService
08-06 20:59:36.376 11128  2868 W FSA2_ContactsSyncAdapter: @onPerformSync Sync started
08-06 20:59:36.384  2474  2635 I system_server: This is sticky GC, maxfree is 16777216 minfree is 8388608
08-06 20:59:36.396 11128  2868 W ChimeraUtils: Module com.google.android.gms.people missing resource null(0)
08-06 20:59:36.406 15552 16396 I ContactsProvider: Contacts query: CPID=11128, CallingPackage = com.google.android.gms User=0
08-06 20:59:36.407 15552 16396 I ContactsProvider: Contacts query: access CPID=11128, CallingPackage = com.google.android.gms User=0
08-06 20:59:36.408 15552 16396 I ContactsProvider: querylocal match: 10000
08-06 20:59:36.408  2474  2638 W System  : A resource failed to call HardwareBuffer.close. 
08-06 20:59:36.409  2474  2638 W System  : A resource failed to call HardwareBuffer.close. 
08-06 20:59:36.409  2474  2638 W System  : A resource failed to call release. 
08-06 20:59:36.412 15552 16396 I ContactsProvider: return querylocal
08-06 20:59:36.412 15552 16396 I ContactsProvider: query return 4 queryDirectoryIfNecessary 
08-06 20:59:36.412 15552 16396 I ContactsProvider: query return 5 finally 
08-06 20:59:36.423 11128  2868 W FSA2_GoogleAccountUtil: Syncing device contacts is off.
08-06 20:59:36.426 11128  2868 I People_AppSearchUtilities: Using PlatformStorage API
08-06 20:59:36.429 11128  2868 I CpgSchemaBuilder: Creating session
08-06 20:59:36.440 11128  2868 W People_AppSearchUtilities: getSignature failed for package com.google.android.contacts
08-06 20:59:36.440  3086  3086 I adbd    : in ShellService: screencap -p /sdcard/screen_2025-08-06_205936.png
08-06 20:59:36.441 11128  2868 W People_AppSearchUtilities: getSignature failed for package com.google.android.contacts
08-06 20:59:36.441 11128  2868 W People_AppSearchUtilities: getSignature failed for package com.google.android.dialer
08-06 20:59:36.442 11128  2868 W People_AppSearchUtilities: getSignature failed for package com.google.android.apps.messaging
08-06 20:59:36.442 11128  2868 I CpgSchemaBuilder: CPG schemas visible to supported apps, build skipped.
08-06 20:59:36.444 15552 16396 I ContactsProvider: Contacts query: CPID=11128, CallingPackage = com.google.android.gms User=0
08-06 20:59:36.445 15552 16396 I ContactsProvider: Contacts query: access CPID=11128, CallingPackage = com.google.android.gms User=0
08-06 20:59:36.446 15552 16396 I ContactsProvider: querylocal match: 11000
08-06 20:59:36.446 15552 16396 I ContactsProvider: return querylocal
08-06 20:59:36.446 15552 16396 I ContactsProvider: query return 4 queryDirectoryIfNecessary 
08-06 20:59:36.446 15552 16396 I ContactsProvider: query return 5 finally 
08-06 20:59:36.449  1865  1865 I vendor.qti.hardware.servicetrackeraidl-service: bindService is called for service : com.google.android.gms/.chimera.PersistentDirectBootAwareApiService and for client com.google.android.gms
08-06 20:59:36.450  1865  1865 I vendor.qti.hardware.servicetrackeraidl-service: total connections for service : com.google.android.gms/.chimera.PersistentDirectBootAwareApiServiceare :2
08-06 20:59:36.450  1865  1865 I vendor.qti.hardware.servicetrackeraidl-service: total connections for client : com.google.android.gmsare :3
08-06 20:59:36.454 11128  2868 I FSA2_FirstFullSyncsDetector: First full syncs finished before.
08-06 20:59:36.456 11128  2868 W ChimeraUtils: Module com.google.android.gms.people missing resource null(0)
08-06 20:59:36.460 15552 16396 I ContactsProvider: Contacts query: CPID=11128, CallingPackage = com.google.android.gms User=0
08-06 20:59:36.460  1865  1865 I vendor.qti.hardware.servicetrackeraidl-service: bindService is called for service : com.google.android.gms/.chimera.GmsBoundBrokerService and for client com.google.android.gms
08-06 20:59:36.460  1865  1865 I vendor.qti.hardware.servicetrackeraidl-service: total connections for service : com.google.android.gms/.chimera.GmsBoundBrokerServiceare :1
08-06 20:59:36.460  1865  1865 I vendor.qti.hardware.servicetrackeraidl-service: total connections for client : com.google.android.gmsare :4
08-06 20:59:36.461 15552 16396 I ContactsProvider: Contacts query: access CPID=11128, CallingPackage = com.google.android.gms User=0
08-06 20:59:36.461 15552 16396 I ContactsProvider: querylocal match: 10000
08-06 20:59:36.462 15552 16396 I ContactsProvider: return querylocal
08-06 20:59:36.462 15552 16396 I ContactsProvider: query return 4 queryDirectoryIfNecessary 
08-06 20:59:36.462 15552 16396 I ContactsProvider: query return 5 finally 
08-06 20:59:36.466 15552 16396 I ContactsProvider: Contacts query: CPID=11128, CallingPackage = com.google.android.gms User=0
08-06 20:59:36.466 11128 11212 I PeopleChimeraService: onService. callbacks = ciee@6c95b0f, request = com.google.android.gms.common.internal.GetServiceRequest@a14879c
08-06 20:59:36.466 15552 16396 I ContactsProvider: Contacts query: access CPID=11128, CallingPackage = com.google.android.gms User=0
08-06 20:59:36.467 15552 16396 I ContactsProvider: querylocal match: 11000
08-06 20:59:36.467 15552 16396 I ContactsProvider: return querylocal
08-06 20:59:36.467 15552 16396 I ContactsProvider: query return 4 queryDirectoryIfNecessary 
08-06 20:59:36.467 15552 16396 I ContactsProvider: query return 5 finally 
08-06 20:59:36.468 11128  2868 I FSA2_SyncState: @readSyncState: # eeoh@66683c10
08-06 20:59:36.469 15552 16396 I ContactsProvider: Contacts query: CPID=11128, CallingPackage = com.google.android.gms User=0
08-06 20:59:36.470 15552 16396 I ContactsProvider: Contacts query: access CPID=11128, CallingPackage = com.google.android.gms User=0
08-06 20:59:36.470 15552 16396 I ContactsProvider: querylocal match: 9000
08-06 20:59:36.471 15552 16396 I ContactsProvider: return querylocal
08-06 20:59:36.471 15552 16396 I ContactsProvider: query return 4 queryDirectoryIfNecessary 
08-06 20:59:36.471 15552 16396 I ContactsProvider: query return 5 finally 
08-06 20:59:36.473 15552 16396 I ContactsProvider: Contacts query: CPID=11128, CallingPackage = com.google.android.gms User=0
08-06 20:59:36.474 15552 16396 I ContactsProvider: Contacts query: access CPID=11128, CallingPackage = com.google.android.gms User=0
08-06 20:59:36.474 15552 16396 I ContactsProvider: querylocal match: 10000
08-06 20:59:36.475 15552 16396 I ContactsProvider: return querylocal
08-06 20:59:36.475 15552 16396 I ContactsProvider: query return 4 queryDirectoryIfNecessary 
08-06 20:59:36.475 15552 16396 I ContactsProvider: query return 5 finally 
08-06 20:59:36.477 15552 16396 I ContactsProvider: Contacts query: CPID=11128, CallingPackage = com.google.android.gms User=0
08-06 20:59:36.478 15552 16396 I ContactsProvider: Contacts query: access CPID=11128, CallingPackage = com.google.android.gms User=0
08-06 20:59:36.478 15552 16396 I ContactsProvider: querylocal match: 10000
08-06 20:59:36.479 15552 16396 I ContactsProvider: return querylocal
08-06 20:59:36.479 15552 16396 I ContactsProvider: query return 4 queryDirectoryIfNecessary 
08-06 20:59:36.479 15552 16396 I ContactsProvider: query return 5 finally 
08-06 20:59:36.481 15552 16396 I ContactsProvider: Contacts query: CPID=11128, CallingPackage = com.google.android.gms User=0
08-06 20:59:36.482 15552 16396 I ContactsProvider: Contacts query: access CPID=11128, CallingPackage = com.google.android.gms User=0
08-06 20:59:36.483 15552 16396 I ContactsProvider: querylocal match: 2002
08-06 20:59:36.483 15552 16396 I ContactsProvider: return querylocal
08-06 20:59:36.484 15552 16396 I ContactsProvider: query return 4 queryDirectoryIfNecessary 
08-06 20:59:36.484 15552 16396 I ContactsProvider: query return 5 finally 
08-06 20:59:36.486 15552 16396 I ContactsProvider: Contacts query: CPID=11128, CallingPackage = com.google.android.gms User=0
08-06 20:59:36.486 15552 16396 I ContactsProvider: Contacts query: access CPID=11128, CallingPackage = com.google.android.gms User=0
08-06 20:59:36.487 15552 16396 I ContactsProvider: querylocal match: 11000
08-06 20:59:36.487 15552 16396 I ContactsProvider: return querylocal
08-06 20:59:36.487 15552 16396 I ContactsProvider: query return 4 queryDirectoryIfNecessary 
08-06 20:59:36.487 15552 16396 I ContactsProvider: query return 5 finally 
08-06 20:59:36.488 11128  2868 I FSA2_SyncState: @readSyncState: # eeoh@66683c10
08-06 20:59:36.489 15552 16396 I ContactsProvider: Contacts query: CPID=11128, CallingPackage = com.google.android.gms User=0
08-06 20:59:36.490 15552 16396 I ContactsProvider: Contacts query: access CPID=11128, CallingPackage = com.google.android.gms User=0
08-06 20:59:36.490 15552 16396 I ContactsProvider: querylocal match: 11000
08-06 20:59:36.490 15552 16396 I ContactsProvider: return querylocal
08-06 20:59:36.490 15552 16396 I ContactsProvider: query return 4 queryDirectoryIfNecessary 
08-06 20:59:36.491 15552 16396 I ContactsProvider: query return 5 finally 
08-06 20:59:36.491 11128  2895 I FSA2_SyncState: @readSyncState: # eeoh@66683c10
08-06 20:59:36.495  1865  1865 I vendor.qti.hardware.servicetrackeraidl-service: bindService is called for service : com.google.android.gms/.auth.be.appcert.AppCertService and for client com.google.android.gms
08-06 20:59:36.495  1865  1865 I vendor.qti.hardware.servicetrackeraidl-service: total connections for service : com.google.android.gms/.auth.be.appcert.AppCertServiceare :1
08-06 20:59:36.495  1865  1865 I vendor.qti.hardware.servicetrackeraidl-service: total connections for client : com.google.android.gmsare :5
08-06 20:59:36.500  1865  1865 I vendor.qti.hardware.servicetrackeraidl-service: bindService is called for service : com.google.android.gms/.auth.GetToken and for client com.google.android.gms
08-06 20:59:36.500  1865  1865 I vendor.qti.hardware.servicetrackeraidl-service: total connections for service : com.google.android.gms/.auth.GetTokenare :1
08-06 20:59:36.500  1865  1865 I vendor.qti.hardware.servicetrackeraidl-service: total connections for client : com.google.android.gmsare :6
08-06 20:59:36.505  1865  1865 I vendor.qti.hardware.servicetrackeraidl-service: bindService is called for service : com.google.android.gms/.chimera.PersistentApiService and for client com.google.android.gms.persistent
08-06 20:59:36.505  1865  1865 I vendor.qti.hardware.servicetrackeraidl-service: total connections for service : com.google.android.gms/.chimera.PersistentApiServiceare :3
08-06 20:59:36.505  1865  1865 I vendor.qti.hardware.servicetrackeraidl-service: total connections for client : com.google.android.gms.persistentare :3
08-06 20:59:36.522  1850  9910 E ANDR-PERF-LM: VmRssMeter:: start() 359: Could not find pid, can not collect vmrss data
08-06 20:59:36.523  1850  9910 E ANDR-PERF-LM: AdaptiveLaunch: writeToDataBase() 64: Meter aborted or could not get meter data for this run
08-06 20:59:36.523  1850  9909 E ANDR-PERF-LM: VmRssMeter:: start() 359: Could not find pid, can not collect vmrss data
08-06 20:59:36.528 11128  2875 W Conscrypt: Could not set socket write timeout: java.net.SocketException: Socket closed
08-06 20:59:36.528 11128  2875 W Conscrypt: 	at com.google.android.gms.org.conscrypt.Platform.setSocketWriteTimeout(:com.google.android.gms@253031035@25.30.31 (260400-786424874):204)
08-06 20:59:36.528 11128  2875 W Conscrypt: 	at com.google.android.gms.org.conscrypt.ConscryptFileDescriptorSocket.setSoWriteTimeout(:com.google.android.gms@253031035@25.30.31 (260400-786424874):4)
08-06 20:59:36.538  1843  3496 I vendor.qti.hardware.display.composer-service: Sensor: notify citsensorservice to trigger cwb, misForced = 0
08-06 20:59:36.539  3050  4554 I libsensor-parseRGB: request dump start for mRequestDisplayId 0
08-06 20:59:36.541  2474  7384 I DisplayModeDirectorImpl: SmartDisplayPolicyEnd
08-06 20:59:36.542  2474  2654 I DisplayModeDirectorImpl: onDesiredDisplayModeSpecsChanged:baseModeId=1 allowGroupSwitching=false primary=physical: (0.0 120.0) render:  (0.0 120.0) appRequest=physical: (0.0 120.0) render:  (0.0 120.0) idleScreenRefreshRateConfig=null noVotes=false
08-06 20:59:36.544  2036  2036 I RefreshRateSelector: Display 4630947082089526659 policy changed
08-06 20:59:36.544  2036  2036 I RefreshRateSelector: Previous: {defaultModeId=0, allowGroupSwitching=false, primaryRanges={physical=[0.00 Hz, inf Hz], render=[0.00 Hz, 120.00 Hz]}, appRequestRanges={physical=[0.00 Hz, inf Hz], render=[0.00 Hz, 120.00 Hz]} idleScreenConfig=nullptr}
08-06 20:59:36.544  2036  2036 I RefreshRateSelector: Current:  DisplayManagerPolicy{defaultModeId=0, allowGroupSwitching=false, primaryRanges={physical=[0.00 Hz, 120.00 Hz], render=[0.00 Hz, 120.00 Hz]}, appRequestRanges={physical=[0.00 Hz, 120.00 Hz], render=[0.00 Hz, 120.00 Hz]} idleScreenConfig=nullptr}
08-06 20:59:36.544  2036  2036 I RefreshRateSelector: 0 mode changes were performed under the previous policy
08-06 20:59:36.545  2892  2892 W BpBinder: Linking to death on android.gui.ISurfaceComposer but there are no threads (yet?) listening to incoming transactions. See ProcessState::startThreadPool and ProcessState::setThreadPoolMaxThreadCount. Generally you should setup the binder threadpool before other initialization steps.
08-06 20:59:36.546  2892  2892 W ProcessState: Extra binder thread started, but 0 threads requested. Do not use *startThreadPool when zero threads are requested.
08-06 20:59:36.563  3050  3078 E libsensor-parseRGB: CWB NotifyCWBBufferDone  error 0
08-06 20:59:36.582  2892  2915 I AdrenoUtils: <ReadGpuID:357>: Reading chip ID through GSL
08-06 20:59:36.583  2892  2892 W qdgralloc: Failed to load libubwcp.so
08-06 20:59:36.586 12965 13505 W MediaProvider: isAppCloneUserPair for user 0: false
08-06 20:59:36.643  1850  9931 E ANDR-PERF-LM: SAGT_ACTION: UpdateFPSData() 138: update /sys/kernel/sched_penalty/parameters/fps to 120, ret is 0
08-06 20:59:36.644  1850  9931 E ANDR-PERF-LM: SAGT_ACTION: updateAutoPenatly() 161: recovery auto penatly gamefps 120.000000, measured fps is 119.500000, gap is 0.500000 
08-06 20:59:36.660 16677 15856 W surfboard: (0x00000748) on_tcp_write_shutdown: UV_ENOTCONN, close tcp connection
08-06 20:59:36.744 13430 13430 I PackageInstallReceiver: action = android.intent.action.PACKAGE_CHANGED packageName = com.facebook.orca
08-06 20:59:36.746 13430 13430 W InstalledPackagesMemoryCache: Unknown action: android.intent.action.PACKAGE_CHANGED
08-06 20:59:36.747 13430 13430 I ServiceDeliveryCapability: onAppChanged:com.facebook.orca action:android.intent.action.PACKAGE_CHANGED
08-06 20:59:36.747  1843  3496 I vendor.qti.hardware.display.composer-service: Sensor: notify citsensorservice to trigger cwb, misForced = 0
08-06 20:59:36.747  2474  2745 I SmartPower: com.google.android.documentsui/10100(14965): idle->background(12535ms) R(broadcast start Intent { act=android.intent.action.PACKAGE_CHANGED dat=package: flg=0x45000010 (has extras) }) adj=915.
08-06 20:59:36.747 13430 13430 I AppWidgetDelegate: updateAppWidgets for com.facebook.orca
08-06 20:59:36.747 13430 13430 I WidgetController: WidgetController.updateOrRemoveStackWhenPackageChanged: packageName com.facebook.orca
08-06 20:59:36.748 13430 13430 I WidgetBackgroundBlurManager: onAppChanged appPackageName : com.facebook.orca
08-06 20:59:36.749  2474  2745 I SmartPower: com.milink.service:audio/10178(18537): idle->background(12530ms) R(broadcast start Intent { act=android.intent.action.PACKAGE_CHANGED dat=package: flg=0x45000010 (has extras) }) adj=200.
08-06 20:59:36.749 13430 14156 I AppWidgetDelegate: removeAllWidgets com.android.calendar.widget.NearEventAppWidget
08-06 20:59:36.750 13430 14156 I AppWidgetDelegate: removeAllWidgets com.xiaomi.misettings.usagestats.widget.desktop.widget.SimpleUsageStatsWidget
08-06 20:59:36.751  3050  4554 I libsensor-parseRGB: request dump start for mRequestDisplayId 0
08-06 20:59:36.769  7458  8091 I Launcher.Utilities: getCurrentDefaultHome, defaultHome: ComponentInfo{com.miui.home/com.miui.home.launcher.Launcher}
08-06 20:59:36.769  7458  8091 E OverviewComponentObserver: updateOverviewTargets: defaultHome=ComponentInfo{com.miui.home/com.miui.home.launcher.Launcher}
08-06 20:59:36.769  7458  8091 W RecentsImpl: setIsUseMiuiHomeAsDefaultHome    isUseMiuiHomeAsDefaultHome=true   mIsUseMiuiHomeAsDefaultHome=true
08-06 20:59:36.770  3050 25119 E libsensor-parseRGB: CWB NotifyCWBBufferDone  error 0
08-06 20:59:36.770  7458  8091 I Launcher.Utilities: getCurrentDefaultHome, defaultHome: ComponentInfo{com.miui.home/com.miui.home.launcher.Launcher}
08-06 20:59:36.770  7458  8091 E OverviewComponentObserver: updateOverviewTargets: defaultHome=ComponentInfo{com.miui.home/com.miui.home.launcher.Launcher}
08-06 20:59:36.770  7458  8091 W RecentsImpl: setIsUseMiuiHomeAsDefaultHome    isUseMiuiHomeAsDefaultHome=true   mIsUseMiuiHomeAsDefaultHome=true
08-06 20:59:36.771  7458  8091 I Launcher.Utilities: getCurrentDefaultHome, defaultHome: ComponentInfo{com.miui.home/com.miui.home.launcher.Launcher}
08-06 20:59:36.771  7458  8091 E OverviewComponentObserver: updateOverviewTargets: defaultHome=ComponentInfo{com.miui.home/com.miui.home.launcher.Launcher}
08-06 20:59:36.771  7458  8091 W RecentsImpl: setIsUseMiuiHomeAsDefaultHome    isUseMiuiHomeAsDefaultHome=true   mIsUseMiuiHomeAsDefaultHome=true
08-06 20:59:36.772  2474 30082 I ActivityManager: Broadcasting: Intent { act=android.intent.action.MEDIA_SCANNER_SCAN_FILE dat=file:///... flg=0x400000 }
08-06 20:59:36.772  7458  8091 I Launcher.Utilities: getCurrentDefaultHome, defaultHome: ComponentInfo{com.miui.home/com.miui.home.launcher.Launcher}
08-06 20:59:36.772  7458  8091 E OverviewComponentObserver: updateOverviewTargets: defaultHome=ComponentInfo{com.miui.home/com.miui.home.launcher.Launcher}
08-06 20:59:36.772  7458  8091 W RecentsImpl: setIsUseMiuiHomeAsDefaultHome    isUseMiuiHomeAsDefaultHome=true   mIsUseMiuiHomeAsDefaultHome=true
08-06 20:59:36.772  2474 30082 I ActivityManager: Enqueued broadcast Intent { act=android.intent.action.MEDIA_SCANNER_SCAN_FILE dat=file:///... flg=0x400000 }: 0
08-06 20:59:36.774  9872  9872 W MiuiGallery2_BaseMediaScannerReceiver: [main] - Broadcast received, action: [android.intent.action.MEDIA_SCANNER_SCAN_FILE], data uri: [file:///sdcard/screen_2025-08-06_205936.png], CTA not allowed
08-06 20:59:36.775  2474  7257 I MiuiNetworkPolicy: updateUidState uid = 10271, uidState = 11
08-06 20:59:36.776  2474  7257 I MiuiNetworkPolicy: updateUidState uid = 10271, uidState = 19
08-06 20:59:36.776 12965 12965 I MediaProvider: receive action = android.intent.action.MEDIA_SCANNER_SCAN_FILE schemeSpecificPart = ///sdcard/screen_2025-08-06_205936.png
08-06 20:59:36.777  2474 30082 W JobInfo : Job 'com.android.providers.media.module/com.android.providers.media.MediaService#-300' has a deadline with no functional constraints. The deadline won't improve job execution latency. Consider removing the deadline.
08-06 20:59:36.778  1865  1865 I vendor.qti.hardware.servicetrackeraidl-service: bindService is called for service : com.android.providers.media.module/com.android.providers.media.MediaService and for client system
08-06 20:59:36.779  1865  1865 I vendor.qti.hardware.servicetrackeraidl-service: total connections for service : com.android.providers.media.module/com.android.providers.media.MediaServiceare :1
08-06 20:59:36.779  1865  1865 I vendor.qti.hardware.servicetrackeraidl-service: total connections for client : systemare :32
08-06 20:59:36.779  2474  7379 I whetstone.activity: processNotifyEvent1 resId = 256, bundle = Bundle[{startTime=409801102, sourcePkg=com.android.providers.media.module, sourceUid=10249, status=1, jobId=-300, batteryName=com.android.providers.media.module/com.android.providers.media.MediaService, elapsedRealtime=409801102}]
08-06 20:59:36.780 14191 17267 I EventMonitor: notifyEvent resId=256
08-06 20:59:36.782 12965 14232 I MediaProvider: Begin Intent { act=android.intent.action.MEDIA_SCANNER_SCAN_FILE dat=file:///... flg=0x1400010 cmp=com.android.providers.media.module/com.android.providers.media.MediaService }
08-06 20:59:36.783  2474  2643 I ActivityManager: Broadcast completed: result=0
08-06 20:59:36.787 12965 14232 I MediaProvider: End Intent { act=android.intent.action.MEDIA_SCANNER_SCAN_FILE dat=file:///... flg=0x1400010 cmp=com.android.providers.media.module/com.android.providers.media.MediaService }
08-06 20:59:36.788  1865  1865 I vendor.qti.hardware.servicetrackeraidl-service: unbindService is called for service : com.android.providers.media.module/com.android.providers.media.MediaService and for client system
08-06 20:59:36.788  1865  1865 I vendor.qti.hardware.servicetrackeraidl-service: size of service connections for service: com.android.providers.media.module/com.android.providers.media.MediaServiceafter removal is 0
08-06 20:59:36.788  1865  1865 I vendor.qti.hardware.servicetrackeraidl-service: size of client connections for client: systemafter removal is 31
08-06 20:59:36.788  1865  1865 I vendor.qti.hardware.servicetrackeraidl-service: destroyService is called for service : com.android.providers.media.module/com.android.providers.media.MediaService
08-06 20:59:36.788  2474  7379 I whetstone.activity: processNotifyEvent1 resId = 256, bundle = Bundle[{startTime=409801110, sourcePkg=com.android.providers.media.module, sourceUid=10249, status=0, jobId=-300, batteryName=com.android.providers.media.module/com.android.providers.media.MediaService, elapsedRealtime=409801110}]
08-06 20:59:36.789 14191 17267 I EventMonitor: notifyEvent resId=256
08-06 20:59:36.842 11098 11426 E chromium: [0806/205936.842677:ERROR:net/socket/ssl_client_socket_impl.cc:914] handshake failed; returned -1, SSL error code 1, net_error -100
08-06 20:59:36.861  7856  7894 E PhoneAdapter: get ntnphones failed, exception: java.lang.IllegalStateException: Default phones haven't been made yet!
08-06 20:59:36.888 11128  2875 W Conscrypt: Could not set socket write timeout: java.net.SocketException: Socket closed
08-06 20:59:36.888 11128  2875 W Conscrypt: 	at com.google.android.gms.org.conscrypt.Platform.setSocketWriteTimeout(:com.google.android.gms@253031035@25.30.31 (260400-786424874):204)
08-06 20:59:36.888 11128  2875 W Conscrypt: 	at com.google.android.gms.org.conscrypt.ConscryptFileDescriptorSocket.setSoWriteTimeout(:com.google.android.gms@253031035@25.30.31 (260400-786424874):4)
08-06 20:59:36.890  3086  3086 I adbd    : in ShellService: rm /sdcard/screen_2025-08-06_205936.png
08-06 20:59:36.919 12965 17697 I MediaProvider: Deleted paths_hashcode::1389444597/:1389444597/-1169448502936.png items on external_primary due to com.android.shell tid=2963
08-06 20:59:36.953  1843  3496 I vendor.qti.hardware.display.composer-service: Sensor: notify citsensorservice to trigger cwb, misForced = 0
08-06 20:59:36.954  3050  4554 I libsensor-parseRGB: request dump start for mRequestDisplayId 0
08-06 20:59:36.977  3050 25119 E libsensor-parseRGB: CWB NotifyCWBBufferDone  error 0
08-06 20:59:37.014  1609  1609 I zygote  : Delayed USAP Pool refill. New USAPs: 1
08-06 20:59:37.019  2474  7382 I SmartPower: com.android.browser/10134(9561): background->idle(3025ms) R(adj below visible) adj=905.
08-06 20:59:37.027  2474  7382 I SmartPower: com.xiaomi.market/10167(20053): background->idle(3031ms) R(adj below visible) adj=905.
08-06 20:59:37.027  2474  7382 I SmartPower: com.miui.systemAdSolution/10168(17757): background->idle(3032ms) R(adj below visible) adj=100.
08-06 20:59:37.048  3086  3086 I adbd    : in ShellService: dumpsys display
08-06 20:59:37.131 29818  2529 W msgr.com.facebook.resources.impl.qt.QTStringResourcesProvider: Failed to get logged-in user id
08-06 20:59:37.138  2474  7647 W OptProp : Cannot read opt property android.window.PROPERTY_COMPAT_ALLOW_ORIENTATION_OVERRIDE
08-06 20:59:37.138  2474  7647 E ActivityTaskManager: Unable to get servicetracker HAL instance
08-06 20:59:37.138  2474  7647 E ActivityTaskManager: Unable to get servicetracker HAL instance
08-06 20:59:37.138  2474  7647 E WindowManager: setClientVisible ActivityRecord{aab9572 u0 com.facebook.orca/com.facebook.messaging.auth.LaunchScreenActivity true
08-06 20:59:37.139  2474  7647 W OptProp : Cannot read opt property android.window.PROPERTY_COMPAT_ALLOW_RESIZEABLE_ACTIVITY_OVERRIDES
08-06 20:59:37.140  2474  7647 W OptProp : Cannot read opt property android.window.PROPERTY_COMPAT_ALLOW_MIN_ASPECT_RATIO_OVERRIDE
08-06 20:59:37.140  2474  7647 I AnimInterruptController: FIS notify Foresee interrupt start:205
08-06 20:59:37.140  2474  7647 I ActivityTaskManager: isKeyguardEditor: false, newTransition: TransitionRecord{246f640 id=206 type=OPEN flags=0x0}
08-06 20:59:37.143  1850  9924 E ANDR-PERF-LM: MetaMeter: handleAsync() 166: AdaptLaunch Invalid Async
08-06 20:59:37.143  1850  1933 E ANDR-PERF-UTIL: ANDR-PERF-UTIL: save_node_val() 366: Failed to read /sys/class/mmc_host/mmc0/clk_scaling/enable
08-06 20:59:37.144  1850  1933 E ANDR-PERF-OPTSHANDLER: ANDR-PERF-OPTSHANDLER: modify_sysfsnode() 1266: Failed to read /sys/class/mmc_host/mmc0/clk_scaling/enable
08-06 20:59:37.144  1850  1933 E ANDR-PERF-RESOURCEQS: ANDR-PERF-RESOURCEQS: AddAndApply() 167: Failed to apply optimization [11, 4]
08-06 20:59:37.146  2474  7647 I WindowManager: Try to add startingWindow type = STARTING_WINDOW_TYPE_NONE this = ActivityRecord{aab9572 u0 com.facebook.orca/com.facebook.messaging.auth.LaunchScreenActivity t285} preAllowTaskSnapshot = true afterAllowTaskSnapshot = true newTask = false taskSwitch = false processRunning = true activityCreated = false activityAllDrawn = false isSnapshotCompatible = false resolvedTheme = 2132608209 theme = 2132608209
08-06 20:59:37.147  1850  1933 E ANDR-PERF-OPTSHANDLER: ANDR-PERF-OPTSHANDLER: modify_sysfsnode() 1213: Perflock resource /sys/class/devfreq/soc:qcom,cpubw/max_freq not supported
08-06 20:59:37.147  1850  1933 E ANDR-PERF-RESOURCEQS: ANDR-PERF-RESOURCEQS: AddAndApply() 167: Failed to apply optimization [6, 6]
08-06 20:59:37.147  2474  7647 E ActivityTaskManager: Unable to get servicetracker HAL instance
08-06 20:59:37.147  1850  1933 E ANDR-PERF-UTIL: ANDR-PERF-UTIL: save_node_val() 366: Failed to read /sys/class/mmc_host/mmc0/clk_scaling/enable
08-06 20:59:37.147  1850  1933 E ANDR-PERF-OPTSHANDLER: ANDR-PERF-OPTSHANDLER: modify_sysfsnode() 1266: Failed to read /sys/class/mmc_host/mmc0/clk_sca