08-06 20:59:15.769  1850  9931 E ANDR-PERF-LM: SAGT_ACTION: UpdateFPSData() 138: update /sys/kernel/sched_penalty/parameters/fps to 40, ret is 0
08-06 20:59:15.770  1850  9931 E ANDR-PERF-LM: SAGT_ACTION: updateAutoPenatly() 161: recovery auto penatly gamefps 40.000000, measured fps is 44.000000, gap is -4.000000 
08-06 20:59:15.770 20053 31247 I Market-RetrofitRequest: callStart : https://updateinfo.market.xiaomi.com/apm/updateinfo/diffsize
08-06 20:59:15.771 20053 31247 I Market-RetrofitRequest: HeaderInterceptor : https://updateinfo.market.xiaomi.com/apm/updateinfo/diffsize
08-06 20:59:15.772 20053 31247 E Market-Client: isSupportChildMode, error: java.lang.NumberFormatException: For input string: ""
08-06 20:59:15.772 20053 31247 E Market-Client: isSupportChildMode, error: java.lang.NumberFormatException: For input string: ""
08-06 20:59:15.774 20053 31247 I Market-LimitSpeedManager: startLimitSpeedNow() ====== speed = 32768
08-06 20:59:15.778 20053 31247 I Market-DownloadLimitSpeedManager: startLimitSpeed success. Total count 1
08-06 20:59:15.779 20053 31247 I Market-RetrofitRequest: HeaderInterceptor : https://updateinfo.market.xiaomi.com/apm/updateinfo/diffsize
08-06 20:59:15.792  3086  3086 I adbd    : in ShellService: getprop ro.debuggable
08-06 20:59:15.817  1843  2051 I SDM     : DisplayBase::CommitThread: Received idle timeout, panel: cmd, timeout: 70000 us
08-06 20:59:15.853  1843  1843 I SDM     : HWCDisplay::SetActiveConfigWithConstraints: display:66-0, config: 1, WxH 1200x2670, fps 120
08-06 20:59:15.853  1843  1843 W SDM     : HWDeviceDRM::GetSupportedBitClkRate: Requested rate not supported: 1150000000
08-06 20:59:15.853  1843  1843 I SDM     : HWDeviceDRM::UpdateMixerAttributes: Mixer WxH 1200x2670-1 for Peripheral
08-06 20:59:15.853 20053 31247 I Market-DownloadLimitSpeedManager: stopLimitSpeed
08-06 20:59:15.853  1843  1843 I SDM     : HWCDisplay::SubmitDisplayConfig: Active configuration changed from config 3 to 1
08-06 20:59:15.853  1843  1843 I SDM     : HWCDisplay::SubmitDisplayConfig: Active WxH 1200x2670 ,ddic_mode:idle, timing_fps: 120, sf_fps: 120
08-06 20:59:15.853 20053 31247 I Market-LimitSpeedManager: stopLimitSpeedNow() =========== 
08-06 20:59:15.856 20053 31247 I Market-RetrofitRequest: callEnd : https://updateinfo.market.xiaomi.com/apm/updateinfo/diffsize
08-06 20:59:15.857 20053 31247 I Market-LocalAppManager: queryDiffSizeFromServer end
08-06 20:59:15.858 20053 31240 I Market-SubScriptManager: updateMarketSubScript forceShow : false
08-06 20:59:15.858 20053 31240 I Market-SubScriptManager: get count 52
08-06 20:59:15.858 20053 31240 I Market-SubScriptManager: get count 52
08-06 20:59:15.859 20053 31247 I Market-WakeLockManager: release wakeLock: CheckUpdateService
08-06 20:59:15.861  3086  3086 I adbd    : in ShellService: dumpsys display
08-06 20:59:15.861  2474 10058 I ActivityManager: Cancel FGS notification userId: 0 definingUid: 10167 packageName: com.xiaomi.market processName:com.xiaomi.market ChannelId:com.xiaomi.market_hide foregroundNotiWhen:1754485155281 Notiflags:104
08-06 20:59:15.861  2474 10058 W ForegroundServiceTypeLoggerModule: FGS stop call for: 10167 has no types!
08-06 20:59:15.863 20053 20053 I Market-ServiceUtils: stop foreground service: CheckUpdateService
08-06 20:59:15.863  1843  3496 I vendor.qti.hardware.display.composer-service: Sensor: notify citsensorservice to trigger cwb, misForced = 0
08-06 20:59:15.864  3050  4554 I libsensor-parseRGB: request dump start for mRequestDisplayId 0
08-06 20:59:15.864  1865  1865 I vendor.qti.hardware.servicetrackeraidl-service: destroyService is called for service : com.xiaomi.market/.business_core.update.auto.CheckUpdateService
08-06 20:59:15.868  2474  7257 I MiuiNetworkPolicy: updateUidState uid = 10261, uidState = 19
08-06 20:59:15.868  2474  7257 I MiuiNetworkPolicyTrafficLimit: updateWhiteListUidForMobileTraffic uid=10261,add=false
08-06 20:59:15.869  2474  2474 I NotificationService: Cancel FGS notification CallingUid: 10167 CallingPid: 20053 Pkg: com.xiaomi.market Id:89779317 Tag:null UserId:0 MustHaveFlags:0 MustNotHaveFlags:0 Reason:8 foregroundNotiWhen:1754485155281 foregroundNotiFlags:104 foregroundNotiChannelId:com.xiaomi.market_hide
08-06 20:59:15.870  2474  7257 I MiuiNetworkPolicy: updateUidState uid = 10203, uidState = 6
08-06 20:59:15.870  2474  7257 I MiuiNetworkPolicy: updateUidState uid = 10169, uidState = 6
08-06 20:59:15.870  2474  7257 I MiuiNetworkPolicyTrafficLimit: updateWhiteListUidForMobileTraffic uid=10169,add=false
08-06 20:59:15.870  2474  7257 I MiuiNetworkPolicy: updateUidState uid = 10167, uidState = 10
08-06 20:59:15.870  2474  7257 I MiuiNetworkPolicyTrafficLimit: updateWhiteListUidForMobileTraffic uid=10167,add=false
08-06 20:59:15.870  2474  7257 I MiuiNetworkPolicy: updateUidState uid = 10158, uidState = 19
08-06 20:59:15.872  2474  7257 I MiuiNetworkPolicyTrafficLimit: updateWhiteListUidForMobileTraffic uid=10158,add=false
08-06 20:59:15.872  2474  7257 I MiuiNetworkPolicy: updateUidState uid = 10090, uidState = 6
08-06 20:59:15.878  1398  1423 I mit.droidbotapp: Compiler allocated 5390KB to compile void android.view.ViewRootImpl.performTraversals()
08-06 20:59:15.881  7890  7890 E NotifCollection: No notification to remove with key 0|com.xiaomi.market|89779317|null|10167 reason=8:REASON_APP_CANCEL
08-06 20:59:15.885  3050  4604 E libsensor-parseRGB: CWB NotifyCWBBufferDone  error 0
08-06 20:59:15.920 20053 20069 I m.xiaomi.market: This is non sticky GC, maxfree is 16777216 minfree is 8388608
08-06 20:59:15.922 20053 20076 W System  : A resource failed to call close. 
08-06 20:59:15.923 20053 20076 W System  : A resource failed to call close. 
08-06 20:59:15.923 20053 20076 W System  : A resource failed to call close. 
08-06 20:59:15.923 20053 20076 W System  : A resource failed to call close. 
08-06 20:59:15.941  1843  2051 I SDM     : DisplayBase::CommitThread: Received idle timeout, panel: cmd, timeout: 70000 us
08-06 20:59:16.025  1843  3496 I vendor.qti.hardware.display.composer-service: Sensor: notify citsensorservice to trigger cwb, misForced = 1
08-06 20:59:16.027  3050  4554 I libsensor-parseRGB: request dump start for mRequestDisplayId 0
08-06 20:59:16.039  3086  3086 I adbd    : in ShellService: wm size
08-06 20:59:16.051  3050 25119 E libsensor-parseRGB: CWB NotifyCWBBufferDone  error 0
08-06 20:59:16.108  1843  2051 I SDM     : DisplayBase::CommitThread: Received idle timeout, panel: cmd, timeout: 70000 us
08-06 20:59:16.127  3086  3086 I adbd    : in ShellService: dumpsys input
08-06 20:59:16.185  3086  3086 I adbd    : in ShellService: getprop ro.sf.lcd_density
08-06 20:59:16.256 13430 13430 I RuntimePermissionManager: isRuntimeRequestSupport: true
08-06 20:59:16.272  3086  3086 I adbd    : in ShellService: input keyevent MENU
08-06 20:59:16.280  2474 10068 W ParceledListSlice: Element #44 is 26672 bytes.
08-06 20:59:16.280  2474 10068 W ParceledListSlice: Overly large reply size: 82384
08-06 20:59:16.281  2474  8332 W ParceledListSlice: Element #45 is 26676 bytes.
08-06 20:59:16.281  2474  8332 W ParceledListSlice: Element #46 is 26676 bytes.
08-06 20:59:16.281  2474  8332 W ParceledListSlice: Element #47 is 26684 bytes.
08-06 20:59:16.281  2474 19255 W ParceledListSlice: Element #48 is 26688 bytes.
08-06 20:59:16.281  2474 19255 W ParceledListSlice: Element #54 is 19664 bytes.
08-06 20:59:16.282  2474  7647 W ParceledListSlice: Element #55 is 19652 bytes.
08-06 20:59:16.282  2474  7647 W ParceledListSlice: Element #56 is 19692 bytes.
08-06 20:59:16.282  2474  7647 W ParceledListSlice: Element #57 is 19720 bytes.
08-06 20:59:16.282  2474  7647 W ParceledListSlice: Element #58 is 19720 bytes.
08-06 20:59:16.283  2474  8355 W ParceledListSlice: Element #59 is 19684 bytes.
08-06 20:59:16.283  2474  8355 W ParceledListSlice: Element #60 is 19692 bytes.
08-06 20:59:16.283  2474  8355 W ParceledListSlice: Element #61 is 19668 bytes.
08-06 20:59:16.283  2474  8355 W ParceledListSlice: Element #62 is 19680 bytes.
08-06 20:59:16.283  2474  8355 W ParceledListSlice: Element #63 is 19672 bytes.
08-06 20:59:16.283  2474  8355 W ParceledListSlice: Element #64 is 29724 bytes.
08-06 20:59:16.283  2474  8355 W ParceledListSlice: Element #65 is 29744 bytes.
08-06 20:59:16.284  2474  8332 W ParceledListSlice: Element #66 is 29736 bytes.
08-06 20:59:16.286  2474  3506 I AppsFilter: interaction: PackageSetting{e7ef8e0 com.android.microdroid.empty_payload/10236} -> PackageSetting{c43fc56 com.miui.cleanmaster/10266} BLOCKED
08-06 20:59:16.287  2474  3506 I AppsFilter: interaction: PackageSetting{566ea5e io.appium.uiautomator2.server.test/10280} -> PackageSetting{c43fc56 com.miui.cleanmaster/10266} BLOCKED
08-06 20:59:16.287  2474  3506 I AppsFilter: interaction: PackageSetting{ceb95fd io.github.ylimit.droidbotapp/10365} -> PackageSetting{c43fc56 com.miui.cleanmaster/10266} BLOCKED
08-06 20:59:16.287  2474  3506 I AppsFilter: interaction: PackageSetting{aee9e3f com.rongcard.eid/10151} -> PackageSetting{c43fc56 com.miui.cleanmaster/10266} BLOCKED
08-06 20:59:16.288  2474  3506 I AppsFilter: interaction: PackageSetting{f8ac30c io.appium.settings/10274} -> PackageSetting{c43fc56 com.miui.cleanmaster/10266} BLOCKED
08-06 20:59:16.292 17757 17991 I Ad      : isPersonalizedAdEnabled getAdSettings: 1
08-06 20:59:16.295  2474 19255 W ParceledListSlice: Element #273 is 21068 bytes.
08-06 20:59:16.295  2474  2642 W ParceledListSlice: Element #274 is 21048 bytes.
08-06 20:59:16.295  2474  2642 W ParceledListSlice: Element #275 is 21056 bytes.
08-06 20:59:16.295  2474  2642 W ParceledListSlice: Element #276 is 21036 bytes.
08-06 20:59:16.296  2474  2642 W ParceledListSlice: Element #277 is 21084 bytes.
08-06 20:59:16.296  2474  2642 W ParceledListSlice: Overly large reply size: 84248
08-06 20:59:16.296  2474 10058 W ParceledListSlice: Element #278 is 21084 bytes.
08-06 20:59:16.296  2474 10058 W ParceledListSlice: Element #279 is 21096 bytes.
08-06 20:59:16.296  2474 10058 W ParceledListSlice: Element #280 is 21084 bytes.
08-06 20:59:16.296  2474 10058 W ParceledListSlice: Element #281 is 21084 bytes.
08-06 20:59:16.296  2474 10058 W ParceledListSlice: Overly large reply size: 84372
08-06 20:59:16.296  2474  2642 W ParceledListSlice: Element #282 is 21104 bytes.
08-06 20:59:16.296  2474  2642 W ParceledListSlice: Element #283 is 21092 bytes.
08-06 20:59:16.296  2474  2642 W ParceledListSlice: Element #284 is 21080 bytes.
08-06 20:59:16.297  7505 31145 I PermissionControllerServiceImpl: Updating user sensitive for uid 10266
08-06 20:59:16.303  2474  7659 W ParceledListSlice: Element #8 is 20788 bytes.
08-06 20:59:16.303  2474  7659 W ParceledListSlice: Element #9 is 20768 bytes.
08-06 20:59:16.306 13053 13053 E RegisteredServicesCache: Skipping application component ComponentInfo{com.UCMobile/com.alibaba.ariver.commonability.device.jsapi.nfc.service.TinyAppHostApduService}: it must request the permission android.permission.NFC
08-06 20:59:16.306 13053 13053 E RegisteredServicesCache: Skipping application component ComponentInfo{com.UCMobile/com.alipay.mobile.aompdevice.nfc.service.TinyAppHostApduService}: it must request the permission android.permission.NFC
08-06 20:59:16.307  2474  7257 I MiuiNetworkPolicy: bandwidth: 28 KB/s, Max bandwidth: 200 KB/s
08-06 20:59:16.307 13053 13053 E RegisteredServicesCache: Skipping application component ComponentInfo{com.autonavi.minimap/com.alibaba.ariver.commonability.device.jsapi.nfc.service.TinyAppHostApduService}: it must request the permission android.permission.NFC
08-06 20:59:16.307  7856  8405 E SmsApplication: com.android.mms lost android:read_cell_broadcasts:  (fixing)
08-06 20:59:16.307 13053 13053 E RegisteredServicesCache: Skipping application component ComponentInfo{com.autonavi.minimap/com.alipay.mobile.aompdevice.nfc.service.TinyAppHostApduService}: it must request the permission android.permission.NFC
08-06 20:59:16.307  2474 10068 W AppOpService: Ignored setUidMode call for runtime permission app op: uid = 10141, code = READ_CELL_BROADCASTS, mode = allow, callingUid = 1001, oldMode = allow
08-06 20:59:16.309 13053 13053 I RegisteredServicesCache: current user: 0, is managed profile : false
08-06 20:59:16.311 13053 13053 I RegisteredAidCache: updateRoutingLocked(false): Enter
08-06 20:59:16.311 13053 13053 I AidRoutingManager: configureRouting(false): Enter
08-06 20:59:16.311 13053 13053 E AidRoutingManager: Size of routing table970
08-06 20:59:16.311 13053 13053 I RegisteredAidCache: updateRoutingLocked(false): exit
08-06 20:59:16.311  2474 10068 W AppOpService: Ignored setUidMode call for runtime permission app op: uid = 1001, code = READ_SMS, mode = allow, callingUid = 1001, oldMode = allow
08-06 20:59:16.312 13430 14003 I RuntimePermissionManager: isRuntimeRequestSupport: true
08-06 20:59:16.312 13430 14003 I InstalledPackagesMemoryCache: getInstallPermissionGranted=true
08-06 20:59:16.312 13053 13053 I libnfc_nci: [INFO:NativeT4tNfcee.cpp(870)] nfcManager_isFwSupportNonStdT4TAid Enter isFwSupport = 1
08-06 20:59:16.312  2474  7647 W AppOpService: Ignored setUidMode call for runtime permission app op: uid = 1001, code = RECEIVE_SMS, mode = allow, callingUid = 1001, oldMode = allow
08-06 20:59:16.312 13053 13053 I libnfc_nci: [INFO:SecureElement.cpp(1487)] SecureElement::getEseHandleFromGenericId: enter; ESE-ID = 0x7F
08-06 20:59:16.312 13053 13053 I libnfc_nci: [INFO:SecureElement.cpp(1528)] SecureElement::getEseHandleFromGenericId: enter; ESE-Handle = 0x410
08-06 20:59:16.312  2474  7647 W AppOpService: Ignored setUidMode call for runtime permission app op: uid = 1001, code = RECEIVE_WAP_PUSH, mode = allow, callingUid = 1001, oldMode = allow
08-06 20:59:16.312 13053 13053 I libnfc_nci: [INFO:SecureElement.cpp(1487)] SecureElement::getEseHandleFromGenericId: enter; ESE-ID = 0x00
08-06 20:59:16.312 13053 13053 I libnfc_nci: [INFO:SecureElement.cpp(1528)] SecureElement::getEseHandleFromGenericId: enter; ESE-Handle = 0x400
08-06 20:59:16.312  2474  7647 W AppOpService: Ignored setUidMode call for runtime permission app op: uid = 1001, code = SEND_SMS, mode = allow, callingUid = 1001, oldMode = allow
08-06 20:59:16.313  2474  7647 W AppOpService: Ignored setUidMode call for runtime permission app op: uid = 1001, code = READ_CELL_BROADCASTS, mode = allow, callingUid = 1001, oldMode = allow
08-06 20:59:16.314  7800  1367 I SecureElement-Terminal-eSE1: isSecureElementPresent()
08-06 20:59:16.314  1774  1774 I android.hardware.secure_element-service.qti: isCardPresent
08-06 20:59:16.314  1774  1774 I android.hardware.secure_element-service.qti: isCardPresent exit, cardPresent: 1
08-06 20:59:16.316  7800  1367 I SecureElement-Terminal-SIM1: isSecureElementPresent()
08-06 20:59:16.316  7800  1367 I SecureElement-Terminal-SIM1: isNfcEventAllowed: No access rules for checking.
08-06 20:59:16.316  7800  1367 I SecureElement-Terminal-SIM2: isSecureElementPresent()
08-06 20:59:16.320  2474  7647 W MIUIInput: Input event injection from package: null action ACTION_DOWN keycode 82
08-06 20:59:16.320  2474  7647 W MiuiInputKeyEventLog: keyCode:82 down:true eventTime:22605457 downTime:22605457 policyFlags:2b000000 flags:0 metaState:0 deviceId:-1 isScreenOn:true keyguardActive:false repeatCount:0
08-06 20:59:16.321  2474  4371 I InputFeature: supportXiaomiHyperXiaoAi is true
08-06 20:59:16.321  2474  4371 I InputFeature: supportXiaomiHyperXiaoAiScreenRecognition support
08-06 20:59:16.321  2474  4371 I InputFeature: supportBlockCombinationKey com.miui.home version: 3
08-06 20:59:16.321  2474  4371 I MiuiInputKeyEventLog: is show menu
08-06 20:59:16.321  2036  2036 E DisplayModeController: setDesiredMode : Idle status skip setActiveMode, isDdicIdleMode: 1
08-06 20:59:16.321  2474  4371 I MIUIInput: [KeyEvent] publisher action:0x0,  keyCode:82 , deviceId=-1, 22605457,channel '79e08af com.miui.home/com.miui.home.launcher.Launcher (server)' 
08-06 20:59:16.321  7458  7458 I MIUIInput: [KeyEvent] ViewRootImpl windowName 'com.miui.home/com.miui.home.launcher.Launcher', KeyEvent { action=ACTION_DOWN, keyCode=KEYCODE_MENU, scanCode=0, metaState=0, flags=0x0, repeatCount=0, eventTime=22605457000000, downTime=22605457000000, deviceId=-1, source=0x0, displayId=-1 }, phoneEventTime=20:59:16.319
08-06 20:59:16.323  2474  7647 W MIUIInput: Input event injection from package: null action ACTION_UP keycode 82
08-06 20:59:16.323  2474  7647 W MiuiInputKeyEventLog: keyCode:82 down:false eventTime:22605460 downTime:22605457 policyFlags:2b000000 flags:0 metaState:0 deviceId:-1 isScreenOn:true keyguardActive:false repeatCount:0
08-06 20:59:16.323  2474  4371 I InputFeature: supportXiaomiHyperXiaoAi is true
08-06 20:59:16.323  2474  4371 I InputFeature: supportXiaomiHyperXiaoAiScreenRecognition support
08-06 20:59:16.323  2474  4371 I InputFeature: supportBlockCombinationKey com.miui.home version: 3
08-06 20:59:16.323  2474  4371 I MiuiInputKeyEventLog: is show menu
08-06 20:59:16.324  2474  4371 I MIUIInput: [KeyEvent] publisher action:0x1,  keyCode:82 , deviceId=-1, 22605460,channel '79e08af com.miui.home/com.miui.home.launcher.Launcher (server)' 
08-06 20:59:16.324  7458  7458 I MIUIInput: [KeyEvent] ViewRootImpl windowName 'com.miui.home/com.miui.home.launcher.Launcher', KeyEvent { action=ACTION_UP, keyCode=KEYCODE_MENU, scanCode=0, metaState=0, flags=0x0, repeatCount=0, eventTime=22605460000000, downTime=22605457000000, deviceId=-1, source=0x0, displayId=-1 }, phoneEventTime=20:59:16.323
08-06 20:59:16.324  7458  7458 I AnimStateManager: IdleState handle event 2006
08-06 20:59:16.324  7458  7458 I AnimStateManager: CommonState handle event 2006
08-06 20:59:16.326  7497 13038 I MiuiWallpaper-MiuiWallpaperManagerService: isMiuiWallpaperComponentUsing: true
08-06 20:59:16.326  7497 13038 I MiuiWallpaper-MiuiWallpaperManagerService: isMiuiWallpaperComponentUsing: true
08-06 20:59:16.327  7497 13038 I MiuiWallpaper-MiuiWallpaperManagerService: isMiuiWallpaperComponentUsing: true
08-06 20:59:16.328  7458  8091 I HapticFeedbackUtil: rtp:216
08-06 20:59:16.328  1843  1843 I SDM     : HWCDisplay::SetActiveConfigWithConstraints: display:66-0, config: 3, WxH 1200x2670, fps 120
08-06 20:59:16.328  1843  1843 W SDM     : HWDeviceDRM::GetSupportedBitClkRate: Requested rate not supported: 1150000000
08-06 20:59:16.328  1843  1843 I SDM     : HWDeviceDRM::UpdateMixerAttributes: Mixer WxH 1200x2670-1 for Peripheral
08-06 20:59:16.328  1843  1843 I SDM     : HWCDisplay::SubmitDisplayConfig: Active configuration changed from config 1 to 3
08-06 20:59:16.328  1843  1843 I SDM     : HWCDisplay::SubmitDisplayConfig: Active WxH 1200x2670 ,ddic_mode:auto, timing_fps: 120, sf_fps: 120
08-06 20:59:16.329  1843  3496 I vendor.qti.hardware.display.composer-service: Sensor: notify citsensorservice to trigger cwb, misForced = 0
08-06 20:59:16.329  3050  4554 I libsensor-parseRGB: request dump start for mRequestDisplayId 0
08-06 20:59:16.335  7458  7458 W PreviewDisappear: set, applyTo for info: com.miui.home.launcher.graphics.DrawableInfo@9992992, with icon: null
08-06 20:59:16.339 10308 19301 E PackageUtil: getPackageInfoAsUser failed io.github.ylimit.droidbotapp , 999
08-06 20:59:16.342  1775  1775 I sensors-hal: batch:141, android.sensor.accelerometer/11, period=66667000, max_latency=0
08-06 20:59:16.342  1775  1775 I sensors-hal: set_config:56, sample_period_ns is adjusted to 66667000 based on min/max delay_ns
08-06 20:59:16.342  1775  1775 I sensors-hal: batch:150, android.sensor.accelerometer/11, period=66667000, max_latency=0 request completed
08-06 20:59:16.343  2474  2817 I SensorAccount: App register sensor to track it noWakeupSensor_10138_0x100000b
08-06 20:59:16.343  2474  7647 I SensorService: 	>>> actuating h/w activate handle=0x100000b enabled=1
08-06 20:59:16.343  1775  1775 I sensors-hal: activate:108, android.sensor.accelerometer/11 en=1
08-06 20:59:16.343  1775  1775 I sensors-hal: acquire_qsh_interface:121, acquire_qsh_interface with sensor_id 104 , conn_type 2 
08-06 20:59:16.343 10308 19301 E PackageUtil: getPackageInfoAsUser failed com.g2a.marketplace , 999
08-06 20:59:16.345 10308 19301 E PermissionManagerProvider:  getPackageInfo is null packageName : com.g2a.marketplace
08-06 20:59:16.345  1739  1812 I minksocket: MinkIPC MESSAGE: ( 1739:1812 ) MinkIPC_QRTR_Service:351 minkipc = 0xb4000076c18ba7f0 sock = 19, client with node 1 port 570b went down
08-06 20:59:16.346  1739  1832 I minksocket: MinkIPC MESSAGE: ( 1739:1832 ) MinkIPC_QRTR_Service:351 minkipc = 0xb4000076c18baed0 sock = 35, client with node 1 port 570b went down
08-06 20:59:16.347  1739  1832 I minksocket: MinkIPC MESSAGE: ( 1739:1832 ) MinkIPC_QRTR_Service:351 minkipc = 0xb4000076c18baed0 sock = 35, client with node 1 port 570c went down
08-06 20:59:16.348  1739  1812 I minksocket: MinkIPC MESSAGE: ( 1739:1812 ) MinkIPC_QRTR_Service:351 minkipc = 0xb4000076c18ba7f0 sock = 19, client with node 1 port 570c went down
08-06 20:59:16.349  1739  1832 I minksocket: MinkIPC MESSAGE: ( 1739:1832 ) MinkIPC_QRTR_Service:351 minkipc = 0xb4000076c18baed0 sock = 35, client with node 1 port 570d went down
08-06 20:59:16.349  1739  1812 I minksocket: MinkIPC MESSAGE: ( 1739:1812 ) MinkIPC_QRTR_Service:351 minkipc = 0xb4000076c18ba7f0 sock = 19, client with node 1 port 570d went down
08-06 20:59:16.349  1775  1775 I sensors-hal: qsh_qmi:35, qsh_qmi
08-06 20:59:16.349  1775  1775 I sensors-hal: register_cb:314, suid(low=11115320498015681092,high=2286538866409242278) is new. register callbacks
08-06 20:59:16.349  1775  1775 I sensors-hal: send_sensor_config_request:626, resampler is used, set resampler config
08-06 20:59:16.349  1775  1775 I sensors-hal: send_sync_sensor_request:531, send sync request
08-06 20:59:16.349  1775  1775 I sensors-hal: send_sync_sensor_request:541, send_sync_sensor_request before send_request for accel with SUID low=11115320498015681092 high=2286538866409242278
08-06 20:59:16.349  1775  1775 I sensors-hal: send_sync_sensor_request:560, wait for notification of response
08-06 20:59:16.350  1739  1812 I minksocket: MinkIPC MESSAGE: ( 1739:1812 ) MinkIPC_QRTR_Service:351 minkipc = 0xb4000076c18ba7f0 sock = 19, client with node 1 port 570e went down
08-06 20:59:16.350  1739  1832 I minksocket: MinkIPC MESSAGE: ( 1739:1832 ) MinkIPC_QRTR_Service:351 minkipc = 0xb4000076c18baed0 sock = 35, client with node 1 port 570e went down
08-06 20:59:16.351  7458  7458 W ScreenView_Workspace: updateChildStaticTransformation error,childW=0.0
08-06 20:59:16.351  1775  1702 I sensors-hal: qsh_conn_resp_cb:886, resp_value = 0 for accel 
08-06 20:59:16.351  1775  1775 I sensors-hal: send_sync_sensor_request:566, takes 2 ms to receive the response with 0
08-06 20:59:16.351  1775  1775 I sensors-hal: activate:119, android.sensor.accelerometer/11 en=1 completed
08-06 20:59:16.353  7458  8091 E Launcher: mFsGestureStatusRefreshRunnable:run usingFsGesture=true   show=true   focus=true   pause=false
08-06 20:59:16.356 17757 17774 I ystemAdSolution: This is sticky GC, maxfree is 16777216 minfree is 8388608
08-06 20:59:16.357  7458  7458 W RecentsImpl: updateFsgWindowVisibilityState origin isEnter=true, typeFrom=typefrom_home
08-06 20:59:16.357  7458  8091 W RecentsImpl: updateFsgWindowVisibilityStateInBgThread, isEnter=true, typeFrom=typefrom_home, isOpen=true, isKeyguardLocked=false, mIsInAnotherPro=false, isStatusBarExpansion=false
08-06 20:59:16.359  7458  8149 W GestureStubView_Left: adaptRotation   currentRotation=0   mRotation=0
08-06 20:59:16.359  7458  8149 W GestureStubView_Right: adaptRotation   currentRotation=0   mRotation=0
08-06 20:59:16.360  3050  3078 E libsensor-parseRGB: CWB NotifyCWBBufferDone  error 0
08-06 20:59:16.392  2474  2664 W EnhancedConfirmationService: The packageName should not be null.
08-06 20:59:16.392  2474  2664 W MagnificationConnectionManager: requestConnection duplicated request: connect=false, mConnectionState=DISCONNECTED
08-06 20:59:16.399  3086  3086 I adbd    : in ShellService: input keyevent BACK
08-06 20:59:16.435  2474  7647 W MIUIInput: Input event injection from package: null action ACTION_DOWN keycode 4
08-06 20:59:16.435  2474  7647 W MiuiInputKeyEventLog: keyCode:4 down:true eventTime:22605572 downTime:22605572 policyFlags:2b000000 flags:0 metaState:0 deviceId:-1 isScreenOn:true keyguardActive:false repeatCount:0
08-06 20:59:16.436  2474  2680 W ActivityManagerServiceImpl: Sending non-protected broadcast miui.intent.KEYCODE_BACK from system 2474:system/1000 pkg android. Callers=com.android.server.am.ActivityManagerService.checkBroadcastFromSystem:16255 com.android.server.am.ActivityManagerService.broadcastIntentLockedTraced:17126 com.android.server.am.ActivityManagerService.broadcastIntentLocked:16315 com.android.server.am.ActivityManagerService.broadcastIntentWithFeature:17337 android.app.ContextImpl.sendBroadcastAsUser:1495 
08-06 20:59:16.437  2474  4371 I MIUIInput: [KeyEvent] publisher action:0x0,  keyCode:4 , deviceId=-1, 22605572,channel '79e08af com.miui.home/com.miui.home.launcher.Launcher (server)' 
08-06 20:59:16.437  7458  7458 I MIUIInput: [KeyEvent] ViewRootImpl windowName 'com.miui.home/com.miui.home.launcher.Launcher', KeyEvent { action=ACTION_DOWN, keyCode=KEYCODE_BACK, scanCode=0, metaState=0, flags=0x0, repeatCount=0, eventTime=22605572000000, downTime=22605572000000, deviceId=-1, source=0x0, displayId=-1 }, phoneEventTime=20:59:16.434
08-06 20:59:16.453  2474  7647 W MIUIInput: Input event injection from package: null action ACTION_UP keycode 4
08-06 20:59:16.454  2474  7647 W MiuiInputKeyEventLog: keyCode:4 down:false eventTime:22605590 downTime:22605572 policyFlags:2b000000 flags:0 metaState:0 deviceId:-1 isScreenOn:true keyguardActive:false repeatCount:0
08-06 20:59:16.455  2474  2680 W ActivityManagerServiceImpl: Sending non-protected broadcast miui.intent.KEYCODE_BACK from system 2474:system/1000 pkg android. Callers=com.android.server.am.ActivityManagerService.checkBroadcastFromSystem:16255 com.android.server.am.ActivityManagerService.broadcastIntentLockedTraced:17126 com.android.server.am.ActivityManagerService.broadcastIntentLocked:16315 com.android.server.am.ActivityManagerService.broadcastIntentWithFeature:17337 android.app.ContextImpl.sendBroadcastAsUser:1495 
08-06 20:59:16.457  2474  4371 I MIUIInput: [KeyEvent] publisher action:0x1,  keyCode:4 , deviceId=-1, 22605590,channel '79e08af com.miui.home/com.miui.home.launcher.Launcher (server)' 
08-06 20:59:16.458  7458  7458 I MIUIInput: [KeyEvent] ViewRootImpl windowName 'com.miui.home/com.miui.home.launcher.Launcher', KeyEvent { action=ACTION_UP, keyCode=KEYCODE_BACK, scanCode=0, metaState=0, flags=0x0, repeatCount=0, eventTime=22605590000000, downTime=22605572000000, deviceId=-1, source=0x0, displayId=-1 }, phoneEventTime=20:59:16.453
08-06 20:59:16.481  7458  7458 W MIUIInput: Back key is intercepted by the app
08-06 20:59:16.484  2474  7647 I SensorService: 	>>> actuating h/w activate handle=0x100000b enabled=0
08-06 20:59:16.485  1775  1775 I sensors-hal: activate:108, android.sensor.accelerometer/11 en=0
08-06 20:59:16.486  1775  1775 I sensors-hal: send_sync_sensor_request:531, send sync request
08-06 20:59:16.486  1775  1775 I sensors-hal: send_sync_sensor_request:541, send_sync_sensor_request before send_request for accel with SUID low=11115320498015681092 high=2286538866409242278
08-06 20:59:16.487  1775  1775 I sensors-hal: send_sync_sensor_request:560, wait for notification of response
08-06 20:59:16.487  2474  2817 I SensorAccount: App unregister sensor noWakeupSensor_10138_0x100000b
08-06 20:59:16.488  1775  1702 I sensors-hal: qsh_conn_resp_cb:886, resp_value = 0 for accel 
08-06 20:59:16.489  1775  1775 I sensors-hal: send_sync_sensor_request:566, takes 2 ms to receive the response with 0
08-06 20:59:16.490  1775  1775 I sensors-hal: ~qsh_qmi:62, ~qsh_qmi
08-06 20:59:16.490  1775  1775 I sensors-hal: activate:119, android.sensor.accelerometer/11 en=0 completed
08-06 20:59:16.491  1739  1812 I minksocket: MinkIPC MESSAGE: ( 1739:1812 ) MinkIPC_QRTR_Service:351 minkipc = 0xb4000076c18ba7f0 sock = 19, client with node 1 port 570f went down
08-06 20:59:16.491  1739  1832 I minksocket: MinkIPC MESSAGE: ( 1739:1832 ) MinkIPC_QRTR_Service:351 minkipc = 0xb4000076c18baed0 sock = 35, client with node 1 port 570f went down
08-06 20:59:16.491  7458  8091 E Launcher: mFsGestureStatusRefreshRunnable:run usingFsGesture=true   show=true   focus=true   pause=false
08-06 20:59:16.493  7458  7458 W RecentsImpl: updateFsgWindowVisibilityState origin isEnter=false, typeFrom=typefrom_home
08-06 20:59:16.494  7458  8091 W RecentsImpl: updateFsgWindowVisibilityStateInBgThread, isEnter=false, typeFrom=typefrom_home, isOpen=true, isKeyguardLocked=false, mIsInAnotherPro=false, isStatusBarExpansion=false
08-06 20:59:16.494  7458  8091 W RecentsImpl: getTopActivity from observer.   cn=ComponentInfo{com.miui.home/com.miui.home.launcher.Launcher}
08-06 20:59:16.529  3086  3086 I adbd    : in ShellService: pm list packages -f
08-06 20:59:16.531 19029 19640 I auth    : [XMS][Auth] updateAuthInfo in db true
08-06 20:59:16.532 19029 19640 I auth    : [XMS][Auth] updateAuthInfo in db true
08-06 20:59:16.534 19029 19639 I auth    : [XMS][Auth] updateAuthInfo in db true
08-06 20:59:16.535  1843  3496 I vendor.qti.hardware.display.composer-service: Sensor: notify citsensorservice to trigger cwb, misForced = 0
08-06 20:59:16.535  3050  4554 I libsensor-parseRGB: request dump start for mRequestDisplayId 0
08-06 20:59:16.537 19029 19640 I auth    : [XMS][Auth] updateAuthInfo in db true
08-06 20:59:16.539 19029 19639 I auth    : [XMS][Auth] updateAuthInfo in db true
08-06 20:59:16.541 19029 19639 I auth    : [XMS][Auth] updateAuthInfo in db true
08-06 20:59:16.542 19029 19640 I auth    : [XMS][Auth] updateAuthInfo in db true
08-06 20:59:16.544 19029 19640 I auth    : [XMS][Auth] updateAuthInfo in db true
08-06 20:59:16.556 19029 19639 I auth    : [XMS][Auth] updateAuthInfo in db true
08-06 20:59:16.558 19029 19640 I auth    : [XMS][Auth] updateAuthInfo in db true
08-06 20:59:16.559  3050 25119 E libsensor-parseRGB: CWB NotifyCWBBufferDone  error 0
08-06 20:59:16.559 19029 19639 I auth    : [XMS][Auth] updateAuthInfo in db true
08-06 20:59:16.623  9497  9497 I abb     : StartCommandInProcess(73657474696e67730067657400676c6f settings.get.glo [truncated])
08-06 20:59:16.624  2474  2474 W binder:2474_2: type=1400 audit(0.0:16190): avc:  denied  { getopt } for  scontext=u:r:system_server:s0 tcontext=u:r:shell:s0 tclass=unix_stream_socket permissive=0
08-06 20:59:16.624  2474  2474 W binder:2474_2: type=1400 audit(0.0:16191): avc:  denied  { getopt } for  scontext=u:r:system_server:s0 tcontext=u:r:shell:s0 tclass=unix_stream_socket permissive=0
08-06 20:59:16.624  2474  2474 W binder:2474_2: type=1400 audit(0.0:16192): avc:  denied  { getopt } for  scontext=u:r:system_server:s0 tcontext=u:r:shell:s0 tclass=unix_stream_socket permissive=0
08-06 20:59:16.628  3086  3086 I adbd    : in ShellService: pm list packages -f
08-06 20:59:16.638  2474  8251 I NetworkAccelerateSwitchService: EVENT_RSSI_POLL. mRssiPoll=true
08-06 20:59:16.638  2474  8251 I NetworkAccelerateSwitchService: getAverageWifiRssi:38
08-06 20:59:16.644  9497  9497 I abb     : StartCommandInProcess(7061636b61676500696e7374616c6c00 package.install. [truncated])
08-06 20:59:16.644  2474  7611 I SensorAccount: ExecutionCapabilityChanged  pkgName:com.miui.home  canAfford:true mCurrentForegroundUid:10138
08-06 20:59:16.652  2474  2642 I InstallationTiming: beginInstall_sessionId: 2147278452
08-06 20:59:16.689  3086  3086 I adbd    : in ShellService: ps
08-06 20:59:16.743  1843  3496 I vendor.qti.hardware.display.composer-service: Sensor: notify citsensorservice to trigger cwb, misForced = 0
08-06 20:59:16.743  3050  4554 I libsensor-parseRGB: request dump start for mRequestDisplayId 0
08-06 20:59:16.766  3050  4604 E libsensor-parseRGB: CWB NotifyCWBBufferDone  error 0
08-06 20:59:16.792 13430 13430 I PackageInstallReceiver: action = android.intent.action.PACKAGE_CHANGED packageName = com.miui.cleanmaster
08-06 20:59:16.792 13430 13430 W InstalledPackagesMemoryCache: Unknown action: android.intent.action.PACKAGE_CHANGED
08-06 20:59:16.792 13430 13430 I ServiceDeliveryCapability: onAppChanged:com.miui.cleanmaster action:android.intent.action.PACKAGE_CHANGED
08-06 20:59:16.793 13430 13430 I AppWidgetDelegate: updateAppWidgets for com.miui.cleanmaster
08-06 20:59:16.793 13430 13430 I WidgetController: WidgetController.updateOrRemoveStackWhenPackageChanged: packageName com.miui.cleanmaster
08-06 20:59:16.793 13430 13430 I WidgetBackgroundBlurManager: onAppChanged appPackageName : com.miui.cleanmaster
08-06 20:59:16.793 13430 14162 I AppWidgetDelegate: removeAllWidgets com.android.calendar.widget.NearEventAppWidget
08-06 20:59:16.793 13430 14162 I AppWidgetDelegate: removeAllWidgets com.xiaomi.misettings.usagestats.widget.desktop.widget.SimpleUsageStatsWidget
08-06 20:59:16.950  1843  3496 I vendor.qti.hardware.display.composer-service: Sensor: notify citsensorservice to trigger cwb, misForced = 0
08-06 20:59:16.951  3050  4554 I libsensor-parseRGB: request dump start for mRequestDisplayId 0
08-06 20:59:16.974  3050  3078 E libsensor-parseRGB: CWB NotifyCWBBufferDone  error 0
08-06 20:59:16.974  1850  9931 E ANDR-PERF-LM: SAGT_ACTION: UpdateFPSData() 138: update /sys/kernel/sched_penalty/parameters/fps to 60, ret is 0
08-06 20:59:16.976  1850  9931 E ANDR-PERF-LM: SAGT_ACTION: updateAutoPenatly() 161: recovery auto penatly gamefps 60.000000, measured fps is 64.500000, gap is -4.500000 
08-06 20:59:17.159  1843  3496 I vendor.qti.hardware.display.composer-service: Sensor: notify citsensorservice to trigger cwb, misForced = 0
08-06 20:59:17.160  3050  4554 I libsensor-parseRGB: request dump start for mRequestDisplayId 0
08-06 20:59:17.182  3050  4604 E libsensor-parseRGB: CWB NotifyCWBBufferDone  error 0
08-06 20:59:17.279  1843  2051 I SDM     : DisplayBase::CommitThread: Received idle timeout, panel: cmd, timeout: 70000 us
08-06 20:59:17.316  1843  1843 I SDM     : HWCDisplay::SetActiveConfigWithConstraints: display:66-0, config: 1, WxH 1200x2670, fps 120
08-06 20:59:17.316  1843  1843 W SDM     : HWDeviceDRM::GetSupportedBitClkRate: Requested rate not supported: 1150000000
08-06 20:59:17.316  1843  1843 I SDM     : HWDeviceDRM::UpdateMixerAttributes: Mixer WxH 1200x2670-1 for Peripheral
08-06 20:59:17.317  1843  1843 I SDM     : HWCDisplay::SubmitDisplayConfig: Active configuration changed from config 3 to 1
08-06 20:59:17.317  1843  1843 I SDM     : HWCDisplay::SubmitDisplayConfig: Active WxH 1200x2670 ,ddic_mode:idle, timing_fps: 120, sf_fps: 120
08-06 20:59:17.377  1850  9931 E ANDR-PERF-LM: SAGT_ACTION: UpdateFPSData() 138: update /sys/kernel/sched_penalty/parameters/fps to 120, ret is 0
08-06 20:59:17.396  1843  2051 I SDM     : DisplayBase::CommitThread: Received idle timeout, panel: cmd, timeout: 70000 us
08-06 20:59:17.475  1843  3496 I vendor.qti.hardware.display.composer-service: Sensor: notify citsensorservice to trigger cwb, misForced = 1
08-06 20:59:17.475  3050  4554 I libsensor-parseRGB: request dump start for mRequestDisplayId 0
08-06 20:59:17.498  3050 25119 E libsensor-parseRGB: CWB NotifyCWBBufferDone  error 0
08-06 20:59:17.555  1843  2051 I SDM     : DisplayBase::CommitThread: Received idle timeout, panel: cmd, timeout: 69999 us
08-06 20:59:17.727  2474  7382 I SmartPower: com.google.android.gms/10130(11128): background->idle(3011ms) R(adj below visible) adj=250.
08-06 20:59:17.771  2474  7382 I SmartPower: com.miui.cleanmaster/10266(17558): background->idle(3002ms) R(service create com.miui.cleanmaster/com.miui.optimizecenter.service.CleanMasterService) adj=905.
08-06 20:59:17.798  2474  7382 I SmartPower: com.android.packageinstaller/10097(18840): background->idle(3000ms) R(broadcast start Intent { act=android.intent.action.PACKAGE_ADDED dat=package: flg=0x5000010 pkg=com.android.packageinstaller (has extras) }) adj=905.
08-06 20:59:17.850  3086  3086 I adbd    : in ShellService: ps
08-06 20:59:17.883  2474  7382 I SmartPower: com.miui.systemAdSolution/10168(17757): background->idle(3000ms) R(broadcast start Intent { act=android.intent.action.PACKAGE_ADDED dat=package: flg=0x4000010 (has extras) }) adj=100.
08-06 20:59:17.892  2474  7382 I SmartPower: com.android.browser/10134(9561): background->idle(3010ms) R(adj below visible) adj=905.
08-06 20:59:18.237  2474  7382 I SmartPower: com.android.vending/10124(11354): background->idle(3433ms) R(broadcast start Intent { act=android.intent.action.PACKAGE_ADDED dat=package: flg=0x4000010 (has extras) }) adj=905.
08-06 20:59:18.237  2474  7382 I SmartPower: com.android.vending:background/10124(17245): background->idle(3001ms) R(broadcast start Intent { act=android.intent.action.PACKAGE_ADDED dat=package: flg=0x4000010 (has extras) }) adj=905.
08-06 20:59:18.259  2474  7382 I SmartPower: com.miui.voiceassist:core/10193(12995): background->idle(3002ms) R(broadcast start Intent { act=android.intent.action.PACKAGE_ADDED dat=package: flg=0x4000010 (has extras) }) adj=100.
08-06 20:59:18.265  2474  7382 I SmartPower: android.process.mediaUI/10261(15474): background->idle(3003ms) R(broadcast start Intent { act=android.intent.action.PACKAGE_ADDED dat=package: flg=0x4000010 (has extras) }) adj=905.
08-06 20:59:18.266  2474  7382 I SmartPower: android.process.acore/10083(15552): background->idle(3002ms) R(broadcast start Intent { act=android.intent.action.PACKAGE_ADDED dat=package: flg=0x4000010 (has extras) }) adj=800.
08-06 20:59:18.266  2474  7382 I SmartPower: com.xiaomi.aicr:actionprovider/10127(15738): background->idle(3001ms) R(broadcast start Intent { act=android.intent.action.PACKAGE_ADDED dat=package: flg=0x4000010 (has extras) }) adj=915.
08-06 20:59:18.266  2474  7382 I SmartPower: com.google.android.documentsui/10100(14965): background->idle(3000ms) R(broadcast start Intent { act=android.intent.action.PACKAGE_ADDED dat=package: flg=0x4000010 (has extras) }) adj=905.
08-06 20:59:18.269  2474  7382 I SmartPower: com.milink.service:audio/10178(18537): background->idle(3002ms) R(broadcast start Intent { act=android.intent.action.PACKAGE_ADDED dat=package: flg=0x4000010 (has extras) }) adj=200.
08-06 20:59:18.269  2474  7382 I SmartPower: com.milink.crossdeviceservice/10178(19278): background->idle(3002ms) R(broadcast start Intent { act=android.intent.action.PACKAGE_ADDED dat=package: flg=0x4000010 (has extras) }) adj=915.
08-06 20:59:18.282  2474  7382 I SmartPower: com.miui.gallery/10271(9872): background->idle(3001ms) R(broadcast start Intent { act=android.intent.action.PACKAGE_ADDED dat=package: flg=0x4000010 (has extras) }) adj=905.
08-06 20:59:18.304  3050  4560 I libsensor-boledalgo: dbv:445,lux:112.2,cct:3971.1,hsv:-1.0,dc:0CWB R:3310.2,G:7115.4,B:3530.2Event C:6917.0,R:3991.6,G:2242.5,B:1051.8Cali C:206.3,R:66.5,G:60.6,B:32.8 
08-06 20:59:18.304  2474  7382 I SmartPower: com.miui.newhome/10296(18182): background->idle(3000ms) R(broadcast start Intent { act=android.intent.action.PACKAGE_ADDED dat=package: flg=0x4000010 (has extras) }) adj=905.
08-06 20:59:18.304  2474  7382 I SmartPower: com.xiaomi.market:widgetProvider/10167(9799): background->idle(3001ms) R(broadcast start Intent { act=com.xiaomi.market.APP_STATUS_CHANGED flg=0x30 cmp=com.xiaomi.market/.business_ui.widget.NewGameWidgetProvider (has extras) }) adj=905.
08-06 20:59:18.304  2474  7382 I SmartPower: com.xiaomi.market/10167(20053): background->idle(3056ms) R(broadcast start Intent { act=com.xiaomi.market.APP_STATUS_CHANGED flg=0x30 cmp=com.xiaomi.market/.business_ui.widget.NewGameWidgetProvider (has extras) }) adj=905.
08-06 20:59:18.502  3050  4560 I libsensor-boledalgo: dbv:445,lux:247.7,cct:4317.9,hsv:-1.0,dc:0CWB R:3310.2,G:7115.4,B:3530.2Event C:14999.6,R:8498.6,G:4982.8,B:2420.1Cali C:206.3,R:66.5,G:60.6,B:32.8 
08-06 20:59:18.504  2474  2474 W binder:2474_2: type=1400 audit(0.0:16193): avc:  denied  { getopt } for  scontext=u:r:system_server:s0 tcontext=u:r:shell:s0 tclass=unix_stream_socket permissive=0
08-06 20:59:18.652  2474  7382 I SmartPower: com.miui.phrase/10162(24218): background->idle(3001ms) R(content provider start ContentProviderRecord{af5fdc5 u0 com.miui.phrase/com.miui.provider.InputProvider}) adj=905.
08-06 20:59:18.690  7856  9010 E PhoneAdapter: get ntnphones failed, exception: java.lang.IllegalStateException: Default phones haven't been made yet!
08-06 20:59:18.701  3050  4560 I libsensor-boledalgo: ##### the value of lux: 256.626831, cct: 4260.000000
08-06 20:59:18.701  3050  4560 I libsensor-qshcalapi: value of set_lux: 256.626831, set r: 4260.000000
08-06 20:59:18.719  3086  3086 I adbd    : in ShellService: pm list packages -f
08-06 20:59:18.729  2474  4395 W PackageParsing: Ignoring duplicate uses-permissions/uses-permissions-sdk-m: com.android.vending.BILLING in package: com.facebook.orca at: Binary XML file line #127
08-06 20:59:18.744  2474  4395 W RuleEvaluation: Integrity rule files are not available.
08-06 20:59:18.745  2474  3506 I PackageManager: Integrity check passed for file:///data/app/vmdl2147278452.tmp
08-06 20:59:18.804  2474  3506 W PackageParsing: Ignoring duplicate uses-permissions/uses-permissions-sdk-m: com.android.vending.BILLING in package: com.facebook.orca at: Binary XML file line #127
08-06 20:59:18.857 13306 13306 I UserConsentManager: onPermissionsChanged: 10366
08-06 20:59:18.857 13306 13306 I UserConsentManager: onPermissionsChanged: 10366
08-06 20:59:18.858 13306 13306 I UserConsentManager: onPermissionsChanged: 10366
08-06 20:59:18.880  2474  2643 E AppOps  : Trying to set mode for unknown uid 10366.
08-06 20:59:18.883  2474  7257 I MiuiNetworkPolicy: updateUidState uid = 10278, uidState = 19
08-06 20:59:18.892 24010 24585 I artd    : Merge skipped because there are no existing profiles
08-06 20:59:18.892  2474  3506 I ArtService: Adjusting the compiler filter for 'com.facebook.orca' from 'speed-profile' to 'verify' because there is no valid profile
08-06 20:59:18.893 24010 24585 I artd    : Dex parent of /data/app/~~QbijvN3Y8ozlu7DoXSYJLg==/com.facebook.orca-_v66P3tSBFAdTqKxXKUoyg==/base.apk is not writable: Permission denied
08-06 20:59:18.893 24010 24585 I artd    : GetBestInfo checking odex in dalvik-cache (/data/dalvik-cache/arm64/data@app@~~QbijvN3Y8ozlu7DoXSYJLg==@com.facebook.orca-_v66P3tSBFAdTqKxXKUoyg==@base.apk@classes.dex)
08-06 20:59:18.893 24010 24585 I artd    : Loading /data/dalvik-cache/arm64/data@app@~~QbijvN3Y8ozlu7DoXSYJLg==@com.facebook.orca-_v66P3tSBFAdTqKxXKUoyg==@base.apk@classes.dex with executable: 0
08-06 20:59:18.893 24010 24585 I artd    : OatFileAssistant test for existing oat file /data/dalvik-cache/arm64/data@app@~~QbijvN3Y8ozlu7DoXSYJLg==@com.facebook.orca-_v66P3tSBFAdTqKxXKUoyg==@base.apk@classes.dex: File /data/dalvik-cache/arm64/data@app@~~QbijvN3Y8ozlu7DoXSYJLg==@com.facebook.orca-_v66P3tSBFAdTqKxXKUoyg==@base.apk@classes.vdex does not exist.
08-06 20:59:18.893 24010 24585 I artd    : GetBestInfo checking odex next to the dex file (/data/app/~~QbijvN3Y8ozlu7DoXSYJLg==/com.facebook.orca-_v66P3tSBFAdTqKxXKUoyg==/oat/arm64/base.odex)
08-06 20:59:18.893 24010 24585 I artd    : Loading /data/app/~~QbijvN3Y8ozlu7DoXSYJLg==/com.facebook.orca-_v66P3tSBFAdTqKxXKUoyg==/oat/arm64/base.odex with executable: 0
08-06 20:59:18.893 24010 24585 I artd    : OatFileAssistant test for existing oat file /data/app/~~QbijvN3Y8ozlu7DoXSYJLg==/com.facebook.orca-_v66P3tSBFAdTqKxXKUoyg==/oat/arm64/base.odex: File /data/app/~~QbijvN3Y8ozlu7DoXSYJLg==/com.facebook.orca-_v66P3tSBFAdTqKxXKUoyg==/oat/arm64/base.vdex does not exist.
08-06 20:59:18.893 24010 24585 I artd    : GetBestInfo checking vdex in dalvik-cache (/data/dalvik-cache/arm64/data@app@~~QbijvN3Y8ozlu7DoXSYJLg==@com.facebook.orca-_v66P3tSBFAdTqKxXKUoyg==@base.apk@classes.vdex)
08-06 20:59:18.893 24010 24585 I artd    : unable to open vdex file /data/dalvik-cache/arm64/data@app@~~QbijvN3Y8ozlu7DoXSYJLg==@com.facebook.orca-_v66P3tSBFAdTqKxXKUoyg==@base.apk@classes.vdex: File /data/dalvik-cache/arm64/data@app@~~QbijvN3Y8ozlu7DoXSYJLg==@com.facebook.orca-_v66P3tSBFAdTqKxXKUoyg==@base.apk@classes.vdex does not exist.
08-06 20:59:18.893 24010 24585 I artd    : OatFileAssistant test for existing oat file /data/dalvik-cache/arm64/data@app@~~QbijvN3Y8ozlu7DoXSYJLg==@com.facebook.orca-_v66P3tSBFAdTqKxXKUoyg==@base.apk@classes.vdex: File /data/dalvik-cache/arm64/data@app@~~QbijvN3Y8ozlu7DoXSYJLg==@com.facebook.orca-_v66P3tSBFAdTqKxXKUoyg==@base.apk@classes.vdex does not exist.
08-06 20:59:18.893 24010 24585 I artd    : GetBestInfo checking vdex next to the dex file (/data/app/~~QbijvN3Y8ozlu7DoXSYJLg==/com.facebook.orca-_v66P3tSBFAdTqKxXKUoyg==/oat/arm64/base.vdex)
08-06 20:59:18.893 24010 24585 I artd    : unable to open vdex file /data/app/~~QbijvN3Y8ozlu7DoXSYJLg==/com.facebook.orca-_v66P3tSBFAdTqKxXKUoyg==/oat/arm64/base.vdex: File /data/app/~~QbijvN3Y8ozlu7DoXSYJLg==/com.facebook.orca-_v66P3tSBFAdTqKxXKUoyg==/oat/arm64/base.vdex does not exist.
08-06 20:59:18.893 24010 24585 I artd    : OatFileAssistant test for existing oat file /data/app/~~QbijvN3Y8ozlu7DoXSYJLg==/com.facebook.orca-_v66P3tSBFAdTqKxXKUoyg==/oat/arm64/base.vdex: File /data/app/~~QbijvN3Y8ozlu7DoXSYJLg==/com.facebook.orca-_v66P3tSBFAdTqKxXKUoyg==/oat/arm64/base.vdex does not exist.
08-06 20:59:18.893 24010 24585 I artd    : GetBestInfo checking dm (/data/app/~~QbijvN3Y8ozlu7DoXSYJLg==/com.facebook.orca-_v66P3tSBFAdTqKxXKUoyg==/base.dm)
08-06 20:59:18.893 24010 24585 I artd    : GetBestInfo no usable artifacts
08-06 20:59:18.904 24010 24585 I artd    : Running dex2oat: /apex/com.android.art/bin/art_exec --drop-capabilities --set-task-profile=Dex2OatBootComplete --set-priority=background --keep-fds=7:8:9:10:11:12 -- /apex/com.android.art/bin/dex2oat64 --zip-fd=7 --zip-location=/data/app/~~QbijvN3Y8ozlu7DoXSYJLg==/com.facebook.orca-_v66P3tSBFAdTqKxXKUoyg==/base.apk --oat-fd=8 --oat-location=/data/app/~~QbijvN3Y8ozlu7DoXSYJLg==/com.facebook.orca-_v66P3tSBFAdTqKxXKUoyg==/oat/arm64/base.odex --output-vdex-fd=9 --swap-fd=10 --class-loader-context-fds=11:12 --class-loader-context=PCL[]{PCL[/system/framework/android.test.base.jar]#PCL[/system/framework/org.apache.http.legacy.jar]} --classpath-dir=/data/app/~~QbijvN3Y8ozlu7DoXSYJLg==/com.facebook.orca-_v66P3tSBFAdTqKxXKUoyg== --instruction-set=arm64 --instruction-set-features=default --instruction-set-variant=kryo300 --compiler-filter=verify --compilation-reason=install --compact-dex-level=none --max-image-block-size=524288 --resolve-startup-const-strings=true --generate-mini-debug-info --runtime-arg -Xtarget-sdk-version:29 --runtime-arg -Xhidden-api-policy:enabled -j6 --runtime-arg -Xms64m --runtime-arg -Xmx512m --comments=app-name:com.facebook.orca,app-version-name:330.0.0.12.116,app-version-code:296015092,art-version:352090000
08-06 20:59:18.904 24010 24585 I artd    : Opened FDs: 7:/data/app/~~QbijvN3Y8ozlu7DoXSYJLg==/com.facebook.orca-_v66P3tSBFAdTqKxXKUoyg==/base.apk 8:/data/app/~~QbijvN3Y8ozlu7DoXSYJLg==/com.facebook.orca-_v66P3tSBFAdTqKxXKUoyg==/oat/arm64/base.odex.pmUviH.tmp 9:/data/app/~~QbijvN3Y8ozlu7DoXSYJLg==/com.facebook.orca-_v66P3tSBFAdTqKxXKUoyg==/oat/arm64/base.vdex.jFkS5S.tmp 10:/data/app/~~QbijvN3Y8ozlu7DoXSYJLg==/com.facebook.orca-_v66P3tSBFAdTqKxXKUoyg==/oat/arm64/base.odex.swap.Kn5HVh.tmp 11:/system/framework/org.apache.http.legacy.jar 12:/system/framework/android.test.base.jar 
08-06 20:59:18.924  1820  1820 W libprocessgroup: JoinCgroup: controller schedtune is not found
08-06 20:59:18.942  1820  1820 W dex2oat64: Obsolete flag --compact-dex-level ignored
08-06 20:59:18.944  1820  1820 I dex2oat64: /apex/com.android.art/bin/dex2oat64 --output-vdex-fd=9 --class-loader-context-fds=11:12 --class-loader-context=PCL[]{PCL[/system/framework/android.test.base.jar]#PCL[/system/framework/org.apache.http.legacy.jar]} --classpath-dir=/data/app/~~QbijvN3Y8ozlu7DoXSYJLg==/com.facebook.orca-_v66P3tSBFAdTqKxXKUoyg== --compiler-filter=verify --compilation-reason=install --compact-dex-level=none --max-image-block-size=524288 --resolve-startup-const-strings=true --generate-mini-debug-info -j6 --comments=app-name:com.facebook.orca,app-version-name:330.0.0.12.116,app-version-code:296015092,art-version:352090000
08-06 20:59:18.956  2474  2643 I MiuiNetworkPolicy: label wlan0, uid -1, active false, tsNanos 409783277240530
08-06 20:59:19.024  3086  3086 I adbd    : in ShellService: ps
08-06 20:59:19.308  2474  7257 I MiuiNetworkPolicy: bandwidth: 1 KB/s, Max bandwidth: 200 KB/s
08-06 20:59:19.379  1820  1820 I dex2oat64: Using CollectorTypeCC GC.
08-06 20:59:19.434  1820  1820 I dex2oat64: Large app, accepted running with swap.
08-06 20:59:19.642  2474  8251 I NetworkAccelerateSwitchService: EVENT_RSSI_POLL. mRssiPoll=true
08-06 20:59:19.642  2474  8251 I NetworkAccelerateSwitchService: getAverageWifiRssi:38
08-06 20:59:19.642  1820  1844 W dex2oat64: Accessing hidden method Landroid/util/BoostFramework;-><init>(Landroid/content/Context;)V (blocked, linking, denied)
08-06 20:59:19.642  1820  1844 W dex2oat64: Accessing hidden method Landroid/util/BoostFramework;-><init>()V (blocked, linking, denied)
08-06 20:59:19.642  1820  1846 W dex2oat64: Accessing hidden method Landroid/util/BoostFramework;->perfLockRelease()I (blocked, linking, denied)
08-06 20:59:19.642  1820  1846 W dex2oat64: Accessing hidden method Landroid/util/BoostFramework;->perfLockAcquire(I[I)I (blocked, linking, denied)
08-06 20:59:19.642  1820  1846 W dex2oat64: Accessing hidden method Landroid/util/BoostFramework;->perfLockAcquire(I[I)I (blocked, linking, denied)
