07-29 17:47:22.591  2463  3739 W Bundle  : 	at android.os.Binder.execTransactInternal(Binder.java:1512)
07-29 17:47:22.591  2463  3739 W Bundle  : 	at android.os.Binder.execTransact(Binder.java:1451)
07-29 17:47:22.591 18854 18878 W ContentResolver: Failed to get type for: content://com.alibaba.aliexpress.android.search.nav.SearchSuggestionProvider/products (Unknown URL content://com.alibaba.aliexpress.android.search.nav.SearchSuggestionProvider/products)
07-29 17:47:22.603  7989  8657 I RuntimePermissionManager: isRuntimeRequestSupport: true
07-29 17:47:22.603  7989  8657 I InstalledPackagesMemoryCache: getInstallPermissionGranted=true
07-29 17:47:22.603  2463  2526 W EnhancedConfirmationService: The packageName should not be null.
07-29 17:47:22.604  2463  2526 W MagnificationConnectionManager: requestConnection duplicated request: connect=false, mConnectionState=DISCONNECTED
07-29 17:47:22.611  8974 25175 E PackageUtil: getPackageInfoAsUser failed com.shipt.shopper , 999
07-29 17:47:22.634  8974 25368 E PackageUtil: getPackageInfoAsUser failed com.shipt.shopper , 999
07-29 17:47:22.657 31105 31567 I AppLinksAsyncVerifierV2: (REDACTED) Verification result: checking for a statement with source %s, relation delegate_permission/common.handle_all_urls, and target %s --> %b.
07-29 17:47:22.657 31105 25090 I AppLinksHostsVerifierV2: (REDACTED) Verification %s complete. Successful hosts: %s. Failed hosts: %s. Error hosts: %s.
07-29 17:47:22.661 31105 25090 I WebApkHostsVerifierV2: (REDACTED) Processing %d input requests
07-29 17:47:22.661 31105 25090 I AppLinksUtilsV1: Legacy cross-profile verification enabled [CONTEXT service_id=244 ]
07-29 17:47:22.663 31105 25090 I WebApkHostsVerifierV2: (REDACTED) Returning %d non-WebAPK requests
07-29 17:47:22.730  3002  4306 I libsensor-boledalgo: dbv:419,lux:133.1,cct:6408.5,hsv:-1.0,dc:0CWB R:3179.6,G:7767.6,B:4952.5Event C:9803.3,R:5884.9,G:3369.8,B:2118.1Cali C:211.6,R:77.8,G:75.0,B:35.3 
07-29 17:47:22.731  3002  4306 I libsensor-boledalgo: dbv:419,lux:132.9,cct:6349.4,hsv:-1.0,dc:0CWB R:3179.6,G:7767.6,B:4952.5Event C:9790.7,R:5895.8,G:3373.0,B:2117.6Cali C:211.6,R:77.8,G:75.0,B:35.3 
07-29 17:47:22.777 24980 25014 I mit.droidbotapp: ProcessProfilingInfo new_methods=5 is saved saved_to_disk=1 resolve_classes_delay=8000
07-29 17:47:23.049  7989  7989 I PackageInstallReceiver: action = android.intent.action.PACKAGE_CHANGED packageName = com.miui.cleanmaster
07-29 17:47:23.049  7989  7989 W InstalledPackagesMemoryCache: Unknown action: android.intent.action.PACKAGE_CHANGED
07-29 17:47:23.049  7989  7989 I ServiceDeliveryCapability: onAppChanged:com.miui.cleanmaster action:android.intent.action.PACKAGE_CHANGED
07-29 17:47:23.049  7989  7989 I AppWidgetDelegate: updateAppWidgets for com.miui.cleanmaster
07-29 17:47:23.049  7989  7989 I WidgetController: WidgetController.updateOrRemoveStackWhenPackageChanged: packageName com.miui.cleanmaster
07-29 17:47:23.049  7989  7989 I WidgetBackgroundBlurManager: onAppChanged appPackageName : com.miui.cleanmaster
07-29 17:47:23.050  7989  8782 I AppWidgetDelegate: removeAllWidgets com.xiaomi.misettings.usagestats.widget.desktop.widget.SimpleUsageStatsWidget
07-29 17:47:23.050  7989  8782 I AppWidgetDelegate: removeAllWidgets com.android.calendar.widget.NearEventAppWidget
07-29 17:47:23.060  2463  5177 I NetworkAccelerateSwitchService: EVENT_RSSI_POLL. mRssiPoll=true
07-29 17:47:23.060  2463  5177 I NetworkAccelerateSwitchService: getAverageWifiRssi:65
07-29 17:47:23.108  2463  4412 I SmartPower: com.alibaba.aliexpresshd:channel/10303(32195): background->idle(3000ms) R(broadcast start Intent { act=android.intent.action.BATTERY_CHANGED flg=0x60000010 (has extras) }) adj=905.
07-29 17:47:23.113  2463  4412 I SmartPower: com.ss.android.ugc.aweme:smp/10322(8536): background->idle(3002ms) R(broadcast start Intent { act=android.intent.action.BATTERY_CHANGED flg=0x60000010 (has extras) }) adj=975.
07-29 17:47:23.114  2463  4412 I SmartPower: com.miui.gallery/10271(13242): background->idle(3002ms) R(broadcast start Intent { act=android.intent.action.BATTERY_CHANGED flg=0x60000010 (has extras) }) adj=905.
07-29 17:47:23.115  2463  4412 I SmartPower: com.microsoft.emmx/10311(21222): background->idle(3001ms) R(broadcast start Intent { act=android.intent.action.BATTERY_CHANGED flg=0x60000010 (has extras) }) adj=975.
07-29 17:47:23.116  2463  4412 I SmartPower: com.xiaomi.market:FinApp0/10167(13309): background->idle(3003ms) R(broadcast start Intent { act=android.intent.action.BATTERY_CHANGED flg=0x60000010 (has extras) }) adj=500.
07-29 17:47:23.116  2463  4412 I SmartPower: com.xiaomi.market:guard/10167(12606): background->idle(3004ms) R(broadcast start Intent { act=android.intent.action.BATTERY_CHANGED flg=0x60000010 (has extras) }) adj=905.
07-29 17:47:23.117  2463  4412 I SmartPower: com.xiaomi.market:widgetProvider/10167(21353): background->idle(3003ms) R(broadcast start Intent { act=android.intent.action.BATTERY_CHANGED flg=0x60000010 (has extras) }) adj=905.
07-29 17:47:23.118  2463  4412 I SmartPower: com.xiaomi.market/10167(2740): background->idle(3002ms) R(broadcast start Intent { act=android.intent.action.BATTERY_CHANGED flg=0x60000010 (has extras) }) adj=905.
07-29 17:47:23.119  2463  4412 I SmartPower: com.google.android.apps.magazines/10315(13868): background->idle(3002ms) R(broadcast start Intent { act=android.intent.action.BATTERY_CHANGED flg=0x60000010 (has extras) }) adj=945.
07-29 17:47:23.147  2463  5459 I ActivityManager: Broadcasting: Intent { act=android.intent.action.MEDIA_SCANNER_SCAN_FILE dat=file:///... flg=0x400000 }
07-29 17:47:23.148  2463  5459 I ActivityManager: Enqueued broadcast Intent { act=android.intent.action.MEDIA_SCANNER_SCAN_FILE dat=file:///... flg=0x400000 }: 0
07-29 17:47:23.153  2463  4205 I MiuiNetworkPolicy: updateUidState uid = 10271, uidState = 11
07-29 17:47:23.151 13242 13242 W MiuiGallery2_BaseMediaScannerReceiver: [main] - Broadcast received, action: [android.intent.action.MEDIA_SCANNER_SCAN_FILE], data uri: [file:///sdcard/screen_2025-07-29_174722.png], CTA not allowed
07-29 17:47:23.155  2463  4205 I MiuiNetworkPolicy: updateUidState uid = 10271, uidState = 19
07-29 17:47:23.157  7633  7633 I MediaProvider: receive action = android.intent.action.MEDIA_SCANNER_SCAN_FILE schemeSpecificPart = ///sdcard/screen_2025-07-29_174722.png
07-29 17:47:23.157  2463  3739 W JobInfo : Job 'com.android.providers.media.module/com.android.providers.media.MediaService#-300' has a deadline with no functional constraints. The deadline won't improve job execution latency. Consider removing the deadline.
07-29 17:47:23.159  1844  1844 I vendor.qti.hardware.servicetrackeraidl-service: bindService is called for service : com.android.providers.media.module/com.android.providers.media.MediaService and for client system
07-29 17:47:23.160  1844  1844 I vendor.qti.hardware.servicetrackeraidl-service: total connections for service : com.android.providers.media.module/com.android.providers.media.MediaServiceare :1
07-29 17:47:23.160  1844  1844 I vendor.qti.hardware.servicetrackeraidl-service: total connections for client : systemare :32
07-29 17:47:23.161  2463  4404 I whetstone.activity: processNotifyEvent1 resId = 256, bundle = Bundle[{startTime=8281481, sourcePkg=com.android.providers.media.module, sourceUid=10249, status=1, jobId=-300, batteryName=com.android.providers.media.module/com.android.providers.media.MediaService, elapsedRealtime=8281481}]
07-29 17:47:23.162  9339 12099 I EventMonitor: notifyEvent resId=256
07-29 17:47:23.166  2463  2506 I ActivityManager: Broadcast completed: result=0
07-29 17:47:23.167  7633  8793 I MediaProvider: Begin Intent { act=android.intent.action.MEDIA_SCANNER_SCAN_FILE dat=file:///... flg=0x1400010 cmp=com.android.providers.media.module/com.android.providers.media.MediaService }
07-29 17:47:23.179  7633  8793 I MediaProvider: End Intent { act=android.intent.action.MEDIA_SCANNER_SCAN_FILE dat=file:///... flg=0x1400010 cmp=com.android.providers.media.module/com.android.providers.media.MediaService }
07-29 17:47:23.179  2463  4404 I whetstone.activity: processNotifyEvent1 resId = 256, bundle = Bundle[{startTime=8281499, sourcePkg=com.android.providers.media.module, sourceUid=10249, status=0, jobId=-300, batteryName=com.android.providers.media.module/com.android.providers.media.MediaService, elapsedRealtime=8281499}]
07-29 17:47:23.180  9339 12099 I EventMonitor: notifyEvent resId=256
07-29 17:47:23.180  1844  1844 I vendor.qti.hardware.servicetrackeraidl-service: unbindService is called for service : com.android.providers.media.module/com.android.providers.media.MediaService and for client system
07-29 17:47:23.180  1844  1844 I vendor.qti.hardware.servicetrackeraidl-service: size of service connections for service: com.android.providers.media.module/com.android.providers.media.MediaServiceafter removal is 0
07-29 17:47:23.180  1844  1844 I vendor.qti.hardware.servicetrackeraidl-service: size of client connections for client: systemafter removal is 31
07-29 17:47:23.180  1844  1844 I vendor.qti.hardware.servicetrackeraidl-service: destroyService is called for service : com.android.providers.media.module/com.android.providers.media.MediaService
07-29 17:47:23.191  7633  7652 I FuseDaemon: This is sticky GC, maxfree is 16777216 minfree is 8388608
07-29 17:47:23.258 13666 17476 W surfboard: Request did not begin with TLS handshake.
07-29 17:47:23.358  1844  1844 I vendor.qti.hardware.servicetrackeraidl-service: bindService is called for service : com.alibaba.aliexpresshd/com.taobao.accs.data.MsgDistributeService and for client com.alibaba.aliexpresshd:channel
07-29 17:47:23.358  1844  1844 I vendor.qti.hardware.servicetrackeraidl-service: total connections for service : com.alibaba.aliexpresshd/com.taobao.accs.data.MsgDistributeServiceare :2
07-29 17:47:23.358  1844  1844 I vendor.qti.hardware.servicetrackeraidl-service: total connections for client : com.alibaba.aliexpresshd:channelare :11
07-29 17:47:23.361 32195 32367 W JobInfo : Job 'com.alibaba.aliexpresshd/com.taobao.accs.internal.AccsJobService#2050' has a deadline with functional constraints and an extremely short time window of 0 ms (delay=80000, deadline=80000). The functional constraints are not likely to be satisfied when the job runs.
07-29 17:47:23.361  1844  1844 I vendor.qti.hardware.servicetrackeraidl-service: unbindService is called for service : com.alibaba.aliexpresshd/com.taobao.accs.data.MsgDistributeService and for client com.alibaba.aliexpresshd:channel
07-29 17:47:23.361  1844  1844 I vendor.qti.hardware.servicetrackeraidl-service: size of service connections for service: com.alibaba.aliexpresshd/com.taobao.accs.data.MsgDistributeServiceafter removal is 1
07-29 17:47:23.361  1844  1844 I vendor.qti.hardware.servicetrackeraidl-service: size of client connections for client: com.alibaba.aliexpresshd:channelafter removal is 10
07-29 17:47:23.362  2463  5534 W JobInfo : Job 'com.alibaba.aliexpresshd/com.taobao.accs.internal.AccsJobService#2050' has a deadline with functional constraints and an extremely short time window of 0 ms (delay=80000, deadline=80000). The functional constraints are not likely to be satisfied when the job runs.
07-29 17:47:23.363  2463  5534 W JobInfo : Job 'com.alibaba.aliexpresshd/com.taobao.accs.internal.AccsJobService#2050' has a deadline with functional constraints and an extremely short time window of 0 ms (delay=80000, deadline=80000). The functional constraints are not likely to be satisfied when the job runs.
07-29 17:47:23.370  1844  1844 I vendor.qti.hardware.servicetrackeraidl-service: bindService is called for service : com.alibaba.aliexpresshd/com.taobao.accs.data.MsgDistributeService and for client com.alibaba.aliexpresshd:channel
07-29 17:47:23.371  1844  1844 I vendor.qti.hardware.servicetrackeraidl-service: total connections for service : com.alibaba.aliexpresshd/com.taobao.accs.data.MsgDistributeServiceare :2
07-29 17:47:23.371  1844  1844 I vendor.qti.hardware.servicetrackeraidl-service: total connections for client : com.alibaba.aliexpresshd:channelare :11
07-29 17:47:23.372  1844  1844 I vendor.qti.hardware.servicetrackeraidl-service: unbindService is called for service : com.alibaba.aliexpresshd/com.taobao.accs.data.MsgDistributeService and for client com.alibaba.aliexpresshd:channel
07-29 17:47:23.372  1844  1844 I vendor.qti.hardware.servicetrackeraidl-service: size of service connections for service: com.alibaba.aliexpresshd/com.taobao.accs.data.MsgDistributeServiceafter removal is 1
07-29 17:47:23.372  1844  1844 I vendor.qti.hardware.servicetrackeraidl-service: size of client connections for client: com.alibaba.aliexpresshd:channelafter removal is 10
07-29 17:47:23.394  3117  3117 I adbd    : in ShellService: rm /sdcard/screen_2025-07-29_174722.png
07-29 17:47:23.421  7633 20214 I MediaProvider: Deleted paths_hashcode::1389444597/:1389444597/1442736579722.png items on external_primary due to com.android.shell tid=25381
07-29 17:47:23.427  3117  3117 I adbd    : in ShellService: ps
07-29 17:47:23.534  3117  3117 I adbd    : in ShellService: dumpsys display
07-29 17:47:23.728  3117  3117 I adbd    : in ShellService: wm size
07-29 17:47:23.794  2463  4205 I MiuiNetworkPolicy: bandwidth: 28 KB/s, Max bandwidth: 7577 KB/s
07-29 17:47:23.807  3117  3117 I adbd    : in ShellService: dumpsys input
07-29 17:47:23.899  3117  3117 I adbd    : in ShellService: getprop ro.sf.lcd_density
07-29 17:47:23.987  3117  3117 I adbd    : in ShellService: am force-stop com.shipt.shopper
07-29 17:47:24.030  2463  5459 I ActivityManager: Force stopping com.shipt.shopper appid=10354 user=0: from process:25401
07-29 17:47:24.034  2463  5459 I ClipboardServiceI: removeActivePermissionOwnerForPackage: paste client  clear self pkg = com.shipt.shopper
07-29 17:47:24.036  2463  5459 I AppsFilter: interaction: PackageSetting{c395789 com.android.microdroid.empty_payload/10236} -> PackageSetting{a0c338e com.shipt.shopper/10354} BLOCKED
07-29 17:47:24.036  2463  5459 I AppsFilter: interaction: PackageSetting{cbb67af io.appium.uiautomator2.server.test/10280} -> PackageSetting{a0c338e com.shipt.shopper/10354} BLOCKED
07-29 17:47:24.036  2463  5459 I AppsFilter: interaction: PackageSetting{5bca7bc io.github.ylimit.droidbotapp/10353} -> PackageSetting{a0c338e com.shipt.shopper/10354} BLOCKED
07-29 17:47:24.036  2463  5459 I AppsFilter: interaction: PackageSetting{81bfa9a com.rongcard.eid/10151} -> PackageSetting{a0c338e com.shipt.shopper/10354} BLOCKED
07-29 17:47:24.036  2463  5459 I AppsFilter: interaction: PackageSetting{760cfcb io.appium.settings/10274} -> PackageSetting{a0c338e com.shipt.shopper/10354} BLOCKED
07-29 17:47:24.042  2463  4412 I SmartPower: com.android.packageinstaller/10097(11835): background->idle(3003ms) R(broadcast start Intent { act=android.intent.action.PACKAGE_ADDED dat=package: flg=0x5000010 pkg=com.android.packageinstaller (has extras) }) adj=915.
07-29 17:47:24.045  2463  5534 W ParceledListSlice: Element #8 is 20788 bytes.
07-29 17:47:24.045  2463  5534 W ParceledListSlice: Element #9 is 20768 bytes.
07-29 17:47:24.049  7773  7773 E RegisteredServicesCache: Skipping application component ComponentInfo{com.UCMobile/com.alibaba.ariver.commonability.device.jsapi.nfc.service.TinyAppHostApduService}: it must request the permission android.permission.NFC
07-29 17:47:24.049  7773  7773 E RegisteredServicesCache: Skipping application component ComponentInfo{com.UCMobile/com.alipay.mobile.aompdevice.nfc.service.TinyAppHostApduService}: it must request the permission android.permission.NFC
07-29 17:47:24.049  7773  7773 E RegisteredServicesCache: Skipping application component ComponentInfo{com.autonavi.minimap/com.alibaba.ariver.commonability.device.jsapi.nfc.service.TinyAppHostApduService}: it must request the permission android.permission.NFC
07-29 17:47:24.049  7773  7773 E RegisteredServicesCache: Skipping application component ComponentInfo{com.autonavi.minimap/com.alipay.mobile.aompdevice.nfc.service.TinyAppHostApduService}: it must request the permission android.permission.NFC
07-29 17:47:24.052  7773  7773 I RegisteredServicesCache: current user: 0, is managed profile : false
07-29 17:47:24.053  7773  7773 I RegisteredAidCache: updateRoutingLocked(false): Enter
07-29 17:47:24.053  7773  7773 I AidRoutingManager: configureRouting(false): Enter
07-29 17:47:24.053  7773  7773 E AidRoutingManager: Size of routing table970
07-29 17:47:24.054  7773  7773 I RegisteredAidCache: updateRoutingLocked(false): exit
07-29 17:47:24.054  7773  7773 I libnfc_nci: [INFO:NativeT4tNfcee.cpp(870)] nfcManager_isFwSupportNonStdT4TAid Enter isFwSupport = 1
07-29 17:47:24.055  7773  7773 I libnfc_nci: [INFO:SecureElement.cpp(1487)] SecureElement::getEseHandleFromGenericId: enter; ESE-ID = 0x7F
07-29 17:47:24.055  7773  7773 I libnfc_nci: [INFO:SecureElement.cpp(1528)] SecureElement::getEseHandleFromGenericId: enter; ESE-Handle = 0x410
07-29 17:47:24.055  7773  7773 I libnfc_nci: [INFO:SecureElement.cpp(1487)] SecureElement::getEseHandleFromGenericId: enter; ESE-ID = 0x00
07-29 17:47:24.055  7773  7773 I libnfc_nci: [INFO:SecureElement.cpp(1528)] SecureElement::getEseHandleFromGenericId: enter; ESE-Handle = 0x400
07-29 17:47:24.056  4897 26810 I SecureElement-Terminal-eSE1: isSecureElementPresent()
07-29 17:47:24.056  1746  1746 I android.hardware.secure_element-service.qti: isCardPresent
07-29 17:47:24.056  1746  1746 I android.hardware.secure_element-service.qti: isCardPresent exit, cardPresent: 1
07-29 17:47:24.058  4897 26810 I SecureElement-Terminal-SIM1: isSecureElementPresent()
07-29 17:47:24.059  2463  5541 W ContentProviderHelper: No provider info for content provider  when providerRunning is false, caller is ProcessRecord{15056c5 18854:com.android.quicksearchbox:ApplicationsProvider/u0a136}
07-29 17:47:24.059  4897 26810 I SecureElement-Terminal-SIM1: isNfcEventAllowed: No access rules for checking.
07-29 17:47:24.059  4897 26810 I SecureElement-Terminal-SIM2: isSecureElementPresent()
07-29 17:47:24.059 18854 18878 E ActivityThread: Failed to find provider info for 
07-29 17:47:24.060  2463  5541 W ContentProviderHelper: No provider info for content provider  when providerRunning is false, caller is null
07-29 17:47:24.062  3117  3117 I adbd    : in ShellService: input keyevent HOME
07-29 17:47:24.063  2463  5541 I ClipboardServiceI: checkProviderWakePathForClipboard: com.android.quicksearchboxis not a activePermissionOwner
07-29 17:47:24.068  2463  5459 W ContentProviderHelper: Permission Denial: opening provider com.alibaba.aliexpress.android.search.nav.SearchSuggestionProvider from ProcessRecord{15056c5 18854:com.android.quicksearchbox:ApplicationsProvider/u0a136} (pid=18854, uid=10136) that is not exported from UID 10303
07-29 17:47:24.069  2463  4412 I SmartPower: com.miui.cleanmaster/10266(21077): background->idle(3001ms) R(service create com.miui.cleanmaster/com.miui.optimizecenter.service.CleanMasterService) adj=905.
07-29 17:47:24.072  2463  5541 I ClipboardServiceI: checkProviderWakePathForClipboard: com.android.quicksearchboxis not a activePermissionOwner
07-29 17:47:24.073  2463  4205 I MiuiNetworkPolicy: updateUidState uid = 10303, uidState = 6
07-29 17:47:24.074  2463  4205 I MiuiNetworkPolicy: updateUidState uid = 10169, uidState = 6
07-29 17:47:24.076  2463  5459 W Bundle  : Failed to parse item error, returning null.
07-29 17:47:24.076  2463  5459 W Bundle  : android.os.BadTypeParcelableException: Parcelable creator android.os.ParcelableException is not a subclass of required class java.lang.String provided in the parameter
07-29 17:47:24.076  2463  5459 W Bundle  : 	at android.os.Parcel.readParcelableCreatorInternal(Parcel.java:5206)
07-29 17:47:24.076  2463  5459 W Bundle  : 	at android.os.Parcel.readParcelableInternal(Parcel.java:5080)
07-29 17:47:24.076  2463  5459 W Bundle  : 	at android.os.Parcel.readValue(Parcel.java:4840)
07-29 17:47:24.076  2463  5459 W Bundle  : 	at android.os.Parcel.readValue(Parcel.java:4609)
07-29 17:47:24.076  2463  5459 W Bundle  : 	at android.os.Parcel.-$$Nest$mreadValue(Unknown Source:0)
07-29 17:47:24.076  2463  5459 W Bundle  : 	at android.os.Parcel$LazyValue.apply(Parcel.java:4707)
07-29 17:47:24.076  2463  5459 W Bundle  : 	at android.os.Parcel$LazyValue.apply(Parcel.java:4666)
07-29 17:47:24.076  2463  5459 W Bundle  : 	at android.os.BaseBundle.unwrapLazyValueFromMapLocked(BaseBundle.java:416)
07-29 17:47:24.076  2463  5459 W Bundle  : 	at android.os.BaseBundle.getValueAt(BaseBundle.java:402)
07-29 17:47:24.076  2463  5459 W Bundle  : 	at android.os.BaseBundle.getPairValue(BaseBundle.java:282)
07-29 17:47:24.076  2463  5459 W Bundle  : 	at com.android.server.am.ContentProviderHelper.lambda$getMimeTypeFilterAsync$1(ContentProviderHelper.java:1212)
07-29 17:47:24.076  2463  5459 W Bundle  : 	at com.android.server.am.ContentProviderHelper.$r8$lambda$JV9jTPlBHAPZLxkKAqq24ds-FLE(Unknown Source:0)
07-29 17:47:24.076  2463  5459 W Bundle  : 	at com.android.server.am.ContentProviderHelper$$ExternalSyntheticLambda1.onResult(D8$$SyntheticClass:0)
07-29 17:47:24.076  2463  5459 W Bundle  : 	at android.os.RemoteCallback.sendResult(RemoteCallback.java:76)
07-29 17:47:24.076  2463  5459 W Bundle  : 	at android.os.RemoteCallback$1.sendResult(RemoteCallback.java:53)
07-29 17:47:24.076  2463  5459 W Bundle  : 	at android.os.IRemoteCallback$Stub.onTransact(IRemoteCallback.java:85)
07-29 17:47:24.076  2463  5459 W Bundle  : 	at android.os.Binder.execTransactInternal(Binder.java:1512)
07-29 17:47:24.076  2463  5459 W Bundle  : 	at android.os.Binder.execTransact(Binder.java:1451)
07-29 17:47:24.077  2463  4205 I MiuiNetworkPolicy: updateUidState uid = 10303, uidState = 19
07-29 17:47:24.077 18854 18878 W ContentResolver: Failed to get type for: content://com.alibaba.aliexpress.android.search.nav.SearchSuggestionProvider/products (Unknown URL content://com.alibaba.aliexpress.android.search.nav.SearchSuggestionProvider/products)
07-29 17:47:24.077  2463  4205 I MiuiNetworkPolicy: updateUidState uid = 10169, uidState = 17
07-29 17:47:24.091  2463  3739 W MIUIInput: Input event injection from package: null action ACTION_DOWN keycode 3
07-29 17:47:24.091  2463  3739 W MiuiInputKeyEventLog: keyCode:3 down:true eventTime:8282410 downTime:8282410 policyFlags:2b000000 flags:0 metaState:0 deviceId:-1 isScreenOn:true keyguardActive:false repeatCount:0
07-29 17:47:24.094  2105  2105 E DisplayModeController: setDesiredMode : Idle status skip setActiveMode, isDdicIdleMode: 1
07-29 17:47:24.094  2463  3739 W MIUIInput: Input event injection from package: null action ACTION_UP keycode 3
07-29 17:47:24.094  2463  2528 W ActivityManagerServiceImpl: Sending non-protected broadcast com.miui.fullscreen_state_change from system 2463:system/1000 pkg android. Callers=com.android.server.am.ActivityManagerService.checkBroadcastFromSystem:16255 com.android.server.am.ActivityManagerService.broadcastIntentLockedTraced:17126 com.android.server.am.ActivityManagerService.broadcastIntentLocked:16315 com.android.server.am.ActivityManagerService.broadcastIntentWithFeature:17337 android.app.ContextImpl.sendBroadcastAsUser:1495 
07-29 17:47:24.094  2463  3739 W MiuiInputKeyEventLog: keyCode:3 down:false eventTime:8282413 downTime:8282410 policyFlags:2b000000 flags:0 metaState:0 deviceId:-1 isScreenOn:true keyguardActive:false repeatCount:0
07-29 17:47:24.095  2463  4068 E MiuiInputKeyEventLog: before go to home
07-29 17:47:24.096  2463  2528 W ActivityManagerServiceImpl: Sending non-protected broadcast com.miui.launch_home_from_hotkey from system 2463:system/1000 pkg android. Callers=com.android.server.am.ActivityManagerService.checkBroadcastFromSystem:16255 com.android.server.am.ActivityManagerService.broadcastIntentLockedTraced:17126 com.android.server.am.ActivityManagerService.broadcastIntentLocked:16315 com.android.server.am.ActivityManagerService.broadcastIntentWithFeature:17337 android.app.ContextImpl.sendBroadcastAsUser:1536 
07-29 17:47:24.096  1827  2399 I SDM     : HWCDisplay::SetActiveConfigWithConstraints: display:66-0, config: 3, WxH 1200x2670, fps 120
07-29 17:47:24.098  1827  2399 W SDM     : HWDeviceDRM::GetSupportedBitClkRate: Requested rate not supported: 1150000000
07-29 17:47:24.098  1827  2399 I SDM     : HWDeviceDRM::UpdateMixerAttributes: Mixer WxH 1200x2670-1 for Peripheral
07-29 17:47:24.098  1827  2399 I SDM     : HWCDisplay::SubmitDisplayConfig: Active configuration changed from config 1 to 3
07-29 17:47:24.098  1827  2399 I SDM     : HWCDisplay::SubmitDisplayConfig: Active WxH 1200x2670 ,ddic_mode:auto, timing_fps: 120, sf_fps: 120
07-29 17:47:24.101  2463  4068 W ActivityTaskManager: callingPackage for (uid=-1, pid=0) has no WPC
07-29 17:47:24.102  1827  2752 I vendor.qti.hardware.display.composer-service: Sensor: notify citsensorservice to trigger cwb, misForced = 0
07-29 17:47:24.100  8013  8013 I VideoToolBoxService: onReceive: android.intent.action.CLOSE_SYSTEM_DIALOGS
07-29 17:47:24.102  3002  4297 I libsensor-parseRGB: request dump start for mRequestDisplayId 0
07-29 17:47:24.102  8013  8013 I GameBoosterService: onReceive: android.intent.action.CLOSE_SYSTEM_DIALOGS
07-29 17:47:24.102  2463  4068 W OptProp : Cannot read opt property android.window.PROPERTY_COMPAT_ALLOW_ORIENTATION_OVERRIDE
07-29 17:47:24.102  2463  4068 E ActivityTaskManager: Unable to get servicetracker HAL instance
07-29 17:47:24.102  2463  4068 E ActivityTaskManager: Unable to get servicetracker HAL instance
07-29 17:47:24.102  2463  4068 E WindowManager: setClientVisible ActivityRecord{74c2cd5 u0 com.miui.home/.launcher.Launcher true
07-29 17:47:24.102  4979  4979 I ControlCenterExpandController: hide panel true true
07-29 17:47:24.103  2463  4068 W OptProp : Cannot read opt property android.window.PROPERTY_COMPAT_ALLOW_RESIZEABLE_ACTIVITY_OVERRIDES
07-29 17:47:24.103  2463  4068 W OptProp : Cannot read opt property android.window.PROPERTY_COMPAT_ALLOW_MIN_ASPECT_RATIO_OVERRIDE
07-29 17:47:24.104  2463  4068 I AnimInterruptController: FIS notify Foresee interrupt start:185
07-29 17:47:24.104  4979  4979 I VolumeShowHideAnimator: isRunning: false, mExpanded: false
07-29 17:47:24.104  2463  4068 I ActivityTaskManager: isKeyguardEditor: false, newTransition: TransitionRecord{ddc9bdb id=186 type=OPEN flags=0x0}
07-29 17:47:24.104  4979  4979 I VolumeExpandCollapsedAnimator: isRunning: false, mExpanded: false
07-29 17:47:24.104  4979  4979 I VolumePanelViewController_true: dismissH mShowing:false, reason:volume_controller, isAnimating: false, needShowDialog=true, KeyAnimatingStream=-1
07-29 17:47:24.105  4979  4979 I VolumeShowHideAnimator: isRunning: false, mExpanded: false
07-29 17:47:24.105  4979  4979 I VolumeExpandCollapsedAnimator: isRunning: false, mExpanded: false
07-29 17:47:24.105  4979  4979 I VolumePanelViewController_false: dismissH mShowing:false, reason:volume_controller, isAnimating: false, needShowDialog=false, KeyAnimatingStream=-1
07-29 17:47:24.107  2463  4068 I ActivityTaskManager: START u0 {act=android.intent.action.MAIN cat=[android.intent.category.HOME] flg=0x10000100 cmp=com.miui.home/.launcher.Launcher (has extras)} with LAUNCH_SINGLE_TASK from uid 0 from pid 0 callingPackage null callers: com.android.server.wm.RootWindowContainer.lambda$startHomeOnDisplay$11:1607 com.android.server.wm.RootWindowContainer.$r8$lambda$DFaa7QLApF8rlf4uiy_4K0Hxf2Y:0 com.android.server.wm.RootWindowContainer$$ExternalSyntheticLambda50.apply:0 com.android.server.wm.TaskDisplayArea.reduceOnAllTaskDisplayAreas:526  (BAL_ALLOW_ALLOWLISTED_UID) result code=3
07-29 17:47:24.109  2463  5459 I NotificationService: cancelToast pkg=com.miui.home token=android.os.BinderProxy@c3e06cd
07-29 17:47:24.109  2463  5459 W NotificationService: Toast already cancelled. pkg=com.miui.home token=android.os.BinderProxy@c3e06cd
07-29 17:47:24.109  7989  7989 I LauncherOverlayCallback: handleMessage WHAT_ACTIVITY_STATE_CHANGED what1
07-29 17:47:24.109  4497  4497 I Launcher: onNewIntent
07-29 17:47:24.109  4979  5212 I SoScStageCoordinator: Transition requested:TransitionRequestInfo { type = OPEN, triggerTask = TaskInfo{userId=0 taskId=2 displayId=0 isRunning=true baseIntent=Intent { act=android.intent.action.MAIN cat=[android.intent.category.HOME] flg=0x10000100 cmp=com.miui.home/.launcher.Launcher } baseActivity=ComponentInfo{com.miui.home/com.miui.home.launcher.Launcher} topActivity=ComponentInfo{com.miui.home/com.miui.home.launcher.Launcher} origActivity=null realActivity=ComponentInfo{com.miui.home/com.miui.home.launcher.Launcher} numActivities=1 lastActiveTime=8209301 supportsSplitScreenMultiWindow=true supportsMultiWindow=true resizeMode=2 isResizeable=true minWidth=-1 minHeight=-1 defaultMinSize=200 token=WCT{android.window.IWindowContainerToken$Stub$Proxy@5886006} topActivityType=2 pictureInPictureParams=null shouldDockBigOverlays=false launchIntoPipHostTaskId=-1 lastParentTaskIdBeforePip=-1 displayCutoutSafeInsets=null topActivityInfo=ActivityInfo{2f6e6c7 com.miui.home.launcher.Launcher} launchCookies=[] positionInParent=Point(0, 0) parentTaskId=-1 isFocused=true isVisible=true isVisibleRequested=true isSleeping=false locusId=null displayAreaFeatureId=1 isTopActivityTransparent=false appCompatTaskInfo=AppCompatTaskInfo { topActivityInSizeCompat=false topActivityInMiuiSizeCompat=false topActivityEligibleForLetterboxEducation= falseisLetterboxEducationEnabled= false isLetterboxDoubleTapEnabled= false topActivityEligibleForUserAspectRatioButton= false topActivityBoundsLetterboxed= false isFromLetterboxDoubleTap= false topActivityLetterboxVerticalPosition= -1 topActivityLetterboxHorizontalPosition= -1 topActivityLetterboxWidth=1200 topActivityLetterboxHeight=2670 isUserFullscreenOverrideEnabled=false isSystemFullscreenOverrideEnabled=false cameraCompatTaskInfo=CameraCompatTaskInfo { cameraCompatControlState=hidden freeformCameraCompatMode=inactive}} isImmersive=false mTopActivityRequestOrientation=1 mBehindAppLockPkg=null mOriginatingUid=0 isEmbedded=false shouldBeVisible=true isCreatedByOrganizer=false mIsCastMode=false mTopActivityMediaSize=null mTopActivityRecordName=ActivityRecord{43121b5 u0 com.miui.home/.launcher.Launcher t2} mTopActivityOrientation=1}, pipTask = null, remoteTransition = null, displayChange = null, flags = 0, debugId = 186 } isSoScActive:false triggerTask:TaskInfo{userId=0 taskId=2 displayId=0 isRunning=true baseIntent=Intent { act=android.intent.action.MAIN cat=[android.intent.category.HOME] flg=0x10000100 cmp=com.miui.home/.launcher.Launcher } baseActivity=ComponentInfo{com.miui.home/com.miui.home.launcher.Launcher} topActivity=ComponentInfo{com.miui.home/com.miui.home.launcher.Launcher} origActivity=null realActivity=ComponentInfo{com.miui.home/com.miui.home.launcher.Launcher} numActivities=1 lastActiveTime=8209301 supportsSplitScreenMultiWindow=true supportsMultiWindow=true resizeMode=2 isResizeable=true minWidth=-1 minHeight=-1 defaultMinSize=200 token=WCT{android.window.IWindowContainerToken$Stub$Proxy@5886006} topActivityType=2 pictureInPictureParams=null shouldDockBigOverlays=false launchIntoPipHostTaskId=-1 lastParentTaskIdBeforePip=-1 displayCutoutSafeInsets=null topActivityInfo=ActivityInfo{2f6e6c7 com.miui.home.launcher.Launcher} launchCookies=[] positionInParent=Point(0, 0) parentTaskId=-1 isFocused=true isVisible=true isVisibleRequested=true isSleeping=false locusId=null displayAreaFeatureId=1 isTopActivityTransparent=false appCompatTaskInfo=AppCompatTaskInfo { topActivityInSizeCompat=false topActivityInMiuiSizeCompat=false topActivityEligibleForLetterboxEducation= falseisLetterboxEducationEnabled= false isLetterboxDoubleTapEnabled= false topActivityEligibleForUserAspectRatioButton= false topActivityBoundsLetterboxed= false isFromLetterboxDoubleTap= false topActivityLetterboxVerticalPosition= -1 topActivityLetterboxHorizontalPosition= -1 topActivityLetterboxWidth=1200 topActivityLetterboxHeight=2670 isUserFullscreenOverrideEnabled=false isSystemFullscreenOverrideEnabled=false cameraCompatTaskInfo=CameraCompatTaskInfo { cameraCompatControlState=hidden freeformCamera
07-29 17:47:24.109  4497  4497 I ConnectAnimFinishCallbackManager: mNeedShowLauncher = true, waitFrameworkAnimCallback = false
07-29 17:47:24.109  7989  7989 I LauncherOverlayCallback: handleMessage WHAT_LAUNCHER_STATE what1
07-29 17:47:24.109  7989  7989 I AssistantOverlayWindow: lockToHideOverlay
07-29 17:47:24.110  4497  4497 E RotationHelper: setCurrentStateRequest: request=0
07-29 17:47:24.110  4497  4497 I ScreenView_Workspace: isAllowScrollAnimStart: false
07-29 17:47:24.111  2463  4414 I DisplayModeDirectorImpl: setSmartDisplayUpRefreshRatePolicy [0.0,120.0]
07-29 17:47:24.111  2463  2517 I AnimInterruptController: FIS reset Foresee interrupt status
07-29 17:47:24.111  2105  2105 I RefreshRateSelector: Display 4630947082089526659 policy changed
07-29 17:47:24.111  2105  2105 I RefreshRateSelector: Previous: {defaultModeId=0, allowGroupSwitching=false, primaryRanges={physical=[0.00 Hz, 120.00 Hz], render=[0.00 Hz, 120.00 Hz]}, appRequestRanges={physical=[0.00 Hz, 120.00 Hz], render=[0.00 Hz, 120.00 Hz]} idleScreenConfig=nullptr}
07-29 17:47:24.111  2105  2105 I RefreshRateSelector: Current:  DisplayManagerPolicy{defaultModeId=0, allowGroupSwitching=false, primaryRanges={physical=[0.00 Hz, inf Hz], render=[0.00 Hz, 120.00 Hz]}, appRequestRanges={physical=[0.00 Hz, inf Hz], render=[0.00 Hz, 120.00 Hz]} idleScreenConfig=nullptr}
07-29 17:47:24.111  2105  2105 I RefreshRateSelector: 20 mode changes were performed under the previous policy
07-29 17:47:24.112  2463  4414 I DisplayModeDirectorImpl: onDesiredDisplayModeSpecsChanged:baseModeId=0 allowGroupSwitching=false primary=physical: (0.0 Infinity) render:  (0.0 120.0) appRequest=physical: (0.0 Infinity) render:  (0.0 120.0) idleScreenRefreshRateConfig=null noVotes=true
07-29 17:47:24.112  2105  2105 I BpBinder: onLastStrongRef automatically unlinking death recipients: 
07-29 17:47:24.112  4497  4497 W Settings: Setting device_provisioned has moved from android.provider.Settings.Secure to android.provider.Settings.Global.
07-29 17:47:24.113  4497  4497 E Launcher.application: setClickAppWaitForCallback = false
07-29 17:47:24.113  4979  5212 E KeyguardTransitionHandlerImpl: activityCount = 0
07-29 17:47:24.114  4497  4497 I Launcher: changeMIUIWidgetEditMode false
07-29 17:47:24.115  7989  7989 I LauncherOverlayCallback: handleMessage WHAT_ACTIVITY_STATE_CHANGED what3
07-29 17:47:24.115  7989  7989 I LauncherOverlayCallback: handleMessage WHAT_LAUNCHER_STATE what3
07-29 17:47:24.116  2105  2755 W VsyncModulator: setTransactionSchedule: Unexpected EarlyEnd
07-29 17:47:24.116  4497  4497 I Launcher.widget: onInvisible 
07-29 17:47:24.116  4497  4497 I Launcher.widget: onInvisible 
07-29 17:47:24.118  8013  8013 I VideoToolBoxService: onReceive: android.intent.action.CLOSE_SYSTEM_DIALOGS
07-29 17:47:24.118  4979  5212 I RemoteTransitionHandlerStubImpl: invokeAndRemoveWctCB transition is null, curWctCB: null
07-29 17:47:24.119  4979  4979 I ControlCenterExpandController: hide panel true true
07-29 17:47:24.119  2463  5459 W UserManagerService: Requested status bar icon for non-badged user 0
07-29 17:47:24.120  4979  4979 I VolumeShowHideAnimator: isRunning: false, mExpanded: false
07-29 17:47:24.120  4979  4979 I VolumeExpandCollapsedAnimator: isRunning: false, mExpanded: false
07-29 17:47:24.120  4979  4979 I VolumePanelViewController_true: dismissH mShowing:false, reason:volume_controller, isAnimating: false, needShowDialog=true, KeyAnimatingStream=-1
07-29 17:47:24.120  4979  4979 I VolumeShowHideAnimator: isRunning: false, mExpanded: false
07-29 17:47:24.120  4979  4979 I VolumeExpandCollapsedAnimator: isRunning: false, mExpanded: false
07-29 17:47:24.120  4979  4979 I VolumePanelViewController_false: dismissH mShowing:false, reason:volume_controller, isAnimating: false, needShowDialog=false, KeyAnimatingStream=-1
07-29 17:47:24.121  8013  8013 I GameBoosterService: onReceive: android.intent.action.CLOSE_SYSTEM_DIALOGS
07-29 17:47:24.136  3002  6353 E libsensor-parseRGB: CWB NotifyCWBBufferDone  error 0
07-29 17:47:24.305  1827  2752 I vendor.qti.hardware.display.composer-service: Sensor: notify citsensorservice to trigger cwb, misForced = 0
07-29 17:47:24.306  3002  4297 I libsensor-parseRGB: request dump start for mRequestDisplayId 0
07-29 17:47:24.314  4497  5224 E Launcher.Transfer: transfer is closed
07-29 17:47:24.336  3002  3080 E libsensor-parseRGB: CWB NotifyCWBBufferDone  error 0
07-29 17:47:24.505  1827  2752 I vendor.qti.hardware.display.composer-service: Sensor: notify citsensorservice to trigger cwb, misForced = 0
07-29 17:47:24.506  3002  4297 I libsensor-parseRGB: request dump start for mRequestDisplayId 0
07-29 17:47:24.529  2463  4412 I SmartPower: com.android.vending/10124(29672): background->idle(4414ms) R(broadcast start Intent { act=android.intent.action.PACKAGE_ADDED dat=package: flg=0x4000010 (has extras) }) adj=100.
07-29 17:47:24.530  2463  4412 I SmartPower: com.android.vending:background/10124(29792): background->idle(3003ms) R(broadcast start Intent { act=android.intent.action.PACKAGE_ADDED dat=package: flg=0x4000010 (has extras) }) adj=905.
07-29 17:47:24.531  3002  4306 I libsensor-boledalgo: dbv:419,lux:143.1,cct:5854.1,hsv:-1.0,dc:0CWB R:3179.6,G:7767.6,B:4952.5Event C:10466.1,R:6228.7,G:3571.2,B:2239.0Cali C:211.7,R:77.9,G:75.1,B:35.3 
07-29 17:47:24.532  2463  4412 I SmartPower: android.process.acore/10083(6721): background->idle(3001ms) R(broadcast start Intent { act=android.intent.action.PACKAGE_ADDED dat=package: flg=0x4000010 (has extras) }) adj=905.
07-29 17:47:24.535  2463  4412 I SmartPower: com.mfashiongallery.emag/10262(8261): background->idle(3000ms) R(broadcast start Intent { act=android.intent.action.PACKAGE_ADDED dat=package: flg=0x4000010 (has extras) }) adj=905.
07-29 17:47:24.535  3002  3080 E libsensor-parseRGB: CWB NotifyCWBBufferDone  error 0
07-29 17:47:24.537  2463  4412 I SmartPower: com.miui.voiceassist:core/10193(7664): background->idle(3002ms) R(broadcast start Intent { act=android.intent.action.PACKAGE_ADDED dat=package: flg=0x4000010 (has extras) }) adj=100.
07-29 17:47:24.539  2463  4412 I SmartPower: com.xiaomi.aicr:cognitionService/10127(12560): background->idle(4425ms) R(broadcast start Intent { act=android.intent.action.PACKAGE_ADDED dat=package: flg=0x4000010 (has extras) }) adj=200.
07-29 17:47:24.539  2463  4412 I SmartPower: com.xiaomi.aicr:actionprovider/10127(12677): background->idle(3001ms) R(broadcast start Intent { act=android.intent.action.PACKAGE_ADDED dat=package: flg=0x4000010 (has extras) }) adj=905.
07-29 17:47:24.539  2463  4412 I SmartPower: android.process.mediaUI/10261(13434): background->idle(3001ms) R(broadcast start Intent { act=android.intent.action.PACKAGE_ADDED dat=package: flg=0x4000010 (has extras) }) adj=905.
07-29 17:47:24.540  2463  4412 I SmartPower: com.google.android.documentsui/10100(21132): background->idle(3001ms) R(broadcast start Intent { act=android.intent.action.PACKAGE_ADDED dat=package: flg=0x4000010 (has extras) }) adj=905.
07-29 17:47:24.540  4553  4553 I MiuiWallpaper-MiuiWallpaperManagerService: receive broadcast action = android.intent.action.PACKAGE_RESTARTED
07-29 17:47:24.542  2463  4412 I SmartPower: com.milink.service:audio/10178(19382): background->idle(3001ms) R(broadcast start Intent { act=android.intent.action.PACKAGE_ADDED dat=package: flg=0x4000010 (has extras) }) adj=200.
07-29 17:47:24.542  2463  4412 I SmartPower: com.milink.crossdeviceservice/10178(27042): background->idle(3002ms) R(broadcast start Intent { act=android.intent.action.PACKAGE_ADDED dat=package: flg=0x4000010 (has extras) }) adj=905.
07-29 17:47:24.602  3117  3117 I adbd    : in ShellService: ps
07-29 17:47:24.617  7664  7664 I VA_AliveCore:MixMonitor: onReceive: action=android.intent.action.CLOSE_SYSTEM_DIALOGS
07-29 17:47:24.617  7664  7664 I VA_AliveCore:MixMonitor: onReceive: reason=homekey
07-29 17:47:24.618  7664  7664 I VA_AliveCore:MixMonitor: onReceive: action=com.miui.fullscreen_state_change
07-29 17:47:24.618  7664  7664 I VA_AliveCore:MixMonitor: onReceive: action=com.miui.fullscreen_state_change;stateName=toHome
07-29 17:47:24.621  2740 25105 I Market-HomeKeyReceiver: onReceive: action: android.intent.action.CLOSE_SYSTEM_DIALOGS
07-29 17:47:24.621  2740 25105 I Market-HomeKeyReceiver: reason: homekey
07-29 17:47:24.639  4497  4497 I Launcher.widget: onVisible 
07-29 17:47:24.639  4497  4497 I Launcher.widget: onVisible 
07-29 17:47:24.640  2463  5541 I SecurityManagerService: update appwidget of uid: 10278 package: com.miui.weather2 visible: true reason: visible
07-29 17:47:24.648  2463  5541 I ClipboardServiceI: checkProviderWakePathForClipboard: com.miui.homeis not a activePermissionOwner
07-29 17:47:24.648  2463  5541 I SmartPower: com.miui.weather2/10278(5795): idle->background(124490ms) R(content provider start ContentProviderRecord{9f05c96 u0 com.miui.weather2/.providers.WeatherProvider}) adj=0.
07-29 17:47:24.649  2463  4205 I MiuiNetworkPolicy: updateUidState uid = 10278, uidState = 3
07-29 17:47:24.650  2463  5541 I ClipboardServiceI: checkProviderWakePathForClipboard: com.miui.homeis not a activePermissionOwner
07-29 17:47:24.651  2463  6119 I ClipboardServiceI: checkProviderWakePathForClipboard: com.miui.homeis not a activePermissionOwner
07-29 17:47:24.653  2463  4205 I MiuiNetworkPolicyTrafficLimit: updateWhiteListUidForMobileTraffic uid=10278,add=true
07-29 17:47:24.657  5795 17200 I Wth2:WeatherProvider: getFirstSelectedCity() ret count= 1
07-29 17:47:24.657  5795 17200 E Wth2:WeatherProvider: getFirstSelectedCity() error 
07-29 17:47:24.657  5795 17200 E Wth2:WeatherProvider: java.lang.NumberFormatException: For input string: "33.862_119.318"
07-29 17:47:24.657  5795 17200 E Wth2:WeatherProvider: 	at java.lang.Integer.parseInt(Integer.java:790)
07-29 17:47:24.657  5795 17200 E Wth2:WeatherProvider: 	at java.lang.Integer.parseInt(Integer.java:908)
07-29 17:47:24.657  5795 17200 E Wth2:WeatherProvider: 	at com.miui.weather2.providers.WeatherProvider.g(SourceFile:9)
07-29 17:47:24.657  5795 17200 E Wth2:WeatherProvider: 	at com.miui.weather2.providers.WeatherProvider.e(SourceFile:5)
07-29 17:47:24.657  5795 17200 E Wth2:WeatherProvider: 	at com.miui.weather2.providers.WeatherProvider.query(SourceFile:21)
07-29 17:47:24.657  5795 17200 E Wth2:WeatherProvider: 	at android.content.ContentProvider.query(ContentProvider.java:1633)
07-29 17:47:24.657  5795 17200 E Wth2:WeatherProvider: 	at android.content.ContentProvider.query(ContentProvider.java:1729)
07-29 17:47:24.657  5795 17200 E Wth2:WeatherProvider: 	at android.content.ContentProvider$Transport.query(ContentProvider.java:301)
07-29 17:47:24.657  5795 17200 E Wth2:WeatherProvider: 	at android.content.ContentProviderNative.onTransact(ContentProviderNative.java:110)
07-29 17:47:24.657  5795 17200 E Wth2:WeatherProvider: 	at android.os.Binder.execTransactInternal(Binder.java:1507)
07-29 17:47:24.657  5795 17200 E Wth2:WeatherProvider: 	at android.os.Binder.execTransact(Binder.java:1451)
07-29 17:47:24.658  5795 10127 I Wth2:WeatherProvider: getFirstSelectedCity() ret count= 1
07-29 17:47:24.659  5795 10127 E Wth2:WeatherProvider: getFirstSelectedCity() error 
07-29 17:47:24.659  5795 10127 E Wth2:WeatherProvider: java.lang.NumberFormatException: For input string: "33.862_119.318"
07-29 17:47:24.659  5795 10127 E Wth2:WeatherProvider: 	at java.lang.Integer.parseInt(Integer.java:790)
07-29 17:47:24.659  5795 10127 E Wth2:WeatherProvider: 	at java.lang.Integer.parseInt(Integer.java:908)
07-29 17:47:24.659  5795 10127 E Wth2:WeatherProvider: 	at com.miui.weather2.providers.WeatherProvider.g(SourceFile:9)
07-29 17:47:24.659  5795 10127 E Wth2:WeatherProvider: 	at com.miui.weather2.providers.WeatherProvider.h(SourceFile:5)
07-29 17:47:24.659  5795 10127 E Wth2:WeatherProvider: 	at com.miui.weather2.providers.WeatherProvider.query(SourceFile:23)
07-29 17:47:24.659  5795 10127 E Wth2:WeatherProvider: 	at android.content.ContentProvider.query(ContentProvider.java:1633)
07-29 17:47:24.659  5795 10127 E Wth2:WeatherProvider: 	at android.content.ContentProvider.query(ContentProvider.java:1729)
07-29 17:47:24.659  5795 10127 E Wth2:WeatherProvider: 	at android.content.ContentProvider$Transport.query(ContentProvider.java:301)
07-29 17:47:24.659  5795 10127 E Wth2:WeatherProvider: 	at android.content.ContentProviderNative.onTransact(ContentProviderNative.java:110)
07-29 17:47:24.659  5795 10127 E Wth2:WeatherProvider: 	at android.os.Binder.execTransactInternal(Binder.java:1507)
07-29 17:47:24.659  5795 10127 E Wth2:WeatherProvider: 	at android.os.Binder.execTransact(Binder.java:1451)
07-29 17:47:24.659  5795 10127 I Wth2:WeatherProvider: getHourlyData checkCityAt=true tmpCursor.count  4
07-29 17:47:24.660  5795 10127 I Wth2:WeatherProvider: optimiseHourlyData sunrise : 18660000  sunset : 68760000
07-29 17:47:24.699 24980 25001 I mit.droidbotapp: This is sticky GC, maxfree is 16777216 minfree is 8388608
07-29 17:47:24.701  2463  5109 I NetworkBoostStatusManager: handle: 102
07-29 17:47:24.704  4916  6296 E PhoneAdapter: get ntnphones failed, exception: java.lang.IllegalStateException: Default phones haven't been made yet!
07-29 17:47:24.705  2463  5109 I NetworkBoostStatusManager: interfaceOnCapabilitiesChanged interface name:wlan0
07-29 17:47:24.708  8724  8724 I NetBusNetworkMonitor: onCapabilitiesChanged isPrimary = true
07-29 17:47:24.711 29672 29672 W JobService: onNetworkChanged() not implemented in com.google.android.finsky.scheduler.process.mainimpl.PhoneskyJobServiceMain. Must override in a subclass.
07-29 17:47:24.711 29672 29672 W JobService: onNetworkChanged() not implemented in com.google.android.finsky.scheduler.process.mainimpl.PhoneskyJobServiceMain. Must override in a subclass.
07-29 17:47:24.712  8724  8724 I NetBusNetworkMonitor: gateway=192.*.*.1
07-29 17:47:24.713  9744 10038 W Settings: Setting device_provisioned has moved from android.provider.Settings.Secure to android.provider.Settings.Global.
07-29 17:47:24.713  9744 10038 I JoyoseCloudControlManager3: network metered changed, network metered: false, deviceProvisioned: true, scAllowConn: true, try to setNetworkAccessEnabled: true
07-29 17:47:24.715 19382 19460 I Cir_Miplay_NetworkListenerHelper: onCapabilitiesChanged#network=103
07-29 17:47:24.715 19382 19460 I Cir_Miplay_NetworkListenerHelper: onCapabilitiesChanged network type wifi
07-29 17:47:24.720 31076 31441 I NearbyMediums: WifiNetwork defaultNetworkCallback onCapabilitiesChanged network:103 [ WIFI VPN ] isNonBypassable:false
07-29 17:47:24.721  8724  8724 I NetBusNetworkMonitor: addConnectNetworkInterface mediumType:256, detail:NetworkDetailInfo{mIsConnected=false, mIsSupportTdls=true, mNetworkType=0, mIpAddress=192.*.*.11, mIfName=wlan0, mGateway=192.*.*.1, mNetmask=255.*.*.0, mSsid=C**01}
07-29 17:47:24.721  8724  8724 I NetBusNetworkMonitor: onCapabilitiesChanged handle=441492361229, mediumType=256, ifName=wlan0
07-29 17:47:24.729  1827  2752 I vendor.qti.hardware.display.composer-service: Sensor: notify citsensorservice to trigger cwb, misForced = 0
07-29 17:47:24.730  3002  4297 I libsensor-parseRGB: request dump start for mRequestDisplayId 0
07-29 17:47:24.730  3002  4306 I libsensor-boledalgo: dbv:419,lux:133.4,cct:6375.4,hsv:-1.0,dc:0CWB R:3179.6,G:7767.6,B:4952.5Event C:9848.4,R:5922.2,G:3385.8,B:2131.3Cali C:211.6,R:77.8,G:75.0,B:35.3 
07-29 17:47:24.751  3002  3080 E libsensor-parseRGB: CWB NotifyCWBBufferDone  error 0
07-29 17:47:24.807  1827  2108 I SDM     : DisplayBase::CommitThread: Received idle timeout, panel: cmd, timeout: 70000 us
07-29 17:47:24.886  1827  2752 I vendor.qti.hardware.display.composer-service: Sensor: notify citsensorservice to trigger cwb, misForced = 1
07-29 17:47:24.886  3002  4297 I libsensor-parseRGB: request dump start for mRequestDisplayId 0
07-29 17:47:24.909  3002  6353 E libsensor-parseRGB: CWB NotifyCWBBufferDone  error 0
07-29 17:47:24.935  7633 24064 I PSyncWorker: Starting proactive picker sync from sync source: 1
07-29 17:47:24.938  7633 24064 I PickerSyncController: Executing SyncAdd. isLocal: true. authority: com.android.providers.media.photopicker
07-29 17:47:24.942  7633 24064 I PickerSyncController: Paged sync successful. QueryArgs: Bundle[{android.provider.extra.SYNC_GENERATION=7355, android.provider.extra.PAGE_SIZE=1000}] Total Rows: 0
07-29 17:47:24.942  7633 24064 I PickerSyncController: Executing SyncRemove. isLocal: true. authority: com.android.providers.media.photopicker
07-29 17:47:24.943  7633 24064 E PickerDbFacade: Could not get first date taken millis for media id: 1000000679
07-29 17:47:24.943  7633 24064 W PickerDbFacade: Unable to promote cloud media with localId: 1000000679
07-29 17:47:24.944  7633 24064 I PickerSyncController: Paged sync successful. QueryArgs: Bundle[{android.provider.extra.SYNC_GENERATION=7355, android.provider.extra.PAGE_SIZE=1000}] Total Rows: 0
07-29 17:47:24.944  7633 24064 I PickerSyncTracker: Marked sync future complete for work id: 629cf2f9-97f7-406a-826b-d70e50088502. Future map: {}
07-29 17:47:24.944  7633 24064 I PSyncWorker: Completed picker proactive sync complete from local provider.
07-29 17:47:24.945  7633  7831 I WM-WorkerWrapper: Worker result SUCCESS for Work [ id=629cf2f9-97f7-406a-826b-d70e50088502, tags={ com.android.providers.media.photopicker.sync.ProactiveSyncWorker } ]
07-29 17:47:24.965  1827  2108 I SDM     : DisplayBase::CommitThread: Received idle timeout, panel: cmd, timeout: 70000 us
07-29 17:47:25.113  2463  4414 I DisplayModeDirectorImpl: SmartDisplayPolicyEnd
