07-29 17:47:21.604 20584 21775 I artd    : Dex parent of /data/app/~~TjMgb_HrJLlNN1pJ6USICw==/com.shipt.shopper-3QCjpIG9n92G__McCzLKTQ==/base.apk is not writable: Permission denied
07-29 17:47:21.605 20584 21775 I artd    : GetBestInfo checking odex in dalvik-cache (/data/dalvik-cache/arm64/data@app@~~TjMgb_HrJLlNN1pJ6USICw==@com.shipt.shopper-3QCjpIG9n92G__McCzLKTQ==@base.apk@classes.dex)
07-29 17:47:21.605 20584 21775 I artd    : Loading /data/dalvik-cache/arm64/data@app@~~TjMgb_HrJLlNN1pJ6USICw==@com.shipt.shopper-3QCjpIG9n92G__McCzLKTQ==@base.apk@classes.dex with executable: 0
07-29 17:47:21.605 20584 21775 I artd    : OatFileAssistant test for existing oat file /data/dalvik-cache/arm64/data@app@~~TjMgb_HrJLlNN1pJ6USICw==@com.shipt.shopper-3QCjpIG9n92G__McCzLKTQ==@base.apk@classes.dex: File /data/dalvik-cache/arm64/data@app@~~TjMgb_HrJLlNN1pJ6USICw==@com.shipt.shopper-3QCjpIG9n92G__McCzLKTQ==@base.apk@classes.vdex does not exist.
07-29 17:47:21.605 20584 21775 I artd    : GetBestInfo checking odex next to the dex file (/data/app/~~TjMgb_HrJLlNN1pJ6USICw==/com.shipt.shopper-3QCjpIG9n92G__McCzLKTQ==/oat/arm64/base.odex)
07-29 17:47:21.605 20584 21775 I artd    : Loading /data/app/~~TjMgb_HrJLlNN1pJ6USICw==/com.shipt.shopper-3QCjpIG9n92G__McCzLKTQ==/oat/arm64/base.odex with executable: 0
07-29 17:47:21.605 20584 21775 I artd    : Successfully loaded /data/app/~~TjMgb_HrJLlNN1pJ6USICw==/com.shipt.shopper-3QCjpIG9n92G__McCzLKTQ==/oat/arm64/base.odex with executable: 0
07-29 17:47:21.605 20584 21775 I artd    : /data/app/~~TjMgb_HrJLlNN1pJ6USICw==/com.shipt.shopper-3QCjpIG9n92G__McCzLKTQ==/oat/arm64/base.odex is kOatUpToDate with filter verify
07-29 17:47:21.607 29672 29672 I Finsky  : [2] yag.g(1): yag - Received: android.intent.action.PACKAGE_CHANGED, [AlW8VdCSpGvTp8IAVXwn6MdQud_CX3CSI_hmv_6vEyw]
07-29 17:47:21.609 31076 25351 I ProximityAuth: [RecentAppsMediator] Package added: (user=UserHandle{0}) com.shipt.shopper
07-29 17:47:21.609 29672 29735 I Finsky  : [1522] kwp.a(206): AIM: AppInfoManager-Perf > ItemModel > CacheSize=34, cacheHitCount=0, cacheMissCount=0, total appsWithNoServerDataCount=4. Missed  in cache (limit 10) : []
07-29 17:47:21.609 29672 29731 I Finsky  : [1519] kwp.a(206): AIM: AppInfoManager-Perf > ItemModel > CacheSize=34, cacheHitCount=0, cacheMissCount=0, total appsWithNoServerDataCount=4. Missed  in cache (limit 10) : []
07-29 17:47:21.610 29672 25027 I Finsky  : [1756] pcp.accept(129): Wrote row to frosting DB: 1295
07-29 17:47:21.611 31076 25046 I Fitness : (REDACTED) FitCleanupIntentOperation received Intent %s
07-29 17:47:21.611 31105 31619 I AppLinksAsyncVerifierV2: (REDACTED) Verification result: checking for a statement with source %s, relation delegate_permission/common.handle_all_urls, and target %s --> %b.
07-29 17:47:21.612 31076 25357 W GCM     : Unexpected forwarded intent: Intent { act=android.intent.action.PACKAGE_ADDED dat=package: flg=0x4000010 pkg=com.google.android.gms cmp=com.google.android.gms/.chimera.PersistentIntentOperationService (has extras) }
07-29 17:47:21.616 31076 25046 W NetworkScheduler: Unexpected forwarded intent: Intent { act=android.intent.action.PACKAGE_ADDED dat=package: flg=0x4000010 pkg=com.google.android.gms cmp=com.google.android.gms/.chimera.PersistentIntentOperationService (has extras) }
07-29 17:47:21.616 29672 29672 I Finsky  : [2] kuy.f(9): AIM: AppInfoCacheUpdater -> invalidating apps: [com.shipt.shopper]
07-29 17:47:21.616 29672 29672 I Finsky  : [2] kvn.g(21): AIM: AppInfoManager-Perf > getApps > called for 1 apps
07-29 17:47:21.617 29672 29735 I Finsky  : [1522] kwt.a(55): AIM: AppInfoManager-Perf > OnDeviceAppInfo > cacheHitCount=0, cacheMissCount=1. Missed  in cache (limit 10) : [com.shipt.shopper]
07-29 17:47:21.617 31076 25352 I Fitness : (REDACTED) OnPackageChangedOperation got intent: %s
07-29 17:47:21.617 29672 29721 I Finsky  : [1511] kwt.a(55): AIM: AppInfoManager-Perf > OnDeviceAppInfo > cacheHitCount=1, cacheMissCount=0. Missed  in cache (limit 10) : []
07-29 17:47:21.617 29672 29721 I Finsky  : [1511] kuq.apply(1378): AIM: Got app ownership map. App counts: . Unique apps: 0
07-29 17:47:21.618 29672 29721 I Finsky  : [1511] kuq.apply(1378): AIM: Got app ownership map. App counts: . Unique apps: 0
07-29 17:47:21.619 20584 21775 I artd    : Dex parent of /data/app/~~TjMgb_HrJLlNN1pJ6USICw==/com.shipt.shopper-3QCjpIG9n92G__McCzLKTQ==/base.apk is not writable: Permission denied
07-29 17:47:21.619 20584 21775 I artd    : GetBestInfo checking odex in dalvik-cache (/data/dalvik-cache/arm64/data@app@~~TjMgb_HrJLlNN1pJ6USICw==@com.shipt.shopper-3QCjpIG9n92G__McCzLKTQ==@base.apk@classes.dex)
07-29 17:47:21.620 20584 21775 I artd    : Loading /data/dalvik-cache/arm64/data@app@~~TjMgb_HrJLlNN1pJ6USICw==@com.shipt.shopper-3QCjpIG9n92G__McCzLKTQ==@base.apk@classes.dex with executable: 0
07-29 17:47:21.620 20584 21775 I artd    : OatFileAssistant test for existing oat file /data/dalvik-cache/arm64/data@app@~~TjMgb_HrJLlNN1pJ6USICw==@com.shipt.shopper-3QCjpIG9n92G__McCzLKTQ==@base.apk@classes.dex: File /data/dalvik-cache/arm64/data@app@~~TjMgb_HrJLlNN1pJ6USICw==@com.shipt.shopper-3QCjpIG9n92G__McCzLKTQ==@base.apk@classes.vdex does not exist.
07-29 17:47:21.620 20584 21775 I artd    : GetBestInfo checking odex next to the dex file (/data/app/~~TjMgb_HrJLlNN1pJ6USICw==/com.shipt.shopper-3QCjpIG9n92G__McCzLKTQ==/oat/arm64/base.odex)
07-29 17:47:21.620 20584 21775 I artd    : Loading /data/app/~~TjMgb_HrJLlNN1pJ6USICw==/com.shipt.shopper-3QCjpIG9n92G__McCzLKTQ==/oat/arm64/base.odex with executable: 0
07-29 17:47:21.620 20584 21775 I artd    : Successfully loaded /data/app/~~TjMgb_HrJLlNN1pJ6USICw==/com.shipt.shopper-3QCjpIG9n92G__McCzLKTQ==/oat/arm64/base.odex with executable: 0
07-29 17:47:21.620 20584 21775 I artd    : /data/app/~~TjMgb_HrJLlNN1pJ6USICw==/com.shipt.shopper-3QCjpIG9n92G__McCzLKTQ==/oat/arm64/base.odex is kOatUpToDate with filter verify
07-29 17:47:21.622 29672 25027 I Finsky  : [1756] pcp.accept(129): Wrote row to frosting DB: 1296
07-29 17:47:21.624  1844  1844 I vendor.qti.hardware.servicetrackeraidl-service: destroyService is called for service : com.google.android.gms/.fitness.service.recording.FitRecordingBroker
07-29 17:47:21.625 29672 29735 I Finsky  : [1522] kwp.a(206): AIM: AppInfoManager-Perf > ItemModel > CacheSize=34, cacheHitCount=0, cacheMissCount=0, total appsWithNoServerDataCount=4. Missed  in cache (limit 10) : []
07-29 17:47:21.625 29672 29731 I Finsky  : [1519] kwp.a(206): AIM: AppInfoManager-Perf > ItemModel > CacheSize=34, cacheHitCount=0, cacheMissCount=0, total appsWithNoServerDataCount=4. Missed  in cache (limit 10) : []
07-29 17:47:21.629 29672 29731 I Finsky  : [1519] jyg.accept(156): AIM: AppInfoManager-Perf > getApps > data collection finished
07-29 17:47:21.629 29672 29731 I Finsky  : [1519] kvo.run(976): AIM: AppInfoManager-Perf > maybeDestroyAppInfoManager is called. actives = 1
07-29 17:47:21.629 31076 25350 I Fitness : (REDACTED) FitCleanupIntentOperation received Intent %s
07-29 17:47:21.629  8974  9450 I WakePathUpdatePolicy: doUpdate(user 0):responseCode:200
07-29 17:47:21.629  8974  9450 W WakePathUpdatePolicy: doUpdate(user 0): Response stream size=1376
07-29 17:47:21.631  1827  2752 I vendor.qti.hardware.display.composer-service: Sensor: notify citsensorservice to trigger cwb, misForced = 1
07-29 17:47:21.631  3002  4297 I libsensor-parseRGB: request dump start for mRequestDisplayId 0
07-29 17:47:21.632 29672 29731 I Finsky  : [1519] jyg.accept(156): AIM: AppInfoManager-Perf > getApps > data collection finished
07-29 17:47:21.632 29672 29731 I Finsky  : [1519] kvo.run(976): AIM: AppInfoManager-Perf > maybeDestroyAppInfoManager is called. actives = 0
07-29 17:47:21.633  8974  9450 I WakePathUpdatePolicy: pushWakePathData begin
07-29 17:47:21.633  8974  9450 I com.lbe.security.service.provider.WakePathDatabaseUtil: getWakePathWhiteList: whiteList.size=6
07-29 17:47:21.633  2463 10061 I WakePathChecker: MIUILOG-WAKEPATH pushWakePathWhiteList: userId=0 size=6
07-29 17:47:21.634  8974  9450 I com.lbe.security.service.provider.WakePathDatabaseUtil: getWakePathRuleList: wakeType=1 wakePathRules.size=3
07-29 17:47:21.634  2463  6120 I WakePathChecker: MIUILOG-WAKEPATH pushWakePathRuleInfos: wakeType=1 userId=0 size=3
07-29 17:47:21.634 31105 25082 I Icing   : Indexing com.google.android.gms-apps from com.google.android.gms
07-29 17:47:21.634  8974  9450 I com.lbe.security.service.provider.WakePathDatabaseUtil: getWakePathRuleList: wakeType=8 wakePathRules.size=8
07-29 17:47:21.635  2463  5534 I WakePathChecker: MIUILOG-WAKEPATH pushWakePathRuleInfos: wakeType=8 userId=0 size=8
07-29 17:47:21.635  8974  9450 I com.lbe.security.service.provider.WakePathDatabaseUtil: getWakePathRuleList: wakeType=4 wakePathRules.size=4
07-29 17:47:21.635  2463 10061 I WakePathChecker: MIUILOG-WAKEPATH pushWakePathRuleInfos: wakeType=4 userId=0 size=4
07-29 17:47:21.635  8974  9450 I com.lbe.security.service.provider.WakePathDatabaseUtil: getWakePathRuleList: wakeType=2 wakePathRules.size=1
07-29 17:47:21.636  2463 10061 I WakePathChecker: MIUILOG-WAKEPATH pushWakePathRuleInfos: wakeType=2 userId=0 size=1
07-29 17:47:21.636  8974  9450 I com.lbe.security.service.provider.WakePathDatabaseUtil: getWakePathRuleList: wakeType=17 wakePathRules.size=0
07-29 17:47:21.636  2463  5535 I WakePathChecker: MIUILOG-WAKEPATH pushWakePathRuleInfos: wakeType=17 userId=0 size=0
07-29 17:47:21.636  8974  9450 I com.lbe.security.service.provider.WakePathDatabaseUtil: getWakePathRuleList: wakeType=32 wakePathRules.size=1
07-29 17:47:21.637  2463  5534 I WakePathChecker: MIUILOG-WAKEPATH pushWakePathRuleInfos: wakeType=32 userId=0 size=1
07-29 17:47:21.637  8974  9450 I com.lbe.security.service.provider.WakePathDatabaseUtil: getWakePathRuleList: wakeType=256 wakePathRules.size=8
07-29 17:47:21.637  2463  5534 I WakePathChecker: MIUILOG-WAKEPATH pushWakePathRuleInfos: wakeType=256 userId=0 size=8
07-29 17:47:21.638  8974  9450 I com.lbe.security.service.provider.WakePathDatabaseUtil: getWakePathRuleList: wakeType=128 wakePathRules.size=4
07-29 17:47:21.638  2463 10061 I WakePathChecker: MIUILOG-WAKEPATH pushWakePathRuleInfos: wakeType=128 userId=0 size=4
07-29 17:47:21.638  8974  9450 I com.lbe.security.service.provider.WakePathDatabaseUtil: getWakePathRuleList: wakeType=64 wakePathRules.size=2
07-29 17:47:21.638  2463 10061 I WakePathChecker: MIUILOG-WAKEPATH pushWakePathRuleInfos: wakeType=64 userId=0 size=2
07-29 17:47:21.639  8974  9450 I com.lbe.security.service.provider.WakePathDatabaseUtil: getWakePathRuleList: wakeType=4096 wakePathRules.size=2
07-29 17:47:21.639  2463  5535 I WakePathChecker: MIUILOG-WAKEPATH pushWakePathRuleInfos: wakeType=4096 userId=0 size=2
07-29 17:47:21.639  8974  9450 I com.lbe.security.service.provider.WakePathDatabaseUtil: getWakePathRuleList: wakeType=32768 wakePathRules.size=1
07-29 17:47:21.639  2463  5535 I WakePathChecker: MIUILOG-WAKEPATH pushWakePathRuleInfos: wakeType=32768 userId=0 size=1
07-29 17:47:21.639  8974  9450 I com.lbe.security.service.provider.WakePathDatabaseUtil: getWakePathRuleList: wakeType=8192 wakePathRules.size=5
07-29 17:47:21.640  2463  6120 I WakePathChecker: MIUILOG-WAKEPATH pushWakePathRuleInfos: wakeType=8192 userId=0 size=5
07-29 17:47:21.640  8974  9450 I com.lbe.security.service.provider.WakePathDatabaseUtil: getWakePathRuleList: wakeType=16384 wakePathRules.size=0
07-29 17:47:21.640  2463  5534 I WakePathChecker: MIUILOG-WAKEPATH pushWakePathRuleInfos: wakeType=16384 userId=0 size=0
07-29 17:47:21.640  8974  9450 I com.lbe.security.service.provider.WakePathDatabaseUtil: getWakePathRuleList: wakeType=22 wakePathRules.size=0
07-29 17:47:21.640  2463  5534 I WakePathChecker: MIUILOG-WAKEPATH pushWakePathRuleInfos: wakeType=22 userId=0 size=0
07-29 17:47:21.640  8974  9450 I WakePathUpdatePolicy: pushWakePathData end
07-29 17:47:21.641  8974  9450 I WakePathUpdatePolicy: doUpdate end
07-29 17:47:21.647 31105 25068 I Icing   : Indexing done com.google.android.gms-apps
07-29 17:47:21.648 31105 25068 I Icing   : Indexing com.google.android.gms-apps from com.google.android.gms
07-29 17:47:21.648 31105 25068 I Icing   : Indexing done com.google.android.gms-apps
07-29 17:47:21.650  1844  1844 I vendor.qti.hardware.servicetrackeraidl-service: destroyService is called for service : com.google.android.gms/.icing.service.IndexWorkerService
07-29 17:47:21.653  3002  6353 E libsensor-parseRGB: CWB NotifyCWBBufferDone  error 0
07-29 17:47:21.676  2463  5109 I NetworkBoostStatusManager: handle: 102
07-29 17:47:21.677  2463  5109 I NetworkBoostStatusManager: interfaceOnCapabilitiesChanged interface name:wlan0
07-29 17:47:21.678  4916  6347 E PhoneAdapter: get ntnphones failed, exception: java.lang.IllegalStateException: Default phones haven't been made yet!
07-29 17:47:21.686  8724  8724 I NetBusNetworkMonitor: onCapabilitiesChanged isPrimary = true
07-29 17:47:21.687  8724  8724 I NetBusNetworkMonitor: gateway=192.*.*.1
07-29 17:47:21.690  8724  8724 I NetBusNetworkMonitor: addConnectNetworkInterface mediumType:256, detail:NetworkDetailInfo{mIsConnected=false, mIsSupportTdls=true, mNetworkType=0, mIpAddress=192.*.*.11, mIfName=wlan0, mGateway=192.*.*.1, mNetmask=255.*.*.0, mSsid=C**01}
07-29 17:47:21.690  8724  8724 I NetBusNetworkMonitor: onCapabilitiesChanged handle=441492361229, mediumType=256, ifName=wlan0
07-29 17:47:21.693  9744 10038 W Settings: Setting device_provisioned has moved from android.provider.Settings.Secure to android.provider.Settings.Global.
07-29 17:47:21.694  8974  9450 I WakePathUpdatePolicy: doUpdate(user 0):responseCode:200
07-29 17:47:21.694 19382 19460 I Cir_Miplay_NetworkListenerHelper: onCapabilitiesChanged#network=103
07-29 17:47:21.694 19382 19460 I Cir_Miplay_NetworkListenerHelper: onCapabilitiesChanged network type wifi
07-29 17:47:21.695  8974  9450 W WakePathUpdatePolicy: doUpdate(user 0): Response stream size=1376
07-29 17:47:21.695  9744 10038 I JoyoseCloudControlManager3: network metered changed, network metered: false, deviceProvisioned: true, scAllowConn: true, try to setNetworkAccessEnabled: true
07-29 17:47:21.697 29672 29672 W JobService: onNetworkChanged() not implemented in com.google.android.finsky.scheduler.process.mainimpl.PhoneskyJobServiceMain. Must override in a subclass.
07-29 17:47:21.697  8974  9450 I WakePathUpdatePolicy: pushWakePathData begin
07-29 17:47:21.698  8974  9450 I com.lbe.security.service.provider.WakePathDatabaseUtil: getWakePathWhiteList: whiteList.size=6
07-29 17:47:21.698  2463  6120 I WakePathChecker: MIUILOG-WAKEPATH pushWakePathWhiteList: userId=0 size=6
07-29 17:47:21.698  8974  9450 I com.lbe.security.service.provider.WakePathDatabaseUtil: getWakePathRuleList: wakeType=1 wakePathRules.size=3
07-29 17:47:21.699  2463  5535 I WakePathChecker: MIUILOG-WAKEPATH pushWakePathRuleInfos: wakeType=1 userId=0 size=3
07-29 17:47:21.699  8974  9450 I com.lbe.security.service.provider.WakePathDatabaseUtil: getWakePathRuleList: wakeType=8 wakePathRules.size=8
07-29 17:47:21.699  2463  5534 I WakePathChecker: MIUILOG-WAKEPATH pushWakePathRuleInfos: wakeType=8 userId=0 size=8
07-29 17:47:21.699  2740 25137 I Market-LocalAppManager: getUpdateInfoFromServer : middle
07-29 17:47:21.699  2740 25137 E Market-Client: isSupportChildMode, error: java.lang.NumberFormatException: For input string: ""
07-29 17:47:21.701  2740  7876 I Market-DownloadLimitSpeedManager: stopLimitSpeed
07-29 17:47:21.701  2740  7876 I Market-LimitSpeedManager: stopLimitSpeedNow() =========== 
07-29 17:47:21.702  8974  9450 I com.lbe.security.service.provider.WakePathDatabaseUtil: getWakePathRuleList: wakeType=4 wakePathRules.size=4
07-29 17:47:21.702  2463  5526 I WakePathChecker: MIUILOG-WAKEPATH pushWakePathRuleInfos: wakeType=4 userId=0 size=4
07-29 17:47:21.703  8974  9450 I com.lbe.security.service.provider.WakePathDatabaseUtil: getWakePathRuleList: wakeType=2 wakePathRules.size=1
07-29 17:47:21.703  2740 25137 I Market-RetrofitRequest: callStart : https://updateinfo.market.xiaomi.com/apm/updateinfo/v2
07-29 17:47:21.704  2740 25137 I Market-RetrofitRequest: HeaderInterceptor : https://updateinfo.market.xiaomi.com/apm/updateinfo/v2
07-29 17:47:21.703  2463  5526 I WakePathChecker: MIUILOG-WAKEPATH pushWakePathRuleInfos: wakeType=2 userId=0 size=1
07-29 17:47:21.705 31076 31441 I NearbyMediums: WifiNetwork defaultNetworkCallback onCapabilitiesChanged network:103 [ WIFI VPN ] isNonBypassable:false
07-29 17:47:21.705  2740 25137 E Market-Client: isSupportChildMode, error: java.lang.NumberFormatException: For input string: ""
07-29 17:47:21.705  2740 25137 E Market-Client: isSupportChildMode, error: java.lang.NumberFormatException: For input string: ""
07-29 17:47:21.706  2740  7876 I Market-RetrofitRequest: callEnd : https://updateinfo.market.xiaomi.com/apm/updateinfo/v2
07-29 17:47:21.707  2740  7876 I Market-LocalAppManager: getUpdateInfoFromServer : end  , responseCode : OK
07-29 17:47:21.707  2740  7876 I Market-LocalAppManager: checkUpdateFromServer : end
07-29 17:47:21.707  2740  7876 I Market-LocalAppManager: checkUpdateFromServer  data parser : end
07-29 17:47:21.707  2740  7876 I Market-HuanjiManager: condition not satisfied, ignore
07-29 17:47:21.707  2740  7876 I Market-DataParser: [InvalidPackageList] JSON : invalidSystemPackageList list is null
07-29 17:47:21.707  2740  7876 I Market-LocalAppManager: checkUpdateFromServer  filter package : end
07-29 17:47:21.707  2740  7876 I Market-LocalAppManager: checkUpdateFromServer  support64BitPackagesJsonArray : end
07-29 17:47:21.708  8974  9450 I com.lbe.security.service.provider.WakePathDatabaseUtil: getWakePathRuleList: wakeType=17 wakePathRules.size=0
07-29 17:47:21.708  2740 25137 I Market-LimitSpeedManager: startLimitSpeedNow() ====== speed = 32768
07-29 17:47:21.708  2463  5535 I WakePathChecker: MIUILOG-WAKEPATH pushWakePathRuleInfos: wakeType=17 userId=0 size=0
07-29 17:47:21.708  8974  9450 I com.lbe.security.service.provider.WakePathDatabaseUtil: getWakePathRuleList: wakeType=32 wakePathRules.size=1
07-29 17:47:21.709  2463  5535 I WakePathChecker: MIUILOG-WAKEPATH pushWakePathRuleInfos: wakeType=32 userId=0 size=1
07-29 17:47:21.709  8974  9450 I com.lbe.security.service.provider.WakePathDatabaseUtil: getWakePathRuleList: wakeType=256 wakePathRules.size=8
07-29 17:47:21.709  2463  5459 I WakePathChecker: MIUILOG-WAKEPATH pushWakePathRuleInfos: wakeType=256 userId=0 size=8
07-29 17:47:21.709  8974  9450 I com.lbe.security.service.provider.WakePathDatabaseUtil: getWakePathRuleList: wakeType=128 wakePathRules.size=4
07-29 17:47:21.709  2463  5535 I WakePathChecker: MIUILOG-WAKEPATH pushWakePathRuleInfos: wakeType=128 userId=0 size=4
07-29 17:47:21.710  8974  9450 I com.lbe.security.service.provider.WakePathDatabaseUtil: getWakePathRuleList: wakeType=64 wakePathRules.size=2
07-29 17:47:21.710  2463  5535 I WakePathChecker: MIUILOG-WAKEPATH pushWakePathRuleInfos: wakeType=64 userId=0 size=2
07-29 17:47:21.710  8974  9450 I com.lbe.security.service.provider.WakePathDatabaseUtil: getWakePathRuleList: wakeType=4096 wakePathRules.size=2
07-29 17:47:21.710  2463  5535 I WakePathChecker: MIUILOG-WAKEPATH pushWakePathRuleInfos: wakeType=4096 userId=0 size=2
07-29 17:47:21.711  8974  9450 I com.lbe.security.service.provider.WakePathDatabaseUtil: getWakePathRuleList: wakeType=32768 wakePathRules.size=1
07-29 17:47:21.711  2463  5535 I WakePathChecker: MIUILOG-WAKEPATH pushWakePathRuleInfos: wakeType=32768 userId=0 size=1
07-29 17:47:21.711  8974  9450 I com.lbe.security.service.provider.WakePathDatabaseUtil: getWakePathRuleList: wakeType=8192 wakePathRules.size=5
07-29 17:47:21.711  2740 25137 I Market-DownloadLimitSpeedManager: startLimitSpeed success. Total count 1
07-29 17:47:21.711  2740 25137 I Market-RetrofitRequest: HeaderInterceptor : https://updateinfo.market.xiaomi.com/apm/updateinfo/v2
07-29 17:47:21.711  2463  5535 I WakePathChecker: MIUILOG-WAKEPATH pushWakePathRuleInfos: wakeType=8192 userId=0 size=5
07-29 17:47:21.711  8974  9450 I com.lbe.security.service.provider.WakePathDatabaseUtil: getWakePathRuleList: wakeType=16384 wakePathRules.size=0
07-29 17:47:21.711  2463  5534 I WakePathChecker: MIUILOG-WAKEPATH pushWakePathRuleInfos: wakeType=16384 userId=0 size=0
07-29 17:47:21.711  1827  2108 I SDM     : DisplayBase::CommitThread: Received idle timeout, panel: cmd, timeout: 70000 us
07-29 17:47:21.711  8974  9450 I com.lbe.security.service.provider.WakePathDatabaseUtil: getWakePathRuleList: wakeType=22 wakePathRules.size=0
07-29 17:47:21.712  2463  5534 I WakePathChecker: MIUILOG-WAKEPATH pushWakePathRuleInfos: wakeType=22 userId=0 size=0
07-29 17:47:21.712  8974  9450 I WakePathUpdatePolicy: pushWakePathData end
07-29 17:47:21.712  8974  9450 I WakePathUpdatePolicy: doUpdate end
07-29 17:47:21.714  1827  2752 I vendor.qti.hardware.display.composer-service: Sensor: notify citsensorservice to trigger cwb, misForced = 0
07-29 17:47:21.715  3002  4297 I libsensor-parseRGB: request dump start for mRequestDisplayId 0
07-29 17:47:21.731  3002  4306 I libsensor-boledalgo: dbv:419,lux:133.0,cct:6350.8,hsv:-1.0,dc:0CWB R:3179.6,G:7767.6,B:4952.5Event C:9788.1,R:5894.0,G:3373.7,B:2115.6Cali C:211.6,R:77.8,G:75.0,B:35.3 
07-29 17:47:21.745  3002  6353 E libsensor-parseRGB: CWB NotifyCWBBufferDone  error 0
07-29 17:47:21.770 31105 31673 I cn_CronetUrlRequestContext: destroyNativeStreamLocked org.chromium.net.impl.CronetBidirectionalStream@a1e3078
07-29 17:47:21.801  1827  2108 I SDM     : DisplayBase::CommitThread: Received idle timeout, panel: cmd, timeout: 70000 us
07-29 17:47:21.805  2463  2463 W NotificationHistory: Attempted to add notif for locked/gone/disabled user 0
07-29 17:47:21.813  4979  4979 E NotifCollection: No notification to remove with key 0|com.xiaomi.market|234789554|null|10167 reason=0:REASON_UNKNOWN
07-29 17:47:21.835  2740 25137 I Market-DownloadLimitSpeedManager: stopLimitSpeed
07-29 17:47:21.835  2740 25137 I Market-LimitSpeedManager: stopLimitSpeedNow() =========== 
07-29 17:47:21.873  2740 25137 I Market-RetrofitRequest: callEnd : https://updateinfo.market.xiaomi.com/apm/updateinfo/v2
07-29 17:47:21.875  2740 25137 W Market-Connection: Connection result is cut off as too long
07-29 17:47:21.880  2740 25137 I Market-LocalAppManager: getUpdateInfoFromServer : end  , responseCode : OK
07-29 17:47:21.880  2740 25137 I Market-LocalAppManager: checkUpdateFromServer : end
07-29 17:47:21.880  1827  2752 I vendor.qti.hardware.display.composer-service: Sensor: notify citsensorservice to trigger cwb, misForced = 1
07-29 17:47:21.881  3002  4297 I libsensor-parseRGB: request dump start for mRequestDisplayId 0
07-29 17:47:21.881  2740 25137 I Market-LocalAppManager: checkUpdateFromServer  data parser : end
07-29 17:47:21.882  2740 25137 I Market-HuanjiManager: condition not satisfied, ignore
07-29 17:47:21.882  2740 25137 I Market-DataParser: [InvalidPackageList] JSON : invalidSystemPackageList list is null
07-29 17:47:21.882  2740 25137 I Market-LocalAppManager: checkUpdateFromServer  filter package : end
07-29 17:47:21.882  2740 25137 I Market-LocalAppManager: checkUpdateFromServer  support64BitPackagesJsonArray : end
07-29 17:47:21.882  2740 25137 I Market-LocalAppManager: query update apps from server : finish, 66 / 425 to update
07-29 17:47:21.894  2740 25137 I Market-RetrofitRequest: callStart : https://updateinfo.market.xiaomi.com/apm/updateinfo/priority
07-29 17:47:21.894  2740 25137 I Market-RetrofitRequest: HeaderInterceptor : https://updateinfo.market.xiaomi.com/apm/updateinfo/priority
07-29 17:47:21.895  2740 25137 E Market-Client: isSupportChildMode, error: java.lang.NumberFormatException: For input string: ""
07-29 17:47:21.896  2740 25137 E Market-Client: isSupportChildMode, error: java.lang.NumberFormatException: For input string: ""
07-29 17:47:21.897  2740 25137 I Market-LimitSpeedManager: startLimitSpeedNow() ====== speed = 32768
07-29 17:47:21.900  2740 25137 I Market-DownloadLimitSpeedManager: startLimitSpeed success. Total count 1
07-29 17:47:21.900  2740 25137 I Market-RetrofitRequest: HeaderInterceptor : https://updateinfo.market.xiaomi.com/apm/updateinfo/priority
07-29 17:47:21.902  3002  3080 E libsensor-parseRGB: CWB NotifyCWBBufferDone  error 0
07-29 17:47:21.960  1827  2108 I SDM     : DisplayBase::CommitThread: Received idle timeout, panel: cmd, timeout: 70000 us
07-29 17:47:21.973  2740 25137 I Market-DownloadLimitSpeedManager: stopLimitSpeed
07-29 17:47:21.973  2740 25137 I Market-LimitSpeedManager: stopLimitSpeedNow() =========== 
07-29 17:47:21.976  2740 25137 I Market-RetrofitRequest: callEnd : https://updateinfo.market.xiaomi.com/apm/updateinfo/priority
07-29 17:47:21.980  2740 25137 I Market-SystemSettingsManager: extraSettingsSecureGetInt key: com.xiaomi.market.need_update_game_count, value: 0
07-29 17:47:21.980  2740 25137 I Market-UpdateAppList: update app list do not change, don't notify: pkg (63) = com.ss.android.ugc.aweme,com.milink.service,com.miui.hybrid,com.baidu.BaiduMap,com.netease.newsreader.activity,com.microsoft.emmx,com.baidu.searchbox.lite,com.android.fileexplorer,com.xiaomi.aiasst.vision,com.microsoft.office.outlook,com.miui.newhome,com.autonavi.minimap,com.miui.calculator,com.miui.mishare.connectivity,com.android.contacts,com.unionpay.tsmservice.mi,com.miui.voiceassist,com.miui.thirdappassistant,com.xiaomi.scanner,com.miui.securitycenter,com.duokan.reader,com.baidu.searchbox,com.wuba.zhuanzhuan,com.xingin.xhs,com.miui.touchassistant,tv.danmaku.bili,com.dragon.read,com.miui.gallery,com.miui.cloudservice,com.UCMobile,com.mfashiongallery.emag,com.xiaomi.market,com.miui.carlink,com.miui.notes,com.xiaomi.payment,com.miui.home,com.miui.tsmclient,com.xiaomi.gamecenter,com.smile.gifmaker,com.android.browser,com.suxing.sustream,com.xiaomi.mis,com.miui.virtualsim,com.android.quicksearchbox,com.sina.news,com.miui.video,com.miui.weather2,com.ss.android.article.news,com.quark.browser,com.xiaomi.mi_connect_service,com.miui.personalassistant,com.android.mms,com.xiaomi.gamecenter.sdk.service,com.kuaishou.nebula,com.android.thememanager,com.miui.bugreport,com.xiaomi.digitalkey,com.android.calendar,com.xiaomi.aicr,com.xiaomi.xmsf,com.xiaomi.mirror,com.miui.yellowpage,com.android.soundrecorder
07-29 17:47:21.981  2740 24910 I Market-SubScriptManager: updateMarketSubScript forceShow : false
07-29 17:47:21.982  2740 24910 I Market-SubScriptManager: get count 63
07-29 17:47:21.982  2740 24910 I Market-SubScriptManager: get count 63
07-29 17:47:21.984  2740 25137 I Market-LocalAppManager: queryDiffSizeFromServer start
07-29 17:47:21.985  2740 25137 I Market-RetrofitRequest: callStart : https://updateinfo.market.xiaomi.com/apm/updateinfo/diffsize
07-29 17:47:21.986  2740 25137 I Market-RetrofitRequest: HeaderInterceptor : https://updateinfo.market.xiaomi.com/apm/updateinfo/diffsize
07-29 17:47:21.986  2740 25137 E Market-Client: isSupportChildMode, error: java.lang.NumberFormatException: For input string: ""
07-29 17:47:21.987  2740 25137 E Market-Client: isSupportChildMode, error: java.lang.NumberFormatException: For input string: ""
07-29 17:47:21.988  2740 25137 I Market-LimitSpeedManager: startLimitSpeedNow() ====== speed = 32768
07-29 17:47:21.991  2740 25137 I Market-DownloadLimitSpeedManager: startLimitSpeed success. Total count 1
07-29 17:47:21.991  2740 25137 I Market-RetrofitRequest: HeaderInterceptor : https://updateinfo.market.xiaomi.com/apm/updateinfo/diffsize
07-29 17:47:22.057  2740 25137 I Market-DownloadLimitSpeedManager: stopLimitSpeed
07-29 17:47:22.057  2740 25137 I Market-LimitSpeedManager: stopLimitSpeedNow() =========== 
07-29 17:47:22.062  2740 25137 I Market-RetrofitRequest: callEnd : https://updateinfo.market.xiaomi.com/apm/updateinfo/diffsize
07-29 17:47:22.065  2740 25137 I Market-LocalAppManager: queryDiffSizeFromServer end
07-29 17:47:22.066  2740 25031 I Market-SubScriptManager: updateMarketSubScript forceShow : false
07-29 17:47:22.066  2740 25031 I Market-SubScriptManager: get count 63
07-29 17:47:22.067  2740 25031 I Market-SubScriptManager: get count 63
07-29 17:47:22.068  2740 25137 I Market-WakeLockManager: release wakeLock: CheckUpdateService
07-29 17:47:22.072  2463  5534 I ActivityManager: Cancel FGS notification userId: 0 definingUid: 10167 packageName: com.xiaomi.market processName:com.xiaomi.market ChannelId:com.xiaomi.market_hide foregroundNotiWhen:1753782441580 Notiflags:104
07-29 17:47:22.072  1844  1844 I vendor.qti.hardware.servicetrackeraidl-service: destroyService is called for service : com.xiaomi.market/.business_core.update.auto.CheckUpdateService
07-29 17:47:22.072  2463  5534 W ForegroundServiceTypeLoggerModule: FGS stop call for: 10167 has no types!
07-29 17:47:22.072  2463  2463 I NotificationService: Cancel FGS notification CallingUid: 10167 CallingPid: 2740 Pkg: com.xiaomi.market Id:234789554 Tag:null UserId:0 MustHaveFlags:0 MustNotHaveFlags:0 Reason:8 foregroundNotiWhen:1753782441580 foregroundNotiFlags:104 foregroundNotiChannelId:com.xiaomi.market_hide
07-29 17:47:22.074  2740  2740 I Market-ServiceUtils: stop foreground service: CheckUpdateService
07-29 17:47:22.077  2463  4205 I MiuiNetworkPolicy: updateUidState uid = 10261, uidState = 10
07-29 17:47:22.077  2463  4205 I MiuiNetworkPolicyTrafficLimit: updateWhiteListUidForMobileTraffic uid=10261,add=false
07-29 17:47:22.078  2463  4205 I MiuiNetworkPolicy: updateUidState uid = 10203, uidState = 6
07-29 17:47:22.078  2463  4205 I MiuiNetworkPolicy: updateUidState uid = 10167, uidState = 10
07-29 17:47:22.078  2463  4205 I MiuiNetworkPolicyTrafficLimit: updateWhiteListUidForMobileTraffic uid=10167,add=false
07-29 17:47:22.079  2463  4205 I MiuiNetworkPolicy: updateUidState uid = 10158, uidState = 10
07-29 17:47:22.080  2463  4205 I MiuiNetworkPolicyTrafficLimit: updateWhiteListUidForMobileTraffic uid=10158,add=false
07-29 17:47:22.082  4979  4979 E NotifCollection: No notification to remove with key 0|com.xiaomi.market|234789554|null|10167 reason=8:REASON_APP_CANCEL
07-29 17:47:22.082  2463  4205 I MiuiNetworkPolicy: updateUidState uid = 10261, uidState = 19
07-29 17:47:22.082  2463  4205 I MiuiNetworkPolicy: updateUidState uid = 10158, uidState = 19
07-29 17:47:22.131  2740  2817 I m.xiaomi.market: This is non sticky GC, maxfree is 16777216 minfree is 8388608
07-29 17:47:22.172  2463  2530 W BroadcastQueue: Greezer Denial: sending Intent { act=android.net.wifi.RSSI_CHANGED flg=0x4000010 (has extras) }, action: android.net.wifi.RSSI_CHANGED from android (uid=1000) due to receiver ProcessRecord{d1daa83 20995:com.smile.gifmaker/u0a339} (uid 10339) need cached broadcast
07-29 17:47:22.281  3117  3117 I adbd    : in ShellService: ps
07-29 17:47:22.462 13666 17476 W surfboard: (0x000004E0) [] on_tcp_read local connection reset by peer
07-29 17:47:22.465  1844  1844 I vendor.qti.hardware.servicetrackeraidl-service: bindService is called for service : com.alibaba.aliexpresshd/com.taobao.accs.data.MsgDistributeService and for client com.alibaba.aliexpresshd:channel
07-29 17:47:22.465  1844  1844 I vendor.qti.hardware.servicetrackeraidl-service: total connections for service : com.alibaba.aliexpresshd/com.taobao.accs.data.MsgDistributeServiceare :2
07-29 17:47:22.465  1844  1844 I vendor.qti.hardware.servicetrackeraidl-service: total connections for client : com.alibaba.aliexpresshd:channelare :11
07-29 17:47:22.467  1844  1844 I vendor.qti.hardware.servicetrackeraidl-service: unbindService is called for service : com.alibaba.aliexpresshd/com.taobao.accs.data.MsgDistributeService and for client com.alibaba.aliexpresshd:channel
07-29 17:47:22.467  1844  1844 I vendor.qti.hardware.servicetrackeraidl-service: size of service connections for service: com.alibaba.aliexpresshd/com.taobao.accs.data.MsgDistributeServiceafter removal is 1
07-29 17:47:22.467 32195 32367 W JobInfo : Job 'com.alibaba.aliexpresshd/com.taobao.accs.internal.AccsJobService#2050' has a deadline with functional constraints and an extremely short time window of 0 ms (delay=80000, deadline=80000). The functional constraints are not likely to be satisfied when the job runs.
07-29 17:47:22.467  1844  1844 I vendor.qti.hardware.servicetrackeraidl-service: size of client connections for client: com.alibaba.aliexpresshd:channelafter removal is 10
07-29 17:47:22.468  2463  5459 W JobInfo : Job 'com.alibaba.aliexpresshd/com.taobao.accs.internal.AccsJobService#2050' has a deadline with functional constraints and an extremely short time window of 0 ms (delay=80000, deadline=80000). The functional constraints are not likely to be satisfied when the job runs.
07-29 17:47:22.469  2463  5459 W JobInfo : Job 'com.alibaba.aliexpresshd/com.taobao.accs.internal.AccsJobService#2050' has a deadline with functional constraints and an extremely short time window of 0 ms (delay=80000, deadline=80000). The functional constraints are not likely to be satisfied when the job runs.
07-29 17:47:22.480  1844  1844 I vendor.qti.hardware.servicetrackeraidl-service: bindService is called for service : com.alibaba.aliexpresshd/com.taobao.accs.data.MsgDistributeService and for client com.alibaba.aliexpresshd:channel
07-29 17:47:22.480  1844  1844 I vendor.qti.hardware.servicetrackeraidl-service: total connections for service : com.alibaba.aliexpresshd/com.taobao.accs.data.MsgDistributeServiceare :2
07-29 17:47:22.480  1844  1844 I vendor.qti.hardware.servicetrackeraidl-service: total connections for client : com.alibaba.aliexpresshd:channelare :11
07-29 17:47:22.482  1844  1844 I vendor.qti.hardware.servicetrackeraidl-service: unbindService is called for service : com.alibaba.aliexpresshd/com.taobao.accs.data.MsgDistributeService and for client com.alibaba.aliexpresshd:channel
07-29 17:47:22.482  1844  1844 I vendor.qti.hardware.servicetrackeraidl-service: size of service connections for service: com.alibaba.aliexpresshd/com.taobao.accs.data.MsgDistributeServiceafter removal is 1
07-29 17:47:22.482  1844  1844 I vendor.qti.hardware.servicetrackeraidl-service: size of client connections for client: com.alibaba.aliexpresshd:channelafter removal is 10
07-29 17:47:22.537  7989  7989 I RuntimePermissionManager: isRuntimeRequestSupport: true
07-29 17:47:22.546  2463  2775 I AppsFilter: interaction: PackageSetting{c395789 com.android.microdroid.empty_payload/10236} -> PackageSetting{581db28 com.miui.cleanmaster/10266} BLOCKED
07-29 17:47:22.546  2463  2775 I AppsFilter: interaction: PackageSetting{cbb67af io.appium.uiautomator2.server.test/10280} -> PackageSetting{581db28 com.miui.cleanmaster/10266} BLOCKED
07-29 17:47:22.546  2463  2775 I AppsFilter: interaction: PackageSetting{5bca7bc io.github.ylimit.droidbotapp/10353} -> PackageSetting{581db28 com.miui.cleanmaster/10266} BLOCKED
07-29 17:47:22.546  2463  2775 I AppsFilter: interaction: PackageSetting{81bfa9a com.rongcard.eid/10151} -> PackageSetting{581db28 com.miui.cleanmaster/10266} BLOCKED
07-29 17:47:22.546  2463  2775 I AppsFilter: interaction: PackageSetting{760cfcb io.appium.settings/10274} -> PackageSetting{581db28 com.miui.cleanmaster/10266} BLOCKED
07-29 17:47:22.556  2463 15424 W ContentProviderHelper: No provider info for content provider  when providerRunning is false, caller is ProcessRecord{15056c5 18854:com.android.quicksearchbox:ApplicationsProvider/u0a136}
07-29 17:47:22.556 18854 18878 E ActivityThread: Failed to find provider info for 
07-29 17:47:22.556  7368  7388 I PermissionControllerServiceImpl: Updating user sensitive for uid 10266
07-29 17:47:22.556  2463  5065 W ContentProviderHelper: No provider info for content provider  when providerRunning is false, caller is null
07-29 17:47:22.561  2463  6119 I ClipboardServiceI: checkProviderWakePathForClipboard: com.android.quicksearchboxis not a activePermissionOwner
07-29 17:47:22.561  2463  6119 I SmartPower: com.miui.notes/10275(13074): idle->background(3580ms) R(content provider start ContentProviderRecord{c0729a2 u0 com.miui.notes/.provider.NotesProvider}) adj=905.
07-29 17:47:22.565  2463  5535 W ParceledListSlice: Element #8 is 20788 bytes.
07-29 17:47:22.565  2463  5535 W ParceledListSlice: Element #9 is 20768 bytes.
07-29 17:47:22.567  2463  5534 W ContentProviderHelper: Permission Denial: opening provider com.alibaba.aliexpress.android.search.nav.SearchSuggestionProvider from ProcessRecord{15056c5 18854:com.android.quicksearchbox:ApplicationsProvider/u0a136} (pid=18854, uid=10136) that is not exported from UID 10303
07-29 17:47:22.568  4916  5777 E SmsApplication: com.android.mms lost android:read_cell_broadcasts:  (fixing)
07-29 17:47:22.568  2463  3739 W AppOpService: Ignored setUidMode call for runtime permission app op: uid = 10141, code = READ_CELL_BROADCASTS, mode = allow, callingUid = 1001, oldMode = allow
07-29 17:47:22.569  2463  5534 I ClipboardServiceI: checkProviderWakePathForClipboard: com.android.quicksearchboxis not a activePermissionOwner
07-29 17:47:22.569  2463 10061 W ParceledListSlice: Element #44 is 26672 bytes.
07-29 17:47:22.569  2463 10061 W ParceledListSlice: Overly large reply size: 82204
07-29 17:47:22.570  2463  5541 W ParceledListSlice: Element #45 is 26676 bytes.
07-29 17:47:22.570  2463  5541 W ParceledListSlice: Element #46 is 26676 bytes.
07-29 17:47:22.570  2463  5541 W ParceledListSlice: Element #47 is 26684 bytes.
07-29 17:47:22.570  2463  4205 I MiuiNetworkPolicy: updateUidState uid = 10303, uidState = 6
07-29 17:47:22.570  2463  4205 I MiuiNetworkPolicy: updateUidState uid = 10169, uidState = 6
07-29 17:47:22.571  2463  5535 W ParceledListSlice: Element #48 is 26688 bytes.
07-29 17:47:22.571  2463  5535 W ParceledListSlice: Element #54 is 19664 bytes.
07-29 17:47:22.571  2463  6120 W ParceledListSlice: Element #55 is 19652 bytes.
07-29 17:47:22.571  2463  6120 W ParceledListSlice: Element #56 is 19692 bytes.
07-29 17:47:22.571  2463  6120 W ParceledListSlice: Element #57 is 19720 bytes.
07-29 17:47:22.571  2463  6120 W ParceledListSlice: Element #58 is 19720 bytes.
07-29 17:47:22.572  2463  5534 W ParceledListSlice: Element #59 is 19684 bytes.
07-29 17:47:22.572  2463  5534 W ParceledListSlice: Element #60 is 19692 bytes.
07-29 17:47:22.572  2463  5534 W ParceledListSlice: Element #61 is 19668 bytes.
07-29 17:47:22.572  2463  5534 W ParceledListSlice: Element #62 is 19680 bytes.
07-29 17:47:22.573  2463  4205 I MiuiNetworkPolicy: updateUidState uid = 10303, uidState = 19
07-29 17:47:22.573  2463 15424 W Bundle  : Failed to parse item error, returning null.
07-29 17:47:22.573  2463 15424 W Bundle  : android.os.BadTypeParcelableException: Parcelable creator android.os.ParcelableException is not a subclass of required class java.lang.String provided in the parameter
07-29 17:47:22.573  2463 15424 W Bundle  : 	at android.os.Parcel.readParcelableCreatorInternal(Parcel.java:5206)
07-29 17:47:22.573  2463 15424 W Bundle  : 	at android.os.Parcel.readParcelableInternal(Parcel.java:5080)
07-29 17:47:22.573  2463 15424 W Bundle  : 	at android.os.Parcel.readValue(Parcel.java:4840)
07-29 17:47:22.573  2463 15424 W Bundle  : 	at android.os.Parcel.readValue(Parcel.java:4609)
07-29 17:47:22.573  2463 15424 W Bundle  : 	at android.os.Parcel.-$$Nest$mreadValue(Unknown Source:0)
07-29 17:47:22.573  2463 15424 W Bundle  : 	at android.os.Parcel$LazyValue.apply(Parcel.java:4707)
07-29 17:47:22.573  2463 15424 W Bundle  : 	at android.os.Parcel$LazyValue.apply(Parcel.java:4666)
07-29 17:47:22.573  2463 15424 W Bundle  : 	at android.os.BaseBundle.unwrapLazyValueFromMapLocked(BaseBundle.java:416)
07-29 17:47:22.573  2463 15424 W Bundle  : 	at android.os.BaseBundle.getValueAt(BaseBundle.java:402)
07-29 17:47:22.573  2463 15424 W Bundle  : 	at android.os.BaseBundle.getPairValue(BaseBundle.java:282)
07-29 17:47:22.573  2463 15424 W Bundle  : 	at com.android.server.am.ContentProviderHelper.lambda$getMimeTypeFilterAsync$1(ContentProviderHelper.java:1212)
07-29 17:47:22.573  2463 15424 W Bundle  : 	at com.android.server.am.ContentProviderHelper.$r8$lambda$JV9jTPlBHAPZLxkKAqq24ds-FLE(Unknown Source:0)
07-29 17:47:22.573  2463 15424 W Bundle  : 	at com.android.server.am.ContentProviderHelper$$ExternalSyntheticLambda1.onResult(D8$$SyntheticClass:0)
07-29 17:47:22.573  2463 15424 W Bundle  : 	at android.os.RemoteCallback.sendResult(RemoteCallback.java:76)
07-29 17:47:22.573  2463 15424 W Bundle  : 	at android.os.RemoteCallback$1.sendResult(RemoteCallback.java:53)
07-29 17:47:22.573  2463 15424 W Bundle  : 	at android.os.IRemoteCallback$Stub.onTransact(IRemoteCallback.java:85)
07-29 17:47:22.573  2463 15424 W Bundle  : 	at android.os.Binder.execTransactInternal(Binder.java:1512)
07-29 17:47:22.573  2463 15424 W Bundle  : 	at android.os.Binder.execTransact(Binder.java:1451)
07-29 17:47:22.573  2463  4205 I MiuiNetworkPolicy: updateUidState uid = 10169, uidState = 17
07-29 17:47:22.573 18854 18878 W ContentResolver: Failed to get type for: content://com.alibaba.aliexpress.android.search.nav.SearchSuggestionProvider/products (Unknown URL content://com.alibaba.aliexpress.android.search.nav.SearchSuggestionProvider/products)
07-29 17:47:22.573  2463  3739 W ParceledListSlice: Element #63 is 19672 bytes.
07-29 17:47:22.573  2463  3739 W ParceledListSlice: Element #64 is 29432 bytes.
07-29 17:47:22.573  2463  3739 W ParceledListSlice: Element #65 is 29452 bytes.
07-29 17:47:22.574  2463 15424 W ParceledListSlice: Element #66 is 29444 bytes.
07-29 17:47:22.575  7773  7773 E RegisteredServicesCache: Skipping application component ComponentInfo{com.UCMobile/com.alibaba.ariver.commonability.device.jsapi.nfc.service.TinyAppHostApduService}: it must request the permission android.permission.NFC
07-29 17:47:22.575  7773  7773 E RegisteredServicesCache: Skipping application component ComponentInfo{com.UCMobile/com.alipay.mobile.aompdevice.nfc.service.TinyAppHostApduService}: it must request the permission android.permission.NFC
07-29 17:47:22.575  7773  7773 E RegisteredServicesCache: Skipping application component ComponentInfo{com.autonavi.minimap/com.alibaba.ariver.commonability.device.jsapi.nfc.service.TinyAppHostApduService}: it must request the permission android.permission.NFC
07-29 17:47:22.575  7773  7773 E RegisteredServicesCache: Skipping application component ComponentInfo{com.autonavi.minimap/com.alipay.mobile.aompdevice.nfc.service.TinyAppHostApduService}: it must request the permission android.permission.NFC
07-29 17:47:22.577  2463  5459 W AppOpService: Ignored setUidMode call for runtime permission app op: uid = 1001, code = READ_SMS, mode = allow, callingUid = 1001, oldMode = allow
07-29 17:47:22.577  7773  7773 I RegisteredServicesCache: current user: 0, is managed profile : false
07-29 17:47:22.578  2463  5534 W ContentProviderHelper: No provider info for content provider  when providerRunning is false, caller is ProcessRecord{15056c5 18854:com.android.quicksearchbox:ApplicationsProvider/u0a136}
07-29 17:47:22.578  2463  3739 W AppOpService: Ignored setUidMode call for runtime permission app op: uid = 1001, code = RECEIVE_SMS, mode = allow, callingUid = 1001, oldMode = allow
07-29 17:47:22.578 18854 18878 E ActivityThread: Failed to find provider info for 
07-29 17:47:22.578  2463 10061 W AppOpService: Ignored setUidMode call for runtime permission app op: uid = 1001, code = RECEIVE_WAP_PUSH, mode = allow, callingUid = 1001, oldMode = allow
07-29 17:47:22.578  2463  3739 W ContentProviderHelper: No provider info for content provider  when providerRunning is false, caller is null
07-29 17:47:22.578  7773  7773 I RegisteredAidCache: updateRoutingLocked(false): Enter
07-29 17:47:22.578  7773  7773 I AidRoutingManager: configureRouting(false): Enter
07-29 17:47:22.578  2463  5534 W AppOpService: Ignored setUidMode call for runtime permission app op: uid = 1001, code = SEND_SMS, mode = allow, callingUid = 1001, oldMode = allow
07-29 17:47:22.578  7773  7773 E AidRoutingManager: Size of routing table970
07-29 17:47:22.578  7773  7773 I RegisteredAidCache: updateRoutingLocked(false): exit
07-29 17:47:22.579  2463  5459 W AppOpService: Ignored setUidMode call for runtime permission app op: uid = 1001, code = READ_CELL_BROADCASTS, mode = allow, callingUid = 1001, oldMode = allow
07-29 17:47:22.579  7773  7773 I libnfc_nci: [INFO:NativeT4tNfcee.cpp(870)] nfcManager_isFwSupportNonStdT4TAid Enter isFwSupport = 1
07-29 17:47:22.579  7773  7773 I libnfc_nci: [INFO:SecureElement.cpp(1487)] SecureElement::getEseHandleFromGenericId: enter; ESE-ID = 0x7F
07-29 17:47:22.579  7773  7773 I libnfc_nci: [INFO:SecureElement.cpp(1528)] SecureElement::getEseHandleFromGenericId: enter; ESE-Handle = 0x410
07-29 17:47:22.580  7773  7773 I libnfc_nci: [INFO:SecureElement.cpp(1487)] SecureElement::getEseHandleFromGenericId: enter; ESE-ID = 0x00
07-29 17:47:22.580  7773  7773 I libnfc_nci: [INFO:SecureElement.cpp(1528)] SecureElement::getEseHandleFromGenericId: enter; ESE-Handle = 0x400
07-29 17:47:22.581  4897 26810 I SecureElement-Terminal-eSE1: isSecureElementPresent()
07-29 17:47:22.581  1746  1746 I android.hardware.secure_element-service.qti: isCardPresent
07-29 17:47:22.581  1746  1746 I android.hardware.secure_element-service.qti: isCardPresent exit, cardPresent: 1
07-29 17:47:22.583  4897 26810 I SecureElement-Terminal-SIM1: isSecureElementPresent()
07-29 17:47:22.583  4897 26810 I SecureElement-Terminal-SIM1: isNfcEventAllowed: No access rules for checking.
07-29 17:47:22.583  4897 26810 I SecureElement-Terminal-SIM2: isSecureElementPresent()
07-29 17:47:22.582  2463  5534 W ContentProviderHelper: Permission Denial: opening provider com.alibaba.aliexpress.android.search.nav.SearchSuggestionProvider from ProcessRecord{15056c5 18854:com.android.quicksearchbox:ApplicationsProvider/u0a136} (pid=18854, uid=10136) that is not exported from UID 10303
07-29 17:47:22.585 12230 12394 I Ad      : isPersonalizedAdEnabled getAdSettings: 1
07-29 17:47:22.587  2463  5534 I ClipboardServiceI: checkProviderWakePathForClipboard: com.android.quicksearchboxis not a activePermissionOwner
07-29 17:47:22.587  2463  6119 W ParceledListSlice: Element #273 is 21068 bytes.
07-29 17:47:22.587  2463  4205 I MiuiNetworkPolicy: updateUidState uid = 10303, uidState = 6
07-29 17:47:22.588  2463 15424 W ParceledListSlice: Element #274 is 21048 bytes.
07-29 17:47:22.588  2463 15424 W ParceledListSlice: Element #275 is 21056 bytes.
07-29 17:47:22.588  2463 15424 W ParceledListSlice: Element #276 is 21036 bytes.
07-29 17:47:22.588  2463 15424 W ParceledListSlice: Element #277 is 21084 bytes.
07-29 17:47:22.588  2463 15424 W ParceledListSlice: Overly large reply size: 84248
07-29 17:47:22.588  2463  4205 I MiuiNetworkPolicy: updateUidState uid = 10169, uidState = 6
07-29 17:47:22.588  2463  3739 W ParceledListSlice: Element #278 is 21084 bytes.
07-29 17:47:22.588  2463  3739 W ParceledListSlice: Element #279 is 21096 bytes.
07-29 17:47:22.588  2463  3739 W ParceledListSlice: Element #280 is 21084 bytes.
07-29 17:47:22.588  2463  3739 W ParceledListSlice: Element #281 is 21084 bytes.
07-29 17:47:22.588  2463  3739 W ParceledListSlice: Overly large reply size: 84372
07-29 17:47:22.589  2463  5534 W ParceledListSlice: Element #282 is 21104 bytes.
07-29 17:47:22.589  2463  5534 W ParceledListSlice: Element #283 is 21092 bytes.
07-29 17:47:22.589  2463  5534 W ParceledListSlice: Element #284 is 21080 bytes.
07-29 17:47:22.591  2463  4205 I MiuiNetworkPolicy: updateUidState uid = 10303, uidState = 19
07-29 17:47:22.591  2463  4205 I MiuiNetworkPolicy: updateUidState uid = 10169, uidState = 17
07-29 17:47:22.591  2463  3739 W Bundle  : Failed to parse item error, returning null.
07-29 17:47:22.591  2463  3739 W Bundle  : android.os.BadTypeParcelableException: Parcelable creator android.os.ParcelableException is not a subclass of required class java.lang.String provided in the parameter
07-29 17:47:22.591  2463  3739 W Bundle  : 	at android.os.Parcel.readParcelableCreatorInternal(Parcel.java:5206)
07-29 17:47:22.591  2463  3739 W Bundle  : 	at android.os.Parcel.readParcelableInternal(Parcel.java:5080)
07-29 17:47:22.591  2463  3739 W Bundle  : 	at android.os.Parcel.readValue(Parcel.java:4840)
07-29 17:47:22.591  2463  3739 W Bundle  : 	at android.os.Parcel.readValue(Parcel.java:4609)
07-29 17:47:22.591  2463  3739 W Bundle  : 	at android.os.Parcel.-$$Nest$mreadValue(Unknown Source:0)
07-29 17:47:22.591  2463  3739 W Bundle  : 	at android.os.Parcel$LazyValue.apply(Parcel.java:4707)
07-29 17:47:22.591  2463  3739 W Bundle  : 	at android.os.Parcel$LazyValue.apply(Parcel.java:4666)
07-29 17:47:22.591  2463  3739 W Bundle  : 	at android.os.BaseBundle.unwrapLazyValueFromMapLocked(BaseBundle.java:416)
07-29 17:47:22.591  2463  3739 W Bundle  : 	at android.os.BaseBundle.getValueAt(BaseBundle.java:402)
07-29 17:47:22.591  2463  3739 W Bundle  : 	at android.os.BaseBundle.getPairValue(BaseBundle.java:282)
07-29 17:47:22.591  2463  3739 W Bundle  : 	at com.android.server.am.ContentProviderHelper.lambda$getMimeTypeFilterAsync$1(ContentProviderHelper.java:1212)
07-29 17:47:22.591  2463  3739 W Bundle  : 	at com.android.server.am.ContentProviderHelper.$r8$lambda$JV9jTPlBHAPZLxkKAqq24ds-FLE(Unknown Source:0)
07-29 17:47:22.591  2463  3739 W Bundle  : 	at com.android.server.am.ContentProviderHelper$$ExternalSyntheticLambda1.onResult(D8$$SyntheticClass:0)
07-29 17:47:22.591  2463  3739 W Bundle  : 	at android.os.RemoteCallback.sendResult(RemoteCallback.java:76)
07-29 17:47:22.591  2463  3739 W Bundle  : 	at android.os.RemoteCallback$1.sendResult(RemoteCallback.java:53)
07-29 17:47:22.591  2463  3739 W Bundle  : 	at android.os.IRemoteCallback$Stub.onTransact(IRemoteCallback.java:85)
