05-08 08:36:56.260  7436  7501 I XmpUtil : XMP parse: only JPEG file is supported
05-08 08:36:56.267  1349 11587 I MediaProvider: Open with lower FS for /storage/emulated/0/screen_2025-04-22_150349.png. Uid: 10126
05-08 08:36:56.277  7436  7501 I XmpUtil : XMP parse: only JPEG file is supported
05-08 08:36:56.284  1349 11587 I MediaProvider: Open with lower FS for /storage/emulated/0/screen_2025-04-22_154513.png. Uid: 10126
05-08 08:36:56.294  7436  7501 I XmpUtil : XMP parse: only JPEG file is supported
05-08 08:36:56.302  1349 11587 I MediaProvider: Open with lower FS for /storage/emulated/0/screen_2025-04-22_154514.png. Uid: 10126
05-08 08:36:56.313  7436  7501 I XmpUtil : XMP parse: only JPEG file is supported
05-08 08:36:56.326  1349 11587 I MediaProvider: Open with lower FS for /storage/emulated/0/screen_2025-04-22_154519.png. Uid: 10126
05-08 08:36:56.336  7436  7501 I XmpUtil : XMP parse: only JPEG file is supported
05-08 08:36:56.344  1349 11587 I MediaProvider: Open with lower FS for /storage/emulated/0/screen_2025-04-22_154520.png. Uid: 10126
05-08 08:36:56.360  7436  7501 I XmpUtil : XMP parse: only JPEG file is supported
05-08 08:36:56.374  1349 11587 I MediaProvider: Open with lower FS for /storage/emulated/0/screen_2025-04-22_154525.png. Uid: 10126
05-08 08:36:56.391  7436  7501 I XmpUtil : XMP parse: only JPEG file is supported
05-08 08:36:56.404  1349 11587 I MediaProvider: Open with lower FS for /storage/emulated/0/screen_2025-04-22_154526.png. Uid: 10126
05-08 08:36:56.420  7436  7501 I XmpUtil : XMP parse: only JPEG file is supported
05-08 08:36:56.428  1349 11587 I MediaProvider: Open with lower FS for /storage/emulated/0/screen_2025-04-22_154531.png. Uid: 10126
05-08 08:36:56.442  7436  7501 I XmpUtil : XMP parse: only JPEG file is supported
05-08 08:36:56.453  1349 11587 I MediaProvider: Open with lower FS for /storage/emulated/0/screen_2025-04-22_154537.png. Uid: 10126
05-08 08:36:56.470  7436  7501 I XmpUtil : XMP parse: only JPEG file is supported
05-08 08:36:56.480  1349 11587 I MediaProvider: Open with lower FS for /storage/emulated/0/screen_2025-04-22_154542.png. Uid: 10126
05-08 08:36:56.492  7436  7501 I XmpUtil : XMP parse: only JPEG file is supported
05-08 08:36:56.498  4670  4670 I cr_A11yState: Enabled accessibility services: [io.github.ylimit.droidbotapp/io.github.privacystreams.accessibility.PSAccessibilityService, null]
05-08 08:36:56.498  4670  4670 I cr_A11yState: Running accessibility services: [io.github.ylimit.droidbotapp/io.github.privacystreams.accessibility.PSAccessibilityService]
05-08 08:36:56.498  4670  4670 I cr_A11yState: Will check again after 2000 milliseconds.
05-08 08:36:56.504  1349 11587 I MediaProvider: Open with lower FS for /storage/emulated/0/screen_2025-04-22_154543.png. Uid: 10126
05-08 08:36:56.521  7436  7501 I XmpUtil : XMP parse: only JPEG file is supported
05-08 08:36:56.528  1349 11587 I MediaProvider: Open with lower FS for /storage/emulated/0/screen_2025-04-22_154548.png. Uid: 10126
05-08 08:36:56.539  7436  7501 I XmpUtil : XMP parse: only JPEG file is supported
05-08 08:36:56.548  1349 11587 I MediaProvider: Open with lower FS for /storage/emulated/0/screen_2025-04-22_154549.png. Uid: 10126
05-08 08:36:56.559  7436  7501 I XmpUtil : XMP parse: only JPEG file is supported
05-08 08:36:56.574  1349 11587 I MediaProvider: Open with lower FS for /storage/emulated/0/screen_2025-04-22_154554.png. Uid: 10126
05-08 08:36:56.584  7436  7501 I XmpUtil : XMP parse: only JPEG file is supported
05-08 08:36:56.593  1349 11587 I MediaProvider: Open with lower FS for /storage/emulated/0/screen_2025-04-22_154600.png. Uid: 10126
05-08 08:36:56.605  7436  7501 I XmpUtil : XMP parse: only JPEG file is supported
05-08 08:36:56.612  1349 11587 I MediaProvider: Open with lower FS for /storage/emulated/0/screen_2025-04-22_154606.png. Uid: 10126
05-08 08:36:56.623  7436  7501 I XmpUtil : XMP parse: only JPEG file is supported
05-08 08:36:56.631  1349 11587 I MediaProvider: Open with lower FS for /storage/emulated/0/screen_2025-04-22_154611.png. Uid: 10126
05-08 08:36:56.645  7436  7501 I XmpUtil : XMP parse: only JPEG file is supported
05-08 08:36:56.655  1349 11587 I MediaProvider: Open with lower FS for /storage/emulated/0/screen_2025-04-22_154612.png. Uid: 10126
05-08 08:36:56.667  7436  7501 I XmpUtil : XMP parse: only JPEG file is supported
05-08 08:36:56.677  1349 11587 I MediaProvider: Open with lower FS for /storage/emulated/0/screen_2025-04-22_154617.png. Uid: 10126
05-08 08:36:56.688  7436  7501 I XmpUtil : XMP parse: only JPEG file is supported
05-08 08:36:56.696  1349 11587 I MediaProvider: Open with lower FS for /storage/emulated/0/screen_2025-04-22_154623.png. Uid: 10126
05-08 08:36:56.706  7436  7501 I XmpUtil : XMP parse: only JPEG file is supported
05-08 08:36:56.713  1349 11587 I MediaProvider: Open with lower FS for /storage/emulated/0/screen_2025-04-22_154629.png. Uid: 10126
05-08 08:36:56.722  7436  7501 I XmpUtil : XMP parse: only JPEG file is supported
05-08 08:36:56.729  1349 11587 I MediaProvider: Open with lower FS for /storage/emulated/0/screen_2025-04-22_154634.png. Uid: 10126
05-08 08:36:56.737  7436  7501 I XmpUtil : XMP parse: only JPEG file is supported
05-08 08:36:56.746  1349 11587 I MediaProvider: Open with lower FS for /storage/emulated/0/screen_2025-04-22_154635.png. Uid: 10126
05-08 08:36:56.756  7436  7501 I XmpUtil : XMP parse: only JPEG file is supported
05-08 08:36:56.764  1349 11587 I MediaProvider: Open with lower FS for /storage/emulated/0/screen_2025-04-22_154640.png. Uid: 10126
05-08 08:36:56.772  7436  7501 I XmpUtil : XMP parse: only JPEG file is supported
05-08 08:36:56.782  1349 11587 I MediaProvider: Open with lower FS for /storage/emulated/0/screen_2025-04-22_154646.png. Uid: 10126
05-08 08:36:56.862  1172   762 I NearbyMediums: No BLE Fast/GATT advertisements found in the latest cycle.
05-08 08:36:57.220  1349  1683 W MediaProvider: isAppCloneUserPair for user 0: false
05-08 08:36:57.256   176   176 I hwservicemanager: getTransport: Cannot find entry android.hardware.graphics.mapper@4.0::IMapper/default in either framework or device VINTF manifest.
05-08 08:36:57.256  5693  5707 I Gralloc4: mapper 4.x is not supported
05-08 08:36:57.374  1349  1860 I MediaProvider: Begin Intent { act=android.intent.action.MEDIA_SCANNER_SCAN_FILE dat=file:///sdcard/screen_2025-05-08_163657.png flg=0x1400010 cmp=com.google.android.providers.media.module/com.android.providers.media.MediaService }
05-08 08:36:57.383  1349  1860 I MediaProvider: End Intent { act=android.intent.action.MEDIA_SCANNER_SCAN_FILE dat=file:///sdcard/screen_2025-05-08_163657.png flg=0x1400010 cmp=com.google.android.providers.media.module/com.android.providers.media.MediaService }
05-08 08:36:57.455  1349  7520 I MediaProvider: Deleted 0 1 0 0 0 0 0 items on external_primary due to com.android.shell
05-08 08:36:57.456  1172  2228 I UriTaskContentObserver: (REDACTED) Throttling content uri change event for %s
05-08 08:36:58.499  4670  4670 I cr_A11yState: Enabled accessibility services: [io.github.ylimit.droidbotapp/io.github.privacystreams.accessibility.PSAccessibilityService, null]
05-08 08:36:58.500  4670  4670 I cr_A11yState: Running accessibility services: [io.github.ylimit.droidbotapp/io.github.privacystreams.accessibility.PSAccessibilityService]
05-08 08:36:58.500  4670  4670 I cr_A11yState: Will check again after 4000 milliseconds.
05-08 08:36:58.744  4670  4670 W microsoft.todo: Accessing hidden method Landroid/view/MotionEvent;->getHistoricalEventTimeNano(I)J (max-target-o, reflection, denied)
05-08 08:36:59.572  4670  4670 I AssistStructure: Flattened final assist data: 2676 bytes, containing 1 windows, 9 views
05-08 08:36:59.638   538   704 I AssistStructure: Flattened final assist data: 2628 bytes, containing 1 windows, 9 views
05-08 08:36:59.753  1172  5802 I PasswordSaveInfoFactory: Form is missing passwords. [CONTEXT service_id=177 ]
05-08 08:36:59.809  1412 25900 I SyncManager: (REDACTED) Executing sync(type=%s%s)
05-08 08:36:59.828  1412 25900 I SyncManager: (REDACTED) Executing sync(type=%s) finished in %s
05-08 08:36:59.842  1412 25900 I SyncManager: (REDACTED) Executing sync(type=%s%s)
05-08 08:36:59.853  1412 25900 I SyncManager: (REDACTED) Executing sync(type=%s) finished in %s
05-08 08:36:59.870  1873  2938 I OpenGLRenderer: Davey! duration=19235ms; Flags=1, FrameTimelineVsyncId=40188, IntendedVsync=1113406573270, Vsync=1113406573270, InputEventId=0, HandleInputStart=1113414856100, AnimationStart=1113414874900, PerformTraversalsStart=1113414943500, DrawStart=1113567103700, FrameDeadline=1113439906602, FrameInterval=1113414837000, FrameStartTime=16666666, SyncQueued=1113568337300, SyncStart=1113583682800, IssueDrawCommandsStart=1113585022100, SwapBuffers=1113586184400, FrameCompleted=1132657092800, DequeueBufferDuration=16200, QueueBufferDuration=713200, GpuCompleted=1132657092800, SwapBuffersCompleted=1113594819900, DisplayPresentTime=0, 
05-08 08:37:00.184  1349  1683 W MediaProvider: isAppCloneUserPair for user 0: false
05-08 08:37:00.211   176   176 I hwservicemanager: getTransport: Cannot find entry android.hardware.graphics.mapper@4.0::IMapper/default in either framework or device VINTF manifest.
05-08 08:37:00.211  5834  5836 I Gralloc4: mapper 4.x is not supported
05-08 08:37:00.360  1349  1860 I MediaProvider: Begin Intent { act=android.intent.action.MEDIA_SCANNER_SCAN_FILE dat=file:///sdcard/screen_2025-05-08_163700.png flg=0x1400010 cmp=com.google.android.providers.media.module/com.android.providers.media.MediaService }
05-08 08:37:00.381  1349  1860 I MediaProvider: End Intent { act=android.intent.action.MEDIA_SCANNER_SCAN_FILE dat=file:///sdcard/screen_2025-05-08_163700.png flg=0x1400010 cmp=com.google.android.providers.media.module/com.android.providers.media.MediaService }
05-08 08:37:00.472  1349  7520 I MediaProvider: Deleted 0 1 0 0 0 0 0 items on external_primary due to com.android.shell
05-08 08:37:00.472  1172  2228 I UriTaskContentObserver: (REDACTED) Throttling content uri change event for %s
