05-08 08:36:33.423   538   592 W BroadcastQueue: Background execution not allowed: receiving Intent { act=android.intent.action.PACKAGE_REMOVED dat=package:com.microsoft.todos flg=0x4000010 (has extras) } to com.google.android.gms/.games.chimera.GamesSystemBroadcastReceiverProxy
05-08 08:36:33.423   538   592 W BroadcastQueue: Background execution not allowed: receiving Intent { act=android.intent.action.PACKAGE_REMOVED dat=package:com.microsoft.todos flg=0x4000010 (has extras) } to com.google.android.googlequicksearchbox/com.google.android.apps.gsa.googlequicksearchbox.GelStubAppWatcher
05-08 08:36:33.442  1349  1349 I MediaProvider: Invalidating LocalCallingIdentity cache for package com.microsoft.todos. Reason: package android.intent.action.PACKAGE_REMOVED
05-08 08:36:33.512  2885  2885 I Finsky  : [2] ackw.g(1): ackw - Received: android.intent.action.PACKAGE_REMOVED, [h91YMXS_ZJjo4fPIs1KQFmSRP5x6Dszp9vpaF0SJfVw]
05-08 08:36:33.522  2885  3765 I Finsky  : [430] azlj.e(39): SCH: Received scheduling request: Id: 12-1, Constraints: [{ L: 15000, D: 86400000, C: CHARGING_NONE, I: IDLE_NONE, N: NET_ANY, B: BATTERY_ANY }]
05-08 08:36:33.525  2885  2885 I Finsky  : [2] mzk.f(7): AIM: AppInfoCacheUpdater -> invalidating apps: [com.microsoft.todos]
05-08 08:36:33.525  2885  2885 I Finsky  : [2] mzy.c(19): AIM: AppInfoManager-Perf > getApps > called for 1 apps
05-08 08:36:33.537  2981  2981 I Finsky:background: [2] wnk.d(65): IQ: onPackageRemoved com.microsoft.todos, replacing=true, uninstallingFromPlay=false
05-08 08:36:33.542  2885  2931 I Finsky  : [76] nbh.a(47): AIM: AppInfoManager-Perf > OnDeviceAppInfo > cacheHitCount=0, cacheMissCount=1. Missed  in cache (limit 10) : [com.microsoft.todos]
05-08 08:36:33.543  2981  3769 I Finsky:background: [147] vfw.accept(143): IQ: handled package removed
05-08 08:36:33.546  2885  2917 I Finsky  : [62] mef.apply(1136): AIM: Got app ownership map. App counts: 1. Unique apps: 1
05-08 08:36:33.556  1349  1349 I MediaProvider: Invalidating LocalCallingIdentity cache for package com.microsoft.todos. Reason: package android.intent.action.PACKAGE_ADDED
05-08 08:36:33.566  2885  2922 E Finsky  : [67] aisy.D(47): [Counters] attempted to use a non-positive increment for: 4753
05-08 08:36:33.598   538   591 E system_server: No package ID 7f found for ID 0x7f08018e.
05-08 08:36:33.598   538   591 E system_server: No package ID 7f found for ID 0x7f11059d.
05-08 08:36:33.598   538   591 E system_server: No package ID 7f found for ID 0x7f11059d.
05-08 08:36:33.598   538   591 E system_server: No package ID 7f found for ID 0x7f110559.
05-08 08:36:33.598   538   591 E system_server: No package ID 7f found for ID 0x7f080101.
05-08 08:36:33.598   538   591 E system_server: No package ID 7f found for ID 0x7f11059c.
05-08 08:36:33.598   538   591 E system_server: No package ID 7f found for ID 0x7f11059c.
05-08 08:36:33.598   538   591 E system_server: No package ID 7f found for ID 0x7f1103bc.
05-08 08:36:33.606  2981  2989 I ding:backgroun: Background young concurrent copying GC freed 1545(303KB) AllocSpace objects, 2(136KB) LOS objects, 2% free, 8301KB/8502KB, paused 1.187ms,110us total 112.534ms
05-08 08:36:33.614   538   666 I InputReader: Reconfiguring input devices, changes=KEYBOARD_LAYOUTS | 
05-08 08:36:33.615   538   666 I InputReader: Reconfiguring input devices, changes=KEYBOARD_LAYOUTS | 
05-08 08:36:33.637  2885  2922 I Finsky  : [67] nbc.a(218): AIM: AppInfoManager-Perf > ItemModel > CacheSize=27, cacheHitCount=0, cacheMissCount=1, total appsWithNoServerDataCount=0. Missed  in cache (limit 10) : [com.microsoft.todos]
05-08 08:36:33.640  2885  2922 I Finsky  : [67] nbg.n(19): AIM: AppInfoManager-Perf > ItemModel > ItemStore Called 1 apps cacheOptions = REFRESH_LOCAL_CACHE
05-08 08:36:33.641  2885  2922 I Finsky  : [67] nbc.a(1141): AIM: ItemModel fetch - unauth(0), auth([0HuC5x-jX_4QBMLKvxR-TmPmEJWgz63BdP58ch2L0hw]->1)
05-08 08:36:33.643   538   592 W BroadcastQueue: Background execution not allowed: receiving Intent { act=android.intent.action.PACKAGE_ADDED dat=package:com.microsoft.todos flg=0x4000010 (has extras) } to com.google.android.packageinstaller/com.android.packageinstaller.PackageInstalledReceiver
05-08 08:36:33.643  1346  1346 I GsaVoiceInteractionSrv: O received Intent { act=android.intent.action.PACKAGE_ADDED dat=package:com.microsoft.todos flg=0x4000010 (has extras) }
05-08 08:36:33.645  2885  2931 I Finsky  : [76] xsi.apply(550): ItemStore: Missing some fields: com.microsoft.todos, 6
05-08 08:36:33.647  2981  2981 I Finsky:background: [2] ackm.g(6): ackm - Received: android.intent.action.PACKAGE_ADDED, [h91YMXS_ZJjo4fPIs1KQFmSRP5x6Dszp9vpaF0SJfVw]
05-08 08:36:33.671  2885  2885 I Finsky  : [2] ackw.g(1): ackw - Received: android.intent.action.PACKAGE_ADDED, [h91YMXS_ZJjo4fPIs1KQFmSRP5x6Dszp9vpaF0SJfVw]
05-08 08:36:33.695  1533  1563 I earchbox:searc: Background concurrent copying GC freed 19227(1429KB) AllocSpace objects, 10(224KB) LOS objects, 49% free, 16MB/32MB, paused 393us,102us total 320.401ms
05-08 08:36:33.712  2981  4646 I Finsky:background: [177] rph.accept(118): Wrote row to frosting DB: 350
05-08 08:36:33.716  2885  2922 I Finsky  : [67] nbh.a(47): AIM: AppInfoManager-Perf > OnDeviceAppInfo > cacheHitCount=1, cacheMissCount=0. Missed  in cache (limit 10) : []
05-08 08:36:33.716  2885  2922 I Finsky  : [67] mef.apply(1136): AIM: Got app ownership map. App counts: . Unique apps: 0
05-08 08:36:33.716  2885  2922 E Finsky  : [67] aisy.D(47): [Counters] attempted to use a non-positive increment for: 4752
05-08 08:36:33.717  2885  2922 E Finsky  : [67] aisy.D(47): [Counters] attempted to use a non-positive increment for: 4753
05-08 08:36:33.719  2885  3765 I Finsky  : [430] azlj.e(39): SCH: Received scheduling request: Id: 12-1, Constraints: [{ L: 15000, D: 86400000, C: CHARGING_NONE, I: IDLE_NONE, N: NET_ANY, B: BATTERY_ANY }]
05-08 08:36:33.719   764   785 I ndroid.systemu: Background concurrent copying GC freed 136083(5618KB) AllocSpace objects, 2(40KB) LOS objects, 49% free, 12MB/25MB, paused 612us,57us total 325.870ms
05-08 08:36:33.727  2885  2917 I Finsky  : [62] nbc.a(218): AIM: AppInfoManager-Perf > ItemModel > CacheSize=27, cacheHitCount=0, cacheMissCount=1, total appsWithNoServerDataCount=0. Missed  in cache (limit 10) : [com.microsoft.todos]
05-08 08:36:33.728  2885  2917 I Finsky  : [62] nbg.n(19): AIM: AppInfoManager-Perf > ItemModel > ItemStore Called 1 apps cacheOptions = USE_CACHE
05-08 08:36:33.730  2885  2931 I Finsky  : [76] xsi.apply(550): ItemStore: Missing some fields: com.microsoft.todos, 6
05-08 08:36:33.732  2885  2917 I Finsky  : [62] nbc.a(1141): AIM: ItemModel fetch - unauth(0), auth([0HuC5x-jX_4QBMLKvxR-TmPmEJWgz63BdP58ch2L0hw]->1)
05-08 08:36:33.736  1533  1786 W SearchServiceCore: Abort, client detached.
05-08 08:36:33.738  2981  4646 I Finsky:background: [177] rph.accept(118): Wrote row to frosting DB: 351
05-08 08:36:33.757  2981  2989 I ding:backgroun: Background concurrent copying GC freed 30257(1531KB) AllocSpace objects, 11(1856KB) LOS objects, 49% free, 5161KB/10MB, paused 472us,91us total 151.016ms
05-08 08:36:33.760  2981  4646 I Finsky:background: [177] rph.accept(118): Wrote row to frosting DB: 352
05-08 08:36:33.766  2885  2885 I Finsky  : [2] wqm.jr(11): DTU: Received onPackageAdded, replacing: true
05-08 08:36:33.804   538   592 W BroadcastQueue: Background execution not allowed: receiving Intent { act=android.intent.action.PACKAGE_ADDED dat=package:com.microsoft.todos flg=0x4000010 (has extras) } to com.android.vending/com.google.android.finsky.packagemonitor.impl.PackageMonitorReceiverImpl$RegisteredReceiver
05-08 08:36:33.804  2981  2981 I Finsky:background: [2] ackm.g(6): ackm - Received: android.intent.action.PACKAGE_ADDED, [h91YMXS_ZJjo4fPIs1KQFmSRP5x6Dszp9vpaF0SJfVw]
05-08 08:36:33.808   764   787 W System  : A resource failed to call close. 
05-08 08:36:33.808   764   787 W System  : A resource failed to call close. 
05-08 08:36:33.808   538   538 W Looper  : Slow dispatch took 394ms main h=android.app.ActivityThread$H c=android.app.LoadedApk$ReceiverDispatcher$Args$$ExternalSyntheticLambda0@9041b6c m=0
05-08 08:36:33.808   764   787 W System  : A resource failed to call release. 
05-08 08:36:33.813   764   787 W System  : A resource failed to call close. 
05-08 08:36:33.814   764   787 W System  : A resource failed to call release. 
05-08 08:36:33.823  2981  2981 I Finsky:background: [2] ackm.g(6): ackm - Deduping intent android.intent.action.PACKAGE_ADDED
05-08 08:36:33.836  2885  2885 I Finsky  : [2] mzk.f(7): AIM: AppInfoCacheUpdater -> invalidating apps: [com.microsoft.todos]
05-08 08:36:33.837  2885  2885 I Finsky  : [2] mzy.c(19): AIM: AppInfoManager-Perf > getApps > called for 1 apps
05-08 08:36:33.839  2885  2931 I Finsky  : [76] nbh.a(47): AIM: AppInfoManager-Perf > OnDeviceAppInfo > cacheHitCount=0, cacheMissCount=1. Missed  in cache (limit 10) : [com.microsoft.todos]
05-08 08:36:33.840  2885  2930 I Finsky  : [75] mef.apply(1136): AIM: Got app ownership map. App counts: 1. Unique apps: 1
05-08 08:36:33.840  2885  2917 E Finsky  : [62] aisy.D(47): [Counters] attempted to use a non-positive increment for: 4753
05-08 08:36:33.852   538   538 W Looper  : Slow delivery took 407ms main h=android.app.ActivityThread$H c=android.app.LoadedApk$ReceiverDispatcher$Args$$ExternalSyntheticLambda0@201f017 m=0
05-08 08:36:33.858  2885  2885 I Finsky  : [2] ackw.g(1): ackw - Received: android.intent.action.PACKAGE_ADDED, [h91YMXS_ZJjo4fPIs1KQFmSRP5x6Dszp9vpaF0SJfVw]
05-08 08:36:33.863  2885  2885 I Finsky  : [2] ackw.g(1): ackw - Deduping intent android.intent.action.PACKAGE_ADDED
05-08 08:36:33.866  2885  2917 I Finsky  : [62] nbc.a(218): AIM: AppInfoManager-Perf > ItemModel > CacheSize=27, cacheHitCount=0, cacheMissCount=1, total appsWithNoServerDataCount=0. Missed  in cache (limit 10) : [com.microsoft.todos]
05-08 08:36:33.866  2885  2917 I Finsky  : [62] nbg.n(19): AIM: AppInfoManager-Perf > ItemModel > ItemStore Called 1 apps cacheOptions = REFRESH_LOCAL_CACHE
05-08 08:36:33.866  2885  2917 I Finsky  : [62] nbc.a(1141): AIM: ItemModel fetch - unauth(0), auth([0HuC5x-jX_4QBMLKvxR-TmPmEJWgz63BdP58ch2L0hw]->1)
05-08 08:36:33.867  2885  2917 I Finsky  : [62] xsi.apply(550): ItemStore: Missing some fields: com.microsoft.todos, 6
05-08 08:36:33.894  1412 25898 E heep    : *~*~*~ Previous channel {0} was garbage collected without being shut down! ~*~*~*
05-08 08:36:33.894  1412 25898 E heep    :     Make sure to call shutdown()/shutdownNow()
05-08 08:36:33.894  1412 25898 E heep    : java.lang.RuntimeException: ManagedChannel allocation site
05-08 08:36:33.894  1412 25898 E heep    : 	at heeo.<init>(:com.google.android.gms@251333032@25.13.33 (190800-745790146):21)
05-08 08:36:33.894  1412 25898 E heep    : 	at heep.<init>(:com.google.android.gms@251333032@25.13.33 (190800-745790146):10)
05-08 08:36:33.894  1412 25898 E heep    : 	at heen.a(:com.google.android.gms@251333032@25.13.33 (190800-745790146):244)
05-08 08:36:33.894  1412 25898 E heep    : 	at hdpo.a(:com.google.android.gms@251333032@25.13.33 (190800-745790146):5)
05-08 08:36:33.894  1412 25898 E heep    : 	at aunb.a(:com.google.android.gms@251333032@25.13.33 (190800-745790146):66)
05-08 08:36:33.894  1412 25898 E heep    : 	at aums.u(:com.google.android.gms@251333032@25.13.33 (190800-745790146):119)
05-08 08:36:33.894  1412 25898 E heep    : 	at aums.e(:com.google.android.gms@251333032@25.13.33 (190800-745790146):5)
05-08 08:36:33.894  1412 25898 E heep    : 	at eaks.a(:com.google.android.gms@251333032@25.13.33 (190800-745790146):45)
05-08 08:36:33.894  1412 25898 E heep    : 	at eajx.c(:com.google.android.gms@251333032@25.13.33 (190800-745790146):16)
05-08 08:36:33.894  1412 25898 E heep    : 	at eajx.a(:com.google.android.gms@251333032@25.13.33 (190800-745790146):3)
05-08 08:36:33.894  1412 25898 E heep    : 	at apop.run(:com.google.android.gms@251333032@25.13.33 (190800-745790146):5)
05-08 08:36:33.894  1412 25898 E heep    : 	at ausj.c(:com.google.android.gms@251333032@25.13.33 (190800-745790146):50)
05-08 08:36:33.894  1412 25898 E heep    : 	at ausj.run(:com.google.android.gms@251333032@25.13.33 (190800-745790146):70)
05-08 08:36:33.894  1412 25898 E heep    : 	at java.util.concurrent.ThreadPoolExecutor.runWorker(ThreadPoolExecutor.java:1167)
05-08 08:36:33.894  1412 25898 E heep    : 	at java.util.concurrent.ThreadPoolExecutor$Worker.run(ThreadPoolExecutor.java:641)
05-08 08:36:33.894  1412 25898 E heep    : 	at auxx.run(:com.google.android.gms@251333032@25.13.33 (190800-745790146):8)
05-08 08:36:33.894  1412 25898 E heep    : 	at java.lang.Thread.run(Thread.java:920)
05-08 08:36:33.914   538   552 I system_server: Background concurrent copying GC freed 304368(17MB) AllocSpace objects, 81(2964KB) LOS objects, 49% free, 24MB/48MB, paused 14.951ms,979us total 519.810ms
05-08 08:36:33.935  1412  1431 W gle.android.gm: Suspending all threads took: 6.651ms
05-08 08:36:33.973  2885  2885 I Finsky  : [2] wqb.b(9): Disconnecting Listener to InstallQueue updates...
05-08 08:36:33.980   538   554 W System  : A resource failed to call release. 
05-08 08:36:33.988   538   592 W BroadcastQueue: Background execution not allowed: receiving Intent { act=android.intent.action.PACKAGE_ADDED dat=package:com.microsoft.todos flg=0x4000010 (has extras) } to com.android.vending/com.google.android.finsky.packagemonitor.backgroundimpl.BackgroundPackageMonitorReceiverImpl$RegisteredReceiver
05-08 08:36:33.988  1346  1346 I GsaVoiceInteractionSrv: O received Intent { act=android.intent.action.PACKAGE_REPLACED dat=package:com.microsoft.todos flg=0x4000010 (has extras) }
05-08 08:36:33.988   538   592 W BroadcastQueue: Background execution not allowed: receiving Intent { act=android.intent.action.PACKAGE_ADDED dat=package:com.microsoft.todos flg=0x4000010 (has extras) } to com.google.android.gms/.chimera.GmsIntentOperationService$PersistentTrustedReceiver
05-08 08:36:33.988   538   592 W BroadcastQueue: Background execution not allowed: receiving Intent { act=android.intent.action.PACKAGE_ADDED dat=package:com.microsoft.todos flg=0x4000010 (has extras) } to com.google.android.gms/.games.chimera.GamesSystemBroadcastReceiverProxy
05-08 08:36:33.988   538   592 W BroadcastQueue: Background execution not allowed: receiving Intent { act=android.intent.action.PACKAGE_ADDED dat=package:com.microsoft.todos flg=0x4000010 (has extras) } to com.google.android.gms/.gass.chimera.PackageChangeBroadcastReceiver
05-08 08:36:33.988   538   592 W BroadcastQueue: Background execution not allowed: receiving Intent { act=android.intent.action.PACKAGE_ADDED dat=package:com.microsoft.todos flg=0x4000010 (has extras) } to com.google.android.googlequicksearchbox/com.google.android.apps.gsa.googlequicksearchbox.GelStubAppWatcher
05-08 08:36:33.989  1412  1431 I gle.android.gm: Background concurrent copying GC freed 22009(1175KB) AllocSpace objects, 4(208KB) LOS objects, 49% free, 23MB/47MB, paused 603us,6.913ms total 612.342ms
05-08 08:36:34.005   538  1849 W InputManager-JNI: Input channel object '9a5de4a com.android.vending/com.google.android.finsky.playcoreacquisition.PlayCoreAcquisitionActivity (client)' was disposed without first being removed with the input manager!
05-08 08:36:34.021  2885  2885 I Finsky  : [2] wri.onReceive(42): DTU: Received SS finishIntent
05-08 08:36:34.023   538   583 W ActivityTaskManager: Can't find TaskDisplayArea to determine support for multi window. Task id=23 attached=false
05-08 08:36:34.023   538   583 W ActivityTaskManager: Can't find TaskDisplayArea to determine support for multi window. Task id=23 attached=false
05-08 08:36:34.024  2885  2922 E Finsky  : [67] aisy.D(47): [Counters] attempted to use a non-positive increment for: 4751
05-08 08:36:34.030  2885  2917 E Finsky  : [62] aisy.D(47): [Counters] attempted to use a non-positive increment for: 4751
05-08 08:36:34.031  2885  2922 I Finsky  : [67] lwo.accept(133): AIM: AppInfoManager-Perf > getApps > data collection finished
05-08 08:36:34.031  2885  2922 I Finsky  : [67] naa.run(909): AIM: AppInfoManager-Perf > maybeDestroyAppInfoManager is called. actives = 1
05-08 08:36:34.032   538   666 I InputReader: Reconfiguring input devices, changes=KEYBOARD_LAYOUTS | 
05-08 08:36:34.032  2885  2930 E Finsky  : [75] aisy.D(47): [Counters] attempted to use a non-positive increment for: 4751
05-08 08:36:34.033  2885  2930 I Finsky  : [75] lwo.accept(133): AIM: AppInfoManager-Perf > getApps > data collection finished
05-08 08:36:34.033  2885  2930 I Finsky  : [75] naa.run(909): AIM: AppInfoManager-Perf > maybeDestroyAppInfoManager is called. actives = 0
05-08 08:36:34.038  1412  2067 W Conscrypt: Could not set socket write timeout: java.net.SocketException: Socket closed
05-08 08:36:34.040  1412  2067 W Conscrypt: 	at com.google.android.gms.org.conscrypt.Platform.setSocketWriteTimeout(:com.google.android.gms@251333032@25.13.33 (190800-745790146):204)
05-08 08:36:34.040  1412  2067 W Conscrypt: 	at com.google.android.gms.org.conscrypt.ConscryptFileDescriptorSocket.setSoWriteTimeout(:com.google.android.gms@251333032@25.13.33 (190800-745790146):4)
05-08 08:36:34.052   538   614 E VerityUtils: Failed to measure fs-verity, errno 1: /data/app/~~DnC0Usg31AuF8rhV6PRV2Q==/com.microsoft.todos-c50Vn0gzp_nP4-xUuzyyAg==/base.apk
05-08 08:36:34.060  2885  2885 I Finsky  : [2] wri.onReceive(80): Activity alive for 6883 ms
05-08 08:36:34.064  2885  2885 I Finsky  : [2] ackw.g(1): ackw - Received: android.intent.action.PACKAGE_ADDED, [h91YMXS_ZJjo4fPIs1KQFmSRP5x6Dszp9vpaF0SJfVw]
05-08 08:36:34.068  2885  2885 I Finsky  : [2] ackw.g(1): ackw - Deduping intent android.intent.action.PACKAGE_ADDED
05-08 08:36:34.071  2885  2907 I Finsky  : [52] mjh.g(167): RECEIVER_PACKAGE_MONITOR#logWorkEndAndFinishGoAsync: SUCCESS
05-08 08:36:34.073  1533  1786 W SearchServiceCore: Abort, client detached.
05-08 08:36:34.074  2885  2885 I Finsky  : [2] UpdateSplashScreenActivity.w(30): DTU: Restart intent sent.
05-08 08:36:34.077   538   704 I ActivityTaskManager: START u0 {act=android.intent.action.MAIN cat=[android.intent.category.LAUNCHER] flg=0x10000000 pkg=com.microsoft.todos cmp=com.microsoft.todos/.ui.LaunchActivity} from uid 10103
05-08 08:36:34.085   538   704 W ActivityTaskManager: Can't find TaskDisplayArea to determine support for multi window. Task id=25 attached=false
05-08 08:36:34.086  2981  4646 I Finsky:background: [177] rph.accept(118): Wrote row to frosting DB: 353
05-08 08:36:34.092   538   551 I system_server: JIT allocated 98KB for compiled code of boolean android.app.admin.IDevicePolicyManager$Stub.onTransact(int, android.os.Parcel, android.os.Parcel, int)
05-08 08:36:34.093   538   551 I system_server: Compiler allocated 5105KB to compile boolean android.app.admin.IDevicePolicyManager$Stub.onTransact(int, android.os.Parcel, android.os.Parcel, int)
05-08 08:36:34.107   538   538 W Looper  : Slow dispatch took 250ms main h=android.app.ActivityThread$H c=android.app.LoadedApk$ReceiverDispatcher$Args$$ExternalSyntheticLambda0@ff141b7 m=0
05-08 08:36:34.117   538   593 I ActivityManager: Start proc 4670:com.microsoft.todos/u0a185 for pre-top-activity {com.microsoft.todos/com.microsoft.todos.ui.LaunchActivity}
05-08 08:36:34.118  4670  4670 W microsoft.todo: Unexpected CPU variant for X86 using defaults: x86_64
05-08 08:36:34.120  2981  4646 I Finsky:background: [177] rph.accept(118): Wrote row to frosting DB: 354
05-08 08:36:34.120  4670  4670 E microsoft.todo: Not starting debugger since process cannot load the jdwp agent.
05-08 08:36:34.145   538   538 I Telecom : CarModeTracker: Package com.microsoft.todos is not tracked.: SSH.oR@AOE
05-08 08:36:34.198  2981  2981 I Finsky:background: [2] ackm.g(6): ackm - Received: android.intent.action.PACKAGE_ADDED, [h91YMXS_ZJjo4fPIs1KQFmSRP5x6Dszp9vpaF0SJfVw]
05-08 08:36:34.209  4670  4670 I MAMInfo : MAMInfo initialized. Debug=false, Agent=PRODUCTION, ManagedDialogDisabled=false, PolicyRequired=false, MultiIdentityEnabled=true, FullBackupContent=true, DataExtractionRules=true, UseDefaultEnrollment=false, ExceptionOnInit=false, Debuggable=false, IsolatedProcessesAllowed=false
05-08 08:36:34.210   538   538 I Telecom : InCallController: updateCarModeForConnections: car mode apps: : SSH.oR@AOE
05-08 08:36:34.211  2885  2885 I Finsky  : [2] wqb.b(9): Disconnecting Listener to InstallQueue updates...
05-08 08:36:34.212   538   656 I RoleService: Granting default roles...
05-08 08:36:34.220  4670  4670 I MultiDex: VM with version 2.1.0 has multidex support
05-08 08:36:34.220  4670  4670 I MultiDex: Installing application
05-08 08:36:34.220  4670  4670 I MultiDex: VM has multidex support, MultiDex support library is disabled.
05-08 08:36:34.235  4670  4670 I FirebaseInitProvider: FirebaseApp initialization successful
05-08 08:36:34.286  2981  2981 I Finsky:background: [2] ackm.g(6): ackm - Deduping intent android.intent.action.PACKAGE_ADDED
05-08 08:36:34.287  2981  3014 I Finsky:background: [62] mjh.g(167): RECEIVER_PACKAGE_MONITOR_BACKGROUND#logWorkEndAndFinishGoAsync: SUCCESS
05-08 08:36:34.303  2981  4646 I Finsky:background: [177] rph.accept(118): Wrote row to frosting DB: 355
05-08 08:36:34.325  2885  2930 I Finsky  : [75] sdg.accept(58): SCH: Scheduling phonesky job Id: 12-1, CT: 1746693393522, Constraints: [{ L: 15000, D: 86400000, C: CHARGING_NONE, I: IDLE_NONE, N: NET_ANY, B: BATTERY_ANY }]
05-08 08:36:34.344  2885  2931 I Finsky  : [76] nev.apply(251): SCH: Scheduling 1 system job(s)
05-08 08:36:34.344  2885  2931 I Finsky  : [76] ahth.b(244): SCH: Scheduling system job Id: 9582, L: 14178, D: 53976585, C: false, I: false, N: 1
05-08 08:36:34.351   538   538 W Looper  : Slow dispatch took 135ms main h=com.android.server.job.JobSchedulerService$JobHandler c=null m=4
05-08 08:36:34.356  1349  1683 W MediaProvider: isAppCloneUserPair for user 0: false
05-08 08:36:34.373   538   538 I Telecom : DefaultDialerCache: Refreshing default dialer for user 0: now com.android.dialer: DDC.oR@AOI
05-08 08:36:34.415   538   922 W BroadcastQueue: Background execution not allowed: receiving Intent { act=android.intent.action.PACKAGE_REPLACED dat=package:com.microsoft.todos flg=0x4000010 (has extras) } to com.google.android.apps.photos/.account.full.FetchAccountPropertiesAppUpgradeBroadcastReceiver
05-08 08:36:34.417   538   592 W BroadcastQueue: Background execution not allowed: receiving Intent { act=android.intent.action.PACKAGE_REPLACED dat=package:com.microsoft.todos flg=0x4000010 (has extras) } to com.google.android.apps.photos/.account.full.SyncAccountsForLoginBroadcastReceiver
05-08 08:36:34.417   538   592 W BroadcastQueue: Background execution not allowed: receiving Intent { act=android.intent.action.PACKAGE_REPLACED dat=package:com.microsoft.todos flg=0x4000010 (has extras) } to com.google.android.apps.photos/.notificationchannels.AppUpdateBroadcastReceiver
05-08 08:36:34.417   538   592 W BroadcastQueue: Background execution not allowed: receiving Intent { act=android.intent.action.PACKAGE_REPLACED dat=package:com.microsoft.todos flg=0x4000010 (has extras) } to com.google.android.gms/.chimera.GmsIntentOperationService$PersistentTrustedReceiver
05-08 08:36:34.417   538   592 W BroadcastQueue: Background execution not allowed: receiving Intent { act=android.intent.action.PACKAGE_REPLACED dat=package:com.microsoft.todos flg=0x4000010 (has extras) } to com.google.android.gms/.gass.chimera.PackageChangeBroadcastReceiver
05-08 08:36:34.417   538   592 W BroadcastQueue: Background execution not allowed: receiving Intent { act=android.intent.action.PACKAGE_REPLACED dat=package:com.microsoft.todos flg=0x4000010 (has extras) } to com.google.android.googlequicksearchbox/com.google.android.apps.gsa.googlequicksearchbox.GelStubAppWatcher
05-08 08:36:34.426  2885  2885 I Finsky  : [2] zyr.onTrimMemory(11): Memory trim requested to level 20
05-08 08:36:34.426  2885  2885 I Finsky  : [2] aegl.accept(139): Flushing in-memory image cache
05-08 08:36:34.430   176   176 I hwservicemanager: getTransport: Cannot find entry android.hardware.graphics.mapper@4.0::IMapper/default in either framework or device VINTF manifest.
05-08 08:36:34.434  4694  4711 I Gralloc4: mapper 4.x is not supported
05-08 08:36:34.493  2885  2915 I Finsky  : [60] pcj.kh(37): [ContentSync] finished, scheduled=true
05-08 08:36:34.523  1172  4713 I Fitness : (REDACTED) FitCleanupIntentOperation received Intent %s
05-08 08:36:34.541   538   538 W Looper  : Drained
05-08 08:36:34.625  4670  4670 I WidgetProvider: updateWidget all widgets
05-08 08:36:34.671  1734  8107 I PermissionControllerServiceImpl: Updating user sensitive for uid 10185
05-08 08:36:34.673  4670  4738 I WidgetProvider: updateWidget all widgets
05-08 08:36:34.682  1734  4731 W Role    : Cannot get ApplicationInfo for default holder: com.google.android.contacts
05-08 08:36:34.693  1734  4731 W Role    : Cannot get ApplicationInfo for default holder: com.google.android.as
05-08 08:36:34.743  1412  2067 W Conscrypt: Could not set socket write timeout: java.net.SocketException: Socket closed
05-08 08:36:34.743  1412  2067 W Conscrypt: 	at com.google.android.gms.org.conscrypt.Platform.setSocketWriteTimeout(:com.google.android.gms@251333032@25.13.33 (190800-745790146):204)
05-08 08:36:34.743  1412  2067 W Conscrypt: 	at com.google.android.gms.org.conscrypt.ConscryptFileDescriptorSocket.setSoWriteTimeout(:com.google.android.gms@251333032@25.13.33 (190800-745790146):4)
05-08 08:36:34.744   538   614 E VerityUtils: Failed to measure fs-verity, errno 1: /data/app/~~DnC0Usg31AuF8rhV6PRV2Q==/com.microsoft.todos-c50Vn0gzp_nP4-xUuzyyAg==/base.apk
05-08 08:36:34.758  1412  4637 I Auth    : (REDACTED) [SupervisedAccountIntentOperationV2] onHandleIntent: %s
05-08 08:36:34.780  2885  2922 I Finsky  : [67] sdg.accept(58): SCH: Scheduling phonesky job Id: 12-1, CT: 1746693393719, Constraints: [{ L: 15000, D: 86400000, C: CHARGING_NONE, I: IDLE_NONE, N: NET_ANY, B: BATTERY_ANY }]
05-08 08:36:34.809  2885  2931 I Finsky  : [76] nev.apply(251): SCH: Scheduling 0 system job(s)
05-08 08:36:34.810  2885  2931 I Finsky  : [76] pcj.kh(37): [ContentSync] finished, scheduled=true
05-08 08:36:34.811  4670  4747 I com.microsoft.tokenshare.RemoteTokenShareConfiguration_v1.7.1: loadConfiguration: loaded from cache
05-08 08:36:34.812  4670  4747 I OneAuthLog: [OneAuth:0001:Info:4wg2j:00000000] TSL Info: { name:FetchRemoteConfigurations, resultType:Success, resultCode:None, duration:183ms } 
05-08 08:36:34.815  4670  4747 I OneAuthLog: [OneAuth:0001:Info:4wg2j:00000000] TSL Info: { name:GetRemoteConfigurations, resultType:Success, resultCode:None, duration:0ms } 
05-08 08:36:34.900  1734  4731 W Role    : Cannot get ApplicationInfo for default holder: com.google.android.as
05-08 08:36:34.901  1734  4731 W Role    : Cannot get ApplicationInfo for default holder: com.google.android.as
05-08 08:36:35.069  1412  4755 W SQLiteLog: (28) double-quoted string literal: "com.microsoft.todos"
05-08 08:36:35.071  4670  4670 I PlayCore: UID: [10185]  PID: [4670] AppUpdateService : requestUpdateInfo(com.microsoft.todos)
05-08 08:36:35.073  4670  4772 I PlayCore: UID: [10185]  PID: [4670] AppUpdateService : Initiate binding to the service.
05-08 08:36:35.093  1412 25900 I Icing   : IndexChimeraService.getServiceInterface callingPackage=com.google.android.gms componentName=AppsCorpus serviceId=36
05-08 08:36:35.100  1734  4731 W Role    : Cannot get ApplicationInfo for default holder: com.google.android.as
05-08 08:36:35.106  4670  4670 I WidgetProvider: onReceive received:UPDATE_WIDGET
05-08 08:36:35.106  4670  4670 I PlayCore: UID: [10185]  PID: [4670] AppUpdateService : ServiceConnectionImpl.onServiceConnected(ComponentInfo{com.android.vending/com.google.android.finsky.installservice.DevTriggeredUpdateService})
05-08 08:36:35.107  4670  4772 I PlayCore: UID: [10185]  PID: [4670] AppUpdateService : linkToDeath
05-08 08:36:35.143   176   176 I hwservicemanager: getTransport: Cannot find entry android.hardware.configstore@1.0::ISurfaceFlingerConfigs/default in either framework or device VINTF manifest.
05-08 08:36:35.146  4670  4764 W OpenGLRenderer: Failed to choose config with EGL_SWAP_BEHAVIOR_PRESERVED, retrying without...
05-08 08:36:35.146  4670  4764 W OpenGLRenderer: Failed to initialize 101010-2 format, error = EGL_SUCCESS
05-08 08:36:35.148   538  1849 W ActivityManager: Unable to start service Intent { act=android.service.smartspace.SmartspaceService cmp=com.google.android.as/com.google.android.apps.miphone.aiai.app.AiAiSmartspaceService } U=0: not found
05-08 08:36:35.148   538  1849 W RemoteSmartspaceService: could not bind to Intent { act=android.service.smartspace.SmartspaceService cmp=com.google.android.as/com.google.android.apps.miphone.aiai.app.AiAiSmartspaceService } using flags 67112961
05-08 08:36:35.149   538   538 W ActivityManager: Unbind failed: could not find connection for android.app.LoadedApk$ServiceDispatcher$InnerConnection@9b1b7dc
05-08 08:36:35.158  1734  4731 W Role    : Cannot get ApplicationInfo for default holder: com.google.android.as
05-08 08:36:35.159  1734  4731 W Role    : Cannot get ApplicationInfo for default holder: com.google.android.as
05-08 08:36:35.202  4670  4685 I PlayCore: UID: [10185]  PID: [4670] OnRequestInstallCallback : onRequestInfo
05-08 08:36:35.202  4670  4772 I PlayCore: UID: [10185]  PID: [4670] AppUpdateService : Unbind from service.
05-08 08:36:35.205  1412 25888 I Icing   : IndexChimeraService.getServiceInterface callingPackage=com.google.android.gms componentName=null serviceId=30
05-08 08:36:35.212   365  1004 E HWComposer: getSupportedContentTypes: getSupportedContentTypes failed for display 4619827259835644672: Unsupported (8)
05-08 08:36:35.212   176   176 I hwservicemanager: getTransport: Cannot find entry android.hardware.graphics.mapper@4.0::IMapper/default in either framework or device VINTF manifest.
05-08 08:36:35.213  4670  4764 I Gralloc4: mapper 4.x is not supported
05-08 08:36:35.219   176   176 I hwservicemanager: getTransport: Cannot find entry android.hardware.graphics.allocator@4.0::IAllocator/default in either framework or device VINTF manifest.
05-08 08:36:35.219  1412 25898 I AppLinksAsyncVerifierV2: (REDACTED) Verification result: checking for a statement with source %s, relation delegate_permission/common.handle_all_urls, and target %s --> %b.
05-08 08:36:35.220  4670  4764 W Gralloc4: allocator 4.x is not supported
05-08 08:36:35.220  1412  4636 I AppLinksHostsVerifierV2: (REDACTED) Verification %s complete. Successful hosts: %s. Failed hosts: %s. Error hosts: %s.
05-08 08:36:35.224  1412  4636 I WebApkHostsVerifierV2: (REDACTED) Processing %d input requests
05-08 08:36:35.224  1412  4636 I AppLinksUtilsV1: Legacy cross-profile verification enabled [CONTEXT service_id=244 ]
05-08 08:36:35.225  1412  4636 I WebApkHostsVerifierV2: (REDACTED) Returning %d non-WebAPK requests
05-08 08:36:35.228  1412  2067 I Icing   : Usage reports ok 2, Failed Usage reports 0, indexed 0, rejected 0
05-08 08:36:35.288  1412  2067 I Icing   : Usage reports ok 0, Failed Usage reports 0, indexed 0, rejected 0
05-08 08:36:35.295  1533  1758 I DeviceAppInfoWork: remove existing package for update: com.microsoft.todos
05-08 08:36:35.296  1533  1612 I A       : soft deleting data for DEVICE_INSTALLED_APPS [CONTEXT ratelimit_period="100 MILLISECONDS" ]
05-08 08:36:35.300  1533  4219 I A       : Writing data of size=339 bytes with N=1 keys to Geller corpus DEVICE_INSTALLED_APPS at ts=1746693395299000
05-08 08:36:35.302  1533  1612 I A       : Performing deletion propagation for Geller data.
05-08 08:36:35.306  1412  2067 I Icing   : Indexing com.google.android.gms-apps from com.google.android.gms
05-08 08:36:35.306  1533  1758 I DeviceAppInfoWork: refreshDeviceAppInfoForAccount done.
05-08 08:36:35.307  4670  4670 I WidgetProvider: onReceive received:UPDATE_WIDGET
05-08 08:36:35.317   538   577 I ActivityTaskManager: Displayed com.microsoft.todos/.ui.LaunchActivity: +1s235ms
05-08 08:36:35.325  1533  1787 W DeviceAppInfoWork: missing version info.
05-08 08:36:35.325   538   858 I ActivityTaskManager: START u0 {cmp=com.microsoft.todos/.onboarding.StartActivity (has extras)} from uid 10185
05-08 08:36:35.330  1412  2067 I Icing   : Indexing done com.google.android.gms-apps
05-08 08:36:35.358  1412  2067 I Icing   : Indexing com.google.android.gms-apps from com.google.android.gms
05-08 08:36:35.359  1412  2067 I Icing   : Indexing done com.google.android.gms-apps
05-08 08:36:35.377   538   858 W ActivityTaskManager: Tried to set launchTime (0) < mLastActivityLaunchTime (1107115)
05-08 08:36:35.434  1349  1504 I MediaProvider: Deleted 0 1 0 0 0 0 0 items on external_primary due to com.android.shell
05-08 08:36:35.461  4670  4670 E A       : Error getting routine notif setting; THREAD: main
05-08 08:36:35.471  1349  1860 I MediaProvider: Begin Intent { act=android.intent.action.MEDIA_SCANNER_SCAN_FILE dat=file:///sdcard/screen_2025-05-08_163634.png flg=0x1400010 cmp=com.google.android.providers.media.module/com.android.providers.media.MediaService }
05-08 08:36:35.473  1349  1860 W ModernMediaScanner: Failed to visit /storage/emulated/0/screen_2025-05-08_163634.png: java.nio.file.NoSuchFileException: /storage/emulated/0/screen_2025-05-08_163634.png
05-08 08:36:35.475  1349  1860 I MediaProvider: Scanned external_primary due to REASON_DEMAND, found 0 items in 3ms, 0 inserts 0 updates 0 deletes
05-08 08:36:35.476  1349  1860 I MediaProvider: End Intent { act=android.intent.action.MEDIA_SCANNER_SCAN_FILE dat=file:///sdcard/screen_2025-05-08_163634.png flg=0x1400010 cmp=com.google.android.providers.media.module/com.android.providers.media.MediaService }
05-08 08:36:35.621   538   577 I ActivityTaskManager: Displayed com.microsoft.todos/.onboarding.StartActivity: +292ms
05-08 08:36:35.639   538  1998 W InputManager-JNI: Input channel object '72abcbc Splash Screen com.microsoft.todos (client)' was disposed without first being removed with the input manager!
05-08 08:36:35.655  2885  2885 I Finsky  : [2] wqb.b(9): Disconnecting Listener to InstallQueue updates...
05-08 08:36:35.661   538   751 W InputManager-JNI: Input channel object 'af61530 com.android.vending/com.google.android.finsky.installservice.UpdateSplashScreenActivity (client)' was disposed without first being removed with the input manager!
05-08 08:36:35.691   538   591 W UsageStatsService: Unexpected activity event reported! (com.google.android.apps.nexuslauncher/com.google.android.apps.nexuslauncher.NexusLauncherActivity event : 23 instanceId : 23332741)
05-08 08:36:35.694   538   583 W ActivityTaskManager: Can't find TaskDisplayArea to determine support for multi window. Task id=24 attached=false
05-08 08:36:35.694   538   583 W ActivityTaskManager: Can't find TaskDisplayArea to determine support for multi window. Task id=24 attached=false
05-08 08:36:35.856   538   591 E system_server: No package ID 7f found for ID 0x7f08018e.
05-08 08:36:35.856   538   591 E system_server: No package ID 7f found for ID 0x7f11059d.
05-08 08:36:35.856   538   591 E system_server: No package ID 7f found for ID 0x7f11059d.
05-08 08:36:35.856   538   591 E system_server: No package ID 7f found for ID 0x7f110559.
05-08 08:36:35.856   538   591 E system_server: No package ID 7f found for ID 0x7f080101.
05-08 08:36:35.856   538   591 E system_server: No package ID 7f found for ID 0x7f11059c.
05-08 08:36:35.856   538   591 E system_server: No package ID 7f found for ID 0x7f11059c.
05-08 08:36:35.856   538   591 E system_server: No package ID 7f found for ID 0x7f1103bc.
05-08 08:36:35.860   538   538 I Telecom : DefaultDialerCache: Refreshing default dialer for user 0: now com.android.dialer: DDC.oR@AOM
05-08 08:36:35.869   538   666 I InputReader: Reconfiguring input devices, changes=KEYBOARD_LAYOUTS | 
05-08 08:36:35.880  1734  8107 I PermissionControllerServiceImpl: Updating user sensitive for uid 10185
05-08 08:36:35.911  4670  4812 E OneAuthLog: [OneAuth:0004:Error:96q8r:d53e29bb] Attempting to set a new correlation ID to a thread with an existing correlation ID.
05-08 08:36:35.912  4670  4812 E l       : [OneAuth:0004:Error:96q8r:d53e29bb] Attempting to set a new correlation ID to a thread with an existing correlation ID.; THREAD: Thread-7
05-08 08:36:35.912  4670  4812 E OneAuthLog: [OneAuth:0004:Error:76xma:6d67163c] Setting a non empty transaction.
05-08 08:36:35.912  4670  4812 E l       : [OneAuth:0004:Error:76xma:6d67163c] Setting a non empty transaction.; THREAD: Thread-7
05-08 08:36:36.042   538  1998 W InputManager-JNI: Input channel object '53a5a50 com.microsoft.todos/com.microsoft.todos.ui.LaunchActivity (client)' was disposed without first being removed with the input manager!
05-08 08:36:36.098  1349  1683 W MediaProvider: isAppCloneUserPair for user 0: false
05-08 08:36:36.132   176   176 I hwservicemanager: getTransport: Cannot find entry android.hardware.graphics.mapper@4.0::IMapper/default in either framework or device VINTF manifest.
05-08 08:36:36.132  4859  4864 I Gralloc4: mapper 4.x is not supported
05-08 08:36:36.173  4670  4681 W JavaBinder: BinderProxy is being destroyed but the application did not call unlinkToDeath to unlink all of its death recipients beforehand.  Releasing leaked death recipient: m5.h
05-08 08:36:36.173  4670  4681 I BpBinder: onLastStrongRef automatically unlinking death recipients: <uncached descriptor>
05-08 08:36:36.267  1349  1860 I MediaProvider: Begin Intent { act=android.intent.action.MEDIA_SCANNER_SCAN_FILE dat=file:///sdcard/screen_2025-05-08_163636.png flg=0x1400010 cmp=com.google.android.providers.media.module/com.android.providers.media.MediaService }
05-08 08:36:36.272  1349  1860 I MediaProvider: End Intent { act=android.intent.action.MEDIA_SCANNER_SCAN_FILE dat=file:///sdcard/screen_2025-05-08_163636.png flg=0x1400010 cmp=com.google.android.providers.media.module/com.android.providers.media.MediaService }
05-08 08:36:36.355  1349  7526 I MediaProvider: Deleted 0 1 0 0 0 0 0 items on external_primary due to com.android.shell
05-08 08:36:36.355  1172  2228 I UriTaskContentObserver: (REDACTED) Throttling content uri change event for %s
05-08 08:36:36.691  4894  4894 I AndroidRuntime: Using default boot image
05-08 08:36:36.691  4894  4894 I AndroidRuntime: Leaving lock profiling enabled
05-08 08:36:36.691  4894  4894 W libc    : Access denied finding property "odsign.verification.success"
05-08 08:36:36.694  4894  4894 W app_process: ART APEX data files are untrusted.
05-08 08:36:36.688  4894  4894 W app_process: type=1400 audit(0.0:222): avc: denied { read } for name="u:object_r:odsign_prop:s0" dev="tmpfs" ino=203 scontext=u:r:shell:s0 tcontext=u:object_r:odsign_prop:s0 tclass=file permissive=0
05-08 08:36:36.834  4894  4894 W app_process: Unexpected CPU variant for X86 using defaults: x86_64
05-08 08:36:36.841  4894  4894 W app_process: ClassLoaderContext classpath size mismatch. expected=0, found=1 (PCL[] | PCL[/system/framework/android.test.runner.jar*1585996318])
05-08 08:36:36.858  1172   762 I NearbyMediums: No BLE Fast/GATT advertisements found in the latest cycle.
05-08 08:36:37.175  2885  2885 I Finsky  : [2] azlj.e(39): SCH: Received scheduling request: Id: 16-16161616, Constraints: [{ L: 60000, D: 60000, C: CHARGING_NONE, I: IDLE_NONE, N: NET_NONE, B: BATTERY_ANY }]
05-08 08:36:37.400  2885  2931 I Finsky  : [76] sdg.accept(58): SCH: Scheduling phonesky job Id: 16-16161616, CT: 1746693397175, Constraints: [{ L: 60000, D: 60000, C: CHARGING_NONE, I: IDLE_NONE, N: NET_NONE, B: BATTERY_ANY }]
05-08 08:36:37.406  2885  2922 I Finsky  : [67] nev.apply(251): SCH: Scheduling 1 system job(s)
05-08 08:36:37.406  2885  2922 I Finsky  : [67] ahth.b(244): SCH: Scheduling system job Id: 9560, L: 59769, D: 59769, C: false, I: false, N: 0
05-08 08:36:37.884  4894  4894 W AccessibilityNodeInfoDumper: Fetch time: 2ms
05-08 08:36:39.032  1349  7520 W MediaProvider: isAppCloneUserPair for user 0: false
05-08 08:36:39.062   176   176 I hwservicemanager: getTransport: Cannot find entry android.hardware.graphics.mapper@4.0::IMapper/default in either framework or device VINTF manifest.
05-08 08:36:39.062  4944  4946 I Gralloc4: mapper 4.x is not supported
05-08 08:36:39.289  1349  1860 I MediaProvider: Begin Intent { act=android.intent.action.MEDIA_SCANNER_SCAN_FILE dat=file:///sdcard/screen_2025-05-08_163639.png flg=0x1400010 cmp=com.google.android.providers.media.module/com.android.providers.media.MediaService }
05-08 08:36:39.301  1349  1860 I MediaProvider: End Intent { act=android.intent.action.MEDIA_SCANNER_SCAN_FILE dat=file:///sdcard/screen_2025-05-08_163639.png flg=0x1400010 cmp=com.google.android.providers.media.module/com.android.providers.media.MediaService }
05-08 08:36:39.445  1349  5273 I MediaProvider: Deleted 0 1 0 0 0 0 0 items on external_primary due to com.android.shell
05-08 08:36:40.168  1412  4743 I GmscoreIpa: Starting mediastore instant index [CONTEXT service_id=255 ]
05-08 08:36:40.596  4670  4670 I AssistStructure: Flattened final assist data: 2632 bytes, containing 1 windows, 15 views
05-08 08:36:40.624   365   740 W ServiceManager: Permission failure: android.permission.ACCESS_SURFACE_FLINGER from uid=10184 pid=1873
05-08 08:36:40.625   365   740 W ServiceManager: Permission failure: android.permission.ROTATE_SURFACE_FLINGER from uid=10184 pid=1873
05-08 08:36:40.643   538  2386 I AssistStructure: Flattened final assist data: 2572 bytes, containing 1 windows, 15 views
05-08 08:36:40.670   176   176 I hwservicemanager: getTransport: Cannot find entry android.hardware.configstore@1.0::ISurfaceFlingerConfigs/default in either framework or device VINTF manifest.
05-08 08:36:40.670  1172 24207 I PasswordSaveInfoFactory: Form is missing passwords. [CONTEXT service_id=177 ]
05-08 08:36:40.671  1873  1974 W OpenGLRenderer: Failed to choose config with EGL_SWAP_BEHAVIOR_PRESERVED, retrying without...
05-08 08:36:40.671  1873  1974 W OpenGLRenderer: Failed to initialize 101010-2 format, error = EGL_SUCCESS
05-08 08:36:40.711  1412 25898 I SyncManager: (REDACTED) Executing sync(type=%s%s)
05-08 08:36:40.738   365   740 E HWComposer: getSupportedContentTypes: getSupportedContentTypes failed for display 4619827259835644672: Unsupported (8)
05-08 08:36:40.740   176   176 I hwservicemanager: getTransport: Cannot find entry android.hardware.graphics.mapper@4.0::IMapper/default in either framework or device VINTF manifest.
05-08 08:36:40.740  1873  1974 I Gralloc4: mapper 4.x is not supported
05-08 08:36:40.745   176   176 I hwservicemanager: getTransport: Cannot find entry android.hardware.graphics.allocator@4.0::IAllocator/default in either framework or device VINTF manifest.
05-08 08:36:40.746  1873  1974 W Gralloc4: allocator 4.x is not supported
05-08 08:36:40.754  1172  1180 I .gms.persisten: Background concurrent copying GC freed 360696(17MB) AllocSpace objects, 5(480KB) LOS objects, 50% free, 20MB/41MB, paused 323us,67us total 142.947ms
05-08 08:36:40.834  1412 25898 I SyncManager: (REDACTED) Executing sync(type=%s) finished in %s
05-08 08:36:40.852  1412 25898 I SyncManager: (REDACTED) Executing sync(type=%s%s)
05-08 08:36:40.858  1412 25898 I SyncManager: (REDACTED) Executing sync(type=%s) finished in %s
05-08 08:36:41.933  1349  7520 W MediaProvider: isAppCloneUserPair for user 0: false
05-08 08:36:41.963   176   176 I hwservicemanager: getTransport: Cannot find entry android.hardware.graphics.mapper@4.0::IMapper/default in either framework or device VINTF manifest.
05-08 08:36:41.964  5074  5076 I Gralloc4: mapper 4.x is not supported
05-08 08:36:42.116  1349  1860 I MediaProvider: Begin Intent { act=android.intent.action.MEDIA_SCANNER_SCAN_FILE dat=file:///sdcard/screen_2025-05-08_163642.png flg=0x1400010 cmp=com.google.android.providers.media.module/com.android.providers.media.MediaService }
05-08 08:36:42.121  1349  1860 I MediaProvider: End Intent { act=android.intent.action.MEDIA_SCANNER_SCAN_FILE dat=file:///sdcard/screen_2025-05-08_163642.png flg=0x1400010 cmp=com.google.android.providers.media.module/com.android.providers.media.MediaService }
05-08 08:36:42.203  1349  5273 I MediaProvider: Deleted 0 1 0 0 0 0 0 items on external_primary due to com.android.shell
05-08 08:36:42.204  1172  2228 I UriTaskContentObserver: (REDACTED) Throttling content uri change event for %s
05-08 08:36:42.770  1349  7520 W MediaProvider: isAppCloneUserPair for user 0: false
05-08 08:36:42.806   176   176 I hwservicemanager: getTransport: Cannot find entry android.hardware.graphics.mapper@4.0::IMapper/default in either framework or device VINTF manifest.
05-08 08:36:42.806  5111  5115 I Gralloc4: mapper 4.x is not supported
05-08 08:36:42.936  1349  1860 I MediaProvider: Begin Intent { act=android.intent.action.MEDIA_SCANNER_SCAN_FILE dat=file:///sdcard/screen_2025-05-08_163643.png flg=0x1400010 cmp=com.google.android.providers.media.module/com.android.providers.media.MediaService }
05-08 08:36:42.942  1349  1860 I MediaProvider: End Intent { act=android.intent.action.MEDIA_SCANNER_SCAN_FILE dat=file:///sdcard/screen_2025-05-08_163643.png flg=0x1400010 cmp=com.google.android.providers.media.module/com.android.providers.media.MediaService }
05-08 08:36:43.016  1349  5273 I MediaProvider: Deleted 0 1 0 0 0 0 0 items on external_primary due to com.android.shell
05-08 08:36:43.017  1172  2228 I UriTaskContentObserver: (REDACTED) Throttling content uri change event for %s
05-08 08:36:43.683  1349  7520 W MediaProvider: isAppCloneUserPair for user 0: false
05-08 08:36:43.709   176   176 I hwservicemanager: getTransport: Cannot find entry android.hardware.graphics.mapper@4.0::IMapper/default in either framework or device VINTF manifest.
05-08 08:36:43.709  5155  5157 I Gralloc4: mapper 4.x is not supported
05-08 08:36:43.842  1349  1860 I MediaProvider: Begin Intent { act=android.intent.action.MEDIA_SCANNER_SCAN_FILE dat=file:///sdcard/screen_2025-05-08_163643.png flg=0x1400010 cmp=com.google.android.providers.media.module/com.android.providers.media.MediaService }
05-08 08:36:43.848  1349  1860 I MediaProvider: End Intent { act=android.intent.action.MEDIA_SCANNER_SCAN_FILE dat=file:///sdcard/screen_2025-05-08_163643.png flg=0x1400010 cmp=com.google.android.providers.media.module/com.android.providers.media.MediaService }
05-08 08:36:43.927  1349  5273 I MediaProvider: Deleted 0 1 0 0 0 0 0 items on external_primary due to com.android.shell
05-08 08:36:43.928  1172  2228 I UriTaskContentObserver: (REDACTED) Throttling content uri change event for %s
05-08 08:36:44.388  2885  1637 I Finsky  : [399] acyj.h(12): Triggered update for experiment package com.google.android.finsky.stable.
05-08 08:36:44.411  2885  1637 I Finsky  : [399] acyj.h(65): Already at the latest configurations for experiment package com.google.android.finsky.stable.
05-08 08:36:44.411  2885  1637 I Finsky  : [399] acyj.h(12): Triggered update for experiment package com.google.android.finsky.regular.
05-08 08:36:44.420  2885  1637 I Finsky  : [399] acyj.h(65): Already at the latest configurations for experiment package com.google.android.finsky.regular.
05-08 08:36:44.420  2885  1637 I Finsky  : [399] acyj.h(12): Triggered update for experiment package com.google.android.finsky.regular.
05-08 08:36:44.426  2885  1637 I Finsky  : [399] acyj.h(65): Already at the latest configurations for experiment package com.google.android.finsky.regular.
05-08 08:36:45.562   358   358 I android.hardware.vibrator-service.example: Vibrator perform
05-08 08:36:45.563   358   358 I android.hardware.vibrator-service.example: Vibrator on for timeoutMs: 1
05-08 08:36:45.563   358   358 I android.hardware.vibrator-service.example: Vibrator set amplitude: 0.709427
05-08 08:36:45.564   358   358 I android.hardware.vibrator-service.example: Vibrator off
05-08 08:36:45.564   358  5244 I android.hardware.vibrator-service.example: Starting on on another thread
05-08 08:36:45.566   358  5244 I android.hardware.vibrator-service.example: Notifying on complete
05-08 08:36:45.585   358   358 I android.hardware.vibrator-service.example: Vibrator on for timeoutMs: 21
05-08 08:36:45.586   358  5246 I android.hardware.vibrator-service.example: Starting on on another thread
05-08 08:36:45.586   358   358 I android.hardware.vibrator-service.example: Vibrator set amplitude: 0.709427
05-08 08:36:45.608   358  5246 I android.hardware.vibrator-service.example: Notifying on complete
05-08 08:36:45.609   358   358 I android.hardware.vibrator-service.example: Vibrator off
05-08 08:36:46.387   190  4816 I keystore2: keystore2::watchdog: Watchdog thread idle -> terminating. Have a great day.
05-08 08:36:46.860  1172   762 I NearbyMediums: No BLE Fast/GATT advertisements found in the latest cycle.
05-08 08:36:48.333   538   554 W System  : A resource failed to call close. 
05-08 08:36:48.333   538   554 W System  : A resource failed to call release. 
05-08 08:36:48.337   538   554 W System  : A resource failed to call close. 
05-08 08:36:48.500  1349  7520 W MediaProvider: isAppCloneUserPair for user 0: false
05-08 08:36:48.523   176   176 I hwservicemanager: getTransport: Cannot find entry android.hardware.graphics.mapper@4.0::IMapper/default in either framework or device VINTF manifest.
05-08 08:36:48.523  5290  5292 I Gralloc4: mapper 4.x is not supported
05-08 08:36:48.643  1349  1860 I MediaProvider: Begin Intent { act=android.intent.action.MEDIA_SCANNER_SCAN_FILE dat=file:///sdcard/screen_2025-05-08_163648.png flg=0x1400010 cmp=com.google.android.providers.media.module/com.android.providers.media.MediaService }
