05-08 08:35:40.548  2517  2517 W app_process: type=1400 audit(0.0:216): avc: denied { read } for name="u:object_r:odsign_prop:s0" dev="tmpfs" ino=203 scontext=u:r:shell:s0 tcontext=u:object_r:odsign_prop:s0 tclass=file permissive=0
05-08 08:35:40.633  2517  2517 W app_process: Unexpected CPU variant for X86 using defaults: x86_64
05-08 08:35:40.634  2517  2517 W app_process: ClassLoaderContext classpath size mismatch. expected=0, found=1 (PCL[] | PCL[/system/framework/android.test.runner.jar*1585996318])
05-08 08:35:41.670  2517  2517 W AccessibilityNodeInfoDumper: Fetch time: 6ms
05-08 08:35:42.882  1349  1504 W MediaProvider: isAppCloneUserPair for user 0: false
05-08 08:35:42.914   176   176 I hwservicemanager: getTransport: Cannot find entry android.hardware.graphics.mapper@4.0::IMapper/default in either framework or device VINTF manifest.
05-08 08:35:42.915  2571  2573 I Gralloc4: mapper 4.x is not supported
05-08 08:35:43.103  1349  1860 I MediaProvider: Begin Intent { act=android.intent.action.MEDIA_SCANNER_SCAN_FILE dat=file:///sdcard/screen_2025-05-08_163543.png flg=0x1400010 cmp=com.google.android.providers.media.module/com.android.providers.media.MediaService }
05-08 08:35:43.112  1349  1860 I MediaProvider: End Intent { act=android.intent.action.MEDIA_SCANNER_SCAN_FILE dat=file:///sdcard/screen_2025-05-08_163543.png flg=0x1400010 cmp=com.google.android.providers.media.module/com.android.providers.media.MediaService }
05-08 08:35:43.195  1349  1683 I MediaProvider: Deleted 0 1 0 0 0 0 0 items on external_primary due to com.android.shell
05-08 08:35:43.195  1172  2228 I UriTaskContentObserver: (REDACTED) Throttling content uri change event for %s
05-08 08:35:43.227   538   554 W System  : A resource failed to call release. 
05-08 08:35:44.786   358   358 I android.hardware.vibrator-service.example: Vibrator perform
05-08 08:35:44.789   358   358 I android.hardware.vibrator-service.example: Vibrator on for timeoutMs: 1
05-08 08:35:44.789   358  2674 I android.hardware.vibrator-service.example: Starting on on another thread
05-08 08:35:44.789   358   358 I android.hardware.vibrator-service.example: Vibrator set amplitude: 0.709427
05-08 08:35:44.790   358   358 I android.hardware.vibrator-service.example: Vibrator off
05-08 08:35:44.791   358  2674 I android.hardware.vibrator-service.example: Notifying on complete
05-08 08:35:44.795   358   358 I android.hardware.vibrator-service.example: Vibrator on for timeoutMs: 21
05-08 08:35:44.795   358  2675 I android.hardware.vibrator-service.example: Starting on on another thread
05-08 08:35:44.795   358   358 I android.hardware.vibrator-service.example: Vibrator set amplitude: 0.709427
05-08 08:35:44.817   358  2675 I android.hardware.vibrator-service.example: Notifying on complete
05-08 08:35:44.817   358   358 I android.hardware.vibrator-service.example: Vibrator off
05-08 08:35:46.333   175   175 I servicemanager: Notifying apexservice they have clients: 0
05-08 08:35:46.341   175   175 I BpBinder: onLastStrongRef automatically unlinking death recipients: <uncached descriptor>
05-08 08:35:46.481  2312  2312 I AssistStructure: Flattened final assist data: 3128 bytes, containing 3 windows, 19 views
05-08 08:35:46.603   538  2000 I AssistStructure: Flattened final assist data: 3072 bytes, containing 3 windows, 19 views
05-08 08:35:46.734  1172  2682 I PasswordSaveInfoFactory: Form is missing passwords. [CONTEXT service_id=177 ]
05-08 08:35:46.826  1412 25888 I SyncManager: (REDACTED) Executing sync(type=%s%s)
05-08 08:35:46.834  1172  2682 I NearbyMediums: No BLE Fast/GATT advertisements found in the latest cycle.
05-08 08:35:46.935  1412 25888 I SyncManager: (REDACTED) Executing sync(type=%s) finished in %s
05-08 08:35:46.967  1412 25888 I SyncManager: (REDACTED) Executing sync(type=%s%s)
05-08 08:35:46.972  1412 25888 I SyncManager: (REDACTED) Executing sync(type=%s) finished in %s
05-08 08:35:47.654  1349  1504 W MediaProvider: isAppCloneUserPair for user 0: false
05-08 08:35:47.687   176   176 I hwservicemanager: getTransport: Cannot find entry android.hardware.graphics.mapper@4.0::IMapper/default in either framework or device VINTF manifest.
05-08 08:35:47.688  2736  2738 I Gralloc4: mapper 4.x is not supported
05-08 08:35:47.843  1349  1860 I MediaProvider: Begin Intent { act=android.intent.action.MEDIA_SCANNER_SCAN_FILE dat=file:///sdcard/screen_2025-05-08_163547.png flg=0x1400010 cmp=com.google.android.providers.media.module/com.android.providers.media.MediaService }
05-08 08:35:47.853  1349  1860 I MediaProvider: End Intent { act=android.intent.action.MEDIA_SCANNER_SCAN_FILE dat=file:///sdcard/screen_2025-05-08_163547.png flg=0x1400010 cmp=com.google.android.providers.media.module/com.android.providers.media.MediaService }
05-08 08:35:47.923  1349  1683 I MediaProvider: Deleted 0 1 0 0 0 0 0 items on external_primary due to com.android.shell
05-08 08:35:47.923  1172  2228 I UriTaskContentObserver: (REDACTED) Throttling content uri change event for %s
05-08 08:35:48.540  1349  1504 W MediaProvider: isAppCloneUserPair for user 0: false
05-08 08:35:48.588   176   176 I hwservicemanager: getTransport: Cannot find entry android.hardware.graphics.mapper@4.0::IMapper/default in either framework or device VINTF manifest.
05-08 08:35:48.588  2776  2778 I Gralloc4: mapper 4.x is not supported
05-08 08:35:48.780  1349  1860 I MediaProvider: Begin Intent { act=android.intent.action.MEDIA_SCANNER_SCAN_FILE dat=file:///sdcard/screen_2025-05-08_163548.png flg=0x1400010 cmp=com.google.android.providers.media.module/com.android.providers.media.MediaService }
05-08 08:35:48.796  1349  1860 I MediaProvider: End Intent { act=android.intent.action.MEDIA_SCANNER_SCAN_FILE dat=file:///sdcard/screen_2025-05-08_163548.png flg=0x1400010 cmp=com.google.android.providers.media.module/com.android.providers.media.MediaService }
05-08 08:35:48.891  1349  1683 I MediaProvider: Deleted 0 1 0 0 0 0 0 items on external_primary due to com.android.shell
05-08 08:35:48.893  1172  2228 I UriTaskContentObserver: (REDACTED) Throttling content uri change event for %s
05-08 08:35:49.199  2804  2804 I AndroidRuntime: Using default boot image
05-08 08:35:49.199  2804  2804 I AndroidRuntime: Leaving lock profiling enabled
05-08 08:35:49.199  2804  2804 W libc    : Access denied finding property "odsign.verification.success"
05-08 08:35:49.201  2804  2804 W app_process: ART APEX data files are untrusted.
05-08 08:35:49.196  2804  2804 W app_process: type=1400 audit(0.0:217): avc: denied { read } for name="u:object_r:odsign_prop:s0" dev="tmpfs" ino=203 scontext=u:r:shell:s0 tcontext=u:object_r:odsign_prop:s0 tclass=file permissive=0
05-08 08:35:49.266  2804  2804 W app_process: Unexpected CPU variant for X86 using defaults: x86_64
05-08 08:35:49.269  2804  2804 W app_process: ClassLoaderContext classpath size mismatch. expected=0, found=1 (PCL[] | PCL[/system/framework/android.test.runner.jar*1585996318])
05-08 08:35:50.171  1172  1922 I NetworkScheduler.Stats: (REDACTED) Task %s/%s started execution. cause:%s exec_start_elapsed_seconds: %s
05-08 08:35:50.176  1172  2096 I NetworkScheduler.Stats: (REDACTED) Task %s/%s finished executing. cause:%s result: %s elapsed_millis: %s uptime_millis: %s exec_start_elapsed_seconds: %s
05-08 08:35:50.360  2804  2804 W AccessibilityNodeInfoDumper: Fetch time: 7ms
05-08 08:35:50.397  2885  2922 I Finsky  : [67] naa.run(720): AIM: AppInfoManager-Perf > Destroying AppInfoManager ...
05-08 08:35:50.401   538  1779 W InputManager-JNI: Input channel object 'cd0e09 PopupWindow:f8e671a (client)' was disposed without first being removed with the input manager!
05-08 08:35:51.484  1349  7520 W MediaProvider: isAppCloneUserPair for user 0: false
05-08 08:35:51.546   176   176 I hwservicemanager: getTransport: Cannot find entry android.hardware.graphics.mapper@4.0::IMapper/default in either framework or device VINTF manifest.
05-08 08:35:51.546  2871  2873 I Gralloc4: mapper 4.x is not supported
05-08 08:35:51.687  1349  1860 I MediaProvider: Begin Intent { act=android.intent.action.MEDIA_SCANNER_SCAN_FILE dat=file:///sdcard/screen_2025-05-08_163551.png flg=0x1400010 cmp=com.google.android.providers.media.module/com.android.providers.media.MediaService }
05-08 08:35:51.697  1349  1860 I MediaProvider: End Intent { act=android.intent.action.MEDIA_SCANNER_SCAN_FILE dat=file:///sdcard/screen_2025-05-08_163551.png flg=0x1400010 cmp=com.google.android.providers.media.module/com.android.providers.media.MediaService }
05-08 08:35:51.791  1349  1505 I MediaProvider: Deleted 0 1 0 0 0 0 0 items on external_primary due to com.android.shell
05-08 08:35:51.792  1172  2228 I UriTaskContentObserver: (REDACTED) Throttling content uri change event for %s
05-08 08:35:52.062   538   578 E RemoteAugmentedAutofillService: Bad service name for flags 1048704: com.google.android.as/com.google.android.apps.miphone.aiai.app.AiAiAugmentedAutofillService
05-08 08:35:52.136  1533  1533 I A       : onApplyWindowInsets: systemWindowInsets=Insets{left=0, top=63, right=0, bottom=126}
05-08 08:35:52.137  1533  1533 I A       : onApplyWindowInsets: systemWindowInsets=Insets{left=0, top=63, right=0, bottom=126}
05-08 08:35:52.188   538  1779 W ActivityManager: Unable to start service Intent { act=android.service.smartspace.SmartspaceService cmp=com.google.android.as/com.google.android.apps.miphone.aiai.app.AiAiSmartspaceService } U=0: not found
05-08 08:35:52.190   538  1779 W RemoteSmartspaceService: could not bind to Intent { act=android.service.smartspace.SmartspaceService cmp=com.google.android.as/com.google.android.apps.miphone.aiai.app.AiAiSmartspaceService } using flags 67112961
05-08 08:35:52.192   538   538 W ActivityManager: Unbind failed: could not find connection for android.app.LoadedApk$ServiceDispatcher$InnerConnection@7cbf284
05-08 08:35:52.212   538  1779 W ActivityManager: Unable to start service Intent { act=android.service.smartspace.SmartspaceService cmp=com.google.android.as/com.google.android.apps.miphone.aiai.app.AiAiSmartspaceService } U=0: not found
05-08 08:35:52.212   538  1779 W RemoteSmartspaceService: could not bind to Intent { act=android.service.smartspace.SmartspaceService cmp=com.google.android.as/com.google.android.apps.miphone.aiai.app.AiAiSmartspaceService } using flags 67112961
05-08 08:35:52.212   538   538 W ActivityManager: Unbind failed: could not find connection for android.app.LoadedApk$ServiceDispatcher$InnerConnection@5edf6a2
05-08 08:35:52.279  1533  2555 I OpenGLRenderer: Davey! duration=444203ms; Flags=1, FrameTimelineVsyncId=16981, IntendedVsync=620823259640, Vsync=620823259640, InputEventId=0, HandleInputStart=620823818300, AnimationStart=620823833200, PerformTraversalsStart=620823856000, DrawStart=621037237700, FrameDeadline=620856592972, FrameInterval=620823807700, FrameStartTime=16666666, SyncQueued=621046277600, SyncStart=621047832600, IssueDrawCommandsStart=621047937100, SwapBuffers=621048337300, FrameCompleted=1065028713100, DequeueBufferDuration=23900, QueueBufferDuration=1742000, GpuCompleted=1065028713100, SwapBuffersCompleted=621052261400, DisplayPresentTime=0, 
05-08 08:35:52.279  1346  1346 I GsaVoiceInteractionSrv: Handling ACTION_START_HOTWORD
05-08 08:35:52.279  1346  1346 I GsaVoiceInteractionSrv: disregardVoiceMatch: false
05-08 08:35:52.279  1346  1346 I GsaVoiceInteractionSrv: Cannot start hotword, hotword has been explicitly disabled.
05-08 08:35:52.385   538  1779 W InputManager-JNI: Input channel object '5e471c2 PopupWindow:ab7be09 (client)' was disposed without first being removed with the input manager!
05-08 08:35:52.530  2885  2930 I Finsky  : [75] naa.run(720): AIM: AppInfoManager-Perf > Destroying AppInfoManager ...
05-08 08:35:52.760   538  4921 W InputManager-JNI: Input channel object 'ef09599 com.microsoft.todos/com.microsoft.todos.onboarding.StartActivity (client)' was disposed without first being removed with the input manager!
05-08 08:35:52.769   538   583 W ActivityTaskManager: Can't find TaskDisplayArea to determine support for multi window. Task id=21 attached=false
05-08 08:35:52.769   538   583 W ActivityTaskManager: Can't find TaskDisplayArea to determine support for multi window. Task id=21 attached=false
05-08 08:35:53.419  1349  7520 W MediaProvider: isAppCloneUserPair for user 0: false
05-08 08:35:53.506   176   176 I hwservicemanager: getTransport: Cannot find entry android.hardware.graphics.mapper@4.0::IMapper/default in either framework or device VINTF manifest.
05-08 08:35:53.506  3034  3043 I Gralloc4: mapper 4.x is not supported
05-08 08:35:53.802  1349  1860 I MediaProvider: Begin Intent { act=android.intent.action.MEDIA_SCANNER_SCAN_FILE dat=file:///sdcard/screen_2025-05-08_163553.png flg=0x1400010 cmp=com.google.android.providers.media.module/com.android.providers.media.MediaService }
05-08 08:35:53.820  1349  1860 I MediaProvider: End Intent { act=android.intent.action.MEDIA_SCANNER_SCAN_FILE dat=file:///sdcard/screen_2025-05-08_163553.png flg=0x1400010 cmp=com.google.android.providers.media.module/com.android.providers.media.MediaService }
05-08 08:35:53.889  1349  1505 I MediaProvider: Deleted 0 1 0 0 0 0 0 items on external_primary due to com.android.shell
05-08 08:35:53.890  1172  2228 I UriTaskContentObserver: (REDACTED) Throttling content uri change event for %s
05-08 08:35:54.392  1349  7520 W MediaProvider: isAppCloneUserPair for user 0: false
05-08 08:35:54.418   176   176 I hwservicemanager: getTransport: Cannot find entry android.hardware.graphics.mapper@4.0::IMapper/default in either framework or device VINTF manifest.
05-08 08:35:54.418  3083  3085 I Gralloc4: mapper 4.x is not supported
05-08 08:35:54.769  1349  1860 I MediaProvider: Begin Intent { act=android.intent.action.MEDIA_SCANNER_SCAN_FILE dat=file:///sdcard/screen_2025-05-08_163554.png flg=0x1400010 cmp=com.google.android.providers.media.module/com.android.providers.media.MediaService }
05-08 08:35:54.775  1349  1860 I MediaProvider: End Intent { act=android.intent.action.MEDIA_SCANNER_SCAN_FILE dat=file:///sdcard/screen_2025-05-08_163554.png flg=0x1400010 cmp=com.google.android.providers.media.module/com.android.providers.media.MediaService }
05-08 08:35:54.849  1349  1505 I MediaProvider: Deleted 0 1 0 0 0 0 0 items on external_primary due to com.android.shell
05-08 08:35:54.850  1172  2228 I UriTaskContentObserver: (REDACTED) Throttling content uri change event for %s
05-08 08:35:55.324  1349  7520 W MediaProvider: isAppCloneUserPair for user 0: false
05-08 08:35:55.354   176   176 I hwservicemanager: getTransport: Cannot find entry android.hardware.graphics.mapper@4.0::IMapper/default in either framework or device VINTF manifest.
05-08 08:35:55.354  3124  3126 I Gralloc4: mapper 4.x is not supported
05-08 08:35:55.780  1349  1860 I MediaProvider: Begin Intent { act=android.intent.action.MEDIA_SCANNER_SCAN_FILE dat=file:///sdcard/screen_2025-05-08_163555.png flg=0x1400010 cmp=com.google.android.providers.media.module/com.android.providers.media.MediaService }
05-08 08:35:55.799  1349  1860 I MediaProvider: End Intent { act=android.intent.action.MEDIA_SCANNER_SCAN_FILE dat=file:///sdcard/screen_2025-05-08_163555.png flg=0x1400010 cmp=com.google.android.providers.media.module/com.android.providers.media.MediaService }
05-08 08:35:55.925  1349  1505 I MediaProvider: Deleted 0 1 0 0 0 0 0 items on external_primary due to com.android.shell
05-08 08:35:56.190   538  1998 I ActivityTaskManager: START u0 {act=android.intent.action.MAIN cat=[android.intent.category.LAUNCHER] flg=0x10000000 cmp=com.microsoft.todos/.ui.LaunchActivity} from uid 2000
05-08 08:35:56.191   538  1998 W ActivityTaskManager: Can't find TaskDisplayArea to determine support for multi window. Task id=22 attached=false
05-08 08:35:56.200   538   922 W ActivityTaskManager: Tried to set launchTime (0) < mLastActivityLaunchTime (1051108)
05-08 08:35:56.242  2312  2312 I PlayCore: UID: [10185]  PID: [2312] AppUpdateService : requestUpdateInfo(com.microsoft.todos)
05-08 08:35:56.247  2312  3160 I PlayCore: UID: [10185]  PID: [2312] AppUpdateService : Initiate binding to the service.
05-08 08:35:56.301  1346  1346 I GsaVoiceInteractionSrv: Handling ACTION_STOP_HOTWORD
05-08 08:35:56.302  1346  1346 E HwDetectorWithState: a: 3
05-08 08:35:56.432  2312  2312 I PlayCore: UID: [10185]  PID: [2312] AppUpdateService : ServiceConnectionImpl.onServiceConnected(ComponentInfo{com.android.vending/com.google.android.finsky.installservice.DevTriggeredUpdateService})
05-08 08:35:56.433  2312  3160 I PlayCore: UID: [10185]  PID: [2312] AppUpdateService : linkToDeath
05-08 08:35:56.444   538   577 I ActivityTaskManager: Displayed com.microsoft.todos/.ui.LaunchActivity: +244ms
05-08 08:35:56.628   538  1995 W ActivityManager: Unable to start service Intent { act=android.service.smartspace.SmartspaceService cmp=com.google.android.as/com.google.android.apps.miphone.aiai.app.AiAiSmartspaceService } U=0: not found
05-08 08:35:56.628   538  1995 W RemoteSmartspaceService: could not bind to Intent { act=android.service.smartspace.SmartspaceService cmp=com.google.android.as/com.google.android.apps.miphone.aiai.app.AiAiSmartspaceService } using flags 67112961
05-08 08:35:56.628   538   538 W ActivityManager: Unbind failed: could not find connection for android.app.LoadedApk$ServiceDispatcher$InnerConnection@96b5bbe
05-08 08:35:56.633   538  1995 W ActivityManager: Unable to start service Intent { act=android.service.smartspace.SmartspaceService cmp=com.google.android.as/com.google.android.apps.miphone.aiai.app.AiAiSmartspaceService } U=0: not found
05-08 08:35:56.633   538  1995 W RemoteSmartspaceService: could not bind to Intent { act=android.service.smartspace.SmartspaceService cmp=com.google.android.as/com.google.android.apps.miphone.aiai.app.AiAiSmartspaceService } using flags 67112961
05-08 08:35:56.635   538   538 W ActivityManager: Unbind failed: could not find connection for android.app.LoadedApk$ServiceDispatcher$InnerConnection@51036c
05-08 08:35:56.637  1533  1533 I A       : onApplyWindowInsets: systemWindowInsets=Insets{left=0, top=63, right=0, bottom=126}
05-08 08:35:56.637  1533  1533 I A       : onApplyWindowInsets: systemWindowInsets=Insets{left=0, top=63, right=0, bottom=126}
05-08 08:35:56.738   538  1995 W InputManager-JNI: Input channel object '90fc947 Splash Screen com.microsoft.todos (client)' was disposed without first being removed with the input manager!
05-08 08:35:56.840  1172   762 I NearbyMediums: No BLE Fast/GATT advertisements found in the latest cycle.
05-08 08:35:56.872  2885  3166 I Finsky  : [414] wqn.a(225): Prepare dev-triggered update flow...
05-08 08:35:56.882  2885  3166 I Finsky  : [414] arwc.n(61): ICalc: estimated size required for installing : 28018211 bytes
05-08 08:35:56.884  2885  1637 I Finsky  : [399] arwc.l(74): ICalc: Partition available space: 3848314880, install size: 28018211, min free: 312033280, additional needed: 0
05-08 08:35:56.899  2312  2326 I PlayCore: UID: [10185]  PID: [2312] OnRequestInstallCallback : onRequestInfo
05-08 08:35:56.899  2312  3160 I PlayCore: UID: [10185]  PID: [2312] AppUpdateService : Unbind from service.
05-08 08:35:56.901   538   922 I ActivityTaskManager: START u0 {cmp=com.microsoft.todos/.inappupdate.ImmediateUpdateActivity} from uid 10185
05-08 08:35:56.910   538   922 W ActivityTaskManager: Tried to set launchTime (0) < mLastActivityLaunchTime (1068997)
05-08 08:35:56.916  2312  2312 I PlayCore: UID: [10185]  PID: [2312] AppUpdateService : requestUpdateInfo(com.microsoft.todos)
05-08 08:35:56.920  2312  3160 I PlayCore: UID: [10185]  PID: [2312] AppUpdateService : Initiate binding to the service.
05-08 08:35:57.025  2312  2312 I PlayCore: UID: [10185]  PID: [2312] AppUpdateService : ServiceConnectionImpl.onServiceConnected(ComponentInfo{com.android.vending/com.google.android.finsky.installservice.DevTriggeredUpdateService})
05-08 08:35:57.025  2312  3160 I PlayCore: UID: [10185]  PID: [2312] AppUpdateService : linkToDeath
05-08 08:35:57.029   538   577 I ActivityTaskManager: Displayed com.microsoft.todos/.inappupdate.ImmediateUpdateActivity: +128ms
05-08 08:35:57.033  2885  3180 I Finsky  : [421] wqn.a(225): Prepare dev-triggered update flow...
05-08 08:35:57.059  2885  3180 I Finsky  : [421] arwc.n(61): ICalc: estimated size required for installing : 28018211 bytes
05-08 08:35:57.060  2885  3173 I Finsky  : [416] arwc.l(74): ICalc: Partition available space: 3848314880, install size: 28018211, min free: 312033280, additional needed: 0
05-08 08:35:57.066  2312  2424 I PlayCore: UID: [10185]  PID: [2312] OnRequestInstallCallback : onRequestInfo
05-08 08:35:57.066  2312  3160 I PlayCore: UID: [10185]  PID: [2312] AppUpdateService : Unbind from service.
05-08 08:35:57.068   538   922 I ActivityTaskManager: START u0 {typ=blocking.intent cmp=com.android.vending/com.google.android.finsky.playcoreacquisition.PlayCoreAcquisitionActivity (has extras)} from uid 10103
05-08 08:35:57.079   538   922 W ActivityTaskManager: Tried to set launchTime (0) < mLastActivityLaunchTime (833089)
05-08 08:35:57.163  2885  2885 I Finsky  : [2] PlayCoreAcquisitionActivity.D(177): Starting Immediate Flow.
05-08 08:35:57.180  2885  2885 I Finsky  : [2] aehx.K(6): Showing immediate In-app Update dialog.
05-08 08:35:57.322  2885  2906 I Finsky  : [51] zdh.a(107): Verifying app locale consistency (current locale = English (United States))
05-08 08:35:57.323  2885  2906 I Finsky  : [51] zdh.a(126): Language Split Installed = true
05-08 08:35:57.323  2885  2906 I Finsky  : [51] zdh.a(151): Has Inconsistent Persistent Cache = false (cache has locale(s) = [en-US])
05-08 08:35:57.323  2885  2906 I Finsky  : [51] zdh.a(178): Has Inconsistent Memory Cache = false (initial locale = English (United States))
05-08 08:35:57.432   538   577 I ActivityTaskManager: Displayed com.android.vending/com.google.android.finsky.playcoreacquisition.PlayCoreAcquisitionActivity: +344ms
05-08 08:35:57.493  1349  5273 W MediaProvider: isAppCloneUserPair for user 0: false
05-08 08:35:57.535   176   176 I hwservicemanager: getTransport: Cannot find entry android.hardware.graphics.mapper@4.0::IMapper/default in either framework or device VINTF manifest.
05-08 08:35:57.535  3202  3208 I Gralloc4: mapper 4.x is not supported
05-08 08:35:57.678  1349  1860 I MediaProvider: Begin Intent { act=android.intent.action.MEDIA_SCANNER_SCAN_FILE dat=file:///sdcard/screen_2025-05-08_163557.png flg=0x1400010 cmp=com.google.android.providers.media.module/com.android.providers.media.MediaService }
05-08 08:35:57.689  1349  1860 I MediaProvider: End Intent { act=android.intent.action.MEDIA_SCANNER_SCAN_FILE dat=file:///sdcard/screen_2025-05-08_163557.png flg=0x1400010 cmp=com.google.android.providers.media.module/com.android.providers.media.MediaService }
05-08 08:35:57.775  1349  1504 I MediaProvider: Deleted 0 1 0 0 0 0 0 items on external_primary due to com.android.shell
05-08 08:35:57.776  1172  2228 I UriTaskContentObserver: (REDACTED) Throttling content uri change event for %s
05-08 08:35:58.596  1349  5273 W MediaProvider: isAppCloneUserPair for user 0: false
05-08 08:35:58.635   176   176 I hwservicemanager: getTransport: Cannot find entry android.hardware.graphics.mapper@4.0::IMapper/default in either framework or device VINTF manifest.
05-08 08:35:58.636  3256  3258 I Gralloc4: mapper 4.x is not supported
05-08 08:35:58.810  1349  1860 I MediaProvider: Begin Intent { act=android.intent.action.MEDIA_SCANNER_SCAN_FILE dat=file:///sdcard/screen_2025-05-08_163558.png flg=0x1400010 cmp=com.google.android.providers.media.module/com.android.providers.media.MediaService }
05-08 08:35:58.819  1349  1860 I MediaProvider: End Intent { act=android.intent.action.MEDIA_SCANNER_SCAN_FILE dat=file:///sdcard/screen_2025-05-08_163558.png flg=0x1400010 cmp=com.google.android.providers.media.module/com.android.providers.media.MediaService }
05-08 08:35:58.898  1172  2228 I UriTaskContentObserver: (REDACTED) Throttling content uri change event for %s
05-08 08:35:58.899  1349  1504 I MediaProvider: Deleted 0 1 0 0 0 0 0 items on external_primary due to com.android.shell
05-08 08:35:59.210  3289  3289 I AndroidRuntime: Using default boot image
05-08 08:35:59.210  3289  3289 I AndroidRuntime: Leaving lock profiling enabled
05-08 08:35:59.210  3289  3289 W libc    : Access denied finding property "odsign.verification.success"
05-08 08:35:59.212  3289  3289 W app_process: ART APEX data files are untrusted.
05-08 08:35:59.204  3289  3289 W app_process: type=1400 audit(0.0:218): avc: denied { read } for name="u:object_r:odsign_prop:s0" dev="tmpfs" ino=203 scontext=u:r:shell:s0 tcontext=u:object_r:odsign_prop:s0 tclass=file permissive=0
05-08 08:35:59.265  3289  3289 W app_process: Unexpected CPU variant for X86 using defaults: x86_64
05-08 08:35:59.266  3289  3289 W app_process: ClassLoaderContext classpath size mismatch. expected=0, found=1 (PCL[] | PCL[/system/framework/android.test.runner.jar*1585996318])
05-08 08:36:00.183  1412  3308 I GmscoreIpa: Starting mediastore instant index [CONTEXT service_id=255 ]
05-08 08:36:00.298  3289  3289 W AccessibilityNodeInfoDumper: Fetch time: 3ms
05-08 08:36:01.514  1349  1505 W MediaProvider: isAppCloneUserPair for user 0: false
05-08 08:36:01.538   176   176 I hwservicemanager: getTransport: Cannot find entry android.hardware.graphics.mapper@4.0::IMapper/default in either framework or device VINTF manifest.
05-08 08:36:01.538  3331  3333 I Gralloc4: mapper 4.x is not supported
05-08 08:36:01.663  1349  1860 I MediaProvider: Begin Intent { act=android.intent.action.MEDIA_SCANNER_SCAN_FILE dat=file:///sdcard/screen_2025-05-08_163601.png flg=0x1400010 cmp=com.google.android.providers.media.module/com.android.providers.media.MediaService }
05-08 08:36:01.670  1349  1860 I MediaProvider: End Intent { act=android.intent.action.MEDIA_SCANNER_SCAN_FILE dat=file:///sdcard/screen_2025-05-08_163601.png flg=0x1400010 cmp=com.google.android.providers.media.module/com.android.providers.media.MediaService }
05-08 08:36:01.760  1349  7520 I MediaProvider: Deleted 0 1 0 0 0 0 0 items on external_primary due to com.android.shell
05-08 08:36:01.761  1172  2228 I UriTaskContentObserver: (REDACTED) Throttling content uri change event for %s
05-08 08:36:02.064   538   578 E RemoteAugmentedAutofillService: Bad service name for flags 1048704: com.google.android.as/com.google.android.apps.miphone.aiai.app.AiAiAugmentedAutofillService
05-08 08:36:02.104   538  1779 W ActivityTaskManager: Duplicate finish request for r=ActivityRecord{e3da4bc u0 com.android.vending/com.google.android.finsky.playcoreacquisition.PlayCoreAcquisitionActivity t22 f}}
05-08 08:36:02.185  1096  1108 W System  : A resource failed to call release. 
05-08 08:36:02.185  1096  1108 W System  : A resource failed to call release. 
05-08 08:36:02.185  1096  1108 W System  : A resource failed to call release. 
05-08 08:36:02.202  1533  1533 I A       : onApplyWindowInsets: systemWindowInsets=Insets{left=0, top=63, right=0, bottom=126}
05-08 08:36:02.202  1533  1533 I A       : onApplyWindowInsets: systemWindowInsets=Insets{left=0, top=63, right=0, bottom=126}
05-08 08:36:02.218   538  4647 W InputManager-JNI: Input channel object 'ae4a7f2 com.android.vending/com.google.android.finsky.playcoreacquisition.PlayCoreAcquisitionActivity (client)' was disposed without first being removed with the input manager!
05-08 08:36:02.224  2885  2885 I Finsky  : [2] zyr.onTrimMemory(11): Memory trim requested to level 20
05-08 08:36:02.224  2885  2885 I Finsky  : [2] aegl.accept(139): Flushing in-memory image cache
05-08 08:36:02.237   538  1998 W ActivityManager: Unable to start service Intent { act=android.service.smartspace.SmartspaceService cmp=com.google.android.as/com.google.android.apps.miphone.aiai.app.AiAiSmartspaceService } U=0: not found
05-08 08:36:02.237   538  1998 W RemoteSmartspaceService: could not bind to Intent { act=android.service.smartspace.SmartspaceService cmp=com.google.android.as/com.google.android.apps.miphone.aiai.app.AiAiSmartspaceService } using flags 67112961
05-08 08:36:02.252   538   538 W ActivityManager: Unbind failed: could not find connection for android.app.LoadedApk$ServiceDispatcher$InnerConnection@a21f63c
05-08 08:36:02.256   538   556 W ActivityManager: Unable to start service Intent { act=android.service.smartspace.SmartspaceService cmp=com.google.android.as/com.google.android.apps.miphone.aiai.app.AiAiSmartspaceService } U=0: not found
05-08 08:36:02.256   538   556 W RemoteSmartspaceService: could not bind to Intent { act=android.service.smartspace.SmartspaceService cmp=com.google.android.as/com.google.android.apps.miphone.aiai.app.AiAiSmartspaceService } using flags 67112961
05-08 08:36:02.262   538   538 W ActivityManager: Unbind failed: could not find connection for android.app.LoadedApk$ServiceDispatcher$InnerConnection@76600e6
05-08 08:36:02.291  1346  1346 I GsaVoiceInteractionSrv: Handling ACTION_START_HOTWORD
05-08 08:36:02.291  1346  1346 I GsaVoiceInteractionSrv: disregardVoiceMatch: false
05-08 08:36:02.291  1346  1346 I GsaVoiceInteractionSrv: Cannot start hotword, hotword has been explicitly disabled.
05-08 08:36:02.335  1533  2555 I OpenGLRenderer: Davey! duration=373551ms; Flags=1, FrameTimelineVsyncId=22180, IntendedVsync=701489923080, Vsync=701489923080, InputEventId=0, HandleInputStart=701497132100, AnimationStart=701497158000, PerformTraversalsStart=701497184200, DrawStart=701657565500, FrameDeadline=701523256412, FrameInterval=701497080200, FrameStartTime=16666666, SyncQueued=701662959900, SyncStart=701711933900, IssueDrawCommandsStart=701712373500, SwapBuffers=701712495200, FrameCompleted=1075090688500, DequeueBufferDuration=19700, QueueBufferDuration=442400, GpuCompleted=1075090688500, SwapBuffersCompleted=701717729800, DisplayPresentTime=0, 
05-08 08:36:02.854   538  4647 W InputManager-JNI: Input channel object '346e57a com.microsoft.todos/com.microsoft.todos.inappupdate.ImmediateUpdateActivity (client)' was disposed without first being removed with the input manager!
05-08 08:36:02.861   538  4647 W InputManager-JNI: Input channel object '3c69a3f com.microsoft.todos/com.microsoft.todos.ui.LaunchActivity (client)' was disposed without first being removed with the input manager!
05-08 08:36:02.870   538   583 W ActivityTaskManager: Can't find TaskDisplayArea to determine support for multi window. Task id=22 attached=false
05-08 08:36:02.870   538   583 W ActivityTaskManager: Can't find TaskDisplayArea to determine support for multi window. Task id=22 attached=false
05-08 08:36:03.413  1349  1505 W MediaProvider: isAppCloneUserPair for user 0: false
05-08 08:36:03.447   176   176 I hwservicemanager: getTransport: Cannot find entry android.hardware.graphics.mapper@4.0::IMapper/default in either framework or device VINTF manifest.
05-08 08:36:03.447  3402  3404 I Gralloc4: mapper 4.x is not supported
05-08 08:36:03.719  1349  1860 I MediaProvider: Begin Intent { act=android.intent.action.MEDIA_SCANNER_SCAN_FILE dat=file:///sdcard/screen_2025-05-08_163603.png flg=0x1400010 cmp=com.google.android.providers.media.module/com.android.providers.media.MediaService }
05-08 08:36:03.731  1349  1860 I MediaProvider: End Intent { act=android.intent.action.MEDIA_SCANNER_SCAN_FILE dat=file:///sdcard/screen_2025-05-08_163603.png flg=0x1400010 cmp=com.google.android.providers.media.module/com.android.providers.media.MediaService }
05-08 08:36:03.844  1349  7520 I MediaProvider: Deleted 0 1 0 0 0 0 0 items on external_primary due to com.android.shell
05-08 08:36:04.450  1349  1505 W MediaProvider: isAppCloneUserPair for user 0: false
05-08 08:36:04.492   176   176 I hwservicemanager: getTransport: Cannot find entry android.hardware.graphics.mapper@4.0::IMapper/default in either framework or device VINTF manifest.
05-08 08:36:04.493  3447  3449 I Gralloc4: mapper 4.x is not supported
05-08 08:36:04.856  1349  1860 I MediaProvider: Begin Intent { act=android.intent.action.MEDIA_SCANNER_SCAN_FILE dat=file:///sdcard/screen_2025-05-08_163604.png flg=0x1400010 cmp=com.google.android.providers.media.module/com.android.providers.media.MediaService }
05-08 08:36:04.866  1349  1860 I MediaProvider: End Intent { act=android.intent.action.MEDIA_SCANNER_SCAN_FILE dat=file:///sdcard/screen_2025-05-08_163604.png flg=0x1400010 cmp=com.google.android.providers.media.module/com.android.providers.media.MediaService }
05-08 08:36:04.977  1349  7520 I MediaProvider: Deleted 0 1 0 0 0 0 0 items on external_primary due to com.android.shell
05-08 08:36:05.547  1349  1505 W MediaProvider: isAppCloneUserPair for user 0: false
05-08 08:36:05.584   176   176 I hwservicemanager: getTransport: Cannot find entry android.hardware.graphics.mapper@4.0::IMapper/default in either framework or device VINTF manifest.
05-08 08:36:05.585  3492  3494 I Gralloc4: mapper 4.x is not supported
05-08 08:36:06.012  1349  1860 I MediaProvider: Begin Intent { act=android.intent.action.MEDIA_SCANNER_SCAN_FILE dat=file:///sdcard/screen_2025-05-08_163605.png flg=0x1400010 cmp=com.google.android.providers.media.module/com.android.providers.media.MediaService }
05-08 08:36:06.020  1349  1860 I MediaProvider: End Intent { act=android.intent.action.MEDIA_SCANNER_SCAN_FILE dat=file:///sdcard/screen_2025-05-08_163605.png flg=0x1400010 cmp=com.google.android.providers.media.module/com.android.providers.media.MediaService }
05-08 08:36:06.094  1349  7520 I MediaProvider: Deleted 0 1 0 0 0 0 0 items on external_primary due to com.android.shell
05-08 08:36:06.094  1172  2228 I UriTaskContentObserver: (REDACTED) Throttling content uri change event for %s
05-08 08:36:06.371   538  4647 I ActivityTaskManager: START u0 {act=android.intent.action.MAIN cat=[android.intent.category.LAUNCHER] flg=0x10000000 cmp=com.microsoft.todos/.ui.LaunchActivity} from uid 2000
05-08 08:36:06.372   538  4647 W ActivityTaskManager: Can't find TaskDisplayArea to determine support for multi window. Task id=23 attached=false
05-08 08:36:06.378   538  4921 W ActivityTaskManager: Tried to set launchTime (0) < mLastActivityLaunchTime (1069705)
05-08 08:36:06.390  2312  2312 I PlayCore: UID: [10185]  PID: [2312] AppUpdateService : requestUpdateInfo(com.microsoft.todos)
05-08 08:36:06.391  2312  3160 I PlayCore: UID: [10185]  PID: [2312] AppUpdateService : Initiate binding to the service.
05-08 08:36:06.417  2312  2312 I PlayCore: UID: [10185]  PID: [2312] AppUpdateService : ServiceConnectionImpl.onServiceConnected(ComponentInfo{com.android.vending/com.google.android.finsky.installservice.DevTriggeredUpdateService})
05-08 08:36:06.422  2312  3160 I PlayCore: UID: [10185]  PID: [2312] AppUpdateService : linkToDeath
05-08 08:36:06.433  2885  3531 I Finsky  : [423] wqn.a(225): Prepare dev-triggered update flow...
05-08 08:36:06.436  2885  3531 I Finsky  : [423] arwc.n(61): ICalc: estimated size required for installing : 28018211 bytes
05-08 08:36:06.437  2885  3173 I Finsky  : [416] arwc.l(74): ICalc: Partition available space: 3937411072, install size: 28018211, min free: 312033280, additional needed: 0
05-08 08:36:06.440  2312  2424 I PlayCore: UID: [10185]  PID: [2312] OnRequestInstallCallback : onRequestInfo
05-08 08:36:06.440  2312  3160 I PlayCore: UID: [10185]  PID: [2312] AppUpdateService : Unbind from service.
05-08 08:36:06.479  1346  1346 I GsaVoiceInteractionSrv: Handling ACTION_STOP_HOTWORD
05-08 08:36:06.482  1346  1346 E HwDetectorWithState: a: 3
05-08 08:36:06.625   538  4647 I ActivityTaskManager: START u0 {cmp=com.microsoft.todos/.inappupdate.ImmediateUpdateActivity} from uid 10185
05-08 08:36:06.632   538   577 I ActivityTaskManager: Displayed com.microsoft.todos/.ui.LaunchActivity: +252ms
05-08 08:36:06.640   538  1658 W ActivityTaskManager: Tried to set launchTime (0) < mLastActivityLaunchTime (1079174)
05-08 08:36:06.652  2312  2312 I PlayCore: UID: [10185]  PID: [2312] AppUpdateService : requestUpdateInfo(com.microsoft.todos)
05-08 08:36:06.652  2312  3160 I PlayCore: UID: [10185]  PID: [2312] AppUpdateService : Initiate binding to the service.
05-08 08:36:06.778  2312  2312 I PlayCore: UID: [10185]  PID: [2312] AppUpdateService : ServiceConnectionImpl.onServiceConnected(ComponentInfo{com.android.vending/com.google.android.finsky.installservice.DevTriggeredUpdateService})
05-08 08:36:06.781   538   577 I ActivityTaskManager: Displayed com.microsoft.todos/.inappupdate.ImmediateUpdateActivity: +155ms
05-08 08:36:06.782  2312  3160 I PlayCore: UID: [10185]  PID: [2312] AppUpdateService : linkToDeath
05-08 08:36:06.802  2885  3540 I Finsky  : [425] wqn.a(225): Prepare dev-triggered update flow...
05-08 08:36:06.817  2885  3540 I Finsky  : [425] arwc.n(61): ICalc: estimated size required for installing : 28018211 bytes
05-08 08:36:06.818  2885  1637 I Finsky  : [399] arwc.l(74): ICalc: Partition available space: 3937411072, install size: 28018211, min free: 312033280, additional needed: 0
05-08 08:36:06.826  2312  2424 I PlayCore: UID: [10185]  PID: [2312] OnRequestInstallCallback : onRequestInfo
05-08 08:36:06.826  2312  3160 I PlayCore: UID: [10185]  PID: [2312] AppUpdateService : Unbind from service.
05-08 08:36:06.827   538  4647 I ActivityTaskManager: START u0 {typ=blocking.intent cmp=com.android.vending/com.google.android.finsky.playcoreacquisition.PlayCoreAcquisitionActivity (has extras)} from uid 10103
05-08 08:36:06.841   538  1658 W ActivityTaskManager: Tried to set launchTime (0) < mLastActivityLaunchTime (1069874)
05-08 08:36:06.852   538  1658 W ActivityManager: Unable to start service Intent { act=android.service.smartspace.SmartspaceService cmp=com.google.android.as/com.google.android.apps.miphone.aiai.app.AiAiSmartspaceService } U=0: not found
05-08 08:36:06.852   538  1658 W RemoteSmartspaceService: could not bind to Intent { act=android.service.smartspace.SmartspaceService cmp=com.google.android.as/com.google.android.apps.miphone.aiai.app.AiAiSmartspaceService } using flags 67112961
05-08 08:36:06.843  1172 24207 I NearbyMediums: No BLE Fast/GATT advertisements found in the latest cycle.
05-08 08:36:06.854   538   538 W ActivityManager: Unbind failed: could not find connection for android.app.LoadedApk$ServiceDispatcher$InnerConnection@36417ec
05-08 08:36:06.858  1533  1533 I A       : onApplyWindowInsets: systemWindowInsets=Insets{left=0, top=63, right=0, bottom=126}
05-08 08:36:06.859  1533  1533 I A       : onApplyWindowInsets: systemWindowInsets=Insets{left=0, top=63, right=0, bottom=126}
05-08 08:36:06.860  2885  2885 I Finsky  : [2] PlayCoreAcquisitionActivity.D(177): Starting Immediate Flow.
05-08 08:36:06.864  2885  2885 I Finsky  : [2] aehx.K(6): Showing immediate In-app Update dialog.
05-08 08:36:06.880  2885  2906 I Finsky  : [51] zdh.a(107): Verifying app locale consistency (current locale = English (United States))
05-08 08:36:06.880  2885  2906 I Finsky  : [51] zdh.a(126): Language Split Installed = true
05-08 08:36:06.880  2885  2906 I Finsky  : [51] zdh.a(151): Has Inconsistent Persistent Cache = false (cache has locale(s) = [en-US])
05-08 08:36:06.880  2885  2906 I Finsky  : [51] zdh.a(178): Has Inconsistent Memory Cache = false (initial locale = English (United States))
05-08 08:36:06.994   538   577 I ActivityTaskManager: Displayed com.android.vending/com.google.android.finsky.playcoreacquisition.PlayCoreAcquisitionActivity: +164ms
05-08 08:36:07.001   538  1998 W InputManager-JNI: Input channel object 'ccc16ad Splash Screen com.microsoft.todos (client)' was disposed without first being removed with the input manager!
05-08 08:36:07.234   538  4647 I ActivityManager: Killing 1175:com.google.android.configupdater/u0a91 (adj 965): empty #17
05-08 08:36:07.234   538  4647 I ActivityManager: Killing 32110:com.cnn.mobile.android.phone/u0a168 (adj 975): empty #18
05-08 08:36:07.241   321   321 I Zygote  : Process 1175 exited due to signal 9 (Killed)
05-08 08:36:07.256   321   321 I Zygote  : Process 32110 exited due to signal 9 (Killed)
05-08 08:36:07.280   538   594 I libprocessgroup: Successfully killed process cgroup uid 10091 pid 1175 in 44ms
05-08 08:36:07.281   538   594 I libprocessgroup: Successfully killed process cgroup uid 10168 pid 32110 in 0ms
05-08 08:36:07.503   538   554 W System  : A resource failed to call release. 
05-08 08:36:07.504   538   554 W System  : A resource failed to call close. 
05-08 08:36:07.504   538   554 W System  : A resource failed to call close. 
05-08 08:36:07.504   538   554 W System  : A resource failed to call release. 
05-08 08:36:07.504   538   554 W System  : A resource failed to call close. 
05-08 08:36:07.684  1349  7526 W MediaProvider: isAppCloneUserPair for user 0: false
05-08 08:36:07.742   176   176 I hwservicemanager: getTransport: Cannot find entry android.hardware.graphics.mapper@4.0::IMapper/default in either framework or device VINTF manifest.
05-08 08:36:07.743  3575  3577 I Gralloc4: mapper 4.x is not supported
05-08 08:36:07.746   538  1951 W UriGrantsManagerService: No permission grants found for com.google.android.apps.photos
05-08 08:36:07.747   538  1951 W UriGrantsManagerService: No permission grants found for com.google.android.apps.photos
05-08 08:36:07.784   538  1951 W UriGrantsManagerService: No permission grants found for com.google.android.apps.photos
05-08 08:36:07.785   538  1951 W UriGrantsManagerService: No permission grants found for com.google.android.apps.photos
05-08 08:36:07.815  7436  3580 I XmpUtil : XMP parse: only JPEG file is supported
05-08 08:36:07.817  7436  3579 I XmpUtil : XMP parse: only JPEG file is supported
05-08 08:36:07.826  1349  1375 I MediaProvider: Open with lower FS for /storage/emulated/0/screen_2025-04-22_154513.png. Uid: 10126
05-08 08:36:07.833  7436  3587 I XmpUtil : XMP parse: only JPEG file is supported
05-08 08:36:07.840  1349 15015 I MediaProvider: Open with lower FS for /storage/emulated/0/screen_2025-04-22_154514.png. Uid: 10126
05-08 08:36:07.840  1349 11587 I MediaProvider: Open with lower FS for /storage/emulated/0/screen_2025-04-22_150349.png. Uid: 10126
05-08 08:36:07.843  7436  3580 I XmpUtil : XMP parse: only JPEG file is supported
05-08 08:36:07.845  7436  3587 I XmpUtil : XMP parse: only JPEG file is supported
05-08 08:36:07.848  1349 11587 I MediaProvider: Open with lower FS for /storage/emulated/0/screen_2025-04-22_154519.png. Uid: 10126
05-08 08:36:07.851  1349 15015 I MediaProvider: Open with lower FS for /storage/emulated/0/screen_2025-04-22_154520.png. Uid: 10126
05-08 08:36:07.853  7436  3579 I XmpUtil : XMP parse: only JPEG file is supported
05-08 08:36:07.855  7436  3580 I XmpUtil : XMP parse: only JPEG file is supported
05-08 08:36:07.859  1349 15015 I MediaProvider: Open with lower FS for /storage/emulated/0/screen_2025-04-22_154525.png. Uid: 10126
05-08 08:36:07.860  1349 11587 I MediaProvider: Open with lower FS for /storage/emulated/0/screen_2025-04-22_154526.png. Uid: 10126
05-08 08:36:07.863  7436  3587 I XmpUtil : XMP parse: only JPEG file is supported
05-08 08:36:07.865  7436  3579 I XmpUtil : XMP parse: only JPEG file is supported
05-08 08:36:07.869  1349 11587 I MediaProvider: Open with lower FS for /storage/emulated/0/screen_2025-04-22_154531.png. Uid: 10126
05-08 08:36:07.870  1349 15015 I MediaProvider: Open with lower FS for /storage/emulated/0/screen_2025-04-22_154537.png. Uid: 10126
05-08 08:36:07.874  7436  3580 I XmpUtil : XMP parse: only JPEG file is supported
05-08 08:36:07.875  7436  3587 I XmpUtil : XMP parse: only JPEG file is supported
05-08 08:36:07.881  1349  1860 I MediaProvider: Begin Intent { act=android.intent.action.MEDIA_SCANNER_SCAN_FILE dat=file:///sdcard/screen_2025-05-08_163607.png flg=0x1400010 cmp=com.google.android.providers.media.module/com.android.providers.media.MediaService }
05-08 08:36:07.883  1349 15015 I MediaProvider: Open with lower FS for /storage/emulated/0/screen_2025-04-22_154542.png. Uid: 10126
05-08 08:36:07.888  1349  1375 I MediaProvider: Open with lower FS for /storage/emulated/0/screen_2025-04-22_154543.png. Uid: 10126
05-08 08:36:07.892  7436  3579 I XmpUtil : XMP parse: only JPEG file is supported
05-08 08:36:07.892  1349  1860 I MediaProvider: End Intent { act=android.intent.action.MEDIA_SCANNER_SCAN_FILE dat=file:///sdcard/screen_2025-05-08_163607.png flg=0x1400010 cmp=com.google.android.providers.media.module/com.android.providers.media.MediaService }
05-08 08:36:07.895  7436  3580 I XmpUtil : XMP parse: only JPEG file is supported
05-08 08:36:07.901  1349 15015 I MediaProvider: Open with lower FS for /storage/emulated/0/screen_2025-04-22_154548.png. Uid: 10126
05-08 08:36:07.904  1349  1375 I MediaProvider: Open with lower FS for /storage/emulated/0/screen_2025-04-22_154549.png. Uid: 10126
05-08 08:36:07.909  7436  3587 I XmpUtil : XMP parse: only JPEG file is supported
05-08 08:36:07.910  7436  3579 I XmpUtil : XMP parse: only JPEG file is supported
05-08 08:36:07.921  1349 15015 I MediaProvider: Open with lower FS for /storage/emulated/0/screen_2025-04-22_154554.png. Uid: 10126
05-08 08:36:07.926  7436  3580 I XmpUtil : XMP parse: only JPEG file is supported
05-08 08:36:07.927  1349  1375 I MediaProvider: Open with lower FS for /storage/emulated/0/screen_2025-04-22_154600.png. Uid: 10126
05-08 08:36:07.936  1349  1375 I MediaProvider: Open with lower FS for /storage/emulated/0/screen_2025-04-22_154606.png. Uid: 10126
05-08 08:36:07.938  7436  3587 I XmpUtil : XMP parse: only JPEG file is supported
05-08 08:36:07.943  7436  3579 I XmpUtil : XMP parse: only JPEG file is supported
05-08 08:36:07.950  1349  1375 I MediaProvider: Open with lower FS for /storage/emulated/0/screen_2025-04-22_154611.png. Uid: 10126
05-08 08:36:07.954  7436  3580 I XmpUtil : XMP parse: only JPEG file is supported
05-08 08:36:07.957  1349 15015 I MediaProvider: Open with lower FS for /storage/emulated/0/screen_2025-04-22_154612.png. Uid: 10126
05-08 08:36:07.966  7436  3587 I XmpUtil : XMP parse: only JPEG file is supported
05-08 08:36:07.967  1349 15015 I MediaProvider: Open with lower FS for /storage/emulated/0/screen_2025-04-22_154617.png. Uid: 10126
05-08 08:36:07.970  1349  1504 I MediaProvider: Deleted 0 1 0 0 0 0 0 items on external_primary due to com.android.shell
05-08 08:36:07.971  1172  2228 I UriTaskContentObserver: (REDACTED) Throttling content uri change event for %s
05-08 08:36:07.972  7436  3579 I XmpUtil : XMP parse: only JPEG file is supported
05-08 08:36:07.976  1349  1375 I MediaProvider: Open with lower FS for /storage/emulated/0/screen_2025-04-22_154623.png. Uid: 10126
05-08 08:36:07.982  7436  3580 I XmpUtil : XMP parse: only JPEG file is supported
05-08 08:36:07.983  1349 15015 I MediaProvider: Open with lower FS for /storage/emulated/0/screen_2025-04-22_154629.png. Uid: 10126
05-08 08:36:07.986  7436  3587 I XmpUtil : XMP parse: only JPEG file is supported
05-08 08:36:07.989  1349 15015 I MediaProvider: Open with lower FS for /storage/emulated/0/screen_2025-04-22_154634.png. Uid: 10126
05-08 08:36:07.992  1349  1375 I MediaProvider: Open with lower FS for /storage/emulated/0/screen_2025-04-22_154635.png. Uid: 10126
05-08 08:36:07.994  7436  3579 I XmpUtil : XMP parse: only JPEG file is supported
05-08 08:36:07.994  7436  3580 I XmpUtil : XMP parse: only JPEG file is supported
05-08 08:36:08.001  1349  1375 I MediaProvider: Open with lower FS for /storage/emulated/0/screen_2025-04-22_154646.png. Uid: 10126
05-08 08:36:08.002  1349 15015 I MediaProvider: Open with lower FS for /storage/emulated/0/screen_2025-04-22_154640.png. Uid: 10126
05-08 08:36:08.007   538  1998 W UriGrantsManagerService: No permission grants found for com.google.android.apps.photos
05-08 08:36:08.007   538  1951 W UriGrantsManagerService: No permission grants found for com.google.android.apps.photos
05-08 08:36:08.045  7436  7501 I XmpUtil : XMP parse: only JPEG file is supported
05-08 08:36:08.056  1349 15015 I MediaProvider: Open with lower FS for /storage/emulated/0/screen_2025-04-22_154646.png. Uid: 10126
05-08 08:36:08.066  7436  7501 I XmpUtil : XMP parse: only JPEG file is supported
05-08 08:36:08.075  1349 15015 I MediaProvider: Open with lower FS for /storage/emulated/0/screen_2025-04-22_154640.png. Uid: 10126
05-08 08:36:08.085  7436  7501 I XmpUtil : XMP parse: only JPEG file is supported
05-08 08:36:08.095  1349 15015 I MediaProvider: Open with lower FS for /storage/emulated/0/screen_2025-04-22_154635.png. Uid: 10126
05-08 08:36:08.106  7436  7501 I XmpUtil : XMP parse: only JPEG file is supported
05-08 08:36:08.116  1349 15015 I MediaProvider: Open with lower FS for /storage/emulated/0/screen_2025-04-22_154634.png. Uid: 10126
05-08 08:36:08.130  7436  7501 I XmpUtil : XMP parse: only JPEG file is supported
05-08 08:36:08.139  1349 15015 I MediaProvider: Open with lower FS for /storage/emulated/0/screen_2025-04-22_154629.png. Uid: 10126
05-08 08:36:08.149  7436  7501 I XmpUtil : XMP parse: only JPEG file is supported
05-08 08:36:08.159  1349 15015 I MediaProvider: Open with lower FS for /storage/emulated/0/screen_2025-04-22_154623.png. Uid: 10126
05-08 08:36:08.173  7436  7501 I XmpUtil : XMP parse: only JPEG file is supported
05-08 08:36:08.182  1349 15015 I MediaProvider: Open with lower FS for /storage/emulated/0/screen_2025-04-22_154617.png. Uid: 10126
05-08 08:36:08.191  7436  7501 I XmpUtil : XMP parse: only JPEG file is supported
05-08 08:36:08.200  1349 15015 I MediaProvider: Open with lower FS for /storage/emulated/0/screen_2025-04-22_154612.png. Uid: 10126
05-08 08:36:08.209  7436  7501 I XmpUtil : XMP parse: only JPEG file is supported
