05-08 08:36:15.945  2981  2981 I Finsky:background: [2] afch.jb(51): PIM: Ignore install package event for: com.microsoft.todos, isid: tzaGbA4tT2uinWWT7dJGQg
05-08 08:36:15.971  2885  2885 I Finsky  : [2] wqv.a(37): Send broadcast to the requesting package com.microsoft.todos on install state: 1
05-08 08:36:15.972  2885  2885 I Finsky  : [2] apvy.e(257): DL: Data loader session turned off due to Incremental install not requested: com.microsoft.todos
05-08 08:36:16.275  1349  5273 W MediaProvider: isAppCloneUserPair for user 0: false
05-08 08:36:16.320   176   176 I hwservicemanager: getTransport: Cannot find entry android.hardware.graphics.mapper@4.0::IMapper/default in either framework or device VINTF manifest.
05-08 08:36:16.321  3975  3977 I Gralloc4: mapper 4.x is not supported
05-08 08:36:16.495  1349  1860 I MediaProvider: Begin Intent { act=android.intent.action.MEDIA_SCANNER_SCAN_FILE dat=file:///sdcard/screen_2025-05-08_163616.png flg=0x1400010 cmp=com.google.android.providers.media.module/com.android.providers.media.MediaService }
05-08 08:36:16.501  1349  1860 I MediaProvider: End Intent { act=android.intent.action.MEDIA_SCANNER_SCAN_FILE dat=file:///sdcard/screen_2025-05-08_163616.png flg=0x1400010 cmp=com.google.android.providers.media.module/com.android.providers.media.MediaService }
05-08 08:36:16.600  1349  7526 I MediaProvider: Deleted 0 1 0 0 0 0 0 items on external_primary due to com.android.shell
05-08 08:36:16.601  1172  2228 I UriTaskContentObserver: (REDACTED) Throttling content uri change event for %s
05-08 08:36:16.854  1172 24207 I NearbyMediums: No BLE Fast/GATT advertisements found in the latest cycle.
05-08 08:36:17.982  2981  3903 I Finsky:background: [170] rpi.c(106): DSC::L: Update all listeners for download <48:RUNNING:59%[59%]> in group com.microsoft.todos:tzaGbA4tT2uinWWT7dJGQg
05-08 08:36:17.984  2981  3903 I Finsky:background: [170] rpi.c(146): DSC::L: Updating listener DownloadServiceManagerListener::pzf@fef958b for download <48:RUNNING:59%[59%]>
05-08 08:36:17.985  2981  3903 I Finsky:background: [170] rpi.c(146): DSC::L: Updating listener DownloadServiceManagerListener::agfj@c432b03 for download <48:RUNNING:59%[59%]>
05-08 08:36:17.986  2981  3903 I Finsky:background: [170] agfj.f(13): DS: Received onProgress request_id=48
05-08 08:36:17.988  2981  3903 I Finsky:background: [170] bnwg.i(61): RM: receive resource status onProgress download_request_id=48, group_id=com.microsoft.todos.apk reason: developer_triggered_update isid: tzaGbA4tT2uinWWT7dJGQg, status_code=RESOURCE_STATUS_IN_PROGRESS, legacy_status_code=192, size: 12320688/20701941
05-08 08:36:17.989  2981  3022 I Finsky:background: [67] bcco.n(11): DSC: getDownload(48)
05-08 08:36:17.989  2981  3022 I Finsky:background: [67] rlw.i(13): DS: getDownload(request_id=48)
05-08 08:36:17.992  2981  3903 I Finsky:background: [170] rpi.c(146): DSC::L: Updating listener rjp@50c0a81 for download <48:RUNNING:59%[59%]>
05-08 08:36:18.019  2981  3903 I Finsky:background: [170] rlw.h(316): DS: onGetDownload(request_id=48, files_to_download=[com.microsoft.todos.apk(size:20701941)], context[group_id=com.microsoft.todos:tzaGbA4tT2uinWWT7dJGQg], display_data[invisible=false, title=To Do], network_restrictions=ANY_NETWORK status=running, bytes_downloaded=12320688, total_bytes=20701941, retry[count=0, next_retry=n/a])
05-08 08:36:18.025  2981  2981 I Finsky:background: [2] agem.a(74): RF: onProgress 48
05-08 08:36:18.026  2981  2981 I Finsky:background: [2] ageo.l(70): bytesCompleted/bytesTotal/ratio = 12320688 / 21246999 / 0.579879
05-08 08:36:18.027  2981  3822 I Finsky:background: [153] mfz.accept(262): IV2: onTaskProgress com.microsoft.todos[iid:10] [isid:tzaGbA4tT2uinWWT7dJGQg] status:RESOURCE_FETCH_PROGRESS, size: 12320688/21246999
05-08 08:36:18.031  2981  3769 I Finsky:background: [147] wnl.Q(41): IQ: Notifying installation update. [Package:com.microsoft.todos, isid:tzaGbA4tT2uinWWT7dJGQg], status=DOWNLOADING, status_code=0, reason=developer_triggered_update, tsc=PT6.737S, attempt=0
05-08 08:36:18.048  2981  2981 I Finsky:background: [2] afch.jb(51): PIM: Ignore install package event for: com.microsoft.todos, isid: tzaGbA4tT2uinWWT7dJGQg
05-08 08:36:18.052  2885  2885 I Finsky  : [2] wqv.a(37): Send broadcast to the requesting package com.microsoft.todos on install state: 1
05-08 08:36:18.053  2885  2885 I Finsky  : [2] apvy.e(257): DL: Data loader session turned off due to Incremental install not requested: com.microsoft.todos
05-08 08:36:18.821  2981  3908 E Finsky:background: [174] rnz.b(8): CronetDownloader: onFailed
05-08 08:36:18.821  2981  3908 E Finsky:background: org.chromium.net.impl.NetworkExceptionImpl: Exception in CronetUrlRequest: net::ERR_SSL_PROTOCOL_ERROR, ErrorCode=11, InternalErrorCode=-107, Retryable=false
05-08 08:36:18.821  2981  3908 E Finsky:background: 	at org.chromium.net.impl.CronetUrlRequest.onError(PG:66)
05-08 08:36:18.860  2981  3903 E Finsky:background: [170] rod.a(501): DS::CD: Retrying download <48:RUNNING:0%[0%]> after 6000 millis. Already tried 0 times.
05-08 08:36:18.860  2981  3903 E Finsky:background: com.google.android.finsky.downloadservicecommon.DownloadServiceException: Download Service Error: HTTP_DATA_ERROR (5)
05-08 08:36:18.860  2981  3903 E Finsky:background: 	at rnz.b(PG:65)
05-08 08:36:18.860  2981  3903 E Finsky:background: 	at bnzs.b(PG:3)
05-08 08:36:18.860  2981  3903 E Finsky:background: 	at bmhd.run(PG:52)
05-08 08:36:18.860  2981  3903 E Finsky:background: 	at java.util.concurrent.ThreadPoolExecutor.runWorker(ThreadPoolExecutor.java:1167)
05-08 08:36:18.860  2981  3903 E Finsky:background: 	at java.util.concurrent.ThreadPoolExecutor$Worker.run(ThreadPoolExecutor.java:641)
05-08 08:36:18.860  2981  3903 E Finsky:background: 	at bcba.run(PG:59)
05-08 08:36:18.860  2981  3903 E Finsky:background: 	at java.lang.Thread.run(Thread.java:920)
05-08 08:36:18.860  2981  3903 E Finsky:background: Caused by: org.chromium.net.impl.NetworkExceptionImpl: Exception in CronetUrlRequest: net::ERR_SSL_PROTOCOL_ERROR, ErrorCode=11, InternalErrorCode=-107, Retryable=false
05-08 08:36:18.860  2981  3903 E Finsky:background: 	at org.chromium.net.impl.CronetUrlRequest.onError(PG:66)
05-08 08:36:18.860  2981  3903 I Finsky:background: [170] rod.a(635): DS: Queuing download (request id: 48) for retry
05-08 08:36:18.879  2981  3903 I Finsky:background: [170] rny.b(11): DS::CD: download(49)
05-08 08:36:18.886  2981  3903 I Finsky:background: [170] rpi.c(106): DSC::L: Update all listeners for download <48:QUEUED with WAITING_FOR_RETRY:59%[59%]> in group com.microsoft.todos:tzaGbA4tT2uinWWT7dJGQg
05-08 08:36:18.887  2981  3903 I Finsky:background: [170] rpi.c(146): DSC::L: Updating listener DownloadServiceManagerListener::pzf@fef958b for download <48:QUEUED with WAITING_FOR_RETRY:59%[59%]>
05-08 08:36:18.887  2981  3903 I Finsky:background: [170] rpi.c(146): DSC::L: Updating listener DownloadServiceManagerListener::agfj@c432b03 for download <48:QUEUED with WAITING_FOR_RETRY:59%[59%]>
05-08 08:36:18.887  2981  3903 I Finsky:background: [170] agfj.f(13): DS: Received onProgress request_id=48
05-08 08:36:18.890  2981  3903 I Finsky:background: [170] bnwg.i(61): RM: receive resource status onProgress download_request_id=48, group_id=com.microsoft.todos.apk reason: developer_triggered_update isid: tzaGbA4tT2uinWWT7dJGQg, status_code=RESOURCE_STATUS_PENDING, legacy_status_code=194, size: 12320688/20701941
05-08 08:36:18.890  2981  3903 I Finsky:background: [170] rpi.c(146): DSC::L: Updating listener rjp@50c0a81 for download <48:QUEUED with WAITING_FOR_RETRY:59%[59%]>
05-08 08:36:18.893  2981  3026 I Finsky:background: [71] bcco.n(11): DSC: getDownload(48)
05-08 08:36:18.894  2981  3026 I Finsky:background: [71] rlw.i(13): DS: getDownload(request_id=48)
05-08 08:36:18.908  2981  3903 I Finsky:background: [170] ros.h(45): Scheduling retry after 5952 milliseconds.
05-08 08:36:18.908  2981  3903 I Finsky:background: [170] rou.a(7): DS::ISM: Scheduling download retry; job latency: PT5.952S
05-08 08:36:18.908  2981  3903 I Finsky:background: [170] azlj.e(39): SCH: Received scheduling request: Id: 40-9999, Constraints: [{ L: 5952, D: 86405952, C: CHARGING_NONE, I: IDLE_NONE, N: NET_NONE, B: BATTERY_ANY }]
05-08 08:36:18.910  2981  3903 I Finsky:background: [170] rpi.c(106): DSC::L: Update all listeners for download <49:RUNNING:0%[0%]> in group com.microsoft.todos:tzaGbA4tT2uinWWT7dJGQg
05-08 08:36:18.910  2981  3903 I Finsky:background: [170] rpi.c(146): DSC::L: Updating listener DownloadServiceManagerListener::pzf@fef958b for download <49:RUNNING:0%[0%]>
05-08 08:36:18.910  2981  3903 I Finsky:background: [170] rpi.c(146): DSC::L: Updating listener DownloadServiceManagerListener::agfj@c432b03 for download <49:RUNNING:0%[0%]>
05-08 08:36:18.910  2981  3903 I Finsky:background: [170] agfj.f(13): DS: Received onProgress request_id=49
05-08 08:36:18.910  2981  3903 I Finsky:background: [170] bnwg.i(61): RM: receive resource status onProgress download_request_id=49, group_id=com.microsoft.todos.dm reason: developer_triggered_update isid: tzaGbA4tT2uinWWT7dJGQg, status_code=RESOURCE_STATUS_IN_PROGRESS, legacy_status_code=192, size: 0/545058
05-08 08:36:18.911  2981  3026 I Finsky:background: [71] bcco.n(11): DSC: getDownload(49)
05-08 08:36:18.912  2981  3026 I Finsky:background: [71] rlw.i(13): DS: getDownload(request_id=49)
05-08 08:36:18.912  2981  3903 I Finsky:background: [170] rpi.c(146): DSC::L: Updating listener rjp@50c0a81 for download <49:RUNNING:0%[0%]>
05-08 08:36:18.972  2981  3903 I Finsky:background: [170] rlw.h(316): DS: onGetDownload(request_id=49, files_to_download=[com.microsoft.todos.dm(size:545058)], context[group_id=com.microsoft.todos:tzaGbA4tT2uinWWT7dJGQg], display_data[invisible=false, title=To Do], network_restrictions=ANY_NETWORK status=running, bytes_downloaded=0, total_bytes=545058, retry[count=0, next_retry=n/a])
05-08 08:36:18.972  2981  2981 I Finsky:background: [2] agem.a(74): RF: onProgress 49
05-08 08:36:18.974  2981  2981 I Finsky:background: [2] ageo.l(70): bytesCompleted/bytesTotal/ratio = 0 / 21246999 / 0.000000
05-08 08:36:18.980  2981  3822 I Finsky:background: [153] mfz.accept(262): IV2: onTaskProgress com.microsoft.todos[iid:10] [isid:tzaGbA4tT2uinWWT7dJGQg] status:RESOURCE_FETCH_PROGRESS, size: 0/21246999
05-08 08:36:18.984  2981  3769 I Finsky:background: [147] wnl.Q(41): IQ: Notifying installation update. [Package:com.microsoft.todos, isid:tzaGbA4tT2uinWWT7dJGQg], status=DOWNLOADING, status_code=0, reason=developer_triggered_update, tsc=PT7.69S, attempt=0
05-08 08:36:19.013  2981  2981 I Finsky:background: [2] afch.jb(51): PIM: Ignore install package event for: com.microsoft.todos, isid: tzaGbA4tT2uinWWT7dJGQg
05-08 08:36:19.020  2885  2885 I Finsky  : [2] wqv.a(37): Send broadcast to the requesting package com.microsoft.todos on install state: 1
05-08 08:36:19.025  2885  2885 I Finsky  : [2] apvy.e(257): DL: Data loader session turned off due to Incremental install not requested: com.microsoft.todos
05-08 08:36:19.102  1349  5273 W MediaProvider: isAppCloneUserPair for user 0: false
05-08 08:36:19.143   176   176 I hwservicemanager: getTransport: Cannot find entry android.hardware.graphics.mapper@4.0::IMapper/default in either framework or device VINTF manifest.
05-08 08:36:19.143  4101  4104 I Gralloc4: mapper 4.x is not supported
05-08 08:36:19.154  2981  3016 I Finsky:background: [64] sdg.accept(58): SCH: Scheduling phonesky job Id: 40-9999, CT: 1746693378908, Constraints: [{ L: 5952, D: 86405952, C: CHARGING_NONE, I: IDLE_NONE, N: NET_NONE, B: BATTERY_ANY }]
05-08 08:36:19.162  2981  3013 I Finsky:background: [61] nev.apply(251): SCH: Scheduling 1 system job(s)
05-08 08:36:19.162  2981  3013 I Finsky:background: [61] ahth.b(244): SCH: Scheduling system job Id: 10374, L: 5698, D: 86405698, C: false, I: false, N: 0
05-08 08:36:19.211  2981  3903 I Finsky:background: [170] rlw.h(316): DS: onGetDownload(request_id=48, files_to_download=[com.microsoft.todos.apk(size:20701941)], context[group_id=com.microsoft.todos:tzaGbA4tT2uinWWT7dJGQg], display_data[invisible=false, title=To Do], network_restrictions=ANY_NETWORK status=queued[3], bytes_downloaded=12320688, total_bytes=20701941, retry[count=1, next_retry=2025-05-08T08:36:24.860Z[GMT]])
05-08 08:36:19.212  2981  2981 I Finsky:background: [2] agem.a(74): RF: onProgress 48
05-08 08:36:19.213  2981  2981 I Finsky:background: [2] ageo.l(70): bytesCompleted/bytesTotal/ratio = 12320688 / 21246999 / 0.579879
05-08 08:36:19.213  2981  3822 I Finsky:background: [153] mfz.accept(262): IV2: onTaskProgress com.microsoft.todos[iid:10] [isid:tzaGbA4tT2uinWWT7dJGQg] status:RESOURCE_FETCH_PROGRESS, size: 12320688/21246999
05-08 08:36:19.215  2981  3769 I Finsky:background: [147] wnl.Q(41): IQ: Notifying installation update. [Package:com.microsoft.todos, isid:tzaGbA4tT2uinWWT7dJGQg], status=DOWNLOADING, status_code=0, reason=developer_triggered_update, tsc=PT7.921S, attempt=0
05-08 08:36:19.221  2981  3908 I Finsky:background: [174] rnz.d(6): CronetDownloader: onRedirectReceived
05-08 08:36:19.234  2981  2981 I Finsky:background: [2] afch.jb(51): PIM: Ignore install package event for: com.microsoft.todos, isid: tzaGbA4tT2uinWWT7dJGQg
05-08 08:36:19.237  2885  2885 I Finsky  : [2] wqv.a(37): Send broadcast to the requesting package com.microsoft.todos on install state: 1
05-08 08:36:19.238  2885  2885 I Finsky  : [2] apvy.e(257): DL: Data loader session turned off due to Incremental install not requested: com.microsoft.todos
05-08 08:36:19.296  1349  1860 I MediaProvider: Begin Intent { act=android.intent.action.MEDIA_SCANNER_SCAN_FILE dat=file:///sdcard/screen_2025-05-08_163619.png flg=0x1400010 cmp=com.google.android.providers.media.module/com.android.providers.media.MediaService }
05-08 08:36:19.301  1349  1860 I MediaProvider: End Intent { act=android.intent.action.MEDIA_SCANNER_SCAN_FILE dat=file:///sdcard/screen_2025-05-08_163619.png flg=0x1400010 cmp=com.google.android.providers.media.module/com.android.providers.media.MediaService }
05-08 08:36:19.377  1349  7526 I MediaProvider: Deleted 0 1 0 0 0 0 0 items on external_primary due to com.android.shell
05-08 08:36:19.378  1172  2228 I UriTaskContentObserver: (REDACTED) Throttling content uri change event for %s
05-08 08:36:19.669  1533  1533 I BgTaskExecutorImpl: Starting PERIODIC background task REFRESH_SEARCH_HISTORY.
05-08 08:36:19.743  1533  1612 W LocationOracle: getBestLocation(): no location is available
05-08 08:36:19.861  1533  4157 I WebViewFactory: Loading com.google.android.webview version 136.0.7103.60 (code 710306038)
05-08 08:36:19.864  1533  4157 W earchbox:searc: Entry not found
05-08 08:36:19.931  1349  5273 W MediaProvider: isAppCloneUserPair for user 0: false
05-08 08:36:19.981   176   176 I hwservicemanager: getTransport: Cannot find entry android.hardware.graphics.mapper@4.0::IMapper/default in either framework or device VINTF manifest.
05-08 08:36:19.982  4159  4161 I Gralloc4: mapper 4.x is not supported
05-08 08:36:20.068  1533  4157 I cr_WVCFactoryProvider: version=136.0.7103.60 (710306038) minSdkVersion=29 isBundle=false multiprocess=true packageId=2
05-08 08:36:20.111  2981  3903 I Finsky:background: [170] rpi.c(106): DSC::L: Update all listeners for download <49:RUNNING:0%[0%]> in group com.microsoft.todos:tzaGbA4tT2uinWWT7dJGQg
05-08 08:36:20.111  2981  3903 I Finsky:background: [170] rpi.c(146): DSC::L: Updating listener DownloadServiceManagerListener::pzf@fef958b for download <49:RUNNING:0%[0%]>
05-08 08:36:20.112  2981  3903 I Finsky:background: [170] rpi.c(146): DSC::L: Updating listener DownloadServiceManagerListener::agfj@c432b03 for download <49:RUNNING:0%[0%]>
05-08 08:36:20.112  2981  3903 I Finsky:background: [170] agfj.f(13): DS: Received onProgress request_id=49
05-08 08:36:20.112  2981  3903 I Finsky:background: [170] bnwg.i(61): RM: receive resource status onProgress download_request_id=49, group_id=com.microsoft.todos.dm reason: developer_triggered_update isid: tzaGbA4tT2uinWWT7dJGQg, status_code=RESOURCE_STATUS_IN_PROGRESS, legacy_status_code=192, size: 0/545058
05-08 08:36:20.112  2981  3903 I Finsky:background: [170] rpi.c(146): DSC::L: Updating listener rjp@50c0a81 for download <49:RUNNING:0%[0%]>
05-08 08:36:20.121  2981  3022 I Finsky:background: [67] bcco.n(11): DSC: getDownload(49)
05-08 08:36:20.122  2981  3022 I Finsky:background: [67] rlw.i(13): DS: getDownload(request_id=49)
05-08 08:36:20.128  1533  4167 E chromium: [0508/083620.114083:ERROR:android_webview/browser/variations/variations_seed_loader.cc:39] Seed missing signature.
05-08 08:36:20.135  1349  1860 I MediaProvider: Begin Intent { act=android.intent.action.MEDIA_SCANNER_SCAN_FILE dat=file:///sdcard/screen_2025-05-08_163620.png flg=0x1400010 cmp=com.google.android.providers.media.module/com.android.providers.media.MediaService }
05-08 08:36:20.143  1533  4167 I chromium: [0508/083620.143850:INFO:android_webview/browser/variations/variations_seed_loader.cc:67] Failed to open file for reading.: No such file or directory (2)
05-08 08:36:20.155   538   593 I ActivityManager: Start proc 4175:com.google.android.webview:webview_service/u0a116 for service {com.google.android.webview/org.chromium.android_webview.services.VariationsSeedServer}
05-08 08:36:20.163  1349  1860 W ExifInterface: Invalid image: ExifInterface got an unsupported image format file(ExifInterface supports JPEG and some RAW image formats only) or a corrupted JPEG file to ExifInterface.
05-08 08:36:20.163  1349  1860 W ExifInterface: java.io.EOFException
05-08 08:36:20.163  1349  1860 W ExifInterface: 	at android.media.ExifInterface$ByteOrderedDataInputStream.readShort(ExifInterface.java:4995)
05-08 08:36:20.163  1349  1860 W ExifInterface: 	at android.media.ExifInterface.readByteOrder(ExifInterface.java:3977)
05-08 08:36:20.163  1349  1860 W ExifInterface: 	at android.media.ExifInterface.parseTiffHeaders(ExifInterface.java:3997)
05-08 08:36:20.163  1349  1860 W ExifInterface: 	at android.media.ExifInterface.getRawAttributes(ExifInterface.java:2963)
05-08 08:36:20.163  1349  1860 W ExifInterface: 	at android.media.ExifInterface.loadAttributes(ExifInterface.java:2024)
05-08 08:36:20.163  1349  1860 W ExifInterface: 	at android.media.ExifInterface.<init>(ExifInterface.java:1641)
05-08 08:36:20.163  1349  1860 W ExifInterface: 	at android.media.ExifInterface.<init>(ExifInterface.java:1592)
05-08 08:36:20.163  1349  1860 W ExifInterface: 	at com.android.providers.media.scan.ModernMediaScanner.scanItemImage(ModernMediaScanner.java:1367)
05-08 08:36:20.163  1349  1860 W ExifInterface: 	at com.android.providers.media.scan.ModernMediaScanner.scanItem(ModernMediaScanner.java:1003)
05-08 08:36:20.163  1349  1860 W ExifInterface: 	at com.android.providers.media.scan.ModernMediaScanner.access$1200(ModernMediaScanner.java:146)
05-08 08:36:20.163  1349  1860 W ExifInterface: 	at com.android.providers.media.scan.ModernMediaScanner$Scan.visitFile(ModernMediaScanner.java:801)
05-08 08:36:20.163  1349  1860 W ExifInterface: 	at com.android.providers.media.scan.ModernMediaScanner$Scan.visitFile(ModernMediaScanner.java:320)
05-08 08:36:20.163  1349  1860 W ExifInterface: 	at java.nio.file.Files.walkFileTree(Files.java:2670)
05-08 08:36:20.163  1349  1860 W ExifInterface: 	at java.nio.file.Files.walkFileTree(Files.java:2742)
05-08 08:36:20.163  1349  1860 W ExifInterface: 	at com.android.providers.media.scan.ModernMediaScanner$Scan.walkFileTree(ModernMediaScanner.java:439)
05-08 08:36:20.163  1349  1860 W ExifInterface: 	at com.android.providers.media.scan.ModernMediaScanner$Scan.runInternal(ModernMediaScanner.java:402)
05-08 08:36:20.163  1349  1860 W ExifInterface: 	at com.android.providers.media.scan.ModernMediaScanner$Scan.run(ModernMediaScanner.java:391)
05-08 08:36:20.163  1349  1860 W ExifInterface: 	at com.android.providers.media.scan.ModernMediaScanner.scanFile(ModernMediaScanner.java:263)
05-08 08:36:20.163  1349  1860 W ExifInterface: 	at com.android.providers.media.MediaProvider.scanFile(MediaProvider.java:1273)
05-08 08:36:20.163  1349  1860 W ExifInterface: 	at com.android.providers.media.MediaProvider.scanFile(MediaProvider.java:1269)
05-08 08:36:20.163  1349  1860 W ExifInterface: 	at com.android.providers.media.MediaService.onScanFile(MediaService.java:215)
05-08 08:36:20.163  1349  1860 W ExifInterface: 	at com.android.providers.media.MediaService.onHandleWork(MediaService.java:85)
05-08 08:36:20.163  1349  1860 W ExifInterface: 	at androidx.core.app.JobIntentService$CommandProcessor.doInBackground(JobIntentService.java:396)
05-08 08:36:20.163  1349  1860 W ExifInterface: 	at androidx.core.app.JobIntentService$CommandProcessor.doInBackground(JobIntentService.java:387)
05-08 08:36:20.163  1349  1860 W ExifInterface: 	at android.os.AsyncTask$3.call(AsyncTask.java:394)
05-08 08:36:20.163  1349  1860 W ExifInterface: 	at java.util.concurrent.FutureTask.run(FutureTask.java:266)
05-08 08:36:20.163  1349  1860 W ExifInterface: 	at java.util.concurrent.ThreadPoolExecutor.runWorker(ThreadPoolExecutor.java:1167)
05-08 08:36:20.163  1349  1860 W ExifInterface: 	at java.util.concurrent.ThreadPoolExecutor$Worker.run(ThreadPoolExecutor.java:641)
05-08 08:36:20.163  1349  1860 W ExifInterface: 	at java.lang.Thread.run(Thread.java:920)
05-08 08:36:20.167  4175  4175 W webview_servic: Unexpected CPU variant for X86 using defaults: x86_64
05-08 08:36:20.171  4175  4175 E webview_servic: Not starting debugger since process cannot load the jdwp agent.
05-08 08:36:20.174  2981  3903 I Finsky:background: [170] rlw.h(316): DS: onGetDownload(request_id=49, files_to_download=[com.microsoft.todos.dm(size:545058)], context[group_id=com.microsoft.todos:tzaGbA4tT2uinWWT7dJGQg], display_data[invisible=false, title=To Do], network_restrictions=ANY_NETWORK status=running, bytes_downloaded=0, total_bytes=545058, retry[count=0, next_retry=n/a])
05-08 08:36:20.178  1349  1860 I MediaProvider: End Intent { act=android.intent.action.MEDIA_SCANNER_SCAN_FILE dat=file:///sdcard/screen_2025-05-08_163620.png flg=0x1400010 cmp=com.google.android.providers.media.module/com.android.providers.media.MediaService }
05-08 08:36:20.182  2981  2981 I Finsky:background: [2] agem.a(74): RF: onProgress 49
05-08 08:36:20.182  2981  2981 I Finsky:background: [2] ageo.l(70): bytesCompleted/bytesTotal/ratio = 0 / 21246999 / 0.000000
05-08 08:36:20.199  2981  3822 I Finsky:background: [153] mfz.accept(262): IV2: onTaskProgress com.microsoft.todos[iid:10] [isid:tzaGbA4tT2uinWWT7dJGQg] status:RESOURCE_FETCH_PROGRESS, size: 0/21246999
05-08 08:36:20.200  2981  3769 I Finsky:background: [147] wnl.Q(41): IQ: Notifying installation update. [Package:com.microsoft.todos, isid:tzaGbA4tT2uinWWT7dJGQg], status=DOWNLOADING, status_code=0, reason=developer_triggered_update, tsc=PT8.906S, attempt=0
05-08 08:36:20.223  2981  2981 I Finsky:background: [2] afch.jb(51): PIM: Ignore install package event for: com.microsoft.todos, isid: tzaGbA4tT2uinWWT7dJGQg
05-08 08:36:20.223  4175  4175 W webview_servic: Entry not found
05-08 08:36:20.240  4175  4175 I LoadedApk: No resource references to update in package com.google.android.trichromelibrary
05-08 08:36:20.241  4175  4175 I cr_WebViewApkApp: version=136.0.7103.60 (710306038) minSdkVersion=29 isBundle=false processName=com.google.android.webview:webview_service
05-08 08:36:20.241  1533  4157 I cr_LibraryLoader: Successfully loaded native library
05-08 08:36:20.243  2885  2885 I Finsky  : [2] wqv.a(37): Send broadcast to the requesting package com.microsoft.todos on install state: 1
05-08 08:36:20.246  2885  2885 I Finsky  : [2] apvy.e(257): DL: Data loader session turned off due to Incremental install not requested: com.microsoft.todos
05-08 08:36:20.249  1349  7526 I MediaProvider: Deleted 0 1 0 0 0 0 0 items on external_primary due to com.android.shell
05-08 08:36:20.253  1533  4157 I cr_CachingUmaRecorder: Flushed 7 samples from 7 histograms, 0 samples were dropped.
05-08 08:36:20.257  1172  2228 I UriTaskContentObserver: (REDACTED) Throttling content uri change event for %s
05-08 08:36:20.423  1172  1172 I BndSvcConfigHelper: No bound-service is registered for action: com.google.android.gms.herrevad.services.LightweightNetworkQualityAndroidService.START
05-08 08:36:20.423  1172  1172 I BoundBrokerSvc: Bound service not available for: Intent { act=com.google.android.gms.herrevad.services.LightweightNetworkQualityAndroidService.START pkg=com.google.android.gms }
05-08 08:36:20.423  1172  1184 I GmsApiChimeraSvc: Using MissingApiServiceBroker for com.google.android.gms.herrevad.services.LightweightNetworkQualityAndroidService.START due to missing BoundService implementation
05-08 08:36:20.616  4227  4227 I AndroidRuntime: Using default boot image
05-08 08:36:20.616  4227  4227 I AndroidRuntime: Leaving lock profiling enabled
05-08 08:36:20.616  4227  4227 W libc    : Access denied finding property "odsign.verification.success"
05-08 08:36:20.619  4227  4227 W app_process: ART APEX data files are untrusted.
05-08 08:36:20.612  4227  4227 W app_process: type=1400 audit(0.0:220): avc: denied { read } for name="u:object_r:odsign_prop:s0" dev="tmpfs" ino=203 scontext=u:r:shell:s0 tcontext=u:object_r:odsign_prop:s0 tclass=file permissive=0
05-08 08:36:20.693  4227  4227 W app_process: Unexpected CPU variant for X86 using defaults: x86_64
05-08 08:36:20.695  4227  4227 W app_process: ClassLoaderContext classpath size mismatch. expected=0, found=1 (PCL[] | PCL[/system/framework/android.test.runner.jar*1585996318])
05-08 08:36:20.859  2981  3903 I Finsky:background: [170] rpi.c(106): DSC::L: Update all listeners for download <49:RUNNING:100%[100%]> in group com.microsoft.todos:tzaGbA4tT2uinWWT7dJGQg
05-08 08:36:20.859  2981  3903 I Finsky:background: [170] rpi.c(146): DSC::L: Updating listener DownloadServiceManagerListener::pzf@fef958b for download <49:RUNNING:100%[100%]>
05-08 08:36:20.859  2981  3903 I Finsky:background: [170] rpi.c(146): DSC::L: Updating listener DownloadServiceManagerListener::agfj@c432b03 for download <49:RUNNING:100%[100%]>
05-08 08:36:20.859  2981  3903 I Finsky:background: [170] agfj.f(13): DS: Received onProgress request_id=49
05-08 08:36:20.859  2981  3903 I Finsky:background: [170] bnwg.i(61): RM: receive resource status onProgress download_request_id=49, group_id=com.microsoft.todos.dm reason: developer_triggered_update isid: tzaGbA4tT2uinWWT7dJGQg, status_code=RESOURCE_STATUS_IN_PROGRESS, legacy_status_code=192, size: 545058/545058
05-08 08:36:20.860  2981  3903 I Finsky:background: [170] rpi.c(146): DSC::L: Updating listener rjp@50c0a81 for download <49:RUNNING:100%[100%]>
05-08 08:36:20.861  2981  3014 I Finsky:background: [62] bcco.n(11): DSC: getDownload(49)
05-08 08:36:20.863  2981  3014 I Finsky:background: [62] rlw.i(13): DS: getDownload(request_id=49)
05-08 08:36:20.888  2981  3903 I Finsky:background: [170] rpi.c(106): DSC::L: Update all listeners for download <49:SUCCEEDED> in group com.microsoft.todos:tzaGbA4tT2uinWWT7dJGQg
05-08 08:36:20.888  2981  3903 I Finsky:background: [170] rpi.c(146): DSC::L: Updating listener DownloadServiceManagerListener::pzf@fef958b for download <49:SUCCEEDED>
05-08 08:36:20.892  2981  3903 I Finsky:background: [170] rpi.c(146): DSC::L: Updating listener DownloadServiceManagerListener::agfj@c432b03 for download <49:SUCCEEDED>
05-08 08:36:20.893  2981  3903 I Finsky:background: [170] bnwg.k(45): RM: receive resource status onSuccess com.microsoft.todos.dm reason: developer_triggered_update isid: tzaGbA4tT2uinWWT7dJGQg, 3, 200, size: 545058/545058
05-08 08:36:20.894  2981  3903 I Finsky:background: [170] rpi.c(146): DSC::L: Updating listener rjp@50c0a81 for download <49:SUCCEEDED>
05-08 08:36:20.896  2981  3014 I Finsky:background: [62] bcco.n(11): DSC: getDownload(49)
05-08 08:36:20.896  2981  3014 I Finsky:background: [62] rlw.i(13): DS: getDownload(request_id=49)
05-08 08:36:20.922  2981  3903 I Finsky:background: [170] rlw.h(316): DS: onGetDownload(request_id=49, files_to_download=[com.microsoft.todos.dm(size:545058)], context[group_id=com.microsoft.todos:tzaGbA4tT2uinWWT7dJGQg], display_data[invisible=false, title=To Do], network_restrictions=ANY_NETWORK status=succeeded, bytes_downloaded=545058, total_bytes=545058, retry[count=0, next_retry=n/a])
05-08 08:36:20.925  2981  3903 I Finsky:background: [170] ros.h(45): Scheduling retry after 3936 milliseconds.
05-08 08:36:20.925  2981  3903 I Finsky:background: [170] rou.a(7): DS::ISM: Scheduling download retry; job latency: PT3.936S
05-08 08:36:20.927  2981  2981 I Finsky:background: [2] agem.a(74): RF: onProgress 49
05-08 08:36:20.927  2981  3903 I Finsky:background: [170] azlj.e(39): SCH: Received scheduling request: Id: 40-9999, Constraints: [{ L: 3936, D: 86403936, C: CHARGING_NONE, I: IDLE_NONE, N: NET_NONE, B: BATTERY_ANY }]
05-08 08:36:20.927  2981  3903 I Finsky:background: [170] rlw.h(316): DS: onGetDownload(request_id=49, files_to_download=[com.microsoft.todos.dm(size:545058)], context[group_id=com.microsoft.todos:tzaGbA4tT2uinWWT7dJGQg], display_data[invisible=false, title=To Do], network_restrictions=ANY_NETWORK status=succeeded, bytes_downloaded=545058, total_bytes=545058, retry[count=0, next_retry=n/a])
05-08 08:36:20.927  2981  2981 I Finsky:background: [2] ageo.l(70): bytesCompleted/bytesTotal/ratio = 545058 / 21246999 / 0.025653
05-08 08:36:20.928  2981  2981 I Finsky:background: [2] agem.b(40): RF: onResourceSuccess 49
05-08 08:36:20.929  2981  2981 I Finsky:background: [2] ageo.l(70): bytesCompleted/bytesTotal/ratio = 545058 / 21246999 / 0.025653
05-08 08:36:20.930  2981  3822 I Finsky:background: [153] mfz.accept(262): IV2: onTaskProgress com.microsoft.todos[iid:10] [isid:tzaGbA4tT2uinWWT7dJGQg] status:RESOURCE_FETCH_PROGRESS, size: 545058/21246999
05-08 08:36:20.931  2981  3822 I Finsky:background: [153] mfz.accept(262): IV2: onTaskProgress com.microsoft.todos[iid:10] [isid:tzaGbA4tT2uinWWT7dJGQg] status:RESOURCE_FETCH_PROGRESS, size: 545058/21246999
05-08 08:36:20.931  2981  3769 I Finsky:background: [147] wnl.Q(41): IQ: Notifying installation update. [Package:com.microsoft.todos, isid:tzaGbA4tT2uinWWT7dJGQg], status=DOWNLOADING, status_code=0, reason=developer_triggered_update, tsc=PT9.637S, attempt=0
05-08 08:36:20.935  2981  2981 I Finsky:background: [2] agem.c(40): RF: onSuccess 49
05-08 08:36:20.936  2981  3822 I Finsky:background: [153] mfz.accept(262): IV2: onTaskProgress com.microsoft.todos[iid:10] [isid:tzaGbA4tT2uinWWT7dJGQg] status:RESOURCE_FETCH_PROGRESS, size: 545058/21246999
05-08 08:36:20.939  2981  3013 I Finsky:background: [61] aged.a(1202): RF: starting postprocessing for com.microsoft.todos.dm
05-08 08:36:20.940  2981  4248 I Finsky:background: [176] puf.run(262): DU: Stored data usage stats for package com.microsoft.todos; completed bytes: 545058.
05-08 08:36:20.941  2981  3013 I Finsky:background: [61] agdo.a(991): RF::PP-Copy: starting to copy for com.microsoft.todos[iid:10] [isid:tzaGbA4tT2uinWWT7dJGQg] [tid: 1000000013]
05-08 08:36:20.949  2981  3013 I Finsky:background: [61] achs.call(1286): RF::PP-Copy: copied to file:///data/user/0/com.android.vending/files/devtriggeredapks/com.microsoft.todos/base.dm
05-08 08:36:20.949  2981  3013 I Finsky:background: [61] agdo.a(906): RF::PP-Verify: starting to verify for com.microsoft.todos[iid:10] [isid:tzaGbA4tT2uinWWT7dJGQg] [tid: 1000000013].
05-08 08:36:20.957  2981  2981 I Finsky:background: [2] afch.jb(51): PIM: Ignore install package event for: com.microsoft.todos, isid: tzaGbA4tT2uinWWT7dJGQg
05-08 08:36:20.959  2981  3769 I Finsky:background: [147] wnl.Q(41): IQ: Notifying installation update. [Package:com.microsoft.todos, isid:tzaGbA4tT2uinWWT7dJGQg], status=DOWNLOADING, status_code=0, reason=developer_triggered_update, tsc=PT9.665S, attempt=0
05-08 08:36:20.959  2885  2885 I Finsky  : [2] wqv.a(37): Send broadcast to the requesting package com.microsoft.todos on install state: 1
05-08 08:36:20.961  2885  2885 I Finsky  : [2] apvy.e(257): DL: Data loader session turned off due to Incremental install not requested: com.microsoft.todos
05-08 08:36:20.978  2981  3015 I Finsky:background: [63] aggx.t(9): RM: remove resources for request 6343e59c-fee2-439b-a5d0-187d99ccbd78
05-08 08:36:20.979  2981  3022 I Finsky:background: [67] bcco.q(11): DSC: remove(49)
05-08 08:36:20.980  2981  3022 I Finsky:background: [67] rlw.k(13): DS: remove(request_id=49)
05-08 08:36:20.991  2981  2981 I Finsky:background: [2] afch.jb(51): PIM: Ignore install package event for: com.microsoft.todos, isid: tzaGbA4tT2uinWWT7dJGQg
05-08 08:36:20.992  2981  3769 I Finsky:background: [147] wnl.Q(41): IQ: Notifying installation update. [Package:com.microsoft.todos, isid:tzaGbA4tT2uinWWT7dJGQg], status=DOWNLOADING, status_code=0, reason=developer_triggered_update, tsc=PT9.698S, attempt=0
05-08 08:36:20.993  2885  2885 I Finsky  : [2] wqv.a(37): Send broadcast to the requesting package com.microsoft.todos on install state: 1
05-08 08:36:20.995  2885  2885 I Finsky  : [2] apvy.e(257): DL: Data loader session turned off due to Incremental install not requested: com.microsoft.todos
05-08 08:36:21.009  2981  3903 I Finsky:background: [170] rlw.h(316): DS: onRemove(request_id=49, files_to_download=[com.microsoft.todos.dm(size:545058)], context[group_id=com.microsoft.todos:tzaGbA4tT2uinWWT7dJGQg], display_data[invisible=false, title=To Do], network_restrictions=ANY_NETWORK status=succeeded, bytes_downloaded=545058, total_bytes=545058, retry[count=0, next_retry=n/a])
05-08 08:36:21.012  2981  2981 I Finsky:background: [2] afch.jb(51): PIM: Ignore install package event for: com.microsoft.todos, isid: tzaGbA4tT2uinWWT7dJGQg
05-08 08:36:21.014  2885  2885 I Finsky  : [2] wqv.a(37): Send broadcast to the requesting package com.microsoft.todos on install state: 1
05-08 08:36:21.015  2885  2885 I Finsky  : [2] apvy.e(257): DL: Data loader session turned off due to Incremental install not requested: com.microsoft.todos
05-08 08:36:21.157  2981  3013 I Finsky:background: [61] sdg.accept(58): SCH: Scheduling phonesky job Id: 40-9999, CT: 1746693380927, Constraints: [{ L: 3936, D: 86403936, C: CHARGING_NONE, I: IDLE_NONE, N: NET_NONE, B: BATTERY_ANY }]
05-08 08:36:21.162  2981  3011 I Finsky:background: [59] nev.apply(251): SCH: Scheduling 0 system job(s)
05-08 08:36:21.518  1533  1787 W CorpusConfigHelper: Invalid input from icing corpus JSON flag.
05-08 08:36:21.518  1533  1787 W CorpusConfigHelper: android.util.MalformedJsonException: Use JsonReader.setLenient(true) to accept malformed JSON at line 123 column 2
05-08 08:36:21.518  1533  1787 W CorpusConfigHelper: 	at android.util.JsonReader.syntaxError(JsonReader.java:1162)
05-08 08:36:21.518  1533  1787 W CorpusConfigHelper: 	at android.util.JsonReader.checkLenient(JsonReader.java:840)
05-08 08:36:21.518  1533  1787 W CorpusConfigHelper: 	at android.util.JsonReader.nextInArray(JsonReader.java:615)
05-08 08:36:21.518  1533  1787 W CorpusConfigHelper: 	at android.util.JsonReader.peek(JsonReader.java:345)
05-08 08:36:21.518  1533  1787 W CorpusConfigHelper: 	at android.util.JsonReader.hasNext(JsonReader.java:321)
05-08 08:36:21.518  1533  1787 W CorpusConfigHelper: 	at com.google.android.apps.gsa.searchbox.c.b.b.k.c(SourceFile:6)
05-08 08:36:21.518  1533  1787 W CorpusConfigHelper: 	at com.google.android.apps.gsa.searchbox.c.b.b.k.<init>(SourceFile:4)
05-08 08:36:21.518  1533  1787 W CorpusConfigHelper: 	at com.google.android.apps.gsa.staticplugins.searchboxroot.features.n.a.c.<init>(SourceFile:4)
05-08 08:36:21.518  1533  1787 W CorpusConfigHelper: 	at com.google.android.apps.gsa.staticplugins.searchboxroot.b.a(SourceFile:14)
05-08 08:36:21.518  1533  1787 W CorpusConfigHelper: 	at com.google.android.apps.gsa.staticplugins.searchboxroot.y.<init>(SourceFile:8)
05-08 08:36:21.518  1533  1787 W CorpusConfigHelper: 	at com.google.android.apps.gsa.binaries.velvet.app.yy.a(SourceFile:48)
05-08 08:36:21.518  1533  1787 W CorpusConfigHelper: 	at dagger.a.e.a(SourceFile:1)
05-08 08:36:21.518  1533  1787 W CorpusConfigHelper: 	at com.google.android.apps.gsa.binaries.velvet.app.yz.a(Unknown Source:2)
05-08 08:36:21.518  1533  1787 W CorpusConfigHelper: 	at com.google.android.apps.gsa.binaries.velvet.app.zm.f(SourceFile:44)
05-08 08:36:21.518  1533  1787 W CorpusConfigHelper: 	at com.google.android.apps.gsa.binaries.velvet.app.zm.a(SourceFile:106)
05-08 08:36:21.518  1533  1787 W CorpusConfigHelper: 	at com.google.android.apps.gsa.search.core.service.g.a.c.a(SourceFile:2)
05-08 08:36:21.518  1533  1787 W CorpusConfigHelper: 	at com.google.android.libraries.gsa.k.a.g.a(SourceFile:2)
05-08 08:36:21.518  1533  1787 W CorpusConfigHelper: 	at com.google.common.w.a.dr.a(SourceFile:1)
05-08 08:36:21.518  1533  1787 W CorpusConfigHelper: 	at com.google.common.w.a.co.run(SourceFile:4)
05-08 08:36:21.518  1533  1787 W CorpusConfigHelper: 	at com.google.common.w.a.dt.run(SourceFile:1)
05-08 08:36:21.518  1533  1787 W CorpusConfigHelper: 	at com.google.android.libraries.g.ab.run(SourceFile:1)
05-08 08:36:21.518  1533  1787 W CorpusConfigHelper: 	at java.util.concurrent.ThreadPoolExecutor.runWorker(ThreadPoolExecutor.java:1167)
05-08 08:36:21.518  1533  1787 W CorpusConfigHelper: 	at java.util.concurrent.ThreadPoolExecutor$Worker.run(ThreadPoolExecutor.java:641)
05-08 08:36:21.518  1533  1787 W CorpusConfigHelper: 	at com.google.android.libraries.g.n.run(SourceFile:2)
05-08 08:36:21.518  1533  1787 W CorpusConfigHelper: 	at com.google.android.libraries.g.d.run(SourceFile:2)
05-08 08:36:21.518  1533  1787 W CorpusConfigHelper: 	at java.lang.Thread.run(Thread.java:920)
05-08 08:36:21.527  1412 25898 I Icing   : IndexChimeraService.getServiceInterface callingPackage=com.google.android.googlequicksearchbox componentName=null serviceId=36
05-08 08:36:21.539  1533  4253 W sb.v.u.LiteSuggestSourc: On-device lite suggest model loading error.
05-08 08:36:21.539  1533  4253 W sb.v.u.LiteSuggestSourc: java.io.IOException: Wrong index file: /data/user/0/com.google.android.googlequicksearchbox/files/web_suggest_model/index.bin
05-08 08:36:21.539  1533  4253 W sb.v.u.LiteSuggestSourc: 	at com.google.cc.b.a.c.<init>(SourceFile:5)
05-08 08:36:21.539  1533  4253 W sb.v.u.LiteSuggestSourc: 	at com.google.android.apps.gsa.staticplugins.searchboxroot.features.n.c.a.run(SourceFile:3)
05-08 08:36:21.539  1533  4253 W sb.v.u.LiteSuggestSourc: 	at java.util.concurrent.Executors$RunnableAdapter.call(Executors.java:462)
05-08 08:36:21.539  1533  4253 W sb.v.u.LiteSuggestSourc: 	at java.util.concurrent.FutureTask.run(FutureTask.java:266)
05-08 08:36:21.539  1533  4253 W sb.v.u.LiteSuggestSourc: 	at com.google.android.apps.gsa.shared.util.c.a.e.run(SourceFile:2)
05-08 08:36:21.539  1533  4253 W sb.v.u.LiteSuggestSourc: 	at com.google.android.apps.gsa.shared.util.c.a.ay.run(SourceFile:1)
05-08 08:36:21.539  1533  4253 W sb.v.u.LiteSuggestSourc: 	at com.google.android.apps.gsa.shared.util.c.a.ay.run(SourceFile:1)
05-08 08:36:21.539  1533  4253 W sb.v.u.LiteSuggestSourc: 	at java.util.concurrent.ThreadPoolExecutor.runWorker(ThreadPoolExecutor.java:1167)
05-08 08:36:21.539  1533  4253 W sb.v.u.LiteSuggestSourc: 	at java.util.concurrent.ThreadPoolExecutor$Worker.run(ThreadPoolExecutor.java:641)
05-08 08:36:21.539  1533  4253 W sb.v.u.LiteSuggestSourc: 	at java.lang.Thread.run(Thread.java:920)
05-08 08:36:21.539  1533  4253 W sb.v.u.LiteSuggestSourc: 	at com.google.android.apps.gsa.shared.util.c.a.h.run(SourceFile:4)
05-08 08:36:21.539  1533  4253 W sb.v.u.LiteSuggestSourc: Caused by: java.io.FileNotFoundException: /data/user/0/com.google.android.googlequicksearchbox/files/web_suggest_model/index.bin: open failed: ENOENT (No such file or directory)
05-08 08:36:21.539  1533  4253 W sb.v.u.LiteSuggestSourc: 	at libcore.io.IoBridge.open(IoBridge.java:575)
05-08 08:36:21.539  1533  4253 W sb.v.u.LiteSuggestSourc: 	at java.io.RandomAccessFile.<init>(RandomAccessFile.java:289)
05-08 08:36:21.539  1533  4253 W sb.v.u.LiteSuggestSourc: 	at java.io.RandomAccessFile.<init>(RandomAccessFile.java:152)
05-08 08:36:21.539  1533  4253 W sb.v.u.LiteSuggestSourc: 	at com.google.cc.b.a.c.<init>(SourceFile:1)
05-08 08:36:21.539  1533  4253 W sb.v.u.LiteSuggestSourc: 	... 10 more
05-08 08:36:21.539  1533  4253 W sb.v.u.LiteSuggestSourc: Caused by: android.system.ErrnoException: open failed: ENOENT (No such file or directory)
05-08 08:36:21.539  1533  4253 W sb.v.u.LiteSuggestSourc: 	at libcore.io.Linux.open(Native Method)
05-08 08:36:21.539  1533  4253 W sb.v.u.LiteSuggestSourc: 	at libcore.io.ForwardingOs.open(ForwardingOs.java:567)
05-08 08:36:21.539  1533  4253 W sb.v.u.LiteSuggestSourc: 	at libcore.io.BlockGuardOs.open(BlockGuardOs.java:273)
05-08 08:36:21.539  1533  4253 W sb.v.u.LiteSuggestSourc: 	at libcore.io.ForwardingOs.open(ForwardingOs.java:567)
05-08 08:36:21.539  1533  4253 W sb.v.u.LiteSuggestSourc: 	at android.app.ActivityThread$AndroidOs.open(ActivityThread.java:7725)
05-08 08:36:21.539  1533  4253 W sb.v.u.LiteSuggestSourc: 	at libcore.io.IoBridge.open(IoBridge.java:561)
05-08 08:36:21.539  1533  4253 W sb.v.u.LiteSuggestSourc: 	... 13 more
05-08 08:36:21.547  1533  1785 I sb.r.PDSWriter: Updating TNG suggest bootstrap data
05-08 08:36:21.570  1533  1758 I sb.r.PDSWriter: Updated TNG suggest bootstrap data
05-08 08:36:21.598  1412 25898 I Icing   : IndexChimeraService.getServiceInterface callingPackage=com.google.android.gms componentName=null serviceId=30
05-08 08:36:21.621  1412  2056 I Icing   : Usage reports ok 4, Failed Usage reports 0, indexed 0, rejected 0
05-08 08:36:21.637  1412  2056 I Icing   : Usage reports ok 0, Failed Usage reports 0, indexed 0, rejected 0
05-08 08:36:22.091  4227  4227 W AccessibilityNodeInfoDumper: Fetch time: 5ms
05-08 08:36:22.919  2981  3903 I Finsky:background: [170] rol.h(21): DS: DownloadService is getting stopped.
05-08 08:36:22.925  2885  2885 W Finsky  : [2] mbm.e(28): No LoggingContext in the bundle, which breaks event chain!. Creating a new logging context.
05-08 08:36:22.926  2885  2905 I Finsky  : [50] mjh.g(167): RECEIVER_NOTIFICATION#logWorkEndAndFinishGoAsync: SUCCESS
05-08 08:36:22.927  2981  2981 I Finsky:background: [2] DownloadService.onDestroy(6): DS: DownloadService is getting destroyed.
05-08 08:36:23.322  1349  1505 W MediaProvider: isAppCloneUserPair for user 0: false
05-08 08:36:23.351   176   176 I hwservicemanager: getTransport: Cannot find entry android.hardware.graphics.mapper@4.0::IMapper/default in either framework or device VINTF manifest.
05-08 08:36:23.351  4290  4292 I Gralloc4: mapper 4.x is not supported
05-08 08:36:23.514  1349  1860 I MediaProvider: Begin Intent { act=android.intent.action.MEDIA_SCANNER_SCAN_FILE dat=file:///sdcard/screen_2025-05-08_163623.png flg=0x1400010 cmp=com.google.android.providers.media.module/com.android.providers.media.MediaService }
05-08 08:36:23.540  1349  1860 I MediaProvider: End Intent { act=android.intent.action.MEDIA_SCANNER_SCAN_FILE dat=file:///sdcard/screen_2025-05-08_163623.png flg=0x1400010 cmp=com.google.android.providers.media.module/com.android.providers.media.MediaService }
05-08 08:36:23.603  1349  7520 I MediaProvider: Deleted 0 1 0 0 0 0 0 items on external_primary due to com.android.shell
05-08 08:36:23.606  1172  2228 I UriTaskContentObserver: (REDACTED) Throttling content uri change event for %s
05-08 08:36:24.874  2981  2981 I Finsky:background: [2] ahvd.onStartJob(126): SCH: job service start with id 10374.
05-08 08:36:24.880  2981  3771 I Finsky:background: [149] neu.a(185): SCH: Satisfied jobs for 10374 are: 40-9999
05-08 08:36:24.882  2981  3818 I Finsky:background: [152] ahtk.accept(108): SCH: Job 40-9999 starting
05-08 08:36:24.883  2981  2981 I Finsky:background: [2] RetryDownloadJob.d(6): Running RetryDownloadJob
05-08 08:36:24.887  2981  3903 I Finsky:background: [170] asem.q(11): DS: Queuing download (request id: 48) for reason 1
05-08 08:36:24.904  2981  3903 I Finsky:background: [170] rny.b(11): DS::CD: download(48)
05-08 08:36:24.907  2981  3903 I Finsky:background: [170] ahtl.q(56): SCH: jobFinished: 40-9999. TimeElapsed: 25ms.
05-08 08:36:24.908  2981  3903 I Finsky:background: [170] rpi.c(106): DSC::L: Update all listeners for download <48:QUEUED with WAITING_FOR_START:59%[59%]> in group com.microsoft.todos:tzaGbA4tT2uinWWT7dJGQg
05-08 08:36:24.910  2981  3903 I Finsky:background: [170] rpi.c(146): DSC::L: Updating listener DownloadServiceManagerListener::pzf@fef958b for download <48:QUEUED with WAITING_FOR_START:59%[59%]>
05-08 08:36:24.910  2981  3903 I Finsky:background: [170] rpi.c(146): DSC::L: Updating listener DownloadServiceManagerListener::agfj@c432b03 for download <48:QUEUED with WAITING_FOR_START:59%[59%]>
05-08 08:36:24.911  2981  3903 I Finsky:background: [170] agfj.f(13): DS: Received onProgress request_id=48
05-08 08:36:24.912  2981  3903 I Finsky:background: [170] bnwg.i(61): RM: receive resource status onProgress download_request_id=48, group_id=com.microsoft.todos.apk reason: developer_triggered_update isid: tzaGbA4tT2uinWWT7dJGQg, status_code=RESOURCE_STATUS_PENDING, legacy_status_code=190, size: 12320688/20701941
05-08 08:36:24.918  2981  3903 I Finsky:background: [170] rpi.c(146): DSC::L: Updating listener rjp@50c0a81 for download <48:QUEUED with WAITING_FOR_START:59%[59%]>
05-08 08:36:24.919  2981  3026 I Finsky:background: [71] bcco.n(11): DSC: getDownload(48)
05-08 08:36:24.920  2981  3026 I Finsky:background: [71] rlw.i(13): DS: getDownload(request_id=48)
05-08 08:36:24.943  2981  3903 I Finsky:background: [170] rpi.c(106): DSC::L: Update all listeners for download <48:RUNNING:59%[59%]> in group com.microsoft.todos:tzaGbA4tT2uinWWT7dJGQg
05-08 08:36:24.944  2981  3903 I Finsky:background: [170] rpi.c(146): DSC::L: Updating listener DownloadServiceManagerListener::pzf@fef958b for download <48:RUNNING:59%[59%]>
05-08 08:36:24.944  2981  3903 I Finsky:background: [170] rpi.c(146): DSC::L: Updating listener DownloadServiceManagerListener::agfj@c432b03 for download <48:RUNNING:59%[59%]>
05-08 08:36:24.944  2981  3903 I Finsky:background: [170] agfj.f(13): DS: Received onProgress request_id=48
05-08 08:36:24.944  2981  3903 I Finsky:background: [170] bnwg.i(61): RM: receive resource status onProgress download_request_id=48, group_id=com.microsoft.todos.apk reason: developer_triggered_update isid: tzaGbA4tT2uinWWT7dJGQg, status_code=RESOURCE_STATUS_IN_PROGRESS, legacy_status_code=192, size: 12320688/20701941
05-08 08:36:24.945  2981  3014 I Finsky:background: [62] bcco.n(11): DSC: getDownload(48)
05-08 08:36:24.948  2981  3026 I Finsky:background: [71] rlw.i(13): DS: getDownload(request_id=48)
05-08 08:36:24.950  2981  3903 I Finsky:background: [170] rpi.c(146): DSC::L: Updating listener rjp@50c0a81 for download <48:RUNNING:59%[59%]>
05-08 08:36:24.951   538   538 W NotificationHistory: Attempted to add notif for locked/gone/disabled user 0
05-08 08:36:24.955  2981  2981 I Finsky:background: [2] DownloadService.onStartCommand(25): DS: DownloadService is getting started sticky with notification.
05-08 08:36:24.973  2981  3015 I Finsky:background: [63] ahte.a(15): SCH: no pending jobs to schedule.
05-08 08:36:24.974  2981  3818 I Finsky:background: [152] ahvd.a(24): SCH: job service finished with id 10374.
05-08 08:36:24.979  2885  2885 W Finsky  : [2] mbm.e(28): No LoggingContext in the bundle, which breaks event chain!. Creating a new logging context.
05-08 08:36:24.979  2981  3903 I Finsky:background: [170] rlw.h(316): DS: onGetDownload(request_id=48, files_to_download=[com.microsoft.todos.apk(size:20701941)], context[group_id=com.microsoft.todos:tzaGbA4tT2uinWWT7dJGQg], display_data[invisible=false, title=To Do], network_restrictions=ANY_NETWORK status=running, bytes_downloaded=12320688, total_bytes=20701941, retry[count=1, next_retry=2025-05-08T08:36:24.860Z[GMT]])
05-08 08:36:24.979  2981  3903 I Finsky:background: [170] rlw.h(316): DS: onGetDownload(request_id=48, files_to_download=[com.microsoft.todos.apk(size:20701941)], context[group_id=com.microsoft.todos:tzaGbA4tT2uinWWT7dJGQg], display_data[invisible=false, title=To Do], network_restrictions=ANY_NETWORK status=running, bytes_downloaded=12320688, total_bytes=20701941, retry[count=1, next_retry=2025-05-08T08:36:24.860Z[GMT]])
05-08 08:36:24.982  2981  2981 I Finsky:background: [2] agem.a(74): RF: onProgress 48
05-08 08:36:24.985  2981  3822 I Finsky:background: [153] mfz.accept(262): IV2: onTaskProgress com.microsoft.todos[iid:10] [isid:tzaGbA4tT2uinWWT7dJGQg] status:RESOURCE_FETCH_PROGRESS, size: 12865746/21246999
05-08 08:36:24.988  2981  2981 I Finsky:background: [2] ageo.l(70): bytesCompleted/bytesTotal/ratio = 12865746 / 21246999 / 0.605532
05-08 08:36:24.988  2981  3769 I Finsky:background: [147] wnl.Q(41): IQ: Notifying installation update. [Package:com.microsoft.todos, isid:tzaGbA4tT2uinWWT7dJGQg], status=DOWNLOADING, status_code=0, reason=developer_triggered_update, tsc=PT13.694S, attempt=0
05-08 08:36:24.989  2885  2906 I Finsky  : [51] mjh.g(167): RECEIVER_NOTIFICATION#logWorkEndAndFinishGoAsync: SUCCESS
05-08 08:36:24.993  2981  2981 I Finsky:background: [2] agem.a(74): RF: onProgress 48
05-08 08:36:24.995  2981  2981 I Finsky:background: [2] ageo.l(70): bytesCompleted/bytesTotal/ratio = 12865746 / 21246999 / 0.605532
05-08 08:36:24.998  2981  3822 I Finsky:background: [153] mfz.accept(262): IV2: onTaskProgress com.microsoft.todos[iid:10] [isid:tzaGbA4tT2uinWWT7dJGQg] status:RESOURCE_FETCH_PROGRESS, size: 12865746/21246999
