05-18 03:44:23.041   178   178 I hwservicemanager: getTransport: Cannot find entry android.hardware.graphics.mapper@4.0::IMapper/default in either framework or device VINTF manifest.
05-18 03:44:23.042 20569 20571 I Gralloc4: mapper 4.x is not supported
05-18 03:44:23.970  1404  1995 I MediaProvider: Begin Intent { act=android.intent.action.MEDIA_SCANNER_SCAN_FILE dat=file:///sdcard/screen_2025-05-18_114423.png flg=0x1400010 cmp=com.google.android.providers.media.module/com.android.providers.media.MediaService }
05-18 03:44:23.982  1404  1995 I MediaProvider: End Intent { act=android.intent.action.MEDIA_SCANNER_SCAN_FILE dat=file:///sdcard/screen_2025-05-18_114423.png flg=0x1400010 cmp=com.google.android.providers.media.module/com.android.providers.media.MediaService }
05-18 03:44:24.073  1404  4253 I MediaProvider: Deleted 0 1 0 0 0 0 0 items on external_primary due to com.android.shell
05-18 03:44:24.073  1226  2106 I UriTaskContentObserver: (REDACTED) Throttling content uri change event for %s
05-18 03:44:24.483  1404  4233 W MediaProvider: isAppCloneUserPair for user 0: false
05-18 03:44:24.514   178   178 I hwservicemanager: getTransport: Cannot find entry android.hardware.graphics.mapper@4.0::IMapper/default in either framework or device VINTF manifest.
05-18 03:44:24.514 20610 20612 I Gralloc4: mapper 4.x is not supported
05-18 03:44:24.894   176   176 I servicemanager: Notifying apexservice they have clients: 0
05-18 03:44:24.899   176   176 I BpBinder: onLastStrongRef automatically unlinking death recipients: <uncached descriptor>
05-18 03:44:25.437  1404  1995 I MediaProvider: Begin Intent { act=android.intent.action.MEDIA_SCANNER_SCAN_FILE dat=file:///sdcard/screen_2025-05-18_114425.png flg=0x1400010 cmp=com.google.android.providers.media.module/com.android.providers.media.MediaService }
05-18 03:44:25.443  1404  1995 W ExifInterface: Invalid image: ExifInterface got an unsupported image format file(ExifInterface supports JPEG and some RAW image formats only) or a corrupted JPEG file to ExifInterface.
05-18 03:44:25.443  1404  1995 W ExifInterface: java.io.IOException: Encountered corrupt PNG file.
05-18 03:44:25.443  1404  1995 W ExifInterface: 	at android.media.ExifInterface.getPngAttributes(ExifInterface.java:3432)
05-18 03:44:25.443  1404  1995 W ExifInterface: 	at android.media.ExifInterface.loadAttributes(ExifInterface.java:2009)
05-18 03:44:25.443  1404  1995 W ExifInterface: 	at android.media.ExifInterface.<init>(ExifInterface.java:1641)
05-18 03:44:25.443  1404  1995 W ExifInterface: 	at android.media.ExifInterface.<init>(ExifInterface.java:1592)
05-18 03:44:25.443  1404  1995 W ExifInterface: 	at com.android.providers.media.scan.ModernMediaScanner.scanItemImage(ModernMediaScanner.java:1367)
05-18 03:44:25.443  1404  1995 W ExifInterface: 	at com.android.providers.media.scan.ModernMediaScanner.scanItem(ModernMediaScanner.java:1003)
05-18 03:44:25.443  1404  1995 W ExifInterface: 	at com.android.providers.media.scan.ModernMediaScanner.access$1200(ModernMediaScanner.java:146)
05-18 03:44:25.443  1404  1995 W ExifInterface: 	at com.android.providers.media.scan.ModernMediaScanner$Scan.visitFile(ModernMediaScanner.java:801)
05-18 03:44:25.443  1404  1995 W ExifInterface: 	at com.android.providers.media.scan.ModernMediaScanner$Scan.visitFile(ModernMediaScanner.java:320)
05-18 03:44:25.443  1404  1995 W ExifInterface: 	at java.nio.file.Files.walkFileTree(Files.java:2670)
05-18 03:44:25.443  1404  1995 W ExifInterface: 	at java.nio.file.Files.walkFileTree(Files.java:2742)
05-18 03:44:25.443  1404  1995 W ExifInterface: 	at com.android.providers.media.scan.ModernMediaScanner$Scan.walkFileTree(ModernMediaScanner.java:439)
05-18 03:44:25.443  1404  1995 W ExifInterface: 	at com.android.providers.media.scan.ModernMediaScanner$Scan.runInternal(ModernMediaScanner.java:402)
05-18 03:44:25.443  1404  1995 W ExifInterface: 	at com.android.providers.media.scan.ModernMediaScanner$Scan.run(ModernMediaScanner.java:391)
05-18 03:44:25.443  1404  1995 W ExifInterface: 	at com.android.providers.media.scan.ModernMediaScanner.scanFile(ModernMediaScanner.java:263)
05-18 03:44:25.443  1404  1995 W ExifInterface: 	at com.android.providers.media.MediaProvider.scanFile(MediaProvider.java:1273)
05-18 03:44:25.443  1404  1995 W ExifInterface: 	at com.android.providers.media.MediaProvider.scanFile(MediaProvider.java:1269)
05-18 03:44:25.443  1404  1995 W ExifInterface: 	at com.android.providers.media.MediaService.onScanFile(MediaService.java:215)
05-18 03:44:25.443  1404  1995 W ExifInterface: 	at com.android.providers.media.MediaService.onHandleWork(MediaService.java:85)
05-18 03:44:25.443  1404  1995 W ExifInterface: 	at androidx.core.app.JobIntentService$CommandProcessor.doInBackground(JobIntentService.java:396)
05-18 03:44:25.443  1404  1995 W ExifInterface: 	at androidx.core.app.JobIntentService$CommandProcessor.doInBackground(JobIntentService.java:387)
05-18 03:44:25.443  1404  1995 W ExifInterface: 	at android.os.AsyncTask$3.call(AsyncTask.java:394)
05-18 03:44:25.443  1404  1995 W ExifInterface: 	at java.util.concurrent.FutureTask.run(FutureTask.java:266)
05-18 03:44:25.443  1404  1995 W ExifInterface: 	at java.util.concurrent.ThreadPoolExecutor.runWorker(ThreadPoolExecutor.java:1167)
05-18 03:44:25.443  1404  1995 W ExifInterface: 	at java.util.concurrent.ThreadPoolExecutor$Worker.run(ThreadPoolExecutor.java:641)
05-18 03:44:25.443  1404  1995 W ExifInterface: 	at java.lang.Thread.run(Thread.java:920)
05-18 03:44:25.448  1404  1995 I MediaProvider: End Intent { act=android.intent.action.MEDIA_SCANNER_SCAN_FILE dat=file:///sdcard/screen_2025-05-18_114425.png flg=0x1400010 cmp=com.google.android.providers.media.module/com.android.providers.media.MediaService }
05-18 03:44:25.515   630   773 W BestClock: java.time.DateTimeException: Missing NTP fix
05-18 03:44:25.538   630   773 W BestClock: java.time.DateTimeException: Missing NTP fix
05-18 03:44:25.542   630   774 W BestClock: java.time.DateTimeException: Missing NTP fix
05-18 03:44:25.546   630   774 W BestClock: java.time.DateTimeException: Missing NTP fix
05-18 03:44:25.549   630   774 W BestClock: java.time.DateTimeException: Missing NTP fix
05-18 03:44:25.549   630   774 W BestClock: java.time.DateTimeException: Missing NTP fix
05-18 03:44:25.557   630   773 W BestClock: java.time.DateTimeException: Missing NTP fix
05-18 03:44:25.569  1404  1753 I MediaProvider: Deleted 0 1 0 0 0 0 0 items on external_primary due to com.android.shell
05-18 03:44:25.583  1226 20377 I NetworkScheduler.Stats: (REDACTED) Task %s/%s started execution. cause:%s exec_start_elapsed_seconds: %s
05-18 03:44:25.587  1226 20280 I NetworkScheduler.Stats: (REDACTED) Task %s/%s started execution. cause:%s exec_start_elapsed_seconds: %s
05-18 03:44:25.587   630   773 W BestClock: java.time.DateTimeException: Missing NTP fix
05-18 03:44:25.589   630   774 W BestClock: java.time.DateTimeException: Missing NTP fix
05-18 03:44:25.597   630   774 W BestClock: java.time.DateTimeException: Missing NTP fix
05-18 03:44:25.599   630   774 W BestClock: java.time.DateTimeException: Missing NTP fix
05-18 03:44:25.689  1226  1233 I .gms.persisten: Compiler allocated 4771KB to compile boolean com.google.android.gms.clearcut.uploader.QosUploaderChimeraService.g(java.lang.String)
05-18 03:44:25.872 20637 20637 I AndroidRuntime: Using default boot image
05-18 03:44:25.872 20637 20637 I AndroidRuntime: Leaving lock profiling enabled
05-18 03:44:25.872 20637 20637 W libc    : Access denied finding property "odsign.verification.success"
05-18 03:44:25.874 20637 20637 W app_process: ART APEX data files are untrusted.
05-18 03:44:25.868 20637 20637 W app_process: type=1400 audit(0.0:1343): avc: denied { read } for name="u:object_r:odsign_prop:s0" dev="tmpfs" ino=203 scontext=u:r:shell:s0 tcontext=u:object_r:odsign_prop:s0 tclass=file permissive=0
05-18 03:44:25.959 20637 20637 W app_process: Unexpected CPU variant for X86 using defaults: x86_64
05-18 03:44:25.961 20637 20637 W app_process: ClassLoaderContext classpath size mismatch. expected=0, found=1 (PCL[] | PCL[/system/framework/android.test.runner.jar*1585996318])
05-18 03:44:26.009  8184  8184 I cr_A11yState: Enabled accessibility services: [io.github.ylimit.droidbotapp/io.github.privacystreams.accessibility.PSAccessibilityService, null]
05-18 03:44:26.009  8184  8184 I cr_A11yState: Running accessibility services: []
05-18 03:44:26.009  8184  8184 I cr_A11yState: Will check again after 250 milliseconds.
05-18 03:44:26.268  8184  8184 I cr_A11yState: Enabled accessibility services: [io.github.ylimit.droidbotapp/io.github.privacystreams.accessibility.PSAccessibilityService, null]
05-18 03:44:26.268  8184  8184 I cr_A11yState: Running accessibility services: []
05-18 03:44:26.268  8184  8184 I cr_A11yState: Will check again after 500 milliseconds.
05-18 03:44:26.791  8184  8184 I cr_A11yState: Enabled accessibility services: [io.github.ylimit.droidbotapp/io.github.privacystreams.accessibility.PSAccessibilityService, null]
05-18 03:44:26.791  8184  8184 I cr_A11yState: Running accessibility services: []
05-18 03:44:26.791  8184  8184 I cr_A11yState: Will check again after 1000 milliseconds.
05-18 03:44:26.992 20637 20637 I AccessibilityNodeInfoDumper: Skipping invisible child: android.view.accessibility.AccessibilityNodeInfo@19d92; boundsInParent: Rect(0, 0 - 0, 49); boundsInScreen: Rect(101, 290 - 101, 339); packageName: com.google.android.apps.nexuslauncher; className: android.widget.TextView; text: null; error: null; maxTextLength: -1; stateDescription: null; contentDescription: null; tooltipText: null; viewIdResName: com.google.android.apps.nexuslauncher:id/subtitle_text; checkable: false; checked: false; focusable: false; focused: false; selected: false; clickable: false; longClickable: false; contextClickable: false; enabled: true; password: false; scrollable: false; importantForAccessibility: true; visible: false; actions: [AccessibilityAction: ACTION_SELECT - null, AccessibilityAction: ACTION_CLEAR_SELECTION - null, AccessibilityAction: ACTION_ACCESSIBILITY_FOCUS - null, AccessibilityAction: ACTION_SHOW_ON_SCREEN - null]
05-18 03:44:26.993 20637 20637 W AccessibilityNodeInfoDumper: Fetch time: 2ms
05-18 03:44:27.784  1226 20373 I NetworkScheduler.Stats: (REDACTED) Task %s/%s finished executing. cause:%s result: %s elapsed_millis: %s uptime_millis: %s exec_start_elapsed_seconds: %s
05-18 03:44:27.804  1226 20373 I NetworkScheduler.Stats: (REDACTED) Task %s/%s finished executing. cause:%s result: %s elapsed_millis: %s uptime_millis: %s exec_start_elapsed_seconds: %s
05-18 03:44:27.823  8184  8184 I cr_A11yState: Enabled accessibility services: [io.github.ylimit.droidbotapp/io.github.privacystreams.accessibility.PSAccessibilityService, null]
05-18 03:44:27.823  8184  8184 I cr_A11yState: Running accessibility services: [io.github.ylimit.droidbotapp/io.github.privacystreams.accessibility.PSAccessibilityService]
05-18 03:44:27.823  8184  8184 I cr_A11yState: Will check again after 2000 milliseconds.
05-18 03:44:28.063  1404  1524 W MediaProvider: isAppCloneUserPair for user 0: false
05-18 03:44:28.094   178   178 I hwservicemanager: getTransport: Cannot find entry android.hardware.graphics.mapper@4.0::IMapper/default in either framework or device VINTF manifest.
05-18 03:44:28.094 20679 20681 I Gralloc4: mapper 4.x is not supported
05-18 03:44:29.013  1404  1995 I MediaProvider: Begin Intent { act=android.intent.action.MEDIA_SCANNER_SCAN_FILE dat=file:///sdcard/screen_2025-05-18_114428.png flg=0x1400010 cmp=com.google.android.providers.media.module/com.android.providers.media.MediaService }
05-18 03:44:29.025  1404  1995 I MediaProvider: End Intent { act=android.intent.action.MEDIA_SCANNER_SCAN_FILE dat=file:///sdcard/screen_2025-05-18_114428.png flg=0x1400010 cmp=com.google.android.providers.media.module/com.android.providers.media.MediaService }
05-18 03:44:29.118  1404  1753 I MediaProvider: Deleted 0 1 0 0 0 0 0 items on external_primary due to com.android.shell
05-18 03:44:29.119  1226  2106 I UriTaskContentObserver: (REDACTED) Throttling content uri change event for %s
05-18 03:44:29.345   630  2239 I ActivityTaskManager: START u0 {act=android.intent.action.MAIN cat=[android.intent.category.LAUNCHER] flg=0x10000000 cmp=com.banggood.client/.Launcher} from uid 2000
05-18 03:44:29.376   630  2239 W ActivityTaskManager: Can't find TaskDisplayArea to determine support for multi window. Task id=38 attached=false
05-18 03:44:29.438   630   677 I ActivityManager: Start proc 20711:com.banggood.client/u0a198 for pre-top-activity {com.banggood.client/com.banggood.client.Launcher}
05-18 03:44:29.448 20711 20711 W banggood.clien: Unexpected CPU variant for X86 using defaults: x86_64
05-18 03:44:29.454 20711 20711 E banggood.clien: Not starting debugger since process cannot load the jdwp agent.
05-18 03:44:29.535 16551 16551 I cnhq    : onPause
05-18 03:44:29.569 20711 20711 E MLInitializerProvider: MLInitializerProvider Done
05-18 03:44:29.639 20711 20711 W com.facebook.UserSettingsManager: You haven't set a value for AdvertiserIDCollectionEnabled. Set the flag to TRUE if you want to collect Advertiser ID for better advertising and analytics results. To request user consent before collecting data, set the flag value to FALSE, then change to TRUE once user consent is received. Learn more: https://developers.facebook.com/docs/app-events/getting-started-app-events-android#disable-auto-events.
05-18 03:44:29.657 20711 20729 W banggood.clien: ClassLoaderContext classpath size mismatch. expected=13, found=0 (DLC[];PCL[base.apk*1914472534:base.apk!classes2.dex*3304451845:base.apk!classes3.dex*814030735:base.apk!classes4.dex*1701140833:base.apk!classes5.dex*671790505:base.apk!classes6.dex*3453289445:base.apk!classes7.dex*3073107556:base.apk!classes8.dex*2923806363:base.apk!classes9.dex*3566253840:base.apk!classes10.dex*3357887208:base.apk!classes11.dex*1617793128:base.apk!classes12.dex*2938047849:base.apk!classes13.dex*1145982731]{PCL[/system/framework/org.apache.http.legacy.jar*2058259660]#PCL[/system/framework/com.android.media.remotedisplay.jar*3472798122]#PCL[/system/framework/com.android.location.provider.jar*3633238673]#PCL[/system_ext/framework/androidx.window.sidecar.jar*3539530913]#PCL[/system/framework/org.apache.http.legacy.jar*2058259660]} | DLC[];PCL[])
05-18 03:44:29.793 20711 20711 E CustomActivityOnCrash: IMPORTANT WARNING! You already have an UncaughtExceptionHandler, are you sure this is correct? If you use a custom UncaughtExceptionHandler, you must initialize it AFTER CustomActivityOnCrash! Installing anyway, but your original handler will not be called.
05-18 03:44:29.837 20711 20711 I banggood.clien: mHms : null
05-18 03:44:29.838 20711 20711 I banggood.clien: mGms : bglibs.ghms.gms.BgGms@7c6e6f8
05-18 03:44:29.848 20711 20711 W OneSignal: appContext set, but please call setAppId(appId) with a valid appId to complete OneSignal init!
05-18 03:44:29.848 20711 20711 E OneSignal: Waiting for remote params. Moving unsubscribeWhenNotificationsAreDisabled() operation to a pending task queue.
05-18 03:44:29.849 20711 20711 I banggood.clien: PushKit init OneSignal
05-18 03:44:29.863  8184  8184 I cr_A11yState: Enabled accessibility services: [io.github.ylimit.droidbotapp/io.github.privacystreams.accessibility.PSAccessibilityService, null]
05-18 03:44:29.863  8184  8184 I cr_A11yState: Running accessibility services: [io.github.ylimit.droidbotapp/io.github.privacystreams.accessibility.PSAccessibilityService]
05-18 03:44:29.863  8184  8184 I cr_A11yState: Will check again after 4000 milliseconds.
05-18 03:44:29.866 20711 20711 I GAv4    : Google Analytics 12.4.51 is starting up. To enable debug logging on a device run:
05-18 03:44:29.866 20711 20711 I GAv4    :   adb shell setprop log.tag.GAv4 DEBUG
05-18 03:44:29.866 20711 20711 I GAv4    :   adb logcat -s GAv4
05-18 03:44:29.912 20711 20711 W banggood.clien: regionDomainName =  , cmdMainDomainName = 
05-18 03:44:29.918 20711 20711 I banggood.clien: language switch to: en
05-18 03:44:29.945   630  2239 W ActivityManager: Unable to start service Intent { act=android.service.smartspace.SmartspaceService cmp=com.google.android.as/com.google.android.apps.miphone.aiai.app.AiAiSmartspaceService } U=0: not found
05-18 03:44:29.945   630  2239 W RemoteSmartspaceService: could not bind to Intent { act=android.service.smartspace.SmartspaceService cmp=com.google.android.as/com.google.android.apps.miphone.aiai.app.AiAiSmartspaceService } using flags 67112961
05-18 03:44:29.946   630   630 W ActivityManager: Unbind failed: could not find connection for android.app.LoadedApk$ServiceDispatcher$InnerConnection@32e1edd
05-18 03:44:29.959 20711 20795 W SQLiteLog: (28) double-quoted string literal: "notification"
05-18 03:44:29.964 20711 20799 W GAv4    : CampaignTrackingReceiver is not registered, not exported or is disabled. Installation campaign tracking is not possible. See http://goo.gl/8Rd3yj for instructions.
05-18 03:44:30.012 16551 16551 I cnbo    : (REDACTED) onApplyWindowInsets: systemWindowInsets=%s
05-18 03:44:30.012 16551 16551 I cnbo    : (REDACTED) onApplyWindowInsets: systemWindowInsets=%s
05-18 03:44:30.021 20711 20804 W banggood.clien: Accessing hidden method Lcom/android/org/conscrypt/ConscryptEngineSocket;->setUseSessionTickets(Z)V (max-target-q,core-platform-api, reflection, denied)
05-18 03:44:30.032 20711 20804 W banggood.clien: Accessing hidden method Lcom/android/org/conscrypt/OpenSSLSocketImpl;->setUseSessionTickets(Z)V (max-target-q,core-platform-api, reflection, denied)
05-18 03:44:30.033 20711 20804 W banggood.clien: Accessing hidden method Lcom/android/org/conscrypt/AbstractConscryptSocket;->setUseSessionTickets(Z)V (max-target-q, reflection, denied)
05-18 03:44:30.033 20711 20804 W banggood.clien: Accessing hidden method Lcom/android/org/conscrypt/ConscryptEngineSocket;->setHostname(Ljava/lang/String;)V (max-target-q,core-platform-api, reflection, denied)
05-18 03:44:30.033 20711 20804 W banggood.clien: Accessing hidden method Lcom/android/org/conscrypt/OpenSSLSocketImpl;->setHostname(Ljava/lang/String;)V (max-target-q,core-platform-api, reflection, denied)
05-18 03:44:30.033 20711 20804 W banggood.clien: Accessing hidden method Lcom/android/org/conscrypt/AbstractConscryptSocket;->setHostname(Ljava/lang/String;)V (max-target-q, reflection, denied)
05-18 03:44:30.033 20711 20804 W banggood.clien: Accessing hidden method Lcom/android/org/conscrypt/OpenSSLSocketImpl;->setAlpnProtocols([B)V (max-target-q,core-platform-api, reflection, denied)
05-18 03:44:30.033 20711 20804 W banggood.clien: Accessing hidden method Lcom/android/org/conscrypt/AbstractConscryptSocket;->setAlpnProtocols([B)V (max-target-q, reflection, denied)
05-18 03:44:30.051 20711 20711 E banggood.clien: Invalid ID 0x00000000.
05-18 03:44:30.134 20711 20711 W FirebaseRemoteConfig: No value of type 'String' exists for parameter key 'enable_close_db'.
05-18 03:44:30.354  1548  1548 I GAv4-SVC: Google Analytics 251.3.33 is starting up.
05-18 03:44:30.390 20711 20711 I banggood.clien: SplashActivity is onCreate()
05-18 03:44:30.427 20711 20711 E banggood.clien: Invalid ID 0x00000000.
05-18 03:44:30.434 20711 20783 W banggood.clien: Accessing hidden method Lcom/android/org/conscrypt/ConscryptEngineSocket;->setUseSessionTickets(Z)V (max-target-q,core-platform-api, reflection, denied)
05-18 03:44:30.434 20711 20783 W banggood.clien: Accessing hidden method Lcom/android/org/conscrypt/OpenSSLSocketImpl;->setUseSessionTickets(Z)V (max-target-q,core-platform-api, reflection, denied)
05-18 03:44:30.434 20711 20783 W banggood.clien: Accessing hidden method Lcom/android/org/conscrypt/AbstractConscryptSocket;->setUseSessionTickets(Z)V (max-target-q, reflection, denied)
05-18 03:44:30.434 20711 20783 W banggood.clien: Accessing hidden method Lcom/android/org/conscrypt/ConscryptEngineSocket;->setHostname(Ljava/lang/String;)V (max-target-q,core-platform-api, reflection, denied)
05-18 03:44:30.434 20711 20783 W banggood.clien: Accessing hidden method Lcom/android/org/conscrypt/OpenSSLSocketImpl;->setHostname(Ljava/lang/String;)V (max-target-q,core-platform-api, reflection, denied)
05-18 03:44:30.435 20711 20783 W banggood.clien: Accessing hidden method Lcom/android/org/conscrypt/AbstractConscryptSocket;->setHostname(Ljava/lang/String;)V (max-target-q, reflection, denied)
05-18 03:44:30.435 20711 20783 W banggood.clien: Accessing hidden method Lcom/android/org/conscrypt/OpenSSLSocketImpl;->setAlpnProtocols([B)V (max-target-q,core-platform-api, reflection, denied)
05-18 03:44:30.435 20711 20783 W banggood.clien: Accessing hidden method Lcom/android/org/conscrypt/AbstractConscryptSocket;->setAlpnProtocols([B)V (max-target-q, reflection, denied)
05-18 03:44:30.445 20711 20711 I banggood.clien: SplashAnimationFragment is onAttach()
05-18 03:44:30.446 20711 20711 I banggood.clien: SplashAnimationFragment is onCreate()
05-18 03:44:30.456 20711 20711 I banggood.clien: SplashAnimationFragment is onStart()
05-18 03:44:30.471 20711 20839 W LOTTIE  : Lottie doesn't support layer effects. If you are using them for  fills, strokes, trim paths etc. then try adding them directly as contents  in your shape. Found: []
05-18 03:44:30.478 20711 20711 I banggood.clien: SplashActivity is onStart()
05-18 03:44:30.479 20711 20711 I banggood.clien: SplashActivity is onPostCreate()
05-18 03:44:30.482 20711 20780 I FA      : App measurement initialized, version: 31049
05-18 03:44:30.483 20711 20780 I FA      : To enable debug logging run: adb shell setprop log.tag.FA VERBOSE
05-18 03:44:30.483 20711 20780 I FA      : To enable faster debug mode event logging run:
05-18 03:44:30.483 20711 20780 I FA      :   adb shell setprop debug.firebase.analytics.app com.banggood.client
05-18 03:44:30.496 20711 20839 W LOTTIE  : Animation contains merge paths. Merge paths are only supported on KitKat+ and must be manually enabled by calling enableMergePathsForKitKatAndAbove().
05-18 03:44:30.510 20711 20711 I banggood.clien: SplashActivity is onResume()
05-18 03:44:30.511   630  2239 W ServiceManager: Permission failure: android.permission.HIGH_SAMPLING_RATE_SENSORS from uid=10198 pid=20711
05-18 03:44:30.516 20711 20711 I banggood.clien: SplashAnimationFragment is onResume()
05-18 03:44:30.522 20711 20841 I WebViewFactory: Loading com.google.android.webview version 136.0.7103.60 (code 710306038)
05-18 03:44:30.541 20711 20841 W banggood.clien: Entry not found
05-18 03:44:30.602 20711 20841 W banggood.clien: Suspending all threads took: 18.204ms
05-18 03:44:30.623   630   746 I RoleService: Granting default roles...
05-18 03:44:30.627   630   756 I InputReader: Reconfiguring input devices, changes=KEYBOARD_LAYOUTS | 
05-18 03:44:30.629  1796 20307 W Role    : Cannot get ApplicationInfo for default holder: com.google.android.contacts
05-18 03:44:30.630  1796 20307 W Role    : Cannot get ApplicationInfo for default holder: com.google.android.as
05-18 03:44:30.630   630   630 I Telecom : DefaultDialerCache: Refreshing default dialer for user 0: now com.android.dialer: DDC.oR@AYY
05-18 03:44:30.659   630   769 W WindowManager: Failed looking up window session=Session{7d1a22d 20711:u0a10198} callers=com.android.server.wm.WindowManagerService.windowForClientLocked:5592 com.android.server.wm.Session.insetsModified:629 android.view.IWindowSession$Stub.onTransact:1151 
05-18 03:44:30.703 20711 20739 W banggood.clien: Accessing hidden method Lcom/android/org/conscrypt/ConscryptEngineSocket;->setUseSessionTickets(Z)V (max-target-q,core-platform-api, reflection, denied)
05-18 03:44:30.703 20711 20739 W banggood.clien: Accessing hidden method Lcom/android/org/conscrypt/OpenSSLSocketImpl;->setUseSessionTickets(Z)V (max-target-q,core-platform-api, reflection, denied)
05-18 03:44:30.703 20711 20739 W banggood.clien: Accessing hidden method Lcom/android/org/conscrypt/AbstractConscryptSocket;->setUseSessionTickets(Z)V (max-target-q, reflection, denied)
05-18 03:44:30.703 20711 20739 W banggood.clien: Accessing hidden method Lcom/android/org/conscrypt/ConscryptEngineSocket;->setHostname(Ljava/lang/String;)V (max-target-q,core-platform-api, reflection, denied)
05-18 03:44:30.703 20711 20739 W banggood.clien: Accessing hidden method Lcom/android/org/conscrypt/OpenSSLSocketImpl;->setHostname(Ljava/lang/String;)V (max-target-q,core-platform-api, reflection, denied)
05-18 03:44:30.703 20711 20739 W banggood.clien: Accessing hidden method Lcom/android/org/conscrypt/AbstractConscryptSocket;->setHostname(Ljava/lang/String;)V (max-target-q, reflection, denied)
05-18 03:44:30.703 20711 20739 W banggood.clien: Accessing hidden method Lcom/android/org/conscrypt/OpenSSLSocketImpl;->setAlpnProtocols([B)V (max-target-q,core-platform-api, reflection, denied)
05-18 03:44:30.703 20711 20739 W banggood.clien: Accessing hidden method Lcom/android/org/conscrypt/AbstractConscryptSocket;->setAlpnProtocols([B)V (max-target-q, reflection, denied)
05-18 03:44:30.708 20711 20858 W banggood.clien: Accessing hidden method Lcom/android/org/conscrypt/ConscryptEngineSocket;->setUseSessionTickets(Z)V (max-target-q,core-platform-api, reflection, denied)
05-18 03:44:30.708 20711 20858 W banggood.clien: Accessing hidden method Lcom/android/org/conscrypt/OpenSSLSocketImpl;->setUseSessionTickets(Z)V (max-target-q,core-platform-api, reflection, denied)
05-18 03:44:30.708 20711 20858 W banggood.clien: Accessing hidden method Lcom/android/org/conscrypt/AbstractConscryptSocket;->setUseSessionTickets(Z)V (max-target-q, reflection, denied)
05-18 03:44:30.708 20711 20858 W banggood.clien: Accessing hidden method Lcom/android/org/conscrypt/ConscryptEngineSocket;->setHostname(Ljava/lang/String;)V (max-target-q,core-platform-api, reflection, denied)
05-18 03:44:30.709 20711 20858 W banggood.clien: Accessing hidden method Lcom/android/org/conscrypt/OpenSSLSocketImpl;->setHostname(Ljava/lang/String;)V (max-target-q,core-platform-api, reflection, denied)
05-18 03:44:30.709 20711 20858 W banggood.clien: Accessing hidden method Lcom/android/org/conscrypt/AbstractConscryptSocket;->setHostname(Ljava/lang/String;)V (max-target-q, reflection, denied)
05-18 03:44:30.709 20711 20858 W banggood.clien: Accessing hidden method Lcom/android/org/conscrypt/OpenSSLSocketImpl;->setAlpnProtocols([B)V (max-target-q,core-platform-api, reflection, denied)
05-18 03:44:30.709 20711 20858 W banggood.clien: Accessing hidden method Lcom/android/org/conscrypt/AbstractConscryptSocket;->setAlpnProtocols([B)V (max-target-q, reflection, denied)
05-18 03:44:30.711  1796 20508 I PermissionControllerServiceImpl: Updating user sensitive for uid 10198
05-18 03:44:30.805 20711 20739 W banggood.clien: Accessing hidden method Lcom/android/org/conscrypt/OpenSSLSocketImpl;->getAlpnSelectedProtocol()[B (max-target-q,core-platform-api, reflection, denied)
05-18 03:44:30.805 20711 20739 W banggood.clien: Accessing hidden method Lcom/android/org/conscrypt/AbstractConscryptSocket;->getAlpnSelectedProtocol()[B (max-target-q, reflection, denied)
05-18 03:44:30.810 20711 20838 W banggood.clien: Accessing hidden method Lcom/android/org/conscrypt/ConscryptEngineSocket;->setUseSessionTickets(Z)V (max-target-q,core-platform-api, reflection, denied)
05-18 03:44:30.810 20711 20838 W banggood.clien: Accessing hidden method Lcom/android/org/conscrypt/OpenSSLSocketImpl;->setUseSessionTickets(Z)V (max-target-q,core-platform-api, reflection, denied)
05-18 03:44:30.810 20711 20838 W banggood.clien: Accessing hidden method Lcom/android/org/conscrypt/AbstractConscryptSocket;->setUseSessionTickets(Z)V (max-target-q, reflection, denied)
05-18 03:44:30.810 20711 20838 W banggood.clien: Accessing hidden method Lcom/android/org/conscrypt/ConscryptEngineSocket;->setHostname(Ljava/lang/String;)V (max-target-q,core-platform-api, reflection, denied)
05-18 03:44:30.811 20711 20838 W banggood.clien: Accessing hidden method Lcom/android/org/conscrypt/OpenSSLSocketImpl;->setHostname(Ljava/lang/String;)V (max-target-q,core-platform-api, reflection, denied)
05-18 03:44:30.811 20711 20838 W banggood.clien: Accessing hidden method Lcom/android/org/conscrypt/AbstractConscryptSocket;->setHostname(Ljava/lang/String;)V (max-target-q, reflection, denied)
05-18 03:44:30.811 20711 20838 W banggood.clien: Accessing hidden method Lcom/android/org/conscrypt/OpenSSLSocketImpl;->setAlpnProtocols([B)V (max-target-q,core-platform-api, reflection, denied)
05-18 03:44:30.811 20711 20838 W banggood.clien: Accessing hidden method Lcom/android/org/conscrypt/AbstractConscryptSocket;->setAlpnProtocols([B)V (max-target-q, reflection, denied)
05-18 03:44:30.814  1796 20307 W Role    : Cannot get ApplicationInfo for default holder: com.google.android.as
05-18 03:44:30.825   356   474 W ServiceManager: Permission failure: android.permission.ACCESS_SURFACE_FLINGER from uid=10198 pid=20711
05-18 03:44:30.825   356   474 W ServiceManager: Permission failure: android.permission.ROTATE_SURFACE_FLINGER from uid=10198 pid=20711
05-18 03:44:30.834 20711 20835 W banggood.clien: Accessing hidden method Lcom/android/org/conscrypt/ConscryptEngineSocket;->setUseSessionTickets(Z)V (max-target-q,core-platform-api, reflection, denied)
05-18 03:44:30.834 20711 20835 W banggood.clien: Accessing hidden method Lcom/android/org/conscrypt/OpenSSLSocketImpl;->setUseSessionTickets(Z)V (max-target-q,core-platform-api, reflection, denied)
05-18 03:44:30.834 20711 20835 W banggood.clien: Accessing hidden method Lcom/android/org/conscrypt/AbstractConscryptSocket;->setUseSessionTickets(Z)V (max-target-q, reflection, denied)
05-18 03:44:30.834 20711 20835 W banggood.clien: Accessing hidden method Lcom/android/org/conscrypt/ConscryptEngineSocket;->setHostname(Ljava/lang/String;)V (max-target-q,core-platform-api, reflection, denied)
05-18 03:44:30.834 20711 20835 W banggood.clien: Accessing hidden method Lcom/android/org/conscrypt/OpenSSLSocketImpl;->setHostname(Ljava/lang/String;)V (max-target-q,core-platform-api, reflection, denied)
05-18 03:44:30.834 20711 20835 W banggood.clien: Accessing hidden method Lcom/android/org/conscrypt/AbstractConscryptSocket;->setHostname(Ljava/lang/String;)V (max-target-q, reflection, denied)
05-18 03:44:30.834 20711 20835 W banggood.clien: Accessing hidden method Lcom/android/org/conscrypt/OpenSSLSocketImpl;->setAlpnProtocols([B)V (max-target-q,core-platform-api, reflection, denied)
05-18 03:44:30.834 20711 20835 W banggood.clien: Accessing hidden method Lcom/android/org/conscrypt/AbstractConscryptSocket;->setAlpnProtocols([B)V (max-target-q, reflection, denied)
05-18 03:44:30.859  1796 20307 W Role    : Cannot get ApplicationInfo for default holder: com.google.android.as
05-18 03:44:30.910  1404  1753 W MediaProvider: isAppCloneUserPair for user 0: false
05-18 03:44:30.974   178   178 I hwservicemanager: getTransport: Cannot find entry android.hardware.graphics.mapper@4.0::IMapper/default in either framework or device VINTF manifest.
05-18 03:44:30.975 20870 20873 I Gralloc4: mapper 4.x is not supported
05-18 03:44:30.976   630   676 W BroadcastQueue: Permission Denial: broadcasting Intent { act=android.net.conn.CONNECTIVITY_CHANGE flg=0x4200010 (has extras) } from null (pid=-1, uid=-1) requires com.google.android.gms.DYNAMIC_RECEIVER_NOT_EXPORTED_PERMISSION due to registered receiver BroadcastFilter{240347e 10097/u0 ReceiverList{30a0639 1548 com.google.android.gms/10097/u0 remote:536e00}}
05-18 03:44:30.980 20711 20783 W banggood.clien: Accessing hidden method Lcom/android/org/conscrypt/OpenSSLSocketImpl;->getAlpnSelectedProtocol()[B (max-target-q,core-platform-api, reflection, denied)
05-18 03:44:30.980 20711 20783 W banggood.clien: Accessing hidden method Lcom/android/org/conscrypt/AbstractConscryptSocket;->getAlpnSelectedProtocol()[B (max-target-q, reflection, denied)
05-18 03:44:30.981 20711 20804 W banggood.clien: Accessing hidden method Lcom/android/org/conscrypt/OpenSSLSocketImpl;->getAlpnSelectedProtocol()[B (max-target-q,core-platform-api, reflection, denied)
05-18 03:44:30.981 20711 20804 W banggood.clien: Accessing hidden method Lcom/android/org/conscrypt/AbstractConscryptSocket;->getAlpnSelectedProtocol()[B (max-target-q, reflection, denied)
05-18 03:44:30.981   178   178 I hwservicemanager: getTransport: Cannot find entry android.hardware.configstore@1.0::ISurfaceFlingerConfigs/default in either framework or device VINTF manifest.
05-18 03:44:30.982 20711 20815 W OpenGLRenderer: Failed to choose config with EGL_SWAP_BEHAVIOR_PRESERVED, retrying without...
05-18 03:44:30.982 20711 20815 W OpenGLRenderer: Failed to initialize 101010-2 format, error = EGL_SUCCESS
05-18 03:44:31.005  1796 20307 W Role    : Cannot get ApplicationInfo for default holder: com.google.android.as
05-18 03:44:31.104  1796 20307 W Role    : Cannot get ApplicationInfo for default holder: com.google.android.as
05-18 03:44:31.158   356   772 E HWComposer: getSupportedContentTypes: getSupportedContentTypes failed for display 4619827259835644672: Unsupported (8)
05-18 03:44:31.172   178   178 I hwservicemanager: getTransport: Cannot find entry android.hardware.graphics.mapper@4.0::IMapper/default in either framework or device VINTF manifest.
05-18 03:44:31.173 20711 20815 I Gralloc4: mapper 4.x is not supported
05-18 03:44:31.178   178   178 I hwservicemanager: getTransport: Cannot find entry android.hardware.graphics.allocator@4.0::IAllocator/default in either framework or device VINTF manifest.
05-18 03:44:31.182 20711 20815 W Gralloc4: allocator 4.x is not supported
05-18 03:44:31.200 20711 20879 W banggood.clien: Accessing hidden method Lcom/android/org/conscrypt/ConscryptEngineSocket;->setUseSessionTickets(Z)V (max-target-q,core-platform-api, reflection, denied)
05-18 03:44:31.200 20711 20879 W banggood.clien: Accessing hidden method Lcom/android/org/conscrypt/OpenSSLSocketImpl;->setUseSessionTickets(Z)V (max-target-q,core-platform-api, reflection, denied)
05-18 03:44:31.200 20711 20879 W banggood.clien: Accessing hidden method Lcom/android/org/conscrypt/AbstractConscryptSocket;->setUseSessionTickets(Z)V (max-target-q, reflection, denied)
05-18 03:44:31.201 20711 20879 W banggood.clien: Accessing hidden method Lcom/android/org/conscrypt/ConscryptEngineSocket;->setHostname(Ljava/lang/String;)V (max-target-q,core-platform-api, reflection, denied)
05-18 03:44:31.201 20711 20879 W banggood.clien: Accessing hidden method Lcom/android/org/conscrypt/OpenSSLSocketImpl;->setHostname(Ljava/lang/String;)V (max-target-q,core-platform-api, reflection, denied)
05-18 03:44:31.201 20711 20879 W banggood.clien: Accessing hidden method Lcom/android/org/conscrypt/AbstractConscryptSocket;->setHostname(Ljava/lang/String;)V (max-target-q, reflection, denied)
05-18 03:44:31.201 20711 20879 W banggood.clien: Accessing hidden method Lcom/android/org/conscrypt/OpenSSLSocketImpl;->setAlpnProtocols([B)V (max-target-q,core-platform-api, reflection, denied)
05-18 03:44:31.201 20711 20879 W banggood.clien: Accessing hidden method Lcom/android/org/conscrypt/AbstractConscryptSocket;->setAlpnProtocols([B)V (max-target-q, reflection, denied)
05-18 03:44:31.212  1796 20307 W Role    : Cannot get ApplicationInfo for default holder: com.google.android.as
05-18 03:44:31.220 20711 20780 I FA      : Tag Manager is not found and thus will not be used
05-18 03:44:31.229 20711 20803 I banggood.clien: Google Pay isReadyToPay=false
05-18 03:44:31.274 20711 20841 I cr_WVCFactoryProvider: version=136.0.7103.60 (710306038) minSdkVersion=29 isBundle=false multiprocess=true packageId=2
05-18 03:44:31.343 20711 20725 I OpenGLRenderer: Davey! duration=866ms; Flags=1, FrameTimelineVsyncId=44301, IntendedVsync=7303323645236, Vsync=7303656978556, InputEventId=0, HandleInputStart=7303671317300, AnimationStart=7303671338800, PerformTraversalsStart=7303671400300, DrawStart=7304113124700, FrameDeadline=7303340311902, FrameInterval=7303671304300, FrameStartTime=16666666, SyncQueued=7304113364600, SyncStart=7304113726500, IssueDrawCommandsStart=7304114429700, SwapBuffers=7304174282000, FrameCompleted=7304190687600, DequeueBufferDuration=19300, QueueBufferDuration=3612100, GpuCompleted=7304190687600, SwapBuffersCompleted=7304179057800, DisplayPresentTime=0, 
05-18 03:44:31.407  1404  1995 I MediaProvider: Begin Intent { act=android.intent.action.MEDIA_SCANNER_SCAN_FILE dat=file:///sdcard/screen_2025-05-18_114431.png flg=0x1400010 cmp=com.google.android.providers.media.module/com.android.providers.media.MediaService }
05-18 03:44:31.410 20711 20711 E banggood.clien: Invalid ID 0x00000000.
05-18 03:44:31.419 20711 20711 I Choreographer: Skipped 34 frames!  The application may be doing too much work on its main thread.
05-18 03:44:31.423 20711 20711 W LOTTIE  : Animation contains merge paths but they are disabled.
05-18 03:44:31.434   630  1907 W ServiceManager: Permission failure: android.permission.HIGH_SAMPLING_RATE_SENSORS from uid=10198 pid=20711
05-18 03:44:31.470   630  1907 W ServiceManager: Permission failure: android.permission.HIGH_SAMPLING_RATE_SENSORS from uid=10198 pid=20711
05-18 03:44:31.499   630   661 W Looper  : Slow dispatch took 109ms android.fg h=android.os.Handler c=com.android.server.wm.ActivityMetricsLogger$$ExternalSyntheticLambda1@9fab966 m=0
05-18 03:44:31.499   630   661 I ActivityTaskManager: Displayed com.banggood.client/.Launcher: +2s9ms
05-18 03:44:31.535   630  1907 W ServiceManager: Permission failure: android.permission.HIGH_SAMPLING_RATE_SENSORS from uid=10198 pid=20711
05-18 03:44:31.536   630  1907 W ServiceManager: Permission failure: android.permission.HIGH_SAMPLING_RATE_SENSORS from uid=10198 pid=20711
05-18 03:44:31.537 20711 20763 E banggood.clien: Invalid ID 0x00000000.
05-18 03:44:31.539   630  1907 W ServiceManager: Permission failure: android.permission.HIGH_SAMPLING_RATE_SENSORS from uid=10198 pid=20711
05-18 03:44:31.540   630  1907 W ServiceManager: Permission failure: android.permission.HIGH_SAMPLING_RATE_SENSORS from uid=10198 pid=20711
05-18 03:44:31.554  1404  4253 I MediaProvider: Deleted 0 1 0 0 0 0 0 items on external_primary due to com.android.shell
05-18 03:44:31.573  1404  1995 W ModernMediaScanner: Failed to visit /storage/emulated/0/screen_2025-05-18_114431.png: java.nio.file.NoSuchFileException: /storage/emulated/0/screen_2025-05-18_114431.png
05-18 03:44:31.577  1404  1995 I MediaProvider: Scanned external_primary due to REASON_DEMAND, found 0 items in 4ms, 0 inserts 0 updates 0 deletes
05-18 03:44:31.614 20711 20838 W banggood.clien: Accessing hidden method Lcom/android/org/conscrypt/OpenSSLSocketImpl;->getAlpnSelectedProtocol()[B (max-target-q,core-platform-api, reflection, denied)
05-18 03:44:31.614 20711 20838 W banggood.clien: Accessing hidden method Lcom/android/org/conscrypt/AbstractConscryptSocket;->getAlpnSelectedProtocol()[B (max-target-q, reflection, denied)
05-18 03:44:31.621   630   930 E JobScheduler.Component: Job exists for non-existent package: com.google.android.gms
05-18 03:44:31.642  1404  1995 I MediaProvider: End Intent { act=android.intent.action.MEDIA_SCANNER_SCAN_FILE dat=file:///sdcard/screen_2025-05-18_114431.png flg=0x1400010 cmp=com.google.android.providers.media.module/com.android.providers.media.MediaService }
05-18 03:44:31.656 20711 20879 W banggood.clien: Accessing hidden method Lcom/android/org/conscrypt/OpenSSLSocketImpl;->getAlpnSelectedProtocol()[B (max-target-q,core-platform-api, reflection, denied)
05-18 03:44:31.657 20711 20879 W banggood.clien: Accessing hidden method Lcom/android/org/conscrypt/AbstractConscryptSocket;->getAlpnSelectedProtocol()[B (max-target-q, reflection, denied)
05-18 03:44:31.666 20711 20835 W banggood.clien: Accessing hidden method Lcom/android/org/conscrypt/OpenSSLSocketImpl;->getAlpnSelectedProtocol()[B (max-target-q,core-platform-api, reflection, denied)
05-18 03:44:31.670 20711 20835 W banggood.clien: Accessing hidden method Lcom/android/org/conscrypt/AbstractConscryptSocket;->getAlpnSelectedProtocol()[B (max-target-q, reflection, denied)
05-18 03:44:31.693   630  2236 W InputManager-JNI: Input channel object '71a1db Splash Screen com.banggood.client (client)' was disposed without first being removed with the input manager!
05-18 03:44:31.712 20711 20906 I chromium: [0518/034431.628933:INFO:android_webview/browser/variations/variations_seed_loader.cc:67] Failed to open file for reading.: No such file or directory (2)
05-18 03:44:31.715 16551 16551 I cnhq    : onStop
05-18 03:44:31.716 20711 20906 I chromium: [INFO:android_webview/browser/variations/variations_seed_loader.cc:67] Failed to open file for reading.: No such file or directory (2)
05-18 03:44:31.728 20711 20719 I banggood.clien: Background young concurrent copying GC freed 301887(14MB) AllocSpace objects, 173(13MB) LOS objects, 58% free, 16MB/40MB, paused 25.086ms,742us total 279.829ms
05-18 03:44:31.877 20711 20766 E GraphResponse: {HttpStatus: 400, errorCode: 100, subErrorCode: 33, errorType: GraphMethodException, errorMessage: Unsupported get request. Object with ID '246353225430376' does not exist, cannot be loaded due to missing permissions, or does not support this operation. Please read the Graph API documentation at https://developers.facebook.com/docs/graph-api}
05-18 03:44:31.910 20711 20841 I cr_LibraryLoader: Successfully loaded native library
05-18 03:44:31.927 20711 20841 I cr_CachingUmaRecorder: Flushed 8 samples from 8 histograms, 0 samples were dropped.
05-18 03:44:32.085 20711 20858 W banggood.clien: Accessing hidden method Lcom/android/org/conscrypt/ConscryptEngineSocket;->setUseSessionTickets(Z)V (max-target-q,core-platform-api, reflection, denied)
05-18 03:44:32.086 20711 20858 W banggood.clien: Accessing hidden method Lcom/android/org/conscrypt/OpenSSLSocketImpl;->setUseSessionTickets(Z)V (max-target-q,core-platform-api, reflection, denied)
05-18 03:44:32.087 20711 20858 W banggood.clien: Accessing hidden method Lcom/android/org/conscrypt/AbstractConscryptSocket;->setUseSessionTickets(Z)V (max-target-q, reflection, denied)
05-18 03:44:32.090 20711 20858 W banggood.clien: Accessing hidden method Lcom/android/org/conscrypt/ConscryptEngineSocket;->setHostname(Ljava/lang/String;)V (max-target-q,core-platform-api, reflection, denied)
05-18 03:44:32.090 20711 20858 W banggood.clien: Accessing hidden method Lcom/android/org/conscrypt/OpenSSLSocketImpl;->setHostname(Ljava/lang/String;)V (max-target-q,core-platform-api, reflection, denied)
05-18 03:44:32.090 20711 20858 W banggood.clien: Accessing hidden method Lcom/android/org/conscrypt/AbstractConscryptSocket;->setHostname(Ljava/lang/String;)V (max-target-q, reflection, denied)
05-18 03:44:32.090 20711 20858 W banggood.clien: Accessing hidden method Lcom/android/org/conscrypt/OpenSSLSocketImpl;->setAlpnProtocols([B)V (max-target-q,core-platform-api, reflection, denied)
05-18 03:44:32.090 20711 20858 W banggood.clien: Accessing hidden method Lcom/android/org/conscrypt/AbstractConscryptSocket;->setAlpnProtocols([B)V (max-target-q, reflection, denied)
05-18 03:44:32.103 20711 20804 W banggood.clien: Accessing hidden method Lcom/android/org/conscrypt/ConscryptEngineSocket;->setUseSessionTickets(Z)V (max-target-q,core-platform-api, reflection, denied)
05-18 03:44:32.103 20711 20804 W banggood.clien: Accessing hidden method Lcom/android/org/conscrypt/OpenSSLSocketImpl;->setUseSessionTickets(Z)V (max-target-q,core-platform-api, reflection, denied)
05-18 03:44:32.103 20711 20804 W banggood.clien: Accessing hidden method Lcom/android/org/conscrypt/AbstractConscryptSocket;->setUseSessionTickets(Z)V (max-target-q, reflection, denied)
05-18 03:44:32.103 20711 20804 W banggood.clien: Accessing hidden method Lcom/android/org/conscrypt/ConscryptEngineSocket;->setHostname(Ljava/lang/String;)V (max-target-q,core-platform-api, reflection, denied)
05-18 03:44:32.104 20711 20804 W banggood.clien: Accessing hidden method Lcom/android/org/conscrypt/OpenSSLSocketImpl;->setHostname(Ljava/lang/String;)V (max-target-q,core-platform-api, reflection, denied)
05-18 03:44:32.104 20711 20804 W banggood.clien: Accessing hidden method Lcom/android/org/conscrypt/AbstractConscryptSocket;->setHostname(Ljava/lang/String;)V (max-target-q, reflection, denied)
05-18 03:44:32.104 20711 20804 W banggood.clien: Accessing hidden method Lcom/android/org/conscrypt/OpenSSLSocketImpl;->setAlpnProtocols([B)V (max-target-q,core-platform-api, reflection, denied)
05-18 03:44:32.104 20711 20804 W banggood.clien: Accessing hidden method Lcom/android/org/conscrypt/AbstractConscryptSocket;->setAlpnProtocols([B)V (max-target-q, reflection, denied)
05-18 03:44:32.192 20711 20942 W banggood.clien: Accessing hidden method Lcom/android/org/conscrypt/ConscryptEngineSocket;->setUseSessionTickets(Z)V (max-target-q,core-platform-api, reflection, denied)
05-18 03:44:32.193 20711 20942 W banggood.clien: Accessing hidden method Lcom/android/org/conscrypt/OpenSSLSocketImpl;->setUseSessionTickets(Z)V (max-target-q,core-platform-api, reflection, denied)
05-18 03:44:32.193 20711 20942 W banggood.clien: Accessing hidden method Lcom/android/org/conscrypt/AbstractConscryptSocket;->setUseSessionTickets(Z)V (max-target-q, reflection, denied)
05-18 03:44:32.193 20711 20942 W banggood.clien: Accessing hidden method Lcom/android/org/conscrypt/ConscryptEngineSocket;->setHostname(Ljava/lang/String;)V (max-target-q,core-platform-api, reflection, denied)
05-18 03:44:32.194 20711 20942 W banggood.clien: Accessing hidden method Lcom/android/org/conscrypt/OpenSSLSocketImpl;->setHostname(Ljava/lang/String;)V (max-target-q,core-platform-api, reflection, denied)
05-18 03:44:32.197 20711 20942 W banggood.clien: Accessing hidden method Lcom/android/org/conscrypt/AbstractConscryptSocket;->setHostname(Ljava/lang/String;)V (max-target-q, reflection, denied)
05-18 03:44:32.199 20711 20942 W banggood.clien: Accessing hidden method Lcom/android/org/conscrypt/OpenSSLSocketImpl;->setAlpnProtocols([B)V (max-target-q,core-platform-api, reflection, denied)
05-18 03:44:32.200 20711 20942 W banggood.clien: Accessing hidden method Lcom/android/org/conscrypt/AbstractConscryptSocket;->setAlpnProtocols([B)V (max-target-q, reflection, denied)
05-18 03:44:32.335  1548 20950 I AdvertisingIdClient: shouldSendLog 6080595
05-18 03:44:32.335  1548 20950 I AdvertisingIdClient: GetInfoInternal elapse 119ms
05-18 03:44:32.390  1548  1792 W ServiceBindIntentUtils: Dynamic lookup for intent failed for action: com.google.android.gms.payse.service.BIND
05-18 03:44:32.401  1548  1548 I BndSvcConfigHelper: No bound-service is registered for action: com.google.android.gms.payse.service.BIND
05-18 03:44:32.401  1548  1548 I BoundBrokerSvc: Bound service not available for: Intent { act=com.google.android.gms.payse.service.BIND pkg=com.google.android.gms }
05-18 03:44:32.410  1548  1792 I GmsApiChimeraSvc: Using MissingApiServiceBroker for com.google.android.gms.payse.service.BIND due to missing BoundService implementation
05-18 03:44:32.487  1404  1753 W MediaProvider: isAppCloneUserPair for user 0: false
05-18 03:44:32.579   178   178 I hwservicemanager: getTransport: Cannot find entry android.hardware.graphics.mapper@4.0::IMapper/default in either framework or device VINTF manifest.
05-18 03:44:32.584 20957 20961 I Gralloc4: mapper 4.x is not supported
05-18 03:44:32.690   630   756 I InputReader: Reconfiguring input devices, changes=KEYBOARD_LAYOUTS | 
05-18 03:44:32.695   630   630 I Telecom : DefaultDialerCache: Refreshing default dialer for user 0: now com.android.dialer: DDC.oR@AYc
05-18 03:44:32.698   630   746 I RoleService: Granting default roles...
05-18 03:44:32.707  1796 20508 I PermissionControllerServiceImpl: Updating user sensitive for uid 10198
05-18 03:44:32.722 15150 18021 I Finsky  : [189] alyu.v(185): Package com.google.android.gms is verified.
05-18 03:44:32.725  1796 20307 W Role    : Cannot get ApplicationInfo for default holder: com.google.android.contacts
05-18 03:44:32.731  1796 20307 W Role    : Cannot get ApplicationInfo for default holder: com.google.android.as
05-18 03:44:32.782 20711 20976 W banggood.clien: Accessing hidden method Lcom/android/org/conscrypt/ConscryptEngineSocket;->setUseSessionTickets(Z)V (max-target-q,core-platform-api, reflection, denied)
05-18 03:44:32.782 20711 20976 W banggood.clien: Accessing hidden method Lcom/android/org/conscrypt/OpenSSLSocketImpl;->setUseSessionTickets(Z)V (max-target-q,core-platform-api, reflection, denied)
05-18 03:44:32.782 20711 20976 W banggood.clien: Accessing hidden method Lcom/android/org/conscrypt/AbstractConscryptSocket;->setUseSessionTickets(Z)V (max-target-q, reflection, denied)
05-18 03:44:32.782 20711 20976 W banggood.clien: Accessing hidden method Lcom/android/org/conscrypt/ConscryptEngineSocket;->setHostname(Ljava/lang/String;)V (max-target-q,core-platform-api, reflection, denied)
05-18 03:44:32.782 20711 20976 W banggood.clien: Accessing hidden method Lcom/android/org/conscrypt/OpenSSLSocketImpl;->setHostname(Ljava/lang/String;)V (max-target-q,core-platform-api, reflection, denied)
05-18 03:44:32.782 20711 20976 W banggood.clien: Accessing hidden method Lcom/android/org/conscrypt/AbstractConscryptSocket;->setHostname(Ljava/lang/String;)V (max-target-q, reflection, denied)
05-18 03:44:32.782 20711 20976 W banggood.clien: Accessing hidden method Lcom/android/org/conscrypt/OpenSSLSocketImpl;->setAlpnProtocols([B)V (max-target-q,core-platform-api, reflection, denied)
05-18 03:44:32.782 20711 20976 W banggood.clien: Accessing hidden method Lcom/android/org/conscrypt/AbstractConscryptSocket;->setAlpnProtocols([B)V (max-target-q, reflection, denied)
