05-31 12:00:34.893  1894  2282 W CorpusConfigHelper: 	at com.google.android.libraries.g.d.run(SourceFile:2)
05-31 12:00:34.893  1894  2282 W CorpusConfigHelper: 	at java.lang.Thread.run(Thread.java:920)
05-31 12:00:34.923  1894 31461 W sb.v.u.LiteSuggestSourc: On-device lite suggest model loading error.
05-31 12:00:34.923  1894 31461 W sb.v.u.LiteSuggestSourc: java.io.IOException: Wrong index file: /data/user/0/com.google.android.googlequicksearchbox/files/web_suggest_model/index.bin
05-31 12:00:34.923  1894 31461 W sb.v.u.LiteSuggestSourc: 	at com.google.cc.b.a.c.<init>(SourceFile:5)
05-31 12:00:34.923  1894 31461 W sb.v.u.LiteSuggestSourc: 	at com.google.android.apps.gsa.staticplugins.searchboxroot.features.n.c.a.run(SourceFile:3)
05-31 12:00:34.923  1894 31461 W sb.v.u.LiteSuggestSourc: 	at java.util.concurrent.Executors$RunnableAdapter.call(Executors.java:462)
05-31 12:00:34.923  1894 31461 W sb.v.u.LiteSuggestSourc: 	at java.util.concurrent.FutureTask.run(FutureTask.java:266)
05-31 12:00:34.923  1894 31461 W sb.v.u.LiteSuggestSourc: 	at com.google.android.apps.gsa.shared.util.c.a.e.run(SourceFile:2)
05-31 12:00:34.923  1894 31461 W sb.v.u.LiteSuggestSourc: 	at com.google.android.apps.gsa.shared.util.c.a.ay.run(SourceFile:1)
05-31 12:00:34.923  1894 31461 W sb.v.u.LiteSuggestSourc: 	at com.google.android.apps.gsa.shared.util.c.a.ay.run(SourceFile:1)
05-31 12:00:34.923  1894 31461 W sb.v.u.LiteSuggestSourc: 	at java.util.concurrent.ThreadPoolExecutor.runWorker(ThreadPoolExecutor.java:1167)
05-31 12:00:34.923  1894 31461 W sb.v.u.LiteSuggestSourc: 	at java.util.concurrent.ThreadPoolExecutor$Worker.run(ThreadPoolExecutor.java:641)
05-31 12:00:34.923  1894 31461 W sb.v.u.LiteSuggestSourc: 	at java.lang.Thread.run(Thread.java:920)
05-31 12:00:34.923  1894 31461 W sb.v.u.LiteSuggestSourc: 	at com.google.android.apps.gsa.shared.util.c.a.h.run(SourceFile:4)
05-31 12:00:34.923  1894 31461 W sb.v.u.LiteSuggestSourc: Caused by: java.io.FileNotFoundException: /data/user/0/com.google.android.googlequicksearchbox/files/web_suggest_model/index.bin: open failed: ENOENT (No such file or directory)
05-31 12:00:34.923  1894 31461 W sb.v.u.LiteSuggestSourc: 	at libcore.io.IoBridge.open(IoBridge.java:575)
05-31 12:00:34.923  1894 31461 W sb.v.u.LiteSuggestSourc: 	at java.io.RandomAccessFile.<init>(RandomAccessFile.java:289)
05-31 12:00:34.923  1894 31461 W sb.v.u.LiteSuggestSourc: 	at java.io.RandomAccessFile.<init>(RandomAccessFile.java:152)
05-31 12:00:34.923  1894 31461 W sb.v.u.LiteSuggestSourc: 	at com.google.cc.b.a.c.<init>(SourceFile:1)
05-31 12:00:34.923  1894 31461 W sb.v.u.LiteSuggestSourc: 	... 10 more
05-31 12:00:34.923  1894 31461 W sb.v.u.LiteSuggestSourc: Caused by: android.system.ErrnoException: open failed: ENOENT (No such file or directory)
05-31 12:00:34.923  1894 31461 W sb.v.u.LiteSuggestSourc: 	at libcore.io.Linux.open(Native Method)
05-31 12:00:34.923  1894 31461 W sb.v.u.LiteSuggestSourc: 	at libcore.io.ForwardingOs.open(ForwardingOs.java:567)
05-31 12:00:34.923  1894 31461 W sb.v.u.LiteSuggestSourc: 	at libcore.io.BlockGuardOs.open(BlockGuardOs.java:273)
05-31 12:00:34.923  1894 31461 W sb.v.u.LiteSuggestSourc: 	at libcore.io.ForwardingOs.open(ForwardingOs.java:567)
05-31 12:00:34.923  1894 31461 W sb.v.u.LiteSuggestSourc: 	at android.app.ActivityThread$AndroidOs.open(ActivityThread.java:7725)
05-31 12:00:34.923  1894 31461 W sb.v.u.LiteSuggestSourc: 	at libcore.io.IoBridge.open(IoBridge.java:561)
05-31 12:00:34.923  1894 31461 W sb.v.u.LiteSuggestSourc: 	... 13 more
05-31 12:00:34.927   387 32182 W ResourceManagerService: Ignoring request to add new resource entry with value <= 0
05-31 12:00:34.927   387 32184 I CCodec  : Created component [c2.android.aac.decoder]
05-31 12:00:34.929  1705 29080 I Icing   : IndexChimeraService.getServiceInterface callingPackage=com.google.android.googlequicksearchbox componentName=null serviceId=36
05-31 12:00:34.939   387 32184 I CCodecConfig: query failed after returning 19 values (BAD_INDEX)
05-31 12:00:34.943   387 32184 W Codec2Client: query -- param skipped: index = 1107298332.
05-31 12:00:34.943   387 32184 W CCodec  : This behavior is subject to change. It is recommended that app developers double check whether the requested max input size is in reasonable range.
05-31 12:00:34.945   387 32184 I CCodecConfig: query failed after returning 19 values (BAD_INDEX)
05-31 12:00:34.945   387 32184 I MediaCodec: MediaCodec will operate in async mode
05-31 12:00:34.945  1475  5109 I MediaProvider: Begin Intent { act=android.intent.action.MEDIA_SCANNER_SCAN_FILE dat=file:///sdcard/screen_2025-05-31_200034.png flg=0x1400010 cmp=com.google.android.providers.media.module/com.android.providers.media.MediaService }
05-31 12:00:35.041  1705  7612 I Icing   : IndexChimeraService.getServiceInterface callingPackage=com.google.android.gms componentName=null serviceId=30
05-31 12:00:35.043   387 32184 W Codec2Client: query -- param skipped: index = 1342179345.
05-31 12:00:35.043   387 32184 W Codec2Client: query -- param skipped: index = 2415921170.
05-31 12:00:35.043   387 32184 W Codec2Client: query -- param skipped: index = 1610614798.
05-31 12:00:35.075   387 32184 I CCodecBufferChannel: [c2.android.aac.decoder#851] Created output block pool with allocatorID 16 => poolID 31 - OK
05-31 12:00:35.096   391 32200 I C2SoftAacDec: Reconfiguring decoder: 0->48000 Hz, 0->2 channels
05-31 12:00:35.152  1705 28756 I Icing   : Usage reports ok 1, Failed Usage reports 0, indexed 0, rejected 0
05-31 12:00:35.153  1475  5089 I MediaProvider: Deleted 0 1 0 0 0 0 0 items on external_primary due to com.android.shell
05-31 12:00:35.184  1475  5109 W ModernMediaScanner: Trouble scanning /storage/emulated/0/screen_2025-05-31_200034.png: java.io.FileNotFoundException: /storage/emulated/0/screen_2025-05-31_200034.png: open failed: ENOENT (No such file or directory)
05-31 12:00:35.186 31976 31988 W MediaPlayerNative: info/warning (3, 0)
05-31 12:00:35.207  1475  5109 W ModernMediaScanner: Failed to apply ContentProviderOperation(type=update uri=content://media/external_primary/file/340 values={instance_id=null, compilation=null, disc_number=null, duration=null, album_artist=null, description=null, resolution=null, orientation=null, artist=null, author=null, height=null, is_drm=0, date_modified=1748692834, writer=null, composer=null, _modifier=3, datetaken=null, mime_type=image/png, bitrate=null, cd_track_number=null, year=null, _data=/storage/emulated/0/screen_2025-05-31_200034.png, _size=22326, album=null, genre=null, title=screen_2025-05-31_200034, width=null, document_id=null, capture_framerate=null, num_tracks=null, original_document_id=null, media_type=1} expectedCount=1 exceptionAllowed)
05-31 12:00:35.207  1475  5109 W ModernMediaScanner: android.content.OperationApplicationException: Expected 1 rows but actual 0
05-31 12:00:35.207  1475  5109 W ModernMediaScanner: 	at android.content.ContentProviderOperation.applyInternal(ContentProviderOperation.java:428)
05-31 12:00:35.207  1475  5109 W ModernMediaScanner: 	at android.content.ContentProviderOperation.apply(ContentProviderOperation.java:347)
05-31 12:00:35.207  1475  5109 W ModernMediaScanner: 	at android.content.ContentProvider.applyBatch(ContentProvider.java:2438)
05-31 12:00:35.207  1475  5109 W ModernMediaScanner: 	at com.android.providers.media.MediaProvider.applyBatch(MediaProvider.java:4387)
05-31 12:00:35.207  1475  5109 W ModernMediaScanner: 	at android.content.ContentProvider.applyBatch(ContentProvider.java:2429)
05-31 12:00:35.207  1475  5109 W ModernMediaScanner: 	at android.content.ContentResolver.applyBatch(ContentResolver.java:2230)
05-31 12:00:35.207  1475  5109 W ModernMediaScanner: 	at com.android.providers.media.scan.ModernMediaScanner$Scan.applyPending(ModernMediaScanner.java:922)
05-31 12:00:35.207  1475  5109 W ModernMediaScanner: 	at com.android.providers.media.scan.ModernMediaScanner$Scan.walkFileTree(ModernMediaScanner.java:440)
05-31 12:00:35.207  1475  5109 W ModernMediaScanner: 	at com.android.providers.media.scan.ModernMediaScanner$Scan.runInternal(ModernMediaScanner.java:402)
05-31 12:00:35.207  1475  5109 W ModernMediaScanner: 	at com.android.providers.media.scan.ModernMediaScanner$Scan.run(ModernMediaScanner.java:391)
05-31 12:00:35.207  1475  5109 W ModernMediaScanner: 	at com.android.providers.media.scan.ModernMediaScanner.scanFile(ModernMediaScanner.java:263)
05-31 12:00:35.207  1475  5109 W ModernMediaScanner: 	at com.android.providers.media.MediaProvider.scanFile(MediaProvider.java:1273)
05-31 12:00:35.207  1475  5109 W ModernMediaScanner: 	at com.android.providers.media.MediaProvider.scanFile(MediaProvider.java:1269)
05-31 12:00:35.207  1475  5109 W ModernMediaScanner: 	at com.android.providers.media.MediaService.onScanFile(MediaService.java:215)
05-31 12:00:35.207  1475  5109 W ModernMediaScanner: 	at com.android.providers.media.MediaService.onHandleWork(MediaService.java:85)
05-31 12:00:35.207  1475  5109 W ModernMediaScanner: 	at androidx.core.app.JobIntentService$CommandProcessor.doInBackground(JobIntentService.java:396)
05-31 12:00:35.207  1475  5109 W ModernMediaScanner: 	at androidx.core.app.JobIntentService$CommandProcessor.doInBackground(JobIntentService.java:387)
05-31 12:00:35.207  1475  5109 W ModernMediaScanner: 	at android.os.AsyncTask$3.call(AsyncTask.java:394)
05-31 12:00:35.207  1475  5109 W ModernMediaScanner: 	at java.util.concurrent.FutureTask.run(FutureTask.java:266)
05-31 12:00:35.207  1475  5109 W ModernMediaScanner: 	at java.util.concurrent.ThreadPoolExecutor.runWorker(ThreadPoolExecutor.java:1167)
05-31 12:00:35.207  1475  5109 W ModernMediaScanner: 	at java.util.concurrent.ThreadPoolExecutor$Worker.run(ThreadPoolExecutor.java:641)
05-31 12:00:35.207  1475  5109 W ModernMediaScanner: 	at java.lang.Thread.run(Thread.java:920)
05-31 12:00:35.211  1475  5109 I MediaProvider: End Intent { act=android.intent.action.MEDIA_SCANNER_SCAN_FILE dat=file:///sdcard/screen_2025-05-31_200034.png flg=0x1400010 cmp=com.google.android.providers.media.module/com.android.providers.media.MediaService }
05-31 12:00:35.216  1894 31464 W LocationOracle: getBestLocation(): no location is available
05-31 12:00:35.217  1705 28756 I Icing   : Usage reports ok 0, Failed Usage reports 0, indexed 0, rejected 0
05-31 12:00:35.227   614  4220 W InputManager-JNI: Input channel object '9b3aef2 Splash Screen com.windstream.residential (client)' was disposed without first being removed with the input manager!
05-31 12:00:35.361 31976 31984 I eam.residentia: Background young concurrent copying GC freed 219994(13MB) AllocSpace objects, 105(4104KB) LOS objects, 79% free, 6333KB/30MB, paused 12.670ms,258us total 139.316ms
05-31 12:00:35.533  1894  2273 I sb.r.PDSWriter: Updating TNG suggest bootstrap data
05-31 12:00:35.550  1894  2282 I sb.r.PDSWriter: Updating TNG suggest bootstrap data
05-31 12:00:35.574  1894  2218 I sb.r.PDSWriter: Updated TNG suggest bootstrap data
05-31 12:00:35.583  1894  2218 I sb.r.PDSWriter: Updated TNG suggest bootstrap data
05-31 12:00:35.617 10446 11676 I Finsky  : [129] atms.ar(184): Package com.google.android.gms is verified.
05-31 12:00:35.622  1705 32179 W FA-SVC  : Service response is missing Install Referrer install timestamp
05-31 12:00:36.202  1475  1748 W MediaProvider: isAppCloneUserPair for user 0: false
05-31 12:00:36.245   176   176 I hwservicemanager: getTransport: Cannot find entry android.hardware.graphics.mapper@4.0::IMapper/default in either framework or device VINTF manifest.
05-31 12:00:36.246 32246 32249 I Gralloc4: mapper 4.x is not supported
05-31 12:00:36.489  1475  5109 I MediaProvider: Begin Intent { act=android.intent.action.MEDIA_SCANNER_SCAN_FILE dat=file:///sdcard/screen_2025-05-31_200036.png flg=0x1400010 cmp=com.google.android.providers.media.module/com.android.providers.media.MediaService }
05-31 12:00:36.500  1475  5109 I MediaProvider: End Intent { act=android.intent.action.MEDIA_SCANNER_SCAN_FILE dat=file:///sdcard/screen_2025-05-31_200036.png flg=0x1400010 cmp=com.google.android.providers.media.module/com.android.providers.media.MediaService }
05-31 12:00:36.713  1475  5089 I MediaProvider: Deleted 0 1 0 0 0 0 0 items on external_primary due to com.android.shell
05-31 12:00:36.870   175   175 I servicemanager: Notifying apexservice they have clients: 1
05-31 12:00:36.870   175   175 I servicemanager: Notifying apexservice they have clients: 0
05-31 12:00:36.877   175   175 I BpBinder: onLastStrongRef automatically unlinking death recipients: <uncached descriptor>
05-31 12:00:37.453  1475  1748 W MediaProvider: isAppCloneUserPair for user 0: false
05-31 12:00:37.475   176   176 I hwservicemanager: getTransport: Cannot find entry android.hardware.graphics.mapper@4.0::IMapper/default in either framework or device VINTF manifest.
05-31 12:00:37.476 32300 32303 I Gralloc4: mapper 4.x is not supported
05-31 12:00:37.614  1475  5109 I MediaProvider: Begin Intent { act=android.intent.action.MEDIA_SCANNER_SCAN_FILE dat=file:///sdcard/screen_2025-05-31_200037.png flg=0x1400010 cmp=com.google.android.providers.media.module/com.android.providers.media.MediaService }
05-31 12:00:37.620  1475  5109 I MediaProvider: End Intent { act=android.intent.action.MEDIA_SCANNER_SCAN_FILE dat=file:///sdcard/screen_2025-05-31_200037.png flg=0x1400010 cmp=com.google.android.providers.media.module/com.android.providers.media.MediaService }
05-31 12:00:37.707  1475  4300 I MediaProvider: Deleted 0 1 0 0 0 0 0 items on external_primary due to com.android.shell
05-31 12:00:37.709  1312  2173 I UriTaskContentObserver: (REDACTED) Throttling content uri change event for %s
05-31 12:00:37.944  5669 32320 I ProvidersCache: Provider returned no roots. Possibly naughty: com.google.android.apps.docs.storage
05-31 12:00:38.154   391   512 I hw-BpHwBinder: onLastStrongRef automatically unlinking death recipients
05-31 12:00:38.155   387 32339 I hw-BpHwBinder: onLastStrongRef automatically unlinking death recipients
05-31 12:00:38.204   387 32186 I hw-BpHwBinder: onLastStrongRef automatically unlinking death recipients
05-31 12:00:38.207 31976 32292 E BufferQueueProducer: [SurfaceTexture-0-31976-0](id:7ce800000001,api:0,p:-1,c:31976) detachBuffer: BufferQueue has no connected producer
05-31 12:00:38.211   334  1006 I GoldfishComponentStore: in ~ComponentModule
05-31 12:00:38.211   334  1006 I GoldfishComponentStore: unloading dll
05-31 12:00:38.222   387  1879 W AMessage: failed to post message as target looper for handler 0 is gone.
05-31 12:00:38.225 31976 31976 W MediaPlayer: mediaplayer went away with unhandled events
05-31 12:00:38.236   614   785 W BestClock: java.time.DateTimeException: Missing NTP fix
05-31 12:00:38.262   614   785 W BestClock: java.time.DateTimeException: Missing NTP fix
05-31 12:00:38.268   614   786 W BestClock: java.time.DateTimeException: Missing NTP fix
05-31 12:00:38.272   614   786 W BestClock: java.time.DateTimeException: Missing NTP fix
05-31 12:00:38.277   614   786 W BestClock: java.time.DateTimeException: Missing NTP fix
05-31 12:00:38.350 31976 32057 I PendoInternal: Pendo Mobile SDK was successfully integrated and connected to the server. App version identified: '4.9.9'.
05-31 12:00:38.852  5669 32385 I ProvidersCache: Provider returned no roots. Possibly naughty: com.google.android.apps.docs.storage
05-31 12:00:39.161  1705  4316 I cn_CronetUrlRequestContext: destroyNativeStreamLocked org.chromium.net.impl.CronetBidirectionalStream@aa98921
05-31 12:00:39.272  1894  1894 I BgTaskExecutorImpl: Starting EXCLUSIVE background task INTERNAL_PERIODIC_TASK_SYNC.
05-31 12:00:40.588  5669 32425 I ProvidersCache: Provider returned no roots. Possibly naughty: com.google.android.apps.docs.storage
05-31 12:00:40.963  1475  1748 W MediaProvider: isAppCloneUserPair for user 0: false
05-31 12:00:40.980  5669 32439 I ProvidersCache: Provider returned no roots. Possibly naughty: com.google.android.apps.docs.storage
05-31 12:00:40.995   176   176 I hwservicemanager: getTransport: Cannot find entry android.hardware.graphics.mapper@4.0::IMapper/default in either framework or device VINTF manifest.
05-31 12:00:40.996 32434 32442 I Gralloc4: mapper 4.x is not supported
05-31 12:00:41.142  1475  5109 I MediaProvider: Begin Intent { act=android.intent.action.MEDIA_SCANNER_SCAN_FILE dat=file:///sdcard/screen_2025-05-31_200041.png flg=0x1400010 cmp=com.google.android.providers.media.module/com.android.providers.media.MediaService }
05-31 12:00:41.157  1475  5109 I MediaProvider: End Intent { act=android.intent.action.MEDIA_SCANNER_SCAN_FILE dat=file:///sdcard/screen_2025-05-31_200041.png flg=0x1400010 cmp=com.google.android.providers.media.module/com.android.providers.media.MediaService }
05-31 12:00:41.227  1475  4300 I MediaProvider: Deleted 0 1 0 0 0 0 0 items on external_primary due to com.android.shell
05-31 12:00:41.228  1312  2173 I UriTaskContentObserver: (REDACTED) Throttling content uri change event for %s
05-31 12:00:41.666 10446 10531 I Finsky  : [77] sju.accept(58): SCH: Scheduling phonesky job Id: 12-1, CT: 1748692823585, Constraints: [{ L: 15000, D: 86400000, C: CHARGING_NONE, I: IDLE_NONE, N: NET_ANY, B: BATTERY_ANY }]
05-31 12:00:41.672 10446 10533 I Finsky  : [79] njf.apply(251): SCH: Scheduling 1 system job(s)
05-31 12:00:41.672 10446 10533 I Finsky  : [79] ains.b(244): SCH: Scheduling system job Id: 9340, L: 0, D: 33307322, C: false, I: false, N: 1
05-31 12:00:41.682 10446 10446 I Finsky  : [2] aipn.onStartJob(126): SCH: job service start with id 9340.
05-31 12:00:41.682 10446 10506 I Finsky  : [65] poo.kh(210): [ContentSync] finished, scheduled=true
05-31 12:00:41.689 10446 31561 I Finsky  : [343] nje.a(184): SCH: Satisfied jobs for 9340 are: 12-1
05-31 12:00:41.691 10446 32469 I Finsky  : [347] aioi.accept(105): SCH: Job 12-1 starting
05-31 12:00:41.694 10446 10446 I Finsky  : [2] ContentSyncJob.i(9): [ContentSync] job started
05-31 12:00:41.774 10446 32471 I Finsky  : [348] nrn.a(199): App states replicator found 7 unowned apps
05-31 12:00:41.797 10446 32471 I Finsky  : [348] nrs.b(18): Completed 0 account content syncs with 0 successful.
05-31 12:00:41.798 10446 10446 I Finsky  : [2] ContentSyncJob.a(12): [ContentSync] Installation state replication succeeded.
05-31 12:00:41.799 10446 10446 I Finsky  : [2] ainv.q(56): SCH: jobFinished: 12-1. TimeElapsed: 107ms.
05-31 12:00:41.834 10446 10535 I Finsky  : [81] sju.accept(58): SCH: Scheduling phonesky job Id: 1-1337, CT: 1748678741643, Constraints: [{ L: 14399997, D: 47407351, C: CHARGING_NONE, I: IDLE_NONE, N: NET_ANY, B: BATTERY_ANY }]
05-31 12:00:41.840 10446 10533 I Finsky  : [79] njf.apply(251): SCH: Scheduling 1 system job(s)
05-31 12:00:41.840 10446 10533 I Finsky  : [79] ains.b(244): SCH: Scheduling system job Id: 9343, L: 299800, D: 33307154, C: false, I: false, N: 1
05-31 12:00:41.847 10446 32469 I Finsky  : [347] aipn.a(24): SCH: job service finished with id 9340.
05-31 12:00:41.894  1475  1748 W MediaProvider: isAppCloneUserPair for user 0: false
05-31 12:00:41.925   176   176 I hwservicemanager: getTransport: Cannot find entry android.hardware.graphics.mapper@4.0::IMapper/default in either framework or device VINTF manifest.
05-31 12:00:41.925 32483 32485 I Gralloc4: mapper 4.x is not supported
05-31 12:00:42.005  5669 32489 I ProvidersCache: Provider returned no roots. Possibly naughty: com.google.android.apps.docs.storage
05-31 12:00:42.084  1475  5109 I MediaProvider: Begin Intent { act=android.intent.action.MEDIA_SCANNER_SCAN_FILE dat=file:///sdcard/screen_2025-05-31_200042.png flg=0x1400010 cmp=com.google.android.providers.media.module/com.android.providers.media.MediaService }
05-31 12:00:42.091  1475  5109 I MediaProvider: End Intent { act=android.intent.action.MEDIA_SCANNER_SCAN_FILE dat=file:///sdcard/screen_2025-05-31_200042.png flg=0x1400010 cmp=com.google.android.providers.media.module/com.android.providers.media.MediaService }
05-31 12:00:42.166  1475  5089 I MediaProvider: Deleted 0 1 0 0 0 0 0 items on external_primary due to com.android.shell
05-31 12:00:42.167  1312  2173 I UriTaskContentObserver: (REDACTED) Throttling content uri change event for %s
05-31 12:00:42.750  1475  1748 W MediaProvider: isAppCloneUserPair for user 0: false
05-31 12:00:42.784   176   176 I hwservicemanager: getTransport: Cannot find entry android.hardware.graphics.mapper@4.0::IMapper/default in either framework or device VINTF manifest.
05-31 12:00:42.784 32528 32530 I Gralloc4: mapper 4.x is not supported
05-31 12:00:42.904  1475  5109 I MediaProvider: Begin Intent { act=android.intent.action.MEDIA_SCANNER_SCAN_FILE dat=file:///sdcard/screen_2025-05-31_200043.png flg=0x1400010 cmp=com.google.android.providers.media.module/com.android.providers.media.MediaService }
05-31 12:00:42.918  1475  5109 I MediaProvider: End Intent { act=android.intent.action.MEDIA_SCANNER_SCAN_FILE dat=file:///sdcard/screen_2025-05-31_200043.png flg=0x1400010 cmp=com.google.android.providers.media.module/com.android.providers.media.MediaService }
05-31 12:00:42.996  5669 32539 I ProvidersCache: Provider returned no roots. Possibly naughty: com.google.android.apps.docs.storage
05-31 12:00:43.046  1475  5089 I MediaProvider: Deleted 0 1 0 0 0 0 0 items on external_primary due to com.android.shell
05-31 12:00:43.485   190 32050 I keystore2: keystore2::watchdog: Watchdog thread idle -> terminating. Have a great day.
05-31 12:00:45.271  5669 32627 I ProvidersCache: Provider returned no roots. Possibly naughty: com.google.android.apps.docs.storage
05-31 12:00:45.413   614   635 W System  : A resource failed to call release. 
05-31 12:00:45.534  1894  2273 E cr_CronetUrlRequestContext: Exception in upload method
05-31 12:00:45.534  1894  2273 E cr_CronetUrlRequestContext: com.google.android.apps.gsa.shared.q.d: Error code: 656394 | null
05-31 12:00:45.534  1894  2273 E cr_CronetUrlRequestContext: 	at com.google.android.libraries.gsa.c.a.n.fZ(SourceFile:1)
05-31 12:00:45.534  1894  2273 E cr_CronetUrlRequestContext: 	at com.google.android.libraries.gsa.k.a.n.fZ(SourceFile:2)
05-31 12:00:45.534  1894  2273 E cr_CronetUrlRequestContext: 	at com.google.common.w.a.bv.run(SourceFile:6)
05-31 12:00:45.534  1894  2273 E cr_CronetUrlRequestContext: 	at com.google.android.apps.gsa.shared.util.c.a.bt.b(SourceFile:1)
05-31 12:00:45.534  1894  2273 E cr_CronetUrlRequestContext: 	at com.google.android.apps.gsa.shared.util.c.a.bw.run(SourceFile:1)
05-31 12:00:45.534  1894  2273 E cr_CronetUrlRequestContext: 	at com.google.android.libraries.g.ab.run(SourceFile:1)
05-31 12:00:45.534  1894  2273 E cr_CronetUrlRequestContext: 	at java.util.concurrent.ThreadPoolExecutor.runWorker(ThreadPoolExecutor.java:1167)
05-31 12:00:45.534  1894  2273 E cr_CronetUrlRequestContext: 	at java.util.concurrent.ThreadPoolExecutor$Worker.run(ThreadPoolExecutor.java:641)
05-31 12:00:45.534  1894  2273 E cr_CronetUrlRequestContext: 	at com.google.android.libraries.g.n.run(SourceFile:2)
05-31 12:00:45.534  1894  2273 E cr_CronetUrlRequestContext: 	at com.google.android.libraries.g.d.run(SourceFile:2)
05-31 12:00:45.534  1894  2273 E cr_CronetUrlRequestContext: 	at java.lang.Thread.run(Thread.java:920)
05-31 12:00:45.534  1894  2273 E cr_CronetUrlRequestContext: Caused by: java.util.concurrent.TimeoutException
05-31 12:00:45.534  1894  2273 E cr_CronetUrlRequestContext: 	at com.google.android.apps.gsa.shared.util.c.w.run(SourceFile:2)
05-31 12:00:45.534  1894  2273 E cr_CronetUrlRequestContext: 	at com.google.android.libraries.gsa.k.a.k.run(SourceFile:2)
05-31 12:00:45.534  1894  2273 E cr_CronetUrlRequestContext: 	at com.google.android.apps.gsa.shared.util.c.a.bt.b(SourceFile:1)
05-31 12:00:45.534  1894  2273 E cr_CronetUrlRequestContext: 	at com.google.android.apps.gsa.shared.util.c.a.bw.run(SourceFile:1)
05-31 12:00:45.534  1894  2273 E cr_CronetUrlRequestContext: 	at java.util.concurrent.Executors$RunnableAdapter.call(Executors.java:462)
05-31 12:00:45.534  1894  2273 E cr_CronetUrlRequestContext: 	at java.util.concurrent.FutureTask.run(FutureTask.java:266)
05-31 12:00:45.534  1894  2273 E cr_CronetUrlRequestContext: 	at com.google.android.libraries.g.r.run(SourceFile:1)
05-31 12:00:45.534  1894  2273 E cr_CronetUrlRequestContext: 	... 5 more
05-31 12:00:45.534  1894  2282 E cr_CronetUrlRequestContext: Exception in upload method
05-31 12:00:45.534  1894  2282 E cr_CronetUrlRequestContext: com.google.android.apps.gsa.shared.q.d: Error code: 656394 | null
05-31 12:00:45.534  1894  2282 E cr_CronetUrlRequestContext: 	at com.google.android.libraries.gsa.c.a.n.fZ(SourceFile:1)
05-31 12:00:45.534  1894  2282 E cr_CronetUrlRequestContext: 	at com.google.android.libraries.gsa.k.a.n.fZ(SourceFile:2)
05-31 12:00:45.534  1894  2282 E cr_CronetUrlRequestContext: 	at com.google.common.w.a.bv.run(SourceFile:6)
05-31 12:00:45.534  1894  2282 E cr_CronetUrlRequestContext: 	at com.google.android.apps.gsa.shared.util.c.a.bt.b(SourceFile:1)
05-31 12:00:45.534  1894  2282 E cr_CronetUrlRequestContext: 	at com.google.android.apps.gsa.shared.util.c.a.bw.run(SourceFile:1)
05-31 12:00:45.534  1894  2282 E cr_CronetUrlRequestContext: 	at com.google.android.libraries.g.ab.run(SourceFile:1)
05-31 12:00:45.534  1894  2282 E cr_CronetUrlRequestContext: 	at java.util.concurrent.ThreadPoolExecutor.runWorker(ThreadPoolExecutor.java:1167)
05-31 12:00:45.534  1894  2282 E cr_CronetUrlRequestContext: 	at java.util.concurrent.ThreadPoolExecutor$Worker.run(ThreadPoolExecutor.java:641)
05-31 12:00:45.534  1894  2282 E cr_CronetUrlRequestContext: 	at com.google.android.libraries.g.n.run(SourceFile:2)
05-31 12:00:45.534  1894  2282 E cr_CronetUrlRequestContext: 	at com.google.android.libraries.g.d.run(SourceFile:2)
05-31 12:00:45.534  1894  2282 E cr_CronetUrlRequestContext: 	at java.lang.Thread.run(Thread.java:920)
05-31 12:00:45.534  1894  2282 E cr_CronetUrlRequestContext: Caused by: java.util.concurrent.TimeoutException
05-31 12:00:45.534  1894  2282 E cr_CronetUrlRequestContext: 	at com.google.android.apps.gsa.shared.util.c.w.run(SourceFile:2)
05-31 12:00:45.534  1894  2282 E cr_CronetUrlRequestContext: 	at com.google.android.libraries.gsa.k.a.k.run(SourceFile:2)
05-31 12:00:45.534  1894  2282 E cr_CronetUrlRequestContext: 	at com.google.android.apps.gsa.shared.util.c.a.bt.b(SourceFile:1)
05-31 12:00:45.534  1894  2282 E cr_CronetUrlRequestContext: 	at com.google.android.apps.gsa.shared.util.c.a.bw.run(SourceFile:1)
05-31 12:00:45.534  1894  2282 E cr_CronetUrlRequestContext: 	at java.util.concurrent.Executors$RunnableAdapter.call(Executors.java:462)
05-31 12:00:45.534  1894  2282 E cr_CronetUrlRequestContext: 	at java.util.concurrent.FutureTask.run(FutureTask.java:266)
05-31 12:00:45.534  1894  2282 E cr_CronetUrlRequestContext: 	at com.google.android.libraries.g.r.run(SourceFile:1)
05-31 12:00:45.534  1894  2282 E cr_CronetUrlRequestContext: 	... 5 more
05-31 12:00:45.595  1475  1748 W MediaProvider: isAppCloneUserPair for user 0: false
05-31 12:00:45.618   176   176 I hwservicemanager: getTransport: Cannot find entry android.hardware.graphics.mapper@4.0::IMapper/default in either framework or device VINTF manifest.
05-31 12:00:45.618 32645 32647 I Gralloc4: mapper 4.x is not supported
05-31 12:00:45.765  1475  5109 I MediaProvider: Begin Intent { act=android.intent.action.MEDIA_SCANNER_SCAN_FILE dat=file:///sdcard/screen_2025-05-31_200045.png flg=0x1400010 cmp=com.google.android.providers.media.module/com.android.providers.media.MediaService }
05-31 12:00:45.785  1475  5109 I MediaProvider: End Intent { act=android.intent.action.MEDIA_SCANNER_SCAN_FILE dat=file:///sdcard/screen_2025-05-31_200045.png flg=0x1400010 cmp=com.google.android.providers.media.module/com.android.providers.media.MediaService }
05-31 12:00:45.820 31976 32021 E FirebaseInstanceId: Topic sync or token retrieval failed on hard failure exceptions: FIS_AUTH_ERROR. Won't retry the operation.
05-31 12:00:45.876  1475  5089 I MediaProvider: Deleted 0 1 0 0 0 0 0 items on external_primary due to com.android.shell
05-31 12:00:45.877  1312  2173 I UriTaskContentObserver: (REDACTED) Throttling content uri change event for %s
05-31 12:00:46.423  1475  1748 W MediaProvider: isAppCloneUserPair for user 0: false
05-31 12:00:46.454   176   176 I hwservicemanager: getTransport: Cannot find entry android.hardware.graphics.mapper@4.0::IMapper/default in either framework or device VINTF manifest.
05-31 12:00:46.454 32696 32698 I Gralloc4: mapper 4.x is not supported
05-31 12:00:46.590  1475  5109 I MediaProvider: Begin Intent { act=android.intent.action.MEDIA_SCANNER_SCAN_FILE dat=file:///sdcard/screen_2025-05-31_200046.png flg=0x1400010 cmp=com.google.android.providers.media.module/com.android.providers.media.MediaService }
05-31 12:00:46.602  1475  5109 I MediaProvider: End Intent { act=android.intent.action.MEDIA_SCANNER_SCAN_FILE dat=file:///sdcard/screen_2025-05-31_200046.png flg=0x1400010 cmp=com.google.android.providers.media.module/com.android.providers.media.MediaService }
05-31 12:00:46.666  1475  5089 I MediaProvider: Deleted 0 1 0 0 0 0 0 items on external_primary due to com.android.shell
05-31 12:00:46.666  1312  2173 I UriTaskContentObserver: (REDACTED) Throttling content uri change event for %s
05-31 12:00:46.816  5669 32719 I ProvidersCache: Provider returned no roots. Possibly naughty: com.google.android.apps.docs.storage
05-31 12:00:47.146  1475  1748 W MediaProvider: isAppCloneUserPair for user 0: false
05-31 12:00:47.175   176   176 I hwservicemanager: getTransport: Cannot find entry android.hardware.graphics.mapper@4.0::IMapper/default in either framework or device VINTF manifest.
05-31 12:00:47.175 32742 32744 I Gralloc4: mapper 4.x is not supported
05-31 12:00:47.310  1475  5109 I MediaProvider: Begin Intent { act=android.intent.action.MEDIA_SCANNER_SCAN_FILE dat=file:///sdcard/screen_2025-05-31_200047.png flg=0x1400010 cmp=com.google.android.providers.media.module/com.android.providers.media.MediaService }
05-31 12:00:47.314  1475  5109 I MediaProvider: End Intent { act=android.intent.action.MEDIA_SCANNER_SCAN_FILE dat=file:///sdcard/screen_2025-05-31_200047.png flg=0x1400010 cmp=com.google.android.providers.media.module/com.android.providers.media.MediaService }
05-31 12:00:47.400  1475  5089 I MediaProvider: Deleted 0 1 0 0 0 0 0 items on external_primary due to com.android.shell
05-31 12:00:47.401  1312  2173 I UriTaskContentObserver: (REDACTED) Throttling content uri change event for %s
05-31 12:00:47.571   614   785 W BestClock: java.time.DateTimeException: Missing NTP fix
05-31 12:00:47.609   614   785 W BestClock: java.time.DateTimeException: Missing NTP fix
05-31 12:00:47.624   614   786 W BestClock: java.time.DateTimeException: Missing NTP fix
05-31 12:00:47.638   614   786 W BestClock: java.time.DateTimeException: Missing NTP fix
05-31 12:00:47.675   614   786 W BestClock: java.time.DateTimeException: Missing NTP fix
05-31 12:00:47.761  5669   300 I ProvidersCache: Provider returned no roots. Possibly naughty: com.google.android.apps.docs.storage
05-31 12:00:47.872  1312 31786 I NetworkScheduler.Stats: (REDACTED) Task %s/%s started execution. cause:%s exec_start_elapsed_seconds: %s
05-31 12:00:47.876  1312 31300 I NetworkScheduler.Stats: (REDACTED) Task %s/%s finished executing. cause:%s result: %s elapsed_millis: %s uptime_millis: %s exec_start_elapsed_seconds: %s
05-31 12:00:50.012  1475  1748 W MediaProvider: isAppCloneUserPair for user 0: false
05-31 12:00:50.057   176   176 I hwservicemanager: getTransport: Cannot find entry android.hardware.graphics.mapper@4.0::IMapper/default in either framework or device VINTF manifest.
05-31 12:00:50.058   566   568 I Gralloc4: mapper 4.x is not supported
05-31 12:00:50.195  1475  5109 I MediaProvider: Begin Intent { act=android.intent.action.MEDIA_SCANNER_SCAN_FILE dat=file:///sdcard/screen_2025-05-31_200050.png flg=0x1400010 cmp=com.google.android.providers.media.module/com.android.providers.media.MediaService }
05-31 12:00:50.199  1475  5109 I MediaProvider: End Intent { act=android.intent.action.MEDIA_SCANNER_SCAN_FILE dat=file:///sdcard/screen_2025-05-31_200050.png flg=0x1400010 cmp=com.google.android.providers.media.module/com.android.providers.media.MediaService }
05-31 12:00:50.269  1475  5089 I MediaProvider: Deleted 0 1 0 0 0 0 0 items on external_primary due to com.android.shell
05-31 12:00:50.270  1312  2173 I UriTaskContentObserver: (REDACTED) Throttling content uri change event for %s
05-31 12:00:50.928  1475  1748 W MediaProvider: isAppCloneUserPair for user 0: false
05-31 12:00:50.959   176   176 I hwservicemanager: getTransport: Cannot find entry android.hardware.graphics.mapper@4.0::IMapper/default in either framework or device VINTF manifest.
05-31 12:00:50.960   603   605 I Gralloc4: mapper 4.x is not supported
05-31 12:00:51.039  5669   611 I ProvidersCache: Provider returned no roots. Possibly naughty: com.google.android.apps.docs.storage
05-31 12:00:51.095  1475  5109 I MediaProvider: Begin Intent { act=android.intent.action.MEDIA_SCANNER_SCAN_FILE dat=file:///sdcard/screen_2025-05-31_200051.png flg=0x1400010 cmp=com.google.android.providers.media.module/com.android.providers.media.MediaService }
05-31 12:00:51.101  1475  5109 I MediaProvider: End Intent { act=android.intent.action.MEDIA_SCANNER_SCAN_FILE dat=file:///sdcard/screen_2025-05-31_200051.png flg=0x1400010 cmp=com.google.android.providers.media.module/com.android.providers.media.MediaService }
05-31 12:00:51.193  1475  5089 I MediaProvider: Deleted 0 1 0 0 0 0 0 items on external_primary due to com.android.shell
05-31 12:00:51.194  1312  2173 I UriTaskContentObserver: (REDACTED) Throttling content uri change event for %s
05-31 12:00:51.287  5669   627 I ProvidersCache: Provider returned no roots. Possibly naughty: com.google.android.apps.docs.storage
05-31 12:00:51.689  1475  1748 W MediaProvider: isAppCloneUserPair for user 0: false
05-31 12:00:51.718   176   176 I hwservicemanager: getTransport: Cannot find entry android.hardware.graphics.mapper@4.0::IMapper/default in either framework or device VINTF manifest.
05-31 12:00:51.718   672   685 I Gralloc4: mapper 4.x is not supported
05-31 12:00:51.851  1475  5109 I MediaProvider: Begin Intent { act=android.intent.action.MEDIA_SCANNER_SCAN_FILE dat=file:///sdcard/screen_2025-05-31_200052.png flg=0x1400010 cmp=com.google.android.providers.media.module/com.android.providers.media.MediaService }
05-31 12:00:51.859  1475  5109 I MediaProvider: End Intent { act=android.intent.action.MEDIA_SCANNER_SCAN_FILE dat=file:///sdcard/screen_2025-05-31_200052.png flg=0x1400010 cmp=com.google.android.providers.media.module/com.android.providers.media.MediaService }
05-31 12:00:51.931  1475  5089 I MediaProvider: Deleted 0 1 0 0 0 0 0 items on external_primary due to com.android.shell
05-31 12:00:51.932  1312  2173 I UriTaskContentObserver: (REDACTED) Throttling content uri change event for %s
05-31 12:00:52.201  5669   726 I ProvidersCache: Provider returned no roots. Possibly naughty: com.google.android.apps.docs.storage
05-31 12:00:52.843  5669   858 I ProvidersCache: Provider returned no roots. Possibly naughty: com.google.android.apps.docs.storage
05-31 12:00:53.107  5669   898 I ProvidersCache: Provider returned no roots. Possibly naughty: com.google.android.apps.docs.storage
05-31 12:00:54.499  1475  1748 W MediaProvider: isAppCloneUserPair for user 0: false
05-31 12:00:54.528   176   176 I hwservicemanager: getTransport: Cannot find entry android.hardware.graphics.mapper@4.0::IMapper/default in either framework or device VINTF manifest.
05-31 12:00:54.532   930   933 I Gralloc4: mapper 4.x is not supported
05-31 12:00:54.674  1475  5109 I MediaProvider: Begin Intent { act=android.intent.action.MEDIA_SCANNER_SCAN_FILE dat=file:///sdcard/screen_2025-05-31_200054.png flg=0x1400010 cmp=com.google.android.providers.media.module/com.android.providers.media.MediaService }
05-31 12:00:54.700  1475  5109 I MediaProvider: End Intent { act=android.intent.action.MEDIA_SCANNER_SCAN_FILE dat=file:///sdcard/screen_2025-05-31_200054.png flg=0x1400010 cmp=com.google.android.providers.media.module/com.android.providers.media.MediaService }
05-31 12:00:54.765  1475  4300 I MediaProvider: Deleted 0 1 0 0 0 0 0 items on external_primary due to com.android.shell
05-31 12:00:54.767  1312  2173 I UriTaskContentObserver: (REDACTED) Throttling content uri change event for %s
05-31 12:00:55.421  1475  1748 W MediaProvider: isAppCloneUserPair for user 0: false
05-31 12:00:55.443   176   176 I hwservicemanager: getTransport: Cannot find entry android.hardware.graphics.mapper@4.0::IMapper/default in either framework or device VINTF manifest.
05-31 12:00:55.443  1003  1013 I Gralloc4: mapper 4.x is not supported
05-31 12:00:55.567   614   676 I ActivityManager: Killing 28555:com.android.chrome/u0a115 (adj 965): empty #17
05-31 12:00:55.569   614   678 I libprocessgroup: Successfully killed process cgroup uid 10115 pid 28555 in 0ms
05-31 12:00:55.571   318   318 I Zygote  : Process 28555 exited due to signal 9 (Killed)
05-31 12:00:55.575   614  2949 I ActivityManager: Killing 10616:com.android.vending:background/u0a103 (adj 985): empty #17
05-31 12:00:55.579  1475  5109 I MediaProvider: Begin Intent { act=android.intent.action.MEDIA_SCANNER_SCAN_FILE dat=file:///sdcard/screen_2025-05-31_200055.png flg=0x1400010 cmp=com.google.android.providers.media.module/com.android.providers.media.MediaService }
05-31 12:00:55.583  1475  5109 W ExifInterface: Invalid image: ExifInterface got an unsupported image format file(ExifInterface supports JPEG and some RAW image formats only) or a corrupted JPEG file to ExifInterface.
05-31 12:00:55.583  1475  5109 W ExifInterface: java.io.EOFException
05-31 12:00:55.583  1475  5109 W ExifInterface: 	at android.media.ExifInterface$ByteOrderedDataInputStream.readShort(ExifInterface.java:4995)
05-31 12:00:55.583  1475  5109 W ExifInterface: 	at android.media.ExifInterface.readByteOrder(ExifInterface.java:3977)
05-31 12:00:55.583  1475  5109 W ExifInterface: 	at android.media.ExifInterface.parseTiffHeaders(ExifInterface.java:3997)
05-31 12:00:55.583  1475  5109 W ExifInterface: 	at android.media.ExifInterface.getRawAttributes(ExifInterface.java:2963)
05-31 12:00:55.583  1475  5109 W ExifInterface: 	at android.media.ExifInterface.loadAttributes(ExifInterface.java:2024)
05-31 12:00:55.583  1475  5109 W ExifInterface: 	at android.media.ExifInterface.<init>(ExifInterface.java:1641)
05-31 12:00:55.583  1475  5109 W ExifInterface: 	at android.media.ExifInterface.<init>(ExifInterface.java:1592)
05-31 12:00:55.583  1475  5109 W ExifInterface: 	at com.android.providers.media.scan.ModernMediaScanner.scanItemImage(ModernMediaScanner.java:1367)
05-31 12:00:55.583  1475  5109 W ExifInterface: 	at com.android.providers.media.scan.ModernMediaScanner.scanItem(ModernMediaScanner.java:1003)
05-31 12:00:55.583  1475  5109 W ExifInterface: 	at com.android.providers.media.scan.ModernMediaScanner.access$1200(ModernMediaScanner.java:146)
05-31 12:00:55.583  1475  5109 W ExifInterface: 	at com.android.providers.media.scan.ModernMediaScanner$Scan.visitFile(ModernMediaScanner.java:801)
05-31 12:00:55.583  1475  5109 W ExifInterface: 	at com.android.providers.media.scan.ModernMediaScanner$Scan.visitFile(ModernMediaScanner.java:320)
05-31 12:00:55.583  1475  5109 W ExifInterface: 	at java.nio.file.Files.walkFileTree(Files.java:2670)
05-31 12:00:55.583  1475  5109 W ExifInterface: 	at java.nio.file.Files.walkFileTree(Files.java:2742)
05-31 12:00:55.583  1475  5109 W ExifInterface: 	at com.android.providers.media.scan.ModernMediaScanner$Scan.walkFileTree(ModernMediaScanner.java:439)
05-31 12:00:55.583  1475  5109 W ExifInterface: 	at com.android.providers.media.scan.ModernMediaScanner$Scan.runInternal(ModernMediaScanner.java:402)
05-31 12:00:55.583  1475  5109 W ExifInterface: 	at com.android.providers.media.scan.ModernMediaScanner$Scan.run(ModernMediaScanner.java:391)
05-31 12:00:55.583  1475  5109 W ExifInterface: 	at com.android.providers.media.scan.ModernMediaScanner.scanFile(ModernMediaScanner.java:263)
05-31 12:00:55.583  1475  5109 W ExifInterface: 	at com.android.providers.media.MediaProvider.scanFile(MediaProvider.java:1273)
05-31 12:00:55.583  1475  5109 W ExifInterface: 	at com.android.providers.media.MediaProvider.scanFile(MediaProvider.java:1269)
05-31 12:00:55.583  1475  5109 W ExifInterface: 	at com.android.providers.media.MediaService.onScanFile(MediaService.java:215)
05-31 12:00:55.583  1475  5109 W ExifInterface: 	at com.android.providers.media.MediaService.onHandleWork(MediaService.java:85)
05-31 12:00:55.583  1475  5109 W ExifInterface: 	at androidx.core.app.JobIntentService$CommandProcessor.doInBackground(JobIntentService.java:396)
05-31 12:00:55.583  1475  5109 W ExifInterface: 	at androidx.core.app.JobIntentService$CommandProcessor.doInBackground(JobIntentService.java:387)
05-31 12:00:55.583  1475  5109 W ExifInterface: 	at android.os.AsyncTask$3.call(AsyncTask.java:394)
05-31 12:00:55.583  1475  5109 W ExifInterface: 	at java.util.concurrent.FutureTask.run(FutureTask.java:266)
05-31 12:00:55.583  1475  5109 W ExifInterface: 	at java.util.concurrent.ThreadPoolExecutor.runWorker(ThreadPoolExecutor.java:1167)
05-31 12:00:55.583  1475  5109 W ExifInterface: 	at java.util.concurrent.ThreadPoolExecutor$Worker.run(ThreadPoolExecutor.java:641)
05-31 12:00:55.583  1475  5109 W ExifInterface: 	at java.lang.Thread.run(Thread.java:920)
05-31 12:00:55.587  1475  5109 I MediaProvider: End Intent { act=android.intent.action.MEDIA_SCANNER_SCAN_FILE dat=file:///sdcard/screen_2025-05-31_200055.png flg=0x1400010 cmp=com.google.android.providers.media.module/com.android.providers.media.MediaService }
05-31 12:00:55.592   318   318 I Zygote  : Process 10616 exited due to signal 9 (Killed)
05-31 12:00:55.601   614   678 I libprocessgroup: Successfully killed process cgroup uid 10103 pid 10616 in 0ms
05-31 12:00:55.652  5669  1031 I ProvidersCache: Provider returned no roots. Possibly naughty: com.google.android.apps.docs.storage
05-31 12:00:55.667  1475  5089 I MediaProvider: Deleted 0 1 0 0 0 0 0 items on external_primary due to com.android.shell
05-31 12:00:55.667  1312  2173 I UriTaskContentObserver: (REDACTED) Throttling content uri change event for %s
05-31 12:00:55.943  5669  1068 I ProvidersCache: Provider returned no roots. Possibly naughty: com.google.android.apps.docs.storage
05-31 12:00:56.330  1475  1748 W MediaProvider: isAppCloneUserPair for user 0: false
05-31 12:00:56.373   176   176 I hwservicemanager: getTransport: Cannot find entry android.hardware.graphics.mapper@4.0::IMapper/default in either framework or device VINTF manifest.
05-31 12:00:56.374  1110  1112 I Gralloc4: mapper 4.x is not supported
05-31 12:00:56.531  1475  5109 I MediaProvider: Begin Intent { act=android.intent.action.MEDIA_SCANNER_SCAN_FILE dat=file:///sdcard/screen_2025-05-31_200056.png flg=0x1400010 cmp=com.google.android.providers.media.module/com.android.providers.media.MediaService }
05-31 12:00:56.535  1475  5109 I MediaProvider: End Intent { act=android.intent.action.MEDIA_SCANNER_SCAN_FILE dat=file:///sdcard/screen_2025-05-31_200056.png flg=0x1400010 cmp=com.google.android.providers.media.module/com.android.providers.media.MediaService }
05-31 12:00:56.618  1475  5089 I MediaProvider: Deleted 0 1 0 0 0 0 0 items on external_primary due to com.android.shell
05-31 12:00:56.619  1312  2173 I UriTaskContentObserver: (REDACTED) Throttling content uri change event for %s
05-31 12:00:56.749  5669  1137 I ProvidersCache: Provider returned no roots. Possibly naughty: com.google.android.apps.docs.storage
05-31 12:00:57.231  5669  1195 I ProvidersCache: Provider returned no roots. Possibly naughty: com.google.android.apps.docs.storage
05-31 12:00:57.472  5669  1237 I ProvidersCache: Provider returned no roots. Possibly naughty: com.google.android.apps.docs.storage
05-31 12:00:57.618   614   785 W BestClock: java.time.DateTimeException: Missing NTP fix
05-31 12:00:57.643   614   785 W BestClock: java.time.DateTimeException: Missing NTP fix
05-31 12:00:57.645   614   786 W BestClock: java.time.DateTimeException: Missing NTP fix
05-31 12:00:57.649   614   786 W BestClock: java.time.DateTimeException: Missing NTP fix
05-31 12:00:57.650   614   786 W BestClock: java.time.DateTimeException: Missing NTP fix
05-31 12:00:57.926  1705  1307 I GmscoreIpa: Starting mediastore instant index [CONTEXT service_id=255 ]
05-31 12:00:59.529  1475  1748 W MediaProvider: isAppCloneUserPair for user 0: false
05-31 12:00:59.556   176   176 I hwservicemanager: getTransport: Cannot find entry android.hardware.graphics.mapper@4.0::IMapper/default in either framework or device VINTF manifest.
05-31 12:00:59.563  1341  1347 I Gralloc4: mapper 4.x is not supported
05-31 12:00:59.580   614  4748 W UriGrantsManagerService: No permission grants found for com.google.android.apps.photos
05-31 12:00:59.581   614  4748 W UriGrantsManagerService: No permission grants found for com.google.android.apps.photos
05-31 12:00:59.614   614  4748 W UriGrantsManagerService: No permission grants found for com.google.android.apps.photos
05-31 12:00:59.614   614  4748 W UriGrantsManagerService: No permission grants found for com.google.android.apps.photos
05-31 12:00:59.635   614  4748 W UriGrantsManagerService: No permission grants found for com.google.android.apps.photos
05-31 12:00:59.635   614  4748 W UriGrantsManagerService: No permission grants found for com.google.android.apps.photos
05-31 12:00:59.704  1475  5109 I MediaProvider: Begin Intent { act=android.intent.action.MEDIA_SCANNER_SCAN_FILE dat=file:///sdcard/screen_2025-05-31_200059.png flg=0x1400010 cmp=com.google.android.providers.media.module/com.android.providers.media.MediaService }
05-31 12:00:59.708  1475  5109 I MediaProvider: End Intent { act=android.intent.action.MEDIA_SCANNER_SCAN_FILE dat=file:///sdcard/screen_2025-05-31_200059.png flg=0x1400010 cmp=com.google.android.providers.media.module/com.android.providers.media.MediaService }
05-31 12:00:59.778  1475  5089 I MediaProvider: Deleted 0 1 0 0 0 0 0 items on external_primary due to com.android.shell
05-31 12:00:59.778  1312  2173 I UriTaskContentObserver: (REDACTED) Throttling content uri change event for %s
05-31 12:01:00.095  5669  1383 I ProvidersCache: Provider returned no roots. Possibly naughty: com.google.android.apps.docs.storage
05-31 12:01:00.314  5669  1416 I ProvidersCache: Provider returned no roots. Possibly naughty: com.google.android.apps.docs.storage
05-31 12:01:00.361  1475  1748 W MediaProvider: isAppCloneUserPair for user 0: false
05-31 12:01:00.395   176   176 I hwservicemanager: getTransport: Cannot find entry android.hardware.graphics.mapper@4.0::IMapper/default in either framework or device VINTF manifest.
05-31 12:01:00.395  1432  1434 I Gralloc4: mapper 4.x is not supported
05-31 12:01:00.566  1475  5109 I MediaProvider: Begin Intent { act=android.intent.action.MEDIA_SCANNER_SCAN_FILE dat=file:///sdcard/screen_2025-05-31_200100.png flg=0x1400010 cmp=com.google.android.providers.media.module/com.android.providers.media.MediaService }
05-31 12:01:00.570  1475  5109 I MediaProvider: End Intent { act=android.intent.action.MEDIA_SCANNER_SCAN_FILE dat=file:///sdcard/screen_2025-05-31_200100.png flg=0x1400010 cmp=com.google.android.providers.media.module/com.android.providers.media.MediaService }
05-31 12:01:00.638  1475  4300 I MediaProvider: Deleted 0 1 0 0 0 0 0 items on external_primary due to com.android.shell
05-31 12:01:00.639  1312  2173 I UriTaskContentObserver: (REDACTED) Throttling content uri change event for %s
05-31 12:01:01.224  5669  1480 I ProvidersCache: Provider returned no roots. Possibly naughty: com.google.android.apps.docs.storage
05-31 12:01:01.267  1475  1748 W MediaProvider: isAppCloneUserPair for user 0: false
05-31 12:01:01.293   176   176 I hwservicemanager: getTransport: Cannot find entry android.hardware.graphics.mapper@4.0::IMapper/default in either framework or device VINTF manifest.
05-31 12:01:01.293  1493  1496 I Gralloc4: mapper 4.x is not supported
05-31 12:01:01.429  1475  5109 I MediaProvider: Begin Intent { act=android.intent.action.MEDIA_SCANNER_SCAN_FILE dat=file:///sdcard/screen_2025-05-31_200101.png flg=0x1400010 cmp=com.google.android.providers.media.module/com.android.providers.media.MediaService }
05-31 12:01:01.433  1475  5109 I MediaProvider: End Intent { act=android.intent.action.MEDIA_SCANNER_SCAN_FILE dat=file:///sdcard/screen_2025-05-31_200101.png flg=0x1400010 cmp=com.google.android.providers.media.module/com.android.providers.media.MediaService }
05-31 12:01:01.543  1475  5089 I MediaProvider: Deleted 0 1 0 0 0 0 0 items on external_primary due to com.android.shell
05-31 12:01:01.733  5669  1515 I ProvidersCache: Provider returned no roots. Possibly naughty: com.google.android.apps.docs.storage
05-31 12:01:01.956  5669  1560 I ProvidersCache: Provider returned no roots. Possibly naughty: com.google.android.apps.docs.storage
05-31 12:01:04.416  1475  1748 W MediaProvider: isAppCloneUserPair for user 0: false
05-31 12:01:04.439   176   176 I hwservicemanager: getTransport: Cannot find entry android.hardware.graphics.mapper@4.0::IMapper/default in either framework or device VINTF manifest.
05-31 12:01:04.439  1636  1638 I Gralloc4: mapper 4.x is not supported
