08-06 21:11:02.267 20053 20069 I m.xiaomi.market: This is non sticky GC, maxfree is 16777216 minfree is 8388608
08-06 21:11:02.268  1843  1843 I SDM     : HWCDisplay::SetActiveConfigWithConstraints: display:66-0, config: 1, WxH 1200x2670, fps 120
08-06 21:11:02.269  1843  1843 W SDM     : HWDeviceDRM::GetSupportedBitClkRate: Requested rate not supported: 1150000000
08-06 21:11:02.269  1843  1843 I SDM     : HWDeviceDRM::UpdateMixerAttributes: Mixer WxH 1200x2670-1 for Peripheral
08-06 21:11:02.269 20053 20076 W System  : A resource failed to call close. 
08-06 21:11:02.269  1843  1843 I SDM     : HWCDisplay::SubmitDisplayConfig: Active configuration changed from config 3 to 1
08-06 21:11:02.269  1843  1843 I SDM     : HWCDisplay::SubmitDisplayConfig: Active WxH 1200x2670 ,ddic_mode:idle, timing_fps: 120, sf_fps: 120
08-06 21:11:02.271 20053 20076 W System  : A resource failed to call close. 
08-06 21:11:02.271  1843  3496 I vendor.qti.hardware.display.composer-service: Sensor: notify citsensorservice to trigger cwb, misForced = 0
08-06 21:11:02.271  3050  4554 I libsensor-parseRGB: request dump start for mRequestDisplayId 0
08-06 21:11:02.274  3086  3086 I adbd    : in ShellService: getprop ro.debuggable
08-06 21:11:02.284 30254 30288 I mit.droidbotapp: Compiler allocated 5390KB to compile void android.view.ViewRootImpl.performTraversals()
08-06 21:11:02.292  3050  3083 E libsensor-parseRGB: CWB NotifyCWBBufferDone  error 0
08-06 21:11:02.348  1843  2051 I SDM     : DisplayBase::CommitThread: Received idle timeout, panel: cmd, timeout: 70000 us
08-06 21:11:02.356  3086  3086 I adbd    : in ShellService: dumpsys display
08-06 21:11:02.427  1843  3496 I vendor.qti.hardware.display.composer-service: Sensor: notify citsensorservice to trigger cwb, misForced = 1
08-06 21:11:02.428  3050  4554 I libsensor-parseRGB: request dump start for mRequestDisplayId 0
08-06 21:11:02.450  3050 25119 E libsensor-parseRGB: CWB NotifyCWBBufferDone  error 0
08-06 21:11:02.510  1843  2051 I SDM     : DisplayBase::CommitThread: Received idle timeout, panel: cmd, timeout: 70000 us
08-06 21:11:02.550  2474  2745 I SmartPower: com.dashlane/10378(22859): idle->background(2788ms) R(broadcast start Intent { act=android.intent.action.INPUT_METHOD_CHANGED flg=0x20000010 (has extras) }) adj=700.
08-06 21:11:02.553  3086  3086 I adbd    : in ShellService: wm size
08-06 21:11:02.593 13430 13430 I RuntimePermissionManager: isRuntimeRequestSupport: true
08-06 21:11:02.605  2474  7382 I SmartPower: com.miui.systemAdSolution/10168(17757): background->idle(3001ms) R(broadcast start Intent { act=android.intent.action.BATTERY_CHANGED flg=0x60000010 (has extras) }) adj=100.
08-06 21:11:02.608  2474  3506 I AppsFilter: interaction: PackageSetting{d6ded54 com.android.microdroid.empty_payload/10236} -> PackageSetting{8fef1c8 com.miui.cleanmaster/10266} BLOCKED
08-06 21:11:02.608  2474  3506 I AppsFilter: interaction: PackageSetting{ddef5f2 io.appium.uiautomator2.server.test/10280} -> PackageSetting{8fef1c8 com.miui.cleanmaster/10266} BLOCKED
08-06 21:11:02.608  2474  3506 I AppsFilter: interaction: PackageSetting{b2d143d io.github.ylimit.droidbotapp/10379} -> PackageSetting{8fef1c8 com.miui.cleanmaster/10266} BLOCKED
08-06 21:11:02.609  2474  3506 I AppsFilter: interaction: PackageSetting{96fc3f9 com.rongcard.eid/10151} -> PackageSetting{8fef1c8 com.miui.cleanmaster/10266} BLOCKED
08-06 21:11:02.609  2474  3506 I AppsFilter: interaction: PackageSetting{de27f3e io.appium.settings/10274} -> PackageSetting{8fef1c8 com.miui.cleanmaster/10266} BLOCKED
08-06 21:11:02.611  2474  7382 I SmartPower: com.miui.gallery/10271(9872): background->idle(3000ms) R(broadcast start Intent { act=android.intent.action.BATTERY_CHANGED flg=0x60000010 (has extras) }) adj=905.
08-06 21:11:02.613  2474  7382 I SmartPower: com.miui.newhome/10296(18182): background->idle(3001ms) R(broadcast start Intent { act=android.intent.action.BATTERY_CHANGED flg=0x60000010 (has extras) }) adj=905.
08-06 21:11:02.617  2474  7382 I SmartPower: com.xiaomi.market:FinApp0/10167(6141): background->idle(3010ms) R(broadcast start Intent { act=android.intent.action.BATTERY_CHANGED flg=0x60000010 (has extras) }) adj=905.
08-06 21:11:02.617  2474  7382 I SmartPower: com.xiaomi.market:widgetProvider/10167(9799): background->idle(3008ms) R(broadcast start Intent { act=android.intent.action.BATTERY_CHANGED flg=0x60000010 (has extras) }) adj=905.
08-06 21:11:02.618  2474  7382 I SmartPower: com.xiaomi.market/10167(20053): background->idle(3005ms) R(broadcast start Intent { act=android.intent.action.BATTERY_CHANGED flg=0x60000010 (has extras) }) adj=905.
08-06 21:11:02.618  2474  7382 I SmartPower: com.google.android.apps.magazines/10315(6636): background->idle(3004ms) R(broadcast start Intent { act=android.intent.action.BATTERY_CHANGED flg=0x60000010 (has extras) }) adj=925.
08-06 21:11:02.622  2474  8406 W ParceledListSlice: Element #44 is 26672 bytes.
08-06 21:11:02.622  2474  8406 W ParceledListSlice: Overly large reply size: 82384
08-06 21:11:02.623  2474  8406 W ParceledListSlice: Element #45 is 26676 bytes.
08-06 21:11:02.623  2474  8406 W ParceledListSlice: Element #46 is 26676 bytes.
08-06 21:11:02.623  2474  8406 W ParceledListSlice: Element #47 is 26684 bytes.
08-06 21:11:02.624  2474  8393 W ParceledListSlice: Element #8 is 20788 bytes.
08-06 21:11:02.624  7505 11044 I PermissionControllerServiceImpl: Updating user sensitive for uid 10266
08-06 21:11:02.624  2474  8393 W ParceledListSlice: Element #9 is 20768 bytes.
08-06 21:11:02.625  7856  8405 E SmsApplication: com.android.mms lost android:read_cell_broadcasts:  (fixing)
08-06 21:11:02.625  2474  8393 W AppOpService: Ignored setUidMode call for runtime permission app op: uid = 10141, code = READ_CELL_BROADCASTS, mode = allow, callingUid = 1001, oldMode = allow
08-06 21:11:02.625 17757 17991 I Ad      : isPersonalizedAdEnabled getAdSettings: 1
08-06 21:11:02.625  2474  8336 W ParceledListSlice: Element #48 is 26688 bytes.
08-06 21:11:02.625  2474  8336 W ParceledListSlice: Element #54 is 19664 bytes.
08-06 21:11:02.626  2474  7647 W ParceledListSlice: Element #55 is 19652 bytes.
08-06 21:11:02.626  2474  7647 W ParceledListSlice: Element #56 is 19692 bytes.
08-06 21:11:02.626  2474  7647 W ParceledListSlice: Element #57 is 19720 bytes.
08-06 21:11:02.626  2474  7647 W ParceledListSlice: Element #58 is 19720 bytes.
08-06 21:11:02.626  2474  8820 W ParceledListSlice: Element #59 is 19684 bytes.
08-06 21:11:02.626  2474  8820 W ParceledListSlice: Element #60 is 19692 bytes.
08-06 21:11:02.626  2474  8820 W ParceledListSlice: Element #61 is 19668 bytes.
08-06 21:11:02.626  2474  8820 W ParceledListSlice: Element #62 is 19680 bytes.
08-06 21:11:02.627  2474  7647 W ParceledListSlice: Element #63 is 19672 bytes.
08-06 21:11:02.627  2474  7647 W ParceledListSlice: Element #64 is 29724 bytes.
08-06 21:11:02.627  2474  7647 W ParceledListSlice: Element #65 is 29744 bytes.
08-06 21:11:02.628  2474 30082 W ParceledListSlice: Element #66 is 29736 bytes.
08-06 21:11:02.629 13053 13053 E RegisteredServicesCache: Skipping application component ComponentInfo{com.UCMobile/com.alibaba.ariver.commonability.device.jsapi.nfc.service.TinyAppHostApduService}: it must request the permission android.permission.NFC
08-06 21:11:02.629 13053 13053 E RegisteredServicesCache: Skipping application component ComponentInfo{com.UCMobile/com.alipay.mobile.aompdevice.nfc.service.TinyAppHostApduService}: it must request the permission android.permission.NFC
08-06 21:11:02.629  2474  8406 W AppOpService: Ignored setUidMode call for runtime permission app op: uid = 1001, code = READ_SMS, mode = allow, callingUid = 1001, oldMode = allow
08-06 21:11:02.629 13053 13053 E RegisteredServicesCache: Skipping application component ComponentInfo{com.autonavi.minimap/com.alibaba.ariver.commonability.device.jsapi.nfc.service.TinyAppHostApduService}: it must request the permission android.permission.NFC
08-06 21:11:02.629 13053 13053 E RegisteredServicesCache: Skipping application component ComponentInfo{com.autonavi.minimap/com.alipay.mobile.aompdevice.nfc.service.TinyAppHostApduService}: it must request the permission android.permission.NFC
08-06 21:11:02.629  2474 30082 W AppOpService: Ignored setUidMode call for runtime permission app op: uid = 1001, code = RECEIVE_SMS, mode = allow, callingUid = 1001, oldMode = allow
08-06 21:11:02.630  2474  8820 W AppOpService: Ignored setUidMode call for runtime permission app op: uid = 1001, code = RECEIVE_WAP_PUSH, mode = allow, callingUid = 1001, oldMode = allow
08-06 21:11:02.630  2474  8820 W AppOpService: Ignored setUidMode call for runtime permission app op: uid = 1001, code = SEND_SMS, mode = allow, callingUid = 1001, oldMode = allow
08-06 21:11:02.630  2474  7647 W AppOpService: Ignored setUidMode call for runtime permission app op: uid = 1001, code = READ_CELL_BROADCASTS, mode = allow, callingUid = 1001, oldMode = allow
08-06 21:11:02.631 13053 13053 I RegisteredServicesCache: current user: 0, is managed profile : false
08-06 21:11:02.633 13053 13053 I RegisteredAidCache: updateRoutingLocked(false): Enter
08-06 21:11:02.633 13053 13053 I AidRoutingManager: configureRouting(false): Enter
08-06 21:11:02.633 13053 13053 E AidRoutingManager: Size of routing table970
08-06 21:11:02.633 13053 13053 I RegisteredAidCache: updateRoutingLocked(false): exit
08-06 21:11:02.634 13053 13053 I libnfc_nci: [INFO:NativeT4tNfcee.cpp(870)] nfcManager_isFwSupportNonStdT4TAid Enter isFwSupport = 1
08-06 21:11:02.634 13053 13053 I libnfc_nci: [INFO:SecureElement.cpp(1487)] SecureElement::getEseHandleFromGenericId: enter; ESE-ID = 0x7F
08-06 21:11:02.634 13053 13053 I libnfc_nci: [INFO:SecureElement.cpp(1528)] SecureElement::getEseHandleFromGenericId: enter; ESE-Handle = 0x410
08-06 21:11:02.634 13053 13053 I libnfc_nci: [INFO:SecureElement.cpp(1487)] SecureElement::getEseHandleFromGenericId: enter; ESE-ID = 0x00
08-06 21:11:02.634 13053 13053 I libnfc_nci: [INFO:SecureElement.cpp(1528)] SecureElement::getEseHandleFromGenericId: enter; ESE-Handle = 0x400
08-06 21:11:02.635  7800 14409 I SecureElement-Terminal-eSE1: isSecureElementPresent()
08-06 21:11:02.636  1774  1774 I android.hardware.secure_element-service.qti: isCardPresent
08-06 21:11:02.636  1774  1774 I android.hardware.secure_element-service.qti: isCardPresent exit, cardPresent: 1
08-06 21:11:02.637  7800 14409 I SecureElement-Terminal-SIM1: isSecureElementPresent()
08-06 21:11:02.638  7800 14409 I SecureElement-Terminal-SIM1: isNfcEventAllowed: No access rules for checking.
08-06 21:11:02.638  7800 14409 I SecureElement-Terminal-SIM2: isSecureElementPresent()
08-06 21:11:02.640  2474  8820 W ParceledListSlice: Element #273 is 21068 bytes.
08-06 21:11:02.640  2474  8336 W ParceledListSlice: Element #274 is 21048 bytes.
08-06 21:11:02.640  2474  8336 W ParceledListSlice: Element #275 is 21056 bytes.
08-06 21:11:02.640  2474  8336 W ParceledListSlice: Element #276 is 21036 bytes.
08-06 21:11:02.640  2474  8336 W ParceledListSlice: Element #277 is 21084 bytes.
08-06 21:11:02.640  2474  8336 W ParceledListSlice: Overly large reply size: 84248
08-06 21:11:02.641  2474  8820 W ParceledListSlice: Element #278 is 21084 bytes.
08-06 21:11:02.641  2474  8820 W ParceledListSlice: Element #279 is 21096 bytes.
08-06 21:11:02.641  2474  8820 W ParceledListSlice: Element #280 is 21084 bytes.
08-06 21:11:02.641  2474  8820 W ParceledListSlice: Element #281 is 21084 bytes.
08-06 21:11:02.641  2474  8820 W ParceledListSlice: Overly large reply size: 84372
08-06 21:11:02.641  2474  7647 W ParceledListSlice: Element #282 is 21104 bytes.
08-06 21:11:02.642  2474  7647 W ParceledListSlice: Element #283 is 21092 bytes.
08-06 21:11:02.642  2474  7647 W ParceledListSlice: Element #284 is 21080 bytes.
08-06 21:11:02.654 13430 14324 I RuntimePermissionManager: isRuntimeRequestSupport: true
08-06 21:11:02.654 13430 14324 I InstalledPackagesMemoryCache: getInstallPermissionGranted=true
08-06 21:11:02.665  3086  3086 I adbd    : in ShellService: dumpsys input
08-06 21:11:02.695 10308 19301 E PackageUtil: getPackageInfoAsUser failed io.github.ylimit.droidbotapp , 999
08-06 21:11:02.718  2474  8251 I NetworkAccelerateSwitchService: EVENT_RSSI_POLL. mRssiPoll=true
08-06 21:11:02.719  2474  8251 I NetworkAccelerateSwitchService: getAverageWifiRssi:38
08-06 21:11:02.723  2474  2664 W EnhancedConfirmationService: The packageName should not be null.
08-06 21:11:02.723  2474  2664 W MagnificationConnectionManager: requestConnection duplicated request: connect=false, mConnectionState=DISCONNECTED
08-06 21:11:02.739  3086  3086 I adbd    : in ShellService: getprop ro.sf.lcd_density
08-06 21:11:02.816  2474  8336 I ClipboardServiceI: checkProviderWakePathForClipboard: primaryClip is null
08-06 21:11:02.821  3086  3086 I adbd    : in ShellService: input keyevent MENU
08-06 21:11:02.864  2474  7647 W MIUIInput: Input event injection from package: null action ACTION_DOWN keycode 82
08-06 21:11:02.864  2474  7647 W MiuiInputKeyEventLog: keyCode:82 down:true eventTime:23312002 downTime:23312002 policyFlags:2b000000 flags:0 metaState:0 deviceId:-1 isScreenOn:true keyguardActive:false repeatCount:0
08-06 21:11:02.866  2036  2036 E DisplayModeController: setDesiredMode : Idle status skip setActiveMode, isDdicIdleMode: 1
08-06 21:11:02.866  2474  4371 I InputFeature: supportXiaomiHyperXiaoAi is true
08-06 21:11:02.866  2474  4371 I InputFeature: supportXiaomiHyperXiaoAiScreenRecognition support
08-06 21:11:02.866  2474  4371 I InputFeature: supportBlockCombinationKey com.miui.home version: 3
08-06 21:11:02.866  2474  4371 I MiuiInputKeyEventLog: is show menu
08-06 21:11:02.867  2474  4371 I MIUIInput: [KeyEvent] publisher action:0x0,  keyCode:82 , deviceId=-1, 23312002,channel '79e08af com.miui.home/com.miui.home.launcher.Launcher (server)' 
08-06 21:11:02.868  1843  1843 I SDM     : HWCDisplay::SetActiveConfigWithConstraints: display:66-0, config: 3, WxH 1200x2670, fps 120
08-06 21:11:02.867  7458  7458 I MIUIInput: [KeyEvent] ViewRootImpl windowName 'com.miui.home/com.miui.home.launcher.Launcher', KeyEvent { action=ACTION_DOWN, keyCode=KEYCODE_MENU, scanCode=0, metaState=0, flags=0x0, repeatCount=0, eventTime=23312002000000, downTime=23312002000000, deviceId=-1, source=0x0, displayId=-1 }, phoneEventTime=21:11:02.864
08-06 21:11:02.869  1843  1843 W SDM     : HWDeviceDRM::GetSupportedBitClkRate: Requested rate not supported: 1150000000
08-06 21:11:02.869  1843  1843 I SDM     : HWDeviceDRM::UpdateMixerAttributes: Mixer WxH 1200x2670-1 for Peripheral
08-06 21:11:02.869  1843  1843 I SDM     : HWCDisplay::SubmitDisplayConfig: Active configuration changed from config 1 to 3
08-06 21:11:02.869  1843  1843 I SDM     : HWCDisplay::SubmitDisplayConfig: Active WxH 1200x2670 ,ddic_mode:auto, timing_fps: 120, sf_fps: 120
08-06 21:11:02.870  1843  3496 I vendor.qti.hardware.display.composer-service: Sensor: notify citsensorservice to trigger cwb, misForced = 0
08-06 21:11:02.870  3050  4554 I libsensor-parseRGB: request dump start for mRequestDisplayId 0
08-06 21:11:02.871  2474  7647 W MIUIInput: Input event injection from package: null action ACTION_UP keycode 82
08-06 21:11:02.871  2474  7647 W MiuiInputKeyEventLog: keyCode:82 down:false eventTime:23312008 downTime:23312002 policyFlags:2b000000 flags:0 metaState:0 deviceId:-1 isScreenOn:true keyguardActive:false repeatCount:0
08-06 21:11:02.873  2474  4371 I InputFeature: supportXiaomiHyperXiaoAi is true
08-06 21:11:02.873  2474  4371 I InputFeature: supportXiaomiHyperXiaoAiScreenRecognition support
08-06 21:11:02.873  2474  4371 I InputFeature: supportBlockCombinationKey com.miui.home version: 3
08-06 21:11:02.873  2474  4371 I MiuiInputKeyEventLog: is show menu
08-06 21:11:02.873  2474  4371 I MIUIInput: [KeyEvent] publisher action:0x1,  keyCode:82 , deviceId=-1, 23312008,channel '79e08af com.miui.home/com.miui.home.launcher.Launcher (server)' 
08-06 21:11:02.873  7458  7458 I MIUIInput: [KeyEvent] ViewRootImpl windowName 'com.miui.home/com.miui.home.launcher.Launcher', KeyEvent { action=ACTION_UP, keyCode=KEYCODE_MENU, scanCode=0, metaState=0, flags=0x0, repeatCount=0, eventTime=23312008000000, downTime=23312002000000, deviceId=-1, source=0x0, displayId=-1 }, phoneEventTime=21:11:02.870
08-06 21:11:02.874  7458  7458 I AnimStateManager: IdleState handle event 2006
08-06 21:11:02.874  7458  7458 I AnimStateManager: CommonState handle event 2006
08-06 21:11:02.876  7497 13038 I MiuiWallpaper-MiuiWallpaperManagerService: isMiuiWallpaperComponentUsing: true
08-06 21:11:02.876  7497 13038 I MiuiWallpaper-MiuiWallpaperManagerService: isMiuiWallpaperComponentUsing: true
08-06 21:11:02.877  7497 13038 I MiuiWallpaper-MiuiWallpaperManagerService: isMiuiWallpaperComponentUsing: true
08-06 21:11:02.878  7458  8091 I HapticFeedbackUtil: rtp:216
08-06 21:11:02.887  7458  7458 W PreviewDisappear: set, applyTo for info: com.miui.home.launcher.graphics.DrawableInfo@1f1b483, with icon: null
08-06 21:11:02.889  7458  7458 W ScreenView_Workspace: updateChildStaticTransformation error,childW=0.0
08-06 21:11:02.891  2474  2817 I SensorAccount: App register sensor to track it noWakeupSensor_10138_0x100000b
08-06 21:11:02.891  1775  1775 I sensors-hal: batch:141, android.sensor.accelerometer/11, period=66667000, max_latency=0
08-06 21:11:02.891  1775  1775 I sensors-hal: set_config:56, sample_period_ns is adjusted to 66667000 based on min/max delay_ns
08-06 21:11:02.892  1775  1775 I sensors-hal: batch:150, android.sensor.accelerometer/11, period=66667000, max_latency=0 request completed
08-06 21:11:02.892  2474  8394 I SensorService: 	>>> actuating h/w activate handle=0x100000b enabled=1
08-06 21:11:02.894  1775  1775 I sensors-hal: activate:108, android.sensor.accelerometer/11 en=1
08-06 21:11:02.894  1775  1775 I sensors-hal: acquire_qsh_interface:121, acquire_qsh_interface with sensor_id 104 , conn_type 2 
08-06 21:11:02.896  1739  1812 I minksocket: MinkIPC MESSAGE: ( 1739:1812 ) MinkIPC_QRTR_Service:351 minkipc = 0xb4000076c18ba7f0 sock = 19, client with node 1 port 572e went down
08-06 21:11:02.896  1739  1832 I minksocket: MinkIPC MESSAGE: ( 1739:1832 ) MinkIPC_QRTR_Service:351 minkipc = 0xb4000076c18baed0 sock = 35, client with node 1 port 572e went down
08-06 21:11:02.897  1739  1812 I minksocket: MinkIPC MESSAGE: ( 1739:1812 ) MinkIPC_QRTR_Service:351 minkipc = 0xb4000076c18ba7f0 sock = 19, client with node 1 port 572f went down
08-06 21:11:02.897  1739  1832 I minksocket: MinkIPC MESSAGE: ( 1739:1832 ) MinkIPC_QRTR_Service:351 minkipc = 0xb4000076c18baed0 sock = 35, client with node 1 port 572f went down
08-06 21:11:02.899  3050  3083 E libsensor-parseRGB: CWB NotifyCWBBufferDone  error 0
08-06 21:11:02.899  1739  1832 I minksocket: MinkIPC MESSAGE: ( 1739:1832 ) MinkIPC_QRTR_Service:351 minkipc = 0xb4000076c18baed0 sock = 35, client with node 1 port 5730 went down
08-06 21:11:02.899  1775  1775 I sensors-hal: qsh_qmi:35, qsh_qmi
08-06 21:11:02.899  1775  1775 I sensors-hal: register_cb:314, suid(low=11115320498015681092,high=2286538866409242278) is new. register callbacks
08-06 21:11:02.899  1775  1775 I sensors-hal: send_sensor_config_request:626, resampler is used, set resampler config
08-06 21:11:02.899  1775  1775 I sensors-hal: send_sync_sensor_request:531, send sync request
08-06 21:11:02.899  1739  1812 I minksocket: MinkIPC MESSAGE: ( 1739:1812 ) MinkIPC_QRTR_Service:351 minkipc = 0xb4000076c18ba7f0 sock = 19, client with node 1 port 5730 went down
08-06 21:11:02.900  1739  1832 I minksocket: MinkIPC MESSAGE: ( 1739:1832 ) MinkIPC_QRTR_Service:351 minkipc = 0xb4000076c18baed0 sock = 35, client with node 1 port 5731 went down
08-06 21:11:02.900  1739  1812 I minksocket: MinkIPC MESSAGE: ( 1739:1812 ) MinkIPC_QRTR_Service:351 minkipc = 0xb4000076c18ba7f0 sock = 19, client with node 1 port 5731 went down
08-06 21:11:02.900  1775  1775 I sensors-hal: send_sync_sensor_request:541, send_sync_sensor_request before send_request for accel with SUID low=11115320498015681092 high=2286538866409242278
08-06 21:11:02.901  1775  1775 I sensors-hal: send_sync_sensor_request:560, wait for notification of response
08-06 21:11:02.902  1775 30488 I sensors-hal: qsh_conn_resp_cb:886, resp_value = 0 for accel 
08-06 21:11:02.902  1775  1775 I sensors-hal: send_sync_sensor_request:566, takes 1 ms to receive the response with 0
08-06 21:11:02.902  1775  1775 I sensors-hal: activate:119, android.sensor.accelerometer/11 en=1 completed
08-06 21:11:02.903  7458  8091 E Launcher: mFsGestureStatusRefreshRunnable:run usingFsGesture=true   show=true   focus=true   pause=false
08-06 21:11:02.907  7458  7458 W RecentsImpl: updateFsgWindowVisibilityState origin isEnter=true, typeFrom=typefrom_home
08-06 21:11:02.908  7458  8091 W RecentsImpl: updateFsgWindowVisibilityStateInBgThread, isEnter=true, typeFrom=typefrom_home, isOpen=true, isKeyguardLocked=false, mIsInAnotherPro=false, isStatusBarExpansion=false
08-06 21:11:02.908  7458  8149 W GestureStubView_Left: adaptRotation   currentRotation=0   mRotation=0
08-06 21:11:02.909  7458  8149 W GestureStubView_Right: adaptRotation   currentRotation=0   mRotation=0
08-06 21:11:02.933  3086  3086 I adbd    : in ShellService: input keyevent BACK
08-06 21:11:02.964  2474  8394 W MIUIInput: Input event injection from package: null action ACTION_DOWN keycode 4
08-06 21:11:02.965  2474  8394 W MiuiInputKeyEventLog: keyCode:4 down:true eventTime:23312102 downTime:23312102 policyFlags:2b000000 flags:0 metaState:0 deviceId:-1 isScreenOn:true keyguardActive:false repeatCount:0
08-06 21:11:02.965  2474  2680 W ActivityManagerServiceImpl: Sending non-protected broadcast miui.intent.KEYCODE_BACK from system 2474:system/1000 pkg android. Callers=com.android.server.am.ActivityManagerService.checkBroadcastFromSystem:16255 com.android.server.am.ActivityManagerService.broadcastIntentLockedTraced:17126 com.android.server.am.ActivityManagerService.broadcastIntentLocked:16315 com.android.server.am.ActivityManagerService.broadcastIntentWithFeature:17337 android.app.ContextImpl.sendBroadcastAsUser:1495 
08-06 21:11:02.966  2474  4371 I MIUIInput: [KeyEvent] publisher action:0x0,  keyCode:4 , deviceId=-1, 23312102,channel '79e08af com.miui.home/com.miui.home.launcher.Launcher (server)' 
08-06 21:11:02.967  7458  7458 I MIUIInput: [KeyEvent] ViewRootImpl windowName 'com.miui.home/com.miui.home.launcher.Launcher', KeyEvent { action=ACTION_DOWN, keyCode=KEYCODE_BACK, scanCode=0, metaState=0, flags=0x0, repeatCount=0, eventTime=23312102000000, downTime=23312102000000, deviceId=-1, source=0x0, displayId=-1 }, phoneEventTime=21:11:02.964
08-06 21:11:03.023  2474  8394 W MIUIInput: Input event injection from package: null action ACTION_UP keycode 4
08-06 21:11:03.023  2474  8394 W MiuiInputKeyEventLog: keyCode:4 down:false eventTime:23312160 downTime:23312102 policyFlags:2b000000 flags:0 metaState:0 deviceId:-1 isScreenOn:true keyguardActive:false repeatCount:0
08-06 21:11:03.023  2474  2680 W ActivityManagerServiceImpl: Sending non-protected broadcast miui.intent.KEYCODE_BACK from system 2474:system/1000 pkg android. Callers=com.android.server.am.ActivityManagerService.checkBroadcastFromSystem:16255 com.android.server.am.ActivityManagerService.broadcastIntentLockedTraced:17126 com.android.server.am.ActivityManagerService.broadcastIntentLocked:16315 com.android.server.am.ActivityManagerService.broadcastIntentWithFeature:17337 android.app.ContextImpl.sendBroadcastAsUser:1495 
08-06 21:11:03.024  2474  4371 I MIUIInput: [KeyEvent] publisher action:0x1,  keyCode:4 , deviceId=-1, 23312160,channel '79e08af com.miui.home/com.miui.home.launcher.Launcher (server)' 
08-06 21:11:03.025  7458  7458 I MIUIInput: [KeyEvent] ViewRootImpl windowName 'com.miui.home/com.miui.home.launcher.Launcher', KeyEvent { action=ACTION_UP, keyCode=KEYCODE_BACK, scanCode=0, metaState=0, flags=0x0, repeatCount=0, eventTime=23312160000000, downTime=23312102000000, deviceId=-1, source=0x0, displayId=-1 }, phoneEventTime=21:11:03.023
08-06 21:11:03.047  7458  7458 W MIUIInput: Back key is intercepted by the app
08-06 21:11:03.051  2474  8394 I SensorService: 	>>> actuating h/w activate handle=0x100000b enabled=0
08-06 21:11:03.051  1775  1775 I sensors-hal: activate:108, android.sensor.accelerometer/11 en=0
08-06 21:11:03.052  1775  1775 I sensors-hal: send_sync_sensor_request:531, send sync request
08-06 21:11:03.052  1775  1775 I sensors-hal: send_sync_sensor_request:541, send_sync_sensor_request before send_request for accel with SUID low=11115320498015681092 high=2286538866409242278
08-06 21:11:03.052  2474  2817 I SensorAccount: App unregister sensor noWakeupSensor_10138_0x100000b
08-06 21:11:03.052  1775  1775 I sensors-hal: send_sync_sensor_request:560, wait for notification of response
08-06 21:11:03.053  1775 30488 I sensors-hal: qsh_conn_resp_cb:886, resp_value = 0 for accel 
08-06 21:11:03.054  1775  1775 I sensors-hal: send_sync_sensor_request:566, takes 1 ms to receive the response with 0
08-06 21:11:03.055  1739  1812 I minksocket: MinkIPC MESSAGE: ( 1739:1812 ) MinkIPC_QRTR_Service:351 minkipc = 0xb4000076c18ba7f0 sock = 19, client with node 1 port 5732 went down
08-06 21:11:03.055  1739  1832 I minksocket: MinkIPC MESSAGE: ( 1739:1832 ) MinkIPC_QRTR_Service:351 minkipc = 0xb4000076c18baed0 sock = 35, client with node 1 port 5732 went down
08-06 21:11:03.056  1775  1775 I sensors-hal: ~qsh_qmi:62, ~qsh_qmi
08-06 21:11:03.057  1775  1775 I sensors-hal: activate:119, android.sensor.accelerometer/11 en=0 completed
08-06 21:11:03.058  7458  8091 E Launcher: mFsGestureStatusRefreshRunnable:run usingFsGesture=true   show=true   focus=true   pause=false
08-06 21:11:03.058  7458  7458 W RecentsImpl: updateFsgWindowVisibilityState origin isEnter=false, typeFrom=typefrom_home
08-06 21:11:03.059  7458  8091 W RecentsImpl: updateFsgWindowVisibilityStateInBgThread, isEnter=false, typeFrom=typefrom_home, isOpen=true, isKeyguardLocked=false, mIsInAnotherPro=false, isStatusBarExpansion=false
08-06 21:11:03.059  7458  8091 W RecentsImpl: getTopActivity from observer.   cn=ComponentInfo{com.miui.home/com.miui.home.launcher.Launcher}
08-06 21:11:03.074  1843  3496 I vendor.qti.hardware.display.composer-service: Sensor: notify citsensorservice to trigger cwb, misForced = 0
08-06 21:11:03.075  3050  4554 I libsensor-parseRGB: request dump start for mRequestDisplayId 0
08-06 21:11:03.097  3050  4604 E libsensor-parseRGB: CWB NotifyCWBBufferDone  error 0
08-06 21:11:03.110 13430 13430 I PackageInstallReceiver: action = android.intent.action.PACKAGE_CHANGED packageName = com.miui.cleanmaster
08-06 21:11:03.110 13430 13430 W InstalledPackagesMemoryCache: Unknown action: android.intent.action.PACKAGE_CHANGED
08-06 21:11:03.110 13430 13430 I ServiceDeliveryCapability: onAppChanged:com.miui.cleanmaster action:android.intent.action.PACKAGE_CHANGED
08-06 21:11:03.111 13430 13430 I AppWidgetDelegate: updateAppWidgets for com.miui.cleanmaster
08-06 21:11:03.111 13430 13430 I WidgetController: WidgetController.updateOrRemoveStackWhenPackageChanged: packageName com.miui.cleanmaster
08-06 21:11:03.111 13430 13430 I WidgetBackgroundBlurManager: onAppChanged appPackageName : com.miui.cleanmaster
08-06 21:11:03.112 13430 14003 I AppWidgetDelegate: removeAllWidgets com.android.calendar.widget.NearEventAppWidget
08-06 21:11:03.112 13430 14003 I AppWidgetDelegate: removeAllWidgets com.xiaomi.misettings.usagestats.widget.desktop.widget.SimpleUsageStatsWidget
08-06 21:11:03.113  3086  3086 I adbd    : in ShellService: ps
08-06 21:11:03.144  3086  3086 I adbd    : in ShellService: pm list packages -f
08-06 21:11:03.192  2474  7611 I SensorAccount: ExecutionCapabilityChanged  pkgName:com.miui.home  canAfford:true mCurrentForegroundUid:10138
08-06 21:11:03.251  9497  9497 I abb     : StartCommandInProcess(73657474696e67730067657400676c6f settings.get.glo [truncated])
08-06 21:11:03.254  3086  3086 I adbd    : in ShellService: pm list packages -f
08-06 21:11:03.252  2474  2474 W binder:2474_F: type=1400 audit(0.0:17778): avc:  denied  { getopt } for  scontext=u:r:system_server:s0 tcontext=u:r:shell:s0 tclass=unix_stream_socket permissive=0
08-06 21:11:03.252  2474  2474 W binder:2474_F: type=1400 audit(0.0:17779): avc:  denied  { getopt } for  scontext=u:r:system_server:s0 tcontext=u:r:shell:s0 tclass=unix_stream_socket permissive=0
08-06 21:11:03.252  2474  2474 W binder:2474_F: type=1400 audit(0.0:17780): avc:  denied  { getopt } for  scontext=u:r:system_server:s0 tcontext=u:r:shell:s0 tclass=unix_stream_socket permissive=0
08-06 21:11:03.270  9497  9497 I abb     : StartCommandInProcess(7061636b61676500696e7374616c6c00 package.install. [truncated])
08-06 21:11:03.274  1843  3496 I vendor.qti.hardware.display.composer-service: Sensor: notify citsensorservice to trigger cwb, misForced = 0
08-06 21:11:03.276  3050  4554 I libsensor-parseRGB: request dump start for mRequestDisplayId 0
08-06 21:11:03.279  2474  8336 I InstallationTiming: beginInstall_sessionId: 523066034
08-06 21:11:03.297  3050  4604 E libsensor-parseRGB: CWB NotifyCWBBufferDone  error 0
08-06 21:11:03.305  7890  7890 I ViewRootImpl: Toast use first frame acceleration
08-06 21:11:03.314  7890  7890 I Choreographer: first vsync insert message into MessageQueue Head
08-06 21:11:03.322  7890  7890 W libc    : Access denied finding property "vendor.gpp.create_frc_extension"
08-06 21:11:03.330  7890  8266 W qdgralloc: getInterlacedFlag: getMetaData returned 3, defaulting to interlaced_flag = 0
08-06 21:11:03.335  7890  8266 W qdgralloc: getInterlacedFlag: getMetaData returned 3, defaulting to interlaced_flag = 0
08-06 21:11:03.335  2474  2655 I PowerManagerServiceImpl: Acquire wakelock: SCREEN_BRIGHT_WAKE_LOCK           'WindowManager/displayId:0' ON_AFTER_RELEASE (uid=1000 pid=2474 pkg=android ws=WorkSource{1000 com.android.systemui})
08-06 21:11:03.336  7890  8266 W qdgralloc: getInterlacedFlag: getMetaData returned 3, defaulting to interlaced_flag = 0
08-06 21:11:03.340  2474  2655 I WindowManager: wms.showSurfaceRobustly mWin:Window{5a31448 u0 Toast}
08-06 21:11:03.343  7890  8266 W qdgralloc: getInterlacedFlag: getMetaData returned 3, defaulting to interlaced_flag = 0
08-06 21:11:03.350  1843  1843 I MiClstc : StageLayers No adding layer_name[FramebufferSurface], layer_id 1
08-06 21:11:03.350  1843  1843 I MiClstc : DropLayers erase layer 909
08-06 21:11:03.350  1843  1843 I MiClstc : DropLayers erase layer 910
08-06 21:11:03.350  1843  1843 I MiClstc : RetrieveConfig Unknown layer 1, skip
08-06 21:11:03.353  2036  2036 I MI-SF   : surfaceflinger setAffinity mode=1
08-06 21:11:03.353  2036  2036 E MI-SF   : surfaceflinger setAffinity success
08-06 21:11:03.353  2036  2036 I MI-SF   : surfaceflinger setreAffinity reTid=2252
08-06 21:11:03.353  2036  2036 E MI-SF   : surfaceflinger setAffinity success
08-06 21:11:03.440  1850  9931 E ANDR-PERF-LM: SAGT_ACTION: UpdateFPSData() 138: update /sys/kernel/sched_penalty/parameters/fps to 60, ret is 0
08-06 21:11:03.482  1843  3496 I vendor.qti.hardware.display.composer-service: Sensor: notify citsensorservice to trigger cwb, misForced = 0
08-06 21:11:03.483  3050  4554 I libsensor-parseRGB: request dump start for mRequestDisplayId 0
08-06 21:11:03.505  3050  3083 E libsensor-parseRGB: CWB NotifyCWBBufferDone  error 0
08-06 21:11:03.515  2474  7382 I SmartPower: com.google.android.gms/10130(11128): background->idle(5006ms) R(service unbind com.google.android.gms/.chimera.GmsBoundBrokerService) adj=250.
08-06 21:11:03.689  1843  3496 I vendor.qti.hardware.display.composer-service: Sensor: notify citsensorservice to trigger cwb, misForced = 0
08-06 21:11:03.690  3050  4554 I libsensor-parseRGB: request dump start for mRequestDisplayId 0
08-06 21:11:03.721  3050 25119 E libsensor-parseRGB: CWB NotifyCWBBufferDone  error 0
08-06 21:11:03.836  1843  2051 I SDM     : DisplayBase::CommitThread: Received idle timeout, panel: cmd, timeout: 70000 us
08-06 21:11:03.844  1850  9931 E ANDR-PERF-LM: SAGT_ACTION: UpdateFPSData() 138: update /sys/kernel/sched_penalty/parameters/fps to 120, ret is 0
08-06 21:11:03.845  1850  9931 E ANDR-PERF-LM: SAGT_ACTION: updateAutoPenatly() 161: recovery auto penatly gamefps 120.000000, measured fps is 118.000000, gap is 2.000000 
08-06 21:11:03.872  1843  1843 I SDM     : HWCDisplay::SetActiveConfigWithConstraints: display:66-0, config: 1, WxH 1200x2670, fps 120
08-06 21:11:03.872  1843  1843 W SDM     : HWDeviceDRM::GetSupportedBitClkRate: Requested rate not supported: 1150000000
08-06 21:11:03.872  1843  1843 I SDM     : HWDeviceDRM::UpdateMixerAttributes: Mixer WxH 1200x2670-1 for Peripheral
08-06 21:11:03.872  1843  1843 I SDM     : HWCDisplay::SubmitDisplayConfig: Active configuration changed from config 3 to 1
08-06 21:11:03.872  1843  1843 I SDM     : HWCDisplay::SubmitDisplayConfig: Active WxH 1200x2670 ,ddic_mode:idle, timing_fps: 120, sf_fps: 120
08-06 21:11:03.960  1843  2051 I SDM     : DisplayBase::CommitThread: Received idle timeout, panel: cmd, timeout: 69999 us
08-06 21:11:04.031  1843  3496 I vendor.qti.hardware.display.composer-service: Sensor: notify citsensorservice to trigger cwb, misForced = 1
08-06 21:11:04.031  3050  4554 I libsensor-parseRGB: request dump start for mRequestDisplayId 0
08-06 21:11:04.053  3050 25119 E libsensor-parseRGB: CWB NotifyCWBBufferDone  error 0
08-06 21:11:04.103  2474  7382 I SmartPower: com.miui.cleanmaster/10266(17558): background->idle(3001ms) R(service create com.miui.cleanmaster/com.miui.optimizecenter.service.CleanMasterService) adj=905.
08-06 21:11:04.111  1843  2051 I SDM     : DisplayBase::CommitThread: Received idle timeout, panel: cmd, timeout: 70000 us
08-06 21:11:04.116  2474  7382 I SmartPower: com.android.packageinstaller/10097(18840): background->idle(3002ms) R(adj below visible) adj=905.
08-06 21:11:04.123  1889  1889 I vendor.xiaomi.hardware.micharge-service: ReadFilePathValue path = /sys/class/qcom-battery/pd_verifed value = 0
08-06 21:11:04.124  2474  2644 E IMiCharge: MiCharge method 22 val = 0
08-06 21:11:04.279  2474  7382 I SmartPower: com.android.browser/10134(9561): background->idle(3007ms) R(broadcast start Intent { act=miui.intent.action.PACKAGE_FIRST_LAUNCH flg=0x1000010 (has extras) }) adj=905.
08-06 21:11:04.280  3086  3086 I adbd    : in ShellService: ps
08-06 21:11:04.322 13710 15134 I ThumbnailBlurUtils: loadPrivacyThumbnailBlurMonthly successd{"com.ss.android.ugc.aweme":27,"com.dashlane":5,"com.musicworx":-1,"com.baidu.BaiduMap":3,"com.google.android.apps.youtube.music":27,"com.google.android.apps.tasks":5,"com.jijia.jjweather":5,"com.netease.newsreader.activity":11,"com.instagram.android":5,"com.microsoft.emmx":5,"com.baidu.searchbox.lite":5,"com.getsurfboard":-1,"com.android.fileexplorer":5,"com.miui.compass":5,"com.microsoft.office.outlook":10,"com.jijia.bqwnl":5,"com.autonavi.minimap":3,"com.miui.calculator":5,"org.secuso.privacyfriendlytodolist":-1,"com.android.contacts":5,"com.xiaomi.scanner":5,"com.miui.securitycenter":5,"com.android.vending":5,"com.yahoo.mobile.client.android.mail":5,"com.einnovation.temu":-1,"com.baidu.searchbox":5,"com.duokan.reader":7,"com.wuba.zhuanzhuan":9,"io.appium.settings":-1,"com.android.chrome":5,"com.xingin.xhs":5,"com.dragon.read":7,"tv.danmaku.bili":27,"com.ebay.mobile":5,"com.miui.gallery":6,"com.UCMobile":5,"todolist.scheduleplanner.dailyplanner.todo.reminders":5,"com.alibaba.aliexpresshd":9,"com.android.email":10,"com.todoist":5,"cool.monkey.android":5,"com.spotify.music":5,"com.xiaomi.market":5,"com.microsoft.todos":10,"com.skysoft.kkbox.android":27,"com.miui.notes":5,"com.smile.gifmaker":27,"com.xiaomi.gamecenter":5,"com.android.browser":5,"com.anydo":5,"de.baumann.browser":-1,"com.suxing.sustream":-1,"com.miui.virtualsim":5,"com.sina.news":11,"com.miui.weather2":5,"com.miui.video":27,"douzifly.list":-1,"com.google.android.documentsui":-1,"com.ss.android.article.news":11,"com.quark.browser":5,"com.android.mms":5,"cn.ninegame.gamemanager":5,"com.kuaishou.nebula":27,"com.android.providers.downloads.ui":5,"com.tencent.android.qqdownloader":5,"com.android.camera":6,"com.google.android.gm":5,"cn.amazon.mShop.android":9,"com.google.android.apps.magazines":5,"com.android.calendar":10,"io.github.ylimit.droidbotapp":-1,"ru.mail.mailapp":5,"com.android.settings":-1,"com.zhuantech.sijiweather":-1,"com.cnn.mobile.android.phone":11,"com.android.soundrecorder":5}
08-06 21:11:04.322 13710 15441 I VideoBoxUtils: isSupportVideoBox: true
08-06 21:11:04.323 13710 15441 W ContextImpl: Calling a method in the system process without a qualified user: android.app.ContextImpl.sendBroadcast:1275 android.content.ContextWrapper.sendBroadcast:527 d7.e.f:24 d7.e.c:0 d7.e$c$a.run:18 
08-06 21:11:04.323  2474  8820 W ActivityManagerServiceImpl: Sending non-protected broadcast com.miui.gamebooster.UNINSTALLAPP from system 13710:com.miui.securitycenter.remote/1000 pkg com.miui.securitycenter. Callers=
08-06 21:11:04.505  2474  2792 I ExtM    : zram userate is low, no need to flush: 15
08-06 21:11:04.577  2474  7382 I SmartPower: com.android.vending/10124(11354): background->idle(3441ms) R(broadcast start Intent { act=android.intent.action.PACKAGE_ADDED dat=package: flg=0x4000010 (has extras) }) adj=700.
08-06 21:11:04.577  2474  7382 I SmartPower: com.android.vending:background/10124(17245): background->idle(3001ms) R(broadcast start Intent { act=android.intent.action.PACKAGE_ADDED dat=package: flg=0x4000010 (has extras) }) adj=905.
08-06 21:11:04.595  2474  7382 I SmartPower: android.process.mediaUI/10261(15474): background->idle(3001ms) R(broadcast start Intent { act=android.intent.action.PACKAGE_ADDED dat=package: flg=0x4000010 (has extras) }) adj=905.
08-06 21:11:04.595  2474  7382 I SmartPower: android.process.acore/10083(15552): background->idle(3000ms) R(broadcast start Intent { act=android.intent.action.PACKAGE_ADDED dat=package: flg=0x4000010 (has extras) }) adj=800.
08-06 21:11:04.595  2474  7382 I SmartPower: com.xiaomi.aicr:cognitionService/10127(13899): background->idle(4989ms) R(broadcast start Intent { act=android.intent.action.PACKAGE_ADDED dat=package: flg=0x4000010 (has extras) }) adj=200.
08-06 21:11:04.595  2474  7382 I SmartPower: com.xiaomi.aicr:actionprovider/10127(15738): background->idle(3000ms) R(broadcast start Intent { act=android.intent.action.PACKAGE_ADDED dat=package: flg=0x4000010 (has extras) }) adj=700.
08-06 21:11:04.595  2474  7382 I SmartPower: com.google.android.documentsui/10100(14965): background->idle(3000ms) R(broadcast start Intent { act=android.intent.action.PACKAGE_ADDED dat=package: flg=0x4000010 (has extras) }) adj=905.
08-06 21:11:04.599  2474  7382 I SmartPower: com.milink.service:audio/10178(18537): background->idle(3004ms) R(broadcast start Intent { act=android.intent.action.PACKAGE_ADDED dat=package: flg=0x4000010 (has extras) }) adj=200.
08-06 21:11:04.599  2474  7382 I SmartPower: com.milink.crossdeviceservice/10178(19278): background->idle(3004ms) R(broadcast start Intent { act=android.intent.action.PACKAGE_ADDED dat=package: flg=0x4000010 (has extras) }) adj=915.
08-06 21:11:04.600  2474  7382 I SmartPower: com.miui.voiceassist/10193(22445): background->idle(3003ms) R(broadcast start Intent { act=android.intent.action.PACKAGE_ADDED dat=package: flg=0x4000010 (has extras) }) adj=800.
08-06 21:11:04.600  2474  7382 I SmartPower: com.miui.voiceassist:core/10193(12995): background->idle(3007ms) R(broadcast start Intent { act=android.intent.action.PACKAGE_ADDED dat=package: flg=0x4000010 (has extras) }) adj=100.
08-06 21:11:04.833  7856  8173 E PhoneAdapter: get ntnphones failed, exception: java.lang.IllegalStateException: Default phones haven't been made yet!
08-06 21:11:05.067  2474  7382 I SmartPower: com.miui.phrase/10162(24218): background->idle(3002ms) R(content provider start ContentProviderRecord{af5fdc5 u0 com.miui.phrase/com.miui.provider.InputProvider}) adj=905.
08-06 21:11:05.081  2474  7257 I MiuiNetworkPolicy: bandwidth: 24 KB/s, Max bandwidth: 10792 KB/s
08-06 21:11:05.261  2474  2643 I MiuiNetworkPolicy: label wlan0, uid -1, active false, tsNanos 410489582051094
08-06 21:11:05.288  2474  2474 W binder:2474_F: type=1400 audit(0.0:17781): avc:  denied  { getopt } for  scontext=u:r:system_server:s0 tcontext=u:r:shell:s0 tclass=unix_stream_socket permissive=0
08-06 21:11:05.372  3086  3086 I adbd    : in ShellService: pm list packages -f
08-06 21:11:05.443  2474  4395 W PackageParsing: Ignoring duplicate uses-permissions/uses-permissions-sdk-m: android.permission.RECORD_AUDIO in package: com.clearchannel.iheartradio.controller at: Binary XML file line #99
08-06 21:11:05.443  2474  4395 W PackageParsing: Unknown element under <manifest>: meta-data at /data/app/vmdl523066034.tmp/base.apk Binary XML file line #104
08-06 21:11:05.450  2474  4395 W RuleEvaluation: Integrity rule files are not available.
08-06 21:11:05.450  2474  3506 I PackageManager: Integrity check passed for file:///data/app/vmdl523066034.tmp
08-06 21:11:05.459  3086  3086 I adbd    : in ShellService: ps
08-06 21:11:05.463  2474  3506 W PackageParsing: Ignoring duplicate uses-permissions/uses-permissions-sdk-m: android.permission.RECORD_AUDIO in package: com.clearchannel.iheartradio.controller at: Binary XML file line #99
08-06 21:11:05.463  2474  3506 W PackageParsing: Unknown element under <manifest>: meta-data at /data/app/vmdl523066034.tmp/base.apk Binary XML file line #104
08-06 21:11:05.493 13306 13306 I UserConsentManager: onPermissionsChanged: 10380
08-06 21:11:05.494 13306 13306 I UserConsentManager: onPermissionsChanged: 10380
08-06 21:11:05.527  2474  2643 E AppOps  : Trying to set mode for unknown uid 10380.
08-06 21:11:05.528  2474  2643 E AppOpService: Blocked setUidMode call for runtime permission app op: uid = 10380, code = ACTIVITY_RECOGNITION, mode = ignore, callingUid = 1000, oldMode = allow
08-06 21:11:05.528  2474  2643 E AppOpService: java.lang.RuntimeException
08-06 21:11:05.528  2474  2643 E AppOpService: 	at com.android.server.permission.access.appop.AppOpService.setUidMode(AppOpService.kt:286)
08-06 21:11:05.528  2474  2643 E AppOpService: 	at com.android.server.appop.AppOpsCheckingServiceTracingDecorator.setUidMode(AppOpsCheckingServiceTracingDecorator.java:120)
08-06 21:11:05.528  2474  2643 E AppOpService: 	at com.android.server.appop.AppOpsService.setUidMode(AppOpsService.java:2143)
08-06 21:11:05.528  2474  2643 E AppOpService: 	at com.android.server.appop.AppOpsService.-$$Nest$msetUidMode(Unknown Source:0)
08-06 21:11:05.528  2474  2643 E AppOpService: 	at com.android.server.appop.AppOpsService$AppOpsManagerInternalImpl.setUidModeFromPermissionPolicy(AppOpsService.java:7415)
08-06 21:11:05.528  2474  2643 E AppOpService: 	at com.android.server.policy.PermissionPolicyService$PermissionToOpSynchroniser.setUidMode(PermissionPolicyService.java:1121)
08-06 21:11:05.528  2474  2643 E AppOpService: 	at com.android.server.policy.PermissionPolicyService$PermissionToOpSynchroniser.setUidModeIgnored(PermissionPolicyService.java:1094)
08-06 21:11:05.528  2474  2643 E AppOpService: 	at com.android.server.policy.PermissionPolicyService$PermissionToOpSynchroniser.syncPackages(PermissionPolicyService.java:902)
08-06 21:11:05.528  2474  2643 E AppOpService: 	at com.android.server.policy.PermissionPolicyService$PermissionToOpSynchroniser.-$$Nest$msyncPackages(Unknown Source:0)
08-06 21:11:05.528  2474  2643 E AppOpService: 	at com.android.server.policy.PermissionPolicyService.synchronizeUidPermissionsAndAppOps(PermissionPolicyService.java:694)
08-06 21:11:05.528  2474  2643 E AppOpService: 	at com.android.server.policy.PermissionPolicyService.$r8$lambda$g9YhLNd1OZQfuSCyT_yO-G8mZv0(Unknown Source:0)
08-06 21:11:05.528  2474  2643 E AppOpService: 	at com.android.server.policy.PermissionPolicyService$$ExternalSyntheticLambda5.accept(D8$$SyntheticClass:0)
08-06 21:11:05.528  2474  2643 E AppOpService: 	at com.android.internal.util.function.pooled.PooledLambdaImpl.doInvoke(PooledLambdaImpl.java:281)
08-06 21:11:05.528  2474  2643 E AppOpService: 	at com.android.internal.util.function.pooled.PooledLambdaImpl.invoke(PooledLambdaImpl.java:204)
08-06 21:11:05.528  2474  2643 E AppOpService: 	at com.android.internal.util.function.pooled.OmniFunction.run(OmniFunction.java:87)
08-06 21:11:05.528  2474  2643 E AppOpService: 	at android.os.Handler.handleCallback(Handler.java:959)
08-06 21:11:05.528  2474  2643 E AppOpService: 	at android.os.Handler.dispatchMessage(Handler.java:100)
08-06 21:11:05.528  2474  2643 E AppOpService: 	at android.os.Looper.loopOnce(Looper.java:249)
08-06 21:11:05.528  2474  2643 E AppOpService: 	at android.os.Looper.loop(Looper.java:337)
08-06 21:11:05.528  2474  2643 E AppOpService: 	at android.os.HandlerThread.run(HandlerThread.java:85)
08-06 21:11:05.528  2474  2643 E AppOpService: 	at com.android.server.ServiceThread.run(ServiceThread.java:46)
08-06 21:11:05.531 13306 13306 I UserConsentManager: onPermissionsChanged: 10380
08-06 21:11:05.537  2474  7257 I MiuiNetworkPolicy: updateUidState uid = 10278, uidState = 19
08-06 21:11:05.537  2474  7257 I MiuiNetworkPolicy: updateUidState uid = 6110, uidState = 19
08-06 21:11:05.540 24010 24011 I artd    : Merge skipped because there are no existing profiles
08-06 21:11:05.540  2474  3506 I ArtService: Adjusting the compiler filter for 'com.clearchannel.iheartradio.controller' from 'speed-profile' to 'verify' because there is no valid profile
08-06 21:11:05.540 24010 24011 I artd    : Dex parent of /data/app/~~ZWq82heNtV8l6s6G0dbzSg==/com.clearchannel.iheartradio.controller-G3Z_aAp5dpilukVqrkgk-g==/base.apk is not writable: Permission denied
08-06 21:11:05.540 24010 24011 I artd    : GetBestInfo checking odex in dalvik-cache (/data/dalvik-cache/arm64/data@app@~~ZWq82heNtV8l6s6G0dbzSg==@com.clearchannel.iheartradio.controller-G3Z_aAp5dpilukVqrkgk-g==@base.apk@classes.dex)
08-06 21:11:05.540 24010 24011 I artd    : Loading /data/dalvik-cache/arm64/data@app@~~ZWq82heNtV8l6s6G0dbzSg==@com.clearchannel.iheartradio.controller-G3Z_aAp5dpilukVqrkgk-g==@base.apk@classes.dex with executable: 0
08-06 21:11:05.540 24010 24011 I artd    : OatFileAssistant test for existing oat file /data/dalvik-cache/arm64/data@app@~~ZWq82heNtV8l6s6G0dbzSg==@com.clearchannel.iheartradio.controller-G3Z_aAp5dpilukVqrkgk-g==@base.apk@classes.dex: File /data/dalvik-cache/arm64/data@app@~~ZWq82heNtV8l6s6G0dbzSg==@com.clearchannel.iheartradio.controller-G3Z_aAp5dpilukVqrkgk-g==@base.apk@classes.vdex does not exist.
08-06 21:11:05.540 24010 24011 I artd    : GetBestInfo checking odex next to the dex file (/data/app/~~ZWq82heNtV8l6s6G0dbzSg==/com.clearchannel.iheartradio.controller-G3Z_aAp5dpilukVqrkgk-g==/oat/arm64/base.odex)
08-06 21:11:05.540 24010 24011 I artd    : Loading /data/app/~~ZWq82heNtV8l6s6G0dbzSg==/com.clearchannel.iheartradio.controller-G3Z_aAp5dpilukVqrkgk-g==/oat/arm64/base.odex with executable: 0
08-06 21:11:05.540 24010 24011 I artd    : OatFileAssistant test for existing oat file /data/app/~~ZWq82heNtV8l6s6G0dbzSg==/com.clearchannel.iheartradio.controller-G3Z_aAp5dpilukVqrkgk-g==/oat/arm64/base.odex: File /data/app/~~ZWq82heNtV8l6s6G0dbzSg==/com.clearchannel.iheartradio.controller-G3Z_aAp5dpilukVqrkgk-g==/oat/arm64/base.vdex does not exist.
08-06 21:11:05.540 24010 24011 I artd    : GetBestInfo checking vdex in dalvik-cache (/data/dalvik-cache/arm64/data@app@~~ZWq82heNtV8l6s6G0dbzSg==@com.clearchannel.iheartradio.controller-G3Z_aAp5dpilukVqrkgk-g==@base.apk@classes.vdex)
08-06 21:11:05.540 24010 24011 I artd    : unable to open vdex file /data/dalvik-cache/arm64/data@app@~~ZWq82heNtV8l6s6G0dbzSg==@com.clearchannel.iheartradio.controller-G3Z_aAp5dpilukVqrkgk-g==@base.apk@classes.vdex: File /data/dalvik-cache/arm64/data@app@~~ZWq82heNtV8l6s6G0dbzSg==@com.clearchannel.iheartradio.controller-G3Z_aAp5dpilukVqrkgk-g==@base.apk@classes.vdex does not exist.
08-06 21:11:05.540 24010 24011 I artd    : OatFileAssistant test for existing oat file /data/dalvik-cache/arm64/data@app@~~ZWq82heNtV8l6s6G0dbzSg==@com.clearchannel.iheartradio.controller-G3Z_aAp5dpilukVqrkgk-g==@base.apk@classes.vdex: File /data/dalvik-cache/arm64/data@app@~~ZWq82heNtV8l6s6G0dbzSg==@com.clearchannel.iheartradio.controller-G3Z_aAp5dpilukVqrkgk-g==@base.apk@classes.vdex does not exist.
08-06 21:11:05.540 24010 24011 I artd    : GetBestInfo checking vdex next to the dex file (/data/app/~~ZWq82heNtV8l6s6G0dbzSg==/com.clearchannel.iheartradio.controller-G3Z_aAp5dpilukVqrkgk-g==/oat/arm64/base.vdex)
08-06 21:11:05.540 24010 24011 I artd    : unable to open vdex file /data/app/~~ZWq82heNtV8l6s6G0dbzSg==/com.clearchannel.iheartradio.controller-G3Z_aAp5dpilukVqrkgk-g==/oat/arm64/base.vdex: File /data/app/~~ZWq82heNtV8l6s6G0dbzSg==/com.clearchannel.iheartradio.controller-G3Z_aAp5dpilukVqrkgk-g==/oat/arm64/base.vdex does not exist.
08-06 21:11:05.540 24010 24011 I artd    : OatFileAssistant test for existing oat file /data/app/~~ZWq82heNtV8l6s6G0dbzSg==/com.clearchannel.iheartradio.controller-G3Z_aAp5dpilukVqrkgk-g==/oat/arm64/base.vdex: File /data/app/~~ZWq82heNtV8l6s6G0dbzSg==/com.clearchannel.iheartradio.controller-G3Z_aAp5dpilukVqrkgk-g==/oat/arm64/base.vdex does not exist.
08-06 21:11:05.541 24010 24011 I artd    : GetBestInfo checking dm (/data/app/~~ZWq82heNtV8l6s6G0dbzSg==/com.clearchannel.iheartradio.controller-G3Z_aAp5dpilukVqrkgk-g==/base.dm)
08-06 21:11:05.541 24010 24011 I artd    : GetBestInfo no usable artifacts
