--------- beginning of main
08-06 21:11:01.793 20053 30384 I Market-LocalAppManager: getUpdateInfoFromServer : middle
08-06 21:11:01.794 20053 30384 E Market-Client: isSupportChildMode, error: java.lang.NumberFormatException: For input string: ""
08-06 21:11:01.796 20053 30384 I Market-RetrofitRequest: callStart : https://updateinfo.market.xiaomi.com/apm/updateinfo/v2
08-06 21:11:01.797 20053 30384 I Market-RetrofitRequest: HeaderInterceptor : https://updateinfo.market.xiaomi.com/apm/updateinfo/v2
08-06 21:11:01.798 20053 30384 E Market-Client: isSupportChildMode, error: java.lang.NumberFormatException: For input string: ""
08-06 21:11:01.798 20053 30384 E Market-Client: isSupportChildMode, error: java.lang.NumberFormatException: For input string: ""
08-06 21:11:01.798  2474  8186 I NetworkBoostStatusManager: handle: 102
08-06 21:11:01.799  2474  8186 I NetworkBoostStatusManager: interfaceOnCapabilitiesChanged interface name:wlan0
08-06 21:11:01.800 20053 27840 I Market-DownloadLimitSpeedManager: stopLimitSpeed
08-06 21:11:01.800 20053 27840 I Market-LimitSpeedManager: stopLimitSpeedNow() =========== 
08-06 21:11:01.802  7856  8173 E PhoneAdapter: get ntnphones failed, exception: java.lang.IllegalStateException: Default phones haven't been made yet!
08-06 21:11:01.803 15038 15038 I NetBusNetworkMonitor: onCapabilitiesChanged isPrimary = true
08-06 21:11:01.808 20053 30384 I Market-LimitSpeedManager: startLimitSpeedNow() ====== speed = 32768
08-06 21:11:01.808 15038 15038 I NetBusNetworkMonitor: gateway=192.*.*.1
08-06 21:11:01.810 15678 15899 W Settings: Setting device_provisioned has moved from android.provider.Settings.Secure to android.provider.Settings.Global.
08-06 21:11:01.811 15678 15899 I JoyoseCloudControlManager3: network metered changed, network metered: false, deviceProvisioned: true, scAllowConn: true, try to setNetworkAccessEnabled: true
08-06 21:11:01.811 20053 27840 I Market-RetrofitRequest: callEnd : https://app.market.xiaomi.com/apm/statistics/appactive
08-06 21:11:01.811 20053 27840 E Market-ReflectUtils: invokeObject com.android.org.bouncycastle.util.encoders.Base64.decode com.xiaomi.market.util.reflect.IllegalArgumentException
08-06 21:11:01.811 20053 27840 E Market-ConnectionRSA: get key exception : java.lang.NullPointerException: decrypt data is null
08-06 21:11:01.812 11098 11302 I NearbyMediums: WifiNetwork defaultNetworkCallback onCapabilitiesChanged network:104 [ WIFI VPN ] isNonBypassable:false
08-06 21:11:01.812 18537 19039 I Cir_Miplay_NetworkListenerHelper: onCapabilitiesChanged#network=104
08-06 21:11:01.812 18537 19039 I Cir_Miplay_NetworkListenerHelper: onCapabilitiesChanged network type wifi
08-06 21:11:01.817 15038 15038 I NetBusNetworkMonitor: addConnectNetworkInterface mediumType:256, detail:NetworkDetailInfo{mIsConnected=false, mIsSupportTdls=true, mNetworkType=0, mIpAddress=192.*.*.145, mIfName=wlan0, mGateway=192.*.*.1, mNetmask=255.*.*.0, mSsid=Q**24}
08-06 21:11:01.817 15038 15038 I NetBusNetworkMonitor: onCapabilitiesChanged handle=454377263117, mediumType=256, ifName=wlan0
08-06 21:11:01.818 20053 30384 I Market-DownloadLimitSpeedManager: startLimitSpeed success. Total count 1
08-06 21:11:01.818 20053 30384 I Market-RetrofitRequest: HeaderInterceptor : https://updateinfo.market.xiaomi.com/apm/updateinfo/v2
08-06 21:11:01.824  1843  2051 I SDM     : DisplayBase::CommitThread: Received idle timeout, panel: cmd, timeout: 70000 us
08-06 21:11:01.836  1850  9931 E ANDR-PERF-LM: SAGT_ACTION: updateAutoPenatly() 161: recovery auto penatly gamefps 30.000000, measured fps is 31.000000, gap is -1.000000 
08-06 21:11:01.837  1843  3496 I vendor.qti.hardware.display.composer-service: Sensor: notify citsensorservice to trigger cwb, misForced = 0
08-06 21:11:01.837  3050  4554 I libsensor-parseRGB: request dump start for mRequestDisplayId 0
08-06 21:11:01.868  3050  4604 E libsensor-parseRGB: CWB NotifyCWBBufferDone  error 0
--------- beginning of system
08-06 21:11:01.881  2474  2474 W NotificationHistory: Attempted to add notif for locked/gone/disabled user 0
08-06 21:11:01.889  7890  7890 E NotifCollection: No notification to remove with key 0|com.xiaomi.market|168088485|null|10167 reason=0:REASON_UNKNOWN
08-06 21:11:01.899 19029 19641 I auth    : [XMS][Auth] updateAuthInfo in db true
08-06 21:11:01.903 19029 19360 I auth    : [XMS][Auth] updateAuthInfo in db true
08-06 21:11:01.904 19029 19641 I auth    : [XMS][Auth] updateAuthInfo in db true
08-06 21:11:01.905 19029 19641 I auth    : [XMS][Auth] updateAuthInfo in db true
08-06 21:11:01.907 19029 19360 I auth    : [XMS][Auth] updateAuthInfo in db true
08-06 21:11:01.908 19029 19641 I auth    : [XMS][Auth] updateAuthInfo in db true
08-06 21:11:01.909 19029 19360 I auth    : [XMS][Auth] updateAuthInfo in db true
08-06 21:11:01.910 19029 19641 I auth    : [XMS][Auth] updateAuthInfo in db true
08-06 21:11:01.911 19029 19641 I auth    : [XMS][Auth] updateAuthInfo in db true
08-06 21:11:01.914  3086  3086 I adbd    : in ShellService: export ANDROID_LOG_TAGS="''"; exec logcat '-v' 'threadtime' '*:I'
08-06 21:11:01.916 13588 19091 I auth    : [XMS][Auth] updateAuthInfo in db true
08-06 21:11:01.919 19029 19641 I auth    : [XMS][Auth] updateAuthInfo in db true
08-06 21:11:01.921  3086  3086 I adbd    : in ShellService: getevent -lt
08-06 21:11:01.923 19029 19360 I auth    : [XMS][Auth] updateAuthInfo in db true
08-06 21:11:01.923 13588 19089 I auth    : [XMS][Auth] updateAuthInfo in db true
08-06 21:11:01.924  1843  2051 I SDM     : DisplayBase::CommitThread: Received idle timeout, panel: cmd, timeout: 70000 us
08-06 21:11:01.927 13588 19091 I auth    : [XMS][Auth] updateAuthInfo in db true
08-06 21:11:01.928 13588 19091 I auth    : [XMS][Auth] updateAuthInfo in db true
08-06 21:11:01.930 13588  9959 I auth    : [XMS][Auth] updateAuthInfo in db true
08-06 21:11:01.931 13588 19089 I auth    : [XMS][Auth] updateAuthInfo in db true
08-06 21:11:01.932 13588 19091 I auth    : [XMS][Auth] updateAuthInfo in db true
08-06 21:11:01.933 13588 19089 I auth    : [XMS][Auth] updateAuthInfo in db true
08-06 21:11:01.934 13588 19091 I auth    : [XMS][Auth] updateAuthInfo in db true
08-06 21:11:01.935 13588 19091 I auth    : [XMS][Auth] updateAuthInfo in db true
08-06 21:11:01.936 13588 19091 I auth    : [XMS][Auth] updateAuthInfo in db true
08-06 21:11:01.937  3086  3086 I adbd    : in ShellService: ime enable io.github.ylimit.droidbotapp/.DroidBotIME
08-06 21:11:01.944  3086  3086 I adbd    : in ShellService: ps
08-06 21:11:01.987 20053 30384 I Market-DownloadLimitSpeedManager: stopLimitSpeed
08-06 21:11:01.987 20053 30384 I Market-LimitSpeedManager: stopLimitSpeedNow() =========== 
08-06 21:11:02.002 20053 30384 I Market-RetrofitRequest: callEnd : https://updateinfo.market.xiaomi.com/apm/updateinfo/v2
08-06 21:11:02.002  1843  3496 I vendor.qti.hardware.display.composer-service: Sensor: notify citsensorservice to trigger cwb, misForced = 1
08-06 21:11:02.003  3050  4554 I libsensor-parseRGB: request dump start for mRequestDisplayId 0
08-06 21:11:02.004 20053 30384 W Market-Connection: Connection result is cut off as too long
08-06 21:11:02.008 20053 30384 I Market-LocalAppManager: getUpdateInfoFromServer : end  , responseCode : OK
08-06 21:11:02.009 20053 30384 I Market-LocalAppManager: checkUpdateFromServer : end
08-06 21:11:02.010 20053 30384 I Market-LocalAppManager: checkUpdateFromServer  data parser : end
08-06 21:11:02.011 20053 30384 I Market-HuanjiManager: condition not satisfied, ignore
08-06 21:11:02.011 20053 30384 I Market-DataParser: [InvalidPackageList] JSON : invalidSystemPackageList list is null
08-06 21:11:02.011 20053 30384 I Market-LocalAppManager: checkUpdateFromServer  filter package : end
08-06 21:11:02.011 20053 30384 I Market-LocalAppManager: checkUpdateFromServer  support64BitPackagesJsonArray : end
08-06 21:11:02.012 20053 30384 I Market-LocalAppManager: query update apps from server : finish, 54 / 426 to update
08-06 21:11:02.017  3086  3086 I adbd    : in ShellService: ime set io.github.ylimit.droidbotapp/.DroidBotIME
08-06 21:11:02.021 20053 30384 I Market-RetrofitRequest: callStart : https://updateinfo.market.xiaomi.com/apm/updateinfo/priority
08-06 21:11:02.021 20053 30384 I Market-RetrofitRequest: HeaderInterceptor : https://updateinfo.market.xiaomi.com/apm/updateinfo/priority
08-06 21:11:02.022 20053 30384 E Market-Client: isSupportChildMode, error: java.lang.NumberFormatException: For input string: ""
08-06 21:11:02.023 20053 30384 E Market-Client: isSupportChildMode, error: java.lang.NumberFormatException: For input string: ""
08-06 21:11:02.025 20053 30384 I Market-LimitSpeedManager: startLimitSpeedNow() ====== speed = 32768
08-06 21:11:02.026  3050 25119 E libsensor-parseRGB: CWB NotifyCWBBufferDone  error 0
08-06 21:11:02.030 20053 30384 I Market-DownloadLimitSpeedManager: startLimitSpeed success. Total count 1
08-06 21:11:02.030 20053 30384 I Market-RetrofitRequest: HeaderInterceptor : https://updateinfo.market.xiaomi.com/apm/updateinfo/priority
08-06 21:11:02.046 14158 14158 E BaseInputMethodService: onUnbindInput
08-06 21:11:02.047  7458  7458 I HandWritingStubImpl: refreshLastKeyboardType: 1
08-06 21:11:02.047  7458  7458 I HandWritingStubImpl: getCurrentKeyboardType: 1
08-06 21:11:02.047  2474  4372 I InputReader: Reconfiguring input devices, changes=KEYBOARD_LAYOUTS
08-06 21:11:02.048  2474  4398 W InputMethodManagerService: Clear show forced flag.
08-06 21:11:02.048  2474  4398 W SecurityInputMethodSwitcher: first check switch to security ime: false
08-06 21:11:02.048  2474  4398 W SecurityInputMethodSwitcher: double check switch to security ime: false
08-06 21:11:02.048  2474  4398 W SecurityInputMethodSwitcher: switch to other input method from security ime:false mayChangeToMiuiSecurityInputMethod: false current focus window: android.os.BinderProxy@840b88e
08-06 21:11:02.049  1865  1865 I vendor.qti.hardware.servicetrackeraidl-service: unbindService is called for service : com.sohu.inputmethod.sogou.xiaomi/.SogouIME and for client system
08-06 21:11:02.049  1865  1865 I vendor.qti.hardware.servicetrackeraidl-service: size of service connections for service: com.sohu.inputmethod.sogou.xiaomi/.SogouIMEafter removal is 0
08-06 21:11:02.049  1865  1865 I vendor.qti.hardware.servicetrackeraidl-service: size of client connections for client: systemafter removal is 30
08-06 21:11:02.049  1865  1865 I vendor.qti.hardware.servicetrackeraidl-service: destroyService is called for service : com.sohu.inputmethod.sogou.xiaomi/.SogouIME
08-06 21:11:02.050  7458  7458 I HandWritingStubImpl: refreshLastKeyboardType: 1
08-06 21:11:02.050  7458  7458 I HandWritingStubImpl: getCurrentKeyboardType: 1
08-06 21:11:02.051  2474  4398 W InputManager-JNI: Input channel object 'e4adaf InputMethod (client)' was disposed without first being removed with the input manager!
08-06 21:11:02.051  2474  7257 I MiuiNetworkPolicy: updateUidState uid = 10183, uidState = 10
08-06 21:11:02.053 13710 14256 I k1      : input method change: 
08-06 21:11:02.054 14191 14518 I IMECheckManager: getSelectedInputMethod, ime is io.github.ylimit.droidbotapp/.DroidBotIME
08-06 21:11:02.054 14191 14518 I IMECheckManager: InputMethodObserver, userId is 0, ime = io.github.ylimit.droidbotapp/.DroidBotIME
08-06 21:11:02.056  1865  1865 I vendor.qti.hardware.servicetrackeraidl-service: bindService is called for service : io.github.ylimit.droidbotapp/.DroidBotIME and for client system
08-06 21:11:02.056 14158 14158 E BaseInputMethodService: onDestroy
08-06 21:11:02.056  1865  1865 I vendor.qti.hardware.servicetrackeraidl-service: total connections for service : io.github.ylimit.droidbotapp/.DroidBotIMEare :1
08-06 21:11:02.057  1865  1865 I vendor.qti.hardware.servicetrackeraidl-service: total connections for client : systemare :31
08-06 21:11:02.057  2036  2036 E DisplayModeController: setDesiredMode : Idle status skip setActiveMode, isDdicIdleMode: 1
08-06 21:11:02.057 14158 14158 W WindowOnBackDispatcher: sendCancelIfRunning: isInProgress=false callback=android.view.ViewRootImpl$$ExternalSyntheticLambda12@c1c8cb0
08-06 21:11:02.058 14191 14518 I IMECheckManager: getSelectedInputMethod, ime is io.github.ylimit.droidbotapp/.DroidBotIME
08-06 21:11:02.058  2474 10058 W WindowManager: Failed looking up window session=Session{b0cc2cd 14158:u0a10183} callers=com.android.server.wm.WindowManagerService.windowForClientLocked:7019 com.android.server.wm.Session.setOnBackInvokedCallbackInfo:1092 android.view.IWindowSession$Stub.onTransact:1281 
08-06 21:11:02.058  2474 10058 I WindowManager: setOnBackInvokedCallback(): No window state for package:com.sohu.inputmethod.sogou.xiaomi
08-06 21:11:02.058 14191 14518 I IMECheckManager: updateCurrentIME, userId is 0, ime is io.github.ylimit.droidbotapp/.DroidBotIME, pkg is io.github.ylimit.droidbotapp, uid is 10379
08-06 21:11:02.058  2474  8336 W WindowManager: Cannot find window which accessibility connection is added to
08-06 21:11:02.058 14191 14518 I IMECheckManager: getSelectedInputMethod, ime is io.github.ylimit.droidbotapp/.DroidBotIME
08-06 21:11:02.058 14191 14518 I IMECheckManager: InputMethodObserver, userId is 0, ime = io.github.ylimit.droidbotapp/.DroidBotIME
08-06 21:11:02.059  2474 10058 W WindowManager: Failed looking up window session=Session{b0cc2cd 14158:u0a10183} callers=com.android.server.wm.WindowManagerService.removeClientToken:2442 com.android.server.wm.Session.remove:290 android.view.IWindowSession$Stub.onTransact:741 
08-06 21:11:02.059 14191 14518 I IMECheckManager: getSelectedInputMethod, ime is io.github.ylimit.droidbotapp/.DroidBotIME
08-06 21:11:02.059  2474  4398 W InputMethodManagerService: Clear show forced flag.
08-06 21:11:02.059  2474  4398 W SecurityInputMethodSwitcher: first check switch to security ime: false
08-06 21:11:02.059  2474  4398 W SecurityInputMethodSwitcher: double check switch to security ime: false
08-06 21:11:02.060  2474  4398 W SecurityInputMethodSwitcher: switch to other input method from security ime:false mayChangeToMiuiSecurityInputMethod: false current focus window: android.os.BinderProxy@840b88e
08-06 21:11:02.061 14191 14518 I IMECheckManager: updateCurrentIME, userId is 0, ime is io.github.ylimit.droidbotapp/.DroidBotIME, pkg is io.github.ylimit.droidbotapp, uid is 10379
08-06 21:11:02.061 14191 14518 I ActiveStateController: Ime outdated, uid is 10183
08-06 21:11:02.061  1843  1843 I SDM     : HWCDisplay::SetActiveConfigWithConstraints: display:66-0, config: 3, WxH 1200x2670, fps 120
08-06 21:11:02.061  1843  1843 W SDM     : HWDeviceDRM::GetSupportedBitClkRate: Requested rate not supported: 1150000000
08-06 21:11:02.061  1843  1843 I SDM     : HWDeviceDRM::UpdateMixerAttributes: Mixer WxH 1200x2670-1 for Peripheral
08-06 21:11:02.062  1843  1843 I SDM     : HWCDisplay::SubmitDisplayConfig: Active configuration changed from config 1 to 3
08-06 21:11:02.062  1843  1843 I SDM     : HWCDisplay::SubmitDisplayConfig: Active WxH 1200x2670 ,ddic_mode:auto, timing_fps: 120, sf_fps: 120
08-06 21:11:02.062 14191 14518 I ActiveStateController: Ime update, uid is 10379
08-06 21:11:02.062 14158 14158 I IMEBottomManager: disableQuickMoveCursor
08-06 21:11:02.063 14191 14606 I PowerKeeperConfigureManager: userId is 0, Ime outdated, uid is 10183
08-06 21:11:02.063  1843  3496 I vendor.qti.hardware.display.composer-service: Sensor: notify citsensorservice to trigger cwb, misForced = 0
08-06 21:11:02.064  3050  4554 I libsensor-parseRGB: request dump start for mRequestDisplayId 0
08-06 21:11:02.064 14191 14606 I PowerKeeperConfigureManager: userId is 0, Ime update, uid is 10379
08-06 21:11:02.065  2474  8406 I ClipboardServiceI: checkProviderWakePathForClipboard: primaryClip is null
08-06 21:11:02.065  2474  8406 I SmartPower: com.miui.phrase/10162(24218): idle->background(90559ms) R(content provider start ContentProviderRecord{af5fdc5 u0 com.miui.phrase/com.miui.provider.InputProvider}) adj=0.
08-06 21:11:02.065  2474  7257 I MiuiNetworkPolicy: updateUidState uid = 10162, uidState = 10
08-06 21:11:02.070  2474  8393 I ClipboardServiceI: checkProviderWakePathForClipboard: primaryClip is null
08-06 21:11:02.071  7464  8018 I htmlviewercloudcontrol: isStagingEnv:false param =  InputMethod  uriMatch = 2, cluster: cn, version: 569290, traceId: edf791a3c2f0f49177c2934c6d2002a2, regId: +4z3RS85+e2U9l+sd6caQ/srGmJCsEbKpG1twyPn1K0CrNNyxYT/yAgGVxm5X+yC
08-06 21:11:02.073  2474  8393 E InputMethodManagerService: Ignoring com.android.server.inputmethod.InputMethodManagerService.updateStatusIcon:2768 due to an invalid token. uid:10183 token:android.os.Binder@aeb895d
08-06 21:11:02.076  2474  7257 I MiuiNetworkPolicy: bandwidth: 5 KB/s, Max bandwidth: 10792 KB/s
08-06 21:11:02.079 14158 14158 W WindowTokenClientController: Can't find attached WindowTokenClient for android.window.WindowTokenClient@6c1ef68
08-06 21:11:02.082  2474  7257 I MiuiNetworkPolicy: updateUidState uid = 10183, uidState = 16
08-06 21:11:02.083  2474  7257 I MiuiNetworkPolicy: updateUidState uid = 10162, uidState = 19
08-06 21:11:02.093  3050  3083 E libsensor-parseRGB: CWB NotifyCWBBufferDone  error 0
08-06 21:11:02.098 30254 30454 W ziparchive: Unable to open '/system/framework/QXPerformance.dm': No such file or directory
08-06 21:11:02.098 30254 30454 W ziparchive: Unable to open '/system/framework/QXPerformance.dm': No such file or directory
08-06 21:11:02.099  2474  8393 I AppsFilter: interaction: PackageSetting{b2d143d io.github.ylimit.droidbotapp/10379} -> PackageSetting{31b91f2 com.miui.screenrecorder/10273} BLOCKED
08-06 21:11:02.100  2474  8393 I AppsFilter: interaction: PackageSetting{b2d143d io.github.ylimit.droidbotapp/10379} -> PackageSetting{c611043 com.android.cts.priv.ctsshim/10252} BLOCKED
08-06 21:11:02.100  2474  8393 I AppsFilter: interaction: PackageSetting{b2d143d io.github.ylimit.droidbotapp/10379} -> PackageSetting{f1a86c0 com.quark.browser/10328} BLOCKED
08-06 21:11:02.100  2474  8393 I AppsFilter: interaction: PackageSetting{b2d143d io.github.ylimit.droidbotapp/10379} -> PackageSetting{bda0ff9 com.android.uwb.resources/10242} BLOCKED
08-06 21:11:02.100  2474  8393 I AppsFilter: interaction: PackageSetting{b2d143d io.github.ylimit.droidbotapp/10379} -> PackageSetting{ba57201 com.android.internal.display.cutout.emulation.corner/10008} BLOCKED
08-06 21:11:02.100  2474  8393 I AppsFilter: interaction: PackageSetting{b2d143d io.github.ylimit.droidbotapp/10379} -> PackageSetting{bf408a6 com.android.internal.display.cutout.emulation.double/10013} BLOCKED
08-06 21:11:02.100  2474  8393 I AppsFilter: interaction: PackageSetting{b2d143d io.github.ylimit.droidbotapp/10379} -> PackageSetting{de27f3e io.appium.settings/10274} BLOCKED
08-06 21:11:02.100  2474  8393 I AppsFilter: interaction: PackageSetting{b2d143d io.github.ylimit.droidbotapp/10379} -> PackageSetting{4cdb3e com.unionpay.tsmservice.mi/10185} BLOCKED
08-06 21:11:02.100  2474  8393 I AppsFilter: interaction: PackageSetting{b2d143d io.github.ylimit.droidbotapp/10379} -> PackageSetting{b7a6d9f com.android.healthconnect.controller/10245} BLOCKED
08-06 21:11:02.100  2474  8393 I AppsFilter: interaction: PackageSetting{b2d143d io.github.ylimit.droidbotapp/10379} -> PackageSetting{8814eec com.wuba.zhuanzhuan/10260} BLOCKED
08-06 21:11:02.100  2474  8393 I AppsFilter: interaction: PackageSetting{b2d143d io.github.ylimit.droidbotapp/10379} -> PackageSetting{ba2b2b5 com.alibaba.aliexpresshd/10303} BLOCKED
08-06 21:11:02.100  2474  8393 I AppsFilter: interaction: PackageSetting{b2d143d io.github.ylimit.droidbotapp/10379} -> PackageSetting{3b76d4a com.google.android.onetimeinitializer/10123} BLOCKED
08-06 21:11:02.100  2474  8393 I AppsFilter: interaction: PackageSetting{b2d143d io.github.ylimit.droidbotapp/10379} -> PackageSetting{9a244bb com.android.health.connect.backuprestore/10246} BLOCKED
08-06 21:11:02.100  2474  8393 I AppsFilter: interaction: PackageSetting{b2d143d io.github.ylimit.droidbotapp/10379} -> PackageSetting{eaa6dd8 com.google.android.ext.shared/10150} BLOCKED
08-06 21:11:02.100  2474  8393 I AppsFilter: interaction: PackageSetting{b2d143d io.github.ylimit.droidbotapp/10379} -> PackageSetting{918c531 com.android.virtualmachine.res/10237} BLOCKED
08-06 21:11:02.100  2474  8393 I AppsFilter: interaction: PackageSetting{b2d143d io.github.ylimit.droidbotapp/10379} -> PackageSetting{871416 com.dashlane/10378} BLOCKED
08-06 21:11:02.100  2474  8393 I AppsFilter: interaction: PackageSetting{b2d143d io.github.ylimit.droidbotapp/10379} -> PackageSetting{35cd7df com.android.providers.telephony.auto_generated_characteristics_rro/10072} BLOCKED
08-06 21:11:02.100  2474  8393 I AppsFilter: interaction: PackageSetting{b2d143d io.github.ylimit.droidbotapp/10379} -> PackageSetting{a67197 com.xiaomi.gamecenter.sdk.service/10140} BLOCKED
08-06 21:11:02.101  2474  8393 I AppsFilter: interaction: PackageSetting{b2d143d io.github.ylimit.droidbotapp/10379} -> PackageSetting{803836d com.android.htmlviewer/10092} BLOCKED
08-06 21:11:02.101  2474  8393 I AppsFilter: interaction: PackageSetting{b2d143d io.github.ylimit.droidbotapp/10379} -> PackageSetting{ed85ba2 com.miui.gallery/10271} BLOCKED
08-06 21:11:02.101  2474  8393 I AppsFilter: interaction: PackageSetting{b2d143d io.github.ylimit.droidbotapp/10379} -> PackageSetting{f569033 com.quicinc.voice.activation/10214} BLOCKED
08-06 21:11:02.101  2474  8393 I AppsFilter: interaction: PackageSetting{b2d143d io.github.ylimit.droidbotapp/10379} -> PackageSetting{23d1ff0 com.google.android.configupdater/10122} BLOCKED
08-06 21:11:02.101  2474  8393 I AppsFilter: interaction: PackageSetting{b2d143d io.github.ylimit.droidbotapp/10379} -> PackageSetting{761e969 com.android.soundrecorder/10276} BLOCKED
08-06 21:11:02.101  2474  8393 I AppsFilter: interaction: PackageSetting{b2d143d io.github.ylimit.droidbotapp/10379} -> PackageSetting{a048fee com.suxing.sustream/10338} BLOCKED
08-06 21:11:02.101  2474  8393 I AppsFilter: interaction: PackageSetting{b2d143d io.github.ylimit.droidbotapp/10379} -> PackageSetting{7dffc8f io.appium.uiautomator2.server/10283} BLOCKED
08-06 21:11:02.101  2474  8393 I AppsFilter: interaction: PackageSetting{b2d143d io.github.ylimit.droidbotapp/10379} -> PackageSetting{eec4b1c com.android.safetycenter.resources/10240} BLOCKED
08-06 21:11:02.101  2474  8393 I AppsFilter: interaction: PackageSetting{b2d143d io.github.ylimit.droidbotapp/10379} -> PackageSetting{d26b325 org.secuso.privacyfriendlytodolist/10270} BLOCKED
08-06 21:11:02.101  2474  8393 I AppsFilter: interaction: PackageSetting{b2d143d io.github.ylimit.droidbotapp/10379} -> PackageSetting{7adbcfa com.android.providers.downloads.ui/10261} BLOCKED
08-06 21:11:02.101  2474  8393 I AppsFilter: interaction: PackageSetting{b2d143d io.github.ylimit.droidbotapp/10379} -> PackageSetting{7e9d2ab com.android.simappdialog/10113} BLOCKED
08-06 21:11:02.101  2474  8393 I AppsFilter: interaction: PackageSetting{b2d143d io.github.ylimit.droidbotapp/10379} -> PackageSetting{800fd08 com.xingin.xhs/10286} BLOCKED
08-06 21:11:02.101  2474  8393 I AppsFilter: interaction: PackageSetting{b2d143d io.github.ylimit.droidbotapp/10379} -> PackageSetting{1b45ca1 com.android.connectivity.resources/10244} BLOCKED
08-06 21:11:02.101  2474  8393 I AppsFilter: interaction: PackageSetting{b2d143d io.github.ylimit.droidbotapp/10379} -> PackageSetting{38aaec6 com.cnn.mobile.android.phone/10316} BLOCKED
08-06 21:11:02.101  2474  8393 I AppsFilter: interaction: PackageSetting{b2d143d io.github.ylimit.droidbotapp/10379} -> PackageSetting{75176cf com.android.internal.display.cutout.emulation.hole/10010} BLOCKED
08-06 21:11:02.101  2474  8393 I AppsFilter: interaction: PackageSetting{b2d143d io.github.ylimit.droidbotapp/10379} -> PackageSetting{2fcd85c com.android.internal.display.cutout.emulation.tall/10011} BLOCKED
08-06 21:11:02.101  2474  8393 I AppsFilter: interaction: PackageSetting{b2d143d io.github.ylimit.droidbotapp/10379} -> PackageSetting{670ee87 com.android.modulemetadata/10174} BLOCKED
08-06 21:11:02.101  2474  8393 I AppsFilter: interaction: PackageSetting{b2d143d io.github.ylimit.droidbotapp/10379} -> PackageSetting{9f02c3a com.android.internal.systemui.navbar.threebutton/10051} BLOCKED
08-06 21:11:02.101  2474  8393 I AppsFilter: interaction: PackageSetting{b2d143d io.github.ylimit.droidbotapp/10379} -> PackageSetting{a2ce1b4 com.android.wifi.dialog/10211} BLOCKED
08-06 21:11:02.101  2474  8393 I AppsFilter: interaction: PackageSetting{b2d143d io.github.ylimit.droidbotapp/10379} -> PackageSetting{71921dd com.tencent.android.qqdownloader/10324} BLOCKED
08-06 21:11:02.101  2474  8393 I AppsFilter: interaction: PackageSetting{b2d143d io.github.ylimit.droidbotapp/10379} -> PackageSetting{bf2f152 com.android.contacts/10132} BLOCKED
08-06 21:11:02.101  2474  8393 I AppsFilter: interaction: PackageSetting{b2d143d io.github.ylimit.droidbotapp/10379} -> PackageSetting{363ec23 cn.amazon.mShop.android/10301} BLOCKED
08-06 21:11:02.101  2474  8393 I AppsFilter: interaction: PackageSetting{b2d143d io.github.ylimit.droidbotapp/10379} -> PackageSetting{9906520 com.miui.securitymanager/10272} BLOCKED
08-06 21:11:02.101  2474  8393 I AppsFilter: interaction: PackageSetting{b2d143d io.github.ylimit.droidbotapp/10379} -> PackageSetting{80afed9 com.baidu.searchbox/10340} BLOCKED
08-06 21:11:02.101  2474  8393 I AppsFilter: interaction: PackageSetting{b2d143d io.github.ylimit.droidbotapp/10379} -> PackageSetting{b2ad09e com.android.mms/10141} BLOCKED
08-06 21:11:02.101  2474  8393 I AppsFilter: interaction: PackageSetting{b2d143d io.github.ylimit.droidbotapp/10379} -> PackageSetting{4ff277f com.jijia.bqwnl/10327} BLOCKED
08-06 21:11:02.101  2474  8393 I AppsFilter: interaction: PackageSetting{b2d143d io.github.ylimit.droidbotapp/10379} -> PackageSetting{9e6b34c com.yahoo.mobile.client.android.mail/10341} BLOCKED
08-06 21:11:02.101  2474  8393 I AppsFilter: interaction: PackageSetting{b2d143d io.github.ylimit.droidbotapp/10379} -> PackageSetting{aa3af95 com.mfashiongallery.emag/10262} BLOCKED
08-06 21:11:02.101  2474  8393 I AppsFilter: interaction: PackageSetting{b2d143d io.github.ylimit.droidbotapp/10379} -> PackageSetting{96f58aa com.instagram.android/10289} BLOCKED
08-06 21:11:02.101  2474  8393 I AppsFilter: interaction: PackageSetting{b2d143d io.github.ylimit.droidbotapp/10379} -> PackageSetting{ee8bc9b com.google.android.gm/10290} BLOCKED
08-06 21:11:02.102  2474  8393 I AppsFilter: interaction: PackageSetting{b2d143d io.github.ylimit.droidbotapp/10379} -> PackageSetting{d71b838 com.android.compos.payload/10243} BLOCKED
08-06 21:11:02.102  2474  8393 I AppsFilter: interaction: PackageSetting{b2d143d io.github.ylimit.droidbotapp/10379} -> PackageSetting{2dcb011 com.microsoft.emmx/10311} BLOCKED
08-06 21:11:02.102  2474  8393 I AppsFilter: interaction: PackageSetting{b2d143d io.github.ylimit.droidbotapp/10379} -> PackageSetting{3c25576 com.android.settings.intelligence/10142} BLOCKED
08-06 21:11:02.102  2474  8393 I AppsFilter: interaction: PackageSetting{b2d143d io.github.ylimit.droidbotapp/10379} -> PackageSetting{f0c8777 com.android.calendar/10265} BLOCKED
08-06 21:11:02.102  2474  8393 I AppsFilter: interaction: PackageSetting{b2d143d io.github.ylimit.droidbotapp/10379} -> PackageSetting{6a61fe4 com.miui.virtualsim/10277} BLOCKED
08-06 21:11:02.102  2474  8393 I AppsFilter: interaction: PackageSetting{b2d143d io.github.ylimit.droidbotapp/10379} -> PackageSetting{cb3c4d com.microsoft.office.outlook/10323} BLOCKED
08-06 21:11:02.102  2474  8393 I AppsFilter: interaction: PackageSetting{b2d143d io.github.ylimit.droidbotapp/10379} -> PackageSetting{3765302 com.miui.compass/10267} BLOCKED
08-06 21:11:02.102  2474  8393 I AppsFilter: interaction: PackageSetting{b2d143d io.github.ylimit.droidbotapp/10379} -> PackageSetting{c382413 com.android.printspooler/10224} BLOCKED
08-06 21:11:02.102  2474  8393 I AppsFilter: interaction: PackageSetting{b2d143d io.github.ylimit.droidbotapp/10379} -> PackageSetting{8975650 com.android.dreams.basic/10103} BLOCKED
08-06 21:11:02.102  2474  8393 I AppsFilter: interaction: PackageSetting{b2d143d io.github.ylimit.droidbotapp/10379} -> PackageSetting{69c5049 com.android.incallui/10126} BLOCKED
08-06 21:11:02.102  2474  8393 I AppsFilter: interaction: PackageSetting{b2d143d io.github.ylimit.droidbotapp/10379} -> PackageSetting{27a9d4e com.musicworx/10320} BLOCKED
08-06 21:11:02.102  2474  8393 I AppsFilter: interaction: PackageSetting{b2d143d io.github.ylimit.droidbotapp/10379} -> PackageSetting{276ee6f com.android.rkpdapp/10254} BLOCKED
08-06 21:11:02.102  2474  8393 I AppsFilter: interaction: PackageSetting{b2d143d io.github.ylimit.droidbotapp/10379} -> PackageSetting{ca29a53 com.newcall.overlay.miui/10041} BLOCKED
08-06 21:11:02.102  2474  8393 I AppsFilter: interaction: PackageSetting{b2d143d io.github.ylimit.droidbotapp/10379} -> PackageSetting{223877c todolist.scheduleplanner.dailyplanner.todo.reminders/10299} BLOCKED
08-06 21:11:02.102  2474  8393 I AppsFilter: interaction: PackageSetting{b2d143d io.github.ylimit.droidbotapp/10379} -> PackageSetting{1e95089 android.auto_generated_characteristics_rro/10068} BLOCKED
08-06 21:11:02.102  2474  8393 I AppsFilter: interaction: PackageSetting{b2d143d io.github.ylimit.droidbotapp/10379} -> PackageSetting{250a805 com.android.musicfx/10094} BLOCKED
08-06 21:11:02.102  2474  8393 I AppsFilter: interaction: PackageSetting{b2d143d io.github.ylimit.droidbotapp/10379} -> PackageSetting{867405a com.todoist/10298} BLOCKED
08-06 21:11:02.102  2474  8393 I AppsFilter: interaction: PackageSetting{b2d143d io.github.ylimit.droidbotapp/10379} -> PackageSetting{92e028b com.google.android.webview/10188} BLOCKED
08-06 21:11:02.102  2474  8393 I AppsFilter: interaction: PackageSetting{b2d143d io.github.ylimit.droidbotapp/10379} -> PackageSetting{fdf9f68 com.zhuantech.sijiweather/10337} BLOCKED
08-06 21:11:02.102  2474  8393 I AppsFilter: interaction: PackageSetting{b2d143d io.github.ylimit.droidbotapp/10379} -> PackageSetting{738bf81 com.ss.android.article.news/10325} BLOCKED
08-06 21:11:02.102  2474  8393 I AppsFilter: interaction: PackageSetting{b2d143d io.github.ylimit.droidbotapp/10379} -> PackageSetting{92900cb com.android.phone.auto_generated_characteristics_rro/10060} BLOCKED
08-06 21:11:02.102  2474  8393 I AppsFilter: interaction: PackageSetting{b2d143d io.github.ylimit.droidbotapp/10379} -> PackageSetting{c490826 com.android.chrome/10282} BLOCKED
08-06 21:11:02.103  2474  8393 I AppsFilter: interaction: PackageSetting{b2d143d io.github.ylimit.droidbotapp/10379} -> PackageSetting{ef83c67 com.UCMobile/10332} BLOCKED
08-06 21:11:02.103  2474  8393 I AppsFilter: interaction: PackageSetting{b2d143d io.github.ylimit.droidbotapp/10379} -> PackageSetting{c34a14 com.ss.android.ugc.aweme/10322} BLOCKED
08-06 21:11:02.103  2474  8393 I AppsFilter: interaction: PackageSetting{b2d143d io.github.ylimit.droidbotapp/10379} -> PackageSetting{330d2bd com.android.wifi.resources/10258} BLOCKED
08-06 21:11:02.103  2474  8393 I AppsFilter: interaction: PackageSetting{b2d143d io.github.ylimit.droidbotapp/10379} -> PackageSetting{72d80b2 com.skysoft.kkbox.android/10285} BLOCKED
08-06 21:11:02.103  2474  8393 I AppsFilter: interaction: PackageSetting{b2d143d io.github.ylimit.droidbotapp/10379} -> PackageSetting{7423803 com.getsurfboard/10279} BLOCKED
08-06 21:11:02.103  2474  8393 I AppsFilter: interaction: PackageSetting{b2d143d io.github.ylimit.droidbotapp/10379} -> PackageSetting{994f380 com.netease.newsreader.activity/10313} BLOCKED
08-06 21:11:02.103  2474  8393 I AppsFilter: interaction: PackageSetting{b2d143d io.github.ylimit.droidbotapp/10379} -> PackageSetting{b9cddb9 cool.monkey.android/10307} BLOCKED
08-06 21:11:02.103  2474  8393 I AppsFilter: interaction: PackageSetting{b2d143d io.github.ylimit.droidbotapp/10379} -> PackageSetting{756be43 com.android.theme.font.notoserifsource/10017} BLOCKED
08-06 21:11:02.103  2474  8393 I AppsFilter: interaction: PackageSetting{b2d143d io.github.ylimit.droidbotapp/10379} -> PackageSetting{36ef5fe com.kuaishou.nebula/10329} BLOCKED
08-06 21:11:02.103  2474  8393 I AppsFilter: interaction: PackageSetting{b2d143d io.github.ylimit.droidbotapp/10379} -> PackageSetting{14a6df9 com.android.internal.display.cutout.emulation.waterfall/10012} BLOCKED
08-06 21:11:02.103  2474  8393 I AppsFilter: interaction: PackageSetting{b2d143d io.github.ylimit.droidbotapp/10379} -> PackageSetting{1c8e13e com.android.internal.systemui.navbar.transparent/10063} BLOCKED
08-06 21:11:02.103  2474  8393 I AppsFilter: interaction: PackageSetting{b2d143d io.github.ylimit.droidbotapp/10379} -> PackageSetting{5a6515f com.miui.newhome/10296} BLOCKED
08-06 21:11:02.103  2474  8393 I AppsFilter: interaction: PackageSetting{b2d143d io.github.ylimit.droidbotapp/10379} -> PackageSetting{315c7ac com.miui.video/10294} BLOCKED
08-06 21:11:02.103  2474  8393 I AppsFilter: interaction: PackageSetting{b2d143d io.github.ylimit.droidbotapp/10379} -> PackageSetting{e249c75 com.google.android.printservice.recommendation/10153} BLOCKED
08-06 21:11:02.103  2474  8393 I AppsFilter: interaction: PackageSetting{b2d143d io.github.ylimit.droidbotapp/10379} -> PackageSetting{4c0740a com.baidu.searchbox.lite/10334} BLOCKED
08-06 21:11:02.103  2474  8393 I AppsFilter: interaction: PackageSetting{b2d143d io.github.ylimit.droidbotapp/10379} -> PackageSetting{308a47b com.spotify.music/10317} BLOCKED
08-06 21:11:02.103  2474  8393 I AppsFilter: interaction: PackageSetting{b2d143d io.github.ylimit.droidbotapp/10379} -> PackageSetting{eedb298 com.google.android.documentsui/10100} BLOCKED
08-06 21:11:02.103  2474  8393 I AppsFilter: interaction: PackageSetting{b2d143d io.github.ylimit.droidbotapp/10379} -> PackageSetting{12f8af1 com.google.android.accessibility.switchaccess/10184} BLOCKED
08-06 21:11:02.103  2474  8393 I AppsFilter: interaction: PackageSetting{b2d143d io.github.ylimit.droidbotapp/10379} -> PackageSetting{4f9c6d6 com.sohu.inputmethod.sogou.xiaomi/10183} BLOCKED
08-06 21:11:02.103  2474  8393 I AppsFilter: interaction: PackageSetting{b2d143d io.github.ylimit.droidbotapp/10379} -> PackageSetting{8730d57 cn.ninegame.gamemanager/10330} BLOCKED
08-06 21:11:02.103  2474  8393 I AppsFilter: interaction: PackageSetting{b2d143d io.github.ylimit.droidbotapp/10379} -> PackageSetting{ddef5f2 io.appium.uiautomator2.server.test/10280} BLOCKED
08-06 21:11:02.103  2474  8393 I AppsFilter: interaction: PackageSetting{b2d143d io.github.ylimit.droidbotapp/10379} -> PackageSetting{f576044 com.baidu.BaiduMap/10331} BLOCKED
08-06 21:11:02.103  2474  8393 I AppsFilter: interaction: PackageSetting{b2d143d io.github.ylimit.droidbotapp/10379} -> PackageSetting{20e52d com.android.providers.partnerbookmarks/10109} BLOCKED
08-06 21:11:02.103  2474  8393 I AppsFilter: interaction: PackageSetting{b2d143d io.github.ylimit.droidbotapp/10379} -> PackageSetting{1a37a62 com.android.smspush/10230} BLOCKED
08-06 21:11:02.103  2474  8393 I AppsFilter: interaction: PackageSetting{b2d143d io.github.ylimit.droidbotapp/10379} -> PackageSetting{bb127f3 com.miui.calculator/10263} BLOCKED
08-06 21:11:02.103  2474  8393 I AppsFilter: interaction: PackageSetting{b2d143d io.github.ylimit.droidbotapp/10379} -> PackageSetting{d8c3cb0 de.baumann.browser/10308} BLOCKED
08-06 21:11:02.104  2474  8393 I AppsFilter: interaction: PackageSetting{b2d143d io.github.ylimit.droidbotapp/10379} -> PackageSetting{f53a729 com.android.wallpaper.livepicker/10091} BLOCKED
08-06 21:11:02.104  2474  8393 I AppsFilter: interaction: PackageSetting{b2d143d io.github.ylimit.droidbotapp/10379} -> PackageSetting{642daae com.android.cellbroadcastreceiver.module/10255} BLOCKED
08-06 21:11:02.104  2474  8393 I AppsFilter: interaction: PackageSetting{b2d143d io.github.ylimit.droidbotapp/10379} -> PackageSetting{9ac504f com.android.apps.tag/10098} BLOCKED
08-06 21:11:02.104  2474  8393 I AppsFilter: interaction: PackageSetting{b2d143d io.github.ylimit.droidbotapp/10379} -> PackageSetting{af073dc com.android.imsserviceentitlement/10125} BLOCKED
08-06 21:11:02.104  2474  8393 I AppsFilter: interaction: PackageSetting{b2d143d io.github.ylimit.droidbotapp/10379} -> PackageSetting{3d68ce5 com.xiaomi.gamecenter/10288} BLOCKED
08-06 21:11:02.104  2474  8393 I AppsFilter: interaction: PackageSetting{b2d143d io.github.ylimit.droidbotapp/10379} -> PackageSetting{f65f3ba com.android.appsearch.apk/10257} BLOCKED
08-06 21:11:02.104  2474  8393 I AppsFilter: interaction: PackageSetting{b2d143d io.github.ylimit.droidbotapp/10379} -> PackageSetting{a87a26b com.dragon.read/10335} BLOCKED
08-06 21:11:02.104  2474  8393 I AppsFilter: interaction: PackageSetting{b2d143d io.github.ylimit.droidbotapp/10379} -> PackageSetting{140ab09 com.anydo/10292} BLOCKED
08-06 21:11:02.104  2474  8393 I AppsFilter: interaction: PackageSetting{b2d143d io.github.ylimit.droidbotapp/10379} -> PackageSetting{8fef1c8 com.miui.cleanmaster/10266} BLOCKED
08-06 21:11:02.104  2474  8393 I AppsFilter: interaction: PackageSetting{b2d143d io.github.ylimit.droidbotapp/10379} -> PackageSetting{ae81261 com.miui.weather2/10278} BLOCKED
08-06 21:11:02.104  2474  8393 I AppsFilter: interaction: PackageSetting{b2d143d io.github.ylimit.droidbotapp/10379} -> PackageSetting{26f9186 com.autonavi.minimap/10333} BLOCKED
08-06 21:11:02.104  2474  8393 I AppsFilter: interaction: PackageSetting{b2d143d io.github.ylimit.droidbotapp/10379} -> PackageSetting{b7bfa47 com.xiaomi.scanner/10281} BLOCKED
08-06 21:11:02.104  2474  8393 I AppsFilter: interaction: PackageSetting{b2d143d io.github.ylimit.droidbotapp/10379} -> PackageSetting{3f56274 com.google.android.apps.tasks/10300} BLOCKED
08-06 21:11:02.104  2474  8393 I AppsFilter: interaction: PackageSetting{b2d143d io.github.ylimit.droidbotapp/10379} -> PackageSetting{d32739d com.duokan.reader/10287} BLOCKED
08-06 21:11:02.104  2474  8393 I AppsFilter: interaction: PackageSetting{b2d143d io.github.ylimit.droidbotapp/10379} -> PackageSetting{59c265c com.android.cts.ctsshim/10253} BLOCKED
08-06 21:11:02.104  2474  8393 I AppsFilter: interaction: PackageSetting{b2d143d io.github.ylimit.droidbotapp/10379} -> PackageSetting{6234012 douzifly.list/10182} BLOCKED
08-06 21:11:02.104  2474  8393 I AppsFilter: interaction: PackageSetting{b2d143d io.github.ylimit.droidbotapp/10379} -> PackageSetting{a73f3e3 com.miui.yellowpage/10137} BLOCKED
08-06 21:11:02.104  2474  8393 I AppsFilter: interaction: PackageSetting{b2d143d io.github.ylimit.droidbotapp/10379} -> PackageSetting{c4031e0 com.einnovation.temu/10304} BLOCKED
08-06 21:11:02.104  2474  8393 I AppsFilter: interaction: PackageSetting{b2d143d io.github.ylimit.droidbotapp/10379} -> PackageSetting{d6ded54 com.android.microdroid.empty_payload/10236} BLOCKED
08-06 21:11:02.104  2474  8393 I AppsFilter: interaction: PackageSetting{b2d143d io.github.ylimit.droidbotapp/10379} -> PackageSetting{9c7ac99 com.android.email/10268} BLOCKED
08-06 21:11:02.104  2474  8393 I AppsFilter: interaction: PackageSetting{b2d143d io.github.ylimit.droidbotapp/10379} -> PackageSetting{7f14b5e com.android.music/10175} BLOCKED
08-06 21:11:02.104  2474  8393 I AppsFilter: interaction: PackageSetting{b2d143d io.github.ylimit.droidbotapp/10379} -> PackageSetting{f67eb3f com.android.hotspot2.osulogin/10259} BLOCKED
08-06 21:11:02.104  2474  8393 I AppsFilter: interaction: PackageSetting{b2d143d io.github.ylimit.droidbotapp/10379} -> PackageSetting{eb2ed95 com.android.companiondevicemanager.auto_generated_characteristics_rro/10006} BLOCKED
08-06 21:11:02.104  2474  8393 I AppsFilter: interaction: PackageSetting{b2d143d io.github.ylimit.droidbotapp/10379} -> PackageSetting{aa68c0c com.google.android.gms.location.history/10152} BLOCKED
08-06 21:11:02.104  2474  8393 I AppsFilter: interaction: PackageSetting{b2d143d io.github.ylimit.droidbotapp/10379} -> PackageSetting{4dd7955 com.smile.gifmaker/10339} BLOCKED
08-06 21:11:02.104  2474  8393 I AppsFilter: interaction: PackageSetting{b2d143d io.github.ylimit.droidbotapp/10379} -> PackageSetting{3c08e38 com.android.internal.systemui.navbar.gestural/10052} BLOCKED
08-06 21:11:02.104  2474  8393 I AppsFilter: interaction: PackageSetting{b2d143d io.github.ylimit.droidbotapp/10379} -> PackageSetting{a02bf6a ru.mail.mailapp/10321} BLOCKED
08-06 21:11:02.105  2474  8393 I AppsFilter: interaction: PackageSetting{b2d143d io.github.ylimit.droidbotapp/10379} -> PackageSetting{f79fc5b com.google.android.apps.youtube.music/10318} BLOCKED
08-06 21:11:02.105  2474  8393 I AppsFilter: interaction: PackageSetting{b2d143d io.github.ylimit.droidbotapp/10379} -> PackageSetting{b365cf8 com.android.bluetoothmidiservice/10104} BLOCKED
08-06 21:11:02.105  2474  8393 I AppsFilter: interaction: PackageSetting{b2d143d io.github.ylimit.droidbotapp/10379} -> PackageSetting{64955d1 com.jijia.jjweather/10336} BLOCKED
08-06 21:11:02.105  2474  8393 I AppsFilter: interaction: PackageSetting{b2d143d io.github.ylimit.droidbotapp/10379} -> PackageSetting{6056836 com.ebay.mobile/10291} BLOCKED
08-06 21:11:02.105  2474  8393 I AppsFilter: interaction: PackageSetting{b2d143d io.github.ylimit.droidbotapp/10379} -> PackageSetting{5d20337 com.google.android.apps.magazines/10315} BLOCKED
08-06 21:11:02.105  2474  8393 I AppsFilter: interaction: PackageSetting{b2d143d io.github.ylimit.droidbotapp/10379} -> PackageSetting{9245213 com.qualcomm.qti.server.wigig.tethering.rro/10229} BLOCKED
08-06 21:11:02.105  2474  8393 I AppsFilter: interaction: PackageSetting{b2d143d io.github.ylimit.droidbotapp/10379} -> PackageSetting{af050a4 com.sina.news/10314} BLOCKED
08-06 21:11:02.105  2474  8393 I AppsFilter: interaction: PackageSetting{b2d143d io.github.ylimit.droidbotapp/10379} -> PackageSetting{3bc7e0d tv.danmaku.bili/10326} BLOCKED
08-06 21:11:02.105  2474  8393 I AppsFilter: interaction: PackageSetting{b2d143d io.github.ylimit.droidbotapp/10379} -> PackageSetting{b7d1c2 com.android.captiveportallogin/10106} BLOCKED
08-06 21:11:02.105  2474  8393 I AppsFilter: interaction: PackageSetting{b2d143d io.github.ylimit.droidbotapp/10379} -> PackageSetting{e399bd3 com.microsoft.todos/10293} BLOCKED
08-06 21:11:02.105  2474  8393 I AppsFilter: interaction: PackageSetting{b2d143d io.github.ylimit.droidbotapp/10379} -> PackageSetting{433d310 com.miui.core/10194} BLOCKED
08-06 21:11:02.105  2474  8394 W ActivityManager: Permission Denial: getCurrentUser() from pid=30254, uid=10379 requires android.permission.INTERACT_ACROSS_USERS
08-06 21:11:02.105 30254 30254 W libc    : Access denied finding property "vendor.boostfwk.frameprefetcher"
08-06 21:11:02.105 30254 30455 E FramePredict: registerContentObserver fail
08-06 21:11:02.106 30254 30254 W libc    : Access denied finding property "ro.vendor.df.effect.conflict"
08-06 21:11:02.100 30254 30254 W mit.droidbotapp: type=1400 audit(0.0:17777): avc:  denied  { read } for  name="u:object_r:vendor_displayfeature_prop:s0" dev="tmpfs" ino=572 scontext=u:r:untrusted_app_32:s0:c123,c257,c512,c768 tcontext=u:object_r:vendor_displayfeature_prop:s0 tclass=file permissive=0 app=io.github.ylimit.droidbotapp
08-06 21:11:02.111  3086  3086 I adbd    : in ShellService: getprop ro.build.version.release
08-06 21:11:02.112 20053 30384 I Market-DownloadLimitSpeedManager: stopLimitSpeed
08-06 21:11:02.112 20053 30384 I Market-LimitSpeedManager: stopLimitSpeedNow() =========== 
08-06 21:11:02.115 20053 30384 I Market-RetrofitRequest: callEnd : https://updateinfo.market.xiaomi.com/apm/updateinfo/priority
08-06 21:11:02.119 20053 30384 I Market-SystemSettingsManager: extraSettingsSecureGetInt key: com.xiaomi.market.need_update_game_count, value: 0
08-06 21:11:02.119 20053 30384 I Market-UpdateAppList: update app list do not change, don't notify: pkg (52) = com.ss.android.ugc.aweme,com.milink.service,com.miui.hybrid,com.baidu.BaiduMap,com.netease.newsreader.activity,com.baidu.searchbox.lite,com.android.fileexplorer,com.xiaomi.aiasst.vision,com.microsoft.office.outlook,com.miui.newhome,com.autonavi.minimap,com.miui.mishare.connectivity,com.android.contacts,com.unionpay.tsmservice.mi,com.miui.voiceassist,com.miui.thirdappassistant,com.xiaomi.scanner,com.miui.securitycenter,com.miui.backup,com.duokan.reader,com.baidu.searchbox,com.wuba.zhuanzhuan,com.xingin.xhs,com.miui.touchassistant,tv.danmaku.bili,com.dragon.read,com.miui.gallery,com.UCMobile,com.miui.carlink,com.xiaomi.payment,com.miui.tsmclient,com.smile.gifmaker,com.xiaomi.gamecenter,com.android.browser,com.suxing.sustream,com.xiaomi.mis,com.miui.virtualsim,com.android.quicksearchbox,com.sina.news,com.miui.video,com.ss.android.article.news,com.quark.browser,com.miui.personalassistant,com.xiaomi.gamecenter.sdk.service,com.kuaishou.nebula,com.miui.bugreport,com.xiaomi.digitalkey,com.android.calendar,com.xiaomi.aicr,com.xiaomi.xmsf,com.xiaomi.mirror,com.android.soundrecorder
08-06 21:11:02.120 14158 14199 I od.sogou.xiaomi: This is non sticky GC, maxfree is 16777216 minfree is 8388608
08-06 21:11:02.121 20053 30089 I Market-SubScriptManager: updateMarketSubScript forceShow : false
08-06 21:11:02.121 20053 30089 I Market-SubScriptManager: get count 52
08-06 21:11:02.121 20053 30089 I Market-SubScriptManager: get count 52
08-06 21:11:02.123 30254 30254 I ViewRootImpl: InputMethod use first frame acceleration
08-06 21:11:02.124 20053 30384 I Market-LocalAppManager: queryDiffSizeFromServer start
08-06 21:11:02.126 20053 30384 I Market-RetrofitRequest: callStart : https://updateinfo.market.xiaomi.com/apm/updateinfo/diffsize
08-06 21:11:02.126  2474  8406 I SmartPower: io.github.ylimit.droidbotapp/10379(30254): background->visible(858ms) R(become visible) adj=200.
08-06 21:11:02.126 20053 30384 I Market-RetrofitRequest: HeaderInterceptor : https://updateinfo.market.xiaomi.com/apm/updateinfo/diffsize
08-06 21:11:02.127 20053 30384 E Market-Client: isSupportChildMode, error: java.lang.NumberFormatException: For input string: ""
08-06 21:11:02.127 20053 30384 E Market-Client: isSupportChildMode, error: java.lang.NumberFormatException: For input string: ""
08-06 21:11:02.130 20053 30384 I Market-LimitSpeedManager: startLimitSpeedNow() ====== speed = 32768
08-06 21:11:02.132 20053 30384 I Market-DownloadLimitSpeedManager: startLimitSpeed success. Total count 1
08-06 21:11:02.132 20053 30384 I Market-RetrofitRequest: HeaderInterceptor : https://updateinfo.market.xiaomi.com/apm/updateinfo/diffsize
08-06 21:11:02.146 30254 30254 I Choreographer: first vsync insert message into MessageQueue Head
08-06 21:11:02.152  7458  7458 I HandWritingStubImpl: getCurrentKeyboardType: 1
08-06 21:11:02.194  3086  3086 I adbd    : in ShellService: getprop ro.secure
08-06 21:11:02.204 20053 30384 I Market-DownloadLimitSpeedManager: stopLimitSpeed
08-06 21:11:02.205 20053 30384 I Market-LimitSpeedManager: stopLimitSpeedNow() =========== 
08-06 21:11:02.211 20053 30384 I Market-RetrofitRequest: callEnd : https://updateinfo.market.xiaomi.com/apm/updateinfo/diffsize
08-06 21:11:02.211 20053 30384 I Market-LocalAppManager: queryDiffSizeFromServer end
08-06 21:11:02.212 20053 30332 I Market-SubScriptManager: updateMarketSubScript forceShow : false
08-06 21:11:02.212 20053 30332 I Market-SubScriptManager: get count 52
08-06 21:11:02.212 20053 30332 I Market-SubScriptManager: get count 52
08-06 21:11:02.213 20053 30384 I Market-WakeLockManager: release wakeLock: CheckUpdateService
08-06 21:11:02.215  2474  4291 I ActivityManager: Cancel FGS notification userId: 0 definingUid: 10167 packageName: com.xiaomi.market processName:com.xiaomi.market ChannelId:com.xiaomi.market_hide foregroundNotiWhen:1754485861637 Notiflags:104
08-06 21:11:02.215  1865  1865 I vendor.qti.hardware.servicetrackeraidl-service: destroyService is called for service : com.xiaomi.market/.business_core.update.auto.CheckUpdateService
08-06 21:11:02.216  2474  4291 W ForegroundServiceTypeLoggerModule: FGS stop call for: 10167 has no types!
08-06 21:11:02.216  2474  2474 I NotificationService: Cancel FGS notification CallingUid: 10167 CallingPid: 20053 Pkg: com.xiaomi.market Id:168088485 Tag:null UserId:0 MustHaveFlags:0 MustNotHaveFlags:0 Reason:8 foregroundNotiWhen:1754485861637 foregroundNotiFlags:104 foregroundNotiChannelId:com.xiaomi.market_hide
08-06 21:11:02.216 20053 20053 I Market-ServiceUtils: stop foreground service: CheckUpdateService
08-06 21:11:02.221  2474  7257 I MiuiNetworkPolicy: updateUidState uid = 10261, uidState = 19
08-06 21:11:02.221  2474  7257 I MiuiNetworkPolicyTrafficLimit: updateWhiteListUidForMobileTraffic uid=10261,add=false
08-06 21:11:02.222  2474  7257 I MiuiNetworkPolicy: updateUidState uid = 10203, uidState = 6
08-06 21:11:02.222  2474  7257 I MiuiNetworkPolicy: updateUidState uid = 10169, uidState = 6
08-06 21:11:02.222  2474  7257 I MiuiNetworkPolicyTrafficLimit: updateWhiteListUidForMobileTraffic uid=10169,add=false
08-06 21:11:02.222  2474  7257 I MiuiNetworkPolicy: updateUidState uid = 10167, uidState = 10
08-06 21:11:02.222  2474  7257 I MiuiNetworkPolicyTrafficLimit: updateWhiteListUidForMobileTraffic uid=10167,add=false
08-06 21:11:02.222  2474  7257 I MiuiNetworkPolicy: updateUidState uid = 10158, uidState = 19
08-06 21:11:02.223  1843  2051 I SDM     : DisplayBase::CommitThread: Received idle timeout, panel: cmd, timeout: 70000 us
08-06 21:11:02.223  2474  7257 I MiuiNetworkPolicyTrafficLimit: updateWhiteListUidForMobileTraffic uid=10158,add=false
08-06 21:11:02.224  2474  7257 I MiuiNetworkPolicy: updateUidState uid = 10090, uidState = 6
08-06 21:11:02.228  7890  7890 E NotifCollection: No notification to remove with key 0|com.xiaomi.market|168088485|null|10167 reason=8:REASON_APP_CANCEL
