08-06 21:11:05.546 24010 24011 I artd    : Running dex2oat: /apex/com.android.art/bin/art_exec --drop-capabilities --set-task-profile=Dex2OatBootComplete --set-priority=background --keep-fds=7:8:9:10:11:12:13:14:15:16 -- /apex/com.android.art/bin/dex2oat64 --zip-fd=7 --zip-location=/data/app/~~ZWq82heNtV8l6s6G0dbzSg==/com.clearchannel.iheartradio.controller-G3Z_aAp5dpilukVqrkgk-g==/base.apk --oat-fd=8 --oat-location=/data/app/~~ZWq82heNtV8l6s6G0dbzSg==/com.clearchannel.iheartradio.controller-G3Z_aAp5dpilukVqrkgk-g==/oat/arm64/base.odex --output-vdex-fd=9 --swap-fd=10 --class-loader-context-fds=11:12:13:14:15:16 --class-loader-context=PCL[]{PCL[/system/framework/android.test.base.jar]#PCL[/system/framework/android.test.mock.jar]#PCL[/system/framework/android.test.runner.jar]{PCL[/system/framework/android.test.base.jar]#PCL[/system/framework/android.test.mock.jar]}#PCL[/system/framework/org.apache.http.legacy.jar]} --classpath-dir=/data/app/~~ZWq82heNtV8l6s6G0dbzSg==/com.clearchannel.iheartradio.controller-G3Z_aAp5dpilukVqrkgk-g== --instruction-set=arm64 --instruction-set-features=default --instruction-set-variant=kryo300 --compiler-filter=verify --compilation-reason=install --compact-dex-level=none --max-image-block-size=524288 --resolve-startup-const-strings=true --generate-mini-debug-info --runtime-arg -Xtarget-sdk-version:30 --runtime-arg -Xhidden-api-policy:enabled -j6 --runtime-arg -Xms64m --runtime-arg -Xmx512m --comments=app-name:com.clearchannel.iheartradio.controller,app-version-name:10.11.1,app-version-code:710110101,art-version:352090000
08-06 21:11:05.546 24010 24011 I artd    : Opened FDs: 7:/data/app/~~ZWq82heNtV8l6s6G0dbzSg==/com.clearchannel.iheartradio.controller-G3Z_aAp5dpilukVqrkgk-g==/base.apk 8:/data/app/~~ZWq82heNtV8l6s6G0dbzSg==/com.clearchannel.iheartradio.controller-G3Z_aAp5dpilukVqrkgk-g==/oat/arm64/base.odex.aEI3ve.tmp 9:/data/app/~~ZWq82heNtV8l6s6G0dbzSg==/com.clearchannel.iheartradio.controller-G3Z_aAp5dpilukVqrkgk-g==/oat/arm64/base.vdex.yfeDYh.tmp 10:/data/app/~~ZWq82heNtV8l6s6G0dbzSg==/com.clearchannel.iheartradio.controller-G3Z_aAp5dpilukVqrkgk-g==/oat/arm64/base.odex.swap.Ywsd4T.tmp 11:/system/framework/org.apache.http.legacy.jar 12:/system/framework/android.test.runner.jar 13:/system/framework/android.test.mock.jar 14:/system/framework/android.test.base.jar 15:/system/framework/android.test.mock.jar 16:/system/framework/android.test.base.jar 
08-06 21:11:05.551  2474  7382 I SmartPower: com.dashlane/10378(22859): background->idle(3001ms) R(broadcast start Intent { act=android.intent.action.INPUT_METHOD_CHANGED flg=0x20000010 (has extras) }) adj=700.
08-06 21:11:05.560 30556 30556 W libprocessgroup: JoinCgroup: controller schedtune is not found
08-06 21:11:05.577 30556 30556 W dex2oat64: Obsolete flag --compact-dex-level ignored
08-06 21:11:05.579 30556 30556 I dex2oat64: /apex/com.android.art/bin/dex2oat64 --output-vdex-fd=9 --class-loader-context-fds=11:12:13:14:15:16 --class-loader-context=PCL[]{PCL[/system/framework/android.test.base.jar]#PCL[/system/framework/android.test.mock.jar]#PCL[/system/framework/android.test.runner.jar]{PCL[/system/framework/android.test.base.jar]#PCL[/system/framework/android.test.mock.jar]}#PCL[/system/framework/org.apache.http.legacy.jar]} --classpath-dir=/data/app/~~ZWq82heNtV8l6s6G0dbzSg==/com.clearchannel.iheartradio.controller-G3Z_aAp5dpilukVqrkgk-g== --compiler-filter=verify --compilation-reason=install --compact-dex-level=none --max-image-block-size=524288 --resolve-startup-const-strings=true --generate-mini-debug-info -j6 --comments=app-name:com.clearchannel.iheartradio.controller,app-version-name:10.11.1,app-version-code:710110101,art-version:352090000
08-06 21:11:05.634  2036  2036 E DisplayModeController: setDesiredMode : Idle status skip setActiveMode, isDdicIdleMode: 1
08-06 21:11:05.639  1843  1843 I SDM     : HWCDisplay::SetActiveConfigWithConstraints: display:66-0, config: 3, WxH 1200x2670, fps 120
08-06 21:11:05.640  1843  1843 W SDM     : HWDeviceDRM::GetSupportedBitClkRate: Requested rate not supported: 1150000000
08-06 21:11:05.640  1843  1843 I SDM     : HWDeviceDRM::UpdateMixerAttributes: Mixer WxH 1200x2670-1 for Peripheral
08-06 21:11:05.640  1843  1843 I SDM     : HWCDisplay::SubmitDisplayConfig: Active configuration changed from config 1 to 3
08-06 21:11:05.640  1843  1843 I SDM     : HWCDisplay::SubmitDisplayConfig: Active WxH 1200x2670 ,ddic_mode:auto, timing_fps: 120, sf_fps: 120
08-06 21:11:05.641  1843  3496 I vendor.qti.hardware.display.composer-service: Sensor: notify citsensorservice to trigger cwb, misForced = 0
08-06 21:11:05.641  3050  4554 I libsensor-parseRGB: request dump start for mRequestDisplayId 0
08-06 21:11:05.645  2474  7378 E HyperSentinel: -------------------------------------------------------
08-06 21:11:05.647  2474  7378 E HyperSentinel: Event_OpenFileFDSize
08-06 21:11:05.647  2474  7378 E HyperSentinel: -> audit event by proc 2036 "/system/bin/surfaceflinger": Fd increasement, peak, 904 -> 843
08-06 21:11:05.653 30254 30289 W mit.droidbotapp: Cleared Reference was only reachable from finalizer (only reported once)
08-06 21:11:05.663 30254 30289 I mit.droidbotapp: This is non sticky GC, maxfree is 16777216 minfree is 8388608
08-06 21:11:05.672  3050  3083 E libsensor-parseRGB: CWB NotifyCWBBufferDone  error 0
08-06 21:11:05.694  2474  7378 E HyperSentinel: -------------------------------------------------------
08-06 21:11:05.694  2474  7378 E HyperSentinel: Event_ThreadAmount
08-06 21:11:05.694  2474  7378 E HyperSentinel: -> audit event by proc 30254 "io.github.ylimit.droidbotapp": running threads amount, 0 -> 26
08-06 21:11:05.722  2474  8251 I NetworkAccelerateSwitchService: EVENT_RSSI_POLL. mRssiPoll=true
08-06 21:11:05.722  2474  8251 I NetworkAccelerateSwitchService: getAverageWifiRssi:38
08-06 21:11:05.847  1843  3496 I vendor.qti.hardware.display.composer-service: Sensor: notify citsensorservice to trigger cwb, misForced = 0
08-06 21:11:05.848  3050  4554 I libsensor-parseRGB: request dump start for mRequestDisplayId 0
08-06 21:11:05.879  2474  8406 W InputManager-JNI: Input channel object '5a31448 Toast (client)' was disposed without first being removed with the input manager!
08-06 21:11:05.879  3050 25119 E libsensor-parseRGB: CWB NotifyCWBBufferDone  error 0
08-06 21:11:05.881  2474  8406 I PowerManagerServiceImpl: Release wakelock: SCREEN_BRIGHT_WAKE_LOCK           'WindowManager/displayId:0' ON_AFTER_RELEASE DISABLED ACQ=-2s545ms (uid=1000 pid=2474 pkg=android ws=WorkSource{1000 com.android.systemui})
08-06 21:11:05.882  2474  8406 W NotificationService: Toast already killed. pkg=com.miui.home token=android.os.BinderProxy@99ab647
08-06 21:11:05.883  2036  2239 I BpBinder: onLastStrongRef automatically unlinking death recipients: 
08-06 21:11:05.898  1843  1843 I MiClstc : simplifyLayerName Unknown layer 1, skip
08-06 21:11:05.898  1843  1843 I MiClstc : DropLayers erase layer 1
08-06 21:11:05.899  2036  2036 I MI-SF   : surfaceflinger setAffinity mode=0
08-06 21:11:05.899  2036  2036 E MI-SF   : surfaceflinger setAffinity success
08-06 21:11:05.963 30556 30556 I dex2oat64: Using CollectorTypeCC GC.
08-06 21:11:05.977  1843  2051 I SDM     : DisplayBase::CommitThread: Received idle timeout, panel: cmd, timeout: 70000 us
08-06 21:11:06.013  1843  1843 I SDM     : HWCDisplay::SetActiveConfigWithConstraints: display:66-0, config: 1, WxH 1200x2670, fps 120
08-06 21:11:06.013  1843  1843 W SDM     : HWDeviceDRM::GetSupportedBitClkRate: Requested rate not supported: 1150000000
08-06 21:11:06.013  1843  1843 I SDM     : HWDeviceDRM::UpdateMixerAttributes: Mixer WxH 1200x2670-1 for Peripheral
08-06 21:11:06.013  1843  1843 I SDM     : HWCDisplay::SubmitDisplayConfig: Active configuration changed from config 3 to 1
08-06 21:11:06.013  1843  1843 I SDM     : HWCDisplay::SubmitDisplayConfig: Active WxH 1200x2670 ,ddic_mode:idle, timing_fps: 120, sf_fps: 120
08-06 21:11:06.018 30556 30556 I dex2oat64: Large app, accepted running with swap.
08-06 21:11:06.093  1843  2051 I SDM     : DisplayBase::CommitThread: Received idle timeout, panel: cmd, timeout: 70000 us
08-06 21:11:06.172  1843  3496 I vendor.qti.hardware.display.composer-service: Sensor: notify citsensorservice to trigger cwb, misForced = 1
08-06 21:11:06.172  3050  4554 I libsensor-parseRGB: request dump start for mRequestDisplayId 0
08-06 21:11:06.195  3050  3083 E libsensor-parseRGB: CWB NotifyCWBBufferDone  error 0
08-06 21:11:06.254  1843  2051 I SDM     : DisplayBase::CommitThread: Received idle timeout, panel: cmd, timeout: 70000 us
08-06 21:11:06.587  2474  2792 I ExtM    : zram userate is low, no need to flush: 15
08-06 21:11:06.590  3086  3086 I adbd    : in ShellService: ps
08-06 21:11:06.738 30556 30556 I dex2oat64: dex2oat took 1.161s (3.894s cpu) (threads: 6) arena alloc=0B (0B) java alloc=38MB (39849376B) native alloc=7367KB (7544528B) free=1706KB (1747040B) swap=16MB (16777216B)
08-06 21:11:06.756 24010 24011 I artd    : dex2oat returned code 0
08-06 21:11:06.766  2474  3506 I ArtService: Dexopt result: [packageName = com.clearchannel.iheartradio.controller] DexContainerFileDexoptResult{dexContainerFile=/data/app/~~ZWq82heNtV8l6s6G0dbzSg==/com.clearchannel.iheartradio.controller-G3Z_aAp5dpilukVqrkgk-g==/base.apk, primaryAbi=true, abi=arm64-v8a, actualCompilerFilter=verify, status=PERFORMED, dex2oatWallTimeMillis=-387173977, dex2oatCpuTimeMillis=3930, sizeBytes=45764644, sizeBeforeBytes=0, extendedStatusFlags=[]}
08-06 21:11:06.767  2474 30182 I Miui32BitTranslateHelper: 32BitPretranslate: skipping APK pre-translation for com.clearchannel.iheartradio.controller
08-06 21:11:06.767  2474  3506 W PackageFreezer: Freeze package com.clearchannel.iheartradio.controller about 1.292 seconds for reason: installPackageLI
08-06 21:11:06.768  2474  3506 I BackupManagerService: [UserID:0] restoreAtInstall pkg=com.clearchannel.iheartradio.controller token=42 restoreSet=0
08-06 21:11:06.769  1865  1865 I vendor.qti.hardware.servicetrackeraidl-service: bindService is called for service : com.google.android.gms/.backup.BackupTransportService and for client system
08-06 21:11:06.770  1865  1865 I vendor.qti.hardware.servicetrackeraidl-service: total connections for service : com.google.android.gms/.backup.BackupTransportServiceare :1
08-06 21:11:06.770  1865  1865 I vendor.qti.hardware.servicetrackeraidl-service: total connections for client : systemare :32
08-06 21:11:06.771  2474  3506 I SmartPower: com.google.android.gms/10130(11128): idle->background(3256ms) R(service create com.google.android.gms/.backup.BackupTransportService) adj=0.
08-06 21:11:06.780  2474  2474 I TransportConnection: BackupTransportService#2334: Notifying [BMS.restoreAtInstall] transport = BackupTransportClient
08-06 21:11:06.784 11128 11270 W AndroidBackupEventsLogg: Flag disabled, logging without sampling [CONTEXT service_id=229 ]
08-06 21:11:06.784 11128 11270 I AndroidBackupEventsLogg: (REDACTED) Logging without sampling %s
08-06 21:11:06.785 11128 11270 W AndroidBackupEventsLogg: Flag disabled, logging without sampling [CONTEXT service_id=229 ]
08-06 21:11:06.785 11128 11270 I AndroidBackupEventsLogg: (REDACTED) Logging without sampling %s
08-06 21:11:06.786  1865  1865 I vendor.qti.hardware.servicetrackeraidl-service: unbindService is called for service : com.google.android.gms/.backup.BackupTransportService and for client system
08-06 21:11:06.786  1865  1865 I vendor.qti.hardware.servicetrackeraidl-service: size of service connections for service: com.google.android.gms/.backup.BackupTransportServiceafter removal is 0
08-06 21:11:06.786  1865  1865 I vendor.qti.hardware.servicetrackeraidl-service: size of client connections for client: systemafter removal is 31
08-06 21:11:06.786  1865  1865 I vendor.qti.hardware.servicetrackeraidl-service: destroyService is called for service : com.google.android.gms/.backup.BackupTransportService
08-06 21:11:06.793 11128 11128 I IntentFilterVerRcvr: S+ domain verification enabled [CONTEXT service_id=244 ]
08-06 21:11:06.795  2474  3506 I InstallationTiming: com.clearchannel.iheartradio.controller|null|3515|2014|39|87|0|16|1230
08-06 21:11:06.795  2474  3506 I AppsFilter: interaction: PackageSetting{d6ded54 com.android.microdroid.empty_payload/10236} -> PackageSetting{d2a4779 com.clearchannel.iheartradio.controller/10380} BLOCKED
08-06 21:11:06.795  2474  3506 I AppsFilter: interaction: PackageSetting{ddef5f2 io.appium.uiautomator2.server.test/10280} -> PackageSetting{d2a4779 com.clearchannel.iheartradio.controller/10380} BLOCKED
08-06 21:11:06.795  2474  3506 I AppsFilter: interaction: PackageSetting{b2d143d io.github.ylimit.droidbotapp/10379} -> PackageSetting{d2a4779 com.clearchannel.iheartradio.controller/10380} BLOCKED
08-06 21:11:06.795  2474  3506 I AppsFilter: interaction: PackageSetting{96fc3f9 com.rongcard.eid/10151} -> PackageSetting{d2a4779 com.clearchannel.iheartradio.controller/10380} BLOCKED
08-06 21:11:06.796  2474  3506 I AppsFilter: interaction: PackageSetting{de27f3e io.appium.settings/10274} -> PackageSetting{d2a4779 com.clearchannel.iheartradio.controller/10380} BLOCKED
08-06 21:11:06.797 11128 30357 I AppLinksIntentOperation: Verifying requested domains [CONTEXT service_id=244 ]
08-06 21:11:06.796  2474  2474 W binder:2474_F: type=1400 audit(0.0:17782): avc:  denied  { getopt } for  scontext=u:r:system_server:s0 tcontext=u:r:shell:s0 tclass=unix_stream_socket permissive=0
08-06 21:11:06.796  2474  2474 W binder:2474_F: type=1400 audit(0.0:17783): avc:  denied  { getopt } for  scontext=u:r:system_server:s0 tcontext=u:r:shell:s0 tclass=unix_stream_socket permissive=0
08-06 21:11:06.796  2474  2474 W binder:2474_F: type=1400 audit(0.0:17784): avc:  denied  { getopt } for  scontext=u:r:system_server:s0 tcontext=u:r:shell:s0 tclass=unix_stream_socket permissive=0
08-06 21:11:06.811 13710 15162 I FireWallService: mina mPackageReceiver onReceive
08-06 21:11:06.812 13710 15240 I MiuiVpnManageService: PackageMonitor. onPackageAdded: packageName =com.clearchannel.iheartradio.controller
08-06 21:11:06.813  2474  2653 E AtomicFile: Failed to rename /data/system/install_sessions.xml.new to /data/system/install_sessions.xml
08-06 21:11:06.813  7505  7505 I SafetyLabelChangedBroadcastReceiver: received broadcast packageName: com.clearchannel.iheartradio.controller, current user: UserHandle{0}, packageChangeEvent: NEW_INSTALL, intent user: UserHandle{0}
08-06 21:11:06.814  2474  2680 I MiuiCompatModePackages: package com.clearchannel.iheartradio.controller updated, removing config
08-06 21:11:06.814  2474  2474 I NetworkDetectInjector: ACTION_PACKAGE_ADDED uid = 10380
08-06 21:11:06.815  2474  2474 I MiuiNetworkPolicyTrafficLimit: ACTION_PACKAGE_ADDED uid = 10380
08-06 21:11:06.815  2474  2474 E SLM-SRV-SLAAppLib: initBroadcastReceivercom.clearchannel.iheartradio.controller
08-06 21:11:06.815  2474  2474 I SLM-SRV-SLAAppLib: ACTION_PACKAGE_ADDED uid = 10380com.clearchannel.iheartradio.controller
08-06 21:11:06.815  2474  2474 I SLM-SRV-SLSAppLib: setSLSGameUidList:null
08-06 21:11:06.815  2474  2474 I SLM-SRV-SLSAppLib: setSLSVoIPUid:0
08-06 21:11:06.815  2474  2474 I NetworkAccelerateSwitchService: setNetworkAccelerateSwitchUidList:null
08-06 21:11:06.815  2474  2474 I NetworkAccelerateSwitchService: setNetworkAccelerateSwitchVoIPUid:0
08-06 21:11:06.815  2474  2474 I SLM-SRV-SLAAppLib: mDoubleWifiUidList = 10090,10261,10324,10340,10325,10322,10167,10339,10326,10286,
08-06 21:11:06.815  2474  2474 I SLM-SRV-SLAAppLib: mDoubleDataUidList = 10090,10261,10325,10322,10329,10167,10339,10326,10286,
08-06 21:11:06.815  7458  8105 E ScreenElementRoot: load error, manifest root is null
08-06 21:11:06.815  2474  7257 I MiuiNetworkPolicy: ACTION_PACKAGE_ADDED uid = 10380
08-06 21:11:06.815  2474  7426 E AppScanObserverService: Try to add a invalid package: com.clearchannel.iheartradio.controller | 10380 | 0
08-06 21:11:06.816 13710 13710 I TrafficManageService: mina mPackageReceiver 0
08-06 21:11:06.816  7505 11044 I PermissionControllerServiceImpl: Updating user sensitive for uid 10380
08-06 21:11:06.816  2474  7414 I SdkSandboxManager: No SDKs used. Skipping SDK data reconcilation for CallingInfo{mUid=10380, mPackageName='com.clearchannel.iheartradio.controller, mAppProcessToken='null'}
08-06 21:11:06.816  2474  7278 E AppOps  : attributionTag VCN not declared in manifest of android
08-06 21:11:06.816 13710 13710 I InstalledAppMonitor: com.clearchannel.iheartradio.controlleronReceive add pkg=com.clearchannel.iheartradio.controller
08-06 21:11:06.817 13710 15607 I AppPredictManager: predict: recentApps size = 5
08-06 21:11:06.817  2474  7278 E AppOps  : attributionTag VCN not declared in manifest of android
08-06 21:11:06.818  2474  8196 I SLM-SRV-SLAAppLib: setUidWhiteListToSlad
08-06 21:11:06.818 13710 15441 I GameBoosterNewApp: addAppToGameBox: isGameBoosterOpen=true
08-06 21:11:06.818  2474  8196 I SLM-SRV-SLAAppLib: setSLAUidList:10322,10325,10326,10332,10339,10261,10340,10167,10286,10090,
08-06 21:11:06.818 13710 15441 I GameBoosterNewApp: com.clearchannel.iheartradio.controller isGameFromJson false
08-06 21:11:06.819 13710 15162 W FireWallService: is Pre-installed application
08-06 21:11:06.819 13710 15441 I GameBoosterNewApp: com.clearchannel.iheartradio.controller isGameFromLocal false
08-06 21:11:06.819  2474  8196 I SLM-SRV-SLSAppLib: setSLAAppWhiteList:10322,10325,10326,10332,10339,10261,10340,10167,10286,
08-06 21:11:06.819 14395 14395 E PackageInstallHelper: handler start
08-06 21:11:06.819 14395 14395 E PackageInstallHelper: handler end
08-06 21:11:06.819 14395 14395 E PackageInstallHelper: PackageInstallHelper handler real start
08-06 21:11:06.820  2474  2745 I SmartPower: com.android.packageinstaller/10097(18840): idle->background(2704ms) R(broadcast start Intent { act=android.intent.action.PACKAGE_ADDED dat=package: flg=0x5000010 pkg=com.android.packageinstaller (has extras) }) adj=915.
08-06 21:11:06.822 11128 30357 I AppLinksRequestHandler: (REDACTED) Processing %d input requests
08-06 21:11:06.822  2474  7257 I MiuiNetworkPolicy: updateUidState uid = 10097, uidState = 11
08-06 21:11:06.822 13710 14569 W ContextImpl: Calling a method in the system process without a qualified user: android.app.ContextImpl.startService:1939 android.content.ContextWrapper.startService:843 b4.k.d:80 q2.j.w:116 q2.j.j:0 
08-06 21:11:06.823  2474  7257 I MiuiNetworkPolicy: updateUidState uid = 10097, uidState = 19
08-06 21:11:06.823 11128 30357 I AppLinksUtilsV1: Legacy cross-profile verification enabled [CONTEXT service_id=244 ]
08-06 21:11:06.823  2474 30082 I ClipboardServiceI: checkProviderWakePathForClipboard: primaryClip is null
08-06 21:11:06.826  7464  8018 I htmlviewercloudcontrol: isStagingEnv:false param =  fps_group_config  uriMatch = 2, cluster: cn, version: 569290, traceId: edf791a3c2f0f49177c2934c6d2002a2, regId: +4z3RS85+e2U9l+sd6caQ/srGmJCsEbKpG1twyPn1K0CrNNyxYT/yAgGVxm5X+yC
08-06 21:11:06.826 13710 13710 I AppPredictPrivacyLaunchManager: updateLauncherApps size: 77
08-06 21:11:06.828  2474  7409 W PackageManager: Failed registering loading progress callback. Package is fully loaded.
08-06 21:11:06.829  2474  7408 E system_server: No package ID 7f found for resource ID 0x7f080388.
08-06 21:11:06.829  2474  7408 E system_server: No package ID 7f found for resource ID 0x7f1205b7.
08-06 21:11:06.829  2474  7408 E system_server: No package ID 7f found for resource ID 0x7f1205b7.
08-06 21:11:06.829  2474  7408 E system_server: No package ID 7f found for resource ID 0x7f1205b7.
08-06 21:11:06.829  2474  7408 E system_server: No package ID 7f found for resource ID 0x7f080389.
08-06 21:11:06.829  2474  7408 E system_server: No package ID 7f found for resource ID 0x7f1207b5.
08-06 21:11:06.829  2474  7408 E system_server: No package ID 7f found for resource ID 0x7f1207b5.
08-06 21:11:06.829  2474  7408 E system_server: No package ID 7f found for resource ID 0x7f1207b5.
08-06 21:11:06.829  7464  8018 I htmlviewercloudcontrol: isStagingEnv:false param =  fps_group_config  uriMatch = 2, cluster: cn, version: 569290, traceId: edf791a3c2f0f49177c2934c6d2002a2, regId: +4z3RS85+e2U9l+sd6caQ/srGmJCsEbKpG1twyPn1K0CrNNyxYT/yAgGVxm5X+yC
08-06 21:11:06.830 13710 14599 I AppPredictPrivacyLaunchManager: getLauncherHomeAppList size: 77
08-06 21:11:06.831 13710 14599 I AppPredictResultHelper: updatePreferenceStore: size = 12
08-06 21:11:06.831  2474  8394 I SmartPower: com.miui.cleanmaster/10266(17558): idle->background(2728ms) R(service create com.miui.cleanmaster/com.miui.optimizecenter.service.CleanMasterService) adj=0.
08-06 21:11:06.831  2474  7257 I MiuiNetworkPolicy: updateUidState uid = 10266, uidState = 10
08-06 21:11:06.832  2474 10058 E AppOps  : Bad call made by uid 1001. Package "com.android.phone" does not belong to uid 1000.
08-06 21:11:06.832  2474 10058 E AppOps  : Cannot noteOperation: non-application UID 1000
08-06 21:11:06.832  7464  8018 I htmlviewercloudcontrol: isStagingEnv:false param =  fps_group_config  uriMatch = 2, cluster: cn, version: 569290, traceId: edf791a3c2f0f49177c2934c6d2002a2, regId: +4z3RS85+e2U9l+sd6caQ/srGmJCsEbKpG1twyPn1K0CrNNyxYT/yAgGVxm5X+yC
08-06 21:11:06.834 13710 14569 I LocalNotificationMgr: pkg: com.clearchannel.iheartradio.controller mode:0
08-06 21:11:06.836  2474  8336 W ActivityManagerServiceImpl: Sending non-protected broadcast com.miui.action.UPDATE_PREDICT_LIST_EXTERNAL from system 13710:com.miui.securitycenter.remote/1000 pkg com.miui.securitycenter. Callers=
08-06 21:11:06.837 13710 14569 I GpBinderManager: bindCount : 139
08-06 21:11:06.838  7464  8018 I htmlviewercloudcontrol: isStagingEnv:false param =  fps_tp_exclude  uriMatch = 2, cluster: cn, version: 569290, traceId: edf791a3c2f0f49177c2934c6d2002a2, regId: +4z3RS85+e2U9l+sd6caQ/srGmJCsEbKpG1twyPn1K0CrNNyxYT/yAgGVxm5X+yC
08-06 21:11:06.840  2474  8336 W ParceledListSlice: Element #10 is 43420 bytes.
08-06 21:11:06.841  2474  4291 W ParceledListSlice: Element #17 is 25036 bytes.
08-06 21:11:06.841  2474  4291 W ParceledListSlice: Element #24 is 52004 bytes.
08-06 21:11:06.841  2474  4291 W ParceledListSlice: Overly large reply size: 117272
08-06 21:11:06.841 14191 14518 I WakelockPolicyManager: setWakelockPolicy
08-06 21:11:06.843  2474  7647 W ParceledListSlice: Element #34 is 205964 bytes.
08-06 21:11:06.843  2474  7647 W ParceledListSlice: Overly large reply size: 238572
08-06 21:11:06.844 13710 15135 I ThumbnailBlurUtils: getAllLauncherAppList time: 6
08-06 21:11:06.844  2474  7647 W ParceledListSlice: Element #40 is 19708 bytes.
08-06 21:11:06.845  7458  8105 E Launcher.AllAppsList: Can't load postion for packageName: com.clearchannel.iheartradio.controller activityName: com.iheart.activities.NavDrawerActivity
08-06 21:11:06.845  2474  7647 W ParceledListSlice: Element #48 is 187940 bytes.
08-06 21:11:06.845  2474  7647 W ParceledListSlice: Overly large reply size: 249300
08-06 21:11:06.848 11128 11352 E hxlz    : *~*~*~ Previous channel {0} was garbage collected without being shut down! ~*~*~*
08-06 21:11:06.848 11128 11352 E hxlz    :     Make sure to call shutdown()/shutdownNow()
08-06 21:11:06.848 11128 11352 E hxlz    : java.lang.RuntimeException: ManagedChannel allocation site
08-06 21:11:06.848 11128 11352 E hxlz    : 	at hxly.<init>(:com.google.android.gms@253031035@25.30.31 (260400-786424874):21)
08-06 21:11:06.848 11128 11352 E hxlz    : 	at hxlz.<init>(:com.google.android.gms@253031035@25.30.31 (260400-786424874):10)
08-06 21:11:06.848 11128 11352 E hxlz    : 	at hxlx.a(:com.google.android.gms@253031035@25.30.31 (260400-786424874):250)
08-06 21:11:06.848 11128 11352 E hxlz    : 	at hwwv.a(:com.google.android.gms@253031035@25.30.31 (260400-786424874):5)
08-06 21:11:06.848 11128 11352 E hxlz    : 	at azxo.a(:com.google.android.gms@253031035@25.30.31 (260400-786424874):70)
08-06 21:11:06.848 11128 11352 E hxlz    : 	at azxf.u(:com.google.android.gms@253031035@25.30.31 (260400-786424874):119)
08-06 21:11:06.848 11128 11352 E hxlz    : 	at azxf.e(:com.google.android.gms@253031035@25.30.31 (260400-786424874):5)
08-06 21:11:06.848 11128 11352 E hxlz    : 	at ephq.a(:com.google.android.gms@253031035@25.30.31 (260400-786424874):45)
08-06 21:11:06.848 11128 11352 E hxlz    : 	at epgv.c(:com.google.android.gms@253031035@25.30.31 (260400-786424874):20)
08-06 21:11:06.848 11128 11352 E hxlz    : 	at epgv.a(:com.google.android.gms@253031035@25.30.31 (260400-786424874):3)
08-06 21:11:06.848 11128 11352 E hxlz    : 	at aush.run(:com.google.android.gms@253031035@25.30.31 (260400-786424874):5)
08-06 21:11:06.848 11128 11352 E hxlz    : 	at badp.c(:com.google.android.gms@253031035@25.30.31 (260400-786424874):50)
08-06 21:11:06.848 11128 11352 E hxlz    : 	at badp.run(:com.google.android.gms@253031035@25.30.31 (260400-786424874):70)
08-06 21:11:06.848 11128 11352 E hxlz    : 	at java.util.concurrent.ThreadPoolExecutor.runWorker(ThreadPoolExecutor.java:1251)
08-06 21:11:06.848 11128 11352 E hxlz    : 	at java.util.concurrent.ThreadPoolExecutor$Worker.run(ThreadPoolExecutor.java:668)
08-06 21:11:06.848 11128 11352 E hxlz    : 	at bajh.run(:com.google.android.gms@253031035@25.30.31 (260400-786424874):8)
08-06 21:11:06.848 11128 11352 E hxlz    : 	at java.lang.Thread.run(Thread.java:1012)
08-06 21:11:06.849  7464  8018 I htmlviewercloudcontrol: isStagingEnv:false param =  fps_idle_config  uriMatch = 2, cluster: cn, version: 569290, traceId: edf791a3c2f0f49177c2934c6d2002a2, regId: +4z3RS85+e2U9l+sd6caQ/srGmJCsEbKpG1twyPn1K0CrNNyxYT/yAgGVxm5X+yC
08-06 21:11:06.850  7458  8150 W PreviewDisappear: getIconDrawable src: null
08-06 21:11:06.851  7458  8150 W PreviewDisappear: getIconDrawable app drawable: null
08-06 21:11:06.851  7458  8150 W PreviewDisappear: getIcon info target: ComponentInfo{com.clearchannel.iheartradio.controller/com.iheart.activities.NavDrawerActivity}
08-06 21:11:06.851  7458  8150 W PreviewDisappear: getIcon info user: UserHandle{0}
08-06 21:11:06.851  7458  8150 W PreviewDisappear: getIcon info intent: Intent { act=android.intent.action.MAIN cat=[android.intent.category.LAUNCHER] flg=0x10200000 cmp=com.clearchannel.iheartradio.controller/com.iheart.activities.NavDrawerActivity (has extras) }
08-06 21:11:06.851  7458  8150 W PreviewDisappear: 1 getIcon entry: null
08-06 21:11:06.851  2474  8334 I ActivityManager: Background started FGS: Allowed [callingPackage: com.miui.securitycenter; callingUid: 1000; uidState: PER ; uidBFSL: [BFSL]; intent: Intent { act=com.miui.cleanmaster.GARBAGE_PKG_ADD pkg=com.miui.cleanmaster (has extras) }; code:PROC_STATE_PERSISTENT; tempAllowListReason:<keychain,reasonCode:KEY_CHAIN,duration:30000,callingUid:1000>; targetSdkVersion:34; callerTargetSdkVersion:34; startForegroundCount:0; bindFromPackage:null: isBindService:false]
08-06 21:11:06.851  2474  8334 W ForegroundServiceTypeLoggerModule: Foreground service start for UID: 10266 does not have any types
08-06 21:11:06.852  2474 10068 W ParceledListSlice: Element #52 is 19668 bytes.
08-06 21:11:06.854  2474  7257 I MiuiNetworkPolicy: updateUidState uid = 10266, uidState = 4
08-06 21:11:06.854  7458  8150 W PreviewDisappear: 2 getIcon entry: com.miui.home.launcher.graphics.DrawableInfo@b5346e6
08-06 21:11:06.854  7458  8150 W PreviewDisappear: applyCacheEntry entry: com.miui.home.launcher.graphics.drawable.LayerAdaptiveIconDrawable@df37427
08-06 21:11:06.854  7458  8150 W PreviewDisappear: getIconDrawable finally drawable: com.miui.home.launcher.graphics.drawable.LayerAdaptiveIconDrawable@df37427
08-06 21:11:06.855  2474  4327 I RoleService: Granting default roles...
08-06 21:11:06.856  2474  8406 I ActivityManager: Cancel FGS notification userId: 0 definingUid: 10266 packageName: com.miui.cleanmaster processName:com.miui.cleanmaster ChannelId:com.miui.cleanmaster foregroundNotiWhen:1754485866850 Notiflags:64
08-06 21:11:06.856  2474  8406 W ForegroundServiceTypeLoggerModule: FGS stop call for: 10266 has no types!
08-06 21:11:06.856  2474  2643 I MiuiNetworkPolicy: label wlan0, uid 0, active true, tsNanos 410491178757864
08-06 21:11:06.857  1865  1865 I vendor.qti.hardware.servicetrackeraidl-service: destroyService is called for service : com.miui.cleanmaster/com.miui.optimizecenter.service.CleanMasterService
08-06 21:11:06.857  2474  8334 W ParceledListSlice: Element #8 is 20788 bytes.
08-06 21:11:06.857  2474  8334 W ParceledListSlice: Element #9 is 20768 bytes.
08-06 21:11:06.857  2474  2474 I AppsFilter: interaction: PackageSetting{6cc90bc com.android.microdroid.empty_payload/10236} -> PackageSetting{69b1845 com.clearchannel.iheartradio.controller/10380} BLOCKED
08-06 21:11:06.857  2474  2474 I AppsFilter: interaction: PackageSetting{bcc8b9a io.appium.uiautomator2.server.test/10280} -> PackageSetting{69b1845 com.clearchannel.iheartradio.controller/10380} BLOCKED
08-06 21:11:06.858  2474  2474 I AppsFilter: interaction: PackageSetting{bbc8ccb io.github.ylimit.droidbotapp/10379} -> PackageSetting{69b1845 com.clearchannel.iheartradio.controller/10380} BLOCKED
08-06 21:11:06.858  2474  2474 I AppsFilter: interaction: PackageSetting{22ffca8 com.rongcard.eid/10151} -> PackageSetting{69b1845 com.clearchannel.iheartradio.controller/10380} BLOCKED
08-06 21:11:06.858  2474  2474 I AppsFilter: interaction: PackageSetting{f59f3c1 io.appium.settings/10274} -> PackageSetting{69b1845 com.clearchannel.iheartradio.controller/10380} BLOCKED
08-06 21:11:06.858  2474  7257 I MiuiNetworkPolicyTrafficLimit: updateWhiteListUidForMobileTraffic uid=10266,add=true
08-06 21:11:06.859  2036  2036 E DisplayModeController: setDesiredMode : Idle status skip setActiveMode, isDdicIdleMode: 1
08-06 21:11:06.861  1843  1843 I SDM     : HWCDisplay::SetActiveConfigWithConstraints: display:66-0, config: 3, WxH 1200x2670, fps 120
08-06 21:11:06.861  7464  8018 I htmlviewercloudcontrol: isStagingEnv:false param =  fps_idle_config  uriMatch = 2, cluster: cn, version: 569290, traceId: edf791a3c2f0f49177c2934c6d2002a2, regId: +4z3RS85+e2U9l+sd6caQ/srGmJCsEbKpG1twyPn1K0CrNNyxYT/yAgGVxm5X+yC
08-06 21:11:06.862  1843  1843 W SDM     : HWDeviceDRM::GetSupportedBitClkRate: Requested rate not supported: 1150000000
08-06 21:11:06.862  1843  1843 I SDM     : HWDeviceDRM::UpdateMixerAttributes: Mixer WxH 1200x2670-1 for Peripheral
08-06 21:11:06.862  1843  1843 I SDM     : HWCDisplay::SubmitDisplayConfig: Active configuration changed from config 1 to 3
08-06 21:11:06.862  1843  1843 I SDM     : HWCDisplay::SubmitDisplayConfig: Active WxH 1200x2670 ,ddic_mode:auto, timing_fps: 120, sf_fps: 120
08-06 21:11:06.863  1843  3496 I vendor.qti.hardware.display.composer-service: Sensor: notify citsensorservice to trigger cwb, misForced = 0
08-06 21:11:06.863  3050  4554 I libsensor-parseRGB: request dump start for mRequestDisplayId 0
08-06 21:11:06.866 13306 13306 I UserConsentManager: onPermissionsChanged: 10380
08-06 21:11:06.866  7464  7492 I htmlviewercloudcontrol: isStagingEnv:false param =  fps_tp_exclude  uriMatch = 2, cluster: cn, version: 569290, traceId: edf791a3c2f0f49177c2934c6d2002a2, regId: +4z3RS85+e2U9l+sd6caQ/srGmJCsEbKpG1twyPn1K0CrNNyxYT/yAgGVxm5X+yC
08-06 21:11:06.870 13306 13306 I UserConsentManager: onPermissionsChanged: 10380
08-06 21:11:06.871 13306 13306 I UserConsentManager: onPermissionsChanged: 10380
08-06 21:11:06.871 13306 13306 I UserConsentManager: onPermissionsChanged: 10380
08-06 21:11:06.871 13306 13306 I UserConsentManager: onPermissionsChanged: 10380
08-06 21:11:06.871 13306 13306 I UserConsentManager: onPermissionsChanged: 10380
08-06 21:11:06.871 13306 13306 I UserConsentManager: onPermissionsChanged: 10380
08-06 21:11:06.871 13306 13306 I UserConsentManager: onPermissionsChanged: 10380
08-06 21:11:06.871 13306 13306 I UserConsentManager: onPermissionsChanged: 10380
08-06 21:11:06.871 13306 13306 I UserConsentManager: onPermissionsChanged: 10380
08-06 21:11:06.871 13306 13306 I UserConsentManager: onPermissionsChanged: 10380
08-06 21:11:06.871 13306 13306 I UserConsentManager: onPermissionsChanged: 10380
08-06 21:11:06.871 13306 13306 I UserConsentManager: onPermissionsChanged: 10380
08-06 21:11:06.871 13306 13306 I UserConsentManager: onPermissionsChanged: 10380
08-06 21:11:06.871 13306 13306 I UserConsentManager: onPermissionsChanged: 10380
08-06 21:11:06.874 13053 13053 E RegisteredServicesCache: Skipping application component ComponentInfo{com.UCMobile/com.alibaba.ariver.commonability.device.jsapi.nfc.service.TinyAppHostApduService}: it must request the permission android.permission.NFC
08-06 21:11:06.876 13053 13053 E RegisteredServicesCache: Skipping application component ComponentInfo{com.UCMobile/com.alipay.mobile.aompdevice.nfc.service.TinyAppHostApduService}: it must request the permission android.permission.NFC
08-06 21:11:06.877  7464  8018 I htmlviewercloudcontrol: isStagingEnv:false param =  fps_idle_config  uriMatch = 2, cluster: cn, version: 569290, traceId: edf791a3c2f0f49177c2934c6d2002a2, regId: +4z3RS85+e2U9l+sd6caQ/srGmJCsEbKpG1twyPn1K0CrNNyxYT/yAgGVxm5X+yC
08-06 21:11:06.878 13053 13053 E RegisteredServicesCache: Skipping application component ComponentInfo{com.autonavi.minimap/com.alibaba.ariver.commonability.device.jsapi.nfc.service.TinyAppHostApduService}: it must request the permission android.permission.NFC
08-06 21:11:06.879 13053 13053 E RegisteredServicesCache: Skipping application component ComponentInfo{com.autonavi.minimap/com.alipay.mobile.aompdevice.nfc.service.TinyAppHostApduService}: it must request the permission android.permission.NFC
08-06 21:11:06.880 20212 20212 I ##XLogger##: #&^Zk43T9mP87AAdQd0DXnFBfejMRNSzKFt/44GUV1DVQOrynN4aqQieE2FgoeA3/8uk0NyyekS01dQIp41gFK2yIBM/ZiJI1/GUVxOjvOGTZfY4xmlmiAgM/nrE6eh5Y4uPxr5bGpxcj9sLmMEv2L8LT1Jc5u7JWrvK3wdEUEZIhU=!!fl31IRnlyARfyj/q/GEYo8wTZVJxBuTJ6N+QIivmOHYElC5Dpx0xE9dY1GJkovWXnIHPe76hxdl30ZjggdbN7VUAxiqr6NEhA5gd7ARuNEcIbWfeXvaV9jyW0LOpMJSjloNaL6V256z4mxJegOYFDnaEjLitsfIkWR/lYFOUOGEWRLNy6RoXe5WAY7IUgvhqru2c0np674tF0rXHNLNlUZw3EeD1FPeAXiMdVahrQuesyhTrRmtZkujnQ62BCYjN7vqT0dXx984Rd+lffo0XoLxuvgsEpwqpzysouEMasB9P1Yzu9ylJgRNLg1+gKvxaIeJxcRAqIDxzX+0QOs/0eBZSqbAfGqXsgC1cH9bv0hXB7cDZ4ztMa8HczKGcr7axOhwCzGw/0n1tAJPo7rsvbx/Isv19HwTC/m7bSJ0b2mGJNs/Wt/Lp6g19PyYB0IksZ3nIEFBzrIOgiKZ8rTXVHkqYoujjFOIs+qlhRpYGon3RfpPtIvGTVTwRVw2dernEM9hS4B/+0AaOEgRjuseoUAUVrCCJ8hhKY8vHgkDKHvgB+6iB9kqPH22VLqQKr0oz+EXZyiBQvAueu1rVf0akq9c+BYy7LfInTpk0CTwu2pWbBfB3mU7a6/P4s94ChTzs54L1vOretnlhiHqNXqj/QagUd/a7v61ib9/WbiApM/TUycapT+/NI9WsKADRVZDqJfTyEby6UW3saKTS1OnpuBvLVP7LBlom54O593rxhcQunEINnHNklFzmAl86p+gWXPHa5kQ2tf2HBXPUhT/Ka6gOYJgrwoifo4Z4krqbigcbB6HW6C/MB3Dxw/Enk8tN6U/ytUXLsym2mWtiUMepJbHa7QkTF2ltrpekOU7pbqlY/ngk1eVRIFZyaEISo32/^&#
08-06 21:11:06.881 20212 20212 I ##XLogger##: #&^Zk43T9mP87AAdQd0DXnFBfejMRNSzKFt/44GUV1DVQOrynN4aqQieE2FgoeA3/8uk0NyyekS01dQIp41gFK2yIBM/ZiJI1/GUVxOjvOGTZfY4xmlmiAgM/nrE6eh5Y4uPxr5bGpxcj9sLmMEv2L8LT1Jc5u7JWrvK3wdEUEZIhU=!!fl31IRnlyARfyj/q/GEYo8wTZVJxBuTJ6N+QIivmOHYomjLASrBQ6J40be/8YwSiVO1FCvSsBghXxm7S8VCoDnUuQVeMZAxjyD1ZuTmvCtaLQq2TVpFQkUIEwpesgUC+b/XImDzKBA7r0U+1C2G9hnOz/pprjqybefCv2hkrSEXzvl6RHcmXfeQ1LWZ4zwHiaj8y8IMyWjnhHb13D04VvSWQOXFvK2iodGBgp+v+kHp9nrDiCa/gBaPmCpth3XB2HtXHWoNbl5ktQTn0tnyIgHVNj3CyWDOYjIBdMh0VwzKie9fsZVyId/7tWjsmby5d17e7gQKeK/3EWm3kJ94iIPzsFITye50F9MObxB8Esg/QL/qQtVNK2z793JX1mJQGqJZ1OSY30pfGLlhZW9idJ2zAkdVXVf8OTW0PLavS0tcWrQ7ciolfTqOXF1c17TBgmQj+VR+ODpEBfd51pYjkW2mMmc53P/lTk4iCd0yUAD6IOx/1AWBdBGcvI/uk9wNIb472NiuHykb4GRB901j1cxYYzBIjv35EQlm6k0E22w2fwxtfDuKicQdjoEDXjs/RW9vDr+5qNM8acqcOQ8HBJCyhDCnptnc5TH68Xda3qziom/9KNJdNcPy2kqyPha8WrF8wUqCCGkCZjSD9uV2zJ3LBw+8uRYphUpAQddg8xSELTD2fy7/y4EcL/cpLt2g2Kf1Y+WVt9/BfLwzOgBU/MxDH2lYhHAskw8sHvVOxL/l0gV4dYFGUT0Rhf9n9R/GEza/i7tYjrzH8N9tI26emiP6eD1Oy3PtGmAhh8iljSgI1iq0K02i0X6FFOa6ehXyJjZIEngTt8f39xSQZ/b0A1M76aG0oyODPfy3q+AcFdZP/IwUf+NcyTS6Xm1KWS+DnT5og26W4ex9MuUnrdNn5ag==^&#
08-06 21:11:06.882  7464  8018 I htmlviewercloudcontrol: isStagingEnv:false param =  display_fps_group  uriMatch = 2, cluster: cn, version: 569290, traceId: edf791a3c2f0f49177c2934c6d2002a2, regId: +4z3RS85+e2U9l+sd6caQ/srGmJCsEbKpG1twyPn1K0CrNNyxYT/yAgGVxm5X+yC
08-06 21:11:06.882  2474  7257 I MiuiNetworkPolicy: updateUidState uid = 6110, uidState = 11
08-06 21:11:06.886  7464  7492 I htmlviewercloudcontrol: isStagingEnv:false param =  fps_idle_config  uriMatch = 2, cluster: cn, version: 569290, traceId: edf791a3c2f0f49177c2934c6d2002a2, regId: +4z3RS85+e2U9l+sd6caQ/srGmJCsEbKpG1twyPn1K0CrNNyxYT/yAgGVxm5X+yC
08-06 21:11:06.887 16300 16300 I VSC-AppInstallReceiver: action: android.intent.action.PACKAGE_CHANGED, packageName: com.clearchannel.iheartradio.controller
08-06 21:11:06.889 13053 13053 I RegisteredServicesCache: current user: 0, is managed profile : false
08-06 21:11:06.889 13710 15441 I VideoBoxUtils: isSupportVideoBox: true
08-06 21:11:06.890  7464  8018 I htmlviewercloudcontrol: isStagingEnv:false param =  fps_idle_config  uriMatch = 2, cluster: cn, version: 569290, traceId: edf791a3c2f0f49177c2934c6d2002a2, regId: +4z3RS85+e2U9l+sd6caQ/srGmJCsEbKpG1twyPn1K0CrNNyxYT/yAgGVxm5X+yC
08-06 21:11:06.890 13710 15441 W ContextImpl: Calling a method in the system process without a qualified user: android.app.ContextImpl.sendBroadcast:1275 android.content.ContextWrapper.sendBroadcast:527 d7.e.f:24 d7.e.c:0 d7.e$c$a.run:18 
08-06 21:11:06.891  7856  8405 E SmsApplication: com.android.mms lost android:read_cell_broadcasts:  (fixing)
08-06 21:11:06.891  2474  4291 W AppOpService: Ignored setUidMode call for runtime permission app op: uid = 10141, code = READ_CELL_BROADCASTS, mode = allow, callingUid = 1001, oldMode = allow
08-06 21:11:06.891  2474  7647 W ActivityManagerServiceImpl: Sending non-protected broadcast com.miui.gamebooster.UNINSTALLAPP from system 13710:com.miui.securitycenter.remote/1000 pkg com.miui.securitycenter. Callers=
08-06 21:11:06.891  7505  9889 I PermissionControllerServiceImpl: Updating user sensitive for uid 10380
08-06 21:11:06.895  3050  4604 E libsensor-parseRGB: CWB NotifyCWBBufferDone  error 0
08-06 21:11:06.895  2474  7257 I MiuiNetworkPolicy: updateUidState uid = 10266, uidState = 19
08-06 21:11:06.897  2474  7257 I MiuiNetworkPolicyTrafficLimit: updateWhiteListUidForMobileTraffic uid=10266,add=false
08-06 21:11:06.897  2474  7257 I MiuiNetworkPolicy: updateUidState uid = 6110, uidState = 19
08-06 21:11:06.898 13710 15135 I ThumbnailBlurUtils: loadPrivacyThumbnailBlurMonthly successd{"com.ss.android.ugc.aweme":27,"com.dashlane":5,"com.musicworx":-1,"com.baidu.BaiduMap":3,"com.google.android.apps.youtube.music":27,"com.google.android.apps.tasks":5,"com.jijia.jjweather":5,"com.netease.newsreader.activity":11,"com.instagram.android":5,"com.microsoft.emmx":5,"com.baidu.searchbox.lite":5,"com.getsurfboard":-1,"com.android.fileexplorer":5,"com.miui.compass":5,"com.microsoft.office.outlook":10,"com.jijia.bqwnl":5,"com.autonavi.minimap":3,"com.miui.calculator":5,"org.secuso.privacyfriendlytodolist":-1,"com.android.contacts":5,"com.xiaomi.scanner":5,"com.miui.securitycenter":5,"com.android.vending":5,"com.yahoo.mobile.client.android.mail":5,"com.clearchannel.iheartradio.controller":27,"com.einnovation.temu":-1,"com.baidu.searchbox":5,"com.duokan.reader":7,"com.wuba.zhuanzhuan":9,"io.appium.settings":-1,"com.android.chrome":5,"com.xingin.xhs":5,"com.dragon.read":7,"tv.danmaku.bili":27,"com.ebay.mobile":5,"com.miui.gallery":6,"com.UCMobile":5,"todolist.scheduleplanner.dailyplanner.todo.reminders":5,"com.alibaba.aliexpresshd":9,"com.android.email":10,"com.todoist":5,"cool.monkey.android":5,"com.spotify.music":5,"com.xiaomi.market":5,"com.microsoft.todos":10,"com.skysoft.kkbox.android":27,"com.miui.notes":5,"com.smile.gifmaker":27,"com.xiaomi.gamecenter":5,"com.android.browser":5,"com.anydo":5,"de.baumann.browser":-1,"com.suxing.sustream":-1,"com.miui.virtualsim":5,"com.sina.news":11,"com.miui.weather2":5,"com.miui.video":27,"douzifly.list":-1,"com.google.android.documentsui":-1,"com.ss.android.article.news":11,"com.quark.browser":5,"com.android.mms":5,"cn.ninegame.gamemanager":5,"com.kuaishou.nebula":27,"com.android.providers.downloads.ui":5,"com.tencent.android.qqdownloader":5,"com.android.camera":6,"com.google.android.gm":5,"cn.amazon.mShop.android":9,"com.google.android.apps.magazines":5,"com.android.calendar":10,"io.github.ylimit.droidbotapp":-1,"ru.mail.mailapp":5,"com.android.settings":-1,"com.zhuantech.sijiweather":-1,"com.cnn.mobile.android.phone":11,"com.android.soundrecorder":5}
08-06 21:11:06.900 13053 13053 I RegisteredAidCache: updateRoutingLocked(false): Enter
08-06 21:11:06.900 13053 13053 I AidRoutingManager: configureRouting(false): Enter
08-06 21:11:06.900 13053 13053 E AidRoutingManager: Size of routing table970
08-06 21:11:06.900 13053 13053 I RegisteredAidCache: updateRoutingLocked(false): exit
08-06 21:11:06.904  7464  8018 I htmlviewercloudcontrol: isStagingEnv:false param =  fps_idle_config  uriMatch = 2, cluster: cn, version: 569290, traceId: edf791a3c2f0f49177c2934c6d2002a2, regId: +4z3RS85+e2U9l+sd6caQ/srGmJCsEbKpG1twyPn1K0CrNNyxYT/yAgGVxm5X+yC
08-06 21:11:06.904  2474  8406 W ParceledListSlice: Element #8 is 20788 bytes.
08-06 21:11:06.904  2474  8406 W ParceledListSlice: Element #9 is 20768 bytes.
08-06 21:11:06.906  7458  8100 W PreviewDisappear: 1 getIcon entry: null
08-06 21:11:06.906  7464  8018 I htmlviewercloudcontrol: isStagingEnv:false param =  fps_group_config  uriMatch = 2, cluster: cn, version: 569290, traceId: edf791a3c2f0f49177c2934c6d2002a2, regId: +4z3RS85+e2U9l+sd6caQ/srGmJCsEbKpG1twyPn1K0CrNNyxYT/yAgGVxm5X+yC
08-06 21:11:06.907  7458  8100 W PreviewDisappear: 2 getIcon entry: com.miui.home.launcher.graphics.DrawableInfo@5192bc3
08-06 21:11:06.907  7458  8100 W PreviewDisappear: applyCacheEntry entry: com.miui.home.launcher.graphics.drawable.LayerAdaptiveIconDrawable@2df3c40
08-06 21:11:06.907  7458  8100 W PreviewDisappear: getIconDrawable src: null
08-06 21:11:06.907  7458  8100 W PreviewDisappear: getIconDrawable app drawable: null
08-06 21:11:06.907  7458  8100 W PreviewDisappear: getIcon info target: ComponentInfo{com.clearchannel.iheartradio.controller/com.iheart.activities.NavDrawerActivity}
08-06 21:11:06.907  7458  8100 W PreviewDisappear: getIcon info user: UserHandle{0}
08-06 21:11:06.907  7458  8100 W PreviewDisappear: getIcon info intent: Intent { act=android.intent.action.MAIN cat=[android.intent.category.LAUNCHER] flg=0x10200000 cmp=com.clearchannel.iheartradio.controller/com.iheart.activities.NavDrawerActivity (has extras) }
08-06 21:11:06.907  7458  8100 W PreviewDisappear: 1 getIcon entry: null
08-06 21:11:06.907  2474  7408 E system_server: No package ID 7f found for resource ID 0x7f080388.
08-06 21:11:06.907  2474  7408 E system_server: No package ID 7f found for resource ID 0x7f1205b7.
08-06 21:11:06.907  2474  7408 E system_server: No package ID 7f found for resource ID 0x7f1205b7.
08-06 21:11:06.907  2474  7408 E system_server: No package ID 7f found for resource ID 0x7f1205b7.
08-06 21:11:06.907  2474  7408 E system_server: No package ID 7f found for resource ID 0x7f080389.
08-06 21:11:06.907  2474  7408 E system_server: No package ID 7f found for resource ID 0x7f1207b5.
08-06 21:11:06.907  2474  7408 E system_server: No package ID 7f found for resource ID 0x7f1207b5.
08-06 21:11:06.907  2474  7408 E system_server: No package ID 7f found for resource ID 0x7f1207b5.
08-06 21:11:06.907  7464  8018 I htmlviewercloudcontrol: isStagingEnv:false param =  fps_group_config  uriMatch = 2, cluster: cn, version: 569290, traceId: edf791a3c2f0f49177c2934c6d2002a2, regId: +4z3RS85+e2U9l+sd6caQ/srGmJCsEbKpG1twyPn1K0CrNNyxYT/yAgGVxm5X+yC
08-06 21:11:06.909 14191 15060 I DisplayFrameSetting: register
08-06 21:11:06.909  2474  8406 I whetstone.activity: noteVideoFps registVideoFpsCallBack, count is 1
08-06 21:11:06.910  7458  8100 W PreviewDisappear: 2 getIcon entry: com.miui.home.launcher.graphics.DrawableInfo@6e85779
08-06 21:11:06.910  7458  8100 W PreviewDisappear: applyCacheEntry entry: com.miui.home.launcher.graphics.drawable.LayerAdaptiveIconDrawable@c2a4cbe
08-06 21:11:06.910  7464  8018 I htmlviewercloudcontrol: isStagingEnv:false param =  fps_idle_config  uriMatch = 2, cluster: cn, version: 569290, traceId: edf791a3c2f0f49177c2934c6d2002a2, regId: +4z3RS85+e2U9l+sd6caQ/srGmJCsEbKpG1twyPn1K0CrNNyxYT/yAgGVxm5X+yC
08-06 21:11:06.910  7458  8100 W PreviewDisappear: getIconDrawable finally drawable: com.miui.home.launcher.graphics.drawable.LayerAdaptiveIconDrawable@c2a4cbe
08-06 21:11:06.913 11128 30584 W Conscrypt: Could not set socket write timeout: java.net.SocketException: Socket closed
08-06 21:11:06.913 11128 30584 W Conscrypt: 	at com.google.android.gms.org.conscrypt.Platform.setSocketWriteTimeout(:com.google.android.gms@253031035@25.30.31 (260400-786424874):204)
08-06 21:11:06.913 11128 30584 W Conscrypt: 	at com.google.android.gms.org.conscrypt.ConscryptFileDescriptorSocket.setSoWriteTimeout(:com.google.android.gms@253031035@25.30.31 (260400-786424874):4)
08-06 21:11:06.913  2474  2664 W TextServicesManagerService: no available spell checker services found
08-06 21:11:06.916  7464  8018 I htmlviewercloudcontrol: isStagingEnv:false param =  fps_group_config  uriMatch = 2, cluster: cn, version: 569290, traceId: edf791a3c2f0f49177c2934c6d2002a2, regId: +4z3RS85+e2U9l+sd6caQ/srGmJCsEbKpG1twyPn1K0CrNNyxYT/yAgGVxm5X+yC
08-06 21:11:06.919 13053 13053 E RegisteredServicesCache: Skipping application component ComponentInfo{com.UCMobile/com.alibaba.ariver.commonability.device.jsapi.nfc.service.TinyAppHostApduService}: it must request the permission android.permission.NFC
08-06 21:11:06.920 13053 13053 E RegisteredServicesCache: Skipping application component ComponentInfo{com.UCMobile/com.alipay.mobile.aompdevice.nfc.service.TinyAppHostApduService}: it must request the permission android.permission.NFC
08-06 21:11:06.920 13053 13053 E RegisteredServicesCache: Skipping application component ComponentInfo{com.autonavi.minimap/com.alibaba.ariver.commonability.device.jsapi.nfc.service.TinyAppHostApduService}: it must request the permission android.permission.NFC
08-06 21:11:06.920 13053 13053 E RegisteredServicesCache: Skipping application component ComponentInfo{com.autonavi.minimap/com.alipay.mobile.aompdevice.nfc.service.TinyAppHostApduService}: it must request the permission android.permission.NFC
08-06 21:11:06.923  2474  8336 W AppOpService: Ignored setUidMode call for runtime permission app op: uid = 1001, code = READ_SMS, mode = allow, callingUid = 1001, oldMode = allow
08-06 21:11:06.923  2474  8336 W AppOpService: Ignored setUidMode call for runtime permission app op: uid = 1001, code = RECEIVE_SMS, mode = allow, callingUid = 1001, oldMode = allow
08-06 21:11:06.923  2474  8336 W AppOpService: Ignored setUidMode call for runtime permission app op: uid = 1001, code = RECEIVE_WAP_PUSH, mode = allow, callingUid = 1001, oldMode = allow
08-06 21:11:06.924  2474  8336 W AppOpService: Ignored setUidMode call for runtime permission app op: uid = 1001, code = SEND_SMS, mode = allow, callingUid = 1001, oldMode = allow
08-06 21:11:06.924  2474  8336 W AppOpService: Ignored setUidMode call for runtime permission app op: uid = 1001, code = READ_CELL_BROADCASTS, mode = allow, callingUid = 1001, oldMode = allow
08-06 21:11:06.926 13053 13053 I RegisteredServicesCache: current user: 0, is managed profile : false
08-06 21:11:06.929  2474  2664 W EnhancedConfirmationService: The packageName should not be null.
08-06 21:11:06.929 13053 13053 I RegisteredAidCache: updateRoutingLocked(false): Enter
08-06 21:11:06.929 13053 13053 I AidRoutingManager: configureRouting(false): Enter
08-06 21:11:06.929 13053 13053 E AidRoutingManager: Size of routing table970
08-06 21:11:06.929 13053 13053 I RegisteredAidCache: updateRoutingLocked(false): exit
08-06 21:11:06.929  2474  2664 W MagnificationConnectionManager: requestConnection duplicated request: connect=false, mConnectionState=DISCONNECTED
08-06 21:11:06.930 13053 13053 I libnfc_nci: [INFO:NativeT4tNfcee.cpp(870)] nfcManager_isFwSupportNonStdT4TAid Enter isFwSupport = 1
08-06 21:11:06.930  2474  2664 W TextServicesManagerService: no available spell checker services found
08-06 21:11:06.930 13053 13053 I libnfc_nci: [INFO:SecureElement.cpp(1487)] SecureElement::getEseHandleFromGenericId: enter; ESE-ID = 0x7F
08-06 21:11:06.930 13053 13053 I libnfc_nci: [INFO:SecureElement.cpp(1528)] SecureElement::getEseHandleFromGenericId: enter; ESE-Handle = 0x410
08-06 21:11:06.930 13053 13053 I libnfc_nci: [INFO:SecureElement.cpp(1487)] SecureElement::getEseHandleFromGenericId: enter; ESE-ID = 0x00
08-06 21:11:06.930 13053 13053 I libnfc_nci: [INFO:SecureElement.cpp(1528)] SecureElement::getEseHandleFromGenericId: enter; ESE-Handle = 0x400
08-06 21:11:06.933  7800 14409 I SecureElement-Terminal-eSE1: isSecureElementPresent()
08-06 21:11:06.933  7856  8405 E SmsApplication: com.android.mms lost android:read_cell_broadcasts:  (fixing)
08-06 21:11:06.933  1774  1774 I android.hardware.secure_element-service.qti: isCardPresent
08-06 21:11:06.933  2474  8336 W AppOpService: Ignored setUidMode call for runtime permission app op: uid = 10141, code = READ_CELL_BROADCASTS, mode = allow, callingUid = 1001, oldMode = allow
08-06 21:11:06.933  1774  1774 I android.hardware.secure_element-service.qti: isCardPresent exit, cardPresent: 1
08-06 21:11:06.935  2474  7683 E RoleControllerServiceImpl: Default/fallback role holder package doesn't qualify for the role, package: com.android.devicelockcontroller, role: android.app.role.SYSTEM_FINANCED_DEVICE_CONTROLLER
08-06 21:11:06.937  7800 14409 I SecureElement-Terminal-SIM1: isSecureElementPresent()
