08-06 21:11:07.346 22445 30087 E VA_PackageUtilsV2: 	at java.util.concurrent.ThreadPoolExecutor.runWorker(ThreadPoolExecutor.java:1251)
08-06 21:11:07.346 22445 30087 E VA_PackageUtilsV2: 	at java.util.concurrent.ThreadPoolExecutor$Worker.run(ThreadPoolExecutor.java:668)
08-06 21:11:07.346 22445 30087 E VA_PackageUtilsV2: 	at java.lang.Thread.run(Thread.java:1012)
08-06 21:11:07.347 11128  1868 I AppLinksAsyncVerifierV2: (REDACTED) Verification result: checking for a statement with source %s, relation delegate_permission/common.handle_all_urls, and target %s --> %b.
08-06 21:11:07.348 20053 20814 I Market-LocalAppManager: getUpdateInfoFromServer : middle
08-06 21:11:07.348 20053 20814 E Market-Client: isSupportChildMode, error: java.lang.NumberFormatException: For input string: ""
08-06 21:11:07.349 11098 30390 I ProximityAuth: [RecentAppsMediator] Package added: (user=UserHandle{0}) com.clearchannel.iheartradio.controller
08-06 21:11:07.349 22445 30087 E VA_PackageUtilsV2: getVersionCode: error
08-06 21:11:07.349 22445 30087 E VA_PackageUtilsV2: android.content.pm.PackageManager$NameNotFoundException: com.sdu.didi.psnger
08-06 21:11:07.349 22445 30087 E VA_PackageUtilsV2: 	at android.app.ApplicationPackageManager.getPackageInfoAsUser(ApplicationPackageManager.java:276)
08-06 21:11:07.349 22445 30087 E VA_PackageUtilsV2: 	at android.app.ApplicationPackageManager.getPackageInfo(ApplicationPackageManager.java:236)
08-06 21:11:07.349 22445 30087 E VA_PackageUtilsV2: 	at android.app.ApplicationPackageManager.getPackageInfo(ApplicationPackageManager.java:230)
08-06 21:11:07.349 22445 30087 E VA_PackageUtilsV2: 	at m30.r.getVersionCode(SourceFile:44)
08-06 21:11:07.349 22445 30087 E VA_PackageUtilsV2: 	at ez.r0.getVersionCode(SourceFile:1)
08-06 21:11:07.349 22445 30087 E VA_PackageUtilsV2: 	at ff.b.getAccessibilityInfo(SourceFile:93)
08-06 21:11:07.349 22445 30087 E VA_PackageUtilsV2: 	at ff.b.getSimulateClickState(SourceFile:1)
08-06 21:11:07.349 22445 30087 E VA_PackageUtilsV2: 	at com.xiaomi.voiceassistant.u0$a.getSimulateClickState(SourceFile:1)
08-06 21:11:07.349 22445 30087 E VA_PackageUtilsV2: 	at com.xiaomi.voiceassist.engine.context.CacheContext$a.run(SourceFile:14)
08-06 21:11:07.349 22445 30087 E VA_PackageUtilsV2: 	at java.util.concurrent.Executors$RunnableAdapter.call(Executors.java:487)
08-06 21:11:07.349 22445 30087 E VA_PackageUtilsV2: 	at java.util.concurrent.FutureTask.run(FutureTask.java:264)
08-06 21:11:07.349 22445 30087 E VA_PackageUtilsV2: 	at java.util.concurrent.ThreadPoolExecutor.runWorker(ThreadPoolExecutor.java:1251)
08-06 21:11:07.349 22445 30087 E VA_PackageUtilsV2: 	at java.util.concurrent.ThreadPoolExecutor$Worker.run(ThreadPoolExecutor.java:668)
08-06 21:11:07.349 22445 30087 E VA_PackageUtilsV2: 	at java.lang.Thread.run(Thread.java:1012)
08-06 21:11:07.349 11098 30602 W GCM     : Unexpected forwarded intent: Intent { act=android.intent.action.PACKAGE_ADDED dat=package: flg=0x4000010 pkg=com.google.android.gms cmp=com.google.android.gms/.chimera.PersistentIntentOperationService (has extras) }
08-06 21:11:07.349 11098 30604 W NetworkScheduler: Unexpected forwarded intent: Intent { act=android.intent.action.PACKAGE_ADDED dat=package: flg=0x4000010 pkg=com.google.android.gms cmp=com.google.android.gms/.chimera.PersistentIntentOperationService (has extras) }
08-06 21:11:07.349 11354 11354 I Finsky  : [2] kuy.f(9): AIM: AppInfoCacheUpdater -> invalidating apps: [com.clearchannel.iheartradio.controller]
08-06 21:11:07.350 22445 30087 E VA_PackageUtilsV2: getVersionCode: error
08-06 21:11:07.350 22445 30087 E VA_PackageUtilsV2: android.content.pm.PackageManager$NameNotFoundException: com.ximalaya.ting.android
08-06 21:11:07.350 22445 30087 E VA_PackageUtilsV2: 	at android.app.ApplicationPackageManager.getPackageInfoAsUser(ApplicationPackageManager.java:276)
08-06 21:11:07.350 22445 30087 E VA_PackageUtilsV2: 	at android.app.ApplicationPackageManager.getPackageInfo(ApplicationPackageManager.java:236)
08-06 21:11:07.350 22445 30087 E VA_PackageUtilsV2: 	at android.app.ApplicationPackageManager.getPackageInfo(ApplicationPackageManager.java:230)
08-06 21:11:07.350 22445 30087 E VA_PackageUtilsV2: 	at m30.r.getVersionCode(SourceFile:44)
08-06 21:11:07.350 22445 30087 E VA_PackageUtilsV2: 	at ez.r0.getVersionCode(SourceFile:1)
08-06 21:11:07.350 22445 30087 E VA_PackageUtilsV2: 	at ff.b.getAccessibilityInfo(SourceFile:93)
08-06 21:11:07.350 22445 30087 E VA_PackageUtilsV2: 	at ff.b.getSimulateClickState(SourceFile:1)
08-06 21:11:07.350 22445 30087 E VA_PackageUtilsV2: 	at com.xiaomi.voiceassistant.u0$a.getSimulateClickState(SourceFile:1)
08-06 21:11:07.350 22445 30087 E VA_PackageUtilsV2: 	at com.xiaomi.voiceassist.engine.context.CacheContext$a.run(SourceFile:14)
08-06 21:11:07.350 22445 30087 E VA_PackageUtilsV2: 	at java.util.concurrent.Executors$RunnableAdapter.call(Executors.java:487)
08-06 21:11:07.350 22445 30087 E VA_PackageUtilsV2: 	at java.util.concurrent.FutureTask.run(FutureTask.java:264)
08-06 21:11:07.350 22445 30087 E VA_PackageUtilsV2: 	at java.util.concurrent.ThreadPoolExecutor.runWorker(ThreadPoolExecutor.java:1251)
08-06 21:11:07.350 22445 30087 E VA_PackageUtilsV2: 	at java.util.concurrent.ThreadPoolExecutor$Worker.run(ThreadPoolExecutor.java:668)
08-06 21:11:07.350 22445 30087 E VA_PackageUtilsV2: 	at java.lang.Thread.run(Thread.java:1012)
08-06 21:11:07.350 11354 11354 I Finsky  : [2] kvn.g(21): AIM: AppInfoManager-Perf > getApps > called for 1 apps
08-06 21:11:07.350 20053 20053 I Market-ServiceUtils: startForeground: CheckUpdateService
08-06 21:11:07.350  1865  1865 I vendor.qti.hardware.servicetrackeraidl-service: destroyService is called for service : com.google.android.gms/.fitness.service.recording.FitRecordingBroker
08-06 21:11:07.351 22445 30087 E VA_PackageUtilsV2: getVersionCode: error
08-06 21:11:07.351 22445 30087 E VA_PackageUtilsV2: android.content.pm.PackageManager$NameNotFoundException: com.mobike.mobikeapp
08-06 21:11:07.351 22445 30087 E VA_PackageUtilsV2: 	at android.app.ApplicationPackageManager.getPackageInfoAsUser(ApplicationPackageManager.java:276)
08-06 21:11:07.351 22445 30087 E VA_PackageUtilsV2: 	at android.app.ApplicationPackageManager.getPackageInfo(ApplicationPackageManager.java:236)
08-06 21:11:07.351 22445 30087 E VA_PackageUtilsV2: 	at android.app.ApplicationPackageManager.getPackageInfo(ApplicationPackageManager.java:230)
08-06 21:11:07.351 22445 30087 E VA_PackageUtilsV2: 	at m30.r.getVersionCode(SourceFile:44)
08-06 21:11:07.351 22445 30087 E VA_PackageUtilsV2: 	at ez.r0.getVersionCode(SourceFile:1)
08-06 21:11:07.351 22445 30087 E VA_PackageUtilsV2: 	at ff.b.getAccessibilityInfo(SourceFile:93)
08-06 21:11:07.351 22445 30087 E VA_PackageUtilsV2: 	at ff.b.getSimulateClickState(SourceFile:1)
08-06 21:11:07.351 22445 30087 E VA_PackageUtilsV2: 	at com.xiaomi.voiceassistant.u0$a.getSimulateClickState(SourceFile:1)
08-06 21:11:07.351 22445 30087 E VA_PackageUtilsV2: 	at com.xiaomi.voiceassist.engine.context.CacheContext$a.run(SourceFile:14)
08-06 21:11:07.351 22445 30087 E VA_PackageUtilsV2: 	at java.util.concurrent.Executors$RunnableAdapter.call(Executors.java:487)
08-06 21:11:07.351 22445 30087 E VA_PackageUtilsV2: 	at java.util.concurrent.FutureTask.run(FutureTask.java:264)
08-06 21:11:07.351 22445 30087 E VA_PackageUtilsV2: 	at java.util.concurrent.ThreadPoolExecutor.runWorker(ThreadPoolExecutor.java:1251)
08-06 21:11:07.351 22445 30087 E VA_PackageUtilsV2: 	at java.util.concurrent.ThreadPoolExecutor$Worker.run(ThreadPoolExecutor.java:668)
08-06 21:11:07.351 22445 30087 E VA_PackageUtilsV2: 	at java.lang.Thread.run(Thread.java:1012)
08-06 21:11:07.351 11354 11445 I Finsky  : [1701] kwt.a(55): AIM: AppInfoManager-Perf > OnDeviceAppInfo > cacheHitCount=0, cacheMissCount=1. Missed  in cache (limit 10) : [com.clearchannel.iheartradio.controller]
08-06 21:11:07.354  2474 10068 W ActivityManager: Foreground service started from background can not have location/camera/microphone access: service com.xiaomi.market/.business_core.update.auto.CheckUpdateService
08-06 21:11:07.354  2474 10068 I ActivityManager: Background started FGS: Allowed [callingPackage: com.xiaomi.market; callingUid: 10167; uidState: SVC ; uidBFSL: n/a; intent: Intent { cmp=com.xiaomi.market/.business_core.update.auto.CheckUpdateService (has extras) }; code:SYSTEM_ALERT_WINDOW_PERMISSION; tempAllowListReason:<,reasonCode:SYSTEM_ALLOW_LISTED,duration:9223372036854775807,callingUid:-1>; targetSdkVersion:33; callerTargetSdkVersion:33; startForegroundCount:0; bindFromPackage:null: isBindService:false]
08-06 21:11:07.354  2474 10068 W ForegroundServiceTypeLoggerModule: Foreground service start for UID: 10167 does not have any types
08-06 21:11:07.354 11354 11413 I Finsky  : [1693] kuq.apply(1378): AIM: Got app ownership map. App counts: . Unique apps: 0
08-06 21:11:07.355  2474  7257 I MiuiNetworkPolicy: updateUidState uid = 10261, uidState = 10
08-06 21:11:07.355  2474  7257 I MiuiNetworkPolicy: updateUidState uid = 10158, uidState = 10
08-06 21:11:07.357 11098 30392 I Fitness : (REDACTED) OnPackageChangedOperation got intent: %s
08-06 21:11:07.357 11354 11445 I Finsky  : [1701] kwp.a(206): AIM: AppInfoManager-Perf > ItemModel > CacheSize=34, cacheHitCount=0, cacheMissCount=0, total appsWithNoServerDataCount=3. Missed  in cache (limit 10) : []
08-06 21:11:07.358 22445 30087 E VA_PackageUtilsV2: getVersionCode: error
08-06 21:11:07.358 22445 30087 E VA_PackageUtilsV2: android.content.pm.PackageManager$NameNotFoundException: so.ofo.labofo
08-06 21:11:07.358 22445 30087 E VA_PackageUtilsV2: 	at android.app.ApplicationPackageManager.getPackageInfoAsUser(ApplicationPackageManager.java:276)
08-06 21:11:07.358 22445 30087 E VA_PackageUtilsV2: 	at android.app.ApplicationPackageManager.getPackageInfo(ApplicationPackageManager.java:236)
08-06 21:11:07.358 22445 30087 E VA_PackageUtilsV2: 	at android.app.ApplicationPackageManager.getPackageInfo(ApplicationPackageManager.java:230)
08-06 21:11:07.358 22445 30087 E VA_PackageUtilsV2: 	at m30.r.getVersionCode(SourceFile:44)
08-06 21:11:07.358 22445 30087 E VA_PackageUtilsV2: 	at ez.r0.getVersionCode(SourceFile:1)
08-06 21:11:07.358 22445 30087 E VA_PackageUtilsV2: 	at ff.b.getAccessibilityInfo(SourceFile:93)
08-06 21:11:07.358 22445 30087 E VA_PackageUtilsV2: 	at ff.b.getSimulateClickState(SourceFile:1)
08-06 21:11:07.358 22445 30087 E VA_PackageUtilsV2: 	at com.xiaomi.voiceassistant.u0$a.getSimulateClickState(SourceFile:1)
08-06 21:11:07.358 22445 30087 E VA_PackageUtilsV2: 	at com.xiaomi.voiceassist.engine.context.CacheContext$a.run(SourceFile:14)
08-06 21:11:07.358 22445 30087 E VA_PackageUtilsV2: 	at java.util.concurrent.Executors$RunnableAdapter.call(Executors.java:487)
08-06 21:11:07.358 22445 30087 E VA_PackageUtilsV2: 	at java.util.concurrent.FutureTask.run(FutureTask.java:264)
08-06 21:11:07.358 22445 30087 E VA_PackageUtilsV2: 	at java.util.concurrent.ThreadPoolExecutor.runWorker(ThreadPoolExecutor.java:1251)
08-06 21:11:07.358 22445 30087 E VA_PackageUtilsV2: 	at java.util.concurrent.ThreadPoolExecutor$Worker.run(ThreadPoolExecutor.java:668)
08-06 21:11:07.358 22445 30087 E VA_PackageUtilsV2: 	at java.lang.Thread.run(Thread.java:1012)
08-06 21:11:07.360 11354 30064 I Finsky  : [2093] pcp.accept(129): Wrote row to frosting DB: 1721
08-06 21:11:07.360 20053 20814 I Market-RetrofitRequest: callStart : https://updateinfo.market.xiaomi.com/apm/updateinfo/v2
08-06 21:11:07.360  1865  1865 I vendor.qti.hardware.servicetrackeraidl-service: destroyService is called for service : com.google.android.gms/.icing.service.IndexWorkerService
08-06 21:11:07.361 20053 20814 I Market-RetrofitRequest: HeaderInterceptor : https://updateinfo.market.xiaomi.com/apm/updateinfo/v2
08-06 21:11:07.361  2474  7257 I MiuiNetworkPolicy: updateUidState uid = 10261, uidState = 4
08-06 21:11:07.361  2474  7257 I MiuiNetworkPolicyTrafficLimit: updateWhiteListUidForMobileTraffic uid=10261,add=true
08-06 21:11:07.361  2474  7257 I MiuiNetworkPolicy: updateUidState uid = 10203, uidState = 4
08-06 21:11:07.361  2474  7257 I MiuiNetworkPolicy: updateUidState uid = 10169, uidState = 4
08-06 21:11:07.361  2474  7257 I MiuiNetworkPolicyTrafficLimit: updateWhiteListUidForMobileTraffic uid=10169,add=true
08-06 21:11:07.361  2474  7257 I MiuiNetworkPolicy: updateUidState uid = 10167, uidState = 4
08-06 21:11:07.361  2474  7257 I MiuiNetworkPolicyTrafficLimit: updateWhiteListUidForMobileTraffic uid=10167,add=true
08-06 21:11:07.361  2474  7257 I MiuiNetworkPolicy: updateUidState uid = 10158, uidState = 4
08-06 21:11:07.363 20053 20814 E Market-Client: isSupportChildMode, error: java.lang.NumberFormatException: For input string: ""
08-06 21:11:07.363 20053 20814 E Market-Client: isSupportChildMode, error: java.lang.NumberFormatException: For input string: ""
08-06 21:11:07.364 11128 30584 I Icing   : Indexing com.google.android.gms-apps from com.google.android.gms
08-06 21:11:07.364  2474  8331 W ParceledListSlice: Element #364 is 25752 bytes.
08-06 21:11:07.365 11128 30572 I Auth    : (REDACTED) [SupervisedAccountIntentOperationV2] onHandleIntent: %s
08-06 21:11:07.365 20053 20814 I Market-LimitSpeedManager: startLimitSpeedNow() ====== speed = 32768
08-06 21:11:07.366  2474  7257 I MiuiNetworkPolicyTrafficLimit: updateWhiteListUidForMobileTraffic uid=10158,add=true
08-06 21:11:07.366  2474  7257 I MiuiNetworkPolicy: updateUidState uid = 10090, uidState = 4
08-06 21:11:07.366 24010 24011 I artd    : Dex parent of /data/app/~~ZWq82heNtV8l6s6G0dbzSg==/com.clearchannel.iheartradio.controller-G3Z_aAp5dpilukVqrkgk-g==/base.apk is not writable: Permission denied
08-06 21:11:07.366 24010 24011 I artd    : GetBestInfo checking odex in dalvik-cache (/data/dalvik-cache/arm64/data@app@~~ZWq82heNtV8l6s6G0dbzSg==@com.clearchannel.iheartradio.controller-G3Z_aAp5dpilukVqrkgk-g==@base.apk@classes.dex)
08-06 21:11:07.366 24010 24011 I artd    : Loading /data/dalvik-cache/arm64/data@app@~~ZWq82heNtV8l6s6G0dbzSg==@com.clearchannel.iheartradio.controller-G3Z_aAp5dpilukVqrkgk-g==@base.apk@classes.dex with executable: 0
08-06 21:11:07.366 24010 24011 I artd    : OatFileAssistant test for existing oat file /data/dalvik-cache/arm64/data@app@~~ZWq82heNtV8l6s6G0dbzSg==@com.clearchannel.iheartradio.controller-G3Z_aAp5dpilukVqrkgk-g==@base.apk@classes.dex: File /data/dalvik-cache/arm64/data@app@~~ZWq82heNtV8l6s6G0dbzSg==@com.clearchannel.iheartradio.controller-G3Z_aAp5dpilukVqrkgk-g==@base.apk@classes.vdex does not exist.
08-06 21:11:07.366 24010 24011 I artd    : GetBestInfo checking odex next to the dex file (/data/app/~~ZWq82heNtV8l6s6G0dbzSg==/com.clearchannel.iheartradio.controller-G3Z_aAp5dpilukVqrkgk-g==/oat/arm64/base.odex)
08-06 21:11:07.366 24010 24011 I artd    : Loading /data/app/~~ZWq82heNtV8l6s6G0dbzSg==/com.clearchannel.iheartradio.controller-G3Z_aAp5dpilukVqrkgk-g==/oat/arm64/base.odex with executable: 0
08-06 21:11:07.367 22445 30087 E VA_PackageUtilsV2: getVersionCode: error
08-06 21:11:07.367 22445 30087 E VA_PackageUtilsV2: android.content.pm.PackageManager$NameNotFoundException: com.kugou.android
08-06 21:11:07.367 22445 30087 E VA_PackageUtilsV2: 	at android.app.ApplicationPackageManager.getPackageInfoAsUser(ApplicationPackageManager.java:276)
08-06 21:11:07.367 22445 30087 E VA_PackageUtilsV2: 	at android.app.ApplicationPackageManager.getPackageInfo(ApplicationPackageManager.java:236)
08-06 21:11:07.367 22445 30087 E VA_PackageUtilsV2: 	at android.app.ApplicationPackageManager.getPackageInfo(ApplicationPackageManager.java:230)
08-06 21:11:07.367 22445 30087 E VA_PackageUtilsV2: 	at m30.r.getVersionCode(SourceFile:44)
08-06 21:11:07.367 22445 30087 E VA_PackageUtilsV2: 	at ez.r0.getVersionCode(SourceFile:1)
08-06 21:11:07.367 22445 30087 E VA_PackageUtilsV2: 	at ff.b.getAccessibilityInfo(SourceFile:93)
08-06 21:11:07.367 22445 30087 E VA_PackageUtilsV2: 	at ff.b.getSimulateClickState(SourceFile:1)
08-06 21:11:07.367 22445 30087 E VA_PackageUtilsV2: 	at com.xiaomi.voiceassistant.u0$a.getSimulateClickState(SourceFile:1)
08-06 21:11:07.367 22445 30087 E VA_PackageUtilsV2: 	at com.xiaomi.voiceassist.engine.context.CacheContext$a.run(SourceFile:14)
08-06 21:11:07.367 22445 30087 E VA_PackageUtilsV2: 	at java.util.concurrent.Executors$RunnableAdapter.call(Executors.java:487)
08-06 21:11:07.367 22445 30087 E VA_PackageUtilsV2: 	at java.util.concurrent.FutureTask.run(FutureTask.java:264)
08-06 21:11:07.367 22445 30087 E VA_PackageUtilsV2: 	at java.util.concurrent.ThreadPoolExecutor.runWorker(ThreadPoolExecutor.java:1251)
08-06 21:11:07.367 22445 30087 E VA_PackageUtilsV2: 	at java.util.concurrent.ThreadPoolExecutor$Worker.run(ThreadPoolExecutor.java:668)
08-06 21:11:07.367 22445 30087 E VA_PackageUtilsV2: 	at java.lang.Thread.run(Thread.java:1012)
08-06 21:11:07.367 24010 24011 I artd    : Successfully loaded /data/app/~~ZWq82heNtV8l6s6G0dbzSg==/com.clearchannel.iheartradio.controller-G3Z_aAp5dpilukVqrkgk-g==/oat/arm64/base.odex with executable: 0
08-06 21:11:07.367 11128 11352 I AppLinksAsyncVerifierV2: (REDACTED) Verification result: checking for a statement with source %s, relation delegate_permission/common.handle_all_urls, and target %s --> %b.
08-06 21:11:07.367 11128 30603 I Dck     : (REDACTED) disableDckSupport: %s
08-06 21:11:07.367 11128 30603 I Dck     : [WirelessCapabilitiesFeatures] wccSysProp: 1 [CONTEXT service_id=289 ]
08-06 21:11:07.367 11128 30603 I Dck     : [WirelessCapabilitiesFeatures] wccMendel: 3 [CONTEXT service_id=289 ]
08-06 21:11:07.367 11128 30603 I Dck     : [WirelessCapabilitiesFeatures] deviceWccOverride: false [CONTEXT service_id=289 ]
08-06 21:11:07.367 11128 30603 I Dck     : [WirelessCapabilitiesFeatures] replaceSupportedWccWithWccOverride: true [CONTEXT service_id=289 ]
08-06 21:11:07.367 11128 30603 I Dck     : [WirelessCapabilitiesFeatures] wccOverride: not set [CONTEXT service_id=289 ]
08-06 21:11:07.367 11128 30603 I Dck     : (REDACTED) [WirelessCapabilitiesFeatures] wcc: %s
08-06 21:11:07.367 11128 30603 I Dck     : Dck module condition - downloadAllowed: false [CONTEXT service_id=289 ]
08-06 21:11:07.367 11128 30603 W Dck     : Dck module not eligible for asynchronous downloading [CONTEXT service_id=289 ]
08-06 21:11:07.367 24010 24011 I artd    : /data/app/~~ZWq82heNtV8l6s6G0dbzSg==/com.clearchannel.iheartradio.controller-G3Z_aAp5dpilukVqrkgk-g==/oat/arm64/base.odex is kOatUpToDate with filter verify
08-06 21:11:07.368 22445 30087 E VA_PackageUtilsV2: getVersionCode: error
08-06 21:11:07.368 22445 30087 E VA_PackageUtilsV2: android.content.pm.PackageManager$NameNotFoundException: com.netease.cloudmusic
08-06 21:11:07.368 22445 30087 E VA_PackageUtilsV2: 	at android.app.ApplicationPackageManager.getPackageInfoAsUser(ApplicationPackageManager.java:276)
08-06 21:11:07.368 22445 30087 E VA_PackageUtilsV2: 	at android.app.ApplicationPackageManager.getPackageInfo(ApplicationPackageManager.java:236)
08-06 21:11:07.368 22445 30087 E VA_PackageUtilsV2: 	at android.app.ApplicationPackageManager.getPackageInfo(ApplicationPackageManager.java:230)
08-06 21:11:07.368 22445 30087 E VA_PackageUtilsV2: 	at m30.r.getVersionCode(SourceFile:44)
08-06 21:11:07.368 22445 30087 E VA_PackageUtilsV2: 	at ez.r0.getVersionCode(SourceFile:1)
08-06 21:11:07.368 22445 30087 E VA_PackageUtilsV2: 	at ff.b.getAccessibilityInfo(SourceFile:93)
08-06 21:11:07.368 22445 30087 E VA_PackageUtilsV2: 	at ff.b.getSimulateClickState(SourceFile:1)
08-06 21:11:07.368 22445 30087 E VA_PackageUtilsV2: 	at com.xiaomi.voiceassistant.u0$a.getSimulateClickState(SourceFile:1)
08-06 21:11:07.368 22445 30087 E VA_PackageUtilsV2: 	at com.xiaomi.voiceassist.engine.context.CacheContext$a.run(SourceFile:14)
08-06 21:11:07.368 22445 30087 E VA_PackageUtilsV2: 	at java.util.concurrent.Executors$RunnableAdapter.call(Executors.java:487)
08-06 21:11:07.368 22445 30087 E VA_PackageUtilsV2: 	at java.util.concurrent.FutureTask.run(FutureTask.java:264)
08-06 21:11:07.368 22445 30087 E VA_PackageUtilsV2: 	at java.util.concurrent.ThreadPoolExecutor.runWorker(ThreadPoolExecutor.java:1251)
08-06 21:11:07.368 22445 30087 E VA_PackageUtilsV2: 	at java.util.concurrent.ThreadPoolExecutor$Worker.run(ThreadPoolExecutor.java:668)
08-06 21:11:07.368 22445 30087 E VA_PackageUtilsV2: 	at java.lang.Thread.run(Thread.java:1012)
08-06 21:11:07.368 17558 17715 I WM-WorkerWrapper: Worker result SUCCESS for Work [ id=47d42012-294d-465c-a87a-384e65da3357, tags={ com.miui.optimizecenter.common.appcache.AppCacheManager$Companion$AppChangedReceiverWork } ]
08-06 21:11:07.369 11354 11354 I Finsky  : [2] akwu.c(44): Do not start WearSupportService due to Wear service optimization
08-06 21:11:07.370 20053 20814 I Market-DownloadLimitSpeedManager: startLimitSpeed success. Total count 1
08-06 21:11:07.370 20053 20814 I Market-RetrofitRequest: HeaderInterceptor : https://updateinfo.market.xiaomi.com/apm/updateinfo/v2
08-06 21:11:07.371 20053 30404 I Market-WakeLockManager: acquire wakeLock: CheckUpdateService for 30000
08-06 21:11:07.371 22445 30087 E VA_PackageUtilsV2: getVersionCode: error
08-06 21:11:07.371 22445 30087 E VA_PackageUtilsV2: android.content.pm.PackageManager$NameNotFoundException: com.tencent.qqmusic
08-06 21:11:07.371 22445 30087 E VA_PackageUtilsV2: 	at android.app.ApplicationPackageManager.getPackageInfoAsUser(ApplicationPackageManager.java:276)
08-06 21:11:07.371 22445 30087 E VA_PackageUtilsV2: 	at android.app.ApplicationPackageManager.getPackageInfo(ApplicationPackageManager.java:236)
08-06 21:11:07.371 22445 30087 E VA_PackageUtilsV2: 	at android.app.ApplicationPackageManager.getPackageInfo(ApplicationPackageManager.java:230)
08-06 21:11:07.371 22445 30087 E VA_PackageUtilsV2: 	at m30.r.getVersionCode(SourceFile:44)
08-06 21:11:07.371 22445 30087 E VA_PackageUtilsV2: 	at ez.r0.getVersionCode(SourceFile:1)
08-06 21:11:07.371 22445 30087 E VA_PackageUtilsV2: 	at ff.b.getAccessibilityInfo(SourceFile:93)
08-06 21:11:07.371 22445 30087 E VA_PackageUtilsV2: 	at ff.b.getSimulateClickState(SourceFile:1)
08-06 21:11:07.371 22445 30087 E VA_PackageUtilsV2: 	at com.xiaomi.voiceassistant.u0$a.getSimulateClickState(SourceFile:1)
08-06 21:11:07.371 22445 30087 E VA_PackageUtilsV2: 	at com.xiaomi.voiceassist.engine.context.CacheContext$a.run(SourceFile:14)
08-06 21:11:07.371 22445 30087 E VA_PackageUtilsV2: 	at java.util.concurrent.Executors$RunnableAdapter.call(Executors.java:487)
08-06 21:11:07.371 22445 30087 E VA_PackageUtilsV2: 	at java.util.concurrent.FutureTask.run(FutureTask.java:264)
08-06 21:11:07.371 22445 30087 E VA_PackageUtilsV2: 	at java.util.concurrent.ThreadPoolExecutor.runWorker(ThreadPoolExecutor.java:1251)
08-06 21:11:07.371 22445 30087 E VA_PackageUtilsV2: 	at java.util.concurrent.ThreadPoolExecutor$Worker.run(ThreadPoolExecutor.java:668)
08-06 21:11:07.371 22445 30087 E VA_PackageUtilsV2: 	at java.lang.Thread.run(Thread.java:1012)
08-06 21:11:07.371 11354 11354 I Finsky  : [2] yag.g(1): yag - Received: android.intent.action.PACKAGE_CHANGED, [yb7gE9irFYap8tJ5-bonGK8pm1btJH1F--B01DBEhkE]
08-06 21:11:07.372 20053 30404 I Market-CheckUpdateService: force check Update Apps
08-06 21:11:07.372 20053 30404 I Market-LocalAppManager: query update apps from server : begin
08-06 21:11:07.372 20053 30404 I Market-LocalAppManager: checkUpdateFromServer : start
08-06 21:11:07.372 20053 30404 I Market-LocalAppManager: getUpdateInfoFromServer : start,isBackground=true
08-06 21:11:07.372 22445 30087 E VA_PackageUtilsV2: getVersionCode: error
08-06 21:11:07.372 22445 30087 E VA_PackageUtilsV2: android.content.pm.PackageManager$NameNotFoundException: com.qiyi.video
08-06 21:11:07.372 22445 30087 E VA_PackageUtilsV2: 	at android.app.ApplicationPackageManager.getPackageInfoAsUser(ApplicationPackageManager.java:276)
08-06 21:11:07.372 22445 30087 E VA_PackageUtilsV2: 	at android.app.ApplicationPackageManager.getPackageInfo(ApplicationPackageManager.java:236)
08-06 21:11:07.372 22445 30087 E VA_PackageUtilsV2: 	at android.app.ApplicationPackageManager.getPackageInfo(ApplicationPackageManager.java:230)
08-06 21:11:07.372 22445 30087 E VA_PackageUtilsV2: 	at m30.r.getVersionCode(SourceFile:44)
08-06 21:11:07.372 22445 30087 E VA_PackageUtilsV2: 	at ez.r0.getVersionCode(SourceFile:1)
08-06 21:11:07.372 22445 30087 E VA_PackageUtilsV2: 	at ff.b.getAccessibilityInfo(SourceFile:93)
08-06 21:11:07.372 22445 30087 E VA_PackageUtilsV2: 	at ff.b.getSimulateClickState(SourceFile:1)
08-06 21:11:07.372 22445 30087 E VA_PackageUtilsV2: 	at com.xiaomi.voiceassistant.u0$a.getSimulateClickState(SourceFile:1)
08-06 21:11:07.372 22445 30087 E VA_PackageUtilsV2: 	at com.xiaomi.voiceassist.engine.context.CacheContext$a.run(SourceFile:14)
08-06 21:11:07.372 22445 30087 E VA_PackageUtilsV2: 	at java.util.concurrent.Executors$RunnableAdapter.call(Executors.java:487)
08-06 21:11:07.372 22445 30087 E VA_PackageUtilsV2: 	at java.util.concurrent.FutureTask.run(FutureTask.java:264)
08-06 21:11:07.372 22445 30087 E VA_PackageUtilsV2: 	at java.util.concurrent.ThreadPoolExecutor.runWorker(ThreadPoolExecutor.java:1251)
08-06 21:11:07.372 22445 30087 E VA_PackageUtilsV2: 	at java.util.concurrent.ThreadPoolExecutor$Worker.run(ThreadPoolExecutor.java:668)
08-06 21:11:07.372 22445 30087 E VA_PackageUtilsV2: 	at java.lang.Thread.run(Thread.java:1012)
08-06 21:11:07.373 22445 30087 E VA_PackageUtilsV2: getVersionCode: error
08-06 21:11:07.373 22445 30087 E VA_PackageUtilsV2: android.content.pm.PackageManager$NameNotFoundException: com.tencent.qqlive
08-06 21:11:07.373 22445 30087 E VA_PackageUtilsV2: 	at android.app.ApplicationPackageManager.getPackageInfoAsUser(ApplicationPackageManager.java:276)
08-06 21:11:07.373 22445 30087 E VA_PackageUtilsV2: 	at android.app.ApplicationPackageManager.getPackageInfo(ApplicationPackageManager.java:236)
08-06 21:11:07.373 22445 30087 E VA_PackageUtilsV2: 	at android.app.ApplicationPackageManager.getPackageInfo(ApplicationPackageManager.java:230)
08-06 21:11:07.373 22445 30087 E VA_PackageUtilsV2: 	at m30.r.getVersionCode(SourceFile:44)
08-06 21:11:07.373 22445 30087 E VA_PackageUtilsV2: 	at ez.r0.getVersionCode(SourceFile:1)
08-06 21:11:07.373 22445 30087 E VA_PackageUtilsV2: 	at ff.b.getAccessibilityInfo(SourceFile:93)
08-06 21:11:07.373 22445 30087 E VA_PackageUtilsV2: 	at ff.b.getSimulateClickState(SourceFile:1)
08-06 21:11:07.373 22445 30087 E VA_PackageUtilsV2: 	at com.xiaomi.voiceassistant.u0$a.getSimulateClickState(SourceFile:1)
08-06 21:11:07.373 22445 30087 E VA_PackageUtilsV2: 	at com.xiaomi.voiceassist.engine.context.CacheContext$a.run(SourceFile:14)
08-06 21:11:07.373 22445 30087 E VA_PackageUtilsV2: 	at java.util.concurrent.Executors$RunnableAdapter.call(Executors.java:487)
08-06 21:11:07.373 22445 30087 E VA_PackageUtilsV2: 	at java.util.concurrent.FutureTask.run(FutureTask.java:264)
08-06 21:11:07.373 22445 30087 E VA_PackageUtilsV2: 	at java.util.concurrent.ThreadPoolExecutor.runWorker(ThreadPoolExecutor.java:1251)
08-06 21:11:07.373 22445 30087 E VA_PackageUtilsV2: 	at java.util.concurrent.ThreadPoolExecutor$Worker.run(ThreadPoolExecutor.java:668)
08-06 21:11:07.373 22445 30087 E VA_PackageUtilsV2: 	at java.lang.Thread.run(Thread.java:1012)
08-06 21:11:07.373 22445 30087 E VA_PackageUtilsV2: getVersionCode: error
08-06 21:11:07.373 22445 30087 E VA_PackageUtilsV2: android.content.pm.PackageManager$NameNotFoundException: com.eg.android.AlipayGphone
08-06 21:11:07.373 22445 30087 E VA_PackageUtilsV2: 	at android.app.ApplicationPackageManager.getPackageInfoAsUser(ApplicationPackageManager.java:276)
08-06 21:11:07.373 22445 30087 E VA_PackageUtilsV2: 	at android.app.ApplicationPackageManager.getPackageInfo(ApplicationPackageManager.java:236)
08-06 21:11:07.373 22445 30087 E VA_PackageUtilsV2: 	at android.app.ApplicationPackageManager.getPackageInfo(ApplicationPackageManager.java:230)
08-06 21:11:07.373 22445 30087 E VA_PackageUtilsV2: 	at m30.r.getVersionCode(SourceFile:44)
08-06 21:11:07.373 22445 30087 E VA_PackageUtilsV2: 	at ez.r0.getVersionCode(SourceFile:1)
08-06 21:11:07.373 22445 30087 E VA_PackageUtilsV2: 	at ff.b.getAccessibilityInfo(SourceFile:93)
08-06 21:11:07.373 22445 30087 E VA_PackageUtilsV2: 	at ff.b.getSimulateClickState(SourceFile:1)
08-06 21:11:07.373 22445 30087 E VA_PackageUtilsV2: 	at com.xiaomi.voiceassistant.u0$a.getSimulateClickState(SourceFile:1)
08-06 21:11:07.373 22445 30087 E VA_PackageUtilsV2: 	at com.xiaomi.voiceassist.engine.context.CacheContext$a.run(SourceFile:14)
08-06 21:11:07.373 22445 30087 E VA_PackageUtilsV2: 	at java.util.concurrent.Executors$RunnableAdapter.call(Executors.java:487)
08-06 21:11:07.373 22445 30087 E VA_PackageUtilsV2: 	at java.util.concurrent.FutureTask.run(FutureTask.java:264)
08-06 21:11:07.373 22445 30087 E VA_PackageUtilsV2: 	at java.util.concurrent.ThreadPoolExecutor.runWorker(ThreadPoolExecutor.java:1251)
08-06 21:11:07.373 22445 30087 E VA_PackageUtilsV2: 	at java.util.concurrent.ThreadPoolExecutor$Worker.run(ThreadPoolExecutor.java:668)
08-06 21:11:07.373 22445 30087 E VA_PackageUtilsV2: 	at java.lang.Thread.run(Thread.java:1012)
08-06 21:11:07.373 22445 30087 E VA_PackageUtilsV2: getVersionCode: error
08-06 21:11:07.373 22445 30087 E VA_PackageUtilsV2: android.content.pm.PackageManager$NameNotFoundException: com.tencent.mm
08-06 21:11:07.373 22445 30087 E VA_PackageUtilsV2: 	at android.app.ApplicationPackageManager.getPackageInfoAsUser(ApplicationPackageManager.java:276)
08-06 21:11:07.373 22445 30087 E VA_PackageUtilsV2: 	at android.app.ApplicationPackageManager.getPackageInfo(ApplicationPackageManager.java:236)
08-06 21:11:07.373 22445 30087 E VA_PackageUtilsV2: 	at android.app.ApplicationPackageManager.getPackageInfo(ApplicationPackageManager.java:230)
08-06 21:11:07.373 22445 30087 E VA_PackageUtilsV2: 	at m30.r.getVersionCode(SourceFile:44)
08-06 21:11:07.373 22445 30087 E VA_PackageUtilsV2: 	at ez.r0.getVersionCode(SourceFile:1)
08-06 21:11:07.373 22445 30087 E VA_PackageUtilsV2: 	at ff.b.getAccessibilityInfo(SourceFile:93)
08-06 21:11:07.373 22445 30087 E VA_PackageUtilsV2: 	at ff.b.getSimulateClickState(SourceFile:1)
08-06 21:11:07.373 22445 30087 E VA_PackageUtilsV2: 	at com.xiaomi.voiceassistant.u0$a.getSimulateClickState(SourceFile:1)
08-06 21:11:07.373 22445 30087 E VA_PackageUtilsV2: 	at com.xiaomi.voiceassist.engine.context.CacheContext$a.run(SourceFile:14)
08-06 21:11:07.373 22445 30087 E VA_PackageUtilsV2: 	at java.util.concurrent.Executors$RunnableAdapter.call(Executors.java:487)
08-06 21:11:07.373 22445 30087 E VA_PackageUtilsV2: 	at java.util.concurrent.FutureTask.run(FutureTask.java:264)
08-06 21:11:07.373 22445 30087 E VA_PackageUtilsV2: 	at java.util.concurrent.ThreadPoolExecutor.runWorker(ThreadPoolExecutor.java:1251)
08-06 21:11:07.373 22445 30087 E VA_PackageUtilsV2: 	at java.util.concurrent.ThreadPoolExecutor$Worker.run(ThreadPoolExecutor.java:668)
08-06 21:11:07.373 22445 30087 E VA_PackageUtilsV2: 	at java.lang.Thread.run(Thread.java:1012)
08-06 21:11:07.376 11354 30064 I Finsky  : [2093] pcp.accept(129): Wrote row to frosting DB: 1722
08-06 21:11:07.377  1865  1865 I vendor.qti.hardware.servicetrackeraidl-service: destroyService is called for service : com.google.android.gms/.fitness.service.recording.FitRecordingBroker
08-06 21:11:07.377 11354 11440 I Finsky  : [1700] kwp.a(206): AIM: AppInfoManager-Perf > ItemModel > CacheSize=34, cacheHitCount=0, cacheMissCount=0, total appsWithNoServerDataCount=3. Missed  in cache (limit 10) : []
08-06 21:11:07.378 11098 30390 I Fitness : (REDACTED) FitCleanupIntentOperation received Intent %s
08-06 21:11:07.378 11128 30615 I NearbyDiscovery: (REDACTED) processGrantSlicePermission: %s
08-06 21:11:07.382 22445 30087 E VA_PackageUtilsV2: getVersionCode: error
08-06 21:11:07.382 22445 30087 E VA_PackageUtilsV2: android.content.pm.PackageManager$NameNotFoundException: com.tencent.mobileqq
08-06 21:11:07.382 22445 30087 E VA_PackageUtilsV2: 	at android.app.ApplicationPackageManager.getPackageInfoAsUser(ApplicationPackageManager.java:276)
08-06 21:11:07.382 22445 30087 E VA_PackageUtilsV2: 	at android.app.ApplicationPackageManager.getPackageInfo(ApplicationPackageManager.java:236)
08-06 21:11:07.382 22445 30087 E VA_PackageUtilsV2: 	at android.app.ApplicationPackageManager.getPackageInfo(ApplicationPackageManager.java:230)
08-06 21:11:07.382 22445 30087 E VA_PackageUtilsV2: 	at m30.r.getVersionCode(SourceFile:44)
08-06 21:11:07.382 22445 30087 E VA_PackageUtilsV2: 	at ez.r0.getVersionCode(SourceFile:1)
08-06 21:11:07.382 22445 30087 E VA_PackageUtilsV2: 	at ff.b.getAccessibilityInfo(SourceFile:93)
08-06 21:11:07.382 22445 30087 E VA_PackageUtilsV2: 	at ff.b.getSimulateClickState(SourceFile:1)
08-06 21:11:07.382 22445 30087 E VA_PackageUtilsV2: 	at com.xiaomi.voiceassistant.u0$a.getSimulateClickState(SourceFile:1)
08-06 21:11:07.382 22445 30087 E VA_PackageUtilsV2: 	at com.xiaomi.voiceassist.engine.context.CacheContext$a.run(SourceFile:14)
08-06 21:11:07.382 22445 30087 E VA_PackageUtilsV2: 	at java.util.concurrent.Executors$RunnableAdapter.call(Executors.java:487)
08-06 21:11:07.382 22445 30087 E VA_PackageUtilsV2: 	at java.util.concurrent.FutureTask.run(FutureTask.java:264)
08-06 21:11:07.382 22445 30087 E VA_PackageUtilsV2: 	at java.util.concurrent.ThreadPoolExecutor.runWorker(ThreadPoolExecutor.java:1251)
08-06 21:11:07.382 22445 30087 E VA_PackageUtilsV2: 	at java.util.concurrent.ThreadPoolExecutor$Worker.run(ThreadPoolExecutor.java:668)
08-06 21:11:07.382 22445 30087 E VA_PackageUtilsV2: 	at java.lang.Thread.run(Thread.java:1012)
08-06 21:11:07.383 11128 12113 I AppLinksAsyncVerifierV2: (REDACTED) Verification result: checking for a statement with source %s, relation delegate_permission/common.handle_all_urls, and target %s --> %b.
08-06 21:11:07.386 11354 11440 I Finsky  : [1700] kwt.a(55): AIM: AppInfoManager-Perf > OnDeviceAppInfo > cacheHitCount=1, cacheMissCount=0. Missed  in cache (limit 10) : []
08-06 21:11:07.386 11354 11440 I Finsky  : [1700] kuq.apply(1378): AIM: Got app ownership map. App counts: . Unique apps: 0
08-06 21:11:07.386 22445 30087 E VA_PackageUtilsV2: getVersionCode: error
08-06 21:11:07.386 22445 30087 E VA_PackageUtilsV2: android.content.pm.PackageManager$NameNotFoundException: com.youku.phone
08-06 21:11:07.386 22445 30087 E VA_PackageUtilsV2: 	at android.app.ApplicationPackageManager.getPackageInfoAsUser(ApplicationPackageManager.java:276)
08-06 21:11:07.386 22445 30087 E VA_PackageUtilsV2: 	at android.app.ApplicationPackageManager.getPackageInfo(ApplicationPackageManager.java:236)
08-06 21:11:07.386 22445 30087 E VA_PackageUtilsV2: 	at android.app.ApplicationPackageManager.getPackageInfo(ApplicationPackageManager.java:230)
08-06 21:11:07.386 22445 30087 E VA_PackageUtilsV2: 	at m30.r.getVersionCode(SourceFile:44)
08-06 21:11:07.386 22445 30087 E VA_PackageUtilsV2: 	at ez.r0.getVersionCode(SourceFile:1)
08-06 21:11:07.386 22445 30087 E VA_PackageUtilsV2: 	at ff.b.getAccessibilityInfo(SourceFile:93)
08-06 21:11:07.386 22445 30087 E VA_PackageUtilsV2: 	at ff.b.getSimulateClickState(SourceFile:1)
08-06 21:11:07.386 22445 30087 E VA_PackageUtilsV2: 	at com.xiaomi.voiceassistant.u0$a.getSimulateClickState(SourceFile:1)
08-06 21:11:07.386 22445 30087 E VA_PackageUtilsV2: 	at com.xiaomi.voiceassist.engine.context.CacheContext$a.run(SourceFile:14)
08-06 21:11:07.386 22445 30087 E VA_PackageUtilsV2: 	at java.util.concurrent.Executors$RunnableAdapter.call(Executors.java:487)
08-06 21:11:07.386 22445 30087 E VA_PackageUtilsV2: 	at java.util.concurrent.FutureTask.run(FutureTask.java:264)
08-06 21:11:07.386 22445 30087 E VA_PackageUtilsV2: 	at java.util.concurrent.ThreadPoolExecutor.runWorker(ThreadPoolExecutor.java:1251)
08-06 21:11:07.386 22445 30087 E VA_PackageUtilsV2: 	at java.util.concurrent.ThreadPoolExecutor$Worker.run(ThreadPoolExecutor.java:668)
08-06 21:11:07.386 22445 30087 E VA_PackageUtilsV2: 	at java.lang.Thread.run(Thread.java:1012)
08-06 21:11:07.388 22445 29668 I VA_GlobalContext: appVersionCode = -989340664   last version = -1930677291
08-06 21:11:07.390 22445 29668 I VA_GlobalContext: createLocalAppsJson size:78
08-06 21:11:07.390 22445 29668 I VA_AivsSDK-[AIVS 1997-IO_task_25] EngineImpl: updateAppData: not update
08-06 21:11:07.391 22445 30087 E VA_PackageUtilsV2: getVersionCode: error
08-06 21:11:07.391 22445 30087 E VA_PackageUtilsV2: android.content.pm.PackageManager$NameNotFoundException: com.dianping.v1
08-06 21:11:07.391 22445 30087 E VA_PackageUtilsV2: 	at android.app.ApplicationPackageManager.getPackageInfoAsUser(ApplicationPackageManager.java:276)
08-06 21:11:07.391 22445 30087 E VA_PackageUtilsV2: 	at android.app.ApplicationPackageManager.getPackageInfo(ApplicationPackageManager.java:236)
08-06 21:11:07.391 22445 30087 E VA_PackageUtilsV2: 	at android.app.ApplicationPackageManager.getPackageInfo(ApplicationPackageManager.java:230)
08-06 21:11:07.391 22445 30087 E VA_PackageUtilsV2: 	at m30.r.getVersionCode(SourceFile:44)
08-06 21:11:07.391 22445 30087 E VA_PackageUtilsV2: 	at ez.r0.getVersionCode(SourceFile:1)
08-06 21:11:07.391 22445 30087 E VA_PackageUtilsV2: 	at ff.b.getAccessibilityInfo(SourceFile:93)
08-06 21:11:07.391 22445 30087 E VA_PackageUtilsV2: 	at ff.b.getSimulateClickState(SourceFile:1)
08-06 21:11:07.391 22445 30087 E VA_PackageUtilsV2: 	at com.xiaomi.voiceassistant.u0$a.getSimulateClickState(SourceFile:1)
08-06 21:11:07.391 22445 30087 E VA_PackageUtilsV2: 	at com.xiaomi.voiceassist.engine.context.CacheContext$a.run(SourceFile:14)
08-06 21:11:07.391 22445 30087 E VA_PackageUtilsV2: 	at java.util.concurrent.Executors$RunnableAdapter.call(Executors.java:487)
08-06 21:11:07.391 22445 30087 E VA_PackageUtilsV2: 	at java.util.concurrent.FutureTask.run(FutureTask.java:264)
08-06 21:11:07.391 22445 30087 E VA_PackageUtilsV2: 	at java.util.concurrent.ThreadPoolExecutor.runWorker(ThreadPoolExecutor.java:1251)
08-06 21:11:07.391 22445 30087 E VA_PackageUtilsV2: 	at java.util.concurrent.ThreadPoolExecutor$Worker.run(ThreadPoolExecutor.java:668)
08-06 21:11:07.391 22445 30087 E VA_PackageUtilsV2: 	at java.lang.Thread.run(Thread.java:1012)
08-06 21:11:07.391 11354 30064 I Finsky  : [2093] pcp.accept(129): Wrote row to frosting DB: 1723
08-06 21:11:07.392 22445 30087 E VA_PackageUtilsV2: getVersionCode: error
08-06 21:11:07.392 22445 30087 E VA_PackageUtilsV2: android.content.pm.PackageManager$NameNotFoundException: com.sina.weibo
08-06 21:11:07.392 22445 30087 E VA_PackageUtilsV2: 	at android.app.ApplicationPackageManager.getPackageInfoAsUser(ApplicationPackageManager.java:276)
08-06 21:11:07.392 22445 30087 E VA_PackageUtilsV2: 	at android.app.ApplicationPackageManager.getPackageInfo(ApplicationPackageManager.java:236)
08-06 21:11:07.392 22445 30087 E VA_PackageUtilsV2: 	at android.app.ApplicationPackageManager.getPackageInfo(ApplicationPackageManager.java:230)
08-06 21:11:07.392 22445 30087 E VA_PackageUtilsV2: 	at m30.r.getVersionCode(SourceFile:44)
08-06 21:11:07.392 22445 30087 E VA_PackageUtilsV2: 	at ez.r0.getVersionCode(SourceFile:1)
08-06 21:11:07.392 22445 30087 E VA_PackageUtilsV2: 	at ff.b.getAccessibilityInfo(SourceFile:93)
08-06 21:11:07.392 22445 30087 E VA_PackageUtilsV2: 	at ff.b.getSimulateClickState(SourceFile:1)
08-06 21:11:07.392 22445 30087 E VA_PackageUtilsV2: 	at com.xiaomi.voiceassistant.u0$a.getSimulateClickState(SourceFile:1)
08-06 21:11:07.392 22445 30087 E VA_PackageUtilsV2: 	at com.xiaomi.voiceassist.engine.context.CacheContext$a.run(SourceFile:14)
08-06 21:11:07.392 22445 30087 E VA_PackageUtilsV2: 	at java.util.concurrent.Executors$RunnableAdapter.call(Executors.java:487)
08-06 21:11:07.392 22445 30087 E VA_PackageUtilsV2: 	at java.util.concurrent.FutureTask.run(FutureTask.java:264)
08-06 21:11:07.392 22445 30087 E VA_PackageUtilsV2: 	at java.util.concurrent.ThreadPoolExecutor.runWorker(ThreadPoolExecutor.java:1251)
08-06 21:11:07.392 22445 30087 E VA_PackageUtilsV2: 	at java.util.concurrent.ThreadPoolExecutor$Worker.run(ThreadPoolExecutor.java:668)
08-06 21:11:07.392 22445 30087 E VA_PackageUtilsV2: 	at java.lang.Thread.run(Thread.java:1012)
08-06 21:11:07.392 11354 11354 I Finsky  : [2] kuy.f(9): AIM: AppInfoCacheUpdater -> invalidating apps: [com.clearchannel.iheartradio.controller]
08-06 21:11:07.392 11354 11354 I Finsky  : [2] kvn.g(21): AIM: AppInfoManager-Perf > getApps > called for 1 apps
08-06 21:11:07.392 22445 30087 E VA_PackageUtilsV2: getVersionCode: error
08-06 21:11:07.392 22445 30087 E VA_PackageUtilsV2: android.content.pm.PackageManager$NameNotFoundException: com.xiaomi.lens
08-06 21:11:07.392 22445 30087 E VA_PackageUtilsV2: 	at android.app.ApplicationPackageManager.getPackageInfoAsUser(ApplicationPackageManager.java:276)
08-06 21:11:07.392 22445 30087 E VA_PackageUtilsV2: 	at android.app.ApplicationPackageManager.getPackageInfo(ApplicationPackageManager.java:236)
08-06 21:11:07.392 22445 30087 E VA_PackageUtilsV2: 	at android.app.ApplicationPackageManager.getPackageInfo(ApplicationPackageManager.java:230)
08-06 21:11:07.392 22445 30087 E VA_PackageUtilsV2: 	at m30.r.getVersionCode(SourceFile:44)
08-06 21:11:07.392 22445 30087 E VA_PackageUtilsV2: 	at ez.r0.getVersionCode(SourceFile:1)
08-06 21:11:07.392 22445 30087 E VA_PackageUtilsV2: 	at ff.b.getAccessibilityInfo(SourceFile:93)
08-06 21:11:07.392 22445 30087 E VA_PackageUtilsV2: 	at ff.b.getSimulateClickState(SourceFile:1)
08-06 21:11:07.392 22445 30087 E VA_PackageUtilsV2: 	at com.xiaomi.voiceassistant.u0$a.getSimulateClickState(SourceFile:1)
08-06 21:11:07.392 22445 30087 E VA_PackageUtilsV2: 	at com.xiaomi.voiceassist.engine.context.CacheContext$a.run(SourceFile:14)
08-06 21:11:07.392 22445 30087 E VA_PackageUtilsV2: 	at java.util.concurrent.Executors$RunnableAdapter.call(Executors.java:487)
08-06 21:11:07.392 22445 30087 E VA_PackageUtilsV2: 	at java.util.concurrent.FutureTask.run(FutureTask.java:264)
08-06 21:11:07.392 22445 30087 E VA_PackageUtilsV2: 	at java.util.concurrent.ThreadPoolExecutor.runWorker(ThreadPoolExecutor.java:1251)
08-06 21:11:07.392 22445 30087 E VA_PackageUtilsV2: 	at java.util.concurrent.ThreadPoolExecutor$Worker.run(ThreadPoolExecutor.java:668)
08-06 21:11:07.392 22445 30087 E VA_PackageUtilsV2: 	at java.lang.Thread.run(Thread.java:1012)
08-06 21:11:07.393 11354 11413 I Finsky  : [1693] kwt.a(55): AIM: AppInfoManager-Perf > OnDeviceAppInfo > cacheHitCount=0, cacheMissCount=1. Missed  in cache (limit 10) : [com.clearchannel.iheartradio.controller]
08-06 21:11:07.394 11354 11440 I Finsky  : [1700] kuq.apply(1378): AIM: Got app ownership map. App counts: . Unique apps: 0
08-06 21:11:07.394  2474  7257 I MiuiNetworkPolicy: updateUidState uid = 10124, uidState = 15
08-06 21:11:07.395 24010 24011 I artd    : Dex parent of /data/app/~~ZWq82heNtV8l6s6G0dbzSg==/com.clearchannel.iheartradio.controller-G3Z_aAp5dpilukVqrkgk-g==/base.apk is not writable: Permission denied
08-06 21:11:07.395 24010 24011 I artd    : GetBestInfo checking odex in dalvik-cache (/data/dalvik-cache/arm64/data@app@~~ZWq82heNtV8l6s6G0dbzSg==@com.clearchannel.iheartradio.controller-G3Z_aAp5dpilukVqrkgk-g==@base.apk@classes.dex)
08-06 21:11:07.395  2474  7379 I whetstone.activity: processNotifyEvent1 resId = 256, bundle = Bundle[{startTime=410491717, sourcePkg=com.miui.cleanmaster, sourceUid=10266, status=0, jobId=574, batteryName=com.miui.cleanmaster/androidx.work.impl.background.systemjob.SystemJobService, elapsedRealtime=410491717}]
08-06 21:11:07.395 24010 24011 I artd    : Loading /data/dalvik-cache/arm64/data@app@~~ZWq82heNtV8l6s6G0dbzSg==@com.clearchannel.iheartradio.controller-G3Z_aAp5dpilukVqrkgk-g==@base.apk@classes.dex with executable: 0
08-06 21:11:07.395 24010 24011 I artd    : OatFileAssistant test for existing oat file /data/dalvik-cache/arm64/data@app@~~ZWq82heNtV8l6s6G0dbzSg==@com.clearchannel.iheartradio.controller-G3Z_aAp5dpilukVqrkgk-g==@base.apk@classes.dex: File /data/dalvik-cache/arm64/data@app@~~ZWq82heNtV8l6s6G0dbzSg==@com.clearchannel.iheartradio.controller-G3Z_aAp5dpilukVqrkgk-g==@base.apk@classes.vdex does not exist.
08-06 21:11:07.395 24010 24011 I artd    : GetBestInfo checking odex next to the dex file (/data/app/~~ZWq82heNtV8l6s6G0dbzSg==/com.clearchannel.iheartradio.controller-G3Z_aAp5dpilukVqrkgk-g==/oat/arm64/base.odex)
08-06 21:11:07.395 24010 24011 I artd    : Loading /data/app/~~ZWq82heNtV8l6s6G0dbzSg==/com.clearchannel.iheartradio.controller-G3Z_aAp5dpilukVqrkgk-g==/oat/arm64/base.odex with executable: 0
08-06 21:11:07.395  1865  1865 I vendor.qti.hardware.servicetrackeraidl-service: unbindService is called for service : com.miui.cleanmaster/androidx.work.impl.background.systemjob.SystemJobService and for client system
08-06 21:11:07.395  1865  1865 I vendor.qti.hardware.servicetrackeraidl-service: size of service connections for service: com.miui.cleanmaster/androidx.work.impl.background.systemjob.SystemJobServiceafter removal is 0
08-06 21:11:07.395  1865  1865 I vendor.qti.hardware.servicetrackeraidl-service: size of client connections for client: systemafter removal is 31
08-06 21:11:07.396  2474  7657 W JobScheduler: Job didn't exist in JobStore: 
08-06 21:11:07.396  1865  1865 I vendor.qti.hardware.servicetrackeraidl-service: destroyService is called for service : com.miui.cleanmaster/androidx.work.impl.background.systemjob.SystemJobService
08-06 21:11:07.396  2474  7657 W SSRU-ResourceUsageProxy: Nonexistent ongoing transaction JHR:574 for u:0 pkg:com.miui.cleanmaster ended
08-06 21:11:07.396 24010 24011 I artd    : Successfully loaded /data/app/~~ZWq82heNtV8l6s6G0dbzSg==/com.clearchannel.iheartradio.controller-G3Z_aAp5dpilukVqrkgk-g==/oat/arm64/base.odex with executable: 0
08-06 21:11:07.396 14191 19634 I EventMonitor: notifyEvent resId=256
08-06 21:11:07.396 24010 24011 I artd    : /data/app/~~ZWq82heNtV8l6s6G0dbzSg==/com.clearchannel.iheartradio.controller-G3Z_aAp5dpilukVqrkgk-g==/oat/arm64/base.odex is kOatUpToDate with filter verify
08-06 21:11:07.396  2474  7257 I MiuiNetworkPolicy: updateUidState uid = 10266, uidState = 10
08-06 21:11:07.397 22445 30087 E VA_PackageUtilsV2: getVersionCode: error
08-06 21:11:07.397 22445 30087 E VA_PackageUtilsV2: android.content.pm.PackageManager$NameNotFoundException: com.taobao.taobao
08-06 21:11:07.397 22445 30087 E VA_PackageUtilsV2: 	at android.app.ApplicationPackageManager.getPackageInfoAsUser(ApplicationPackageManager.java:276)
08-06 21:11:07.397 22445 30087 E VA_PackageUtilsV2: 	at android.app.ApplicationPackageManager.getPackageInfo(ApplicationPackageManager.java:236)
08-06 21:11:07.397 22445 30087 E VA_PackageUtilsV2: 	at android.app.ApplicationPackageManager.getPackageInfo(ApplicationPackageManager.java:230)
08-06 21:11:07.397 22445 30087 E VA_PackageUtilsV2: 	at m30.r.getVersionCode(SourceFile:44)
08-06 21:11:07.397 22445 30087 E VA_PackageUtilsV2: 	at ez.r0.getVersionCode(SourceFile:1)
08-06 21:11:07.397 22445 30087 E VA_PackageUtilsV2: 	at ff.b.getAccessibilityInfo(SourceFile:93)
08-06 21:11:07.397 22445 30087 E VA_PackageUtilsV2: 	at ff.b.getSimulateClickState(SourceFile:1)
08-06 21:11:07.397 22445 30087 E VA_PackageUtilsV2: 	at com.xiaomi.voiceassistant.u0$a.getSimulateClickState(SourceFile:1)
08-06 21:11:07.397 22445 30087 E VA_PackageUtilsV2: 	at com.xiaomi.voiceassist.engine.context.CacheContext$a.run(SourceFile:14)
08-06 21:11:07.397 22445 30087 E VA_PackageUtilsV2: 	at java.util.concurrent.Executors$RunnableAdapter.call(Executors.java:487)
08-06 21:11:07.397 22445 30087 E VA_PackageUtilsV2: 	at java.util.concurrent.FutureTask.run(FutureTask.java:264)
08-06 21:11:07.397 22445 30087 E VA_PackageUtilsV2: 	at java.util.concurrent.ThreadPoolExecutor.runWorker(ThreadPoolExecutor.java:1251)
08-06 21:11:07.397 22445 30087 E VA_PackageUtilsV2: 	at java.util.concurrent.ThreadPoolExecutor$Worker.run(ThreadPoolExecutor.java:668)
08-06 21:11:07.397 22445 30087 E VA_PackageUtilsV2: 	at java.lang.Thread.run(Thread.java:1012)
08-06 21:11:07.397 11354 11437 I Finsky  : [1698] jyg.accept(156): AIM: AppInfoManager-Perf > getApps > data collection finished
08-06 21:11:07.397 11354 11437 I Finsky  : [1698] kvo.run(976): AIM: AppInfoManager-Perf > maybeDestroyAppInfoManager is called. actives = 1
08-06 21:11:07.397 11128 30584 I Icing   : Indexing done com.google.android.gms-apps
08-06 21:11:07.399  2474  7257 I MiuiNetworkPolicy: updateUidState uid = 10266, uidState = 19
08-06 21:11:07.400 22445 30087 E VA_PackageUtilsV2: getVersionCode: error
08-06 21:11:07.400 22445 30087 E VA_PackageUtilsV2: android.content.pm.PackageManager$NameNotFoundException: com.mipay.wallet
08-06 21:11:07.400 22445 30087 E VA_PackageUtilsV2: 	at android.app.ApplicationPackageManager.getPackageInfoAsUser(ApplicationPackageManager.java:276)
08-06 21:11:07.400 22445 30087 E VA_PackageUtilsV2: 	at android.app.ApplicationPackageManager.getPackageInfo(ApplicationPackageManager.java:236)
08-06 21:11:07.400 22445 30087 E VA_PackageUtilsV2: 	at android.app.ApplicationPackageManager.getPackageInfo(ApplicationPackageManager.java:230)
08-06 21:11:07.400 22445 30087 E VA_PackageUtilsV2: 	at m30.r.getVersionCode(SourceFile:44)
08-06 21:11:07.400 22445 30087 E VA_PackageUtilsV2: 	at ez.r0.getVersionCode(SourceFile:1)
08-06 21:11:07.400 22445 30087 E VA_PackageUtilsV2: 	at ff.b.getAccessibilityInfo(SourceFile:93)
08-06 21:11:07.400 22445 30087 E VA_PackageUtilsV2: 	at ff.b.getSimulateClickState(SourceFile:1)
08-06 21:11:07.400 22445 30087 E VA_PackageUtilsV2: 	at com.xiaomi.voiceassistant.u0$a.getSimulateClickState(SourceFile:1)
08-06 21:11:07.400 22445 30087 E VA_PackageUtilsV2: 	at com.xiaomi.voiceassist.engine.context.CacheContext$a.run(SourceFile:14)
