07-29 21:11:33.557  9900 28865 E Market-Client: isSupportChildMode, error: java.lang.NumberFormatException: For input string: ""
07-29 21:11:33.559  9900 28865 I Market-RetrofitRequest: callStart : https://updateinfo.market.xiaomi.com/apm/updateinfo/v2
07-29 21:11:33.560  9900 28865 I Market-RetrofitRequest: HeaderInterceptor : https://updateinfo.market.xiaomi.com/apm/updateinfo/v2
07-29 21:11:33.561  9900 28865 E Market-Client: isSupportChildMode, error: java.lang.NumberFormatException: For input string: ""
07-29 21:11:33.561  9900 28865 E Market-Client: isSupportChildMode, error: java.lang.NumberFormatException: For input string: ""
07-29 21:11:33.566  9900 28865 I Market-LimitSpeedManager: startLimitSpeedNow() ====== speed = 32768
07-29 21:11:33.569  9900 28865 I Market-DownloadLimitSpeedManager: startLimitSpeed success. Total count 1
07-29 21:11:33.569  9900 28865 I Market-RetrofitRequest: HeaderInterceptor : https://updateinfo.market.xiaomi.com/apm/updateinfo/v2
07-29 21:11:33.572  8974  9450 I WakePathUpdatePolicy: doUpdate(user 0):responseCode:200
07-29 21:11:33.572  8974  9450 W WakePathUpdatePolicy: doUpdate(user 0): Response stream size=1408
07-29 21:11:33.574  8974  9450 I WakePathUpdatePolicy: pushWakePathData begin
07-29 21:11:33.574  8974  9450 I com.lbe.security.service.provider.WakePathDatabaseUtil: getWakePathWhiteList: whiteList.size=6
07-29 21:11:33.575  2463  5540 I WakePathChecker: MIUILOG-WAKEPATH pushWakePathWhiteList: userId=0 size=6
07-29 21:11:33.575  8974  9450 I com.lbe.security.service.provider.WakePathDatabaseUtil: getWakePathRuleList: wakeType=1 wakePathRules.size=3
07-29 21:11:33.575  2463  5540 I WakePathChecker: MIUILOG-WAKEPATH pushWakePathRuleInfos: wakeType=1 userId=0 size=3
07-29 21:11:33.576  8974  9450 I com.lbe.security.service.provider.WakePathDatabaseUtil: getWakePathRuleList: wakeType=8 wakePathRules.size=8
07-29 21:11:33.576  2463  5540 I WakePathChecker: MIUILOG-WAKEPATH pushWakePathRuleInfos: wakeType=8 userId=0 size=8
07-29 21:11:33.576  8974  9450 I com.lbe.security.service.provider.WakePathDatabaseUtil: getWakePathRuleList: wakeType=4 wakePathRules.size=4
07-29 21:11:33.577  2463  5540 I WakePathChecker: MIUILOG-WAKEPATH pushWakePathRuleInfos: wakeType=4 userId=0 size=4
07-29 21:11:33.577  8974  9450 I com.lbe.security.service.provider.WakePathDatabaseUtil: getWakePathRuleList: wakeType=2 wakePathRules.size=1
07-29 21:11:33.577  2463  5540 I WakePathChecker: MIUILOG-WAKEPATH pushWakePathRuleInfos: wakeType=2 userId=0 size=1
07-29 21:11:33.577  8974  9450 I com.lbe.security.service.provider.WakePathDatabaseUtil: getWakePathRuleList: wakeType=17 wakePathRules.size=0
07-29 21:11:33.577  2463  5540 I WakePathChecker: MIUILOG-WAKEPATH pushWakePathRuleInfos: wakeType=17 userId=0 size=0
07-29 21:11:33.578  8974  9450 I com.lbe.security.service.provider.WakePathDatabaseUtil: getWakePathRuleList: wakeType=32 wakePathRules.size=1
07-29 21:11:33.578  2463  5540 I WakePathChecker: MIUILOG-WAKEPATH pushWakePathRuleInfos: wakeType=32 userId=0 size=1
07-29 21:11:33.578  8974  9450 I com.lbe.security.service.provider.WakePathDatabaseUtil: getWakePathRuleList: wakeType=256 wakePathRules.size=8
07-29 21:11:33.578  2463  5540 I WakePathChecker: MIUILOG-WAKEPATH pushWakePathRuleInfos: wakeType=256 userId=0 size=8
07-29 21:11:33.579  8974  9450 I com.lbe.security.service.provider.WakePathDatabaseUtil: getWakePathRuleList: wakeType=128 wakePathRules.size=4
07-29 21:11:33.579  2463  5540 I WakePathChecker: MIUILOG-WAKEPATH pushWakePathRuleInfos: wakeType=128 userId=0 size=4
07-29 21:11:33.579  8974  9450 I com.lbe.security.service.provider.WakePathDatabaseUtil: getWakePathRuleList: wakeType=64 wakePathRules.size=2
07-29 21:11:33.579  2463  5540 I WakePathChecker: MIUILOG-WAKEPATH pushWakePathRuleInfos: wakeType=64 userId=0 size=2
07-29 21:11:33.580  8974  9450 I com.lbe.security.service.provider.WakePathDatabaseUtil: getWakePathRuleList: wakeType=4096 wakePathRules.size=2
07-29 21:11:33.580  2463  5540 I WakePathChecker: MIUILOG-WAKEPATH pushWakePathRuleInfos: wakeType=4096 userId=0 size=2
07-29 21:11:33.580  8974  9450 I com.lbe.security.service.provider.WakePathDatabaseUtil: getWakePathRuleList: wakeType=32768 wakePathRules.size=1
07-29 21:11:33.580  2463  5540 I WakePathChecker: MIUILOG-WAKEPATH pushWakePathRuleInfos: wakeType=32768 userId=0 size=1
07-29 21:11:33.581  8974  9450 I com.lbe.security.service.provider.WakePathDatabaseUtil: getWakePathRuleList: wakeType=8192 wakePathRules.size=5
07-29 21:11:33.581  2463  5540 I WakePathChecker: MIUILOG-WAKEPATH pushWakePathRuleInfos: wakeType=8192 userId=0 size=5
07-29 21:11:33.581  8974  9450 I com.lbe.security.service.provider.WakePathDatabaseUtil: getWakePathRuleList: wakeType=16384 wakePathRules.size=0
07-29 21:11:33.581  2463  5540 I WakePathChecker: MIUILOG-WAKEPATH pushWakePathRuleInfos: wakeType=16384 userId=0 size=0
07-29 21:11:33.581  8974  9450 I com.lbe.security.service.provider.WakePathDatabaseUtil: getWakePathRuleList: wakeType=22 wakePathRules.size=0
07-29 21:11:33.582  2463  5540 I WakePathChecker: MIUILOG-WAKEPATH pushWakePathRuleInfos: wakeType=22 userId=0 size=0
07-29 21:11:33.582 29000 29071 I PlayCommon: [1775] aqji.j(286): Successfully uploaded logs.
07-29 21:11:33.582  8974  9450 I WakePathUpdatePolicy: pushWakePathData end
07-29 21:11:33.582  8974  9450 I WakePathUpdatePolicy: doUpdate end
07-29 21:11:33.615  1827  2108 I SDM     : DisplayBase::CommitThread: Received idle timeout, panel: cmd, timeout: 69999 us
07-29 21:11:33.615  2463  4205 I MiuiNetworkPolicy: bandwidth: 8 KB/s, Max bandwidth: 1589 KB/s
07-29 21:11:33.651  1827  2399 I SDM     : HWCDisplay::SetActiveConfigWithConstraints: display:66-0, config: 1, WxH 1200x2670, fps 120
07-29 21:11:33.652  1827  2399 W SDM     : HWDeviceDRM::GetSupportedBitClkRate: Requested rate not supported: 1150000000
07-29 21:11:33.652  1827  2399 I SDM     : HWDeviceDRM::UpdateMixerAttributes: Mixer WxH 1200x2670-1 for Peripheral
07-29 21:11:33.652  1827  2399 I SDM     : HWCDisplay::SubmitDisplayConfig: Active configuration changed from config 3 to 1
07-29 21:11:33.652  1827  2399 I SDM     : HWCDisplay::SubmitDisplayConfig: Active WxH 1200x2670 ,ddic_mode:idle, timing_fps: 120, sf_fps: 120
07-29 21:11:33.652  1839  7244 E ANDR-PERF-LM: SAGT_ACTION: UpdateFPSData() 138: update /sys/kernel/sched_penalty/parameters/fps to 120, ret is 0
07-29 21:11:33.653  1827  2752 I vendor.qti.hardware.display.composer-service: Sensor: notify citsensorservice to trigger cwb, misForced = 0
07-29 21:11:33.655  3002  4297 I libsensor-parseRGB: request dump start for mRequestDisplayId 0
07-29 21:11:33.674  2463  2463 W NotificationHistory: Attempted to add notif for locked/gone/disabled user 0
07-29 21:11:33.675  3002  3080 E libsensor-parseRGB: CWB NotifyCWBBufferDone  error 0
07-29 21:11:33.681  4979  4979 E NotifCollection: No notification to remove with key 0|com.xiaomi.market|118173375|null|10167 reason=0:REASON_UNKNOWN
07-29 21:11:33.683  9900 28865 I Market-DownloadLimitSpeedManager: stopLimitSpeed
07-29 21:11:33.683  9900 28865 I Market-LimitSpeedManager: stopLimitSpeedNow() =========== 
07-29 21:11:33.686  3117  3117 I adbd    : in ShellService: rm /sdcard/screen_2025-07-29_211132.png
07-29 21:11:33.695  9900 28865 I Market-RetrofitRequest: callEnd : https://updateinfo.market.xiaomi.com/apm/updateinfo/v2
07-29 21:11:33.697  9900 28865 W Market-Connection: Connection result is cut off as too long
07-29 21:11:33.704  9900 28865 I Market-LocalAppManager: getUpdateInfoFromServer : end  , responseCode : OK
07-29 21:11:33.704  9900 28865 I Market-LocalAppManager: checkUpdateFromServer : end
07-29 21:11:33.705  9900 28865 I Market-LocalAppManager: checkUpdateFromServer  data parser : end
07-29 21:11:33.705  9900 28865 I Market-HuanjiManager: condition not satisfied, ignore
07-29 21:11:33.706  9900 28865 I Market-DataParser: [InvalidPackageList] JSON : invalidSystemPackageList list is null
07-29 21:11:33.706  9900 28865 I Market-LocalAppManager: checkUpdateFromServer  filter package : end
07-29 21:11:33.706  9900 28865 I Market-LocalAppManager: checkUpdateFromServer  support64BitPackagesJsonArray : end
07-29 21:11:33.706  9900 28865 I Market-LocalAppManager: query update apps from server : finish, 65 / 425 to update
07-29 21:11:33.709 31105 23175 I AppLinksAsyncVerifierV2: (REDACTED) Verification result: checking for a statement with source %s, relation delegate_permission/common.handle_all_urls, and target %s --> %b.
07-29 21:11:33.710 31105 29329 I AppLinksHostsVerifierV2: (REDACTED) Verification %s complete. Successful hosts: %s. Failed hosts: %s. Error hosts: %s.
07-29 21:11:33.710  7633 13399 I MediaProvider: Deleted paths_hashcode::1389444597/:1389444597/1442737351132.png items on external_primary due to com.android.shell tid=29409
07-29 21:11:33.714  9900 28865 W Market-UpdatePriorityUtils: get local stat null :com.nike.omega
07-29 21:11:33.718  9900 28865 I Market-RetrofitRequest: callStart : https://updateinfo.market.xiaomi.com/apm/updateinfo/priority
07-29 21:11:33.719  9900 28865 I Market-RetrofitRequest: HeaderInterceptor : https://updateinfo.market.xiaomi.com/apm/updateinfo/priority
07-29 21:11:33.720  9900 28865 E Market-Client: isSupportChildMode, error: java.lang.NumberFormatException: For input string: ""
07-29 21:11:33.721  9900 28865 E Market-Client: isSupportChildMode, error: java.lang.NumberFormatException: For input string: ""
07-29 21:11:33.723  9900 28865 I Market-LimitSpeedManager: startLimitSpeedNow() ====== speed = 32768
07-29 21:11:33.727  9900 28865 I Market-DownloadLimitSpeedManager: startLimitSpeed success. Total count 1
07-29 21:11:33.727  9900 28865 I Market-RetrofitRequest: HeaderInterceptor : https://updateinfo.market.xiaomi.com/apm/updateinfo/priority
07-29 21:11:33.729 31105 29329 I AppLinksUtilsV1: Legacy cross-profile verification enabled [CONTEXT service_id=244 ]
07-29 21:11:33.731  1827  2108 I SDM     : DisplayBase::CommitThread: Received idle timeout, panel: cmd, timeout: 70000 us
07-29 21:11:33.793  9900 28865 I Market-DownloadLimitSpeedManager: stopLimitSpeed
07-29 21:11:33.793  9900 28865 I Market-LimitSpeedManager: stopLimitSpeedNow() =========== 
07-29 21:11:33.798  9900 28865 I Market-RetrofitRequest: callEnd : https://updateinfo.market.xiaomi.com/apm/updateinfo/priority
07-29 21:11:33.805  9900 28865 I Market-SystemSettingsManager: extraSettingsSecureGetInt key: com.xiaomi.market.need_update_game_count, value: 0
07-29 21:11:33.806  9900 28865 I Market-UpdateAppList: update app list do not change, don't notify: pkg (62) = com.ss.android.ugc.aweme,com.milink.service,com.miui.hybrid,com.baidu.BaiduMap,com.netease.newsreader.activity,com.baidu.searchbox.lite,com.android.fileexplorer,com.xiaomi.aiasst.vision,com.microsoft.office.outlook,com.miui.newhome,com.autonavi.minimap,com.miui.calculator,com.miui.mishare.connectivity,com.android.contacts,com.unionpay.tsmservice.mi,com.miui.voiceassist,com.miui.thirdappassistant,com.xiaomi.scanner,com.miui.securitycenter,com.nike.omega,com.duokan.reader,com.baidu.searchbox,com.wuba.zhuanzhuan,com.xingin.xhs,com.miui.touchassistant,tv.danmaku.bili,com.dragon.read,com.miui.gallery,com.miui.cloudservice,com.UCMobile,com.mfashiongallery.emag,com.miui.carlink,com.miui.notes,com.xiaomi.payment,com.miui.home,com.miui.tsmclient,com.xiaomi.gamecenter,com.smile.gifmaker,com.android.browser,com.suxing.sustream,com.xiaomi.mis,com.miui.virtualsim,com.android.quicksearchbox,com.sina.news,com.miui.video,com.miui.weather2,com.ss.android.article.news,com.quark.browser,com.xiaomi.mi_connect_service,com.miui.personalassistant,com.android.mms,com.xiaomi.gamecenter.sdk.service,com.kuaishou.nebula,com.android.thememanager,com.miui.bugreport,com.xiaomi.digitalkey,com.android.calendar,com.xiaomi.aicr,com.xiaomi.xmsf,com.xiaomi.mirror,com.miui.yellowpage,com.android.soundrecorder
07-29 21:11:33.807  9900 28790 I Market-SubScriptManager: updateMarketSubScript forceShow : false
07-29 21:11:33.808  9900 28790 I Market-SubScriptManager: get count 62
07-29 21:11:33.808  9900 28790 I Market-SubScriptManager: get count 62
07-29 21:11:33.810  9900 28865 I Market-LocalAppManager: queryDiffSizeFromServer start
07-29 21:11:33.815  1827  2752 I vendor.qti.hardware.display.composer-service: Sensor: notify citsensorservice to trigger cwb, misForced = 1
07-29 21:11:33.816  3002  4297 I libsensor-parseRGB: request dump start for mRequestDisplayId 0
07-29 21:11:33.834  3002  6353 E libsensor-parseRGB: CWB NotifyCWBBufferDone  error 0
07-29 21:11:33.851 31105 23175 I AppLinksAsyncVerifierV2: (REDACTED) Verification result: checking for a statement with source %s, relation delegate_permission/common.handle_all_urls, and target %s --> %b.
07-29 21:11:33.889  1827  2108 I SDM     : DisplayBase::CommitThread: Received idle timeout, panel: cmd, timeout: 70000 us
07-29 21:11:33.961  3117  3117 I adbd    : in ShellService: dumpsys display
07-29 21:11:34.001  3117  3117 I adbd    : in ShellService: ps
07-29 21:11:34.035  9900 28865 I Market-RetrofitRequest: callStart : https://updateinfo.market.xiaomi.com/apm/updateinfo/diffsize
07-29 21:11:34.036  9900 28865 I Market-RetrofitRequest: HeaderInterceptor : https://updateinfo.market.xiaomi.com/apm/updateinfo/diffsize
07-29 21:11:34.037  9900 28865 E Market-Client: isSupportChildMode, error: java.lang.NumberFormatException: For input string: ""
07-29 21:11:34.037  9900 28865 E Market-Client: isSupportChildMode, error: java.lang.NumberFormatException: For input string: ""
07-29 21:11:34.039  9900 28865 I Market-LimitSpeedManager: startLimitSpeedNow() ====== speed = 32768
07-29 21:11:34.042  9900 28865 I Market-DownloadLimitSpeedManager: startLimitSpeed success. Total count 1
07-29 21:11:34.043  9900 28865 I Market-RetrofitRequest: HeaderInterceptor : https://updateinfo.market.xiaomi.com/apm/updateinfo/diffsize
07-29 21:11:34.053  1839  7244 E ANDR-PERF-LM: SAGT_ACTION: UpdateFPSData() 138: update /sys/kernel/sched_penalty/parameters/fps to 120, ret is 0
07-29 21:11:34.104 31105 23176 I AppLinksAsyncVerifierV2: (REDACTED) Verification result: checking for a statement with source %s, relation delegate_permission/common.handle_all_urls, and target %s --> %b.
07-29 21:11:34.105 31105 29329 I AppLinksHostsVerifierV2: (REDACTED) Verification %s complete. Successful hosts: %s. Failed hosts: %s. Error hosts: %s.
07-29 21:11:34.110 31105 29329 I WebApkHostsVerifierV2: (REDACTED) Processing %d input requests
07-29 21:11:34.111 31105 29329 I AppLinksUtilsV1: Legacy cross-profile verification enabled [CONTEXT service_id=244 ]
07-29 21:11:34.114 31105 29329 I AppLinksUtilsV1: Legacy cross-profile verification enabled [CONTEXT service_id=244 ]
07-29 21:11:34.115 31105 29329 I WebApkHostsVerifierV2: (REDACTED) Returning %d non-WebAPK requests
07-29 21:11:34.115  9900 28865 I Market-DownloadLimitSpeedManager: stopLimitSpeed
07-29 21:11:34.115  9900 28865 I Market-LimitSpeedManager: stopLimitSpeedNow() =========== 
07-29 21:11:34.119  9900 28865 I Market-RetrofitRequest: callEnd : https://updateinfo.market.xiaomi.com/apm/updateinfo/diffsize
07-29 21:11:34.119  9900 28865 I Market-LocalAppManager: queryDiffSizeFromServer end
07-29 21:11:34.120  9900 28836 I Market-SubScriptManager: updateMarketSubScript forceShow : false
07-29 21:11:34.120  9900 28836 I Market-SubScriptManager: get count 62
07-29 21:11:34.121  9900 28836 I Market-SubScriptManager: get count 62
07-29 21:11:34.122  9900 28865 I Market-WakeLockManager: release wakeLock: CheckUpdateService
07-29 21:11:34.124  9900 28865 I Market-PendingUpdateNotification: Pending update notification not shown because of time limit
07-29 21:11:34.124  3117  3117 I adbd    : in ShellService: wm size
07-29 21:11:34.124  2463  5526 I ActivityManager: Cancel FGS notification userId: 0 definingUid: 10167 packageName: com.xiaomi.market processName:com.xiaomi.market ChannelId:com.xiaomi.market_hide foregroundNotiWhen:1753794693437 Notiflags:104
07-29 21:11:34.125  2463  5526 W ForegroundServiceTypeLoggerModule: FGS stop call for: 10167 has no types!
07-29 21:11:34.125  2463  2463 I NotificationService: Cancel FGS notification CallingUid: 10167 CallingPid: 9900 Pkg: com.xiaomi.market Id:118173375 Tag:null UserId:0 MustHaveFlags:0 MustNotHaveFlags:0 Reason:8 foregroundNotiWhen:1753794693437 foregroundNotiFlags:104 foregroundNotiChannelId:com.xiaomi.market_hide
07-29 21:11:34.125  1844  1844 I vendor.qti.hardware.servicetrackeraidl-service: destroyService is called for service : com.xiaomi.market/.business_core.update.auto.CheckUpdateService
07-29 21:11:34.130  9900  9900 I Market-ServiceUtils: stop foreground service: CheckUpdateService
07-29 21:11:34.134  2463  4205 I MiuiNetworkPolicy: updateUidState uid = 10261, uidState = 10
07-29 21:11:34.134  2463  4205 I MiuiNetworkPolicyTrafficLimit: updateWhiteListUidForMobileTraffic uid=10261,add=false
07-29 21:11:34.134  2463  4205 I MiuiNetworkPolicy: updateUidState uid = 10203, uidState = 6
07-29 21:11:34.134  2463  4205 I MiuiNetworkPolicy: updateUidState uid = 10167, uidState = 10
07-29 21:11:34.134  2463  4205 I MiuiNetworkPolicyTrafficLimit: updateWhiteListUidForMobileTraffic uid=10167,add=false
07-29 21:11:34.134  2463  4205 I MiuiNetworkPolicy: updateUidState uid = 10158, uidState = 10
07-29 21:11:34.136  2463  4205 I MiuiNetworkPolicyTrafficLimit: updateWhiteListUidForMobileTraffic uid=10158,add=false
07-29 21:11:34.138  2463  4205 I MiuiNetworkPolicy: updateUidState uid = 10261, uidState = 19
07-29 21:11:34.138  2463  4205 I MiuiNetworkPolicy: updateUidState uid = 10158, uidState = 19
07-29 21:11:34.139  4979  4979 E NotifCollection: No notification to remove with key 0|com.xiaomi.market|118173375|null|10167 reason=8:REASON_APP_CANCEL
07-29 21:11:34.183  9900  9930 I m.xiaomi.market: This is non sticky GC, maxfree is 16777216 minfree is 8388608
07-29 21:11:34.185  9900  9932 W m.xiaomi.market: ApkAssets: Deleting an ApkAssets object '<empty> and /product/priv-app/MiuiHome/MiuiHome.apk' with 1 weak references
07-29 21:11:34.198  3117  3117 I adbd    : in ShellService: dumpsys input
07-29 21:11:34.274  3117  3117 I adbd    : in ShellService: getprop ro.sf.lcd_density
07-29 21:11:34.343  3117  3117 I adbd    : in ShellService: am force-stop com.nike.omega
07-29 21:11:34.391  7989  7989 I RuntimePermissionManager: isRuntimeRequestSupport: true
07-29 21:11:34.397  2463  5526 I ActivityManager: Force stopping com.nike.omega appid=10372 user=0: from process:29431
07-29 21:11:34.401  2463  5526 E ClipboardServiceI: removeActivePermissionOwnerForPackage: mPrimaryClipPackage is null or get is null
07-29 21:11:34.402  2463  5526 I AppsFilter: interaction: PackageSetting{fa25de9 com.android.microdroid.empty_payload/10236} -> PackageSetting{bf52a6e com.nike.omega/10372} BLOCKED
07-29 21:11:34.402  2463  5526 I AppsFilter: interaction: PackageSetting{964c50f io.appium.uiautomator2.server.test/10280} -> PackageSetting{bf52a6e com.nike.omega/10372} BLOCKED
07-29 21:11:34.402  2463  5526 I AppsFilter: interaction: PackageSetting{c8ca99c io.github.ylimit.droidbotapp/10371} -> PackageSetting{bf52a6e com.nike.omega/10372} BLOCKED
07-29 21:11:34.402  2463  5526 I AppsFilter: interaction: PackageSetting{e39efa5 com.rongcard.eid/10151} -> PackageSetting{bf52a6e com.nike.omega/10372} BLOCKED
07-29 21:11:34.402  2463  5526 I AppsFilter: interaction: PackageSetting{44d7f7a io.appium.settings/10274} -> PackageSetting{bf52a6e com.nike.omega/10372} BLOCKED
07-29 21:11:34.409 12230 12394 I Ad      : isPersonalizedAdEnabled getAdSettings: 1
07-29 21:11:34.412  2463  2775 I AppsFilter: interaction: PackageSetting{fa25de9 com.android.microdroid.empty_payload/10236} -> PackageSetting{6e21f55 com.miui.cleanmaster/10266} BLOCKED
07-29 21:11:34.413  2463  5459 W ParceledListSlice: Element #44 is 26672 bytes.
07-29 21:11:34.413  2463  5459 W ParceledListSlice: Overly large reply size: 82204
07-29 21:11:34.413  2463  2775 I AppsFilter: interaction: PackageSetting{964c50f io.appium.uiautomator2.server.test/10280} -> PackageSetting{6e21f55 com.miui.cleanmaster/10266} BLOCKED
07-29 21:11:34.413  2463  2775 I AppsFilter: interaction: PackageSetting{c8ca99c io.github.ylimit.droidbotapp/10371} -> PackageSetting{6e21f55 com.miui.cleanmaster/10266} BLOCKED
07-29 21:11:34.414  2463  2775 I AppsFilter: interaction: PackageSetting{e39efa5 com.rongcard.eid/10151} -> PackageSetting{6e21f55 com.miui.cleanmaster/10266} BLOCKED
07-29 21:11:34.414  2463  2775 I AppsFilter: interaction: PackageSetting{44d7f7a io.appium.settings/10274} -> PackageSetting{6e21f55 com.miui.cleanmaster/10266} BLOCKED
07-29 21:11:34.414  2463 15424 W ContentProviderHelper: No provider info for content provider  when providerRunning is false, caller is ProcessRecord{15056c5 18854:com.android.quicksearchbox:ApplicationsProvider/u0a136}
07-29 21:11:34.414 18854 18878 E ActivityThread: Failed to find provider info for 
07-29 21:11:34.416  2463 15424 W ParceledListSlice: Element #8 is 20788 bytes.
07-29 21:11:34.416  2463  5526 W ParceledListSlice: Element #45 is 26676 bytes.
07-29 21:11:34.416  2463 15424 W ParceledListSlice: Element #9 is 20768 bytes.
07-29 21:11:34.416  2463  5526 W ParceledListSlice: Element #46 is 26676 bytes.
07-29 21:11:34.416  2463  5526 W ParceledListSlice: Element #47 is 26684 bytes.
07-29 21:11:34.416  2463  5539 W ParceledListSlice: Element #48 is 26688 bytes.
07-29 21:11:34.416  2463  5539 W ParceledListSlice: Element #54 is 19664 bytes.
07-29 21:11:34.417  2463  5540 W ParceledListSlice: Element #55 is 19652 bytes.
07-29 21:11:34.417  2463  5540 W ParceledListSlice: Element #56 is 19692 bytes.
07-29 21:11:34.417  2463  5540 W ParceledListSlice: Element #57 is 19720 bytes.
07-29 21:11:34.417  2463  5540 W ParceledListSlice: Element #58 is 19720 bytes.
07-29 21:11:34.417  2463  5441 W ContentProviderHelper: No provider info for content provider  when providerRunning is false, caller is null
07-29 21:11:34.417  2463  5540 W ParceledListSlice: Element #59 is 19684 bytes.
07-29 21:11:34.417  2463  5540 W ParceledListSlice: Element #60 is 19692 bytes.
07-29 21:11:34.417  2463  5540 W ParceledListSlice: Element #61 is 19668 bytes.
07-29 21:11:34.418  2463  5540 W ParceledListSlice: Element #62 is 19680 bytes.
07-29 21:11:34.418  2463  5441 W ParceledListSlice: Element #63 is 19672 bytes.
07-29 21:11:34.418  2463  5441 W ParceledListSlice: Element #64 is 29724 bytes.
07-29 21:11:34.418  2463  5441 W ParceledListSlice: Element #65 is 29744 bytes.
07-29 21:11:34.418  2463 15424 W ParceledListSlice: Element #66 is 29736 bytes.
07-29 21:11:34.422  7368 31716 I PermissionControllerServiceImpl: Updating user sensitive for uid 10266
07-29 21:11:34.425  7773  7773 E RegisteredServicesCache: Skipping application component ComponentInfo{com.UCMobile/com.alibaba.ariver.commonability.device.jsapi.nfc.service.TinyAppHostApduService}: it must request the permission android.permission.NFC
07-29 21:11:34.425  7773  7773 E RegisteredServicesCache: Skipping application component ComponentInfo{com.UCMobile/com.alipay.mobile.aompdevice.nfc.service.TinyAppHostApduService}: it must request the permission android.permission.NFC
07-29 21:11:34.425  7773  7773 E RegisteredServicesCache: Skipping application component ComponentInfo{com.autonavi.minimap/com.alibaba.ariver.commonability.device.jsapi.nfc.service.TinyAppHostApduService}: it must request the permission android.permission.NFC
07-29 21:11:34.425  7773  7773 E RegisteredServicesCache: Skipping application component ComponentInfo{com.autonavi.minimap/com.alipay.mobile.aompdevice.nfc.service.TinyAppHostApduService}: it must request the permission android.permission.NFC
07-29 21:11:34.428  4916  5777 E SmsApplication: com.android.mms lost android:read_cell_broadcasts:  (fixing)
07-29 21:11:34.428  2463 14501 W AppOpService: Ignored setUidMode call for runtime permission app op: uid = 10141, code = READ_CELL_BROADCASTS, mode = allow, callingUid = 1001, oldMode = allow
07-29 21:11:34.428  7773  7773 I RegisteredServicesCache: current user: 0, is managed profile : false
07-29 21:11:34.430  7773  7773 I RegisteredAidCache: updateRoutingLocked(false): Enter
07-29 21:11:34.430  7773  7773 I AidRoutingManager: configureRouting(false): Enter
07-29 21:11:34.430  7773  7773 E AidRoutingManager: Size of routing table970
07-29 21:11:34.430  7773  7773 I RegisteredAidCache: updateRoutingLocked(false): exit
07-29 21:11:34.431  2463 15424 I ClipboardServiceI: checkProviderWakePathForClipboard: primaryClip is null
07-29 21:11:34.431  2463 15424 I SmartPower: com.miui.notes/10275(13074): idle->background(4782ms) R(content provider start ContentProviderRecord{c0729a2 u0 com.miui.notes/.provider.NotesProvider}) adj=905.
07-29 21:11:34.432  2463  5459 W ParceledListSlice: Element #273 is 21068 bytes.
07-29 21:11:34.432  2463  5530 W AppOpService: Ignored setUidMode call for runtime permission app op: uid = 1001, code = READ_SMS, mode = allow, callingUid = 1001, oldMode = allow
07-29 21:11:34.432  2463  5530 W ParceledListSlice: Element #274 is 21048 bytes.
07-29 21:11:34.432  2463  5530 W ParceledListSlice: Element #275 is 21056 bytes.
07-29 21:11:34.432  2463  5530 W ParceledListSlice: Element #276 is 21036 bytes.
07-29 21:11:34.432  2463  5459 W AppOpService: Ignored setUidMode call for runtime permission app op: uid = 1001, code = RECEIVE_SMS, mode = allow, callingUid = 1001, oldMode = allow
07-29 21:11:34.432  2463  5530 W ParceledListSlice: Element #277 is 21084 bytes.
07-29 21:11:34.432  2463  5530 W ParceledListSlice: Overly large reply size: 84248
07-29 21:11:34.433  2463  5530 W AppOpService: Ignored setUidMode call for runtime permission app op: uid = 1001, code = RECEIVE_WAP_PUSH, mode = allow, callingUid = 1001, oldMode = allow
07-29 21:11:34.433  2463 15424 W ParceledListSlice: Element #278 is 21084 bytes.
07-29 21:11:34.433  2463 15424 W ParceledListSlice: Element #279 is 21096 bytes.
07-29 21:11:34.433  2463 15424 W ParceledListSlice: Element #280 is 21084 bytes.
07-29 21:11:34.433  2463 15424 W ParceledListSlice: Element #281 is 21084 bytes.
07-29 21:11:34.433  2463 15424 W ParceledListSlice: Overly large reply size: 84372
07-29 21:11:34.433  2463  5535 W AppOpService: Ignored setUidMode call for runtime permission app op: uid = 1001, code = SEND_SMS, mode = allow, callingUid = 1001, oldMode = allow
07-29 21:11:34.433  2463 15424 W AppOpService: Ignored setUidMode call for runtime permission app op: uid = 1001, code = READ_CELL_BROADCASTS, mode = allow, callingUid = 1001, oldMode = allow
07-29 21:11:34.433  2463  5530 W ParceledListSlice: Element #282 is 21104 bytes.
07-29 21:11:34.433  2463  5530 W ParceledListSlice: Element #283 is 21092 bytes.
07-29 21:11:34.433  2463  5530 W ParceledListSlice: Element #284 is 21080 bytes.
07-29 21:11:34.434  2463  5459 W ParceledListSlice: Element #8 is 20788 bytes.
07-29 21:11:34.434  2463  5459 W ParceledListSlice: Element #9 is 20768 bytes.
07-29 21:11:34.435  2463 15424 W ContentProviderHelper: Permission Denial: opening provider com.alibaba.aliexpress.android.search.nav.SearchSuggestionProvider from ProcessRecord{15056c5 18854:com.android.quicksearchbox:ApplicationsProvider/u0a136} (pid=18854, uid=10136) that is not exported from UID 10303
07-29 21:11:34.436  7773  7773 E RegisteredServicesCache: Skipping application component ComponentInfo{com.UCMobile/com.alibaba.ariver.commonability.device.jsapi.nfc.service.TinyAppHostApduService}: it must request the permission android.permission.NFC
07-29 21:11:34.436  7773  7773 E RegisteredServicesCache: Skipping application component ComponentInfo{com.UCMobile/com.alipay.mobile.aompdevice.nfc.service.TinyAppHostApduService}: it must request the permission android.permission.NFC
07-29 21:11:34.436  7773  7773 E RegisteredServicesCache: Skipping application component ComponentInfo{com.autonavi.minimap/com.alibaba.ariver.commonability.device.jsapi.nfc.service.TinyAppHostApduService}: it must request the permission android.permission.NFC
07-29 21:11:34.436  7773  7773 E RegisteredServicesCache: Skipping application component ComponentInfo{com.autonavi.minimap/com.alipay.mobile.aompdevice.nfc.service.TinyAppHostApduService}: it must request the permission android.permission.NFC
07-29 21:11:34.437  2463  5530 I ClipboardServiceI: checkProviderWakePathForClipboard: primaryClip is null
07-29 21:11:34.437  2463  4205 I MiuiNetworkPolicy: updateUidState uid = 10303, uidState = 6
07-29 21:11:34.438  7773  7773 I RegisteredServicesCache: current user: 0, is managed profile : false
07-29 21:11:34.438  2463  4205 I MiuiNetworkPolicy: updateUidState uid = 10169, uidState = 6
07-29 21:11:34.439  2463 15424 W Bundle  : Failed to parse item error, returning null.
07-29 21:11:34.439  2463 15424 W Bundle  : android.os.BadTypeParcelableException: Parcelable creator android.os.ParcelableException is not a subclass of required class java.lang.String provided in the parameter
07-29 21:11:34.439  2463 15424 W Bundle  : 	at android.os.Parcel.readParcelableCreatorInternal(Parcel.java:5206)
07-29 21:11:34.439  2463 15424 W Bundle  : 	at android.os.Parcel.readParcelableInternal(Parcel.java:5080)
07-29 21:11:34.439  2463 15424 W Bundle  : 	at android.os.Parcel.readValue(Parcel.java:4840)
07-29 21:11:34.439  2463 15424 W Bundle  : 	at android.os.Parcel.readValue(Parcel.java:4609)
07-29 21:11:34.439  2463 15424 W Bundle  : 	at android.os.Parcel.-$$Nest$mreadValue(Unknown Source:0)
07-29 21:11:34.439  2463 15424 W Bundle  : 	at android.os.Parcel$LazyValue.apply(Parcel.java:4707)
07-29 21:11:34.439  2463 15424 W Bundle  : 	at android.os.Parcel$LazyValue.apply(Parcel.java:4666)
07-29 21:11:34.439  2463 15424 W Bundle  : 	at android.os.BaseBundle.unwrapLazyValueFromMapLocked(BaseBundle.java:416)
07-29 21:11:34.439  2463 15424 W Bundle  : 	at android.os.BaseBundle.getValueAt(BaseBundle.java:402)
07-29 21:11:34.439  2463 15424 W Bundle  : 	at android.os.BaseBundle.getPairValue(BaseBundle.java:282)
07-29 21:11:34.439  2463 15424 W Bundle  : 	at com.android.server.am.ContentProviderHelper.lambda$getMimeTypeFilterAsync$1(ContentProviderHelper.java:1212)
07-29 21:11:34.439  2463 15424 W Bundle  : 	at com.android.server.am.ContentProviderHelper.$r8$lambda$JV9jTPlBHAPZLxkKAqq24ds-FLE(Unknown Source:0)
07-29 21:11:34.439  2463 15424 W Bundle  : 	at com.android.server.am.ContentProviderHelper$$ExternalSyntheticLambda1.onResult(D8$$SyntheticClass:0)
07-29 21:11:34.439  2463 15424 W Bundle  : 	at android.os.RemoteCallback.sendResult(RemoteCallback.java:76)
07-29 21:11:34.439  2463 15424 W Bundle  : 	at android.os.RemoteCallback$1.sendResult(RemoteCallback.java:53)
07-29 21:11:34.439  2463 15424 W Bundle  : 	at android.os.IRemoteCallback$Stub.onTransact(IRemoteCallback.java:85)
07-29 21:11:34.439  2463 15424 W Bundle  : 	at android.os.Binder.execTransactInternal(Binder.java:1512)
07-29 21:11:34.439  2463 15424 W Bundle  : 	at android.os.Binder.execTransact(Binder.java:1451)
07-29 21:11:34.439  2463  4205 I MiuiNetworkPolicy: updateUidState uid = 10303, uidState = 19
07-29 21:11:34.440  7773  7773 I RegisteredAidCache: updateRoutingLocked(false): Enter
07-29 21:11:34.440  7773  7773 I AidRoutingManager: configureRouting(false): Enter
07-29 21:11:34.440  7773  7773 E AidRoutingManager: Size of routing table970
07-29 21:11:34.440  7773  7773 I RegisteredAidCache: updateRoutingLocked(false): exit
07-29 21:11:34.441  2463  4205 I MiuiNetworkPolicy: updateUidState uid = 10169, uidState = 10
07-29 21:11:34.441  7773  7773 I libnfc_nci: [INFO:NativeT4tNfcee.cpp(870)] nfcManager_isFwSupportNonStdT4TAid Enter isFwSupport = 1
07-29 21:11:34.441  7773  7773 I libnfc_nci: [INFO:SecureElement.cpp(1487)] SecureElement::getEseHandleFromGenericId: enter; ESE-ID = 0x7F
07-29 21:11:34.441  7773  7773 I libnfc_nci: [INFO:SecureElement.cpp(1528)] SecureElement::getEseHandleFromGenericId: enter; ESE-Handle = 0x410
07-29 21:11:34.441  7773  7773 I libnfc_nci: [INFO:SecureElement.cpp(1487)] SecureElement::getEseHandleFromGenericId: enter; ESE-ID = 0x00
07-29 21:11:34.441  7773  7773 I libnfc_nci: [INFO:SecureElement.cpp(1528)] SecureElement::getEseHandleFromGenericId: enter; ESE-Handle = 0x400
07-29 21:11:34.442  4897 26808 I SecureElement-Terminal-eSE1: isSecureElementPresent()
07-29 21:11:34.442  1746  1746 I android.hardware.secure_element-service.qti: isCardPresent
07-29 21:11:34.442 18854 18878 W ContentResolver: Failed to get type for: content://com.alibaba.aliexpress.android.search.nav.SearchSuggestionProvider/products (Unknown URL content://com.alibaba.aliexpress.android.search.nav.SearchSuggestionProvider/products)
07-29 21:11:34.442  1746  1746 I android.hardware.secure_element-service.qti: isCardPresent exit, cardPresent: 1
07-29 21:11:34.444  4897 26808 I SecureElement-Terminal-SIM1: isSecureElementPresent()
07-29 21:11:34.444  4897 26808 I SecureElement-Terminal-SIM1: isNfcEventAllowed: No access rules for checking.
07-29 21:11:34.445  4897 26808 I SecureElement-Terminal-SIM2: isSecureElementPresent()
07-29 21:11:34.446  2463 15424 W ContentProviderHelper: No provider info for content provider  when providerRunning is false, caller is ProcessRecord{15056c5 18854:com.android.quicksearchbox:ApplicationsProvider/u0a136}
07-29 21:11:34.446 18854 18878 E ActivityThread: Failed to find provider info for 
07-29 21:11:34.446  2463  5530 W ContentProviderHelper: No provider info for content provider  when providerRunning is false, caller is null
07-29 21:11:34.446  7773  7773 I libnfc_nci: [INFO:NativeT4tNfcee.cpp(870)] nfcManager_isFwSupportNonStdT4TAid Enter isFwSupport = 1
07-29 21:11:34.447  7773  7773 I libnfc_nci: [INFO:SecureElement.cpp(1487)] SecureElement::getEseHandleFromGenericId: enter; ESE-ID = 0x7F
07-29 21:11:34.447  7773  7773 I libnfc_nci: [INFO:SecureElement.cpp(1528)] SecureElement::getEseHandleFromGenericId: enter; ESE-Handle = 0x410
07-29 21:11:34.447  7773  7773 I libnfc_nci: [INFO:SecureElement.cpp(1487)] SecureElement::getEseHandleFromGenericId: enter; ESE-ID = 0x00
07-29 21:11:34.447  7773  7773 I libnfc_nci: [INFO:SecureElement.cpp(1528)] SecureElement::getEseHandleFromGenericId: enter; ESE-Handle = 0x400
07-29 21:11:34.447  4897 26808 I SecureElement-Terminal-eSE1: isSecureElementPresent()
07-29 21:11:34.448  1746  1746 I android.hardware.secure_element-service.qti: isCardPresent
07-29 21:11:34.448  1746  1746 I android.hardware.secure_element-service.qti: isCardPresent exit, cardPresent: 1
07-29 21:11:34.449  4897 26808 I SecureElement-Terminal-SIM1: isSecureElementPresent()
07-29 21:11:34.449  4897 26808 I SecureElement-Terminal-SIM1: isNfcEventAllowed: No access rules for checking.
07-29 21:11:34.449  7989  8777 I RuntimePermissionManager: isRuntimeRequestSupport: true
07-29 21:11:34.449  7989  8777 I InstalledPackagesMemoryCache: getInstallPermissionGranted=true
07-29 21:11:34.450  4897 26808 I SecureElement-Terminal-SIM2: isSecureElementPresent()
07-29 21:11:34.450  2463 15424 W ContentProviderHelper: Permission Denial: opening provider com.alibaba.aliexpress.android.search.nav.SearchSuggestionProvider from ProcessRecord{15056c5 18854:com.android.quicksearchbox:ApplicationsProvider/u0a136} (pid=18854, uid=10136) that is not exported from UID 10303
07-29 21:11:34.452  2463 15424 I ClipboardServiceI: checkProviderWakePathForClipboard: primaryClip is null
07-29 21:11:34.452  2463  4205 I MiuiNetworkPolicy: updateUidState uid = 10303, uidState = 6
07-29 21:11:34.454  2463  4205 I MiuiNetworkPolicy: updateUidState uid = 10169, uidState = 6
07-29 21:11:34.455  2463  4205 I MiuiNetworkPolicy: updateUidState uid = 10303, uidState = 19
07-29 21:11:34.455  2463 15424 W Bundle  : Failed to parse item error, returning null.
07-29 21:11:34.455  2463 15424 W Bundle  : android.os.BadTypeParcelableException: Parcelable creator android.os.ParcelableException is not a subclass of required class java.lang.String provided in the parameter
07-29 21:11:34.455  2463 15424 W Bundle  : 	at android.os.Parcel.readParcelableCreatorInternal(Parcel.java:5206)
07-29 21:11:34.455  2463 15424 W Bundle  : 	at android.os.Parcel.readParcelableInternal(Parcel.java:5080)
07-29 21:11:34.455  2463 15424 W Bundle  : 	at android.os.Parcel.readValue(Parcel.java:4840)
07-29 21:11:34.455  2463 15424 W Bundle  : 	at android.os.Parcel.readValue(Parcel.java:4609)
07-29 21:11:34.455  2463 15424 W Bundle  : 	at android.os.Parcel.-$$Nest$mreadValue(Unknown Source:0)
07-29 21:11:34.455  2463 15424 W Bundle  : 	at android.os.Parcel$LazyValue.apply(Parcel.java:4707)
07-29 21:11:34.455  2463 15424 W Bundle  : 	at android.os.Parcel$LazyValue.apply(Parcel.java:4666)
07-29 21:11:34.455  2463 15424 W Bundle  : 	at android.os.BaseBundle.unwrapLazyValueFromMapLocked(BaseBundle.java:416)
07-29 21:11:34.455  2463 15424 W Bundle  : 	at android.os.BaseBundle.getValueAt(BaseBundle.java:402)
07-29 21:11:34.455  2463 15424 W Bundle  : 	at android.os.BaseBundle.getPairValue(BaseBundle.java:282)
07-29 21:11:34.455  2463 15424 W Bundle  : 	at com.android.server.am.ContentProviderHelper.lambda$getMimeTypeFilterAsync$1(ContentProviderHelper.java:1212)
07-29 21:11:34.455  2463 15424 W Bundle  : 	at com.android.server.am.ContentProviderHelper.$r8$lambda$JV9jTPlBHAPZLxkKAqq24ds-FLE(Unknown Source:0)
07-29 21:11:34.455  2463 15424 W Bundle  : 	at com.android.server.am.ContentProviderHelper$$ExternalSyntheticLambda1.onResult(D8$$SyntheticClass:0)
07-29 21:11:34.455  2463 15424 W Bundle  : 	at android.os.RemoteCallback.sendResult(RemoteCallback.java:76)
07-29 21:11:34.455  2463 15424 W Bundle  : 	at android.os.RemoteCallback$1.sendResult(RemoteCallback.java:53)
07-29 21:11:34.455  2463 15424 W Bundle  : 	at android.os.IRemoteCallback$Stub.onTransact(IRemoteCallback.java:85)
07-29 21:11:34.455  2463 15424 W Bundle  : 	at android.os.Binder.execTransactInternal(Binder.java:1512)
07-29 21:11:34.455  2463 15424 W Bundle  : 	at android.os.Binder.execTransact(Binder.java:1451)
07-29 21:11:34.455  1839  7244 E ANDR-PERF-LM: SAGT_ACTION: UpdateFPSData() 138: update /sys/kernel/sched_penalty/parameters/fps to 40, ret is 0
07-29 21:11:34.455  2463  4205 I MiuiNetworkPolicy: updateUidState uid = 10169, uidState = 10
07-29 21:11:34.455 18854 18878 W ContentResolver: Failed to get type for: content://com.alibaba.aliexpress.android.search.nav.SearchSuggestionProvider/products (Unknown URL content://com.alibaba.aliexpress.android.search.nav.SearchSuggestionProvider/products)
07-29 21:11:34.456  3117  3117 I adbd    : in ShellService: input keyevent HOME
07-29 21:11:34.464  2463  2526 W EnhancedConfirmationService: The packageName should not be null.
07-29 21:11:34.464  2463  2526 W MagnificationConnectionManager: requestConnection duplicated request: connect=false, mConnectionState=DISCONNECTED
07-29 21:11:34.497  2463  5530 W MIUIInput: Input event injection from package: null action ACTION_DOWN keycode 3
07-29 21:11:34.498  2463  5530 W MiuiInputKeyEventLog: keyCode:3 down:true eventTime:20532816 downTime:20532816 policyFlags:2b000000 flags:0 metaState:0 deviceId:-1 isScreenOn:true keyguardActive:false repeatCount:0
07-29 21:11:34.500  2463  5530 W MIUIInput: Input event injection from package: null action ACTION_UP keycode 3
07-29 21:11:34.500  2463  5530 W MiuiInputKeyEventLog: keyCode:3 down:false eventTime:20532820 downTime:20532816 policyFlags:2b000000 flags:0 metaState:0 deviceId:-1 isScreenOn:true keyguardActive:false repeatCount:0
07-29 21:11:34.500  2463  2528 W ActivityManagerServiceImpl: Sending non-protected broadcast com.miui.fullscreen_state_change from system 2463:system/1000 pkg android. Callers=com.android.server.am.ActivityManagerService.checkBroadcastFromSystem:16255 com.android.server.am.ActivityManagerService.broadcastIntentLockedTraced:17126 com.android.server.am.ActivityManagerService.broadcastIntentLocked:16315 com.android.server.am.ActivityManagerService.broadcastIntentWithFeature:17337 android.app.ContextImpl.sendBroadcastAsUser:1495 
07-29 21:11:34.501  2105  2105 E DisplayModeController: setDesiredMode : Idle status skip setActiveMode, isDdicIdleMode: 1
07-29 21:11:34.503  2463  4068 E MiuiInputKeyEventLog: before go to home
07-29 21:11:34.507  4979  4979 I ControlCenterExpandController: hide panel true true
07-29 21:11:34.508  8013  8013 I VideoToolBoxService: onReceive: android.intent.action.CLOSE_SYSTEM_DIALOGS
07-29 21:11:34.509  8013  8013 I GameBoosterService: onReceive: android.intent.action.CLOSE_SYSTEM_DIALOGS
07-29 21:11:34.509  2463  2528 W ActivityManagerServiceImpl: Sending non-protected broadcast com.miui.launch_home_from_hotkey from system 2463:system/1000 pkg android. Callers=com.android.server.am.ActivityManagerService.checkBroadcastFromSystem:16255 com.android.server.am.ActivityManagerService.broadcastIntentLockedTraced:17126 com.android.server.am.ActivityManagerService.broadcastIntentLocked:16315 com.android.server.am.ActivityManagerService.broadcastIntentWithFeature:17337 android.app.ContextImpl.sendBroadcastAsUser:1536 
07-29 21:11:34.509  1827  2399 I SDM     : HWCDisplay::SetActiveConfigWithConstraints: display:66-0, config: 3, WxH 1200x2670, fps 120
07-29 21:11:34.510  1827  2399 W SDM     : HWDeviceDRM::GetSupportedBitClkRate: Requested rate not supported: 1150000000
07-29 21:11:34.510  1827  2399 I SDM     : HWDeviceDRM::UpdateMixerAttributes: Mixer WxH 1200x2670-1 for Peripheral
07-29 21:11:34.510  1827  2399 I SDM     : HWCDisplay::SubmitDisplayConfig: Active configuration changed from config 1 to 3
07-29 21:11:34.510  1827  2399 I SDM     : HWCDisplay::SubmitDisplayConfig: Active WxH 1200x2670 ,ddic_mode:auto, timing_fps: 120, sf_fps: 120
07-29 21:11:34.512  1827  2752 I vendor.qti.hardware.display.composer-service: Sensor: notify citsensorservice to trigger cwb, misForced = 0
07-29 21:11:34.513  3002  4297 I libsensor-parseRGB: request dump start for mRequestDisplayId 0
07-29 21:11:34.514  4979  4979 I VolumeShowHideAnimator: isRunning: false, mExpanded: false
07-29 21:11:34.514  4979  4979 I VolumeExpandCollapsedAnimator: isRunning: false, mExpanded: false
07-29 21:11:34.514  4979  4979 I VolumePanelViewController_true: dismissH mShowing:false, reason:volume_controller, isAnimating: false, needShowDialog=true, KeyAnimatingStream=-1
07-29 21:11:34.514  4979  4979 I VolumeShowHideAnimator: isRunning: false, mExpanded: false
07-29 21:11:34.514  4979  4979 I VolumeExpandCollapsedAnimator: isRunning: false, mExpanded: false
07-29 21:11:34.514  4979  4979 I VolumePanelViewController_false: dismissH mShowing:false, reason:volume_controller, isAnimating: false, needShowDialog=false, KeyAnimatingStream=-1
07-29 21:11:34.514  2463  4068 W ActivityTaskManager: callingPackage for (uid=-1, pid=0) has no WPC
07-29 21:11:34.516  2463  4068 W OptProp : Cannot read opt property android.window.PROPERTY_COMPAT_ALLOW_ORIENTATION_OVERRIDE
07-29 21:11:34.517  2463  4068 E ActivityTaskManager: Unable to get servicetracker HAL instance
07-29 21:11:34.517  2463  4068 E ActivityTaskManager: Unable to get servicetracker HAL instance
07-29 21:11:34.517  2463  4068 E WindowManager: setClientVisible ActivityRecord{7432bce u0 com.miui.home/.launcher.Launcher true
07-29 21:11:34.518  2463  4068 W OptProp : Cannot read opt property android.window.PROPERTY_COMPAT_ALLOW_RESIZEABLE_ACTIVITY_OVERRIDES
07-29 21:11:34.518  2463  4068 W OptProp : Cannot read opt property android.window.PROPERTY_COMPAT_ALLOW_MIN_ASPECT_RATIO_OVERRIDE
07-29 21:11:34.520  2463  4068 I AnimInterruptController: FIS notify Foresee interrupt start:294
07-29 21:11:34.520  2463  4068 I ActivityTaskManager: isKeyguardEditor: false, newTransition: TransitionRecord{9f4c730 id=295 type=OPEN flags=0x0}
07-29 21:11:34.525  2463  4068 I AnimInterruptController: FIS reset Foresee interrupt status
07-29 21:11:34.525  2105  2749 W HWComposer: Ignoring duplicate VSYNC event from HWC for display 4630947082089526659 (t=20532844781000)
07-29 21:11:34.527  2463  4068 I ActivityTaskManager: START u0 {act=android.intent.action.MAIN cat=[android.intent.category.HOME] flg=0x10000100 cmp=com.miui.home/.launcher.Launcher (has extras)} with LAUNCH_SINGLE_TASK from uid 0 from pid 0 callingPackage null callers: com.android.server.wm.RootWindowContainer.lambda$startHomeOnDisplay$11:1607 com.android.server.wm.RootWindowContainer.$r8$lambda$DFaa7QLApF8rlf4uiy_4K0Hxf2Y:0 com.android.server.wm.RootWindowContainer$$ExternalSyntheticLambda50.apply:0 com.android.server.wm.TaskDisplayArea.reduceOnAllTaskDisplayAreas:526  (BAL_ALLOW_ALLOWLISTED_UID) result code=3
07-29 21:11:34.528  7989  7989 I LauncherOverlayCallback: handleMessage WHAT_ACTIVITY_STATE_CHANGED what1
07-29 21:11:34.528  4497  4497 I Launcher.widget: onInvisible 
07-29 21:11:34.528  4497  4497 I Launcher.widget: onInvisible 
07-29 21:11:34.528  7989  7989 I LauncherOverlayCallback: handleMessage WHAT_LAUNCHER_STATE what1
07-29 21:11:34.528  7989  7989 I AssistantOverlayWindow: lockToHideOverlay
07-29 21:11:34.528  4497  4497 I Launcher: onNewIntent
07-29 21:11:34.528  4497  4497 I ConnectAnimFinishCallbackManager: mNeedShowLauncher = true, waitFrameworkAnimCallback = false
07-29 21:11:34.529  4497  4497 E RotationHelper: setCurrentStateRequest: request=0
07-29 21:11:34.530  4497  4497 W Settings: Setting device_provisioned has moved from android.provider.Settings.Secure to android.provider.Settings.Global.
07-29 21:11:34.531  4497  4497 E Launcher.application: setClickAppWaitForCallback = false
07-29 21:11:34.531  4497  4497 I Launcher: changeMIUIWidgetEditMode false
07-29 21:11:34.532  8013  8013 I VideoToolBoxService: onReceive: android.intent.action.CLOSE_SYSTEM_DIALOGS
07-29 21:11:34.532  8013  8013 I GameBoosterService: onReceive: android.intent.action.CLOSE_SYSTEM_DIALOGS
07-29 21:11:34.532  7989  7989 I LauncherOverlayCallback: handleMessage WHAT_ACTIVITY_STATE_CHANGED what3
07-29 21:11:34.532  7989  7989 I LauncherOverlayCallback: handleMessage WHAT_LAUNCHER_STATE what3
07-29 21:11:34.532  4979  4979 I ControlCenterExpandController: hide panel true true
07-29 21:11:34.533  4979  4979 I VolumeShowHideAnimator: isRunning: false, mExpanded: false
07-29 21:11:34.533  4979  4979 I VolumeExpandCollapsedAnimator: isRunning: false, mExpanded: false
07-29 21:11:34.533  4979  4979 I VolumePanelViewController_true: dismissH mShowing:false, reason:volume_controller, isAnimating: false, needShowDialog=true, KeyAnimatingStream=-1
07-29 21:11:34.533  4979  4979 I VolumeShowHideAnimator: isRunning: false, mExpanded: false
07-29 21:11:34.533  4979  4979 I VolumeExpandCollapsedAnimator: isRunning: false, mExpanded: false
07-29 21:11:34.533  4979  4979 I VolumePanelViewController_false: dismissH mShowing:false, reason:volume_controller, isAnimating: false, needShowDialog=false, KeyAnimatingStream=-1
07-29 21:11:34.533  4497  4497 I Launcher.widget: onVisible 
07-29 21:11:34.533  4497  4497 I Launcher.widget: onVisible 
07-29 21:11:34.534  2463  5459 I SecurityManagerService: update appwidget of uid: 10278 package: com.miui.weather2 visible: true reason: visible
07-29 21:11:34.537  2463  5530 I ClipboardServiceI: checkProviderWakePathForClipboard: primaryClip is null
07-29 21:11:34.537  2463  5530 I SmartPower: com.miui.weather2/10278(5795): idle->background(74715ms) R(content provider start ContentProviderRecord{9f05c96 u0 com.miui.weather2/.providers.WeatherProvider}) adj=0.
07-29 21:11:34.538  2463  4205 I MiuiNetworkPolicy: updateUidState uid = 10278, uidState = 3
07-29 21:11:34.539  3002  3080 E libsensor-parseRGB: CWB NotifyCWBBufferDone  error 0
07-29 21:11:34.540  2463  4205 I MiuiNetworkPolicyTrafficLimit: updateWhiteListUidForMobileTraffic uid=10278,add=true
07-29 21:11:34.541  2463 15424 I ClipboardServiceI: checkProviderWakePathForClipboard: primaryClip is null
07-29 21:11:34.541  2463  5530 I ClipboardServiceI: checkProviderWakePathForClipboard: primaryClip is null
07-29 21:11:34.541  5795 17200 I Wth2:WeatherProvider: getFirstSelectedCity() ret count= 1
07-29 21:11:34.541  5795 17200 E Wth2:WeatherProvider: getFirstSelectedCity() error 
07-29 21:11:34.541  5795 17200 E Wth2:WeatherProvider: java.lang.NumberFormatException: For input string: "33.862_119.318"
07-29 21:11:34.541  5795 17200 E Wth2:WeatherProvider: 	at java.lang.Integer.parseInt(Integer.java:790)
07-29 21:11:34.541  5795 17200 E Wth2:WeatherProvider: 	at java.lang.Integer.parseInt(Integer.java:908)
07-29 21:11:34.541  5795 17200 E Wth2:WeatherProvider: 	at com.miui.weather2.providers.WeatherProvider.g(SourceFile:9)
07-29 21:11:34.541  5795 17200 E Wth2:WeatherProvider: 	at com.miui.weather2.providers.WeatherProvider.e(SourceFile:5)
07-29 21:11:34.541  5795 17200 E Wth2:WeatherProvider: 	at com.miui.weather2.providers.WeatherProvider.query(SourceFile:21)
07-29 21:11:34.541  5795 17200 E Wth2:WeatherProvider: 	at android.content.ContentProvider.query(ContentProvider.java:1633)
07-29 21:11:34.541  5795 17200 E Wth2:WeatherProvider: 	at android.content.ContentProvider.query(ContentProvider.java:1729)
07-29 21:11:34.541  5795 17200 E Wth2:WeatherProvider: 	at android.content.ContentProvider$Transport.query(ContentProvider.java:301)
07-29 21:11:34.541  5795 17200 E Wth2:WeatherProvider: 	at android.content.ContentProviderNative.onTransact(ContentProviderNative.java:110)
07-29 21:11:34.541  5795 17200 E Wth2:WeatherProvider: 	at android.os.Binder.execTransactInternal(Binder.java:1507)
07-29 21:11:34.541  5795 17200 E Wth2:WeatherProvider: 	at android.os.Binder.execTransact(Binder.java:1451)
07-29 21:11:34.543  5795 14673 I Wth2:WeatherProvider: getFirstSelectedCity() ret count= 1
07-29 21:11:34.543  5795 14673 E Wth2:WeatherProvider: getFirstSelectedCity() error 
