07-29 21:11:33.208  9339  9638 W WakelockManagerService: uid: 10290 is unblock state
07-29 21:11:33.208  9339  9638 W WakelockManagerService: uid: 10291 is unblock state
07-29 21:11:33.208  9339  9638 W WakelockManagerService: uid: 10292 is unblock state
07-29 21:11:33.208  9339  9638 W WakelockManagerService: uid: 10293 is unblock state
07-29 21:11:33.208  9339  9638 W WakelockManagerService: uid: 10294 is unblock state
07-29 21:11:33.209  9339  9638 W WakelockManagerService: uid: 10296 is unblock state
07-29 21:11:33.209  9339  9638 W WakelockManagerService: uid: 10298 is unblock state
07-29 21:11:33.209  9339  9638 W WakelockManagerService: uid: 10299 is unblock state
07-29 21:11:33.209  9339  9638 W WakelockManagerService: uid: 10300 is unblock state
07-29 21:11:33.209  9339  9638 W WakelockManagerService: uid: 10301 is unblock state
07-29 21:11:33.209  9339  9638 W WakelockManagerService: uid: 10303 is unblock state
07-29 21:11:33.209  9339  9638 W WakelockManagerService: uid: 10304 is unblock state
07-29 21:11:33.209  9339  9638 W WakelockManagerService: uid: 10308 is unblock state
07-29 21:11:33.209  9339  9638 W WakelockManagerService: uid: 10311 is unblock state
07-29 21:11:33.209  9339  9638 W WakelockManagerService: uid: 10313 is unblock state
07-29 21:11:33.209  9339  9638 W WakelockManagerService: uid: 10314 is unblock state
07-29 21:11:33.209  9339  9638 W WakelockManagerService: uid: 10315 is unblock state
07-29 21:11:33.209  9339  9638 W WakelockManagerService: uid: 10316 is unblock state
07-29 21:11:33.209  9339  9638 W WakelockManagerService: uid: 10317 is unblock state
07-29 21:11:33.209  9339  9638 W WakelockManagerService: uid: 10318 is unblock state
07-29 21:11:33.209  9339  9638 W WakelockManagerService: uid: 10320 is unblock state
07-29 21:11:33.209  9339  9638 W WakelockManagerService: uid: 10321 is unblock state
07-29 21:11:33.209  9339  9638 W WakelockManagerService: uid: 10323 is unblock state
07-29 21:11:33.209  9339  9638 W WakelockManagerService: uid: 10324 is unblock state
07-29 21:11:33.209  9339  9638 W WakelockManagerService: uid: 10326 is unblock state
07-29 21:11:33.209  9339  9638 W WakelockManagerService: uid: 10327 is unblock state
07-29 21:11:33.209  9339  9638 W WakelockManagerService: uid: 10328 is unblock state
07-29 21:11:33.209  9339  9638 W WakelockManagerService: uid: 10329 is unblock state
07-29 21:11:33.209  9339  9638 W WakelockManagerService: uid: 10330 is unblock state
07-29 21:11:33.209  9339  9638 W WakelockManagerService: uid: 10331 is unblock state
07-29 21:11:33.209  9339  9638 W WakelockManagerService: uid: 10332 is unblock state
07-29 21:11:33.209  9339  9638 W WakelockManagerService: uid: 10333 is unblock state
07-29 21:11:33.209  9339  9638 W WakelockManagerService: uid: 10334 is unblock state
07-29 21:11:33.209  9339  9638 W WakelockManagerService: uid: 10335 is unblock state
07-29 21:11:33.209  9339  9638 W WakelockManagerService: uid: 10336 is unblock state
07-29 21:11:33.209  9339  9638 W WakelockManagerService: uid: 10337 is unblock state
07-29 21:11:33.209  9339  9638 W WakelockManagerService: uid: 10338 is unblock state
07-29 21:11:33.209  9339  9638 W WakelockManagerService: uid: 10339 is unblock state
07-29 21:11:33.209  9339  9638 W WakelockManagerService: uid: 10340 is unblock state
07-29 21:11:33.209  4505  6790 I htmlviewercloudcontrol: isStagingEnv:false param =  fps_idle_config  uriMatch = 2, cluster: cn, version: 553104, traceId: aa4a7f1732c179f033e45bb6df6285c3, regId: +4z3RS85+e2U9l+sd6caQ/srGmJCsEbKpG1twyPn1K0CrNNyxYT/yAgGVxm5X+yC
07-29 21:11:33.209  9339  9638 W WakelockManagerService: uid: 10341 is unblock state
07-29 21:11:33.209  9339  9638 W WakelockManagerService: uid: 10371 is unblock state
07-29 21:11:33.209  9339  9638 W WakelockManagerService: uid: 10372 is unblock state
07-29 21:11:33.210  4505  6790 I htmlviewercloudcontrol: isStagingEnv:false param =  fps_tp_exclude  uriMatch = 2, cluster: cn, version: 553104, traceId: aa4a7f1732c179f033e45bb6df6285c3, regId: +4z3RS85+e2U9l+sd6caQ/srGmJCsEbKpG1twyPn1K0CrNNyxYT/yAgGVxm5X+yC
07-29 21:11:33.211  4505  6790 I htmlviewercloudcontrol: isStagingEnv:false param =  fps_idle_config  uriMatch = 2, cluster: cn, version: 553104, traceId: aa4a7f1732c179f033e45bb6df6285c3, regId: +4z3RS85+e2U9l+sd6caQ/srGmJCsEbKpG1twyPn1K0CrNNyxYT/yAgGVxm5X+yC
07-29 21:11:33.213  4505  6790 I htmlviewercloudcontrol: isStagingEnv:false param =  display_fps_group  uriMatch = 2, cluster: cn, version: 553104, traceId: aa4a7f1732c179f033e45bb6df6285c3, regId: +4z3RS85+e2U9l+sd6caQ/srGmJCsEbKpG1twyPn1K0CrNNyxYT/yAgGVxm5X+yC
07-29 21:11:33.214  4505  6790 I htmlviewercloudcontrol: isStagingEnv:false param =  fps_idle_config  uriMatch = 2, cluster: cn, version: 553104, traceId: aa4a7f1732c179f033e45bb6df6285c3, regId: +4z3RS85+e2U9l+sd6caQ/srGmJCsEbKpG1twyPn1K0CrNNyxYT/yAgGVxm5X+yC
07-29 21:11:33.215  4505  6790 I htmlviewercloudcontrol: isStagingEnv:false param =  fps_idle_config  uriMatch = 2, cluster: cn, version: 553104, traceId: aa4a7f1732c179f033e45bb6df6285c3, regId: +4z3RS85+e2U9l+sd6caQ/srGmJCsEbKpG1twyPn1K0CrNNyxYT/yAgGVxm5X+yC
07-29 21:11:33.217  4505  6790 I htmlviewercloudcontrol: isStagingEnv:false param =  fps_idle_config  uriMatch = 2, cluster: cn, version: 553104, traceId: aa4a7f1732c179f033e45bb6df6285c3, regId: +4z3RS85+e2U9l+sd6caQ/srGmJCsEbKpG1twyPn1K0CrNNyxYT/yAgGVxm5X+yC
07-29 21:11:33.218  4505  6790 I htmlviewercloudcontrol: isStagingEnv:false param =  fps_group_config  uriMatch = 2, cluster: cn, version: 553104, traceId: aa4a7f1732c179f033e45bb6df6285c3, regId: +4z3RS85+e2U9l+sd6caQ/srGmJCsEbKpG1twyPn1K0CrNNyxYT/yAgGVxm5X+yC
07-29 21:11:33.219  4505  6790 I htmlviewercloudcontrol: isStagingEnv:false param =  fps_group_config  uriMatch = 2, cluster: cn, version: 553104, traceId: aa4a7f1732c179f033e45bb6df6285c3, regId: +4z3RS85+e2U9l+sd6caQ/srGmJCsEbKpG1twyPn1K0CrNNyxYT/yAgGVxm5X+yC
07-29 21:11:33.221  9339 10199 I DisplayFrameSetting: register
07-29 21:11:33.221  2463  5442 I whetstone.activity: noteVideoFps registVideoFpsCallBack, count is 1
07-29 21:11:33.221  4505  6790 I htmlviewercloudcontrol: isStagingEnv:false param =  fps_idle_config  uriMatch = 2, cluster: cn, version: 553104, traceId: aa4a7f1732c179f033e45bb6df6285c3, regId: +4z3RS85+e2U9l+sd6caQ/srGmJCsEbKpG1twyPn1K0CrNNyxYT/yAgGVxm5X+yC
07-29 21:11:33.223  4505  6790 I htmlviewercloudcontrol: isStagingEnv:false param =  fps_group_config  uriMatch = 2, cluster: cn, version: 553104, traceId: aa4a7f1732c179f033e45bb6df6285c3, regId: +4z3RS85+e2U9l+sd6caQ/srGmJCsEbKpG1twyPn1K0CrNNyxYT/yAgGVxm5X+yC
07-29 21:11:33.223 14863 14906 I ndroid.settings: This is sticky GC, maxfree is 16777216 minfree is 8388608
07-29 21:11:33.249  1839  7244 E ANDR-PERF-LM: SAGT_ACTION: UpdateFPSData() 138: update /sys/kernel/sched_penalty/parameters/fps to 120, ret is 0
07-29 21:11:33.297 31105 15141 W Conscrypt: Could not set socket write timeout: java.net.SocketException: Socket closed
07-29 21:11:33.297 31105 15141 W Conscrypt: 	at com.google.android.gms.org.conscrypt.Platform.setSocketWriteTimeout(:com.google.android.gms@252834035@25.28.34 (260400-787197649):204)
07-29 21:11:33.297 31105 15141 W Conscrypt: 	at com.google.android.gms.org.conscrypt.ConscryptFileDescriptorSocket.setSoWriteTimeout(:com.google.android.gms@252834035@25.28.34 (260400-787197649):4)
07-29 21:11:33.316  1827  2108 I SDM     : DisplayBase::CommitThread: Received idle timeout, panel: cmd, timeout: 70000 us
07-29 21:11:33.353  1827  1827 I SDM     : HWCDisplay::SetActiveConfigWithConstraints: display:66-0, config: 1, WxH 1200x2670, fps 120
07-29 21:11:33.354  1827  1827 W SDM     : HWDeviceDRM::GetSupportedBitClkRate: Requested rate not supported: 1150000000
07-29 21:11:33.354  1827  1827 I SDM     : HWDeviceDRM::UpdateMixerAttributes: Mixer WxH 1200x2670-1 for Peripheral
07-29 21:11:33.355  1827  1827 I SDM     : HWCDisplay::SubmitDisplayConfig: Active configuration changed from config 3 to 1
07-29 21:11:33.355  1827  1827 I SDM     : HWCDisplay::SubmitDisplayConfig: Active WxH 1200x2670 ,ddic_mode:idle, timing_fps: 120, sf_fps: 120
07-29 21:11:33.359  1827  2752 I vendor.qti.hardware.display.composer-service: Sensor: notify citsensorservice to trigger cwb, misForced = 0
07-29 21:11:33.359  3002  4297 I libsensor-parseRGB: request dump start for mRequestDisplayId 0
07-29 21:11:33.376  2463  2530 I SmartPower: com.android.vending:background/10124(29792): idle->background(4759ms) R(broadcast start Intent { act=android.intent.action.PACKAGE_ADDED dat=package: flg=0x4000010 (has extras) }) adj=915.
07-29 21:11:33.379  2463  2530 I SmartPower: com.android.vending/10124(29000): idle->background(4763ms) R(broadcast start Intent { act=android.intent.action.PACKAGE_ADDED dat=package: flg=0x4000010 (has extras) }) adj=915.
07-29 21:11:33.380 29000 29000 I Finsky  : [2] yag.g(1): yag - Received: android.intent.action.PACKAGE_ADDED, [V2mxj12aBiAh0t-wOKqW1p8RLyp4MYMx-E0LKtThajE]
07-29 21:11:33.383  2463  4205 I MiuiNetworkPolicy: updateUidState uid = 10124, uidState = 11
07-29 21:11:33.384 12230 12348 I Ad      : isPersonalizedAdEnabled getAdSettings: 1
07-29 21:11:33.385  2463  2530 I SmartPower: android.process.acore/10083(6721): idle->background(4760ms) R(broadcast start Intent { act=android.intent.action.PACKAGE_ADDED dat=package: flg=0x4000010 (has extras) }) adj=905.
07-29 21:11:33.385 29000 29047 I Finsky  : [1760] kwt.a(55): AIM: AppInfoManager-Perf > OnDeviceAppInfo > cacheHitCount=0, cacheMissCount=1. Missed  in cache (limit 10) : [com.nike.omega]
07-29 21:11:33.385 29000 29053 I Finsky  : [1762] kuq.apply(1378): AIM: Got app ownership map. App counts: . Unique apps: 0
07-29 21:11:33.387  2463  2530 I SmartPower: com.mfashiongallery.emag/10262(8261): idle->background(4762ms) R(broadcast start Intent { act=android.intent.action.PACKAGE_ADDED dat=package: flg=0x4000010 (has extras) }) adj=905.
07-29 21:11:33.387  2463  4563 W ParceledListSlice: Element #20 is 29016 bytes.
07-29 21:11:33.388  2463  2530 I SmartPower: com.miui.voiceassist:core/10193(7664): idle->background(4762ms) R(broadcast start Intent { act=android.intent.action.PACKAGE_ADDED dat=package: flg=0x4000010 (has extras) }) adj=100.
07-29 21:11:33.388  7989  7989 I PackageInstallReceiver: action = android.intent.action.PACKAGE_ADDED packageName = com.nike.omega
07-29 21:11:33.388  7989  7989 I PackageInstallReceiver: action = android.intent.action.PACKAGE_CHANGED packageName = com.nike.omega
07-29 21:11:33.388  7989  7989 I ServiceDeliveryCapability: onAppChanged:com.nike.omega action:android.intent.action.PACKAGE_ADDED
07-29 21:11:33.388  7664  7664 I VA_AiConn:ApkConstants: isPhoneCarLinkApp packageName=com.nike.omega
07-29 21:11:33.388  7664  8670 I VA_AliveCore:AbsCoreManager: msg.what = 1003
07-29 21:11:33.389  7989  7989 W InstalledPackagesMemoryCache: Unknown action: android.intent.action.PACKAGE_CHANGED
07-29 21:11:33.389  7989  7989 I ServiceDeliveryCapability: onAppChanged:com.nike.omega action:android.intent.action.PACKAGE_CHANGED
07-29 21:11:33.389  7989  7989 I AppWidgetDelegate: updateAppWidgets for com.nike.omega
07-29 21:11:33.389  7989  7989 I WidgetController: WidgetController.updateOrRemoveStackWhenPackageChanged: packageName com.nike.omega
07-29 21:11:33.389  7989  7989 I WidgetBackgroundBlurManager: onAppChanged appPackageName : com.nike.omega
07-29 21:11:33.390  2463  2530 I SmartPower: com.xiaomi.aicr:actionprovider/10127(12677): idle->background(4764ms) R(broadcast start Intent { act=android.intent.action.PACKAGE_ADDED dat=package: flg=0x4000010 (has extras) }) adj=905.
07-29 21:11:33.390  7664  8670 E VA_AliveCore:CoreManager: bind thread:id=281;name=CoreAssistInteraction
07-29 21:11:33.390  7664  8670 E VA_AliveCore:CoreManager: not target app
07-29 21:11:33.390  7664  8670 E VA_AliveCore:CoreManager: not target app
07-29 21:11:33.390  7664  8670 I VA_AliveCore:CoreManager: bindAliveServiceApps:com.miui.voicetrigger
07-29 21:11:33.390  2463  2530 I SmartPower: android.process.mediaUI/10261(13434): idle->background(4765ms) R(broadcast start Intent { act=android.intent.action.PACKAGE_ADDED dat=package: flg=0x4000010 (has extras) }) adj=905.
07-29 21:11:33.390  7989  8783 I AppWidgetDelegate: removeAllWidgets com.xiaomi.misettings.usagestats.widget.desktop.widget.SimpleUsageStatsWidget
07-29 21:11:33.390  7989  8783 I AppWidgetDelegate: removeAllWidgets com.android.calendar.widget.NearEventAppWidget
07-29 21:11:33.390  2463  2530 I SmartPower: com.miui.gallery/10271(13242): idle->background(4765ms) R(broadcast start Intent { act=android.intent.action.PACKAGE_ADDED dat=package: flg=0x4000010 (has extras) }) adj=905.
07-29 21:11:33.391  7664  8670 I VA_AliveCore:CoreManager: bindAliveServiceApps: services:[ResolveInfo{5bc2592 com.miui.voicetrigger/.VoiceTriggerService m=0x108000 userHandle=null}]
07-29 21:11:33.391  7664  8670 W VA_AliveConnection: startBind
07-29 21:11:33.391  7664  8670 I VA_AliveConnection: begin unregister
07-29 21:11:33.392  7664  8670 I VA_AliveConnection: begin register
07-29 21:11:33.392  7664  8670 I VA_AliveConnection: begin unregister
07-29 21:11:33.393  7664  8670 I VA_AliveConnection: begin register
07-29 21:11:33.393 29000 28795 I Finsky  : [2283] pcp.accept(129): Wrote row to frosting DB: 1468
07-29 21:11:33.393  2463  2530 I SmartPower: com.google.android.documentsui/10100(21132): idle->background(4768ms) R(broadcast start Intent { act=android.intent.action.PACKAGE_ADDED dat=package: flg=0x4000010 (has extras) }) adj=905.
07-29 21:11:33.393  7664  8670 W VA_AliveConnection: voicetrigger process isn't running
07-29 21:11:33.393  3002  3080 E libsensor-parseRGB: CWB NotifyCWBBufferDone  error 0
07-29 21:11:33.394 29000 29000 I Finsky  : [2] adpc.f(9): Clearing split related stale data.
07-29 21:11:33.394  2463  5441 W ParceledListSlice: Element #232 is 19012 bytes.
07-29 21:11:33.394 29000 29038 I Finsky  : [1751] kwp.a(206): AIM: AppInfoManager-Perf > ItemModel > CacheSize=34, cacheHitCount=0, cacheMissCount=0, total appsWithNoServerDataCount=4. Missed  in cache (limit 10) : []
07-29 21:11:33.396 29000 28795 I Finsky  : [2283] pcp.accept(129): Wrote row to frosting DB: 1469
07-29 21:11:33.396  2463  2530 I SmartPower: com.milink.crossdeviceservice/10178(27042): idle->background(4769ms) R(broadcast start Intent { act=android.intent.action.PACKAGE_ADDED dat=package: flg=0x4000010 (has extras) }) adj=905.
07-29 21:11:33.397  2463  2530 I SmartPower: com.milink.service:audio/10178(19382): idle->background(4770ms) R(broadcast start Intent { act=android.intent.action.PACKAGE_ADDED dat=package: flg=0x4000010 (has extras) }) adj=200.
07-29 21:11:33.399  2463  2530 W BroadcastQueue: Greezer Denial: sending Intent { act=android.intent.action.PACKAGE_ADDED dat=package: flg=0x4000010 (has extras) }, action: android.intent.action.PACKAGE_ADDED from null (uid=1000) due to receiver ProcessRecord{f2b2383 7919:com.instagram.android/u0a289} (uid 10289) need cached broadcast
07-29 21:11:33.399  2463  2530 W BroadcastQueue: Greezer Denial: sending Intent { act=android.intent.action.PACKAGE_ADDED dat=package: flg=0x4000010 (has extras) }, action: android.intent.action.PACKAGE_ADDED from null (uid=1000) due to receiver ProcessRecord{34cbe8f 25865:com.microsoft.emmx/u0a311} (uid 10311) need cached broadcast
07-29 21:11:33.399  2463  2530 I SmartPower: com.xiaomi.market/10167(9900): idle->background(4781ms) R(broadcast start Intent { act=android.intent.action.PACKAGE_ADDED dat=package: flg=0x4000010 (has extras) }) adj=905.
07-29 21:11:33.400  2463  2530 I SmartPower: com.miui.newhome/10296(11730): idle->background(4773ms) R(broadcast start Intent { act=android.intent.action.PACKAGE_ADDED dat=package: flg=0x4000010 (has extras) }) adj=905.
07-29 21:11:33.400  9900 10064 I com.xiaomi.market:new_milink:SafeBroadcastReceiver: a perform cost 0
07-29 21:11:33.401  9900 10025 I com.xiaomi.market:new_milink:SafeBroadcastReceiver: a perform cost 0
07-29 21:11:33.401  9900 28864 I Market-PackageMonitor: [Download/Install] onReceive: android.intent.action.PACKAGE_ADDED, pkg: com.nike.omega
07-29 21:11:33.402  7664  8670 I VA_AliveCore:AliveReport: saveStatusTimeToReportDB serviceName: com.miui.voicetrigger Time: 1753794693393 BootOn: true settingOn: false appOn: false
07-29 21:11:33.402 18384 18412 I auth    : [XMS][Auth] updatePackageInfos in db cnt: 1
07-29 21:11:33.403 29000 29000 I Finsky  : [2] akwu.c(44): Do not start WearSupportService due to Wear service optimization
07-29 21:11:33.404 29000 29000 I Finsky  : [2] srb.akj(13): DTU: Received onPackageAdded, replacing: false
07-29 21:11:33.404  7664  8670 W VA_AliveConnection: service don't need bind
07-29 21:11:33.404  7664  8670 W VA_AliveConnection: unLinkService:ComponentInfo{com.miui.voicetrigger/com.miui.voicetrigger.VoiceTriggerService}
07-29 21:11:33.404  7664  8670 W VA_AliveConnection: service does not bind now. ComponentInfo{com.miui.voicetrigger/com.miui.voicetrigger.VoiceTriggerService}
07-29 21:11:33.404 29000 29000 I Finsky  : [2] kuy.f(9): AIM: AppInfoCacheUpdater -> invalidating apps: [com.nike.omega]
07-29 21:11:33.404 29000 29000 I Finsky  : [2] kvn.g(21): AIM: AppInfoManager-Perf > getApps > called for 1 apps
07-29 21:11:33.404  2463  5530 W ParceledListSlice: Element #362 is 25752 bytes.
07-29 21:11:33.404 29000 28330 I Finsky  : [2276] mjw.ajf(151): [ContentSync] finished, scheduled=false
07-29 21:11:33.405  9900 28864 I Market-LocalAppManager: add package to list: com.nike.omega
07-29 21:11:33.405  3118  3260 I VA_AliveCore:ContentObserver: onChange uri = [content://com.xiaomi.assist.report/aliveStatus]
07-29 21:11:33.406  3118 28821 I VA_AliveCore:AliveStatusUploader: queryAliveItem start ,debug false
07-29 21:11:33.406  3118 28821 I VA_AliveCore:AliveStatusUploader: queryAliveItem end ,too often 
07-29 21:11:33.406 29000 29000 I Finsky  : [2] yag.g(1): yag - Received: android.intent.action.PACKAGE_CHANGED, [V2mxj12aBiAh0t-wOKqW1p8RLyp4MYMx-E0LKtThajE]
07-29 21:11:33.407 29000 29038 I Finsky  : [1751] kwt.a(55): AIM: AppInfoManager-Perf > OnDeviceAppInfo > cacheHitCount=0, cacheMissCount=1. Missed  in cache (limit 10) : [com.nike.omega]
07-29 21:11:33.408 24216 25807 I artd    : Dex parent of /data/app/~~n9ggBwuqh5xWaB3Qkx8z9Q==/com.nike.omega-jkWQZyic9ffJjEh0plwjhg==/base.apk is not writable: Permission denied
07-29 21:11:33.408 24216 25807 I artd    : GetBestInfo checking odex in dalvik-cache (/data/dalvik-cache/arm64/data@app@~~n9ggBwuqh5xWaB3Qkx8z9Q==@com.nike.omega-jkWQZyic9ffJjEh0plwjhg==@base.apk@classes.dex)
07-29 21:11:33.408 24216 25807 I artd    : Loading /data/dalvik-cache/arm64/data@app@~~n9ggBwuqh5xWaB3Qkx8z9Q==@com.nike.omega-jkWQZyic9ffJjEh0plwjhg==@base.apk@classes.dex with executable: 0
07-29 21:11:33.408 24216 25807 I artd    : OatFileAssistant test for existing oat file /data/dalvik-cache/arm64/data@app@~~n9ggBwuqh5xWaB3Qkx8z9Q==@com.nike.omega-jkWQZyic9ffJjEh0plwjhg==@base.apk@classes.dex: File /data/dalvik-cache/arm64/data@app@~~n9ggBwuqh5xWaB3Qkx8z9Q==@com.nike.omega-jkWQZyic9ffJjEh0plwjhg==@base.apk@classes.vdex does not exist.
07-29 21:11:33.408 24216 25807 I artd    : GetBestInfo checking odex next to the dex file (/data/app/~~n9ggBwuqh5xWaB3Qkx8z9Q==/com.nike.omega-jkWQZyic9ffJjEh0plwjhg==/oat/arm64/base.odex)
07-29 21:11:33.408 24216 25807 I artd    : Loading /data/app/~~n9ggBwuqh5xWaB3Qkx8z9Q==/com.nike.omega-jkWQZyic9ffJjEh0plwjhg==/oat/arm64/base.odex with executable: 0
07-29 21:11:33.409 24216 25807 I artd    : Successfully loaded /data/app/~~n9ggBwuqh5xWaB3Qkx8z9Q==/com.nike.omega-jkWQZyic9ffJjEh0plwjhg==/oat/arm64/base.odex with executable: 0
07-29 21:11:33.411 29000 28795 I Finsky  : [2283] pcp.accept(129): Wrote row to frosting DB: 1470
07-29 21:11:33.411 31076 29368 I Fitness : (REDACTED) OnPackageChangedOperation got intent: %s
07-29 21:11:33.412  9900 14327 I Market-LocalAppManager: checkUpdateFromServer : start
07-29 21:11:33.412  9900 14327 I Market-LocalAppManager: getUpdateInfoFromServer : start,isBackground=true
07-29 21:11:33.412 29000 29038 I Finsky  : [1751] kuq.apply(1378): AIM: Got app ownership map. App counts: . Unique apps: 0
07-29 21:11:33.413 24216 25807 I artd    : /data/app/~~n9ggBwuqh5xWaB3Qkx8z9Q==/com.nike.omega-jkWQZyic9ffJjEh0plwjhg==/oat/arm64/base.odex is kOatUpToDate with filter verify
07-29 21:11:33.416  2463  2530 I SmartPower: com.xiaomi.market:widgetProvider/10167(14346): idle->background(4799ms) R(broadcast start Intent { act=com.xiaomi.market.APP_STATUS_CHANGED flg=0x30 cmp=com.xiaomi.market/.business_ui.widget.NewGameWidgetProvider (has extras) }) adj=905.
07-29 21:11:33.419 31105 29331 I Auth    : (REDACTED) [SupervisedAccountIntentOperationV2] onHandleIntent: %s
07-29 21:11:33.419 14346 14346 I Market-BaseWidgetProvider: BaseWidgetProvider action:com.xiaomi.market.APP_STATUS_CHANGED
07-29 21:11:33.420 14346 14346 I Market-newGameWidgetProvider: newGameWidgetProvider action: com.xiaomi.market.APP_STATUS_CHANGED
07-29 21:11:33.420 31105 29375 I Dck     : (REDACTED) disableDckSupport: %s
07-29 21:11:33.420 31105 29375 I Dck     : [WirelessCapabilitiesFeatures] wccSysProp: 1 [CONTEXT service_id=289 ]
07-29 21:11:33.420 31105 29375 I Dck     : [WirelessCapabilitiesFeatures] wccMendel: 3 [CONTEXT service_id=289 ]
07-29 21:11:33.420 31105 29375 I Dck     : [WirelessCapabilitiesFeatures] deviceWccOverride: false [CONTEXT service_id=289 ]
07-29 21:11:33.420 31105 29375 I Dck     : [WirelessCapabilitiesFeatures] replaceSupportedWccWithWccOverride: true [CONTEXT service_id=289 ]
07-29 21:11:33.420 31105 29375 I Dck     : [WirelessCapabilitiesFeatures] wccOverride: not set [CONTEXT service_id=289 ]
07-29 21:11:33.420 31105 29375 I Dck     : (REDACTED) [WirelessCapabilitiesFeatures] wcc: %s
07-29 21:11:33.420 31105 29375 I Dck     : Dck module condition - downloadAllowed: false [CONTEXT service_id=289 ]
07-29 21:11:33.420 31105 29375 W Dck     : Dck module not eligible for asynchronous downloading [CONTEXT service_id=289 ]
07-29 21:11:33.423  9900 14327 I Market-LocalAppManager: getUpdateInfoFromServer : middle
07-29 21:11:33.423  1844  1844 I vendor.qti.hardware.servicetrackeraidl-service: bindService is called for service : com.miui.cleanmaster/androidx.work.impl.background.systemjob.SystemJobService and for client system
07-29 21:11:33.423  1844  1844 I vendor.qti.hardware.servicetrackeraidl-service: total connections for service : com.miui.cleanmaster/androidx.work.impl.background.systemjob.SystemJobServiceare :1
07-29 21:11:33.423  1844  1844 I vendor.qti.hardware.servicetrackeraidl-service: total connections for client : systemare :32
07-29 21:11:33.423  9900 14327 E Market-Client: isSupportChildMode, error: java.lang.NumberFormatException: For input string: ""
07-29 21:11:33.424  2463  4205 I MiuiNetworkPolicy: updateUidState uid = 10266, uidState = 8
07-29 21:11:33.426 31076 28831 I ProximityAuth: [RecentAppsMediator] Package added: (user=UserHandle{0}) com.nike.omega
07-29 21:11:33.426 31076 29371 W GCM     : Unexpected forwarded intent: Intent { act=android.intent.action.PACKAGE_ADDED dat=package: flg=0x4000010 pkg=com.google.android.gms cmp=com.google.android.gms/.chimera.PersistentIntentOperationService (has extras) }
07-29 21:11:33.426 29000 29053 I Finsky  : [1762] kwt.a(55): AIM: AppInfoManager-Perf > OnDeviceAppInfo > cacheHitCount=1, cacheMissCount=0. Missed  in cache (limit 10) : []
07-29 21:11:33.426 29000 29038 I Finsky  : [1751] kwp.a(206): AIM: AppInfoManager-Perf > ItemModel > CacheSize=34, cacheHitCount=0, cacheMissCount=0, total appsWithNoServerDataCount=4. Missed  in cache (limit 10) : []
07-29 21:11:33.426 29000 29053 I Finsky  : [1762] kuq.apply(1378): AIM: Got app ownership map. App counts: . Unique apps: 0
07-29 21:11:33.427 31076 29373 W NetworkScheduler: Unexpected forwarded intent: Intent { act=android.intent.action.PACKAGE_ADDED dat=package: flg=0x4000010 pkg=com.google.android.gms cmp=com.google.android.gms/.chimera.PersistentIntentOperationService (has extras) }
07-29 21:11:33.427 29000 29053 I Finsky  : [1762] kwp.a(206): AIM: AppInfoManager-Perf > ItemModel > CacheSize=34, cacheHitCount=0, cacheMissCount=0, total appsWithNoServerDataCount=4. Missed  in cache (limit 10) : []
07-29 21:11:33.428 28737 28775 I mit.droidbotapp: ProcessProfilingInfo new_methods=3 is saved saved_to_disk=1 resolve_classes_delay=8000
07-29 21:11:33.430 29000 28795 I Finsky  : [2283] pcp.accept(129): Wrote row to frosting DB: 1471
07-29 21:11:33.433  2463  4205 I MiuiNetworkPolicy: updateUidState uid = 10261, uidState = 10
07-29 21:11:33.434  2463  4205 I MiuiNetworkPolicy: updateUidState uid = 10158, uidState = 10
07-29 21:11:33.435 31076 29373 I Fitness : (REDACTED) FitCleanupIntentOperation received Intent %s
07-29 21:11:33.436  9900 14327 I Market-RetrofitRequest: callStart : https://updateinfo.market.xiaomi.com/apm/updateinfo/v2
07-29 21:11:33.437  9900  9900 I Market-ServiceUtils: startForeground: CheckUpdateService
07-29 21:11:33.438  9900 14327 I Market-RetrofitRequest: HeaderInterceptor : https://updateinfo.market.xiaomi.com/apm/updateinfo/v2
07-29 21:11:33.439  2463  5530 W ActivityManager: Foreground service started from background can not have location/camera/microphone access: service com.xiaomi.market/.business_core.update.auto.CheckUpdateService
07-29 21:11:33.439  2463  5530 I ActivityManager: Background started FGS: Allowed [callingPackage: com.xiaomi.market; callingUid: 10167; uidState: SVC ; uidBFSL: n/a; intent: Intent { cmp=com.xiaomi.market/.business_core.update.auto.CheckUpdateService (has extras) }; code:SYSTEM_ALERT_WINDOW_PERMISSION; tempAllowListReason:<,reasonCode:SYSTEM_ALLOW_LISTED,duration:9223372036854775807,callingUid:-1>; targetSdkVersion:33; callerTargetSdkVersion:33; startForegroundCount:0; bindFromPackage:null: isBindService:false]
07-29 21:11:33.439  2463  5530 W ForegroundServiceTypeLoggerModule: Foreground service start for UID: 10167 does not have any types
07-29 21:11:33.439  9900 14327 E Market-Client: isSupportChildMode, error: java.lang.NumberFormatException: For input string: ""
07-29 21:11:33.440  9900 14327 E Market-Client: isSupportChildMode, error: java.lang.NumberFormatException: For input string: ""
07-29 21:11:33.440  1827  2108 I SDM     : DisplayBase::CommitThread: Received idle timeout, panel: cmd, timeout: 70000 us
07-29 21:11:33.441  1844  1844 I vendor.qti.hardware.servicetrackeraidl-service: destroyService is called for service : com.google.android.gms/.fitness.service.recording.FitRecordingBroker
07-29 21:11:33.441  2463  4205 I MiuiNetworkPolicy: updateUidState uid = 10261, uidState = 4
07-29 21:11:33.441  2463  4205 I MiuiNetworkPolicyTrafficLimit: updateWhiteListUidForMobileTraffic uid=10261,add=true
07-29 21:11:33.443  2463  4205 I MiuiNetworkPolicy: updateUidState uid = 10203, uidState = 4
07-29 21:11:33.443  2463  4205 I MiuiNetworkPolicy: updateUidState uid = 10167, uidState = 4
07-29 21:11:33.443  2463  4205 I MiuiNetworkPolicyTrafficLimit: updateWhiteListUidForMobileTraffic uid=10167,add=true
07-29 21:11:33.443  2463  4205 I MiuiNetworkPolicy: updateUidState uid = 10158, uidState = 4
07-29 21:11:33.443 29000 29000 I Finsky  : [2] kuy.f(9): AIM: AppInfoCacheUpdater -> invalidating apps: [com.nike.omega]
07-29 21:11:33.443 29000 29000 I Finsky  : [2] kvn.g(21): AIM: AppInfoManager-Perf > getApps > called for 1 apps
07-29 21:11:33.443  9900 14327 I Market-LimitSpeedManager: startLimitSpeedNow() ====== speed = 32768
07-29 21:11:33.444 29000 29053 I Finsky  : [1762] kwt.a(55): AIM: AppInfoManager-Perf > OnDeviceAppInfo > cacheHitCount=0, cacheMissCount=1. Missed  in cache (limit 10) : [com.nike.omega]
07-29 21:11:33.445  2463  4205 I MiuiNetworkPolicyTrafficLimit: updateWhiteListUidForMobileTraffic uid=10158,add=true
07-29 21:11:33.445  2463  4205 I MiuiNetworkPolicy: updateUidState uid = 10124, uidState = 19
07-29 21:11:33.446 24216 25807 I artd    : Dex parent of /data/app/~~n9ggBwuqh5xWaB3Qkx8z9Q==/com.nike.omega-jkWQZyic9ffJjEh0plwjhg==/base.apk is not writable: Permission denied
07-29 21:11:33.446 24216 25807 I artd    : GetBestInfo checking odex in dalvik-cache (/data/dalvik-cache/arm64/data@app@~~n9ggBwuqh5xWaB3Qkx8z9Q==@com.nike.omega-jkWQZyic9ffJjEh0plwjhg==@base.apk@classes.dex)
07-29 21:11:33.446 24216 25807 I artd    : Loading /data/dalvik-cache/arm64/data@app@~~n9ggBwuqh5xWaB3Qkx8z9Q==@com.nike.omega-jkWQZyic9ffJjEh0plwjhg==@base.apk@classes.dex with executable: 0
07-29 21:11:33.446 24216 25807 I artd    : OatFileAssistant test for existing oat file /data/dalvik-cache/arm64/data@app@~~n9ggBwuqh5xWaB3Qkx8z9Q==@com.nike.omega-jkWQZyic9ffJjEh0plwjhg==@base.apk@classes.dex: File /data/dalvik-cache/arm64/data@app@~~n9ggBwuqh5xWaB3Qkx8z9Q==@com.nike.omega-jkWQZyic9ffJjEh0plwjhg==@base.apk@classes.vdex does not exist.
07-29 21:11:33.446 24216 25807 I artd    : GetBestInfo checking odex next to the dex file (/data/app/~~n9ggBwuqh5xWaB3Qkx8z9Q==/com.nike.omega-jkWQZyic9ffJjEh0plwjhg==/oat/arm64/base.odex)
07-29 21:11:33.446 24216 25807 I artd    : Loading /data/app/~~n9ggBwuqh5xWaB3Qkx8z9Q==/com.nike.omega-jkWQZyic9ffJjEh0plwjhg==/oat/arm64/base.odex with executable: 0
07-29 21:11:33.446 29000 29038 I Finsky  : [1751] kuq.apply(1378): AIM: Got app ownership map. App counts: . Unique apps: 0
07-29 21:11:33.446 24216 25807 I artd    : Successfully loaded /data/app/~~n9ggBwuqh5xWaB3Qkx8z9Q==/com.nike.omega-jkWQZyic9ffJjEh0plwjhg==/oat/arm64/base.odex with executable: 0
07-29 21:11:33.447 29000 29045 I Finsky  : [1758] jyg.accept(156): AIM: AppInfoManager-Perf > getApps > data collection finished
07-29 21:11:33.447 24216 25807 I artd    : /data/app/~~n9ggBwuqh5xWaB3Qkx8z9Q==/com.nike.omega-jkWQZyic9ffJjEh0plwjhg==/oat/arm64/base.odex is kOatUpToDate with filter verify
07-29 21:11:33.447 29000 29045 I Finsky  : [1758] kvo.run(976): AIM: AppInfoManager-Perf > maybeDestroyAppInfoManager is called. actives = 1
07-29 21:11:33.448  9900 28865 I Market-WakeLockManager: acquire wakeLock: CheckUpdateService for 30000
07-29 21:11:33.449  9900 28865 I Market-CheckUpdateService: force check Update Apps
07-29 21:11:33.449  9900 28865 I Market-LocalAppManager: query update apps from server : begin
07-29 21:11:33.449  9900 28865 I Market-LocalAppManager: checkUpdateFromServer : start
07-29 21:11:33.449  9900 28865 I Market-LocalAppManager: getUpdateInfoFromServer : start,isBackground=true
07-29 21:11:33.449  9900 14327 I Market-DownloadLimitSpeedManager: startLimitSpeed success. Total count 1
07-29 21:11:33.449  9900 14327 I Market-RetrofitRequest: HeaderInterceptor : https://updateinfo.market.xiaomi.com/apm/updateinfo/v2
07-29 21:11:33.450 31076 29368 I Fitness : (REDACTED) OnPackageChangedOperation got intent: %s
07-29 21:11:33.455  2463  5533 I ActivityManager: Broadcasting: Intent { act=android.intent.action.MEDIA_SCANNER_SCAN_FILE dat=file:///... flg=0x400000 }
07-29 21:11:33.456  2463  5533 I ActivityManager: Enqueued broadcast Intent { act=android.intent.action.MEDIA_SCANNER_SCAN_FILE dat=file:///... flg=0x400000 }: 0
07-29 21:11:33.457  2463  4404 I whetstone.activity: processNotifyEvent1 resId = 256, bundle = Bundle[{startTime=20531772, sourcePkg=com.miui.cleanmaster, sourceUid=10266, status=1, jobId=358, batteryName=com.miui.cleanmaster/androidx.work.impl.background.systemjob.SystemJobService, elapsedRealtime=20531772}]
07-29 21:11:33.458  9339 32575 I EventMonitor: notifyEvent resId=256
07-29 21:11:33.458  2463  4205 I MiuiNetworkPolicy: updateUidState uid = 10271, uidState = 11
07-29 21:11:33.458 13242 13242 W MiuiGallery2_BaseMediaScannerReceiver: [main] - Broadcast received, action: [android.intent.action.MEDIA_SCANNER_SCAN_FILE], data uri: [file:///sdcard/screen_2025-07-29_211132.png], CTA not allowed
07-29 21:11:33.458 21077 20660 I WM-WorkerWrapper: Worker result SUCCESS for Work [ id=9b38a940-a736-4467-9722-ac2644d8fba2, tags={ com.miui.optimizecenter.common.appcache.AppCacheManager$Companion$AppChangedReceiverWork } ]
07-29 21:11:33.459 29000 29047 I Finsky  : [1760] kwp.a(206): AIM: AppInfoManager-Perf > ItemModel > CacheSize=34, cacheHitCount=0, cacheMissCount=0, total appsWithNoServerDataCount=4. Missed  in cache (limit 10) : []
07-29 21:11:33.460  2463  4403 E HyperSentinel: -------------------------------------------------------
07-29 21:11:33.460  2463  4403 E HyperSentinel: Event_ThreadAmount
07-29 21:11:33.460  2463  4403 E HyperSentinel: -> audit event by proc 31105 "com.google.android.gms": running threads amount, 92 -> 147
07-29 21:11:33.460 29000 29047 I Finsky  : [1760] jyg.accept(156): AIM: AppInfoManager-Perf > getApps > data collection finished
07-29 21:11:33.460  2463  4205 I MiuiNetworkPolicy: updateUidState uid = 10271, uidState = 19
07-29 21:11:33.460 29000 29047 I Finsky  : [1760] kvo.run(976): AIM: AppInfoManager-Perf > maybeDestroyAppInfoManager is called. actives = 0
07-29 21:11:33.461  7633  7633 I MediaProvider: receive action = android.intent.action.MEDIA_SCANNER_SCAN_FILE schemeSpecificPart = ///sdcard/screen_2025-07-29_211132.png
07-29 21:11:33.461  2463 15424 W JobInfo : Job 'com.android.providers.media.module/com.android.providers.media.MediaService#-300' has a deadline with no functional constraints. The deadline won't improve job execution latency. Consider removing the deadline.
07-29 21:11:33.464  2463  4404 I whetstone.activity: processNotifyEvent1 resId = 256, bundle = Bundle[{startTime=20531783, sourcePkg=com.miui.cleanmaster, sourceUid=10266, status=0, jobId=358, batteryName=com.miui.cleanmaster/androidx.work.impl.background.systemjob.SystemJobService, elapsedRealtime=20531783}]
07-29 21:11:33.464  9339 32575 I EventMonitor: notifyEvent resId=256
07-29 21:11:33.464  1844  1844 I vendor.qti.hardware.servicetrackeraidl-service: unbindService is called for service : com.miui.cleanmaster/androidx.work.impl.background.systemjob.SystemJobService and for client system
07-29 21:11:33.464  1844  1844 I vendor.qti.hardware.servicetrackeraidl-service: size of service connections for service: com.miui.cleanmaster/androidx.work.impl.background.systemjob.SystemJobServiceafter removal is 0
07-29 21:11:33.464  1844  1844 I vendor.qti.hardware.servicetrackeraidl-service: size of client connections for client: systemafter removal is 31
07-29 21:11:33.464 31105 15141 I Icing   : Indexing com.google.android.gms-apps from com.google.android.gms
07-29 21:11:33.465  1844  1844 I vendor.qti.hardware.servicetrackeraidl-service: destroyService is called for service : com.miui.cleanmaster/androidx.work.impl.background.systemjob.SystemJobService
07-29 21:11:33.465 31076 29395 I Fitness : (REDACTED) FitCleanupIntentOperation received Intent %s
07-29 21:11:33.466  1844  1844 I vendor.qti.hardware.servicetrackeraidl-service: destroyService is called for service : com.google.android.gms/.fitness.service.recording.FitRecordingBroker
07-29 21:11:33.467  2463  4205 I MiuiNetworkPolicy: updateUidState uid = 10266, uidState = 10
07-29 21:11:33.468 31105 23178 I AppLinksAsyncVerifierV2: (REDACTED) Verification result: checking for a statement with source %s, relation delegate_permission/common.handle_all_urls, and target %s --> %b.
07-29 21:11:33.468 31105 29337 I AppLinksAsyncVerifierV2: (REDACTED) Verification result: checking for a statement with source %s, relation delegate_permission/common.handle_all_urls, and target %s --> %b.
07-29 21:11:33.469 31105 23176 I AppLinksAsyncVerifierV2: (REDACTED) Verification result: checking for a statement with source %s, relation delegate_permission/common.handle_all_urls, and target %s --> %b.
07-29 21:11:33.470  1844  1844 I vendor.qti.hardware.servicetrackeraidl-service: bindService is called for service : com.android.providers.media.module/com.android.providers.media.MediaService and for client system
07-29 21:11:33.470  1844  1844 I vendor.qti.hardware.servicetrackeraidl-service: total connections for service : com.android.providers.media.module/com.android.providers.media.MediaServiceare :1
07-29 21:11:33.470  1844  1844 I vendor.qti.hardware.servicetrackeraidl-service: total connections for client : systemare :32
07-29 21:11:33.471 31105 23179 I AppLinksAsyncVerifierV2: (REDACTED) Verification result: checking for a statement with source %s, relation delegate_permission/common.handle_all_urls, and target %s --> %b.
07-29 21:11:33.472  2463  4404 I whetstone.activity: processNotifyEvent1 resId = 256, bundle = Bundle[{startTime=20531791, sourcePkg=com.android.providers.media.module, sourceUid=10249, status=1, jobId=-300, batteryName=com.android.providers.media.module/com.android.providers.media.MediaService, elapsedRealtime=20531791}]
07-29 21:11:33.472  9339 32575 I EventMonitor: notifyEvent resId=256
07-29 21:11:33.472  2463  4205 I MiuiNetworkPolicy: updateUidState uid = 10266, uidState = 19
07-29 21:11:33.477 31105 15141 I Icing   : Indexing done com.google.android.gms-apps
07-29 21:11:33.479  2463  2506 I ActivityManager: Broadcast completed: result=0
07-29 21:11:33.479 31105 15141 I Icing   : Indexing com.google.android.gms-apps from com.google.android.gms
07-29 21:11:33.480  7633  8793 I MediaProvider: Begin Intent { act=android.intent.action.MEDIA_SCANNER_SCAN_FILE dat=file:///... flg=0x1400010 cmp=com.android.providers.media.module/com.android.providers.media.MediaService }
07-29 21:11:33.485  1839  7237 E ANDR-PERF-LM: MetaMeter: handleAsync() 166: AdaptLaunch Invalid Async
07-29 21:11:33.487  7910 11395 W SQLiteLog: (28) double-quoted string literal: "com.nike.omega"
07-29 21:11:33.488 24216 25807 I artd    : Dex parent of /data/app/~~n9ggBwuqh5xWaB3Qkx8z9Q==/com.nike.omega-jkWQZyic9ffJjEh0plwjhg==/base.apk is not writable: Permission denied
07-29 21:11:33.488 24216 25807 I artd    : GetBestInfo checking odex in dalvik-cache (/data/dalvik-cache/arm64/data@app@~~n9ggBwuqh5xWaB3Qkx8z9Q==@com.nike.omega-jkWQZyic9ffJjEh0plwjhg==@base.apk@classes.dex)
07-29 21:11:33.488 24216 25807 I artd    : Loading /data/dalvik-cache/arm64/data@app@~~n9ggBwuqh5xWaB3Qkx8z9Q==@com.nike.omega-jkWQZyic9ffJjEh0plwjhg==@base.apk@classes.dex with executable: 0
07-29 21:11:33.488 24216 25807 I artd    : OatFileAssistant test for existing oat file /data/dalvik-cache/arm64/data@app@~~n9ggBwuqh5xWaB3Qkx8z9Q==@com.nike.omega-jkWQZyic9ffJjEh0plwjhg==@base.apk@classes.dex: File /data/dalvik-cache/arm64/data@app@~~n9ggBwuqh5xWaB3Qkx8z9Q==@com.nike.omega-jkWQZyic9ffJjEh0plwjhg==@base.apk@classes.vdex does not exist.
07-29 21:11:33.488 24216 25807 I artd    : GetBestInfo checking odex next to the dex file (/data/app/~~n9ggBwuqh5xWaB3Qkx8z9Q==/com.nike.omega-jkWQZyic9ffJjEh0plwjhg==/oat/arm64/base.odex)
07-29 21:11:33.488 24216 25807 I artd    : Loading /data/app/~~n9ggBwuqh5xWaB3Qkx8z9Q==/com.nike.omega-jkWQZyic9ffJjEh0plwjhg==/oat/arm64/base.odex with executable: 0
07-29 21:11:33.489 24216 25807 I artd    : Successfully loaded /data/app/~~n9ggBwuqh5xWaB3Qkx8z9Q==/com.nike.omega-jkWQZyic9ffJjEh0plwjhg==/oat/arm64/base.odex with executable: 0
07-29 21:11:33.489 24216 25807 I artd    : /data/app/~~n9ggBwuqh5xWaB3Qkx8z9Q==/com.nike.omega-jkWQZyic9ffJjEh0plwjhg==/oat/arm64/base.odex is kOatUpToDate with filter verify
07-29 21:11:33.492  7633  8793 I MediaProvider: End Intent { act=android.intent.action.MEDIA_SCANNER_SCAN_FILE dat=file:///... flg=0x1400010 cmp=com.android.providers.media.module/com.android.providers.media.MediaService }
07-29 21:11:33.492  2463  4404 I whetstone.activity: processNotifyEvent1 resId = 256, bundle = Bundle[{startTime=20531812, sourcePkg=com.android.providers.media.module, sourceUid=10249, status=0, jobId=-300, batteryName=com.android.providers.media.module/com.android.providers.media.MediaService, elapsedRealtime=20531812}]
07-29 21:11:33.493  9339 13972 I EventMonitor: notifyEvent resId=256
07-29 21:11:33.493 31105 15141 I Icing   : Indexing done com.google.android.gms-apps
07-29 21:11:33.493  1844  1844 I vendor.qti.hardware.servicetrackeraidl-service: unbindService is called for service : com.android.providers.media.module/com.android.providers.media.MediaService and for client system
07-29 21:11:33.493  1844  1844 I vendor.qti.hardware.servicetrackeraidl-service: size of service connections for service: com.android.providers.media.module/com.android.providers.media.MediaServiceafter removal is 0
07-29 21:11:33.493  1844  1844 I vendor.qti.hardware.servicetrackeraidl-service: size of client connections for client: systemafter removal is 31
07-29 21:11:33.494  1844  1844 I vendor.qti.hardware.servicetrackeraidl-service: destroyService is called for service : com.android.providers.media.module/com.android.providers.media.MediaService
07-29 21:11:33.496 31105 15141 I Icing   : Indexing com.google.android.gms-apps from com.google.android.gms
07-29 21:11:33.496 31105 15141 I Icing   : Indexing done com.google.android.gms-apps
07-29 21:11:33.498  1844  1844 I vendor.qti.hardware.servicetrackeraidl-service: destroyService is called for service : com.google.android.gms/.icing.service.IndexWorkerService
07-29 21:11:33.499  8974  9450 I WakePathUpdatePolicy: doUpdate(user 0):responseCode:200
07-29 21:11:33.499  8974  9450 W WakePathUpdatePolicy: doUpdate(user 0): Response stream size=1408
07-29 21:11:33.501  8974  9450 I WakePathUpdatePolicy: pushWakePathData begin
07-29 21:11:33.501  8974  9450 I com.lbe.security.service.provider.WakePathDatabaseUtil: getWakePathWhiteList: whiteList.size=6
07-29 21:11:33.501  2463  5539 I WakePathChecker: MIUILOG-WAKEPATH pushWakePathWhiteList: userId=0 size=6
07-29 21:11:33.502  8974  9450 I com.lbe.security.service.provider.WakePathDatabaseUtil: getWakePathRuleList: wakeType=1 wakePathRules.size=3
07-29 21:11:33.502  2463  3739 I WakePathChecker: MIUILOG-WAKEPATH pushWakePathRuleInfos: wakeType=1 userId=0 size=3
07-29 21:11:33.502  8974  9450 I com.lbe.security.service.provider.WakePathDatabaseUtil: getWakePathRuleList: wakeType=8 wakePathRules.size=8
07-29 21:11:33.502  2463  3739 I WakePathChecker: MIUILOG-WAKEPATH pushWakePathRuleInfos: wakeType=8 userId=0 size=8
07-29 21:11:33.502  8974  9450 I com.lbe.security.service.provider.WakePathDatabaseUtil: getWakePathRuleList: wakeType=4 wakePathRules.size=4
07-29 21:11:33.502  2463  3739 I WakePathChecker: MIUILOG-WAKEPATH pushWakePathRuleInfos: wakeType=4 userId=0 size=4
07-29 21:11:33.503  8974  9450 I com.lbe.security.service.provider.WakePathDatabaseUtil: getWakePathRuleList: wakeType=2 wakePathRules.size=1
07-29 21:11:33.503  2463  5526 I WakePathChecker: MIUILOG-WAKEPATH pushWakePathRuleInfos: wakeType=2 userId=0 size=1
07-29 21:11:33.503  8974  9450 I com.lbe.security.service.provider.WakePathDatabaseUtil: getWakePathRuleList: wakeType=17 wakePathRules.size=0
07-29 21:11:33.503  2463  3739 I WakePathChecker: MIUILOG-WAKEPATH pushWakePathRuleInfos: wakeType=17 userId=0 size=0
07-29 21:11:33.503  8974  9450 I com.lbe.security.service.provider.WakePathDatabaseUtil: getWakePathRuleList: wakeType=32 wakePathRules.size=1
07-29 21:11:33.504  2463  5526 I WakePathChecker: MIUILOG-WAKEPATH pushWakePathRuleInfos: wakeType=32 userId=0 size=1
07-29 21:11:33.504  8974  9450 I com.lbe.security.service.provider.WakePathDatabaseUtil: getWakePathRuleList: wakeType=256 wakePathRules.size=8
07-29 21:11:33.504  2463  5526 I WakePathChecker: MIUILOG-WAKEPATH pushWakePathRuleInfos: wakeType=256 userId=0 size=8
07-29 21:11:33.504  8974  9450 I com.lbe.security.service.provider.WakePathDatabaseUtil: getWakePathRuleList: wakeType=128 wakePathRules.size=4
07-29 21:11:33.504  2463  3739 I WakePathChecker: MIUILOG-WAKEPATH pushWakePathRuleInfos: wakeType=128 userId=0 size=4
07-29 21:11:33.504  8974  9450 I com.lbe.security.service.provider.WakePathDatabaseUtil: getWakePathRuleList: wakeType=64 wakePathRules.size=2
07-29 21:11:33.505  2463  3739 I WakePathChecker: MIUILOG-WAKEPATH pushWakePathRuleInfos: wakeType=64 userId=0 size=2
07-29 21:11:33.505  8974  9450 I com.lbe.security.service.provider.WakePathDatabaseUtil: getWakePathRuleList: wakeType=4096 wakePathRules.size=2
07-29 21:11:33.505  2463  5526 I WakePathChecker: MIUILOG-WAKEPATH pushWakePathRuleInfos: wakeType=4096 userId=0 size=2
07-29 21:11:33.505  8974  9450 I com.lbe.security.service.provider.WakePathDatabaseUtil: getWakePathRuleList: wakeType=32768 wakePathRules.size=1
07-29 21:11:33.505  2463  5526 I WakePathChecker: MIUILOG-WAKEPATH pushWakePathRuleInfos: wakeType=32768 userId=0 size=1
07-29 21:11:33.506  8974  9450 I com.lbe.security.service.provider.WakePathDatabaseUtil: getWakePathRuleList: wakeType=8192 wakePathRules.size=5
07-29 21:11:33.506  2463  5526 I WakePathChecker: MIUILOG-WAKEPATH pushWakePathRuleInfos: wakeType=8192 userId=0 size=5
07-29 21:11:33.506  9900 14327 I Market-DownloadLimitSpeedManager: stopLimitSpeed
07-29 21:11:33.506  9900 14327 I Market-LimitSpeedManager: stopLimitSpeedNow() =========== 
07-29 21:11:33.506  8974  9450 I com.lbe.security.service.provider.WakePathDatabaseUtil: getWakePathRuleList: wakeType=16384 wakePathRules.size=0
07-29 21:11:33.506  2463  5526 I WakePathChecker: MIUILOG-WAKEPATH pushWakePathRuleInfos: wakeType=16384 userId=0 size=0
07-29 21:11:33.506  8974  9450 I com.lbe.security.service.provider.WakePathDatabaseUtil: getWakePathRuleList: wakeType=22 wakePathRules.size=0
07-29 21:11:33.506  2463  3739 I WakePathChecker: MIUILOG-WAKEPATH pushWakePathRuleInfos: wakeType=22 userId=0 size=0
07-29 21:11:33.507  8974  9450 I WakePathUpdatePolicy: pushWakePathData end
07-29 21:11:33.507  8974  9450 I WakePathUpdatePolicy: doUpdate end
07-29 21:11:33.509  9900 14327 I Market-RetrofitRequest: callEnd : https://updateinfo.market.xiaomi.com/apm/updateinfo/v2
07-29 21:11:33.510  9900 14327 I Market-LocalAppManager: getUpdateInfoFromServer : end  , responseCode : OK
07-29 21:11:33.510  9900 14327 I Market-LocalAppManager: checkUpdateFromServer : end
07-29 21:11:33.511  9900 14327 I Market-LocalAppManager: checkUpdateFromServer  data parser : end
07-29 21:11:33.511  9900 14327 I Market-HuanjiManager: condition not satisfied, ignore
07-29 21:11:33.511  9900 14327 I Market-DataParser: [InvalidPackageList] JSON : invalidSystemPackageList list is null
07-29 21:11:33.511  9900 14327 I Market-LocalAppManager: checkUpdateFromServer  filter package : end
07-29 21:11:33.511  9900 14327 I Market-LocalAppManager: checkUpdateFromServer  support64BitPackagesJsonArray : end
07-29 21:11:33.513  9900 14327 I Market-SystemSettingsManager: extraSettingsSecureGetInt key: com.xiaomi.market.need_update_game_count, value: 0
07-29 21:11:33.513  9900 14327 I Market-UpdateAppList: notify update appList changed: pkg (62) = com.ss.android.ugc.aweme,com.milink.service,com.miui.hybrid,com.baidu.BaiduMap,com.netease.newsreader.activity,com.baidu.searchbox.lite,com.android.fileexplorer,com.xiaomi.aiasst.vision,com.microsoft.office.outlook,com.miui.newhome,com.autonavi.minimap,com.miui.calculator,com.miui.mishare.connectivity,com.android.contacts,com.unionpay.tsmservice.mi,com.miui.voiceassist,com.miui.thirdappassistant,com.xiaomi.scanner,com.miui.securitycenter,com.nike.omega,com.duokan.reader,com.baidu.searchbox,com.wuba.zhuanzhuan,com.xingin.xhs,com.miui.touchassistant,tv.danmaku.bili,com.dragon.read,com.miui.gallery,com.miui.cloudservice,com.UCMobile,com.mfashiongallery.emag,com.miui.carlink,com.miui.notes,com.xiaomi.payment,com.miui.home,com.miui.tsmclient,com.xiaomi.gamecenter,com.smile.gifmaker,com.android.browser,com.suxing.sustream,com.xiaomi.mis,com.miui.virtualsim,com.android.quicksearchbox,com.sina.news,com.miui.video,com.miui.weather2,com.ss.android.article.news,com.quark.browser,com.xiaomi.mi_connect_service,com.miui.personalassistant,com.android.mms,com.xiaomi.gamecenter.sdk.service,com.kuaishou.nebula,com.android.thememanager,com.miui.bugreport,com.xiaomi.digitalkey,com.android.calendar,com.xiaomi.aicr,com.xiaomi.xmsf,com.xiaomi.mirror,com.miui.yellowpage,com.android.soundrecorder
07-29 21:11:33.513  9900 14327 I Market-SystemSettingsManager: extraSettingsSecureGetInt key: com.xiaomi.market.need_update_app_count, value: 61
07-29 21:11:33.514  9900 14327 I Market-SystemSettingsManager: extraSettingsSecurePutInt key: com.xiaomi.market.need_update_app_count, value: 62
07-29 21:11:33.516  9900 28107 I Market-SubScriptManager: updateMarketSubScript forceShow : false
07-29 21:11:33.516  9900 28107 I Market-SubScriptManager: get count 61
07-29 21:11:33.516  9900 28107 I Market-SubScriptManager: get count 61
07-29 21:11:33.519  9900 28107 I Market-SubScriptManager: set count 62
07-29 21:11:33.520  1827  2752 I vendor.qti.hardware.display.composer-service: Sensor: notify citsensorservice to trigger cwb, misForced = 1
07-29 21:11:33.520  3002  4297 I libsensor-parseRGB: request dump start for mRequestDisplayId 0
07-29 21:11:33.533  2105  2105 E DisplayModeController: setDesiredMode : Idle status skip setActiveMode, isDdicIdleMode: 1
07-29 21:11:33.535  1827  2399 I SDM     : HWCDisplay::SetActiveConfigWithConstraints: display:66-0, config: 3, WxH 1200x2670, fps 120
07-29 21:11:33.535  1827  2399 W SDM     : HWDeviceDRM::GetSupportedBitClkRate: Requested rate not supported: 1150000000
07-29 21:11:33.535  1827  2399 I SDM     : HWDeviceDRM::UpdateMixerAttributes: Mixer WxH 1200x2670-1 for Peripheral
07-29 21:11:33.535  1827  2399 I SDM     : HWCDisplay::SubmitDisplayConfig: Active configuration changed from config 1 to 3
07-29 21:11:33.535  1827  2399 I SDM     : HWCDisplay::SubmitDisplayConfig: Active WxH 1200x2670 ,ddic_mode:auto, timing_fps: 120, sf_fps: 120
07-29 21:11:33.542  3002  6353 E libsensor-parseRGB: CWB NotifyCWBBufferDone  error 0
07-29 21:11:33.557  9900 28865 I Market-LocalAppManager: getUpdateInfoFromServer : middle
