--------- beginning of main
07-29 21:11:25.833  1827  2108 I SDM     : DisplayBase::CommitThread: Received idle timeout, panel: cmd, timeout: 69999 us
07-29 21:11:25.848  8974  9450 I WakePathUpdatePolicy: doUpdate(user 0):responseCode:200
07-29 21:11:25.848  8974  9450 W WakePathUpdatePolicy: doUpdate(user 0): Response stream size=1376
07-29 21:11:25.857  8974  9450 I WakePathUpdatePolicy: pushWakePathData begin
07-29 21:11:25.857  8974  9450 I com.lbe.security.service.provider.WakePathDatabaseUtil: getWakePathWhiteList: whiteList.size=6
--------- beginning of system
07-29 21:11:25.857  2463  5441 I WakePathChecker: MIUILOG-WAKEPATH pushWakePathWhiteList: userId=0 size=6
07-29 21:11:25.858  8974  9450 I com.lbe.security.service.provider.WakePathDatabaseUtil: getWakePathRuleList: wakeType=1 wakePathRules.size=3
07-29 21:11:25.858  2463 14501 I WakePathChecker: MIUILOG-WAKEPATH pushWakePathRuleInfos: wakeType=1 userId=0 size=3
07-29 21:11:25.858  8974  9450 I com.lbe.security.service.provider.WakePathDatabaseUtil: getWakePathRuleList: wakeType=8 wakePathRules.size=8
07-29 21:11:25.859  2463  5441 I WakePathChecker: MIUILOG-WAKEPATH pushWakePathRuleInfos: wakeType=8 userId=0 size=8
07-29 21:11:25.859  8974  9450 I com.lbe.security.service.provider.WakePathDatabaseUtil: getWakePathRuleList: wakeType=4 wakePathRules.size=4
07-29 21:11:25.859  2463  5441 I WakePathChecker: MIUILOG-WAKEPATH pushWakePathRuleInfos: wakeType=4 userId=0 size=4
07-29 21:11:25.859  8974  9450 I com.lbe.security.service.provider.WakePathDatabaseUtil: getWakePathRuleList: wakeType=2 wakePathRules.size=1
07-29 21:11:25.859  2463  5441 I WakePathChecker: MIUILOG-WAKEPATH pushWakePathRuleInfos: wakeType=2 userId=0 size=1
07-29 21:11:25.860  8974  9450 I com.lbe.security.service.provider.WakePathDatabaseUtil: getWakePathRuleList: wakeType=17 wakePathRules.size=0
07-29 21:11:25.860  2463 14501 I WakePathChecker: MIUILOG-WAKEPATH pushWakePathRuleInfos: wakeType=17 userId=0 size=0
07-29 21:11:25.860  8974  9450 I com.lbe.security.service.provider.WakePathDatabaseUtil: getWakePathRuleList: wakeType=32 wakePathRules.size=1
07-29 21:11:25.860  2463 14501 I WakePathChecker: MIUILOG-WAKEPATH pushWakePathRuleInfos: wakeType=32 userId=0 size=1
07-29 21:11:25.861  8974  9450 I com.lbe.security.service.provider.WakePathDatabaseUtil: getWakePathRuleList: wakeType=256 wakePathRules.size=8
07-29 21:11:25.861  2463 14501 I WakePathChecker: MIUILOG-WAKEPATH pushWakePathRuleInfos: wakeType=256 userId=0 size=8
07-29 21:11:25.861  8974  9450 I com.lbe.security.service.provider.WakePathDatabaseUtil: getWakePathRuleList: wakeType=128 wakePathRules.size=4
07-29 21:11:25.861  2463  5441 I WakePathChecker: MIUILOG-WAKEPATH pushWakePathRuleInfos: wakeType=128 userId=0 size=4
07-29 21:11:25.861  8974  9450 I com.lbe.security.service.provider.WakePathDatabaseUtil: getWakePathRuleList: wakeType=64 wakePathRules.size=2
07-29 21:11:25.862  2463 14501 I WakePathChecker: MIUILOG-WAKEPATH pushWakePathRuleInfos: wakeType=64 userId=0 size=2
07-29 21:11:25.862  8974  9450 I com.lbe.security.service.provider.WakePathDatabaseUtil: getWakePathRuleList: wakeType=4096 wakePathRules.size=2
07-29 21:11:25.862  2463 14501 I WakePathChecker: MIUILOG-WAKEPATH pushWakePathRuleInfos: wakeType=4096 userId=0 size=2
07-29 21:11:25.862  8974  9450 I com.lbe.security.service.provider.WakePathDatabaseUtil: getWakePathRuleList: wakeType=32768 wakePathRules.size=1
07-29 21:11:25.862  2463 14501 I WakePathChecker: MIUILOG-WAKEPATH pushWakePathRuleInfos: wakeType=32768 userId=0 size=1
07-29 21:11:25.863  8974  9450 I com.lbe.security.service.provider.WakePathDatabaseUtil: getWakePathRuleList: wakeType=8192 wakePathRules.size=5
07-29 21:11:25.863  2463  5441 I WakePathChecker: MIUILOG-WAKEPATH pushWakePathRuleInfos: wakeType=8192 userId=0 size=5
07-29 21:11:25.863  8974  9450 I com.lbe.security.service.provider.WakePathDatabaseUtil: getWakePathRuleList: wakeType=16384 wakePathRules.size=0
07-29 21:11:25.863  2463 14501 I WakePathChecker: MIUILOG-WAKEPATH pushWakePathRuleInfos: wakeType=16384 userId=0 size=0
07-29 21:11:25.863  8974  9450 I com.lbe.security.service.provider.WakePathDatabaseUtil: getWakePathRuleList: wakeType=22 wakePathRules.size=0
07-29 21:11:25.864  2463 14501 I WakePathChecker: MIUILOG-WAKEPATH pushWakePathRuleInfos: wakeType=22 userId=0 size=0
07-29 21:11:25.864  8974  9450 I WakePathUpdatePolicy: pushWakePathData end
07-29 21:11:25.864  8974  9450 I WakePathUpdatePolicy: doUpdate end
07-29 21:11:25.889  2463  2463 W NotificationHistory: Attempted to add notif for locked/gone/disabled user 0
07-29 21:11:25.895  4979  4979 E NotifCollection: No notification to remove with key 0|com.xiaomi.market|150269895|null|10167 reason=0:REASON_UNKNOWN
07-29 21:11:25.921 18384 18412 I auth    : [XMS][Auth] updateAuthInfo in db true
07-29 21:11:25.922 18384 22937 I auth    : [XMS][Auth] updateAuthInfo in db true
07-29 21:11:25.923 18384 22937 I auth    : [XMS][Auth] updateAuthInfo in db true
07-29 21:11:25.925 18384 18412 I auth    : [XMS][Auth] updateAuthInfo in db true
07-29 21:11:25.927 18384 18412 I auth    : [XMS][Auth] updateAuthInfo in db true
07-29 21:11:25.927  8974  9450 I WakePathUpdatePolicy: doUpdate(user 0):responseCode:200
07-29 21:11:25.927  8974  9450 W WakePathUpdatePolicy: doUpdate(user 0): Response stream size=1408
07-29 21:11:25.928 18384 22937 I auth    : [XMS][Auth] updateAuthInfo in db true
07-29 21:11:25.929 18384 22937 I auth    : [XMS][Auth] updateAuthInfo in db true
07-29 21:11:25.930 18384 18412 I auth    : [XMS][Auth] updateAuthInfo in db true
07-29 21:11:25.931 18384 22937 I auth    : [XMS][Auth] updateAuthInfo in db true
07-29 21:11:25.932 18384 18412 I auth    : [XMS][Auth] updateAuthInfo in db true
07-29 21:11:25.937  8974  9450 I WakePathUpdatePolicy: pushWakePathData begin
07-29 21:11:25.938  8974  9450 I com.lbe.security.service.provider.WakePathDatabaseUtil: getWakePathWhiteList: whiteList.size=6
07-29 21:11:25.938  2463  5441 I WakePathChecker: MIUILOG-WAKEPATH pushWakePathWhiteList: userId=0 size=6
07-29 21:11:25.939  8974  9450 I com.lbe.security.service.provider.WakePathDatabaseUtil: getWakePathRuleList: wakeType=1 wakePathRules.size=3
07-29 21:11:25.939  2463  5441 I WakePathChecker: MIUILOG-WAKEPATH pushWakePathRuleInfos: wakeType=1 userId=0 size=3
07-29 21:11:25.940  8974  9450 I com.lbe.security.service.provider.WakePathDatabaseUtil: getWakePathRuleList: wakeType=8 wakePathRules.size=8
07-29 21:11:25.940  2463  5441 I WakePathChecker: MIUILOG-WAKEPATH pushWakePathRuleInfos: wakeType=8 userId=0 size=8
07-29 21:11:25.941  8974  9450 I com.lbe.security.service.provider.WakePathDatabaseUtil: getWakePathRuleList: wakeType=4 wakePathRules.size=4
07-29 21:11:25.942  2463  5441 I WakePathChecker: MIUILOG-WAKEPATH pushWakePathRuleInfos: wakeType=4 userId=0 size=4
07-29 21:11:25.942  8974  9450 I com.lbe.security.service.provider.WakePathDatabaseUtil: getWakePathRuleList: wakeType=2 wakePathRules.size=1
07-29 21:11:25.942  2463  5441 I WakePathChecker: MIUILOG-WAKEPATH pushWakePathRuleInfos: wakeType=2 userId=0 size=1
07-29 21:11:25.943  8974  9450 I com.lbe.security.service.provider.WakePathDatabaseUtil: getWakePathRuleList: wakeType=17 wakePathRules.size=0
07-29 21:11:25.943  2463  5441 I WakePathChecker: MIUILOG-WAKEPATH pushWakePathRuleInfos: wakeType=17 userId=0 size=0
07-29 21:11:25.944  8974  9450 I com.lbe.security.service.provider.WakePathDatabaseUtil: getWakePathRuleList: wakeType=32 wakePathRules.size=1
07-29 21:11:25.944  2463  5441 I WakePathChecker: MIUILOG-WAKEPATH pushWakePathRuleInfos: wakeType=32 userId=0 size=1
07-29 21:11:25.945  8974  9450 I com.lbe.security.service.provider.WakePathDatabaseUtil: getWakePathRuleList: wakeType=256 wakePathRules.size=8
07-29 21:11:25.945  2463  5441 I WakePathChecker: MIUILOG-WAKEPATH pushWakePathRuleInfos: wakeType=256 userId=0 size=8
07-29 21:11:25.945  8974  9450 I com.lbe.security.service.provider.WakePathDatabaseUtil: getWakePathRuleList: wakeType=128 wakePathRules.size=4
07-29 21:11:25.945  2463  5441 I WakePathChecker: MIUILOG-WAKEPATH pushWakePathRuleInfos: wakeType=128 userId=0 size=4
07-29 21:11:25.946  8974  9450 I com.lbe.security.service.provider.WakePathDatabaseUtil: getWakePathRuleList: wakeType=64 wakePathRules.size=2
07-29 21:11:25.946  2463  5441 I WakePathChecker: MIUILOG-WAKEPATH pushWakePathRuleInfos: wakeType=64 userId=0 size=2
07-29 21:11:25.946  8974  9450 I com.lbe.security.service.provider.WakePathDatabaseUtil: getWakePathRuleList: wakeType=4096 wakePathRules.size=2
07-29 21:11:25.946  2463  5441 I WakePathChecker: MIUILOG-WAKEPATH pushWakePathRuleInfos: wakeType=4096 userId=0 size=2
07-29 21:11:25.946  8974  9450 I com.lbe.security.service.provider.WakePathDatabaseUtil: getWakePathRuleList: wakeType=32768 wakePathRules.size=1
07-29 21:11:25.946  2463  5441 I WakePathChecker: MIUILOG-WAKEPATH pushWakePathRuleInfos: wakeType=32768 userId=0 size=1
07-29 21:11:25.947  8974  9450 I com.lbe.security.service.provider.WakePathDatabaseUtil: getWakePathRuleList: wakeType=8192 wakePathRules.size=5
07-29 21:11:25.947  2463  5441 I WakePathChecker: MIUILOG-WAKEPATH pushWakePathRuleInfos: wakeType=8192 userId=0 size=5
07-29 21:11:25.947  8974  9450 I com.lbe.security.service.provider.WakePathDatabaseUtil: getWakePathRuleList: wakeType=16384 wakePathRules.size=0
07-29 21:11:25.947  2463  5441 I WakePathChecker: MIUILOG-WAKEPATH pushWakePathRuleInfos: wakeType=16384 userId=0 size=0
07-29 21:11:25.947  8974  9450 I com.lbe.security.service.provider.WakePathDatabaseUtil: getWakePathRuleList: wakeType=22 wakePathRules.size=0
07-29 21:11:25.947  2463  5441 I WakePathChecker: MIUILOG-WAKEPATH pushWakePathRuleInfos: wakeType=22 userId=0 size=0
07-29 21:11:25.948  8974  9450 I WakePathUpdatePolicy: pushWakePathData end
07-29 21:11:25.948  8974  9450 I WakePathUpdatePolicy: doUpdate end
07-29 21:11:25.956  9900 28836 I Market-DownloadLimitSpeedManager: stopLimitSpeed
07-29 21:11:25.956  9900 28836 I Market-LimitSpeedManager: stopLimitSpeedNow() =========== 
07-29 21:11:25.964  3117  3117 I adbd    : in ShellService: export ANDROID_LOG_TAGS="''"; exec logcat '-v' 'threadtime' '*:I'
07-29 21:11:25.972  3117  3117 I adbd    : in ShellService: getevent -lt
07-29 21:11:25.981  3117  3117 I adbd    : in ShellService: ps
07-29 21:11:25.985  3117  3117 I adbd    : in ShellService: ime enable io.github.ylimit.droidbotapp/.DroidBotIME
07-29 21:11:25.994  9900 28836 I Market-RetrofitRequest: callEnd : https://updateinfo.market.xiaomi.com/apm/updateinfo/v2
07-29 21:11:25.996  9900 28836 W Market-Connection: Connection result is cut off as too long
07-29 21:11:26.002  9900 28836 I Market-LocalAppManager: getUpdateInfoFromServer : end  , responseCode : OK
07-29 21:11:26.002  9900 28836 I Market-LocalAppManager: checkUpdateFromServer : end
07-29 21:11:26.003  9900 28836 I Market-LocalAppManager: checkUpdateFromServer  data parser : end
07-29 21:11:26.004  9900 28836 I Market-HuanjiManager: condition not satisfied, ignore
07-29 21:11:26.004  9900 28836 I Market-DataParser: [InvalidPackageList] JSON : invalidSystemPackageList list is null
07-29 21:11:26.004  9900 28836 I Market-LocalAppManager: checkUpdateFromServer  filter package : end
07-29 21:11:26.004  9900 28836 I Market-LocalAppManager: checkUpdateFromServer  support64BitPackagesJsonArray : end
07-29 21:11:26.005  9900 28836 I Market-LocalAppManager: query update apps from server : finish, 64 / 424 to update
07-29 21:11:26.011  9900 28836 I Market-RetrofitRequest: callStart : https://updateinfo.market.xiaomi.com/apm/updateinfo/priority
07-29 21:11:26.011  9900 28836 I Market-RetrofitRequest: HeaderInterceptor : https://updateinfo.market.xiaomi.com/apm/updateinfo/priority
07-29 21:11:26.012  9900 28836 E Market-Client: isSupportChildMode, error: java.lang.NumberFormatException: For input string: ""
07-29 21:11:26.012  9900 28836 E Market-Client: isSupportChildMode, error: java.lang.NumberFormatException: For input string: ""
07-29 21:11:26.014  9900 28836 I Market-LimitSpeedManager: startLimitSpeedNow() ====== speed = 32768
07-29 21:11:26.017  9900 28836 I Market-DownloadLimitSpeedManager: startLimitSpeed success. Total count 1
07-29 21:11:26.017  9900 28836 I Market-RetrofitRequest: HeaderInterceptor : https://updateinfo.market.xiaomi.com/apm/updateinfo/priority
07-29 21:11:26.022  1839  7244 E ANDR-PERF-LM: SAGT_ACTION: UpdateFPSData() 138: update /sys/kernel/sched_penalty/parameters/fps to 25, ret is 0
07-29 21:11:26.022  1839  7244 E ANDR-PERF-LM: SAGT_ACTION: updateAutoPenatly() 161: recovery auto penatly gamefps 25.000000, measured fps is 24.500000, gap is 0.500000 
07-29 21:11:26.060  3117  3117 I adbd    : in ShellService: ime set io.github.ylimit.droidbotapp/.DroidBotIME
07-29 21:11:26.085  9900 28836 I Market-DownloadLimitSpeedManager: stopLimitSpeed
07-29 21:11:26.086  9900 28836 I Market-LimitSpeedManager: stopLimitSpeedNow() =========== 
07-29 21:11:26.091  9900 28836 I Market-RetrofitRequest: callEnd : https://updateinfo.market.xiaomi.com/apm/updateinfo/priority
07-29 21:11:26.095 14622 14622 E BaseInputMethodService: onUnbindInput
07-29 21:11:26.095  2463  4069 I InputReader: Reconfiguring input devices, changes=KEYBOARD_LAYOUTS
07-29 21:11:26.096  9900 28836 I Market-SystemSettingsManager: extraSettingsSecureGetInt key: com.xiaomi.market.need_update_game_count, value: 0
07-29 21:11:26.096  9900 28836 I Market-UpdateAppList: update app list do not change, don't notify: pkg (61) = com.ss.android.ugc.aweme,com.milink.service,com.miui.hybrid,com.baidu.BaiduMap,com.netease.newsreader.activity,com.baidu.searchbox.lite,com.android.fileexplorer,com.xiaomi.aiasst.vision,com.microsoft.office.outlook,com.miui.newhome,com.autonavi.minimap,com.miui.calculator,com.miui.mishare.connectivity,com.android.contacts,com.unionpay.tsmservice.mi,com.miui.voiceassist,com.miui.thirdappassistant,com.xiaomi.scanner,com.miui.securitycenter,com.duokan.reader,com.baidu.searchbox,com.wuba.zhuanzhuan,com.xingin.xhs,com.miui.touchassistant,tv.danmaku.bili,com.dragon.read,com.miui.gallery,com.miui.cloudservice,com.UCMobile,com.mfashiongallery.emag,com.miui.carlink,com.miui.notes,com.xiaomi.payment,com.miui.home,com.miui.tsmclient,com.xiaomi.gamecenter,com.smile.gifmaker,com.android.browser,com.suxing.sustream,com.xiaomi.mis,com.miui.virtualsim,com.android.quicksearchbox,com.sina.news,com.miui.video,com.miui.weather2,com.ss.android.article.news,com.quark.browser,com.xiaomi.mi_connect_service,com.miui.personalassistant,com.android.mms,com.xiaomi.gamecenter.sdk.service,com.kuaishou.nebula,com.android.thememanager,com.miui.bugreport,com.xiaomi.digitalkey,com.android.calendar,com.xiaomi.aicr,com.xiaomi.xmsf,com.xiaomi.mirror,com.miui.yellowpage,com.android.soundrecorder
07-29 21:11:26.096  4497  4497 I HandWritingStubImpl: refreshLastKeyboardType: 1
07-29 21:11:26.096  4497  4497 I HandWritingStubImpl: getCurrentKeyboardType: 1
07-29 21:11:26.099  9900 28107 I Market-SubScriptManager: updateMarketSubScript forceShow : false
07-29 21:11:26.099  9900 28107 I Market-SubScriptManager: get count 61
07-29 21:11:26.099  9900 28107 I Market-SubScriptManager: get count 61
07-29 21:11:26.100  9900 28836 I Market-LocalAppManager: queryDiffSizeFromServer start
07-29 21:11:26.101  2463  4108 W InputMethodManagerService: Clear show forced flag.
07-29 21:11:26.101  2463  4108 W SecurityInputMethodSwitcher: first check switch to security ime: false
07-29 21:11:26.101  2463  4108 W SecurityInputMethodSwitcher: double check switch to security ime: false
07-29 21:11:26.101  2463  4108 W SecurityInputMethodSwitcher: switch to other input method from security ime:false mayChangeToMiuiSecurityInputMethod: false current focus window: android.os.BinderProxy@e737978
07-29 21:11:26.101  9900 28836 I Market-RetrofitRequest: callStart : https://updateinfo.market.xiaomi.com/apm/updateinfo/diffsize
07-29 21:11:26.102  9900 28836 I Market-RetrofitRequest: HeaderInterceptor : https://updateinfo.market.xiaomi.com/apm/updateinfo/diffsize
07-29 21:11:26.102  4497  4497 I HandWritingStubImpl: refreshLastKeyboardType: 1
07-29 21:11:26.102  1844  1844 I vendor.qti.hardware.servicetrackeraidl-service: unbindService is called for service : com.sohu.inputmethod.sogou.xiaomi/.SogouIME and for client system
07-29 21:11:26.102  4497  4497 I HandWritingStubImpl: getCurrentKeyboardType: 1
07-29 21:11:26.102  1844  1844 I vendor.qti.hardware.servicetrackeraidl-service: size of service connections for service: com.sohu.inputmethod.sogou.xiaomi/.SogouIMEafter removal is 0
07-29 21:11:26.102  1844  1844 I vendor.qti.hardware.servicetrackeraidl-service: size of client connections for client: systemafter removal is 30
07-29 21:11:26.104  9900 28836 E Market-Client: isSupportChildMode, error: java.lang.NumberFormatException: For input string: ""
07-29 21:11:26.104  9900 28836 E Market-Client: isSupportChildMode, error: java.lang.NumberFormatException: For input string: ""
07-29 21:11:26.104  1844  1844 I vendor.qti.hardware.servicetrackeraidl-service: destroyService is called for service : com.sohu.inputmethod.sogou.xiaomi/.SogouIME
07-29 21:11:26.108  2463  4108 W InputManager-JNI: Input channel object '1deee25 InputMethod (client)' was disposed without first being removed with the input manager!
07-29 21:11:26.108  8013  8347 I k1      : input method change: 
07-29 21:11:26.111 14622 14622 E BaseInputMethodService: onDestroy
07-29 21:11:26.112  9339  9616 I IMECheckManager: getSelectedInputMethod, ime is io.github.ylimit.droidbotapp/.DroidBotIME
07-29 21:11:26.112  9339  9616 I IMECheckManager: InputMethodObserver, userId is 0, ime = io.github.ylimit.droidbotapp/.DroidBotIME
07-29 21:11:26.112 14622 14622 W WindowOnBackDispatcher: sendCancelIfRunning: isInProgress=false callback=android.view.ViewRootImpl$$ExternalSyntheticLambda12@4869ca4
07-29 21:11:26.112  2463  5129 W WindowManager: Cannot find window which accessibility connection is added to
07-29 21:11:26.113  2463  5459 W WindowManager: Failed looking up window session=Session{417d331 14622:u0a10183} callers=com.android.server.wm.WindowManagerService.windowForClientLocked:7019 com.android.server.wm.Session.setOnBackInvokedCallbackInfo:1092 android.view.IWindowSession$Stub.onTransact:1281 
07-29 21:11:26.113  2463  5459 I WindowManager: setOnBackInvokedCallback(): No window state for package:com.sohu.inputmethod.sogou.xiaomi
07-29 21:11:26.113  2105  2105 E DisplayModeController: setDesiredMode : Idle status skip setActiveMode, isDdicIdleMode: 1
07-29 21:11:26.113  9900 28836 I Market-LimitSpeedManager: startLimitSpeedNow() ====== speed = 32768
07-29 21:11:26.115  2463  5441 W WindowManager: Failed looking up window session=Session{417d331 14622:u0a10183} callers=com.android.server.wm.WindowManagerService.removeClientToken:2442 com.android.server.wm.Session.remove:290 android.view.IWindowSession$Stub.onTransact:741 
07-29 21:11:26.117  1844  1844 I vendor.qti.hardware.servicetrackeraidl-service: bindService is called for service : io.github.ylimit.droidbotapp/.DroidBotIME and for client system
07-29 21:11:26.117  1844  1844 I vendor.qti.hardware.servicetrackeraidl-service: total connections for service : io.github.ylimit.droidbotapp/.DroidBotIMEare :1
07-29 21:11:26.117  1844  1844 I vendor.qti.hardware.servicetrackeraidl-service: total connections for client : systemare :31
07-29 21:11:26.118 14622 14622 I IMEBottomManager: disableQuickMoveCursor
07-29 21:11:26.119  2463  4205 I MiuiNetworkPolicy: updateUidState uid = 10183, uidState = 10
07-29 21:11:26.120  1827  2399 I SDM     : HWCDisplay::SetActiveConfigWithConstraints: display:66-0, config: 3, WxH 1200x2670, fps 120
07-29 21:11:26.121  1827  2399 W SDM     : HWDeviceDRM::GetSupportedBitClkRate: Requested rate not supported: 1150000000
07-29 21:11:26.121  1827  2399 I SDM     : HWDeviceDRM::UpdateMixerAttributes: Mixer WxH 1200x2670-1 for Peripheral
07-29 21:11:26.121  2463  4108 W InputMethodManagerService: Clear show forced flag.
07-29 21:11:26.121  2463  5529 I ClipboardServiceI: checkProviderWakePathForClipboard: primaryClip is null
07-29 21:11:26.121  2463  4108 W SecurityInputMethodSwitcher: first check switch to security ime: false
07-29 21:11:26.121  1827  2399 I SDM     : HWCDisplay::SubmitDisplayConfig: Active configuration changed from config 1 to 3
07-29 21:11:26.121  1827  2399 I SDM     : HWCDisplay::SubmitDisplayConfig: Active WxH 1200x2670 ,ddic_mode:auto, timing_fps: 120, sf_fps: 120
07-29 21:11:26.121  2463  5529 I SmartPower: com.miui.phrase/10162(27285): idle->background(146233ms) R(content provider start ContentProviderRecord{e3754c6 u0 com.miui.phrase/com.miui.provider.InputProvider}) adj=0.
07-29 21:11:26.121  2463  4108 W SecurityInputMethodSwitcher: double check switch to security ime: false
07-29 21:11:26.121  2463  4108 W SecurityInputMethodSwitcher: switch to other input method from security ime:false mayChangeToMiuiSecurityInputMethod: false current focus window: android.os.BinderProxy@e737978
07-29 21:11:26.122  1827  2752 I vendor.qti.hardware.display.composer-service: Sensor: notify citsensorservice to trigger cwb, misForced = 0
07-29 21:11:26.122  3002  4297 I libsensor-parseRGB: request dump start for mRequestDisplayId 0
07-29 21:11:26.127  9339  9616 I IMECheckManager: getSelectedInputMethod, ime is io.github.ylimit.droidbotapp/.DroidBotIME
07-29 21:11:26.129  9339  9616 I IMECheckManager: updateCurrentIME, userId is 0, ime is io.github.ylimit.droidbotapp/.DroidBotIME, pkg is io.github.ylimit.droidbotapp, uid is 10371
07-29 21:11:26.130  9339  9616 I ActiveStateController: Ime outdated, uid is 10183
07-29 21:11:26.130  2463  5459 I ClipboardServiceI: checkProviderWakePathForClipboard: primaryClip is null
07-29 21:11:26.132  2463  4205 I MiuiNetworkPolicy: updateUidState uid = 10162, uidState = 10
07-29 21:11:26.132  9339  9616 I ActiveStateController: Ime update, uid is 10371
07-29 21:11:26.132  9900 28836 I Market-DownloadLimitSpeedManager: startLimitSpeed success. Total count 1
07-29 21:11:26.132  9900 28836 I Market-RetrofitRequest: HeaderInterceptor : https://updateinfo.market.xiaomi.com/apm/updateinfo/diffsize
07-29 21:11:26.132  4505  6790 I htmlviewercloudcontrol: isStagingEnv:false param =  InputMethod  uriMatch = 2, cluster: cn, version: 553104, traceId: aa4a7f1732c179f033e45bb6df6285c3, regId: +4z3RS85+e2U9l+sd6caQ/srGmJCsEbKpG1twyPn1K0CrNNyxYT/yAgGVxm5X+yC
07-29 21:11:26.132  9339  9638 I PowerKeeperConfigureManager: userId is 0, Ime outdated, uid is 10183
07-29 21:11:26.134  9339  9638 I PowerKeeperConfigureManager: userId is 0, Ime update, uid is 10371
07-29 21:11:26.136  2463  4563 E InputMethodManagerService: Ignoring com.android.server.inputmethod.InputMethodManagerService.updateStatusIcon:2768 due to an invalid token. uid:10183 token:android.os.Binder@6d41241
07-29 21:11:26.139 14622 14622 W WindowTokenClientController: Can't find attached WindowTokenClient for android.window.WindowTokenClient@3d50957
07-29 21:11:26.141  2463  4205 I MiuiNetworkPolicy: updateUidState uid = 10183, uidState = 16
07-29 21:11:26.141  2463  4205 I MiuiNetworkPolicy: updateUidState uid = 10162, uidState = 19
07-29 21:11:26.150 28737 28904 W ziparchive: Unable to open '/system/framework/QXPerformance.dm': No such file or directory
07-29 21:11:26.150 28737 28904 W ziparchive: Unable to open '/system/framework/QXPerformance.dm': No such file or directory
07-29 21:11:26.150  3002  3080 E libsensor-parseRGB: CWB NotifyCWBBufferDone  error 0
07-29 21:11:26.151  2463  5526 I AppsFilter: interaction: PackageSetting{2de2f40 io.github.ylimit.droidbotapp/10371} -> PackageSetting{e571ffd com.miui.screenrecorder/10273} BLOCKED
07-29 21:11:26.151  2463  5526 I AppsFilter: interaction: PackageSetting{2de2f40 io.github.ylimit.droidbotapp/10371} -> PackageSetting{185e4f2 com.android.cts.priv.ctsshim/10252} BLOCKED
07-29 21:11:26.151  2463  5526 I AppsFilter: interaction: PackageSetting{2de2f40 io.github.ylimit.droidbotapp/10371} -> PackageSetting{6f06743 com.quark.browser/10328} BLOCKED
07-29 21:11:26.151  2463  5526 I AppsFilter: interaction: PackageSetting{2de2f40 io.github.ylimit.droidbotapp/10371} -> PackageSetting{4a491c0 com.android.uwb.resources/10242} BLOCKED
07-29 21:11:26.151  2463  5526 I AppsFilter: interaction: PackageSetting{2de2f40 io.github.ylimit.droidbotapp/10371} -> PackageSetting{9adfe9 com.android.internal.display.cutout.emulation.corner/10008} BLOCKED
07-29 21:11:26.151  2463  5526 I AppsFilter: interaction: PackageSetting{2de2f40 io.github.ylimit.droidbotapp/10371} -> PackageSetting{960846e com.android.internal.display.cutout.emulation.double/10013} BLOCKED
07-29 21:11:26.151  2463  5526 I AppsFilter: interaction: PackageSetting{2de2f40 io.github.ylimit.droidbotapp/10371} -> PackageSetting{69ed5a1 io.appium.settings/10274} BLOCKED
07-29 21:11:26.151  2463  5526 I AppsFilter: interaction: PackageSetting{2de2f40 io.github.ylimit.droidbotapp/10371} -> PackageSetting{8fabef9 com.unionpay.tsmservice.mi/10185} BLOCKED
07-29 21:11:26.151  2463  5526 I AppsFilter: interaction: PackageSetting{2de2f40 io.github.ylimit.droidbotapp/10371} -> PackageSetting{6895e3e com.android.healthconnect.controller/10245} BLOCKED
07-29 21:11:26.151  2463  5526 I AppsFilter: interaction: PackageSetting{2de2f40 io.github.ylimit.droidbotapp/10371} -> PackageSetting{528349f com.wuba.zhuanzhuan/10260} BLOCKED
07-29 21:11:26.151  2463  5526 I AppsFilter: interaction: PackageSetting{2de2f40 io.github.ylimit.droidbotapp/10371} -> PackageSetting{42109ec com.alibaba.aliexpresshd/10303} BLOCKED
07-29 21:11:26.151  2463  5526 I AppsFilter: interaction: PackageSetting{2de2f40 io.github.ylimit.droidbotapp/10371} -> PackageSetting{b9f51b5 com.google.android.onetimeinitializer/10123} BLOCKED
07-29 21:11:26.151  2463  5526 I AppsFilter: interaction: PackageSetting{2de2f40 io.github.ylimit.droidbotapp/10371} -> PackageSetting{4b9204a com.android.health.connect.backuprestore/10246} BLOCKED
07-29 21:11:26.151  2463  5526 I AppsFilter: interaction: PackageSetting{2de2f40 io.github.ylimit.droidbotapp/10371} -> PackageSetting{de57bbb com.google.android.ext.shared/10150} BLOCKED
07-29 21:11:26.151  2463  5526 I AppsFilter: interaction: PackageSetting{2de2f40 io.github.ylimit.droidbotapp/10371} -> PackageSetting{40ad8d8 com.android.virtualmachine.res/10237} BLOCKED
07-29 21:11:26.151  2463  5526 I AppsFilter: interaction: PackageSetting{2de2f40 io.github.ylimit.droidbotapp/10371} -> PackageSetting{66fd907 com.android.providers.telephony.auto_generated_characteristics_rro/10072} BLOCKED
07-29 21:11:26.151  2463  5526 I AppsFilter: interaction: PackageSetting{2de2f40 io.github.ylimit.droidbotapp/10371} -> PackageSetting{5c05431 com.xiaomi.gamecenter.sdk.service/10140} BLOCKED
07-29 21:11:26.151  2463  5526 I AppsFilter: interaction: PackageSetting{2de2f40 io.github.ylimit.droidbotapp/10371} -> PackageSetting{b70f716 com.android.htmlviewer/10092} BLOCKED
07-29 21:11:26.152  2463  5526 I AppsFilter: interaction: PackageSetting{2de2f40 io.github.ylimit.droidbotapp/10371} -> PackageSetting{b661897 com.miui.gallery/10271} BLOCKED
07-29 21:11:26.152  2463  5526 I AppsFilter: interaction: PackageSetting{2de2f40 io.github.ylimit.droidbotapp/10371} -> PackageSetting{1c0aa84 com.quicinc.voice.activation/10214} BLOCKED
07-29 21:11:26.152  2463  5526 I AppsFilter: interaction: PackageSetting{2de2f40 io.github.ylimit.droidbotapp/10371} -> PackageSetting{915026d com.google.android.configupdater/10122} BLOCKED
07-29 21:11:26.152  2463  5526 I AppsFilter: interaction: PackageSetting{2de2f40 io.github.ylimit.droidbotapp/10371} -> PackageSetting{1fd6ea2 com.android.soundrecorder/10276} BLOCKED
07-29 21:11:26.152  2463  5526 I AppsFilter: interaction: PackageSetting{2de2f40 io.github.ylimit.droidbotapp/10371} -> PackageSetting{3e9a733 com.suxing.sustream/10338} BLOCKED
07-29 21:11:26.152  2463  5526 I AppsFilter: interaction: PackageSetting{2de2f40 io.github.ylimit.droidbotapp/10371} -> PackageSetting{fdfeaf0 io.appium.uiautomator2.server/10283} BLOCKED
07-29 21:11:26.152  2463  5526 I AppsFilter: interaction: PackageSetting{2de2f40 io.github.ylimit.droidbotapp/10371} -> PackageSetting{18c5869 com.android.safetycenter.resources/10240} BLOCKED
07-29 21:11:26.152  2463  5526 I AppsFilter: interaction: PackageSetting{2de2f40 io.github.ylimit.droidbotapp/10371} -> PackageSetting{5e7d2ee org.secuso.privacyfriendlytodolist/10270} BLOCKED
07-29 21:11:26.152  2463  5526 I AppsFilter: interaction: PackageSetting{2de2f40 io.github.ylimit.droidbotapp/10371} -> PackageSetting{80d838f com.android.providers.downloads.ui/10261} BLOCKED
07-29 21:11:26.152  2463  5526 I AppsFilter: interaction: PackageSetting{2de2f40 io.github.ylimit.droidbotapp/10371} -> PackageSetting{b70c61c com.android.simappdialog/10113} BLOCKED
07-29 21:11:26.152  2463  5526 I AppsFilter: interaction: PackageSetting{2de2f40 io.github.ylimit.droidbotapp/10371} -> PackageSetting{2022ffa com.xingin.xhs/10286} BLOCKED
07-29 21:11:26.152  2463  5526 I AppsFilter: interaction: PackageSetting{2de2f40 io.github.ylimit.droidbotapp/10371} -> PackageSetting{ae8c9ab com.android.connectivity.resources/10244} BLOCKED
07-29 21:11:26.152  2463  5526 I AppsFilter: interaction: PackageSetting{2de2f40 io.github.ylimit.droidbotapp/10371} -> PackageSetting{7d22808 com.cnn.mobile.android.phone/10316} BLOCKED
07-29 21:11:26.152  2463  5526 I AppsFilter: interaction: PackageSetting{2de2f40 io.github.ylimit.droidbotapp/10371} -> PackageSetting{3db11f7 com.android.internal.display.cutout.emulation.hole/10010} BLOCKED
07-29 21:11:26.152  2463  5526 I AppsFilter: interaction: PackageSetting{2de2f40 io.github.ylimit.droidbotapp/10371} -> PackageSetting{fca1864 com.android.internal.display.cutout.emulation.tall/10011} BLOCKED
07-29 21:11:26.152  2463  5526 I AppsFilter: interaction: PackageSetting{2de2f40 io.github.ylimit.droidbotapp/10371} -> PackageSetting{addaba1 com.android.modulemetadata/10174} BLOCKED
07-29 21:11:26.152  2463  5526 I AppsFilter: interaction: PackageSetting{2de2f40 io.github.ylimit.droidbotapp/10371} -> PackageSetting{7b43f82 com.android.internal.systemui.navbar.threebutton/10051} BLOCKED
07-29 21:11:26.152  2463  5526 I AppsFilter: interaction: PackageSetting{2de2f40 io.github.ylimit.droidbotapp/10371} -> PackageSetting{a3351c6 com.android.wifi.dialog/10211} BLOCKED
07-29 21:11:26.152  2463  5526 I AppsFilter: interaction: PackageSetting{2de2f40 io.github.ylimit.droidbotapp/10371} -> PackageSetting{fe85587 com.tencent.android.qqdownloader/10324} BLOCKED
07-29 21:11:26.153  2463  5526 I AppsFilter: interaction: PackageSetting{2de2f40 io.github.ylimit.droidbotapp/10371} -> PackageSetting{d65bcb4 com.android.contacts/10132} BLOCKED
07-29 21:11:26.153  2463  5526 I AppsFilter: interaction: PackageSetting{2de2f40 io.github.ylimit.droidbotapp/10371} -> PackageSetting{b0860dd cn.amazon.mShop.android/10301} BLOCKED
07-29 21:11:26.153  2463  5526 I AppsFilter: interaction: PackageSetting{2de2f40 io.github.ylimit.droidbotapp/10371} -> PackageSetting{802c452 com.miui.securitymanager/10272} BLOCKED
07-29 21:11:26.153  2463  5526 I AppsFilter: interaction: PackageSetting{2de2f40 io.github.ylimit.droidbotapp/10371} -> PackageSetting{a6ac323 com.baidu.searchbox/10340} BLOCKED
07-29 21:11:26.153  2463  5526 I AppsFilter: interaction: PackageSetting{2de2f40 io.github.ylimit.droidbotapp/10371} -> PackageSetting{6fbf020 com.android.mms/10141} BLOCKED
07-29 21:11:26.153  2463  5526 I AppsFilter: interaction: PackageSetting{2de2f40 io.github.ylimit.droidbotapp/10371} -> PackageSetting{52f2dd9 com.jijia.bqwnl/10327} BLOCKED
07-29 21:11:26.153  2463  5526 I AppsFilter: interaction: PackageSetting{2de2f40 io.github.ylimit.droidbotapp/10371} -> PackageSetting{3e4d39e com.yahoo.mobile.client.android.mail/10341} BLOCKED
07-29 21:11:26.153  2463  5526 I AppsFilter: interaction: PackageSetting{2de2f40 io.github.ylimit.droidbotapp/10371} -> PackageSetting{b1c6e7f com.mfashiongallery.emag/10262} BLOCKED
07-29 21:11:26.153  2463  5526 I AppsFilter: interaction: PackageSetting{2de2f40 io.github.ylimit.droidbotapp/10371} -> PackageSetting{9ffee4c com.instagram.android/10289} BLOCKED
07-29 21:11:26.153  2463  5526 I AppsFilter: interaction: PackageSetting{2de2f40 io.github.ylimit.droidbotapp/10371} -> PackageSetting{75bce95 com.google.android.gm/10290} BLOCKED
07-29 21:11:26.153  2463  5526 I AppsFilter: interaction: PackageSetting{2de2f40 io.github.ylimit.droidbotapp/10371} -> PackageSetting{7468baa com.android.compos.payload/10243} BLOCKED
07-29 21:11:26.153  2463  5526 I AppsFilter: interaction: PackageSetting{2de2f40 io.github.ylimit.droidbotapp/10371} -> PackageSetting{713739b com.microsoft.emmx/10311} BLOCKED
07-29 21:11:26.153  2463  5526 I AppsFilter: interaction: PackageSetting{2de2f40 io.github.ylimit.droidbotapp/10371} -> PackageSetting{563a338 com.android.settings.intelligence/10142} BLOCKED
07-29 21:11:26.153  2463  5526 I AppsFilter: interaction: PackageSetting{2de2f40 io.github.ylimit.droidbotapp/10371} -> PackageSetting{c77bf11 com.android.calendar/10265} BLOCKED
07-29 21:11:26.153  2463  5526 I AppsFilter: interaction: PackageSetting{2de2f40 io.github.ylimit.droidbotapp/10371} -> PackageSetting{359b876 com.miui.virtualsim/10277} BLOCKED
07-29 21:11:26.153  2463  5526 I AppsFilter: interaction: PackageSetting{2de2f40 io.github.ylimit.droidbotapp/10371} -> PackageSetting{4abae77 com.microsoft.office.outlook/10323} BLOCKED
07-29 21:11:26.153  2463  5526 I AppsFilter: interaction: PackageSetting{2de2f40 io.github.ylimit.droidbotapp/10371} -> PackageSetting{34bbae4 com.miui.compass/10267} BLOCKED
07-29 21:11:26.153  2463  5526 I AppsFilter: interaction: PackageSetting{2de2f40 io.github.ylimit.droidbotapp/10371} -> PackageSetting{a883b4d com.android.printspooler/10224} BLOCKED
07-29 21:11:26.153  2463  5526 I AppsFilter: interaction: PackageSetting{2de2f40 io.github.ylimit.droidbotapp/10371} -> PackageSetting{8a0e602 com.android.dreams.basic/10103} BLOCKED
07-29 21:11:26.153  2463  5526 I AppsFilter: interaction: PackageSetting{2de2f40 io.github.ylimit.droidbotapp/10371} -> PackageSetting{a22bb13 com.android.incallui/10126} BLOCKED
07-29 21:11:26.153  2463  5526 I AppsFilter: interaction: PackageSetting{2de2f40 io.github.ylimit.droidbotapp/10371} -> PackageSetting{97ba150 com.musicworx/10320} BLOCKED
07-29 21:11:26.153  2463  5526 I AppsFilter: interaction: PackageSetting{2de2f40 io.github.ylimit.droidbotapp/10371} -> PackageSetting{8aa3f49 com.android.rkpdapp/10254} BLOCKED
07-29 21:11:26.153  2463  5526 I AppsFilter: interaction: PackageSetting{2de2f40 io.github.ylimit.droidbotapp/10371} -> PackageSetting{46ec6fb com.newcall.overlay.miui/10041} BLOCKED
07-29 21:11:26.153  2463  5526 I AppsFilter: interaction: PackageSetting{2de2f40 io.github.ylimit.droidbotapp/10371} -> PackageSetting{b3b604e todolist.scheduleplanner.dailyplanner.todo.reminders/10299} BLOCKED
07-29 21:11:26.153  2463  5526 I AppsFilter: interaction: PackageSetting{2de2f40 io.github.ylimit.droidbotapp/10371} -> PackageSetting{9d4b171 android.auto_generated_characteristics_rro/10068} BLOCKED
07-29 21:11:26.153  2463  5526 I AppsFilter: interaction: PackageSetting{2de2f40 io.github.ylimit.droidbotapp/10371} -> PackageSetting{9f3f56f com.android.musicfx/10094} BLOCKED
07-29 21:11:26.153  2463  5526 I AppsFilter: interaction: PackageSetting{2de2f40 io.github.ylimit.droidbotapp/10371} -> PackageSetting{481827c com.todoist/10298} BLOCKED
07-29 21:11:26.153  2463  5526 I AppsFilter: interaction: PackageSetting{2de2f40 io.github.ylimit.droidbotapp/10371} -> PackageSetting{8ce8705 com.google.android.webview/10188} BLOCKED
07-29 21:11:26.153  2463  5526 I AppsFilter: interaction: PackageSetting{2de2f40 io.github.ylimit.droidbotapp/10371} -> PackageSetting{ff1335a com.zhuantech.sijiweather/10337} BLOCKED
07-29 21:11:26.153  2463  5526 I AppsFilter: interaction: PackageSetting{2de2f40 io.github.ylimit.droidbotapp/10371} -> PackageSetting{8f4798b com.ss.android.article.news/10325} BLOCKED
07-29 21:11:26.153  2463  5526 I AppsFilter: interaction: PackageSetting{2de2f40 io.github.ylimit.droidbotapp/10371} -> PackageSetting{a691a73 com.android.phone.auto_generated_characteristics_rro/10060} BLOCKED
07-29 21:11:26.153  2463  5526 I AppsFilter: interaction: PackageSetting{2de2f40 io.github.ylimit.droidbotapp/10371} -> PackageSetting{9a24a68 com.android.chrome/10282} BLOCKED
07-29 21:11:26.153  2463  5526 I AppsFilter: interaction: PackageSetting{2de2f40 io.github.ylimit.droidbotapp/10371} -> PackageSetting{1358e81 com.UCMobile/10332} BLOCKED
07-29 21:11:26.153  2463  5526 I AppsFilter: interaction: PackageSetting{2de2f40 io.github.ylimit.droidbotapp/10371} -> PackageSetting{dff2b26 com.ss.android.ugc.aweme/10322} BLOCKED
07-29 21:11:26.153  2463  5526 I AppsFilter: interaction: PackageSetting{2de2f40 io.github.ylimit.droidbotapp/10371} -> PackageSetting{a2f2367 com.android.wifi.resources/10258} BLOCKED
07-29 21:11:26.153  2463  5526 I AppsFilter: interaction: PackageSetting{2de2f40 io.github.ylimit.droidbotapp/10371} -> PackageSetting{b85a514 com.skysoft.kkbox.android/10285} BLOCKED
07-29 21:11:26.153  2463  5526 I AppsFilter: interaction: PackageSetting{2de2f40 io.github.ylimit.droidbotapp/10371} -> PackageSetting{1ab91bd com.getsurfboard/10279} BLOCKED
07-29 21:11:26.153  2463  5526 I AppsFilter: interaction: PackageSetting{2de2f40 io.github.ylimit.droidbotapp/10371} -> PackageSetting{1a2d3b2 com.netease.newsreader.activity/10313} BLOCKED
07-29 21:11:26.153  2463  5526 I AppsFilter: interaction: PackageSetting{2de2f40 io.github.ylimit.droidbotapp/10371} -> PackageSetting{4fb64eb com.android.theme.font.notoserifsource/10017} BLOCKED
07-29 21:11:26.153  2463  5526 I AppsFilter: interaction: PackageSetting{2de2f40 io.github.ylimit.droidbotapp/10371} -> PackageSetting{c808f03 com.kuaishou.nebula/10329} BLOCKED
07-29 21:11:26.153  2463  5526 I AppsFilter: interaction: PackageSetting{2de2f40 io.github.ylimit.droidbotapp/10371} -> PackageSetting{c63d8e1 com.android.internal.display.cutout.emulation.waterfall/10012} BLOCKED
07-29 21:11:26.153  2463  5526 I AppsFilter: interaction: PackageSetting{2de2f40 io.github.ylimit.droidbotapp/10371} -> PackageSetting{19e1606 com.android.internal.systemui.navbar.transparent/10063} BLOCKED
07-29 21:11:26.153  2463  5526 I AppsFilter: interaction: PackageSetting{2de2f40 io.github.ylimit.droidbotapp/10371} -> PackageSetting{da1fe80 com.miui.newhome/10296} BLOCKED
07-29 21:11:26.153  2463  5526 I AppsFilter: interaction: PackageSetting{2de2f40 io.github.ylimit.droidbotapp/10371} -> PackageSetting{848cb9 com.miui.video/10294} BLOCKED
07-29 21:11:26.153  2463  5526 I AppsFilter: interaction: PackageSetting{2de2f40 io.github.ylimit.droidbotapp/10371} -> PackageSetting{b6678fe com.google.android.printservice.recommendation/10153} BLOCKED
07-29 21:11:26.153  2463  5526 I AppsFilter: interaction: PackageSetting{2de2f40 io.github.ylimit.droidbotapp/10371} -> PackageSetting{5f3185f com.baidu.searchbox.lite/10334} BLOCKED
07-29 21:11:26.153  2463  5526 I AppsFilter: interaction: PackageSetting{2de2f40 io.github.ylimit.droidbotapp/10371} -> PackageSetting{26882ac com.spotify.music/10317} BLOCKED
07-29 21:11:26.153  2463  5526 I AppsFilter: interaction: PackageSetting{2de2f40 io.github.ylimit.droidbotapp/10371} -> PackageSetting{b583b75 com.google.android.documentsui/10100} BLOCKED
07-29 21:11:26.153  2463  5526 I AppsFilter: interaction: PackageSetting{2de2f40 io.github.ylimit.droidbotapp/10371} -> PackageSetting{82d270a com.google.android.accessibility.switchaccess/10184} BLOCKED
07-29 21:11:26.153  2463  5526 I AppsFilter: interaction: PackageSetting{2de2f40 io.github.ylimit.droidbotapp/10371} -> PackageSetting{8dadb7b com.sohu.inputmethod.sogou.xiaomi/10183} BLOCKED
07-29 21:11:26.153  2463  5526 I AppsFilter: interaction: PackageSetting{2de2f40 io.github.ylimit.droidbotapp/10371} -> PackageSetting{311d98 cn.ninegame.gamemanager/10330} BLOCKED
07-29 21:11:26.153  2463  5526 I AppsFilter: interaction: PackageSetting{2de2f40 io.github.ylimit.droidbotapp/10371} -> PackageSetting{9070133 io.appium.uiautomator2.server.test/10280} BLOCKED
07-29 21:11:26.153  2463  5526 I AppsFilter: interaction: PackageSetting{2de2f40 io.github.ylimit.droidbotapp/10371} -> PackageSetting{77e19f1 com.baidu.BaiduMap/10331} BLOCKED
07-29 21:11:26.153  2463  5526 I AppsFilter: interaction: PackageSetting{2de2f40 io.github.ylimit.droidbotapp/10371} -> PackageSetting{dfea9d6 com.android.providers.partnerbookmarks/10109} BLOCKED
07-29 21:11:26.153  2463  5526 I AppsFilter: interaction: PackageSetting{2de2f40 io.github.ylimit.droidbotapp/10371} -> PackageSetting{eb1b457 com.android.smspush/10230} BLOCKED
07-29 21:11:26.153  2463  5526 I AppsFilter: interaction: PackageSetting{2de2f40 io.github.ylimit.droidbotapp/10371} -> PackageSetting{8e67b44 com.miui.calculator/10263} BLOCKED
07-29 21:11:26.153  2463  5526 I AppsFilter: interaction: PackageSetting{2de2f40 io.github.ylimit.droidbotapp/10371} -> PackageSetting{e49642d de.baumann.browser/10308} BLOCKED
07-29 21:11:26.153  2463  5526 I AppsFilter: interaction: PackageSetting{2de2f40 io.github.ylimit.droidbotapp/10371} -> PackageSetting{9938d62 com.android.wallpaper.livepicker/10091} BLOCKED
07-29 21:11:26.153  2463  5526 I AppsFilter: interaction: PackageSetting{2de2f40 io.github.ylimit.droidbotapp/10371} -> PackageSetting{4b33ef3 com.android.cellbroadcastreceiver.module/10255} BLOCKED
07-29 21:11:26.153  2463  5526 I AppsFilter: interaction: PackageSetting{2de2f40 io.github.ylimit.droidbotapp/10371} -> PackageSetting{7207b0 com.android.apps.tag/10098} BLOCKED
07-29 21:11:26.153  2463  5526 I AppsFilter: interaction: PackageSetting{2de2f40 io.github.ylimit.droidbotapp/10371} -> PackageSetting{1051629 com.android.imsserviceentitlement/10125} BLOCKED
07-29 21:11:26.153  2463  5526 I AppsFilter: interaction: PackageSetting{2de2f40 io.github.ylimit.droidbotapp/10371} -> PackageSetting{8a11dae com.xiaomi.gamecenter/10288} BLOCKED
07-29 21:11:26.154  2463  5526 I AppsFilter: interaction: PackageSetting{2de2f40 io.github.ylimit.droidbotapp/10371} -> PackageSetting{638d74f com.android.appsearch.apk/10257} BLOCKED
07-29 21:11:26.154  2463  5526 I AppsFilter: interaction: PackageSetting{2de2f40 io.github.ylimit.droidbotapp/10371} -> PackageSetting{de7eedc com.dragon.read/10335} BLOCKED
07-29 21:11:26.154  2463  5526 I AppsFilter: interaction: PackageSetting{2de2f40 io.github.ylimit.droidbotapp/10371} -> PackageSetting{c9928a5 com.anydo/10292} BLOCKED
07-29 21:11:26.154  2463  5526 I AppsFilter: interaction: PackageSetting{2de2f40 io.github.ylimit.droidbotapp/10371} -> PackageSetting{afebe5 com.miui.cleanmaster/10266} BLOCKED
07-29 21:11:26.154  2463  5526 I AppsFilter: interaction: PackageSetting{2de2f40 io.github.ylimit.droidbotapp/10371} -> PackageSetting{ce566ba com.miui.weather2/10278} BLOCKED
07-29 21:11:26.154  2463  5526 I AppsFilter: interaction: PackageSetting{2de2f40 io.github.ylimit.droidbotapp/10371} -> PackageSetting{d5996b com.autonavi.minimap/10333} BLOCKED
07-29 21:11:26.154  2463  5526 I AppsFilter: interaction: PackageSetting{2de2f40 io.github.ylimit.droidbotapp/10371} -> PackageSetting{3731cc8 com.xiaomi.scanner/10281} BLOCKED
07-29 21:11:26.154  2463  5526 I AppsFilter: interaction: PackageSetting{2de2f40 io.github.ylimit.droidbotapp/10371} -> PackageSetting{5786161 com.google.android.apps.tasks/10300} BLOCKED
07-29 21:11:26.154  2463  5526 I AppsFilter: interaction: PackageSetting{2de2f40 io.github.ylimit.droidbotapp/10371} -> PackageSetting{3f33486 com.duokan.reader/10287} BLOCKED
07-29 21:11:26.154  2463  5526 I AppsFilter: interaction: PackageSetting{2de2f40 io.github.ylimit.droidbotapp/10371} -> PackageSetting{1fd47a8 com.android.cts.ctsshim/10253} BLOCKED
07-29 21:11:26.154  2463  5526 I AppsFilter: interaction: PackageSetting{2de2f40 io.github.ylimit.droidbotapp/10371} -> PackageSetting{e326147 douzifly.list/10182} BLOCKED
07-29 21:11:26.154  2463  5526 I AppsFilter: interaction: PackageSetting{2de2f40 io.github.ylimit.droidbotapp/10371} -> PackageSetting{9013d74 com.miui.yellowpage/10137} BLOCKED
07-29 21:11:26.154  2463  5526 I AppsFilter: interaction: PackageSetting{2de2f40 io.github.ylimit.droidbotapp/10371} -> PackageSetting{1f8b29d com.einnovation.temu/10304} BLOCKED
07-29 21:11:26.154  2463  5526 I AppsFilter: interaction: PackageSetting{2de2f40 io.github.ylimit.droidbotapp/10371} -> PackageSetting{c584c6d com.android.microdroid.empty_payload/10236} BLOCKED
07-29 21:11:26.154  2463  5526 I AppsFilter: interaction: PackageSetting{2de2f40 io.github.ylimit.droidbotapp/10371} -> PackageSetting{fbe1312 com.android.email/10268} BLOCKED
07-29 21:11:26.154  2463  5526 I AppsFilter: interaction: PackageSetting{2de2f40 io.github.ylimit.droidbotapp/10371} -> PackageSetting{fa9cae3 com.android.music/10175} BLOCKED
07-29 21:11:26.154  2463  5526 I AppsFilter: interaction: PackageSetting{2de2f40 io.github.ylimit.droidbotapp/10371} -> PackageSetting{5aebce0 com.android.hotspot2.osulogin/10259} BLOCKED
07-29 21:11:26.154  2463  5526 I AppsFilter: interaction: PackageSetting{2de2f40 io.github.ylimit.droidbotapp/10371} -> PackageSetting{728d2a7 com.android.companiondevicemanager.auto_generated_characteristics_rro/10006} BLOCKED
07-29 21:11:26.154  2463  5526 I AppsFilter: interaction: PackageSetting{2de2f40 io.github.ylimit.droidbotapp/10371} -> PackageSetting{e32db99 com.google.android.gms.location.history/10152} BLOCKED
07-29 21:11:26.154  2463  5526 I AppsFilter: interaction: PackageSetting{2de2f40 io.github.ylimit.droidbotapp/10371} -> PackageSetting{be64e5e com.smile.gifmaker/10339} BLOCKED
07-29 21:11:26.154  2463  5526 I AppsFilter: interaction: PackageSetting{2de2f40 io.github.ylimit.droidbotapp/10371} -> PackageSetting{d1ebbf2 com.android.internal.systemui.navbar.gestural/10052} BLOCKED
07-29 21:11:26.154  2463  5526 I AppsFilter: interaction: PackageSetting{2de2f40 io.github.ylimit.droidbotapp/10371} -> PackageSetting{7a4323f ru.mail.mailapp/10321} BLOCKED
07-29 21:11:26.154  2463  5526 I AppsFilter: interaction: PackageSetting{2de2f40 io.github.ylimit.droidbotapp/10371} -> PackageSetting{3f2c70c com.google.android.apps.youtube.music/10318} BLOCKED
07-29 21:11:26.154  2463  5526 I AppsFilter: interaction: PackageSetting{2de2f40 io.github.ylimit.droidbotapp/10371} -> PackageSetting{64c9855 com.android.bluetoothmidiservice/10104} BLOCKED
07-29 21:11:26.154  2463  5526 I AppsFilter: interaction: PackageSetting{2de2f40 io.github.ylimit.droidbotapp/10371} -> PackageSetting{bc4f26a com.jijia.jjweather/10336} BLOCKED
07-29 21:11:26.154  2463  5526 I AppsFilter: interaction: PackageSetting{2de2f40 io.github.ylimit.droidbotapp/10371} -> PackageSetting{cb3b35b com.ebay.mobile/10291} BLOCKED
07-29 21:11:26.154  2463  5526 I AppsFilter: interaction: PackageSetting{2de2f40 io.github.ylimit.droidbotapp/10371} -> PackageSetting{c8b47f8 com.google.android.apps.magazines/10315} BLOCKED
07-29 21:11:26.154  2463  5526 I AppsFilter: interaction: PackageSetting{2de2f40 io.github.ylimit.droidbotapp/10371} -> PackageSetting{65084b5 com.qualcomm.qti.server.wigig.tethering.rro/10229} BLOCKED
07-29 21:11:26.154  2463  5526 I AppsFilter: interaction: PackageSetting{2de2f40 io.github.ylimit.droidbotapp/10371} -> PackageSetting{90b64d1 com.sina.news/10314} BLOCKED
07-29 21:11:26.154  2463  5526 I AppsFilter: interaction: PackageSetting{2de2f40 io.github.ylimit.droidbotapp/10371} -> PackageSetting{d37cb36 tv.danmaku.bili/10326} BLOCKED
07-29 21:11:26.154  2463  5526 I AppsFilter: interaction: PackageSetting{2de2f40 io.github.ylimit.droidbotapp/10371} -> PackageSetting{2702a37 com.android.captiveportallogin/10106} BLOCKED
07-29 21:11:26.154  2463  5526 I AppsFilter: interaction: PackageSetting{2de2f40 io.github.ylimit.droidbotapp/10371} -> PackageSetting{428eba4 com.microsoft.todos/10293} BLOCKED
07-29 21:11:26.154  2463  5526 I AppsFilter: interaction: PackageSetting{2de2f40 io.github.ylimit.droidbotapp/10371} -> PackageSetting{2107d0d com.miui.core/10194} BLOCKED
07-29 21:11:26.156  2463  6120 W ActivityManager: Permission Denial: getCurrentUser() from pid=28737, uid=10371 requires android.permission.INTERACT_ACROSS_USERS
07-29 21:11:26.157 28737 28737 W libc    : Access denied finding property "vendor.boostfwk.frameprefetcher"
07-29 21:11:26.157 28737 28905 E FramePredict: registerContentObserver fail
07-29 21:11:26.157 28737 28737 W libc    : Access denied finding property "ro.vendor.df.effect.conflict"
07-29 21:11:26.153 28737 28737 W mit.droidbotapp: type=1400 audit(0.0:15328): avc:  denied  { read } for  name="u:object_r:vendor_displayfeature_prop:s0" dev="tmpfs" ino=478 scontext=u:r:untrusted_app_32:s0:c115,c257,c512,c768 tcontext=u:object_r:vendor_displayfeature_prop:s0 tclass=file permissive=0 app=io.github.ylimit.droidbotapp
07-29 21:11:26.160  2463  4403 E HyperSentinel: -------------------------------------------------------
07-29 21:11:26.160  2463  4403 E HyperSentinel: Event_OpenFileFDSize
07-29 21:11:26.160  2463  4403 E HyperSentinel: -> audit event by proc 2463 "system_server": Fd increasement, peak, 1157 -> 737
07-29 21:11:26.162  3117  3117 I adbd    : in ShellService: getprop ro.build.version.release
07-29 21:11:26.173 28737 28737 I ViewRootImpl: InputMethod use first frame acceleration
07-29 21:11:26.175  2463  6120 I SmartPower: io.github.ylimit.droidbotapp/10371(28737): background->visible(906ms) R(become visible) adj=200.
07-29 21:11:26.196 28737 28737 I Choreographer: first vsync insert message into MessageQueue Head
07-29 21:11:26.202  4497  4497 I HandWritingStubImpl: getCurrentKeyboardType: 1
