07-29 21:11:28.171  2463  4563 W Bundle  : 	at com.android.server.am.ContentProviderHelper$$ExternalSyntheticLambda1.onResult(D8$$SyntheticClass:0)
07-29 21:11:28.171  2463  4563 W Bundle  : 	at android.os.RemoteCallback.sendResult(RemoteCallback.java:76)
07-29 21:11:28.171  2463  4563 W Bundle  : 	at android.os.RemoteCallback$1.sendResult(RemoteCallback.java:53)
07-29 21:11:28.171  2463  4563 W Bundle  : 	at android.os.IRemoteCallback$Stub.onTransact(IRemoteCallback.java:85)
07-29 21:11:28.171  2463  4563 W Bundle  : 	at android.os.Binder.execTransactInternal(Binder.java:1512)
07-29 21:11:28.171  2463  4563 W Bundle  : 	at android.os.Binder.execTransact(Binder.java:1451)
07-29 21:11:28.173  2463  4205 I MiuiNetworkPolicy: updateUidState uid = 10169, uidState = 10
07-29 21:11:28.252  3117  3117 I adbd    : in ShellService: ps
07-29 21:11:28.278  2463  4412 I SmartPower: com.android.browser/10134(19009): background->idle(3006ms) R(broadcast start Intent { act=miui.intent.action.PACKAGE_FIRST_LAUNCH flg=0x1000010 (has extras) }) adj=905.
07-29 21:11:28.434  1839  7244 E ANDR-PERF-LM: SAGT_ACTION: UpdateFPSData() 138: update /sys/kernel/sched_penalty/parameters/fps to 120, ret is 0
07-29 21:11:28.617  2463  4412 I SmartPower: com.android.vending/10124(29000): background->idle(3001ms) R(broadcast start Intent { act=android.intent.action.PACKAGE_ADDED dat=package: flg=0x4000010 (has extras) }) adj=905.
07-29 21:11:28.617  2463  4412 I SmartPower: com.android.vending:background/10124(29792): background->idle(3014ms) R(broadcast start Intent { act=android.intent.action.PACKAGE_ADDED dat=package: flg=0x4000010 (has extras) }) adj=905.
07-29 21:11:28.618  2463  4412 I SmartPower: com.xiaomi.market:widgetProvider/10167(14346): background->idle(2995ms) R(broadcast start Intent { act=android.intent.action.PACKAGE_ADDED dat=package: flg=0x4000010 (has extras) }) adj=905.
07-29 21:11:28.618  2463  4412 I SmartPower: com.xiaomi.market/10167(9900): background->idle(3003ms) R(broadcast start Intent { act=android.intent.action.PACKAGE_ADDED dat=package: flg=0x4000010 (has extras) }) adj=905.
07-29 21:11:28.625  2463  4412 I SmartPower: android.process.acore/10083(6721): background->idle(3005ms) R(broadcast start Intent { act=android.intent.action.PACKAGE_ADDED dat=package: flg=0x4000010 (has extras) }) adj=915.
07-29 21:11:28.625  2463  4412 I SmartPower: com.mfashiongallery.emag/10262(8261): background->idle(3005ms) R(broadcast start Intent { act=android.intent.action.PACKAGE_ADDED dat=package: flg=0x4000010 (has extras) }) adj=915.
07-29 21:11:28.625  2463  4412 I SmartPower: com.miui.voiceassist:core/10193(7664): background->idle(3006ms) R(broadcast start Intent { act=android.intent.action.PACKAGE_ADDED dat=package: flg=0x4000010 (has extras) }) adj=100.
07-29 21:11:28.625  2463  4412 I SmartPower: com.xiaomi.aicr:actionprovider/10127(12677): background->idle(3005ms) R(broadcast start Intent { act=android.intent.action.PACKAGE_ADDED dat=package: flg=0x4000010 (has extras) }) adj=915.
07-29 21:11:28.625  2463  4412 I SmartPower: android.process.mediaUI/10261(13434): background->idle(3005ms) R(broadcast start Intent { act=android.intent.action.PACKAGE_ADDED dat=package: flg=0x4000010 (has extras) }) adj=905.
07-29 21:11:28.625  2463  4412 I SmartPower: com.miui.gallery/10271(13242): background->idle(3005ms) R(broadcast start Intent { act=android.intent.action.PACKAGE_ADDED dat=package: flg=0x4000010 (has extras) }) adj=905.
07-29 21:11:28.626  2463  4412 I SmartPower: com.google.android.documentsui/10100(21132): background->idle(3005ms) R(broadcast start Intent { act=android.intent.action.PACKAGE_ADDED dat=package: flg=0x4000010 (has extras) }) adj=905.
07-29 21:11:28.626  2463  4412 I SmartPower: com.miui.newhome/10296(11730): background->idle(3005ms) R(broadcast start Intent { act=android.intent.action.PACKAGE_ADDED dat=package: flg=0x4000010 (has extras) }) adj=905.
07-29 21:11:28.627  2463  4412 I SmartPower: com.milink.service:audio/10178(19382): background->idle(3006ms) R(broadcast start Intent { act=android.intent.action.PACKAGE_ADDED dat=package: flg=0x4000010 (has extras) }) adj=200.
07-29 21:11:28.627  2463  4412 I SmartPower: com.milink.crossdeviceservice/10178(27042): background->idle(3006ms) R(broadcast start Intent { act=android.intent.action.PACKAGE_ADDED dat=package: flg=0x4000010 (has extras) }) adj=915.
07-29 21:11:28.860 12982 26704 I onNQEResult: result.score = 0minscore = nullmaxscore = null
07-29 21:11:28.869  2463  5109 I NetworkBoostStatusManager: handle: 107
07-29 21:11:28.872  4916  6347 E PhoneAdapter: get ntnphones failed, exception: java.lang.IllegalStateException: Default phones haven't been made yet!
07-29 21:11:29.122  2463  4412 I SmartPower: com.miui.phrase/10162(27285): background->idle(3000ms) R(content provider start ContentProviderRecord{e3754c6 u0 com.miui.phrase/com.miui.provider.InputProvider}) adj=905.
07-29 21:11:29.222  3117  3117 I adbd    : in ShellService: pm list packages -f
07-29 21:11:29.270  2463  5109 I NetworkBoostStatusManager: handle: 102
07-29 21:11:29.270  2463  5109 I NetworkBoostStatusManager: interfaceOnCapabilitiesChanged interface name:wlan0
07-29 21:11:29.275  4916  6347 E PhoneAdapter: get ntnphones failed, exception: java.lang.IllegalStateException: Default phones haven't been made yet!
07-29 21:11:29.282  8724  8724 I NetBusNetworkMonitor: onCapabilitiesChanged isPrimary = true
07-29 21:11:29.284  8724  8724 I NetBusNetworkMonitor: gateway=192.*.*.1
07-29 21:11:29.288  8724  8724 I NetBusNetworkMonitor: addConnectNetworkInterface mediumType:256, detail:NetworkDetailInfo{mIsConnected=false, mIsSupportTdls=true, mNetworkType=0, mIpAddress=192.*.*.11, mIfName=wlan0, mGateway=192.*.*.1, mNetmask=255.*.*.0, mSsid=C**01}
07-29 21:11:29.288  8724  8724 I NetBusNetworkMonitor: onCapabilitiesChanged handle=441492361229, mediumType=256, ifName=wlan0
07-29 21:11:29.446  3117  3117 I adbd    : in ShellService: ps
07-29 21:11:29.649  2463  4412 I SmartPower: com.miui.notes/10275(13074): background->idle(3001ms) R(content provider start ContentProviderRecord{c0729a2 u0 com.miui.notes/.provider.NotesProvider}) adj=915.
07-29 21:11:29.656  2463  4412 I SmartPower: com.alibaba.aliexpresshd/10303(5685): background->idle(3000ms) R(content provider start ContentProviderRecord{716322c u0 com.alibaba.aliexpresshd/com.alibaba.aliexpress.android.search.nav.SearchSuggestionProvider}) adj=905.
07-29 21:11:30.115  2463  5177 I NetworkAccelerateSwitchService: EVENT_RSSI_POLL. mRssiPoll=true
07-29 21:11:30.116  2463  5177 I NetworkAccelerateSwitchService: getAverageWifiRssi:62
07-29 21:11:30.365  2463  4403 E HyperSentinel: -------------------------------------------------------
07-29 21:11:30.365  2463  4403 E HyperSentinel: Event_ThreadAmount
07-29 21:11:30.365  2463  4403 E HyperSentinel: -> audit event by proc 28737 "io.github.ylimit.droidbotapp": running threads amount, 0 -> 23
07-29 21:11:30.614  2463  4205 I MiuiNetworkPolicy: bandwidth: 0 KB/s, Max bandwidth: 1589 KB/s
07-29 21:11:30.643  3117  3117 I adbd    : in ShellService: ps
07-29 21:11:30.769  3002  4306 I libsensor-boledalgo: dbv:440,lux:253.0,cct:4422.7,hsv:-1.0,dc:0CWB R:3305.7,G:7006.6,B:3402.2Event C:15331.3,R:8646.6,G:5134.8,B:2525.6Cali C:199.2,R:63.6,G:57.9,B:32.1 
07-29 21:11:30.829  2463  2463 W binder:2463_F: type=1400 audit(0.0:15332): avc:  denied  { getopt } for  scontext=u:r:system_server:s0 tcontext=u:r:shell:s0 tclass=unix_stream_socket permissive=0
07-29 21:11:30.863 12982 26704 I onNQEResult: result.score = 0minscore = nullmaxscore = null
07-29 21:11:30.967  3002  4306 I libsensor-boledalgo: dbv:440,lux:254.0,cct:4362.2,hsv:-1.0,dc:0CWB R:3305.7,G:7006.6,B:3402.2Event C:15318.7,R:8630.6,G:5109.1,B:2484.6Cali C:199.2,R:63.6,G:57.9,B:32.1 
07-29 21:11:31.029  2463  4102 W PackageParsing: Ignoring duplicate uses-permissions/uses-permissions-sdk-m: android.permission.ACCESS_COARSE_LOCATION in package: com.nike.omega at: Binary XML file line #77
07-29 21:11:31.037  2463  4102 W RuleEvaluation: Integrity rule files are not available.
07-29 21:11:31.038  2463  2775 I PackageManager: Integrity check passed for file:///data/app/vmdl2101267636.tmp
07-29 21:11:31.047  2463  2775 W PackageParsing: Ignoring duplicate uses-permissions/uses-permissions-sdk-m: android.permission.ACCESS_COARSE_LOCATION in package: com.nike.omega at: Binary XML file line #77
07-29 21:11:31.083  7958  7958 I UserConsentManager: onPermissionsChanged: 10372
07-29 21:11:31.083  7958  7958 I UserConsentManager: onPermissionsChanged: 10372
07-29 21:11:31.083  7958  7958 I UserConsentManager: onPermissionsChanged: 10372
07-29 21:11:31.097  2463  2506 E AppOps  : Trying to set mode for unknown uid 10372.
07-29 21:11:31.097  2463  2506 E AppOpService: Blocked setUidMode call for runtime permission app op: uid = 10372, code = CAMERA, mode = ignore, callingUid = 1000, oldMode = allow
07-29 21:11:31.097  2463  2506 E AppOpService: java.lang.RuntimeException
07-29 21:11:31.097  2463  2506 E AppOpService: 	at com.android.server.permission.access.appop.AppOpService.setUidMode(AppOpService.kt:286)
07-29 21:11:31.097  2463  2506 E AppOpService: 	at com.android.server.appop.AppOpsCheckingServiceTracingDecorator.setUidMode(AppOpsCheckingServiceTracingDecorator.java:120)
07-29 21:11:31.097  2463  2506 E AppOpService: 	at com.android.server.appop.AppOpsService.setUidMode(AppOpsService.java:2143)
07-29 21:11:31.097  2463  2506 E AppOpService: 	at com.android.server.appop.AppOpsService.-$$Nest$msetUidMode(Unknown Source:0)
07-29 21:11:31.097  2463  2506 E AppOpService: 	at com.android.server.appop.AppOpsService$AppOpsManagerInternalImpl.setUidModeFromPermissionPolicy(AppOpsService.java:7415)
07-29 21:11:31.097  2463  2506 E AppOpService: 	at com.android.server.policy.PermissionPolicyService$PermissionToOpSynchroniser.setUidMode(PermissionPolicyService.java:1121)
07-29 21:11:31.097  2463  2506 E AppOpService: 	at com.android.server.policy.PermissionPolicyService$PermissionToOpSynchroniser.setUidModeIgnored(PermissionPolicyService.java:1094)
07-29 21:11:31.097  2463  2506 E AppOpService: 	at com.android.server.policy.PermissionPolicyService$PermissionToOpSynchroniser.syncPackages(PermissionPolicyService.java:902)
07-29 21:11:31.097  2463  2506 E AppOpService: 	at com.android.server.policy.PermissionPolicyService$PermissionToOpSynchroniser.-$$Nest$msyncPackages(Unknown Source:0)
07-29 21:11:31.097  2463  2506 E AppOpService: 	at com.android.server.policy.PermissionPolicyService.synchronizeUidPermissionsAndAppOps(PermissionPolicyService.java:694)
07-29 21:11:31.097  2463  2506 E AppOpService: 	at com.android.server.policy.PermissionPolicyService.$r8$lambda$g9YhLNd1OZQfuSCyT_yO-G8mZv0(Unknown Source:0)
07-29 21:11:31.097  2463  2506 E AppOpService: 	at com.android.server.policy.PermissionPolicyService$$ExternalSyntheticLambda5.accept(D8$$SyntheticClass:0)
07-29 21:11:31.097  2463  2506 E AppOpService: 	at com.android.internal.util.function.pooled.PooledLambdaImpl.doInvoke(PooledLambdaImpl.java:281)
07-29 21:11:31.097  2463  2506 E AppOpService: 	at com.android.internal.util.function.pooled.PooledLambdaImpl.invoke(PooledLambdaImpl.java:204)
07-29 21:11:31.097  2463  2506 E AppOpService: 	at com.android.internal.util.function.pooled.OmniFunction.run(OmniFunction.java:87)
07-29 21:11:31.097  2463  2506 E AppOpService: 	at android.os.Handler.handleCallback(Handler.java:959)
07-29 21:11:31.097  2463  2506 E AppOpService: 	at android.os.Handler.dispatchMessage(Handler.java:100)
07-29 21:11:31.097  2463  2506 E AppOpService: 	at android.os.Looper.loopOnce(Looper.java:249)
07-29 21:11:31.097  2463  2506 E AppOpService: 	at android.os.Looper.loop(Looper.java:337)
07-29 21:11:31.097  2463  2506 E AppOpService: 	at android.os.HandlerThread.run(HandlerThread.java:85)
07-29 21:11:31.097  2463  2506 E AppOpService: 	at com.android.server.ServiceThread.run(ServiceThread.java:46)
07-29 21:11:31.116 24216 25807 I artd    : Merge skipped because there are no existing profiles
07-29 21:11:31.116  2463  2775 I ArtService: Adjusting the compiler filter for 'com.nike.omega' from 'speed-profile' to 'verify' because there is no valid profile
07-29 21:11:31.117 24216 25807 I artd    : Dex parent of /data/app/~~n9ggBwuqh5xWaB3Qkx8z9Q==/com.nike.omega-jkWQZyic9ffJjEh0plwjhg==/base.apk is not writable: Permission denied
07-29 21:11:31.117 24216 25807 I artd    : GetBestInfo checking odex in dalvik-cache (/data/dalvik-cache/arm64/data@app@~~n9ggBwuqh5xWaB3Qkx8z9Q==@com.nike.omega-jkWQZyic9ffJjEh0plwjhg==@base.apk@classes.dex)
07-29 21:11:31.117 24216 25807 I artd    : Loading /data/dalvik-cache/arm64/data@app@~~n9ggBwuqh5xWaB3Qkx8z9Q==@com.nike.omega-jkWQZyic9ffJjEh0plwjhg==@base.apk@classes.dex with executable: 0
07-29 21:11:31.117 24216 25807 I artd    : OatFileAssistant test for existing oat file /data/dalvik-cache/arm64/data@app@~~n9ggBwuqh5xWaB3Qkx8z9Q==@com.nike.omega-jkWQZyic9ffJjEh0plwjhg==@base.apk@classes.dex: File /data/dalvik-cache/arm64/data@app@~~n9ggBwuqh5xWaB3Qkx8z9Q==@com.nike.omega-jkWQZyic9ffJjEh0plwjhg==@base.apk@classes.vdex does not exist.
07-29 21:11:31.117 24216 25807 I artd    : GetBestInfo checking odex next to the dex file (/data/app/~~n9ggBwuqh5xWaB3Qkx8z9Q==/com.nike.omega-jkWQZyic9ffJjEh0plwjhg==/oat/arm64/base.odex)
07-29 21:11:31.117 24216 25807 I artd    : Loading /data/app/~~n9ggBwuqh5xWaB3Qkx8z9Q==/com.nike.omega-jkWQZyic9ffJjEh0plwjhg==/oat/arm64/base.odex with executable: 0
07-29 21:11:31.117 24216 25807 I artd    : OatFileAssistant test for existing oat file /data/app/~~n9ggBwuqh5xWaB3Qkx8z9Q==/com.nike.omega-jkWQZyic9ffJjEh0plwjhg==/oat/arm64/base.odex: File /data/app/~~n9ggBwuqh5xWaB3Qkx8z9Q==/com.nike.omega-jkWQZyic9ffJjEh0plwjhg==/oat/arm64/base.vdex does not exist.
07-29 21:11:31.118 24216 25807 I artd    : GetBestInfo checking vdex in dalvik-cache (/data/dalvik-cache/arm64/data@app@~~n9ggBwuqh5xWaB3Qkx8z9Q==@com.nike.omega-jkWQZyic9ffJjEh0plwjhg==@base.apk@classes.vdex)
07-29 21:11:31.118 24216 25807 I artd    : unable to open vdex file /data/dalvik-cache/arm64/data@app@~~n9ggBwuqh5xWaB3Qkx8z9Q==@com.nike.omega-jkWQZyic9ffJjEh0plwjhg==@base.apk@classes.vdex: File /data/dalvik-cache/arm64/data@app@~~n9ggBwuqh5xWaB3Qkx8z9Q==@com.nike.omega-jkWQZyic9ffJjEh0plwjhg==@base.apk@classes.vdex does not exist.
07-29 21:11:31.118 24216 25807 I artd    : OatFileAssistant test for existing oat file /data/dalvik-cache/arm64/data@app@~~n9ggBwuqh5xWaB3Qkx8z9Q==@com.nike.omega-jkWQZyic9ffJjEh0plwjhg==@base.apk@classes.vdex: File /data/dalvik-cache/arm64/data@app@~~n9ggBwuqh5xWaB3Qkx8z9Q==@com.nike.omega-jkWQZyic9ffJjEh0plwjhg==@base.apk@classes.vdex does not exist.
07-29 21:11:31.118 24216 25807 I artd    : GetBestInfo checking vdex next to the dex file (/data/app/~~n9ggBwuqh5xWaB3Qkx8z9Q==/com.nike.omega-jkWQZyic9ffJjEh0plwjhg==/oat/arm64/base.vdex)
07-29 21:11:31.118 24216 25807 I artd    : unable to open vdex file /data/app/~~n9ggBwuqh5xWaB3Qkx8z9Q==/com.nike.omega-jkWQZyic9ffJjEh0plwjhg==/oat/arm64/base.vdex: File /data/app/~~n9ggBwuqh5xWaB3Qkx8z9Q==/com.nike.omega-jkWQZyic9ffJjEh0plwjhg==/oat/arm64/base.vdex does not exist.
07-29 21:11:31.118 24216 25807 I artd    : OatFileAssistant test for existing oat file /data/app/~~n9ggBwuqh5xWaB3Qkx8z9Q==/com.nike.omega-jkWQZyic9ffJjEh0plwjhg==/oat/arm64/base.vdex: File /data/app/~~n9ggBwuqh5xWaB3Qkx8z9Q==/com.nike.omega-jkWQZyic9ffJjEh0plwjhg==/oat/arm64/base.vdex does not exist.
07-29 21:11:31.118 24216 25807 I artd    : GetBestInfo checking dm (/data/app/~~n9ggBwuqh5xWaB3Qkx8z9Q==/com.nike.omega-jkWQZyic9ffJjEh0plwjhg==/base.dm)
07-29 21:11:31.118 24216 25807 I artd    : GetBestInfo no usable artifacts
07-29 21:11:31.124 24216 25807 I artd    : Running dex2oat: /apex/com.android.art/bin/art_exec --drop-capabilities --set-task-profile=Dex2OatBootComplete --set-priority=background --keep-fds=7:8:9:10:11:12 -- /apex/com.android.art/bin/dex2oat64 --zip-fd=7 --zip-location=/data/app/~~n9ggBwuqh5xWaB3Qkx8z9Q==/com.nike.omega-jkWQZyic9ffJjEh0plwjhg==/base.apk --oat-fd=8 --oat-location=/data/app/~~n9ggBwuqh5xWaB3Qkx8z9Q==/com.nike.omega-jkWQZyic9ffJjEh0plwjhg==/oat/arm64/base.odex --output-vdex-fd=9 --swap-fd=10 --class-loader-context-fds=11:12 --class-loader-context=PCL[]{PCL[/system/framework/org.apache.http.legacy.jar]#PCL[/vendor/framework/androidx.camera.extensions.impl.jar]} --classpath-dir=/data/app/~~n9ggBwuqh5xWaB3Qkx8z9Q==/com.nike.omega-jkWQZyic9ffJjEh0plwjhg== --instruction-set=arm64 --instruction-set-features=default --instruction-set-variant=kryo300 --compiler-filter=verify --compilation-reason=install --compact-dex-level=none --max-image-block-size=524288 --resolve-startup-const-strings=true --generate-mini-debug-info --runtime-arg -Xtarget-sdk-version:30 --runtime-arg -Xhidden-api-policy:enabled -j6 --runtime-arg -Xms64m --runtime-arg -Xmx512m --comments=app-name:com.nike.omega,app-version-name:22.2.1,app-version-code:2012211961,art-version:352090000
07-29 21:11:31.124 24216 25807 I artd    : Opened FDs: 7:/data/app/~~n9ggBwuqh5xWaB3Qkx8z9Q==/com.nike.omega-jkWQZyic9ffJjEh0plwjhg==/base.apk 8:/data/app/~~n9ggBwuqh5xWaB3Qkx8z9Q==/com.nike.omega-jkWQZyic9ffJjEh0plwjhg==/oat/arm64/base.odex.Un6ngi.tmp 9:/data/app/~~n9ggBwuqh5xWaB3Qkx8z9Q==/com.nike.omega-jkWQZyic9ffJjEh0plwjhg==/oat/arm64/base.vdex.aKHKG8.tmp 10:/data/app/~~n9ggBwuqh5xWaB3Qkx8z9Q==/com.nike.omega-jkWQZyic9ffJjEh0plwjhg==/oat/arm64/base.odex.swap.NNYb4q.tmp 11:/vendor/framework/androidx.camera.extensions.impl.jar 12:/system/framework/org.apache.http.legacy.jar 
07-29 21:11:31.141 29221 29221 W libprocessgroup: JoinCgroup: controller schedtune is not found
07-29 21:11:31.158 29221 29221 W dex2oat64: Obsolete flag --compact-dex-level ignored
07-29 21:11:31.160 29221 29221 I dex2oat64: /apex/com.android.art/bin/dex2oat64 --output-vdex-fd=9 --class-loader-context-fds=11:12 --class-loader-context=PCL[]{PCL[/system/framework/org.apache.http.legacy.jar]#PCL[/vendor/framework/androidx.camera.extensions.impl.jar]} --classpath-dir=/data/app/~~n9ggBwuqh5xWaB3Qkx8z9Q==/com.nike.omega-jkWQZyic9ffJjEh0plwjhg== --compiler-filter=verify --compilation-reason=install --compact-dex-level=none --max-image-block-size=524288 --resolve-startup-const-strings=true --generate-mini-debug-info -j6 --comments=app-name:com.nike.omega,app-version-name:22.2.1,app-version-code:2012211961,art-version:352090000
07-29 21:11:31.168  3002  4306 I libsensor-boledalgo: dbv:440,lux:253.6,cct:4415.6,hsv:-1.0,dc:0CWB R:3305.7,G:7006.6,B:3402.2Event C:15369.1,R:8671.2,G:5142.7,B:2527.8Cali C:199.2,R:63.6,G:57.9,B:32.1 
07-29 21:11:31.168  3002  4306 I libsensor-boledalgo: dbv:440,lux:254.3,cct:4362.2,hsv:-1.0,dc:0CWB R:3305.7,G:7006.6,B:3402.2Event C:15343.9,R:8640.8,G:5107.1,B:2484.6Cali C:199.2,R:63.6,G:57.9,B:32.1 
07-29 21:11:31.339  3117  3117 I adbd    : in ShellService: pm list packages -f
07-29 21:11:31.434  3117  3117 I adbd    : in ShellService: dumpsys package com.nike.omega
07-29 21:11:31.463 24216 24218 I artd    : Dex parent of /data/app/~~n9ggBwuqh5xWaB3Qkx8z9Q==/com.nike.omega-jkWQZyic9ffJjEh0plwjhg==/base.apk is not writable: Permission denied
07-29 21:11:31.463 24216 24218 I artd    : GetBestInfo checking odex in dalvik-cache (/data/dalvik-cache/arm64/data@app@~~n9ggBwuqh5xWaB3Qkx8z9Q==@com.nike.omega-jkWQZyic9ffJjEh0plwjhg==@base.apk@classes.dex)
07-29 21:11:31.463 24216 24218 I artd    : Loading /data/dalvik-cache/arm64/data@app@~~n9ggBwuqh5xWaB3Qkx8z9Q==@com.nike.omega-jkWQZyic9ffJjEh0plwjhg==@base.apk@classes.dex with executable: 0
07-29 21:11:31.463 24216 24218 I artd    : OatFileAssistant test for existing oat file /data/dalvik-cache/arm64/data@app@~~n9ggBwuqh5xWaB3Qkx8z9Q==@com.nike.omega-jkWQZyic9ffJjEh0plwjhg==@base.apk@classes.dex: File /data/dalvik-cache/arm64/data@app@~~n9ggBwuqh5xWaB3Qkx8z9Q==@com.nike.omega-jkWQZyic9ffJjEh0plwjhg==@base.apk@classes.vdex does not exist.
07-29 21:11:31.463 24216 24218 I artd    : GetBestInfo checking odex next to the dex file (/data/app/~~n9ggBwuqh5xWaB3Qkx8z9Q==/com.nike.omega-jkWQZyic9ffJjEh0plwjhg==/oat/arm64/base.odex)
07-29 21:11:31.463 24216 24218 I artd    : Loading /data/app/~~n9ggBwuqh5xWaB3Qkx8z9Q==/com.nike.omega-jkWQZyic9ffJjEh0plwjhg==/oat/arm64/base.odex with executable: 0
07-29 21:11:31.463 24216 24218 I artd    : OatFileAssistant test for existing oat file /data/app/~~n9ggBwuqh5xWaB3Qkx8z9Q==/com.nike.omega-jkWQZyic9ffJjEh0plwjhg==/oat/arm64/base.odex: File /data/app/~~n9ggBwuqh5xWaB3Qkx8z9Q==/com.nike.omega-jkWQZyic9ffJjEh0plwjhg==/oat/arm64/base.vdex does not exist.
07-29 21:11:31.463 24216 24218 I artd    : GetBestInfo checking vdex in dalvik-cache (/data/dalvik-cache/arm64/data@app@~~n9ggBwuqh5xWaB3Qkx8z9Q==@com.nike.omega-jkWQZyic9ffJjEh0plwjhg==@base.apk@classes.vdex)
07-29 21:11:31.463 24216 24218 I artd    : unable to open vdex file /data/dalvik-cache/arm64/data@app@~~n9ggBwuqh5xWaB3Qkx8z9Q==@com.nike.omega-jkWQZyic9ffJjEh0plwjhg==@base.apk@classes.vdex: File /data/dalvik-cache/arm64/data@app@~~n9ggBwuqh5xWaB3Qkx8z9Q==@com.nike.omega-jkWQZyic9ffJjEh0plwjhg==@base.apk@classes.vdex does not exist.
07-29 21:11:31.463 24216 24218 I artd    : OatFileAssistant test for existing oat file /data/dalvik-cache/arm64/data@app@~~n9ggBwuqh5xWaB3Qkx8z9Q==@com.nike.omega-jkWQZyic9ffJjEh0plwjhg==@base.apk@classes.vdex: File /data/dalvik-cache/arm64/data@app@~~n9ggBwuqh5xWaB3Qkx8z9Q==@com.nike.omega-jkWQZyic9ffJjEh0plwjhg==@base.apk@classes.vdex does not exist.
07-29 21:11:31.463 24216 24218 I artd    : GetBestInfo checking vdex next to the dex file (/data/app/~~n9ggBwuqh5xWaB3Qkx8z9Q==/com.nike.omega-jkWQZyic9ffJjEh0plwjhg==/oat/arm64/base.vdex)
07-29 21:11:31.463 24216 24218 I artd    : unable to open vdex file /data/app/~~n9ggBwuqh5xWaB3Qkx8z9Q==/com.nike.omega-jkWQZyic9ffJjEh0plwjhg==/oat/arm64/base.vdex: File /data/app/~~n9ggBwuqh5xWaB3Qkx8z9Q==/com.nike.omega-jkWQZyic9ffJjEh0plwjhg==/oat/arm64/base.vdex does not exist.
07-29 21:11:31.463 24216 24218 I artd    : OatFileAssistant test for existing oat file /data/app/~~n9ggBwuqh5xWaB3Qkx8z9Q==/com.nike.omega-jkWQZyic9ffJjEh0plwjhg==/oat/arm64/base.vdex: File /data/app/~~n9ggBwuqh5xWaB3Qkx8z9Q==/com.nike.omega-jkWQZyic9ffJjEh0plwjhg==/oat/arm64/base.vdex does not exist.
07-29 21:11:31.463 24216 24218 I artd    : GetBestInfo checking dm (/data/app/~~n9ggBwuqh5xWaB3Qkx8z9Q==/com.nike.omega-jkWQZyic9ffJjEh0plwjhg==/base.dm)
07-29 21:11:31.463 24216 24218 W ziparchive: Unable to open '/data/app/~~n9ggBwuqh5xWaB3Qkx8z9Q==/com.nike.omega-jkWQZyic9ffJjEh0plwjhg==/base.dm': No such file or directory
07-29 21:11:31.463 24216 24218 I artd    : OatFileAssistant test for existing oat file /data/app/~~n9ggBwuqh5xWaB3Qkx8z9Q==/com.nike.omega-jkWQZyic9ffJjEh0plwjhg==/base.dm: I/O error
07-29 21:11:31.463 24216 24218 I artd    : GetBestInfo checking dm (/data/app/~~n9ggBwuqh5xWaB3Qkx8z9Q==/com.nike.omega-jkWQZyic9ffJjEh0plwjhg==/base.dm)
07-29 21:11:31.463 24216 24218 W ziparchive: Unable to open '/data/app/~~n9ggBwuqh5xWaB3Qkx8z9Q==/com.nike.omega-jkWQZyic9ffJjEh0plwjhg==/base.dm': No such file or directory
07-29 21:11:31.463 24216 24218 I artd    : OatFileAssistant test for existing oat file /data/app/~~n9ggBwuqh5xWaB3Qkx8z9Q==/com.nike.omega-jkWQZyic9ffJjEh0plwjhg==/base.dm: I/O error
07-29 21:11:31.463 24216 24218 I artd    : GetBestInfo no usable artifacts
07-29 21:11:31.466  2463  6120 W ziparchive: Unable to open '/data/app/~~n9ggBwuqh5xWaB3Qkx8z9Q==/com.nike.omega-jkWQZyic9ffJjEh0plwjhg==/base.dm': No such file or directory
07-29 21:11:31.466  2463  6120 E DexOptHelperImpl: Fail to get art odex vdex with path :/data/app/~~n9ggBwuqh5xWaB3Qkx8z9Q==/com.nike.omega-jkWQZyic9ffJjEh0plwjhg==/base.apk
07-29 21:11:31.528  3117  3117 I adbd    : in ShellService: dumpsys activity activities
07-29 21:11:31.604  3117  3117 I adbd    : in ShellService: dumpsys activity activities
07-29 21:11:31.694  3117  3117 I adbd    : in ShellService: dumpsys activity activities
07-29 21:11:31.771  3117  3117 I adbd    : in ShellService: dumpsys activity services
07-29 21:11:31.778  3117  3117 I adbd    : in ShellService: ps
07-29 21:11:31.797 29221 29221 I dex2oat64: Using CollectorTypeCC GC.
07-29 21:11:31.857 29221 29221 I dex2oat64: Large app, accepted running with swap.
07-29 21:11:31.882  3117  3117 I adbd    : in ShellService: screencap -p /sdcard/screen_2025-07-29_211132.png
07-29 21:11:31.983 29278 29278 W BpBinder: Linking to death on android.gui.ISurfaceComposer but there are no threads (yet?) listening to incoming transactions. See ProcessState::startThreadPool and ProcessState::setThreadPoolMaxThreadCount. Generally you should setup the binder threadpool before other initialization steps.
07-29 21:11:31.984 29278 29278 W ProcessState: Extra binder thread started, but 0 threads requested. Do not use *startThreadPool when zero threads are requested.
07-29 21:11:32.020 29278 29287 I AdrenoUtils: <ReadGpuID:357>: Reading chip ID through GSL
07-29 21:11:32.017 29278 29278 W screencap: type=1400 audit(0.0:15333): avc:  denied  { read } for  name="libubwcp.so" dev="dm-14" ino=19816057 scontext=u:r:shell:s0 tcontext=u:object_r:vendor_file:s0 tclass=file permissive=0
07-29 21:11:32.021 29278 29278 W qdgralloc: Failed to load libubwcp.so
07-29 21:11:32.027  7633 30847 W MediaProvider: isAppCloneUserPair for user 0: false
07-29 21:11:32.139  2463  4205 I MiuiNetworkPolicy: updateUidState uid = 10092, uidState = 15
07-29 21:11:32.161 29221 29273 W dex2oat64: Method boolean com.google.android.gms.internal.ads.zzbdi.zze(java.lang.String, java.lang.String[]) failed lock verification and will run slower.
07-29 21:11:32.161 29221 29273 W dex2oat64: Common causes for lock verification issues are non-optimized dex code
07-29 21:11:32.161 29221 29273 W dex2oat64: and incorrect proguard optimizations.
07-29 21:11:32.303  4916  5930 E PhoneAdapter: get ntnphones failed, exception: java.lang.IllegalStateException: Default phones haven't been made yet!
07-29 21:11:32.701 29221 29271 W dex2oat64: Method void rx.internal.operators.CachedObservable$ReplayProducer.replay() failed lock verification and will run slower.
07-29 21:11:32.729  1844  1844 I vendor.qti.hardware.servicetrackeraidl-service: destroyService is called for service : com.google.android.gms/.chimera.GmsIntentOperationService
07-29 21:11:32.823 29221 29221 I dex2oat64: dex2oat took 1.665s (5.314s cpu) (threads: 6) arena alloc=0B (0B) java alloc=55MB (57745712B) native alloc=9479KB (9706592B) free=1718KB (1759568B) swap=16MB (16777216B)
07-29 21:11:32.843 24216 25807 I artd    : dex2oat returned code 0
07-29 21:11:32.846  2463  2775 I ArtService: Dexopt result: [packageName = com.nike.omega] DexContainerFileDexoptResult{dexContainerFile=/data/app/~~n9ggBwuqh5xWaB3Qkx8z9Q==/com.nike.omega-jkWQZyic9ffJjEh0plwjhg==/base.apk, primaryAbi=true, abi=arm64-v8a, actualCompilerFilter=verify, status=PERFORMED, dex2oatWallTimeMillis=1722, dex2oatCpuTimeMillis=5350, sizeBytes=74717580, sizeBeforeBytes=0, extendedStatusFlags=[]}
07-29 21:11:32.846  2463 20589 I Miui32BitTranslateHelper: 32BitPretranslate: skipping APK pre-translation for com.nike.omega
07-29 21:11:32.847  2463  2775 W PackageFreezer: Freeze package com.nike.omega about 1.786 seconds for reason: installPackageLI
07-29 21:11:32.847  2463  2775 I BackupManagerService: [UserID:0] restoreAtInstall pkg=com.nike.omega token=39 restoreSet=0
07-29 21:11:32.848  1844  1844 I vendor.qti.hardware.servicetrackeraidl-service: bindService is called for service : com.google.android.gms/.backup.BackupTransportService and for client system
07-29 21:11:32.848  1844  1844 I vendor.qti.hardware.servicetrackeraidl-service: total connections for service : com.google.android.gms/.backup.BackupTransportServiceare :1
07-29 21:11:32.848  1844  1844 I vendor.qti.hardware.servicetrackeraidl-service: total connections for client : systemare :32
07-29 21:11:32.856  2463  2463 I TransportConnection: BackupTransportService#1463: Notifying [BMS.restoreAtInstall] transport = BackupTransportClient
07-29 21:11:32.859 31105 32645 W AndroidBackupEventsLogg: Flag disabled, logging without sampling [CONTEXT service_id=229 ]
07-29 21:11:32.859 31105 32645 I AndroidBackupEventsLogg: (REDACTED) Logging without sampling %s
07-29 21:11:32.861 31105 32645 W AndroidBackupEventsLogg: Flag disabled, logging without sampling [CONTEXT service_id=229 ]
07-29 21:11:32.861 31105 32645 I AndroidBackupEventsLogg: (REDACTED) Logging without sampling %s
07-29 21:11:32.862  1844  1844 I vendor.qti.hardware.servicetrackeraidl-service: unbindService is called for service : com.google.android.gms/.backup.BackupTransportService and for client system
07-29 21:11:32.862  1844  1844 I vendor.qti.hardware.servicetrackeraidl-service: size of service connections for service: com.google.android.gms/.backup.BackupTransportServiceafter removal is 0
07-29 21:11:32.862  1844  1844 I vendor.qti.hardware.servicetrackeraidl-service: size of client connections for client: systemafter removal is 31
07-29 21:11:32.862  1844  1844 I vendor.qti.hardware.servicetrackeraidl-service: destroyService is called for service : com.google.android.gms/.backup.BackupTransportService
07-29 21:11:32.864 12982 26704 I onNQEResult: result.score = 0minscore = nullmaxscore = null
07-29 21:11:32.867  2463  2775 I InstallationTiming: com.nike.omega|null|5729|3697|71|86|0|18|1737
07-29 21:11:32.868  2463  2775 I AppsFilter: interaction: PackageSetting{c584c6d com.android.microdroid.empty_payload/10236} -> PackageSetting{68f4974 com.nike.omega/10372} BLOCKED
07-29 21:11:32.868  2463  2775 I AppsFilter: interaction: PackageSetting{9070133 io.appium.uiautomator2.server.test/10280} -> PackageSetting{68f4974 com.nike.omega/10372} BLOCKED
07-29 21:11:32.868  2463  2775 I AppsFilter: interaction: PackageSetting{2de2f40 io.github.ylimit.droidbotapp/10371} -> PackageSetting{68f4974 com.nike.omega/10372} BLOCKED
07-29 21:11:32.868  2463  2775 I AppsFilter: interaction: PackageSetting{c2b9c25 com.rongcard.eid/10151} -> PackageSetting{68f4974 com.nike.omega/10372} BLOCKED
07-29 21:11:32.868  2463  2775 I AppsFilter: interaction: PackageSetting{69ed5a1 io.appium.settings/10274} -> PackageSetting{68f4974 com.nike.omega/10372} BLOCKED
07-29 21:11:32.865  2463  2463 W binder:2463_F: type=1400 audit(0.0:15334): avc:  denied  { getopt } for  scontext=u:r:system_server:s0 tcontext=u:r:shell:s0 tclass=unix_stream_socket permissive=0
07-29 21:11:32.865  2463  2463 W binder:2463_F: type=1400 audit(0.0:15335): avc:  denied  { getopt } for  scontext=u:r:system_server:s0 tcontext=u:r:shell:s0 tclass=unix_stream_socket permissive=0
07-29 21:11:32.865  2463  2463 W binder:2463_F: type=1400 audit(0.0:15336): avc:  denied  { getopt } for  scontext=u:r:system_server:s0 tcontext=u:r:shell:s0 tclass=unix_stream_socket permissive=0
07-29 21:11:32.875  2463  2528 I MiuiCompatModePackages: package com.nike.omega updated, removing config
07-29 21:11:32.875  2463  3733 E AtomicFile: Failed to rename /data/system/install_sessions.xml.new to /data/system/install_sessions.xml
07-29 21:11:32.876  2463  4448 I SdkSandboxManager: No SDKs used. Skipping SDK data reconcilation for CallingInfo{mUid=10372, mPackageName='com.nike.omega, mAppProcessToken='null'}
07-29 21:11:32.876  2463  4301 E AppOps  : attributionTag VCN not declared in manifest of android
07-29 21:11:32.876 31105 31105 I IntentFilterVerRcvr: S+ domain verification enabled [CONTEXT service_id=244 ]
07-29 21:11:32.879  2463  4205 I MiuiNetworkPolicy: ACTION_PACKAGE_ADDED uid = 10372
07-29 21:11:32.880  2463  4301 E AppOps  : attributionTag VCN not declared in manifest of android
07-29 21:11:32.880  3117  3117 I adbd    : in ShellService: ps
07-29 21:11:32.882  8013  8013 I TrafficManageService: mina mPackageReceiver 0
07-29 21:11:32.882  8013  8013 I InstalledAppMonitor: com.nike.omegaonReceive add pkg=com.nike.omega
07-29 21:11:32.882  8013  9356 I FireWallService: mina mPackageReceiver onReceive
07-29 21:11:32.883  8013  9653 I AppPredictManager: predict: recentApps size = 5
07-29 21:11:32.883  8013  9628 I GameBoosterNewApp: addAppToGameBox: isGameBoosterOpen=true
07-29 21:11:32.885  8013  9628 I GameBoosterNewApp: com.nike.omega isGameFromJson false
07-29 21:11:32.885  8013  9356 W FireWallService: is Pre-installed application
07-29 21:11:32.886  8013  9628 I GameBoosterNewApp: com.nike.omega isGameFromLocal false
07-29 21:11:32.889  8013  9102 W ContextImpl: Calling a method in the system process without a qualified user: android.app.ContextImpl.startService:1939 android.content.ContextWrapper.startService:843 c4.k.d:80 r2.j.w:116 r2.j.j:0 
07-29 21:11:32.891  2463  4563 I SmartPower: com.miui.cleanmaster/10266(21077): idle->background(4768ms) R(service create com.miui.cleanmaster/com.miui.optimizecenter.service.CleanMasterService) adj=0.
07-29 21:11:32.891  8013  8013 I AppPredictPrivacyLaunchManager: updateLauncherApps size: 75
07-29 21:11:32.892  2463  4463 E AppScanObserverService: Try to add a invalid package: com.nike.omega | 10372 | 0
07-29 21:11:32.893  2463  2463 I NetworkDetectInjector: ACTION_PACKAGE_ADDED uid = 10372
07-29 21:11:32.893  7368   395 I PermissionControllerServiceImpl: Updating user sensitive for uid 10372
07-29 21:11:32.893  2463  2463 I MiuiNetworkPolicyTrafficLimit: ACTION_PACKAGE_ADDED uid = 10372
07-29 21:11:32.893  2463  2463 E SLM-SRV-SLAAppLib: initBroadcastReceivercom.nike.omega
07-29 21:11:32.893  2463  2463 I SLM-SRV-SLAAppLib: ACTION_PACKAGE_ADDED uid = 10372com.nike.omega
07-29 21:11:32.893  2463  2463 I SLM-SRV-SLSAppLib: setSLSGameUidList:null
07-29 21:11:32.893  2463  2463 I SLM-SRV-SLSAppLib: setSLSVoIPUid:0
07-29 21:11:32.893  2463  2463 I NetworkAccelerateSwitchService: setNetworkAccelerateSwitchUidList:null
07-29 21:11:32.893  2463  2463 I NetworkAccelerateSwitchService: setNetworkAccelerateSwitchVoIPUid:0
07-29 21:11:32.893  2463  2463 I SLM-SRV-SLAAppLib: mDoubleWifiUidList = 10090,10261,10324,10340,10325,10322,10339,10326,10286,10167,
07-29 21:11:32.893  2463  2463 I SLM-SRV-SLAAppLib: mDoubleDataUidList = 10090,10261,10325,10322,10329,10339,10326,10286,10167,
07-29 21:11:32.893  2463  5141 I SLM-SRV-SLAAppLib: setUidWhiteListToSlad
07-29 21:11:32.894  2463  5141 I SLM-SRV-SLAAppLib: setSLAUidList:10322,10325,10326,10332,10339,10261,10340,10286,10167,10090,
07-29 21:11:32.894  8013  9102 I LocalNotificationMgr: pkg: com.nike.omega mode:0
07-29 21:11:32.894  2463  5141 I SLM-SRV-SLSAppLib: setSLAAppWhiteList:10322,10325,10326,10332,10339,10261,10340,10286,10167,
07-29 21:11:32.894  8013  9102 I GpBinderManager: bindCount : 134
07-29 21:11:32.895  2463  4030 I RoleService: Granting default roles...
07-29 21:11:32.897  2463  4205 I MiuiNetworkPolicy: updateUidState uid = 10266, uidState = 10
07-29 21:11:32.898 31105 29329 I AppLinksIntentOperation: Verifying requested domains [CONTEXT service_id=244 ]
07-29 21:11:32.899  2463  4563 E AppOps  : Bad call made by uid 1001. Package "com.android.phone" does not belong to uid 1000.
07-29 21:11:32.899  2463 15424 W ParceledListSlice: Element #10 is 43420 bytes.
07-29 21:11:32.899  2463  4563 E AppOps  : Cannot noteOperation: non-application UID 1000
07-29 21:11:32.900  2463  4563 W ParceledListSlice: Element #17 is 24996 bytes.
07-29 21:11:32.900  2463  4563 W ParceledListSlice: Element #24 is 52004 bytes.
07-29 21:11:32.900  2463  4563 W ParceledListSlice: Overly large reply size: 117232
07-29 21:11:32.901  9523  9523 E PackageInstallHelper: handler start
07-29 21:11:32.901  9523  9523 E PackageInstallHelper: handler end
07-29 21:11:32.901  9523  9523 E PackageInstallHelper: PackageInstallHelper handler real start
07-29 21:11:32.902  2463  5529 W ParceledListSlice: Element #34 is 204620 bytes.
07-29 21:11:32.902  2463  5529 W ParceledListSlice: Overly large reply size: 237228
07-29 21:11:32.903  2463  5533 W ParceledListSlice: Element #40 is 19708 bytes.
07-29 21:11:32.904  2463  5533 W ParceledListSlice: Element #48 is 187940 bytes.
07-29 21:11:32.904  2463  5533 W ParceledListSlice: Overly large reply size: 249300
07-29 21:11:32.904  8013  9357 I ThumbnailBlurUtils: getAllLauncherAppList time: 7
07-29 21:11:32.906  8013  8874 I AppPredictPrivacyLaunchManager: getLauncherHomeAppList size: 75
07-29 21:11:32.906  4916  5777 E SmsApplication: com.android.mms lost android:read_cell_broadcasts:  (fixing)
07-29 21:11:32.906  8013  8874 I AppPredictResultHelper: updatePreferenceStore: size = 9
07-29 21:11:32.907  2463  5459 W ParceledListSlice: Element #52 is 19668 bytes.
07-29 21:11:32.907  2463  5441 W ActivityManagerServiceImpl: Sending non-protected broadcast com.miui.action.UPDATE_PREDICT_LIST from system 8013:com.miui.securitycenter.remote/1000 pkg com.miui.securitycenter. Callers=
07-29 21:11:32.907  2463  5441 W ActivityManagerServiceImpl: Sending non-protected broadcast com.miui.action.UPDATE_PREDICT_LIST_EXTERNAL from system 8013:com.miui.securitycenter.remote/1000 pkg com.miui.securitycenter. Callers=
07-29 21:11:32.907  2463  5540 W AppOpService: Ignored setUidMode call for runtime permission app op: uid = 10141, code = READ_CELL_BROADCASTS, mode = allow, callingUid = 1001, oldMode = allow
07-29 21:11:32.908  7368  7368 I SafetyLabelChangedBroadcastReceiver: received broadcast packageName: com.nike.omega, current user: UserHandle{0}, packageChangeEvent: NEW_INSTALL, intent user: UserHandle{0}
07-29 21:11:32.910  7958  7958 I UserConsentManager: onPermissionsChanged: 10372
07-29 21:11:32.911  2463  5529 I ActivityManager: Background started FGS: Allowed [callingPackage: com.miui.securitycenter; callingUid: 1000; uidState: PER ; uidBFSL: [BFSL]; intent: Intent { act=com.miui.cleanmaster.GARBAGE_PKG_ADD pkg=com.miui.cleanmaster (has extras) }; code:PROC_STATE_PERSISTENT; tempAllowListReason:<null>; targetSdkVersion:34; callerTargetSdkVersion:34; startForegroundCount:0; bindFromPackage:null: isBindService:false]
07-29 21:11:32.911  7958  7958 I UserConsentManager: onPermissionsChanged: 10372
07-29 21:11:32.912  2463  5529 W ForegroundServiceTypeLoggerModule: Foreground service start for UID: 10266 does not have any types
07-29 21:11:32.912  7958  7958 I UserConsentManager: onPermissionsChanged: 10372
07-29 21:11:32.914  8013  9423 I MiuiVpnManageService: PackageMonitor. onPackageAdded: packageName =com.nike.omega
07-29 21:11:32.914 31105 29329 I AppLinksRequestHandler: (REDACTED) Processing %d input requests
07-29 21:11:32.914  2463  5529 I ActivityManager: Cancel FGS notification userId: 0 definingUid: 10266 packageName: com.miui.cleanmaster processName:com.miui.cleanmaster ChannelId:com.miui.cleanmaster foregroundNotiWhen:1753794692904 Notiflags:64
07-29 21:11:32.915  2463  5529 W ForegroundServiceTypeLoggerModule: FGS stop call for: 10266 has no types!
07-29 21:11:32.915  1844  1844 I vendor.qti.hardware.servicetrackeraidl-service: destroyService is called for service : com.miui.cleanmaster/com.miui.optimizecenter.service.CleanMasterService
07-29 21:11:32.916  2463  4442 W PackageManager: Failed registering loading progress callback. Package is fully loaded.
07-29 21:11:32.916  2463  4205 I MiuiNetworkPolicy: updateUidState uid = 10266, uidState = 4
07-29 21:11:32.919  2463  5533 W ParceledListSlice: Element #8 is 20788 bytes.
07-29 21:11:32.919  2463  5533 W ParceledListSlice: Element #9 is 20768 bytes.
07-29 21:11:32.921  2463  4205 I MiuiNetworkPolicyTrafficLimit: updateWhiteListUidForMobileTraffic uid=10266,add=true
07-29 21:11:32.921  2463  4205 I MiuiNetworkPolicy: updateUidState uid = 10266, uidState = 19
07-29 21:11:32.923  7958  7958 I UserConsentManager: onPermissionsChanged: 10372
07-29 21:11:32.923 31105 29329 I AppLinksUtilsV1: Legacy cross-profile verification enabled [CONTEXT service_id=244 ]
07-29 21:11:32.926  2463  4205 I MiuiNetworkPolicyTrafficLimit: updateWhiteListUidForMobileTraffic uid=10266,add=false
07-29 21:11:32.926  7773  7773 E RegisteredServicesCache: Skipping application component ComponentInfo{com.UCMobile/com.alibaba.ariver.commonability.device.jsapi.nfc.service.TinyAppHostApduService}: it must request the permission android.permission.NFC
07-29 21:11:32.926  4497  5226 E Launcher.AllAppsList: Can't load postion for packageName: com.nike.omega activityName: com.nike.mynike.ui.SplashScreenActivity
07-29 21:11:32.926  7773  7773 E RegisteredServicesCache: Skipping application component ComponentInfo{com.UCMobile/com.alipay.mobile.aompdevice.nfc.service.TinyAppHostApduService}: it must request the permission android.permission.NFC
07-29 21:11:32.926  7773  7773 E RegisteredServicesCache: Skipping application component ComponentInfo{com.autonavi.minimap/com.alibaba.ariver.commonability.device.jsapi.nfc.service.TinyAppHostApduService}: it must request the permission android.permission.NFC
07-29 21:11:32.927  7773  7773 E RegisteredServicesCache: Skipping application component ComponentInfo{com.autonavi.minimap/com.alipay.mobile.aompdevice.nfc.service.TinyAppHostApduService}: it must request the permission android.permission.NFC
07-29 21:11:32.929  7958  7958 I UserConsentManager: onPermissionsChanged: 10372
07-29 21:11:32.929  7958  7958 I UserConsentManager: onPermissionsChanged: 10372
07-29 21:11:32.929  7958  7958 I UserConsentManager: onPermissionsChanged: 10372
07-29 21:11:32.929  7958  7958 I UserConsentManager: onPermissionsChanged: 10372
07-29 21:11:32.929  7958  7958 I UserConsentManager: onPermissionsChanged: 10372
07-29 21:11:32.931  4497  5264 W PreviewDisappear: getIconDrawable src: null
07-29 21:11:32.932  4497  5264 W PreviewDisappear: getIconDrawable app drawable: null
07-29 21:11:32.932  4497  5264 W PreviewDisappear: getIcon info target: ComponentInfo{com.nike.omega/com.nike.mynike.ui.SplashScreenActivity}
07-29 21:11:32.932  4497  5264 W PreviewDisappear: getIcon info user: UserHandle{0}
07-29 21:11:32.932  4497  5264 W PreviewDisappear: getIcon info intent: Intent { act=android.intent.action.MAIN cat=[android.intent.category.LAUNCHER] flg=0x10200000 cmp=com.nike.omega/com.nike.mynike.ui.SplashScreenActivity (has extras) }
07-29 21:11:32.932  4497  5264 W PreviewDisappear: 1 getIcon entry: null
07-29 21:11:32.932  4497  5264 W PreviewDisappear: 2 getIcon entry: com.miui.home.launcher.graphics.DrawableInfo@d474c20
07-29 21:11:32.932  4497  5264 W PreviewDisappear: applyCacheEntry entry: android.graphics.drawable.BitmapDrawable@14d59d9
07-29 21:11:32.932  4497  5264 W PreviewDisappear: getIconDrawable finally drawable: android.graphics.drawable.BitmapDrawable@14d59d9
07-29 21:11:32.933  2463  2530 I SmartPower: com.android.packageinstaller/10097(11835): idle->background(4783ms) R(broadcast start Intent { act=android.intent.action.PACKAGE_ADDED dat=package: flg=0x5000010 pkg=com.android.packageinstaller (has extras) }) adj=915.
07-29 21:11:32.935  7958  7958 I UserConsentManager: onPermissionsChanged: 10372
07-29 21:11:32.935  7958  7958 I UserConsentManager: onPermissionsChanged: 10372
07-29 21:11:32.935  2463  7160 E RoleControllerServiceImpl: Default/fallback role holder package doesn't qualify for the role, package: com.android.devicelockcontroller, role: android.app.role.SYSTEM_FINANCED_DEVICE_CONTROLLER
07-29 21:11:32.935  7958  7958 I UserConsentManager: onPermissionsChanged: 10372
07-29 21:11:32.935  7958  7958 I UserConsentManager: onPermissionsChanged: 10372
07-29 21:11:32.938  7773  7773 I RegisteredServicesCache: current user: 0, is managed profile : false
07-29 21:11:32.939  2463  5533 W AppOpService: Ignored setUidMode call for runtime permission app op: uid = 1001, code = READ_SMS, mode = allow, callingUid = 1001, oldMode = allow
07-29 21:11:32.939  2463  4563 W AppOpService: Ignored setUidMode call for runtime permission app op: uid = 1001, code = RECEIVE_SMS, mode = allow, callingUid = 1001, oldMode = allow
07-29 21:11:32.939  2463  4563 W AppOpService: Ignored setUidMode call for runtime permission app op: uid = 1001, code = RECEIVE_WAP_PUSH, mode = allow, callingUid = 1001, oldMode = allow
07-29 21:11:32.940  7773  7773 I RegisteredAidCache: updateRoutingLocked(false): Enter
07-29 21:11:32.940  7773  7773 I AidRoutingManager: configureRouting(false): Enter
07-29 21:11:32.940  7773  7773 E AidRoutingManager: Size of routing table970
07-29 21:11:32.940  7773  7773 I RegisteredAidCache: updateRoutingLocked(false): exit
07-29 21:11:32.941  2463  2526 W TextServicesManagerService: no available spell checker services found
07-29 21:11:32.943  2463  5533 W AppOpService: Ignored setUidMode call for runtime permission app op: uid = 1001, code = SEND_SMS, mode = allow, callingUid = 1001, oldMode = allow
07-29 21:11:32.943  2463  5533 W AppOpService: Ignored setUidMode call for runtime permission app op: uid = 1001, code = READ_CELL_BROADCASTS, mode = allow, callingUid = 1001, oldMode = allow
07-29 21:11:32.945  2105  2105 E DisplayModeController: setDesiredMode : Idle status skip setActiveMode, isDdicIdleMode: 1
07-29 21:11:32.945  7773  7773 I libnfc_nci: [INFO:NativeT4tNfcee.cpp(870)] nfcManager_isFwSupportNonStdT4TAid Enter isFwSupport = 1
07-29 21:11:32.945  7773  7773 I libnfc_nci: [INFO:SecureElement.cpp(1487)] SecureElement::getEseHandleFromGenericId: enter; ESE-ID = 0x7F
07-29 21:11:32.945  7773  7773 I libnfc_nci: [INFO:SecureElement.cpp(1528)] SecureElement::getEseHandleFromGenericId: enter; ESE-Handle = 0x410
07-29 21:11:32.945  7773  7773 I libnfc_nci: [INFO:SecureElement.cpp(1487)] SecureElement::getEseHandleFromGenericId: enter; ESE-ID = 0x00
07-29 21:11:32.945  7773  7773 I libnfc_nci: [INFO:SecureElement.cpp(1528)] SecureElement::getEseHandleFromGenericId: enter; ESE-Handle = 0x400
07-29 21:11:32.946  1827  2752 I vendor.qti.hardware.display.composer-service: Sensor: notify citsensorservice to trigger cwb, misForced = 0
07-29 21:11:32.946  4897 26808 I SecureElement-Terminal-eSE1: isSecureElementPresent()
07-29 21:11:32.946  3002  4297 I libsensor-parseRGB: request dump start for mRequestDisplayId 0
07-29 21:11:32.946  1746  1746 I android.hardware.secure_element-service.qti: isCardPresent
07-29 21:11:32.946  1746  1746 I android.hardware.secure_element-service.qti: isCardPresent exit, cardPresent: 1
07-29 21:11:32.947 31105 23175 E hvht    : *~*~*~ Previous channel {0} was garbage collected without being shut down! ~*~*~*
07-29 21:11:32.947 31105 23175 E hvht    :     Make sure to call shutdown()/shutdownNow()
07-29 21:11:32.947 31105 23175 E hvht    : java.lang.RuntimeException: ManagedChannel allocation site
07-29 21:11:32.947 31105 23175 E hvht    : 	at hvhs.<init>(:com.google.android.gms@252834035@25.28.34 (260400-787197649):21)
07-29 21:11:32.947 31105 23175 E hvht    : 	at hvht.<init>(:com.google.android.gms@252834035@25.28.34 (260400-787197649):10)
07-29 21:11:32.947 31105 23175 E hvht    : 	at hvhr.a(:com.google.android.gms@252834035@25.28.34 (260400-787197649):250)
07-29 21:11:32.947 31105 23175 E hvht    : 	at huss.a(:com.google.android.gms@252834035@25.28.34 (260400-787197649):5)
07-29 21:11:32.947 31105 23175 E hvht    : 	at azkj.a(:com.google.android.gms@252834035@25.28.34 (260400-787197649):70)
07-29 21:11:32.947 31105 23175 E hvht    : 	at azka.u(:com.google.android.gms@252834035@25.28.34 (260400-787197649):119)
07-29 21:11:32.947 31105 23175 E hvht    : 	at azka.e(:com.google.android.gms@252834035@25.28.34 (260400-787197649):5)
07-29 21:11:32.947 31105 23175 E hvht    : 	at ensm.a(:com.google.android.gms@252834035@25.28.34 (260400-787197649):45)
07-29 21:11:32.947 31105 23175 E hvht    : 	at enrr.c(:com.google.android.gms@252834035@25.28.34 (260400-787197649):20)
07-29 21:11:32.947 31105 23175 E hvht    : 	at enrr.a(:com.google.android.gms@252834035@25.28.34 (260400-787197649):3)
07-29 21:11:32.947 31105 23175 E hvht    : 	at aufl.run(:com.google.android.gms@252834035@25.28.34 (260400-787197649):5)
07-29 21:11:32.947 31105 23175 E hvht    : 	at azqk.c(:com.google.android.gms@252834035@25.28.34 (260400-787197649):50)
07-29 21:11:32.947 31105 23175 E hvht    : 	at azqk.run(:com.google.android.gms@252834035@25.28.34 (260400-787197649):70)
07-29 21:11:32.947 31105 23175 E hvht    : 	at java.util.concurrent.ThreadPoolExecutor.runWorker(ThreadPoolExecutor.java:1251)
07-29 21:11:32.947 31105 23175 E hvht    : 	at java.util.concurrent.ThreadPoolExecutor$Worker.run(ThreadPoolExecutor.java:668)
07-29 21:11:32.947 31105 23175 E hvht    : 	at azwc.run(:com.google.android.gms@252834035@25.28.34 (260400-787197649):8)
07-29 21:11:32.947 31105 23175 E hvht    : 	at java.lang.Thread.run(Thread.java:1012)
07-29 21:11:32.948  4897 26808 I SecureElement-Terminal-SIM1: isSecureElementPresent()
07-29 21:11:32.949  4897 26808 I SecureElement-Terminal-SIM1: isNfcEventAllowed: No access rules for checking.
07-29 21:11:32.949  4897 26808 I SecureElement-Terminal-SIM2: isSecureElementPresent()
07-29 21:11:32.949  2463  4205 I MiuiNetworkPolicy: updateUidState uid = 10097, uidState = 11
07-29 21:11:32.949  2463  4205 I MiuiNetworkPolicy: updateUidState uid = 10097, uidState = 19
07-29 21:11:32.949  2463  2526 W EnhancedConfirmationService: The packageName should not be null.
07-29 21:11:32.951  2463  2526 W MagnificationConnectionManager: requestConnection duplicated request: connect=false, mConnectionState=DISCONNECTED
07-29 21:11:32.953  1827  1827 I SDM     : HWCDisplay::SetActiveConfigWithConstraints: display:66-0, config: 3, WxH 1200x2670, fps 120
07-29 21:11:32.954  1827  1827 W SDM     : HWDeviceDRM::GetSupportedBitClkRate: Requested rate not supported: 1150000000
07-29 21:11:32.954  1827  1827 I SDM     : HWDeviceDRM::UpdateMixerAttributes: Mixer WxH 1200x2670-1 for Peripheral
07-29 21:11:32.954  1827  1827 I SDM     : HWCDisplay::SubmitDisplayConfig: Active configuration changed from config 1 to 3
