07-29 21:18:57.137  3002  6353 E libsensor-parseRGB: CWB NotifyCWBBufferDone  error 0
07-29 21:18:57.194  1827  2108 I SDM     : DisplayBase::CommitThread: Received idle timeout, panel: cmd, timeout: 70000 us
07-29 21:18:57.422  2463  2530 W BroadcastQueue: Greezer Denial: sending Intent { act=android.net.wifi.RSSI_CHANGED flg=0x4000010 (has extras) }, action: android.net.wifi.RSSI_CHANGED from android (uid=1000) due to receiver ProcessRecord{53c2fb1 8536:com.ss.android.ugc.aweme:smp/u0a322} (uid 10322) need cached broadcast
07-29 21:18:57.423  2463  2530 W BroadcastQueue: Greezer Denial: sending Intent { act=android.net.wifi.RSSI_CHANGED flg=0x4000010 (has extras) }, action: android.net.wifi.RSSI_CHANGED from android (uid=1000) due to receiver ProcessRecord{d1daa83 20995:com.smile.gifmaker/u0a339} (uid 10339) need cached broadcast
07-29 21:18:57.424  2463  2530 I SmartPower: com.xingin.xhs/10286(12982): idle->background(3025ms) R(broadcast start Intent { act=android.net.wifi.RSSI_CHANGED flg=0x4000010 (has extras) }) adj=945.
07-29 21:18:57.427  1839  7244 E ANDR-PERF-LM: SAGT_ACTION: UpdateFPSData() 138: update /sys/kernel/sched_penalty/parameters/fps to 120, ret is 0
07-29 21:18:57.562  3117  3117 I adbd    : in ShellService: ps
07-29 21:18:57.788  2463  5177 I NetworkAccelerateSwitchService: EVENT_RSSI_POLL. mRssiPoll=true
07-29 21:18:57.789  2463  5177 I NetworkAccelerateSwitchService: getAverageWifiRssi:64
07-29 21:18:57.829  1839  7244 E ANDR-PERF-LM: SAGT_ACTION: UpdateFPSData() 138: update /sys/kernel/sched_penalty/parameters/fps to 30, ret is 0
07-29 21:18:58.153  2463  4205 I MiuiNetworkPolicy: bandwidth: 2 KB/s, Max bandwidth: 1589 KB/s
07-29 21:18:58.207  2105  2105 E DisplayModeController: setDesiredMode : Idle status skip setActiveMode, isDdicIdleMode: 1
07-29 21:18:58.213  1827  2399 I SDM     : HWCDisplay::SetActiveConfigWithConstraints: display:66-0, config: 3, WxH 1200x2670, fps 120
07-29 21:18:58.214  1827  2399 W SDM     : HWDeviceDRM::GetSupportedBitClkRate: Requested rate not supported: 1150000000
07-29 21:18:58.214  1827  2399 I SDM     : HWDeviceDRM::UpdateMixerAttributes: Mixer WxH 1200x2670-1 for Peripheral
07-29 21:18:58.214  1827  2399 I SDM     : HWCDisplay::SubmitDisplayConfig: Active configuration changed from config 1 to 3
07-29 21:18:58.214  1827  2399 I SDM     : HWCDisplay::SubmitDisplayConfig: Active WxH 1200x2670 ,ddic_mode:auto, timing_fps: 120, sf_fps: 120
07-29 21:18:58.215  1827  2752 I vendor.qti.hardware.display.composer-service: Sensor: notify citsensorservice to trigger cwb, misForced = 0
07-29 21:18:58.216  3002  4297 I libsensor-parseRGB: request dump start for mRequestDisplayId 0
07-29 21:18:58.250  3002  3080 E libsensor-parseRGB: CWB NotifyCWBBufferDone  error 0
07-29 21:18:58.306  1827  2108 I SDM     : DisplayBase::CommitThread: Received idle timeout, panel: cmd, timeout: 70000 us
07-29 21:18:58.326  1827  2399 I SDM     : HWCDisplay::SetActiveConfigWithConstraints: display:66-0, config: 1, WxH 1200x2670, fps 120
07-29 21:18:58.327  1827  2399 W SDM     : HWDeviceDRM::GetSupportedBitClkRate: Requested rate not supported: 1150000000
07-29 21:18:58.327  1827  2399 I SDM     : HWDeviceDRM::UpdateMixerAttributes: Mixer WxH 1200x2670-1 for Peripheral
07-29 21:18:58.327  1827  2399 I SDM     : HWCDisplay::SubmitDisplayConfig: Active configuration changed from config 3 to 1
07-29 21:18:58.327  1827  2399 I SDM     : HWCDisplay::SubmitDisplayConfig: Active WxH 1200x2670 ,ddic_mode:idle, timing_fps: 120, sf_fps: 120
07-29 21:18:58.406  1827  2108 I SDM     : DisplayBase::CommitThread: Received idle timeout, panel: cmd, timeout: 69999 us
07-29 21:18:58.485  1827  2752 I vendor.qti.hardware.display.composer-service: Sensor: notify citsensorservice to trigger cwb, misForced = 1
07-29 21:18:58.486  3002  4297 I libsensor-parseRGB: request dump start for mRequestDisplayId 0
07-29 21:18:58.487  3117  3117 I adbd    : in ShellService: pm list packages -f
07-29 21:18:58.507  3002  3080 E libsensor-parseRGB: CWB NotifyCWBBufferDone  error 0
07-29 21:18:58.565  1827  2108 I SDM     : DisplayBase::CommitThread: Received idle timeout, panel: cmd, timeout: 70000 us
07-29 21:18:58.616  2463  4403 E HyperSentinel: -------------------------------------------------------
07-29 21:18:58.616  2463  4403 E HyperSentinel: Event_OpenFileFDSize
07-29 21:18:58.617  2463  4403 E HyperSentinel: -> audit event by proc 2463 "system_server": Fd increasement, peak, 1295 -> 1161
07-29 21:18:58.632  1839  7244 E ANDR-PERF-LM: SAGT_ACTION: UpdateFPSData() 138: update /sys/kernel/sched_penalty/parameters/fps to 25, ret is 0
07-29 21:18:58.708  3117  3117 I adbd    : in ShellService: ps
07-29 21:18:58.905 12982 26704 I onNQEResult: result.score = 58minscore = nullmaxscore = null
07-29 21:18:59.010  2463  5109 I NetworkBoostStatusManager: handle: 107
07-29 21:18:59.014  4916  6347 E PhoneAdapter: get ntnphones failed, exception: java.lang.IllegalStateException: Default phones haven't been made yet!
07-29 21:18:59.046  2463  4205 I MiuiNetworkPolicy: updateUidState uid = 10092, uidState = 15
07-29 21:18:59.045  2463  2463 W binder:2463_13: type=1400 audit(0.0:17147): avc:  denied  { getopt } for  scontext=u:r:system_server:s0 tcontext=u:r:shell:s0 tclass=unix_stream_socket permissive=0
07-29 21:18:59.318  8724 17530 W lyra-mdns-core: _deal_timeout query _lyra-mdns._udp.local[0C] timeout!
07-29 21:18:59.792  1844  1844 I vendor.qti.hardware.servicetrackeraidl-service: destroyService is called for service : com.google.android.gms/.chimera.GmsIntentOperationService
07-29 21:18:59.793  2463  5528 I SmartPower: com.google.android.gms/10130(31105): idle->background(4646ms) R(service destroy com.google.android.gms/.chimera.GmsIntentOperationService) adj=250.
07-29 21:18:59.873  3117  3117 I adbd    : in ShellService: ps
07-29 21:18:59.896 10536 12333 W CMRCS   : CMSTACK:DUM | DialogUsageManager.cxx:1598 | Keep Alive Pong TimeOut Message
07-29 21:18:59.951  4916  6347 E PhoneAdapter: get ntnphones failed, exception: java.lang.IllegalStateException: Default phones haven't been made yet!
07-29 21:19:00.005  4979  4979 E AnimationHelper: updateTime mToAod:false mHasNotification: true, mClockType: classic
07-29 21:19:00.010  2105  2105 E DisplayModeController: setDesiredMode : Idle status skip setActiveMode, isDdicIdleMode: 1
07-29 21:19:00.011  1827  2399 I SDM     : HWCDisplay::SetActiveConfigWithConstraints: display:66-0, config: 3, WxH 1200x2670, fps 120
07-29 21:19:00.011  1827  2399 W SDM     : HWDeviceDRM::GetSupportedBitClkRate: Requested rate not supported: 1150000000
07-29 21:19:00.011  1827  2399 I SDM     : HWDeviceDRM::UpdateMixerAttributes: Mixer WxH 1200x2670-1 for Peripheral
07-29 21:19:00.012  1827  2399 I SDM     : HWCDisplay::SubmitDisplayConfig: Active configuration changed from config 1 to 3
07-29 21:19:00.012  1827  2399 I SDM     : HWCDisplay::SubmitDisplayConfig: Active WxH 1200x2670 ,ddic_mode:auto, timing_fps: 120, sf_fps: 120
07-29 21:19:00.012  1827  2752 I vendor.qti.hardware.display.composer-service: Sensor: notify citsensorservice to trigger cwb, misForced = 0
07-29 21:19:00.013  3002  4297 I libsensor-parseRGB: request dump start for mRequestDisplayId 0
07-29 21:19:00.014  4979  4979 E StackScroller: updateSidePadding: viewWidth is zero
07-29 21:19:00.020  4979  4979 E AnimationHelper: updateTime mToAod:false mHasNotification: true, mClockType: classic
07-29 21:19:00.043  3002  3081 E libsensor-parseRGB: CWB NotifyCWBBufferDone  error 0
07-29 21:19:00.099  1827  2108 I SDM     : DisplayBase::CommitThread: Received idle timeout, panel: cmd, timeout: 70000 us
07-29 21:19:00.127  1827  2399 I SDM     : HWCDisplay::SetActiveConfigWithConstraints: display:66-0, config: 1, WxH 1200x2670, fps 120
07-29 21:19:00.128  1827  2399 W SDM     : HWDeviceDRM::GetSupportedBitClkRate: Requested rate not supported: 1150000000
07-29 21:19:00.128  1827  2399 I SDM     : HWDeviceDRM::UpdateMixerAttributes: Mixer WxH 1200x2670-1 for Peripheral
07-29 21:19:00.128  1827  2399 I SDM     : HWCDisplay::SubmitDisplayConfig: Active configuration changed from config 3 to 1
07-29 21:19:00.128  1827  2399 I SDM     : HWCDisplay::SubmitDisplayConfig: Active WxH 1200x2670 ,ddic_mode:idle, timing_fps: 120, sf_fps: 120
07-29 21:19:00.144  2463  4102 W RuleEvaluation: Integrity rule files are not available.
07-29 21:19:00.145  2463  2775 I PackageManager: Integrity check passed for file:///data/app/vmdl1933667437.tmp
07-29 21:19:00.204  2463  2775 W PackageManager: Skipping provider name com.microsoft.bing.provider (in package com.microsoft.bing): name already used by com.microsoft.bing
07-29 21:19:00.207  1827  2108 I SDM     : DisplayBase::CommitThread: Received idle timeout, panel: cmd, timeout: 70000 us
07-29 21:19:00.221  7958  7958 I UserConsentManager: onPermissionsChanged: 10378
07-29 21:19:00.222  7958  7958 I UserConsentManager: onPermissionsChanged: 10378
07-29 21:19:00.222  7958  7958 I UserConsentManager: onPermissionsChanged: 10378
07-29 21:19:00.250  2463  2506 E AppOps  : Trying to set mode for unknown uid 10378.
07-29 21:19:00.250  2463  2506 E AppOpService: Blocked setUidMode call for runtime permission app op: uid = 10378, code = CAMERA, mode = ignore, callingUid = 1000, oldMode = allow
07-29 21:19:00.250  2463  2506 E AppOpService: java.lang.RuntimeException
07-29 21:19:00.250  2463  2506 E AppOpService: 	at com.android.server.permission.access.appop.AppOpService.setUidMode(AppOpService.kt:286)
07-29 21:19:00.250  2463  2506 E AppOpService: 	at com.android.server.appop.AppOpsCheckingServiceTracingDecorator.setUidMode(AppOpsCheckingServiceTracingDecorator.java:120)
07-29 21:19:00.250  2463  2506 E AppOpService: 	at com.android.server.appop.AppOpsService.setUidMode(AppOpsService.java:2143)
07-29 21:19:00.250  2463  2506 E AppOpService: 	at com.android.server.appop.AppOpsService.-$$Nest$msetUidMode(Unknown Source:0)
07-29 21:19:00.250  2463  2506 E AppOpService: 	at com.android.server.appop.AppOpsService$AppOpsManagerInternalImpl.setUidModeFromPermissionPolicy(AppOpsService.java:7415)
07-29 21:19:00.250  2463  2506 E AppOpService: 	at com.android.server.policy.PermissionPolicyService$PermissionToOpSynchroniser.setUidMode(PermissionPolicyService.java:1121)
07-29 21:19:00.250  2463  2506 E AppOpService: 	at com.android.server.policy.PermissionPolicyService$PermissionToOpSynchroniser.setUidModeIgnored(PermissionPolicyService.java:1094)
07-29 21:19:00.250  2463  2506 E AppOpService: 	at com.android.server.policy.PermissionPolicyService$PermissionToOpSynchroniser.syncPackages(PermissionPolicyService.java:902)
07-29 21:19:00.250  2463  2506 E AppOpService: 	at com.android.server.policy.PermissionPolicyService$PermissionToOpSynchroniser.-$$Nest$msyncPackages(Unknown Source:0)
07-29 21:19:00.250  2463  2506 E AppOpService: 	at com.android.server.policy.PermissionPolicyService.synchronizeUidPermissionsAndAppOps(PermissionPolicyService.java:694)
07-29 21:19:00.250  2463  2506 E AppOpService: 	at com.android.server.policy.PermissionPolicyService.$r8$lambda$g9YhLNd1OZQfuSCyT_yO-G8mZv0(Unknown Source:0)
07-29 21:19:00.250  2463  2506 E AppOpService: 	at com.android.server.policy.PermissionPolicyService$$ExternalSyntheticLambda5.accept(D8$$SyntheticClass:0)
07-29 21:19:00.250  2463  2506 E AppOpService: 	at com.android.internal.util.function.pooled.PooledLambdaImpl.doInvoke(PooledLambdaImpl.java:281)
07-29 21:19:00.250  2463  2506 E AppOpService: 	at com.android.internal.util.function.pooled.PooledLambdaImpl.invoke(PooledLambdaImpl.java:204)
07-29 21:19:00.250  2463  2506 E AppOpService: 	at com.android.internal.util.function.pooled.OmniFunction.run(OmniFunction.java:87)
07-29 21:19:00.250  2463  2506 E AppOpService: 	at android.os.Handler.handleCallback(Handler.java:959)
07-29 21:19:00.250  2463  2506 E AppOpService: 	at android.os.Handler.dispatchMessage(Handler.java:100)
07-29 21:19:00.250  2463  2506 E AppOpService: 	at android.os.Looper.loopOnce(Looper.java:249)
07-29 21:19:00.250  2463  2506 E AppOpService: 	at android.os.Looper.loop(Looper.java:337)
07-29 21:19:00.250  2463  2506 E AppOpService: 	at android.os.HandlerThread.run(HandlerThread.java:85)
07-29 21:19:00.250  2463  2506 E AppOpService: 	at com.android.server.ServiceThread.run(ServiceThread.java:46)
07-29 21:19:00.259 18794 18800 I artd    : Merge skipped because there are no existing profiles
07-29 21:19:00.260  2463  2775 I ArtService: Adjusting the compiler filter for 'com.microsoft.bing' from 'speed-profile' to 'verify' because there is no valid profile
07-29 21:19:00.260 18794 18800 I artd    : Dex parent of /data/app/~~fKWrThrwLCNwt7_J7tzhdQ==/com.microsoft.bing-g-ZrnMfPL-yl0TtgplMPUw==/base.apk is not writable: Permission denied
07-29 21:19:00.261 18794 18800 I artd    : GetBestInfo checking odex in dalvik-cache (/data/dalvik-cache/arm64/data@app@~~fKWrThrwLCNwt7_J7tzhdQ==@com.microsoft.bing-g-ZrnMfPL-yl0TtgplMPUw==@base.apk@classes.dex)
07-29 21:19:00.261 18794 18800 I artd    : Loading /data/dalvik-cache/arm64/data@app@~~fKWrThrwLCNwt7_J7tzhdQ==@com.microsoft.bing-g-ZrnMfPL-yl0TtgplMPUw==@base.apk@classes.dex with executable: 0
07-29 21:19:00.261 18794 18800 I artd    : OatFileAssistant test for existing oat file /data/dalvik-cache/arm64/data@app@~~fKWrThrwLCNwt7_J7tzhdQ==@com.microsoft.bing-g-ZrnMfPL-yl0TtgplMPUw==@base.apk@classes.dex: File /data/dalvik-cache/arm64/data@app@~~fKWrThrwLCNwt7_J7tzhdQ==@com.microsoft.bing-g-ZrnMfPL-yl0TtgplMPUw==@base.apk@classes.vdex does not exist.
07-29 21:19:00.261 18794 18800 I artd    : GetBestInfo checking odex next to the dex file (/data/app/~~fKWrThrwLCNwt7_J7tzhdQ==/com.microsoft.bing-g-ZrnMfPL-yl0TtgplMPUw==/oat/arm64/base.odex)
07-29 21:19:00.261 18794 18800 I artd    : Loading /data/app/~~fKWrThrwLCNwt7_J7tzhdQ==/com.microsoft.bing-g-ZrnMfPL-yl0TtgplMPUw==/oat/arm64/base.odex with executable: 0
07-29 21:19:00.261 18794 18800 I artd    : OatFileAssistant test for existing oat file /data/app/~~fKWrThrwLCNwt7_J7tzhdQ==/com.microsoft.bing-g-ZrnMfPL-yl0TtgplMPUw==/oat/arm64/base.odex: File /data/app/~~fKWrThrwLCNwt7_J7tzhdQ==/com.microsoft.bing-g-ZrnMfPL-yl0TtgplMPUw==/oat/arm64/base.vdex does not exist.
07-29 21:19:00.261 18794 18800 I artd    : GetBestInfo checking vdex in dalvik-cache (/data/dalvik-cache/arm64/data@app@~~fKWrThrwLCNwt7_J7tzhdQ==@com.microsoft.bing-g-ZrnMfPL-yl0TtgplMPUw==@base.apk@classes.vdex)
07-29 21:19:00.261 18794 18800 I artd    : unable to open vdex file /data/dalvik-cache/arm64/data@app@~~fKWrThrwLCNwt7_J7tzhdQ==@com.microsoft.bing-g-ZrnMfPL-yl0TtgplMPUw==@base.apk@classes.vdex: File /data/dalvik-cache/arm64/data@app@~~fKWrThrwLCNwt7_J7tzhdQ==@com.microsoft.bing-g-ZrnMfPL-yl0TtgplMPUw==@base.apk@classes.vdex does not exist.
07-29 21:19:00.261 18794 18800 I artd    : OatFileAssistant test for existing oat file /data/dalvik-cache/arm64/data@app@~~fKWrThrwLCNwt7_J7tzhdQ==@com.microsoft.bing-g-ZrnMfPL-yl0TtgplMPUw==@base.apk@classes.vdex: File /data/dalvik-cache/arm64/data@app@~~fKWrThrwLCNwt7_J7tzhdQ==@com.microsoft.bing-g-ZrnMfPL-yl0TtgplMPUw==@base.apk@classes.vdex does not exist.
07-29 21:19:00.261 18794 18800 I artd    : GetBestInfo checking vdex next to the dex file (/data/app/~~fKWrThrwLCNwt7_J7tzhdQ==/com.microsoft.bing-g-ZrnMfPL-yl0TtgplMPUw==/oat/arm64/base.vdex)
07-29 21:19:00.261 18794 18800 I artd    : unable to open vdex file /data/app/~~fKWrThrwLCNwt7_J7tzhdQ==/com.microsoft.bing-g-ZrnMfPL-yl0TtgplMPUw==/oat/arm64/base.vdex: File /data/app/~~fKWrThrwLCNwt7_J7tzhdQ==/com.microsoft.bing-g-ZrnMfPL-yl0TtgplMPUw==/oat/arm64/base.vdex does not exist.
07-29 21:19:00.261 18794 18800 I artd    : OatFileAssistant test for existing oat file /data/app/~~fKWrThrwLCNwt7_J7tzhdQ==/com.microsoft.bing-g-ZrnMfPL-yl0TtgplMPUw==/oat/arm64/base.vdex: File /data/app/~~fKWrThrwLCNwt7_J7tzhdQ==/com.microsoft.bing-g-ZrnMfPL-yl0TtgplMPUw==/oat/arm64/base.vdex does not exist.
07-29 21:19:00.261 18794 18800 I artd    : GetBestInfo checking dm (/data/app/~~fKWrThrwLCNwt7_J7tzhdQ==/com.microsoft.bing-g-ZrnMfPL-yl0TtgplMPUw==/base.dm)
07-29 21:19:00.261 18794 18800 I artd    : GetBestInfo no usable artifacts
07-29 21:19:00.263 13666 17476 W surfboard: (0x000011A7) [] on_tcp_read local connection reset by peer
07-29 21:19:00.266  1844  1844 I vendor.qti.hardware.servicetrackeraidl-service: bindService is called for service : com.alibaba.aliexpresshd/com.taobao.accs.data.MsgDistributeService and for client com.alibaba.aliexpresshd:channel
07-29 21:19:00.266  1844  1844 I vendor.qti.hardware.servicetrackeraidl-service: total connections for service : com.alibaba.aliexpresshd/com.taobao.accs.data.MsgDistributeServiceare :2
07-29 21:19:00.266  1844  1844 I vendor.qti.hardware.servicetrackeraidl-service: total connections for client : com.alibaba.aliexpresshd:channelare :10
07-29 21:19:00.267 18794 18800 I artd    : Running dex2oat: /apex/com.android.art/bin/art_exec --drop-capabilities --set-task-profile=Dex2OatBootComplete --set-priority=background --keep-fds=7:8:9:10:11:12:13 -- /apex/com.android.art/bin/dex2oat64 --zip-fd=7 --zip-location=/data/app/~~fKWrThrwLCNwt7_J7tzhdQ==/com.microsoft.bing-g-ZrnMfPL-yl0TtgplMPUw==/base.apk --oat-fd=8 --oat-location=/data/app/~~fKWrThrwLCNwt7_J7tzhdQ==/com.microsoft.bing-g-ZrnMfPL-yl0TtgplMPUw==/oat/arm64/base.odex --output-vdex-fd=9 --swap-fd=10 --class-loader-context-fds=11:12:13 --class-loader-context=PCL[]{PCL[/system/framework/org.apache.http.legacy.jar]#PCL[/system_ext/framework/androidx.window.extensions.jar]#PCL[/system_ext/framework/androidx.window.sidecar.jar]} --classpath-dir=/data/app/~~fKWrThrwLCNwt7_J7tzhdQ==/com.microsoft.bing-g-ZrnMfPL-yl0TtgplMPUw== --instruction-set=arm64 --instruction-set-features=default --instruction-set-variant=kryo300 --compiler-filter=verify --compilation-reason=install --compact-dex-level=none --max-image-block-size=524288 --resolve-startup-const-strings=true --generate-mini-debug-info --runtime-arg -Xtarget-sdk-version:31 --runtime-arg -Xhidden-api-policy:enabled -j6 --runtime-arg -Xms64m --runtime-arg -Xmx512m --comments=app-name:com.microsoft.bing,app-version-name:23.0.400729302,app-version-code:400729302,art-version:352090000
07-29 21:19:00.267 18794 18800 I artd    : Opened FDs: 7:/data/app/~~fKWrThrwLCNwt7_J7tzhdQ==/com.microsoft.bing-g-ZrnMfPL-yl0TtgplMPUw==/base.apk 8:/data/app/~~fKWrThrwLCNwt7_J7tzhdQ==/com.microsoft.bing-g-ZrnMfPL-yl0TtgplMPUw==/oat/arm64/base.odex.a2FSsM.tmp 9:/data/app/~~fKWrThrwLCNwt7_J7tzhdQ==/com.microsoft.bing-g-ZrnMfPL-yl0TtgplMPUw==/oat/arm64/base.vdex.7gQlR3.tmp 10:/data/app/~~fKWrThrwLCNwt7_J7tzhdQ==/com.microsoft.bing-g-ZrnMfPL-yl0TtgplMPUw==/oat/arm64/base.odex.swap.EYBkzk.tmp 11:/system_ext/framework/androidx.window.sidecar.jar 12:/system_ext/framework/androidx.window.extensions.jar 13:/system/framework/org.apache.http.legacy.jar 
07-29 21:19:00.267  6163  6333 W JobInfo : Job 'com.alibaba.aliexpresshd/com.taobao.accs.internal.AccsJobService#2050' has a deadline with functional constraints and an extremely short time window of 0 ms (delay=80000, deadline=80000). The functional constraints are not likely to be satisfied when the job runs.
07-29 21:19:00.268  1844  1844 I vendor.qti.hardware.servicetrackeraidl-service: unbindService is called for service : com.alibaba.aliexpresshd/com.taobao.accs.data.MsgDistributeService and for client com.alibaba.aliexpresshd:channel
07-29 21:19:00.268  1844  1844 I vendor.qti.hardware.servicetrackeraidl-service: size of service connections for service: com.alibaba.aliexpresshd/com.taobao.accs.data.MsgDistributeServiceafter removal is 1
07-29 21:19:00.268  1844  1844 I vendor.qti.hardware.servicetrackeraidl-service: size of client connections for client: com.alibaba.aliexpresshd:channelafter removal is 9
07-29 21:19:00.268  2463  2504 W JobInfo : Job 'com.alibaba.aliexpresshd/com.taobao.accs.internal.AccsJobService#2050' has a deadline with functional constraints and an extremely short time window of 0 ms (delay=80000, deadline=80000). The functional constraints are not likely to be satisfied when the job runs.
07-29 21:19:00.268  2463  2504 W JobInfo : Job 'com.alibaba.aliexpresshd/com.taobao.accs.internal.AccsJobService#2050' has a deadline with functional constraints and an extremely short time window of 0 ms (delay=80000, deadline=80000). The functional constraints are not likely to be satisfied when the job runs.
07-29 21:19:00.273  1844  1844 I vendor.qti.hardware.servicetrackeraidl-service: bindService is called for service : com.alibaba.aliexpresshd/com.taobao.accs.data.MsgDistributeService and for client com.alibaba.aliexpresshd:channel
07-29 21:19:00.273  1844  1844 I vendor.qti.hardware.servicetrackeraidl-service: total connections for service : com.alibaba.aliexpresshd/com.taobao.accs.data.MsgDistributeServiceare :2
07-29 21:19:00.273  1844  1844 I vendor.qti.hardware.servicetrackeraidl-service: total connections for client : com.alibaba.aliexpresshd:channelare :10
07-29 21:19:00.274  1844  1844 I vendor.qti.hardware.servicetrackeraidl-service: unbindService is called for service : com.alibaba.aliexpresshd/com.taobao.accs.data.MsgDistributeService and for client com.alibaba.aliexpresshd:channel
07-29 21:19:00.274  1844  1844 I vendor.qti.hardware.servicetrackeraidl-service: size of service connections for service: com.alibaba.aliexpresshd/com.taobao.accs.data.MsgDistributeServiceafter removal is 1
07-29 21:19:00.274  1844  1844 I vendor.qti.hardware.servicetrackeraidl-service: size of client connections for client: com.alibaba.aliexpresshd:channelafter removal is 9
07-29 21:19:00.285 23212 23212 W libprocessgroup: JoinCgroup: controller schedtune is not found
07-29 21:19:00.286  1827  2752 I vendor.qti.hardware.display.composer-service: Sensor: notify citsensorservice to trigger cwb, misForced = 1
07-29 21:19:00.287  3002  4297 I libsensor-parseRGB: request dump start for mRequestDisplayId 0
07-29 21:19:00.302 23212 23212 W dex2oat64: Obsolete flag --compact-dex-level ignored
07-29 21:19:00.303 23212 23212 I dex2oat64: /apex/com.android.art/bin/dex2oat64 --output-vdex-fd=9 --class-loader-context-fds=11:12:13 --class-loader-context=PCL[]{PCL[/system/framework/org.apache.http.legacy.jar]#PCL[/system_ext/framework/androidx.window.extensions.jar]#PCL[/system_ext/framework/androidx.window.sidecar.jar]} --classpath-dir=/data/app/~~fKWrThrwLCNwt7_J7tzhdQ==/com.microsoft.bing-g-ZrnMfPL-yl0TtgplMPUw== --compiler-filter=verify --compilation-reason=install --compact-dex-level=none --max-image-block-size=524288 --resolve-startup-const-strings=true --generate-mini-debug-info -j6 --comments=app-name:com.microsoft.bing,app-version-name:23.0.400729302,app-version-code:400729302,art-version:352090000
07-29 21:19:00.309  3002  3080 E libsensor-parseRGB: CWB NotifyCWBBufferDone  error 0
07-29 21:19:00.365  1827  2108 I SDM     : DisplayBase::CommitThread: Received idle timeout, panel: cmd, timeout: 70000 us
07-29 21:19:00.425  2463  4412 I SmartPower: com.xingin.xhs/10286(12982): background->idle(3001ms) R(broadcast start Intent { act=android.net.wifi.RSSI_CHANGED flg=0x4000010 (has extras) }) adj=945.
07-29 21:19:00.514 22894 22932 I mit.droidbotapp: ProcessProfilingInfo new_methods=1 is saved saved_to_disk=1 resolve_classes_delay=8000
07-29 21:19:00.601 23212 23212 I dex2oat64: Using CollectorTypeCC GC.
07-29 21:19:00.635  1839  7244 E ANDR-PERF-LM: SAGT_ACTION: UpdateFPSData() 138: update /sys/kernel/sched_penalty/parameters/fps to 0, ret is 0
07-29 21:19:00.656 23212 23212 I dex2oat64: Large app, accepted running with swap.
07-29 21:19:00.665  2463  4403 E HyperSentinel: -------------------------------------------------------
07-29 21:19:00.665  2463  4403 E HyperSentinel: Event_OpenFileFDSize
07-29 21:19:00.665  2463  4403 E HyperSentinel: -> audit event by proc 2463 "system_server": Fd increasement, peak, 1161 -> 1295
07-29 21:19:00.666  3117  3117 I adbd    : in ShellService: pm list packages -f
07-29 21:19:00.775  3117  3117 I adbd    : in ShellService: dumpsys package com.microsoft.bing
07-29 21:19:00.792  2463  5177 I NetworkAccelerateSwitchService: EVENT_RSSI_POLL. mRssiPoll=true
07-29 21:19:00.793  2463  5177 I NetworkAccelerateSwitchService: getAverageWifiRssi:64
07-29 21:19:00.821 18794 19623 I artd    : Dex parent of /data/app/~~fKWrThrwLCNwt7_J7tzhdQ==/com.microsoft.bing-g-ZrnMfPL-yl0TtgplMPUw==/base.apk is not writable: Permission denied
07-29 21:19:00.821 18794 19623 I artd    : GetBestInfo checking odex in dalvik-cache (/data/dalvik-cache/arm64/data@app@~~fKWrThrwLCNwt7_J7tzhdQ==@com.microsoft.bing-g-ZrnMfPL-yl0TtgplMPUw==@base.apk@classes.dex)
07-29 21:19:00.821 18794 19623 I artd    : Loading /data/dalvik-cache/arm64/data@app@~~fKWrThrwLCNwt7_J7tzhdQ==@com.microsoft.bing-g-ZrnMfPL-yl0TtgplMPUw==@base.apk@classes.dex with executable: 0
07-29 21:19:00.821 18794 19623 I artd    : OatFileAssistant test for existing oat file /data/dalvik-cache/arm64/data@app@~~fKWrThrwLCNwt7_J7tzhdQ==@com.microsoft.bing-g-ZrnMfPL-yl0TtgplMPUw==@base.apk@classes.dex: File /data/dalvik-cache/arm64/data@app@~~fKWrThrwLCNwt7_J7tzhdQ==@com.microsoft.bing-g-ZrnMfPL-yl0TtgplMPUw==@base.apk@classes.vdex does not exist.
07-29 21:19:00.821 18794 19623 I artd    : GetBestInfo checking odex next to the dex file (/data/app/~~fKWrThrwLCNwt7_J7tzhdQ==/com.microsoft.bing-g-ZrnMfPL-yl0TtgplMPUw==/oat/arm64/base.odex)
07-29 21:19:00.821 18794 19623 I artd    : Loading /data/app/~~fKWrThrwLCNwt7_J7tzhdQ==/com.microsoft.bing-g-ZrnMfPL-yl0TtgplMPUw==/oat/arm64/base.odex with executable: 0
07-29 21:19:00.821 18794 19623 I artd    : OatFileAssistant test for existing oat file /data/app/~~fKWrThrwLCNwt7_J7tzhdQ==/com.microsoft.bing-g-ZrnMfPL-yl0TtgplMPUw==/oat/arm64/base.odex: File /data/app/~~fKWrThrwLCNwt7_J7tzhdQ==/com.microsoft.bing-g-ZrnMfPL-yl0TtgplMPUw==/oat/arm64/base.vdex does not exist.
07-29 21:19:00.821 18794 19623 I artd    : GetBestInfo checking vdex in dalvik-cache (/data/dalvik-cache/arm64/data@app@~~fKWrThrwLCNwt7_J7tzhdQ==@com.microsoft.bing-g-ZrnMfPL-yl0TtgplMPUw==@base.apk@classes.vdex)
07-29 21:19:00.821 18794 19623 I artd    : unable to open vdex file /data/dalvik-cache/arm64/data@app@~~fKWrThrwLCNwt7_J7tzhdQ==@com.microsoft.bing-g-ZrnMfPL-yl0TtgplMPUw==@base.apk@classes.vdex: File /data/dalvik-cache/arm64/data@app@~~fKWrThrwLCNwt7_J7tzhdQ==@com.microsoft.bing-g-ZrnMfPL-yl0TtgplMPUw==@base.apk@classes.vdex does not exist.
07-29 21:19:00.821 18794 19623 I artd    : OatFileAssistant test for existing oat file /data/dalvik-cache/arm64/data@app@~~fKWrThrwLCNwt7_J7tzhdQ==@com.microsoft.bing-g-ZrnMfPL-yl0TtgplMPUw==@base.apk@classes.vdex: File /data/dalvik-cache/arm64/data@app@~~fKWrThrwLCNwt7_J7tzhdQ==@com.microsoft.bing-g-ZrnMfPL-yl0TtgplMPUw==@base.apk@classes.vdex does not exist.
07-29 21:19:00.821 18794 19623 I artd    : GetBestInfo checking vdex next to the dex file (/data/app/~~fKWrThrwLCNwt7_J7tzhdQ==/com.microsoft.bing-g-ZrnMfPL-yl0TtgplMPUw==/oat/arm64/base.vdex)
07-29 21:19:00.821 18794 19623 I artd    : unable to open vdex file /data/app/~~fKWrThrwLCNwt7_J7tzhdQ==/com.microsoft.bing-g-ZrnMfPL-yl0TtgplMPUw==/oat/arm64/base.vdex: File /data/app/~~fKWrThrwLCNwt7_J7tzhdQ==/com.microsoft.bing-g-ZrnMfPL-yl0TtgplMPUw==/oat/arm64/base.vdex does not exist.
07-29 21:19:00.821 18794 19623 I artd    : OatFileAssistant test for existing oat file /data/app/~~fKWrThrwLCNwt7_J7tzhdQ==/com.microsoft.bing-g-ZrnMfPL-yl0TtgplMPUw==/oat/arm64/base.vdex: File /data/app/~~fKWrThrwLCNwt7_J7tzhdQ==/com.microsoft.bing-g-ZrnMfPL-yl0TtgplMPUw==/oat/arm64/base.vdex does not exist.
07-29 21:19:00.821 18794 19623 I artd    : GetBestInfo checking dm (/data/app/~~fKWrThrwLCNwt7_J7tzhdQ==/com.microsoft.bing-g-ZrnMfPL-yl0TtgplMPUw==/base.dm)
07-29 21:19:00.821 18794 19623 W ziparchive: Unable to open '/data/app/~~fKWrThrwLCNwt7_J7tzhdQ==/com.microsoft.bing-g-ZrnMfPL-yl0TtgplMPUw==/base.dm': No such file or directory
07-29 21:19:00.821 18794 19623 I artd    : OatFileAssistant test for existing oat file /data/app/~~fKWrThrwLCNwt7_J7tzhdQ==/com.microsoft.bing-g-ZrnMfPL-yl0TtgplMPUw==/base.dm: I/O error
07-29 21:19:00.821 18794 19623 I artd    : GetBestInfo checking dm (/data/app/~~fKWrThrwLCNwt7_J7tzhdQ==/com.microsoft.bing-g-ZrnMfPL-yl0TtgplMPUw==/base.dm)
07-29 21:19:00.821 18794 19623 W ziparchive: Unable to open '/data/app/~~fKWrThrwLCNwt7_J7tzhdQ==/com.microsoft.bing-g-ZrnMfPL-yl0TtgplMPUw==/base.dm': No such file or directory
07-29 21:19:00.821 18794 19623 I artd    : OatFileAssistant test for existing oat file /data/app/~~fKWrThrwLCNwt7_J7tzhdQ==/com.microsoft.bing-g-ZrnMfPL-yl0TtgplMPUw==/base.dm: I/O error
07-29 21:19:00.821 18794 19623 I artd    : GetBestInfo no usable artifacts
07-29 21:19:00.823  2463  2504 W ziparchive: Unable to open '/data/app/~~fKWrThrwLCNwt7_J7tzhdQ==/com.microsoft.bing-g-ZrnMfPL-yl0TtgplMPUw==/base.dm': No such file or directory
07-29 21:19:00.824  2463  2504 E DexOptHelperImpl: Fail to get art odex vdex with path :/data/app/~~fKWrThrwLCNwt7_J7tzhdQ==/com.microsoft.bing-g-ZrnMfPL-yl0TtgplMPUw==/base.apk
07-29 21:19:00.861  3117  3117 I adbd    : in ShellService: dumpsys activity activities
07-29 21:19:00.906 12982 26704 I onNQEResult: result.score = 58minscore = nullmaxscore = null
07-29 21:19:00.933  3117  3117 I adbd    : in ShellService: dumpsys activity activities
07-29 21:19:01.006  3117  3117 I adbd    : in ShellService: dumpsys activity activities
07-29 21:19:01.013  3117  3117 I adbd    : in ShellService: ps
07-29 21:19:01.036  1839  7244 E ANDR-PERF-LM: SAGT_ACTION: UpdateFPSData() 138: update /sys/kernel/sched_penalty/parameters/fps to 0, ret is 0
07-29 21:19:01.113  3117  3117 I adbd    : in ShellService: dumpsys activity services
07-29 21:19:01.158  2463  4205 I MiuiNetworkPolicy: bandwidth: 0 KB/s, Max bandwidth: 1589 KB/s
07-29 21:19:01.186 23212 23212 I dex2oat64: dex2oat took 885.442ms (2.901s cpu) (threads: 6) arena alloc=0B (0B) java alloc=34MB (36549776B) native alloc=6508KB (6664944B) free=1628KB (1667456B) swap=16MB (16777216B)
07-29 21:19:01.202 18794 18800 I artd    : dex2oat returned code 0
07-29 21:19:01.205  2463  2775 I ArtService: Dexopt result: [packageName = com.microsoft.bing] DexContainerFileDexoptResult{dexContainerFile=/data/app/~~fKWrThrwLCNwt7_J7tzhdQ==/com.microsoft.bing-g-ZrnMfPL-yl0TtgplMPUw==/base.apk, primaryAbi=true, abi=arm64-v8a, actualCompilerFilter=verify, status=PERFORMED, dex2oatWallTimeMillis=941, dex2oatCpuTimeMillis=2930, sizeBytes=34824112, sizeBeforeBytes=0, extendedStatusFlags=[]}
07-29 21:19:01.206  2463 20589 I Miui32BitTranslateHelper: 32BitPretranslate: skipping APK pre-translation for com.microsoft.bing
07-29 21:19:01.207  2463  2775 W PackageFreezer: Freeze package com.microsoft.bing about 1.006 seconds for reason: installPackageLI
07-29 21:19:01.207  2463  2775 I BackupManagerService: [UserID:0] restoreAtInstall pkg=com.microsoft.bing token=3f restoreSet=0
07-29 21:19:01.208  1844  1844 I vendor.qti.hardware.servicetrackeraidl-service: bindService is called for service : com.google.android.gms/.backup.BackupTransportService and for client system
07-29 21:19:01.208  1844  1844 I vendor.qti.hardware.servicetrackeraidl-service: total connections for service : com.google.android.gms/.backup.BackupTransportServiceare :1
07-29 21:19:01.209  1844  1844 I vendor.qti.hardware.servicetrackeraidl-service: total connections for client : systemare :32
07-29 21:19:01.216  2463  2463 I TransportConnection: BackupTransportService#1469: Notifying [BMS.restoreAtInstall] transport = BackupTransportClient
07-29 21:19:01.219 31105 31402 W AndroidBackupEventsLogg: Flag disabled, logging without sampling [CONTEXT service_id=229 ]
07-29 21:19:01.219  1844  1844 I vendor.qti.hardware.servicetrackeraidl-service: unbindService is called for service : com.google.android.gms/.backup.BackupTransportService and for client system
07-29 21:19:01.220  1844  1844 I vendor.qti.hardware.servicetrackeraidl-service: size of service connections for service: com.google.android.gms/.backup.BackupTransportServiceafter removal is 0
07-29 21:19:01.220  1844  1844 I vendor.qti.hardware.servicetrackeraidl-service: size of client connections for client: systemafter removal is 31
07-29 21:19:01.220  1844  1844 I vendor.qti.hardware.servicetrackeraidl-service: destroyService is called for service : com.google.android.gms/.backup.BackupTransportService
07-29 21:19:01.221 31105 31402 I AndroidBackupEventsLogg: (REDACTED) Logging without sampling %s
07-29 21:19:01.223 31105 31402 W AndroidBackupEventsLogg: Flag disabled, logging without sampling [CONTEXT service_id=229 ]
07-29 21:19:01.226 31105 31402 I AndroidBackupEventsLogg: (REDACTED) Logging without sampling %s
07-29 21:19:01.229  2463  2775 I InstallationTiming: com.microsoft.bing|null|7011|4832|155|906|0|17|949
07-29 21:19:01.230  2463  2775 I AppsFilter: interaction: PackageSetting{eeba99 com.android.microdroid.empty_payload/10236} -> PackageSetting{6b0c49a com.microsoft.bing/10378} BLOCKED
07-29 21:19:01.230  2463  2775 I AppsFilter: interaction: PackageSetting{8d8a93f io.appium.uiautomator2.server.test/10280} -> PackageSetting{6b0c49a com.microsoft.bing/10378} BLOCKED
07-29 21:19:01.230  2463  2775 I AppsFilter: interaction: PackageSetting{436eb0e io.github.ylimit.droidbotapp/10377} -> PackageSetting{6b0c49a com.microsoft.bing/10378} BLOCKED
07-29 21:19:01.230  2463  2775 I AppsFilter: interaction: PackageSetting{d8b720c com.rongcard.eid/10151} -> PackageSetting{6b0c49a com.microsoft.bing/10378} BLOCKED
07-29 21:19:01.230  2463  2775 I AppsFilter: interaction: PackageSetting{2676755 io.appium.settings/10274} -> PackageSetting{6b0c49a com.microsoft.bing/10378} BLOCKED
07-29 21:19:01.232 31105 31105 I IntentFilterVerRcvr: S+ domain verification enabled [CONTEXT service_id=244 ]
07-29 21:19:01.235 31105 23251 I AppLinksIntentOperation: Verifying requested domains [CONTEXT service_id=244 ]
07-29 21:19:01.229  2463  2463 W binder:2463_13: type=1400 audit(0.0:17148): avc:  denied  { getopt } for  scontext=u:r:system_server:s0 tcontext=u:r:shell:s0 tclass=unix_stream_socket permissive=0
07-29 21:19:01.238 31105 23251 I AppLinksRequestHandler: (REDACTED) Processing %d input requests
07-29 21:19:01.238  2463  2528 I MiuiCompatModePackages: package com.microsoft.bing updated, removing config
07-29 21:19:01.233  2463  2463 W binder:2463_13: type=1400 audit(0.0:17149): avc:  denied  { getopt } for  scontext=u:r:system_server:s0 tcontext=u:r:shell:s0 tclass=unix_stream_socket permissive=0
07-29 21:19:01.233  2463  2463 W binder:2463_13: type=1400 audit(0.0:17150): avc:  denied  { getopt } for  scontext=u:r:system_server:s0 tcontext=u:r:shell:s0 tclass=unix_stream_socket permissive=0
07-29 21:19:01.244 31105 23251 I AppLinksUtilsV1: Legacy cross-profile verification enabled [CONTEXT service_id=244 ]
07-29 21:19:01.245  2463  4448 I SdkSandboxManager: No SDKs used. Skipping SDK data reconcilation for CallingInfo{mUid=10378, mPackageName='com.microsoft.bing, mAppProcessToken='null'}
07-29 21:19:01.245  8013  8013 I TrafficManageService: mina mPackageReceiver 0
07-29 21:19:01.245  8013  9359 I FireWallService: mina mPackageReceiver onReceive
07-29 21:19:01.246  2463  2463 I NetworkDetectInjector: ACTION_PACKAGE_ADDED uid = 10378
07-29 21:19:01.246  2463  4463 E AppScanObserverService: Try to add a invalid package: com.microsoft.bing | 10378 | 0
07-29 21:19:01.246  8013  8013 I InstalledAppMonitor: com.microsoft.bingonReceive add pkg=com.microsoft.bing
07-29 21:19:01.246  7368 17610 I PermissionControllerServiceImpl: Updating user sensitive for uid 10378
07-29 21:19:01.246  8013  9359 W FireWallService: is Pre-installed application
07-29 21:19:01.247  8013  9628 I GameBoosterNewApp: addAppToGameBox: isGameBoosterOpen=true
07-29 21:19:01.247  8013  9628 I GameBoosterNewApp: com.microsoft.bing isGameFromJson false
07-29 21:19:01.248  8013  9628 I GameBoosterNewApp: com.microsoft.bing isGameFromLocal false
07-29 21:19:01.248  8013  9249 W ContextImpl: Calling a method in the system process without a qualified user: android.app.ContextImpl.startService:1939 android.content.ContextWrapper.startService:843 c4.k.d:80 r2.j.w:116 r2.j.j:0 
07-29 21:19:01.249  2463  2515 E AtomicFile: Failed to rename /data/system/install_sessions.xml.new to /data/system/install_sessions.xml
07-29 21:19:01.249  2463  4301 E AppOps  : attributionTag VCN not declared in manifest of android
07-29 21:19:01.249  2463  4301 E AppOps  : attributionTag VCN not declared in manifest of android
07-29 21:19:01.250  2463  4030 I RoleService: Granting default roles...
07-29 21:19:01.250  3117  3117 I adbd    : in ShellService: screencap -p /sdcard/screen_2025-07-29_211902.png
07-29 21:19:01.250  8013  9653 I AppPredictManager: predict: recentApps size = 5
07-29 21:19:01.250  2463  4205 I MiuiNetworkPolicy: ACTION_PACKAGE_ADDED uid = 10378
07-29 21:19:01.250  2463  2463 I MiuiNetworkPolicyTrafficLimit: ACTION_PACKAGE_ADDED uid = 10378
07-29 21:19:01.250  2463  2463 E SLM-SRV-SLAAppLib: initBroadcastReceivercom.microsoft.bing
07-29 21:19:01.250  2463  2463 I SLM-SRV-SLAAppLib: ACTION_PACKAGE_ADDED uid = 10378com.microsoft.bing
07-29 21:19:01.250  2463  2463 I SLM-SRV-SLSAppLib: setSLSGameUidList:null
07-29 21:19:01.250  2463  2463 I SLM-SRV-SLSAppLib: setSLSVoIPUid:0
07-29 21:19:01.250  2463  2463 I NetworkAccelerateSwitchService: setNetworkAccelerateSwitchUidList:null
07-29 21:19:01.250  2463  2463 I NetworkAccelerateSwitchService: setNetworkAccelerateSwitchVoIPUid:0
07-29 21:19:01.250  2463  2463 I SLM-SRV-SLAAppLib: mDoubleWifiUidList = 10090,10261,10324,10340,10325,10322,10339,10326,10286,10167,
07-29 21:19:01.250  2463  2463 I SLM-SRV-SLAAppLib: mDoubleDataUidList = 10090,10261,10325,10322,10329,10339,10326,10286,10167,
07-29 21:19:01.250  2463  3739 I SmartPower: com.miui.cleanmaster/10266(21077): idle->background(6063ms) R(service create com.miui.cleanmaster/com.miui.optimizecenter.service.CleanMasterService) adj=0.
07-29 21:19:01.251  2463  4205 I MiuiNetworkPolicy: updateUidState uid = 10266, uidState = 10
07-29 21:19:01.252  1844  1844 I vendor.qti.hardware.servicetrackeraidl-service: destroyService is called for service : com.google.android.gms/.chimera.PersistentIntentOperationService
07-29 21:19:01.252  8013  9423 I MiuiVpnManageService: PackageMonitor. onPackageAdded: packageName =com.microsoft.bing
07-29 21:19:01.253  2463  5141 I SLM-SRV-SLAAppLib: setUidWhiteListToSlad
07-29 21:19:01.253  2463  5141 I SLM-SRV-SLAAppLib: setSLAUidList:10322,10325,10326,10332,10339,10261,10340,10286,10167,10090,
07-29 21:19:01.253  2463  5141 I SLM-SRV-SLSAppLib: setSLAAppWhiteList:10322,10325,10326,10332,10339,10261,10340,10286,10167,
07-29 21:19:01.253  2463  4442 W PackageManager: Failed registering loading progress callback. Package is fully loaded.
07-29 21:19:01.254  2463  2530 I SmartPower: com.android.packageinstaller/10097(11835): idle->background(6062ms) R(broadcast start Intent { act=android.intent.action.PACKAGE_ADDED dat=package: flg=0x5000010 pkg=com.android.packageinstaller (has extras) }) adj=915.
07-29 21:19:01.255  2463  3739 E AppOps  : Bad call made by uid 1001. Package "com.android.phone" does not belong to uid 1000.
07-29 21:19:01.256  2463  3739 E AppOps  : Cannot noteOperation: non-application UID 1000
07-29 21:19:01.257  4497  5226 E ScreenElementRoot: load error, manifest root is null
07-29 21:19:01.257  8013  8013 I AppPredictPrivacyLaunchManager: updateLauncherApps size: 75
07-29 21:19:01.257  2463  4205 I MiuiNetworkPolicy: updateUidState uid = 10097, uidState = 11
07-29 21:19:01.257  2463  4205 I MiuiNetworkPolicy: updateUidState uid = 10097, uidState = 19
07-29 21:19:01.263  8013  8874 I AppPredictPrivacyLaunchManager: getLauncherHomeAppList size: 75
07-29 21:19:01.263  8013  8874 I AppPredictResultHelper: updatePreferenceStore: size = 9
07-29 21:19:01.263  2463  5533 W ActivityManagerServiceImpl: Sending non-protected broadcast com.miui.action.UPDATE_PREDICT_LIST from system 8013:com.miui.securitycenter.remote/1000 pkg com.miui.securitycenter. Callers=
07-29 21:19:01.264  2463  4435 W ParceledListSlice: Element #10 is 43420 bytes.
07-29 21:19:01.265  2463  4435 W ParceledListSlice: Element #17 is 24996 bytes.
07-29 21:19:01.265  2463  4435 W ParceledListSlice: Element #24 is 52004 bytes.
07-29 21:19:01.265  2463  4435 W ParceledListSlice: Overly large reply size: 117232
07-29 21:19:01.266  8013  9249 I LocalNotificationMgr: pkg: com.microsoft.bing mode:0
07-29 21:19:01.267  8013  9249 I GpBinderManager: bindCount : 146
07-29 21:19:01.267  2463  5540 W ParceledListSlice: Element #34 is 204620 bytes.
07-29 21:19:01.267  2463  5540 W ParceledListSlice: Overly large reply size: 237228
07-29 21:19:01.268  2463  5442 W ParceledListSlice: Element #40 is 19708 bytes.
07-29 21:19:01.269  2463  5442 W ParceledListSlice: Element #48 is 187940 bytes.
07-29 21:19:01.269  2463  5442 W ParceledListSlice: Overly large reply size: 249300
07-29 21:19:01.270  2463  5442 W ParceledListSlice: Element #52 is 19668 bytes.
07-29 21:19:01.270  9523  9523 E PackageInstallHelper: handler start
07-29 21:19:01.270  9523  9523 E PackageInstallHelper: handler end
07-29 21:19:01.270  9523  9523 E PackageInstallHelper: PackageInstallHelper handler real start
07-29 21:19:01.273  4497  5226 E Launcher.AllAppsList: Can't load postion for packageName: com.microsoft.bing activityName: com.microsoft.sapphire.app.main.SapphireMainActivity
07-29 21:19:01.273  2463  5539 W ParceledListSlice: Element #8 is 20788 bytes.
07-29 21:19:01.273  2463  5539 W ParceledListSlice: Element #9 is 20768 bytes.
07-29 21:19:01.274  8013  9356 I ThumbnailBlurUtils: getAllLauncherAppList time: 7
07-29 21:19:01.280  2463  5533 W ActivityManagerServiceImpl: Sending non-protected broadcast com.miui.action.UPDATE_PREDICT_LIST_EXTERNAL from system 8013:com.miui.securitycenter.remote/1000 pkg com.miui.securitycenter. Callers=
07-29 21:19:01.280  2463  5530 I ActivityManager: Background started FGS: Allowed [callingPackage: com.miui.securitycenter; callingUid: 1000; uidState: PER ; uidBFSL: [BFSL]; intent: Intent { act=com.miui.cleanmaster.GARBAGE_PKG_ADD pkg=com.miui.cleanmaster (has extras) }; code:PROC_STATE_PERSISTENT; tempAllowListReason:<null>; targetSdkVersion:34; callerTargetSdkVersion:34; startForegroundCount:0; bindFromPackage:null: isBindService:false]
07-29 21:19:01.281  2463  5530 W ForegroundServiceTypeLoggerModule: Foreground service start for UID: 10266 does not have any types
07-29 21:19:01.282  7368  7368 I SafetyLabelChangedBroadcastReceiver: received broadcast packageName: com.microsoft.bing, current user: UserHandle{0}, packageChangeEvent: NEW_INSTALL, intent user: UserHandle{0}
07-29 21:19:01.283  2463  4205 I MiuiNetworkPolicy: updateUidState uid = 10266, uidState = 4
07-29 21:19:01.283  2105  2105 E DisplayModeController: setDesiredMode : Idle status skip setActiveMode, isDdicIdleMode: 1
07-29 21:19:01.284  4916  5777 E SmsApplication: com.android.mms lost android:read_cell_broadcasts:  (fixing)
07-29 21:19:01.284  2463  5533 W AppOpService: Ignored setUidMode call for runtime permission app op: uid = 10141, code = READ_CELL_BROADCASTS, mode = allow, callingUid = 1001, oldMode = allow
07-29 21:19:01.285  1827  2399 I SDM     : HWCDisplay::SetActiveConfigWithConstraints: display:66-0, config: 3, WxH 1200x2670, fps 120
07-29 21:19:01.286  1827  2399 W SDM     : HWDeviceDRM::GetSupportedBitClkRate: Requested rate not supported: 1150000000
07-29 21:19:01.286  1827  2399 I SDM     : HWDeviceDRM::UpdateMixerAttributes: Mixer WxH 1200x2670-1 for Peripheral
07-29 21:19:01.286  1827  2399 I SDM     : HWCDisplay::SubmitDisplayConfig: Active configuration changed from config 1 to 3
07-29 21:19:01.286  1827  2399 I SDM     : HWCDisplay::SubmitDisplayConfig: Active WxH 1200x2670 ,ddic_mode:auto, timing_fps: 120, sf_fps: 120
07-29 21:19:01.286  4497  5264 W PreviewDisappear: getIconDrawable src: null
07-29 21:19:01.286  4497  5264 W PreviewDisappear: getIconDrawable app drawable: null
07-29 21:19:01.286  4497  5264 W PreviewDisappear: getIcon info target: ComponentInfo{com.microsoft.bing/com.microsoft.sapphire.app.main.SapphireMainActivity}
07-29 21:19:01.286  4497  5264 W PreviewDisappear: getIcon info user: UserHandle{0}
07-29 21:19:01.286  4497  5264 W PreviewDisappear: getIcon info intent: Intent { act=android.intent.action.MAIN cat=[android.intent.category.LAUNCHER] flg=0x10200000 cmp=com.microsoft.bing/com.microsoft.sapphire.app.main.SapphireMainActivity (has extras) }
07-29 21:19:01.286  4497  5264 W PreviewDisappear: 1 getIcon entry: null
07-29 21:19:01.288  1827  2752 I vendor.qti.hardware.display.composer-service: Sensor: notify citsensorservice to trigger cwb, misForced = 0
07-29 21:19:01.288  4497  5264 W PreviewDisappear: 2 getIcon entry: com.miui.home.launcher.graphics.DrawableInfo@202b7f0
07-29 21:19:01.288  4497  5264 W PreviewDisappear: applyCacheEntry entry: com.miui.home.launcher.graphics.drawable.LayerAdaptiveIconDrawable@2d3a169
07-29 21:19:01.288  4497  5264 W PreviewDisappear: getIconDrawable finally drawable: com.miui.home.launcher.graphics.drawable.LayerAdaptiveIconDrawable@2d3a169
07-29 21:19:01.289  3002  4297 I libsensor-parseRGB: request dump start for mRequestDisplayId 0
07-29 21:19:01.291 31105 14956 E hvht    : *~*~*~ Previous channel {0} was garbage collected without being shut down! ~*~*~*
07-29 21:19:01.291 31105 14956 E hvht    :     Make sure to call shutdown()/shutdownNow()
07-29 21:19:01.291 31105 14956 E hvht    : java.lang.RuntimeException: ManagedChannel allocation site
07-29 21:19:01.291 31105 14956 E hvht    : 	at hvhs.<init>(:com.google.android.gms@252834035@25.28.34 (260400-787197649):21)
07-29 21:19:01.291 31105 14956 E hvht    : 	at hvht.<init>(:com.google.android.gms@252834035@25.28.34 (260400-787197649):10)
07-29 21:19:01.291 31105 14956 E hvht    : 	at hvhr.a(:com.google.android.gms@252834035@25.28.34 (260400-787197649):250)
07-29 21:19:01.291 31105 14956 E hvht    : 	at huss.a(:com.google.android.gms@252834035@25.28.34 (260400-787197649):5)
07-29 21:19:01.291 31105 14956 E hvht    : 	at azkj.a(:com.google.android.gms@252834035@25.28.34 (260400-787197649):70)
07-29 21:19:01.291 31105 14956 E hvht    : 	at azka.u(:com.google.android.gms@252834035@25.28.34 (260400-787197649):119)
07-29 21:19:01.291 31105 14956 E hvht    : 	at azka.e(:com.google.android.gms@252834035@25.28.34 (260400-787197649):5)
07-29 21:19:01.291 31105 14956 E hvht    : 	at ensm.a(:com.google.android.gms@252834035@25.28.34 (260400-787197649):45)
07-29 21:19:01.291 31105 14956 E hvht    : 	at enrr.c(:com.google.android.gms@252834035@25.28.34 (260400-787197649):20)
07-29 21:19:01.291 31105 14956 E hvht    : 	at enrr.a(:com.google.android.gms@252834035@25.28.34 (260400-787197649):3)
07-29 21:19:01.291 31105 14956 E hvht    : 	at aufl.run(:com.google.android.gms@252834035@25.28.34 (260400-787197649):5)
07-29 21:19:01.291 31105 14956 E hvht    : 	at azqk.c(:com.google.android.gms@252834035@25.28.34 (260400-787197649):50)
07-29 21:19:01.291 31105 14956 E hvht    : 	at azqk.run(:com.google.android.gms@252834035@25.28.34 (260400-787197649):70)
07-29 21:19:01.291 31105 14956 E hvht    : 	at java.util.concurrent.ThreadPoolExecutor.runWorker(ThreadPoolExecutor.java:1251)
07-29 21:19:01.291 31105 14956 E hvht    : 	at java.util.concurrent.ThreadPoolExecutor$Worker.run(ThreadPoolExecutor.java:668)
07-29 21:19:01.291 31105 14956 E hvht    : 	at azwc.run(:com.google.android.gms@252834035@25.28.34 (260400-787197649):8)
07-29 21:19:01.291 31105 14956 E hvht    : 	at java.lang.Thread.run(Thread.java:1012)
07-29 21:19:01.291  2463  5529 I ActivityManager: Cancel FGS notification userId: 0 definingUid: 10266 packageName: com.miui.cleanmaster processName:com.miui.cleanmaster ChannelId:com.miui.cleanmaster foregroundNotiWhen:1753795141256 Notiflags:64
07-29 21:19:01.291  1844  1844 I vendor.qti.hardware.servicetrackeraidl-service: destroyService is called for service : com.miui.cleanmaster/com.miui.optimizecenter.service.CleanMasterService
07-29 21:19:01.291  2463  5529 W ForegroundServiceTypeLoggerModule: FGS stop call for: 10266 has no types!
07-29 21:19:01.292  7958  7958 I UserConsentManager: onPermissionsChanged: 10378
07-29 21:19:01.293  7958  7958 I UserConsentManager: onPermissionsChanged: 10378
07-29 21:19:01.293  2463  4205 I MiuiNetworkPolicyTrafficLimit: updateWhiteListUidForMobileTraffic uid=10266,add=true
07-29 21:19:01.293  7958  7958 I UserConsentManager: onPermissionsChanged: 10378
07-29 21:19:01.293  7958  7958 I UserConsentManager: onPermissionsChanged: 10378
07-29 21:19:01.293  7958  7958 I UserConsentManager: onPermissionsChanged: 10378
07-29 21:19:01.293  7958  7958 I UserConsentManager: onPermissionsChanged: 10378
07-29 21:19:01.293  7958  7958 I UserConsentManager: onPermissionsChanged: 10378
07-29 21:19:01.293  7958  7958 I UserConsentManager: onPermissionsChanged: 10378
07-29 21:19:01.293  7958  7958 I UserConsentManager: onPermissionsChanged: 10378
07-29 21:19:01.295  7773  7773 E RegisteredServicesCache: Skipping application component ComponentInfo{com.UCMobile/com.alibaba.ariver.commonability.device.jsapi.nfc.service.TinyAppHostApduService}: it must request the permission android.permission.NFC
07-29 21:19:01.295  7773  7773 E RegisteredServicesCache: Skipping application component ComponentInfo{com.UCMobile/com.alipay.mobile.aompdevice.nfc.service.TinyAppHostApduService}: it must request the permission android.permission.NFC
