07-29 21:19:01.549  4505 27208 I htmlviewercloudcontrol: isStagingEnv:false param =  fps_idle_config  uriMatch = 2, cluster: cn, version: 553104, traceId: aa4a7f1732c179f033e45bb6df6285c3, regId: +4z3RS85+e2U9l+sd6caQ/srGmJCsEbKpG1twyPn1K0CrNNyxYT/yAgGVxm5X+yC
07-29 21:19:01.550  4505 27208 I htmlviewercloudcontrol: isStagingEnv:false param =  fps_idle_config  uriMatch = 2, cluster: cn, version: 553104, traceId: aa4a7f1732c179f033e45bb6df6285c3, regId: +4z3RS85+e2U9l+sd6caQ/srGmJCsEbKpG1twyPn1K0CrNNyxYT/yAgGVxm5X+yC
07-29 21:19:01.551  4505 27208 I htmlviewercloudcontrol: isStagingEnv:false param =  fps_idle_config  uriMatch = 2, cluster: cn, version: 553104, traceId: aa4a7f1732c179f033e45bb6df6285c3, regId: +4z3RS85+e2U9l+sd6caQ/srGmJCsEbKpG1twyPn1K0CrNNyxYT/yAgGVxm5X+yC
07-29 21:19:01.553  4505 27208 I htmlviewercloudcontrol: isStagingEnv:false param =  fps_group_config  uriMatch = 2, cluster: cn, version: 553104, traceId: aa4a7f1732c179f033e45bb6df6285c3, regId: +4z3RS85+e2U9l+sd6caQ/srGmJCsEbKpG1twyPn1K0CrNNyxYT/yAgGVxm5X+yC
07-29 21:19:01.555  4505 27208 I htmlviewercloudcontrol: isStagingEnv:false param =  fps_group_config  uriMatch = 2, cluster: cn, version: 553104, traceId: aa4a7f1732c179f033e45bb6df6285c3, regId: +4z3RS85+e2U9l+sd6caQ/srGmJCsEbKpG1twyPn1K0CrNNyxYT/yAgGVxm5X+yC
07-29 21:19:01.556  9339 10199 I DisplayFrameSetting: register
07-29 21:19:01.556  2463  5529 I whetstone.activity: noteVideoFps registVideoFpsCallBack, count is 1
07-29 21:19:01.557  4505 27208 I htmlviewercloudcontrol: isStagingEnv:false param =  fps_idle_config  uriMatch = 2, cluster: cn, version: 553104, traceId: aa4a7f1732c179f033e45bb6df6285c3, regId: +4z3RS85+e2U9l+sd6caQ/srGmJCsEbKpG1twyPn1K0CrNNyxYT/yAgGVxm5X+yC
07-29 21:19:01.558 10733 10751 I ndroid.settings: This is sticky GC, maxfree is 16777216 minfree is 8388608
07-29 21:19:01.559  4505 27208 I htmlviewercloudcontrol: isStagingEnv:false param =  fps_group_config  uriMatch = 2, cluster: cn, version: 553104, traceId: aa4a7f1732c179f033e45bb6df6285c3, regId: +4z3RS85+e2U9l+sd6caQ/srGmJCsEbKpG1twyPn1K0CrNNyxYT/yAgGVxm5X+yC
07-29 21:19:01.648  8013  9356 I ThumbnailBlurUtils: loadPrivacyThumbnailBlurMonthly successd{"com.ss.android.ugc.aweme":27,"com.musicworx":-1,"com.baidu.BaiduMap":3,"com.google.android.apps.youtube.music":27,"com.google.android.apps.tasks":5,"com.jijia.jjweather":5,"com.netease.newsreader.activity":11,"com.instagram.android":5,"com.microsoft.emmx":5,"com.baidu.searchbox.lite":5,"com.getsurfboard":-1,"com.android.fileexplorer":5,"com.miui.compass":5,"com.microsoft.office.outlook":10,"com.jijia.bqwnl":5,"com.autonavi.minimap":3,"com.miui.calculator":5,"org.secuso.privacyfriendlytodolist":-1,"com.android.contacts":5,"com.microsoft.bing":5,"com.xiaomi.scanner":5,"com.miui.securitycenter":5,"com.android.vending":5,"com.yahoo.mobile.client.android.mail":5,"com.einnovation.temu":-1,"com.baidu.searchbox":5,"com.duokan.reader":7,"com.wuba.zhuanzhuan":9,"io.appium.settings":-1,"com.android.chrome":5,"com.xingin.xhs":5,"com.dragon.read":7,"tv.danmaku.bili":27,"com.ebay.mobile":5,"com.miui.gallery":6,"com.UCMobile":5,"todolist.scheduleplanner.dailyplanner.todo.reminders":5,"com.alibaba.aliexpresshd":9,"com.android.email":10,"com.todoist":5,"com.spotify.music":5,"com.xiaomi.market":5,"com.microsoft.todos":10,"com.skysoft.kkbox.android":27,"com.miui.notes":5,"com.smile.gifmaker":27,"com.xiaomi.gamecenter":5,"com.android.browser":5,"com.anydo":5,"de.baumann.browser":-1,"com.suxing.sustream":-1,"com.miui.virtualsim":5,"com.sina.news":11,"com.miui.weather2":5,"com.miui.video":27,"douzifly.list":-1,"com.google.android.documentsui":-1,"com.ss.android.article.news":11,"com.quark.browser":5,"com.android.mms":5,"cn.ninegame.gamemanager":5,"com.kuaishou.nebula":27,"com.android.providers.downloads.ui":5,"com.tencent.android.qqdownloader":5,"com.android.camera":6,"com.google.android.gm":5,"cn.amazon.mShop.android":9,"com.google.android.apps.magazines":5,"com.android.calendar":10,"io.github.ylimit.droidbotapp":-1,"ru.mail.mailapp":5,"com.android.settings":-1,"com.zhuantech.sijiweather":-1,"com.cnn.mobile.android.phone":11,"com.android.soundrecorder":5}
07-29 21:19:01.661  1827  2108 I SDM     : DisplayBase::CommitThread: Received idle timeout, panel: cmd, timeout: 70000 us
07-29 21:19:01.681 31105 22359 W Conscrypt: Could not set socket write timeout: java.net.SocketException: Socket closed
07-29 21:19:01.681 31105 22359 W Conscrypt: 	at com.google.android.gms.org.conscrypt.Platform.setSocketWriteTimeout(:com.google.android.gms@252834035@25.28.34 (260400-787197649):204)
07-29 21:19:01.681 31105 22359 W Conscrypt: 	at com.google.android.gms.org.conscrypt.ConscryptFileDescriptorSocket.setSoWriteTimeout(:com.google.android.gms@252834035@25.28.34 (260400-787197649):4)
07-29 21:19:01.697  1827  2399 I SDM     : HWCDisplay::SetActiveConfigWithConstraints: display:66-0, config: 1, WxH 1200x2670, fps 120
07-29 21:19:01.698  1827  2399 W SDM     : HWDeviceDRM::GetSupportedBitClkRate: Requested rate not supported: 1150000000
07-29 21:19:01.698  1827  2399 I SDM     : HWDeviceDRM::UpdateMixerAttributes: Mixer WxH 1200x2670-1 for Peripheral
07-29 21:19:01.699  1827  2399 I SDM     : HWCDisplay::SubmitDisplayConfig: Active configuration changed from config 3 to 1
07-29 21:19:01.699  1827  2399 I SDM     : HWCDisplay::SubmitDisplayConfig: Active WxH 1200x2670 ,ddic_mode:idle, timing_fps: 120, sf_fps: 120
07-29 21:19:01.701  1827  2752 I vendor.qti.hardware.display.composer-service: Sensor: notify citsensorservice to trigger cwb, misForced = 0
07-29 21:19:01.701  3002  4297 I libsensor-parseRGB: request dump start for mRequestDisplayId 0
07-29 21:19:01.721  3002  3080 E libsensor-parseRGB: CWB NotifyCWBBufferDone  error 0
07-29 21:19:01.742  2463  2530 I SmartPower: com.android.vending/10124(22572): idle->background(6067ms) R(broadcast start Intent { act=android.intent.action.PACKAGE_ADDED dat=package: flg=0x4000010 (has extras) }) adj=915.
07-29 21:19:01.742  2463  2530 I SmartPower: com.android.vending:background/10124(22687): idle->background(6068ms) R(broadcast start Intent { act=android.intent.action.PACKAGE_ADDED dat=package: flg=0x4000010 (has extras) }) adj=915.
07-29 21:19:01.743 22572 22572 I Finsky  : [2] yag.g(1): yag - Received: android.intent.action.PACKAGE_ADDED, [Gpgx93CIIH8nLTYc1ZTb0xAd7BmS0osFxv9wo1FeBco]
07-29 21:19:01.744  2463  4205 I MiuiNetworkPolicy: updateUidState uid = 10124, uidState = 11
07-29 21:19:01.745  2463  5535 W ParceledListSlice: Element #20 is 29016 bytes.
07-29 21:19:01.745  2463  2530 I SmartPower: android.process.acore/10083(6721): idle->background(6056ms) R(broadcast start Intent { act=android.intent.action.PACKAGE_ADDED dat=package: flg=0x4000010 (has extras) }) adj=905.
07-29 21:19:01.746  2463  2530 I SmartPower: com.mfashiongallery.emag/10262(8261): idle->background(6057ms) R(broadcast start Intent { act=android.intent.action.PACKAGE_ADDED dat=package: flg=0x4000010 (has extras) }) adj=905.
07-29 21:19:01.748  2463  2530 I SmartPower: com.miui.voiceassist:core/10193(7664): idle->background(6057ms) R(broadcast start Intent { act=android.intent.action.PACKAGE_ADDED dat=package: flg=0x4000010 (has extras) }) adj=100.
07-29 21:19:01.749  7989  7989 I PackageInstallReceiver: action = android.intent.action.PACKAGE_ADDED packageName = com.microsoft.bing
07-29 21:19:01.749  7989  7989 I PackageInstallReceiver: action = android.intent.action.PACKAGE_CHANGED packageName = com.microsoft.bing
07-29 21:19:01.749  7989  7989 I ServiceDeliveryCapability: onAppChanged:com.microsoft.bing action:android.intent.action.PACKAGE_ADDED
07-29 21:19:01.750  2463  2530 I SmartPower: com.xiaomi.aicr:actionprovider/10127(12677): idle->background(6051ms) R(broadcast start Intent { act=android.intent.action.PACKAGE_ADDED dat=package: flg=0x4000010 (has extras) }) adj=915.
07-29 21:19:01.750  7664  7664 I VA_AiConn:ApkConstants: isPhoneCarLinkApp packageName=com.microsoft.bing
07-29 21:19:01.750  2463  2530 I SmartPower: android.process.mediaUI/10261(13434): idle->background(6048ms) R(broadcast start Intent { act=android.intent.action.PACKAGE_ADDED dat=package: flg=0x4000010 (has extras) }) adj=905.
07-29 21:19:01.750  7989  7989 W InstalledPackagesMemoryCache: Unknown action: android.intent.action.PACKAGE_CHANGED
07-29 21:19:01.750  7989  7989 I ServiceDeliveryCapability: onAppChanged:com.microsoft.bing action:android.intent.action.PACKAGE_CHANGED
07-29 21:19:01.750  7989  7989 I AppWidgetDelegate: updateAppWidgets for com.microsoft.bing
07-29 21:19:01.750  7989  7989 I WidgetController: WidgetController.updateOrRemoveStackWhenPackageChanged: packageName com.microsoft.bing
07-29 21:19:01.750  2463  2530 I SmartPower: com.miui.gallery/10271(13242): idle->background(6049ms) R(broadcast start Intent { act=android.intent.action.PACKAGE_ADDED dat=package: flg=0x4000010 (has extras) }) adj=915.
07-29 21:19:01.750  7989  7989 I WidgetBackgroundBlurManager: onAppChanged appPackageName : com.microsoft.bing
07-29 21:19:01.750  7664  8670 I VA_AliveCore:AbsCoreManager: msg.what = 1003
07-29 21:19:01.750  7664  8670 E VA_AliveCore:CoreManager: bind thread:id=281;name=CoreAssistInteraction
07-29 21:19:01.750  7664  8670 E VA_AliveCore:CoreManager: not target app
07-29 21:19:01.750  7664  8670 E VA_AliveCore:CoreManager: not target app
07-29 21:19:01.750  2463  2530 I SmartPower: com.google.android.documentsui/10100(21132): idle->background(6042ms) R(broadcast start Intent { act=android.intent.action.PACKAGE_ADDED dat=package: flg=0x4000010 (has extras) }) adj=905.
07-29 21:19:01.750  7664  8670 I VA_AliveCore:CoreManager: bindAliveServiceApps:com.miui.voicetrigger
07-29 21:19:01.751  2463  2530 I SmartPower: com.milink.crossdeviceservice/10178(27042): idle->background(6041ms) R(broadcast start Intent { act=android.intent.action.PACKAGE_ADDED dat=package: flg=0x4000010 (has extras) }) adj=915.
07-29 21:19:01.751  2463  2530 I SmartPower: com.milink.service:audio/10178(19382): idle->background(6041ms) R(broadcast start Intent { act=android.intent.action.PACKAGE_ADDED dat=package: flg=0x4000010 (has extras) }) adj=200.
07-29 21:19:01.751  2463  2530 W BroadcastQueue: Greezer Denial: sending Intent { act=android.intent.action.PACKAGE_ADDED dat=package: flg=0x4000010 (has extras) }, action: android.intent.action.PACKAGE_ADDED from null (uid=1000) due to receiver ProcessRecord{ad6adc5 10522:com.skysoft.kkbox.android/u0a285} (uid 10285) need cached broadcast
07-29 21:19:01.751  2463  2530 W BroadcastQueue: Greezer Denial: sending Intent { act=android.intent.action.PACKAGE_CHANGED dat=package: flg=0x5000010 (has extras) }, action: android.intent.action.PACKAGE_CHANGED from null (uid=1000) due to receiver ProcessRecord{ad6adc5 10522:com.skysoft.kkbox.android/u0a285} (uid 10285) need cached broadcast
07-29 21:19:01.751  2463  2530 W BroadcastQueue: Greezer Denial: sending Intent { act=android.intent.action.PACKAGE_ADDED dat=package: flg=0x4000010 (has extras) }, action: android.intent.action.PACKAGE_ADDED from null (uid=1000) due to receiver ProcessRecord{34cbe8f 25865:com.microsoft.emmx/u0a311} (uid 10311) need cached broadcast
07-29 21:19:01.752  2463  2530 I SmartPower: com.miui.newhome/10296(11730): idle->background(6042ms) R(broadcast start Intent { act=android.intent.action.PACKAGE_ADDED dat=package: flg=0x4000010 (has extras) }) adj=915.
07-29 21:19:01.752  9900 10064 I com.xiaomi.market:new_milink:SafeBroadcastReceiver: a perform cost 0
07-29 21:19:01.753  9900 10025 I com.xiaomi.market:new_milink:SafeBroadcastReceiver: a perform cost 1
07-29 21:19:01.754 18384 20857 I auth    : [XMS][Auth] updatePackageInfos in db cnt: 1
07-29 21:19:01.755  9900 23001 I Market-PackageMonitor: [Download/Install] onReceive: android.intent.action.PACKAGE_ADDED, pkg: com.microsoft.bing
07-29 21:19:01.756  9900 23001 I Market-LocalAppManager: add package to list: com.microsoft.bing
07-29 21:19:01.757  9900 14327 I Market-LocalAppManager: checkUpdateFromServer : start
07-29 21:19:01.757  9900 14327 I Market-LocalAppManager: getUpdateInfoFromServer : start,isBackground=true
07-29 21:19:01.758 12230 12348 I Ad      : isPersonalizedAdEnabled getAdSettings: 1
07-29 21:19:01.761  7664  8670 I VA_AliveCore:CoreManager: bindAliveServiceApps: services:[ResolveInfo{65c458c com.miui.voicetrigger/.VoiceTriggerService m=0x108000 userHandle=null}]
07-29 21:19:01.761  7664  8670 W VA_AliveConnection: startBind
07-29 21:19:01.761  7664  8670 I VA_AliveConnection: begin unregister
07-29 21:19:01.762  9900 14327 I Market-LocalAppManager: getUpdateInfoFromServer : middle
07-29 21:19:01.762  9900 14327 E Market-Client: isSupportChildMode, error: java.lang.NumberFormatException: For input string: ""
07-29 21:19:01.764  7664  8670 I VA_AliveConnection: begin register
07-29 21:19:01.764  7664  8670 I VA_AliveConnection: begin unregister
07-29 21:19:01.765  7664  8670 I VA_AliveConnection: begin register
07-29 21:19:01.765  2463  5442 W ParceledListSlice: Element #233 is 19012 bytes.
07-29 21:19:01.768  2463  4205 I MiuiNetworkPolicy: updateUidState uid = 10261, uidState = 10
07-29 21:19:01.768  2463  4205 I MiuiNetworkPolicy: updateUidState uid = 10158, uidState = 10
07-29 21:19:01.768 22572 22764 I Finsky  : [2253] pcp.accept(129): Wrote row to frosting DB: 1480
07-29 21:19:01.769  7664  8670 W VA_AliveConnection: voicetrigger process isn't running
07-29 21:19:01.769  9900  9900 I Market-ServiceUtils: startForeground: CheckUpdateService
07-29 21:19:01.769 14346 14346 I Market-BaseWidgetProvider: BaseWidgetProvider action:com.xiaomi.market.APP_STATUS_CHANGED
07-29 21:19:01.769 14346 14346 I Market-newGameWidgetProvider: newGameWidgetProvider action: com.xiaomi.market.APP_STATUS_CHANGED
07-29 21:19:01.770  9900 14327 I Market-RetrofitRequest: callStart : https://updateinfo.market.xiaomi.com/apm/updateinfo/v2
07-29 21:19:01.772  7664  8670 I VA_AliveCore:AliveReport: saveStatusTimeToReportDB serviceName: com.miui.voicetrigger Time: 1753795141769 BootOn: true settingOn: false appOn: false
07-29 21:19:01.773  7664  8670 W VA_AliveConnection: service don't need bind
07-29 21:19:01.773  7664  8670 W VA_AliveConnection: unLinkService:ComponentInfo{com.miui.voicetrigger/com.miui.voicetrigger.VoiceTriggerService}
07-29 21:19:01.773  7664  8670 W VA_AliveConnection: service does not bind now. ComponentInfo{com.miui.voicetrigger/com.miui.voicetrigger.VoiceTriggerService}
07-29 21:19:01.774  2463  4205 I MiuiNetworkPolicy: updateUidState uid = 10266, uidState = 8
07-29 21:19:01.774  3118  3260 I VA_AliveCore:ContentObserver: onChange uri = [content://com.xiaomi.assist.report/aliveStatus]
07-29 21:19:01.775  9900 14327 I Market-RetrofitRequest: HeaderInterceptor : https://updateinfo.market.xiaomi.com/apm/updateinfo/v2
07-29 21:19:01.775  2463  5535 W ActivityManager: Foreground service started from background can not have location/camera/microphone access: service com.xiaomi.market/.business_core.update.auto.CheckUpdateService
07-29 21:19:01.775  3118 23004 I VA_AliveCore:AliveStatusUploader: queryAliveItem start ,debug false
07-29 21:19:01.775  2463  5535 I ActivityManager: Background started FGS: Allowed [callingPackage: com.xiaomi.market; callingUid: 10167; uidState: SVC ; uidBFSL: n/a; intent: Intent { cmp=com.xiaomi.market/.business_core.update.auto.CheckUpdateService (has extras) }; code:SYSTEM_ALERT_WINDOW_PERMISSION; tempAllowListReason:<,reasonCode:SYSTEM_ALLOW_LISTED,duration:9223372036854775807,callingUid:-1>; targetSdkVersion:33; callerTargetSdkVersion:33; startForegroundCount:0; bindFromPackage:null: isBindService:false]
07-29 21:19:01.775  3118 23004 I VA_AliveCore:AliveStatusUploader: queryAliveItem end ,too often 
07-29 21:19:01.775  2463  5535 W ForegroundServiceTypeLoggerModule: Foreground service start for UID: 10167 does not have any types
07-29 21:19:01.775  1844  1844 I vendor.qti.hardware.servicetrackeraidl-service: bindService is called for service : com.miui.cleanmaster/androidx.work.impl.background.systemjob.SystemJobService and for client system
07-29 21:19:01.775  1844  1844 I vendor.qti.hardware.servicetrackeraidl-service: total connections for service : com.miui.cleanmaster/androidx.work.impl.background.systemjob.SystemJobServiceare :1
07-29 21:19:01.775  1844  1844 I vendor.qti.hardware.servicetrackeraidl-service: total connections for client : systemare :32
07-29 21:19:01.777  1827  2108 I SDM     : DisplayBase::CommitThread: Received idle timeout, panel: cmd, timeout: 70000 us
07-29 21:19:01.779 22572 22572 I Finsky  : [2] akwu.c(44): Do not start WearSupportService due to Wear service optimization
07-29 21:19:01.779 22572 22572 I Finsky  : [2] adpc.f(9): Clearing split related stale data.
07-29 21:19:01.779  9900 14327 E Market-Client: isSupportChildMode, error: java.lang.NumberFormatException: For input string: ""
07-29 21:19:01.779  9900 14327 E Market-Client: isSupportChildMode, error: java.lang.NumberFormatException: For input string: ""
07-29 21:19:01.779 22572 22572 I Finsky  : [2] kuy.f(9): AIM: AppInfoCacheUpdater -> invalidating apps: [com.microsoft.bing]
07-29 21:19:01.779 22572 22572 I Finsky  : [2] kvn.g(21): AIM: AppInfoManager-Perf > getApps > called for 1 apps
07-29 21:19:01.779 22572 22625 I Finsky  : [2210] kwt.a(55): AIM: AppInfoManager-Perf > OnDeviceAppInfo > cacheHitCount=0, cacheMissCount=1. Missed  in cache (limit 10) : [com.microsoft.bing]
07-29 21:19:01.780 22572 22625 I Finsky  : [2210] kuq.apply(1378): AIM: Got app ownership map. App counts: . Unique apps: 0
07-29 21:19:01.780  9900 23002 I Market-WakeLockManager: acquire wakeLock: CheckUpdateService for 30000
07-29 21:19:01.780 22572 22572 I Finsky  : [2] srb.akj(13): DTU: Received onPackageAdded, replacing: false
07-29 21:19:01.780  2463  4205 I MiuiNetworkPolicy: updateUidState uid = 10261, uidState = 4
07-29 21:19:01.780  2463  4205 I MiuiNetworkPolicyTrafficLimit: updateWhiteListUidForMobileTraffic uid=10261,add=true
07-29 21:19:01.780  2463  4205 I MiuiNetworkPolicy: updateUidState uid = 10203, uidState = 4
07-29 21:19:01.780  2463  4205 I MiuiNetworkPolicy: updateUidState uid = 10167, uidState = 4
07-29 21:19:01.780  2463  4205 I MiuiNetworkPolicyTrafficLimit: updateWhiteListUidForMobileTraffic uid=10167,add=true
07-29 21:19:01.780  2463  4205 I MiuiNetworkPolicy: updateUidState uid = 10158, uidState = 4
07-29 21:19:01.781  9900 14327 I Market-LimitSpeedManager: startLimitSpeedNow() ====== speed = 32768
07-29 21:19:01.781  9900 23002 I Market-CheckUpdateService: force check Update Apps
07-29 21:19:01.781  9900 23002 I Market-LocalAppManager: query update apps from server : begin
07-29 21:19:01.781  9900 23002 I Market-LocalAppManager: checkUpdateFromServer : start
07-29 21:19:01.781  9900 23002 I Market-LocalAppManager: getUpdateInfoFromServer : start,isBackground=true
07-29 21:19:01.782  2463  5533 W ParceledListSlice: Element #362 is 25752 bytes.
07-29 21:19:01.783  7989  8777 I AppWidgetDelegate: removeAllWidgets com.xiaomi.misettings.usagestats.widget.desktop.widget.SimpleUsageStatsWidget
07-29 21:19:01.783  7989  8777 I AppWidgetDelegate: removeAllWidgets com.android.calendar.widget.NearEventAppWidget
07-29 21:19:01.783 22572 22638 I Finsky  : [2221] kwt.a(55): AIM: AppInfoManager-Perf > OnDeviceAppInfo > cacheHitCount=0, cacheMissCount=1. Missed  in cache (limit 10) : [com.microsoft.bing]
07-29 21:19:01.783 22572 22638 I Finsky  : [2221] kuq.apply(1378): AIM: Got app ownership map. App counts: . Unique apps: 0
07-29 21:19:01.785 22572 22764 I Finsky  : [2253] pcp.accept(129): Wrote row to frosting DB: 1481
07-29 21:19:01.785 22572 22572 I Finsky  : [2] yag.g(1): yag - Received: android.intent.action.PACKAGE_CHANGED, [Gpgx93CIIH8nLTYc1ZTb0xAd7BmS0osFxv9wo1FeBco]
07-29 21:19:01.785 22572 22745 I Finsky  : [2250] mjw.ajf(151): [ContentSync] finished, scheduled=false
07-29 21:19:01.785 31105 23284 I Icing   : Indexing com.google.android.gms-apps from com.google.android.gms
07-29 21:19:01.787 31076 23287 I Fitness : (REDACTED) OnPackageChangedOperation got intent: %s
07-29 21:19:01.788 22572 22764 I Finsky  : [2253] pcp.accept(129): Wrote row to frosting DB: 1482
07-29 21:19:01.789  9900 14327 I Market-DownloadLimitSpeedManager: startLimitSpeed success. Total count 1
07-29 21:19:01.789  9900 14327 I Market-RetrofitRequest: HeaderInterceptor : https://updateinfo.market.xiaomi.com/apm/updateinfo/v2
07-29 21:19:01.789 31105 23284 I Icing   : Indexing done com.google.android.gms-apps
07-29 21:19:01.792 31105 23273 I Auth    : (REDACTED) [SupervisedAccountIntentOperationV2] onHandleIntent: %s
07-29 21:19:01.793  2463  4205 I MiuiNetworkPolicyTrafficLimit: updateWhiteListUidForMobileTraffic uid=10158,add=true
07-29 21:19:01.793 31105 23275 I Dck     : (REDACTED) disableDckSupport: %s
07-29 21:19:01.793 31105 23275 I Dck     : [WirelessCapabilitiesFeatures] wccSysProp: 1 [CONTEXT service_id=289 ]
07-29 21:19:01.793 31105 23275 I Dck     : [WirelessCapabilitiesFeatures] wccMendel: 3 [CONTEXT service_id=289 ]
07-29 21:19:01.793 31105 23275 I Dck     : [WirelessCapabilitiesFeatures] deviceWccOverride: false [CONTEXT service_id=289 ]
07-29 21:19:01.793 31105 23275 I Dck     : [WirelessCapabilitiesFeatures] replaceSupportedWccWithWccOverride: true [CONTEXT service_id=289 ]
07-29 21:19:01.793 31105 23275 I Dck     : [WirelessCapabilitiesFeatures] wccOverride: not set [CONTEXT service_id=289 ]
07-29 21:19:01.793 31105 23275 I Dck     : (REDACTED) [WirelessCapabilitiesFeatures] wcc: %s
07-29 21:19:01.793 31105 23275 I Dck     : Dck module condition - downloadAllowed: false [CONTEXT service_id=289 ]
07-29 21:19:01.793 31105 23275 W Dck     : Dck module not eligible for asynchronous downloading [CONTEXT service_id=289 ]
07-29 21:19:01.795  2463  4404 I whetstone.activity: processNotifyEvent1 resId = 256, bundle = Bundle[{startTime=20980114, sourcePkg=com.miui.cleanmaster, sourceUid=10266, status=1, jobId=370, batteryName=com.miui.cleanmaster/androidx.work.impl.background.systemjob.SystemJobService, elapsedRealtime=20980114}]
07-29 21:19:01.795  9339 32567 I EventMonitor: notifyEvent resId=256
07-29 21:19:01.795 22572 22572 I Finsky  : [2] kuy.f(9): AIM: AppInfoCacheUpdater -> invalidating apps: [com.microsoft.bing]
07-29 21:19:01.796 22572 22572 I Finsky  : [2] kvn.g(21): AIM: AppInfoManager-Perf > getApps > called for 1 apps
07-29 21:19:01.796 22572 22625 I Finsky  : [2210] kwt.a(55): AIM: AppInfoManager-Perf > OnDeviceAppInfo > cacheHitCount=0, cacheMissCount=1. Missed  in cache (limit 10) : [com.microsoft.bing]
07-29 21:19:01.797  1844  1844 I vendor.qti.hardware.servicetrackeraidl-service: destroyService is called for service : com.google.android.gms/.icing.service.IndexWorkerService
07-29 21:19:01.798 22572 22635 I Finsky  : [2217] kwt.a(55): AIM: AppInfoManager-Perf > OnDeviceAppInfo > cacheHitCount=1, cacheMissCount=0. Missed  in cache (limit 10) : []
07-29 21:19:01.798 22572 22635 I Finsky  : [2217] kuq.apply(1378): AIM: Got app ownership map. App counts: . Unique apps: 0
07-29 21:19:01.799 22572 22764 I Finsky  : [2253] pcp.accept(129): Wrote row to frosting DB: 1483
07-29 21:19:01.800 18794 18800 I artd    : Dex parent of /data/app/~~fKWrThrwLCNwt7_J7tzhdQ==/com.microsoft.bing-g-ZrnMfPL-yl0TtgplMPUw==/base.apk is not writable: Permission denied
07-29 21:19:01.800 18794 18800 I artd    : GetBestInfo checking odex in dalvik-cache (/data/dalvik-cache/arm64/data@app@~~fKWrThrwLCNwt7_J7tzhdQ==@com.microsoft.bing-g-ZrnMfPL-yl0TtgplMPUw==@base.apk@classes.dex)
07-29 21:19:01.800 18794 18800 I artd    : Loading /data/dalvik-cache/arm64/data@app@~~fKWrThrwLCNwt7_J7tzhdQ==@com.microsoft.bing-g-ZrnMfPL-yl0TtgplMPUw==@base.apk@classes.dex with executable: 0
07-29 21:19:01.800 18794 18800 I artd    : OatFileAssistant test for existing oat file /data/dalvik-cache/arm64/data@app@~~fKWrThrwLCNwt7_J7tzhdQ==@com.microsoft.bing-g-ZrnMfPL-yl0TtgplMPUw==@base.apk@classes.dex: File /data/dalvik-cache/arm64/data@app@~~fKWrThrwLCNwt7_J7tzhdQ==@com.microsoft.bing-g-ZrnMfPL-yl0TtgplMPUw==@base.apk@classes.vdex does not exist.
07-29 21:19:01.800 18794 18800 I artd    : GetBestInfo checking odex next to the dex file (/data/app/~~fKWrThrwLCNwt7_J7tzhdQ==/com.microsoft.bing-g-ZrnMfPL-yl0TtgplMPUw==/oat/arm64/base.odex)
07-29 21:19:01.800 18794 18800 I artd    : Loading /data/app/~~fKWrThrwLCNwt7_J7tzhdQ==/com.microsoft.bing-g-ZrnMfPL-yl0TtgplMPUw==/oat/arm64/base.odex with executable: 0
07-29 21:19:01.800 18794 18800 I artd    : Successfully loaded /data/app/~~fKWrThrwLCNwt7_J7tzhdQ==/com.microsoft.bing-g-ZrnMfPL-yl0TtgplMPUw==/oat/arm64/base.odex with executable: 0
07-29 21:19:01.801 18794 18800 I artd    : /data/app/~~fKWrThrwLCNwt7_J7tzhdQ==/com.microsoft.bing-g-ZrnMfPL-yl0TtgplMPUw==/oat/arm64/base.odex is kOatUpToDate with filter verify
07-29 21:19:01.802 31076 23287 I Fitness : (REDACTED) FitCleanupIntentOperation received Intent %s
07-29 21:19:01.804  1844  1844 I vendor.qti.hardware.servicetrackeraidl-service: destroyService is called for service : com.google.android.gms/.fitness.service.recording.FitRecordingBroker
07-29 21:19:01.807 22572 22619 I IconCustomizer: load icon config path M100 63.2218C100 73.8128 100 79.1083 98.1974 84.809C95.9321 91.0327 91.0295 95.9353 84.8058 98.2006C79.7827 99.7891 75.0686 99.9776 66.7731 100H50H33.2269C24.9314 99.9776 20.2173 99.7891 15.1942 98.2006C8.97051 95.9353 4.06795 91.0327 1.80256 84.809C0 79.1083 0 73.8128 0 63.2218V50V36.7782C0 26.1872 0 20.8917 1.80256 15.191C4.06795 8.96731 8.97051 4.06474 15.1942 1.79936C20.2173 0.210897 24.9314 0.0224359 33.2269 0H50H66.7731C75.0686 0.0224359 79.7827 0.210897 84.8058 1.79936C91.0295 4.06474 95.9321 8.96731 98.1974 15.191C100 20.8917 100 26.1872 100 36.7782V50V63.2218Z, valid rect RectF(0.0, 0.0, 100.0, 100.0), isFullMask true
07-29 21:19:01.807 22572 22619 W IconCustomizer: getCustomizedIconW 201
07-29 21:19:01.811 22572 22638 I Finsky  : [2221] kuq.apply(1378): AIM: Got app ownership map. App counts: . Unique apps: 0
07-29 21:19:01.812 31076 23287 I ProximityAuth: [RecentAppsMediator] Package added: (user=UserHandle{0}) com.microsoft.bing
07-29 21:19:01.813 22572 22619 I Finsky  : [2207] kwp.a(206): AIM: AppInfoManager-Perf > ItemModel > CacheSize=34, cacheHitCount=0, cacheMissCount=0, total appsWithNoServerDataCount=4. Missed  in cache (limit 10) : []
07-29 21:19:01.813 22572 22635 I Finsky  : [2217] kwp.a(206): AIM: AppInfoManager-Perf > ItemModel > CacheSize=34, cacheHitCount=0, cacheMissCount=0, total appsWithNoServerDataCount=4. Missed  in cache (limit 10) : []
07-29 21:19:01.813 31076 23283 W GCM     : Unexpected forwarded intent: Intent { act=android.intent.action.PACKAGE_ADDED dat=package: flg=0x4000010 pkg=com.google.android.gms cmp=com.google.android.gms/.chimera.PersistentIntentOperationService (has extras) }
07-29 21:19:01.814 21077 20660 I WM-WorkerWrapper: Worker result SUCCESS for Work [ id=aee00d92-257d-4ba1-9c39-30dcb7c95040, tags={ com.miui.optimizecenter.common.appcache.AppCacheManager$Companion$AppChangedReceiverWork } ]
07-29 21:19:01.814 31105 23284 I Icing   : Indexing com.google.android.gms-apps from com.google.android.gms
07-29 21:19:01.816 31076 23281 W NetworkScheduler: Unexpected forwarded intent: Intent { act=android.intent.action.PACKAGE_ADDED dat=package: flg=0x4000010 pkg=com.google.android.gms cmp=com.google.android.gms/.chimera.PersistentIntentOperationService (has extras) }
07-29 21:19:01.817 31076 23281 I Fitness : (REDACTED) OnPackageChangedOperation got intent: %s
07-29 21:19:01.817  2463  4205 I MiuiNetworkPolicy: updateUidState uid = 10124, uidState = 19
07-29 21:19:01.826  2463  4404 I whetstone.activity: processNotifyEvent1 resId = 256, bundle = Bundle[{startTime=20980146, sourcePkg=com.miui.cleanmaster, sourceUid=10266, status=0, jobId=370, batteryName=com.miui.cleanmaster/androidx.work.impl.background.systemjob.SystemJobService, elapsedRealtime=20980146}]
07-29 21:19:01.827  1844  1844 I vendor.qti.hardware.servicetrackeraidl-service: unbindService is called for service : com.miui.cleanmaster/androidx.work.impl.background.systemjob.SystemJobService and for client system
07-29 21:19:01.827  1844  1844 I vendor.qti.hardware.servicetrackeraidl-service: size of service connections for service: com.miui.cleanmaster/androidx.work.impl.background.systemjob.SystemJobServiceafter removal is 0
07-29 21:19:01.827  1844  1844 I vendor.qti.hardware.servicetrackeraidl-service: size of client connections for client: systemafter removal is 31
07-29 21:19:01.827  1844  1844 I vendor.qti.hardware.servicetrackeraidl-service: destroyService is called for service : com.miui.cleanmaster/androidx.work.impl.background.systemjob.SystemJobService
07-29 21:19:01.829  2463  4205 I MiuiNetworkPolicy: updateUidState uid = 10266, uidState = 10
07-29 21:19:01.830  9339 32567 I EventMonitor: notifyEvent resId=256
07-29 21:19:01.830  1839  7237 E ANDR-PERF-LM: MetaMeter: handleAsync() 166: AdaptLaunch Invalid Async
07-29 21:19:01.831  1844  1844 I vendor.qti.hardware.servicetrackeraidl-service: destroyService is called for service : com.google.android.gms/.fitness.service.recording.FitRecordingBroker
07-29 21:19:01.831 31076 23283 I Fitness : (REDACTED) FitCleanupIntentOperation received Intent %s
07-29 21:19:01.832  2463  4205 I MiuiNetworkPolicy: updateUidState uid = 10266, uidState = 19
07-29 21:19:01.834 22572 22635 I Finsky  : [2217] jyg.accept(156): AIM: AppInfoManager-Perf > getApps > data collection finished
07-29 21:19:01.834 22572 22635 I Finsky  : [2217] kvo.run(976): AIM: AppInfoManager-Perf > maybeDestroyAppInfoManager is called. actives = 1
07-29 21:19:01.835 22572 22638 I Finsky  : [2221] kwp.a(206): AIM: AppInfoManager-Perf > ItemModel > CacheSize=34, cacheHitCount=0, cacheMissCount=0, total appsWithNoServerDataCount=4. Missed  in cache (limit 10) : []
07-29 21:19:01.835 22572 22635 I Finsky  : [2217] kwp.a(206): AIM: AppInfoManager-Perf > ItemModel > CacheSize=34, cacheHitCount=0, cacheMissCount=0, total appsWithNoServerDataCount=4. Missed  in cache (limit 10) : []
07-29 21:19:01.835  7910 11395 W SQLiteLog: (28) double-quoted string literal: "com.microsoft.bing"
07-29 21:19:01.836 18794 18800 I artd    : Dex parent of /data/app/~~fKWrThrwLCNwt7_J7tzhdQ==/com.microsoft.bing-g-ZrnMfPL-yl0TtgplMPUw==/base.apk is not writable: Permission denied
07-29 21:19:01.836 18794 18800 I artd    : GetBestInfo checking odex in dalvik-cache (/data/dalvik-cache/arm64/data@app@~~fKWrThrwLCNwt7_J7tzhdQ==@com.microsoft.bing-g-ZrnMfPL-yl0TtgplMPUw==@base.apk@classes.dex)
07-29 21:19:01.836 18794 18800 I artd    : Loading /data/dalvik-cache/arm64/data@app@~~fKWrThrwLCNwt7_J7tzhdQ==@com.microsoft.bing-g-ZrnMfPL-yl0TtgplMPUw==@base.apk@classes.dex with executable: 0
07-29 21:19:01.836 18794 18800 I artd    : OatFileAssistant test for existing oat file /data/dalvik-cache/arm64/data@app@~~fKWrThrwLCNwt7_J7tzhdQ==@com.microsoft.bing-g-ZrnMfPL-yl0TtgplMPUw==@base.apk@classes.dex: File /data/dalvik-cache/arm64/data@app@~~fKWrThrwLCNwt7_J7tzhdQ==@com.microsoft.bing-g-ZrnMfPL-yl0TtgplMPUw==@base.apk@classes.vdex does not exist.
07-29 21:19:01.836 18794 18800 I artd    : GetBestInfo checking odex next to the dex file (/data/app/~~fKWrThrwLCNwt7_J7tzhdQ==/com.microsoft.bing-g-ZrnMfPL-yl0TtgplMPUw==/oat/arm64/base.odex)
07-29 21:19:01.836 18794 18800 I artd    : Loading /data/app/~~fKWrThrwLCNwt7_J7tzhdQ==/com.microsoft.bing-g-ZrnMfPL-yl0TtgplMPUw==/oat/arm64/base.odex with executable: 0
07-29 21:19:01.836 18794 18800 I artd    : Successfully loaded /data/app/~~fKWrThrwLCNwt7_J7tzhdQ==/com.microsoft.bing-g-ZrnMfPL-yl0TtgplMPUw==/oat/arm64/base.odex with executable: 0
07-29 21:19:01.837 18794 18800 I artd    : /data/app/~~fKWrThrwLCNwt7_J7tzhdQ==/com.microsoft.bing-g-ZrnMfPL-yl0TtgplMPUw==/oat/arm64/base.odex is kOatUpToDate with filter verify
07-29 21:19:01.837 18794 18800 I artd    : Dex parent of /data/app/~~fKWrThrwLCNwt7_J7tzhdQ==/com.microsoft.bing-g-ZrnMfPL-yl0TtgplMPUw==/base.apk is not writable: Permission denied
07-29 21:19:01.837 18794 18800 I artd    : GetBestInfo checking odex in dalvik-cache (/data/dalvik-cache/arm64/data@app@~~fKWrThrwLCNwt7_J7tzhdQ==@com.microsoft.bing-g-ZrnMfPL-yl0TtgplMPUw==@base.apk@classes.dex)
07-29 21:19:01.837 18794 18800 I artd    : Loading /data/dalvik-cache/arm64/data@app@~~fKWrThrwLCNwt7_J7tzhdQ==@com.microsoft.bing-g-ZrnMfPL-yl0TtgplMPUw==@base.apk@classes.dex with executable: 0
07-29 21:19:01.837 18794 18800 I artd    : OatFileAssistant test for existing oat file /data/dalvik-cache/arm64/data@app@~~fKWrThrwLCNwt7_J7tzhdQ==@com.microsoft.bing-g-ZrnMfPL-yl0TtgplMPUw==@base.apk@classes.dex: File /data/dalvik-cache/arm64/data@app@~~fKWrThrwLCNwt7_J7tzhdQ==@com.microsoft.bing-g-ZrnMfPL-yl0TtgplMPUw==@base.apk@classes.vdex does not exist.
07-29 21:19:01.837 18794 18800 I artd    : GetBestInfo checking odex next to the dex file (/data/app/~~fKWrThrwLCNwt7_J7tzhdQ==/com.microsoft.bing-g-ZrnMfPL-yl0TtgplMPUw==/oat/arm64/base.odex)
07-29 21:19:01.837 18794 18800 I artd    : Loading /data/app/~~fKWrThrwLCNwt7_J7tzhdQ==/com.microsoft.bing-g-ZrnMfPL-yl0TtgplMPUw==/oat/arm64/base.odex with executable: 0
07-29 21:19:01.837 18794 18800 I artd    : Successfully loaded /data/app/~~fKWrThrwLCNwt7_J7tzhdQ==/com.microsoft.bing-g-ZrnMfPL-yl0TtgplMPUw==/oat/arm64/base.odex with executable: 0
07-29 21:19:01.838 18794 18800 I artd    : /data/app/~~fKWrThrwLCNwt7_J7tzhdQ==/com.microsoft.bing-g-ZrnMfPL-yl0TtgplMPUw==/oat/arm64/base.odex is kOatUpToDate with filter verify
07-29 21:19:01.839  1839  7244 E ANDR-PERF-LM: SAGT_ACTION: UpdateFPSData() 138: update /sys/kernel/sched_penalty/parameters/fps to 20, ret is 0
07-29 21:19:01.839 31105 23284 I Icing   : Indexing done com.google.android.gms-apps
07-29 21:19:01.840  1839  7244 E ANDR-PERF-LM: SAGT_ACTION: updateAutoPenatly() 161: recovery auto penatly gamefps 20.000000, measured fps is 21.000000, gap is -1.000000 
07-29 21:19:01.844 22572 22638 I Finsky  : [2221] jyg.accept(156): AIM: AppInfoManager-Perf > getApps > data collection finished
07-29 21:19:01.844 22572 22638 I Finsky  : [2221] kvo.run(976): AIM: AppInfoManager-Perf > maybeDestroyAppInfoManager is called. actives = 0
07-29 21:19:01.846 31105 23284 I Icing   : Indexing com.google.android.gms-apps from com.google.android.gms
07-29 21:19:01.846 31105 23284 I Icing   : Indexing done com.google.android.gms-apps
07-29 21:19:01.848 22572 22586 I android.vending: This is non sticky GC, maxfree is 16777216 minfree is 8388608
07-29 21:19:01.850 22572 22589 W android.vending: ApkAssets: Deleting an ApkAssets object '<empty> and /data/app/~~OqFmvMdfWlcZAXRqcsFsuQ==/io.github.ylimit.droidbotapp-GTVL-IyYkiqg45FuCvj8GQ==/base.apk' with 1 weak references
07-29 21:19:01.850 22572 22589 W android.vending: ApkAssets: Deleting an ApkAssets object '<empty> and /data/app/~~fKWrThrwLCNwt7_J7tzhdQ==/com.microsoft.bing-g-ZrnMfPL-yl0TtgplMPUw==/base.apk' with 1 weak references
07-29 21:19:01.851  1844  1844 I vendor.qti.hardware.servicetrackeraidl-service: destroyService is called for service : com.google.android.gms/.icing.service.IndexWorkerService
07-29 21:19:01.856  1827  2752 I vendor.qti.hardware.display.composer-service: Sensor: notify citsensorservice to trigger cwb, misForced = 1
07-29 21:19:01.856  3002  4297 I libsensor-parseRGB: request dump start for mRequestDisplayId 0
07-29 21:19:01.876  8974  9450 I WakePathUpdatePolicy: doUpdate(user 0):responseCode:200
07-29 21:19:01.876  8974  9450 W WakePathUpdatePolicy: doUpdate(user 0): Response stream size=1376
07-29 21:19:01.879  3002  6353 E libsensor-parseRGB: CWB NotifyCWBBufferDone  error 0
07-29 21:19:01.881  8974  9450 I WakePathUpdatePolicy: pushWakePathData begin
07-29 21:19:01.881  8974  9450 I com.lbe.security.service.provider.WakePathDatabaseUtil: getWakePathWhiteList: whiteList.size=6
07-29 21:19:01.881  2463  5128 I WakePathChecker: MIUILOG-WAKEPATH pushWakePathWhiteList: userId=0 size=6
07-29 21:19:01.881  8974  9450 I com.lbe.security.service.provider.WakePathDatabaseUtil: getWakePathRuleList: wakeType=1 wakePathRules.size=3
07-29 21:19:01.882  2463  5529 I WakePathChecker: MIUILOG-WAKEPATH pushWakePathRuleInfos: wakeType=1 userId=0 size=3
07-29 21:19:01.882  8974  9450 I com.lbe.security.service.provider.WakePathDatabaseUtil: getWakePathRuleList: wakeType=8 wakePathRules.size=8
07-29 21:19:01.882  2463  5529 I WakePathChecker: MIUILOG-WAKEPATH pushWakePathRuleInfos: wakeType=8 userId=0 size=8
07-29 21:19:01.882  8974  9450 I com.lbe.security.service.provider.WakePathDatabaseUtil: getWakePathRuleList: wakeType=4 wakePathRules.size=4
07-29 21:19:01.882  2463  5529 I WakePathChecker: MIUILOG-WAKEPATH pushWakePathRuleInfos: wakeType=4 userId=0 size=4
07-29 21:19:01.882  8974  9450 I com.lbe.security.service.provider.WakePathDatabaseUtil: getWakePathRuleList: wakeType=2 wakePathRules.size=1
07-29 21:19:01.883  2463  5128 I WakePathChecker: MIUILOG-WAKEPATH pushWakePathRuleInfos: wakeType=2 userId=0 size=1
07-29 21:19:01.883  8974  9450 I com.lbe.security.service.provider.WakePathDatabaseUtil: getWakePathRuleList: wakeType=17 wakePathRules.size=0
07-29 21:19:01.883  2463  5529 I WakePathChecker: MIUILOG-WAKEPATH pushWakePathRuleInfos: wakeType=17 userId=0 size=0
07-29 21:19:01.883  8974  9450 I com.lbe.security.service.provider.WakePathDatabaseUtil: getWakePathRuleList: wakeType=32 wakePathRules.size=1
07-29 21:19:01.883  2463  5529 I WakePathChecker: MIUILOG-WAKEPATH pushWakePathRuleInfos: wakeType=32 userId=0 size=1
07-29 21:19:01.883  8974  9450 I com.lbe.security.service.provider.WakePathDatabaseUtil: getWakePathRuleList: wakeType=256 wakePathRules.size=8
07-29 21:19:01.884  2463  5529 I WakePathChecker: MIUILOG-WAKEPATH pushWakePathRuleInfos: wakeType=256 userId=0 size=8
07-29 21:19:01.884  8974  9450 I com.lbe.security.service.provider.WakePathDatabaseUtil: getWakePathRuleList: wakeType=128 wakePathRules.size=4
07-29 21:19:01.884  2463  5529 I WakePathChecker: MIUILOG-WAKEPATH pushWakePathRuleInfos: wakeType=128 userId=0 size=4
07-29 21:19:01.884  8974  9450 I com.lbe.security.service.provider.WakePathDatabaseUtil: getWakePathRuleList: wakeType=64 wakePathRules.size=2
07-29 21:19:01.884  2463  5128 I WakePathChecker: MIUILOG-WAKEPATH pushWakePathRuleInfos: wakeType=64 userId=0 size=2
07-29 21:19:01.885  8974  9450 I com.lbe.security.service.provider.WakePathDatabaseUtil: getWakePathRuleList: wakeType=4096 wakePathRules.size=2
07-29 21:19:01.885  2463  5529 I WakePathChecker: MIUILOG-WAKEPATH pushWakePathRuleInfos: wakeType=4096 userId=0 size=2
07-29 21:19:01.885  8974  9450 I com.lbe.security.service.provider.WakePathDatabaseUtil: getWakePathRuleList: wakeType=32768 wakePathRules.size=1
07-29 21:19:01.885  2463  5529 I WakePathChecker: MIUILOG-WAKEPATH pushWakePathRuleInfos: wakeType=32768 userId=0 size=1
07-29 21:19:01.885  8974  9450 I com.lbe.security.service.provider.WakePathDatabaseUtil: getWakePathRuleList: wakeType=8192 wakePathRules.size=5
07-29 21:19:01.885  2463  5529 I WakePathChecker: MIUILOG-WAKEPATH pushWakePathRuleInfos: wakeType=8192 userId=0 size=5
07-29 21:19:01.886  8974  9450 I com.lbe.security.service.provider.WakePathDatabaseUtil: getWakePathRuleList: wakeType=16384 wakePathRules.size=0
07-29 21:19:01.886  2463  5529 I WakePathChecker: MIUILOG-WAKEPATH pushWakePathRuleInfos: wakeType=16384 userId=0 size=0
07-29 21:19:01.886  8974  9450 I com.lbe.security.service.provider.WakePathDatabaseUtil: getWakePathRuleList: wakeType=22 wakePathRules.size=0
07-29 21:19:01.886  2463  5529 I WakePathChecker: MIUILOG-WAKEPATH pushWakePathRuleInfos: wakeType=22 userId=0 size=0
07-29 21:19:01.886  8974  9450 I WakePathUpdatePolicy: pushWakePathData end
07-29 21:19:01.886  8974  9450 I WakePathUpdatePolicy: doUpdate end
07-29 21:19:01.901 31105 18441 I AppLinksAsyncVerifierV2: (REDACTED) Verification result: checking for a statement with source %s, relation delegate_permission/common.handle_all_urls, and target %s --> %b.
07-29 21:19:01.902 31105 14956 I AppLinksAsyncVerifierV2: (REDACTED) Verification result: checking for a statement with source %s, relation delegate_permission/common.handle_all_urls, and target %s --> %b.
07-29 21:19:01.903 31105 23251 I AppLinksHostsVerifierV2: (REDACTED) Verification %s complete. Successful hosts: %s. Failed hosts: %s. Error hosts: %s.
07-29 21:19:01.905  9900 23002 I Market-LocalAppManager: getUpdateInfoFromServer : middle
07-29 21:19:01.905  9900 23002 E Market-Client: isSupportChildMode, error: java.lang.NumberFormatException: For input string: ""
07-29 21:19:01.907  9900 23002 I Market-RetrofitRequest: callStart : https://updateinfo.market.xiaomi.com/apm/updateinfo/v2
07-29 21:19:01.908  9900 23002 I Market-RetrofitRequest: HeaderInterceptor : https://updateinfo.market.xiaomi.com/apm/updateinfo/v2
07-29 21:19:01.908  9900 23002 E Market-Client: isSupportChildMode, error: java.lang.NumberFormatException: For input string: ""
07-29 21:19:01.909  9900 23002 E Market-Client: isSupportChildMode, error: java.lang.NumberFormatException: For input string: ""
07-29 21:19:01.909 31105 23251 I WebApkHostsVerifierV2: (REDACTED) Processing %d input requests
07-29 21:19:01.909 31105 23251 I AppLinksUtilsV1: Legacy cross-profile verification enabled [CONTEXT service_id=244 ]
07-29 21:19:01.910 31105 23251 I WebApkHostsVerifierV2: (REDACTED) Returning %d non-WebAPK requests
07-29 21:19:01.912  9900 23002 I Market-LimitSpeedManager: startLimitSpeedNow() ====== speed = 32768
07-29 21:19:01.914  9900 23002 I Market-DownloadLimitSpeedManager: startLimitSpeed success. Total count 2
07-29 21:19:01.914  9900 23002 I Market-RetrofitRequest: HeaderInterceptor : https://updateinfo.market.xiaomi.com/apm/updateinfo/v2
07-29 21:19:01.932  9900 14327 I Market-DownloadLimitSpeedManager: tryStopLimitSpeed 1
07-29 21:19:01.932  9900 14327 I Market-RetrofitRequest: callEnd : https://updateinfo.market.xiaomi.com/apm/updateinfo/v2
07-29 21:19:01.932  9900 14327 I Market-LocalAppManager: getUpdateInfoFromServer : end  , responseCode : OK
07-29 21:19:01.932  9900 14327 I Market-LocalAppManager: checkUpdateFromServer : end
07-29 21:19:01.932  9900 14327 I Market-LocalAppManager: checkUpdateFromServer  data parser : end
07-29 21:19:01.932  9900 14327 I Market-HuanjiManager: condition not satisfied, ignore
07-29 21:19:01.932  9900 14327 I Market-DataParser: [InvalidPackageList] JSON : invalidSystemPackageList list is null
07-29 21:19:01.932  9900 14327 I Market-LocalAppManager: checkUpdateFromServer  filter package : end
07-29 21:19:01.932  9900 14327 I Market-LocalAppManager: checkUpdateFromServer  support64BitPackagesJsonArray : end
07-29 21:19:01.935  1827  2108 I SDM     : DisplayBase::CommitThread: Received idle timeout, panel: cmd, timeout: 69999 us
07-29 21:19:01.951  8974  9450 I WakePathUpdatePolicy: doUpdate(user 0):responseCode:200
07-29 21:19:01.951  8974  9450 W WakePathUpdatePolicy: doUpdate(user 0): Response stream size=1376
07-29 21:19:01.953  8974  9450 I WakePathUpdatePolicy: pushWakePathData begin
07-29 21:19:01.953  8974  9450 I com.lbe.security.service.provider.WakePathDatabaseUtil: getWakePathWhiteList: whiteList.size=6
07-29 21:19:01.953  2463  5531 I WakePathChecker: MIUILOG-WAKEPATH pushWakePathWhiteList: userId=0 size=6
07-29 21:19:01.954  8974  9450 I com.lbe.security.service.provider.WakePathDatabaseUtil: getWakePathRuleList: wakeType=1 wakePathRules.size=3
07-29 21:19:01.954  2463  5531 I WakePathChecker: MIUILOG-WAKEPATH pushWakePathRuleInfos: wakeType=1 userId=0 size=3
07-29 21:19:01.954  8974  9450 I com.lbe.security.service.provider.WakePathDatabaseUtil: getWakePathRuleList: wakeType=8 wakePathRules.size=8
07-29 21:19:01.954  2463  5531 I WakePathChecker: MIUILOG-WAKEPATH pushWakePathRuleInfos: wakeType=8 userId=0 size=8
07-29 21:19:01.955  8974  9450 I com.lbe.security.service.provider.WakePathDatabaseUtil: getWakePathRuleList: wakeType=4 wakePathRules.size=4
07-29 21:19:01.955  2463  5531 I WakePathChecker: MIUILOG-WAKEPATH pushWakePathRuleInfos: wakeType=4 userId=0 size=4
07-29 21:19:01.955  8974  9450 I com.lbe.security.service.provider.WakePathDatabaseUtil: getWakePathRuleList: wakeType=2 wakePathRules.size=1
07-29 21:19:01.955  2463  5531 I WakePathChecker: MIUILOG-WAKEPATH pushWakePathRuleInfos: wakeType=2 userId=0 size=1
07-29 21:19:01.955  8974  9450 I com.lbe.security.service.provider.WakePathDatabaseUtil: getWakePathRuleList: wakeType=17 wakePathRules.size=0
07-29 21:19:01.955  2463  5531 I WakePathChecker: MIUILOG-WAKEPATH pushWakePathRuleInfos: wakeType=17 userId=0 size=0
07-29 21:19:01.956  8974  9450 I com.lbe.security.service.provider.WakePathDatabaseUtil: getWakePathRuleList: wakeType=32 wakePathRules.size=1
07-29 21:19:01.956  2463  5531 I WakePathChecker: MIUILOG-WAKEPATH pushWakePathRuleInfos: wakeType=32 userId=0 size=1
07-29 21:19:01.956  8974  9450 I com.lbe.security.service.provider.WakePathDatabaseUtil: getWakePathRuleList: wakeType=256 wakePathRules.size=8
07-29 21:19:01.956  2463  5531 I WakePathChecker: MIUILOG-WAKEPATH pushWakePathRuleInfos: wakeType=256 userId=0 size=8
07-29 21:19:01.956  8974  9450 I com.lbe.security.service.provider.WakePathDatabaseUtil: getWakePathRuleList: wakeType=128 wakePathRules.size=4
07-29 21:19:01.957  2463  5531 I WakePathChecker: MIUILOG-WAKEPATH pushWakePathRuleInfos: wakeType=128 userId=0 size=4
07-29 21:19:01.957  8974  9450 I com.lbe.security.service.provider.WakePathDatabaseUtil: getWakePathRuleList: wakeType=64 wakePathRules.size=2
07-29 21:19:01.957  2463  5531 I WakePathChecker: MIUILOG-WAKEPATH pushWakePathRuleInfos: wakeType=64 userId=0 size=2
07-29 21:19:01.957  8974  9450 I com.lbe.security.service.provider.WakePathDatabaseUtil: getWakePathRuleList: wakeType=4096 wakePathRules.size=2
07-29 21:19:01.957  2463  5531 I WakePathChecker: MIUILOG-WAKEPATH pushWakePathRuleInfos: wakeType=4096 userId=0 size=2
07-29 21:19:01.957  8974  9450 I com.lbe.security.service.provider.WakePathDatabaseUtil: getWakePathRuleList: wakeType=32768 wakePathRules.size=1
07-29 21:19:01.958  2463  5531 I WakePathChecker: MIUILOG-WAKEPATH pushWakePathRuleInfos: wakeType=32768 userId=0 size=1
07-29 21:19:01.958  8974  9450 I com.lbe.security.service.provider.WakePathDatabaseUtil: getWakePathRuleList: wakeType=8192 wakePathRules.size=5
07-29 21:19:01.958  2463  5531 I WakePathChecker: MIUILOG-WAKEPATH pushWakePathRuleInfos: wakeType=8192 userId=0 size=5
07-29 21:19:01.958  8974  9450 I com.lbe.security.service.provider.WakePathDatabaseUtil: getWakePathRuleList: wakeType=16384 wakePathRules.size=0
07-29 21:19:01.958  2463  5531 I WakePathChecker: MIUILOG-WAKEPATH pushWakePathRuleInfos: wakeType=16384 userId=0 size=0
07-29 21:19:01.959  8974  9450 I com.lbe.security.service.provider.WakePathDatabaseUtil: getWakePathRuleList: wakeType=22 wakePathRules.size=0
07-29 21:19:01.959  2463  5531 I WakePathChecker: MIUILOG-WAKEPATH pushWakePathRuleInfos: wakeType=22 userId=0 size=0
07-29 21:19:01.959  8974  9450 I WakePathUpdatePolicy: pushWakePathData end
07-29 21:19:01.959  8974  9450 I WakePathUpdatePolicy: doUpdate end
07-29 21:19:01.979 31105 31673 I cn_CronetUrlRequestContext: destroyNativeStreamLocked org.chromium.net.impl.CronetBidirectionalStream@1661798
07-29 21:19:02.048  9900 23002 I Market-DownloadLimitSpeedManager: stopLimitSpeed
07-29 21:19:02.048  9900 23002 I Market-LimitSpeedManager: stopLimitSpeedNow() =========== 
07-29 21:19:02.063  9900 23002 I Market-RetrofitRequest: callEnd : https://updateinfo.market.xiaomi.com/apm/updateinfo/v2
07-29 21:19:02.067  9900 23002 W Market-Connection: Connection result is cut off as too long
07-29 21:19:02.076  9900 23002 I Market-LocalAppManager: getUpdateInfoFromServer : end  , responseCode : OK
07-29 21:19:02.076  9900 23002 I Market-LocalAppManager: checkUpdateFromServer : end
07-29 21:19:02.077  9900 23002 I Market-LocalAppManager: checkUpdateFromServer  data parser : end
07-29 21:19:02.077  9900 23002 I Market-HuanjiManager: condition not satisfied, ignore
07-29 21:19:02.078  9900 23002 I Market-DataParser: [InvalidPackageList] JSON : invalidSystemPackageList list is null
07-29 21:19:02.078  9900 23002 I Market-LocalAppManager: checkUpdateFromServer  filter package : end
07-29 21:19:02.078  9900 23002 I Market-LocalAppManager: checkUpdateFromServer  support64BitPackagesJsonArray : end
07-29 21:19:02.079  9900 23002 I Market-LocalAppManager: query update apps from server : finish, 64 / 425 to update
07-29 21:19:02.089  9900 23002 I Market-RetrofitRequest: callStart : https://updateinfo.market.xiaomi.com/apm/updateinfo/priority
07-29 21:19:02.090  9900 23002 I Market-RetrofitRequest: HeaderInterceptor : https://updateinfo.market.xiaomi.com/apm/updateinfo/priority
07-29 21:19:02.091  9900 23002 E Market-Client: isSupportChildMode, error: java.lang.NumberFormatException: For input string: ""
07-29 21:19:02.092  9900 23002 E Market-Client: isSupportChildMode, error: java.lang.NumberFormatException: For input string: ""
07-29 21:19:02.094  9900 23002 I Market-LimitSpeedManager: startLimitSpeedNow() ====== speed = 32768
07-29 21:19:02.097  9900 23002 I Market-DownloadLimitSpeedManager: startLimitSpeed success. Total count 1
07-29 21:19:02.097  9900 23002 I Market-RetrofitRequest: HeaderInterceptor : https://updateinfo.market.xiaomi.com/apm/updateinfo/priority
07-29 21:19:02.140  9900 23002 I Market-DownloadLimitSpeedManager: stopLimitSpeed
07-29 21:19:02.141  9900 23002 I Market-LimitSpeedManager: stopLimitSpeedNow() =========== 
07-29 21:19:02.144  9900 23002 I Market-RetrofitRequest: callEnd : https://updateinfo.market.xiaomi.com/apm/updateinfo/priority
