07-29 21:18:53.048  2463  5541 I AppsFilter: interaction: PackageSetting{436eb0e io.github.ylimit.droidbotapp/10377} -> PackageSetting{ebc5d55 com.android.htmlviewer/10092} BLOCKED
07-29 21:18:53.048  2463  5541 I AppsFilter: interaction: PackageSetting{436eb0e io.github.ylimit.droidbotapp/10377} -> PackageSetting{f61d36a com.miui.gallery/10271} BLOCKED
07-29 21:18:53.048  2463  5541 I AppsFilter: interaction: PackageSetting{436eb0e io.github.ylimit.droidbotapp/10377} -> PackageSetting{90d805b com.quicinc.voice.activation/10214} BLOCKED
07-29 21:18:53.048  2463  5541 I AppsFilter: interaction: PackageSetting{436eb0e io.github.ylimit.droidbotapp/10377} -> PackageSetting{93d90f8 com.google.android.configupdater/10122} BLOCKED
07-29 21:18:53.048  2463  5541 I AppsFilter: interaction: PackageSetting{436eb0e io.github.ylimit.droidbotapp/10377} -> PackageSetting{93279d1 com.android.soundrecorder/10276} BLOCKED
07-29 21:18:53.048  2463  5541 I AppsFilter: interaction: PackageSetting{436eb0e io.github.ylimit.droidbotapp/10377} -> PackageSetting{441bc36 com.suxing.sustream/10338} BLOCKED
07-29 21:18:53.048  2463  5541 I AppsFilter: interaction: PackageSetting{436eb0e io.github.ylimit.droidbotapp/10377} -> PackageSetting{f19c737 io.appium.uiautomator2.server/10283} BLOCKED
07-29 21:18:53.048  2463  5541 I AppsFilter: interaction: PackageSetting{436eb0e io.github.ylimit.droidbotapp/10377} -> PackageSetting{436c4a4 com.android.safetycenter.resources/10240} BLOCKED
07-29 21:18:53.048  2463  5541 I AppsFilter: interaction: PackageSetting{436eb0e io.github.ylimit.droidbotapp/10377} -> PackageSetting{613e20d org.secuso.privacyfriendlytodolist/10270} BLOCKED
07-29 21:18:53.048  2463  5541 I AppsFilter: interaction: PackageSetting{436eb0e io.github.ylimit.droidbotapp/10377} -> PackageSetting{86565c2 com.android.providers.downloads.ui/10261} BLOCKED
07-29 21:18:53.048  2463  5541 I AppsFilter: interaction: PackageSetting{436eb0e io.github.ylimit.droidbotapp/10377} -> PackageSetting{e399fd3 com.android.simappdialog/10113} BLOCKED
07-29 21:18:53.048  2463  5541 I AppsFilter: interaction: PackageSetting{436eb0e io.github.ylimit.droidbotapp/10377} -> PackageSetting{d6d8710 com.xingin.xhs/10286} BLOCKED
07-29 21:18:53.048  2463  5541 I AppsFilter: interaction: PackageSetting{436eb0e io.github.ylimit.droidbotapp/10377} -> PackageSetting{d299209 com.android.connectivity.resources/10244} BLOCKED
07-29 21:18:53.048  2463  5541 I AppsFilter: interaction: PackageSetting{436eb0e io.github.ylimit.droidbotapp/10377} -> PackageSetting{1281c0e com.cnn.mobile.android.phone/10316} BLOCKED
07-29 21:18:53.048  2463  5541 I AppsFilter: interaction: PackageSetting{436eb0e io.github.ylimit.droidbotapp/10377} -> PackageSetting{3db11f7 com.android.internal.display.cutout.emulation.hole/10010} BLOCKED
07-29 21:18:53.048  2463  5541 I AppsFilter: interaction: PackageSetting{436eb0e io.github.ylimit.droidbotapp/10377} -> PackageSetting{fca1864 com.android.internal.display.cutout.emulation.tall/10011} BLOCKED
07-29 21:18:53.049  2463  5541 I AppsFilter: interaction: PackageSetting{436eb0e io.github.ylimit.droidbotapp/10377} -> PackageSetting{774662f com.android.modulemetadata/10174} BLOCKED
07-29 21:18:53.049  2463  5541 I AppsFilter: interaction: PackageSetting{436eb0e io.github.ylimit.droidbotapp/10377} -> PackageSetting{7b43f82 com.android.internal.systemui.navbar.threebutton/10051} BLOCKED
07-29 21:18:53.049  2463  5541 I AppsFilter: interaction: PackageSetting{436eb0e io.github.ylimit.droidbotapp/10377} -> PackageSetting{b0c043c com.android.wifi.dialog/10211} BLOCKED
07-29 21:18:53.049  2463  5541 I AppsFilter: interaction: PackageSetting{436eb0e io.github.ylimit.droidbotapp/10377} -> PackageSetting{fd045c5 com.tencent.android.qqdownloader/10324} BLOCKED
07-29 21:18:53.049  2463  5541 I AppsFilter: interaction: PackageSetting{436eb0e io.github.ylimit.droidbotapp/10377} -> PackageSetting{c4deb1a com.android.contacts/10132} BLOCKED
07-29 21:18:53.049  2463  5541 I AppsFilter: interaction: PackageSetting{436eb0e io.github.ylimit.droidbotapp/10377} -> PackageSetting{aeb364b cn.amazon.mShop.android/10301} BLOCKED
07-29 21:18:53.049  2463  5541 I AppsFilter: interaction: PackageSetting{436eb0e io.github.ylimit.droidbotapp/10377} -> PackageSetting{9b32828 com.miui.securitymanager/10272} BLOCKED
07-29 21:18:53.049  2463  5541 I AppsFilter: interaction: PackageSetting{436eb0e io.github.ylimit.droidbotapp/10377} -> PackageSetting{e747941 com.baidu.searchbox/10340} BLOCKED
07-29 21:18:53.049  2463  5541 I AppsFilter: interaction: PackageSetting{436eb0e io.github.ylimit.droidbotapp/10377} -> PackageSetting{dcf9ee6 com.android.mms/10141} BLOCKED
07-29 21:18:53.049  2463  5541 I AppsFilter: interaction: PackageSetting{436eb0e io.github.ylimit.droidbotapp/10377} -> PackageSetting{fb4ec27 com.jijia.bqwnl/10327} BLOCKED
07-29 21:18:53.049  2463  5541 I AppsFilter: interaction: PackageSetting{436eb0e io.github.ylimit.droidbotapp/10377} -> PackageSetting{d269ed4 com.yahoo.mobile.client.android.mail/10341} BLOCKED
07-29 21:18:53.049  2463  5541 I AppsFilter: interaction: PackageSetting{436eb0e io.github.ylimit.droidbotapp/10377} -> PackageSetting{9ce687d com.mfashiongallery.emag/10262} BLOCKED
07-29 21:18:53.049  2463  5541 I AppsFilter: interaction: PackageSetting{436eb0e io.github.ylimit.droidbotapp/10377} -> PackageSetting{e66c372 com.instagram.android/10289} BLOCKED
07-29 21:18:53.049  2463  5541 I AppsFilter: interaction: PackageSetting{436eb0e io.github.ylimit.droidbotapp/10377} -> PackageSetting{d7a23c3 com.google.android.gm/10290} BLOCKED
07-29 21:18:53.049  2463  5541 I AppsFilter: interaction: PackageSetting{436eb0e io.github.ylimit.droidbotapp/10377} -> PackageSetting{fb8d440 com.android.compos.payload/10243} BLOCKED
07-29 21:18:53.049  2463  5541 I AppsFilter: interaction: PackageSetting{436eb0e io.github.ylimit.droidbotapp/10377} -> PackageSetting{bde0f79 com.microsoft.emmx/10311} BLOCKED
07-29 21:18:53.049  2463  5541 I AppsFilter: interaction: PackageSetting{436eb0e io.github.ylimit.droidbotapp/10377} -> PackageSetting{6d9a4be com.android.settings.intelligence/10142} BLOCKED
07-29 21:18:53.049  2463  5541 I AppsFilter: interaction: PackageSetting{436eb0e io.github.ylimit.droidbotapp/10377} -> PackageSetting{3d1391f com.android.calendar/10265} BLOCKED
07-29 21:18:53.049  2463  5541 I AppsFilter: interaction: PackageSetting{436eb0e io.github.ylimit.droidbotapp/10377} -> PackageSetting{c76f46c com.miui.virtualsim/10277} BLOCKED
07-29 21:18:53.049  2463  5541 I AppsFilter: interaction: PackageSetting{436eb0e io.github.ylimit.droidbotapp/10377} -> PackageSetting{4a72a35 com.microsoft.office.outlook/10323} BLOCKED
07-29 21:18:53.049  2463  5541 I AppsFilter: interaction: PackageSetting{436eb0e io.github.ylimit.droidbotapp/10377} -> PackageSetting{4074eca com.miui.compass/10267} BLOCKED
07-29 21:18:53.049  2463  5541 I AppsFilter: interaction: PackageSetting{436eb0e io.github.ylimit.droidbotapp/10377} -> PackageSetting{b5a483b com.android.printspooler/10224} BLOCKED
07-29 21:18:53.049  2463  5541 I AppsFilter: interaction: PackageSetting{436eb0e io.github.ylimit.droidbotapp/10377} -> PackageSetting{14eb58 com.android.dreams.basic/10103} BLOCKED
07-29 21:18:53.049  2463  5541 I AppsFilter: interaction: PackageSetting{436eb0e io.github.ylimit.droidbotapp/10377} -> PackageSetting{6ad34b1 com.android.incallui/10126} BLOCKED
07-29 21:18:53.049  2463  5541 I AppsFilter: interaction: PackageSetting{436eb0e io.github.ylimit.droidbotapp/10377} -> PackageSetting{fb38d96 com.musicworx/10320} BLOCKED
07-29 21:18:53.049  2463  5541 I AppsFilter: interaction: PackageSetting{436eb0e io.github.ylimit.droidbotapp/10377} -> PackageSetting{c9b2d17 com.android.rkpdapp/10254} BLOCKED
07-29 21:18:53.049  2463  5541 I AppsFilter: interaction: PackageSetting{436eb0e io.github.ylimit.droidbotapp/10377} -> PackageSetting{46ec6fb com.newcall.overlay.miui/10041} BLOCKED
07-29 21:18:53.049  2463  5541 I AppsFilter: interaction: PackageSetting{436eb0e io.github.ylimit.droidbotapp/10377} -> PackageSetting{c996504 todolist.scheduleplanner.dailyplanner.todo.reminders/10299} BLOCKED
07-29 21:18:53.049  2463  5541 I AppsFilter: interaction: PackageSetting{436eb0e io.github.ylimit.droidbotapp/10377} -> PackageSetting{9d4b171 android.auto_generated_characteristics_rro/10068} BLOCKED
07-29 21:18:53.049  2463  5541 I AppsFilter: interaction: PackageSetting{436eb0e io.github.ylimit.droidbotapp/10377} -> PackageSetting{f2f6aed com.android.musicfx/10094} BLOCKED
07-29 21:18:53.049  2463  5541 I AppsFilter: interaction: PackageSetting{436eb0e io.github.ylimit.droidbotapp/10377} -> PackageSetting{a12ed22 com.todoist/10298} BLOCKED
07-29 21:18:53.049  2463  5541 I AppsFilter: interaction: PackageSetting{436eb0e io.github.ylimit.droidbotapp/10377} -> PackageSetting{89b83b3 com.google.android.webview/10188} BLOCKED
07-29 21:18:53.049  2463  5541 I AppsFilter: interaction: PackageSetting{436eb0e io.github.ylimit.droidbotapp/10377} -> PackageSetting{bc9cd70 com.zhuantech.sijiweather/10337} BLOCKED
07-29 21:18:53.049  2463  5541 I AppsFilter: interaction: PackageSetting{436eb0e io.github.ylimit.droidbotapp/10377} -> PackageSetting{624c8e9 com.ss.android.article.news/10325} BLOCKED
07-29 21:18:53.049  2463  5541 I AppsFilter: interaction: PackageSetting{436eb0e io.github.ylimit.droidbotapp/10377} -> PackageSetting{a691a73 com.android.phone.auto_generated_characteristics_rro/10060} BLOCKED
07-29 21:18:53.049  2463  5541 I AppsFilter: interaction: PackageSetting{436eb0e io.github.ylimit.droidbotapp/10377} -> PackageSetting{16b96e com.android.chrome/10282} BLOCKED
07-29 21:18:53.049  2463  5541 I AppsFilter: interaction: PackageSetting{436eb0e io.github.ylimit.droidbotapp/10377} -> PackageSetting{f40a80f com.UCMobile/10332} BLOCKED
07-29 21:18:53.049  2463  5541 I AppsFilter: interaction: PackageSetting{436eb0e io.github.ylimit.droidbotapp/10377} -> PackageSetting{c56509c com.ss.android.ugc.aweme/10322} BLOCKED
07-29 21:18:53.049  2463  5541 I AppsFilter: interaction: PackageSetting{436eb0e io.github.ylimit.droidbotapp/10377} -> PackageSetting{1f80aa5 com.android.wifi.resources/10258} BLOCKED
07-29 21:18:53.049  2463  5541 I AppsFilter: interaction: PackageSetting{436eb0e io.github.ylimit.droidbotapp/10377} -> PackageSetting{a78fe7a com.skysoft.kkbox.android/10285} BLOCKED
07-29 21:18:53.049  2463  5541 I AppsFilter: interaction: PackageSetting{436eb0e io.github.ylimit.droidbotapp/10377} -> PackageSetting{f69b62b com.getsurfboard/10279} BLOCKED
07-29 21:18:53.049  2463  5541 I AppsFilter: interaction: PackageSetting{436eb0e io.github.ylimit.droidbotapp/10377} -> PackageSetting{5c5da88 com.netease.newsreader.activity/10313} BLOCKED
07-29 21:18:53.049  2463  5541 I AppsFilter: interaction: PackageSetting{436eb0e io.github.ylimit.droidbotapp/10377} -> PackageSetting{4fb64eb com.android.theme.font.notoserifsource/10017} BLOCKED
07-29 21:18:53.049  2463  5541 I AppsFilter: interaction: PackageSetting{436eb0e io.github.ylimit.droidbotapp/10377} -> PackageSetting{b03ac21 com.kuaishou.nebula/10329} BLOCKED
07-29 21:18:53.049  2463  5541 I AppsFilter: interaction: PackageSetting{436eb0e io.github.ylimit.droidbotapp/10377} -> PackageSetting{c63d8e1 com.android.internal.display.cutout.emulation.waterfall/10012} BLOCKED
07-29 21:18:53.049  2463  5541 I AppsFilter: interaction: PackageSetting{436eb0e io.github.ylimit.droidbotapp/10377} -> PackageSetting{19e1606 com.android.internal.systemui.navbar.transparent/10063} BLOCKED
07-29 21:18:53.049  2463  5541 I AppsFilter: interaction: PackageSetting{436eb0e io.github.ylimit.droidbotapp/10377} -> PackageSetting{1888846 com.miui.newhome/10296} BLOCKED
07-29 21:18:53.049  2463  5541 I AppsFilter: interaction: PackageSetting{436eb0e io.github.ylimit.droidbotapp/10377} -> PackageSetting{ccb8a07 com.miui.video/10294} BLOCKED
07-29 21:18:53.049  2463  5541 I AppsFilter: interaction: PackageSetting{436eb0e io.github.ylimit.droidbotapp/10377} -> PackageSetting{f221734 com.google.android.printservice.recommendation/10153} BLOCKED
07-29 21:18:53.049  2463  5541 I AppsFilter: interaction: PackageSetting{436eb0e io.github.ylimit.droidbotapp/10377} -> PackageSetting{acde95d com.baidu.searchbox.lite/10334} BLOCKED
07-29 21:18:53.049  2463  5541 I AppsFilter: interaction: PackageSetting{436eb0e io.github.ylimit.droidbotapp/10377} -> PackageSetting{1b4e2d2 com.spotify.music/10317} BLOCKED
07-29 21:18:53.049  2463  5541 I AppsFilter: interaction: PackageSetting{436eb0e io.github.ylimit.droidbotapp/10377} -> PackageSetting{78cbfa3 com.google.android.documentsui/10100} BLOCKED
07-29 21:18:53.049  2463  5541 I AppsFilter: interaction: PackageSetting{436eb0e io.github.ylimit.droidbotapp/10377} -> PackageSetting{46372a0 com.google.android.accessibility.switchaccess/10184} BLOCKED
07-29 21:18:53.049  2463  5541 I AppsFilter: interaction: PackageSetting{436eb0e io.github.ylimit.droidbotapp/10377} -> PackageSetting{304be59 com.sohu.inputmethod.sogou.xiaomi/10183} BLOCKED
07-29 21:18:53.049  2463  5541 I AppsFilter: interaction: PackageSetting{436eb0e io.github.ylimit.droidbotapp/10377} -> PackageSetting{cda5a1e cn.ninegame.gamemanager/10330} BLOCKED
07-29 21:18:53.049  2463  5541 I AppsFilter: interaction: PackageSetting{436eb0e io.github.ylimit.droidbotapp/10377} -> PackageSetting{8d8a93f io.appium.uiautomator2.server.test/10280} BLOCKED
07-29 21:18:53.049  2463  5541 I AppsFilter: interaction: PackageSetting{436eb0e io.github.ylimit.droidbotapp/10377} -> PackageSetting{1a1b2ff com.baidu.BaiduMap/10331} BLOCKED
07-29 21:18:53.049  2463  5541 I AppsFilter: interaction: PackageSetting{436eb0e io.github.ylimit.droidbotapp/10377} -> PackageSetting{69d18cc com.android.providers.partnerbookmarks/10109} BLOCKED
07-29 21:18:53.049  2463  5541 I AppsFilter: interaction: PackageSetting{436eb0e io.github.ylimit.droidbotapp/10377} -> PackageSetting{839e715 com.android.smspush/10230} BLOCKED
07-29 21:18:53.049  2463  5541 I AppsFilter: interaction: PackageSetting{436eb0e io.github.ylimit.droidbotapp/10377} -> PackageSetting{44dfa2a com.miui.calculator/10263} BLOCKED
07-29 21:18:53.049  2463  5541 I AppsFilter: interaction: PackageSetting{436eb0e io.github.ylimit.droidbotapp/10377} -> PackageSetting{de8801b de.baumann.browser/10308} BLOCKED
07-29 21:18:53.049  2463  5541 I AppsFilter: interaction: PackageSetting{436eb0e io.github.ylimit.droidbotapp/10377} -> PackageSetting{2e8f5b8 com.android.wallpaper.livepicker/10091} BLOCKED
07-29 21:18:53.049  2463  5541 I AppsFilter: interaction: PackageSetting{436eb0e io.github.ylimit.droidbotapp/10377} -> PackageSetting{c5edf91 com.android.cellbroadcastreceiver.module/10255} BLOCKED
07-29 21:18:53.049  2463  5541 I AppsFilter: interaction: PackageSetting{436eb0e io.github.ylimit.droidbotapp/10377} -> PackageSetting{7a98ef6 com.android.apps.tag/10098} BLOCKED
07-29 21:18:53.049  2463  5541 I AppsFilter: interaction: PackageSetting{436eb0e io.github.ylimit.droidbotapp/10377} -> PackageSetting{50502f7 com.android.imsserviceentitlement/10125} BLOCKED
07-29 21:18:53.049  2463  5541 I AppsFilter: interaction: PackageSetting{436eb0e io.github.ylimit.droidbotapp/10377} -> PackageSetting{c13b564 com.xiaomi.gamecenter/10288} BLOCKED
07-29 21:18:53.049  2463  5541 I AppsFilter: interaction: PackageSetting{436eb0e io.github.ylimit.droidbotapp/10377} -> PackageSetting{500e3cd com.android.appsearch.apk/10257} BLOCKED
07-29 21:18:53.049  2463  5541 I AppsFilter: interaction: PackageSetting{436eb0e io.github.ylimit.droidbotapp/10377} -> PackageSetting{457a482 com.dragon.read/10335} BLOCKED
07-29 21:18:53.049  2463  5541 I AppsFilter: interaction: PackageSetting{436eb0e io.github.ylimit.droidbotapp/10377} -> PackageSetting{1f749b7 com.anydo/10292} BLOCKED
07-29 21:18:53.049  2463  5541 I AppsFilter: interaction: PackageSetting{436eb0e io.github.ylimit.droidbotapp/10377} -> PackageSetting{bfcd793 com.miui.cleanmaster/10266} BLOCKED
07-29 21:18:53.049  2463  5541 I AppsFilter: interaction: PackageSetting{436eb0e io.github.ylimit.droidbotapp/10377} -> PackageSetting{308c3d0 com.miui.weather2/10278} BLOCKED
07-29 21:18:53.049  2463  5541 I AppsFilter: interaction: PackageSetting{436eb0e io.github.ylimit.droidbotapp/10377} -> PackageSetting{944efc9 com.autonavi.minimap/10333} BLOCKED
07-29 21:18:53.049  2463  5541 I AppsFilter: interaction: PackageSetting{436eb0e io.github.ylimit.droidbotapp/10377} -> PackageSetting{1df86ce com.xiaomi.scanner/10281} BLOCKED
07-29 21:18:53.049  2463  5541 I AppsFilter: interaction: PackageSetting{436eb0e io.github.ylimit.droidbotapp/10377} -> PackageSetting{89359ef com.google.android.apps.tasks/10300} BLOCKED
07-29 21:18:53.049  2463  5541 I AppsFilter: interaction: PackageSetting{436eb0e io.github.ylimit.droidbotapp/10377} -> PackageSetting{9fe4cfc com.duokan.reader/10287} BLOCKED
07-29 21:18:53.049  2463  5541 I AppsFilter: interaction: PackageSetting{436eb0e io.github.ylimit.droidbotapp/10377} -> PackageSetting{4d39062 com.android.cts.ctsshim/10253} BLOCKED
07-29 21:18:53.049  2463  5541 I AppsFilter: interaction: PackageSetting{436eb0e io.github.ylimit.droidbotapp/10377} -> PackageSetting{3a3bf85 douzifly.list/10182} BLOCKED
07-29 21:18:53.049  2463  5541 I AppsFilter: interaction: PackageSetting{436eb0e io.github.ylimit.droidbotapp/10377} -> PackageSetting{6f141da com.miui.yellowpage/10137} BLOCKED
07-29 21:18:53.049  2463  5541 I AppsFilter: interaction: PackageSetting{436eb0e io.github.ylimit.droidbotapp/10377} -> PackageSetting{f65a60b com.einnovation.temu/10304} BLOCKED
07-29 21:18:53.049  2463  5541 I AppsFilter: interaction: PackageSetting{436eb0e io.github.ylimit.droidbotapp/10377} -> PackageSetting{eeba99 com.android.microdroid.empty_payload/10236} BLOCKED
07-29 21:18:53.049  2463  5541 I AppsFilter: interaction: PackageSetting{436eb0e io.github.ylimit.droidbotapp/10377} -> PackageSetting{e613ce8 com.android.email/10268} BLOCKED
07-29 21:18:53.049  2463  5541 I AppsFilter: interaction: PackageSetting{436eb0e io.github.ylimit.droidbotapp/10377} -> PackageSetting{331a1a6 com.android.music/10175} BLOCKED
07-29 21:18:53.049  2463  5541 I AppsFilter: interaction: PackageSetting{436eb0e io.github.ylimit.droidbotapp/10377} -> PackageSetting{7c697e7 com.android.hotspot2.osulogin/10259} BLOCKED
07-29 21:18:53.049  2463  5541 I AppsFilter: interaction: PackageSetting{436eb0e io.github.ylimit.droidbotapp/10377} -> PackageSetting{728d2a7 com.android.companiondevicemanager.auto_generated_characteristics_rro/10006} BLOCKED
07-29 21:18:53.049  2463  5541 I AppsFilter: interaction: PackageSetting{436eb0e io.github.ylimit.droidbotapp/10377} -> PackageSetting{5813f94 com.google.android.gms.location.history/10152} BLOCKED
07-29 21:18:53.049  2463  5541 I AppsFilter: interaction: PackageSetting{436eb0e io.github.ylimit.droidbotapp/10377} -> PackageSetting{9df5a3d com.smile.gifmaker/10339} BLOCKED
07-29 21:18:53.049  2463  5541 I AppsFilter: interaction: PackageSetting{436eb0e io.github.ylimit.droidbotapp/10377} -> PackageSetting{d1ebbf2 com.android.internal.systemui.navbar.gestural/10052} BLOCKED
07-29 21:18:53.049  2463  5541 I AppsFilter: interaction: PackageSetting{436eb0e io.github.ylimit.droidbotapp/10377} -> PackageSetting{9c63232 ru.mail.mailapp/10321} BLOCKED
07-29 21:18:53.049  2463  5541 I AppsFilter: interaction: PackageSetting{436eb0e io.github.ylimit.droidbotapp/10377} -> PackageSetting{15acb83 com.google.android.apps.youtube.music/10318} BLOCKED
07-29 21:18:53.049  2463  5541 I AppsFilter: interaction: PackageSetting{436eb0e io.github.ylimit.droidbotapp/10377} -> PackageSetting{7fcc100 com.android.bluetoothmidiservice/10104} BLOCKED
07-29 21:18:53.049  2463  5541 I AppsFilter: interaction: PackageSetting{436eb0e io.github.ylimit.droidbotapp/10377} -> PackageSetting{f6c5d39 com.jijia.jjweather/10336} BLOCKED
07-29 21:18:53.049  2463  5541 I AppsFilter: interaction: PackageSetting{436eb0e io.github.ylimit.droidbotapp/10377} -> PackageSetting{8a13f7e com.ebay.mobile/10291} BLOCKED
07-29 21:18:53.049  2463  5541 I AppsFilter: interaction: PackageSetting{436eb0e io.github.ylimit.droidbotapp/10377} -> PackageSetting{7749cdf com.google.android.apps.magazines/10315} BLOCKED
07-29 21:18:53.049  2463  5541 I AppsFilter: interaction: PackageSetting{436eb0e io.github.ylimit.droidbotapp/10377} -> PackageSetting{65084b5 com.qualcomm.qti.server.wigig.tethering.rro/10229} BLOCKED
07-29 21:18:53.049  2463  5541 I AppsFilter: interaction: PackageSetting{436eb0e io.github.ylimit.droidbotapp/10377} -> PackageSetting{7eced2c com.sina.news/10314} BLOCKED
07-29 21:18:53.049  2463  5541 I AppsFilter: interaction: PackageSetting{436eb0e io.github.ylimit.droidbotapp/10377} -> PackageSetting{c2c93f5 tv.danmaku.bili/10326} BLOCKED
07-29 21:18:53.049  2463  5541 I AppsFilter: interaction: PackageSetting{436eb0e io.github.ylimit.droidbotapp/10377} -> PackageSetting{88dd58a com.android.captiveportallogin/10106} BLOCKED
07-29 21:18:53.049  2463  5541 I AppsFilter: interaction: PackageSetting{436eb0e io.github.ylimit.droidbotapp/10377} -> PackageSetting{e3027fb com.microsoft.todos/10293} BLOCKED
07-29 21:18:53.049  2463  5541 I AppsFilter: interaction: PackageSetting{436eb0e io.github.ylimit.droidbotapp/10377} -> PackageSetting{dd1b018 com.miui.core/10194} BLOCKED
07-29 21:18:53.053  2463  3739 W ActivityManager: Permission Denial: getCurrentUser() from pid=22894, uid=10377 requires android.permission.INTERACT_ACROSS_USERS
07-29 21:18:53.054 22894 22894 W libc    : Access denied finding property "vendor.boostfwk.frameprefetcher"
07-29 21:18:53.054 22894 23052 E FramePredict: registerContentObserver fail
07-29 21:18:53.054 22894 22894 W libc    : Access denied finding property "ro.vendor.df.effect.conflict"
07-29 21:18:53.049 22894 22894 W mit.droidbotapp: type=1400 audit(0.0:17143): avc:  denied  { read } for  name="u:object_r:vendor_displayfeature_prop:s0" dev="tmpfs" ino=478 scontext=u:r:untrusted_app_32:s0:c121,c257,c512,c768 tcontext=u:object_r:vendor_displayfeature_prop:s0 tclass=file permissive=0 app=io.github.ylimit.droidbotapp
07-29 21:18:53.058  3117  3117 I adbd    : in ShellService: getprop ro.build.version.release
07-29 21:18:53.070 22894 22894 I ViewRootImpl: InputMethod use first frame acceleration
07-29 21:18:53.072 14622 14645 I od.sogou.xiaomi: This is non sticky GC, maxfree is 16777216 minfree is 8388608
07-29 21:18:53.072 14622 14705 I od.sogou.xiaomi: WaitForGcToComplete blocked ProfileSaver on CollectorTransition for 25.716ms
07-29 21:18:53.073  2463  5541 I SmartPower: io.github.ylimit.droidbotapp/10377(22894): background->visible(749ms) R(become visible) adj=200.
07-29 21:18:53.095 22894 22894 I Choreographer: first vsync insert message into MessageQueue Head
07-29 21:18:53.096  9900 22988 I Market-DownloadLimitSpeedManager: stopLimitSpeed
07-29 21:18:53.096  9900 22988 I Market-LimitSpeedManager: stopLimitSpeedNow() =========== 
07-29 21:18:53.099  9900 22988 I Market-RetrofitRequest: callEnd : https://updateinfo.market.xiaomi.com/apm/updateinfo/priority
07-29 21:18:53.101  4497  4497 I HandWritingStubImpl: getCurrentKeyboardType: 1
07-29 21:18:53.103  9900 22988 I Market-SystemSettingsManager: extraSettingsSecureGetInt key: com.xiaomi.market.need_update_game_count, value: 0
07-29 21:18:53.103  9900 22988 I Market-UpdateAppList: update app list do not change, don't notify: pkg (61) = com.ss.android.ugc.aweme,com.milink.service,com.miui.hybrid,com.baidu.BaiduMap,com.netease.newsreader.activity,com.baidu.searchbox.lite,com.android.fileexplorer,com.xiaomi.aiasst.vision,com.microsoft.office.outlook,com.miui.newhome,com.autonavi.minimap,com.miui.calculator,com.miui.mishare.connectivity,com.android.contacts,com.unionpay.tsmservice.mi,com.miui.voiceassist,com.miui.thirdappassistant,com.xiaomi.scanner,com.miui.securitycenter,com.duokan.reader,com.baidu.searchbox,com.wuba.zhuanzhuan,com.xingin.xhs,com.miui.touchassistant,tv.danmaku.bili,com.dragon.read,com.miui.gallery,com.miui.cloudservice,com.UCMobile,com.mfashiongallery.emag,com.miui.carlink,com.miui.notes,com.xiaomi.payment,com.miui.home,com.miui.tsmclient,com.xiaomi.gamecenter,com.smile.gifmaker,com.android.browser,com.suxing.sustream,com.xiaomi.mis,com.miui.virtualsim,com.android.quicksearchbox,com.sina.news,com.miui.video,com.miui.weather2,com.ss.android.article.news,com.quark.browser,com.xiaomi.mi_connect_service,com.miui.personalassistant,com.android.mms,com.xiaomi.gamecenter.sdk.service,com.kuaishou.nebula,com.android.thememanager,com.miui.bugreport,com.xiaomi.digitalkey,com.android.calendar,com.xiaomi.aicr,com.xiaomi.xmsf,com.xiaomi.mirror,com.miui.yellowpage,com.android.soundrecorder
07-29 21:18:53.104  9900 22550 I Market-SubScriptManager: updateMarketSubScript forceShow : false
07-29 21:18:53.104  9900 22550 I Market-SubScriptManager: get count 61
07-29 21:18:53.104  9900 22550 I Market-SubScriptManager: get count 61
07-29 21:18:53.106  9900 22988 I Market-LocalAppManager: queryDiffSizeFromServer start
07-29 21:18:53.107  9900 22988 I Market-RetrofitRequest: callStart : https://updateinfo.market.xiaomi.com/apm/updateinfo/diffsize
07-29 21:18:53.108  9900 22988 I Market-RetrofitRequest: HeaderInterceptor : https://updateinfo.market.xiaomi.com/apm/updateinfo/diffsize
07-29 21:18:53.109  9900 22988 E Market-Client: isSupportChildMode, error: java.lang.NumberFormatException: For input string: ""
07-29 21:18:53.109  9900 22988 E Market-Client: isSupportChildMode, error: java.lang.NumberFormatException: For input string: ""
07-29 21:18:53.111  9900 22988 I Market-LimitSpeedManager: startLimitSpeedNow() ====== speed = 32768
07-29 21:18:53.113  9900 22988 I Market-DownloadLimitSpeedManager: startLimitSpeed success. Total count 1
07-29 21:18:53.113  9900 22988 I Market-RetrofitRequest: HeaderInterceptor : https://updateinfo.market.xiaomi.com/apm/updateinfo/diffsize
07-29 21:18:53.142 22572 22619 I Finsky  : [2207] pis.accept(67): SCH: Scheduling phonesky job Id: 12-1, CT: 1753795132717, Constraints: [{ L: 15000, D: 86400000, C: 1, I: 1, N: 1 }]
07-29 21:18:53.147 22572 22638 I Finsky  : [2221] jyn.apply(28): SCH: Scheduling 1 system job(s)
07-29 21:18:53.147 22572 22638 I Finsky  : [2221] aceh.d(88): SCH: Scheduling system job Id: 9859, L: 14570, D: 68623005, C: false, I: false, N: 1
07-29 21:18:53.154 22572 22617 I Finsky  : [2205] mjw.ajf(151): [ContentSync] finished, scheduled=true
07-29 21:18:53.158 22894 22915 I mit.droidbotapp: Compiler allocated 5390KB to compile void android.view.ViewRootImpl.performTraversals()
07-29 21:18:53.160  3117  3117 I adbd    : in ShellService: getprop ro.secure
07-29 21:18:53.172  1827  2108 I SDM     : DisplayBase::CommitThread: Received idle timeout, panel: cmd, timeout: 70000 us
07-29 21:18:53.185  9900 22988 I Market-DownloadLimitSpeedManager: stopLimitSpeed
07-29 21:18:53.185  9900 22988 I Market-LimitSpeedManager: stopLimitSpeedNow() =========== 
07-29 21:18:53.189  9900 22988 I Market-RetrofitRequest: callEnd : https://updateinfo.market.xiaomi.com/apm/updateinfo/diffsize
07-29 21:18:53.189  9900 22988 I Market-LocalAppManager: queryDiffSizeFromServer end
07-29 21:18:53.190  9900 22954 I Market-SubScriptManager: updateMarketSubScript forceShow : false
07-29 21:18:53.190  9900 22988 I Market-WakeLockManager: release wakeLock: CheckUpdateService
07-29 21:18:53.190  9900 22954 I Market-SubScriptManager: get count 61
07-29 21:18:53.190  9900 22954 I Market-SubScriptManager: get count 61
07-29 21:18:53.192  2463  5128 I ActivityManager: Cancel FGS notification userId: 0 definingUid: 10167 packageName: com.xiaomi.market processName:com.xiaomi.market ChannelId:com.xiaomi.market_hide foregroundNotiWhen:1753795132709 Notiflags:104
07-29 21:18:53.193  2463  5128 W ForegroundServiceTypeLoggerModule: FGS stop call for: 10167 has no types!
07-29 21:18:53.193  1844  1844 I vendor.qti.hardware.servicetrackeraidl-service: destroyService is called for service : com.xiaomi.market/.business_core.update.auto.CheckUpdateService
07-29 21:18:53.194  9900  9900 I Market-ServiceUtils: stop foreground service: CheckUpdateService
07-29 21:18:53.195  2463  2463 I NotificationService: Cancel FGS notification CallingUid: 10167 CallingPid: 9900 Pkg: com.xiaomi.market Id:84801411 Tag:null UserId:0 MustHaveFlags:0 MustNotHaveFlags:0 Reason:8 foregroundNotiWhen:1753795132709 foregroundNotiFlags:104 foregroundNotiChannelId:com.xiaomi.market_hide
07-29 21:18:53.198  2463  4205 I MiuiNetworkPolicy: updateUidState uid = 10261, uidState = 19
07-29 21:18:53.198  2463  4205 I MiuiNetworkPolicyTrafficLimit: updateWhiteListUidForMobileTraffic uid=10261,add=false
07-29 21:18:53.199  2463  4205 I MiuiNetworkPolicy: updateUidState uid = 10203, uidState = 6
07-29 21:18:53.201  2463  4205 I MiuiNetworkPolicy: updateUidState uid = 10167, uidState = 10
07-29 21:18:53.201  2463  4205 I MiuiNetworkPolicyTrafficLimit: updateWhiteListUidForMobileTraffic uid=10167,add=false
07-29 21:18:53.201  2463  4205 I MiuiNetworkPolicy: updateUidState uid = 10158, uidState = 19
07-29 21:18:53.202  2463  4205 I MiuiNetworkPolicyTrafficLimit: updateWhiteListUidForMobileTraffic uid=10158,add=false
07-29 21:18:53.208  1827  1827 I SDM     : HWCDisplay::SetActiveConfigWithConstraints: display:66-0, config: 1, WxH 1200x2670, fps 120
07-29 21:18:53.209  1827  1827 W SDM     : HWDeviceDRM::GetSupportedBitClkRate: Requested rate not supported: 1150000000
07-29 21:18:53.209  1827  1827 I SDM     : HWDeviceDRM::UpdateMixerAttributes: Mixer WxH 1200x2670-1 for Peripheral
07-29 21:18:53.209  1827  1827 I SDM     : HWCDisplay::SubmitDisplayConfig: Active configuration changed from config 3 to 1
07-29 21:18:53.209  1827  1827 I SDM     : HWCDisplay::SubmitDisplayConfig: Active WxH 1200x2670 ,ddic_mode:idle, timing_fps: 120, sf_fps: 120
07-29 21:18:53.209  4979  4979 E NotifCollection: No notification to remove with key 0|com.xiaomi.market|84801411|null|10167 reason=8:REASON_APP_CANCEL
07-29 21:18:53.213  3117  3117 I adbd    : in ShellService: getprop ro.debuggable
07-29 21:18:53.217  1827  2752 I vendor.qti.hardware.display.composer-service: Sensor: notify citsensorservice to trigger cwb, misForced = 0
07-29 21:18:53.217  3002  4297 I libsensor-parseRGB: request dump start for mRequestDisplayId 0
07-29 21:18:53.240  3002  6353 E libsensor-parseRGB: CWB NotifyCWBBufferDone  error 0
07-29 21:18:53.247  9900  9930 I m.xiaomi.market: This is non sticky GC, maxfree is 16777216 minfree is 8388608
07-29 21:18:53.249  9900  9932 W System  : A resource failed to call close. 
07-29 21:18:53.250  9900  9932 W System  : A resource failed to call close. 
07-29 21:18:53.284  3117  3117 I adbd    : in ShellService: dumpsys display
07-29 21:18:53.296  1827  2108 I SDM     : DisplayBase::CommitThread: Received idle timeout, panel: cmd, timeout: 70000 us
07-29 21:18:53.375  1827  2752 I vendor.qti.hardware.display.composer-service: Sensor: notify citsensorservice to trigger cwb, misForced = 1
07-29 21:18:53.376  3002  4297 I libsensor-parseRGB: request dump start for mRequestDisplayId 0
07-29 21:18:53.398  3002  3080 E libsensor-parseRGB: CWB NotifyCWBBufferDone  error 0
07-29 21:18:53.404  1839  7244 E ANDR-PERF-LM: SAGT_ACTION: UpdateFPSData() 138: update /sys/kernel/sched_penalty/parameters/fps to 35, ret is 0
07-29 21:18:53.455  1827  2108 I SDM     : DisplayBase::CommitThread: Received idle timeout, panel: cmd, timeout: 70000 us
07-29 21:18:53.466  3117  3117 I adbd    : in ShellService: wm size
07-29 21:18:53.546  3117  3117 I adbd    : in ShellService: dumpsys input
07-29 21:18:53.635  3117  3117 I adbd    : in ShellService: getprop ro.sf.lcd_density
07-29 21:18:53.691 12230 12394 I Ad      : isPersonalizedAdEnabled getAdSettings: 1
07-29 21:18:53.691  7989  7989 I RuntimePermissionManager: isRuntimeRequestSupport: true
07-29 21:18:53.697  3117  3117 I adbd    : in ShellService: input keyevent MENU
07-29 21:18:53.713  2463  4435 W ParceledListSlice: Element #44 is 26672 bytes.
07-29 21:18:53.713  2463  4435 W ParceledListSlice: Overly large reply size: 82204
07-29 21:18:53.713  2463  5535 W ParceledListSlice: Element #45 is 26676 bytes.
07-29 21:18:53.713  2463  5535 W ParceledListSlice: Element #46 is 26676 bytes.
07-29 21:18:53.713  2463  5535 W ParceledListSlice: Element #47 is 26684 bytes.
07-29 21:18:53.714  2463  4435 W ParceledListSlice: Element #48 is 26688 bytes.
07-29 21:18:53.714  2463  4435 W ParceledListSlice: Element #54 is 19664 bytes.
07-29 21:18:53.714  2463  3739 W ParceledListSlice: Element #55 is 19652 bytes.
07-29 21:18:53.714  2463  3739 W ParceledListSlice: Element #56 is 19692 bytes.
07-29 21:18:53.714  2463  3739 W ParceledListSlice: Element #57 is 19720 bytes.
07-29 21:18:53.714  2463  3739 W ParceledListSlice: Element #58 is 19720 bytes.
07-29 21:18:53.715  2463  5535 W ParceledListSlice: Element #59 is 19684 bytes.
07-29 21:18:53.715  2463  5535 W ParceledListSlice: Element #60 is 19692 bytes.
07-29 21:18:53.715  2463  5535 W ParceledListSlice: Element #61 is 19668 bytes.
07-29 21:18:53.715  2463  5535 W ParceledListSlice: Element #62 is 19680 bytes.
07-29 21:18:53.715  2463  5539 W ParceledListSlice: Element #63 is 19672 bytes.
07-29 21:18:53.715  2463  5539 W ParceledListSlice: Element #64 is 29724 bytes.
07-29 21:18:53.715  2463  5539 W ParceledListSlice: Element #65 is 29744 bytes.
07-29 21:18:53.716  2463  3739 W ParceledListSlice: Element #66 is 29736 bytes.
07-29 21:18:53.716  2463  2775 I AppsFilter: interaction: PackageSetting{eeba99 com.android.microdroid.empty_payload/10236} -> PackageSetting{bfcd793 com.miui.cleanmaster/10266} BLOCKED
07-29 21:18:53.717  2463  2775 I AppsFilter: interaction: PackageSetting{8d8a93f io.appium.uiautomator2.server.test/10280} -> PackageSetting{bfcd793 com.miui.cleanmaster/10266} BLOCKED
07-29 21:18:53.717  2463  2775 I AppsFilter: interaction: PackageSetting{436eb0e io.github.ylimit.droidbotapp/10377} -> PackageSetting{bfcd793 com.miui.cleanmaster/10266} BLOCKED
07-29 21:18:53.717  2463  2775 I AppsFilter: interaction: PackageSetting{d8b720c com.rongcard.eid/10151} -> PackageSetting{bfcd793 com.miui.cleanmaster/10266} BLOCKED
07-29 21:18:53.717  2463  2775 I AppsFilter: interaction: PackageSetting{2676755 io.appium.settings/10274} -> PackageSetting{bfcd793 com.miui.cleanmaster/10266} BLOCKED
07-29 21:18:53.723  2463  3740 W ContentProviderHelper: No provider info for content provider  when providerRunning is false, caller is ProcessRecord{15056c5 18854:com.android.quicksearchbox:ApplicationsProvider/u0a136}
07-29 21:18:53.723 18854 18878 E ActivityThread: Failed to find provider info for 
07-29 21:18:53.723  2463  3739 W ContentProviderHelper: No provider info for content provider  when providerRunning is false, caller is null
07-29 21:18:53.727  2463  5128 W ParceledListSlice: Element #273 is 21068 bytes.
07-29 21:18:53.729  7368 17610 I PermissionControllerServiceImpl: Updating user sensitive for uid 10266
07-29 21:18:53.730  2463  5533 W ParceledListSlice: Element #274 is 21048 bytes.
07-29 21:18:53.730  2463  5533 W ParceledListSlice: Element #275 is 21056 bytes.
07-29 21:18:53.730  2463  5533 W ParceledListSlice: Element #276 is 21036 bytes.
07-29 21:18:53.731  2463  5533 W ParceledListSlice: Element #277 is 21084 bytes.
07-29 21:18:53.732  2463  5533 W ParceledListSlice: Overly large reply size: 84248
07-29 21:18:53.733  2463  5128 W ParceledListSlice: Element #8 is 20788 bytes.
07-29 21:18:53.733  2463  5128 W ParceledListSlice: Element #9 is 20768 bytes.
07-29 21:18:53.733  2463  4435 I ClipboardServiceI: checkProviderWakePathForClipboard: primaryClip is null
07-29 21:18:53.733  2463  4435 I SmartPower: com.miui.notes/10275(13074): idle->background(84700ms) R(content provider start ContentProviderRecord{c0729a2 u0 com.miui.notes/.provider.NotesProvider}) adj=915.
07-29 21:18:53.734  2463  5535 W ParceledListSlice: Element #278 is 21084 bytes.
07-29 21:18:53.734  2463  5535 W ParceledListSlice: Element #279 is 21096 bytes.
07-29 21:18:53.734  2463  5535 W ParceledListSlice: Element #280 is 21084 bytes.
07-29 21:18:53.734  2463  5535 W ParceledListSlice: Element #281 is 21084 bytes.
07-29 21:18:53.735  2463  5535 W ParceledListSlice: Overly large reply size: 84372
07-29 21:18:53.735  2463  4435 W ParceledListSlice: Element #282 is 21104 bytes.
07-29 21:18:53.735  2463  4435 W ParceledListSlice: Element #283 is 21092 bytes.
07-29 21:18:53.735  2463  4435 W ParceledListSlice: Element #284 is 21080 bytes.
07-29 21:18:53.736  7773  7773 E RegisteredServicesCache: Skipping application component ComponentInfo{com.UCMobile/com.alibaba.ariver.commonability.device.jsapi.nfc.service.TinyAppHostApduService}: it must request the permission android.permission.NFC
07-29 21:18:53.736  7773  7773 E RegisteredServicesCache: Skipping application component ComponentInfo{com.UCMobile/com.alipay.mobile.aompdevice.nfc.service.TinyAppHostApduService}: it must request the permission android.permission.NFC
07-29 21:18:53.736  7773  7773 E RegisteredServicesCache: Skipping application component ComponentInfo{com.autonavi.minimap/com.alibaba.ariver.commonability.device.jsapi.nfc.service.TinyAppHostApduService}: it must request the permission android.permission.NFC
07-29 21:18:53.736  2463  3740 W ContentProviderHelper: Permission Denial: opening provider com.alibaba.aliexpress.android.search.nav.SearchSuggestionProvider from ProcessRecord{15056c5 18854:com.android.quicksearchbox:ApplicationsProvider/u0a136} (pid=18854, uid=10136) that is not exported from UID 10303
07-29 21:18:53.736  7773  7773 E RegisteredServicesCache: Skipping application component ComponentInfo{com.autonavi.minimap/com.alipay.mobile.aompdevice.nfc.service.TinyAppHostApduService}: it must request the permission android.permission.NFC
07-29 21:18:53.739  2463  5539 I ClipboardServiceI: checkProviderWakePathForClipboard: primaryClip is null
07-29 21:18:53.740  7773  7773 I RegisteredServicesCache: current user: 0, is managed profile : false
07-29 21:18:53.741  7773  7773 I RegisteredAidCache: updateRoutingLocked(false): Enter
07-29 21:18:53.741  7773  7773 I AidRoutingManager: configureRouting(false): Enter
07-29 21:18:53.741  7773  7773 E AidRoutingManager: Size of routing table970
07-29 21:18:53.741  7773  7773 I RegisteredAidCache: updateRoutingLocked(false): exit
07-29 21:18:53.741  2463  5539 I SmartPower: com.alibaba.aliexpresshd/10303(5685): idle->background(84701ms) R(content provider start ContentProviderRecord{716322c u0 com.alibaba.aliexpresshd/com.alibaba.aliexpress.android.search.nav.SearchSuggestionProvider}) adj=0.
07-29 21:18:53.742  7773  7773 I libnfc_nci: [INFO:NativeT4tNfcee.cpp(870)] nfcManager_isFwSupportNonStdT4TAid Enter isFwSupport = 1
07-29 21:18:53.742  7773  7773 I libnfc_nci: [INFO:SecureElement.cpp(1487)] SecureElement::getEseHandleFromGenericId: enter; ESE-ID = 0x7F
07-29 21:18:53.742  7773  7773 I libnfc_nci: [INFO:SecureElement.cpp(1528)] SecureElement::getEseHandleFromGenericId: enter; ESE-Handle = 0x410
07-29 21:18:53.743  7773  7773 I libnfc_nci: [INFO:SecureElement.cpp(1487)] SecureElement::getEseHandleFromGenericId: enter; ESE-ID = 0x00
07-29 21:18:53.743  7773  7773 I libnfc_nci: [INFO:SecureElement.cpp(1528)] SecureElement::getEseHandleFromGenericId: enter; ESE-Handle = 0x400
07-29 21:18:53.743  2463  5530 W Bundle  : Failed to parse item error, returning null.
07-29 21:18:53.743  2463  5530 W Bundle  : android.os.BadTypeParcelableException: Parcelable creator android.os.ParcelableException is not a subclass of required class java.lang.String provided in the parameter
07-29 21:18:53.743  2463  5530 W Bundle  : 	at android.os.Parcel.readParcelableCreatorInternal(Parcel.java:5206)
07-29 21:18:53.743  2463  5530 W Bundle  : 	at android.os.Parcel.readParcelableInternal(Parcel.java:5080)
07-29 21:18:53.743  2463  5530 W Bundle  : 	at android.os.Parcel.readValue(Parcel.java:4840)
07-29 21:18:53.743  2463  5530 W Bundle  : 	at android.os.Parcel.readValue(Parcel.java:4609)
07-29 21:18:53.743  2463  5530 W Bundle  : 	at android.os.Parcel.-$$Nest$mreadValue(Unknown Source:0)
07-29 21:18:53.743  2463  5530 W Bundle  : 	at android.os.Parcel$LazyValue.apply(Parcel.java:4707)
07-29 21:18:53.743  2463  5530 W Bundle  : 	at android.os.Parcel$LazyValue.apply(Parcel.java:4666)
07-29 21:18:53.743  2463  5530 W Bundle  : 	at android.os.BaseBundle.unwrapLazyValueFromMapLocked(BaseBundle.java:416)
07-29 21:18:53.743  2463  5530 W Bundle  : 	at android.os.BaseBundle.getValueAt(BaseBundle.java:402)
07-29 21:18:53.743  2463  5530 W Bundle  : 	at android.os.BaseBundle.getPairValue(BaseBundle.java:282)
07-29 21:18:53.743  2463  5530 W Bundle  : 	at com.android.server.am.ContentProviderHelper.lambda$getMimeTypeFilterAsync$1(ContentProviderHelper.java:1212)
07-29 21:18:53.743  2463  5530 W Bundle  : 	at com.android.server.am.ContentProviderHelper.$r8$lambda$JV9jTPlBHAPZLxkKAqq24ds-FLE(Unknown Source:0)
07-29 21:18:53.743  2463  5530 W Bundle  : 	at com.android.server.am.ContentProviderHelper$$ExternalSyntheticLambda1.onResult(D8$$SyntheticClass:0)
07-29 21:18:53.743  2463  5530 W Bundle  : 	at android.os.RemoteCallback.sendResult(RemoteCallback.java:76)
07-29 21:18:53.743  2463  5530 W Bundle  : 	at android.os.RemoteCallback$1.sendResult(RemoteCallback.java:53)
07-29 21:18:53.743  2463  5530 W Bundle  : 	at android.os.IRemoteCallback$Stub.onTransact(IRemoteCallback.java:85)
07-29 21:18:53.743  2463  5530 W Bundle  : 	at android.os.Binder.execTransactInternal(Binder.java:1512)
07-29 21:18:53.743  2463  5530 W Bundle  : 	at android.os.Binder.execTransact(Binder.java:1451)
07-29 21:18:53.743  2463  4205 I MiuiNetworkPolicy: updateUidState uid = 10303, uidState = 6
07-29 21:18:53.745 18854 18878 W ContentResolver: Failed to get type for: content://com.alibaba.aliexpress.android.search.nav.SearchSuggestionProvider/products (Unknown URL content://com.alibaba.aliexpress.android.search.nav.SearchSuggestionProvider/products)
07-29 21:18:53.745  2463  4205 I MiuiNetworkPolicy: updateUidState uid = 10169, uidState = 6
07-29 21:18:53.745  2463  4205 I MiuiNetworkPolicy: updateUidState uid = 10303, uidState = 19
07-29 21:18:53.745  2463  4205 I MiuiNetworkPolicy: updateUidState uid = 10169, uidState = 10
07-29 21:18:53.746  1844  1844 I vendor.qti.hardware.servicetrackeraidl-service: bindService is called for service : com.alibaba.aliexpresshd/com.taobao.accs.internal.AccsJobService and for client system
07-29 21:18:53.746  1844  1844 I vendor.qti.hardware.servicetrackeraidl-service: total connections for service : com.alibaba.aliexpresshd/com.taobao.accs.internal.AccsJobServiceare :1
07-29 21:18:53.746  1844  1844 I vendor.qti.hardware.servicetrackeraidl-service: total connections for client : systemare :32
07-29 21:18:53.747  2463  3991 I SmartPower: com.alibaba.aliexpresshd:channel/10303(6163): idle->background(15039ms) R(service create com.alibaba.aliexpresshd/com.taobao.accs.internal.AccsJobService) adj=0.
07-29 21:18:53.749  4897 26808 I SecureElement-Terminal-eSE1: isSecureElementPresent()
07-29 21:18:53.749  1746  1746 I android.hardware.secure_element-service.qti: isCardPresent
07-29 21:18:53.749  1746  1746 I android.hardware.secure_element-service.qti: isCardPresent exit, cardPresent: 1
07-29 21:18:53.750  4916  5777 E SmsApplication: com.android.mms lost android:read_cell_broadcasts:  (fixing)
07-29 21:18:53.750  2463  5530 W MIUIInput: Input event injection from package: null action ACTION_DOWN keycode 82
07-29 21:18:53.751  2463  5530 W MiuiInputKeyEventLog: keyCode:82 down:true eventTime:20972070 downTime:20972070 policyFlags:2b000000 flags:0 metaState:0 deviceId:-1 isScreenOn:true keyguardActive:false repeatCount:0
07-29 21:18:53.751  2463  2504 W AppOpService: Ignored setUidMode call for runtime permission app op: uid = 10141, code = READ_CELL_BROADCASTS, mode = allow, callingUid = 1001, oldMode = allow
07-29 21:18:53.751  2463  4205 I MiuiNetworkPolicy: updateUidState uid = 10303, uidState = 8
07-29 21:18:53.751  2463  4205 I MiuiNetworkPolicy: updateUidState uid = 10169, uidState = 8
07-29 21:18:53.752  2463  4068 I InputFeature: supportXiaomiHyperXiaoAi is true
07-29 21:18:53.752  2463  4068 I InputFeature: supportXiaomiHyperXiaoAiScreenRecognition support
07-29 21:18:53.752  2463  4068 I InputFeature: supportBlockCombinationKey com.miui.home version: 3
07-29 21:18:53.752  2463  4068 I MiuiInputKeyEventLog: is show menu
07-29 21:18:53.752  7989  8779 I RuntimePermissionManager: isRuntimeRequestSupport: true
07-29 21:18:53.752  7989  8779 I InstalledPackagesMemoryCache: getInstallPermissionGranted=true
07-29 21:18:53.752  2105  2105 E DisplayModeController: setDesiredMode : Idle status skip setActiveMode, isDdicIdleMode: 1
07-29 21:18:53.752  2463  4404 I whetstone.activity: processNotifyEvent1 resId = 256, bundle = Bundle[{startTime=20972071, sourcePkg=com.alibaba.aliexpresshd, sourceUid=10303, status=1, jobId=2050, batteryName=com.alibaba.aliexpresshd/com.taobao.accs.internal.AccsJobService, elapsedRealtime=20972071}]
07-29 21:18:53.752  2463  3991 W JobServiceContext: Sending onNetworkChanged for a job that isn't started. JobStatus{5f710b8 #u0a303/2050 com.alibaba.aliexpresshd/com.taobao.accs.internal.AccsJobService u=0 s=10303 TIME=-1s154ms:-1s154ms NET READY}
07-29 21:18:53.752  9339  9408 I EventMonitor: notifyEvent resId=256
07-29 21:18:53.752  4897 26808 I SecureElement-Terminal-SIM1: isSecureElementPresent()
07-29 21:18:53.753  2463  4068 I MIUIInput: [KeyEvent] publisher action:0x0,  keyCode:82 , deviceId=-1, 20972070,channel 'fd7851 com.miui.home/com.miui.home.launcher.Launcher (server)' 
07-29 21:18:53.753  4497  4497 I MIUIInput: [KeyEvent] ViewRootImpl windowName 'com.miui.home/com.miui.home.launcher.Launcher', KeyEvent { action=ACTION_DOWN, keyCode=KEYCODE_MENU, scanCode=0, metaState=0, flags=0x0, repeatCount=0, eventTime=20972070000000, downTime=20972070000000, deviceId=-1, source=0x0, displayId=-1 }, phoneEventTime=21:18:53.751
07-29 21:18:53.753  4897 26808 I SecureElement-Terminal-SIM1: isNfcEventAllowed: No access rules for checking.
07-29 21:18:53.754  4897 26808 I SecureElement-Terminal-SIM2: isSecureElementPresent()
07-29 21:18:53.754  2463  5530 W MIUIInput: Input event injection from package: null action ACTION_UP keycode 82
07-29 21:18:53.754  2463  5530 W MiuiInputKeyEventLog: keyCode:82 down:false eventTime:20972074 downTime:20972070 policyFlags:2b000000 flags:0 metaState:0 deviceId:-1 isScreenOn:true keyguardActive:false repeatCount:0
07-29 21:18:53.755  2463  5541 W ContentProviderHelper: No provider info for content provider  when providerRunning is false, caller is ProcessRecord{15056c5 18854:com.android.quicksearchbox:ApplicationsProvider/u0a136}
07-29 21:18:53.755  2463  4068 I InputFeature: supportXiaomiHyperXiaoAi is true
07-29 21:18:53.755  2463  4068 I InputFeature: supportXiaomiHyperXiaoAiScreenRecognition support
07-29 21:18:53.755  2463  4068 I InputFeature: supportBlockCombinationKey com.miui.home version: 3
07-29 21:18:53.755  2463  4068 I MiuiInputKeyEventLog: is show menu
07-29 21:18:53.755  2463  4068 I MIUIInput: [KeyEvent] publisher action:0x1,  keyCode:82 , deviceId=-1, 20972074,channel 'fd7851 com.miui.home/com.miui.home.launcher.Launcher (server)' 
07-29 21:18:53.755  4497  4497 I MIUIInput: [KeyEvent] ViewRootImpl windowName 'com.miui.home/com.miui.home.launcher.Launcher', KeyEvent { action=ACTION_UP, keyCode=KEYCODE_MENU, scanCode=0, metaState=0, flags=0x0, repeatCount=0, eventTime=20972074000000, downTime=20972070000000, deviceId=-1, source=0x0, displayId=-1 }, phoneEventTime=21:18:53.754
07-29 21:18:53.755 18854 18878 E ActivityThread: Failed to find provider info for 
07-29 21:18:53.756  4497  4497 I AnimStateManager: IdleState handle event 2006
07-29 21:18:53.756  4497  4497 I AnimStateManager: CommonState handle event 2006
07-29 21:18:53.756  1844  1844 I vendor.qti.hardware.servicetrackeraidl-service: bindService is called for service : com.alibaba.aliexpresshd/com.taobao.accs.ChannelService and for client com.alibaba.aliexpresshd:channel
07-29 21:18:53.756  1844  1844 I vendor.qti.hardware.servicetrackeraidl-service: total connections for service : com.alibaba.aliexpresshd/com.taobao.accs.ChannelServiceare :1
07-29 21:18:53.756  1844  1844 I vendor.qti.hardware.servicetrackeraidl-service: total connections for client : com.alibaba.aliexpresshd:channelare :9
07-29 21:18:53.756  4553  4579 I MiuiWallpaper-MiuiWallpaperManagerService: isMiuiWallpaperComponentUsing: true
07-29 21:18:53.757  2463  5541 W ContentProviderHelper: No provider info for content provider  when providerRunning is false, caller is null
07-29 21:18:53.757  2463  5539 W AppOpService: Ignored setUidMode call for runtime permission app op: uid = 1001, code = READ_SMS, mode = allow, callingUid = 1001, oldMode = allow
07-29 21:18:53.757  4553  4579 I MiuiWallpaper-MiuiWallpaperManagerService: isMiuiWallpaperComponentUsing: true
07-29 21:18:53.757  2463  5539 W AppOpService: Ignored setUidMode call for runtime permission app op: uid = 1001, code = RECEIVE_SMS, mode = allow, callingUid = 1001, oldMode = allow
07-29 21:18:53.757  2463  5539 W AppOpService: Ignored setUidMode call for runtime permission app op: uid = 1001, code = RECEIVE_WAP_PUSH, mode = allow, callingUid = 1001, oldMode = allow
07-29 21:18:53.758  2463  5539 W AppOpService: Ignored setUidMode call for runtime permission app op: uid = 1001, code = SEND_SMS, mode = allow, callingUid = 1001, oldMode = allow
07-29 21:18:53.758  2463  5539 W AppOpService: Ignored setUidMode call for runtime permission app op: uid = 1001, code = READ_CELL_BROADCASTS, mode = allow, callingUid = 1001, oldMode = allow
