07-29 21:19:02.149  9900 23002 I Market-SystemSettingsManager: extraSettingsSecureGetInt key: com.xiaomi.market.need_update_game_count, value: 0
07-29 21:19:02.149  9900 23002 I Market-UpdateAppList: update app list do not change, don't notify: pkg (61) = com.ss.android.ugc.aweme,com.milink.service,com.miui.hybrid,com.baidu.BaiduMap,com.netease.newsreader.activity,com.baidu.searchbox.lite,com.android.fileexplorer,com.xiaomi.aiasst.vision,com.microsoft.office.outlook,com.miui.newhome,com.autonavi.minimap,com.miui.calculator,com.miui.mishare.connectivity,com.android.contacts,com.unionpay.tsmservice.mi,com.miui.voiceassist,com.miui.thirdappassistant,com.xiaomi.scanner,com.miui.securitycenter,com.duokan.reader,com.baidu.searchbox,com.wuba.zhuanzhuan,com.xingin.xhs,com.miui.touchassistant,tv.danmaku.bili,com.dragon.read,com.miui.gallery,com.miui.cloudservice,com.UCMobile,com.mfashiongallery.emag,com.miui.carlink,com.miui.notes,com.xiaomi.payment,com.miui.home,com.miui.tsmclient,com.xiaomi.gamecenter,com.smile.gifmaker,com.android.browser,com.suxing.sustream,com.xiaomi.mis,com.miui.virtualsim,com.android.quicksearchbox,com.sina.news,com.miui.video,com.miui.weather2,com.ss.android.article.news,com.quark.browser,com.xiaomi.mi_connect_service,com.miui.personalassistant,com.android.mms,com.xiaomi.gamecenter.sdk.service,com.kuaishou.nebula,com.android.thememanager,com.miui.bugreport,com.xiaomi.digitalkey,com.android.calendar,com.xiaomi.aicr,com.xiaomi.xmsf,com.xiaomi.mirror,com.miui.yellowpage,com.android.soundrecorder
07-29 21:19:02.150  9900 22761 I Market-SubScriptManager: updateMarketSubScript forceShow : false
07-29 21:19:02.150  9900 22761 I Market-SubScriptManager: get count 61
07-29 21:19:02.151  9900 22761 I Market-SubScriptManager: get count 61
07-29 21:19:02.152  9900 23002 I Market-LocalAppManager: queryDiffSizeFromServer start
07-29 21:19:02.153  9900 23002 I Market-RetrofitRequest: callStart : https://updateinfo.market.xiaomi.com/apm/updateinfo/diffsize
07-29 21:19:02.154  9900 23002 I Market-RetrofitRequest: HeaderInterceptor : https://updateinfo.market.xiaomi.com/apm/updateinfo/diffsize
07-29 21:19:02.155  9900 23002 E Market-Client: isSupportChildMode, error: java.lang.NumberFormatException: For input string: ""
07-29 21:19:02.155  9900 23002 E Market-Client: isSupportChildMode, error: java.lang.NumberFormatException: For input string: ""
07-29 21:19:02.157  9900 23002 I Market-LimitSpeedManager: startLimitSpeedNow() ====== speed = 32768
07-29 21:19:02.161  9900 23002 I Market-DownloadLimitSpeedManager: startLimitSpeed success. Total count 1
07-29 21:19:02.161  9900 23002 I Market-RetrofitRequest: HeaderInterceptor : https://updateinfo.market.xiaomi.com/apm/updateinfo/diffsize
07-29 21:19:02.166  3117  3117 I adbd    : in ShellService: ps
07-29 21:19:02.242  1839  7244 E ANDR-PERF-LM: SAGT_ACTION: UpdateFPSData() 138: update /sys/kernel/sched_penalty/parameters/fps to 40, ret is 0
07-29 21:19:02.244  9900 23002 I Market-DownloadLimitSpeedManager: stopLimitSpeed
07-29 21:19:02.244  9900 23002 I Market-LimitSpeedManager: stopLimitSpeedNow() =========== 
07-29 21:19:02.251  9900 23002 I Market-RetrofitRequest: callEnd : https://updateinfo.market.xiaomi.com/apm/updateinfo/diffsize
07-29 21:19:02.252  9900 23002 I Market-LocalAppManager: queryDiffSizeFromServer end
07-29 21:19:02.253  9900 22955 I Market-SubScriptManager: updateMarketSubScript forceShow : false
07-29 21:19:02.253  9900 23002 I Market-WakeLockManager: release wakeLock: CheckUpdateService
07-29 21:19:02.255  9900 22955 I Market-SubScriptManager: get count 61
07-29 21:19:02.256  1844  1844 I vendor.qti.hardware.servicetrackeraidl-service: destroyService is called for service : com.xiaomi.market/.business_core.update.auto.CheckUpdateService
07-29 21:19:02.255  2463  5530 I ActivityManager: Cancel FGS notification userId: 0 definingUid: 10167 packageName: com.xiaomi.market processName:com.xiaomi.market ChannelId:com.xiaomi.market_hide foregroundNotiWhen:1753795141771 Notiflags:72
07-29 21:19:02.256  2463  5530 W ForegroundServiceTypeLoggerModule: FGS stop call for: 10167 has no types!
07-29 21:19:02.259  9900  9900 I Market-ServiceUtils: stop foreground service: CheckUpdateService
07-29 21:19:02.260  9900 22955 I Market-SubScriptManager: get count 61
07-29 21:19:02.260  2463  4205 I MiuiNetworkPolicy: updateUidState uid = 10261, uidState = 10
07-29 21:19:02.260  2463  4205 I MiuiNetworkPolicyTrafficLimit: updateWhiteListUidForMobileTraffic uid=10261,add=false
07-29 21:19:02.262  2463  4205 I MiuiNetworkPolicy: updateUidState uid = 10203, uidState = 6
07-29 21:19:02.262  2463  4205 I MiuiNetworkPolicy: updateUidState uid = 10167, uidState = 10
07-29 21:19:02.262  2463  4205 I MiuiNetworkPolicyTrafficLimit: updateWhiteListUidForMobileTraffic uid=10167,add=false
07-29 21:19:02.262  2463  4205 I MiuiNetworkPolicy: updateUidState uid = 10158, uidState = 10
07-29 21:19:02.264  2463  4205 I MiuiNetworkPolicyTrafficLimit: updateWhiteListUidForMobileTraffic uid=10158,add=false
07-29 21:19:02.265  2463  4205 I MiuiNetworkPolicy: updateUidState uid = 10261, uidState = 19
07-29 21:19:02.265  2463  4205 I MiuiNetworkPolicy: updateUidState uid = 10158, uidState = 19
07-29 21:19:02.309  9900  9930 I m.xiaomi.market: This is non sticky GC, maxfree is 16777216 minfree is 8388608
07-29 21:19:02.326 31200 31200 I cr_A11yState: Enabled accessibility services: [io.github.ylimit.droidbotapp/io.github.privacystreams.accessibility.PSAccessibilityService, null]
07-29 21:19:02.326 31200 31200 I cr_A11yState: Running accessibility services: [io.github.ylimit.droidbotapp/io.github.privacystreams.accessibility.PSAccessibilityService]
07-29 21:19:02.326 31200 31200 I cr_A11yState: Will check again after 250 milliseconds.
07-29 21:19:02.578 31200 31200 I cr_A11yState: Enabled accessibility services: [io.github.ylimit.droidbotapp/io.github.privacystreams.accessibility.PSAccessibilityService, null]
07-29 21:19:02.578 31200 31200 I cr_A11yState: Running accessibility services: [io.github.ylimit.droidbotapp/io.github.privacystreams.accessibility.PSAccessibilityService]
07-29 21:19:02.578 31200 31200 I cr_A11yState: Will check again after 500 milliseconds.
07-29 21:19:02.751  7989  7989 I RuntimePermissionManager: isRuntimeRequestSupport: true
07-29 21:19:02.756  2463  2775 I AppsFilter: interaction: PackageSetting{6c582ea com.android.microdroid.empty_payload/10236} -> PackageSetting{e5150e5 com.miui.cleanmaster/10266} BLOCKED
07-29 21:19:02.756  2463  2775 I AppsFilter: interaction: PackageSetting{90f8f51 io.appium.uiautomator2.server.test/10280} -> PackageSetting{e5150e5 com.miui.cleanmaster/10266} BLOCKED
07-29 21:19:02.756  2463  2775 I AppsFilter: interaction: PackageSetting{2f0e3b6 io.github.ylimit.droidbotapp/10377} -> PackageSetting{e5150e5 com.miui.cleanmaster/10266} BLOCKED
07-29 21:19:02.756  2463  2775 I AppsFilter: interaction: PackageSetting{6d0f824 com.rongcard.eid/10151} -> PackageSetting{e5150e5 com.miui.cleanmaster/10266} BLOCKED
07-29 21:19:02.756  2463  2775 I AppsFilter: interaction: PackageSetting{26ccf8d io.appium.settings/10274} -> PackageSetting{e5150e5 com.miui.cleanmaster/10266} BLOCKED
07-29 21:19:02.768  2463  5526 W ParceledListSlice: Element #8 is 20788 bytes.
07-29 21:19:02.768  2463  5526 W ParceledListSlice: Element #9 is 20768 bytes.
07-29 21:19:02.771  2463  5442 W ContentProviderHelper: No provider info for content provider  when providerRunning is false, caller is ProcessRecord{15056c5 18854:com.android.quicksearchbox:ApplicationsProvider/u0a136}
07-29 21:19:02.771 18854 18878 E ActivityThread: Failed to find provider info for 
07-29 21:19:02.771  2463  5526 W ContentProviderHelper: No provider info for content provider  when providerRunning is false, caller is null
07-29 21:19:02.771  7773  7773 E RegisteredServicesCache: Skipping application component ComponentInfo{com.UCMobile/com.alibaba.ariver.commonability.device.jsapi.nfc.service.TinyAppHostApduService}: it must request the permission android.permission.NFC
07-29 21:19:02.771  7773  7773 E RegisteredServicesCache: Skipping application component ComponentInfo{com.UCMobile/com.alipay.mobile.aompdevice.nfc.service.TinyAppHostApduService}: it must request the permission android.permission.NFC
07-29 21:19:02.772  7773  7773 E RegisteredServicesCache: Skipping application component ComponentInfo{com.autonavi.minimap/com.alibaba.ariver.commonability.device.jsapi.nfc.service.TinyAppHostApduService}: it must request the permission android.permission.NFC
07-29 21:19:02.772  7773  7773 E RegisteredServicesCache: Skipping application component ComponentInfo{com.autonavi.minimap/com.alipay.mobile.aompdevice.nfc.service.TinyAppHostApduService}: it must request the permission android.permission.NFC
07-29 21:19:02.772  4916  5777 E SmsApplication: com.android.mms lost android:read_cell_broadcasts:  (fixing)
07-29 21:19:02.772  2463 15445 W AppOpService: Ignored setUidMode call for runtime permission app op: uid = 10141, code = READ_CELL_BROADCASTS, mode = allow, callingUid = 1001, oldMode = allow
07-29 21:19:02.773  7368 23545 I PermissionControllerServiceImpl: Updating user sensitive for uid 10266
07-29 21:19:02.775  7773  7773 I RegisteredServicesCache: current user: 0, is managed profile : false
07-29 21:19:02.776 12230 12394 I Ad      : isPersonalizedAdEnabled getAdSettings: 1
07-29 21:19:02.776  7773  7773 I RegisteredAidCache: updateRoutingLocked(false): Enter
07-29 21:19:02.776  7773  7773 I AidRoutingManager: configureRouting(false): Enter
07-29 21:19:02.776  7773  7773 E AidRoutingManager: Size of routing table970
07-29 21:19:02.776  7773  7773 I RegisteredAidCache: updateRoutingLocked(false): exit
07-29 21:19:02.777  2463  4435 W AppOpService: Ignored setUidMode call for runtime permission app op: uid = 1001, code = READ_SMS, mode = allow, callingUid = 1001, oldMode = allow
07-29 21:19:02.777  7773  7773 I libnfc_nci: [INFO:NativeT4tNfcee.cpp(870)] nfcManager_isFwSupportNonStdT4TAid Enter isFwSupport = 1
07-29 21:19:02.777  7773  7773 I libnfc_nci: [INFO:SecureElement.cpp(1487)] SecureElement::getEseHandleFromGenericId: enter; ESE-ID = 0x7F
07-29 21:19:02.777  7773  7773 I libnfc_nci: [INFO:SecureElement.cpp(1528)] SecureElement::getEseHandleFromGenericId: enter; ESE-Handle = 0x410
07-29 21:19:02.778  2463  4435 W AppOpService: Ignored setUidMode call for runtime permission app op: uid = 1001, code = RECEIVE_SMS, mode = allow, callingUid = 1001, oldMode = allow
07-29 21:19:02.778  7773  7773 I libnfc_nci: [INFO:SecureElement.cpp(1487)] SecureElement::getEseHandleFromGenericId: enter; ESE-ID = 0x00
07-29 21:19:02.778  7773  7773 I libnfc_nci: [INFO:SecureElement.cpp(1528)] SecureElement::getEseHandleFromGenericId: enter; ESE-Handle = 0x400
07-29 21:19:02.778  2463  5526 I ClipboardServiceI: checkProviderWakePathForClipboard: primaryClip is null
07-29 21:19:02.778  4897 26808 I SecureElement-Terminal-eSE1: isSecureElementPresent()
07-29 21:19:02.778  2463  5526 I SmartPower: com.miui.notes/10275(13074): idle->background(6043ms) R(content provider start ContentProviderRecord{c0729a2 u0 com.miui.notes/.provider.NotesProvider}) adj=905.
07-29 21:19:02.778  1746  1746 I android.hardware.secure_element-service.qti: isCardPresent
07-29 21:19:02.779  1746  1746 I android.hardware.secure_element-service.qti: isCardPresent exit, cardPresent: 1
07-29 21:19:02.779  2463  5526 W AppOpService: Ignored setUidMode call for runtime permission app op: uid = 1001, code = RECEIVE_WAP_PUSH, mode = allow, callingUid = 1001, oldMode = allow
07-29 21:19:02.779  2463  5535 W AppOpService: Ignored setUidMode call for runtime permission app op: uid = 1001, code = SEND_SMS, mode = allow, callingUid = 1001, oldMode = allow
07-29 21:19:02.779  2463  5535 W AppOpService: Ignored setUidMode call for runtime permission app op: uid = 1001, code = READ_CELL_BROADCASTS, mode = allow, callingUid = 1001, oldMode = allow
07-29 21:19:02.781  4897 26808 I SecureElement-Terminal-SIM1: isSecureElementPresent()
07-29 21:19:02.781  4897 26808 I SecureElement-Terminal-SIM1: isNfcEventAllowed: No access rules for checking.
07-29 21:19:02.782  4897 26808 I SecureElement-Terminal-SIM2: isSecureElementPresent()
07-29 21:19:02.783  2463  5128 W ContentProviderHelper: Permission Denial: opening provider com.alibaba.aliexpress.android.search.nav.SearchSuggestionProvider from ProcessRecord{15056c5 18854:com.android.quicksearchbox:ApplicationsProvider/u0a136} (pid=18854, uid=10136) that is not exported from UID 10303
07-29 21:19:02.784  2463  5530 W ParceledListSlice: Element #44 is 26672 bytes.
07-29 21:19:02.784  2463  5530 W ParceledListSlice: Overly large reply size: 82204
07-29 21:19:02.784  2463  3740 W ParceledListSlice: Element #45 is 26676 bytes.
07-29 21:19:02.784  2463  3740 W ParceledListSlice: Element #46 is 26676 bytes.
07-29 21:19:02.784  2463  3740 W ParceledListSlice: Element #47 is 26684 bytes.
07-29 21:19:02.785  2463  3740 W ParceledListSlice: Element #48 is 26688 bytes.
07-29 21:19:02.785  2463  3740 W ParceledListSlice: Element #54 is 19664 bytes.
07-29 21:19:02.785  2463  3740 W ParceledListSlice: Element #55 is 19652 bytes.
07-29 21:19:02.785  2463  3740 W ParceledListSlice: Element #56 is 19692 bytes.
07-29 21:19:02.785  2463  3740 W ParceledListSlice: Element #57 is 19720 bytes.
07-29 21:19:02.785  2463  3740 W ParceledListSlice: Element #58 is 19720 bytes.
07-29 21:19:02.786  2463  5442 W ParceledListSlice: Element #59 is 19684 bytes.
07-29 21:19:02.786  2463  5442 W ParceledListSlice: Element #60 is 19692 bytes.
07-29 21:19:02.786  2463  5442 W ParceledListSlice: Element #61 is 19668 bytes.
07-29 21:19:02.786  2463  5442 W ParceledListSlice: Element #62 is 19680 bytes.
07-29 21:19:02.786  2463  5128 I ClipboardServiceI: checkProviderWakePathForClipboard: primaryClip is null
07-29 21:19:02.786  2463  4435 W ParceledListSlice: Element #63 is 19672 bytes.
07-29 21:19:02.786  2463  4435 W ParceledListSlice: Element #64 is 29724 bytes.
07-29 21:19:02.786  2463  4435 W ParceledListSlice: Element #65 is 29744 bytes.
07-29 21:19:02.787  2463  4205 I MiuiNetworkPolicy: updateUidState uid = 10303, uidState = 6
07-29 21:19:02.787  2463  5128 I SmartPower: com.alibaba.aliexpresshd/10303(5685): idle->background(6039ms) R(content provider start ContentProviderRecord{716322c u0 com.alibaba.aliexpresshd/com.alibaba.aliexpress.android.search.nav.SearchSuggestionProvider}) adj=0.
07-29 21:19:02.787  2463  5539 W ParceledListSlice: Element #66 is 29736 bytes.
07-29 21:19:02.787  2463  4205 I MiuiNetworkPolicy: updateUidState uid = 10169, uidState = 6
07-29 21:19:02.789  2463  5441 W Bundle  : Failed to parse item error, returning null.
07-29 21:19:02.789  2463  5441 W Bundle  : android.os.BadTypeParcelableException: Parcelable creator android.os.ParcelableException is not a subclass of required class java.lang.String provided in the parameter
07-29 21:19:02.789  2463  5441 W Bundle  : 	at android.os.Parcel.readParcelableCreatorInternal(Parcel.java:5206)
07-29 21:19:02.789  2463  5441 W Bundle  : 	at android.os.Parcel.readParcelableInternal(Parcel.java:5080)
07-29 21:19:02.789  2463  5441 W Bundle  : 	at android.os.Parcel.readValue(Parcel.java:4840)
07-29 21:19:02.789  2463  5441 W Bundle  : 	at android.os.Parcel.readValue(Parcel.java:4609)
07-29 21:19:02.789  2463  5441 W Bundle  : 	at android.os.Parcel.-$$Nest$mreadValue(Unknown Source:0)
07-29 21:19:02.789  2463  5441 W Bundle  : 	at android.os.Parcel$LazyValue.apply(Parcel.java:4707)
07-29 21:19:02.789  2463  5441 W Bundle  : 	at android.os.Parcel$LazyValue.apply(Parcel.java:4666)
07-29 21:19:02.789  2463  5441 W Bundle  : 	at android.os.BaseBundle.unwrapLazyValueFromMapLocked(BaseBundle.java:416)
07-29 21:19:02.789  2463  5441 W Bundle  : 	at android.os.BaseBundle.getValueAt(BaseBundle.java:402)
07-29 21:19:02.789  2463  5441 W Bundle  : 	at android.os.BaseBundle.getPairValue(BaseBundle.java:282)
07-29 21:19:02.789  2463  5441 W Bundle  : 	at com.android.server.am.ContentProviderHelper.lambda$getMimeTypeFilterAsync$1(ContentProviderHelper.java:1212)
07-29 21:19:02.789  2463  5441 W Bundle  : 	at com.android.server.am.ContentProviderHelper.$r8$lambda$JV9jTPlBHAPZLxkKAqq24ds-FLE(Unknown Source:0)
07-29 21:19:02.789  2463  5441 W Bundle  : 	at com.android.server.am.ContentProviderHelper$$ExternalSyntheticLambda1.onResult(D8$$SyntheticClass:0)
07-29 21:19:02.789  2463  5441 W Bundle  : 	at android.os.RemoteCallback.sendResult(RemoteCallback.java:76)
07-29 21:19:02.789  2463  5441 W Bundle  : 	at android.os.RemoteCallback$1.sendResult(RemoteCallback.java:53)
07-29 21:19:02.789  2463  5441 W Bundle  : 	at android.os.IRemoteCallback$Stub.onTransact(IRemoteCallback.java:85)
07-29 21:19:02.789  2463  5441 W Bundle  : 	at android.os.Binder.execTransactInternal(Binder.java:1512)
07-29 21:19:02.789  2463  5441 W Bundle  : 	at android.os.Binder.execTransact(Binder.java:1451)
07-29 21:19:02.789 18854 18878 W ContentResolver: Failed to get type for: content://com.alibaba.aliexpress.android.search.nav.SearchSuggestionProvider/products (Unknown URL content://com.alibaba.aliexpress.android.search.nav.SearchSuggestionProvider/products)
07-29 21:19:02.790  2463  4205 I MiuiNetworkPolicy: updateUidState uid = 10303, uidState = 19
07-29 21:19:02.790  2463  4205 I MiuiNetworkPolicy: updateUidState uid = 10169, uidState = 10
07-29 21:19:02.793  2463  3740 W ContentProviderHelper: No provider info for content provider  when providerRunning is false, caller is ProcessRecord{15056c5 18854:com.android.quicksearchbox:ApplicationsProvider/u0a136}
07-29 21:19:02.793 18854 18878 E ActivityThread: Failed to find provider info for 
07-29 21:19:02.794  2463  3740 W ContentProviderHelper: No provider info for content provider  when providerRunning is false, caller is null
07-29 21:19:02.796  2463  3740 W ContentProviderHelper: Permission Denial: opening provider com.alibaba.aliexpress.android.search.nav.SearchSuggestionProvider from ProcessRecord{15056c5 18854:com.android.quicksearchbox:ApplicationsProvider/u0a136} (pid=18854, uid=10136) that is not exported from UID 10303
07-29 21:19:02.798  2463  3740 I ClipboardServiceI: checkProviderWakePathForClipboard: primaryClip is null
07-29 21:19:02.799  2463  4205 I MiuiNetworkPolicy: updateUidState uid = 10303, uidState = 6
07-29 21:19:02.800  2463  5442 W ParceledListSlice: Element #273 is 21068 bytes.
07-29 21:19:02.801  2463  5128 W ParceledListSlice: Element #274 is 21048 bytes.
07-29 21:19:02.801  2463  5128 W ParceledListSlice: Element #275 is 21056 bytes.
07-29 21:19:02.801  2463  5128 W ParceledListSlice: Element #276 is 21036 bytes.
07-29 21:19:02.801  2463  5128 W ParceledListSlice: Element #277 is 21084 bytes.
07-29 21:19:02.801  2463  5128 W ParceledListSlice: Overly large reply size: 84248
07-29 21:19:02.801  2463  4205 I MiuiNetworkPolicy: updateUidState uid = 10169, uidState = 6
07-29 21:19:02.801  2463  5442 W ParceledListSlice: Element #278 is 21084 bytes.
07-29 21:19:02.801  2463  5442 W ParceledListSlice: Element #279 is 21096 bytes.
07-29 21:19:02.801  2463  5442 W ParceledListSlice: Element #280 is 21084 bytes.
07-29 21:19:02.801  2463  5442 W ParceledListSlice: Element #281 is 21084 bytes.
07-29 21:19:02.801  2463  5442 W ParceledListSlice: Overly large reply size: 84372
07-29 21:19:02.802  2463  5442 W ParceledListSlice: Element #282 is 21104 bytes.
07-29 21:19:02.802  2463  5442 W ParceledListSlice: Element #283 is 21092 bytes.
07-29 21:19:02.802  2463  5442 W ParceledListSlice: Element #284 is 21080 bytes.
07-29 21:19:02.802  2463  4205 I MiuiNetworkPolicy: updateUidState uid = 10303, uidState = 19
07-29 21:19:02.802  2463  4205 I MiuiNetworkPolicy: updateUidState uid = 10169, uidState = 10
07-29 21:19:02.802  2463  5531 W Bundle  : Failed to parse item error, returning null.
07-29 21:19:02.802  2463  5531 W Bundle  : android.os.BadTypeParcelableException: Parcelable creator android.os.ParcelableException is not a subclass of required class java.lang.String provided in the parameter
07-29 21:19:02.802  2463  5531 W Bundle  : 	at android.os.Parcel.readParcelableCreatorInternal(Parcel.java:5206)
07-29 21:19:02.802  2463  5531 W Bundle  : 	at android.os.Parcel.readParcelableInternal(Parcel.java:5080)
07-29 21:19:02.802  2463  5531 W Bundle  : 	at android.os.Parcel.readValue(Parcel.java:4840)
07-29 21:19:02.802  2463  5531 W Bundle  : 	at android.os.Parcel.readValue(Parcel.java:4609)
07-29 21:19:02.802  2463  5531 W Bundle  : 	at android.os.Parcel.-$$Nest$mreadValue(Unknown Source:0)
07-29 21:19:02.802  2463  5531 W Bundle  : 	at android.os.Parcel$LazyValue.apply(Parcel.java:4707)
07-29 21:19:02.802  2463  5531 W Bundle  : 	at android.os.Parcel$LazyValue.apply(Parcel.java:4666)
07-29 21:19:02.802  2463  5531 W Bundle  : 	at android.os.BaseBundle.unwrapLazyValueFromMapLocked(BaseBundle.java:416)
07-29 21:19:02.802  2463  5531 W Bundle  : 	at android.os.BaseBundle.getValueAt(BaseBundle.java:402)
07-29 21:19:02.802  2463  5531 W Bundle  : 	at android.os.BaseBundle.getPairValue(BaseBundle.java:282)
07-29 21:19:02.802  2463  5531 W Bundle  : 	at com.android.server.am.ContentProviderHelper.lambda$getMimeTypeFilterAsync$1(ContentProviderHelper.java:1212)
07-29 21:19:02.802  2463  5531 W Bundle  : 	at com.android.server.am.ContentProviderHelper.$r8$lambda$JV9jTPlBHAPZLxkKAqq24ds-FLE(Unknown Source:0)
07-29 21:19:02.802  2463  5531 W Bundle  : 	at com.android.server.am.ContentProviderHelper$$ExternalSyntheticLambda1.onResult(D8$$SyntheticClass:0)
07-29 21:19:02.802  2463  5531 W Bundle  : 	at android.os.RemoteCallback.sendResult(RemoteCallback.java:76)
07-29 21:19:02.802  2463  5531 W Bundle  : 	at android.os.RemoteCallback$1.sendResult(RemoteCallback.java:53)
07-29 21:19:02.802  2463  5531 W Bundle  : 	at android.os.IRemoteCallback$Stub.onTransact(IRemoteCallback.java:85)
07-29 21:19:02.802  2463  5531 W Bundle  : 	at android.os.Binder.execTransactInternal(Binder.java:1512)
07-29 21:19:02.802  2463  5531 W Bundle  : 	at android.os.Binder.execTransact(Binder.java:1451)
07-29 21:19:02.802 18854 18878 W ContentResolver: Failed to get type for: content://com.alibaba.aliexpress.android.search.nav.SearchSuggestionProvider/products (Unknown URL content://com.alibaba.aliexpress.android.search.nav.SearchSuggestionProvider/products)
07-29 21:19:02.807  2463  2526 W EnhancedConfirmationService: The packageName should not be null.
07-29 21:19:02.807  2463  2526 W MagnificationConnectionManager: requestConnection duplicated request: connect=false, mConnectionState=DISCONNECTED
07-29 21:19:02.815  7989  8404 I RuntimePermissionManager: isRuntimeRequestSupport: true
07-29 21:19:02.815  7989  8404 I InstalledPackagesMemoryCache: getInstallPermissionGranted=true
07-29 21:19:02.858  8974 23081 E PackageUtil: getPackageInfoAsUser failed com.microsoft.bing , 999
07-29 21:19:02.866  8974 23297 E PackageUtil: getPackageInfoAsUser failed com.microsoft.bing , 999
07-29 21:19:02.907 12982 26704 I onNQEResult: result.score = 58minscore = nullmaxscore = null
07-29 21:19:02.971  2463  5109 I NetworkBoostStatusManager: handle: 102
07-29 21:19:02.974  4916  6274 E PhoneAdapter: get ntnphones failed, exception: java.lang.IllegalStateException: Default phones haven't been made yet!
07-29 21:19:02.979  2463  5109 I NetworkBoostStatusManager: interfaceOnCapabilitiesChanged interface name:wlan0
07-29 21:19:02.981  8724  8724 I NetBusNetworkMonitor: onCapabilitiesChanged isPrimary = true
07-29 21:19:02.982  8724  8724 I NetBusNetworkMonitor: gateway=192.*.*.1
07-29 21:19:02.987  9744 10038 W Settings: Setting device_provisioned has moved from android.provider.Settings.Secure to android.provider.Settings.Global.
07-29 21:19:02.988  9744 10038 I JoyoseCloudControlManager3: network metered changed, network metered: false, deviceProvisioned: true, scAllowConn: true, try to setNetworkAccessEnabled: true
07-29 21:19:02.988  8724  8724 I NetBusNetworkMonitor: addConnectNetworkInterface mediumType:256, detail:NetworkDetailInfo{mIsConnected=false, mIsSupportTdls=true, mNetworkType=0, mIpAddress=192.*.*.11, mIfName=wlan0, mGateway=192.*.*.1, mNetmask=255.*.*.0, mSsid=C**01}
07-29 21:19:02.988  8724  8724 I NetBusNetworkMonitor: onCapabilitiesChanged handle=441492361229, mediumType=256, ifName=wlan0
07-29 21:19:02.994 31076 31441 I NearbyMediums: WifiNetwork defaultNetworkCallback onCapabilitiesChanged network:103 [ WIFI VPN ] isNonBypassable:false
07-29 21:19:03.000 19382 19460 I Cir_Miplay_NetworkListenerHelper: onCapabilitiesChanged#network=103
07-29 21:19:03.000 19382 19460 I Cir_Miplay_NetworkListenerHelper: onCapabilitiesChanged network type wifi
07-29 21:19:03.003  1827  2752 I vendor.qti.hardware.display.composer-service: Sensor: notify citsensorservice to trigger cwb, misForced = 0
07-29 21:19:03.004  3002  4297 I libsensor-parseRGB: request dump start for mRequestDisplayId 0
07-29 21:19:03.033  3002  3080 E libsensor-parseRGB: CWB NotifyCWBBufferDone  error 0
07-29 21:19:03.082 31200 31200 I cr_A11yState: Enabled accessibility services: [io.github.ylimit.droidbotapp/io.github.privacystreams.accessibility.PSAccessibilityService, null]
07-29 21:19:03.082 31200 31200 I cr_A11yState: Running accessibility services: [io.github.ylimit.droidbotapp/io.github.privacystreams.accessibility.PSAccessibilityService]
07-29 21:19:03.082 31200 31200 I cr_A11yState: Will check again after 1000 milliseconds.
07-29 21:19:03.089  1827  2108 I SDM     : DisplayBase::CommitThread: Received idle timeout, panel: cmd, timeout: 70000 us
07-29 21:19:03.094  2463  5442 I ActivityManager: Broadcasting: Intent { act=android.intent.action.MEDIA_SCANNER_SCAN_FILE dat=file:///... flg=0x400000 }
07-29 21:19:03.095  2463  5442 I ActivityManager: Enqueued broadcast Intent { act=android.intent.action.MEDIA_SCANNER_SCAN_FILE dat=file:///... flg=0x400000 }: 0
07-29 21:19:03.100  2463  4205 I MiuiNetworkPolicy: updateUidState uid = 10271, uidState = 11
07-29 21:19:03.100 13242 13242 W MiuiGallery2_BaseMediaScannerReceiver: [main] - Broadcast received, action: [android.intent.action.MEDIA_SCANNER_SCAN_FILE], data uri: [file:///sdcard/screen_2025-07-29_211902.png], CTA not allowed
07-29 21:19:03.102  2463  4205 I MiuiNetworkPolicy: updateUidState uid = 10271, uidState = 19
07-29 21:19:03.105  7633  7633 I MediaProvider: receive action = android.intent.action.MEDIA_SCANNER_SCAN_FILE schemeSpecificPart = ///sdcard/screen_2025-07-29_211902.png
07-29 21:19:03.106  2463  5442 W JobInfo : Job 'com.android.providers.media.module/com.android.providers.media.MediaService#-300' has a deadline with no functional constraints. The deadline won't improve job execution latency. Consider removing the deadline.
07-29 21:19:03.113  1844  1844 I vendor.qti.hardware.servicetrackeraidl-service: bindService is called for service : com.android.providers.media.module/com.android.providers.media.MediaService and for client system
07-29 21:19:03.113  1844  1844 I vendor.qti.hardware.servicetrackeraidl-service: total connections for service : com.android.providers.media.module/com.android.providers.media.MediaServiceare :1
07-29 21:19:03.113  1844  1844 I vendor.qti.hardware.servicetrackeraidl-service: total connections for client : systemare :32
07-29 21:19:03.114  2463  4404 I whetstone.activity: processNotifyEvent1 resId = 256, bundle = Bundle[{startTime=20981434, sourcePkg=com.android.providers.media.module, sourceUid=10249, status=1, jobId=-300, batteryName=com.android.providers.media.module/com.android.providers.media.MediaService, elapsedRealtime=20981434}]
07-29 21:19:03.115  9339 12101 I EventMonitor: notifyEvent resId=256
07-29 21:19:03.119  2463  2506 I ActivityManager: Broadcast completed: result=0
07-29 21:19:03.119  7633  8793 I MediaProvider: Begin Intent { act=android.intent.action.MEDIA_SCANNER_SCAN_FILE dat=file:///... flg=0x1400010 cmp=com.android.providers.media.module/com.android.providers.media.MediaService }
07-29 21:19:03.134  7633  8793 I MediaProvider: End Intent { act=android.intent.action.MEDIA_SCANNER_SCAN_FILE dat=file:///... flg=0x1400010 cmp=com.android.providers.media.module/com.android.providers.media.MediaService }
07-29 21:19:03.134  2463  4404 I whetstone.activity: processNotifyEvent1 resId = 256, bundle = Bundle[{startTime=20981454, sourcePkg=com.android.providers.media.module, sourceUid=10249, status=0, jobId=-300, batteryName=com.android.providers.media.module/com.android.providers.media.MediaService, elapsedRealtime=20981454}]
07-29 21:19:03.135  1844  1844 I vendor.qti.hardware.servicetrackeraidl-service: unbindService is called for service : com.android.providers.media.module/com.android.providers.media.MediaService and for client system
07-29 21:19:03.135  1844  1844 I vendor.qti.hardware.servicetrackeraidl-service: size of service connections for service: com.android.providers.media.module/com.android.providers.media.MediaServiceafter removal is 0
07-29 21:19:03.135  1844  1844 I vendor.qti.hardware.servicetrackeraidl-service: size of client connections for client: systemafter removal is 31
07-29 21:19:03.136  1844  1844 I vendor.qti.hardware.servicetrackeraidl-service: destroyService is called for service : com.android.providers.media.module/com.android.providers.media.MediaService
07-29 21:19:03.135  9339 12101 I EventMonitor: notifyEvent resId=256
07-29 21:19:03.260  7989  7989 I PackageInstallReceiver: action = android.intent.action.PACKAGE_CHANGED packageName = com.miui.cleanmaster
07-29 21:19:03.260  7989  7989 W InstalledPackagesMemoryCache: Unknown action: android.intent.action.PACKAGE_CHANGED
07-29 21:19:03.260  7989  7989 I ServiceDeliveryCapability: onAppChanged:com.miui.cleanmaster action:android.intent.action.PACKAGE_CHANGED
07-29 21:19:03.260  7989  7989 I AppWidgetDelegate: updateAppWidgets for com.miui.cleanmaster
07-29 21:19:03.260  7989  7989 I WidgetController: WidgetController.updateOrRemoveStackWhenPackageChanged: packageName com.miui.cleanmaster
07-29 21:19:03.260  7989  7989 I WidgetBackgroundBlurManager: onAppChanged appPackageName : com.miui.cleanmaster
07-29 21:19:03.261  7989  8579 I AppWidgetDelegate: removeAllWidgets com.xiaomi.misettings.usagestats.widget.desktop.widget.SimpleUsageStatsWidget
07-29 21:19:03.261  7989  8579 I AppWidgetDelegate: removeAllWidgets com.android.calendar.widget.NearEventAppWidget
07-29 21:19:03.320  3117  3117 I adbd    : in ShellService: rm /sdcard/screen_2025-07-29_211902.png
07-29 21:19:03.332  3117  3117 I adbd    : in ShellService: ps
07-29 21:19:03.350  7633 13399 I MediaProvider: Deleted paths_hashcode::1389444597/:1389444597/1442737351902.png items on external_primary due to com.android.shell tid=23313
07-29 21:19:03.472  2463  2530 W BroadcastQueue: Greezer Denial: sending Intent { act=android.net.wifi.RSSI_CHANGED flg=0x4000010 (has extras) }, action: android.net.wifi.RSSI_CHANGED from android (uid=1000) due to receiver ProcessRecord{53c2fb1 8536:com.ss.android.ugc.aweme:smp/u0a322} (uid 10322) need cached broadcast
07-29 21:19:03.473  2463  2530 W BroadcastQueue: Greezer Denial: sending Intent { act=android.net.wifi.RSSI_CHANGED flg=0x4000010 (has extras) }, action: android.net.wifi.RSSI_CHANGED from android (uid=1000) due to receiver ProcessRecord{d1daa83 20995:com.smile.gifmaker/u0a339} (uid 10339) need cached broadcast
07-29 21:19:03.473  2463  2530 I SmartPower: com.xingin.xhs/10286(12982): idle->background(3048ms) R(broadcast start Intent { act=android.net.wifi.RSSI_CHANGED flg=0x4000010 (has extras) }) adj=945.
07-29 21:19:03.498  3117  3117 I adbd    : in ShellService: dumpsys display
07-29 21:19:03.702  3117  3117 I adbd    : in ShellService: wm size
07-29 21:19:03.794  2463  5177 I NetworkAccelerateSwitchService: EVENT_RSSI_POLL. mRssiPoll=true
07-29 21:19:03.794  2463  5177 I NetworkAccelerateSwitchService: getAverageWifiRssi:64
07-29 21:19:03.805  3117  3117 I adbd    : in ShellService: dumpsys input
07-29 21:19:03.891  3117  3117 I adbd    : in ShellService: getprop ro.sf.lcd_density
07-29 21:19:03.966  3117  3117 I adbd    : in ShellService: am force-stop com.microsoft.bing
07-29 21:19:04.011  2463  5530 I ActivityManager: Force stopping com.microsoft.bing appid=10378 user=0: from process:23332
07-29 21:19:04.014  2463  5530 E ClipboardServiceI: removeActivePermissionOwnerForPackage: mPrimaryClipPackage is null or get is null
07-29 21:19:04.015  2463  5530 I AppsFilter: interaction: PackageSetting{6c582ea com.android.microdroid.empty_payload/10236} -> PackageSetting{af839db com.microsoft.bing/10378} BLOCKED
07-29 21:19:04.015  2463  5530 I AppsFilter: interaction: PackageSetting{90f8f51 io.appium.uiautomator2.server.test/10280} -> PackageSetting{af839db com.microsoft.bing/10378} BLOCKED
07-29 21:19:04.015  2463  5530 I AppsFilter: interaction: PackageSetting{2f0e3b6 io.github.ylimit.droidbotapp/10377} -> PackageSetting{af839db com.microsoft.bing/10378} BLOCKED
07-29 21:19:04.015  2463  5530 I AppsFilter: interaction: PackageSetting{6d0f824 com.rongcard.eid/10151} -> PackageSetting{af839db com.microsoft.bing/10378} BLOCKED
07-29 21:19:04.015  2463  5530 I AppsFilter: interaction: PackageSetting{26ccf8d io.appium.settings/10274} -> PackageSetting{af839db com.microsoft.bing/10378} BLOCKED
07-29 21:19:04.016  4905  5122 I DynamicDDSService: handleMessage(ACTIVITY_INVOKE{appInfo=com.miui.home isFullScreen=}true)
07-29 21:19:04.024  2463  5539 W ParceledListSlice: Element #8 is 20788 bytes.
07-29 21:19:04.024  2463  5539 W ParceledListSlice: Element #9 is 20768 bytes.
07-29 21:19:04.026  7773  7773 E RegisteredServicesCache: Skipping application component ComponentInfo{com.UCMobile/com.alibaba.ariver.commonability.device.jsapi.nfc.service.TinyAppHostApduService}: it must request the permission android.permission.NFC
07-29 21:19:04.026  7773  7773 E RegisteredServicesCache: Skipping application component ComponentInfo{com.UCMobile/com.alipay.mobile.aompdevice.nfc.service.TinyAppHostApduService}: it must request the permission android.permission.NFC
07-29 21:19:04.027  7773  7773 E RegisteredServicesCache: Skipping application component ComponentInfo{com.autonavi.minimap/com.alibaba.ariver.commonability.device.jsapi.nfc.service.TinyAppHostApduService}: it must request the permission android.permission.NFC
07-29 21:19:04.027  7773  7773 E RegisteredServicesCache: Skipping application component ComponentInfo{com.autonavi.minimap/com.alipay.mobile.aompdevice.nfc.service.TinyAppHostApduService}: it must request the permission android.permission.NFC
07-29 21:19:04.029  7773  7773 I RegisteredServicesCache: current user: 0, is managed profile : false
07-29 21:19:04.031  7773  7773 I RegisteredAidCache: updateRoutingLocked(false): Enter
07-29 21:19:04.031  7773  7773 I AidRoutingManager: configureRouting(false): Enter
07-29 21:19:04.032  7773  7773 E AidRoutingManager: Size of routing table970
07-29 21:19:04.032  7773  7773 I RegisteredAidCache: updateRoutingLocked(false): exit
07-29 21:19:04.033  7773  7773 I libnfc_nci: [INFO:NativeT4tNfcee.cpp(870)] nfcManager_isFwSupportNonStdT4TAid Enter isFwSupport = 1
07-29 21:19:04.033  7773  7773 I libnfc_nci: [INFO:SecureElement.cpp(1487)] SecureElement::getEseHandleFromGenericId: enter; ESE-ID = 0x7F
07-29 21:19:04.033  7773  7773 I libnfc_nci: [INFO:SecureElement.cpp(1528)] SecureElement::getEseHandleFromGenericId: enter; ESE-Handle = 0x410
07-29 21:19:04.033  7773  7773 I libnfc_nci: [INFO:SecureElement.cpp(1487)] SecureElement::getEseHandleFromGenericId: enter; ESE-ID = 0x00
07-29 21:19:04.033  7773  7773 I libnfc_nci: [INFO:SecureElement.cpp(1528)] SecureElement::getEseHandleFromGenericId: enter; ESE-Handle = 0x400
07-29 21:19:04.034  4897 26808 I SecureElement-Terminal-eSE1: isSecureElementPresent()
07-29 21:19:04.034  1746  1746 I android.hardware.secure_element-service.qti: isCardPresent
07-29 21:19:04.034  1746  1746 I android.hardware.secure_element-service.qti: isCardPresent exit, cardPresent: 1
07-29 21:19:04.035  4897 26808 I SecureElement-Terminal-SIM1: isSecureElementPresent()
07-29 21:19:04.036  4897 26808 I SecureElement-Terminal-SIM1: isNfcEventAllowed: No access rules for checking.
07-29 21:19:04.036  4897 26808 I SecureElement-Terminal-SIM2: isSecureElementPresent()
07-29 21:19:04.079  3117  3117 I adbd    : in ShellService: input keyevent HOME
07-29 21:19:04.087 31200 31200 I cr_A11yState: Enabled accessibility services: [io.github.ylimit.droidbotapp/io.github.privacystreams.accessibility.PSAccessibilityService, null]
07-29 21:19:04.087 31200 31200 I cr_A11yState: Running accessibility services: [io.github.ylimit.droidbotapp/io.github.privacystreams.accessibility.PSAccessibilityService]
07-29 21:19:04.087 31200 31200 I cr_A11yState: Will check again after 2000 milliseconds.
07-29 21:19:04.133  2463  5539 W MIUIInput: Input event injection from package: null action ACTION_DOWN keycode 3
07-29 21:19:04.135  2463  5539 W MiuiInputKeyEventLog: keyCode:3 down:true eventTime:20982452 downTime:20982452 policyFlags:2b000000 flags:0 metaState:0 deviceId:-1 isScreenOn:true keyguardActive:false repeatCount:0
07-29 21:19:04.137  2463  5539 W MIUIInput: Input event injection from package: null action ACTION_UP keycode 3
07-29 21:19:04.138  2463  2528 W ActivityManagerServiceImpl: Sending non-protected broadcast com.miui.fullscreen_state_change from system 2463:system/1000 pkg android. Callers=com.android.server.am.ActivityManagerService.checkBroadcastFromSystem:16255 com.android.server.am.ActivityManagerService.broadcastIntentLockedTraced:17126 com.android.server.am.ActivityManagerService.broadcastIntentLocked:16315 com.android.server.am.ActivityManagerService.broadcastIntentWithFeature:17337 android.app.ContextImpl.sendBroadcastAsUser:1495 
07-29 21:19:04.138  2463  5539 W MiuiInputKeyEventLog: keyCode:3 down:false eventTime:20982457 downTime:20982452 policyFlags:2b000000 flags:0 metaState:0 deviceId:-1 isScreenOn:true keyguardActive:false repeatCount:0
07-29 21:19:04.138  2105  2105 E DisplayModeController: setDesiredMode : Idle status skip setActiveMode, isDdicIdleMode: 1
07-29 21:19:04.138  2463  4068 E MiuiInputKeyEventLog: before go to home
07-29 21:19:04.139  2463  2528 W ActivityManagerServiceImpl: Sending non-protected broadcast com.miui.launch_home_from_hotkey from system 2463:system/1000 pkg android. Callers=com.android.server.am.ActivityManagerService.checkBroadcastFromSystem:16255 com.android.server.am.ActivityManagerService.broadcastIntentLockedTraced:17126 com.android.server.am.ActivityManagerService.broadcastIntentLocked:16315 com.android.server.am.ActivityManagerService.broadcastIntentWithFeature:17337 android.app.ContextImpl.sendBroadcastAsUser:1536 
07-29 21:19:04.144  1827  2399 I SDM     : HWCDisplay::SetActiveConfigWithConstraints: display:66-0, config: 3, WxH 1200x2670, fps 120
07-29 21:19:04.145  1827  2399 W SDM     : HWDeviceDRM::GetSupportedBitClkRate: Requested rate not supported: 1150000000
07-29 21:19:04.145  1827  2399 I SDM     : HWDeviceDRM::UpdateMixerAttributes: Mixer WxH 1200x2670-1 for Peripheral
07-29 21:19:04.145  1827  2399 I SDM     : HWCDisplay::SubmitDisplayConfig: Active configuration changed from config 1 to 3
07-29 21:19:04.145  1827  2399 I SDM     : HWCDisplay::SubmitDisplayConfig: Active WxH 1200x2670 ,ddic_mode:auto, timing_fps: 120, sf_fps: 120
07-29 21:19:04.146  2463  4068 W ActivityTaskManager: callingPackage for (uid=-1, pid=0) has no WPC
07-29 21:19:04.146  8013  8013 I VideoToolBoxService: onReceive: android.intent.action.CLOSE_SYSTEM_DIALOGS
07-29 21:19:04.148  4979  4979 I ControlCenterExpandController: hide panel true true
07-29 21:19:04.148  2463  4068 W OptProp : Cannot read opt property android.window.PROPERTY_COMPAT_ALLOW_ORIENTATION_OVERRIDE
07-29 21:19:04.148  8013  8013 I GameBoosterService: onReceive: android.intent.action.CLOSE_SYSTEM_DIALOGS
07-29 21:19:04.149  4979  4979 I VolumeShowHideAnimator: isRunning: false, mExpanded: false
07-29 21:19:04.149  4979  4979 I VolumeExpandCollapsedAnimator: isRunning: false, mExpanded: false
07-29 21:19:04.149  4979  4979 I VolumePanelViewController_true: dismissH mShowing:false, reason:volume_controller, isAnimating: false, needShowDialog=true, KeyAnimatingStream=-1
07-29 21:19:04.149  4979  4979 I VolumeShowHideAnimator: isRunning: false, mExpanded: false
07-29 21:19:04.149  4979  4979 I VolumeExpandCollapsedAnimator: isRunning: false, mExpanded: false
07-29 21:19:04.149  4979  4979 I VolumePanelViewController_false: dismissH mShowing:false, reason:volume_controller, isAnimating: false, needShowDialog=false, KeyAnimatingStream=-1
07-29 21:19:04.150  1827  2752 I vendor.qti.hardware.display.composer-service: Sensor: notify citsensorservice to trigger cwb, misForced = 0
07-29 21:19:04.150  2463  4068 E ActivityTaskManager: Unable to get servicetracker HAL instance
07-29 21:19:04.150  2463  4068 E ActivityTaskManager: Unable to get servicetracker HAL instance
07-29 21:19:04.151  2463  4068 E WindowManager: setClientVisible ActivityRecord{91b15e8 u0 com.miui.home/.launcher.Launcher true
07-29 21:19:04.151  2463  4068 W OptProp : Cannot read opt property android.window.PROPERTY_COMPAT_ALLOW_RESIZEABLE_ACTIVITY_OVERRIDES
07-29 21:19:04.151  2463  4068 W OptProp : Cannot read opt property android.window.PROPERTY_COMPAT_ALLOW_MIN_ASPECT_RATIO_OVERRIDE
07-29 21:19:04.151  3002  4297 I libsensor-parseRGB: request dump start for mRequestDisplayId 0
07-29 21:19:04.152  2463  4068 I AnimInterruptController: FIS notify Foresee interrupt start:354
07-29 21:19:04.153  2463  4068 I ActivityTaskManager: isKeyguardEditor: false, newTransition: TransitionRecord{7f5a2a6 id=355 type=OPEN flags=0x0}
07-29 21:19:04.155  2463  4068 I AnimInterruptController: FIS reset Foresee interrupt status
07-29 21:19:04.157  2463  4068 I ActivityTaskManager: START u0 {act=android.intent.action.MAIN cat=[android.intent.category.HOME] flg=0x10000100 cmp=com.miui.home/.launcher.Launcher (has extras)} with LAUNCH_SINGLE_TASK from uid 0 from pid 0 callingPackage null callers: com.android.server.wm.RootWindowContainer.lambda$startHomeOnDisplay$11:1607 com.android.server.wm.RootWindowContainer.$r8$lambda$DFaa7QLApF8rlf4uiy_4K0Hxf2Y:0 com.android.server.wm.RootWindowContainer$$ExternalSyntheticLambda50.apply:0 com.android.server.wm.TaskDisplayArea.reduceOnAllTaskDisplayAreas:526  (BAL_ALLOW_ALLOWLISTED_UID) result code=3
07-29 21:19:04.158  7989  7989 I LauncherOverlayCallback: handleMessage WHAT_ACTIVITY_STATE_CHANGED what1
07-29 21:19:04.158  7989  7989 I LauncherOverlayCallback: handleMessage WHAT_LAUNCHER_STATE what1
07-29 21:19:04.159  7989  7989 I AssistantOverlayWindow: lockToHideOverlay
07-29 21:19:04.159  2463  5539 I NotificationService: cancelToast pkg=com.miui.home token=android.os.BinderProxy@a056b3f
07-29 21:19:04.159  2463  5539 W NotificationService: Toast already cancelled. pkg=com.miui.home token=android.os.BinderProxy@a056b3f
07-29 21:19:04.159  4497  4497 I Launcher: onNewIntent
07-29 21:19:04.159  4497  4497 I ConnectAnimFinishCallbackManager: mNeedShowLauncher = true, waitFrameworkAnimCallback = false
07-29 21:19:04.160  4497  4497 E RotationHelper: setCurrentStateRequest: request=0
07-29 21:19:04.160  4497  4497 I ScreenView_Workspace: isAllowScrollAnimStart: false
07-29 21:19:04.163  4497  4497 W Settings: Setting device_provisioned has moved from android.provider.Settings.Secure to android.provider.Settings.Global.
07-29 21:19:04.163  2463  4205 I MiuiNetworkPolicy: bandwidth: 25 KB/s, Max bandwidth: 1589 KB/s
07-29 21:19:04.164  4497  4497 E Launcher.application: setClickAppWaitForCallback = false
07-29 21:19:04.165  4497  4497 I Launcher: changeMIUIWidgetEditMode false
07-29 21:19:04.165  8013  8013 I VideoToolBoxService: onReceive: android.intent.action.CLOSE_SYSTEM_DIALOGS
07-29 21:19:04.165  8013  8013 I GameBoosterService: onReceive: android.intent.action.CLOSE_SYSTEM_DIALOGS
07-29 21:19:04.165  7989  7989 I LauncherOverlayCallback: handleMessage WHAT_ACTIVITY_STATE_CHANGED what3
07-29 21:19:04.165  7989  7989 I LauncherOverlayCallback: handleMessage WHAT_LAUNCHER_STATE what3
07-29 21:19:04.166  2105  5771 W HWComposer: Ignoring duplicate VSYNC event from HWC for display 4630947082089526659 (t=20982485347000)
07-29 21:19:04.169  4497  4497 I HandWritingStubImpl: refreshLastKeyboardType: 1
07-29 21:19:04.169  4497  4497 I HandWritingStubImpl: getCurrentKeyboardType: 1
07-29 21:19:04.170  4497  4497 I Launcher.widget: onInvisible 
07-29 21:19:04.170  4497  4497 I Launcher.widget: onInvisible 
07-29 21:19:04.170  4979  4979 I VolumeShowHideAnimator: isRunning: false, mExpanded: false
07-29 21:19:04.170  4979  4979 I VolumeExpandCollapsedAnimator: isRunning: false, mExpanded: false
07-29 21:19:04.170  4979  4979 I VolumePanelViewController_true: dismissH mShowing:false, reason:volume_controller, isAnimating: false, needShowDialog=true, KeyAnimatingStream=-1
07-29 21:19:04.170  4979  4979 I VolumeShowHideAnimator: isRunning: false, mExpanded: false
07-29 21:19:04.170  4979  4979 I VolumeExpandCollapsedAnimator: isRunning: false, mExpanded: false
07-29 21:19:04.170  4979  4979 I VolumePanelViewController_false: dismissH mShowing:false, reason:volume_controller, isAnimating: false, needShowDialog=false, KeyAnimatingStream=-1
07-29 21:19:04.171  4979  4979 I ControlCenterExpandController: hide panel true true
07-29 21:19:04.171  2463  4108 W InputMethodManagerService: Clear show forced flag.
07-29 21:19:04.171  2463  4108 W SecurityInputMethodSwitcher: first check switch to security ime: false
07-29 21:19:04.171  2463  4108 W SecurityInputMethodSwitcher: double check switch to security ime: false
07-29 21:19:04.172  2463  4108 W SecurityInputMethodSwitcher: switch to other input method from security ime:false mayChangeToMiuiSecurityInputMethod: false current focus window: android.os.BinderProxy@e737978
07-29 21:19:04.174  2105  5771 W HWComposer: Ignoring duplicate VSYNC event from HWC for display 4630947082089526659 (t=20982493654000)
07-29 21:19:04.180  3002  6353 E libsensor-parseRGB: CWB NotifyCWBBufferDone  error 0
07-29 21:19:04.182  2105  5771 W HWComposer: Ignoring duplicate VSYNC event from HWC for display 4630947082089526659 (t=20982501959000)
07-29 21:19:04.191  2105  5771 W HWComposer: Ignoring duplicate VSYNC event from HWC for display 4630947082089526659 (t=20982510264000)
07-29 21:19:04.199  2105  5771 W HWComposer: Ignoring duplicate VSYNC event from HWC for display 4630947082089526659 (t=20982518570000)
07-29 21:19:04.207  2105  5771 W HWComposer: Ignoring duplicate VSYNC event from HWC for display 4630947082089526659 (t=20982526906000)
07-29 21:19:04.216  2105  2236 W HWComposer: Ignoring duplicate VSYNC event from HWC for display 4630947082089526659 (t=20982535240000)
07-29 21:19:04.224  2105  5771 W HWComposer: Ignoring duplicate VSYNC event from HWC for display 4630947082089526659 (t=20982543572000)
07-29 21:19:04.252  2463  4412 I SmartPower: com.miui.cleanmaster/10266(21077): background->idle(3002ms) R(service create com.miui.cleanmaster/com.miui.optimizecenter.service.CleanMasterService) adj=905.
07-29 21:19:04.255  2463  4412 I SmartPower: com.android.packageinstaller/10097(11835): background->idle(3000ms) R(broadcast start Intent { act=android.intent.action.PACKAGE_ADDED dat=package: flg=0x5000010 pkg=com.android.packageinstaller (has extras) }) adj=915.
07-29 21:19:04.269  2463  3740 W ContentProviderHelper: No provider info for content provider  when providerRunning is false, caller is ProcessRecord{15056c5 18854:com.android.quicksearchbox:ApplicationsProvider/u0a136}
07-29 21:19:04.269 18854 18878 E ActivityThread: Failed to find provider info for 
07-29 21:19:04.270  2463  5530 W ContentProviderHelper: No provider info for content provider  when providerRunning is false, caller is null
07-29 21:19:04.274  2463  3740 I ClipboardServiceI: checkProviderWakePathForClipboard: primaryClip is null
07-29 21:19:04.278  2463  5539 W ContentProviderHelper: Permission Denial: opening provider com.alibaba.aliexpress.android.search.nav.SearchSuggestionProvider from ProcessRecord{15056c5 18854:com.android.quicksearchbox:ApplicationsProvider/u0a136} (pid=18854, uid=10136) that is not exported from UID 10303
07-29 21:19:04.284  2463  4205 I MiuiNetworkPolicy: updateUidState uid = 10303, uidState = 6
07-29 21:19:04.285  2463  5539 I ClipboardServiceI: checkProviderWakePathForClipboard: primaryClip is null
07-29 21:19:04.285  2463  4205 I MiuiNetworkPolicy: updateUidState uid = 10169, uidState = 6
07-29 21:19:04.292  2463  4205 I MiuiNetworkPolicy: updateUidState uid = 10303, uidState = 19
07-29 21:19:04.294  2463  4205 I MiuiNetworkPolicy: updateUidState uid = 10169, uidState = 10
07-29 21:19:04.295  2463  5442 W Bundle  : Failed to parse item error, returning null.
07-29 21:19:04.295  2463  5442 W Bundle  : android.os.BadTypeParcelableException: Parcelable creator android.os.ParcelableException is not a subclass of required class java.lang.String provided in the parameter
07-29 21:19:04.295  2463  5442 W Bundle  : 	at android.os.Parcel.readParcelableCreatorInternal(Parcel.java:5206)
07-29 21:19:04.295  2463  5442 W Bundle  : 	at android.os.Parcel.readParcelableInternal(Parcel.java:5080)
07-29 21:19:04.295  2463  5442 W Bundle  : 	at android.os.Parcel.readValue(Parcel.java:4840)
07-29 21:19:04.295  2463  5442 W Bundle  : 	at android.os.Parcel.readValue(Parcel.java:4609)
07-29 21:19:04.295  2463  5442 W Bundle  : 	at android.os.Parcel.-$$Nest$mreadValue(Unknown Source:0)
07-29 21:19:04.295  2463  5442 W Bundle  : 	at android.os.Parcel$LazyValue.apply(Parcel.java:4707)
