07-29 21:33:20.801  1844  1844 I vendor.qti.hardware.servicetrackeraidl-service: bindService is called for service : com.google.android.gms/.chimera.PersistentDirectBootAwareApiService and for client com.google.android.apps.tasks
07-29 21:33:20.801  8724  8724 I com.xiaomi.dm: onAccountsUpdated
07-29 21:33:20.801  1844  1844 I vendor.qti.hardware.servicetrackeraidl-service: total connections for service : com.google.android.gms/.chimera.PersistentDirectBootAwareApiServiceare :5
07-29 21:33:20.801  1844  1844 I vendor.qti.hardware.servicetrackeraidl-service: total connections for client : com.google.android.apps.tasksare :2
07-29 21:33:20.801  5332  5332 W libc    : Access denied finding property "ro.vendor.df.effect.conflict"
07-29 21:33:20.801  4505 12832 I htmlviewercloudcontrol: isStagingEnv:false param =  xspace_guide  uriMatch = 2, cluster: cn, version: 553104, traceId: aa4a7f1732c179f033e45bb6df6285c3, regId: +4z3RS85+e2U9l+sd6caQ/srGmJCsEbKpG1twyPn1K0CrNNyxYT/yAgGVxm5X+yC
07-29 21:33:20.801  8724  9739 I com.xiaomi.dm: onOnline, account:Account {name=3085********type=com.xiaomi}
07-29 21:33:20.802  2463  4349 I PowerManagerServiceImpl: Partial wakeLock:[PARTIAL_WAKE_LOCK                 'ChimeExecutorApi::com.google.android.apps.magazines' ACQ=-26ms (uid=10315 pid=26722 pkg=com.google.android.apps.magazines)], disabled: true, procState: 11, reason: greeze
07-29 21:33:20.802  1844  1844 I vendor.qti.hardware.servicetrackeraidl-service: bindService is called for service : com.google.android.gms/.chimera.PersistentApiService and for client com.google.android.gms
07-29 21:33:20.802  1844  1844 I vendor.qti.hardware.servicetrackeraidl-service: total connections for service : com.google.android.gms/.chimera.PersistentApiServiceare :9
07-29 21:33:20.802  1844  1844 I vendor.qti.hardware.servicetrackeraidl-service: total connections for client : com.google.android.gmsare :9
07-29 21:33:20.802  5332  5332 W libc    : Access denied finding property "ro.vendor.mi_sf.new_dynamic_refresh_rate"
07-29 21:33:20.797  5332  5332 W eddit.frontpage: type=1400 audit(0.0:18355): avc:  denied  { read } for  name="u:object_r:vendor_displayfeature_prop:s0" dev="tmpfs" ino=478 scontext=u:r:untrusted_app_30:s0:c136,c257,c512,c768 tcontext=u:object_r:vendor_displayfeature_prop:s0 tclass=file permissive=0 app=com.reddit.frontpage
07-29 21:33:20.797  5332  5332 W eddit.frontpage: type=1400 audit(0.0:18356): avc:  denied  { read } for  name="u:object_r:vendor_displayfeature_prop:s0" dev="tmpfs" ino=478 scontext=u:r:untrusted_app_30:s0:c136,c257,c512,c768 tcontext=u:object_r:vendor_displayfeature_prop:s0 tclass=file permissive=0 app=com.reddit.frontpage
07-29 21:33:20.804  2463  4349 I PowerManagerServiceImpl: Partial wakeLock:[PARTIAL_WAKE_LOCK                 'ChimeExecutorApi::com.google.android.apps.tasks' ACQ=-19ms (uid=10300 pid=28321 pkg=com.google.android.apps.tasks)], disabled: true, procState: 11, reason: greeze
07-29 21:33:20.805  1844  1844 I vendor.qti.hardware.servicetrackeraidl-service: destroyService is called for service : com.google.android.gms/.auth.account.be.accountstate.LoginAccountsChangedIntentService
07-29 21:33:20.805  1844  1844 I vendor.qti.hardware.servicetrackeraidl-service: bindService is called for service : com.google.android.gms/.chimera.PersistentDirectBootAwareApiService and for client com.google.android.gm
07-29 21:33:20.805  1844  1844 I vendor.qti.hardware.servicetrackeraidl-service: total connections for service : com.google.android.gms/.chimera.PersistentDirectBootAwareApiServiceare :6
07-29 21:33:20.805  1844  1844 I vendor.qti.hardware.servicetrackeraidl-service: total connections for client : com.google.android.gmare :4
07-29 21:33:20.806 31105 27989 I PaymentsSuwIntentOp: Processing intent action = android.accounts.LOGIN_ACCOUNTS_CHANGED
07-29 21:33:20.806 31105 27989 I PaymentsSuwIntentOp: Account added has already been processed
07-29 21:33:20.806  2463  4349 I PowerManagerServiceImpl: Partial wakeLock:[PARTIAL_WAKE_LOCK                 'Broadcast to anonymous android.accounts.LOGIN_ACCOUNTS_CHANGED -> handleBroadcast' ACQ=-109ms (uid=10290 pid=31400 pkg=com.google.android.gm)], disabled: true, procState: 8, reason: greeze
07-29 21:33:20.806  2463  4349 I PowerManagerServiceImpl: Partial wakeLock:[PARTIAL_WAKE_LOCK                 '*job*/@androidx.work.systemjobscheduler@com.google.android.gm/androidx.work.impl.background.systemjob.SystemJobService' ACQ=-98ms (uid=1000 pid=2463 pkg=android ws=WorkSource{10290 com.google.android.gm})], disabled: true, procState: 0, reason: greeze
07-29 21:33:20.806  2463  4349 I PowerManagerServiceImpl: Partial wakeLock:[PARTIAL_WAKE_LOCK                 '*job*/com.google.android.gm/com.android.email.job.LoginAccountsChangedJob$LoginAccountsChangedJobService' ACQ=-58ms (uid=1000 pid=2463 pkg=android ws=WorkSource{10290 com.google.android.gm})], disabled: true, procState: 0, reason: greeze
07-29 21:33:20.810 32194 27970 I AccountChangeReceiver: handleAccountChange: type = com.anydo.account
07-29 21:33:20.810  2463  5531 I PowerManagerServiceImpl: Partial wakeLock:[PARTIAL_WAKE_LOCK                 'ChimeExecutorApi::com.google.android.apps.magazines' DISABLED (uid=10315 pid=26722 pkg=com.google.android.apps.magazines)], disabled: false, procState: 11, reason: greeze
07-29 21:33:20.810  2463  4404 I whetstone.activity: processNotifyEvent1 resId = 256, bundle = Bundle[{startTime=21839129, sourcePkg=com.reddit.frontpage, sourceUid=10392, status=1, jobId=1, batteryName=com.reddit.frontpage/androidx.work.impl.background.systemjob.SystemJobService, elapsedRealtime=21839129}]
07-29 21:33:20.810  9339 12101 I EventMonitor: notifyEvent resId=256
07-29 21:33:20.827  4505 12832 I htmlviewercloudcontrol: isStagingEnv:false param =  xspace_guide  uriMatch = 2, cluster: cn, version: 553104, traceId: aa4a7f1732c179f033e45bb6df6285c3, regId: +4z3RS85+e2U9l+sd6caQ/srGmJCsEbKpG1twyPn1K0CrNNyxYT/yAgGVxm5X+yC
07-29 21:33:20.827  1844  1844 I vendor.qti.hardware.servicetrackeraidl-service: bindService is called for service : com.google.android.gms/.backup.GmsBackupAccountManagerService and for client com.google.android.gms
07-29 21:33:20.827  1844  1844 I vendor.qti.hardware.servicetrackeraidl-service: total connections for service : com.google.android.gms/.backup.GmsBackupAccountManagerServiceare :1
07-29 21:33:20.827  1844  1844 I vendor.qti.hardware.servicetrackeraidl-service: total connections for client : com.google.android.gmsare :10
07-29 21:33:20.827  5332 27981 I ContentCatcher: ViewContentFetcher : ViewContentFetcher
07-29 21:33:20.829  1844  1844 I vendor.qti.hardware.servicetrackeraidl-service: unbindService is called for service : com.google.android.gms/.backup.GmsBackupAccountManagerService and for client com.google.android.gms
07-29 21:33:20.829  1844  1844 I vendor.qti.hardware.servicetrackeraidl-service: size of service connections for service: com.google.android.gms/.backup.GmsBackupAccountManagerServiceafter removal is 0
07-29 21:33:20.829  1844  1844 I vendor.qti.hardware.servicetrackeraidl-service: size of client connections for client: com.google.android.gmsafter removal is 9
07-29 21:33:20.829  1844  1844 I vendor.qti.hardware.servicetrackeraidl-service: destroyService is called for service : com.google.android.gms/.backup.GmsBackupAccountManagerService
07-29 21:33:20.833  1844  1844 I vendor.qti.hardware.servicetrackeraidl-service: unbindService is called for service : com.google.android.gms/.backup.BackupAccountManagerService and for client com.google.android.gms
07-29 21:33:20.833  1844  1844 I vendor.qti.hardware.servicetrackeraidl-service: size of service connections for service: com.google.android.gms/.backup.BackupAccountManagerServiceafter removal is 0
07-29 21:33:20.833  1844  1844 I vendor.qti.hardware.servicetrackeraidl-service: size of client connections for client: com.google.android.gmsafter removal is 8
07-29 21:33:20.833  1844  1844 I vendor.qti.hardware.servicetrackeraidl-service: destroyService is called for service : com.google.android.gms/.backup.BackupAccountManagerService
07-29 21:33:20.833  1844  1844 I vendor.qti.hardware.servicetrackeraidl-service: bindService is called for service : com.reddit.frontpage/androidx.work.impl.background.systemjob.SystemJobService and for client system
07-29 21:33:20.833  1844  1844 I vendor.qti.hardware.servicetrackeraidl-service: total connections for service : com.reddit.frontpage/androidx.work.impl.background.systemjob.SystemJobServiceare :1
07-29 21:33:20.833  1844  1844 I vendor.qti.hardware.servicetrackeraidl-service: total connections for client : systemare :42
07-29 21:33:20.833  1844  1844 I vendor.qti.hardware.servicetrackeraidl-service: unbindService is called for service : com.google.android.gms/.auth.account.authenticator.GoogleAccountAuthenticatorService and for client system
07-29 21:33:20.833  1844  1844 I vendor.qti.hardware.servicetrackeraidl-service: size of service connections for service: com.google.android.gms/.auth.account.authenticator.GoogleAccountAuthenticatorServiceafter removal is 0
07-29 21:33:20.833  1844  1844 I vendor.qti.hardware.servicetrackeraidl-service: size of client connections for client: systemafter removal is 41
07-29 21:33:20.833  1844  1844 I vendor.qti.hardware.servicetrackeraidl-service: destroyService is called for service : com.google.android.gms/.auth.account.authenticator.GoogleAccountAuthenticatorService
07-29 21:33:20.834  5332 27981 E ContentCatcherManager: failed to get ContentCatcherService.
07-29 21:33:20.835  5332 27981 E ContentCatcherManager: failed to get ContentCatcherService.
07-29 21:33:20.835 32194 27970 I AccountChangeReceiver: handleAccountChange: type = ru.mail
07-29 21:33:20.836  4505 12832 I htmlviewercloudcontrol: isStagingEnv:false param =  xspace_guide  uriMatch = 2, cluster: cn, version: 553104, traceId: aa4a7f1732c179f033e45bb6df6285c3, regId: +4z3RS85+e2U9l+sd6caQ/srGmJCsEbKpG1twyPn1K0CrNNyxYT/yAgGVxm5X+yC
07-29 21:33:20.844  2463  4404 I whetstone.activity: processNotifyEvent1 resId = 256, bundle = Bundle[{startTime=21839163, sourcePkg=com.reddit.frontpage, sourceUid=10392, status=1, jobId=2, batteryName=com.reddit.frontpage/androidx.work.impl.background.systemjob.SystemJobService, elapsedRealtime=21839163}]
07-29 21:33:20.844  9339 12101 I EventMonitor: notifyEvent resId=256
07-29 21:33:20.845  5332 27981 I ContentCatcher: SettingTrigger : register screen QA status observer launcher.default
07-29 21:33:20.846 32194 27970 I AccountChangeReceiver: handleAccountChange: type = quark.account
07-29 21:33:20.846  2463  4349 W Process : Unable to open /proc/9868/status
07-29 21:33:20.847  1844  1844 I vendor.qti.hardware.servicetrackeraidl-service: destroyService is called for service : com.miui.securitycore/com.miui.securityspace.service.AccountChangeService
07-29 21:33:20.848  5332 27981 I ContentCatcher: SettingTrigger : register global collect status observer launcher.default
07-29 21:33:20.849  2463  4205 I MiuiNetworkPolicy: updateUidState uid = 10092, uidState = 15
07-29 21:33:20.850  2463  4312 E JobScheduler.SSRU: Job is being prepared but doesn't have a pre-existing accountToJobMap
07-29 21:33:20.851  2463  5533 W ActivityManager: Permission Denial: getCurrentUser() from pid=5332, uid=10392 requires android.permission.INTERACT_ACROSS_USERS
07-29 21:33:20.852  5332 28008 E FramePredict: registerContentObserver fail
07-29 21:33:20.852  1844  1844 I vendor.qti.hardware.servicetrackeraidl-service: bindService is called for service : android/com.android.server.content.SyncJobService and for client system
07-29 21:33:20.852  1844  1844 I vendor.qti.hardware.servicetrackeraidl-service: total connections for service : android/com.android.server.content.SyncJobServiceare :1
07-29 21:33:20.852  1844  1844 I vendor.qti.hardware.servicetrackeraidl-service: total connections for client : systemare :42
07-29 21:33:20.855  2463  4404 I whetstone.activity: processNotifyEvent1 resId = 256, bundle = Bundle[{startTime=21839174, sourcePkg=com.google.android.gms, sourceUid=10130, status=1, jobId=55, batteryName=@SyncManager@com.google.android.gms.games/com.google:android, elapsedRealtime=21839174}]
07-29 21:33:20.855  9339 12101 I EventMonitor: notifyEvent resId=256
07-29 21:33:20.856  2463  4205 I MiuiNetworkPolicy: updateUidState uid = 10315, uidState = 19
07-29 21:33:20.856  1844  1844 I vendor.qti.hardware.servicetrackeraidl-service: bindService is called for service : com.reddit.frontpage/androidx.work.impl.background.systemjob.SystemJobService and for client system
07-29 21:33:20.856  1844  1844 I vendor.qti.hardware.servicetrackeraidl-service: total connections for service : com.reddit.frontpage/androidx.work.impl.background.systemjob.SystemJobServiceare :1
07-29 21:33:20.856  1844  1844 I vendor.qti.hardware.servicetrackeraidl-service: total connections for client : systemare :42
07-29 21:33:20.857  7078  7078 I AccountChangedReceiver: onReceive: android.accounts.LOGIN_ACCOUNTS_CHANGED
07-29 21:33:20.858  7078 31971 E SysUtils: cancelNotificationById: 5,showRedDot:-1
07-29 21:33:20.859  5332  5332 I ViewRootImpl: com.reddit.frontpage/launcher.default use first frame acceleration
07-29 21:33:20.860  1827  2752 I vendor.qti.hardware.display.composer-service: Sensor: notify citsensorservice to trigger cwb, misForced = 0
07-29 21:33:20.861  3002  4297 I libsensor-parseRGB: request dump start for mRequestDisplayId 0
07-29 21:33:20.862  2463  4404 I whetstone.activity: processNotifyEvent1 resId = 256, bundle = Bundle[{startTime=21839182, sourcePkg=com.reddit.frontpage, sourceUid=10392, status=1, jobId=3, batteryName=com.reddit.frontpage/androidx.work.impl.background.systemjob.SystemJobService, elapsedRealtime=21839182}]
07-29 21:33:20.862  9339 12101 I EventMonitor: notifyEvent resId=256
07-29 21:33:20.863  2463  4205 I MiuiNetworkPolicy: updateUidState uid = 10161, uidState = 11
07-29 21:33:20.864  2463  4312 E JobScheduler.SSRU: Job is being prepared but doesn't have a pre-existing accountToJobMap
07-29 21:33:20.864  3118 27569 I VA_ActivityStateHelper: activityResumed componentName ComponentInfo{com.reddit.frontpage/com.reddit.frontpage.main.MainActivity}
07-29 21:33:20.865  4497  4497 W RecentsImpl: updateStubViewVisibility, className=com.reddit.frontpage.main.MainActivity
07-29 21:33:20.865  7989 28397 I ActivityObserverUtil: activityResumed ComponentInfo{com.reddit.frontpage/com.reddit.frontpage.main.MainActivity}
07-29 21:33:20.865  2463  4205 I MiuiNetworkPolicy: updateUidState uid = 10161, uidState = 19
07-29 21:33:20.865  7989 28397 I TopActivityMonitor: send TopActivityChangeEvent=TopActivityChangeEvent(prev=ComponentInfo{com.miui.home/com.miui.home.launcher.Launcher}, current=ComponentInfo{com.reddit.frontpage/com.reddit.frontpage.main.MainActivity},appChanged=true)
07-29 21:33:20.865  2463  4205 I MiuiNetworkPolicy: updateUidState uid = 10161, uidState = 11
07-29 21:33:20.865  3118 27569 I VA_ActivityStateHelper: activityResumed mAiSkillPush is false
07-29 21:33:20.866  4497  5295 W RecentsImpl: disableTouchBySwipeStatusBar    disable=false
07-29 21:33:20.866  4497  5295 W RecentsImpl: disableBackStubWindow    disableTouch=false
07-29 21:33:20.866  7989  8079 I travelService_ActivityObserverUtils: activityResumed ComponentInfo{com.reddit.frontpage/com.reddit.frontpage.main.MainActivity}
07-29 21:33:20.866  7989  8079 I travelService_TopActivityMonitor: appUmeInfoListFromServer is null
07-29 21:33:20.866  7989  8079 I travelService_TopActivityMonitor: user change app but last app packageName out of ume range
07-29 21:33:20.866  7989  8079 I travelService_TopActivityMonitor: appInfoListFromServer is null
07-29 21:33:20.866  7989  8079 I travelService_TopActivityMonitor: user change app but last app packageName out of crgt range
07-29 21:33:20.866  4497  5295 W GestureStubView_Left: adaptRotation   currentRotation=0   mRotation=0
07-29 21:33:20.866  4497  5295 W GestureStubView_Right: adaptRotation   currentRotation=0   mRotation=0
07-29 21:33:20.866 12560 17903 I AIRC_CounterTrack: collect: signal-TopActivityPerception
07-29 21:33:20.867  2463  4205 I MiuiNetworkPolicy: updateUidState uid = 10161, uidState = 19
07-29 21:33:20.867 12560 17903 I MMKV    : <MMKV.cpp:1170::sync> MMKV::sync, SyncFlag = 1
07-29 21:33:20.868 12923 12923 E AccountChangeReceiver: onReceive hmind refresh token
07-29 21:33:20.868 12923 12923 E LoginMiAccount: SystemTokenUtils onReceiveAccountChange broadcast
07-29 21:33:20.868  1844  1844 I vendor.qti.hardware.servicetrackeraidl-service: bindService is called for service : android/com.android.server.content.SyncJobService and for client system
07-29 21:33:20.868  1844  1844 I vendor.qti.hardware.servicetrackeraidl-service: total connections for service : android/com.android.server.content.SyncJobServiceare :1
07-29 21:33:20.868  1844  1844 I vendor.qti.hardware.servicetrackeraidl-service: total connections for client : systemare :42
07-29 21:33:20.870  2463  5128 I MultiSenceManagerInternalStub: getInstance
07-29 21:33:20.871  4979  5212 I MiuiBubbleController: removeBubble: 230 reason=2
07-29 21:33:20.871  4979  5212 I MultiTaskingTaskRepository: onTaskInfoChanged multi list = [], full = [230, 188, 177]
07-29 21:33:20.871  2463  4205 I MiuiNetworkPolicy: updateUidState uid = 10160, uidState = 11
07-29 21:33:20.871 28268 28268 I ##XLogger##: com.android.cloud.receiver.AccountChangedReceiver::onReceive@AccountChangedReceiver.java:42, thread:2--System account changed
07-29 21:33:20.873  2463  4205 I MiuiNetworkPolicy: updateUidState uid = 10160, uidState = 19
07-29 21:33:20.874  2463  4404 I whetstone.activity: processNotifyEvent1 resId = 256, bundle = Bundle[{startTime=21839192, sourcePkg=com.google.android.gms, sourceUid=10130, status=1, jobId=56, batteryName=@SyncManager@com.google.android.gms.people/com.google:android, elapsedRealtime=21839192}]
07-29 21:33:20.874  9339 12101 I EventMonitor: notifyEvent resId=256
07-29 21:33:20.876 31076 31076 I WakefulBroadcastRcvr: Processing wakeful broadcast: android.accounts.LOGIN_ACCOUNTS_CHANGED
07-29 21:33:20.878  1844  1844 I vendor.qti.hardware.servicetrackeraidl-service: bindService is called for service : com.reddit.frontpage/androidx.work.impl.background.systemjob.SystemJobService and for client system
07-29 21:33:20.878  1844  1844 I vendor.qti.hardware.servicetrackeraidl-service: total connections for service : com.reddit.frontpage/androidx.work.impl.background.systemjob.SystemJobServiceare :1
07-29 21:33:20.878  1844  1844 I vendor.qti.hardware.servicetrackeraidl-service: total connections for client : systemare :42
07-29 21:33:20.880  5332 27880 I eddit.frontpage: Compiler allocated 5505KB to compile java.lang.Object Ae.t.n(java.lang.Class)
07-29 21:33:20.880  2463  4404 I whetstone.activity: processNotifyEvent1 resId = 256, bundle = Bundle[{startTime=21839199, sourcePkg=com.reddit.frontpage, sourceUid=10392, status=1, jobId=4, batteryName=com.reddit.frontpage/androidx.work.impl.background.systemjob.SystemJobService, elapsedRealtime=21839199}]
07-29 21:33:20.880  9339 12101 I EventMonitor: notifyEvent resId=256
07-29 21:33:20.881  5332  5332 W libc    : Access denied finding property "vendor.gpp.create_frc_extension"
07-29 21:33:20.881  2105  5771 W ServiceManagerCppClient: Permission failure: android.permission.ACCESS_SURFACE_FLINGER from uid=10392 pid=5332
07-29 21:33:20.881  2105  5771 W ServiceManagerCppClient: Permission failure: android.permission.ROTATE_SURFACE_FLINGER from uid=10392 pid=5332
07-29 21:33:20.881  2105  5771 W ServiceManagerCppClient: Permission failure: android.permission.INTERNAL_SYSTEM_WINDOW from uid=10392 pid=5332
07-29 21:33:20.882  2463  4312 E JobScheduler.SSRU: Job is being prepared but doesn't have a pre-existing accountToJobMap
07-29 21:33:20.883  1844  1844 I vendor.qti.hardware.servicetrackeraidl-service: bindService is called for service : android/com.android.server.content.SyncJobService and for client system
07-29 21:33:20.884  1844  1844 I vendor.qti.hardware.servicetrackeraidl-service: total connections for service : android/com.android.server.content.SyncJobServiceare :1
07-29 21:33:20.884  1844  1844 I vendor.qti.hardware.servicetrackeraidl-service: total connections for client : systemare :42
07-29 21:33:20.884  3002  3081 E libsensor-parseRGB: CWB NotifyCWBBufferDone  error 0
07-29 21:33:20.885  2105  2755 W ServiceManagerCppClient: Permission failure: android.permission.ACCESS_SURFACE_FLINGER from uid=10392 pid=0
07-29 21:33:20.887  5332 27979 I MiuiProcessManagerImpl: setSchedFifo pid:5332, mode:3
07-29 21:33:20.888  1022  1022 I hwservicemanager: getTransport: Cannot find entry android.hardware.graphics.allocator@4.0::IAllocator/default in either framework or device VINTF manifest.
07-29 21:33:20.889  2463  4404 I whetstone.activity: processNotifyEvent1 resId = 256, bundle = Bundle[{startTime=21839208, sourcePkg=com.google.android.gms, sourceUid=10130, status=1, jobId=57, batteryName=@SyncManager@com.google.android.gms.games.background/com.google:android, elapsedRealtime=21839208}]
07-29 21:33:20.889  9339 12101 I EventMonitor: notifyEvent resId=256
07-29 21:33:20.889  2463  4403 E HyperSentinel: -------------------------------------------------------
07-29 21:33:20.889  2463  4403 E HyperSentinel: Event_ThreadAmount
07-29 21:33:20.889  2463  4403 E HyperSentinel: -> audit event by proc 5332 "com.reddit.frontpage": running threads amount, 45 -> 78
07-29 21:33:20.890 12560 12622 I ognitionService: This is non sticky GC, maxfree is 16777216 minfree is 8388608
07-29 21:33:20.891 31105 27988 I PaymentsSuwIntentOp: Processing intent action = android.accounts.LOGIN_ACCOUNTS_CHANGED
07-29 21:33:20.891 31105 27988 I PaymentsSuwIntentOp: Account added has already been processed
07-29 21:33:20.891  1844  1844 I vendor.qti.hardware.servicetrackeraidl-service: bindService is called for service : com.google.android.gms/.backup.BackupAccountManagerService and for client com.google.android.gms
07-29 21:33:20.891  1844  1844 I vendor.qti.hardware.servicetrackeraidl-service: total connections for service : com.google.android.gms/.backup.BackupAccountManagerServiceare :1
07-29 21:33:20.891  1844  1844 I vendor.qti.hardware.servicetrackeraidl-service: total connections for client : com.google.android.gmsare :9
07-29 21:33:20.894  2463  4404 I whetstone.activity: processNotifyEvent1 resId = 256, bundle = Bundle[{startTime=21839213, sourcePkg=com.reddit.frontpage, sourceUid=10392, status=1, jobId=5, batteryName=com.reddit.frontpage/androidx.work.impl.background.systemjob.SystemJobService, elapsedRealtime=21839213}]
07-29 21:33:20.895  9339 12105 I EventMonitor: notifyEvent resId=256
07-29 21:33:20.895  1844  1844 I vendor.qti.hardware.servicetrackeraidl-service: bindService is called for service : com.reddit.frontpage/androidx.work.impl.background.systemjob.SystemJobService and for client system
07-29 21:33:20.895  1844  1844 I vendor.qti.hardware.servicetrackeraidl-service: total connections for service : com.reddit.frontpage/androidx.work.impl.background.systemjob.SystemJobServiceare :1
07-29 21:33:20.895  1844  1844 I vendor.qti.hardware.servicetrackeraidl-service: total connections for client : systemare :42
07-29 21:33:20.895  1844  1844 I vendor.qti.hardware.servicetrackeraidl-service: destroyService is called for service : com.google.android.gms/.auth.account.be.accountstate.LoginAccountsChangedIntentService
07-29 21:33:20.896  1844  1844 I vendor.qti.hardware.servicetrackeraidl-service: bindService is called for service : com.google.android.gms/.games.chimera.GamesSyncServiceNotificationProxy and for client system
07-29 21:33:20.896  1844  1844 I vendor.qti.hardware.servicetrackeraidl-service: total connections for service : com.google.android.gms/.games.chimera.GamesSyncServiceNotificationProxyare :1
07-29 21:33:20.896  1844  1844 I vendor.qti.hardware.servicetrackeraidl-service: total connections for client : systemare :42
07-29 21:33:20.897  1844  1844 I vendor.qti.hardware.servicetrackeraidl-service: bindService is called for service : com.google.android.gms/.backup.GmsBackupAccountManagerService and for client com.google.android.gms
07-29 21:33:20.897  1844  1844 I vendor.qti.hardware.servicetrackeraidl-service: total connections for service : com.google.android.gms/.backup.GmsBackupAccountManagerServiceare :1
07-29 21:33:20.897  1844  1844 I vendor.qti.hardware.servicetrackeraidl-service: total connections for client : com.google.android.gmsare :10
07-29 21:33:20.898  1844  1844 I vendor.qti.hardware.servicetrackeraidl-service: bindService is called for service : com.reddit.frontpage/androidx.work.impl.background.systemjob.SystemJobService and for client system
07-29 21:33:20.898  1844  1844 I vendor.qti.hardware.servicetrackeraidl-service: total connections for service : com.reddit.frontpage/androidx.work.impl.background.systemjob.SystemJobServiceare :1
07-29 21:33:20.898  1844  1844 I vendor.qti.hardware.servicetrackeraidl-service: total connections for client : systemare :42
07-29 21:33:20.899  1844  1844 I vendor.qti.hardware.servicetrackeraidl-service: bindService is called for service : com.google.android.gms/.people.sync.PeopleSyncService and for client system
07-29 21:33:20.899  1844  1844 I vendor.qti.hardware.servicetrackeraidl-service: total connections for service : com.google.android.gms/.people.sync.PeopleSyncServiceare :1
07-29 21:33:20.899  1844  1844 I vendor.qti.hardware.servicetrackeraidl-service: total connections for client : systemare :42
07-29 21:33:20.899  2463  4404 I whetstone.activity: processNotifyEvent1 resId = 256, bundle = Bundle[{startTime=21839219, sourcePkg=com.reddit.frontpage, sourceUid=10392, status=1, jobId=6, batteryName=com.reddit.frontpage/androidx.work.impl.background.systemjob.SystemJobService, elapsedRealtime=21839219}]
07-29 21:33:20.899  9339 12105 I EventMonitor: notifyEvent resId=256
07-29 21:33:20.897  5332  5332 W RenderThread: type=1400 audit(0.0:18357): avc:  denied  { getattr } for  path="/sys/module/metis/parameters/minor_window_app" dev="sysfs" ino=74657 scontext=u:r:untrusted_app_30:s0:c136,c257,c512,c768 tcontext=u:object_r:sysfs_migt:s0 tclass=file permissive=0 app=com.reddit.frontpage
07-29 21:33:20.901  2463  4205 I MiuiNetworkPolicy: updateUidState uid = 10162, uidState = 11
07-29 21:33:20.901  1844  1844 I vendor.qti.hardware.servicetrackeraidl-service: unbindService is called for service : com.google.android.gms/.backup.GmsBackupAccountManagerService and for client com.google.android.gms
07-29 21:33:20.901  1844  1844 I vendor.qti.hardware.servicetrackeraidl-service: size of service connections for service: com.google.android.gms/.backup.GmsBackupAccountManagerServiceafter removal is 0
07-29 21:33:20.901  1844  1844 I vendor.qti.hardware.servicetrackeraidl-service: size of client connections for client: com.google.android.gmsafter removal is 9
07-29 21:33:20.901  1844  1844 I vendor.qti.hardware.servicetrackeraidl-service: destroyService is called for service : com.google.android.gms/.backup.GmsBackupAccountManagerService
07-29 21:33:20.902  1844  1844 I vendor.qti.hardware.servicetrackeraidl-service: bindService is called for service : com.google.android.gms/.games.chimera.GamesSyncServiceMainProxy and for client system
07-29 21:33:20.902  1844  1844 I vendor.qti.hardware.servicetrackeraidl-service: total connections for service : com.google.android.gms/.games.chimera.GamesSyncServiceMainProxyare :1
07-29 21:33:20.902  1844  1844 I vendor.qti.hardware.servicetrackeraidl-service: total connections for client : systemare :42
07-29 21:33:20.902  1844  1844 I vendor.qti.hardware.servicetrackeraidl-service: unbindService is called for service : com.google.android.gms/.backup.BackupAccountManagerService and for client com.google.android.gms
07-29 21:33:20.902  1844  1844 I vendor.qti.hardware.servicetrackeraidl-service: size of service connections for service: com.google.android.gms/.backup.BackupAccountManagerServiceafter removal is 0
07-29 21:33:20.902  1844  1844 I vendor.qti.hardware.servicetrackeraidl-service: size of client connections for client: com.google.android.gmsafter removal is 8
07-29 21:33:20.902  1844  1844 I vendor.qti.hardware.servicetrackeraidl-service: destroyService is called for service : com.google.android.gms/.backup.BackupAccountManagerService
07-29 21:33:20.903  2463  3740 W ServiceManagerCppClient: Permission failure: android.permission.ACCESS_SURFACE_FLINGER from uid=10392 pid=0
07-29 21:33:20.903  2463  3740 W ServiceManagerCppClient: Permission failure: android.permission.ROTATE_SURFACE_FLINGER from uid=10392 pid=0
07-29 21:33:20.903  2463  3740 W ServiceManagerCppClient: Permission failure: android.permission.INTERNAL_SYSTEM_WINDOW from uid=10392 pid=0
07-29 21:33:20.903  1844  1844 I vendor.qti.hardware.servicetrackeraidl-service: bindService is called for service : com.google.android.gms/.fitness.sync.FitnessSyncAdapterService and for client system
07-29 21:33:20.903  1844  1844 I vendor.qti.hardware.servicetrackeraidl-service: total connections for service : com.google.android.gms/.fitness.sync.FitnessSyncAdapterServiceare :1
07-29 21:33:20.903  1844  1844 I vendor.qti.hardware.servicetrackeraidl-service: total connections for client : systemare :42
07-29 21:33:20.904  2463  2517 I WindowManager: onFirstWindowDrawn, try to remove startingWindow. this = ActivityRecord{63434bb u0 com.reddit.frontpage/launcher.default t230} associatedTask = null isMainWindow = true mStartingWindow = Window{545ac4d u0 Splash Screen com.reddit.frontpage} mStartingData = SplashScreenStartingData{e820ba2 waitForSyncTransactionCommit=false removeAfterTransaction= 0}
07-29 21:33:20.905  2463  2517 I ATMSImpl: No snapshot since not start by launcher, activity=com.reddit.frontpage/.main.MainActivity
07-29 21:33:20.906  7748  9097 I MiuiPerfServiceClient: begin bootRecord
07-29 21:33:20.907  1844  1844 I vendor.qti.hardware.servicetrackeraidl-service: bindService is called for service : com.reddit.frontpage/.sync.UserDataSyncService and for client system
07-29 21:33:20.907  1844  1844 I vendor.qti.hardware.servicetrackeraidl-service: total connections for service : com.reddit.frontpage/.sync.UserDataSyncServiceare :1
07-29 21:33:20.907  1844  1844 I vendor.qti.hardware.servicetrackeraidl-service: total connections for client : systemare :42
07-29 21:33:20.908  1844  1844 I vendor.qti.hardware.servicetrackeraidl-service: bindService is called for service : com.google.android.gms/.backup.BackupAccountManagerService and for client com.google.android.gms
07-29 21:33:20.908  1844  1844 I vendor.qti.hardware.servicetrackeraidl-service: total connections for service : com.google.android.gms/.backup.BackupAccountManagerServiceare :1
07-29 21:33:20.908  1844  1844 I vendor.qti.hardware.servicetrackeraidl-service: total connections for client : com.google.android.gmsare :9
07-29 21:33:20.909  2463  2517 I WindowManager: wms.showSurfaceRobustly mWin:Window{238f9e9 u0 com.reddit.frontpage/launcher.default}
07-29 21:33:20.909  2105  2755 I BpBinder: onLastStrongRef automatically unlinking death recipients: 
07-29 21:33:20.911  1844  1844 I vendor.qti.hardware.servicetrackeraidl-service: bindService is called for service : com.reddit.frontpage/.sync.UserDataSyncService and for client system
07-29 21:33:20.911  1844  1844 I vendor.qti.hardware.servicetrackeraidl-service: total connections for service : com.reddit.frontpage/.sync.UserDataSyncServiceare :1
07-29 21:33:20.911  1844  1844 I vendor.qti.hardware.servicetrackeraidl-service: total connections for client : systemare :42
07-29 21:33:20.911  1844  1844 I vendor.qti.hardware.servicetrackeraidl-service: bindService is called for service : com.reddit.frontpage/.sync.AppDataSyncService and for client system
07-29 21:33:20.911  1844  1844 I vendor.qti.hardware.servicetrackeraidl-service: total connections for service : com.reddit.frontpage/.sync.AppDataSyncServiceare :1
07-29 21:33:20.911  1844  1844 I vendor.qti.hardware.servicetrackeraidl-service: total connections for client : systemare :42
07-29 21:33:20.911  2463  2506 I ActivityTaskManager: Displayed com.reddit.frontpage/launcher.default for user 0: +481ms
07-29 21:33:20.912  4979  5351 I Choreographer: first vsync insert message into MessageQueue Head
07-29 21:33:20.912  2463  4312 E SyncManager: SYNC_OP_STATE_INVALID: disallowed by settings/network
07-29 21:33:20.912  5332  5332 I Choreographer: first vsync insert message into MessageQueue Head
07-29 21:33:20.912  1844  1844 I vendor.qti.hardware.servicetrackeraidl-service: bindService is called for service : com.google.android.gms/.backup.GmsBackupAccountManagerService and for client com.google.android.gms
07-29 21:33:20.912  1844  1844 I vendor.qti.hardware.servicetrackeraidl-service: total connections for service : com.google.android.gms/.backup.GmsBackupAccountManagerServiceare :1
07-29 21:33:20.912  1844  1844 I vendor.qti.hardware.servicetrackeraidl-service: total connections for client : com.google.android.gmsare :10
07-29 21:33:20.913  2463  4312 E SyncManager: SYNC_OP_STATE_INVALID: disallowed by settings/network
07-29 21:33:20.914  4979  5421 W qdgralloc: getInterlacedFlag: getMetaData returned 3, defaulting to interlaced_flag = 0
07-29 21:33:20.915  2463  2504 I AccountManagerService: notifying package=com.xiaomi.account for userId=0, sending broadcast of android.accounts.action.VISIBLE_ACCOUNTS_CHANGED
07-29 21:33:20.915  2463  2504 I AccountManagerService: notifying package=com.milink.service for userId=0, sending broadcast of android.accounts.action.VISIBLE_ACCOUNTS_CHANGED
07-29 21:33:20.916  2463  2504 I AccountManagerService: notifying package=com.android.vending for userId=0, sending broadcast of android.accounts.action.VISIBLE_ACCOUNTS_CHANGED
07-29 21:33:20.916  2463  2504 I AccountManagerService: notifying package=com.xiaomi.mi_connect_service for userId=0, sending broadcast of android.accounts.action.VISIBLE_ACCOUNTS_CHANGED
07-29 21:33:20.916  2463  2504 I AccountManagerService: callingUid=10392, userId=0 removed account
07-29 21:33:20.916  2463  2504 I AccountManagerService: the accountType= com.reddit.account changed with useCase=removeAccount for userId=0, sending broadcast of android.accounts.LOGIN_ACCOUNTS_CHANGED
07-29 21:33:20.916  2463  2504 I AccountManagerService: the account with type=com.reddit.account removed while useCase=removeAccount for userId=0, sending broadcast of android.accounts.action.ACCOUNT_REMOVED
07-29 21:33:20.917  1844  1844 I vendor.qti.hardware.servicetrackeraidl-service: unbindService is called for service : com.reddit.frontpage/com.reddit.auth.AuthService and for client system
07-29 21:33:20.919  1844  1844 I vendor.qti.hardware.servicetrackeraidl-service: unbindService is called for service : com.google.android.gms/.backup.GmsBackupAccountManagerService and for client com.google.android.gms
07-29 21:33:20.919  1844  1844 I vendor.qti.hardware.servicetrackeraidl-service: size of service connections for service: com.google.android.gms/.backup.GmsBackupAccountManagerServiceafter removal is 0
07-29 21:33:20.919  1844  1844 I vendor.qti.hardware.servicetrackeraidl-service: size of client connections for client: com.google.android.gmsafter removal is 9
07-29 21:33:20.919  1844  1844 I vendor.qti.hardware.servicetrackeraidl-service: destroyService is called for service : com.google.android.gms/.backup.GmsBackupAccountManagerService
07-29 21:33:20.919  1827  2399 I MiClstc : DropLayers erase layer 1383
07-29 21:33:20.920  2463  4404 I whetstone.activity: processNotifyEvent1 resId = 256, bundle = Bundle[{startTime=21839239, sourcePkg=com.google.android.gms, sourceUid=10130, status=0, jobId=55, batteryName=@SyncManager@com.google.android.gms.games/com.google:android, elapsedRealtime=21839239}]
07-29 21:33:20.921  1844  1844 I vendor.qti.hardware.servicetrackeraidl-service: unbindService is called for service : com.google.android.gms/.backup.BackupAccountManagerService and for client com.google.android.gms
07-29 21:33:20.921  1844  1844 I vendor.qti.hardware.servicetrackeraidl-service: size of service connections for service: com.google.android.gms/.backup.BackupAccountManagerServiceafter removal is 0
07-29 21:33:20.921  1844  1844 I vendor.qti.hardware.servicetrackeraidl-service: size of client connections for client: com.google.android.gmsafter removal is 8
07-29 21:33:20.921  1844  1844 I vendor.qti.hardware.servicetrackeraidl-service: destroyService is called for service : com.google.android.gms/.backup.BackupAccountManagerService
07-29 21:33:20.921  1844  1844 I vendor.qti.hardware.servicetrackeraidl-service: unbindService is called for service : android/com.android.server.content.SyncJobService and for client system
07-29 21:33:20.917  5332  5332 W RenderThread: type=1400 audit(0.0:18358): avc:  denied  { getattr } for  path="/sys/module/metis/parameters/minor_window_app" dev="sysfs" ino=74657 scontext=u:r:untrusted_app_30:s0:c136,c257,c512,c768 tcontext=u:object_r:sysfs_migt:s0 tclass=file permissive=0 app=com.reddit.frontpage
07-29 21:33:20.922  2463  2463 W SSRU-ResourceUsageProxy: Nonexistent ongoing transaction JDR:55 for u:0 pkg:com.google.android.gms ended
07-29 21:33:20.924  9339 12105 I EventMonitor: notifyEvent resId=256
07-29 21:33:20.924  1844  1844 I vendor.qti.hardware.servicetrackeraidl-service: bindService is called for service : android/com.android.server.content.SyncJobService and for client system
07-29 21:33:20.924  1844  1844 I vendor.qti.hardware.servicetrackeraidl-service: total connections for service : android/com.android.server.content.SyncJobServiceare :1
07-29 21:33:20.924  1844  1844 I vendor.qti.hardware.servicetrackeraidl-service: total connections for client : systemare :42
07-29 21:33:20.925  1844  1844 I vendor.qti.hardware.servicetrackeraidl-service: bindService is called for service : com.google.android.gms/.ads.identifier.service.AdvertisingIdService and for client com.google.android.gms
07-29 21:33:20.925  1844  1844 I vendor.qti.hardware.servicetrackeraidl-service: total connections for service : com.google.android.gms/.ads.identifier.service.AdvertisingIdServiceare :1
07-29 21:33:20.925  1844  1844 I vendor.qti.hardware.servicetrackeraidl-service: total connections for client : com.google.android.gmsare :9
07-29 21:33:20.925  4979  5421 W qdgralloc: getInterlacedFlag: getMetaData returned 3, defaulting to interlaced_flag = 0
07-29 21:33:20.926  1844  1844 I vendor.qti.hardware.servicetrackeraidl-service: bindService is called for service : com.google.android.gms/.games.chimera.GamesSyncServiceNotificationProxy and for client system
07-29 21:33:20.926  1844  1844 I vendor.qti.hardware.servicetrackeraidl-service: total connections for service : com.google.android.gms/.games.chimera.GamesSyncServiceNotificationProxyare :1
07-29 21:33:20.926  1844  1844 I vendor.qti.hardware.servicetrackeraidl-service: total connections for client : systemare :42
07-29 21:33:20.928  2463  4404 I whetstone.activity: processNotifyEvent1 resId = 256, bundle = Bundle[{startTime=21839247, sourcePkg=com.reddit.frontpage, sourceUid=10392, status=1, jobId=59, batteryName=@SyncManager@com.reddit.frontpage.provider.appdata/com.reddit.account:android, elapsedRealtime=21839247}]
07-29 21:33:20.928  9339 12105 I EventMonitor: notifyEvent resId=256
07-29 21:33:20.929  4979  5421 W qdgralloc: getInterlacedFlag: getMetaData returned 3, defaulting to interlaced_flag = 0
07-29 21:33:20.930  5332  5332 I HandWritingStubImpl: refreshLastKeyboardType: 1
07-29 21:33:20.930  5332  5332 I HandWritingStubImpl: getCurrentKeyboardType: 1
07-29 21:33:20.931  2463  4108 I ImeTracker: com.reddit.frontpage:5eff51cd: onRequestHide at ORIGIN_SERVER reason HIDE_UNSPECIFIED_WINDOW fromUser false
07-29 21:33:20.932  2463 14501 E ActivityTaskManager: Unable to get servicetracker HAL instance
07-29 21:33:20.932  2463 14501 E ActivityTaskManager: Unable to get servicetracker HAL instance
07-29 21:33:20.932 31105 28023 I AdvertisingIdClient: shouldSendLog 20715187
07-29 21:33:20.932 31105 28023 I AdvertisingIdClient: GetInfoInternal elapse 8ms
07-29 21:33:20.932  2463  4108 I ImeTracker: com.reddit.frontpage:5eff51cd: onCancelled at PHASE_SERVER_SHOULD_HIDE
07-29 21:33:20.932  2463  4108 W SecurityInputMethodSwitcher: first check switch to security ime: false
07-29 21:33:20.932  2463  4108 W SecurityInputMethodSwitcher: double check switch to security ime: false
07-29 21:33:20.932  2463  4108 W SecurityInputMethodSwitcher: switch to other input method from security ime:false mayChangeToMiuiSecurityInputMethod: false current focus window: android.os.BinderProxy@1bc2270
07-29 21:33:20.933  9744 10033 I HeavyPackageIdentify: splitMode: false, splitPackages: null, foregroundPkg: com.reddit.frontpage
07-29 21:33:20.934  4905  4986 W DynamicDDSService: appName is not found in cache: com.miui.home
07-29 21:33:20.938  4497  4497 E Launcher.application: setClickAppWaitForCallback = false
07-29 21:33:20.938  2463  4205 I MiuiNetworkPolicy: updateUidState uid = 10189, uidState = 5
07-29 21:33:20.938  7989  7989 I LauncherOverlayCallback: handleMessage WHAT_ACTIVITY_STATE_CHANGED what0
07-29 21:33:20.938  7989  7989 I LauncherOverlayCallback: handleMessage WHAT_LAUNCHER_STATE what0
07-29 21:33:20.943  2463  4205 I MiuiNetworkPolicyTrafficLimit: updateWhiteListUidForMobileTraffic uid=10189,add=false
07-29 21:33:20.943  2463  4205 I MiuiNetworkPolicy: updateUidState uid = 10163, uidState = 4
07-29 21:33:20.943  2463  4205 I MiuiNetworkPolicy: updateUidState uid = 10145, uidState = 4
07-29 21:33:20.943  2463  4205 I MiuiNetworkPolicy: updateUidState uid = 10138, uidState = 5
07-29 21:33:20.945  1844  1844 I vendor.qti.hardware.servicetrackeraidl-service: bindService is called for service : com.android.vending/com.google.android.finsky.externalreferrer.GetInstallReferrerService and for client com.google.android.gms
07-29 21:33:20.945  1844  1844 I vendor.qti.hardware.servicetrackeraidl-service: total connections for service : com.android.vending/com.google.android.finsky.externalreferrer.GetInstallReferrerServiceare :2
07-29 21:33:20.945  1844  1844 I vendor.qti.hardware.servicetrackeraidl-service: total connections for client : com.google.android.gmsare :10
07-29 21:33:20.945  2463  4205 I MiuiNetworkPolicyTrafficLimit: updateWhiteListUidForMobileTraffic uid=10138,add=false
07-29 21:33:20.945  2463  4205 I MiuiNetworkPolicy: updateUidState uid = 10135, uidState = 5
07-29 21:33:20.947  2463  5128 E ActivityTaskManager: Unable to get servicetracker HAL instance
07-29 21:33:20.947  2463  5128 E ActivityTaskManager: Unable to get servicetracker HAL instance
07-29 21:33:20.947  2463  4205 I MiuiNetworkPolicyTrafficLimit: updateWhiteListUidForMobileTraffic uid=10135,add=false
07-29 21:33:20.948  5332 28002 I WM-WorkerWrapper: Worker result SUCCESS for Work [ id=cb67a1a8-23fc-4ecd-980b-a8f4bc3b6290, tags={ com.reddit.analytics.data.dispatcher.AnalyticsDispatchWorker } ]
07-29 21:33:20.949  2463  2509 W SSRU-ResourceUsageProxy: Nonexistent ongoing transaction AW_TOP:185781428 for u:0 pkg:com.miui.home ended
07-29 21:33:20.949  2463  2514 I Location.SSRU: foregroundActivities IS falseUID ID 10138, home is true
07-29 21:33:20.952  3118  3118 I VA_ConversationManager: lastQueryOrigin====null;fromCar=false
07-29 21:33:20.952  3118  3118 I VA_HybridLifecycleListener: onTopAppChanged: newApp=com.reddit.frontpage from=com.miui.home fromPkg=com.reddit.frontpage
07-29 21:33:20.953  1844  1844 I vendor.qti.hardware.servicetrackeraidl-service: bindService is called for service : com.google.android.gms/.people.sync.PeopleSyncService and for client system
07-29 21:33:20.953  1844  1844 I vendor.qti.hardware.servicetrackeraidl-service: total connections for service : com.google.android.gms/.people.sync.PeopleSyncServiceare :1
07-29 21:33:20.953  1844  1844 I vendor.qti.hardware.servicetrackeraidl-service: total connections for client : systemare :42
07-29 21:33:20.953  1844  1844 I vendor.qti.hardware.servicetrackeraidl-service: unbindService is called for service : com.reddit.frontpage/androidx.work.impl.background.systemjob.SystemJobService and for client system
07-29 21:33:20.954  2463  4404 I whetstone.activity: processNotifyEvent1 resId = 256, bundle = Bundle[{startTime=21839273, sourcePkg=com.reddit.frontpage, sourceUid=10392, status=0, jobId=0, batteryName=com.reddit.frontpage/androidx.work.impl.background.systemjob.SystemJobService, elapsedRealtime=21839273}]
07-29 21:33:20.954  9339 12105 I EventMonitor: notifyEvent resId=256
07-29 21:33:20.954  1844  1844 I vendor.qti.hardware.servicetrackeraidl-service: bindService is called for service : com.reddit.frontpage/androidx.work.impl.background.systemjob.SystemJobService and for client system
07-29 21:33:20.954  1844  1844 I vendor.qti.hardware.servicetrackeraidl-service: total connections for service : com.reddit.frontpage/androidx.work.impl.background.systemjob.SystemJobServiceare :1
07-29 21:33:20.954  1844  1844 I vendor.qti.hardware.servicetrackeraidl-service: total connections for client : systemare :42
07-29 21:33:20.955  2463  4404 I whetstone.activity: processNotifyEvent1 resId = 256, bundle = Bundle[{startTime=21839275, sourcePkg=com.reddit.frontpage, sourceUid=10392, status=1, jobId=9, batteryName=com.reddit.frontpage/androidx.work.impl.background.systemjob.SystemJobService, elapsedRealtime=21839275}]
07-29 21:33:20.956  9339 10122 I EventMonitor: notifyEvent resId=256
07-29 21:33:20.957  1844  1844 I vendor.qti.hardware.servicetrackeraidl-service: bindService is called for service : com.google.android.gms/.chimera.PersistentDirectBootAwareApiService and for client com.google.android.gms
07-29 21:33:20.957  1844  1844 I vendor.qti.hardware.servicetrackeraidl-service: total connections for service : com.google.android.gms/.chimera.PersistentDirectBootAwareApiServiceare :6
07-29 21:33:20.957  1844  1844 I vendor.qti.hardware.servicetrackeraidl-service: total connections for client : com.google.android.gmsare :10
07-29 21:33:20.958  5332 28002 I WM-WorkerWrapper: Worker result SUCCESS for Work [ id=8e3ac21d-1d03-4502-86e7-1ff4ec91252a, tags={ com.reddit.frontpage.service.video.RemoveStaleUploadsWorker } ]
07-29 21:33:20.958  1844  1844 I vendor.qti.hardware.servicetrackeraidl-service: bindService is called for service : com.google.android.gms/.games.chimera.GamesSyncServiceMainProxy and for client system
07-29 21:33:20.958  1844  1844 I vendor.qti.hardware.servicetrackeraidl-service: total connections for service : com.google.android.gms/.games.chimera.GamesSyncServiceMainProxyare :1
07-29 21:33:20.958  1844  1844 I vendor.qti.hardware.servicetrackeraidl-service: total connections for client : systemare :42
07-29 21:33:20.959  9319  9743 W PushService: [Tid:490] Http POST Response Code: 200
07-29 21:33:20.960  2463  4404 I whetstone.activity: processNotifyEvent1 resId = 256, bundle = Bundle[{startTime=21839279, sourcePkg=com.reddit.frontpage, sourceUid