07-29 21:32:55.598  2463  4412 I SmartPower: com.miui.voiceassist:core/10193(7664): background->idle(3003ms) R(broadcast start Intent { act=android.intent.action.PACKAGE_ADDED dat=package: flg=0x4000010 (has extras) }) adj=100.
07-29 21:32:55.599  2463  4412 I SmartPower: com.xiaomi.aicr:actionprovider/10127(12677): background->idle(3002ms) R(broadcast start Intent { act=android.intent.action.PACKAGE_ADDED dat=package: flg=0x4000010 (has extras) }) adj=915.
07-29 21:32:55.599  2463  4412 I SmartPower: android.process.mediaUI/10261(13434): background->idle(3003ms) R(broadcast start Intent { act=android.intent.action.PACKAGE_ADDED dat=package: flg=0x4000010 (has extras) }) adj=905.
07-29 21:32:55.599  2463  4412 I SmartPower: com.miui.gallery/10271(13242): background->idle(3003ms) R(broadcast start Intent { act=android.intent.action.PACKAGE_ADDED dat=package: flg=0x4000010 (has extras) }) adj=905.
07-29 21:32:55.599  2463  4412 I SmartPower: com.google.android.documentsui/10100(21132): background->idle(3001ms) R(broadcast start Intent { act=android.intent.action.PACKAGE_ADDED dat=package: flg=0x4000010 (has extras) }) adj=905.
07-29 21:32:55.600  2463  4412 I SmartPower: com.miui.newhome/10296(11730): background->idle(3001ms) R(broadcast start Intent { act=android.intent.action.PACKAGE_ADDED dat=package: flg=0x4000010 (has extras) }) adj=905.
07-29 21:32:55.600  2463  4412 I SmartPower: com.milink.service:audio/10178(19382): background->idle(3001ms) R(broadcast start Intent { act=android.intent.action.PACKAGE_ADDED dat=package: flg=0x4000010 (has extras) }) adj=100.
07-29 21:32:55.600  2463  4412 I SmartPower: com.milink.crossdeviceservice/10178(27042): background->idle(3002ms) R(broadcast start Intent { act=android.intent.action.PACKAGE_ADDED dat=package: flg=0x4000010 (has extras) }) adj=915.
07-29 21:32:55.935  2463  4412 I SmartPower: com.ss.android.ugc.aweme:smp/10322(8536): background->idle(3001ms) R(broadcast start Intent { act=android.net.wifi.RSSI_CHANGED flg=0x4000010 (has extras) }) adj=915.
07-29 21:32:55.981  2463  5177 I NetworkAccelerateSwitchService: EVENT_RSSI_POLL. mRssiPoll=true
07-29 21:32:55.982  2463  5177 I NetworkAccelerateSwitchService: getAverageWifiRssi:65
07-29 21:32:56.011  2463  4412 I SmartPower: com.miui.phrase/10162(27285): background->idle(3001ms) R(content provider start ContentProviderRecord{e3754c6 u0 com.miui.phrase/com.miui.provider.InputProvider}) adj=905.
07-29 21:32:56.026  2463  4205 I MiuiNetworkPolicy: bandwidth: 24 KB/s, Max bandwidth: 1686 KB/s
07-29 21:32:56.271  3117  3117 I adbd    : in ShellService: pm list packages -f
07-29 21:32:56.455  3117  3117 I adbd    : in ShellService: ps
07-29 21:32:56.660  2463  4412 I SmartPower: com.miui.notes/10275(13074): background->idle(3004ms) R(content provider start ContentProviderRecord{c0729a2 u0 com.miui.notes/.provider.NotesProvider}) adj=905.
07-29 21:32:56.667  2463  4412 I SmartPower: com.alibaba.aliexpresshd/10303(5685): background->idle(3002ms) R(content provider start ContentProviderRecord{716322c u0 com.alibaba.aliexpresshd/com.alibaba.aliexpress.android.search.nav.SearchSuggestionProvider}) adj=905.
07-29 21:32:56.987  1839  7233 E ANDR-PERF-MPCTL: ANDR-PERF-MPCTL: exception_recovery_poll_fun() 1497: exception_recovery_poll_fun
07-29 21:32:57.113  8724 17530 W lyra-mdns-core: _deal_timeout query _lyra-mdns._udp.local[0C] timeout!
07-29 21:32:57.369  2463  2526 I ThermalObserver: Gallery hdr is disable by thermal.
07-29 21:32:57.396  2463  4403 E HyperSentinel: -------------------------------------------------------
07-29 21:32:57.397  2463  4403 E HyperSentinel: Event_ThreadAmount
07-29 21:32:57.397  2463  4403 E HyperSentinel: -> audit event by proc 27051 "io.github.ylimit.droidbotapp": running threads amount, 0 -> 24
07-29 21:32:57.622  3117  3117 I adbd    : in ShellService: ps
07-29 21:32:58.503  4916  6359 E PhoneAdapter: get ntnphones failed, exception: java.lang.IllegalStateException: Default phones haven't been made yet!
07-29 21:32:58.505  3117  3117 I adbd    : in ShellService: pm list packages -f
07-29 21:32:58.790  3117  3117 I adbd    : in ShellService: ps
07-29 21:32:58.986  2463  5177 I NetworkAccelerateSwitchService: EVENT_RSSI_POLL. mRssiPoll=true
07-29 21:32:58.987  2463  5177 I NetworkAccelerateSwitchService: getAverageWifiRssi:65
07-29 21:32:59.029  2463  4205 I MiuiNetworkPolicy: bandwidth: 0 KB/s, Max bandwidth: 1686 KB/s
07-29 21:32:59.030  2463  4205 I MiuiNetworkPolicy: updateUidState uid = 10092, uidState = 15
07-29 21:32:59.243  2463  5109 I NetworkBoostStatusManager: handle: 107
07-29 21:32:59.249  4916  6359 E PhoneAdapter: get ntnphones failed, exception: java.lang.IllegalStateException: Default phones haven't been made yet!
07-29 21:32:59.736  1844  1844 I vendor.qti.hardware.servicetrackeraidl-service: destroyService is called for service : com.google.android.gms/.chimera.GmsIntentOperationService
07-29 21:32:59.967  3117  3117 I adbd    : in ShellService: ps
07-29 21:33:00.007  4979  4979 E AnimationHelper: updateTime mToAod:false mHasNotification: true, mClockType: classic
07-29 21:33:00.012  4979  4979 E StackScroller: updateSidePadding: viewWidth is zero
07-29 21:33:00.021  2105  2105 E DisplayModeController: setDesiredMode : Idle status skip setActiveMode, isDdicIdleMode: 1
07-29 21:33:00.026  1827  2399 I SDM     : HWCDisplay::SetActiveConfigWithConstraints: display:66-0, config: 3, WxH 1200x2670, fps 120
07-29 21:33:00.027  1827  2399 W SDM     : HWDeviceDRM::GetSupportedBitClkRate: Requested rate not supported: 1150000000
07-29 21:33:00.027  1827  2399 I SDM     : HWDeviceDRM::UpdateMixerAttributes: Mixer WxH 1200x2670-1 for Peripheral
07-29 21:33:00.027  1827  2399 I SDM     : HWCDisplay::SubmitDisplayConfig: Active configuration changed from config 1 to 3
07-29 21:33:00.027  1827  2399 I SDM     : HWCDisplay::SubmitDisplayConfig: Active WxH 1200x2670 ,ddic_mode:auto, timing_fps: 120, sf_fps: 120
07-29 21:33:00.029  1827  2752 I vendor.qti.hardware.display.composer-service: Sensor: notify citsensorservice to trigger cwb, misForced = 0
07-29 21:33:00.029  3002  4297 I libsensor-parseRGB: request dump start for mRequestDisplayId 0
07-29 21:33:00.042 27051 27093 W mit.droidbotapp: Cleared Reference was only reachable from finalizer (only reported once)
07-29 21:33:00.049 27051 27093 I mit.droidbotapp: This is non sticky GC, maxfree is 16777216 minfree is 8388608
07-29 21:33:00.058  3002  3081 E libsensor-parseRGB: CWB NotifyCWBBufferDone  error 0
07-29 21:33:00.114  1827  2108 I SDM     : DisplayBase::CommitThread: Received idle timeout, panel: cmd, timeout: 70000 us
07-29 21:33:00.135  1827  2399 I SDM     : HWCDisplay::SetActiveConfigWithConstraints: display:66-0, config: 1, WxH 1200x2670, fps 120
07-29 21:33:00.136  1827  2399 W SDM     : HWDeviceDRM::GetSupportedBitClkRate: Requested rate not supported: 1150000000
07-29 21:33:00.136  1827  2399 I SDM     : HWDeviceDRM::UpdateMixerAttributes: Mixer WxH 1200x2670-1 for Peripheral
07-29 21:33:00.136  1827  2399 I SDM     : HWCDisplay::SubmitDisplayConfig: Active configuration changed from config 3 to 1
07-29 21:33:00.136  1827  2399 I SDM     : HWCDisplay::SubmitDisplayConfig: Active WxH 1200x2670 ,ddic_mode:idle, timing_fps: 120, sf_fps: 120
07-29 21:33:00.214  1827  2108 I SDM     : DisplayBase::CommitThread: Received idle timeout, panel: cmd, timeout: 70000 us
07-29 21:33:00.296  1827  2752 I vendor.qti.hardware.display.composer-service: Sensor: notify citsensorservice to trigger cwb, misForced = 1
07-29 21:33:00.296  3002  4297 I libsensor-parseRGB: request dump start for mRequestDisplayId 0
07-29 21:33:00.316  3002  3080 E libsensor-parseRGB: CWB NotifyCWBBufferDone  error 0
07-29 21:33:00.321  1844  1844 I vendor.qti.hardware.servicetrackeraidl-service: bindService is called for service : com.google.android.gms/.chimera.PersistentDirectBootAwareApiService and for client com.google.android.gm
07-29 21:33:00.324  1844  1844 I vendor.qti.hardware.servicetrackeraidl-service: total connections for service : com.google.android.gms/.chimera.PersistentDirectBootAwareApiServiceare :5
07-29 21:33:00.324  1844  1844 I vendor.qti.hardware.servicetrackeraidl-service: total connections for client : com.google.android.gmare :3
07-29 21:33:00.373  1827  2108 I SDM     : DisplayBase::CommitThread: Received idle timeout, panel: cmd, timeout: 70000 us
07-29 21:33:00.490 27051 27131 I mit.droidbotapp: ProcessProfilingInfo new_methods=1 is saved saved_to_disk=1 resolve_classes_delay=8000
07-29 21:33:00.626  3117  3117 I adbd    : in ShellService: pm list packages -f
07-29 21:33:01.125  3117  3117 I adbd    : in ShellService: ps
07-29 21:33:01.130  1844  1844 I vendor.qti.hardware.servicetrackeraidl-service: destroyService is called for service : com.google.android.gms/.chimera.PersistentIntentOperationService
07-29 21:33:01.498  1871  1871 E SLM-HAL-SladSocketClient: connect failed:-1, socket:180, error:No such file or directory
07-29 21:33:01.498  1871  1871 I SLM-HAL : setSLAUidList 10322,10325,10326,10332,10339,10261,10340,10286,10167,10090,
07-29 21:33:01.498  1871  1871 I SLM-HAL-SladSocketClient: createSocket
07-29 21:33:01.498  1871  1871 I SLM-HAL-SladSocketClient: connectServer /dev/socket/slad
07-29 21:33:01.533  4916  6359 E PhoneAdapter: get ntnphones failed, exception: java.lang.IllegalStateException: Default phones haven't been made yet!
07-29 21:33:01.533  2463  5109 I NetworkBoostStatusManager: handle: 102
07-29 21:33:01.534  2463  5109 I NetworkBoostStatusManager: interfaceOnCapabilitiesChanged interface name:wlan0
07-29 21:33:01.541  8724  8724 I NetBusNetworkMonitor: onCapabilitiesChanged isPrimary = true
07-29 21:33:01.543  8724  8724 I NetBusNetworkMonitor: gateway=192.*.*.1
07-29 21:33:01.547  8724  8724 I NetBusNetworkMonitor: addConnectNetworkInterface mediumType:256, detail:NetworkDetailInfo{mIsConnected=false, mIsSupportTdls=true, mNetworkType=0, mIpAddress=192.*.*.11, mIfName=wlan0, mGateway=192.*.*.1, mNetmask=255.*.*.0, mSsid=C**01}
07-29 21:33:01.547  8724  8724 I NetBusNetworkMonitor: onCapabilitiesChanged handle=441492361229, mediumType=256, ifName=wlan0
07-29 21:33:01.571  1827  2752 I vendor.qti.hardware.display.composer-service: Sensor: notify citsensorservice to trigger cwb, misForced = 0
07-29 21:33:01.574  3002  4297 I libsensor-parseRGB: request dump start for mRequestDisplayId 0
07-29 21:33:01.603  3002  3081 E libsensor-parseRGB: CWB NotifyCWBBufferDone  error 0
07-29 21:33:01.659  1827  2108 I SDM     : DisplayBase::CommitThread: Received idle timeout, panel: cmd, timeout: 70000 us
07-29 21:33:01.895  1839  7244 E ANDR-PERF-LM: SAGT_ACTION: UpdateFPSData() 138: update /sys/kernel/sched_penalty/parameters/fps to 90, ret is 0
07-29 21:33:01.992  2463  5177 I NetworkAccelerateSwitchService: EVENT_RSSI_POLL. mRssiPoll=true
07-29 21:33:01.993  2463  5177 I NetworkAccelerateSwitchService: getAverageWifiRssi:65
07-29 21:33:02.030  2463  2530 I SmartPower: com.ss.android.ugc.aweme:smp/10322(8536): idle->background(6095ms) R(broadcast start Intent { act=android.net.wifi.RSSI_CHANGED flg=0x4000010 (has extras) }) adj=915.
07-29 21:33:02.031  2463  2530 W BroadcastQueue: Greezer Denial: sending Intent { act=android.net.wifi.RSSI_CHANGED flg=0x4000010 (has extras) }, action: android.net.wifi.RSSI_CHANGED from android (uid=1000) due to receiver ProcessRecord{d1daa83 20995:com.smile.gifmaker/u0a339} (uid 10339) need cached broadcast
07-29 21:33:02.031  2463  2530 W BroadcastQueue: Greezer Denial: sending Intent { act=android.net.wifi.RSSI_CHANGED flg=0x4000010 (has extras) }, action: android.net.wifi.RSSI_CHANGED from android (uid=1000) due to receiver ProcessRecord{5f5bc0f 12982:com.xingin.xhs/u0a286} (uid 10286) need cached broadcast
07-29 21:33:02.033  2463  4205 I MiuiNetworkPolicy: bandwidth: 0 KB/s, Max bandwidth: 1686 KB/s
07-29 21:33:02.267 31200 31200 I cr_A11yState: Enabled accessibility services: [io.github.ylimit.droidbotapp/io.github.privacystreams.accessibility.PSAccessibilityService, null]
07-29 21:33:02.267 31200 31200 I cr_A11yState: Running accessibility services: [io.github.ylimit.droidbotapp/io.github.privacystreams.accessibility.PSAccessibilityService]
07-29 21:33:02.267 31200 31200 I cr_A11yState: Will check again after 250 milliseconds.
07-29 21:33:02.271  3117  3117 I adbd    : in ShellService: ps
07-29 21:33:02.298  1839  7244 E ANDR-PERF-LM: SAGT_ACTION: UpdateFPSData() 138: update /sys/kernel/sched_penalty/parameters/fps to 0, ret is 0
07-29 21:33:02.520 31200 31200 I cr_A11yState: Enabled accessibility services: [io.github.ylimit.droidbotapp/io.github.privacystreams.accessibility.PSAccessibilityService, null]
07-29 21:33:02.521 31200 31200 I cr_A11yState: Running accessibility services: [io.github.ylimit.droidbotapp/io.github.privacystreams.accessibility.PSAccessibilityService]
07-29 21:33:02.521 31200 31200 I cr_A11yState: Will check again after 500 milliseconds.
07-29 21:33:02.598  1254 27023 I keystore2: system/security/keystore2/watchdog/src/lib.rs:319 - Watchdog thread idle -> terminating. Have a great day.
07-29 21:33:02.734  3117  3117 I adbd    : in ShellService: pm list packages -f
07-29 21:33:03.022 31200 31200 I cr_A11yState: Enabled accessibility services: [io.github.ylimit.droidbotapp/io.github.privacystreams.accessibility.PSAccessibilityService, null]
07-29 21:33:03.022 31200 31200 I cr_A11yState: Running accessibility services: [io.github.ylimit.droidbotapp/io.github.privacystreams.accessibility.PSAccessibilityService]
07-29 21:33:03.022 31200 31200 I cr_A11yState: Will check again after 1000 milliseconds.
07-29 21:33:03.437  3117  3117 I adbd    : in ShellService: ps
07-29 21:33:03.628  1844  1844 I vendor.qti.hardware.servicetrackeraidl-service: unbindService is called for service : com.android.permissioncontroller/.permission.service.PermissionControllerServiceImpl and for client system
07-29 21:33:03.629  1844  1844 I vendor.qti.hardware.servicetrackeraidl-service: size of service connections for service: com.android.permissioncontroller/.permission.service.PermissionControllerServiceImplafter removal is 0
07-29 21:33:03.629  1844  1844 I vendor.qti.hardware.servicetrackeraidl-service: size of client connections for client: systemafter removal is 30
07-29 21:33:03.629  1844  1844 I vendor.qti.hardware.servicetrackeraidl-service: destroyService is called for service : com.android.permissioncontroller/.permission.service.PermissionControllerServiceImpl
07-29 21:33:03.634  2463  4205 I MiuiNetworkPolicy: updateUidState uid = 10241, uidState = 10
07-29 21:33:03.636  2463  4205 I MiuiNetworkPolicy: updateUidState uid = 10241, uidState = 19
07-29 21:33:03.886  2463  4205 I MiuiNetworkPolicy: updateUidState uid = 6110, uidState = 19
07-29 21:33:04.027 31200 31200 I cr_A11yState: Enabled accessibility services: [io.github.ylimit.droidbotapp/io.github.privacystreams.accessibility.PSAccessibilityService, null]
07-29 21:33:04.027 31200 31200 I cr_A11yState: Running accessibility services: [io.github.ylimit.droidbotapp/io.github.privacystreams.accessibility.PSAccessibilityService]
07-29 21:33:04.027 31200 31200 I cr_A11yState: Will check again after 2000 milliseconds.
07-29 21:33:04.559  2463  5109 I NetworkBoostStatusManager: handle: 102
07-29 21:33:04.560  2463  5109 I NetworkBoostStatusManager: interfaceOnCapabilitiesChanged interface name:wlan0
07-29 21:33:04.562  4916  5923 E PhoneAdapter: get ntnphones failed, exception: java.lang.IllegalStateException: Default phones haven't been made yet!
07-29 21:33:04.566  8724  8724 I NetBusNetworkMonitor: onCapabilitiesChanged isPrimary = true
07-29 21:33:04.567  8724  8724 I NetBusNetworkMonitor: gateway=192.*.*.1
07-29 21:33:04.571  8724  8724 I NetBusNetworkMonitor: addConnectNetworkInterface mediumType:256, detail:NetworkDetailInfo{mIsConnected=false, mIsSupportTdls=true, mNetworkType=0, mIpAddress=192.*.*.11, mIfName=wlan0, mGateway=192.*.*.1, mNetmask=255.*.*.0, mSsid=C**01}
07-29 21:33:04.572  8724  8724 I NetBusNetworkMonitor: onCapabilitiesChanged handle=441492361229, mediumType=256, ifName=wlan0
07-29 21:33:04.583  3117  3117 I adbd    : in ShellService: ps
07-29 21:33:04.586  1827  2752 I vendor.qti.hardware.display.composer-service: Sensor: notify citsensorservice to trigger cwb, misForced = 0
07-29 21:33:04.587  3002  4297 I libsensor-parseRGB: request dump start for mRequestDisplayId 0
07-29 21:33:04.617  3002  3081 E libsensor-parseRGB: CWB NotifyCWBBufferDone  error 0
07-29 21:33:04.673  1827  2108 I SDM     : DisplayBase::CommitThread: Received idle timeout, panel: cmd, timeout: 70000 us
07-29 21:33:04.858  3117  3117 I adbd    : in ShellService: pm list packages -f
07-29 21:33:04.998  2463  5177 I NetworkAccelerateSwitchService: EVENT_RSSI_POLL. mRssiPoll=true
07-29 21:33:04.998  2463  5177 I NetworkAccelerateSwitchService: getAverageWifiRssi:65
07-29 21:33:05.031  2463  4412 I SmartPower: com.ss.android.ugc.aweme:smp/10322(8536): background->idle(3001ms) R(broadcast start Intent { act=android.net.wifi.RSSI_CHANGED flg=0x4000010 (has extras) }) adj=915.
07-29 21:33:05.036  2463  4205 I MiuiNetworkPolicy: bandwidth: 0 KB/s, Max bandwidth: 1686 KB/s
07-29 21:33:05.120  2463  4412 I SmartPower: com.android.permissioncontroller/10241(7368): background->idle(13025ms) R(service end com.android.permissioncontroller/.permission.service.PermissionControllerServiceImpl) adj=905.
07-29 21:33:05.754  3117  3117 I adbd    : in ShellService: ps
07-29 21:33:05.790 11730 12142 I Zeus/receiver: ZeusTransformUtils-registerReceiver-execute
07-29 21:33:05.794 11730 12142 I Zeus/receiver: ZeusTransformUtils-registerReceiver-execute
07-29 21:33:06.030 31200 31200 I cr_A11yState: Enabled accessibility services: [io.github.ylimit.droidbotapp/io.github.privacystreams.accessibility.PSAccessibilityService, null]
07-29 21:33:06.031 31200 31200 I cr_A11yState: Running accessibility services: [io.github.ylimit.droidbotapp/io.github.privacystreams.accessibility.PSAccessibilityService]
07-29 21:33:06.031 31200 31200 I cr_A11yState: Will check again after 4000 milliseconds.
07-29 21:33:06.421  2463  2463 W binder:2463_20: type=1400 audit(0.0:18346): avc:  denied  { getopt } for  scontext=u:r:system_server:s0 tcontext=u:r:shell:s0 tclass=unix_stream_socket permissive=0
07-29 21:33:06.668  2463  3733 W NativeLibraryHelper: Failed to punch apk : /data/app/vmdl1241203989.tmp/base.apk at extra field
07-29 21:33:06.668  2463  3733 W NativeLibraryHelper: Failed to punch apk : /data/app/vmdl1241203989.tmp/base.apk at extra field
07-29 21:33:06.668  2463  3733 W NativeLibraryHelper: Failed to punch apk : /data/app/vmdl1241203989.tmp/base.apk at extra field
07-29 21:33:06.668  2463  3733 W NativeLibraryHelper: Failed to punch apk : /data/app/vmdl1241203989.tmp/base.apk at extra field
07-29 21:33:06.668  2463  3733 W NativeLibraryHelper: Failed to punch apk : /data/app/vmdl1241203989.tmp/base.apk at extra field
07-29 21:33:06.669  2463  3733 W NativeLibraryHelper: Failed to punch apk : /data/app/vmdl1241203989.tmp/base.apk at extra field
07-29 21:33:06.669  2463  3733 W NativeLibraryHelper: Failed to punch apk : /data/app/vmdl1241203989.tmp/base.apk at extra field
07-29 21:33:06.669  2463  3733 W NativeLibraryHelper: Failed to punch apk : /data/app/vmdl1241203989.tmp/base.apk at extra field
07-29 21:33:06.690  2463  4102 W PackageParsing: No actions in intent-filter at /data/app/vmdl1241203989.tmp/base.apk Binary XML file line #463
07-29 21:33:06.708  2463  4102 W RuleEvaluation: Integrity rule files are not available.
07-29 21:33:06.708  2463  2775 I PackageManager: Integrity check passed for file:///data/app/vmdl1241203989.tmp
07-29 21:33:06.722  2463  2775 W PackageParsing: No actions in intent-filter at /data/app/vmdl1241203989.tmp/base.apk Binary XML file line #463
07-29 21:33:06.727  2463  2775 W PackageManager: Package com.reddit.frontpage attempting to redeclare system permission android.permission.INTERACT_ACROSS_USERS; ignoring new declaration
07-29 21:33:06.730  2463  2775 I PackageManager: New shared user com.reddit.reddit: id=10392
07-29 21:33:06.759  7958  7958 I UserConsentManager: onPermissionsChanged: 10392
07-29 21:33:06.759  7958  7958 I UserConsentManager: onPermissionsChanged: 10392
07-29 21:33:06.759  7958  7958 I UserConsentManager: onPermissionsChanged: 10392
07-29 21:33:06.761  2463  2498 I system_server: This is sticky GC, maxfree is 16777216 minfree is 8388608
07-29 21:33:06.764  2463  2500 W System  : A resource failed to call close. 
07-29 21:33:06.792  2463  2506 E AppOps  : Trying to set mode for unknown uid 10392.
07-29 21:33:06.794  2463  4205 I MiuiNetworkPolicy: updateUidState uid = 10083, uidState = 19
07-29 21:33:06.806 18794 19624 I artd    : Merge skipped because there are no existing profiles
07-29 21:33:06.806  2463  2775 I ArtService: Adjusting the compiler filter for 'com.reddit.frontpage' from 'speed-profile' to 'verify' because there is no valid profile
07-29 21:33:06.807 18794 19624 I artd    : Dex parent of /data/app/~~QVKuGsbdx4o96r8vWnbSGw==/com.reddit.frontpage-6P9irqQdmY1GvLfCYD-Ypw==/base.apk is not writable: Permission denied
07-29 21:33:06.807 18794 19624 I artd    : GetBestInfo checking odex in dalvik-cache (/data/dalvik-cache/arm64/data@app@~~QVKuGsbdx4o96r8vWnbSGw==@com.reddit.frontpage-6P9irqQdmY1GvLfCYD-Ypw==@base.apk@classes.dex)
07-29 21:33:06.807 18794 19624 I artd    : Loading /data/dalvik-cache/arm64/data@app@~~QVKuGsbdx4o96r8vWnbSGw==@com.reddit.frontpage-6P9irqQdmY1GvLfCYD-Ypw==@base.apk@classes.dex with executable: 0
07-29 21:33:06.807 18794 19624 I artd    : OatFileAssistant test for existing oat file /data/dalvik-cache/arm64/data@app@~~QVKuGsbdx4o96r8vWnbSGw==@com.reddit.frontpage-6P9irqQdmY1GvLfCYD-Ypw==@base.apk@classes.dex: File /data/dalvik-cache/arm64/data@app@~~QVKuGsbdx4o96r8vWnbSGw==@com.reddit.frontpage-6P9irqQdmY1GvLfCYD-Ypw==@base.apk@classes.vdex does not exist.
07-29 21:33:06.807 18794 19624 I artd    : GetBestInfo checking odex next to the dex file (/data/app/~~QVKuGsbdx4o96r8vWnbSGw==/com.reddit.frontpage-6P9irqQdmY1GvLfCYD-Ypw==/oat/arm64/base.odex)
07-29 21:33:06.807 18794 19624 I artd    : Loading /data/app/~~QVKuGsbdx4o96r8vWnbSGw==/com.reddit.frontpage-6P9irqQdmY1GvLfCYD-Ypw==/oat/arm64/base.odex with executable: 0
07-29 21:33:06.807 18794 19624 I artd    : OatFileAssistant test for existing oat file /data/app/~~QVKuGsbdx4o96r8vWnbSGw==/com.reddit.frontpage-6P9irqQdmY1GvLfCYD-Ypw==/oat/arm64/base.odex: File /data/app/~~QVKuGsbdx4o96r8vWnbSGw==/com.reddit.frontpage-6P9irqQdmY1GvLfCYD-Ypw==/oat/arm64/base.vdex does not exist.
07-29 21:33:06.807 18794 19624 I artd    : GetBestInfo checking vdex in dalvik-cache (/data/dalvik-cache/arm64/data@app@~~QVKuGsbdx4o96r8vWnbSGw==@com.reddit.frontpage-6P9irqQdmY1GvLfCYD-Ypw==@base.apk@classes.vdex)
07-29 21:33:06.807 18794 19624 I artd    : unable to open vdex file /data/dalvik-cache/arm64/data@app@~~QVKuGsbdx4o96r8vWnbSGw==@com.reddit.frontpage-6P9irqQdmY1GvLfCYD-Ypw==@base.apk@classes.vdex: File /data/dalvik-cache/arm64/data@app@~~QVKuGsbdx4o96r8vWnbSGw==@com.reddit.frontpage-6P9irqQdmY1GvLfCYD-Ypw==@base.apk@classes.vdex does not exist.
07-29 21:33:06.807 18794 19624 I artd    : OatFileAssistant test for existing oat file /data/dalvik-cache/arm64/data@app@~~QVKuGsbdx4o96r8vWnbSGw==@com.reddit.frontpage-6P9irqQdmY1GvLfCYD-Ypw==@base.apk@classes.vdex: File /data/dalvik-cache/arm64/data@app@~~QVKuGsbdx4o96r8vWnbSGw==@com.reddit.frontpage-6P9irqQdmY1GvLfCYD-Ypw==@base.apk@classes.vdex does not exist.
07-29 21:33:06.807 18794 19624 I artd    : GetBestInfo checking vdex next to the dex file (/data/app/~~QVKuGsbdx4o96r8vWnbSGw==/com.reddit.frontpage-6P9irqQdmY1GvLfCYD-Ypw==/oat/arm64/base.vdex)
07-29 21:33:06.807 18794 19624 I artd    : unable to open vdex file /data/app/~~QVKuGsbdx4o96r8vWnbSGw==/com.reddit.frontpage-6P9irqQdmY1GvLfCYD-Ypw==/oat/arm64/base.vdex: File /data/app/~~QVKuGsbdx4o96r8vWnbSGw==/com.reddit.frontpage-6P9irqQdmY1GvLfCYD-Ypw==/oat/arm64/base.vdex does not exist.
07-29 21:33:06.807 18794 19624 I artd    : OatFileAssistant test for existing oat file /data/app/~~QVKuGsbdx4o96r8vWnbSGw==/com.reddit.frontpage-6P9irqQdmY1GvLfCYD-Ypw==/oat/arm64/base.vdex: File /data/app/~~QVKuGsbdx4o96r8vWnbSGw==/com.reddit.frontpage-6P9irqQdmY1GvLfCYD-Ypw==/oat/arm64/base.vdex does not exist.
07-29 21:33:06.807 18794 19624 I artd    : GetBestInfo checking dm (/data/app/~~QVKuGsbdx4o96r8vWnbSGw==/com.reddit.frontpage-6P9irqQdmY1GvLfCYD-Ypw==/base.dm)
07-29 21:33:06.807 18794 19624 I artd    : GetBestInfo no usable artifacts
07-29 21:33:06.812 18794 19624 I artd    : Running dex2oat: /apex/com.android.art/bin/art_exec --drop-capabilities --set-task-profile=Dex2OatBootComplete --set-priority=background --keep-fds=7:8:9:10:11 -- /apex/com.android.art/bin/dex2oat64 --zip-fd=7 --zip-location=/data/app/~~QVKuGsbdx4o96r8vWnbSGw==/com.reddit.frontpage-6P9irqQdmY1GvLfCYD-Ypw==/base.apk --oat-fd=8 --oat-location=/data/app/~~QVKuGsbdx4o96r8vWnbSGw==/com.reddit.frontpage-6P9irqQdmY1GvLfCYD-Ypw==/oat/arm64/base.odex --output-vdex-fd=9 --swap-fd=10 --class-loader-context-fds=11 --class-loader-context=PCL[]{PCL[/system/framework/org.apache.http.legacy.jar]} --classpath-dir=/data/app/~~QVKuGsbdx4o96r8vWnbSGw==/com.reddit.frontpage-6P9irqQdmY1GvLfCYD-Ypw== --instruction-set=arm64 --instruction-set-features=default --instruction-set-variant=kryo300 --compiler-filter=verify --compilation-reason=install --compact-dex-level=none --max-image-block-size=524288 --resolve-startup-const-strings=true --generate-mini-debug-info --runtime-arg -Xtarget-sdk-version:30 --runtime-arg -Xhidden-api-policy:enabled -j6 --runtime-arg -Xms64m --runtime-arg -Xmx512m --comments=app-name:com.reddit.frontpage,app-version-name:2022.6.2,app-version-code:420562,art-version:352090000
07-29 21:33:06.812 18794 19624 I artd    : Opened FDs: 7:/data/app/~~QVKuGsbdx4o96r8vWnbSGw==/com.reddit.frontpage-6P9irqQdmY1GvLfCYD-Ypw==/base.apk 8:/data/app/~~QVKuGsbdx4o96r8vWnbSGw==/com.reddit.frontpage-6P9irqQdmY1GvLfCYD-Ypw==/oat/arm64/base.odex.PuTyTP.tmp 9:/data/app/~~QVKuGsbdx4o96r8vWnbSGw==/com.reddit.frontpage-6P9irqQdmY1GvLfCYD-Ypw==/oat/arm64/base.vdex.mQL6Wl.tmp 10:/data/app/~~QVKuGsbdx4o96r8vWnbSGw==/com.reddit.frontpage-6P9irqQdmY1GvLfCYD-Ypw==/oat/arm64/base.odex.swap.AnC3qo.tmp 11:/system/framework/org.apache.http.legacy.jar 
07-29 21:33:06.832 27495 27495 W libprocessgroup: JoinCgroup: controller schedtune is not found
07-29 21:33:06.850 27495 27495 W dex2oat64: Obsolete flag --compact-dex-level ignored
07-29 21:33:06.852 27495 27495 I dex2oat64: /apex/com.android.art/bin/dex2oat64 --output-vdex-fd=9 --class-loader-context-fds=11 --class-loader-context=PCL[]{PCL[/system/framework/org.apache.http.legacy.jar]} --classpath-dir=/data/app/~~QVKuGsbdx4o96r8vWnbSGw==/com.reddit.frontpage-6P9irqQdmY1GvLfCYD-Ypw== --compiler-filter=verify --compilation-reason=install --compact-dex-level=none --max-image-block-size=524288 --resolve-startup-const-strings=true --generate-mini-debug-info -j6 --comments=app-name:com.reddit.frontpage,app-version-name:2022.6.2,app-version-code:420562,art-version:352090000
07-29 21:33:06.903  3117  3117 I adbd    : in ShellService: ps
07-29 21:33:06.978  3117  3117 I adbd    : in ShellService: pm list packages -f
07-29 21:33:07.018  1844  1844 I vendor.qti.hardware.servicetrackeraidl-service: unbindService is called for service : com.google.android.gms/.chimera.PersistentDirectBootAwareApiService and for client com.google.android.gms.unstable
07-29 21:33:07.018  1844  1844 I vendor.qti.hardware.servicetrackeraidl-service: size of service connections for service: com.google.android.gms/.chimera.PersistentDirectBootAwareApiServiceafter removal is 4
07-29 21:33:07.018  1844  1844 I vendor.qti.hardware.servicetrackeraidl-service: size of client connections for client: com.google.android.gms.unstableafter removal is 1
07-29 21:33:07.070  3117  3117 I adbd    : in ShellService: dumpsys package com.reddit.frontpage
07-29 21:33:07.101 18794 19625 I artd    : Dex parent of /data/app/~~QVKuGsbdx4o96r8vWnbSGw==/com.reddit.frontpage-6P9irqQdmY1GvLfCYD-Ypw==/base.apk is not writable: Permission denied
07-29 21:33:07.101 18794 19625 I artd    : GetBestInfo checking odex in dalvik-cache (/data/dalvik-cache/arm64/data@app@~~QVKuGsbdx4o96r8vWnbSGw==@com.reddit.frontpage-6P9irqQdmY1GvLfCYD-Ypw==@base.apk@classes.dex)
07-29 21:33:07.101 18794 19625 I artd    : Loading /data/dalvik-cache/arm64/data@app@~~QVKuGsbdx4o96r8vWnbSGw==@com.reddit.frontpage-6P9irqQdmY1GvLfCYD-Ypw==@base.apk@classes.dex with executable: 0
07-29 21:33:07.102 18794 19625 I artd    : OatFileAssistant test for existing oat file /data/dalvik-cache/arm64/data@app@~~QVKuGsbdx4o96r8vWnbSGw==@com.reddit.frontpage-6P9irqQdmY1GvLfCYD-Ypw==@base.apk@classes.dex: File /data/dalvik-cache/arm64/data@app@~~QVKuGsbdx4o96r8vWnbSGw==@com.reddit.frontpage-6P9irqQdmY1GvLfCYD-Ypw==@base.apk@classes.vdex does not exist.
07-29 21:33:07.102 18794 19625 I artd    : GetBestInfo checking odex next to the dex file (/data/app/~~QVKuGsbdx4o96r8vWnbSGw==/com.reddit.frontpage-6P9irqQdmY1GvLfCYD-Ypw==/oat/arm64/base.odex)
07-29 21:33:07.102 18794 19625 I artd    : Loading /data/app/~~QVKuGsbdx4o96r8vWnbSGw==/com.reddit.frontpage-6P9irqQdmY1GvLfCYD-Ypw==/oat/arm64/base.odex with executable: 0
07-29 21:33:07.102 18794 19625 I artd    : OatFileAssistant test for existing oat file /data/app/~~QVKuGsbdx4o96r8vWnbSGw==/com.reddit.frontpage-6P9irqQdmY1GvLfCYD-Ypw==/oat/arm64/base.odex: File /data/app/~~QVKuGsbdx4o96r8vWnbSGw==/com.reddit.frontpage-6P9irqQdmY1GvLfCYD-Ypw==/oat/arm64/base.vdex does not exist.
07-29 21:33:07.102 18794 19625 I artd    : GetBestInfo checking vdex in dalvik-cache (/data/dalvik-cache/arm64/data@app@~~QVKuGsbdx4o96r8vWnbSGw==@com.reddit.frontpage-6P9irqQdmY1GvLfCYD-Ypw==@base.apk@classes.vdex)
07-29 21:33:07.102 18794 19625 I artd    : unable to open vdex file /data/dalvik-cache/arm64/data@app@~~QVKuGsbdx4o96r8vWnbSGw==@com.reddit.frontpage-6P9irqQdmY1GvLfCYD-Ypw==@base.apk@classes.vdex: File /data/dalvik-cache/arm64/data@app@~~QVKuGsbdx4o96r8vWnbSGw==@com.reddit.frontpage-6P9irqQdmY1GvLfCYD-Ypw==@base.apk@classes.vdex does not exist.
07-29 21:33:07.102 18794 19625 I artd    : OatFileAssistant test for existing oat file /data/dalvik-cache/arm64/data@app@~~QVKuGsbdx4o96r8vWnbSGw==@com.reddit.frontpage-6P9irqQdmY1GvLfCYD-Ypw==@base.apk@classes.vdex: File /data/dalvik-cache/arm64/data@app@~~QVKuGsbdx4o96r8vWnbSGw==@com.reddit.frontpage-6P9irqQdmY1GvLfCYD-Ypw==@base.apk@classes.vdex does not exist.
07-29 21:33:07.102 18794 19625 I artd    : GetBestInfo checking vdex next to the dex file (/data/app/~~QVKuGsbdx4o96r8vWnbSGw==/com.reddit.frontpage-6P9irqQdmY1GvLfCYD-Ypw==/oat/arm64/base.vdex)
07-29 21:33:07.102 18794 19625 I artd    : unable to open vdex file /data/app/~~QVKuGsbdx4o96r8vWnbSGw==/com.reddit.frontpage-6P9irqQdmY1GvLfCYD-Ypw==/oat/arm64/base.vdex: File /data/app/~~QVKuGsbdx4o96r8vWnbSGw==/com.reddit.frontpage-6P9irqQdmY1GvLfCYD-Ypw==/oat/arm64/base.vdex does not exist.
07-29 21:33:07.102 18794 19625 I artd    : OatFileAssistant test for existing oat file /data/app/~~QVKuGsbdx4o96r8vWnbSGw==/com.reddit.frontpage-6P9irqQdmY1GvLfCYD-Ypw==/oat/arm64/base.vdex: File /data/app/~~QVKuGsbdx4o96r8vWnbSGw==/com.reddit.frontpage-6P9irqQdmY1GvLfCYD-Ypw==/oat/arm64/base.vdex does not exist.
07-29 21:33:07.102 18794 19625 I artd    : GetBestInfo checking dm (/data/app/~~QVKuGsbdx4o96r8vWnbSGw==/com.reddit.frontpage-6P9irqQdmY1GvLfCYD-Ypw==/base.dm)
07-29 21:33:07.102 18794 19625 W ziparchive: Unable to open '/data/app/~~QVKuGsbdx4o96r8vWnbSGw==/com.reddit.frontpage-6P9irqQdmY1GvLfCYD-Ypw==/base.dm': No such file or directory
07-29 21:33:07.102 18794 19625 I artd    : OatFileAssistant test for existing oat file /data/app/~~QVKuGsbdx4o96r8vWnbSGw==/com.reddit.frontpage-6P9irqQdmY1GvLfCYD-Ypw==/base.dm: I/O error
07-29 21:33:07.102 18794 19625 I artd    : GetBestInfo checking dm (/data/app/~~QVKuGsbdx4o96r8vWnbSGw==/com.reddit.frontpage-6P9irqQdmY1GvLfCYD-Ypw==/base.dm)
07-29 21:33:07.102 18794 19625 W ziparchive: Unable to open '/data/app/~~QVKuGsbdx4o96r8vWnbSGw==/com.reddit.frontpage-6P9irqQdmY1GvLfCYD-Ypw==/base.dm': No such file or directory
07-29 21:33:07.102 18794 19625 I artd    : OatFileAssistant test for existing oat file /data/app/~~QVKuGsbdx4o96r8vWnbSGw==/com.reddit.frontpage-6P9irqQdmY1GvLfCYD-Ypw==/base.dm: I/O error
07-29 21:33:07.102 18794 19625 I artd    : GetBestInfo no usable artifacts
07-29 21:33:07.103  2463 15424 W ziparchive: Unable to open '/data/app/~~QVKuGsbdx4o96r8vWnbSGw==/com.reddit.frontpage-6P9irqQdmY1GvLfCYD-Ypw==/base.dm': No such file or directory
07-29 21:33:07.104  2463 15424 E DexOptHelperImpl: Fail to get art odex vdex with path :/data/app/~~QVKuGsbdx4o96r8vWnbSGw==/com.reddit.frontpage-6P9irqQdmY1GvLfCYD-Ypw==/base.apk
07-29 21:33:07.116  8724 17530 W lyra-mdns-core: _deal_timeout query _lyra-mdns._udp.local[0C] timeout!
07-29 21:33:07.175  3117  3117 I adbd    : in ShellService: dumpsys activity activities
07-29 21:33:07.247  3117  3117 I adbd    : in ShellService: dumpsys activity activities
07-29 21:33:07.329  3117  3117 I adbd    : in ShellService: dumpsys activity activities
07-29 21:33:07.369  2463  2526 I ThermalObserver: Gallery hdr is disable by thermal.
07-29 21:33:07.392  3117  3117 I adbd    : in ShellService: dumpsys activity services
07-29 21:33:07.407 27495 27495 I dex2oat64: Using CollectorTypeCC GC.
07-29 21:33:07.468 27495 27495 I dex2oat64: Large app, accepted running with swap.
07-29 21:33:07.511  3117  3117 I adbd    : in ShellService: screencap -p /sdcard/screen_2025-07-29_213308.png
07-29 21:33:07.584  4916  4962 E PhoneAdapter: get ntnphones failed, exception: java.lang.IllegalStateException: Default phones haven't been made yet!
07-29 21:33:07.627 27528 27528 W BpBinder: Linking to death on android.gui.ISurfaceComposer but there are no threads (yet?) listening to incoming transactions. See ProcessState::startThreadPool and ProcessState::setThreadPoolMaxThreadCount. Generally you should setup the binder threadpool before other initialization steps.
07-29 21:33:07.627 27528 27528 W ProcessState: Extra binder thread started, but 0 threads requested. Do not use *startThreadPool when zero threads are requested.
07-29 21:33:07.660 27528 27531 I AdrenoUtils: <ReadGpuID:357>: Reading chip ID through GSL
07-29 21:33:07.657 27528 27528 W screencap: type=1400 audit(0.0:18347): avc:  denied  { read } for  name="libubwcp.so" dev="dm-14" ino=19816057 scontext=u:r:shell:s0 tcontext=u:object_r:vendor_file:s0 tclass=file permissive=0
07-29 21:33:07.661 27528 27528 W qdgralloc: Failed to load libubwcp.so
07-29 21:33:07.667  7633 20216 W MediaProvider: isAppCloneUserPair for user 0: false
07-29 21:33:07.740  1844  1844 I vendor.qti.hardware.servicetrackeraidl-service: unbindService is called for service : com.google.android.gms/.chimera.GmsBoundBrokerService and for client com.google.android.gms
07-29 21:33:07.740  1844  1844 I vendor.qti.hardware.servicetrackeraidl-service: size of service connections for service: com.google.android.gms/.chimera.GmsBoundBrokerServiceafter removal is 2
07-29 21:33:07.740  1844  1844 I vendor.qti.hardware.servicetrackeraidl-service: size of client connections for client: com.google.android.gmsafter removal is 6
07-29 21:33:07.745  1844  1844 I vendor.qti.hardware.servicetrackeraidl-service: unbindService is called for service : com.google.android.gms/.chimera.PersistentApiService and for client com.google.android.gms
07-29 21:33:07.747  1844  1844 I vendor.qti.hardware.servicetrackeraidl-service: unbindService is called for service : com.google.android.gms/.icing.service.AppIndexingService and for client com.google.android.gms
07-29 21:33:07.747  1844  1844 I vendor.qti.hardware.servicetrackeraidl-service: size of service connections for service: com.google.android.gms/.icing.service.AppIndexingServiceafter removal is 1
07-29 21:33:07.747  1844  1844 I vendor.qti.hardware.servicetrackeraidl-service: size of client connections for client: com.google.android.gmsafter removal is 5
07-29 21:33:07.770  1844  1844 I vendor.qti.hardware.servicetrackeraidl-service: unbindService is called for service : com.google.android.gms/.chimera.GmsBoundBrokerService and for client com.google.android.gms.persistent
07-29 21:33:07.770  1844  1844 I vendor.qti.hardware.servicetrackeraidl-service: size of service connections for service: com.google.android.gms/.chimera.GmsBoundBrokerServiceafter removal is 1
07-29 21:33:07.770  1844  1844 I vendor.qti.hardware.servicetrackeraidl-service: size of client connections for client: com.google.android.gms.persistentafter removal is 5
07-29 21:33:07.773  1844  1844 I vendor.qti.hardware.servicetrackeraidl-service: unbindService is called for service : com.google.android.gms/.icing.service.AppIndexingService and for client com.google.android.gms.persistent
07-29 21:33:07.773  1844  1844 I vendor.qti.hardware.servicetrackeraidl-service: size of service connections for service: com.google.android.gms/.icing.service.AppIndexingServiceafter removal is 0
07-29 21:33:07.773  1844  1844 I vendor.qti.hardware.servicetrackeraidl-service: size of client connections for client: com.google.android.gms.persistentafter removal is 4
07-29 21:33:07.773  1844  1844 I vendor.qti.hardware.servicetrackeraidl-service: destroyService is called for service : com.google.android.gms/.icing.service.AppIndexingService
07-29 21:33:07.776  1844  1844 I vendor.qti.hardware.servicetrackeraidl-service: unbindService is called for service : com.google.android.gms/.icing.service.IndexService and for client com.google.android.gms.persistent
07-29 21:33:07.776  1844  1844 I vendor.qti.hardware.servicetrackeraidl-service: size of service connections for service: com.google.android.gms/.icing.service.IndexServiceafter removal is 1
07-29 21:33:07.776  1844  1844 I vendor.qti.hardware.servicetrackeraidl-service: size of client connections for client: com.google.android.gms.persistentafter removal is 3
07-29 21:33:07.777  2463  2509 E SSRU-RUS: Don't have packages for uid 99013
07-29 21:33:07.778  2463  4205 I MiuiNetworkPolicy: updateUidState uid = 99013, uidState = 19
07-29 21:33:07.779  1844  1844 I vendor.qti.hardware.servicetrackeraidl-service: unbindService is called for service : com.google.android.gms/.icing.service.IndexService and for client com.google.android.gms
07-29 21:33:07.779  1844  1844 I vendor.qti.hardware.servicetrackeraidl-service: size of service connections for service: com.google.android.gms/.icing.service.IndexServiceafter removal is 0
07-29 21:33:07.779  1844  1844 I vendor.qti.hardware.servicetrackeraidl-service: size of client connections for client: com.google.android.gmsafter removal is 4
07-29 21:33:07.779  1844  1844 I vendor.qti.hardware.servicetrackeraidl-service: destroyService is called for service : com.google.android.gms/.icing.service.IndexService
07-29 21:33:07.782  2463  4205 I MiuiNetworkPolicy: updateUidState uid = 99013, uidState = 10
07-29 21:33:07.783  2463  2509 E SSRU-RUS: Don't have packages for uid 99013
07-29 21:33:07.784  2463  4205 I MiuiNetworkPolicy: updateUidState uid = 99013, uidState = 19
07-29 21:33:07.785  2463  2509 E SSRU-RUS: Don't have packages for uid 99013
07-29 21:33:08.004  2463  5177 I NetworkAccelerateSwitchService: EVENT_RSSI_POLL. mRssiPoll=true
07-29 21:33:08.005  2463  5177 I NetworkAccelerateSwitchService: getAverageWifiRssi:65
07-29 21:33:08.037  2463  4205 I MiuiNetworkPolicy: bandwidth: 0 KB/s, Max bandwidth: 1686 KB/s
07-29 21:33:08.065  3117  3117 I adbd    : in ShellService: ps
07-29 21:33:08.537 27495 27495 I dex2oat64: dex2oat took 1.687s (5.829s cpu) (threads: 6) arena alloc=0B (0B) java alloc=58MB (61234320B) native alloc=11MB (12113680B) free=1781KB (1824608B) swap=16MB (16777216B)
07-29 21:33:08.559 18794 19624 I artd    : dex2oat returned code 0
07-29 21:33:08.568  2463  2775 I ArtService: Dexopt result: [packageName = com.reddit.frontpage] DexContainerFileDexoptResult{dexContainerFile=/data/app/~~QVKuGsbdx4o96r8vWnbSGw==/com.reddit.frontpage-6P9irqQdmY1GvLfCYD-Ypw==/base.apk, primaryAbi=true, abi=arm64-v8a, actualCompilerFilter=verify, status=PERFORMED, dex2oatWallTimeMillis=1749, dex2oatCpuTimeMillis=5870, sizeBytes=66196052, sizeBeforeBytes=0, extendedStatusFlags=[]}
07-29 21:33:08.569  2463 20589 I Miui32BitTranslateHelper: 32BitPretranslate: skipping APK pre-translation for com.reddit.frontpage
07-29 21:33:08.569  2463  2775 W PackageFreezer: Freeze package com.reddit.frontpage about 1.839 seconds for reason: installPackageLI
07-29 21:33:08.570  2463  2775 I BackupManagerService: [UserID:0] restoreAtInstall pkg=com.reddit.frontpage token=4d restoreSet=0
07-29 21:33:08.571  1844  1844 I vendor.qti.hardware.servicetrackeraidl-service: bindService is called for service : com.google.android.gms/.backup.BackupTransportService and for client system
07-29 21:33:08.571  1844  1844 I vendor.qti.hardware.servicetrackeraidl-service: total connections for service : com.google.android.gms/.backup.BackupTransportServiceare :1
07-29 21:33:08.571  1844  1844 I vendor.qti.hardware.servicetrackeraidl-service: total connections for client : systemare :31
07-29 21:33:08.572  2463  2509 E SSRU-RUS: Don't have packages for uid 99013
07-29 21:33:08.573  2463  4205 I MiuiNetworkPolicy: updateUidState uid = 99013, uidState = 6
07-29 21:33:08.579  2463  2463 I TransportConnection: BackupTransportService#1483: Notifying [BMS.restoreAtInstall] transport = BackupTransportClient
07-29 21:33:08.581 31105 31126 W AndroidBackupEventsLogg: Flag disabled, logging without sampling [CONTEXT service_id=229 ]
07-29 21:33:08.581  1844  1844 I vendor.qti.hardware.servicetrackeraidl-service: unbindService is called for service : com.google.android.gms/.backup.BackupTransportService and for client system
07-29 21:33:08.582  1844  1844 I vendor.qti.hardware.servicetrackeraidl-service: size of service connections for service: com.google.android.gms/.backup.BackupTransportServiceafter removal is 0
07-29 21:33:08.582 31105 31126 I AndroidBackupEventsLogg: (REDACTED) Logging without sampling %s
07-29 21:33:08.582  1844  1844 I vendor.qti.hardware.servicetrackeraidl-service: size of client connections for client: systemafter removal is 30
07-29 21:33:08.583 31105 31622 W AndroidBackupEventsLogg: Flag disabled, logging without sampling [CONTEXT service_id=229 ]
07-29 21:33:08.583 31105 31622 I AndroidBackupEventsLogg: (REDACTED) Logging without sampling %s
07-29 21:33:08.583  1844  1844 I vendor.qti.hardware.servicetrackeraidl-service: destroyService is called for service : com.google.android.gms/.backup.BackupTransportService
07-29 21:33:08.583  2463  4205 I MiuiNetworkPolicy: updateUidState uid = 99013, uidState = 10
07-29 21:33:08.584  2463  2509 E SSRU-RUS: Don't have packages for uid 99013
07-29 21:33:08.584  2463  2775 I InstallationTiming: com.reddit.frontpage|null|14375|12221|226|4|0|30|1767
07-29 21:33:08.584  2463  2775 I AppsFilter: interaction: PackageSetting{35fa830 com.android.microdroid.empty_payload/10236} -> PackageSetting{fd11e66 com.reddit.frontpage/10392} BLOCKED
07-29 21:33:08.584  2463  2775 I AppsFilter: interaction: PackageSetting{fa4f22e io.appium.uiautomator2.server.test/10280} -> PackageSetting{fd11e66 com.reddit.frontpage/10392} BLOCKED
07-29 21:33:08.584  2463  2775 I AppsFilter: interaction: PackageSetting{c2f3471 io.github.ylimit.droidbotapp/10391} -> PackageSetting{fd11e66 com.reddit.frontpage/10392} BLOCKED
07-29 21:33:08.585  2463  2775 I AppsFilter: interaction: PackageSetting{89951cf com.rongcard.eid/10151} -> PackageSetting{fd11e66 com.reddit.frontpage/10392} BLOCKED
07-29 21:33:08.585  2463  2775 I AppsFilter: interaction: PackageSetting{54f175c io.appium.settings/10274} -> PackageSetting{fd11e66 com.reddit.frontpage/10392} BLOCKED
07-29 21:33:08.587  2463  2509 E SSRU-RUS: Don't have packages for uid 99013
07-29 21:33:08.587  2463  4205 I MiuiNetworkPolicy: updateUidState uid = 99013, uidState = 19
07-29 21:33:08.581  2463  2463 W binder:2463_20: type=1400 audit(0.0:18348): avc:  denied  { getopt } for  scontext=u:r:system_server:s0 tcontext=u:r:shell:s0 tclass=unix_stream_socket permissive=0
07-29 21:33:08.581  2463  2463 W binder:2463_20: type=1400 audit(0.0:18349): avc:  denied  { getopt } for  scontext=u:r:system_server:s0 tcontext=u:r:shell:s0 tclass=unix_stream_socket permissive=0
07-29 21:33:08.581  2463  2463 W binder:2463_20: type=1400 audit(0.0:18350): avc:  denied  { getopt } for  scontext=u:r:system_server:s0 tcontext=u:r:shell:s0 tclass=unix_stream_socket permissive=0
07-29 21:33:08.592  2463  2515 E AtomicFile: Failed to rename /data/system/install_sessions.xml.new to /data/system/install_sessions.xml
07-29 21:33:08.597  2463  2528 I MiuiCompatModePackages: package com.reddit.frontpage updated, removing config
07-29 21:33:08.601  2463  4448 I SdkSandboxManager: No SDKs used. Skipping SDK data reconcilation for CallingInfo{mUid=10392, mPackageName='com.reddit.frontpage, mAppProcessToken='null'}
07-29 21:33:08.602  2463  4205 I MiuiNetworkPolicy: ACTION_PACKAGE_ADDED uid = 10392
07-29 21:33:08.603  2463  4301 E AppOps  : attributionTag VCN not declared in manifest of android
07-29 21:33:08.603  2463  2463 I NetworkDetectInjector: ACTION_PACKAGE_ADDED uid = 10392
07-29 21:33:08.603  2463  4463 E AppScanObserverService: Try to add a invalid package: com.reddit.frontpage | 10392 | 0
07-29 21:33:08.605  2463  2463 I MiuiNetworkPolicyTrafficLimit: ACTION_PACKAGE_ADDED uid = 10392
07-29 21:33:08.605  2463  2463 E SLM-SRV-SLAAppLib: initBroadcastReceivercom.reddit.frontpage
07-29 21:33:08.605  2463  2463 I SLM-SRV-SLAAppLib: ACTION_PACKAGE_ADDED uid = 10392com.reddit.frontpage
07-29 21:33:08.605  2463  2463 I SLM-SRV-SLSAppLib: setSLSGameUidList:null
07-29 21:33:08.605  2463  2463 I SLM-SRV-SLSAppLib: setSLSVoIPUid:0
07-29 21:33:08.605  2463  2463 I NetworkAccelerateSwitchService: setNetworkAccelerateSwitchUidList:null
07-29 21:33:08.605  2463  2463 I NetworkAccelerateSwitchService: setNetworkAccelerateSwitchVoIPUid:0
07-29 21:33:08.605  2463  2463 I SLM-SRV-SLAAppLib: mDoubleWifiUidList = 10090,10261,10324,10340,10325,10322,10339,10326,10286,10167,
07-29 21:33:08.605  2463  2463 I SLM-SRV-SLAAppLib: mDoubleDataUidList = 10090,10261,10325,10322,10329,10339,10326,10286,10167,
07-29 21:33:08.605  2463  4301 E AppOps  : attributionTag VCN not declared in manifest of android
07-29 21:33:08.608  1844  1844 I vendor.qti.hardware.servicetrackeraidl-service: bindService is called for service : com.android.permissioncontroller/.permission.service.PermissionControllerServiceImpl and for client system
07-29 21:33:08.608  1844  1844 I vendor.qti.hardware.servicetrackeraidl-service: total connections for service : com.android.permissioncontroller/.permission.service.PermissionControllerServiceImplare :1
07-29 21:33:08.608  1844  1844 I vendor.qti.hardware.servicetrackeraidl-service: total connections for client : systemare :31
07-29 21:33:08.608  2463  5141 I SLM-SRV-SLAAppLib: setUidWhiteListToSlad
07-29 21:33:08.609  8013  8013 I TrafficManageService: mina mPackageReceiver 0
07-29 21:33:08.609  2463  5141 I SLM-SRV-SLAAppLib: setSLAUidList:10322,10325,10326,10332,10339,10261,10340,10286,10167,10090,
07-29 21:33:08.609  8013  8013 I InstalledAppMonitor: com.reddit.frontpageonReceive add pkg=com.reddit.frontpage
07-29 21:33:08.609  2463  5141 I SLM-SRV-SLSAppLib: setSLAAppWhiteList:10322,10325,10326,10332,10339,10261,10340,10286,10167,
07-29 21:33:08.609  8013  9359 I FireWallService: mina mPackageReceiver onReceive
07-29 21:33:08.610  8013  9653 I AppPredictManager: predict: recentApps size = 5
07-29 21:33:08.610  8013  9359 W FireWallService: is Pre-installed application
07-29 21:33:08.612  8013  8872 W ContextImpl: Calling a method in the system process without a qualified user: android.app.ContextImpl.startService:1939 android.content.ContextWrapper.startService:843 c4.k.d:80 r2.j.w:116 r2.j.j:0 
07-29 21:33:08.613  8013  9628 I GameBoosterNewApp: addAppToGameBox: isGameBoosterOpen=true
07-29 21:33:08.614  8013  9628 I GameBoosterNewApp: com.reddit.frontpage isGameFromJson false
07-29 21:33:08.615  8013  9628 I GameBoosterNewApp: com.reddit.frontpage isGameFromLocal false
07-29 21:33:08.616  2463  4030 I RoleService: Granting default roles...
07-29 21:33:08.617  2463  4480 I SmartPower: com.android.permissioncontroller/10241(7368): idle->background(3497ms) R(service create com.android.permissioncontroller/.permission.service.PermissionControllerServiceImpl) adj=0.
07-29 21:33:08.619  8013  8013 I AppPredictPrivacyLaunchManager: updateLauncherApps size: 75
07-29 21:33:08.619  2463  4205 I MiuiNetworkPolicy: updateUidState uid = 10241, uidState = 6
07-29 21:33:08.626  8013  9423 I MiuiVpnManageService: PackageMonitor. onPackageAdded: packageName =com.reddit.frontpage
07-29 21:33:08.627  2463  5065 I ClipboardServiceI: checkProviderWakePathForClipboard: primaryClip is null
07-29 21:33:08.627  4916  5777 E SmsApplication: com.android.mms lost android:read_cell_broadcasts:  (fixing)
07-29 21:33:08.630  2463  4205 I MiuiNetworkPolicy: updateUidState uid = 10092, uidState = 5
07-29 21:33:08.631  4505 27208 I htmlviewercloudcontrol: isStagingEnv:false param =  fps_group_config  uriMatch = 2, cluster: cn, version: 553104, traceId: aa4a7f1732c179f033e45bb6df6285c3, regId: +4z3RS85+e2U9l+sd6caQ/srGmJCsEbKpG1twyPn1K0CrNNyxYT/yAgGVxm5X+yC
