--------- beginning of main
05-18 03:33:56.730 19663 19663 I GoogleInputMethodService: GoogleInputMethodService.onFinishInput():1961 
05-18 03:33:56.732 19663 19663 I Module  : DeviceLockedStatusModuleProvider$Module.updateDeviceLockedStatus():100 repeatCheckTimes = 0, locked = false
05-18 03:33:56.736 19663 19663 I GoogleInputMethodService: GoogleInputMethodService.onDestroy():889 
05-18 03:33:56.737 19663 19663 I GlobeKeyExtension: GlobeKeyExtension.onDestroyExtension():120 
05-18 03:33:56.737 19663 19663 I ModuleManager: ModuleManager$ModuleInitListener.maybeUnloadModuleOnUnavailable():1350 module jzu is unavailable
05-18 03:33:56.737 19663 19663 I HardKeyTracker: HardKeyTracker.unregisterKeySequence():182 Unregister key sequence lxp{labelResId=2132020224, callback=bwh@b3861a9, lastModifier=2, keyCodes=[47], actions=[0]}
05-18 03:33:56.737 19663 19663 I ModuleManager: ModuleManager$ModuleInitListener.maybeUnloadModuleOnUnavailable():1350 module dhj is unavailable
05-18 03:33:56.737 19663 19663 I ModuleManager: ModuleManager$ModuleInitListener.maybeUnloadModuleOnUnavailable():1350 module gjn is unavailable
05-18 03:33:56.737 19663 19663 I ModuleManager: ModuleManager$ModuleInitListener.maybeUnloadModuleOnUnavailable():1350 module klz is unavailable
05-18 03:33:56.737 19663 19663 I ModuleManager: ModuleManager$ModuleInitListener.maybeUnloadModuleOnUnavailable():1350 module kmd is unavailable
05-18 03:33:56.737 19663 19663 I ModuleManager: ModuleManager$ModuleInitListener.maybeUnloadModuleOnUnavailable():1350 module kme is unavailable
05-18 03:33:56.737 19663 19663 I ModuleManager: ModuleManager$ModuleInitListener.maybeUnloadModuleOnUnavailable():1350 module kmf is unavailable
05-18 03:33:56.737 19663 19663 I ModuleManager: ModuleManager$ModuleInitListener.maybeUnloadModuleOnUnavailable():1350 module kmg is unavailable
05-18 03:33:56.737 19663 19663 I ModuleManager: ModuleManager$ModuleInitListener.maybeUnloadModuleOnUnavailable():1350 module kyj is unavailable
05-18 03:33:56.737 19663 19663 I HardKeyTracker: HardKeyTracker.unregisterKeySequence():182 Unregister key sequence lxp{labelResId=0, callback=jph@b9fe800, lastModifier=0, keyCodes=[204], actions=[0]}
05-18 03:33:56.737 19663 19663 I HardKeyTracker: HardKeyTracker.unregisterKeySequence():182 Unregister key sequence lxp{labelResId=2132020222, callback=jph@5732fdf, lastModifier=1, keyCodes=[62, 59], actions=[0, 0]}
05-18 03:33:56.737 19663 19663 I HardKeyTracker: HardKeyTracker.unregisterKeySequence():182 Unregister key sequence lxp{labelResId=0, callback=jph@5732fdf, lastModifier=1, keyCodes=[62, 60], actions=[0, 0]}
05-18 03:33:56.737 19663 19663 I ModuleManager: ModuleManager$ModuleInitListener.maybeUnloadModuleOnUnavailable():1350 module kym is unavailable
05-18 03:33:56.738 19663 19663 I ModuleManager: ModuleManager$ModuleInitListener.maybeUnloadModuleOnUnavailable():1350 module lnf is unavailable
05-18 03:33:56.738 19663 19663 I ModuleManager: ModuleManager$ModuleInitListener.maybeUnloadModuleOnUnavailable():1350 module mbf is unavailable
05-18 03:33:56.739 19663 19663 I ModuleManager: ModuleManager$ModuleInitListener.maybeUnloadModuleOnUnavailable():1350 module jol is unavailable
05-18 03:33:56.740 19663 19663 I EmojifyExtensionImpl: EmojifyExtensionImpl.onDestroy():605 Destroying Emojify extension ecq@7900719.
05-18 03:33:56.740 19663 19663 I ModuleManager: ModuleManager$ModuleInitListener.maybeUnloadModuleOnUnavailable():1350 module ecc is unavailable
05-18 03:33:56.740 19663 19663 I AbstractOpenableExtension: AbstractOpenableExtension.maybeDestroyExistingKeyboardGroupManager():537 Destroy existing keyboard group manager in edp
05-18 03:33:56.740 19663 19663 I ModuleManager: ModuleManager$ModuleInitListener.maybeUnloadModuleOnUnavailable():1350 module IExpressionMomentExtension is unavailable
05-18 03:33:56.740 19663 19663 I AbstractOpenableExtension: AbstractOpenableExtension.maybeDestroyExistingKeyboardGroupManager():537 Destroy existing keyboard group manager in fyk
05-18 03:33:56.741 19663 19663 I ModuleManager: ModuleManager$ModuleInitListener.maybeUnloadModuleOnUnavailable():1350 module FastAccessBarExtension is unavailable
05-18 03:33:56.741 19663 19663 I ModuleManager: ModuleManager$ModuleInitListener.maybeUnloadModuleOnUnavailable():1350 module IBitmojiExtension is unavailable
05-18 03:33:56.748 19663 19663 I ModuleManager: ModuleManager$ModuleInitListener.maybeUnloadModuleOnUnavailable():1350 module fza is unavailable
05-18 03:33:56.748 19663 19663 I ModuleManager: ModuleManager$ModuleInitListener.maybeUnloadModuleOnUnavailable():1350 module eki is unavailable
05-18 03:33:56.748 19663 19663 I ModuleManager: ModuleManager$ModuleInitListener.maybeUnloadModuleOnUnavailable():1350 module IGifKeyboardExtension is unavailable
05-18 03:33:56.749 19663 19663 I ModuleManager: ModuleManager$ModuleInitListener.maybeUnloadModuleOnUnavailable():1350 module IStickerExtension is unavailable
05-18 03:33:56.751 19663 19663 I ModuleManager: ModuleManager$ModuleInitListener.maybeUnloadModuleOnUnavailable():1350 module gau is unavailable
05-18 03:33:56.752 19663 19663 I AbstractOpenableExtension: AbstractOpenableExtension.maybeDestroyExistingKeyboardGroupManager():537 Destroy existing keyboard group manager in gbl
05-18 03:33:56.752 19663 19663 I ModuleManager: ModuleManager$ModuleInitListener.maybeUnloadModuleOnUnavailable():1350 module IOcrEntryPointOpenableExtension is unavailable
05-18 03:33:56.754 19663 19663 I ModuleManager: ModuleManager$ModuleInitListener.maybeUnloadModuleOnUnavailable():1350 module mlv is unavailable
05-18 03:33:56.754 19663 19663 I ModuleManager: ModuleManager$ModuleInitListener.maybeUnloadModuleOnUnavailable():1350 module epr is unavailable
05-18 03:33:56.755 19663 19663 I ModuleManager: ModuleManager$ModuleInitListener.maybeUnloadModuleOnUnavailable():1350 module mkd is unavailable
05-18 03:33:56.755 19663 19663 I ModuleManager: ModuleManager$ModuleInitListener.maybeUnloadModuleOnUnavailable():1350 module mjm is unavailable
05-18 03:33:56.756 19663 19663 I ModuleManager: ModuleManager$ModuleInitListener.maybeUnloadModuleOnUnavailable():1350 module djv is unavailable
05-18 03:33:56.756 19663 19663 I ModuleManager: ModuleManager$ModuleInitListener.maybeUnloadModuleOnUnavailable():1350 module gsb is unavailable
05-18 03:33:56.757 19663 19663 I ModuleManager: ModuleManager$ModuleInitListener.maybeUnloadModuleOnUnavailable():1350 module dlb is unavailable
05-18 03:33:56.757 19663 19663 I ModuleManager: ModuleManager$ModuleInitListener.maybeUnloadModuleOnUnavailable():1350 module ITranslateUIExtension is unavailable
05-18 03:33:56.757 19663 19663 I ModuleManager: ModuleManager$ModuleInitListener.maybeUnloadModuleOnUnavailable():1350 module dlm is unavailable
05-18 03:33:56.758 19663 19663 I ModuleManager: ModuleManager$ModuleInitListener.maybeUnloadModuleOnUnavailable():1350 module gsy is unavailable
05-18 03:33:56.766 19663 19663 I ModuleManager: ModuleManager$ModuleInitListener.maybeUnloadModuleOnUnavailable():1350 module gjz is unavailable
05-18 03:33:56.768 19663 19663 I ModuleManager: ModuleManager$ModuleInitListener.maybeUnloadModuleOnUnavailable():1350 module dur is unavailable
05-18 03:33:56.770 19663 19663 I ModuleManager: ModuleManager$ModuleInitListener.maybeUnloadModuleOnUnavailable():1350 module ftv is unavailable
05-18 03:33:56.770 19663 19663 I ModuleManager: ModuleManager$ModuleInitListener.maybeUnloadModuleOnUnavailable():1350 module IUniversalMediaExtension is unavailable
05-18 03:33:56.771 19663 19663 I ModuleManager: ModuleManager$ModuleInitListener.maybeUnloadModuleOnUnavailable():1350 module ehc is unavailable
05-18 03:33:56.772 19663 19663 I ModuleManager: ModuleManager$ModuleInitListener.maybeUnloadModuleOnUnavailable():1350 module dnu is unavailable
05-18 03:33:56.772 19663 19663 I ModuleManager: ModuleManager$ModuleInitListener.maybeUnloadModuleOnUnavailable():1350 module gjt is unavailable
05-18 03:33:56.773 19663 19663 I ModuleManager: ModuleManager$ModuleInitListener.maybeUnloadModuleOnUnavailable():1350 module jnf is unavailable
05-18 03:33:56.775 19663 19663 I ModuleManager: ModuleManager$ModuleInitListener.maybeUnloadModuleOnUnavailable():1350 module dyn is unavailable
05-18 03:33:56.776 19663 19663 I ModuleManager: ModuleManager$ModuleInitListener.maybeUnloadModuleOnUnavailable():1350 module dyi is unavailable
05-18 03:33:56.778 19663 19663 I ModuleManager: ModuleManager$ModuleInitListener.maybeUnloadModuleOnUnavailable():1350 module dzn is unavailable
05-18 03:33:56.779 19663 19663 I ModuleManager: ModuleManager$ModuleInitListener.maybeUnloadModuleOnUnavailable():1350 module ebf is unavailable
05-18 03:33:56.779 19663 19663 I ModuleManager: ModuleManager$ModuleInitListener.maybeUnloadModuleOnUnavailable():1350 module etx is unavailable
05-18 03:33:56.779 19663 19663 I ModuleManager: ModuleManager$ModuleInitListener.maybeUnloadModuleOnUnavailable():1350 module evr is unavailable
05-18 03:33:56.779 19663 19663 I ModuleManager: ModuleManager$ModuleInitListener.maybeUnloadModuleOnUnavailable():1350 module fck is unavailable
05-18 03:33:56.780 19663 19663 I ModuleManager: ModuleManager$ModuleInitListener.maybeUnloadModuleOnUnavailable():1350 module fdz is unavailable
05-18 03:33:56.780 19663 19766 I InputActionMetricsProcessor: InputActionMetricsProcessor.onDetached():107 Detached from metrics manager.
05-18 03:33:56.782 19663 19663 I ModuleManager: ModuleManager$ModuleInitListener.maybeUnloadModuleOnUnavailable():1350 module ffc is unavailable
05-18 03:33:56.782 19663 19663 I ModuleManager: ModuleManager$ModuleInitListener.maybeUnloadModuleOnUnavailable():1350 module fgw is unavailable
05-18 03:33:56.782 19663 19663 I JapaneseMozcExtension: JapaneseMozcExtension.onDestroy():52 
05-18 03:33:56.782 19663 19663 I ModuleManager: ModuleManager$ModuleInitListener.maybeUnloadModuleOnUnavailable():1350 module fhj is unavailable
05-18 03:33:56.782 19663 19663 I ModuleManager: ModuleManager$ModuleInitListener.maybeUnloadModuleOnUnavailable():1350 module fpf is unavailable
05-18 03:33:56.783 19663 19663 I ModuleManager: ModuleManager$ModuleInitListener.maybeUnloadModuleOnUnavailable():1350 module fsu is unavailable
05-18 03:33:56.783 19663 19663 I ModuleManager: ModuleManager$ModuleInitListener.maybeUnloadModuleOnUnavailable():1350 module IEmojiOrGifExtension is unavailable
05-18 03:33:56.783 19663 19663 I ModuleManager: ModuleManager$ModuleInitListener.maybeUnloadModuleOnUnavailable():1350 module IEmoticonExtension is unavailable
05-18 03:33:56.783 19663 19663 I ModuleManager: ModuleManager$ModuleInitListener.maybeUnloadModuleOnUnavailable():1350 module fxh is unavailable
05-18 03:33:56.783 19663 19663 I ModuleManager: ModuleManager$ModuleInitListener.maybeUnloadModuleOnUnavailable():1350 module gam is unavailable
05-18 03:33:56.784 19663 19663 I ModuleManager: ModuleManager$ModuleInitListener.maybeUnloadModuleOnUnavailable():1350 module gts is unavailable
05-18 03:33:56.784 19663 19663 I UniversalDictationExtension: UniversalDictationExtension.onDestroyExtension():92 onDestroy [UD]
05-18 03:33:56.784 19663 19663 I ModuleManager: ModuleManager$ModuleInitListener.maybeUnloadModuleOnUnavailable():1350 module gtu is unavailable
05-18 03:33:56.784 19663 19663 I OnDevicePackDownloadModule: OnDevicePackDownloadModule.onDestroy():95 onDestroy()
05-18 03:33:56.784 19663 19663 I ModuleManager: ModuleManager$ModuleInitListener.maybeUnloadModuleOnUnavailable():1350 module gyt is unavailable
05-18 03:33:56.784 19663 19663 I NewS3RecognizerModule: NewS3RecognizerModule.onDestroy():21 onDestroy [news3]
05-18 03:33:56.785 19663 19663 I ModuleManager: ModuleManager$ModuleInitListener.maybeUnloadModuleOnUnavailable():1350 module hau is unavailable
05-18 03:33:56.785 19663 19663 I ModuleManager: ModuleManager$ModuleInitListener.maybeUnloadModuleOnUnavailable():1350 module imw is unavailable
05-18 03:33:56.785 19663 19663 I HardKeyTracker: HardKeyTracker.unregisterKeySequence():182 Unregister key sequence lxp{labelResId=2132018698, callback=cct@679e101, lastModifier=2, keyCodes=[39], actions=[0]}
05-18 03:33:56.785 19663 19663 I HardKeyTracker: HardKeyTracker.unregisterKeySequence():182 Unregister key sequence lxp{labelResId=2132020217, callback=cct@afb2ad7, lastModifier=2, keyCodes=[37], actions=[0]}
05-18 03:33:56.785 19663 19663 I HardKeyTracker: HardKeyTracker.unregisterKeySequence():182 Unregister key sequence lxp{labelResId=2132020218, callback=cct@6bd4a18, lastModifier=65536, keyCodes=[76], actions=[0]}
05-18 03:33:56.785 19663 19663 I HardKeyTracker: HardKeyTracker.unregisterKeySequence():182 Unregister key sequence lxp{labelResId=2132020219, callback=cct@1b4297e, lastModifier=2, keyCodes=[48], actions=[0]}
05-18 03:33:56.786 19663 19663 I HardKeyTracker: HardKeyTracker.unregisterKeySequence():182 Unregister key sequence lxp{labelResId=2132020214, callback=cct@9fe4d83, lastModifier=2, keyCodes=[50], actions=[0]}
05-18 03:33:56.787 19663 19663 I ModuleManager: ModuleManager$ModuleInitListener.maybeUnloadModuleOnUnavailable():1350 module ipd is unavailable
05-18 03:33:56.787 19663 19663 I ModuleManager: ModuleManager$ModuleInitListener.maybeUnloadModuleOnUnavailable():1350 module jsl is unavailable
05-18 03:33:56.787 19663 19663 I ModuleManager: ModuleManager$ModuleInitListener.maybeUnloadModuleOnUnavailable():1350 module IBannerExtension is unavailable
05-18 03:33:56.787 19663 19663 I ModuleManager: ModuleManager$ModuleInitListener.maybeUnloadModuleOnUnavailable():1350 module mng is unavailable
05-18 03:33:56.788 19663 19663 I ModuleManager: ModuleManager$ModuleInitListener.maybeUnloadModuleOnUnavailable():1350 module gtk is unavailable
05-18 03:33:56.788 19663 19663 I ModuleManager: ModuleManager$ModuleInitListener.maybeUnloadModuleOnUnavailable():1350 module moa is unavailable
05-18 03:33:56.789 19663 19663 I ModuleManager: ModuleManager$ModuleInitListener.maybeUnloadModuleOnUnavailable():1350 module gtf is unavailable
05-18 03:33:56.789 19663 19663 W NotificationCenter: NotificationCenter.unregisterListener():480 Listener jam@4950f17 was not registered for notification class kiv
05-18 03:33:56.789 19663 19663 W NotificationCenter: NotificationCenter.unregisterListener():480 Listener jal@9bfb796 was not registered for notification class kin
05-18 03:33:56.789 19663 19663 W NotificationCenter: NotificationCenter.unregisterListener():480 Listener lmd@207c6b1 was not registered for notification class ips
05-18 03:33:56.789 19663 19663 W NotificationCenter: NotificationCenter.unregisterListener():480 Listener izy@aa11ced was not registered for notification class jmu
05-18 03:33:56.789 19663 19663 W NotificationCenter: NotificationCenter.unregisterListener():480 Listener imp@d493d46 was not registered for notification class ioo
05-18 03:33:56.789 19663 19663 W NotificationCenter: NotificationCenter.unregisterListener():480 Listener imo@2fe9b07 was not registered for notification class ioq
05-18 03:33:56.789 19663 19663 I HardKeyTracker: HardKeyTracker.unregisterKeySequence():182 Unregister key sequence lxp{labelResId=2132020223, callback=ffo@50254ff, lastModifier=2, keyCodes=[62], actions=[0]}
05-18 03:33:56.789 19663 19663 I HardKeyTracker: HardKeyTracker.unregisterKeySequence():182 Unregister key sequence lxp{labelResId=2132020221, callback=null, lastModifier=2, keyCodes=[8], actions=[0]}
05-18 03:33:56.789 19663 19663 I ModuleManager: ModuleManager$ModuleInitListener.maybeUnloadModuleOnUnavailable():1350 module imu is unavailable
05-18 03:33:56.791 19663 19663 I ModuleManager: ModuleManager$ModuleInitListener.maybeUnloadModuleOnUnavailable():1350 module fdy is unavailable
05-18 03:33:56.794 19663 19663 I ModuleManager: ModuleManager$ModuleInitListener.maybeUnloadModuleOnUnavailable():1350 module dho is unavailable
05-18 03:33:56.794 19663 19663 I ModuleManager: ModuleManager$ModuleInitListener.maybeUnloadModuleOnUnavailable():1350 module goa is unavailable
05-18 03:33:56.794 19663 19663 I ModuleManager: ModuleManager$ModuleInitListener.maybeUnloadModuleOnUnavailable():1350 module gsz is unavailable
05-18 03:33:56.794 19663 19663 I ModuleManager: ModuleManager$ModuleInitListener.maybeUnloadModuleOnUnavailable():1350 module lwz is unavailable
05-18 03:33:56.794 19663 19663 I ModuleManager: ModuleManager$ModuleInitListener.maybeUnloadModuleOnUnavailable():1350 module lxa is unavailable
05-18 03:33:56.794 19663 19663 I ModuleManager: ModuleManager$ModuleInitListener.maybeUnloadModuleOnUnavailable():1350 module mdq is unavailable
05-18 03:33:56.796 19663 19663 I ModuleManager: ModuleManager$ModuleInitListener.maybeUnloadModuleOnUnavailable():1350 module gnz is unavailable
05-18 03:33:56.798 19663 19663 I ModuleManager: ModuleManager$ModuleInitListener.maybeUnloadModuleOnUnavailable():1350 module etm is unavailable
05-18 03:33:56.799 19663 19663 I ModuleManager: ModuleManager$ModuleInitListener.maybeUnloadModuleOnUnavailable():1350 module etq is unavailable
05-18 03:33:56.801 19663 19663 I ModuleManager: ModuleManager$ModuleInitListener.maybeUnloadModuleOnUnavailable():1350 module fuo is unavailable
05-18 03:33:56.801 19663 19663 I ModuleManager: ModuleManager$ModuleInitListener.maybeUnloadModuleOnUnavailable():1350 module fur is unavailable
05-18 03:33:56.801 19663 19663 I ModuleManager: ModuleManager$ModuleInitListener.maybeUnloadModuleOnUnavailable():1350 module kyf is unavailable
05-18 03:33:56.803 19663 19663 I HardKeyTracker: HardKeyTracker.unregisterKeySequence():182 Unregister key sequence lxp{labelResId=0, callback=ffo@66a9dcf, lastModifier=0, keyCodes=[57, 57], actions=[1, 0]}
05-18 03:33:56.803 19663 19663 I HardKeyTracker: HardKeyTracker.unregisterKeySequence():182 Unregister key sequence lxp{labelResId=0, callback=ffo@a5cbf3a, lastModifier=0, keyCodes=[58, 58], actions=[1, 0]}
05-18 03:33:56.803 19663 19663 I AbstractOpenableExtension: AbstractOpenableExtension.maybeDestroyExistingKeyboardGroupManager():537 Destroy existing keyboard group manager in fvs
05-18 03:33:56.803 19663 19663 I ModuleManager: ModuleManager$ModuleInitListener.maybeUnloadModuleOnUnavailable():1350 module IEmojiSearchExtension is unavailable
05-18 03:33:56.805 19663 19663 W NotificationCenter: NotificationCenter$NotificationQueue.notifyPendingNotificationsOnExecutor():877 Heavy notify work detected on UI thread: [kmv->lmd, kmv->lmd, kmv->lmd, kmv->lmd, kmv->lmd, kmv->lmd, kmv->lmd, kmv->lmd, kmv->lmd, kmv->lmd, kmv->lmd, kmv->lmd, kmv->lmd, kmv->lmd, kmv->lmd, kmv->lmd, kmv->lmd, kmv->lmd, kmv->lmd, kmv->lmd, liq->lip, liq->lip, liq->lip, liq->lip, liq->lip, liq->lip, liq->lip, liq->lip, liq->lip, liq->lip, liq->lip, liq->lip, liq->lip, liq->lip, liq->lip, liq->lip, liq->lip, liq->lip, liq->lip, liq->lip, liq->lip, liq->lip, liq->lip, liq->lip, liq->lip, liq->lip, liq->lip, liq->lip, liq->lip, liq->lip, liq->lip, liq->lip, liq->lip, liq->lip, liq->lip, liq->lip, liq->lip, liq->lip, liq->lip, liq->lip, liq->lip, ips->lmd, ips->lmd, ips->lmd, ips->lmd, ips->lmd, ips->lmd, ips->lmd, ips->lmd, ips->lmd, liq->lip, liq->lip, liq->lip, liq->lip, liq->lip, liq->lip, liq->lip, liq->lip, liq->lip, liq->lip, liq->lip, liq->lip, liq->lip, liq->lip, liq->lip, liq->lip, liq->lip, liq->lip, liq->lip, liq->lip] takes 65ms
05-18 03:33:56.808 19663 19663 I GoogleInputMethodService: GoogleInputMethodService.onDestroy():922 Maybe update OEM display config because of service destruction
05-18 03:33:56.808 19663 19663 I DeviceModeModule: DeviceModeModule.calculateAndNotify():198 Window metrics is not available, fallback to app context.
05-18 03:33:56.808 19663 19663 I DeviceModeModule: DeviceModeModule.calculateAndNotify():225 Device mode 'phone' from display metrics 'DisplayMetrics{density=0.0, width=1080, height=2400, scaledDensity=0.0, xdpi=420.0, ydpi=420.0}' or smallestScreenWidthDp: 411
05-18 03:33:56.809 19663 19663 I GoogleInputMethodService: GoogleInputMethodService.clearInputMethodServiceData():983 clearInputMethodServiceData for onDestroy
05-18 03:33:56.810 19663 19663 I GoogleInputMethodService: GoogleInputMethodService.discardAllKeyboardViewAndInputView():1147 discardAllKeyboardViewAndInputView()
05-18 03:33:56.810 19663 19663 I InputMethodEntryManager: InputMethodEntryManager.notifyCurrentInputMethodEntryOnContextChanged():545 notifyCurrentInputMethodEntryOnContextChanged()
05-18 03:33:56.810 19663 19663 I InputMethodEntryManager: InputMethodEntryManager.notifyCurrentInputMethodEntryOnContextChanged():566 Notify current input method entry changed on context change
05-18 03:33:56.811 19663 19663 I KeyboardThemeProvider: KeyboardThemeProvider.reset():39 Reset keyboard theme
05-18 03:33:56.811 19663 19663 I KeyboardContextProvider: KeyboardContextProvider.setBaseContextAndInvalidKeyboardContextCache():88 setBaseContextAndInvalidKeyboardContextCache(): null
05-18 03:33:56.813   630   959 W InputManager-JNI: Input channel object '38f58f6 InputMethod (client)' was disposed without first being removed with the input manager!
05-18 03:33:56.817 19663 19663 I AbstractOpenableExtension: AbstractOpenableExtension$3.onSuccess():555 KeyboardGroupManager destroyed in edp.
05-18 03:33:56.817 19663 19663 I AbstractOpenableExtension: AbstractOpenableExtension$3.onSuccess():555 KeyboardGroupManager destroyed in fyk.
05-18 03:33:56.817 19663 19663 I AbstractOpenableExtension: AbstractOpenableExtension$3.onSuccess():555 KeyboardGroupManager destroyed in gbl.
05-18 03:33:56.817 19663 19663 I AbstractOpenableExtension: AbstractOpenableExtension$3.onSuccess():555 KeyboardGroupManager destroyed in fvs.
05-18 03:33:56.818 19663 19663 W PackageUtil: PackageUtil.getApplicationInfo():50 Package io.github.ylimit.droidbotapp not found.
05-18 03:33:56.820 19663 19663 W PackageUtil: PackageUtil.getPackageInfo():31 Package io.github.ylimit.droidbotapp not found.
--------- beginning of system
05-18 03:33:57.101   630   662 E RemoteAugmentedAutofillService: Bad service name for flags 1048704: com.google.android.as/com.google.android.apps.miphone.aiai.app.AiAiAugmentedAutofillService
05-18 03:33:57.200  8411  8411 I abb     : StartCommandInProcess(73657474696e67730067657400676c6f settings.get.glo [truncated])
05-18 03:33:57.196   630   630 W Binder:630_3: type=1400 audit(0.0:369): avc: denied { getopt } for scontext=u:r:system_server:s0 tcontext=u:r:shell:s0 tclass=unix_stream_socket permissive=0
05-18 03:33:57.212  8411  8411 I abb     : StartCommandInProcess(7061636b61676500696e7374616c6c00 package.install. [truncated])
05-18 03:33:57.196   630   630 W Binder:630_3: type=1400 audit(0.0:370): avc: denied { getopt } for scontext=u:r:system_server:s0 tcontext=u:r:shell:s0 tclass=unix_stream_socket permissive=0
05-18 03:33:57.196   630   630 W Binder:630_3: type=1400 audit(0.0:371): avc: denied { getopt } for scontext=u:r:system_server:s0 tcontext=u:r:shell:s0 tclass=unix_stream_socket permissive=0
05-18 03:33:57.676   630   630 W Binder:630_3: type=1400 audit(0.0:372): avc: denied { getopt } for scontext=u:r:system_server:s0 tcontext=u:r:shell:s0 tclass=unix_stream_socket permissive=0
05-18 03:33:58.331   630   702 I PackageManager: Integrity check passed for file:///data/app/vmdl1068583596.tmp
05-18 03:33:58.372  1404  4238 I MediaProvider: Invalidating LocalCallingIdentity cache for package com.microsoft.translator. Reason: op android:read_external_storage
05-18 03:33:58.378  1404  4238 I MediaProvider: Invalidating LocalCallingIdentity cache for package com.microsoft.translator. Reason: op android:read_external_storage
05-18 03:33:58.378  1404  4238 I MediaProvider: Invalidating LocalCallingIdentity cache for package com.microsoft.translator. Reason: op android:read_external_storage
05-18 03:33:58.379  1404  4238 I MediaProvider: Invalidating LocalCallingIdentity cache for package com.microsoft.translator. Reason: op android:read_external_storage
05-18 03:33:58.384 16623 16978 I exkh    : (REDACTED) appOpsListener %s %s
05-18 03:33:58.384 16623 16978 I exkh    : (REDACTED) Ignoring irrelevant audio permission changes for package %s
05-18 03:33:58.390   630   702 I PackageDexOptimizer: Running dexopt (dexoptNeeded=1) on: /data/app/~~ypJ5FacedJRRW1NYAjWsGA==/com.microsoft.translator-UR0pKrzu3cxd5wRjXLk7sw==/base.apk pkg=com.microsoft.translator isa=x86_64 dexoptFlags=boot_complete,profile_guided,public,enable_hidden_api_checks targetFilter=speed-profile oatDir=/data/app/~~ypJ5FacedJRRW1NYAjWsGA==/com.microsoft.translator-UR0pKrzu3cxd5wRjXLk7sw==/oat classLoaderContext=PCL[]{PCL[/system/framework/android.test.base.jar]#PCL[/system/framework/org.apache.http.legacy.jar]}
05-18 03:33:58.514  7924  7924 W dex2oat64: Unexpected CPU variant for X86 using defaults: x86_64
05-18 03:33:58.514  7924  7924 W dex2oat64: Mismatch between dex2oat instruction set features to use (ISA: X86_64 Feature string: -ssse3,-sse4.1,-sse4.2,-avx,-avx2,-popcnt) and those from CPP defines (ISA: X86_64 Feature string: ssse3,sse4.1,sse4.2,-avx,-avx2,popcnt) for the command line:
05-18 03:33:58.514  7924  7924 W dex2oat64: /apex/com.android.art/bin/dex2oat64 --zip-fd=7 --zip-location=base.apk --oat-fd=8 --oat-location=/data/app/~~ypJ5FacedJRRW1NYAjWsGA==/com.microsoft.translator-UR0pKrzu3cxd5wRjXLk7sw==/oat/x86_64/base.odex --input-vdex-fd=-1 --output-vdex-fd=9 --swap-fd=10 --classpath-dir=/data/app/~~ypJ5FacedJRRW1NYAjWsGA==/com.microsoft.translator-UR0pKrzu3cxd5wRjXLk7sw== --class-loader-context=PCL[]{PCL[/system/framework/android.test.base.jar]#PCL[/system/framework/org.apache.http.legacy.jar]} --compact-dex-level=none --instruction-set=x86_64 --instruction-set-features=default --instruction-set-variant=x86_64 --compiler-filter=speed-profile --compilation-reason=install --max-image-block-size=524288 --resolve-startup-const-strings=true --generate-mini-debug-info --runtime-arg -Xtarget-sdk-version:26 --runtime-arg -Xhidden-api-policy:enabled --runtime-arg -Xms64m --runtime-arg -Xmx512m
05-18 03:33:58.514  7924  7924 I dex2oat64: /apex/com.android.art/bin/dex2oat64 --input-vdex-fd=-1 --output-vdex-fd=9 --classpath-dir=/data/app/~~ypJ5FacedJRRW1NYAjWsGA==/com.microsoft.translator-UR0pKrzu3cxd5wRjXLk7sw== --class-loader-context=PCL[]{PCL[/system/framework/android.test.base.jar]#PCL[/system/framework/org.apache.http.legacy.jar]} --compact-dex-level=none --compiler-filter=speed-profile --compilation-reason=install --max-image-block-size=524288 --resolve-startup-const-strings=true --generate-mini-debug-info
05-18 03:33:59.129  7924  7924 I dex2oat64: dex2oat took 617.919ms (1.342s cpu) (threads: 4) arena alloc=0B (0B) java alloc=6989KB (7157072B) native alloc=1785KB (1828736B) free=1285KB (1316272B)
05-18 03:33:59.171   385   738 E installd: Couldn't opendir /data/app/vmdl1068583596.tmp: No such file or directory
05-18 03:33:59.171   385   738 E installd: Failed to delete /data/app/vmdl1068583596.tmp: No such file or directory
05-18 03:33:59.168   630   630 W Binder:630_3: type=1400 audit(0.0:373): avc: denied { getopt } for scontext=u:r:system_server:s0 tcontext=u:r:shell:s0 tclass=unix_stream_socket permissive=0
05-18 03:33:59.168   630   630 W Binder:630_3: type=1400 audit(0.0:374): avc: denied { getopt } for scontext=u:r:system_server:s0 tcontext=u:r:shell:s0 tclass=unix_stream_socket permissive=0
05-18 03:33:59.168   630   630 W Binder:630_3: type=1400 audit(0.0:375): avc: denied { getopt } for scontext=u:r:system_server:s0 tcontext=u:r:shell:s0 tclass=unix_stream_socket permissive=0
05-18 03:33:59.192  1548  1548 I IntentFilterVerRcvr: S+ domain verification enabled [CONTEXT service_id=244 ]
05-18 03:33:59.203  1404  1404 I MediaProvider: Invalidating LocalCallingIdentity cache for package com.microsoft.translator. Reason: package android.intent.action.PACKAGE_ADDED
05-18 03:33:59.210   630   756 I InputReader: Reconfiguring input devices, changes=KEYBOARD_LAYOUTS | 
05-18 03:33:59.211  7250  7250 I Finsky  : [2] acwd.g(1): acwd - Received: android.intent.action.PACKAGE_ADDED, [nhgmbizvRekrF63fCpIAHwLCPdKZfOpL4AHunfwcIoo]
05-18 03:33:59.211 16623 16623 I fftj    : (REDACTED) O received %s
05-18 03:33:59.212   630  2237 W BroadcastQueue: Background execution not allowed: receiving Intent { act=android.intent.action.PACKAGE_ADDED dat=package:com.microsoft.translator flg=0x4000010 (has extras) } to com.google.android.packageinstaller/com.android.packageinstaller.PackageInstalledReceiver
05-18 03:33:59.214   630   746 I RoleService: Granting default roles...
05-18 03:33:59.215  5036  5036 I Finsky:background: [2] acvs.g(6): acvs - Received: android.intent.action.PACKAGE_ADDED, [nhgmbizvRekrF63fCpIAHwLCPdKZfOpL4AHunfwcIoo]
05-18 03:33:59.223   630   630 I Telecom : DefaultDialerCache: Refreshing default dialer for user 0: now com.android.dialer: DDC.oR@AT4
05-18 03:33:59.224  1796  1812 I PermissionControllerServiceImpl: Updating user sensitive for uid 10188
05-18 03:33:59.243  1548  7829 I AppLinksIntentOperation: Verifying requested domains [CONTEXT service_id=244 ]
05-18 03:33:59.246   630   676 W BroadcastQueue: Background execution not allowed: receiving Intent { act=android.intent.action.PACKAGE_ADDED dat=package:com.microsoft.translator flg=0x4000010 (has extras) } to com.android.vending/com.google.android.finsky.packagemonitor.impl.PackageMonitorReceiverImpl$RegisteredReceiver
05-18 03:33:59.246   630   676 W BroadcastQueue: Background execution not allowed: receiving Intent { act=android.intent.action.PACKAGE_ADDED dat=package:com.microsoft.translator flg=0x4000010 (has extras) } to com.android.vending/com.google.android.finsky.packagemonitor.backgroundimpl.BackgroundPackageMonitorReceiverImpl$RegisteredReceiver
05-18 03:33:59.256   630   699 E VerityUtils: Failed to measure fs-verity, errno 1: /data/app/~~ypJ5FacedJRRW1NYAjWsGA==/com.microsoft.translator-UR0pKrzu3cxd5wRjXLk7sw==/base.apk
05-18 03:33:59.255  1548  7829 I AppLinksRequestHandler: (REDACTED) Processing %d input requests
05-18 03:33:59.278  1548  7829 I AppLinksUtilsV1: Legacy cross-profile verification enabled [CONTEXT service_id=244 ]
05-18 03:33:59.286  7250  7250 I Finsky  : [2] aspk.c(44): Do not start WearSupportService due to Wear service optimization
05-18 03:33:59.298  5036  7746 I Finsky:background: [154] rtb.accept(118): Wrote row to frosting DB: 479
05-18 03:33:59.302  1548  7811 I Auth    : (REDACTED) [SupervisedAccountIntentOperationV2] onHandleIntent: %s
05-18 03:33:59.304  1548  7836 I Blockstore: (REDACTED) [DataStoreImpl] Clearing Blockstore Data for package %s
05-18 03:33:59.304  1548  7836 I Blockstore: [DataStoreImpl] Keyless data not found or its IsLastInstallationData = false. [CONTEXT service_id=258 ]
05-18 03:33:59.305  1548  7836 I Dck     : (REDACTED) disableDckSupport: %s
05-18 03:33:59.305  1548  7836 W Dck     : [WirelessCapabilitiesFeatures] wccSysProp: 0 [CONTEXT service_id=289 ]
05-18 03:33:59.305  1548  7836 I Dck     : [WirelessCapabilitiesFeatures] wccMendel: 3 [CONTEXT service_id=289 ]
05-18 03:33:59.305  1548  7836 I Dck     : [WirelessCapabilitiesFeatures] deviceWccOverride: false [CONTEXT service_id=289 ]
05-18 03:33:59.305  1548  7836 I Dck     : [WirelessCapabilitiesFeatures] replaceSupportedWccWithWccOverride: true [CONTEXT service_id=289 ]
05-18 03:33:59.305  1548  7836 I Dck     : [WirelessCapabilitiesFeatures] wccOverride: not set [CONTEXT service_id=289 ]
05-18 03:33:59.305  1548  7836 I Dck     : (REDACTED) [WirelessCapabilitiesFeatures] wcc: %s
05-18 03:33:59.305  1548  7836 I Dck     : Dck module condition - hasWccSupport: false [CONTEXT service_id=289 ]
05-18 03:33:59.305  1548  7836 I Dck     : Dck module condition - downloadAllowed: false [CONTEXT service_id=289 ]
05-18 03:33:59.305  1548  7836 W Dck     : Dck module not eligible for asynchronous downloading [CONTEXT service_id=289 ]
05-18 03:33:59.310  7250  7250 I Finsky  : [2] wzu.jr(11): DTU: Received onPackageAdded, replacing: false
05-18 03:33:59.310  7250  7250 I Finsky  : [2] ajtr.f(9): Clearing split related stale data.
05-18 03:33:59.312  7250  7771 I Finsky  : [526] pnk.kh(215): [ContentSync] finished, scheduled=false
05-18 03:33:59.313  5036  7746 I Finsky:background: [154] rtb.accept(118): Wrote row to frosting DB: 480
05-18 03:33:59.341   630   675 W PackageManager: Failed registering loading progress callback. Package is fully loaded.
05-18 03:33:59.363  1796  7755 W Role    : Cannot get ApplicationInfo for default holder: com.google.android.contacts
05-18 03:33:59.367  7250  7250 I Finsky  : [2] nct.f(7): AIM: AppInfoCacheUpdater -> invalidating apps: [com.microsoft.translator]
05-18 03:33:59.367  7250  7250 I Finsky  : [2] ndh.c(19): AIM: AppInfoManager-Perf > getApps > called for 1 apps
05-18 03:33:59.368  7250  7329 I Finsky  : [70] neq.a(47): AIM: AppInfoManager-Perf > OnDeviceAppInfo > cacheHitCount=0, cacheMissCount=1. Missed  in cache (limit 10) : [com.microsoft.translator]
05-18 03:33:59.370   630   676 W BroadcastQueue: Background execution not allowed: receiving Intent { act=android.intent.action.PACKAGE_ADDED dat=package:com.microsoft.translator flg=0x4000010 (has extras) } to com.google.android.gms/.chimera.GmsIntentOperationService$PersistentTrustedReceiver
05-18 03:33:59.371   630   676 W BroadcastQueue: Background execution not allowed: receiving Intent { act=android.intent.action.PACKAGE_ADDED dat=package:com.microsoft.translator flg=0x4000010 (has extras) } to com.google.android.gms/.games.chimera.GamesSystemBroadcastReceiverProxy
05-18 03:33:59.371  7250  7335 I Finsky  : [74] neq.a(47): AIM: AppInfoManager-Perf > OnDeviceAppInfo > cacheHitCount=0, cacheMissCount=1. Missed  in cache (limit 10) : [com.microsoft.translator]
05-18 03:33:59.371   630   676 W BroadcastQueue: Background execution not allowed: receiving Intent { act=android.intent.action.PACKAGE_ADDED dat=package:com.microsoft.translator flg=0x4000010 (has extras) } to com.google.android.gms/.gass.chimera.PackageChangeBroadcastReceiver
05-18 03:33:59.382  1548  7695 E heep    : *~*~*~ Previous channel {0} was garbage collected without being shut down! ~*~*~*
05-18 03:33:59.382  1548  7695 E heep    :     Make sure to call shutdown()/shutdownNow()
05-18 03:33:59.382  1548  7695 E heep    : java.lang.RuntimeException: ManagedChannel allocation site
05-18 03:33:59.382  1548  7695 E heep    : 	at heeo.<init>(:com.google.android.gms@251333032@25.13.33 (190800-745790146):21)
05-18 03:33:59.382  1548  7695 E heep    : 	at heep.<init>(:com.google.android.gms@251333032@25.13.33 (190800-745790146):10)
05-18 03:33:59.382  1548  7695 E heep    : 	at heen.a(:com.google.android.gms@251333032@25.13.33 (190800-745790146):244)
05-18 03:33:59.382  1548  7695 E heep    : 	at hdpo.a(:com.google.android.gms@251333032@25.13.33 (190800-745790146):5)
05-18 03:33:59.382  1548  7695 E heep    : 	at aunb.a(:com.google.android.gms@251333032@25.13.33 (190800-745790146):66)
05-18 03:33:59.382  1548  7695 E heep    : 	at aums.u(:com.google.android.gms@251333032@25.13.33 (190800-745790146):119)
05-18 03:33:59.382  1548  7695 E heep    : 	at aums.e(:com.google.android.gms@251333032@25.13.33 (190800-745790146):5)
05-18 03:33:59.382  1548  7695 E heep    : 	at eaks.a(:com.google.android.gms@251333032@25.13.33 (190800-745790146):45)
05-18 03:33:59.382  1548  7695 E heep    : 	at eajx.c(:com.google.android.gms@251333032@25.13.33 (190800-745790146):16)
05-18 03:33:59.382  1548  7695 E heep    : 	at eajx.a(:com.google.android.gms@251333032@25.13.33 (190800-745790146):3)
05-18 03:33:59.382  1548  7695 E heep    : 	at apop.run(:com.google.android.gms@251333032@25.13.33 (190800-745790146):5)
05-18 03:33:59.382  1548  7695 E heep    : 	at ausj.c(:com.google.android.gms@251333032@25.13.33 (190800-745790146):50)
05-18 03:33:59.382  1548  7695 E heep    : 	at ausj.run(:com.google.android.gms@251333032@25.13.33 (190800-745790146):70)
05-18 03:33:59.382  1548  7695 E heep    : 	at java.util.concurrent.ThreadPoolExecutor.runWorker(ThreadPoolExecutor.java:1167)
05-18 03:33:59.382  1548  7695 E heep    : 	at java.util.concurrent.ThreadPoolExecutor$Worker.run(ThreadPoolExecutor.java:641)
05-18 03:33:59.382  1548  7695 E heep    : 	at auxx.run(:com.google.android.gms@251333032@25.13.33 (190800-745790146):8)
05-18 03:33:59.382  1548  7695 E heep    : 	at java.lang.Thread.run(Thread.java:920)
05-18 03:33:59.391  7250  7335 I Finsky  : [74] mhi.apply(1134): AIM: Got app ownership map. App counts: . Unique apps: 0
05-18 03:33:59.391  7250  7335 E Finsky  : [74] agpe.x(47): [Counters] attempted to use a non-positive increment for: 4752
05-18 03:33:59.398  7250  7347 I Finsky  : [82] mhi.apply(1134): AIM: Got app ownership map. App counts: . Unique apps: 0
05-18 03:33:59.398  7250  7347 E Finsky  : [82] agpe.x(47): [Counters] attempted to use a non-positive increment for: 4752
05-18 03:33:59.399  7250  7347 E Finsky  : [82] agpe.x(47): [Counters] attempted to use a non-positive increment for: 4753
05-18 03:33:59.399  7250  7335 E Finsky  : [74] agpe.x(47): [Counters] attempted to use a non-positive increment for: 4753
05-18 03:33:59.404  1226  7835 W GCM     : Unexpected forwarded intent: Intent { act=android.intent.action.PACKAGE_ADDED dat=package:com.microsoft.translator flg=0x4000010 pkg=com.google.android.gms cmp=com.google.android.gms/.chimera.PersistentIntentOperationService (has extras) }
05-18 03:33:59.405  1226  7835 W NetworkScheduler: Unexpected forwarded intent: Intent { act=android.intent.action.PACKAGE_ADDED dat=package:com.microsoft.translator flg=0x4000010 pkg=com.google.android.gms cmp=com.google.android.gms/.chimera.PersistentIntentOperationService (has extras) }
05-18 03:33:59.419  1796  7755 W Role    : Cannot get ApplicationInfo for default holder: com.google.android.as
05-18 03:33:59.431  7250  7329 I Finsky  : [70] nel.a(218): AIM: AppInfoManager-Perf > ItemModel > CacheSize=27, cacheHitCount=0, cacheMissCount=0, total appsWithNoServerDataCount=1. Missed  in cache (limit 10) : []
05-18 03:33:59.431  7250  7329 I Finsky  : [70] nel.a(218): AIM: AppInfoManager-Perf > ItemModel > CacheSize=27, cacheHitCount=0, cacheMissCount=0, total appsWithNoServerDataCount=1. Missed  in cache (limit 10) : []
05-18 03:33:59.433  7250  7329 I Finsky  : [70] lzm.accept(133): AIM: AppInfoManager-Perf > getApps > data collection finished
05-18 03:33:59.433  7250  7329 I Finsky  : [70] ndj.run(909): AIM: AppInfoManager-Perf > maybeDestroyAppInfoManager is called. actives = 1
05-18 03:33:59.434 16551  7938 I dqbi    : (REDACTED) Writing data of size=%d bytes with N=%d keys to Geller corpus %s at ts=%d
05-18 03:33:59.435 16551 16605 I akrd    : refreshDeviceAppInfoForAccount done.
05-18 03:33:59.439  1548  5243 W Conscrypt: Could not set socket write timeout: java.net.SocketException: Socket closed
05-18 03:33:59.439  1548  5243 W Conscrypt: 	at com.google.android.gms.org.conscrypt.Platform.setSocketWriteTimeout(:com.google.android.gms@251333032@25.13.33 (190800-745790146):204)
05-18 03:33:59.439  1548  5243 W Conscrypt: 	at com.google.android.gms.org.conscrypt.ConscryptFileDescriptorSocket.setSoWriteTimeout(:com.google.android.gms@251333032@25.13.33 (190800-745790146):4)
05-18 03:33:59.444 16551 16611 W akrd    : missing version info.
05-18 03:33:59.478   176   176 I servicemanager: Since 'apexservice' could not be found, trying to start it as a lazy AIDL service
05-18 03:33:59.539  1548  7946 I Icing   : Indexing com.google.android.gms-apps from com.google.android.gms
05-18 03:33:59.559  1796  7755 W Role    : Cannot get ApplicationInfo for default holder: com.google.android.as
05-18 03:33:59.562  1796  7755 W Role    : Cannot get ApplicationInfo for default holder: com.google.android.as
05-18 03:33:59.562  1548  7946 I Icing   : Indexing done com.google.android.gms-apps
05-18 03:33:59.566   630   643 I system_server: Background concurrent copying GC freed 289348(14MB) AllocSpace objects, 119(7480KB) LOS objects, 46% free, 28MB/52MB, paused 547us,107us total 394.674ms
05-18 03:33:59.587   630   645 W System  : A resource failed to call close. 
05-18 03:33:59.606  1548  2558 I cn_CronetUrlRequestContext: destroyNativeStreamLocked org.chromium.net.impl.CronetBidirectionalStream@6010da4
05-18 03:33:59.612  1548  5243 W Conscrypt: Could not set socket write timeout: java.net.SocketException: Socket closed
05-18 03:33:59.612  1548  5243 W Conscrypt: 	at com.google.android.gms.org.conscrypt.Platform.setSocketWriteTimeout(:com.google.android.gms@251333032@25.13.33 (190800-745790146):204)
05-18 03:33:59.612  1548  5243 W Conscrypt: 	at com.google.android.gms.org.conscrypt.ConscryptFileDescriptorSocket.setSoWriteTimeout(:com.google.android.gms@251333032@25.13.33 (190800-745790146):4)
05-18 03:33:59.633  1796  7755 W Role    : Cannot get ApplicationInfo for default holder: com.google.android.as
05-18 03:33:59.709  1796  7755 W Role    : Cannot get ApplicationInfo for default holder: com.google.android.as
05-18 03:33:59.713  1796  7755 W Role    : Cannot get ApplicationInfo for default holder: com.google.android.as
05-18 03:33:59.771  1548  7695 I AppLinksAsyncVerifierV2: (REDACTED) Verification result: checking for a statement with source %s, relation delegate_permission/common.handle_all_urls, and target %s --> %b.
05-18 03:33:59.776   176   176 I BpBinder: onLastStrongRef automatically unlinking death recipients: <uncached descriptor>
05-18 03:33:59.782   176   176 I servicemanager: Tried to unregister apexservice, but there is about to be a client.
05-18 03:33:59.812  1548  3973 I AppLinksAsyncVerifierV2: (REDACTED) Verification result: checking for a statement with source %s, relation delegate_permission/common.handle_all_urls, and target %s --> %b.
05-18 03:33:59.812  1548  7829 I AppLinksHostsVerifierV2: (REDACTED) Verification %s complete. Successful hosts: %s. Failed hosts: %s. Error hosts: %s.
05-18 03:33:59.819  1548  7829 I WebApkHostsVerifierV2: (REDACTED) Processing %d input requests
05-18 03:33:59.819  1548  7829 I AppLinksUtilsV1: Legacy cross-profile verification enabled [CONTEXT service_id=244 ]
05-18 03:33:59.821  1548  7829 I WebApkHostsVerifierV2: (REDACTED) Returning %d non-WebAPK requests
05-18 03:33:59.894   176   176 I servicemanager: Notifying apexservice they have clients: 1
05-18 03:34:00.176  1404  1753 W MediaProvider: isAppCloneUserPair for user 0: false
05-18 03:34:00.218   178   178 I hwservicemanager: getTransport: Cannot find entry android.hardware.graphics.mapper@4.0::IMapper/default in either framework or device VINTF manifest.
05-18 03:34:00.218  7972  7979 I Gralloc4: mapper 4.x is not supported
05-18 03:34:00.231  1226  7848 I NetworkScheduler.Stats: (REDACTED) Task %s/%s started execution. cause:%s exec_start_elapsed_seconds: %s
05-18 03:34:00.242  1226  7697 I NetworkScheduler.Stats: (REDACTED) Task %s/%s finished executing. cause:%s result: %s elapsed_millis: %s uptime_millis: %s exec_start_elapsed_seconds: %s
05-18 03:34:01.124  1404  1995 I MediaProvider: Begin Intent { act=android.intent.action.MEDIA_SCANNER_SCAN_FILE dat=file:///sdcard/screen_2025-05-18_113400.png flg=0x1400010 cmp=com.google.android.providers.media.module/com.android.providers.media.MediaService }
05-18 03:34:01.140  1404  1995 W ExifInterface: Invalid image: ExifInterface got an unsupported image format file(ExifInterface supports JPEG and some RAW image formats only) or a corrupted JPEG file to ExifInterface.
05-18 03:34:01.140  1404  1995 W ExifInterface: java.io.IOException: Encountered corrupt PNG file.
05-18 03:34:01.140  1404  1995 W ExifInterface: 	at android.media.ExifInterface.getPngAttributes(ExifInterface.java:3432)
05-18 03:34:01.140  1404  1995 W ExifInterface: 	at android.media.ExifInterface.loadAttributes(ExifInterface.java:2009)
05-18 03:34:01.140  1404  1995 W ExifInterface: 	at android.media.ExifInterface.<init>(ExifInterface.java:1641)
05-18 03:34:01.140  1404  1995 W ExifInterface: 	at android.media.ExifInterface.<init>(ExifInterface.java:1592)
05-18 03:34:01.140  1404  1995 W ExifInterface: 	at com.android.providers.media.scan.ModernMediaScanner.scanItemImage(ModernMediaScanner.java:1367)
05-18 03:34:01.140  1404  1995 W ExifInterface: 	at com.android.providers.media.scan.ModernMediaScanner.scanItem(ModernMediaScanner.java:1003)
05-18 03:34:01.140  1404  1995 W ExifInterface: 	at com.android.providers.media.scan.ModernMediaScanner.access$1200(ModernMediaScanner.java:146)
05-18 03:34:01.140  1404  1995 W ExifInterface: 	at com.android.providers.media.scan.ModernMediaScanner$Scan.visitFile(ModernMediaScanner.java:801)
05-18 03:34:01.140  1404  1995 W ExifInterface: 	at com.android.providers.media.scan.ModernMediaScanner$Scan.visitFile(ModernMediaScanner.java:320)
05-18 03:34:01.140  1404  1995 W ExifInterface: 	at java.nio.file.Files.walkFileTree(Files.java:2670)
05-18 03:34:01.140  1404  1995 W ExifInterface: 	at java.nio.file.Files.walkFileTree(Files.java:2742)
05-18 03:34:01.140  1404  1995 W ExifInterface: 	at com.android.providers.media.scan.ModernMediaScanner$Scan.walkFileTree(ModernMediaScanner.java:439)
05-18 03:34:01.140  1404  1995 W ExifInterface: 	at com.android.providers.media.scan.ModernMediaScanner$Scan.runInternal(ModernMediaScanner.java:402)
05-18 03:34:01.140  1404  1995 W ExifInterface: 	at com.android.providers.media.scan.ModernMediaScanner$Scan.run(ModernMediaScanner.java:391)
05-18 03:34:01.140  1404  1995 W ExifInterface: 	at com.android.providers.media.scan.ModernMediaScanner.scanFile(ModernMediaScanner.java:263)
05-18 03:34:01.140  1404  1995 W ExifInterface: 	at com.android.providers.media.MediaProvider.scanFile(MediaProvider.java:1273)
05-18 03:34:01.140  1404  1995 W ExifInterface: 	at com.android.providers.media.MediaProvider.scanFile(MediaProvider.java:1269)
05-18 03:34:01.140  1404  1995 W ExifInterface: 	at com.android.providers.media.MediaService.onScanFile(MediaService.java:215)
05-18 03:34:01.140  1404  1995 W ExifInterface: 	at com.android.providers.media.MediaService.onHandleWork(MediaService.java:85)
05-18 03:34:01.140  1404  1995 W ExifInterface: 	at androidx.core.app.JobIntentService$CommandProcessor.doInBackground(JobIntentService.java:396)
05-18 03:34:01.140  1404  1995 W ExifInterface: 	at androidx.core.app.JobIntentService$CommandProcessor.doInBackground(JobIntentService.java:387)
05-18 03:34:01.140  1404  1995 W ExifInterface: 	at android.os.AsyncTask$3.call(AsyncTask.java:394)
05-18 03:34:01.140  1404  1995 W ExifInterface: 	at java.util.concurrent.FutureTask.run(FutureTask.java:266)
05-18 03:34:01.140  1404  1995 W ExifInterface: 	at java.util.concurrent.ThreadPoolExecutor.runWorker(ThreadPoolExecutor.java:1167)
05-18 03:34:01.140  1404  1995 W ExifInterface: 	at java.util.concurrent.ThreadPoolExecutor$Worker.run(ThreadPoolExecutor.java:641)
05-18 03:34:01.140  1404  1995 W ExifInterface: 	at java.lang.Thread.run(Thread.java:920)
05-18 03:34:01.146  1404  1995 I MediaProvider: End Intent { act=android.intent.action.MEDIA_SCANNER_SCAN_FILE dat=file:///sdcard/screen_2025-05-18_113400.png flg=0x1400010 cmp=com.google.android.providers.media.module/com.android.providers.media.MediaService }
05-18 03:34:01.276  1404  1753 I MediaProvider: Deleted 0 1 0 0 0 0 0 items on external_primary due to com.android.shell
05-18 03:34:01.517   630   647 I ActivityManager: Force stopping com.microsoft.translator appid=10188 user=0: from pid 8007
05-18 03:34:01.556   630   662 I ActivityTaskManager: START u0 {act=android.intent.action.MAIN cat=[android.intent.category.HOME] flg=0x10000100 cmp=com.google.android.apps.nexuslauncher/.NexusLauncherActivity (has extras)} from uid 0
05-18 03:34:01.568   630  1904 W ActivityManager: Unable to start service Intent { act=android.service.smartspace.SmartspaceService cmp=com.google.android.as/com.google.android.apps.miphone.aiai.app.AiAiSmartspaceService } U=0: not found
05-18 03:34:01.568   630  1904 W RemoteSmartspaceService: could not bind to Intent { act=android.service.smartspace.SmartspaceService cmp=com.google.android.as/com.google.android.apps.miphone.aiai.app.AiAiSmartspaceService } using flags 67112961
05-18 03:34:01.570   630   630 W ActivityManager: Unbind failed: could not find connection for android.app.LoadedApk$ServiceDispatcher$InnerConnection@5b453c1
05-18 03:34:02.774  1404  1524 W MediaProvider: isAppCloneUserPair for user 0: false
05-18 03:34:02.804   178   178 I hwservicemanager: getTransport: Cannot find entry android.hardware.graphics.mapper@4.0::IMapper/default in either framework or device VINTF manifest.
05-18 03:34:02.805  8029  8031 I Gralloc4: mapper 4.x is not supported
05-18 03:34:03.739  1404  1995 I MediaProvider: Begin Intent { act=android.intent.action.MEDIA_SCANNER_SCAN_FILE dat=file:///sdcard/screen_2025-05-18_113403.png flg=0x1400010 cmp=com.google.android.providers.media.module/com.android.providers.media.MediaService }
05-18 03:34:03.756  1404  1995 I MediaProvider: End Intent { act=android.intent.action.MEDIA_SCANNER_SCAN_FILE dat=file:///sdcard/screen_2025-05-18_113403.png flg=0x1400010 cmp=com.google.android.providers.media.module/com.android.providers.media.MediaService }
05-18 03:34:03.849  1404  1524 I MediaProvider: Deleted 0 1 0 0 0 0 0 items on external_primary due to com.android.shell
05-18 03:34:03.849  1226  2106 I UriTaskContentObserver: (REDACTED) Throttling content uri change event for %s
05-18 03:34:04.253  1404  1510 W MediaProvider: isAppCloneUserPair for user 0: false
05-18 03:34:04.281   178   178 I hwservicemanager: getTransport: Cannot find entry android.hardware.graphics.mapper@4.0::IMapper/default in either framework or device VINTF manifest.
05-18 03:34:04.281  8068  8070 I Gralloc4: mapper 4.x is not supported
