07-30 16:44:05.769  2463  6120 I ActivityManager: Cancel FGS notification userId: 0 definingUid: 10266 packageName: com.miui.cleanmaster processName:com.miui.cleanmaster ChannelId:com.miui.cleanmaster foregroundNotiWhen:1753865045766 Notiflags:64
07-30 16:44:05.769  7958  7958 I UserConsentManager: onPermissionsChanged: 10408
07-30 16:44:05.769  2463  6120 W ForegroundServiceTypeLoggerModule: FGS stop call for: 10266 has no types!
07-30 16:44:05.771  1844  1844 I vendor.qti.hardware.servicetrackeraidl-service: destroyService is called for service : com.miui.cleanmaster/com.miui.optimizecenter.service.CleanMasterService
07-30 16:44:05.773  4505  4524 I htmlviewercloudcontrol: isStagingEnv:false param =  fps_idle_config  uriMatch = 2, cluster: cn, version: 564062, traceId: 4658f1ef464dccbe8804f4eb820aec54, regId: +4z3RS85+e2U9l+sd6caQ/srGmJCsEbKpG1twyPn1K0CrNNyxYT/yAgGVxm5X+yC
07-30 16:44:05.774  7958  7958 I UserConsentManager: onPermissionsChanged: 10408
07-30 16:44:05.774  4505  4524 I htmlviewercloudcontrol: isStagingEnv:false param =  fps_tp_exclude  uriMatch = 2, cluster: cn, version: 564062, traceId: 4658f1ef464dccbe8804f4eb820aec54, regId: +4z3RS85+e2U9l+sd6caQ/srGmJCsEbKpG1twyPn1K0CrNNyxYT/yAgGVxm5X+yC
07-30 16:44:05.775  2463  4205 I MiuiNetworkPolicyTrafficLimit: updateWhiteListUidForMobileTraffic uid=10266,add=true
07-30 16:44:05.776  4505  4524 I htmlviewercloudcontrol: isStagingEnv:false param =  fps_idle_config  uriMatch = 2, cluster: cn, version: 564062, traceId: 4658f1ef464dccbe8804f4eb820aec54, regId: +4z3RS85+e2U9l+sd6caQ/srGmJCsEbKpG1twyPn1K0CrNNyxYT/yAgGVxm5X+yC
07-30 16:44:05.777  8013  9357 I ThumbnailBlurUtils: getAllLauncherAppList time: 13
07-30 16:44:05.777  2463  4205 I MiuiNetworkPolicy: updateUidState uid = 10266, uidState = 19
07-30 16:44:05.778 30002 30064 E Launcher.AllAppsList: Can't load postion for packageName: com.roku.remote activityName: com.roku.remote.ui.activities.SplashActivity
07-30 16:44:05.778  4505  4524 I htmlviewercloudcontrol: isStagingEnv:false param =  display_fps_group  uriMatch = 2, cluster: cn, version: 564062, traceId: 4658f1ef464dccbe8804f4eb820aec54, regId: +4z3RS85+e2U9l+sd6caQ/srGmJCsEbKpG1twyPn1K0CrNNyxYT/yAgGVxm5X+yC
07-30 16:44:05.779  7958  7958 I UserConsentManager: onPermissionsChanged: 10408
07-30 16:44:05.780  4505  4524 I htmlviewercloudcontrol: isStagingEnv:false param =  fps_idle_config  uriMatch = 2, cluster: cn, version: 564062, traceId: 4658f1ef464dccbe8804f4eb820aec54, regId: +4z3RS85+e2U9l+sd6caQ/srGmJCsEbKpG1twyPn1K0CrNNyxYT/yAgGVxm5X+yC
07-30 16:44:05.780  2463  4205 I MiuiNetworkPolicyTrafficLimit: updateWhiteListUidForMobileTraffic uid=10266,add=false
07-30 16:44:05.781  4505  4524 I htmlviewercloudcontrol: isStagingEnv:false param =  fps_idle_config  uriMatch = 2, cluster: cn, version: 564062, traceId: 4658f1ef464dccbe8804f4eb820aec54, regId: +4z3RS85+e2U9l+sd6caQ/srGmJCsEbKpG1twyPn1K0CrNNyxYT/yAgGVxm5X+yC
07-30 16:44:05.781 30002 30087 W PreviewDisappear: getIconDrawable src: null
07-30 16:44:05.781 30002 30087 W PreviewDisappear: getIconDrawable app drawable: null
07-30 16:44:05.781 30002 30087 W PreviewDisappear: getIcon info target: ComponentInfo{com.roku.remote/com.roku.remote.ui.activities.SplashActivity}
07-30 16:44:05.781 30002 30087 W PreviewDisappear: getIcon info user: UserHandle{0}
07-30 16:44:05.781 30002 30087 W PreviewDisappear: getIcon info intent: Intent { act=android.intent.action.MAIN cat=[android.intent.category.LAUNCHER] flg=0x10200000 cmp=com.roku.remote/.ui.activities.SplashActivity (has extras) }
07-30 16:44:05.781 30002 30087 W PreviewDisappear: 1 getIcon entry: null
07-30 16:44:05.782  2463  5540 W ParceledListSlice: Element #10 is 43420 bytes.
07-30 16:44:05.782  2463  5540 W ParceledListSlice: Element #17 is 24996 bytes.
07-30 16:44:05.782  2463  5540 W ParceledListSlice: Element #24 is 52004 bytes.
07-30 16:44:05.782  2463  5540 W ParceledListSlice: Overly large reply size: 117232
07-30 16:44:05.783  4505  4524 I htmlviewercloudcontrol: isStagingEnv:false param =  fps_idle_config  uriMatch = 2, cluster: cn, version: 564062, traceId: 4658f1ef464dccbe8804f4eb820aec54, regId: +4z3RS85+e2U9l+sd6caQ/srGmJCsEbKpG1twyPn1K0CrNNyxYT/yAgGVxm5X+yC
07-30 16:44:05.784  2105  2105 E DisplayModeController: setDesiredMode : Idle status skip setActiveMode, isDdicIdleMode: 1
07-30 16:44:05.784 30002 30087 W PreviewDisappear: 2 getIcon entry: com.miui.home.launcher.graphics.DrawableInfo@587a021
07-30 16:44:05.784 30002 30087 W PreviewDisappear: applyCacheEntry entry: com.miui.home.launcher.graphics.drawable.LayerAdaptiveIconDrawable@80f6c46
07-30 16:44:05.784 30002 30087 W PreviewDisappear: getIconDrawable finally drawable: com.miui.home.launcher.graphics.drawable.LayerAdaptiveIconDrawable@80f6c46
07-30 16:44:05.784  4505  4524 I htmlviewercloudcontrol: isStagingEnv:false param =  fps_group_config  uriMatch = 2, cluster: cn, version: 564062, traceId: 4658f1ef464dccbe8804f4eb820aec54, regId: +4z3RS85+e2U9l+sd6caQ/srGmJCsEbKpG1twyPn1K0CrNNyxYT/yAgGVxm5X+yC
07-30 16:44:05.785  2463 14501 W ParceledListSlice: Element #34 is 204620 bytes.
07-30 16:44:05.785  2463 14501 W ParceledListSlice: Overly large reply size: 237228
07-30 16:44:05.786  4505  4524 I htmlviewercloudcontrol: isStagingEnv:false param =  fps_group_config  uriMatch = 2, cluster: cn, version: 564062, traceId: 4658f1ef464dccbe8804f4eb820aec54, regId: +4z3RS85+e2U9l+sd6caQ/srGmJCsEbKpG1twyPn1K0CrNNyxYT/yAgGVxm5X+yC
07-30 16:44:05.788  2463 14501 W ParceledListSlice: Element #40 is 19708 bytes.
07-30 16:44:05.788  9339 10199 I DisplayFrameSetting: register
07-30 16:44:05.788  2463  5529 I whetstone.activity: noteVideoFps registVideoFpsCallBack, count is 1
07-30 16:44:05.788  1827  2399 I SDM     : HWCDisplay::SetActiveConfigWithConstraints: display:66-0, config: 3, WxH 1200x2670, fps 120
07-30 16:44:05.788  1827  2399 W SDM     : HWDeviceDRM::GetSupportedBitClkRate: Requested rate not supported: 1150000000
07-30 16:44:05.788  1827  2399 I SDM     : HWDeviceDRM::UpdateMixerAttributes: Mixer WxH 1200x2670-1 for Peripheral
07-30 16:44:05.789  1827  2399 I SDM     : HWCDisplay::SubmitDisplayConfig: Active configuration changed from config 1 to 3
07-30 16:44:05.789  1827  2399 I SDM     : HWCDisplay::SubmitDisplayConfig: Active WxH 1200x2670 ,ddic_mode:auto, timing_fps: 120, sf_fps: 120
07-30 16:44:05.789  4505  4524 I htmlviewercloudcontrol: isStagingEnv:false param =  fps_idle_config  uriMatch = 2, cluster: cn, version: 564062, traceId: 4658f1ef464dccbe8804f4eb820aec54, regId: +4z3RS85+e2U9l+sd6caQ/srGmJCsEbKpG1twyPn1K0CrNNyxYT/yAgGVxm5X+yC
07-30 16:44:05.789  2463  2463 I AppsFilter: interaction: PackageSetting{600bb70 com.android.microdroid.empty_payload/10236} -> PackageSetting{c1ee9 com.roku.remote/10408} BLOCKED
07-30 16:44:05.789  2463  2463 I AppsFilter: interaction: PackageSetting{7ca576e io.appium.uiautomator2.server.test/10280} -> PackageSetting{c1ee9 com.roku.remote/10408} BLOCKED
07-30 16:44:05.789  2463  2463 I AppsFilter: interaction: PackageSetting{4deee0f io.github.ylimit.droidbotapp/10407} -> PackageSetting{c1ee9 com.roku.remote/10408} BLOCKED
07-30 16:44:05.789  2463  2463 I AppsFilter: interaction: PackageSetting{e0e1e9c com.rongcard.eid/10151} -> PackageSetting{c1ee9 com.roku.remote/10408} BLOCKED
07-30 16:44:05.789  2463  2463 I AppsFilter: interaction: PackageSetting{1fec0a5 io.appium.settings/10274} -> PackageSetting{c1ee9 com.roku.remote/10408} BLOCKED
07-30 16:44:05.789  1827  2752 I vendor.qti.hardware.display.composer-service: Sensor: notify citsensorservice to trigger cwb, misForced = 0
07-30 16:44:05.790  3002  4297 I libsensor-parseRGB: request dump start for mRequestDisplayId 0
07-30 16:44:05.790  7958  7958 I UserConsentManager: onPermissionsChanged: 10408
07-30 16:44:05.791  4505  4524 I htmlviewercloudcontrol: isStagingEnv:false param =  fps_group_config  uriMatch = 2, cluster: cn, version: 564062, traceId: 4658f1ef464dccbe8804f4eb820aec54, regId: +4z3RS85+e2U9l+sd6caQ/srGmJCsEbKpG1twyPn1K0CrNNyxYT/yAgGVxm5X+yC
07-30 16:44:05.793  2463 14501 W ParceledListSlice: Element #48 is 187940 bytes.
07-30 16:44:05.793  2463 14501 W ParceledListSlice: Overly large reply size: 249300
07-30 16:44:05.799  9839  9839 I VSC-AppInstallReceiver: action: android.intent.action.PACKAGE_CHANGED, packageName: com.roku.remote
07-30 16:44:05.799   323   323 I ##XLogger##: #&^OZQCjsew0hWbp1bc02EHDtnzcg7Fz6DLfbbmrYw7hpCWpyMivsO/5k3603YUYRcOPwCzs0qSBZpUIagOfw7OEkFf1ZzqbnUzML2Po/yD4hGMuQXTVz3nvrCLMK5K0WqGlt94dsBzFfAKPPI6sPCnuPW093T2l1clELHoUEug4Ic=!!HlE+gotlAAiobmPhQOu2bxNwQybj43Q8xvPYX+/MmvmKyTpRfmL9Ek9jdqF+vtvvToFoo+3iLNkpEO0fg1/AEerZvMdhcuF0mRIifRWvAdwyTB37qGSn4ye15TAZKrWpfex3GPo6oIV+mUnnA2qp1U97c2d2UThToPqCc+imgbsla5yZoGgqOZdGDcPdYW9+8aJilF8/nhj3O+PLo8SKAY1TzBlGYtiTsOwgUlTT3z3lVqNZSxdCo6tHbYnpRJLc7VkAeG71gGOp47JM2Isgb/huB3Jh3dH1kcQhmlLlauo7zqK0943tsyInK19wl51LFmh1H2sz+UpeDK06jx+iKpZOtVyaXYRE4imkStzpGCxCkjcErzex0e5n+66CpruR6GqjIGW6loCWWpQDAErsFIGwgNp2uHHTJjNbq921Xwyf5eMjUhVX8+rypPnzs5fvwEjqv0aI6uNiTwkrlK3f/LfcdzTV9MvYHz13vTmDves5xzLEk9oKA73dq+A+f1H7yUyvy8V0s9u3ybT5JRggcrNFUdahvK8D4wD+lah0DdcKWo32AFoqF88dmuhR8bD+NFj+eNpcyeVNxhFJWdWPx4jaZ9AvNHCaceKGHWshn3hp2RLLpfzGeLPMaAzRoMkZ6iG6iGq2A7S7quNadrOM165vddEGDbWeerRzYA00w9AJS1tyZZsIwEkTu1NfrJMrgM5ybWbLtnIK91Eg9bQ1xhQ/UVSruP+vInH5uf0T9L8XzyDHgPUVCEYkcbAP99So5AhYkIfcFm6QjqsSM7dvowtllpNmZUYUAGCw5pGQisJl+xV8gQceusBarPZ4C0w8B98wMV+O3p3zP+2TAbUO7EdDJVGMb3bGSBY/8WwUWiA=^&#
07-30 16:44:05.800   323   323 I ##XLogger##: #&^OZQCjsew0hWbp1bc02EHDtnzcg7Fz6DLfbbmrYw7hpCWpyMivsO/5k3603YUYRcOPwCzs0qSBZpUIagOfw7OEkFf1ZzqbnUzML2Po/yD4hGMuQXTVz3nvrCLMK5K0WqGlt94dsBzFfAKPPI6sPCnuPW093T2l1clELHoUEug4Ic=!!HlE+gotlAAiobmPhQOu2bxNwQybj43Q8xvPYX+/MmvnzHX2xYxJocqdkneQcY3GdQT7z7vp7gCHurvURdr3Bn/nIuu4LrXgtbGtp4I+qvE1b9yFDBDaPeCVgc4XN4nlPWAKIuvJ9Ot1umLXuN3lIdHyUf6jvzQglbdSyY5u7U6lBy6wIAxIULnJ7tF8ErKp+lDZYKs5LIQ4DOw3PdCDkzvfwiy2YPTNlpwJ5pUc41D+blW+Cl5ueLe+nJ/pIkfK7cHP6a27cSV2J9+XMTNBRZXyhA1k5J/KfzGzfWbhYR0U5CZQw2ArufC3v+ECiwzhFNAPygAedYo2uluTCSOHG8YHXFYp3sCYUC7lr8uBKQS/B/OGmksBWEieHgeXbkYLCzYWVXR5k/kWCPYTuTxw/oAVEjX27xV4z1mEk9kfJHYFPxiDgjL4KuDbMXbvXQX1itT1ENZVoQ+GV0krquA9VYuYezWQTAmlGfQYksSfP+qKQu33qjlzTUnb611wKKiZSNjuCfsbLF6+o13vyV4W/Y448dpuVs2EEsxAklfLUgm1agkhCJBT+Fq1iEKvyIZU76ehrfrUF6GDZGgb28VelKsTOe2hJ7o6COCnr+356VXBBF7V+s8/9LsC8AEOl3leapYzlu/cyqFzLFhFIx3AWuSmnQor3MIwbLbqx+qil4qltNWaOTtjpv0p4crCkjGrRlLVkrsjB4Yzn0BPkQeGJsq2ase7S71nXYDURBUZcCbyjCGiJblYdN/FHjIyPag2+FXw1+LhW33SDSDXIrdQ4pvTRScyi9SeAiWn/+c5OeYpn2jMzdOGm/e6UTApQcqdmPDFjdkYq9Msr8kXa6RmTvBcHoSbvrQR9HfznrrQKtys=^&#
07-30 16:44:05.801  2463  4205 I MiuiNetworkPolicy: updateUidState uid = 6110, uidState = 11
07-30 16:44:05.804  2463  5531 W AppOpService: Ignored setUidMode call for runtime permission app op: uid = 1001, code = READ_SMS, mode = allow, callingUid = 1001, oldMode = allow
07-30 16:44:05.805  2463  5528 W ParceledListSlice: Element #52 is 19668 bytes.
07-30 16:44:05.806  2463  7160 E RoleControllerServiceImpl: Default/fallback role holder package doesn't qualify for the role, package: com.android.devicelockcontroller, role: android.app.role.SYSTEM_FINANCED_DEVICE_CONTROLLER
07-30 16:44:05.810  2463  5531 W ParceledListSlice: Element #20 is 29740 bytes.
07-30 16:44:05.812  2463  4435 W AppOpService: Ignored setUidMode call for runtime permission app op: uid = 1001, code = RECEIVE_SMS, mode = allow, callingUid = 1001, oldMode = allow
07-30 16:44:05.814  2463  4205 I MiuiNetworkPolicy: updateUidState uid = 6110, uidState = 19
07-30 16:44:05.814  7368  1978 I PermissionControllerServiceImpl: Updating user sensitive for uid 10408
07-30 16:44:05.814  2463  5539 W ParceledListSlice: Element #8 is 20788 bytes.
07-30 16:44:05.814  2463  5539 W ParceledListSlice: Element #9 is 20768 bytes.
07-30 16:44:05.815 30002 30068 W PreviewDisappear: 1 getIcon entry: null
07-30 16:44:05.816 30002 30068 W PreviewDisappear: 2 getIcon entry: com.miui.home.launcher.graphics.DrawableInfo@b9d1d5d
07-30 16:44:05.816 30002 30068 W PreviewDisappear: applyCacheEntry entry: com.miui.home.launcher.graphics.drawable.LayerAdaptiveIconDrawable@3c606d2
07-30 16:44:05.816  7958  7958 I UserConsentManager: onPermissionsChanged: 10408
07-30 16:44:05.817  2463  5539 W ParceledListSlice: Element #233 is 19228 bytes.
07-30 16:44:05.817 31105 28163 W Conscrypt: Could not set socket write timeout: java.net.SocketException: Socket closed
07-30 16:44:05.817 31105 28163 W Conscrypt: 	at com.google.android.gms.org.conscrypt.Platform.setSocketWriteTimeout(:com.google.android.gms@252834035@25.28.34 (260400-787197649):204)
07-30 16:44:05.817 31105 28163 W Conscrypt: 	at com.google.android.gms.org.conscrypt.ConscryptFileDescriptorSocket.setSoWriteTimeout(:com.google.android.gms@252834035@25.28.34 (260400-787197649):4)
07-30 16:44:05.818  3002  3080 E libsensor-parseRGB: CWB NotifyCWBBufferDone  error 0
07-30 16:44:05.818  2463  5528 W AppOpService: Ignored setUidMode call for runtime permission app op: uid = 1001, code = RECEIVE_WAP_PUSH, mode = allow, callingUid = 1001, oldMode = allow
07-30 16:44:05.819  7958  7958 I UserConsentManager: onPermissionsChanged: 10408
07-30 16:44:05.820  2463  5528 W AppOpService: Ignored setUidMode call for runtime permission app op: uid = 1001, code = SEND_SMS, mode = allow, callingUid = 1001, oldMode = allow
07-30 16:44:05.821  2463  5539 W AppOpService: Ignored setUidMode call for runtime permission app op: uid = 1001, code = READ_CELL_BROADCASTS, mode = allow, callingUid = 1001, oldMode = allow
07-30 16:44:05.821 30002 30086 W PreviewDisappear: getIconDrawable src: null
07-30 16:44:05.821 30002 30086 W PreviewDisappear: getIconDrawable app drawable: null
07-30 16:44:05.821 30002 30086 W PreviewDisappear: getIcon info target: ComponentInfo{com.roku.remote/com.roku.remote.ui.activities.SplashActivity}
07-30 16:44:05.821 30002 30086 W PreviewDisappear: getIcon info user: UserHandle{0}
07-30 16:44:05.821 30002 30086 W PreviewDisappear: getIcon info intent: Intent { act=android.intent.action.MAIN cat=[android.intent.category.LAUNCHER] flg=0x10200000 cmp=com.roku.remote/.ui.activities.SplashActivity (has extras) }
07-30 16:44:05.821 30002 30086 W PreviewDisappear: 1 getIcon entry: null
07-30 16:44:05.821  2463  5539 W ParceledListSlice: Element #362 is 25976 bytes.
07-30 16:44:05.822  7958  7958 I UserConsentManager: onPermissionsChanged: 10408
07-30 16:44:05.823 30002 30086 W PreviewDisappear: 2 getIcon entry: com.miui.home.launcher.graphics.DrawableInfo@9d113a3
07-30 16:44:05.823 30002 30086 W PreviewDisappear: applyCacheEntry entry: com.miui.home.launcher.graphics.drawable.LayerAdaptiveIconDrawable@51336a0
07-30 16:44:05.823 30002 30086 W PreviewDisappear: getIconDrawable finally drawable: com.miui.home.launcher.graphics.drawable.LayerAdaptiveIconDrawable@51336a0
07-30 16:44:05.829  4916  5777 E SmsApplication: com.android.mms lost android:read_cell_broadcasts:  (fixing)
07-30 16:44:05.830  2463  5539 W AppOpService: Ignored setUidMode call for runtime permission app op: uid = 10141, code = READ_CELL_BROADCASTS, mode = allow, callingUid = 1001, oldMode = allow
07-30 16:44:05.831  8013  9357 I ThumbnailBlurUtils: loadPrivacyThumbnailBlurMonthly successd{"com.ss.android.ugc.aweme":27,"com.musicworx":-1,"com.baidu.BaiduMap":3,"com.google.android.apps.youtube.music":27,"com.google.android.apps.tasks":5,"com.jijia.jjweather":5,"com.netease.newsreader.activity":11,"com.instagram.android":5,"com.microsoft.emmx":5,"com.baidu.searchbox.lite":5,"com.getsurfboard":-1,"com.android.fileexplorer":5,"com.miui.compass":5,"com.microsoft.office.outlook":10,"com.jijia.bqwnl":5,"com.autonavi.minimap":3,"com.miui.calculator":5,"org.secuso.privacyfriendlytodolist":-1,"com.android.contacts":5,"com.xiaomi.scanner":5,"com.miui.securitycenter":5,"com.android.vending":5,"com.yahoo.mobile.client.android.mail":5,"com.einnovation.temu":-1,"com.baidu.searchbox":5,"com.duokan.reader":7,"com.wuba.zhuanzhuan":9,"io.appium.settings":-1,"com.android.chrome":5,"com.xingin.xhs":5,"com.dragon.read":7,"tv.danmaku.bili":27,"com.ebay.mobile":5,"com.miui.gallery":6,"com.UCMobile":5,"todolist.scheduleplanner.dailyplanner.todo.reminders":5,"com.alibaba.aliexpresshd":9,"com.android.email":10,"com.todoist":5,"com.spotify.music":5,"com.xiaomi.market":5,"com.microsoft.todos":10,"com.skysoft.kkbox.android":27,"com.miui.notes":5,"com.smile.gifmaker":27,"com.xiaomi.gamecenter":5,"com.roku.remote":5,"com.android.browser":5,"com.anydo":5,"de.baumann.browser":-1,"com.suxing.sustream":-1,"com.miui.virtualsim":5,"com.sina.news":11,"com.miui.weather2":5,"com.miui.video":27,"douzifly.list":-1,"com.google.android.documentsui":-1,"com.ss.android.article.news":11,"com.quark.browser":5,"com.android.mms":5,"cn.ninegame.gamemanager":5,"com.kuaishou.nebula":27,"com.android.providers.downloads.ui":5,"com.tencent.android.qqdownloader":5,"com.android.camera":6,"com.google.android.gm":5,"cn.amazon.mShop.android":9,"com.google.android.apps.magazines":5,"com.android.calendar":10,"io.github.ylimit.droidbotapp":-1,"ru.mail.mailapp":5,"com.android.settings":-1,"com.zhuantech.sijiweather":-1,"com.cnn.mobile.android.phone":11,"com.android.soundrecorder":5}
07-30 16:44:05.831  2463  2526 W TextServicesManagerService: no available spell checker services found
07-30 16:44:05.834  7773  7773 E RegisteredServicesCache: Skipping application component ComponentInfo{com.UCMobile/com.alibaba.ariver.commonability.device.jsapi.nfc.service.TinyAppHostApduService}: it must request the permission android.permission.NFC
07-30 16:44:05.834  7773  7773 E RegisteredServicesCache: Skipping application component ComponentInfo{com.UCMobile/com.alipay.mobile.aompdevice.nfc.service.TinyAppHostApduService}: it must request the permission android.permission.NFC
07-30 16:44:05.834 30433 30452 I ndroid.settings: This is non sticky GC, maxfree is 16777216 minfree is 8388608
07-30 16:44:05.834  7773  7773 E RegisteredServicesCache: Skipping application component ComponentInfo{com.autonavi.minimap/com.alibaba.ariver.commonability.device.jsapi.nfc.service.TinyAppHostApduService}: it must request the permission android.permission.NFC
07-30 16:44:05.835  7773  7773 E RegisteredServicesCache: Skipping application component ComponentInfo{com.autonavi.minimap/com.alipay.mobile.aompdevice.nfc.service.TinyAppHostApduService}: it must request the permission android.permission.NFC
07-30 16:44:05.837  7958  7958 I UserConsentManager: onPermissionsChanged: 10408
07-30 16:44:05.837  7958  7958 I UserConsentManager: onPermissionsChanged: 10408
07-30 16:44:05.837  7958  7958 I UserConsentManager: onPermissionsChanged: 10408
07-30 16:44:05.839  7773  7773 I RegisteredServicesCache: current user: 0, is managed profile : false
07-30 16:44:05.840  8013  9628 I VideoBoxUtils: isSupportVideoBox: true
07-30 16:44:05.841  8013  9628 W ContextImpl: Calling a method in the system process without a qualified user: android.app.ContextImpl.sendBroadcast:1275 android.content.ContextWrapper.sendBroadcast:527 f7.e.f:24 f7.e.c:0 f7.e$c$a.run:18 
07-30 16:44:05.841  8013  8516 I AppPredictPrivacyLaunchManager: getLauncherHomeAppList size: 75
07-30 16:44:05.841  8013  8516 I AppPredictResultHelper: updatePreferenceStore: size = 11
07-30 16:44:05.841  7773  7773 I RegisteredAidCache: updateRoutingLocked(false): Enter
07-30 16:44:05.841  2463  5528 W ActivityManagerServiceImpl: Sending non-protected broadcast com.miui.action.UPDATE_PREDICT_LIST from system 8013:com.miui.securitycenter.remote/1000 pkg com.miui.securitycenter. Callers=
07-30 16:44:05.841  7773  7773 I AidRoutingManager: configureRouting(false): Enter
07-30 16:44:05.841  7773  7773 E AidRoutingManager: Size of routing table970
07-30 16:44:05.841  7773  7773 I RegisteredAidCache: updateRoutingLocked(false): exit
07-30 16:44:05.842  2463  5539 W ActivityManagerServiceImpl: Sending non-protected broadcast com.miui.gamebooster.UNINSTALLAPP from system 8013:com.miui.securitycenter.remote/1000 pkg com.miui.securitycenter. Callers=
07-30 16:44:05.842  2463  5533 W ActivityManagerServiceImpl: Sending non-protected broadcast com.miui.action.UPDATE_PREDICT_LIST_EXTERNAL from system 8013:com.miui.securitycenter.remote/1000 pkg com.miui.securitycenter. Callers=
07-30 16:44:05.844  2463  5533 W AppOpService: Ignored setUidMode call for runtime permission app op: uid = 1001, code = READ_SMS, mode = allow, callingUid = 1001, oldMode = allow
07-30 16:44:05.844  2463  5533 W AppOpService: Ignored setUidMode call for runtime permission app op: uid = 1001, code = RECEIVE_SMS, mode = allow, callingUid = 1001, oldMode = allow
07-30 16:44:05.844  2463  5533 W AppOpService: Ignored setUidMode call for runtime permission app op: uid = 1001, code = RECEIVE_WAP_PUSH, mode = allow, callingUid = 1001, oldMode = allow
07-30 16:44:05.845  2463  5533 W AppOpService: Ignored setUidMode call for runtime permission app op: uid = 1001, code = SEND_SMS, mode = allow, callingUid = 1001, oldMode = allow
07-30 16:44:05.845  2463  5533 W AppOpService: Ignored setUidMode call for runtime permission app op: uid = 1001, code = READ_CELL_BROADCASTS, mode = allow, callingUid = 1001, oldMode = allow
07-30 16:44:05.846  2463  6120 W ParceledListSlice: Element #8 is 20788 bytes.
07-30 16:44:05.846  2463  6120 W ParceledListSlice: Element #9 is 20768 bytes.
07-30 16:44:05.850  7773  7773 E RegisteredServicesCache: Skipping application component ComponentInfo{com.UCMobile/com.alibaba.ariver.commonability.device.jsapi.nfc.service.TinyAppHostApduService}: it must request the permission android.permission.NFC
07-30 16:44:05.850  7773  7773 E RegisteredServicesCache: Skipping application component ComponentInfo{com.UCMobile/com.alipay.mobile.aompdevice.nfc.service.TinyAppHostApduService}: it must request the permission android.permission.NFC
07-30 16:44:05.850  7773  7773 E RegisteredServicesCache: Skipping application component ComponentInfo{com.autonavi.minimap/com.alibaba.ariver.commonability.device.jsapi.nfc.service.TinyAppHostApduService}: it must request the permission android.permission.NFC
07-30 16:44:05.850  7773  7773 E RegisteredServicesCache: Skipping application component ComponentInfo{com.autonavi.minimap/com.alipay.mobile.aompdevice.nfc.service.TinyAppHostApduService}: it must request the permission android.permission.NFC
07-30 16:44:05.852  2463  2526 W EnhancedConfirmationService: The packageName should not be null.
07-30 16:44:05.852  2463  2526 W MagnificationConnectionManager: requestConnection duplicated request: connect=false, mConnectionState=DISCONNECTED
07-30 16:44:05.853  2463  2526 W TextServicesManagerService: no available spell checker services found
07-30 16:44:05.853  7773  7773 I RegisteredServicesCache: current user: 0, is managed profile : false
07-30 16:44:05.855  7773  7773 I RegisteredAidCache: updateRoutingLocked(false): Enter
07-30 16:44:05.855  7773  7773 I AidRoutingManager: configureRouting(false): Enter
07-30 16:44:05.855  7773  7773 E AidRoutingManager: Size of routing table970
07-30 16:44:05.855  7773  7773 I RegisteredAidCache: updateRoutingLocked(false): exit
07-30 16:44:05.857  7773  7773 I libnfc_nci: [INFO:NativeT4tNfcee.cpp(870)] nfcManager_isFwSupportNonStdT4TAid Enter isFwSupport = 1
07-30 16:44:05.857  7773  7773 I libnfc_nci: [INFO:SecureElement.cpp(1487)] SecureElement::getEseHandleFromGenericId: enter; ESE-ID = 0x7F
07-30 16:44:05.857  7773  7773 I libnfc_nci: [INFO:SecureElement.cpp(1528)] SecureElement::getEseHandleFromGenericId: enter; ESE-Handle = 0x410
07-30 16:44:05.857  7773  7773 I libnfc_nci: [INFO:SecureElement.cpp(1487)] SecureElement::getEseHandleFromGenericId: enter; ESE-ID = 0x00
07-30 16:44:05.857  7773  7773 I libnfc_nci: [INFO:SecureElement.cpp(1528)] SecureElement::getEseHandleFromGenericId: enter; ESE-Handle = 0x400
07-30 16:44:05.858  4897 20343 I SecureElement-Terminal-eSE1: isSecureElementPresent()
07-30 16:44:05.858  1746  1746 I android.hardware.secure_element-service.qti: isCardPresent
07-30 16:44:05.858  1746  1746 I android.hardware.secure_element-service.qti: isCardPresent exit, cardPresent: 1
07-30 16:44:05.860  4897 20343 I SecureElement-Terminal-SIM1: isSecureElementPresent()
07-30 16:44:05.860  4897 20343 I SecureElement-Terminal-SIM1: isNfcEventAllowed: No access rules for checking.
07-30 16:44:05.861  4897 20343 I SecureElement-Terminal-SIM2: isSecureElementPresent()
07-30 16:44:05.861  2463  2526 W EnhancedConfirmationService: The packageName should not be null.
07-30 16:44:05.861  2463  2526 W MagnificationConnectionManager: requestConnection duplicated request: connect=false, mConnectionState=DISCONNECTED
07-30 16:44:05.862  7773  7773 I libnfc_nci: [INFO:NativeT4tNfcee.cpp(870)] nfcManager_isFwSupportNonStdT4TAid Enter isFwSupport = 1
07-30 16:44:05.862  7773  7773 I libnfc_nci: [INFO:SecureElement.cpp(1487)] SecureElement::getEseHandleFromGenericId: enter; ESE-ID = 0x7F
07-30 16:44:05.862  7773  7773 I libnfc_nci: [INFO:SecureElement.cpp(1528)] SecureElement::getEseHandleFromGenericId: enter; ESE-Handle = 0x410
07-30 16:44:05.863  7773  7773 I libnfc_nci: [INFO:SecureElement.cpp(1487)] SecureElement::getEseHandleFromGenericId: enter; ESE-ID = 0x00
07-30 16:44:05.863  7773  7773 I libnfc_nci: [INFO:SecureElement.cpp(1528)] SecureElement::getEseHandleFromGenericId: enter; ESE-Handle = 0x400
07-30 16:44:05.865  4897 20343 I SecureElement-Terminal-eSE1: isSecureElementPresent()
07-30 16:44:05.865  1746  1746 I android.hardware.secure_element-service.qti: isCardPresent
07-30 16:44:05.865  1746  1746 I android.hardware.secure_element-service.qti: isCardPresent exit, cardPresent: 1
07-30 16:44:05.866  4897 20343 I SecureElement-Terminal-SIM1: isSecureElementPresent()
07-30 16:44:05.866  7773  7810 I com.android.nfc: This is sticky GC, maxfree is 16777216 minfree is 8388608
07-30 16:44:05.869  4897 20343 I SecureElement-Terminal-SIM1: isNfcEventAllowed: No access rules for checking.
07-30 16:44:05.870  4897 20343 I SecureElement-Terminal-SIM2: isSecureElementPresent()
07-30 16:44:05.892  2463  5528 W ParceledListSlice: Element #10 is 26244 bytes.
07-30 16:44:05.896 30433 31750 E ndroid.settings: Invalid resource ID 0x00000000.
07-30 16:44:05.897 30433 31750 E ndroid.settings: Invalid resource ID 0x00000000.
07-30 16:44:05.899 30433 31750 E ndroid.settings: Invalid resource ID 0x00000000.
07-30 16:44:05.900 30433 31750 E ndroid.settings: Invalid resource ID 0x00000000.
07-30 16:44:05.901  2463  5540 W ParceledListSlice: Element #14 is 26548 bytes.
07-30 16:44:05.902 30433 31750 W AccessibilityDisableLis: get accessibility disable list too slow
07-30 16:44:05.903  2463  6119 I ClipboardServiceI: checkProviderWakePathForClipboard: primaryClip is null
07-30 16:44:05.904  4505  6009 I htmlviewercloudcontrol: isStagingEnv:false param =  accessibility_disable  uriMatch = 1, cluster: cn, version: 564062, traceId: 4658f1ef464dccbe8804f4eb820aec54, regId: +4z3RS85+e2U9l+sd6caQ/srGmJCsEbKpG1twyPn1K0CrNNyxYT/yAgGVxm5X+yC
07-30 16:44:05.922  2463  5533 W ParceledListSlice: Element #14 is 26548 bytes.
07-30 16:44:05.923 30433 31750 W AccessibilityDisableLis: get accessibility disable list too slow
07-30 16:44:05.923  4505  6009 I htmlviewercloudcontrol: isStagingEnv:false param =  accessibility_disable  uriMatch = 1, cluster: cn, version: 564062, traceId: 4658f1ef464dccbe8804f4eb820aec54, regId: +4z3RS85+e2U9l+sd6caQ/srGmJCsEbKpG1twyPn1K0CrNNyxYT/yAgGVxm5X+yC
07-30 16:44:05.923  9339  9368 I iui.powerkeeper: This is sticky GC, maxfree is 16777216 minfree is 8388608
07-30 16:44:05.932 30433 31750 E ndroid.settings: Invalid resource ID 0x00000000.
07-30 16:44:05.933 30433 31750 E ndroid.settings: Invalid resource ID 0x00000000.
07-30 16:44:05.933 30433 31750 E ndroid.settings: Invalid resource ID 0x00000000.
07-30 16:44:05.934 30433 31750 E ndroid.settings: Invalid resource ID 0x00000000.
07-30 16:44:05.934 30433 31750 E ndroid.settings: Invalid resource ID 0x00000000.
07-30 16:44:05.935 30433 31750 E ndroid.settings: Invalid resource ID 0x00000000.
07-30 16:44:05.938 30433 31750 E ndroid.settings: Invalid resource ID 0x00000000.
07-30 16:44:05.939 30433 31750 E ndroid.settings: Invalid resource ID 0x00000000.
07-30 16:44:05.939 30433 31750 E ndroid.settings: Invalid resource ID 0x00000000.
07-30 16:44:05.940 30433 31750 E ndroid.settings: Invalid resource ID 0x00000000.
07-30 16:44:05.940 30433 31750 E ndroid.settings: Invalid resource ID 0x00000000.
07-30 16:44:05.941 30433 31750 E ndroid.settings: Invalid resource ID 0x00000000.
07-30 16:44:05.952 31200 31200 I cr_A11yState: Enabled accessibility services: [io.github.ylimit.droidbotapp/io.github.privacystreams.accessibility.PSAccessibilityService, null]
07-30 16:44:05.952 31200 31200 I cr_A11yState: Running accessibility services: [io.github.ylimit.droidbotapp/io.github.privacystreams.accessibility.PSAccessibilityService]
07-30 16:44:05.953 31200 31200 I cr_A11yState: Will check again after 4000 milliseconds.
07-30 16:44:05.994  1827  2752 I vendor.qti.hardware.display.composer-service: Sensor: notify citsensorservice to trigger cwb, misForced = 0
07-30 16:44:05.994  3002  4297 I libsensor-parseRGB: request dump start for mRequestDisplayId 0
07-30 16:44:05.996 30433 31750 E ndroid.settings: Invalid resource ID 0x00000000.
07-30 16:44:05.997 30433 31750 E ndroid.settings: Invalid resource ID 0x00000000.
07-30 16:44:05.999 30433 31750 E ndroid.settings: Invalid resource ID 0x00000000.
07-30 16:44:06.000 30433 31750 E ndroid.settings: Invalid resource ID 0x00000000.
07-30 16:44:06.002  2463  5128 W ParceledListSlice: Element #14 is 26548 bytes.
07-30 16:44:06.003 30433 31750 W AccessibilityDisableLis: get accessibility disable list too slow
07-30 16:44:06.004  4505 27208 I htmlviewercloudcontrol: isStagingEnv:false param =  accessibility_disable  uriMatch = 1, cluster: cn, version: 564062, traceId: 4658f1ef464dccbe8804f4eb820aec54, regId: +4z3RS85+e2U9l+sd6caQ/srGmJCsEbKpG1twyPn1K0CrNNyxYT/yAgGVxm5X+yC
07-30 16:44:06.008  2463  5528 W ParceledListSlice: Element #14 is 26548 bytes.
07-30 16:44:06.009 30433 31750 W AccessibilityDisableLis: get accessibility disable list too slow
07-30 16:44:06.010  4505 27208 I htmlviewercloudcontrol: isStagingEnv:false param =  accessibility_disable  uriMatch = 1, cluster: cn, version: 564062, traceId: 4658f1ef464dccbe8804f4eb820aec54, regId: +4z3RS85+e2U9l+sd6caQ/srGmJCsEbKpG1twyPn1K0CrNNyxYT/yAgGVxm5X+yC
07-30 16:44:06.017 30433 31750 E ndroid.settings: Invalid resource ID 0x00000000.
07-30 16:44:06.018 30433 31750 E ndroid.settings: Invalid resource ID 0x00000000.
07-30 16:44:06.018 30433 31750 E ndroid.settings: Invalid resource ID 0x00000000.
07-30 16:44:06.019 30433 31750 E ndroid.settings: Invalid resource ID 0x00000000.
07-30 16:44:06.019 30433 31750 E ndroid.settings: Invalid resource ID 0x00000000.
07-30 16:44:06.020 30433 31750 E ndroid.settings: Invalid resource ID 0x00000000.
07-30 16:44:06.023 30433 31750 E ndroid.settings: Invalid resource ID 0x00000000.
07-30 16:44:06.024 30433 31750 E ndroid.settings: Invalid resource ID 0x00000000.
07-30 16:44:06.024 30433 31750 E ndroid.settings: Invalid resource ID 0x00000000.
07-30 16:44:06.025  3002  4306 I libsensor-boledalgo: dbv:428,lux:156.6,cct:6343.9,hsv:-1.0,dc:0CWB R:3184.6,G:7784.5,B:4976.3Event C:10671.3,R:5833.1,G:3780.4,B:2310.1Cali C:215.8,R:79.4,G:76.7,B:36.1 
07-30 16:44:06.025 30433 31750 E ndroid.settings: Invalid resource ID 0x00000000.
07-30 16:44:06.026 30433 31750 E ndroid.settings: Invalid resource ID 0x00000000.
07-30 16:44:06.026 30433 31750 E ndroid.settings: Invalid resource ID 0x00000000.
07-30 16:44:06.028  3002  3081 E libsensor-parseRGB: CWB NotifyCWBBufferDone  error 0
07-30 16:44:06.040  3117  3117 I adbd    : in ShellService: ps
07-30 16:44:06.047 30433 30452 I ndroid.settings: This is sticky GC, maxfree is 16777216 minfree is 8388608
07-30 16:44:06.062  2463  2498 I system_server: This is non sticky GC, maxfree is 16777216 minfree is 8388608
07-30 16:44:06.062  2463  2498 I system_server: Background concurrent copying GC freed 50MB AllocSpace bytes, 125(3464KB) LOS objects, 32% free, 100MB/148MB, paused 96us,144us total 335.943ms
07-30 16:44:06.069  3117  3117 I adbd    : in ShellService: pm list packages -f
07-30 16:44:06.070  2463  2500 W System  : A resource failed to call close. 
07-30 16:44:06.075 31490 31490 I AidlLazyServiceRegistrar: Process has 0 (of 2 available) client(s) in use after notification android.system.virtualizationmaintenance has clients: 0
07-30 16:44:06.075 31490 31490 I AidlLazyServiceRegistrar: Trying to shut down the service. No clients in use for any service in process.
07-30 16:44:06.078 31490 31490 I AidlLazyServiceRegistrar: Unregistered all clients and exiting
07-30 16:44:06.115 31105 28163 W Conscrypt: Could not set socket write timeout: java.net.SocketException: Socket closed
07-30 16:44:06.115 31105 28163 W Conscrypt: 	at com.google.android.gms.org.conscrypt.Platform.setSocketWriteTimeout(:com.google.android.gms@252834035@25.28.34 (260400-787197649):204)
07-30 16:44:06.115 31105 28163 W Conscrypt: 	at com.google.android.gms.org.conscrypt.ConscryptFileDescriptorSocket.setSoWriteTimeout(:com.google.android.gms@252834035@25.28.34 (260400-787197649):4)
07-30 16:44:06.156  9339  9368 I iui.powerkeeper: This is sticky GC, maxfree is 16777216 minfree is 8388608
07-30 16:44:06.171  1827  2108 I SDM     : DisplayBase::CommitThread: Received idle timeout, panel: cmd, timeout: 70000 us
07-30 16:44:06.176  3117  3117 I adbd    : in ShellService: dumpsys package com.roku.remote
07-30 16:44:06.199  1827  1827 I SDM     : HWCDisplay::SetActiveConfigWithConstraints: display:66-0, config: 1, WxH 1200x2670, fps 120
07-30 16:44:06.200  1827  1827 W SDM     : HWDeviceDRM::GetSupportedBitClkRate: Requested rate not supported: 1150000000
07-30 16:44:06.200  1827  1827 I SDM     : HWDeviceDRM::UpdateMixerAttributes: Mixer WxH 1200x2670-1 for Peripheral
07-30 16:44:06.200  1827  1827 I SDM     : HWCDisplay::SubmitDisplayConfig: Active configuration changed from config 3 to 1
07-30 16:44:06.200  1827  1827 I SDM     : HWCDisplay::SubmitDisplayConfig: Active WxH 1200x2670 ,ddic_mode:idle, timing_fps: 120, sf_fps: 120
07-30 16:44:06.201  1827  2752 I vendor.qti.hardware.display.composer-service: Sensor: notify citsensorservice to trigger cwb, misForced = 0
07-30 16:44:06.202  3002  4297 I libsensor-parseRGB: request dump start for mRequestDisplayId 0
07-30 16:44:06.211  2463  4412 I SmartPower: com.miui.notes/10275(13074): background->idle(3001ms) R(content provider start ContentProviderRecord{c0729a2 u0 com.miui.notes/.provider.NotesProvider}) adj=905.
07-30 16:44:06.220  2463  4412 I SmartPower: com.alibaba.aliexpresshd/10303(5685): background->idle(3002ms) R(adj below visible) adj=935.
07-30 16:44:06.220  9339  9638 W WakelockManagerService: uid: 1000 is unblock state
07-30 16:44:06.221  9339  9638 W WakelockManagerService: uid: 1001 is unblock state
07-30 16:44:06.221  9339  9638 W WakelockManagerService: uid: 1002 is unblock state
07-30 16:44:06.221  9339  9638 W WakelockManagerService: uid: 1027 is unblock state
07-30 16:44:06.221  9339  9638 W WakelockManagerService: uid: 1068 is unblock state
07-30 16:44:06.221  9339  9638 W WakelockManagerService: uid: 1073 is unblock state
07-30 16:44:06.221  9339  9638 W WakelockManagerService: uid: 2000 is unblock state
07-30 16:44:06.221  9339  9638 W WakelockManagerService: uid: 6100 is unblock state
07-30 16:44:06.221  9339  9638 W WakelockManagerService: uid: 6101 is unblock state
07-30 16:44:06.221  9339  9638 W WakelockManagerService: uid: 6102 is unblock state
07-30 16:44:06.221  9339  9638 W WakelockManagerService: uid: 6110 is unblock state
07-30 16:44:06.221  9339  9638 W WakelockManagerService: uid: 6120 is unblock state
07-30 16:44:06.221  9339  9638 W WakelockManagerService: uid: 10000 is unblock state
07-30 16:44:06.221  9339  9638 W WakelockManagerService: uid: 10001 is unblock state
07-30 16:44:06.221  9339  9638 W WakelockManagerService: uid: 10002 is unblock state
07-30 16:44:06.221  9339  9638 W WakelockManagerService: uid: 10003 is unblock state
07-30 16:44:06.221  9339  9638 W WakelockManagerService: uid: 10004 is unblock state
07-30 16:44:06.221  9339  9638 W WakelockManagerService: uid: 10005 is unblock state
07-30 16:44:06.221  9339  9638 W WakelockManagerService: uid: 10006 is unblock state
07-30 16:44:06.221  9339  9638 W WakelockManagerService: uid: 10007 is unblock state
07-30 16:44:06.221  9339  9638 W WakelockManagerService: uid: 10008 is unblock state
07-30 16:44:06.221  9339  9638 W WakelockManagerService: uid: 10009 is unblock state
07-30 16:44:06.221  9339  9638 W WakelockManagerService: uid: 10010 is unblock state
07-30 16:44:06.221  9339  9638 W WakelockManagerService: uid: 10011 is unblock state
07-30 16:44:06.221  9339  9638 W WakelockManagerService: uid: 10012 is unblock state
07-30 16:44:06.221  9339  9638 W WakelockManagerService: uid: 10013 is unblock state
07-30 16:44:06.221  9339  9638 W WakelockManagerService: uid: 10014 is unblock state
07-30 16:44:06.221  9339  9638 W WakelockManagerService: uid: 10015 is unblock state
07-30 16:44:06.221  9339  9638 W WakelockManagerService: uid: 10016 is unblock state
07-30 16:44:06.221  9339  9638 W WakelockManagerService: uid: 10017 is unblock state
07-30 16:44:06.221  9339  9638 W WakelockManagerService: uid: 10018 is unblock state
07-30 16:44:06.221  9339  9638 W WakelockManagerService: uid: 10019 is unblock state
07-30 16:44:06.221  9339  9638 W WakelockManagerService: uid: 10020 is unblock state
07-30 16:44:06.221  9339  9638 W WakelockManagerService: uid: 10021 is unblock state
07-30 16:44:06.221  9339  9638 W WakelockManagerService: uid: 10022 is unblock state
07-30 16:44:06.221  9339  9638 W WakelockManagerService: uid: 10023 is unblock state
07-30 16:44:06.221  9339  9638 W WakelockManagerService: uid: 10024 is unblock state
07-30 16:44:06.221  9339  9638 W WakelockManagerService: uid: 10025 is unblock state
07-30 16:44:06.221  9339  9638 W WakelockManagerService: uid: 10026 is unblock state
07-30 16:44:06.221  9339  9638 W WakelockManagerService: uid: 10027 is unblock state
07-30 16:44:06.221  9339  9638 W WakelockManagerService: uid: 10028 is unblock state
07-30 16:44:06.221  9339  9638 W WakelockManagerService: uid: 10029 is unblock state
07-30 16:44:06.221  9339  9638 W WakelockManagerService: uid: 10030 is unblock state
07-30 16:44:06.221  9339  9638 W WakelockManagerService: uid: 10031 is unblock state
07-30 16:44:06.221  9339  9638 W WakelockManagerService: uid: 10032 is unblock state
07-30 16:44:06.221  9339  9638 W WakelockManagerService: uid: 10033 is unblock state
07-30 16:44:06.221  9339  9638 W WakelockManagerService: uid: 10034 is unblock state
07-30 16:44:06.221  9339  9638 W WakelockManagerService: uid: 10035 is unblock state
07-30 16:44:06.221  9339  9638 W WakelockManagerService: uid: 10036 is unblock state
07-30 16:44:06.221  9339  9638 W WakelockManagerService: uid: 10037 is unblock state
07-30 16:44:06.221  9339  9638 W WakelockManagerService: uid: 10038 is unblock state
07-30 16:44:06.221  9339  9638 W WakelockManagerService: uid: 10039 is unblock state
07-30 16:44:06.221  9339  9638 W WakelockManagerService: uid: 10040 is unblock state
07-30 16:44:06.221  9339  9638 W WakelockManagerService: uid: 10041 is unblock state
07-30 16:44:06.221  9339  9638 W WakelockManagerService: uid: 10042 is unblock state
07-30 16:44:06.221  9339  9638 W WakelockManagerService: uid: 10043 is unblock state
07-30 16:44:06.221  9339  9638 W WakelockManagerService: uid: 10044 is unblock state
07-30 16:44:06.221  9339  9638 W WakelockManagerService: uid: 10045 is unblock state
07-30 16:44:06.221  9339  9638 W WakelockManagerService: uid: 10046 is unblock state
07-30 16:44:06.221  9339  9638 W WakelockManagerService: uid: 10047 is unblock state
07-30 16:44:06.221  9339  9638 W WakelockManagerService: uid: 10048 is unblock state
07-30 16:44:06.221  9339  9638 W WakelockManagerService: uid: 10049 is unblock state
07-30 16:44:06.221  9339  9638 W WakelockManagerService: uid: 10050 is unblock state
07-30 16:44:06.221  9339  9638 W WakelockManagerService: uid: 10051 is unblock state
07-30 16:44:06.221  9339  9638 W WakelockManagerService: uid: 10052 is unblock state
07-30 16:44:06.221  9339  9638 W WakelockManagerService: uid: 10053 is unblock state
07-30 16:44:06.221  9339  9638 W WakelockManagerService: uid: 10054 is unblock state
07-30 16:44:06.221  9339  9638 W WakelockManagerService: uid: 10055 is unblock state
07-30 16:44:06.221  9339  9638 W WakelockManagerService: uid: 10056 is unblock state
07-30 16:44:06.221  9339  9638 W WakelockManagerService: uid: 10057 is unblock state
07-30 16:44:06.221  9339  9638 W WakelockManagerService: uid: 10058 is unblock state
07-30 16:44:06.221  9339  9638 W WakelockManagerService: uid: 10059 is unblock state
07-30 16:44:06.221  9339  9638 W WakelockManagerService: uid: 10060 is unblock state
07-30 16:44:06.221  9339  9638 W WakelockManagerService: uid: 10061 is unblock state
07-30 16:44:06.221  9339  9638 W WakelockManagerService: uid: 10062 is unblock state
07-30 16:44:06.221  9339  9638 W WakelockManagerService: uid: 10063 is unblock state
07-30 16:44:06.221  9339  9638 W WakelockManagerService: uid: 10064 is unblock state
07-30 16:44:06.221  9339  9638 W WakelockManagerService: uid: 10065 is unblock state
07-30 16:44:06.221  9339  9638 W WakelockManagerService: uid: 10066 is unblock state
07-30 16:44:06.221  9339  9638 W WakelockManagerService: uid: 10067 is unblock state
07-30 16:44:06.221  9339  9638 W WakelockManagerService: uid: 10068 is unblock state
07-30 16:44:06.221  9339  9638 W WakelockManagerService: uid: 10069 is unblock state
07-30 16:44:06.221  9339  9638 W WakelockManagerService: uid: 10070 is unblock state
07-30 16:44:06.221  9339  9638 W WakelockManagerService: uid: 10071 is unblock state
07-30 16:44:06.221  9339  9638 W WakelockManagerService: uid: 10072 is unblock state
07-30 16:44:06.221  9339  9638 W WakelockManagerService: uid: 10073 is unblock state
07-30 16:44:06.221  9339  9638 W WakelockManagerService: uid: 10074 is unblock state
07-30 16:44:06.221  9339  9638 W WakelockManagerService: uid: 10075 is unblock state
07-30 16:44:06.221  9339  9638 W WakelockManagerService: uid: 10076 is unblock state
07-30 16:44:06.221  9339  9638 W WakelockManagerService: uid: 10077 is unblock state
07-30 16:44:06.221  9339  9638 W WakelockManagerService: uid: 10078 is unblock state
07-30 16:44:06.221  9339  9638 W WakelockManagerService: uid: 10079 is unblock state
07-30 16:44:06.221  9339  9638 W WakelockManagerService: uid: 10080 is unblock state
07-30 16:44:06.221  9339  9638 W WakelockManagerService: uid: 10081 is unblock state
07-30 16:44:06.221  9339  9638 W WakelockManagerService: uid: 10082 is unblock state
07-30 16:44:06.221  9339  9638 W WakelockManagerService: uid: 10083 is unblock state
07-30 16:44:06.221  9339  9638 W WakelockManagerService: uid: 10084 is unblock state
07-30 16:44:06.221  9339  9638 W WakelockManagerService: uid: 10085 is unblock state
07-30 16:44:06.221  9339  9638 W WakelockManagerService: uid: 10086 is unblock state
07-30 16:44:06.221  9339  9638 W WakelockManagerService: uid: 10087 is unblock state
07-30 16:44:06.221  9339  9638 W WakelockManagerService: uid: 10088 is unblock state
07-30 16:44:06.221  9339  9638 W WakelockManagerService: uid: 10089 is unblock state
07-30 16:44:06.221  9339  9638 W WakelockManagerService: uid: 10090 is unblock state
07-30 16:44:06.221  9339  9638 W WakelockManagerService: uid: 10091 is unblock state
07-30 16:44:06.221  9339  9638 W WakelockManagerService: uid: 10092 is unblock state
07-30 16:44:06.221  9339  9638 W WakelockManagerService: uid: 10093 is unblock state
07-30 16:44:06.221  9339  9638 W WakelockManagerService: uid: 10094 is unblock state
07-30 16:44:06.221  9339  9638 W WakelockManagerService: uid: 10095 is unblock state
07-30 16:44:06.221  9339  9638 W WakelockManagerService: uid: 10096 is unblock state
07-30 16:44:06.221  9339  9638 W WakelockManagerService: uid: 10097 is unblock state
07-30 16:44:06.221  9339  9638 W WakelockManagerService: uid: 10098 is unblock state
07-30 16:44:06.221  9339  9638 W WakelockManagerService: uid: 10099 is unblock state
07-30 16:44:06.221  9339  9638 W WakelockManagerService: uid: 10100 is unblock state
07-30 16:44:06.221  9339  9638 W WakelockManagerService: uid: 10101 is unblock state
07-30 16:44:06.221  9339  9638 W WakelockManagerService: uid: 10102 is unblock state
07-30 16:44:06.221  9339  9638 W WakelockManagerService: uid: 10103 is unblock state
07-30 16:44:06.222  9339  9638 W WakelockManagerService: uid: 10104 is unblock state
07-30 16:44:06.222  9339  9638 W WakelockManagerService: uid: 10105 is unblock state
07-30 16:44:06.222  9339  9638 W WakelockManagerService: uid: 10106 is unblock state
07-30 16:44:06.222  9339  9638 W WakelockManagerService: uid: 10107 is unblock state
07-30 16:44:06.222  9339  9638 W WakelockManagerService: uid: 10108 is unblock state
07-30 16:44:06.222  9339  9638 W WakelockManagerService: uid: 10109 is unblock state
07-30 16:44:06.222  9339  9638 W WakelockManagerService: uid: 10110 is unblock state
07-30 16:44:06.222  9339  9638 W WakelockManagerService: uid: 10111 is unblock state
07-30 16:44:06.222  9339  9638 W WakelockManagerService: uid: 10112 is unblock state
07-30 16:44:06.222  9339  9638 W WakelockManagerService: uid: 10113 is unblock state
07-30 16:44:06.222  9339  9638 W WakelockManagerService: uid: 10114 is unblock state
07-30 16:44:06.222  9339  9638 W WakelockManagerService: uid: 10115 is unblock state
07-30 16:44:06.222  9339  9638 W WakelockManagerService: uid: 10116 is unblock state
07-30 16:44:06.222  9339  9638 W WakelockManagerService: uid: 10117 is unblock state
07-30 16:44:06.222  9339  9638 W WakelockManagerService: uid: 10118 is unblock state
07-30 16:44:06.222  9339  9638 W WakelockManagerService: uid: 10119 is unblock state
07-30 16:44:06.222  9339  9638 W WakelockManagerService: uid: 10120 is unblock state
07-30 16:44:06.222  9339  9638 W WakelockManagerService: uid: 10121 is unblock state
07-30 16:44:06.222  9339  9638 W WakelockManagerService: uid: 10122 is unblock state
07-30 16:44:06.222  9339  9638 W WakelockManagerService: uid: 10123 is unblock state
07-30 16:44:06.222  9339  9638 W WakelockManagerService: uid: 10124 is unblock state
07-30 16:44:06.222  9339  9638 W WakelockManagerService: uid: 10125 is unblock state
07-30 16:44:06.222  9339  9638 W WakelockManagerService: uid: 10126 is unblock state
07-30 16:44:06.222  9339  9638 W WakelockManagerService: uid: 10127 is unblock state
07-30 16:44:06.222  9339  9638 W WakelockManagerService: uid: 10128 is unblock state
07-30 16:44:06.222  9339  9638 W WakelockManagerService: uid: 10129 is unblock state
07-30 16:44:06.222  9339  9638 W WakelockManagerService: uid: 10130 is unblock state
07-30 16:44:06.222  9339  9638 W WakelockManagerService: uid: 10131 is unblock state
07-30 16:44:06.222  9339  9638 W WakelockManagerService: uid: 10132 is unblock state
07-30 16:44:06.222  9339  9638 W WakelockManagerService: uid: 10134 is unblock state
07-30 16:44:06.222  9339  9638 W WakelockManagerService: uid: 10135 is unblock state
07-30 16:44:06.222  9339  9638 W WakelockManagerService: uid: 10136 is unblock state
07-30 16:44:06.222  9339  9638 W WakelockManagerService: uid: 10137 is unblock state
07-30 16:44:06.222  9339  9638 W WakelockManagerService: uid: 10138 is unblock state
07-30 16:44:06.222  9339  9638 W WakelockManagerService: uid: 10139 is unblock state
07-30 16:44:06.222  9339  9638 W WakelockManagerService: uid: 10140 is unblock state
07-30 16:44:06.222  9339  9638 W WakelockManagerService: uid: 10141 is unblock state
07-30 16:44:06.222  9339  9638 W WakelockManagerService: uid: 10142 is unblock state
07-30 16:44:06.222  9339  9638 W WakelockManagerService: uid: 10143 is unblock state
07-30 16:44:06.222  9339  9638 W WakelockManagerService: uid: 10144 is unblock state
07-30 16:44:06.222  9339  9638 W WakelockManagerService: uid: 10145 is unblock state
07-30 16:44:06.222  9339  9638 W WakelockManagerService: uid: 10146 is unblock state
07-30 16:44:06.222  9339  9638 W WakelockManagerService: uid: 10147 is unblock state
07-30 16:44:06.222  9339  9638 W WakelockManagerService: uid: 10148 is unblock state
07-30 16:44:06.222  9339  9638 W WakelockManagerService: uid: 10149 is unblock state
07-30 16:44:06.222  9339  9638 W WakelockManagerService: uid: 10150 is unblock state
07-30 16:44:06.222  9339  9638 W WakelockManagerService: uid: 10151 is unblock state
07-30 16:44:06.222  9339  9638 W WakelockManagerService: uid: 10152 is unblock state
07-30 16:44:06.222  9339  9638 W WakelockManagerService: uid: 10153 is unblock state
07-30 16:44:06.222  9339  9638 W WakelockManagerService: uid: 10154 is unblock state
07-30 16:44:06.222  9339  9638 W WakelockManagerService: uid: 10155 is unblock state
07-30 16:44:06.222  9339  9638 W WakelockManagerService: uid: 10156 is unblock state
07-30 16:44:06.222  9339  9638 W WakelockManagerService: uid: 10157 is unblock state
07-30 16:44:06.222  9339  9638 W WakelockManagerService: uid: 10158 is unblock state
07-30 16:44:06.222  9339  9638 W WakelockManagerService: uid: 10159 is unblock state
07-30 16:44:06.222  9339  9638 W WakelockManagerService: uid: 10160 is unblock state
07-30 16:44:06.222  9339  9638 W WakelockManagerService: uid: 10161 is unblock state
07-30 16:44:06.222  9339  9638 W WakelockManagerService: uid: 10162 is unblock state
07-30 16:44:06.222  9339  9638 W WakelockManagerService: uid: 10163 is unblock state
