07-30 16:44:07.700  1747  1747 I sensors-hal: batch:141, android.sensor.light/51, period=1000000, max_latency=0
07-30 16:44:07.700  1747  1747 I sensors-hal: set_config:60, no need to adjust sample_period_ns due to reporting_mode = 2
07-30 16:44:07.700  1747  1747 I sensors-hal: send_sensor_config_request:696, dt=ambient_light: convert sample_period=1000000 to batch_period=1000
07-30 16:44:07.700  1747  1747 I sensors-hal: send_sync_sensor_request:531, send sync request
07-30 16:44:07.700  1747  1747 I sensors-hal: send_sync_sensor_request:541, send_sync_sensor_request before send_request for ambient_light with SUID low=1103175175223494815 high=14038004250674766477
07-30 16:44:07.700  1747  1747 I sensors-hal: send_sync_sensor_request:560, wait for notification of response
07-30 16:44:07.700  3002  4306 I libsensor-boledalgo: dbv:428,lux:142.4,cct:6321.0,hsv:-1.0,dc:0CWB R:3184.6,G:7784.5,B:4976.3Event C:9711.3,R:5298.9,G:3434.2,B:2092.4Cali C:215.8,R:79.4,G:76.7,B:36.1 
07-30 16:44:07.701  1747  4133 I sensors-hal: qsh_conn_resp_cb:886, resp_value = 0 for ambient_light 
07-30 16:44:07.701  1747  1747 I sensors-hal: send_sync_sensor_request:566, takes 1 ms to receive the response with 0
07-30 16:44:07.701  1747  1747 I sensors-hal: batch:150, android.sensor.light/51, period=1000000, max_latency=0 request completed
07-30 16:44:07.701  2463  3983 I MiSensorServiceImpl: LightFovOptimizationSensor::activateSensor: 1 light sensor
07-30 16:44:07.701  2463  3983 I SensorService: 	>>> actuating h/w activate handle=0x100000b enabled=0
07-30 16:44:07.701  1747  1747 I sensors-hal: activate:108, android.sensor.accelerometer/11 en=0
07-30 16:44:07.701  1747  1747 I sensors-hal: send_sync_sensor_request:531, send sync request
07-30 16:44:07.701  1747  1747 I sensors-hal: send_sync_sensor_request:541, send_sync_sensor_request before send_request for accel with SUID low=11115320498015681092 high=2286538866409242278
07-30 16:44:07.701  1747  1747 I sensors-hal: send_sync_sensor_request:560, wait for notification of response
07-30 16:44:07.702  1747 32196 I sensors-hal: qsh_conn_resp_cb:886, resp_value = 0 for accel 
07-30 16:44:07.702  1747  1747 I sensors-hal: send_sync_sensor_request:566, takes 0 ms to receive the response with 0
07-30 16:44:07.703  1747  1747 I sensors-hal: ~qsh_qmi:62, ~qsh_qmi
07-30 16:44:07.703  1747  1747 I sensors-hal: activate:119, android.sensor.accelerometer/11 en=0 completed
07-30 16:44:07.703  2463  3983 I SensorService: 	>>> actuating h/w activate handle=0x100042f enabled=0
07-30 16:44:07.703  1714  1806 I minksocket: MinkIPC MESSAGE: ( 1714:1806 ) MinkIPC_QRTR_Service:351 minkipc = 0xb400007134251590 sock = 19, client with node 1 port 510e went down
07-30 16:44:07.703  1714  1828 I minksocket: MinkIPC MESSAGE: ( 1714:1828 ) MinkIPC_QRTR_Service:351 minkipc = 0xb4000071342524b0 sock = 35, client with node 1 port 510e went down
07-30 16:44:07.703  1747  1747 I sensors-hal: activate:108, xiaomi.sensor.ambientlight.factory/1071 en=0
07-30 16:44:07.703  1747  1747 I sensors-hal: send_sync_sensor_request:531, send sync request
07-30 16:44:07.703  1747  1747 I sensors-hal: send_sync_sensor_request:541, send_sync_sensor_request before send_request for ambient_light_cal_strm with SUID low=17242558634497898280 high=6270869527188043453
07-30 16:44:07.703  1747  1747 I sensors-hal: send_sync_sensor_request:560, wait for notification of response
07-30 16:44:07.704  1747 32198 I sensors-hal: qsh_conn_resp_cb:886, resp_value = 0 for ambient_light_cal_strm 
07-30 16:44:07.704  1747  1747 I sensors-hal: send_sync_sensor_request:566, takes 0 ms to receive the response with 0
07-30 16:44:07.704  1747  1747 I sensors-hal: register_cb:314, suid(low=17242558634497898280,high=6270869527188043453) is new. register callbacks
07-30 16:44:07.704  1747  1747 E sensors-hal: register_cb:316, all callbacks are null for new suid. no need to register it
07-30 16:44:07.705  1747  1747 I sensors-hal: ~qsh_qmi:62, ~qsh_qmi
07-30 16:44:07.705  1714  1806 I minksocket: MinkIPC MESSAGE: ( 1714:1806 ) MinkIPC_QRTR_Service:351 minkipc = 0xb400007134251590 sock = 19, client with node 1 port 5113 went down
07-30 16:44:07.705  1714  1828 I minksocket: MinkIPC MESSAGE: ( 1714:1828 ) MinkIPC_QRTR_Service:351 minkipc = 0xb4000071342524b0 sock = 35, client with node 1 port 5113 went down
07-30 16:44:07.705  1747  1747 I sensors-hal: activate:119, xiaomi.sensor.ambientlight.factory/1071 en=0 completed
07-30 16:44:07.706  2463  3983 I MiSensorServiceImpl: LightFovOptimizationSensor::activateSensor: 0 lightStrm sensor
07-30 16:44:07.706  2463  3983 I MiSensorServiceImpl: LightFovOptimizationSensor::process lightStrmSensor switch lightSensor sucess!
07-30 16:44:07.710  3002  4306 I libsensor-boledalgo: ##### the value of lux: 135.364594, cct: 6230.000000
07-30 16:44:07.710  3002  4306 I libsensor-qshcalapi: value of set_lux: 135.364594, set r: 6230.000000
07-30 16:44:07.755  2463  2530 I SmartPower: android.process.acore/10083(6721): idle->background(2576ms) R(broadcast start Intent { act=android.intent.action.PACKAGE_CHANGED dat=package: flg=0x45000010 (has extras) }) adj=905.
07-30 16:44:07.755  2463  2530 I SmartPower: com.mfashiongallery.emag/10262(8261): idle->background(2576ms) R(broadcast start Intent { act=android.intent.action.PACKAGE_CHANGED dat=package: flg=0x45000010 (has extras) }) adj=905.
07-30 16:44:07.757  2463  2530 I SmartPower: com.android.quicksearchbox/10136(18694): idle->background(2577ms) R(broadcast start Intent { act=android.intent.action.PACKAGE_CHANGED dat=package: flg=0x45000010 (has extras) }) adj=905.
07-30 16:44:07.757  2463  2530 I SmartPower: com.android.quicksearchbox:ApplicationsProvider/10136(18854): idle->background(2578ms) R(broadcast start Intent { act=android.intent.action.PACKAGE_CHANGED dat=package: flg=0x45000010 (has extras) }) adj=905.
07-30 16:44:07.758  2463  2530 I SmartPower: com.google.android.documentsui/10100(21132): idle->background(2578ms) R(broadcast start Intent { act=android.intent.action.PACKAGE_CHANGED dat=package: flg=0x45000010 (has extras) }) adj=905.
07-30 16:44:07.759  2463  2530 I SmartPower: com.milink.service:audio/10178(19382): idle->background(2579ms) R(broadcast start Intent { act=android.intent.action.PACKAGE_CHANGED dat=package: flg=0x45000010 (has extras) }) adj=100.
07-30 16:44:07.760  7989  7989 I PackageInstallReceiver: action = android.intent.action.PACKAGE_CHANGED packageName = com.miui.cleanmaster
07-30 16:44:07.760  7989  7989 W InstalledPackagesMemoryCache: Unknown action: android.intent.action.PACKAGE_CHANGED
07-30 16:44:07.760  7989  7989 I ServiceDeliveryCapability: onAppChanged:com.miui.cleanmaster action:android.intent.action.PACKAGE_CHANGED
07-30 16:44:07.761  7989  7989 I AppWidgetDelegate: updateAppWidgets for com.miui.cleanmaster
07-30 16:44:07.761  7989  7989 I WidgetController: WidgetController.updateOrRemoveStackWhenPackageChanged: packageName com.miui.cleanmaster
07-30 16:44:07.761  7989  7989 I WidgetBackgroundBlurManager: onAppChanged appPackageName : com.miui.cleanmaster
07-30 16:44:07.761  7989  8582 I AppWidgetDelegate: removeAllWidgets com.android.calendar.widget.NearEventAppWidget
07-30 16:44:07.761  7989  8582 I AppWidgetDelegate: removeAllWidgets com.xiaomi.misettings.usagestats.widget.desktop.widget.SimpleUsageStatsWidget
07-30 16:44:07.789  2463  4205 I MiuiNetworkPolicy: bandwidth: 25 KB/s, Max bandwidth: 1886 KB/s
07-30 16:44:07.913  3002  4306 I libsensor-boledalgo: dbv:428,lux:112.0,cct:6306.2,hsv:-1.0,dc:0CWB R:3184.6,G:7784.5,B:4976.3Event C:7776.3,R:4273.6,G:2724.2,B:1670.6Cali C:215.8,R:79.4,G:76.7,B:36.1 
07-30 16:44:07.913  3002  4306 I libsensor-boledalgo: dbv:428,lux:120.1,cct:6294.2,hsv:-1.0,dc:0CWB R:3184.6,G:7784.5,B:4976.3Event C:8296.0,R:4547.6,G:2901.9,B:1775.2Cali C:215.8,R:79.4,G:76.7,B:36.1 
07-30 16:44:07.914  3002  4306 I libsensor-boledalgo: ##### the value of lux: 120.106133, cct: 6230.000000
07-30 16:44:07.914  3002  4306 I libsensor-qshcalapi: value of set_lux: 120.106133, set r: 6230.000000
07-30 16:44:08.114  3002  4306 I libsensor-boledalgo: dbv:428,lux:133.7,cct:6318.5,hsv:-1.0,dc:0CWB R:3184.6,G:7784.5,B:4976.3Event C:9212.6,R:5049.1,G:3221.7,B:1975.5Cali C:215.8,R:79.4,G:76.7,B:36.1 
07-30 16:44:08.115  3002  4306 I libsensor-boledalgo: ##### the value of lux: 133.653061, cct: 6230.000000
07-30 16:44:08.115  3002  4306 I libsensor-qshcalapi: value of set_lux: 133.653061, set r: 6230.000000
07-30 16:44:08.323  2463  5541 I ActivityManager: Broadcasting: Intent { act=android.intent.action.MEDIA_SCANNER_SCAN_FILE dat=file:///... flg=0x400000 }
07-30 16:44:08.324  2463  5541 I ActivityManager: Enqueued broadcast Intent { act=android.intent.action.MEDIA_SCANNER_SCAN_FILE dat=file:///... flg=0x400000 }: 0
07-30 16:44:08.324  2463  2530 I SmartPower: com.miui.gallery/10271(13242): idle->background(3145ms) R(broadcast start Intent { act=android.intent.action.MEDIA_SCANNER_SCAN_FILE dat=file:///... flg=0x1400010 }) adj=915.
07-30 16:44:08.327 13242 13242 W MiuiGallery2_BaseMediaScannerReceiver: [main] - Broadcast received, action: [android.intent.action.MEDIA_SCANNER_SCAN_FILE], data uri: [file:///sdcard/screen_2025-07-30_164407.png], CTA not allowed
07-30 16:44:08.328  2463  4205 I MiuiNetworkPolicy: updateUidState uid = 10271, uidState = 11
07-30 16:44:08.331  2463  4205 I MiuiNetworkPolicy: updateUidState uid = 10271, uidState = 19
07-30 16:44:08.332  7633  7633 I MediaProvider: receive action = android.intent.action.MEDIA_SCANNER_SCAN_FILE schemeSpecificPart = ///sdcard/screen_2025-07-30_164407.png
07-30 16:44:08.334  2463  5541 W JobInfo : Job 'com.android.providers.media.module/com.android.providers.media.MediaService#-300' has a deadline with no functional constraints. The deadline won't improve job execution latency. Consider removing the deadline.
07-30 16:44:08.338  1844  1844 I vendor.qti.hardware.servicetrackeraidl-service: bindService is called for service : com.android.providers.media.module/com.android.providers.media.MediaService and for client system
07-30 16:44:08.338  1844  1844 I vendor.qti.hardware.servicetrackeraidl-service: total connections for service : com.android.providers.media.module/com.android.providers.media.MediaServiceare :1
07-30 16:44:08.338  1844  1844 I vendor.qti.hardware.servicetrackeraidl-service: total connections for client : systemare :32
07-30 16:44:08.340  2463  4404 I whetstone.activity: processNotifyEvent1 resId = 256, bundle = Bundle[{startTime=90886659, sourcePkg=com.android.providers.media.module, sourceUid=10249, status=1, jobId=-300, batteryName=com.android.providers.media.module/com.android.providers.media.MediaService, elapsedRealtime=90886659}]
07-30 16:44:08.340  9339 32567 I EventMonitor: notifyEvent resId=256
07-30 16:44:08.346  2463  2506 I ActivityManager: Broadcast completed: result=0
07-30 16:44:08.346  7633  8793 I MediaProvider: Begin Intent { act=android.intent.action.MEDIA_SCANNER_SCAN_FILE dat=file:///... flg=0x1400010 cmp=com.android.providers.media.module/com.android.providers.media.MediaService }
07-30 16:44:08.356  7633  8793 I MediaProvider: End Intent { act=android.intent.action.MEDIA_SCANNER_SCAN_FILE dat=file:///... flg=0x1400010 cmp=com.android.providers.media.module/com.android.providers.media.MediaService }
07-30 16:44:08.358  2463  4404 I whetstone.activity: processNotifyEvent1 resId = 256, bundle = Bundle[{startTime=90886676, sourcePkg=com.android.providers.media.module, sourceUid=10249, status=0, jobId=-300, batteryName=com.android.providers.media.module/com.android.providers.media.MediaService, elapsedRealtime=90886676}]
07-30 16:44:08.358  9339 32567 I EventMonitor: notifyEvent resId=256
07-30 16:44:08.359  1844  1844 I vendor.qti.hardware.servicetrackeraidl-service: unbindService is called for service : com.android.providers.media.module/com.android.providers.media.MediaService and for client system
07-30 16:44:08.359  1844  1844 I vendor.qti.hardware.servicetrackeraidl-service: size of service connections for service: com.android.providers.media.module/com.android.providers.media.MediaServiceafter removal is 0
07-30 16:44:08.359  1844  1844 I vendor.qti.hardware.servicetrackeraidl-service: size of client connections for client: systemafter removal is 31
07-30 16:44:08.359  1844  1844 I vendor.qti.hardware.servicetrackeraidl-service: destroyService is called for service : com.android.providers.media.module/com.android.providers.media.MediaService
07-30 16:44:08.360  3117  3117 I adbd    : in ShellService: ps
07-30 16:44:08.516  3002  4306 I libsensor-boledalgo: ##### the value of lux: 133.653061, cct: 6332.000000
07-30 16:44:08.516  3002  4306 I libsensor-qshcalapi: value of set_lux: 133.653061, set r: 6332.000000
07-30 16:44:08.535  3117  3117 I adbd    : in ShellService: rm /sdcard/screen_2025-07-30_164407.png
07-30 16:44:08.568  7633 20214 I MediaProvider: Deleted paths_hashcode::1389444597/:1389444597/1463054010407.png items on external_primary due to com.android.shell tid=32228
07-30 16:44:08.595  1844  1844 I vendor.qti.hardware.servicetrackeraidl-service: bindService is called for service : com.android.vending/com.google.android.finsky.scheduler.process.mainimpl.PhoneskyJobServiceMain and for client system
07-30 16:44:08.596  1844  1844 I vendor.qti.hardware.servicetrackeraidl-service: total connections for service : com.android.vending/com.google.android.finsky.scheduler.process.mainimpl.PhoneskyJobServiceMainare :1
07-30 16:44:08.596  1844  1844 I vendor.qti.hardware.servicetrackeraidl-service: total connections for client : systemare :32
07-30 16:44:08.598  2463  3991 I SmartPower: com.android.vending/10124(7968): idle->background(3419ms) R(service create com.android.vending/com.google.android.finsky.scheduler.process.mainimpl.PhoneskyJobServiceMain) adj=0.
07-30 16:44:08.601  2463  4205 I MiuiNetworkPolicy: updateUidState uid = 10124, uidState = 8
07-30 16:44:08.604  2463  4404 I whetstone.activity: processNotifyEvent1 resId = 256, bundle = Bundle[{startTime=90886924, sourcePkg=com.android.vending, sourceUid=10124, status=1, jobId=9441, batteryName=com.android.vending/com.google.android.finsky.scheduler.process.mainimpl.PhoneskyJobServiceMain, elapsedRealtime=90886924}]
07-30 16:44:08.606  7968  7968 I Finsky  : [2] acgh.onStartJob(128): SCH: job service start with id 9441.
07-30 16:44:08.605  9339 32567 I EventMonitor: notifyEvent resId=256
07-30 16:44:08.608  7968 31544 I Finsky  : [2695] kzh.a(256): SCH: Satisfied jobs for 9441 are: 12-1
07-30 16:44:08.609  7968 32232 I Finsky  : [2699] zmh.accept(450): SCH: Job 12-1 starting
07-30 16:44:08.610  7968  7968 I Finsky  : [2] ContentSyncJob.h(14): [ContentSync] job started
07-30 16:44:08.657  3117  3117 I adbd    : in ShellService: dumpsys display
07-30 16:44:08.664  7968 32234 I Finsky  : [2700] lgm.f(41): Completed 0 account content syncs with 0 successful.
07-30 16:44:08.665  7968  7968 I Finsky  : [2] ContentSyncJob.a(14): [ContentSync] Installation state replication succeeded.
07-30 16:44:08.665  7968  7968 I Finsky  : [2] acem.r(83): SCH: jobFinished: 12-1. TimeElapsed: 56ms.
07-30 16:44:08.676  7968  8229 I Finsky  : [2485] pis.accept(67): SCH: Scheduling phonesky job Id: 1-1337, CT: 1753863774400, Constraints: [{ L: 43181750, D: 86381750, C: 1, I: 1, N: 1 }]
07-30 16:44:08.677  7968  8229 I Finsky  : [2485] pis.accept(67): SCH: Scheduling phonesky job Id: 34-39, CT: 1753833700130, Constraints: [{ L: 604800000, D: 2540055993, C: 1, I: 1, N: 1 }]
07-30 16:44:08.677  7968  8229 I Finsky  : [2485] pis.accept(67): SCH: Scheduling phonesky job Id: 34-40, CT: 1753862096781, Constraints: [{ L: 79199844, D: 1375199844, C: 1, I: 1, N: 1 }]
07-30 16:44:08.677  7968  8229 I Finsky  : [2485] pis.accept(67): SCH: Scheduling phonesky job Id: 34-43, CT: 1753862097641, Constraints: [{ L: 604800000, D: 2591999155, C: 1, I: 1, N: 1 }]
07-30 16:44:08.679  7968  8188 I Finsky  : [2482] jyn.apply(28): SCH: Scheduling 1 system job(s)
07-30 16:44:08.679  7968  8188 I Finsky  : [2482] aceh.d(88): SCH: Scheduling system job Id: 9446, L: 41907471, D: 85107471, C: false, I: false, N: 1
07-30 16:44:08.684  2463  4205 I MiuiNetworkPolicy: updateUidState uid = 10092, uidState = 15
07-30 16:44:08.685  7968 32232 I Finsky  : [2699] acgh.a(26): SCH: job service finished with id 9441.
07-30 16:44:08.687  2463  4404 I whetstone.activity: processNotifyEvent1 resId = 256, bundle = Bundle[{startTime=90887007, sourcePkg=com.android.vending, sourceUid=10124, status=0, jobId=9441, batteryName=com.android.vending/com.google.android.finsky.scheduler.process.mainimpl.PhoneskyJobServiceMain, elapsedRealtime=90887007}]
07-30 16:44:08.688  9339 32567 I EventMonitor: notifyEvent resId=256
07-30 16:44:08.695  1844  1844 I vendor.qti.hardware.servicetrackeraidl-service: unbindService is called for service : com.android.vending/com.google.android.finsky.scheduler.process.mainimpl.PhoneskyJobServiceMain and for client system
07-30 16:44:08.695  1844  1844 I vendor.qti.hardware.servicetrackeraidl-service: size of service connections for service: com.android.vending/com.google.android.finsky.scheduler.process.mainimpl.PhoneskyJobServiceMainafter removal is 0
07-30 16:44:08.695  1844  1844 I vendor.qti.hardware.servicetrackeraidl-service: size of client connections for client: systemafter removal is 31
07-30 16:44:08.696  1844  1844 I vendor.qti.hardware.servicetrackeraidl-service: destroyService is called for service : com.android.vending/com.google.android.finsky.scheduler.process.mainimpl.PhoneskyJobServiceMain
07-30 16:44:08.698  2463  4205 I MiuiNetworkPolicy: updateUidState uid = 10124, uidState = 10
07-30 16:44:08.701  2463  4205 I MiuiNetworkPolicy: updateUidState uid = 10124, uidState = 19
07-30 16:44:08.721  2463  4412 I SmartPower: com.google.android.gms/10130(31105): background->idle(7111ms) R(adj below visible) adj=500.
07-30 16:44:08.727  7968  8041 I android.vending: This is non sticky GC, maxfree is 16777216 minfree is 8388608
07-30 16:44:08.769  2463  5541 W ContentProviderHelper: No provider info for content provider  when providerRunning is false, caller is ProcessRecord{15056c5 18854:com.android.quicksearchbox:ApplicationsProvider/u0a136}
07-30 16:44:08.770 18854 18878 E ActivityThread: Failed to find provider info for 
07-30 16:44:08.773  2463  5528 W ContentProviderHelper: No provider info for content provider  when providerRunning is false, caller is null
07-30 16:44:08.775  2463  5528 I ClipboardServiceI: checkProviderWakePathForClipboard: primaryClip is null
07-30 16:44:08.776  2463  5528 I SmartPower: com.miui.notes/10275(13074): idle->background(2565ms) R(content provider start ContentProviderRecord{c0729a2 u0 com.miui.notes/.provider.NotesProvider}) adj=905.
07-30 16:44:08.782  2463  5541 W ContentProviderHelper: Permission Denial: opening provider com.alibaba.aliexpress.android.search.nav.SearchSuggestionProvider from ProcessRecord{15056c5 18854:com.android.quicksearchbox:ApplicationsProvider/u0a136} (pid=18854, uid=10136) that is not exported from UID 10303
07-30 16:44:08.789  2463  4205 I MiuiNetworkPolicy: updateUidState uid = 10303, uidState = 6
07-30 16:44:08.791  2463  5541 I ClipboardServiceI: checkProviderWakePathForClipboard: primaryClip is null
07-30 16:44:08.792  2463  5541 I SmartPower: com.alibaba.aliexpresshd/10303(5685): idle->background(2572ms) R(content provider start ContentProviderRecord{716322c u0 com.alibaba.aliexpresshd/com.alibaba.aliexpress.android.search.nav.SearchSuggestionProvider}) adj=0.
07-30 16:44:08.792  2463  4205 I MiuiNetworkPolicy: updateUidState uid = 10169, uidState = 6
07-30 16:44:08.797  2463  4205 I MiuiNetworkPolicy: updateUidState uid = 10303, uidState = 19
07-30 16:44:08.798 18854 18878 W ContentResolver: Failed to get type for: content://com.alibaba.aliexpress.android.search.nav.SearchSuggestionProvider/products (Unknown URL content://com.alibaba.aliexpress.android.search.nav.SearchSuggestionProvider/products)
07-30 16:44:08.798  2463  4205 I MiuiNetworkPolicy: updateUidState uid = 10169, uidState = 10
07-30 16:44:08.798  2463  4435 W Bundle  : Failed to parse item error, returning null.
07-30 16:44:08.798  2463  4435 W Bundle  : android.os.BadTypeParcelableException: Parcelable creator android.os.ParcelableException is not a subclass of required class java.lang.String provided in the parameter
07-30 16:44:08.798  2463  4435 W Bundle  : 	at android.os.Parcel.readParcelableCreatorInternal(Parcel.java:5206)
07-30 16:44:08.798  2463  4435 W Bundle  : 	at android.os.Parcel.readParcelableInternal(Parcel.java:5080)
07-30 16:44:08.798  2463  4435 W Bundle  : 	at android.os.Parcel.readValue(Parcel.java:4840)
07-30 16:44:08.798  2463  4435 W Bundle  : 	at android.os.Parcel.readValue(Parcel.java:4609)
07-30 16:44:08.798  2463  4435 W Bundle  : 	at android.os.Parcel.-$$Nest$mreadValue(Unknown Source:0)
07-30 16:44:08.798  2463  4435 W Bundle  : 	at android.os.Parcel$LazyValue.apply(Parcel.java:4707)
07-30 16:44:08.798  2463  4435 W Bundle  : 	at android.os.Parcel$LazyValue.apply(Parcel.java:4666)
07-30 16:44:08.798  2463  4435 W Bundle  : 	at android.os.BaseBundle.unwrapLazyValueFromMapLocked(BaseBundle.java:416)
07-30 16:44:08.798  2463  4435 W Bundle  : 	at android.os.BaseBundle.getValueAt(BaseBundle.java:402)
07-30 16:44:08.798  2463  4435 W Bundle  : 	at android.os.BaseBundle.getPairValue(BaseBundle.java:282)
07-30 16:44:08.798  2463  4435 W Bundle  : 	at com.android.server.am.ContentProviderHelper.lambda$getMimeTypeFilterAsync$1(ContentProviderHelper.java:1212)
07-30 16:44:08.798  2463  4435 W Bundle  : 	at com.android.server.am.ContentProviderHelper.$r8$lambda$JV9jTPlBHAPZLxkKAqq24ds-FLE(Unknown Source:0)
07-30 16:44:08.798  2463  4435 W Bundle  : 	at com.android.server.am.ContentProviderHelper$$ExternalSyntheticLambda1.onResult(D8$$SyntheticClass:0)
07-30 16:44:08.798  2463  4435 W Bundle  : 	at android.os.RemoteCallback.sendResult(RemoteCallback.java:76)
07-30 16:44:08.798  2463  4435 W Bundle  : 	at android.os.RemoteCallback$1.sendResult(RemoteCallback.java:53)
07-30 16:44:08.798  2463  4435 W Bundle  : 	at android.os.IRemoteCallback$Stub.onTransact(IRemoteCallback.java:85)
07-30 16:44:08.798  2463  4435 W Bundle  : 	at android.os.Binder.execTransactInternal(Binder.java:1512)
07-30 16:44:08.798  2463  4435 W Bundle  : 	at android.os.Binder.execTransact(Binder.java:1451)
07-30 16:44:08.854  3117  3117 I adbd    : in ShellService: wm size
07-30 16:44:08.978  3117  3117 I adbd    : in ShellService: dumpsys input
07-30 16:44:09.063  3117  3117 I adbd    : in ShellService: getprop ro.sf.lcd_density
07-30 16:44:09.113  3002  4306 I libsensor-boledalgo: dbv:428,lux:124.8,cct:6320.7,hsv:-1.0,dc:0CWB R:3184.6,G:7784.5,B:4976.3Event C:8613.5,R:4714.1,G:3012.5,B:1845.7Cali C:215.8,R:79.4,G:76.7,B:36.1 
07-30 16:44:09.115  3002  4306 I libsensor-boledalgo: dbv:428,lux:130.7,cct:6303.3,hsv:-1.0,dc:0CWB R:3184.6,G:7784.5,B:4976.3Event C:9022.7,R:4963.9,G:3170.6,B:1943.4Cali C:215.8,R:79.4,G:76.7,B:36.1 
07-30 16:44:09.143  3117  3117 I adbd    : in ShellService: am force-stop com.roku.remote
07-30 16:44:09.185  2463  6119 I ActivityManager: Force stopping com.roku.remote appid=10408 user=0: from process:32257
07-30 16:44:09.189  2463  6119 E ClipboardServiceI: removeActivePermissionOwnerForPackage: mPrimaryClipPackage is null or get is null
07-30 16:44:09.190  2463  6119 I AppsFilter: interaction: PackageSetting{600bb70 com.android.microdroid.empty_payload/10236} -> PackageSetting{c1ee9 com.roku.remote/10408} BLOCKED
07-30 16:44:09.190  2463  6119 I AppsFilter: interaction: PackageSetting{7ca576e io.appium.uiautomator2.server.test/10280} -> PackageSetting{c1ee9 com.roku.remote/10408} BLOCKED
07-30 16:44:09.190  2463  6119 I AppsFilter: interaction: PackageSetting{4deee0f io.github.ylimit.droidbotapp/10407} -> PackageSetting{c1ee9 com.roku.remote/10408} BLOCKED
07-30 16:44:09.190  2463  6119 I AppsFilter: interaction: PackageSetting{e0e1e9c com.rongcard.eid/10151} -> PackageSetting{c1ee9 com.roku.remote/10408} BLOCKED
07-30 16:44:09.190  2463  6119 I AppsFilter: interaction: PackageSetting{1fec0a5 io.appium.settings/10274} -> PackageSetting{c1ee9 com.roku.remote/10408} BLOCKED
07-30 16:44:09.203  2463  5541 W ParceledListSlice: Element #8 is 20788 bytes.
07-30 16:44:09.203  2463  5541 W ParceledListSlice: Element #9 is 20768 bytes.
07-30 16:44:09.205  7773  7773 E RegisteredServicesCache: Skipping application component ComponentInfo{com.UCMobile/com.alibaba.ariver.commonability.device.jsapi.nfc.service.TinyAppHostApduService}: it must request the permission android.permission.NFC
07-30 16:44:09.205  7773  7773 E RegisteredServicesCache: Skipping application component ComponentInfo{com.UCMobile/com.alipay.mobile.aompdevice.nfc.service.TinyAppHostApduService}: it must request the permission android.permission.NFC
07-30 16:44:09.205  7773  7773 E RegisteredServicesCache: Skipping application component ComponentInfo{com.autonavi.minimap/com.alibaba.ariver.commonability.device.jsapi.nfc.service.TinyAppHostApduService}: it must request the permission android.permission.NFC
07-30 16:44:09.205  7773  7773 E RegisteredServicesCache: Skipping application component ComponentInfo{com.autonavi.minimap/com.alipay.mobile.aompdevice.nfc.service.TinyAppHostApduService}: it must request the permission android.permission.NFC
07-30 16:44:09.207  7773  7773 I RegisteredServicesCache: current user: 0, is managed profile : false
07-30 16:44:09.209  7773  7773 I RegisteredAidCache: updateRoutingLocked(false): Enter
07-30 16:44:09.209  7773  7773 I AidRoutingManager: configureRouting(false): Enter
07-30 16:44:09.209  7773  7773 E AidRoutingManager: Size of routing table970
07-30 16:44:09.209  7773  7773 I RegisteredAidCache: updateRoutingLocked(false): exit
07-30 16:44:09.210  7773  7773 I libnfc_nci: [INFO:NativeT4tNfcee.cpp(870)] nfcManager_isFwSupportNonStdT4TAid Enter isFwSupport = 1
07-30 16:44:09.210  7773  7773 I libnfc_nci: [INFO:SecureElement.cpp(1487)] SecureElement::getEseHandleFromGenericId: enter; ESE-ID = 0x7F
07-30 16:44:09.210  7773  7773 I libnfc_nci: [INFO:SecureElement.cpp(1528)] SecureElement::getEseHandleFromGenericId: enter; ESE-Handle = 0x410
07-30 16:44:09.210  7773  7773 I libnfc_nci: [INFO:SecureElement.cpp(1487)] SecureElement::getEseHandleFromGenericId: enter; ESE-ID = 0x00
07-30 16:44:09.210  7773  7773 I libnfc_nci: [INFO:SecureElement.cpp(1528)] SecureElement::getEseHandleFromGenericId: enter; ESE-Handle = 0x400
07-30 16:44:09.211  4897 26810 I SecureElement-Terminal-eSE1: isSecureElementPresent()
07-30 16:44:09.211  1746  1746 I android.hardware.secure_element-service.qti: isCardPresent
07-30 16:44:09.211  1746  1746 I android.hardware.secure_element-service.qti: isCardPresent exit, cardPresent: 1
07-30 16:44:09.212  4897 26810 I SecureElement-Terminal-SIM1: isSecureElementPresent()
07-30 16:44:09.213  4897 26810 I SecureElement-Terminal-SIM1: isNfcEventAllowed: No access rules for checking.
07-30 16:44:09.213  4897 26810 I SecureElement-Terminal-SIM2: isSecureElementPresent()
07-30 16:44:09.241  3117  3117 I adbd    : in ShellService: input keyevent HOME
07-30 16:44:09.298  2463  6119 W MIUIInput: Input event injection from package: null action ACTION_DOWN keycode 3
07-30 16:44:09.300  2463  6119 W MiuiInputKeyEventLog: keyCode:3 down:true eventTime:29550322 downTime:29550322 policyFlags:2b000000 flags:0 metaState:0 deviceId:-1 isScreenOn:true keyguardActive:false repeatCount:0
07-30 16:44:09.303  2463  6119 W MIUIInput: Input event injection from package: null action ACTION_UP keycode 3
07-30 16:44:09.303  2463  6119 W MiuiInputKeyEventLog: keyCode:3 down:false eventTime:29550327 downTime:29550322 policyFlags:2b000000 flags:0 metaState:0 deviceId:-1 isScreenOn:true keyguardActive:false repeatCount:0
07-30 16:44:09.303  2105  2105 E DisplayModeController: setDesiredMode : Idle status skip setActiveMode, isDdicIdleMode: 1
07-30 16:44:09.304  2463  2528 W ActivityManagerServiceImpl: Sending non-protected broadcast com.miui.fullscreen_state_change from system 2463:system/1000 pkg android. Callers=com.android.server.am.ActivityManagerService.checkBroadcastFromSystem:16255 com.android.server.am.ActivityManagerService.broadcastIntentLockedTraced:17126 com.android.server.am.ActivityManagerService.broadcastIntentLocked:16315 com.android.server.am.ActivityManagerService.broadcastIntentWithFeature:17337 android.app.ContextImpl.sendBroadcastAsUser:1495 
07-30 16:44:09.304  2463  4068 E MiuiInputKeyEventLog: before go to home
07-30 16:44:09.308  2463  2528 W ActivityManagerServiceImpl: Sending non-protected broadcast com.miui.launch_home_from_hotkey from system 2463:system/1000 pkg android. Callers=com.android.server.am.ActivityManagerService.checkBroadcastFromSystem:16255 com.android.server.am.ActivityManagerService.broadcastIntentLockedTraced:17126 com.android.server.am.ActivityManagerService.broadcastIntentLocked:16315 com.android.server.am.ActivityManagerService.broadcastIntentWithFeature:17337 android.app.ContextImpl.sendBroadcastAsUser:1536 
07-30 16:44:09.308  1827  1827 I SDM     : HWCDisplay::SetActiveConfigWithConstraints: display:66-0, config: 3, WxH 1200x2670, fps 120
07-30 16:44:09.309  1827  1827 W SDM     : HWDeviceDRM::GetSupportedBitClkRate: Requested rate not supported: 1150000000
07-30 16:44:09.309  1827  1827 I SDM     : HWDeviceDRM::UpdateMixerAttributes: Mixer WxH 1200x2670-1 for Peripheral
07-30 16:44:09.309  1827  1827 I SDM     : HWCDisplay::SubmitDisplayConfig: Active configuration changed from config 1 to 3
07-30 16:44:09.309  1827  1827 I SDM     : HWCDisplay::SubmitDisplayConfig: Active WxH 1200x2670 ,ddic_mode:auto, timing_fps: 120, sf_fps: 120
07-30 16:44:09.311  2463  4068 W ActivityTaskManager: callingPackage for (uid=-1, pid=0) has no WPC
07-30 16:44:09.311  4979  4979 I ControlCenterExpandController: hide panel true true
07-30 16:44:09.312  2463  4068 W OptProp : Cannot read opt property android.window.PROPERTY_COMPAT_ALLOW_ORIENTATION_OVERRIDE
07-30 16:44:09.313  2463  4068 E ActivityTaskManager: Unable to get servicetracker HAL instance
07-30 16:44:09.313  2463  4068 E ActivityTaskManager: Unable to get servicetracker HAL instance
07-30 16:44:09.313  2463  4068 E WindowManager: setClientVisible ActivityRecord{33de225 u0 com.miui.home/.launcher.Launcher true
07-30 16:44:09.313  8013  8013 I VideoToolBoxService: onReceive: android.intent.action.CLOSE_SYSTEM_DIALOGS
07-30 16:44:09.313  2463  4068 W OptProp : Cannot read opt property android.window.PROPERTY_COMPAT_ALLOW_RESIZEABLE_ACTIVITY_OVERRIDES
07-30 16:44:09.313  8013  8013 I GameBoosterService: onReceive: android.intent.action.CLOSE_SYSTEM_DIALOGS
07-30 16:44:09.313  2463  4068 W OptProp : Cannot read opt property android.window.PROPERTY_COMPAT_ALLOW_MIN_ASPECT_RATIO_OVERRIDE
07-30 16:44:09.314  2463  4068 I AnimInterruptController: FIS notify Foresee interrupt start:515
07-30 16:44:09.315  2463  4068 I ActivityTaskManager: isKeyguardEditor: false, newTransition: TransitionRecord{7b219ab id=516 type=OPEN flags=0x0}
07-30 16:44:09.315  1827  2752 I vendor.qti.hardware.display.composer-service: Sensor: notify citsensorservice to trigger cwb, misForced = 0
07-30 16:44:09.316  4979  4979 I VolumeShowHideAnimator: isRunning: false, mExpanded: false
07-30 16:44:09.316  3002  4297 I libsensor-parseRGB: request dump start for mRequestDisplayId 0
07-30 16:44:09.316  4979  4979 I VolumeExpandCollapsedAnimator: isRunning: false, mExpanded: false
07-30 16:44:09.316  4979  4979 I VolumePanelViewController_true: dismissH mShowing:false, reason:volume_controller, isAnimating: false, needShowDialog=true, KeyAnimatingStream=-1
07-30 16:44:09.316  4979  4979 I VolumeShowHideAnimator: isRunning: false, mExpanded: false
07-30 16:44:09.316  4979  4979 I VolumeExpandCollapsedAnimator: isRunning: false, mExpanded: false
07-30 16:44:09.316  4979  4979 I VolumePanelViewController_false: dismissH mShowing:false, reason:volume_controller, isAnimating: false, needShowDialog=false, KeyAnimatingStream=-1
07-30 16:44:09.317  3002  4306 I libsensor-boledalgo: dbv:428,lux:149.5,cct:6379.5,hsv:-1.0,dc:0CWB R:3184.6,G:7784.5,B:4976.3Event C:10218.2,R:5575.0,G:3612.6,B:2213.8Cali C:215.8,R:79.4,G:76.7,B:36.1 
07-30 16:44:09.318  2463  4068 I ActivityTaskManager: START u0 {act=android.intent.action.MAIN cat=[android.intent.category.HOME] flg=0x10000100 cmp=com.miui.home/.launcher.Launcher (has extras)} with LAUNCH_SINGLE_TASK from uid 0 from pid 0 callingPackage null callers: com.android.server.wm.RootWindowContainer.lambda$startHomeOnDisplay$11:1607 com.android.server.wm.RootWindowContainer.$r8$lambda$DFaa7QLApF8rlf4uiy_4K0Hxf2Y:0 com.android.server.wm.RootWindowContainer$$ExternalSyntheticLambda50.apply:0 com.android.server.wm.TaskDisplayArea.reduceOnAllTaskDisplayAreas:526  (BAL_ALLOW_ALLOWLISTED_UID) result code=3
07-30 16:44:09.319  4979  5212 I SoScStageCoordinator: Transition requested:TransitionRequestInfo { type = OPEN, triggerTask = TaskInfo{userId=0 taskId=2 displayId=0 isRunning=true baseIntent=Intent { act=android.intent.action.MAIN cat=[android.intent.category.HOME] flg=0x10000100 cmp=com.miui.home/.launcher.Launcher } baseActivity=ComponentInfo{com.miui.home/com.miui.home.launcher.Launcher} topActivity=ComponentInfo{com.miui.home/com.miui.home.launcher.Launcher} origActivity=null realActivity=ComponentInfo{com.miui.home/com.miui.home.launcher.Launcher} numActivities=1 lastActiveTime=90862766 supportsSplitScreenMultiWindow=true supportsMultiWindow=true resizeMode=2 isResizeable=true minWidth=-1 minHeight=-1 defaultMinSize=200 token=WCT{android.window.IWindowContainerToken$Stub$Proxy@27f36df} topActivityType=2 pictureInPictureParams=null shouldDockBigOverlays=false launchIntoPipHostTaskId=-1 lastParentTaskIdBeforePip=-1 displayCutoutSafeInsets=null topActivityInfo=ActivityInfo{25c7f2c com.miui.home.launcher.Launcher} launchCookies=[] positionInParent=Point(0, 0) parentTaskId=-1 isFocused=true isVisible=true isVisibleRequested=true isSleeping=false locusId=null displayAreaFeatureId=1 isTopActivityTransparent=false appCompatTaskInfo=AppCompatTaskInfo { topActivityInSizeCompat=false topActivityInMiuiSizeCompat=false topActivityEligibleForLetterboxEducation= falseisLetterboxEducationEnabled= false isLetterboxDoubleTapEnabled= false topActivityEligibleForUserAspectRatioButton= false topActivityBoundsLetterboxed= false isFromLetterboxDoubleTap= false topActivityLetterboxVerticalPosition= -1 topActivityLetterboxHorizontalPosition= -1 topActivityLetterboxWidth=1200 topActivityLetterboxHeight=2670 isUserFullscreenOverrideEnabled=false isSystemFullscreenOverrideEnabled=false cameraCompatTaskInfo=CameraCompatTaskInfo { cameraCompatControlState=hidden freeformCameraCompatMode=inactive}} isImmersive=false mTopActivityRequestOrientation=1 mBehindAppLockPkg=null mOriginatingUid=0 isEmbedded=false shouldBeVisible=true isCreatedByOrganizer=false mIsCastMode=false mTopActivityMediaSize=null mTopActivityRecordName=ActivityRecord{43121b5 u0 com.miui.home/.launcher.Launcher t2} mTopActivityOrientation=1}, pipTask = null, remoteTransition = null, displayChange = null, flags = 0, debugId = 516 } isSoScActive:false triggerTask:TaskInfo{userId=0 taskId=2 displayId=0 isRunning=true baseIntent=Intent { act=android.intent.action.MAIN cat=[android.intent.category.HOME] flg=0x10000100 cmp=com.miui.home/.launcher.Launcher } baseActivity=ComponentInfo{com.miui.home/com.miui.home.launcher.Launcher} topActivity=ComponentInfo{com.miui.home/com.miui.home.launcher.Launcher} origActivity=null realActivity=ComponentInfo{com.miui.home/com.miui.home.launcher.Launcher} numActivities=1 lastActiveTime=90862766 supportsSplitScreenMultiWindow=true supportsMultiWindow=true resizeMode=2 isResizeable=true minWidth=-1 minHeight=-1 defaultMinSize=200 token=WCT{android.window.IWindowContainerToken$Stub$Proxy@27f36df} topActivityType=2 pictureInPictureParams=null shouldDockBigOverlays=false launchIntoPipHostTaskId=-1 lastParentTaskIdBeforePip=-1 displayCutoutSafeInsets=null topActivityInfo=ActivityInfo{25c7f2c com.miui.home.launcher.Launcher} launchCookies=[] positionInParent=Point(0, 0) parentTaskId=-1 isFocused=true isVisible=true isVisibleRequested=true isSleeping=false locusId=null displayAreaFeatureId=1 isTopActivityTransparent=false appCompatTaskInfo=AppCompatTaskInfo { topActivityInSizeCompat=false topActivityInMiuiSizeCompat=false topActivityEligibleForLetterboxEducation= falseisLetterboxEducationEnabled= false isLetterboxDoubleTapEnabled= false topActivityEligibleForUserAspectRatioButton= false topActivityBoundsLetterboxed= false isFromLetterboxDoubleTap= false topActivityLetterboxVerticalPosition= -1 topActivityLetterboxHorizontalPosition= -1 topActivityLetterboxWidth=1200 topActivityLetterboxHeight=2670 isUserFullscreenOverrideEnabled=false isSystemFullscreenOverrideEnabled=false cameraCompatTaskInfo=CameraCompatTaskInfo { cameraCompatControlState=hidden freeformCame
07-30 16:44:09.321  7989  7989 I LauncherOverlayCallback: handleMessage WHAT_ACTIVITY_STATE_CHANGED what1
07-30 16:44:09.321  2463  2517 I AnimInterruptController: FIS reset Foresee interrupt status
07-30 16:44:09.321  7989  7989 I LauncherOverlayCallback: handleMessage WHAT_LAUNCHER_STATE what1
07-30 16:44:09.321  7989  7989 I AssistantOverlayWindow: lockToHideOverlay
07-30 16:44:09.321 30002 30002 I Launcher.widget: onInvisible 
07-30 16:44:09.321  2463  4414 I DisplayModeDirectorImpl: setSmartDisplayUpRefreshRatePolicy [0.0,120.0]
07-30 16:44:09.321 30002 30002 I Launcher.widget: onInvisible 
07-30 16:44:09.321 30002 30002 I Launcher: onNewIntent
07-30 16:44:09.321 30002 30002 I ConnectAnimFinishCallbackManager: mNeedShowLauncher = true, waitFrameworkAnimCallback = false
07-30 16:44:09.322  4979  5212 E KeyguardTransitionHandlerImpl: activityCount = 0
07-30 16:44:09.323 30002 30002 E RotationHelper: setCurrentStateRequest: request=0
07-30 16:44:09.323  2105  2235 W VsyncModulator: setTransactionSchedule: Unexpected EarlyEnd
07-30 16:44:09.324  4979  5212 I RemoteTransitionHandlerStubImpl: invokeAndRemoveWctCB transition is null, curWctCB: null
07-30 16:44:09.324  2105  2105 I BpBinder: onLastStrongRef automatically unlinking death recipients: 
07-30 16:44:09.325  2463  6119 W UserManagerService: Requested status bar icon for non-badged user 0
07-30 16:44:09.326  2105  2105 I RefreshRateSelector: Display 4630947082089526659 policy changed
07-30 16:44:09.326  2105  2105 I RefreshRateSelector: Previous: {defaultModeId=0, allowGroupSwitching=false, primaryRanges={physical=[0.00 Hz, 120.00 Hz], render=[0.00 Hz, 120.00 Hz]}, appRequestRanges={physical=[0.00 Hz, 120.00 Hz], render=[0.00 Hz, 120.00 Hz]} idleScreenConfig=nullptr}
07-30 16:44:09.326  2105  2105 I RefreshRateSelector: Current:  DisplayManagerPolicy{defaultModeId=0, allowGroupSwitching=false, primaryRanges={physical=[0.00 Hz, inf Hz], render=[0.00 Hz, 120.00 Hz]}, appRequestRanges={physical=[0.00 Hz, inf Hz], render=[0.00 Hz, 120.00 Hz]} idleScreenConfig=nullptr}
07-30 16:44:09.326  2105  2105 I RefreshRateSelector: 22 mode changes were performed under the previous policy
07-30 16:44:09.326  2463  4414 I DisplayModeDirectorImpl: onDesiredDisplayModeSpecsChanged:baseModeId=0 allowGroupSwitching=false primary=physical: (0.0 Infinity) render:  (0.0 120.0) appRequest=physical: (0.0 Infinity) render:  (0.0 120.0) idleScreenRefreshRateConfig=null noVotes=true
07-30 16:44:09.328 30002 30002 W Settings: Setting device_provisioned has moved from android.provider.Settings.Secure to android.provider.Settings.Global.
07-30 16:44:09.328  2916  2927 W MiuiBooster: "MiuiBoosterService requestCpuHighFreq: 10138, 1, 500"
07-30 16:44:09.328 30002 30002 E Launcher.application: setClickAppWaitForCallback = false
07-30 16:44:09.329  2916  2927 W MiuiBooster: "requestCpuHighFreq,final level:1,final timeoutms:500"
07-30 16:44:09.329  2916  2927 W MiuiBooster: "perf_hint_hc start"
07-30 16:44:09.329  2916  2927 W MiuiBooster: "big_core_value[level-1]:2707"
07-30 16:44:09.329  2916  2927 W MiuiBooster: "little_core_value[level-1]:2035"
07-30 16:44:09.329  2916  2927 W MiuiBooster: "prime_core_value[level - 1]:2937"
07-30 16:44:09.329  2916  2927 W MiuiBooster: "titanium_core_value[level - 1]:2956"
07-30 16:44:09.329  2916  2927 W MiuiBooster: "perf_handle:13479"
07-30 16:44:09.330  8013  8013 I VideoToolBoxService: onReceive: android.intent.action.CLOSE_SYSTEM_DIALOGS
07-30 16:44:09.330  2463  6119 I SecurityManagerService: update appwidget of uid: 10278 package: com.miui.weather2 visible: true reason: visible
07-30 16:44:09.330 30002 30002 I Launcher: changeMIUIWidgetEditMode false
07-30 16:44:09.330  7989  7989 I LauncherOverlayCallback: handleMessage WHAT_ACTIVITY_STATE_CHANGED what3
07-30 16:44:09.330  7989  7989 I LauncherOverlayCallback: handleMessage WHAT_LAUNCHER_STATE what3
07-30 16:44:09.331  8013  8013 I GameBoosterService: onReceive: android.intent.action.CLOSE_SYSTEM_DIALOGS
07-30 16:44:09.333 30002 30002 I Launcher.widget: onVisible 
07-30 16:44:09.333 30002 30002 I Launcher.widget: onVisible 
07-30 16:44:09.334  2463  5528 I ClipboardServiceI: checkProviderWakePathForClipboard: primaryClip is null
07-30 16:44:09.334  2463  5528 I SmartPower: com.miui.weather2/10278(23264): idle->background(21832ms) R(content provider start ContentProviderRecord{8862203 u0 com.miui.weather2/.providers.WeatherProvider}) adj=0.
07-30 16:44:09.335  2463  4205 I MiuiNetworkPolicy: updateUidState uid = 10278, uidState = 3
07-30 16:44:09.335  2463  5528 I ClipboardServiceI: checkProviderWakePathForClipboard: primaryClip is null
07-30 16:44:09.335  4979  4979 I ControlCenterExpandController: hide panel true true
07-30 16:44:09.336  4979  4979 I VolumeShowHideAnimator: isRunning: false, mExpanded: false
07-30 16:44:09.336  4979  4979 I VolumeExpandCollapsedAnimator: isRunning: false, mExpanded: false
07-30 16:44:09.336  4979  4979 I VolumePanelViewController_true: dismissH mShowing:false, reason:volume_controller, isAnimating: false, needShowDialog=true, KeyAnimatingStream=-1
07-30 16:44:09.336  4979  4979 I VolumeShowHideAnimator: isRunning: false, mExpanded: false
07-30 16:44:09.336  4979  4979 I VolumeExpandCollapsedAnimator: isRunning: false, mExpanded: false
07-30 16:44:09.336  4979  4979 I VolumePanelViewController_false: dismissH mShowing:false, reason:volume_controller, isAnimating: false, needShowDialog=false, KeyAnimatingStream=-1
07-30 16:44:09.337 23264 31234 I Wth2:WeatherProvider: getFirstSelectedCity() ret count= 1
07-30 16:44:09.337  2463  4596 I ClipboardServiceI: checkProviderWakePathForClipboard: primaryClip is null
07-30 16:44:09.337 23264 31234 E Wth2:WeatherProvider: getFirstSelectedCity() error 
07-30 16:44:09.337 23264 31234 E Wth2:WeatherProvider: java.lang.NumberFormatException: For input string: "33.862_119.318"
07-30 16:44:09.337 23264 31234 E Wth2:WeatherProvider: 	at java.lang.Integer.parseInt(Integer.java:790)
07-30 16:44:09.337 23264 31234 E Wth2:WeatherProvider: 	at java.lang.Integer.parseInt(Integer.java:908)
07-30 16:44:09.337 23264 31234 E Wth2:WeatherProvider: 	at com.miui.weather2.providers.WeatherProvider.g(SourceFile:9)
07-30 16:44:09.337 23264 31234 E Wth2:WeatherProvider: 	at com.miui.weather2.providers.WeatherProvider.e(SourceFile:5)
07-30 16:44:09.337 23264 31234 E Wth2:WeatherProvider: 	at com.miui.weather2.providers.WeatherProvider.query(SourceFile:21)
07-30 16:44:09.337 23264 31234 E Wth2:WeatherProvider: 	at android.content.ContentProvider.query(ContentProvider.java:1633)
07-30 16:44:09.337 23264 31234 E Wth2:WeatherProvider: 	at android.content.ContentProvider.query(ContentProvider.java:1729)
07-30 16:44:09.337 23264 31234 E Wth2:WeatherProvider: 	at android.content.ContentProvider$Transport.query(ContentProvider.java:301)
07-30 16:44:09.337 23264 31234 E Wth2:WeatherProvider: 	at android.content.ContentProviderNative.onTransact(ContentProviderNative.java:110)
07-30 16:44:09.337 23264 31234 E Wth2:WeatherProvider: 	at android.os.Binder.execTransactInternal(Binder.java:1507)
07-30 16:44:09.337 23264 31234 E Wth2:WeatherProvider: 	at android.os.Binder.execTransact(Binder.java:1451)
07-30 16:44:09.338 23264  7558 I Wth2:WeatherProvider: getFirstSelectedCity() ret count= 1
07-30 16:44:09.338 23264  7558 E Wth2:WeatherProvider: getFirstSelectedCity() error 
07-30 16:44:09.338 23264  7558 E Wth2:WeatherProvider: java.lang.NumberFormatException: For input string: "33.862_119.318"
07-30 16:44:09.338 23264  7558 E Wth2:WeatherProvider: 	at java.lang.Integer.parseInt(Integer.java:790)
07-30 16:44:09.338 23264  7558 E Wth2:WeatherProvider: 	at java.lang.Integer.parseInt(Integer.java:908)
07-30 16:44:09.338 23264  7558 E Wth2:WeatherProvider: 	at com.miui.weather2.providers.WeatherProvider.g(SourceFile:9)
07-30 16:44:09.338 23264  7558 E Wth2:WeatherProvider: 	at com.miui.weather2.providers.WeatherProvider.h(SourceFile:5)
07-30 16:44:09.338 23264  7558 E Wth2:WeatherProvider: 	at com.miui.weather2.providers.WeatherProvider.query(SourceFile:23)
07-30 16:44:09.338 23264  7558 E Wth2:WeatherProvider: 	at android.content.ContentProvider.query(ContentProvider.java:1633)
07-30 16:44:09.338 23264  7558 E Wth2:WeatherProvider: 	at android.content.ContentProvider.query(ContentProvider.java:1729)
07-30 16:44:09.338 23264  7558 E Wth2:WeatherProvider: 	at android.content.ContentProvider$Transport.query(ContentProvider.java:301)
07-30 16:44:09.338 23264  7558 E Wth2:WeatherProvider: 	at android.content.ContentProviderNative.onTransact(ContentProviderNative.java:110)
07-30 16:44:09.338 23264  7558 E Wth2:WeatherProvider: 	at android.os.Binder.execTransactInternal(Binder.java:1507)
07-30 16:44:09.338 23264  7558 E Wth2:WeatherProvider: 	at android.os.Binder.execTransact(Binder.java:1451)
07-30 16:44:09.338  2463  4205 I MiuiNetworkPolicyTrafficLimit: updateWhiteListUidForMobileTraffic uid=10278,add=true
07-30 16:44:09.339 23264  7558 I Wth2:WeatherProvider: getHourlyData checkCityAt=true tmpCursor.count  4
07-30 16:44:09.340 23264  7558 I Wth2:WeatherProvider: optimiseHourlyData sunrise : 18720000  sunset : 68760000
07-30 16:44:09.346  3002  3081 E libsensor-parseRGB: CWB NotifyCWBBufferDone  error 0
07-30 16:44:09.451  1827  2108 I SDM     : DisplayBase::CommitThread: Received idle timeout, panel: cmd, timeout: 70000 us
07-30 16:44:09.500  2463  4037 I SmartPower: com.google.android.gms.unstable/10130(31953): idle->background(18563ms) R(alarm start) adj=800.
07-30 16:44:09.501  2463  4037 I SmartPower: com.google.android.gms.ui/10130(16114): idle->background(18563ms) R(alarm start) adj=800.
07-30 16:44:09.503  2463  4404 I whetstone.activity: processNotifyEvent1 resId = 128, bundle = Bundle[{startTime=90887822, sourcePkg=com.google.android.gms, type=ELAPSED, statsTag=*alarm*:com.google.android.gms.gcm.ACTION_CHECK_QUEUE, creatorUid=10130, elapsedRealtime=90887815}]
07-30 16:44:09.503  9339 32567 I EventMonitor: notifyEvent resId=128
07-30 16:44:09.512  3002  4306 I libsensor-boledalgo: ##### the value of lux: 149.468094, cct: 6332.000000
07-30 16:44:09.512  3002  4306 I libsensor-qshcalapi: value of set_lux: 149.468094, set r: 6332.000000
07-30 16:44:09.530  1827  2752 I vendor.qti.hardware.display.composer-service: Sensor: notify citsensorservice to trigger cwb, misForced = 1
07-30 16:44:09.531  3002  4297 I libsensor-parseRGB: request dump start for mRequestDisplayId 0
07-30 16:44:09.531 30002 30063 E Launcher.Transfer: transfer is closed
07-30 16:44:09.553  3002  3080 E libsensor-parseRGB: CWB NotifyCWBBufferDone  error 0
07-30 16:44:09.555  3117  3117 I adbd    : in ShellService: ps
07-30 16:44:09.612  1827  2108 I SDM     : DisplayBase::CommitThread: Received idle timeout, panel: cmd, timeout: 70000 us
07-30 16:44:09.705  4553  4553 I MiuiWallpaper-MiuiWallpaperManagerService: receive broadcast action = android.intent.action.PACKAGE_RESTARTED
07-30 16:44:09.713  3002  4306 I libsensor-boledalgo: dbv:428,lux:156.6,cct:6398.7,hsv:-1.0,dc:0CWB R:3184.6,G:7784.5,B:4976.3Event C:10740.6,R:5863.8,G:3777.0,B:2323.9Cali C:215.8,R:79.4,G:76.7,B:36.1 
07-30 16:44:09.713  3002  4306 I libsensor-boledalgo: dbv:428,lux:203.5,cct:6536.5,hsv:-1.0,dc:0CWB R:3184.6,G:7784.5,B:4976.3Event C:14197.2,R:7829.4,G:4942.0,B:3112.3Cali C:215.8,R:79.4,G:76.7,B:36.1 
07-30 16:44:09.830  2463  2530 I SmartPower: com.miui.voiceassist:core/10193(7664): idle->background(4651ms) R(broadcast start Intent { act=android.intent.action.CLOSE_SYSTEM_DIALOGS flg=0x50000010 (has extras) }) adj=100.
07-30 16:44:09.831  7664  7664 I VA_AliveCore:MixMonitor: onReceive: action=android.intent.action.CLOSE_SYSTEM_DIALOGS
07-30 16:44:09.831  7664  7664 I VA_AliveCore:MixMonitor: onReceive: reason=homekey
07-30 16:44:09.832  7664  7664 I VA_AliveCore:MixMonitor: onReceive: action=com.miui.fullscreen_state_change
07-30 16:44:09.832  7664  7664 I VA_AliveCore:MixMonitor: onReceive: action=com.miui.fullscreen_state_change;stateName=toHome
07-30 16:44:09.833  2463  2530 I SmartPower: com.miui.systemAdSolution/10168(12230): idle->background(5031ms) R(broadcast start Intent { act=android.intent.action.CLOSE_SYSTEM_DIALOGS flg=0x50000010 (has extras) }) adj=100.
07-30 16:44:09.836  9900 28620 I Market-HomeKeyReceiver: onReceive: action: android.intent.action.CLOSE_SYSTEM_DIALOGS
07-30 16:44:09.837  9900 28620 I Market-HomeKeyReceiver: reason: homekey
07-30 16:44:09.919  1839  7244 E ANDR-PERF-LM: SAGT_ACTION: UpdateFPSData() 138: update /sys/kernel/sched_penalty/parameters/fps to 60, ret is 0
07-30 16:44:09.958 31200 31200 I cr_A11yState: Enabled accessibility services: [io.github.ylimit.droidbotapp/io.github.privacystreams.accessibility.PSAccessibilityService, null]
