07-30 16:44:06.428  8974  9450 I com.lbe.security.service.provider.WakePathDatabaseUtil: getWakePathRuleList: wakeType=1 wakePathRules.size=3
07-30 16:44:06.428  2463  5128 I WakePathChecker: MIUILOG-WAKEPATH pushWakePathRuleInfos: wakeType=1 userId=0 size=3
07-30 16:44:06.429  8974  9450 I com.lbe.security.service.provider.WakePathDatabaseUtil: getWakePathRuleList: wakeType=8 wakePathRules.size=8
07-30 16:44:06.429  2463  5128 I WakePathChecker: MIUILOG-WAKEPATH pushWakePathRuleInfos: wakeType=8 userId=0 size=8
07-30 16:44:06.429  8974  9450 I com.lbe.security.service.provider.WakePathDatabaseUtil: getWakePathRuleList: wakeType=4 wakePathRules.size=4
07-30 16:44:06.430  2463  5128 I WakePathChecker: MIUILOG-WAKEPATH pushWakePathRuleInfos: wakeType=4 userId=0 size=4
07-30 16:44:06.430  8974  9450 I com.lbe.security.service.provider.WakePathDatabaseUtil: getWakePathRuleList: wakeType=2 wakePathRules.size=1
07-30 16:44:06.430  2463  5128 I WakePathChecker: MIUILOG-WAKEPATH pushWakePathRuleInfos: wakeType=2 userId=0 size=1
07-30 16:44:06.430  8974  9450 I com.lbe.security.service.provider.WakePathDatabaseUtil: getWakePathRuleList: wakeType=17 wakePathRules.size=0
07-30 16:44:06.431  2463  5128 I WakePathChecker: MIUILOG-WAKEPATH pushWakePathRuleInfos: wakeType=17 userId=0 size=0
07-30 16:44:06.431  8974  9450 I com.lbe.security.service.provider.WakePathDatabaseUtil: getWakePathRuleList: wakeType=32 wakePathRules.size=1
07-30 16:44:06.431  2463  5128 I WakePathChecker: MIUILOG-WAKEPATH pushWakePathRuleInfos: wakeType=32 userId=0 size=1
07-30 16:44:06.431  8974  9450 I com.lbe.security.service.provider.WakePathDatabaseUtil: getWakePathRuleList: wakeType=256 wakePathRules.size=8
07-30 16:44:06.432  2463  5128 I WakePathChecker: MIUILOG-WAKEPATH pushWakePathRuleInfos: wakeType=256 userId=0 size=8
07-30 16:44:06.432  8974  9450 I com.lbe.security.service.provider.WakePathDatabaseUtil: getWakePathRuleList: wakeType=128 wakePathRules.size=4
07-30 16:44:06.432  2463  5128 I WakePathChecker: MIUILOG-WAKEPATH pushWakePathRuleInfos: wakeType=128 userId=0 size=4
07-30 16:44:06.432  8974  9450 I com.lbe.security.service.provider.WakePathDatabaseUtil: getWakePathRuleList: wakeType=64 wakePathRules.size=2
07-30 16:44:06.433  2463  5128 I WakePathChecker: MIUILOG-WAKEPATH pushWakePathRuleInfos: wakeType=64 userId=0 size=2
07-30 16:44:06.433  8974  9450 I com.lbe.security.service.provider.WakePathDatabaseUtil: getWakePathRuleList: wakeType=4096 wakePathRules.size=2
07-30 16:44:06.433  2463  5128 I WakePathChecker: MIUILOG-WAKEPATH pushWakePathRuleInfos: wakeType=4096 userId=0 size=2
07-30 16:44:06.433  8974  9450 I com.lbe.security.service.provider.WakePathDatabaseUtil: getWakePathRuleList: wakeType=32768 wakePathRules.size=1
07-30 16:44:06.434  2463  5128 I WakePathChecker: MIUILOG-WAKEPATH pushWakePathRuleInfos: wakeType=32768 userId=0 size=1
07-30 16:44:06.434  8974  9450 I com.lbe.security.service.provider.WakePathDatabaseUtil: getWakePathRuleList: wakeType=8192 wakePathRules.size=5
07-30 16:44:06.434  2463  5128 I WakePathChecker: MIUILOG-WAKEPATH pushWakePathRuleInfos: wakeType=8192 userId=0 size=5
07-30 16:44:06.434  8974  9450 I com.lbe.security.service.provider.WakePathDatabaseUtil: getWakePathRuleList: wakeType=16384 wakePathRules.size=0
07-30 16:44:06.435  2463  5128 I WakePathChecker: MIUILOG-WAKEPATH pushWakePathRuleInfos: wakeType=16384 userId=0 size=0
07-30 16:44:06.435  8974  9450 I com.lbe.security.service.provider.WakePathDatabaseUtil: getWakePathRuleList: wakeType=22 wakePathRules.size=0
07-30 16:44:06.435  2463  5128 I WakePathChecker: MIUILOG-WAKEPATH pushWakePathRuleInfos: wakeType=22 userId=0 size=0
07-30 16:44:06.435  8974  9450 I WakePathUpdatePolicy: pushWakePathData end
07-30 16:44:06.435  8974  9450 I WakePathUpdatePolicy: doUpdate end
07-30 16:44:06.438  1827  2108 I SDM     : DisplayBase::CommitThread: Received idle timeout, panel: cmd, timeout: 70000 us
07-30 16:44:06.456  3117  3117 I adbd    : in ShellService: dumpsys activity activities
07-30 16:44:06.471 31105  6300 I AppLinksAsyncVerifierV2: (REDACTED) Verification result: checking for a statement with source %s, relation delegate_permission/common.handle_all_urls, and target %s --> %b.
07-30 16:44:06.472 31105 31831 I AppLinksHostsVerifierV2: (REDACTED) Verification %s complete. Successful hosts: %s. Failed hosts: %s. Error hosts: %s.
07-30 16:44:06.477 31105 31831 I WebApkHostsVerifierV2: (REDACTED) Processing %d input requests
07-30 16:44:06.478 31105 31831 I AppLinksUtilsV1: Legacy cross-profile verification enabled [CONTEXT service_id=244 ]
07-30 16:44:06.479 31105 31831 I WebApkHostsVerifierV2: (REDACTED) Returning %d non-WebAPK requests
07-30 16:44:06.512  3117  3117 I adbd    : in ShellService: dumpsys activity services
07-30 16:44:06.517  2463  2463 W NotificationHistory: Attempted to add notif for locked/gone/disabled user 0
07-30 16:44:06.524  4979  4979 E NotifCollection: No notification to remove with key 0|com.xiaomi.market|81828705|null|10167 reason=0:REASON_UNKNOWN
07-30 16:44:06.582  9900 28133 I Market-DownloadLimitSpeedManager: stopLimitSpeed
07-30 16:44:06.582  9900 28133 I Market-LimitSpeedManager: stopLimitSpeedNow() =========== 
07-30 16:44:06.625  9900 28133 I Market-RetrofitRequest: callEnd : https://updateinfo.market.xiaomi.com/apm/updateinfo/v2
07-30 16:44:06.628  9900 28133 W Market-Connection: Connection result is cut off as too long
07-30 16:44:06.635  9900 28133 I Market-LocalAppManager: getUpdateInfoFromServer : end  , responseCode : OK
07-30 16:44:06.635  9900 28133 I Market-LocalAppManager: checkUpdateFromServer : end
07-30 16:44:06.636  3117  3117 I adbd    : in ShellService: screencap -p /sdcard/screen_2025-07-30_164407.png
07-30 16:44:06.637  9900 28133 I Market-LocalAppManager: checkUpdateFromServer  data parser : end
07-30 16:44:06.637  9900 28133 I Market-HuanjiManager: condition not satisfied, ignore
07-30 16:44:06.638  9900 28133 I Market-DataParser: [InvalidPackageList] JSON : invalidSystemPackageList list is null
07-30 16:44:06.638  9900 28133 I Market-LocalAppManager: checkUpdateFromServer  filter package : end
07-30 16:44:06.638  9900 28133 I Market-LocalAppManager: checkUpdateFromServer  support64BitPackagesJsonArray : end
07-30 16:44:06.638  9900 28133 I Market-LocalAppManager: query update apps from server : finish, 64 / 425 to update
07-30 16:44:06.651  9900 28133 I Market-RetrofitRequest: callStart : https://updateinfo.market.xiaomi.com/apm/updateinfo/priority
07-30 16:44:06.652  9900 28133 I Market-RetrofitRequest: HeaderInterceptor : https://updateinfo.market.xiaomi.com/apm/updateinfo/priority
07-30 16:44:06.653  9900 28133 E Market-Client: isSupportChildMode, error: java.lang.NumberFormatException: For input string: ""
07-30 16:44:06.653  9900 28133 E Market-Client: isSupportChildMode, error: java.lang.NumberFormatException: For input string: ""
07-30 16:44:06.655  9900 28133 I Market-LimitSpeedManager: startLimitSpeedNow() ====== speed = 32768
07-30 16:44:06.657  9900 28133 I Market-DownloadLimitSpeedManager: startLimitSpeed success. Total count 1
07-30 16:44:06.657  9900 28133 I Market-RetrofitRequest: HeaderInterceptor : https://updateinfo.market.xiaomi.com/apm/updateinfo/priority
07-30 16:44:06.736  9900 28133 I Market-DownloadLimitSpeedManager: stopLimitSpeed
07-30 16:44:06.737  9900 28133 I Market-LimitSpeedManager: stopLimitSpeedNow() =========== 
07-30 16:44:06.740  9900 28133 I Market-RetrofitRequest: callEnd : https://updateinfo.market.xiaomi.com/apm/updateinfo/priority
07-30 16:44:06.744  9900 28133 I Market-SystemSettingsManager: extraSettingsSecureGetInt key: com.xiaomi.market.need_update_game_count, value: 0
07-30 16:44:06.744  9900 28133 I Market-UpdateAppList: update app list do not change, don't notify: pkg (61) = com.ss.android.ugc.aweme,com.milink.service,com.miui.hybrid,com.baidu.BaiduMap,com.netease.newsreader.activity,com.baidu.searchbox.lite,com.android.fileexplorer,com.xiaomi.aiasst.vision,com.microsoft.office.outlook,com.miui.newhome,com.autonavi.minimap,com.miui.calculator,com.miui.mishare.connectivity,com.android.contacts,com.unionpay.tsmservice.mi,com.miui.voiceassist,com.miui.thirdappassistant,com.xiaomi.scanner,com.miui.securitycenter,com.duokan.reader,com.baidu.searchbox,com.wuba.zhuanzhuan,com.xingin.xhs,com.miui.touchassistant,tv.danmaku.bili,com.dragon.read,com.miui.gallery,com.miui.cloudservice,com.UCMobile,com.mfashiongallery.emag,com.miui.carlink,com.miui.notes,com.xiaomi.payment,com.miui.home,com.miui.tsmclient,com.xiaomi.gamecenter,com.smile.gifmaker,com.android.browser,com.suxing.sustream,com.xiaomi.mis,com.miui.virtualsim,com.android.quicksearchbox,com.sina.news,com.miui.video,com.miui.weather2,com.ss.android.article.news,com.quark.browser,com.xiaomi.mi_connect_service,com.miui.personalassistant,com.android.mms,com.xiaomi.gamecenter.sdk.service,com.kuaishou.nebula,com.android.thememanager,com.miui.bugreport,com.xiaomi.digitalkey,com.android.calendar,com.xiaomi.aicr,com.xiaomi.xmsf,com.xiaomi.mirror,com.miui.yellowpage,com.android.soundrecorder
07-30 16:44:06.745  9900 27848 I Market-SubScriptManager: updateMarketSubScript forceShow : false
07-30 16:44:06.745  9900 27848 I Market-SubScriptManager: get count 61
07-30 16:44:06.745  9900 27848 I Market-SubScriptManager: get count 61
07-30 16:44:06.747  9900 28133 I Market-LocalAppManager: queryDiffSizeFromServer start
07-30 16:44:06.748  9900 28133 I Market-RetrofitRequest: callStart : https://updateinfo.market.xiaomi.com/apm/updateinfo/diffsize
07-30 16:44:06.749  9900 28133 I Market-RetrofitRequest: HeaderInterceptor : https://updateinfo.market.xiaomi.com/apm/updateinfo/diffsize
07-30 16:44:06.749  9900 28133 E Market-Client: isSupportChildMode, error: java.lang.NumberFormatException: For input string: ""
07-30 16:44:06.749  9900 28133 E Market-Client: isSupportChildMode, error: java.lang.NumberFormatException: For input string: ""
07-30 16:44:06.750 32189 32189 W BpBinder: Linking to death on android.gui.ISurfaceComposer but there are no threads (yet?) listening to incoming transactions. See ProcessState::startThreadPool and ProcessState::setThreadPoolMaxThreadCount. Generally you should setup the binder threadpool before other initialization steps.
07-30 16:44:06.750 32189 32189 W ProcessState: Extra binder thread started, but 0 threads requested. Do not use *startThreadPool when zero threads are requested.
07-30 16:44:06.751  9900 28133 I Market-LimitSpeedManager: startLimitSpeedNow() ====== speed = 32768
07-30 16:44:06.756  9900 28133 I Market-DownloadLimitSpeedManager: startLimitSpeed success. Total count 1
07-30 16:44:06.757  9900 28133 I Market-RetrofitRequest: HeaderInterceptor : https://updateinfo.market.xiaomi.com/apm/updateinfo/diffsize
07-30 16:44:06.786 32189 32191 I AdrenoUtils: <ReadGpuID:357>: Reading chip ID through GSL
07-30 16:44:06.787 32189 32189 W qdgralloc: Failed to load libubwcp.so
07-30 16:44:06.780 32189 32189 W screencap: type=1400 audit(0.0:39920): avc:  denied  { read } for  name="libubwcp.so" dev="dm-14" ino=19816057 scontext=u:r:shell:s0 tcontext=u:object_r:vendor_file:s0 tclass=file permissive=0
07-30 16:44:06.790  7633  6663 W MediaProvider: isAppCloneUserPair for user 0: false
07-30 16:44:06.825  3002  4306 I libsensor-boledalgo: dbv:428,lux:134.4,cct:6243.5,hsv:-1.0,dc:0CWB R:3184.6,G:7784.5,B:4976.3Event C:9210.8,R:5075.8,G:3261.5,B:1984.6Cali C:215.8,R:79.4,G:76.7,B:36.1 
07-30 16:44:06.826  3002  4306 I libsensor-boledalgo: dbv:428,lux:87.2,cct:6170.0,hsv:-1.0,dc:0CWB R:3184.6,G:7784.5,B:4976.3Event C:6162.4,R:3471.6,G:2197.1,B:1345.1Cali C:215.8,R:79.4,G:76.7,B:36.1 
07-30 16:44:06.826  3002  4306 I libsensor-boledalgo: ##### the value of lux: 134.411972, cct: 6373.000000
07-30 16:44:06.826  3002  4306 I libsensor-qshcalapi: value of set_lux: 134.411972, set r: 6373.000000
07-30 16:44:06.836  9900 28133 I Market-DownloadLimitSpeedManager: stopLimitSpeed
07-30 16:44:06.836  9900 28133 I Market-LimitSpeedManager: stopLimitSpeedNow() =========== 
07-30 16:44:06.842  9900 28133 I Market-RetrofitRequest: callEnd : https://updateinfo.market.xiaomi.com/apm/updateinfo/diffsize
07-30 16:44:06.842  9900 28133 I Market-LocalAppManager: queryDiffSizeFromServer end
07-30 16:44:06.843  9900 28189 I Market-SubScriptManager: updateMarketSubScript forceShow : false
07-30 16:44:06.843  9900 28189 I Market-SubScriptManager: get count 61
07-30 16:44:06.843  9900 28189 I Market-SubScriptManager: get count 61
07-30 16:44:06.843  9900 28133 I Market-WakeLockManager: release wakeLock: CheckUpdateService
07-30 16:44:06.847  2463  5459 I ActivityManager: Cancel FGS notification userId: 0 definingUid: 10167 packageName: com.xiaomi.market processName:com.xiaomi.market ChannelId:com.xiaomi.market_hide foregroundNotiWhen:1753865046284 Notiflags:104
07-30 16:44:06.847  1844  1844 I vendor.qti.hardware.servicetrackeraidl-service: destroyService is called for service : com.xiaomi.market/.business_core.update.auto.CheckUpdateService
07-30 16:44:06.847  2463  5459 W ForegroundServiceTypeLoggerModule: FGS stop call for: 10167 has no types!
07-30 16:44:06.848  2463  2463 I NotificationService: Cancel FGS notification CallingUid: 10167 CallingPid: 9900 Pkg: com.xiaomi.market Id:81828705 Tag:null UserId:0 MustHaveFlags:0 MustNotHaveFlags:0 Reason:8 foregroundNotiWhen:1753865046284 foregroundNotiFlags:104 foregroundNotiChannelId:com.xiaomi.market_hide
07-30 16:44:06.848  9900  9900 I Market-ServiceUtils: stop foreground service: CheckUpdateService
07-30 16:44:06.852  2463  4205 I MiuiNetworkPolicy: updateUidState uid = 10261, uidState = 10
07-30 16:44:06.852  2463  4205 I MiuiNetworkPolicyTrafficLimit: updateWhiteListUidForMobileTraffic uid=10261,add=false
07-30 16:44:06.852  2463  4205 I MiuiNetworkPolicy: updateUidState uid = 10203, uidState = 6
07-30 16:44:06.852  2463  4205 I MiuiNetworkPolicy: updateUidState uid = 10167, uidState = 10
07-30 16:44:06.852  2463  4205 I MiuiNetworkPolicyTrafficLimit: updateWhiteListUidForMobileTraffic uid=10167,add=false
07-30 16:44:06.852  2463  4205 I MiuiNetworkPolicy: updateUidState uid = 10158, uidState = 10
07-30 16:44:06.855  2463  4205 I MiuiNetworkPolicyTrafficLimit: updateWhiteListUidForMobileTraffic uid=10158,add=false
07-30 16:44:06.855  2463  4205 I MiuiNetworkPolicy: updateUidState uid = 10261, uidState = 19
07-30 16:44:06.855  2463  4205 I MiuiNetworkPolicy: updateUidState uid = 10158, uidState = 19
07-30 16:44:06.857  4979  4979 E NotifCollection: No notification to remove with key 0|com.xiaomi.market|81828705|null|10167 reason=8:REASON_APP_CANCEL
07-30 16:44:06.905  9900  9930 I m.xiaomi.market: This is non sticky GC, maxfree is 16777216 minfree is 8388608
07-30 16:44:07.015  8724 17530 W lyra-mdns-core: _deal_timeout query _lyra-mdns._udp.local[0C] timeout!
07-30 16:44:07.110  1839  7244 E ANDR-PERF-LM: SAGT_ACTION: UpdateFPSData() 138: update /sys/kernel/sched_penalty/parameters/fps to 60, ret is 0
07-30 16:44:07.218  3117  3117 I adbd    : in ShellService: ps
07-30 16:44:07.223  3002  4306 I libsensor-boledalgo: dbv:428,lux:28.1,cct:6204.8,hsv:-1.0,dc:0CWB R:3184.6,G:7784.5,B:4976.3Event C:2236.6,R:1317.7,G:789.7,B:481.0Cali C:215.8,R:79.4,G:76.7,B:36.1 
07-30 16:44:07.223  3002  4306 I libsensor-boledalgo: ##### the value of lux: 87.181763, cct: 6373.000000
07-30 16:44:07.224  3002  4306 I libsensor-qshcalapi: value of set_lux: 87.181763, set r: 6373.000000
07-30 16:44:07.226  3002  4306 I libsensor-boledalgo: dbv:428,lux:26.3,cct:6231.1,hsv:-1.0,dc:0CWB R:3184.6,G:7784.5,B:4976.3Event C:2112.7,R:1240.3,G:750.0,B:457.6Cali C:215.8,R:79.4,G:76.7,B:36.1 
07-30 16:44:07.227  3002  4306 I libsensor-boledalgo: ##### the value of lux: 28.055140, cct: 6373.000000
07-30 16:44:07.227  3002  4306 I libsensor-qshcalapi: value of set_lux: 28.055140, set r: 6373.000000
07-30 16:44:07.229  1747  1747 I sensors-hal: batch:141, android.sensor.accelerometer/11, period=100000000, max_latency=0
07-30 16:44:07.229  1747  1747 I sensors-hal: set_config:56, sample_period_ns is adjusted to 100000000 based on min/max delay_ns
07-30 16:44:07.229  1747  1747 I sensors-hal: batch:150, android.sensor.accelerometer/11, period=100000000, max_latency=0 request completed
07-30 16:44:07.230  2463  3983 I SensorService: 	>>> actuating h/w activate handle=0x100000b enabled=1
07-30 16:44:07.230  1747  1747 I sensors-hal: activate:108, android.sensor.accelerometer/11 en=1
07-30 16:44:07.230  1747  1747 I sensors-hal: acquire_qsh_interface:121, acquire_qsh_interface with sensor_id 104 , conn_type 2 
07-30 16:44:07.232  1714  1806 I minksocket: MinkIPC MESSAGE: ( 1714:1806 ) MinkIPC_QRTR_Service:351 minkipc = 0xb400007134251590 sock = 19, client with node 1 port 510a went down
07-30 16:44:07.232  1714  1828 I minksocket: MinkIPC MESSAGE: ( 1714:1828 ) MinkIPC_QRTR_Service:351 minkipc = 0xb4000071342524b0 sock = 35, client with node 1 port 510a went down
07-30 16:44:07.233  1714  1806 I minksocket: MinkIPC MESSAGE: ( 1714:1806 ) MinkIPC_QRTR_Service:351 minkipc = 0xb400007134251590 sock = 19, client with node 1 port 510b went down
07-30 16:44:07.233  1714  1828 I minksocket: MinkIPC MESSAGE: ( 1714:1828 ) MinkIPC_QRTR_Service:351 minkipc = 0xb4000071342524b0 sock = 35, client with node 1 port 510b went down
07-30 16:44:07.235  1714  1828 I minksocket: MinkIPC MESSAGE: ( 1714:1828 ) MinkIPC_QRTR_Service:351 minkipc = 0xb4000071342524b0 sock = 35, client with node 1 port 510c went down
07-30 16:44:07.235  1714  1806 I minksocket: MinkIPC MESSAGE: ( 1714:1806 ) MinkIPC_QRTR_Service:351 minkipc = 0xb400007134251590 sock = 19, client with node 1 port 510c went down
07-30 16:44:07.235  1747  1747 I sensors-hal: qsh_qmi:35, qsh_qmi
07-30 16:44:07.235  1747  1747 I sensors-hal: register_cb:314, suid(low=11115320498015681092,high=2286538866409242278) is new. register callbacks
07-30 16:44:07.236  1747  1747 I sensors-hal: send_sensor_config_request:626, resampler is used, set resampler config
07-30 16:44:07.236  1747  1747 I sensors-hal: send_sync_sensor_request:531, send sync request
07-30 16:44:07.236  1747  1747 I sensors-hal: send_sync_sensor_request:541, send_sync_sensor_request before send_request for accel with SUID low=11115320498015681092 high=2286538866409242278
07-30 16:44:07.236  1747  1747 I sensors-hal: send_sync_sensor_request:560, wait for notification of response
07-30 16:44:07.236  1714  1828 I minksocket: MinkIPC MESSAGE: ( 1714:1828 ) MinkIPC_QRTR_Service:351 minkipc = 0xb4000071342524b0 sock = 35, client with node 1 port 510d went down
07-30 16:44:07.236  1714  1806 I minksocket: MinkIPC MESSAGE: ( 1714:1806 ) MinkIPC_QRTR_Service:351 minkipc = 0xb400007134251590 sock = 19, client with node 1 port 510d went down
07-30 16:44:07.238  1747 32196 I sensors-hal: qsh_conn_resp_cb:886, resp_value = 0 for accel 
07-30 16:44:07.238  1747  1747 I sensors-hal: send_sync_sensor_request:566, takes 1 ms to receive the response with 0
07-30 16:44:07.238  1747  1747 I sensors-hal: activate:119, android.sensor.accelerometer/11 en=1 completed
07-30 16:44:07.238  1747  1747 I sensors-hal: batch:141, xiaomi.sensor.ambientlight.factory/1071, period=100000000, max_latency=0
07-30 16:44:07.238  1747  1747 I sensors-hal: set_config:56, sample_period_ns is adjusted to 100000000 based on min/max delay_ns
07-30 16:44:07.238  1747  1747 I sensors-hal: batch:150, xiaomi.sensor.ambientlight.factory/1071, period=100000000, max_latency=0 request completed
07-30 16:44:07.238  2463  3983 I SensorService: 	>>> actuating h/w activate handle=0x100042f enabled=1
07-30 16:44:07.239  1747  1747 I sensors-hal: activate:108, xiaomi.sensor.ambientlight.factory/1071 en=1
07-30 16:44:07.239  1747  1747 I sensors-hal: acquire_qsh_interface:121, acquire_qsh_interface with sensor_id 95 , conn_type 2 
07-30 16:44:07.240  1714  1806 I minksocket: MinkIPC MESSAGE: ( 1714:1806 ) MinkIPC_QRTR_Service:351 minkipc = 0xb400007134251590 sock = 19, client with node 1 port 510f went down
07-30 16:44:07.240  1714  1828 I minksocket: MinkIPC MESSAGE: ( 1714:1828 ) MinkIPC_QRTR_Service:351 minkipc = 0xb4000071342524b0 sock = 35, client with node 1 port 510f went down
07-30 16:44:07.240  1714  1828 I minksocket: MinkIPC MESSAGE: ( 1714:1828 ) MinkIPC_QRTR_Service:351 minkipc = 0xb4000071342524b0 sock = 35, client with node 1 port 5110 went down
07-30 16:44:07.241  1714  1806 I minksocket: MinkIPC MESSAGE: ( 1714:1806 ) MinkIPC_QRTR_Service:351 minkipc = 0xb400007134251590 sock = 19, client with node 1 port 5110 went down
07-30 16:44:07.241  1714  1806 I minksocket: MinkIPC MESSAGE: ( 1714:1806 ) MinkIPC_QRTR_Service:351 minkipc = 0xb400007134251590 sock = 19, client with node 1 port 5111 went down
07-30 16:44:07.241  1714  1828 I minksocket: MinkIPC MESSAGE: ( 1714:1828 ) MinkIPC_QRTR_Service:351 minkipc = 0xb4000071342524b0 sock = 35, client with node 1 port 5111 went down
07-30 16:44:07.241  1747  1747 I sensors-hal: qsh_qmi:35, qsh_qmi
07-30 16:44:07.242  1747  1747 I sensors-hal: register_cb:314, suid(low=17242558634497898280,high=6270869527188043453) is new. register callbacks
07-30 16:44:07.242  1747  1747 I sensors-hal: send_sensor_config_request:626, resampler is used, set resampler config
07-30 16:44:07.242  1747  1747 I sensors-hal: send_sync_sensor_request:531, send sync request
07-30 16:44:07.242  1747  1747 I sensors-hal: send_sync_sensor_request:541, send_sync_sensor_request before send_request for ambient_light_cal_strm with SUID low=17242558634497898280 high=6270869527188043453
07-30 16:44:07.242  1747  1747 I sensors-hal: send_sync_sensor_request:560, wait for notification of response
07-30 16:44:07.242  1714  1806 I minksocket: MinkIPC MESSAGE: ( 1714:1806 ) MinkIPC_QRTR_Service:351 minkipc = 0xb400007134251590 sock = 19, client with node 1 port 5112 went down
07-30 16:44:07.242  1714  1828 I minksocket: MinkIPC MESSAGE: ( 1714:1828 ) MinkIPC_QRTR_Service:351 minkipc = 0xb4000071342524b0 sock = 35, client with node 1 port 5112 went down
07-30 16:44:07.243  1747 32198 I sensors-hal: qsh_conn_resp_cb:886, resp_value = 0 for ambient_light_cal_strm 
07-30 16:44:07.244  1747  1747 I sensors-hal: send_sync_sensor_request:566, takes 1 ms to receive the response with 0
07-30 16:44:07.244  1747 32198 I sensors-hal: qsh_conn_event_cb:817, SCHED_FIFO(10) for qmi_cbk
07-30 16:44:07.244  1747  1747 I sensors-hal: activate:119, xiaomi.sensor.ambientlight.factory/1071 en=1 completed
07-30 16:44:07.244  2463  3983 I MiSensorServiceImpl: LightFovOptimizationSensor::activateSensor: 1 lightStrm sensor
07-30 16:44:07.244  1747  1747 I sensors-hal: batch:141, android.sensor.light/51, period=200000000, max_latency=0
07-30 16:44:07.244  1747  1747 I sensors-hal: set_config:60, no need to adjust sample_period_ns due to reporting_mode = 2
07-30 16:44:07.244  1747  1747 I sensors-hal: send_sensor_config_request:696, dt=ambient_light: convert sample_period=200000000 to batch_period=200000
07-30 16:44:07.244  1747  1747 I sensors-hal: send_sync_sensor_request:531, send sync request
07-30 16:44:07.244  1747  1747 I sensors-hal: send_sync_sensor_request:541, send_sync_sensor_request before send_request for ambient_light with SUID low=1103175175223494815 high=14038004250674766477
07-30 16:44:07.245  1747  1747 I sensors-hal: send_sync_sensor_request:560, wait for notification of response
07-30 16:44:07.245  1747  4133 I sensors-hal: qsh_conn_resp_cb:886, resp_value = 0 for ambient_light 
07-30 16:44:07.245  1747  1747 I sensors-hal: send_sync_sensor_request:566, takes 0 ms to receive the response with 0
07-30 16:44:07.245  1747  1747 I sensors-hal: batch:150, android.sensor.light/51, period=200000000, max_latency=0 request completed
07-30 16:44:07.246  2463  3983 I MiSensorServiceImpl: LightFovOptimizationSensor::activateSensor: 0 light sensor
07-30 16:44:07.246  2463  3983 I MiSensorServiceImpl: LightFovOptimizationSensor::process lightSensor switch lightStrmSensor success!
07-30 16:44:07.250  3002  4306 I libsensor-boledalgo: dbv:428,lux:28.2,cct:6267.2,hsv:-1.0,dc:0CWB R:3184.6,G:7784.5,B:4976.3Event C:2242.2,R:1316.9,G:793.2,B:483.9Cali C:215.8,R:79.4,G:76.7,B:36.1 
07-30 16:44:07.252  2463  2775 I AppsFilter: interaction: PackageSetting{600bb70 com.android.microdroid.empty_payload/10236} -> PackageSetting{5021da6 com.miui.cleanmaster/10266} BLOCKED
07-30 16:44:07.252  2463  2775 I AppsFilter: interaction: PackageSetting{7ca576e io.appium.uiautomator2.server.test/10280} -> PackageSetting{5021da6 com.miui.cleanmaster/10266} BLOCKED
07-30 16:44:07.252  2463  2775 I AppsFilter: interaction: PackageSetting{4deee0f io.github.ylimit.droidbotapp/10407} -> PackageSetting{5021da6 com.miui.cleanmaster/10266} BLOCKED
07-30 16:44:07.252 12230 12394 I Ad      : isPersonalizedAdEnabled getAdSettings: 1
07-30 16:44:07.252  2463  2775 I AppsFilter: interaction: PackageSetting{e0e1e9c com.rongcard.eid/10151} -> PackageSetting{5021da6 com.miui.cleanmaster/10266} BLOCKED
07-30 16:44:07.253  2463  2775 I AppsFilter: interaction: PackageSetting{1fec0a5 io.appium.settings/10274} -> PackageSetting{5021da6 com.miui.cleanmaster/10266} BLOCKED
07-30 16:44:07.258  7989  7989 I RuntimePermissionManager: isRuntimeRequestSupport: true
07-30 16:44:07.264  7368 23545 I PermissionControllerServiceImpl: Updating user sensitive for uid 10266
07-30 16:44:07.269  2463  4435 W ParceledListSlice: Element #8 is 20788 bytes.
07-30 16:44:07.269  2463  4435 W ParceledListSlice: Element #9 is 20768 bytes.
07-30 16:44:07.269  2463  6119 W ContentProviderHelper: No provider info for content provider  when providerRunning is false, caller is ProcessRecord{15056c5 18854:com.android.quicksearchbox:ApplicationsProvider/u0a136}
07-30 16:44:07.270 18854 18878 E ActivityThread: Failed to find provider info for 
07-30 16:44:07.270  2463  5534 W ContentProviderHelper: No provider info for content provider  when providerRunning is false, caller is null
07-30 16:44:07.272  7773  7773 E RegisteredServicesCache: Skipping application component ComponentInfo{com.UCMobile/com.alibaba.ariver.commonability.device.jsapi.nfc.service.TinyAppHostApduService}: it must request the permission android.permission.NFC
07-30 16:44:07.272  7773  7773 E RegisteredServicesCache: Skipping application component ComponentInfo{com.UCMobile/com.alipay.mobile.aompdevice.nfc.service.TinyAppHostApduService}: it must request the permission android.permission.NFC
07-30 16:44:07.272  7773  7773 E RegisteredServicesCache: Skipping application component ComponentInfo{com.autonavi.minimap/com.alibaba.ariver.commonability.device.jsapi.nfc.service.TinyAppHostApduService}: it must request the permission android.permission.NFC
07-30 16:44:07.272  7773  7773 E RegisteredServicesCache: Skipping application component ComponentInfo{com.autonavi.minimap/com.alipay.mobile.aompdevice.nfc.service.TinyAppHostApduService}: it must request the permission android.permission.NFC
07-30 16:44:07.274  2463  6119 I ClipboardServiceI: checkProviderWakePathForClipboard: primaryClip is null
07-30 16:44:07.274  7773  7773 I RegisteredServicesCache: current user: 0, is managed profile : false
07-30 16:44:07.276  7773  7773 I RegisteredAidCache: updateRoutingLocked(false): Enter
07-30 16:44:07.276  7773  7773 I AidRoutingManager: configureRouting(false): Enter
07-30 16:44:07.276  7773  7773 E AidRoutingManager: Size of routing table970
07-30 16:44:07.276  7773  7773 I RegisteredAidCache: updateRoutingLocked(false): exit
07-30 16:44:07.277  7773  7773 I libnfc_nci: [INFO:NativeT4tNfcee.cpp(870)] nfcManager_isFwSupportNonStdT4TAid Enter isFwSupport = 1
07-30 16:44:07.277  7773  7773 I libnfc_nci: [INFO:SecureElement.cpp(1487)] SecureElement::getEseHandleFromGenericId: enter; ESE-ID = 0x7F
07-30 16:44:07.277  7773  7773 I libnfc_nci: [INFO:SecureElement.cpp(1528)] SecureElement::getEseHandleFromGenericId: enter; ESE-Handle = 0x410
07-30 16:44:07.277  7773  7773 I libnfc_nci: [INFO:SecureElement.cpp(1487)] SecureElement::getEseHandleFromGenericId: enter; ESE-ID = 0x00
07-30 16:44:07.277  7773  7773 I libnfc_nci: [INFO:SecureElement.cpp(1528)] SecureElement::getEseHandleFromGenericId: enter; ESE-Handle = 0x400
07-30 16:44:07.278  4897 26810 I SecureElement-Terminal-eSE1: isSecureElementPresent()
07-30 16:44:07.278  1746  1746 I android.hardware.secure_element-service.qti: isCardPresent
07-30 16:44:07.278  1746  1746 I android.hardware.secure_element-service.qti: isCardPresent exit, cardPresent: 1
07-30 16:44:07.278  4916  5777 E SmsApplication: com.android.mms lost android:read_cell_broadcasts:  (fixing)
07-30 16:44:07.278  2463  6119 W ContentProviderHelper: Permission Denial: opening provider com.alibaba.aliexpress.android.search.nav.SearchSuggestionProvider from ProcessRecord{15056c5 18854:com.android.quicksearchbox:ApplicationsProvider/u0a136} (pid=18854, uid=10136) that is not exported from UID 10303
07-30 16:44:07.280  2463  5534 W AppOpService: Ignored setUidMode call for runtime permission app op: uid = 10141, code = READ_CELL_BROADCASTS, mode = allow, callingUid = 1001, oldMode = allow
07-30 16:44:07.280  4897 26810 I SecureElement-Terminal-SIM1: isSecureElementPresent()
07-30 16:44:07.282  4897 26810 I SecureElement-Terminal-SIM1: isNfcEventAllowed: No access rules for checking.
07-30 16:44:07.282  4897 26810 I SecureElement-Terminal-SIM2: isSecureElementPresent()
07-30 16:44:07.283  2463  5534 I ClipboardServiceI: checkProviderWakePathForClipboard: primaryClip is null
07-30 16:44:07.283  2463  4205 I MiuiNetworkPolicy: updateUidState uid = 10303, uidState = 6
07-30 16:44:07.284  2463  4205 I MiuiNetworkPolicy: updateUidState uid = 10169, uidState = 6
07-30 16:44:07.284  2463  5528 W ParceledListSlice: Element #44 is 26672 bytes.
07-30 16:44:07.284  2463  5528 W ParceledListSlice: Overly large reply size: 82204
07-30 16:44:07.284  2463  6119 W ParceledListSlice: Element #45 is 26676 bytes.
07-30 16:44:07.285  2463  6119 W ParceledListSlice: Element #46 is 26676 bytes.
07-30 16:44:07.285  2463  6119 W ParceledListSlice: Element #47 is 26684 bytes.
07-30 16:44:07.285  2463  5528 W ParceledListSlice: Element #48 is 26688 bytes.
07-30 16:44:07.285  2463  5528 W ParceledListSlice: Element #54 is 19664 bytes.
07-30 16:44:07.286  2463  5533 W Bundle  : Failed to parse item error, returning null.
07-30 16:44:07.286  2463  5533 W Bundle  : android.os.BadTypeParcelableException: Parcelable creator android.os.ParcelableException is not a subclass of required class java.lang.String provided in the parameter
07-30 16:44:07.286  2463  5533 W Bundle  : 	at android.os.Parcel.readParcelableCreatorInternal(Parcel.java:5206)
07-30 16:44:07.286  2463  5533 W Bundle  : 	at android.os.Parcel.readParcelableInternal(Parcel.java:5080)
07-30 16:44:07.286  2463  5533 W Bundle  : 	at android.os.Parcel.readValue(Parcel.java:4840)
07-30 16:44:07.286  2463  5533 W Bundle  : 	at android.os.Parcel.readValue(Parcel.java:4609)
07-30 16:44:07.286  2463  5533 W Bundle  : 	at android.os.Parcel.-$$Nest$mreadValue(Unknown Source:0)
07-30 16:44:07.286  2463  5533 W Bundle  : 	at android.os.Parcel$LazyValue.apply(Parcel.java:4707)
07-30 16:44:07.286  2463  5533 W Bundle  : 	at android.os.Parcel$LazyValue.apply(Parcel.java:4666)
07-30 16:44:07.286  2463  5533 W Bundle  : 	at android.os.BaseBundle.unwrapLazyValueFromMapLocked(BaseBundle.java:416)
07-30 16:44:07.286  2463  5533 W Bundle  : 	at android.os.BaseBundle.getValueAt(BaseBundle.java:402)
07-30 16:44:07.286  2463  5533 W Bundle  : 	at android.os.BaseBundle.getPairValue(BaseBundle.java:282)
07-30 16:44:07.286  2463  5533 W Bundle  : 	at com.android.server.am.ContentProviderHelper.lambda$getMimeTypeFilterAsync$1(ContentProviderHelper.java:1212)
07-30 16:44:07.286  2463  5533 W Bundle  : 	at com.android.server.am.ContentProviderHelper.$r8$lambda$JV9jTPlBHAPZLxkKAqq24ds-FLE(Unknown Source:0)
07-30 16:44:07.286  2463  5533 W Bundle  : 	at com.android.server.am.ContentProviderHelper$$ExternalSyntheticLambda1.onResult(D8$$SyntheticClass:0)
07-30 16:44:07.286  2463  5533 W Bundle  : 	at android.os.RemoteCallback.sendResult(RemoteCallback.java:76)
07-30 16:44:07.286  2463  5533 W Bundle  : 	at android.os.RemoteCallback$1.sendResult(RemoteCallback.java:53)
07-30 16:44:07.286  2463  5533 W Bundle  : 	at android.os.IRemoteCallback$Stub.onTransact(IRemoteCallback.java:85)
07-30 16:44:07.286  2463  5533 W Bundle  : 	at android.os.Binder.execTransactInternal(Binder.java:1512)
07-30 16:44:07.286  2463  5533 W Bundle  : 	at android.os.Binder.execTransact(Binder.java:1451)
07-30 16:44:07.287 18854 18878 W ContentResolver: Failed to get type for: content://com.alibaba.aliexpress.android.search.nav.SearchSuggestionProvider/products (Unknown URL content://com.alibaba.aliexpress.android.search.nav.SearchSuggestionProvider/products)
07-30 16:44:07.288  2463  4205 I MiuiNetworkPolicy: updateUidState uid = 10303, uidState = 19
07-30 16:44:07.289  2463  4205 I MiuiNetworkPolicy: updateUidState uid = 10169, uidState = 10
07-30 16:44:07.289  2463  5534 W AppOpService: Ignored setUidMode call for runtime permission app op: uid = 1001, code = READ_SMS, mode = allow, callingUid = 1001, oldMode = allow
07-30 16:44:07.289  2463  5534 W AppOpService: Ignored setUidMode call for runtime permission app op: uid = 1001, code = RECEIVE_SMS, mode = allow, callingUid = 1001, oldMode = allow
07-30 16:44:07.289  2463  5534 W AppOpService: Ignored setUidMode call for runtime permission app op: uid = 1001, code = RECEIVE_WAP_PUSH, mode = allow, callingUid = 1001, oldMode = allow
07-30 16:44:07.290  2463  5533 W AppOpService: Ignored setUidMode call for runtime permission app op: uid = 1001, code = SEND_SMS, mode = allow, callingUid = 1001, oldMode = allow
07-30 16:44:07.290  2463  5541 W AppOpService: Ignored setUidMode call for runtime permission app op: uid = 1001, code = READ_CELL_BROADCASTS, mode = allow, callingUid = 1001, oldMode = allow
07-30 16:44:07.291  2463  4435 W ParceledListSlice: Element #55 is 19652 bytes.
07-30 16:44:07.291  2463  4435 W ParceledListSlice: Element #56 is 19692 bytes.
07-30 16:44:07.291  2463  4435 W ParceledListSlice: Element #57 is 19720 bytes.
07-30 16:44:07.291  2463  4435 W ParceledListSlice: Element #58 is 19720 bytes.
07-30 16:44:07.291  2463  5534 W ContentProviderHelper: No provider info for content provider  when providerRunning is false, caller is ProcessRecord{15056c5 18854:com.android.quicksearchbox:ApplicationsProvider/u0a136}
07-30 16:44:07.291 18854 18878 E ActivityThread: Failed to find provider info for 
07-30 16:44:07.291  2463  5541 W ParceledListSlice: Element #59 is 19684 bytes.
07-30 16:44:07.291  2463  5541 W ParceledListSlice: Element #60 is 19692 bytes.
07-30 16:44:07.292  2463  5541 W ParceledListSlice: Element #61 is 19668 bytes.
07-30 16:44:07.292  2463  5541 W ParceledListSlice: Element #62 is 19680 bytes.
07-30 16:44:07.292  2463  5533 W ContentProviderHelper: No provider info for content provider  when providerRunning is false, caller is null
07-30 16:44:07.292  2463  5534 W ParceledListSlice: Element #63 is 19672 bytes.
07-30 16:44:07.292  2463  5534 W ParceledListSlice: Element #64 is 29724 bytes.
07-30 16:44:07.292  2463  5534 W ParceledListSlice: Element #65 is 29744 bytes.
07-30 16:44:07.292  2463  4435 W ParceledListSlice: Element #66 is 29736 bytes.
07-30 16:44:07.295  2463  5534 W ContentProviderHelper: Permission Denial: opening provider com.alibaba.aliexpress.android.search.nav.SearchSuggestionProvider from ProcessRecord{15056c5 18854:com.android.quicksearchbox:ApplicationsProvider/u0a136} (pid=18854, uid=10136) that is not exported from UID 10303
07-30 16:44:07.297  2463  5533 I ClipboardServiceI: checkProviderWakePathForClipboard: primaryClip is null
07-30 16:44:07.298  2463  4205 I MiuiNetworkPolicy: updateUidState uid = 10303, uidState = 6
07-30 16:44:07.298  2463  4205 I MiuiNetworkPolicy: updateUidState uid = 10169, uidState = 6
07-30 16:44:07.299  2463  3983 I MiSensorServiceImpl: LightFovOptimizationSensor::screen_angle: -3.579064 -0.272184 9.843474 72.176506 28.055140 1.000000 0 38.752525 0 28.243065
07-30 16:44:07.300  3002  4306 I libsensor-boledalgo: dbv:428,lux:35.6,cct:6769.6,hsv:-1.0,dc:0CWB R:3184.6,G:7784.5,B:4976.3Event C:2692.1,R:1552.7,G:956.0,B:574.7Cali C:215.8,R:79.4,G:76.7,B:36.1 
07-30 16:44:07.301  3002  4306 I libsensor-boledalgo: dbv:428,lux:54.4,cct:6017.3,hsv:-1.0,dc:0CWB R:3184.6,G:7784.5,B:4976.3Event C:3927.3,R:2214.1,G:1395.5,B:843.2Cali C:215.8,R:79.4,G:76.7,B:36.1 
07-30 16:44:07.301  3002  4306 I libsensor-boledalgo: ##### the value of lux: 35.558762, cct: 6373.000000
07-30 16:44:07.301  3002  4306 I libsensor-qshcalapi: value of set_lux: 35.558762, set r: 6373.000000
07-30 16:44:07.303 18854 18878 W ContentResolver: Failed to get type for: content://com.alibaba.aliexpress.android.search.nav.SearchSuggestionProvider/products (Unknown URL content://com.alibaba.aliexpress.android.search.nav.SearchSuggestionProvider/products)
07-30 16:44:07.303  2463  5533 W Bundle  : Failed to parse item error, returning null.
07-30 16:44:07.303  2463  5533 W Bundle  : android.os.BadTypeParcelableException: Parcelable creator android.os.ParcelableException is not a subclass of required class java.lang.String provided in the parameter
07-30 16:44:07.303  2463  5533 W Bundle  : 	at android.os.Parcel.readParcelableCreatorInternal(Parcel.java:5206)
07-30 16:44:07.303  2463  5533 W Bundle  : 	at android.os.Parcel.readParcelableInternal(Parcel.java:5080)
07-30 16:44:07.303  2463  5533 W Bundle  : 	at android.os.Parcel.readValue(Parcel.java:4840)
07-30 16:44:07.303  2463  5533 W Bundle  : 	at android.os.Parcel.readValue(Parcel.java:4609)
07-30 16:44:07.303  2463  5533 W Bundle  : 	at android.os.Parcel.-$$Nest$mreadValue(Unknown Source:0)
07-30 16:44:07.303  2463  5533 W Bundle  : 	at android.os.Parcel$LazyValue.apply(Parcel.java:4707)
07-30 16:44:07.303  2463  5533 W Bundle  : 	at android.os.Parcel$LazyValue.apply(Parcel.java:4666)
07-30 16:44:07.303  2463  5533 W Bundle  : 	at android.os.BaseBundle.unwrapLazyValueFromMapLocked(BaseBundle.java:416)
07-30 16:44:07.303  2463  5533 W Bundle  : 	at android.os.BaseBundle.getValueAt(BaseBundle.java:402)
07-30 16:44:07.303  2463  5533 W Bundle  : 	at android.os.BaseBundle.getPairValue(BaseBundle.java:282)
07-30 16:44:07.303  2463  5533 W Bundle  : 	at com.android.server.am.ContentProviderHelper.lambda$getMimeTypeFilterAsync$1(ContentProviderHelper.java:1212)
07-30 16:44:07.303  2463  5533 W Bundle  : 	at com.android.server.am.ContentProviderHelper.$r8$lambda$JV9jTPlBHAPZLxkKAqq24ds-FLE(Unknown Source:0)
07-30 16:44:07.303  2463  5533 W Bundle  : 	at com.android.server.am.ContentProviderHelper$$ExternalSyntheticLambda1.onResult(D8$$SyntheticClass:0)
07-30 16:44:07.303  2463  5533 W Bundle  : 	at android.os.RemoteCallback.sendResult(RemoteCallback.java:76)
07-30 16:44:07.303  2463  5533 W Bundle  : 	at android.os.RemoteCallback$1.sendResult(RemoteCallback.java:53)
07-30 16:44:07.303  2463  5533 W Bundle  : 	at android.os.IRemoteCallback$Stub.onTransact(IRemoteCallback.java:85)
07-30 16:44:07.303  2463  5533 W Bundle  : 	at android.os.Binder.execTransactInternal(Binder.java:1512)
07-30 16:44:07.303  2463  5533 W Bundle  : 	at android.os.Binder.execTransact(Binder.java:1451)
07-30 16:44:07.303  2463  4205 I MiuiNetworkPolicy: updateUidState uid = 10303, uidState = 19
07-30 16:44:07.305  2463  4205 I MiuiNetworkPolicy: updateUidState uid = 10169, uidState = 10
07-30 16:44:07.309  2463  5533 W ParceledListSlice: Element #273 is 21068 bytes.
07-30 16:44:07.309  2463  5534 W ParceledListSlice: Element #274 is 21048 bytes.
07-30 16:44:07.309  2463  5534 W ParceledListSlice: Element #275 is 21056 bytes.
07-30 16:44:07.309  2463  5534 W ParceledListSlice: Element #276 is 21036 bytes.
07-30 16:44:07.309  2463  5534 W ParceledListSlice: Element #277 is 21084 bytes.
07-30 16:44:07.309  2463  5534 W ParceledListSlice: Overly large reply size: 84248
07-30 16:44:07.310  2463 14501 W ParceledListSlice: Element #278 is 21084 bytes.
07-30 16:44:07.310  2463 14501 W ParceledListSlice: Element #279 is 21096 bytes.
07-30 16:44:07.310  2463 14501 W ParceledListSlice: Element #280 is 21084 bytes.
07-30 16:44:07.310  2463 14501 W ParceledListSlice: Element #281 is 21084 bytes.
07-30 16:44:07.310  2463 14501 W ParceledListSlice: Overly large reply size: 84372
07-30 16:44:07.310  2463  6119 W ParceledListSlice: Element #282 is 21104 bytes.
07-30 16:44:07.310  2463  6119 W ParceledListSlice: Element #283 is 21092 bytes.
07-30 16:44:07.310  2463  6119 W ParceledListSlice: Element #284 is 21080 bytes.
07-30 16:44:07.322  7989  8657 I RuntimePermissionManager: isRuntimeRequestSupport: true
07-30 16:44:07.323  7989  8657 I InstalledPackagesMemoryCache: getInstallPermissionGranted=true
07-30 16:44:07.335  2463  3983 I MiSensorServiceImpl: user found in check list, getPackageName  android.view.OrientationEventListener
07-30 16:44:07.335  2463  3983 I MiSensorServiceImpl: user found in check list, getPackageName  android.view.OrientationEventListener
07-30 16:44:07.350  3002  4306 I libsensor-boledalgo: dbv:428,lux:60.6,cct:6089.1,hsv:-1.0,dc:0CWB R:3184.6,G:7784.5,B:4976.3Event C:4359.9,R:2444.8,G:1531.8,B:932.0Cali C:215.8,R:79.4,G:76.7,B:36.1 
07-30 16:44:07.350  3002  4306 I libsensor-boledalgo: ##### the value of lux: 54.408039, cct: 6373.000000
07-30 16:44:07.350  3002  4306 I libsensor-qshcalapi: value of set_lux: 54.408039, set r: 6373.000000
07-30 16:44:07.353  3002  4306 I libsensor-boledalgo: ##### the value of lux: 60.577320, cct: 6373.000000
07-30 16:44:07.353  3002  4306 I libsensor-qshcalapi: value of set_lux: 60.577320, set r: 6373.000000
07-30 16:44:07.364  2463  2526 W EnhancedConfirmationService: The packageName should not be null.
07-30 16:44:07.364  2463  2526 W MagnificationConnectionManager: requestConnection duplicated request: connect=false, mConnectionState=DISCONNECTED
07-30 16:44:07.400  3002  4306 I libsensor-boledalgo: dbv:428,lux:64.6,cct:6050.8,hsv:-1.0,dc:0CWB R:3184.6,G:7784.5,B:4976.3Event C:4618.6,R:2595.8,G:1627.5,B:987.0Cali C:215.8,R:79.4,G:76.7,B:36.1 
07-30 16:44:07.433  2463  3983 I MiSensorServiceImpl: user found in check list, getPackageName  android.view.OrientationEventListener
07-30 16:44:07.433  2463  3983 I MiSensorServiceImpl: user found in check list, getPackageName  android.view.OrientationEventListener
07-30 16:44:07.450  3002  4306 I libsensor-boledalgo: dbv:428,lux:69.4,cct:6102.7,hsv:-1.0,dc:0CWB R:3184.6,G:7784.5,B:4976.3Event C:4946.2,R:2771.9,G:1741.0,B:1059.5Cali C:215.8,R:79.4,G:76.7,B:36.1 
07-30 16:44:07.450  3002  4306 I libsensor-boledalgo: ##### the value of lux: 60.577320, cct: 6225.000000
07-30 16:44:07.450  3002  4306 I libsensor-qshcalapi: value of set_lux: 60.577320, set r: 6225.000000
07-30 16:44:07.452  3002  4306 I libsensor-boledalgo: ##### the value of lux: 69.382416, cct: 6225.000000
07-30 16:44:07.452  3002  4306 I libsensor-qshcalapi: value of set_lux: 69.382416, set r: 6225.000000
07-30 16:44:07.469  2463  5177 I NetworkAccelerateSwitchService: EVENT_RSSI_POLL. mRssiPoll=true
07-30 16:44:07.469  2463  5177 I NetworkAccelerateSwitchService: getAverageWifiRssi:67
07-30 16:44:07.499  2463  3983 I MiSensorServiceImpl: LightFovOptimizationSensor::screen_angle: 0.005384 0.471386 9.714262 80.969757 64.979866 0.000000 0 64.979866 0 64.979866
07-30 16:44:07.500  2463  4205 I MiuiNetworkPolicy: getDisableLimitTimeout when thermal mode is:0
07-30 16:44:07.501  3002  4306 I libsensor-boledalgo: ##### the value of lux: 69.382416, cct: 6123.000000
07-30 16:44:07.501  3002  4306 I libsensor-qshcalapi: value of set_lux: 69.382416, set r: 6123.000000
07-30 16:44:07.532  2463  3983 I MiSensorServiceImpl: user found in check list, getPackageName  android.view.OrientationEventListener
07-30 16:44:07.532  2463  3983 I MiSensorServiceImpl: user found in check list, getPackageName  android.view.OrientationEventListener
07-30 16:44:07.550  3002  4306 I libsensor-boledalgo: dbv:428,lux:83.8,cct:6164.1,hsv:-1.0,dc:0CWB R:3184.6,G:7784.5,B:4976.3Event C:5849.5,R:3236.1,G:2070.0,B:1253.5Cali C:215.8,R:79.4,G:76.7,B:36.1 
07-30 16:44:07.551  3002  4306 I libsensor-boledalgo: dbv:428,lux:115.7,cct:6283.0,hsv:-1.0,dc:0CWB R:3184.6,G:7784.5,B:4976.3Event C:7974.2,R:4377.4,G:2817.0,B:1717.6Cali C:215.8,R:79.4,G:76.7,B:36.1 
07-30 16:44:07.551  3002  4306 I libsensor-boledalgo: ##### the value of lux: 83.832016, cct: 6123.000000
07-30 16:44:07.552  3002  4306 I libsensor-qshcalapi: value of set_lux: 83.832016, set r: 6123.000000
07-30 16:44:07.598  1844  1844 I vendor.qti.hardware.servicetrackeraidl-service: unbindService is called for service : com.google.android.gms/.chimera.GmsBoundBrokerService and for client com.google.android.gms
07-30 16:44:07.598  1844  1844 I vendor.qti.hardware.servicetrackeraidl-service: size of service connections for service: com.google.android.gms/.chimera.GmsBoundBrokerServiceafter removal is 1
07-30 16:44:07.598  1844  1844 I vendor.qti.hardware.servicetrackeraidl-service: size of client connections for client: com.google.android.gmsafter removal is 7
07-30 16:44:07.600  3002  4306 I libsensor-boledalgo: dbv:428,lux:135.4,cct:6305.1,hsv:-1.0,dc:0CWB R:3184.6,G:7784.5,B:4976.3Event C:9272.0,R:5079.6,G:3276.0,B:1999.0Cali C:215.8,R:79.4,G:76.7,B:36.1 
07-30 16:44:07.600  3002  4306 I libsensor-boledalgo: ##### the value of lux: 115.726387, cct: 6123.000000
07-30 16:44:07.601  3002  4306 I libsensor-qshcalapi: value of set_lux: 115.726387, set r: 6123.000000
07-30 16:44:07.605  1844  1844 I vendor.qti.hardware.servicetrackeraidl-service: unbindService is called for service : com.google.android.gms/.chimera.PersistentApiService and for client com.google.android.gms
07-30 16:44:07.630  2463  3983 I MiSensorServiceImpl: user found in check list, getPackageName  android.view.OrientationEventListener
07-30 16:44:07.631  2463  3983 I MiSensorServiceImpl: user found in check list, getPackageName  android.view.OrientationEventListener
07-30 16:44:07.650  3002  4306 I libsensor-boledalgo: ##### the value of lux: 135.364594, cct: 6123.000000
07-30 16:44:07.650  3002  4306 I libsensor-qshcalapi: value of set_lux: 135.364594, set r: 6123.000000
07-30 16:44:07.653  3002  4306 I libsensor-boledalgo: dbv:428,lux:140.6,cct:6372.7,hsv:-1.0,dc:0CWB R:3184.6,G:7784.5,B:4976.3Event C:9632.2,R:5256.2,G:3399.4,B:2083.2Cali C:215.8,R:79.4,G:76.7,B:36.1 
07-30 16:44:07.669  1844  1844 I vendor.qti.hardware.servicetrackeraidl-service: unbindService is called for service : com.google.android.gms/.chimera.GmsBoundBrokerService and for client com.google.android.gms.persistent
07-30 16:44:07.669  1844  1844 I vendor.qti.hardware.servicetrackeraidl-service: size of service connections for service: com.google.android.gms/.chimera.GmsBoundBrokerServiceafter removal is 0
07-30 16:44:07.669  1844  1844 I vendor.qti.hardware.servicetrackeraidl-service: size of client connections for client: com.google.android.gms.persistentafter removal is 5
07-30 16:44:07.669  1844  1844 I vendor.qti.hardware.servicetrackeraidl-service: destroyService is called for service : com.google.android.gms/.chimera.GmsBoundBrokerService
07-30 16:44:07.672  1844  1844 I vendor.qti.hardware.servicetrackeraidl-service: unbindService is called for service : com.google.android.gms/.icing.service.AppIndexingService and for client com.google.android.gms.persistent
07-30 16:44:07.673  2463  2509 E SSRU-RUS: Don't have packages for uid 99013
07-30 16:44:07.674  2463  5109 I NetworkBoostStatusManager: handle: 102
07-30 16:44:07.675  2463  4205 I MiuiNetworkPolicy: updateUidState uid = 99013, uidState = 10
07-30 16:44:07.676  2463  5109 I NetworkBoostStatusManager: interfaceOnCapabilitiesChanged interface name:wlan0
07-30 16:44:07.678  4916  5931 E PhoneAdapter: get ntnphones failed, exception: java.lang.IllegalStateException: Default phones haven't been made yet!
07-30 16:44:07.679  1844  1844 I vendor.qti.hardware.servicetrackeraidl-service: size of service connections for service: com.google.android.gms/.icing.service.AppIndexingServiceafter removal is 1
07-30 16:44:07.680  1844  1844 I vendor.qti.hardware.servicetrackeraidl-service: size of client connections for client: com.google.android.gms.persistentafter removal is 4
07-30 16:44:07.680  1844  1844 I vendor.qti.hardware.servicetrackeraidl-service: unbindService is called for service : com.google.android.gms/.icing.service.IndexService and for client com.google.android.gms.persistent
07-30 16:44:07.680  1844  1844 I vendor.qti.hardware.servicetrackeraidl-service: size of service connections for service: com.google.android.gms/.icing.service.IndexServiceafter removal is 1
07-30 16:44:07.680  1844  1844 I vendor.qti.hardware.servicetrackeraidl-service: size of client connections for client: com.google.android.gms.persistentafter removal is 3
07-30 16:44:07.682  2463  4211 E WifiScoreReportInjector: current network is in roaming environment
07-30 16:44:07.686  8724  8724 I NetBusNetworkMonitor: onCapabilitiesChanged isPrimary = true
07-30 16:44:07.688  8724  8724 I NetBusNetworkMonitor: gateway=192.*.*.1
07-30 16:44:07.691  8724  8724 I NetBusNetworkMonitor: addConnectNetworkInterface mediumType:256, detail:NetworkDetailInfo{mIsConnected=false, mIsSupportTdls=true, mNetworkType=0, mIpAddress=192.*.*.11, mIfName=wlan0, mGateway=192.*.*.1, mNetmask=255.*.*.0, mSsid=C**01}
07-30 16:44:07.691  8724  8724 I NetBusNetworkMonitor: onCapabilitiesChanged handle=450082295821, mediumType=256, ifName=wlan0
07-30 16:44:07.699  2463  3983 I MiSensorServiceImpl: LightFovOptimizationSensor::screen_angle: 0.009571 0.471386 9.716056 85.903419 125.545486 0.000000 0 125.545486 0 125.545486
