08-06 21:13:26.435 20053  1803 I Market-RetrofitRequest: HeaderInterceptor : https://updateinfo.market.xiaomi.com/apm/updateinfo/diffsize
08-06 21:13:26.436 20053  1803 E Market-Client: isSupportChildMode, error: java.lang.NumberFormatException: For input string: ""
08-06 21:13:26.436 20053  1803 E Market-Client: isSupportChildMode, error: java.lang.NumberFormatException: For input string: ""
08-06 21:13:26.438 20053  1803 I Market-LimitSpeedManager: startLimitSpeedNow() ====== speed = 32768
08-06 21:13:26.444 20053  1803 I Market-DownloadLimitSpeedManager: startLimitSpeed success. Total count 1
08-06 21:13:26.444 20053  1803 I Market-RetrofitRequest: HeaderInterceptor : https://updateinfo.market.xiaomi.com/apm/updateinfo/diffsize
08-06 21:13:26.452  1676  1676 I Choreographer: first vsync insert message into MessageQueue Head
08-06 21:13:26.458  7458  7458 I HandWritingStubImpl: getCurrentKeyboardType: 1
08-06 21:13:26.482  3086  3086 I adbd    : in ShellService: getprop ro.secure
08-06 21:13:26.507  2474  8186 I NetworkBoostStatusManager: handle: 107
08-06 21:13:26.510  7856  8713 E PhoneAdapter: get ntnphones failed, exception: java.lang.IllegalStateException: Default phones haven't been made yet!
08-06 21:13:26.520 20053  1803 I Market-DownloadLimitSpeedManager: stopLimitSpeed
08-06 21:13:26.520 20053  1803 I Market-LimitSpeedManager: stopLimitSpeedNow() =========== 
08-06 21:13:26.525 20053  1803 I Market-RetrofitRequest: callEnd : https://updateinfo.market.xiaomi.com/apm/updateinfo/diffsize
08-06 21:13:26.526 20053  1803 I Market-LocalAppManager: queryDiffSizeFromServer end
08-06 21:13:26.528 20053  1730 I Market-SubScriptManager: updateMarketSubScript forceShow : false
08-06 21:13:26.528 20053  1730 I Market-SubScriptManager: get count 52
08-06 21:13:26.529 20053  1730 I Market-SubScriptManager: get count 52
08-06 21:13:26.529 20053  1803 I Market-WakeLockManager: release wakeLock: CheckUpdateService
08-06 21:13:26.530  1843  2051 I SDM     : DisplayBase::CommitThread: Received idle timeout, panel: cmd, timeout: 70000 us
08-06 21:13:26.534  1865  1865 I vendor.qti.hardware.servicetrackeraidl-service: destroyService is called for service : com.xiaomi.market/.business_core.update.auto.CheckUpdateService
08-06 21:13:26.535  2474  8331 I ActivityManager: Cancel FGS notification userId: 0 definingUid: 10167 packageName: com.xiaomi.market processName:com.xiaomi.market ChannelId:com.xiaomi.market_hide foregroundNotiWhen:1754486005922 Notiflags:72
08-06 21:13:26.535  2474  8331 W ForegroundServiceTypeLoggerModule: FGS stop call for: 10167 has no types!
08-06 21:13:26.536 20053 20053 I Market-ServiceUtils: stop foreground service: CheckUpdateService
08-06 21:13:26.543  2474  7257 I MiuiNetworkPolicy: updateUidState uid = 10261, uidState = 19
08-06 21:13:26.543  2474  7257 I MiuiNetworkPolicyTrafficLimit: updateWhiteListUidForMobileTraffic uid=10261,add=false
08-06 21:13:26.545  2474  7257 I MiuiNetworkPolicy: updateUidState uid = 10203, uidState = 6
08-06 21:13:26.545  2474  7257 I MiuiNetworkPolicy: updateUidState uid = 10169, uidState = 6
08-06 21:13:26.545  2474  7257 I MiuiNetworkPolicyTrafficLimit: updateWhiteListUidForMobileTraffic uid=10169,add=false
08-06 21:13:26.545  2474  7257 I MiuiNetworkPolicy: updateUidState uid = 10167, uidState = 10
08-06 21:13:26.545  2474  7257 I MiuiNetworkPolicyTrafficLimit: updateWhiteListUidForMobileTraffic uid=10167,add=false
08-06 21:13:26.545  2474  7257 I MiuiNetworkPolicy: updateUidState uid = 10158, uidState = 19
08-06 21:13:26.546  2474  7257 I MiuiNetworkPolicyTrafficLimit: updateWhiteListUidForMobileTraffic uid=10158,add=false
08-06 21:13:26.546  2474  7257 I MiuiNetworkPolicy: updateUidState uid = 10090, uidState = 6
08-06 21:13:26.557  3086  3086 I adbd    : in ShellService: getprop ro.debuggable
08-06 21:13:26.566  1843  2428 I SDM     : HWCDisplay::SetActiveConfigWithConstraints: display:66-0, config: 1, WxH 1200x2670, fps 120
08-06 21:13:26.566  1843  2428 W SDM     : HWDeviceDRM::GetSupportedBitClkRate: Requested rate not supported: 1150000000
08-06 21:13:26.566  1843  2428 I SDM     : HWDeviceDRM::UpdateMixerAttributes: Mixer WxH 1200x2670-1 for Peripheral
08-06 21:13:26.566  1843  2428 I SDM     : HWCDisplay::SubmitDisplayConfig: Active configuration changed from config 3 to 1
08-06 21:13:26.566  1843  2428 I SDM     : HWCDisplay::SubmitDisplayConfig: Active WxH 1200x2670 ,ddic_mode:idle, timing_fps: 120, sf_fps: 120
08-06 21:13:26.567  1843  3496 I vendor.qti.hardware.display.composer-service: Sensor: notify citsensorservice to trigger cwb, misForced = 0
08-06 21:13:26.571  3050  4554 I libsensor-parseRGB: request dump start for mRequestDisplayId 0
08-06 21:13:26.589  3050  3083 E libsensor-parseRGB: CWB NotifyCWBBufferDone  error 0
08-06 21:13:26.592  1676  1693 I mit.droidbotapp: Compiler allocated 5390KB to compile void android.view.ViewRootImpl.performTraversals()
08-06 21:13:26.599 20053 20069 I m.xiaomi.market: This is non sticky GC, maxfree is 16777216 minfree is 8388608
08-06 21:13:26.601 20053 20076 W System  : A resource failed to call close. 
08-06 21:13:26.603 20053 20076 W System  : A resource failed to call close. 
08-06 21:13:26.642  3086  3086 I adbd    : in ShellService: dumpsys display
08-06 21:13:26.647  1843  2051 I SDM     : DisplayBase::CommitThread: Received idle timeout, panel: cmd, timeout: 70000 us
08-06 21:13:26.725  1843  3496 I vendor.qti.hardware.display.composer-service: Sensor: notify citsensorservice to trigger cwb, misForced = 1
08-06 21:13:26.725  3050  4554 I libsensor-parseRGB: request dump start for mRequestDisplayId 0
08-06 21:13:26.747  3050 25119 E libsensor-parseRGB: CWB NotifyCWBBufferDone  error 0
08-06 21:13:26.804  1843  2051 I SDM     : DisplayBase::CommitThread: Received idle timeout, panel: cmd, timeout: 70000 us
08-06 21:13:26.815  3086  3086 I adbd    : in ShellService: wm size
08-06 21:13:26.841  2474  2745 W BroadcastQueue: Greezer Denial: sending Intent { act=android.intent.action.INPUT_METHOD_CHANGED flg=0x20000010 (has extras) }, action: android.intent.action.INPUT_METHOD_CHANGED from android (uid=1000) due to receiver ProcessRecord{81a1a63 22859:com.dashlane/u0a378} (uid 10378) need cached broadcast
08-06 21:13:26.916 13430 13430 I RuntimePermissionManager: isRuntimeRequestSupport: true
08-06 21:13:26.921  3086  3086 I adbd    : in ShellService: dumpsys input
08-06 21:13:26.922  2474  8251 I NetworkAccelerateSwitchService: EVENT_RSSI_POLL. mRssiPoll=true
08-06 21:13:26.923  2474  8251 I NetworkAccelerateSwitchService: getAverageWifiRssi:41
08-06 21:13:26.928  2474  3506 I AppsFilter: interaction: PackageSetting{1261987 com.android.microdroid.empty_payload/10236} -> PackageSetting{aff49e1 com.miui.cleanmaster/10266} BLOCKED
08-06 21:13:26.928  2474  3506 I AppsFilter: interaction: PackageSetting{d45c4dd io.appium.uiautomator2.server.test/10280} -> PackageSetting{aff49e1 com.miui.cleanmaster/10266} BLOCKED
08-06 21:13:26.928  2474  3506 I AppsFilter: interaction: PackageSetting{a6d7a5f io.github.ylimit.droidbotapp/10381} -> PackageSetting{aff49e1 com.miui.cleanmaster/10266} BLOCKED
08-06 21:13:26.928  2474  3506 I AppsFilter: interaction: PackageSetting{89e5852 com.rongcard.eid/10151} -> PackageSetting{aff49e1 com.miui.cleanmaster/10266} BLOCKED
08-06 21:13:26.928  2474  3506 I AppsFilter: interaction: PackageSetting{bc0c723 io.appium.settings/10274} -> PackageSetting{aff49e1 com.miui.cleanmaster/10266} BLOCKED
08-06 21:13:26.935 17757 17991 I Ad      : isPersonalizedAdEnabled getAdSettings: 1
08-06 21:13:26.938  2474  8358 W ParceledListSlice: Element #44 is 26672 bytes.
08-06 21:13:26.938  2474  8358 W ParceledListSlice: Overly large reply size: 82384
08-06 21:13:26.939  2474  4292 W ParceledListSlice: Element #45 is 26676 bytes.
08-06 21:13:26.939  2474  4292 W ParceledListSlice: Element #46 is 26676 bytes.
08-06 21:13:26.939  2474  4292 W ParceledListSlice: Element #47 is 26684 bytes.
08-06 21:13:26.939  2474  8332 W ParceledListSlice: Element #48 is 26688 bytes.
08-06 21:13:26.940  2474  8332 W ParceledListSlice: Element #54 is 19664 bytes.
08-06 21:13:26.940  2474  8820 W ParceledListSlice: Element #55 is 19652 bytes.
08-06 21:13:26.940  2474  8820 W ParceledListSlice: Element #56 is 19692 bytes.
08-06 21:13:26.940  2474  8820 W ParceledListSlice: Element #57 is 19720 bytes.
08-06 21:13:26.940  2474  8820 W ParceledListSlice: Element #58 is 19720 bytes.
08-06 21:13:26.940  2474 10062 W ParceledListSlice: Element #59 is 19684 bytes.
08-06 21:13:26.940  2474 10062 W ParceledListSlice: Element #60 is 19692 bytes.
08-06 21:13:26.941  2474 10062 W ParceledListSlice: Element #61 is 19668 bytes.
08-06 21:13:26.941  2474 10062 W ParceledListSlice: Element #62 is 19680 bytes.
08-06 21:13:26.941  2474  8358 W ParceledListSlice: Element #63 is 19672 bytes.
08-06 21:13:26.941  2474  8358 W ParceledListSlice: Element #64 is 29724 bytes.
08-06 21:13:26.941  2474  8358 W ParceledListSlice: Element #65 is 29744 bytes.
08-06 21:13:26.941  2474  4292 W ParceledListSlice: Element #66 is 29736 bytes.
08-06 21:13:26.944  2474 10068 W ParceledListSlice: Element #8 is 20788 bytes.
08-06 21:13:26.944  2474 10068 W ParceledListSlice: Element #9 is 20768 bytes.
08-06 21:13:26.947 13053 13053 E RegisteredServicesCache: Skipping application component ComponentInfo{com.UCMobile/com.alibaba.ariver.commonability.device.jsapi.nfc.service.TinyAppHostApduService}: it must request the permission android.permission.NFC
08-06 21:13:26.947 13053 13053 E RegisteredServicesCache: Skipping application component ComponentInfo{com.UCMobile/com.alipay.mobile.aompdevice.nfc.service.TinyAppHostApduService}: it must request the permission android.permission.NFC
08-06 21:13:26.947 13053 13053 E RegisteredServicesCache: Skipping application component ComponentInfo{com.autonavi.minimap/com.alibaba.ariver.commonability.device.jsapi.nfc.service.TinyAppHostApduService}: it must request the permission android.permission.NFC
08-06 21:13:26.947 13053 13053 E RegisteredServicesCache: Skipping application component ComponentInfo{com.autonavi.minimap/com.alipay.mobile.aompdevice.nfc.service.TinyAppHostApduService}: it must request the permission android.permission.NFC
08-06 21:13:26.948  7505  7537 I PermissionControllerServiceImpl: Updating user sensitive for uid 10266
08-06 21:13:26.949  7856  8405 E SmsApplication: com.android.mms lost android:read_cell_broadcasts:  (fixing)
08-06 21:13:26.949  2474  4292 W AppOpService: Ignored setUidMode call for runtime permission app op: uid = 10141, code = READ_CELL_BROADCASTS, mode = allow, callingUid = 1001, oldMode = allow
08-06 21:13:26.952 13053 13053 I RegisteredServicesCache: current user: 0, is managed profile : false
08-06 21:13:26.952 16677 15856 E Jni     : getSystemDns: getDnsServers return empty list
08-06 21:13:26.954 13053 13053 I RegisteredAidCache: updateRoutingLocked(false): Enter
08-06 21:13:26.954  2474  8394 W AppOpService: Ignored setUidMode call for runtime permission app op: uid = 1001, code = READ_SMS, mode = allow, callingUid = 1001, oldMode = allow
08-06 21:13:26.954 13053 13053 I AidRoutingManager: configureRouting(false): Enter
08-06 21:13:26.954 13053 13053 E AidRoutingManager: Size of routing table970
08-06 21:13:26.954 13053 13053 I RegisteredAidCache: updateRoutingLocked(false): exit
08-06 21:13:26.955  2474  4292 W AppOpService: Ignored setUidMode call for runtime permission app op: uid = 1001, code = RECEIVE_SMS, mode = allow, callingUid = 1001, oldMode = allow
08-06 21:13:26.955 13053 13053 I libnfc_nci: [INFO:NativeT4tNfcee.cpp(870)] nfcManager_isFwSupportNonStdT4TAid Enter isFwSupport = 1
08-06 21:13:26.955 13053 13053 I libnfc_nci: [INFO:SecureElement.cpp(1487)] SecureElement::getEseHandleFromGenericId: enter; ESE-ID = 0x7F
08-06 21:13:26.955 13053 13053 I libnfc_nci: [INFO:SecureElement.cpp(1528)] SecureElement::getEseHandleFromGenericId: enter; ESE-Handle = 0x410
08-06 21:13:26.955  2474  2641 W AppOpService: Ignored setUidMode call for runtime permission app op: uid = 1001, code = RECEIVE_WAP_PUSH, mode = allow, callingUid = 1001, oldMode = allow
08-06 21:13:26.955 13053 13053 I libnfc_nci: [INFO:SecureElement.cpp(1487)] SecureElement::getEseHandleFromGenericId: enter; ESE-ID = 0x00
08-06 21:13:26.955  2474  2641 W AppOpService: Ignored setUidMode call for runtime permission app op: uid = 1001, code = SEND_SMS, mode = allow, callingUid = 1001, oldMode = allow
08-06 21:13:26.955 13053 13053 I libnfc_nci: [INFO:SecureElement.cpp(1528)] SecureElement::getEseHandleFromGenericId: enter; ESE-Handle = 0x400
08-06 21:13:26.955  2474  2641 W AppOpService: Ignored setUidMode call for runtime permission app op: uid = 1001, code = READ_CELL_BROADCASTS, mode = allow, callingUid = 1001, oldMode = allow
08-06 21:13:26.957  7800 18987 I SecureElement-Terminal-eSE1: isSecureElementPresent()
08-06 21:13:26.957  1774  1774 I android.hardware.secure_element-service.qti: isCardPresent
08-06 21:13:26.957  1774  1774 I android.hardware.secure_element-service.qti: isCardPresent exit, cardPresent: 1
08-06 21:13:26.958  2474  2641 W ParceledListSlice: Element #273 is 21068 bytes.
08-06 21:13:26.958  2474  4292 W ParceledListSlice: Element #274 is 21048 bytes.
08-06 21:13:26.958  2474  4292 W ParceledListSlice: Element #275 is 21056 bytes.
08-06 21:13:26.958  2474  4292 W ParceledListSlice: Element #276 is 21036 bytes.
08-06 21:13:26.958  2474  4292 W ParceledListSlice: Element #277 is 21084 bytes.
08-06 21:13:26.958  2474  4292 W ParceledListSlice: Overly large reply size: 84248
08-06 21:13:26.959  2474  4292 W ParceledListSlice: Element #278 is 21084 bytes.
08-06 21:13:26.959  2474  4292 W ParceledListSlice: Element #279 is 21096 bytes.
08-06 21:13:26.959  2474  4292 W ParceledListSlice: Element #280 is 21084 bytes.
08-06 21:13:26.959  2474  4292 W ParceledListSlice: Element #281 is 21084 bytes.
08-06 21:13:26.959  2474  4292 W ParceledListSlice: Overly large reply size: 84372
08-06 21:13:26.959  2474  4292 W ParceledListSlice: Element #282 is 21104 bytes.
08-06 21:13:26.959  7800 18987 I SecureElement-Terminal-SIM1: isSecureElementPresent()
08-06 21:13:26.959  2474  4292 W ParceledListSlice: Element #283 is 21092 bytes.
08-06 21:13:26.959  2474  4292 W ParceledListSlice: Element #284 is 21080 bytes.
08-06 21:13:26.960  7800 18987 I SecureElement-Terminal-SIM1: isNfcEventAllowed: No access rules for checking.
08-06 21:13:26.960  7800 18987 I SecureElement-Terminal-SIM2: isSecureElementPresent()
08-06 21:13:26.971 13430 14156 I RuntimePermissionManager: isRuntimeRequestSupport: true
08-06 21:13:26.971 13430 14156 I InstalledPackagesMemoryCache: getInstallPermissionGranted=true
08-06 21:13:26.983  2474  2664 W EnhancedConfirmationService: The packageName should not be null.
08-06 21:13:26.983  2474  2664 W MagnificationConnectionManager: requestConnection duplicated request: connect=false, mConnectionState=DISCONNECTED
08-06 21:13:26.999 10308 19301 E PackageUtil: getPackageInfoAsUser failed io.github.ylimit.droidbotapp , 999
08-06 21:13:27.003  3086  3086 I adbd    : in ShellService: getprop ro.sf.lcd_density
08-06 21:13:27.009 10308 19301 E PackageUtil: getPackageInfoAsUser failed com.clearchannel.iheartradio.controller , 999
08-06 21:13:27.010 10308 19301 E PermissionManagerProvider:  getPackageInfo is null packageName : com.clearchannel.iheartradio.controller
08-06 21:13:27.071  3086  3086 I adbd    : in ShellService: input keyevent MENU
08-06 21:13:27.113  2474  2641 W MIUIInput: Input event injection from package: null action ACTION_DOWN keycode 82
08-06 21:13:27.113  2474  2641 W MiuiInputKeyEventLog: keyCode:82 down:true eventTime:23456250 downTime:23456250 policyFlags:2b000000 flags:0 metaState:0 deviceId:-1 isScreenOn:true keyguardActive:false repeatCount:0
08-06 21:13:27.115  2036  2036 E DisplayModeController: setDesiredMode : Idle status skip setActiveMode, isDdicIdleMode: 1
08-06 21:13:27.115  2474  4371 I InputFeature: supportXiaomiHyperXiaoAi is true
08-06 21:13:27.115  2474  4371 I InputFeature: supportXiaomiHyperXiaoAiScreenRecognition support
08-06 21:13:27.115  2474  4371 I InputFeature: supportBlockCombinationKey com.miui.home version: 3
08-06 21:13:27.115  2474  4371 I MiuiInputKeyEventLog: is show menu
08-06 21:13:27.115  2474  4371 I MIUIInput: [KeyEvent] publisher action:0x0,  keyCode:82 , deviceId=-1, 23456250,channel '79e08af com.miui.home/com.miui.home.launcher.Launcher (server)' 
08-06 21:13:27.116  7458  7458 I MIUIInput: [KeyEvent] ViewRootImpl windowName 'com.miui.home/com.miui.home.launcher.Launcher', KeyEvent { action=ACTION_DOWN, keyCode=KEYCODE_MENU, scanCode=0, metaState=0, flags=0x0, repeatCount=0, eventTime=23456250000000, downTime=23456250000000, deviceId=-1, source=0x0, displayId=-1 }, phoneEventTime=21:13:27.113
08-06 21:13:27.118  2474  2641 W MIUIInput: Input event injection from package: null action ACTION_UP keycode 82
08-06 21:13:27.118  2474  2641 W MiuiInputKeyEventLog: keyCode:82 down:false eventTime:23456255 downTime:23456250 policyFlags:2b000000 flags:0 metaState:0 deviceId:-1 isScreenOn:true keyguardActive:false repeatCount:0
08-06 21:13:27.119  2474  4371 I InputFeature: supportXiaomiHyperXiaoAi is true
08-06 21:13:27.119  2474  4371 I InputFeature: supportXiaomiHyperXiaoAiScreenRecognition support
08-06 21:13:27.119  2474  4371 I InputFeature: supportBlockCombinationKey com.miui.home version: 3
08-06 21:13:27.119  2474  4371 I MiuiInputKeyEventLog: is show menu
08-06 21:13:27.119  2474  4371 I MIUIInput: [KeyEvent] publisher action:0x1,  keyCode:82 , deviceId=-1, 23456255,channel '79e08af com.miui.home/com.miui.home.launcher.Launcher (server)' 
08-06 21:13:27.119  7458  7458 I MIUIInput: [KeyEvent] ViewRootImpl windowName 'com.miui.home/com.miui.home.launcher.Launcher', KeyEvent { action=ACTION_UP, keyCode=KEYCODE_MENU, scanCode=0, metaState=0, flags=0x0, repeatCount=0, eventTime=23456255000000, downTime=23456250000000, deviceId=-1, source=0x0, displayId=-1 }, phoneEventTime=21:13:27.117
08-06 21:13:27.120  7458  7458 I AnimStateManager: IdleState handle event 2006
08-06 21:13:27.120  7458  7458 I AnimStateManager: CommonState handle event 2006
08-06 21:13:27.121  7497  7535 I MiuiWallpaper-MiuiWallpaperManagerService: isMiuiWallpaperComponentUsing: true
08-06 21:13:27.122  7458  8091 I HapticFeedbackUtil: rtp:216
08-06 21:13:27.122  7497  7535 I MiuiWallpaper-MiuiWallpaperManagerService: isMiuiWallpaperComponentUsing: true
08-06 21:13:27.123  7497  7535 I MiuiWallpaper-MiuiWallpaperManagerService: isMiuiWallpaperComponentUsing: true
08-06 21:13:27.124  1843  2428 I SDM     : HWCDisplay::SetActiveConfigWithConstraints: display:66-0, config: 3, WxH 1200x2670, fps 120
08-06 21:13:27.124  1843  2428 W SDM     : HWDeviceDRM::GetSupportedBitClkRate: Requested rate not supported: 1150000000
08-06 21:13:27.124  1843  2428 I SDM     : HWDeviceDRM::UpdateMixerAttributes: Mixer WxH 1200x2670-1 for Peripheral
08-06 21:13:27.125  1843  2428 I SDM     : HWCDisplay::SubmitDisplayConfig: Active configuration changed from config 1 to 3
08-06 21:13:27.125  1843  2428 I SDM     : HWCDisplay::SubmitDisplayConfig: Active WxH 1200x2670 ,ddic_mode:auto, timing_fps: 120, sf_fps: 120
08-06 21:13:27.125  1843  3496 I vendor.qti.hardware.display.composer-service: Sensor: notify citsensorservice to trigger cwb, misForced = 0
08-06 21:13:27.125  3050  4554 I libsensor-parseRGB: request dump start for mRequestDisplayId 0
08-06 21:13:27.136  7458  7458 W PreviewDisappear: set, applyTo for info: com.miui.home.launcher.graphics.DrawableInfo@90501e4, with icon: null
08-06 21:13:27.139  7458  7458 W ScreenView_Workspace: updateChildStaticTransformation error,childW=0.0
08-06 21:13:27.142  1775  1775 I sensors-hal: batch:141, android.sensor.accelerometer/11, period=66667000, max_latency=0
08-06 21:13:27.142  1775  1775 I sensors-hal: set_config:56, sample_period_ns is adjusted to 66667000 based on min/max delay_ns
08-06 21:13:27.142  1775  1775 I sensors-hal: batch:150, android.sensor.accelerometer/11, period=66667000, max_latency=0 request completed
08-06 21:13:27.142  2474 10062 I SensorService: 	>>> actuating h/w activate handle=0x100000b enabled=1
08-06 21:13:27.142  2474  2817 I SensorAccount: App register sensor to track it noWakeupSensor_10138_0x100000b
08-06 21:13:27.142  1775  1775 I sensors-hal: activate:108, android.sensor.accelerometer/11 en=1
08-06 21:13:27.142  1775  1775 I sensors-hal: acquire_qsh_interface:121, acquire_qsh_interface with sensor_id 104 , conn_type 2 
08-06 21:13:27.143  1739  1812 I minksocket: MinkIPC MESSAGE: ( 1739:1812 ) MinkIPC_QRTR_Service:351 minkipc = 0xb4000076c18ba7f0 sock = 19, client with node 1 port 5733 went down
08-06 21:13:27.143  1739  1832 I minksocket: MinkIPC MESSAGE: ( 1739:1832 ) MinkIPC_QRTR_Service:351 minkipc = 0xb4000076c18baed0 sock = 35, client with node 1 port 5733 went down
08-06 21:13:27.144  1739  1832 I minksocket: MinkIPC MESSAGE: ( 1739:1832 ) MinkIPC_QRTR_Service:351 minkipc = 0xb4000076c18baed0 sock = 35, client with node 1 port 5734 went down
08-06 21:13:27.145  1739  1812 I minksocket: MinkIPC MESSAGE: ( 1739:1812 ) MinkIPC_QRTR_Service:351 minkipc = 0xb4000076c18ba7f0 sock = 19, client with node 1 port 5734 went down
08-06 21:13:27.146  1739  1812 I minksocket: MinkIPC MESSAGE: ( 1739:1812 ) MinkIPC_QRTR_Service:351 minkipc = 0xb4000076c18ba7f0 sock = 19, client with node 1 port 5735 went down
08-06 21:13:27.146  1775  1775 I sensors-hal: qsh_qmi:35, qsh_qmi
08-06 21:13:27.146  1739  1832 I minksocket: MinkIPC MESSAGE: ( 1739:1832 ) MinkIPC_QRTR_Service:351 minkipc = 0xb4000076c18baed0 sock = 35, client with node 1 port 5735 went down
08-06 21:13:27.146  1775  1775 I sensors-hal: register_cb:314, suid(low=11115320498015681092,high=2286538866409242278) is new. register callbacks
08-06 21:13:27.146  1775  1775 I sensors-hal: send_sensor_config_request:626, resampler is used, set resampler config
08-06 21:13:27.146  1775  1775 I sensors-hal: send_sync_sensor_request:531, send sync request
08-06 21:13:27.146  1775  1775 I sensors-hal: send_sync_sensor_request:541, send_sync_sensor_request before send_request for accel with SUID low=11115320498015681092 high=2286538866409242278
08-06 21:13:27.146  1775  1775 I sensors-hal: send_sync_sensor_request:560, wait for notification of response
08-06 21:13:27.147  1739  1832 I minksocket: MinkIPC MESSAGE: ( 1739:1832 ) MinkIPC_QRTR_Service:351 minkipc = 0xb4000076c18baed0 sock = 35, client with node 1 port 5736 went down
08-06 21:13:27.147  1739  1812 I minksocket: MinkIPC MESSAGE: ( 1739:1812 ) MinkIPC_QRTR_Service:351 minkipc = 0xb4000076c18ba7f0 sock = 19, client with node 1 port 5736 went down
08-06 21:13:27.149  1775  2115 I sensors-hal: qsh_conn_resp_cb:886, resp_value = 0 for accel 
08-06 21:13:27.149  1775  1775 I sensors-hal: send_sync_sensor_request:566, takes 2 ms to receive the response with 0
08-06 21:13:27.149  1775  1775 I sensors-hal: activate:119, android.sensor.accelerometer/11 en=1 completed
08-06 21:13:27.150  7458  8091 E Launcher: mFsGestureStatusRefreshRunnable:run usingFsGesture=true   show=true   focus=true   pause=false
08-06 21:13:27.154  3050  3083 E libsensor-parseRGB: CWB NotifyCWBBufferDone  error 0
08-06 21:13:27.156  7458  7458 W RecentsImpl: updateFsgWindowVisibilityState origin isEnter=true, typeFrom=typefrom_home
08-06 21:13:27.156  7458  8091 W RecentsImpl: updateFsgWindowVisibilityStateInBgThread, isEnter=true, typeFrom=typefrom_home, isOpen=true, isKeyguardLocked=false, mIsInAnotherPro=false, isStatusBarExpansion=false
08-06 21:13:27.157  7458  8149 W GestureStubView_Left: adaptRotation   currentRotation=0   mRotation=0
08-06 21:13:27.158  7458  8149 W GestureStubView_Right: adaptRotation   currentRotation=0   mRotation=0
08-06 21:13:27.198  3086  3086 I adbd    : in ShellService: input keyevent BACK
08-06 21:13:27.249  2474  2641 W MIUIInput: Input event injection from package: null action ACTION_DOWN keycode 4
08-06 21:13:27.249  2474  2641 W MiuiInputKeyEventLog: keyCode:4 down:true eventTime:23456386 downTime:23456386 policyFlags:2b000000 flags:0 metaState:0 deviceId:-1 isScreenOn:true keyguardActive:false repeatCount:0
08-06 21:13:27.250  2474  2680 W ActivityManagerServiceImpl: Sending non-protected broadcast miui.intent.KEYCODE_BACK from system 2474:system/1000 pkg android. Callers=com.android.server.am.ActivityManagerService.checkBroadcastFromSystem:16255 com.android.server.am.ActivityManagerService.broadcastIntentLockedTraced:17126 com.android.server.am.ActivityManagerService.broadcastIntentLocked:16315 com.android.server.am.ActivityManagerService.broadcastIntentWithFeature:17337 android.app.ContextImpl.sendBroadcastAsUser:1495 
08-06 21:13:27.250  2474  4371 I MIUIInput: [KeyEvent] publisher action:0x0,  keyCode:4 , deviceId=-1, 23456386,channel '79e08af com.miui.home/com.miui.home.launcher.Launcher (server)' 
08-06 21:13:27.252  7458  7458 I MIUIInput: [KeyEvent] ViewRootImpl windowName 'com.miui.home/com.miui.home.launcher.Launcher', KeyEvent { action=ACTION_DOWN, keyCode=KEYCODE_BACK, scanCode=0, metaState=0, flags=0x0, repeatCount=0, eventTime=23456386000000, downTime=23456386000000, deviceId=-1, source=0x0, displayId=-1 }, phoneEventTime=21:13:27.248
08-06 21:13:27.269  2474  2641 W MIUIInput: Input event injection from package: null action ACTION_UP keycode 4
08-06 21:13:27.270  2474  2641 W MiuiInputKeyEventLog: keyCode:4 down:false eventTime:23456407 downTime:23456386 policyFlags:2b000000 flags:0 metaState:0 deviceId:-1 isScreenOn:true keyguardActive:false repeatCount:0
08-06 21:13:27.271  2474  2680 W ActivityManagerServiceImpl: Sending non-protected broadcast miui.intent.KEYCODE_BACK from system 2474:system/1000 pkg android. Callers=com.android.server.am.ActivityManagerService.checkBroadcastFromSystem:16255 com.android.server.am.ActivityManagerService.broadcastIntentLockedTraced:17126 com.android.server.am.ActivityManagerService.broadcastIntentLocked:16315 com.android.server.am.ActivityManagerService.broadcastIntentWithFeature:17337 android.app.ContextImpl.sendBroadcastAsUser:1495 
08-06 21:13:27.272  2474  4371 I MIUIInput: [KeyEvent] publisher action:0x1,  keyCode:4 , deviceId=-1, 23456407,channel '79e08af com.miui.home/com.miui.home.launcher.Launcher (server)' 
08-06 21:13:27.272  7458  7458 I MIUIInput: [KeyEvent] ViewRootImpl windowName 'com.miui.home/com.miui.home.launcher.Launcher', KeyEvent { action=ACTION_UP, keyCode=KEYCODE_BACK, scanCode=0, metaState=0, flags=0x0, repeatCount=0, eventTime=23456407000000, downTime=23456386000000, deviceId=-1, source=0x0, displayId=-1 }, phoneEventTime=21:13:27.270
08-06 21:13:27.292  7458  7458 W MIUIInput: Back key is intercepted by the app
08-06 21:13:27.292  2474  8394 I SensorService: 	>>> actuating h/w activate handle=0x100000b enabled=0
08-06 21:13:27.293  1775  1775 I sensors-hal: activate:108, android.sensor.accelerometer/11 en=0
08-06 21:13:27.293  1775  1775 I sensors-hal: send_sync_sensor_request:531, send sync request
08-06 21:13:27.293  1775  1775 I sensors-hal: send_sync_sensor_request:541, send_sync_sensor_request before send_request for accel with SUID low=11115320498015681092 high=2286538866409242278
08-06 21:13:27.293  1775  1775 I sensors-hal: send_sync_sensor_request:560, wait for notification of response
08-06 21:13:27.294  1775  2115 I sensors-hal: qsh_conn_resp_cb:886, resp_value = 0 for accel 
08-06 21:13:27.294  1775  1775 I sensors-hal: send_sync_sensor_request:566, takes 1 ms to receive the response with 0
08-06 21:13:27.295  1739  1812 I minksocket: MinkIPC MESSAGE: ( 1739:1812 ) MinkIPC_QRTR_Service:351 minkipc = 0xb4000076c18ba7f0 sock = 19, client with node 1 port 5737 went down
08-06 21:13:27.295  1739  1832 I minksocket: MinkIPC MESSAGE: ( 1739:1832 ) MinkIPC_QRTR_Service:351 minkipc = 0xb4000076c18baed0 sock = 35, client with node 1 port 5737 went down
08-06 21:13:27.297  1775  1775 I sensors-hal: ~qsh_qmi:62, ~qsh_qmi
08-06 21:13:27.297  1775  1775 I sensors-hal: activate:119, android.sensor.accelerometer/11 en=0 completed
08-06 21:13:27.299  7458  8091 E Launcher: mFsGestureStatusRefreshRunnable:run usingFsGesture=true   show=true   focus=true   pause=false
08-06 21:13:27.301  2474  2817 I SensorAccount: App unregister sensor noWakeupSensor_10138_0x100000b
08-06 21:13:27.304  7458  7458 W RecentsImpl: updateFsgWindowVisibilityState origin isEnter=false, typeFrom=typefrom_home
08-06 21:13:27.305  7458  8091 W RecentsImpl: updateFsgWindowVisibilityStateInBgThread, isEnter=false, typeFrom=typefrom_home, isOpen=true, isKeyguardLocked=false, mIsInAnotherPro=false, isStatusBarExpansion=false
08-06 21:13:27.305  7458  8091 W RecentsImpl: getTopActivity from observer.   cn=ComponentInfo{com.miui.home/com.miui.home.launcher.Launcher}
08-06 21:13:27.330  1843  3496 I vendor.qti.hardware.display.composer-service: Sensor: notify citsensorservice to trigger cwb, misForced = 0
08-06 21:13:27.331  3050  4554 I libsensor-parseRGB: request dump start for mRequestDisplayId 0
08-06 21:13:27.343  3086  3086 I adbd    : in ShellService: pm list packages -f
08-06 21:13:27.353  3050  3083 E libsensor-parseRGB: CWB NotifyCWBBufferDone  error 0
08-06 21:13:27.376  3086  3086 I adbd    : in ShellService: ps
08-06 21:13:27.396  7856  7900 E PhoneAdapter: get ntnphones failed, exception: java.lang.IllegalStateException: Default phones haven't been made yet!
08-06 21:13:27.423  9497  9497 I abb     : StartCommandInProcess(73657474696e67730067657400676c6f settings.get.glo [truncated])
08-06 21:13:27.424  3086  3086 I adbd    : in ShellService: pm list packages -f
08-06 21:13:27.420  2474  2474 W binder:2474_13: type=1400 audit(0.0:17928): avc:  denied  { getopt } for  scontext=u:r:system_server:s0 tcontext=u:r:shell:s0 tclass=unix_stream_socket permissive=0
08-06 21:13:27.420  2474  2474 W binder:2474_13: type=1400 audit(0.0:17929): avc:  denied  { getopt } for  scontext=u:r:system_server:s0 tcontext=u:r:shell:s0 tclass=unix_stream_socket permissive=0
08-06 21:13:27.420  2474  2474 W binder:2474_13: type=1400 audit(0.0:17930): avc:  denied  { getopt } for  scontext=u:r:system_server:s0 tcontext=u:r:shell:s0 tclass=unix_stream_socket permissive=0
08-06 21:13:27.430 13430 13430 I PackageInstallReceiver: action = android.intent.action.PACKAGE_CHANGED packageName = com.miui.cleanmaster
08-06 21:13:27.430 13430 13430 W InstalledPackagesMemoryCache: Unknown action: android.intent.action.PACKAGE_CHANGED
08-06 21:13:27.430 13430 13430 I ServiceDeliveryCapability: onAppChanged:com.miui.cleanmaster action:android.intent.action.PACKAGE_CHANGED
08-06 21:13:27.431 13430 13430 I AppWidgetDelegate: updateAppWidgets for com.miui.cleanmaster
08-06 21:13:27.431 13430 13430 I WidgetController: WidgetController.updateOrRemoveStackWhenPackageChanged: packageName com.miui.cleanmaster
08-06 21:13:27.431 13430 13430 I WidgetBackgroundBlurManager: onAppChanged appPackageName : com.miui.cleanmaster
08-06 21:13:27.432 13430 14351 I AppWidgetDelegate: removeAllWidgets com.android.calendar.widget.NearEventAppWidget
08-06 21:13:27.432 13430 14351 I AppWidgetDelegate: removeAllWidgets com.xiaomi.misettings.usagestats.widget.desktop.widget.SimpleUsageStatsWidget
08-06 21:13:27.440  9497  9497 I abb     : StartCommandInProcess(7061636b61676500696e7374616c6c00 package.install. [truncated])
08-06 21:13:27.443  2474  7611 I SensorAccount: ExecutionCapabilityChanged  pkgName:com.miui.home  canAfford:true mCurrentForegroundUid:10138
08-06 21:13:27.447  2474  4292 I InstallationTiming: beginInstall_sessionId: 536824884
08-06 21:13:27.538  1843  3496 I vendor.qti.hardware.display.composer-service: Sensor: notify citsensorservice to trigger cwb, misForced = 0
08-06 21:13:27.540  3050  4554 I libsensor-parseRGB: request dump start for mRequestDisplayId 0
08-06 21:13:27.562  3050  4604 E libsensor-parseRGB: CWB NotifyCWBBufferDone  error 0
08-06 21:13:27.587  2474  7257 I MiuiNetworkPolicy: updateUidState uid = 10278, uidState = 19
08-06 21:13:27.746  1843  3496 I vendor.qti.hardware.display.composer-service: Sensor: notify citsensorservice to trigger cwb, misForced = 0
08-06 21:13:27.746  3050  4554 I libsensor-parseRGB: request dump start for mRequestDisplayId 0
08-06 21:13:27.769  3050  3083 E libsensor-parseRGB: CWB NotifyCWBBufferDone  error 0
08-06 21:13:27.784  1850  9931 E ANDR-PERF-LM: SAGT_ACTION: UpdateFPSData() 138: update /sys/kernel/sched_penalty/parameters/fps to 60, ret is 0
08-06 21:13:27.824  2474  2474 W binder:2474_5: type=1400 audit(0.0:17931): avc:  denied  { getopt } for  scontext=u:r:system_server:s0 tcontext=u:r:shell:s0 tclass=unix_stream_socket permissive=0
08-06 21:13:27.864  2474  4395 W RuleEvaluation: Integrity rule files are not available.
08-06 21:13:27.865  2474  3506 I PackageManager: Integrity check passed for file:///data/app/vmdl536824884.tmp
08-06 21:13:27.887 13306 13306 I UserConsentManager: onPermissionsChanged: 10382
08-06 21:13:27.922  2474  2643 E AppOps  : Trying to set mode for unknown uid 10382.
08-06 21:13:27.934 24010 25683 I artd    : Merge skipped because there are no existing profiles
08-06 21:13:27.935  2474  3506 I ArtService: Adjusting the compiler filter for 'com.baskinrobbins.app' from 'speed-profile' to 'verify' because there is no valid profile
08-06 21:13:27.935 24010 25683 I artd    : Dex parent of /data/app/~~S2HWal-SfuKIIyB30M5lnQ==/com.baskinrobbins.app-lddjHC-GZipB64H-yx4h6g==/base.apk is not writable: Permission denied
08-06 21:13:27.935 24010 25683 I artd    : GetBestInfo checking odex in dalvik-cache (/data/dalvik-cache/arm64/data@app@~~S2HWal-SfuKIIyB30M5lnQ==@com.baskinrobbins.app-lddjHC-GZipB64H-yx4h6g==@base.apk@classes.dex)
08-06 21:13:27.935 24010 25683 I artd    : Loading /data/dalvik-cache/arm64/data@app@~~S2HWal-SfuKIIyB30M5lnQ==@com.baskinrobbins.app-lddjHC-GZipB64H-yx4h6g==@base.apk@classes.dex with executable: 0
08-06 21:13:27.938 24010 25683 I artd    : OatFileAssistant test for existing oat file /data/dalvik-cache/arm64/data@app@~~S2HWal-SfuKIIyB30M5lnQ==@com.baskinrobbins.app-lddjHC-GZipB64H-yx4h6g==@base.apk@classes.dex: File /data/dalvik-cache/arm64/data@app@~~S2HWal-SfuKIIyB30M5lnQ==@com.baskinrobbins.app-lddjHC-GZipB64H-yx4h6g==@base.apk@classes.vdex does not exist.
08-06 21:13:27.938 24010 25683 I artd    : GetBestInfo checking odex next to the dex file (/data/app/~~S2HWal-SfuKIIyB30M5lnQ==/com.baskinrobbins.app-lddjHC-GZipB64H-yx4h6g==/oat/arm64/base.odex)
08-06 21:13:27.938 24010 25683 I artd    : Loading /data/app/~~S2HWal-SfuKIIyB30M5lnQ==/com.baskinrobbins.app-lddjHC-GZipB64H-yx4h6g==/oat/arm64/base.odex with executable: 0
08-06 21:13:27.938 24010 25683 I artd    : OatFileAssistant test for existing oat file /data/app/~~S2HWal-SfuKIIyB30M5lnQ==/com.baskinrobbins.app-lddjHC-GZipB64H-yx4h6g==/oat/arm64/base.odex: File /data/app/~~S2HWal-SfuKIIyB30M5lnQ==/com.baskinrobbins.app-lddjHC-GZipB64H-yx4h6g==/oat/arm64/base.vdex does not exist.
08-06 21:13:27.938 24010 25683 I artd    : GetBestInfo checking vdex in dalvik-cache (/data/dalvik-cache/arm64/data@app@~~S2HWal-SfuKIIyB30M5lnQ==@com.baskinrobbins.app-lddjHC-GZipB64H-yx4h6g==@base.apk@classes.vdex)
08-06 21:13:27.938 24010 25683 I artd    : unable to open vdex file /data/dalvik-cache/arm64/data@app@~~S2HWal-SfuKIIyB30M5lnQ==@com.baskinrobbins.app-lddjHC-GZipB64H-yx4h6g==@base.apk@classes.vdex: File /data/dalvik-cache/arm64/data@app@~~S2HWal-SfuKIIyB30M5lnQ==@com.baskinrobbins.app-lddjHC-GZipB64H-yx4h6g==@base.apk@classes.vdex does not exist.
08-06 21:13:27.938 24010 25683 I artd    : OatFileAssistant test for existing oat file /data/dalvik-cache/arm64/data@app@~~S2HWal-SfuKIIyB30M5lnQ==@com.baskinrobbins.app-lddjHC-GZipB64H-yx4h6g==@base.apk@classes.vdex: File /data/dalvik-cache/arm64/data@app@~~S2HWal-SfuKIIyB30M5lnQ==@com.baskinrobbins.app-lddjHC-GZipB64H-yx4h6g==@base.apk@classes.vdex does not exist.
08-06 21:13:27.938 24010 25683 I artd    : GetBestInfo checking vdex next to the dex file (/data/app/~~S2HWal-SfuKIIyB30M5lnQ==/com.baskinrobbins.app-lddjHC-GZipB64H-yx4h6g==/oat/arm64/base.vdex)
08-06 21:13:27.938 24010 25683 I artd    : unable to open vdex file /data/app/~~S2HWal-SfuKIIyB30M5lnQ==/com.baskinrobbins.app-lddjHC-GZipB64H-yx4h6g==/oat/arm64/base.vdex: File /data/app/~~S2HWal-SfuKIIyB30M5lnQ==/com.baskinrobbins.app-lddjHC-GZipB64H-yx4h6g==/oat/arm64/base.vdex does not exist.
08-06 21:13:27.938 24010 25683 I artd    : OatFileAssistant test for existing oat file /data/app/~~S2HWal-SfuKIIyB30M5lnQ==/com.baskinrobbins.app-lddjHC-GZipB64H-yx4h6g==/oat/arm64/base.vdex: File /data/app/~~S2HWal-SfuKIIyB30M5lnQ==/com.baskinrobbins.app-lddjHC-GZipB64H-yx4h6g==/oat/arm64/base.vdex does not exist.
08-06 21:13:27.938 24010 25683 I artd    : GetBestInfo checking dm (/data/app/~~S2HWal-SfuKIIyB30M5lnQ==/com.baskinrobbins.app-lddjHC-GZipB64H-yx4h6g==/base.dm)
08-06 21:13:27.938 24010 25683 I artd    : GetBestInfo no usable artifacts
08-06 21:13:27.943 24010 25683 I artd    : Running dex2oat: /apex/com.android.art/bin/art_exec --drop-capabilities --set-task-profile=Dex2OatBootComplete --set-priority=background --keep-fds=7:8:9:10 -- /apex/com.android.art/bin/dex2oat64 --zip-fd=7 --zip-location=/data/app/~~S2HWal-SfuKIIyB30M5lnQ==/com.baskinrobbins.app-lddjHC-GZipB64H-yx4h6g==/base.apk --oat-fd=8 --oat-location=/data/app/~~S2HWal-SfuKIIyB30M5lnQ==/com.baskinrobbins.app-lddjHC-GZipB64H-yx4h6g==/oat/arm64/base.odex --output-vdex-fd=9 --swap-fd=10 --class-loader-context=PCL[] --classpath-dir=/data/app/~~S2HWal-SfuKIIyB30M5lnQ==/com.baskinrobbins.app-lddjHC-GZipB64H-yx4h6g== --instruction-set=arm64 --instruction-set-features=default --instruction-set-variant=kryo300 --compiler-filter=verify --compilation-reason=install --compact-dex-level=none --max-image-block-size=524288 --resolve-startup-const-strings=true --generate-mini-debug-info --runtime-arg -Xtarget-sdk-version:30 --runtime-arg -Xhidden-api-policy:enabled -j6 --runtime-arg -Xms64m --runtime-arg -Xmx512m --comments=app-name:com.baskinrobbins.app,app-version-name:3.0.0,app-version-code:30000350,art-version:352090000
08-06 21:13:27.943 24010 25683 I artd    : Opened FDs: 7:/data/app/~~S2HWal-SfuKIIyB30M5lnQ==/com.baskinrobbins.app-lddjHC-GZipB64H-yx4h6g==/base.apk 8:/data/app/~~S2HWal-SfuKIIyB30M5lnQ==/com.baskinrobbins.app-lddjHC-GZipB64H-yx4h6g==/oat/arm64/base.odex.NrTgcv.tmp 9:/data/app/~~S2HWal-SfuKIIyB30M5lnQ==/com.baskinrobbins.app-lddjHC-GZipB64H-yx4h6g==/oat/arm64/base.vdex.5rhTKO.tmp 10:/data/app/~~S2HWal-SfuKIIyB30M5lnQ==/com.baskinrobbins.app-lddjHC-GZipB64H-yx4h6g==/oat/arm64/base.odex.swap.gJJWCA.tmp 
08-06 21:13:27.953  1843  3496 I vendor.qti.hardware.display.composer-service: Sensor: notify citsensorservice to trigger cwb, misForced = 0
08-06 21:13:27.954  3050  4554 I libsensor-parseRGB: request dump start for mRequestDisplayId 0
08-06 21:13:27.966  2198  2198 W libprocessgroup: JoinCgroup: controller schedtune is not found
08-06 21:13:27.977  3050  4604 E libsensor-parseRGB: CWB NotifyCWBBufferDone  error 0
08-06 21:13:27.987  2198  2198 W dex2oat64: Obsolete flag --compact-dex-level ignored
08-06 21:13:27.989  2198  2198 I dex2oat64: /apex/com.android.art/bin/dex2oat64 --output-vdex-fd=9 --class-loader-context=PCL[] --classpath-dir=/data/app/~~S2HWal-SfuKIIyB30M5lnQ==/com.baskinrobbins.app-lddjHC-GZipB64H-yx4h6g== --compiler-filter=verify --compilation-reason=install --compact-dex-level=none --max-image-block-size=524288 --resolve-startup-const-strings=true --generate-mini-debug-info -j6 --comments=app-name:com.baskinrobbins.app,app-version-name:3.0.0,app-version-code:30000350,art-version:352090000
08-06 21:13:28.050  2198  2198 I dex2oat64: Using CollectorTypeCC GC.
08-06 21:13:28.091  1843  2051 I SDM     : DisplayBase::CommitThread: Received idle timeout, panel: cmd, timeout: 70000 us
08-06 21:13:28.128  1843  2428 I SDM     : HWCDisplay::SetActiveConfigWithConstraints: display:66-0, config: 1, WxH 1200x2670, fps 120
08-06 21:13:28.128  1843  2428 W SDM     : HWDeviceDRM::GetSupportedBitClkRate: Requested rate not supported: 1150000000
08-06 21:13:28.128  1843  2428 I SDM     : HWDeviceDRM::UpdateMixerAttributes: Mixer WxH 1200x2670-1 for Peripheral
08-06 21:13:28.129  1843  2428 I SDM     : HWCDisplay::SubmitDisplayConfig: Active configuration changed from config 3 to 1
08-06 21:13:28.129  1843  2428 I SDM     : HWCDisplay::SubmitDisplayConfig: Active WxH 1200x2670 ,ddic_mode:idle, timing_fps: 120, sf_fps: 120
08-06 21:13:28.186  1850  9931 E ANDR-PERF-LM: SAGT_ACTION: UpdateFPSData() 138: update /sys/kernel/sched_penalty/parameters/fps to 120, ret is 0
08-06 21:13:28.187  1850  9931 E ANDR-PERF-LM: SAGT_ACTION: updateAutoPenatly() 161: recovery auto penatly gamefps 120.000000, measured fps is 119.000000, gap is 1.000000 
08-06 21:13:28.208  1843  2051 I SDM     : DisplayBase::CommitThread: Received idle timeout, panel: cmd, timeout: 70000 us
08-06 21:13:28.215  2198  2198 I dex2oat64: dex2oat took 228.581ms (608.543ms cpu) (threads: 6) arena alloc=0B (0B) java alloc=6107KB (6254256B) native alloc=2891KB (2961136B) free=1129KB (1156992B)
08-06 21:13:28.223 24010 25683 I artd    : dex2oat returned code 0
08-06 21:13:28.227  2474  3506 I ArtService: Dexopt result: [packageName = com.baskinrobbins.app] DexContainerFileDexoptResult{dexContainerFile=/data/app/~~S2HWal-SfuKIIyB30M5lnQ==/com.baskinrobbins.app-lddjHC-GZipB64H-yx4h6g==/base.apk, primaryAbi=true, abi=arm64-v8a, actualCompilerFilter=verify, status=PERFORMED, dex2oatWallTimeMillis=-387174900, dex2oatCpuTimeMillis=640, sizeBytes=7138552, sizeBeforeBytes=0, extendedStatusFlags=[]}
08-06 21:13:28.227  2474 30182 I Miui32BitTranslateHelper: 32BitPretranslate: skipping APK pre-translation for com.baskinrobbins.app
08-06 21:13:28.228  2474  3506 W PackageFreezer: Freeze package com.baskinrobbins.app about 0.353 seconds for reason: installPackageLI
08-06 21:13:28.228  2474  3506 I BackupManagerService: [UserID:0] restoreAtInstall pkg=com.baskinrobbins.app token=44 restoreSet=0
08-06 21:13:28.230  1865  1865 I vendor.qti.hardware.servicetrackeraidl-service: bindService is called for service : com.google.android.gms/.backup.BackupTransportService and for client system
08-06 21:13:28.231  1865  1865 I vendor.qti.hardware.servicetrackeraidl-service: total connections for service : com.google.android.gms/.backup.BackupTransportServiceare :1
08-06 21:13:28.231  1865  1865 I vendor.qti.hardware.servicetrackeraidl-service: total connections for client : systemare :32
08-06 21:13:28.243  2474  2474 I TransportConnection: BackupTransportService#2336: Notifying [BMS.restoreAtInstall] transport = BackupTransportClient
08-06 21:13:28.247 11128 11148 W AndroidBackupEventsLogg: Flag disabled, logging without sampling [CONTEXT service_id=229 ]
08-06 21:13:28.248  1865  1865 I vendor.qti.hardware.servicetrackeraidl-service: unbindService is called for service : com.google.android.gms/.backup.BackupTransportService and for client system
08-06 21:13:28.248  1865  1865 I vendor.qti.hardware.servicetrackeraidl-service: size of service connections for service: com.google.android.gms/.backup.BackupTransportServiceafter removal is 0
08-06 21:13:28.249  1865  1865 I vendor.qti.hardware.servicetrackeraidl-service: size of client connections for client: systemafter removal is 31
08-06 21:13:28.251 11128 11148 I AndroidBackupEventsLogg: (REDACTED) Logging without sampling %s
08-06 21:13:28.251  1865  1865 I vendor.qti.hardware.servicetrackeraidl-service: destroyService is called for service : com.google.android.gms/.backup.BackupTransportService
08-06 21:13:28.251 11128 11148 W AndroidBackupEventsLogg: Flag disabled, logging without sampling [CONTEXT service_id=229 ]
08-06 21:13:28.251 11128 11148 I AndroidBackupEventsLogg: (REDACTED) Logging without sampling %s
08-06 21:13:28.253  2474  3506 I InstallationTiming: com.baskinrobbins.app|null|807|382|13|1|0|12|296
08-06 21:13:28.254  2474  3506 I AppsFilter: interaction: PackageSetting{1261987 com.android.microdroid.empty_payload/10236} -> PackageSetting{1397b93 com.baskinrobbins.app/10382} BLOCKED
08-06 21:13:28.254  2474  3506 I AppsFilter: interaction: PackageSetting{d45c4dd io.appium.uiautomator2.server.test/10280} -> PackageSetting{1397b93 com.baskinrobbins.app/10382} BLOCKED
08-06 21:13:28.254  2474  3506 I AppsFilter: interaction: PackageSetting{a6d7a5f io.github.ylimit.droidbotapp/10381} -> PackageSetting{1397b93 com.baskinrobbins.app/10382} BLOCKED
08-06 21:13:28.254  2474  3506 I AppsFilter: interaction: PackageSetting{89e5852 com.rongcard.eid/10151} -> PackageSetting{1397b93 com.baskinrobbins.app/10382} BLOCKED
08-06 21:13:28.254  2474  3506 I AppsFilter: interaction: PackageSetting{bc0c723 io.appium.settings/10274} -> PackageSetting{1397b93 com.baskinrobbins.app/10382} BLOCKED
08-06 21:13:28.255 11128 11128 I IntentFilterVerRcvr: S+ domain verification enabled [CONTEXT service_id=244 ]
08-06 21:13:28.257 11128  1746 I AppLinksIntentOperation: Verifying requested domains [CONTEXT service_id=244 ]
08-06 21:13:28.252  2474  2474 W binder:2474_5: type=1400 audit(0.0:17932): avc:  denied  { getopt } for  scontext=u:r:system_server:s0 tcontext=u:r:shell:s0 tclass=unix_stream_socket permissive=0
08-06 21:13:28.252  2474  2474 W binder:2474_5: type=1400 audit(0.0:17933): avc:  denied  { getopt } for  scontext=u:r:system_server:s0 tcontext=u:r:shell:s0 tclass=unix_stream_socket permissive=0
08-06 21:13:28.252  2474  2474 W binder:2474_5: type=1400 audit(0.0:17934): avc:  denied  { getopt } for  scontext=u:r:system_server:s0 tcontext=u:r:shell:s0 tclass=unix_stream_socket permissive=0
08-06 21:13:28.260 11128  1746 I AppLinksRequestHandler: (REDACTED) Processing %d input requests
08-06 21:13:28.261  2474  2664 W TextServicesManagerService: no available spell checker services found
08-06 21:13:28.263 11128  1746 I AppLinksUtilsV1: Legacy cross-profile verification enabled [CONTEXT service_id=244 ]
08-06 21:13:28.264  2474  2680 I MiuiCompatModePackages: package com.baskinrobbins.app updated, removing config
08-06 21:13:28.264  2474  7414 I SdkSandboxManager: No SDKs used. Skipping SDK data reconcilation for CallingInfo{mUid=10382, mPackageName='com.baskinrobbins.app, mAppProcessToken='null'}
08-06 21:13:28.265  2474  7278 E AppOps  : attributionTag VCN not declared in manifest of android
08-06 21:13:28.265 13710 15240 I MiuiVpnManageService: PackageMonitor. onPackageAdded: packageName =com.baskinrobbins.app
08-06 21:13:28.269  2474  7278 E AppOps  : attributionTag VCN not declared in manifest of android
08-06 21:13:28.270  2474  7409 W PackageManager: Failed registering loading progress callback. Package is fully loaded.
08-06 21:13:28.271 13710 13710 I TrafficManageService: mina mPackageReceiver 0
08-06 21:13:28.271 13710 13710 I InstalledAppMonitor: com.baskinrobbins.apponReceive add pkg=com.baskinrobbins.app
08-06 21:13:28.271 13710 15135 I FireWallService: mina mPackageReceiver onReceive
08-06 21:13:28.272 13710 15607 I AppPredictManager: predict: recentApps size = 5
08-06 21:13:28.272 13710 15441 I GameBoosterNewApp: addAppToGameBox: isGameBoosterOpen=true
08-06 21:13:28.273 13710 14406 I AppPredictPrivacyLaunchManager: getLauncherHomeAppList size: 76
08-06 21:13:28.273 13710 14406 I AppPredictResultHelper: updatePreferenceStore: size = 12
08-06 21:13:28.274  2474  4284 E AtomicFile: Failed to rename /data/system/install_sessions.xml.new to /data/system/install_sessions.xml
08-06 21:13:28.274 14191 14518 I WakelockPolicyManager: setWakelockPolicy
08-06 21:13:28.274  2474  7257 I MiuiNetworkPolicy: ACTION_PACKAGE_ADDED uid = 10382
08-06 21:13:28.277 13710 15135 W FireWallService: is Pre-installed application
08-06 21:13:28.277  2474  2474 I NetworkDetectInjector: ACTION_PACKAGE_ADDED uid = 10382
08-06 21:13:28.277  2474  7426 E AppScanObserverService: Try to add a invalid package: com.baskinrobbins.app | 10382 | 0
08-06 21:13:28.278  2474  2474 I MiuiNetworkPolicyTrafficLimit: ACTION_PACKAGE_ADDED uid = 10382
08-06 21:13:28.278  2474  2474 E SLM-SRV-SLAAppLib: initBroadcastReceivercom.baskinrobbins.app
08-06 21:13:28.278  2474  2474 I SLM-SRV-SLAAppLib: ACTION_PACKAGE_ADDED uid = 10382com.baskinrobbins.app
08-06 21:13:28.278  7505  7537 I PermissionControllerServiceImpl: Updating user sensitive for uid 10382
08-06 21:13:28.278  2474  2474 I SLM-SRV-SLSAppLib: setSLSGameUidList:null
08-06 21:13:28.278  2474  2474 I SLM-SRV-SLSAppLib: setSLSVoIPUid:0
08-06 21:13:28.278  2474  2474 I NetworkAccelerateSwitchService: setNetworkAccelerateSwitchUidList:null
08-06 21:13:28.278  2474  2474 I NetworkAccelerateSwitchService: setNetworkAccelerateSwitchVoIPUid:0
08-06 21:13:28.278  2474  2474 I SLM-SRV-SLAAppLib: mDoubleWifiUidList = 10090,10261,10324,10340,10325,10322,10167,10339,10326,10286,
08-06 21:13:28.278  2474  2474 I SLM-SRV-SLAAppLib: mDoubleDataUidList = 10090,10261,10325,10322,10329,10167,10339,10326,10286,
08-06 21:13:28.278  2474  8196 I SLM-SRV-SLAAppLib: setUidWhiteListToSlad
08-06 21:13:28.279  2474  8196 I SLM-SRV-SLAAppLib: setSLAUidList:10322,10325,10326,10332,10339,10261,10340,10167,10286,10090,
08-06 21:13:28.279  2474  8196 I SLM-SRV-SLSAppLib: setSLAAppWhiteList:10322,10325,10326,10332,10339,10261,10340,10167,10286,
08-06 21:13:28.279  7458  8105 E ScreenElementRoot: load error, manifest root is null
08-06 21:13:28.280 13710 15441 I GameBoosterNewApp: com.baskinrobbins.app isGameFromJson false
08-06 21:13:28.280 13710 15441 I GameBoosterNewApp: com.baskinrobbins.app isGameFromLocal false
