08-06 21:13:26.048 11354 11437 I Finsky  : [1698] jyn.apply(28): SCH: Scheduling 1 system job(s)
08-06 21:13:26.048  1865  1865 I vendor.qti.hardware.servicetrackeraidl-service: total connections for service : com.google.android.gms/.chimera.GmsBoundBrokerServiceare :1
08-06 21:13:26.048  1865  1865 I vendor.qti.hardware.servicetrackeraidl-service: total connections for client : com.google.android.gms.persistentare :4
08-06 21:13:26.048 11354 11437 I Finsky  : [1698] aceh.d(88): SCH: Scheduling system job Id: 9403, L: 14865, D: 68950102, C: false, I: false, N: 1
08-06 21:13:26.048 22445 30087 E VA_PackageUtilsV2: getVersionCode: error
08-06 21:13:26.048 22445 30087 E VA_PackageUtilsV2: android.content.pm.PackageManager$NameNotFoundException: com.tongcheng.android
08-06 21:13:26.048 22445 30087 E VA_PackageUtilsV2: 	at android.app.ApplicationPackageManager.getPackageInfoAsUser(ApplicationPackageManager.java:276)
08-06 21:13:26.048 22445 30087 E VA_PackageUtilsV2: 	at android.app.ApplicationPackageManager.getPackageInfo(ApplicationPackageManager.java:236)
08-06 21:13:26.048 22445 30087 E VA_PackageUtilsV2: 	at android.app.ApplicationPackageManager.getPackageInfo(ApplicationPackageManager.java:230)
08-06 21:13:26.048 22445 30087 E VA_PackageUtilsV2: 	at m30.r.getVersionCode(SourceFile:44)
08-06 21:13:26.048 22445 30087 E VA_PackageUtilsV2: 	at ez.r0.getVersionCode(SourceFile:1)
08-06 21:13:26.048 22445 30087 E VA_PackageUtilsV2: 	at ff.b.getAccessibilityInfo(SourceFile:93)
08-06 21:13:26.048 22445 30087 E VA_PackageUtilsV2: 	at ff.b.getSimulateClickState(SourceFile:1)
08-06 21:13:26.048 22445 30087 E VA_PackageUtilsV2: 	at com.xiaomi.voiceassistant.u0$a.getSimulateClickState(SourceFile:1)
08-06 21:13:26.048 22445 30087 E VA_PackageUtilsV2: 	at com.xiaomi.voiceassist.engine.context.CacheContext$a.run(SourceFile:14)
08-06 21:13:26.048 22445 30087 E VA_PackageUtilsV2: 	at java.util.concurrent.Executors$RunnableAdapter.call(Executors.java:487)
08-06 21:13:26.048 22445 30087 E VA_PackageUtilsV2: 	at java.util.concurrent.FutureTask.run(FutureTask.java:264)
08-06 21:13:26.048 22445 30087 E VA_PackageUtilsV2: 	at java.util.concurrent.ThreadPoolExecutor.runWorker(ThreadPoolExecutor.java:1251)
08-06 21:13:26.048 22445 30087 E VA_PackageUtilsV2: 	at java.util.concurrent.ThreadPoolExecutor$Worker.run(ThreadPoolExecutor.java:668)
08-06 21:13:26.048 22445 30087 E VA_PackageUtilsV2: 	at java.lang.Thread.run(Thread.java:1012)
08-06 21:13:26.049 22445 30087 E VA_PackageUtilsV2: getVersionCode: error
08-06 21:13:26.049 22445 30087 E VA_PackageUtilsV2: android.content.pm.PackageManager$NameNotFoundException: com.greenpoint.android.mc10086.activity
08-06 21:13:26.049 22445 30087 E VA_PackageUtilsV2: 	at android.app.ApplicationPackageManager.getPackageInfoAsUser(ApplicationPackageManager.java:276)
08-06 21:13:26.049 22445 30087 E VA_PackageUtilsV2: 	at android.app.ApplicationPackageManager.getPackageInfo(ApplicationPackageManager.java:236)
08-06 21:13:26.049 22445 30087 E VA_PackageUtilsV2: 	at android.app.ApplicationPackageManager.getPackageInfo(ApplicationPackageManager.java:230)
08-06 21:13:26.049 22445 30087 E VA_PackageUtilsV2: 	at m30.r.getVersionCode(SourceFile:44)
08-06 21:13:26.049 22445 30087 E VA_PackageUtilsV2: 	at ez.r0.getVersionCode(SourceFile:1)
08-06 21:13:26.049 22445 30087 E VA_PackageUtilsV2: 	at ff.b.getAccessibilityInfo(SourceFile:93)
08-06 21:13:26.049 22445 30087 E VA_PackageUtilsV2: 	at ff.b.getSimulateClickState(SourceFile:1)
08-06 21:13:26.049 22445 30087 E VA_PackageUtilsV2: 	at com.xiaomi.voiceassistant.u0$a.getSimulateClickState(SourceFile:1)
08-06 21:13:26.049 22445 30087 E VA_PackageUtilsV2: 	at com.xiaomi.voiceassist.engine.context.CacheContext$a.run(SourceFile:14)
08-06 21:13:26.049 22445 30087 E VA_PackageUtilsV2: 	at java.util.concurrent.Executors$RunnableAdapter.call(Executors.java:487)
08-06 21:13:26.049 22445 30087 E VA_PackageUtilsV2: 	at java.util.concurrent.FutureTask.run(FutureTask.java:264)
08-06 21:13:26.049 22445 30087 E VA_PackageUtilsV2: 	at java.util.concurrent.ThreadPoolExecutor.runWorker(ThreadPoolExecutor.java:1251)
08-06 21:13:26.049 22445 30087 E VA_PackageUtilsV2: 	at java.util.concurrent.ThreadPoolExecutor$Worker.run(ThreadPoolExecutor.java:668)
08-06 21:13:26.049 22445 30087 E VA_PackageUtilsV2: 	at java.lang.Thread.run(Thread.java:1012)
08-06 21:13:26.049 22445 30087 I VA_FeatureModeUtils: allow = 1
08-06 21:13:26.050  1865  1865 I vendor.qti.hardware.servicetrackeraidl-service: bindService is called for service : com.google.android.gms/.chimera.GmsBoundBrokerService and for client com.google.android.gms
08-06 21:13:26.050  1865  1865 I vendor.qti.hardware.servicetrackeraidl-service: total connections for service : com.google.android.gms/.chimera.GmsBoundBrokerServiceare :2
08-06 21:13:26.050  1865  1865 I vendor.qti.hardware.servicetrackeraidl-service: total connections for client : com.google.android.gmsare :6
08-06 21:13:26.051  1865  1865 I vendor.qti.hardware.servicetrackeraidl-service: bindService is called for service : com.google.android.gms/.icing.service.AppIndexingService and for client com.google.android.gms.persistent
08-06 21:13:26.051  1865  1865 I vendor.qti.hardware.servicetrackeraidl-service: total connections for service : com.google.android.gms/.icing.service.AppIndexingServiceare :2
08-06 21:13:26.051  1865  1865 I vendor.qti.hardware.servicetrackeraidl-service: total connections for client : com.google.android.gms.persistentare :5
08-06 21:13:26.052 22445 30087 I VA_FeatureModeUtils: allow = 1
08-06 21:13:26.052 22445 30087 I VA_FileUtils: loadCommonInfo from assert class com.miui.voiceassist.accessibility.v
08-06 21:13:26.052 22445 30087 I VA_VoiceAccessibilityService: keepAccessibilityOpen = true switchOpen = true isReadScreenUsed = false
08-06 21:13:26.053 22445 30087 I VA_AccessibilityUtil: closeAccessibility settings = null:io.github.ylimit.droidbotapp/io.github.privacystreams.accessibility.PSAccessibilityService
08-06 21:13:26.053  1865  1865 I vendor.qti.hardware.servicetrackeraidl-service: bindService is called for service : com.google.android.gms/.icing.service.IndexService and for client com.google.android.gms.persistent
08-06 21:13:26.053  1865  1865 I vendor.qti.hardware.servicetrackeraidl-service: total connections for service : com.google.android.gms/.icing.service.IndexServiceare :2
08-06 21:13:26.053  1865  1865 I vendor.qti.hardware.servicetrackeraidl-service: total connections for client : com.google.android.gms.persistentare :6
08-06 21:13:26.053 22445 30087 I VA_AccessibilityUtil: closeAccessibility write ENABLED_ACCESSIBILITY_SERVICES result = true final settings = null:io.github.ylimit.droidbotapp/io.github.privacystreams.accessibility.PSAccessibilityService
08-06 21:13:26.053 22445 30087 I VA_FeatureModeUtils: allow = 1
08-06 21:13:26.054 22445 30087 I VA_FeatureModeUtils: allow = 1
08-06 21:13:26.057  2474 10068 W ParceledListSlice: Element #14 is 26548 bytes.
08-06 21:13:26.057 11128 12689 I Icing   : IndexChimeraService.getServiceInterface callingPackage=com.google.android.gms componentName=null serviceId=30
08-06 21:13:26.057 22445 30087 I VA_AiInputHelper: getVisibleHeight softHeight = 0 softKeyboardHeight = 0
08-06 21:13:26.058 22445  1795 I VA_GlobalContext: appVersionCode = -1930677291   last version = -1787473283
08-06 21:13:26.059  3050 25119 E libsensor-parseRGB: CWB NotifyCWBBufferDone  error 0
08-06 21:13:26.059 22445 30087 E VA_PackageUtilsV2: getVersionCode: error
08-06 21:13:26.059 22445 30087 E VA_PackageUtilsV2: android.content.pm.PackageManager$NameNotFoundException: com.jingdong.app.mall
08-06 21:13:26.059 22445 30087 E VA_PackageUtilsV2: 	at android.app.ApplicationPackageManager.getPackageInfoAsUser(ApplicationPackageManager.java:276)
08-06 21:13:26.059 22445 30087 E VA_PackageUtilsV2: 	at android.app.ApplicationPackageManager.getPackageInfo(ApplicationPackageManager.java:236)
08-06 21:13:26.059 22445 30087 E VA_PackageUtilsV2: 	at android.app.ApplicationPackageManager.getPackageInfo(ApplicationPackageManager.java:230)
08-06 21:13:26.059 22445 30087 E VA_PackageUtilsV2: 	at m30.r.getVersionCode(SourceFile:44)
08-06 21:13:26.059 22445 30087 E VA_PackageUtilsV2: 	at ez.r0.getVersionCode(SourceFile:1)
08-06 21:13:26.059 22445 30087 E VA_PackageUtilsV2: 	at ff.b.getAccessibilityInfo(SourceFile:93)
08-06 21:13:26.059 22445 30087 E VA_PackageUtilsV2: 	at com.xiaomi.voiceassistant.u0$a.getAccessibilityInfo(SourceFile:2)
08-06 21:13:26.059 22445 30087 E VA_PackageUtilsV2: 	at com.xiaomi.voiceassist.engine.context.CacheContext$a.run(SourceFile:87)
08-06 21:13:26.059 22445 30087 E VA_PackageUtilsV2: 	at java.util.concurrent.Executors$RunnableAdapter.call(Executors.java:487)
08-06 21:13:26.059 22445 30087 E VA_PackageUtilsV2: 	at java.util.concurrent.FutureTask.run(FutureTask.java:264)
08-06 21:13:26.059 22445 30087 E VA_PackageUtilsV2: 	at java.util.concurrent.ThreadPoolExecutor.runWorker(ThreadPoolExecutor.java:1251)
08-06 21:13:26.059 22445 30087 E VA_PackageUtilsV2: 	at java.util.concurrent.ThreadPoolExecutor$Worker.run(ThreadPoolExecutor.java:668)
08-06 21:13:26.059 22445 30087 E VA_PackageUtilsV2: 	at java.lang.Thread.run(Thread.java:1012)
08-06 21:13:26.060 22445 30087 E VA_PackageUtilsV2: getVersionCode: error
08-06 21:13:26.060 22445 30087 E VA_PackageUtilsV2: android.content.pm.PackageManager$NameNotFoundException: com.sdu.didi.psnger
08-06 21:13:26.060 22445 30087 E VA_PackageUtilsV2: 	at android.app.ApplicationPackageManager.getPackageInfoAsUser(ApplicationPackageManager.java:276)
08-06 21:13:26.060 22445 30087 E VA_PackageUtilsV2: 	at android.app.ApplicationPackageManager.getPackageInfo(ApplicationPackageManager.java:236)
08-06 21:13:26.060 22445 30087 E VA_PackageUtilsV2: 	at android.app.ApplicationPackageManager.getPackageInfo(ApplicationPackageManager.java:230)
08-06 21:13:26.060 22445 30087 E VA_PackageUtilsV2: 	at m30.r.getVersionCode(SourceFile:44)
08-06 21:13:26.060 22445 30087 E VA_PackageUtilsV2: 	at ez.r0.getVersionCode(SourceFile:1)
08-06 21:13:26.060 22445 30087 E VA_PackageUtilsV2: 	at ff.b.getAccessibilityInfo(SourceFile:93)
08-06 21:13:26.060 22445 30087 E VA_PackageUtilsV2: 	at com.xiaomi.voiceassistant.u0$a.getAccessibilityInfo(SourceFile:2)
08-06 21:13:26.060 22445 30087 E VA_PackageUtilsV2: 	at com.xiaomi.voiceassist.engine.context.CacheContext$a.run(SourceFile:87)
08-06 21:13:26.060 22445 30087 E VA_PackageUtilsV2: 	at java.util.concurrent.Executors$RunnableAdapter.call(Executors.java:487)
08-06 21:13:26.060 22445 30087 E VA_PackageUtilsV2: 	at java.util.concurrent.FutureTask.run(FutureTask.java:264)
08-06 21:13:26.060 22445 30087 E VA_PackageUtilsV2: 	at java.util.concurrent.ThreadPoolExecutor.runWorker(ThreadPoolExecutor.java:1251)
08-06 21:13:26.060 22445 30087 E VA_PackageUtilsV2: 	at java.util.concurrent.ThreadPoolExecutor$Worker.run(ThreadPoolExecutor.java:668)
08-06 21:13:26.060 22445 30087 E VA_PackageUtilsV2: 	at java.lang.Thread.run(Thread.java:1012)
08-06 21:13:26.060 22445 30087 E VA_PackageUtilsV2: getVersionCode: error
08-06 21:13:26.060 22445 30087 E VA_PackageUtilsV2: android.content.pm.PackageManager$NameNotFoundException: com.ximalaya.ting.android
08-06 21:13:26.060 22445 30087 E VA_PackageUtilsV2: 	at android.app.ApplicationPackageManager.getPackageInfoAsUser(ApplicationPackageManager.java:276)
08-06 21:13:26.060 22445 30087 E VA_PackageUtilsV2: 	at android.app.ApplicationPackageManager.getPackageInfo(ApplicationPackageManager.java:236)
08-06 21:13:26.060 22445 30087 E VA_PackageUtilsV2: 	at android.app.ApplicationPackageManager.getPackageInfo(ApplicationPackageManager.java:230)
08-06 21:13:26.060 22445 30087 E VA_PackageUtilsV2: 	at m30.r.getVersionCode(SourceFile:44)
08-06 21:13:26.060 22445 30087 E VA_PackageUtilsV2: 	at ez.r0.getVersionCode(SourceFile:1)
08-06 21:13:26.060 22445 30087 E VA_PackageUtilsV2: 	at ff.b.getAccessibilityInfo(SourceFile:93)
08-06 21:13:26.060 22445 30087 E VA_PackageUtilsV2: 	at com.xiaomi.voiceassistant.u0$a.getAccessibilityInfo(SourceFile:2)
08-06 21:13:26.060 22445 30087 E VA_PackageUtilsV2: 	at com.xiaomi.voiceassist.engine.context.CacheContext$a.run(SourceFile:87)
08-06 21:13:26.060 22445 30087 E VA_PackageUtilsV2: 	at java.util.concurrent.Executors$RunnableAdapter.call(Executors.java:487)
08-06 21:13:26.060 22445 30087 E VA_PackageUtilsV2: 	at java.util.concurrent.FutureTask.run(FutureTask.java:264)
08-06 21:13:26.060 22445 30087 E VA_PackageUtilsV2: 	at java.util.concurrent.ThreadPoolExecutor.runWorker(ThreadPoolExecutor.java:1251)
08-06 21:13:26.060 22445 30087 E VA_PackageUtilsV2: 	at java.util.concurrent.ThreadPoolExecutor$Worker.run(ThreadPoolExecutor.java:668)
08-06 21:13:26.060 22445 30087 E VA_PackageUtilsV2: 	at java.lang.Thread.run(Thread.java:1012)
08-06 21:13:26.060 22445  1795 I VA_GlobalContext: createLocalAppsJson size:77
08-06 21:13:26.060 22445 30087 E VA_PackageUtilsV2: getVersionCode: error
08-06 21:13:26.060 22445 30087 E VA_PackageUtilsV2: android.content.pm.PackageManager$NameNotFoundException: com.mobike.mobikeapp
08-06 21:13:26.060 22445 30087 E VA_PackageUtilsV2: 	at android.app.ApplicationPackageManager.getPackageInfoAsUser(ApplicationPackageManager.java:276)
08-06 21:13:26.060 22445 30087 E VA_PackageUtilsV2: 	at android.app.ApplicationPackageManager.getPackageInfo(ApplicationPackageManager.java:236)
08-06 21:13:26.060 22445 30087 E VA_PackageUtilsV2: 	at android.app.ApplicationPackageManager.getPackageInfo(ApplicationPackageManager.java:230)
08-06 21:13:26.060 22445 30087 E VA_PackageUtilsV2: 	at m30.r.getVersionCode(SourceFile:44)
08-06 21:13:26.060 22445 30087 E VA_PackageUtilsV2: 	at ez.r0.getVersionCode(SourceFile:1)
08-06 21:13:26.060 22445 30087 E VA_PackageUtilsV2: 	at ff.b.getAccessibilityInfo(SourceFile:93)
08-06 21:13:26.060 22445 30087 E VA_PackageUtilsV2: 	at com.xiaomi.voiceassistant.u0$a.getAccessibilityInfo(SourceFile:2)
08-06 21:13:26.060 22445 30087 E VA_PackageUtilsV2: 	at com.xiaomi.voiceassist.engine.context.CacheContext$a.run(SourceFile:87)
08-06 21:13:26.060 22445 30087 E VA_PackageUtilsV2: 	at java.util.concurrent.Executors$RunnableAdapter.call(Executors.java:487)
08-06 21:13:26.060 22445 30087 E VA_PackageUtilsV2: 	at java.util.concurrent.FutureTask.run(FutureTask.java:264)
08-06 21:13:26.060 22445 30087 E VA_PackageUtilsV2: 	at java.util.concurrent.ThreadPoolExecutor.runWorker(ThreadPoolExecutor.java:1251)
08-06 21:13:26.060 22445 30087 E VA_PackageUtilsV2: 	at java.util.concurrent.ThreadPoolExecutor$Worker.run(ThreadPoolExecutor.java:668)
08-06 21:13:26.060 22445 30087 E VA_PackageUtilsV2: 	at java.lang.Thread.run(Thread.java:1012)
08-06 21:13:26.060 11128  1921 I Icing   : Usage reports ok 0, Failed Usage reports 0, indexed 0, rejected 0
08-06 21:13:26.060 22445 30087 E VA_PackageUtilsV2: getVersionCode: error
08-06 21:13:26.060 22445 30087 E VA_PackageUtilsV2: android.content.pm.PackageManager$NameNotFoundException: so.ofo.labofo
08-06 21:13:26.060 22445 30087 E VA_PackageUtilsV2: 	at android.app.ApplicationPackageManager.getPackageInfoAsUser(ApplicationPackageManager.java:276)
08-06 21:13:26.060 22445 30087 E VA_PackageUtilsV2: 	at android.app.ApplicationPackageManager.getPackageInfo(ApplicationPackageManager.java:236)
08-06 21:13:26.060 22445 30087 E VA_PackageUtilsV2: 	at android.app.ApplicationPackageManager.getPackageInfo(ApplicationPackageManager.java:230)
08-06 21:13:26.060 22445 30087 E VA_PackageUtilsV2: 	at m30.r.getVersionCode(SourceFile:44)
08-06 21:13:26.060 22445 30087 E VA_PackageUtilsV2: 	at ez.r0.getVersionCode(SourceFile:1)
08-06 21:13:26.060 22445 30087 E VA_PackageUtilsV2: 	at ff.b.getAccessibilityInfo(SourceFile:93)
08-06 21:13:26.060 22445 30087 E VA_PackageUtilsV2: 	at com.xiaomi.voiceassistant.u0$a.getAccessibilityInfo(SourceFile:2)
08-06 21:13:26.060 22445 30087 E VA_PackageUtilsV2: 	at com.xiaomi.voiceassist.engine.context.CacheContext$a.run(SourceFile:87)
08-06 21:13:26.060 22445 30087 E VA_PackageUtilsV2: 	at java.util.concurrent.Executors$RunnableAdapter.call(Executors.java:487)
08-06 21:13:26.060 22445 30087 E VA_PackageUtilsV2: 	at java.util.concurrent.FutureTask.run(FutureTask.java:264)
08-06 21:13:26.060 22445 30087 E VA_PackageUtilsV2: 	at java.util.concurrent.ThreadPoolExecutor.runWorker(ThreadPoolExecutor.java:1251)
08-06 21:13:26.060 22445 30087 E VA_PackageUtilsV2: 	at java.util.concurrent.ThreadPoolExecutor$Worker.run(ThreadPoolExecutor.java:668)
08-06 21:13:26.060 22445 30087 E VA_PackageUtilsV2: 	at java.lang.Thread.run(Thread.java:1012)
08-06 21:13:26.060 22445  1795 I VA_AivsSDK-[AIVS 2073-IO_task_33] EngineImpl: updateAppData: not update
08-06 21:13:26.061 22445 30087 E VA_PackageUtilsV2: getVersionCode: error
08-06 21:13:26.061 22445 30087 E VA_PackageUtilsV2: android.content.pm.PackageManager$NameNotFoundException: com.kugou.android
08-06 21:13:26.061 22445 30087 E VA_PackageUtilsV2: 	at android.app.ApplicationPackageManager.getPackageInfoAsUser(ApplicationPackageManager.java:276)
08-06 21:13:26.061 22445 30087 E VA_PackageUtilsV2: 	at android.app.ApplicationPackageManager.getPackageInfo(ApplicationPackageManager.java:236)
08-06 21:13:26.061 22445 30087 E VA_PackageUtilsV2: 	at android.app.ApplicationPackageManager.getPackageInfo(ApplicationPackageManager.java:230)
08-06 21:13:26.061 22445 30087 E VA_PackageUtilsV2: 	at m30.r.getVersionCode(SourceFile:44)
08-06 21:13:26.061 22445 30087 E VA_PackageUtilsV2: 	at ez.r0.getVersionCode(SourceFile:1)
08-06 21:13:26.061 22445 30087 E VA_PackageUtilsV2: 	at ff.b.getAccessibilityInfo(SourceFile:93)
08-06 21:13:26.061 22445 30087 E VA_PackageUtilsV2: 	at com.xiaomi.voiceassistant.u0$a.getAccessibilityInfo(SourceFile:2)
08-06 21:13:26.061 22445 30087 E VA_PackageUtilsV2: 	at com.xiaomi.voiceassist.engine.context.CacheContext$a.run(SourceFile:87)
08-06 21:13:26.061 22445 30087 E VA_PackageUtilsV2: 	at java.util.concurrent.Executors$RunnableAdapter.call(Executors.java:487)
08-06 21:13:26.061 22445 30087 E VA_PackageUtilsV2: 	at java.util.concurrent.FutureTask.run(FutureTask.java:264)
08-06 21:13:26.061 22445 30087 E VA_PackageUtilsV2: 	at java.util.concurrent.ThreadPoolExecutor.runWorker(ThreadPoolExecutor.java:1251)
08-06 21:13:26.061 22445 30087 E VA_PackageUtilsV2: 	at java.util.concurrent.ThreadPoolExecutor$Worker.run(ThreadPoolExecutor.java:668)
08-06 21:13:26.061 22445 30087 E VA_PackageUtilsV2: 	at java.lang.Thread.run(Thread.java:1012)
08-06 21:13:26.061 11354 11407 I Finsky  : [1689] mjw.ajf(151): [ContentSync] finished, scheduled=true
08-06 21:13:26.061 22445 30087 E VA_PackageUtilsV2: getVersionCode: error
08-06 21:13:26.061 22445 30087 E VA_PackageUtilsV2: android.content.pm.PackageManager$NameNotFoundException: com.netease.cloudmusic
08-06 21:13:26.061 22445 30087 E VA_PackageUtilsV2: 	at android.app.ApplicationPackageManager.getPackageInfoAsUser(ApplicationPackageManager.java:276)
08-06 21:13:26.061 22445 30087 E VA_PackageUtilsV2: 	at android.app.ApplicationPackageManager.getPackageInfo(ApplicationPackageManager.java:236)
08-06 21:13:26.061 22445 30087 E VA_PackageUtilsV2: 	at android.app.ApplicationPackageManager.getPackageInfo(ApplicationPackageManager.java:230)
08-06 21:13:26.061 22445 30087 E VA_PackageUtilsV2: 	at m30.r.getVersionCode(SourceFile:44)
08-06 21:13:26.061 22445 30087 E VA_PackageUtilsV2: 	at ez.r0.getVersionCode(SourceFile:1)
08-06 21:13:26.061 22445 30087 E VA_PackageUtilsV2: 	at ff.b.getAccessibilityInfo(SourceFile:93)
08-06 21:13:26.061 22445 30087 E VA_PackageUtilsV2: 	at com.xiaomi.voiceassistant.u0$a.getAccessibilityInfo(SourceFile:2)
08-06 21:13:26.061 22445 30087 E VA_PackageUtilsV2: 	at com.xiaomi.voiceassist.engine.context.CacheContext$a.run(SourceFile:87)
08-06 21:13:26.061 22445 30087 E VA_PackageUtilsV2: 	at java.util.concurrent.Executors$RunnableAdapter.call(Executors.java:487)
08-06 21:13:26.061 22445 30087 E VA_PackageUtilsV2: 	at java.util.concurrent.FutureTask.run(FutureTask.java:264)
08-06 21:13:26.061 22445 30087 E VA_PackageUtilsV2: 	at java.util.concurrent.ThreadPoolExecutor.runWorker(ThreadPoolExecutor.java:1251)
08-06 21:13:26.061 22445 30087 E VA_PackageUtilsV2: 	at java.util.concurrent.ThreadPoolExecutor$Worker.run(ThreadPoolExecutor.java:668)
08-06 21:13:26.061 22445 30087 E VA_PackageUtilsV2: 	at java.lang.Thread.run(Thread.java:1012)
08-06 21:13:26.061 22445 30087 E VA_PackageUtilsV2: getVersionCode: error
08-06 21:13:26.061 22445 30087 E VA_PackageUtilsV2: android.content.pm.PackageManager$NameNotFoundException: com.tencent.qqmusic
08-06 21:13:26.061 22445 30087 E VA_PackageUtilsV2: 	at android.app.ApplicationPackageManager.getPackageInfoAsUser(ApplicationPackageManager.java:276)
08-06 21:13:26.061 22445 30087 E VA_PackageUtilsV2: 	at android.app.ApplicationPackageManager.getPackageInfo(ApplicationPackageManager.java:236)
08-06 21:13:26.061 22445 30087 E VA_PackageUtilsV2: 	at android.app.ApplicationPackageManager.getPackageInfo(ApplicationPackageManager.java:230)
08-06 21:13:26.061 22445 30087 E VA_PackageUtilsV2: 	at m30.r.getVersionCode(SourceFile:44)
08-06 21:13:26.061 22445 30087 E VA_PackageUtilsV2: 	at ez.r0.getVersionCode(SourceFile:1)
08-06 21:13:26.061 22445 30087 E VA_PackageUtilsV2: 	at ff.b.getAccessibilityInfo(SourceFile:93)
08-06 21:13:26.061 22445 30087 E VA_PackageUtilsV2: 	at com.xiaomi.voiceassistant.u0$a.getAccessibilityInfo(SourceFile:2)
08-06 21:13:26.061 22445 30087 E VA_PackageUtilsV2: 	at com.xiaomi.voiceassist.engine.context.CacheContext$a.run(SourceFile:87)
08-06 21:13:26.061 22445 30087 E VA_PackageUtilsV2: 	at java.util.concurrent.Executors$RunnableAdapter.call(Executors.java:487)
08-06 21:13:26.061 22445 30087 E VA_PackageUtilsV2: 	at java.util.concurrent.FutureTask.run(FutureTask.java:264)
08-06 21:13:26.061 22445 30087 E VA_PackageUtilsV2: 	at java.util.concurrent.ThreadPoolExecutor.runWorker(ThreadPoolExecutor.java:1251)
08-06 21:13:26.061 22445 30087 E VA_PackageUtilsV2: 	at java.util.concurrent.ThreadPoolExecutor$Worker.run(ThreadPoolExecutor.java:668)
08-06 21:13:26.061 22445 30087 E VA_PackageUtilsV2: 	at java.lang.Thread.run(Thread.java:1012)
08-06 21:13:26.062 22445 30087 E VA_PackageUtilsV2: getVersionCode: error
08-06 21:13:26.062 22445 30087 E VA_PackageUtilsV2: android.content.pm.PackageManager$NameNotFoundException: com.qiyi.video
08-06 21:13:26.062 22445 30087 E VA_PackageUtilsV2: 	at android.app.ApplicationPackageManager.getPackageInfoAsUser(ApplicationPackageManager.java:276)
08-06 21:13:26.062 22445 30087 E VA_PackageUtilsV2: 	at android.app.ApplicationPackageManager.getPackageInfo(ApplicationPackageManager.java:236)
08-06 21:13:26.062 22445 30087 E VA_PackageUtilsV2: 	at android.app.ApplicationPackageManager.getPackageInfo(ApplicationPackageManager.java:230)
08-06 21:13:26.062 22445 30087 E VA_PackageUtilsV2: 	at m30.r.getVersionCode(SourceFile:44)
08-06 21:13:26.062 22445 30087 E VA_PackageUtilsV2: 	at ez.r0.getVersionCode(SourceFile:1)
08-06 21:13:26.062 22445 30087 E VA_PackageUtilsV2: 	at ff.b.getAccessibilityInfo(SourceFile:93)
08-06 21:13:26.062 22445 30087 E VA_PackageUtilsV2: 	at com.xiaomi.voiceassistant.u0$a.getAccessibilityInfo(SourceFile:2)
08-06 21:13:26.062 22445 30087 E VA_PackageUtilsV2: 	at com.xiaomi.voiceassist.engine.context.CacheContext$a.run(SourceFile:87)
08-06 21:13:26.062 22445 30087 E VA_PackageUtilsV2: 	at java.util.concurrent.Executors$RunnableAdapter.call(Executors.java:487)
08-06 21:13:26.062 22445 30087 E VA_PackageUtilsV2: 	at java.util.concurrent.FutureTask.run(FutureTask.java:264)
08-06 21:13:26.062 22445 30087 E VA_PackageUtilsV2: 	at java.util.concurrent.ThreadPoolExecutor.runWorker(ThreadPoolExecutor.java:1251)
08-06 21:13:26.062 22445 30087 E VA_PackageUtilsV2: 	at java.util.concurrent.ThreadPoolExecutor$Worker.run(ThreadPoolExecutor.java:668)
08-06 21:13:26.062 22445 30087 E VA_PackageUtilsV2: 	at java.lang.Thread.run(Thread.java:1012)
08-06 21:13:26.062 22445 30087 E VA_PackageUtilsV2: getVersionCode: error
08-06 21:13:26.062 22445 30087 E VA_PackageUtilsV2: android.content.pm.PackageManager$NameNotFoundException: com.tencent.qqlive
08-06 21:13:26.062 22445 30087 E VA_PackageUtilsV2: 	at android.app.ApplicationPackageManager.getPackageInfoAsUser(ApplicationPackageManager.java:276)
08-06 21:13:26.062 22445 30087 E VA_PackageUtilsV2: 	at android.app.ApplicationPackageManager.getPackageInfo(ApplicationPackageManager.java:236)
08-06 21:13:26.062 22445 30087 E VA_PackageUtilsV2: 	at android.app.ApplicationPackageManager.getPackageInfo(ApplicationPackageManager.java:230)
08-06 21:13:26.062 22445 30087 E VA_PackageUtilsV2: 	at m30.r.getVersionCode(SourceFile:44)
08-06 21:13:26.062 22445 30087 E VA_PackageUtilsV2: 	at ez.r0.getVersionCode(SourceFile:1)
08-06 21:13:26.062 22445 30087 E VA_PackageUtilsV2: 	at ff.b.getAccessibilityInfo(SourceFile:93)
08-06 21:13:26.062 22445 30087 E VA_PackageUtilsV2: 	at com.xiaomi.voiceassistant.u0$a.getAccessibilityInfo(SourceFile:2)
08-06 21:13:26.062 22445 30087 E VA_PackageUtilsV2: 	at com.xiaomi.voiceassist.engine.context.CacheContext$a.run(SourceFile:87)
08-06 21:13:26.062 22445 30087 E VA_PackageUtilsV2: 	at java.util.concurrent.Executors$RunnableAdapter.call(Executors.java:487)
08-06 21:13:26.062 22445 30087 E VA_PackageUtilsV2: 	at java.util.concurrent.FutureTask.run(FutureTask.java:264)
08-06 21:13:26.062 22445 30087 E VA_PackageUtilsV2: 	at java.util.concurrent.ThreadPoolExecutor.runWorker(ThreadPoolExecutor.java:1251)
08-06 21:13:26.062 22445 30087 E VA_PackageUtilsV2: 	at java.util.concurrent.ThreadPoolExecutor$Worker.run(ThreadPoolExecutor.java:668)
08-06 21:13:26.062 22445 30087 E VA_PackageUtilsV2: 	at java.lang.Thread.run(Thread.java:1012)
08-06 21:13:26.062 22445 30087 E VA_PackageUtilsV2: getVersionCode: error
08-06 21:13:26.062 22445 30087 E VA_PackageUtilsV2: android.content.pm.PackageManager$NameNotFoundException: com.eg.android.AlipayGphone
08-06 21:13:26.062 22445 30087 E VA_PackageUtilsV2: 	at android.app.ApplicationPackageManager.getPackageInfoAsUser(ApplicationPackageManager.java:276)
08-06 21:13:26.062 22445 30087 E VA_PackageUtilsV2: 	at android.app.ApplicationPackageManager.getPackageInfo(ApplicationPackageManager.java:236)
08-06 21:13:26.062 22445 30087 E VA_PackageUtilsV2: 	at android.app.ApplicationPackageManager.getPackageInfo(ApplicationPackageManager.java:230)
08-06 21:13:26.062 22445 30087 E VA_PackageUtilsV2: 	at m30.r.getVersionCode(SourceFile:44)
08-06 21:13:26.062 22445 30087 E VA_PackageUtilsV2: 	at ez.r0.getVersionCode(SourceFile:1)
08-06 21:13:26.062 22445 30087 E VA_PackageUtilsV2: 	at ff.b.getAccessibilityInfo(SourceFile:93)
08-06 21:13:26.062 22445 30087 E VA_PackageUtilsV2: 	at com.xiaomi.voiceassistant.u0$a.getAccessibilityInfo(SourceFile:2)
08-06 21:13:26.062 22445 30087 E VA_PackageUtilsV2: 	at com.xiaomi.voiceassist.engine.context.CacheContext$a.run(SourceFile:87)
08-06 21:13:26.062 22445 30087 E VA_PackageUtilsV2: 	at java.util.concurrent.Executors$RunnableAdapter.call(Executors.java:487)
08-06 21:13:26.062 22445 30087 E VA_PackageUtilsV2: 	at java.util.concurrent.FutureTask.run(FutureTask.java:264)
08-06 21:13:26.062 22445 30087 E VA_PackageUtilsV2: 	at java.util.concurrent.ThreadPoolExecutor.runWorker(ThreadPoolExecutor.java:1251)
08-06 21:13:26.062 22445 30087 E VA_PackageUtilsV2: 	at java.util.concurrent.ThreadPoolExecutor$Worker.run(ThreadPoolExecutor.java:668)
08-06 21:13:26.062 22445 30087 E VA_PackageUtilsV2: 	at java.lang.Thread.run(Thread.java:1012)
08-06 21:13:26.062 22445 30087 E VA_PackageUtilsV2: getVersionCode: error
08-06 21:13:26.062 22445 30087 E VA_PackageUtilsV2: android.content.pm.PackageManager$NameNotFoundException: com.tencent.mm
08-06 21:13:26.062 22445 30087 E VA_PackageUtilsV2: 	at android.app.ApplicationPackageManager.getPackageInfoAsUser(ApplicationPackageManager.java:276)
08-06 21:13:26.062 22445 30087 E VA_PackageUtilsV2: 	at android.app.ApplicationPackageManager.getPackageInfo(ApplicationPackageManager.java:236)
08-06 21:13:26.062 22445 30087 E VA_PackageUtilsV2: 	at android.app.ApplicationPackageManager.getPackageInfo(ApplicationPackageManager.java:230)
08-06 21:13:26.062 22445 30087 E VA_PackageUtilsV2: 	at m30.r.getVersionCode(SourceFile:44)
08-06 21:13:26.062 22445 30087 E VA_PackageUtilsV2: 	at ez.r0.getVersionCode(SourceFile:1)
08-06 21:13:26.062 22445 30087 E VA_PackageUtilsV2: 	at ff.b.getAccessibilityInfo(SourceFile:93)
08-06 21:13:26.062 22445 30087 E VA_PackageUtilsV2: 	at com.xiaomi.voiceassistant.u0$a.getAccessibilityInfo(SourceFile:2)
08-06 21:13:26.062 22445 30087 E VA_PackageUtilsV2: 	at com.xiaomi.voiceassist.engine.context.CacheContext$a.run(SourceFile:87)
08-06 21:13:26.062 22445 30087 E VA_PackageUtilsV2: 	at java.util.concurrent.Executors$RunnableAdapter.call(Executors.java:487)
08-06 21:13:26.062 22445 30087 E VA_PackageUtilsV2: 	at java.util.concurrent.FutureTask.run(FutureTask.java:264)
08-06 21:13:26.062 22445 30087 E VA_PackageUtilsV2: 	at java.util.concurrent.ThreadPoolExecutor.runWorker(ThreadPoolExecutor.java:1251)
08-06 21:13:26.062 22445 30087 E VA_PackageUtilsV2: 	at java.util.concurrent.ThreadPoolExecutor$Worker.run(ThreadPoolExecutor.java:668)
08-06 21:13:26.062 22445 30087 E VA_PackageUtilsV2: 	at java.lang.Thread.run(Thread.java:1012)
08-06 21:13:26.063 22445 30087 E VA_PackageUtilsV2: getVersionCode: error
08-06 21:13:26.063 22445 30087 E VA_PackageUtilsV2: android.content.pm.PackageManager$NameNotFoundException: com.tencent.mobileqq
08-06 21:13:26.063 22445 30087 E VA_PackageUtilsV2: 	at android.app.ApplicationPackageManager.getPackageInfoAsUser(ApplicationPackageManager.java:276)
08-06 21:13:26.063 22445 30087 E VA_PackageUtilsV2: 	at android.app.ApplicationPackageManager.getPackageInfo(ApplicationPackageManager.java:236)
08-06 21:13:26.063 22445 30087 E VA_PackageUtilsV2: 	at android.app.ApplicationPackageManager.getPackageInfo(ApplicationPackageManager.java:230)
08-06 21:13:26.063 22445 30087 E VA_PackageUtilsV2: 	at m30.r.getVersionCode(SourceFile:44)
08-06 21:13:26.063 22445 30087 E VA_PackageUtilsV2: 	at ez.r0.getVersionCode(SourceFile:1)
08-06 21:13:26.063 22445 30087 E VA_PackageUtilsV2: 	at ff.b.getAccessibilityInfo(SourceFile:93)
08-06 21:13:26.063 22445 30087 E VA_PackageUtilsV2: 	at com.xiaomi.voiceassistant.u0$a.getAccessibilityInfo(SourceFile:2)
08-06 21:13:26.063 22445 30087 E VA_PackageUtilsV2: 	at com.xiaomi.voiceassist.engine.context.CacheContext$a.run(SourceFile:87)
08-06 21:13:26.063 22445 30087 E VA_PackageUtilsV2: 	at java.util.concurrent.Executors$RunnableAdapter.call(Executors.java:487)
08-06 21:13:26.063 22445 30087 E VA_PackageUtilsV2: 	at java.util.concurrent.FutureTask.run(FutureTask.java:264)
08-06 21:13:26.063 22445 30087 E VA_PackageUtilsV2: 	at java.util.concurrent.ThreadPoolExecutor.runWorker(ThreadPoolExecutor.java:1251)
08-06 21:13:26.063 22445 30087 E VA_PackageUtilsV2: 	at java.util.concurrent.ThreadPoolExecutor$Worker.run(ThreadPoolExecutor.java:668)
08-06 21:13:26.063 22445 30087 E VA_PackageUtilsV2: 	at java.lang.Thread.run(Thread.java:1012)
08-06 21:13:26.063 22445 30087 E VA_PackageUtilsV2: getVersionCode: error
08-06 21:13:26.063 22445 30087 E VA_PackageUtilsV2: android.content.pm.PackageManager$NameNotFoundException: com.youku.phone
08-06 21:13:26.063 22445 30087 E VA_PackageUtilsV2: 	at android.app.ApplicationPackageManager.getPackageInfoAsUser(ApplicationPackageManager.java:276)
08-06 21:13:26.063 22445 30087 E VA_PackageUtilsV2: 	at android.app.ApplicationPackageManager.getPackageInfo(ApplicationPackageManager.java:236)
08-06 21:13:26.063 22445 30087 E VA_PackageUtilsV2: 	at android.app.ApplicationPackageManager.getPackageInfo(ApplicationPackageManager.java:230)
08-06 21:13:26.063 22445 30087 E VA_PackageUtilsV2: 	at m30.r.getVersionCode(SourceFile:44)
08-06 21:13:26.063 22445 30087 E VA_PackageUtilsV2: 	at ez.r0.getVersionCode(SourceFile:1)
08-06 21:13:26.063 22445 30087 E VA_PackageUtilsV2: 	at ff.b.getAccessibilityInfo(SourceFile:93)
08-06 21:13:26.063 22445 30087 E VA_PackageUtilsV2: 	at com.xiaomi.voiceassistant.u0$a.getAccessibilityInfo(SourceFile:2)
08-06 21:13:26.063 22445 30087 E VA_PackageUtilsV2: 	at com.xiaomi.voiceassist.engine.context.CacheContext$a.run(SourceFile:87)
08-06 21:13:26.063 22445 30087 E VA_PackageUtilsV2: 	at java.util.concurrent.Executors$RunnableAdapter.call(Executors.java:487)
08-06 21:13:26.063 22445 30087 E VA_PackageUtilsV2: 	at java.util.concurrent.FutureTask.run(FutureTask.java:264)
08-06 21:13:26.063 22445 30087 E VA_PackageUtilsV2: 	at java.util.concurrent.ThreadPoolExecutor.runWorker(ThreadPoolExecutor.java:1251)
08-06 21:13:26.063 22445 30087 E VA_PackageUtilsV2: 	at java.util.concurrent.ThreadPoolExecutor$Worker.run(ThreadPoolExecutor.java:668)
08-06 21:13:26.063 22445 30087 E VA_PackageUtilsV2: 	at java.lang.Thread.run(Thread.java:1012)
08-06 21:13:26.063 22445 30087 E VA_PackageUtilsV2: getVersionCode: error
08-06 21:13:26.063 22445 30087 E VA_PackageUtilsV2: android.content.pm.PackageManager$NameNotFoundException: com.dianping.v1
08-06 21:13:26.063 22445 30087 E VA_PackageUtilsV2: 	at android.app.ApplicationPackageManager.getPackageInfoAsUser(ApplicationPackageManager.java:276)
08-06 21:13:26.063 22445 30087 E VA_PackageUtilsV2: 	at android.app.ApplicationPackageManager.getPackageInfo(ApplicationPackageManager.java:236)
08-06 21:13:26.063 22445 30087 E VA_PackageUtilsV2: 	at android.app.ApplicationPackageManager.getPackageInfo(ApplicationPackageManager.java:230)
08-06 21:13:26.063 22445 30087 E VA_PackageUtilsV2: 	at m30.r.getVersionCode(SourceFile:44)
08-06 21:13:26.063 22445 30087 E VA_PackageUtilsV2: 	at ez.r0.getVersionCode(SourceFile:1)
08-06 21:13:26.063 22445 30087 E VA_PackageUtilsV2: 	at ff.b.getAccessibilityInfo(SourceFile:93)
08-06 21:13:26.063 22445 30087 E VA_PackageUtilsV2: 	at com.xiaomi.voiceassistant.u0$a.getAccessibilityInfo(SourceFile:2)
08-06 21:13:26.063 22445 30087 E VA_PackageUtilsV2: 	at com.xiaomi.voiceassist.engine.context.CacheContext$a.run(SourceFile:87)
08-06 21:13:26.063 22445 30087 E VA_PackageUtilsV2: 	at java.util.concurrent.Executors$RunnableAdapter.call(Executors.java:487)
08-06 21:13:26.063 22445 30087 E VA_PackageUtilsV2: 	at java.util.concurrent.FutureTask.run(FutureTask.java:264)
08-06 21:13:26.063 22445 30087 E VA_PackageUtilsV2: 	at java.util.concurrent.ThreadPoolExecutor.runWorker(ThreadPoolExecutor.java:1251)
08-06 21:13:26.063 22445 30087 E VA_PackageUtilsV2: 	at java.util.concurrent.ThreadPoolExecutor$Worker.run(ThreadPoolExecutor.java:668)
08-06 21:13:26.063 22445 30087 E VA_PackageUtilsV2: 	at java.lang.Thread.run(Thread.java:1012)
08-06 21:13:26.064 22445 30087 E VA_PackageUtilsV2: getVersionCode: error
08-06 21:13:26.064 22445 30087 E VA_PackageUtilsV2: android.content.pm.PackageManager$NameNotFoundException: com.sina.weibo
08-06 21:13:26.064 22445 30087 E VA_PackageUtilsV2: 	at android.app.ApplicationPackageManager.getPackageInfoAsUser(ApplicationPackageManager.java:276)
08-06 21:13:26.064 22445 30087 E VA_PackageUtilsV2: 	at android.app.ApplicationPackageManager.getPackageInfo(ApplicationPackageManager.java:236)
08-06 21:13:26.064 22445 30087 E VA_PackageUtilsV2: 	at android.app.ApplicationPackageManager.getPackageInfo(ApplicationPackageManager.java:230)
08-06 21:13:26.064 22445 30087 E VA_PackageUtilsV2: 	at m30.r.getVersionCode(SourceFile:44)
08-06 21:13:26.064 22445 30087 E VA_PackageUtilsV2: 	at ez.r0.getVersionCode(SourceFile:1)
08-06 21:13:26.064 22445 30087 E VA_PackageUtilsV2: 	at ff.b.getAccessibilityInfo(SourceFile:93)
08-06 21:13:26.064 22445 30087 E VA_PackageUtilsV2: 	at com.xiaomi.voiceassistant.u0$a.getAccessibilityInfo(SourceFile:2)
08-06 21:13:26.064 22445 30087 E VA_PackageUtilsV2: 	at com.xiaomi.voiceassist.engine.context.CacheContext$a.run(SourceFile:87)
08-06 21:13:26.064 22445 30087 E VA_PackageUtilsV2: 	at java.util.concurrent.Executors$RunnableAdapter.call(Executors.java:487)
08-06 21:13:26.064 22445 30087 E VA_PackageUtilsV2: 	at java.util.concurrent.FutureTask.run(FutureTask.java:264)
08-06 21:13:26.064 22445 30087 E VA_PackageUtilsV2: 	at java.util.concurrent.ThreadPoolExecutor.runWorker(ThreadPoolExecutor.java:1251)
08-06 21:13:26.064 22445 30087 E VA_PackageUtilsV2: 	at java.util.concurrent.ThreadPoolExecutor$Worker.run(ThreadPoolExecutor.java:668)
08-06 21:13:26.064 22445 30087 E VA_PackageUtilsV2: 	at java.lang.Thread.run(Thread.java:1012)
08-06 21:13:26.064 22445 30087 E VA_PackageUtilsV2: getVersionCode: error
08-06 21:13:26.064 22445 30087 E VA_PackageUtilsV2: android.content.pm.PackageManager$NameNotFoundException: com.xiaomi.lens
08-06 21:13:26.064 22445 30087 E VA_PackageUtilsV2: 	at android.app.ApplicationPackageManager.getPackageInfoAsUser(ApplicationPackageManager.java:276)
08-06 21:13:26.064 22445 30087 E VA_PackageUtilsV2: 	at android.app.ApplicationPackageManager.getPackageInfo(ApplicationPackageManager.java:236)
08-06 21:13:26.064 22445 30087 E VA_PackageUtilsV2: 	at android.app.ApplicationPackageManager.getPackageInfo(ApplicationPackageManager.java:230)
08-06 21:13:26.064 22445 30087 E VA_PackageUtilsV2: 	at m30.r.getVersionCode(SourceFile:44)
08-06 21:13:26.064 22445 30087 E VA_PackageUtilsV2: 	at ez.r0.getVersionCode(SourceFile:1)
08-06 21:13:26.064 22445 30087 E VA_PackageUtilsV2: 	at ff.b.getAccessibilityInfo(SourceFile:93)
08-06 21:13:26.064 22445 30087 E VA_PackageUtilsV2: 	at com.xiaomi.voiceassistant.u0$a.getAccessibilityInfo(SourceFile:2)
08-06 21:13:26.064 22445 30087 E VA_PackageUtilsV2: 	at com.xiaomi.voiceassist.engine.context.CacheContext$a.run(SourceFile:87)
08-06 21:13:26.064 22445 30087 E VA_PackageUtilsV2: 	at java.util.concurrent.Executors$RunnableAdapter.call(Executors.java:487)
08-06 21:13:26.064 22445 30087 E VA_PackageUtilsV2: 	at java.util.concurrent.FutureTask.run(FutureTask.java:264)
08-06 21:13:26.064 22445 30087 E VA_PackageUtilsV2: 	at java.util.concurrent.ThreadPoolExecutor.runWorker(ThreadPoolExecutor.java:1251)
08-06 21:13:26.064 22445 30087 E VA_PackageUtilsV2: 	at java.util.concurrent.ThreadPoolExecutor$Worker.run(ThreadPoolExecutor.java:668)
08-06 21:13:26.064 22445 30087 E VA_PackageUtilsV2: 	at java.lang.Thread.run(Thread.java:1012)
08-06 21:13:26.064 22445 30087 E VA_PackageUtilsV2: getVersionCode: error
08-06 21:13:26.064 22445 30087 E VA_PackageUtilsV2: android.content.pm.PackageManager$NameNotFoundException: com.taobao.taobao
08-06 21:13:26.064 22445 30087 E VA_PackageUtilsV2: 	at android.app.ApplicationPackageManager.getPackageInfoAsUser(ApplicationPackageManager.java:276)
08-06 21:13:26.064 22445 30087 E VA_PackageUtilsV2: 	at android.app.ApplicationPackageManager.getPackageInfo(ApplicationPackageManager.java:236)
08-06 21:13:26.064 22445 30087 E VA_PackageUtilsV2: 	at android.app.ApplicationPackageManager.getPackageInfo(ApplicationPackageManager.java:230)
08-06 21:13:26.064 22445 30087 E VA_PackageUtilsV2: 	at m30.r.getVersionCode(SourceFile:44)
08-06 21:13:26.064 22445 30087 E VA_PackageUtilsV2: 	at ez.r0.getVersionCode(SourceFile:1)
08-06 21:13:26.064 22445 30087 E VA_PackageUtilsV2: 	at ff.b.getAccessibilityInfo(SourceFile:93)
08-06 21:13:26.064 22445 30087 E VA_PackageUtilsV2: 	at com.xiaomi.voiceassistant.u0$a.getAccessibilityInfo(SourceFile:2)
08-06 21:13:26.064 22445 30087 E VA_PackageUtilsV2: 	at com.xiaomi.voiceassist.engine.context.CacheContext$a.run(SourceFile:87)
08-06 21:13:26.064 22445 30087 E VA_PackageUtilsV2: 	at java.util.concurrent.Executors$RunnableAdapter.call(Executors.java:487)
08-06 21:13:26.064 22445 30087 E VA_PackageUtilsV2: 	at java.util.concurrent.FutureTask.run(FutureTask.java:264)
08-06 21:13:26.064 22445 30087 E VA_PackageUtilsV2: 	at java.util.concurrent.ThreadPoolExecutor.runWorker(ThreadPoolExecutor.java:1251)
08-06 21:13:26.064 22445 30087 E VA_PackageUtilsV2: 	at java.util.concurrent.ThreadPoolExecutor$Worker.run(ThreadPoolExecutor.java:668)
08-06 21:13:26.064 22445 30087 E VA_PackageUtilsV2: 	at java.lang.Thread.run(Thread.java:1012)
08-06 21:13:26.065 22445 30087 E VA_PackageUtilsV2: getVersionCode: error
08-06 21:13:26.065 22445 30087 E VA_PackageUtilsV2: android.content.pm.PackageManager$NameNotFoundException: com.mipay.wallet
08-06 21:13:26.065 22445 30087 E VA_PackageUtilsV2: 	at android.app.ApplicationPackageManager.getPackageInfoAsUser(ApplicationPackageManager.java:276)
08-06 21:13:26.065 22445 30087 E VA_PackageUtilsV2: 	at android.app.ApplicationPackageManager.getPackageInfo(ApplicationPackageManager.java:236)
08-06 21:13:26.065 22445 30087 E VA_PackageUtilsV2: 	at android.app.ApplicationPackageManager.getPackageInfo(ApplicationPackageManager.java:230)
08-06 21:13:26.065 22445 30087 E VA_PackageUtilsV2: 	at m30.r.getVersionCode(SourceFile:44)
08-06 21:13:26.065 22445 30087 E VA_PackageUtilsV2: 	at ez.r0.getVersionCode(SourceFile:1)
08-06 21:13:26.065 22445 30087 E VA_PackageUtilsV2: 	at ff.b.getAccessibilityInfo(SourceFile:93)
08-06 21:13:26.065 22445 30087 E VA_PackageUtilsV2: 	at com.xiaomi.voiceassistant.u0$a.getAccessibilityInfo(SourceFile:2)
08-06 21:13:26.065 22445 30087 E VA_PackageUtilsV2: 	at com.xiaomi.voiceassist.engine.context.CacheContext$a.run(SourceFile:87)
08-06 21:13:26.065 22445 30087 E VA_PackageUtilsV2: 	at java.util.concurrent.Executors$RunnableAdapter.call(Executors.java:487)
08-06 21:13:26.065 22445 30087 E VA_PackageUtilsV2: 	at java.util.concurrent.FutureTask.run(FutureTask.java:264)
08-06 21:13:26.065 22445 30087 E VA_PackageUtilsV2: 	at java.util.concurrent.ThreadPoolExecutor.runWorker(ThreadPoolExecutor.java:1251)
08-06 21:13:26.065 22445 30087 E VA_PackageUtilsV2: 	at java.util.concurrent.ThreadPoolExecutor$Worker.run(ThreadPoolExecutor.java:668)
08-06 21:13:26.065 22445 30087 E VA_PackageUtilsV2: 	at java.lang.Thread.run(Thread.java:1012)
08-06 21:13:26.065 22445 30087 E VA_PackageUtilsV2: getVersionCode: error
08-06 21:13:26.065 22445 30087 E VA_PackageUtilsV2: android.content.pm.PackageManager$NameNotFoundException: com.tencent.map
08-06 21:13:26.065 22445 30087 E VA_PackageUtilsV2: 	at android.app.ApplicationPackageManager.getPackageInfoAsUser(ApplicationPackageManager.java:276)
08-06 21:13:26.065 22445 30087 E VA_PackageUtilsV2: 	at android.app.ApplicationPackageManager.getPackageInfo(ApplicationPackageManager.java:236)
08-06 21:13:26.065 22445 30087 E VA_PackageUtilsV2: 	at android.app.ApplicationPackageManager.getPackageInfo(ApplicationPackageManager.java:230)
08-06 21:13:26.065 22445 30087 E VA_PackageUtilsV2: 	at m30.r.getVersionCode(SourceFile:44)
08-06 21:13:26.065 22445 30087 E VA_PackageUtilsV2: 	at ez.r0.getVersionCode(SourceFile:1)
08-06 21:13:26.065 22445 30087 E VA_PackageUtilsV2: 	at ff.b.getAccessibilityInfo(SourceFile:93)
08-06 21:13:26.065 22445 30087 E VA_PackageUtilsV2: 	at com.xiaomi.voiceassistant.u0$a.getAccessibilityInfo(SourceFile:2)
08-06 21:13:26.065 22445 30087 E VA_PackageUtilsV2: 	at com.xiaomi.voiceassist.engine.context.CacheContext$a.run(SourceFile:87)
08-06 21:13:26.065 22445 30087 E VA_PackageUtilsV2: 	at java.util.concurrent.Executors$RunnableAdapter.call(Executors.java:487)
08-06 21:13:26.065 22445 30087 E VA_PackageUtilsV2: 	at java.util.concurrent.FutureTask.run(FutureTask.java:264)
08-06 21:13:26.065 22445 30087 E VA_PackageUtilsV2: 	at java.util.concurrent.ThreadPoolExecutor.runWorker(ThreadPoolExecutor.java:1251)
08-06 21:13:26.065 22445 30087 E VA_PackageUtilsV2: 	at java.util.concurrent.ThreadPoolExecutor$Worker.run(ThreadPoolExecutor.java:668)
08-06 21:13:26.065 22445 30087 E VA_PackageUtilsV2: 	at java.lang.Thread.run(Thread.java:1012)
08-06 21:13:26.065 22445 30087 E VA_PackageUtilsV2: getVersionCode: error
08-06 21:13:26.065 22445 30087 E VA_PackageUtilsV2: android.content.pm.PackageManager$NameNotFoundException: com.tencent.news
08-06 21:13:26.065 22445 30087 E VA_PackageUtilsV2: 	at android.app.ApplicationPackageManager.getPackageInfoAsUser(ApplicationPackageManager.java:276)
08-06 21:13:26.065 22445 30087 E VA_PackageUtilsV2: 	at android.app.ApplicationPackageManager.getPackageInfo(ApplicationPackageManager.java:236)
08-06 21:13:26.065 22445 30087 E VA_PackageUtilsV2: 	at android.app.ApplicationPackageManager.getPackageInfo(ApplicationPackageManager.java:230)
08-06 21:13:26.065 22445 30087 E VA_PackageUtilsV2: 	at m30.r.getVersionCode(SourceFile:44)
08-06 21:13:26.065 22445 30087 E VA_PackageUtilsV2: 	at ez.r0.getVersionCode(SourceFile:1)
08-06 21:13:26.065 22445 30087 E VA_PackageUtilsV2: 	at ff.b.getAccessibilityInfo(SourceFile:93)
08-06 21:13:26.065 22445 30087 E VA_PackageUtilsV2: 	at com.xiaomi.voiceassistant.u0$a.getAccessibilityInfo(SourceFile:2)
08-06 21:13:26.065 22445 30087 E VA_PackageUtilsV2: 	at com.xiaomi.voiceassist.engine.context.CacheContext$a.run(SourceFile:87)
08-06 21:13:26.065 22445 30087 E VA_PackageUtilsV2: 	at java.util.concurrent.Executors$RunnableAdapter.call(Executors.java:487)
08-06 21:13:26.065 22445 30087 E VA_PackageUtilsV2: 	at java.util.concurrent.FutureTask.run(FutureTask.java:264)
08-06 21:13:26.065 22445 30087 E VA_PackageUtilsV2: 	at java.util.concurrent.ThreadPoolExecutor.runWorker(ThreadPoolExecutor.java:1251)
08-06 21:13:26.065 22445 30087 E VA_PackageUtilsV2: 	at java.util.concurrent.ThreadPoolExecutor$Worker.run(ThreadPoolExecutor.java:668)
08-06 21:13:26.065 22445 30087 E VA_PackageUtilsV2: 	at java.lang.Thread.run(Thread.java:1012)
08-06 21:13:26.066 22445 30087 E VA_PackageUtilsV2: getVersionCode: error
08-06 21:13:26.066 22445 30087 E VA_PackageUtilsV2: android.content.pm.PackageManager$NameNotFoundException: cmb.pb
08-06 21:13:26.066 22445 30087 E VA_PackageUtilsV2: 	at android.app.ApplicationPackageManager.getPackageInfoAsUser(ApplicationPackageManager.java:276)
08-06 21:13:26.066 22445 30087 E VA_PackageUtilsV2: 	at android.app.ApplicationPackageManager.getPackageInfo(ApplicationPackageManager.java:236)
08-06 21:13:26.066 22445 30087 E VA_PackageUtilsV2: 	at android.app.ApplicationPackageManager.getPackageInfo(ApplicationPackageManager.java:230)
08-06 21:13:26.066 22445 30087 E VA_PackageUtilsV2: 	at m30.r.getVersionCode(SourceFile:44)
08-06 21:13:26.066 22445 30087 E VA_PackageUtilsV2: 	at ez.r0.getVersionCode(SourceFile:1)
08-06 21:13:26.066 22445 30087 E VA_PackageUtilsV2: 	at ff.b.getAccessibilityInfo(SourceFile:93)
08-06 21:13:26.066 22445 30087 E VA_PackageUtilsV2: 	at com.xiaomi.voiceassistant.u0$a.getAccessibilityInfo(SourceFile:2)
08-06 21:13:26.066 22445 30087 E VA_PackageUtilsV2: 	at com.xiaomi.voiceassist.engine.context.CacheContext$a.run(SourceFile:87)
08-06 21:13:26.066 22445 30087 E VA_PackageUtilsV2: 	at java.util.concurrent.Executors$RunnableAdapter.call(Executors.java:487)
08-06 21:13:26.066 22445 30087 E VA_PackageUtilsV2: 	at java.util.concurrent.FutureTask.run(FutureTask.java:264)
08-06 21:13:26.066 22445 30087 E VA_PackageUtilsV2: 	at java.util.concurrent.ThreadPoolExecutor.runWorker(ThreadPoolExecutor.java:1251)
08-06 21:13:26.066 22445 30087 E VA_PackageUtilsV2: 	at java.util.concurrent.ThreadPoolExecutor$Worker.run(ThreadPoolExecutor.java:668)
08-06 21:13:26.066 22445 30087 E VA_PackageUtilsV2: 	at java.lang.Thread.run(Thread.java:1012)
08-06 21:13:26.066 22445 30087 E VA_PackageUtilsV2: getVersionCode: error
08-06 21:13:26.066 22445 30087 E VA_PackageUtilsV2: android.content.pm.PackageManager$NameNotFoundException: com.Qunar
08-06 21:13:26.066 22445 30087 E VA_PackageUtilsV2: 	at android.app.ApplicationPackageManager.getPackageInfoAsUser(ApplicationPackageManager.java:276)
08-06 21:13:26.066 22445 30087 E VA_PackageUtilsV2: 	at android.app.ApplicationPackageManager.getPackageInfo(ApplicationPackageManager.java:236)
08-06 21:13:26.066 22445 30087 E VA_PackageUtilsV2: 	at android.app.ApplicationPackageManager.getPackageInfo(ApplicationPackageManager.java:230)
08-06 21:13:26.066 22445 30087 E VA_PackageUtilsV2: 	at m30.r.getVersionCode(SourceFile:44)
08-06 21:13:26.066 22445 30087 E VA_PackageUtilsV2: 	at ez.r0.getVersionCode(SourceFile:1)
08-06 21:13:26.066 22445 30087 E VA_PackageUtilsV2: 	at ff.b.getAccessibilityInfo(SourceFile:93)
08-06 21:13:26.066 22445 30087 E VA_PackageUtilsV2: 	at com.xiaomi.voiceassistant.u0$a.getAccessibilityInfo(SourceFile:2)
08-06 21:13:26.066 22445 30087 E VA_PackageUtilsV2: 	at com.xiaomi.voiceassist.engine.context.CacheContext$a.run(SourceFile:87)
08-06 21:13:26.066 22445 30087 E VA_PackageUtilsV2: 	at java.util.concurrent.Executors$RunnableAdapter.call(Executors.java:487)
08-06 21:13:26.066 22445 30087 E VA_PackageUtilsV2: 	at java.util.concurrent.FutureTask.run(FutureTask.java:264)
08-06 21:13:26.066 22445 30087 E VA_PackageUtilsV2: 	at java.util.concurrent.ThreadPoolExecutor.runWorker(ThreadPoolExecutor.java:1251)
08-06 21:13:26.066 22445 30087 E VA_PackageUtilsV2: 	at java.util.concurrent.ThreadPoolExecutor$Worker.run(ThreadPoolExecutor.java:668)
08-06 21:13:26.066 22445 30087 E VA_PackageUtilsV2: 	at java.lang.Thread.run(Thread.java:1012)
08-06 21:13:26.067 22445 30087 E VA_PackageUtilsV2: getVersionCode: error
08-06 21:13:26.067 22445 30087 E VA_PackageUtilsV2: android.content.pm.PackageManager$NameNotFoundException: com.ss.android.article.lite
08-06 21:13:26.067 22445 30087 E VA_PackageUtilsV2: 	at android.app.ApplicationPackageManager.getPackageInfoAsUser(ApplicationPackageManager.java:276)
08-06 21:13:26.067 22445 30087 E VA_PackageUtilsV2: 	at android.app.ApplicationPackageManager.getPackageInfo(ApplicationPackageManager.java:236)
08-06 21:13:26.067 22445 30087 E VA_PackageUtilsV2: 	at android.app.ApplicationPackageManager.getPackageInfo(ApplicationPackageManager.java:230)
08-06 21:13:26.067 22445 30087 E VA_PackageUtilsV2: 	at m30.r.getVersionCode(SourceFile:44)
