08-06 21:13:28.285 13710 14569 W ContextImpl: Calling a method in the system process without a qualified user: android.app.ContextImpl.startService:1939 android.content.ContextWrapper.startService:843 b4.k.d:80 q2.j.w:116 q2.j.j:0 
08-06 21:13:28.285  7856  8405 E SmsApplication: com.android.mms lost android:read_cell_broadcasts:  (fixing)
08-06 21:13:28.285  2474  8755 W AppOpService: Ignored setUidMode call for runtime permission app op: uid = 10141, code = READ_CELL_BROADCASTS, mode = allow, callingUid = 1001, oldMode = allow
08-06 21:13:28.286 13710 13710 I AppPredictPrivacyLaunchManager: updateLauncherApps size: 77
08-06 21:13:28.286  2474 10062 W ParceledListSlice: Element #10 is 43420 bytes.
08-06 21:13:28.287  2474  8820 W ParceledListSlice: Element #17 is 25036 bytes.
08-06 21:13:28.287  2474  8820 W ParceledListSlice: Element #24 is 52004 bytes.
08-06 21:13:28.287  2474  8820 W ParceledListSlice: Overly large reply size: 117272
08-06 21:13:28.288  1843  3496 I vendor.qti.hardware.display.composer-service: Sensor: notify citsensorservice to trigger cwb, misForced = 1
08-06 21:13:28.288  2474  8820 E AppOps  : Bad call made by uid 1001. Package "com.android.phone" does not belong to uid 1000.
08-06 21:13:28.288  2474  8820 E AppOps  : Cannot noteOperation: non-application UID 1000
08-06 21:13:28.288  3050  4554 I libsensor-parseRGB: request dump start for mRequestDisplayId 0
08-06 21:13:28.289  2474 15979 W ParceledListSlice: Element #34 is 205964 bytes.
08-06 21:13:28.289  2474 15979 W ParceledListSlice: Overly large reply size: 238572
08-06 21:13:28.289  2474  8755 W AppOpService: Ignored setUidMode call for runtime permission app op: uid = 1001, code = READ_SMS, mode = allow, callingUid = 1001, oldMode = allow
08-06 21:13:28.290  2474 15979 W ParceledListSlice: Element #40 is 19708 bytes.
08-06 21:13:28.290  2474  2641 I ClipboardServiceI: checkProviderWakePathForClipboard: primaryClip is null
08-06 21:13:28.290  2474 10062 W AppOpService: Ignored setUidMode call for runtime permission app op: uid = 1001, code = RECEIVE_SMS, mode = allow, callingUid = 1001, oldMode = allow
08-06 21:13:28.290  2474 15979 W ParceledListSlice: Element #48 is 187940 bytes.
08-06 21:13:28.290  2474 15979 W ParceledListSlice: Overly large reply size: 249300
08-06 21:13:28.290  2474 10062 W AppOpService: Ignored setUidMode call for runtime permission app op: uid = 1001, code = RECEIVE_WAP_PUSH, mode = allow, callingUid = 1001, oldMode = allow
08-06 21:13:28.291  2474 10062 W AppOpService: Ignored setUidMode call for runtime permission app op: uid = 1001, code = SEND_SMS, mode = allow, callingUid = 1001, oldMode = allow
08-06 21:13:28.291  2474 10062 W AppOpService: Ignored setUidMode call for runtime permission app op: uid = 1001, code = READ_CELL_BROADCASTS, mode = allow, callingUid = 1001, oldMode = allow
08-06 21:13:28.292  7464  9110 I htmlviewercloudcontrol: isStagingEnv:false param =  fps_group_config  uriMatch = 2, cluster: cn, version: 569290, traceId: edf791a3c2f0f49177c2934c6d2002a2, regId: +4z3RS85+e2U9l+sd6caQ/srGmJCsEbKpG1twyPn1K0CrNNyxYT/yAgGVxm5X+yC
08-06 21:13:28.292  7458  8105 E Launcher.AllAppsList: Can't load postion for packageName: com.baskinrobbins.app activityName: com.baskinrobbins.app.MainActivity
08-06 21:13:28.294 14395 14395 E PackageInstallHelper: handler start
08-06 21:13:28.294 14395 14395 E PackageInstallHelper: handler end
08-06 21:13:28.294 14395 14395 E PackageInstallHelper: PackageInstallHelper handler real start
08-06 21:13:28.295  7464  9110 I htmlviewercloudcontrol: isStagingEnv:false param =  fps_group_config  uriMatch = 2, cluster: cn, version: 569290, traceId: edf791a3c2f0f49177c2934c6d2002a2, regId: +4z3RS85+e2U9l+sd6caQ/srGmJCsEbKpG1twyPn1K0CrNNyxYT/yAgGVxm5X+yC
08-06 21:13:28.295  2474  2642 W ActivityManagerServiceImpl: Sending non-protected broadcast com.miui.action.UPDATE_PREDICT_LIST_EXTERNAL from system 13710:com.miui.securitycenter.remote/1000 pkg com.miui.securitycenter. Callers=
08-06 21:13:28.296  2474  7257 I MiuiNetworkPolicy: updateUidState uid = 10097, uidState = 11
08-06 21:13:28.297  2474  7257 I MiuiNetworkPolicy: updateUidState uid = 10266, uidState = 10
08-06 21:13:28.298 13710 14569 I LocalNotificationMgr: pkg: com.baskinrobbins.app mode:0
08-06 21:13:28.298 13710 14569 I GpBinderManager: bindCount : 143
08-06 21:13:28.300  7505  7505 I SafetyLabelChangedBroadcastReceiver: received broadcast packageName: com.baskinrobbins.app, current user: UserHandle{0}, packageChangeEvent: NEW_INSTALL, intent user: UserHandle{0}
08-06 21:13:28.300  7458  8150 W PreviewDisappear: getIconDrawable src: null
08-06 21:13:28.301  2474  2664 W EnhancedConfirmationService: The packageName should not be null.
08-06 21:13:28.301  2474  7257 I MiuiNetworkPolicy: updateUidState uid = 10097, uidState = 19
08-06 21:13:28.302  2474  2664 W MagnificationConnectionManager: requestConnection duplicated request: connect=false, mConnectionState=DISCONNECTED
08-06 21:13:28.303  2474 10062 I ActivityManager: Background started FGS: Allowed [callingPackage: com.miui.securitycenter; callingUid: 1000; uidState: PER ; uidBFSL: [BFSL]; intent: Intent { act=com.miui.cleanmaster.GARBAGE_PKG_ADD pkg=com.miui.cleanmaster (has extras) }; code:PROC_STATE_PERSISTENT; tempAllowListReason:<null>; targetSdkVersion:34; callerTargetSdkVersion:34; startForegroundCount:0; bindFromPackage:null: isBindService:false]
08-06 21:13:28.304  2474 10062 W ForegroundServiceTypeLoggerModule: Foreground service start for UID: 10266 does not have any types
08-06 21:13:28.305  7458  8150 W PreviewDisappear: getIconDrawable app drawable: null
08-06 21:13:28.305  7458  8150 W PreviewDisappear: getIcon info target: ComponentInfo{com.baskinrobbins.app/com.baskinrobbins.app.MainActivity}
08-06 21:13:28.305  7458  8150 W PreviewDisappear: getIcon info user: UserHandle{0}
08-06 21:13:28.305  7458  8150 W PreviewDisappear: getIcon info intent: Intent { act=android.intent.action.MAIN cat=[android.intent.category.LAUNCHER] flg=0x10200000 cmp=com.baskinrobbins.app/.MainActivity (has extras) }
08-06 21:13:28.305  7458  8150 W PreviewDisappear: 1 getIcon entry: null
08-06 21:13:28.305  7458  8150 W PreviewDisappear: 2 getIcon entry: com.miui.home.launcher.graphics.DrawableInfo@20c8d60
08-06 21:13:28.305  7458  8150 W PreviewDisappear: applyCacheEntry entry: android.graphics.drawable.BitmapDrawable@aaba219
08-06 21:13:28.305  7458  8150 W PreviewDisappear: getIconDrawable finally drawable: android.graphics.drawable.BitmapDrawable@aaba219
08-06 21:13:28.307  2036  2036 E DisplayModeController: setDesiredMode : Idle status skip setActiveMode, isDdicIdleMode: 1
08-06 21:13:28.308  2474  7257 I MiuiNetworkPolicy: updateUidState uid = 10266, uidState = 4
08-06 21:13:28.308  2474  8331 W ParceledListSlice: Element #52 is 19668 bytes.
08-06 21:13:28.308 13306 13306 I UserConsentManager: onPermissionsChanged: 10382
08-06 21:13:28.308 13306 13306 I UserConsentManager: onPermissionsChanged: 10382
08-06 21:13:28.308 13306 13306 I UserConsentManager: onPermissionsChanged: 10382
08-06 21:13:28.309  2474  2474 I AppsFilter: interaction: PackageSetting{790036e com.android.microdroid.empty_payload/10236} -> PackageSetting{e712a0f com.baskinrobbins.app/10382} BLOCKED
08-06 21:13:28.310  2474  2474 I AppsFilter: interaction: PackageSetting{799aa9c io.appium.uiautomator2.server.test/10280} -> PackageSetting{e712a0f com.baskinrobbins.app/10382} BLOCKED
08-06 21:13:28.310  2474  2474 I AppsFilter: interaction: PackageSetting{f115ca5 io.github.ylimit.droidbotapp/10381} -> PackageSetting{e712a0f com.baskinrobbins.app/10382} BLOCKED
08-06 21:13:28.310  2474  2474 I AppsFilter: interaction: PackageSetting{13ce87a com.rongcard.eid/10151} -> PackageSetting{e712a0f com.baskinrobbins.app/10382} BLOCKED
08-06 21:13:28.310  2474  2474 I AppsFilter: interaction: PackageSetting{e20582b io.appium.settings/10274} -> PackageSetting{e712a0f com.baskinrobbins.app/10382} BLOCKED
08-06 21:13:28.310  2474  2641 I ActivityManager: Cancel FGS notification userId: 0 definingUid: 10266 packageName: com.miui.cleanmaster processName:com.miui.cleanmaster ChannelId:com.miui.cleanmaster foregroundNotiWhen:1754486008302 Notiflags:64
08-06 21:13:28.310  1865  1865 I vendor.qti.hardware.servicetrackeraidl-service: destroyService is called for service : com.miui.cleanmaster/com.miui.optimizecenter.service.CleanMasterService
08-06 21:13:28.310  2474  2641 W ForegroundServiceTypeLoggerModule: FGS stop call for: 10266 has no types!
08-06 21:13:28.311 11128 12689 E hxlz    : *~*~*~ Previous channel {0} was garbage collected without being shut down! ~*~*~*
08-06 21:13:28.311 11128 12689 E hxlz    :     Make sure to call shutdown()/shutdownNow()
08-06 21:13:28.311 11128 12689 E hxlz    : java.lang.RuntimeException: ManagedChannel allocation site
08-06 21:13:28.311 11128 12689 E hxlz    : 	at hxly.<init>(:com.google.android.gms@253031035@25.30.31 (260400-786424874):21)
08-06 21:13:28.311 11128 12689 E hxlz    : 	at hxlz.<init>(:com.google.android.gms@253031035@25.30.31 (260400-786424874):10)
08-06 21:13:28.311 11128 12689 E hxlz    : 	at hxlx.a(:com.google.android.gms@253031035@25.30.31 (260400-786424874):250)
08-06 21:13:28.311 11128 12689 E hxlz    : 	at hwwv.a(:com.google.android.gms@253031035@25.30.31 (260400-786424874):5)
08-06 21:13:28.311 11128 12689 E hxlz    : 	at azxo.a(:com.google.android.gms@253031035@25.30.31 (260400-786424874):70)
08-06 21:13:28.311 11128 12689 E hxlz    : 	at azxf.u(:com.google.android.gms@253031035@25.30.31 (260400-786424874):119)
08-06 21:13:28.311 11128 12689 E hxlz    : 	at azxf.e(:com.google.android.gms@253031035@25.30.31 (260400-786424874):5)
08-06 21:13:28.311 11128 12689 E hxlz    : 	at ephq.a(:com.google.android.gms@253031035@25.30.31 (260400-786424874):45)
08-06 21:13:28.311 11128 12689 E hxlz    : 	at epgv.c(:com.google.android.gms@253031035@25.30.31 (260400-786424874):20)
08-06 21:13:28.311 11128 12689 E hxlz    : 	at epgv.a(:com.google.android.gms@253031035@25.30.31 (260400-786424874):3)
08-06 21:13:28.311 11128 12689 E hxlz    : 	at aush.run(:com.google.android.gms@253031035@25.30.31 (260400-786424874):5)
08-06 21:13:28.311 11128 12689 E hxlz    : 	at badp.c(:com.google.android.gms@253031035@25.30.31 (260400-786424874):50)
08-06 21:13:28.311 11128 12689 E hxlz    : 	at badp.run(:com.google.android.gms@253031035@25.30.31 (260400-786424874):70)
08-06 21:13:28.311 11128 12689 E hxlz    : 	at java.util.concurrent.ThreadPoolExecutor.runWorker(ThreadPoolExecutor.java:1251)
08-06 21:13:28.311 11128 12689 E hxlz    : 	at java.util.concurrent.ThreadPoolExecutor$Worker.run(ThreadPoolExecutor.java:668)
08-06 21:13:28.311 11128 12689 E hxlz    : 	at bajh.run(:com.google.android.gms@253031035@25.30.31 (260400-786424874):8)
08-06 21:13:28.311 11128 12689 E hxlz    : 	at java.lang.Thread.run(Thread.java:1012)
08-06 21:13:28.311  1843  2428 I SDM     : HWCDisplay::SetActiveConfigWithConstraints: display:66-0, config: 3, WxH 1200x2670, fps 120
08-06 21:13:28.311  1843  2428 W SDM     : HWDeviceDRM::GetSupportedBitClkRate: Requested rate not supported: 1150000000
08-06 21:13:28.311  1843  2428 I SDM     : HWDeviceDRM::UpdateMixerAttributes: Mixer WxH 1200x2670-1 for Peripheral
08-06 21:13:28.311  1843  2428 I SDM     : HWCDisplay::SubmitDisplayConfig: Active configuration changed from config 1 to 3
08-06 21:13:28.311  1843  2428 I SDM     : HWCDisplay::SubmitDisplayConfig: Active WxH 1200x2670 ,ddic_mode:auto, timing_fps: 120, sf_fps: 120
08-06 21:13:28.312  2474  2642 W ParceledListSlice: Element #8 is 20788 bytes.
08-06 21:13:28.312  2474  2642 W ParceledListSlice: Element #9 is 20768 bytes.
08-06 21:13:28.313  3050  3083 E libsensor-parseRGB: CWB NotifyCWBBufferDone  error 0
08-06 21:13:28.314  2474  7257 I MiuiNetworkPolicyTrafficLimit: updateWhiteListUidForMobileTraffic uid=10266,add=true
08-06 21:13:28.314  7464  9110 I htmlviewercloudcontrol: isStagingEnv:false param =  fps_group_config  uriMatch = 2, cluster: cn, version: 569290, traceId: edf791a3c2f0f49177c2934c6d2002a2, regId: +4z3RS85+e2U9l+sd6caQ/srGmJCsEbKpG1twyPn1K0CrNNyxYT/yAgGVxm5X+yC
08-06 21:13:28.316 13306 13306 I UserConsentManager: onPermissionsChanged: 10382
08-06 21:13:28.317  7464  9110 I htmlviewercloudcontrol: isStagingEnv:false param =  fps_tp_exclude  uriMatch = 2, cluster: cn, version: 569290, traceId: edf791a3c2f0f49177c2934c6d2002a2, regId: +4z3RS85+e2U9l+sd6caQ/srGmJCsEbKpG1twyPn1K0CrNNyxYT/yAgGVxm5X+yC
08-06 21:13:28.319  2474  7257 I MiuiNetworkPolicy: updateUidState uid = 10266, uidState = 19
08-06 21:13:28.320 13053 13053 E RegisteredServicesCache: Skipping application component ComponentInfo{com.UCMobile/com.alibaba.ariver.commonability.device.jsapi.nfc.service.TinyAppHostApduService}: it must request the permission android.permission.NFC
08-06 21:13:28.322  7464  9110 I htmlviewercloudcontrol: isStagingEnv:false param =  fps_idle_config  uriMatch = 2, cluster: cn, version: 569290, traceId: edf791a3c2f0f49177c2934c6d2002a2, regId: +4z3RS85+e2U9l+sd6caQ/srGmJCsEbKpG1twyPn1K0CrNNyxYT/yAgGVxm5X+yC
08-06 21:13:28.322  2474  7257 I MiuiNetworkPolicyTrafficLimit: updateWhiteListUidForMobileTraffic uid=10266,add=false
08-06 21:13:28.321 13053 13053 E RegisteredServicesCache: Skipping application component ComponentInfo{com.UCMobile/com.alipay.mobile.aompdevice.nfc.service.TinyAppHostApduService}: it must request the permission android.permission.NFC
08-06 21:13:28.323 13053 13053 E RegisteredServicesCache: Skipping application component ComponentInfo{com.autonavi.minimap/com.alibaba.ariver.commonability.device.jsapi.nfc.service.TinyAppHostApduService}: it must request the permission android.permission.NFC
08-06 21:13:28.323 13053 13053 E RegisteredServicesCache: Skipping application component ComponentInfo{com.autonavi.minimap/com.alipay.mobile.aompdevice.nfc.service.TinyAppHostApduService}: it must request the permission android.permission.NFC
08-06 21:13:28.323  7464  9110 I htmlviewercloudcontrol: isStagingEnv:false param =  fps_idle_config  uriMatch = 2, cluster: cn, version: 569290, traceId: edf791a3c2f0f49177c2934c6d2002a2, regId: +4z3RS85+e2U9l+sd6caQ/srGmJCsEbKpG1twyPn1K0CrNNyxYT/yAgGVxm5X+yC
08-06 21:13:28.325 13710 15161 I ThumbnailBlurUtils: getAllLauncherAppList time: 23
08-06 21:13:28.326  7464  9110 I htmlviewercloudcontrol: isStagingEnv:false param =  fps_tp_exclude  uriMatch = 2, cluster: cn, version: 569290, traceId: edf791a3c2f0f49177c2934c6d2002a2, regId: +4z3RS85+e2U9l+sd6caQ/srGmJCsEbKpG1twyPn1K0CrNNyxYT/yAgGVxm5X+yC
08-06 21:13:28.329 16300 16300 I VSC-AppInstallReceiver: action: android.intent.action.PACKAGE_CHANGED, packageName: com.baskinrobbins.app
08-06 21:13:28.329 20212 20212 I ##XLogger##: #&^Zk43T9mP87AAdQd0DXnFBfejMRNSzKFt/44GUV1DVQOrynN4aqQieE2FgoeA3/8uk0NyyekS01dQIp41gFK2yIBM/ZiJI1/GUVxOjvOGTZfY4xmlmiAgM/nrE6eh5Y4uPxr5bGpxcj9sLmMEv2L8LT1Jc5u7JWrvK3wdEUEZIhU=!!fl31IRnlyARfyj/q/GEYo8wTZVJxBuTJ6N+QIivmOHYElC5Dpx0xE9dY1GJkovWXnIHPe76hxdl30ZjggdbN7VUAxiqr6NEhA5gd7ARuNEcIbWfeXvaV9jyW0LOpMJSjloNaL6V256z4mxJegOYFDnaEjLitsfIkWR/lYFOUOGEWRLNy6RoXe5WAY7IUgvhqru2c0np674tF0rXHNLNlUZw3EeD1FPeAXiMdVahrQuesyhTrRmtZkujnQ62BCYjN7vqT0dXx984Rd+lffo0XoLxuvgsEpwqpzysouEMasB9P1Yzu9ylJgRNLg1+gKvxaIeJxcRAqIDxzX+0QOs/0eBZSqbAfGqXsgC1cH9bv0hXB7cDZ4ztMa8HczKGcr7axOhwCzGw/0n1tAJPo7rsvbx/Isv19HwTC/m7bSJ0b2mGJNs/Wt/Lp6g19PyYB0IkshdxemlHm6HuS8YBsztontFrTnHyNUAR17h58wY+AhaY0w4EA5XyKqY8xFCyG+ctt8lJ+FDrGRQnNhm0PzXCTm0mypA6e8UvKq9qQlXRBIrBeDbaPlFkYapW3vO2l4+EM176mvdeiP2ng++g7NCJRncr7aVEASjW3w1C7SzPpVzW9Hn40FdeOdcvYUChUfn3Y1y2aspHFlWo+VFWomIrsPA/lOQ7UWLGKdzp/eHYv6KlWhV6Zg0e0lCLEz9HJXZqgHyLRXjujr9n77HwIGQ5VDfj9zvSF3QjPLvIZJ7cKGJkVjxlJXp2Bky+3GY5sssmzWiPg3AgaS37+fE6M3ejMfZzEy8hTh2/rtSNzeyI/yXZR2EN521Efmh3gswBeQjYOqnOJt9TwG+P09cdxRXQeCmCrR0oBAKgyHg1a1z23bPc=^&#
08-06 21:13:28.329 20212 20212 I ##XLogger##: #&^Zk43T9mP87AAdQd0DXnFBfejMRNSzKFt/44GUV1DVQOrynN4aqQieE2FgoeA3/8uk0NyyekS01dQIp41gFK2yIBM/ZiJI1/GUVxOjvOGTZfY4xmlmiAgM/nrE6eh5Y4uPxr5bGpxcj9sLmMEv2L8LT1Jc5u7JWrvK3wdEUEZIhU=!!fl31IRnlyARfyj/q/GEYo8wTZVJxBuTJ6N+QIivmOHYomjLASrBQ6J40be/8YwSiVO1FCvSsBghXxm7S8VCoDnUuQVeMZAxjyD1ZuTmvCtaLQq2TVpFQkUIEwpesgUC+b/XImDzKBA7r0U+1C2G9hnOz/pprjqybefCv2hkrSEXzvl6RHcmXfeQ1LWZ4zwHiaj8y8IMyWjnhHb13D04VvSWQOXFvK2iodGBgp+v+kHp9nrDiCa/gBaPmCpth3XB2HtXHWoNbl5ktQTn0tnyIgHVNj3CyWDOYjIBdMh0VwzKie9fsZVyId/7tWjsmby5d17e7gQKeK/3EWm3kJ94iIPzsFITye50F9MObxB8Esg/QL/qQtVNK2z793JX1mJQGqJZ1OSY30pfGLlhZW9idJ2zAkdVXVf8OTW0PLavS0tcWrQ7ciolfTqOXF1c17TBgCQ+v1tF5+XeVMc445p16t0UC+U68fJUY/LOxRye0bvkvLKsUcodLnADmFvAvQoTliuKXs+X0TOXrpF78H2hhom422WOWvTftQdD9HdjVurwH6mHJobXmjV6g/Vaki049XUlOWafY6+H5g4b+RBXC9e6GdTSrK1wO2rersxFszdckypxbvaL541JcRuznLW9Dw4GKuKx6MC3nYIc29H5SmwESmsZULWrhbRHkp6GCdmq2AfStaQ60D89EPKclxd7Al0+amyyYOlevnbEOaAES/fJK7TomBT57ZKFPZp0m2HW+Sy9tmwXaOIobrmZDaSd+hWzoU/r5taNgqO6ZM19a1wmT+ygwyaaO/7dTjWSmMQdL4g+UcuY+Tput5Bljq4Za4Z9awchuryxtPaCCoRLXmEE5jFyBPyz1YpYiRO1Ub+4WOcBiA7eKgHCC16NsXCWZ^&#
08-06 21:13:28.329  2474  7257 I MiuiNetworkPolicy: updateUidState uid = 6110, uidState = 11
08-06 21:13:28.330  7464  9110 I htmlviewercloudcontrol: isStagingEnv:false param =  fps_idle_config  uriMatch = 2, cluster: cn, version: 569290, traceId: edf791a3c2f0f49177c2934c6d2002a2, regId: +4z3RS85+e2U9l+sd6caQ/srGmJCsEbKpG1twyPn1K0CrNNyxYT/yAgGVxm5X+yC
08-06 21:13:28.330 13306 13306 I UserConsentManager: onPermissionsChanged: 10382
08-06 21:13:28.331 13306 13306 I UserConsentManager: onPermissionsChanged: 10382
08-06 21:13:28.331 13306 13306 I UserConsentManager: onPermissionsChanged: 10382
08-06 21:13:28.331 13306 13306 I UserConsentManager: onPermissionsChanged: 10382
08-06 21:13:28.331 13306 13306 I UserConsentManager: onPermissionsChanged: 10382
08-06 21:13:28.332  7464  9110 I htmlviewercloudcontrol: isStagingEnv:false param =  display_fps_group  uriMatch = 2, cluster: cn, version: 569290, traceId: edf791a3c2f0f49177c2934c6d2002a2, regId: +4z3RS85+e2U9l+sd6caQ/srGmJCsEbKpG1twyPn1K0CrNNyxYT/yAgGVxm5X+yC
08-06 21:13:28.334  7464  9110 I htmlviewercloudcontrol: isStagingEnv:false param =  fps_idle_config  uriMatch = 2, cluster: cn, version: 569290, traceId: edf791a3c2f0f49177c2934c6d2002a2, regId: +4z3RS85+e2U9l+sd6caQ/srGmJCsEbKpG1twyPn1K0CrNNyxYT/yAgGVxm5X+yC
08-06 21:13:28.335  2474  7257 I MiuiNetworkPolicy: updateUidState uid = 6110, uidState = 19
08-06 21:13:28.336  7856  8405 E SmsApplication: com.android.mms lost android:read_cell_broadcasts:  (fixing)
08-06 21:13:28.336  7464  9110 I htmlviewercloudcontrol: isStagingEnv:false param =  fps_idle_config  uriMatch = 2, cluster: cn, version: 569290, traceId: edf791a3c2f0f49177c2934c6d2002a2, regId: +4z3RS85+e2U9l+sd6caQ/srGmJCsEbKpG1twyPn1K0CrNNyxYT/yAgGVxm5X+yC
08-06 21:13:28.336 13306 13306 I UserConsentManager: onPermissionsChanged: 10382
08-06 21:13:28.336  7505 11044 I PermissionControllerServiceImpl: Updating user sensitive for uid 10382
08-06 21:13:28.337  7458  8153 W PreviewDisappear: 1 getIcon entry: null
08-06 21:13:28.337  7458  8153 W PreviewDisappear: 2 getIcon entry: com.miui.home.launcher.graphics.DrawableInfo@ecdd2de
08-06 21:13:28.337  7458  8153 W PreviewDisappear: applyCacheEntry entry: android.graphics.drawable.BitmapDrawable@9969cbf
08-06 21:13:28.337  2474  8331 W AppOpService: Ignored setUidMode call for runtime permission app op: uid = 10141, code = READ_CELL_BROADCASTS, mode = allow, callingUid = 1001, oldMode = allow
08-06 21:13:28.337  7458  8100 W PreviewDisappear: getIconDrawable src: null
08-06 21:13:28.338  7458  8100 W PreviewDisappear: getIconDrawable app drawable: null
08-06 21:13:28.338  7458  8100 W PreviewDisappear: getIcon info target: ComponentInfo{com.baskinrobbins.app/com.baskinrobbins.app.MainActivity}
08-06 21:13:28.338  7458  8100 W PreviewDisappear: getIcon info user: UserHandle{0}
08-06 21:13:28.338  7458  8100 W PreviewDisappear: getIcon info intent: Intent { act=android.intent.action.MAIN cat=[android.intent.category.LAUNCHER] flg=0x10200000 cmp=com.baskinrobbins.app/.MainActivity (has extras) }
08-06 21:13:28.338  7458  8100 W PreviewDisappear: 1 getIcon entry: null
08-06 21:13:28.338  7458  8100 W PreviewDisappear: 2 getIcon entry: com.miui.home.launcher.graphics.DrawableInfo@39d1f8c
08-06 21:13:28.338  7458  8100 W PreviewDisappear: applyCacheEntry entry: android.graphics.drawable.BitmapDrawable@bcb46d5
08-06 21:13:28.338  7458  8100 W PreviewDisappear: getIconDrawable finally drawable: android.graphics.drawable.BitmapDrawable@bcb46d5
08-06 21:13:28.338 13053 13053 I RegisteredServicesCache: current user: 0, is managed profile : false
08-06 21:13:28.339  7464  9110 I htmlviewercloudcontrol: isStagingEnv:false param =  fps_idle_config  uriMatch = 2, cluster: cn, version: 569290, traceId: edf791a3c2f0f49177c2934c6d2002a2, regId: +4z3RS85+e2U9l+sd6caQ/srGmJCsEbKpG1twyPn1K0CrNNyxYT/yAgGVxm5X+yC
08-06 21:13:28.341 11128  1844 W Conscrypt: Could not set socket write timeout: java.net.SocketException: Socket closed
08-06 21:13:28.341 11128  1844 W Conscrypt: 	at com.google.android.gms.org.conscrypt.Platform.setSocketWriteTimeout(:com.google.android.gms@253031035@25.30.31 (260400-786424874):204)
08-06 21:13:28.341 11128  1844 W Conscrypt: 	at com.google.android.gms.org.conscrypt.ConscryptFileDescriptorSocket.setSoWriteTimeout(:com.google.android.gms@253031035@25.30.31 (260400-786424874):4)
08-06 21:13:28.341  7464  9110 I htmlviewercloudcontrol: isStagingEnv:false param =  fps_group_config  uriMatch = 2, cluster: cn, version: 569290, traceId: edf791a3c2f0f49177c2934c6d2002a2, regId: +4z3RS85+e2U9l+sd6caQ/srGmJCsEbKpG1twyPn1K0CrNNyxYT/yAgGVxm5X+yC
08-06 21:13:28.342  2474  2642 W AppOpService: Ignored setUidMode call for runtime permission app op: uid = 1001, code = READ_SMS, mode = allow, callingUid = 1001, oldMode = allow
08-06 21:13:28.343  2474  8331 W AppOpService: Ignored setUidMode call for runtime permission app op: uid = 1001, code = RECEIVE_SMS, mode = allow, callingUid = 1001, oldMode = allow
08-06 21:13:28.343  2474  8331 W AppOpService: Ignored setUidMode call for runtime permission app op: uid = 1001, code = RECEIVE_WAP_PUSH, mode = allow, callingUid = 1001, oldMode = allow
08-06 21:13:28.343  2474  2642 W AppOpService: Ignored setUidMode call for runtime permission app op: uid = 1001, code = SEND_SMS, mode = allow, callingUid = 1001, oldMode = allow
08-06 21:13:28.343  2474  2642 W AppOpService: Ignored setUidMode call for runtime permission app op: uid = 1001, code = READ_CELL_BROADCASTS, mode = allow, callingUid = 1001, oldMode = allow
08-06 21:13:28.343 13053 13053 I RegisteredAidCache: updateRoutingLocked(false): Enter
08-06 21:13:28.343 13053 13053 I AidRoutingManager: configureRouting(false): Enter
08-06 21:13:28.343 13053 13053 E AidRoutingManager: Size of routing table970
08-06 21:13:28.343 13053 13053 I RegisteredAidCache: updateRoutingLocked(false): exit
08-06 21:13:28.345  7464  9110 I htmlviewercloudcontrol: isStagingEnv:false param =  fps_group_config  uriMatch = 2, cluster: cn, version: 569290, traceId: edf791a3c2f0f49177c2934c6d2002a2, regId: +4z3RS85+e2U9l+sd6caQ/srGmJCsEbKpG1twyPn1K0CrNNyxYT/yAgGVxm5X+yC
08-06 21:13:28.347 14191 15060 I DisplayFrameSetting: register
08-06 21:13:28.347  2474  8334 I whetstone.activity: noteVideoFps registVideoFpsCallBack, count is 1
08-06 21:13:28.348  7464  9110 I htmlviewercloudcontrol: isStagingEnv:false param =  fps_idle_config  uriMatch = 2, cluster: cn, version: 569290, traceId: edf791a3c2f0f49177c2934c6d2002a2, regId: +4z3RS85+e2U9l+sd6caQ/srGmJCsEbKpG1twyPn1K0CrNNyxYT/yAgGVxm5X+yC
08-06 21:13:28.349  2474 10062 W ParceledListSlice: Element #8 is 20788 bytes.
08-06 21:13:28.349  2474 10062 W ParceledListSlice: Element #9 is 20768 bytes.
08-06 21:13:28.351  7464  9110 I htmlviewercloudcontrol: isStagingEnv:false param =  fps_group_config  uriMatch = 2, cluster: cn, version: 569290, traceId: edf791a3c2f0f49177c2934c6d2002a2, regId: +4z3RS85+e2U9l+sd6caQ/srGmJCsEbKpG1twyPn1K0CrNNyxYT/yAgGVxm5X+yC
08-06 21:13:28.351 13053 13053 E RegisteredServicesCache: Skipping application component ComponentInfo{com.UCMobile/com.alibaba.ariver.commonability.device.jsapi.nfc.service.TinyAppHostApduService}: it must request the permission android.permission.NFC
08-06 21:13:28.352 13053 13053 E RegisteredServicesCache: Skipping application component ComponentInfo{com.UCMobile/com.alipay.mobile.aompdevice.nfc.service.TinyAppHostApduService}: it must request the permission android.permission.NFC
08-06 21:13:28.352 13053 13053 E RegisteredServicesCache: Skipping application component ComponentInfo{com.autonavi.minimap/com.alibaba.ariver.commonability.device.jsapi.nfc.service.TinyAppHostApduService}: it must request the permission android.permission.NFC
08-06 21:13:28.352 13053 13053 E RegisteredServicesCache: Skipping application component ComponentInfo{com.autonavi.minimap/com.alipay.mobile.aompdevice.nfc.service.TinyAppHostApduService}: it must request the permission android.permission.NFC
08-06 21:13:28.354 13053 13053 I RegisteredServicesCache: current user: 0, is managed profile : false
08-06 21:13:28.356 13053 13053 I RegisteredAidCache: updateRoutingLocked(false): Enter
08-06 21:13:28.356 13053 13053 I AidRoutingManager: configureRouting(false): Enter
08-06 21:13:28.356 13053 13053 E AidRoutingManager: Size of routing table970
08-06 21:13:28.356 13053 13053 I RegisteredAidCache: updateRoutingLocked(false): exit
08-06 21:13:28.357 13053 13053 I libnfc_nci: [INFO:NativeT4tNfcee.cpp(870)] nfcManager_isFwSupportNonStdT4TAid Enter isFwSupport = 1
08-06 21:13:28.357 13053 13053 I libnfc_nci: [INFO:SecureElement.cpp(1487)] SecureElement::getEseHandleFromGenericId: enter; ESE-ID = 0x7F
08-06 21:13:28.357 13053 13053 I libnfc_nci: [INFO:SecureElement.cpp(1528)] SecureElement::getEseHandleFromGenericId: enter; ESE-Handle = 0x410
08-06 21:13:28.357 13053 13053 I libnfc_nci: [INFO:SecureElement.cpp(1487)] SecureElement::getEseHandleFromGenericId: enter; ESE-ID = 0x00
08-06 21:13:28.357 13053 13053 I libnfc_nci: [INFO:SecureElement.cpp(1528)] SecureElement::getEseHandleFromGenericId: enter; ESE-Handle = 0x400
08-06 21:13:28.359  7800 18987 I SecureElement-Terminal-eSE1: isSecureElementPresent()
08-06 21:13:28.359  1774  1774 I android.hardware.secure_element-service.qti: isCardPresent
08-06 21:13:28.359  1774  1774 I android.hardware.secure_element-service.qti: isCardPresent exit, cardPresent: 1
08-06 21:13:28.361  7800 18987 I SecureElement-Terminal-SIM1: isSecureElementPresent()
08-06 21:13:28.362  7800 18987 I SecureElement-Terminal-SIM1: isNfcEventAllowed: No access rules for checking.
08-06 21:13:28.362  7800 18987 I SecureElement-Terminal-SIM2: isSecureElementPresent()
08-06 21:13:28.362  2474  2664 W TextServicesManagerService: no available spell checker services found
08-06 21:13:28.364 13053 13053 I libnfc_nci: [INFO:NativeT4tNfcee.cpp(870)] nfcManager_isFwSupportNonStdT4TAid Enter isFwSupport = 1
08-06 21:13:28.364 13053 13053 I libnfc_nci: [INFO:SecureElement.cpp(1487)] SecureElement::getEseHandleFromGenericId: enter; ESE-ID = 0x7F
08-06 21:13:28.364 13053 13053 I libnfc_nci: [INFO:SecureElement.cpp(1528)] SecureElement::getEseHandleFromGenericId: enter; ESE-Handle = 0x410
08-06 21:13:28.364 13053 13053 I libnfc_nci: [INFO:SecureElement.cpp(1487)] SecureElement::getEseHandleFromGenericId: enter; ESE-ID = 0x00
08-06 21:13:28.364 13053 13053 I libnfc_nci: [INFO:SecureElement.cpp(1528)] SecureElement::getEseHandleFromGenericId: enter; ESE-Handle = 0x400
08-06 21:13:28.365  7800 18987 I SecureElement-Terminal-eSE1: isSecureElementPresent()
08-06 21:13:28.365  1774  1774 I android.hardware.secure_element-service.qti: isCardPresent
08-06 21:13:28.365  1774  1774 I android.hardware.secure_element-service.qti: isCardPresent exit, cardPresent: 1
08-06 21:13:28.367  7800 18987 I SecureElement-Terminal-SIM1: isSecureElementPresent()
08-06 21:13:28.367  7800 18987 I SecureElement-Terminal-SIM1: isNfcEventAllowed: No access rules for checking.
08-06 21:13:28.368  7800 18987 I SecureElement-Terminal-SIM2: isSecureElementPresent()
08-06 21:13:28.368  2474  2664 W EnhancedConfirmationService: The packageName should not be null.
08-06 21:13:28.369  2474  2664 W MagnificationConnectionManager: requestConnection duplicated request: connect=false, mConnectionState=DISCONNECTED
08-06 21:13:28.377 13710 15161 I ThumbnailBlurUtils: loadPrivacyThumbnailBlurMonthly successd{"com.baskinrobbins.app":-1,"com.ss.android.ugc.aweme":27,"com.dashlane":5,"com.musicworx":-1,"com.baidu.BaiduMap":3,"com.google.android.apps.youtube.music":27,"com.google.android.apps.tasks":5,"com.jijia.jjweather":5,"com.netease.newsreader.activity":11,"com.instagram.android":5,"com.microsoft.emmx":5,"com.baidu.searchbox.lite":5,"com.getsurfboard":-1,"com.android.fileexplorer":5,"com.miui.compass":5,"com.microsoft.office.outlook":10,"com.jijia.bqwnl":5,"com.autonavi.minimap":3,"com.miui.calculator":5,"org.secuso.privacyfriendlytodolist":-1,"com.android.contacts":5,"com.xiaomi.scanner":5,"com.miui.securitycenter":5,"com.android.vending":5,"com.yahoo.mobile.client.android.mail":5,"com.einnovation.temu":-1,"com.baidu.searchbox":5,"com.duokan.reader":7,"com.wuba.zhuanzhuan":9,"io.appium.settings":-1,"com.android.chrome":5,"com.xingin.xhs":5,"com.dragon.read":7,"tv.danmaku.bili":27,"com.ebay.mobile":5,"com.miui.gallery":6,"com.UCMobile":5,"todolist.scheduleplanner.dailyplanner.todo.reminders":5,"com.alibaba.aliexpresshd":9,"com.android.email":10,"com.todoist":5,"cool.monkey.android":5,"com.spotify.music":5,"com.xiaomi.market":5,"com.microsoft.todos":10,"com.skysoft.kkbox.android":27,"com.miui.notes":5,"com.smile.gifmaker":27,"com.xiaomi.gamecenter":5,"com.android.browser":5,"com.anydo":5,"de.baumann.browser":-1,"com.suxing.sustream":-1,"com.miui.virtualsim":5,"com.sina.news":11,"com.miui.weather2":5,"com.miui.video":27,"douzifly.list":-1,"com.google.android.documentsui":-1,"com.ss.android.article.news":11,"com.quark.browser":5,"com.android.mms":5,"cn.ninegame.gamemanager":5,"com.kuaishou.nebula":27,"com.android.providers.downloads.ui":5,"com.tencent.android.qqdownloader":5,"com.android.camera":6,"com.google.android.gm":5,"cn.amazon.mShop.android":9,"com.google.android.apps.magazines":5,"com.android.calendar":10,"io.github.ylimit.droidbotapp":-1,"ru.mail.mailapp":5,"com.android.settings":-1,"com.zhuantech.sijiweather":-1,"com.cnn.mobile.android.phone":11,"com.android.soundrecorder":5}
08-06 21:13:28.383 13710 15441 I VideoBoxUtils: isSupportVideoBox: true
08-06 21:13:28.384 13710 15441 W ContextImpl: Calling a method in the system process without a qualified user: android.app.ContextImpl.sendBroadcast:1275 android.content.ContextWrapper.sendBroadcast:527 d7.e.f:24 d7.e.c:0 d7.e$c$a.run:18 
08-06 21:13:28.384  2474 10062 W ActivityManagerServiceImpl: Sending non-protected broadcast com.miui.gamebooster.UNINSTALLAPP from system 13710:com.miui.securitycenter.remote/1000 pkg com.miui.securitycenter. Callers=
08-06 21:13:28.407  2474  4327 I RoleService: Granting default roles...
08-06 21:13:28.417  2474  7382 I SmartPower: com.miui.cleanmaster/10266(17558): background->idle(3001ms) R(service create com.miui.cleanmaster/com.miui.optimizecenter.service.CleanMasterService) adj=905.
08-06 21:13:28.420  2474  7382 I SmartPower: com.android.packageinstaller/10097(18840): background->idle(3001ms) R(broadcast end Intent { act=android.intent.action.PACKAGE_ADDED dat=package: flg=0x5000010 pkg=com.android.packageinstaller (has extras) }) adj=905.
08-06 21:13:28.440  2474  7683 E RoleControllerServiceImpl: Default/fallback role holder package doesn't qualify for the role, package: com.android.devicelockcontroller, role: android.app.role.SYSTEM_FINANCED_DEVICE_CONTROLLER
08-06 21:13:28.489 14191 14249 I iui.powerkeeper: This is non sticky GC, maxfree is 16777216 minfree is 8388608
08-06 21:13:28.503  1843  3496 I vendor.qti.hardware.display.composer-service: Sensor: notify citsensorservice to trigger cwb, misForced = 0
08-06 21:13:28.504  3050  4554 I libsensor-parseRGB: request dump start for mRequestDisplayId 0
08-06 21:13:28.513  2474  2635 I system_server: This is non sticky GC, maxfree is 16777216 minfree is 8388608
08-06 21:13:28.513  3086  3086 I adbd    : in ShellService: ps
08-06 21:13:28.513  2474  2635 I system_server: Background concurrent copying GC freed 37MB AllocSpace bytes, 94(2160KB) LOS objects, 34% free, 91MB/139MB, paused 80us,153us total 257.883ms
08-06 21:13:28.518  2474  2638 W System  : A resource failed to call close. 
08-06 21:13:28.526  3050 25119 E libsensor-parseRGB: CWB NotifyCWBBufferDone  error 0
08-06 21:13:28.548  2474  7382 I SmartPower: com.miui.systemAdSolution/10168(17757): background->idle(3001ms) R(broadcast start Intent { act=android.intent.action.PACKAGE_ADDED dat=package: flg=0x4000010 (has extras) }) adj=100.
08-06 21:13:28.555  2474  7382 I SmartPower: com.android.browser/10134(9561): background->idle(3008ms) R(broadcast start Intent { act=miui.intent.action.PACKAGE_FIRST_LAUNCH flg=0x1000010 (has extras) }) adj=915.
08-06 21:13:28.608 11128  1844 W Conscrypt: Could not set socket write timeout: java.net.SocketException: Socket closed
08-06 21:13:28.608 11128  1844 W Conscrypt: 	at com.google.android.gms.org.conscrypt.Platform.setSocketWriteTimeout(:com.google.android.gms@253031035@25.30.31 (260400-786424874):204)
08-06 21:13:28.608 11128  1844 W Conscrypt: 	at com.google.android.gms.org.conscrypt.ConscryptFileDescriptorSocket.setSoWriteTimeout(:com.google.android.gms@253031035@25.30.31 (260400-786424874):4)
08-06 21:13:28.633 16677 16707 I om.getsurfboard: This is sticky GC, maxfree is 16777216 minfree is 8388608
08-06 21:13:28.690  1843  2051 I SDM     : DisplayBase::CommitThread: Received idle timeout, panel: cmd, timeout: 70000 us
08-06 21:13:28.727  1843  2428 I SDM     : HWCDisplay::SetActiveConfigWithConstraints: display:66-0, config: 1, WxH 1200x2670, fps 120
08-06 21:13:28.728  1843  2428 W SDM     : HWDeviceDRM::GetSupportedBitClkRate: Requested rate not supported: 1150000000
08-06 21:13:28.728  1843  2428 I SDM     : HWDeviceDRM::UpdateMixerAttributes: Mixer WxH 1200x2670-1 for Peripheral
08-06 21:13:28.729  1843  2428 I SDM     : HWCDisplay::SubmitDisplayConfig: Active configuration changed from config 3 to 1
08-06 21:13:28.729  1843  2428 I SDM     : HWCDisplay::SubmitDisplayConfig: Active WxH 1200x2670 ,ddic_mode:idle, timing_fps: 120, sf_fps: 120
08-06 21:13:28.733  1843  3496 I vendor.qti.hardware.display.composer-service: Sensor: notify citsensorservice to trigger cwb, misForced = 0
08-06 21:13:28.733  3050  4554 I libsensor-parseRGB: request dump start for mRequestDisplayId 0
08-06 21:13:28.751  3050  4604 E libsensor-parseRGB: CWB NotifyCWBBufferDone  error 0
08-06 21:13:28.766 14191 14606 W WakelockManagerService: uid: 1000 is unblock state
08-06 21:13:28.767 14191 14606 W WakelockManagerService: uid: 1001 is unblock state
08-06 21:13:28.767 14191 14606 W WakelockManagerService: uid: 1002 is unblock state
08-06 21:13:28.767 14191 14606 W WakelockManagerService: uid: 1027 is unblock state
08-06 21:13:28.767 14191 14606 W WakelockManagerService: uid: 1068 is unblock state
08-06 21:13:28.767 14191 14606 W WakelockManagerService: uid: 1073 is unblock state
08-06 21:13:28.767 14191 14606 W WakelockManagerService: uid: 2000 is unblock state
08-06 21:13:28.767 14191 14606 W WakelockManagerService: uid: 6100 is unblock state
08-06 21:13:28.767 14191 14606 W WakelockManagerService: uid: 6101 is unblock state
08-06 21:13:28.767 14191 14606 W WakelockManagerService: uid: 6102 is unblock state
08-06 21:13:28.767 14191 14606 W WakelockManagerService: uid: 6110 is unblock state
08-06 21:13:28.767 14191 14606 W WakelockManagerService: uid: 6120 is unblock state
08-06 21:13:28.767 14191 14606 W WakelockManagerService: uid: 10000 is unblock state
08-06 21:13:28.767 14191 14606 W WakelockManagerService: uid: 10001 is unblock state
08-06 21:13:28.767 14191 14606 W WakelockManagerService: uid: 10002 is unblock state
08-06 21:13:28.767 14191 14606 W WakelockManagerService: uid: 10003 is unblock state
08-06 21:13:28.767 14191 14606 W WakelockManagerService: uid: 10004 is unblock state
08-06 21:13:28.767 14191 14606 W WakelockManagerService: uid: 10005 is unblock state
08-06 21:13:28.767 14191 14606 W WakelockManagerService: uid: 10006 is unblock state
08-06 21:13:28.767 14191 14606 W WakelockManagerService: uid: 10007 is unblock state
08-06 21:13:28.767 14191 14606 W WakelockManagerService: uid: 10008 is unblock state
08-06 21:13:28.767 14191 14606 W WakelockManagerService: uid: 10009 is unblock state
08-06 21:13:28.767 14191 14606 W WakelockManagerService: uid: 10010 is unblock state
08-06 21:13:28.767 14191 14606 W WakelockManagerService: uid: 10011 is unblock state
08-06 21:13:28.767 14191 14606 W WakelockManagerService: uid: 10012 is unblock state
08-06 21:13:28.767 14191 14606 W WakelockManagerService: uid: 10013 is unblock state
08-06 21:13:28.767 14191 14606 W WakelockManagerService: uid: 10014 is unblock state
08-06 21:13:28.767 14191 14606 W WakelockManagerService: uid: 10015 is unblock state
08-06 21:13:28.767 14191 14606 W WakelockManagerService: uid: 10016 is unblock state
08-06 21:13:28.767 14191 14606 W WakelockManagerService: uid: 10017 is unblock state
08-06 21:13:28.767 14191 14606 W WakelockManagerService: uid: 10018 is unblock state
08-06 21:13:28.767 14191 14606 W WakelockManagerService: uid: 10019 is unblock state
08-06 21:13:28.767 14191 14606 W WakelockManagerService: uid: 10020 is unblock state
08-06 21:13:28.767 14191 14606 W WakelockManagerService: uid: 10021 is unblock state
08-06 21:13:28.767 14191 14606 W WakelockManagerService: uid: 10022 is unblock state
08-06 21:13:28.767 14191 14606 W WakelockManagerService: uid: 10023 is unblock state
08-06 21:13:28.767 14191 14606 W WakelockManagerService: uid: 10024 is unblock state
08-06 21:13:28.767 14191 14606 W WakelockManagerService: uid: 10025 is unblock state
08-06 21:13:28.767 14191 14606 W WakelockManagerService: uid: 10026 is unblock state
08-06 21:13:28.767 14191 14606 W WakelockManagerService: uid: 10027 is unblock state
08-06 21:13:28.767 14191 14606 W WakelockManagerService: uid: 10028 is unblock state
08-06 21:13:28.767 14191 14606 W WakelockManagerService: uid: 10029 is unblock state
08-06 21:13:28.767 14191 14606 W WakelockManagerService: uid: 10030 is unblock state
08-06 21:13:28.767 14191 14606 W WakelockManagerService: uid: 10031 is unblock state
08-06 21:13:28.767 14191 14606 W WakelockManagerService: uid: 10032 is unblock state
08-06 21:13:28.767 14191 14606 W WakelockManagerService: uid: 10033 is unblock state
08-06 21:13:28.767 14191 14606 W WakelockManagerService: uid: 10034 is unblock state
08-06 21:13:28.767 14191 14606 W WakelockManagerService: uid: 10035 is unblock state
08-06 21:13:28.767 14191 14606 W WakelockManagerService: uid: 10036 is unblock state
08-06 21:13:28.767 14191 14606 W WakelockManagerService: uid: 10037 is unblock state
08-06 21:13:28.767 14191 14606 W WakelockManagerService: uid: 10038 is unblock state
08-06 21:13:28.767 14191 14606 W WakelockManagerService: uid: 10039 is unblock state
08-06 21:13:28.767 14191 14606 W WakelockManagerService: uid: 10040 is unblock state
08-06 21:13:28.767 14191 14606 W WakelockManagerService: uid: 10041 is unblock state
08-06 21:13:28.767 14191 14606 W WakelockManagerService: uid: 10042 is unblock state
08-06 21:13:28.767 14191 14606 W WakelockManagerService: uid: 10043 is unblock state
08-06 21:13:28.767 14191 14606 W WakelockManagerService: uid: 10044 is unblock state
08-06 21:13:28.767 14191 14606 W WakelockManagerService: uid: 10045 is unblock state
08-06 21:13:28.767 14191 14606 W WakelockManagerService: uid: 10046 is unblock state
08-06 21:13:28.767 14191 14606 W WakelockManagerService: uid: 10047 is unblock state
08-06 21:13:28.767 14191 14606 W WakelockManagerService: uid: 10048 is unblock state
08-06 21:13:28.767 14191 14606 W WakelockManagerService: uid: 10049 is unblock state
08-06 21:13:28.767 14191 14606 W WakelockManagerService: uid: 10050 is unblock state
08-06 21:13:28.767 14191 14606 W WakelockManagerService: uid: 10051 is unblock state
08-06 21:13:28.767 14191 14606 W WakelockManagerService: uid: 10052 is unblock state
08-06 21:13:28.767 17757 17834 I Ad      : isPersonalizedAdEnabled getAdSettings: 1
08-06 21:13:28.767 14191 14606 W WakelockManagerService: uid: 10053 is unblock state
08-06 21:13:28.767 14191 14606 W WakelockManagerService: uid: 10054 is unblock state
08-06 21:13:28.767 14191 14606 W WakelockManagerService: uid: 10055 is unblock state
08-06 21:13:28.767 14191 14606 W WakelockManagerService: uid: 10056 is unblock state
08-06 21:13:28.767 14191 14606 W WakelockManagerService: uid: 10057 is unblock state
08-06 21:13:28.767 14191 14606 W WakelockManagerService: uid: 10058 is unblock state
08-06 21:13:28.767 14191 14606 W WakelockManagerService: uid: 10059 is unblock state
08-06 21:13:28.767 14191 14606 W WakelockManagerService: uid: 10060 is unblock state
08-06 21:13:28.767 14191 14606 W WakelockManagerService: uid: 10061 is unblock state
08-06 21:13:28.767 14191 14606 W WakelockManagerService: uid: 10062 is unblock state
08-06 21:13:28.767 14191 14606 W WakelockManagerService: uid: 10063 is unblock state
08-06 21:13:28.767 14191 14606 W WakelockManagerService: uid: 10064 is unblock state
08-06 21:13:28.767 14191 14606 W WakelockManagerService: uid: 10065 is unblock state
08-06 21:13:28.767 14191 14606 W WakelockManagerService: uid: 10066 is unblock state
08-06 21:13:28.767 14191 14606 W WakelockManagerService: uid: 10067 is unblock state
08-06 21:13:28.767 14191 14606 W WakelockManagerService: uid: 10068 is unblock state
08-06 21:13:28.767 14191 14606 W WakelockManagerService: uid: 10069 is unblock state
08-06 21:13:28.767 14191 14606 W WakelockManagerService: uid: 10070 is unblock state
08-06 21:13:28.767 14191 14606 W WakelockManagerService: uid: 10071 is unblock state
08-06 21:13:28.767 14191 14606 W WakelockManagerService: uid: 10072 is unblock state
08-06 21:13:28.767 14191 14606 W WakelockManagerService: uid: 10073 is unblock state
08-06 21:13:28.767 14191 14606 W WakelockManagerService: uid: 10074 is unblock state
08-06 21:13:28.767 14191 14606 W WakelockManagerService: uid: 10075 is unblock state
08-06 21:13:28.767 14191 14606 W WakelockManagerService: uid: 10076 is unblock state
08-06 21:13:28.767 14191 14606 W WakelockManagerService: uid: 10077 is unblock state
08-06 21:13:28.767 14191 14606 W WakelockManagerService: uid: 10078 is unblock state
08-06 21:13:28.767 14191 14606 W WakelockManagerService: uid: 10079 is unblock state
08-06 21:13:28.767 14191 14606 W WakelockManagerService: uid: 10080 is unblock state
08-06 21:13:28.767 14191 14606 W WakelockManagerService: uid: 10081 is unblock state
08-06 21:13:28.767 14191 14606 W WakelockManagerService: uid: 10082 is unblock state
08-06 21:13:28.767 14191 14606 W WakelockManagerService: uid: 10083 is unblock state
08-06 21:13:28.767 14191 14606 W WakelockManagerService: uid: 10084 is unblock state
08-06 21:13:28.767 14191 14606 W WakelockManagerService: uid: 10085 is unblock state
08-06 21:13:28.767 14191 14606 W WakelockManagerService: uid: 10086 is unblock state
08-06 21:13:28.767 14191 14606 W WakelockManagerService: uid: 10087 is unblock state
08-06 21:13:28.768 14191 14606 W WakelockManagerService: uid: 10088 is unblock state
08-06 21:13:28.768 14191 14606 W WakelockManagerService: uid: 10089 is unblock state
08-06 21:13:28.768 14191 14606 W WakelockManagerService: uid: 10090 is unblock state
08-06 21:13:28.768 14191 14606 W WakelockManagerService: uid: 10091 is unblock state
08-06 21:13:28.768 14191 14606 W WakelockManagerService: uid: 10092 is unblock state
08-06 21:13:28.768 14191 14606 W WakelockManagerService: uid: 10093 is unblock state
08-06 21:13:28.768 14191 14606 W WakelockManagerService: uid: 10094 is unblock state
08-06 21:13:28.768 14191 14606 W WakelockManagerService: uid: 10095 is unblock state
08-06 21:13:28.768 14191 14606 W WakelockManagerService: uid: 10096 is unblock state
08-06 21:13:28.768 14191 14606 W WakelockManagerService: uid: 10097 is unblock state
08-06 21:13:28.768 14191 14606 W WakelockManagerService: uid: 10098 is unblock state
08-06 21:13:28.768 14191 14606 W WakelockManagerService: uid: 10099 is unblock state
08-06 21:13:28.768 14191 14606 W WakelockManagerService: uid: 10100 is unblock state
08-06 21:13:28.768 14191 14606 W WakelockManagerService: uid: 10101 is unblock state
08-06 21:13:28.768 14191 14606 W WakelockManagerService: uid: 10102 is unblock state
08-06 21:13:28.768 14191 14606 W WakelockManagerService: uid: 10103 is unblock state
08-06 21:13:28.768 14191 14606 W WakelockManagerService: uid: 10104 is unblock state
08-06 21:13:28.768 14191 14606 W WakelockManagerService: uid: 10105 is unblock state
08-06 21:13:28.768 14191 14606 W WakelockManagerService: uid: 10106 is unblock state
08-06 21:13:28.768 14191 14606 W WakelockManagerService: uid: 10107 is unblock state
08-06 21:13:28.768 14191 14606 W WakelockManagerService: uid: 10108 is unblock state
08-06 21:13:28.768 14191 14606 W WakelockManagerService: uid: 10109 is unblock state
08-06 21:13:28.768 14191 14606 W WakelockManagerService: uid: 10110 is unblock state
08-06 21:13:28.768 14191 14606 W WakelockManagerService: uid: 10111 is unblock state
08-06 21:13:28.768 14191 14606 W WakelockManagerService: uid: 10112 is unblock state
08-06 21:13:28.768 14191 14606 W WakelockManagerService: uid: 10113 is unblock state
08-06 21:13:28.768 14191 14606 W WakelockManagerService: uid: 10114 is unblock state
08-06 21:13:28.768 14191 14606 W WakelockManagerService: uid: 10115 is unblock state
08-06 21:13:28.768 14191 14606 W WakelockManagerService: uid: 10116 is unblock state
08-06 21:13:28.768 14191 14606 W WakelockManagerService: uid: 10117 is unblock state
08-06 21:13:28.768 14191 14606 W WakelockManagerService: uid: 10118 is unblock state
08-06 21:13:28.768 14191 14606 W WakelockManagerService: uid: 10119 is unblock state
08-06 21:13:28.768 14191 14606 W WakelockManagerService: uid: 10120 is unblock state
08-06 21:13:28.768 14191 14606 W WakelockManagerService: uid: 10121 is unblock state
08-06 21:13:28.768 14191 14606 W WakelockManagerService: uid: 10122 is unblock state
08-06 21:13:28.768 14191 14606 W WakelockManagerService: uid: 10123 is unblock state
08-06 21:13:28.768 14191 14606 W WakelockManagerService: uid: 10124 is unblock state
08-06 21:13:28.768 14191 14606 W WakelockManagerService: uid: 10125 is unblock state
08-06 21:13:28.768 14191 14606 W WakelockManagerService: uid: 10126 is unblock state
08-06 21:13:28.768 14191 14606 W WakelockManagerService: uid: 10127 is unblock state
08-06 21:13:28.768 14191 14606 W WakelockManagerService: uid: 10128 is unblock state
08-06 21:13:28.768 14191 14606 W WakelockManagerService: uid: 10129 is unblock state
08-06 21:13:28.768 14191 14606 W WakelockManagerService: uid: 10130 is unblock state
08-06 21:13:28.768 14191 14606 W WakelockManagerService: uid: 10131 is unblock state
08-06 21:13:28.768 14191 14606 W WakelockManagerService: uid: 10132 is unblock state
08-06 21:13:28.768 14191 14606 W WakelockManagerService: uid: 10134 is unblock state
08-06 21:13:28.768 14191 14606 W WakelockManagerService: uid: 10135 is unblock state
08-06 21:13:28.768 14191 14606 W WakelockManagerService: uid: 10136 is unblock state
08-06 21:13:28.768 14191 14606 W WakelockManagerService: uid: 10137 is unblock state
08-06 21:13:28.768 14191 14606 W WakelockManagerService: uid: 10138 is unblock state
08-06 21:13:28.768 14191 14606 W WakelockManagerService: uid: 10139 is unblock state
08-06 21:13:28.768 14191 14606 W WakelockManagerService: uid: 10140 is unblock state
08-06 21:13:28.768 14191 14606 W WakelockManagerService: uid: 10141 is unblock state
08-06 21:13:28.768 14191 14606 W WakelockManagerService: uid: 10142 is unblock state
08-06 21:13:28.768 14191 14606 W WakelockManagerService: uid: 10143 is unblock state
08-06 21:13:28.768 14191 14606 W WakelockManagerService: uid: 10144 is unblock state
08-06 21:13:28.768 14191 14606 W WakelockManagerService: uid: 10145 is unblock state
08-06 21:13:28.768 14191 14606 W WakelockManagerService: uid: 10146 is unblock state
08-06 21:13:28.768 14191 14606 W WakelockManagerService: uid: 10147 is unblock state
08-06 21:13:28.768 14191 14606 W WakelockManagerService: uid: 10148 is unblock state
08-06 21:13:28.768 14191 14606 W WakelockManagerService: uid: 10149 is unblock state
08-06 21:13:28.768 14191 14606 W WakelockManagerService: uid: 10150 is unblock state
08-06 21:13:28.768 14191 14606 W WakelockManagerService: uid: 10151 is unblock state
08-06 21:13:28.768 14191 14606 W WakelockManagerService: uid: 10152 is unblock state
08-06 21:13:28.768 14191 14606 W WakelockManagerService: uid: 10153 is unblock state
08-06 21:13:28.768 14191 14606 W WakelockManagerService: uid: 10154 is unblock state
08-06 21:13:28.768 14191 14606 W WakelockManagerService: uid: 10155 is unblock state
08-06 21:13:28.768 14191 14606 W WakelockManagerService: uid: 10156 is unblock state
08-06 21:13:28.768 14191 14606 W WakelockManagerService: uid: 10157 is unblock state
08-06 21:13:28.768 14191 14606 W WakelockManagerService: uid: 10158 is unblock state
08-06 21:13:28.768 14191 14606 W WakelockManagerService: uid: 10159 is unblock state
08-06 21:13:28.768 14191 14606 W WakelockManagerService: uid: 10160 is unblock state
08-06 21:13:28.768 14191 14606 W WakelockManagerService: uid: 10161 is unblock state
08-06 21:13:28.768 14191 14606 W WakelockManagerService: uid: 10162 is unblock state
08-06 21:13:28.768 14191 14606 W WakelockManagerService: uid: 10163 is unblock state
